[2025-10-13T18:15:00.598-0700][1086][info][gc,init] CardTable entry size: 512
[2025-10-13T18:15:00.598-0700][1086][debug][gc,remset] Card Set container configuration: InlinePtr #cards 3 size 8 Array Of Cards #cards 256 size 528 Howl #buckets 8 coarsen threshold 58982 Howl Bitmap #cards 8192 size 1040 coarsen threshold 7372 Card regions per heap region 1 cards per card region 65536
[2025-10-13T18:15:00.598-0700][1086][info ][gc       ] Using G1
[2025-10-13T18:15:05.882-0700][1086][info ][gc,init  ] Version: 21.0.2-internal-adhoc.leochashnikov.labs-openjdk-21 (release)
[2025-10-13T18:15:05.882-0700][1086][info ][gc,init  ] CPUs: 176 total, 176 available
[2025-10-13T18:15:05.882-0700][1086][info ][gc,init  ] Memory: 251G
[2025-10-13T18:15:05.882-0700][1086][info ][gc,init  ] Large Page Support: Disabled
[2025-10-13T18:15:05.882-0700][1086][info ][gc,init  ] NUMA Support: Disabled
[2025-10-13T18:15:05.882-0700][1086][info ][gc,init  ] Compressed Oops: Disabled
[2025-10-13T18:15:05.882-0700][1086][info ][gc,init  ] Heap Region Size: 32M
[2025-10-13T18:15:05.882-0700][1086][info ][gc,init  ] Heap Min Capacity: 180G
[2025-10-13T18:15:05.882-0700][1086][info ][gc,init  ] Heap Initial Capacity: 180G
[2025-10-13T18:15:05.882-0700][1086][info ][gc,init  ] Heap Max Capacity: 180G
[2025-10-13T18:15:05.882-0700][1086][info ][gc,init  ] Pre-touch: Enabled
[2025-10-13T18:15:05.882-0700][1086][info ][gc,init  ] Parallel Workers: 113
[2025-10-13T18:15:05.882-0700][1086][info ][gc,init  ] Concurrent Workers: 36
[2025-10-13T18:15:05.882-0700][1086][info ][gc,init  ] Concurrent Refinement Workers: 113
[2025-10-13T18:15:05.882-0700][1086][info ][gc,init  ] Periodic GC: Disabled
[2025-10-13T18:15:05.882-0700][1086][info ][gc,metaspace] CDS archive(s) not mapped
[2025-10-13T18:15:05.882-0700][1086][info ][gc,metaspace] Compressed class space mapped at: 0x0000000080000000-0x00000000c0000000, reserved size: 1073741824
[2025-10-13T18:15:05.882-0700][1086][info ][gc,metaspace] Narrow klass base: 0x0000000000000000, Narrow klass shift: 0, Narrow klass range: 0xc0000000
[2025-10-13T18:15:06.165-0700][1256][info ][safepoint   ] Safepoint "ICBufferFull", Time since last: 263764090 ns, Reaching safepoint: 68955 ns, Cleanup: 149576 ns, At safepoint: 3566 ns, Total: 222097 ns
[2025-10-13T18:15:06.231-0700][1256][info ][gc,start    ] GC(0) Pause Young (Concurrent Start) (Metadata GC Threshold)
[2025-10-13T18:15:06.231-0700][1256][info ][gc,task     ] GC(0) Using 113 workers of 113 for evacuation
[2025-10-13T18:15:06.233-0700][1256][debug][gc,remset   ] GC(0) Visited cards 0 Total dirty 0 (0.00%) Total old 524288 (0.00%)
[2025-10-13T18:15:06.240-0700][1256][info ][gc,phases   ] GC(0)   Pre Evacuate Collection Set: 0.7ms
[2025-10-13T18:15:06.240-0700][1256][info ][gc,phases   ] GC(0)   Merge Heap Roots: 1.2ms
[2025-10-13T18:15:06.240-0700][1256][info ][gc,phases   ] GC(0)   Evacuate Collection Set: 5.5ms
[2025-10-13T18:15:06.240-0700][1256][info ][gc,phases   ] GC(0)   Post Evacuate Collection Set: 1.8ms
[2025-10-13T18:15:06.240-0700][1256][info ][gc,phases   ] GC(0)   Other: 0.1ms
[2025-10-13T18:15:06.240-0700][1256][debug][gc,remset   ] GC(0) Coarsening (recent): Inline->AoC 0 (0) AoC->Howl 0 (0) Howl->Full 0 (0) Inline->AoC 0 (0) AoC->BitMap 0 (0) BitMap->Full 0 (0) 
[2025-10-13T18:15:06.240-0700][1256][debug][gc,remset   ] GC(0) Coarsening (all): Inline->AoC 0 (0) AoC->Howl 0 (0) Howl->Full 0 (0) Inline->AoC 0 (0) AoC->BitMap 0 (0) BitMap->Full 0 (0) 
[2025-10-13T18:15:06.240-0700][1256][info ][gc,heap     ] GC(0) Eden regions: 4->0(287)
[2025-10-13T18:15:06.240-0700][1256][info ][gc,heap     ] GC(0) Survivor regions: 0->1(36)
[2025-10-13T18:15:06.240-0700][1256][info ][gc,heap     ] GC(0) Old regions: 0->0
[2025-10-13T18:15:06.240-0700][1256][info ][gc,heap     ] GC(0) Humongous regions: 0->0
[2025-10-13T18:15:06.240-0700][1256][info ][gc,metaspace] GC(0) Metaspace: 21339K(21504K)->21339K(21504K) NonClass: 19086K(19200K)->19086K(19200K) Class: 2252K(2304K)->2252K(2304K)
[2025-10-13T18:15:06.240-0700][1256][info ][gc          ] GC(0) Pause Young (Concurrent Start) (Metadata GC Threshold) 128M->15M(184320M) 9.629ms
[2025-10-13T18:15:06.241-0700][1089][info ][gc          ] GC(1) Concurrent Mark Cycle
[2025-10-13T18:15:06.241-0700][1256][info ][gc,cpu      ] GC(0) User=0.22s Sys=0.29s Real=0.01s
[2025-10-13T18:15:06.241-0700][1089][info ][gc,marking  ] GC(1) Concurrent Scan Root Regions
[2025-10-13T18:15:06.241-0700][1256][info ][safepoint   ] Safepoint "CollectForMetadataAllocation", Time since last: 66100316 ns, Reaching safepoint: 68244 ns, Cleanup: 59349 ns, At safepoint: 9802299 ns, Total: 9929892 ns
[2025-10-13T18:15:06.243-0700][1089][info ][gc,marking  ] GC(1) Concurrent Scan Root Regions 2.460ms
[2025-10-13T18:15:06.243-0700][1089][info ][gc,marking  ] GC(1) Concurrent Mark
[2025-10-13T18:15:06.243-0700][1089][info ][gc,marking  ] GC(1) Concurrent Mark From Roots
[2025-10-13T18:15:06.245-0700][1089][info ][gc,task     ] GC(1) Using 36 workers of 36 for marking
[2025-10-13T18:15:06.248-0700][1256][info ][safepoint   ] Safepoint "CollectForMetadataAllocation", Time since last: 6914253 ns, Reaching safepoint: 119962 ns, Cleanup: 11928 ns, At safepoint: 73231 ns, Total: 205121 ns
[2025-10-13T18:15:06.249-0700][1089][info ][gc,marking  ] GC(1) Concurrent Mark From Roots 6.065ms
[2025-10-13T18:15:06.249-0700][1089][info ][gc,marking  ] GC(1) Concurrent Preclean
[2025-10-13T18:15:06.249-0700][1089][info ][gc,marking  ] GC(1) Concurrent Preclean 0.011ms
[2025-10-13T18:15:06.249-0700][1256][info ][gc,start    ] GC(1) Pause Remark
[2025-10-13T18:15:06.251-0700][1256][info ][gc          ] GC(1) Pause Remark 79M->79M(184320M) 1.843ms
[2025-10-13T18:15:06.251-0700][1256][info ][gc,cpu      ] GC(1) User=0.00s Sys=0.06s Real=0.01s
[2025-10-13T18:15:06.251-0700][1256][info ][safepoint   ] Safepoint "G1PauseRemark", Time since last: 1428984 ns, Reaching safepoint: 37557 ns, Cleanup: 671 ns, At safepoint: 1886057 ns, Total: 1924285 ns
[2025-10-13T18:15:06.251-0700][1089][info ][gc,marking  ] GC(1) Concurrent Mark 8.055ms
[2025-10-13T18:15:06.251-0700][1089][info ][gc,marking  ] GC(1) Concurrent Rebuild Remembered Sets and Scrub Regions
[2025-10-13T18:15:06.251-0700][1089][info ][gc,marking  ] GC(1) Concurrent Rebuild Remembered Sets and Scrub Regions 0.137ms
[2025-10-13T18:15:06.251-0700][1256][info ][gc,start    ] GC(1) Pause Cleanup
[2025-10-13T18:15:06.251-0700][1256][info ][gc          ] GC(1) Pause Cleanup 79M->79M(184320M) 0.009ms
[2025-10-13T18:15:06.251-0700][1256][info ][gc,cpu      ] GC(1) User=0.00s Sys=0.00s Real=0.00s
[2025-10-13T18:15:06.251-0700][1256][info ][safepoint   ] Safepoint "G1PauseCleanup", Time since last: 172582 ns, Reaching safepoint: 65038 ns, Cleanup: 861 ns, At safepoint: 23416 ns, Total: 89315 ns
[2025-10-13T18:15:06.251-0700][1089][info ][gc,marking  ] GC(1) Concurrent Clear Claimed Marks
[2025-10-13T18:15:06.251-0700][1089][info ][gc,marking  ] GC(1) Concurrent Clear Claimed Marks 0.015ms
[2025-10-13T18:15:06.251-0700][1089][info ][gc,marking  ] GC(1) Concurrent Cleanup for Next Mark
[2025-10-13T18:15:06.276-0700][1089][info ][gc,marking  ] GC(1) Concurrent Cleanup for Next Mark 24.568ms
[2025-10-13T18:15:06.276-0700][1089][info ][gc          ] GC(1) Concurrent Mark Cycle 35.462ms
[2025-10-13T18:15:06.461-0700][1256][info ][safepoint   ] Safepoint "ICBufferFull", Time since last: 209556128 ns, Reaching safepoint: 70497 ns, Cleanup: 181415 ns, At safepoint: 4056 ns, Total: 255968 ns
[2025-10-13T18:15:06.547-0700][1256][info ][gc,start    ] GC(2) Pause Young (Concurrent Start) (Metadata GC Threshold)
[2025-10-13T18:15:06.547-0700][1256][info ][gc,task     ] GC(2) Using 113 workers of 113 for evacuation
[2025-10-13T18:15:06.548-0700][1256][debug][gc,remset   ] GC(2) Visited cards 0 Total dirty 0 (0.00%) Total old 655360 (0.00%)
[2025-10-13T18:15:06.557-0700][1256][info ][gc,phases   ] GC(2)   Pre Evacuate Collection Set: 0.7ms
[2025-10-13T18:15:06.557-0700][1256][info ][gc,phases   ] GC(2)   Merge Heap Roots: 0.8ms
[2025-10-13T18:15:06.557-0700][1256][info ][gc,phases   ] GC(2)   Evacuate Collection Set: 7.1ms
[2025-10-13T18:15:06.557-0700][1256][info ][gc,phases   ] GC(2)   Post Evacuate Collection Set: 1.6ms
[2025-10-13T18:15:06.557-0700][1256][info ][gc,phases   ] GC(2)   Other: 0.2ms
[2025-10-13T18:15:06.557-0700][1256][debug][gc,remset   ] GC(2) Coarsening (recent): Inline->AoC 0 (0) AoC->Howl 0 (0) Howl->Full 0 (0) Inline->AoC 0 (0) AoC->BitMap 0 (0) BitMap->Full 0 (0) 
[2025-10-13T18:15:06.557-0700][1256][debug][gc,remset   ] GC(2) Coarsening (all): Inline->AoC 0 (0) AoC->Howl 0 (0) Howl->Full 0 (0) Inline->AoC 0 (0) AoC->BitMap 0 (0) BitMap->Full 0 (0) 
[2025-10-13T18:15:06.557-0700][1256][info ][gc,heap     ] GC(2) Eden regions: 4->0(287)
[2025-10-13T18:15:06.557-0700][1256][info ][gc,heap     ] GC(2) Survivor regions: 1->1(36)
[2025-10-13T18:15:06.557-0700][1256][info ][gc,heap     ] GC(2) Old regions: 0->0
[2025-10-13T18:15:06.557-0700][1256][info ][gc,heap     ] GC(2) Humongous regions: 0->0
[2025-10-13T18:15:06.557-0700][1256][info ][gc,metaspace] GC(2) Metaspace: 36259K(36480K)->36259K(36480K) NonClass: 32219K(32320K)->32219K(32320K) Class: 4040K(4160K)->4040K(4160K)
[2025-10-13T18:15:06.557-0700][1256][info ][gc          ] GC(2) Pause Young (Concurrent Start) (Metadata GC Threshold) 127M->23M(184320M) 10.489ms
[2025-10-13T18:15:06.557-0700][1089][info ][gc          ] GC(3) Concurrent Mark Cycle
[2025-10-13T18:15:06.557-0700][1256][info ][gc,cpu      ] GC(2) User=0.38s Sys=0.22s Real=0.01s
[2025-10-13T18:15:06.557-0700][1089][info ][gc,marking  ] GC(3) Concurrent Scan Root Regions
[2025-10-13T18:15:06.557-0700][1256][info ][safepoint   ] Safepoint "CollectForMetadataAllocation", Time since last: 84971672 ns, Reaching safepoint: 506357 ns, Cleanup: 59480 ns, At safepoint: 10654128 ns, Total: 11219965 ns
[2025-10-13T18:15:06.562-0700][1089][info ][gc,marking  ] GC(3) Concurrent Scan Root Regions 4.791ms
[2025-10-13T18:15:06.562-0700][1089][info ][gc,marking  ] GC(3) Concurrent Mark
[2025-10-13T18:15:06.562-0700][1089][info ][gc,marking  ] GC(3) Concurrent Mark From Roots
[2025-10-13T18:15:06.562-0700][1089][info ][gc,task     ] GC(3) Using 36 workers of 36 for marking
[2025-10-13T18:15:06.566-0700][1089][info ][gc,marking  ] GC(3) Concurrent Mark From Roots 3.926ms
[2025-10-13T18:15:06.566-0700][1089][info ][gc,marking  ] GC(3) Concurrent Preclean
[2025-10-13T18:15:06.566-0700][1089][info ][gc,marking  ] GC(3) Concurrent Preclean 0.009ms
[2025-10-13T18:15:06.566-0700][1256][info ][gc,start    ] GC(3) Pause Remark
[2025-10-13T18:15:06.568-0700][1256][info ][gc          ] GC(3) Pause Remark 87M->87M(184320M) 2.045ms
[2025-10-13T18:15:06.568-0700][1256][info ][gc,cpu      ] GC(3) User=0.00s Sys=0.08s Real=0.00s
[2025-10-13T18:15:06.568-0700][1256][info ][safepoint   ] Safepoint "G1PauseRemark", Time since last: 8744827 ns, Reaching safepoint: 67682 ns, Cleanup: 13120 ns, At safepoint: 2103577 ns, Total: 2184379 ns
[2025-10-13T18:15:06.568-0700][1089][info ][gc,marking  ] GC(3) Concurrent Mark 6.176ms
[2025-10-13T18:15:06.568-0700][1089][info ][gc,marking  ] GC(3) Concurrent Rebuild Remembered Sets and Scrub Regions
[2025-10-13T18:15:06.568-0700][1089][info ][gc,marking  ] GC(3) Concurrent Rebuild Remembered Sets and Scrub Regions 0.102ms
[2025-10-13T18:15:06.568-0700][1256][info ][gc,start    ] GC(3) Pause Cleanup
[2025-10-13T18:15:06.569-0700][1256][info ][gc          ] GC(3) Pause Cleanup 87M->87M(184320M) 0.019ms
[2025-10-13T18:15:06.569-0700][1256][info ][gc,cpu      ] GC(3) User=0.00s Sys=0.00s Real=0.00s
[2025-10-13T18:15:06.569-0700][1256][info ][safepoint   ] Safepoint "G1PauseCleanup", Time since last: 139130 ns, Reaching safepoint: 65850 ns, Cleanup: 2213 ns, At safepoint: 44989 ns, Total: 113052 ns
[2025-10-13T18:15:06.569-0700][1089][info ][gc,marking  ] GC(3) Concurrent Clear Claimed Marks
[2025-10-13T18:15:06.569-0700][1089][info ][gc,marking  ] GC(3) Concurrent Clear Claimed Marks 0.007ms
[2025-10-13T18:15:06.569-0700][1089][info ][gc,marking  ] GC(3) Concurrent Cleanup for Next Mark
[2025-10-13T18:15:06.593-0700][1089][info ][gc,marking  ] GC(3) Concurrent Cleanup for Next Mark 24.556ms
[2025-10-13T18:15:06.593-0700][1089][info ][gc          ] GC(3) Concurrent Mark Cycle 35.878ms
[2025-10-13T18:15:06.721-0700][1256][info ][safepoint   ] Safepoint "ICBufferFull", Time since last: 151867673 ns, Reaching safepoint: 74423 ns, Cleanup: 181385 ns, At safepoint: 14161 ns, Total: 269969 ns
[2025-10-13T18:15:06.721-0700][1256][info ][safepoint   ] Safepoint "ICBufferFull", Time since last: 57217 ns, Reaching safepoint: 72229 ns, Cleanup: 3255 ns, At safepoint: 11297 ns, Total: 86781 ns
[2025-10-13T18:15:06.748-0700][1256][info ][safepoint   ] Safepoint "ICBufferFull", Time since last: 26473081 ns, Reaching safepoint: 138790 ns, Cleanup: 213714 ns, At safepoint: 14311 ns, Total: 366815 ns
[2025-10-13T18:15:06.785-0700][1256][info ][safepoint   ] Safepoint "ICBufferFull", Time since last: 36649095 ns, Reaching safepoint: 73361 ns, Cleanup: 214175 ns, At safepoint: 14482 ns, Total: 302018 ns
[2025-10-13T18:15:06.839-0700][1256][info ][safepoint   ] Safepoint "ICBufferFull", Time since last: 53954909 ns, Reaching safepoint: 75644 ns, Cleanup: 204951 ns, At safepoint: 16144 ns, Total: 296739 ns
[2025-10-13T18:15:06.895-0700][1256][info ][safepoint   ] Safepoint "ICBufferFull", Time since last: 55528382 ns, Reaching safepoint: 329029 ns, Cleanup: 202246 ns, At safepoint: 15904 ns, Total: 547179 ns
[2025-10-13T18:15:06.963-0700][1256][info ][safepoint   ] Safepoint "ICBufferFull", Time since last: 67536813 ns, Reaching safepoint: 137087 ns, Cleanup: 220464 ns, At safepoint: 17797 ns, Total: 375348 ns
[2025-10-13T18:15:07.071-0700][1256][info ][safepoint   ] Safepoint "ICBufferFull", Time since last: 108228080 ns, Reaching safepoint: 75194 ns, Cleanup: 206102 ns, At safepoint: 14402 ns, Total: 295698 ns
[2025-10-13T18:15:07.072-0700][1256][info ][safepoint   ] Safepoint "ICBufferFull", Time since last: 62144 ns, Reaching safepoint: 452536 ns, Cleanup: 3355 ns, At safepoint: 8933 ns, Total: 464824 ns
[2025-10-13T18:15:07.072-0700][1256][info ][safepoint   ] Safepoint "ICBufferFull", Time since last: 29936 ns, Reaching safepoint: 70356 ns, Cleanup: 5969 ns, At safepoint: 13100 ns, Total: 89425 ns
[2025-10-13T18:15:07.072-0700][1256][info ][safepoint   ] Safepoint "ICBufferFull", Time since last: 25639 ns, Reaching safepoint: 68614 ns, Cleanup: 631 ns, At safepoint: 8883 ns, Total: 78128 ns
[2025-10-13T18:15:07.113-0700][1256][info ][safepoint   ] Safepoint "ICBufferFull", Time since last: 40893604 ns, Reaching safepoint: 138310 ns, Cleanup: 167474 ns, At safepoint: 16414 ns, Total: 322198 ns
[2025-10-13T18:15:07.147-0700][1256][info ][safepoint   ] Safepoint "ICBufferFull", Time since last: 32967549 ns, Reaching safepoint: 394447 ns, Cleanup: 161374 ns, At safepoint: 16566 ns, Total: 572387 ns
[2025-10-13T18:15:07.262-0700][1256][info ][safepoint   ] Safepoint "ICBufferFull", Time since last: 114009978 ns, Reaching safepoint: 445485 ns, Cleanup: 183347 ns, At safepoint: 16295 ns, Total: 645127 ns
[2025-10-13T18:15:07.262-0700][1256][info ][safepoint   ] Safepoint "ICBufferFull", Time since last: 52239 ns, Reaching safepoint: 440698 ns, Cleanup: 2283 ns, At safepoint: 7682 ns, Total: 450663 ns
[2025-10-13T18:15:07.262-0700][1256][info ][safepoint   ] Safepoint "ICBufferFull", Time since last: 20300 ns, Reaching safepoint: 129266 ns, Cleanup: 501 ns, At safepoint: 7131 ns, Total: 136898 ns
[2025-10-13T18:15:07.313-0700][1256][info ][safepoint   ] Safepoint "ICBufferFull", Time since last: 50522459 ns, Reaching safepoint: 550805 ns, Cleanup: 171660 ns, At safepoint: 17576 ns, Total: 740041 ns
[2025-10-13T18:15:07.403-0700][1256][info ][safepoint   ] Safepoint "ICBufferFull", Time since last: 89235491 ns, Reaching safepoint: 73572 ns, Cleanup: 177278 ns, At safepoint: 17096 ns, Total: 267946 ns
[2025-10-13T18:15:07.403-0700][1256][info ][safepoint   ] Safepoint "ICBufferFull", Time since last: 55955 ns, Reaching safepoint: 442720 ns, Cleanup: 3386 ns, At safepoint: 8252 ns, Total: 454358 ns
[2025-10-13T18:15:07.420-0700][1256][info ][safepoint   ] Safepoint "ICBufferFull", Time since last: 16652535 ns, Reaching safepoint: 196407 ns, Cleanup: 117989 ns, At safepoint: 17547 ns, Total: 331943 ns
[2025-10-13T18:15:07.421-0700][1256][info ][safepoint   ] Safepoint "ICBufferFull", Time since last: 49695 ns, Reaching safepoint: 66791 ns, Cleanup: 4557 ns, At safepoint: 8963 ns, Total: 80311 ns
[2025-10-13T18:15:07.425-0700][1256][info ][safepoint   ] Safepoint "ICBufferFull", Time since last: 3767007 ns, Reaching safepoint: 68854 ns, Cleanup: 120222 ns, At safepoint: 13070 ns, Total: 202146 ns
[2025-10-13T18:15:07.458-0700][1256][info ][safepoint   ] Safepoint "ICBufferFull", Time since last: 33419422 ns, Reaching safepoint: 73962 ns, Cleanup: 191260 ns, At safepoint: 16455 ns, Total: 281677 ns
[2025-10-13T18:15:07.587-0700][1256][info ][safepoint   ] Safepoint "ICBufferFull", Time since last: 127642388 ns, Reaching safepoint: 434238 ns, Cleanup: 201946 ns, At safepoint: 16455 ns, Total: 652639 ns
[2025-10-13T18:15:07.587-0700][1256][info ][safepoint   ] Safepoint "ICBufferFull", Time since last: 65739 ns, Reaching safepoint: 389620 ns, Cleanup: 2945 ns, At safepoint: 8202 ns, Total: 400767 ns
[2025-10-13T18:15:07.603-0700][1256][info ][safepoint   ] Safepoint "ICBufferFull", Time since last: 15060153 ns, Reaching safepoint: 383481 ns, Cleanup: 205842 ns, At safepoint: 17186 ns, Total: 606509 ns
[2025-10-13T18:15:07.627-0700][1256][info ][safepoint   ] Safepoint "ICBufferFull", Time since last: 24352087 ns, Reaching safepoint: 136797 ns, Cleanup: 179963 ns, At safepoint: 15854 ns, Total: 332614 ns
[2025-10-13T18:15:07.678-0700][1256][info ][safepoint   ] Safepoint "ICBufferFull", Time since last: 49703840 ns, Reaching safepoint: 513207 ns, Cleanup: 197589 ns, At safepoint: 17487 ns, Total: 728283 ns
[2025-10-13T18:15:07.724-0700][1256][info ][safepoint   ] Safepoint "ICBufferFull", Time since last: 45579212 ns, Reaching safepoint: 259252 ns, Cleanup: 152501 ns, At safepoint: 14663 ns, Total: 426416 ns
[2025-10-13T18:15:07.822-0700][1256][info ][safepoint   ] Safepoint "ICBufferFull", Time since last: 97628744 ns, Reaching safepoint: 76856 ns, Cleanup: 222447 ns, At safepoint: 19320 ns, Total: 318623 ns
[2025-10-13T18:15:07.939-0700][1256][info ][safepoint   ] Safepoint "ICBufferFull", Time since last: 116744320 ns, Reaching safepoint: 522021 ns, Cleanup: 224289 ns, At safepoint: 23796 ns, Total: 770106 ns
[2025-10-13T18:15:07.940-0700][1256][info ][safepoint   ] Safepoint "ICBufferFull", Time since last: 69916 ns, Reaching safepoint: 452856 ns, Cleanup: 731 ns, At safepoint: 8313 ns, Total: 461900 ns
[2025-10-13T18:15:07.940-0700][1256][info ][safepoint   ] Safepoint "ICBufferFull", Time since last: 21292 ns, Reaching safepoint: 67803 ns, Cleanup: 1883 ns, At safepoint: 9434 ns, Total: 79120 ns
[2025-10-13T18:15:08.022-0700][1256][info ][safepoint   ] Safepoint "ICBufferFull", Time since last: 81123483 ns, Reaching safepoint: 308928 ns, Cleanup: 172311 ns, At safepoint: 16044 ns, Total: 497283 ns
[2025-10-13T18:15:08.181-0700][1256][info ][safepoint   ] Safepoint "ICBufferFull", Time since last: 158936211 ns, Reaching safepoint: 265522 ns, Cleanup: 204941 ns, At safepoint: 16625 ns, Total: 487088 ns
[2025-10-13T18:15:08.255-0700][1256][info ][safepoint   ] Safepoint "ICBufferFull", Time since last: 73449178 ns, Reaching safepoint: 74122 ns, Cleanup: 174094 ns, At safepoint: 17006 ns, Total: 265222 ns
[2025-10-13T18:15:08.341-0700][1256][info ][safepoint   ] Safepoint "ICBufferFull", Time since last: 85621096 ns, Reaching safepoint: 395348 ns, Cleanup: 198231 ns, At safepoint: 15814 ns, Total: 609393 ns
[2025-10-13T18:15:08.494-0700][1256][info ][safepoint   ] Safepoint "ICBufferFull", Time since last: 153231880 ns, Reaching safepoint: 141234 ns, Cleanup: 221225 ns, At safepoint: 16044 ns, Total: 378503 ns
[2025-10-13T18:15:08.612-0700][1256][info ][safepoint   ] Safepoint "ICBufferFull", Time since last: 117436869 ns, Reaching safepoint: 75835 ns, Cleanup: 238281 ns, At safepoint: 19139 ns, Total: 333255 ns
[2025-10-13T18:15:08.772-0700][1256][info ][safepoint   ] Safepoint "ICBufferFull", Time since last: 159177917 ns, Reaching safepoint: 332103 ns, Cleanup: 211510 ns, At safepoint: 15494 ns, Total: 559107 ns
[2025-10-13T18:15:08.888-0700][1256][info ][safepoint   ] Safepoint "ICBufferFull", Time since last: 115918459 ns, Reaching safepoint: 140833 ns, Cleanup: 231952 ns, At safepoint: 16505 ns, Total: 389290 ns
[2025-10-13T18:15:08.888-0700][1256][info ][safepoint   ] Safepoint "ICBufferFull", Time since last: 62314 ns, Reaching safepoint: 70857 ns, Cleanup: 3816 ns, At safepoint: 13030 ns, Total: 87703 ns
[2025-10-13T18:15:08.889-0700][1256][info ][safepoint   ] Safepoint "ICBufferFull", Time since last: 25288 ns, Reaching safepoint: 70156 ns, Cleanup: 3766 ns, At safepoint: 12189 ns, Total: 86111 ns
[2025-10-13T18:15:08.971-0700][1256][info ][safepoint   ] Safepoint "ICBufferFull", Time since last: 82249318 ns, Reaching safepoint: 204259 ns, Cleanup: 231671 ns, At safepoint: 16225 ns, Total: 452155 ns
[2025-10-13T18:15:09.047-0700][1256][info ][safepoint   ] Safepoint "ICBufferFull", Time since last: 75609410 ns, Reaching safepoint: 203499 ns, Cleanup: 183838 ns, At safepoint: 13490 ns, Total: 400827 ns
[2025-10-13T18:15:09.166-0700][1256][info ][safepoint   ] Safepoint "ICBufferFull", Time since last: 117934093 ns, Reaching safepoint: 140953 ns, Cleanup: 217710 ns, At safepoint: 16986 ns, Total: 375649 ns
[2025-10-13T18:15:09.261-0700][1256][info ][safepoint   ] Safepoint "ICBufferFull", Time since last: 95231503 ns, Reaching safepoint: 77107 ns, Cleanup: 222236 ns, At safepoint: 16736 ns, Total: 316079 ns
[2025-10-13T18:15:09.333-0700][1256][info ][safepoint   ] Safepoint "ICBufferFull", Time since last: 71677214 ns, Reaching safepoint: 76105 ns, Cleanup: 231140 ns, At safepoint: 8143 ns, Total: 315388 ns
[2025-10-13T18:15:09.399-0700][1256][info ][safepoint   ] Safepoint "ICBufferFull", Time since last: 65427116 ns, Reaching safepoint: 77027 ns, Cleanup: 213603 ns, At safepoint: 13160 ns, Total: 303790 ns
[2025-10-13T18:15:09.460-0700][1256][info ][safepoint   ] Safepoint "ICBufferFull", Time since last: 60395165 ns, Reaching safepoint: 77147 ns, Cleanup: 216137 ns, At safepoint: 12699 ns, Total: 305983 ns
[2025-10-13T18:15:09.505-0700][1256][info ][safepoint   ] Safepoint "ICBufferFull", Time since last: 45311376 ns, Reaching safepoint: 77077 ns, Cleanup: 217610 ns, At safepoint: 9124 ns, Total: 303811 ns
[2025-10-13T18:15:09.607-0700][1256][info ][safepoint   ] Safepoint "ICBufferFull", Time since last: 101283260 ns, Reaching safepoint: 8392 ns, Cleanup: 191020 ns, At safepoint: 7742 ns, Total: 207154 ns
[2025-10-13T18:15:09.607-0700][1256][info ][safepoint   ] Safepoint "ICBufferFull", Time since last: 55934 ns, Reaching safepoint: 72720 ns, Cleanup: 4117 ns, At safepoint: 5808 ns, Total: 82645 ns
[2025-10-13T18:15:09.607-0700][1256][info ][safepoint   ] Safepoint "ICBufferFull", Time since last: 25569 ns, Reaching safepoint: 4647 ns, Cleanup: 6500 ns, At safepoint: 5118 ns, Total: 16265 ns
[2025-10-13T18:15:09.645-0700][1256][info ][gc,start    ] GC(4) Pause Young (Concurrent Start) (Metadata GC Threshold)
[2025-10-13T18:15:09.645-0700][1256][info ][gc,task     ] GC(4) Using 113 workers of 113 for evacuation
[2025-10-13T18:15:09.647-0700][1256][debug][gc,remset   ] GC(4) Visited cards 0 Total dirty 0 (0.00%) Total old 20316160 (0.00%)
[2025-10-13T18:15:09.674-0700][1256][info ][gc,phases   ] GC(4)   Pre Evacuate Collection Set: 0.7ms
[2025-10-13T18:15:09.675-0700][1256][info ][gc,phases   ] GC(4)   Merge Heap Roots: 0.7ms
[2025-10-13T18:15:09.675-0700][1256][info ][gc,phases   ] GC(4)   Evacuate Collection Set: 23.2ms
[2025-10-13T18:15:09.675-0700][1256][info ][gc,phases   ] GC(4)   Post Evacuate Collection Set: 4.5ms
[2025-10-13T18:15:09.675-0700][1256][info ][gc,phases   ] GC(4)   Other: 0.2ms
[2025-10-13T18:15:09.675-0700][1256][debug][gc,remset   ] GC(4) Coarsening (recent): Inline->AoC 0 (0) AoC->Howl 0 (0) Howl->Full 0 (0) Inline->AoC 0 (0) AoC->BitMap 0 (0) BitMap->Full 0 (0) 
[2025-10-13T18:15:09.675-0700][1256][debug][gc,remset   ] GC(4) Coarsening (all): Inline->AoC 0 (0) AoC->Howl 0 (0) Howl->Full 0 (0) Inline->AoC 0 (0) AoC->BitMap 0 (0) BitMap->Full 0 (0) 
[2025-10-13T18:15:09.675-0700][1256][info ][gc,heap     ] GC(4) Eden regions: 154->0(286)
[2025-10-13T18:15:09.675-0700][1256][info ][gc,heap     ] GC(4) Survivor regions: 1->2(36)
[2025-10-13T18:15:09.675-0700][1256][info ][gc,heap     ] GC(4) Old regions: 0->0
[2025-10-13T18:15:09.675-0700][1256][info ][gc,heap     ] GC(4) Humongous regions: 0->0
[2025-10-13T18:15:09.675-0700][1256][info ][gc,metaspace] GC(4) Metaspace: 60956K(61376K)->60956K(61376K) NonClass: 53872K(54080K)->53872K(54080K) Class: 7084K(7296K)->7084K(7296K)
[2025-10-13T18:15:09.675-0700][1256][info ][gc          ] GC(4) Pause Young (Concurrent Start) (Metadata GC Threshold) 4935M->50M(184320M) 29.465ms
[2025-10-13T18:15:09.675-0700][1089][info ][gc          ] GC(5) Concurrent Mark Cycle
[2025-10-13T18:15:09.675-0700][1256][info ][gc,cpu      ] GC(4) User=1.09s Sys=0.06s Real=0.03s
[2025-10-13T18:15:09.675-0700][1089][info ][gc,marking  ] GC(5) Concurrent Scan Root Regions
[2025-10-13T18:15:09.675-0700][1256][info ][safepoint   ] Safepoint "CollectForMetadataAllocation", Time since last: 38035134 ns, Reaching safepoint: 76356 ns, Cleanup: 118629 ns, At safepoint: 29636162 ns, Total: 29831147 ns
[2025-10-13T18:15:09.683-0700][1089][info ][gc,marking  ] GC(5) Concurrent Scan Root Regions 8.262ms
[2025-10-13T18:15:09.683-0700][1089][info ][gc,marking  ] GC(5) Concurrent Mark
[2025-10-13T18:15:09.683-0700][1089][info ][gc,marking  ] GC(5) Concurrent Mark From Roots
[2025-10-13T18:15:09.683-0700][1089][info ][gc,task     ] GC(5) Using 36 workers of 36 for marking
[2025-10-13T18:15:09.686-0700][1256][info ][safepoint   ] Safepoint "CollectForMetadataAllocation", Time since last: 10923827 ns, Reaching safepoint: 124078 ns, Cleanup: 14713 ns, At safepoint: 90767 ns, Total: 229558 ns
[2025-10-13T18:15:09.687-0700][1089][info ][gc,marking  ] GC(5) Concurrent Mark From Roots 3.829ms
[2025-10-13T18:15:09.687-0700][1089][info ][gc,marking  ] GC(5) Concurrent Preclean
[2025-10-13T18:15:09.687-0700][1089][info ][gc,marking  ] GC(5) Concurrent Preclean 0.007ms
[2025-10-13T18:15:09.687-0700][1256][info ][gc,start    ] GC(5) Pause Remark
[2025-10-13T18:15:09.691-0700][1256][info ][gc          ] GC(5) Pause Remark 242M->242M(184320M) 4.181ms
[2025-10-13T18:15:09.691-0700][1256][info ][gc,cpu      ] GC(5) User=0.26s Sys=0.03s Real=0.01s
[2025-10-13T18:15:09.691-0700][1256][info ][safepoint   ] Safepoint "G1PauseRemark", Time since last: 922768 ns, Reaching safepoint: 72049 ns, Cleanup: 1622 ns, At safepoint: 4250409 ns, Total: 4324080 ns
[2025-10-13T18:15:09.691-0700][1089][info ][gc,marking  ] GC(5) Concurrent Mark 8.197ms
[2025-10-13T18:15:09.691-0700][1089][info ][gc,marking  ] GC(5) Concurrent Rebuild Remembered Sets and Scrub Regions
[2025-10-13T18:15:09.691-0700][1089][info ][gc,marking  ] GC(5) Concurrent Rebuild Remembered Sets and Scrub Regions 0.108ms
[2025-10-13T18:15:09.691-0700][1256][info ][gc,start    ] GC(5) Pause Cleanup
[2025-10-13T18:15:09.691-0700][1256][info ][gc          ] GC(5) Pause Cleanup 242M->242M(184320M) 0.007ms
[2025-10-13T18:15:09.691-0700][1256][info ][gc,cpu      ] GC(5) User=0.00s Sys=0.00s Real=0.00s
[2025-10-13T18:15:09.691-0700][1256][info ][safepoint   ] Safepoint "G1PauseCleanup", Time since last: 139511 ns, Reaching safepoint: 69676 ns, Cleanup: 2153 ns, At safepoint: 32569 ns, Total: 104398 ns
[2025-10-13T18:15:09.691-0700][1089][info ][gc,marking  ] GC(5) Concurrent Clear Claimed Marks
[2025-10-13T18:15:09.691-0700][1089][info ][gc,marking  ] GC(5) Concurrent Clear Claimed Marks 0.014ms
[2025-10-13T18:15:09.691-0700][1089][info ][gc,marking  ] GC(5) Concurrent Cleanup for Next Mark
[2025-10-13T18:15:09.717-0700][1089][info ][gc,marking  ] GC(5) Concurrent Cleanup for Next Mark 25.238ms
[2025-10-13T18:15:09.717-0700][1089][info ][gc          ] GC(5) Concurrent Mark Cycle 42.014ms
[2025-10-13T18:15:09.874-0700][1256][info ][safepoint   ] Safepoint "ICBufferFull", Time since last: 182264598 ns, Reaching safepoint: 77778 ns, Cleanup: 201455 ns, At safepoint: 11798 ns, Total: 291031 ns
[2025-10-13T18:15:09.890-0700][1256][info ][safepoint   ] Safepoint "ICBufferFull", Time since last: 15795106 ns, Reaching safepoint: 76486 ns, Cleanup: 163567 ns, At safepoint: 10216 ns, Total: 250269 ns
[2025-10-13T18:15:09.990-0700][1256][info ][safepoint   ] Safepoint "ICBufferFull", Time since last: 99572378 ns, Reaching safepoint: 76877 ns, Cleanup: 197850 ns, At safepoint: 9033 ns, Total: 283760 ns
[2025-10-13T18:15:10.107-0700][1256][info ][safepoint   ] Safepoint "ICBufferFull", Time since last: 116543166 ns, Reaching safepoint: 75674 ns, Cleanup: 214706 ns, At safepoint: 8462 ns, Total: 298842 ns
[2025-10-13T18:15:10.222-0700][1256][info ][safepoint   ] Safepoint "ICBufferFull", Time since last: 114213897 ns, Reaching safepoint: 590595 ns, Cleanup: 232823 ns, At safepoint: 8993 ns, Total: 832411 ns
[2025-10-13T18:15:10.402-0700][1256][info ][safepoint   ] Safepoint "ICBufferFull", Time since last: 179711511 ns, Reaching safepoint: 75064 ns, Cleanup: 212471 ns, At safepoint: 16365 ns, Total: 303900 ns
[2025-10-13T18:15:10.491-0700][1256][info ][safepoint   ] Safepoint "ICBufferFull", Time since last: 89276393 ns, Reaching safepoint: 77267 ns, Cleanup: 210258 ns, At safepoint: 7952 ns, Total: 295477 ns
[2025-10-13T18:15:10.626-0700][1256][info ][safepoint   ] Safepoint "ICBufferFull", Time since last: 134953473 ns, Reaching safepoint: 73922 ns, Cleanup: 145180 ns, At safepoint: 9194 ns, Total: 228296 ns
[2025-10-13T18:15:11.633-0700][1256][info ][safepoint   ] Safepoint "Cleanup", Time since last: 1006569345 ns, Reaching safepoint: 7511 ns, Cleanup: 112911 ns, At safepoint: 2614 ns, Total: 123036 ns
[2025-10-13T18:15:15.634-0700][1256][info ][safepoint   ] Safepoint "Cleanup", Time since last: 4000336546 ns, Reaching safepoint: 7511 ns, Cleanup: 20611 ns, At safepoint: 2755 ns, Total: 30877 ns
[2025-10-13T18:15:20.618-0700][1256][info ][safepoint   ] Safepoint "Cleanup", Time since last: 4984785753 ns, Reaching safepoint: 70187 ns, Cleanup: 32198 ns, At safepoint: 3436 ns, Total: 105821 ns
[2025-10-13T18:15:20.818-0700][1256][info ][safepoint   ] Safepoint "ICBufferFull", Time since last: 199090565 ns, Reaching safepoint: 71378 ns, Cleanup: 131820 ns, At safepoint: 4547 ns, Total: 207745 ns
[2025-10-13T18:15:20.952-0700][1256][info ][safepoint   ] Safepoint "ICBufferFull", Time since last: 134038977 ns, Reaching safepoint: 70787 ns, Cleanup: 173032 ns, At safepoint: 3305 ns, Total: 247124 ns
[2025-10-13T18:15:21.108-0700][1256][info ][safepoint   ] Safepoint "ICBufferFull", Time since last: 155266402 ns, Reaching safepoint: 261717 ns, Cleanup: 178580 ns, At safepoint: 9134 ns, Total: 449431 ns
[2025-10-13T18:15:21.178-0700][1256][info ][safepoint   ] Safepoint "ICBufferFull", Time since last: 69632637 ns, Reaching safepoint: 9635 ns, Cleanup: 151129 ns, At safepoint: 8763 ns, Total: 169527 ns
[2025-10-13T18:15:21.269-0700][1256][info ][safepoint   ] Safepoint "ICBufferFull", Time since last: 90986583 ns, Reaching safepoint: 78589 ns, Cleanup: 165240 ns, At safepoint: 10586 ns, Total: 254415 ns
[2025-10-13T18:15:21.327-0700][1256][info ][safepoint   ] Safepoint "ICBufferFull", Time since last: 57843530 ns, Reaching safepoint: 80241 ns, Cleanup: 156137 ns, At safepoint: 11387 ns, Total: 247765 ns
[2025-10-13T18:15:21.642-0700][1256][info ][safepoint   ] Safepoint "ICBufferFull", Time since last: 315226534 ns, Reaching safepoint: 81894 ns, Cleanup: 183037 ns, At safepoint: 4287 ns, Total: 269218 ns
[2025-10-13T18:15:21.815-0700][1256][info ][safepoint   ] Safepoint "ICBufferFull", Time since last: 172288436 ns, Reaching safepoint: 79841 ns, Cleanup: 169757 ns, At safepoint: 6800 ns, Total: 256398 ns
[2025-10-13T18:15:21.942-0700][1256][info ][safepoint   ] Safepoint "ICBufferFull", Time since last: 126515622 ns, Reaching safepoint: 79740 ns, Cleanup: 181075 ns, At safepoint: 7581 ns, Total: 268396 ns
[2025-10-13T18:15:21.976-0700][1256][info ][gc,start    ] GC(6) Pause Young (Normal) (G1 Evacuation Pause)
[2025-10-13T18:15:21.976-0700][1256][info ][gc,task     ] GC(6) Using 113 workers of 113 for evacuation
[2025-10-13T18:15:21.977-0700][1256][debug][gc,remset   ] GC(6) Visited cards 0 Total dirty 0 (0.00%) Total old 37748736 (0.00%)
[2025-10-13T18:15:22.026-0700][1256][info ][gc,phases   ] GC(6)   Pre Evacuate Collection Set: 0.5ms
[2025-10-13T18:15:22.026-0700][1256][info ][gc,phases   ] GC(6)   Merge Heap Roots: 0.7ms
[2025-10-13T18:15:22.026-0700][1256][info ][gc,phases   ] GC(6)   Evacuate Collection Set: 43.3ms
[2025-10-13T18:15:22.026-0700][1256][info ][gc,phases   ] GC(6)   Post Evacuate Collection Set: 5.6ms
[2025-10-13T18:15:22.026-0700][1256][info ][gc,phases   ] GC(6)   Other: 0.1ms
[2025-10-13T18:15:22.026-0700][1256][debug][gc,remset   ] GC(6) Coarsening (recent): Inline->AoC 0 (0) AoC->Howl 0 (0) Howl->Full 0 (0) Inline->AoC 0 (0) AoC->BitMap 0 (0) BitMap->Full 0 (0) 
[2025-10-13T18:15:22.026-0700][1256][debug][gc,remset   ] GC(6) Coarsening (all): Inline->AoC 0 (0) AoC->Howl 0 (0) Howl->Full 0 (0) Inline->AoC 0 (0) AoC->BitMap 0 (0) BitMap->Full 0 (0) 
[2025-10-13T18:15:22.026-0700][1256][info ][gc,heap     ] GC(6) Eden regions: 286->0(284)
[2025-10-13T18:15:22.026-0700][1256][info ][gc,heap     ] GC(6) Survivor regions: 2->4(36)
[2025-10-13T18:15:22.026-0700][1256][info ][gc,heap     ] GC(6) Old regions: 0->0
[2025-10-13T18:15:22.026-0700][1256][info ][gc,heap     ] GC(6) Humongous regions: 0->0
[2025-10-13T18:15:22.026-0700][1256][info ][gc,metaspace] GC(6) Metaspace: 97603K(98752K)->97603K(98752K) NonClass: 86085K(86720K)->86085K(86720K) Class: 11518K(12032K)->11518K(12032K)
[2025-10-13T18:15:22.026-0700][1256][info ][gc          ] GC(6) Pause Young (Normal) (G1 Evacuation Pause) 9202M->108M(184320M) 50.234ms
[2025-10-13T18:15:22.026-0700][1256][info ][gc,cpu      ] GC(6) User=1.23s Sys=1.12s Real=0.05s
[2025-10-13T18:15:22.026-0700][1256][info ][safepoint   ] Safepoint "G1CollectForAllocation", Time since last: 33850676 ns, Reaching safepoint: 47282 ns, Cleanup: 31327 ns, At safepoint: 50486205 ns, Total: 50564814 ns
[2025-10-13T18:15:22.282-0700][1256][info ][safepoint   ] Safepoint "ICBufferFull", Time since last: 255777793 ns, Reaching safepoint: 37627 ns, Cleanup: 187834 ns, At safepoint: 9384 ns, Total: 234845 ns
[2025-10-13T18:15:22.400-0700][1256][info ][gc,start    ] GC(7) Pause Young (Concurrent Start) (Metadata GC Threshold)
[2025-10-13T18:15:22.400-0700][1256][info ][gc,task     ] GC(7) Using 113 workers of 113 for evacuation
[2025-10-13T18:15:22.401-0700][1256][debug][gc,remset   ] GC(7) Visited cards 0 Total dirty 0 (0.00%) Total old 10354688 (0.00%)
[2025-10-13T18:15:22.445-0700][1256][info ][gc,phases   ] GC(7)   Pre Evacuate Collection Set: 0.6ms
[2025-10-13T18:15:22.445-0700][1256][info ][gc,phases   ] GC(7)   Merge Heap Roots: 0.7ms
[2025-10-13T18:15:22.445-0700][1256][info ][gc,phases   ] GC(7)   Evacuate Collection Set: 38.4ms
[2025-10-13T18:15:22.445-0700][1256][info ][gc,phases   ] GC(7)   Post Evacuate Collection Set: 4.8ms
[2025-10-13T18:15:22.445-0700][1256][info ][gc,phases   ] GC(7)   Other: 0.1ms
[2025-10-13T18:15:22.445-0700][1256][debug][gc,remset   ] GC(7) Coarsening (recent): Inline->AoC 0 (0) AoC->Howl 0 (0) Howl->Full 0 (0) Inline->AoC 0 (0) AoC->BitMap 0 (0) BitMap->Full 0 (0) 
[2025-10-13T18:15:22.445-0700][1256][debug][gc,remset   ] GC(7) Coarsening (all): Inline->AoC 0 (0) AoC->Howl 0 (0) Howl->Full 0 (0) Inline->AoC 0 (0) AoC->BitMap 0 (0) BitMap->Full 0 (0) 
[2025-10-13T18:15:22.445-0700][1256][info ][gc,heap     ] GC(7) Eden regions: 75->0(284)
[2025-10-13T18:15:22.445-0700][1256][info ][gc,heap     ] GC(7) Survivor regions: 4->4(36)
[2025-10-13T18:15:22.445-0700][1256][info ][gc,heap     ] GC(7) Old regions: 0->0
[2025-10-13T18:15:22.445-0700][1256][info ][gc,heap     ] GC(7) Humongous regions: 0->0
[2025-10-13T18:15:22.445-0700][1256][info ][gc,metaspace] GC(7) Metaspace: 101828K(102976K)->101828K(102976K) NonClass: 89750K(90368K)->89750K(90368K) Class: 12077K(12608K)->12077K(12608K)
[2025-10-13T18:15:22.445-0700][1256][info ][gc          ] GC(7) Pause Young (Concurrent Start) (Metadata GC Threshold) 2505M->117M(184320M) 44.761ms
[2025-10-13T18:15:22.445-0700][1089][info ][gc          ] GC(8) Concurrent Mark Cycle
[2025-10-13T18:15:22.445-0700][1089][info ][gc,marking  ] GC(8) Concurrent Scan Root Regions
[2025-10-13T18:15:22.445-0700][1256][info ][gc,cpu      ] GC(7) User=0.80s Sys=1.41s Real=0.05s
[2025-10-13T18:15:22.445-0700][1256][info ][safepoint   ] Safepoint "CollectForMetadataAllocation", Time since last: 117527757 ns, Reaching safepoint: 63737 ns, Cleanup: 66380 ns, At safepoint: 45403175 ns, Total: 45533292 ns
[2025-10-13T18:15:22.455-0700][1089][info ][gc,marking  ] GC(8) Concurrent Scan Root Regions 9.835ms
[2025-10-13T18:15:22.455-0700][1089][info ][gc,marking  ] GC(8) Concurrent Mark
[2025-10-13T18:15:22.455-0700][1089][info ][gc,marking  ] GC(8) Concurrent Mark From Roots
[2025-10-13T18:15:22.455-0700][1089][info ][gc,task     ] GC(8) Using 36 workers of 36 for marking
[2025-10-13T18:15:22.456-0700][1256][info ][safepoint   ] Safepoint "CollectForMetadataAllocation", Time since last: 10482609 ns, Reaching safepoint: 99020 ns, Cleanup: 20161 ns, At safepoint: 57927 ns, Total: 177108 ns
[2025-10-13T18:15:22.458-0700][1089][info ][gc,marking  ] GC(8) Concurrent Mark From Roots 3.512ms
[2025-10-13T18:15:22.458-0700][1089][info ][gc,marking  ] GC(8) Concurrent Preclean
[2025-10-13T18:15:22.458-0700][1089][info ][gc,marking  ] GC(8) Concurrent Preclean 0.007ms
[2025-10-13T18:15:22.458-0700][1256][info ][gc,start    ] GC(8) Pause Remark
[2025-10-13T18:15:22.469-0700][1256][info ][gc          ] GC(8) Pause Remark 277M->277M(184320M) 11.046ms
[2025-10-13T18:15:22.470-0700][1256][info ][gc,cpu      ] GC(8) User=0.37s Sys=0.10s Real=0.01s
[2025-10-13T18:15:22.470-0700][1256][info ][safepoint   ] Safepoint "G1PauseRemark", Time since last: 2447798 ns, Reaching safepoint: 29705 ns, Cleanup: 1092 ns, At safepoint: 11312355 ns, Total: 11343152 ns
[2025-10-13T18:15:22.470-0700][1089][info ][gc,marking  ] GC(8) Concurrent Mark 14.899ms
[2025-10-13T18:15:22.470-0700][1089][info ][gc,marking  ] GC(8) Concurrent Rebuild Remembered Sets and Scrub Regions
[2025-10-13T18:15:22.470-0700][1089][info ][gc,marking  ] GC(8) Concurrent Rebuild Remembered Sets and Scrub Regions 0.151ms
[2025-10-13T18:15:22.470-0700][1256][info ][gc,start    ] GC(8) Pause Cleanup
[2025-10-13T18:15:22.470-0700][1256][info ][gc          ] GC(8) Pause Cleanup 277M->277M(184320M) 0.012ms
[2025-10-13T18:15:22.470-0700][1256][info ][gc,cpu      ] GC(8) User=0.00s Sys=0.00s Real=0.00s
[2025-10-13T18:15:22.470-0700][1256][info ][safepoint   ] Safepoint "G1PauseCleanup", Time since last: 185842 ns, Reaching safepoint: 34682 ns, Cleanup: 24918 ns, At safepoint: 98139 ns, Total: 157739 ns
[2025-10-13T18:15:22.470-0700][1089][info ][gc,marking  ] GC(8) Concurrent Clear Claimed Marks
[2025-10-13T18:15:22.470-0700][1089][info ][gc,marking  ] GC(8) Concurrent Clear Claimed Marks 0.081ms
[2025-10-13T18:15:22.470-0700][1089][info ][gc,marking  ] GC(8) Concurrent Cleanup for Next Mark
[2025-10-13T18:15:22.495-0700][1089][info ][gc,marking  ] GC(8) Concurrent Cleanup for Next Mark 24.850ms
[2025-10-13T18:15:22.495-0700][1089][info ][gc          ] GC(8) Concurrent Mark Cycle 50.056ms
[2025-10-13T18:15:22.678-0700][1256][info ][safepoint   ] Safepoint "ICBufferFull", Time since last: 207985078 ns, Reaching safepoint: 66871 ns, Cleanup: 202697 ns, At safepoint: 12790 ns, Total: 282358 ns
[2025-10-13T18:15:22.775-0700][1256][info ][safepoint   ] Safepoint "ICBufferFull", Time since last: 96637052 ns, Reaching safepoint: 56426 ns, Cleanup: 172861 ns, At safepoint: 11708 ns, Total: 240995 ns
[2025-10-13T18:15:22.865-0700][1256][info ][safepoint   ] Safepoint "ICBufferFull", Time since last: 86660681 ns, Reaching safepoint: 3232296 ns, Cleanup: 163858 ns, At safepoint: 32329 ns, Total: 3428483 ns
[2025-10-13T18:15:22.974-0700][1256][info ][safepoint   ] Safepoint "ICBufferFull", Time since last: 108282943 ns, Reaching safepoint: 75735 ns, Cleanup: 171419 ns, At safepoint: 20171 ns, Total: 267325 ns
[2025-10-13T18:15:22.974-0700][1256][info ][safepoint   ] Safepoint "ICBufferFull", Time since last: 40401 ns, Reaching safepoint: 26891 ns, Cleanup: 2263 ns, At safepoint: 16425 ns, Total: 45579 ns
[2025-10-13T18:15:22.974-0700][1256][info ][safepoint   ] Safepoint "ICBufferFull", Time since last: 16075 ns, Reaching safepoint: 146592 ns, Cleanup: 3395 ns, At safepoint: 18398 ns, Total: 168385 ns
[2025-10-13T18:15:22.974-0700][1256][info ][safepoint   ] Safepoint "ICBufferFull", Time since last: 30266 ns, Reaching safepoint: 83736 ns, Cleanup: 2094 ns, At safepoint: 17216 ns, Total: 103046 ns
[2025-10-13T18:15:22.974-0700][1256][info ][safepoint   ] Safepoint "ICBufferFull", Time since last: 16635 ns, Reaching safepoint: 162917 ns, Cleanup: 510 ns, At safepoint: 18869 ns, Total: 182296 ns
[2025-10-13T18:15:22.974-0700][1256][info ][safepoint   ] Safepoint "ICBufferFull", Time since last: 16735 ns, Reaching safepoint: 19820 ns, Cleanup: 2454 ns, At safepoint: 16775 ns, Total: 39049 ns
[2025-10-13T18:15:22.974-0700][1256][info ][safepoint   ] Safepoint "ICBufferFull", Time since last: 12810 ns, Reaching safepoint: 17727 ns, Cleanup: 410 ns, At safepoint: 15123 ns, Total: 33260 ns
[2025-10-13T18:15:22.974-0700][1256][info ][safepoint   ] Safepoint "ICBufferFull", Time since last: 15414 ns, Reaching safepoint: 19329 ns, Cleanup: 501 ns, At safepoint: 16805 ns, Total: 36635 ns
[2025-10-13T18:15:23.018-0700][1256][info ][safepoint   ] Safepoint "ICBufferFull", Time since last: 42911251 ns, Reaching safepoint: 61803 ns, Cleanup: 109266 ns, At safepoint: 13430 ns, Total: 184499 ns
[2025-10-13T18:15:23.230-0700][1256][info ][safepoint   ] Safepoint "ICBufferFull", Time since last: 212504534 ns, Reaching safepoint: 79190 ns, Cleanup: 170158 ns, At safepoint: 13981 ns, Total: 263329 ns
[2025-10-13T18:15:23.374-0700][1256][info ][safepoint   ] Safepoint "ICBufferFull", Time since last: 143509263 ns, Reaching safepoint: 81884 ns, Cleanup: 145640 ns, At safepoint: 10056 ns, Total: 237580 ns
[2025-10-13T18:15:23.935-0700][1256][info ][safepoint   ] Safepoint "ICBufferFull", Time since last: 560789799 ns, Reaching safepoint: 92560 ns, Cleanup: 227074 ns, At safepoint: 11678 ns, Total: 331312 ns
[2025-10-13T18:15:24.089-0700][1256][info ][safepoint   ] Safepoint "ICBufferFull", Time since last: 153489814 ns, Reaching safepoint: 81904 ns, Cleanup: 208325 ns, At safepoint: 12649 ns, Total: 302878 ns
[2025-10-13T18:15:24.428-0700][1256][info ][safepoint   ] Safepoint "ICBufferFull", Time since last: 338903285 ns, Reaching safepoint: 94003 ns, Cleanup: 215386 ns, At safepoint: 13560 ns, Total: 322949 ns
[2025-10-13T18:15:24.583-0700][1256][info ][safepoint   ] Safepoint "ICBufferFull", Time since last: 154877146 ns, Reaching safepoint: 102846 ns, Cleanup: 225251 ns, At safepoint: 14622 ns, Total: 342719 ns
[2025-10-13T18:15:24.709-0700][1256][info ][safepoint   ] Safepoint "ICBufferFull", Time since last: 121765828 ns, Reaching safepoint: 3246740 ns, Cleanup: 147573 ns, At safepoint: 24918 ns, Total: 3419231 ns
[2025-10-13T18:15:24.891-0700][1256][info ][safepoint   ] Safepoint "ICBufferFull", Time since last: 181673234 ns, Reaching safepoint: 80162 ns, Cleanup: 195326 ns, At safepoint: 16314 ns, Total: 291802 ns
[2025-10-13T18:15:25.119-0700][1256][info ][safepoint   ] Safepoint "ICBufferFull", Time since last: 227907224 ns, Reaching safepoint: 78349 ns, Cleanup: 211691 ns, At safepoint: 12859 ns, Total: 302899 ns
[2025-10-13T18:15:25.310-0700][1256][info ][safepoint   ] Safepoint "ICBufferFull", Time since last: 191232358 ns, Reaching safepoint: 95504 ns, Cleanup: 205241 ns, At safepoint: 21653 ns, Total: 322398 ns
[2025-10-13T18:15:25.559-0700][1256][info ][safepoint   ] Safepoint "ICBufferFull", Time since last: 247890200 ns, Reaching safepoint: 99301 ns, Cleanup: 220053 ns, At safepoint: 17236 ns, Total: 336590 ns
[2025-10-13T18:15:25.620-0700][1256][info ][gc,start    ] GC(9) Pause Young (Normal) (G1 Evacuation Pause)
[2025-10-13T18:15:25.620-0700][1256][info ][gc,task     ] GC(9) Using 113 workers of 113 for evacuation
[2025-10-13T18:15:25.622-0700][1256][debug][gc,remset   ] GC(9) Visited cards 0 Total dirty 0 (0.00%) Total old 37748736 (0.00%)
[2025-10-13T18:15:25.693-0700][1256][info ][gc,phases   ] GC(9)   Pre Evacuate Collection Set: 0.5ms
[2025-10-13T18:15:25.693-0700][1256][info ][gc,phases   ] GC(9)   Merge Heap Roots: 0.8ms
[2025-10-13T18:15:25.693-0700][1256][info ][gc,phases   ] GC(9)   Evacuate Collection Set: 64.2ms
[2025-10-13T18:15:25.693-0700][1256][info ][gc,phases   ] GC(9)   Post Evacuate Collection Set: 7.2ms
[2025-10-13T18:15:25.693-0700][1256][info ][gc,phases   ] GC(9)   Other: 0.3ms
[2025-10-13T18:15:25.693-0700][1256][debug][gc,remset   ] GC(9) Coarsening (recent): Inline->AoC 0 (0) AoC->Howl 0 (0) Howl->Full 0 (0) Inline->AoC 0 (0) AoC->BitMap 0 (0) BitMap->Full 0 (0) 
[2025-10-13T18:15:25.693-0700][1256][debug][gc,remset   ] GC(9) Coarsening (all): Inline->AoC 0 (0) AoC->Howl 0 (0) Howl->Full 0 (0) Inline->AoC 0 (0) AoC->BitMap 0 (0) BitMap->Full 0 (0) 
[2025-10-13T18:15:25.693-0700][1256][info ][gc,heap     ] GC(9) Eden regions: 284->0(278)
[2025-10-13T18:15:25.693-0700][1256][info ][gc,heap     ] GC(9) Survivor regions: 4->10(36)
[2025-10-13T18:15:25.693-0700][1256][info ][gc,heap     ] GC(9) Old regions: 0->0
[2025-10-13T18:15:25.693-0700][1256][info ][gc,heap     ] GC(9) Humongous regions: 0->0
[2025-10-13T18:15:25.693-0700][1256][info ][gc,metaspace] GC(9) Metaspace: 146138K(147968K)->146138K(147968K) NonClass: 128324K(129408K)->128324K(129408K) Class: 17814K(18560K)->17814K(18560K)
[2025-10-13T18:15:25.693-0700][1256][info ][gc          ] GC(9) Pause Young (Normal) (G1 Evacuation Pause) 9205M->319M(184320M) 73.151ms
[2025-10-13T18:15:25.694-0700][1256][info ][gc,cpu      ] GC(9) User=1.61s Sys=1.67s Real=0.07s
[2025-10-13T18:15:25.694-0700][1256][info ][safepoint   ] Safepoint "G1CollectForAllocation", Time since last: 61254267 ns, Reaching safepoint: 79611 ns, Cleanup: 23585 ns, At safepoint: 73794076 ns, Total: 73897272 ns
[2025-10-13T18:15:26.755-0700][1256][info ][safepoint   ] Safepoint "Cleanup", Time since last: 1060836621 ns, Reaching safepoint: 94303 ns, Cleanup: 139531 ns, At safepoint: 11268 ns, Total: 245102 ns
[2025-10-13T18:15:27.755-0700][1256][info ][safepoint   ] Safepoint "Cleanup", Time since last: 1000135812 ns, Reaching safepoint: 95205 ns, Cleanup: 24316 ns, At safepoint: 11197 ns, Total: 130718 ns
[2025-10-13T18:15:29.066-0700][1256][info ][safepoint   ] Safepoint "Cleanup", Time since last: 1310364242 ns, Reaching safepoint: 94283 ns, Cleanup: 128234 ns, At safepoint: 12860 ns, Total: 235377 ns
[2025-10-13T18:15:30.068-0700][1256][info ][safepoint   ] Safepoint "Cleanup", Time since last: 1001810720 ns, Reaching safepoint: 66060 ns, Cleanup: 111640 ns, At safepoint: 9875 ns, Total: 187575 ns
[2025-10-13T18:15:30.503-0700][1256][info ][safepoint   ] Safepoint "ICBufferFull", Time since last: 434423458 ns, Reaching safepoint: 127112 ns, Cleanup: 233063 ns, At safepoint: 15323 ns, Total: 375498 ns
[2025-10-13T18:15:30.699-0700][1256][info ][safepoint   ] Safepoint "ICBufferFull", Time since last: 196009866 ns, Reaching safepoint: 114304 ns, Cleanup: 206462 ns, At safepoint: 16095 ns, Total: 336861 ns
[2025-10-13T18:15:31.060-0700][1256][info ][safepoint   ] Safepoint "ICBufferFull", Time since last: 360386143 ns, Reaching safepoint: 113322 ns, Cleanup: 233984 ns, At safepoint: 16095 ns, Total: 363401 ns
[2025-10-13T18:15:31.319-0700][1256][info ][safepoint   ] Safepoint "ICBufferFull", Time since last: 258757665 ns, Reaching safepoint: 108345 ns, Cleanup: 211290 ns, At safepoint: 14932 ns, Total: 334567 ns
[2025-10-13T18:15:31.500-0700][1256][info ][safepoint   ] Safepoint "ICBufferFull", Time since last: 181108319 ns, Reaching safepoint: 121344 ns, Cleanup: 228726 ns, At safepoint: 14422 ns, Total: 364492 ns
[2025-10-13T18:15:31.651-0700][1256][info ][gc,start    ] GC(10) Pause Young (Concurrent Start) (Metadata GC Threshold)
[2025-10-13T18:15:31.651-0700][1256][info ][gc,task     ] GC(10) Using 113 workers of 113 for evacuation
[2025-10-13T18:15:31.653-0700][1256][debug][gc,remset   ] GC(10) Visited cards 0 Total dirty 0 (0.00%) Total old 18612224 (0.00%)
[2025-10-13T18:15:31.738-0700][1256][info ][gc,phases   ] GC(10)   Pre Evacuate Collection Set: 0.9ms
[2025-10-13T18:15:31.738-0700][1256][info ][gc,phases   ] GC(10)   Merge Heap Roots: 0.7ms
[2025-10-13T18:15:31.738-0700][1256][info ][gc,phases   ] GC(10)   Evacuate Collection Set: 76.8ms
[2025-10-13T18:15:31.738-0700][1256][info ][gc,phases   ] GC(10)   Post Evacuate Collection Set: 7.4ms
[2025-10-13T18:15:31.738-0700][1256][info ][gc,phases   ] GC(10)   Other: 0.5ms
[2025-10-13T18:15:31.738-0700][1256][debug][gc,remset   ] GC(10) Coarsening (recent): Inline->AoC 0 (0) AoC->Howl 0 (0) Howl->Full 0 (0) Inline->AoC 0 (0) AoC->BitMap 0 (0) BitMap->Full 0 (0) 
[2025-10-13T18:15:31.738-0700][1256][debug][gc,remset   ] GC(10) Coarsening (all): Inline->AoC 0 (0) AoC->Howl 0 (0) Howl->Full 0 (0) Inline->AoC 0 (0) AoC->BitMap 0 (0) BitMap->Full 0 (0) 
[2025-10-13T18:15:31.738-0700][1256][info ][gc,heap     ] GC(10) Eden regions: 132->0(276)
[2025-10-13T18:15:31.738-0700][1256][info ][gc,heap     ] GC(10) Survivor regions: 10->12(36)
[2025-10-13T18:15:31.738-0700][1256][info ][gc,heap     ] GC(10) Old regions: 0->0
[2025-10-13T18:15:31.738-0700][1256][info ][gc,heap     ] GC(10) Humongous regions: 0->0
[2025-10-13T18:15:31.738-0700][1256][info ][gc,metaspace] GC(10) Metaspace: 170382K(172288K)->170382K(172288K) NonClass: 149642K(150720K)->149642K(150720K) Class: 20740K(21568K)->20740K(21568K)
[2025-10-13T18:15:31.738-0700][1256][info ][gc          ] GC(10) Pause Young (Concurrent Start) (Metadata GC Threshold) 4537M->378M(184320M) 86.542ms
[2025-10-13T18:15:31.738-0700][1089][info ][gc          ] GC(11) Concurrent Mark Cycle
[2025-10-13T18:15:31.738-0700][1089][info ][gc,marking  ] GC(11) Concurrent Scan Root Regions
[2025-10-13T18:15:31.738-0700][1256][info ][gc,cpu      ] GC(10) User=1.62s Sys=2.04s Real=0.08s
[2025-10-13T18:15:31.738-0700][1256][info ][safepoint   ] Safepoint "CollectForMetadataAllocation", Time since last: 150336746 ns, Reaching safepoint: 124209 ns, Cleanup: 178189 ns, At safepoint: 87434653 ns, Total: 87737051 ns
[2025-10-13T18:15:31.746-0700][1089][info ][gc,marking  ] GC(11) Concurrent Scan Root Regions 8.645ms
[2025-10-13T18:15:31.747-0700][1089][info ][gc,marking  ] GC(11) Concurrent Mark
[2025-10-13T18:15:31.747-0700][1089][info ][gc,marking  ] GC(11) Concurrent Mark From Roots
[2025-10-13T18:15:31.747-0700][1089][info ][gc,task     ] GC(11) Using 36 workers of 36 for marking
[2025-10-13T18:15:31.750-0700][1089][info ][gc,marking  ] GC(11) Concurrent Mark From Roots 3.587ms
[2025-10-13T18:15:31.750-0700][1089][info ][gc,marking  ] GC(11) Concurrent Preclean
[2025-10-13T18:15:31.750-0700][1089][info ][gc,marking  ] GC(11) Concurrent Preclean 0.012ms
[2025-10-13T18:15:31.751-0700][1256][info ][gc,start    ] GC(11) Pause Remark
[2025-10-13T18:15:31.772-0700][1256][info ][gc          ] GC(11) Pause Remark 463M->463M(184320M) 21.330ms
[2025-10-13T18:15:31.772-0700][1256][info ][gc,cpu      ] GC(11) User=0.63s Sys=0.00s Real=0.02s
[2025-10-13T18:15:31.772-0700][1256][info ][safepoint   ] Safepoint "G1PauseRemark", Time since last: 11896535 ns, Reaching safepoint: 90627 ns, Cleanup: 39310 ns, At safepoint: 22026092 ns, Total: 22156029 ns
[2025-10-13T18:15:31.772-0700][1089][info ][gc,marking  ] GC(11) Concurrent Mark 25.808ms
[2025-10-13T18:15:31.772-0700][1089][info ][gc,marking  ] GC(11) Concurrent Rebuild Remembered Sets and Scrub Regions
[2025-10-13T18:15:31.773-0700][1089][info ][gc,marking  ] GC(11) Concurrent Rebuild Remembered Sets and Scrub Regions 0.209ms
[2025-10-13T18:15:31.773-0700][1256][info ][gc,start    ] GC(11) Pause Cleanup
[2025-10-13T18:15:31.773-0700][1256][info ][gc          ] GC(11) Pause Cleanup 473M->473M(184320M) 0.013ms
[2025-10-13T18:15:31.773-0700][1256][info ][gc,cpu      ] GC(11) User=0.00s Sys=0.00s Real=0.00s
[2025-10-13T18:15:31.773-0700][1256][info ][safepoint   ] Safepoint "G1PauseCleanup", Time since last: 261025 ns, Reaching safepoint: 66180 ns, Cleanup: 58579 ns, At safepoint: 121544 ns, Total: 246303 ns
[2025-10-13T18:15:31.773-0700][1089][info ][gc,marking  ] GC(11) Concurrent Clear Claimed Marks
[2025-10-13T18:15:31.773-0700][1089][info ][gc,marking  ] GC(11) Concurrent Clear Claimed Marks 0.064ms
[2025-10-13T18:15:31.773-0700][1089][info ][gc,marking  ] GC(11) Concurrent Cleanup for Next Mark
[2025-10-13T18:15:31.798-0700][1089][info ][gc,marking  ] GC(11) Concurrent Cleanup for Next Mark 24.620ms
[2025-10-13T18:15:31.798-0700][1089][info ][gc          ] GC(11) Concurrent Mark Cycle 59.736ms
[2025-10-13T18:15:32.156-0700][1256][info ][safepoint   ] Safepoint "ICBufferFull", Time since last: 382793313 ns, Reaching safepoint: 126171 ns, Cleanup: 224270 ns, At safepoint: 19940 ns, Total: 370381 ns
[2025-10-13T18:15:32.524-0700][1256][info ][safepoint   ] Safepoint "ICBufferFull", Time since last: 364403781 ns, Reaching safepoint: 3236664 ns, Cleanup: 174765 ns, At safepoint: 16284 ns, Total: 3427713 ns
[2025-10-13T18:15:32.879-0700][1256][info ][safepoint   ] Safepoint "ICBufferFull", Time since last: 354505444 ns, Reaching safepoint: 129055 ns, Cleanup: 220234 ns, At safepoint: 23656 ns, Total: 372945 ns
[2025-10-13T18:15:33.451-0700][1256][info ][safepoint   ] Safepoint "ICBufferFull", Time since last: 572194716 ns, Reaching safepoint: 129336 ns, Cleanup: 237350 ns, At safepoint: 18187 ns, Total: 384873 ns
[2025-10-13T18:15:33.719-0700][1256][info ][safepoint   ] Safepoint "ICBufferFull", Time since last: 266981666 ns, Reaching safepoint: 116617 ns, Cleanup: 232121 ns, At safepoint: 22495 ns, Total: 371233 ns
[2025-10-13T18:15:34.041-0700][1256][info ][safepoint   ] Safepoint "ICBufferFull", Time since last: 321657135 ns, Reaching safepoint: 117257 ns, Cleanup: 213604 ns, At safepoint: 22895 ns, Total: 353756 ns
[2025-10-13T18:15:34.041-0700][1256][info ][safepoint   ] Safepoint "ICBufferFull", Time since last: 57356 ns, Reaching safepoint: 50056 ns, Cleanup: 3305 ns, At safepoint: 15995 ns, Total: 69356 ns
[2025-10-13T18:15:34.444-0700][1256][info ][safepoint   ] Safepoint "ICBufferFull", Time since last: 403047368 ns, Reaching safepoint: 146432 ns, Cleanup: 188746 ns, At safepoint: 21773 ns, Total: 356951 ns
[2025-10-13T18:15:34.956-0700][1256][info ][safepoint   ] Safepoint "ICBufferFull", Time since last: 511558292 ns, Reaching safepoint: 144749 ns, Cleanup: 181195 ns, At safepoint: 17246 ns, Total: 343190 ns
[2025-10-13T18:15:35.085-0700][1256][info ][safepoint   ] Safepoint "ICBufferFull", Time since last: 129090592 ns, Reaching safepoint: 147063 ns, Cleanup: 170077 ns, At safepoint: 19640 ns, Total: 336780 ns
[2025-10-13T18:15:35.298-0700][1256][info ][safepoint   ] Safepoint "ICBufferFull", Time since last: 212017017 ns, Reaching safepoint: 152380 ns, Cleanup: 210259 ns, At safepoint: 22644 ns, Total: 385283 ns
[2025-10-13T18:15:36.149-0700][1256][info ][safepoint   ] Safepoint "ICBufferFull", Time since last: 850287228 ns, Reaching safepoint: 178741 ns, Cleanup: 237029 ns, At safepoint: 17717 ns, Total: 433487 ns
[2025-10-13T18:15:36.513-0700][1256][info ][safepoint   ] Safepoint "ICBufferFull", Time since last: 363823488 ns, Reaching safepoint: 154043 ns, Cleanup: 191420 ns, At safepoint: 28013 ns, Total: 373476 ns
[2025-10-13T18:15:36.671-0700][1256][info ][gc,start    ] GC(12) Pause Young (Normal) (G1 Evacuation Pause)
[2025-10-13T18:15:36.671-0700][1256][info ][gc,task     ] GC(12) Using 113 workers of 113 for evacuation
[2025-10-13T18:15:36.673-0700][1256][debug][gc,remset   ] GC(12) Visited cards 0 Total dirty 0 (0.00%) Total old 37748736 (0.00%)
[2025-10-13T18:15:36.791-0700][1256][info ][gc,phases   ] GC(12)   Pre Evacuate Collection Set: 0.6ms
[2025-10-13T18:15:36.791-0700][1256][info ][gc,phases   ] GC(12)   Merge Heap Roots: 0.7ms
[2025-10-13T18:15:36.791-0700][1256][info ][gc,phases   ] GC(12)   Evacuate Collection Set: 108.6ms
[2025-10-13T18:15:36.791-0700][1256][info ][gc,phases   ] GC(12)   Post Evacuate Collection Set: 9.0ms
[2025-10-13T18:15:36.791-0700][1256][info ][gc,phases   ] GC(12)   Other: 0.7ms
[2025-10-13T18:15:36.791-0700][1256][debug][gc,remset   ] GC(12) Coarsening (recent): Inline->AoC 0 (0) AoC->Howl 0 (0) Howl->Full 0 (0) Inline->AoC 0 (0) AoC->BitMap 0 (0) BitMap->Full 0 (0) 
[2025-10-13T18:15:36.791-0700][1256][debug][gc,remset   ] GC(12) Coarsening (all): Inline->AoC 0 (0) AoC->Howl 0 (0) Howl->Full 0 (0) Inline->AoC 0 (0) AoC->BitMap 0 (0) BitMap->Full 0 (0) 
[2025-10-13T18:15:36.791-0700][1256][info ][gc,heap     ] GC(12) Eden regions: 276->0(269)
[2025-10-13T18:15:36.791-0700][1256][info ][gc,heap     ] GC(12) Survivor regions: 12->19(36)
[2025-10-13T18:15:36.791-0700][1256][info ][gc,heap     ] GC(12) Old regions: 0->0
[2025-10-13T18:15:36.791-0700][1256][info ][gc,heap     ] GC(12) Humongous regions: 0->0
[2025-10-13T18:15:36.791-0700][1256][info ][gc,metaspace] GC(12) Metaspace: 194935K(197248K)->194935K(197248K) NonClass: 171504K(172800K)->171504K(172800K) Class: 23431K(24448K)->23431K(24448K)
[2025-10-13T18:15:36.791-0700][1256][info ][gc          ] GC(12) Pause Young (Normal) (G1 Evacuation Pause) 9210M->594M(184320M) 119.786ms
[2025-10-13T18:15:36.791-0700][1256][info ][gc,cpu      ] GC(12) User=2.43s Sys=1.92s Real=0.12s
[2025-10-13T18:15:36.791-0700][1256][info ][safepoint   ] Safepoint "G1CollectForAllocation", Time since last: 157486094 ns, Reaching safepoint: 158320 ns, Cleanup: 157809 ns, At safepoint: 120764791 ns, Total: 121080920 ns
[2025-10-13T18:15:37.253-0700][1256][info ][safepoint   ] Safepoint "ICBufferFull", Time since last: 461312692 ns, Reaching safepoint: 155545 ns, Cleanup: 209828 ns, At safepoint: 36235 ns, Total: 401608 ns
[2025-10-13T18:15:37.254-0700][1256][info ][safepoint   ] Safepoint "ICBufferFull", Time since last: 52539 ns, Reaching safepoint: 926244 ns, Cleanup: 5748 ns, At safepoint: 23987 ns, Total: 955979 ns
[2025-10-13T18:15:37.257-0700][1256][info ][safepoint   ] Safepoint "ICBufferFull", Time since last: 24987 ns, Reaching safepoint: 2558236 ns, Cleanup: 20010 ns, At safepoint: 28463 ns, Total: 2606709 ns
[2025-10-13T18:15:37.257-0700][1256][info ][safepoint   ] Safepoint "ICBufferFull", Time since last: 32499 ns, Reaching safepoint: 42535 ns, Cleanup: 821 ns, At safepoint: 20922 ns, Total: 64278 ns
[2025-10-13T18:15:38.257-0700][1256][info ][safepoint   ] Safepoint "Cleanup", Time since last: 1000098096 ns, Reaching safepoint: 163408 ns, Cleanup: 152901 ns, At safepoint: 17817 ns, Total: 334126 ns
[2025-10-13T18:15:39.384-0700][1256][info ][safepoint   ] Safepoint "Cleanup", Time since last: 1126111277 ns, Reaching safepoint: 157259 ns, Cleanup: 96326 ns, At safepoint: 19759 ns, Total: 273344 ns
[2025-10-13T18:15:40.384-0700][1256][info ][safepoint   ] Safepoint "Cleanup", Time since last: 1000131367 ns, Reaching safepoint: 159362 ns, Cleanup: 60371 ns, At safepoint: 19099 ns, Total: 238832 ns
[2025-10-13T18:15:41.327-0700][1256][info ][safepoint   ] Safepoint "ICBufferFull", Time since last: 942197240 ns, Reaching safepoint: 161275 ns, Cleanup: 211119 ns, At safepoint: 24908 ns, Total: 397302 ns
[2025-10-13T18:15:42.327-0700][1256][info ][safepoint   ] Safepoint "Cleanup", Time since last: 1000127521 ns, Reaching safepoint: 177399 ns, Cleanup: 133963 ns, At safepoint: 19389 ns, Total: 330751 ns
[2025-10-13T18:15:43.327-0700][1256][info ][safepoint   ] Safepoint "Cleanup", Time since last: 1000143936 ns, Reaching safepoint: 184530 ns, Cleanup: 70166 ns, At safepoint: 19650 ns, Total: 274346 ns
[2025-10-13T18:15:44.328-0700][1256][info ][safepoint   ] Safepoint "Cleanup", Time since last: 1000134191 ns, Reaching safepoint: 186172 ns, Cleanup: 73561 ns, At safepoint: 21463 ns, Total: 281196 ns
[2025-10-13T18:15:45.328-0700][1256][info ][safepoint   ] Safepoint "Cleanup", Time since last: 1000135172 ns, Reaching safepoint: 198000 ns, Cleanup: 51228 ns, At safepoint: 22504 ns, Total: 271732 ns
[2025-10-13T18:15:46.329-0700][1256][info ][safepoint   ] Safepoint "Cleanup", Time since last: 1000115653 ns, Reaching safepoint: 161685 ns, Cleanup: 117348 ns, At safepoint: 14972 ns, Total: 294005 ns
[2025-10-13T18:15:47.329-0700][1256][info ][safepoint   ] Safepoint "Cleanup", Time since last: 1000104657 ns, Reaching safepoint: 181314 ns, Cleanup: 194796 ns, At safepoint: 22794 ns, Total: 398904 ns
[2025-10-13T18:15:48.330-0700][1256][info ][safepoint   ] Safepoint "Cleanup", Time since last: 1000113910 ns, Reaching safepoint: 193603 ns, Cleanup: 85710 ns, At safepoint: 23997 ns, Total: 303310 ns
[2025-10-13T18:15:49.330-0700][1256][info ][safepoint   ] Safepoint "Cleanup", Time since last: 1000126729 ns, Reaching safepoint: 173774 ns, Cleanup: 76946 ns, At safepoint: 13651 ns, Total: 264371 ns
[2025-10-13T18:15:50.330-0700][1256][info ][safepoint   ] Safepoint "Cleanup", Time since last: 1000120000 ns, Reaching safepoint: 204419 ns, Cleanup: 99571 ns, At safepoint: 23536 ns, Total: 327526 ns
[2025-10-13T18:15:51.331-0700][1256][info ][safepoint   ] Safepoint "Cleanup", Time since last: 1000128182 ns, Reaching safepoint: 201695 ns, Cleanup: 133883 ns, At safepoint: 30086 ns, Total: 365664 ns
[2025-10-13T18:15:52.331-0700][1256][info ][safepoint   ] Safepoint "Cleanup", Time since last: 1000129474 ns, Reaching safepoint: 213102 ns, Cleanup: 98490 ns, At safepoint: 24577 ns, Total: 336169 ns
[2025-10-13T18:15:53.999-0700][1256][info ][safepoint   ] Safepoint "Cleanup", Time since last: 1666937684 ns, Reaching safepoint: 173873 ns, Cleanup: 154264 ns, At safepoint: 25258 ns, Total: 353395 ns
[2025-10-13T18:15:54.053-0700][1256][info ][gc,start    ] GC(13) Pause Young (Normal) (G1 Evacuation Pause)
[2025-10-13T18:15:54.053-0700][1256][info ][gc,task     ] GC(13) Using 113 workers of 113 for evacuation
[2025-10-13T18:15:54.055-0700][1256][debug][gc,remset   ] GC(13) Visited cards 0 Total dirty 0 (0.00%) Total old 37748736 (0.00%)
[2025-10-13T18:15:54.206-0700][1256][info ][gc,phases   ] GC(13)   Pre Evacuate Collection Set: 0.6ms
[2025-10-13T18:15:54.206-0700][1256][info ][gc,phases   ] GC(13)   Merge Heap Roots: 0.8ms
[2025-10-13T18:15:54.206-0700][1256][info ][gc,phases   ] GC(13)   Evacuate Collection Set: 141.0ms
[2025-10-13T18:15:54.206-0700][1256][info ][gc,phases   ] GC(13)   Post Evacuate Collection Set: 10.4ms
[2025-10-13T18:15:54.206-0700][1256][info ][gc,phases   ] GC(13)   Other: 0.3ms
[2025-10-13T18:15:54.206-0700][1256][debug][gc,remset   ] GC(13) Coarsening (recent): Inline->AoC 0 (0) AoC->Howl 0 (0) Howl->Full 0 (0) Inline->AoC 0 (0) AoC->BitMap 0 (0) BitMap->Full 0 (0) 
[2025-10-13T18:15:54.206-0700][1256][debug][gc,remset   ] GC(13) Coarsening (all): Inline->AoC 0 (0) AoC->Howl 0 (0) Howl->Full 0 (0) Inline->AoC 0 (0) AoC->BitMap 0 (0) BitMap->Full 0 (0) 
[2025-10-13T18:15:54.206-0700][1256][info ][gc,heap     ] GC(13) Eden regions: 269->0(266)
[2025-10-13T18:15:54.206-0700][1256][info ][gc,heap     ] GC(13) Survivor regions: 19->22(36)
[2025-10-13T18:15:54.206-0700][1256][info ][gc,heap     ] GC(13) Old regions: 0->0
[2025-10-13T18:15:54.206-0700][1256][info ][gc,heap     ] GC(13) Humongous regions: 0->0
[2025-10-13T18:15:54.206-0700][1256][info ][gc,metaspace] GC(13) Metaspace: 206884K(209344K)->206884K(209344K) NonClass: 182304K(183680K)->182304K(183680K) Class: 24580K(25664K)->24580K(25664K)
[2025-10-13T18:15:54.206-0700][1256][info ][gc          ] GC(13) Pause Young (Normal) (G1 Evacuation Pause) 9202M->696M(184320M) 153.296ms
[2025-10-13T18:15:54.207-0700][1256][info ][gc,cpu      ] GC(13) User=2.36s Sys=1.88s Real=0.15s
[2025-10-13T18:15:54.207-0700][1256][info ][safepoint   ] Safepoint "G1CollectForAllocation", Time since last: 53740174 ns, Reaching safepoint: 158930 ns, Cleanup: 2564 ns, At safepoint: 154454193 ns, Total: 154615687 ns
[2025-10-13T18:15:55.586-0700][1256][info ][safepoint   ] Safepoint "Cleanup", Time since last: 1378756886 ns, Reaching safepoint: 195046 ns, Cleanup: 198390 ns, At safepoint: 24848 ns, Total: 418284 ns
[2025-10-13T18:15:56.587-0700][1256][info ][safepoint   ] Safepoint "Cleanup", Time since last: 1000104176 ns, Reaching safepoint: 199241 ns, Cleanup: 100543 ns, At safepoint: 25548 ns, Total: 325332 ns
[2025-10-13T18:15:57.587-0700][1256][info ][safepoint   ] Safepoint "Cleanup", Time since last: 1000115543 ns, Reaching safepoint: 203699 ns, Cleanup: 125530 ns, At safepoint: 26570 ns, Total: 355799 ns
[2025-10-13T18:15:58.588-0700][1256][info ][safepoint   ] Safepoint "Cleanup", Time since last: 1000126840 ns, Reaching safepoint: 206894 ns, Cleanup: 57647 ns, At safepoint: 25519 ns, Total: 290060 ns
[2025-10-13T18:15:59.588-0700][1256][info ][safepoint   ] Safepoint "Cleanup", Time since last: 1000112388 ns, Reaching safepoint: 215286 ns, Cleanup: 47352 ns, At safepoint: 26310 ns, Total: 288948 ns
[2025-10-13T18:16:00.589-0700][1256][info ][safepoint   ] Safepoint "Cleanup", Time since last: 1000148262 ns, Reaching safepoint: 319995 ns, Cleanup: 44387 ns, At safepoint: 34893 ns, Total: 399275 ns
[2025-10-13T18:16:01.679-0700][1256][info ][safepoint   ] Safepoint "Cleanup", Time since last: 1090049702 ns, Reaching safepoint: 307987 ns, Cleanup: 172942 ns, At safepoint: 42113 ns, Total: 523042 ns
[2025-10-13T18:16:02.680-0700][1256][info ][safepoint   ] Safepoint "Cleanup", Time since last: 1000117076 ns, Reaching safepoint: 278672 ns, Cleanup: 24487 ns, At safepoint: 19900 ns, Total: 323059 ns
[2025-10-13T18:16:03.680-0700][1256][info ][safepoint   ] Safepoint "Cleanup", Time since last: 1000106900 ns, Reaching safepoint: 197088 ns, Cleanup: 43887 ns, At safepoint: 18358 ns, Total: 259333 ns
[2025-10-13T18:16:04.680-0700][1256][info ][safepoint   ] Safepoint "Cleanup", Time since last: 1000112738 ns, Reaching safepoint: 247756 ns, Cleanup: 42043 ns, At safepoint: 38158 ns, Total: 327957 ns
[2025-10-13T18:16:05.681-0700][1256][info ][safepoint   ] Safepoint "Cleanup", Time since last: 1000123144 ns, Reaching safepoint: 200084 ns, Cleanup: 26149 ns, At safepoint: 17306 ns, Total: 243539 ns
[2025-10-13T18:16:06.681-0700][1256][info ][safepoint   ] Safepoint "Cleanup", Time since last: 1000124136 ns, Reaching safepoint: 226483 ns, Cleanup: 83337 ns, At safepoint: 29064 ns, Total: 338884 ns
[2025-10-13T18:16:07.682-0700][1256][info ][safepoint   ] Safepoint "Cleanup", Time since last: 1000135623 ns, Reaching safepoint: 206663 ns, Cleanup: 52149 ns, At safepoint: 17837 ns, Total: 276649 ns
[2025-10-13T18:16:08.682-0700][1256][info ][safepoint   ] Safepoint "Cleanup", Time since last: 1000104797 ns, Reaching safepoint: 203147 ns, Cleanup: 23306 ns, At safepoint: 21843 ns, Total: 248296 ns
[2025-10-13T18:16:09.682-0700][1256][info ][safepoint   ] Safepoint "Cleanup", Time since last: 1000102553 ns, Reaching safepoint: 245442 ns, Cleanup: 39229 ns, At safepoint: 25218 ns, Total: 309889 ns
[2025-10-13T18:16:10.683-0700][1256][info ][safepoint   ] Safepoint "Cleanup", Time since last: 1000102624 ns, Reaching safepoint: 205361 ns, Cleanup: 40171 ns, At safepoint: 19980 ns, Total: 265512 ns
[2025-10-13T18:16:11.683-0700][1256][info ][safepoint   ] Safepoint "Cleanup", Time since last: 1000101922 ns, Reaching safepoint: 211000 ns, Cleanup: 73371 ns, At safepoint: 20601 ns, Total: 304972 ns
[2025-10-13T18:16:12.684-0700][1256][info ][safepoint   ] Safepoint "Cleanup", Time since last: 1000105578 ns, Reaching safepoint: 219242 ns, Cleanup: 49445 ns, At safepoint: 19059 ns, Total: 287746 ns
[2025-10-13T18:16:13.684-0700][1256][info ][safepoint   ] Safepoint "Cleanup", Time since last: 1000109594 ns, Reaching safepoint: 207354 ns, Cleanup: 37607 ns, At safepoint: 17947 ns, Total: 262908 ns
[2025-10-13T18:16:14.395-0700][1256][info ][gc,start    ] GC(14) Pause Young (Normal) (G1 Evacuation Pause)
[2025-10-13T18:16:14.395-0700][1256][info ][gc,task     ] GC(14) Using 113 workers of 113 for evacuation
[2025-10-13T18:16:14.397-0700][1256][debug][gc,remset   ] GC(14) Visited cards 0 Total dirty 0 (0.00%) Total old 37748736 (0.00%)
[2025-10-13T18:16:14.558-0700][1256][info ][gc,phases   ] GC(14)   Pre Evacuate Collection Set: 0.6ms
[2025-10-13T18:16:14.558-0700][1256][info ][gc,phases   ] GC(14)   Merge Heap Roots: 0.7ms
[2025-10-13T18:16:14.558-0700][1256][info ][gc,phases   ] GC(14)   Evacuate Collection Set: 149.4ms
[2025-10-13T18:16:14.558-0700][1256][info ][gc,phases   ] GC(14)   Post Evacuate Collection Set: 11.4ms
[2025-10-13T18:16:14.558-0700][1256][info ][gc,phases   ] GC(14)   Other: 0.4ms
[2025-10-13T18:16:14.558-0700][1256][debug][gc,remset   ] GC(14) Coarsening (recent): Inline->AoC 0 (0) AoC->Howl 0 (0) Howl->Full 0 (0) Inline->AoC 0 (0) AoC->BitMap 0 (0) BitMap->Full 0 (0) 
[2025-10-13T18:16:14.558-0700][1256][debug][gc,remset   ] GC(14) Coarsening (all): Inline->AoC 0 (0) AoC->Howl 0 (0) Howl->Full 0 (0) Inline->AoC 0 (0) AoC->BitMap 0 (0) BitMap->Full 0 (0) 
[2025-10-13T18:16:14.558-0700][1256][info ][gc,heap     ] GC(14) Eden regions: 266->0(267)
[2025-10-13T18:16:14.558-0700][1256][info ][gc,heap     ] GC(14) Survivor regions: 22->21(36)
[2025-10-13T18:16:14.558-0700][1256][info ][gc,heap     ] GC(14) Old regions: 0->4
[2025-10-13T18:16:14.558-0700][1256][info ][gc,heap     ] GC(14) Humongous regions: 0->0
[2025-10-13T18:16:14.558-0700][1256][info ][gc,metaspace] GC(14) Metaspace: 208730K(211136K)->208730K(211136K) NonClass: 184133K(185472K)->184133K(185472K) Class: 24596K(25664K)->24596K(25664K)
[2025-10-13T18:16:14.558-0700][1256][info ][gc          ] GC(14) Pause Young (Normal) (G1 Evacuation Pause) 9208M->747M(184320M) 162.674ms
[2025-10-13T18:16:14.559-0700][1256][info ][gc,cpu      ] GC(14) User=2.39s Sys=2.58s Real=0.16s
[2025-10-13T18:16:14.559-0700][1256][info ][safepoint   ] Safepoint "G1CollectForAllocation", Time since last: 710630400 ns, Reaching safepoint: 212873 ns, Cleanup: 15443 ns, At safepoint: 164058531 ns, Total: 164286847 ns
[2025-10-13T18:16:15.559-0700][1256][info ][safepoint   ] Safepoint "Cleanup", Time since last: 1000103604 ns, Reaching safepoint: 227144 ns, Cleanup: 44508 ns, At safepoint: 51278 ns, Total: 322930 ns
[2025-10-13T18:16:16.560-0700][1256][info ][safepoint   ] Safepoint "Cleanup", Time since last: 1000128702 ns, Reaching safepoint: 252142 ns, Cleanup: 35534 ns, At safepoint: 35103 ns, Total: 322779 ns
[2025-10-13T18:16:17.560-0700][1256][info ][safepoint   ] Safepoint "Cleanup", Time since last: 1000105428 ns, Reaching safepoint: 201675 ns, Cleanup: 42084 ns, At safepoint: 19370 ns, Total: 263129 ns
[2025-10-13T18:16:18.560-0700][1256][info ][safepoint   ] Safepoint "Cleanup", Time since last: 1000108812 ns, Reaching safepoint: 225862 ns, Cleanup: 31027 ns, At safepoint: 20211 ns, Total: 277100 ns
[2025-10-13T18:16:19.561-0700][1256][info ][safepoint   ] Safepoint "Cleanup", Time since last: 1000112168 ns, Reaching safepoint: 208936 ns, Cleanup: 34833 ns, At safepoint: 21793 ns, Total: 265562 ns
[2025-10-13T18:16:20.561-0700][1256][info ][safepoint   ] Safepoint "Cleanup", Time since last: 1000109484 ns, Reaching safepoint: 207574 ns, Cleanup: 28624 ns, At safepoint: 20651 ns, Total: 256849 ns
[2025-10-13T18:16:21.562-0700][1256][info ][safepoint   ] Safepoint "Cleanup", Time since last: 1000135523 ns, Reaching safepoint: 240014 ns, Cleanup: 56535 ns, At safepoint: 32509 ns, Total: 329058 ns
[2025-10-13T18:16:22.562-0700][1256][info ][safepoint   ] Safepoint "Cleanup", Time since last: 1000110045 ns, Reaching safepoint: 240905 ns, Cleanup: 34813 ns, At safepoint: 34041 ns, Total: 309759 ns
[2025-10-13T18:16:23.878-0700][1256][info ][safepoint   ] Safepoint "Cleanup", Time since last: 1315288587 ns, Reaching safepoint: 241336 ns, Cleanup: 147473 ns, At safepoint: 22554 ns, Total: 411363 ns
[2025-10-13T18:16:24.878-0700][1256][info ][safepoint   ] Safepoint "Cleanup", Time since last: 1000095433 ns, Reaching safepoint: 235496 ns, Cleanup: 24638 ns, At safepoint: 32179 ns, Total: 292313 ns
[2025-10-13T18:16:25.879-0700][1256][info ][safepoint   ] Safepoint "Cleanup", Time since last: 1000122623 ns, Reaching safepoint: 210299 ns, Cleanup: 21192 ns, At safepoint: 21452 ns, Total: 252943 ns
[2025-10-13T18:16:26.879-0700][1256][info ][safepoint   ] Safepoint "Cleanup", Time since last: 1000093390 ns, Reaching safepoint: 209507 ns, Cleanup: 23115 ns, At safepoint: 21903 ns, Total: 254525 ns
[2025-10-13T18:16:27.879-0700][1256][info ][safepoint   ] Safepoint "Cleanup", Time since last: 1000097491 ns, Reaching safepoint: 275507 ns, Cleanup: 28433 ns, At safepoint: 42274 ns, Total: 346214 ns
[2025-10-13T18:16:28.880-0700][1256][info ][safepoint   ] Safepoint "Cleanup", Time since last: 1000105661 ns, Reaching safepoint: 212622 ns, Cleanup: 15353 ns, At safepoint: 19440 ns, Total: 247415 ns
[2025-10-13T18:16:29.880-0700][1256][info ][safepoint   ] Safepoint "Cleanup", Time since last: 1000095956 ns, Reaching safepoint: 243869 ns, Cleanup: 25389 ns, At safepoint: 31428 ns, Total: 300686 ns
[2025-10-13T18:16:30.881-0700][1256][info ][safepoint   ] Safepoint "Cleanup", Time since last: 1000124459 ns, Reaching safepoint: 418995 ns, Cleanup: 86971 ns, At safepoint: 38459 ns, Total: 544425 ns
[2025-10-13T18:16:31.881-0700][1256][info ][safepoint   ] Safepoint "Cleanup", Time since last: 1000103077 ns, Reaching safepoint: 226963 ns, Cleanup: 40782 ns, At safepoint: 21933 ns, Total: 289678 ns
[2025-10-13T18:16:32.882-0700][1256][info ][safepoint   ] Safepoint "Cleanup", Time since last: 1000073553 ns, Reaching safepoint: 250068 ns, Cleanup: 56436 ns, At safepoint: 33571 ns, Total: 340075 ns
[2025-10-13T18:16:33.882-0700][1256][info ][safepoint   ] Safepoint "Cleanup", Time since last: 1000103607 ns, Reaching safepoint: 249809 ns, Cleanup: 20851 ns, At safepoint: 33321 ns, Total: 303981 ns
[2025-10-13T18:16:34.882-0700][1256][info ][safepoint   ] Safepoint "Cleanup", Time since last: 1000103638 ns, Reaching safepoint: 227244 ns, Cleanup: 15824 ns, At safepoint: 21462 ns, Total: 264530 ns
[2025-10-13T18:16:35.883-0700][1256][info ][safepoint   ] Safepoint "Cleanup", Time since last: 1000095987 ns, Reaching safepoint: 221325 ns, Cleanup: 22814 ns, At safepoint: 20361 ns, Total: 264500 ns
[2025-10-13T18:16:36.883-0700][1256][info ][safepoint   ] Safepoint "Cleanup", Time since last: 1000119121 ns, Reaching safepoint: 253675 ns, Cleanup: 19990 ns, At safepoint: 35053 ns, Total: 308718 ns
[2025-10-13T18:16:38.293-0700][1256][info ][safepoint   ] Safepoint "Cleanup", Time since last: 1409111966 ns, Reaching safepoint: 430643 ns, Cleanup: 150348 ns, At safepoint: 38017 ns, Total: 619008 ns
[2025-10-13T18:16:39.293-0700][1256][info ][safepoint   ] Safepoint "Cleanup", Time since last: 1000122085 ns, Reaching safepoint: 292703 ns, Cleanup: 22985 ns, At safepoint: 41473 ns, Total: 357161 ns
[2025-10-13T18:16:40.294-0700][1256][info ][safepoint   ] Safepoint "Cleanup", Time since last: 1000105504 ns, Reaching safepoint: 253514 ns, Cleanup: 12048 ns, At safepoint: 22685 ns, Total: 288247 ns
[2025-10-13T18:16:41.294-0700][1256][info ][safepoint   ] Safepoint "Cleanup", Time since last: 1000127818 ns, Reaching safepoint: 251150 ns, Cleanup: 61253 ns, At safepoint: 23185 ns, Total: 335588 ns
[2025-10-13T18:16:42.295-0700][1256][info ][safepoint   ] Safepoint "Cleanup", Time since last: 1000120768 ns, Reaching safepoint: 267455 ns, Cleanup: 42755 ns, At safepoint: 34422 ns, Total: 344632 ns
[2025-10-13T18:16:43.295-0700][1256][info ][safepoint   ] Safepoint "Cleanup", Time since last: 1000135499 ns, Reaching safepoint: 283280 ns, Cleanup: 25338 ns, At safepoint: 22304 ns, Total: 330922 ns
[2025-10-13T18:16:44.296-0700][1256][info ][safepoint   ] Safepoint "Cleanup", Time since last: 1000125444 ns, Reaching safepoint: 292343 ns, Cleanup: 19169 ns, At safepoint: 36325 ns, Total: 347837 ns
[2025-10-13T18:16:46.296-0700][1256][info ][safepoint   ] Safepoint "Cleanup", Time since last: 2000197108 ns, Reaching safepoint: 273154 ns, Cleanup: 22894 ns, At safepoint: 30306 ns, Total: 326354 ns
[2025-10-13T18:16:47.297-0700][1256][info ][safepoint   ] Safepoint "Cleanup", Time since last: 1000105204 ns, Reaching safepoint: 265943 ns, Cleanup: 25529 ns, At safepoint: 26430 ns, Total: 317902 ns
[2025-10-13T18:16:48.297-0700][1256][info ][safepoint   ] Safepoint "Cleanup", Time since last: 1000126065 ns, Reaching safepoint: 298092 ns, Cleanup: 31968 ns, At safepoint: 38028 ns, Total: 368088 ns
[2025-10-13T18:16:49.298-0700][1256][info ][safepoint   ] Safepoint "Cleanup", Time since last: 1000117432 ns, Reaching safepoint: 452656 ns, Cleanup: 36385 ns, At safepoint: 39981 ns, Total: 529022 ns
[2025-10-13T18:16:50.298-0700][1256][info ][safepoint   ] Safepoint "Cleanup", Time since last: 1000109921 ns, Reaching safepoint: 299824 ns, Cleanup: 51277 ns, At safepoint: 38098 ns, Total: 389199 ns
[2025-10-13T18:16:51.299-0700][1256][info ][safepoint   ] Safepoint "Cleanup", Time since last: 1000121048 ns, Reaching safepoint: 270219 ns, Cleanup: 29155 ns, At safepoint: 25909 ns, Total: 325283 ns
[2025-10-13T18:16:52.299-0700][1256][info ][safepoint   ] Safepoint "Cleanup", Time since last: 1000123852 ns, Reaching safepoint: 306995 ns, Cleanup: 16896 ns, At safepoint: 36715 ns, Total: 360606 ns
[2025-10-13T18:16:53.300-0700][1256][info ][safepoint   ] Safepoint "Cleanup", Time since last: 1000136351 ns, Reaching safepoint: 300926 ns, Cleanup: 23255 ns, At safepoint: 39400 ns, Total: 363581 ns
[2025-10-13T18:16:54.300-0700][1256][info ][safepoint   ] Safepoint "Cleanup", Time since last: 1000137132 ns, Reaching safepoint: 307727 ns, Cleanup: 23024 ns, At safepoint: 40081 ns, Total: 370832 ns
[2025-10-13T18:16:55.301-0700][1256][info ][safepoint   ] Safepoint "Cleanup", Time since last: 1000123973 ns, Reaching safepoint: 379294 ns, Cleanup: 28483 ns, At safepoint: 41473 ns, Total: 449250 ns
[2025-10-13T18:16:56.301-0700][1256][info ][safepoint   ] Safepoint "Cleanup", Time since last: 1000135129 ns, Reaching safepoint: 312534 ns, Cleanup: 18368 ns, At safepoint: 55854 ns, Total: 386756 ns
[2025-10-13T18:16:57.215-0700][1256][info ][gc,start    ] GC(15) Pause Young (Normal) (G1 Evacuation Pause)
[2025-10-13T18:16:57.215-0700][1256][info ][gc,task     ] GC(15) Using 113 workers of 113 for evacuation
[2025-10-13T18:16:57.217-0700][1256][debug][gc,remset   ] GC(15) Visited cards 157440 Total dirty 262144 (60.06%) Total old 38010880 (0.41%)
[2025-10-13T18:16:57.269-0700][1256][info ][gc,phases   ] GC(15)   Pre Evacuate Collection Set: 0.6ms
[2025-10-13T18:16:57.269-0700][1256][info ][gc,phases   ] GC(15)   Merge Heap Roots: 1.5ms
[2025-10-13T18:16:57.269-0700][1256][info ][gc,phases   ] GC(15)   Evacuate Collection Set: 44.2ms
[2025-10-13T18:16:57.269-0700][1256][info ][gc,phases   ] GC(15)   Post Evacuate Collection Set: 6.6ms
[2025-10-13T18:16:57.269-0700][1256][info ][gc,phases   ] GC(15)   Other: 0.7ms
[2025-10-13T18:16:57.269-0700][1256][debug][gc,remset   ] GC(15) Coarsening (recent): Inline->AoC 0 (0) AoC->Howl 0 (0) Howl->Full 0 (0) Inline->AoC 0 (0) AoC->BitMap 0 (0) BitMap->Full 0 (0) 
[2025-10-13T18:16:57.269-0700][1256][debug][gc,remset   ] GC(15) Coarsening (all): Inline->AoC 0 (0) AoC->Howl 0 (0) Howl->Full 0 (0) Inline->AoC 0 (0) AoC->BitMap 0 (0) BitMap->Full 0 (0) 
[2025-10-13T18:16:57.269-0700][1256][info ][gc,heap     ] GC(15) Eden regions: 267->0(265)
[2025-10-13T18:16:57.269-0700][1256][info ][gc,heap     ] GC(15) Survivor regions: 21->23(36)
[2025-10-13T18:16:57.269-0700][1256][info ][gc,heap     ] GC(15) Old regions: 4->4
[2025-10-13T18:16:57.269-0700][1256][info ][gc,heap     ] GC(15) Humongous regions: 0->0
[2025-10-13T18:16:57.269-0700][1256][info ][gc,metaspace] GC(15) Metaspace: 210036K(212480K)->210036K(212480K) NonClass: 185364K(186752K)->185364K(186752K) Class: 24672K(25728K)->24672K(25728K)
[2025-10-13T18:16:57.269-0700][1256][info ][gc          ] GC(15) Pause Young (Normal) (G1 Evacuation Pause) 9291M->815M(184320M) 53.754ms
[2025-10-13T18:16:57.270-0700][1256][info ][gc,cpu      ] GC(15) User=1.44s Sys=0.47s Real=0.05s
[2025-10-13T18:16:57.270-0700][1256][info ][safepoint   ] Safepoint "G1CollectForAllocation", Time since last: 912864151 ns, Reaching safepoint: 377362 ns, Cleanup: 25849 ns, At safepoint: 55440007 ns, Total: 55843218 ns
[2025-10-13T18:16:58.270-0700][1256][info ][safepoint   ] Safepoint "Cleanup", Time since last: 1000089270 ns, Reaching safepoint: 409710 ns, Cleanup: 15474 ns, At safepoint: 60021 ns, Total: 485205 ns
[2025-10-13T18:16:59.271-0700][1256][info ][safepoint   ] Safepoint "Cleanup", Time since last: 1000120206 ns, Reaching safepoint: 301247 ns, Cleanup: 14482 ns, At safepoint: 45258 ns, Total: 360987 ns
[2025-10-13T18:17:00.271-0700][1256][info ][safepoint   ] Safepoint "Cleanup", Time since last: 1000116842 ns, Reaching safepoint: 348237 ns, Cleanup: 12760 ns, At safepoint: 32018 ns, Total: 393015 ns
[2025-10-13T18:17:01.697-0700][1256][info ][safepoint   ] Safepoint "Cleanup", Time since last: 1425120135 ns, Reaching safepoint: 312624 ns, Cleanup: 38308 ns, At safepoint: 41272 ns, Total: 392204 ns
[2025-10-13T18:17:02.698-0700][1256][info ][safepoint   ] Safepoint "Cleanup", Time since last: 1000139857 ns, Reaching safepoint: 462821 ns, Cleanup: 19870 ns, At safepoint: 28824 ns, Total: 511515 ns
[2025-10-13T18:17:03.698-0700][1256][info ][safepoint   ] Safepoint "Cleanup", Time since last: 1000129440 ns, Reaching safepoint: 312974 ns, Cleanup: 24197 ns, At safepoint: 39660 ns, Total: 376831 ns
[2025-10-13T18:17:04.699-0700][1256][info ][safepoint   ] Safepoint "Cleanup", Time since last: 1000139466 ns, Reaching safepoint: 289268 ns, Cleanup: 16675 ns, At safepoint: 25709 ns, Total: 331652 ns
[2025-10-13T18:17:05.699-0700][1256][info ][safepoint   ] Safepoint "Cleanup", Time since last: 1000129401 ns, Reaching safepoint: 316249 ns, Cleanup: 36525 ns, At safepoint: 39520 ns, Total: 392294 ns
[2025-10-13T18:17:06.700-0700][1256][info ][safepoint   ] Safepoint "Cleanup", Time since last: 1000111964 ns, Reaching safepoint: 266634 ns, Cleanup: 21763 ns, At safepoint: 27552 ns, Total: 315949 ns
[2025-10-13T18:17:07.700-0700][1256][info ][safepoint   ] Safepoint "Cleanup", Time since last: 1000118674 ns, Reaching safepoint: 313575 ns, Cleanup: 34302 ns, At safepoint: 40602 ns, Total: 388479 ns
[2025-10-13T18:17:09.701-0700][1256][info ][safepoint   ] Safepoint "Cleanup", Time since last: 2000223728 ns, Reaching safepoint: 324201 ns, Cleanup: 21582 ns, At safepoint: 41333 ns, Total: 387116 ns
[2025-10-13T18:17:10.701-0700][1256][info ][safepoint   ] Safepoint "Cleanup", Time since last: 1000135430 ns, Reaching safepoint: 324061 ns, Cleanup: 35143 ns, At safepoint: 70236 ns, Total: 429440 ns
[2025-10-13T18:17:11.702-0700][1256][info ][safepoint   ] Safepoint "Cleanup", Time since last: 1000126947 ns, Reaching safepoint: 290700 ns, Cleanup: 50717 ns, At safepoint: 27983 ns, Total: 369400 ns
[2025-10-13T18:17:12.702-0700][1256][info ][safepoint   ] Safepoint "Cleanup", Time since last: 1000123051 ns, Reaching safepoint: 357661 ns, Cleanup: 25649 ns, At safepoint: 52570 ns, Total: 435880 ns
[2025-10-13T18:17:13.703-0700][1256][info ][safepoint   ] Safepoint "Cleanup", Time since last: 1000139666 ns, Reaching safepoint: 323931 ns, Cleanup: 13861 ns, At safepoint: 41773 ns, Total: 379565 ns
[2025-10-13T18:17:14.703-0700][1256][info ][safepoint   ] Safepoint "Cleanup", Time since last: 1000127708 ns, Reaching safepoint: 307946 ns, Cleanup: 24397 ns, At safepoint: 27422 ns, Total: 359765 ns
[2025-10-13T18:17:15.704-0700][1256][info ][safepoint   ] Safepoint "Cleanup", Time since last: 1000126055 ns, Reaching safepoint: 290340 ns, Cleanup: 32219 ns, At safepoint: 28824 ns, Total: 351383 ns
[2025-10-13T18:17:16.704-0700][1256][info ][safepoint   ] Safepoint "Cleanup", Time since last: 1000113666 ns, Reaching safepoint: 383291 ns, Cleanup: 28894 ns, At safepoint: 55904 ns, Total: 468089 ns
[2025-10-13T18:17:17.705-0700][1256][info ][safepoint   ] Safepoint "Cleanup", Time since last: 1000124353 ns, Reaching safepoint: 293004 ns, Cleanup: 14993 ns, At safepoint: 28583 ns, Total: 336580 ns
[2025-10-13T18:17:18.705-0700][1256][info ][safepoint   ] Safepoint "Cleanup", Time since last: 1000124173 ns, Reaching safepoint: 306424 ns, Cleanup: 19650 ns, At safepoint: 28643 ns, Total: 354717 ns
[2025-10-13T18:17:19.706-0700][1256][info ][safepoint   ] Safepoint "Cleanup", Time since last: 1000129080 ns, Reaching safepoint: 336310 ns, Cleanup: 15613 ns, At safepoint: 41954 ns, Total: 393877 ns
[2025-10-13T18:17:20.706-0700][1256][info ][safepoint   ] Safepoint "Cleanup", Time since last: 1000136151 ns, Reaching safepoint: 434999 ns, Cleanup: 15273 ns, At safepoint: 56365 ns, Total: 506637 ns
[2025-10-13T18:17:21.707-0700][1256][info ][safepoint   ] Safepoint "Cleanup", Time since last: 1000141619 ns, Reaching safepoint: 335769 ns, Cleanup: 24697 ns, At safepoint: 44578 ns, Total: 405044 ns
[2025-10-13T18:17:22.708-0700][1256][info ][safepoint   ] Safepoint "Cleanup", Time since last: 1000139796 ns, Reaching safepoint: 548711 ns, Cleanup: 19400 ns, At safepoint: 47371 ns, Total: 615482 ns
[2025-10-13T18:17:23.709-0700][1256][info ][safepoint   ] Safepoint "Cleanup", Time since last: 1000130523 ns, Reaching safepoint: 404553 ns, Cleanup: 147633 ns, At safepoint: 53171 ns, Total: 605357 ns
[2025-10-13T18:17:24.709-0700][1256][info ][safepoint   ] Safepoint "Cleanup", Time since last: 1000137733 ns, Reaching safepoint: 345093 ns, Cleanup: 23615 ns, At safepoint: 52760 ns, Total: 421468 ns
[2025-10-13T18:17:25.710-0700][1256][info ][safepoint   ] Safepoint "Cleanup", Time since last: 1000098724 ns, Reaching safepoint: 369991 ns, Cleanup: 15894 ns, At safepoint: 28163 ns, Total: 414048 ns
[2025-10-13T18:17:26.710-0700][1256][info ][safepoint   ] Safepoint "Cleanup", Time since last: 1000133617 ns, Reaching safepoint: 344001 ns, Cleanup: 21342 ns, At safepoint: 47342 ns, Total: 412685 ns
[2025-10-13T18:17:27.711-0700][1256][info ][safepoint   ] Safepoint "Cleanup", Time since last: 1000099685 ns, Reaching safepoint: 304151 ns, Cleanup: 45860 ns, At safepoint: 29124 ns, Total: 379135 ns
[2025-10-13T18:17:28.711-0700][1256][info ][safepoint   ] Safepoint "Cleanup", Time since last: 1000103851 ns, Reaching safepoint: 302599 ns, Cleanup: 12789 ns, At safepoint: 28543 ns, Total: 343931 ns
[2025-10-13T18:17:30.712-0700][1256][info ][safepoint   ] Safepoint "Cleanup", Time since last: 2000194604 ns, Reaching safepoint: 348138 ns, Cleanup: 20140 ns, At safepoint: 47091 ns, Total: 415369 ns
[2025-10-13T18:17:31.712-0700][1256][info ][safepoint   ] Safepoint "Cleanup", Time since last: 1000121399 ns, Reaching safepoint: 347076 ns, Cleanup: 95675 ns, At safepoint: 56385 ns, Total: 499136 ns
[2025-10-13T18:17:32.713-0700][1256][info ][safepoint   ] Safepoint "Cleanup", Time since last: 1000138715 ns, Reaching safepoint: 351572 ns, Cleanup: 17567 ns, At safepoint: 47502 ns, Total: 416641 ns
[2025-10-13T18:17:33.714-0700][1256][info ][safepoint   ] Safepoint "Cleanup", Time since last: 1000132625 ns, Reaching safepoint: 471104 ns, Cleanup: 16906 ns, At safepoint: 49995 ns, Total: 538005 ns
[2025-10-13T18:17:34.885-0700][1256][info ][safepoint   ] Safepoint "Cleanup", Time since last: 1170620090 ns, Reaching safepoint: 461639 ns, Cleanup: 17747 ns, At safepoint: 47221 ns, Total: 526607 ns
[2025-10-13T18:17:35.885-0700][1256][info ][safepoint   ] Safepoint "Cleanup", Time since last: 1000099075 ns, Reaching safepoint: 338433 ns, Cleanup: 12038 ns, At safepoint: 47712 ns, Total: 398183 ns
[2025-10-13T18:17:36.886-0700][1256][info ][safepoint   ] Safepoint "Cleanup", Time since last: 1000111403 ns, Reaching safepoint: 335539 ns, Cleanup: 16335 ns, At safepoint: 49525 ns, Total: 401399 ns
[2025-10-13T18:17:37.886-0700][1256][info ][safepoint   ] Safepoint "Cleanup", Time since last: 1000100096 ns, Reaching safepoint: 296789 ns, Cleanup: 17797 ns, At safepoint: 29044 ns, Total: 343630 ns
[2025-10-13T18:17:39.887-0700][1256][info ][safepoint   ] Safepoint "Cleanup", Time since last: 2000147743 ns, Reaching safepoint: 301677 ns, Cleanup: 11277 ns, At safepoint: 30246 ns, Total: 343200 ns
[2025-10-13T18:17:40.887-0700][1256][info ][safepoint   ] Safepoint "Cleanup", Time since last: 1000117693 ns, Reaching safepoint: 311672 ns, Cleanup: 27632 ns, At safepoint: 29845 ns, Total: 369149 ns
[2025-10-13T18:17:41.888-0700][1256][info ][safepoint   ] Safepoint "Cleanup", Time since last: 1000102450 ns, Reaching safepoint: 518345 ns, Cleanup: 14772 ns, At safepoint: 49776 ns, Total: 582893 ns
[2025-10-13T18:17:42.888-0700][1256][info ][safepoint   ] Safepoint "Cleanup", Time since last: 1000106666 ns, Reaching safepoint: 388158 ns, Cleanup: 29034 ns, At safepoint: 61673 ns, Total: 478865 ns
[2025-10-13T18:17:43.889-0700][1256][info ][safepoint   ] Safepoint "Cleanup", Time since last: 1000102546 ns, Reaching safepoint: 301536 ns, Cleanup: 20061 ns, At safepoint: 33681 ns, Total: 355278 ns
[2025-10-13T18:17:44.889-0700][1256][info ][safepoint   ] Safepoint "Cleanup", Time since last: 1000093971 ns, Reaching safepoint: 316369 ns, Cleanup: 8623 ns, At safepoint: 33141 ns, Total: 358133 ns
[2025-10-13T18:17:45.890-0700][1256][info ][safepoint   ] Safepoint "Cleanup", Time since last: 1000090796 ns, Reaching safepoint: 316159 ns, Cleanup: 15113 ns, At safepoint: 30406 ns, Total: 361678 ns
[2025-10-13T18:17:46.890-0700][1256][info ][safepoint   ] Safepoint "Cleanup", Time since last: 1000102344 ns, Reaching safepoint: 329189 ns, Cleanup: 25138 ns, At safepoint: 71468 ns, Total: 425795 ns
[2025-10-13T18:17:47.891-0700][1256][info ][safepoint   ] Safepoint "Cleanup", Time since last: 1000114863 ns, Reaching safepoint: 350230 ns, Cleanup: 11878 ns, At safepoint: 47172 ns, Total: 409280 ns
[2025-10-13T18:17:48.891-0700][1256][info ][safepoint   ] Safepoint "Cleanup", Time since last: 1000100321 ns, Reaching safepoint: 325753 ns, Cleanup: 12599 ns, At safepoint: 32940 ns, Total: 371292 ns
[2025-10-13T18:17:49.892-0700][1256][info ][safepoint   ] Safepoint "Cleanup", Time since last: 1000094402 ns, Reaching safepoint: 320816 ns, Cleanup: 18919 ns, At safepoint: 49475 ns, Total: 389210 ns
[2025-10-13T18:17:51.892-0700][1256][info ][safepoint   ] Safepoint "Cleanup", Time since last: 2000164286 ns, Reaching safepoint: 370211 ns, Cleanup: 29164 ns, At safepoint: 53181 ns, Total: 452556 ns
[2025-10-13T18:17:52.893-0700][1256][info ][safepoint   ] Safepoint "Cleanup", Time since last: 1000105529 ns, Reaching safepoint: 356109 ns, Cleanup: 15894 ns, At safepoint: 49575 ns, Total: 421578 ns
[2025-10-13T18:17:53.893-0700][1256][info ][safepoint   ] Safepoint "Cleanup", Time since last: 1000097016 ns, Reaching safepoint: 318813 ns, Cleanup: 9965 ns, At safepoint: 32770 ns, Total: 361548 ns
[2025-10-13T18:17:54.894-0700][1256][info ][safepoint   ] Safepoint "Cleanup", Time since last: 1000093941 ns, Reaching safepoint: 364082 ns, Cleanup: 20571 ns, At safepoint: 50637 ns, Total: 435290 ns
[2025-10-13T18:17:55.895-0700][1256][info ][safepoint   ] Safepoint "Cleanup", Time since last: 1000100130 ns, Reaching safepoint: 466457 ns, Cleanup: 13430 ns, At safepoint: 64348 ns, Total: 544235 ns
[2025-10-13T18:17:56.895-0700][1256][info ][safepoint   ] Safepoint "Cleanup", Time since last: 1000102494 ns, Reaching safepoint: 316980 ns, Cleanup: 11137 ns, At safepoint: 36355 ns, Total: 364472 ns
[2025-10-13T18:17:57.896-0700][1256][info ][safepoint   ] Safepoint "Cleanup", Time since last: 1000095513 ns, Reaching safepoint: 522662 ns, Cleanup: 19430 ns, At safepoint: 59089 ns, Total: 601181 ns
[2025-10-13T18:17:59.622-0700][1256][info ][gc,start    ] GC(16) Pause Young (Concurrent Start) (CodeCache GC Threshold)
[2025-10-13T18:17:59.622-0700][1256][info ][gc,task     ] GC(16) Using 113 workers of 113 for evacuation
[2025-10-13T18:17:59.624-0700][1256][debug][gc,remset   ] GC(16) Visited cards 155904 Total dirty 262144 (59.47%) Total old 33292288 (0.47%)
[2025-10-13T18:17:59.684-0700][1256][info ][gc,phases   ] GC(16)   Pre Evacuate Collection Set: 0.8ms
[2025-10-13T18:17:59.684-0700][1256][info ][gc,phases   ] GC(16)   Merge Heap Roots: 1.3ms
[2025-10-13T18:17:59.684-0700][1256][info ][gc,phases   ] GC(16)   Evacuate Collection Set: 54.3ms
[2025-10-13T18:17:59.684-0700][1256][info ][gc,phases   ] GC(16)   Post Evacuate Collection Set: 5.3ms
[2025-10-13T18:17:59.684-0700][1256][info ][gc,phases   ] GC(16)   Other: 0.2ms
[2025-10-13T18:17:59.684-0700][1256][debug][gc,remset   ] GC(16) Coarsening (recent): Inline->AoC 0 (0) AoC->Howl 0 (0) Howl->Full 0 (0) Inline->AoC 0 (0) AoC->BitMap 0 (0) BitMap->Full 0 (0) 
[2025-10-13T18:17:59.684-0700][1256][debug][gc,remset   ] GC(16) Coarsening (all): Inline->AoC 0 (0) AoC->Howl 0 (0) Howl->Full 0 (0) Inline->AoC 0 (0) AoC->BitMap 0 (0) BitMap->Full 0 (0) 
[2025-10-13T18:17:59.684-0700][1256][info ][gc,heap     ] GC(16) Eden regions: 229->0(268)
[2025-10-13T18:17:59.684-0700][1256][info ][gc,heap     ] GC(16) Survivor regions: 23->20(36)
[2025-10-13T18:17:59.684-0700][1256][info ][gc,heap     ] GC(16) Old regions: 4->10
[2025-10-13T18:17:59.684-0700][1256][info ][gc,heap     ] GC(16) Humongous regions: 0->0
[2025-10-13T18:17:59.684-0700][1256][info ][gc,metaspace] GC(16) Metaspace: 210967K(213440K)->210967K(213440K) NonClass: 186274K(187648K)->186274K(187648K) Class: 24693K(25792K)->24693K(25792K)
[2025-10-13T18:17:59.684-0700][1256][info ][gc          ] GC(16) Pause Young (Concurrent Start) (CodeCache GC Threshold) 8125M->911M(184320M) 62.066ms
[2025-10-13T18:17:59.684-0700][1089][info ][gc          ] GC(17) Concurrent Mark Cycle
[2025-10-13T18:17:59.684-0700][1089][info ][gc,marking  ] GC(17) Concurrent Scan Root Regions
[2025-10-13T18:17:59.685-0700][1256][info ][gc,cpu      ] GC(16) User=1.65s Sys=0.46s Real=0.06s
[2025-10-13T18:17:59.685-0700][1256][info ][safepoint   ] Safepoint "G1TryInitiateConcMark", Time since last: 1724761419 ns, Reaching safepoint: 367307 ns, Cleanup: 3925 ns, At safepoint: 64397824 ns, Total: 64769056 ns
[2025-10-13T18:17:59.693-0700][1089][info ][gc,marking  ] GC(17) Concurrent Scan Root Regions 8.535ms
[2025-10-13T18:17:59.693-0700][1089][info ][gc,marking  ] GC(17) Concurrent Mark
[2025-10-13T18:17:59.693-0700][1089][info ][gc,marking  ] GC(17) Concurrent Mark From Roots
[2025-10-13T18:17:59.693-0700][1089][info ][gc,task     ] GC(17) Using 36 workers of 36 for marking
[2025-10-13T18:17:59.719-0700][1089][info ][gc,marking  ] GC(17) Concurrent Mark From Roots 26.015ms
[2025-10-13T18:17:59.719-0700][1089][info ][gc,marking  ] GC(17) Concurrent Preclean
[2025-10-13T18:17:59.719-0700][1089][info ][gc,marking  ] GC(17) Concurrent Preclean 0.472ms
[2025-10-13T18:17:59.721-0700][1256][info ][gc,start    ] GC(17) Pause Remark
[2025-10-13T18:17:59.843-0700][1256][info ][gc          ] GC(17) Pause Remark 914M->914M(184320M) 122.119ms
[2025-10-13T18:17:59.844-0700][1256][info ][gc,cpu      ] GC(17) User=7.75s Sys=0.03s Real=0.12s
[2025-10-13T18:17:59.844-0700][1256][info ][safepoint   ] Safepoint "G1PauseRemark", Time since last: 34023646 ns, Reaching safepoint: 341798 ns, Cleanup: 12288 ns, At safepoint: 124294818 ns, Total: 124648904 ns
[2025-10-13T18:17:59.844-0700][1089][info ][gc,marking  ] GC(17) Concurrent Mark 151.281ms
[2025-10-13T18:17:59.844-0700][1089][info ][gc,marking  ] GC(17) Concurrent Rebuild Remembered Sets and Scrub Regions
[2025-10-13T18:17:59.855-0700][1089][info ][gc,marking  ] GC(17) Concurrent Rebuild Remembered Sets and Scrub Regions 10.965ms
[2025-10-13T18:17:59.856-0700][1256][info ][gc,start    ] GC(17) Pause Cleanup
[2025-10-13T18:17:59.856-0700][1256][info ][gc          ] GC(17) Pause Cleanup 926M->926M(184320M) 0.428ms
[2025-10-13T18:17:59.857-0700][1256][info ][gc,cpu      ] GC(17) User=0.02s Sys=0.00s Real=0.00s
[2025-10-13T18:17:59.857-0700][1256][info ][safepoint   ] Safepoint "G1PauseCleanup", Time since last: 11116922 ns, Reaching safepoint: 307887 ns, Cleanup: 90226 ns, At safepoint: 1211035 ns, Total: 1609148 ns
[2025-10-13T18:17:59.857-0700][1089][info ][gc,marking  ] GC(17) Concurrent Clear Claimed Marks
[2025-10-13T18:17:59.857-0700][1089][info ][gc,marking  ] GC(17) Concurrent Clear Claimed Marks 0.304ms
[2025-10-13T18:17:59.857-0700][1089][info ][gc,marking  ] GC(17) Concurrent Cleanup for Next Mark
[2025-10-13T18:17:59.882-0700][1089][info ][gc,marking  ] GC(17) Concurrent Cleanup for Next Mark 25.224ms
[2025-10-13T18:17:59.882-0700][1089][info ][gc          ] GC(17) Concurrent Mark Cycle 198.219ms
[2025-10-13T18:18:01.715-0700][1256][info ][safepoint   ] Safepoint "Cleanup", Time since last: 1857932104 ns, Reaching safepoint: 374918 ns, Cleanup: 36826 ns, At safepoint: 53641 ns, Total: 465385 ns
[2025-10-13T18:18:03.716-0700][1256][info ][safepoint   ] Safepoint "Cleanup", Time since last: 2000224768 ns, Reaching safepoint: 389580 ns, Cleanup: 39150 ns, At safepoint: 54763 ns, Total: 483493 ns
[2025-10-13T18:18:04.716-0700][1256][info ][safepoint   ] Safepoint "Cleanup", Time since last: 1000139480 ns, Reaching safepoint: 397592 ns, Cleanup: 22805 ns, At safepoint: 53531 ns, Total: 473928 ns
[2025-10-13T18:18:05.717-0700][1256][info ][safepoint   ] Safepoint "Cleanup", Time since last: 1000145800 ns, Reaching safepoint: 394868 ns, Cleanup: 15754 ns, At safepoint: 53240 ns, Total: 463862 ns
[2025-10-13T18:18:06.718-0700][1256][info ][safepoint   ] Safepoint "Cleanup", Time since last: 1000147603 ns, Reaching safepoint: 407908 ns, Cleanup: 25819 ns, At safepoint: 52499 ns, Total: 486226 ns
[2025-10-13T18:18:07.718-0700][1256][info ][safepoint   ] Safepoint "Cleanup", Time since last: 1000146101 ns, Reaching safepoint: 398093 ns, Cleanup: 24236 ns, At safepoint: 78159 ns, Total: 500488 ns
[2025-10-13T18:18:08.719-0700][1256][info ][safepoint   ] Safepoint "Cleanup", Time since last: 1000161704 ns, Reaching safepoint: 400697 ns, Cleanup: 17326 ns, At safepoint: 53451 ns, Total: 471474 ns
[2025-10-13T18:18:09.719-0700][1256][info ][safepoint   ] Safepoint "Cleanup", Time since last: 1000152950 ns, Reaching safepoint: 427178 ns, Cleanup: 18548 ns, At safepoint: 59720 ns, Total: 505446 ns
[2025-10-13T18:18:10.720-0700][1256][info ][safepoint   ] Safepoint "Cleanup", Time since last: 1000145219 ns, Reaching safepoint: 401689 ns, Cleanup: 18347 ns, At safepoint: 52540 ns, Total: 472576 ns
[2025-10-13T18:18:11.721-0700][1256][info ][safepoint   ] Safepoint "Cleanup", Time since last: 1000143446 ns, Reaching safepoint: 399335 ns, Cleanup: 22354 ns, At safepoint: 54232 ns, Total: 475921 ns
[2025-10-13T18:18:12.721-0700][1256][info ][safepoint   ] Safepoint "Cleanup", Time since last: 1000123526 ns, Reaching safepoint: 364973 ns, Cleanup: 25769 ns, At safepoint: 33311 ns, Total: 424053 ns
[2025-10-13T18:18:13.722-0700][1256][info ][safepoint   ] Safepoint "Cleanup", Time since last: 1000131087 ns, Reaching safepoint: 402199 ns, Cleanup: 15714 ns, At safepoint: 53131 ns, Total: 471044 ns
[2025-10-13T18:18:14.723-0700][1256][info ][safepoint   ] Safepoint "Cleanup", Time since last: 1000132249 ns, Reaching safepoint: 416681 ns, Cleanup: 24788 ns, At safepoint: 52519 ns, Total: 493988 ns
[2025-10-13T18:18:15.723-0700][1256][info ][safepoint   ] Safepoint "Cleanup", Time since last: 1000142114 ns, Reaching safepoint: 405585 ns, Cleanup: 22734 ns, At safepoint: 55985 ns, Total: 484304 ns
[2025-10-13T18:18:16.724-0700][1256][info ][safepoint   ] Safepoint "Cleanup", Time since last: 1000157928 ns, Reaching safepoint: 405264 ns, Cleanup: 17737 ns, At safepoint: 54322 ns, Total: 477323 ns
[2025-10-13T18:18:17.724-0700][1256][info ][safepoint   ] Safepoint "Cleanup", Time since last: 1000143006 ns, Reaching safepoint: 422841 ns, Cleanup: 18688 ns, At safepoint: 56816 ns, Total: 498345 ns
[2025-10-13T18:18:18.725-0700][1256][info ][safepoint   ] Safepoint "Cleanup", Time since last: 1000135845 ns, Reaching safepoint: 403681 ns, Cleanup: 36846 ns, At safepoint: 54943 ns, Total: 495470 ns
[2025-10-13T18:18:20.726-0700][1256][info ][safepoint   ] Safepoint "Cleanup", Time since last: 2000238669 ns, Reaching safepoint: 406396 ns, Cleanup: 15023 ns, At safepoint: 53211 ns, Total: 474630 ns
[2025-10-13T18:18:21.726-0700][1256][info ][safepoint   ] Safepoint "Cleanup", Time since last: 1000143636 ns, Reaching safepoint: 419435 ns, Cleanup: 20602 ns, At safepoint: 53811 ns, Total: 493848 ns
[2025-10-13T18:18:22.727-0700][1256][info ][safepoint   ] Safepoint "Cleanup", Time since last: 1000139741 ns, Reaching safepoint: 406305 ns, Cleanup: 32109 ns, At safepoint: 51147 ns, Total: 489561 ns
[2025-10-13T18:18:23.728-0700][1256][info ][safepoint   ] Safepoint "Cleanup", Time since last: 1000145430 ns, Reaching safepoint: 419786 ns, Cleanup: 40571 ns, At safepoint: 59731 ns, Total: 520088 ns
[2025-10-13T18:18:24.728-0700][1256][info ][safepoint   ] Safepoint "Cleanup", Time since last: 1000144107 ns, Reaching safepoint: 434348 ns, Cleanup: 30466 ns, At safepoint: 56686 ns, Total: 521500 ns
[2025-10-13T18:18:25.729-0700][1256][info ][safepoint   ] Safepoint "Cleanup", Time since last: 1000143787 ns, Reaching safepoint: 408328 ns, Cleanup: 15644 ns, At safepoint: 56145 ns, Total: 480117 ns
[2025-10-13T18:18:26.730-0700][1256][info ][safepoint   ] Safepoint "Cleanup", Time since last: 1000143716 ns, Reaching safepoint: 437023 ns, Cleanup: 39529 ns, At safepoint: 55094 ns, Total: 531646 ns
[2025-10-13T18:18:27.730-0700][1256][info ][safepoint   ] Safepoint "Cleanup", Time since last: 1000140452 ns, Reaching safepoint: 426696 ns, Cleanup: 18298 ns, At safepoint: 45388 ns, Total: 490382 ns
[2025-10-13T18:18:28.731-0700][1256][info ][safepoint   ] Safepoint "Cleanup", Time since last: 1000135414 ns, Reaching safepoint: 409631 ns, Cleanup: 21483 ns, At safepoint: 57176 ns, Total: 488290 ns
[2025-10-13T18:18:29.731-0700][1256][info ][safepoint   ] Safepoint "Cleanup", Time since last: 1000146010 ns, Reaching safepoint: 389250 ns, Cleanup: 17527 ns, At safepoint: 34842 ns, Total: 441619 ns
[2025-10-13T18:18:30.732-0700][1256][info ][safepoint   ] Safepoint "Cleanup", Time since last: 1000141754 ns, Reaching safepoint: 409230 ns, Cleanup: 24617 ns, At safepoint: 57037 ns, Total: 490884 ns
[2025-10-13T18:18:31.733-0700][1256][info ][safepoint   ] Safepoint "Cleanup", Time since last: 1000144097 ns, Reaching safepoint: 411523 ns, Cleanup: 22554 ns, At safepoint: 57207 ns, Total: 491284 ns
[2025-10-13T18:18:32.733-0700][1256][info ][safepoint   ] Safepoint "Cleanup", Time since last: 1000143196 ns, Reaching safepoint: 435800 ns, Cleanup: 16856 ns, At safepoint: 57156 ns, Total: 509812 ns
[2025-10-13T18:18:33.734-0700][1256][info ][safepoint   ] Safepoint "Cleanup", Time since last: 1000138709 ns, Reaching safepoint: 410813 ns, Cleanup: 17526 ns, At safepoint: 57307 ns, Total: 485646 ns
[2025-10-13T18:18:34.735-0700][1256][info ][safepoint   ] Safepoint "Cleanup", Time since last: 1000120031 ns, Reaching safepoint: 381508 ns, Cleanup: 14091 ns, At safepoint: 34422 ns, Total: 430021 ns
[2025-10-13T18:18:36.735-0700][1256][info ][safepoint   ] Safepoint "Cleanup", Time since last: 2000251699 ns, Reaching safepoint: 421519 ns, Cleanup: 27782 ns, At safepoint: 56876 ns, Total: 506177 ns
[2025-10-13T18:18:37.736-0700][1256][info ][safepoint   ] Safepoint "Cleanup", Time since last: 1000140832 ns, Reaching safepoint: 409861 ns, Cleanup: 38639 ns, At safepoint: 54372 ns, Total: 502872 ns
[2025-10-13T18:18:39.737-0700][1256][info ][safepoint   ] Safepoint "Cleanup", Time since last: 2000231629 ns, Reaching safepoint: 412665 ns, Cleanup: 16375 ns, At safepoint: 59019 ns, Total: 488059 ns
[2025-10-13T18:18:40.737-0700][1256][info ][safepoint   ] Safepoint "Cleanup", Time since last: 1000142295 ns, Reaching safepoint: 431663 ns, Cleanup: 58719 ns, At safepoint: 58128 ns, Total: 548510 ns
[2025-10-13T18:18:41.738-0700][1256][info ][safepoint   ] Safepoint "Cleanup", Time since last: 1000146251 ns, Reaching safepoint: 413787 ns, Cleanup: 22744 ns, At safepoint: 54954 ns, Total: 491485 ns
[2025-10-13T18:18:42.739-0700][1256][info ][safepoint   ] Safepoint "Cleanup", Time since last: 1000160231 ns, Reaching safepoint: 409491 ns, Cleanup: 21552 ns, At safepoint: 56746 ns, Total: 487789 ns
[2025-10-13T18:18:43.739-0700][1256][info ][safepoint   ] Safepoint "Cleanup", Time since last: 1000140682 ns, Reaching safepoint: 422660 ns, Cleanup: 20802 ns, At safepoint: 59220 ns, Total: 502682 ns
[2025-10-13T18:18:45.740-0700][1256][info ][safepoint   ] Safepoint "Cleanup", Time since last: 2000201342 ns, Reaching safepoint: 408099 ns, Cleanup: 17346 ns, At safepoint: 58669 ns, Total: 484114 ns
[2025-10-13T18:18:46.741-0700][1256][info ][safepoint   ] Safepoint "Cleanup", Time since last: 1000133791 ns, Reaching safepoint: 435891 ns, Cleanup: 21813 ns, At safepoint: 57677 ns, Total: 515381 ns
[2025-10-13T18:18:47.741-0700][1256][info ][safepoint   ] Safepoint "Cleanup", Time since last: 1000132680 ns, Reaching safepoint: 422320 ns, Cleanup: 24126 ns, At safepoint: 55244 ns, Total: 501690 ns
[2025-10-13T18:18:49.742-0700][1256][info ][safepoint   ] Safepoint "Cleanup", Time since last: 2000223748 ns, Reaching safepoint: 409240 ns, Cleanup: 26029 ns, At safepoint: 58149 ns, Total: 493418 ns
[2025-10-13T18:18:51.743-0700][1256][info ][safepoint   ] Safepoint "Cleanup", Time since last: 2000221210 ns, Reaching safepoint: 417963 ns, Cleanup: 23646 ns, At safepoint: 53671 ns, Total: 495280 ns
[2025-10-13T18:18:53.744-0700][1256][info ][safepoint   ] Safepoint "Cleanup", Time since last: 2000229553 ns, Reaching safepoint: 438084 ns, Cleanup: 40200 ns, At safepoint: 55364 ns, Total: 533648 ns
[2025-10-13T18:18:54.744-0700][1256][info ][safepoint   ] Safepoint "Cleanup", Time since last: 1000138227 ns, Reaching safepoint: 411243 ns, Cleanup: 18298 ns, At safepoint: 55053 ns, Total: 484594 ns
[2025-10-13T18:18:58.745-0700][1256][info ][safepoint   ] Safepoint "Cleanup", Time since last: 4000433727 ns, Reaching safepoint: 409571 ns, Cleanup: 14973 ns, At safepoint: 57967 ns, Total: 482511 ns
[2025-10-13T18:19:00.736-0700][1256][info ][safepoint   ] Safepoint "Cleanup", Time since last: 1990388173 ns, Reaching safepoint: 199192 ns, Cleanup: 12659 ns, At safepoint: 33972 ns, Total: 245823 ns
[2025-10-13T18:19:01.736-0700][1256][info ][safepoint   ] Safepoint "Cleanup", Time since last: 1000129373 ns, Reaching safepoint: 403311 ns, Cleanup: 21182 ns, At safepoint: 37547 ns, Total: 462040 ns
[2025-10-13T18:19:04.737-0700][1256][info ][safepoint   ] Safepoint "Cleanup", Time since last: 3000317464 ns, Reaching safepoint: 411283 ns, Cleanup: 19690 ns, At safepoint: 58498 ns, Total: 489471 ns
[2025-10-13T18:19:05.738-0700][1256][info ][safepoint   ] Safepoint "Cleanup", Time since last: 1000140410 ns, Reaching safepoint: 410482 ns, Cleanup: 20541 ns, At safepoint: 54864 ns, Total: 485887 ns
[2025-10-13T18:19:07.738-0700][1256][info ][safepoint   ] Safepoint "Cleanup", Time since last: 2000229011 ns, Reaching safepoint: 423793 ns, Cleanup: 20340 ns, At safepoint: 54313 ns, Total: 498446 ns
[2025-10-13T18:19:09.739-0700][1256][info ][safepoint   ] Safepoint "Cleanup", Time since last: 2000230264 ns, Reaching safepoint: 409380 ns, Cleanup: 19069 ns, At safepoint: 57477 ns, Total: 485926 ns
[2025-10-13T18:19:11.740-0700][1256][info ][safepoint   ] Safepoint "Cleanup", Time since last: 2000222472 ns, Reaching safepoint: 412495 ns, Cleanup: 36535 ns, At safepoint: 56516 ns, Total: 505546 ns
[2025-10-13T18:19:12.741-0700][1256][info ][safepoint   ] Safepoint "Cleanup", Time since last: 1000142253 ns, Reaching safepoint: 433567 ns, Cleanup: 20531 ns, At safepoint: 54072 ns, Total: 508170 ns
[2025-10-13T18:19:13.741-0700][1256][info ][safepoint   ] Safepoint "Cleanup", Time since last: 1000141552 ns, Reaching safepoint: 412114 ns, Cleanup: 14352 ns, At safepoint: 53711 ns, Total: 480177 ns
[2025-10-13T18:19:15.742-0700][1256][info ][safepoint   ] Safepoint "Cleanup", Time since last: 2000243334 ns, Reaching safepoint: 408228 ns, Cleanup: 17607 ns, At safepoint: 55394 ns, Total: 481229 ns
[2025-10-13T18:19:16.742-0700][1256][info ][safepoint   ] Safepoint "Cleanup", Time since last: 1000136043 ns, Reaching safepoint: 419175 ns, Cleanup: 17707 ns, At safepoint: 55534 ns, Total: 492416 ns
[2025-10-13T18:19:18.743-0700][1256][info ][safepoint   ] Safepoint "Cleanup", Time since last: 2000220379 ns, Reaching safepoint: 408119 ns, Cleanup: 17446 ns, At safepoint: 68674 ns, Total: 494239 ns
[2025-10-13T18:19:19.744-0700][1256][info ][safepoint   ] Safepoint "Cleanup", Time since last: 1000132268 ns, Reaching safepoint: 654912 ns, Cleanup: 18819 ns, At safepoint: 49545 ns, Total: 723276 ns
[2025-10-13T18:19:20.916-0700][1256][info ][safepoint   ] Safepoint "Cleanup", Time since last: 1171371209 ns, Reaching safepoint: 409981 ns, Cleanup: 37377 ns, At safepoint: 58388 ns, Total: 505746 ns
[2025-10-13T18:19:22.917-0700][1256][info ][safepoint   ] Safepoint "Cleanup", Time since last: 2000226288 ns, Reaching safepoint: 421409 ns, Cleanup: 14872 ns, At safepoint: 58779 ns, Total: 495060 ns
[2025-10-13T18:19:23.917-0700][1256][info ][safepoint   ] Safepoint "Cleanup", Time since last: 1000133320 ns, Reaching safepoint: 420978 ns, Cleanup: 28763 ns, At safepoint: 56506 ns, Total: 506247 ns
[2025-10-13T18:19:24.918-0700][1256][info ][safepoint   ] Safepoint "Cleanup", Time since last: 1000140079 ns, Reaching safepoint: 412916 ns, Cleanup: 19770 ns, At safepoint: 57778 ns, Total: 490464 ns
[2025-10-13T18:19:26.919-0700][1256][info ][safepoint   ] Safepoint "Cleanup", Time since last: 2000222722 ns, Reaching safepoint: 430763 ns, Cleanup: 27992 ns, At safepoint: 56986 ns, Total: 515741 ns
[2025-10-13T18:19:28.919-0700][1256][info ][safepoint   ] Safepoint "Cleanup", Time since last: 2000228632 ns, Reaching safepoint: 437062 ns, Cleanup: 14822 ns, At safepoint: 53722 ns, Total: 505606 ns
[2025-10-13T18:19:29.920-0700][1256][info ][safepoint   ] Safepoint "Cleanup", Time since last: 1000129513 ns, Reaching safepoint: 409831 ns, Cleanup: 14352 ns, At safepoint: 62665 ns, Total: 486848 ns
[2025-10-13T18:19:30.921-0700][1256][info ][safepoint   ] Safepoint "Cleanup", Time since last: 1000155393 ns, Reaching safepoint: 436281 ns, Cleanup: 23746 ns, At safepoint: 36736 ns, Total: 496763 ns
[2025-10-13T18:19:31.921-0700][1256][info ][safepoint   ] Safepoint "Cleanup", Time since last: 1000125788 ns, Reaching safepoint: 426366 ns, Cleanup: 32859 ns, At safepoint: 58158 ns, Total: 517383 ns
[2025-10-13T18:19:32.922-0700][1256][info ][safepoint   ] Safepoint "Cleanup", Time since last: 1000139880 ns, Reaching safepoint: 410492 ns, Cleanup: 16695 ns, At safepoint: 54913 ns, Total: 482100 ns
[2025-10-13T18:19:34.923-0700][1256][info ][safepoint   ] Safepoint "Cleanup", Time since last: 2000219368 ns, Reaching safepoint: 414888 ns, Cleanup: 14612 ns, At safepoint: 54282 ns, Total: 483782 ns
[2025-10-13T18:19:35.923-0700][1256][info ][safepoint   ] Safepoint "Cleanup", Time since last: 1000135353 ns, Reaching safepoint: 420497 ns, Cleanup: 18839 ns, At safepoint: 47201 ns, Total: 486537 ns
[2025-10-13T18:19:36.924-0700][1256][info ][safepoint   ] Safepoint "Cleanup", Time since last: 1000130125 ns, Reaching safepoint: 419105 ns, Cleanup: 29294 ns, At safepoint: 55374 ns, Total: 503773 ns
[2025-10-13T18:19:38.925-0700][1256][info ][safepoint   ] Safepoint "Cleanup", Time since last: 2000225937 ns, Reaching safepoint: 422651 ns, Cleanup: 16425 ns, At safepoint: 55774 ns, Total: 494850 ns
[2025-10-13T18:19:39.925-0700][1256][info ][safepoint   ] Safepoint "Cleanup", Time since last: 1000134842 ns, Reaching safepoint: 416591 ns, Cleanup: 26971 ns, At safepoint: 57908 ns, Total: 501470 ns
[2025-10-13T18:19:40.926-0700][1256][info ][safepoint   ] Safepoint "Cleanup", Time since last: 1000118266 ns, Reaching safepoint: 364522 ns, Cleanup: 30497 ns, At safepoint: 34993 ns, Total: 430012 ns
[2025-10-13T18:19:43.927-0700][1256][info ][safepoint   ] Safepoint "Cleanup", Time since last: 3000293236 ns, Reaching safepoint: 417763 ns, Cleanup: 14332 ns, At safepoint: 58298 ns, Total: 490393 ns
[2025-10-13T18:19:44.747-0700][1256][info ][gc,start    ] GC(18) Pause Young (Normal) (G1 Evacuation Pause)
[2025-10-13T18:19:44.747-0700][1256][info ][gc,task     ] GC(18) Using 113 workers of 113 for evacuation
[2025-10-13T18:19:44.749-0700][1256][debug][gc,remset   ] GC(18) Visited cards 348160 Total dirty 655360 (53.12%) Total old 38404096 (0.91%)
[2025-10-13T18:19:44.785-0700][1256][info ][gc,phases   ] GC(18)   Pre Evacuate Collection Set: 0.7ms
[2025-10-13T18:19:44.785-0700][1256][info ][gc,phases   ] GC(18)   Merge Heap Roots: 1.9ms
[2025-10-13T18:19:44.785-0700][1256][info ][gc,phases   ] GC(18)   Evacuate Collection Set: 31.9ms
[2025-10-13T18:19:44.785-0700][1256][info ][gc,phases   ] GC(18)   Post Evacuate Collection Set: 4.0ms
[2025-10-13T18:19:44.785-0700][1256][info ][gc,phases   ] GC(18)   Other: 0.1ms
[2025-10-13T18:19:44.785-0700][1256][debug][gc,remset   ] GC(18) Coarsening (recent): Inline->AoC 160 (0) AoC->Howl 32 (0) Howl->Full 0 (0) Inline->AoC 190 (0) AoC->BitMap 14 (0) BitMap->Full 0 (0) 
[2025-10-13T18:19:44.785-0700][1256][debug][gc,remset   ] GC(18) Coarsening (all): Inline->AoC 160 (0) AoC->Howl 32 (0) Howl->Full 0 (0) Inline->AoC 190 (0) AoC->BitMap 14 (0) BitMap->Full 0 (0) 
[2025-10-13T18:19:44.785-0700][1256][info ][gc,heap     ] GC(18) Eden regions: 268->0(263)
[2025-10-13T18:19:44.785-0700][1256][info ][gc,heap     ] GC(18) Survivor regions: 20->25(36)
[2025-10-13T18:19:44.785-0700][1256][info ][gc,heap     ] GC(18) Old regions: 10->10
[2025-10-13T18:19:44.785-0700][1256][info ][gc,heap     ] GC(18) Humongous regions: 0->0
[2025-10-13T18:19:44.785-0700][1256][info ][gc,metaspace] GC(18) Metaspace: 211824K(214336K)->211824K(214336K) NonClass: 187098K(188480K)->187098K(188480K) Class: 24725K(25856K)->24725K(25856K)
[2025-10-13T18:19:44.785-0700][1256][info ][gc          ] GC(18) Pause Young (Normal) (G1 Evacuation Pause) 9487M->1073M(184320M) 38.741ms
[2025-10-13T18:19:44.786-0700][1256][info ][gc,cpu      ] GC(18) User=1.34s Sys=0.27s Real=0.04s
[2025-10-13T18:19:44.786-0700][1256][info ][safepoint   ] Safepoint "G1CollectForAllocation", Time since last: 818418968 ns, Reaching safepoint: 428339 ns, Cleanup: 6319 ns, At safepoint: 40985034 ns, Total: 41419692 ns
[2025-10-13T18:19:45.787-0700][1256][info ][safepoint   ] Safepoint "Cleanup", Time since last: 1000106609 ns, Reaching safepoint: 406616 ns, Cleanup: 32719 ns, At safepoint: 53641 ns, Total: 492976 ns
[2025-10-13T18:19:46.788-0700][1256][info ][safepoint   ] Safepoint "Cleanup", Time since last: 1000139349 ns, Reaching safepoint: 417713 ns, Cleanup: 23205 ns, At safepoint: 59490 ns, Total: 500408 ns
[2025-10-13T18:19:47.788-0700][1256][info ][safepoint   ] Safepoint "Cleanup", Time since last: 1000131407 ns, Reaching safepoint: 427678 ns, Cleanup: 25498 ns, At safepoint: 61704 ns, Total: 514880 ns
[2025-10-13T18:19:48.789-0700][1256][info ][safepoint   ] Safepoint "Cleanup", Time since last: 1000130245 ns, Reaching safepoint: 405214 ns, Cleanup: 21532 ns, At safepoint: 55554 ns, Total: 482300 ns
[2025-10-13T18:19:49.790-0700][1256][info ][safepoint   ] Safepoint "Cleanup", Time since last: 1000133480 ns, Reaching safepoint: 413827 ns, Cleanup: 14222 ns, At safepoint: 54712 ns, Total: 482761 ns
[2025-10-13T18:19:50.790-0700][1256][info ][safepoint   ] Safepoint "Cleanup", Time since last: 1000141042 ns, Reaching safepoint: 405244 ns, Cleanup: 16114 ns, At safepoint: 56295 ns, Total: 477653 ns
[2025-10-13T18:19:51.791-0700][1256][info ][safepoint   ] Safepoint "Cleanup", Time since last: 1000117946 ns, Reaching safepoint: 361047 ns, Cleanup: 18318 ns, At safepoint: 33621 ns, Total: 412986 ns
[2025-10-13T18:19:53.792-0700][1256][info ][safepoint   ] Safepoint "Cleanup", Time since last: 2000148207 ns, Reaching safepoint: 609754 ns, Cleanup: 23796 ns, At safepoint: 50747 ns, Total: 684297 ns
[2025-10-13T18:19:54.792-0700][1256][info ][safepoint   ] Safepoint "Cleanup", Time since last: 1000112664 ns, Reaching safepoint: 356641 ns, Cleanup: 20641 ns, At safepoint: 51508 ns, Total: 428790 ns
[2025-10-13T18:19:55.793-0700][1256][info ][safepoint   ] Safepoint "Cleanup", Time since last: 1000144924 ns, Reaching safepoint: 398063 ns, Cleanup: 24988 ns, At safepoint: 58949 ns, Total: 482000 ns
[2025-10-13T18:19:56.793-0700][1256][info ][safepoint   ] Safepoint "Cleanup", Time since last: 1000139766 ns, Reaching safepoint: 420647 ns, Cleanup: 21012 ns, At safepoint: 57327 ns, Total: 498986 ns
[2025-10-13T18:19:57.794-0700][1256][info ][safepoint   ] Safepoint "Cleanup", Time since last: 1000107257 ns, Reaching safepoint: 383861 ns, Cleanup: 20722 ns, At safepoint: 58348 ns, Total: 462931 ns
[2025-10-13T18:19:59.795-0700][1256][info ][safepoint   ] Safepoint "Cleanup", Time since last: 2000180212 ns, Reaching safepoint: 437783 ns, Cleanup: 14472 ns, At safepoint: 55424 ns, Total: 507679 ns
[2025-10-13T18:20:01.757-0700][1256][info ][safepoint   ] Safepoint "Cleanup", Time since last: 1962208332 ns, Reaching safepoint: 480127 ns, Cleanup: 41413 ns, At safepoint: 58068 ns, Total: 579608 ns
[2025-10-13T18:20:02.758-0700][1256][info ][safepoint   ] Safepoint "Cleanup", Time since last: 1000099314 ns, Reaching safepoint: 406176 ns, Cleanup: 17637 ns, At safepoint: 52509 ns, Total: 476322 ns
[2025-10-13T18:20:03.759-0700][1256][info ][safepoint   ] Safepoint "Cleanup", Time since last: 1000102359 ns, Reaching safepoint: 426737 ns, Cleanup: 21603 ns, At safepoint: 56195 ns, Total: 504535 ns
[2025-10-13T18:20:06.759-0700][1256][info ][safepoint   ] Safepoint "Cleanup", Time since last: 3000282320 ns, Reaching safepoint: 430412 ns, Cleanup: 33020 ns, At safepoint: 56776 ns, Total: 520208 ns
[2025-10-13T18:20:07.760-0700][1256][info ][safepoint   ] Safepoint "Cleanup", Time since last: 1000145976 ns, Reaching safepoint: 409480 ns, Cleanup: 15624 ns, At safepoint: 55905 ns, Total: 481009 ns
[2025-10-13T18:20:08.761-0700][1256][info ][safepoint   ] Safepoint "Cleanup", Time since last: 1000144813 ns, Reaching safepoint: 415870 ns, Cleanup: 25048 ns, At safepoint: 55825 ns, Total: 496743 ns
[2025-10-13T18:20:10.761-0700][1256][info ][safepoint   ] Safepoint "Cleanup", Time since last: 2000254594 ns, Reaching safepoint: 430943 ns, Cleanup: 15173 ns, At safepoint: 54643 ns, Total: 500759 ns
[2025-10-13T18:20:11.762-0700][1256][info ][safepoint   ] Safepoint "Cleanup", Time since last: 1000130291 ns, Reaching safepoint: 406566 ns, Cleanup: 26811 ns, At safepoint: 57998 ns, Total: 491375 ns
[2025-10-13T18:20:14.763-0700][1256][info ][safepoint   ] Safepoint "Cleanup", Time since last: 3000322281 ns, Reaching safepoint: 414448 ns, Cleanup: 16305 ns, At safepoint: 55163 ns, Total: 485916 ns
[2025-10-13T18:20:15.763-0700][1256][info ][safepoint   ] Safepoint "Cleanup", Time since last: 1000146707 ns, Reaching safepoint: 433266 ns, Cleanup: 17326 ns, At safepoint: 59671 ns, Total: 510263 ns
[2025-10-13T18:20:18.764-0700][1256][info ][safepoint   ] Safepoint "Cleanup", Time since last: 3000294148 ns, Reaching safepoint: 427768 ns, Cleanup: 25839 ns, At safepoint: 57838 ns, Total: 511445 ns
[2025-10-13T18:20:19.765-0700][1256][info ][safepoint   ] Safepoint "Cleanup", Time since last: 1000135580 ns, Reaching safepoint: 413296 ns, Cleanup: 15914 ns, At safepoint: 55584 ns, Total: 484794 ns
[2025-10-13T18:20:21.766-0700][1256][info ][safepoint   ] Safepoint "Cleanup", Time since last: 2000207283 ns, Reaching safepoint: 446987 ns, Cleanup: 18288 ns, At safepoint: 60271 ns, Total: 525546 ns
[2025-10-13T18:20:22.766-0700][1256][info ][safepoint   ] Safepoint "Cleanup", Time since last: 1000128168 ns, Reaching safepoint: 436261 ns, Cleanup: 21553 ns, At safepoint: 57798 ns, Total: 515612 ns
[2025-10-13T18:20:24.767-0700][1256][info ][safepoint   ] Safepoint "Cleanup", Time since last: 2000212680 ns, Reaching safepoint: 393547 ns, Cleanup: 18127 ns, At safepoint: 36585 ns, Total: 448259 ns
[2025-10-13T18:20:25.768-0700][1256][info ][safepoint   ] Safepoint "Cleanup", Time since last: 1000122370 ns, Reaching safepoint: 398023 ns, Cleanup: 16024 ns, At safepoint: 57117 ns, Total: 471164 ns
[2025-10-13T18:20:26.768-0700][1256][info ][safepoint   ] Safepoint "Cleanup", Time since last: 1000127958 ns, Reaching safepoint: 390892 ns, Cleanup: 12820 ns, At safepoint: 54823 ns, Total: 458535 ns
[2025-10-13T18:20:27.769-0700][1256][info ][safepoint   ] Safepoint "Cleanup", Time since last: 1000137993 ns, Reaching safepoint: 410692 ns, Cleanup: 17166 ns, At safepoint: 54152 ns, Total: 482010 ns
[2025-10-13T18:20:30.770-0700][1256][info ][safepoint   ] Safepoint "Cleanup", Time since last: 3000306357 ns, Reaching safepoint: 438124 ns, Cleanup: 22704 ns, At safepoint: 57277 ns, Total: 518105 ns
[2025-10-13T18:20:31.770-0700][1256][info ][safepoint   ] Safepoint "Cleanup", Time since last: 1000135279 ns, Reaching safepoint: 409921 ns, Cleanup: 22424 ns, At safepoint: 68294 ns, Total: 500639 ns
[2025-10-13T18:20:32.771-0700][1256][info ][safepoint   ] Safepoint "Cleanup", Time since last: 1000129570 ns, Reaching safepoint: 408990 ns, Cleanup: 16946 ns, At safepoint: 56465 ns, Total: 482401 ns
[2025-10-13T18:20:36.772-0700][1256][info ][safepoint   ] Safepoint "Cleanup", Time since last: 4000409067 ns, Reaching safepoint: 405104 ns, Cleanup: 14351 ns, At safepoint: 56136 ns, Total: 475591 ns
[2025-10-13T18:20:40.773-0700][1256][info ][safepoint   ] Safepoint "Cleanup", Time since last: 4000389306 ns, Reaching safepoint: 425255 ns, Cleanup: 28322 ns, At safepoint: 57207 ns, Total: 510784 ns
[2025-10-13T18:20:41.773-0700][1256][info ][safepoint   ] Safepoint "Cleanup", Time since last: 1000129661 ns, Reaching safepoint: 415880 ns, Cleanup: 15053 ns, At safepoint: 63957 ns, Total: 494890 ns
[2025-10-13T18:20:42.774-0700][1256][info ][safepoint   ] Safepoint "Cleanup", Time since last: 1000131924 ns, Reaching safepoint: 420226 ns, Cleanup: 17677 ns, At safepoint: 59981 ns, Total: 497884 ns
[2025-10-13T18:20:43.774-0700][1256][info ][safepoint   ] Safepoint "Cleanup", Time since last: 1000134248 ns, Reaching safepoint: 422209 ns, Cleanup: 15985 ns, At safepoint: 58068 ns, Total: 496262 ns
[2025-10-13T18:20:44.775-0700][1256][info ][safepoint   ] Safepoint "Cleanup", Time since last: 1000157803 ns, Reaching safepoint: 418554 ns, Cleanup: 14602 ns, At safepoint: 57277 ns, Total: 490433 ns
[2025-10-13T18:20:46.776-0700][1256][info ][safepoint   ] Safepoint "Cleanup", Time since last: 2000196276 ns, Reaching safepoint: 418193 ns, Cleanup: 19921 ns, At safepoint: 57306 ns, Total: 495420 ns
[2025-10-13T18:20:47.776-0700][1256][info ][safepoint   ] Safepoint "Cleanup", Time since last: 1000131784 ns, Reaching safepoint: 426657 ns, Cleanup: 19499 ns, At safepoint: 55504 ns, Total: 501660 ns
[2025-10-13T18:20:48.777-0700][1256][info ][safepoint   ] Safepoint "Cleanup", Time since last: 1000130182 ns, Reaching safepoint: 410251 ns, Cleanup: 20301 ns, At safepoint: 53922 ns, Total: 484474 ns
[2025-10-13T18:20:49.778-0700][1256][info ][safepoint   ] Safepoint "Cleanup", Time since last: 1000137282 ns, Reaching safepoint: 410712 ns, Cleanup: 18919 ns, At safepoint: 55664 ns, Total: 485295 ns
[2025-10-13T18:20:50.778-0700][1256][info ][safepoint   ] Safepoint "Cleanup", Time since last: 1000134558 ns, Reaching safepoint: 426166 ns, Cleanup: 19229 ns, At safepoint: 54072 ns, Total: 499467 ns
[2025-10-13T18:20:51.779-0700][1256][info ][safepoint   ] Safepoint "Cleanup", Time since last: 1000132916 ns, Reaching safepoint: 413917 ns, Cleanup: 21833 ns, At safepoint: 50947 ns, Total: 486697 ns
[2025-10-13T18:20:52.780-0700][1256][info ][safepoint   ] Safepoint "Cleanup", Time since last: 1000127457 ns, Reaching safepoint: 424834 ns, Cleanup: 15313 ns, At safepoint: 55454 ns, Total: 495601 ns
[2025-10-13T18:20:53.780-0700][1256][info ][safepoint   ] Safepoint "Cleanup", Time since last: 1000134989 ns, Reaching safepoint: 417262 ns, Cleanup: 19860 ns, At safepoint: 68865 ns, Total: 505987 ns
[2025-10-13T18:20:55.781-0700][1256][info ][safepoint   ] Safepoint "Cleanup", Time since last: 2000227343 ns, Reaching safepoint: 400146 ns, Cleanup: 23465 ns, At safepoint: 55995 ns, Total: 479606 ns
[2025-10-13T18:20:56.782-0700][1256][info ][safepoint   ] Safepoint "Cleanup", Time since last: 1000132515 ns, Reaching safepoint: 417112 ns, Cleanup: 24678 ns, At safepoint: 56065 ns, Total: 497855 ns
[2025-10-13T18:20:57.782-0700][1256][info ][safepoint   ] Safepoint "Cleanup", Time since last: 1000132114 ns, Reaching safepoint: 405164 ns, Cleanup: 16104 ns, At safepoint: 58329 ns, Total: 479597 ns
[2025-10-13T18:20:58.783-0700][1256][info ][safepoint   ] Safepoint "Cleanup", Time since last: 1000162721 ns, Reaching safepoint: 408799 ns, Cleanup: 14763 ns, At safepoint: 56475 ns, Total: 480037 ns
[2025-10-13T18:21:00.307-0700][1256][info ][gc,start    ] GC(19) Pause Young (Normal) (G1 Evacuation Pause)
[2025-10-13T18:21:00.307-0700][1256][info ][gc,task     ] GC(19) Using 113 workers of 113 for evacuation
[2025-10-13T18:21:00.309-0700][1256][debug][gc,remset   ] GC(19) Visited cards 342016 Total dirty 655360 (52.19%) Total old 38404096 (0.89%)
[2025-10-13T18:21:00.350-0700][1256][info ][gc,phases   ] GC(19)   Pre Evacuate Collection Set: 0.6ms
[2025-10-13T18:21:00.350-0700][1256][info ][gc,phases   ] GC(19)   Merge Heap Roots: 1.7ms
[2025-10-13T18:21:00.350-0700][1256][info ][gc,phases   ] GC(19)   Evacuate Collection Set: 37.7ms
[2025-10-13T18:21:00.350-0700][1256][info ][gc,phases   ] GC(19)   Post Evacuate Collection Set: 3.0ms
[2025-10-13T18:21:00.350-0700][1256][info ][gc,phases   ] GC(19)   Other: 0.1ms
[2025-10-13T18:21:00.350-0700][1256][debug][gc,remset   ] GC(19) Coarsening (recent): Inline->AoC 0 (0) AoC->Howl 0 (0) Howl->Full 0 (0) Inline->AoC 0 (0) AoC->BitMap 0 (0) BitMap->Full 0 (0) 
[2025-10-13T18:21:00.350-0700][1256][debug][gc,remset   ] GC(19) Coarsening (all): Inline->AoC 160 (0) AoC->Howl 32 (0) Howl->Full 0 (0) Inline->AoC 190 (0) AoC->BitMap 14 (0) BitMap->Full 0 (0) 
[2025-10-13T18:21:00.350-0700][1256][info ][gc,heap     ] GC(19) Eden regions: 263->0(266)
[2025-10-13T18:21:00.350-0700][1256][info ][gc,heap     ] GC(19) Survivor regions: 25->22(36)
[2025-10-13T18:21:00.350-0700][1256][info ][gc,heap     ] GC(19) Old regions: 10->18
[2025-10-13T18:21:00.350-0700][1256][info ][gc,heap     ] GC(19) Humongous regions: 0->0
[2025-10-13T18:21:00.350-0700][1256][info ][gc,metaspace] GC(19) Metaspace: 212068K(214592K)->212068K(214592K) NonClass: 187342K(188736K)->187342K(188736K) Class: 24725K(25856K)->24725K(25856K)
[2025-10-13T18:21:00.350-0700][1256][info ][gc          ] GC(19) Pause Young (Normal) (G1 Evacuation Pause) 9489M->1225M(184320M) 43.256ms
[2025-10-13T18:21:00.351-0700][1256][info ][gc,cpu      ] GC(19) User=1.61s Sys=0.20s Real=0.05s
[2025-10-13T18:21:00.351-0700][1256][info ][safepoint   ] Safepoint "G1CollectForAllocation", Time since last: 1522239355 ns, Reaching safepoint: 421419 ns, Cleanup: 12959 ns, At safepoint: 45469268 ns, Total: 45903646 ns
[2025-10-13T18:21:01.779-0700][1256][info ][safepoint   ] Safepoint "Cleanup", Time since last: 1427465238 ns, Reaching safepoint: 447678 ns, Cleanup: 20281 ns, At safepoint: 52910 ns, Total: 520869 ns
[2025-10-13T18:21:03.780-0700][1256][info ][safepoint   ] Safepoint "Cleanup", Time since last: 2000218303 ns, Reaching safepoint: 413226 ns, Cleanup: 14001 ns, At safepoint: 56516 ns, Total: 483743 ns
[2025-10-13T18:21:04.780-0700][1256][info ][safepoint   ] Safepoint "Cleanup", Time since last: 1000132872 ns, Reaching safepoint: 406776 ns, Cleanup: 53040 ns, At safepoint: 57518 ns, Total: 517334 ns
[2025-10-13T18:21:06.781-0700][1256][info ][safepoint   ] Safepoint "Cleanup", Time since last: 2000202748 ns, Reaching safepoint: 409922 ns, Cleanup: 17105 ns, At safepoint: 56005 ns, Total: 483032 ns
[2025-10-13T18:21:07.782-0700][1256][info ][safepoint   ] Safepoint "Cleanup", Time since last: 1000132892 ns, Reaching safepoint: 413938 ns, Cleanup: 23545 ns, At safepoint: 54763 ns, Total: 492246 ns
[2025-10-13T18:21:08.782-0700][1256][info ][safepoint   ] Safepoint "Cleanup", Time since last: 1000132312 ns, Reaching safepoint: 406666 ns, Cleanup: 14021 ns, At safepoint: 79380 ns, Total: 500067 ns
[2025-10-13T18:21:09.783-0700][1256][info ][safepoint   ] Safepoint "Cleanup", Time since last: 1000132071 ns, Reaching safepoint: 404423 ns, Cleanup: 13420 ns, At safepoint: 53742 ns, Total: 471585 ns
[2025-10-13T18:21:10.783-0700][1256][info ][safepoint   ] Safepoint "Cleanup", Time since last: 1000132762 ns, Reaching safepoint: 415980 ns, Cleanup: 13520 ns, At safepoint: 56656 ns, Total: 486156 ns
[2025-10-13T18:21:11.784-0700][1256][info ][safepoint   ] Safepoint "Cleanup", Time since last: 1000135186 ns, Reaching safepoint: 408198 ns, Cleanup: 13861 ns, At safepoint: 56656 ns, Total: 478715 ns
[2025-10-13T18:21:12.785-0700][1256][info ][safepoint   ] Safepoint "Cleanup", Time since last: 1000151941 ns, Reaching safepoint: 407588 ns, Cleanup: 14411 ns, At safepoint: 55965 ns, Total: 477964 ns
[2025-10-13T18:21:15.785-0700][1256][info ][safepoint   ] Safepoint "Cleanup", Time since last: 3000299246 ns, Reaching safepoint: 431664 ns, Cleanup: 13771 ns, At safepoint: 54763 ns, Total: 500198 ns
[2025-10-13T18:21:16.786-0700][1256][info ][safepoint   ] Safepoint "Cleanup", Time since last: 1000111600 ns, Reaching safepoint: 404092 ns, Cleanup: 14051 ns, At safepoint: 56676 ns, Total: 474819 ns
[2025-10-13T18:21:19.787-0700][1256][info ][safepoint   ] Safepoint "Cleanup", Time since last: 3000295150 ns, Reaching safepoint: 408639 ns, Cleanup: 15263 ns, At safepoint: 54893 ns, Total: 478795 ns
[2025-10-13T18:21:22.788-0700][1256][info ][safepoint   ] Safepoint "Cleanup", Time since last: 3000305626 ns, Reaching safepoint: 410883 ns, Cleanup: 13099 ns, At safepoint: 54783 ns, Total: 478765 ns
[2025-10-13T18:21:23.788-0700][1256][info ][safepoint   ] Safepoint "Cleanup", Time since last: 1000131400 ns, Reaching safepoint: 408329 ns, Cleanup: 29194 ns, At safepoint: 57047 ns, Total: 494570 ns
[2025-10-13T18:21:25.789-0700][1256][info ][safepoint   ] Safepoint "Cleanup", Time since last: 2000221196 ns, Reaching safepoint: 409000 ns, Cleanup: 19259 ns, At safepoint: 56195 ns, Total: 484454 ns
[2025-10-13T18:21:26.790-0700][1256][info ][safepoint   ] Safepoint "Cleanup", Time since last: 1000134836 ns, Reaching safepoint: 416611 ns, Cleanup: 18788 ns, At safepoint: 55805 ns, Total: 491204 ns
[2025-10-13T18:21:29.790-0700][1256][info ][safepoint   ] Safepoint "Cleanup", Time since last: 3000316111 ns, Reaching safepoint: 414939 ns, Cleanup: 20511 ns, At safepoint: 56946 ns, Total: 492396 ns
[2025-10-13T18:21:30.791-0700][1256][info ][safepoint   ] Safepoint "Cleanup", Time since last: 1000140153 ns, Reaching safepoint: 422701 ns, Cleanup: 17056 ns, At safepoint: 56005 ns, Total: 495762 ns
[2025-10-13T18:21:31.792-0700][1256][info ][safepoint   ] Safepoint "Cleanup", Time since last: 1000130378 ns, Reaching safepoint: 409631 ns, Cleanup: 18638 ns, At safepoint: 55724 ns, Total: 483993 ns
[2025-10-13T18:21:32.792-0700][1256][info ][safepoint   ] Safepoint "Cleanup", Time since last: 1000131570 ns, Reaching safepoint: 420658 ns, Cleanup: 18708 ns, At safepoint: 55454 ns, Total: 494820 ns
[2025-10-13T18:21:35.793-0700][1256][info ][safepoint   ] Safepoint "Cleanup", Time since last: 3000286036 ns, Reaching safepoint: 404984 ns, Cleanup: 14191 ns, At safepoint: 55214 ns, Total: 474389 ns
[2025-10-13T18:21:36.794-0700][1256][info ][safepoint   ] Safepoint "Cleanup", Time since last: 1000133673 ns, Reaching safepoint: 418384 ns, Cleanup: 25158 ns, At safepoint: 56776 ns, Total: 500318 ns
[2025-10-13T18:21:37.794-0700][1256][info ][safepoint   ] Safepoint "Cleanup", Time since last: 1000137329 ns, Reaching safepoint: 440327 ns, Cleanup: 18348 ns, At safepoint: 56495 ns, Total: 515170 ns
[2025-10-13T18:21:38.795-0700][1256][info ][safepoint   ] Safepoint "Cleanup", Time since last: 1000135567 ns, Reaching safepoint: 405003 ns, Cleanup: 18018 ns, At safepoint: 54652 ns, Total: 477673 ns
[2025-10-13T18:21:40.796-0700][1256][info ][safepoint   ] Safepoint "Cleanup", Time since last: 2000217562 ns, Reaching safepoint: 421749 ns, Cleanup: 21833 ns, At safepoint: 54102 ns, Total: 497684 ns
[2025-10-13T18:21:41.796-0700][1256][info ][safepoint   ] Safepoint "Cleanup", Time since last: 1000136918 ns, Reaching safepoint: 413707 ns, Cleanup: 22424 ns, At safepoint: 58458 ns, Total: 494589 ns
[2025-10-13T18:21:42.797-0700][1256][info ][safepoint   ] Safepoint "Cleanup", Time since last: 1000140865 ns, Reaching safepoint: 405905 ns, Cleanup: 19499 ns, At safepoint: 58699 ns, Total: 484103 ns
[2025-10-13T18:21:43.798-0700][1256][info ][safepoint   ] Safepoint "Cleanup", Time since last: 1000136998 ns, Reaching safepoint: 425225 ns, Cleanup: 19439 ns, At safepoint: 58980 ns, Total: 503644 ns
[2025-10-13T18:21:45.798-0700][1256][info ][safepoint   ] Safepoint "Cleanup", Time since last: 2000223009 ns, Reaching safepoint: 405795 ns, Cleanup: 27512 ns, At safepoint: 57106 ns, Total: 490413 ns
[2025-10-13T18:21:46.799-0700][1256][info ][safepoint   ] Safepoint "Cleanup", Time since last: 1000140384 ns, Reaching safepoint: 407707 ns, Cleanup: 13781 ns, At safepoint: 57237 ns, Total: 478725 ns
[2025-10-13T18:21:47.800-0700][1256][info ][safepoint   ] Safepoint "Cleanup", Time since last: 1000133193 ns, Reaching safepoint: 418353 ns, Cleanup: 19290 ns, At safepoint: 53731 ns, Total: 491374 ns
[2025-10-13T18:21:48.800-0700][1256][info ][safepoint   ] Safepoint "Cleanup", Time since last: 1000130899 ns, Reaching safepoint: 407778 ns, Cleanup: 16795 ns, At safepoint: 56236 ns, Total: 480809 ns
[2025-10-13T18:21:50.801-0700][1256][info ][safepoint   ] Safepoint "Cleanup", Time since last: 2000222849 ns, Reaching safepoint: 411463 ns, Cleanup: 14873 ns, At safepoint: 55193 ns, Total: 481529 ns
[2025-10-13T18:21:52.802-0700][1256][info ][safepoint   ] Safepoint "Cleanup", Time since last: 2000220506 ns, Reaching safepoint: 437583 ns, Cleanup: 19099 ns, At safepoint: 58048 ns, Total: 514730 ns
[2025-10-13T18:21:53.802-0700][1256][info ][safepoint   ] Safepoint "Cleanup", Time since last: 1000138200 ns, Reaching safepoint: 406676 ns, Cleanup: 14372 ns, At safepoint: 56396 ns, Total: 477444 ns
[2025-10-13T18:21:54.803-0700][1256][info ][safepoint   ] Safepoint "Cleanup", Time since last: 1000147674 ns, Reaching safepoint: 411684 ns, Cleanup: 17677 ns, At safepoint: 58188 ns, Total: 487549 ns
[2025-10-13T18:21:55.803-0700][1256][info ][safepoint   ] Safepoint "Cleanup", Time since last: 1000154395 ns, Reaching safepoint: 425635 ns, Cleanup: 21132 ns, At safepoint: 56285 ns, Total: 503052 ns
[2025-10-13T18:21:57.804-0700][1256][info ][safepoint   ] Safepoint "Cleanup", Time since last: 2000222038 ns, Reaching safepoint: 409130 ns, Cleanup: 17546 ns, At safepoint: 55564 ns, Total: 482240 ns
[2025-10-13T18:21:58.805-0700][1256][info ][safepoint   ] Safepoint "Cleanup", Time since last: 1000160875 ns, Reaching safepoint: 407558 ns, Cleanup: 14231 ns, At safepoint: 59430 ns, Total: 481219 ns
[2025-10-13T18:22:00.800-0700][1256][info ][safepoint   ] Safepoint "Cleanup", Time since last: 1994786894 ns, Reaching safepoint: 187985 ns, Cleanup: 20140 ns, At safepoint: 37437 ns, Total: 245562 ns
[2025-10-13T18:22:06.801-0700][1256][info ][safepoint   ] Safepoint "Cleanup", Time since last: 6000566660 ns, Reaching safepoint: 405474 ns, Cleanup: 15433 ns, At safepoint: 54433 ns, Total: 475340 ns
[2025-10-13T18:22:07.802-0700][1256][info ][safepoint   ] Safepoint "Cleanup", Time since last: 1000134967 ns, Reaching safepoint: 435249 ns, Cleanup: 17988 ns, At safepoint: 61593 ns, Total: 514830 ns
[2025-10-13T18:22:08.802-0700][1256][info ][safepoint   ] Safepoint "Cleanup", Time since last: 1000137341 ns, Reaching safepoint: 408879 ns, Cleanup: 14462 ns, At safepoint: 56806 ns, Total: 480147 ns
[2025-10-13T18:22:11.803-0700][1256][info ][safepoint   ] Safepoint "Cleanup", Time since last: 3000319603 ns, Reaching safepoint: 409240 ns, Cleanup: 13210 ns, At safepoint: 55904 ns, Total: 478354 ns
[2025-10-13T18:22:12.804-0700][1256][info ][safepoint   ] Safepoint "Cleanup", Time since last: 1000133816 ns, Reaching safepoint: 429310 ns, Cleanup: 28574 ns, At safepoint: 55694 ns, Total: 513578 ns
[2025-10-13T18:22:13.804-0700][1256][info ][safepoint   ] Safepoint "Cleanup", Time since last: 1000137501 ns, Reaching safepoint: 405504 ns, Cleanup: 21944 ns, At safepoint: 68453 ns, Total: 495901 ns
[2025-10-13T18:22:14.805-0700][1256][info ][safepoint   ] Safepoint "Cleanup", Time since last: 1000137301 ns, Reaching safepoint: 410712 ns, Cleanup: 12689 ns, At safepoint: 58469 ns, Total: 481870 ns
[2025-10-13T18:22:17.806-0700][1256][info ][safepoint   ] Safepoint "Cleanup", Time since last: 3000304890 ns, Reaching safepoint: 416281 ns, Cleanup: 19860 ns, At safepoint: 57717 ns, Total: 493858 ns
[2025-10-13T18:22:18.806-0700][1256][info ][safepoint   ] Safepoint "Cleanup", Time since last: 1000133295 ns, Reaching safepoint: 411083 ns, Cleanup: 20621 ns, At safepoint: 67202 ns, Total: 498906 ns
[2025-10-13T18:22:22.831-0700][1256][info ][gc,start    ] GC(20) Pause Young (Normal) (G1 Evacuation Pause)
[2025-10-13T18:22:22.831-0700][1256][info ][gc,task     ] GC(20) Using 113 workers of 113 for evacuation
[2025-10-13T18:22:22.834-0700][1256][debug][gc,remset   ] GC(20) Visited cards 603392 Total dirty 1179648 (51.15%) Total old 38928384 (1.55%)
[2025-10-13T18:22:22.863-0700][1256][info ][gc,phases   ] GC(20)   Pre Evacuate Collection Set: 0.6ms
[2025-10-13T18:22:22.863-0700][1256][info ][gc,phases   ] GC(20)   Merge Heap Roots: 2.2ms
[2025-10-13T18:22:22.863-0700][1256][info ][gc,phases   ] GC(20)   Evacuate Collection Set: 26.7ms
[2025-10-13T18:22:22.863-0700][1256][info ][gc,phases   ] GC(20)   Post Evacuate Collection Set: 2.8ms
[2025-10-13T18:22:22.863-0700][1256][info ][gc,phases   ] GC(20)   Other: 0.1ms
[2025-10-13T18:22:22.863-0700][1256][debug][gc,remset   ] GC(20) Coarsening (recent): Inline->AoC 0 (0) AoC->Howl 0 (0) Howl->Full 0 (0) Inline->AoC 0 (0) AoC->BitMap 0 (0) BitMap->Full 0 (0) 
[2025-10-13T18:22:22.863-0700][1256][debug][gc,remset   ] GC(20) Coarsening (all): Inline->AoC 160 (0) AoC->Howl 32 (0) Howl->Full 0 (0) Inline->AoC 190 (0) AoC->BitMap 14 (0) BitMap->Full 0 (0) 
[2025-10-13T18:22:22.864-0700][1256][info ][gc,heap     ] GC(20) Eden regions: 266->0(257)
[2025-10-13T18:22:22.864-0700][1256][info ][gc,heap     ] GC(20) Survivor regions: 22->31(36)
[2025-10-13T18:22:22.864-0700][1256][info ][gc,heap     ] GC(20) Old regions: 18->18
[2025-10-13T18:22:22.864-0700][1256][info ][gc,heap     ] GC(20) Humongous regions: 0->0
[2025-10-13T18:22:22.864-0700][1256][info ][gc,metaspace] GC(20) Metaspace: 212375K(214912K)->212375K(214912K) NonClass: 187648K(189056K)->187648K(189056K) Class: 24726K(25856K)->24726K(25856K)
[2025-10-13T18:22:22.864-0700][1256][info ][gc          ] GC(20) Pause Young (Normal) (G1 Evacuation Pause) 9737M->1527M(184320M) 32.670ms
[2025-10-13T18:22:22.865-0700][1256][info ][gc,cpu      ] GC(20) User=1.43s Sys=0.14s Real=0.03s
[2025-10-13T18:22:22.865-0700][1256][info ][safepoint   ] Safepoint "G1CollectForAllocation", Time since last: 4023139007 ns, Reaching safepoint: 405214 ns, Cleanup: 5548 ns, At safepoint: 34909909 ns, Total: 35320671 ns
[2025-10-13T18:22:23.865-0700][1256][info ][safepoint   ] Safepoint "Cleanup", Time since last: 1000082417 ns, Reaching safepoint: 378283 ns, Cleanup: 17797 ns, At safepoint: 35875 ns, Total: 431955 ns
[2025-10-13T18:22:24.866-0700][1256][info ][safepoint   ] Safepoint "Cleanup", Time since last: 1000103079 ns, Reaching safepoint: 353736 ns, Cleanup: 23225 ns, At safepoint: 34051 ns, Total: 411012 ns
[2025-10-13T18:22:30.867-0700][1256][info ][safepoint   ] Safepoint "Cleanup", Time since last: 6000429367 ns, Reaching safepoint: 365194 ns, Cleanup: 22964 ns, At safepoint: 36576 ns, Total: 424734 ns
[2025-10-13T18:22:31.867-0700][1256][info ][safepoint   ] Safepoint "Cleanup", Time since last: 1000103810 ns, Reaching safepoint: 354116 ns, Cleanup: 14622 ns, At safepoint: 36826 ns, Total: 405564 ns
[2025-10-13T18:22:36.868-0700][1256][info ][safepoint   ] Safepoint "Cleanup", Time since last: 5000324345 ns, Reaching safepoint: 357833 ns, Cleanup: 14732 ns, At safepoint: 36906 ns, Total: 409471 ns
[2025-10-13T18:22:38.868-0700][1256][info ][safepoint   ] Safepoint "Cleanup", Time since last: 2000176693 ns, Reaching safepoint: 396220 ns, Cleanup: 13541 ns, At safepoint: 37406 ns, Total: 447167 ns
[2025-10-13T18:22:40.869-0700][1256][info ][safepoint   ] Safepoint "Cleanup", Time since last: 2000165276 ns, Reaching safepoint: 365374 ns, Cleanup: 12569 ns, At safepoint: 34482 ns, Total: 412425 ns
[2025-10-13T18:22:44.870-0700][1256][info ][safepoint   ] Safepoint "Cleanup", Time since last: 4000260656 ns, Reaching safepoint: 354557 ns, Cleanup: 13871 ns, At safepoint: 35845 ns, Total: 404273 ns
[2025-10-13T18:22:47.870-0700][1256][info ][safepoint   ] Safepoint "Cleanup", Time since last: 3000238209 ns, Reaching safepoint: 378473 ns, Cleanup: 17016 ns, At safepoint: 33250 ns, Total: 428739 ns
[2025-10-13T18:22:48.871-0700][1256][info ][safepoint   ] Safepoint "Cleanup", Time since last: 1000104101 ns, Reaching safepoint: 369720 ns, Cleanup: 11838 ns, At safepoint: 36095 ns, Total: 417653 ns
[2025-10-13T18:22:53.872-0700][1256][info ][safepoint   ] Safepoint "Cleanup", Time since last: 5000402804 ns, Reaching safepoint: 405794 ns, Cleanup: 24357 ns, At safepoint: 56296 ns, Total: 486447 ns
[2025-10-13T18:22:54.872-0700][1256][info ][safepoint   ] Safepoint "Cleanup", Time since last: 1000131982 ns, Reaching safepoint: 431845 ns, Cleanup: 49505 ns, At safepoint: 56465 ns, Total: 537815 ns
[2025-10-13T18:22:55.873-0700][1256][info ][safepoint   ] Safepoint "Cleanup", Time since last: 1000134967 ns, Reaching safepoint: 409531 ns, Cleanup: 17496 ns, At safepoint: 56476 ns, Total: 483503 ns
[2025-10-13T18:22:56.874-0700][1256][info ][safepoint   ] Safepoint "Cleanup", Time since last: 1000122719 ns, Reaching safepoint: 358553 ns, Cleanup: 12409 ns, At safepoint: 35263 ns, Total: 406225 ns
[2025-10-13T18:22:57.874-0700][1256][info ][safepoint   ] Safepoint "Cleanup", Time since last: 1000122729 ns, Reaching safepoint: 407387 ns, Cleanup: 33951 ns, At safepoint: 50186 ns, Total: 491524 ns
[2025-10-13T18:22:58.875-0700][1256][info ][safepoint   ] Safepoint "Cleanup", Time since last: 1000127025 ns, Reaching safepoint: 405495 ns, Cleanup: 18247 ns, At safepoint: 55464 ns, Total: 479206 ns
[2025-10-13T18:23:00.822-0700][1256][info ][safepoint   ] Safepoint "Cleanup", Time since last: 1946711924 ns, Reaching safepoint: 189508 ns, Cleanup: 12018 ns, At safepoint: 32619 ns, Total: 234145 ns
[2025-10-13T18:23:01.822-0700][1256][info ][safepoint   ] Safepoint "Cleanup", Time since last: 1000125924 ns, Reaching safepoint: 365584 ns, Cleanup: 10806 ns, At safepoint: 34031 ns, Total: 410421 ns
[2025-10-13T18:23:03.823-0700][1256][info ][safepoint   ] Safepoint "Cleanup", Time since last: 2000214221 ns, Reaching safepoint: 405714 ns, Cleanup: 13401 ns, At safepoint: 54642 ns, Total: 473757 ns
[2025-10-13T18:23:06.824-0700][1256][info ][safepoint   ] Safepoint "Cleanup", Time since last: 3000305001 ns, Reaching safepoint: 411363 ns, Cleanup: 18688 ns, At safepoint: 58018 ns, Total: 488069 ns
[2025-10-13T18:23:07.824-0700][1256][info ][safepoint   ] Safepoint "Cleanup", Time since last: 1000138963 ns, Reaching safepoint: 439877 ns, Cleanup: 14171 ns, At safepoint: 35154 ns, Total: 489202 ns
[2025-10-13T18:23:08.825-0700][1256][info ][safepoint   ] Safepoint "Cleanup", Time since last: 1000125470 ns, Reaching safepoint: 412284 ns, Cleanup: 13160 ns, At safepoint: 54904 ns, Total: 480348 ns
[2025-10-13T18:23:09.826-0700][1256][info ][safepoint   ] Safepoint "Cleanup", Time since last: 1000113859 ns, Reaching safepoint: 374077 ns, Cleanup: 12920 ns, At safepoint: 37006 ns, Total: 424003 ns
[2025-10-13T18:23:10.826-0700][1256][info ][safepoint   ] Safepoint "Cleanup", Time since last: 1000145217 ns, Reaching safepoint: 404964 ns, Cleanup: 19519 ns, At safepoint: 69996 ns, Total: 494479 ns
[2025-10-13T18:23:11.827-0700][1256][info ][safepoint   ] Safepoint "Cleanup", Time since last: 1000134321 ns, Reaching safepoint: 407237 ns, Cleanup: 14272 ns, At safepoint: 54392 ns, Total: 475901 ns
[2025-10-13T18:23:12.827-0700][1256][info ][safepoint   ] Safepoint "Cleanup", Time since last: 1000142914 ns, Reaching safepoint: 367276 ns, Cleanup: 21623 ns, At safepoint: 33441 ns, Total: 422340 ns
[2025-10-13T18:23:13.828-0700][1256][info ][safepoint   ] Safepoint "Cleanup", Time since last: 1000132868 ns, Reaching safepoint: 410552 ns, Cleanup: 15153 ns, At safepoint: 54233 ns, Total: 479938 ns
[2025-10-13T18:23:16.829-0700][1256][info ][safepoint   ] Safepoint "Cleanup", Time since last: 3000292815 ns, Reaching safepoint: 359956 ns, Cleanup: 13871 ns, At safepoint: 35654 ns, Total: 409481 ns
[2025-10-13T18:23:21.830-0700][1256][info ][safepoint   ] Safepoint "Cleanup", Time since last: 5000389377 ns, Reaching safepoint: 365073 ns, Cleanup: 9664 ns, At safepoint: 35724 ns, Total: 410461 ns
[2025-10-13T18:23:22.830-0700][1256][info ][safepoint   ] Safepoint "Cleanup", Time since last: 1000117095 ns, Reaching safepoint: 360326 ns, Cleanup: 12058 ns, At safepoint: 34112 ns, Total: 406496 ns
[2025-10-13T18:23:24.831-0700][1256][info ][safepoint   ] Safepoint "Cleanup", Time since last: 2000219668 ns, Reaching safepoint: 412214 ns, Cleanup: 17827 ns, At safepoint: 58959 ns, Total: 489000 ns
[2025-10-13T18:23:25.831-0700][1256][info ][safepoint   ] Safepoint "Cleanup", Time since last: 1000142974 ns, Reaching safepoint: 427027 ns, Cleanup: 13831 ns, At safepoint: 58409 ns, Total: 499267 ns
[2025-10-13T18:23:28.832-0700][1256][info ][safepoint   ] Safepoint "Cleanup", Time since last: 3000293927 ns, Reaching safepoint: 409270 ns, Cleanup: 15233 ns, At safepoint: 56927 ns, Total: 481430 ns
[2025-10-13T18:23:30.833-0700][1256][info ][safepoint   ] Safepoint "Cleanup", Time since last: 2000249813 ns, Reaching safepoint: 408869 ns, Cleanup: 15614 ns, At safepoint: 55514 ns, Total: 479997 ns
[2025-10-13T18:23:31.834-0700][1256][info ][safepoint   ] Safepoint "Cleanup", Time since last: 1000120710 ns, Reaching safepoint: 434669 ns, Cleanup: 20591 ns, At safepoint: 57407 ns, Total: 512667 ns
[2025-10-13T18:23:35.834-0700][1256][info ][safepoint   ] Safepoint "Cleanup", Time since last: 4000352483 ns, Reaching safepoint: 398424 ns, Cleanup: 14081 ns, At safepoint: 34443 ns, Total: 446948 ns
[2025-10-13T18:23:36.835-0700][1256][info ][safepoint   ] Safepoint "Cleanup", Time since last: 1000132758 ns, Reaching safepoint: 409390 ns, Cleanup: 14863 ns, At safepoint: 57687 ns, Total: 481940 ns
[2025-10-13T18:23:38.836-0700][1256][info ][safepoint   ] Safepoint "Cleanup", Time since last: 2000251957 ns, Reaching safepoint: 409460 ns, Cleanup: 20671 ns, At safepoint: 56366 ns, Total: 486497 ns
[2025-10-13T18:23:40.836-0700][1256][info ][safepoint   ] Safepoint "Cleanup", Time since last: 2000209622 ns, Reaching safepoint: 419736 ns, Cleanup: 25358 ns, At safepoint: 55935 ns, Total: 501029 ns
[2025-10-13T18:23:42.837-0700][1256][info ][safepoint   ] Safepoint "Cleanup", Time since last: 2000229332 ns, Reaching safepoint: 409000 ns, Cleanup: 20641 ns, At safepoint: 55264 ns, Total: 484905 ns
[2025-10-13T18:23:49.838-0700][1256][info ][safepoint   ] Safepoint "Cleanup", Time since last: 7000598208 ns, Reaching safepoint: 411033 ns, Cleanup: 16104 ns, At safepoint: 68774 ns, Total: 495911 ns
[2025-10-13T18:23:53.839-0700][1256][info ][safepoint   ] Safepoint "Cleanup", Time since last: 4000386305 ns, Reaching safepoint: 410362 ns, Cleanup: 15273 ns, At safepoint: 57157 ns, Total: 482792 ns
[2025-10-13T18:23:55.840-0700][1256][info ][safepoint   ] Safepoint "Cleanup", Time since last: 2000197053 ns, Reaching safepoint: 408829 ns, Cleanup: 24958 ns, At safepoint: 56426 ns, Total: 490213 ns
[2025-10-13T18:23:56.261-0700][1256][info ][gc,start    ] GC(21) Pause Young (Normal) (G1 Evacuation Pause)
[2025-10-13T18:23:56.261-0700][1256][info ][gc,task     ] GC(21) Using 113 workers of 113 for evacuation
[2025-10-13T18:23:56.264-0700][1256][debug][gc,remset   ] GC(21) Visited cards 610304 Total dirty 1179648 (51.74%) Total old 38928384 (1.57%)
[2025-10-13T18:23:56.297-0700][1256][info ][gc,phases   ] GC(21)   Pre Evacuate Collection Set: 0.6ms
[2025-10-13T18:23:56.297-0700][1256][info ][gc,phases   ] GC(21)   Merge Heap Roots: 2.2ms
[2025-10-13T18:23:56.297-0700][1256][info ][gc,phases   ] GC(21)   Evacuate Collection Set: 30.0ms
[2025-10-13T18:23:56.297-0700][1256][info ][gc,phases   ] GC(21)   Post Evacuate Collection Set: 2.8ms
[2025-10-13T18:23:56.297-0700][1256][info ][gc,phases   ] GC(21)   Other: 0.1ms
[2025-10-13T18:23:56.297-0700][1256][debug][gc,remset   ] GC(21) Coarsening (recent): Inline->AoC 0 (0) AoC->Howl 0 (0) Howl->Full 0 (0) Inline->AoC 0 (0) AoC->BitMap 0 (0) BitMap->Full 0 (0) 
[2025-10-13T18:23:56.297-0700][1256][debug][gc,remset   ] GC(21) Coarsening (all): Inline->AoC 160 (0) AoC->Howl 32 (0) Howl->Full 0 (0) Inline->AoC 190 (0) AoC->BitMap 14 (0) BitMap->Full 0 (0) 
[2025-10-13T18:23:56.297-0700][1256][info ][gc,heap     ] GC(21) Eden regions: 257->0(254)
[2025-10-13T18:23:56.297-0700][1256][info ][gc,heap     ] GC(21) Survivor regions: 31->34(36)
[2025-10-13T18:23:56.297-0700][1256][info ][gc,heap     ] GC(21) Old regions: 18->22
[2025-10-13T18:23:56.297-0700][1256][info ][gc,heap     ] GC(21) Humongous regions: 0->0
[2025-10-13T18:23:56.297-0700][1256][info ][gc,metaspace] GC(21) Metaspace: 213086K(215744K)->213086K(215744K) NonClass: 188264K(189696K)->188264K(189696K) Class: 24822K(26048K)->24822K(26048K)
[2025-10-13T18:23:56.297-0700][1256][info ][gc          ] GC(21) Pause Young (Normal) (G1 Evacuation Pause) 9751M->1787M(184320M) 35.945ms
[2025-10-13T18:23:56.298-0700][1256][info ][gc,cpu      ] GC(21) User=1.86s Sys=0.06s Real=0.03s
[2025-10-13T18:23:56.298-0700][1256][info ][safepoint   ] Safepoint "G1CollectForAllocation", Time since last: 419892470 ns, Reaching safepoint: 410983 ns, Cleanup: 5699 ns, At safepoint: 38111666 ns, Total: 38528348 ns
[2025-10-13T18:23:57.299-0700][1256][info ][safepoint   ] Safepoint "Cleanup", Time since last: 1000091336 ns, Reaching safepoint: 366856 ns, Cleanup: 16916 ns, At safepoint: 37496 ns, Total: 421268 ns
[2025-10-13T18:24:00.299-0700][1256][info ][safepoint   ] Safepoint "Cleanup", Time since last: 3000302110 ns, Reaching safepoint: 431103 ns, Cleanup: 11798 ns, At safepoint: 34272 ns, Total: 477173 ns
[2025-10-13T18:24:01.844-0700][1256][info ][safepoint   ] Safepoint "Cleanup", Time since last: 1544280729 ns, Reaching safepoint: 416080 ns, Cleanup: 40401 ns, At safepoint: 57467 ns, Total: 513948 ns
[2025-10-13T18:24:02.845-0700][1256][info ][safepoint   ] Safepoint "Cleanup", Time since last: 1000152319 ns, Reaching safepoint: 427497 ns, Cleanup: 14132 ns, At safepoint: 56565 ns, Total: 498194 ns
[2025-10-13T18:24:10.846-0700][1256][info ][safepoint   ] Safepoint "Cleanup", Time since last: 8000693861 ns, Reaching safepoint: 413186 ns, Cleanup: 14592 ns, At safepoint: 55364 ns, Total: 483142 ns
[2025-10-13T18:24:13.847-0700][1256][info ][safepoint   ] Safepoint "Cleanup", Time since last: 3000280860 ns, Reaching safepoint: 415520 ns, Cleanup: 12909 ns, At safepoint: 58459 ns, Total: 486888 ns
[2025-10-13T18:24:18.848-0700][1256][info ][safepoint   ] Safepoint "Cleanup", Time since last: 5000419826 ns, Reaching safepoint: 362950 ns, Cleanup: 15994 ns, At safepoint: 36445 ns, Total: 415389 ns
[2025-10-13T18:24:19.848-0700][1256][info ][safepoint   ] Safepoint "Cleanup", Time since last: 1000125423 ns, Reaching safepoint: 431533 ns, Cleanup: 15784 ns, At safepoint: 61984 ns, Total: 509301 ns
[2025-10-13T18:24:20.849-0700][1256][info ][safepoint   ] Safepoint "Cleanup", Time since last: 1000119353 ns, Reaching safepoint: 416391 ns, Cleanup: 25388 ns, At safepoint: 58779 ns, Total: 500558 ns
[2025-10-13T18:24:23.850-0700][1256][info ][safepoint   ] Safepoint "Cleanup", Time since last: 3000259169 ns, Reaching safepoint: 419445 ns, Cleanup: 16866 ns, At safepoint: 54412 ns, Total: 490723 ns
[2025-10-13T18:24:29.851-0700][1256][info ][safepoint   ] Safepoint "Cleanup", Time since last: 6000510356 ns, Reaching safepoint: 414048 ns, Cleanup: 24817 ns, At safepoint: 59220 ns, Total: 498085 ns
[2025-10-13T18:24:30.851-0700][1256][info ][safepoint   ] Safepoint "Cleanup", Time since last: 1000138291 ns, Reaching safepoint: 427268 ns, Cleanup: 19659 ns, At safepoint: 57878 ns, Total: 504805 ns
[2025-10-13T18:24:31.852-0700][1256][info ][safepoint   ] Safepoint "Cleanup", Time since last: 1000129759 ns, Reaching safepoint: 413186 ns, Cleanup: 21773 ns, At safepoint: 57777 ns, Total: 492736 ns
[2025-10-13T18:24:32.853-0700][1256][info ][safepoint   ] Safepoint "Cleanup", Time since last: 1000128817 ns, Reaching safepoint: 423231 ns, Cleanup: 15674 ns, At safepoint: 55254 ns, Total: 494159 ns
[2025-10-13T18:24:34.853-0700][1256][info ][safepoint   ] Safepoint "Cleanup", Time since last: 2000196592 ns, Reaching safepoint: 426766 ns, Cleanup: 13050 ns, At safepoint: 55324 ns, Total: 495140 ns
[2025-10-13T18:24:35.854-0700][1256][info ][safepoint   ] Safepoint "Cleanup", Time since last: 1000127776 ns, Reaching safepoint: 415168 ns, Cleanup: 15885 ns, At safepoint: 56255 ns, Total: 487308 ns
[2025-10-13T18:24:36.855-0700][1256][info ][safepoint   ] Safepoint "Cleanup", Time since last: 1000124581 ns, Reaching safepoint: 429590 ns, Cleanup: 23886 ns, At safepoint: 58189 ns, Total: 511665 ns
[2025-10-13T18:24:40.855-0700][1256][info ][safepoint   ] Safepoint "Cleanup", Time since last: 4000367735 ns, Reaching safepoint: 425244 ns, Cleanup: 15644 ns, At safepoint: 57227 ns, Total: 498115 ns
[2025-10-13T18:24:43.856-0700][1256][info ][safepoint   ] Safepoint "Cleanup", Time since last: 3000318779 ns, Reaching safepoint: 413166 ns, Cleanup: 20481 ns, At safepoint: 66571 ns, Total: 500218 ns
[2025-10-13T18:24:46.857-0700][1256][info ][safepoint   ] Safepoint "Cleanup", Time since last: 3000308954 ns, Reaching safepoint: 412545 ns, Cleanup: 17667 ns, At safepoint: 57657 ns, Total: 487869 ns
[2025-10-13T18:24:48.858-0700][1256][info ][safepoint   ] Safepoint "Cleanup", Time since last: 2000221139 ns, Reaching safepoint: 413907 ns, Cleanup: 14072 ns, At safepoint: 58218 ns, Total: 486197 ns
[2025-10-13T18:24:49.858-0700][1256][info ][safepoint   ] Safepoint "Cleanup", Time since last: 1000125482 ns, Reaching safepoint: 390291 ns, Cleanup: 17427 ns, At safepoint: 35904 ns, Total: 443622 ns
[2025-10-13T18:24:53.859-0700][1256][info ][safepoint   ] Safepoint "Cleanup", Time since last: 4000399884 ns, Reaching safepoint: 435139 ns, Cleanup: 20542 ns, At safepoint: 69725 ns, Total: 525406 ns
[2025-10-13T18:24:54.860-0700][1256][info ][safepoint   ] Safepoint "Cleanup", Time since last: 1000146634 ns, Reaching safepoint: 388559 ns, Cleanup: 18097 ns, At safepoint: 34773 ns, Total: 441429 ns
[2025-10-13T18:24:55.860-0700][1256][info ][safepoint   ] Safepoint "Cleanup", Time since last: 1000128547 ns, Reaching safepoint: 401799 ns, Cleanup: 24136 ns, At safepoint: 36005 ns, Total: 461940 ns
[2025-10-13T18:25:01.867-0700][1256][info ][safepoint   ] Safepoint "Cleanup", Time since last: 6005762571 ns, Reaching safepoint: 411744 ns, Cleanup: 23075 ns, At safepoint: 58959 ns, Total: 493778 ns
[2025-10-13T18:25:02.867-0700][1256][info ][safepoint   ] Safepoint "Cleanup", Time since last: 1000128497 ns, Reaching safepoint: 423962 ns, Cleanup: 17607 ns, At safepoint: 59019 ns, Total: 500588 ns
[2025-10-13T18:25:06.868-0700][1256][info ][safepoint   ] Safepoint "Cleanup", Time since last: 4000383590 ns, Reaching safepoint: 414538 ns, Cleanup: 14131 ns, At safepoint: 53701 ns, Total: 482370 ns
[2025-10-13T18:25:11.869-0700][1256][info ][safepoint   ] Safepoint "Cleanup", Time since last: 5000475967 ns, Reaching safepoint: 412565 ns, Cleanup: 12269 ns, At safepoint: 56876 ns, Total: 481710 ns
[2025-10-13T18:25:13.870-0700][1256][info ][safepoint   ] Safepoint "Cleanup", Time since last: 2000222958 ns, Reaching safepoint: 390902 ns, Cleanup: 10125 ns, At safepoint: 37216 ns, Total: 438243 ns
[2025-10-13T18:25:15.870-0700][1256][info ][safepoint   ] Safepoint "Cleanup", Time since last: 2000162076 ns, Reaching safepoint: 366405 ns, Cleanup: 13951 ns, At safepoint: 34853 ns, Total: 415209 ns
[2025-10-13T18:25:18.871-0700][1256][info ][safepoint   ] Safepoint "Cleanup", Time since last: 3000274897 ns, Reaching safepoint: 411613 ns, Cleanup: 16525 ns, At safepoint: 53091 ns, Total: 481229 ns
[2025-10-13T18:25:19.872-0700][1256][info ][safepoint   ] Safepoint "Cleanup", Time since last: 1000138328 ns, Reaching safepoint: 411454 ns, Cleanup: 12759 ns, At safepoint: 58859 ns, Total: 483072 ns
[2025-10-13T18:25:21.872-0700][1256][info ][safepoint   ] Safepoint "Cleanup", Time since last: 2000210647 ns, Reaching safepoint: 429832 ns, Cleanup: 14111 ns, At safepoint: 57898 ns, Total: 501841 ns
[2025-10-13T18:25:22.873-0700][1256][info ][safepoint   ] Safepoint "Cleanup", Time since last: 1000121863 ns, Reaching safepoint: 361808 ns, Cleanup: 22234 ns, At safepoint: 34312 ns, Total: 418354 ns
[2025-10-13T18:25:24.874-0700][1256][info ][safepoint   ] Safepoint "Cleanup", Time since last: 2000230407 ns, Reaching safepoint: 415249 ns, Cleanup: 15223 ns, At safepoint: 54032 ns, Total: 484504 ns
[2025-10-13T18:25:26.874-0700][1256][info ][safepoint   ] Safepoint "Cleanup", Time since last: 2000191368 ns, Reaching safepoint: 433196 ns, Cleanup: 12910 ns, At safepoint: 53761 ns, Total: 499867 ns
[2025-10-13T18:25:27.875-0700][1256][info ][safepoint   ] Safepoint "Cleanup", Time since last: 1000134373 ns, Reaching safepoint: 413016 ns, Cleanup: 17546 ns, At safepoint: 38849 ns, Total: 469411 ns
[2025-10-13T18:25:30.876-0700][1256][info ][safepoint   ] Safepoint "Cleanup", Time since last: 3000298469 ns, Reaching safepoint: 390562 ns, Cleanup: 16976 ns, At safepoint: 37967 ns, Total: 445505 ns
[2025-10-13T18:25:31.876-0700][1256][info ][safepoint   ] Safepoint "Cleanup", Time since last: 1000123667 ns, Reaching safepoint: 424092 ns, Cleanup: 25899 ns, At safepoint: 58669 ns, Total: 508660 ns
[2025-10-13T18:25:32.877-0700][1256][info ][safepoint   ] Safepoint "Cleanup", Time since last: 1000110216 ns, Reaching safepoint: 403201 ns, Cleanup: 16575 ns, At safepoint: 57417 ns, Total: 477193 ns
[2025-10-13T18:25:36.878-0700][1256][info ][safepoint   ] Safepoint "Cleanup", Time since last: 4000327793 ns, Reaching safepoint: 413426 ns, Cleanup: 13941 ns, At safepoint: 37387 ns, Total: 464754 ns
[2025-10-13T18:25:37.878-0700][1256][info ][safepoint   ] Safepoint "Cleanup", Time since last: 1000151198 ns, Reaching safepoint: 426666 ns, Cleanup: 14001 ns, At safepoint: 60562 ns, Total: 501229 ns
[2025-10-13T18:25:40.879-0700][1256][info ][safepoint   ] Safepoint "Cleanup", Time since last: 3000268494 ns, Reaching safepoint: 418314 ns, Cleanup: 14271 ns, At safepoint: 56246 ns, Total: 488831 ns
[2025-10-13T18:25:42.880-0700][1256][info ][safepoint   ] Safepoint "Cleanup", Time since last: 2000205509 ns, Reaching safepoint: 369330 ns, Cleanup: 50947 ns, At safepoint: 35994 ns, Total: 456271 ns
[2025-10-13T18:25:47.881-0700][1256][info ][safepoint   ] Safepoint "Cleanup", Time since last: 5000439131 ns, Reaching safepoint: 414598 ns, Cleanup: 15904 ns, At safepoint: 56215 ns, Total: 486717 ns
[2025-10-13T18:25:51.882-0700][1256][info ][safepoint   ] Safepoint "Cleanup", Time since last: 4000344178 ns, Reaching safepoint: 382319 ns, Cleanup: 10887 ns, At safepoint: 35023 ns, Total: 428229 ns
[2025-10-13T18:25:53.882-0700][1256][info ][safepoint   ] Safepoint "Cleanup", Time since last: 2000209455 ns, Reaching safepoint: 414018 ns, Cleanup: 15263 ns, At safepoint: 86150 ns, Total: 515431 ns
[2025-10-13T18:25:55.883-0700][1256][info ][safepoint   ] Safepoint "Cleanup", Time since last: 2000184157 ns, Reaching safepoint: 417453 ns, Cleanup: 15924 ns, At safepoint: 59400 ns, Total: 492777 ns
[2025-10-13T18:25:57.884-0700][1256][info ][safepoint   ] Safepoint "Cleanup", Time since last: 2000200652 ns, Reaching safepoint: 381558 ns, Cleanup: 13100 ns, At safepoint: 35954 ns, Total: 430612 ns
[2025-10-13T18:25:58.884-0700][1256][info ][safepoint   ] Safepoint "Cleanup", Time since last: 1000108263 ns, Reaching safepoint: 415690 ns, Cleanup: 21172 ns, At safepoint: 57137 ns, Total: 493999 ns
[2025-10-13T18:26:03.889-0700][1256][info ][safepoint   ] Safepoint "Cleanup", Time since last: 5004331796 ns, Reaching safepoint: 414578 ns, Cleanup: 14723 ns, At safepoint: 56225 ns, Total: 485526 ns
[2025-10-13T18:26:06.252-0700][1256][info ][gc,start    ] GC(22) Pause Young (Normal) (G1 Evacuation Pause)
[2025-10-13T18:26:06.252-0700][1256][info ][gc,task     ] GC(22) Using 113 workers of 113 for evacuation
[2025-10-13T18:26:06.255-0700][1256][debug][gc,remset   ] GC(22) Visited cards 637440 Total dirty 1441792 (44.21%) Total old 39190528 (1.63%)
[2025-10-13T18:26:06.282-0700][1256][info ][gc,phases   ] GC(22)   Pre Evacuate Collection Set: 0.6ms
[2025-10-13T18:26:06.282-0700][1256][info ][gc,phases   ] GC(22)   Merge Heap Roots: 2.8ms
[2025-10-13T18:26:06.282-0700][1256][info ][gc,phases   ] GC(22)   Evacuate Collection Set: 24.2ms
[2025-10-13T18:26:06.282-0700][1256][info ][gc,phases   ] GC(22)   Post Evacuate Collection Set: 2.3ms
[2025-10-13T18:26:06.282-0700][1256][info ][gc,phases   ] GC(22)   Other: 0.1ms
[2025-10-13T18:26:06.282-0700][1256][debug][gc,remset   ] GC(22) Coarsening (recent): Inline->AoC 0 (0) AoC->Howl 0 (0) Howl->Full 0 (0) Inline->AoC 0 (0) AoC->BitMap 0 (0) BitMap->Full 0 (0) 
[2025-10-13T18:26:06.282-0700][1256][debug][gc,remset   ] GC(22) Coarsening (all): Inline->AoC 160 (0) AoC->Howl 32 (0) Howl->Full 0 (0) Inline->AoC 190 (0) AoC->BitMap 14 (0) BitMap->Full 0 (0) 
[2025-10-13T18:26:06.282-0700][1256][info ][gc,heap     ] GC(22) Eden regions: 254->0(257)
[2025-10-13T18:26:06.282-0700][1256][info ][gc,heap     ] GC(22) Survivor regions: 34->31(36)
[2025-10-13T18:26:06.282-0700][1256][info ][gc,heap     ] GC(22) Old regions: 22->30
[2025-10-13T18:26:06.282-0700][1256][info ][gc,heap     ] GC(22) Humongous regions: 0->0
[2025-10-13T18:26:06.282-0700][1256][info ][gc,metaspace] GC(22) Metaspace: 213336K(215936K)->213336K(215936K) NonClass: 188510K(189888K)->188510K(189888K) Class: 24825K(26048K)->24825K(26048K)
[2025-10-13T18:26:06.282-0700][1256][info ][gc          ] GC(22) Pause Young (Normal) (G1 Evacuation Pause) 9915M->1913M(184320M) 30.254ms
[2025-10-13T18:26:06.283-0700][1256][info ][gc,cpu      ] GC(22) User=1.69s Sys=0.11s Real=0.03s
[2025-10-13T18:26:06.283-0700][1256][info ][safepoint   ] Safepoint "G1CollectForAllocation", Time since last: 2361055458 ns, Reaching safepoint: 431083 ns, Cleanup: 6771 ns, At safepoint: 32463202 ns, Total: 32901056 ns
[2025-10-13T18:26:07.283-0700][1256][info ][safepoint   ] Safepoint "Cleanup", Time since last: 1000079539 ns, Reaching safepoint: 412725 ns, Cleanup: 14813 ns, At safepoint: 38789 ns, Total: 466327 ns
[2025-10-13T18:26:09.284-0700][1256][info ][safepoint   ] Safepoint "Cleanup", Time since last: 2000206060 ns, Reaching safepoint: 413376 ns, Cleanup: 19299 ns, At safepoint: 56155 ns, Total: 488830 ns
[2025-10-13T18:26:11.285-0700][1256][info ][safepoint   ] Safepoint "Cleanup", Time since last: 2000225360 ns, Reaching safepoint: 411043 ns, Cleanup: 13510 ns, At safepoint: 57217 ns, Total: 481770 ns
[2025-10-13T18:26:14.286-0700][1256][info ][safepoint   ] Safepoint "Cleanup", Time since last: 3000264535 ns, Reaching safepoint: 366165 ns, Cleanup: 12188 ns, At safepoint: 36516 ns, Total: 414869 ns
[2025-10-13T18:26:21.287-0700][1256][info ][safepoint   ] Safepoint "Cleanup", Time since last: 7000546175 ns, Reaching safepoint: 410692 ns, Cleanup: 16194 ns, At safepoint: 36916 ns, Total: 463802 ns
[2025-10-13T18:26:22.287-0700][1256][info ][safepoint   ] Safepoint "Cleanup", Time since last: 1000132357 ns, Reaching safepoint: 411153 ns, Cleanup: 22414 ns, At safepoint: 69826 ns, Total: 503393 ns
[2025-10-13T18:26:23.288-0700][1256][info ][safepoint   ] Safepoint "Cleanup", Time since last: 1000112871 ns, Reaching safepoint: 375388 ns, Cleanup: 9825 ns, At safepoint: 35103 ns, Total: 420316 ns
[2025-10-13T18:26:24.288-0700][1256][info ][safepoint   ] Safepoint "Cleanup", Time since last: 1000126041 ns, Reaching safepoint: 429251 ns, Cleanup: 14021 ns, At safepoint: 57827 ns, Total: 501099 ns
[2025-10-13T18:26:25.289-0700][1256][info ][safepoint   ] Safepoint "Cleanup", Time since last: 1000117428 ns, Reaching safepoint: 409631 ns, Cleanup: 14692 ns, At safepoint: 54403 ns, Total: 478726 ns
[2025-10-13T18:26:27.290-0700][1256][info ][safepoint   ] Safepoint "Cleanup", Time since last: 2000188806 ns, Reaching safepoint: 421358 ns, Cleanup: 11237 ns, At safepoint: 58609 ns, Total: 491204 ns
[2025-10-13T18:26:30.290-0700][1256][info ][safepoint   ] Safepoint "Cleanup", Time since last: 3000262388 ns, Reaching safepoint: 421949 ns, Cleanup: 14322 ns, At safepoint: 53491 ns, Total: 489762 ns
[2025-10-13T18:26:31.291-0700][1256][info ][safepoint   ] Safepoint "Cleanup", Time since last: 1000126481 ns, Reaching safepoint: 410723 ns, Cleanup: 13230 ns, At safepoint: 55504 ns, Total: 479457 ns
[2025-10-13T18:26:36.292-0700][1256][info ][safepoint   ] Safepoint "Cleanup", Time since last: 5000396441 ns, Reaching safepoint: 428729 ns, Cleanup: 13841 ns, At safepoint: 54253 ns, Total: 496823 ns
[2025-10-13T18:26:37.293-0700][1256][info ][safepoint   ] Safepoint "Cleanup", Time since last: 1000126321 ns, Reaching safepoint: 439416 ns, Cleanup: 13720 ns, At safepoint: 54233 ns, Total: 507369 ns
[2025-10-13T18:26:41.293-0700][1256][info ][safepoint   ] Safepoint "Cleanup", Time since last: 4000361378 ns, Reaching safepoint: 426716 ns, Cleanup: 36405 ns, At safepoint: 56916 ns, Total: 520037 ns
[2025-10-13T18:26:43.294-0700][1256][info ][safepoint   ] Safepoint "Cleanup", Time since last: 2000212492 ns, Reaching safepoint: 414628 ns, Cleanup: 12920 ns, At safepoint: 55354 ns, Total: 482902 ns
[2025-10-13T18:26:44.295-0700][1256][info ][safepoint   ] Safepoint "Cleanup", Time since last: 1000129296 ns, Reaching safepoint: 413727 ns, Cleanup: 16194 ns, At safepoint: 56676 ns, Total: 486597 ns
[2025-10-13T18:26:49.296-0700][1256][info ][safepoint   ] Safepoint "Cleanup", Time since last: 5000429251 ns, Reaching safepoint: 365884 ns, Cleanup: 13100 ns, At safepoint: 36085 ns, Total: 415069 ns
[2025-10-13T18:26:50.296-0700][1256][info ][safepoint   ] Safepoint "Cleanup", Time since last: 1000109235 ns, Reaching safepoint: 412846 ns, Cleanup: 13390 ns, At safepoint: 56796 ns, Total: 483032 ns
[2025-10-13T18:26:55.297-0700][1256][info ][safepoint   ] Safepoint "Cleanup", Time since last: 5000458235 ns, Reaching safepoint: 411163 ns, Cleanup: 12108 ns, At safepoint: 56515 ns, Total: 479786 ns
[2025-10-13T18:26:58.298-0700][1256][info ][safepoint   ] Safepoint "Cleanup", Time since last: 3000229489 ns, Reaching safepoint: 382249 ns, Cleanup: 10015 ns, At safepoint: 33691 ns, Total: 425955 ns
[2025-10-13T18:27:00.911-0700][1256][info ][safepoint   ] Safepoint "Cleanup", Time since last: 2613149781 ns, Reaching safepoint: 213484 ns, Cleanup: 11297 ns, At safepoint: 37316 ns, Total: 262097 ns
[2025-10-13T18:27:05.912-0700][1256][info ][safepoint   ] Safepoint "Cleanup", Time since last: 5000456363 ns, Reaching safepoint: 361567 ns, Cleanup: 12629 ns, At safepoint: 35734 ns, Total: 409930 ns
[2025-10-13T18:27:10.913-0700][1256][info ][safepoint   ] Safepoint "Cleanup", Time since last: 5000474944 ns, Reaching safepoint: 411113 ns, Cleanup: 14763 ns, At safepoint: 58268 ns, Total: 484144 ns
[2025-10-13T18:27:12.914-0700][1256][info ][safepoint   ] Safepoint "Cleanup", Time since last: 2000228500 ns, Reaching safepoint: 412565 ns, Cleanup: 12930 ns, At safepoint: 54663 ns, Total: 480158 ns
[2025-10-13T18:27:19.915-0700][1256][info ][safepoint   ] Safepoint "Cleanup", Time since last: 7000608506 ns, Reaching safepoint: 411243 ns, Cleanup: 15314 ns, At safepoint: 56125 ns, Total: 482682 ns
[2025-10-13T18:27:21.915-0700][1256][info ][safepoint   ] Safepoint "Cleanup", Time since last: 2000207188 ns, Reaching safepoint: 424973 ns, Cleanup: 17197 ns, At safepoint: 58228 ns, Total: 500398 ns
[2025-10-13T18:27:22.916-0700][1256][info ][safepoint   ] Safepoint "Cleanup", Time since last: 1000133674 ns, Reaching safepoint: 409701 ns, Cleanup: 15343 ns, At safepoint: 55855 ns, Total: 480899 ns
[2025-10-13T18:27:30.917-0700][1256][info ][safepoint   ] Safepoint "Cleanup", Time since last: 8000674180 ns, Reaching safepoint: 424473 ns, Cleanup: 15584 ns, At safepoint: 54743 ns, Total: 494800 ns
[2025-10-13T18:27:36.918-0700][1256][info ][safepoint   ] Safepoint "Cleanup", Time since last: 6000547962 ns, Reaching safepoint: 424503 ns, Cleanup: 20621 ns, At safepoint: 57477 ns, Total: 502601 ns
[2025-10-13T18:27:37.919-0700][1256][info ][safepoint   ] Safepoint "Cleanup", Time since last: 1000137112 ns, Reaching safepoint: 412004 ns, Cleanup: 14071 ns, At safepoint: 58218 ns, Total: 484293 ns
[2025-10-13T18:27:40.920-0700][1256][info ][safepoint   ] Safepoint "Cleanup", Time since last: 3000294127 ns, Reaching safepoint: 409851 ns, Cleanup: 20882 ns, At safepoint: 53971 ns, Total: 484704 ns
[2025-10-13T18:27:41.920-0700][1256][info ][safepoint   ] Safepoint "Cleanup", Time since last: 1000138484 ns, Reaching safepoint: 439696 ns, Cleanup: 21102 ns, At safepoint: 44717 ns, Total: 505515 ns
[2025-10-13T18:27:42.921-0700][1256][info ][safepoint   ] Safepoint "Cleanup", Time since last: 1000127557 ns, Reaching safepoint: 412035 ns, Cleanup: 14702 ns, At safepoint: 55484 ns, Total: 482221 ns
[2025-10-13T18:27:46.922-0700][1256][info ][safepoint   ] Safepoint "Cleanup", Time since last: 4000317065 ns, Reaching safepoint: 401979 ns, Cleanup: 18378 ns, At safepoint: 59280 ns, Total: 479637 ns
[2025-10-13T18:27:47.922-0700][1256][info ][safepoint   ] Safepoint "Cleanup", Time since last: 1000131152 ns, Reaching safepoint: 440367 ns, Cleanup: 16515 ns, At safepoint: 56456 ns, Total: 513338 ns
[2025-10-13T18:27:48.923-0700][1256][info ][safepoint   ] Safepoint "Cleanup", Time since last: 1000113175 ns, Reaching safepoint: 470232 ns, Cleanup: 14993 ns, At safepoint: 38278 ns, Total: 523503 ns
[2025-10-13T18:27:49.924-0700][1256][info ][safepoint   ] Safepoint "Cleanup", Time since last: 1000113485 ns, Reaching safepoint: 423762 ns, Cleanup: 16355 ns, At safepoint: 54022 ns, Total: 494139 ns
[2025-10-13T18:27:50.924-0700][1256][info ][safepoint   ] Safepoint "Cleanup", Time since last: 1000138093 ns, Reaching safepoint: 419285 ns, Cleanup: 17376 ns, At safepoint: 57056 ns, Total: 493717 ns
[2025-10-13T18:27:54.925-0700][1256][info ][safepoint   ] Safepoint "Cleanup", Time since last: 4000384858 ns, Reaching safepoint: 417132 ns, Cleanup: 17497 ns, At safepoint: 56015 ns, Total: 490644 ns
[2025-10-13T18:27:55.926-0700][1256][info ][safepoint   ] Safepoint "Cleanup", Time since last: 1000135318 ns, Reaching safepoint: 412034 ns, Cleanup: 26631 ns, At safepoint: 53921 ns, Total: 492586 ns
[2025-10-13T18:28:01.933-0700][1256][info ][safepoint   ] Safepoint "Cleanup", Time since last: 6006936950 ns, Reaching safepoint: 415349 ns, Cleanup: 15874 ns, At safepoint: 75464 ns, Total: 506687 ns
[2025-10-13T18:28:03.934-0700][1256][info ][safepoint   ] Safepoint "Cleanup", Time since last: 2000228834 ns, Reaching safepoint: 411604 ns, Cleanup: 20431 ns, At safepoint: 56465 ns, Total: 488500 ns
[2025-10-13T18:28:04.251-0700][1256][info ][gc,start    ] GC(23) Pause Young (Normal) (G1 Evacuation Pause)
[2025-10-13T18:28:04.251-0700][1256][info ][gc,task     ] GC(23) Using 113 workers of 113 for evacuation
[2025-10-13T18:28:04.256-0700][1256][debug][gc,remset   ] GC(23) Visited cards 682240 Total dirty 1966080 (34.70%) Total old 39714816 (1.72%)
[2025-10-13T18:28:04.283-0700][1256][info ][gc,phases   ] GC(23)   Pre Evacuate Collection Set: 0.6ms
[2025-10-13T18:28:04.283-0700][1256][info ][gc,phases   ] GC(23)   Merge Heap Roots: 4.4ms
[2025-10-13T18:28:04.283-0700][1256][info ][gc,phases   ] GC(23)   Evacuate Collection Set: 23.9ms
[2025-10-13T18:28:04.283-0700][1256][info ][gc,phases   ] GC(23)   Post Evacuate Collection Set: 2.4ms
[2025-10-13T18:28:04.283-0700][1256][info ][gc,phases   ] GC(23)   Other: 0.1ms
[2025-10-13T18:28:04.283-0700][1256][debug][gc,remset   ] GC(23) Coarsening (recent): Inline->AoC 0 (0) AoC->Howl 0 (0) Howl->Full 0 (0) Inline->AoC 0 (0) AoC->BitMap 0 (0) BitMap->Full 0 (0) 
[2025-10-13T18:28:04.283-0700][1256][debug][gc,remset   ] GC(23) Coarsening (all): Inline->AoC 160 (0) AoC->Howl 32 (0) Howl->Full 0 (0) Inline->AoC 190 (0) AoC->BitMap 14 (0) BitMap->Full 0 (0) 
[2025-10-13T18:28:04.283-0700][1256][info ][gc,heap     ] GC(23) Eden regions: 257->0(255)
[2025-10-13T18:28:04.283-0700][1256][info ][gc,heap     ] GC(23) Survivor regions: 31->33(36)
[2025-10-13T18:28:04.283-0700][1256][info ][gc,heap     ] GC(23) Old regions: 30->36
[2025-10-13T18:28:04.283-0700][1256][info ][gc,heap     ] GC(23) Humongous regions: 0->0
[2025-10-13T18:28:04.283-0700][1256][info ][gc,metaspace] GC(23) Metaspace: 213536K(216192K)->213536K(216192K) NonClass: 188710K(190144K)->188710K(190144K) Class: 24825K(26048K)->24825K(26048K)
[2025-10-13T18:28:04.283-0700][1256][info ][gc          ] GC(23) Pause Young (Normal) (G1 Evacuation Pause) 10137M->2177M(184320M) 31.493ms
[2025-10-13T18:28:04.284-0700][1256][info ][gc,cpu      ] GC(23) User=2.00s Sys=0.00s Real=0.03s
[2025-10-13T18:28:04.284-0700][1256][info ][safepoint   ] Safepoint "G1CollectForAllocation", Time since last: 315661445 ns, Reaching safepoint: 455049 ns, Cleanup: 5308 ns, At safepoint: 33766955 ns, Total: 34227312 ns
[2025-10-13T18:28:05.284-0700][1256][info ][safepoint   ] Safepoint "Cleanup", Time since last: 1000110711 ns, Reaching safepoint: 428139 ns, Cleanup: 12479 ns, At safepoint: 56325 ns, Total: 496943 ns
[2025-10-13T18:28:06.285-0700][1256][info ][safepoint   ] Safepoint "Cleanup", Time since last: 1000131092 ns, Reaching safepoint: 417513 ns, Cleanup: 12419 ns, At safepoint: 65499 ns, Total: 495431 ns
[2025-10-13T18:28:11.286-0700][1256][info ][safepoint   ] Safepoint "Cleanup", Time since last: 5000464102 ns, Reaching safepoint: 423801 ns, Cleanup: 25920 ns, At safepoint: 55013 ns, Total: 504734 ns
[2025-10-13T18:28:13.287-0700][1256][info ][safepoint   ] Safepoint "Cleanup", Time since last: 2000217076 ns, Reaching safepoint: 366596 ns, Cleanup: 16665 ns, At safepoint: 35784 ns, Total: 419045 ns
[2025-10-13T18:28:23.288-0700][1256][info ][safepoint   ] Safepoint "Cleanup", Time since last: 10000892436 ns, Reaching safepoint: 414447 ns, Cleanup: 13401 ns, At safepoint: 57467 ns, Total: 485315 ns
[2025-10-13T18:28:24.289-0700][1256][info ][safepoint   ] Safepoint "Cleanup", Time since last: 1000153158 ns, Reaching safepoint: 415339 ns, Cleanup: 13721 ns, At safepoint: 58218 ns, Total: 487278 ns
[2025-10-13T18:28:25.289-0700][1256][info ][safepoint   ] Safepoint "Cleanup", Time since last: 1000140298 ns, Reaching safepoint: 428018 ns, Cleanup: 13070 ns, At safepoint: 56806 ns, Total: 497894 ns
[2025-10-13T18:28:27.290-0700][1256][info ][safepoint   ] Safepoint "Cleanup", Time since last: 2000231442 ns, Reaching safepoint: 415620 ns, Cleanup: 15784 ns, At safepoint: 57126 ns, Total: 488530 ns
[2025-10-13T18:28:29.291-0700][1256][info ][safepoint   ] Safepoint "Cleanup", Time since last: 2000251633 ns, Reaching safepoint: 415800 ns, Cleanup: 19059 ns, At safepoint: 58118 ns, Total: 492977 ns
[2025-10-13T18:28:30.291-0700][1256][info ][safepoint   ] Safepoint "Cleanup", Time since last: 1000141440 ns, Reaching safepoint: 388559 ns, Cleanup: 12829 ns, At safepoint: 35644 ns, Total: 437032 ns
[2025-10-13T18:28:31.292-0700][1256][info ][safepoint   ] Safepoint "Cleanup", Time since last: 1000123246 ns, Reaching safepoint: 419756 ns, Cleanup: 13180 ns, At safepoint: 58979 ns, Total: 491915 ns
[2025-10-13T18:28:32.293-0700][1256][info ][safepoint   ] Safepoint "Cleanup", Time since last: 1000133039 ns, Reaching safepoint: 430973 ns, Cleanup: 24026 ns, At safepoint: 61624 ns, Total: 516623 ns
[2025-10-13T18:28:41.294-0700][1256][info ][safepoint   ] Safepoint "Cleanup", Time since last: 9000826860 ns, Reaching safepoint: 416641 ns, Cleanup: 16145 ns, At safepoint: 55133 ns, Total: 487919 ns
[2025-10-13T18:28:42.295-0700][1256][info ][safepoint   ] Safepoint "Cleanup", Time since last: 1000112288 ns, Reaching safepoint: 380126 ns, Cleanup: 12058 ns, At safepoint: 53882 ns, Total: 446066 ns
[2025-10-13T18:28:48.295-0700][1256][info ][safepoint   ] Safepoint "Cleanup", Time since last: 6000539542 ns, Reaching safepoint: 371183 ns, Cleanup: 10736 ns, At safepoint: 33521 ns, Total: 415440 ns
[2025-10-13T18:28:49.296-0700][1256][info ][safepoint   ] Safepoint "Cleanup", Time since last: 1000131537 ns, Reaching safepoint: 417552 ns, Cleanup: 14893 ns, At safepoint: 44437 ns, Total: 476882 ns
[2025-10-13T18:28:50.297-0700][1256][info ][safepoint   ] Safepoint "Cleanup", Time since last: 1000132648 ns, Reaching safepoint: 431324 ns, Cleanup: 13320 ns, At safepoint: 58498 ns, Total: 503142 ns
[2025-10-13T18:28:55.298-0700][1256][info ][safepoint   ] Safepoint "Cleanup", Time since last: 5000383259 ns, Reaching safepoint: 385714 ns, Cleanup: 12409 ns, At safepoint: 38899 ns, Total: 437022 ns
[2025-10-13T18:28:57.298-0700][1256][info ][safepoint   ] Safepoint "Cleanup", Time since last: 2000171395 ns, Reaching safepoint: 382269 ns, Cleanup: 14051 ns, At safepoint: 37958 ns, Total: 434278 ns
[2025-10-13T18:28:58.299-0700][1256][info ][safepoint   ] Safepoint "Cleanup", Time since last: 1000061190 ns, Reaching safepoint: 423221 ns, Cleanup: 19399 ns, At safepoint: 63376 ns, Total: 505996 ns
[2025-10-13T18:29:00.299-0700][1256][info ][safepoint   ] Safepoint "Cleanup", Time since last: 2000176212 ns, Reaching safepoint: 383111 ns, Cleanup: 13861 ns, At safepoint: 43515 ns, Total: 440487 ns
[2025-10-13T18:29:02.955-0700][1256][info ][safepoint   ] Safepoint "Cleanup", Time since last: 2655174677 ns, Reaching safepoint: 418404 ns, Cleanup: 14782 ns, At safepoint: 59660 ns, Total: 492846 ns
[2025-10-13T18:29:13.957-0700][1256][info ][safepoint   ] Safepoint "Cleanup", Time since last: 11001003163 ns, Reaching safepoint: 433517 ns, Cleanup: 18899 ns, At safepoint: 59560 ns, Total: 511976 ns
[2025-10-13T18:29:22.958-0700][1256][info ][safepoint   ] Safepoint "Cleanup", Time since last: 9000841663 ns, Reaching safepoint: 419325 ns, Cleanup: 19830 ns, At safepoint: 58419 ns, Total: 497574 ns
[2025-10-13T18:29:23.958-0700][1256][info ][safepoint   ] Safepoint "Cleanup", Time since last: 1000136804 ns, Reaching safepoint: 424594 ns, Cleanup: 14161 ns, At safepoint: 55855 ns, Total: 494610 ns
[2025-10-13T18:29:34.960-0700][1256][info ][safepoint   ] Safepoint "Cleanup", Time since last: 11001015181 ns, Reaching safepoint: 418794 ns, Cleanup: 20391 ns, At safepoint: 56686 ns, Total: 495871 ns
[2025-10-13T18:29:40.961-0700][1256][info ][safepoint   ] Safepoint "Cleanup", Time since last: 6000569279 ns, Reaching safepoint: 421168 ns, Cleanup: 26400 ns, At safepoint: 55444 ns, Total: 503012 ns
[2025-10-13T18:29:42.962-0700][1256][info ][safepoint   ] Safepoint "Cleanup", Time since last: 2000209927 ns, Reaching safepoint: 417692 ns, Cleanup: 12549 ns, At safepoint: 56476 ns, Total: 486717 ns
[2025-10-13T18:29:53.963-0700][1256][info ][safepoint   ] Safepoint "Cleanup", Time since last: 11001012581 ns, Reaching safepoint: 447718 ns, Cleanup: 14733 ns, At safepoint: 58829 ns, Total: 521280 ns
[2025-10-13T18:29:55.964-0700][1256][info ][safepoint   ] Safepoint "Cleanup", Time since last: 2000217398 ns, Reaching safepoint: 419555 ns, Cleanup: 14973 ns, At safepoint: 57687 ns, Total: 492215 ns
[2025-10-13T18:30:01.976-0700][1256][info ][safepoint   ] Safepoint "Cleanup", Time since last: 6011378088 ns, Reaching safepoint: 417302 ns, Cleanup: 16405 ns, At safepoint: 55574 ns, Total: 489281 ns
[2025-10-13T18:30:12.977-0700][1256][info ][safepoint   ] Safepoint "Cleanup", Time since last: 11000976867 ns, Reaching safepoint: 445505 ns, Cleanup: 19660 ns, At safepoint: 58909 ns, Total: 524074 ns
[2025-10-13T18:30:23.979-0700][1256][info ][safepoint   ] Safepoint "Cleanup", Time since last: 11001023319 ns, Reaching safepoint: 420777 ns, Cleanup: 15844 ns, At safepoint: 61563 ns, Total: 498184 ns
[2025-10-13T18:30:24.980-0700][1256][info ][safepoint   ] Safepoint "Cleanup", Time since last: 1000137374 ns, Reaching safepoint: 432695 ns, Cleanup: 16665 ns, At safepoint: 58709 ns, Total: 508069 ns
[2025-10-13T18:30:25.980-0700][1256][info ][safepoint   ] Safepoint "Cleanup", Time since last: 1000142561 ns, Reaching safepoint: 419626 ns, Cleanup: 17086 ns, At safepoint: 57377 ns, Total: 494089 ns
[2025-10-13T18:30:26.981-0700][1256][info ][safepoint   ] Safepoint "Cleanup", Time since last: 1000163172 ns, Reaching safepoint: 417262 ns, Cleanup: 14212 ns, At safepoint: 58448 ns, Total: 489922 ns
[2025-10-13T18:30:30.982-0700][1256][info ][safepoint   ] Safepoint "Cleanup", Time since last: 4000366886 ns, Reaching safepoint: 423742 ns, Cleanup: 16425 ns, At safepoint: 60852 ns, Total: 501019 ns
[2025-10-13T18:30:33.700-0700][1256][info ][gc,start    ] GC(24) Pause Young (Normal) (G1 Evacuation Pause)
[2025-10-13T18:30:33.701-0700][1256][info ][gc,task     ] GC(24) Using 113 workers of 113 for evacuation
[2025-10-13T18:30:33.706-0700][1256][debug][gc,remset   ] GC(24) Visited cards 709888 Total dirty 2359296 (30.09%) Total old 40108032 (1.77%)
[2025-10-13T18:30:33.731-0700][1256][info ][gc,phases   ] GC(24)   Pre Evacuate Collection Set: 0.7ms
[2025-10-13T18:30:33.731-0700][1256][info ][gc,phases   ] GC(24)   Merge Heap Roots: 5.0ms
[2025-10-13T18:30:33.731-0700][1256][info ][gc,phases   ] GC(24)   Evacuate Collection Set: 21.9ms
[2025-10-13T18:30:33.731-0700][1256][info ][gc,phases   ] GC(24)   Post Evacuate Collection Set: 2.4ms
[2025-10-13T18:30:33.731-0700][1256][info ][gc,phases   ] GC(24)   Other: 0.1ms
[2025-10-13T18:30:33.731-0700][1256][debug][gc,remset   ] GC(24) Coarsening (recent): Inline->AoC 0 (0) AoC->Howl 0 (0) Howl->Full 0 (0) Inline->AoC 0 (0) AoC->BitMap 0 (0) BitMap->Full 0 (0) 
[2025-10-13T18:30:33.731-0700][1256][debug][gc,remset   ] GC(24) Coarsening (all): Inline->AoC 160 (0) AoC->Howl 32 (0) Howl->Full 0 (0) Inline->AoC 190 (0) AoC->BitMap 14 (0) BitMap->Full 0 (0) 
[2025-10-13T18:30:33.731-0700][1256][info ][gc,heap     ] GC(24) Eden regions: 255->0(256)
[2025-10-13T18:30:33.731-0700][1256][info ][gc,heap     ] GC(24) Survivor regions: 33->32(36)
[2025-10-13T18:30:33.731-0700][1256][info ][gc,heap     ] GC(24) Old regions: 36->41
[2025-10-13T18:30:33.731-0700][1256][info ][gc,heap     ] GC(24) Humongous regions: 0->0
[2025-10-13T18:30:33.731-0700][1256][info ][gc,metaspace] GC(24) Metaspace: 213742K(216384K)->213742K(216384K) NonClass: 188912K(190336K)->188912K(190336K) Class: 24830K(26048K)->24830K(26048K)
[2025-10-13T18:30:33.731-0700][1256][info ][gc          ] GC(24) Pause Young (Normal) (G1 Evacuation Pause) 10337M->2312M(184320M) 30.248ms
[2025-10-13T18:30:33.732-0700][1256][info ][gc,cpu      ] GC(24) User=1.90s Sys=0.00s Real=0.03s
[2025-10-13T18:30:33.732-0700][1256][info ][safepoint   ] Safepoint "G1CollectForAllocation", Time since last: 2717229797 ns, Reaching safepoint: 386565 ns, Cleanup: 5969 ns, At safepoint: 32565120 ns, Total: 32957654 ns
[2025-10-13T18:30:40.733-0700][1256][info ][safepoint   ] Safepoint "Cleanup", Time since last: 7000587946 ns, Reaching safepoint: 428279 ns, Cleanup: 14291 ns, At safepoint: 51308 ns, Total: 493878 ns
[2025-10-13T18:31:23.000-0700][1256][info ][safepoint   ] Safepoint "Cleanup", Time since last: 42266143806 ns, Reaching safepoint: 430652 ns, Cleanup: 27011 ns, At safepoint: 57006 ns, Total: 514669 ns
[2025-10-13T18:31:32.001-0700][1256][info ][safepoint   ] Safepoint "Cleanup", Time since last: 9000858774 ns, Reaching safepoint: 421278 ns, Cleanup: 14512 ns, At safepoint: 57086 ns, Total: 492876 ns
[2025-10-13T18:31:37.002-0700][1256][info ][safepoint   ] Safepoint "Cleanup", Time since last: 5000476010 ns, Reaching safepoint: 422349 ns, Cleanup: 15394 ns, At safepoint: 58749 ns, Total: 496492 ns
[2025-10-13T18:31:41.003-0700][1256][info ][safepoint   ] Safepoint "Cleanup", Time since last: 4000325938 ns, Reaching safepoint: 423812 ns, Cleanup: 15063 ns, At safepoint: 56035 ns, Total: 494910 ns
[2025-10-13T18:31:48.004-0700][1256][info ][safepoint   ] Safepoint "Cleanup", Time since last: 7000591622 ns, Reaching safepoint: 389691 ns, Cleanup: 14462 ns, At safepoint: 39419 ns, Total: 443572 ns
[2025-10-13T18:31:49.004-0700][1256][info ][safepoint   ] Safepoint "Cleanup", Time since last: 1000112883 ns, Reaching safepoint: 395720 ns, Cleanup: 12889 ns, At safepoint: 37667 ns, Total: 446276 ns
[2025-10-13T18:31:50.005-0700][1256][info ][safepoint   ] Safepoint "Cleanup", Time since last: 1000113774 ns, Reaching safepoint: 414218 ns, Cleanup: 17556 ns, At safepoint: 56846 ns, Total: 488620 ns
[2025-10-13T18:31:54.006-0700][1256][info ][safepoint   ] Safepoint "Cleanup", Time since last: 4000317799 ns, Reaching safepoint: 374628 ns, Cleanup: 13099 ns, At safepoint: 38539 ns, Total: 426266 ns
[2025-10-13T18:32:16.020-0700][1256][info ][safepoint   ] Safepoint "Cleanup", Time since last: 22013855567 ns, Reaching safepoint: 423782 ns, Cleanup: 14682 ns, At safepoint: 55394 ns, Total: 493858 ns
[2025-10-13T18:32:32.022-0700][1256][info ][safepoint   ] Safepoint "Cleanup", Time since last: 16001313219 ns, Reaching safepoint: 424953 ns, Cleanup: 20992 ns, At safepoint: 55895 ns, Total: 501840 ns
[2025-10-13T18:32:34.023-0700][1256][info ][safepoint   ] Safepoint "Cleanup", Time since last: 2000217553 ns, Reaching safepoint: 428779 ns, Cleanup: 15764 ns, At safepoint: 57748 ns, Total: 502291 ns
[2025-10-13T18:32:37.023-0700][1256][info ][safepoint   ] Safepoint "Cleanup", Time since last: 3000304316 ns, Reaching safepoint: 392585 ns, Cleanup: 15493 ns, At safepoint: 58288 ns, Total: 466366 ns
[2025-10-13T18:32:41.024-0700][1256][info ][safepoint   ] Safepoint "Cleanup", Time since last: 4000381235 ns, Reaching safepoint: 420958 ns, Cleanup: 37547 ns, At safepoint: 56135 ns, Total: 514640 ns
[2025-10-13T18:32:42.025-0700][1256][info ][safepoint   ] Safepoint "Cleanup", Time since last: 1000115456 ns, Reaching safepoint: 386636 ns, Cleanup: 12860 ns, At safepoint: 40561 ns, Total: 440057 ns
[2025-10-13T18:32:52.026-0700][1256][info ][safepoint   ] Safepoint "Cleanup", Time since last: 10000754497 ns, Reaching safepoint: 422730 ns, Cleanup: 14892 ns, At safepoint: 58549 ns, Total: 496171 ns
[2025-10-13T18:33:01.027-0700][1256][info ][safepoint   ] Safepoint "Cleanup", Time since last: 9000693057 ns, Reaching safepoint: 445475 ns, Cleanup: 21913 ns, At safepoint: 57948 ns, Total: 525336 ns
[2025-10-13T18:33:02.039-0700][1256][info ][safepoint   ] Safepoint "Cleanup", Time since last: 1010799405 ns, Reaching safepoint: 437503 ns, Cleanup: 13891 ns, At safepoint: 57557 ns, Total: 508951 ns
[2025-10-13T18:33:03.039-0700][1256][info ][safepoint   ] Safepoint "Cleanup", Time since last: 1000135964 ns, Reaching safepoint: 416531 ns, Cleanup: 20090 ns, At safepoint: 70978 ns, Total: 507599 ns
[2025-10-13T18:33:08.102-0700][1256][info ][gc,start    ] GC(25) Pause Young (Normal) (G1 Evacuation Pause)
[2025-10-13T18:33:08.102-0700][1256][info ][gc,task     ] GC(25) Using 113 workers of 113 for evacuation
[2025-10-13T18:33:08.107-0700][1256][debug][gc,remset   ] GC(25) Visited cards 724736 Total dirty 2621440 (27.65%) Total old 40435712 (1.79%)
[2025-10-13T18:33:08.133-0700][1256][info ][gc,phases   ] GC(25)   Pre Evacuate Collection Set: 0.7ms
[2025-10-13T18:33:08.133-0700][1256][info ][gc,phases   ] GC(25)   Merge Heap Roots: 4.6ms
[2025-10-13T18:33:08.133-0700][1256][info ][gc,phases   ] GC(25)   Evacuate Collection Set: 23.9ms
[2025-10-13T18:33:08.133-0700][1256][info ][gc,phases   ] GC(25)   Post Evacuate Collection Set: 2.3ms
[2025-10-13T18:33:08.133-0700][1256][info ][gc,phases   ] GC(25)   Other: 0.1ms
[2025-10-13T18:33:08.133-0700][1256][debug][gc,remset   ] GC(25) Coarsening (recent): Inline->AoC 0 (0) AoC->Howl 0 (0) Howl->Full 0 (0) Inline->AoC 0 (0) AoC->BitMap 0 (0) BitMap->Full 0 (0) 
[2025-10-13T18:33:08.133-0700][1256][debug][gc,remset   ] GC(25) Coarsening (all): Inline->AoC 160 (0) AoC->Howl 32 (0) Howl->Full 0 (0) Inline->AoC 190 (0) AoC->BitMap 14 (0) BitMap->Full 0 (0) 
[2025-10-13T18:33:08.133-0700][1256][info ][gc,heap     ] GC(25) Eden regions: 256->0(253)
[2025-10-13T18:33:08.133-0700][1256][info ][gc,heap     ] GC(25) Survivor regions: 32->35(36)
[2025-10-13T18:33:08.133-0700][1256][info ][gc,heap     ] GC(25) Old regions: 41->52
[2025-10-13T18:33:08.133-0700][1256][info ][gc,heap     ] GC(25) Humongous regions: 0->0
[2025-10-13T18:33:08.133-0700][1256][info ][gc,metaspace] GC(25) Metaspace: 213889K(216512K)->213889K(216512K) NonClass: 189055K(190464K)->189055K(190464K) Class: 24833K(26048K)->24833K(26048K)
[2025-10-13T18:33:08.133-0700][1256][info ][gc          ] GC(25) Pause Young (Normal) (G1 Evacuation Pause) 10504M->2752M(184320M) 31.787ms
[2025-10-13T18:33:08.135-0700][1256][info ][gc,cpu      ] GC(25) User=2.25s Sys=0.06s Real=0.03s
[2025-10-13T18:33:08.135-0700][1256][info ][safepoint   ] Safepoint "G1CollectForAllocation", Time since last: 5061020055 ns, Reaching safepoint: 370061 ns, Cleanup: 4316 ns, At safepoint: 34052460 ns, Total: 34426837 ns
[2025-10-13T18:33:18.136-0700][1256][info ][safepoint   ] Safepoint "Cleanup", Time since last: 10000629789 ns, Reaching safepoint: 379835 ns, Cleanup: 29655 ns, At safepoint: 35854 ns, Total: 445344 ns
[2025-10-13T18:33:19.136-0700][1256][info ][safepoint   ] Safepoint "Cleanup", Time since last: 1000108362 ns, Reaching safepoint: 435860 ns, Cleanup: 18749 ns, At safepoint: 56315 ns, Total: 510924 ns
[2025-10-13T18:33:28.138-0700][1256][info ][safepoint   ] Safepoint "Cleanup", Time since last: 9000649301 ns, Reaching safepoint: 489211 ns, Cleanup: 17316 ns, At safepoint: 58198 ns, Total: 564725 ns
[2025-10-13T18:33:41.139-0700][1256][info ][safepoint   ] Safepoint "Cleanup", Time since last: 13000867902 ns, Reaching safepoint: 372995 ns, Cleanup: 17226 ns, At safepoint: 36856 ns, Total: 427077 ns
[2025-10-13T18:33:45.140-0700][1256][info ][safepoint   ] Safepoint "Cleanup", Time since last: 4000305763 ns, Reaching safepoint: 373586 ns, Cleanup: 15043 ns, At safepoint: 36736 ns, Total: 425365 ns
[2025-10-13T18:33:50.141-0700][1256][info ][safepoint   ] Safepoint "Cleanup", Time since last: 5000438081 ns, Reaching safepoint: 445454 ns, Cleanup: 17046 ns, At safepoint: 58389 ns, Total: 520889 ns
[2025-10-13T18:33:53.141-0700][1256][info ][safepoint   ] Safepoint "Cleanup", Time since last: 3000248899 ns, Reaching safepoint: 446096 ns, Cleanup: 14001 ns, At safepoint: 51718 ns, Total: 511815 ns
[2025-10-13T18:33:54.142-0700][1256][info ][safepoint   ] Safepoint "Cleanup", Time since last: 1000131257 ns, Reaching safepoint: 440457 ns, Cleanup: 15283 ns, At safepoint: 57447 ns, Total: 513187 ns
[2025-10-13T18:33:55.143-0700][1256][info ][safepoint   ] Safepoint "Cleanup", Time since last: 1000109183 ns, Reaching safepoint: 391853 ns, Cleanup: 19049 ns, At safepoint: 35424 ns, Total: 446326 ns
[2025-10-13T18:33:56.143-0700][1256][info ][safepoint   ] Safepoint "Cleanup", Time since last: 1000118793 ns, Reaching safepoint: 425895 ns, Cleanup: 21112 ns, At safepoint: 57076 ns, Total: 504083 ns
[2025-10-13T18:34:11.061-0700][1256][info ][safepoint   ] Safepoint "Cleanup", Time since last: 14917380244 ns, Reaching safepoint: 439506 ns, Cleanup: 17506 ns, At safepoint: 57968 ns, Total: 514980 ns
[2025-10-13T18:34:13.062-0700][1256][info ][safepoint   ] Safepoint "Cleanup", Time since last: 2000227438 ns, Reaching safepoint: 375108 ns, Cleanup: 19109 ns, At safepoint: 34412 ns, Total: 428629 ns
[2025-10-13T18:34:22.063-0700][1256][info ][safepoint   ] Safepoint "Cleanup", Time since last: 9000638586 ns, Reaching safepoint: 422690 ns, Cleanup: 13771 ns, At safepoint: 62455 ns, Total: 498916 ns
[2025-10-13T18:34:31.064-0700][1256][info ][safepoint   ] Safepoint "Cleanup", Time since last: 9000618235 ns, Reaching safepoint: 434448 ns, Cleanup: 13460 ns, At safepoint: 56396 ns, Total: 504304 ns
[2025-10-13T18:34:41.065-0700][1256][info ][safepoint   ] Safepoint "Cleanup", Time since last: 10000687947 ns, Reaching safepoint: 382480 ns, Cleanup: 16805 ns, At safepoint: 43636 ns, Total: 442921 ns
[2025-10-13T18:34:43.066-0700][1256][info ][safepoint   ] Safepoint "Cleanup", Time since last: 2000156250 ns, Reaching safepoint: 380606 ns, Cleanup: 16395 ns, At safepoint: 39811 ns, Total: 436812 ns
[2025-10-13T18:34:48.067-0700][1256][info ][safepoint   ] Safepoint "Cleanup", Time since last: 5000390594 ns, Reaching safepoint: 447137 ns, Cleanup: 20942 ns, At safepoint: 56435 ns, Total: 524514 ns
[2025-10-13T18:34:49.067-0700][1256][info ][safepoint   ] Safepoint "Cleanup", Time since last: 1000116163 ns, Reaching safepoint: 375198 ns, Cleanup: 12449 ns, At safepoint: 35524 ns, Total: 423171 ns
[2025-10-13T18:34:50.068-0700][1256][info ][safepoint   ] Safepoint "Cleanup", Time since last: 1000117584 ns, Reaching safepoint: 382390 ns, Cleanup: 18427 ns, At safepoint: 34813 ns, Total: 435630 ns
[2025-10-13T18:34:54.069-0700][1256][info ][safepoint   ] Safepoint "Cleanup", Time since last: 4000355254 ns, Reaching safepoint: 444784 ns, Cleanup: 13951 ns, At safepoint: 58649 ns, Total: 517384 ns
[2025-10-13T18:34:56.069-0700][1256][info ][safepoint   ] Safepoint "Cleanup", Time since last: 2000193236 ns, Reaching safepoint: 373205 ns, Cleanup: 25369 ns, At safepoint: 45058 ns, Total: 443632 ns
[2025-10-13T18:35:05.083-0700][1256][info ][safepoint   ] Safepoint "Cleanup", Time since last: 9013286665 ns, Reaching safepoint: 439956 ns, Cleanup: 13821 ns, At safepoint: 58839 ns, Total: 512616 ns
[2025-10-13T18:35:06.084-0700][1256][info ][safepoint   ] Safepoint "Cleanup", Time since last: 1000130518 ns, Reaching safepoint: 431384 ns, Cleanup: 14191 ns, At safepoint: 57207 ns, Total: 502782 ns
[2025-10-13T18:35:07.084-0700][1256][info ][safepoint   ] Safepoint "Cleanup", Time since last: 1000120452 ns, Reaching safepoint: 407978 ns, Cleanup: 30506 ns, At safepoint: 42054 ns, Total: 480538 ns
[2025-10-13T18:35:11.085-0700][1256][info ][safepoint   ] Safepoint "Cleanup", Time since last: 4000317492 ns, Reaching safepoint: 436030 ns, Cleanup: 16736 ns, At safepoint: 56085 ns, Total: 508851 ns
[2025-10-13T18:35:14.086-0700][1256][info ][safepoint   ] Safepoint "Cleanup", Time since last: 3000264401 ns, Reaching safepoint: 372013 ns, Cleanup: 19289 ns, At safepoint: 36436 ns, Total: 427738 ns
[2025-10-13T18:35:23.087-0700][1256][info ][safepoint   ] Safepoint "Cleanup", Time since last: 9000663526 ns, Reaching safepoint: 404062 ns, Cleanup: 13551 ns, At safepoint: 39500 ns, Total: 457113 ns
[2025-10-13T18:35:31.088-0700][1256][info ][safepoint   ] Safepoint "Cleanup", Time since last: 8000718209 ns, Reaching safepoint: 385334 ns, Cleanup: 8332 ns, At safepoint: 37547 ns, Total: 431213 ns
[2025-10-13T18:35:32.089-0700][1256][info ][safepoint   ] Safepoint "Cleanup", Time since last: 1000106672 ns, Reaching safepoint: 393196 ns, Cleanup: 18397 ns, At safepoint: 35684 ns, Total: 447277 ns
[2025-10-13T18:35:33.089-0700][1256][info ][safepoint   ] Safepoint "Cleanup", Time since last: 1000122066 ns, Reaching safepoint: 425835 ns, Cleanup: 16224 ns, At safepoint: 73401 ns, Total: 515460 ns
[2025-10-13T18:35:37.090-0700][1256][info ][safepoint   ] Safepoint "Cleanup", Time since last: 4000367177 ns, Reaching safepoint: 426326 ns, Cleanup: 18047 ns, At safepoint: 59460 ns, Total: 503833 ns
[2025-10-13T18:35:44.091-0700][1256][info ][safepoint   ] Safepoint "Cleanup", Time since last: 7000557126 ns, Reaching safepoint: 426976 ns, Cleanup: 37357 ns, At safepoint: 76265 ns, Total: 540598 ns
[2025-10-13T18:35:49.092-0700][1256][info ][safepoint   ] Safepoint "Cleanup", Time since last: 5000397183 ns, Reaching safepoint: 369370 ns, Cleanup: 8793 ns, At safepoint: 36315 ns, Total: 414478 ns
[2025-10-13T18:36:05.021-0700][1256][info ][gc,start    ] GC(26) Pause Young (Normal) (G1 Evacuation Pause)
[2025-10-13T18:36:05.021-0700][1256][info ][gc,task     ] GC(26) Using 113 workers of 113 for evacuation
[2025-10-13T18:36:05.027-0700][1256][debug][gc,remset   ] GC(26) Visited cards 737024 Total dirty 3342336 (22.05%) Total old 41156608 (1.79%)
[2025-10-13T18:36:05.052-0700][1256][info ][gc,phases   ] GC(26)   Pre Evacuate Collection Set: 0.7ms
[2025-10-13T18:36:05.052-0700][1256][info ][gc,phases   ] GC(26)   Merge Heap Roots: 5.3ms
[2025-10-13T18:36:05.052-0700][1256][info ][gc,phases   ] GC(26)   Evacuate Collection Set: 22.4ms
[2025-10-13T18:36:05.052-0700][1256][info ][gc,phases   ] GC(26)   Post Evacuate Collection Set: 2.5ms
[2025-10-13T18:36:05.052-0700][1256][info ][gc,phases   ] GC(26)   Other: 0.1ms
[2025-10-13T18:36:05.052-0700][1256][debug][gc,remset   ] GC(26) Coarsening (recent): Inline->AoC 0 (0) AoC->Howl 0 (0) Howl->Full 0 (0) Inline->AoC 0 (0) AoC->BitMap 0 (0) BitMap->Full 0 (0) 
[2025-10-13T18:36:05.052-0700][1256][debug][gc,remset   ] GC(26) Coarsening (all): Inline->AoC 160 (0) AoC->Howl 32 (0) Howl->Full 0 (0) Inline->AoC 190 (0) AoC->BitMap 14 (0) BitMap->Full 0 (0) 
[2025-10-13T18:36:05.052-0700][1256][info ][gc,heap     ] GC(26) Eden regions: 253->0(1015)
[2025-10-13T18:36:05.052-0700][1256][info ][gc,heap     ] GC(26) Survivor regions: 35->36(36)
[2025-10-13T18:36:05.052-0700][1256][info ][gc,heap     ] GC(26) Old regions: 52->61
[2025-10-13T18:36:05.052-0700][1256][info ][gc,heap     ] GC(26) Humongous regions: 0->0
[2025-10-13T18:36:05.052-0700][1256][info ][gc,metaspace] GC(26) Metaspace: 214451K(217088K)->214451K(217088K) NonClass: 189616K(191040K)->189616K(191040K) Class: 24835K(26048K)->24835K(26048K)
[2025-10-13T18:36:05.052-0700][1256][info ][gc          ] GC(26) Pause Young (Normal) (G1 Evacuation Pause) 10848M->3078M(184320M) 31.224ms
[2025-10-13T18:36:05.053-0700][1256][info ][gc,cpu      ] GC(26) User=2.32s Sys=0.05s Real=0.03s
[2025-10-13T18:36:05.053-0700][1256][info ][safepoint   ] Safepoint "G1CollectForAllocation", Time since last: 15927113541 ns, Reaching safepoint: 470092 ns, Cleanup: 13170 ns, At safepoint: 33514931 ns, Total: 33998193 ns
[2025-10-13T18:36:11.054-0700][1256][info ][safepoint   ] Safepoint "Cleanup", Time since last: 6000490360 ns, Reaching safepoint: 469741 ns, Cleanup: 16475 ns, At safepoint: 64958 ns, Total: 551174 ns
[2025-10-13T18:36:16.055-0700][1256][info ][safepoint   ] Safepoint "Cleanup", Time since last: 5000450672 ns, Reaching safepoint: 445074 ns, Cleanup: 13651 ns, At safepoint: 61493 ns, Total: 520218 ns
[2025-10-13T18:36:17.056-0700][1256][info ][safepoint   ] Safepoint "Cleanup", Time since last: 1000130075 ns, Reaching safepoint: 437292 ns, Cleanup: 17336 ns, At safepoint: 45680 ns, Total: 500308 ns
[2025-10-13T18:36:19.056-0700][1256][info ][safepoint   ] Safepoint "Cleanup", Time since last: 2000183683 ns, Reaching safepoint: 439336 ns, Cleanup: 13490 ns, At safepoint: 59030 ns, Total: 511856 ns
[2025-10-13T18:36:22.057-0700][1256][info ][safepoint   ] Safepoint "Cleanup", Time since last: 3000237032 ns, Reaching safepoint: 377662 ns, Cleanup: 12128 ns, At safepoint: 36616 ns, Total: 426406 ns
[2025-10-13T18:36:23.058-0700][1256][info ][safepoint   ] Safepoint "Cleanup", Time since last: 1000101101 ns, Reaching safepoint: 377842 ns, Cleanup: 15073 ns, At safepoint: 38548 ns, Total: 431463 ns
[2025-10-13T18:36:24.058-0700][1256][info ][safepoint   ] Safepoint "Cleanup", Time since last: 1000116635 ns, Reaching safepoint: 372023 ns, Cleanup: 15964 ns, At safepoint: 52740 ns, Total: 440727 ns
[2025-10-13T18:36:26.059-0700][1256][info ][safepoint   ] Safepoint "Cleanup", Time since last: 2000204335 ns, Reaching safepoint: 371864 ns, Cleanup: 11948 ns, At safepoint: 36836 ns, Total: 420648 ns
[2025-10-13T18:36:27.059-0700][1256][info ][safepoint   ] Safepoint "Cleanup", Time since last: 1000132548 ns, Reaching safepoint: 441078 ns, Cleanup: 17066 ns, At safepoint: 59330 ns, Total: 517474 ns
[2025-10-13T18:36:32.060-0700][1256][info ][safepoint   ] Safepoint "Cleanup", Time since last: 5000457091 ns, Reaching safepoint: 446006 ns, Cleanup: 30145 ns, At safepoint: 55905 ns, Total: 532056 ns
[2025-10-13T18:36:34.061-0700][1256][info ][safepoint   ] Safepoint "Cleanup", Time since last: 2000197385 ns, Reaching safepoint: 429330 ns, Cleanup: 17036 ns, At safepoint: 87392 ns, Total: 533758 ns
[2025-10-13T18:36:41.062-0700][1256][info ][safepoint   ] Safepoint "Cleanup", Time since last: 7000533172 ns, Reaching safepoint: 379806 ns, Cleanup: 15553 ns, At safepoint: 34763 ns, Total: 430122 ns
[2025-10-13T18:36:42.063-0700][1256][info ][safepoint   ] Safepoint "Cleanup", Time since last: 1000115723 ns, Reaching safepoint: 372584 ns, Cleanup: 11207 ns, At safepoint: 34923 ns, Total: 418714 ns
[2025-10-13T18:36:44.063-0700][1256][info ][safepoint   ] Safepoint "Cleanup", Time since last: 2000192738 ns, Reaching safepoint: 387036 ns, Cleanup: 14932 ns, At safepoint: 38759 ns, Total: 440727 ns
[2025-10-13T18:36:45.064-0700][1256][info ][safepoint   ] Safepoint "Cleanup", Time since last: 1000131787 ns, Reaching safepoint: 428119 ns, Cleanup: 18478 ns, At safepoint: 57457 ns, Total: 504054 ns
[2025-10-13T18:36:50.065-0700][1256][info ][safepoint   ] Safepoint "Cleanup", Time since last: 5000460917 ns, Reaching safepoint: 426646 ns, Cleanup: 17256 ns, At safepoint: 60402 ns, Total: 504304 ns
[2025-10-13T18:36:51.066-0700][1256][info ][safepoint   ] Safepoint "Cleanup", Time since last: 1000137907 ns, Reaching safepoint: 436220 ns, Cleanup: 18899 ns, At safepoint: 60912 ns, Total: 516031 ns
[2025-10-13T18:36:56.067-0700][1256][info ][safepoint   ] Safepoint "Cleanup", Time since last: 5000479586 ns, Reaching safepoint: 435699 ns, Cleanup: 13892 ns, At safepoint: 55003 ns, Total: 504594 ns
[2025-10-13T18:37:10.125-0700][1256][info ][safepoint   ] Safepoint "Cleanup", Time since last: 14058317065 ns, Reaching safepoint: 436041 ns, Cleanup: 14842 ns, At safepoint: 55945 ns, Total: 506828 ns
[2025-10-13T18:37:11.126-0700][1256][info ][safepoint   ] Safepoint "Cleanup", Time since last: 1000139120 ns, Reaching safepoint: 429410 ns, Cleanup: 18178 ns, At safepoint: 56025 ns, Total: 503613 ns
[2025-10-13T18:37:16.127-0700][1256][info ][safepoint   ] Safepoint "Cleanup", Time since last: 5000428865 ns, Reaching safepoint: 427647 ns, Cleanup: 14953 ns, At safepoint: 55344 ns, Total: 497944 ns
[2025-10-13T18:37:23.128-0700][1256][info ][safepoint   ] Safepoint "Cleanup", Time since last: 7000594984 ns, Reaching safepoint: 434939 ns, Cleanup: 16605 ns, At safepoint: 58659 ns, Total: 510203 ns
[2025-10-13T18:37:33.129-0700][1256][info ][safepoint   ] Safepoint "Cleanup", Time since last: 10000821515 ns, Reaching safepoint: 380396 ns, Cleanup: 13912 ns, At safepoint: 35033 ns, Total: 429341 ns
[2025-10-13T18:37:41.131-0700][1256][info ][safepoint   ] Safepoint "Cleanup", Time since last: 8000692080 ns, Reaching safepoint: 443893 ns, Cleanup: 27662 ns, At safepoint: 59740 ns, Total: 531295 ns
[2025-10-13T18:37:45.131-0700][1256][info ][safepoint   ] Safepoint "Cleanup", Time since last: 4000402106 ns, Reaching safepoint: 433326 ns, Cleanup: 14532 ns, At safepoint: 56365 ns, Total: 504223 ns
[2025-10-13T18:37:46.132-0700][1256][info ][safepoint   ] Safepoint "Cleanup", Time since last: 1000133942 ns, Reaching safepoint: 429290 ns, Cleanup: 17247 ns, At safepoint: 55904 ns, Total: 502441 ns
[2025-10-13T18:37:57.134-0700][1256][info ][safepoint   ] Safepoint "Cleanup", Time since last: 11000961316 ns, Reaching safepoint: 449421 ns, Cleanup: 14452 ns, At safepoint: 56025 ns, Total: 519898 ns
[2025-10-13T18:38:19.148-0700][1256][info ][safepoint   ] Safepoint "Cleanup", Time since last: 22013760329 ns, Reaching safepoint: 426166 ns, Cleanup: 13040 ns, At safepoint: 55213 ns, Total: 494419 ns
[2025-10-13T18:38:30.149-0700][1256][info ][safepoint   ] Safepoint "Cleanup", Time since last: 11000884870 ns, Reaching safepoint: 377131 ns, Cleanup: 15544 ns, At safepoint: 37096 ns, Total: 429771 ns
[2025-10-13T18:38:43.151-0700][1256][info ][safepoint   ] Safepoint "Cleanup", Time since last: 13001092030 ns, Reaching safepoint: 427848 ns, Cleanup: 13540 ns, At safepoint: 62495 ns, Total: 503883 ns
[2025-10-13T18:38:44.151-0700][1256][info ][safepoint   ] Safepoint "Cleanup", Time since last: 1000139890 ns, Reaching safepoint: 459316 ns, Cleanup: 18788 ns, At safepoint: 62194 ns, Total: 540298 ns
[2025-10-13T18:38:51.153-0700][1256][info ][safepoint   ] Safepoint "Cleanup", Time since last: 7000621599 ns, Reaching safepoint: 443371 ns, Cleanup: 14082 ns, At safepoint: 57767 ns, Total: 515220 ns
[2025-10-13T18:38:52.153-0700][1256][info ][safepoint   ] Safepoint "Cleanup", Time since last: 1000120170 ns, Reaching safepoint: 426957 ns, Cleanup: 15383 ns, At safepoint: 78289 ns, Total: 520629 ns
[2025-10-13T18:39:11.168-0700][1256][info ][safepoint   ] Safepoint "Cleanup", Time since last: 19014650424 ns, Reaching safepoint: 445776 ns, Cleanup: 14562 ns, At safepoint: 55824 ns, Total: 516162 ns
[2025-10-13T18:39:19.169-0700][1256][info ][safepoint   ] Safepoint "Cleanup", Time since last: 8000642524 ns, Reaching safepoint: 431214 ns, Cleanup: 13109 ns, At safepoint: 35925 ns, Total: 480248 ns
[2025-10-13T18:39:39.172-0700][1256][info ][safepoint   ] Safepoint "Cleanup", Time since last: 20001599233 ns, Reaching safepoint: 439215 ns, Cleanup: 19560 ns, At safepoint: 58458 ns, Total: 517233 ns
[2025-10-13T18:39:41.172-0700][1256][info ][safepoint   ] Safepoint "Cleanup", Time since last: 2000225043 ns, Reaching safepoint: 443572 ns, Cleanup: 14191 ns, At safepoint: 59901 ns, Total: 517664 ns
[2025-10-13T18:39:42.173-0700][1256][info ][safepoint   ] Safepoint "Cleanup", Time since last: 1000133594 ns, Reaching safepoint: 428889 ns, Cleanup: 15904 ns, At safepoint: 57838 ns, Total: 502631 ns
[2025-10-13T18:39:43.174-0700][1256][info ][safepoint   ] Safepoint "Cleanup", Time since last: 1000139542 ns, Reaching safepoint: 439756 ns, Cleanup: 14242 ns, At safepoint: 58268 ns, Total: 512266 ns
[2025-10-13T18:39:54.175-0700][1256][info ][safepoint   ] Safepoint "Cleanup", Time since last: 11000821856 ns, Reaching safepoint: 379705 ns, Cleanup: 12980 ns, At safepoint: 34282 ns, Total: 426967 ns
[2025-10-13T18:39:56.175-0700][1256][info ][safepoint   ] Safepoint "Cleanup", Time since last: 2000134936 ns, Reaching safepoint: 391103 ns, Cleanup: 15343 ns, At safepoint: 39290 ns, Total: 445736 ns
[2025-10-13T18:40:04.188-0700][1256][info ][safepoint   ] Safepoint "Cleanup", Time since last: 8011985251 ns, Reaching safepoint: 433968 ns, Cleanup: 25128 ns, At safepoint: 59881 ns, Total: 518977 ns
[2025-10-13T18:40:37.191-0700][1256][info ][safepoint   ] Safepoint "Cleanup", Time since last: 33002615673 ns, Reaching safepoint: 375519 ns, Cleanup: 10055 ns, At safepoint: 37467 ns, Total: 423041 ns
[2025-10-13T18:40:41.192-0700][1256][info ][safepoint   ] Safepoint "Cleanup", Time since last: 4000342287 ns, Reaching safepoint: 429410 ns, Cleanup: 17377 ns, At safepoint: 55914 ns, Total: 502701 ns
[2025-10-13T18:40:42.193-0700][1256][info ][safepoint   ] Safepoint "Cleanup", Time since last: 1000144707 ns, Reaching safepoint: 442620 ns, Cleanup: 15343 ns, At safepoint: 58559 ns, Total: 516522 ns
[2025-10-13T18:40:49.194-0700][1256][info ][safepoint   ] Safepoint "Cleanup", Time since last: 7000635833 ns, Reaching safepoint: 385184 ns, Cleanup: 11347 ns, At safepoint: 37587 ns, Total: 434118 ns
[2025-10-13T18:40:52.194-0700][1256][info ][safepoint   ] Safepoint "Cleanup", Time since last: 3000311833 ns, Reaching safepoint: 444964 ns, Cleanup: 16265 ns, At safepoint: 58378 ns, Total: 519607 ns
[2025-10-13T18:40:53.195-0700][1256][info ][safepoint   ] Safepoint "Cleanup", Time since last: 1000129604 ns, Reaching safepoint: 433807 ns, Cleanup: 20111 ns, At safepoint: 60181 ns, Total: 514099 ns
[2025-10-13T18:41:13.211-0700][1256][info ][safepoint   ] Safepoint "Cleanup", Time since last: 20015159885 ns, Reaching safepoint: 433687 ns, Cleanup: 15053 ns, At safepoint: 57717 ns, Total: 506457 ns
[2025-10-13T18:41:32.213-0700][1256][info ][safepoint   ] Safepoint "Cleanup", Time since last: 19001626595 ns, Reaching safepoint: 431904 ns, Cleanup: 15193 ns, At safepoint: 57968 ns, Total: 505065 ns
[2025-10-13T18:41:38.214-0700][1256][info ][safepoint   ] Safepoint "Cleanup", Time since last: 6000533391 ns, Reaching safepoint: 430102 ns, Cleanup: 15594 ns, At safepoint: 57547 ns, Total: 503243 ns
[2025-10-13T18:41:39.215-0700][1256][info ][safepoint   ] Safepoint "Cleanup", Time since last: 1000140593 ns, Reaching safepoint: 457694 ns, Cleanup: 14892 ns, At safepoint: 59490 ns, Total: 532076 ns
[2025-10-13T18:41:41.215-0700][1256][info ][safepoint   ] Safepoint "Cleanup", Time since last: 2000214026 ns, Reaching safepoint: 455189 ns, Cleanup: 32559 ns, At safepoint: 59320 ns, Total: 547068 ns
[2025-10-13T18:41:47.216-0700][1256][info ][safepoint   ] Safepoint "Cleanup", Time since last: 6000544149 ns, Reaching safepoint: 409590 ns, Cleanup: 15223 ns, At safepoint: 61814 ns, Total: 486627 ns
[2025-10-13T18:42:28.234-0700][1256][info ][safepoint   ] Safepoint "Cleanup", Time since last: 41017458440 ns, Reaching safepoint: 448219 ns, Cleanup: 14472 ns, At safepoint: 56946 ns, Total: 519637 ns
[2025-10-13T18:42:32.235-0700][1256][info ][safepoint   ] Safepoint "Cleanup", Time since last: 4000379498 ns, Reaching safepoint: 428158 ns, Cleanup: 17116 ns, At safepoint: 86852 ns, Total: 532126 ns
[2025-10-13T18:42:42.237-0700][1256][info ][safepoint   ] Safepoint "Cleanup", Time since last: 10000847975 ns, Reaching safepoint: 460057 ns, Cleanup: 15724 ns, At safepoint: 60041 ns, Total: 535822 ns
[2025-10-13T18:42:44.237-0700][1256][info ][safepoint   ] Safepoint "Cleanup", Time since last: 2000214787 ns, Reaching safepoint: 453948 ns, Cleanup: 14812 ns, At safepoint: 59250 ns, Total: 528010 ns
[2025-10-13T18:42:47.238-0700][1256][info ][safepoint   ] Safepoint "Cleanup", Time since last: 3000319943 ns, Reaching safepoint: 441969 ns, Cleanup: 22474 ns, At safepoint: 69295 ns, Total: 533738 ns
[2025-10-13T18:42:53.239-0700][1256][info ][safepoint   ] Safepoint "Cleanup", Time since last: 6000510370 ns, Reaching safepoint: 378613 ns, Cleanup: 14832 ns, At safepoint: 39390 ns, Total: 432835 ns
[2025-10-13T18:43:01.240-0700][1256][info ][safepoint   ] Safepoint "Cleanup", Time since last: 8000705787 ns, Reaching safepoint: 508811 ns, Cleanup: 13010 ns, At safepoint: 39119 ns, Total: 560940 ns
[2025-10-13T18:43:02.254-0700][1256][info ][safepoint   ] Safepoint "Cleanup", Time since last: 1013174261 ns, Reaching safepoint: 446095 ns, Cleanup: 15714 ns, At safepoint: 60522 ns, Total: 522331 ns
[2025-10-13T18:43:19.256-0700][1256][info ][safepoint   ] Safepoint "Cleanup", Time since last: 17001385561 ns, Reaching safepoint: 438845 ns, Cleanup: 12409 ns, At safepoint: 67912 ns, Total: 519166 ns
[2025-10-13T18:43:22.257-0700][1256][info ][safepoint   ] Safepoint "Cleanup", Time since last: 3000246091 ns, Reaching safepoint: 437863 ns, Cleanup: 11949 ns, At safepoint: 69735 ns, Total: 519547 ns
[2025-10-13T18:43:32.258-0700][1256][info ][safepoint   ] Safepoint "Cleanup", Time since last: 10000820563 ns, Reaching safepoint: 430853 ns, Cleanup: 18438 ns, At safepoint: 54773 ns, Total: 504064 ns
[2025-10-13T18:43:39.259-0700][1256][info ][safepoint   ] Safepoint "Cleanup", Time since last: 7000542656 ns, Reaching safepoint: 431474 ns, Cleanup: 12418 ns, At safepoint: 55875 ns, Total: 499767 ns
[2025-10-13T18:43:41.260-0700][1256][info ][safepoint   ] Safepoint "Cleanup", Time since last: 2000173958 ns, Reaching safepoint: 381999 ns, Cleanup: 20260 ns, At safepoint: 41133 ns, Total: 443392 ns
[2025-10-13T18:43:47.261-0700][1256][info ][safepoint   ] Safepoint "Cleanup", Time since last: 6000473090 ns, Reaching safepoint: 396280 ns, Cleanup: 27582 ns, At safepoint: 57267 ns, Total: 481129 ns
[2025-10-13T18:43:50.261-0700][1256][info ][safepoint   ] Safepoint "Cleanup", Time since last: 3000240110 ns, Reaching safepoint: 384453 ns, Cleanup: 12889 ns, At safepoint: 35895 ns, Total: 433237 ns
[2025-10-13T18:43:57.262-0700][1256][info ][safepoint   ] Safepoint "Cleanup", Time since last: 7000448255 ns, Reaching safepoint: 390381 ns, Cleanup: 15784 ns, At safepoint: 35974 ns, Total: 442139 ns
[2025-10-13T18:44:10.275-0700][1256][info ][safepoint   ] Safepoint "Cleanup", Time since last: 13012536649 ns, Reaching safepoint: 443912 ns, Cleanup: 13060 ns, At safepoint: 60341 ns, Total: 517313 ns
[2025-10-13T18:44:11.276-0700][1256][info ][safepoint   ] Safepoint "Cleanup", Time since last: 1000135788 ns, Reaching safepoint: 429010 ns, Cleanup: 13751 ns, At safepoint: 60512 ns, Total: 503273 ns
[2025-10-13T18:44:15.277-0700][1256][info ][safepoint   ] Safepoint "Cleanup", Time since last: 4000356499 ns, Reaching safepoint: 381808 ns, Cleanup: 11347 ns, At safepoint: 36516 ns, Total: 429671 ns
[2025-10-13T18:44:31.279-0700][1256][info ][safepoint   ] Safepoint "Cleanup", Time since last: 16001296761 ns, Reaching safepoint: 445414 ns, Cleanup: 14843 ns, At safepoint: 62995 ns, Total: 523252 ns
[2025-10-13T18:44:32.279-0700][1256][info ][safepoint   ] Safepoint "Cleanup", Time since last: 1000138112 ns, Reaching safepoint: 428769 ns, Cleanup: 24347 ns, At safepoint: 59520 ns, Total: 512636 ns
[2025-10-13T18:44:37.280-0700][1256][info ][safepoint   ] Safepoint "Cleanup", Time since last: 5000460259 ns, Reaching safepoint: 429340 ns, Cleanup: 14011 ns, At safepoint: 70377 ns, Total: 513728 ns
[2025-10-13T18:44:39.281-0700][1256][info ][safepoint   ] Safepoint "Cleanup", Time since last: 2000197974 ns, Reaching safepoint: 431334 ns, Cleanup: 12068 ns, At safepoint: 59760 ns, Total: 503162 ns
[2025-10-13T18:44:41.282-0700][1256][info ][safepoint   ] Safepoint "Cleanup", Time since last: 2000221971 ns, Reaching safepoint: 445255 ns, Cleanup: 23615 ns, At safepoint: 56626 ns, Total: 525496 ns
[2025-10-13T18:44:42.282-0700][1256][info ][safepoint   ] Safepoint "Cleanup", Time since last: 1000137987 ns, Reaching safepoint: 442019 ns, Cleanup: 13371 ns, At safepoint: 59239 ns, Total: 514629 ns
[2025-10-13T18:44:47.283-0700][1256][info ][safepoint   ] Safepoint "Cleanup", Time since last: 5000466033 ns, Reaching safepoint: 446266 ns, Cleanup: 21612 ns, At safepoint: 59290 ns, Total: 527168 ns
[2025-10-13T18:44:50.284-0700][1256][info ][safepoint   ] Safepoint "Cleanup", Time since last: 3000308103 ns, Reaching safepoint: 427317 ns, Cleanup: 18247 ns, At safepoint: 58769 ns, Total: 504333 ns
[2025-10-13T18:44:55.285-0700][1256][info ][safepoint   ] Safepoint "Cleanup", Time since last: 5000512183 ns, Reaching safepoint: 430131 ns, Cleanup: 13761 ns, At safepoint: 60942 ns, Total: 504834 ns
[2025-10-13T18:44:57.286-0700][1256][info ][safepoint   ] Safepoint "Cleanup", Time since last: 2000241477 ns, Reaching safepoint: 429620 ns, Cleanup: 13651 ns, At safepoint: 60251 ns, Total: 503522 ns
[2025-10-13T18:45:01.287-0700][1256][info ][safepoint   ] Safepoint "Cleanup", Time since last: 4000397413 ns, Reaching safepoint: 432595 ns, Cleanup: 15404 ns, At safepoint: 60171 ns, Total: 508170 ns
[2025-10-13T18:45:11.297-0700][1256][info ][safepoint   ] Safepoint "Cleanup", Time since last: 10009197804 ns, Reaching safepoint: 453227 ns, Cleanup: 16254 ns, At safepoint: 60482 ns, Total: 529963 ns
[2025-10-13T18:45:23.298-0700][1256][info ][safepoint   ] Safepoint "Cleanup", Time since last: 12000979417 ns, Reaching safepoint: 430612 ns, Cleanup: 13901 ns, At safepoint: 58669 ns, Total: 503182 ns
[2025-10-13T18:45:26.299-0700][1256][info ][safepoint   ] Safepoint "Cleanup", Time since last: 3000297917 ns, Reaching safepoint: 431553 ns, Cleanup: 16195 ns, At safepoint: 58258 ns, Total: 506006 ns
[2025-10-13T18:45:31.300-0700][1256][info ][safepoint   ] Safepoint "Cleanup", Time since last: 5000496168 ns, Reaching safepoint: 430092 ns, Cleanup: 20140 ns, At safepoint: 45689 ns, Total: 495921 ns
[2025-10-13T18:45:37.301-0700][1256][info ][safepoint   ] Safepoint "Cleanup", Time since last: 6000526409 ns, Reaching safepoint: 429451 ns, Cleanup: 17546 ns, At safepoint: 58689 ns, Total: 505686 ns
[2025-10-13T18:45:38.302-0700][1256][info ][safepoint   ] Safepoint "Cleanup", Time since last: 1000149922 ns, Reaching safepoint: 461439 ns, Cleanup: 13401 ns, At safepoint: 36775 ns, Total: 511615 ns
[2025-10-13T18:45:41.302-0700][1256][info ][safepoint   ] Safepoint "Cleanup", Time since last: 3000312339 ns, Reaching safepoint: 445445 ns, Cleanup: 17607 ns, At safepoint: 56706 ns, Total: 519758 ns
[2025-10-13T18:45:45.303-0700][1256][info ][safepoint   ] Safepoint "Cleanup", Time since last: 4000396561 ns, Reaching safepoint: 429811 ns, Cleanup: 42034 ns, At safepoint: 61774 ns, Total: 533619 ns
[2025-10-13T18:45:52.304-0700][1256][info ][safepoint   ] Safepoint "Cleanup", Time since last: 7000618120 ns, Reaching safepoint: 445435 ns, Cleanup: 16995 ns, At safepoint: 58179 ns, Total: 520609 ns
[2025-10-13T18:45:53.305-0700][1256][info ][safepoint   ] Safepoint "Cleanup", Time since last: 1000125728 ns, Reaching safepoint: 432575 ns, Cleanup: 12529 ns, At safepoint: 58629 ns, Total: 503733 ns
[2025-10-13T18:45:55.306-0700][1256][info ][safepoint   ] Safepoint "Cleanup", Time since last: 2000220871 ns, Reaching safepoint: 428820 ns, Cleanup: 14582 ns, At safepoint: 62074 ns, Total: 505476 ns
[2025-10-13T18:46:03.318-0700][1256][info ][safepoint   ] Safepoint "Cleanup", Time since last: 8011442867 ns, Reaching safepoint: 431584 ns, Cleanup: 14211 ns, At safepoint: 60151 ns, Total: 505946 ns
[2025-10-13T18:46:04.318-0700][1256][info ][safepoint   ] Safepoint "Cleanup", Time since last: 1000120952 ns, Reaching safepoint: 438744 ns, Cleanup: 14292 ns, At safepoint: 58639 ns, Total: 511675 ns
[2025-10-13T18:46:09.319-0700][1256][info ][safepoint   ] Safepoint "Cleanup", Time since last: 5000446627 ns, Reaching safepoint: 441438 ns, Cleanup: 14232 ns, At safepoint: 60822 ns, Total: 516492 ns
[2025-10-13T18:46:11.320-0700][1256][info ][safepoint   ] Safepoint "Cleanup", Time since last: 2000210395 ns, Reaching safepoint: 431143 ns, Cleanup: 15854 ns, At safepoint: 59600 ns, Total: 506597 ns
[2025-10-13T18:46:23.322-0700][1256][info ][safepoint   ] Safepoint "Cleanup", Time since last: 12001081626 ns, Reaching safepoint: 452406 ns, Cleanup: 14912 ns, At safepoint: 59240 ns, Total: 526558 ns
[2025-10-13T18:46:31.323-0700][1256][info ][safepoint   ] Safepoint "Cleanup", Time since last: 8000673966 ns, Reaching safepoint: 435760 ns, Cleanup: 16725 ns, At safepoint: 60492 ns, Total: 512977 ns
[2025-10-13T18:46:37.324-0700][1256][info ][safepoint   ] Safepoint "Cleanup", Time since last: 6000405623 ns, Reaching safepoint: 431774 ns, Cleanup: 14112 ns, At safepoint: 61923 ns, Total: 507809 ns
[2025-10-13T18:46:41.325-0700][1256][info ][safepoint   ] Safepoint "Cleanup", Time since last: 4000386178 ns, Reaching safepoint: 438134 ns, Cleanup: 12509 ns, At safepoint: 61302 ns, Total: 511945 ns
[2025-10-13T18:46:45.326-0700][1256][info ][safepoint   ] Safepoint "Cleanup", Time since last: 4000377435 ns, Reaching safepoint: 444193 ns, Cleanup: 18247 ns, At safepoint: 56816 ns, Total: 519256 ns
[2025-10-13T18:46:50.326-0700][1256][info ][safepoint   ] Safepoint "Cleanup", Time since last: 5000426818 ns, Reaching safepoint: 447457 ns, Cleanup: 14843 ns, At safepoint: 57897 ns, Total: 520197 ns
[2025-10-13T18:46:51.327-0700][1256][info ][safepoint   ] Safepoint "Cleanup", Time since last: 1000102479 ns, Reaching safepoint: 408148 ns, Cleanup: 16114 ns, At safepoint: 58669 ns, Total: 482931 ns
[2025-10-13T18:47:06.340-0700][1256][info ][safepoint   ] Safepoint "Cleanup", Time since last: 15012214866 ns, Reaching safepoint: 374177 ns, Cleanup: 11367 ns, At safepoint: 55214 ns, Total: 440758 ns
[2025-10-13T18:47:07.340-0700][1256][info ][safepoint   ] Safepoint "Cleanup", Time since last: 1000109042 ns, Reaching safepoint: 399185 ns, Cleanup: 17827 ns, At safepoint: 58078 ns, Total: 475090 ns
[2025-10-13T18:47:09.341-0700][1256][info ][safepoint   ] Safepoint "Cleanup", Time since last: 2000186828 ns, Reaching safepoint: 380907 ns, Cleanup: 14021 ns, At safepoint: 37938 ns, Total: 432866 ns
[2025-10-13T18:47:23.549-0700][1256][info ][gc,start    ] GC(27) Pause Young (Normal) (G1 Evacuation Pause)
[2025-10-13T18:47:23.549-0700][1256][info ][gc,task     ] GC(27) Using 113 workers of 113 for evacuation
[2025-10-13T18:47:23.555-0700][1256][debug][gc,remset   ] GC(27) Visited cards 801536 Total dirty 3997696 (20.05%) Total old 150142976 (0.53%)
[2025-10-13T18:47:23.586-0700][1256][info ][gc,phases   ] GC(27)   Pre Evacuate Collection Set: 0.7ms
[2025-10-13T18:47:23.586-0700][1256][info ][gc,phases   ] GC(27)   Merge Heap Roots: 5.5ms
[2025-10-13T18:47:23.586-0700][1256][info ][gc,phases   ] GC(27)   Evacuate Collection Set: 27.4ms
[2025-10-13T18:47:23.586-0700][1256][info ][gc,phases   ] GC(27)   Post Evacuate Collection Set: 2.9ms
[2025-10-13T18:47:23.586-0700][1256][info ][gc,phases   ] GC(27)   Other: 0.2ms
[2025-10-13T18:47:23.586-0700][1256][debug][gc,remset   ] GC(27) Coarsening (recent): Inline->AoC 0 (0) AoC->Howl 0 (0) Howl->Full 0 (0) Inline->AoC 0 (0) AoC->BitMap 0 (0) BitMap->Full 0 (0) 
[2025-10-13T18:47:23.586-0700][1256][debug][gc,remset   ] GC(27) Coarsening (all): Inline->AoC 160 (0) AoC->Howl 32 (0) Howl->Full 0 (0) Inline->AoC 190 (0) AoC->BitMap 14 (0) BitMap->Full 0 (0) 
[2025-10-13T18:47:23.586-0700][1256][info ][gc,heap     ] GC(27) Eden regions: 1079->0(731)
[2025-10-13T18:47:23.586-0700][1256][info ][gc,heap     ] GC(27) Survivor regions: 36->60(140)
[2025-10-13T18:47:23.586-0700][1256][info ][gc,heap     ] GC(27) Old regions: 61->61
[2025-10-13T18:47:23.586-0700][1256][info ][gc,heap     ] GC(27) Humongous regions: 0->0
[2025-10-13T18:47:23.586-0700][1256][info ][gc,metaspace] GC(27) Metaspace: 215060K(217728K)->215060K(217728K) NonClass: 190222K(191680K)->190222K(191680K) Class: 24837K(26048K)->24837K(26048K)
[2025-10-13T18:47:23.586-0700][1256][info ][gc          ] GC(27) Pause Young (Normal) (G1 Evacuation Pause) 37606M->3834M(184320M) 36.872ms
[2025-10-13T18:47:23.587-0700][1256][info ][gc,cpu      ] GC(27) User=3.18s Sys=0.04s Real=0.04s
[2025-10-13T18:47:23.587-0700][1256][info ][safepoint   ] Safepoint "G1CollectForAllocation", Time since last: 14206308273 ns, Reaching safepoint: 431604 ns, Cleanup: 6279 ns, At safepoint: 39210981 ns, Total: 39648864 ns
[2025-10-13T18:47:31.588-0700][1256][info ][safepoint   ] Safepoint "Cleanup", Time since last: 8000704729 ns, Reaching safepoint: 385654 ns, Cleanup: 26610 ns, At safepoint: 37097 ns, Total: 449361 ns
[2025-10-13T18:47:36.589-0700][1256][info ][safepoint   ] Safepoint "Cleanup", Time since last: 5000432663 ns, Reaching safepoint: 438835 ns, Cleanup: 20551 ns, At safepoint: 58839 ns, Total: 518225 ns
[2025-10-13T18:47:46.590-0700][1256][info ][safepoint   ] Safepoint "Cleanup", Time since last: 10000886719 ns, Reaching safepoint: 446387 ns, Cleanup: 17336 ns, At safepoint: 60001 ns, Total: 523724 ns
[2025-10-13T18:47:48.591-0700][1256][info ][safepoint   ] Safepoint "Cleanup", Time since last: 2000233929 ns, Reaching safepoint: 432395 ns, Cleanup: 17136 ns, At safepoint: 39550 ns, Total: 489081 ns
[2025-10-13T18:47:58.593-0700][1256][info ][safepoint   ] Safepoint "Cleanup", Time since last: 10000876670 ns, Reaching safepoint: 440438 ns, Cleanup: 11888 ns, At safepoint: 60541 ns, Total: 512867 ns
[2025-10-13T18:48:00.593-0700][1256][info ][safepoint   ] Safepoint "Cleanup", Time since last: 2000232350 ns, Reaching safepoint: 431964 ns, Cleanup: 43005 ns, At safepoint: 57347 ns, Total: 532316 ns
[2025-10-13T18:48:20.363-0700][1256][info ][safepoint   ] Safepoint "Cleanup", Time since last: 19769117664 ns, Reaching safepoint: 429441 ns, Cleanup: 14772 ns, At safepoint: 60392 ns, Total: 504605 ns
[2025-10-13T18:48:27.364-0700][1256][info ][safepoint   ] Safepoint "Cleanup", Time since last: 7000641227 ns, Reaching safepoint: 433296 ns, Cleanup: 15113 ns, At safepoint: 57397 ns, Total: 505806 ns
[2025-10-13T18:48:37.365-0700][1256][info ][safepoint   ] Safepoint "Cleanup", Time since last: 10000923325 ns, Reaching safepoint: 467578 ns, Cleanup: 15193 ns, At safepoint: 37067 ns, Total: 519838 ns
[2025-10-13T18:48:41.366-0700][1256][info ][safepoint   ] Safepoint "Cleanup", Time since last: 4000425008 ns, Reaching safepoint: 449591 ns, Cleanup: 14973 ns, At safepoint: 56676 ns, Total: 521240 ns
[2025-10-13T18:48:44.367-0700][1256][info ][safepoint   ] Safepoint "Cleanup", Time since last: 3000305674 ns, Reaching safepoint: 444162 ns, Cleanup: 40081 ns, At safepoint: 60792 ns, Total: 545035 ns
[2025-10-13T18:48:50.368-0700][1256][info ][safepoint   ] Safepoint "Cleanup", Time since last: 6000512158 ns, Reaching safepoint: 473587 ns, Cleanup: 14232 ns, At safepoint: 40952 ns, Total: 528771 ns
[2025-10-13T18:49:14.384-0700][1256][info ][safepoint   ] Safepoint "Cleanup", Time since last: 24015309592 ns, Reaching safepoint: 397612 ns, Cleanup: 19530 ns, At safepoint: 59420 ns, Total: 476562 ns
[2025-10-13T18:49:17.385-0700][1256][info ][safepoint   ] Safepoint "Cleanup", Time since last: 3000292986 ns, Reaching safepoint: 381117 ns, Cleanup: 10436 ns, At safepoint: 37056 ns, Total: 428609 ns
[2025-10-13T18:49:25.386-0700][1256][info ][safepoint   ] Safepoint "Cleanup", Time since last: 8000756919 ns, Reaching safepoint: 431393 ns, Cleanup: 16896 ns, At safepoint: 55784 ns, Total: 504073 ns
[2025-10-13T18:49:31.387-0700][1256][info ][safepoint   ] Safepoint "Cleanup", Time since last: 6000585651 ns, Reaching safepoint: 431073 ns, Cleanup: 25819 ns, At safepoint: 69025 ns, Total: 525917 ns
[2025-10-13T18:49:32.388-0700][1256][info ][safepoint   ] Safepoint "Cleanup", Time since last: 1000138874 ns, Reaching safepoint: 429611 ns, Cleanup: 15564 ns, At safepoint: 58488 ns, Total: 503663 ns
[2025-10-13T18:49:33.389-0700][1256][info ][safepoint   ] Safepoint "Cleanup", Time since last: 1000140307 ns, Reaching safepoint: 458905 ns, Cleanup: 18308 ns, At safepoint: 56535 ns, Total: 533748 ns
[2025-10-13T18:49:36.389-0700][1256][info ][safepoint   ] Safepoint "Cleanup", Time since last: 3000274528 ns, Reaching safepoint: 379315 ns, Cleanup: 20330 ns, At safepoint: 34733 ns, Total: 434378 ns
[2025-10-13T18:49:41.390-0700][1256][info ][safepoint   ] Safepoint "Cleanup", Time since last: 5000426937 ns, Reaching safepoint: 432064 ns, Cleanup: 14412 ns, At safepoint: 58208 ns, Total: 504684 ns
[2025-10-13T18:49:49.391-0700][1256][info ][safepoint   ] Safepoint "Cleanup", Time since last: 8000754215 ns, Reaching safepoint: 439055 ns, Cleanup: 13641 ns, At safepoint: 59460 ns, Total: 512156 ns
[2025-10-13T18:50:13.401-0700][1256][info ][safepoint   ] Safepoint "Cleanup", Time since last: 24009389063 ns, Reaching safepoint: 452024 ns, Cleanup: 14983 ns, At safepoint: 59821 ns, Total: 526828 ns
[2025-10-13T18:50:15.402-0700][1256][info ][safepoint   ] Safepoint "Cleanup", Time since last: 2000229215 ns, Reaching safepoint: 430232 ns, Cleanup: 14772 ns, At safepoint: 58890 ns, Total: 503894 ns
[2025-10-13T18:50:19.403-0700][1256][info ][safepoint   ] Safepoint "Cleanup", Time since last: 4000369076 ns, Reaching safepoint: 376080 ns, Cleanup: 18588 ns, At safepoint: 35283 ns, Total: 429951 ns
[2025-10-13T18:50:23.404-0700][1256][info ][safepoint   ] Safepoint "Cleanup", Time since last: 4000398221 ns, Reaching safepoint: 437082 ns, Cleanup: 12579 ns, At safepoint: 60331 ns, Total: 509992 ns
[2025-10-13T18:50:25.404-0700][1256][info ][safepoint   ] Safepoint "Cleanup", Time since last: 2000218109 ns, Reaching safepoint: 428689 ns, Cleanup: 12529 ns, At safepoint: 58980 ns, Total: 500198 ns
[2025-10-13T18:50:30.406-0700][1256][info ][safepoint   ] Safepoint "Cleanup", Time since last: 5000501306 ns, Reaching safepoint: 459395 ns, Cleanup: 24888 ns, At safepoint: 57828 ns, Total: 542111 ns
[2025-10-13T18:50:31.406-0700][1256][info ][safepoint   ] Safepoint "Cleanup", Time since last: 1000137417 ns, Reaching safepoint: 430122 ns, Cleanup: 24116 ns, At safepoint: 69455 ns, Total: 523693 ns
[2025-10-13T18:50:54.409-0700][1256][info ][safepoint   ] Safepoint "Cleanup", Time since last: 23002100887 ns, Reaching safepoint: 430622 ns, Cleanup: 17176 ns, At safepoint: 56025 ns, Total: 503823 ns
[2025-10-13T18:51:00.410-0700][1256][info ][safepoint   ] Safepoint "Cleanup", Time since last: 6000553124 ns, Reaching safepoint: 397572 ns, Cleanup: 14512 ns, At safepoint: 37166 ns, Total: 449250 ns
[2025-10-13T18:51:11.419-0700][1256][info ][safepoint   ] Safepoint "Cleanup", Time since last: 11008193474 ns, Reaching safepoint: 443372 ns, Cleanup: 27361 ns, At safepoint: 57898 ns, Total: 528631 ns
[2025-10-13T18:51:12.419-0700][1256][info ][safepoint   ] Safepoint "Cleanup", Time since last: 1000112972 ns, Reaching safepoint: 376991 ns, Cleanup: 14422 ns, At safepoint: 35975 ns, Total: 427388 ns
[2025-10-13T18:51:19.420-0700][1256][info ][safepoint   ] Safepoint "Cleanup", Time since last: 7000634892 ns, Reaching safepoint: 436060 ns, Cleanup: 14873 ns, At safepoint: 86961 ns, Total: 537894 ns
[2025-10-13T18:51:38.422-0700][1256][info ][safepoint   ] Safepoint "Cleanup", Time since last: 19001410335 ns, Reaching safepoint: 381278 ns, Cleanup: 13310 ns, At safepoint: 37226 ns, Total: 431814 ns
[2025-10-13T18:52:00.424-0700][1256][info ][safepoint   ] Safepoint "Cleanup", Time since last: 22001669872 ns, Reaching safepoint: 441579 ns, Cleanup: 13521 ns, At safepoint: 61693 ns, Total: 516793 ns
[2025-10-13T18:52:23.438-0700][1256][info ][safepoint   ] Safepoint "Cleanup", Time since last: 23013331337 ns, Reaching safepoint: 435169 ns, Cleanup: 14942 ns, At safepoint: 58158 ns, Total: 508269 ns
[2025-10-13T18:52:31.439-0700][1256][info ][safepoint   ] Safepoint "Cleanup", Time since last: 8000658386 ns, Reaching safepoint: 382098 ns, Cleanup: 11258 ns, At safepoint: 43305 ns, Total: 436661 ns
[2025-10-13T18:52:32.440-0700][1256][info ][safepoint   ] Safepoint "Cleanup", Time since last: 1000126371 ns, Reaching safepoint: 430723 ns, Cleanup: 16395 ns, At safepoint: 57917 ns, Total: 505035 ns
[2025-10-13T18:52:41.441-0700][1256][info ][safepoint   ] Safepoint "Cleanup", Time since last: 9000814131 ns, Reaching safepoint: 430092 ns, Cleanup: 15353 ns, At safepoint: 56586 ns, Total: 502031 ns
[2025-10-13T18:52:49.442-0700][1256][info ][safepoint   ] Safepoint "Cleanup", Time since last: 8000678806 ns, Reaching safepoint: 382139 ns, Cleanup: 11106 ns, At safepoint: 37177 ns, Total: 430422 ns
[2025-10-13T18:52:55.443-0700][1256][info ][safepoint   ] Safepoint "Cleanup", Time since last: 6000475428 ns, Reaching safepoint: 432716 ns, Cleanup: 27381 ns, At safepoint: 56967 ns, Total: 517064 ns
[2025-10-13T18:53:00.444-0700][1256][info ][safepoint   ] Safepoint "Cleanup", Time since last: 5000442749 ns, Reaching safepoint: 429330 ns, Cleanup: 13971 ns, At safepoint: 66271 ns, Total: 509572 ns
[2025-10-13T18:53:01.445-0700][1256][info ][safepoint   ] Safepoint "Cleanup", Time since last: 1000135765 ns, Reaching safepoint: 430703 ns, Cleanup: 14752 ns, At safepoint: 54933 ns, Total: 500388 ns
[2025-10-13T18:53:25.455-0700][1256][info ][safepoint   ] Safepoint "Cleanup", Time since last: 24009486561 ns, Reaching safepoint: 429951 ns, Cleanup: 15113 ns, At safepoint: 59911 ns, Total: 504975 ns
[2025-10-13T18:53:35.456-0700][1256][info ][safepoint   ] Safepoint "Cleanup", Time since last: 10000900967 ns, Reaching safepoint: 426896 ns, Cleanup: 42104 ns, At safepoint: 60211 ns, Total: 529211 ns
[2025-10-13T18:54:01.459-0700][1256][info ][safepoint   ] Safepoint "Cleanup", Time since last: 26002218090 ns, Reaching safepoint: 433847 ns, Cleanup: 27442 ns, At safepoint: 60311 ns, Total: 521600 ns
[2025-10-13T18:54:08.470-0700][1256][info ][safepoint   ] Safepoint "Cleanup", Time since last: 7010864611 ns, Reaching safepoint: 437142 ns, Cleanup: 16765 ns, At safepoint: 60031 ns, Total: 513938 ns
[2025-10-13T18:54:10.471-0700][1256][info ][safepoint   ] Safepoint "Cleanup", Time since last: 2000214153 ns, Reaching safepoint: 425835 ns, Cleanup: 15373 ns, At safepoint: 59360 ns, Total: 500568 ns
[2025-10-13T18:54:11.472-0700][1256][info ][safepoint   ] Safepoint "Cleanup", Time since last: 1000106350 ns, Reaching safepoint: 428409 ns, Cleanup: 14612 ns, At safepoint: 58138 ns, Total: 501159 ns
[2025-10-13T18:54:19.473-0700][1256][info ][safepoint   ] Safepoint "Cleanup", Time since last: 8000747486 ns, Reaching safepoint: 374978 ns, Cleanup: 18238 ns, At safepoint: 36655 ns, Total: 429871 ns
[2025-10-13T18:54:25.474-0700][1256][info ][safepoint   ] Safepoint "Cleanup", Time since last: 6000561676 ns, Reaching safepoint: 429871 ns, Cleanup: 14882 ns, At safepoint: 57858 ns, Total: 502611 ns
[2025-10-13T18:54:31.475-0700][1256][info ][safepoint   ] Safepoint "Cleanup", Time since last: 6000560425 ns, Reaching safepoint: 426906 ns, Cleanup: 15834 ns, At safepoint: 57538 ns, Total: 500278 ns
[2025-10-13T18:54:36.476-0700][1256][info ][safepoint   ] Safepoint "Cleanup", Time since last: 5000440787 ns, Reaching safepoint: 428579 ns, Cleanup: 14452 ns, At safepoint: 57427 ns, Total: 500458 ns
[2025-10-13T18:54:41.477-0700][1256][info ][safepoint   ] Safepoint "Cleanup", Time since last: 5000425455 ns, Reaching safepoint: 429260 ns, Cleanup: 17517 ns, At safepoint: 59109 ns, Total: 505886 ns
[2025-10-13T18:54:50.478-0700][1256][info ][safepoint   ] Safepoint "Cleanup", Time since last: 9000760116 ns, Reaching safepoint: 428088 ns, Cleanup: 15043 ns, At safepoint: 57877 ns, Total: 501008 ns
[2025-10-13T18:55:10.489-0700][1256][info ][safepoint   ] Safepoint "Cleanup", Time since last: 20010046938 ns, Reaching safepoint: 428980 ns, Cleanup: 17156 ns, At safepoint: 57907 ns, Total: 504043 ns
[2025-10-13T18:55:20.490-0700][1256][info ][safepoint   ] Safepoint "Cleanup", Time since last: 10000793480 ns, Reaching safepoint: 424383 ns, Cleanup: 14131 ns, At safepoint: 58078 ns, Total: 496592 ns
[2025-10-13T18:55:21.794-0700][1256][info ][gc,start    ] GC(28) Pause Young (Normal) (G1 Evacuation Pause)
[2025-10-13T18:55:21.794-0700][1256][info ][gc,task     ] GC(28) Using 113 workers of 113 for evacuation
[2025-10-13T18:55:21.800-0700][1256][debug][gc,remset   ] GC(28) Visited cards 850688 Total dirty 3997696 (21.28%) Total old 104792064 (0.81%)
[2025-10-13T18:55:21.834-0700][1256][info ][gc,phases   ] GC(28)   Pre Evacuate Collection Set: 0.7ms
[2025-10-13T18:55:21.834-0700][1256][info ][gc,phases   ] GC(28)   Merge Heap Roots: 5.4ms
[2025-10-13T18:55:21.834-0700][1256][info ][gc,phases   ] GC(28)   Evacuate Collection Set: 30.8ms
[2025-10-13T18:55:21.834-0700][1256][info ][gc,phases   ] GC(28)   Post Evacuate Collection Set: 2.7ms
[2025-10-13T18:55:21.834-0700][1256][info ][gc,phases   ] GC(28)   Other: 0.1ms
[2025-10-13T18:55:21.834-0700][1256][debug][gc,remset   ] GC(28) Coarsening (recent): Inline->AoC 0 (0) AoC->Howl 0 (0) Howl->Full 0 (0) Inline->AoC 0 (0) AoC->BitMap 0 (0) BitMap->Full 0 (0) 
[2025-10-13T18:55:21.834-0700][1256][debug][gc,remset   ] GC(28) Coarsening (all): Inline->AoC 160 (0) AoC->Howl 32 (0) Howl->Full 0 (0) Inline->AoC 190 (0) AoC->BitMap 14 (0) BitMap->Full 0 (0) 
[2025-10-13T18:55:21.834-0700][1256][info ][gc,heap     ] GC(28) Eden regions: 709->0(247)
[2025-10-13T18:55:21.834-0700][1256][info ][gc,heap     ] GC(28) Survivor regions: 60->65(97)
[2025-10-13T18:55:21.834-0700][1256][info ][gc,heap     ] GC(28) Old regions: 61->61
[2025-10-13T18:55:21.834-0700][1256][info ][gc,heap     ] GC(28) Humongous regions: 0->0
[2025-10-13T18:55:21.834-0700][1256][info ][gc,metaspace] GC(28) Metaspace: 215312K(217920K)->215312K(217920K) NonClass: 190474K(191872K)->190474K(191872K) Class: 24837K(26048K)->24837K(26048K)
[2025-10-13T18:55:21.834-0700][1256][info ][gc          ] GC(28) Pause Young (Normal) (G1 Evacuation Pause) 26522M->3991M(184320M) 39.845ms
[2025-10-13T18:55:21.835-0700][1256][info ][gc,cpu      ] GC(28) User=3.29s Sys=0.00s Real=0.04s
[2025-10-13T18:55:21.835-0700][1256][info ][safepoint   ] Safepoint "G1CollectForAllocation", Time since last: 1302581209 ns, Reaching safepoint: 389570 ns, Cleanup: 3926 ns, At safepoint: 42123693 ns, Total: 42517189 ns
[2025-10-13T18:55:23.836-0700][1256][info ][safepoint   ] Safepoint "Cleanup", Time since last: 2000180695 ns, Reaching safepoint: 378063 ns, Cleanup: 13650 ns, At safepoint: 34813 ns, Total: 426526 ns
[2025-10-13T18:55:38.838-0700][1256][info ][safepoint   ] Safepoint "Cleanup", Time since last: 15001387186 ns, Reaching safepoint: 449381 ns, Cleanup: 15643 ns, At safepoint: 58138 ns, Total: 523162 ns
[2025-10-13T18:55:45.839-0700][1256][info ][safepoint   ] Safepoint "Cleanup", Time since last: 7000659774 ns, Reaching safepoint: 428018 ns, Cleanup: 17327 ns, At safepoint: 39810 ns, Total: 485155 ns
[2025-10-13T18:56:32.507-0700][1256][info ][safepoint   ] Safepoint "Cleanup", Time since last: 46667882954 ns, Reaching safepoint: 431644 ns, Cleanup: 17647 ns, At safepoint: 59019 ns, Total: 508310 ns
[2025-10-13T18:56:55.510-0700][1256][info ][safepoint   ] Safepoint "Cleanup", Time since last: 23001993666 ns, Reaching safepoint: 439907 ns, Cleanup: 12789 ns, At safepoint: 58268 ns, Total: 510964 ns
[2025-10-13T18:56:57.510-0700][1256][info ][safepoint   ] Safepoint "Cleanup", Time since last: 2000223921 ns, Reaching safepoint: 458244 ns, Cleanup: 13460 ns, At safepoint: 58048 ns, Total: 529752 ns
[2025-10-13T18:57:00.511-0700][1256][info ][safepoint   ] Safepoint "Cleanup", Time since last: 3000311218 ns, Reaching safepoint: 426876 ns, Cleanup: 13791 ns, At safepoint: 67072 ns, Total: 507739 ns
[2025-10-13T18:57:11.522-0700][1256][info ][safepoint   ] Safepoint "Cleanup", Time since last: 11010679025 ns, Reaching safepoint: 454298 ns, Cleanup: 14702 ns, At safepoint: 36946 ns, Total: 505946 ns
[2025-10-13T18:57:13.523-0700][1256][info ][safepoint   ] Safepoint "Cleanup", Time since last: 2000196789 ns, Reaching safepoint: 429992 ns, Cleanup: 13991 ns, At safepoint: 56445 ns, Total: 500428 ns
[2025-10-13T18:57:22.524-0700][1256][info ][safepoint   ] Safepoint "Cleanup", Time since last: 9000762595 ns, Reaching safepoint: 462901 ns, Cleanup: 15814 ns, At safepoint: 59070 ns, Total: 537785 ns
[2025-10-13T18:57:32.526-0700][1256][info ][safepoint   ] Safepoint "Cleanup", Time since last: 10000868380 ns, Reaching safepoint: 428559 ns, Cleanup: 15213 ns, At safepoint: 57908 ns, Total: 501680 ns
[2025-10-13T18:57:35.527-0700][1256][info ][safepoint   ] Safepoint "Cleanup", Time since last: 3000281393 ns, Reaching safepoint: 444653 ns, Cleanup: 17416 ns, At safepoint: 58719 ns, Total: 520788 ns
[2025-10-13T18:57:49.252-0700][1256][info ][gc,start    ] GC(29) Pause Young (Normal) (G1 Evacuation Pause)
[2025-10-13T18:57:49.252-0700][1256][info ][gc,task     ] GC(29) Using 113 workers of 113 for evacuation
[2025-10-13T18:57:49.257-0700][1256][debug][gc,remset   ] GC(29) Visited cards 831744 Total dirty 3997696 (20.81%) Total old 43188224 (1.93%)
[2025-10-13T18:57:49.292-0700][1256][info ][gc,phases   ] GC(29)   Pre Evacuate Collection Set: 0.6ms
[2025-10-13T18:57:49.292-0700][1256][info ][gc,phases   ] GC(29)   Merge Heap Roots: 4.8ms
[2025-10-13T18:57:49.292-0700][1256][info ][gc,phases   ] GC(29)   Evacuate Collection Set: 32.4ms
[2025-10-13T18:57:49.292-0700][1256][info ][gc,phases   ] GC(29)   Post Evacuate Collection Set: 2.3ms
[2025-10-13T18:57:49.292-0700][1256][info ][gc,phases   ] GC(29)   Other: 0.1ms
[2025-10-13T18:57:49.292-0700][1256][debug][gc,remset   ] GC(29) Coarsening (recent): Inline->AoC 0 (0) AoC->Howl 0 (0) Howl->Full 0 (0) Inline->AoC 0 (0) AoC->BitMap 0 (0) BitMap->Full 0 (0) 
[2025-10-13T18:57:49.292-0700][1256][debug][gc,remset   ] GC(29) Coarsening (all): Inline->AoC 160 (0) AoC->Howl 32 (0) Howl->Full 0 (0) Inline->AoC 190 (0) AoC->BitMap 14 (0) BitMap->Full 0 (0) 
[2025-10-13T18:57:49.292-0700][1256][info ][gc,heap     ] GC(29) Eden regions: 234->0(3446)
[2025-10-13T18:57:49.292-0700][1256][info ][gc,heap     ] GC(29) Survivor regions: 65->10(38)
[2025-10-13T18:57:49.292-0700][1256][info ][gc,heap     ] GC(29) Old regions: 61->120
[2025-10-13T18:57:49.292-0700][1256][info ][gc,heap     ] GC(29) Humongous regions: 0->0
[2025-10-13T18:57:49.292-0700][1256][info ][gc,metaspace] GC(29) Metaspace: 215393K(217984K)->215393K(217984K) NonClass: 190555K(191936K)->190555K(191936K) Class: 24837K(26048K)->24837K(26048K)
[2025-10-13T18:57:49.292-0700][1256][info ][gc          ] GC(29) Pause Young (Normal) (G1 Evacuation Pause) 11479M->4122M(184320M) 40.435ms
[2025-10-13T18:57:49.293-0700][1256][info ][gc,cpu      ] GC(29) User=3.45s Sys=0.10s Real=0.04s
[2025-10-13T18:57:49.293-0700][1256][info ][safepoint   ] Safepoint "G1CollectForAllocation", Time since last: 13723444758 ns, Reaching safepoint: 436110 ns, Cleanup: 5759 ns, At safepoint: 42775738 ns, Total: 43217607 ns
[2025-10-13T18:57:51.294-0700][1256][info ][safepoint   ] Safepoint "Cleanup", Time since last: 2000188250 ns, Reaching safepoint: 433167 ns, Cleanup: 18748 ns, At safepoint: 54883 ns, Total: 506798 ns
[2025-10-13T18:57:53.295-0700][1256][info ][safepoint   ] Safepoint "Cleanup", Time since last: 2000181650 ns, Reaching safepoint: 381498 ns, Cleanup: 11948 ns, At safepoint: 34823 ns, Total: 428269 ns
[2025-10-13T18:57:55.295-0700][1256][info ][safepoint   ] Safepoint "Cleanup", Time since last: 2000195110 ns, Reaching safepoint: 432916 ns, Cleanup: 29865 ns, At safepoint: 58669 ns, Total: 521450 ns
[2025-10-13T18:57:58.296-0700][1256][info ][safepoint   ] Safepoint "Cleanup", Time since last: 3000312095 ns, Reaching safepoint: 427277 ns, Cleanup: 15523 ns, At safepoint: 57447 ns, Total: 500247 ns
[2025-10-13T18:58:01.297-0700][1256][info ][safepoint   ] Safepoint "Cleanup", Time since last: 3000282380 ns, Reaching safepoint: 429541 ns, Cleanup: 18738 ns, At safepoint: 57167 ns, Total: 505446 ns
[2025-10-13T18:58:04.543-0700][1256][info ][safepoint   ] Safepoint "Cleanup", Time since last: 3245726601 ns, Reaching safepoint: 438845 ns, Cleanup: 15644 ns, At safepoint: 59840 ns, Total: 514329 ns
[2025-10-13T18:58:08.544-0700][1256][info ][safepoint   ] Safepoint "Cleanup", Time since last: 4000369930 ns, Reaching safepoint: 430182 ns, Cleanup: 19039 ns, At safepoint: 59520 ns, Total: 508741 ns
[2025-10-13T18:58:13.545-0700][1256][info ][safepoint   ] Safepoint "Cleanup", Time since last: 5000497611 ns, Reaching safepoint: 429841 ns, Cleanup: 13770 ns, At safepoint: 36035 ns, Total: 479646 ns
[2025-10-13T18:58:23.546-0700][1256][info ][safepoint   ] Safepoint "Cleanup", Time since last: 10000738883 ns, Reaching safepoint: 376160 ns, Cleanup: 16455 ns, At safepoint: 38779 ns, Total: 431394 ns
[2025-10-13T18:58:25.547-0700][1256][info ][safepoint   ] Safepoint "Cleanup", Time since last: 2000164113 ns, Reaching safepoint: 433256 ns, Cleanup: 19990 ns, At safepoint: 62255 ns, Total: 515501 ns
[2025-10-13T18:58:27.547-0700][1256][info ][safepoint   ] Safepoint "Cleanup", Time since last: 2000188129 ns, Reaching safepoint: 401098 ns, Cleanup: 14993 ns, At safepoint: 59249 ns, Total: 475340 ns
[2025-10-13T18:58:32.548-0700][1256][info ][safepoint   ] Safepoint "Cleanup", Time since last: 5000389567 ns, Reaching safepoint: 443462 ns, Cleanup: 16285 ns, At safepoint: 56806 ns, Total: 516553 ns
[2025-10-13T18:58:34.549-0700][1256][info ][safepoint   ] Safepoint "Cleanup", Time since last: 2000211225 ns, Reaching safepoint: 429029 ns, Cleanup: 17277 ns, At safepoint: 59159 ns, Total: 505465 ns
[2025-10-13T18:58:42.550-0700][1256][info ][safepoint   ] Safepoint "Cleanup", Time since last: 8000779485 ns, Reaching safepoint: 441558 ns, Cleanup: 13531 ns, At safepoint: 57797 ns, Total: 512886 ns
[2025-10-13T18:58:53.552-0700][1256][info ][safepoint   ] Safepoint "Cleanup", Time since last: 11000971294 ns, Reaching safepoint: 425544 ns, Cleanup: 16896 ns, At safepoint: 58789 ns, Total: 501229 ns
[2025-10-13T18:59:08.563-0700][1256][info ][safepoint   ] Safepoint "Cleanup", Time since last: 15010710979 ns, Reaching safepoint: 405094 ns, Cleanup: 13190 ns, At safepoint: 45799 ns, Total: 464083 ns
[2025-10-13T18:59:09.564-0700][1256][info ][safepoint   ] Safepoint "Cleanup", Time since last: 1000136067 ns, Reaching safepoint: 443562 ns, Cleanup: 14872 ns, At safepoint: 57928 ns, Total: 516362 ns
[2025-10-13T18:59:13.565-0700][1256][info ][safepoint   ] Safepoint "Cleanup", Time since last: 4000407322 ns, Reaching safepoint: 444783 ns, Cleanup: 15253 ns, At safepoint: 57778 ns, Total: 517814 ns
[2025-10-13T18:59:20.566-0700][1256][info ][safepoint   ] Safepoint "Cleanup", Time since last: 7000660668 ns, Reaching safepoint: 428089 ns, Cleanup: 16164 ns, At safepoint: 57808 ns, Total: 502061 ns
[2025-10-13T18:59:21.566-0700][1256][info ][safepoint   ] Safepoint "Cleanup", Time since last: 1000144640 ns, Reaching safepoint: 450883 ns, Cleanup: 14722 ns, At safepoint: 61894 ns, Total: 527499 ns
[2025-10-13T18:59:22.567-0700][1256][info ][safepoint   ] Safepoint "Cleanup", Time since last: 1000141405 ns, Reaching safepoint: 429511 ns, Cleanup: 15063 ns, At safepoint: 61102 ns, Total: 505676 ns
[2025-10-13T18:59:23.568-0700][1256][info ][safepoint   ] Safepoint "Cleanup", Time since last: 1000141375 ns, Reaching safepoint: 431234 ns, Cleanup: 12138 ns, At safepoint: 36565 ns, Total: 479937 ns
[2025-10-13T18:59:25.568-0700][1256][info ][safepoint   ] Safepoint "Cleanup", Time since last: 2000225424 ns, Reaching safepoint: 439225 ns, Cleanup: 15664 ns, At safepoint: 56706 ns, Total: 511595 ns
[2025-10-13T18:59:36.570-0700][1256][info ][safepoint   ] Safepoint "Cleanup", Time since last: 11001027459 ns, Reaching safepoint: 426556 ns, Cleanup: 14271 ns, At safepoint: 58459 ns, Total: 499286 ns
[2025-10-13T19:00:07.581-0700][1256][info ][safepoint   ] Safepoint "Cleanup", Time since last: 31010608069 ns, Reaching safepoint: 431223 ns, Cleanup: 14822 ns, At safepoint: 57357 ns, Total: 503402 ns
[2025-10-13T19:00:11.582-0700][1256][info ][safepoint   ] Safepoint "Cleanup", Time since last: 4000377803 ns, Reaching safepoint: 431854 ns, Cleanup: 14953 ns, At safepoint: 57367 ns, Total: 504174 ns
[2025-10-13T19:00:25.584-0700][1256][info ][safepoint   ] Safepoint "Cleanup", Time since last: 14001192489 ns, Reaching safepoint: 438494 ns, Cleanup: 14833 ns, At safepoint: 56325 ns, Total: 509652 ns
[2025-10-13T19:00:30.585-0700][1256][info ][safepoint   ] Safepoint "Cleanup", Time since last: 5000492888 ns, Reaching safepoint: 456731 ns, Cleanup: 18508 ns, At safepoint: 58529 ns, Total: 533768 ns
[2025-10-13T19:00:32.585-0700][1256][info ][safepoint   ] Safepoint "Cleanup", Time since last: 2000220104 ns, Reaching safepoint: 441909 ns, Cleanup: 15614 ns, At safepoint: 55884 ns, Total: 513407 ns
[2025-10-13T19:00:42.587-0700][1256][info ][safepoint   ] Safepoint "Cleanup", Time since last: 10000936681 ns, Reaching safepoint: 427448 ns, Cleanup: 14973 ns, At safepoint: 54833 ns, Total: 497254 ns
[2025-10-13T19:00:47.588-0700][1256][info ][safepoint   ] Safepoint "Cleanup", Time since last: 5000496723 ns, Reaching safepoint: 428829 ns, Cleanup: 14953 ns, At safepoint: 55925 ns, Total: 499707 ns
[2025-10-13T19:00:53.589-0700][1256][info ][safepoint   ] Safepoint "Cleanup", Time since last: 6000567109 ns, Reaching safepoint: 426276 ns, Cleanup: 21432 ns, At safepoint: 45629 ns, Total: 493337 ns
[2025-10-13T19:01:25.601-0700][1256][info ][safepoint   ] Safepoint "Cleanup", Time since last: 32011479480 ns, Reaching safepoint: 448609 ns, Cleanup: 14672 ns, At safepoint: 58279 ns, Total: 521560 ns
[2025-10-13T19:01:32.602-0700][1256][info ][safepoint   ] Safepoint "Cleanup", Time since last: 7000619564 ns, Reaching safepoint: 426145 ns, Cleanup: 16155 ns, At safepoint: 57126 ns, Total: 499426 ns
[2025-10-13T19:01:53.604-0700][1256][info ][safepoint   ] Safepoint "Cleanup", Time since last: 21001850591 ns, Reaching safepoint: 446066 ns, Cleanup: 18909 ns, At safepoint: 53230 ns, Total: 518205 ns
[2025-10-13T19:02:42.622-0700][1256][info ][safepoint   ] Safepoint "Cleanup", Time since last: 49016733929 ns, Reaching safepoint: 464273 ns, Cleanup: 15283 ns, At safepoint: 56746 ns, Total: 536302 ns
[2025-10-13T19:05:46.684-0700][1256][info ][safepoint   ] Safepoint "Cleanup", Time since last: 184061873354 ns, Reaching safepoint: 392985 ns, Cleanup: 17626 ns, At safepoint: 39600 ns, Total: 450211 ns
[2025-10-13T19:05:49.685-0700][1256][info ][safepoint   ] Safepoint "Cleanup", Time since last: 3000249352 ns, Reaching safepoint: 382269 ns, Cleanup: 12839 ns, At safepoint: 35454 ns, Total: 430562 ns
[2025-10-13T19:06:13.700-0700][1256][info ][safepoint   ] Safepoint "Cleanup", Time since last: 24015060401 ns, Reaching safepoint: 426296 ns, Cleanup: 27581 ns, At safepoint: 57417 ns, Total: 511294 ns
[2025-10-13T19:06:23.702-0700][1256][info ][safepoint   ] Safepoint "Cleanup", Time since last: 10000954716 ns, Reaching safepoint: 425985 ns, Cleanup: 15924 ns, At safepoint: 60482 ns, Total: 502391 ns
[2025-10-13T19:06:31.703-0700][1256][info ][safepoint   ] Safepoint "Cleanup", Time since last: 8000736444 ns, Reaching safepoint: 427477 ns, Cleanup: 15854 ns, At safepoint: 56195 ns, Total: 499526 ns
[2025-10-13T19:07:20.720-0700][1256][info ][safepoint   ] Safepoint "Cleanup", Time since last: 49016743869 ns, Reaching safepoint: 426607 ns, Cleanup: 14892 ns, At safepoint: 66791 ns, Total: 508290 ns
[2025-10-13T19:07:32.722-0700][1256][info ][safepoint   ] Safepoint "Cleanup", Time since last: 12001121664 ns, Reaching safepoint: 426436 ns, Cleanup: 20901 ns, At safepoint: 58078 ns, Total: 505415 ns
[2025-10-13T19:07:36.723-0700][1256][info ][safepoint   ] Safepoint "Cleanup", Time since last: 4000413595 ns, Reaching safepoint: 401849 ns, Cleanup: 12999 ns, At safepoint: 36035 ns, Total: 450883 ns
[2025-10-13T19:08:03.742-0700][1256][info ][safepoint   ] Safepoint "Cleanup", Time since last: 27018472971 ns, Reaching safepoint: 453467 ns, Cleanup: 15193 ns, At safepoint: 46450 ns, Total: 515110 ns
[2025-10-13T19:08:07.743-0700][1256][info ][safepoint   ] Safepoint "Cleanup", Time since last: 4000376148 ns, Reaching safepoint: 441509 ns, Cleanup: 14662 ns, At safepoint: 60952 ns, Total: 517123 ns
[2025-10-13T19:08:43.746-0700][1256][info ][safepoint   ] Safepoint "Cleanup", Time since last: 36003176667 ns, Reaching safepoint: 428910 ns, Cleanup: 43746 ns, At safepoint: 59270 ns, Total: 531926 ns
[2025-10-13T19:09:01.748-0700][1256][info ][safepoint   ] Safepoint "Cleanup", Time since last: 18001612991 ns, Reaching safepoint: 444043 ns, Cleanup: 16445 ns, At safepoint: 58909 ns, Total: 519397 ns
[2025-10-13T19:09:31.763-0700][1256][info ][safepoint   ] Safepoint "Cleanup", Time since last: 30014099974 ns, Reaching safepoint: 431313 ns, Cleanup: 21032 ns, At safepoint: 56676 ns, Total: 509021 ns
[2025-10-13T19:10:27.784-0700][1256][info ][safepoint   ] Safepoint "Cleanup", Time since last: 56020598735 ns, Reaching safepoint: 429000 ns, Cleanup: 14722 ns, At safepoint: 56015 ns, Total: 499737 ns
[2025-10-13T19:10:31.785-0700][1256][info ][safepoint   ] Safepoint "Cleanup", Time since last: 4000365583 ns, Reaching safepoint: 426006 ns, Cleanup: 14682 ns, At safepoint: 59240 ns, Total: 499928 ns
[2025-10-13T19:10:32.786-0700][1256][info ][safepoint   ] Safepoint "Cleanup", Time since last: 1000134155 ns, Reaching safepoint: 443262 ns, Cleanup: 14552 ns, At safepoint: 58288 ns, Total: 516102 ns
[2025-10-13T19:10:55.788-0700][1256][info ][safepoint   ] Safepoint "Cleanup", Time since last: 23001854965 ns, Reaching safepoint: 425074 ns, Cleanup: 14201 ns, At safepoint: 46851 ns, Total: 486126 ns
[2025-10-13T19:11:30.804-0700][1256][info ][safepoint   ] Safepoint "Cleanup", Time since last: 35015898753 ns, Reaching safepoint: 438854 ns, Cleanup: 15454 ns, At safepoint: 39830 ns, Total: 494138 ns
[2025-10-13T19:12:12.825-0700][1256][info ][safepoint   ] Safepoint "Cleanup", Time since last: 42020135683 ns, Reaching safepoint: 427918 ns, Cleanup: 15985 ns, At safepoint: 58218 ns, Total: 502121 ns
[2025-10-13T19:12:14.826-0700][1256][info ][safepoint   ] Safepoint "Cleanup", Time since last: 2000222617 ns, Reaching safepoint: 427087 ns, Cleanup: 15103 ns, At safepoint: 55193 ns, Total: 497383 ns
[2025-10-13T19:12:24.827-0700][1256][info ][safepoint   ] Safepoint "Cleanup", Time since last: 10000903910 ns, Reaching safepoint: 428259 ns, Cleanup: 15193 ns, At safepoint: 59239 ns, Total: 502691 ns
[2025-10-13T19:12:26.828-0700][1256][info ][safepoint   ] Safepoint "Cleanup", Time since last: 2000218161 ns, Reaching safepoint: 427588 ns, Cleanup: 13781 ns, At safepoint: 57336 ns, Total: 498705 ns
[2025-10-13T19:12:27.828-0700][1256][info ][safepoint   ] Safepoint "Cleanup", Time since last: 1000138330 ns, Reaching safepoint: 437312 ns, Cleanup: 13851 ns, At safepoint: 58669 ns, Total: 509832 ns
[2025-10-13T19:13:23.848-0700][1256][info ][safepoint   ] Safepoint "Cleanup", Time since last: 56018769687 ns, Reaching safepoint: 429090 ns, Cleanup: 17847 ns, At safepoint: 58289 ns, Total: 505226 ns
[2025-10-13T19:13:31.849-0700][1256][info ][safepoint   ] Safepoint "Cleanup", Time since last: 8000780973 ns, Reaching safepoint: 437623 ns, Cleanup: 19379 ns, At safepoint: 56015 ns, Total: 513017 ns
[2025-10-13T19:13:49.851-0700][1256][info ][safepoint   ] Safepoint "Cleanup", Time since last: 18001622539 ns, Reaching safepoint: 428519 ns, Cleanup: 15744 ns, At safepoint: 104959 ns, Total: 549222 ns
[2025-10-13T19:13:51.852-0700][1256][info ][safepoint   ] Safepoint "Cleanup", Time since last: 2000199221 ns, Reaching safepoint: 375459 ns, Cleanup: 41833 ns, At safepoint: 38328 ns, Total: 455620 ns
[2025-10-13T19:13:52.853-0700][1256][info ][safepoint   ] Safepoint "Cleanup", Time since last: 1000125941 ns, Reaching safepoint: 442811 ns, Cleanup: 12368 ns, At safepoint: 58108 ns, Total: 513287 ns
[2025-10-13T19:13:53.853-0700][1256][info ][safepoint   ] Safepoint "Cleanup", Time since last: 1000139411 ns, Reaching safepoint: 427959 ns, Cleanup: 13841 ns, At safepoint: 101704 ns, Total: 543504 ns
[2025-10-13T19:13:54.854-0700][1256][info ][safepoint   ] Safepoint "Cleanup", Time since last: 1000136146 ns, Reaching safepoint: 430141 ns, Cleanup: 22064 ns, At safepoint: 61052 ns, Total: 513257 ns
[2025-10-13T19:13:55.854-0700][1256][info ][safepoint   ] Safepoint "Cleanup", Time since last: 1000136116 ns, Reaching safepoint: 443922 ns, Cleanup: 12730 ns, At safepoint: 40932 ns, Total: 497584 ns
[2025-10-13T19:13:58.855-0700][1256][info ][safepoint   ] Safepoint "Cleanup", Time since last: 3000278661 ns, Reaching safepoint: 461048 ns, Cleanup: 12750 ns, At safepoint: 61954 ns, Total: 535752 ns
[2025-10-13T19:14:01.856-0700][1256][info ][safepoint   ] Safepoint "Cleanup", Time since last: 3000304500 ns, Reaching safepoint: 428009 ns, Cleanup: 17556 ns, At safepoint: 60422 ns, Total: 505987 ns
[2025-10-13T19:14:03.866-0700][1256][info ][safepoint   ] Safepoint "Cleanup", Time since last: 2009719289 ns, Reaching safepoint: 445875 ns, Cleanup: 14542 ns, At safepoint: 62044 ns, Total: 522461 ns
[2025-10-13T19:14:07.867-0700][1256][info ][safepoint   ] Safepoint "Cleanup", Time since last: 4000388318 ns, Reaching safepoint: 447317 ns, Cleanup: 20071 ns, At safepoint: 64898 ns, Total: 532286 ns
[2025-10-13T19:14:11.868-0700][1256][info ][safepoint   ] Safepoint "Cleanup", Time since last: 4000380776 ns, Reaching safepoint: 427628 ns, Cleanup: 15433 ns, At safepoint: 66160 ns, Total: 509221 ns
[2025-10-13T19:14:23.870-0700][1256][info ][safepoint   ] Safepoint "Cleanup", Time since last: 12001039814 ns, Reaching safepoint: 377962 ns, Cleanup: 12339 ns, At safepoint: 37697 ns, Total: 427998 ns
[2025-10-13T19:14:31.871-0700][1256][info ][safepoint   ] Safepoint "Cleanup", Time since last: 8000699107 ns, Reaching safepoint: 431444 ns, Cleanup: 13130 ns, At safepoint: 58739 ns, Total: 503313 ns
[2025-10-13T19:14:36.872-0700][1256][info ][safepoint   ] Safepoint "Cleanup", Time since last: 5000465945 ns, Reaching safepoint: 428509 ns, Cleanup: 17446 ns, At safepoint: 58409 ns, Total: 504364 ns
[2025-10-13T19:14:40.873-0700][1256][info ][safepoint   ] Safepoint "Cleanup", Time since last: 4000390561 ns, Reaching safepoint: 430832 ns, Cleanup: 15433 ns, At safepoint: 56115 ns, Total: 502380 ns
[2025-10-13T19:14:49.874-0700][1256][info ][safepoint   ] Safepoint "Cleanup", Time since last: 9000793140 ns, Reaching safepoint: 427828 ns, Cleanup: 14552 ns, At safepoint: 55414 ns, Total: 497794 ns
[2025-10-13T19:15:19.885-0700][1256][info ][safepoint   ] Safepoint "Cleanup", Time since last: 30010598390 ns, Reaching safepoint: 428629 ns, Cleanup: 20120 ns, At safepoint: 57367 ns, Total: 506116 ns
[2025-10-13T19:15:21.886-0700][1256][info ][safepoint   ] Safepoint "Cleanup", Time since last: 2000200281 ns, Reaching safepoint: 375028 ns, Cleanup: 24908 ns, At safepoint: 35644 ns, Total: 435580 ns
[2025-10-13T19:15:23.886-0700][1256][info ][safepoint   ] Safepoint "Cleanup", Time since last: 2000217827 ns, Reaching safepoint: 435980 ns, Cleanup: 14622 ns, At safepoint: 57207 ns, Total: 507809 ns
[2025-10-13T19:15:24.887-0700][1256][info ][safepoint   ] Safepoint "Cleanup", Time since last: 1000134823 ns, Reaching safepoint: 434117 ns, Cleanup: 19490 ns, At safepoint: 57056 ns, Total: 510663 ns
[2025-10-13T19:15:25.888-0700][1256][info ][safepoint   ] Safepoint "Cleanup", Time since last: 1000091277 ns, Reaching safepoint: 379585 ns, Cleanup: 16845 ns, At safepoint: 36275 ns, Total: 432705 ns
[2025-10-13T19:15:28.888-0700][1256][info ][safepoint   ] Safepoint "Cleanup", Time since last: 3000279770 ns, Reaching safepoint: 396851 ns, Cleanup: 14502 ns, At safepoint: 58318 ns, Total: 469671 ns
[2025-10-13T19:15:30.889-0700][1256][info ][safepoint   ] Safepoint "Cleanup", Time since last: 2000225349 ns, Reaching safepoint: 431113 ns, Cleanup: 19579 ns, At safepoint: 59771 ns, Total: 510463 ns
[2025-10-13T19:15:33.890-0700][1256][info ][safepoint   ] Safepoint "Cleanup", Time since last: 3000298277 ns, Reaching safepoint: 432115 ns, Cleanup: 15704 ns, At safepoint: 56856 ns, Total: 504675 ns
[2025-10-13T19:15:37.891-0700][1256][info ][safepoint   ] Safepoint "Cleanup", Time since last: 4000365147 ns, Reaching safepoint: 431774 ns, Cleanup: 16375 ns, At safepoint: 59480 ns, Total: 507629 ns
[2025-10-13T19:15:40.892-0700][1256][info ][safepoint   ] Safepoint "Cleanup", Time since last: 3000299770 ns, Reaching safepoint: 457413 ns, Cleanup: 14652 ns, At safepoint: 47782 ns, Total: 519847 ns
[2025-10-13T19:15:42.892-0700][1256][info ][safepoint   ] Safepoint "Cleanup", Time since last: 2000209625 ns, Reaching safepoint: 447247 ns, Cleanup: 13381 ns, At safepoint: 61523 ns, Total: 522151 ns
[2025-10-13T19:15:47.893-0700][1256][info ][safepoint   ] Safepoint "Cleanup", Time since last: 5000473420 ns, Reaching safepoint: 457583 ns, Cleanup: 20261 ns, At safepoint: 40461 ns, Total: 518305 ns
[2025-10-13T19:15:49.894-0700][1256][info ][safepoint   ] Safepoint "Cleanup", Time since last: 2000194051 ns, Reaching safepoint: 433166 ns, Cleanup: 15003 ns, At safepoint: 61713 ns, Total: 509882 ns
[2025-10-13T19:15:56.895-0700][1256][info ][safepoint   ] Safepoint "Cleanup", Time since last: 7000605763 ns, Reaching safepoint: 434538 ns, Cleanup: 17998 ns, At safepoint: 64517 ns, Total: 517053 ns
[2025-10-13T19:16:01.896-0700][1256][info ][safepoint   ] Safepoint "Cleanup", Time since last: 5000472190 ns, Reaching safepoint: 439516 ns, Cleanup: 16565 ns, At safepoint: 62675 ns, Total: 518756 ns
[2025-10-13T19:16:22.904-0700][1256][info ][safepoint   ] Safepoint "Cleanup", Time since last: 21007473351 ns, Reaching safepoint: 510924 ns, Cleanup: 14662 ns, At safepoint: 71148 ns, Total: 596734 ns
[2025-10-13T19:16:30.905-0700][1256][info ][safepoint   ] Safepoint "Cleanup", Time since last: 8000728166 ns, Reaching safepoint: 459646 ns, Cleanup: 15394 ns, At safepoint: 60581 ns, Total: 535621 ns
[2025-10-13T19:16:31.906-0700][1256][info ][safepoint   ] Safepoint "Cleanup", Time since last: 1000117632 ns, Reaching safepoint: 432985 ns, Cleanup: 12850 ns, At safepoint: 56555 ns, Total: 502390 ns
[2025-10-13T19:16:38.907-0700][1256][info ][safepoint   ] Safepoint "Cleanup", Time since last: 7000622124 ns, Reaching safepoint: 433055 ns, Cleanup: 44949 ns, At safepoint: 61232 ns, Total: 539236 ns
[2025-10-13T19:16:40.908-0700][1256][info ][safepoint   ] Safepoint "Cleanup", Time since last: 2000215923 ns, Reaching safepoint: 428269 ns, Cleanup: 15934 ns, At safepoint: 59781 ns, Total: 503984 ns
[2025-10-13T19:18:20.941-0700][1256][info ][safepoint   ] Safepoint "Cleanup", Time since last: 100032905075 ns, Reaching safepoint: 448479 ns, Cleanup: 15434 ns, At safepoint: 59390 ns, Total: 523303 ns
[2025-10-13T19:18:42.944-0700][1256][info ][safepoint   ] Safepoint "Cleanup", Time since last: 22001912799 ns, Reaching safepoint: 433606 ns, Cleanup: 13992 ns, At safepoint: 57857 ns, Total: 505455 ns
[2025-10-13T19:18:49.945-0700][1256][info ][safepoint   ] Safepoint "Cleanup", Time since last: 7000631051 ns, Reaching safepoint: 438925 ns, Cleanup: 13720 ns, At safepoint: 35594 ns, Total: 488239 ns
[2025-10-13T19:19:11.958-0700][1256][info ][safepoint   ] Safepoint "Cleanup", Time since last: 22012414705 ns, Reaching safepoint: 436651 ns, Cleanup: 14452 ns, At safepoint: 60412 ns, Total: 511515 ns
[2025-10-13T19:19:23.960-0700][1256][info ][safepoint   ] Safepoint "Cleanup", Time since last: 12001135627 ns, Reaching safepoint: 446797 ns, Cleanup: 15023 ns, At safepoint: 58178 ns, Total: 519998 ns
[2025-10-13T19:19:27.960-0700][1256][info ][safepoint   ] Safepoint "Cleanup", Time since last: 4000400001 ns, Reaching safepoint: 444744 ns, Cleanup: 18928 ns, At safepoint: 59060 ns, Total: 522732 ns
[2025-10-13T19:19:40.962-0700][1256][info ][safepoint   ] Safepoint "Cleanup", Time since last: 13001139429 ns, Reaching safepoint: 432154 ns, Cleanup: 15834 ns, At safepoint: 58398 ns, Total: 506386 ns
[2025-10-13T19:19:53.964-0700][1256][info ][safepoint   ] Safepoint "Cleanup", Time since last: 13001151668 ns, Reaching safepoint: 433196 ns, Cleanup: 16285 ns, At safepoint: 60191 ns, Total: 509672 ns
[2025-10-13T19:20:15.979-0700][1256][info ][safepoint   ] Safepoint "Cleanup", Time since last: 22014988521 ns, Reaching safepoint: 441178 ns, Cleanup: 15113 ns, At safepoint: 59150 ns, Total: 515441 ns
[2025-10-13T19:20:38.982-0700][1256][info ][safepoint   ] Safepoint "Cleanup", Time since last: 23001927302 ns, Reaching safepoint: 425975 ns, Cleanup: 14933 ns, At safepoint: 57737 ns, Total: 498645 ns
[2025-10-13T19:20:46.983-0700][1256][info ][safepoint   ] Safepoint "Cleanup", Time since last: 8000685559 ns, Reaching safepoint: 378774 ns, Cleanup: 12739 ns, At safepoint: 37287 ns, Total: 428800 ns
[2025-10-13T19:20:49.984-0700][1256][info ][safepoint   ] Safepoint "Cleanup", Time since last: 3000253553 ns, Reaching safepoint: 446546 ns, Cleanup: 74854 ns, At safepoint: 58709 ns, Total: 580109 ns
[2025-10-13T19:20:50.984-0700][1256][info ][safepoint   ] Safepoint "Cleanup", Time since last: 1000133909 ns, Reaching safepoint: 451804 ns, Cleanup: 78719 ns, At safepoint: 47532 ns, Total: 578055 ns
[2025-10-13T19:20:51.985-0700][1256][info ][safepoint   ] Safepoint "Cleanup", Time since last: 1000117975 ns, Reaching safepoint: 375479 ns, Cleanup: 23806 ns, At safepoint: 57677 ns, Total: 456962 ns
[2025-10-13T19:20:52.986-0700][1256][info ][safepoint   ] Safepoint "Cleanup", Time since last: 1000113258 ns, Reaching safepoint: 445926 ns, Cleanup: 21382 ns, At safepoint: 57547 ns, Total: 524855 ns
[2025-10-13T19:20:53.986-0700][1256][info ][safepoint   ] Safepoint "Cleanup", Time since last: 1000107980 ns, Reaching safepoint: 382479 ns, Cleanup: 17056 ns, At safepoint: 36185 ns, Total: 435720 ns
[2025-10-13T19:20:54.987-0700][1256][info ][safepoint   ] Safepoint "Cleanup", Time since last: 1000127499 ns, Reaching safepoint: 428199 ns, Cleanup: 15704 ns, At safepoint: 58398 ns, Total: 502301 ns
[2025-10-13T19:20:57.987-0700][1256][info ][safepoint   ] Safepoint "Cleanup", Time since last: 3000303789 ns, Reaching safepoint: 383201 ns, Cleanup: 17166 ns, At safepoint: 38178 ns, Total: 438545 ns
[2025-10-13T19:20:58.988-0700][1256][info ][safepoint   ] Safepoint "Cleanup", Time since last: 1000129091 ns, Reaching safepoint: 429551 ns, Cleanup: 14462 ns, At safepoint: 60582 ns, Total: 504595 ns
[2025-10-13T19:20:59.989-0700][1256][info ][safepoint   ] Safepoint "Cleanup", Time since last: 1000108110 ns, Reaching safepoint: 439355 ns, Cleanup: 16185 ns, At safepoint: 59880 ns, Total: 515420 ns
[2025-10-13T19:21:01.989-0700][1256][info ][safepoint   ] Safepoint "Cleanup", Time since last: 2000175689 ns, Reaching safepoint: 441609 ns, Cleanup: 27191 ns, At safepoint: 57177 ns, Total: 525977 ns
[2025-10-13T19:21:10.001-0700][1256][info ][safepoint   ] Safepoint "Cleanup", Time since last: 8010861241 ns, Reaching safepoint: 433476 ns, Cleanup: 14382 ns, At safepoint: 60522 ns, Total: 508380 ns
[2025-10-13T19:21:20.002-0700][1256][info ][safepoint   ] Safepoint "Cleanup", Time since last: 10000794376 ns, Reaching safepoint: 433687 ns, Cleanup: 20781 ns, At safepoint: 67603 ns, Total: 522071 ns
[2025-10-13T19:21:31.003-0700][1256][info ][safepoint   ] Safepoint "Cleanup", Time since last: 11000763826 ns, Reaching safepoint: 449711 ns, Cleanup: 14952 ns, At safepoint: 38428 ns, Total: 503091 ns
[2025-10-13T19:21:34.004-0700][1256][info ][safepoint   ] Safepoint "Cleanup", Time since last: 3000212605 ns, Reaching safepoint: 380577 ns, Cleanup: 13130 ns, At safepoint: 38338 ns, Total: 432045 ns
[2025-10-13T19:21:39.005-0700][1256][info ][safepoint   ] Safepoint "Cleanup", Time since last: 5000329691 ns, Reaching safepoint: 379074 ns, Cleanup: 14231 ns, At safepoint: 37047 ns, Total: 430352 ns
[2025-10-13T19:21:43.006-0700][1256][info ][safepoint   ] Safepoint "Cleanup", Time since last: 4000289395 ns, Reaching safepoint: 449331 ns, Cleanup: 23215 ns, At safepoint: 57657 ns, Total: 530203 ns
[2025-10-13T19:21:45.006-0700][1256][info ][safepoint   ] Safepoint "Cleanup", Time since last: 2000172320 ns, Reaching safepoint: 408048 ns, Cleanup: 13461 ns, At safepoint: 38678 ns, Total: 460187 ns
[2025-10-13T19:21:52.007-0700][1256][info ][safepoint   ] Safepoint "Cleanup", Time since last: 7000432035 ns, Reaching safepoint: 382960 ns, Cleanup: 20040 ns, At safepoint: 39630 ns, Total: 442630 ns
[2025-10-13T19:21:53.008-0700][1256][info ][safepoint   ] Safepoint "Cleanup", Time since last: 1000101428 ns, Reaching safepoint: 377912 ns, Cleanup: 15234 ns, At safepoint: 39079 ns, Total: 432225 ns
[2025-10-13T19:22:11.863-0700][1256][info ][safepoint   ] Safepoint "ICBufferFull", Time since last: 18854336827 ns, Reaching safepoint: 424984 ns, Cleanup: 170578 ns, At safepoint: 108124 ns, Total: 703686 ns
[2025-10-13T19:22:12.009-0700][1256][info ][safepoint   ] Safepoint "ICBufferFull", Time since last: 145196207 ns, Reaching safepoint: 426116 ns, Cleanup: 190438 ns, At safepoint: 125000 ns, Total: 741554 ns
[2025-10-13T19:22:12.204-0700][1256][info ][safepoint   ] Safepoint "ICBufferFull", Time since last: 194337514 ns, Reaching safepoint: 484184 ns, Cleanup: 158760 ns, At safepoint: 48894 ns, Total: 691838 ns
[2025-10-13T19:22:12.204-0700][1256][info ][safepoint   ] Safepoint "ICBufferFull", Time since last: 132100 ns, Reaching safepoint: 234916 ns, Cleanup: 8242 ns, At safepoint: 96987 ns, Total: 340145 ns
[2025-10-13T19:22:12.204-0700][1256][info ][safepoint   ] Safepoint "ICBufferFull", Time since last: 94103 ns, Reaching safepoint: 150097 ns, Cleanup: 1072 ns, At safepoint: 72870 ns, Total: 224039 ns
[2025-10-13T19:22:12.205-0700][1256][info ][safepoint   ] Safepoint "ICBufferFull", Time since last: 58148 ns, Reaching safepoint: 145200 ns, Cleanup: 871 ns, At safepoint: 50928 ns, Total: 196999 ns
[2025-10-13T19:22:12.205-0700][1256][info ][safepoint   ] Safepoint "ICBufferFull", Time since last: 38468 ns, Reaching safepoint: 138039 ns, Cleanup: 781 ns, At safepoint: 56065 ns, Total: 194885 ns
[2025-10-13T19:22:12.205-0700][1256][info ][safepoint   ] Safepoint "ICBufferFull", Time since last: 43716 ns, Reaching safepoint: 138310 ns, Cleanup: 901 ns, At safepoint: 64037 ns, Total: 203248 ns
[2025-10-13T19:22:12.206-0700][1256][info ][safepoint   ] Safepoint "ICBufferFull", Time since last: 59070 ns, Reaching safepoint: 254355 ns, Cleanup: 7942 ns, At safepoint: 42154 ns, Total: 304451 ns
[2025-10-13T19:22:12.206-0700][1256][info ][safepoint   ] Safepoint "ICBufferFull", Time since last: 57507 ns, Reaching safepoint: 641191 ns, Cleanup: 5268 ns, At safepoint: 81523 ns, Total: 727982 ns
[2025-10-13T19:22:12.207-0700][1256][info ][safepoint   ] Safepoint "ICBufferFull", Time since last: 56766 ns, Reaching safepoint: 358023 ns, Cleanup: 1482 ns, At safepoint: 51458 ns, Total: 410963 ns
[2025-10-13T19:22:12.207-0700][1256][info ][safepoint   ] Safepoint "ICBufferFull", Time since last: 48483 ns, Reaching safepoint: 211831 ns, Cleanup: 1032 ns, At safepoint: 54061 ns, Total: 266924 ns
[2025-10-13T19:22:12.207-0700][1256][info ][safepoint   ] Safepoint "ICBufferFull", Time since last: 110137 ns, Reaching safepoint: 136567 ns, Cleanup: 1062 ns, At safepoint: 49184 ns, Total: 186813 ns
[2025-10-13T19:22:12.208-0700][1256][info ][safepoint   ] Safepoint "ICBufferFull", Time since last: 53031 ns, Reaching safepoint: 147944 ns, Cleanup: 961 ns, At safepoint: 68904 ns, Total: 217809 ns
[2025-10-13T19:22:12.208-0700][1256][info ][safepoint   ] Safepoint "ICBufferFull", Time since last: 43306 ns, Reaching safepoint: 131870 ns, Cleanup: 5809 ns, At safepoint: 47602 ns, Total: 185281 ns
[2025-10-13T19:22:12.208-0700][1256][info ][safepoint   ] Safepoint "ICBufferFull", Time since last: 37857 ns, Reaching safepoint: 136747 ns, Cleanup: 881 ns, At safepoint: 53632 ns, Total: 191260 ns
[2025-10-13T19:22:12.208-0700][1256][info ][safepoint   ] Safepoint "ICBufferFull", Time since last: 39630 ns, Reaching safepoint: 136607 ns, Cleanup: 901 ns, At safepoint: 57717 ns, Total: 195225 ns
[2025-10-13T19:22:12.209-0700][1256][info ][safepoint   ] Safepoint "ICBufferFull", Time since last: 38018 ns, Reaching safepoint: 147503 ns, Cleanup: 761 ns, At safepoint: 69085 ns, Total: 217349 ns
[2025-10-13T19:22:12.209-0700][1256][info ][safepoint   ] Safepoint "ICBufferFull", Time since last: 38168 ns, Reaching safepoint: 229718 ns, Cleanup: 1282 ns, At safepoint: 58919 ns, Total: 289919 ns
[2025-10-13T19:22:12.209-0700][1256][info ][safepoint   ] Safepoint "ICBufferFull", Time since last: 35684 ns, Reaching safepoint: 138550 ns, Cleanup: 961 ns, At safepoint: 78449 ns, Total: 217960 ns
[2025-10-13T19:22:12.209-0700][1256][info ][safepoint   ] Safepoint "ICBufferFull", Time since last: 30617 ns, Reaching safepoint: 142245 ns, Cleanup: 781 ns, At safepoint: 65890 ns, Total: 208916 ns
[2025-10-13T19:22:12.210-0700][1256][info ][safepoint   ] Safepoint "ICBufferFull", Time since last: 34632 ns, Reaching safepoint: 141094 ns, Cleanup: 1022 ns, At safepoint: 62344 ns, Total: 204460 ns
[2025-10-13T19:22:12.210-0700][1256][info ][safepoint   ] Safepoint "ICBufferFull", Time since last: 29385 ns, Reaching safepoint: 298782 ns, Cleanup: 942 ns, At safepoint: 56796 ns, Total: 356520 ns
[2025-10-13T19:22:12.210-0700][1256][info ][safepoint   ] Safepoint "ICBufferFull", Time since last: 29394 ns, Reaching safepoint: 150308 ns, Cleanup: 1041 ns, At safepoint: 67462 ns, Total: 218811 ns
[2025-10-13T19:22:12.211-0700][1256][info ][safepoint   ] Safepoint "ICBufferFull", Time since last: 29004 ns, Reaching safepoint: 140964 ns, Cleanup: 1112 ns, At safepoint: 59480 ns, Total: 201556 ns
[2025-10-13T19:22:12.211-0700][1256][info ][safepoint   ] Safepoint "ICBufferFull", Time since last: 32359 ns, Reaching safepoint: 141554 ns, Cleanup: 941 ns, At safepoint: 64468 ns, Total: 206963 ns
[2025-10-13T19:22:12.211-0700][1256][info ][safepoint   ] Safepoint "ICBufferFull", Time since last: 34893 ns, Reaching safepoint: 148675 ns, Cleanup: 1082 ns, At safepoint: 63306 ns, Total: 213063 ns
[2025-10-13T19:22:12.211-0700][1256][info ][safepoint   ] Safepoint "ICBufferFull", Time since last: 29915 ns, Reaching safepoint: 142295 ns, Cleanup: 481 ns, At safepoint: 62825 ns, Total: 205601 ns
[2025-10-13T19:22:12.212-0700][1256][info ][safepoint   ] Safepoint "ICBufferFull", Time since last: 29675 ns, Reaching safepoint: 136227 ns, Cleanup: 991 ns, At safepoint: 59971 ns, Total: 197189 ns
[2025-10-13T19:22:12.212-0700][1256][info ][safepoint   ] Safepoint "ICBufferFull", Time since last: 25579 ns, Reaching safepoint: 135916 ns, Cleanup: 881 ns, At safepoint: 60962 ns, Total: 197759 ns
[2025-10-13T19:22:12.212-0700][1256][info ][safepoint   ] Safepoint "ICBufferFull", Time since last: 25008 ns, Reaching safepoint: 134394 ns, Cleanup: 941 ns, At safepoint: 55594 ns, Total: 190929 ns
[2025-10-13T19:22:12.212-0700][1256][info ][safepoint   ] Safepoint "ICBufferFull", Time since last: 25128 ns, Reaching safepoint: 133953 ns, Cleanup: 1102 ns, At safepoint: 69495 ns, Total: 204550 ns
[2025-10-13T19:22:12.212-0700][1256][info ][safepoint   ] Safepoint "ICBufferFull", Time since last: 26911 ns, Reaching safepoint: 137849 ns, Cleanup: 1171 ns, At safepoint: 67923 ns, Total: 206943 ns
[2025-10-13T19:22:12.213-0700][1256][info ][safepoint   ] Safepoint "ICBufferFull", Time since last: 21944 ns, Reaching safepoint: 142505 ns, Cleanup: 1212 ns, At safepoint: 67983 ns, Total: 211700 ns
[2025-10-13T19:22:12.213-0700][1256][info ][safepoint   ] Safepoint "ICBufferFull", Time since last: 26691 ns, Reaching safepoint: 139261 ns, Cleanup: 871 ns, At safepoint: 60822 ns, Total: 200954 ns
[2025-10-13T19:22:12.213-0700][1256][info ][safepoint   ] Safepoint "ICBufferFull", Time since last: 21863 ns, Reaching safepoint: 135916 ns, Cleanup: 1112 ns, At safepoint: 62234 ns, Total: 199262 ns
[2025-10-13T19:22:12.213-0700][1256][info ][safepoint   ] Safepoint "ICBufferFull", Time since last: 20381 ns, Reaching safepoint: 145600 ns, Cleanup: 821 ns, At safepoint: 68334 ns, Total: 214755 ns
[2025-10-13T19:22:12.214-0700][1256][info ][safepoint   ] Safepoint "ICBufferFull", Time since last: 24327 ns, Reaching safepoint: 137508 ns, Cleanup: 1032 ns, At safepoint: 66791 ns, Total: 205331 ns
[2025-10-13T19:22:12.512-0700][1256][info ][safepoint   ] Safepoint "ICBufferFull", Time since last: 297499249 ns, Reaching safepoint: 713250 ns, Cleanup: 139521 ns, At safepoint: 167764 ns, Total: 1020535 ns
[2025-10-13T19:22:12.838-0700][1256][info ][safepoint   ] Safepoint "ICBufferFull", Time since last: 324228121 ns, Reaching safepoint: 927325 ns, Cleanup: 151249 ns, At safepoint: 111439 ns, Total: 1190013 ns
[2025-10-13T19:22:12.838-0700][1256][info ][safepoint   ] Safepoint "ICBufferFull", Time since last: 187944 ns, Reaching safepoint: 153042 ns, Cleanup: 4126 ns, At safepoint: 123237 ns, Total: 280405 ns
[2025-10-13T19:22:12.838-0700][1256][info ][safepoint   ] Safepoint "ICBufferFull", Time since last: 82275 ns, Reaching safepoint: 140172 ns, Cleanup: 761 ns, At safepoint: 144018 ns, Total: 284951 ns
[2025-10-13T19:22:12.839-0700][1256][info ][safepoint   ] Safepoint "ICBufferFull", Time since last: 101814 ns, Reaching safepoint: 140583 ns, Cleanup: 1162 ns, At safepoint: 112110 ns, Total: 253855 ns
[2025-10-13T19:22:12.839-0700][1256][info ][safepoint   ] Safepoint "ICBufferFull", Time since last: 40531 ns, Reaching safepoint: 131990 ns, Cleanup: 1142 ns, At safepoint: 105960 ns, Total: 239092 ns
[2025-10-13T19:22:12.839-0700][1256][info ][safepoint   ] Safepoint "ICBufferFull", Time since last: 93602 ns, Reaching safepoint: 137699 ns, Cleanup: 2734 ns, At safepoint: 142295 ns, Total: 282728 ns
[2025-10-13T19:22:12.840-0700][1256][info ][safepoint   ] Safepoint "ICBufferFull", Time since last: 86501 ns, Reaching safepoint: 384082 ns, Cleanup: 982 ns, At safepoint: 85529 ns, Total: 470593 ns
[2025-10-13T19:22:12.840-0700][1256][info ][safepoint   ] Safepoint "ICBufferFull", Time since last: 31528 ns, Reaching safepoint: 199953 ns, Cleanup: 721 ns, At safepoint: 88093 ns, Total: 288767 ns
[2025-10-13T19:22:12.841-0700][1256][info ][safepoint   ] Safepoint "ICBufferFull", Time since last: 56566 ns, Reaching safepoint: 125911 ns, Cleanup: 961 ns, At safepoint: 96316 ns, Total: 223188 ns
[2025-10-13T19:22:12.841-0700][1256][info ][safepoint   ] Safepoint "ICBufferFull", Time since last: 36004 ns, Reaching safepoint: 122236 ns, Cleanup: 951 ns, At safepoint: 84468 ns, Total: 207655 ns
[2025-10-13T19:22:12.841-0700][1256][info ][safepoint   ] Safepoint "ICBufferFull", Time since last: 50266 ns, Reaching safepoint: 123086 ns, Cleanup: 1062 ns, At safepoint: 93171 ns, Total: 217319 ns
[2025-10-13T19:22:12.841-0700][1256][info ][safepoint   ] Safepoint "ICBufferFull", Time since last: 37928 ns, Reaching safepoint: 128524 ns, Cleanup: 701 ns, At safepoint: 117659 ns, Total: 246884 ns
[2025-10-13T19:22:12.842-0700][1256][info ][safepoint   ] Safepoint "ICBufferFull", Time since last: 43776 ns, Reaching safepoint: 148335 ns, Cleanup: 1051 ns, At safepoint: 113452 ns, Total: 262838 ns
[2025-10-13T19:22:12.842-0700][1256][info ][safepoint   ] Safepoint "ICBufferFull", Time since last: 31117 ns, Reaching safepoint: 147774 ns, Cleanup: 991 ns, At safepoint: 100953 ns, Total: 249718 ns
[2025-10-13T19:22:12.996-0700][1256][info ][safepoint   ] Safepoint "ICBufferFull", Time since last: 152943071 ns, Reaching safepoint: 471163 ns, Cleanup: 154685 ns, At safepoint: 190198 ns, Total: 816046 ns
[2025-10-13T19:22:13.076-0700][1256][info ][safepoint   ] Safepoint "ICBufferFull", Time since last: 79070416 ns, Reaching safepoint: 505145 ns, Cleanup: 194966 ns, At safepoint: 173222 ns, Total: 873333 ns
[2025-10-13T19:22:13.154-0700][1256][info ][safepoint   ] Safepoint "ICBufferFull", Time since last: 77663345 ns, Reaching safepoint: 437393 ns, Cleanup: 163467 ns, At safepoint: 118560 ns, Total: 719420 ns
[2025-10-13T19:22:13.203-0700][1256][info ][safepoint   ] Safepoint "ICBufferFull", Time since last: 47931254 ns, Reaching safepoint: 427748 ns, Cleanup: 193163 ns, At safepoint: 62484 ns, Total: 683395 ns
[2025-10-13T19:22:13.318-0700][1256][info ][safepoint   ] Safepoint "ICBufferFull", Time since last: 114769295 ns, Reaching safepoint: 516873 ns, Cleanup: 176547 ns, At safepoint: 172611 ns, Total: 866031 ns
[2025-10-13T19:22:13.418-0700][1256][info ][gc,start    ] GC(30) Pause Young (Concurrent Start) (CodeCache GC Threshold)
[2025-10-13T19:22:13.418-0700][1256][info ][gc,task     ] GC(30) Using 113 workers of 113 for evacuation
[2025-10-13T19:22:13.427-0700][1256][debug][gc,remset   ] GC(30) Visited cards 1125376 Total dirty 7864320 (14.31%) Total old 316145664 (0.36%)
[2025-10-13T19:22:13.467-0700][1256][info ][gc,phases   ] GC(30)   Pre Evacuate Collection Set: 1.0ms
[2025-10-13T19:22:13.467-0700][1256][info ][gc,phases   ] GC(30)   Merge Heap Roots: 7.3ms
[2025-10-13T19:22:13.467-0700][1256][info ][gc,phases   ] GC(30)   Evacuate Collection Set: 36.3ms
[2025-10-13T19:22:13.467-0700][1256][info ][gc,phases   ] GC(30)   Post Evacuate Collection Set: 3.6ms
[2025-10-13T19:22:13.467-0700][1256][info ][gc,phases   ] GC(30)   Other: 0.4ms
[2025-10-13T19:22:13.467-0700][1256][debug][gc,remset   ] GC(30) Coarsening (recent): Inline->AoC 0 (0) AoC->Howl 0 (0) Howl->Full 0 (0) Inline->AoC 0 (0) AoC->BitMap 0 (0) BitMap->Full 0 (0) 
[2025-10-13T19:22:13.467-0700][1256][debug][gc,remset   ] GC(30) Coarsening (all): Inline->AoC 160 (0) AoC->Howl 32 (0) Howl->Full 0 (0) Inline->AoC 190 (0) AoC->BitMap 14 (0) BitMap->Full 0 (0) 
[2025-10-13T19:22:13.467-0700][1256][info ][gc,heap     ] GC(30) Eden regions: 2342->0(3436)
[2025-10-13T19:22:13.467-0700][1256][info ][gc,heap     ] GC(30) Survivor regions: 10->20(432)
[2025-10-13T19:22:13.467-0700][1256][info ][gc,heap     ] GC(30) Old regions: 120->120
[2025-10-13T19:22:13.467-0700][1256][info ][gc,heap     ] GC(30) Humongous regions: 0->0
[2025-10-13T19:22:13.467-0700][1256][info ][gc,metaspace] GC(30) Metaspace: 227317K(230080K)->227317K(230080K) NonClass: 200813K(202304K)->200813K(202304K) Class: 26503K(27776K)->26503K(27776K)
[2025-10-13T19:22:13.467-0700][1256][info ][gc          ] GC(30) Pause Young (Concurrent Start) (CodeCache GC Threshold) 79045M->4451M(184320M) 48.797ms
[2025-10-13T19:22:13.467-0700][1089][info ][gc          ] GC(31) Concurrent Mark Cycle
[2025-10-13T19:22:13.467-0700][1089][info ][gc,marking  ] GC(31) Concurrent Scan Root Regions
[2025-10-13T19:22:13.469-0700][1256][info ][gc,cpu      ] GC(30) User=1.95s Sys=0.04s Real=0.05s
[2025-10-13T19:22:13.469-0700][1256][info ][safepoint   ] Safepoint "G1TryInitiateConcMark", Time since last: 98177275 ns, Reaching safepoint: 559718 ns, Cleanup: 96196 ns, At safepoint: 51783368 ns, Total: 52439282 ns
[2025-10-13T19:22:13.475-0700][1089][info ][gc,marking  ] GC(31) Concurrent Scan Root Regions 7.485ms
[2025-10-13T19:22:13.475-0700][1089][info ][gc,marking  ] GC(31) Concurrent Mark
[2025-10-13T19:22:13.475-0700][1089][info ][gc,marking  ] GC(31) Concurrent Mark From Roots
[2025-10-13T19:22:13.475-0700][1089][info ][gc,task     ] GC(31) Using 36 workers of 36 for marking
[2025-10-13T19:22:13.512-0700][1089][info ][gc,marking  ] GC(31) Concurrent Mark From Roots 36.647ms
[2025-10-13T19:22:13.512-0700][1089][info ][gc,marking  ] GC(31) Concurrent Preclean
[2025-10-13T19:22:13.513-0700][1089][info ][gc,marking  ] GC(31) Concurrent Preclean 1.198ms
[2025-10-13T19:22:13.515-0700][1256][info ][gc,start    ] GC(31) Pause Remark
[2025-10-13T19:22:13.740-0700][1256][info ][gc,mmu      ] GC(31) MMU target violated: 201.0ms (200.0ms/201.0ms)
[2025-10-13T19:22:13.740-0700][1256][info ][gc          ] GC(31) Pause Remark 4783M->4783M(184320M) 225.256ms
[2025-10-13T19:22:13.741-0700][1256][info ][gc,cpu      ] GC(31) User=9.71s Sys=0.00s Real=0.23s
[2025-10-13T19:22:13.741-0700][1256][info ][safepoint   ] Safepoint "G1PauseRemark", Time since last: 43968333 ns, Reaching safepoint: 590755 ns, Cleanup: 55343 ns, At safepoint: 228025037 ns, Total: 228671135 ns
[2025-10-13T19:22:13.742-0700][1089][info ][gc,marking  ] GC(31) Concurrent Mark 266.668ms
[2025-10-13T19:22:13.742-0700][1089][info ][gc,marking  ] GC(31) Concurrent Rebuild Remembered Sets and Scrub Regions
[2025-10-13T19:22:13.756-0700][1089][info ][gc,marking  ] GC(31) Concurrent Rebuild Remembered Sets and Scrub Regions 13.988ms
[2025-10-13T19:22:13.760-0700][1256][info ][gc,start    ] GC(31) Pause Cleanup
[2025-10-13T19:22:13.760-0700][1256][info ][gc          ] GC(31) Pause Cleanup 5281M->5281M(184320M) 0.589ms
[2025-10-13T19:22:13.761-0700][1256][info ][gc,cpu      ] GC(31) User=0.01s Sys=0.00s Real=0.01s
[2025-10-13T19:22:13.761-0700][1256][info ][safepoint   ] Safepoint "G1PauseCleanup", Time since last: 14174868 ns, Reaching safepoint: 2578015 ns, Cleanup: 210959 ns, At safepoint: 2976478 ns, Total: 5765452 ns
[2025-10-13T19:22:13.761-0700][1089][info ][gc,marking  ] GC(31) Concurrent Clear Claimed Marks
[2025-10-13T19:22:13.762-0700][1089][info ][gc,marking  ] GC(31) Concurrent Clear Claimed Marks 0.331ms
[2025-10-13T19:22:13.762-0700][1089][info ][gc,marking  ] GC(31) Concurrent Cleanup for Next Mark
[2025-10-13T19:22:13.788-0700][1089][info ][gc,marking  ] GC(31) Concurrent Cleanup for Next Mark 26.544ms
[2025-10-13T19:22:13.788-0700][1089][info ][gc          ] GC(31) Concurrent Mark Cycle 321.046ms
[2025-10-13T19:22:13.874-0700][1256][info ][safepoint   ] Safepoint "ICBufferFull", Time since last: 110043397 ns, Reaching safepoint: 2641611 ns, Cleanup: 164760 ns, At safepoint: 107693 ns, Total: 2914064 ns
[2025-10-13T19:22:14.875-0700][1256][info ][safepoint   ] Safepoint "Cleanup", Time since last: 1000133536 ns, Reaching safepoint: 518215 ns, Cleanup: 178550 ns, At safepoint: 51418 ns, Total: 748183 ns
[2025-10-13T19:22:15.441-0700][1256][info ][safepoint   ] Safepoint "ICBufferFull", Time since last: 559518932 ns, Reaching safepoint: 5676968 ns, Cleanup: 195026 ns, At safepoint: 89515 ns, Total: 5961509 ns
[2025-10-13T19:22:15.513-0700][1256][info ][safepoint   ] Safepoint "ICBufferFull", Time since last: 70956768 ns, Reaching safepoint: 512967 ns, Cleanup: 203178 ns, At safepoint: 79761 ns, Total: 795906 ns
[2025-10-13T19:22:15.556-0700][1256][info ][safepoint   ] Safepoint "ICBufferFull", Time since last: 42767083 ns, Reaching safepoint: 553157 ns, Cleanup: 197029 ns, At safepoint: 115625 ns, Total: 865811 ns
[2025-10-13T19:22:15.616-0700][1256][info ][safepoint   ] Safepoint "ICBufferFull", Time since last: 58988862 ns, Reaching safepoint: 545336 ns, Cleanup: 188485 ns, At safepoint: 110347 ns, Total: 844168 ns
[2025-10-13T19:22:15.665-0700][1256][info ][safepoint   ] Safepoint "ICBufferFull", Time since last: 43678364 ns, Reaching safepoint: 4707780 ns, Cleanup: 204269 ns, At safepoint: 129216 ns, Total: 5041265 ns
[2025-10-13T19:22:15.710-0700][1256][info ][safepoint   ] Safepoint "ICBufferFull", Time since last: 44197830 ns, Reaching safepoint: 639789 ns, Cleanup: 188676 ns, At safepoint: 131989 ns, Total: 960454 ns
[2025-10-13T19:22:15.772-0700][1256][info ][safepoint   ] Safepoint "ICBufferFull", Time since last: 59288086 ns, Reaching safepoint: 2644134 ns, Cleanup: 188085 ns, At safepoint: 105900 ns, Total: 2938119 ns
[2025-10-13T19:22:15.775-0700][1256][info ][safepoint   ] Safepoint "ICBufferFull", Time since last: 180263 ns, Reaching safepoint: 2419265 ns, Cleanup: 5898 ns, At safepoint: 77408 ns, Total: 2502571 ns
[2025-10-13T19:22:15.776-0700][1256][info ][safepoint   ] Safepoint "ICBufferFull", Time since last: 159882 ns, Reaching safepoint: 970520 ns, Cleanup: 1362 ns, At safepoint: 69074 ns, Total: 1040956 ns
[2025-10-13T19:22:15.777-0700][1256][info ][safepoint   ] Safepoint "ICBufferFull", Time since last: 156367 ns, Reaching safepoint: 297080 ns, Cleanup: 1072 ns, At safepoint: 144429 ns, Total: 442581 ns
[2025-10-13T19:22:15.777-0700][1256][info ][safepoint   ] Safepoint "ICBufferFull", Time since last: 142986 ns, Reaching safepoint: 258532 ns, Cleanup: 7431 ns, At safepoint: 106561 ns, Total: 372524 ns
[2025-10-13T19:22:15.778-0700][1256][info ][safepoint   ] Safepoint "ICBufferFull", Time since last: 151590 ns, Reaching safepoint: 304782 ns, Cleanup: 881 ns, At safepoint: 117368 ns, Total: 423031 ns
[2025-10-13T19:22:15.778-0700][1256][info ][safepoint   ] Safepoint "ICBufferFull", Time since last: 154824 ns, Reaching safepoint: 217339 ns, Cleanup: 1302 ns, At safepoint: 81354 ns, Total: 299995 ns
[2025-10-13T19:22:15.779-0700][1256][info ][safepoint   ] Safepoint "ICBufferFull", Time since last: 172841 ns, Reaching safepoint: 288027 ns, Cleanup: 3625 ns, At safepoint: 58118 ns, Total: 349770 ns
[2025-10-13T19:22:15.779-0700][1256][info ][safepoint   ] Safepoint "ICBufferFull", Time since last: 343220 ns, Reaching safepoint: 201545 ns, Cleanup: 1332 ns, At safepoint: 78048 ns, Total: 280925 ns
[2025-10-13T19:22:15.780-0700][1256][info ][safepoint   ] Safepoint "ICBufferFull", Time since last: 353806 ns, Reaching safepoint: 185511 ns, Cleanup: 1102 ns, At safepoint: 61032 ns, Total: 247645 ns
[2025-10-13T19:22:15.780-0700][1256][info ][safepoint   ] Safepoint "ICBufferFull", Time since last: 125601 ns, Reaching safepoint: 194634 ns, Cleanup: 1152 ns, At safepoint: 110958 ns, Total: 306744 ns
[2025-10-13T19:22:15.781-0700][1256][info ][safepoint   ] Safepoint "ICBufferFull", Time since last: 120873 ns, Reaching safepoint: 619428 ns, Cleanup: 641 ns, At safepoint: 77848 ns, Total: 697917 ns
[2025-10-13T19:22:15.782-0700][1256][info ][safepoint   ] Safepoint "ICBufferFull", Time since last: 152972 ns, Reaching safepoint: 186132 ns, Cleanup: 3886 ns, At safepoint: 93441 ns, Total: 283459 ns
[2025-10-13T19:22:15.782-0700][1256][info ][safepoint   ] Safepoint "ICBufferFull", Time since last: 128575 ns, Reaching safepoint: 189307 ns, Cleanup: 1111 ns, At safepoint: 87723 ns, Total: 278141 ns
[2025-10-13T19:22:15.782-0700][1256][info ][safepoint   ] Safepoint "ICBufferFull", Time since last: 165441 ns, Reaching safepoint: 178160 ns, Cleanup: 881 ns, At safepoint: 63736 ns, Total: 242777 ns
[2025-10-13T19:22:15.783-0700][1256][info ][safepoint   ] Safepoint "ICBufferFull", Time since last: 109206 ns, Reaching safepoint: 303219 ns, Cleanup: 561 ns, At safepoint: 108624 ns, Total: 412404 ns
[2025-10-13T19:22:15.783-0700][1256][info ][safepoint   ] Safepoint "ICBufferFull", Time since last: 202878 ns, Reaching safepoint: 186041 ns, Cleanup: 6771 ns, At safepoint: 78469 ns, Total: 271281 ns
[2025-10-13T19:22:15.784-0700][1256][info ][safepoint   ] Safepoint "ICBufferFull", Time since last: 100352 ns, Reaching safepoint: 181565 ns, Cleanup: 6930 ns, At safepoint: 94213 ns, Total: 282708 ns
[2025-10-13T19:22:15.784-0700][1256][info ][safepoint   ] Safepoint "ICBufferFull", Time since last: 129406 ns, Reaching safepoint: 179802 ns, Cleanup: 992 ns, At safepoint: 83306 ns, Total: 264100 ns
[2025-10-13T19:22:15.785-0700][1256][info ][safepoint   ] Safepoint "ICBufferFull", Time since last: 143778 ns, Reaching safepoint: 182616 ns, Cleanup: 891 ns, At safepoint: 97027 ns, Total: 280534 ns
[2025-10-13T19:22:15.785-0700][1256][info ][safepoint   ] Safepoint "ICBufferFull", Time since last: 180934 ns, Reaching safepoint: 170008 ns, Cleanup: 3966 ns, At safepoint: 73702 ns, Total: 247676 ns
[2025-10-13T19:22:15.785-0700][1256][info ][safepoint   ] Safepoint "ICBufferFull", Time since last: 88103 ns, Reaching safepoint: 190028 ns, Cleanup: 911 ns, At safepoint: 97768 ns, Total: 288707 ns
[2025-10-13T19:22:15.786-0700][1256][info ][safepoint   ] Safepoint "ICBufferFull", Time since last: 190038 ns, Reaching safepoint: 225371 ns, Cleanup: 6831 ns, At safepoint: 58829 ns, Total: 291031 ns
[2025-10-13T19:22:15.786-0700][1256][info ][safepoint   ] Safepoint "ICBufferFull", Time since last: 97277 ns, Reaching safepoint: 366696 ns, Cleanup: 540 ns, At safepoint: 124960 ns, Total: 492196 ns
[2025-10-13T19:22:15.787-0700][1256][info ][safepoint   ] Safepoint "ICBufferFull", Time since last: 111629 ns, Reaching safepoint: 183858 ns, Cleanup: 2614 ns, At safepoint: 91519 ns, Total: 277991 ns
[2025-10-13T19:22:15.787-0700][1256][info ][safepoint   ] Safepoint "ICBufferFull", Time since last: 145941 ns, Reaching safepoint: 304421 ns, Cleanup: 6299 ns, At safepoint: 67883 ns, Total: 378603 ns
[2025-10-13T19:22:15.788-0700][1256][info ][safepoint   ] Safepoint "ICBufferFull", Time since last: 110217 ns, Reaching safepoint: 223188 ns, Cleanup: 5298 ns, At safepoint: 95124 ns, Total: 323610 ns
[2025-10-13T19:22:15.788-0700][1256][info ][safepoint   ] Safepoint "ICBufferFull", Time since last: 134654 ns, Reaching safepoint: 186533 ns, Cleanup: 5568 ns, At safepoint: 72710 ns, Total: 264811 ns
[2025-10-13T19:22:15.789-0700][1256][info ][safepoint   ] Safepoint "ICBufferFull", Time since last: 447168 ns, Reaching safepoint: 199452 ns, Cleanup: 27481 ns, At safepoint: 69566 ns, Total: 296499 ns
[2025-10-13T19:22:15.789-0700][1256][info ][safepoint   ] Safepoint "ICBufferFull", Time since last: 258591 ns, Reaching safepoint: 206313 ns, Cleanup: 8212 ns, At safepoint: 77808 ns, Total: 292333 ns
[2025-10-13T19:22:15.790-0700][1256][info ][safepoint   ] Safepoint "ICBufferFull", Time since last: 288186 ns, Reaching safepoint: 193504 ns, Cleanup: 5818 ns, At safepoint: 71999 ns, Total: 271321 ns
[2025-10-13T19:22:15.791-0700][1256][info ][safepoint   ] Safepoint "ICBufferFull", Time since last: 462972 ns, Reaching safepoint: 202056 ns, Cleanup: 5338 ns, At safepoint: 68804 ns, Total: 276198 ns
[2025-10-13T19:22:15.791-0700][1256][info ][safepoint   ] Safepoint "ICBufferFull", Time since last: 102776 ns, Reaching safepoint: 196958 ns, Cleanup: 3946 ns, At safepoint: 104718 ns, Total: 305622 ns
[2025-10-13T19:22:15.792-0700][1256][info ][safepoint   ] Safepoint "ICBufferFull", Time since last: 172822 ns, Reaching safepoint: 189307 ns, Cleanup: 6089 ns, At safepoint: 63827 ns, Total: 259223 ns
[2025-10-13T19:22:15.792-0700][1256][info ][safepoint   ] Safepoint "ICBufferFull", Time since last: 91599 ns, Reaching safepoint: 189206 ns, Cleanup: 1112 ns, At safepoint: 100853 ns, Total: 291171 ns
[2025-10-13T19:22:15.792-0700][1256][info ][safepoint   ] Safepoint "ICBufferFull", Time since last: 169987 ns, Reaching safepoint: 187454 ns, Cleanup: 4176 ns, At safepoint: 65860 ns, Total: 257490 ns
[2025-10-13T19:22:15.793-0700][1256][info ][safepoint   ] Safepoint "ICBufferFull", Time since last: 92921 ns, Reaching safepoint: 191189 ns, Cleanup: 1032 ns, At safepoint: 110077 ns, Total: 302298 ns
[2025-10-13T19:22:15.793-0700][1256][info ][safepoint   ] Safepoint "ICBufferFull", Time since last: 109295 ns, Reaching safepoint: 186222 ns, Cleanup: 1142 ns, At safepoint: 88574 ns, Total: 275938 ns
[2025-10-13T19:22:15.794-0700][1256][info ][safepoint   ] Safepoint "ICBufferFull", Time since last: 93281 ns, Reaching safepoint: 192372 ns, Cleanup: 991 ns, At safepoint: 105540 ns, Total: 298903 ns
[2025-10-13T19:22:15.794-0700][1256][info ][safepoint   ] Safepoint "ICBufferFull", Time since last: 280385 ns, Reaching safepoint: 177709 ns, Cleanup: 4006 ns, At safepoint: 63937 ns, Total: 245652 ns
[2025-10-13T19:22:15.795-0700][1256][info ][safepoint   ] Safepoint "ICBufferFull", Time since last: 118159 ns, Reaching safepoint: 185280 ns, Cleanup: 4157 ns, At safepoint: 89395 ns, Total: 278832 ns
[2025-10-13T19:22:15.795-0700][1256][info ][safepoint   ] Safepoint "ICBufferFull", Time since last: 91218 ns, Reaching safepoint: 181245 ns, Cleanup: 1111 ns, At safepoint: 84839 ns, Total: 267195 ns
[2025-10-13T19:22:15.795-0700][1256][info ][safepoint   ] Safepoint "ICBufferFull", Time since last: 211911 ns, Reaching safepoint: 199602 ns, Cleanup: 1552 ns, At safepoint: 73622 ns, Total: 274776 ns
[2025-10-13T19:22:15.796-0700][1256][info ][safepoint   ] Safepoint "ICBufferFull", Time since last: 90227 ns, Reaching safepoint: 180603 ns, Cleanup: 1172 ns, At safepoint: 93612 ns, Total: 275387 ns
[2025-10-13T19:22:15.796-0700][1256][info ][safepoint   ] Safepoint "ICBufferFull", Time since last: 86891 ns, Reaching safepoint: 191851 ns, Cleanup: 1212 ns, At safepoint: 111539 ns, Total: 304602 ns
[2025-10-13T19:22:15.796-0700][1256][info ][safepoint   ] Safepoint "ICBufferFull", Time since last: 94843 ns, Reaching safepoint: 175947 ns, Cleanup: 1592 ns, At safepoint: 92210 ns, Total: 269749 ns
[2025-10-13T19:22:15.797-0700][1256][info ][safepoint   ] Safepoint "ICBufferFull", Time since last: 73231 ns, Reaching safepoint: 181865 ns, Cleanup: 1322 ns, At safepoint: 94894 ns, Total: 278081 ns
[2025-10-13T19:22:15.797-0700][1256][info ][safepoint   ] Safepoint "ICBufferFull", Time since last: 126521 ns, Reaching safepoint: 234476 ns, Cleanup: 1382 ns, At safepoint: 77357 ns, Total: 313215 ns
[2025-10-13T19:22:15.798-0700][1256][info ][safepoint   ] Safepoint "ICBufferFull", Time since last: 96095 ns, Reaching safepoint: 184189 ns, Cleanup: 10596 ns, At safepoint: 108164 ns, Total: 302949 ns
[2025-10-13T19:22:15.798-0700][1256][info ][safepoint   ] Safepoint "ICBufferFull", Time since last: 83687 ns, Reaching safepoint: 186092 ns, Cleanup: 1322 ns, At safepoint: 110077 ns, Total: 297491 ns
[2025-10-13T19:22:15.798-0700][1256][info ][safepoint   ] Safepoint "ICBufferFull", Time since last: 72139 ns, Reaching safepoint: 187864 ns, Cleanup: 5479 ns, At safepoint: 103366 ns, Total: 296709 ns
[2025-10-13T19:22:15.799-0700][1256][info ][safepoint   ] Safepoint "ICBufferFull", Time since last: 66621 ns, Reaching safepoint: 189637 ns, Cleanup: 1262 ns, At safepoint: 115425 ns, Total: 306324 ns
[2025-10-13T19:22:15.799-0700][1256][info ][safepoint   ] Safepoint "ICBufferFull", Time since last: 64107 ns, Reaching safepoint: 185120 ns, Cleanup: 1122 ns, At safepoint: 101834 ns, Total: 288076 ns
[2025-10-13T19:22:15.800-0700][1256][info ][safepoint   ] Safepoint "ICBufferFull", Time since last: 73291 ns, Reaching safepoint: 372905 ns, Cleanup: 922 ns, At safepoint: 110247 ns, Total: 484074 ns
[2025-10-13T19:22:15.800-0700][1256][info ][safepoint   ] Safepoint "ICBufferFull", Time since last: 86230 ns, Reaching safepoint: 190338 ns, Cleanup: 1383 ns, At safepoint: 104448 ns, Total: 296169 ns
[2025-10-13T19:22:15.800-0700][1256][info ][safepoint   ] Safepoint "ICBufferFull", Time since last: 92750 ns, Reaching safepoint: 184960 ns, Cleanup: 1082 ns, At safepoint: 108524 ns, Total: 294566 ns
[2025-10-13T19:22:15.801-0700][1256][info ][safepoint   ] Safepoint "ICBufferFull", Time since last: 82305 ns, Reaching safepoint: 185321 ns, Cleanup: 1081 ns, At safepoint: 104208 ns, Total: 290610 ns
[2025-10-13T19:22:15.801-0700][1256][info ][safepoint   ] Safepoint "ICBufferFull", Time since last: 88344 ns, Reaching safepoint: 179792 ns, Cleanup: 962 ns, At safepoint: 99601 ns, Total: 280355 ns
[2025-10-13T19:22:15.802-0700][1256][info ][safepoint   ] Safepoint "ICBufferFull", Time since last: 70426 ns, Reaching safepoint: 185541 ns, Cleanup: 962 ns, At safepoint: 101003 ns, Total: 287506 ns
[2025-10-13T19:22:15.802-0700][1256][info ][safepoint   ] Safepoint "ICBufferFull", Time since last: 62224 ns, Reaching safepoint: 368328 ns, Cleanup: 571 ns, At safepoint: 102114 ns, Total: 471013 ns
[2025-10-13T19:22:15.802-0700][1256][info ][safepoint   ] Safepoint "ICBufferFull", Time since last: 62966 ns, Reaching safepoint: 192862 ns, Cleanup: 3976 ns, At safepoint: 111669 ns, Total: 308507 ns
[2025-10-13T19:22:15.803-0700][1256][info ][safepoint   ] Safepoint "ICBufferFull", Time since last: 175496 ns, Reaching safepoint: 176828 ns, Cleanup: 14872 ns, At safepoint: 70827 ns, Total: 262527 ns
[2025-10-13T19:22:15.803-0700][1256][info ][safepoint   ] Safepoint "ICBufferFull", Time since last: 70096 ns, Reaching safepoint: 183609 ns, Cleanup: 4166 ns, At safepoint: 124388 ns, Total: 312163 ns
[2025-10-13T19:22:15.804-0700][1256][info ][safepoint   ] Safepoint "ICBufferFull", Time since last: 62585 ns, Reaching safepoint: 431724 ns, Cleanup: 881 ns, At safepoint: 105220 ns, Total: 537825 ns
[2025-10-13T19:22:15.804-0700][1256][info ][safepoint   ] Safepoint "ICBufferFull", Time since last: 77948 ns, Reaching safepoint: 184639 ns, Cleanup: 5459 ns, At safepoint: 121564 ns, Total: 311662 ns
[2025-10-13T19:22:15.805-0700][1256][info ][safepoint   ] Safepoint "ICBufferFull", Time since last: 123827 ns, Reaching safepoint: 167103 ns, Cleanup: 832 ns, At safepoint: 71278 ns, Total: 239213 ns
[2025-10-13T19:22:15.805-0700][1256][info ][safepoint   ] Safepoint "ICBufferFull", Time since last: 102895 ns, Reaching safepoint: 161896 ns, Cleanup: 1392 ns, At safepoint: 76425 ns, Total: 239713 ns
[2025-10-13T19:22:15.805-0700][1256][info ][safepoint   ] Safepoint "ICBufferFull", Time since last: 65870 ns, Reaching safepoint: 178390 ns, Cleanup: 481 ns, At safepoint: 98780 ns, Total: 277651 ns
[2025-10-13T19:22:15.806-0700][1256][info ][safepoint   ] Safepoint "ICBufferFull", Time since last: 66631 ns, Reaching safepoint: 182556 ns, Cleanup: 4116 ns, At safepoint: 109456 ns, Total: 296128 ns
[2025-10-13T19:22:15.806-0700][1256][info ][safepoint   ] Safepoint "ICBufferFull", Time since last: 49595 ns, Reaching safepoint: 180974 ns, Cleanup: 3576 ns, At safepoint: 87462 ns, Total: 272012 ns
[2025-10-13T19:22:15.806-0700][1256][info ][safepoint   ] Safepoint "ICBufferFull", Time since last: 55324 ns, Reaching safepoint: 185551 ns, Cleanup: 11157 ns, At safepoint: 106591 ns, Total: 303299 ns
[2025-10-13T19:22:15.807-0700][1256][info ][safepoint   ] Safepoint "ICBufferFull", Time since last: 51939 ns, Reaching safepoint: 181976 ns, Cleanup: 3725 ns, At safepoint: 100112 ns, Total: 285813 ns
[2025-10-13T19:22:15.807-0700][1256][info ][safepoint   ] Safepoint "ICBufferFull", Time since last: 60772 ns, Reaching safepoint: 184059 ns, Cleanup: 1071 ns, At safepoint: 97628 ns, Total: 282758 ns
[2025-10-13T19:22:15.807-0700][1256][info ][safepoint   ] Safepoint "ICBufferFull", Time since last: 53181 ns, Reaching safepoint: 184680 ns, Cleanup: 1372 ns, At safepoint: 92980 ns, Total: 279032 ns
[2025-10-13T19:22:15.808-0700][1256][info ][safepoint   ] Safepoint "ICBufferFull", Time since last: 325433 ns, Reaching safepoint: 254035 ns, Cleanup: 6450 ns, At safepoint: 79310 ns, Total: 339795 ns
[2025-10-13T19:22:15.808-0700][1256][info ][safepoint   ] Safepoint "ICBufferFull", Time since last: 65920 ns, Reaching safepoint: 192041 ns, Cleanup: 9424 ns, At safepoint: 117959 ns, Total: 319424 ns
[2025-10-13T19:22:15.809-0700][1256][info ][safepoint   ] Safepoint "ICBufferFull", Time since last: 60121 ns, Reaching safepoint: 244470 ns, Cleanup: 4857 ns, At safepoint: 100863 ns, Total: 350190 ns
[2025-10-13T19:22:15.809-0700][1256][info ][safepoint   ] Safepoint "ICBufferFull", Time since last: 57056 ns, Reaching safepoint: 181625 ns, Cleanup: 1353 ns, At safepoint: 118559 ns, Total: 301537 ns
[2025-10-13T19:22:15.810-0700][1256][info ][safepoint   ] Safepoint "ICBufferFull", Time since last: 57758 ns, Reaching safepoint: 178790 ns, Cleanup: 10626 ns, At safepoint: 96907 ns, Total: 286323 ns
[2025-10-13T19:22:15.810-0700][1256][info ][safepoint   ] Safepoint "ICBufferFull", Time since last: 50096 ns, Reaching safepoint: 244120 ns, Cleanup: 3305 ns, At safepoint: 88784 ns, Total: 336209 ns
[2025-10-13T19:22:15.810-0700][1256][info ][safepoint   ] Safepoint "ICBufferFull", Time since last: 53702 ns, Reaching safepoint: 165370 ns, Cleanup: 1302 ns, At safepoint: 89055 ns, Total: 255727 ns
[2025-10-13T19:22:15.811-0700][1256][info ][safepoint   ] Safepoint "ICBufferFull", Time since last: 54512 ns, Reaching safepoint: 169688 ns, Cleanup: 4276 ns, At safepoint: 106642 ns, Total: 280606 ns
[2025-10-13T19:22:15.811-0700][1256][info ][safepoint   ] Safepoint "ICBufferFull", Time since last: 49925 ns, Reaching safepoint: 224420 ns, Cleanup: 2814 ns, At safepoint: 90577 ns, Total: 317811 ns
[2025-10-13T19:22:15.811-0700][1256][info ][safepoint   ] Safepoint "ICBufferFull", Time since last: 43406 ns, Reaching safepoint: 175837 ns, Cleanup: 16454 ns, At safepoint: 105220 ns, Total: 297511 ns
[2025-10-13T19:22:15.812-0700][1256][info ][safepoint   ] Safepoint "ICBufferFull", Time since last: 57026 ns, Reaching safepoint: 169587 ns, Cleanup: 3375 ns, At safepoint: 88204 ns, Total: 261166 ns
[2025-10-13T19:22:15.812-0700][1256][info ][safepoint   ] Safepoint "ICBufferFull", Time since last: 46390 ns, Reaching safepoint: 162706 ns, Cleanup: 1072 ns, At safepoint: 85850 ns, Total: 249628 ns
[2025-10-13T19:22:15.812-0700][1256][info ][safepoint   ] Safepoint "ICBufferFull", Time since last: 43356 ns, Reaching safepoint: 160943 ns, Cleanup: 742 ns, At safepoint: 102555 ns, Total: 264240 ns
[2025-10-13T19:22:15.813-0700][1256][info ][safepoint   ] Safepoint "ICBufferFull", Time since last: 141584 ns, Reaching safepoint: 160453 ns, Cleanup: 3506 ns, At safepoint: 79530 ns, Total: 243489 ns
[2025-10-13T19:22:15.813-0700][1256][info ][safepoint   ] Safepoint "ICBufferFull", Time since last: 49415 ns, Reaching safepoint: 173763 ns, Cleanup: 1152 ns, At safepoint: 87713 ns, Total: 262628 ns
[2025-10-13T19:22:15.813-0700][1256][info ][safepoint   ] Safepoint "ICBufferFull", Time since last: 38338 ns, Reaching safepoint: 177118 ns, Cleanup: 931 ns, At safepoint: 88635 ns, Total: 266684 ns
[2025-10-13T19:22:15.814-0700][1256][info ][safepoint   ] Safepoint "ICBufferFull", Time since last: 56686 ns, Reaching safepoint: 186823 ns, Cleanup: 1011 ns, At safepoint: 100723 ns, Total: 288557 ns
[2025-10-13T19:22:15.814-0700][1256][info ][safepoint   ] Safepoint "ICBufferFull", Time since last: 46931 ns, Reaching safepoint: 179111 ns, Cleanup: 941 ns, At safepoint: 86541 ns, Total: 266593 ns
[2025-10-13T19:22:15.814-0700][1256][info ][safepoint   ] Safepoint "ICBufferFull", Time since last: 46190 ns, Reaching safepoint: 175656 ns, Cleanup: 892 ns, At safepoint: 113351 ns, Total: 289899 ns
[2025-10-13T19:22:15.815-0700][1256][info ][safepoint   ] Safepoint "ICBufferFull", Time since last: 45149 ns, Reaching safepoint: 172291 ns, Cleanup: 1242 ns, At safepoint: 97457 ns, Total: 270990 ns
[2025-10-13T19:22:15.815-0700][1256][info ][safepoint   ] Safepoint "ICBufferFull", Time since last: 39911 ns, Reaching safepoint: 168635 ns, Cleanup: 9314 ns, At safepoint: 85299 ns, Total: 263248 ns
[2025-10-13T19:22:15.815-0700][1256][info ][safepoint   ] Safepoint "ICBufferFull", Time since last: 121615 ns, Reaching safepoint: 343400 ns, Cleanup: 8142 ns, At safepoint: 101434 ns, Total: 452976 ns
[2025-10-13T19:22:15.816-0700][1256][info ][safepoint   ] Safepoint "ICBufferFull", Time since last: 53511 ns, Reaching safepoint: 312894 ns, Cleanup: 6740 ns, At safepoint: 81483 ns, Total: 401117 ns
[2025-10-13T19:22:15.816-0700][1256][info ][safepoint   ] Safepoint "ICBufferFull", Time since last: 52259 ns, Reaching safepoint: 171871 ns, Cleanup: 3665 ns, At safepoint: 111539 ns, Total: 287075 ns
[2025-10-13T19:22:15.817-0700][1256][info ][safepoint   ] Safepoint "ICBufferFull", Time since last: 44287 ns, Reaching safepoint: 172401 ns, Cleanup: 4788 ns, At safepoint: 91318 ns, Total: 268507 ns
[2025-10-13T19:22:15.817-0700][1256][info ][safepoint   ] Safepoint "ICBufferFull", Time since last: 46490 ns, Reaching safepoint: 234796 ns, Cleanup: 761 ns, At safepoint: 94824 ns, Total: 330381 ns
[2025-10-13T19:22:15.817-0700][1256][info ][safepoint   ] Safepoint "ICBufferFull", Time since last: 49445 ns, Reaching safepoint: 175796 ns, Cleanup: 6219 ns, At safepoint: 109276 ns, Total: 291291 ns
[2025-10-13T19:22:15.818-0700][1256][info ][safepoint   ] Safepoint "ICBufferFull", Time since last: 38378 ns, Reaching safepoint: 175055 ns, Cleanup: 1282 ns, At safepoint: 96136 ns, Total: 272473 ns
[2025-10-13T19:22:15.818-0700][1256][info ][safepoint   ] Safepoint "ICBufferFull", Time since last: 37126 ns, Reaching safepoint: 306564 ns, Cleanup: 4637 ns, At safepoint: 87302 ns, Total: 398503 ns
[2025-10-13T19:22:15.818-0700][1256][info ][safepoint   ] Safepoint "ICBufferFull", Time since last: 37667 ns, Reaching safepoint: 184039 ns, Cleanup: 631 ns, At safepoint: 94794 ns, Total: 279464 ns
[2025-10-13T19:22:15.819-0700][1256][info ][safepoint   ] Safepoint "ICBufferFull", Time since last: 39459 ns, Reaching safepoint: 239022 ns, Cleanup: 852 ns, At safepoint: 92830 ns, Total: 332704 ns
[2025-10-13T19:22:15.819-0700][1256][info ][safepoint   ] Safepoint "ICBufferFull", Time since last: 50196 ns, Reaching safepoint: 174144 ns, Cleanup: 1442 ns, At safepoint: 92500 ns, Total: 268086 ns
[2025-10-13T19:22:15.819-0700][1256][info ][safepoint   ] Safepoint "ICBufferFull", Time since last: 44257 ns, Reaching safepoint: 182938 ns, Cleanup: 30155 ns, At safepoint: 92831 ns, Total: 305924 ns
[2025-10-13T19:22:15.820-0700][1256][info ][safepoint   ] Safepoint "ICBufferFull", Time since last: 32930 ns, Reaching safepoint: 172040 ns, Cleanup: 21583 ns, At safepoint: 98509 ns, Total: 292132 ns
[2025-10-13T19:22:15.820-0700][1256][info ][safepoint   ] Safepoint "ICBufferFull", Time since last: 33240 ns, Reaching safepoint: 172752 ns, Cleanup: 9905 ns, At safepoint: 96787 ns, Total: 279444 ns
[2025-10-13T19:22:15.820-0700][1256][info ][safepoint   ] Safepoint "ICBufferFull", Time since last: 37206 ns, Reaching safepoint: 169917 ns, Cleanup: 10476 ns, At safepoint: 92500 ns, Total: 272893 ns
[2025-10-13T19:22:15.821-0700][1256][info ][safepoint   ] Safepoint "ICBufferFull", Time since last: 27262 ns, Reaching safepoint: 610284 ns, Cleanup: 621 ns, At safepoint: 93261 ns, Total: 704166 ns
[2025-10-13T19:22:15.856-0700][1256][info ][safepoint   ] Safepoint "ICBufferFull", Time since last: 33929378 ns, Reaching safepoint: 748944 ns, Cleanup: 199072 ns, At safepoint: 137829 ns, Total: 1085845 ns
[2025-10-13T19:22:15.870-0700][1256][info ][safepoint   ] Safepoint "ICBufferFull", Time since last: 7775015 ns, Reaching safepoint: 5725882 ns, Cleanup: 46551 ns, At safepoint: 126982 ns, Total: 5899415 ns
[2025-10-13T19:22:15.906-0700][1256][info ][safepoint   ] Safepoint "ICBufferFull", Time since last: 35933804 ns, Reaching safepoint: 494980 ns, Cleanup: 231370 ns, At safepoint: 120733 ns, Total: 847083 ns
[2025-10-13T19:22:15.913-0700][1256][info ][safepoint   ] Safepoint "ICBufferFull", Time since last: 61032 ns, Reaching safepoint: 6597262 ns, Cleanup: 1683 ns, At safepoint: 121554 ns, Total: 6720499 ns
[2025-10-13T19:22:15.914-0700][1256][info ][safepoint   ] Safepoint "ICBufferFull", Time since last: 57727 ns, Reaching safepoint: 317431 ns, Cleanup: 2093 ns, At safepoint: 82826 ns, Total: 402350 ns
[2025-10-13T19:22:15.927-0700][1256][info ][safepoint   ] Safepoint "ICBufferFull", Time since last: 7410954 ns, Reaching safepoint: 5650508 ns, Cleanup: 31888 ns, At safepoint: 115866 ns, Total: 5798262 ns
[2025-10-13T19:22:15.935-0700][1256][info ][safepoint   ] Safepoint "ICBufferFull", Time since last: 7752011 ns, Reaching safepoint: 476742 ns, Cleanup: 65769 ns, At safepoint: 113783 ns, Total: 656294 ns
[2025-10-13T19:22:15.969-0700][1256][info ][safepoint   ] Safepoint "ICBufferFull", Time since last: 32393041 ns, Reaching safepoint: 495170 ns, Cleanup: 166712 ns, At safepoint: 110938 ns, Total: 772820 ns
[2025-10-13T19:22:15.969-0700][1256][info ][safepoint   ] Safepoint "ICBufferFull", Time since last: 60181 ns, Reaching safepoint: 323751 ns, Cleanup: 3695 ns, At safepoint: 79631 ns, Total: 407077 ns
[2025-10-13T19:22:15.969-0700][1256][info ][safepoint   ] Safepoint "ICBufferFull", Time since last: 39690 ns, Reaching safepoint: 275888 ns, Cleanup: 2043 ns, At safepoint: 69225 ns, Total: 347156 ns
[2025-10-13T19:22:15.970-0700][1256][info ][safepoint   ] Safepoint "ICBufferFull", Time since last: 49805 ns, Reaching safepoint: 267796 ns, Cleanup: 13921 ns, At safepoint: 64648 ns, Total: 346365 ns
[2025-10-13T19:22:15.975-0700][1256][info ][safepoint   ] Safepoint "ICBufferFull", Time since last: 40781 ns, Reaching safepoint: 5392077 ns, Cleanup: 1242 ns, At safepoint: 91829 ns, Total: 5485148 ns
[2025-10-13T19:22:15.984-0700][1256][info ][safepoint   ] Safepoint "ICBufferFull", Time since last: 7749767 ns, Reaching safepoint: 662684 ns, Cleanup: 35274 ns, At safepoint: 67602 ns, Total: 765560 ns
[2025-10-13T19:22:15.989-0700][1256][info ][safepoint   ] Safepoint "ICBufferFull", Time since last: 45809 ns, Reaching safepoint: 5402172 ns, Cleanup: 1432 ns, At safepoint: 96887 ns, Total: 5500491 ns
[2025-10-13T19:22:15.990-0700][1256][info ][safepoint   ] Safepoint "ICBufferFull", Time since last: 54803 ns, Reaching safepoint: 203548 ns, Cleanup: 6540 ns, At safepoint: 64688 ns, Total: 274776 ns
[2025-10-13T19:22:15.998-0700][1256][info ][safepoint   ] Safepoint "ICBufferFull", Time since last: 7478637 ns, Reaching safepoint: 472666 ns, Cleanup: 63086 ns, At safepoint: 80732 ns, Total: 616484 ns
[2025-10-13T19:22:16.039-0700][1256][info ][safepoint   ] Safepoint "ICBufferFull", Time since last: 35967875 ns, Reaching safepoint: 4672747 ns, Cleanup: 262738 ns, At safepoint: 116817 ns, Total: 5052302 ns
[2025-10-13T19:22:16.077-0700][1256][info ][safepoint   ] Safepoint "ICBufferFull", Time since last: 37249927 ns, Reaching safepoint: 365714 ns, Cleanup: 206212 ns, At safepoint: 82225 ns, Total: 654151 ns
[2025-10-13T19:22:16.128-0700][1256][info ][safepoint   ] Safepoint "ICBufferFull", Time since last: 50730895 ns, Reaching safepoint: 336910 ns, Cleanup: 215096 ns, At safepoint: 71067 ns, Total: 623073 ns
[2025-10-13T19:22:16.128-0700][1256][info ][safepoint   ] Safepoint "ICBufferFull", Time since last: 52109 ns, Reaching safepoint: 170809 ns, Cleanup: 2944 ns, At safepoint: 77307 ns, Total: 251060 ns
[2025-10-13T19:22:16.129-0700][1256][info ][safepoint   ] Safepoint "ICBufferFull", Time since last: 31388 ns, Reaching safepoint: 160864 ns, Cleanup: 6570 ns, At safepoint: 70096 ns, Total: 237530 ns
[2025-10-13T19:22:16.173-0700][1256][info ][safepoint   ] Safepoint "ICBufferFull", Time since last: 43338498 ns, Reaching safepoint: 542552 ns, Cleanup: 233243 ns, At safepoint: 118159 ns, Total: 893954 ns
[2025-10-13T19:22:16.223-0700][1256][info ][safepoint   ] Safepoint "ICBufferFull", Time since last: 47268421 ns, Reaching safepoint: 2568800 ns, Cleanup: 189908 ns, At safepoint: 112350 ns, Total: 2871058 ns
[2025-10-13T19:22:16.279-0700][1256][info ][safepoint   ] Safepoint "ICBufferFull", Time since last: 49927338 ns, Reaching safepoint: 5614724 ns, Cleanup: 186422 ns, At safepoint: 104088 ns, Total: 5905234 ns
[2025-10-13T19:22:16.279-0700][1256][info ][safepoint   ] Safepoint "ICBufferFull", Time since last: 73241 ns, Reaching safepoint: 267625 ns, Cleanup: 1452 ns, At safepoint: 83036 ns, Total: 352113 ns
[2025-10-13T19:22:16.280-0700][1256][info ][safepoint   ] Safepoint "ICBufferFull", Time since last: 42324 ns, Reaching safepoint: 714442 ns, Cleanup: 1042 ns, At safepoint: 69074 ns, Total: 784558 ns
[2025-10-13T19:22:16.280-0700][1256][info ][safepoint   ] Safepoint "ICBufferFull", Time since last: 41563 ns, Reaching safepoint: 201585 ns, Cleanup: 1332 ns, At safepoint: 72901 ns, Total: 275818 ns
[2025-10-13T19:22:16.281-0700][1256][info ][safepoint   ] Safepoint "ICBufferFull", Time since last: 34803 ns, Reaching safepoint: 180072 ns, Cleanup: 1122 ns, At safepoint: 63076 ns, Total: 244270 ns
[2025-10-13T19:22:16.293-0700][1256][info ][safepoint   ] Safepoint "ICBufferFull", Time since last: 5839374 ns, Reaching safepoint: 6518793 ns, Cleanup: 21923 ns, At safepoint: 109696 ns, Total: 6650412 ns
[2025-10-13T19:22:16.299-0700][1256][info ][safepoint   ] Safepoint "ICBufferFull", Time since last: 5669947 ns, Reaching safepoint: 260625 ns, Cleanup: 34332 ns, At safepoint: 86471 ns, Total: 381428 ns
[2025-10-13T19:22:16.300-0700][1256][info ][safepoint   ] Safepoint "ICBufferFull", Time since last: 34683 ns, Reaching safepoint: 194194 ns, Cleanup: 1352 ns, At safepoint: 73151 ns, Total: 268697 ns
[2025-10-13T19:22:16.300-0700][1256][info ][safepoint   ] Safepoint "ICBufferFull", Time since last: 33631 ns, Reaching safepoint: 178780 ns, Cleanup: 3956 ns, At safepoint: 72200 ns, Total: 254936 ns
[2025-10-13T19:22:16.300-0700][1256][info ][safepoint   ] Safepoint "ICBufferFull", Time since last: 32188 ns, Reaching safepoint: 233564 ns, Cleanup: 912 ns, At safepoint: 77337 ns, Total: 311813 ns
[2025-10-13T19:22:16.300-0700][1256][info ][safepoint   ] Safepoint "ICBufferFull", Time since last: 45308 ns, Reaching safepoint: 166813 ns, Cleanup: 3595 ns, At safepoint: 82626 ns, Total: 253034 ns
[2025-10-13T19:22:16.301-0700][1256][info ][safepoint   ] Safepoint "ICBufferFull", Time since last: 45729 ns, Reaching safepoint: 165551 ns, Cleanup: 791 ns, At safepoint: 70967 ns, Total: 237309 ns
[2025-10-13T19:22:16.301-0700][1256][info ][safepoint   ] Safepoint "ICBufferFull", Time since last: 36616 ns, Reaching safepoint: 219262 ns, Cleanup: 621 ns, At safepoint: 66240 ns, Total: 286123 ns
[2025-10-13T19:22:16.301-0700][1256][info ][safepoint   ] Safepoint "ICBufferFull", Time since last: 22043 ns, Reaching safepoint: 162507 ns, Cleanup: 560 ns, At safepoint: 86682 ns, Total: 249749 ns
[2025-10-13T19:22:16.302-0700][1256][info ][safepoint   ] Safepoint "ICBufferFull", Time since last: 30716 ns, Reaching safepoint: 155386 ns, Cleanup: 3765 ns, At safepoint: 75034 ns, Total: 234185 ns
[2025-10-13T19:22:16.333-0700][1256][info ][safepoint   ] Safepoint "ICBufferFull", Time since last: 30850725 ns, Reaching safepoint: 405053 ns, Cleanup: 253925 ns, At safepoint: 135075 ns, Total: 794053 ns
[2025-10-13T19:22:16.370-0700][1256][info ][safepoint   ] Safepoint "ICBufferFull", Time since last: 35626608 ns, Reaching safepoint: 487378 ns, Cleanup: 238191 ns, At safepoint: 94543 ns, Total: 820112 ns
[2025-10-13T19:22:16.453-0700][1256][info ][safepoint   ] Safepoint "ICBufferFull", Time since last: 82631780 ns, Reaching safepoint: 392335 ns, Cleanup: 205591 ns, At safepoint: 69555 ns, Total: 667481 ns
[2025-10-13T19:22:16.453-0700][1256][info ][safepoint   ] Safepoint "ICBufferFull", Time since last: 50437 ns, Reaching safepoint: 170338 ns, Cleanup: 2433 ns, At safepoint: 64208 ns, Total: 236979 ns
[2025-10-13T19:22:16.522-0700][1256][info ][safepoint   ] Safepoint "ICBufferFull", Time since last: 64832131 ns, Reaching safepoint: 3636268 ns, Cleanup: 198841 ns, At safepoint: 99340 ns, Total: 3934449 ns
[2025-10-13T19:22:16.536-0700][1256][info ][safepoint   ] Safepoint "ICBufferFull", Time since last: 9105812 ns, Reaching safepoint: 4523921 ns, Cleanup: 39430 ns, At safepoint: 113582 ns, Total: 4676933 ns
[2025-10-13T19:22:16.647-0700][1256][info ][safepoint   ] Safepoint "ICBufferFull", Time since last: 94819329 ns, Reaching safepoint: 15760120 ns, Cleanup: 176968 ns, At safepoint: 189206 ns, Total: 16126294 ns
[2025-10-13T19:22:16.651-0700][1256][info ][safepoint   ] Safepoint "ICBufferFull", Time since last: 72120 ns, Reaching safepoint: 4351270 ns, Cleanup: 11387 ns, At safepoint: 110808 ns, Total: 4473465 ns
[2025-10-13T19:22:16.668-0700][1256][info ][safepoint   ] Safepoint "ICBufferFull", Time since last: 55354 ns, Reaching safepoint: 16769889 ns, Cleanup: 7281 ns, At safepoint: 127302 ns, Total: 16904472 ns
[2025-10-13T19:22:16.925-0700][1256][info ][safepoint   ] Safepoint "ICBufferFull", Time since last: 238247349 ns, Reaching safepoint: 17709412 ns, Cleanup: 181074 ns, At safepoint: 269208 ns, Total: 18159694 ns
[2025-10-13T19:22:16.926-0700][1256][info ][safepoint   ] Safepoint "ICBufferFull", Time since last: 218361 ns, Reaching safepoint: 354977 ns, Cleanup: 5629 ns, At safepoint: 353505 ns, Total: 714111 ns
[2025-10-13T19:22:16.927-0700][1256][info ][safepoint   ] Safepoint "ICBufferFull", Time since last: 661402 ns, Reaching safepoint: 408979 ns, Cleanup: 8413 ns, At safepoint: 241596 ns, Total: 658988 ns
[2025-10-13T19:22:16.928-0700][1256][info ][safepoint   ] Safepoint "ICBufferFull", Time since last: 185210 ns, Reaching safepoint: 764078 ns, Cleanup: 3685 ns, At safepoint: 461599 ns, Total: 1229362 ns
[2025-10-13T19:22:16.929-0700][1256][info ][safepoint   ] Safepoint "ICBufferFull", Time since last: 175987 ns, Reaching safepoint: 416671 ns, Cleanup: 1642 ns, At safepoint: 318463 ns, Total: 736776 ns
[2025-10-13T19:22:16.930-0700][1256][info ][safepoint   ] Safepoint "ICBufferFull", Time since last: 229457 ns, Reaching safepoint: 373286 ns, Cleanup: 931 ns, At safepoint: 345443 ns, Total: 719660 ns
[2025-10-13T19:22:16.931-0700][1256][info ][safepoint   ] Safepoint "ICBufferFull", Time since last: 153473 ns, Reaching safepoint: 346575 ns, Cleanup: 12028 ns, At safepoint: 259042 ns, Total: 617645 ns
[2025-10-13T19:22:16.932-0700][1256][info ][safepoint   ] Safepoint "ICBufferFull", Time since last: 769786 ns, Reaching safepoint: 416010 ns, Cleanup: 12980 ns, At safepoint: 191239 ns, Total: 620229 ns
[2025-10-13T19:22:16.934-0700][1256][info ][safepoint   ] Safepoint "ICBufferFull", Time since last: 875476 ns, Reaching safepoint: 319114 ns, Cleanup: 5608 ns, At safepoint: 156006 ns, Total: 480728 ns
[2025-10-13T19:22:16.935-0700][1256][info ][safepoint   ] Safepoint "ICBufferFull", Time since last: 757227 ns, Reaching safepoint: 341568 ns, Cleanup: 2173 ns, At safepoint: 510633 ns, Total: 854374 ns
[2025-10-13T19:22:16.936-0700][1256][info ][safepoint   ] Safepoint "ICBufferFull", Time since last: 325303 ns, Reaching safepoint: 335298 ns, Cleanup: 1612 ns, At safepoint: 318723 ns, Total: 655633 ns
[2025-10-13T19:22:16.937-0700][1256][info ][safepoint   ] Safepoint "ICBufferFull", Time since last: 170909 ns, Reaching safepoint: 298822 ns, Cleanup: 2034 ns, At safepoint: 553638 ns, Total: 854494 ns
[2025-10-13T19:22:16.938-0700][1256][info ][safepoint   ] Safepoint "ICBufferFull", Time since last: 217740 ns, Reaching safepoint: 251661 ns, Cleanup: 1012 ns, At safepoint: 207684 ns, Total: 460357 ns
[2025-10-13T19:22:16.939-0700][1256][info ][safepoint   ] Safepoint "ICBufferFull", Time since last: 134654 ns, Reaching safepoint: 298071 ns, Cleanup: 752 ns, At safepoint: 185941 ns, Total: 484764 ns
[2025-10-13T19:22:16.940-0700][1256][info ][safepoint   ] Safepoint "ICBufferFull", Time since last: 701022 ns, Reaching safepoint: 247445 ns, Cleanup: 11928 ns, At safepoint: 85419 ns, Total: 344792 ns
[2025-10-13T19:22:16.940-0700][1256][info ][safepoint   ] Safepoint "ICBufferFull", Time since last: 154704 ns, Reaching safepoint: 226534 ns, Cleanup: 1171 ns, At safepoint: 208616 ns, Total: 436321 ns
[2025-10-13T19:22:16.941-0700][1256][info ][safepoint   ] Safepoint "ICBufferFull", Time since last: 151630 ns, Reaching safepoint: 550103 ns, Cleanup: 14782 ns, At safepoint: 141294 ns, Total: 706179 ns
[2025-10-13T19:22:16.943-0700][1256][info ][safepoint   ] Safepoint "ICBufferFull", Time since last: 686881 ns, Reaching safepoint: 434418 ns, Cleanup: 6820 ns, At safepoint: 313926 ns, Total: 755164 ns
[2025-10-13T19:22:16.944-0700][1256][info ][safepoint   ] Safepoint "ICBufferFull", Time since last: 680600 ns, Reaching safepoint: 247145 ns, Cleanup: 4547 ns, At safepoint: 80231 ns, Total: 331923 ns
[2025-10-13T19:22:16.944-0700][1256][info ][safepoint   ] Safepoint "ICBufferFull", Time since last: 92300 ns, Reaching safepoint: 219673 ns, Cleanup: 941 ns, At safepoint: 159772 ns, Total: 380386 ns
[2025-10-13T19:22:16.945-0700][1256][info ][safepoint   ] Safepoint "ICBufferFull", Time since last: 134524 ns, Reaching safepoint: 209837 ns, Cleanup: 1162 ns, At safepoint: 139111 ns, Total: 350110 ns
[2025-10-13T19:22:16.945-0700][1256][info ][safepoint   ] Safepoint "ICBufferFull", Time since last: 91749 ns, Reaching safepoint: 201575 ns, Cleanup: 821 ns, At safepoint: 145541 ns, Total: 347937 ns
[2025-10-13T19:22:16.945-0700][1256][info ][safepoint   ] Safepoint "ICBufferFull", Time since last: 153623 ns, Reaching safepoint: 217329 ns, Cleanup: 1822 ns, At safepoint: 130969 ns, Total: 350120 ns
[2025-10-13T19:22:16.946-0700][1256][info ][safepoint   ] Safepoint "ICBufferFull", Time since last: 118239 ns, Reaching safepoint: 214254 ns, Cleanup: 1202 ns, At safepoint: 133142 ns, Total: 348598 ns
[2025-10-13T19:22:16.946-0700][1256][info ][safepoint   ] Safepoint "ICBufferFull", Time since last: 110437 ns, Reaching safepoint: 217379 ns, Cleanup: 1212 ns, At safepoint: 158801 ns, Total: 377392 ns
[2025-10-13T19:22:16.947-0700][1256][info ][safepoint   ] Safepoint "ICBufferFull", Time since last: 91719 ns, Reaching safepoint: 222677 ns, Cleanup: 831 ns, At safepoint: 168315 ns, Total: 391823 ns
[2025-10-13T19:22:16.947-0700][1256][info ][safepoint   ] Safepoint "ICBufferFull", Time since last: 95725 ns, Reaching safepoint: 233564 ns, Cleanup: 941 ns, At safepoint: 207985 ns, Total: 442490 ns
[2025-10-13T19:22:16.948-0700][1256][info ][safepoint   ] Safepoint "ICBufferFull", Time since last: 214225 ns, Reaching safepoint: 283038 ns, Cleanup: 641 ns, At safepoint: 335528 ns, Total: 619207 ns
[2025-10-13T19:22:16.949-0700][1256][info ][safepoint   ] Safepoint "ICBufferFull", Time since last: 136377 ns, Reaching safepoint: 291131 ns, Cleanup: 1893 ns, At safepoint: 430512 ns, Total: 723536 ns
[2025-10-13T19:22:16.951-0700][1256][info ][safepoint   ] Safepoint "ICBufferFull", Time since last: 771318 ns, Reaching safepoint: 310210 ns, Cleanup: 1522 ns, At safepoint: 308517 ns, Total: 620249 ns
[2025-10-13T19:22:16.951-0700][1256][info ][safepoint   ] Safepoint "ICBufferFull", Time since last: 259283 ns, Reaching safepoint: 283369 ns, Cleanup: 5559 ns, At safepoint: 292513 ns, Total: 581441 ns
[2025-10-13T19:22:16.952-0700][1256][info ][safepoint   ] Safepoint "ICBufferFull", Time since last: 242898 ns, Reaching safepoint: 295417 ns, Cleanup: 1212 ns, At safepoint: 457853 ns, Total: 754482 ns
[2025-10-13T19:22:16.953-0700][1256][info ][safepoint   ] Safepoint "ICBufferFull", Time since last: 102285 ns, Reaching safepoint: 530985 ns, Cleanup: 871 ns, At safepoint: 428819 ns, Total: 960675 ns
[2025-10-13T19:22:16.954-0700][1256][info ][safepoint   ] Safepoint "ICBufferFull", Time since last: 221616 ns, Reaching safepoint: 280665 ns, Cleanup: 891 ns, At safepoint: 320706 ns, Total: 602262 ns
[2025-10-13T19:22:16.955-0700][1256][info ][safepoint   ] Safepoint "ICBufferFull", Time since last: 153062 ns, Reaching safepoint: 266834 ns, Cleanup: 2093 ns, At safepoint: 250319 ns, Total: 519246 ns
[2025-10-13T19:22:16.956-0700][1256][info ][safepoint   ] Safepoint "ICBufferFull", Time since last: 145741 ns, Reaching safepoint: 323310 ns, Cleanup: 771 ns, At safepoint: 193333 ns, Total: 517414 ns
[2025-10-13T19:22:16.956-0700][1256][info ][safepoint   ] Safepoint "ICBufferFull", Time since last: 72850 ns, Reaching safepoint: 280174 ns, Cleanup: 5138 ns, At safepoint: 306124 ns, Total: 591436 ns
[2025-10-13T19:22:16.957-0700][1256][info ][safepoint   ] Safepoint "ICBufferFull", Time since last: 167544 ns, Reaching safepoint: 264771 ns, Cleanup: 1221 ns, At safepoint: 304562 ns, Total: 570554 ns
[2025-10-13T19:22:16.958-0700][1256][info ][safepoint   ] Safepoint "ICBufferFull", Time since last: 100842 ns, Reaching safepoint: 236789 ns, Cleanup: 6901 ns, At safepoint: 146251 ns, Total: 389941 ns
[2025-10-13T19:22:16.958-0700][1256][info ][safepoint   ] Safepoint "ICBufferFull", Time since last: 72670 ns, Reaching safepoint: 279674 ns, Cleanup: 1472 ns, At safepoint: 236198 ns, Total: 517344 ns
[2025-10-13T19:22:16.959-0700][1256][info ][safepoint   ] Safepoint "ICBufferFull", Time since last: 184429 ns, Reaching safepoint: 260575 ns, Cleanup: 1392 ns, At safepoint: 244270 ns, Total: 506237 ns
[2025-10-13T19:22:16.959-0700][1256][info ][safepoint   ] Safepoint "ICBufferFull", Time since last: 95725 ns, Reaching safepoint: 246343 ns, Cleanup: 1522 ns, At safepoint: 131870 ns, Total: 379735 ns
[2025-10-13T19:22:16.960-0700][1256][info ][safepoint   ] Safepoint "ICBufferFull", Time since last: 72970 ns, Reaching safepoint: 239022 ns, Cleanup: 1342 ns, At safepoint: 199232 ns, Total: 439596 ns
[2025-10-13T19:22:16.960-0700][1256][info ][safepoint   ] Safepoint "ICBufferFull", Time since last: 207034 ns, Reaching safepoint: 245161 ns, Cleanup: 511 ns, At safepoint: 164319 ns, Total: 409991 ns
[2025-10-13T19:22:16.961-0700][1256][info ][safepoint   ] Safepoint "ICBufferFull", Time since last: 61853 ns, Reaching safepoint: 402320 ns, Cleanup: 611 ns, At safepoint: 192631 ns, Total: 595562 ns
[2025-10-13T19:22:16.962-0700][1256][info ][safepoint   ] Safepoint "ICBufferFull", Time since last: 149917 ns, Reaching safepoint: 269859 ns, Cleanup: 1192 ns, At safepoint: 244530 ns, Total: 515581 ns
[2025-10-13T19:22:16.962-0700][1256][info ][safepoint   ] Safepoint "ICBufferFull", Time since last: 117278 ns, Reaching safepoint: 251110 ns, Cleanup: 952 ns, At safepoint: 210108 ns, Total: 462170 ns
[2025-10-13T19:22:16.963-0700][1256][info ][safepoint   ] Safepoint "ICBufferFull", Time since last: 132120 ns, Reaching safepoint: 249798 ns, Cleanup: 1012 ns, At safepoint: 215697 ns, Total: 466507 ns
[2025-10-13T19:22:16.963-0700][1256][info ][safepoint   ] Safepoint "ICBufferFull", Time since last: 76886 ns, Reaching safepoint: 257230 ns, Cleanup: 510 ns, At safepoint: 235958 ns, Total: 493698 ns
[2025-10-13T19:22:16.964-0700][1256][info ][safepoint   ] Safepoint "ICBufferFull", Time since last: 116226 ns, Reaching safepoint: 272913 ns, Cleanup: 5088 ns, At safepoint: 290129 ns, Total: 568130 ns
[2025-10-13T19:22:16.965-0700][1256][info ][safepoint   ] Safepoint "ICBufferFull", Time since last: 141565 ns, Reaching safepoint: 264500 ns, Cleanup: 1002 ns, At safepoint: 220844 ns, Total: 486346 ns
[2025-10-13T19:22:16.965-0700][1256][info ][safepoint   ] Safepoint "ICBufferFull", Time since last: 110718 ns, Reaching safepoint: 268757 ns, Cleanup: 1072 ns, At safepoint: 325963 ns, Total: 595792 ns
[2025-10-13T19:22:16.966-0700][1256][info ][safepoint   ] Safepoint "ICBufferFull", Time since last: 115135 ns, Reaching safepoint: 241255 ns, Cleanup: 962 ns, At safepoint: 171009 ns, Total: 413226 ns
[2025-10-13T19:22:16.967-0700][1256][info ][safepoint   ] Safepoint "ICBufferFull", Time since last: 112870 ns, Reaching safepoint: 222217 ns, Cleanup: 4517 ns, At safepoint: 161595 ns, Total: 388329 ns
[2025-10-13T19:22:16.967-0700][1256][info ][safepoint   ] Safepoint "ICBufferFull", Time since last: 59530 ns, Reaching safepoint: 307475 ns, Cleanup: 671 ns, At safepoint: 220394 ns, Total: 528540 ns
[2025-10-13T19:22:16.968-0700][1256][info ][safepoint   ] Safepoint "ICBufferFull", Time since last: 102355 ns, Reaching safepoint: 276058 ns, Cleanup: 1122 ns, At safepoint: 318773 ns, Total: 595953 ns
[2025-10-13T19:22:16.968-0700][1256][info ][safepoint   ] Safepoint "ICBufferFull", Time since last: 79761 ns, Reaching safepoint: 308337 ns, Cleanup: 641 ns, At safepoint: 161034 ns, Total: 470012 ns
[2025-10-13T19:22:16.969-0700][1256][info ][safepoint   ] Safepoint "ICBufferFull", Time since last: 125640 ns, Reaching safepoint: 487218 ns, Cleanup: 511 ns, At safepoint: 318091 ns, Total: 805820 ns
[2025-10-13T19:22:16.970-0700][1256][info ][safepoint   ] Safepoint "ICBufferFull", Time since last: 93792 ns, Reaching safepoint: 241186 ns, Cleanup: 13350 ns, At safepoint: 128655 ns, Total: 383191 ns
[2025-10-13T19:22:16.970-0700][1256][info ][safepoint   ] Safepoint "ICBufferFull", Time since last: 64808 ns, Reaching safepoint: 261185 ns, Cleanup: 1122 ns, At safepoint: 225902 ns, Total: 488209 ns
[2025-10-13T19:22:16.971-0700][1256][info ][safepoint   ] Safepoint "ICBufferFull", Time since last: 98479 ns, Reaching safepoint: 248537 ns, Cleanup: 3916 ns, At safepoint: 232432 ns, Total: 484885 ns
[2025-10-13T19:22:16.971-0700][1256][info ][safepoint   ] Safepoint "ICBufferFull", Time since last: 100802 ns, Reaching safepoint: 263480 ns, Cleanup: 1081 ns, At safepoint: 239022 ns, Total: 503583 ns
[2025-10-13T19:22:16.972-0700][1256][info ][safepoint   ] Safepoint "ICBufferFull", Time since last: 74213 ns, Reaching safepoint: 232592 ns, Cleanup: 1132 ns, At safepoint: 167834 ns, Total: 401558 ns
[2025-10-13T19:22:16.973-0700][1256][info ][safepoint   ] Safepoint "ICBufferFull", Time since last: 58128 ns, Reaching safepoint: 268336 ns, Cleanup: 541 ns, At safepoint: 272473 ns, Total: 541350 ns
[2025-10-13T19:22:16.973-0700][1256][info ][safepoint   ] Safepoint "ICBufferFull", Time since last: 142676 ns, Reaching safepoint: 262868 ns, Cleanup: 1562 ns, At safepoint: 189958 ns, Total: 454388 ns
[2025-10-13T19:22:16.974-0700][1256][info ][safepoint   ] Safepoint "ICBufferFull", Time since last: 81994 ns, Reaching safepoint: 321016 ns, Cleanup: 631 ns, At safepoint: 224220 ns, Total: 545867 ns
[2025-10-13T19:22:16.974-0700][1256][info ][safepoint   ] Safepoint "ICBufferFull", Time since last: 187955 ns, Reaching safepoint: 247545 ns, Cleanup: 480 ns, At safepoint: 185000 ns, Total: 433025 ns
[2025-10-13T19:22:16.975-0700][1256][info ][safepoint   ] Safepoint "ICBufferFull", Time since last: 100973 ns, Reaching safepoint: 245743 ns, Cleanup: 951 ns, At safepoint: 161194 ns, Total: 407888 ns
[2025-10-13T19:22:16.975-0700][1256][info ][safepoint   ] Safepoint "ICBufferFull", Time since last: 87963 ns, Reaching safepoint: 238361 ns, Cleanup: 4417 ns, At safepoint: 193794 ns, Total: 436572 ns
[2025-10-13T19:22:16.976-0700][1256][info ][safepoint   ] Safepoint "ICBufferFull", Time since last: 73952 ns, Reaching safepoint: 248546 ns, Cleanup: 1132 ns, At safepoint: 228716 ns, Total: 478394 ns
[2025-10-13T19:22:16.977-0700][1256][info ][safepoint   ] Safepoint "ICBufferFull", Time since last: 122466 ns, Reaching safepoint: 241305 ns, Cleanup: 1012 ns, At safepoint: 175035 ns, Total: 417352 ns
[2025-10-13T19:22:16.977-0700][1256][info ][safepoint   ] Safepoint "ICBufferFull", Time since last: 108734 ns, Reaching safepoint: 238672 ns, Cleanup: 941 ns, At safepoint: 203579 ns, Total: 443192 ns
[2025-10-13T19:22:16.978-0700][1256][info ][safepoint   ] Safepoint "ICBufferFull", Time since last: 103286 ns, Reaching safepoint: 310280 ns, Cleanup: 1873 ns, At safepoint: 324441 ns, Total: 636594 ns
[2025-10-13T19:22:16.978-0700][1256][info ][safepoint   ] Safepoint "ICBufferFull", Time since last: 98800 ns, Reaching safepoint: 278081 ns, Cleanup: 951 ns, At safepoint: 201576 ns, Total: 480608 ns
[2025-10-13T19:22:16.979-0700][1256][info ][safepoint   ] Safepoint "ICBufferFull", Time since last: 79450 ns, Reaching safepoint: 260665 ns, Cleanup: 1172 ns, At safepoint: 293604 ns, Total: 555441 ns
[2025-10-13T19:22:16.980-0700][1256][info ][safepoint   ] Safepoint "ICBufferFull", Time since last: 123968 ns, Reaching safepoint: 249899 ns, Cleanup: 961 ns, At safepoint: 146612 ns, Total: 397472 ns
[2025-10-13T19:22:16.980-0700][1256][info ][safepoint   ] Safepoint "ICBufferFull", Time since last: 41763 ns, Reaching safepoint: 253264 ns, Cleanup: 981 ns, At safepoint: 215887 ns, Total: 470132 ns
[2025-10-13T19:22:16.981-0700][1256][info ][safepoint   ] Safepoint "ICBufferFull", Time since last: 173193 ns, Reaching safepoint: 311972 ns, Cleanup: 1452 ns, At safepoint: 134274 ns, Total: 447698 ns
[2025-10-13T19:22:16.981-0700][1256][info ][safepoint   ] Safepoint "ICBufferFull", Time since last: 73141 ns, Reaching safepoint: 256348 ns, Cleanup: 1833 ns, At safepoint: 222296 ns, Total: 480477 ns
[2025-10-13T19:22:16.982-0700][1256][info ][safepoint   ] Safepoint "ICBufferFull", Time since last: 130818 ns, Reaching safepoint: 243770 ns, Cleanup: 1261 ns, At safepoint: 239353 ns, Total: 484384 ns
[2025-10-13T19:22:16.982-0700][1256][info ][safepoint   ] Safepoint "ICBufferFull", Time since last: 130107 ns, Reaching safepoint: 256939 ns, Cleanup: 1032 ns, At safepoint: 202767 ns, Total: 460738 ns
[2025-10-13T19:22:16.983-0700][1256][info ][safepoint   ] Safepoint "ICBufferFull", Time since last: 89976 ns, Reaching safepoint: 257931 ns, Cleanup: 1993 ns, At safepoint: 157408 ns, Total: 417332 ns
[2025-10-13T19:22:16.984-0700][1256][info ][safepoint   ] Safepoint "ICBufferFull", Time since last: 67623 ns, Reaching safepoint: 279413 ns, Cleanup: 1101 ns, At safepoint: 269509 ns, Total: 550023 ns
[2025-10-13T19:22:16.984-0700][1256][info ][safepoint   ] Safepoint "ICBufferFull", Time since last: 49965 ns, Reaching safepoint: 252312 ns, Cleanup: 1112 ns, At safepoint: 193443 ns, Total: 446867 ns
[2025-10-13T19:22:16.985-0700][1256][info ][safepoint   ] Safepoint "ICBufferFull", Time since last: 85389 ns, Reaching safepoint: 281226 ns, Cleanup: 711 ns, At safepoint: 166082 ns, Total: 448019 ns
[2025-10-13T19:22:16.985-0700][1256][info ][safepoint   ] Safepoint "ICBufferFull", Time since last: 115615 ns, Reaching safepoint: 280124 ns, Cleanup: 1332 ns, At safepoint: 297992 ns, Total: 579448 ns
[2025-10-13T19:22:16.986-0700][1256][info ][safepoint   ] Safepoint "ICBufferFull", Time since last: 116015 ns, Reaching safepoint: 241216 ns, Cleanup: 771 ns, At safepoint: 170628 ns, Total: 412615 ns
[2025-10-13T19:22:16.987-0700][1256][info ][safepoint   ] Safepoint "ICBufferFull", Time since last: 59380 ns, Reaching safepoint: 304682 ns, Cleanup: 541 ns, At safepoint: 370330 ns, Total: 675553 ns
[2025-10-13T19:22:16.988-0700][1256][info ][safepoint   ] Safepoint "ICBufferFull", Time since last: 150028 ns, Reaching safepoint: 400496 ns, Cleanup: 1913 ns, At safepoint: 414448 ns, Total: 816857 ns
[2025-10-13T19:22:16.988-0700][1256][info ][safepoint   ] Safepoint "ICBufferFull", Time since last: 129857 ns, Reaching safepoint: 255517 ns, Cleanup: 1542 ns, At safepoint: 151499 ns, Total: 408558 ns
[2025-10-13T19:22:16.989-0700][1256][info ][safepoint   ] Safepoint "ICBufferFull", Time since last: 40622 ns, Reaching safepoint: 305783 ns, Cleanup: 1833 ns, At safepoint: 307405 ns, Total: 615021 ns
[2025-10-13T19:22:16.990-0700][1256][info ][safepoint   ] Safepoint "ICBufferFull", Time since last: 145160 ns, Reaching safepoint: 558947 ns, Cleanup: 1282 ns, At safepoint: 382529 ns, Total: 942758 ns
[2025-10-13T19:22:16.991-0700][1256][info ][safepoint   ] Safepoint "ICBufferFull", Time since last: 107483 ns, Reaching safepoint: 284941 ns, Cleanup: 5138 ns, At safepoint: 279634 ns, Total: 569713 ns
[2025-10-13T19:22:16.991-0700][1256][info ][safepoint   ] Safepoint "ICBufferFull", Time since last: 40331 ns, Reaching safepoint: 307015 ns, Cleanup: 501 ns, At safepoint: 306804 ns, Total: 614320 ns
[2025-10-13T19:22:16.992-0700][1256][info ][safepoint   ] Safepoint "ICBufferFull", Time since last: 29315 ns, Reaching safepoint: 268426 ns, Cleanup: 1022 ns, At safepoint: 231631 ns, Total: 501079 ns
[2025-10-13T19:22:16.992-0700][1256][info ][safepoint   ] Safepoint "ICBufferFull", Time since last: 32699 ns, Reaching safepoint: 275427 ns, Cleanup: 992 ns, At safepoint: 223017 ns, Total: 499436 ns
[2025-10-13T19:22:17.183-0700][1256][info ][safepoint   ] Safepoint "ICBufferFull", Time since last: 189674443 ns, Reaching safepoint: 605066 ns, Cleanup: 187234 ns, At safepoint: 128374 ns, Total: 920674 ns
[2025-10-13T19:22:17.183-0700][1256][info ][safepoint   ] Safepoint "ICBufferFull", Time since last: 64287 ns, Reaching safepoint: 384463 ns, Cleanup: 5809 ns, At safepoint: 91037 ns, Total: 481309 ns
[2025-10-13T19:22:17.184-0700][1256][info ][safepoint   ] Safepoint "ICBufferFull", Time since last: 41253 ns, Reaching safepoint: 287756 ns, Cleanup: 1432 ns, At safepoint: 82164 ns, Total: 371352 ns
[2025-10-13T19:22:17.184-0700][1256][info ][safepoint   ] Safepoint "ICBufferFull", Time since last: 32820 ns, Reaching safepoint: 574801 ns, Cleanup: 711 ns, At safepoint: 84488 ns, Total: 660000 ns
[2025-10-13T19:22:17.185-0700][1256][info ][safepoint   ] Safepoint "ICBufferFull", Time since last: 27852 ns, Reaching safepoint: 234816 ns, Cleanup: 1261 ns, At safepoint: 67793 ns, Total: 303870 ns
[2025-10-13T19:22:17.185-0700][1256][info ][safepoint   ] Safepoint "ICBufferFull", Time since last: 31097 ns, Reaching safepoint: 221155 ns, Cleanup: 1332 ns, At safepoint: 69856 ns, Total: 292343 ns
[2025-10-13T19:22:17.185-0700][1256][info ][safepoint   ] Safepoint "ICBufferFull", Time since last: 24747 ns, Reaching safepoint: 222958 ns, Cleanup: 1002 ns, At safepoint: 107102 ns, Total: 331062 ns
[2025-10-13T19:22:17.307-0700][1256][info ][safepoint   ] Safepoint "ICBufferFull", Time since last: 117597838 ns, Reaching safepoint: 3913838 ns, Cleanup: 194354 ns, At safepoint: 270069 ns, Total: 4378261 ns
[2025-10-13T19:22:17.493-0700][1256][info ][safepoint   ] Safepoint "ICBufferFull", Time since last: 179758004 ns, Reaching safepoint: 5872003 ns, Cleanup: 178440 ns, At safepoint: 133312 ns, Total: 6183755 ns
[2025-10-13T19:22:17.635-0700][1256][info ][safepoint   ] Safepoint "ICBufferFull", Time since last: 140462438 ns, Reaching safepoint: 664997 ns, Cleanup: 172922 ns, At safepoint: 155856 ns, Total: 993775 ns
[2025-10-13T19:22:17.697-0700][1256][info ][safepoint   ] Safepoint "ICBufferFull", Time since last: 61525534 ns, Reaching safepoint: 659859 ns, Cleanup: 186483 ns, At safepoint: 138460 ns, Total: 984802 ns
[2025-10-13T19:22:17.698-0700][1256][info ][safepoint   ] Safepoint "ICBufferFull", Time since last: 65008 ns, Reaching safepoint: 419305 ns, Cleanup: 6490 ns, At safepoint: 112340 ns, Total: 538135 ns
[2025-10-13T19:22:17.698-0700][1256][info ][safepoint   ] Safepoint "ICBufferFull", Time since last: 52900 ns, Reaching safepoint: 351523 ns, Cleanup: 4657 ns, At safepoint: 108784 ns, Total: 464964 ns
[2025-10-13T19:22:17.778-0700][1256][info ][safepoint   ] Safepoint "ICBufferFull", Time since last: 78560975 ns, Reaching safepoint: 604005 ns, Cleanup: 198941 ns, At safepoint: 124339 ns, Total: 927285 ns
[2025-10-13T19:22:17.785-0700][1256][info ][safepoint   ] Safepoint "ICBufferFull", Time since last: 60742 ns, Reaching safepoint: 6666246 ns, Cleanup: 5168 ns, At safepoint: 170889 ns, Total: 6842303 ns
[2025-10-13T19:22:17.786-0700][1256][info ][safepoint   ] Safepoint "ICBufferFull", Time since last: 79310 ns, Reaching safepoint: 676504 ns, Cleanup: 8894 ns, At safepoint: 90737 ns, Total: 776135 ns
[2025-10-13T19:22:17.786-0700][1256][info ][safepoint   ] Safepoint "ICBufferFull", Time since last: 56666 ns, Reaching safepoint: 288036 ns, Cleanup: 3486 ns, At safepoint: 79029 ns, Total: 370551 ns
[2025-10-13T19:22:17.787-0700][1256][info ][safepoint   ] Safepoint "ICBufferFull", Time since last: 46851 ns, Reaching safepoint: 258552 ns, Cleanup: 3635 ns, At safepoint: 86672 ns, Total: 348859 ns
[2025-10-13T19:22:17.787-0700][1256][info ][safepoint   ] Safepoint "ICBufferFull", Time since last: 32629 ns, Reaching safepoint: 237951 ns, Cleanup: 3976 ns, At safepoint: 77637 ns, Total: 319564 ns
[2025-10-13T19:22:17.787-0700][1256][info ][safepoint   ] Safepoint "ICBufferFull", Time since last: 35895 ns, Reaching safepoint: 222056 ns, Cleanup: 3996 ns, At safepoint: 84828 ns, Total: 310880 ns
[2025-10-13T19:22:17.788-0700][1256][info ][safepoint   ] Safepoint "ICBufferFull", Time since last: 35985 ns, Reaching safepoint: 211901 ns, Cleanup: 4867 ns, At safepoint: 72570 ns, Total: 289338 ns
[2025-10-13T19:22:17.798-0700][1256][info ][safepoint   ] Safepoint "ICBufferFull", Time since last: 9155657 ns, Reaching safepoint: 704076 ns, Cleanup: 56636 ns, At safepoint: 125440 ns, Total: 886152 ns
[2025-10-13T19:22:17.798-0700][1256][info ][safepoint   ] Safepoint "ICBufferFull", Time since last: 46210 ns, Reaching safepoint: 356440 ns, Cleanup: 1272 ns, At safepoint: 100051 ns, Total: 457763 ns
[2025-10-13T19:22:17.857-0700][1256][info ][safepoint   ] Safepoint "ICBufferFull", Time since last: 57150638 ns, Reaching safepoint: 683355 ns, Cleanup: 184129 ns, At safepoint: 482591 ns, Total: 1350075 ns
[2025-10-13T19:22:17.858-0700][1256][info ][safepoint   ] Safepoint "ICBufferFull", Time since last: 93461 ns, Reaching safepoint: 799141 ns, Cleanup: 1252 ns, At safepoint: 582932 ns, Total: 1383325 ns
[2025-10-13T19:22:17.859-0700][1256][info ][safepoint   ] Safepoint "ICBufferFull", Time since last: 128395 ns, Reaching safepoint: 422570 ns, Cleanup: 1733 ns, At safepoint: 406605 ns, Total: 830908 ns
[2025-10-13T19:22:17.860-0700][1256][info ][safepoint   ] Safepoint "ICBufferFull", Time since last: 84438 ns, Reaching safepoint: 401138 ns, Cleanup: 2343 ns, At safepoint: 488260 ns, Total: 891741 ns
[2025-10-13T19:22:17.861-0700][1256][info ][safepoint   ] Safepoint "ICBufferFull", Time since last: 250469 ns, Reaching safepoint: 406506 ns, Cleanup: 1592 ns, At safepoint: 387828 ns, Total: 795926 ns
[2025-10-13T19:22:17.862-0700][1256][info ][safepoint   ] Safepoint "ICBufferFull", Time since last: 59520 ns, Reaching safepoint: 375058 ns, Cleanup: 1122 ns, At safepoint: 356439 ns, Total: 732619 ns
[2025-10-13T19:22:17.863-0700][1256][info ][safepoint   ] Safepoint "ICBufferFull", Time since last: 59250 ns, Reaching safepoint: 380006 ns, Cleanup: 1362 ns, At safepoint: 379264 ns, Total: 760632 ns
[2025-10-13T19:22:17.863-0700][1256][info ][safepoint   ] Safepoint "ICBufferFull", Time since last: 41904 ns, Reaching safepoint: 351151 ns, Cleanup: 1122 ns, At safepoint: 331082 ns, Total: 683355 ns
[2025-10-13T19:22:17.864-0700][1256][info ][safepoint   ] Safepoint "ICBufferFull", Time since last: 39710 ns, Reaching safepoint: 311952 ns, Cleanup: 1392 ns, At safepoint: 270480 ns, Total: 583824 ns
[2025-10-13T19:22:17.865-0700][1256][info ][safepoint   ] Safepoint "ICBufferFull", Time since last: 56045 ns, Reaching safepoint: 331332 ns, Cleanup: 1302 ns, At safepoint: 361307 ns, Total: 693941 ns
[2025-10-13T19:22:17.866-0700][1256][info ][safepoint   ] Safepoint "ICBufferFull", Time since last: 50496 ns, Reaching safepoint: 326785 ns, Cleanup: 1402 ns, At safepoint: 361217 ns, Total: 689404 ns
[2025-10-13T19:22:17.866-0700][1256][info ][safepoint   ] Safepoint "ICBufferFull", Time since last: 36516 ns, Reaching safepoint: 352844 ns, Cleanup: 1753 ns, At safepoint: 397262 ns, Total: 751859 ns
[2025-10-13T19:22:17.936-0700][1256][info ][safepoint   ] Safepoint "ICBufferFull", Time since last: 65829462 ns, Reaching safepoint: 2646558 ns, Cleanup: 156467 ns, At safepoint: 614481 ns, Total: 3417506 ns
[2025-10-13T19:22:17.952-0700][1256][info ][safepoint   ] Safepoint "ICBufferFull", Time since last: 8679585 ns, Reaching safepoint: 6836705 ns, Cleanup: 38058 ns, At safepoint: 422790 ns, Total: 7297553 ns
[2025-10-13T19:22:17.997-0700][1256][info ][safepoint   ] Safepoint "ICBufferFull", Time since last: 41527936 ns, Reaching safepoint: 3733785 ns, Cleanup: 189137 ns, At safepoint: 301406 ns, Total: 4224328 ns
[2025-10-13T19:22:17.998-0700][1256][info ][safepoint   ] Safepoint "ICBufferFull", Time since last: 71398 ns, Reaching safepoint: 506808 ns, Cleanup: 12539 ns, At safepoint: 161555 ns, Total: 680902 ns
[2025-10-13T19:22:17.998-0700][1256][info ][safepoint   ] Safepoint "ICBufferFull", Time since last: 38298 ns, Reaching safepoint: 258772 ns, Cleanup: 3325 ns, At safepoint: 147613 ns, Total: 409710 ns
[2025-10-13T19:22:17.999-0700][1256][info ][safepoint   ] Safepoint "ICBufferFull", Time since last: 35264 ns, Reaching safepoint: 212351 ns, Cleanup: 3145 ns, At safepoint: 133642 ns, Total: 349138 ns
[2025-10-13T19:22:18.013-0700][1256][info ][safepoint   ] Safepoint "ICBufferFull", Time since last: 13194935 ns, Reaching safepoint: 633900 ns, Cleanup: 49355 ns, At safepoint: 129566 ns, Total: 812821 ns
[2025-10-13T19:22:18.013-0700][1256][info ][safepoint   ] Safepoint "ICBufferFull", Time since last: 54743 ns, Reaching safepoint: 265302 ns, Cleanup: 591 ns, At safepoint: 147283 ns, Total: 413176 ns
[2025-10-13T19:22:18.104-0700][1256][info ][safepoint   ] Safepoint "ICBufferFull", Time since last: 81473476 ns, Reaching safepoint: 8632123 ns, Cleanup: 182106 ns, At safepoint: 476983 ns, Total: 9291212 ns
[2025-10-13T19:22:18.105-0700][1256][info ][safepoint   ] Safepoint "ICBufferFull", Time since last: 177368 ns, Reaching safepoint: 442400 ns, Cleanup: 5799 ns, At safepoint: 179502 ns, Total: 627701 ns
[2025-10-13T19:22:18.105-0700][1256][info ][safepoint   ] Safepoint "ICBufferFull", Time since last: 65870 ns, Reaching safepoint: 359034 ns, Cleanup: 1251 ns, At safepoint: 132201 ns, Total: 492486 ns
[2025-10-13T19:22:18.106-0700][1256][info ][safepoint   ] Safepoint "ICBufferFull", Time since last: 72239 ns, Reaching safepoint: 504274 ns, Cleanup: 7722 ns, At safepoint: 142856 ns, Total: 654852 ns
[2025-10-13T19:22:18.107-0700][1256][info ][safepoint   ] Safepoint "ICBufferFull", Time since last: 55885 ns, Reaching safepoint: 294115 ns, Cleanup: 7692 ns, At safepoint: 127423 ns, Total: 429230 ns
[2025-10-13T19:22:18.107-0700][1256][info ][safepoint   ] Safepoint "ICBufferFull", Time since last: 48784 ns, Reaching safepoint: 272252 ns, Cleanup: 3215 ns, At safepoint: 119190 ns, Total: 394657 ns
[2025-10-13T19:22:18.108-0700][1256][info ][safepoint   ] Safepoint "ICBufferFull", Time since last: 53752 ns, Reaching safepoint: 273915 ns, Cleanup: 1121 ns, At safepoint: 123337 ns, Total: 398373 ns
[2025-10-13T19:22:18.108-0700][1256][info ][safepoint   ] Safepoint "ICBufferFull", Time since last: 50406 ns, Reaching safepoint: 250259 ns, Cleanup: 1052 ns, At safepoint: 115545 ns, Total: 366856 ns
[2025-10-13T19:22:18.108-0700][1256][info ][safepoint   ] Safepoint "ICBufferFull", Time since last: 66881 ns, Reaching safepoint: 246994 ns, Cleanup: 5018 ns, At safepoint: 118319 ns, Total: 370331 ns
[2025-10-13T19:22:18.109-0700][1256][info ][safepoint   ] Safepoint "ICBufferFull", Time since last: 60452 ns, Reaching safepoint: 231560 ns, Cleanup: 4908 ns, At safepoint: 127783 ns, Total: 364251 ns
[2025-10-13T19:22:18.109-0700][1256][info ][safepoint   ] Safepoint "ICBufferFull", Time since last: 80482 ns, Reaching safepoint: 217059 ns, Cleanup: 5088 ns, At safepoint: 132400 ns, Total: 354547 ns
[2025-10-13T19:22:18.110-0700][1256][info ][safepoint   ] Safepoint "ICBufferFull", Time since last: 54413 ns, Reaching safepoint: 721753 ns, Cleanup: 701 ns, At safepoint: 173252 ns, Total: 895706 ns
[2025-10-13T19:22:18.111-0700][1256][info ][safepoint   ] Safepoint "ICBufferFull", Time since last: 54743 ns, Reaching safepoint: 223909 ns, Cleanup: 1302 ns, At safepoint: 125150 ns, Total: 350361 ns
[2025-10-13T19:22:18.111-0700][1256][info ][safepoint   ] Safepoint "ICBufferFull", Time since last: 39049 ns, Reaching safepoint: 215737 ns, Cleanup: 1302 ns, At safepoint: 129376 ns, Total: 346415 ns
[2025-10-13T19:22:18.111-0700][1256][info ][safepoint   ] Safepoint "ICBufferFull", Time since last: 33661 ns, Reaching safepoint: 218070 ns, Cleanup: 1202 ns, At safepoint: 133422 ns, Total: 352694 ns
[2025-10-13T19:22:18.112-0700][1256][info ][safepoint   ] Safepoint "ICBufferFull", Time since last: 51748 ns, Reaching safepoint: 208566 ns, Cleanup: 3495 ns, At safepoint: 132191 ns, Total: 344252 ns
[2025-10-13T19:22:18.112-0700][1256][info ][safepoint   ] Safepoint "ICBufferFull", Time since last: 204740 ns, Reaching safepoint: 282207 ns, Cleanup: 1783 ns, At safepoint: 143928 ns, Total: 427918 ns
[2025-10-13T19:22:18.113-0700][1256][info ][safepoint   ] Safepoint "ICBufferFull", Time since last: 53160 ns, Reaching safepoint: 215386 ns, Cleanup: 1212 ns, At safepoint: 109897 ns, Total: 326495 ns
[2025-10-13T19:22:18.113-0700][1256][info ][safepoint   ] Safepoint "ICBufferFull", Time since last: 34632 ns, Reaching safepoint: 204550 ns, Cleanup: 1192 ns, At safepoint: 129706 ns, Total: 335448 ns
[2025-10-13T19:22:18.114-0700][1256][info ][safepoint   ] Safepoint "ICBufferFull", Time since last: 47452 ns, Reaching safepoint: 203819 ns, Cleanup: 1222 ns, At safepoint: 119851 ns, Total: 324892 ns
[2025-10-13T19:22:18.114-0700][1256][info ][safepoint   ] Safepoint "ICBufferFull", Time since last: 34462 ns, Reaching safepoint: 320426 ns, Cleanup: 761 ns, At safepoint: 101003 ns, Total: 422190 ns
[2025-10-13T19:22:18.114-0700][1256][info ][safepoint   ] Safepoint "ICBufferFull", Time since last: 34592 ns, Reaching safepoint: 265272 ns, Cleanup: 5488 ns, At safepoint: 129166 ns, Total: 399926 ns
[2025-10-13T19:22:18.115-0700][1256][info ][safepoint   ] Safepoint "ICBufferFull", Time since last: 48293 ns, Reaching safepoint: 207294 ns, Cleanup: 1392 ns, At safepoint: 127714 ns, Total: 336400 ns
[2025-10-13T19:22:18.115-0700][1256][info ][safepoint   ] Safepoint "ICBufferFull", Time since last: 38428 ns, Reaching safepoint: 202516 ns, Cleanup: 952 ns, At safepoint: 137939 ns, Total: 341407 ns
[2025-10-13T19:22:18.116-0700][1256][info ][safepoint   ] Safepoint "ICBufferFull", Time since last: 49385 ns, Reaching safepoint: 342889 ns, Cleanup: 761 ns, At safepoint: 127633 ns, Total: 471283 ns
[2025-10-13T19:22:18.135-0700][1256][info ][safepoint   ] Safepoint "ICBufferFull", Time since last: 11670256 ns, Reaching safepoint: 6864056 ns, Cleanup: 85619 ns, At safepoint: 327456 ns, Total: 7277131 ns
[2025-10-13T19:22:18.135-0700][1256][info ][safepoint   ] Safepoint "ICBufferFull", Time since last: 79831 ns, Reaching safepoint: 484364 ns, Cleanup: 5849 ns, At safepoint: 168926 ns, Total: 659139 ns
[2025-10-13T19:22:18.153-0700][1256][info ][safepoint   ] Safepoint "ICBufferFull", Time since last: 10450778 ns, Reaching safepoint: 6931518 ns, Cleanup: 32629 ns, At safepoint: 305233 ns, Total: 7269380 ns
[2025-10-13T19:22:18.154-0700][1256][info ][safepoint   ] Safepoint "ICBufferFull", Time since last: 109035 ns, Reaching safepoint: 476912 ns, Cleanup: 4667 ns, At safepoint: 162136 ns, Total: 643715 ns
[2025-10-13T19:22:18.155-0700][1256][info ][safepoint   ] Safepoint "ICBufferFull", Time since last: 50626 ns, Reaching safepoint: 383081 ns, Cleanup: 1562 ns, At safepoint: 192562 ns, Total: 577205 ns
[2025-10-13T19:22:18.156-0700][1256][info ][safepoint   ] Safepoint "ICBufferFull", Time since last: 66851 ns, Reaching safepoint: 825821 ns, Cleanup: 841 ns, At safepoint: 146682 ns, Total: 973344 ns
[2025-10-13T19:22:18.156-0700][1256][info ][safepoint   ] Safepoint "ICBufferFull", Time since last: 40421 ns, Reaching safepoint: 315318 ns, Cleanup: 1382 ns, At safepoint: 110928 ns, Total: 427628 ns
[2025-10-13T19:22:18.303-0700][1256][info ][safepoint   ] Safepoint "ICBufferFull", Time since last: 139750039 ns, Reaching safepoint: 6658665 ns, Cleanup: 193293 ns, At safepoint: 340485 ns, Total: 7192443 ns
[2025-10-13T19:22:18.306-0700][1256][info ][safepoint   ] Safepoint "ICBufferFull", Time since last: 1486952 ns, Reaching safepoint: 609684 ns, Cleanup: 6890 ns, At safepoint: 429951 ns, Total: 1046525 ns
[2025-10-13T19:22:18.309-0700][1256][info ][safepoint   ] Safepoint "ICBufferFull", Time since last: 689435 ns, Reaching safepoint: 2036434 ns, Cleanup: 16074 ns, At safepoint: 337321 ns, Total: 2389829 ns
[2025-10-13T19:22:18.312-0700][1256][info ][safepoint   ] Safepoint "ICBufferFull", Time since last: 528290 ns, Reaching safepoint: 2630955 ns, Cleanup: 15904 ns, At safepoint: 409210 ns, Total: 3056069 ns
[2025-10-13T19:22:18.318-0700][1256][info ][safepoint   ] Safepoint "ICBufferFull", Time since last: 647160 ns, Reaching safepoint: 4646497 ns, Cleanup: 10106 ns, At safepoint: 379124 ns, Total: 5035727 ns
[2025-10-13T19:22:18.327-0700][1256][info ][safepoint   ] Safepoint "ICBufferFull", Time since last: 4582931 ns, Reaching safepoint: 4200021 ns, Cleanup: 18328 ns, At safepoint: 613649 ns, Total: 4831998 ns
[2025-10-13T19:22:18.335-0700][1256][info ][safepoint   ] Safepoint "ICBufferFull", Time since last: 3906136 ns, Reaching safepoint: 3243933 ns, Cleanup: 8183 ns, At safepoint: 407888 ns, Total: 3660004 ns
[2025-10-13T19:22:18.340-0700][1256][info ][safepoint   ] Safepoint "ICBufferFull", Time since last: 512356 ns, Reaching safepoint: 4409909 ns, Cleanup: 9614 ns, At safepoint: 316209 ns, Total: 4735732 ns
[2025-10-13T19:22:18.369-0700][1256][info ][safepoint   ] Safepoint "ICBufferFull", Time since last: 21421744 ns, Reaching safepoint: 6122303 ns, Cleanup: 29054 ns, At safepoint: 850618 ns, Total: 7001975 ns
[2025-10-13T19:22:18.373-0700][1256][info ][safepoint   ] Safepoint "ICBufferFull", Time since last: 2568290 ns, Reaching safepoint: 1045544 ns, Cleanup: 12599 ns, At safepoint: 581210 ns, Total: 1639353 ns
[2025-10-13T19:22:18.374-0700][1256][info ][safepoint   ] Safepoint "ICBufferFull", Time since last: 488049 ns, Reaching safepoint: 412275 ns, Cleanup: 4567 ns, At safepoint: 377371 ns, Total: 794213 ns
[2025-10-13T19:22:18.378-0700][1256][info ][safepoint   ] Safepoint "ICBufferFull", Time since last: 3288811 ns, Reaching safepoint: 610695 ns, Cleanup: 9124 ns, At safepoint: 480057 ns, Total: 1099876 ns
[2025-10-13T19:22:18.383-0700][1256][info ][safepoint   ] Safepoint "ICBufferFull", Time since last: 3017140 ns, Reaching safepoint: 662162 ns, Cleanup: 6851 ns, At safepoint: 465675 ns, Total: 1134688 ns
[2025-10-13T19:22:18.388-0700][1256][info ][safepoint   ] Safepoint "ICBufferFull", Time since last: 3995742 ns, Reaching safepoint: 540609 ns, Cleanup: 3315 ns, At safepoint: 413055 ns, Total: 956979 ns
[2025-10-13T19:22:18.389-0700][1256][info ][safepoint   ] Safepoint "ICBufferFull", Time since last: 923799 ns, Reaching safepoint: 491465 ns, Cleanup: 2213 ns, At safepoint: 357752 ns, Total: 851430 ns
[2025-10-13T19:22:18.397-0700][1256][info ][safepoint   ] Safepoint "ICBufferFull", Time since last: 6370549 ns, Reaching safepoint: 609403 ns, Cleanup: 13931 ns, At safepoint: 495120 ns, Total: 1118454 ns
[2025-10-13T19:22:18.401-0700][1256][info ][safepoint   ] Safepoint "ICBufferFull", Time since last: 3433029 ns, Reaching safepoint: 518896 ns, Cleanup: 2504 ns, At safepoint: 345553 ns, Total: 866953 ns
[2025-10-13T19:22:18.406-0700][1256][info ][safepoint   ] Safepoint "ICBufferFull", Time since last: 3604489 ns, Reaching safepoint: 823027 ns, Cleanup: 3776 ns, At safepoint: 568340 ns, Total: 1395143 ns
[2025-10-13T19:22:18.413-0700][1256][info ][safepoint   ] Safepoint "ICBufferFull", Time since last: 5175629 ns, Reaching safepoint: 784448 ns, Cleanup: 11067 ns, At safepoint: 492566 ns, Total: 1288081 ns
[2025-10-13T19:22:18.420-0700][1256][info ][safepoint   ] Safepoint "ICBufferFull", Time since last: 4189966 ns, Reaching safepoint: 3147948 ns, Cleanup: 20711 ns, At safepoint: 531615 ns, Total: 3700274 ns
[2025-10-13T19:22:18.427-0700][1256][info ][safepoint   ] Safepoint "ICBufferFull", Time since last: 3774587 ns, Reaching safepoint: 2415278 ns, Cleanup: 7772 ns, At safepoint: 392464 ns, Total: 2815514 ns
[2025-10-13T19:22:18.432-0700][1256][info ][safepoint   ] Safepoint "ICBufferFull", Time since last: 2827673 ns, Reaching safepoint: 1475184 ns, Cleanup: 3576 ns, At safepoint: 457773 ns, Total: 1936533 ns
[2025-10-13T19:22:18.441-0700][1256][info ][safepoint   ] Safepoint "ICBufferFull", Time since last: 7447800 ns, Reaching safepoint: 858761 ns, Cleanup: 14692 ns, At safepoint: 519457 ns, Total: 1392910 ns
[2025-10-13T19:22:18.445-0700][1256][info ][safepoint   ] Safepoint "ICBufferFull", Time since last: 3579411 ns, Reaching safepoint: 612968 ns, Cleanup: 11648 ns, At safepoint: 445935 ns, Total: 1070551 ns
[2025-10-13T19:22:18.467-0700][1256][info ][safepoint   ] Safepoint "ICBufferFull", Time since last: 356100 ns, Reaching safepoint: 20792060 ns, Cleanup: 15744 ns, At safepoint: 401158 ns, Total: 21208962 ns
[2025-10-13T19:22:18.469-0700][1256][info ][safepoint   ] Safepoint "ICBufferFull", Time since last: 760131 ns, Reaching safepoint: 837969 ns, Cleanup: 12890 ns, At safepoint: 466356 ns, Total: 1317215 ns
[2025-10-13T19:22:18.475-0700][1256][info ][safepoint   ] Safepoint "ICBufferFull", Time since last: 172050 ns, Reaching safepoint: 5685712 ns, Cleanup: 10506 ns, At safepoint: 301907 ns, Total: 5998125 ns
[2025-10-13T19:22:18.476-0700][1256][info ][safepoint   ] Safepoint "ICBufferFull", Time since last: 131259 ns, Reaching safepoint: 417081 ns, Cleanup: 1833 ns, At safepoint: 231831 ns, Total: 650745 ns
[2025-10-13T19:22:18.496-0700][1256][info ][safepoint   ] Safepoint "ICBufferFull", Time since last: 18656126 ns, Reaching safepoint: 899452 ns, Cleanup: 45539 ns, At safepoint: 752250 ns, Total: 1697241 ns
[2025-10-13T19:22:18.498-0700][1256][info ][safepoint   ] Safepoint "ICBufferFull", Time since last: 1070771 ns, Reaching safepoint: 783247 ns, Cleanup: 8022 ns, At safepoint: 396971 ns, Total: 1188240 ns
[2025-10-13T19:22:18.696-0700][1256][info ][gc,start    ] GC(32) Pause Young (Concurrent Start) (CodeCache GC Threshold)
[2025-10-13T19:22:18.696-0700][1256][info ][gc,task     ] GC(32) Using 113 workers of 113 for evacuation
[2025-10-13T19:22:18.703-0700][1256][debug][gc,remset   ] GC(32) Visited cards 1121792 Total dirty 7864320 (14.26%) Total old 117702656 (0.95%)
[2025-10-13T19:22:18.887-0700][1256][info ][gc,phases   ] GC(32)   Pre Evacuate Collection Set: 0.8ms
[2025-10-13T19:22:18.887-0700][1256][info ][gc,phases   ] GC(32)   Merge Heap Roots: 6.1ms
[2025-10-13T19:22:18.887-0700][1256][info ][gc,phases   ] GC(32)   Evacuate Collection Set: 179.4ms
[2025-10-13T19:22:18.887-0700][1256][info ][gc,phases   ] GC(32)   Post Evacuate Collection Set: 4.8ms
[2025-10-13T19:22:18.887-0700][1256][info ][gc,phases   ] GC(32)   Other: 0.2ms
[2025-10-13T19:22:18.887-0700][1256][debug][gc,remset   ] GC(32) Coarsening (recent): Inline->AoC 2166 (0) AoC->Howl 69 (0) Howl->Full 0 (0) Inline->AoC 428 (0) AoC->BitMap 83 (0) BitMap->Full 0 (0) 
[2025-10-13T19:22:18.887-0700][1256][debug][gc,remset   ] GC(32) Coarsening (all): Inline->AoC 2326 (0) AoC->Howl 101 (0) Howl->Full 0 (0) Inline->AoC 618 (0) AoC->BitMap 97 (0) BitMap->Full 0 (0) 
[2025-10-13T19:22:18.887-0700][1256][info ][gc,heap     ] GC(32) Eden regions: 818->0(2923)
[2025-10-13T19:22:18.887-0700][1256][info ][gc,heap     ] GC(32) Survivor regions: 20->60(432)
[2025-10-13T19:22:18.887-0700][1256][info ][gc,heap     ] GC(32) Old regions: 120->120
[2025-10-13T19:22:18.887-0700][1256][info ][gc,heap     ] GC(32) Humongous regions: 0->0
[2025-10-13T19:22:18.887-0700][1256][info ][gc,metaspace] GC(32) Metaspace: 268610K(271936K)->268610K(271936K) NonClass: 234981K(236800K)->234981K(236800K) Class: 33628K(35136K)->33628K(35136K)
[2025-10-13T19:22:18.887-0700][1256][info ][gc          ] GC(32) Pause Young (Concurrent Start) (CodeCache GC Threshold) 30627M->5736M(184320M) 191.400ms
[2025-10-13T19:22:18.887-0700][1089][info ][gc          ] GC(33) Concurrent Mark Cycle
[2025-10-13T19:22:18.887-0700][1089][info ][gc,marking  ] GC(33) Concurrent Scan Root Regions
[2025-10-13T19:22:18.889-0700][1256][info ][gc,cpu      ] GC(32) User=3.37s Sys=0.03s Real=0.19s
[2025-10-13T19:22:18.890-0700][1256][info ][safepoint   ] Safepoint "G1TryInitiateConcMark", Time since last: 194749719 ns, Reaching safepoint: 586609 ns, Cleanup: 157488 ns, At safepoint: 196015046 ns, Total: 196759143 ns
[2025-10-13T19:22:18.902-0700][1089][info ][gc,marking  ] GC(33) Concurrent Scan Root Regions 14.373ms
[2025-10-13T19:22:18.902-0700][1089][info ][gc,marking  ] GC(33) Concurrent Mark
[2025-10-13T19:22:18.902-0700][1089][info ][gc,marking  ] GC(33) Concurrent Mark From Roots
[2025-10-13T19:22:18.902-0700][1089][info ][gc,task     ] GC(33) Using 36 workers of 36 for marking
[2025-10-13T19:22:18.935-0700][1089][info ][gc,marking  ] GC(33) Concurrent Mark From Roots 33.673ms
[2025-10-13T19:22:18.935-0700][1089][info ][gc,marking  ] GC(33) Concurrent Preclean
[2025-10-13T19:22:18.937-0700][1089][info ][gc,marking  ] GC(33) Concurrent Preclean 1.362ms
[2025-10-13T19:22:18.954-0700][1256][info ][gc,start    ] GC(33) Pause Remark
[2025-10-13T19:22:19.226-0700][1256][info ][gc,mmu      ] GC(33) MMU target violated: 201.0ms (200.0ms/201.0ms)
[2025-10-13T19:22:19.226-0700][1256][info ][gc          ] GC(33) Pause Remark 7048M->7048M(184320M) 271.253ms
[2025-10-13T19:22:19.227-0700][1256][info ][gc,cpu      ] GC(33) User=2.00s Sys=0.00s Real=0.27s
[2025-10-13T19:22:19.229-0700][1256][info ][safepoint   ] Safepoint "G1PauseRemark", Time since last: 55510874 ns, Reaching safepoint: 7145562 ns, Cleanup: 105820 ns, At safepoint: 275957473 ns, Total: 283208855 ns
[2025-10-13T19:22:19.231-0700][1089][info ][gc,marking  ] GC(33) Concurrent Mark 329.661ms
[2025-10-13T19:22:19.231-0700][1089][info ][gc,marking  ] GC(33) Concurrent Rebuild Remembered Sets and Scrub Regions
[2025-10-13T19:22:19.248-0700][1089][info ][gc,marking  ] GC(33) Concurrent Rebuild Remembered Sets and Scrub Regions 16.290ms
[2025-10-13T19:22:19.257-0700][1256][info ][gc,start    ] GC(33) Pause Cleanup
[2025-10-13T19:22:19.257-0700][1256][info ][gc          ] GC(33) Pause Cleanup 7542M->7542M(184320M) 0.570ms
[2025-10-13T19:22:19.258-0700][1256][info ][gc,cpu      ] GC(33) User=0.01s Sys=0.01s Real=0.00s
[2025-10-13T19:22:19.258-0700][1256][info ][safepoint   ] Safepoint "G1PauseCleanup", Time since last: 19102081 ns, Reaching safepoint: 6951308 ns, Cleanup: 171931 ns, At safepoint: 3485569 ns, Total: 10608808 ns
[2025-10-13T19:22:19.258-0700][1089][info ][gc,marking  ] GC(33) Concurrent Clear Claimed Marks
[2025-10-13T19:22:19.259-0700][1089][info ][gc,marking  ] GC(33) Concurrent Clear Claimed Marks 0.426ms
[2025-10-13T19:22:19.259-0700][1089][info ][gc,marking  ] GC(33) Concurrent Cleanup for Next Mark
[2025-10-13T19:22:19.288-0700][1089][info ][gc,marking  ] GC(33) Concurrent Cleanup for Next Mark 29.104ms
[2025-10-13T19:22:19.288-0700][1089][info ][gc          ] GC(33) Concurrent Mark Cycle 400.783ms
[2025-10-13T19:22:19.348-0700][1256][info ][safepoint   ] Safepoint "ICBufferFull", Time since last: 88656975 ns, Reaching safepoint: 829287 ns, Cleanup: 172030 ns, At safepoint: 198090 ns, Total: 1199407 ns
[2025-10-13T19:22:19.519-0700][1256][info ][safepoint   ] Safepoint "ICBufferFull", Time since last: 169602993 ns, Reaching safepoint: 698077 ns, Cleanup: 169687 ns, At safepoint: 358653 ns, Total: 1226417 ns
[2025-10-13T19:22:19.725-0700][1256][info ][safepoint   ] Safepoint "ICBufferFull", Time since last: 180317461 ns, Reaching safepoint: 24815735 ns, Cleanup: 179762 ns, At safepoint: 591696 ns, Total: 25587193 ns
[2025-10-13T19:22:19.729-0700][1256][info ][safepoint   ] Safepoint "ICBufferFull", Time since last: 82846 ns, Reaching safepoint: 3510767 ns, Cleanup: 7802 ns, At safepoint: 253614 ns, Total: 3772183 ns
[2025-10-13T19:22:19.829-0700][1256][info ][safepoint   ] Safepoint "ICBufferFull", Time since last: 98652555 ns, Reaching safepoint: 630004 ns, Cleanup: 192652 ns, At safepoint: 156547 ns, Total: 979203 ns
[2025-10-13T19:22:19.907-0700][1256][info ][safepoint   ] Safepoint "ICBufferFull", Time since last: 77340796 ns, Reaching safepoint: 695814 ns, Cleanup: 175666 ns, At safepoint: 322769 ns, Total: 1194249 ns
[2025-10-13T19:22:19.908-0700][1256][info ][safepoint   ] Safepoint "ICBufferFull", Time since last: 95875 ns, Reaching safepoint: 489051 ns, Cleanup: 3265 ns, At safepoint: 255417 ns, Total: 747733 ns
[2025-10-13T19:22:19.909-0700][1256][info ][safepoint   ] Safepoint "ICBufferFull", Time since last: 60682 ns, Reaching safepoint: 270930 ns, Cleanup: 2554 ns, At safepoint: 308037 ns, Total: 581521 ns
[2025-10-13T19:22:19.909-0700][1256][info ][safepoint   ] Safepoint "ICBufferFull", Time since last: 63416 ns, Reaching safepoint: 261275 ns, Cleanup: 982 ns, At safepoint: 288517 ns, Total: 550774 ns
[2025-10-13T19:22:19.910-0700][1256][info ][safepoint   ] Safepoint "ICBufferFull", Time since last: 80832 ns, Reaching safepoint: 303420 ns, Cleanup: 3796 ns, At safepoint: 261425 ns, Total: 568641 ns
[2025-10-13T19:22:20.075-0700][1256][info ][safepoint   ] Safepoint "ICBufferFull", Time since last: 157432931 ns, Reaching safepoint: 6077535 ns, Cleanup: 191901 ns, At safepoint: 1183452 ns, Total: 7452888 ns
[2025-10-13T19:22:20.076-0700][1256][info ][safepoint   ] Safepoint "ICBufferFull", Time since last: 121764 ns, Reaching safepoint: 599609 ns, Cleanup: 8252 ns, At safepoint: 600810 ns, Total: 1208671 ns
[2025-10-13T19:22:20.077-0700][1256][info ][safepoint   ] Safepoint "ICBufferFull", Time since last: 114734 ns, Reaching safepoint: 518265 ns, Cleanup: 7651 ns, At safepoint: 575232 ns, Total: 1101148 ns
[2025-10-13T19:22:20.079-0700][1256][info ][safepoint   ] Safepoint "ICBufferFull", Time since last: 205571 ns, Reaching safepoint: 732930 ns, Cleanup: 2554 ns, At safepoint: 668272 ns, Total: 1403756 ns
[2025-10-13T19:22:20.081-0700][1256][info ][safepoint   ] Safepoint "ICBufferFull", Time since last: 714061 ns, Reaching safepoint: 620971 ns, Cleanup: 8232 ns, At safepoint: 512346 ns, Total: 1141549 ns
[2025-10-13T19:22:20.083-0700][1256][info ][safepoint   ] Safepoint "ICBufferFull", Time since last: 429010 ns, Reaching safepoint: 561511 ns, Cleanup: 6810 ns, At safepoint: 963599 ns, Total: 1531920 ns
[2025-10-13T19:22:20.087-0700][1256][info ][safepoint   ] Safepoint "ICBufferFull", Time since last: 2804097 ns, Reaching safepoint: 713271 ns, Cleanup: 7821 ns, At safepoint: 690066 ns, Total: 1411158 ns
[2025-10-13T19:22:20.090-0700][1256][info ][safepoint   ] Safepoint "ICBufferFull", Time since last: 1138233 ns, Reaching safepoint: 925152 ns, Cleanup: 9824 ns, At safepoint: 664337 ns, Total: 1599313 ns
[2025-10-13T19:22:20.092-0700][1256][info ][safepoint   ] Safepoint "ICBufferFull", Time since last: 947174 ns, Reaching safepoint: 593479 ns, Cleanup: 15153 ns, At safepoint: 658287 ns, Total: 1266919 ns
[2025-10-13T19:22:20.126-0700][1256][info ][safepoint   ] Safepoint "ICBufferFull", Time since last: 32225407 ns, Reaching safepoint: 903589 ns, Cleanup: 36275 ns, At safepoint: 837468 ns, Total: 1777332 ns
[2025-10-13T19:22:20.130-0700][1256][info ][safepoint   ] Safepoint "ICBufferFull", Time since last: 2448488 ns, Reaching safepoint: 970941 ns, Cleanup: 3125 ns, At safepoint: 1027246 ns, Total: 2001312 ns
[2025-10-13T19:22:20.140-0700][1256][info ][safepoint   ] Safepoint "ICBufferFull", Time since last: 8025114 ns, Reaching safepoint: 941866 ns, Cleanup: 4587 ns, At safepoint: 585187 ns, Total: 1531640 ns
[2025-10-13T19:22:20.146-0700][1256][info ][safepoint   ] Safepoint "ICBufferFull", Time since last: 3416414 ns, Reaching safepoint: 893523 ns, Cleanup: 4177 ns, At safepoint: 1386059 ns, Total: 2283759 ns
[2025-10-13T19:22:20.147-0700][1256][info ][safepoint   ] Safepoint "ICBufferFull", Time since last: 87763 ns, Reaching safepoint: 648672 ns, Cleanup: 2785 ns, At safepoint: 762665 ns, Total: 1414122 ns
[2025-10-13T19:22:20.373-0700][1256][info ][safepoint   ] Safepoint "ICBufferFull", Time since last: 222970050 ns, Reaching safepoint: 1854739 ns, Cleanup: 183858 ns, At safepoint: 639970 ns, Total: 2678567 ns
[2025-10-13T19:22:20.619-0700][1256][info ][safepoint   ] Safepoint "ICBufferFull", Time since last: 244966495 ns, Reaching safepoint: 1067196 ns, Cleanup: 142776 ns, At safepoint: 643385 ns, Total: 1853357 ns
[2025-10-13T19:22:20.905-0700][1256][info ][safepoint   ] Safepoint "ICBufferFull", Time since last: 280818054 ns, Reaching safepoint: 4050174 ns, Cleanup: 195476 ns, At safepoint: 697817 ns, Total: 4943467 ns
[2025-10-13T19:22:20.908-0700][1256][info ][safepoint   ] Safepoint "ICBufferFull", Time since last: 126121 ns, Reaching safepoint: 1638552 ns, Cleanup: 4447 ns, At safepoint: 486707 ns, Total: 2129706 ns
[2025-10-13T19:22:21.220-0700][1256][info ][safepoint   ] Safepoint "ICBufferFull", Time since last: 310375060 ns, Reaching safepoint: 1146546 ns, Cleanup: 191700 ns, At safepoint: 648863 ns, Total: 1987109 ns
[2025-10-13T19:22:21.579-0700][1256][info ][safepoint   ] Safepoint "ICBufferFull", Time since last: 357296535 ns, Reaching safepoint: 908636 ns, Cleanup: 192672 ns, At safepoint: 484674 ns, Total: 1585982 ns
[2025-10-13T19:22:21.580-0700][1256][info ][safepoint   ] Safepoint "ICBufferFull", Time since last: 63046 ns, Reaching safepoint: 590013 ns, Cleanup: 6160 ns, At safepoint: 372033 ns, Total: 968206 ns
[2025-10-13T19:22:21.668-0700][1256][info ][safepoint   ] Safepoint "ICBufferFull", Time since last: 86865022 ns, Reaching safepoint: 680340 ns, Cleanup: 155646 ns, At safepoint: 120823 ns, Total: 956809 ns
[2025-10-13T19:22:21.765-0700][1256][info ][safepoint   ] Safepoint "ICBufferFull", Time since last: 96023172 ns, Reaching safepoint: 678488 ns, Cleanup: 184740 ns, At safepoint: 151660 ns, Total: 1014888 ns
[2025-10-13T19:22:22.119-0700][1256][info ][safepoint   ] Safepoint "ICBufferFull", Time since last: 353360283 ns, Reaching safepoint: 867153 ns, Cleanup: 211961 ns, At safepoint: 205652 ns, Total: 1284766 ns
[2025-10-13T19:22:22.338-0700][1256][info ][safepoint   ] Safepoint "ICBufferFull", Time since last: 217427566 ns, Reaching safepoint: 790998 ns, Cleanup: 145039 ns, At safepoint: 224330 ns, Total: 1160367 ns
[2025-10-13T19:22:22.339-0700][1256][info ][safepoint   ] Safepoint "ICBufferFull", Time since last: 53932 ns, Reaching safepoint: 538796 ns, Cleanup: 5408 ns, At safepoint: 152361 ns, Total: 696565 ns
[2025-10-13T19:22:22.428-0700][1256][info ][safepoint   ] Safepoint "ICBufferFull", Time since last: 87656570 ns, Reaching safepoint: 794073 ns, Cleanup: 184660 ns, At safepoint: 295527 ns, Total: 1274260 ns
[2025-10-13T19:22:22.429-0700][1256][info ][safepoint   ] Safepoint "ICBufferFull", Time since last: 112350 ns, Reaching safepoint: 567981 ns, Cleanup: 13500 ns, At safepoint: 342248 ns, Total: 923729 ns
[2025-10-13T19:22:22.430-0700][1256][info ][safepoint   ] Safepoint "ICBufferFull", Time since last: 212072 ns, Reaching safepoint: 490573 ns, Cleanup: 2754 ns, At safepoint: 238070 ns, Total: 731397 ns
[2025-10-13T19:22:22.430-0700][1256][info ][safepoint   ] Safepoint "ICBufferFull", Time since last: 65279 ns, Reaching safepoint: 417543 ns, Cleanup: 2523 ns, At safepoint: 212442 ns, Total: 632508 ns
[2025-10-13T19:22:22.431-0700][1256][info ][safepoint   ] Safepoint "ICBufferFull", Time since last: 44097 ns, Reaching safepoint: 382960 ns, Cleanup: 1552 ns, At safepoint: 154204 ns, Total: 538716 ns
[2025-10-13T19:22:22.431-0700][1256][info ][safepoint   ] Safepoint "ICBufferFull", Time since last: 38919 ns, Reaching safepoint: 373916 ns, Cleanup: 7101 ns, At safepoint: 192742 ns, Total: 573759 ns
[2025-10-13T19:22:22.432-0700][1256][info ][safepoint   ] Safepoint "ICBufferFull", Time since last: 45359 ns, Reaching safepoint: 335718 ns, Cleanup: 5508 ns, At safepoint: 188125 ns, Total: 529351 ns
[2025-10-13T19:22:22.677-0700][1256][info ][safepoint   ] Safepoint "ICBufferFull", Time since last: 243922073 ns, Reaching safepoint: 806061 ns, Cleanup: 174254 ns, At safepoint: 356700 ns, Total: 1337015 ns
[2025-10-13T19:22:23.093-0700][1256][info ][safepoint   ] Safepoint "ICBufferFull", Time since last: 415072030 ns, Reaching safepoint: 753861 ns, Cleanup: 162136 ns, At safepoint: 183388 ns, Total: 1099385 ns
[2025-10-13T19:22:23.307-0700][1256][info ][safepoint   ] Safepoint "ICBufferFull", Time since last: 212733326 ns, Reaching safepoint: 885561 ns, Cleanup: 148245 ns, At safepoint: 210749 ns, Total: 1244555 ns
[2025-10-13T19:22:23.430-0700][1256][info ][safepoint   ] Safepoint "ICBufferFull", Time since last: 120562168 ns, Reaching safepoint: 887163 ns, Cleanup: 141004 ns, At safepoint: 1190663 ns, Total: 2218830 ns
[2025-10-13T19:22:23.672-0700][1256][info ][safepoint   ] Safepoint "ICBufferFull", Time since last: 238972016 ns, Reaching safepoint: 930349 ns, Cleanup: 179412 ns, At safepoint: 1305317 ns, Total: 2415078 ns
[2025-10-13T19:22:23.678-0700][1256][info ][safepoint   ] Safepoint "ICBufferFull", Time since last: 4125418 ns, Reaching safepoint: 988347 ns, Cleanup: 14031 ns, At safepoint: 933494 ns, Total: 1935872 ns
[2025-10-13T19:22:23.684-0700][1256][info ][safepoint   ] Safepoint "ICBufferFull", Time since last: 4175144 ns, Reaching safepoint: 831539 ns, Cleanup: 11397 ns, At safepoint: 871230 ns, Total: 1714166 ns
[2025-10-13T19:22:23.693-0700][1256][info ][safepoint   ] Safepoint "ICBufferFull", Time since last: 4686107 ns, Reaching safepoint: 741614 ns, Cleanup: 10976 ns, At safepoint: 4283478 ns, Total: 5036068 ns
[2025-10-13T19:22:23.704-0700][1256][info ][safepoint   ] Safepoint "ICBufferFull", Time since last: 5053964 ns, Reaching safepoint: 848606 ns, Cleanup: 14672 ns, At safepoint: 5031640 ns, Total: 5894918 ns
[2025-10-13T19:22:23.711-0700][1256][info ][safepoint   ] Safepoint "ICBufferFull", Time since last: 3056860 ns, Reaching safepoint: 1062009 ns, Cleanup: 13210 ns, At safepoint: 3109359 ns, Total: 4184578 ns
[2025-10-13T19:22:23.717-0700][1256][info ][safepoint   ] Safepoint "ICBufferFull", Time since last: 4028712 ns, Reaching safepoint: 947725 ns, Cleanup: 17607 ns, At safepoint: 898350 ns, Total: 1863682 ns
[2025-10-13T19:22:23.725-0700][1256][info ][safepoint   ] Safepoint "ICBufferFull", Time since last: 5982030 ns, Reaching safepoint: 729525 ns, Cleanup: 14462 ns, At safepoint: 942858 ns, Total: 1686845 ns
[2025-10-13T19:22:23.732-0700][1256][info ][safepoint   ] Safepoint "ICBufferFull", Time since last: 5520521 ns, Reaching safepoint: 733822 ns, Cleanup: 30776 ns, At safepoint: 873323 ns, Total: 1637921 ns
[2025-10-13T19:22:23.738-0700][1256][info ][safepoint   ] Safepoint "ICBufferFull", Time since last: 4373734 ns, Reaching safepoint: 620170 ns, Cleanup: 12809 ns, At safepoint: 699359 ns, Total: 1332338 ns
[2025-10-13T19:22:23.741-0700][1256][info ][safepoint   ] Safepoint "ICBufferFull", Time since last: 1538681 ns, Reaching safepoint: 541219 ns, Cleanup: 3556 ns, At safepoint: 800602 ns, Total: 1345377 ns
[2025-10-13T19:22:23.747-0700][1256][info ][safepoint   ] Safepoint "ICBufferFull", Time since last: 4874884 ns, Reaching safepoint: 694622 ns, Cleanup: 8072 ns, At safepoint: 880674 ns, Total: 1583368 ns
[2025-10-13T19:22:23.752-0700][1256][info ][safepoint   ] Safepoint "ICBufferFull", Time since last: 3303743 ns, Reaching safepoint: 582312 ns, Cleanup: 2574 ns, At safepoint: 837118 ns, Total: 1422004 ns
[2025-10-13T19:22:23.757-0700][1256][info ][safepoint   ] Safepoint "ICBufferFull", Time since last: 3462404 ns, Reaching safepoint: 1099756 ns, Cleanup: 10736 ns, At safepoint: 880584 ns, Total: 1991076 ns
[2025-10-13T19:22:23.765-0700][1256][info ][safepoint   ] Safepoint "ICBufferFull", Time since last: 3104021 ns, Reaching safepoint: 800312 ns, Cleanup: 18538 ns, At safepoint: 3545460 ns, Total: 4364310 ns
[2025-10-13T19:22:23.771-0700][1256][info ][safepoint   ] Safepoint "ICBufferFull", Time since last: 4368036 ns, Reaching safepoint: 911310 ns, Cleanup: 12519 ns, At safepoint: 932622 ns, Total: 1856451 ns
[2025-10-13T19:22:23.777-0700][1256][info ][safepoint   ] Safepoint "ICBufferFull", Time since last: 3978666 ns, Reaching safepoint: 869417 ns, Cleanup: 3695 ns, At safepoint: 895827 ns, Total: 1768939 ns
[2025-10-13T19:22:23.785-0700][1256][info ][safepoint   ] Safepoint "ICBufferFull", Time since last: 6745116 ns, Reaching safepoint: 940485 ns, Cleanup: 13059 ns, At safepoint: 942077 ns, Total: 1895621 ns
[2025-10-13T19:22:23.790-0700][1256][info ][safepoint   ] Safepoint "ICBufferFull", Time since last: 2815935 ns, Reaching safepoint: 1011402 ns, Cleanup: 4597 ns, At safepoint: 1004752 ns, Total: 2020751 ns
[2025-10-13T19:22:23.800-0700][1256][info ][safepoint   ] Safepoint "ICBufferFull", Time since last: 7085721 ns, Reaching safepoint: 1326830 ns, Cleanup: 4907 ns, At safepoint: 1102720 ns, Total: 2434457 ns
[2025-10-13T19:22:23.805-0700][1256][info ][safepoint   ] Safepoint "ICBufferFull", Time since last: 3395603 ns, Reaching safepoint: 858821 ns, Cleanup: 3475 ns, At safepoint: 824289 ns, Total: 1686585 ns
[2025-10-13T19:22:23.808-0700][1256][info ][safepoint   ] Safepoint "ICBufferFull", Time since last: 805580 ns, Reaching safepoint: 758489 ns, Cleanup: 9544 ns, At safepoint: 1678452 ns, Total: 2446485 ns
[2025-10-13T19:22:23.815-0700][1256][info ][safepoint   ] Safepoint "ICBufferFull", Time since last: 5227658 ns, Reaching safepoint: 995347 ns, Cleanup: 4297 ns, At safepoint: 888916 ns, Total: 1888560 ns
[2025-10-13T19:22:23.821-0700][1256][info ][safepoint   ] Safepoint "ICBufferFull", Time since last: 3935220 ns, Reaching safepoint: 922307 ns, Cleanup: 4777 ns, At safepoint: 936268 ns, Total: 1863352 ns
[2025-10-13T19:22:23.830-0700][1256][info ][safepoint   ] Safepoint "ICBufferFull", Time since last: 6690483 ns, Reaching safepoint: 996079 ns, Cleanup: 12479 ns, At safepoint: 969749 ns, Total: 1978307 ns
[2025-10-13T19:22:23.834-0700][1256][info ][safepoint   ] Safepoint "ICBufferFull", Time since last: 1930313 ns, Reaching safepoint: 953975 ns, Cleanup: 9554 ns, At safepoint: 891541 ns, Total: 1855070 ns
[2025-10-13T19:22:23.844-0700][1256][info ][safepoint   ] Safepoint "ICBufferFull", Time since last: 8299370 ns, Reaching safepoint: 1247679 ns, Cleanup: 5218 ns, At safepoint: 748263 ns, Total: 2001160 ns
[2025-10-13T19:22:23.847-0700][1256][info ][safepoint   ] Safepoint "ICBufferFull", Time since last: 970430 ns, Reaching safepoint: 844559 ns, Cleanup: 3866 ns, At safepoint: 956509 ns, Total: 1804934 ns
[2025-10-13T19:22:23.849-0700][1256][info ][safepoint   ] Safepoint "ICBufferFull", Time since last: 477483 ns, Reaching safepoint: 773311 ns, Cleanup: 11227 ns, At safepoint: 958542 ns, Total: 1743080 ns
[2025-10-13T19:22:23.859-0700][1256][info ][safepoint   ] Safepoint "ICBufferFull", Time since last: 8327493 ns, Reaching safepoint: 1102629 ns, Cleanup: 27092 ns, At safepoint: 874284 ns, Total: 2004005 ns
[2025-10-13T19:22:23.866-0700][1256][info ][safepoint   ] Safepoint "ICBufferFull", Time since last: 5326707 ns, Reaching safepoint: 918932 ns, Cleanup: 11487 ns, At safepoint: 736105 ns, Total: 1666524 ns
[2025-10-13T19:22:23.871-0700][1256][info ][safepoint   ] Safepoint "ICBufferFull", Time since last: 3118584 ns, Reaching safepoint: 1192105 ns, Cleanup: 12098 ns, At safepoint: 927776 ns, Total: 2131979 ns
[2025-10-13T19:22:23.879-0700][1256][info ][safepoint   ] Safepoint "ICBufferFull", Time since last: 5568604 ns, Reaching safepoint: 1016950 ns, Cleanup: 10395 ns, At safepoint: 972574 ns, Total: 1999919 ns
[2025-10-13T19:22:23.887-0700][1256][info ][safepoint   ] Safepoint "ICBufferFull", Time since last: 2918510 ns, Reaching safepoint: 1029209 ns, Cleanup: 24687 ns, At safepoint: 4095974 ns, Total: 5149870 ns
[2025-10-13T19:22:23.892-0700][1256][info ][safepoint   ] Safepoint "ICBufferFull", Time since last: 1742889 ns, Reaching safepoint: 1085274 ns, Cleanup: 61904 ns, At safepoint: 1803752 ns, Total: 2950930 ns
[2025-10-13T19:22:23.901-0700][1256][info ][safepoint   ] Safepoint "ICBufferFull", Time since last: 6893730 ns, Reaching safepoint: 1032024 ns, Cleanup: 25809 ns, At safepoint: 1110782 ns, Total: 2168615 ns
[2025-10-13T19:22:23.918-0700][1256][info ][safepoint   ] Safepoint "ICBufferFull", Time since last: 10177785 ns, Reaching safepoint: 1089500 ns, Cleanup: 28363 ns, At safepoint: 5852934 ns, Total: 6970797 ns
[2025-10-13T19:22:23.921-0700][1256][info ][safepoint   ] Safepoint "ICBufferFull", Time since last: 518856 ns, Reaching safepoint: 1083361 ns, Cleanup: 14111 ns, At safepoint: 1102450 ns, Total: 2199922 ns
[2025-10-13T19:22:23.923-0700][1256][info ][safepoint   ] Safepoint "ICBufferFull", Time since last: 713501 ns, Reaching safepoint: 830908 ns, Cleanup: 3676 ns, At safepoint: 866292 ns, Total: 1700876 ns
[2025-10-13T19:22:23.925-0700][1256][info ][safepoint   ] Safepoint "ICBufferFull", Time since last: 235246 ns, Reaching safepoint: 757417 ns, Cleanup: 10887 ns, At safepoint: 1159005 ns, Total: 1927309 ns
[2025-10-13T19:22:23.938-0700][1256][info ][safepoint   ] Safepoint "ICBufferFull", Time since last: 3997895 ns, Reaching safepoint: 911140 ns, Cleanup: 25278 ns, At safepoint: 8016432 ns, Total: 8952850 ns
[2025-10-13T19:22:23.941-0700][1256][info ][safepoint   ] Safepoint "ICBufferFull", Time since last: 136847 ns, Reaching safepoint: 1141279 ns, Cleanup: 18147 ns, At safepoint: 1110492 ns, Total: 2269918 ns
[2025-10-13T19:22:23.955-0700][1256][info ][safepoint   ] Safepoint "ICBufferFull", Time since last: 11611686 ns, Reaching safepoint: 1346560 ns, Cleanup: 31878 ns, At safepoint: 1480462 ns, Total: 2858900 ns
[2025-10-13T19:22:23.967-0700][1256][info ][safepoint   ] Safepoint "ICBufferFull", Time since last: 9137149 ns, Reaching safepoint: 1052154 ns, Cleanup: 13600 ns, At safepoint: 1223263 ns, Total: 2289017 ns
[2025-10-13T19:22:23.976-0700][1256][info ][safepoint   ] Safepoint "ICBufferFull", Time since last: 7702967 ns, Reaching safepoint: 1021627 ns, Cleanup: 9324 ns, At safepoint: 1054908 ns, Total: 2085859 ns
[2025-10-13T19:22:24.003-0700][1256][info ][safepoint   ] Safepoint "ICBufferFull", Time since last: 13200993 ns, Reaching safepoint: 1097723 ns, Cleanup: 26059 ns, At safepoint: 12050512 ns, Total: 13174294 ns
[2025-10-13T19:22:24.014-0700][1256][info ][safepoint   ] Safepoint "ICBufferFull", Time since last: 5727093 ns, Reaching safepoint: 1084213 ns, Cleanup: 14211 ns, At safepoint: 4216036 ns, Total: 5314460 ns
[2025-10-13T19:22:25.083-0700][1256][info ][safepoint   ] Safepoint "Cleanup", Time since last: 1000194789 ns, Reaching safepoint: 40888578 ns, Cleanup: 183007 ns, At safepoint: 28227132 ns, Total: 69298717 ns
[2025-10-13T19:22:25.111-0700][1256][info ][safepoint   ] Safepoint "ICBufferFull", Time since last: 20395109 ns, Reaching safepoint: 1150593 ns, Cleanup: 26350 ns, At safepoint: 5735516 ns, Total: 6912459 ns
[2025-10-13T19:22:25.137-0700][1256][info ][safepoint   ] Safepoint "ICBufferFull", Time since last: 19019436 ns, Reaching safepoint: 1359259 ns, Cleanup: 15794 ns, At safepoint: 6120830 ns, Total: 7495883 ns
[2025-10-13T19:22:25.165-0700][1256][info ][safepoint   ] Safepoint "ICBufferFull", Time since last: 20460068 ns, Reaching safepoint: 1599573 ns, Cleanup: 13210 ns, At safepoint: 5412157 ns, Total: 7024940 ns
[2025-10-13T19:22:25.297-0700][1256][info ][safepoint   ] Safepoint "ICBufferFull", Time since last: 18040153 ns, Reaching safepoint: 111371398 ns, Cleanup: 38217 ns, At safepoint: 3004681 ns, Total: 114414296 ns
[2025-10-13T19:22:25.382-0700][1256][info ][safepoint   ] Safepoint "ICBufferFull", Time since last: 8618083 ns, Reaching safepoint: 73157711 ns, Cleanup: 60061 ns, At safepoint: 3177503 ns, Total: 76395275 ns
[2025-10-13T19:22:25.388-0700][1256][info ][safepoint   ] Safepoint "ICBufferFull", Time since last: 3144051 ns, Reaching safepoint: 976640 ns, Cleanup: 9083 ns, At safepoint: 1690471 ns, Total: 2676194 ns
[2025-10-13T19:22:25.398-0700][1256][info ][safepoint   ] Safepoint "ICBufferFull", Time since last: 7137039 ns, Reaching safepoint: 1049209 ns, Cleanup: 11638 ns, At safepoint: 1818444 ns, Total: 2879291 ns
[2025-10-13T19:22:25.414-0700][1256][info ][safepoint   ] Safepoint "ICBufferFull", Time since last: 13611596 ns, Reaching safepoint: 1130782 ns, Cleanup: 17186 ns, At safepoint: 1877073 ns, Total: 3025041 ns
[2025-10-13T19:22:25.451-0700][1256][info ][safepoint   ] Safepoint "ICBufferFull", Time since last: 26837838 ns, Reaching safepoint: 1607765 ns, Cleanup: 29204 ns, At safepoint: 8283225 ns, Total: 9920194 ns
[2025-10-13T19:22:25.466-0700][1256][info ][safepoint   ] Safepoint "ICBufferFull", Time since last: 10882062 ns, Reaching safepoint: 1247319 ns, Cleanup: 16165 ns, At safepoint: 2386815 ns, Total: 3650299 ns
[2025-10-13T19:22:25.482-0700][1256][info ][safepoint   ] Safepoint "ICBufferFull", Time since last: 12586022 ns, Reaching safepoint: 1200598 ns, Cleanup: 16856 ns, At safepoint: 2688972 ns, Total: 3906426 ns
[2025-10-13T19:22:25.501-0700][1256][info ][safepoint   ] Safepoint "ICBufferFull", Time since last: 12015799 ns, Reaching safepoint: 1700596 ns, Cleanup: 21352 ns, At safepoint: 5371135 ns, Total: 7093083 ns
[2025-10-13T19:22:25.550-0700][1256][info ][safepoint   ] Safepoint "ICBufferFull", Time since last: 26764286 ns, Reaching safepoint: 19346281 ns, Cleanup: 33461 ns, At safepoint: 2938590 ns, Total: 22318332 ns
[2025-10-13T19:22:25.557-0700][1256][info ][safepoint   ] Safepoint "ICBufferFull", Time since last: 3791513 ns, Reaching safepoint: 1071833 ns, Cleanup: 10576 ns, At safepoint: 1795339 ns, Total: 2877748 ns
[2025-10-13T19:22:25.584-0700][1256][info ][safepoint   ] Safepoint "ICBufferFull", Time since last: 18127886 ns, Reaching safepoint: 1226127 ns, Cleanup: 40612 ns, At safepoint: 7465667 ns, Total: 8732406 ns
[2025-10-13T19:22:25.600-0700][1256][info ][safepoint   ] Safepoint "ICBufferFull", Time since last: 9743457 ns, Reaching safepoint: 1570539 ns, Cleanup: 17196 ns, At safepoint: 4499915 ns, Total: 6087650 ns
[2025-10-13T19:22:25.637-0700][1256][info ][safepoint   ] Safepoint "ICBufferFull", Time since last: 15017665 ns, Reaching safepoint: 1229402 ns, Cleanup: 10045 ns, At safepoint: 21398129 ns, Total: 22637576 ns
[2025-10-13T19:22:25.656-0700][1256][info ][safepoint   ] Safepoint "ICBufferFull", Time since last: 15522400 ns, Reaching safepoint: 1722308 ns, Cleanup: 11117 ns, At safepoint: 1661647 ns, Total: 3395072 ns
[2025-10-13T19:22:25.668-0700][1256][info ][safepoint   ] Safepoint "ICBufferFull", Time since last: 7870190 ns, Reaching safepoint: 1690871 ns, Cleanup: 10546 ns, At safepoint: 1984034 ns, Total: 3685451 ns
[2025-10-13T19:22:25.672-0700][1256][info ][safepoint   ] Safepoint "ICBufferFull", Time since last: 945052 ns, Reaching safepoint: 1105755 ns, Cleanup: 7281 ns, At safepoint: 1697841 ns, Total: 2810877 ns
[2025-10-13T19:22:25.694-0700][1256][info ][safepoint   ] Safepoint "ICBufferFull", Time since last: 15362908 ns, Reaching safepoint: 1272918 ns, Cleanup: 8142 ns, At safepoint: 5372818 ns, Total: 6653878 ns
[2025-10-13T19:22:25.713-0700][1256][info ][safepoint   ] Safepoint "ICBufferFull", Time since last: 16526190 ns, Reaching safepoint: 1167238 ns, Cleanup: 12859 ns, At safepoint: 1836782 ns, Total: 3016879 ns
[2025-10-13T19:22:25.847-0700][1256][info ][safepoint   ] Safepoint "ICBufferFull", Time since last: 19997888 ns, Reaching safepoint: 106931905 ns, Cleanup: 52499 ns, At safepoint: 6571533 ns, Total: 113555937 ns
[2025-10-13T19:22:25.902-0700][1256][info ][safepoint   ] Safepoint "ICBufferFull", Time since last: 6651534 ns, Reaching safepoint: 42948508 ns, Cleanup: 19380 ns, At safepoint: 5798292 ns, Total: 48766180 ns
[2025-10-13T19:22:25.929-0700][1256][info ][safepoint   ] Safepoint "ICBufferFull", Time since last: 9038920 ns, Reaching safepoint: 1313489 ns, Cleanup: 17867 ns, At safepoint: 16630818 ns, Total: 17962174 ns
[2025-10-13T19:22:26.005-0700][1256][info ][safepoint   ] Safepoint "ICBufferFull", Time since last: 4367365 ns, Reaching safepoint: 69692073 ns, Cleanup: 31207 ns, At safepoint: 1654135 ns, Total: 71377415 ns
[2025-10-13T19:22:26.132-0700][1256][info ][safepoint   ] Safepoint "ICBufferFull", Time since last: 8268564 ns, Reaching safepoint: 106481532 ns, Cleanup: 17647 ns, At safepoint: 11829266 ns, Total: 118328445 ns
[2025-10-13T19:22:26.307-0700][1256][info ][safepoint   ] Safepoint "ICBufferFull", Time since last: 1522406 ns, Reaching safepoint: 171607610 ns, Cleanup: 40862 ns, At safepoint: 2054401 ns, Total: 173702873 ns
[2025-10-13T19:22:26.657-0700][1256][info ][safepoint   ] Safepoint "ICBufferFull", Time since last: 7450875 ns, Reaching safepoint: 306043070 ns, Cleanup: 90638 ns, At safepoint: 36865064 ns, Total: 342998772 ns
[2025-10-13T19:22:26.823-0700][1256][info ][safepoint   ] Safepoint "ICBufferFull", Time since last: 3987249 ns, Reaching safepoint: 144320832 ns, Cleanup: 60131 ns, At safepoint: 17626317 ns, Total: 162007280 ns
[2025-10-13T19:22:26.961-0700][1256][info ][safepoint   ] Safepoint "ICBufferFull", Time since last: 5521072 ns, Reaching safepoint: 121516283 ns, Cleanup: 24317 ns, At safepoint: 10665634 ns, Total: 132206234 ns
[2025-10-13T19:22:26.991-0700][1256][info ][safepoint   ] Safepoint "ICBufferFull", Time since last: 2255406 ns, Reaching safepoint: 17993652 ns, Cleanup: 5108 ns, At safepoint: 9884070 ns, Total: 27882830 ns
[2025-10-13T19:22:27.107-0700][1256][info ][safepoint   ] Safepoint "ICBufferFull", Time since last: 3003519 ns, Reaching safepoint: 97048115 ns, Cleanup: 25699 ns, At safepoint: 15687319 ns, Total: 112761133 ns
[2025-10-13T19:22:27.284-0700][1256][info ][safepoint   ] Safepoint "ICBufferFull", Time since last: 3581595 ns, Reaching safepoint: 165367970 ns, Cleanup: 20140 ns, At safepoint: 7711910 ns, Total: 173100020 ns
[2025-10-13T19:22:27.293-0700][1256][info ][safepoint   ] Safepoint "ICBufferFull", Time since last: 834204 ns, Reaching safepoint: 1169180 ns, Cleanup: 10126 ns, At safepoint: 7140775 ns, Total: 8320081 ns
[2025-10-13T19:22:27.417-0700][1256][info ][safepoint   ] Safepoint "ICBufferFull", Time since last: 17586766 ns, Reaching safepoint: 100739817 ns, Cleanup: 18177 ns, At safepoint: 6434746 ns, Total: 107192740 ns
[2025-10-13T19:22:27.432-0700][1256][info ][safepoint   ] Safepoint "ICBufferFull", Time since last: 12789601 ns, Reaching safepoint: 984330 ns, Cleanup: 3696 ns, At safepoint: 1127598 ns, Total: 2115624 ns
[2025-10-13T19:22:27.438-0700][1256][info ][safepoint   ] Safepoint "ICBufferFull", Time since last: 3848088 ns, Reaching safepoint: 839451 ns, Cleanup: 8293 ns, At safepoint: 813772 ns, Total: 1661516 ns
[2025-10-13T19:22:27.463-0700][1256][info ][safepoint   ] Safepoint "ICBufferFull", Time since last: 23340831 ns, Reaching safepoint: 818911 ns, Cleanup: 3655 ns, At safepoint: 803147 ns, Total: 1625713 ns
[2025-10-13T19:22:27.496-0700][1256][info ][safepoint   ] Safepoint "ICBufferFull", Time since last: 31370723 ns, Reaching safepoint: 800953 ns, Cleanup: 3265 ns, At safepoint: 744988 ns, Total: 1549206 ns
[2025-10-13T19:22:27.500-0700][1256][info ][safepoint   ] Safepoint "ICBufferFull", Time since last: 3444647 ns, Reaching safepoint: 548951 ns, Cleanup: 1493 ns, At safepoint: 674271 ns, Total: 1224715 ns
[2025-10-13T19:22:27.505-0700][1256][info ][safepoint   ] Safepoint "ICBufferFull", Time since last: 3696609 ns, Reaching safepoint: 546888 ns, Cleanup: 1252 ns, At safepoint: 639408 ns, Total: 1187548 ns
[2025-10-13T19:22:27.514-0700][1256][info ][safepoint   ] Safepoint "ICBufferFull", Time since last: 6941193 ns, Reaching safepoint: 558907 ns, Cleanup: 1342 ns, At safepoint: 796496 ns, Total: 1356745 ns
[2025-10-13T19:22:27.530-0700][1256][info ][safepoint   ] Safepoint "ICBufferFull", Time since last: 14598480 ns, Reaching safepoint: 562031 ns, Cleanup: 7231 ns, At safepoint: 782536 ns, Total: 1351798 ns
[2025-10-13T19:22:27.546-0700][1256][info ][safepoint   ] Safepoint "ICBufferFull", Time since last: 15648040 ns, Reaching safepoint: 597264 ns, Cleanup: 2484 ns, At safepoint: 685859 ns, Total: 1285607 ns
[2025-10-13T19:22:27.560-0700][1256][info ][safepoint   ] Safepoint "ICBufferFull", Time since last: 11719189 ns, Reaching safepoint: 589563 ns, Cleanup: 2023 ns, At safepoint: 785910 ns, Total: 1377496 ns
[2025-10-13T19:22:27.576-0700][1256][info ][safepoint   ] Safepoint "ICBufferFull", Time since last: 14588946 ns, Reaching safepoint: 661081 ns, Cleanup: 6470 ns, At safepoint: 674983 ns, Total: 1342534 ns
[2025-10-13T19:22:27.601-0700][1256][info ][safepoint   ] Safepoint "ICBufferFull", Time since last: 23685673 ns, Reaching safepoint: 678057 ns, Cleanup: 2213 ns, At safepoint: 678638 ns, Total: 1358908 ns
[2025-10-13T19:22:27.614-0700][1256][info ][safepoint   ] Safepoint "ICBufferFull", Time since last: 11640861 ns, Reaching safepoint: 617355 ns, Cleanup: 7171 ns, At safepoint: 678988 ns, Total: 1303514 ns
[2025-10-13T19:22:27.630-0700][1256][info ][safepoint   ] Safepoint "ICBufferFull", Time since last: 14696869 ns, Reaching safepoint: 634692 ns, Cleanup: 1522 ns, At safepoint: 780182 ns, Total: 1416396 ns
[2025-10-13T19:22:27.639-0700][1256][info ][safepoint   ] Safepoint "ICBufferFull", Time since last: 5605109 ns, Reaching safepoint: 2847533 ns, Cleanup: 5137 ns, At safepoint: 706040 ns, Total: 3558710 ns
[2025-10-13T19:22:27.652-0700][1256][info ][safepoint   ] Safepoint "ICBufferFull", Time since last: 11417342 ns, Reaching safepoint: 582162 ns, Cleanup: 4206 ns, At safepoint: 757367 ns, Total: 1343735 ns
[2025-10-13T19:22:27.666-0700][1256][info ][safepoint   ] Safepoint "ICBufferFull", Time since last: 11655673 ns, Reaching safepoint: 522492 ns, Cleanup: 1322 ns, At safepoint: 2599076 ns, Total: 3122890 ns
[2025-10-13T19:22:27.679-0700][1256][info ][safepoint   ] Safepoint "ICBufferFull", Time since last: 9882187 ns, Reaching safepoint: 670065 ns, Cleanup: 7782 ns, At safepoint: 2417431 ns, Total: 3095278 ns
[2025-10-13T19:22:27.696-0700][1256][info ][safepoint   ] Safepoint "ICBufferFull", Time since last: 14903162 ns, Reaching safepoint: 692919 ns, Cleanup: 6641 ns, At safepoint: 726610 ns, Total: 1426170 ns
[2025-10-13T19:22:27.720-0700][1256][info ][safepoint   ] Safepoint "ICBufferFull", Time since last: 11571365 ns, Reaching safepoint: 8625985 ns, Cleanup: 2324 ns, At safepoint: 4367034 ns, Total: 12995343 ns
[2025-10-13T19:22:27.727-0700][1256][info ][gc,start    ] GC(34) Pause Young (Prepare Mixed) (G1 Evacuation Pause)
[2025-10-13T19:22:27.727-0700][1256][info ][gc,task     ] GC(34) Using 113 workers of 113 for evacuation
[2025-10-13T19:22:27.733-0700][1256][debug][gc,remset   ] GC(34) Visited cards 1136384 Total dirty 7864320 (14.45%) Total old 179306496 (0.63%)
[2025-10-13T19:22:28.046-0700][1256][info ][gc,mmu      ] GC(34) MMU target violated: 201.0ms (200.0ms/201.0ms)
[2025-10-13T19:22:28.046-0700][1256][info ][gc,phases   ] GC(34)   Pre Evacuate Collection Set: 0.7ms
[2025-10-13T19:22:28.046-0700][1256][info ][gc,phases   ] GC(34)   Merge Heap Roots: 5.8ms
[2025-10-13T19:22:28.046-0700][1256][info ][gc,phases   ] GC(34)   Evacuate Collection Set: 306.2ms
[2025-10-13T19:22:28.046-0700][1256][info ][gc,phases   ] GC(34)   Post Evacuate Collection Set: 6.6ms
[2025-10-13T19:22:28.046-0700][1256][info ][gc,phases   ] GC(34)   Other: 0.2ms
[2025-10-13T19:22:28.046-0700][1256][debug][gc,remset   ] GC(34) Coarsening (recent): Inline->AoC 2438 (0) AoC->Howl 97 (0) Howl->Full 0 (0) Inline->AoC 555 (0) AoC->BitMap 97 (0) BitMap->Full 0 (0) 
[2025-10-13T19:22:28.046-0700][1256][debug][gc,remset   ] GC(34) Coarsening (all): Inline->AoC 4764 (0) AoC->Howl 198 (0) Howl->Full 0 (0) Inline->AoC 1173 (0) AoC->BitMap 194 (0) BitMap->Full 0 (0) 
[2025-10-13T19:22:28.046-0700][1256][info ][gc,heap     ] GC(34) Eden regions: 1248->0(697)
[2025-10-13T19:22:28.046-0700][1256][info ][gc,heap     ] GC(34) Survivor regions: 60->151(164)
[2025-10-13T19:22:28.046-0700][1256][info ][gc,heap     ] GC(34) Old regions: 120->120
[2025-10-13T19:22:28.046-0700][1256][info ][gc,heap     ] GC(34) Humongous regions: 0->0
[2025-10-13T19:22:28.046-0700][1256][info ][gc,metaspace] GC(34) Metaspace: 285153K(288768K)->285153K(288768K) NonClass: 249492K(251520K)->249492K(251520K) Class: 35660K(37248K)->35660K(37248K)
[2025-10-13T19:22:28.046-0700][1256][info ][gc          ] GC(34) Pause Young (Prepare Mixed) (G1 Evacuation Pause) 45672M->8664M(184320M) 319.513ms
[2025-10-13T19:22:28.048-0700][1256][info ][gc,cpu      ] GC(34) User=6.43s Sys=0.17s Real=0.32s
[2025-10-13T19:22:28.050-0700][1256][info ][safepoint   ] Safepoint "G1CollectForAllocation", Time since last: 4055362 ns, Reaching safepoint: 527338 ns, Cleanup: 1553 ns, At safepoint: 325344764 ns, Total: 325873655 ns
[2025-10-13T19:22:28.059-0700][1256][info ][safepoint   ] Safepoint "ICBufferFull", Time since last: 7217331 ns, Reaching safepoint: 887033 ns, Cleanup: 9705 ns, At safepoint: 617966 ns, Total: 1514704 ns
[2025-10-13T19:22:28.071-0700][1256][info ][safepoint   ] Safepoint "ICBufferFull", Time since last: 10793357 ns, Reaching safepoint: 570915 ns, Cleanup: 1302 ns, At safepoint: 732920 ns, Total: 1305137 ns
[2025-10-13T19:22:28.089-0700][1256][info ][safepoint   ] Safepoint "ICBufferFull", Time since last: 12251686 ns, Reaching safepoint: 898701 ns, Cleanup: 6930 ns, At safepoint: 5013123 ns, Total: 5918754 ns
[2025-10-13T19:22:28.100-0700][1256][info ][safepoint   ] Safepoint "ICBufferFull", Time since last: 7377223 ns, Reaching safepoint: 1022269 ns, Cleanup: 13931 ns, At safepoint: 2884969 ns, Total: 3921169 ns
[2025-10-13T19:22:28.140-0700][1256][info ][safepoint   ] Safepoint "ICBufferFull", Time since last: 7783719 ns, Reaching safepoint: 18380178 ns, Cleanup: 4697 ns, At safepoint: 13900854 ns, Total: 32285729 ns
[2025-10-13T19:22:28.159-0700][1256][info ][safepoint   ] Safepoint "ICBufferFull", Time since last: 14048627 ns, Reaching safepoint: 1179256 ns, Cleanup: 25369 ns, At safepoint: 3206056 ns, Total: 4410681 ns
[2025-10-13T19:22:28.241-0700][1256][info ][safepoint   ] Safepoint "ICBufferFull", Time since last: 16395281 ns, Reaching safepoint: 53199504 ns, Cleanup: 13811 ns, At safepoint: 12374792 ns, Total: 65588107 ns
[2025-10-13T19:22:28.270-0700][1256][info ][safepoint   ] Safepoint "ICBufferFull", Time since last: 17448377 ns, Reaching safepoint: 1225155 ns, Cleanup: 19430 ns, At safepoint: 10068059 ns, Total: 11312644 ns
[2025-10-13T19:22:28.292-0700][1256][info ][safepoint   ] Safepoint "ICBufferFull", Time since last: 7966826 ns, Reaching safepoint: 1248801 ns, Cleanup: 16195 ns, At safepoint: 13289878 ns, Total: 14554874 ns
[2025-10-13T19:22:28.308-0700][1256][info ][safepoint   ] Safepoint "ICBufferFull", Time since last: 9222508 ns, Reaching safepoint: 1340540 ns, Cleanup: 11968 ns, At safepoint: 5411887 ns, Total: 6764395 ns
[2025-10-13T19:22:28.319-0700][1256][info ][safepoint   ] Safepoint "ICBufferFull", Time since last: 7085852 ns, Reaching safepoint: 1561415 ns, Cleanup: 5218 ns, At safepoint: 2235796 ns, Total: 3802429 ns
[2025-10-13T19:22:28.364-0700][1256][info ][safepoint   ] Safepoint "ICBufferFull", Time since last: 7120645 ns, Reaching safepoint: 28353002 ns, Cleanup: 16876 ns, At safepoint: 9620871 ns, Total: 37990749 ns
[2025-10-13T19:22:28.430-0700][1256][info ][safepoint   ] Safepoint "ICBufferFull", Time since last: 959734 ns, Reaching safepoint: 47506291 ns, Cleanup: 28783 ns, At safepoint: 17568369 ns, Total: 65103443 ns
[2025-10-13T19:22:28.458-0700][1256][info ][safepoint   ] Safepoint "ICBufferFull", Time since last: 7925824 ns, Reaching safepoint: 1015958 ns, Cleanup: 8974 ns, At safepoint: 18917972 ns, Total: 19942904 ns
[2025-10-13T19:22:28.465-0700][1256][info ][safepoint   ] Safepoint "ICBufferFull", Time since last: 4480767 ns, Reaching safepoint: 1061167 ns, Cleanup: 13050 ns, At safepoint: 1044452 ns, Total: 2118669 ns
[2025-10-13T19:22:28.490-0700][1256][info ][safepoint   ] Safepoint "ICBufferFull", Time since last: 7457585 ns, Reaching safepoint: 920784 ns, Cleanup: 4237 ns, At safepoint: 17046568 ns, Total: 17971589 ns
[2025-10-13T19:22:28.502-0700][1256][info ][safepoint   ] Safepoint "ICBufferFull", Time since last: 6591112 ns, Reaching safepoint: 1011142 ns, Cleanup: 10255 ns, At safepoint: 4649452 ns, Total: 5670849 ns
[2025-10-13T19:22:28.524-0700][1256][info ][safepoint   ] Safepoint "ICBufferFull", Time since last: 11771459 ns, Reaching safepoint: 991311 ns, Cleanup: 8483 ns, At safepoint: 9004818 ns, Total: 10004612 ns
[2025-10-13T19:22:28.554-0700][1256][info ][safepoint   ] Safepoint "ICBufferFull", Time since last: 8000708 ns, Reaching safepoint: 891160 ns, Cleanup: 26430 ns, At safepoint: 21370496 ns, Total: 22288086 ns
[2025-10-13T19:22:28.593-0700][1256][info ][safepoint   ] Safepoint "ICBufferFull", Time since last: 641642 ns, Reaching safepoint: 37062363 ns, Cleanup: 22484 ns, At safepoint: 1052585 ns, Total: 38137432 ns
[2025-10-13T19:22:28.615-0700][1256][info ][safepoint   ] Safepoint "ICBufferFull", Time since last: 8280211 ns, Reaching safepoint: 844929 ns, Cleanup: 3265 ns, At safepoint: 12795810 ns, Total: 13644004 ns
[2025-10-13T19:22:28.625-0700][1256][info ][safepoint   ] Safepoint "ICBufferFull", Time since last: 7086974 ns, Reaching safepoint: 861875 ns, Cleanup: 10426 ns, At safepoint: 1406200 ns, Total: 2278501 ns
[2025-10-13T19:22:28.630-0700][1256][info ][safepoint   ] Safepoint "ICBufferFull", Time since last: 3636427 ns, Reaching safepoint: 696065 ns, Cleanup: 5999 ns, At safepoint: 1470717 ns, Total: 2172781 ns
[2025-10-13T19:22:28.640-0700][1256][info ][safepoint   ] Safepoint "ICBufferFull", Time since last: 7817931 ns, Reaching safepoint: 687521 ns, Cleanup: 6190 ns, At safepoint: 1488284 ns, Total: 2181995 ns
[2025-10-13T19:22:28.644-0700][1256][info ][safepoint   ] Safepoint "ICBufferFull", Time since last: 837348 ns, Reaching safepoint: 687781 ns, Cleanup: 2504 ns, At safepoint: 1967691 ns, Total: 2657976 ns
[2025-10-13T19:22:28.651-0700][1256][info ][safepoint   ] Safepoint "ICBufferFull", Time since last: 438604 ns, Reaching safepoint: 702574 ns, Cleanup: 10486 ns, At safepoint: 6185498 ns, Total: 6898558 ns
[2025-10-13T19:22:28.664-0700][1256][info ][safepoint   ] Safepoint "ICBufferFull", Time since last: 9050137 ns, Reaching safepoint: 1979849 ns, Cleanup: 8823 ns, At safepoint: 1284105 ns, Total: 3272777 ns
[2025-10-13T19:22:28.688-0700][1256][info ][safepoint   ] Safepoint "ICBufferFull", Time since last: 22061513 ns, Reaching safepoint: 839452 ns, Cleanup: 2624 ns, At safepoint: 1790822 ns, Total: 2632898 ns
[2025-10-13T19:22:28.699-0700][1256][info ][safepoint   ] Safepoint "ICBufferFull", Time since last: 7974418 ns, Reaching safepoint: 741082 ns, Cleanup: 2163 ns, At safepoint: 1720146 ns, Total: 2463391 ns
[2025-10-13T19:22:28.717-0700][1256][info ][safepoint   ] Safepoint "ICBufferFull", Time since last: 15538363 ns, Reaching safepoint: 900494 ns, Cleanup: 12439 ns, At safepoint: 1757792 ns, Total: 2670725 ns
[2025-10-13T19:22:28.761-0700][1256][info ][safepoint   ] Safepoint "ICBufferFull", Time since last: 31870210 ns, Reaching safepoint: 1112214 ns, Cleanup: 81514 ns, At safepoint: 11265342 ns, Total: 12459070 ns
[2025-10-13T19:22:28.783-0700][1256][info ][safepoint   ] Safepoint "ICBufferFull", Time since last: 9186663 ns, Reaching safepoint: 1042119 ns, Cleanup: 4236 ns, At safepoint: 11773201 ns, Total: 12819556 ns
[2025-10-13T19:22:28.818-0700][1256][info ][safepoint   ] Safepoint "ICBufferFull", Time since last: 17020279 ns, Reaching safepoint: 1051953 ns, Cleanup: 4216 ns, At safepoint: 16924003 ns, Total: 17980172 ns
[2025-10-13T19:22:28.853-0700][1256][info ][safepoint   ] Safepoint "ICBufferFull", Time since last: 18007123 ns, Reaching safepoint: 1107166 ns, Cleanup: 3526 ns, At safepoint: 15312982 ns, Total: 16423674 ns
[2025-10-13T19:22:28.868-0700][1256][info ][safepoint   ] Safepoint "ICBufferFull", Time since last: 3993809 ns, Reaching safepoint: 7945033 ns, Cleanup: 4788 ns, At safepoint: 3099544 ns, Total: 11049365 ns
[2025-10-13T19:22:28.914-0700][1256][info ][safepoint   ] Safepoint "ICBufferFull", Time since last: 559988 ns, Reaching safepoint: 1691342 ns, Cleanup: 16755 ns, At safepoint: 44257321 ns, Total: 45965418 ns
[2025-10-13T19:22:28.939-0700][1256][info ][safepoint   ] Safepoint "ICBufferFull", Time since last: 19645293 ns, Reaching safepoint: 1670941 ns, Cleanup: 24197 ns, At safepoint: 3622897 ns, Total: 5318035 ns
[2025-10-13T19:22:28.955-0700][1256][info ][safepoint   ] Safepoint "ICBufferFull", Time since last: 10097663 ns, Reaching safepoint: 1127749 ns, Cleanup: 4196 ns, At safepoint: 4339082 ns, Total: 5471027 ns
[2025-10-13T19:22:29.056-0700][1256][info ][safepoint   ] Safepoint "ICBufferFull", Time since last: 19861221 ns, Reaching safepoint: 41713858 ns, Cleanup: 22404 ns, At safepoint: 39603772 ns, Total: 81340034 ns
[2025-10-13T19:22:29.103-0700][1256][info ][safepoint   ] Safepoint "ICBufferFull", Time since last: 11474739 ns, Reaching safepoint: 29397404 ns, Cleanup: 23416 ns, At safepoint: 6386402 ns, Total: 35807222 ns
[2025-10-13T19:22:29.111-0700][1256][info ][safepoint   ] Safepoint "ICBufferFull", Time since last: 1137413 ns, Reaching safepoint: 911010 ns, Cleanup: 7371 ns, At safepoint: 5889660 ns, Total: 6808041 ns
[2025-10-13T19:22:29.131-0700][1256][info ][safepoint   ] Safepoint "ICBufferFull", Time since last: 17046618 ns, Reaching safepoint: 1179707 ns, Cleanup: 21112 ns, At safepoint: 1387542 ns, Total: 2588361 ns
[2025-10-13T19:22:29.154-0700][1256][info ][safepoint   ] Safepoint "ICBufferFull", Time since last: 15401827 ns, Reaching safepoint: 1051342 ns, Cleanup: 4236 ns, At safepoint: 7171452 ns, Total: 8227030 ns
[2025-10-13T19:22:29.218-0700][1256][info ][safepoint   ] Safepoint "ICBufferFull", Time since last: 48821853 ns, Reaching safepoint: 1139256 ns, Cleanup: 9975 ns, At safepoint: 13462950 ns, Total: 14612181 ns
[2025-10-13T19:22:29.247-0700][1256][info ][safepoint   ] Safepoint "ICBufferFull", Time since last: 11051859 ns, Reaching safepoint: 1191104 ns, Cleanup: 10156 ns, At safepoint: 16507992 ns, Total: 17709252 ns
[2025-10-13T19:22:29.259-0700][1256][info ][safepoint   ] Safepoint "ICBufferFull", Time since last: 10292128 ns, Reaching safepoint: 1261440 ns, Cleanup: 18288 ns, At safepoint: 1295472 ns, Total: 2575200 ns
[2025-10-13T19:22:29.308-0700][1256][info ][safepoint   ] Safepoint "ICBufferFull", Time since last: 10730452 ns, Reaching safepoint: 1025844 ns, Cleanup: 4387 ns, At safepoint: 36542335 ns, Total: 37572566 ns
[2025-10-13T19:22:29.333-0700][1256][info ][safepoint   ] Safepoint "ICBufferFull", Time since last: 5549655 ns, Reaching safepoint: 14240218 ns, Cleanup: 15824 ns, At safepoint: 5608464 ns, Total: 19864506 ns
[2025-10-13T19:22:29.336-0700][1256][info ][safepoint   ] Safepoint "ICBufferFull", Time since last: 477614 ns, Reaching safepoint: 976469 ns, Cleanup: 4426 ns, At safepoint: 944240 ns, Total: 1925135 ns
[2025-10-13T19:22:29.347-0700][1256][info ][safepoint   ] Safepoint "ICBufferFull", Time since last: 6399483 ns, Reaching safepoint: 951741 ns, Cleanup: 4297 ns, At safepoint: 4237167 ns, Total: 5193205 ns
[2025-10-13T19:22:29.353-0700][1256][info ][safepoint   ] Safepoint "ICBufferFull", Time since last: 4064596 ns, Reaching safepoint: 1151695 ns, Cleanup: 4677 ns, At safepoint: 796256 ns, Total: 1952628 ns
[2025-10-13T19:22:29.367-0700][1256][info ][safepoint   ] Safepoint "ICBufferFull", Time since last: 12501013 ns, Reaching safepoint: 933774 ns, Cleanup: 14793 ns, At safepoint: 824509 ns, Total: 1773076 ns
[2025-10-13T19:22:29.379-0700][1256][info ][safepoint   ] Safepoint "ICBufferFull", Time since last: 8930676 ns, Reaching safepoint: 1076861 ns, Cleanup: 13380 ns, At safepoint: 1886287 ns, Total: 2976528 ns
[2025-10-13T19:22:29.386-0700][1256][info ][safepoint   ] Safepoint "ICBufferFull", Time since last: 3377535 ns, Reaching safepoint: 963570 ns, Cleanup: 4536 ns, At safepoint: 2014081 ns, Total: 2982187 ns
[2025-10-13T19:22:29.391-0700][1256][info ][safepoint   ] Safepoint "ICBufferFull", Time since last: 2882916 ns, Reaching safepoint: 1122230 ns, Cleanup: 12629 ns, At safepoint: 1020696 ns, Total: 2155555 ns
[2025-10-13T19:22:29.395-0700][1256][info ][safepoint   ] Safepoint "ICBufferFull", Time since last: 2268916 ns, Reaching safepoint: 905943 ns, Cleanup: 10796 ns, At safepoint: 602723 ns, Total: 1519462 ns
[2025-10-13T19:22:29.407-0700][1256][info ][safepoint   ] Safepoint "ICBufferFull", Time since last: 10623510 ns, Reaching safepoint: 1045794 ns, Cleanup: 10135 ns, At safepoint: 508781 ns, Total: 1564710 ns
[2025-10-13T19:22:29.411-0700][1256][info ][safepoint   ] Safepoint "ICBufferFull", Time since last: 2568059 ns, Reaching safepoint: 958912 ns, Cleanup: 3986 ns, At safepoint: 534550 ns, Total: 1497448 ns
[2025-10-13T19:22:29.417-0700][1256][info ][safepoint   ] Safepoint "ICBufferFull", Time since last: 4015912 ns, Reaching safepoint: 1071313 ns, Cleanup: 10416 ns, At safepoint: 664877 ns, Total: 1746606 ns
[2025-10-13T19:22:29.421-0700][1256][info ][safepoint   ] Safepoint "ICBufferFull", Time since last: 2069143 ns, Reaching safepoint: 1183573 ns, Cleanup: 10436 ns, At safepoint: 648933 ns, Total: 1842942 ns
[2025-10-13T19:22:29.430-0700][1256][info ][safepoint   ] Safepoint "ICBufferFull", Time since last: 3823921 ns, Reaching safepoint: 1039374 ns, Cleanup: 11518 ns, At safepoint: 4817927 ns, Total: 5868819 ns
[2025-10-13T19:22:29.438-0700][1256][info ][safepoint   ] Safepoint "ICBufferFull", Time since last: 4468808 ns, Reaching safepoint: 2270479 ns, Cleanup: 12619 ns, At safepoint: 676725 ns, Total: 2959823 ns
[2025-10-13T19:22:29.442-0700][1256][info ][safepoint   ] Safepoint "ICBufferFull", Time since last: 2315948 ns, Reaching safepoint: 1015077 ns, Cleanup: 3976 ns, At safepoint: 617756 ns, Total: 1636809 ns
[2025-10-13T19:22:29.451-0700][1256][info ][safepoint   ] Safepoint "ICBufferFull", Time since last: 4031896 ns, Reaching safepoint: 4605185 ns, Cleanup: 13701 ns, At safepoint: 518455 ns, Total: 5137341 ns
[2025-10-13T19:22:29.452-0700][1256][info ][safepoint   ] Safepoint "ICBufferFull", Time since last: 373306 ns, Reaching safepoint: 851048 ns, Cleanup: 7512 ns, At safepoint: 494118 ns, Total: 1352678 ns
[2025-10-13T19:22:29.459-0700][1256][info ][safepoint   ] Safepoint "ICBufferFull", Time since last: 3182901 ns, Reaching safepoint: 1097883 ns, Cleanup: 19439 ns, At safepoint: 2243809 ns, Total: 3361131 ns
[2025-10-13T19:22:29.464-0700][1256][info ][safepoint   ] Safepoint "ICBufferFull", Time since last: 2588240 ns, Reaching safepoint: 2010875 ns, Cleanup: 11578 ns, At safepoint: 619678 ns, Total: 2642131 ns
[2025-10-13T19:22:29.469-0700][1256][info ][safepoint   ] Safepoint "ICBufferFull", Time since last: 2738268 ns, Reaching safepoint: 1474092 ns, Cleanup: 16475 ns, At safepoint: 648612 ns, Total: 2139179 ns
[2025-10-13T19:22:29.475-0700][1256][info ][safepoint   ] Safepoint "ICBufferFull", Time since last: 4287755 ns, Reaching safepoint: 1234259 ns, Cleanup: 18788 ns, At safepoint: 725679 ns, Total: 1978726 ns
[2025-10-13T19:22:29.479-0700][1256][info ][safepoint   ] Safepoint "ICBufferFull", Time since last: 1980951 ns, Reaching safepoint: 1010791 ns, Cleanup: 10295 ns, At safepoint: 628993 ns, Total: 1650079 ns
[2025-10-13T19:22:29.489-0700][1256][info ][safepoint   ] Safepoint "ICBufferFull", Time since last: 7927917 ns, Reaching safepoint: 1167839 ns, Cleanup: 12098 ns, At safepoint: 1139015 ns, Total: 2318952 ns
[2025-10-13T19:22:29.497-0700][1256][info ][safepoint   ] Safepoint "ICBufferFull", Time since last: 4592646 ns, Reaching safepoint: 1150683 ns, Cleanup: 23676 ns, At safepoint: 2196336 ns, Total: 3370695 ns
[2025-10-13T19:22:29.501-0700][1256][info ][safepoint   ] Safepoint "ICBufferFull", Time since last: 1906117 ns, Reaching safepoint: 1366239 ns, Cleanup: 11518 ns, At safepoint: 557634 ns, Total: 1935391 ns
[2025-10-13T19:22:29.506-0700][1256][info ][safepoint   ] Safepoint "ICBufferFull", Time since last: 3041677 ns, Reaching safepoint: 1046325 ns, Cleanup: 20491 ns, At safepoint: 577785 ns, Total: 1644601 ns
[2025-10-13T19:22:29.512-0700][1256][info ][safepoint   ] Safepoint "ICBufferFull", Time since last: 4132549 ns, Reaching safepoint: 1014036 ns, Cleanup: 21533 ns, At safepoint: 559697 ns, Total: 1595266 ns
[2025-10-13T19:22:29.515-0700][1256][info ][safepoint   ] Safepoint "ICBufferFull", Time since last: 827844 ns, Reaching safepoint: 1753746 ns, Cleanup: 13441 ns, At safepoint: 574359 ns, Total: 2341546 ns
[2025-10-13T19:22:29.518-0700][1256][info ][safepoint   ] Safepoint "ICBufferFull", Time since last: 1331277 ns, Reaching safepoint: 1168109 ns, Cleanup: 28944 ns, At safepoint: 590424 ns, Total: 1787477 ns
[2025-10-13T19:22:29.521-0700][1256][info ][safepoint   ] Safepoint "ICBufferFull", Time since last: 1594134 ns, Reaching safepoint: 1163052 ns, Cleanup: 4056 ns, At safepoint: 443542 ns, Total: 1610650 ns
[2025-10-13T19:22:29.524-0700][1256][info ][safepoint   ] Safepoint "ICBufferFull", Time since last: 1400831 ns, Reaching safepoint: 1009910 ns, Cleanup: 4136 ns, At safepoint: 563664 ns, Total: 1577710 ns
[2025-10-13T19:22:29.528-0700][1256][info ][safepoint   ] Safepoint "ICBufferFull", Time since last: 2698036 ns, Reaching safepoint: 1078794 ns, Cleanup: 11037 ns, At safepoint: 619749 ns, Total: 1709580 ns
[2025-10-13T19:22:29.531-0700][1256][info ][safepoint   ] Safepoint "ICBufferFull", Time since last: 1669388 ns, Reaching safepoint: 844749 ns, Cleanup: 3716 ns, At safepoint: 410151 ns, Total: 1258616 ns
[2025-10-13T19:22:29.535-0700][1256][info ][safepoint   ] Safepoint "ICBufferFull", Time since last: 2030566 ns, Reaching safepoint: 1115489 ns, Cleanup: 4517 ns, At safepoint: 524374 ns, Total: 1644380 ns
[2025-10-13T19:22:29.538-0700][1256][info ][safepoint   ] Safepoint "ICBufferFull", Time since last: 1064012 ns, Reaching safepoint: 1566382 ns, Cleanup: 9785 ns, At safepoint: 435329 ns, Total: 2011496 ns
[2025-10-13T19:22:29.543-0700][1256][info ][safepoint   ] Safepoint "ICBufferFull", Time since last: 3306999 ns, Reaching safepoint: 959303 ns, Cleanup: 3685 ns, At safepoint: 494009 ns, Total: 1456997 ns
[2025-10-13T19:22:29.547-0700][1256][info ][safepoint   ] Safepoint "ICBufferFull", Time since last: 2723595 ns, Reaching safepoint: 852100 ns, Cleanup: 4347 ns, At safepoint: 533718 ns, Total: 1390165 ns
[2025-10-13T19:22:29.549-0700][1256][info ][safepoint   ] Safepoint "ICBufferFull", Time since last: 905742 ns, Reaching safepoint: 818790 ns, Cleanup: 8543 ns, At safepoint: 522652 ns, Total: 1349985 ns
[2025-10-13T19:22:29.554-0700][1256][info ][safepoint   ] Safepoint "ICBufferFull", Time since last: 3105052 ns, Reaching safepoint: 816176 ns, Cleanup: 8994 ns, At safepoint: 877149 ns, Total: 1702319 ns
[2025-10-13T19:22:29.557-0700][1256][info ][safepoint   ] Safepoint "ICBufferFull", Time since last: 1601365 ns, Reaching safepoint: 935667 ns, Cleanup: 3686 ns, At safepoint: 436931 ns, Total: 1376284 ns
[2025-10-13T19:22:29.562-0700][1256][info ][safepoint   ] Safepoint "ICBufferFull", Time since last: 3267079 ns, Reaching safepoint: 1054597 ns, Cleanup: 9494 ns, At safepoint: 559177 ns, Total: 1623268 ns
[2025-10-13T19:22:29.566-0700][1256][info ][safepoint   ] Safepoint "ICBufferFull", Time since last: 1490377 ns, Reaching safepoint: 1654977 ns, Cleanup: 9114 ns, At safepoint: 485225 ns, Total: 2149316 ns
[2025-10-13T19:22:29.568-0700][1256][info ][safepoint   ] Safepoint "ICBufferFull", Time since last: 844799 ns, Reaching safepoint: 857309 ns, Cleanup: 9644 ns, At safepoint: 416852 ns, Total: 1283805 ns
[2025-10-13T19:22:29.569-0700][1256][info ][safepoint   ] Safepoint "ICBufferFull", Time since last: 398113 ns, Reaching safepoint: 671567 ns, Cleanup: 10135 ns, At safepoint: 450803 ns, Total: 1132505 ns
[2025-10-13T19:22:29.574-0700][1256][info ][safepoint   ] Safepoint "ICBufferFull", Time since last: 3063490 ns, Reaching safepoint: 910569 ns, Cleanup: 17166 ns, At safepoint: 421809 ns, Total: 1349544 ns
[2025-10-13T19:22:29.576-0700][1256][info ][safepoint   ] Safepoint "ICBufferFull", Time since last: 624555 ns, Reaching safepoint: 1862031 ns, Cleanup: 14512 ns, At safepoint: 366885 ns, Total: 2243428 ns
[2025-10-13T19:22:29.580-0700][1256][info ][safepoint   ] Safepoint "ICBufferFull", Time since last: 1931806 ns, Reaching safepoint: 945943 ns, Cleanup: 9614 ns, At safepoint: 408629 ns, Total: 1364186 ns
[2025-10-13T19:22:29.582-0700][1256][info ][safepoint   ] Safepoint "ICBufferFull", Time since last: 1523948 ns, Reaching safepoint: 840934 ns, Cleanup: 4016 ns, At safepoint: 354637 ns, Total: 1199587 ns
[2025-10-13T19:22:29.588-0700][1256][info ][safepoint   ] Safepoint "ICBufferFull", Time since last: 3786645 ns, Reaching safepoint: 980555 ns, Cleanup: 8924 ns, At safepoint: 431363 ns, Total: 1420842 ns
[2025-10-13T19:22:29.589-0700][1256][info ][safepoint   ] Safepoint "ICBufferFull", Time since last: 561461 ns, Reaching safepoint: 722324 ns, Cleanup: 3285 ns, At safepoint: 354617 ns, Total: 1080226 ns
[2025-10-13T19:22:29.591-0700][1256][info ][safepoint   ] Safepoint "ICBufferFull", Time since last: 565867 ns, Reaching safepoint: 690075 ns, Cleanup: 3305 ns, At safepoint: 309739 ns, Total: 1003119 ns
[2025-10-13T19:22:29.593-0700][1256][info ][safepoint   ] Safepoint "ICBufferFull", Time since last: 769906 ns, Reaching safepoint: 626589 ns, Cleanup: 3445 ns, At safepoint: 311372 ns, Total: 941406 ns
[2025-10-13T19:22:29.596-0700][1256][info ][safepoint   ] Safepoint "ICBufferFull", Time since last: 1731482 ns, Reaching safepoint: 1112115 ns, Cleanup: 14802 ns, At safepoint: 447378 ns, Total: 1574295 ns
[2025-10-13T19:22:29.599-0700][1256][info ][safepoint   ] Safepoint "ICBufferFull", Time since last: 1608616 ns, Reaching safepoint: 933173 ns, Cleanup: 4337 ns, At safepoint: 341788 ns, Total: 1279298 ns
[2025-10-13T19:22:29.601-0700][1256][info ][safepoint   ] Safepoint "ICBufferFull", Time since last: 1068848 ns, Reaching safepoint: 1017922 ns, Cleanup: 10536 ns, At safepoint: 287195 ns, Total: 1315653 ns
[2025-10-13T19:22:29.603-0700][1256][info ][safepoint   ] Safepoint "ICBufferFull", Time since last: 553188 ns, Reaching safepoint: 743516 ns, Cleanup: 3485 ns, At safepoint: 306054 ns, Total: 1053055 ns
[2025-10-13T19:22:29.608-0700][1256][info ][safepoint   ] Safepoint "ICBufferFull", Time since last: 4192049 ns, Reaching safepoint: 885141 ns, Cleanup: 15333 ns, At safepoint: 377271 ns, Total: 1277745 ns
[2025-10-13T19:22:29.612-0700][1256][info ][safepoint   ] Safepoint "ICBufferFull", Time since last: 492656 ns, Reaching safepoint: 2593899 ns, Cleanup: 9945 ns, At safepoint: 357852 ns, Total: 2961696 ns
[2025-10-13T19:22:29.614-0700][1256][info ][safepoint   ] Safepoint "ICBufferFull", Time since last: 689795 ns, Reaching safepoint: 843517 ns, Cleanup: 4127 ns, At safepoint: 368488 ns, Total: 1216132 ns
[2025-10-13T19:22:29.616-0700][1256][info ][safepoint   ] Safepoint "ICBufferFull", Time since last: 486747 ns, Reaching safepoint: 1053125 ns, Cleanup: 10075 ns, At safepoint: 384933 ns, Total: 1448133 ns
[2025-10-13T19:22:29.617-0700][1256][info ][safepoint   ] Safepoint "ICBufferFull", Time since last: 373496 ns, Reaching safepoint: 871470 ns, Cleanup: 11828 ns, At safepoint: 300895 ns, Total: 1184193 ns
[2025-10-13T19:22:29.619-0700][1256][info ][safepoint   ] Safepoint "ICBufferFull", Time since last: 341107 ns, Reaching safepoint: 1123542 ns, Cleanup: 13180 ns, At safepoint: 368428 ns, Total: 1505150 ns
[2025-10-13T19:22:29.621-0700][1256][info ][safepoint   ] Safepoint "ICBufferFull", Time since last: 542361 ns, Reaching safepoint: 1118444 ns, Cleanup: 7772 ns, At safepoint: 386565 ns, Total: 1512781 ns
[2025-10-13T19:22:29.624-0700][1256][info ][safepoint   ] Safepoint "ICBufferFull", Time since last: 188065 ns, Reaching safepoint: 2533217 ns, Cleanup: 4537 ns, At safepoint: 424493 ns, Total: 2962247 ns
[2025-10-13T19:22:29.627-0700][1256][info ][safepoint   ] Safepoint "ICBufferFull", Time since last: 1178114 ns, Reaching safepoint: 809526 ns, Cleanup: 4066 ns, At safepoint: 437363 ns, Total: 1250955 ns
[2025-10-13T19:22:29.628-0700][1256][info ][safepoint   ] Safepoint "ICBufferFull", Time since last: 450652 ns, Reaching safepoint: 759140 ns, Cleanup: 5178 ns, At safepoint: 311632 ns, Total: 1075950 ns
[2025-10-13T19:22:29.631-0700][1256][info ][safepoint   ] Safepoint "ICBufferFull", Time since last: 1632272 ns, Reaching safepoint: 915877 ns, Cleanup: 10917 ns, At safepoint: 398924 ns, Total: 1325718 ns
[2025-10-13T19:22:29.633-0700][1256][info ][safepoint   ] Safepoint "ICBufferFull", Time since last: 347847 ns, Reaching safepoint: 722384 ns, Cleanup: 8553 ns, At safepoint: 365804 ns, Total: 1096741 ns
[2025-10-13T19:22:29.635-0700][1256][info ][safepoint   ] Safepoint "ICBufferFull", Time since last: 553167 ns, Reaching safepoint: 1857003 ns, Cleanup: 14442 ns, At safepoint: 467698 ns, Total: 2339143 ns
[2025-10-13T19:22:29.637-0700][1256][info ][safepoint   ] Safepoint "ICBufferFull", Time since last: 197279 ns, Reaching safepoint: 766441 ns, Cleanup: 2854 ns, At safepoint: 399235 ns, Total: 1168530 ns
[2025-10-13T19:22:29.640-0700][1256][info ][safepoint   ] Safepoint "ICBufferFull", Time since last: 1775379 ns, Reaching safepoint: 1053636 ns, Cleanup: 16094 ns, At safepoint: 427047 ns, Total: 1496777 ns
[2025-10-13T19:22:29.647-0700][1256][info ][safepoint   ] Safepoint "ICBufferFull", Time since last: 4171367 ns, Reaching safepoint: 2117467 ns, Cleanup: 12409 ns, At safepoint: 458244 ns, Total: 2588120 ns
[2025-10-13T19:22:29.648-0700][1256][info ][safepoint   ] Safepoint "ICBufferFull", Time since last: 334928 ns, Reaching safepoint: 626308 ns, Cleanup: 9595 ns, At safepoint: 357421 ns, Total: 993324 ns
[2025-10-13T19:22:30.008-0700][1256][info ][safepoint   ] Safepoint "ICBufferFull", Time since last: 357705957 ns, Reaching safepoint: 1158394 ns, Cleanup: 179622 ns, At safepoint: 666119 ns, Total: 2004135 ns
[2025-10-13T19:22:30.016-0700][1256][info ][safepoint   ] Safepoint "ICBufferFull", Time since last: 6471171 ns, Reaching safepoint: 1048128 ns, Cleanup: 13510 ns, At safepoint: 635042 ns, Total: 1696680 ns
[2025-10-13T19:22:30.484-0700][1256][info ][safepoint   ] Safepoint "ICBufferFull", Time since last: 466526582 ns, Reaching safepoint: 1110152 ns, Cleanup: 206713 ns, At safepoint: 595251 ns, Total: 1912116 ns
[2025-10-13T19:22:30.688-0700][1256][info ][gc,start    ] GC(35) Pause Young (Mixed) (G1 Evacuation Pause)
[2025-10-13T19:22:30.689-0700][1256][info ][gc,task     ] GC(35) Using 113 workers of 113 for evacuation
[2025-10-13T19:22:30.693-0700][1256][debug][gc,remset   ] GC(35) Visited cards 1094400 Total dirty 7602176 (14.40%) Total old 117309440 (0.93%)
[2025-10-13T19:22:30.972-0700][1256][info ][gc,mmu      ] GC(35) MMU target violated: 201.0ms (200.0ms/201.0ms)
[2025-10-13T19:22:30.972-0700][1256][info ][gc,phases   ] GC(35)   Pre Evacuate Collection Set: 0.6ms
[2025-10-13T19:22:30.972-0700][1256][info ][gc,phases   ] GC(35)   Merge Heap Roots: 4.0ms
[2025-10-13T19:22:30.972-0700][1256][info ][gc,phases   ] GC(35)   Evacuate Collection Set: 272.3ms
[2025-10-13T19:22:30.972-0700][1256][info ][gc,phases   ] GC(35)   Post Evacuate Collection Set: 6.4ms
[2025-10-13T19:22:30.972-0700][1256][info ][gc,phases   ] GC(35)   Other: 0.1ms
[2025-10-13T19:22:30.972-0700][1256][debug][gc,remset   ] GC(35) Coarsening (recent): Inline->AoC 0 (0) AoC->Howl 0 (0) Howl->Full 0 (0) Inline->AoC 0 (0) AoC->BitMap 0 (0) BitMap->Full 0 (0) 
[2025-10-13T19:22:30.972-0700][1256][debug][gc,remset   ] GC(35) Coarsening (all): Inline->AoC 4764 (0) AoC->Howl 198 (0) Howl->Full 0 (0) Inline->AoC 1173 (0) AoC->BitMap 194 (0) BitMap->Full 0 (0) 
[2025-10-13T19:22:30.972-0700][1256][info ][gc,heap     ] GC(35) Eden regions: 682->0(614)
[2025-10-13T19:22:30.972-0700][1256][info ][gc,heap     ] GC(35) Survivor regions: 151->67(105)
[2025-10-13T19:22:30.972-0700][1256][info ][gc,heap     ] GC(35) Old regions: 120->212
[2025-10-13T19:22:30.972-0700][1256][info ][gc,heap     ] GC(35) Humongous regions: 0->0
[2025-10-13T19:22:30.972-0700][1256][info ][gc,metaspace] GC(35) Metaspace: 286477K(290176K)->286477K(290176K) NonClass: 250726K(252800K)->250726K(252800K) Class: 35750K(37376K)->35750K(37376K)
[2025-10-13T19:22:30.972-0700][1256][info ][gc          ] GC(35) Pause Young (Mixed) (G1 Evacuation Pause) 30488M->8891M(184320M) 283.622ms
[2025-10-13T19:22:30.974-0700][1256][info ][gc,cpu      ] GC(35) User=6.30s Sys=0.13s Real=0.29s
[2025-10-13T19:22:30.975-0700][1256][info ][safepoint   ] Safepoint "G1CollectForAllocation", Time since last: 201118066 ns, Reaching safepoint: 924510 ns, Cleanup: 168615 ns, At safepoint: 288483666 ns, Total: 289576791 ns
[2025-10-13T19:22:31.053-0700][1256][info ][safepoint   ] Safepoint "ICBufferFull", Time since last: 76749772 ns, Reaching safepoint: 911911 ns, Cleanup: 155185 ns, At safepoint: 273324 ns, Total: 1340420 ns
[2025-10-13T19:22:31.185-0700][1256][info ][safepoint   ] Safepoint "ICBufferFull", Time since last: 130492028 ns, Reaching safepoint: 1126606 ns, Cleanup: 162697 ns, At safepoint: 427708 ns, Total: 1717011 ns
[2025-10-13T19:22:31.377-0700][1256][info ][safepoint   ] Safepoint "ICBufferFull", Time since last: 189148616 ns, Reaching safepoint: 1763421 ns, Cleanup: 181325 ns, At safepoint: 556403 ns, Total: 2501149 ns
[2025-10-13T19:22:31.423-0700][1256][info ][gc,start    ] GC(36) Pause Young (Mixed) (G1 Evacuation Pause)
[2025-10-13T19:22:31.423-0700][1256][info ][gc,task     ] GC(36) Using 113 workers of 113 for evacuation
[2025-10-13T19:22:31.429-0700][1256][debug][gc,remset   ] GC(36) Visited cards 3317760 Total dirty 13303808 (24.94%) Total old 51773440 (6.41%)
[2025-10-13T19:22:31.548-0700][1256][info ][gc,phases   ] GC(36)   Pre Evacuate Collection Set: 0.8ms
[2025-10-13T19:22:31.548-0700][1256][info ][gc,phases   ] GC(36)   Merge Heap Roots: 5.7ms
[2025-10-13T19:22:31.548-0700][1256][info ][gc,phases   ] GC(36)   Evacuate Collection Set: 114.3ms
[2025-10-13T19:22:31.548-0700][1256][info ][gc,phases   ] GC(36)   Post Evacuate Collection Set: 4.6ms
[2025-10-13T19:22:31.548-0700][1256][info ][gc,phases   ] GC(36)   Other: 0.1ms
[2025-10-13T19:22:31.548-0700][1256][debug][gc,remset   ] GC(36) Coarsening (recent): Inline->AoC 9602 (8) AoC->Howl 358 (50) Howl->Full 0 (0) Inline->AoC 837 (11) AoC->BitMap 345 (49) BitMap->Full 0 (0) 
[2025-10-13T19:22:31.548-0700][1256][debug][gc,remset   ] GC(36) Coarsening (all): Inline->AoC 14366 (8) AoC->Howl 556 (50) Howl->Full 0 (0) Inline->AoC 2010 (11) AoC->BitMap 539 (49) BitMap->Full 0 (0) 
[2025-10-13T19:22:31.548-0700][1256][info ][gc,heap     ] GC(36) Eden regions: 221->0(1478)
[2025-10-13T19:22:31.548-0700][1256][info ][gc,heap     ] GC(36) Survivor regions: 67->34(36)
[2025-10-13T19:22:31.548-0700][1256][info ][gc,heap     ] GC(36) Old regions: 212->243
[2025-10-13T19:22:31.548-0700][1256][info ][gc,heap     ] GC(36) Humongous regions: 0->0
[2025-10-13T19:22:31.548-0700][1256][info ][gc,metaspace] GC(36) Metaspace: 287328K(291136K)->287328K(291136K) NonClass: 251528K(253696K)->251528K(253696K) Class: 35800K(37440K)->35800K(37440K)
[2025-10-13T19:22:31.548-0700][1256][info ][gc          ] GC(36) Pause Young (Mixed) (G1 Evacuation Pause) 15963M->8841M(184320M) 125.585ms
[2025-10-13T19:22:31.550-0700][1256][info ][gc,cpu      ] GC(36) User=3.53s Sys=0.08s Real=0.13s
[2025-10-13T19:22:31.552-0700][1256][info ][safepoint   ] Safepoint "G1CollectForAllocation", Time since last: 42690106 ns, Reaching safepoint: 1084293 ns, Cleanup: 50806 ns, At safepoint: 130834878 ns, Total: 131969977 ns
[2025-10-13T19:22:31.826-0700][1256][info ][safepoint   ] Safepoint "ICBufferFull", Time since last: 272339664 ns, Reaching safepoint: 1036751 ns, Cleanup: 212061 ns, At safepoint: 558065 ns, Total: 1806877 ns
[2025-10-13T19:22:31.973-0700][1256][info ][safepoint   ] Safepoint "ICBufferFull", Time since last: 144409357 ns, Reaching safepoint: 2032258 ns, Cleanup: 191319 ns, At safepoint: 442400 ns, Total: 2665977 ns
[2025-10-13T19:22:31.974-0700][1256][info ][safepoint   ] Safepoint "ICBufferFull", Time since last: 344282 ns, Reaching safepoint: 709364 ns, Cleanup: 9855 ns, At safepoint: 420547 ns, Total: 1139766 ns
[2025-10-13T19:22:31.975-0700][1256][info ][safepoint   ] Safepoint "ICBufferFull", Time since last: 140162 ns, Reaching safepoint: 464824 ns, Cleanup: 13160 ns, At safepoint: 356941 ns, Total: 834925 ns
[2025-10-13T19:22:32.071-0700][1256][info ][safepoint   ] Safepoint "ICBufferFull", Time since last: 93930754 ns, Reaching safepoint: 963869 ns, Cleanup: 230189 ns, At safepoint: 913433 ns, Total: 2107491 ns
[2025-10-13T19:22:32.085-0700][1256][info ][gc,start    ] GC(37) Pause Young (Mixed) (G1 Evacuation Pause)
[2025-10-13T19:22:32.085-0700][1256][info ][gc,task     ] GC(37) Using 113 workers of 113 for evacuation
[2025-10-13T19:22:32.095-0700][1256][debug][gc,remset   ] GC(37) Visited cards 3804672 Total dirty 15466496 (24.60%) Total old 53805056 (7.07%)
[2025-10-13T19:22:32.209-0700][1256][info ][gc,phases   ] GC(37)   Pre Evacuate Collection Set: 0.7ms
[2025-10-13T19:22:32.210-0700][1256][info ][gc,phases   ] GC(37)   Merge Heap Roots: 8.9ms
[2025-10-13T19:22:32.210-0700][1256][info ][gc,phases   ] GC(37)   Evacuate Collection Set: 110.0ms
[2025-10-13T19:22:32.210-0700][1256][info ][gc,phases   ] GC(37)   Post Evacuate Collection Set: 4.4ms
[2025-10-13T19:22:32.210-0700][1256][info ][gc,phases   ] GC(37)   Other: 0.1ms
[2025-10-13T19:22:32.210-0700][1256][debug][gc,remset   ] GC(37) Coarsening (recent): Inline->AoC 0 (0) AoC->Howl 0 (0) Howl->Full 0 (0) Inline->AoC 0 (0) AoC->BitMap 0 (0) BitMap->Full 0 (0) 
[2025-10-13T19:22:32.210-0700][1256][debug][gc,remset   ] GC(37) Coarsening (all): Inline->AoC 14366 (8) AoC->Howl 556 (50) Howl->Full 0 (0) Inline->AoC 2010 (11) AoC->BitMap 539 (49) BitMap->Full 0 (0) 
[2025-10-13T19:22:32.210-0700][1256][info ][gc,heap     ] GC(37) Eden regions: 254->0(3420)
[2025-10-13T19:22:32.210-0700][1256][info ][gc,heap     ] GC(37) Survivor regions: 34->36(36)
[2025-10-13T19:22:32.210-0700][1256][info ][gc,heap     ] GC(37) Old regions: 243->256
[2025-10-13T19:22:32.210-0700][1256][info ][gc,heap     ] GC(37) Humongous regions: 0->0
[2025-10-13T19:22:32.210-0700][1256][info ][gc,metaspace] GC(37) Metaspace: 288033K(291840K)->288033K(291840K) NonClass: 252206K(254336K)->252206K(254336K) Class: 35826K(37504K)->35826K(37504K)
[2025-10-13T19:22:32.210-0700][1256][info ][gc          ] GC(37) Pause Young (Mixed) (G1 Evacuation Pause) 16969M->9326M(184320M) 124.283ms
[2025-10-13T19:22:32.211-0700][1256][info ][gc,cpu      ] GC(37) User=3.43s Sys=0.13s Real=0.13s
[2025-10-13T19:22:32.213-0700][1256][info ][safepoint   ] Safepoint "G1CollectForAllocation", Time since last: 11011628 ns, Reaching safepoint: 938702 ns, Cleanup: 20150 ns, At safepoint: 129408477 ns, Total: 130367329 ns
[2025-10-13T19:22:32.354-0700][1256][info ][safepoint   ] Safepoint "ICBufferFull", Time since last: 138793541 ns, Reaching safepoint: 1113697 ns, Cleanup: 190178 ns, At safepoint: 575572 ns, Total: 1879447 ns
[2025-10-13T19:22:32.355-0700][1256][info ][safepoint   ] Safepoint "ICBufferFull", Time since last: 478465 ns, Reaching safepoint: 873513 ns, Cleanup: 8963 ns, At safepoint: 455600 ns, Total: 1338076 ns
[2025-10-13T19:22:32.596-0700][1256][info ][safepoint   ] Safepoint "ICBufferFull", Time since last: 238799767 ns, Reaching safepoint: 1109069 ns, Cleanup: 191861 ns, At safepoint: 596463 ns, Total: 1897393 ns
[2025-10-13T19:22:32.715-0700][1256][info ][safepoint   ] Safepoint "ICBufferFull", Time since last: 116687420 ns, Reaching safepoint: 1156181 ns, Cleanup: 203298 ns, At safepoint: 740522 ns, Total: 2100001 ns
[2025-10-13T19:22:32.850-0700][1256][info ][gc,start    ] GC(38) Pause Young (Concurrent Start) (CodeCache GC Threshold)
[2025-10-13T19:22:32.851-0700][1256][info ][gc,task     ] GC(38) Using 113 workers of 113 for evacuation
[2025-10-13T19:22:32.862-0700][1256][debug][gc,remset   ] GC(38) Visited cards 4347392 Total dirty 16252928 (26.75%) Total old 59441152 (7.31%)
[2025-10-13T19:22:32.998-0700][1256][info ][gc,phases   ] GC(38)   Pre Evacuate Collection Set: 3.0ms
[2025-10-13T19:22:32.998-0700][1256][info ][gc,phases   ] GC(38)   Merge Heap Roots: 8.5ms
[2025-10-13T19:22:32.998-0700][1256][info ][gc,phases   ] GC(38)   Evacuate Collection Set: 130.8ms
[2025-10-13T19:22:32.998-0700][1256][info ][gc,phases   ] GC(38)   Post Evacuate Collection Set: 4.8ms
[2025-10-13T19:22:32.998-0700][1256][info ][gc,phases   ] GC(38)   Other: 0.1ms
[2025-10-13T19:22:32.998-0700][1256][debug][gc,remset   ] GC(38) Coarsening (recent): Inline->AoC 0 (0) AoC->Howl 0 (0) Howl->Full 0 (0) Inline->AoC 0 (0) AoC->BitMap 0 (0) BitMap->Full 0 (0) 
[2025-10-13T19:22:32.998-0700][1256][debug][gc,remset   ] GC(38) Coarsening (all): Inline->AoC 14366 (8) AoC->Howl 556 (50) Howl->Full 0 (0) Inline->AoC 2010 (11) AoC->BitMap 539 (49) BitMap->Full 0 (0) 
[2025-10-13T19:22:32.998-0700][1256][info ][gc,heap     ] GC(38) Eden regions: 288->0(654)
[2025-10-13T19:22:32.998-0700][1256][info ][gc,heap     ] GC(38) Survivor regions: 36->47(432)
[2025-10-13T19:22:32.998-0700][1256][info ][gc,heap     ] GC(38) Old regions: 256->256
[2025-10-13T19:22:32.998-0700][1256][info ][gc,heap     ] GC(38) Humongous regions: 3->1
[2025-10-13T19:22:32.998-0700][1256][info ][gc,metaspace] GC(38) Metaspace: 289316K(293248K)->289316K(293248K) NonClass: 253357K(255552K)->253357K(255552K) Class: 35959K(37696K)->35959K(37696K)
[2025-10-13T19:22:32.998-0700][1256][info ][gc          ] GC(38) Pause Young (Concurrent Start) (CodeCache GC Threshold) 18638M->9704M(184320M) 147.457ms
[2025-10-13T19:22:32.998-0700][1089][info ][gc          ] GC(39) Concurrent Mark Cycle
[2025-10-13T19:22:32.998-0700][1089][info ][gc,marking  ] GC(39) Concurrent Scan Root Regions
[2025-10-13T19:22:33.000-0700][1256][info ][gc,cpu      ] GC(38) User=3.45s Sys=0.09s Real=0.15s
[2025-10-13T19:22:33.002-0700][1256][info ][safepoint   ] Safepoint "G1TryInitiateConcMark", Time since last: 132413418 ns, Reaching safepoint: 1298917 ns, Cleanup: 83507 ns, At safepoint: 153064555 ns, Total: 154446979 ns
[2025-10-13T19:22:33.017-0700][1089][info ][gc,marking  ] GC(39) Concurrent Scan Root Regions 19.069ms
[2025-10-13T19:22:33.017-0700][1089][info ][gc,marking  ] GC(39) Concurrent Mark
[2025-10-13T19:22:33.017-0700][1089][info ][gc,marking  ] GC(39) Concurrent Mark From Roots
[2025-10-13T19:22:33.017-0700][1089][info ][gc,task     ] GC(39) Using 36 workers of 36 for marking
[2025-10-13T19:22:33.162-0700][1256][info ][safepoint   ] Safepoint "ICBufferFull", Time since last: 133847530 ns, Reaching safepoint: 24941676 ns, Cleanup: 143828 ns, At safepoint: 1818233 ns, Total: 26903737 ns
[2025-10-13T19:22:33.168-0700][1256][info ][safepoint   ] Safepoint "ICBufferFull", Time since last: 1029319 ns, Reaching safepoint: 1411829 ns, Cleanup: 7581 ns, At safepoint: 3174789 ns, Total: 4594199 ns
[2025-10-13T19:22:33.191-0700][1256][info ][safepoint   ] Safepoint "ICBufferFull", Time since last: 6342075 ns, Reaching safepoint: 15437982 ns, Cleanup: 27782 ns, At safepoint: 928136 ns, Total: 16393900 ns
[2025-10-13T19:22:33.254-0700][1089][info ][gc,marking  ] GC(39) Concurrent Mark From Roots 236.635ms
[2025-10-13T19:22:33.254-0700][1089][info ][gc,marking  ] GC(39) Concurrent Preclean
[2025-10-13T19:22:33.259-0700][1089][info ][gc,marking  ] GC(39) Concurrent Preclean 5.280ms
[2025-10-13T19:22:33.264-0700][1256][info ][gc,start    ] GC(39) Pause Remark
[2025-10-13T19:22:33.689-0700][1256][info ][gc,mmu      ] GC(39) MMU target violated: 201.0ms (200.0ms/201.0ms)
[2025-10-13T19:22:33.689-0700][1256][info ][gc          ] GC(39) Pause Remark 14184M->14184M(184320M) 425.521ms
[2025-10-13T19:22:33.691-0700][1256][info ][gc,cpu      ] GC(39) User=11.36s Sys=0.13s Real=0.43s
[2025-10-13T19:22:33.696-0700][1256][info ][safepoint   ] Safepoint "G1PauseRemark", Time since last: 68835605 ns, Reaching safepoint: 1824083 ns, Cleanup: 70707 ns, At safepoint: 434586036 ns, Total: 436480826 ns
[2025-10-13T19:22:33.696-0700][1089][info ][gc,marking  ] GC(39) Concurrent Mark 678.815ms
[2025-10-13T19:22:33.696-0700][1089][info ][gc,marking  ] GC(39) Concurrent Rebuild Remembered Sets and Scrub Regions
[2025-10-13T19:22:33.907-0700][1256][info ][gc,start    ] GC(40) Pause Young (Normal) (G1 Evacuation Pause)
[2025-10-13T19:22:33.907-0700][1256][info ][gc,task     ] GC(40) Using 113 workers of 113 for evacuation
[2025-10-13T19:22:33.916-0700][1256][debug][gc,remset   ] GC(40) Visited cards 4554240 Total dirty 15466496 (29.45%) Total old 54722560 (8.32%)
[2025-10-13T19:22:34.031-0700][1256][info ][gc,phases   ] GC(40)   Pre Evacuate Collection Set: 0.7ms
[2025-10-13T19:22:34.031-0700][1256][info ][gc,phases   ] GC(40)   Merge Heap Roots: 8.7ms
[2025-10-13T19:22:34.031-0700][1256][info ][gc,phases   ] GC(40)   Evacuate Collection Set: 108.0ms
[2025-10-13T19:22:34.031-0700][1256][info ][gc,phases   ] GC(40)   Post Evacuate Collection Set: 7.0ms
[2025-10-13T19:22:34.031-0700][1256][info ][gc,phases   ] GC(40)   Other: 0.1ms
[2025-10-13T19:22:34.031-0700][1256][debug][gc,remset   ] GC(40) Coarsening (recent): Inline->AoC 22459 (0) AoC->Howl 1488 (0) Howl->Full 0 (0) Inline->AoC 8204 (0) AoC->BitMap 1536 (0) BitMap->Full 0 (0) 
[2025-10-13T19:22:34.031-0700][1256][debug][gc,remset   ] GC(40) Coarsening (all): Inline->AoC 36825 (8) AoC->Howl 2044 (50) Howl->Full 0 (0) Inline->AoC 10214 (11) AoC->BitMap 2075 (49) BitMap->Full 0 (0) 
[2025-10-13T19:22:34.031-0700][1256][info ][gc,heap     ] GC(40) Eden regions: 241->0(766)
[2025-10-13T19:22:34.031-0700][1256][info ][gc,heap     ] GC(40) Survivor regions: 47->32(36)
[2025-10-13T19:22:34.031-0700][1256][info ][gc,heap     ] GC(40) Old regions: 256->273
[2025-10-13T19:22:34.031-0700][1256][info ][gc,heap     ] GC(40) Humongous regions: 3->0
[2025-10-13T19:22:34.031-0700][1256][info ][gc,metaspace] GC(40) Metaspace: 289913K(293824K)->289913K(293824K) NonClass: 253879K(256064K)->253879K(256064K) Class: 36033K(37760K)->36033K(37760K)
[2025-10-13T19:22:34.031-0700][1256][info ][gc          ] GC(40) Pause Young (Normal) (G1 Evacuation Pause) 17480M->9734M(184320M) 124.653ms
[2025-10-13T19:22:34.033-0700][1256][info ][gc,cpu      ] GC(40) User=3.35s Sys=0.18s Real=0.13s
[2025-10-13T19:22:34.035-0700][1256][info ][safepoint   ] Safepoint "G1CollectForAllocation", Time since last: 187567693 ns, Reaching safepoint: 21055800 ns, Cleanup: 259874 ns, At safepoint: 129558374 ns, Total: 150874048 ns
[2025-10-13T19:22:34.041-0700][1089][info ][gc,marking  ] GC(39) Concurrent Rebuild Remembered Sets and Scrub Regions 344.743ms
[2025-10-13T19:22:34.044-0700][1256][info ][gc,start    ] GC(39) Pause Cleanup
[2025-10-13T19:22:34.044-0700][1256][info ][gc          ] GC(39) Pause Cleanup 9935M->9935M(184320M) 0.701ms
[2025-10-13T19:22:34.045-0700][1256][info ][gc,cpu      ] GC(39) User=0.01s Sys=0.01s Real=0.00s
[2025-10-13T19:22:34.045-0700][1256][info ][safepoint   ] Safepoint "G1PauseCleanup", Time since last: 6523219 ns, Reaching safepoint: 711468 ns, Cleanup: 22244 ns, At safepoint: 3278094 ns, Total: 4011806 ns
[2025-10-13T19:22:34.045-0700][1089][info ][gc,marking  ] GC(39) Concurrent Clear Claimed Marks
[2025-10-13T19:22:34.046-0700][1089][info ][gc,marking  ] GC(39) Concurrent Clear Claimed Marks 0.723ms
[2025-10-13T19:22:34.046-0700][1089][info ][gc,marking  ] GC(39) Concurrent Cleanup for Next Mark
[2025-10-13T19:22:34.085-0700][1089][info ][gc,marking  ] GC(39) Concurrent Cleanup for Next Mark 39.460ms
[2025-10-13T19:22:34.085-0700][1089][info ][gc          ] GC(39) Concurrent Mark Cycle 1087.161ms
[2025-10-13T19:22:34.217-0700][1256][info ][safepoint   ] Safepoint "ICBufferFull", Time since last: 170352469 ns, Reaching safepoint: 1047257 ns, Cleanup: 179311 ns, At safepoint: 706700 ns, Total: 1933268 ns
[2025-10-13T19:22:34.472-0700][1256][info ][safepoint   ] Safepoint "ICBufferFull", Time since last: 250549042 ns, Reaching safepoint: 1131684 ns, Cleanup: 185711 ns, At safepoint: 2995267 ns, Total: 4312662 ns
[2025-10-13T19:22:34.476-0700][1256][info ][safepoint   ] Safepoint "ICBufferFull", Time since last: 1194038 ns, Reaching safepoint: 1129010 ns, Cleanup: 9284 ns, At safepoint: 1581576 ns, Total: 2719870 ns
[2025-10-13T19:22:34.480-0700][1256][info ][safepoint   ] Safepoint "ICBufferFull", Time since last: 2047651 ns, Reaching safepoint: 1014356 ns, Cleanup: 17226 ns, At safepoint: 709304 ns, Total: 1740886 ns
[2025-10-13T19:22:34.484-0700][1256][info ][safepoint   ] Safepoint "ICBufferFull", Time since last: 868366 ns, Reaching safepoint: 977160 ns, Cleanup: 3385 ns, At safepoint: 1739384 ns, Total: 2719929 ns
[2025-10-13T19:22:34.488-0700][1256][info ][safepoint   ] Safepoint "ICBufferFull", Time since last: 145330 ns, Reaching safepoint: 909878 ns, Cleanup: 3936 ns, At safepoint: 3250373 ns, Total: 4164187 ns
[2025-10-13T19:22:34.491-0700][1256][info ][safepoint   ] Safepoint "ICBufferFull", Time since last: 1191725 ns, Reaching safepoint: 1088819 ns, Cleanup: 14753 ns, At safepoint: 1129220 ns, Total: 2232792 ns
[2025-10-13T19:22:34.501-0700][1256][info ][safepoint   ] Safepoint "ICBufferFull", Time since last: 141154 ns, Reaching safepoint: 8375234 ns, Cleanup: 9595 ns, At safepoint: 906343 ns, Total: 9291172 ns
[2025-10-13T19:22:34.505-0700][1256][info ][safepoint   ] Safepoint "ICBufferFull", Time since last: 1577649 ns, Reaching safepoint: 989208 ns, Cleanup: 9024 ns, At safepoint: 1367241 ns, Total: 2365473 ns
[2025-10-13T19:22:34.507-0700][1256][info ][safepoint   ] Safepoint "ICBufferFull", Time since last: 337721 ns, Reaching safepoint: 893814 ns, Cleanup: 3595 ns, At safepoint: 777949 ns, Total: 1675358 ns
[2025-10-13T19:22:34.510-0700][1256][info ][safepoint   ] Safepoint "ICBufferFull", Time since last: 948126 ns, Reaching safepoint: 2143987 ns, Cleanup: 4647 ns, At safepoint: 652158 ns, Total: 2800792 ns
[2025-10-13T19:22:34.536-0700][1256][info ][safepoint   ] Safepoint "ICBufferFull", Time since last: 23841038 ns, Reaching safepoint: 1051793 ns, Cleanup: 10576 ns, At safepoint: 706430 ns, Total: 1768799 ns
[2025-10-13T19:22:34.545-0700][1256][info ][safepoint   ] Safepoint "ICBufferFull", Time since last: 1087968 ns, Reaching safepoint: 7141967 ns, Cleanup: 5538 ns, At safepoint: 840493 ns, Total: 7987998 ns
[2025-10-13T19:22:34.548-0700][1256][info ][safepoint   ] Safepoint "ICBufferFull", Time since last: 540659 ns, Reaching safepoint: 2136186 ns, Cleanup: 4096 ns, At safepoint: 707682 ns, Total: 2847964 ns
[2025-10-13T19:22:34.552-0700][1256][info ][safepoint   ] Safepoint "ICBufferFull", Time since last: 1303894 ns, Reaching safepoint: 1223944 ns, Cleanup: 5398 ns, At safepoint: 1056521 ns, Total: 2285863 ns
[2025-10-13T19:22:34.555-0700][1256][info ][safepoint   ] Safepoint "ICBufferFull", Time since last: 788343 ns, Reaching safepoint: 956569 ns, Cleanup: 10436 ns, At safepoint: 992093 ns, Total: 1959098 ns
[2025-10-13T19:22:34.560-0700][1256][info ][safepoint   ] Safepoint "ICBufferFull", Time since last: 3148078 ns, Reaching safepoint: 1018983 ns, Cleanup: 5018 ns, At safepoint: 1440651 ns, Total: 2464652 ns
[2025-10-13T19:22:34.597-0700][1256][info ][safepoint   ] Safepoint "ICBufferFull", Time since last: 34276064 ns, Reaching safepoint: 1127908 ns, Cleanup: 17747 ns, At safepoint: 829646 ns, Total: 1975301 ns
[2025-10-13T19:22:34.599-0700][1256][info ][safepoint   ] Safepoint "ICBufferFull", Time since last: 634171 ns, Reaching safepoint: 1108048 ns, Cleanup: 4887 ns, At safepoint: 707652 ns, Total: 1820587 ns
[2025-10-13T19:22:34.602-0700][1256][info ][gc,start    ] GC(41) Pause Young (Prepare Mixed) (G1 Evacuation Pause)
[2025-10-13T19:22:34.602-0700][1256][info ][gc,task     ] GC(41) Using 113 workers of 113 for evacuation
[2025-10-13T19:22:34.613-0700][1256][debug][gc,remset   ] GC(41) Visited cards 5077760 Total dirty 16973824 (29.92%) Total old 55771136 (9.10%)
[2025-10-13T19:22:34.716-0700][1256][info ][gc,phases   ] GC(41)   Pre Evacuate Collection Set: 0.8ms
[2025-10-13T19:22:34.716-0700][1256][info ][gc,phases   ] GC(41)   Merge Heap Roots: 10.5ms
[2025-10-13T19:22:34.716-0700][1256][info ][gc,phases   ] GC(41)   Evacuate Collection Set: 98.1ms
[2025-10-13T19:22:34.716-0700][1256][info ][gc,phases   ] GC(41)   Post Evacuate Collection Set: 4.6ms
[2025-10-13T19:22:34.716-0700][1256][info ][gc,phases   ] GC(41)   Other: 0.1ms
[2025-10-13T19:22:34.716-0700][1256][debug][gc,remset   ] GC(41) Coarsening (recent): Inline->AoC 6 (0) AoC->Howl 1 (0) Howl->Full 0 (0) Inline->AoC 21 (0) AoC->BitMap 7 (0) BitMap->Full 0 (0) 
[2025-10-13T19:22:34.716-0700][1256][debug][gc,remset   ] GC(41) Coarsening (all): Inline->AoC 36831 (8) AoC->Howl 2045 (50) Howl->Full 0 (0) Inline->AoC 10235 (11) AoC->BitMap 2082 (49) BitMap->Full 0 (0) 
[2025-10-13T19:22:34.716-0700][1256][info ][gc,heap     ] GC(41) Eden regions: 256->0(3420)
[2025-10-13T19:22:34.716-0700][1256][info ][gc,heap     ] GC(41) Survivor regions: 32->36(36)
[2025-10-13T19:22:34.716-0700][1256][info ][gc,heap     ] GC(41) Old regions: 273->284
[2025-10-13T19:22:34.716-0700][1256][info ][gc,heap     ] GC(41) Humongous regions: 2->1
[2025-10-13T19:22:34.716-0700][1256][info ][gc,metaspace] GC(41) Metaspace: 290725K(294784K)->290725K(294784K) NonClass: 254632K(256896K)->254632K(256896K) Class: 36093K(37888K)->36093K(37888K)
[2025-10-13T19:22:34.716-0700][1256][info ][gc          ] GC(41) Pause Young (Prepare Mixed) (G1 Evacuation Pause) 17990M->10266M(184320M) 114.263ms
[2025-10-13T19:22:34.718-0700][1256][info ][gc,cpu      ] GC(41) User=3.84s Sys=0.12s Real=0.11s
[2025-10-13T19:22:34.720-0700][1256][info ][safepoint   ] Safepoint "G1CollectForAllocation", Time since last: 151840 ns, Reaching safepoint: 782575 ns, Cleanup: 3596 ns, At safepoint: 119747284 ns, Total: 120533455 ns
[2025-10-13T19:22:35.179-0700][1256][info ][safepoint   ] Safepoint "ICBufferFull", Time since last: 456822936 ns, Reaching safepoint: 1225686 ns, Cleanup: 223859 ns, At safepoint: 1225757 ns, Total: 2675302 ns
[2025-10-13T19:22:35.186-0700][1256][info ][safepoint   ] Safepoint "ICBufferFull", Time since last: 466366 ns, Reaching safepoint: 1111503 ns, Cleanup: 9355 ns, At safepoint: 5154056 ns, Total: 6274914 ns
[2025-10-13T19:22:35.803-0700][1256][info ][safepoint   ] Safepoint "ICBufferFull", Time since last: 612954446 ns, Reaching safepoint: 3193527 ns, Cleanup: 197368 ns, At safepoint: 685529 ns, Total: 4076424 ns
[2025-10-13T19:22:35.813-0700][1256][info ][safepoint   ] Safepoint "ICBufferFull", Time since last: 7184771 ns, Reaching safepoint: 1097302 ns, Cleanup: 16646 ns, At safepoint: 1315672 ns, Total: 2429620 ns
[2025-10-13T19:22:35.816-0700][1256][info ][safepoint   ] Safepoint "ICBufferFull", Time since last: 1149061 ns, Reaching safepoint: 1087276 ns, Cleanup: 10116 ns, At safepoint: 1519491 ns, Total: 2616883 ns
[2025-10-13T19:22:35.820-0700][1256][info ][safepoint   ] Safepoint "ICBufferFull", Time since last: 1237184 ns, Reaching safepoint: 828555 ns, Cleanup: 4817 ns, At safepoint: 1017882 ns, Total: 1851254 ns
[2025-10-13T19:22:35.822-0700][1256][info ][safepoint   ] Safepoint "ICBufferFull", Time since last: 557324 ns, Reaching safepoint: 740932 ns, Cleanup: 3255 ns, At safepoint: 826311 ns, Total: 1570498 ns
[2025-10-13T19:22:35.824-0700][1256][info ][safepoint   ] Safepoint "ICBufferFull", Time since last: 488540 ns, Reaching safepoint: 732580 ns, Cleanup: 2564 ns, At safepoint: 708753 ns, Total: 1443897 ns
[2025-10-13T19:22:35.826-0700][1256][info ][safepoint   ] Safepoint "ICBufferFull", Time since last: 731258 ns, Reaching safepoint: 1223292 ns, Cleanup: 3756 ns, At safepoint: 624416 ns, Total: 1851464 ns
[2025-10-13T19:22:35.829-0700][1256][info ][safepoint   ] Safepoint "ICBufferFull", Time since last: 761213 ns, Reaching safepoint: 713130 ns, Cleanup: 3866 ns, At safepoint: 893773 ns, Total: 1610769 ns
[2025-10-13T19:22:35.835-0700][1256][info ][safepoint   ] Safepoint "ICBufferFull", Time since last: 4481518 ns, Reaching safepoint: 980315 ns, Cleanup: 11056 ns, At safepoint: 502511 ns, Total: 1493882 ns
[2025-10-13T19:22:35.837-0700][1256][info ][safepoint   ] Safepoint "ICBufferFull", Time since last: 622824 ns, Reaching safepoint: 1544920 ns, Cleanup: 4146 ns, At safepoint: 534970 ns, Total: 2084036 ns
[2025-10-13T19:22:35.840-0700][1256][info ][safepoint   ] Safepoint "ICBufferFull", Time since last: 1594034 ns, Reaching safepoint: 689204 ns, Cleanup: 8964 ns, At safepoint: 585567 ns, Total: 1283735 ns
[2025-10-13T19:22:35.842-0700][1256][info ][safepoint   ] Safepoint "ICBufferFull", Time since last: 607870 ns, Reaching safepoint: 701843 ns, Cleanup: 3846 ns, At safepoint: 519086 ns, Total: 1224775 ns
[2025-10-13T19:22:35.844-0700][1256][info ][safepoint   ] Safepoint "ICBufferFull", Time since last: 665869 ns, Reaching safepoint: 792640 ns, Cleanup: 9565 ns, At safepoint: 708483 ns, Total: 1510688 ns
[2025-10-13T19:22:35.846-0700][1256][info ][safepoint   ] Safepoint "ICBufferFull", Time since last: 801263 ns, Reaching safepoint: 727342 ns, Cleanup: 2924 ns, At safepoint: 623415 ns, Total: 1353681 ns
[2025-10-13T19:22:35.849-0700][1256][info ][safepoint   ] Safepoint "ICBufferFull", Time since last: 925622 ns, Reaching safepoint: 1077962 ns, Cleanup: 11808 ns, At safepoint: 545096 ns, Total: 1634866 ns
[2025-10-13T19:22:35.851-0700][1256][info ][safepoint   ] Safepoint "ICBufferFull", Time since last: 850989 ns, Reaching safepoint: 943238 ns, Cleanup: 3796 ns, At safepoint: 624516 ns, Total: 1571550 ns
[2025-10-13T19:22:35.853-0700][1256][info ][safepoint   ] Safepoint "ICBufferFull", Time since last: 644195 ns, Reaching safepoint: 759481 ns, Cleanup: 3305 ns, At safepoint: 504063 ns, Total: 1266849 ns
[2025-10-13T19:22:35.856-0700][1256][info ][safepoint   ] Safepoint "ICBufferFull", Time since last: 727953 ns, Reaching safepoint: 1010080 ns, Cleanup: 10365 ns, At safepoint: 630766 ns, Total: 1651211 ns
[2025-10-13T19:22:35.858-0700][1256][info ][safepoint   ] Safepoint "ICBufferFull", Time since last: 568210 ns, Reaching safepoint: 967816 ns, Cleanup: 4326 ns, At safepoint: 647030 ns, Total: 1619172 ns
[2025-10-13T19:22:35.861-0700][1256][info ][safepoint   ] Safepoint "ICBufferFull", Time since last: 709134 ns, Reaching safepoint: 1581165 ns, Cleanup: 4607 ns, At safepoint: 550514 ns, Total: 2136286 ns
[2025-10-13T19:22:35.863-0700][1256][info ][safepoint   ] Safepoint "ICBufferFull", Time since last: 516913 ns, Reaching safepoint: 846472 ns, Cleanup: 3445 ns, At safepoint: 640681 ns, Total: 1490598 ns
[2025-10-13T19:22:35.865-0700][1256][info ][safepoint   ] Safepoint "ICBufferFull", Time since last: 802876 ns, Reaching safepoint: 737246 ns, Cleanup: 3566 ns, At safepoint: 583834 ns, Total: 1324646 ns
[2025-10-13T19:22:35.867-0700][1256][info ][safepoint   ] Safepoint "ICBufferFull", Time since last: 425634 ns, Reaching safepoint: 688303 ns, Cleanup: 3736 ns, At safepoint: 678187 ns, Total: 1370226 ns
[2025-10-13T19:22:35.869-0700][1256][info ][safepoint   ] Safepoint "ICBufferFull", Time since last: 1315893 ns, Reaching safepoint: 888015 ns, Cleanup: 3305 ns, At safepoint: 628692 ns, Total: 1520012 ns
[2025-10-13T19:22:35.872-0700][1256][info ][safepoint   ] Safepoint "ICBufferFull", Time since last: 614651 ns, Reaching safepoint: 1339438 ns, Cleanup: 3716 ns, At safepoint: 568962 ns, Total: 1912116 ns
[2025-10-13T19:22:35.874-0700][1256][info ][safepoint   ] Safepoint "ICBufferFull", Time since last: 671106 ns, Reaching safepoint: 680851 ns, Cleanup: 3375 ns, At safepoint: 549132 ns, Total: 1233358 ns
[2025-10-13T19:22:35.876-0700][1256][info ][safepoint   ] Safepoint "ICBufferFull", Time since last: 631537 ns, Reaching safepoint: 891310 ns, Cleanup: 4557 ns, At safepoint: 481268 ns, Total: 1377135 ns
[2025-10-13T19:22:35.878-0700][1256][info ][safepoint   ] Safepoint "ICBufferFull", Time since last: 820603 ns, Reaching safepoint: 878060 ns, Cleanup: 3766 ns, At safepoint: 500608 ns, Total: 1382434 ns
[2025-10-13T19:22:35.880-0700][1256][info ][safepoint   ] Safepoint "ICBufferFull", Time since last: 761463 ns, Reaching safepoint: 649314 ns, Cleanup: 3165 ns, At safepoint: 393826 ns, Total: 1046305 ns
[2025-10-13T19:22:35.882-0700][1256][info ][safepoint   ] Safepoint "ICBufferFull", Time since last: 714122 ns, Reaching safepoint: 1061317 ns, Cleanup: 5048 ns, At safepoint: 620419 ns, Total: 1686784 ns
[2025-10-13T19:22:35.884-0700][1256][info ][safepoint   ] Safepoint "ICBufferFull", Time since last: 541731 ns, Reaching safepoint: 1201460 ns, Cleanup: 3785 ns, At safepoint: 385855 ns, Total: 1591100 ns
[2025-10-13T19:22:35.886-0700][1256][info ][safepoint   ] Safepoint "ICBufferFull", Time since last: 514369 ns, Reaching safepoint: 560669 ns, Cleanup: 9294 ns, At safepoint: 403591 ns, Total: 973554 ns
[2025-10-13T19:22:35.888-0700][1256][info ][safepoint   ] Safepoint "ICBufferFull", Time since last: 547980 ns, Reaching safepoint: 689344 ns, Cleanup: 8553 ns, At safepoint: 528461 ns, Total: 1226358 ns
[2025-10-13T19:22:35.889-0700][1256][info ][safepoint   ] Safepoint "ICBufferFull", Time since last: 558315 ns, Reaching safepoint: 624847 ns, Cleanup: 2884 ns, At safepoint: 525606 ns, Total: 1153337 ns
[2025-10-13T19:22:35.891-0700][1256][info ][safepoint   ] Safepoint "ICBufferFull", Time since last: 670946 ns, Reaching safepoint: 691257 ns, Cleanup: 2915 ns, At safepoint: 459556 ns, Total: 1153728 ns
[2025-10-13T19:22:35.893-0700][1256][info ][safepoint   ] Safepoint "ICBufferFull", Time since last: 540108 ns, Reaching safepoint: 621962 ns, Cleanup: 2744 ns, At safepoint: 468770 ns, Total: 1093476 ns
[2025-10-13T19:22:35.895-0700][1256][info ][safepoint   ] Safepoint "ICBufferFull", Time since last: 534399 ns, Reaching safepoint: 1050040 ns, Cleanup: 4027 ns, At safepoint: 744978 ns, Total: 1799045 ns
[2025-10-13T19:22:35.898-0700][1256][info ][safepoint   ] Safepoint "ICBufferFull", Time since last: 695263 ns, Reaching safepoint: 1422625 ns, Cleanup: 5257 ns, At safepoint: 534570 ns, Total: 1962452 ns
[2025-10-13T19:22:35.903-0700][1256][info ][safepoint   ] Safepoint "ICBufferFull", Time since last: 3517297 ns, Reaching safepoint: 953635 ns, Cleanup: 12378 ns, At safepoint: 521530 ns, Total: 1487543 ns
[2025-10-13T19:22:35.906-0700][1256][info ][safepoint   ] Safepoint "ICBufferFull", Time since last: 1375614 ns, Reaching safepoint: 864128 ns, Cleanup: 4077 ns, At safepoint: 501679 ns, Total: 1369884 ns
[2025-10-13T19:22:35.909-0700][1256][info ][safepoint   ] Safepoint "ICBufferFull", Time since last: 705158 ns, Reaching safepoint: 1856743 ns, Cleanup: 3425 ns, At safepoint: 454729 ns, Total: 2314897 ns
[2025-10-13T19:22:35.910-0700][1256][info ][safepoint   ] Safepoint "ICBufferFull", Time since last: 466025 ns, Reaching safepoint: 684948 ns, Cleanup: 2954 ns, At safepoint: 470793 ns, Total: 1158695 ns
[2025-10-13T19:22:35.912-0700][1256][info ][safepoint   ] Safepoint "ICBufferFull", Time since last: 902748 ns, Reaching safepoint: 714051 ns, Cleanup: 3716 ns, At safepoint: 424322 ns, Total: 1142089 ns
[2025-10-13T19:22:35.914-0700][1256][info ][safepoint   ] Safepoint "ICBufferFull", Time since last: 716115 ns, Reaching safepoint: 748343 ns, Cleanup: 3355 ns, At safepoint: 475460 ns, Total: 1227158 ns
[2025-10-13T19:22:35.916-0700][1256][info ][safepoint   ] Safepoint "ICBufferFull", Time since last: 515141 ns, Reaching safepoint: 616974 ns, Cleanup: 3015 ns, At safepoint: 452645 ns, Total: 1072634 ns
[2025-10-13T19:22:35.917-0700][1256][info ][safepoint   ] Safepoint "ICBufferFull", Time since last: 659810 ns, Reaching safepoint: 559046 ns, Cleanup: 3385 ns, At safepoint: 383561 ns, Total: 945992 ns
[2025-10-13T19:22:35.919-0700][1256][info ][safepoint   ] Safepoint "ICBufferFull", Time since last: 543714 ns, Reaching safepoint: 1230113 ns, Cleanup: 3125 ns, At safepoint: 331612 ns, Total: 1564850 ns
[2025-10-13T19:22:35.921-0700][1256][info ][safepoint   ] Safepoint "ICBufferFull", Time since last: 595642 ns, Reaching safepoint: 575662 ns, Cleanup: 2323 ns, At safepoint: 350081 ns, Total: 928066 ns
[2025-10-13T19:22:35.923-0700][1256][info ][safepoint   ] Safepoint "ICBufferFull", Time since last: 612037 ns, Reaching safepoint: 582622 ns, Cleanup: 14111 ns, At safepoint: 338593 ns, Total: 935326 ns
[2025-10-13T19:22:35.924-0700][1256][info ][safepoint   ] Safepoint "ICBufferFull", Time since last: 499417 ns, Reaching safepoint: 559297 ns, Cleanup: 2714 ns, At safepoint: 407136 ns, Total: 969147 ns
[2025-10-13T19:22:35.926-0700][1256][info ][safepoint   ] Safepoint "ICBufferFull", Time since last: 487629 ns, Reaching safepoint: 968427 ns, Cleanup: 4497 ns, At safepoint: 605296 ns, Total: 1578220 ns
[2025-10-13T19:22:35.928-0700][1256][info ][safepoint   ] Safepoint "ICBufferFull", Time since last: 588982 ns, Reaching safepoint: 853032 ns, Cleanup: 13150 ns, At safepoint: 508771 ns, Total: 1374953 ns
[2025-10-13T19:22:35.931-0700][1256][info ][safepoint   ] Safepoint "ICBufferFull", Time since last: 602723 ns, Reaching safepoint: 1837433 ns, Cleanup: 4657 ns, At safepoint: 506887 ns, Total: 2348977 ns
[2025-10-13T19:22:35.934-0700][1256][info ][safepoint   ] Safepoint "ICBufferFull", Time since last: 1318497 ns, Reaching safepoint: 894094 ns, Cleanup: 4147 ns, At safepoint: 716966 ns, Total: 1615207 ns
[2025-10-13T19:22:35.937-0700][1256][info ][safepoint   ] Safepoint "ICBufferFull", Time since last: 1448634 ns, Reaching safepoint: 908456 ns, Cleanup: 4136 ns, At safepoint: 694281 ns, Total: 1606873 ns
[2025-10-13T19:22:35.940-0700][1256][info ][safepoint   ] Safepoint "ICBufferFull", Time since last: 1370937 ns, Reaching safepoint: 925521 ns, Cleanup: 4307 ns, At safepoint: 741503 ns, Total: 1671331 ns
[2025-10-13T19:22:35.943-0700][1256][info ][safepoint   ] Safepoint "ICBufferFull", Time since last: 550113 ns, Reaching safepoint: 1569808 ns, Cleanup: 4827 ns, At safepoint: 561420 ns, Total: 2136055 ns
[2025-10-13T19:22:35.945-0700][1256][info ][safepoint   ] Safepoint "ICBufferFull", Time since last: 577134 ns, Reaching safepoint: 1075239 ns, Cleanup: 4577 ns, At safepoint: 791389 ns, Total: 1871205 ns
[2025-10-13T19:22:35.947-0700][1256][info ][safepoint   ] Safepoint "ICBufferFull", Time since last: 617935 ns, Reaching safepoint: 816988 ns, Cleanup: 3806 ns, At safepoint: 576723 ns, Total: 1397517 ns
[2025-10-13T19:22:35.949-0700][1256][info ][safepoint   ] Safepoint "ICBufferFull", Time since last: 657446 ns, Reaching safepoint: 693080 ns, Cleanup: 3365 ns, At safepoint: 484884 ns, Total: 1181329 ns
[2025-10-13T19:22:35.953-0700][1256][info ][safepoint   ] Safepoint "ICBufferFull", Time since last: 2386274 ns, Reaching safepoint: 897630 ns, Cleanup: 3825 ns, At safepoint: 379205 ns, Total: 1280660 ns
[2025-10-13T19:22:35.955-0700][1256][info ][safepoint   ] Safepoint "ICBufferFull", Time since last: 888145 ns, Reaching safepoint: 1150593 ns, Cleanup: 4226 ns, At safepoint: 526678 ns, Total: 1681497 ns
[2025-10-13T19:22:35.959-0700][1256][info ][safepoint   ] Safepoint "ICBufferFull", Time since last: 1458779 ns, Reaching safepoint: 1348382 ns, Cleanup: 5438 ns, At safepoint: 897340 ns, Total: 2251160 ns
[2025-10-13T19:22:35.961-0700][1256][info ][safepoint   ] Safepoint "ICBufferFull", Time since last: 569202 ns, Reaching safepoint: 1043620 ns, Cleanup: 4657 ns, At safepoint: 818119 ns, Total: 1866396 ns
[2025-10-13T19:22:35.970-0700][1256][info ][safepoint   ] Safepoint "ICBufferFull", Time since last: 7301609 ns, Reaching safepoint: 1045814 ns, Cleanup: 5098 ns, At safepoint: 523012 ns, Total: 1573924 ns
[2025-10-13T19:22:35.972-0700][1256][info ][safepoint   ] Safepoint "ICBufferFull", Time since last: 383331 ns, Reaching safepoint: 749385 ns, Cleanup: 2523 ns, At safepoint: 518355 ns, Total: 1270263 ns
[2025-10-13T19:22:35.974-0700][1256][info ][safepoint   ] Safepoint "ICBufferFull", Time since last: 554610 ns, Reaching safepoint: 671147 ns, Cleanup: 3535 ns, At safepoint: 563083 ns, Total: 1237765 ns
[2025-10-13T19:22:35.976-0700][1256][info ][safepoint   ] Safepoint "ICBufferFull", Time since last: 647010 ns, Reaching safepoint: 626058 ns, Cleanup: 2474 ns, At safepoint: 545917 ns, Total: 1174449 ns
[2025-10-13T19:22:35.978-0700][1256][info ][safepoint   ] Safepoint "ICBufferFull", Time since last: 1254570 ns, Reaching safepoint: 767913 ns, Cleanup: 3655 ns, At safepoint: 567790 ns, Total: 1339358 ns
[2025-10-13T19:22:35.980-0700][1256][info ][safepoint   ] Safepoint "ICBufferFull", Time since last: 888316 ns, Reaching safepoint: 820202 ns, Cleanup: 3876 ns, At safepoint: 605848 ns, Total: 1429926 ns
[2025-10-13T19:22:35.983-0700][1256][info ][safepoint   ] Safepoint "ICBufferFull", Time since last: 710586 ns, Reaching safepoint: 866652 ns, Cleanup: 3546 ns, At safepoint: 512877 ns, Total: 1383075 ns
[2025-10-13T19:22:35.985-0700][1256][info ][safepoint   ] Safepoint "ICBufferFull", Time since last: 1567043 ns, Reaching safepoint: 732760 ns, Cleanup: 4276 ns, At safepoint: 303129 ns, Total: 1040165 ns
[2025-10-13T19:22:35.987-0700][1256][info ][safepoint   ] Safepoint "ICBufferFull", Time since last: 622603 ns, Reaching safepoint: 695914 ns, Cleanup: 3546 ns, At safepoint: 420787 ns, Total: 1120247 ns
[2025-10-13T19:22:35.989-0700][1256][info ][safepoint   ] Safepoint "ICBufferFull", Time since last: 516122 ns, Reaching safepoint: 1551820 ns, Cleanup: 10706 ns, At safepoint: 458004 ns, Total: 2020530 ns
[2025-10-13T19:22:35.993-0700][1256][info ][safepoint   ] Safepoint "ICBufferFull", Time since last: 2130867 ns, Reaching safepoint: 782636 ns, Cleanup: 4116 ns, At safepoint: 376981 ns, Total: 1163733 ns
[2025-10-13T19:22:35.994-0700][1256][info ][safepoint   ] Safepoint "ICBufferFull", Time since last: 337371 ns, Reaching safepoint: 615722 ns, Cleanup: 2604 ns, At safepoint: 415189 ns, Total: 1033515 ns
[2025-10-13T19:22:35.996-0700][1256][info ][safepoint   ] Safepoint "ICBufferFull", Time since last: 557424 ns, Reaching safepoint: 601992 ns, Cleanup: 1282 ns, At safepoint: 416270 ns, Total: 1019544 ns
[2025-10-13T19:22:35.997-0700][1256][info ][safepoint   ] Safepoint "ICBufferFull", Time since last: 549192 ns, Reaching safepoint: 474098 ns, Cleanup: 2604 ns, At safepoint: 368348 ns, Total: 845050 ns
[2025-10-13T19:22:35.999-0700][1256][info ][safepoint   ] Safepoint "ICBufferFull", Time since last: 772500 ns, Reaching safepoint: 568361 ns, Cleanup: 3796 ns, At safepoint: 447578 ns, Total: 1019735 ns
[2025-10-13T19:22:36.002-0700][1256][info ][safepoint   ] Safepoint "ICBufferFull", Time since last: 1114047 ns, Reaching safepoint: 1028437 ns, Cleanup: 16385 ns, At safepoint: 586999 ns, Total: 1631821 ns
[2025-10-13T19:22:36.004-0700][1256][info ][safepoint   ] Safepoint "ICBufferFull", Time since last: 1213388 ns, Reaching safepoint: 732409 ns, Cleanup: 3846 ns, At safepoint: 558186 ns, Total: 1294441 ns
[2025-10-13T19:22:36.008-0700][1256][info ][safepoint   ] Safepoint "ICBufferFull", Time since last: 1895200 ns, Reaching safepoint: 1075038 ns, Cleanup: 10937 ns, At safepoint: 702454 ns, Total: 1788429 ns
[2025-10-13T19:22:36.010-0700][1256][info ][safepoint   ] Safepoint "ICBufferFull", Time since last: 931551 ns, Reaching safepoint: 815605 ns, Cleanup: 3756 ns, At safepoint: 672057 ns, Total: 1491418 ns
[2025-10-13T19:22:36.014-0700][1256][info ][safepoint   ] Safepoint "ICBufferFull", Time since last: 1665323 ns, Reaching safepoint: 897088 ns, Cleanup: 3836 ns, At safepoint: 758369 ns, Total: 1659293 ns
[2025-10-13T19:22:36.016-0700][1256][info ][safepoint   ] Safepoint "ICBufferFull", Time since last: 792190 ns, Reaching safepoint: 779981 ns, Cleanup: 9294 ns, At safepoint: 595732 ns, Total: 1385007 ns
[2025-10-13T19:22:36.018-0700][1256][info ][safepoint   ] Safepoint "ICBufferFull", Time since last: 706550 ns, Reaching safepoint: 632608 ns, Cleanup: 3466 ns, At safepoint: 592687 ns, Total: 1228761 ns
[2025-10-13T19:22:36.020-0700][1256][info ][safepoint   ] Safepoint "ICBufferFull", Time since last: 648993 ns, Reaching safepoint: 676034 ns, Cleanup: 3566 ns, At safepoint: 608051 ns, Total: 1287651 ns
[2025-10-13T19:22:36.024-0700][1256][info ][safepoint   ] Safepoint "ICBufferFull", Time since last: 1903192 ns, Reaching safepoint: 1999238 ns, Cleanup: 14762 ns, At safepoint: 521490 ns, Total: 2535490 ns
[2025-10-13T19:22:36.026-0700][1256][info ][safepoint   ] Safepoint "ICBufferFull", Time since last: 488450 ns, Reaching safepoint: 1102199 ns, Cleanup: 5388 ns, At safepoint: 682043 ns, Total: 1789630 ns
[2025-10-13T19:22:36.028-0700][1256][info ][safepoint   ] Safepoint "ICBufferFull", Time since last: 687472 ns, Reaching safepoint: 809195 ns, Cleanup: 3756 ns, At safepoint: 559447 ns, Total: 1372398 ns
[2025-10-13T19:22:36.031-0700][1256][info ][safepoint   ] Safepoint "ICBufferFull", Time since last: 1486692 ns, Reaching safepoint: 815635 ns, Cleanup: 3786 ns, At safepoint: 569773 ns, Total: 1389194 ns
[2025-10-13T19:22:36.033-0700][1256][info ][safepoint   ] Safepoint "ICBufferFull", Time since last: 752359 ns, Reaching safepoint: 722355 ns, Cleanup: 3174 ns, At safepoint: 631377 ns, Total: 1356906 ns
[2025-10-13T19:22:36.038-0700][1256][info ][safepoint   ] Safepoint "ICBufferFull", Time since last: 2820161 ns, Reaching safepoint: 918150 ns, Cleanup: 4958 ns, At safepoint: 509732 ns, Total: 1432840 ns
[2025-10-13T19:22:36.040-0700][1256][info ][safepoint   ] Safepoint "ICBufferFull", Time since last: 717036 ns, Reaching safepoint: 653510 ns, Cleanup: 2514 ns, At safepoint: 565606 ns, Total: 1221630 ns
[2025-10-13T19:22:36.042-0700][1256][info ][safepoint   ] Safepoint "ICBufferFull", Time since last: 919092 ns, Reaching safepoint: 1028258 ns, Cleanup: 4767 ns, At safepoint: 839511 ns, Total: 1872536 ns
[2025-10-13T19:22:36.045-0700][1256][info ][safepoint   ] Safepoint "ICBufferFull", Time since last: 916939 ns, Reaching safepoint: 854184 ns, Cleanup: 4627 ns, At safepoint: 722784 ns, Total: 1581595 ns
[2025-10-13T19:22:36.048-0700][1256][info ][safepoint   ] Safepoint "ICBufferFull", Time since last: 713421 ns, Reaching safepoint: 2023975 ns, Cleanup: 4177 ns, At safepoint: 668412 ns, Total: 2696564 ns
[2025-10-13T19:22:36.057-0700][1256][info ][safepoint   ] Safepoint "ICBufferFull", Time since last: 7171652 ns, Reaching safepoint: 1026535 ns, Cleanup: 9394 ns, At safepoint: 696114 ns, Total: 1732043 ns
[2025-10-13T19:22:36.060-0700][1256][info ][safepoint   ] Safepoint "ICBufferFull", Time since last: 788384 ns, Reaching safepoint: 1819536 ns, Cleanup: 5168 ns, At safepoint: 727211 ns, Total: 2551915 ns
[2025-10-13T19:22:36.067-0700][1256][info ][safepoint   ] Safepoint "ICBufferFull", Time since last: 3910153 ns, Reaching safepoint: 1296423 ns, Cleanup: 18658 ns, At safepoint: 804268 ns, Total: 2119349 ns
[2025-10-13T19:22:36.070-0700][1256][info ][safepoint   ] Safepoint "ICBufferFull", Time since last: 1683460 ns, Reaching safepoint: 884360 ns, Cleanup: 11737 ns, At safepoint: 489472 ns, Total: 1385569 ns
[2025-10-13T19:22:36.072-0700][1256][info ][safepoint   ] Safepoint "ICBufferFull", Time since last: 1069499 ns, Reaching safepoint: 1212347 ns, Cleanup: 3956 ns, At safepoint: 486747 ns, Total: 1703050 ns
[2025-10-13T19:22:36.076-0700][1256][info ][safepoint   ] Safepoint "ICBufferFull", Time since last: 1786876 ns, Reaching safepoint: 1197123 ns, Cleanup: 5408 ns, At safepoint: 659449 ns, Total: 1861980 ns
[2025-10-13T19:22:36.079-0700][1256][info ][safepoint   ] Safepoint "ICBufferFull", Time since last: 1661226 ns, Reaching safepoint: 894044 ns, Cleanup: 9635 ns, At safepoint: 606579 ns, Total: 1510258 ns
[2025-10-13T19:22:36.082-0700][1256][info ][safepoint   ] Safepoint "ICBufferFull", Time since last: 768844 ns, Reaching safepoint: 1077091 ns, Cleanup: 5469 ns, At safepoint: 567569 ns, Total: 1650129 ns
[2025-10-13T19:22:36.084-0700][1256][info ][safepoint   ] Safepoint "ICBufferFull", Time since last: 534159 ns, Reaching safepoint: 1778344 ns, Cleanup: 5017 ns, At safepoint: 538105 ns, Total: 2321466 ns
[2025-10-13T19:22:36.087-0700][1256][info ][safepoint   ] Safepoint "ICBufferFull", Time since last: 1231776 ns, Reaching safepoint: 857589 ns, Cleanup: 4186 ns, At safepoint: 609784 ns, Total: 1471559 ns
[2025-10-13T19:22:36.097-0700][1256][info ][safepoint   ] Safepoint "ICBufferFull", Time since last: 7850309 ns, Reaching safepoint: 1077763 ns, Cleanup: 4527 ns, At safepoint: 850077 ns, Total: 1932367 ns
[2025-10-13T19:22:36.100-0700][1256][info ][safepoint   ] Safepoint "ICBufferFull", Time since last: 822516 ns, Reaching safepoint: 1111924 ns, Cleanup: 12629 ns, At safepoint: 875136 ns, Total: 1999689 ns
[2025-10-13T19:22:36.103-0700][1256][info ][safepoint   ] Safepoint "ICBufferFull", Time since last: 1749019 ns, Reaching safepoint: 955276 ns, Cleanup: 4697 ns, At safepoint: 865501 ns, Total: 1825474 ns
[2025-10-13T19:22:36.106-0700][1256][info ][safepoint   ] Safepoint "ICBufferFull", Time since last: 1142591 ns, Reaching safepoint: 853543 ns, Cleanup: 3996 ns, At safepoint: 816236 ns, Total: 1673775 ns
[2025-10-13T19:22:36.111-0700][1256][info ][safepoint   ] Safepoint "ICBufferFull", Time since last: 3126125 ns, Reaching safepoint: 776115 ns, Cleanup: 4277 ns, At safepoint: 921054 ns, Total: 1701446 ns
[2025-10-13T19:22:36.115-0700][1256][info ][safepoint   ] Safepoint "ICBufferFull", Time since last: 1636269 ns, Reaching safepoint: 982608 ns, Cleanup: 10706 ns, At safepoint: 1110582 ns, Total: 2103896 ns
[2025-10-13T19:22:36.123-0700][1256][info ][safepoint   ] Safepoint "ICBufferFull", Time since last: 6161562 ns, Reaching safepoint: 1102190 ns, Cleanup: 18788 ns, At safepoint: 856287 ns, Total: 1977265 ns
[2025-10-13T19:22:36.125-0700][1256][info ][safepoint   ] Safepoint "ICBufferFull", Time since last: 415840 ns, Reaching safepoint: 802215 ns, Cleanup: 3455 ns, At safepoint: 888556 ns, Total: 1694226 ns
[2025-10-13T19:22:36.128-0700][1256][info ][safepoint   ] Safepoint "ICBufferFull", Time since last: 1476676 ns, Reaching safepoint: 955628 ns, Cleanup: 3645 ns, At safepoint: 687972 ns, Total: 1647245 ns
[2025-10-13T19:22:36.133-0700][1256][info ][safepoint   ] Safepoint "ICBufferFull", Time since last: 1892707 ns, Reaching safepoint: 2271710 ns, Cleanup: 5649 ns, At safepoint: 873042 ns, Total: 3150401 ns
[2025-10-13T19:22:36.137-0700][1256][info ][safepoint   ] Safepoint "ICBufferFull", Time since last: 1496697 ns, Reaching safepoint: 1114488 ns, Cleanup: 3946 ns, At safepoint: 906853 ns, Total: 2025287 ns
[2025-10-13T19:22:36.140-0700][1256][info ][safepoint   ] Safepoint "ICBufferFull", Time since last: 1736400 ns, Reaching safepoint: 1059185 ns, Cleanup: 4206 ns, At safepoint: 783116 ns, Total: 1846507 ns
[2025-10-13T19:22:36.144-0700][1256][info ][safepoint   ] Safepoint "ICBufferFull", Time since last: 893093 ns, Reaching safepoint: 2076204 ns, Cleanup: 5038 ns, At safepoint: 893012 ns, Total: 2974254 ns
[2025-10-13T19:22:36.147-0700][1256][info ][safepoint   ] Safepoint "ICBufferFull", Time since last: 942948 ns, Reaching safepoint: 878030 ns, Cleanup: 3956 ns, At safepoint: 807203 ns, Total: 1689189 ns
[2025-10-13T19:22:36.150-0700][1256][info ][safepoint   ] Safepoint "ICBufferFull", Time since last: 1770652 ns, Reaching safepoint: 993524 ns, Cleanup: 4347 ns, At safepoint: 717126 ns, Total: 1714997 ns
[2025-10-13T19:22:36.152-0700][1256][info ][safepoint   ] Safepoint "ICBufferFull", Time since last: 632859 ns, Reaching safepoint: 757627 ns, Cleanup: 3515 ns, At safepoint: 599799 ns, Total: 1360941 ns
[2025-10-13T19:22:36.158-0700][1256][info ][safepoint   ] Safepoint "ICBufferFull", Time since last: 3614534 ns, Reaching safepoint: 1332799 ns, Cleanup: 5088 ns, At safepoint: 772209 ns, Total: 2110096 ns
[2025-10-13T19:22:36.160-0700][1256][info ][safepoint   ] Safepoint "ICBufferFull", Time since last: 773972 ns, Reaching safepoint: 1052164 ns, Cleanup: 4517 ns, At safepoint: 666389 ns, Total: 1723070 ns
[2025-10-13T19:22:36.163-0700][1256][info ][safepoint   ] Safepoint "ICBufferFull", Time since last: 563584 ns, Reaching safepoint: 883708 ns, Cleanup: 3966 ns, At safepoint: 722164 ns, Total: 1609838 ns
[2025-10-13T19:22:36.165-0700][1256][info ][safepoint   ] Safepoint "ICBufferFull", Time since last: 845701 ns, Reaching safepoint: 805670 ns, Cleanup: 3335 ns, At safepoint: 571285 ns, Total: 1380290 ns
[2025-10-13T19:22:36.168-0700][1256][info ][safepoint   ] Safepoint "ICBufferFull", Time since last: 610325 ns, Reaching safepoint: 1674686 ns, Cleanup: 8773 ns, At safepoint: 707542 ns, Total: 2391001 ns
[2025-10-13T19:22:36.170-0700][1256][info ][safepoint   ] Safepoint "ICBufferFull", Time since last: 1126536 ns, Reaching safepoint: 780042 ns, Cleanup: 3665 ns, At safepoint: 611687 ns, Total: 1395394 ns
[2025-10-13T19:22:36.173-0700][1256][info ][safepoint   ] Safepoint "ICBufferFull", Time since last: 1019694 ns, Reaching safepoint: 837368 ns, Cleanup: 3766 ns, At safepoint: 725659 ns, Total: 1566793 ns
[2025-10-13T19:22:36.176-0700][1256][info ][safepoint   ] Safepoint "ICBufferFull", Time since last: 1543307 ns, Reaching safepoint: 1021838 ns, Cleanup: 4507 ns, At safepoint: 555131 ns, Total: 1581476 ns
[2025-10-13T19:22:36.178-0700][1256][info ][safepoint   ] Safepoint "ICBufferFull", Time since last: 659368 ns, Reaching safepoint: 868826 ns, Cleanup: 3495 ns, At safepoint: 633880 ns, Total: 1506201 ns
[2025-10-13T19:22:36.181-0700][1256][info ][safepoint   ] Safepoint "ICBufferFull", Time since last: 1004191 ns, Reaching safepoint: 857709 ns, Cleanup: 4597 ns, At safepoint: 654251 ns, Total: 1516557 ns
[2025-10-13T19:22:36.183-0700][1256][info ][safepoint   ] Safepoint "ICBufferFull", Time since last: 805360 ns, Reaching safepoint: 761283 ns, Cleanup: 4196 ns, At safepoint: 691087 ns, Total: 1456566 ns
[2025-10-13T19:22:36.188-0700][1256][info ][safepoint   ] Safepoint "ICBufferFull", Time since last: 3062859 ns, Reaching safepoint: 977941 ns, Cleanup: 4537 ns, At safepoint: 675794 ns, Total: 1658272 ns
[2025-10-13T19:22:36.191-0700][1256][info ][safepoint   ] Safepoint "ICBufferFull", Time since last: 1999888 ns, Reaching safepoint: 957270 ns, Cleanup: 4327 ns, At safepoint: 690636 ns, Total: 1652233 ns
[2025-10-13T19:22:36.199-0700][1256][info ][safepoint   ] Safepoint "ICBufferFull", Time since last: 5019562 ns, Reaching safepoint: 1793377 ns, Cleanup: 14141 ns, At safepoint: 859982 ns, Total: 2667500 ns
[2025-10-13T19:22:36.202-0700][1256][info ][safepoint   ] Safepoint "ICBufferFull", Time since last: 934696 ns, Reaching safepoint: 1009058 ns, Cleanup: 15283 ns, At safepoint: 678258 ns, Total: 1702599 ns
[2025-10-13T19:22:36.204-0700][1256][info ][safepoint   ] Safepoint "ICBufferFull", Time since last: 918601 ns, Reaching safepoint: 945863 ns, Cleanup: 3575 ns, At safepoint: 772750 ns, Total: 1722188 ns
[2025-10-13T19:22:36.211-0700][1256][info ][safepoint   ] Safepoint "ICBufferFull", Time since last: 3438658 ns, Reaching safepoint: 2179061 ns, Cleanup: 4216 ns, At safepoint: 754974 ns, Total: 2938251 ns
[2025-10-13T19:22:36.213-0700][1256][info ][safepoint   ] Safepoint "ICBufferFull", Time since last: 615852 ns, Reaching safepoint: 923890 ns, Cleanup: 3405 ns, At safepoint: 714762 ns, Total: 1642057 ns
[2025-10-13T19:22:36.218-0700][1256][info ][safepoint   ] Safepoint "ICBufferFull", Time since last: 3273208 ns, Reaching safepoint: 1025203 ns, Cleanup: 4296 ns, At safepoint: 868726 ns, Total: 1898225 ns
[2025-10-13T19:22:36.222-0700][1256][info ][safepoint   ] Safepoint "ICBufferFull", Time since last: 1486411 ns, Reaching safepoint: 1208841 ns, Cleanup: 3926 ns, At safepoint: 998132 ns, Total: 2210899 ns
[2025-10-13T19:22:36.224-0700][1256][info ][safepoint   ] Safepoint "ICBufferFull", Time since last: 354156 ns, Reaching safepoint: 825290 ns, Cleanup: 3716 ns, At safepoint: 874113 ns, Total: 1703119 ns
[2025-10-13T19:22:36.228-0700][1256][info ][safepoint   ] Safepoint "ICBufferFull", Time since last: 1840318 ns, Reaching safepoint: 938371 ns, Cleanup: 3746 ns, At safepoint: 880263 ns, Total: 1822380 ns
[2025-10-13T19:22:36.231-0700][1256][info ][safepoint   ] Safepoint "ICBufferFull", Time since last: 1447332 ns, Reaching safepoint: 1053906 ns, Cleanup: 4697 ns, At safepoint: 831960 ns, Total: 1890563 ns
[2025-10-13T19:22:36.239-0700][1256][info ][safepoint   ] Safepoint "ICBufferFull", Time since last: 5890902 ns, Reaching safepoint: 1159827 ns, Cleanup: 11938 ns, At safepoint: 1053315 ns, Total: 2225080 ns
[2025-10-13T19:22:36.242-0700][1256][info ][safepoint   ] Safepoint "ICBufferFull", Time since last: 970050 ns, Reaching safepoint: 867413 ns, Cleanup: 4337 ns, At safepoint: 1076480 ns, Total: 1948230 ns
[2025-10-13T19:22:36.248-0700][1256][info ][safepoint   ] Safepoint "ICBufferFull", Time since last: 4770866 ns, Reaching safepoint: 1037962 ns, Cleanup: 5078 ns, At safepoint: 667130 ns, Total: 1710170 ns
[2025-10-13T19:22:36.250-0700][1256][info ][safepoint   ] Safepoint "ICBufferFull", Time since last: 614541 ns, Reaching safepoint: 632598 ns, Cleanup: 3195 ns, At safepoint: 633039 ns, Total: 1268832 ns
[2025-10-13T19:22:36.261-0700][1256][info ][safepoint   ] Safepoint "ICBufferFull", Time since last: 8989925 ns, Reaching safepoint: 1188210 ns, Cleanup: 5118 ns, At safepoint: 894545 ns, Total: 2087873 ns
[2025-10-13T19:22:36.267-0700][1256][info ][safepoint   ] Safepoint "ICBufferFull", Time since last: 3507602 ns, Reaching safepoint: 1064322 ns, Cleanup: 4827 ns, At safepoint: 938171 ns, Total: 2007320 ns
[2025-10-13T19:22:36.272-0700][1256][info ][safepoint   ] Safepoint "ICBufferFull", Time since last: 3376574 ns, Reaching safepoint: 1269343 ns, Cleanup: 5068 ns, At safepoint: 885431 ns, Total: 2159842 ns
[2025-10-13T19:22:36.278-0700][1256][info ][safepoint   ] Safepoint "ICBufferFull", Time since last: 3832524 ns, Reaching safepoint: 1253669 ns, Cleanup: 5348 ns, At safepoint: 908887 ns, Total: 2167904 ns
[2025-10-13T19:22:36.283-0700][1256][info ][safepoint   ] Safepoint "ICBufferFull", Time since last: 1211204 ns, Reaching safepoint: 2582201 ns, Cleanup: 4927 ns, At safepoint: 859492 ns, Total: 3446620 ns
[2025-10-13T19:22:36.288-0700][1256][info ][safepoint   ] Safepoint "ICBufferFull", Time since last: 2740070 ns, Reaching safepoint: 1104363 ns, Cleanup: 4587 ns, At safepoint: 750396 ns, Total: 1859346 ns
[2025-10-13T19:22:36.291-0700][1256][info ][safepoint   ] Safepoint "ICBufferFull", Time since last: 1251916 ns, Reaching safepoint: 1030471 ns, Cleanup: 5138 ns, At safepoint: 942227 ns, Total: 1977836 ns
[2025-10-13T19:22:36.305-0700][1256][info ][safepoint   ] Safepoint "ICBufferFull", Time since last: 11346064 ns, Reaching safepoint: 1881810 ns, Cleanup: 36065 ns, At safepoint: 646369 ns, Total: 2564244 ns
[2025-10-13T19:22:36.308-0700][1256][info ][safepoint   ] Safepoint "ICBufferFull", Time since last: 1485820 ns, Reaching safepoint: 965332 ns, Cleanup: 13631 ns, At safepoint: 712749 ns, Total: 1691712 ns
[2025-10-13T19:22:36.311-0700][1256][info ][safepoint   ] Safepoint "ICBufferFull", Time since last: 971342 ns, Reaching safepoint: 956168 ns, Cleanup: 9714 ns, At safepoint: 753672 ns, Total: 1719554 ns
[2025-10-13T19:22:36.313-0700][1256][info ][safepoint   ] Safepoint "ICBufferFull", Time since last: 885100 ns, Reaching safepoint: 970270 ns, Cleanup: 4417 ns, At safepoint: 890629 ns, Total: 1865316 ns
[2025-10-13T19:22:36.316-0700][1256][info ][safepoint   ] Safepoint "ICBufferFull", Time since last: 744888 ns, Reaching safepoint: 1175280 ns, Cleanup: 4747 ns, At safepoint: 1027737 ns, Total: 2207764 ns
[2025-10-13T19:22:36.320-0700][1256][info ][safepoint   ] Safepoint "ICBufferFull", Time since last: 1687115 ns, Reaching safepoint: 1373140 ns, Cleanup: 4456 ns, At safepoint: 958993 ns, Total: 2336589 ns
[2025-10-13T19:22:36.323-0700][1256][info ][safepoint   ] Safepoint "ICBufferFull", Time since last: 629083 ns, Reaching safepoint: 908996 ns, Cleanup: 10416 ns, At safepoint: 822786 ns, Total: 1742198 ns
[2025-10-13T19:22:36.979-0700][1256][info ][safepoint   ] Safepoint "ICBufferFull", Time since last: 653824937 ns, Reaching safepoint: 1164083 ns, Cleanup: 168766 ns, At safepoint: 704987 ns, Total: 2037836 ns
[2025-10-13T19:22:37.588-0700][1256][info ][safepoint   ] Safepoint "ICBufferFull", Time since last: 576546574 ns, Reaching safepoint: 1855831 ns, Cleanup: 182497 ns, At safepoint: 30948102 ns, Total: 32986430 ns
[2025-10-13T19:22:38.453-0700][1256][info ][safepoint   ] Safepoint "ICBufferFull", Time since last: 862986785 ns, Reaching safepoint: 887965 ns, Cleanup: 224710 ns, At safepoint: 596103 ns, Total: 1708778 ns
[2025-10-13T19:22:38.972-0700][1256][info ][safepoint   ] Safepoint "ICBufferFull", Time since last: 517160941 ns, Reaching safepoint: 1117753 ns, Cleanup: 247665 ns, At safepoint: 950209 ns, Total: 2315627 ns
[2025-10-13T19:22:39.439-0700][1256][info ][safepoint   ] Safepoint "ICBufferFull", Time since last: 464910966 ns, Reaching safepoint: 1085414 ns, Cleanup: 197959 ns, At safepoint: 865401 ns, Total: 2148774 ns
[2025-10-13T19:22:39.467-0700][1256][info ][safepoint   ] Safepoint "ICBufferFull", Time since last: 1326990 ns, Reaching safepoint: 23086937 ns, Cleanup: 17516 ns, At safepoint: 3181088 ns, Total: 26285541 ns
[2025-10-13T19:22:39.475-0700][1256][info ][safepoint   ] Safepoint "ICBufferFull", Time since last: 1485189 ns, Reaching safepoint: 3048598 ns, Cleanup: 11928 ns, At safepoint: 2938961 ns, Total: 5999487 ns
[2025-10-13T19:22:39.478-0700][1256][info ][safepoint   ] Safepoint "ICBufferFull", Time since last: 829957 ns, Reaching safepoint: 1143802 ns, Cleanup: 4607 ns, At safepoint: 1159386 ns, Total: 2307795 ns
[2025-10-13T19:22:39.481-0700][1256][info ][safepoint   ] Safepoint "ICBufferFull", Time since last: 795856 ns, Reaching safepoint: 1330254 ns, Cleanup: 4177 ns, At safepoint: 1141198 ns, Total: 2475629 ns
[2025-10-13T19:22:39.485-0700][1256][info ][safepoint   ] Safepoint "ICBufferFull", Time since last: 824699 ns, Reaching safepoint: 1902221 ns, Cleanup: 4497 ns, At safepoint: 873313 ns, Total: 2780031 ns
[2025-10-13T19:22:39.488-0700][1256][info ][safepoint   ] Safepoint "ICBufferFull", Time since last: 1420892 ns, Reaching safepoint: 936017 ns, Cleanup: 4197 ns, At safepoint: 658427 ns, Total: 1598641 ns
[2025-10-13T19:22:39.490-0700][1256][info ][safepoint   ] Safepoint "ICBufferFull", Time since last: 733661 ns, Reaching safepoint: 957941 ns, Cleanup: 10516 ns, At safepoint: 691898 ns, Total: 1660355 ns
[2025-10-13T19:22:39.492-0700][1256][info ][safepoint   ] Safepoint "ICBufferFull", Time since last: 429951 ns, Reaching safepoint: 749395 ns, Cleanup: 3205 ns, At safepoint: 565306 ns, Total: 1317906 ns
[2025-10-13T19:22:39.494-0700][1256][info ][safepoint   ] Safepoint "ICBufferFull", Time since last: 520629 ns, Reaching safepoint: 1004581 ns, Cleanup: 7992 ns, At safepoint: 589774 ns, Total: 1602347 ns
[2025-10-13T19:22:39.496-0700][1256][info ][safepoint   ] Safepoint "ICBufferFull", Time since last: 337050 ns, Reaching safepoint: 1693445 ns, Cleanup: 3836 ns, At safepoint: 569733 ns, Total: 2267014 ns
[2025-10-13T19:22:39.499-0700][1256][info ][safepoint   ] Safepoint "ICBufferFull", Time since last: 1046364 ns, Reaching safepoint: 825290 ns, Cleanup: 3596 ns, At safepoint: 575962 ns, Total: 1404848 ns
[2025-10-13T19:22:39.501-0700][1256][info ][safepoint   ] Safepoint "ICBufferFull", Time since last: 749906 ns, Reaching safepoint: 730676 ns, Cleanup: 3175 ns, At safepoint: 643335 ns, Total: 1377186 ns
[2025-10-13T19:22:39.503-0700][1256][info ][safepoint   ] Safepoint "ICBufferFull", Time since last: 695833 ns, Reaching safepoint: 707392 ns, Cleanup: 3255 ns, At safepoint: 601311 ns, Total: 1311958 ns
[2025-10-13T19:22:39.506-0700][1256][info ][safepoint   ] Safepoint "ICBufferFull", Time since last: 1221079 ns, Reaching safepoint: 992193 ns, Cleanup: 4196 ns, At safepoint: 626018 ns, Total: 1622407 ns
[2025-10-13T19:22:39.509-0700][1256][info ][safepoint   ] Safepoint "ICBufferFull", Time since last: 641442 ns, Reaching safepoint: 1799535 ns, Cleanup: 4187 ns, At safepoint: 687210 ns, Total: 2490932 ns
[2025-10-13T19:22:39.514-0700][1256][info ][safepoint   ] Safepoint "ICBufferFull", Time since last: 2906532 ns, Reaching safepoint: 1004021 ns, Cleanup: 3906 ns, At safepoint: 904109 ns, Total: 1912036 ns
[2025-10-13T19:22:39.517-0700][1256][info ][safepoint   ] Safepoint "ICBufferFull", Time since last: 1320981 ns, Reaching safepoint: 842286 ns, Cleanup: 3916 ns, At safepoint: 676875 ns, Total: 1523077 ns
[2025-10-13T19:22:39.520-0700][1256][info ][safepoint   ] Safepoint "ICBufferFull", Time since last: 893583 ns, Reaching safepoint: 2287755 ns, Cleanup: 4307 ns, At safepoint: 474779 ns, Total: 2766841 ns
[2025-10-13T19:22:39.522-0700][1256][info ][safepoint   ] Safepoint "ICBufferFull", Time since last: 234635 ns, Reaching safepoint: 904911 ns, Cleanup: 3124 ns, At safepoint: 448119 ns, Total: 1356154 ns
[2025-10-13T19:22:39.524-0700][1256][info ][safepoint   ] Safepoint "ICBufferFull", Time since last: 484193 ns, Reaching safepoint: 902718 ns, Cleanup: 12959 ns, At safepoint: 354217 ns, Total: 1269894 ns
[2025-10-13T19:22:39.525-0700][1256][info ][safepoint   ] Safepoint "ICBufferFull", Time since last: 362709 ns, Reaching safepoint: 513057 ns, Cleanup: 2304 ns, At safepoint: 325743 ns, Total: 841104 ns
[2025-10-13T19:22:39.527-0700][1256][info ][safepoint   ] Safepoint "ICBufferFull", Time since last: 722474 ns, Reaching safepoint: 1065865 ns, Cleanup: 4597 ns, At safepoint: 580489 ns, Total: 1650951 ns
[2025-10-13T19:22:39.529-0700][1256][info ][safepoint   ] Safepoint "ICBufferFull", Time since last: 339734 ns, Reaching safepoint: 1023621 ns, Cleanup: 4156 ns, At safepoint: 649504 ns, Total: 1677281 ns
[2025-10-13T19:22:39.533-0700][1256][info ][safepoint   ] Safepoint "ICBufferFull", Time since last: 609052 ns, Reaching safepoint: 1902041 ns, Cleanup: 13861 ns, At safepoint: 712719 ns, Total: 2628621 ns
[2025-10-13T19:22:39.535-0700][1256][info ][safepoint   ] Safepoint "ICBufferFull", Time since last: 497824 ns, Reaching safepoint: 969429 ns, Cleanup: 4086 ns, At safepoint: 582372 ns, Total: 1555887 ns
[2025-10-13T19:22:39.536-0700][1256][info ][safepoint   ] Safepoint "ICBufferFull", Time since last: 426606 ns, Reaching safepoint: 706019 ns, Cleanup: 3385 ns, At safepoint: 484634 ns, Total: 1194038 ns
[2025-10-13T19:22:39.538-0700][1256][info ][safepoint   ] Safepoint "ICBufferFull", Time since last: 373246 ns, Reaching safepoint: 1130963 ns, Cleanup: 4787 ns, At safepoint: 489351 ns, Total: 1625101 ns
[2025-10-13T19:22:39.540-0700][1256][info ][safepoint   ] Safepoint "ICBufferFull", Time since last: 208165 ns, Reaching safepoint: 765760 ns, Cleanup: 3736 ns, At safepoint: 425404 ns, Total: 1194900 ns
[2025-10-13T19:22:39.541-0700][1256][info ][safepoint   ] Safepoint "ICBufferFull", Time since last: 351182 ns, Reaching safepoint: 632257 ns, Cleanup: 9395 ns, At safepoint: 476602 ns, Total: 1118254 ns
[2025-10-13T19:22:39.543-0700][1256][info ][safepoint   ] Safepoint "ICBufferFull", Time since last: 297460 ns, Reaching safepoint: 1547914 ns, Cleanup: 3446 ns, At safepoint: 476842 ns, Total: 2028202 ns
[2025-10-13T19:22:39.545-0700][1256][info ][safepoint   ] Safepoint "ICBufferFull", Time since last: 118149 ns, Reaching safepoint: 630795 ns, Cleanup: 2534 ns, At safepoint: 478284 ns, Total: 1111613 ns
[2025-10-13T19:22:39.547-0700][1256][info ][safepoint   ] Safepoint "ICBufferFull", Time since last: 608192 ns, Reaching safepoint: 747682 ns, Cleanup: 3155 ns, At safepoint: 561130 ns, Total: 1311967 ns
[2025-10-13T19:22:39.549-0700][1256][info ][safepoint   ] Safepoint "ICBufferFull", Time since last: 547629 ns, Reaching safepoint: 814093 ns, Cleanup: 3465 ns, At safepoint: 616844 ns, Total: 1434402 ns
[2025-10-13T19:22:40.584-0700][1256][info ][safepoint   ] Safepoint "Cleanup", Time since last: 1003709048 ns, Reaching safepoint: 2000479 ns, Cleanup: 164309 ns, At safepoint: 29850060 ns, Total: 32014848 ns
[2025-10-13T19:22:41.569-0700][1256][info ][safepoint   ] Safepoint "ICBufferFull", Time since last: 981865764 ns, Reaching safepoint: 1328092 ns, Cleanup: 199251 ns, At safepoint: 882607 ns, Total: 2409950 ns
[2025-10-13T19:22:42.013-0700][1256][info ][safepoint   ] Safepoint "ICBufferFull", Time since last: 442258337 ns, Reaching safepoint: 1129921 ns, Cleanup: 179061 ns, At safepoint: 539557 ns, Total: 1848539 ns
[2025-10-13T19:22:42.250-0700][1256][info ][safepoint   ] Safepoint "ICBufferFull", Time since last: 235405456 ns, Reaching safepoint: 1213007 ns, Cleanup: 182857 ns, At safepoint: 574781 ns, Total: 1970645 ns
[2025-10-13T19:22:42.771-0700][1256][info ][safepoint   ] Safepoint "ICBufferFull", Time since last: 519408925 ns, Reaching safepoint: 933644 ns, Cleanup: 192702 ns, At safepoint: 360937 ns, Total: 1487283 ns
[2025-10-13T19:22:42.772-0700][1256][info ][safepoint   ] Safepoint "ICBufferFull", Time since last: 93652 ns, Reaching safepoint: 1052504 ns, Cleanup: 9254 ns, At safepoint: 363581 ns, Total: 1425339 ns
[2025-10-13T19:22:42.810-0700][1256][info ][gc,start    ] GC(42) Pause Young (Mixed) (G1 Evacuation Pause)
[2025-10-13T19:22:42.810-0700][1256][info ][gc,task     ] GC(42) Using 113 workers of 113 for evacuation
[2025-10-13T19:22:42.825-0700][1256][debug][gc,remset   ] GC(42) Visited cards 5717504 Total dirty 17498112 (32.67%) Total old 473628672 (1.21%)
[2025-10-13T19:22:42.968-0700][1256][info ][gc,phases   ] GC(42)   Pre Evacuate Collection Set: 0.8ms
[2025-10-13T19:22:42.968-0700][1256][info ][gc,phases   ] GC(42)   Merge Heap Roots: 13.4ms
[2025-10-13T19:22:42.968-0700][1256][info ][gc,phases   ] GC(42)   Evacuate Collection Set: 133.9ms
[2025-10-13T19:22:42.968-0700][1256][info ][gc,phases   ] GC(42)   Post Evacuate Collection Set: 9.4ms
[2025-10-13T19:22:42.968-0700][1256][info ][gc,phases   ] GC(42)   Other: 0.3ms
[2025-10-13T19:22:42.968-0700][1256][debug][gc,remset   ] GC(42) Coarsening (recent): Inline->AoC 0 (0) AoC->Howl 0 (0) Howl->Full 0 (0) Inline->AoC 0 (0) AoC->BitMap 0 (0) BitMap->Full 0 (0) 
[2025-10-13T19:22:42.968-0700][1256][debug][gc,remset   ] GC(42) Coarsening (all): Inline->AoC 36831 (8) AoC->Howl 2045 (50) Howl->Full 0 (0) Inline->AoC 10235 (11) AoC->BitMap 2082 (49) BitMap->Full 0 (0) 
[2025-10-13T19:22:42.968-0700][1256][info ][gc,heap     ] GC(42) Eden regions: 3420->0(177)
[2025-10-13T19:22:42.968-0700][1256][info ][gc,heap     ] GC(42) Survivor regions: 36->111(432)
[2025-10-13T19:22:42.968-0700][1256][info ][gc,heap     ] GC(42) Old regions: 284->274
[2025-10-13T19:22:42.968-0700][1256][info ][gc,heap     ] GC(42) Humongous regions: 14->2
[2025-10-13T19:22:42.968-0700][1256][info ][gc,metaspace] GC(42) Metaspace: 294130K(298304K)->294130K(298304K) NonClass: 257872K(260224K)->257872K(260224K) Class: 36257K(38080K)->36257K(38080K)
[2025-10-13T19:22:42.968-0700][1256][info ][gc          ] GC(42) Pause Young (Mixed) (G1 Evacuation Pause) 120122M->12345M(184320M) 158.047ms
[2025-10-13T19:22:42.970-0700][1256][info ][gc,cpu      ] GC(42) User=8.89s Sys=0.14s Real=0.16s
[2025-10-13T19:22:42.972-0700][1256][info ][safepoint   ] Safepoint "G1CollectForAllocation", Time since last: 35041081 ns, Reaching safepoint: 1030681 ns, Cleanup: 27542 ns, At safepoint: 163206105 ns, Total: 164264328 ns
[2025-10-13T19:22:43.414-0700][1256][info ][gc,start    ] GC(43) Pause Young (Normal) (G1 Evacuation Pause)
[2025-10-13T19:22:43.414-0700][1256][info ][gc,task     ] GC(43) Using 113 workers of 113 for evacuation
[2025-10-13T19:22:43.424-0700][1256][debug][gc,remset   ] GC(43) Visited cards 5433344 Total dirty 17563648 (30.94%) Total old 65142784 (8.34%)
[2025-10-13T19:22:43.555-0700][1256][info ][gc,phases   ] GC(43)   Pre Evacuate Collection Set: 0.7ms
[2025-10-13T19:22:43.555-0700][1256][info ][gc,phases   ] GC(43)   Merge Heap Roots: 9.3ms
[2025-10-13T19:22:43.555-0700][1256][info ][gc,phases   ] GC(43)   Evacuate Collection Set: 125.9ms
[2025-10-13T19:22:43.555-0700][1256][info ][gc,phases   ] GC(43)   Post Evacuate Collection Set: 4.5ms
[2025-10-13T19:22:43.555-0700][1256][info ][gc,phases   ] GC(43)   Other: 0.1ms
[2025-10-13T19:22:43.555-0700][1256][debug][gc,remset   ] GC(43) Coarsening (recent): Inline->AoC 0 (0) AoC->Howl 0 (0) Howl->Full 0 (0) Inline->AoC 0 (0) AoC->BitMap 0 (0) BitMap->Full 0 (0) 
[2025-10-13T19:22:43.555-0700][1256][debug][gc,remset   ] GC(43) Coarsening (all): Inline->AoC 36831 (8) AoC->Howl 2045 (50) Howl->Full 0 (0) Inline->AoC 10235 (11) AoC->BitMap 2082 (49) BitMap->Full 0 (0) 
[2025-10-13T19:22:43.555-0700][1256][info ][gc,heap     ] GC(43) Eden regions: 247->0(2166)
[2025-10-13T19:22:43.555-0700][1256][info ][gc,heap     ] GC(43) Survivor regions: 111->34(45)
[2025-10-13T19:22:43.555-0700][1256][info ][gc,heap     ] GC(43) Old regions: 274->355
[2025-10-13T19:22:43.555-0700][1256][info ][gc,heap     ] GC(43) Humongous regions: 4->3
[2025-10-13T19:22:43.555-0700][1256][info ][gc,metaspace] GC(43) Metaspace: 294537K(298688K)->294537K(298688K) NonClass: 258241K(260544K)->258241K(260544K) Class: 36296K(38144K)->36296K(38144K)
[2025-10-13T19:22:43.555-0700][1256][info ][gc          ] GC(43) Pause Young (Normal) (G1 Evacuation Pause) 20313M->12538M(184320M) 140.669ms
[2025-10-13T19:22:43.557-0700][1256][info ][gc,cpu      ] GC(43) User=6.46s Sys=0.03s Real=0.14s
[2025-10-13T19:22:43.558-0700][1256][info ][safepoint   ] Safepoint "G1CollectForAllocation", Time since last: 439602635 ns, Reaching safepoint: 788714 ns, Cleanup: 159752 ns, At safepoint: 145723147 ns, Total: 146671613 ns
[2025-10-13T19:22:44.069-0700][1256][info ][safepoint   ] Safepoint "ICBufferFull", Time since last: 509357392 ns, Reaching safepoint: 1009288 ns, Cleanup: 175386 ns, At safepoint: 447998 ns, Total: 1632672 ns
[2025-10-13T19:22:44.706-0700][1256][info ][safepoint   ] Safepoint "ICBufferFull", Time since last: 635657862 ns, Reaching safepoint: 1098935 ns, Cleanup: 126141 ns, At safepoint: 610745 ns, Total: 1835821 ns
[2025-10-13T19:22:44.708-0700][1256][info ][safepoint   ] Safepoint "ICBufferFull", Time since last: 206172 ns, Reaching safepoint: 924220 ns, Cleanup: 13220 ns, At safepoint: 530804 ns, Total: 1468244 ns
[2025-10-13T19:22:44.709-0700][1256][info ][safepoint   ] Safepoint "ICBufferFull", Time since last: 179391 ns, Reaching safepoint: 643996 ns, Cleanup: 3205 ns, At safepoint: 456351 ns, Total: 1103552 ns
[2025-10-13T19:22:44.711-0700][1256][info ][safepoint   ] Safepoint "ICBufferFull", Time since last: 590544 ns, Reaching safepoint: 956248 ns, Cleanup: 4307 ns, At safepoint: 508069 ns, Total: 1468624 ns
[2025-10-13T19:22:44.714-0700][1256][info ][safepoint   ] Safepoint "ICBufferFull", Time since last: 305673 ns, Reaching safepoint: 1125165 ns, Cleanup: 4997 ns, At safepoint: 782505 ns, Total: 1912667 ns
[2025-10-13T19:22:44.715-0700][1256][info ][safepoint   ] Safepoint "ICBufferFull", Time since last: 192672 ns, Reaching safepoint: 811539 ns, Cleanup: 3405 ns, At safepoint: 510463 ns, Total: 1325407 ns
[2025-10-13T19:22:44.718-0700][1256][info ][safepoint   ] Safepoint "ICBufferFull", Time since last: 368519 ns, Reaching safepoint: 1640264 ns, Cleanup: 4397 ns, At safepoint: 489611 ns, Total: 2134272 ns
[2025-10-13T19:22:44.719-0700][1256][info ][safepoint   ] Safepoint "ICBufferFull", Time since last: 323710 ns, Reaching safepoint: 811600 ns, Cleanup: 4536 ns, At safepoint: 436592 ns, Total: 1252728 ns
[2025-10-13T19:22:44.720-0700][1256][info ][safepoint   ] Safepoint "ICBufferFull", Time since last: 112821 ns, Reaching safepoint: 507448 ns, Cleanup: 2574 ns, At safepoint: 387307 ns, Total: 897329 ns
[2025-10-13T19:22:44.721-0700][1256][info ][safepoint   ] Safepoint "ICBufferFull", Time since last: 267715 ns, Reaching safepoint: 490062 ns, Cleanup: 2474 ns, At safepoint: 377231 ns, Total: 869767 ns
[2025-10-13T19:22:44.724-0700][1256][info ][safepoint   ] Safepoint "ICBufferFull", Time since last: 518696 ns, Reaching safepoint: 1007536 ns, Cleanup: 4637 ns, At safepoint: 681052 ns, Total: 1693225 ns
[2025-10-13T19:22:44.726-0700][1256][info ][safepoint   ] Safepoint "ICBufferFull", Time since last: 510182 ns, Reaching safepoint: 904470 ns, Cleanup: 10015 ns, At safepoint: 699940 ns, Total: 1614425 ns
[2025-10-13T19:22:44.728-0700][1256][info ][safepoint   ] Safepoint "ICBufferFull", Time since last: 614691 ns, Reaching safepoint: 821264 ns, Cleanup: 3215 ns, At safepoint: 569042 ns, Total: 1393521 ns
[2025-10-13T19:22:44.731-0700][1256][info ][safepoint   ] Safepoint "ICBufferFull", Time since last: 477383 ns, Reaching safepoint: 2063055 ns, Cleanup: 5638 ns, At safepoint: 833883 ns, Total: 2902576 ns
[2025-10-13T19:22:44.735-0700][1256][info ][safepoint   ] Safepoint "ICBufferFull", Time since last: 1871404 ns, Reaching safepoint: 1077542 ns, Cleanup: 4798 ns, At safepoint: 775785 ns, Total: 1858125 ns
[2025-10-13T19:22:44.737-0700][1256][info ][safepoint   ] Safepoint "ICBufferFull", Time since last: 491604 ns, Reaching safepoint: 847083 ns, Cleanup: 9775 ns, At safepoint: 632338 ns, Total: 1489196 ns
[2025-10-13T19:22:45.371-0700][1256][info ][safepoint   ] Safepoint "ICBufferFull", Time since last: 632249028 ns, Reaching safepoint: 998873 ns, Cleanup: 177910 ns, At safepoint: 811699 ns, Total: 1988482 ns
[2025-10-13T19:22:46.226-0700][1256][info ][safepoint   ] Safepoint "ICBufferFull", Time since last: 853084507 ns, Reaching safepoint: 1030681 ns, Cleanup: 149777 ns, At safepoint: 503303 ns, Total: 1683761 ns
[2025-10-13T19:22:47.159-0700][1256][info ][safepoint   ] Safepoint "ICBufferFull", Time since last: 928410162 ns, Reaching safepoint: 3822730 ns, Cleanup: 187904 ns, At safepoint: 941967 ns, Total: 4952601 ns
[2025-10-13T19:22:47.994-0700][1256][info ][safepoint   ] Safepoint "ICBufferFull", Time since last: 831706820 ns, Reaching safepoint: 1135720 ns, Cleanup: 239032 ns, At safepoint: 1181800 ns, Total: 2556552 ns
[2025-10-13T19:22:48.431-0700][1256][info ][safepoint   ] Safepoint "ICBufferFull", Time since last: 436173430 ns, Reaching safepoint: 904450 ns, Cleanup: 155305 ns, At safepoint: 329599 ns, Total: 1389354 ns
[2025-10-13T19:22:49.036-0700][1256][info ][safepoint   ] Safepoint "ICBufferFull", Time since last: 600528015 ns, Reaching safepoint: 1078604 ns, Cleanup: 186502 ns, At safepoint: 3180908 ns, Total: 4446014 ns
[2025-10-13T19:22:49.042-0700][1256][info ][safepoint   ] Safepoint "ICBufferFull", Time since last: 364212 ns, Reaching safepoint: 1014356 ns, Cleanup: 11417 ns, At safepoint: 4769474 ns, Total: 5795247 ns
[2025-10-13T19:22:49.312-0700][1256][info ][safepoint   ] Safepoint "ICBufferFull", Time since last: 264542735 ns, Reaching safepoint: 997962 ns, Cleanup: 171660 ns, At safepoint: 4296938 ns, Total: 5466560 ns
[2025-10-13T19:22:49.316-0700][1256][info ][safepoint   ] Safepoint "ICBufferFull", Time since last: 1115760 ns, Reaching safepoint: 1094457 ns, Cleanup: 63196 ns, At safepoint: 1605502 ns, Total: 2763155 ns
[2025-10-13T19:22:49.330-0700][1256][info ][safepoint   ] Safepoint "ICBufferFull", Time since last: 2109354 ns, Reaching safepoint: 1118945 ns, Cleanup: 3616 ns, At safepoint: 10879808 ns, Total: 12002369 ns
[2025-10-13T19:22:49.334-0700][1256][info ][safepoint   ] Safepoint "ICBufferFull", Time since last: 1605401 ns, Reaching safepoint: 1134849 ns, Cleanup: 19950 ns, At safepoint: 1310215 ns, Total: 2465014 ns
[2025-10-13T19:22:49.340-0700][1256][info ][safepoint   ] Safepoint "ICBufferFull", Time since last: 100081 ns, Reaching safepoint: 1063000 ns, Cleanup: 4988 ns, At safepoint: 4092398 ns, Total: 5160386 ns
[2025-10-13T19:22:49.357-0700][1256][info ][safepoint   ] Safepoint "ICBufferFull", Time since last: 9805661 ns, Reaching safepoint: 1082970 ns, Cleanup: 59731 ns, At safepoint: 6842653 ns, Total: 7985354 ns
[2025-10-13T19:22:49.361-0700][1256][info ][safepoint   ] Safepoint "ICBufferFull", Time since last: 95775 ns, Reaching safepoint: 1012133 ns, Cleanup: 12960 ns, At safepoint: 2329909 ns, Total: 3355002 ns
[2025-10-13T19:22:49.444-0700][1256][info ][safepoint   ] Safepoint "ICBufferFull", Time since last: 81638186 ns, Reaching safepoint: 892912 ns, Cleanup: 189617 ns, At safepoint: 578416 ns, Total: 1660945 ns
[2025-10-13T19:22:49.448-0700][1256][info ][safepoint   ] Safepoint "ICBufferFull", Time since last: 2768503 ns, Reaching safepoint: 1016841 ns, Cleanup: 55133 ns, At safepoint: 346645 ns, Total: 1418619 ns
[2025-10-13T19:22:49.450-0700][1256][info ][safepoint   ] Safepoint "ICBufferFull", Time since last: 387156 ns, Reaching safepoint: 757197 ns, Cleanup: 5909 ns, At safepoint: 426606 ns, Total: 1189712 ns
[2025-10-13T19:22:49.451-0700][1256][info ][safepoint   ] Safepoint "ICBufferFull", Time since last: 489432 ns, Reaching safepoint: 663104 ns, Cleanup: 7631 ns, At safepoint: 459757 ns, Total: 1130492 ns
[2025-10-13T19:22:49.453-0700][1256][info ][safepoint   ] Safepoint "ICBufferFull", Time since last: 488249 ns, Reaching safepoint: 722384 ns, Cleanup: 2945 ns, At safepoint: 567179 ns, Total: 1292508 ns
[2025-10-13T19:22:49.455-0700][1256][info ][safepoint   ] Safepoint "ICBufferFull", Time since last: 533488 ns, Reaching safepoint: 625738 ns, Cleanup: 8052 ns, At safepoint: 430492 ns, Total: 1064282 ns
[2025-10-13T19:22:49.457-0700][1256][info ][safepoint   ] Safepoint "ICBufferFull", Time since last: 513267 ns, Reaching safepoint: 648983 ns, Cleanup: 11898 ns, At safepoint: 749716 ns, Total: 1410597 ns
[2025-10-13T19:22:49.458-0700][1256][info ][safepoint   ] Safepoint "ICBufferFull", Time since last: 544464 ns, Reaching safepoint: 529282 ns, Cleanup: 2644 ns, At safepoint: 469481 ns, Total: 1001407 ns
[2025-10-13T19:22:49.461-0700][1256][info ][safepoint   ] Safepoint "ICBufferFull", Time since last: 1844573 ns, Reaching safepoint: 718148 ns, Cleanup: 3325 ns, At safepoint: 181285 ns, Total: 902758 ns
[2025-10-13T19:22:49.463-0700][1256][info ][safepoint   ] Safepoint "ICBufferFull", Time since last: 630955 ns, Reaching safepoint: 654922 ns, Cleanup: 9435 ns, At safepoint: 348798 ns, Total: 1013155 ns
[2025-10-13T19:22:49.465-0700][1256][info ][safepoint   ] Safepoint "ICBufferFull", Time since last: 1113607 ns, Reaching safepoint: 614881 ns, Cleanup: 3074 ns, At safepoint: 173613 ns, Total: 791568 ns
[2025-10-13T19:22:49.466-0700][1256][info ][safepoint   ] Safepoint "ICBufferFull", Time since last: 177579 ns, Reaching safepoint: 543584 ns, Cleanup: 6389 ns, At safepoint: 357071 ns, Total: 907044 ns
[2025-10-13T19:22:49.467-0700][1256][info ][safepoint   ] Safepoint "ICBufferFull", Time since last: 285132 ns, Reaching safepoint: 501179 ns, Cleanup: 1843 ns, At safepoint: 236348 ns, Total: 739370 ns
[2025-10-13T19:22:49.468-0700][1256][info ][safepoint   ] Safepoint "ICBufferFull", Time since last: 135795 ns, Reaching safepoint: 470533 ns, Cleanup: 1212 ns, At safepoint: 248867 ns, Total: 720612 ns
[2025-10-13T19:22:49.469-0700][1256][info ][safepoint   ] Safepoint "ICBufferFull", Time since last: 280324 ns, Reaching safepoint: 470824 ns, Cleanup: 971 ns, At safepoint: 229377 ns, Total: 701172 ns
[2025-10-13T19:22:49.470-0700][1256][info ][safepoint   ] Safepoint "ICBufferFull", Time since last: 400447 ns, Reaching safepoint: 525766 ns, Cleanup: 2995 ns, At safepoint: 266433 ns, Total: 795194 ns
[2025-10-13T19:22:49.471-0700][1256][info ][safepoint   ] Safepoint "ICBufferFull", Time since last: 546258 ns, Reaching safepoint: 538856 ns, Cleanup: 2393 ns, At safepoint: 251101 ns, Total: 792350 ns
[2025-10-13T19:22:49.472-0700][1256][info ][safepoint   ] Safepoint "ICBufferFull", Time since last: 419665 ns, Reaching safepoint: 485536 ns, Cleanup: 11197 ns, At safepoint: 280284 ns, Total: 777017 ns
[2025-10-13T19:22:49.473-0700][1256][info ][safepoint   ] Safepoint "ICBufferFull", Time since last: 195636 ns, Reaching safepoint: 485215 ns, Cleanup: 8573 ns, At safepoint: 291352 ns, Total: 785140 ns
[2025-10-13T19:22:49.475-0700][1256][info ][safepoint   ] Safepoint "ICBufferFull", Time since last: 615211 ns, Reaching safepoint: 549042 ns, Cleanup: 2193 ns, At safepoint: 300075 ns, Total: 851310 ns
[2025-10-13T19:22:49.476-0700][1256][info ][safepoint   ] Safepoint "ICBufferFull", Time since last: 185090 ns, Reaching safepoint: 463592 ns, Cleanup: 7061 ns, At safepoint: 246303 ns, Total: 716956 ns
[2025-10-13T19:22:49.477-0700][1256][info ][safepoint   ] Safepoint "ICBufferFull", Time since last: 742845 ns, Reaching safepoint: 463272 ns, Cleanup: 8953 ns, At safepoint: 132521 ns, Total: 604746 ns
[2025-10-13T19:22:49.478-0700][1256][info ][safepoint   ] Safepoint "ICBufferFull", Time since last: 149326 ns, Reaching safepoint: 462941 ns, Cleanup: 4036 ns, At safepoint: 259203 ns, Total: 726180 ns
[2025-10-13T19:22:49.479-0700][1256][info ][safepoint   ] Safepoint "ICBufferFull", Time since last: 201115 ns, Reaching safepoint: 425173 ns, Cleanup: 1963 ns, At safepoint: 233124 ns, Total: 660260 ns
[2025-10-13T19:22:49.480-0700][1256][info ][safepoint   ] Safepoint "ICBufferFull", Time since last: 236958 ns, Reaching safepoint: 403121 ns, Cleanup: 1202 ns, At safepoint: 187574 ns, Total: 591897 ns
[2025-10-13T19:22:49.480-0700][1256][info ][safepoint   ] Safepoint "ICBufferFull", Time since last: 164269 ns, Reaching safepoint: 458744 ns, Cleanup: 892 ns, At safepoint: 235677 ns, Total: 695313 ns
[2025-10-13T19:22:49.481-0700][1256][info ][safepoint   ] Safepoint "ICBufferFull", Time since last: 139181 ns, Reaching safepoint: 382649 ns, Cleanup: 5268 ns, At safepoint: 195025 ns, Total: 582942 ns
[2025-10-13T19:22:49.482-0700][1256][info ][safepoint   ] Safepoint "ICBufferFull", Time since last: 145150 ns, Reaching safepoint: 403752 ns, Cleanup: 1442 ns, At safepoint: 195005 ns, Total: 600199 ns
[2025-10-13T19:22:49.483-0700][1256][info ][safepoint   ] Safepoint "ICBufferFull", Time since last: 174815 ns, Reaching safepoint: 380677 ns, Cleanup: 1672 ns, At safepoint: 166252 ns, Total: 548601 ns
[2025-10-13T19:22:49.483-0700][1256][info ][safepoint   ] Safepoint "ICBufferFull", Time since last: 106171 ns, Reaching safepoint: 349930 ns, Cleanup: 1202 ns, At safepoint: 184509 ns, Total: 535641 ns
[2025-10-13T19:22:49.484-0700][1256][info ][safepoint   ] Safepoint "ICBufferFull", Time since last: 103867 ns, Reaching safepoint: 344863 ns, Cleanup: 1192 ns, At safepoint: 171900 ns, Total: 517955 ns
[2025-10-13T19:22:49.485-0700][1256][info ][safepoint   ] Safepoint "ICBufferFull", Time since last: 285462 ns, Reaching safepoint: 417002 ns, Cleanup: 5849 ns, At safepoint: 251150 ns, Total: 674001 ns
[2025-10-13T19:22:49.486-0700][1256][info ][safepoint   ] Safepoint "ICBufferFull", Time since last: 458374 ns, Reaching safepoint: 479026 ns, Cleanup: 2363 ns, At safepoint: 235046 ns, Total: 716435 ns
[2025-10-13T19:22:49.487-0700][1256][info ][safepoint   ] Safepoint "ICBufferFull", Time since last: 122947 ns, Reaching safepoint: 405744 ns, Cleanup: 1963 ns, At safepoint: 216208 ns, Total: 623915 ns
[2025-10-13T19:22:49.488-0700][1256][info ][safepoint   ] Safepoint "ICBufferFull", Time since last: 525365 ns, Reaching safepoint: 578436 ns, Cleanup: 11918 ns, At safepoint: 343481 ns, Total: 933835 ns
[2025-10-13T19:22:49.490-0700][1256][info ][safepoint   ] Safepoint "ICBufferFull", Time since last: 446676 ns, Reaching safepoint: 588171 ns, Cleanup: 2744 ns, At safepoint: 299093 ns, Total: 890008 ns
[2025-10-13T19:22:49.491-0700][1256][info ][safepoint   ] Safepoint "ICBufferFull", Time since last: 527960 ns, Reaching safepoint: 520538 ns, Cleanup: 2354 ns, At safepoint: 296699 ns, Total: 819591 ns
[2025-10-13T19:22:49.492-0700][1256][info ][safepoint   ] Safepoint "ICBufferFull", Time since last: 259803 ns, Reaching safepoint: 461119 ns, Cleanup: 2003 ns, At safepoint: 260815 ns, Total: 723937 ns
[2025-10-13T19:22:49.494-0700][1256][info ][safepoint   ] Safepoint "ICBufferFull", Time since last: 1363695 ns, Reaching safepoint: 608542 ns, Cleanup: 22494 ns, At safepoint: 195897 ns, Total: 826933 ns
[2025-10-13T19:22:49.495-0700][1256][info ][safepoint   ] Safepoint "ICBufferFull", Time since last: 195486 ns, Reaching safepoint: 504304 ns, Cleanup: 2574 ns, At safepoint: 281736 ns, Total: 788614 ns
[2025-10-13T19:22:49.496-0700][1256][info ][safepoint   ] Safepoint "ICBufferFull", Time since last: 348668 ns, Reaching safepoint: 516933 ns, Cleanup: 8643 ns, At safepoint: 308998 ns, Total: 834574 ns
[2025-10-13T19:22:49.498-0700][1256][info ][safepoint   ] Safepoint "ICBufferFull", Time since last: 585998 ns, Reaching safepoint: 519056 ns, Cleanup: 6099 ns, At safepoint: 244631 ns, Total: 769786 ns
[2025-10-13T19:22:49.498-0700][1256][info ][safepoint   ] Safepoint "ICBufferFull", Time since last: 133883 ns, Reaching safepoint: 491724 ns, Cleanup: 2404 ns, At safepoint: 272933 ns, Total: 767061 ns
[2025-10-13T19:22:49.500-0700][1256][info ][safepoint   ] Safepoint "ICBufferFull", Time since last: 347276 ns, Reaching safepoint: 467318 ns, Cleanup: 9554 ns, At safepoint: 248958 ns, Total: 725830 ns
[2025-10-13T19:22:49.500-0700][1256][info ][safepoint   ] Safepoint "ICBufferFull", Time since last: 168044 ns, Reaching safepoint: 417833 ns, Cleanup: 1713 ns, At safepoint: 252752 ns, Total: 672298 ns
[2025-10-13T19:22:49.501-0700][1256][info ][safepoint   ] Safepoint "ICBufferFull", Time since last: 299614 ns, Reaching safepoint: 471915 ns, Cleanup: 2193 ns, At safepoint: 277320 ns, Total: 751428 ns
[2025-10-13T19:22:49.502-0700][1256][info ][safepoint   ] Safepoint "ICBufferFull", Time since last: 182156 ns, Reaching safepoint: 466587 ns, Cleanup: 1923 ns, At safepoint: 355648 ns, Total: 824158 ns
[2025-10-13T19:22:49.505-0700][1256][info ][safepoint   ] Safepoint "ICBufferFull", Time since last: 1062860 ns, Reaching safepoint: 722334 ns, Cleanup: 3445 ns, At safepoint: 299163 ns, Total: 1024942 ns
[2025-10-13T19:22:49.506-0700][1256][info ][safepoint   ] Safepoint "ICBufferFull", Time since last: 208005 ns, Reaching safepoint: 597185 ns, Cleanup: 2874 ns, At safepoint: 391804 ns, Total: 991863 ns
[2025-10-13T19:22:49.507-0700][1256][info ][safepoint   ] Safepoint "ICBufferFull", Time since last: 553318 ns, Reaching safepoint: 558856 ns, Cleanup: 3025 ns, At safepoint: 307225 ns, Total: 869106 ns
[2025-10-13T19:22:49.509-0700][1256][info ][safepoint   ] Safepoint "ICBufferFull", Time since last: 715323 ns, Reaching safepoint: 534450 ns, Cleanup: 2744 ns, At safepoint: 173192 ns, Total: 710386 ns
[2025-10-13T19:22:49.510-0700][1256][info ][safepoint   ] Safepoint "ICBufferFull", Time since last: 186252 ns, Reaching safepoint: 489512 ns, Cleanup: 2123 ns, At safepoint: 270680 ns, Total: 762315 ns
[2025-10-13T19:22:49.511-0700][1256][info ][safepoint   ] Safepoint "ICBufferFull", Time since last: 302328 ns, Reaching safepoint: 442109 ns, Cleanup: 1112 ns, At safepoint: 242317 ns, Total: 685538 ns
[2025-10-13T19:22:49.511-0700][1256][info ][safepoint   ] Safepoint "ICBufferFull", Time since last: 237740 ns, Reaching safepoint: 447488 ns, Cleanup: 581 ns, At safepoint: 259783 ns, Total: 707852 ns
[2025-10-13T19:22:49.512-0700][1256][info ][safepoint   ] Safepoint "ICBufferFull", Time since last: 299013 ns, Reaching safepoint: 401398 ns, Cleanup: 1372 ns, At safepoint: 223699 ns, Total: 626469 ns
[2025-10-13T19:22:49.514-0700][1256][info ][safepoint   ] Safepoint "ICBufferFull", Time since last: 562312 ns, Reaching safepoint: 462660 ns, Cleanup: 7452 ns, At safepoint: 176848 ns, Total: 646960 ns
[2025-10-13T19:22:49.515-0700][1256][info ][safepoint   ] Safepoint "ICBufferFull", Time since last: 505996 ns, Reaching safepoint: 403341 ns, Cleanup: 2143 ns, At safepoint: 124048 ns, Total: 529532 ns
[2025-10-13T19:22:49.515-0700][1256][info ][safepoint   ] Safepoint "ICBufferFull", Time since last: 88374 ns, Reaching safepoint: 383741 ns, Cleanup: 1192 ns, At safepoint: 178590 ns, Total: 563523 ns
[2025-10-13T19:22:49.516-0700][1256][info ][safepoint   ] Safepoint "ICBufferFull", Time since last: 123527 ns, Reaching safepoint: 349420 ns, Cleanup: 1011 ns, At safepoint: 168585 ns, Total: 519016 ns
[2025-10-13T19:22:49.517-0700][1256][info ][safepoint   ] Safepoint "ICBufferFull", Time since last: 183969 ns, Reaching safepoint: 531816 ns, Cleanup: 2694 ns, At safepoint: 245281 ns, Total: 779791 ns
[2025-10-13T19:22:49.518-0700][1256][info ][safepoint   ] Safepoint "ICBufferFull", Time since last: 379946 ns, Reaching safepoint: 413145 ns, Cleanup: 1352 ns, At safepoint: 202457 ns, Total: 616954 ns
[2025-10-13T19:22:49.519-0700][1256][info ][safepoint   ] Safepoint "ICBufferFull", Time since last: 176988 ns, Reaching safepoint: 400507 ns, Cleanup: 791 ns, At safepoint: 198841 ns, Total: 600139 ns
[2025-10-13T19:22:49.519-0700][1256][info ][safepoint   ] Safepoint "ICBufferFull", Time since last: 139021 ns, Reaching safepoint: 359324 ns, Cleanup: 1662 ns, At safepoint: 245522 ns, Total: 606508 ns
[2025-10-13T19:22:49.521-0700][1256][info ][safepoint   ] Safepoint "ICBufferFull", Time since last: 504945 ns, Reaching safepoint: 520859 ns, Cleanup: 5799 ns, At safepoint: 272422 ns, Total: 799080 ns
[2025-10-13T19:22:49.522-0700][1256][info ][safepoint   ] Safepoint "ICBufferFull", Time since last: 243188 ns, Reaching safepoint: 496312 ns, Cleanup: 2113 ns, At safepoint: 237340 ns, Total: 735765 ns
[2025-10-13T19:22:49.523-0700][1256][info ][safepoint   ] Safepoint "ICBufferFull", Time since last: 524704 ns, Reaching safepoint: 491174 ns, Cleanup: 2374 ns, At safepoint: 222637 ns, Total: 716185 ns
[2025-10-13T19:22:49.525-0700][1256][info ][safepoint   ] Safepoint "ICBufferFull", Time since last: 426616 ns, Reaching safepoint: 1107748 ns, Cleanup: 4998 ns, At safepoint: 390792 ns, Total: 1503538 ns
[2025-10-13T19:22:49.526-0700][1256][info ][safepoint   ] Safepoint "ICBufferFull", Time since last: 448248 ns, Reaching safepoint: 739881 ns, Cleanup: 6660 ns, At safepoint: 345133 ns, Total: 1091674 ns
[2025-10-13T19:22:49.528-0700][1256][info ][safepoint   ] Safepoint "ICBufferFull", Time since last: 582762 ns, Reaching safepoint: 641312 ns, Cleanup: 3255 ns, At safepoint: 224169 ns, Total: 868736 ns
[2025-10-13T19:22:49.529-0700][1256][info ][safepoint   ] Safepoint "ICBufferFull", Time since last: 140613 ns, Reaching safepoint: 359054 ns, Cleanup: 1953 ns, At safepoint: 193583 ns, Total: 554590 ns
[2025-10-13T19:22:49.529-0700][1256][info ][safepoint   ] Safepoint "ICBufferFull", Time since last: 314356 ns, Reaching safepoint: 426686 ns, Cleanup: 15294 ns, At safepoint: 166001 ns, Total: 607981 ns
[2025-10-13T19:22:49.530-0700][1256][info ][safepoint   ] Safepoint "ICBufferFull", Time since last: 470953 ns, Reaching safepoint: 328067 ns, Cleanup: 1673 ns, At safepoint: 119090 ns, Total: 448830 ns
[2025-10-13T19:22:49.531-0700][1256][info ][safepoint   ] Safepoint "ICBufferFull", Time since last: 77568 ns, Reaching safepoint: 277550 ns, Cleanup: 921 ns, At safepoint: 144439 ns, Total: 422910 ns
[2025-10-13T19:22:49.531-0700][1256][info ][safepoint   ] Safepoint "ICBufferFull", Time since last: 91679 ns, Reaching safepoint: 281016 ns, Cleanup: 4046 ns, At safepoint: 129105 ns, Total: 414167 ns
[2025-10-13T19:22:49.532-0700][1256][info ][safepoint   ] Safepoint "ICBufferFull", Time since last: 494760 ns, Reaching safepoint: 299513 ns, Cleanup: 2684 ns, At safepoint: 99271 ns, Total: 401468 ns
[2025-10-13T19:22:49.533-0700][1256][info ][safepoint   ] Safepoint "ICBufferFull", Time since last: 52679 ns, Reaching safepoint: 266444 ns, Cleanup: 3185 ns, At safepoint: 113021 ns, Total: 382650 ns
[2025-10-13T19:22:49.533-0700][1256][info ][safepoint   ] Safepoint "ICBufferFull", Time since last: 69475 ns, Reaching safepoint: 271011 ns, Cleanup: 1262 ns, At safepoint: 128264 ns, Total: 400537 ns
[2025-10-13T19:22:49.534-0700][1256][info ][safepoint   ] Safepoint "ICBufferFull", Time since last: 76406 ns, Reaching safepoint: 289598 ns, Cleanup: 1032 ns, At safepoint: 160903 ns, Total: 451533 ns
[2025-10-13T19:22:49.534-0700][1256][info ][safepoint   ] Safepoint "ICBufferFull", Time since last: 145861 ns, Reaching safepoint: 292864 ns, Cleanup: 1252 ns, At safepoint: 206883 ns, Total: 500999 ns
[2025-10-13T19:22:49.535-0700][1256][info ][safepoint   ] Safepoint "ICBufferFull", Time since last: 245252 ns, Reaching safepoint: 421198 ns, Cleanup: 1652 ns, At safepoint: 255277 ns, Total: 678127 ns
[2025-10-13T19:22:49.537-0700][1256][info ][safepoint   ] Safepoint "ICBufferFull", Time since last: 436401 ns, Reaching safepoint: 1021116 ns, Cleanup: 4727 ns, At safepoint: 447889 ns, Total: 1473732 ns
[2025-10-13T19:22:49.539-0700][1256][info ][safepoint   ] Safepoint "ICBufferFull", Time since last: 557474 ns, Reaching safepoint: 763336 ns, Cleanup: 2945 ns, At safepoint: 364131 ns, Total: 1130412 ns
[2025-10-13T19:22:49.541-0700][1256][info ][safepoint   ] Safepoint "ICBufferFull", Time since last: 572217 ns, Reaching safepoint: 833893 ns, Cleanup: 4246 ns, At safepoint: 222878 ns, Total: 1061017 ns
[2025-10-13T19:22:49.541-0700][1256][info ][safepoint   ] Safepoint "ICBufferFull", Time since last: 147113 ns, Reaching safepoint: 391793 ns, Cleanup: 1592 ns, At safepoint: 180574 ns, Total: 573959 ns
[2025-10-13T19:22:49.542-0700][1256][info ][safepoint   ] Safepoint "ICBufferFull", Time since last: 303840 ns, Reaching safepoint: 438755 ns, Cleanup: 1902 ns, At safepoint: 143898 ns, Total: 584555 ns
[2025-10-13T19:22:49.543-0700][1256][info ][safepoint   ] Safepoint "ICBufferFull", Time since last: 89987 ns, Reaching safepoint: 306284 ns, Cleanup: 1001 ns, At safepoint: 157428 ns, Total: 464713 ns
[2025-10-13T19:22:49.544-0700][1256][info ][safepoint   ] Safepoint "ICBufferFull", Time since last: 360446 ns, Reaching safepoint: 346475 ns, Cleanup: 1883 ns, At safepoint: 132411 ns, Total: 480769 ns
[2025-10-13T19:22:49.544-0700][1256][info ][safepoint   ] Safepoint "ICBufferFull", Time since last: 90226 ns, Reaching safepoint: 309459 ns, Cleanup: 1903 ns, At safepoint: 155595 ns, Total: 466957 ns
[2025-10-13T19:22:49.545-0700][1256][info ][safepoint   ] Safepoint "ICBufferFull", Time since last: 150869 ns, Reaching safepoint: 313084 ns, Cleanup: 1242 ns, At safepoint: 118940 ns, Total: 433266 ns
[2025-10-13T19:22:49.545-0700][1256][info ][safepoint   ] Safepoint "ICBufferFull", Time since last: 56005 ns, Reaching safepoint: 373385 ns, Cleanup: 1312 ns, At safepoint: 144379 ns, Total: 519076 ns
[2025-10-13T19:22:49.546-0700][1256][info ][safepoint   ] Safepoint "ICBufferFull", Time since last: 49675 ns, Reaching safepoint: 258552 ns, Cleanup: 1042 ns, At safepoint: 128104 ns, Total: 387698 ns
[2025-10-13T19:22:49.546-0700][1256][info ][safepoint   ] Safepoint "ICBufferFull", Time since last: 52239 ns, Reaching safepoint: 282327 ns, Cleanup: 1132 ns, At safepoint: 167444 ns, Total: 450903 ns
[2025-10-13T19:22:49.547-0700][1256][info ][safepoint   ] Safepoint "ICBufferFull", Time since last: 58839 ns, Reaching safepoint: 265943 ns, Cleanup: 1071 ns, At safepoint: 163027 ns, Total: 430041 ns
[2025-10-13T19:22:49.547-0700][1256][info ][safepoint   ] Safepoint "ICBufferFull", Time since last: 73081 ns, Reaching safepoint: 299013 ns, Cleanup: 861 ns, At safepoint: 211090 ns, Total: 510964 ns
[2025-10-13T19:22:49.548-0700][1256][info ][safepoint   ] Safepoint "ICBufferFull", Time since last: 253644 ns, Reaching safepoint: 379194 ns, Cleanup: 2304 ns, At safepoint: 171389 ns, Total: 552887 ns
[2025-10-13T19:22:49.549-0700][1256][info ][safepoint   ] Safepoint "ICBufferFull", Time since last: 141374 ns, Reaching safepoint: 347947 ns, Cleanup: 1483 ns, At safepoint: 191550 ns, Total: 540980 ns
[2025-10-13T19:22:49.550-0700][1256][info ][safepoint   ] Safepoint "ICBufferFull", Time since last: 238341 ns, Reaching safepoint: 396781 ns, Cleanup: 1772 ns, At safepoint: 220064 ns, Total: 618617 ns
[2025-10-13T19:22:49.552-0700][1256][info ][safepoint   ] Safepoint "ICBufferFull", Time since last: 487818 ns, Reaching safepoint: 1050251 ns, Cleanup: 4537 ns, At safepoint: 360165 ns, Total: 1414953 ns
[2025-10-13T19:22:49.553-0700][1256][info ][safepoint   ] Safepoint "ICBufferFull", Time since last: 140653 ns, Reaching safepoint: 724688 ns, Cleanup: 1572 ns, At safepoint: 350501 ns, Total: 1076761 ns
[2025-10-13T19:22:49.554-0700][1256][info ][safepoint   ] Safepoint "ICBufferFull", Time since last: 308007 ns, Reaching safepoint: 631196 ns, Cleanup: 3495 ns, At safepoint: 303239 ns, Total: 937930 ns
[2025-10-13T19:22:49.555-0700][1256][info ][safepoint   ] Safepoint "ICBufferFull", Time since last: 433006 ns, Reaching safepoint: 547239 ns, Cleanup: 8002 ns, At safepoint: 263119 ns, Total: 818360 ns
[2025-10-13T19:22:49.556-0700][1256][info ][safepoint   ] Safepoint "ICBufferFull", Time since last: 80281 ns, Reaching safepoint: 464253 ns, Cleanup: 1392 ns, At safepoint: 190639 ns, Total: 656284 ns
[2025-10-13T19:22:49.557-0700][1256][info ][safepoint   ] Safepoint "ICBufferFull", Time since last: 306815 ns, Reaching safepoint: 799701 ns, Cleanup: 3265 ns, At safepoint: 267715 ns, Total: 1070681 ns
[2025-10-13T19:22:49.558-0700][1256][info ][safepoint   ] Safepoint "ICBufferFull", Time since last: 107533 ns, Reaching safepoint: 415099 ns, Cleanup: 1212 ns, At safepoint: 220454 ns, Total: 636765 ns
[2025-10-13T19:22:49.559-0700][1256][info ][safepoint   ] Safepoint "ICBufferFull", Time since last: 257700 ns, Reaching safepoint: 412996 ns, Cleanup: 7871 ns, At safepoint: 175146 ns, Total: 596013 ns
[2025-10-13T19:22:49.560-0700][1256][info ][safepoint   ] Safepoint "ICBufferFull", Time since last: 126341 ns, Reaching safepoint: 464263 ns, Cleanup: 1893 ns, At safepoint: 181495 ns, Total: 647651 ns
[2025-10-13T19:22:49.561-0700][1256][info ][safepoint   ] Safepoint "ICBufferFull", Time since last: 601962 ns, Reaching safepoint: 503242 ns, Cleanup: 1612 ns, At safepoint: 202577 ns, Total: 707431 ns
[2025-10-13T19:22:49.562-0700][1256][info ][safepoint   ] Safepoint "ICBufferFull", Time since last: 92110 ns, Reaching safepoint: 368428 ns, Cleanup: 1422 ns, At safepoint: 260024 ns, Total: 629874 ns
[2025-10-13T19:22:49.563-0700][1256][info ][safepoint   ] Safepoint "ICBufferFull", Time since last: 415930 ns, Reaching safepoint: 541249 ns, Cleanup: 2764 ns, At safepoint: 262468 ns, Total: 806481 ns
[2025-10-13T19:22:49.564-0700][1256][info ][safepoint   ] Safepoint "ICBufferFull", Time since last: 293855 ns, Reaching safepoint: 502020 ns, Cleanup: 2845 ns, At safepoint: 272112 ns, Total: 776977 ns
[2025-10-13T19:22:49.565-0700][1256][info ][safepoint   ] Safepoint "ICBufferFull", Time since last: 380035 ns, Reaching safepoint: 620530 ns, Cleanup: 2925 ns, At safepoint: 326825 ns, Total: 950280 ns
[2025-10-13T19:22:49.567-0700][1256][info ][safepoint   ] Safepoint "ICBufferFull", Time since last: 247364 ns, Reaching safepoint: 562352 ns, Cleanup: 10125 ns, At safepoint: 333425 ns, Total: 905902 ns
[2025-10-13T19:22:49.891-0700][1256][info ][safepoint   ] Safepoint "ICBufferFull", Time since last: 294874646 ns, Reaching safepoint: 1047556 ns, Cleanup: 122335 ns, At safepoint: 28631024 ns, Total: 29800915 ns
[2025-10-13T19:22:49.930-0700][1256][info ][safepoint   ] Safepoint "ICBufferFull", Time since last: 1203132 ns, Reaching safepoint: 1104753 ns, Cleanup: 20111 ns, At safepoint: 36841829 ns, Total: 37966693 ns
[2025-10-13T19:22:50.305-0700][1256][info ][gc,start    ] GC(44) Pause Young (Normal) (G1 Evacuation Pause)
[2025-10-13T19:22:50.305-0700][1256][info ][gc,task     ] GC(44) Using 113 workers of 113 for evacuation
[2025-10-13T19:22:50.318-0700][1256][debug][gc,remset   ] GC(44) Visited cards 6142464 Total dirty 22937600 (26.78%) Total old 372441088 (1.65%)
[2025-10-13T19:22:50.474-0700][1256][info ][gc,phases   ] GC(44)   Pre Evacuate Collection Set: 0.7ms
[2025-10-13T19:22:50.474-0700][1256][info ][gc,phases   ] GC(44)   Merge Heap Roots: 12.0ms
[2025-10-13T19:22:50.474-0700][1256][info ][gc,phases   ] GC(44)   Evacuate Collection Set: 147.4ms
[2025-10-13T19:22:50.474-0700][1256][info ][gc,phases   ] GC(44)   Post Evacuate Collection Set: 8.9ms
[2025-10-13T19:22:50.474-0700][1256][info ][gc,phases   ] GC(44)   Other: 0.2ms
[2025-10-13T19:22:50.474-0700][1256][debug][gc,remset   ] GC(44) Coarsening (recent): Inline->AoC 0 (0) AoC->Howl 0 (0) Howl->Full 0 (0) Inline->AoC 0 (0) AoC->BitMap 0 (0) BitMap->Full 0 (0) 
[2025-10-13T19:22:50.474-0700][1256][debug][gc,remset   ] GC(44) Coarsening (all): Inline->AoC 36831 (8) AoC->Howl 2045 (50) Howl->Full 0 (0) Inline->AoC 10235 (11) AoC->BitMap 2082 (49) BitMap->Full 0 (0) 
[2025-10-13T19:22:50.474-0700][1256][info ][gc,heap     ] GC(44) Eden regions: 2625->0(1920)
[2025-10-13T19:22:50.474-0700][1256][info ][gc,heap     ] GC(44) Survivor regions: 34->89(333)
[2025-10-13T19:22:50.474-0700][1256][info ][gc,heap     ] GC(44) Old regions: 355->355
[2025-10-13T19:22:50.474-0700][1256][info ][gc,heap     ] GC(44) Humongous regions: 10->3
[2025-10-13T19:22:50.474-0700][1256][info ][gc,metaspace] GC(44) Metaspace: 298107K(302400K)->298107K(302400K) NonClass: 261337K(263680K)->261337K(263680K) Class: 36770K(38720K)->36770K(38720K)
[2025-10-13T19:22:50.474-0700][1256][info ][gc          ] GC(44) Pause Young (Normal) (G1 Evacuation Pause) 96762M->14282M(184320M) 169.325ms
[2025-10-13T19:22:50.476-0700][1256][info ][gc,cpu      ] GC(44) User=7.68s Sys=0.06s Real=0.17s
[2025-10-13T19:22:50.477-0700][1256][info ][safepoint   ] Safepoint "G1CollectForAllocation", Time since last: 371301949 ns, Reaching safepoint: 1166977 ns, Cleanup: 106852 ns, At safepoint: 174262571 ns, Total: 175536400 ns
[2025-10-13T19:22:50.966-0700][1256][info ][safepoint   ] Safepoint "ICBufferFull", Time since last: 486893029 ns, Reaching safepoint: 952142 ns, Cleanup: 182526 ns, At safepoint: 313044 ns, Total: 1447712 ns
[2025-10-13T19:22:51.256-0700][1256][info ][safepoint   ] Safepoint "ICBufferFull", Time since last: 288512740 ns, Reaching safepoint: 1503377 ns, Cleanup: 159501 ns, At safepoint: 285212 ns, Total: 1948090 ns
[2025-10-13T19:22:51.257-0700][1256][info ][safepoint   ] Safepoint "ICBufferFull", Time since last: 56316 ns, Reaching safepoint: 622122 ns, Cleanup: 4186 ns, At safepoint: 217430 ns, Total: 843738 ns
[2025-10-13T19:22:51.258-0700][1256][info ][safepoint   ] Safepoint "ICBufferFull", Time since last: 67842 ns, Reaching safepoint: 488741 ns, Cleanup: 1312 ns, At safepoint: 187544 ns, Total: 677597 ns
[2025-10-13T19:22:51.258-0700][1256][info ][safepoint   ] Safepoint "ICBufferFull", Time since last: 81533 ns, Reaching safepoint: 420156 ns, Cleanup: 1493 ns, At safepoint: 183468 ns, Total: 605117 ns
[2025-10-13T19:22:51.259-0700][1256][info ][safepoint   ] Safepoint "ICBufferFull", Time since last: 35664 ns, Reaching safepoint: 377461 ns, Cleanup: 1462 ns, At safepoint: 167574 ns, Total: 546497 ns
[2025-10-13T19:22:51.260-0700][1256][info ][safepoint   ] Safepoint "ICBufferFull", Time since last: 45049 ns, Reaching safepoint: 374046 ns, Cleanup: 1633 ns, At safepoint: 190788 ns, Total: 566467 ns
[2025-10-13T19:22:51.881-0700][1256][info ][safepoint   ] Safepoint "ICBufferFull", Time since last: 619775417 ns, Reaching safepoint: 895346 ns, Cleanup: 153212 ns, At safepoint: 393797 ns, Total: 1442355 ns
[2025-10-13T19:22:52.771-0700][1256][info ][safepoint   ] Safepoint "ICBufferFull", Time since last: 888382308 ns, Reaching safepoint: 988777 ns, Cleanup: 190989 ns, At safepoint: 411574 ns, Total: 1591340 ns
[2025-10-13T19:22:52.894-0700][1256][info ][gc,start    ] GC(45) Pause Young (Concurrent Start) (CodeCache GC Threshold)
[2025-10-13T19:22:52.894-0700][1256][info ][gc,task     ] GC(45) Using 113 workers of 113 for evacuation
[2025-10-13T19:22:52.906-0700][1256][debug][gc,remset   ] GC(45) Visited cards 6161408 Total dirty 23003136 (26.79%) Total old 165871616 (3.71%)
[2025-10-13T19:22:53.032-0700][1256][info ][gc,phases   ] GC(45)   Pre Evacuate Collection Set: 0.9ms
[2025-10-13T19:22:53.032-0700][1256][info ][gc,phases   ] GC(45)   Merge Heap Roots: 10.6ms
[2025-10-13T19:22:53.032-0700][1256][info ][gc,phases   ] GC(45)   Evacuate Collection Set: 118.8ms
[2025-10-13T19:22:53.032-0700][1256][info ][gc,phases   ] GC(45)   Post Evacuate Collection Set: 7.1ms
[2025-10-13T19:22:53.032-0700][1256][info ][gc,phases   ] GC(45)   Other: 0.2ms
[2025-10-13T19:22:53.032-0700][1256][debug][gc,remset   ] GC(45) Coarsening (recent): Inline->AoC 0 (0) AoC->Howl 0 (0) Howl->Full 0 (0) Inline->AoC 0 (0) AoC->BitMap 0 (0) BitMap->Full 0 (0) 
[2025-10-13T19:22:53.032-0700][1256][debug][gc,remset   ] GC(45) Coarsening (all): Inline->AoC 36831 (8) AoC->Howl 2045 (50) Howl->Full 0 (0) Inline->AoC 10235 (11) AoC->BitMap 2082 (49) BitMap->Full 0 (0) 
[2025-10-13T19:22:53.032-0700][1256][info ][gc,heap     ] GC(45) Eden regions: 995->0(934)
[2025-10-13T19:22:53.032-0700][1256][info ][gc,heap     ] GC(45) Survivor regions: 89->147(281)
[2025-10-13T19:22:53.032-0700][1256][info ][gc,heap     ] GC(45) Old regions: 355->355
[2025-10-13T19:22:53.032-0700][1256][info ][gc,heap     ] GC(45) Humongous regions: 8->3
[2025-10-13T19:22:53.032-0700][1256][info ][gc,metaspace] GC(45) Metaspace: 298445K(302720K)->298445K(302720K) NonClass: 261658K(264000K)->261658K(264000K) Class: 36786K(38720K)->36786K(38720K)
[2025-10-13T19:22:53.032-0700][1256][info ][gc          ] GC(45) Pause Young (Concurrent Start) (CodeCache GC Threshold) 46261M->16146M(184320M) 137.714ms
[2025-10-13T19:22:53.032-0700][1089][info ][gc          ] GC(46) Concurrent Mark Cycle
[2025-10-13T19:22:53.032-0700][1089][info ][gc,marking  ] GC(46) Concurrent Scan Root Regions
[2025-10-13T19:22:53.034-0700][1256][info ][gc,cpu      ] GC(45) User=9.74s Sys=0.00s Real=0.14s
[2025-10-13T19:22:53.036-0700][1256][info ][safepoint   ] Safepoint "G1TryInitiateConcMark", Time since last: 120493204 ns, Reaching safepoint: 880183 ns, Cleanup: 46090 ns, At safepoint: 143446738 ns, Total: 144373011 ns
[2025-10-13T19:22:53.088-0700][1089][info ][gc,marking  ] GC(46) Concurrent Scan Root Regions 56.297ms
[2025-10-13T19:22:53.088-0700][1089][info ][gc,marking  ] GC(46) Concurrent Mark
[2025-10-13T19:22:53.088-0700][1089][info ][gc,marking  ] GC(46) Concurrent Mark From Roots
[2025-10-13T19:22:53.088-0700][1089][info ][gc,task     ] GC(46) Using 36 workers of 36 for marking
[2025-10-13T19:22:53.262-0700][1089][info ][gc,marking  ] GC(46) Concurrent Mark From Roots 173.844ms
[2025-10-13T19:22:53.262-0700][1089][info ][gc,marking  ] GC(46) Concurrent Preclean
[2025-10-13T19:22:53.272-0700][1089][info ][gc,marking  ] GC(46) Concurrent Preclean 9.562ms
[2025-10-13T19:22:53.275-0700][1256][info ][gc,start    ] GC(46) Pause Remark
[2025-10-13T19:22:53.629-0700][1256][info ][gc,mmu      ] GC(46) MMU target violated: 201.0ms (200.0ms/201.0ms)
[2025-10-13T19:22:53.629-0700][1256][info ][gc          ] GC(46) Pause Remark 19908M->19844M(184320M) 353.353ms
[2025-10-13T19:22:53.631-0700][1256][info ][gc,cpu      ] GC(46) User=2.31s Sys=0.10s Real=0.36s
[2025-10-13T19:22:53.633-0700][1256][info ][safepoint   ] Safepoint "G1PauseRemark", Time since last: 236454154 ns, Reaching safepoint: 1163012 ns, Cleanup: 90176 ns, At safepoint: 359680919 ns, Total: 360934107 ns
[2025-10-13T19:22:53.635-0700][1089][info ][gc,marking  ] GC(46) Concurrent Mark 546.164ms
[2025-10-13T19:22:53.635-0700][1089][info ][gc,marking  ] GC(46) Concurrent Rebuild Remembered Sets and Scrub Regions
[2025-10-13T19:22:54.050-0700][1089][info ][gc,marking  ] GC(46) Concurrent Rebuild Remembered Sets and Scrub Regions 414.859ms
[2025-10-13T19:22:54.059-0700][1256][info ][gc,start    ] GC(46) Pause Cleanup
[2025-10-13T19:22:54.060-0700][1256][info ][gc          ] GC(46) Pause Cleanup 27887M->27887M(184320M) 1.041ms
[2025-10-13T19:22:54.061-0700][1256][info ][gc,cpu      ] GC(46) User=0.02s Sys=0.01s Real=0.01s
[2025-10-13T19:22:54.064-0700][1256][info ][safepoint   ] Safepoint "G1PauseCleanup", Time since last: 417290851 ns, Reaching safepoint: 6382557 ns, Cleanup: 216598 ns, At safepoint: 6695251 ns, Total: 13294406 ns
[2025-10-13T19:22:54.064-0700][1089][info ][gc,marking  ] GC(46) Concurrent Clear Claimed Marks
[2025-10-13T19:22:54.065-0700][1089][info ][gc,marking  ] GC(46) Concurrent Clear Claimed Marks 1.259ms
[2025-10-13T19:22:54.065-0700][1089][info ][gc,marking  ] GC(46) Concurrent Cleanup for Next Mark
[2025-10-13T19:22:54.111-0700][1256][info ][gc,start    ] GC(47) Pause Young (Prepare Mixed) (G1 Evacuation Pause)
[2025-10-13T19:22:54.111-0700][1256][info ][gc,task     ] GC(47) Using 113 workers of 113 for evacuation
[2025-10-13T19:22:54.122-0700][1256][debug][gc,remset   ] GC(47) Visited cards 6222336 Total dirty 22872064 (27.20%) Total old 92209152 (6.75%)
[2025-10-13T19:22:54.264-0700][1256][info ][gc,phases   ] GC(47)   Pre Evacuate Collection Set: 0.7ms
[2025-10-13T19:22:54.264-0700][1256][info ][gc,phases   ] GC(47)   Merge Heap Roots: 10.8ms
[2025-10-13T19:22:54.264-0700][1256][info ][gc,phases   ] GC(47)   Evacuate Collection Set: 136.1ms
[2025-10-13T19:22:54.264-0700][1256][info ][gc,phases   ] GC(47)   Post Evacuate Collection Set: 5.6ms
[2025-10-13T19:22:54.264-0700][1256][info ][gc,phases   ] GC(47)   Other: 0.1ms
[2025-10-13T19:22:54.264-0700][1256][debug][gc,remset   ] GC(47) Coarsening (recent): Inline->AoC 48699 (0) AoC->Howl 3118 (0) Howl->Full 0 (0) Inline->AoC 16825 (0) AoC->BitMap 4223 (0) BitMap->Full 0 (0) 
[2025-10-13T19:22:54.264-0700][1256][debug][gc,remset   ] GC(47) Coarsening (all): Inline->AoC 85530 (8) AoC->Howl 5163 (50) Howl->Full 0 (0) Inline->AoC 27060 (11) AoC->BitMap 6305 (49) BitMap->Full 0 (0) 
[2025-10-13T19:22:54.264-0700][1256][info ][gc,heap     ] GC(47) Eden regions: 378->0(3410)
[2025-10-13T19:22:54.264-0700][1256][info ][gc,heap     ] GC(47) Survivor regions: 147->46(66)
[2025-10-13T19:22:54.264-0700][1256][info ][gc,heap     ] GC(47) Old regions: 355->460
[2025-10-13T19:22:54.264-0700][1256][info ][gc,heap     ] GC(47) Humongous regions: 2->1
[2025-10-13T19:22:54.264-0700][1256][info ][gc,metaspace] GC(47) Metaspace: 298534K(302784K)->298534K(302784K) NonClass: 261746K(264064K)->261746K(264064K) Class: 36787K(38720K)->36787K(38720K)
[2025-10-13T19:22:54.264-0700][1256][info ][gc          ] GC(47) Pause Young (Prepare Mixed) (G1 Evacuation Pause) 28210M->16201M(184320M) 153.504ms
[2025-10-13T19:22:54.266-0700][1256][info ][gc,cpu      ] GC(47) User=8.49s Sys=0.11s Real=0.15s
[2025-10-13T19:22:54.267-0700][1256][info ][safepoint   ] Safepoint "G1CollectForAllocation", Time since last: 26812819 ns, Reaching safepoint: 18356933 ns, Cleanup: 15343 ns, At safepoint: 158701383 ns, Total: 177073659 ns
[2025-10-13T19:22:54.279-0700][1089][info ][gc,marking  ] GC(46) Concurrent Cleanup for Next Mark 213.674ms
[2025-10-13T19:22:54.279-0700][1089][info ][gc          ] GC(46) Concurrent Mark Cycle 1246.713ms
[2025-10-13T19:22:55.269-0700][1256][info ][safepoint   ] Safepoint "Cleanup", Time since last: 1000084117 ns, Reaching safepoint: 888345 ns, Cleanup: 114093 ns, At safepoint: 274135 ns, Total: 1276573 ns
[2025-10-13T19:22:56.214-0700][1256][info ][safepoint   ] Safepoint "ICBufferFull", Time since last: 943374677 ns, Reaching safepoint: 993645 ns, Cleanup: 180584 ns, At safepoint: 466937 ns, Total: 1641166 ns
[2025-10-13T19:22:57.216-0700][1256][info ][safepoint   ] Safepoint "Cleanup", Time since last: 1000126140 ns, Reaching safepoint: 953895 ns, Cleanup: 161174 ns, At safepoint: 733301 ns, Total: 1848370 ns
[2025-10-13T19:22:58.029-0700][1256][info ][safepoint   ] Safepoint "ICBufferFull", Time since last: 792924151 ns, Reaching safepoint: 12837293 ns, Cleanup: 156456 ns, At safepoint: 7466389 ns, Total: 20460138 ns
[2025-10-13T19:22:58.953-0700][1256][info ][safepoint   ] Safepoint "ICBufferFull", Time since last: 922238405 ns, Reaching safepoint: 1014076 ns, Cleanup: 202226 ns, At safepoint: 585877 ns, Total: 1802179 ns
[2025-10-13T19:22:59.412-0700][1256][info ][safepoint   ] Safepoint "ICBufferFull", Time since last: 457081097 ns, Reaching safepoint: 943869 ns, Cleanup: 207595 ns, At safepoint: 458995 ns, Total: 1610459 ns
[2025-10-13T19:23:00.414-0700][1256][info ][safepoint   ] Safepoint "Cleanup", Time since last: 1000158920 ns, Reaching safepoint: 916037 ns, Cleanup: 140623 ns, At safepoint: 455811 ns, Total: 1512471 ns
[2025-10-13T19:23:01.105-0700][1256][info ][safepoint   ] Safepoint "ICBufferFull", Time since last: 690011033 ns, Reaching safepoint: 905140 ns, Cleanup: 198571 ns, At safepoint: 508230 ns, Total: 1611941 ns
[2025-10-13T19:23:01.873-0700][1256][info ][safepoint   ] Safepoint "ICBufferFull", Time since last: 766013463 ns, Reaching safepoint: 1023680 ns, Cleanup: 183608 ns, At safepoint: 791509 ns, Total: 1998797 ns
[2025-10-13T19:23:02.553-0700][1256][info ][gc,start    ] GC(48) Pause Young (Mixed) (G1 Evacuation Pause)
[2025-10-13T19:23:02.553-0700][1256][info ][gc,task     ] GC(48) Using 113 workers of 113 for evacuation
[2025-10-13T19:23:02.567-0700][1256][debug][gc,remset   ] GC(48) Visited cards 8782848 Total dirty 27262976 (32.22%) Total old 486146048 (1.81%)
[2025-10-13T19:23:02.686-0700][1256][info ][gc,phases   ] GC(48)   Pre Evacuate Collection Set: 0.8ms
[2025-10-13T19:23:02.686-0700][1256][info ][gc,phases   ] GC(48)   Merge Heap Roots: 13.4ms
[2025-10-13T19:23:02.686-0700][1256][info ][gc,phases   ] GC(48)   Evacuate Collection Set: 108.5ms
[2025-10-13T19:23:02.686-0700][1256][info ][gc,phases   ] GC(48)   Post Evacuate Collection Set: 9.9ms
[2025-10-13T19:23:02.686-0700][1256][info ][gc,phases   ] GC(48)   Other: 0.2ms
[2025-10-13T19:23:02.686-0700][1256][debug][gc,remset   ] GC(48) Coarsening (recent): Inline->AoC 0 (0) AoC->Howl 0 (0) Howl->Full 0 (0) Inline->AoC 0 (0) AoC->BitMap 0 (0) BitMap->Full 0 (0) 
[2025-10-13T19:23:02.686-0700][1256][debug][gc,remset   ] GC(48) Coarsening (all): Inline->AoC 85530 (8) AoC->Howl 5163 (50) Howl->Full 0 (0) Inline->AoC 27060 (11) AoC->BitMap 6305 (49) BitMap->Full 0 (0) 
[2025-10-13T19:23:02.686-0700][1256][info ][gc,heap     ] GC(48) Eden regions: 3410->0(1949)
[2025-10-13T19:23:02.686-0700][1256][info ][gc,heap     ] GC(48) Survivor regions: 46->116(432)
[2025-10-13T19:23:02.686-0700][1256][info ][gc,heap     ] GC(48) Old regions: 460->442
[2025-10-13T19:23:02.686-0700][1256][info ][gc,heap     ] GC(48) Humongous regions: 11->1
[2025-10-13T19:23:02.686-0700][1256][info ][gc,metaspace] GC(48) Metaspace: 300063K(304320K)->300063K(304320K) NonClass: 263251K(265536K)->263251K(265536K) Class: 36812K(38784K)->36812K(38784K)
[2025-10-13T19:23:02.686-0700][1256][info ][gc          ] GC(48) Pause Young (Mixed) (G1 Evacuation Pause) 125641M->17884M(184320M) 132.840ms
[2025-10-13T19:23:02.688-0700][1256][info ][gc,cpu      ] GC(48) User=9.56s Sys=0.03s Real=0.13s
[2025-10-13T19:23:02.689-0700][1256][info ][safepoint   ] Safepoint "G1CollectForAllocation", Time since last: 676906035 ns, Reaching safepoint: 886282 ns, Cleanup: 111849 ns, At safepoint: 137916653 ns, Total: 138914784 ns
[2025-10-13T19:23:03.511-0700][1256][info ][safepoint   ] Safepoint "ICBufferFull", Time since last: 820235055 ns, Reaching safepoint: 910058 ns, Cleanup: 162186 ns, At safepoint: 243148 ns, Total: 1315392 ns
[2025-10-13T19:23:04.405-0700][1256][info ][safepoint   ] Safepoint "ICBufferFull", Time since last: 892363127 ns, Reaching safepoint: 977160 ns, Cleanup: 180424 ns, At safepoint: 420717 ns, Total: 1578301 ns
[2025-10-13T19:23:05.184-0700][1256][info ][safepoint   ] Safepoint "ICBufferFull", Time since last: 758194380 ns, Reaching safepoint: 18402782 ns, Cleanup: 204160 ns, At safepoint: 2377641 ns, Total: 20984583 ns
[2025-10-13T19:23:05.730-0700][1256][info ][safepoint   ] Safepoint "ICBufferFull", Time since last: 544777127 ns, Reaching safepoint: 968968 ns, Cleanup: 190058 ns, At safepoint: 582522 ns, Total: 1741548 ns
[2025-10-13T19:23:05.732-0700][1256][info ][safepoint   ] Safepoint "ICBufferFull", Time since last: 234014 ns, Reaching safepoint: 937981 ns, Cleanup: 9244 ns, At safepoint: 496672 ns, Total: 1443897 ns
[2025-10-13T19:23:06.365-0700][1256][info ][gc,start    ] GC(49) Pause Young (Normal) (G1 Evacuation Pause)
[2025-10-13T19:23:06.365-0700][1256][info ][gc,task     ] GC(49) Using 113 workers of 113 for evacuation
[2025-10-13T19:23:06.379-0700][1256][debug][gc,remset   ] GC(49) Visited cards 8627712 Total dirty 28180480 (30.62%) Total old 355139584 (2.43%)
[2025-10-13T19:23:06.503-0700][1256][info ][gc,phases   ] GC(49)   Pre Evacuate Collection Set: 0.7ms
[2025-10-13T19:23:06.503-0700][1256][info ][gc,phases   ] GC(49)   Merge Heap Roots: 13.0ms
[2025-10-13T19:23:06.503-0700][1256][info ][gc,phases   ] GC(49)   Evacuate Collection Set: 114.3ms
[2025-10-13T19:23:06.503-0700][1256][info ][gc,phases   ] GC(49)   Post Evacuate Collection Set: 9.3ms
[2025-10-13T19:23:06.503-0700][1256][info ][gc,phases   ] GC(49)   Other: 0.2ms
[2025-10-13T19:23:06.503-0700][1256][debug][gc,remset   ] GC(49) Coarsening (recent): Inline->AoC 0 (0) AoC->Howl 0 (0) Howl->Full 0 (0) Inline->AoC 0 (0) AoC->BitMap 0 (0) BitMap->Full 0 (0) 
[2025-10-13T19:23:06.503-0700][1256][debug][gc,remset   ] GC(49) Coarsening (all): Inline->AoC 85530 (8) AoC->Howl 5163 (50) Howl->Full 0 (0) Inline->AoC 27060 (11) AoC->BitMap 6305 (49) BitMap->Full 0 (0) 
[2025-10-13T19:23:06.503-0700][1256][info ][gc,heap     ] GC(49) Eden regions: 2368->0(1771)
[2025-10-13T19:23:06.503-0700][1256][info ][gc,heap     ] GC(49) Survivor regions: 116->169(311)
[2025-10-13T19:23:06.503-0700][1256][info ][gc,heap     ] GC(49) Old regions: 442->442
[2025-10-13T19:23:06.503-0700][1256][info ][gc,heap     ] GC(49) Humongous regions: 9->1
[2025-10-13T19:23:06.503-0700][1256][info ][gc,metaspace] GC(49) Metaspace: 300475K(304832K)->300475K(304832K) NonClass: 263645K(265984K)->263645K(265984K) Class: 36830K(38848K)->36830K(38848K)
[2025-10-13T19:23:06.503-0700][1256][info ][gc          ] GC(49) Pause Young (Normal) (G1 Evacuation Pause) 93916M->19555M(184320M) 137.629ms
[2025-10-13T19:23:06.505-0700][1256][info ][gc,cpu      ] GC(49) User=10.84s Sys=0.12s Real=0.14s
[2025-10-13T19:23:06.506-0700][1256][info ][safepoint   ] Safepoint "G1CollectForAllocation", Time since last: 630479739 ns, Reaching safepoint: 899753 ns, Cleanup: 141865 ns, At safepoint: 142605574 ns, Total: 143647192 ns
[2025-10-13T19:23:07.507-0700][1256][info ][safepoint   ] Safepoint "Cleanup", Time since last: 1000086531 ns, Reaching safepoint: 760912 ns, Cleanup: 114534 ns, At safepoint: 106812 ns, Total: 982258 ns
[2025-10-13T19:23:08.509-0700][1256][info ][safepoint   ] Safepoint "Cleanup", Time since last: 1000087472 ns, Reaching safepoint: 933153 ns, Cleanup: 141705 ns, At safepoint: 420096 ns, Total: 1494954 ns
[2025-10-13T19:23:09.416-0700][1256][info ][safepoint   ] Safepoint "ICBufferFull", Time since last: 905607486 ns, Reaching safepoint: 892262 ns, Cleanup: 205912 ns, At safepoint: 762184 ns, Total: 1860358 ns
[2025-10-13T19:23:10.100-0700][1256][info ][safepoint   ] Safepoint "ICBufferFull", Time since last: 682521099 ns, Reaching safepoint: 875746 ns, Cleanup: 201505 ns, At safepoint: 220474 ns, Total: 1297725 ns
[2025-10-13T19:23:10.839-0700][1256][info ][safepoint   ] Safepoint "ICBufferFull", Time since last: 736960591 ns, Reaching safepoint: 908726 ns, Cleanup: 263559 ns, At safepoint: 496342 ns, Total: 1668627 ns
[2025-10-13T19:23:11.836-0700][1256][info ][gc,start    ] GC(50) Pause Young (Normal) (G1 Evacuation Pause)
[2025-10-13T19:23:11.836-0700][1256][info ][gc,task     ] GC(50) Using 113 workers of 113 for evacuation
[2025-10-13T19:23:11.850-0700][1256][debug][gc,remset   ] GC(50) Visited cards 8930048 Total dirty 28377088 (31.47%) Total old 319619072 (2.79%)
[2025-10-13T19:23:11.986-0700][1256][info ][gc,phases   ] GC(50)   Pre Evacuate Collection Set: 0.7ms
[2025-10-13T19:23:11.986-0700][1256][info ][gc,phases   ] GC(50)   Merge Heap Roots: 13.0ms
[2025-10-13T19:23:11.986-0700][1256][info ][gc,phases   ] GC(50)   Evacuate Collection Set: 125.5ms
[2025-10-13T19:23:11.986-0700][1256][info ][gc,phases   ] GC(50)   Post Evacuate Collection Set: 10.3ms
[2025-10-13T19:23:11.986-0700][1256][info ][gc,phases   ] GC(50)   Other: 0.2ms
[2025-10-13T19:23:11.986-0700][1256][debug][gc,remset   ] GC(50) Coarsening (recent): Inline->AoC 0 (0) AoC->Howl 0 (0) Howl->Full 0 (0) Inline->AoC 0 (0) AoC->BitMap 0 (0) BitMap->Full 0 (0) 
[2025-10-13T19:23:11.986-0700][1256][debug][gc,remset   ] GC(50) Coarsening (all): Inline->AoC 85530 (8) AoC->Howl 5163 (50) Howl->Full 0 (0) Inline->AoC 27060 (11) AoC->BitMap 6305 (49) BitMap->Full 0 (0) 
[2025-10-13T19:23:11.986-0700][1256][info ][gc,heap     ] GC(50) Eden regions: 2045->0(1912)
[2025-10-13T19:23:11.986-0700][1256][info ][gc,heap     ] GC(50) Survivor regions: 169->150(277)
[2025-10-13T19:23:11.986-0700][1256][info ][gc,heap     ] GC(50) Old regions: 442->511
[2025-10-13T19:23:11.986-0700][1256][info ][gc,heap     ] GC(50) Humongous regions: 7->1
[2025-10-13T19:23:11.986-0700][1256][info ][gc,metaspace] GC(50) Metaspace: 300819K(305152K)->300819K(305152K) NonClass: 263968K(266304K)->263968K(266304K) Class: 36851K(38848K)->36851K(38848K)
[2025-10-13T19:23:11.986-0700][1256][info ][gc          ] GC(50) Pause Young (Normal) (G1 Evacuation Pause) 85187M->21175M(184320M) 149.831ms
[2025-10-13T19:23:11.988-0700][1256][info ][gc,cpu      ] GC(50) User=13.92s Sys=0.08s Real=0.15s
[2025-10-13T19:23:11.989-0700][1256][info ][safepoint   ] Safepoint "G1CollectForAllocation", Time since last: 994918654 ns, Reaching safepoint: 891039 ns, Cleanup: 134514 ns, At safepoint: 154672120 ns, Total: 155697673 ns
[2025-10-13T19:23:12.042-0700][1256][info ][gc,start    ] GC(51) Pause Young (Concurrent Start) (CodeCache GC Threshold)
[2025-10-13T19:23:12.042-0700][1256][info ][gc,task     ] GC(51) Using 113 workers of 113 for evacuation
[2025-10-13T19:23:12.051-0700][1256][debug][gc,remset   ] GC(51) Visited cards 7044352 Total dirty 31457280 (22.39%) Total old 58064896 (12.13%)
[2025-10-13T19:23:12.138-0700][1256][info ][gc,phases   ] GC(51)   Pre Evacuate Collection Set: 0.8ms
[2025-10-13T19:23:12.138-0700][1256][info ][gc,phases   ] GC(51)   Merge Heap Roots: 8.1ms
[2025-10-13T19:23:12.138-0700][1256][info ][gc,phases   ] GC(51)   Evacuate Collection Set: 80.3ms
[2025-10-13T19:23:12.138-0700][1256][info ][gc,phases   ] GC(51)   Post Evacuate Collection Set: 7.1ms
[2025-10-13T19:23:12.138-0700][1256][info ][gc,phases   ] GC(51)   Other: 0.2ms
[2025-10-13T19:23:12.138-0700][1256][debug][gc,remset   ] GC(51) Coarsening (recent): Inline->AoC 0 (0) AoC->Howl 0 (0) Howl->Full 0 (0) Inline->AoC 0 (0) AoC->BitMap 0 (0) BitMap->Full 0 (0) 
[2025-10-13T19:23:12.138-0700][1256][debug][gc,remset   ] GC(51) Coarsening (all): Inline->AoC 85530 (8) AoC->Howl 5163 (50) Howl->Full 0 (0) Inline->AoC 27060 (11) AoC->BitMap 6305 (49) BitMap->Full 0 (0) 
[2025-10-13T19:23:12.138-0700][1256][info ][gc,heap     ] GC(51) Eden regions: 37->0(1866)
[2025-10-13T19:23:12.138-0700][1256][info ][gc,heap     ] GC(51) Survivor regions: 150->148(410)
[2025-10-13T19:23:12.138-0700][1256][info ][gc,heap     ] GC(51) Old regions: 511->511
[2025-10-13T19:23:12.138-0700][1256][info ][gc,heap     ] GC(51) Humongous regions: 1->1
[2025-10-13T19:23:12.138-0700][1256][info ][gc,metaspace] GC(51) Metaspace: 300820K(305152K)->300820K(305152K) NonClass: 263969K(266304K)->263969K(266304K) Class: 36851K(38848K)->36851K(38848K)
[2025-10-13T19:23:12.138-0700][1256][info ][gc          ] GC(51) Pause Young (Concurrent Start) (CodeCache GC Threshold) 22340M->21097M(184320M) 96.696ms
[2025-10-13T19:23:12.139-0700][1089][info ][gc          ] GC(52) Concurrent Mark Cycle
[2025-10-13T19:23:12.139-0700][1089][info ][gc,marking  ] GC(52) Concurrent Scan Root Regions
[2025-10-13T19:23:12.141-0700][1256][info ][gc,cpu      ] GC(51) User=7.76s Sys=0.07s Real=0.10s
[2025-10-13T19:23:12.142-0700][1256][info ][safepoint   ] Safepoint "G1TryInitiateConcMark", Time since last: 49541093 ns, Reaching safepoint: 940655 ns, Cleanup: 16204 ns, At safepoint: 102637190 ns, Total: 103594049 ns
[2025-10-13T19:23:12.178-0700][1089][info ][gc,marking  ] GC(52) Concurrent Scan Root Regions 39.475ms
[2025-10-13T19:23:12.178-0700][1089][info ][gc,marking  ] GC(52) Concurrent Mark
[2025-10-13T19:23:12.178-0700][1089][info ][gc,marking  ] GC(52) Concurrent Mark From Roots
[2025-10-13T19:23:12.178-0700][1089][info ][gc,task     ] GC(52) Using 36 workers of 36 for marking
[2025-10-13T19:23:12.371-0700][1089][info ][gc,marking  ] GC(52) Concurrent Mark From Roots 193.077ms
[2025-10-13T19:23:12.371-0700][1089][info ][gc,marking  ] GC(52) Concurrent Preclean
[2025-10-13T19:23:12.379-0700][1089][info ][gc,marking  ] GC(52) Concurrent Preclean 8.003ms
[2025-10-13T19:23:12.382-0700][1256][info ][gc,start    ] GC(52) Pause Remark
[2025-10-13T19:23:12.797-0700][1256][info ][gc,mmu      ] GC(52) MMU target violated: 201.0ms (200.0ms/201.0ms)
[2025-10-13T19:23:12.797-0700][1256][info ][gc          ] GC(52) Pause Remark 23501M->23469M(184320M) 414.939ms
[2025-10-13T19:23:12.799-0700][1256][info ][gc,cpu      ] GC(52) User=2.47s Sys=0.11s Real=0.41s
[2025-10-13T19:23:12.801-0700][1256][info ][safepoint   ] Safepoint "G1PauseRemark", Time since last: 237042155 ns, Reaching safepoint: 937970 ns, Cleanup: 49676 ns, At safepoint: 420907940 ns, Total: 421895586 ns
[2025-10-13T19:23:12.801-0700][1089][info ][gc,marking  ] GC(52) Concurrent Mark 623.249ms
[2025-10-13T19:23:12.802-0700][1089][info ][gc,marking  ] GC(52) Concurrent Rebuild Remembered Sets and Scrub Regions
[2025-10-13T19:23:13.239-0700][1089][info ][gc,marking  ] GC(52) Concurrent Rebuild Remembered Sets and Scrub Regions 437.882ms
[2025-10-13T19:23:13.246-0700][1256][info ][gc,start    ] GC(52) Pause Cleanup
[2025-10-13T19:23:13.247-0700][1256][info ][gc          ] GC(52) Pause Cleanup 31049M->31049M(184320M) 1.497ms
[2025-10-13T19:23:13.249-0700][1256][info ][gc,cpu      ] GC(52) User=0.02s Sys=0.00s Real=0.00s
[2025-10-13T19:23:13.250-0700][1256][info ][safepoint   ] Safepoint "G1PauseCleanup", Time since last: 438153940 ns, Reaching safepoint: 4306703 ns, Cleanup: 349088 ns, At safepoint: 5407320 ns, Total: 10063111 ns
[2025-10-13T19:23:13.250-0700][1089][info ][gc,marking  ] GC(52) Concurrent Clear Claimed Marks
[2025-10-13T19:23:13.250-0700][1089][info ][gc,marking  ] GC(52) Concurrent Clear Claimed Marks 0.757ms
[2025-10-13T19:23:13.250-0700][1089][info ][gc,marking  ] GC(52) Concurrent Cleanup for Next Mark
[2025-10-13T19:23:13.284-0700][1089][info ][gc,marking  ] GC(52) Concurrent Cleanup for Next Mark 33.222ms
[2025-10-13T19:23:13.284-0700][1089][info ][gc          ] GC(52) Concurrent Mark Cycle 1144.990ms
[2025-10-13T19:23:14.012-0700][1256][info ][safepoint   ] Safepoint "ICBufferFull", Time since last: 760448455 ns, Reaching safepoint: 867393 ns, Cleanup: 205802 ns, At safepoint: 505365 ns, Total: 1578560 ns
[2025-10-13T19:23:15.013-0700][1256][info ][safepoint   ] Safepoint "Cleanup", Time since last: 1000118700 ns, Reaching safepoint: 888816 ns, Cleanup: 135986 ns, At safepoint: 603504 ns, Total: 1628306 ns
[2025-10-13T19:23:16.015-0700][1256][info ][safepoint   ] Safepoint "Cleanup", Time since last: 1000115785 ns, Reaching safepoint: 906142 ns, Cleanup: 132861 ns, At safepoint: 580690 ns, Total: 1619693 ns
[2025-10-13T19:23:16.849-0700][1256][info ][gc,start    ] GC(53) Pause Young (Prepare Mixed) (G1 Evacuation Pause)
[2025-10-13T19:23:16.849-0700][1256][info ][gc,task     ] GC(53) Using 113 workers of 113 for evacuation
[2025-10-13T19:23:16.864-0700][1256][debug][gc,remset   ] GC(53) Visited cards 7661568 Total dirty 32112640 (23.86%) Total old 247267328 (3.10%)
[2025-10-13T19:23:17.001-0700][1256][info ][gc,phases   ] GC(53)   Pre Evacuate Collection Set: 0.7ms
[2025-10-13T19:23:17.001-0700][1256][info ][gc,phases   ] GC(53)   Merge Heap Roots: 13.5ms
[2025-10-13T19:23:17.001-0700][1256][info ][gc,phases   ] GC(53)   Evacuate Collection Set: 128.9ms
[2025-10-13T19:23:17.001-0700][1256][info ][gc,phases   ] GC(53)   Post Evacuate Collection Set: 8.2ms
[2025-10-13T19:23:17.001-0700][1256][info ][gc,phases   ] GC(53)   Other: 0.1ms
[2025-10-13T19:23:17.001-0700][1256][debug][gc,remset   ] GC(53) Coarsening (recent): Inline->AoC 59534 (0) AoC->Howl 4962 (0) Howl->Full 0 (0) Inline->AoC 23482 (0) AoC->BitMap 7254 (0) BitMap->Full 0 (0) 
[2025-10-13T19:23:17.001-0700][1256][debug][gc,remset   ] GC(53) Coarsening (all): Inline->AoC 145064 (8) AoC->Howl 10125 (50) Howl->Full 0 (0) Inline->AoC 50542 (11) AoC->BitMap 13559 (49) BitMap->Full 0 (0) 
[2025-10-13T19:23:17.001-0700][1256][info ][gc,heap     ] GC(53) Eden regions: 1478->0(3350)
[2025-10-13T19:23:17.001-0700][1256][info ][gc,heap     ] GC(53) Survivor regions: 148->106(204)
[2025-10-13T19:23:17.001-0700][1256][info ][gc,heap     ] GC(53) Old regions: 511->570
[2025-10-13T19:23:17.001-0700][1256][info ][gc,heap     ] GC(53) Humongous regions: 10->0
[2025-10-13T19:23:17.001-0700][1256][info ][gc,metaspace] GC(53) Metaspace: 301300K(305664K)->301300K(305664K) NonClass: 264435K(266816K)->264435K(266816K) Class: 36864K(38848K)->36864K(38848K)
[2025-10-13T19:23:17.001-0700][1256][info ][gc          ] GC(53) Pause Young (Prepare Mixed) (G1 Evacuation Pause) 68681M->21621M(184320M) 151.600ms
[2025-10-13T19:23:17.003-0700][1256][info ][gc,cpu      ] GC(53) User=9.55s Sys=0.03s Real=0.16s
[2025-10-13T19:23:17.004-0700][1256][info ][safepoint   ] Safepoint "G1CollectForAllocation", Time since last: 831427737 ns, Reaching safepoint: 1012573 ns, Cleanup: 89706 ns, At safepoint: 156407749 ns, Total: 157510028 ns
[2025-10-13T19:23:18.006-0700][1256][info ][safepoint   ] Safepoint "Cleanup", Time since last: 1000095164 ns, Reaching safepoint: 1152475 ns, Cleanup: 138790 ns, At safepoint: 910810 ns, Total: 2202075 ns
[2025-10-13T19:23:19.009-0700][1256][info ][safepoint   ] Safepoint "Cleanup", Time since last: 1000114432 ns, Reaching safepoint: 1518611 ns, Cleanup: 56976 ns, At safepoint: 570213 ns, Total: 2145800 ns
[2025-10-13T19:23:20.010-0700][1256][info ][safepoint   ] Safepoint "Cleanup", Time since last: 1000114513 ns, Reaching safepoint: 885682 ns, Cleanup: 71198 ns, At safepoint: 640580 ns, Total: 1597460 ns
[2025-10-13T19:23:21.012-0700][1256][info ][safepoint   ] Safepoint "Cleanup", Time since last: 1000122745 ns, Reaching safepoint: 881575 ns, Cleanup: 49535 ns, At safepoint: 755505 ns, Total: 1686615 ns
[2025-10-13T19:23:22.016-0700][1256][info ][safepoint   ] Safepoint "Cleanup", Time since last: 1000116756 ns, Reaching safepoint: 1065514 ns, Cleanup: 70196 ns, At safepoint: 2563923 ns, Total: 3699633 ns
[2025-10-13T19:23:23.019-0700][1256][info ][safepoint   ] Safepoint "Cleanup", Time since last: 1000164138 ns, Reaching safepoint: 1538290 ns, Cleanup: 42445 ns, At safepoint: 1397937 ns, Total: 2978672 ns
[2025-10-13T19:23:23.819-0700][1256][info ][safepoint   ] Safepoint "ICBufferFull", Time since last: 798729153 ns, Reaching safepoint: 841254 ns, Cleanup: 230028 ns, At safepoint: 382860 ns, Total: 1454142 ns
[2025-10-13T19:23:24.821-0700][1256][info ][safepoint   ] Safepoint "Cleanup", Time since last: 1000124758 ns, Reaching safepoint: 1019935 ns, Cleanup: 96977 ns, At safepoint: 492436 ns, Total: 1609348 ns
[2025-10-13T19:23:25.823-0700][1256][info ][safepoint   ] Safepoint "Cleanup", Time since last: 1000112169 ns, Reaching safepoint: 862697 ns, Cleanup: 104098 ns, At safepoint: 646759 ns, Total: 1613554 ns
[2025-10-13T19:23:26.525-0700][1256][info ][safepoint   ] Safepoint "ICBufferFull", Time since last: 701201992 ns, Reaching safepoint: 782986 ns, Cleanup: 197950 ns, At safepoint: 460548 ns, Total: 1441484 ns
[2025-10-13T19:23:27.530-0700][1256][info ][safepoint   ] Safepoint "Cleanup", Time since last: 1000114232 ns, Reaching safepoint: 3351516 ns, Cleanup: 113512 ns, At safepoint: 657987 ns, Total: 4123015 ns
[2025-10-13T19:23:27.828-0700][1256][info ][gc,start    ] GC(54) Pause Young (Mixed) (G1 Evacuation Pause)
[2025-10-13T19:23:27.828-0700][1256][info ][gc,task     ] GC(54) Using 113 workers of 113 for evacuation
[2025-10-13T19:23:27.843-0700][1256][debug][gc,remset   ] GC(54) Visited cards 7975424 Total dirty 32636928 (24.44%) Total old 495321088 (1.61%)
[2025-10-13T19:23:28.001-0700][1256][info ][gc,phases   ] GC(54)   Pre Evacuate Collection Set: 0.7ms
[2025-10-13T19:23:28.001-0700][1256][info ][gc,phases   ] GC(54)   Merge Heap Roots: 14.1ms
[2025-10-13T19:23:28.001-0700][1256][info ][gc,phases   ] GC(54)   Evacuate Collection Set: 147.1ms
[2025-10-13T19:23:28.001-0700][1256][info ][gc,phases   ] GC(54)   Post Evacuate Collection Set: 11.1ms
[2025-10-13T19:23:28.001-0700][1256][info ][gc,phases   ] GC(54)   Other: 0.2ms
[2025-10-13T19:23:28.001-0700][1256][debug][gc,remset   ] GC(54) Coarsening (recent): Inline->AoC 8000 (2) AoC->Howl 19 (1) Howl->Full 0 (0) Inline->AoC 62 (1) AoC->BitMap 9 (0) BitMap->Full 0 (0) 
[2025-10-13T19:23:28.001-0700][1256][debug][gc,remset   ] GC(54) Coarsening (all): Inline->AoC 153064 (10) AoC->Howl 10144 (51) Howl->Full 0 (0) Inline->AoC 50604 (12) AoC->BitMap 13568 (49) BitMap->Full 0 (0) 
[2025-10-13T19:23:28.001-0700][1256][info ][gc,heap     ] GC(54) Eden regions: 3350->0(2238)
[2025-10-13T19:23:28.001-0700][1256][info ][gc,heap     ] GC(54) Survivor regions: 106->176(432)
[2025-10-13T19:23:28.001-0700][1256][info ][gc,heap     ] GC(54) Old regions: 570->534
[2025-10-13T19:23:28.001-0700][1256][info ][gc,heap     ] GC(54) Humongous regions: 26->0
[2025-10-13T19:23:28.002-0700][1256][info ][gc,metaspace] GC(54) Metaspace: 302902K(307264K)->302902K(307264K) NonClass: 265980K(268352K)->265980K(268352K) Class: 36922K(38912K)->36922K(38912K)
[2025-10-13T19:23:28.002-0700][1256][info ][gc          ] GC(54) Pause Young (Mixed) (G1 Evacuation Pause) 129653M->22704M(184320M) 173.307ms
[2025-10-13T19:23:28.003-0700][1256][info ][gc,cpu      ] GC(54) User=12.32s Sys=0.08s Real=0.18s
[2025-10-13T19:23:28.004-0700][1256][info ][safepoint   ] Safepoint "G1CollectForAllocation", Time since last: 296227954 ns, Reaching safepoint: 806222 ns, Cleanup: 4576 ns, At safepoint: 177871748 ns, Total: 178682546 ns
[2025-10-13T19:23:29.010-0700][1256][info ][safepoint   ] Safepoint "Cleanup", Time since last: 1000094933 ns, Reaching safepoint: 4071627 ns, Cleanup: 227865 ns, At safepoint: 1110302 ns, Total: 5409794 ns
[2025-10-13T19:23:30.012-0700][1256][info ][safepoint   ] Safepoint "Cleanup", Time since last: 1000113651 ns, Reaching safepoint: 734873 ns, Cleanup: 151389 ns, At safepoint: 603945 ns, Total: 1490207 ns
[2025-10-13T19:23:31.013-0700][1256][info ][safepoint   ] Safepoint "Cleanup", Time since last: 1000113590 ns, Reaching safepoint: 696154 ns, Cleanup: 135075 ns, At safepoint: 544254 ns, Total: 1375483 ns
[2025-10-13T19:23:32.015-0700][1256][info ][safepoint   ] Safepoint "Cleanup", Time since last: 1000108574 ns, Reaching safepoint: 762495 ns, Cleanup: 111829 ns, At safepoint: 1018673 ns, Total: 1892997 ns
[2025-10-13T19:23:33.017-0700][1256][info ][safepoint   ] Safepoint "Cleanup", Time since last: 1000108784 ns, Reaching safepoint: 808104 ns, Cleanup: 38488 ns, At safepoint: 1005103 ns, Total: 1851695 ns
[2025-10-13T19:23:34.019-0700][1256][info ][safepoint   ] Safepoint "Cleanup", Time since last: 1000099750 ns, Reaching safepoint: 816006 ns, Cleanup: 21442 ns, At safepoint: 1080707 ns, Total: 1918155 ns
[2025-10-13T19:23:35.037-0700][1256][info ][safepoint   ] Safepoint "Cleanup", Time since last: 1000112921 ns, Reaching safepoint: 15491664 ns, Cleanup: 76816 ns, At safepoint: 2366484 ns, Total: 17934964 ns
[2025-10-13T19:23:36.039-0700][1256][info ][safepoint   ] Safepoint "Cleanup", Time since last: 1000131379 ns, Reaching safepoint: 941085 ns, Cleanup: 76706 ns, At safepoint: 918722 ns, Total: 1936513 ns
[2025-10-13T19:23:36.402-0700][1256][info ][gc,start    ] GC(55) Pause Young (Normal) (G1 Evacuation Pause)
[2025-10-13T19:23:36.402-0700][1256][info ][gc,task     ] GC(55) Using 113 workers of 113 for evacuation
[2025-10-13T19:23:36.416-0700][1256][debug][gc,remset   ] GC(55) Visited cards 7513344 Total dirty 32112640 (23.40%) Total old 386400256 (1.94%)
[2025-10-13T19:23:36.556-0700][1256][info ][gc,phases   ] GC(55)   Pre Evacuate Collection Set: 0.7ms
[2025-10-13T19:23:36.556-0700][1256][info ][gc,phases   ] GC(55)   Merge Heap Roots: 13.5ms
[2025-10-13T19:23:36.556-0700][1256][info ][gc,phases   ] GC(55)   Evacuate Collection Set: 129.2ms
[2025-10-13T19:23:36.556-0700][1256][info ][gc,phases   ] GC(55)   Post Evacuate Collection Set: 10.5ms
[2025-10-13T19:23:36.556-0700][1256][info ][gc,phases   ] GC(55)   Other: 0.2ms
[2025-10-13T19:23:36.556-0700][1256][debug][gc,remset   ] GC(55) Coarsening (recent): Inline->AoC 3326 (0) AoC->Howl 10 (1) Howl->Full 0 (0) Inline->AoC 39 (1) AoC->BitMap 11 (3) BitMap->Full 0 (0) 
[2025-10-13T19:23:36.556-0700][1256][debug][gc,remset   ] GC(55) Coarsening (all): Inline->AoC 156390 (10) AoC->Howl 10154 (52) Howl->Full 0 (0) Inline->AoC 50643 (13) AoC->BitMap 13579 (52) BitMap->Full 0 (0) 
[2025-10-13T19:23:36.556-0700][1256][info ][gc,heap     ] GC(55) Eden regions: 2498->0(2727)
[2025-10-13T19:23:36.556-0700][1256][info ][gc,heap     ] GC(55) Survivor regions: 176->196(335)
[2025-10-13T19:23:36.556-0700][1256][info ][gc,heap     ] GC(55) Old regions: 534->534
[2025-10-13T19:23:36.556-0700][1256][info ][gc,heap     ] GC(55) Humongous regions: 14->0
[2025-10-13T19:23:36.556-0700][1256][info ][gc,metaspace] GC(55) Metaspace: 303690K(308160K)->303690K(308160K) NonClass: 266706K(269120K)->266706K(269120K) Class: 36983K(39040K)->36983K(39040K)
[2025-10-13T19:23:36.556-0700][1256][info ][gc          ] GC(55) Pause Young (Normal) (G1 Evacuation Pause) 103088M->23344M(184320M) 154.262ms
[2025-10-13T19:23:36.558-0700][1256][info ][gc,cpu      ] GC(55) User=12.55s Sys=0.00s Real=0.15s
[2025-10-13T19:23:36.559-0700][1256][info ][safepoint   ] Safepoint "G1CollectForAllocation", Time since last: 359878763 ns, Reaching safepoint: 808474 ns, Cleanup: 67262 ns, At safepoint: 158803679 ns, Total: 159679415 ns
[2025-10-13T19:23:37.570-0700][1256][info ][safepoint   ] Safepoint "Cleanup", Time since last: 1000088443 ns, Reaching safepoint: 9224381 ns, Cleanup: 31919 ns, At safepoint: 1605802 ns, Total: 10862102 ns
[2025-10-13T19:23:38.571-0700][1256][info ][safepoint   ] Safepoint "Cleanup", Time since last: 1000117367 ns, Reaching safepoint: 710846 ns, Cleanup: 26330 ns, At safepoint: 995739 ns, Total: 1732915 ns
[2025-10-13T19:23:39.573-0700][1256][info ][safepoint   ] Safepoint "Cleanup", Time since last: 1000112539 ns, Reaching safepoint: 724578 ns, Cleanup: 91699 ns, At safepoint: 717376 ns, Total: 1533653 ns
[2025-10-13T19:23:40.203-0700][1256][info ][safepoint   ] Safepoint "ICBufferFull", Time since last: 628276646 ns, Reaching safepoint: 779741 ns, Cleanup: 200284 ns, At safepoint: 336820 ns, Total: 1316845 ns
[2025-10-13T19:23:40.972-0700][1256][info ][safepoint   ] Safepoint "ICBufferFull", Time since last: 768036220 ns, Reaching safepoint: 789205 ns, Cleanup: 223188 ns, At safepoint: 542272 ns, Total: 1554665 ns
[2025-10-13T19:23:41.974-0700][1256][info ][safepoint   ] Safepoint "Cleanup", Time since last: 1000087531 ns, Reaching safepoint: 962298 ns, Cleanup: 158330 ns, At safepoint: 763476 ns, Total: 1884104 ns
[2025-10-13T19:23:42.976-0700][1256][info ][safepoint   ] Safepoint "Cleanup", Time since last: 1000121894 ns, Reaching safepoint: 819351 ns, Cleanup: 58308 ns, At safepoint: 803337 ns, Total: 1680996 ns
[2025-10-13T19:23:43.631-0700][1256][info ][gc,start    ] GC(56) Pause Young (Concurrent Start) (CodeCache GC Threshold)
[2025-10-13T19:23:43.631-0700][1256][info ][gc,task     ] GC(56) Using 113 workers of 113 for evacuation
[2025-10-13T19:23:43.645-0700][1256][debug][gc,remset   ] GC(56) Visited cards 7553536 Total dirty 31981568 (23.62%) Total old 326500352 (2.31%)
[2025-10-13T19:23:43.817-0700][1256][info ][gc,phases   ] GC(56)   Pre Evacuate Collection Set: 0.9ms
[2025-10-13T19:23:43.817-0700][1256][info ][gc,phases   ] GC(56)   Merge Heap Roots: 13.1ms
[2025-10-13T19:23:43.817-0700][1256][info ][gc,phases   ] GC(56)   Evacuate Collection Set: 159.8ms
[2025-10-13T19:23:43.817-0700][1256][info ][gc,phases   ] GC(56)   Post Evacuate Collection Set: 11.8ms
[2025-10-13T19:23:43.817-0700][1256][info ][gc,phases   ] GC(56)   Other: 0.2ms
[2025-10-13T19:23:43.817-0700][1256][debug][gc,remset   ] GC(56) Coarsening (recent): Inline->AoC 5266 (0) AoC->Howl 33 (0) Howl->Full 0 (0) Inline->AoC 140 (0) AoC->BitMap 28 (0) BitMap->Full 0 (0) 
[2025-10-13T19:23:43.817-0700][1256][debug][gc,remset   ] GC(56) Coarsening (all): Inline->AoC 161656 (10) AoC->Howl 10187 (52) Howl->Full 0 (0) Inline->AoC 50783 (13) AoC->BitMap 13607 (52) BitMap->Full 0 (0) 
[2025-10-13T19:23:43.817-0700][1256][info ][gc,heap     ] GC(56) Eden regions: 2020->0(2440)
[2025-10-13T19:23:43.817-0700][1256][info ][gc,heap     ] GC(56) Survivor regions: 196->240(395)
[2025-10-13T19:23:43.817-0700][1256][info ][gc,heap     ] GC(56) Old regions: 534->534
[2025-10-13T19:23:43.817-0700][1256][info ][gc,heap     ] GC(56) Humongous regions: 16->0
[2025-10-13T19:23:43.817-0700][1256][info ][gc,metaspace] GC(56) Metaspace: 305313K(309696K)->305313K(309696K) NonClass: 268135K(270464K)->268135K(270464K) Class: 37178K(39232K)->37178K(39232K)
[2025-10-13T19:23:43.817-0700][1256][info ][gc          ] GC(56) Pause Young (Concurrent Start) (CodeCache GC Threshold) 88489M->24754M(184320M) 186.023ms
[2025-10-13T19:23:43.818-0700][1089][info ][gc          ] GC(57) Concurrent Mark Cycle
[2025-10-13T19:23:43.818-0700][1089][info ][gc,marking  ] GC(57) Concurrent Scan Root Regions
[2025-10-13T19:23:43.820-0700][1256][info ][gc,cpu      ] GC(56) User=14.24s Sys=0.18s Real=0.18s
[2025-10-13T19:23:43.821-0700][1256][info ][safepoint   ] Safepoint "G1TryInitiateConcMark", Time since last: 652629311 ns, Reaching safepoint: 856307 ns, Cleanup: 53101 ns, At safepoint: 191339188 ns, Total: 192248596 ns
[2025-10-13T19:23:43.909-0700][1089][info ][gc,marking  ] GC(57) Concurrent Scan Root Regions 91.427ms
[2025-10-13T19:23:43.909-0700][1089][info ][gc,marking  ] GC(57) Concurrent Mark
[2025-10-13T19:23:43.909-0700][1089][info ][gc,marking  ] GC(57) Concurrent Mark From Roots
[2025-10-13T19:23:43.909-0700][1089][info ][gc,task     ] GC(57) Using 36 workers of 36 for marking
[2025-10-13T19:23:44.092-0700][1089][info ][gc,marking  ] GC(57) Concurrent Mark From Roots 182.803ms
[2025-10-13T19:23:44.092-0700][1089][info ][gc,marking  ] GC(57) Concurrent Preclean
[2025-10-13T19:23:44.097-0700][1089][info ][gc,marking  ] GC(57) Concurrent Preclean 4.624ms
[2025-10-13T19:23:44.099-0700][1256][info ][gc,start    ] GC(57) Pause Remark
[2025-10-13T19:23:44.670-0700][1256][info ][gc,mmu      ] GC(57) MMU target violated: 201.0ms (200.0ms/201.0ms)
[2025-10-13T19:23:44.670-0700][1256][info ][gc          ] GC(57) Pause Remark 29146M->29114M(184320M) 570.867ms
[2025-10-13T19:23:44.672-0700][1256][info ][gc,cpu      ] GC(57) User=14.77s Sys=0.09s Real=0.58s
[2025-10-13T19:23:44.674-0700][1256][info ][safepoint   ] Safepoint "G1PauseRemark", Time since last: 275715126 ns, Reaching safepoint: 858110 ns, Cleanup: 91538 ns, At safepoint: 575858773 ns, Total: 576808421 ns
[2025-10-13T19:23:44.675-0700][1089][info ][gc,marking  ] GC(57) Concurrent Mark 765.403ms
[2025-10-13T19:23:44.675-0700][1089][info ][gc,marking  ] GC(57) Concurrent Rebuild Remembered Sets and Scrub Regions
[2025-10-13T19:23:45.459-0700][1089][info ][gc,marking  ] GC(57) Concurrent Rebuild Remembered Sets and Scrub Regions 784.745ms
[2025-10-13T19:23:45.463-0700][1256][info ][gc,start    ] GC(57) Pause Cleanup
[2025-10-13T19:23:45.465-0700][1256][info ][gc          ] GC(57) Pause Cleanup 43186M->43186M(184320M) 1.524ms
[2025-10-13T19:23:45.466-0700][1256][info ][gc,cpu      ] GC(57) User=0.01s Sys=0.00s Real=0.00s
[2025-10-13T19:23:45.467-0700][1256][info ][safepoint   ] Safepoint "G1PauseCleanup", Time since last: 785943753 ns, Reaching safepoint: 1675007 ns, Cleanup: 395519 ns, At safepoint: 5566121 ns, Total: 7636647 ns
[2025-10-13T19:23:45.467-0700][1089][info ][gc,marking  ] GC(57) Concurrent Clear Claimed Marks
[2025-10-13T19:23:45.468-0700][1089][info ][gc,marking  ] GC(57) Concurrent Clear Claimed Marks 0.976ms
[2025-10-13T19:23:45.468-0700][1089][info ][gc,marking  ] GC(57) Concurrent Cleanup for Next Mark
[2025-10-13T19:23:45.502-0700][1089][info ][gc,marking  ] GC(57) Concurrent Cleanup for Next Mark 34.303ms
[2025-10-13T19:23:45.503-0700][1089][info ][gc          ] GC(57) Concurrent Mark Cycle 1684.890ms
[2025-10-13T19:23:46.394-0700][1256][info ][safepoint   ] Safepoint "ICBufferFull", Time since last: 925620702 ns, Reaching safepoint: 817628 ns, Cleanup: 180504 ns, At safepoint: 276839 ns, Total: 1274971 ns
[2025-10-13T19:23:47.395-0700][1256][info ][safepoint   ] Safepoint "Cleanup", Time since last: 1000128163 ns, Reaching safepoint: 763186 ns, Cleanup: 57277 ns, At safepoint: 185631 ns, Total: 1006094 ns
[2025-10-13T19:23:48.396-0700][1256][info ][safepoint   ] Safepoint "Cleanup", Time since last: 1000092349 ns, Reaching safepoint: 770858 ns, Cleanup: 30196 ns, At safepoint: 273894 ns, Total: 1074948 ns
[2025-10-13T19:23:48.903-0700][1256][info ][gc,start    ] GC(58) Pause Young (Prepare Mixed) (G1 Evacuation Pause)
[2025-10-13T19:23:48.903-0700][1256][info ][gc,task     ] GC(58) Using 113 workers of 113 for evacuation
[2025-10-13T19:23:48.917-0700][1256][debug][gc,remset   ] GC(58) Visited cards 7541504 Total dirty 31784960 (23.73%) Total old 309657600 (2.44%)
[2025-10-13T19:23:49.087-0700][1256][info ][gc,phases   ] GC(58)   Pre Evacuate Collection Set: 0.7ms
[2025-10-13T19:23:49.087-0700][1256][info ][gc,phases   ] GC(58)   Merge Heap Roots: 12.9ms
[2025-10-13T19:23:49.087-0700][1256][info ][gc,phases   ] GC(58)   Evacuate Collection Set: 158.6ms
[2025-10-13T19:23:49.087-0700][1256][info ][gc,phases   ] GC(58)   Post Evacuate Collection Set: 11.1ms
[2025-10-13T19:23:49.087-0700][1256][info ][gc,phases   ] GC(58)   Other: 0.2ms
[2025-10-13T19:23:49.087-0700][1256][debug][gc,remset   ] GC(58) Coarsening (recent): Inline->AoC 65187 (1) AoC->Howl 2842 (0) Howl->Full 0 (0) Inline->AoC 14123 (0) AoC->BitMap 4418 (0) BitMap->Full 0 (0) 
[2025-10-13T19:23:49.087-0700][1256][debug][gc,remset   ] GC(58) Coarsening (all): Inline->AoC 226843 (11) AoC->Howl 13029 (52) Howl->Full 0 (0) Inline->AoC 64906 (13) AoC->BitMap 18025 (52) BitMap->Full 0 (0) 
[2025-10-13T19:23:49.087-0700][1256][info ][gc,heap     ] GC(58) Eden regions: 1849->0(3297)
[2025-10-13T19:23:49.087-0700][1256][info ][gc,heap     ] GC(58) Survivor regions: 240->159(262)
[2025-10-13T19:23:49.087-0700][1256][info ][gc,heap     ] GC(58) Old regions: 533->626
[2025-10-13T19:23:49.087-0700][1256][info ][gc,heap     ] GC(58) Humongous regions: 14->1
[2025-10-13T19:23:49.087-0700][1256][info ][gc,metaspace] GC(58) Metaspace: 305725K(310208K)->305725K(310208K) NonClass: 268519K(270912K)->268519K(270912K) Class: 37205K(39296K)->37205K(39296K)
[2025-10-13T19:23:49.087-0700][1256][info ][gc          ] GC(58) Pause Young (Prepare Mixed) (G1 Evacuation Pause) 84338M->25116M(184320M) 183.642ms
[2025-10-13T19:23:49.089-0700][1256][info ][gc,cpu      ] GC(58) User=13.88s Sys=0.09s Real=0.18s
[2025-10-13T19:23:49.090-0700][1256][info ][safepoint   ] Safepoint "G1CollectForAllocation", Time since last: 504214949 ns, Reaching safepoint: 835476 ns, Cleanup: 107783 ns, At safepoint: 188556673 ns, Total: 189499932 ns
[2025-10-13T19:23:50.095-0700][1256][info ][safepoint   ] Safepoint "Cleanup", Time since last: 1000098148 ns, Reaching safepoint: 4009313 ns, Cleanup: 206713 ns, At safepoint: 1125264 ns, Total: 5341290 ns
[2025-10-13T19:23:51.097-0700][1256][info ][safepoint   ] Safepoint "Cleanup", Time since last: 1000111989 ns, Reaching safepoint: 835155 ns, Cleanup: 76936 ns, At safepoint: 868716 ns, Total: 1780807 ns
[2025-10-13T19:23:52.099-0700][1256][info ][safepoint   ] Safepoint "Cleanup", Time since last: 1000107122 ns, Reaching safepoint: 803176 ns, Cleanup: 51869 ns, At safepoint: 648923 ns, Total: 1503968 ns
[2025-10-13T19:23:53.101-0700][1256][info ][safepoint   ] Safepoint "Cleanup", Time since last: 1000105438 ns, Reaching safepoint: 691318 ns, Cleanup: 155275 ns, At safepoint: 986304 ns, Total: 1832897 ns
[2025-10-13T19:23:54.103-0700][1256][info ][safepoint   ] Safepoint "Cleanup", Time since last: 1000110797 ns, Reaching safepoint: 946744 ns, Cleanup: 76876 ns, At safepoint: 1021818 ns, Total: 2045438 ns
[2025-10-13T19:23:55.274-0700][1256][info ][safepoint   ] Safepoint "Cleanup", Time since last: 1170033757 ns, Reaching safepoint: 736215 ns, Cleanup: 191730 ns, At safepoint: 224511 ns, Total: 1152456 ns
[2025-10-13T19:23:56.276-0700][1256][info ][safepoint   ] Safepoint "Cleanup", Time since last: 1000101202 ns, Reaching safepoint: 923829 ns, Cleanup: 120603 ns, At safepoint: 580780 ns, Total: 1625212 ns
[2025-10-13T19:23:57.277-0700][1256][info ][safepoint   ] Safepoint "Cleanup", Time since last: 1000267283 ns, Reaching safepoint: 775314 ns, Cleanup: 24047 ns, At safepoint: 338052 ns, Total: 1137413 ns
[2025-10-13T19:23:58.280-0700][1256][info ][safepoint   ] Safepoint "Cleanup", Time since last: 1000128464 ns, Reaching safepoint: 1366950 ns, Cleanup: 75164 ns, At safepoint: 759591 ns, Total: 2201705 ns
[2025-10-13T19:23:58.790-0700][1256][info ][gc,start    ] GC(59) Pause Young (Mixed) (G1 Evacuation Pause)
[2025-10-13T19:23:58.790-0700][1256][info ][gc,task     ] GC(59) Using 113 workers of 113 for evacuation
[2025-10-13T19:23:58.804-0700][1256][debug][gc,remset   ] GC(59) Visited cards 7681280 Total dirty 34930688 (21.99%) Total old 498925568 (1.54%)
[2025-10-13T19:23:58.976-0700][1256][info ][gc,phases   ] GC(59)   Pre Evacuate Collection Set: 0.7ms
[2025-10-13T19:23:58.976-0700][1256][info ][gc,phases   ] GC(59)   Merge Heap Roots: 13.0ms
[2025-10-13T19:23:58.976-0700][1256][info ][gc,phases   ] GC(59)   Evacuate Collection Set: 159.8ms
[2025-10-13T19:23:58.976-0700][1256][info ][gc,phases   ] GC(59)   Post Evacuate Collection Set: 12.7ms
[2025-10-13T19:23:58.976-0700][1256][info ][gc,phases   ] GC(59)   Other: 0.2ms
[2025-10-13T19:23:58.976-0700][1256][debug][gc,remset   ] GC(59) Coarsening (recent): Inline->AoC 15317 (0) AoC->Howl 83 (0) Howl->Full 0 (0) Inline->AoC 358 (0) AoC->BitMap 33 (0) BitMap->Full 0 (0) 
[2025-10-13T19:23:58.977-0700][1256][debug][gc,remset   ] GC(59) Coarsening (all): Inline->AoC 242160 (11) AoC->Howl 13112 (52) Howl->Full 0 (0) Inline->AoC 65264 (13) AoC->BitMap 18058 (52) BitMap->Full 0 (0) 
[2025-10-13T19:23:58.977-0700][1256][info ][gc,heap     ] GC(59) Eden regions: 3297->0(2695)
[2025-10-13T19:23:58.977-0700][1256][info ][gc,heap     ] GC(59) Survivor regions: 159->210(432)
[2025-10-13T19:23:58.977-0700][1256][info ][gc,heap     ] GC(59) Old regions: 626->587
[2025-10-13T19:23:58.977-0700][1256][info ][gc,heap     ] GC(59) Humongous regions: 24->0
[2025-10-13T19:23:58.977-0700][1256][info ][gc,metaspace] GC(59) Metaspace: 306697K(311232K)->306697K(311232K) NonClass: 269448K(271872K)->269448K(271872K) Class: 37248K(39360K)->37248K(39360K)
[2025-10-13T19:23:58.977-0700][1256][info ][gc          ] GC(59) Pause Young (Mixed) (G1 Evacuation Pause) 131356M->25489M(184320M) 186.585ms
[2025-10-13T19:23:58.978-0700][1256][info ][gc,cpu      ] GC(59) User=14.20s Sys=0.03s Real=0.19s
[2025-10-13T19:23:58.980-0700][1256][info ][safepoint   ] Safepoint "G1CollectForAllocation", Time since last: 503555870 ns, Reaching safepoint: 5059183 ns, Cleanup: 28343 ns, At safepoint: 191324215 ns, Total: 196411741 ns
[2025-10-13T19:23:59.981-0700][1256][info ][safepoint   ] Safepoint "Cleanup", Time since last: 1000085789 ns, Reaching safepoint: 721222 ns, Cleanup: 78229 ns, At safepoint: 155676 ns, Total: 955127 ns
[2025-10-13T19:24:00.982-0700][1256][info ][safepoint   ] Safepoint "Cleanup", Time since last: 1000109625 ns, Reaching safepoint: 773642 ns, Cleanup: 76506 ns, At safepoint: 267024 ns, Total: 1117172 ns
[2025-10-13T19:24:01.997-0700][1256][info ][safepoint   ] Safepoint "Cleanup", Time since last: 1000114623 ns, Reaching safepoint: 12857053 ns, Cleanup: 53051 ns, At safepoint: 2098538 ns, Total: 15008642 ns
[2025-10-13T19:24:03.155-0700][1256][info ][safepoint   ] Safepoint "Cleanup", Time since last: 1156638489 ns, Reaching safepoint: 817979 ns, Cleanup: 64057 ns, At safepoint: 387447 ns, Total: 1269483 ns
[2025-10-13T19:24:04.156-0700][1256][info ][safepoint   ] Safepoint "Cleanup", Time since last: 1000118789 ns, Reaching safepoint: 784177 ns, Cleanup: 30907 ns, At safepoint: 268066 ns, Total: 1083150 ns
[2025-10-13T19:24:05.158-0700][1256][info ][safepoint   ] Safepoint "Cleanup", Time since last: 1000118439 ns, Reaching safepoint: 767152 ns, Cleanup: 58368 ns, At safepoint: 523984 ns, Total: 1349504 ns
[2025-10-13T19:24:06.160-0700][1256][info ][safepoint   ] Safepoint "Cleanup", Time since last: 1000113211 ns, Reaching safepoint: 922657 ns, Cleanup: 58809 ns, At safepoint: 906593 ns, Total: 1888059 ns
[2025-10-13T19:24:07.048-0700][1256][info ][safepoint   ] Safepoint "ICBufferFull", Time since last: 886204552 ns, Reaching safepoint: 954055 ns, Cleanup: 367186 ns, At safepoint: 448990 ns, Total: 1770231 ns
[2025-10-13T19:24:08.039-0700][1256][info ][gc,start    ] GC(60) Pause Young (Normal) (G1 Evacuation Pause)
[2025-10-13T19:24:08.039-0700][1256][info ][gc,task     ] GC(60) Using 113 workers of 113 for evacuation
[2025-10-13T19:24:08.053-0700][1256][debug][gc,remset   ] GC(60) Visited cards 7285248 Total dirty 35520512 (20.51%) Total old 493158400 (1.48%)
[2025-10-13T19:24:08.249-0700][1256][info ][gc,mmu      ] GC(60) MMU target violated: 201.0ms (200.0ms/201.0ms)
[2025-10-13T19:24:08.249-0700][1256][info ][gc,phases   ] GC(60)   Pre Evacuate Collection Set: 0.7ms
[2025-10-13T19:24:08.249-0700][1256][info ][gc,phases   ] GC(60)   Merge Heap Roots: 13.2ms
[2025-10-13T19:24:08.249-0700][1256][info ][gc,phases   ] GC(60)   Evacuate Collection Set: 182.7ms
[2025-10-13T19:24:08.249-0700][1256][info ][gc,phases   ] GC(60)   Post Evacuate Collection Set: 13.8ms
[2025-10-13T19:24:08.249-0700][1256][info ][gc,phases   ] GC(60)   Other: 0.2ms
[2025-10-13T19:24:08.249-0700][1256][debug][gc,remset   ] GC(60) Coarsening (recent): Inline->AoC 174 (0) AoC->Howl 0 (0) Howl->Full 0 (0) Inline->AoC 0 (0) AoC->BitMap 0 (0) BitMap->Full 0 (0) 
[2025-10-13T19:24:08.249-0700][1256][debug][gc,remset   ] GC(60) Coarsening (all): Inline->AoC 242334 (11) AoC->Howl 13112 (52) Howl->Full 0 (0) Inline->AoC 65264 (13) AoC->BitMap 18058 (52) BitMap->Full 0 (0) 
[2025-10-13T19:24:08.249-0700][1256][info ][gc,heap     ] GC(60) Eden regions: 3246->0(1560)
[2025-10-13T19:24:08.249-0700][1256][info ][gc,heap     ] GC(60) Survivor regions: 210->281(432)
[2025-10-13T19:24:08.249-0700][1256][info ][gc,heap     ] GC(60) Old regions: 587->587
[2025-10-13T19:24:08.249-0700][1256][info ][gc,heap     ] GC(60) Humongous regions: 26->0
[2025-10-13T19:24:08.249-0700][1256][info ][gc,metaspace] GC(60) Metaspace: 307470K(312064K)->307470K(312064K) NonClass: 270181K(272640K)->270181K(272640K) Class: 37288K(39424K)->37288K(39424K)
[2025-10-13T19:24:08.249-0700][1256][info ][gc          ] GC(60) Pause Young (Normal) (G1 Evacuation Pause) 130193M->27776M(184320M) 210.755ms
[2025-10-13T19:24:08.251-0700][1256][info ][gc,cpu      ] GC(60) User=17.36s Sys=0.09s Real=0.22s
[2025-10-13T19:24:08.252-0700][1256][info ][safepoint   ] Safepoint "G1CollectForAllocation", Time since last: 988497437 ns, Reaching safepoint: 892932 ns, Cleanup: 61554 ns, At safepoint: 215307491 ns, Total: 216261977 ns
[2025-10-13T19:24:09.208-0700][1256][info ][safepoint   ] Safepoint "ICBufferFull", Time since last: 954109972 ns, Reaching safepoint: 779421 ns, Cleanup: 193593 ns, At safepoint: 473447 ns, Total: 1446461 ns
[2025-10-13T19:24:10.210-0700][1256][info ][safepoint   ] Safepoint "Cleanup", Time since last: 1000113541 ns, Reaching safepoint: 883499 ns, Cleanup: 100952 ns, At safepoint: 993135 ns, Total: 1977586 ns
[2025-10-13T19:24:11.211-0700][1256][info ][safepoint   ] Safepoint "Cleanup", Time since last: 1000115043 ns, Reaching safepoint: 785981 ns, Cleanup: 72950 ns, At safepoint: 366605 ns, Total: 1225536 ns
[2025-10-13T19:24:12.494-0700][1256][info ][safepoint   ] Safepoint "ICBufferFull", Time since last: 1281069576 ns, Reaching safepoint: 728633 ns, Cleanup: 264751 ns, At safepoint: 212262 ns, Total: 1205646 ns
[2025-10-13T19:24:13.495-0700][1256][info ][safepoint   ] Safepoint "Cleanup", Time since last: 1000104698 ns, Reaching safepoint: 820623 ns, Cleanup: 98849 ns, At safepoint: 356060 ns, Total: 1275532 ns
[2025-10-13T19:24:13.895-0700][1256][info ][gc,start    ] GC(61) Pause Young (Normal) (G1 Evacuation Pause)
[2025-10-13T19:24:13.895-0700][1256][info ][gc,task     ] GC(61) Using 113 workers of 113 for evacuation
[2025-10-13T19:24:13.908-0700][1256][debug][gc,remset   ] GC(61) Visited cards 7310336 Total dirty 35586048 (20.54%) Total old 337641472 (2.17%)
[2025-10-13T19:24:14.102-0700][1256][info ][gc,mmu      ] GC(61) MMU target violated: 201.0ms (200.0ms/201.0ms)
[2025-10-13T19:24:14.102-0700][1256][info ][gc,phases   ] GC(61)   Pre Evacuate Collection Set: 0.7ms
[2025-10-13T19:24:14.102-0700][1256][info ][gc,phases   ] GC(61)   Merge Heap Roots: 12.0ms
[2025-10-13T19:24:14.102-0700][1256][info ][gc,phases   ] GC(61)   Evacuate Collection Set: 184.7ms
[2025-10-13T19:24:14.102-0700][1256][info ][gc,phases   ] GC(61)   Post Evacuate Collection Set: 9.6ms
[2025-10-13T19:24:14.102-0700][1256][info ][gc,phases   ] GC(61)   Other: 0.2ms
[2025-10-13T19:24:14.102-0700][1256][debug][gc,remset   ] GC(61) Coarsening (recent): Inline->AoC 2714 (0) AoC->Howl 14 (0) Howl->Full 0 (0) Inline->AoC 55 (0) AoC->BitMap 13 (0) BitMap->Full 0 (0) 
[2025-10-13T19:24:14.102-0700][1256][debug][gc,remset   ] GC(61) Coarsening (all): Inline->AoC 245048 (11) AoC->Howl 13126 (52) Howl->Full 0 (0) Inline->AoC 65319 (13) AoC->BitMap 18071 (52) BitMap->Full 0 (0) 
[2025-10-13T19:24:14.102-0700][1256][info ][gc,heap     ] GC(61) Eden regions: 1994->0(3278)
[2025-10-13T19:24:14.102-0700][1256][info ][gc,heap     ] GC(61) Survivor regions: 281->178(285)
[2025-10-13T19:24:14.102-0700][1256][info ][gc,heap     ] GC(61) Old regions: 587->719
[2025-10-13T19:24:14.102-0700][1256][info ][gc,heap     ] GC(61) Humongous regions: 15->0
[2025-10-13T19:24:14.102-0700][1256][info ][gc,metaspace] GC(61) Metaspace: 308263K(312896K)->308263K(312896K) NonClass: 270914K(273408K)->270914K(273408K) Class: 37349K(39488K)->37349K(39488K)
[2025-10-13T19:24:14.102-0700][1256][info ][gc          ] GC(61) Pause Young (Normal) (G1 Evacuation Pause) 92064M->28701M(184320M) 207.378ms
[2025-10-13T19:24:14.104-0700][1256][info ][gc,cpu      ] GC(61) User=18.49s Sys=0.06s Real=0.21s
[2025-10-13T19:24:14.105-0700][1256][info ][safepoint   ] Safepoint "G1CollectForAllocation", Time since last: 397369677 ns, Reaching safepoint: 727102 ns, Cleanup: 33711 ns, At safepoint: 212117379 ns, Total: 212878192 ns
[2025-10-13T19:24:15.107-0700][1256][info ][safepoint   ] Safepoint "Cleanup", Time since last: 1000088433 ns, Reaching safepoint: 759400 ns, Cleanup: 36846 ns, At safepoint: 417182 ns, Total: 1213428 ns
[2025-10-13T19:24:16.111-0700][1256][info ][safepoint   ] Safepoint "Cleanup", Time since last: 1000106500 ns, Reaching safepoint: 3278937 ns, Cleanup: 67492 ns, At safepoint: 1253058 ns, Total: 4599487 ns
[2025-10-13T19:24:16.807-0700][1256][info ][safepoint   ] Safepoint "ICBufferFull", Time since last: 694441261 ns, Reaching safepoint: 773712 ns, Cleanup: 207414 ns, At safepoint: 376470 ns, Total: 1357596 ns
[2025-10-13T19:24:17.384-0700][1256][info ][safepoint   ] Safepoint "ICBufferFull", Time since last: 575494401 ns, Reaching safepoint: 813091 ns, Cleanup: 191811 ns, At safepoint: 382559 ns, Total: 1387461 ns
[2025-10-13T19:24:18.005-0700][1256][info ][safepoint   ] Safepoint "ICBufferFull", Time since last: 619061018 ns, Reaching safepoint: 899392 ns, Cleanup: 183849 ns, At safepoint: 644436 ns, Total: 1727677 ns
[2025-10-13T19:24:19.006-0700][1256][info ][safepoint   ] Safepoint "Cleanup", Time since last: 1000116796 ns, Reaching safepoint: 774243 ns, Cleanup: 81183 ns, At safepoint: 358833 ns, Total: 1214259 ns
[2025-10-13T19:24:20.008-0700][1256][info ][safepoint   ] Safepoint "Cleanup", Time since last: 1000112410 ns, Reaching safepoint: 946333 ns, Cleanup: 92420 ns, At safepoint: 1018843 ns, Total: 2057596 ns
[2025-10-13T19:24:21.010-0700][1256][info ][safepoint   ] Safepoint "Cleanup", Time since last: 1000117928 ns, Reaching safepoint: 801434 ns, Cleanup: 77127 ns, At safepoint: 614781 ns, Total: 1493342 ns
[2025-10-13T19:24:22.012-0700][1256][info ][safepoint   ] Safepoint "Cleanup", Time since last: 1000071527 ns, Reaching safepoint: 834925 ns, Cleanup: 20651 ns, At safepoint: 1062870 ns, Total: 1918446 ns
[2025-10-13T19:24:23.014-0700][1256][info ][safepoint   ] Safepoint "Cleanup", Time since last: 1000094653 ns, Reaching safepoint: 885601 ns, Cleanup: 23796 ns, At safepoint: 771869 ns, Total: 1681266 ns
[2025-10-13T19:24:24.016-0700][1256][info ][safepoint   ] Safepoint "Cleanup", Time since last: 1000113842 ns, Reaching safepoint: 835235 ns, Cleanup: 45028 ns, At safepoint: 1042319 ns, Total: 1922582 ns
[2025-10-13T19:24:24.784-0700][1256][info ][gc,start    ] GC(62) Pause Young (Normal) (G1 Evacuation Pause)
[2025-10-13T19:24:24.784-0700][1256][info ][gc,task     ] GC(62) Using 113 workers of 113 for evacuation
[2025-10-13T19:24:24.799-0700][1256][debug][gc,remset   ] GC(62) Visited cards 7941376 Total dirty 43384832 (18.30%) Total old 501547008 (1.58%)
[2025-10-13T19:24:24.968-0700][1256][info ][gc,phases   ] GC(62)   Pre Evacuate Collection Set: 0.7ms
[2025-10-13T19:24:24.968-0700][1256][info ][gc,phases   ] GC(62)   Merge Heap Roots: 14.1ms
[2025-10-13T19:24:24.968-0700][1256][info ][gc,phases   ] GC(62)   Evacuate Collection Set: 155.7ms
[2025-10-13T19:24:24.968-0700][1256][info ][gc,phases   ] GC(62)   Post Evacuate Collection Set: 13.7ms
[2025-10-13T19:24:24.968-0700][1256][info ][gc,phases   ] GC(62)   Other: 0.2ms
[2025-10-13T19:24:24.968-0700][1256][debug][gc,remset   ] GC(62) Coarsening (recent): Inline->AoC 39256 (0) AoC->Howl 90 (0) Howl->Full 0 (0) Inline->AoC 279 (0) AoC->BitMap 52 (0) BitMap->Full 0 (0) 
[2025-10-13T19:24:24.968-0700][1256][debug][gc,remset   ] GC(62) Coarsening (all): Inline->AoC 284304 (11) AoC->Howl 13216 (52) Howl->Full 0 (0) Inline->AoC 65598 (13) AoC->BitMap 18123 (52) BitMap->Full 0 (0) 
[2025-10-13T19:24:24.968-0700][1256][info ][gc,heap     ] GC(62) Eden regions: 3278->0(2291)
[2025-10-13T19:24:24.968-0700][1256][info ][gc,heap     ] GC(62) Survivor regions: 178->230(432)
[2025-10-13T19:24:24.968-0700][1256][info ][gc,heap     ] GC(62) Old regions: 719->719
[2025-10-13T19:24:24.968-0700][1256][info ][gc,heap     ] GC(62) Humongous regions: 22->0
[2025-10-13T19:24:24.968-0700][1256][info ][gc,metaspace] GC(62) Metaspace: 309505K(314176K)->309505K(314176K) NonClass: 272052K(274560K)->272052K(274560K) Class: 37453K(39616K)->37453K(39616K)
[2025-10-13T19:24:24.968-0700][1256][info ][gc          ] GC(62) Pause Young (Normal) (G1 Evacuation Pause) 134301M->30368M(184320M) 184.491ms
[2025-10-13T19:24:24.970-0700][1256][info ][gc,cpu      ] GC(62) User=15.46s Sys=0.21s Real=0.18s
[2025-10-13T19:24:24.971-0700][1256][info ][safepoint   ] Safepoint "G1CollectForAllocation", Time since last: 765786893 ns, Reaching safepoint: 825440 ns, Cleanup: 45940 ns, At safepoint: 189053586 ns, Total: 189924966 ns
[2025-10-13T19:24:25.972-0700][1256][info ][safepoint   ] Safepoint "Cleanup", Time since last: 1000091628 ns, Reaching safepoint: 704887 ns, Cleanup: 56135 ns, At safepoint: 257751 ns, Total: 1018773 ns
[2025-10-13T19:24:26.974-0700][1256][info ][safepoint   ] Safepoint "Cleanup", Time since last: 1000117958 ns, Reaching safepoint: 759870 ns, Cleanup: 13501 ns, At safepoint: 171580 ns, Total: 944951 ns
[2025-10-13T19:24:27.975-0700][1256][info ][safepoint   ] Safepoint "Cleanup", Time since last: 1000098548 ns, Reaching safepoint: 734262 ns, Cleanup: 30877 ns, At safepoint: 193203 ns, Total: 958342 ns
[2025-10-13T19:24:28.976-0700][1256][info ][safepoint   ] Safepoint "Cleanup", Time since last: 1000097597 ns, Reaching safepoint: 801133 ns, Cleanup: 78259 ns, At safepoint: 291792 ns, Total: 1171184 ns
[2025-10-13T19:24:29.977-0700][1256][info ][safepoint   ] Safepoint "Cleanup", Time since last: 1000104457 ns, Reaching safepoint: 906403 ns, Cleanup: 184790 ns, At safepoint: 339344 ns, Total: 1430537 ns
[2025-10-13T19:24:30.979-0700][1256][info ][safepoint   ] Safepoint "Cleanup", Time since last: 1000104798 ns, Reaching safepoint: 732720 ns, Cleanup: 69144 ns, At safepoint: 674452 ns, Total: 1476316 ns
[2025-10-13T19:24:31.980-0700][1256][info ][safepoint   ] Safepoint "Cleanup", Time since last: 1000102875 ns, Reaching safepoint: 715674 ns, Cleanup: 24938 ns, At safepoint: 527979 ns, Total: 1268591 ns
[2025-10-13T19:24:33.129-0700][1256][info ][gc,start    ] GC(63) Pause Young (Normal) (G1 Evacuation Pause)
[2025-10-13T19:24:33.129-0700][1256][info ][gc,task     ] GC(63) Using 113 workers of 113 for evacuation
[2025-10-13T19:24:33.143-0700][1256][debug][gc,remset   ] GC(63) Visited cards 7926528 Total dirty 43253760 (18.33%) Total old 385941504 (2.05%)
[2025-10-13T19:24:33.314-0700][1256][info ][gc,phases   ] GC(63)   Pre Evacuate Collection Set: 0.8ms
[2025-10-13T19:24:33.314-0700][1256][info ][gc,phases   ] GC(63)   Merge Heap Roots: 13.3ms
[2025-10-13T19:24:33.314-0700][1256][info ][gc,phases   ] GC(63)   Evacuate Collection Set: 156.3ms
[2025-10-13T19:24:33.314-0700][1256][info ][gc,phases   ] GC(63)   Post Evacuate Collection Set: 13.8ms
[2025-10-13T19:24:33.314-0700][1256][info ][gc,phases   ] GC(63)   Other: 0.2ms
[2025-10-13T19:24:33.314-0700][1256][debug][gc,remset   ] GC(63) Coarsening (recent): Inline->AoC 31087 (0) AoC->Howl 76 (0) Howl->Full 0 (0) Inline->AoC 365 (0) AoC->BitMap 30 (0) BitMap->Full 0 (0) 
[2025-10-13T19:24:33.314-0700][1256][debug][gc,remset   ] GC(63) Coarsening (all): Inline->AoC 315391 (11) AoC->Howl 13292 (52) Howl->Full 0 (0) Inline->AoC 65963 (13) AoC->BitMap 18153 (52) BitMap->Full 0 (0) 
[2025-10-13T19:24:33.314-0700][1256][info ][gc,heap     ] GC(63) Eden regions: 2348->0(3252)
[2025-10-13T19:24:33.314-0700][1256][info ][gc,heap     ] GC(63) Survivor regions: 230->204(323)
[2025-10-13T19:24:33.314-0700][1256][info ][gc,heap     ] GC(63) Old regions: 719->787
[2025-10-13T19:24:33.314-0700][1256][info ][gc,heap     ] GC(63) Humongous regions: 14->0
[2025-10-13T19:24:33.314-0700][1256][info ][gc,metaspace] GC(63) Metaspace: 309716K(314432K)->309716K(314432K) NonClass: 272253K(274752K)->272253K(274752K) Class: 37463K(39680K)->37463K(39680K)
[2025-10-13T19:24:33.314-0700][1256][info ][gc          ] GC(63) Pause Young (Normal) (G1 Evacuation Pause) 105952M->31708M(184320M) 184.549ms
[2025-10-13T19:24:33.315-0700][1256][info ][gc,cpu      ] GC(63) User=16.45s Sys=0.12s Real=0.19s
[2025-10-13T19:24:33.317-0700][1256][info ][safepoint   ] Safepoint "G1CollectForAllocation", Time since last: 1127421245 ns, Reaching safepoint: 19650674 ns, Cleanup: 53391 ns, At safepoint: 189051773 ns, Total: 208755838 ns
[2025-10-13T19:24:34.318-0700][1256][info ][safepoint   ] Safepoint "Cleanup", Time since last: 1000096636 ns, Reaching safepoint: 787953 ns, Cleanup: 17006 ns, At safepoint: 197940 ns, Total: 1002899 ns
[2025-10-13T19:24:35.319-0700][1256][info ][safepoint   ] Safepoint "Cleanup", Time since last: 1000104021 ns, Reaching safepoint: 784969 ns, Cleanup: 68664 ns, At safepoint: 280605 ns, Total: 1134238 ns
[2025-10-13T19:24:36.320-0700][1256][info ][safepoint   ] Safepoint "Cleanup", Time since last: 1000102732 ns, Reaching safepoint: 812691 ns, Cleanup: 98599 ns, At safepoint: 618207 ns, Total: 1529497 ns
[2025-10-13T19:24:37.235-0700][1256][info ][gc,start    ] GC(64) Pause Young (Concurrent Start) (CodeCache GC Threshold)
[2025-10-13T19:24:37.235-0700][1256][info ][gc,task     ] GC(64) Using 113 workers of 113 for evacuation
[2025-10-13T19:24:37.250-0700][1256][debug][gc,remset   ] GC(64) Visited cards 8022528 Total dirty 46858240 (17.12%) Total old 254935040 (3.15%)
[2025-10-13T19:24:37.398-0700][1256][info ][gc,phases   ] GC(64)   Pre Evacuate Collection Set: 1.0ms
[2025-10-13T19:24:37.398-0700][1256][info ][gc,phases   ] GC(64)   Merge Heap Roots: 13.6ms
[2025-10-13T19:24:37.398-0700][1256][info ][gc,phases   ] GC(64)   Evacuate Collection Set: 137.1ms
[2025-10-13T19:24:37.398-0700][1256][info ][gc,phases   ] GC(64)   Post Evacuate Collection Set: 10.8ms
[2025-10-13T19:24:37.398-0700][1256][info ][gc,phases   ] GC(64)   Other: 0.1ms
[2025-10-13T19:24:37.398-0700][1256][debug][gc,remset   ] GC(64) Coarsening (recent): Inline->AoC 0 (0) AoC->Howl 0 (0) Howl->Full 0 (0) Inline->AoC 0 (0) AoC->BitMap 0 (0) BitMap->Full 0 (0) 
[2025-10-13T19:24:37.398-0700][1256][debug][gc,remset   ] GC(64) Coarsening (all): Inline->AoC 315391 (11) AoC->Howl 13292 (52) Howl->Full 0 (0) Inline->AoC 65963 (13) AoC->BitMap 18153 (52) BitMap->Full 0 (0) 
[2025-10-13T19:24:37.398-0700][1256][info ][gc,heap     ] GC(64) Eden regions: 1343->0(3225)
[2025-10-13T19:24:37.398-0700][1256][info ][gc,heap     ] GC(64) Survivor regions: 204->231(432)
[2025-10-13T19:24:37.398-0700][1256][info ][gc,heap     ] GC(64) Old regions: 787->787
[2025-10-13T19:24:37.398-0700][1256][info ][gc,heap     ] GC(64) Humongous regions: 9->0
[2025-10-13T19:24:37.398-0700][1256][info ][gc,metaspace] GC(64) Metaspace: 309920K(314624K)->309920K(314624K) NonClass: 272445K(274944K)->272445K(274944K) Class: 37474K(39680K)->37474K(39680K)
[2025-10-13T19:24:37.398-0700][1256][info ][gc          ] GC(64) Pause Young (Concurrent Start) (CodeCache GC Threshold) 74959M->32556M(184320M) 162.779ms
[2025-10-13T19:24:37.398-0700][1089][info ][gc          ] GC(65) Concurrent Mark Cycle
[2025-10-13T19:24:37.398-0700][1089][info ][gc,marking  ] GC(65) Concurrent Scan Root Regions
[2025-10-13T19:24:37.400-0700][1256][info ][gc,cpu      ] GC(64) User=13.78s Sys=0.08s Real=0.16s
[2025-10-13T19:24:37.402-0700][1256][info ][safepoint   ] Safepoint "G1TryInitiateConcMark", Time since last: 911806418 ns, Reaching safepoint: 888666 ns, Cleanup: 81123 ns, At safepoint: 168435912 ns, Total: 169405701 ns
[2025-10-13T19:24:37.493-0700][1089][info ][gc,marking  ] GC(65) Concurrent Scan Root Regions 94.404ms
[2025-10-13T19:24:37.493-0700][1089][info ][gc,marking  ] GC(65) Concurrent Mark
[2025-10-13T19:24:37.493-0700][1089][info ][gc,marking  ] GC(65) Concurrent Mark From Roots
[2025-10-13T19:24:37.493-0700][1089][info ][gc,task     ] GC(65) Using 36 workers of 36 for marking
[2025-10-13T19:24:37.755-0700][1089][info ][gc,marking  ] GC(65) Concurrent Mark From Roots 262.899ms
[2025-10-13T19:24:37.755-0700][1089][info ][gc,marking  ] GC(65) Concurrent Preclean
[2025-10-13T19:24:37.771-0700][1089][info ][gc,marking  ] GC(65) Concurrent Preclean 15.946ms
[2025-10-13T19:24:37.774-0700][1256][info ][gc,start    ] GC(65) Pause Remark
[2025-10-13T19:24:38.207-0700][1256][info ][gc,mmu      ] GC(65) MMU target violated: 201.0ms (200.0ms/201.0ms)
[2025-10-13T19:24:38.207-0700][1256][info ][gc          ] GC(65) Pause Remark 39098M->38714M(184320M) 433.481ms
[2025-10-13T19:24:38.209-0700][1256][info ][gc,cpu      ] GC(65) User=2.37s Sys=0.09s Real=0.43s
[2025-10-13T19:24:38.211-0700][1256][info ][safepoint   ] Safepoint "G1PauseRemark", Time since last: 369818451 ns, Reaching safepoint: 762975 ns, Cleanup: 14372 ns, At safepoint: 438770042 ns, Total: 439547389 ns
[2025-10-13T19:24:38.212-0700][1089][info ][gc,marking  ] GC(65) Concurrent Mark 719.829ms
[2025-10-13T19:24:38.212-0700][1089][info ][gc,marking  ] GC(65) Concurrent Rebuild Remembered Sets and Scrub Regions
[2025-10-13T19:24:38.950-0700][1089][info ][gc,marking  ] GC(65) Concurrent Rebuild Remembered Sets and Scrub Regions 737.669ms
[2025-10-13T19:24:38.959-0700][1256][info ][gc,start    ] GC(65) Pause Cleanup
[2025-10-13T19:24:38.961-0700][1256][info ][gc          ] GC(65) Pause Cleanup 49574M->49574M(184320M) 2.033ms
[2025-10-13T19:24:38.963-0700][1256][info ][gc,cpu      ] GC(65) User=0.02s Sys=0.00s Real=0.01s
[2025-10-13T19:24:38.964-0700][1256][info ][safepoint   ] Safepoint "G1PauseCleanup", Time since last: 739160509 ns, Reaching safepoint: 7132373 ns, Cleanup: 246644 ns, At safepoint: 6251209 ns, Total: 13630226 ns
[2025-10-13T19:24:38.964-0700][1089][info ][gc,marking  ] GC(65) Concurrent Clear Claimed Marks
[2025-10-13T19:24:38.965-0700][1089][info ][gc,marking  ] GC(65) Concurrent Clear Claimed Marks 1.016ms
[2025-10-13T19:24:38.965-0700][1089][info ][gc,marking  ] GC(65) Concurrent Cleanup for Next Mark
[2025-10-13T19:24:39.001-0700][1089][info ][gc,marking  ] GC(65) Concurrent Cleanup for Next Mark 36.098ms
[2025-10-13T19:24:39.001-0700][1089][info ][gc          ] GC(65) Concurrent Mark Cycle 1603.108ms
[2025-10-13T19:24:39.965-0700][1256][info ][safepoint   ] Safepoint "Cleanup", Time since last: 1000077444 ns, Reaching safepoint: 713861 ns, Cleanup: 134434 ns, At safepoint: 709474 ns, Total: 1557769 ns
[2025-10-13T19:24:40.967-0700][1256][info ][safepoint   ] Safepoint "Cleanup", Time since last: 1000110174 ns, Reaching safepoint: 709665 ns, Cleanup: 47762 ns, At safepoint: 298131 ns, Total: 1055558 ns
[2025-10-13T19:24:41.968-0700][1256][info ][safepoint   ] Safepoint "Cleanup", Time since last: 1000109142 ns, Reaching safepoint: 791790 ns, Cleanup: 34913 ns, At safepoint: 471524 ns, Total: 1298227 ns
[2025-10-13T19:24:42.969-0700][1256][info ][safepoint   ] Safepoint "Cleanup", Time since last: 1000140860 ns, Reaching safepoint: 705638 ns, Cleanup: 39871 ns, At safepoint: 397702 ns, Total: 1143211 ns
[2025-10-13T19:24:43.971-0700][1256][info ][safepoint   ] Safepoint "Cleanup", Time since last: 1000114951 ns, Reaching safepoint: 692499 ns, Cleanup: 28723 ns, At safepoint: 360647 ns, Total: 1081869 ns
[2025-10-13T19:24:44.972-0700][1256][info ][safepoint   ] Safepoint "Cleanup", Time since last: 1000107158 ns, Reaching safepoint: 795926 ns, Cleanup: 62164 ns, At safepoint: 503343 ns, Total: 1361433 ns
[2025-10-13T19:24:45.123-0700][1256][info ][gc,start    ] GC(66) Pause Young (Prepare Mixed) (G1 Evacuation Pause)
[2025-10-13T19:24:45.123-0700][1256][info ][gc,task     ] GC(66) Using 113 workers of 113 for evacuation
[2025-10-13T19:24:45.138-0700][1256][debug][gc,remset   ] GC(66) Visited cards 8153856 Total dirty 47054848 (17.33%) Total old 369885184 (2.20%)
[2025-10-13T19:24:45.294-0700][1256][info ][gc,phases   ] GC(66)   Pre Evacuate Collection Set: 0.8ms
[2025-10-13T19:24:45.294-0700][1256][info ][gc,phases   ] GC(66)   Merge Heap Roots: 14.3ms
[2025-10-13T19:24:45.294-0700][1256][info ][gc,phases   ] GC(66)   Evacuate Collection Set: 142.4ms
[2025-10-13T19:24:45.294-0700][1256][info ][gc,phases   ] GC(66)   Post Evacuate Collection Set: 13.5ms
[2025-10-13T19:24:45.294-0700][1256][info ][gc,phases   ] GC(66)   Other: 0.2ms
[2025-10-13T19:24:45.294-0700][1256][debug][gc,remset   ] GC(66) Coarsening (recent): Inline->AoC 114939 (0) AoC->Howl 4727 (0) Howl->Full 0 (0) Inline->AoC 18348 (0) AoC->BitMap 6880 (0) BitMap->Full 0 (0) 
[2025-10-13T19:24:45.294-0700][1256][debug][gc,remset   ] GC(66) Coarsening (all): Inline->AoC 430330 (11) AoC->Howl 18019 (52) Howl->Full 0 (0) Inline->AoC 84311 (13) AoC->BitMap 25033 (52) BitMap->Full 0 (0) 
[2025-10-13T19:24:45.294-0700][1256][info ][gc,heap     ] GC(66) Eden regions: 2195->0(3286)
[2025-10-13T19:24:45.294-0700][1256][info ][gc,heap     ] GC(66) Survivor regions: 231->170(304)
[2025-10-13T19:24:45.294-0700][1256][info ][gc,heap     ] GC(66) Old regions: 775->860
[2025-10-13T19:24:45.294-0700][1256][info ][gc,heap     ] GC(66) Humongous regions: 17->0
[2025-10-13T19:24:45.294-0700][1256][info ][gc,metaspace] GC(66) Metaspace: 310077K(314816K)->310077K(314816K) NonClass: 272596K(275136K)->272596K(275136K) Class: 37481K(39680K)->37481K(39680K)
[2025-10-13T19:24:45.294-0700][1256][info ][gc          ] GC(66) Pause Young (Prepare Mixed) (G1 Evacuation Pause) 102956M->32939M(184320M) 171.343ms
[2025-10-13T19:24:45.296-0700][1256][info ][gc,cpu      ] GC(66) User=16.48s Sys=0.27s Real=0.17s
[2025-10-13T19:24:45.297-0700][1256][info ][safepoint   ] Safepoint "G1CollectForAllocation", Time since last: 148230337 ns, Reaching safepoint: 751758 ns, Cleanup: 35013 ns, At safepoint: 175920210 ns, Total: 176706981 ns
[2025-10-13T19:24:46.299-0700][1256][info ][safepoint   ] Safepoint "Cleanup", Time since last: 1000087489 ns, Reaching safepoint: 1624320 ns, Cleanup: 69155 ns, At safepoint: 578716 ns, Total: 2272191 ns
[2025-10-13T19:24:47.301-0700][1256][info ][safepoint   ] Safepoint "Cleanup", Time since last: 1000113649 ns, Reaching safepoint: 851920 ns, Cleanup: 26751 ns, At safepoint: 769756 ns, Total: 1648427 ns
[2025-10-13T19:24:48.302-0700][1256][info ][safepoint   ] Safepoint "Cleanup", Time since last: 1000108681 ns, Reaching safepoint: 714853 ns, Cleanup: 9724 ns, At safepoint: 468510 ns, Total: 1193087 ns
[2025-10-13T19:24:49.304-0700][1256][info ][safepoint   ] Safepoint "Cleanup", Time since last: 1000103223 ns, Reaching safepoint: 683475 ns, Cleanup: 48464 ns, At safepoint: 738789 ns, Total: 1470728 ns
[2025-10-13T19:24:50.318-0700][1256][info ][safepoint   ] Safepoint "Cleanup", Time since last: 1000108761 ns, Reaching safepoint: 12243525 ns, Cleanup: 40492 ns, At safepoint: 1834559 ns, Total: 14118576 ns
[2025-10-13T19:24:51.321-0700][1256][info ][safepoint   ] Safepoint "Cleanup", Time since last: 1000123123 ns, Reaching safepoint: 860513 ns, Cleanup: 22554 ns, At safepoint: 1341042 ns, Total: 2224109 ns
[2025-10-13T19:24:52.323-0700][1256][info ][safepoint   ] Safepoint "Cleanup", Time since last: 1000166268 ns, Reaching safepoint: 903959 ns, Cleanup: 121734 ns, At safepoint: 914526 ns, Total: 1940219 ns
[2025-10-13T19:24:53.325-0700][1256][info ][safepoint   ] Safepoint "Cleanup", Time since last: 1000233730 ns, Reaching safepoint: 1679875 ns, Cleanup: 58218 ns, At safepoint: 880924 ns, Total: 2619017 ns
[2025-10-13T19:24:54.327-0700][1256][info ][safepoint   ] Safepoint "Cleanup", Time since last: 1000120569 ns, Reaching safepoint: 878631 ns, Cleanup: 41804 ns, At safepoint: 790417 ns, Total: 1710852 ns
[2025-10-13T19:24:55.329-0700][1256][info ][safepoint   ] Safepoint "Cleanup", Time since last: 1000120519 ns, Reaching safepoint: 967315 ns, Cleanup: 68774 ns, At safepoint: 950230 ns, Total: 1986319 ns
[2025-10-13T19:24:56.331-0700][1256][info ][safepoint   ] Safepoint "Cleanup", Time since last: 1000119778 ns, Reaching safepoint: 808394 ns, Cleanup: 223979 ns, At safepoint: 904140 ns, Total: 1936513 ns
[2025-10-13T19:24:56.820-0700][1256][info ][gc,start    ] GC(67) Pause Young (Mixed) (G1 Evacuation Pause)
[2025-10-13T19:24:56.820-0700][1256][info ][gc,task     ] GC(67) Using 113 workers of 113 for evacuation
[2025-10-13T19:24:56.835-0700][1256][debug][gc,remset   ] GC(67) Visited cards 8353536 Total dirty 44564480 (18.74%) Total old 520683520 (1.60%)
[2025-10-13T19:24:57.050-0700][1256][info ][gc,mmu      ] GC(67) MMU target violated: 201.0ms (200.0ms/201.0ms)
[2025-10-13T19:24:57.050-0700][1256][info ][gc,phases   ] GC(67)   Pre Evacuate Collection Set: 0.8ms
[2025-10-13T19:24:57.050-0700][1256][info ][gc,phases   ] GC(67)   Merge Heap Roots: 14.2ms
[2025-10-13T19:24:57.050-0700][1256][info ][gc,phases   ] GC(67)   Evacuate Collection Set: 201.6ms
[2025-10-13T19:24:57.050-0700][1256][info ][gc,phases   ] GC(67)   Post Evacuate Collection Set: 13.8ms
[2025-10-13T19:24:57.050-0700][1256][info ][gc,phases   ] GC(67)   Other: 0.2ms
[2025-10-13T19:24:57.050-0700][1256][debug][gc,remset   ] GC(67) Coarsening (recent): Inline->AoC 45911 (0) AoC->Howl 142 (0) Howl->Full 0 (0) Inline->AoC 575 (0) AoC->BitMap 90 (0) BitMap->Full 0 (0) 
[2025-10-13T19:24:57.050-0700][1256][debug][gc,remset   ] GC(67) Coarsening (all): Inline->AoC 476241 (11) AoC->Howl 18161 (52) Howl->Full 0 (0) Inline->AoC 84886 (13) AoC->BitMap 25123 (52) BitMap->Full 0 (0) 
[2025-10-13T19:24:57.050-0700][1256][info ][gc,heap     ] GC(67) Eden regions: 3286->0(2794)
[2025-10-13T19:24:57.050-0700][1256][info ][gc,heap     ] GC(67) Survivor regions: 170->236(432)
[2025-10-13T19:24:57.050-0700][1256][info ][gc,heap     ] GC(67) Old regions: 860->729
[2025-10-13T19:24:57.050-0700][1256][info ][gc,heap     ] GC(67) Humongous regions: 28->0
[2025-10-13T19:24:57.050-0700][1256][info ][gc,metaspace] GC(67) Metaspace: 310631K(315328K)->310631K(315328K) NonClass: 273108K(275584K)->273108K(275584K) Class: 37523K(39744K)->37523K(39744K)
[2025-10-13T19:24:57.050-0700][1256][info ][gc          ] GC(67) Pause Young (Mixed) (G1 Evacuation Pause) 138987M->30863M(184320M) 230.738ms
[2025-10-13T19:24:57.052-0700][1256][info ][gc,cpu      ] GC(67) User=15.76s Sys=0.21s Real=0.24s
[2025-10-13T19:24:57.053-0700][1256][info ][safepoint   ] Safepoint "G1CollectForAllocation", Time since last: 485384039 ns, Reaching safepoint: 1051763 ns, Cleanup: 35264 ns, At safepoint: 235434666 ns, Total: 236521693 ns
[2025-10-13T19:24:58.055-0700][1256][info ][safepoint   ] Safepoint "Cleanup", Time since last: 1000089172 ns, Reaching safepoint: 781694 ns, Cleanup: 61633 ns, At safepoint: 261587 ns, Total: 1104914 ns
[2025-10-13T19:24:59.079-0700][1256][info ][safepoint   ] Safepoint "Cleanup", Time since last: 1000109943 ns, Reaching safepoint: 20867919 ns, Cleanup: 43435 ns, At safepoint: 2947615 ns, Total: 23858969 ns
[2025-10-13T19:25:00.081-0700][1256][info ][safepoint   ] Safepoint "Cleanup", Time since last: 1000151396 ns, Reaching safepoint: 868185 ns, Cleanup: 65750 ns, At safepoint: 987646 ns, Total: 1921581 ns
[2025-10-13T19:25:01.082-0700][1256][info ][safepoint   ] Safepoint "Cleanup", Time since last: 1000136753 ns, Reaching safepoint: 826893 ns, Cleanup: 48864 ns, At safepoint: 871380 ns, Total: 1747137 ns
[2025-10-13T19:25:02.084-0700][1256][info ][safepoint   ] Safepoint "Cleanup", Time since last: 1000114269 ns, Reaching safepoint: 826382 ns, Cleanup: 48043 ns, At safepoint: 745509 ns, Total: 1619934 ns
[2025-10-13T19:25:03.182-0700][1256][info ][safepoint   ] Safepoint "Cleanup", Time since last: 1096530934 ns, Reaching safepoint: 816126 ns, Cleanup: 42494 ns, At safepoint: 438394 ns, Total: 1297014 ns
[2025-10-13T19:25:04.184-0700][1256][info ][safepoint   ] Safepoint "Cleanup", Time since last: 1000107319 ns, Reaching safepoint: 835526 ns, Cleanup: 35163 ns, At safepoint: 851330 ns, Total: 1722019 ns
[2025-10-13T19:25:05.186-0700][1256][info ][safepoint   ] Safepoint "Cleanup", Time since last: 1000112697 ns, Reaching safepoint: 832160 ns, Cleanup: 43046 ns, At safepoint: 1050160 ns, Total: 1925366 ns
[2025-10-13T19:25:06.188-0700][1256][info ][safepoint   ] Safepoint "Cleanup", Time since last: 1000113248 ns, Reaching safepoint: 819762 ns, Cleanup: 30626 ns, At safepoint: 1158645 ns, Total: 2009033 ns
[2025-10-13T19:25:07.189-0700][1256][info ][safepoint   ] Safepoint "Cleanup", Time since last: 1000117154 ns, Reaching safepoint: 708243 ns, Cleanup: 39159 ns, At safepoint: 463783 ns, Total: 1211185 ns
[2025-10-13T19:25:08.191-0700][1256][info ][safepoint   ] Safepoint "Cleanup", Time since last: 1000103403 ns, Reaching safepoint: 823868 ns, Cleanup: 12699 ns, At safepoint: 550404 ns, Total: 1386971 ns
[2025-10-13T19:25:08.895-0700][1256][info ][gc,start    ] GC(68) Pause Young (Normal) (G1 Evacuation Pause)
[2025-10-13T19:25:08.895-0700][1256][info ][gc,task     ] GC(68) Using 113 workers of 113 for evacuation
[2025-10-13T19:25:08.909-0700][1256][debug][gc,remset   ] GC(68) Visited cards 6917888 Total dirty 44040192 (15.71%) Total old 501678080 (1.38%)
[2025-10-13T19:25:09.072-0700][1256][info ][gc,phases   ] GC(68)   Pre Evacuate Collection Set: 0.7ms
[2025-10-13T19:25:09.072-0700][1256][info ][gc,phases   ] GC(68)   Merge Heap Roots: 12.9ms
[2025-10-13T19:25:09.072-0700][1256][info ][gc,phases   ] GC(68)   Evacuate Collection Set: 147.2ms
[2025-10-13T19:25:09.072-0700][1256][info ][gc,phases   ] GC(68)   Post Evacuate Collection Set: 15.7ms
[2025-10-13T19:25:09.072-0700][1256][info ][gc,phases   ] GC(68)   Other: 0.2ms
[2025-10-13T19:25:09.072-0700][1256][debug][gc,remset   ] GC(68) Coarsening (recent): Inline->AoC 29492 (0) AoC->Howl 51 (0) Howl->Full 0 (0) Inline->AoC 226 (0) AoC->BitMap 13 (0) BitMap->Full 0 (0) 
[2025-10-13T19:25:09.072-0700][1256][debug][gc,remset   ] GC(68) Coarsening (all): Inline->AoC 505733 (11) AoC->Howl 18212 (52) Howl->Full 0 (0) Inline->AoC 85112 (13) AoC->BitMap 25136 (52) BitMap->Full 0 (0) 
[2025-10-13T19:25:09.072-0700][1256][info ][gc,heap     ] GC(68) Eden regions: 3220->0(3034)
[2025-10-13T19:25:09.072-0700][1256][info ][gc,heap     ] GC(68) Survivor regions: 236->228(432)
[2025-10-13T19:25:09.072-0700][1256][info ][gc,heap     ] GC(68) Old regions: 729->760
[2025-10-13T19:25:09.072-0700][1256][info ][gc,heap     ] GC(68) Humongous regions: 14->0
[2025-10-13T19:25:09.072-0700][1256][info ][gc,metaspace] GC(68) Metaspace: 310743K(315456K)->310743K(315456K) NonClass: 273215K(275712K)->273215K(275712K) Class: 37527K(39744K)->37527K(39744K)
[2025-10-13T19:25:09.072-0700][1256][info ][gc          ] GC(68) Pause Young (Normal) (G1 Evacuation Pause) 134351M->31615M(184320M) 177.000ms
[2025-10-13T19:25:09.074-0700][1256][info ][gc,cpu      ] GC(68) User=17.48s Sys=0.24s Real=0.18s
[2025-10-13T19:25:09.075-0700][1256][info ][safepoint   ] Safepoint "G1CollectForAllocation", Time since last: 701391269 ns, Reaching safepoint: 782585 ns, Cleanup: 9855 ns, At safepoint: 181663459 ns, Total: 182455899 ns
[2025-10-13T19:25:10.076-0700][1256][info ][safepoint   ] Safepoint "Cleanup", Time since last: 1000085656 ns, Reaching safepoint: 701953 ns, Cleanup: 24938 ns, At safepoint: 112551 ns, Total: 839442 ns
[2025-10-13T19:25:11.077-0700][1256][info ][safepoint   ] Safepoint "Cleanup", Time since last: 1000131055 ns, Reaching safepoint: 686359 ns, Cleanup: 35284 ns, At safepoint: 142335 ns, Total: 863978 ns
[2025-10-13T19:25:13.100-0700][1256][info ][safepoint   ] Safepoint "Cleanup", Time since last: 2000170782 ns, Reaching safepoint: 21772609 ns, Cleanup: 13250 ns, At safepoint: 1626474 ns, Total: 23412333 ns
[2025-10-13T19:25:14.102-0700][1256][info ][safepoint   ] Safepoint "Cleanup", Time since last: 1000116864 ns, Reaching safepoint: 761413 ns, Cleanup: 49345 ns, At safepoint: 718117 ns, Total: 1528875 ns
[2025-10-13T19:25:15.104-0700][1256][info ][safepoint   ] Safepoint "Cleanup", Time since last: 1000107109 ns, Reaching safepoint: 905402 ns, Cleanup: 71838 ns, At safepoint: 1107167 ns, Total: 2084407 ns
[2025-10-13T19:25:16.107-0700][1256][info ][safepoint   ] Safepoint "Cleanup", Time since last: 1000112597 ns, Reaching safepoint: 986455 ns, Cleanup: 111308 ns, At safepoint: 1592583 ns, Total: 2690346 ns
[2025-10-13T19:25:17.109-0700][1256][info ][safepoint   ] Safepoint "Cleanup", Time since last: 1000121470 ns, Reaching safepoint: 975668 ns, Cleanup: 23876 ns, At safepoint: 1403346 ns, Total: 2402890 ns
[2025-10-13T19:25:18.112-0700][1256][info ][safepoint   ] Safepoint "Cleanup", Time since last: 1000120078 ns, Reaching safepoint: 932963 ns, Cleanup: 55514 ns, At safepoint: 1290024 ns, Total: 2278501 ns
[2025-10-13T19:25:19.114-0700][1256][info ][safepoint   ] Safepoint "Cleanup", Time since last: 1000142353 ns, Reaching safepoint: 1298737 ns, Cleanup: 43035 ns, At safepoint: 645207 ns, Total: 1986979 ns
[2025-10-13T19:25:20.116-0700][1256][info ][safepoint   ] Safepoint "Cleanup", Time since last: 1000121461 ns, Reaching safepoint: 781233 ns, Cleanup: 14552 ns, At safepoint: 1052925 ns, Total: 1848710 ns
[2025-10-13T19:25:21.118-0700][1256][info ][safepoint   ] Safepoint "Cleanup", Time since last: 1000118726 ns, Reaching safepoint: 905552 ns, Cleanup: 61153 ns, At safepoint: 695744 ns, Total: 1662449 ns
[2025-10-13T19:25:21.567-0700][1256][info ][gc,start    ] GC(69) Pause Young (Normal) (G1 Evacuation Pause)
[2025-10-13T19:25:21.567-0700][1256][info ][gc,task     ] GC(69) Using 113 workers of 113 for evacuation
[2025-10-13T19:25:21.582-0700][1256][debug][gc,remset   ] GC(69) Visited cards 7342592 Total dirty 45219840 (16.24%) Total old 503971840 (1.46%)
[2025-10-13T19:25:21.765-0700][1256][info ][gc,phases   ] GC(69)   Pre Evacuate Collection Set: 0.7ms
[2025-10-13T19:25:21.765-0700][1256][info ][gc,phases   ] GC(69)   Merge Heap Roots: 13.5ms
[2025-10-13T19:25:21.765-0700][1256][info ][gc,phases   ] GC(69)   Evacuate Collection Set: 168.3ms
[2025-10-13T19:25:21.765-0700][1256][info ][gc,phases   ] GC(69)   Post Evacuate Collection Set: 14.7ms
[2025-10-13T19:25:21.765-0700][1256][info ][gc,phases   ] GC(69)   Other: 0.2ms
[2025-10-13T19:25:21.765-0700][1256][debug][gc,remset   ] GC(69) Coarsening (recent): Inline->AoC 30730 (0) AoC->Howl 93 (0) Howl->Full 0 (0) Inline->AoC 393 (0) AoC->BitMap 87 (0) BitMap->Full 0 (0) 
[2025-10-13T19:25:21.765-0700][1256][debug][gc,remset   ] GC(69) Coarsening (all): Inline->AoC 536463 (11) AoC->Howl 18305 (52) Howl->Full 0 (0) Inline->AoC 85505 (13) AoC->BitMap 25223 (52) BitMap->Full 0 (0) 
[2025-10-13T19:25:21.765-0700][1256][info ][gc,heap     ] GC(69) Eden regions: 3228->0(1793)
[2025-10-13T19:25:21.765-0700][1256][info ][gc,heap     ] GC(69) Survivor regions: 228->284(432)
[2025-10-13T19:25:21.765-0700][1256][info ][gc,heap     ] GC(69) Old regions: 760->760
[2025-10-13T19:25:21.765-0700][1256][info ][gc,heap     ] GC(69) Humongous regions: 18->0
[2025-10-13T19:25:21.765-0700][1256][info ][gc,metaspace] GC(69) Metaspace: 310904K(315712K)->310904K(315712K) NonClass: 273359K(275904K)->273359K(275904K) Class: 37545K(39808K)->37545K(39808K)
[2025-10-13T19:25:21.765-0700][1256][info ][gc          ] GC(69) Pause Young (Normal) (G1 Evacuation Pause) 135487M->33403M(184320M) 197.557ms
[2025-10-13T19:25:21.767-0700][1256][info ][gc,cpu      ] GC(69) User=17.91s Sys=0.31s Real=0.20s
[2025-10-13T19:25:21.768-0700][1256][info ][safepoint   ] Safepoint "G1CollectForAllocation", Time since last: 446193636 ns, Reaching safepoint: 1683611 ns, Cleanup: 24927 ns, At safepoint: 202147827 ns, Total: 203856365 ns
[2025-10-13T19:25:22.769-0700][1256][info ][safepoint   ] Safepoint "Cleanup", Time since last: 1000082031 ns, Reaching safepoint: 759039 ns, Cleanup: 51198 ns, At safepoint: 179572 ns, Total: 989809 ns
[2025-10-13T19:25:23.770-0700][1256][info ][safepoint   ] Safepoint "Cleanup", Time since last: 1000103343 ns, Reaching safepoint: 824339 ns, Cleanup: 52940 ns, At safepoint: 313064 ns, Total: 1190343 ns
[2025-10-13T19:25:24.771-0700][1256][info ][safepoint   ] Safepoint "Cleanup", Time since last: 1000113989 ns, Reaching safepoint: 668012 ns, Cleanup: 39039 ns, At safepoint: 204961 ns, Total: 912012 ns
[2025-10-13T19:25:25.772-0700][1256][info ][safepoint   ] Safepoint "Cleanup", Time since last: 1000096743 ns, Reaching safepoint: 806211 ns, Cleanup: 22955 ns, At safepoint: 427437 ns, Total: 1256603 ns
[2025-10-13T19:25:26.775-0700][1256][info ][safepoint   ] Safepoint "Cleanup", Time since last: 1000116804 ns, Reaching safepoint: 1582376 ns, Cleanup: 53972 ns, At safepoint: 850098 ns, Total: 2486446 ns
[2025-10-13T19:25:27.777-0700][1256][info ][safepoint   ] Safepoint "Cleanup", Time since last: 1000105746 ns, Reaching safepoint: 859182 ns, Cleanup: 30606 ns, At safepoint: 770167 ns, Total: 1659955 ns
[2025-10-13T19:25:28.779-0700][1256][info ][safepoint   ] Safepoint "Cleanup", Time since last: 1000108661 ns, Reaching safepoint: 906864 ns, Cleanup: 14602 ns, At safepoint: 937259 ns, Total: 1858725 ns
[2025-10-13T19:25:29.781-0700][1256][info ][safepoint   ] Safepoint "Cleanup", Time since last: 1000105326 ns, Reaching safepoint: 871941 ns, Cleanup: 21062 ns, At safepoint: 1248391 ns, Total: 2141394 ns
[2025-10-13T19:25:30.783-0700][1256][info ][safepoint   ] Safepoint "Cleanup", Time since last: 1000133278 ns, Reaching safepoint: 808735 ns, Cleanup: 32590 ns, At safepoint: 858640 ns, Total: 1699965 ns
[2025-10-13T19:25:31.785-0700][1256][info ][safepoint   ] Safepoint "Cleanup", Time since last: 1000114971 ns, Reaching safepoint: 877319 ns, Cleanup: 19950 ns, At safepoint: 1046956 ns, Total: 1944225 ns
[2025-10-13T19:25:32.211-0700][1256][info ][gc,start    ] GC(70) Pause Young (Normal) (G1 Evacuation Pause)
[2025-10-13T19:25:32.212-0700][1256][info ][gc,task     ] GC(70) Using 113 workers of 113 for evacuation
[2025-10-13T19:25:32.225-0700][1256][debug][gc,remset   ] GC(70) Visited cards 7346944 Total dirty 45285376 (16.22%) Total old 364904448 (2.01%)
[2025-10-13T19:25:32.407-0700][1256][info ][gc,phases   ] GC(70)   Pre Evacuate Collection Set: 0.7ms
[2025-10-13T19:25:32.407-0700][1256][info ][gc,phases   ] GC(70)   Merge Heap Roots: 12.9ms
[2025-10-13T19:25:32.407-0700][1256][info ][gc,phases   ] GC(70)   Evacuate Collection Set: 169.2ms
[2025-10-13T19:25:32.407-0700][1256][info ][gc,phases   ] GC(70)   Post Evacuate Collection Set: 12.8ms
[2025-10-13T19:25:32.407-0700][1256][info ][gc,phases   ] GC(70)   Other: 0.2ms
[2025-10-13T19:25:32.407-0700][1256][debug][gc,remset   ] GC(70) Coarsening (recent): Inline->AoC 28082 (0) AoC->Howl 86 (0) Howl->Full 0 (0) Inline->AoC 424 (0) AoC->BitMap 34 (0) BitMap->Full 0 (0) 
[2025-10-13T19:25:32.407-0700][1256][debug][gc,remset   ] GC(70) Coarsening (all): Inline->AoC 564545 (11) AoC->Howl 18391 (52) Howl->Full 0 (0) Inline->AoC 85929 (13) AoC->BitMap 25257 (52) BitMap->Full 0 (0) 
[2025-10-13T19:25:32.407-0700][1256][info ][gc,heap     ] GC(70) Eden regions: 2114->0(3298)
[2025-10-13T19:25:32.407-0700][1256][info ][gc,heap     ] GC(70) Survivor regions: 284->158(300)
[2025-10-13T19:25:32.407-0700][1256][info ][gc,heap     ] GC(70) Old regions: 760->914
[2025-10-13T19:25:32.407-0700][1256][info ][gc,heap     ] GC(70) Humongous regions: 12->0
[2025-10-13T19:25:32.407-0700][1256][info ][gc,metaspace] GC(70) Metaspace: 311086K(315904K)->311086K(315904K) NonClass: 273534K(276096K)->273534K(276096K) Class: 37551K(39808K)->37551K(39808K)
[2025-10-13T19:25:32.407-0700][1256][info ][gc          ] GC(70) Pause Young (Normal) (G1 Evacuation Pause) 101435M->34270M(184320M) 195.963ms
[2025-10-13T19:25:32.409-0700][1256][info ][gc,cpu      ] GC(70) User=18.84s Sys=0.23s Real=0.19s
[2025-10-13T19:25:32.410-0700][1256][info ][safepoint   ] Safepoint "G1CollectForAllocation", Time since last: 424022514 ns, Reaching safepoint: 796987 ns, Cleanup: 14462 ns, At safepoint: 200652522 ns, Total: 201463971 ns
[2025-10-13T19:25:33.412-0700][1256][info ][safepoint   ] Safepoint "Cleanup", Time since last: 1000087389 ns, Reaching safepoint: 799380 ns, Cleanup: 30417 ns, At safepoint: 369429 ns, Total: 1199226 ns
[2025-10-13T19:25:34.413-0700][1256][info ][safepoint   ] Safepoint "Cleanup", Time since last: 1000114921 ns, Reaching safepoint: 888375 ns, Cleanup: 23806 ns, At safepoint: 311302 ns, Total: 1223483 ns
[2025-10-13T19:25:35.435-0700][1256][info ][safepoint   ] Safepoint "Cleanup", Time since last: 1000104865 ns, Reaching safepoint: 19704557 ns, Cleanup: 23155 ns, At safepoint: 2075955 ns, Total: 21803667 ns
[2025-10-13T19:25:36.438-0700][1256][info ][safepoint   ] Safepoint "Cleanup", Time since last: 1000192648 ns, Reaching safepoint: 1398218 ns, Cleanup: 11728 ns, At safepoint: 1369925 ns, Total: 2779871 ns
[2025-10-13T19:25:37.439-0700][1256][info ][safepoint   ] Safepoint "Cleanup", Time since last: 1000123253 ns, Reaching safepoint: 853102 ns, Cleanup: 16795 ns, At safepoint: 448310 ns, Total: 1318207 ns
[2025-10-13T19:25:38.441-0700][1256][info ][safepoint   ] Safepoint "Cleanup", Time since last: 1000119287 ns, Reaching safepoint: 861344 ns, Cleanup: 42545 ns, At safepoint: 480918 ns, Total: 1384807 ns
[2025-10-13T19:25:39.443-0700][1256][info ][safepoint   ] Safepoint "Cleanup", Time since last: 1000115705 ns, Reaching safepoint: 1367242 ns, Cleanup: 59861 ns, At safepoint: 822246 ns, Total: 2249349 ns
[2025-10-13T19:25:40.445-0700][1256][info ][safepoint   ] Safepoint "Cleanup", Time since last: 1000118580 ns, Reaching safepoint: 978463 ns, Cleanup: 66431 ns, At safepoint: 665438 ns, Total: 1710332 ns
[2025-10-13T19:25:41.447-0700][1256][info ][safepoint   ] Safepoint "Cleanup", Time since last: 1000125601 ns, Reaching safepoint: 826503 ns, Cleanup: 32018 ns, At safepoint: 855366 ns, Total: 1713887 ns
[2025-10-13T19:25:42.449-0700][1256][info ][safepoint   ] Safepoint "Cleanup", Time since last: 1000125281 ns, Reaching safepoint: 829497 ns, Cleanup: 25388 ns, At safepoint: 732971 ns, Total: 1587856 ns
[2025-10-13T19:25:43.465-0700][1256][info ][safepoint   ] Safepoint "Cleanup", Time since last: 1000120143 ns, Reaching safepoint: 14450579 ns, Cleanup: 23836 ns, At safepoint: 1550119 ns, Total: 16024534 ns
[2025-10-13T19:25:44.466-0700][1256][info ][safepoint   ] Safepoint "Cleanup", Time since last: 1000129317 ns, Reaching safepoint: 849086 ns, Cleanup: 10817 ns, At safepoint: 706020 ns, Total: 1565923 ns
[2025-10-13T19:25:45.210-0700][1256][info ][gc,start    ] GC(71) Pause Young (Normal) (G1 Evacuation Pause)
[2025-10-13T19:25:45.210-0700][1256][info ][gc,task     ] GC(71) Using 113 workers of 113 for evacuation
[2025-10-13T19:25:45.225-0700][1256][debug][gc,remset   ] GC(71) Visited cards 8059392 Total dirty 54132736 (14.89%) Total old 513802240 (1.57%)
[2025-10-13T19:25:45.388-0700][1256][info ][gc,phases   ] GC(71)   Pre Evacuate Collection Set: 0.8ms
[2025-10-13T19:25:45.388-0700][1256][info ][gc,phases   ] GC(71)   Merge Heap Roots: 13.8ms
[2025-10-13T19:25:45.388-0700][1256][info ][gc,phases   ] GC(71)   Evacuate Collection Set: 149.0ms
[2025-10-13T19:25:45.388-0700][1256][info ][gc,phases   ] GC(71)   Post Evacuate Collection Set: 13.7ms
[2025-10-13T19:25:45.388-0700][1256][info ][gc,phases   ] GC(71)   Other: 0.2ms
[2025-10-13T19:25:45.388-0700][1256][debug][gc,remset   ] GC(71) Coarsening (recent): Inline->AoC 47163 (0) AoC->Howl 129 (0) Howl->Full 0 (0) Inline->AoC 385 (0) AoC->BitMap 99 (0) BitMap->Full 0 (0) 
[2025-10-13T19:25:45.388-0700][1256][debug][gc,remset   ] GC(71) Coarsening (all): Inline->AoC 611708 (11) AoC->Howl 18520 (52) Howl->Full 0 (0) Inline->AoC 86314 (13) AoC->BitMap 25356 (52) BitMap->Full 0 (0) 
[2025-10-13T19:25:45.388-0700][1256][info ][gc,heap     ] GC(71) Eden regions: 3298->0(2104)
[2025-10-13T19:25:45.388-0700][1256][info ][gc,heap     ] GC(71) Survivor regions: 158->247(432)
[2025-10-13T19:25:45.388-0700][1256][info ][gc,heap     ] GC(71) Old regions: 914->914
[2025-10-13T19:25:45.388-0700][1256][info ][gc,heap     ] GC(71) Humongous regions: 14->0
[2025-10-13T19:25:45.388-0700][1256][info ][gc,metaspace] GC(71) Metaspace: 311412K(316224K)->311412K(316224K) NonClass: 273845K(276416K)->273845K(276416K) Class: 37567K(39808K)->37567K(39808K)
[2025-10-13T19:25:45.388-0700][1256][info ][gc          ] GC(71) Pause Young (Normal) (G1 Evacuation Pause) 140254M->37116M(184320M) 177.692ms
[2025-10-13T19:25:45.390-0700][1256][info ][gc,cpu      ] GC(71) User=17.23s Sys=0.51s Real=0.17s
[2025-10-13T19:25:45.391-0700][1256][info ][safepoint   ] Safepoint "G1CollectForAllocation", Time since last: 741346421 ns, Reaching safepoint: 771519 ns, Cleanup: 16675 ns, At safepoint: 182510348 ns, Total: 183298542 ns
[2025-10-13T19:25:46.393-0700][1256][info ][safepoint   ] Safepoint "Cleanup", Time since last: 1000100543 ns, Reaching safepoint: 990280 ns, Cleanup: 76787 ns, At safepoint: 262678 ns, Total: 1329745 ns
[2025-10-13T19:25:47.394-0700][1256][info ][safepoint   ] Safepoint "Cleanup", Time since last: 1000107143 ns, Reaching safepoint: 708714 ns, Cleanup: 9844 ns, At safepoint: 216208 ns, Total: 934766 ns
[2025-10-13T19:25:48.395-0700][1256][info ][safepoint   ] Safepoint "Cleanup", Time since last: 1000105170 ns, Reaching safepoint: 833844 ns, Cleanup: 24286 ns, At safepoint: 329930 ns, Total: 1188060 ns
[2025-10-13T19:25:49.397-0700][1256][info ][safepoint   ] Safepoint "Cleanup", Time since last: 1000111470 ns, Reaching safepoint: 1249293 ns, Cleanup: 45279 ns, At safepoint: 616855 ns, Total: 1911427 ns
[2025-10-13T19:25:50.399-0700][1256][info ][safepoint   ] Safepoint "Cleanup", Time since last: 1000109085 ns, Reaching safepoint: 809617 ns, Cleanup: 50637 ns, At safepoint: 853073 ns, Total: 1713327 ns
[2025-10-13T19:25:51.400-0700][1256][info ][safepoint   ] Safepoint "Cleanup", Time since last: 1000110938 ns, Reaching safepoint: 808185 ns, Cleanup: 45790 ns, At safepoint: 291752 ns, Total: 1145727 ns
[2025-10-13T19:25:52.401-0700][1256][info ][safepoint   ] Safepoint "Cleanup", Time since last: 1000114524 ns, Reaching safepoint: 849758 ns, Cleanup: 37737 ns, At safepoint: 262958 ns, Total: 1150453 ns
[2025-10-13T19:25:53.402-0700][1256][info ][safepoint   ] Safepoint "Cleanup", Time since last: 1000103187 ns, Reaching safepoint: 785531 ns, Cleanup: 12939 ns, At safepoint: 219373 ns, Total: 1017843 ns
[2025-10-13T19:25:54.404-0700][1256][info ][safepoint   ] Safepoint "Cleanup", Time since last: 1000100212 ns, Reaching safepoint: 1565372 ns, Cleanup: 14913 ns, At safepoint: 388348 ns, Total: 1968633 ns
[2025-10-13T19:25:55.023-0700][1256][info ][gc,start    ] GC(72) Pause Young (Normal) (G1 Evacuation Pause)
[2025-10-13T19:25:55.023-0700][1256][info ][gc,task     ] GC(72) Using 113 workers of 113 for evacuation
[2025-10-13T19:25:55.036-0700][1256][debug][gc,remset   ] GC(72) Visited cards 8069376 Total dirty 54001664 (14.94%) Total old 374079488 (2.16%)
[2025-10-13T19:25:55.189-0700][1256][info ][gc,phases   ] GC(72)   Pre Evacuate Collection Set: 0.8ms
[2025-10-13T19:25:55.189-0700][1256][info ][gc,phases   ] GC(72)   Merge Heap Roots: 12.8ms
[2025-10-13T19:25:55.189-0700][1256][info ][gc,phases   ] GC(72)   Evacuate Collection Set: 140.6ms
[2025-10-13T19:25:55.189-0700][1256][info ][gc,phases   ] GC(72)   Post Evacuate Collection Set: 12.2ms
[2025-10-13T19:25:55.189-0700][1256][info ][gc,phases   ] GC(72)   Other: 0.2ms
[2025-10-13T19:25:55.189-0700][1256][debug][gc,remset   ] GC(72) Coarsening (recent): Inline->AoC 47315 (0) AoC->Howl 82 (2) Howl->Full 0 (0) Inline->AoC 298 (2) AoC->BitMap 62 (5) BitMap->Full 0 (0) 
[2025-10-13T19:25:55.189-0700][1256][debug][gc,remset   ] GC(72) Coarsening (all): Inline->AoC 659023 (11) AoC->Howl 18602 (54) Howl->Full 0 (0) Inline->AoC 86612 (15) AoC->BitMap 25418 (57) BitMap->Full 0 (0) 
[2025-10-13T19:25:55.189-0700][1256][info ][gc,heap     ] GC(72) Eden regions: 2146->0(3292)
[2025-10-13T19:25:55.189-0700][1256][info ][gc,heap     ] GC(72) Survivor regions: 247->164(300)
[2025-10-13T19:25:55.189-0700][1256][info ][gc,heap     ] GC(72) Old regions: 914->1005
[2025-10-13T19:25:55.189-0700][1256][info ][gc,heap     ] GC(72) Humongous regions: 8->0
[2025-10-13T19:25:55.189-0700][1256][info ][gc,metaspace] GC(72) Metaspace: 311708K(316544K)->311708K(316544K) NonClass: 274113K(276672K)->274113K(276672K) Class: 37594K(39872K)->37594K(39872K)
[2025-10-13T19:25:55.189-0700][1256][info ][gc          ] GC(72) Pause Young (Normal) (G1 Evacuation Pause) 106044M->37387M(184320M) 166.734ms
[2025-10-13T19:25:55.191-0700][1256][info ][gc,cpu      ] GC(72) User=15.82s Sys=0.14s Real=0.17s
[2025-10-13T19:25:55.192-0700][1256][info ][safepoint   ] Safepoint "G1CollectForAllocation", Time since last: 611299340 ns, Reaching safepoint: 5180321 ns, Cleanup: 39279 ns, At safepoint: 171473131 ns, Total: 176692731 ns
[2025-10-13T19:25:56.195-0700][1256][info ][safepoint   ] Safepoint "Cleanup", Time since last: 1000137789 ns, Reaching safepoint: 1262914 ns, Cleanup: 166823 ns, At safepoint: 832312 ns, Total: 2262049 ns
[2025-10-13T19:25:57.197-0700][1256][info ][safepoint   ] Safepoint "Cleanup", Time since last: 1000144429 ns, Reaching safepoint: 827364 ns, Cleanup: 25709 ns, At safepoint: 951682 ns, Total: 1804755 ns
[2025-10-13T19:25:58.215-0700][1256][info ][safepoint   ] Safepoint "Cleanup", Time since last: 1000113182 ns, Reaching safepoint: 15534352 ns, Cleanup: 16975 ns, At safepoint: 2304823 ns, Total: 17856150 ns
[2025-10-13T19:25:59.217-0700][1256][info ][safepoint   ] Safepoint "Cleanup", Time since last: 1000131610 ns, Reaching safepoint: 1006906 ns, Cleanup: 31257 ns, At safepoint: 1491391 ns, Total: 2529554 ns
[2025-10-13T19:26:00.219-0700][1256][info ][safepoint   ] Safepoint "Cleanup", Time since last: 1000123016 ns, Reaching safepoint: 881326 ns, Cleanup: 23886 ns, At safepoint: 743918 ns, Total: 1649130 ns
[2025-10-13T19:26:01.222-0700][1256][info ][safepoint   ] Safepoint "Cleanup", Time since last: 1000139902 ns, Reaching safepoint: 1045114 ns, Cleanup: 14272 ns, At safepoint: 1395815 ns, Total: 2455201 ns
[2025-10-13T19:26:03.210-0700][1256][info ][safepoint   ] Safepoint "Cleanup", Time since last: 1986543578 ns, Reaching safepoint: 863429 ns, Cleanup: 116186 ns, At safepoint: 458805 ns, Total: 1438420 ns
[2025-10-13T19:26:04.211-0700][1256][info ][safepoint   ] Safepoint "Cleanup", Time since last: 1000131630 ns, Reaching safepoint: 699410 ns, Cleanup: 13060 ns, At safepoint: 215056 ns, Total: 927526 ns
[2025-10-13T19:26:05.212-0700][1256][info ][safepoint   ] Safepoint "Cleanup", Time since last: 1000101544 ns, Reaching safepoint: 939544 ns, Cleanup: 21032 ns, At safepoint: 184549 ns, Total: 1145125 ns
[2025-10-13T19:26:06.213-0700][1256][info ][safepoint   ] Safepoint "Cleanup", Time since last: 1000107704 ns, Reaching safepoint: 845411 ns, Cleanup: 13331 ns, At safepoint: 150317 ns, Total: 1009059 ns
[2025-10-13T19:26:07.076-0700][1256][info ][gc,start    ] GC(73) Pause Young (Normal) (G1 Evacuation Pause)
[2025-10-13T19:26:07.076-0700][1256][info ][gc,task     ] GC(73) Using 113 workers of 113 for evacuation
[2025-10-13T19:26:07.090-0700][1256][debug][gc,remset   ] GC(73) Visited cards 8255488 Total dirty 59506688 (13.87%) Total old 519569408 (1.59%)
[2025-10-13T19:26:07.244-0700][1256][info ][gc,phases   ] GC(73)   Pre Evacuate Collection Set: 0.8ms
[2025-10-13T19:26:07.244-0700][1256][info ][gc,phases   ] GC(73)   Merge Heap Roots: 12.9ms
[2025-10-13T19:26:07.244-0700][1256][info ][gc,phases   ] GC(73)   Evacuate Collection Set: 140.1ms
[2025-10-13T19:26:07.244-0700][1256][info ][gc,phases   ] GC(73)   Post Evacuate Collection Set: 13.6ms
[2025-10-13T19:26:07.244-0700][1256][info ][gc,phases   ] GC(73)   Other: 0.2ms
[2025-10-13T19:26:07.244-0700][1256][debug][gc,remset   ] GC(73) Coarsening (recent): Inline->AoC 31743 (0) AoC->Howl 105 (0) Howl->Full 0 (0) Inline->AoC 288 (0) AoC->BitMap 82 (0) BitMap->Full 0 (0) 
[2025-10-13T19:26:07.244-0700][1256][debug][gc,remset   ] GC(73) Coarsening (all): Inline->AoC 690766 (11) AoC->Howl 18707 (54) Howl->Full 0 (0) Inline->AoC 86900 (15) AoC->BitMap 25500 (57) BitMap->Full 0 (0) 
[2025-10-13T19:26:07.244-0700][1256][info ][gc,heap     ] GC(73) Eden regions: 3292->0(3237)
[2025-10-13T19:26:07.244-0700][1256][info ][gc,heap     ] GC(73) Survivor regions: 164->219(432)
[2025-10-13T19:26:07.244-0700][1256][info ][gc,heap     ] GC(73) Old regions: 1005->1005
[2025-10-13T19:26:07.244-0700][1256][info ][gc,heap     ] GC(73) Humongous regions: 11->0
[2025-10-13T19:26:07.244-0700][1256][info ][gc,metaspace] GC(73) Metaspace: 311864K(316800K)->311864K(316800K) NonClass: 274251K(276864K)->274251K(276864K) Class: 37612K(39936K)->37612K(39936K)
[2025-10-13T19:26:07.244-0700][1256][info ][gc          ] GC(73) Pause Young (Normal) (G1 Evacuation Pause) 143083M->39153M(184320M) 167.707ms
[2025-10-13T19:26:07.245-0700][1256][info ][gc,cpu      ] GC(73) User=14.25s Sys=0.30s Real=0.17s
[2025-10-13T19:26:07.247-0700][1256][info ][safepoint   ] Safepoint "G1CollectForAllocation", Time since last: 860188692 ns, Reaching safepoint: 856358 ns, Cleanup: 42765 ns, At safepoint: 172314866 ns, Total: 173213989 ns
[2025-10-13T19:26:08.248-0700][1256][info ][safepoint   ] Safepoint "Cleanup", Time since last: 1000112561 ns, Reaching safepoint: 765140 ns, Cleanup: 56936 ns, At safepoint: 135726 ns, Total: 957802 ns
[2025-10-13T19:26:09.273-0700][1256][info ][safepoint   ] Safepoint "Cleanup", Time since last: 1000107894 ns, Reaching safepoint: 23983255 ns, Cleanup: 29205 ns, At safepoint: 1582999 ns, Total: 25595459 ns
[2025-10-13T19:26:10.280-0700][1256][info ][safepoint   ] Safepoint "Cleanup", Time since last: 1000113142 ns, Reaching safepoint: 3966951 ns, Cleanup: 29645 ns, At safepoint: 2095105 ns, Total: 6091701 ns
[2025-10-13T19:26:11.284-0700][1256][info ][safepoint   ] Safepoint "Cleanup", Time since last: 1000123599 ns, Reaching safepoint: 1915843 ns, Cleanup: 30426 ns, At safepoint: 2084800 ns, Total: 4031069 ns
[2025-10-13T19:26:12.286-0700][1256][info ][safepoint   ] Safepoint "Cleanup", Time since last: 1000148145 ns, Reaching safepoint: 925753 ns, Cleanup: 49986 ns, At safepoint: 1205066 ns, Total: 2180805 ns
[2025-10-13T19:26:13.289-0700][1256][info ][safepoint   ] Safepoint "Cleanup", Time since last: 1000119321 ns, Reaching safepoint: 1076381 ns, Cleanup: 44378 ns, At safepoint: 1811275 ns, Total: 2932034 ns
[2025-10-13T19:26:14.291-0700][1256][info ][safepoint   ] Safepoint "Cleanup", Time since last: 1000183909 ns, Reaching safepoint: 725870 ns, Cleanup: 43426 ns, At safepoint: 962478 ns, Total: 1731774 ns
[2025-10-13T19:26:15.293-0700][1256][info ][safepoint   ] Safepoint "Cleanup", Time since last: 1000114023 ns, Reaching safepoint: 808546 ns, Cleanup: 25619 ns, At safepoint: 1177744 ns, Total: 2011909 ns
[2025-10-13T19:26:16.295-0700][1256][info ][safepoint   ] Safepoint "Cleanup", Time since last: 1000081554 ns, Reaching safepoint: 928177 ns, Cleanup: 12829 ns, At safepoint: 860985 ns, Total: 1801991 ns
[2025-10-13T19:26:18.155-0700][1256][info ][gc,start    ] GC(74) Pause Young (Normal) (G1 Evacuation Pause)
[2025-10-13T19:26:18.155-0700][1256][info ][gc,task     ] GC(74) Using 113 workers of 113 for evacuation
[2025-10-13T19:26:18.170-0700][1256][debug][gc,remset   ] GC(74) Visited cards 8285952 Total dirty 59768832 (13.86%) Total old 519438336 (1.60%)
[2025-10-13T19:26:18.335-0700][1256][info ][gc,phases   ] GC(74)   Pre Evacuate Collection Set: 0.8ms
[2025-10-13T19:26:18.335-0700][1256][info ][gc,phases   ] GC(74)   Merge Heap Roots: 13.8ms
[2025-10-13T19:26:18.335-0700][1256][info ][gc,phases   ] GC(74)   Evacuate Collection Set: 150.6ms
[2025-10-13T19:26:18.335-0700][1256][info ][gc,phases   ] GC(74)   Post Evacuate Collection Set: 14.4ms
[2025-10-13T19:26:18.335-0700][1256][info ][gc,phases   ] GC(74)   Other: 0.2ms
[2025-10-13T19:26:18.335-0700][1256][debug][gc,remset   ] GC(74) Coarsening (recent): Inline->AoC 49116 (0) AoC->Howl 54 (0) Howl->Full 0 (0) Inline->AoC 267 (0) AoC->BitMap 30 (0) BitMap->Full 0 (0) 
[2025-10-13T19:26:18.335-0700][1256][debug][gc,remset   ] GC(74) Coarsening (all): Inline->AoC 739882 (11) AoC->Howl 18761 (54) Howl->Full 0 (0) Inline->AoC 87167 (15) AoC->BitMap 25530 (57) BitMap->Full 0 (0) 
[2025-10-13T19:26:18.335-0700][1256][info ][gc,heap     ] GC(74) Eden regions: 3237->0(2488)
[2025-10-13T19:26:18.335-0700][1256][info ][gc,heap     ] GC(74) Survivor regions: 219->264(432)
[2025-10-13T19:26:18.335-0700][1256][info ][gc,heap     ] GC(74) Old regions: 1005->1005
[2025-10-13T19:26:18.335-0700][1256][info ][gc,heap     ] GC(74) Humongous regions: 9->0
[2025-10-13T19:26:18.335-0700][1256][info ][gc,metaspace] GC(74) Metaspace: 312412K(317312K)->312412K(317312K) NonClass: 274716K(277312K)->274716K(277312K) Class: 37695K(40000K)->37695K(40000K)
[2025-10-13T19:26:18.335-0700][1256][info ][gc          ] GC(74) Pause Young (Normal) (G1 Evacuation Pause) 143025M->40607M(184320M) 179.869ms
[2025-10-13T19:26:18.337-0700][1256][info ][gc,cpu      ] GC(74) User=17.67s Sys=0.40s Real=0.18s
[2025-10-13T19:26:18.338-0700][1256][info ][safepoint   ] Safepoint "G1CollectForAllocation", Time since last: 1857575222 ns, Reaching safepoint: 932884 ns, Cleanup: 11698 ns, At safepoint: 184760637 ns, Total: 185705219 ns
[2025-10-13T19:26:19.339-0700][1256][info ][safepoint   ] Safepoint "Cleanup", Time since last: 1000098981 ns, Reaching safepoint: 703205 ns, Cleanup: 15904 ns, At safepoint: 136257 ns, Total: 855366 ns
[2025-10-13T19:26:20.340-0700][1256][info ][safepoint   ] Safepoint "Cleanup", Time since last: 1000100833 ns, Reaching safepoint: 696005 ns, Cleanup: 20311 ns, At safepoint: 330801 ns, Total: 1047117 ns
[2025-10-13T19:26:23.349-0700][1256][info ][safepoint   ] Safepoint "Cleanup", Time since last: 3000235819 ns, Reaching safepoint: 6350814 ns, Cleanup: 20301 ns, At safepoint: 2153303 ns, Total: 8524418 ns
[2025-10-13T19:26:25.351-0700][1256][info ][safepoint   ] Safepoint "Cleanup", Time since last: 2000194476 ns, Reaching safepoint: 883379 ns, Cleanup: 13991 ns, At safepoint: 1136522 ns, Total: 2033892 ns
[2025-10-13T19:26:27.353-0700][1256][info ][safepoint   ] Safepoint "Cleanup", Time since last: 2000167755 ns, Reaching safepoint: 818441 ns, Cleanup: 17616 ns, At safepoint: 664888 ns, Total: 1500945 ns
[2025-10-13T19:26:29.355-0700][1256][info ][safepoint   ] Safepoint "Cleanup", Time since last: 2000152973 ns, Reaching safepoint: 845090 ns, Cleanup: 15584 ns, At safepoint: 785611 ns, Total: 1646285 ns
[2025-10-13T19:26:30.357-0700][1256][info ][safepoint   ] Safepoint "Cleanup", Time since last: 1000110207 ns, Reaching safepoint: 866113 ns, Cleanup: 11087 ns, At safepoint: 984582 ns, Total: 1861782 ns
[2025-10-13T19:26:30.363-0700][1256][info ][gc,start    ] GC(75) Pause Young (Normal) (G1 Evacuation Pause)
[2025-10-13T19:26:30.363-0700][1256][info ][gc,task     ] GC(75) Using 113 workers of 113 for evacuation
[2025-10-13T19:26:30.377-0700][1256][debug][gc,remset   ] GC(75) Visited cards 8333312 Total dirty 59637760 (13.97%) Total old 439681024 (1.90%)
[2025-10-13T19:26:30.562-0700][1256][info ][gc,phases   ] GC(75)   Pre Evacuate Collection Set: 0.8ms
[2025-10-13T19:26:30.562-0700][1256][info ][gc,phases   ] GC(75)   Merge Heap Roots: 13.2ms
[2025-10-13T19:26:30.562-0700][1256][info ][gc,phases   ] GC(75)   Evacuate Collection Set: 170.9ms
[2025-10-13T19:26:30.562-0700][1256][info ][gc,phases   ] GC(75)   Post Evacuate Collection Set: 14.5ms
[2025-10-13T19:26:30.562-0700][1256][info ][gc,phases   ] GC(75)   Other: 0.2ms
[2025-10-13T19:26:30.562-0700][1256][debug][gc,remset   ] GC(75) Coarsening (recent): Inline->AoC 33581 (0) AoC->Howl 106 (0) Howl->Full 0 (0) Inline->AoC 447 (0) AoC->BitMap 76 (0) BitMap->Full 0 (0) 
[2025-10-13T19:26:30.562-0700][1256][debug][gc,remset   ] GC(75) Coarsening (all): Inline->AoC 773463 (11) AoC->Howl 18867 (54) Howl->Full 0 (0) Inline->AoC 87614 (15) AoC->BitMap 25606 (57) BitMap->Full 0 (0) 
[2025-10-13T19:26:30.562-0700][1256][info ][gc,heap     ] GC(75) Eden regions: 2586->0(3245)
[2025-10-13T19:26:30.562-0700][1256][info ][gc,heap     ] GC(75) Survivor regions: 264->211(357)
[2025-10-13T19:26:30.562-0700][1256][info ][gc,heap     ] GC(75) Old regions: 1005->1079
[2025-10-13T19:26:30.562-0700][1256][info ][gc,heap     ] GC(75) Humongous regions: 4->0
[2025-10-13T19:26:30.562-0700][1256][info ][gc,metaspace] GC(75) Metaspace: 312480K(317504K)->312480K(317504K) NonClass: 274778K(277440K)->274778K(277440K) Class: 37702K(40064K)->37702K(40064K)
[2025-10-13T19:26:30.562-0700][1256][info ][gc          ] GC(75) Pause Young (Normal) (G1 Evacuation Pause) 123487M->41278M(184320M) 199.774ms
[2025-10-13T19:26:30.564-0700][1256][info ][gc,cpu      ] GC(75) User=17.96s Sys=0.26s Real=0.20s
[2025-10-13T19:26:30.565-0700][1256][info ][safepoint   ] Safepoint "G1CollectForAllocation", Time since last: 3182032 ns, Reaching safepoint: 969389 ns, Cleanup: 4987 ns, At safepoint: 204463767 ns, Total: 205438143 ns
[2025-10-13T19:26:31.566-0700][1256][info ][safepoint   ] Safepoint "Cleanup", Time since last: 1000084028 ns, Reaching safepoint: 774113 ns, Cleanup: 14432 ns, At safepoint: 134063 ns, Total: 922608 ns
[2025-10-13T19:26:33.567-0700][1256][info ][safepoint   ] Safepoint "Cleanup", Time since last: 2000164621 ns, Reaching safepoint: 676976 ns, Cleanup: 10115 ns, At safepoint: 86641 ns, Total: 773732 ns
[2025-10-13T19:26:34.568-0700][1256][info ][safepoint   ] Safepoint "Cleanup", Time since last: 1000102256 ns, Reaching safepoint: 675553 ns, Cleanup: 26521 ns, At safepoint: 88734 ns, Total: 790808 ns
[2025-10-13T19:26:35.569-0700][1256][info ][safepoint   ] Safepoint "Cleanup", Time since last: 1000101905 ns, Reaching safepoint: 683416 ns, Cleanup: 16074 ns, At safepoint: 88244 ns, Total: 787734 ns
[2025-10-13T19:26:36.570-0700][1256][info ][safepoint   ] Safepoint "Cleanup", Time since last: 1000117428 ns, Reaching safepoint: 710697 ns, Cleanup: 40121 ns, At safepoint: 174364 ns, Total: 925182 ns
[2025-10-13T19:26:38.571-0700][1256][info ][safepoint   ] Safepoint "Cleanup", Time since last: 2000171601 ns, Reaching safepoint: 774494 ns, Cleanup: 15604 ns, At safepoint: 206843 ns, Total: 996941 ns
[2025-10-13T19:26:39.573-0700][1256][info ][safepoint   ] Safepoint "Cleanup", Time since last: 1000101935 ns, Reaching safepoint: 760082 ns, Cleanup: 19199 ns, At safepoint: 246303 ns, Total: 1025584 ns
[2025-10-13T19:26:41.574-0700][1256][info ][safepoint   ] Safepoint "Cleanup", Time since last: 2000177791 ns, Reaching safepoint: 781815 ns, Cleanup: 22704 ns, At safepoint: 263920 ns, Total: 1068439 ns
[2025-10-13T19:26:42.575-0700][1256][info ][safepoint   ] Safepoint "Cleanup", Time since last: 1000127624 ns, Reaching safepoint: 751348 ns, Cleanup: 11888 ns, At safepoint: 196859 ns, Total: 960095 ns
[2025-10-13T19:26:44.595-0700][1256][info ][safepoint   ] Safepoint "Cleanup", Time since last: 2000171068 ns, Reaching safepoint: 17721158 ns, Cleanup: 15213 ns, At safepoint: 1848030 ns, Total: 19584401 ns
[2025-10-13T19:26:45.597-0700][1256][info ][safepoint   ] Safepoint "Cleanup", Time since last: 1000123233 ns, Reaching safepoint: 843978 ns, Cleanup: 157809 ns, At safepoint: 1173048 ns, Total: 2174835 ns
[2025-10-13T19:26:47.599-0700][1256][info ][safepoint   ] Safepoint "Cleanup", Time since last: 2000199694 ns, Reaching safepoint: 840323 ns, Cleanup: 41934 ns, At safepoint: 685408 ns, Total: 1567665 ns
[2025-10-13T19:26:48.601-0700][1256][info ][safepoint   ] Safepoint "Cleanup", Time since last: 1000107949 ns, Reaching safepoint: 1020106 ns, Cleanup: 19099 ns, At safepoint: 1203834 ns, Total: 2243039 ns
[2025-10-13T19:26:49.603-0700][1256][info ][safepoint   ] Safepoint "Cleanup", Time since last: 1000113247 ns, Reaching safepoint: 782466 ns, Cleanup: 19439 ns, At safepoint: 843648 ns, Total: 1645553 ns
[2025-10-13T19:26:50.607-0700][1256][info ][safepoint   ] Safepoint "Cleanup", Time since last: 1000121380 ns, Reaching safepoint: 1156362 ns, Cleanup: 69595 ns, At safepoint: 3088369 ns, Total: 4314326 ns
[2025-10-13T19:26:50.704-0700][1256][info ][gc,start    ] GC(76) Pause Young (Normal) (G1 Evacuation Pause)
[2025-10-13T19:26:50.704-0700][1256][info ][gc,task     ] GC(76) Using 113 workers of 113 for evacuation
[2025-10-13T19:26:50.719-0700][1256][debug][gc,remset   ] GC(76) Visited cards 8933376 Total dirty 63111168 (14.15%) Total old 524222464 (1.70%)
[2025-10-13T19:26:50.892-0700][1256][info ][gc,phases   ] GC(76)   Pre Evacuate Collection Set: 0.7ms
[2025-10-13T19:26:50.892-0700][1256][info ][gc,phases   ] GC(76)   Merge Heap Roots: 13.9ms
[2025-10-13T19:26:50.892-0700][1256][info ][gc,phases   ] GC(76)   Evacuate Collection Set: 158.0ms
[2025-10-13T19:26:50.892-0700][1256][info ][gc,phases   ] GC(76)   Post Evacuate Collection Set: 14.5ms
[2025-10-13T19:26:50.892-0700][1256][info ][gc,phases   ] GC(76)   Other: 0.2ms
[2025-10-13T19:26:50.892-0700][1256][debug][gc,remset   ] GC(76) Coarsening (recent): Inline->AoC 56916 (0) AoC->Howl 165 (0) Howl->Full 0 (0) Inline->AoC 515 (0) AoC->BitMap 124 (0) BitMap->Full 0 (0) 
[2025-10-13T19:26:50.892-0700][1256][debug][gc,remset   ] GC(76) Coarsening (all): Inline->AoC 830379 (11) AoC->Howl 19032 (54) Howl->Full 0 (0) Inline->AoC 88129 (15) AoC->BitMap 25730 (57) BitMap->Full 0 (0) 
[2025-10-13T19:26:50.892-0700][1256][info ][gc,heap     ] GC(76) Eden regions: 3245->0(2795)
[2025-10-13T19:26:50.892-0700][1256][info ][gc,heap     ] GC(76) Survivor regions: 211->255(432)
[2025-10-13T19:26:50.892-0700][1256][info ][gc,heap     ] GC(76) Old regions: 1079->1079
[2025-10-13T19:26:50.892-0700][1256][info ][gc,heap     ] GC(76) Humongous regions: 8->0
[2025-10-13T19:26:50.892-0700][1256][info ][gc,metaspace] GC(76) Metaspace: 312755K(317824K)->312755K(317824K) NonClass: 275021K(277696K)->275021K(277696K) Class: 37733K(40128K)->37733K(40128K)
[2025-10-13T19:26:50.892-0700][1256][info ][gc          ] GC(76) Pause Young (Normal) (G1 Evacuation Pause) 145374M->42666M(184320M) 187.510ms
[2025-10-13T19:26:50.893-0700][1256][info ][gc,cpu      ] GC(76) User=16.68s Sys=0.26s Real=0.19s
[2025-10-13T19:26:50.895-0700][1256][info ][safepoint   ] Safepoint "G1CollectForAllocation", Time since last: 93965221 ns, Reaching safepoint: 1298317 ns, Cleanup: 6119 ns, At safepoint: 192086258 ns, Total: 193390694 ns
[2025-10-13T19:26:51.896-0700][1256][info ][safepoint   ] Safepoint "Cleanup", Time since last: 1000090423 ns, Reaching safepoint: 1593864 ns, Cleanup: 37547 ns, At safepoint: 205141 ns, Total: 1836552 ns
[2025-10-13T19:26:52.909-0700][1256][info ][safepoint   ] Safepoint "Cleanup", Time since last: 1000102702 ns, Reaching safepoint: 10704127 ns, Cleanup: 36896 ns, At safepoint: 1632022 ns, Total: 12373045 ns
[2025-10-13T19:26:53.910-0700][1256][info ][safepoint   ] Safepoint "Cleanup", Time since last: 1000102201 ns, Reaching safepoint: 731999 ns, Cleanup: 14111 ns, At safepoint: 616885 ns, Total: 1362995 ns
[2025-10-13T19:26:54.913-0700][1256][info ][safepoint   ] Safepoint "Cleanup", Time since last: 1000107068 ns, Reaching safepoint: 804950 ns, Cleanup: 24687 ns, At safepoint: 1133037 ns, Total: 1962674 ns
[2025-10-13T19:26:56.914-0700][1256][info ][safepoint   ] Safepoint "Cleanup", Time since last: 2000183079 ns, Reaching safepoint: 715153 ns, Cleanup: 87953 ns, At safepoint: 392735 ns, Total: 1195841 ns
[2025-10-13T19:26:57.916-0700][1256][info ][safepoint   ] Safepoint "Cleanup", Time since last: 1000104094 ns, Reaching safepoint: 1163703 ns, Cleanup: 93201 ns, At safepoint: 1172376 ns, Total: 2429280 ns
[2025-10-13T19:26:58.918-0700][1256][info ][safepoint   ] Safepoint "Cleanup", Time since last: 1000111495 ns, Reaching safepoint: 836007 ns, Cleanup: 16825 ns, At safepoint: 824189 ns, Total: 1677021 ns
[2025-10-13T19:26:59.920-0700][1256][info ][safepoint   ] Safepoint "Cleanup", Time since last: 1000115010 ns, Reaching safepoint: 821415 ns, Cleanup: 18387 ns, At safepoint: 880174 ns, Total: 1719976 ns
[2025-10-13T19:27:00.922-0700][1256][info ][safepoint   ] Safepoint "Cleanup", Time since last: 1000127870 ns, Reaching safepoint: 1506923 ns, Cleanup: 13049 ns, At safepoint: 739711 ns, Total: 2259683 ns
[2025-10-13T19:27:01.924-0700][1256][info ][safepoint   ] Safepoint "Cleanup", Time since last: 1000138416 ns, Reaching safepoint: 832411 ns, Cleanup: 49194 ns, At safepoint: 703737 ns, Total: 1585342 ns
[2025-10-13T19:27:03.230-0700][1256][info ][safepoint   ] Safepoint "Cleanup", Time since last: 1305028545 ns, Reaching safepoint: 737106 ns, Cleanup: 14833 ns, At safepoint: 189837 ns, Total: 941776 ns
[2025-10-13T19:27:04.061-0700][1256][info ][gc,start    ] GC(77) Pause Young (Normal) (G1 Evacuation Pause)
[2025-10-13T19:27:04.061-0700][1256][info ][gc,task     ] GC(77) Using 113 workers of 113 for evacuation
[2025-10-13T19:27:04.075-0700][1256][debug][gc,remset   ] GC(77) Visited cards 8985088 Total dirty 63176704 (14.22%) Total old 485359616 (1.85%)
[2025-10-13T19:27:04.251-0700][1256][info ][gc,phases   ] GC(77)   Pre Evacuate Collection Set: 0.7ms
[2025-10-13T19:27:04.251-0700][1256][info ][gc,phases   ] GC(77)   Merge Heap Roots: 13.6ms
[2025-10-13T19:27:04.251-0700][1256][info ][gc,phases   ] GC(77)   Evacuate Collection Set: 162.2ms
[2025-10-13T19:27:04.251-0700][1256][info ][gc,phases   ] GC(77)   Post Evacuate Collection Set: 14.1ms
[2025-10-13T19:27:04.251-0700][1256][info ][gc,phases   ] GC(77)   Other: 0.2ms
[2025-10-13T19:27:04.251-0700][1256][debug][gc,remset   ] GC(77) Coarsening (recent): Inline->AoC 42497 (0) AoC->Howl 79 (1) Howl->Full 0 (0) Inline->AoC 350 (0) AoC->BitMap 52 (1) BitMap->Full 0 (0) 
[2025-10-13T19:27:04.251-0700][1256][debug][gc,remset   ] GC(77) Coarsening (all): Inline->AoC 872876 (11) AoC->Howl 19111 (55) Howl->Full 0 (0) Inline->AoC 88479 (15) AoC->BitMap 25782 (58) BitMap->Full 0 (0) 
[2025-10-13T19:27:04.251-0700][1256][info ][gc,heap     ] GC(77) Eden regions: 2901->0(3238)
[2025-10-13T19:27:04.251-0700][1256][info ][gc,heap     ] GC(77) Survivor regions: 255->218(395)
[2025-10-13T19:27:04.251-0700][1256][info ][gc,heap     ] GC(77) Old regions: 1079->1154
[2025-10-13T19:27:04.251-0700][1256][info ][gc,heap     ] GC(77) Humongous regions: 15->0
[2025-10-13T19:27:04.251-0700][1256][info ][gc,metaspace] GC(77) Metaspace: 312908K(318016K)->312908K(318016K) NonClass: 275162K(277888K)->275162K(277888K) Class: 37746K(40128K)->37746K(40128K)
[2025-10-13T19:27:04.251-0700][1256][info ][gc          ] GC(77) Pause Young (Normal) (G1 Evacuation Pause) 135978M->43884M(184320M) 190.938ms
[2025-10-13T19:27:04.253-0700][1256][info ][gc,cpu      ] GC(77) User=18.08s Sys=0.34s Real=0.19s
[2025-10-13T19:27:04.254-0700][1256][info ][safepoint   ] Safepoint "G1CollectForAllocation", Time since last: 819354632 ns, Reaching safepoint: 9393642 ns, Cleanup: 14962 ns, At safepoint: 195359497 ns, Total: 204768101 ns
[2025-10-13T19:27:05.255-0700][1256][info ][safepoint   ] Safepoint "Cleanup", Time since last: 1000082992 ns, Reaching safepoint: 707862 ns, Cleanup: 17487 ns, At safepoint: 336449 ns, Total: 1061798 ns
[2025-10-13T19:27:06.257-0700][1256][info ][safepoint   ] Safepoint "Cleanup", Time since last: 1000115061 ns, Reaching safepoint: 790397 ns, Cleanup: 14051 ns, At safepoint: 310481 ns, Total: 1114929 ns
[2025-10-13T19:27:07.258-0700][1256][info ][safepoint   ] Safepoint "Cleanup", Time since last: 1000103312 ns, Reaching safepoint: 846242 ns, Cleanup: 15283 ns, At safepoint: 314527 ns, Total: 1176052 ns
[2025-10-13T19:27:10.259-0700][1256][info ][safepoint   ] Safepoint "Cleanup", Time since last: 3000222605 ns, Reaching safepoint: 884290 ns, Cleanup: 20711 ns, At safepoint: 465495 ns, Total: 1370496 ns
[2025-10-13T19:27:11.261-0700][1256][info ][safepoint   ] Safepoint "Cleanup", Time since last: 1000115191 ns, Reaching safepoint: 828455 ns, Cleanup: 41072 ns, At safepoint: 214535 ns, Total: 1084062 ns
[2025-10-13T19:27:12.264-0700][1256][info ][safepoint   ] Safepoint "Cleanup", Time since last: 1000098175 ns, Reaching safepoint: 2360266 ns, Cleanup: 159691 ns, At safepoint: 1125936 ns, Total: 3645893 ns
[2025-10-13T19:27:13.266-0700][1256][info ][safepoint   ] Safepoint "Cleanup", Time since last: 1000108981 ns, Reaching safepoint: 757308 ns, Cleanup: 13981 ns, At safepoint: 557955 ns, Total: 1329244 ns
[2025-10-13T19:27:14.268-0700][1256][info ][safepoint   ] Safepoint "Cleanup", Time since last: 1000124304 ns, Reaching safepoint: 780152 ns, Cleanup: 14893 ns, At safepoint: 839812 ns, Total: 1634857 ns
[2025-10-13T19:27:15.270-0700][1256][info ][safepoint   ] Safepoint "Cleanup", Time since last: 1000105877 ns, Reaching safepoint: 789005 ns, Cleanup: 51027 ns, At safepoint: 1000636 ns, Total: 1840668 ns
[2025-10-13T19:27:16.272-0700][1256][info ][safepoint   ] Safepoint "Cleanup", Time since last: 1000086708 ns, Reaching safepoint: 945212 ns, Cleanup: 40892 ns, At safepoint: 1620976 ns, Total: 2607080 ns
[2025-10-13T19:27:17.274-0700][1256][info ][safepoint   ] Safepoint "Cleanup", Time since last: 1000079706 ns, Reaching safepoint: 905011 ns, Cleanup: 20602 ns, At safepoint: 885952 ns, Total: 1811565 ns
[2025-10-13T19:27:18.282-0700][1256][info ][safepoint   ] Safepoint "Cleanup", Time since last: 1000124304 ns, Reaching safepoint: 6066561 ns, Cleanup: 73171 ns, At safepoint: 1617611 ns, Total: 7757343 ns
[2025-10-13T19:27:19.285-0700][1256][info ][safepoint   ] Safepoint "Cleanup", Time since last: 1000124034 ns, Reaching safepoint: 1046465 ns, Cleanup: 23636 ns, At safepoint: 1528696 ns, Total: 2598797 ns
[2025-10-13T19:27:20.287-0700][1256][info ][safepoint   ] Safepoint "Cleanup", Time since last: 1000129452 ns, Reaching safepoint: 1027687 ns, Cleanup: 45328 ns, At safepoint: 874375 ns, Total: 1947390 ns
[2025-10-13T19:27:20.437-0700][1256][info ][gc,start    ] GC(78) Pause Young (Normal) (G1 Evacuation Pause)
[2025-10-13T19:27:20.437-0700][1256][info ][gc,task     ] GC(78) Using 113 workers of 113 for evacuation
[2025-10-13T19:27:20.452-0700][1256][debug][gc,remset   ] GC(78) Visited cards 8787712 Total dirty 68091904 (12.91%) Total old 529203200 (1.66%)
[2025-10-13T19:27:20.609-0700][1256][info ][gc,phases   ] GC(78)   Pre Evacuate Collection Set: 0.7ms
[2025-10-13T19:27:20.609-0700][1256][info ][gc,phases   ] GC(78)   Merge Heap Roots: 14.4ms
[2025-10-13T19:27:20.609-0700][1256][info ][gc,phases   ] GC(78)   Evacuate Collection Set: 140.5ms
[2025-10-13T19:27:20.609-0700][1256][info ][gc,phases   ] GC(78)   Post Evacuate Collection Set: 15.8ms
[2025-10-13T19:27:20.609-0700][1256][info ][gc,phases   ] GC(78)   Other: 0.2ms
[2025-10-13T19:27:20.609-0700][1256][debug][gc,remset   ] GC(78) Coarsening (recent): Inline->AoC 58625 (0) AoC->Howl 160 (0) Howl->Full 0 (0) Inline->AoC 492 (0) AoC->BitMap 123 (0) BitMap->Full 0 (0) 
[2025-10-13T19:27:20.609-0700][1256][debug][gc,remset   ] GC(78) Coarsening (all): Inline->AoC 931501 (11) AoC->Howl 19271 (55) Howl->Full 0 (0) Inline->AoC 88971 (15) AoC->BitMap 25905 (58) BitMap->Full 0 (0) 
[2025-10-13T19:27:20.609-0700][1256][info ][gc,heap     ] GC(78) Eden regions: 3238->0(3210)
[2025-10-13T19:27:20.609-0700][1256][info ][gc,heap     ] GC(78) Survivor regions: 218->246(432)
[2025-10-13T19:27:20.609-0700][1256][info ][gc,heap     ] GC(78) Old regions: 1154->1154
[2025-10-13T19:27:20.609-0700][1256][info ][gc,heap     ] GC(78) Humongous regions: 9->0
[2025-10-13T19:27:20.609-0700][1256][info ][gc,metaspace] GC(78) Metaspace: 313040K(318144K)->313040K(318144K) NonClass: 275287K(278016K)->275287K(278016K) Class: 37752K(40128K)->37752K(40128K)
[2025-10-13T19:27:20.609-0700][1256][info ][gc          ] GC(78) Pause Young (Normal) (G1 Evacuation Pause) 147788M->44796M(184320M) 171.651ms
[2025-10-13T19:27:20.610-0700][1256][info ][gc,cpu      ] GC(78) User=16.35s Sys=0.30s Real=0.18s
[2025-10-13T19:27:20.611-0700][1256][info ][safepoint   ] Safepoint "G1CollectForAllocation", Time since last: 147821054 ns, Reaching safepoint: 735354 ns, Cleanup: 12810 ns, At safepoint: 176068089 ns, Total: 176816253 ns
[2025-10-13T19:27:21.613-0700][1256][info ][safepoint   ] Safepoint "Cleanup", Time since last: 1000085516 ns, Reaching safepoint: 781754 ns, Cleanup: 44297 ns, At safepoint: 246814 ns, Total: 1072865 ns
[2025-10-13T19:27:22.614-0700][1256][info ][safepoint   ] Safepoint "Cleanup", Time since last: 1000110443 ns, Reaching safepoint: 810518 ns, Cleanup: 20431 ns, At safepoint: 449792 ns, Total: 1280741 ns
[2025-10-13T19:27:23.616-0700][1256][info ][safepoint   ] Safepoint "Cleanup", Time since last: 1000122762 ns, Reaching safepoint: 792480 ns, Cleanup: 41123 ns, At safepoint: 669764 ns, Total: 1503367 ns
[2025-10-13T19:27:24.618-0700][1256][info ][safepoint   ] Safepoint "Cleanup", Time since last: 1000110734 ns, Reaching safepoint: 848375 ns, Cleanup: 13070 ns, At safepoint: 1039615 ns, Total: 1901060 ns
[2025-10-13T19:27:25.619-0700][1256][info ][safepoint   ] Safepoint "Cleanup", Time since last: 1000106698 ns, Reaching safepoint: 701242 ns, Cleanup: 23125 ns, At safepoint: 740582 ns, Total: 1464949 ns
[2025-10-13T19:27:26.632-0700][1256][info ][safepoint   ] Safepoint "Cleanup", Time since last: 1000112787 ns, Reaching safepoint: 10387367 ns, Cleanup: 21883 ns, At safepoint: 2549543 ns, Total: 12958793 ns
[2025-10-13T19:27:28.634-0700][1256][info ][safepoint   ] Safepoint "Cleanup", Time since last: 2000178292 ns, Reaching safepoint: 753952 ns, Cleanup: 29986 ns, At safepoint: 979043 ns, Total: 1762981 ns
[2025-10-13T19:27:29.636-0700][1256][info ][safepoint   ] Safepoint "Cleanup", Time since last: 1000113287 ns, Reaching safepoint: 735715 ns, Cleanup: 11918 ns, At safepoint: 982168 ns, Total: 1729801 ns
[2025-10-13T19:27:31.638-0700][1256][info ][safepoint   ] Safepoint "Cleanup", Time since last: 2000172153 ns, Reaching safepoint: 738098 ns, Cleanup: 15153 ns, At safepoint: 636053 ns, Total: 1389304 ns
[2025-10-13T19:27:32.639-0700][1256][info ][safepoint   ] Safepoint "Cleanup", Time since last: 1000108701 ns, Reaching safepoint: 787233 ns, Cleanup: 21783 ns, At safepoint: 889557 ns, Total: 1698573 ns
[2025-10-13T19:27:33.641-0700][1256][info ][safepoint   ] Safepoint "Cleanup", Time since last: 1000104475 ns, Reaching safepoint: 770026 ns, Cleanup: 30967 ns, At safepoint: 624186 ns, Total: 1425179 ns
[2025-10-13T19:27:34.643-0700][1256][info ][safepoint   ] Safepoint "Cleanup", Time since last: 1000108450 ns, Reaching safepoint: 772500 ns, Cleanup: 15003 ns, At safepoint: 611296 ns, Total: 1398799 ns
[2025-10-13T19:27:35.659-0700][1256][info ][safepoint   ] Safepoint "Cleanup", Time since last: 1000112767 ns, Reaching safepoint: 14475982 ns, Cleanup: 16985 ns, At safepoint: 2102085 ns, Total: 16595052 ns
[2025-10-13T19:27:36.662-0700][1256][info ][safepoint   ] Safepoint "Cleanup", Time since last: 1000122982 ns, Reaching safepoint: 796888 ns, Cleanup: 21222 ns, At safepoint: 1418268 ns, Total: 2236378 ns
[2025-10-13T19:27:36.827-0700][1256][info ][gc,start    ] GC(79) Pause Young (Normal) (G1 Evacuation Pause)
[2025-10-13T19:27:36.827-0700][1256][info ][gc,task     ] GC(79) Using 113 workers of 113 for evacuation
[2025-10-13T19:27:36.840-0700][1256][debug][gc,remset   ] GC(79) Visited cards 8851712 Total dirty 68026368 (13.01%) Total old 529465344 (1.67%)
[2025-10-13T19:27:37.022-0700][1256][info ][gc,phases   ] GC(79)   Pre Evacuate Collection Set: 0.8ms
[2025-10-13T19:27:37.022-0700][1256][info ][gc,phases   ] GC(79)   Merge Heap Roots: 12.8ms
[2025-10-13T19:27:37.022-0700][1256][info ][gc,phases   ] GC(79)   Evacuate Collection Set: 166.8ms
[2025-10-13T19:27:37.022-0700][1256][info ][gc,phases   ] GC(79)   Post Evacuate Collection Set: 14.2ms
[2025-10-13T19:27:37.022-0700][1256][info ][gc,phases   ] GC(79)   Other: 0.2ms
[2025-10-13T19:27:37.022-0700][1256][debug][gc,remset   ] GC(79) Coarsening (recent): Inline->AoC 62167 (0) AoC->Howl 139 (0) Howl->Full 0 (0) Inline->AoC 668 (0) AoC->BitMap 76 (0) BitMap->Full 0 (0) 
[2025-10-13T19:27:37.022-0700][1256][debug][gc,remset   ] GC(79) Coarsening (all): Inline->AoC 993668 (11) AoC->Howl 19410 (55) Howl->Full 0 (0) Inline->AoC 89639 (15) AoC->BitMap 25981 (58) BitMap->Full 0 (0) 
[2025-10-13T19:27:37.022-0700][1256][info ][gc,heap     ] GC(79) Eden regions: 3210->0(2847)
[2025-10-13T19:27:37.022-0700][1256][info ][gc,heap     ] GC(79) Survivor regions: 246->264(432)
[2025-10-13T19:27:37.022-0700][1256][info ][gc,heap     ] GC(79) Old regions: 1154->1191
[2025-10-13T19:27:37.022-0700][1256][info ][gc,heap     ] GC(79) Humongous regions: 13->0
[2025-10-13T19:27:37.022-0700][1256][info ][gc,metaspace] GC(79) Metaspace: 313252K(318400K)->313252K(318400K) NonClass: 275485K(278208K)->275485K(278208K) Class: 37766K(40192K)->37766K(40192K)
[2025-10-13T19:27:37.022-0700][1256][info ][gc          ] GC(79) Pause Young (Normal) (G1 Evacuation Pause) 147932M->46543M(184320M) 194.959ms
[2025-10-13T19:27:37.023-0700][1256][info ][gc,cpu      ] GC(79) User=17.96s Sys=0.37s Real=0.20s
[2025-10-13T19:27:37.025-0700][1256][info ][safepoint   ] Safepoint "G1CollectForAllocation", Time since last: 162682691 ns, Reaching safepoint: 822285 ns, Cleanup: 12800 ns, At safepoint: 199490455 ns, Total: 200325540 ns
[2025-10-13T19:27:38.026-0700][1256][info ][safepoint   ] Safepoint "Cleanup", Time since last: 1000094038 ns, Reaching safepoint: 673260 ns, Cleanup: 39881 ns, At safepoint: 146862 ns, Total: 860003 ns
[2025-10-13T19:27:41.027-0700][1256][info ][safepoint   ] Safepoint "Cleanup", Time since last: 3000233602 ns, Reaching safepoint: 795094 ns, Cleanup: 10486 ns, At safepoint: 249118 ns, Total: 1054698 ns
[2025-10-13T19:27:42.028-0700][1256][info ][safepoint   ] Safepoint "Cleanup", Time since last: 1000108881 ns, Reaching safepoint: 857969 ns, Cleanup: 15744 ns, At safepoint: 215647 ns, Total: 1089360 ns
[2025-10-13T19:27:43.029-0700][1256][info ][safepoint   ] Safepoint "Cleanup", Time since last: 1000107008 ns, Reaching safepoint: 915407 ns, Cleanup: 22554 ns, At safepoint: 370361 ns, Total: 1308322 ns
[2025-10-13T19:27:44.031-0700][1256][info ][safepoint   ] Safepoint "Cleanup", Time since last: 1000114570 ns, Reaching safepoint: 887644 ns, Cleanup: 29225 ns, At safepoint: 785870 ns, Total: 1702739 ns
[2025-10-13T19:27:45.034-0700][1256][info ][safepoint   ] Safepoint "Cleanup", Time since last: 1000233480 ns, Reaching safepoint: 1112025 ns, Cleanup: 31417 ns, At safepoint: 1160549 ns, Total: 2303991 ns
[2025-10-13T19:27:46.035-0700][1256][info ][safepoint   ] Safepoint "Cleanup", Time since last: 1000121480 ns, Reaching safepoint: 875626 ns, Cleanup: 15363 ns, At safepoint: 619359 ns, Total: 1510348 ns
[2025-10-13T19:27:47.037-0700][1256][info ][safepoint   ] Safepoint "Cleanup", Time since last: 1000115991 ns, Reaching safepoint: 794714 ns, Cleanup: 14122 ns, At safepoint: 958983 ns, Total: 1767819 ns
[2025-10-13T19:27:47.087-0700][1256][info ][gc,start    ] GC(80) Pause Young (Concurrent Start) (G1 Evacuation Pause)
[2025-10-13T19:27:47.087-0700][1256][info ][gc,task     ] GC(80) Using 113 workers of 113 for evacuation
[2025-10-13T19:27:47.101-0700][1256][debug][gc,remset   ] GC(80) Visited cards 9009152 Total dirty 69730304 (12.92%) Total old 507707392 (1.77%)
[2025-10-13T19:27:47.283-0700][1256][info ][gc,phases   ] GC(80)   Pre Evacuate Collection Set: 1.0ms
[2025-10-13T19:27:47.283-0700][1256][info ][gc,phases   ] GC(80)   Merge Heap Roots: 13.1ms
[2025-10-13T19:27:47.283-0700][1256][info ][gc,phases   ] GC(80)   Evacuate Collection Set: 166.9ms
[2025-10-13T19:27:47.283-0700][1256][info ][gc,phases   ] GC(80)   Post Evacuate Collection Set: 15.0ms
[2025-10-13T19:27:47.283-0700][1256][info ][gc,phases   ] GC(80)   Other: 0.2ms
[2025-10-13T19:27:47.283-0700][1256][debug][gc,remset   ] GC(80) Coarsening (recent): Inline->AoC 44945 (0) AoC->Howl 134 (0) Howl->Full 0 (0) Inline->AoC 464 (0) AoC->BitMap 89 (0) BitMap->Full 0 (0) 
[2025-10-13T19:27:47.283-0700][1256][debug][gc,remset   ] GC(80) Coarsening (all): Inline->AoC 1038613 (11) AoC->Howl 19544 (55) Howl->Full 0 (0) Inline->AoC 90103 (15) AoC->BitMap 26070 (58) BitMap->Full 0 (0) 
[2025-10-13T19:27:47.283-0700][1256][info ][gc,heap     ] GC(80) Eden regions: 3009->0(3215)
[2025-10-13T19:27:47.283-0700][1256][info ][gc,heap     ] GC(80) Survivor regions: 264->241(410)
[2025-10-13T19:27:47.283-0700][1256][info ][gc,heap     ] GC(80) Old regions: 1191->1250
[2025-10-13T19:27:47.283-0700][1256][info ][gc,heap     ] GC(80) Humongous regions: 10->0
[2025-10-13T19:27:47.283-0700][1256][info ][gc,metaspace] GC(80) Metaspace: 313348K(318464K)->313348K(318464K) NonClass: 275569K(278272K)->275569K(278272K) Class: 37779K(40192K)->37779K(40192K)
[2025-10-13T19:27:47.283-0700][1256][info ][gc          ] GC(80) Pause Young (Concurrent Start) (G1 Evacuation Pause) 143151M->47684M(184320M) 196.368ms
[2025-10-13T19:27:47.284-0700][1089][info ][gc          ] GC(81) Concurrent Mark Cycle
[2025-10-13T19:27:47.284-0700][1089][info ][gc,marking  ] GC(81) Concurrent Scan Root Regions
[2025-10-13T19:27:47.286-0700][1256][info ][gc,cpu      ] GC(80) User=18.53s Sys=0.34s Real=0.20s
[2025-10-13T19:27:47.287-0700][1256][info ][safepoint   ] Safepoint "G1CollectForAllocation", Time since last: 47407343 ns, Reaching safepoint: 814915 ns, Cleanup: 5118 ns, At safepoint: 201956712 ns, Total: 202776745 ns
[2025-10-13T19:27:47.409-0700][1089][info ][gc,marking  ] GC(81) Concurrent Scan Root Regions 124.958ms
[2025-10-13T19:27:47.409-0700][1089][info ][gc,marking  ] GC(81) Concurrent Mark
[2025-10-13T19:27:47.409-0700][1089][info ][gc,marking  ] GC(81) Concurrent Mark From Roots
[2025-10-13T19:27:47.409-0700][1089][info ][gc,task     ] GC(81) Using 36 workers of 36 for marking
[2025-10-13T19:27:47.608-0700][1089][info ][gc,marking  ] GC(81) Concurrent Mark From Roots 198.701ms
[2025-10-13T19:27:47.608-0700][1089][info ][gc,marking  ] GC(81) Concurrent Preclean
[2025-10-13T19:27:47.627-0700][1089][info ][gc,marking  ] GC(81) Concurrent Preclean 19.656ms
[2025-10-13T19:27:47.630-0700][1256][info ][gc,start    ] GC(81) Pause Remark
[2025-10-13T19:27:48.120-0700][1256][info ][gc,mmu      ] GC(81) MMU target violated: 201.0ms (200.0ms/201.0ms)
[2025-10-13T19:27:48.120-0700][1256][info ][gc          ] GC(81) Pause Remark 52704M->51552M(184320M) 490.431ms
[2025-10-13T19:27:48.122-0700][1256][info ][gc,cpu      ] GC(81) User=14.71s Sys=0.03s Real=0.50s
[2025-10-13T19:27:48.125-0700][1256][info ][safepoint   ] Safepoint "G1PauseRemark", Time since last: 339841301 ns, Reaching safepoint: 802857 ns, Cleanup: 15353 ns, At safepoint: 496504242 ns, Total: 497322452 ns
[2025-10-13T19:27:48.125-0700][1089][info ][gc,marking  ] GC(81) Concurrent Mark 715.908ms
[2025-10-13T19:27:48.125-0700][1089][info ][gc,marking  ] GC(81) Concurrent Rebuild Remembered Sets and Scrub Regions
[2025-10-13T19:27:48.883-0700][1089][info ][gc,marking  ] GC(81) Concurrent Rebuild Remembered Sets and Scrub Regions 757.797ms
[2025-10-13T19:27:48.900-0700][1256][info ][gc,start    ] GC(81) Pause Cleanup
[2025-10-13T19:27:48.903-0700][1256][info ][gc          ] GC(81) Pause Cleanup 59884M->59884M(184320M) 2.283ms
[2025-10-13T19:27:48.904-0700][1256][info ][gc,cpu      ] GC(81) User=0.02s Sys=0.01s Real=0.00s
[2025-10-13T19:27:48.904-0700][1256][info ][safepoint   ] Safepoint "G1PauseCleanup", Time since last: 758119468 ns, Reaching safepoint: 15471142 ns, Cleanup: 273473 ns, At safepoint: 5651324 ns, Total: 21395939 ns
[2025-10-13T19:27:48.904-0700][1089][info ][gc,marking  ] GC(81) Concurrent Clear Claimed Marks
[2025-10-13T19:27:48.905-0700][1089][info ][gc,marking  ] GC(81) Concurrent Clear Claimed Marks 0.768ms
[2025-10-13T19:27:48.905-0700][1089][info ][gc,marking  ] GC(81) Concurrent Cleanup for Next Mark
[2025-10-13T19:27:48.932-0700][1089][info ][gc,marking  ] GC(81) Concurrent Cleanup for Next Mark 27.087ms
[2025-10-13T19:27:48.932-0700][1089][info ][gc          ] GC(81) Concurrent Mark Cycle 1648.372ms
[2025-10-13T19:27:49.905-0700][1256][info ][safepoint   ] Safepoint "Cleanup", Time since last: 1000097877 ns, Reaching safepoint: 797444 ns, Cleanup: 35314 ns, At safepoint: 244880 ns, Total: 1077638 ns
[2025-10-13T19:27:50.906-0700][1256][info ][safepoint   ] Safepoint "Cleanup", Time since last: 1000103966 ns, Reaching safepoint: 797374 ns, Cleanup: 26190 ns, At safepoint: 200212 ns, Total: 1023776 ns
[2025-10-13T19:27:51.909-0700][1256][info ][safepoint   ] Safepoint "Cleanup", Time since last: 1000101353 ns, Reaching safepoint: 1811055 ns, Cleanup: 24006 ns, At safepoint: 295146 ns, Total: 2130207 ns
[2025-10-13T19:27:52.910-0700][1256][info ][safepoint   ] Safepoint "Cleanup", Time since last: 1000116556 ns, Reaching safepoint: 836563 ns, Cleanup: 74052 ns, At safepoint: 524612 ns, Total: 1435227 ns
[2025-10-13T19:27:53.912-0700][1256][info ][safepoint   ] Safepoint "Cleanup", Time since last: 1000142325 ns, Reaching safepoint: 898727 ns, Cleanup: 35293 ns, At safepoint: 501647 ns, Total: 1435667 ns
[2025-10-13T19:27:54.684-0700][1256][info ][gc,start    ] GC(82) Pause Young (Prepare Mixed) (G1 Evacuation Pause)
[2025-10-13T19:27:54.684-0700][1256][info ][gc,task     ] GC(82) Using 113 workers of 113 for evacuation
[2025-10-13T19:27:54.698-0700][1256][debug][gc,remset   ] GC(82) Visited cards 9319424 Total dirty 71958528 (12.95%) Total old 449118208 (2.08%)
[2025-10-13T19:27:54.880-0700][1256][info ][gc,phases   ] GC(82)   Pre Evacuate Collection Set: 1.0ms
[2025-10-13T19:27:54.880-0700][1256][info ][gc,phases   ] GC(82)   Merge Heap Roots: 13.6ms
[2025-10-13T19:27:54.880-0700][1256][info ][gc,phases   ] GC(82)   Evacuate Collection Set: 163.7ms
[2025-10-13T19:27:54.880-0700][1256][info ][gc,phases   ] GC(82)   Post Evacuate Collection Set: 17.9ms
[2025-10-13T19:27:54.880-0700][1256][info ][gc,phases   ] GC(82)   Other: 0.2ms
[2025-10-13T19:27:54.880-0700][1256][debug][gc,remset   ] GC(82) Coarsening (recent): Inline->AoC 155653 (1) AoC->Howl 5026 (0) Howl->Full 0 (0) Inline->AoC 19755 (0) AoC->BitMap 6863 (0) BitMap->Full 2 (0) 
[2025-10-13T19:27:54.880-0700][1256][debug][gc,remset   ] GC(82) Coarsening (all): Inline->AoC 1194266 (12) AoC->Howl 24570 (55) Howl->Full 0 (0) Inline->AoC 109858 (15) AoC->BitMap 32933 (58) BitMap->Full 2 (0) 
[2025-10-13T19:27:54.880-0700][1256][info ][gc,heap     ] GC(82) Eden regions: 2571->0(3252)
[2025-10-13T19:27:54.880-0700][1256][info ][gc,heap     ] GC(82) Survivor regions: 241->204(352)
[2025-10-13T19:27:54.880-0700][1256][info ][gc,heap     ] GC(82) Old regions: 1214->1278
[2025-10-13T19:27:54.880-0700][1256][info ][gc,heap     ] GC(82) Humongous regions: 15->0
[2025-10-13T19:27:54.880-0700][1256][info ][gc,metaspace] GC(82) Metaspace: 313292K(318464K)->313292K(318464K) NonClass: 275528K(278272K)->275528K(278272K) Class: 37763K(40192K)->37763K(40192K)
[2025-10-13T19:27:54.880-0700][1256][info ][gc          ] GC(82) Pause Young (Prepare Mixed) (G1 Evacuation Pause) 129284M->47406M(184320M) 196.635ms
[2025-10-13T19:27:54.882-0700][1256][info ][gc,cpu      ] GC(82) User=17.68s Sys=0.22s Real=0.20s
[2025-10-13T19:27:54.883-0700][1256][info ][safepoint   ] Safepoint "G1CollectForAllocation", Time since last: 768969505 ns, Reaching safepoint: 1083386 ns, Cleanup: 17016 ns, At safepoint: 201478721 ns, Total: 202579123 ns
[2025-10-13T19:27:55.885-0700][1256][info ][safepoint   ] Safepoint "Cleanup", Time since last: 1000093380 ns, Reaching safepoint: 805947 ns, Cleanup: 16445 ns, At safepoint: 335677 ns, Total: 1158069 ns
[2025-10-13T19:27:56.886-0700][1256][info ][safepoint   ] Safepoint "Cleanup", Time since last: 1000111118 ns, Reaching safepoint: 1506825 ns, Cleanup: 20191 ns, At safepoint: 168774 ns, Total: 1695790 ns
[2025-10-13T19:27:57.898-0700][1256][info ][safepoint   ] Safepoint "Cleanup", Time since last: 1000100051 ns, Reaching safepoint: 10144769 ns, Cleanup: 14973 ns, At safepoint: 1443680 ns, Total: 11603422 ns
[2025-10-13T19:27:58.900-0700][1256][info ][safepoint   ] Safepoint "Cleanup", Time since last: 1000107292 ns, Reaching safepoint: 746387 ns, Cleanup: 19419 ns, At safepoint: 606907 ns, Total: 1372713 ns
[2025-10-13T19:27:59.902-0700][1256][info ][safepoint   ] Safepoint "Cleanup", Time since last: 1000102975 ns, Reaching safepoint: 891266 ns, Cleanup: 13280 ns, At safepoint: 1032359 ns, Total: 1936905 ns
[2025-10-13T19:28:00.904-0700][1256][info ][safepoint   ] Safepoint "Cleanup", Time since last: 1000104297 ns, Reaching safepoint: 966279 ns, Cleanup: 30747 ns, At safepoint: 1023205 ns, Total: 2020231 ns
[2025-10-13T19:28:01.906-0700][1256][info ][safepoint   ] Safepoint "Cleanup", Time since last: 1000116796 ns, Reaching safepoint: 1039179 ns, Cleanup: 12028 ns, At safepoint: 1151900 ns, Total: 2203107 ns
[2025-10-13T19:28:03.259-0700][1256][info ][safepoint   ] Safepoint "Cleanup", Time since last: 1351752860 ns, Reaching safepoint: 835782 ns, Cleanup: 18578 ns, At safepoint: 261575 ns, Total: 1115935 ns
[2025-10-13T19:28:04.725-0700][1256][info ][gc,start    ] GC(83) Pause Young (Mixed) (G1 Evacuation Pause)
[2025-10-13T19:28:04.725-0700][1256][info ][gc,task     ] GC(83) Using 113 workers of 113 for evacuation
[2025-10-13T19:28:04.740-0700][1256][debug][gc,remset   ] GC(83) Visited cards 9688064 Total dirty 69402624 (13.96%) Total old 529334272 (1.83%)
[2025-10-13T19:28:04.878-0700][1256][debug][gc,remset   ] GC(83) Visited cards 952832 Total dirty 50266112 (1.90%) Total old 547487744 (0.17%)
[2025-10-13T19:28:04.900-0700][1256][info ][gc,phases   ] GC(83)   Pre Evacuate Collection Set: 0.8ms
[2025-10-13T19:28:04.900-0700][1256][info ][gc,phases   ] GC(83)   Merge Heap Roots: 13.9ms
[2025-10-13T19:28:04.900-0700][1256][info ][gc,phases   ] GC(83)   Evacuate Collection Set: 137.6ms
[2025-10-13T19:28:04.900-0700][1256][info ][gc,phases   ] GC(83)   Merge Optional Heap Roots: 0.9ms
[2025-10-13T19:28:04.900-0700][1256][info ][gc,phases   ] GC(83)   Evacuate Optional Collection Set: 5.2ms
[2025-10-13T19:28:04.900-0700][1256][info ][gc,phases   ] GC(83)   Post Evacuate Collection Set: 16.2ms
[2025-10-13T19:28:04.900-0700][1256][info ][gc,phases   ] GC(83)   Other: 0.2ms
[2025-10-13T19:28:04.900-0700][1256][debug][gc,remset   ] GC(83) Coarsening (recent): Inline->AoC 57220 (0) AoC->Howl 479 (4) Howl->Full 0 (0) Inline->AoC 1179 (1) AoC->BitMap 408 (5) BitMap->Full 0 (0) 
[2025-10-13T19:28:04.900-0700][1256][debug][gc,remset   ] GC(83) Coarsening (all): Inline->AoC 1251486 (12) AoC->Howl 25049 (59) Howl->Full 0 (0) Inline->AoC 111037 (16) AoC->BitMap 33341 (63) BitMap->Full 2 (0) 
[2025-10-13T19:28:04.900-0700][1256][info ][gc,heap     ] GC(83) Eden regions: 3119->0(1945)
[2025-10-13T19:28:04.900-0700][1256][info ][gc,heap     ] GC(83) Survivor regions: 204->240(416)
[2025-10-13T19:28:04.900-0700][1256][info ][gc,heap     ] GC(83) Old regions: 1278->1123
[2025-10-13T19:28:04.900-0700][1256][info ][gc,heap     ] GC(83) Humongous regions: 15->1
[2025-10-13T19:28:04.900-0700][1256][info ][gc,metaspace] GC(83) Metaspace: 313337K(318464K)->313337K(318464K) NonClass: 275572K(278272K)->275572K(278272K) Class: 37764K(40192K)->37764K(40192K)
[2025-10-13T19:28:04.900-0700][1256][info ][gc          ] GC(83) Pause Young (Mixed) (G1 Evacuation Pause) 147694M->43637M(184320M) 175.062ms
[2025-10-13T19:28:04.902-0700][1256][info ][gc,cpu      ] GC(83) User=17.20s Sys=0.46s Real=0.18s
[2025-10-13T19:28:04.903-0700][1256][info ][safepoint   ] Safepoint "G1CollectForAllocation", Time since last: 1463371209 ns, Reaching safepoint: 828401 ns, Cleanup: 21192 ns, At safepoint: 179552581 ns, Total: 180402174 ns
[2025-10-13T19:28:05.904-0700][1256][info ][safepoint   ] Safepoint "Cleanup", Time since last: 1000095795 ns, Reaching safepoint: 835852 ns, Cleanup: 13100 ns, At safepoint: 181654 ns, Total: 1030606 ns
[2025-10-13T19:28:06.905-0700][1256][info ][safepoint   ] Safepoint "Cleanup", Time since last: 1000104087 ns, Reaching safepoint: 796653 ns, Cleanup: 12739 ns, At safepoint: 293974 ns, Total: 1103366 ns
[2025-10-13T19:28:07.906-0700][1256][info ][safepoint   ] Safepoint "Cleanup", Time since last: 1000108764 ns, Reaching safepoint: 721770 ns, Cleanup: 27972 ns, At safepoint: 203468 ns, Total: 953210 ns
[2025-10-13T19:28:08.907-0700][1256][info ][safepoint   ] Safepoint "Cleanup", Time since last: 1000068924 ns, Reaching safepoint: 771585 ns, Cleanup: 19429 ns, At safepoint: 264479 ns, Total: 1055493 ns
[2025-10-13T19:28:09.909-0700][1256][info ][safepoint   ] Safepoint "Cleanup", Time since last: 1000103346 ns, Reaching safepoint: 844816 ns, Cleanup: 16715 ns, At safepoint: 549139 ns, Total: 1410670 ns
[2025-10-13T19:28:11.574-0700][1256][info ][gc,start    ] GC(84) Pause Young (Mixed) (G1 Evacuation Pause)
[2025-10-13T19:28:11.574-0700][1256][info ][gc,task     ] GC(84) Using 113 workers of 113 for evacuation
[2025-10-13T19:28:11.588-0700][1256][debug][gc,remset   ] GC(84) Visited cards 9437952 Total dirty 64094208 (14.73%) Total old 395575296 (2.39%)
[2025-10-13T19:28:11.774-0700][1256][info ][gc,phases   ] GC(84)   Pre Evacuate Collection Set: 0.7ms
[2025-10-13T19:28:11.774-0700][1256][info ][gc,phases   ] GC(84)   Merge Heap Roots: 12.8ms
[2025-10-13T19:28:11.774-0700][1256][info ][gc,phases   ] GC(84)   Evacuate Collection Set: 168.1ms
[2025-10-13T19:28:11.774-0700][1256][info ][gc,phases   ] GC(84)   Post Evacuate Collection Set: 17.8ms
[2025-10-13T19:28:11.774-0700][1256][info ][gc,phases   ] GC(84)   Other: 0.2ms
[2025-10-13T19:28:11.774-0700][1256][debug][gc,remset   ] GC(84) Coarsening (recent): Inline->AoC 42216 (0) AoC->Howl 200 (0) Howl->Full 0 (0) Inline->AoC 738 (0) AoC->BitMap 131 (0) BitMap->Full 0 (0) 
[2025-10-13T19:28:11.774-0700][1256][debug][gc,remset   ] GC(84) Coarsening (all): Inline->AoC 1293702 (12) AoC->Howl 25249 (59) Howl->Full 0 (0) Inline->AoC 111775 (16) AoC->BitMap 33472 (63) BitMap->Full 2 (0) 
[2025-10-13T19:28:11.774-0700][1256][info ][gc,heap     ] GC(84) Eden regions: 2175->0(2183)
[2025-10-13T19:28:11.774-0700][1256][info ][gc,heap     ] GC(84) Survivor regions: 240->218(302)
[2025-10-13T19:28:11.774-0700][1256][info ][gc,heap     ] GC(84) Old regions: 1123->1136
[2025-10-13T19:28:11.774-0700][1256][info ][gc,heap     ] GC(84) Humongous regions: 12->0
[2025-10-13T19:28:11.774-0700][1256][info ][gc,metaspace] GC(84) Metaspace: 313349K(318464K)->313349K(318464K) NonClass: 275584K(278272K)->275584K(278272K) Class: 37764K(40192K)->37764K(40192K)
[2025-10-13T19:28:11.774-0700][1256][info ][gc          ] GC(84) Pause Young (Mixed) (G1 Evacuation Pause) 113589M->43308M(184320M) 199.728ms
[2025-10-13T19:28:11.775-0700][1256][info ][gc,cpu      ] GC(84) User=19.11s Sys=0.23s Real=0.20s
[2025-10-13T19:28:11.777-0700][1256][info ][safepoint   ] Safepoint "G1CollectForAllocation", Time since last: 1662534183 ns, Reaching safepoint: 849944 ns, Cleanup: 38638 ns, At safepoint: 204438600 ns, Total: 205327182 ns
[2025-10-13T19:28:12.778-0700][1256][info ][safepoint   ] Safepoint "Cleanup", Time since last: 1000089826 ns, Reaching safepoint: 750273 ns, Cleanup: 19429 ns, At safepoint: 110878 ns, Total: 880580 ns
[2025-10-13T19:28:13.779-0700][1256][info ][safepoint   ] Safepoint "Cleanup", Time since last: 1000111037 ns, Reaching safepoint: 761670 ns, Cleanup: 10636 ns, At safepoint: 160823 ns, Total: 933129 ns
[2025-10-13T19:28:14.780-0700][1256][info ][safepoint   ] Safepoint "Cleanup", Time since last: 1000105319 ns, Reaching safepoint: 909283 ns, Cleanup: 19980 ns, At safepoint: 270919 ns, Total: 1200182 ns
[2025-10-13T19:28:15.782-0700][1256][info ][safepoint   ] Safepoint "Cleanup", Time since last: 1000108083 ns, Reaching safepoint: 1186252 ns, Cleanup: 15573 ns, At safepoint: 464552 ns, Total: 1666377 ns
[2025-10-13T19:28:16.783-0700][1256][info ][safepoint   ] Safepoint "Cleanup", Time since last: 1000110737 ns, Reaching safepoint: 819297 ns, Cleanup: 18708 ns, At safepoint: 675260 ns, Total: 1513265 ns
[2025-10-13T19:28:18.785-0700][1256][info ][safepoint   ] Safepoint "Cleanup", Time since last: 2000167702 ns, Reaching safepoint: 841221 ns, Cleanup: 17276 ns, At safepoint: 481908 ns, Total: 1340405 ns
[2025-10-13T19:28:19.387-0700][1256][info ][gc,start    ] GC(85) Pause Young (Mixed) (G1 Evacuation Pause)
[2025-10-13T19:28:19.387-0700][1256][info ][gc,task     ] GC(85) Using 113 workers of 113 for evacuation
[2025-10-13T19:28:19.401-0700][1256][debug][gc,remset   ] GC(85) Visited cards 10195712 Total dirty 65536000 (15.56%) Total old 407699456 (2.50%)
[2025-10-13T19:28:19.575-0700][1256][info ][gc,phases   ] GC(85)   Pre Evacuate Collection Set: 0.8ms
[2025-10-13T19:28:19.575-0700][1256][info ][gc,phases   ] GC(85)   Merge Heap Roots: 12.9ms
[2025-10-13T19:28:19.575-0700][1256][info ][gc,phases   ] GC(85)   Evacuate Collection Set: 159.9ms
[2025-10-13T19:28:19.575-0700][1256][info ][gc,phases   ] GC(85)   Post Evacuate Collection Set: 13.5ms
[2025-10-13T19:28:19.575-0700][1256][info ][gc,phases   ] GC(85)   Other: 0.2ms
[2025-10-13T19:28:19.575-0700][1256][debug][gc,remset   ] GC(85) Coarsening (recent): Inline->AoC 41043 (0) AoC->Howl 554 (0) Howl->Full 0 (0) Inline->AoC 1414 (0) AoC->BitMap 500 (0) BitMap->Full 0 (0) 
[2025-10-13T19:28:19.575-0700][1256][debug][gc,remset   ] GC(85) Coarsening (all): Inline->AoC 1334745 (12) AoC->Howl 25803 (59) Howl->Full 0 (0) Inline->AoC 113189 (16) AoC->BitMap 33972 (63) BitMap->Full 2 (0) 
[2025-10-13T19:28:19.575-0700][1256][info ][gc,heap     ] GC(85) Eden regions: 2284->0(2983)
[2025-10-13T19:28:19.575-0700][1256][info ][gc,heap     ] GC(85) Survivor regions: 218->200(313)
[2025-10-13T19:28:19.575-0700][1256][info ][gc,heap     ] GC(85) Old regions: 1136->1117
[2025-10-13T19:28:19.575-0700][1256][info ][gc,heap     ] GC(85) Humongous regions: 10->0
[2025-10-13T19:28:19.575-0700][1256][info ][gc,metaspace] GC(85) Metaspace: 313396K(318528K)->313396K(318528K) NonClass: 275630K(278336K)->275630K(278336K) Class: 37765K(40192K)->37765K(40192K)
[2025-10-13T19:28:19.575-0700][1256][info ][gc          ] GC(85) Pause Young (Mixed) (G1 Evacuation Pause) 116716M->42131M(184320M) 187.448ms
[2025-10-13T19:28:19.576-0700][1256][info ][gc,cpu      ] GC(85) User=15.53s Sys=0.33s Real=0.19s
[2025-10-13T19:28:19.578-0700][1256][info ][safepoint   ] Safepoint "G1CollectForAllocation", Time since last: 599662694 ns, Reaching safepoint: 966950 ns, Cleanup: 22514 ns, At safepoint: 192382676 ns, Total: 193372140 ns
[2025-10-13T19:28:20.579-0700][1256][info ][safepoint   ] Safepoint "Cleanup", Time since last: 1000101413 ns, Reaching safepoint: 821150 ns, Cleanup: 18397 ns, At safepoint: 290629 ns, Total: 1130176 ns
[2025-10-13T19:28:21.580-0700][1256][info ][safepoint   ] Safepoint "Cleanup", Time since last: 1000123887 ns, Reaching safepoint: 866388 ns, Cleanup: 20311 ns, At safepoint: 321756 ns, Total: 1208455 ns
[2025-10-13T19:28:22.582-0700][1256][info ][safepoint   ] Safepoint "Cleanup", Time since last: 1000118589 ns, Reaching safepoint: 977646 ns, Cleanup: 12168 ns, At safepoint: 514618 ns, Total: 1504432 ns
[2025-10-13T19:28:23.583-0700][1256][info ][safepoint   ] Safepoint "Cleanup", Time since last: 1000113981 ns, Reaching safepoint: 884496 ns, Cleanup: 22234 ns, At safepoint: 373684 ns, Total: 1280414 ns
[2025-10-13T19:28:24.585-0700][1256][info ][safepoint   ] Safepoint "Cleanup", Time since last: 1000101393 ns, Reaching safepoint: 838726 ns, Cleanup: 14763 ns, At safepoint: 886659 ns, Total: 1740148 ns
[2025-10-13T19:28:25.588-0700][1256][info ][safepoint   ] Safepoint "Cleanup", Time since last: 1000112419 ns, Reaching safepoint: 973080 ns, Cleanup: 11377 ns, At safepoint: 1188925 ns, Total: 2173382 ns
[2025-10-13T19:28:26.592-0700][1256][info ][safepoint   ] Safepoint "Cleanup", Time since last: 1000115584 ns, Reaching safepoint: 2826679 ns, Cleanup: 18017 ns, At safepoint: 1335777 ns, Total: 4180473 ns
[2025-10-13T19:28:27.594-0700][1256][info ][safepoint   ] Safepoint "Cleanup", Time since last: 1000095534 ns, Reaching safepoint: 954632 ns, Cleanup: 9744 ns, At safepoint: 861972 ns, Total: 1826348 ns
[2025-10-13T19:28:28.596-0700][1256][info ][safepoint   ] Safepoint "Cleanup", Time since last: 1000112620 ns, Reaching safepoint: 980210 ns, Cleanup: 29124 ns, At safepoint: 845827 ns, Total: 1855161 ns
[2025-10-13T19:28:29.229-0700][1256][info ][gc,start    ] GC(86) Pause Young (Mixed) (G1 Evacuation Pause)
[2025-10-13T19:28:29.230-0700][1256][info ][gc,task     ] GC(86) Using 113 workers of 113 for evacuation
[2025-10-13T19:28:29.243-0700][1256][debug][gc,remset   ] GC(86) Visited cards 10771456 Total dirty 64356352 (16.74%) Total old 495976448 (2.17%)
[2025-10-13T19:28:29.371-0700][1256][debug][gc,remset   ] GC(86) Visited cards 475136 Total dirty 39387136 (1.21%) Total old 511574016 (0.09%)
[2025-10-13T19:28:29.391-0700][1256][info ][gc,phases   ] GC(86)   Pre Evacuate Collection Set: 0.7ms
[2025-10-13T19:28:29.391-0700][1256][info ][gc,phases   ] GC(86)   Merge Heap Roots: 12.9ms
[2025-10-13T19:28:29.391-0700][1256][info ][gc,phases   ] GC(86)   Evacuate Collection Set: 127.2ms
[2025-10-13T19:28:29.391-0700][1256][info ][gc,phases   ] GC(86)   Merge Optional Heap Roots: 0.8ms
[2025-10-13T19:28:29.391-0700][1256][info ][gc,phases   ] GC(86)   Evacuate Optional Collection Set: 2.3ms
[2025-10-13T19:28:29.391-0700][1256][info ][gc,phases   ] GC(86)   Post Evacuate Collection Set: 17.1ms
[2025-10-13T19:28:29.391-0700][1256][info ][gc,phases   ] GC(86)   Other: 0.2ms
[2025-10-13T19:28:29.391-0700][1256][debug][gc,remset   ] GC(86) Coarsening (recent): Inline->AoC 58180 (0) AoC->Howl 301 (0) Howl->Full 0 (0) Inline->AoC 871 (0) AoC->BitMap 253 (0) BitMap->Full 0 (0) 
[2025-10-13T19:28:29.391-0700][1256][debug][gc,remset   ] GC(86) Coarsening (all): Inline->AoC 1392925 (12) AoC->Howl 26104 (59) Howl->Full 0 (0) Inline->AoC 114060 (16) AoC->BitMap 34225 (63) BitMap->Full 2 (0) 
[2025-10-13T19:28:29.391-0700][1256][info ][gc,heap     ] GC(86) Eden regions: 2984->0(2673)
[2025-10-13T19:28:29.391-0700][1256][info ][gc,heap     ] GC(86) Survivor regions: 200->219(398)
[2025-10-13T19:28:29.391-0700][1256][info ][gc,heap     ] GC(86) Old regions: 1117->1047
[2025-10-13T19:28:29.391-0700][1256][info ][gc,heap     ] GC(86) Humongous regions: 12->0
[2025-10-13T19:28:29.391-0700][1256][info ][gc,metaspace] GC(86) Metaspace: 313446K(318528K)->313446K(318528K) NonClass: 275677K(278336K)->275677K(278336K) Class: 37768K(40192K)->37768K(40192K)
[2025-10-13T19:28:29.391-0700][1256][info ][gc          ] GC(86) Pause Young (Mixed) (G1 Evacuation Pause) 138003M->40490M(184320M) 161.378ms
[2025-10-13T19:28:29.393-0700][1256][info ][gc,cpu      ] GC(86) User=15.06s Sys=0.38s Real=0.17s
[2025-10-13T19:28:29.394-0700][1256][info ][safepoint   ] Safepoint "G1CollectForAllocation", Time since last: 630830409 ns, Reaching safepoint: 1114123 ns, Cleanup: 15182 ns, At safepoint: 166053358 ns, Total: 167182663 ns
[2025-10-13T19:28:30.395-0700][1256][info ][safepoint   ] Safepoint "Cleanup", Time since last: 1000083716 ns, Reaching safepoint: 730202 ns, Cleanup: 26150 ns, At safepoint: 113301 ns, Total: 869653 ns
[2025-10-13T19:28:31.396-0700][1256][info ][safepoint   ] Safepoint "Cleanup", Time since last: 1000098739 ns, Reaching safepoint: 703142 ns, Cleanup: 43405 ns, At safepoint: 89666 ns, Total: 836213 ns
[2025-10-13T19:28:32.421-0700][1256][info ][safepoint   ] Safepoint "Cleanup", Time since last: 1000114202 ns, Reaching safepoint: 23662712 ns, Cleanup: 39920 ns, At safepoint: 1660067 ns, Total: 25362699 ns
[2025-10-13T19:28:33.423-0700][1256][info ][safepoint   ] Safepoint "Cleanup", Time since last: 1000117216 ns, Reaching safepoint: 755932 ns, Cleanup: 26991 ns, At safepoint: 520325 ns, Total: 1303248 ns
[2025-10-13T19:28:34.425-0700][1256][info ][safepoint   ] Safepoint "Cleanup", Time since last: 1000108664 ns, Reaching safepoint: 866689 ns, Cleanup: 15684 ns, At safepoint: 949163 ns, Total: 1831536 ns
[2025-10-13T19:28:35.427-0700][1256][info ][safepoint   ] Safepoint "Cleanup", Time since last: 1000111538 ns, Reaching safepoint: 888832 ns, Cleanup: 16726 ns, At safepoint: 1063285 ns, Total: 1968843 ns
[2025-10-13T19:28:37.428-0700][1256][info ][safepoint   ] Safepoint "Cleanup", Time since last: 2000172971 ns, Reaching safepoint: 823574 ns, Cleanup: 13470 ns, At safepoint: 645374 ns, Total: 1482418 ns
[2025-10-13T19:28:38.431-0700][1256][info ][safepoint   ] Safepoint "Cleanup", Time since last: 1000111178 ns, Reaching safepoint: 883835 ns, Cleanup: 27862 ns, At safepoint: 1252902 ns, Total: 2164599 ns
[2025-10-13T19:28:39.433-0700][1256][info ][safepoint   ] Safepoint "Cleanup", Time since last: 1000115754 ns, Reaching safepoint: 942333 ns, Cleanup: 19219 ns, At safepoint: 1079811 ns, Total: 2041363 ns
[2025-10-13T19:28:40.621-0700][1256][info ][gc,start    ] GC(87) Pause Young (Mixed) (G1 Evacuation Pause)
[2025-10-13T19:28:40.621-0700][1256][info ][gc,task     ] GC(87) Using 113 workers of 113 for evacuation
[2025-10-13T19:28:40.635-0700][1256][debug][gc,remset   ] GC(87) Visited cards 10028544 Total dirty 61079552 (16.42%) Total old 498204672 (2.01%)
[2025-10-13T19:28:40.798-0700][1256][info ][gc,phases   ] GC(87)   Pre Evacuate Collection Set: 0.8ms
[2025-10-13T19:28:40.798-0700][1256][info ][gc,phases   ] GC(87)   Merge Heap Roots: 12.9ms
[2025-10-13T19:28:40.798-0700][1256][info ][gc,phases   ] GC(87)   Evacuate Collection Set: 147.5ms
[2025-10-13T19:28:40.798-0700][1256][info ][gc,phases   ] GC(87)   Post Evacuate Collection Set: 15.3ms
[2025-10-13T19:28:40.798-0700][1256][info ][gc,phases   ] GC(87)   Other: 0.2ms
[2025-10-13T19:28:40.798-0700][1256][debug][gc,remset   ] GC(87) Coarsening (recent): Inline->AoC 49529 (0) AoC->Howl 185 (0) Howl->Full 0 (0) Inline->AoC 732 (0) AoC->BitMap 109 (0) BitMap->Full 0 (0) 
[2025-10-13T19:28:40.798-0700][1256][debug][gc,remset   ] GC(87) Coarsening (all): Inline->AoC 1442454 (12) AoC->Howl 26289 (59) Howl->Full 0 (0) Inline->AoC 114792 (16) AoC->BitMap 34334 (63) BitMap->Full 2 (0) 
[2025-10-13T19:28:40.798-0700][1256][info ][gc,heap     ] GC(87) Eden regions: 3016->0(1536)
[2025-10-13T19:28:40.798-0700][1256][info ][gc,heap     ] GC(87) Survivor regions: 219->257(405)
[2025-10-13T19:28:40.798-0700][1256][info ][gc,heap     ] GC(87) Old regions: 1047->982
[2025-10-13T19:28:40.798-0700][1256][info ][gc,heap     ] GC(87) Humongous regions: 14->0
[2025-10-13T19:28:40.798-0700][1256][info ][gc,metaspace] GC(87) Metaspace: 313565K(318592K)->313565K(318592K) NonClass: 275785K(278400K)->275785K(278400K) Class: 37779K(40192K)->37779K(40192K)
[2025-10-13T19:28:40.798-0700][1256][info ][gc          ] GC(87) Pause Young (Mixed) (G1 Evacuation Pause) 137450M->39613M(184320M) 176.883ms
[2025-10-13T19:28:40.799-0700][1256][info ][gc,cpu      ] GC(87) User=17.18s Sys=0.35s Real=0.17s
[2025-10-13T19:28:40.801-0700][1256][info ][safepoint   ] Safepoint "G1CollectForAllocation", Time since last: 1180427743 ns, Reaching safepoint: 6053281 ns, Cleanup: 5869 ns, At safepoint: 181436406 ns, Total: 187495556 ns
[2025-10-13T19:28:42.803-0700][1256][info ][safepoint   ] Safepoint "Cleanup", Time since last: 2000147753 ns, Reaching safepoint: 1275566 ns, Cleanup: 59089 ns, At safepoint: 696802 ns, Total: 2031457 ns
[2025-10-13T19:28:43.804-0700][1256][info ][safepoint   ] Safepoint "Cleanup", Time since last: 1000114603 ns, Reaching safepoint: 815111 ns, Cleanup: 116546 ns, At safepoint: 418542 ns, Total: 1350199 ns
[2025-10-13T19:28:44.806-0700][1256][info ][safepoint   ] Safepoint "Cleanup", Time since last: 1000105689 ns, Reaching safepoint: 902593 ns, Cleanup: 37948 ns, At safepoint: 697022 ns, Total: 1637563 ns
[2025-10-13T19:28:45.808-0700][1256][info ][safepoint   ] Safepoint "Cleanup", Time since last: 1000107172 ns, Reaching safepoint: 826848 ns, Cleanup: 13030 ns, At safepoint: 858927 ns, Total: 1698805 ns
[2025-10-13T19:28:46.569-0700][1256][info ][gc,start    ] GC(88) Pause Young (Mixed) (G1 Evacuation Pause)
[2025-10-13T19:28:46.569-0700][1256][info ][gc,task     ] GC(88) Using 113 workers of 113 for evacuation
[2025-10-13T19:28:46.582-0700][1256][debug][gc,remset   ] GC(88) Visited cards 11071232 Total dirty 56360960 (19.64%) Total old 365559808 (3.03%)
[2025-10-13T19:28:46.769-0700][1256][info ][gc,mmu      ] GC(88) MMU target violated: 200.2ms (200.0ms/201.0ms)
[2025-10-13T19:28:46.769-0700][1256][info ][gc,phases   ] GC(88)   Pre Evacuate Collection Set: 0.7ms
[2025-10-13T19:28:46.769-0700][1256][info ][gc,phases   ] GC(88)   Merge Heap Roots: 12.8ms
[2025-10-13T19:28:46.769-0700][1256][info ][gc,phases   ] GC(88)   Evacuate Collection Set: 173.4ms
[2025-10-13T19:28:46.769-0700][1256][info ][gc,phases   ] GC(88)   Post Evacuate Collection Set: 13.2ms
[2025-10-13T19:28:46.769-0700][1256][info ][gc,phases   ] GC(88)   Other: 0.2ms
[2025-10-13T19:28:46.769-0700][1256][debug][gc,remset   ] GC(88) Coarsening (recent): Inline->AoC 33308 (0) AoC->Howl 193 (0) Howl->Full 0 (0) Inline->AoC 807 (0) AoC->BitMap 133 (0) BitMap->Full 0 (0) 
[2025-10-13T19:28:46.769-0700][1256][debug][gc,remset   ] GC(88) Coarsening (all): Inline->AoC 1475762 (12) AoC->Howl 26482 (59) Howl->Full 0 (0) Inline->AoC 115599 (16) AoC->BitMap 34467 (63) BitMap->Full 2 (0) 
[2025-10-13T19:28:46.769-0700][1256][info ][gc,heap     ] GC(88) Eden regions: 2000->0(3288)
[2025-10-13T19:28:46.769-0700][1256][info ][gc,heap     ] GC(88) Survivor regions: 257->168(283)
[2025-10-13T19:28:46.769-0700][1256][info ][gc,heap     ] GC(88) Old regions: 982->1035
[2025-10-13T19:28:46.769-0700][1256][info ][gc,heap     ] GC(88) Humongous regions: 11->0
[2025-10-13T19:28:46.769-0700][1256][info ][gc,metaspace] GC(88) Metaspace: 313613K(318656K)->313613K(318656K) NonClass: 275828K(278464K)->275828K(278464K) Class: 37784K(40192K)->37784K(40192K)
[2025-10-13T19:28:46.769-0700][1256][info ][gc          ] GC(88) Pause Young (Mixed) (G1 Evacuation Pause) 103965M->38470M(184320M) 200.434ms
[2025-10-13T19:28:46.771-0700][1256][info ][gc,cpu      ] GC(88) User=18.10s Sys=0.18s Real=0.21s
[2025-10-13T19:28:46.772-0700][1256][info ][safepoint   ] Safepoint "G1CollectForAllocation", Time since last: 758189496 ns, Reaching safepoint: 890555 ns, Cleanup: 5188 ns, At safepoint: 205121001 ns, Total: 206016744 ns
[2025-10-13T19:28:47.773-0700][1256][info ][safepoint   ] Safepoint "Cleanup", Time since last: 1000081393 ns, Reaching safepoint: 703151 ns, Cleanup: 42424 ns, At safepoint: 93822 ns, Total: 839397 ns
[2025-10-13T19:28:48.774-0700][1256][info ][safepoint   ] Safepoint "Cleanup", Time since last: 1000099901 ns, Reaching safepoint: 896363 ns, Cleanup: 10516 ns, At safepoint: 481728 ns, Total: 1388607 ns
[2025-10-13T19:28:49.789-0700][1256][info ][safepoint   ] Safepoint "Cleanup", Time since last: 1000112920 ns, Reaching safepoint: 12447506 ns, Cleanup: 25238 ns, At safepoint: 2035504 ns, Total: 14508248 ns
[2025-10-13T19:28:50.791-0700][1256][info ][safepoint   ] Safepoint "Cleanup", Time since last: 1000120191 ns, Reaching safepoint: 999319 ns, Cleanup: 44928 ns, At safepoint: 1210848 ns, Total: 2255095 ns
[2025-10-13T19:28:51.794-0700][1256][info ][safepoint   ] Safepoint "Cleanup", Time since last: 1000121584 ns, Reaching safepoint: 1053300 ns, Cleanup: 19069 ns, At safepoint: 1338952 ns, Total: 2411321 ns
[2025-10-13T19:28:52.796-0700][1256][info ][safepoint   ] Safepoint "Cleanup", Time since last: 1000127532 ns, Reaching safepoint: 909414 ns, Cleanup: 11868 ns, At safepoint: 873569 ns, Total: 1794851 ns
[2025-10-13T19:28:53.798-0700][1256][info ][safepoint   ] Safepoint "Cleanup", Time since last: 1000119636 ns, Reaching safepoint: 913402 ns, Cleanup: 23225 ns, At safepoint: 966012 ns, Total: 1902639 ns
[2025-10-13T19:28:54.800-0700][1256][info ][safepoint   ] Safepoint "Cleanup", Time since last: 1000115310 ns, Reaching safepoint: 819292 ns, Cleanup: 10756 ns, At safepoint: 1338441 ns, Total: 2168489 ns
[2025-10-13T19:28:55.802-0700][1256][info ][safepoint   ] Safepoint "Cleanup", Time since last: 1000127289 ns, Reaching safepoint: 972642 ns, Cleanup: 12278 ns, At safepoint: 726562 ns, Total: 1711482 ns
[2025-10-13T19:28:56.804-0700][1256][info ][safepoint   ] Safepoint "Cleanup", Time since last: 1000116372 ns, Reaching safepoint: 1082807 ns, Cleanup: 27742 ns, At safepoint: 742285 ns, Total: 1852834 ns
[2025-10-13T19:28:57.708-0700][1256][info ][gc,start    ] GC(89) Pause Young (Mixed) (G1 Evacuation Pause)
[2025-10-13T19:28:57.708-0700][1256][info ][gc,task     ] GC(89) Using 113 workers of 113 for evacuation
[2025-10-13T19:28:57.723-0700][1256][debug][gc,remset   ] GC(89) Visited cards 12172800 Total dirty 65404928 (18.61%) Total old 524091392 (2.32%)
[2025-10-13T19:28:57.902-0700][1256][info ][gc,phases   ] GC(89)   Pre Evacuate Collection Set: 0.7ms
[2025-10-13T19:28:57.902-0700][1256][info ][gc,phases   ] GC(89)   Merge Heap Roots: 13.6ms
[2025-10-13T19:28:57.902-0700][1256][info ][gc,phases   ] GC(89)   Evacuate Collection Set: 163.5ms
[2025-10-13T19:28:57.902-0700][1256][info ][gc,phases   ] GC(89)   Post Evacuate Collection Set: 15.6ms
[2025-10-13T19:28:57.902-0700][1256][info ][gc,phases   ] GC(89)   Other: 0.2ms
[2025-10-13T19:28:57.902-0700][1256][debug][gc,remset   ] GC(89) Coarsening (recent): Inline->AoC 55521 (0) AoC->Howl 295 (0) Howl->Full 0 (0) Inline->AoC 932 (0) AoC->BitMap 208 (0) BitMap->Full 0 (0) 
[2025-10-13T19:28:57.902-0700][1256][debug][gc,remset   ] GC(89) Coarsening (all): Inline->AoC 1531283 (12) AoC->Howl 26777 (59) Howl->Full 0 (0) Inline->AoC 116531 (16) AoC->BitMap 34675 (63) BitMap->Full 2 (0) 
[2025-10-13T19:28:57.902-0700][1256][info ][gc,heap     ] GC(89) Eden regions: 3288->0(3246)
[2025-10-13T19:28:57.902-0700][1256][info ][gc,heap     ] GC(89) Survivor regions: 168->210(432)
[2025-10-13T19:28:57.902-0700][1256][info ][gc,heap     ] GC(89) Old regions: 1035->1018
[2025-10-13T19:28:57.902-0700][1256][info ][gc,heap     ] GC(89) Humongous regions: 16->0
[2025-10-13T19:28:57.902-0700][1256][info ][gc,metaspace] GC(89) Metaspace: 313774K(318848K)->313774K(318848K) NonClass: 275976K(278656K)->275976K(278656K) Class: 37798K(40192K)->37798K(40192K)
[2025-10-13T19:28:57.902-0700][1256][info ][gc          ] GC(89) Pause Young (Mixed) (G1 Evacuation Pause) 144198M->39251M(184320M) 193.726ms
[2025-10-13T19:28:57.904-0700][1256][info ][gc,cpu      ] GC(89) User=14.48s Sys=0.50s Real=0.20s
[2025-10-13T19:28:57.905-0700][1256][info ][safepoint   ] Safepoint "G1CollectForAllocation", Time since last: 901821501 ns, Reaching safepoint: 660233 ns, Cleanup: 74341 ns, At safepoint: 198291500 ns, Total: 199026074 ns
[2025-10-13T19:28:58.906-0700][1256][info ][safepoint   ] Safepoint "Cleanup", Time since last: 1000076542 ns, Reaching safepoint: 718160 ns, Cleanup: 32388 ns, At safepoint: 110496 ns, Total: 861044 ns
[2025-10-13T19:28:59.907-0700][1256][info ][safepoint   ] Safepoint "Cleanup", Time since last: 1000099307 ns, Reaching safepoint: 815205 ns, Cleanup: 16675 ns, At safepoint: 278829 ns, Total: 1110709 ns
[2025-10-13T19:29:00.908-0700][1256][info ][safepoint   ] Safepoint "Cleanup", Time since last: 1000107309 ns, Reaching safepoint: 828585 ns, Cleanup: 23625 ns, At safepoint: 348254 ns, Total: 1200464 ns
[2025-10-13T19:29:01.910-0700][1256][info ][safepoint   ] Safepoint "Cleanup", Time since last: 1000108901 ns, Reaching safepoint: 829236 ns, Cleanup: 17336 ns, At safepoint: 479440 ns, Total: 1326012 ns
[2025-10-13T19:29:03.290-0700][1256][info ][safepoint   ] Safepoint "Cleanup", Time since last: 1379034405 ns, Reaching safepoint: 779020 ns, Cleanup: 20702 ns, At safepoint: 272329 ns, Total: 1072051 ns
[2025-10-13T19:29:04.291-0700][1256][info ][safepoint   ] Safepoint "Cleanup", Time since last: 1000113908 ns, Reaching safepoint: 822576 ns, Cleanup: 24697 ns, At safepoint: 504148 ns, Total: 1351421 ns
[2025-10-13T19:29:05.294-0700][1256][info ][safepoint   ] Safepoint "Cleanup", Time since last: 1000405697 ns, Reaching safepoint: 1252072 ns, Cleanup: 28192 ns, At safepoint: 1129938 ns, Total: 2410202 ns
[2025-10-13T19:29:07.295-0700][1256][info ][safepoint   ] Safepoint "Cleanup", Time since last: 2000198593 ns, Reaching safepoint: 785881 ns, Cleanup: 12859 ns, At safepoint: 250998 ns, Total: 1049738 ns
[2025-10-13T19:29:07.957-0700][1256][info ][gc,start    ] GC(90) Pause Young (Normal) (G1 Evacuation Pause)
[2025-10-13T19:29:07.957-0700][1256][info ][gc,task     ] GC(90) Using 113 workers of 113 for evacuation
[2025-10-13T19:29:07.970-0700][1256][debug][gc,remset   ] GC(90) Visited cards 8650240 Total dirty 62128128 (13.92%) Total old 520814592 (1.66%)
[2025-10-13T19:29:08.169-0700][1256][info ][gc,mmu      ] GC(90) MMU target violated: 201.0ms (200.0ms/201.0ms)
[2025-10-13T19:29:08.169-0700][1256][info ][gc,phases   ] GC(90)   Pre Evacuate Collection Set: 0.8ms
[2025-10-13T19:29:08.169-0700][1256][info ][gc,phases   ] GC(90)   Merge Heap Roots: 12.9ms
[2025-10-13T19:29:08.169-0700][1256][info ][gc,phases   ] GC(90)   Evacuate Collection Set: 183.0ms
[2025-10-13T19:29:08.169-0700][1256][info ][gc,phases   ] GC(90)   Post Evacuate Collection Set: 16.0ms
[2025-10-13T19:29:08.169-0700][1256][info ][gc,phases   ] GC(90)   Other: 0.2ms
[2025-10-13T19:29:08.169-0700][1256][debug][gc,remset   ] GC(90) Coarsening (recent): Inline->AoC 58438 (0) AoC->Howl 106 (1) Howl->Full 0 (0) Inline->AoC 532 (0) AoC->BitMap 66 (0) BitMap->Full 0 (0) 
[2025-10-13T19:29:08.169-0700][1256][debug][gc,remset   ] GC(90) Coarsening (all): Inline->AoC 1589721 (12) AoC->Howl 26883 (60) Howl->Full 0 (0) Inline->AoC 117063 (16) AoC->BitMap 34741 (63) BitMap->Full 2 (0) 
[2025-10-13T19:29:08.169-0700][1256][info ][gc,heap     ] GC(90) Eden regions: 3246->0(1675)
[2025-10-13T19:29:08.169-0700][1256][info ][gc,heap     ] GC(90) Survivor regions: 210->306(432)
[2025-10-13T19:29:08.169-0700][1256][info ][gc,heap     ] GC(90) Old regions: 1018->1018
[2025-10-13T19:29:08.169-0700][1256][info ][gc,heap     ] GC(90) Humongous regions: 17->0
[2025-10-13T19:29:08.169-0700][1256][info ][gc,metaspace] GC(90) Metaspace: 313828K(318848K)->313828K(318848K) NonClass: 276024K(278656K)->276024K(278656K) Class: 37803K(40192K)->37803K(40192K)
[2025-10-13T19:29:08.169-0700][1256][info ][gc          ] GC(90) Pause Young (Normal) (G1 Evacuation Pause) 143667M->42340M(184320M) 212.945ms
[2025-10-13T19:29:08.171-0700][1256][info ][gc,cpu      ] GC(90) User=19.32s Sys=0.27s Real=0.22s
[2025-10-13T19:29:08.173-0700][1256][info ][safepoint   ] Safepoint "G1CollectForAllocation", Time since last: 658193267 ns, Reaching safepoint: 1208306 ns, Cleanup: 17777 ns, At safepoint: 217747669 ns, Total: 218973752 ns
[2025-10-13T19:29:09.174-0700][1256][info ][safepoint   ] Safepoint "Cleanup", Time since last: 1000089041 ns, Reaching safepoint: 906562 ns, Cleanup: 14162 ns, At safepoint: 436205 ns, Total: 1356929 ns
[2025-10-13T19:29:10.175-0700][1256][info ][safepoint   ] Safepoint "Cleanup", Time since last: 1000111785 ns, Reaching safepoint: 808946 ns, Cleanup: 19149 ns, At safepoint: 480422 ns, Total: 1308517 ns
[2025-10-13T19:29:11.177-0700][1256][info ][safepoint   ] Safepoint "Cleanup", Time since last: 1000115441 ns, Reaching safepoint: 875475 ns, Cleanup: 42624 ns, At safepoint: 681164 ns, Total: 1599263 ns
[2025-10-13T19:29:12.179-0700][1256][info ][safepoint   ] Safepoint "Cleanup", Time since last: 1000100438 ns, Reaching safepoint: 1030178 ns, Cleanup: 24027 ns, At safepoint: 1159913 ns, Total: 2214118 ns
[2025-10-13T19:29:13.182-0700][1256][info ][safepoint   ] Safepoint "Cleanup", Time since last: 1000122201 ns, Reaching safepoint: 827643 ns, Cleanup: 12810 ns, At safepoint: 1105301 ns, Total: 1945754 ns
[2025-10-13T19:29:13.775-0700][1256][info ][gc,start    ] GC(91) Pause Young (Normal) (G1 Evacuation Pause)
[2025-10-13T19:29:13.776-0700][1256][info ][gc,task     ] GC(91) Using 113 workers of 113 for evacuation
[2025-10-13T19:29:13.789-0700][1256][debug][gc,remset   ] GC(91) Visited cards 8644096 Total dirty 62193664 (13.90%) Total old 375193600 (2.30%)
[2025-10-13T19:29:13.980-0700][1256][info ][gc,mmu      ] GC(91) MMU target violated: 201.0ms (200.0ms/201.0ms)
[2025-10-13T19:29:13.980-0700][1256][info ][gc,phases   ] GC(91)   Pre Evacuate Collection Set: 0.8ms
[2025-10-13T19:29:13.980-0700][1256][info ][gc,phases   ] GC(91)   Merge Heap Roots: 12.7ms
[2025-10-13T19:29:13.980-0700][1256][info ][gc,phases   ] GC(91)   Evacuate Collection Set: 178.3ms
[2025-10-13T19:29:13.980-0700][1256][info ][gc,phases   ] GC(91)   Post Evacuate Collection Set: 12.6ms
[2025-10-13T19:29:13.980-0700][1256][info ][gc,phases   ] GC(91)   Other: 0.2ms
[2025-10-13T19:29:13.980-0700][1256][debug][gc,remset   ] GC(91) Coarsening (recent): Inline->AoC 31515 (0) AoC->Howl 154 (4) Howl->Full 0 (0) Inline->AoC 643 (2) AoC->BitMap 108 (3) BitMap->Full 0 (0) 
[2025-10-13T19:29:13.980-0700][1256][debug][gc,remset   ] GC(91) Coarsening (all): Inline->AoC 1621236 (12) AoC->Howl 27037 (64) Howl->Full 0 (0) Inline->AoC 117706 (18) AoC->BitMap 34849 (66) BitMap->Full 2 (0) 
[2025-10-13T19:29:13.980-0700][1256][info ][gc,heap     ] GC(91) Eden regions: 2043->0(3293)
[2025-10-13T19:29:13.980-0700][1256][info ][gc,heap     ] GC(91) Survivor regions: 306->163(294)
[2025-10-13T19:29:13.980-0700][1256][info ][gc,heap     ] GC(91) Old regions: 1018->1162
[2025-10-13T19:29:13.980-0700][1256][info ][gc,heap     ] GC(91) Humongous regions: 9->0
[2025-10-13T19:29:13.980-0700][1256][info ][gc,metaspace] GC(91) Metaspace: 313902K(318976K)->313902K(318976K) NonClass: 276089K(278784K)->276089K(278784K) Class: 37812K(40192K)->37812K(40192K)
[2025-10-13T19:29:13.980-0700][1256][info ][gc          ] GC(91) Pause Young (Normal) (G1 Evacuation Pause) 108004M->42380M(184320M) 204.671ms
[2025-10-13T19:29:13.982-0700][1256][info ][gc,cpu      ] GC(91) User=18.70s Sys=0.27s Real=0.21s
[2025-10-13T19:29:13.983-0700][1256][info ][safepoint   ] Safepoint "G1CollectForAllocation", Time since last: 591332226 ns, Reaching safepoint: 906602 ns, Cleanup: 26881 ns, At safepoint: 209489118 ns, Total: 210422601 ns
[2025-10-13T19:29:14.985-0700][1256][info ][safepoint   ] Safepoint "Cleanup", Time since last: 1000088870 ns, Reaching safepoint: 788105 ns, Cleanup: 145008 ns, At safepoint: 374563 ns, Total: 1307676 ns
[2025-10-13T19:29:15.997-0700][1256][info ][safepoint   ] Safepoint "Cleanup", Time since last: 1000111775 ns, Reaching safepoint: 10288221 ns, Cleanup: 53891 ns, At safepoint: 1976451 ns, Total: 12318563 ns
[2025-10-13T19:29:16.999-0700][1256][info ][safepoint   ] Safepoint "Cleanup", Time since last: 1000119306 ns, Reaching safepoint: 856888 ns, Cleanup: 31037 ns, At safepoint: 706051 ns, Total: 1593976 ns
[2025-10-13T19:29:18.001-0700][1256][info ][safepoint   ] Safepoint "Cleanup", Time since last: 1000114729 ns, Reaching safepoint: 951150 ns, Cleanup: 26139 ns, At safepoint: 1518793 ns, Total: 2496082 ns
[2025-10-13T19:29:20.003-0700][1256][info ][safepoint   ] Safepoint "Cleanup", Time since last: 2000179784 ns, Reaching safepoint: 739872 ns, Cleanup: 11077 ns, At safepoint: 583356 ns, Total: 1334305 ns
[2025-10-13T19:29:21.005-0700][1256][info ][safepoint   ] Safepoint "Cleanup", Time since last: 1000113769 ns, Reaching safepoint: 907524 ns, Cleanup: 37766 ns, At safepoint: 953002 ns, Total: 1898292 ns
[2025-10-13T19:29:23.006-0700][1256][info ][safepoint   ] Safepoint "Cleanup", Time since last: 2000173426 ns, Reaching safepoint: 796266 ns, Cleanup: 16245 ns, At safepoint: 366260 ns, Total: 1178771 ns
[2025-10-13T19:29:23.202-0700][1256][info ][gc,start    ] GC(92) Pause Young (Concurrent Start) (G1 Humongous Allocation)
[2025-10-13T19:29:23.202-0700][1256][info ][gc,task     ] GC(92) Using 113 workers of 113 for evacuation
[2025-10-13T19:29:23.217-0700][1256][debug][gc,remset   ] GC(92) Visited cards 8802560 Total dirty 70647808 (12.46%) Total old 469041152 (1.88%)
[2025-10-13T19:29:23.343-0700][1256][info ][gc,phases   ] GC(92)   Pre Evacuate Collection Set: 1.0ms
[2025-10-13T19:29:23.343-0700][1256][info ][gc,phases   ] GC(92)   Merge Heap Roots: 14.1ms
[2025-10-13T19:29:23.343-0700][1256][info ][gc,phases   ] GC(92)   Evacuate Collection Set: 113.7ms
[2025-10-13T19:29:23.343-0700][1256][info ][gc,phases   ] GC(92)   Post Evacuate Collection Set: 11.7ms
[2025-10-13T19:29:23.343-0700][1256][info ][gc,phases   ] GC(92)   Other: 0.2ms
[2025-10-13T19:29:23.343-0700][1256][debug][gc,remset   ] GC(92) Coarsening (recent): Inline->AoC 9740 (0) AoC->Howl 19 (0) Howl->Full 0 (0) Inline->AoC 69 (0) AoC->BitMap 12 (0) BitMap->Full 0 (0) 
[2025-10-13T19:29:23.343-0700][1256][debug][gc,remset   ] GC(92) Coarsening (all): Inline->AoC 1630976 (12) AoC->Howl 27056 (64) Howl->Full 0 (0) Inline->AoC 117775 (18) AoC->BitMap 34861 (66) BitMap->Full 2 (0) 
[2025-10-13T19:29:23.343-0700][1256][info ][gc,heap     ] GC(92) Eden regions: 2826->0(3264)
[2025-10-13T19:29:23.343-0700][1256][info ][gc,heap     ] GC(92) Survivor regions: 163->192(432)
[2025-10-13T19:29:23.343-0700][1256][info ][gc,heap     ] GC(92) Old regions: 1162->1162
[2025-10-13T19:29:23.343-0700][1256][info ][gc,heap     ] GC(92) Humongous regions: 17->0
[2025-10-13T19:29:23.343-0700][1256][info ][gc,metaspace] GC(92) Metaspace: 314028K(319168K)->314028K(319168K) NonClass: 276193K(278912K)->276193K(278912K) Class: 37834K(40256K)->37834K(40256K)
[2025-10-13T19:29:23.343-0700][1256][info ][gc          ] GC(92) Pause Young (Concurrent Start) (G1 Humongous Allocation) 133354M->43305M(184320M) 140.921ms
[2025-10-13T19:29:23.343-0700][1089][info ][gc          ] GC(93) Concurrent Undo Cycle
[2025-10-13T19:29:23.343-0700][1089][info ][gc,marking  ] GC(93) Concurrent Clear Claimed Marks
[2025-10-13T19:29:23.344-0700][1089][info ][gc,marking  ] GC(93) Concurrent Clear Claimed Marks 0.761ms
[2025-10-13T19:29:23.344-0700][1089][info ][gc,marking  ] GC(93) Concurrent Cleanup for Next Mark
[2025-10-13T19:29:23.344-0700][1256][info ][gc,cpu      ] GC(92) User=13.47s Sys=0.03s Real=0.14s
[2025-10-13T19:29:23.346-0700][1256][info ][safepoint   ] Safepoint "G1TryInitiateConcMark", Time since last: 193063253 ns, Reaching safepoint: 738760 ns, Cleanup: 4707 ns, At safepoint: 145407273 ns, Total: 146150740 ns
[2025-10-13T19:29:23.346-0700][1089][info ][gc,marking  ] GC(93) Concurrent Cleanup for Next Mark 2.663ms
[2025-10-13T19:29:23.346-0700][1089][info ][gc          ] GC(93) Concurrent Undo Cycle 3.714ms
[2025-10-13T19:29:24.347-0700][1256][info ][safepoint   ] Safepoint "Cleanup", Time since last: 1000085036 ns, Reaching safepoint: 836687 ns, Cleanup: 38928 ns, At safepoint: 217748 ns, Total: 1093363 ns
[2025-10-13T19:29:25.348-0700][1256][info ][safepoint   ] Safepoint "Cleanup", Time since last: 1000108690 ns, Reaching safepoint: 761655 ns, Cleanup: 24657 ns, At safepoint: 174001 ns, Total: 960313 ns
[2025-10-13T19:29:26.349-0700][1256][info ][safepoint   ] Safepoint "Cleanup", Time since last: 1000102602 ns, Reaching safepoint: 805450 ns, Cleanup: 17817 ns, At safepoint: 187061 ns, Total: 1010328 ns
[2025-10-13T19:29:27.353-0700][1256][info ][safepoint   ] Safepoint "Cleanup", Time since last: 1000101139 ns, Reaching safepoint: 2912768 ns, Cleanup: 12699 ns, At safepoint: 665089 ns, Total: 3590556 ns
[2025-10-13T19:29:28.354-0700][1256][info ][safepoint   ] Safepoint "Cleanup", Time since last: 1000104985 ns, Reaching safepoint: 798581 ns, Cleanup: 26990 ns, At safepoint: 677088 ns, Total: 1502659 ns
[2025-10-13T19:29:29.356-0700][1256][info ][safepoint   ] Safepoint "Cleanup", Time since last: 1000124514 ns, Reaching safepoint: 865170 ns, Cleanup: 46790 ns, At safepoint: 848866 ns, Total: 1760826 ns
[2025-10-13T19:29:30.372-0700][1256][info ][safepoint   ] Safepoint "Cleanup", Time since last: 1000117564 ns, Reaching safepoint: 13690545 ns, Cleanup: 22734 ns, At safepoint: 2010652 ns, Total: 15723931 ns
[2025-10-13T19:29:32.374-0700][1256][info ][safepoint   ] Safepoint "Cleanup", Time since last: 2000184041 ns, Reaching safepoint: 1085932 ns, Cleanup: 52809 ns, At safepoint: 757348 ns, Total: 1896089 ns
[2025-10-13T19:29:32.729-0700][1256][info ][gc,start    ] GC(94) Pause Young (Normal) (G1 Evacuation Pause)
[2025-10-13T19:29:32.729-0700][1256][info ][gc,task     ] GC(94) Using 113 workers of 113 for evacuation
[2025-10-13T19:29:32.743-0700][1256][debug][gc,remset   ] GC(94) Visited cards 8771072 Total dirty 70713344 (12.40%) Total old 530382848 (1.65%)
[2025-10-13T19:29:32.913-0700][1256][info ][gc,phases   ] GC(94)   Pre Evacuate Collection Set: 0.7ms
[2025-10-13T19:29:32.913-0700][1256][info ][gc,phases   ] GC(94)   Merge Heap Roots: 12.9ms
[2025-10-13T19:29:32.913-0700][1256][info ][gc,phases   ] GC(94)   Evacuate Collection Set: 156.5ms
[2025-10-13T19:29:32.913-0700][1256][info ][gc,phases   ] GC(94)   Post Evacuate Collection Set: 13.5ms
[2025-10-13T19:29:32.913-0700][1256][info ][gc,phases   ] GC(94)   Other: 0.2ms
[2025-10-13T19:29:32.913-0700][1256][debug][gc,remset   ] GC(94) Coarsening (recent): Inline->AoC 35135 (0) AoC->Howl 41 (0) Howl->Full 0 (0) Inline->AoC 200 (0) AoC->BitMap 19 (0) BitMap->Full 0 (0) 
[2025-10-13T19:29:32.913-0700][1256][debug][gc,remset   ] GC(94) Coarsening (all): Inline->AoC 1666111 (12) AoC->Howl 27097 (64) Howl->Full 0 (0) Inline->AoC 117975 (18) AoC->BitMap 34880 (66) BitMap->Full 2 (0) 
[2025-10-13T19:29:32.913-0700][1256][info ][gc,heap     ] GC(94) Eden regions: 3264->0(2113)
[2025-10-13T19:29:32.913-0700][1256][info ][gc,heap     ] GC(94) Survivor regions: 192->270(432)
[2025-10-13T19:29:32.913-0700][1256][info ][gc,heap     ] GC(94) Old regions: 1162->1162
[2025-10-13T19:29:32.913-0700][1256][info ][gc,heap     ] GC(94) Humongous regions: 19->0
[2025-10-13T19:29:32.913-0700][1256][info ][gc,metaspace] GC(94) Metaspace: 314075K(319232K)->314075K(319232K) NonClass: 276236K(278976K)->276236K(278976K) Class: 37839K(40256K)->37839K(40256K)
[2025-10-13T19:29:32.913-0700][1256][info ][gc          ] GC(94) Pause Young (Normal) (G1 Evacuation Pause) 148361M->45804M(184320M) 184.041ms
[2025-10-13T19:29:32.915-0700][1256][info ][gc,cpu      ] GC(94) User=16.65s Sys=0.34s Real=0.19s
[2025-10-13T19:29:32.916-0700][1256][info ][safepoint   ] Safepoint "G1CollectForAllocation", Time since last: 352423926 ns, Reaching safepoint: 904319 ns, Cleanup: 19970 ns, At safepoint: 188788468 ns, Total: 189712757 ns
[2025-10-13T19:29:34.917-0700][1256][info ][safepoint   ] Safepoint "Cleanup", Time since last: 2000153305 ns, Reaching safepoint: 694564 ns, Cleanup: 23315 ns, At safepoint: 136866 ns, Total: 854745 ns
[2025-10-13T19:29:35.882-0700][1256][info ][safepoint   ] Safepoint "ICBufferFull", Time since last: 963635146 ns, Reaching safepoint: 754755 ns, Cleanup: 109374 ns, At safepoint: 222645 ns, Total: 1086774 ns
[2025-10-13T19:29:36.884-0700][1256][info ][safepoint   ] Safepoint "Cleanup", Time since last: 1000104965 ns, Reaching safepoint: 840994 ns, Cleanup: 132509 ns, At safepoint: 640703 ns, Total: 1614206 ns
[2025-10-13T19:29:37.885-0700][1256][info ][safepoint   ] Safepoint "Cleanup", Time since last: 1000122170 ns, Reaching safepoint: 799212 ns, Cleanup: 42954 ns, At safepoint: 280752 ns, Total: 1122918 ns
[2025-10-13T19:29:39.886-0700][1256][info ][safepoint   ] Safepoint "Cleanup", Time since last: 2000172003 ns, Reaching safepoint: 828785 ns, Cleanup: 37867 ns, At safepoint: 201854 ns, Total: 1068506 ns
[2025-10-13T19:29:40.754-0700][1256][info ][gc,start    ] GC(95) Pause Young (Normal) (G1 Evacuation Pause)
[2025-10-13T19:29:40.754-0700][1256][info ][gc,task     ] GC(95) Using 113 workers of 113 for evacuation
[2025-10-13T19:29:40.766-0700][1256][debug][gc,remset   ] GC(95) Visited cards 8781056 Total dirty 70778880 (12.41%) Total old 425852928 (2.06%)
[2025-10-13T19:29:40.951-0700][1256][info ][gc,phases   ] GC(95)   Pre Evacuate Collection Set: 0.7ms
[2025-10-13T19:29:40.951-0700][1256][info ][gc,phases   ] GC(95)   Merge Heap Roots: 11.2ms
[2025-10-13T19:29:40.951-0700][1256][info ][gc,phases   ] GC(95)   Evacuate Collection Set: 172.3ms
[2025-10-13T19:29:40.951-0700][1256][info ][gc,phases   ] GC(95)   Post Evacuate Collection Set: 12.8ms
[2025-10-13T19:29:40.951-0700][1256][info ][gc,phases   ] GC(95)   Other: 0.2ms
[2025-10-13T19:29:40.951-0700][1256][debug][gc,remset   ] GC(95) Coarsening (recent): Inline->AoC 26896 (0) AoC->Howl 91 (1) Howl->Full 0 (0) Inline->AoC 346 (0) AoC->BitMap 70 (1) BitMap->Full 0 (0) 
[2025-10-13T19:29:40.951-0700][1256][debug][gc,remset   ] GC(95) Coarsening (all): Inline->AoC 1693007 (12) AoC->Howl 27188 (65) Howl->Full 0 (0) Inline->AoC 118321 (18) AoC->BitMap 34950 (67) BitMap->Full 2 (0) 
[2025-10-13T19:29:40.951-0700][1256][info ][gc,heap     ] GC(95) Eden regions: 2391->0(3253)
[2025-10-13T19:29:40.951-0700][1256][info ][gc,heap     ] GC(95) Survivor regions: 270->203(333)
[2025-10-13T19:29:40.951-0700][1256][info ][gc,heap     ] GC(95) Old regions: 1162->1255
[2025-10-13T19:29:40.951-0700][1256][info ][gc,heap     ] GC(95) Humongous regions: 14->0
[2025-10-13T19:29:40.951-0700][1256][info ][gc,metaspace] GC(95) Metaspace: 314134K(319296K)->314134K(319296K) NonClass: 276291K(279040K)->276291K(279040K) Class: 37842K(40256K)->37842K(40256K)
[2025-10-13T19:29:40.951-0700][1256][info ][gc          ] GC(95) Pause Young (Normal) (G1 Evacuation Pause) 122764M->46616M(184320M) 197.356ms
[2025-10-13T19:29:40.953-0700][1256][info ][gc,cpu      ] GC(95) User=18.28s Sys=0.21s Real=0.20s
[2025-10-13T19:29:40.954-0700][1256][info ][safepoint   ] Safepoint "G1CollectForAllocation", Time since last: 865082568 ns, Reaching safepoint: 1267375 ns, Cleanup: 47882 ns, At safepoint: 202023768 ns, Total: 203339025 ns
[2025-10-13T19:29:41.897-0700][1256][info ][gc,start    ] GC(96) Pause Young (Concurrent Start) (G1 Humongous Allocation)
[2025-10-13T19:29:41.897-0700][1256][info ][gc,task     ] GC(96) Using 113 workers of 113 for evacuation
[2025-10-13T19:29:41.908-0700][1256][debug][gc,remset   ] GC(96) Visited cards 8527104 Total dirty 75497472 (11.29%) Total old 129302528 (6.59%)
[2025-10-13T19:29:42.016-0700][1256][info ][gc,phases   ] GC(96)   Pre Evacuate Collection Set: 0.9ms
[2025-10-13T19:29:42.016-0700][1256][info ][gc,phases   ] GC(96)   Merge Heap Roots: 10.4ms
[2025-10-13T19:29:42.016-0700][1256][info ][gc,phases   ] GC(96)   Evacuate Collection Set: 100.1ms
[2025-10-13T19:29:42.016-0700][1256][info ][gc,phases   ] GC(96)   Post Evacuate Collection Set: 8.2ms
[2025-10-13T19:29:42.016-0700][1256][info ][gc,phases   ] GC(96)   Other: 0.1ms
[2025-10-13T19:29:42.016-0700][1256][debug][gc,remset   ] GC(96) Coarsening (recent): Inline->AoC 18 (0) AoC->Howl 0 (0) Howl->Full 0 (0) Inline->AoC 0 (0) AoC->BitMap 0 (0) BitMap->Full 0 (0) 
[2025-10-13T19:29:42.016-0700][1256][debug][gc,remset   ] GC(96) Coarsening (all): Inline->AoC 1693025 (12) AoC->Howl 27188 (65) Howl->Full 0 (0) Inline->AoC 118321 (18) AoC->BitMap 34950 (67) BitMap->Full 2 (0) 
[2025-10-13T19:29:42.016-0700][1256][info ][gc,heap     ] GC(96) Eden regions: 156->0(3264)
[2025-10-13T19:29:42.016-0700][1256][info ][gc,heap     ] GC(96) Survivor regions: 203->192(432)
[2025-10-13T19:29:42.016-0700][1256][info ][gc,heap     ] GC(96) Old regions: 1255->1255
[2025-10-13T19:29:42.017-0700][1256][info ][gc,heap     ] GC(96) Humongous regions: 0->0
[2025-10-13T19:29:42.017-0700][1256][info ][gc,metaspace] GC(96) Metaspace: 314134K(319296K)->314134K(319296K) NonClass: 276291K(279040K)->276291K(279040K) Class: 37842K(40256K)->37842K(40256K)
[2025-10-13T19:29:42.017-0700][1256][info ][gc          ] GC(96) Pause Young (Concurrent Start) (G1 Humongous Allocation) 51604M->46273M(184320M) 119.961ms
[2025-10-13T19:29:42.017-0700][1089][info ][gc          ] GC(97) Concurrent Mark Cycle
[2025-10-13T19:29:42.017-0700][1089][info ][gc,marking  ] GC(97) Concurrent Scan Root Regions
[2025-10-13T19:29:42.020-0700][1256][info ][gc,cpu      ] GC(96) User=11.83s Sys=0.12s Real=0.12s
[2025-10-13T19:29:42.022-0700][1256][info ][safepoint   ] Safepoint "G1TryInitiateConcMark", Time since last: 939707197 ns, Reaching safepoint: 713312 ns, Cleanup: 11458 ns, At safepoint: 127090666 ns, Total: 127815436 ns
[2025-10-13T19:29:42.077-0700][1089][info ][gc,marking  ] GC(97) Concurrent Scan Root Regions 59.696ms
[2025-10-13T19:29:42.077-0700][1089][info ][gc,marking  ] GC(97) Concurrent Mark
[2025-10-13T19:29:42.077-0700][1089][info ][gc,marking  ] GC(97) Concurrent Mark From Roots
[2025-10-13T19:29:42.077-0700][1089][info ][gc,task     ] GC(97) Using 36 workers of 36 for marking
[2025-10-13T19:29:42.287-0700][1089][info ][gc,marking  ] GC(97) Concurrent Mark From Roots 209.836ms
[2025-10-13T19:29:42.287-0700][1089][info ][gc,marking  ] GC(97) Concurrent Preclean
[2025-10-13T19:29:42.315-0700][1089][info ][gc,marking  ] GC(97) Concurrent Preclean 28.485ms
[2025-10-13T19:29:42.318-0700][1256][info ][gc,start    ] GC(97) Pause Remark
[2025-10-13T19:29:42.799-0700][1256][info ][gc,mmu      ] GC(97) MMU target violated: 201.0ms (200.0ms/201.0ms)
[2025-10-13T19:29:42.800-0700][1256][info ][gc          ] GC(97) Pause Remark 50201M->49549M(184320M) 481.887ms
[2025-10-13T19:29:42.801-0700][1256][info ][gc,cpu      ] GC(97) User=13.07s Sys=0.16s Real=0.49s
[2025-10-13T19:29:42.803-0700][1256][info ][safepoint   ] Safepoint "G1PauseRemark", Time since last: 293094534 ns, Reaching safepoint: 802546 ns, Cleanup: 17416 ns, At safepoint: 486845910 ns, Total: 487665872 ns
[2025-10-13T19:29:42.803-0700][1089][info ][gc,marking  ] GC(97) Concurrent Mark 726.161ms
[2025-10-13T19:29:42.803-0700][1089][info ][gc,marking  ] GC(97) Concurrent Rebuild Remembered Sets and Scrub Regions
[2025-10-13T19:29:43.577-0700][1089][info ][gc,marking  ] GC(97) Concurrent Rebuild Remembered Sets and Scrub Regions 773.712ms
[2025-10-13T19:29:43.579-0700][1256][info ][gc,start    ] GC(97) Pause Cleanup
[2025-10-13T19:29:43.582-0700][1256][info ][gc          ] GC(97) Pause Cleanup 63702M->63702M(184320M) 2.352ms
[2025-10-13T19:29:43.583-0700][1256][info ][gc,cpu      ] GC(97) User=0.01s Sys=0.00s Real=0.01s
[2025-10-13T19:29:43.584-0700][1256][info ][safepoint   ] Safepoint "G1PauseCleanup", Time since last: 773896010 ns, Reaching safepoint: 805450 ns, Cleanup: 274933 ns, At safepoint: 6601131 ns, Total: 7681514 ns
[2025-10-13T19:29:43.584-0700][1089][info ][gc,marking  ] GC(97) Concurrent Clear Claimed Marks
[2025-10-13T19:29:43.585-0700][1089][info ][gc,marking  ] GC(97) Concurrent Clear Claimed Marks 0.966ms
[2025-10-13T19:29:43.585-0700][1089][info ][gc,marking  ] GC(97) Concurrent Cleanup for Next Mark
[2025-10-13T19:29:43.627-0700][1089][info ][gc,marking  ] GC(97) Concurrent Cleanup for Next Mark 42.050ms
[2025-10-13T19:29:43.628-0700][1089][info ][gc          ] GC(97) Concurrent Mark Cycle 1610.646ms
[2025-10-13T19:29:44.585-0700][1256][info ][safepoint   ] Safepoint "Cleanup", Time since last: 1000112186 ns, Reaching safepoint: 761123 ns, Cleanup: 21052 ns, At safepoint: 245689 ns, Total: 1027864 ns
[2025-10-13T19:29:45.587-0700][1256][info ][safepoint   ] Safepoint "Cleanup", Time since last: 1000098786 ns, Reaching safepoint: 815105 ns, Cleanup: 38939 ns, At safepoint: 376325 ns, Total: 1230369 ns
[2025-10-13T19:29:46.589-0700][1256][info ][safepoint   ] Safepoint "Cleanup", Time since last: 1000114860 ns, Reaching safepoint: 874374 ns, Cleanup: 43255 ns, At safepoint: 815275 ns, Total: 1732904 ns
[2025-10-13T19:29:47.590-0700][1256][info ][safepoint   ] Safepoint "Cleanup", Time since last: 1000124525 ns, Reaching safepoint: 874704 ns, Cleanup: 20591 ns, At safepoint: 783187 ns, Total: 1678482 ns
[2025-10-13T19:29:49.592-0700][1256][info ][safepoint   ] Safepoint "Cleanup", Time since last: 2000170105 ns, Reaching safepoint: 783226 ns, Cleanup: 17266 ns, At safepoint: 267054 ns, Total: 1067546 ns
[2025-10-13T19:29:50.594-0700][1256][info ][safepoint   ] Safepoint "Cleanup", Time since last: 1000106388 ns, Reaching safepoint: 1050420 ns, Cleanup: 30065 ns, At safepoint: 1177974 ns, Total: 2258459 ns
[2025-10-13T19:29:50.636-0700][1256][info ][gc,start    ] GC(98) Pause Young (Prepare Mixed) (G1 Evacuation Pause)
[2025-10-13T19:29:50.636-0700][1256][info ][gc,task     ] GC(98) Using 113 workers of 113 for evacuation
[2025-10-13T19:29:50.651-0700][1256][debug][gc,remset   ] GC(98) Visited cards 9292544 Total dirty 76218368 (12.19%) Total old 526057472 (1.77%)
[2025-10-13T19:29:50.831-0700][1256][info ][gc,phases   ] GC(98)   Pre Evacuate Collection Set: 0.8ms
[2025-10-13T19:29:50.831-0700][1256][info ][gc,phases   ] GC(98)   Merge Heap Roots: 14.0ms
[2025-10-13T19:29:50.831-0700][1256][info ][gc,phases   ] GC(98)   Evacuate Collection Set: 163.4ms
[2025-10-13T19:29:50.831-0700][1256][info ][gc,phases   ] GC(98)   Post Evacuate Collection Set: 16.8ms
[2025-10-13T19:29:50.831-0700][1256][info ][gc,phases   ] GC(98)   Other: 0.3ms
[2025-10-13T19:29:50.831-0700][1256][debug][gc,remset   ] GC(98) Coarsening (recent): Inline->AoC 133224 (1) AoC->Howl 5986 (0) Howl->Full 0 (0) Inline->AoC 22333 (0) AoC->BitMap 7995 (0) BitMap->Full 0 (0) 
[2025-10-13T19:29:50.831-0700][1256][debug][gc,remset   ] GC(98) Coarsening (all): Inline->AoC 1826249 (13) AoC->Howl 33174 (65) Howl->Full 0 (0) Inline->AoC 140654 (18) AoC->BitMap 42945 (67) BitMap->Full 2 (0) 
[2025-10-13T19:29:50.831-0700][1256][info ][gc,heap     ] GC(98) Eden regions: 3191->0(2006)
[2025-10-13T19:29:50.831-0700][1256][info ][gc,heap     ] GC(98) Survivor regions: 192->250(423)
[2025-10-13T19:29:50.832-0700][1256][info ][gc,heap     ] GC(98) Old regions: 1234->1234
[2025-10-13T19:29:50.832-0700][1256][info ][gc,heap     ] GC(98) Humongous regions: 27->0
[2025-10-13T19:29:50.832-0700][1256][info ][gc,metaspace] GC(98) Metaspace: 314209K(319360K)->314209K(319360K) NonClass: 276367K(279104K)->276367K(279104K) Class: 37842K(40256K)->37842K(40256K)
[2025-10-13T19:29:50.832-0700][1256][info ][gc          ] GC(98) Pause Young (Prepare Mixed) (G1 Evacuation Pause) 148597M->47485M(184320M) 195.481ms
[2025-10-13T19:29:50.833-0700][1256][info ][gc,cpu      ] GC(98) User=17.53s Sys=0.18s Real=0.20s
[2025-10-13T19:29:50.834-0700][1256][info ][safepoint   ] Safepoint "G1CollectForAllocation", Time since last: 38986496 ns, Reaching safepoint: 1276072 ns, Cleanup: 5578 ns, At safepoint: 200143168 ns, Total: 201424818 ns
[2025-10-13T19:29:51.835-0700][1256][info ][safepoint   ] Safepoint "Cleanup", Time since last: 1000100398 ns, Reaching safepoint: 752510 ns, Cleanup: 30936 ns, At safepoint: 116537 ns, Total: 899983 ns
[2025-10-13T19:29:52.837-0700][1256][info ][safepoint   ] Safepoint "Cleanup", Time since last: 1000104855 ns, Reaching safepoint: 823026 ns, Cleanup: 14632 ns, At safepoint: 184549 ns, Total: 1022207 ns
[2025-10-13T19:29:55.838-0700][1256][info ][safepoint   ] Safepoint "Cleanup", Time since last: 3000263157 ns, Reaching safepoint: 836977 ns, Cleanup: 20501 ns, At safepoint: 190759 ns, Total: 1048237 ns
[2025-10-13T19:29:56.599-0700][1256][info ][gc,start    ] GC(99) Pause Young (Mixed) (G1 Evacuation Pause)
[2025-10-13T19:29:56.599-0700][1256][info ][gc,task     ] GC(99) Using 113 workers of 113 for evacuation
[2025-10-13T19:29:56.613-0700][1256][debug][gc,remset   ] GC(99) Visited cards 9079552 Total dirty 72417280 (12.54%) Total old 440598528 (2.06%)
[2025-10-13T19:29:56.806-0700][1256][info ][gc,mmu      ] GC(99) MMU target violated: 201.0ms (200.0ms/201.0ms)
[2025-10-13T19:29:56.806-0700][1256][info ][gc,phases   ] GC(99)   Pre Evacuate Collection Set: 0.7ms
[2025-10-13T19:29:56.806-0700][1256][info ][gc,phases   ] GC(99)   Merge Heap Roots: 12.7ms
[2025-10-13T19:29:56.806-0700][1256][info ][gc,phases   ] GC(99)   Evacuate Collection Set: 176.6ms
[2025-10-13T19:29:56.806-0700][1256][info ][gc,phases   ] GC(99)   Post Evacuate Collection Set: 16.2ms
[2025-10-13T19:29:56.806-0700][1256][info ][gc,phases   ] GC(99)   Other: 0.2ms
[2025-10-13T19:29:56.806-0700][1256][debug][gc,remset   ] GC(99) Coarsening (recent): Inline->AoC 25261 (0) AoC->Howl 83 (0) Howl->Full 0 (0) Inline->AoC 381 (0) AoC->BitMap 53 (0) BitMap->Full 0 (0) 
[2025-10-13T19:29:56.806-0700][1256][debug][gc,remset   ] GC(99) Coarsening (all): Inline->AoC 1851510 (13) AoC->Howl 33257 (65) Howl->Full 0 (0) Inline->AoC 141035 (18) AoC->BitMap 42998 (67) BitMap->Full 2 (0) 
[2025-10-13T19:29:56.806-0700][1256][info ][gc,heap     ] GC(99) Eden regions: 2451->0(2556)
[2025-10-13T19:29:56.806-0700][1256][info ][gc,heap     ] GC(99) Survivor regions: 250->220(338)
[2025-10-13T19:29:56.806-0700][1256][info ][gc,heap     ] GC(99) Old regions: 1234->1220
[2025-10-13T19:29:56.806-0700][1256][info ][gc,heap     ] GC(99) Humongous regions: 11->0
[2025-10-13T19:29:56.806-0700][1256][info ][gc,metaspace] GC(99) Metaspace: 314388K(319552K)->314388K(319552K) NonClass: 276527K(279232K)->276527K(279232K) Class: 37861K(40320K)->37861K(40320K)
[2025-10-13T19:29:56.806-0700][1256][info ][gc          ] GC(99) Pause Young (Mixed) (G1 Evacuation Pause) 126269M->46063M(184320M) 206.628ms
[2025-10-13T19:29:56.808-0700][1256][info ][gc,cpu      ] GC(99) User=18.59s Sys=0.17s Real=0.21s
[2025-10-13T19:29:56.809-0700][1256][info ][safepoint   ] Safepoint "G1CollectForAllocation", Time since last: 758648078 ns, Reaching safepoint: 976699 ns, Cleanup: 35674 ns, At safepoint: 211385949 ns, Total: 212398322 ns
[2025-10-13T19:29:57.810-0700][1256][info ][safepoint   ] Safepoint "Cleanup", Time since last: 1000098956 ns, Reaching safepoint: 950379 ns, Cleanup: 13981 ns, At safepoint: 384773 ns, Total: 1349133 ns
[2025-10-13T19:29:58.812-0700][1256][info ][safepoint   ] Safepoint "Cleanup", Time since last: 1000115434 ns, Reaching safepoint: 1038451 ns, Cleanup: 26219 ns, At safepoint: 838905 ns, Total: 1903575 ns
[2025-10-13T19:29:59.814-0700][1256][info ][safepoint   ] Safepoint "Cleanup", Time since last: 1000120922 ns, Reaching safepoint: 1019503 ns, Cleanup: 26960 ns, At safepoint: 841659 ns, Total: 1888122 ns
[2025-10-13T19:30:00.816-0700][1256][info ][safepoint   ] Safepoint "Cleanup", Time since last: 1000113161 ns, Reaching safepoint: 810342 ns, Cleanup: 24006 ns, At safepoint: 796221 ns, Total: 1630569 ns
[2025-10-13T19:30:01.818-0700][1256][info ][safepoint   ] Safepoint "Cleanup", Time since last: 1000123386 ns, Reaching safepoint: 903361 ns, Cleanup: 19499 ns, At safepoint: 776041 ns, Total: 1698901 ns
[2025-10-13T19:30:03.330-0700][1256][info ][safepoint   ] Safepoint "Cleanup", Time since last: 1500662969 ns, Reaching safepoint: 9235391 ns, Cleanup: 50655 ns, At safepoint: 2479338 ns, Total: 11765384 ns
[2025-10-13T19:30:04.235-0700][1256][info ][gc,start    ] GC(100) Pause Young (Mixed) (G1 Evacuation Pause)
[2025-10-13T19:30:04.235-0700][1256][info ][gc,task     ] GC(100) Using 113 workers of 113 for evacuation
[2025-10-13T19:30:04.249-0700][1256][debug][gc,remset   ] GC(100) Visited cards 9547776 Total dirty 71761920 (13.30%) Total old 488767488 (1.95%)
[2025-10-13T19:30:04.428-0700][1256][info ][gc,phases   ] GC(100)   Pre Evacuate Collection Set: 0.7ms
[2025-10-13T19:30:04.428-0700][1256][info ][gc,phases   ] GC(100)   Merge Heap Roots: 13.7ms
[2025-10-13T19:30:04.428-0700][1256][info ][gc,phases   ] GC(100)   Evacuate Collection Set: 161.2ms
[2025-10-13T19:30:04.428-0700][1256][info ][gc,phases   ] GC(100)   Post Evacuate Collection Set: 17.6ms
[2025-10-13T19:30:04.428-0700][1256][info ][gc,phases   ] GC(100)   Other: 0.2ms
[2025-10-13T19:30:04.428-0700][1256][debug][gc,remset   ] GC(100) Coarsening (recent): Inline->AoC 35110 (0) AoC->Howl 346 (0) Howl->Full 0 (0) Inline->AoC 1441 (0) AoC->BitMap 200 (0) BitMap->Full 0 (0) 
[2025-10-13T19:30:04.428-0700][1256][debug][gc,remset   ] GC(100) Coarsening (all): Inline->AoC 1886620 (13) AoC->Howl 33603 (65) Howl->Full 0 (0) Inline->AoC 142476 (18) AoC->BitMap 43198 (67) BitMap->Full 2 (0) 
[2025-10-13T19:30:04.428-0700][1256][info ][gc,heap     ] GC(100) Eden regions: 2852->0(2347)
[2025-10-13T19:30:04.428-0700][1256][info ][gc,heap     ] GC(100) Survivor regions: 220->229(384)
[2025-10-13T19:30:04.428-0700][1256][info ][gc,heap     ] GC(100) Old regions: 1220->1184
[2025-10-13T19:30:04.428-0700][1256][info ][gc,heap     ] GC(100) Humongous regions: 18->0
[2025-10-13T19:30:04.428-0700][1256][info ][gc,metaspace] GC(100) Metaspace: 314462K(319616K)->314462K(319616K) NonClass: 276596K(279296K)->276596K(279296K) Class: 37866K(40320K)->37866K(40320K)
[2025-10-13T19:30:04.428-0700][1256][info ][gc          ] GC(100) Pause Young (Mixed) (G1 Evacuation Pause) 137903M->45191M(184320M) 193.557ms
[2025-10-13T19:30:04.430-0700][1256][info ][gc,cpu      ] GC(100) User=17.68s Sys=0.41s Real=0.19s
[2025-10-13T19:30:04.431-0700][1256][info ][safepoint   ] Safepoint "G1CollectForAllocation", Time since last: 901456689 ns, Reaching safepoint: 950870 ns, Cleanup: 28422 ns, At safepoint: 198161676 ns, Total: 199140968 ns
[2025-10-13T19:30:05.432-0700][1256][info ][safepoint   ] Safepoint "Cleanup", Time since last: 1000083077 ns, Reaching safepoint: 836941 ns, Cleanup: 35563 ns, At safepoint: 311923 ns, Total: 1184427 ns
[2025-10-13T19:30:06.448-0700][1256][info ][safepoint   ] Safepoint "Cleanup", Time since last: 1000102615 ns, Reaching safepoint: 13408433 ns, Cleanup: 33269 ns, At safepoint: 2541911 ns, Total: 15983613 ns
[2025-10-13T19:30:07.450-0700][1256][info ][safepoint   ] Safepoint "Cleanup", Time since last: 1000121905 ns, Reaching safepoint: 1009317 ns, Cleanup: 46539 ns, At safepoint: 946034 ns, Total: 2001890 ns
[2025-10-13T19:30:08.453-0700][1256][info ][safepoint   ] Safepoint "Cleanup", Time since last: 1000118118 ns, Reaching safepoint: 950230 ns, Cleanup: 32929 ns, At safepoint: 1053823 ns, Total: 2036982 ns
[2025-10-13T19:30:09.459-0700][1256][info ][safepoint   ] Safepoint "Cleanup", Time since last: 1000114944 ns, Reaching safepoint: 3989439 ns, Cleanup: 33279 ns, At safepoint: 2052716 ns, Total: 6075434 ns
[2025-10-13T19:30:10.065-0700][1256][info ][gc,start    ] GC(101) Pause Young (Mixed) (G1 Evacuation Pause)
[2025-10-13T19:30:10.065-0700][1256][info ][gc,task     ] GC(101) Using 113 workers of 113 for evacuation
[2025-10-13T19:30:10.080-0700][1256][debug][gc,remset   ] GC(101) Visited cards 9690112 Total dirty 70582272 (13.73%) Total old 458686464 (2.11%)
[2025-10-13T19:30:10.291-0700][1256][info ][gc,mmu      ] GC(101) MMU target violated: 201.0ms (200.0ms/201.0ms)
[2025-10-13T19:30:10.292-0700][1256][info ][gc,phases   ] GC(101)   Pre Evacuate Collection Set: 0.8ms
[2025-10-13T19:30:10.292-0700][1256][info ][gc,phases   ] GC(101)   Merge Heap Roots: 14.1ms
[2025-10-13T19:30:10.292-0700][1256][info ][gc,phases   ] GC(101)   Evacuate Collection Set: 193.3ms
[2025-10-13T19:30:10.292-0700][1256][info ][gc,phases   ] GC(101)   Post Evacuate Collection Set: 17.6ms
[2025-10-13T19:30:10.292-0700][1256][info ][gc,phases   ] GC(101)   Other: 0.2ms
[2025-10-13T19:30:10.292-0700][1256][debug][gc,remset   ] GC(101) Coarsening (recent): Inline->AoC 32537 (0) AoC->Howl 461 (0) Howl->Full 0 (0) Inline->AoC 1632 (0) AoC->BitMap 361 (0) BitMap->Full 0 (0) 
[2025-10-13T19:30:10.292-0700][1256][debug][gc,remset   ] GC(101) Coarsening (all): Inline->AoC 1919157 (13) AoC->Howl 34064 (65) Howl->Full 0 (0) Inline->AoC 144108 (18) AoC->BitMap 43559 (67) BitMap->Full 2 (0) 
[2025-10-13T19:30:10.292-0700][1256][info ][gc,heap     ] GC(101) Eden regions: 2626->0(1714)
[2025-10-13T19:30:10.292-0700][1256][info ][gc,heap     ] GC(101) Survivor regions: 229->248(357)
[2025-10-13T19:30:10.292-0700][1256][info ][gc,heap     ] GC(101) Old regions: 1184->1172
[2025-10-13T19:30:10.292-0700][1256][info ][gc,heap     ] GC(101) Humongous regions: 29->0
[2025-10-13T19:30:10.292-0700][1256][info ][gc,metaspace] GC(101) Metaspace: 314553K(319744K)->314553K(319744K) NonClass: 276677K(279424K)->276677K(279424K) Class: 37876K(40320K)->37876K(40320K)
[2025-10-13T19:30:10.292-0700][1256][info ][gc          ] GC(101) Pause Young (Mixed) (G1 Evacuation Pause) 130151M->45401M(184320M) 226.266ms
[2025-10-13T19:30:10.293-0700][1256][info ][gc,cpu      ] GC(101) User=20.60s Sys=0.12s Real=0.23s
[2025-10-13T19:30:10.295-0700][1256][info ][safepoint   ] Safepoint "G1CollectForAllocation", Time since last: 603703232 ns, Reaching safepoint: 1017058 ns, Cleanup: 65297 ns, At safepoint: 231091139 ns, Total: 232173494 ns
[2025-10-13T19:30:11.296-0700][1256][info ][safepoint   ] Safepoint "Cleanup", Time since last: 1000093021 ns, Reaching safepoint: 798285 ns, Cleanup: 33720 ns, At safepoint: 188339 ns, Total: 1020344 ns
[2025-10-13T19:30:12.297-0700][1256][info ][safepoint   ] Safepoint "Cleanup", Time since last: 1000126181 ns, Reaching safepoint: 852444 ns, Cleanup: 38898 ns, At safepoint: 292754 ns, Total: 1184096 ns
[2025-10-13T19:30:14.299-0700][1256][info ][safepoint   ] Safepoint "Cleanup", Time since last: 2000167346 ns, Reaching safepoint: 834538 ns, Cleanup: 19869 ns, At safepoint: 415316 ns, Total: 1269723 ns
[2025-10-13T19:30:15.164-0700][1256][info ][gc,start    ] GC(102) Pause Young (Mixed) (G1 Evacuation Pause)
[2025-10-13T19:30:15.164-0700][1256][info ][gc,task     ] GC(102) Using 113 workers of 113 for evacuation
[2025-10-13T19:30:15.179-0700][1256][debug][gc,remset   ] GC(102) Visited cards 10471680 Total dirty 68616192 (15.26%) Total old 362414080 (2.89%)
[2025-10-13T19:30:15.355-0700][1256][info ][gc,phases   ] GC(102)   Pre Evacuate Collection Set: 0.8ms
[2025-10-13T19:30:15.355-0700][1256][info ][gc,phases   ] GC(102)   Merge Heap Roots: 13.7ms
[2025-10-13T19:30:15.355-0700][1256][info ][gc,phases   ] GC(102)   Evacuate Collection Set: 160.4ms
[2025-10-13T19:30:15.355-0700][1256][info ][gc,phases   ] GC(102)   Post Evacuate Collection Set: 15.7ms
[2025-10-13T19:30:15.355-0700][1256][info ][gc,phases   ] GC(102)   Other: 0.2ms
[2025-10-13T19:30:15.355-0700][1256][debug][gc,remset   ] GC(102) Coarsening (recent): Inline->AoC 33215 (0) AoC->Howl 538 (0) Howl->Full 0 (0) Inline->AoC 1618 (0) AoC->BitMap 491 (0) BitMap->Full 0 (0) 
[2025-10-13T19:30:15.355-0700][1256][debug][gc,remset   ] GC(102) Coarsening (all): Inline->AoC 1952372 (13) AoC->Howl 34602 (65) Howl->Full 0 (0) Inline->AoC 145726 (18) AoC->BitMap 44050 (67) BitMap->Full 2 (0) 
[2025-10-13T19:30:15.355-0700][1256][info ][gc,heap     ] GC(102) Eden regions: 1886->0(3170)
[2025-10-13T19:30:15.355-0700][1256][info ][gc,heap     ] GC(102) Survivor regions: 248->176(267)
[2025-10-13T19:30:15.355-0700][1256][info ][gc,heap     ] GC(102) Old regions: 1172->1197
[2025-10-13T19:30:15.355-0700][1256][info ][gc,heap     ] GC(102) Humongous regions: 14->0
[2025-10-13T19:30:15.355-0700][1256][info ][gc,metaspace] GC(102) Metaspace: 314586K(319744K)->314586K(319744K) NonClass: 276710K(279424K)->276710K(279424K) Class: 37876K(40320K)->37876K(40320K)
[2025-10-13T19:30:15.355-0700][1256][info ][gc          ] GC(102) Pause Young (Mixed) (G1 Evacuation Pause) 106201M->43915M(184320M) 190.971ms
[2025-10-13T19:30:15.357-0700][1256][info ][gc,cpu      ] GC(102) User=17.55s Sys=0.20s Real=0.19s
[2025-10-13T19:30:15.358-0700][1256][info ][safepoint   ] Safepoint "G1CollectForAllocation", Time since last: 862917323 ns, Reaching safepoint: 819015 ns, Cleanup: 19929 ns, At safepoint: 195662178 ns, Total: 196501122 ns
[2025-10-13T19:30:16.359-0700][1256][info ][safepoint   ] Safepoint "Cleanup", Time since last: 1000085120 ns, Reaching safepoint: 797453 ns, Cleanup: 16013 ns, At safepoint: 217393 ns, Total: 1030859 ns
[2025-10-13T19:30:17.361-0700][1256][info ][safepoint   ] Safepoint "Cleanup", Time since last: 1000107613 ns, Reaching safepoint: 881017 ns, Cleanup: 26159 ns, At safepoint: 622313 ns, Total: 1529489 ns
[2025-10-13T19:30:18.362-0700][1256][info ][safepoint   ] Safepoint "Cleanup", Time since last: 1000169225 ns, Reaching safepoint: 726377 ns, Cleanup: 26500 ns, At safepoint: 466632 ns, Total: 1219509 ns
[2025-10-13T19:30:19.363-0700][1256][info ][safepoint   ] Safepoint "Cleanup", Time since last: 1000061675 ns, Reaching safepoint: 718586 ns, Cleanup: 17366 ns, At safepoint: 497177 ns, Total: 1233129 ns
[2025-10-13T19:30:20.365-0700][1256][info ][safepoint   ] Safepoint "Cleanup", Time since last: 1000111739 ns, Reaching safepoint: 738376 ns, Cleanup: 25978 ns, At safepoint: 772627 ns, Total: 1536981 ns
[2025-10-13T19:30:21.367-0700][1256][info ][safepoint   ] Safepoint "Cleanup", Time since last: 1000149655 ns, Reaching safepoint: 868869 ns, Cleanup: 27080 ns, At safepoint: 970200 ns, Total: 1866149 ns
[2025-10-13T19:30:22.369-0700][1256][info ][safepoint   ] Safepoint "Cleanup", Time since last: 1000117118 ns, Reaching safepoint: 860489 ns, Cleanup: 18328 ns, At safepoint: 1012559 ns, Total: 1891376 ns
[2025-10-13T19:30:23.371-0700][1256][info ][safepoint   ] Safepoint "Cleanup", Time since last: 1000094728 ns, Reaching safepoint: 873689 ns, Cleanup: 16926 ns, At safepoint: 1003776 ns, Total: 1894391 ns
[2025-10-13T19:30:24.089-0700][1256][info ][gc,start    ] GC(103) Pause Young (Mixed) (G1 Evacuation Pause)
[2025-10-13T19:30:24.090-0700][1256][info ][gc,task     ] GC(103) Using 113 workers of 113 for evacuation
[2025-10-13T19:30:24.105-0700][1256][debug][gc,remset   ] GC(103) Visited cards 12012288 Total dirty 71696384 (16.75%) Total old 525336576 (2.29%)
[2025-10-13T19:30:24.291-0700][1256][info ][gc,mmu      ] GC(103) MMU target violated: 201.0ms (200.0ms/201.0ms)
[2025-10-13T19:30:24.291-0700][1256][info ][gc,phases   ] GC(103)   Pre Evacuate Collection Set: 0.9ms
[2025-10-13T19:30:24.291-0700][1256][info ][gc,phases   ] GC(103)   Merge Heap Roots: 14.3ms
[2025-10-13T19:30:24.291-0700][1256][info ][gc,phases   ] GC(103)   Evacuate Collection Set: 167.9ms
[2025-10-13T19:30:24.291-0700][1256][info ][gc,phases   ] GC(103)   Post Evacuate Collection Set: 18.3ms
[2025-10-13T19:30:24.291-0700][1256][info ][gc,phases   ] GC(103)   Other: 0.2ms
[2025-10-13T19:30:24.291-0700][1256][debug][gc,remset   ] GC(103) Coarsening (recent): Inline->AoC 57354 (0) AoC->Howl 368 (1) Howl->Full 0 (0) Inline->AoC 914 (0) AoC->BitMap 346 (0) BitMap->Full 0 (0) 
[2025-10-13T19:30:24.291-0700][1256][debug][gc,remset   ] GC(103) Coarsening (all): Inline->AoC 2009726 (13) AoC->Howl 34970 (66) Howl->Full 0 (0) Inline->AoC 146640 (18) AoC->BitMap 44396 (67) BitMap->Full 2 (0) 
[2025-10-13T19:30:24.291-0700][1256][info ][gc,heap     ] GC(103) Eden regions: 3181->0(1791)
[2025-10-13T19:30:24.291-0700][1256][info ][gc,heap     ] GC(103) Survivor regions: 176->238(420)
[2025-10-13T19:30:24.291-0700][1256][info ][gc,heap     ] GC(103) Old regions: 1197->1137
[2025-10-13T19:30:24.291-0700][1256][info ][gc,heap     ] GC(103) Humongous regions: 29->0
[2025-10-13T19:30:24.291-0700][1256][info ][gc,metaspace] GC(103) Metaspace: 314725K(319936K)->314725K(319936K) NonClass: 276835K(279552K)->276835K(279552K) Class: 37889K(40384K)->37889K(40384K)
[2025-10-13T19:30:24.291-0700][1256][info ][gc          ] GC(103) Pause Young (Mixed) (G1 Evacuation Pause) 146635M->44000M(184320M) 201.733ms
[2025-10-13T19:30:24.293-0700][1256][info ][gc,cpu      ] GC(103) User=17.00s Sys=0.32s Real=0.21s
[2025-10-13T19:30:24.294-0700][1256][info ][safepoint   ] Safepoint "G1CollectForAllocation", Time since last: 715721085 ns, Reaching safepoint: 878376 ns, Cleanup: 24767 ns, At safepoint: 206665313 ns, Total: 207568456 ns
[2025-10-13T19:30:25.295-0700][1256][info ][safepoint   ] Safepoint "Cleanup", Time since last: 1000091382 ns, Reaching safepoint: 737434 ns, Cleanup: 12008 ns, At safepoint: 146091 ns, Total: 895533 ns
[2025-10-13T19:30:26.296-0700][1256][info ][safepoint   ] Safepoint "Cleanup", Time since last: 1000107677 ns, Reaching safepoint: 722681 ns, Cleanup: 43025 ns, At safepoint: 125209 ns, Total: 890915 ns
[2025-10-13T19:30:27.298-0700][1256][info ][safepoint   ] Safepoint "Cleanup", Time since last: 1000108308 ns, Reaching safepoint: 959399 ns, Cleanup: 47742 ns, At safepoint: 642671 ns, Total: 1649812 ns
[2025-10-13T19:30:28.299-0700][1256][info ][safepoint   ] Safepoint "Cleanup", Time since last: 1000072484 ns, Reaching safepoint: 832537 ns, Cleanup: 20140 ns, At safepoint: 396479 ns, Total: 1249156 ns
[2025-10-13T19:30:29.236-0700][1256][info ][gc,start    ] GC(104) Pause Young (Mixed) (G1 Evacuation Pause)
[2025-10-13T19:30:29.236-0700][1256][info ][gc,task     ] GC(104) Using 113 workers of 113 for evacuation
[2025-10-13T19:30:29.249-0700][1256][debug][gc,remset   ] GC(104) Visited cards 12418304 Total dirty 67371008 (18.43%) Total old 372244480 (3.34%)
[2025-10-13T19:30:29.421-0700][1256][info ][gc,phases   ] GC(104)   Pre Evacuate Collection Set: 0.8ms
[2025-10-13T19:30:29.421-0700][1256][info ][gc,phases   ] GC(104)   Merge Heap Roots: 12.8ms
[2025-10-13T19:30:29.421-0700][1256][info ][gc,phases   ] GC(104)   Evacuate Collection Set: 158.2ms
[2025-10-13T19:30:29.421-0700][1256][info ][gc,phases   ] GC(104)   Post Evacuate Collection Set: 13.6ms
[2025-10-13T19:30:29.421-0700][1256][info ][gc,phases   ] GC(104)   Other: 0.2ms
[2025-10-13T19:30:29.421-0700][1256][debug][gc,remset   ] GC(104) Coarsening (recent): Inline->AoC 42442 (0) AoC->Howl 204 (0) Howl->Full 0 (0) Inline->AoC 723 (0) AoC->BitMap 142 (0) BitMap->Full 0 (0) 
[2025-10-13T19:30:29.421-0700][1256][debug][gc,remset   ] GC(104) Coarsening (all): Inline->AoC 2052168 (13) AoC->Howl 35174 (66) Howl->Full 0 (0) Inline->AoC 147363 (18) AoC->BitMap 44538 (67) BitMap->Full 2 (0) 
[2025-10-13T19:30:29.421-0700][1256][info ][gc,heap     ] GC(104) Eden regions: 1986->0(3282)
[2025-10-13T19:30:29.421-0700][1256][info ][gc,heap     ] GC(104) Survivor regions: 238->163(278)
[2025-10-13T19:30:29.421-0700][1256][info ][gc,heap     ] GC(104) Old regions: 1137->1172
[2025-10-13T19:30:29.421-0700][1256][info ][gc,heap     ] GC(104) Humongous regions: 19->0
[2025-10-13T19:30:29.421-0700][1256][info ][gc,metaspace] GC(104) Metaspace: 314856K(320128K)->314856K(320128K) NonClass: 276956K(279744K)->276956K(279744K) Class: 37900K(40384K)->37900K(40384K)
[2025-10-13T19:30:29.421-0700][1256][info ][gc          ] GC(104) Pause Young (Mixed) (G1 Evacuation Pause) 108160M->42711M(184320M) 185.762ms
[2025-10-13T19:30:29.423-0700][1256][info ][gc,cpu      ] GC(104) User=17.54s Sys=0.24s Real=0.19s
[2025-10-13T19:30:29.424-0700][1256][info ][safepoint   ] Safepoint "G1CollectForAllocation", Time since last: 933575795 ns, Reaching safepoint: 724614 ns, Cleanup: 36666 ns, At safepoint: 190521112 ns, Total: 191282392 ns
[2025-10-13T19:30:30.426-0700][1256][info ][safepoint   ] Safepoint "Cleanup", Time since last: 1000081277 ns, Reaching safepoint: 813178 ns, Cleanup: 27702 ns, At safepoint: 405012 ns, Total: 1245892 ns
[2025-10-13T19:30:31.427-0700][1256][info ][safepoint   ] Safepoint "Cleanup", Time since last: 1000114637 ns, Reaching safepoint: 929865 ns, Cleanup: 65909 ns, At safepoint: 638464 ns, Total: 1634238 ns
[2025-10-13T19:30:32.429-0700][1256][info ][safepoint   ] Safepoint "Cleanup", Time since last: 1000109841 ns, Reaching safepoint: 786147 ns, Cleanup: 16795 ns, At safepoint: 287574 ns, Total: 1090516 ns
[2025-10-13T19:30:33.430-0700][1256][info ][safepoint   ] Safepoint "Cleanup", Time since last: 1000125805 ns, Reaching safepoint: 799137 ns, Cleanup: 15563 ns, At safepoint: 340735 ns, Total: 1155435 ns
[2025-10-13T19:30:34.431-0700][1256][info ][safepoint   ] Safepoint "Cleanup", Time since last: 1000116660 ns, Reaching safepoint: 791896 ns, Cleanup: 13441 ns, At safepoint: 500205 ns, Total: 1305542 ns
[2025-10-13T19:30:35.433-0700][1256][info ][safepoint   ] Safepoint "Cleanup", Time since last: 1000106455 ns, Reaching safepoint: 750233 ns, Cleanup: 10346 ns, At safepoint: 562780 ns, Total: 1323359 ns
[2025-10-13T19:30:37.434-0700][1256][info ][safepoint   ] Safepoint "Cleanup", Time since last: 2000172609 ns, Reaching safepoint: 989675 ns, Cleanup: 16955 ns, At safepoint: 533887 ns, Total: 1540517 ns
[2025-10-13T19:30:38.436-0700][1256][info ][safepoint   ] Safepoint "Cleanup", Time since last: 1000107687 ns, Reaching safepoint: 867770 ns, Cleanup: 12679 ns, At safepoint: 759648 ns, Total: 1640097 ns
[2025-10-13T19:30:39.439-0700][1256][info ][safepoint   ] Safepoint "Cleanup", Time since last: 1000115619 ns, Reaching safepoint: 856924 ns, Cleanup: 15313 ns, At safepoint: 1368046 ns, Total: 2240283 ns
[2025-10-13T19:30:40.527-0700][1256][info ][gc,start    ] GC(105) Pause Young (Mixed) (G1 Evacuation Pause)
[2025-10-13T19:30:40.527-0700][1256][info ][gc,task     ] GC(105) Using 113 workers of 113 for evacuation
[2025-10-13T19:30:40.542-0700][1256][debug][gc,remset   ] GC(105) Visited cards 13165568 Total dirty 70057984 (18.79%) Total old 536084480 (2.46%)
[2025-10-13T19:30:40.700-0700][1256][info ][gc,phases   ] GC(105)   Pre Evacuate Collection Set: 0.7ms
[2025-10-13T19:30:40.700-0700][1256][info ][gc,phases   ] GC(105)   Merge Heap Roots: 13.4ms
[2025-10-13T19:30:40.700-0700][1256][info ][gc,phases   ] GC(105)   Evacuate Collection Set: 142.0ms
[2025-10-13T19:30:40.700-0700][1256][info ][gc,phases   ] GC(105)   Post Evacuate Collection Set: 16.0ms
[2025-10-13T19:30:40.700-0700][1256][info ][gc,phases   ] GC(105)   Other: 0.2ms
[2025-10-13T19:30:40.700-0700][1256][debug][gc,remset   ] GC(105) Coarsening (recent): Inline->AoC 58874 (0) AoC->Howl 276 (0) Howl->Full 0 (0) Inline->AoC 805 (0) AoC->BitMap 230 (0) BitMap->Full 0 (0) 
[2025-10-13T19:30:40.700-0700][1256][debug][gc,remset   ] GC(105) Coarsening (all): Inline->AoC 2111042 (13) AoC->Howl 35450 (66) Howl->Full 0 (0) Inline->AoC 148168 (18) AoC->BitMap 44768 (67) BitMap->Full 2 (0) 
[2025-10-13T19:30:40.700-0700][1256][info ][gc,heap     ] GC(105) Eden regions: 3293->0(2100)
[2025-10-13T19:30:40.700-0700][1256][info ][gc,heap     ] GC(105) Survivor regions: 163->218(432)
[2025-10-13T19:30:40.700-0700][1256][info ][gc,heap     ] GC(105) Old regions: 1172->1116
[2025-10-13T19:30:40.700-0700][1256][info ][gc,heap     ] GC(105) Humongous regions: 20->0
[2025-10-13T19:30:40.700-0700][1256][info ][gc,metaspace] GC(105) Metaspace: 314985K(320256K)->314985K(320256K) NonClass: 277078K(279872K)->277078K(279872K) Class: 37906K(40384K)->37906K(40384K)
[2025-10-13T19:30:40.700-0700][1256][info ][gc          ] GC(105) Pause Young (Mixed) (G1 Evacuation Pause) 148727M->42637M(184320M) 172.572ms
[2025-10-13T19:30:40.702-0700][1256][info ][gc,cpu      ] GC(105) User=15.72s Sys=0.39s Real=0.18s
[2025-10-13T19:30:40.703-0700][1256][info ][safepoint   ] Safepoint "G1CollectForAllocation", Time since last: 1086147849 ns, Reaching safepoint: 756633 ns, Cleanup: 6309 ns, At safepoint: 177252736 ns, Total: 178015678 ns
[2025-10-13T19:30:41.704-0700][1256][info ][safepoint   ] Safepoint "Cleanup", Time since last: 1000080486 ns, Reaching safepoint: 703783 ns, Cleanup: 23535 ns, At safepoint: 103877 ns, Total: 831195 ns
[2025-10-13T19:30:42.705-0700][1256][info ][safepoint   ] Safepoint "Cleanup", Time since last: 1000101027 ns, Reaching safepoint: 985388 ns, Cleanup: 10256 ns, At safepoint: 456058 ns, Total: 1451702 ns
[2025-10-13T19:30:43.707-0700][1256][info ][safepoint   ] Safepoint "Cleanup", Time since last: 1000138123 ns, Reaching safepoint: 739808 ns, Cleanup: 33019 ns, At safepoint: 596571 ns, Total: 1369398 ns
[2025-10-13T19:30:44.709-0700][1256][info ][safepoint   ] Safepoint "Cleanup", Time since last: 1000112905 ns, Reaching safepoint: 1270088 ns, Cleanup: 9855 ns, At safepoint: 987441 ns, Total: 2267384 ns
[2025-10-13T19:30:45.711-0700][1256][info ][safepoint   ] Safepoint "Cleanup", Time since last: 1000120557 ns, Reaching safepoint: 892528 ns, Cleanup: 10806 ns, At safepoint: 727308 ns, Total: 1630642 ns
[2025-10-13T19:30:46.712-0700][1256][info ][safepoint   ] Safepoint "Cleanup", Time since last: 1000116961 ns, Reaching safepoint: 728521 ns, Cleanup: 15102 ns, At safepoint: 510672 ns, Total: 1254295 ns
[2025-10-13T19:30:48.627-0700][1256][info ][gc,start    ] GC(106) Pause Young (Mixed) (G1 Evacuation Pause)
[2025-10-13T19:30:48.627-0700][1256][info ][gc,task     ] GC(106) Using 113 workers of 113 for evacuation
[2025-10-13T19:30:48.641-0700][1256][debug][gc,remset   ] GC(106) Visited cards 13829120 Total dirty 68419584 (20.21%) Total old 431554560 (3.20%)
[2025-10-13T19:30:48.836-0700][1256][info ][gc,mmu      ] GC(106) MMU target violated: 201.0ms (200.0ms/201.0ms)
[2025-10-13T19:30:48.836-0700][1256][info ][gc,phases   ] GC(106)   Pre Evacuate Collection Set: 0.8ms
[2025-10-13T19:30:48.836-0700][1256][info ][gc,phases   ] GC(106)   Merge Heap Roots: 13.2ms
[2025-10-13T19:30:48.836-0700][1256][info ][gc,phases   ] GC(106)   Evacuate Collection Set: 181.8ms
[2025-10-13T19:30:48.836-0700][1256][info ][gc,phases   ] GC(106)   Post Evacuate Collection Set: 13.3ms
[2025-10-13T19:30:48.837-0700][1256][info ][gc,phases   ] GC(106)   Other: 0.2ms
[2025-10-13T19:30:48.837-0700][1256][debug][gc,remset   ] GC(106) Coarsening (recent): Inline->AoC 47494 (0) AoC->Howl 135 (0) Howl->Full 0 (0) Inline->AoC 610 (0) AoC->BitMap 73 (0) BitMap->Full 0 (0) 
[2025-10-13T19:30:48.837-0700][1256][debug][gc,remset   ] GC(106) Coarsening (all): Inline->AoC 2158536 (13) AoC->Howl 35585 (66) Howl->Full 0 (0) Inline->AoC 148778 (18) AoC->BitMap 44841 (67) BitMap->Full 2 (0) 
[2025-10-13T19:30:48.837-0700][1256][info ][gc,heap     ] GC(106) Eden regions: 2473->0(2642)
[2025-10-13T19:30:48.837-0700][1256][info ][gc,heap     ] GC(106) Survivor regions: 218->222(337)
[2025-10-13T19:30:48.837-0700][1256][info ][gc,heap     ] GC(106) Old regions: 1116->1117
[2025-10-13T19:30:48.837-0700][1256][info ][gc,heap     ] GC(106) Humongous regions: 15->0
[2025-10-13T19:30:48.837-0700][1256][info ][gc,metaspace] GC(106) Metaspace: 315020K(320256K)->315020K(320256K) NonClass: 277111K(279872K)->277111K(279872K) Class: 37908K(40384K)->37908K(40384K)
[2025-10-13T19:30:48.837-0700][1256][info ][gc          ] GC(106) Pause Young (Mixed) (G1 Evacuation Pause) 122253M->42826M(184320M) 209.354ms
[2025-10-13T19:30:48.838-0700][1256][info ][gc,cpu      ] GC(106) User=19.58s Sys=0.29s Real=0.21s
[2025-10-13T19:30:48.840-0700][1256][info ][safepoint   ] Safepoint "G1CollectForAllocation", Time since last: 1912475755 ns, Reaching safepoint: 798666 ns, Cleanup: 11307 ns, At safepoint: 214233211 ns, Total: 215043184 ns
[2025-10-13T19:30:49.841-0700][1256][info ][safepoint   ] Safepoint "Cleanup", Time since last: 1000079295 ns, Reaching safepoint: 727598 ns, Cleanup: 22204 ns, At safepoint: 121964 ns, Total: 871766 ns
[2025-10-13T19:30:50.846-0700][1256][info ][safepoint   ] Safepoint "Cleanup", Time since last: 1000105404 ns, Reaching safepoint: 3867811 ns, Cleanup: 25698 ns, At safepoint: 1146912 ns, Total: 5040421 ns
[2025-10-13T19:30:52.366-0700][1256][info ][safepoint   ] Safepoint "Cleanup", Time since last: 1518968828 ns, Reaching safepoint: 750864 ns, Cleanup: 40491 ns, At safepoint: 324089 ns, Total: 1115444 ns
[2025-10-13T19:30:54.367-0700][1256][info ][safepoint   ] Safepoint "Cleanup", Time since last: 2000183546 ns, Reaching safepoint: 710583 ns, Cleanup: 16896 ns, At safepoint: 205811 ns, Total: 933290 ns
[2025-10-13T19:30:55.368-0700][1256][info ][safepoint   ] Safepoint "Cleanup", Time since last: 1000118583 ns, Reaching safepoint: 733398 ns, Cleanup: 40361 ns, At safepoint: 319733 ns, Total: 1093492 ns
[2025-10-13T19:30:57.369-0700][1256][info ][safepoint   ] Safepoint "Cleanup", Time since last: 2000196826 ns, Reaching safepoint: 766317 ns, Cleanup: 50737 ns, At safepoint: 200402 ns, Total: 1017456 ns
[2025-10-13T19:30:58.015-0700][1256][info ][gc,start    ] GC(107) Pause Young (Normal) (G1 Evacuation Pause)
[2025-10-13T19:30:58.015-0700][1256][info ][gc,task     ] GC(107) Using 113 workers of 113 for evacuation
[2025-10-13T19:30:58.029-0700][1256][debug][gc,remset   ] GC(107) Visited cards 8410368 Total dirty 68091904 (12.35%) Total old 472580096 (1.78%)
[2025-10-13T19:30:58.206-0700][1256][info ][gc,phases   ] GC(107)   Pre Evacuate Collection Set: 0.7ms
[2025-10-13T19:30:58.206-0700][1256][info ][gc,phases   ] GC(107)   Merge Heap Roots: 13.3ms
[2025-10-13T19:30:58.206-0700][1256][info ][gc,phases   ] GC(107)   Evacuate Collection Set: 161.5ms
[2025-10-13T19:30:58.206-0700][1256][info ][gc,phases   ] GC(107)   Post Evacuate Collection Set: 14.7ms
[2025-10-13T19:30:58.206-0700][1256][info ][gc,phases   ] GC(107)   Other: 0.2ms
[2025-10-13T19:30:58.206-0700][1256][debug][gc,remset   ] GC(107) Coarsening (recent): Inline->AoC 47841 (2) AoC->Howl 185 (15) Howl->Full 0 (0) Inline->AoC 593 (4) AoC->BitMap 135 (8) BitMap->Full 0 (0) 
[2025-10-13T19:30:58.206-0700][1256][debug][gc,remset   ] GC(107) Coarsening (all): Inline->AoC 2206377 (15) AoC->Howl 35770 (81) Howl->Full 0 (0) Inline->AoC 149371 (22) AoC->BitMap 44976 (75) BitMap->Full 2 (0) 
[2025-10-13T19:30:58.206-0700][1256][info ][gc,heap     ] GC(107) Eden regions: 2815->0(2654)
[2025-10-13T19:30:58.206-0700][1256][info ][gc,heap     ] GC(107) Survivor regions: 222->229(380)
[2025-10-13T19:30:58.206-0700][1256][info ][gc,heap     ] GC(107) Old regions: 1117->1161
[2025-10-13T19:30:58.206-0700][1256][info ][gc,heap     ] GC(107) Humongous regions: 20->0
[2025-10-13T19:30:58.206-0700][1256][info ][gc,metaspace] GC(107) Metaspace: 315180K(320512K)->315180K(320512K) NonClass: 277257K(280064K)->277257K(280064K) Class: 37922K(40448K)->37922K(40448K)
[2025-10-13T19:30:58.206-0700][1256][info ][gc          ] GC(107) Pause Young (Normal) (G1 Evacuation Pause) 133546M->44472M(184320M) 190.575ms
[2025-10-13T19:30:58.208-0700][1256][info ][gc,cpu      ] GC(107) User=17.57s Sys=0.28s Real=0.19s
[2025-10-13T19:30:58.209-0700][1256][info ][safepoint   ] Safepoint "G1CollectForAllocation", Time since last: 643217766 ns, Reaching safepoint: 789662 ns, Cleanup: 33841 ns, At safepoint: 195484728 ns, Total: 196308231 ns
[2025-10-13T19:30:59.210-0700][1256][info ][safepoint   ] Safepoint "Cleanup", Time since last: 1000088859 ns, Reaching safepoint: 780979 ns, Cleanup: 21413 ns, At safepoint: 426734 ns, Total: 1229126 ns
[2025-10-13T19:31:00.212-0700][1256][info ][safepoint   ] Safepoint "Cleanup", Time since last: 1000122680 ns, Reaching safepoint: 1040982 ns, Cleanup: 11988 ns, At safepoint: 812777 ns, Total: 1865747 ns
[2025-10-13T19:31:01.216-0700][1256][info ][safepoint   ] Safepoint "Cleanup", Time since last: 1000125855 ns, Reaching safepoint: 2306804 ns, Cleanup: 28463 ns, At safepoint: 1150567 ns, Total: 3485834 ns
[2025-10-13T19:31:02.218-0700][1256][info ][safepoint   ] Safepoint "Cleanup", Time since last: 1000116040 ns, Reaching safepoint: 984066 ns, Cleanup: 38698 ns, At safepoint: 978728 ns, Total: 2001492 ns
[2025-10-13T19:31:03.353-0700][1256][info ][safepoint   ] Safepoint "Cleanup", Time since last: 1133359688 ns, Reaching safepoint: 944494 ns, Cleanup: 29865 ns, At safepoint: 443498 ns, Total: 1417857 ns
[2025-10-13T19:31:04.355-0700][1256][info ][safepoint   ] Safepoint "Cleanup", Time since last: 1000120259 ns, Reaching safepoint: 1186628 ns, Cleanup: 13531 ns, At safepoint: 636809 ns, Total: 1836968 ns
[2025-10-13T19:31:04.834-0700][1256][info ][gc,start    ] GC(108) Pause Young (Normal) (G1 Evacuation Pause)
[2025-10-13T19:31:04.834-0700][1256][info ][gc,task     ] GC(108) Using 113 workers of 113 for evacuation
[2025-10-13T19:31:04.848-0700][1256][debug][gc,remset   ] GC(108) Visited cards 8605952 Total dirty 70975488 (12.13%) Total old 485294080 (1.77%)
[2025-10-13T19:31:05.030-0700][1256][info ][gc,phases   ] GC(108)   Pre Evacuate Collection Set: 0.7ms
[2025-10-13T19:31:05.030-0700][1256][info ][gc,phases   ] GC(108)   Merge Heap Roots: 13.5ms
[2025-10-13T19:31:05.031-0700][1256][info ][gc,phases   ] GC(108)   Evacuate Collection Set: 170.1ms
[2025-10-13T19:31:05.031-0700][1256][info ][gc,phases   ] GC(108)   Post Evacuate Collection Set: 12.1ms
[2025-10-13T19:31:05.031-0700][1256][info ][gc,phases   ] GC(108)   Other: 0.2ms
[2025-10-13T19:31:05.031-0700][1256][debug][gc,remset   ] GC(108) Coarsening (recent): Inline->AoC 24336 (4) AoC->Howl 63 (5) Howl->Full 0 (0) Inline->AoC 210 (2) AoC->BitMap 62 (5) BitMap->Full 0 (0) 
[2025-10-13T19:31:05.031-0700][1256][debug][gc,remset   ] GC(108) Coarsening (all): Inline->AoC 2230713 (19) AoC->Howl 35833 (86) Howl->Full 0 (0) Inline->AoC 149581 (24) AoC->BitMap 45038 (80) BitMap->Full 2 (0) 
[2025-10-13T19:31:05.031-0700][1256][info ][gc,heap     ] GC(108) Eden regions: 2880->0(2941)
[2025-10-13T19:31:05.031-0700][1256][info ][gc,heap     ] GC(108) Survivor regions: 229->223(389)
[2025-10-13T19:31:05.031-0700][1256][info ][gc,heap     ] GC(108) Old regions: 1161->1229
[2025-10-13T19:31:05.031-0700][1256][info ][gc,heap     ] GC(108) Humongous regions: 26->0
[2025-10-13T19:31:05.031-0700][1256][info ][gc,metaspace] GC(108) Metaspace: 315231K(320576K)->315231K(320576K) NonClass: 277299K(280128K)->277299K(280128K) Class: 37931K(40448K)->37931K(40448K)
[2025-10-13T19:31:05.031-0700][1256][info ][gc          ] GC(108) Pause Young (Normal) (G1 Evacuation Pause) 137464M->46432M(184320M) 196.835ms
[2025-10-13T19:31:05.032-0700][1256][info ][gc,cpu      ] GC(108) User=17.62s Sys=0.13s Real=0.20s
[2025-10-13T19:31:05.034-0700][1256][info ][safepoint   ] Safepoint "G1CollectForAllocation", Time since last: 476168542 ns, Reaching safepoint: 1108080 ns, Cleanup: 13730 ns, At safepoint: 201727299 ns, Total: 202849109 ns
[2025-10-13T19:31:06.035-0700][1256][info ][safepoint   ] Safepoint "Cleanup", Time since last: 1000088251 ns, Reaching safepoint: 930612 ns, Cleanup: 20851 ns, At safepoint: 494375 ns, Total: 1445838 ns
[2025-10-13T19:31:07.037-0700][1256][info ][safepoint   ] Safepoint "Cleanup", Time since last: 1000113720 ns, Reaching safepoint: 853055 ns, Cleanup: 30656 ns, At safepoint: 451981 ns, Total: 1335692 ns
[2025-10-13T19:31:08.038-0700][1256][info ][safepoint   ] Safepoint "Cleanup", Time since last: 1000102152 ns, Reaching safepoint: 862290 ns, Cleanup: 16835 ns, At safepoint: 625112 ns, Total: 1504237 ns
[2025-10-13T19:31:10.040-0700][1256][info ][safepoint   ] Safepoint "Cleanup", Time since last: 2000166987 ns, Reaching safepoint: 1147770 ns, Cleanup: 13390 ns, At safepoint: 469317 ns, Total: 1630477 ns
[2025-10-13T19:31:11.042-0700][1256][info ][safepoint   ] Safepoint "Cleanup", Time since last: 1000087079 ns, Reaching safepoint: 890342 ns, Cleanup: 35554 ns, At safepoint: 537730 ns, Total: 1463626 ns
[2025-10-13T19:31:12.044-0700][1256][info ][safepoint   ] Safepoint "Cleanup", Time since last: 1000112878 ns, Reaching safepoint: 896581 ns, Cleanup: 35534 ns, At safepoint: 809029 ns, Total: 1741144 ns
[2025-10-13T19:31:12.424-0700][1256][info ][gc,start    ] GC(109) Pause Young (Normal) (G1 Evacuation Pause)
[2025-10-13T19:31:12.424-0700][1256][info ][gc,task     ] GC(109) Using 113 workers of 113 for evacuation
[2025-10-13T19:31:12.438-0700][1256][debug][gc,remset   ] GC(109) Visited cards 8894464 Total dirty 75300864 (11.81%) Total old 524484608 (1.70%)
[2025-10-13T19:31:12.619-0700][1256][info ][gc,phases   ] GC(109)   Pre Evacuate Collection Set: 0.7ms
[2025-10-13T19:31:12.619-0700][1256][info ][gc,phases   ] GC(109)   Merge Heap Roots: 13.5ms
[2025-10-13T19:31:12.619-0700][1256][info ][gc,phases   ] GC(109)   Evacuate Collection Set: 164.6ms
[2025-10-13T19:31:12.619-0700][1256][info ][gc,phases   ] GC(109)   Post Evacuate Collection Set: 15.7ms
[2025-10-13T19:31:12.619-0700][1256][info ][gc,phases   ] GC(109)   Other: 0.2ms
[2025-10-13T19:31:12.619-0700][1256][debug][gc,remset   ] GC(109) Coarsening (recent): Inline->AoC 36363 (3) AoC->Howl 140 (5) Howl->Full 0 (0) Inline->AoC 418 (0) AoC->BitMap 93 (2) BitMap->Full 0 (0) 
[2025-10-13T19:31:12.619-0700][1256][debug][gc,remset   ] GC(109) Coarsening (all): Inline->AoC 2267076 (22) AoC->Howl 35973 (91) Howl->Full 0 (0) Inline->AoC 149999 (24) AoC->BitMap 45131 (82) BitMap->Full 2 (0) 
[2025-10-13T19:31:12.619-0700][1256][info ][gc,heap     ] GC(109) Eden regions: 3156->0(1724)
[2025-10-13T19:31:12.619-0700][1256][info ][gc,heap     ] GC(109) Survivor regions: 223->279(423)
[2025-10-13T19:31:12.619-0700][1256][info ][gc,heap     ] GC(109) Old regions: 1229->1229
[2025-10-13T19:31:12.619-0700][1256][info ][gc,heap     ] GC(109) Humongous regions: 16->0
[2025-10-13T19:31:12.619-0700][1256][info ][gc,metaspace] GC(109) Metaspace: 315276K(320640K)->315276K(320640K) NonClass: 277338K(280192K)->277338K(280192K) Class: 37937K(40448K)->37937K(40448K)
[2025-10-13T19:31:12.619-0700][1256][info ][gc          ] GC(109) Pause Young (Normal) (G1 Evacuation Pause) 147936M->48233M(184320M) 194.900ms
[2025-10-13T19:31:12.621-0700][1256][info ][gc,cpu      ] GC(109) User=17.87s Sys=0.33s Real=0.20s
[2025-10-13T19:31:12.622-0700][1256][info ][safepoint   ] Safepoint "G1CollectForAllocation", Time since last: 377677412 ns, Reaching safepoint: 1057654 ns, Cleanup: 4817 ns, At safepoint: 199804001 ns, Total: 200866472 ns
[2025-10-13T19:31:13.623-0700][1256][info ][safepoint   ] Safepoint "Cleanup", Time since last: 1000085737 ns, Reaching safepoint: 829790 ns, Cleanup: 17627 ns, At safepoint: 184718 ns, Total: 1032135 ns
[2025-10-13T19:31:14.625-0700][1256][info ][safepoint   ] Safepoint "Cleanup", Time since last: 1000120389 ns, Reaching safepoint: 913146 ns, Cleanup: 36786 ns, At safepoint: 299711 ns, Total: 1249643 ns
[2025-10-13T19:31:15.626-0700][1256][info ][safepoint   ] Safepoint "Cleanup", Time since last: 1000108091 ns, Reaching safepoint: 804342 ns, Cleanup: 29445 ns, At safepoint: 281674 ns, Total: 1115461 ns
[2025-10-13T19:31:16.628-0700][1256][info ][safepoint   ] Safepoint "Cleanup", Time since last: 1000113218 ns, Reaching safepoint: 1551589 ns, Cleanup: 23525 ns, At safepoint: 578462 ns, Total: 2153576 ns
[2025-10-13T19:31:17.311-0700][1256][info ][gc,start    ] GC(110) Pause Young (Normal) (G1 Evacuation Pause)
[2025-10-13T19:31:17.311-0700][1256][info ][gc,task     ] GC(110) Using 113 workers of 113 for evacuation
[2025-10-13T19:31:17.325-0700][1256][debug][gc,remset   ] GC(110) Visited cards 8882688 Total dirty 75366400 (11.79%) Total old 359989248 (2.47%)
[2025-10-13T19:31:17.501-0700][1256][info ][gc,phases   ] GC(110)   Pre Evacuate Collection Set: 0.7ms
[2025-10-13T19:31:17.501-0700][1256][info ][gc,phases   ] GC(110)   Merge Heap Roots: 13.1ms
[2025-10-13T19:31:17.501-0700][1256][info ][gc,phases   ] GC(110)   Evacuate Collection Set: 163.5ms
[2025-10-13T19:31:17.501-0700][1256][info ][gc,phases   ] GC(110)   Post Evacuate Collection Set: 12.3ms
[2025-10-13T19:31:17.501-0700][1256][info ][gc,phases   ] GC(110)   Other: 0.1ms
[2025-10-13T19:31:17.501-0700][1256][debug][gc,remset   ] GC(110) Coarsening (recent): Inline->AoC 36946 (1) AoC->Howl 133 (1) Howl->Full 0 (0) Inline->AoC 538 (0) AoC->BitMap 89 (2) BitMap->Full 0 (0) 
[2025-10-13T19:31:17.501-0700][1256][debug][gc,remset   ] GC(110) Coarsening (all): Inline->AoC 2304022 (23) AoC->Howl 36106 (92) Howl->Full 0 (0) Inline->AoC 150537 (24) AoC->BitMap 45220 (84) BitMap->Full 2 (0) 
[2025-10-13T19:31:17.501-0700][1256][info ][gc,heap     ] GC(110) Eden regions: 1849->0(3311)
[2025-10-13T19:31:17.501-0700][1256][info ][gc,heap     ] GC(110) Survivor regions: 279->145(266)
[2025-10-13T19:31:17.501-0700][1256][info ][gc,heap     ] GC(110) Old regions: 1229->1368
[2025-10-13T19:31:17.501-0700][1256][info ][gc,heap     ] GC(110) Humongous regions: 8->0
[2025-10-13T19:31:17.501-0700][1256][info ][gc,metaspace] GC(110) Metaspace: 315325K(320704K)->315325K(320704K) NonClass: 277383K(280256K)->277383K(280256K) Class: 37942K(40448K)->37942K(40448K)
[2025-10-13T19:31:17.501-0700][1256][info ][gc          ] GC(110) Pause Young (Normal) (G1 Evacuation Pause) 107657M->48400M(184320M) 190.003ms
[2025-10-13T19:31:17.503-0700][1256][info ][gc,cpu      ] GC(110) User=16.57s Sys=0.30s Real=0.19s
[2025-10-13T19:31:17.504-0700][1256][info ][safepoint   ] Safepoint "G1CollectForAllocation", Time since last: 679915343 ns, Reaching safepoint: 842810 ns, Cleanup: 46761 ns, At safepoint: 195163327 ns, Total: 196052898 ns
[2025-10-13T19:31:17.650-0700][1256][info ][gc,start    ] GC(111) Pause Young (Concurrent Start) (G1 Humongous Allocation)
[2025-10-13T19:31:17.650-0700][1256][info ][gc,task     ] GC(111) Using 113 workers of 113 for evacuation
[2025-10-13T19:31:17.661-0700][1256][debug][gc,remset   ] GC(111) Visited cards 8366080 Total dirty 81920000 (10.21%) Total old 122028032 (6.86%)
[2025-10-13T19:31:17.761-0700][1256][info ][gc,phases   ] GC(111)   Pre Evacuate Collection Set: 0.9ms
[2025-10-13T19:31:17.761-0700][1256][info ][gc,phases   ] GC(111)   Merge Heap Roots: 10.1ms
[2025-10-13T19:31:17.761-0700][1256][info ][gc,phases   ] GC(111)   Evacuate Collection Set: 91.6ms
[2025-10-13T19:31:17.761-0700][1256][info ][gc,phases   ] GC(111)   Post Evacuate Collection Set: 7.9ms
[2025-10-13T19:31:17.761-0700][1256][info ][gc,phases   ] GC(111)   Other: 0.1ms
[2025-10-13T19:31:17.761-0700][1256][debug][gc,remset   ] GC(111) Coarsening (recent): Inline->AoC 0 (0) AoC->Howl 0 (0) Howl->Full 0 (0) Inline->AoC 0 (0) AoC->BitMap 0 (0) BitMap->Full 0 (0) 
[2025-10-13T19:31:17.761-0700][1256][debug][gc,remset   ] GC(111) Coarsening (all): Inline->AoC 2304022 (23) AoC->Howl 36106 (92) Howl->Full 0 (0) Inline->AoC 150537 (24) AoC->BitMap 45220 (84) BitMap->Full 2 (0) 
[2025-10-13T19:31:17.761-0700][1256][info ][gc,heap     ] GC(111) Eden regions: 102->0(2178)
[2025-10-13T19:31:17.761-0700][1256][info ][gc,heap     ] GC(111) Survivor regions: 145->144(432)
[2025-10-13T19:31:17.761-0700][1256][info ][gc,heap     ] GC(111) Old regions: 1368->1368
[2025-10-13T19:31:17.761-0700][1256][info ][gc,heap     ] GC(111) Humongous regions: 0->0
[2025-10-13T19:31:17.761-0700][1256][info ][gc,metaspace] GC(111) Metaspace: 315325K(320704K)->315325K(320704K) NonClass: 277383K(280256K)->277383K(280256K) Class: 37942K(40448K)->37942K(40448K)
[2025-10-13T19:31:17.761-0700][1256][info ][gc          ] GC(111) Pause Young (Concurrent Start) (G1 Humongous Allocation) 51663M->48345M(184320M) 110.777ms
[2025-10-13T19:31:17.761-0700][1089][info ][gc          ] GC(112) Concurrent Mark Cycle
[2025-10-13T19:31:17.761-0700][1089][info ][gc,marking  ] GC(112) Concurrent Scan Root Regions
[2025-10-13T19:31:17.763-0700][1256][info ][gc,cpu      ] GC(111) User=8.10s Sys=0.05s Real=0.12s
[2025-10-13T19:31:17.764-0700][1256][info ][safepoint   ] Safepoint "G1TryInitiateConcMark", Time since last: 143289246 ns, Reaching safepoint: 752023 ns, Cleanup: 4828 ns, At safepoint: 116412184 ns, Total: 117169035 ns
[2025-10-13T19:31:17.810-0700][1089][info ][gc,marking  ] GC(112) Concurrent Scan Root Regions 48.565ms
[2025-10-13T19:31:17.810-0700][1089][info ][gc,marking  ] GC(112) Concurrent Mark
[2025-10-13T19:31:17.810-0700][1089][info ][gc,marking  ] GC(112) Concurrent Mark From Roots
[2025-10-13T19:31:17.810-0700][1089][info ][gc,task     ] GC(112) Using 36 workers of 36 for marking
[2025-10-13T19:31:18.140-0700][1089][info ][gc,marking  ] GC(112) Concurrent Mark From Roots 330.078ms
[2025-10-13T19:31:18.140-0700][1089][info ][gc,marking  ] GC(112) Concurrent Preclean
[2025-10-13T19:31:18.177-0700][1089][info ][gc,marking  ] GC(112) Concurrent Preclean 37.642ms
[2025-10-13T19:31:18.196-0700][1256][info ][gc,start    ] GC(112) Pause Remark
[2025-10-13T19:31:18.431-0700][1256][info ][gc,mmu      ] GC(112) MMU target violated: 201.0ms (200.0ms/201.0ms)
[2025-10-13T19:31:18.431-0700][1256][info ][gc          ] GC(112) Pause Remark 53886M->53054M(184320M) 235.356ms
[2025-10-13T19:31:18.433-0700][1256][info ][gc,cpu      ] GC(112) User=14.92s Sys=0.06s Real=0.24s
[2025-10-13T19:31:18.436-0700][1256][info ][safepoint   ] Safepoint "G1PauseRemark", Time since last: 412990167 ns, Reaching safepoint: 16672023 ns, Cleanup: 17707 ns, At safepoint: 242321451 ns, Total: 259011181 ns
[2025-10-13T19:31:18.437-0700][1089][info ][gc,marking  ] GC(112) Concurrent Mark 627.046ms
[2025-10-13T19:31:18.437-0700][1089][info ][gc,marking  ] GC(112) Concurrent Rebuild Remembered Sets and Scrub Regions
[2025-10-13T19:31:19.248-0700][1089][info ][gc,marking  ] GC(112) Concurrent Rebuild Remembered Sets and Scrub Regions 810.996ms
[2025-10-13T19:31:19.251-0700][1256][info ][gc,start    ] GC(112) Pause Cleanup
[2025-10-13T19:31:19.253-0700][1256][info ][gc          ] GC(112) Pause Cleanup 63906M->63906M(184320M) 2.536ms
[2025-10-13T19:31:19.255-0700][1256][info ][gc,cpu      ] GC(112) User=0.02s Sys=0.00s Real=0.00s
[2025-10-13T19:31:19.256-0700][1256][info ][safepoint   ] Safepoint "G1PauseCleanup", Time since last: 811329515 ns, Reaching safepoint: 1082101 ns, Cleanup: 88964 ns, At safepoint: 7338709 ns, Total: 8509774 ns
[2025-10-13T19:31:19.256-0700][1089][info ][gc,marking  ] GC(112) Concurrent Clear Claimed Marks
[2025-10-13T19:31:19.258-0700][1089][info ][gc,marking  ] GC(112) Concurrent Clear Claimed Marks 1.324ms
[2025-10-13T19:31:19.258-0700][1089][info ][gc,marking  ] GC(112) Concurrent Cleanup for Next Mark
[2025-10-13T19:31:19.293-0700][1089][info ][gc,marking  ] GC(112) Concurrent Cleanup for Next Mark 35.586ms
[2025-10-13T19:31:19.293-0700][1089][info ][gc          ] GC(112) Concurrent Mark Cycle 1532.447ms
[2025-10-13T19:31:20.258-0700][1256][info ][safepoint   ] Safepoint "Cleanup", Time since last: 1000119267 ns, Reaching safepoint: 1114339 ns, Cleanup: 32630 ns, At safepoint: 579643 ns, Total: 1726612 ns
[2025-10-13T19:31:21.265-0700][1256][info ][safepoint   ] Safepoint "Cleanup", Time since last: 1000144626 ns, Reaching safepoint: 5301619 ns, Cleanup: 44447 ns, At safepoint: 1184916 ns, Total: 6530982 ns
[2025-10-13T19:31:22.266-0700][1256][info ][safepoint   ] Safepoint "Cleanup", Time since last: 1000124605 ns, Reaching safepoint: 832705 ns, Cleanup: 42474 ns, At safepoint: 268054 ns, Total: 1143233 ns
[2025-10-13T19:31:22.695-0700][1256][info ][gc,start    ] GC(113) Pause Young (Prepare Mixed) (G1 Evacuation Pause)
[2025-10-13T19:31:22.695-0700][1256][info ][gc,task     ] GC(113) Using 113 workers of 113 for evacuation
[2025-10-13T19:31:22.710-0700][1256][debug][gc,remset   ] GC(113) Visited cards 9104896 Total dirty 82706432 (11.01%) Total old 367853568 (2.48%)
[2025-10-13T19:31:22.841-0700][1256][info ][gc,phases   ] GC(113)   Pre Evacuate Collection Set: 0.8ms
[2025-10-13T19:31:22.841-0700][1256][info ][gc,phases   ] GC(113)   Merge Heap Roots: 14.2ms
[2025-10-13T19:31:22.841-0700][1256][info ][gc,phases   ] GC(113)   Evacuate Collection Set: 118.3ms
[2025-10-13T19:31:22.841-0700][1256][info ][gc,phases   ] GC(113)   Post Evacuate Collection Set: 12.6ms
[2025-10-13T19:31:22.841-0700][1256][info ][gc,phases   ] GC(113)   Other: 0.2ms
[2025-10-13T19:31:22.841-0700][1256][debug][gc,remset   ] GC(113) Coarsening (recent): Inline->AoC 156387 (7) AoC->Howl 7323 (8) Howl->Full 0 (0) Inline->AoC 25021 (2) AoC->BitMap 9679 (4) BitMap->Full 4 (0) 
[2025-10-13T19:31:22.841-0700][1256][debug][gc,remset   ] GC(113) Coarsening (all): Inline->AoC 2460409 (30) AoC->Howl 43429 (100) Howl->Full 0 (0) Inline->AoC 175558 (26) AoC->BitMap 54899 (88) BitMap->Full 6 (0) 
[2025-10-13T19:31:22.841-0700][1256][info ][gc,heap     ] GC(113) Eden regions: 1986->0(1445)
[2025-10-13T19:31:22.841-0700][1256][info ][gc,heap     ] GC(113) Survivor regions: 144->202(267)
[2025-10-13T19:31:22.841-0700][1256][info ][gc,heap     ] GC(113) Old regions: 1342->1342
[2025-10-13T19:31:22.841-0700][1256][info ][gc,heap     ] GC(113) Humongous regions: 11->0
[2025-10-13T19:31:22.841-0700][1256][info ][gc,metaspace] GC(113) Metaspace: 315312K(320704K)->315312K(320704K) NonClass: 277374K(280256K)->277374K(280256K) Class: 37937K(40448K)->37937K(40448K)
[2025-10-13T19:31:22.841-0700][1256][info ][gc          ] GC(113) Pause Young (Prepare Mixed) (G1 Evacuation Pause) 111417M->49392M(184320M) 146.375ms
[2025-10-13T19:31:22.843-0700][1256][info ][gc,cpu      ] GC(113) User=13.17s Sys=0.14s Real=0.15s
[2025-10-13T19:31:22.845-0700][1256][info ][safepoint   ] Safepoint "G1CollectForAllocation", Time since last: 426068765 ns, Reaching safepoint: 969190 ns, Cleanup: 15884 ns, At safepoint: 151371256 ns, Total: 152356330 ns
[2025-10-13T19:31:23.846-0700][1256][info ][safepoint   ] Safepoint "Cleanup", Time since last: 1000081691 ns, Reaching safepoint: 764742 ns, Cleanup: 27371 ns, At safepoint: 347174 ns, Total: 1139287 ns
[2025-10-13T19:31:24.847-0700][1256][info ][safepoint   ] Safepoint "Cleanup", Time since last: 1000121991 ns, Reaching safepoint: 844513 ns, Cleanup: 23095 ns, At safepoint: 626073 ns, Total: 1493681 ns
[2025-10-13T19:31:25.850-0700][1256][info ][safepoint   ] Safepoint "Cleanup", Time since last: 1000208102 ns, Reaching safepoint: 1236142 ns, Cleanup: 20051 ns, At safepoint: 1617587 ns, Total: 2873780 ns
[2025-10-13T19:31:26.045-0700][1256][info ][gc,start    ] GC(114) Pause Young (Mixed) (G1 Evacuation Pause)
[2025-10-13T19:31:26.045-0700][1256][info ][gc,task     ] GC(114) Using 113 workers of 113 for evacuation
[2025-10-13T19:31:26.059-0700][1256][debug][gc,remset   ] GC(114) Visited cards 8788736 Total dirty 78118912 (11.25%) Total old 344129536 (2.55%)
[2025-10-13T19:31:26.214-0700][1256][info ][gc,phases   ] GC(114)   Pre Evacuate Collection Set: 0.8ms
[2025-10-13T19:31:26.214-0700][1256][info ][gc,phases   ] GC(114)   Merge Heap Roots: 13.1ms
[2025-10-13T19:31:26.214-0700][1256][info ][gc,phases   ] GC(114)   Evacuate Collection Set: 142.2ms
[2025-10-13T19:31:26.214-0700][1256][info ][gc,phases   ] GC(114)   Post Evacuate Collection Set: 13.3ms
[2025-10-13T19:31:26.214-0700][1256][info ][gc,phases   ] GC(114)   Other: 0.2ms
[2025-10-13T19:31:26.214-0700][1256][debug][gc,remset   ] GC(114) Coarsening (recent): Inline->AoC 18641 (5) AoC->Howl 162 (10) Howl->Full 0 (0) Inline->AoC 870 (0) AoC->BitMap 30 (1) BitMap->Full 0 (0) 
[2025-10-13T19:31:26.214-0700][1256][debug][gc,remset   ] GC(114) Coarsening (all): Inline->AoC 2479050 (35) AoC->Howl 43591 (110) Howl->Full 0 (0) Inline->AoC 176428 (26) AoC->BitMap 54929 (89) BitMap->Full 6 (0) 
[2025-10-13T19:31:26.214-0700][1256][info ][gc,heap     ] GC(114) Eden regions: 1704->0(2194)
[2025-10-13T19:31:26.214-0700][1256][info ][gc,heap     ] GC(114) Survivor regions: 202->152(239)
[2025-10-13T19:31:26.214-0700][1256][info ][gc,heap     ] GC(114) Old regions: 1342->1338
[2025-10-13T19:31:26.214-0700][1256][info ][gc,heap     ] GC(114) Humongous regions: 11->0
[2025-10-13T19:31:26.214-0700][1256][info ][gc,metaspace] GC(114) Metaspace: 315378K(320704K)->315378K(320704K) NonClass: 277434K(280256K)->277434K(280256K) Class: 37943K(40448K)->37943K(40448K)
[2025-10-13T19:31:26.214-0700][1256][info ][gc          ] GC(114) Pause Young (Mixed) (G1 Evacuation Pause) 104272M->47663M(184320M) 169.749ms
[2025-10-13T19:31:26.216-0700][1256][info ][gc,cpu      ] GC(114) User=15.17s Sys=0.00s Real=0.17s
[2025-10-13T19:31:26.218-0700][1256][info ][safepoint   ] Safepoint "G1CollectForAllocation", Time since last: 191275168 ns, Reaching safepoint: 914448 ns, Cleanup: 4136 ns, At safepoint: 174884459 ns, Total: 175803043 ns
[2025-10-13T19:31:27.236-0700][1256][info ][safepoint   ] Safepoint "Cleanup", Time since last: 1000085576 ns, Reaching safepoint: 16641217 ns, Cleanup: 25218 ns, At safepoint: 1973865 ns, Total: 18640300 ns
[2025-10-13T19:31:28.239-0700][1256][info ][safepoint   ] Safepoint "Cleanup", Time since last: 1000127260 ns, Reaching safepoint: 1064444 ns, Cleanup: 19289 ns, At safepoint: 1251145 ns, Total: 2334878 ns
[2025-10-13T19:31:30.282-0700][1256][info ][safepoint   ] Safepoint "Cleanup", Time since last: 2000181639 ns, Reaching safepoint: 41239375 ns, Cleanup: 15473 ns, At safepoint: 1958872 ns, Total: 43213720 ns
[2025-10-13T19:31:31.284-0700][1256][info ][safepoint   ] Safepoint "Cleanup", Time since last: 1000096323 ns, Reaching safepoint: 848789 ns, Cleanup: 28603 ns, At safepoint: 741087 ns, Total: 1618479 ns
[2025-10-13T19:31:32.289-0700][1256][info ][gc,start    ] GC(115) Pause Young (Mixed) (G1 Evacuation Pause)
[2025-10-13T19:31:32.289-0700][1256][info ][gc,task     ] GC(115) Using 113 workers of 113 for evacuation
[2025-10-13T19:31:32.304-0700][1256][debug][gc,remset   ] GC(115) Visited cards 10149120 Total dirty 77791232 (13.05%) Total old 430243840 (2.36%)
[2025-10-13T19:31:32.452-0700][1256][info ][gc,phases   ] GC(115)   Pre Evacuate Collection Set: 0.7ms
[2025-10-13T19:31:32.452-0700][1256][info ][gc,phases   ] GC(115)   Merge Heap Roots: 14.1ms
[2025-10-13T19:31:32.452-0700][1256][info ][gc,phases   ] GC(115)   Evacuate Collection Set: 134.1ms
[2025-10-13T19:31:32.452-0700][1256][info ][gc,phases   ] GC(115)   Post Evacuate Collection Set: 13.6ms
[2025-10-13T19:31:32.452-0700][1256][info ][gc,phases   ] GC(115)   Other: 0.2ms
[2025-10-13T19:31:32.452-0700][1256][debug][gc,remset   ] GC(115) Coarsening (recent): Inline->AoC 25729 (16) AoC->Howl 480 (68) Howl->Full 0 (0) Inline->AoC 1105 (21) AoC->BitMap 429 (57) BitMap->Full 0 (0) 
[2025-10-13T19:31:32.452-0700][1256][debug][gc,remset   ] GC(115) Coarsening (all): Inline->AoC 2504779 (51) AoC->Howl 44071 (178) Howl->Full 0 (0) Inline->AoC 177533 (47) AoC->BitMap 55358 (146) BitMap->Full 6 (0) 
[2025-10-13T19:31:32.452-0700][1256][info ][gc,heap     ] GC(115) Eden regions: 2411->0(1957)
[2025-10-13T19:31:32.452-0700][1256][info ][gc,heap     ] GC(115) Survivor regions: 152->194(321)
[2025-10-13T19:31:32.452-0700][1256][info ][gc,heap     ] GC(115) Old regions: 1338->1263
[2025-10-13T19:31:32.452-0700][1256][info ][gc,heap     ] GC(115) Humongous regions: 15->0
[2025-10-13T19:31:32.452-0700][1256][info ][gc,metaspace] GC(115) Metaspace: 315421K(320768K)->315421K(320768K) NonClass: 277472K(280320K)->277472K(280320K) Class: 37948K(40448K)->37948K(40448K)
[2025-10-13T19:31:32.452-0700][1256][info ][gc          ] GC(115) Pause Young (Mixed) (G1 Evacuation Pause) 125295M->46606M(184320M) 163.000ms
[2025-10-13T19:31:32.454-0700][1256][info ][gc,cpu      ] GC(115) User=14.12s Sys=0.02s Real=0.17s
[2025-10-13T19:31:32.455-0700][1256][info ][safepoint   ] Safepoint "G1CollectForAllocation", Time since last: 1002068175 ns, Reaching safepoint: 1107639 ns, Cleanup: 7902 ns, At safepoint: 167952182 ns, Total: 169067723 ns
[2025-10-13T19:31:33.480-0700][1256][info ][safepoint   ] Safepoint "Cleanup", Time since last: 1000084845 ns, Reaching safepoint: 23097667 ns, Cleanup: 33220 ns, At safepoint: 2033855 ns, Total: 25164742 ns
[2025-10-13T19:31:34.482-0700][1256][info ][safepoint   ] Safepoint "Cleanup", Time since last: 1000125216 ns, Reaching safepoint: 881178 ns, Cleanup: 27371 ns, At safepoint: 412532 ns, Total: 1321081 ns
[2025-10-13T19:31:35.484-0700][1256][info ][safepoint   ] Safepoint "Cleanup", Time since last: 1000110995 ns, Reaching safepoint: 958514 ns, Cleanup: 26791 ns, At safepoint: 1072306 ns, Total: 2057611 ns
[2025-10-13T19:31:36.487-0700][1256][info ][safepoint   ] Safepoint "Cleanup", Time since last: 1000118256 ns, Reaching safepoint: 1209402 ns, Cleanup: 12750 ns, At safepoint: 1752480 ns, Total: 2974632 ns
[2025-10-13T19:31:37.370-0700][1256][info ][gc,start    ] GC(116) Pause Young (Mixed) (G1 Evacuation Pause)
[2025-10-13T19:31:37.370-0700][1256][info ][gc,task     ] GC(116) Using 113 workers of 113 for evacuation
[2025-10-13T19:31:37.383-0700][1256][debug][gc,remset   ] GC(116) Visited cards 9917696 Total dirty 73138176 (13.56%) Total old 399704064 (2.48%)
[2025-10-13T19:31:37.545-0700][1256][info ][gc,phases   ] GC(116)   Pre Evacuate Collection Set: 0.7ms
[2025-10-13T19:31:37.545-0700][1256][info ][gc,phases   ] GC(116)   Merge Heap Roots: 12.7ms
[2025-10-13T19:31:37.545-0700][1256][info ][gc,phases   ] GC(116)   Evacuate Collection Set: 147.8ms
[2025-10-13T19:31:37.545-0700][1256][info ][gc,phases   ] GC(116)   Post Evacuate Collection Set: 13.7ms
[2025-10-13T19:31:37.545-0700][1256][info ][gc,phases   ] GC(116)   Other: 0.2ms
[2025-10-13T19:31:37.545-0700][1256][debug][gc,remset   ] GC(116) Coarsening (recent): Inline->AoC 26085 (0) AoC->Howl 241 (0) Howl->Full 0 (0) Inline->AoC 927 (0) AoC->BitMap 135 (0) BitMap->Full 0 (0) 
[2025-10-13T19:31:37.545-0700][1256][debug][gc,remset   ] GC(116) Coarsening (all): Inline->AoC 2530864 (51) AoC->Howl 44312 (178) Howl->Full 0 (0) Inline->AoC 178460 (47) AoC->BitMap 55493 (146) BitMap->Full 6 (0) 
[2025-10-13T19:31:37.545-0700][1256][info ][gc,heap     ] GC(116) Eden regions: 2175->0(2254)
[2025-10-13T19:31:37.545-0700][1256][info ][gc,heap     ] GC(116) Survivor regions: 194->190(297)
[2025-10-13T19:31:37.545-0700][1256][info ][gc,heap     ] GC(116) Old regions: 1263->1228
[2025-10-13T19:31:37.545-0700][1256][info ][gc,heap     ] GC(116) Humongous regions: 12->0
[2025-10-13T19:31:37.545-0700][1256][info ][gc,metaspace] GC(116) Metaspace: 315432K(320768K)->315432K(320768K) NonClass: 277483K(280320K)->277483K(280320K) Class: 37948K(40448K)->37948K(40448K)
[2025-10-13T19:31:37.545-0700][1256][info ][gc          ] GC(116) Pause Young (Mixed) (G1 Evacuation Pause) 116590M->45354M(184320M) 175.268ms
[2025-10-13T19:31:37.547-0700][1256][info ][gc,cpu      ] GC(116) User=15.96s Sys=0.09s Real=0.18s
[2025-10-13T19:31:37.548-0700][1256][info ][safepoint   ] Safepoint "G1CollectForAllocation", Time since last: 880189933 ns, Reaching safepoint: 756971 ns, Cleanup: 20851 ns, At safepoint: 180157875 ns, Total: 180935697 ns
[2025-10-13T19:31:38.550-0700][1256][info ][safepoint   ] Safepoint "Cleanup", Time since last: 1000091596 ns, Reaching safepoint: 939456 ns, Cleanup: 32979 ns, At safepoint: 678803 ns, Total: 1651238 ns
[2025-10-13T19:31:39.563-0700][1256][info ][safepoint   ] Safepoint "Cleanup", Time since last: 1000115142 ns, Reaching safepoint: 11404095 ns, Cleanup: 13310 ns, At safepoint: 1756557 ns, Total: 13173962 ns
[2025-10-13T19:31:40.565-0700][1256][info ][safepoint   ] Safepoint "Cleanup", Time since last: 1000106919 ns, Reaching safepoint: 875830 ns, Cleanup: 15713 ns, At safepoint: 844803 ns, Total: 1736346 ns
[2025-10-13T19:31:41.567-0700][1256][info ][safepoint   ] Safepoint "Cleanup", Time since last: 1000107390 ns, Reaching safepoint: 918795 ns, Cleanup: 12408 ns, At safepoint: 974058 ns, Total: 1905261 ns
[2025-10-13T19:31:42.587-0700][1256][info ][safepoint   ] Safepoint "Cleanup", Time since last: 1000116423 ns, Reaching safepoint: 17864541 ns, Cleanup: 16775 ns, At safepoint: 1889037 ns, Total: 19770353 ns
[2025-10-13T19:31:43.386-0700][1256][info ][gc,start    ] GC(117) Pause Young (Mixed) (G1 Evacuation Pause)
[2025-10-13T19:31:43.386-0700][1256][info ][gc,task     ] GC(117) Using 113 workers of 113 for evacuation
[2025-10-13T19:31:43.400-0700][1256][debug][gc,remset   ] GC(117) Visited cards 9931520 Total dirty 70385664 (14.11%) Total old 429326336 (2.31%)
[2025-10-13T19:31:43.542-0700][1256][info ][gc,phases   ] GC(117)   Pre Evacuate Collection Set: 0.8ms
[2025-10-13T19:31:43.542-0700][1256][info ][gc,phases   ] GC(117)   Merge Heap Roots: 13.4ms
[2025-10-13T19:31:43.542-0700][1256][info ][gc,phases   ] GC(117)   Evacuate Collection Set: 129.1ms
[2025-10-13T19:31:43.542-0700][1256][info ][gc,phases   ] GC(117)   Post Evacuate Collection Set: 13.2ms
[2025-10-13T19:31:43.542-0700][1256][info ][gc,phases   ] GC(117)   Other: 0.2ms
[2025-10-13T19:31:43.542-0700][1256][debug][gc,remset   ] GC(117) Coarsening (recent): Inline->AoC 25978 (0) AoC->Howl 374 (0) Howl->Full 0 (0) Inline->AoC 1102 (0) AoC->BitMap 281 (0) BitMap->Full 0 (0) 
[2025-10-13T19:31:43.542-0700][1256][debug][gc,remset   ] GC(117) Coarsening (all): Inline->AoC 2556842 (51) AoC->Howl 44686 (178) Howl->Full 0 (0) Inline->AoC 179562 (47) AoC->BitMap 55774 (146) BitMap->Full 6 (0) 
[2025-10-13T19:31:43.542-0700][1256][info ][gc,heap     ] GC(117) Eden regions: 2425->0(2416)
[2025-10-13T19:31:43.542-0700][1256][info ][gc,heap     ] GC(117) Survivor regions: 190->193(327)
[2025-10-13T19:31:43.542-0700][1256][info ][gc,heap     ] GC(117) Old regions: 1228->1179
[2025-10-13T19:31:43.542-0700][1256][info ][gc,heap     ] GC(117) Humongous regions: 7->0
[2025-10-13T19:31:43.542-0700][1256][info ][gc,metaspace] GC(117) Metaspace: 315438K(320768K)->315438K(320768K) NonClass: 277489K(280320K)->277489K(280320K) Class: 37948K(40448K)->37948K(40448K)
[2025-10-13T19:31:43.542-0700][1256][info ][gc          ] GC(117) Pause Young (Mixed) (G1 Evacuation Pause) 123178M->43885M(184320M) 156.836ms
[2025-10-13T19:31:43.544-0700][1256][info ][gc,cpu      ] GC(117) User=15.71s Sys=0.09s Real=0.16s
[2025-10-13T19:31:43.545-0700][1256][info ][safepoint   ] Safepoint "G1CollectForAllocation", Time since last: 795462555 ns, Reaching safepoint: 1483916 ns, Cleanup: 11727 ns, At safepoint: 161631137 ns, Total: 163126780 ns
[2025-10-13T19:31:46.547-0700][1256][info ][safepoint   ] Safepoint "Cleanup", Time since last: 3000218362 ns, Reaching safepoint: 957093 ns, Cleanup: 12569 ns, At safepoint: 554175 ns, Total: 1523837 ns
[2025-10-13T19:31:47.549-0700][1256][info ][safepoint   ] Safepoint "Cleanup", Time since last: 1000128992 ns, Reaching safepoint: 877002 ns, Cleanup: 14361 ns, At safepoint: 346542 ns, Total: 1237905 ns
[2025-10-13T19:31:49.550-0700][1256][info ][safepoint   ] Safepoint "Cleanup", Time since last: 2000169622 ns, Reaching safepoint: 882640 ns, Cleanup: 15513 ns, At safepoint: 182044 ns, Total: 1080197 ns
[2025-10-13T19:31:50.551-0700][1256][info ][safepoint   ] Safepoint "Cleanup", Time since last: 1000103224 ns, Reaching safepoint: 854998 ns, Cleanup: 15994 ns, At safepoint: 381255 ns, Total: 1252247 ns
[2025-10-13T19:31:50.876-0700][1256][info ][gc,start    ] GC(118) Pause Young (Mixed) (G1 Evacuation Pause)
[2025-10-13T19:31:50.876-0700][1256][info ][gc,task     ] GC(118) Using 113 workers of 113 for evacuation
[2025-10-13T19:31:50.890-0700][1256][debug][gc,remset   ] GC(118) Visited cards 10105600 Total dirty 68157440 (14.83%) Total old 444399616 (2.27%)
[2025-10-13T19:31:51.033-0700][1256][info ][gc,phases   ] GC(118)   Pre Evacuate Collection Set: 0.7ms
[2025-10-13T19:31:51.033-0700][1256][info ][gc,phases   ] GC(118)   Merge Heap Roots: 13.8ms
[2025-10-13T19:31:51.033-0700][1256][info ][gc,phases   ] GC(118)   Evacuate Collection Set: 130.7ms
[2025-10-13T19:31:51.033-0700][1256][info ][gc,phases   ] GC(118)   Post Evacuate Collection Set: 11.6ms
[2025-10-13T19:31:51.033-0700][1256][info ][gc,phases   ] GC(118)   Other: 0.2ms
[2025-10-13T19:31:51.033-0700][1256][debug][gc,remset   ] GC(118) Coarsening (recent): Inline->AoC 20344 (0) AoC->Howl 366 (0) Howl->Full 0 (0) Inline->AoC 1420 (0) AoC->BitMap 251 (0) BitMap->Full 0 (0) 
[2025-10-13T19:31:51.033-0700][1256][debug][gc,remset   ] GC(118) Coarsening (all): Inline->AoC 2577186 (51) AoC->Howl 45052 (178) Howl->Full 0 (0) Inline->AoC 180982 (47) AoC->BitMap 56025 (146) BitMap->Full 6 (0) 
[2025-10-13T19:31:51.033-0700][1256][info ][gc,heap     ] GC(118) Eden regions: 2562->0(3052)
[2025-10-13T19:31:51.033-0700][1256][info ][gc,heap     ] GC(118) Survivor regions: 193->158(345)
[2025-10-13T19:31:51.033-0700][1256][info ][gc,heap     ] GC(118) Old regions: 1179->1156
[2025-10-13T19:31:51.033-0700][1256][info ][gc,heap     ] GC(118) Humongous regions: 6->0
[2025-10-13T19:31:51.033-0700][1256][info ][gc,metaspace] GC(118) Metaspace: 315472K(320832K)->315472K(320832K) NonClass: 277522K(280384K)->277522K(280384K) Class: 37950K(40448K)->37950K(40448K)
[2025-10-13T19:31:51.033-0700][1256][info ][gc          ] GC(118) Pause Young (Mixed) (G1 Evacuation Pause) 126061M->42014M(184320M) 157.176ms
[2025-10-13T19:31:51.034-0700][1256][info ][gc,cpu      ] GC(118) User=14.60s Sys=0.00s Real=0.16s
[2025-10-13T19:31:51.036-0700][1256][info ][safepoint   ] Safepoint "G1CollectForAllocation", Time since last: 321738777 ns, Reaching safepoint: 869090 ns, Cleanup: 18538 ns, At safepoint: 161986892 ns, Total: 162874520 ns
[2025-10-13T19:31:52.037-0700][1256][info ][safepoint   ] Safepoint "Cleanup", Time since last: 1000087550 ns, Reaching safepoint: 986547 ns, Cleanup: 27912 ns, At safepoint: 256696 ns, Total: 1271155 ns
[2025-10-13T19:31:53.038-0700][1256][info ][safepoint   ] Safepoint "Cleanup", Time since last: 1000113910 ns, Reaching safepoint: 818123 ns, Cleanup: 16825 ns, At safepoint: 252190 ns, Total: 1087138 ns
[2025-10-13T19:31:54.040-0700][1256][info ][safepoint   ] Safepoint "Cleanup", Time since last: 1000136303 ns, Reaching safepoint: 792104 ns, Cleanup: 17036 ns, At safepoint: 330988 ns, Total: 1140128 ns
[2025-10-13T19:31:55.041-0700][1256][info ][safepoint   ] Safepoint "Cleanup", Time since last: 1000114451 ns, Reaching safepoint: 841750 ns, Cleanup: 10316 ns, At safepoint: 534997 ns, Total: 1387063 ns
[2025-10-13T19:31:57.043-0700][1256][info ][safepoint   ] Safepoint "Cleanup", Time since last: 2000187222 ns, Reaching safepoint: 882933 ns, Cleanup: 13720 ns, At safepoint: 534066 ns, Total: 1430719 ns
[2025-10-13T19:31:58.045-0700][1256][info ][safepoint   ] Safepoint "Cleanup", Time since last: 1000118939 ns, Reaching safepoint: 1034942 ns, Cleanup: 13681 ns, At safepoint: 788070 ns, Total: 1836693 ns
[2025-10-13T19:31:59.047-0700][1256][info ][safepoint   ] Safepoint "Cleanup", Time since last: 1000109715 ns, Reaching safepoint: 957104 ns, Cleanup: 26660 ns, At safepoint: 875862 ns, Total: 1859626 ns
[2025-10-13T19:31:59.334-0700][1256][info ][gc,start    ] GC(119) Pause Young (Mixed) (G1 Evacuation Pause)
[2025-10-13T19:31:59.334-0700][1256][info ][gc,task     ] GC(119) Using 113 workers of 113 for evacuation
[2025-10-13T19:31:59.347-0700][1256][debug][gc,remset   ] GC(119) Visited cards 11363328 Total dirty 66715648 (17.03%) Total old 507379712 (2.24%)
[2025-10-13T19:31:59.506-0700][1256][info ][gc,phases   ] GC(119)   Pre Evacuate Collection Set: 0.7ms
[2025-10-13T19:31:59.506-0700][1256][info ][gc,phases   ] GC(119)   Merge Heap Roots: 12.9ms
[2025-10-13T19:31:59.506-0700][1256][info ][gc,phases   ] GC(119)   Evacuate Collection Set: 144.4ms
[2025-10-13T19:31:59.506-0700][1256][info ][gc,phases   ] GC(119)   Post Evacuate Collection Set: 13.7ms
[2025-10-13T19:31:59.506-0700][1256][info ][gc,phases   ] GC(119)   Other: 0.2ms
[2025-10-13T19:31:59.506-0700][1256][debug][gc,remset   ] GC(119) Coarsening (recent): Inline->AoC 46432 (0) AoC->Howl 328 (0) Howl->Full 0 (0) Inline->AoC 970 (0) AoC->BitMap 248 (0) BitMap->Full 0 (0) 
[2025-10-13T19:31:59.506-0700][1256][debug][gc,remset   ] GC(119) Coarsening (all): Inline->AoC 2623618 (51) AoC->Howl 45380 (178) Howl->Full 0 (0) Inline->AoC 181952 (47) AoC->BitMap 56273 (146) BitMap->Full 6 (0) 
[2025-10-13T19:31:59.506-0700][1256][info ][gc,heap     ] GC(119) Eden regions: 3086->0(1906)
[2025-10-13T19:31:59.506-0700][1256][info ][gc,heap     ] GC(119) Survivor regions: 158->237(406)
[2025-10-13T19:31:59.506-0700][1256][info ][gc,heap     ] GC(119) Old regions: 1156->1082
[2025-10-13T19:31:59.506-0700][1256][info ][gc,heap     ] GC(119) Humongous regions: 12->0
[2025-10-13T19:31:59.506-0700][1256][info ][gc,metaspace] GC(119) Metaspace: 315546K(320896K)->315546K(320896K) NonClass: 277592K(280448K)->277592K(280448K) Class: 37954K(40448K)->37954K(40448K)
[2025-10-13T19:31:59.506-0700][1256][info ][gc          ] GC(119) Pause Young (Mixed) (G1 Evacuation Pause) 141150M->42193M(184320M) 172.118ms
[2025-10-13T19:31:59.508-0700][1256][info ][gc,cpu      ] GC(119) User=15.43s Sys=0.21s Real=0.17s
[2025-10-13T19:31:59.509-0700][1256][info ][safepoint   ] Safepoint "G1CollectForAllocation", Time since last: 284336366 ns, Reaching safepoint: 923574 ns, Cleanup: 5438 ns, At safepoint: 176917380 ns, Total: 177846392 ns
[2025-10-13T19:32:00.510-0700][1256][info ][safepoint   ] Safepoint "Cleanup", Time since last: 1000086380 ns, Reaching safepoint: 895922 ns, Cleanup: 39129 ns, At safepoint: 163607 ns, Total: 1098658 ns
[2025-10-13T19:32:01.511-0700][1256][info ][safepoint   ] Safepoint "Cleanup", Time since last: 1000102424 ns, Reaching safepoint: 831555 ns, Cleanup: 20271 ns, At safepoint: 208705 ns, Total: 1060531 ns
[2025-10-13T19:32:03.406-0700][1256][info ][safepoint   ] Safepoint "Cleanup", Time since last: 1885066130 ns, Reaching safepoint: 9262851 ns, Cleanup: 20781 ns, At safepoint: 913509 ns, Total: 10197141 ns
[2025-10-13T19:32:04.408-0700][1256][info ][safepoint   ] Safepoint "Cleanup", Time since last: 1000107752 ns, Reaching safepoint: 871275 ns, Cleanup: 26029 ns, At safepoint: 544482 ns, Total: 1441786 ns
[2025-10-13T19:32:05.341-0700][1256][info ][gc,start    ] GC(120) Pause Young (Mixed) (G1 Evacuation Pause)
[2025-10-13T19:32:05.341-0700][1256][info ][gc,task     ] GC(120) Using 113 workers of 113 for evacuation
[2025-10-13T19:32:05.354-0700][1256][debug][gc,remset   ] GC(120) Visited cards 12776704 Total dirty 63045632 (20.27%) Total old 394395648 (3.24%)
[2025-10-13T19:32:05.535-0700][1256][info ][gc,phases   ] GC(120)   Pre Evacuate Collection Set: 0.8ms
[2025-10-13T19:32:05.535-0700][1256][info ][gc,phases   ] GC(120)   Merge Heap Roots: 12.7ms
[2025-10-13T19:32:05.535-0700][1256][info ][gc,phases   ] GC(120)   Evacuate Collection Set: 167.9ms
[2025-10-13T19:32:05.535-0700][1256][info ][gc,phases   ] GC(120)   Post Evacuate Collection Set: 12.5ms
[2025-10-13T19:32:05.535-0700][1256][info ][gc,phases   ] GC(120)   Other: 0.2ms
[2025-10-13T19:32:05.535-0700][1256][debug][gc,remset   ] GC(120) Coarsening (recent): Inline->AoC 33176 (0) AoC->Howl 254 (0) Howl->Full 0 (0) Inline->AoC 1024 (0) AoC->BitMap 151 (0) BitMap->Full 0 (0) 
[2025-10-13T19:32:05.535-0700][1256][debug][gc,remset   ] GC(120) Coarsening (all): Inline->AoC 2656794 (51) AoC->Howl 45634 (178) Howl->Full 0 (0) Inline->AoC 182976 (47) AoC->BitMap 56424 (146) BitMap->Full 6 (0) 
[2025-10-13T19:32:05.535-0700][1256][info ][gc,heap     ] GC(120) Eden regions: 2180->0(2548)
[2025-10-13T19:32:05.535-0700][1256][info ][gc,heap     ] GC(120) Survivor regions: 237->191(303)
[2025-10-13T19:32:05.535-0700][1256][info ][gc,heap     ] GC(120) Old regions: 1082->1082
[2025-10-13T19:32:05.535-0700][1256][info ][gc,heap     ] GC(120) Humongous regions: 16->0
[2025-10-13T19:32:05.535-0700][1256][info ][gc,metaspace] GC(120) Metaspace: 315612K(321024K)->315612K(321024K) NonClass: 277655K(280512K)->277655K(280512K) Class: 37957K(40512K)->37957K(40512K)
[2025-10-13T19:32:05.535-0700][1256][info ][gc          ] GC(120) Pause Young (Mixed) (G1 Evacuation Pause) 112465M->40723M(184320M) 194.172ms
[2025-10-13T19:32:05.536-0700][1256][info ][gc,cpu      ] GC(120) User=18.26s Sys=0.12s Real=0.19s
[2025-10-13T19:32:05.538-0700][1256][info ][safepoint   ] Safepoint "G1CollectForAllocation", Time since last: 930038077 ns, Reaching safepoint: 850804 ns, Cleanup: 33781 ns, At safepoint: 198979167 ns, Total: 199863752 ns
[2025-10-13T19:32:06.539-0700][1256][info ][safepoint   ] Safepoint "Cleanup", Time since last: 1000091768 ns, Reaching safepoint: 839557 ns, Cleanup: 29114 ns, At safepoint: 196927 ns, Total: 1065598 ns
[2025-10-13T19:32:07.540-0700][1256][info ][safepoint   ] Safepoint "Cleanup", Time since last: 1000101190 ns, Reaching safepoint: 815313 ns, Cleanup: 14592 ns, At safepoint: 226633 ns, Total: 1056538 ns
[2025-10-13T19:32:08.542-0700][1256][info ][safepoint   ] Safepoint "Cleanup", Time since last: 1000128934 ns, Reaching safepoint: 853931 ns, Cleanup: 22795 ns, At safepoint: 812989 ns, Total: 1689715 ns
[2025-10-13T19:32:09.544-0700][1256][info ][safepoint   ] Safepoint "Cleanup", Time since last: 1000092188 ns, Reaching safepoint: 776715 ns, Cleanup: 19169 ns, At safepoint: 718887 ns, Total: 1514771 ns
[2025-10-13T19:32:10.546-0700][1256][info ][safepoint   ] Safepoint "Cleanup", Time since last: 1000119550 ns, Reaching safepoint: 1321839 ns, Cleanup: 43746 ns, At safepoint: 1029357 ns, Total: 2394942 ns
[2025-10-13T19:32:11.548-0700][1256][info ][safepoint   ] Safepoint "Cleanup", Time since last: 1000115764 ns, Reaching safepoint: 757155 ns, Cleanup: 17446 ns, At safepoint: 775393 ns, Total: 1549994 ns
[2025-10-13T19:32:12.550-0700][1256][info ][safepoint   ] Safepoint "Cleanup", Time since last: 1000110116 ns, Reaching safepoint: 787260 ns, Cleanup: 22524 ns, At safepoint: 1047074 ns, Total: 1856858 ns
[2025-10-13T19:32:12.903-0700][1256][info ][gc,start    ] GC(121) Pause Young (Mixed) (G1 Evacuation Pause)
[2025-10-13T19:32:12.903-0700][1256][info ][gc,task     ] GC(121) Using 113 workers of 113 for evacuation
[2025-10-13T19:32:12.918-0700][1256][debug][gc,remset   ] GC(121) Visited cards 12592896 Total dirty 63635456 (19.79%) Total old 457834496 (2.75%)
[2025-10-13T19:32:13.095-0700][1256][info ][gc,phases   ] GC(121)   Pre Evacuate Collection Set: 0.8ms
[2025-10-13T19:32:13.095-0700][1256][info ][gc,phases   ] GC(121)   Merge Heap Roots: 13.9ms
[2025-10-13T19:32:13.095-0700][1256][info ][gc,phases   ] GC(121)   Evacuate Collection Set: 164.3ms
[2025-10-13T19:32:13.095-0700][1256][info ][gc,phases   ] GC(121)   Post Evacuate Collection Set: 12.8ms
[2025-10-13T19:32:13.095-0700][1256][info ][gc,phases   ] GC(121)   Other: 0.2ms
[2025-10-13T19:32:13.095-0700][1256][debug][gc,remset   ] GC(121) Coarsening (recent): Inline->AoC 45807 (0) AoC->Howl 214 (0) Howl->Full 0 (0) Inline->AoC 716 (0) AoC->BitMap 131 (0) BitMap->Full 0 (0) 
[2025-10-13T19:32:13.095-0700][1256][debug][gc,remset   ] GC(121) Coarsening (all): Inline->AoC 2702601 (51) AoC->Howl 45848 (178) Howl->Full 0 (0) Inline->AoC 183692 (47) AoC->BitMap 56555 (146) BitMap->Full 6 (0) 
[2025-10-13T19:32:13.095-0700][1256][info ][gc,heap     ] GC(121) Eden regions: 2712->0(2906)
[2025-10-13T19:32:13.095-0700][1256][info ][gc,heap     ] GC(121) Survivor regions: 191->232(363)
[2025-10-13T19:32:13.095-0700][1256][info ][gc,heap     ] GC(121) Old regions: 1082->1016
[2025-10-13T19:32:13.095-0700][1256][info ][gc,heap     ] GC(121) Humongous regions: 12->0
[2025-10-13T19:32:13.095-0700][1256][info ][gc,metaspace] GC(121) Metaspace: 315772K(321216K)->315772K(321216K) NonClass: 277793K(280704K)->277793K(280704K) Class: 37979K(40512K)->37979K(40512K)
[2025-10-13T19:32:13.095-0700][1256][info ][gc          ] GC(121) Pause Young (Mixed) (G1 Evacuation Pause) 127891M->39895M(184320M) 192.115ms
[2025-10-13T19:32:13.097-0700][1256][info ][gc,cpu      ] GC(121) User=16.55s Sys=0.34s Real=0.19s
[2025-10-13T19:32:13.098-0700][1256][info ][safepoint   ] Safepoint "G1CollectForAllocation", Time since last: 350901711 ns, Reaching safepoint: 775553 ns, Cleanup: 5418 ns, At safepoint: 196982436 ns, Total: 197763407 ns
[2025-10-13T19:32:14.100-0700][1256][info ][safepoint   ] Safepoint "Cleanup", Time since last: 1000093309 ns, Reaching safepoint: 827171 ns, Cleanup: 23215 ns, At safepoint: 218100 ns, Total: 1068486 ns
[2025-10-13T19:32:15.102-0700][1256][info ][safepoint   ] Safepoint "Cleanup", Time since last: 1000100521 ns, Reaching safepoint: 1433528 ns, Cleanup: 12459 ns, At safepoint: 494698 ns, Total: 1940685 ns
[2025-10-13T19:32:16.103-0700][1256][info ][safepoint   ] Safepoint "Cleanup", Time since last: 1000120972 ns, Reaching safepoint: 861142 ns, Cleanup: 18598 ns, At safepoint: 398894 ns, Total: 1278634 ns
[2025-10-13T19:32:17.108-0700][1256][info ][safepoint   ] Safepoint "Cleanup", Time since last: 1000112529 ns, Reaching safepoint: 1314057 ns, Cleanup: 20751 ns, At safepoint: 3396738 ns, Total: 4731546 ns
[2025-10-13T19:32:18.111-0700][1256][info ][safepoint   ] Safepoint "Cleanup", Time since last: 1000139700 ns, Reaching safepoint: 1277402 ns, Cleanup: 42975 ns, At safepoint: 1427128 ns, Total: 2747505 ns
[2025-10-13T19:32:19.112-0700][1256][info ][safepoint   ] Safepoint "Cleanup", Time since last: 1000122614 ns, Reaching safepoint: 896657 ns, Cleanup: 14832 ns, At safepoint: 703494 ns, Total: 1614983 ns
[2025-10-13T19:32:20.114-0700][1256][info ][safepoint   ] Safepoint "Cleanup", Time since last: 1000115734 ns, Reaching safepoint: 911629 ns, Cleanup: 15583 ns, At safepoint: 945430 ns, Total: 1872642 ns
[2025-10-13T19:32:20.461-0700][1256][info ][gc,start    ] GC(122) Pause Young (Normal) (G1 Evacuation Pause)
[2025-10-13T19:32:20.461-0700][1256][info ][gc,task     ] GC(122) Using 113 workers of 113 for evacuation
[2025-10-13T19:32:20.474-0700][1256][debug][gc,remset   ] GC(122) Visited cards 8473088 Total dirty 61472768 (13.78%) Total old 487653376 (1.74%)
[2025-10-13T19:32:20.667-0700][1256][info ][gc,mmu      ] GC(122) MMU target violated: 201.0ms (200.0ms/201.0ms)
[2025-10-13T19:32:20.667-0700][1256][info ][gc,phases   ] GC(122)   Pre Evacuate Collection Set: 0.8ms
[2025-10-13T19:32:20.667-0700][1256][info ][gc,phases   ] GC(122)   Merge Heap Roots: 12.7ms
[2025-10-13T19:32:20.667-0700][1256][info ][gc,phases   ] GC(122)   Evacuate Collection Set: 176.1ms
[2025-10-13T19:32:20.667-0700][1256][info ][gc,phases   ] GC(122)   Post Evacuate Collection Set: 16.2ms
[2025-10-13T19:32:20.667-0700][1256][info ][gc,phases   ] GC(122)   Other: 0.2ms
[2025-10-13T19:32:20.667-0700][1256][debug][gc,remset   ] GC(122) Coarsening (recent): Inline->AoC 49896 (0) AoC->Howl 166 (0) Howl->Full 0 (0) Inline->AoC 853 (0) AoC->BitMap 80 (0) BitMap->Full 0 (0) 
[2025-10-13T19:32:20.667-0700][1256][debug][gc,remset   ] GC(122) Coarsening (all): Inline->AoC 2752497 (51) AoC->Howl 46014 (178) Howl->Full 0 (0) Inline->AoC 184545 (47) AoC->BitMap 56635 (146) BitMap->Full 6 (0) 
[2025-10-13T19:32:20.667-0700][1256][info ][gc,heap     ] GC(122) Eden regions: 2971->0(2461)
[2025-10-13T19:32:20.667-0700][1256][info ][gc,heap     ] GC(122) Survivor regions: 232->254(401)
[2025-10-13T19:32:20.667-0700][1256][info ][gc,heap     ] GC(122) Old regions: 1016->1049
[2025-10-13T19:32:20.667-0700][1256][info ][gc,heap     ] GC(122) Humongous regions: 19->0
[2025-10-13T19:32:20.667-0700][1256][info ][gc,metaspace] GC(122) Metaspace: 315940K(321472K)->315940K(321472K) NonClass: 277952K(280896K)->277952K(280896K) Class: 37988K(40576K)->37988K(40576K)
[2025-10-13T19:32:20.667-0700][1256][info ][gc          ] GC(122) Pause Young (Normal) (G1 Evacuation Pause) 135575M->41673M(184320M) 206.127ms
[2025-10-13T19:32:20.668-0700][1256][info ][gc,cpu      ] GC(122) User=18.22s Sys=0.35s Real=0.20s
[2025-10-13T19:32:20.670-0700][1256][info ][safepoint   ] Safepoint "G1CollectForAllocation", Time since last: 343300214 ns, Reaching safepoint: 1036598 ns, Cleanup: 5128 ns, At safepoint: 210936620 ns, Total: 211978346 ns
[2025-10-13T19:32:21.672-0700][1256][info ][safepoint   ] Safepoint "Cleanup", Time since last: 1000092068 ns, Reaching safepoint: 1332756 ns, Cleanup: 22795 ns, At safepoint: 842043 ns, Total: 2197594 ns
[2025-10-13T19:32:23.673-0700][1256][info ][safepoint   ] Safepoint "Cleanup", Time since last: 2000166089 ns, Reaching safepoint: 820811 ns, Cleanup: 19830 ns, At safepoint: 448829 ns, Total: 1289470 ns
[2025-10-13T19:32:24.678-0700][1256][info ][safepoint   ] Safepoint "Cleanup", Time since last: 1000104497 ns, Reaching safepoint: 2902840 ns, Cleanup: 25639 ns, At safepoint: 1470564 ns, Total: 4399043 ns
[2025-10-13T19:32:25.680-0700][1256][info ][safepoint   ] Safepoint "Cleanup", Time since last: 1000113731 ns, Reaching safepoint: 859750 ns, Cleanup: 26240 ns, At safepoint: 1067965 ns, Total: 1953955 ns
[2025-10-13T19:32:26.682-0700][1256][info ][safepoint   ] Safepoint "Cleanup", Time since last: 1000117456 ns, Reaching safepoint: 922506 ns, Cleanup: 33941 ns, At safepoint: 1092102 ns, Total: 2048549 ns
[2025-10-13T19:32:27.684-0700][1256][info ][safepoint   ] Safepoint "Cleanup", Time since last: 1000103936 ns, Reaching safepoint: 902094 ns, Cleanup: 12439 ns, At safepoint: 909706 ns, Total: 1824239 ns
[2025-10-13T19:32:28.686-0700][1256][info ][safepoint   ] Safepoint "Cleanup", Time since last: 1000128072 ns, Reaching safepoint: 856045 ns, Cleanup: 11187 ns, At safepoint: 932550 ns, Total: 1799782 ns
[2025-10-13T19:32:29.688-0700][1256][info ][safepoint   ] Safepoint "Cleanup", Time since last: 1000129084 ns, Reaching safepoint: 905520 ns, Cleanup: 11718 ns, At safepoint: 991129 ns, Total: 1908367 ns
[2025-10-13T19:32:30.691-0700][1256][info ][safepoint   ] Safepoint "Cleanup", Time since last: 1000084316 ns, Reaching safepoint: 1239555 ns, Cleanup: 53460 ns, At safepoint: 1138012 ns, Total: 2431027 ns
[2025-10-13T19:32:30.769-0700][1256][info ][gc,start    ] GC(123) Pause Young (Normal) (G1 Evacuation Pause)
[2025-10-13T19:32:30.769-0700][1256][info ][gc,task     ] GC(123) Using 113 workers of 113 for evacuation
[2025-10-13T19:32:30.783-0700][1256][debug][gc,remset   ] GC(123) Visited cards 8804352 Total dirty 63897600 (13.78%) Total old 443088896 (1.99%)
[2025-10-13T19:32:30.956-0700][1256][info ][gc,phases   ] GC(123)   Pre Evacuate Collection Set: 0.7ms
[2025-10-13T19:32:30.956-0700][1256][info ][gc,phases   ] GC(123)   Merge Heap Roots: 13.0ms
[2025-10-13T19:32:30.956-0700][1256][info ][gc,phases   ] GC(123)   Evacuate Collection Set: 157.2ms
[2025-10-13T19:32:30.956-0700][1256][info ][gc,phases   ] GC(123)   Post Evacuate Collection Set: 15.1ms
[2025-10-13T19:32:30.956-0700][1256][info ][gc,phases   ] GC(123)   Other: 0.2ms
[2025-10-13T19:32:30.956-0700][1256][debug][gc,remset   ] GC(123) Coarsening (recent): Inline->AoC 40444 (0) AoC->Howl 202 (0) Howl->Full 0 (0) Inline->AoC 775 (0) AoC->BitMap 124 (0) BitMap->Full 0 (0) 
[2025-10-13T19:32:30.956-0700][1256][debug][gc,remset   ] GC(123) Coarsening (all): Inline->AoC 2792941 (51) AoC->Howl 46216 (178) Howl->Full 0 (0) Inline->AoC 185320 (47) AoC->BitMap 56759 (146) BitMap->Full 6 (0) 
[2025-10-13T19:32:30.956-0700][1256][info ][gc,heap     ] GC(123) Eden regions: 2594->0(3261)
[2025-10-13T19:32:30.956-0700][1256][info ][gc,heap     ] GC(123) Survivor regions: 254->195(356)
[2025-10-13T19:32:30.956-0700][1256][info ][gc,heap     ] GC(123) Old regions: 1049->1139
[2025-10-13T19:32:30.956-0700][1256][info ][gc,heap     ] GC(123) Humongous regions: 16->0
[2025-10-13T19:32:30.956-0700][1256][info ][gc,metaspace] GC(123) Metaspace: 316184K(321728K)->316184K(321728K) NonClass: 278185K(281152K)->278185K(281152K) Class: 37998K(40576K)->37998K(40576K)
[2025-10-13T19:32:30.956-0700][1256][info ][gc          ] GC(123) Pause Young (Normal) (G1 Evacuation Pause) 125193M->42651M(184320M) 186.332ms
[2025-10-13T19:32:30.957-0700][1256][info ][gc,cpu      ] GC(123) User=17.66s Sys=0.35s Real=0.19s
[2025-10-13T19:32:30.959-0700][1256][info ][safepoint   ] Safepoint "G1CollectForAllocation", Time since last: 76043522 ns, Reaching safepoint: 826640 ns, Cleanup: 25288 ns, At safepoint: 191156545 ns, Total: 192008473 ns
[2025-10-13T19:32:31.960-0700][1256][info ][safepoint   ] Safepoint "Cleanup", Time since last: 1000091597 ns, Reaching safepoint: 897397 ns, Cleanup: 36465 ns, At safepoint: 352253 ns, Total: 1286115 ns
[2025-10-13T19:32:32.962-0700][1256][info ][safepoint   ] Safepoint "Cleanup", Time since last: 1000121943 ns, Reaching safepoint: 907573 ns, Cleanup: 10426 ns, At safepoint: 610563 ns, Total: 1528562 ns
[2025-10-13T19:32:33.963-0700][1256][info ][safepoint   ] Safepoint "Cleanup", Time since last: 1000110396 ns, Reaching safepoint: 822634 ns, Cleanup: 11037 ns, At safepoint: 371311 ns, Total: 1204982 ns
[2025-10-13T19:32:34.965-0700][1256][info ][safepoint   ] Safepoint "Cleanup", Time since last: 1000112449 ns, Reaching safepoint: 927553 ns, Cleanup: 16985 ns, At safepoint: 609783 ns, Total: 1554321 ns
[2025-10-13T19:32:35.966-0700][1256][info ][safepoint   ] Safepoint "Cleanup", Time since last: 1000116755 ns, Reaching safepoint: 894022 ns, Cleanup: 27131 ns, At safepoint: 609272 ns, Total: 1530425 ns
[2025-10-13T19:32:36.968-0700][1256][info ][safepoint   ] Safepoint "Cleanup", Time since last: 1000107571 ns, Reaching safepoint: 813300 ns, Cleanup: 16205 ns, At safepoint: 632937 ns, Total: 1462442 ns
[2025-10-13T19:32:37.970-0700][1256][info ][safepoint   ] Safepoint "Cleanup", Time since last: 1000102464 ns, Reaching safepoint: 883486 ns, Cleanup: 10245 ns, At safepoint: 910748 ns, Total: 1804479 ns
[2025-10-13T19:32:38.977-0700][1256][info ][safepoint   ] Safepoint "Cleanup", Time since last: 1000104667 ns, Reaching safepoint: 5056137 ns, Cleanup: 16685 ns, At safepoint: 2116271 ns, Total: 7189093 ns
[2025-10-13T19:32:39.980-0700][1256][info ][safepoint   ] Safepoint "Cleanup", Time since last: 1000081722 ns, Reaching safepoint: 1361700 ns, Cleanup: 30967 ns, At safepoint: 1608312 ns, Total: 3000979 ns
[2025-10-13T19:32:40.983-0700][1256][info ][safepoint   ] Safepoint "Cleanup", Time since last: 1000118608 ns, Reaching safepoint: 1041355 ns, Cleanup: 11347 ns, At safepoint: 1569594 ns, Total: 2622296 ns
[2025-10-13T19:32:41.991-0700][1256][info ][safepoint   ] Safepoint "Cleanup", Time since last: 1000116595 ns, Reaching safepoint: 6107067 ns, Cleanup: 28593 ns, At safepoint: 1540160 ns, Total: 7675820 ns
[2025-10-13T19:32:42.919-0700][1256][info ][gc,start    ] GC(124) Pause Young (Normal) (G1 Evacuation Pause)
[2025-10-13T19:32:42.920-0700][1256][info ][gc,task     ] GC(124) Using 113 workers of 113 for evacuation
[2025-10-13T19:32:42.934-0700][1256][debug][gc,remset   ] GC(124) Visited cards 8823808 Total dirty 69664768 (12.67%) Total old 528547840 (1.67%)
[2025-10-13T19:32:43.088-0700][1256][info ][gc,phases   ] GC(124)   Pre Evacuate Collection Set: 0.7ms
[2025-10-13T19:32:43.088-0700][1256][info ][gc,phases   ] GC(124)   Merge Heap Roots: 13.5ms
[2025-10-13T19:32:43.088-0700][1256][info ][gc,phases   ] GC(124)   Evacuate Collection Set: 138.1ms
[2025-10-13T19:32:43.088-0700][1256][info ][gc,phases   ] GC(124)   Post Evacuate Collection Set: 15.8ms
[2025-10-13T19:32:43.088-0700][1256][info ][gc,phases   ] GC(124)   Other: 0.2ms
[2025-10-13T19:32:43.088-0700][1256][debug][gc,remset   ] GC(124) Coarsening (recent): Inline->AoC 45858 (0) AoC->Howl 169 (0) Howl->Full 0 (0) Inline->AoC 509 (0) AoC->BitMap 137 (0) BitMap->Full 0 (0) 
[2025-10-13T19:32:43.088-0700][1256][debug][gc,remset   ] GC(124) Coarsening (all): Inline->AoC 2838799 (51) AoC->Howl 46385 (178) Howl->Full 0 (0) Inline->AoC 185829 (47) AoC->BitMap 56896 (146) BitMap->Full 6 (0) 
[2025-10-13T19:32:43.088-0700][1256][info ][gc,heap     ] GC(124) Eden regions: 3261->0(2750)
[2025-10-13T19:32:43.088-0700][1256][info ][gc,heap     ] GC(124) Survivor regions: 195->240(432)
[2025-10-13T19:32:43.088-0700][1256][info ][gc,heap     ] GC(124) Old regions: 1139->1139
[2025-10-13T19:32:43.088-0700][1256][info ][gc,heap     ] GC(124) Humongous regions: 14->0
[2025-10-13T19:32:43.088-0700][1256][info ][gc,metaspace] GC(124) Metaspace: 316344K(321920K)->316344K(321920K) NonClass: 278329K(281280K)->278329K(281280K) Class: 38015K(40640K)->38015K(40640K)
[2025-10-13T19:32:43.088-0700][1256][info ][gc          ] GC(124) Pause Young (Normal) (G1 Evacuation Pause) 147451M->44105M(184320M) 168.470ms
[2025-10-13T19:32:43.090-0700][1256][info ][gc,cpu      ] GC(124) User=16.61s Sys=0.31s Real=0.17s
[2025-10-13T19:32:43.091-0700][1256][info ][safepoint   ] Safepoint "G1CollectForAllocation", Time since last: 926108561 ns, Reaching safepoint: 861393 ns, Cleanup: 32590 ns, At safepoint: 173128317 ns, Total: 174022300 ns
[2025-10-13T19:32:44.092-0700][1256][info ][safepoint   ] Safepoint "Cleanup", Time since last: 1000077516 ns, Reaching safepoint: 775894 ns, Cleanup: 20771 ns, At safepoint: 209878 ns, Total: 1006543 ns
[2025-10-13T19:32:45.093-0700][1256][info ][safepoint   ] Safepoint "Cleanup", Time since last: 1000106750 ns, Reaching safepoint: 808673 ns, Cleanup: 16745 ns, At safepoint: 488739 ns, Total: 1314157 ns
[2025-10-13T19:32:46.095-0700][1256][info ][safepoint   ] Safepoint "Cleanup", Time since last: 1000109585 ns, Reaching safepoint: 843145 ns, Cleanup: 22824 ns, At safepoint: 484734 ns, Total: 1350703 ns
[2025-10-13T19:32:47.097-0700][1256][info ][safepoint   ] Safepoint "Cleanup", Time since last: 1000107831 ns, Reaching safepoint: 867472 ns, Cleanup: 33050 ns, At safepoint: 867012 ns, Total: 1767534 ns
[2025-10-13T19:32:48.099-0700][1256][info ][safepoint   ] Safepoint "Cleanup", Time since last: 1000107892 ns, Reaching safepoint: 902615 ns, Cleanup: 15233 ns, At safepoint: 988885 ns, Total: 1906733 ns
[2025-10-13T19:32:49.101-0700][1256][info ][safepoint   ] Safepoint "Cleanup", Time since last: 1000107952 ns, Reaching safepoint: 1233236 ns, Cleanup: 18247 ns, At safepoint: 981034 ns, Total: 2232517 ns
[2025-10-13T19:32:50.103-0700][1256][info ][safepoint   ] Safepoint "Cleanup", Time since last: 1000112940 ns, Reaching safepoint: 934223 ns, Cleanup: 12739 ns, At safepoint: 809174 ns, Total: 1756136 ns
[2025-10-13T19:32:51.105-0700][1256][info ][safepoint   ] Safepoint "Cleanup", Time since last: 1000114261 ns, Reaching safepoint: 1034705 ns, Cleanup: 15083 ns, At safepoint: 1300036 ns, Total: 2349824 ns
[2025-10-13T19:32:51.131-0700][1256][info ][gc,start    ] GC(125) Pause Young (Normal) (G1 Evacuation Pause)
[2025-10-13T19:32:51.131-0700][1256][info ][gc,task     ] GC(125) Using 113 workers of 113 for evacuation
[2025-10-13T19:32:51.146-0700][1256][debug][gc,remset   ] GC(125) Visited cards 8919296 Total dirty 69795840 (12.78%) Total old 471072768 (1.89%)
[2025-10-13T19:32:51.336-0700][1256][info ][gc,mmu      ] GC(125) MMU target violated: 201.0ms (200.0ms/201.0ms)
[2025-10-13T19:32:51.336-0700][1256][info ][gc,phases   ] GC(125)   Pre Evacuate Collection Set: 0.7ms
[2025-10-13T19:32:51.336-0700][1256][info ][gc,phases   ] GC(125)   Merge Heap Roots: 13.8ms
[2025-10-13T19:32:51.336-0700][1256][info ][gc,phases   ] GC(125)   Evacuate Collection Set: 174.0ms
[2025-10-13T19:32:51.336-0700][1256][info ][gc,phases   ] GC(125)   Post Evacuate Collection Set: 15.8ms
[2025-10-13T19:32:51.336-0700][1256][info ][gc,phases   ] GC(125)   Other: 0.2ms
[2025-10-13T19:32:51.336-0700][1256][debug][gc,remset   ] GC(125) Coarsening (recent): Inline->AoC 54183 (0) AoC->Howl 199 (0) Howl->Full 0 (0) Inline->AoC 932 (0) AoC->BitMap 120 (0) BitMap->Full 0 (0) 
[2025-10-13T19:32:51.336-0700][1256][debug][gc,remset   ] GC(125) Coarsening (all): Inline->AoC 2892982 (51) AoC->Howl 46584 (178) Howl->Full 0 (0) Inline->AoC 186761 (47) AoC->BitMap 57016 (146) BitMap->Full 6 (0) 
[2025-10-13T19:32:51.336-0700][1256][info ][gc,heap     ] GC(125) Eden regions: 2776->0(2372)
[2025-10-13T19:32:51.336-0700][1256][info ][gc,heap     ] GC(125) Survivor regions: 240->244(377)
[2025-10-13T19:32:51.336-0700][1256][info ][gc,heap     ] GC(125) Old regions: 1139->1191
[2025-10-13T19:32:51.336-0700][1256][info ][gc,heap     ] GC(125) Humongous regions: 17->1
[2025-10-13T19:32:51.336-0700][1256][info ][gc,metaspace] GC(125) Metaspace: 316442K(322048K)->316442K(322048K) NonClass: 278416K(281408K)->278416K(281408K) Class: 38025K(40640K)->38025K(40640K)
[2025-10-13T19:32:51.336-0700][1256][info ][gc          ] GC(125) Pause Young (Normal) (G1 Evacuation Pause) 133481M->45926M(184320M) 204.708ms
[2025-10-13T19:32:51.338-0700][1256][info ][gc,cpu      ] GC(125) User=19.59s Sys=0.45s Real=0.20s
[2025-10-13T19:32:51.339-0700][1256][info ][safepoint   ] Safepoint "G1CollectForAllocation", Time since last: 22980237 ns, Reaching safepoint: 932029 ns, Cleanup: 4787 ns, At safepoint: 209856007 ns, Total: 210792823 ns
[2025-10-13T19:32:52.340-0700][1256][info ][safepoint   ] Safepoint "Cleanup", Time since last: 1000114121 ns, Reaching safepoint: 892220 ns, Cleanup: 31597 ns, At safepoint: 263279 ns, Total: 1187096 ns
[2025-10-13T19:32:53.343-0700][1256][info ][safepoint   ] Safepoint "Cleanup", Time since last: 1000117085 ns, Reaching safepoint: 1189690 ns, Cleanup: 13380 ns, At safepoint: 894873 ns, Total: 2097943 ns
[2025-10-13T19:32:54.345-0700][1256][info ][safepoint   ] Safepoint "Cleanup", Time since last: 1000136335 ns, Reaching safepoint: 920773 ns, Cleanup: 12569 ns, At safepoint: 858719 ns, Total: 1792061 ns
[2025-10-13T19:32:55.346-0700][1256][info ][safepoint   ] Safepoint "Cleanup", Time since last: 1000109234 ns, Reaching safepoint: 941323 ns, Cleanup: 16315 ns, At safepoint: 697335 ns, Total: 1654973 ns
[2025-10-13T19:32:56.358-0700][1256][info ][safepoint   ] Safepoint "Cleanup", Time since last: 1000086770 ns, Reaching safepoint: 9304312 ns, Cleanup: 18348 ns, At safepoint: 2560492 ns, Total: 11883152 ns
[2025-10-13T19:32:57.361-0700][1256][info ][safepoint   ] Safepoint "Cleanup", Time since last: 1000134763 ns, Reaching safepoint: 1123018 ns, Cleanup: 12940 ns, At safepoint: 1264202 ns, Total: 2400160 ns
[2025-10-13T19:32:58.363-0700][1256][info ][safepoint   ] Safepoint "Cleanup", Time since last: 1000123355 ns, Reaching safepoint: 1221708 ns, Cleanup: 15393 ns, At safepoint: 1008446 ns, Total: 2245547 ns
[2025-10-13T19:32:59.384-0700][1256][info ][safepoint   ] Safepoint "Cleanup", Time since last: 1000123916 ns, Reaching safepoint: 17816106 ns, Cleanup: 15653 ns, At safepoint: 2405228 ns, Total: 20236987 ns
[2025-10-13T19:32:59.827-0700][1256][info ][gc,start    ] GC(126) Pause Young (Normal) (G1 Evacuation Pause)
[2025-10-13T19:32:59.827-0700][1256][info ][gc,task     ] GC(126) Using 113 workers of 113 for evacuation
[2025-10-13T19:32:59.841-0700][1256][debug][gc,remset   ] GC(126) Visited cards 9350144 Total dirty 72941568 (12.82%) Total old 440795136 (2.12%)
[2025-10-13T19:33:00.028-0700][1256][info ][gc,mmu      ] GC(126) MMU target violated: 201.0ms (200.0ms/201.0ms)
[2025-10-13T19:33:00.028-0700][1256][info ][gc,phases   ] GC(126)   Pre Evacuate Collection Set: 0.8ms
[2025-10-13T19:33:00.028-0700][1256][info ][gc,phases   ] GC(126)   Merge Heap Roots: 13.2ms
[2025-10-13T19:33:00.028-0700][1256][info ][gc,phases   ] GC(126)   Evacuate Collection Set: 173.0ms
[2025-10-13T19:33:00.028-0700][1256][info ][gc,phases   ] GC(126)   Post Evacuate Collection Set: 13.9ms
[2025-10-13T19:33:00.028-0700][1256][info ][gc,phases   ] GC(126)   Other: 0.2ms
[2025-10-13T19:33:00.028-0700][1256][debug][gc,remset   ] GC(126) Coarsening (recent): Inline->AoC 42316 (0) AoC->Howl 225 (0) Howl->Full 0 (0) Inline->AoC 723 (0) AoC->BitMap 175 (0) BitMap->Full 0 (0) 
[2025-10-13T19:33:00.028-0700][1256][debug][gc,remset   ] GC(126) Coarsening (all): Inline->AoC 2935298 (51) AoC->Howl 46809 (178) Howl->Full 0 (0) Inline->AoC 187484 (47) AoC->BitMap 57191 (146) BitMap->Full 6 (0) 
[2025-10-13T19:33:00.028-0700][1256][info ][gc,heap     ] GC(126) Eden regions: 2512->0(3259)
[2025-10-13T19:33:00.028-0700][1256][info ][gc,heap     ] GC(126) Survivor regions: 244->197(345)
[2025-10-13T19:33:00.028-0700][1256][info ][gc,heap     ] GC(126) Old regions: 1191->1283
[2025-10-13T19:33:00.028-0700][1256][info ][gc,heap     ] GC(126) Humongous regions: 23->0
[2025-10-13T19:33:00.028-0700][1256][info ][gc,metaspace] GC(126) Metaspace: 316461K(322048K)->316461K(322048K) NonClass: 278435K(281408K)->278435K(281408K) Class: 38025K(40640K)->38025K(40640K)
[2025-10-13T19:33:00.028-0700][1256][info ][gc          ] GC(126) Pause Young (Normal) (G1 Evacuation Pause) 127014M->47329M(184320M) 201.210ms
[2025-10-13T19:33:00.030-0700][1256][info ][gc,cpu      ] GC(126) User=17.84s Sys=0.19s Real=0.20s
[2025-10-13T19:33:00.031-0700][1256][info ][safepoint   ] Safepoint "G1CollectForAllocation", Time since last: 440080529 ns, Reaching safepoint: 1120475 ns, Cleanup: 4978 ns, At safepoint: 206014877 ns, Total: 207140330 ns
[2025-10-13T19:33:00.715-0700][1256][info ][gc,start    ] GC(127) Pause Young (Concurrent Start) (G1 Humongous Allocation)
[2025-10-13T19:33:00.715-0700][1256][info ][gc,task     ] GC(127) Using 113 workers of 113 for evacuation
[2025-10-13T19:33:00.727-0700][1256][debug][gc,remset   ] GC(127) Visited cards 8854272 Total dirty 78118912 (11.33%) Total old 151977984 (5.83%)
[2025-10-13T19:33:00.848-0700][1256][info ][gc,phases   ] GC(127)   Pre Evacuate Collection Set: 1.0ms
[2025-10-13T19:33:00.848-0700][1256][info ][gc,phases   ] GC(127)   Merge Heap Roots: 11.7ms
[2025-10-13T19:33:00.848-0700][1256][info ][gc,phases   ] GC(127)   Evacuate Collection Set: 111.1ms
[2025-10-13T19:33:00.848-0700][1256][info ][gc,phases   ] GC(127)   Post Evacuate Collection Set: 9.3ms
[2025-10-13T19:33:00.848-0700][1256][info ][gc,phases   ] GC(127)   Other: 0.2ms
[2025-10-13T19:33:00.848-0700][1256][debug][gc,remset   ] GC(127) Coarsening (recent): Inline->AoC 17 (0) AoC->Howl 0 (0) Howl->Full 0 (0) Inline->AoC 0 (0) AoC->BitMap 0 (0) BitMap->Full 0 (0) 
[2025-10-13T19:33:00.848-0700][1256][debug][gc,remset   ] GC(127) Coarsening (all): Inline->AoC 2935315 (51) AoC->Howl 46809 (178) Howl->Full 0 (0) Inline->AoC 187484 (47) AoC->BitMap 57191 (146) BitMap->Full 6 (0) 
[2025-10-13T19:33:00.848-0700][1256][info ][gc,heap     ] GC(127) Eden regions: 321->0(3261)
[2025-10-13T19:33:00.848-0700][1256][info ][gc,heap     ] GC(127) Survivor regions: 197->195(432)
[2025-10-13T19:33:00.848-0700][1256][info ][gc,heap     ] GC(127) Old regions: 1283->1283
[2025-10-13T19:33:00.848-0700][1256][info ][gc,heap     ] GC(127) Humongous regions: 0->0
[2025-10-13T19:33:00.848-0700][1256][info ][gc,metaspace] GC(127) Metaspace: 316464K(322048K)->316464K(322048K) NonClass: 278437K(281408K)->278437K(281408K) Class: 38026K(40640K)->38026K(40640K)
[2025-10-13T19:33:00.848-0700][1256][info ][gc          ] GC(127) Pause Young (Concurrent Start) (G1 Humongous Allocation) 57575M->47284M(184320M) 133.410ms
[2025-10-13T19:33:00.848-0700][1089][info ][gc          ] GC(128) Concurrent Mark Cycle
[2025-10-13T19:33:00.848-0700][1089][info ][gc,marking  ] GC(128) Concurrent Scan Root Regions
[2025-10-13T19:33:00.850-0700][1256][info ][gc,cpu      ] GC(127) User=11.49s Sys=0.11s Real=0.14s
[2025-10-13T19:33:00.852-0700][1256][info ][safepoint   ] Safepoint "G1TryInitiateConcMark", Time since last: 681048353 ns, Reaching safepoint: 908241 ns, Cleanup: 7170 ns, At safepoint: 139206242 ns, Total: 140121653 ns
[2025-10-13T19:33:00.918-0700][1089][info ][gc,marking  ] GC(128) Concurrent Scan Root Regions 69.985ms
[2025-10-13T19:33:00.918-0700][1089][info ][gc,marking  ] GC(128) Concurrent Mark
[2025-10-13T19:33:00.918-0700][1089][info ][gc,marking  ] GC(128) Concurrent Mark From Roots
[2025-10-13T19:33:00.918-0700][1089][info ][gc,task     ] GC(128) Using 36 workers of 36 for marking
[2025-10-13T19:33:01.224-0700][1089][info ][gc,marking  ] GC(128) Concurrent Mark From Roots 305.727ms
[2025-10-13T19:33:01.224-0700][1089][info ][gc,marking  ] GC(128) Concurrent Preclean
[2025-10-13T19:33:01.259-0700][1089][info ][gc,marking  ] GC(128) Concurrent Preclean 35.093ms
[2025-10-13T19:33:01.262-0700][1256][info ][gc,start    ] GC(128) Pause Remark
[2025-10-13T19:33:01.791-0700][1256][info ][gc,mmu      ] GC(128) MMU target violated: 201.0ms (200.0ms/201.0ms)
[2025-10-13T19:33:01.792-0700][1256][info ][gc          ] GC(128) Pause Remark 53100M->52684M(184320M) 529.156ms
[2025-10-13T19:33:01.793-0700][1256][info ][gc,cpu      ] GC(128) User=14.83s Sys=0.00s Real=0.53s
[2025-10-13T19:33:01.795-0700][1256][info ][safepoint   ] Safepoint "G1PauseRemark", Time since last: 407388360 ns, Reaching safepoint: 1011557 ns, Cleanup: 5348 ns, At safepoint: 534738484 ns, Total: 535755389 ns
[2025-10-13T19:33:01.795-0700][1089][info ][gc,marking  ] GC(128) Concurrent Mark 876.987ms
[2025-10-13T19:33:01.795-0700][1089][info ][gc,marking  ] GC(128) Concurrent Rebuild Remembered Sets and Scrub Regions
[2025-10-13T19:33:02.678-0700][1089][info ][gc,marking  ] GC(128) Concurrent Rebuild Remembered Sets and Scrub Regions 883.005ms
[2025-10-13T19:33:02.681-0700][1256][info ][gc,start    ] GC(128) Pause Cleanup
[2025-10-13T19:33:02.684-0700][1256][info ][gc          ] GC(128) Pause Cleanup 68416M->68416M(184320M) 2.467ms
[2025-10-13T19:33:02.686-0700][1256][info ][gc,cpu      ] GC(128) User=0.02s Sys=0.00s Real=0.00s
[2025-10-13T19:33:02.686-0700][1256][info ][safepoint   ] Safepoint "G1PauseCleanup", Time since last: 883394694 ns, Reaching safepoint: 889863 ns, Cleanup: 201504 ns, At safepoint: 6423137 ns, Total: 7514504 ns
[2025-10-13T19:33:02.686-0700][1089][info ][gc,marking  ] GC(128) Concurrent Clear Claimed Marks
[2025-10-13T19:33:02.687-0700][1089][info ][gc,marking  ] GC(128) Concurrent Clear Claimed Marks 0.908ms
[2025-10-13T19:33:02.687-0700][1089][info ][gc,marking  ] GC(128) Concurrent Cleanup for Next Mark
[2025-10-13T19:33:02.718-0700][1089][info ][gc,marking  ] GC(128) Concurrent Cleanup for Next Mark 31.230ms
[2025-10-13T19:33:02.718-0700][1089][info ][gc          ] GC(128) Concurrent Mark Cycle 1869.944ms
[2025-10-13T19:33:03.688-0700][1256][info ][safepoint   ] Safepoint "Cleanup", Time since last: 1000085586 ns, Reaching safepoint: 884445 ns, Cleanup: 22274 ns, At safepoint: 473184 ns, Total: 1379903 ns
[2025-10-13T19:33:04.689-0700][1256][info ][safepoint   ] Safepoint "Cleanup", Time since last: 1000102683 ns, Reaching safepoint: 876473 ns, Cleanup: 18638 ns, At safepoint: 305802 ns, Total: 1200913 ns
[2025-10-13T19:33:05.710-0700][1256][info ][safepoint   ] Safepoint "Cleanup", Time since last: 1000103243 ns, Reaching safepoint: 18815754 ns, Cleanup: 16955 ns, At safepoint: 2539264 ns, Total: 21371973 ns
[2025-10-13T19:33:06.713-0700][1256][info ][safepoint   ] Safepoint "Cleanup", Time since last: 1000153489 ns, Reaching safepoint: 1188494 ns, Cleanup: 51928 ns, At safepoint: 1204669 ns, Total: 2445091 ns
[2025-10-13T19:33:07.714-0700][1256][info ][safepoint   ] Safepoint "Cleanup", Time since last: 1000120429 ns, Reaching safepoint: 746838 ns, Cleanup: 36535 ns, At safepoint: 482749 ns, Total: 1266122 ns
[2025-10-13T19:33:08.719-0700][1256][info ][safepoint   ] Safepoint "Cleanup", Time since last: 1000126068 ns, Reaching safepoint: 3031135 ns, Cleanup: 19450 ns, At safepoint: 1337689 ns, Total: 4388274 ns
[2025-10-13T19:33:09.721-0700][1256][info ][safepoint   ] Safepoint "Cleanup", Time since last: 1000122452 ns, Reaching safepoint: 1251830 ns, Cleanup: 28403 ns, At safepoint: 947741 ns, Total: 2227974 ns
[2025-10-13T19:33:10.338-0700][1256][info ][gc,start    ] GC(129) Pause Young (Prepare Mixed) (G1 Evacuation Pause)
[2025-10-13T19:33:10.338-0700][1256][info ][gc,task     ] GC(129) Using 113 workers of 113 for evacuation
[2025-10-13T19:33:10.354-0700][1256][debug][gc,remset   ] GC(129) Visited cards 9433088 Total dirty 78577664 (12.00%) Total old 538378240 (1.75%)
[2025-10-13T19:33:10.513-0700][1256][info ][gc,phases   ] GC(129)   Pre Evacuate Collection Set: 0.7ms
[2025-10-13T19:33:10.513-0700][1256][info ][gc,phases   ] GC(129)   Merge Heap Roots: 15.1ms
[2025-10-13T19:33:10.513-0700][1256][info ][gc,phases   ] GC(129)   Evacuate Collection Set: 142.0ms
[2025-10-13T19:33:10.513-0700][1256][info ][gc,phases   ] GC(129)   Post Evacuate Collection Set: 16.4ms
[2025-10-13T19:33:10.513-0700][1256][info ][gc,phases   ] GC(129)   Other: 0.2ms
[2025-10-13T19:33:10.513-0700][1256][debug][gc,remset   ] GC(129) Coarsening (recent): Inline->AoC 164961 (0) AoC->Howl 6119 (0) Howl->Full 0 (0) Inline->AoC 22276 (1) AoC->BitMap 8115 (0) BitMap->Full 3 (0) 
[2025-10-13T19:33:10.513-0700][1256][debug][gc,remset   ] GC(129) Coarsening (all): Inline->AoC 3100276 (51) AoC->Howl 52928 (178) Howl->Full 0 (0) Inline->AoC 209760 (48) AoC->BitMap 65306 (146) BitMap->Full 9 (0) 
[2025-10-13T19:33:10.513-0700][1256][info ][gc,heap     ] GC(129) Eden regions: 3261->0(3067)
[2025-10-13T19:33:10.513-0700][1256][info ][gc,heap     ] GC(129) Survivor regions: 195->235(432)
[2025-10-13T19:33:10.513-0700][1256][info ][gc,heap     ] GC(129) Old regions: 1270->1270
[2025-10-13T19:33:10.513-0700][1256][info ][gc,heap     ] GC(129) Humongous regions: 33->1
[2025-10-13T19:33:10.513-0700][1256][info ][gc,metaspace] GC(129) Metaspace: 316438K(322048K)->316438K(322048K) NonClass: 278425K(281408K)->278425K(281408K) Class: 38013K(40640K)->38013K(40640K)
[2025-10-13T19:33:10.513-0700][1256][info ][gc          ] GC(129) Pause Young (Prepare Mixed) (G1 Evacuation Pause) 152276M->48174M(184320M) 174.674ms
[2025-10-13T19:33:10.515-0700][1256][info ][gc,cpu      ] GC(129) User=16.37s Sys=0.24s Real=0.18s
[2025-10-13T19:33:10.516-0700][1256][info ][safepoint   ] Safepoint "G1CollectForAllocation", Time since last: 614598618 ns, Reaching safepoint: 879708 ns, Cleanup: 7792 ns, At safepoint: 179478865 ns, Total: 180366365 ns
[2025-10-13T19:33:11.519-0700][1256][info ][safepoint   ] Safepoint "Cleanup", Time since last: 1000098256 ns, Reaching safepoint: 1558402 ns, Cleanup: 17116 ns, At safepoint: 1046851 ns, Total: 2622369 ns
[2025-10-13T19:33:13.521-0700][1256][info ][safepoint   ] Safepoint "Cleanup", Time since last: 2000181705 ns, Reaching safepoint: 1726742 ns, Cleanup: 12128 ns, At safepoint: 237530 ns, Total: 1976400 ns
[2025-10-13T19:33:14.523-0700][1256][info ][safepoint   ] Safepoint "Cleanup", Time since last: 1000100312 ns, Reaching safepoint: 935565 ns, Cleanup: 14162 ns, At safepoint: 592626 ns, Total: 1542353 ns
[2025-10-13T19:33:15.524-0700][1256][info ][safepoint   ] Safepoint "Cleanup", Time since last: 1000115075 ns, Reaching safepoint: 880281 ns, Cleanup: 13330 ns, At safepoint: 646569 ns, Total: 1540180 ns
[2025-10-13T19:33:16.526-0700][1256][info ][safepoint   ] Safepoint "Cleanup", Time since last: 1000115044 ns, Reaching safepoint: 986723 ns, Cleanup: 30276 ns, At safepoint: 921804 ns, Total: 1938803 ns
[2025-10-13T19:33:17.531-0700][1256][info ][safepoint   ] Safepoint "Cleanup", Time since last: 1000124038 ns, Reaching safepoint: 2954309 ns, Cleanup: 39290 ns, At safepoint: 1915798 ns, Total: 4909397 ns
[2025-10-13T19:33:18.533-0700][1256][info ][safepoint   ] Safepoint "Cleanup", Time since last: 1000118780 ns, Reaching safepoint: 778638 ns, Cleanup: 24167 ns, At safepoint: 667229 ns, Total: 1470034 ns
[2025-10-13T19:33:19.382-0700][1256][info ][gc,start    ] GC(130) Pause Young (Mixed) (G1 Evacuation Pause)
[2025-10-13T19:33:19.382-0700][1256][info ][gc,task     ] GC(130) Using 113 workers of 113 for evacuation
[2025-10-13T19:33:19.398-0700][1256][debug][gc,remset   ] GC(130) Visited cards 9257216 Total dirty 74121216 (12.49%) Total old 543358976 (1.70%)
[2025-10-13T19:33:19.576-0700][1256][info ][gc,phases   ] GC(130)   Pre Evacuate Collection Set: 0.7ms
[2025-10-13T19:33:19.576-0700][1256][info ][gc,phases   ] GC(130)   Merge Heap Roots: 14.6ms
[2025-10-13T19:33:19.576-0700][1256][info ][gc,phases   ] GC(130)   Evacuate Collection Set: 162.9ms
[2025-10-13T19:33:19.576-0700][1256][info ][gc,phases   ] GC(130)   Post Evacuate Collection Set: 14.9ms
[2025-10-13T19:33:19.576-0700][1256][info ][gc,phases   ] GC(130)   Other: 0.2ms
[2025-10-13T19:33:19.576-0700][1256][debug][gc,remset   ] GC(130) Coarsening (recent): Inline->AoC 27481 (0) AoC->Howl 186 (0) Howl->Full 0 (0) Inline->AoC 897 (0) AoC->BitMap 79 (0) BitMap->Full 0 (0) 
[2025-10-13T19:33:19.576-0700][1256][debug][gc,remset   ] GC(130) Coarsening (all): Inline->AoC 3127757 (51) AoC->Howl 53114 (178) Howl->Full 0 (0) Inline->AoC 210657 (48) AoC->BitMap 65385 (146) BitMap->Full 9 (0) 
[2025-10-13T19:33:19.576-0700][1256][info ][gc,heap     ] GC(130) Eden regions: 3221->0(2251)
[2025-10-13T19:33:19.576-0700][1256][info ][gc,heap     ] GC(130) Survivor regions: 235->256(432)
[2025-10-13T19:33:19.576-0700][1256][info ][gc,heap     ] GC(130) Old regions: 1270->1190
[2025-10-13T19:33:19.576-0700][1256][info ][gc,heap     ] GC(130) Humongous regions: 28->1
[2025-10-13T19:33:19.576-0700][1256][info ][gc,metaspace] GC(130) Metaspace: 316504K(322048K)->316504K(322048K) NonClass: 278481K(281408K)->278481K(281408K) Class: 38022K(40640K)->38022K(40640K)
[2025-10-13T19:33:19.576-0700][1256][info ][gc          ] GC(130) Pause Young (Mixed) (G1 Evacuation Pause) 152110M->46294M(184320M) 193.420ms
[2025-10-13T19:33:19.577-0700][1256][info ][gc,cpu      ] GC(130) User=18.03s Sys=0.09s Real=0.19s
[2025-10-13T19:33:19.579-0700][1256][info ][safepoint   ] Safepoint "G1CollectForAllocation", Time since last: 846523040 ns, Reaching safepoint: 942536 ns, Cleanup: 50917 ns, At safepoint: 198226497 ns, Total: 199219950 ns
[2025-10-13T19:33:20.580-0700][1256][info ][safepoint   ] Safepoint "Cleanup", Time since last: 1000078740 ns, Reaching safepoint: 996167 ns, Cleanup: 28583 ns, At safepoint: 367857 ns, Total: 1392607 ns
[2025-10-13T19:33:21.581-0700][1256][info ][safepoint   ] Safepoint "Cleanup", Time since last: 1000125169 ns, Reaching safepoint: 745889 ns, Cleanup: 22584 ns, At safepoint: 278231 ns, Total: 1046704 ns
[2025-10-13T19:33:22.583-0700][1256][info ][safepoint   ] Safepoint "Cleanup", Time since last: 1000106722 ns, Reaching safepoint: 864077 ns, Cleanup: 23956 ns, At safepoint: 323780 ns, Total: 1211813 ns
[2025-10-13T19:33:23.584-0700][1256][info ][safepoint   ] Safepoint "Cleanup", Time since last: 1000103537 ns, Reaching safepoint: 900062 ns, Cleanup: 10035 ns, At safepoint: 446045 ns, Total: 1356142 ns
[2025-10-13T19:33:24.586-0700][1256][info ][safepoint   ] Safepoint "Cleanup", Time since last: 1000076616 ns, Reaching safepoint: 896857 ns, Cleanup: 18888 ns, At safepoint: 1036118 ns, Total: 1951863 ns
[2025-10-13T19:33:25.588-0700][1256][info ][safepoint   ] Safepoint "Cleanup", Time since last: 1000117959 ns, Reaching safepoint: 849565 ns, Cleanup: 13460 ns, At safepoint: 1180316 ns, Total: 2043341 ns
[2025-10-13T19:33:26.591-0700][1256][info ][safepoint   ] Safepoint "Cleanup", Time since last: 1000103447 ns, Reaching safepoint: 914153 ns, Cleanup: 44928 ns, At safepoint: 1287107 ns, Total: 2246188 ns
[2025-10-13T19:33:27.594-0700][1256][info ][gc,start    ] GC(131) Pause Young (Mixed) (G1 Evacuation Pause)
[2025-10-13T19:33:27.594-0700][1256][info ][gc,task     ] GC(131) Using 113 workers of 113 for evacuation
[2025-10-13T19:33:27.609-0700][1256][debug][gc,remset   ] GC(131) Visited cards 9205504 Total dirty 69599232 (13.23%) Total old 467075072 (1.97%)
[2025-10-13T19:33:27.811-0700][1256][info ][gc,mmu      ] GC(131) MMU target violated: 201.0ms (200.0ms/201.0ms)
[2025-10-13T19:33:27.811-0700][1256][info ][gc,phases   ] GC(131)   Pre Evacuate Collection Set: 0.8ms
[2025-10-13T19:33:27.811-0700][1256][info ][gc,phases   ] GC(131)   Merge Heap Roots: 14.0ms
[2025-10-13T19:33:27.811-0700][1256][info ][gc,phases   ] GC(131)   Evacuate Collection Set: 184.6ms
[2025-10-13T19:33:27.811-0700][1256][info ][gc,phases   ] GC(131)   Post Evacuate Collection Set: 17.7ms
[2025-10-13T19:33:27.811-0700][1256][info ][gc,phases   ] GC(131)   Other: 0.2ms
[2025-10-13T19:33:27.811-0700][1256][debug][gc,remset   ] GC(131) Coarsening (recent): Inline->AoC 37933 (0) AoC->Howl 167 (0) Howl->Full 0 (0) Inline->AoC 828 (0) AoC->BitMap 81 (0) BitMap->Full 0 (0) 
[2025-10-13T19:33:27.811-0700][1256][debug][gc,remset   ] GC(131) Coarsening (all): Inline->AoC 3165690 (51) AoC->Howl 53281 (178) Howl->Full 0 (0) Inline->AoC 211485 (48) AoC->BitMap 65466 (146) BitMap->Full 9 (0) 
[2025-10-13T19:33:27.811-0700][1256][info ][gc,heap     ] GC(131) Eden regions: 2660->0(2395)
[2025-10-13T19:33:27.811-0700][1256][info ][gc,heap     ] GC(131) Survivor regions: 256->236(365)
[2025-10-13T19:33:27.811-0700][1256][info ][gc,heap     ] GC(131) Old regions: 1190->1165
[2025-10-13T19:33:27.811-0700][1256][info ][gc,heap     ] GC(131) Humongous regions: 24->0
[2025-10-13T19:33:27.811-0700][1256][info ][gc,metaspace] GC(131) Metaspace: 316570K(322112K)->316570K(322112K) NonClass: 278541K(281472K)->278541K(281472K) Class: 38028K(40640K)->38028K(40640K)
[2025-10-13T19:33:27.811-0700][1256][info ][gc          ] GC(131) Pause Young (Mixed) (G1 Evacuation Pause) 132150M->44831M(184320M) 217.536ms
[2025-10-13T19:33:27.813-0700][1256][info ][gc,cpu      ] GC(131) User=20.06s Sys=0.28s Real=0.22s
[2025-10-13T19:33:27.814-0700][1256][info ][safepoint   ] Safepoint "G1CollectForAllocation", Time since last: 1000107312 ns, Reaching safepoint: 1150791 ns, Cleanup: 20932 ns, At safepoint: 222383262 ns, Total: 223554985 ns
[2025-10-13T19:33:28.816-0700][1256][info ][safepoint   ] Safepoint "Cleanup", Time since last: 1000090046 ns, Reaching safepoint: 1566430 ns, Cleanup: 38057 ns, At safepoint: 407317 ns, Total: 2011804 ns
[2025-10-13T19:33:29.818-0700][1256][info ][safepoint   ] Safepoint "Cleanup", Time since last: 1000110868 ns, Reaching safepoint: 976587 ns, Cleanup: 27462 ns, At safepoint: 711035 ns, Total: 1715084 ns
[2025-10-13T19:33:30.825-0700][1256][info ][safepoint   ] Safepoint "Cleanup", Time since last: 1000137669 ns, Reaching safepoint: 1191853 ns, Cleanup: 40922 ns, At safepoint: 5592160 ns, Total: 6824935 ns
[2025-10-13T19:33:31.827-0700][1256][info ][safepoint   ] Safepoint "Cleanup", Time since last: 1000109927 ns, Reaching safepoint: 1288519 ns, Cleanup: 31397 ns, At safepoint: 280775 ns, Total: 1600691 ns
[2025-10-13T19:33:32.829-0700][1256][info ][safepoint   ] Safepoint "Cleanup", Time since last: 1000115125 ns, Reaching safepoint: 1034565 ns, Cleanup: 29464 ns, At safepoint: 586848 ns, Total: 1650877 ns
[2025-10-13T19:33:33.830-0700][1256][info ][safepoint   ] Safepoint "Cleanup", Time since last: 1000125991 ns, Reaching safepoint: 763305 ns, Cleanup: 34983 ns, At safepoint: 363019 ns, Total: 1161307 ns
[2025-10-13T19:33:34.832-0700][1256][info ][safepoint   ] Safepoint "Cleanup", Time since last: 1000107072 ns, Reaching safepoint: 879351 ns, Cleanup: 11737 ns, At safepoint: 802044 ns, Total: 1693132 ns
[2025-10-13T19:33:35.834-0700][1256][info ][safepoint   ] Safepoint "Cleanup", Time since last: 1000117988 ns, Reaching safepoint: 1099984 ns, Cleanup: 20031 ns, At safepoint: 1096288 ns, Total: 2216303 ns
[2025-10-13T19:33:36.297-0700][1256][info ][gc,start    ] GC(132) Pause Young (Mixed) (G1 Evacuation Pause)
[2025-10-13T19:33:36.297-0700][1256][info ][gc,task     ] GC(132) Using 113 workers of 113 for evacuation
[2025-10-13T19:33:36.311-0700][1256][debug][gc,remset   ] GC(132) Visited cards 9524480 Total dirty 68222976 (13.96%) Total old 452460544 (2.11%)
[2025-10-13T19:33:36.497-0700][1256][info ][gc,mmu      ] GC(132) MMU target violated: 200.3ms (200.0ms/201.0ms)
[2025-10-13T19:33:36.498-0700][1256][info ][gc,phases   ] GC(132)   Pre Evacuate Collection Set: 0.8ms
[2025-10-13T19:33:36.498-0700][1256][info ][gc,phases   ] GC(132)   Merge Heap Roots: 13.1ms
[2025-10-13T19:33:36.498-0700][1256][info ][gc,phases   ] GC(132)   Evacuate Collection Set: 169.4ms
[2025-10-13T19:33:36.498-0700][1256][info ][gc,phases   ] GC(132)   Post Evacuate Collection Set: 16.9ms
[2025-10-13T19:33:36.498-0700][1256][info ][gc,phases   ] GC(132)   Other: 0.2ms
[2025-10-13T19:33:36.498-0700][1256][debug][gc,remset   ] GC(132) Coarsening (recent): Inline->AoC 44906 (0) AoC->Howl 294 (0) Howl->Full 0 (0) Inline->AoC 1148 (0) AoC->BitMap 222 (0) BitMap->Full 0 (0) 
[2025-10-13T19:33:36.498-0700][1256][debug][gc,remset   ] GC(132) Coarsening (all): Inline->AoC 3210596 (51) AoC->Howl 53575 (178) Howl->Full 0 (0) Inline->AoC 212633 (48) AoC->BitMap 65688 (146) BitMap->Full 9 (0) 
[2025-10-13T19:33:36.498-0700][1256][info ][gc,heap     ] GC(132) Eden regions: 2579->0(2503)
[2025-10-13T19:33:36.498-0700][1256][info ][gc,heap     ] GC(132) Survivor regions: 236->226(352)
[2025-10-13T19:33:36.498-0700][1256][info ][gc,heap     ] GC(132) Old regions: 1165->1139
[2025-10-13T19:33:36.498-0700][1256][info ][gc,heap     ] GC(132) Humongous regions: 28->0
[2025-10-13T19:33:36.498-0700][1256][info ][gc,metaspace] GC(132) Metaspace: 316679K(322240K)->316679K(322240K) NonClass: 278636K(281600K)->278636K(281600K) Class: 38043K(40640K)->38043K(40640K)
[2025-10-13T19:33:36.498-0700][1256][info ][gc          ] GC(132) Pause Young (Mixed) (G1 Evacuation Pause) 128255M->43661M(184320M) 200.553ms
[2025-10-13T19:33:36.499-0700][1256][info ][gc,cpu      ] GC(132) User=18.82s Sys=0.32s Real=0.20s
[2025-10-13T19:33:36.501-0700][1256][info ][safepoint   ] Safepoint "G1CollectForAllocation", Time since last: 460381225 ns, Reaching safepoint: 857998 ns, Cleanup: 12359 ns, At safepoint: 205364595 ns, Total: 206234952 ns
[2025-10-13T19:33:37.502-0700][1256][info ][safepoint   ] Safepoint "Cleanup", Time since last: 1000092570 ns, Reaching safepoint: 861063 ns, Cleanup: 22013 ns, At safepoint: 444162 ns, Total: 1327238 ns
[2025-10-13T19:33:40.503-0700][1256][info ][safepoint   ] Safepoint "Cleanup", Time since last: 3000233495 ns, Reaching safepoint: 801622 ns, Cleanup: 22594 ns, At safepoint: 213884 ns, Total: 1038100 ns
[2025-10-13T19:33:42.508-0700][1256][info ][safepoint   ] Safepoint "Cleanup", Time since last: 2000165691 ns, Reaching safepoint: 3018227 ns, Cleanup: 18357 ns, At safepoint: 1146645 ns, Total: 4183229 ns
[2025-10-13T19:33:43.510-0700][1256][info ][safepoint   ] Safepoint "Cleanup", Time since last: 1000108094 ns, Reaching safepoint: 903547 ns, Cleanup: 15713 ns, At safepoint: 804227 ns, Total: 1723487 ns
[2025-10-13T19:33:44.597-0700][1256][info ][gc,start    ] GC(133) Pause Young (Mixed) (G1 Evacuation Pause)
[2025-10-13T19:33:44.597-0700][1256][info ][gc,task     ] GC(133) Using 113 workers of 113 for evacuation
[2025-10-13T19:33:44.612-0700][1256][debug][gc,remset   ] GC(133) Visited cards 9796352 Total dirty 66322432 (14.77%) Total old 448135168 (2.19%)
[2025-10-13T19:33:44.787-0700][1256][info ][gc,phases   ] GC(133)   Pre Evacuate Collection Set: 0.8ms
[2025-10-13T19:33:44.787-0700][1256][info ][gc,phases   ] GC(133)   Merge Heap Roots: 13.7ms
[2025-10-13T19:33:44.787-0700][1256][info ][gc,phases   ] GC(133)   Evacuate Collection Set: 158.7ms
[2025-10-13T19:33:44.787-0700][1256][info ][gc,phases   ] GC(133)   Post Evacuate Collection Set: 16.6ms
[2025-10-13T19:33:44.787-0700][1256][info ][gc,phases   ] GC(133)   Other: 0.2ms
[2025-10-13T19:33:44.787-0700][1256][debug][gc,remset   ] GC(133) Coarsening (recent): Inline->AoC 50668 (0) AoC->Howl 369 (0) Howl->Full 0 (0) Inline->AoC 1067 (0) AoC->BitMap 315 (0) BitMap->Full 0 (0) 
[2025-10-13T19:33:44.787-0700][1256][debug][gc,remset   ] GC(133) Coarsening (all): Inline->AoC 3261264 (51) AoC->Howl 53944 (178) Howl->Full 0 (0) Inline->AoC 213700 (48) AoC->BitMap 66003 (146) BitMap->Full 9 (0) 
[2025-10-13T19:33:44.787-0700][1256][info ][gc,heap     ] GC(133) Eden regions: 2577->0(2596)
[2025-10-13T19:33:44.787-0700][1256][info ][gc,heap     ] GC(133) Survivor regions: 226->215(351)
[2025-10-13T19:33:44.787-0700][1256][info ][gc,heap     ] GC(133) Old regions: 1139->1122
[2025-10-13T19:33:44.787-0700][1256][info ][gc,heap     ] GC(133) Humongous regions: 12->0
[2025-10-13T19:33:44.787-0700][1256][info ][gc,metaspace] GC(133) Metaspace: 316696K(322240K)->316696K(322240K) NonClass: 278652K(281600K)->278652K(281600K) Class: 38044K(40640K)->38044K(40640K)
[2025-10-13T19:33:44.787-0700][1256][info ][gc          ] GC(133) Pause Young (Mixed) (G1 Evacuation Pause) 126509M->42757M(184320M) 190.166ms
[2025-10-13T19:33:44.789-0700][1256][info ][gc,cpu      ] GC(133) User=18.71s Sys=0.31s Real=0.19s
[2025-10-13T19:33:44.790-0700][1256][info ][safepoint   ] Safepoint "G1CollectForAllocation", Time since last: 1084899727 ns, Reaching safepoint: 863977 ns, Cleanup: 7241 ns, At safepoint: 195027137 ns, Total: 195898355 ns
[2025-10-13T19:33:45.792-0700][1256][info ][safepoint   ] Safepoint "Cleanup", Time since last: 1000093241 ns, Reaching safepoint: 1182409 ns, Cleanup: 10927 ns, At safepoint: 556261 ns, Total: 1749597 ns
[2025-10-13T19:33:46.794-0700][1256][info ][safepoint   ] Safepoint "Cleanup", Time since last: 1000114103 ns, Reaching safepoint: 875755 ns, Cleanup: 14512 ns, At safepoint: 591525 ns, Total: 1481792 ns
[2025-10-13T19:33:47.796-0700][1256][info ][safepoint   ] Safepoint "Cleanup", Time since last: 1000113853 ns, Reaching safepoint: 1049988 ns, Cleanup: 17527 ns, At safepoint: 671676 ns, Total: 1739191 ns
[2025-10-13T19:33:48.797-0700][1256][info ][safepoint   ] Safepoint "Cleanup", Time since last: 1000116176 ns, Reaching safepoint: 899501 ns, Cleanup: 13530 ns, At safepoint: 691737 ns, Total: 1604768 ns
[2025-10-13T19:33:49.824-0700][1256][info ][safepoint   ] Safepoint "Cleanup", Time since last: 1000112260 ns, Reaching safepoint: 26209119 ns, Cleanup: 14732 ns, At safepoint: 625346 ns, Total: 26849197 ns
[2025-10-13T19:33:51.826-0700][1256][info ][safepoint   ] Safepoint "Cleanup", Time since last: 2000171360 ns, Reaching safepoint: 963107 ns, Cleanup: 29956 ns, At safepoint: 510362 ns, Total: 1503425 ns
[2025-10-13T19:33:52.827-0700][1256][info ][safepoint   ] Safepoint "Cleanup", Time since last: 1000114023 ns, Reaching safepoint: 829935 ns, Cleanup: 17326 ns, At safepoint: 354487 ns, Total: 1201748 ns
[2025-10-13T19:33:53.444-0700][1256][info ][gc,start    ] GC(134) Pause Young (Mixed) (G1 Evacuation Pause)
[2025-10-13T19:33:53.444-0700][1256][info ][gc,task     ] GC(134) Using 113 workers of 113 for evacuation
[2025-10-13T19:33:53.459-0700][1256][debug][gc,remset   ] GC(134) Visited cards 10422272 Total dirty 65798144 (15.84%) Total old 459014144 (2.27%)
[2025-10-13T19:33:53.645-0700][1256][info ][gc,mmu      ] GC(134) MMU target violated: 200.7ms (200.0ms/201.0ms)
[2025-10-13T19:33:53.645-0700][1256][info ][gc,phases   ] GC(134)   Pre Evacuate Collection Set: 0.8ms
[2025-10-13T19:33:53.645-0700][1256][info ][gc,phases   ] GC(134)   Merge Heap Roots: 14.1ms
[2025-10-13T19:33:53.645-0700][1256][info ][gc,phases   ] GC(134)   Evacuate Collection Set: 169.0ms
[2025-10-13T19:33:53.645-0700][1256][info ][gc,phases   ] GC(134)   Post Evacuate Collection Set: 16.6ms
[2025-10-13T19:33:53.645-0700][1256][info ][gc,phases   ] GC(134)   Other: 0.2ms
[2025-10-13T19:33:53.645-0700][1256][debug][gc,remset   ] GC(134) Coarsening (recent): Inline->AoC 52585 (1) AoC->Howl 446 (0) Howl->Full 0 (0) Inline->AoC 1314 (0) AoC->BitMap 403 (0) BitMap->Full 0 (0) 
[2025-10-13T19:33:53.645-0700][1256][debug][gc,remset   ] GC(134) Coarsening (all): Inline->AoC 3313849 (52) AoC->Howl 54390 (178) Howl->Full 0 (0) Inline->AoC 215014 (48) AoC->BitMap 66406 (146) BitMap->Full 9 (0) 
[2025-10-13T19:33:53.645-0700][1256][info ][gc,heap     ] GC(134) Eden regions: 2673->0(2936)
[2025-10-13T19:33:53.645-0700][1256][info ][gc,heap     ] GC(134) Survivor regions: 215->200(361)
[2025-10-13T19:33:53.645-0700][1256][info ][gc,heap     ] GC(134) Old regions: 1122->1118
[2025-10-13T19:33:53.645-0700][1256][info ][gc,heap     ] GC(134) Humongous regions: 25->0
[2025-10-13T19:33:53.645-0700][1256][info ][gc,metaspace] GC(134) Metaspace: 316728K(322368K)->316728K(322368K) NonClass: 278680K(281664K)->278680K(281664K) Class: 38047K(40704K)->38047K(40704K)
[2025-10-13T19:33:53.645-0700][1256][info ][gc          ] GC(134) Pause Young (Mixed) (G1 Evacuation Pause) 129093M->42137M(184320M) 200.937ms
[2025-10-13T19:33:53.647-0700][1256][info ][gc,cpu      ] GC(134) User=17.82s Sys=0.40s Real=0.20s
[2025-10-13T19:33:53.648-0700][1256][info ][safepoint   ] Safepoint "G1CollectForAllocation", Time since last: 613922512 ns, Reaching safepoint: 1155107 ns, Cleanup: 26621 ns, At safepoint: 205739873 ns, Total: 206921601 ns
[2025-10-13T19:33:54.649-0700][1256][info ][safepoint   ] Safepoint "Cleanup", Time since last: 1000100152 ns, Reaching safepoint: 897628 ns, Cleanup: 22964 ns, At safepoint: 217119 ns, Total: 1137711 ns
[2025-10-13T19:33:55.650-0700][1256][info ][safepoint   ] Safepoint "Cleanup", Time since last: 1000106301 ns, Reaching safepoint: 672227 ns, Cleanup: 18528 ns, At safepoint: 241756 ns, Total: 932511 ns
[2025-10-13T19:33:56.652-0700][1256][info ][safepoint   ] Safepoint "Cleanup", Time since last: 1000106832 ns, Reaching safepoint: 837998 ns, Cleanup: 15022 ns, At safepoint: 334026 ns, Total: 1187046 ns
[2025-10-13T19:33:58.653-0700][1256][info ][safepoint   ] Safepoint "Cleanup", Time since last: 2000168075 ns, Reaching safepoint: 814322 ns, Cleanup: 11076 ns, At safepoint: 471213 ns, Total: 1296611 ns
[2025-10-13T19:33:59.655-0700][1256][info ][safepoint   ] Safepoint "Cleanup", Time since last: 1000117528 ns, Reaching safepoint: 946442 ns, Cleanup: 18178 ns, At safepoint: 972441 ns, Total: 1937061 ns
[2025-10-13T19:34:01.657-0700][1256][info ][safepoint   ] Safepoint "Cleanup", Time since last: 2000176738 ns, Reaching safepoint: 794472 ns, Cleanup: 12269 ns, At safepoint: 510932 ns, Total: 1317673 ns
[2025-10-13T19:34:03.083-0700][1256][info ][gc,start    ] GC(135) Pause Young (Mixed) (G1 Evacuation Pause)
[2025-10-13T19:34:03.083-0700][1256][info ][gc,task     ] GC(135) Using 113 workers of 113 for evacuation
[2025-10-13T19:34:03.098-0700][1256][debug][gc,remset   ] GC(135) Visited cards 11837184 Total dirty 64815104 (18.26%) Total old 508100608 (2.33%)
[2025-10-13T19:34:03.283-0700][1256][info ][gc,mmu      ] GC(135) MMU target violated: 200.2ms (200.0ms/201.0ms)
[2025-10-13T19:34:03.284-0700][1256][info ][gc,phases   ] GC(135)   Pre Evacuate Collection Set: 0.7ms
[2025-10-13T19:34:03.284-0700][1256][info ][gc,phases   ] GC(135)   Merge Heap Roots: 13.6ms
[2025-10-13T19:34:03.284-0700][1256][info ][gc,phases   ] GC(135)   Evacuate Collection Set: 170.1ms
[2025-10-13T19:34:03.284-0700][1256][info ][gc,phases   ] GC(135)   Post Evacuate Collection Set: 15.6ms
[2025-10-13T19:34:03.284-0700][1256][info ][gc,phases   ] GC(135)   Other: 0.3ms
[2025-10-13T19:34:03.284-0700][1256][debug][gc,remset   ] GC(135) Coarsening (recent): Inline->AoC 54612 (0) AoC->Howl 335 (0) Howl->Full 0 (0) Inline->AoC 1035 (0) AoC->BitMap 263 (0) BitMap->Full 0 (0) 
[2025-10-13T19:34:03.284-0700][1256][debug][gc,remset   ] GC(135) Coarsening (all): Inline->AoC 3368461 (52) AoC->Howl 54725 (178) Howl->Full 0 (0) Inline->AoC 216049 (48) AoC->BitMap 66669 (146) BitMap->Full 9 (0) 
[2025-10-13T19:34:03.284-0700][1256][info ][gc,heap     ] GC(135) Eden regions: 3069->0(1216)
[2025-10-13T19:34:03.284-0700][1256][info ][gc,heap     ] GC(135) Survivor regions: 200->263(409)
[2025-10-13T19:34:03.284-0700][1256][info ][gc,heap     ] GC(135) Old regions: 1118->1053
[2025-10-13T19:34:03.284-0700][1256][info ][gc,heap     ] GC(135) Humongous regions: 16->0
[2025-10-13T19:34:03.284-0700][1256][info ][gc,metaspace] GC(135) Metaspace: 316792K(322496K)->316792K(322496K) NonClass: 278733K(281792K)->278733K(281792K) Class: 38058K(40704K)->38058K(40704K)
[2025-10-13T19:34:03.284-0700][1256][info ][gc          ] GC(135) Pause Young (Mixed) (G1 Evacuation Pause) 140857M->42091M(184320M) 200.507ms
[2025-10-13T19:34:03.285-0700][1256][info ][gc,cpu      ] GC(135) User=18.49s Sys=0.19s Real=0.20s
[2025-10-13T19:34:03.287-0700][1256][info ][safepoint   ] Safepoint "G1CollectForAllocation", Time since last: 1423334912 ns, Reaching safepoint: 1154737 ns, Cleanup: 38839 ns, At safepoint: 205481242 ns, Total: 206674818 ns
[2025-10-13T19:34:04.288-0700][1256][info ][safepoint   ] Safepoint "Cleanup", Time since last: 1000096406 ns, Reaching safepoint: 802204 ns, Cleanup: 11577 ns, At safepoint: 158420 ns, Total: 972201 ns
[2025-10-13T19:34:06.289-0700][1256][info ][safepoint   ] Safepoint "Cleanup", Time since last: 2000169267 ns, Reaching safepoint: 864878 ns, Cleanup: 15814 ns, At safepoint: 332473 ns, Total: 1213165 ns
[2025-10-13T19:34:07.291-0700][1256][info ][safepoint   ] Safepoint "Cleanup", Time since last: 1000112651 ns, Reaching safepoint: 961955 ns, Cleanup: 13921 ns, At safepoint: 696594 ns, Total: 1672470 ns
[2025-10-13T19:34:08.293-0700][1256][info ][safepoint   ] Safepoint "Cleanup", Time since last: 1000122045 ns, Reaching safepoint: 899200 ns, Cleanup: 10646 ns, At safepoint: 1000614 ns, Total: 1910460 ns
[2025-10-13T19:34:08.301-0700][1256][info ][gc,start    ] GC(136) Pause Young (Mixed) (G1 Evacuation Pause)
[2025-10-13T19:34:08.301-0700][1256][info ][gc,task     ] GC(136) Using 113 workers of 113 for evacuation
[2025-10-13T19:34:08.314-0700][1256][debug][gc,remset   ] GC(136) Visited cards 11849984 Total dirty 60686336 (19.53%) Total old 318308352 (3.72%)
[2025-10-13T19:34:08.498-0700][1256][info ][gc,phases   ] GC(136)   Pre Evacuate Collection Set: 0.8ms
[2025-10-13T19:34:08.499-0700][1256][info ][gc,phases   ] GC(136)   Merge Heap Roots: 12.9ms
[2025-10-13T19:34:08.499-0700][1256][info ][gc,phases   ] GC(136)   Evacuate Collection Set: 171.5ms
[2025-10-13T19:34:08.499-0700][1256][info ][gc,phases   ] GC(136)   Post Evacuate Collection Set: 12.5ms
[2025-10-13T19:34:08.499-0700][1256][info ][gc,phases   ] GC(136)   Other: 0.2ms
[2025-10-13T19:34:08.499-0700][1256][debug][gc,remset   ] GC(136) Coarsening (recent): Inline->AoC 33609 (0) AoC->Howl 229 (0) Howl->Full 0 (0) Inline->AoC 974 (0) AoC->BitMap 134 (0) BitMap->Full 0 (0) 
[2025-10-13T19:34:08.499-0700][1256][debug][gc,remset   ] GC(136) Coarsening (all): Inline->AoC 3402070 (52) AoC->Howl 54954 (178) Howl->Full 0 (0) Inline->AoC 217023 (48) AoC->BitMap 66803 (146) BitMap->Full 9 (0) 
[2025-10-13T19:34:08.499-0700][1256][info ][gc,heap     ] GC(136) Eden regions: 1595->0(3318)
[2025-10-13T19:34:08.499-0700][1256][info ][gc,heap     ] GC(136) Survivor regions: 263->138(233)
[2025-10-13T19:34:08.499-0700][1256][info ][gc,heap     ] GC(136) Old regions: 1053->1131
[2025-10-13T19:34:08.499-0700][1256][info ][gc,heap     ] GC(136) Humongous regions: 7->0
[2025-10-13T19:34:08.499-0700][1256][info ][gc,metaspace] GC(136) Metaspace: 316826K(322496K)->316826K(322496K) NonClass: 278767K(281792K)->278767K(281792K) Class: 38058K(40704K)->38058K(40704K)
[2025-10-13T19:34:08.499-0700][1256][info ][gc          ] GC(136) Pause Young (Mixed) (G1 Evacuation Pause) 93355M->40600M(184320M) 197.995ms
[2025-10-13T19:34:08.500-0700][1256][info ][gc,cpu      ] GC(136) User=18.91s Sys=0.09s Real=0.20s
[2025-10-13T19:34:08.502-0700][1256][info ][safepoint   ] Safepoint "G1CollectForAllocation", Time since last: 4971070 ns, Reaching safepoint: 807913 ns, Cleanup: 5177 ns, At safepoint: 202907900 ns, Total: 203720990 ns
[2025-10-13T19:34:09.503-0700][1256][info ][safepoint   ] Safepoint "Cleanup", Time since last: 1000093011 ns, Reaching safepoint: 805618 ns, Cleanup: 16495 ns, At safepoint: 222156 ns, Total: 1044269 ns
[2025-10-13T19:34:10.505-0700][1256][info ][safepoint   ] Safepoint "Cleanup", Time since last: 1000109807 ns, Reaching safepoint: 1298675 ns, Cleanup: 14802 ns, At safepoint: 301957 ns, Total: 1615434 ns
[2025-10-13T19:34:11.506-0700][1256][info ][safepoint   ] Safepoint "Cleanup", Time since last: 1000112430 ns, Reaching safepoint: 842815 ns, Cleanup: 21333 ns, At safepoint: 400265 ns, Total: 1264413 ns
[2025-10-13T19:34:12.508-0700][1256][info ][safepoint   ] Safepoint "Cleanup", Time since last: 1000116697 ns, Reaching safepoint: 879631 ns, Cleanup: 23285 ns, At safepoint: 971610 ns, Total: 1874526 ns
[2025-10-13T19:34:14.510-0700][1256][info ][safepoint   ] Safepoint "Cleanup", Time since last: 2000197409 ns, Reaching safepoint: 874694 ns, Cleanup: 16104 ns, At safepoint: 836626 ns, Total: 1727424 ns
[2025-10-13T19:34:15.512-0700][1256][info ][safepoint   ] Safepoint "Cleanup", Time since last: 1000114153 ns, Reaching safepoint: 800981 ns, Cleanup: 10396 ns, At safepoint: 932671 ns, Total: 1744048 ns
[2025-10-13T19:34:17.514-0700][1256][info ][safepoint   ] Safepoint "Cleanup", Time since last: 2000160222 ns, Reaching safepoint: 945421 ns, Cleanup: 14562 ns, At safepoint: 863136 ns, Total: 1823119 ns
[2025-10-13T19:34:18.516-0700][1256][info ][safepoint   ] Safepoint "Cleanup", Time since last: 1000105463 ns, Reaching safepoint: 834902 ns, Cleanup: 16375 ns, At safepoint: 949097 ns, Total: 1800374 ns
[2025-10-13T19:34:19.517-0700][1256][info ][safepoint   ] Safepoint "Cleanup", Time since last: 1000104952 ns, Reaching safepoint: 915606 ns, Cleanup: 19580 ns, At safepoint: 734850 ns, Total: 1670036 ns
[2025-10-13T19:34:20.520-0700][1256][info ][safepoint   ] Safepoint "Cleanup", Time since last: 1000109830 ns, Reaching safepoint: 862324 ns, Cleanup: 26070 ns, At safepoint: 1158226 ns, Total: 2046620 ns
[2025-10-13T19:34:21.105-0700][1256][info ][gc,start    ] GC(137) Pause Young (Mixed) (G1 Evacuation Pause)
[2025-10-13T19:34:21.105-0700][1256][info ][gc,task     ] GC(137) Using 113 workers of 113 for evacuation
[2025-10-13T19:34:21.120-0700][1256][debug][gc,remset   ] GC(137) Visited cards 15569664 Total dirty 67567616 (23.04%) Total old 533659648 (2.92%)
[2025-10-13T19:34:21.300-0700][1256][info ][gc,phases   ] GC(137)   Pre Evacuate Collection Set: 0.8ms
[2025-10-13T19:34:21.301-0700][1256][info ][gc,phases   ] GC(137)   Merge Heap Roots: 13.9ms
[2025-10-13T19:34:21.301-0700][1256][info ][gc,phases   ] GC(137)   Evacuate Collection Set: 163.9ms
[2025-10-13T19:34:21.301-0700][1256][info ][gc,phases   ] GC(137)   Post Evacuate Collection Set: 16.4ms
[2025-10-13T19:34:21.301-0700][1256][info ][gc,phases   ] GC(137)   Other: 0.2ms
[2025-10-13T19:34:21.301-0700][1256][debug][gc,remset   ] GC(137) Coarsening (recent): Inline->AoC 69626 (1) AoC->Howl 291 (2) Howl->Full 0 (0) Inline->AoC 702 (0) AoC->BitMap 251 (0) BitMap->Full 0 (0) 
[2025-10-13T19:34:21.301-0700][1256][debug][gc,remset   ] GC(137) Coarsening (all): Inline->AoC 3471696 (53) AoC->Howl 55245 (180) Howl->Full 0 (0) Inline->AoC 217725 (48) AoC->BitMap 67054 (146) BitMap->Full 9 (0) 
[2025-10-13T19:34:21.301-0700][1256][info ][gc,heap     ] GC(137) Eden regions: 3318->0(3264)
[2025-10-13T19:34:21.301-0700][1256][info ][gc,heap     ] GC(137) Survivor regions: 138->192(432)
[2025-10-13T19:34:21.301-0700][1256][info ][gc,heap     ] GC(137) Old regions: 1131->1079
[2025-10-13T19:34:21.301-0700][1256][info ][gc,heap     ] GC(137) Humongous regions: 20->0
[2025-10-13T19:34:21.301-0700][1256][info ][gc,metaspace] GC(137) Metaspace: 316870K(322560K)->316870K(322560K) NonClass: 278809K(281856K)->278809K(281856K) Class: 38060K(40704K)->38060K(40704K)
[2025-10-13T19:34:21.301-0700][1256][info ][gc          ] GC(137) Pause Young (Mixed) (G1 Evacuation Pause) 147416M->40652M(184320M) 195.451ms
[2025-10-13T19:34:21.302-0700][1256][info ][gc,cpu      ] GC(137) User=15.29s Sys=0.36s Real=0.20s
[2025-10-13T19:34:21.304-0700][1256][info ][safepoint   ] Safepoint "G1CollectForAllocation", Time since last: 582905349 ns, Reaching safepoint: 906742 ns, Cleanup: 5158 ns, At safepoint: 200154948 ns, Total: 201066848 ns
[2025-10-13T19:34:22.319-0700][1256][info ][safepoint   ] Safepoint "Cleanup", Time since last: 1000090280 ns, Reaching safepoint: 13378734 ns, Cleanup: 16976 ns, At safepoint: 1988041 ns, Total: 15383751 ns
[2025-10-13T19:34:25.321-0700][1256][info ][safepoint   ] Safepoint "Cleanup", Time since last: 3000226251 ns, Reaching safepoint: 1009970 ns, Cleanup: 16956 ns, At safepoint: 993054 ns, Total: 2019980 ns
[2025-10-13T19:34:27.324-0700][1256][info ][safepoint   ] Safepoint "Cleanup", Time since last: 2000192027 ns, Reaching safepoint: 1192378 ns, Cleanup: 13560 ns, At safepoint: 922577 ns, Total: 2128515 ns
[2025-10-13T19:34:28.325-0700][1256][info ][safepoint   ] Safepoint "Cleanup", Time since last: 1000115288 ns, Reaching safepoint: 842414 ns, Cleanup: 10676 ns, At safepoint: 860592 ns, Total: 1713682 ns
[2025-10-13T19:34:29.327-0700][1256][info ][safepoint   ] Safepoint "Cleanup", Time since last: 1000107867 ns, Reaching safepoint: 827231 ns, Cleanup: 22494 ns, At safepoint: 966183 ns, Total: 1815908 ns
[2025-10-13T19:34:31.329-0700][1256][info ][safepoint   ] Safepoint "Cleanup", Time since last: 2000167520 ns, Reaching safepoint: 829855 ns, Cleanup: 11187 ns, At safepoint: 833040 ns, Total: 1674082 ns
[2025-10-13T19:34:32.331-0700][1256][info ][safepoint   ] Safepoint "Cleanup", Time since last: 1000103620 ns, Reaching safepoint: 897748 ns, Cleanup: 35154 ns, At safepoint: 1100287 ns, Total: 2033189 ns
[2025-10-13T19:34:32.794-0700][1256][info ][gc,start    ] GC(138) Pause Young (Normal) (G1 Evacuation Pause)
[2025-10-13T19:34:32.795-0700][1256][info ][gc,task     ] GC(138) Using 113 workers of 113 for evacuation
[2025-10-13T19:34:32.807-0700][1256][debug][gc,remset   ] GC(138) Visited cards 8714496 Total dirty 65994752 (13.20%) Total old 525074432 (1.66%)
[2025-10-13T19:34:32.965-0700][1256][info ][gc,phases   ] GC(138)   Pre Evacuate Collection Set: 0.8ms
[2025-10-13T19:34:32.965-0700][1256][info ][gc,phases   ] GC(138)   Merge Heap Roots: 11.8ms
[2025-10-13T19:34:32.965-0700][1256][info ][gc,phases   ] GC(138)   Evacuate Collection Set: 143.1ms
[2025-10-13T19:34:32.965-0700][1256][info ][gc,phases   ] GC(138)   Post Evacuate Collection Set: 14.3ms
[2025-10-13T19:34:32.965-0700][1256][info ][gc,phases   ] GC(138)   Other: 0.2ms
[2025-10-13T19:34:32.965-0700][1256][debug][gc,remset   ] GC(138) Coarsening (recent): Inline->AoC 46336 (4) AoC->Howl 85 (11) Howl->Full 0 (0) Inline->AoC 353 (0) AoC->BitMap 40 (4) BitMap->Full 0 (0) 
[2025-10-13T19:34:32.965-0700][1256][debug][gc,remset   ] GC(138) Coarsening (all): Inline->AoC 3518032 (57) AoC->Howl 55330 (191) Howl->Full 0 (0) Inline->AoC 218078 (48) AoC->BitMap 67094 (150) BitMap->Full 9 (0) 
[2025-10-13T19:34:32.965-0700][1256][info ][gc,heap     ] GC(138) Eden regions: 3264->0(2763)
[2025-10-13T19:34:32.965-0700][1256][info ][gc,heap     ] GC(138) Survivor regions: 192->242(432)
[2025-10-13T19:34:32.965-0700][1256][info ][gc,heap     ] GC(138) Old regions: 1079->1079
[2025-10-13T19:34:32.965-0700][1256][info ][gc,heap     ] GC(138) Humongous regions: 21->0
[2025-10-13T19:34:32.965-0700][1256][info ][gc,metaspace] GC(138) Metaspace: 316895K(322560K)->316895K(322560K) NonClass: 278830K(281856K)->278830K(281856K) Class: 38064K(40704K)->38064K(40704K)
[2025-10-13T19:34:32.965-0700][1256][info ][gc          ] GC(138) Pause Young (Normal) (G1 Evacuation Pause) 145772M->42244M(184320M) 170.527ms
[2025-10-13T19:34:32.967-0700][1256][info ][gc,cpu      ] GC(138) User=16.38s Sys=0.30s Real=0.17s
[2025-10-13T19:34:32.968-0700][1256][info ][safepoint   ] Safepoint "G1CollectForAllocation", Time since last: 459995490 ns, Reaching safepoint: 1341234 ns, Cleanup: 4698 ns, At safepoint: 175239378 ns, Total: 176585310 ns
[2025-10-13T19:34:34.969-0700][1256][info ][safepoint   ] Safepoint "Cleanup", Time since last: 2000147189 ns, Reaching safepoint: 916647 ns, Cleanup: 38078 ns, At safepoint: 290453 ns, Total: 1245178 ns
[2025-10-13T19:34:35.972-0700][1256][info ][safepoint   ] Safepoint "Cleanup", Time since last: 1000114447 ns, Reaching safepoint: 1539997 ns, Cleanup: 15344 ns, At safepoint: 959302 ns, Total: 2514643 ns
[2025-10-13T19:34:37.974-0700][1256][info ][safepoint   ] Safepoint "Cleanup", Time since last: 2000165837 ns, Reaching safepoint: 881935 ns, Cleanup: 12649 ns, At safepoint: 592183 ns, Total: 1486767 ns
[2025-10-13T19:34:38.984-0700][1256][info ][safepoint   ] Safepoint "Cleanup", Time since last: 1000115117 ns, Reaching safepoint: 8424092 ns, Cleanup: 15383 ns, At safepoint: 1973559 ns, Total: 10413034 ns
[2025-10-13T19:34:39.986-0700][1256][info ][safepoint   ] Safepoint "Cleanup", Time since last: 1000151703 ns, Reaching safepoint: 791657 ns, Cleanup: 15043 ns, At safepoint: 902686 ns, Total: 1709386 ns
[2025-10-13T19:34:40.988-0700][1256][info ][safepoint   ] Safepoint "Cleanup", Time since last: 1000115074 ns, Reaching safepoint: 861282 ns, Cleanup: 24417 ns, At safepoint: 1242437 ns, Total: 2128136 ns
[2025-10-13T19:34:42.582-0700][1256][debug][gc,jni      ] Setting _needs_gc. Thread "VM Thread" 1 locked.
[2025-10-13T19:34:42.583-0700][1969][debug][gc,jni      ] Performing GC after exiting critical section. Thread "http-worker-823" 0 locked.
[2025-10-13T19:34:42.583-0700][1256][info ][safepoint   ] Safepoint "G1CollectForAllocation", Time since last: 1592675278 ns, Reaching safepoint: 1169747 ns, Cleanup: 6530 ns, At safepoint: 663723 ns, Total: 1840000 ns
[2025-10-13T19:34:42.583-0700][25714][debug][gc,jni      ] Allocation failed. Thread stalled by JNI critical section. Thread "hive-prism-directory-lister-480" 0 locked.
[2025-10-13T19:34:42.583-0700][26826][debug][gc,jni      ] Allocation failed. Thread stalled by JNI critical section. Thread "hive-prism-directory-lister-605" 0 locked.
[2025-10-13T19:34:42.583-0700][19651][debug][gc,jni      ] Allocation failed. Thread stalled by JNI critical section. Thread "event-loop-epoll-72" 0 locked.
[2025-10-13T19:34:42.583-0700][19699][debug][gc,jni      ] Allocation failed. Thread stalled by JNI critical section. Thread "event-loop-epoll-117" 0 locked.
[2025-10-13T19:34:42.583-0700][18846][debug][gc,jni      ] Allocation failed. Thread stalled by JNI critical section. Thread "task-event-loop-113" 0 locked.
[2025-10-13T19:34:42.586-0700][1256 ][info ][gc,start    ] GC(139) Pause Young (Normal) (GCLocker Initiated GC)
[2025-10-13T19:34:42.586-0700][1256 ][info ][gc,task     ] GC(139) Using 113 workers of 113 for evacuation
[2025-10-13T19:34:42.601-0700][1256 ][debug][gc,remset   ] GC(139) Visited cards 8751360 Total dirty 66191360 (13.22%) Total old 519438336 (1.68%)
[2025-10-13T19:34:42.785-0700][1256 ][info ][gc,phases   ] GC(139)   Pre Evacuate Collection Set: 0.7ms
[2025-10-13T19:34:42.785-0700][1256 ][info ][gc,phases   ] GC(139)   Merge Heap Roots: 14.1ms
[2025-10-13T19:34:42.785-0700][1256 ][info ][gc,phases   ] GC(139)   Evacuate Collection Set: 168.4ms
[2025-10-13T19:34:42.786-0700][1256 ][info ][gc,phases   ] GC(139)   Post Evacuate Collection Set: 15.9ms
[2025-10-13T19:34:42.786-0700][1256 ][info ][gc,phases   ] GC(139)   Other: 0.2ms
[2025-10-13T19:34:42.786-0700][1256 ][debug][gc,remset   ] GC(139) Coarsening (recent): Inline->AoC 30698 (1) AoC->Howl 92 (1) Howl->Full 0 (0) Inline->AoC 402 (1) AoC->BitMap 65 (1) BitMap->Full 0 (0) 
[2025-10-13T19:34:42.786-0700][1256 ][debug][gc,remset   ] GC(139) Coarsening (all): Inline->AoC 3548730 (58) AoC->Howl 55422 (192) Howl->Full 0 (0) Inline->AoC 218480 (49) AoC->BitMap 67159 (151) BitMap->Full 9 (0) 
[2025-10-13T19:34:42.786-0700][1256 ][info ][gc,heap     ] GC(139) Eden regions: 3174->0(2937)
[2025-10-13T19:34:42.786-0700][1256 ][info ][gc,heap     ] GC(139) Survivor regions: 242->232(427)
[2025-10-13T19:34:42.786-0700][1256 ][info ][gc,heap     ] GC(139) Old regions: 1079->1130
[2025-10-13T19:34:42.786-0700][1256 ][info ][gc,heap     ] GC(139) Humongous regions: 15->0
[2025-10-13T19:34:42.786-0700][1256 ][info ][gc,metaspace] GC(139) Metaspace: 316929K(322624K)->316929K(322624K) NonClass: 278862K(281920K)->278862K(281920K) Class: 38066K(40704K)->38066K(40704K)
[2025-10-13T19:34:42.786-0700][1256 ][info ][gc          ] GC(139) Pause Young (Normal) (GCLocker Initiated GC) 144292M->43574M(184320M) 199.523ms
[2025-10-13T19:34:42.787-0700][1256 ][info ][gc,cpu      ] GC(139) User=18.98s Sys=0.31s Real=0.20s
[2025-10-13T19:34:42.789-0700][1256 ][info ][safepoint   ] Safepoint "G1CollectForAllocation", Time since last: 592496 ns, Reaching safepoint: 1010807 ns, Cleanup: 4868 ns, At safepoint: 204150868 ns, Total: 205166543 ns
[2025-10-13T19:34:43.790-0700][1256 ][info ][safepoint   ] Safepoint "Cleanup", Time since last: 1000109004 ns, Reaching safepoint: 1202377 ns, Cleanup: 41162 ns, At safepoint: 223779 ns, Total: 1467318 ns
[2025-10-13T19:34:44.792-0700][1256 ][info ][safepoint   ] Safepoint "Cleanup", Time since last: 1000131477 ns, Reaching safepoint: 1020162 ns, Cleanup: 37527 ns, At safepoint: 810435 ns, Total: 1868124 ns
[2025-10-13T19:34:46.794-0700][1256 ][info ][safepoint   ] Safepoint "Cleanup", Time since last: 2000181452 ns, Reaching safepoint: 850015 ns, Cleanup: 17346 ns, At safepoint: 553526 ns, Total: 1420887 ns
[2025-10-13T19:34:47.795-0700][1256 ][info ][safepoint   ] Safepoint "Cleanup", Time since last: 1000115504 ns, Reaching safepoint: 821261 ns, Cleanup: 10496 ns, At safepoint: 583732 ns, Total: 1415489 ns
[2025-10-13T19:34:48.797-0700][1256 ][info ][safepoint   ] Safepoint "Cleanup", Time since last: 1000109685 ns, Reaching safepoint: 823805 ns, Cleanup: 15684 ns, At safepoint: 772477 ns, Total: 1611966 ns
[2025-10-13T19:34:49.799-0700][1256 ][info ][safepoint   ] Safepoint "Cleanup", Time since last: 1000114622 ns, Reaching safepoint: 1003697 ns, Cleanup: 11758 ns, At safepoint: 974443 ns, Total: 1989898 ns
[2025-10-13T19:34:50.970-0700][1256 ][info ][gc,start    ] GC(140) Pause Young (Normal) (G1 Evacuation Pause)
[2025-10-13T19:34:50.970-0700][1256 ][info ][gc,task     ] GC(140) Using 113 workers of 113 for evacuation
[2025-10-13T19:34:50.984-0700][1256 ][debug][gc,remset   ] GC(140) Visited cards 8883200 Total dirty 69206016 (12.84%) Total old 528023552 (1.68%)
[2025-10-13T19:34:51.151-0700][1256 ][info ][gc,phases   ] GC(140)   Pre Evacuate Collection Set: 0.7ms
[2025-10-13T19:34:51.151-0700][1256 ][info ][gc,phases   ] GC(140)   Merge Heap Roots: 13.3ms
[2025-10-13T19:34:51.151-0700][1256 ][info ][gc,phases   ] GC(140)   Evacuate Collection Set: 152.7ms
[2025-10-13T19:34:51.151-0700][1256 ][info ][gc,phases   ] GC(140)   Post Evacuate Collection Set: 14.2ms
[2025-10-13T19:34:51.151-0700][1256 ][info ][gc,phases   ] GC(140)   Other: 0.2ms
[2025-10-13T19:34:51.151-0700][1256 ][debug][gc,remset   ] GC(140) Coarsening (recent): Inline->AoC 26953 (2) AoC->Howl 59 (6) Howl->Full 0 (0) Inline->AoC 168 (1) AoC->BitMap 56 (9) BitMap->Full 0 (0) 
[2025-10-13T19:34:51.151-0700][1256 ][debug][gc,remset   ] GC(140) Coarsening (all): Inline->AoC 3575683 (60) AoC->Howl 55481 (198) Howl->Full 0 (0) Inline->AoC 218648 (50) AoC->BitMap 67215 (160) BitMap->Full 9 (0) 
[2025-10-13T19:34:51.151-0700][1256 ][info ][gc,heap     ] GC(140) Eden regions: 3224->0(2381)
[2025-10-13T19:34:51.151-0700][1256 ][info ][gc,heap     ] GC(140) Survivor regions: 232->262(432)
[2025-10-13T19:34:51.151-0700][1256 ][info ][gc,heap     ] GC(140) Old regions: 1130->1130
[2025-10-13T19:34:51.151-0700][1256 ][info ][gc,heap     ] GC(140) Humongous regions: 15->0
[2025-10-13T19:34:51.151-0700][1256 ][info ][gc,metaspace] GC(140) Metaspace: 316934K(322624K)->316934K(322624K) NonClass: 278866K(281920K)->278866K(281920K) Class: 38067K(40704K)->38067K(40704K)
[2025-10-13T19:34:51.152-0700][1256 ][info ][gc          ] GC(140) Pause Young (Normal) (G1 Evacuation Pause) 147222M->44530M(184320M) 181.380ms
[2025-10-13T19:34:51.153-0700][1256 ][info ][gc,cpu      ] GC(140) User=17.93s Sys=0.16s Real=0.19s
[2025-10-13T19:34:51.155-0700][1256 ][info ][safepoint   ] Safepoint "G1CollectForAllocation", Time since last: 1164098569 ns, Reaching safepoint: 5334171 ns, Cleanup: 5228 ns, At safepoint: 186115584 ns, Total: 191454983 ns
[2025-10-13T19:34:53.156-0700][1256 ][info ][safepoint   ] Safepoint "Cleanup", Time since last: 2000137626 ns, Reaching safepoint: 802863 ns, Cleanup: 15644 ns, At safepoint: 148885 ns, Total: 967392 ns
[2025-10-13T19:34:54.166-0700][1256 ][info ][safepoint   ] Safepoint "Cleanup", Time since last: 1000101142 ns, Reaching safepoint: 8212060 ns, Cleanup: 17006 ns, At safepoint: 1476952 ns, Total: 9706018 ns
[2025-10-13T19:34:55.168-0700][1256 ][info ][safepoint   ] Safepoint "Cleanup", Time since last: 1000116785 ns, Reaching safepoint: 1074114 ns, Cleanup: 24096 ns, At safepoint: 958849 ns, Total: 2057059 ns
[2025-10-13T19:34:56.173-0700][1256 ][info ][safepoint   ] Safepoint "Cleanup", Time since last: 1001807240 ns, Reaching safepoint: 1097199 ns, Cleanup: 134293 ns, At safepoint: 2387908 ns, Total: 3619400 ns
[2025-10-13T19:34:57.174-0700][1256 ][info ][safepoint   ] Safepoint "Cleanup", Time since last: 1000087642 ns, Reaching safepoint: 686157 ns, Cleanup: 55724 ns, At safepoint: 232091 ns, Total: 973972 ns
[2025-10-13T19:34:58.176-0700][1256 ][info ][safepoint   ] Safepoint "Cleanup", Time since last: 1000127471 ns, Reaching safepoint: 843004 ns, Cleanup: 28163 ns, At safepoint: 410260 ns, Total: 1281427 ns
[2025-10-13T19:34:59.177-0700][1256 ][info ][safepoint   ] Safepoint "Cleanup", Time since last: 1000112579 ns, Reaching safepoint: 825498 ns, Cleanup: 26620 ns, At safepoint: 485273 ns, Total: 1337391 ns
[2025-10-13T19:35:00.179-0700][1256 ][info ][safepoint   ] Safepoint "Cleanup", Time since last: 1000114092 ns, Reaching safepoint: 900330 ns, Cleanup: 18699 ns, At safepoint: 1053191 ns, Total: 1972220 ns
[2025-10-13T19:35:01.181-0700][1256 ][info ][safepoint   ] Safepoint "Cleanup", Time since last: 1000085298 ns, Reaching safepoint: 866019 ns, Cleanup: 18168 ns, At safepoint: 829683 ns, Total: 1713870 ns
[2025-10-13T19:35:01.529-0700][1256 ][info ][gc,start    ] GC(141) Pause Young (Normal) (G1 Evacuation Pause)
[2025-10-13T19:35:01.529-0700][1256 ][info ][gc,task     ] GC(141) Using 113 workers of 113 for evacuation
[2025-10-13T19:35:01.543-0700][1256 ][debug][gc,remset   ] GC(141) Visited cards 8972800 Total dirty 69140480 (12.98%) Total old 447348736 (2.01%)
[2025-10-13T19:35:01.722-0700][1256 ][info ][gc,phases   ] GC(141)   Pre Evacuate Collection Set: 0.7ms
[2025-10-13T19:35:01.722-0700][1256 ][info ][gc,phases   ] GC(141)   Merge Heap Roots: 13.2ms
[2025-10-13T19:35:01.722-0700][1256 ][info ][gc,phases   ] GC(141)   Evacuate Collection Set: 163.6ms
[2025-10-13T19:35:01.722-0700][1256 ][info ][gc,phases   ] GC(141)   Post Evacuate Collection Set: 15.0ms
[2025-10-13T19:35:01.722-0700][1256 ][info ][gc,phases   ] GC(141)   Other: 0.2ms
[2025-10-13T19:35:01.722-0700][1256 ][debug][gc,remset   ] GC(141) Coarsening (recent): Inline->AoC 35938 (0) AoC->Howl 97 (0) Howl->Full 0 (0) Inline->AoC 439 (0) AoC->BitMap 52 (0) BitMap->Full 0 (0) 
[2025-10-13T19:35:01.722-0700][1256 ][debug][gc,remset   ] GC(141) Coarsening (all): Inline->AoC 3611621 (60) AoC->Howl 55578 (198) Howl->Full 0 (0) Inline->AoC 219087 (50) AoC->BitMap 67267 (160) BitMap->Full 9 (0) 
[2025-10-13T19:35:01.722-0700][1256 ][info ][gc,heap     ] GC(141) Eden regions: 2578->0(3243)
[2025-10-13T19:35:01.722-0700][1256 ][info ][gc,heap     ] GC(141) Survivor regions: 262->213(355)
[2025-10-13T19:35:01.722-0700][1256 ][info ][gc,heap     ] GC(141) Old regions: 1130->1208
[2025-10-13T19:35:01.722-0700][1256 ][info ][gc,heap     ] GC(141) Humongous regions: 16->0
[2025-10-13T19:35:01.722-0700][1256 ][info ][gc,metaspace] GC(141) Metaspace: 317248K(322944K)->317248K(322944K) NonClass: 279119K(282176K)->279119K(282176K) Class: 38129K(40768K)->38129K(40768K)
[2025-10-13T19:35:01.722-0700][1256 ][info ][gc          ] GC(141) Pause Young (Normal) (G1 Evacuation Pause) 127538M->45428M(184320M) 192.937ms
[2025-10-13T19:35:01.724-0700][1256 ][info ][gc,cpu      ] GC(141) User=18.72s Sys=0.24s Real=0.20s
[2025-10-13T19:35:01.725-0700][1256 ][info ][safepoint   ] Safepoint "G1CollectForAllocation", Time since last: 345559630 ns, Reaching safepoint: 817546 ns, Cleanup: 10876 ns, At safepoint: 197741202 ns, Total: 198569624 ns
[2025-10-13T19:35:03.534-0700][1256 ][info ][safepoint   ] Safepoint "Cleanup", Time since last: 1807692969 ns, Reaching safepoint: 839999 ns, Cleanup: 14202 ns, At safepoint: 231499 ns, Total: 1085700 ns
[2025-10-13T19:35:04.535-0700][1256 ][info ][safepoint   ] Safepoint "Cleanup", Time since last: 1000104007 ns, Reaching safepoint: 869354 ns, Cleanup: 19519 ns, At safepoint: 285752 ns, Total: 1174625 ns
[2025-10-13T19:35:05.537-0700][1256 ][info ][safepoint   ] Safepoint "Cleanup", Time since last: 1000096875 ns, Reaching safepoint: 842113 ns, Cleanup: 16245 ns, At safepoint: 524933 ns, Total: 1383291 ns
[2025-10-13T19:35:06.538-0700][1256 ][info ][safepoint   ] Safepoint "Cleanup", Time since last: 1000149184 ns, Reaching safepoint: 723754 ns, Cleanup: 65359 ns, At safepoint: 470181 ns, Total: 1259294 ns
[2025-10-13T19:35:07.540-0700][1256 ][info ][safepoint   ] Safepoint "Cleanup", Time since last: 1000115093 ns, Reaching safepoint: 841632 ns, Cleanup: 17656 ns, At safepoint: 551213 ns, Total: 1410501 ns
[2025-10-13T19:35:08.541-0700][1256 ][info ][safepoint   ] Safepoint "Cleanup", Time since last: 1000109745 ns, Reaching safepoint: 894993 ns, Cleanup: 34742 ns, At safepoint: 674089 ns, Total: 1603824 ns
[2025-10-13T19:35:09.543-0700][1256 ][info ][safepoint   ] Safepoint "Cleanup", Time since last: 1000112359 ns, Reaching safepoint: 855543 ns, Cleanup: 35313 ns, At safepoint: 701520 ns, Total: 1592376 ns
[2025-10-13T19:35:10.545-0700][1256 ][info ][safepoint   ] Safepoint "Cleanup", Time since last: 1000096445 ns, Reaching safepoint: 922234 ns, Cleanup: 35193 ns, At safepoint: 587568 ns, Total: 1544995 ns
[2025-10-13T19:35:11.546-0700][1256 ][info ][safepoint   ] Safepoint "Cleanup", Time since last: 1000115834 ns, Reaching safepoint: 893210 ns, Cleanup: 46931 ns, At safepoint: 321356 ns, Total: 1261497 ns
[2025-10-13T19:35:11.646-0700][1256 ][info ][gc,start    ] GC(142) Pause Young (Normal) (G1 Evacuation Pause)
[2025-10-13T19:35:11.646-0700][1256 ][info ][gc,task     ] GC(142) Using 113 workers of 113 for evacuation
[2025-10-13T19:35:11.660-0700][1256 ][debug][gc,remset   ] GC(142) Visited cards 9370112 Total dirty 74186752 (12.63%) Total old 534052864 (1.75%)
[2025-10-13T19:35:11.839-0700][1256 ][info ][gc,phases   ] GC(142)   Pre Evacuate Collection Set: 0.8ms
[2025-10-13T19:35:11.839-0700][1256 ][info ][gc,phases   ] GC(142)   Merge Heap Roots: 13.4ms
[2025-10-13T19:35:11.839-0700][1256 ][info ][gc,phases   ] GC(142)   Evacuate Collection Set: 162.4ms
[2025-10-13T19:35:11.839-0700][1256 ][info ][gc,phases   ] GC(142)   Post Evacuate Collection Set: 16.6ms
[2025-10-13T19:35:11.839-0700][1256 ][info ][gc,phases   ] GC(142)   Other: 0.2ms
[2025-10-13T19:35:11.839-0700][1256 ][debug][gc,remset   ] GC(142) Coarsening (recent): Inline->AoC 42140 (2) AoC->Howl 160 (5) Howl->Full 0 (0) Inline->AoC 542 (1) AoC->BitMap 105 (5) BitMap->Full 0 (0) 
[2025-10-13T19:35:11.839-0700][1256 ][debug][gc,remset   ] GC(142) Coarsening (all): Inline->AoC 3653761 (62) AoC->Howl 55738 (203) Howl->Full 0 (0) Inline->AoC 219629 (51) AoC->BitMap 67372 (165) BitMap->Full 9 (0) 
[2025-10-13T19:35:11.839-0700][1256 ][info ][gc,heap     ] GC(142) Eden regions: 3243->0(2773)
[2025-10-13T19:35:11.839-0700][1256 ][info ][gc,heap     ] GC(142) Survivor regions: 213->249(432)
[2025-10-13T19:35:11.839-0700][1256 ][info ][gc,heap     ] GC(142) Old regions: 1208->1208
[2025-10-13T19:35:11.839-0700][1256 ][info ][gc,heap     ] GC(142) Humongous regions: 29->0
[2025-10-13T19:35:11.839-0700][1256 ][info ][gc,metaspace] GC(142) Metaspace: 317397K(323136K)->317397K(323136K) NonClass: 279252K(282304K)->279252K(282304K) Class: 38144K(40832K)->38144K(40832K)
[2025-10-13T19:35:11.839-0700][1256 ][info ][gc          ] GC(142) Pause Young (Normal) (G1 Evacuation Pause) 150132M->46596M(184320M) 193.516ms
[2025-10-13T19:35:11.841-0700][1256 ][info ][gc,cpu      ] GC(142) User=16.86s Sys=0.35s Real=0.20s
[2025-10-13T19:35:11.842-0700][1256 ][info ][safepoint   ] Safepoint "G1CollectForAllocation", Time since last: 97143636 ns, Reaching safepoint: 858998 ns, Cleanup: 14582 ns, At safepoint: 198227157 ns, Total: 199100737 ns
[2025-10-13T19:35:12.844-0700][1256 ][info ][safepoint   ] Safepoint "Cleanup", Time since last: 1000111337 ns, Reaching safepoint: 851507 ns, Cleanup: 31918 ns, At safepoint: 677855 ns, Total: 1561280 ns
[2025-10-13T19:35:13.846-0700][1256 ][info ][safepoint   ] Safepoint "Cleanup", Time since last: 1000393814 ns, Reaching safepoint: 1028454 ns, Cleanup: 28143 ns, At safepoint: 854992 ns, Total: 1911589 ns
[2025-10-13T19:35:14.848-0700][1256 ][info ][safepoint   ] Safepoint "Cleanup", Time since last: 1000152850 ns, Reaching safepoint: 815172 ns, Cleanup: 30486 ns, At safepoint: 644404 ns, Total: 1490062 ns
[2025-10-13T19:35:15.850-0700][1256 ][info ][safepoint   ] Safepoint "Cleanup", Time since last: 1000113540 ns, Reaching safepoint: 814221 ns, Cleanup: 46881 ns, At safepoint: 736983 ns, Total: 1598085 ns
[2025-10-13T19:35:16.851-0700][1256 ][info ][safepoint   ] Safepoint "Cleanup", Time since last: 1000108724 ns, Reaching safepoint: 841822 ns, Cleanup: 20050 ns, At safepoint: 980752 ns, Total: 1842624 ns
[2025-10-13T19:35:17.853-0700][1256 ][info ][safepoint   ] Safepoint "Cleanup", Time since last: 1000084998 ns, Reaching safepoint: 852038 ns, Cleanup: 33651 ns, At safepoint: 983636 ns, Total: 1869325 ns
[2025-10-13T19:35:18.856-0700][1256 ][info ][safepoint   ] Safepoint "Cleanup", Time since last: 1000118058 ns, Reaching safepoint: 948363 ns, Cleanup: 19179 ns, At safepoint: 1287646 ns, Total: 2255188 ns
[2025-10-13T19:35:19.380-0700][1256 ][info ][gc,start    ] GC(143) Pause Young (Normal) (G1 Evacuation Pause)
[2025-10-13T19:35:19.380-0700][1256 ][info ][gc,task     ] GC(143) Using 113 workers of 113 for evacuation
[2025-10-13T19:35:19.394-0700][1256 ][debug][gc,remset   ] GC(143) Visited cards 9371904 Total dirty 73793536 (12.70%) Total old 497352704 (1.88%)
[2025-10-13T19:35:19.570-0700][1256 ][info ][gc,phases   ] GC(143)   Pre Evacuate Collection Set: 0.8ms
[2025-10-13T19:35:19.570-0700][1256 ][info ][gc,phases   ] GC(143)   Merge Heap Roots: 13.3ms
[2025-10-13T19:35:19.570-0700][1256 ][info ][gc,phases   ] GC(143)   Evacuate Collection Set: 159.5ms
[2025-10-13T19:35:19.570-0700][1256 ][info ][gc,phases   ] GC(143)   Post Evacuate Collection Set: 15.8ms
[2025-10-13T19:35:19.570-0700][1256 ][info ][gc,phases   ] GC(143)   Other: 0.2ms
[2025-10-13T19:35:19.570-0700][1256 ][debug][gc,remset   ] GC(143) Coarsening (recent): Inline->AoC 39314 (1) AoC->Howl 81 (2) Howl->Full 0 (0) Inline->AoC 420 (0) AoC->BitMap 31 (0) BitMap->Full 0 (0) 
[2025-10-13T19:35:19.570-0700][1256 ][debug][gc,remset   ] GC(143) Coarsening (all): Inline->AoC 3693075 (63) AoC->Howl 55819 (205) Howl->Full 0 (0) Inline->AoC 220049 (51) AoC->BitMap 67403 (165) BitMap->Full 9 (0) 
[2025-10-13T19:35:19.570-0700][1256 ][info ][gc,heap     ] GC(143) Eden regions: 2931->0(3220)
[2025-10-13T19:35:19.570-0700][1256 ][info ][gc,heap     ] GC(143) Survivor regions: 249->236(398)
[2025-10-13T19:35:19.570-0700][1256 ][info ][gc,heap     ] GC(143) Old regions: 1208->1240
[2025-10-13T19:35:19.570-0700][1256 ][info ][gc,heap     ] GC(143) Humongous regions: 21->0
[2025-10-13T19:35:19.570-0700][1256 ][info ][gc,metaspace] GC(143) Metaspace: 317486K(323200K)->317486K(323200K) NonClass: 279340K(282368K)->279340K(282368K) Class: 38145K(40832K)->38145K(40832K)
[2025-10-13T19:35:19.570-0700][1256 ][info ][gc          ] GC(143) Pause Young (Normal) (G1 Evacuation Pause) 141060M->47216M(184320M) 189.770ms
[2025-10-13T19:35:19.571-0700][1256 ][info ][gc,cpu      ] GC(143) User=17.97s Sys=0.19s Real=0.20s
[2025-10-13T19:35:19.573-0700][1256 ][info ][safepoint   ] Safepoint "G1CollectForAllocation", Time since last: 521385162 ns, Reaching safepoint: 1054504 ns, Cleanup: 11918 ns, At safepoint: 194399862 ns, Total: 195466284 ns
[2025-10-13T19:35:20.574-0700][1256 ][info ][safepoint   ] Safepoint "Cleanup", Time since last: 1000092459 ns, Reaching safepoint: 899980 ns, Cleanup: 26881 ns, At safepoint: 340074 ns, Total: 1266935 ns
[2025-10-13T19:35:21.576-0700][1256 ][info ][safepoint   ] Safepoint "Cleanup", Time since last: 1000115464 ns, Reaching safepoint: 851867 ns, Cleanup: 12599 ns, At safepoint: 571123 ns, Total: 1435589 ns
[2025-10-13T19:35:22.577-0700][1256 ][info ][safepoint   ] Safepoint "Cleanup", Time since last: 1000120461 ns, Reaching safepoint: 838542 ns, Cleanup: 13250 ns, At safepoint: 449522 ns, Total: 1301314 ns
[2025-10-13T19:35:23.579-0700][1256 ][info ][safepoint   ] Safepoint "Cleanup", Time since last: 1000114483 ns, Reaching safepoint: 829568 ns, Cleanup: 15384 ns, At safepoint: 726702 ns, Total: 1571654 ns
[2025-10-13T19:35:24.580-0700][1256 ][info ][safepoint   ] Safepoint "Cleanup", Time since last: 1000122776 ns, Reaching safepoint: 859283 ns, Cleanup: 15083 ns, At safepoint: 790329 ns, Total: 1664695 ns
[2025-10-13T19:35:25.595-0700][1256 ][info ][safepoint   ] Safepoint "Cleanup", Time since last: 1000104929 ns, Reaching safepoint: 12425419 ns, Cleanup: 74233 ns, At safepoint: 1790195 ns, Total: 14289847 ns
[2025-10-13T19:35:26.597-0700][1256 ][info ][safepoint   ] Safepoint "Cleanup", Time since last: 1000124799 ns, Reaching safepoint: 1030453 ns, Cleanup: 74062 ns, At safepoint: 1056343 ns, Total: 2160858 ns
[2025-10-13T19:35:27.599-0700][1256 ][info ][safepoint   ] Safepoint "Cleanup", Time since last: 1000127693 ns, Reaching safepoint: 824320 ns, Cleanup: 33431 ns, At safepoint: 556725 ns, Total: 1414476 ns
[2025-10-13T19:35:28.600-0700][1256 ][info ][safepoint   ] Safepoint "Cleanup", Time since last: 1000103516 ns, Reaching safepoint: 983051 ns, Cleanup: 12559 ns, At safepoint: 531066 ns, Total: 1526676 ns
[2025-10-13T19:35:29.602-0700][1256 ][info ][safepoint   ] Safepoint "Cleanup", Time since last: 1000104408 ns, Reaching safepoint: 850720 ns, Cleanup: 14993 ns, At safepoint: 509172 ns, Total: 1374885 ns
[2025-10-13T19:35:29.927-0700][1256 ][info ][gc,start    ] GC(144) Pause Young (Normal) (G1 Evacuation Pause)
[2025-10-13T19:35:29.927-0700][1256 ][info ][gc,task     ] GC(144) Using 113 workers of 113 for evacuation
[2025-10-13T19:35:29.941-0700][1256 ][debug][gc,remset   ] GC(144) Visited cards 9353472 Total dirty 75759616 (12.35%) Total old 536346624 (1.74%)
[2025-10-13T19:35:30.131-0700][1256 ][info ][gc,mmu      ] GC(144) MMU target violated: 201.0ms (200.0ms/201.0ms)
[2025-10-13T19:35:30.131-0700][1256 ][info ][gc,phases   ] GC(144)   Pre Evacuate Collection Set: 0.8ms
[2025-10-13T19:35:30.131-0700][1256 ][info ][gc,phases   ] GC(144)   Merge Heap Roots: 13.2ms
[2025-10-13T19:35:30.131-0700][1256 ][info ][gc,phases   ] GC(144)   Evacuate Collection Set: 172.9ms
[2025-10-13T19:35:30.131-0700][1256 ][info ][gc,phases   ] GC(144)   Post Evacuate Collection Set: 17.1ms
[2025-10-13T19:35:30.131-0700][1256 ][info ][gc,phases   ] GC(144)   Other: 0.2ms
[2025-10-13T19:35:30.131-0700][1256 ][debug][gc,remset   ] GC(144) Coarsening (recent): Inline->AoC 40150 (0) AoC->Howl 102 (0) Howl->Full 0 (0) Inline->AoC 379 (0) AoC->BitMap 71 (0) BitMap->Full 0 (0) 
[2025-10-13T19:35:30.131-0700][1256 ][debug][gc,remset   ] GC(144) Coarsening (all): Inline->AoC 3733225 (63) AoC->Howl 55921 (205) Howl->Full 0 (0) Inline->AoC 220428 (51) AoC->BitMap 67474 (165) BitMap->Full 9 (0) 
[2025-10-13T19:35:30.131-0700][1256 ][info ][gc,heap     ] GC(144) Eden regions: 3220->0(1901)
[2025-10-13T19:35:30.131-0700][1256 ][info ][gc,heap     ] GC(144) Survivor regions: 236->271(432)
[2025-10-13T19:35:30.131-0700][1256 ][info ][gc,heap     ] GC(144) Old regions: 1240->1272
[2025-10-13T19:35:30.131-0700][1256 ][info ][gc,heap     ] GC(144) Humongous regions: 32->0
[2025-10-13T19:35:30.131-0700][1256 ][info ][gc,metaspace] GC(144) Metaspace: 317917K(323712K)->317917K(323712K) NonClass: 279730K(282816K)->279730K(282816K) Class: 38186K(40896K)->38186K(40896K)
[2025-10-13T19:35:30.131-0700][1256 ][info ][gc          ] GC(144) Pause Young (Normal) (G1 Evacuation Pause) 151280M->49358M(184320M) 204.259ms
[2025-10-13T19:35:30.133-0700][1256 ][info ][gc,cpu      ] GC(144) User=19.96s Sys=0.30s Real=0.21s
[2025-10-13T19:35:30.134-0700][1256 ][info ][safepoint   ] Safepoint "G1CollectForAllocation", Time since last: 322379240 ns, Reaching safepoint: 1152167 ns, Cleanup: 5138 ns, At safepoint: 208943778 ns, Total: 210101083 ns
[2025-10-13T19:35:31.156-0700][1256 ][info ][safepoint   ] Safepoint "Cleanup", Time since last: 1000082304 ns, Reaching safepoint: 18827251 ns, Cleanup: 46370 ns, At safepoint: 2755981 ns, Total: 21629602 ns
[2025-10-13T19:35:32.158-0700][1256 ][info ][safepoint   ] Safepoint "Cleanup", Time since last: 1000120692 ns, Reaching safepoint: 878393 ns, Cleanup: 37797 ns, At safepoint: 1225319 ns, Total: 2141509 ns
[2025-10-13T19:35:33.161-0700][1256 ][info ][safepoint   ] Safepoint "Cleanup", Time since last: 1000137678 ns, Reaching safepoint: 984213 ns, Cleanup: 12489 ns, At safepoint: 1244438 ns, Total: 2241140 ns
[2025-10-13T19:35:35.163-0700][1256 ][info ][safepoint   ] Safepoint "Cleanup", Time since last: 2000174023 ns, Reaching safepoint: 833925 ns, Cleanup: 35744 ns, At safepoint: 977964 ns, Total: 1847633 ns
[2025-10-13T19:35:36.164-0700][1256 ][info ][safepoint   ] Safepoint "Cleanup", Time since last: 1000113842 ns, Reaching safepoint: 837300 ns, Cleanup: 20160 ns, At safepoint: 720253 ns, Total: 1577713 ns
[2025-10-13T19:35:36.610-0700][1256 ][info ][gc,start    ] GC(145) Pause Young (Normal) (G1 Evacuation Pause)
[2025-10-13T19:35:36.610-0700][1256 ][info ][gc,task     ] GC(145) Using 113 workers of 113 for evacuation
[2025-10-13T19:35:36.624-0700][1256 ][debug][gc,remset   ] GC(145) Visited cards 9446656 Total dirty 77594624 (12.17%) Total old 370081792 (2.55%)
[2025-10-13T19:35:36.794-0700][1256 ][info ][gc,phases   ] GC(145)   Pre Evacuate Collection Set: 0.7ms
[2025-10-13T19:35:36.794-0700][1256 ][info ][gc,phases   ] GC(145)   Merge Heap Roots: 12.4ms
[2025-10-13T19:35:36.794-0700][1256 ][info ][gc,phases   ] GC(145)   Evacuate Collection Set: 158.0ms
[2025-10-13T19:35:36.794-0700][1256 ][info ][gc,phases   ] GC(145)   Post Evacuate Collection Set: 12.5ms
[2025-10-13T19:35:36.794-0700][1256 ][info ][gc,phases   ] GC(145)   Other: 0.1ms
[2025-10-13T19:35:36.794-0700][1256 ][debug][gc,remset   ] GC(145) Coarsening (recent): Inline->AoC 45321 (2) AoC->Howl 120 (0) Howl->Full 0 (0) Inline->AoC 496 (0) AoC->BitMap 76 (0) BitMap->Full 0 (0) 
[2025-10-13T19:35:36.794-0700][1256 ][debug][gc,remset   ] GC(145) Coarsening (all): Inline->AoC 3778546 (65) AoC->Howl 56041 (205) Howl->Full 0 (0) Inline->AoC 220924 (51) AoC->BitMap 67550 (165) BitMap->Full 9 (0) 
[2025-10-13T19:35:36.794-0700][1256 ][info ][gc,heap     ] GC(145) Eden regions: 1909->0(3310)
[2025-10-13T19:35:36.794-0700][1256 ][info ][gc,heap     ] GC(145) Survivor regions: 271->146(273)
[2025-10-13T19:35:36.794-0700][1256 ][info ][gc,heap     ] GC(145) Old regions: 1272->1409
[2025-10-13T19:35:36.794-0700][1256 ][info ][gc,heap     ] GC(145) Humongous regions: 15->0
[2025-10-13T19:35:36.794-0700][1256 ][info ][gc,metaspace] GC(145) Metaspace: 317931K(323712K)->317931K(323712K) NonClass: 279744K(282816K)->279744K(282816K) Class: 38187K(40896K)->38187K(40896K)
[2025-10-13T19:35:36.794-0700][1256 ][info ][gc          ] GC(145) Pause Young (Normal) (G1 Evacuation Pause) 110926M->49743M(184320M) 183.906ms
[2025-10-13T19:35:36.796-0700][1256 ][info ][gc,cpu      ] GC(145) User=18.02s Sys=0.35s Real=0.18s
[2025-10-13T19:35:36.797-0700][1256 ][info ][safepoint   ] Safepoint "G1CollectForAllocation", Time since last: 443486619 ns, Reaching safepoint: 781125 ns, Cleanup: 10516 ns, At safepoint: 188439673 ns, Total: 189231314 ns
[2025-10-13T19:35:36.893-0700][1256 ][info ][gc,start    ] GC(146) Pause Young (Concurrent Start) (G1 Humongous Allocation)
[2025-10-13T19:35:36.893-0700][1256 ][info ][gc,task     ] GC(146) Using 113 workers of 113 for evacuation
[2025-10-13T19:35:36.901-0700][1256 ][debug][gc,remset   ] GC(146) Visited cards 8691968 Total dirty 83361792 (10.43%) Total old 119603200 (7.27%)
[2025-10-13T19:35:36.987-0700][1256 ][info ][gc,phases   ] GC(146)   Pre Evacuate Collection Set: 0.9ms
[2025-10-13T19:35:36.987-0700][1256 ][info ][gc,phases   ] GC(146)   Merge Heap Roots: 6.9ms
[2025-10-13T19:35:36.987-0700][1256 ][info ][gc,phases   ] GC(146)   Evacuate Collection Set: 77.5ms
[2025-10-13T19:35:36.987-0700][1256 ][info ][gc,phases   ] GC(146)   Post Evacuate Collection Set: 8.5ms
[2025-10-13T19:35:36.987-0700][1256 ][info ][gc,phases   ] GC(146)   Other: 0.1ms
[2025-10-13T19:35:36.987-0700][1256 ][debug][gc,remset   ] GC(146) Coarsening (recent): Inline->AoC 0 (0) AoC->Howl 0 (0) Howl->Full 0 (0) Inline->AoC 0 (0) AoC->BitMap 0 (0) BitMap->Full 0 (0) 
[2025-10-13T19:35:36.987-0700][1256 ][debug][gc,remset   ] GC(146) Coarsening (all): Inline->AoC 3778546 (65) AoC->Howl 56041 (205) Howl->Full 0 (0) Inline->AoC 220924 (51) AoC->BitMap 67550 (165) BitMap->Full 9 (0) 
[2025-10-13T19:35:36.987-0700][1256 ][info ][gc,heap     ] GC(146) Eden regions: 62->0(1779)
[2025-10-13T19:35:36.987-0700][1256 ][info ][gc,heap     ] GC(146) Survivor regions: 146->142(432)
[2025-10-13T19:35:36.987-0700][1256 ][info ][gc,heap     ] GC(146) Old regions: 1409->1409
[2025-10-13T19:35:36.987-0700][1256 ][info ][gc,heap     ] GC(146) Humongous regions: 0->0
[2025-10-13T19:35:36.987-0700][1256 ][info ][gc,metaspace] GC(146) Metaspace: 317931K(323712K)->317931K(323712K) NonClass: 279744K(282816K)->279744K(282816K) Class: 38187K(40896K)->38187K(40896K)
[2025-10-13T19:35:36.987-0700][1256 ][info ][gc          ] GC(146) Pause Young (Concurrent Start) (G1 Humongous Allocation) 51717M->49605M(184320M) 94.090ms
[2025-10-13T19:35:36.987-0700][1089 ][info ][gc          ] GC(147) Concurrent Mark Cycle
[2025-10-13T19:35:36.987-0700][1089 ][info ][gc,marking  ] GC(147) Concurrent Scan Root Regions
[2025-10-13T19:35:36.989-0700][1256 ][info ][gc,cpu      ] GC(146) User=8.35s Sys=0.09s Real=0.09s
[2025-10-13T19:35:36.991-0700][1256 ][info ][safepoint   ] Safepoint "G1TryInitiateConcMark", Time since last: 93402261 ns, Reaching safepoint: 774815 ns, Cleanup: 4757 ns, At safepoint: 99839116 ns, Total: 100618688 ns
[2025-10-13T19:35:37.026-0700][1089 ][info ][gc,marking  ] GC(147) Concurrent Scan Root Regions 38.677ms
[2025-10-13T19:35:37.026-0700][1089 ][info ][gc,marking  ] GC(147) Concurrent Mark
[2025-10-13T19:35:37.026-0700][1089 ][info ][gc,marking  ] GC(147) Concurrent Mark From Roots
[2025-10-13T19:35:37.026-0700][1089 ][info ][gc,task     ] GC(147) Using 36 workers of 36 for marking
[2025-10-13T19:35:37.227-0700][1089 ][info ][gc,marking  ] GC(147) Concurrent Mark From Roots 201.035ms
[2025-10-13T19:35:37.227-0700][1089 ][info ][gc,marking  ] GC(147) Concurrent Preclean
[2025-10-13T19:35:37.259-0700][1089 ][info ][gc,marking  ] GC(147) Concurrent Preclean 31.512ms
[2025-10-13T19:35:37.264-0700][1256 ][info ][gc,start    ] GC(147) Pause Remark
[2025-10-13T19:35:37.475-0700][1256 ][info ][gc,mmu      ] GC(147) MMU target violated: 201.0ms (200.0ms/201.0ms)
[2025-10-13T19:35:37.475-0700][1256 ][info ][gc          ] GC(147) Pause Remark 52520M->51816M(184320M) 210.464ms
[2025-10-13T19:35:37.477-0700][1256 ][info ][gc,cpu      ] GC(147) User=13.90s Sys=0.00s Real=0.21s
[2025-10-13T19:35:37.478-0700][1256 ][info ][safepoint   ] Safepoint "G1PauseRemark", Time since last: 267601702 ns, Reaching safepoint: 3992106 ns, Cleanup: 37767 ns, At safepoint: 215155020 ns, Total: 219184893 ns
[2025-10-13T19:35:37.482-0700][1089 ][info ][gc,marking  ] GC(147) Concurrent Mark 456.215ms
[2025-10-13T19:35:37.482-0700][1089 ][info ][gc,marking  ] GC(147) Concurrent Rebuild Remembered Sets and Scrub Regions
[2025-10-13T19:35:38.306-0700][1089 ][info ][gc,marking  ] GC(147) Concurrent Rebuild Remembered Sets and Scrub Regions 823.519ms
[2025-10-13T19:35:38.310-0700][1256 ][info ][gc,start    ] GC(147) Pause Cleanup
[2025-10-13T19:35:38.312-0700][1256 ][info ][gc          ] GC(147) Pause Cleanup 64485M->64485M(184320M) 2.272ms
[2025-10-13T19:35:38.313-0700][1256 ][info ][gc,cpu      ] GC(147) User=0.01s Sys=0.00s Real=0.01s
[2025-10-13T19:35:38.315-0700][1256 ][info ][safepoint   ] Safepoint "G1PauseCleanup", Time since last: 828044683 ns, Reaching safepoint: 1993975 ns, Cleanup: 64128 ns, At safepoint: 6759694 ns, Total: 8817797 ns
[2025-10-13T19:35:38.315-0700][1089 ][info ][gc,marking  ] GC(147) Concurrent Clear Claimed Marks
[2025-10-13T19:35:38.316-0700][1089 ][info ][gc,marking  ] GC(147) Concurrent Clear Claimed Marks 1.037ms
[2025-10-13T19:35:38.316-0700][1089 ][info ][gc,marking  ] GC(147) Concurrent Cleanup for Next Mark
[2025-10-13T19:35:38.352-0700][1089 ][info ][gc,marking  ] GC(147) Concurrent Cleanup for Next Mark 36.181ms
[2025-10-13T19:35:38.352-0700][1089 ][info ][gc          ] GC(147) Concurrent Mark Cycle 1364.860ms
[2025-10-13T19:35:40.318-0700][1256 ][info ][safepoint   ] Safepoint "Cleanup", Time since last: 2000161884 ns, Reaching safepoint: 2831035 ns, Cleanup: 10917 ns, At safepoint: 533960 ns, Total: 3375912 ns
[2025-10-13T19:35:43.545-0700][1256 ][info ][gc,start    ] GC(148) Pause Young (Prepare Mixed) (G1 Evacuation Pause)
[2025-10-13T19:35:43.545-0700][1256 ][info ][gc,task     ] GC(148) Using 113 workers of 113 for evacuation
[2025-10-13T19:35:43.560-0700][1256 ][debug][gc,remset   ] GC(148) Visited cards 9648640 Total dirty 84738048 (11.39%) Total old 326041600 (2.96%)
[2025-10-13T19:35:43.672-0700][1256 ][info ][gc,phases   ] GC(148)   Pre Evacuate Collection Set: 0.7ms
[2025-10-13T19:35:43.673-0700][1256 ][info ][gc,phases   ] GC(148)   Merge Heap Roots: 14.0ms
[2025-10-13T19:35:43.673-0700][1256 ][info ][gc,phases   ] GC(148)   Evacuate Collection Set: 99.1ms
[2025-10-13T19:35:43.673-0700][1256 ][info ][gc,phases   ] GC(148)   Post Evacuate Collection Set: 13.7ms
[2025-10-13T19:35:43.673-0700][1256 ][info ][gc,phases   ] GC(148)   Other: 0.1ms
[2025-10-13T19:35:43.673-0700][1256 ][debug][gc,remset   ] GC(148) Coarsening (recent): Inline->AoC 148049 (5) AoC->Howl 6944 (1) Howl->Full 0 (0) Inline->AoC 25316 (0) AoC->BitMap 8953 (0) BitMap->Full 4 (0) 
[2025-10-13T19:35:43.673-0700][1256 ][debug][gc,remset   ] GC(148) Coarsening (all): Inline->AoC 3926595 (70) AoC->Howl 62985 (206) Howl->Full 0 (0) Inline->AoC 246240 (51) AoC->BitMap 76503 (165) BitMap->Full 13 (0) 
[2025-10-13T19:35:43.673-0700][1256 ][info ][gc,heap     ] GC(148) Eden regions: 1646->0(2245)
[2025-10-13T19:35:43.673-0700][1256 ][info ][gc,heap     ] GC(148) Survivor regions: 142->105(224)
[2025-10-13T19:35:43.673-0700][1256 ][info ][gc,heap     ] GC(148) Old regions: 1387->1447
[2025-10-13T19:35:43.673-0700][1256 ][info ][gc,heap     ] GC(148) Humongous regions: 12->0
[2025-10-13T19:35:43.673-0700][1256 ][info ][gc,metaspace] GC(148) Metaspace: 317906K(323904K)->317906K(323904K) NonClass: 279741K(282944K)->279741K(282944K) Class: 38165K(40960K)->38165K(40960K)
[2025-10-13T19:35:43.673-0700][1256 ][info ][gc          ] GC(148) Pause Young (Prepare Mixed) (G1 Evacuation Pause) 101957M->49634M(184320M) 127.829ms
[2025-10-13T19:35:43.674-0700][1256 ][info ][gc,cpu      ] GC(148) User=12.13s Sys=0.00s Real=0.13s
[2025-10-13T19:35:43.675-0700][1256 ][info ][safepoint   ] Safepoint "G1CollectForAllocation", Time since last: 3223990040 ns, Reaching safepoint: 812413 ns, Cleanup: 4767 ns, At safepoint: 132401423 ns, Total: 133218603 ns
[2025-10-13T19:35:45.677-0700][1256 ][info ][safepoint   ] Safepoint "Cleanup", Time since last: 2000175955 ns, Reaching safepoint: 780665 ns, Cleanup: 15593 ns, At safepoint: 137709 ns, Total: 933967 ns
[2025-10-13T19:35:48.678-0700][1256 ][info ][safepoint   ] Safepoint "Cleanup", Time since last: 3000237548 ns, Reaching safepoint: 849649 ns, Cleanup: 12559 ns, At safepoint: 216398 ns, Total: 1078606 ns
[2025-10-13T19:35:49.679-0700][1256 ][info ][safepoint   ] Safepoint "Cleanup", Time since last: 1000105780 ns, Reaching safepoint: 836920 ns, Cleanup: 25188 ns, At safepoint: 274907 ns, Total: 1137015 ns
[2025-10-13T19:35:50.680-0700][1256 ][info ][safepoint   ] Safepoint "Cleanup", Time since last: 1000114763 ns, Reaching safepoint: 759833 ns, Cleanup: 13330 ns, At safepoint: 172322 ns, Total: 945485 ns
[2025-10-13T19:35:51.682-0700][1256 ][info ][safepoint   ] Safepoint "Cleanup", Time since last: 1000106210 ns, Reaching safepoint: 901908 ns, Cleanup: 16826 ns, At safepoint: 459146 ns, Total: 1377880 ns
[2025-10-13T19:35:52.683-0700][1256 ][info ][safepoint   ] Safepoint "Cleanup", Time since last: 1000114333 ns, Reaching safepoint: 800094 ns, Cleanup: 18007 ns, At safepoint: 329650 ns, Total: 1147751 ns
[2025-10-13T19:35:53.684-0700][1256 ][info ][safepoint   ] Safepoint "Cleanup", Time since last: 1000105253 ns, Reaching safepoint: 779318 ns, Cleanup: 13490 ns, At safepoint: 504052 ns, Total: 1296860 ns
[2025-10-13T19:35:54.686-0700][1256 ][info ][safepoint   ] Safepoint "Cleanup", Time since last: 1000108655 ns, Reaching safepoint: 887472 ns, Cleanup: 21423 ns, At safepoint: 1047704 ns, Total: 1956599 ns
[2025-10-13T19:35:55.394-0700][1256 ][info ][gc,start    ] GC(149) Pause Young (Mixed) (G1 Evacuation Pause)
[2025-10-13T19:35:55.394-0700][1256 ][info ][gc,task     ] GC(149) Using 113 workers of 113 for evacuation
[2025-10-13T19:35:55.408-0700][1256 ][debug][gc,remset   ] GC(149) Visited cards 10484224 Total dirty 83361792 (12.58%) Total old 443351040 (2.36%)
[2025-10-13T19:35:55.533-0700][1256 ][info ][gc,phases   ] GC(149)   Pre Evacuate Collection Set: 0.8ms
[2025-10-13T19:35:55.533-0700][1256 ][info ][gc,phases   ] GC(149)   Merge Heap Roots: 13.7ms
[2025-10-13T19:35:55.533-0700][1256 ][info ][gc,phases   ] GC(149)   Evacuate Collection Set: 111.4ms
[2025-10-13T19:35:55.533-0700][1256 ][info ][gc,phases   ] GC(149)   Post Evacuate Collection Set: 13.3ms
[2025-10-13T19:35:55.533-0700][1256 ][info ][gc,phases   ] GC(149)   Other: 0.2ms
[2025-10-13T19:35:55.533-0700][1256 ][debug][gc,remset   ] GC(149) Coarsening (recent): Inline->AoC 17263 (25) AoC->Howl 737 (160) Howl->Full 0 (0) Inline->AoC 1769 (57) AoC->BitMap 587 (137) BitMap->Full 0 (0) 
[2025-10-13T19:35:55.533-0700][1256 ][debug][gc,remset   ] GC(149) Coarsening (all): Inline->AoC 3943858 (95) AoC->Howl 63722 (366) Howl->Full 0 (0) Inline->AoC 248009 (108) AoC->BitMap 77090 (302) BitMap->Full 13 (0) 
[2025-10-13T19:35:55.533-0700][1256 ][info ][gc,heap     ] GC(149) Eden regions: 2495->0(1695)
[2025-10-13T19:35:55.533-0700][1256 ][info ][gc,heap     ] GC(149) Survivor regions: 105->176(325)
[2025-10-13T19:35:55.533-0700][1256 ][info ][gc,heap     ] GC(149) Old regions: 1447->1357
[2025-10-13T19:35:55.533-0700][1256 ][info ][gc,heap     ] GC(149) Humongous regions: 20->0
[2025-10-13T19:35:55.533-0700][1256 ][info ][gc,metaspace] GC(149) Metaspace: 317995K(323904K)->317995K(323904K) NonClass: 279811K(282944K)->279811K(282944K) Class: 38183K(40960K)->38183K(40960K)
[2025-10-13T19:35:55.533-0700][1256 ][info ][gc          ] GC(149) Pause Young (Mixed) (G1 Evacuation Pause) 130114M->49048M(184320M) 139.539ms
[2025-10-13T19:35:55.535-0700][1256 ][info ][gc,cpu      ] GC(149) User=12.87s Sys=0.01s Real=0.14s
[2025-10-13T19:35:55.536-0700][1256 ][info ][safepoint   ] Safepoint "G1CollectForAllocation", Time since last: 704908853 ns, Reaching safepoint: 864367 ns, Cleanup: 4647 ns, At safepoint: 144201222 ns, Total: 145070236 ns
[2025-10-13T19:35:56.541-0700][1256 ][info ][safepoint   ] Safepoint "Cleanup", Time since last: 1000109477 ns, Reaching safepoint: 3356935 ns, Cleanup: 15043 ns, At safepoint: 664224 ns, Total: 4036202 ns
[2025-10-13T19:35:57.542-0700][1256 ][info ][safepoint   ] Safepoint "Cleanup", Time since last: 1000135896 ns, Reaching safepoint: 920211 ns, Cleanup: 18829 ns, At safepoint: 549691 ns, Total: 1488731 ns
[2025-10-13T19:35:58.544-0700][1256 ][info ][safepoint   ] Safepoint "Cleanup", Time since last: 1000128205 ns, Reaching safepoint: 860591 ns, Cleanup: 13710 ns, At safepoint: 848594 ns, Total: 1722895 ns
[2025-10-13T19:35:59.563-0700][1256 ][info ][safepoint   ] Safepoint "Cleanup", Time since last: 1000110708 ns, Reaching safepoint: 14500584 ns, Cleanup: 17626 ns, At safepoint: 3919967 ns, Total: 18438177 ns
[2025-10-13T19:36:02.114-0700][1256 ][info ][gc,start    ] GC(150) Pause Young (Mixed) (G1 Evacuation Pause)
[2025-10-13T19:36:02.114-0700][1256 ][info ][gc,task     ] GC(150) Using 113 workers of 113 for evacuation
[2025-10-13T19:36:02.129-0700][1256 ][debug][gc,remset   ] GC(150) Visited cards 10364160 Total dirty 78381056 (13.22%) Total old 382074880 (2.71%)
[2025-10-13T19:36:02.279-0700][1256 ][info ][gc,phases   ] GC(150)   Pre Evacuate Collection Set: 0.8ms
[2025-10-13T19:36:02.279-0700][1256 ][info ][gc,phases   ] GC(150)   Merge Heap Roots: 13.6ms
[2025-10-13T19:36:02.279-0700][1256 ][info ][gc,phases   ] GC(150)   Evacuate Collection Set: 136.2ms
[2025-10-13T19:36:02.279-0700][1256 ][info ][gc,phases   ] GC(150)   Post Evacuate Collection Set: 13.9ms
[2025-10-13T19:36:02.279-0700][1256 ][info ][gc,phases   ] GC(150)   Other: 0.2ms
[2025-10-13T19:36:02.279-0700][1256 ][debug][gc,remset   ] GC(150) Coarsening (recent): Inline->AoC 16324 (0) AoC->Howl 206 (0) Howl->Full 0 (0) Inline->AoC 837 (0) AoC->BitMap 101 (0) BitMap->Full 0 (0) 
[2025-10-13T19:36:02.279-0700][1256 ][debug][gc,remset   ] GC(150) Coarsening (all): Inline->AoC 3960182 (95) AoC->Howl 63928 (366) Howl->Full 0 (0) Inline->AoC 248846 (108) AoC->BitMap 77191 (302) BitMap->Full 13 (0) 
[2025-10-13T19:36:02.279-0700][1256 ][info ][gc,heap     ] GC(150) Eden regions: 2007->0(1994)
[2025-10-13T19:36:02.279-0700][1256 ][info ][gc,heap     ] GC(150) Survivor regions: 176->174(273)
[2025-10-13T19:36:02.279-0700][1256 ][info ][gc,heap     ] GC(150) Old regions: 1357->1294
[2025-10-13T19:36:02.279-0700][1256 ][info ][gc,heap     ] GC(150) Humongous regions: 9->0
[2025-10-13T19:36:02.279-0700][1256 ][info ][gc,metaspace] GC(150) Metaspace: 318161K(324032K)->318161K(324032K) NonClass: 279973K(283072K)->279973K(283072K) Class: 38188K(40960K)->38188K(40960K)
[2025-10-13T19:36:02.279-0700][1256 ][info ][gc          ] GC(150) Pause Young (Mixed) (G1 Evacuation Pause) 113560M->46960M(184320M) 164.789ms
[2025-10-13T19:36:02.281-0700][1256 ][info ][gc,cpu      ] GC(150) User=14.64s Sys=0.07s Real=0.17s
[2025-10-13T19:36:02.282-0700][1256 ][info ][safepoint   ] Safepoint "G1CollectForAllocation", Time since last: 2548905128 ns, Reaching safepoint: 1088235 ns, Cleanup: 19590 ns, At safepoint: 169698653 ns, Total: 170806478 ns
[2025-10-13T19:36:04.565-0700][1256 ][info ][safepoint   ] Safepoint "Cleanup", Time since last: 2281179054 ns, Reaching safepoint: 883256 ns, Cleanup: 12639 ns, At safepoint: 437461 ns, Total: 1333356 ns
[2025-10-13T19:36:06.566-0700][1256 ][info ][safepoint   ] Safepoint "Cleanup", Time since last: 2000184310 ns, Reaching safepoint: 931288 ns, Cleanup: 22434 ns, At safepoint: 287725 ns, Total: 1241447 ns
[2025-10-13T19:36:07.567-0700][1256 ][info ][safepoint   ] Safepoint "Cleanup", Time since last: 1000116447 ns, Reaching safepoint: 836916 ns, Cleanup: 26409 ns, At safepoint: 229107 ns, Total: 1092432 ns
[2025-10-13T19:36:09.569-0700][1256 ][info ][safepoint   ] Safepoint "Cleanup", Time since last: 2000178511 ns, Reaching safepoint: 1168968 ns, Cleanup: 11157 ns, At safepoint: 551053 ns, Total: 1731178 ns
[2025-10-13T19:36:09.839-0700][1256 ][info ][gc,start    ] GC(151) Pause Young (Mixed) (G1 Evacuation Pause)
[2025-10-13T19:36:09.839-0700][1256 ][info ][gc,task     ] GC(151) Using 113 workers of 113 for evacuation
[2025-10-13T19:36:09.853-0700][1256 ][debug][gc,remset   ] GC(151) Visited cards 11025152 Total dirty 75497472 (14.60%) Total old 402587648 (2.74%)
[2025-10-13T19:36:09.989-0700][1256 ][info ][gc,phases   ] GC(151)   Pre Evacuate Collection Set: 0.7ms
[2025-10-13T19:36:09.989-0700][1256 ][info ][gc,phases   ] GC(151)   Merge Heap Roots: 13.7ms
[2025-10-13T19:36:09.989-0700][1256 ][info ][gc,phases   ] GC(151)   Evacuate Collection Set: 122.8ms
[2025-10-13T19:36:09.989-0700][1256 ][info ][gc,phases   ] GC(151)   Post Evacuate Collection Set: 12.7ms
[2025-10-13T19:36:09.989-0700][1256 ][info ][gc,phases   ] GC(151)   Other: 0.2ms
[2025-10-13T19:36:09.989-0700][1256 ][debug][gc,remset   ] GC(151) Coarsening (recent): Inline->AoC 24869 (0) AoC->Howl 455 (0) Howl->Full 0 (0) Inline->AoC 1636 (0) AoC->BitMap 330 (0) BitMap->Full 0 (0) 
[2025-10-13T19:36:09.989-0700][1256 ][debug][gc,remset   ] GC(151) Coarsening (all): Inline->AoC 3985051 (95) AoC->Howl 64383 (366) Howl->Full 0 (0) Inline->AoC 250482 (108) AoC->BitMap 77521 (302) BitMap->Full 13 (0) 
[2025-10-13T19:36:09.989-0700][1256 ][info ][gc,heap     ] GC(151) Eden regions: 2196->0(1963)
[2025-10-13T19:36:09.989-0700][1256 ][info ][gc,heap     ] GC(151) Survivor regions: 174->195(297)
[2025-10-13T19:36:09.989-0700][1256 ][info ][gc,heap     ] GC(151) Old regions: 1294->1223
[2025-10-13T19:36:09.989-0700][1256 ][info ][gc,heap     ] GC(151) Humongous regions: 11->0
[2025-10-13T19:36:09.989-0700][1256 ][info ][gc,metaspace] GC(151) Metaspace: 318186K(324032K)->318186K(324032K) NonClass: 279994K(283072K)->279994K(283072K) Class: 38191K(40960K)->38191K(40960K)
[2025-10-13T19:36:09.989-0700][1256 ][info ][gc          ] GC(151) Pause Young (Mixed) (G1 Evacuation Pause) 117584M->45341M(184320M) 150.315ms
[2025-10-13T19:36:09.991-0700][1256 ][info ][gc,cpu      ] GC(151) User=14.68s Sys=0.13s Real=0.16s
[2025-10-13T19:36:09.992-0700][1256 ][info ][safepoint   ] Safepoint "G1CollectForAllocation", Time since last: 266769186 ns, Reaching safepoint: 865078 ns, Cleanup: 4717 ns, At safepoint: 155054843 ns, Total: 155924638 ns
[2025-10-13T19:36:11.011-0700][1256 ][info ][safepoint   ] Safepoint "Cleanup", Time since last: 1000093071 ns, Reaching safepoint: 16754592 ns, Cleanup: 14822 ns, At safepoint: 2046955 ns, Total: 18816369 ns
[2025-10-13T19:36:14.030-0700][1256 ][info ][safepoint   ] Safepoint "Cleanup", Time since last: 3000252394 ns, Reaching safepoint: 16528179 ns, Cleanup: 33251 ns, At safepoint: 1794323 ns, Total: 18355753 ns
[2025-10-13T19:36:15.032-0700][1256 ][info ][safepoint   ] Safepoint "Cleanup", Time since last: 1000117929 ns, Reaching safepoint: 941183 ns, Cleanup: 52038 ns, At safepoint: 1016968 ns, Total: 2010189 ns
[2025-10-13T19:36:16.034-0700][1256 ][info ][safepoint   ] Safepoint "Cleanup", Time since last: 1000109707 ns, Reaching safepoint: 991769 ns, Cleanup: 25939 ns, At safepoint: 845408 ns, Total: 1863116 ns
[2025-10-13T19:36:17.035-0700][1256 ][info ][safepoint   ] Safepoint "Cleanup", Time since last: 1000111810 ns, Reaching safepoint: 757526 ns, Cleanup: 40471 ns, At safepoint: 926561 ns, Total: 1724558 ns
[2025-10-13T19:36:18.037-0700][1256 ][info ][safepoint   ] Safepoint "Cleanup", Time since last: 1000116016 ns, Reaching safepoint: 799619 ns, Cleanup: 14782 ns, At safepoint: 966111 ns, Total: 1780512 ns
[2025-10-13T19:36:18.090-0700][1256 ][info ][gc,start    ] GC(152) Pause Young (Mixed) (G1 Evacuation Pause)
[2025-10-13T19:36:18.090-0700][1256 ][info ][gc,task     ] GC(152) Using 113 workers of 113 for evacuation
[2025-10-13T19:36:18.105-0700][1256 ][debug][gc,remset   ] GC(152) Visited cards 11465216 Total dirty 71172096 (16.11%) Total old 386007040 (2.97%)
[2025-10-13T19:36:18.250-0700][1256 ][info ][gc,phases   ] GC(152)   Pre Evacuate Collection Set: 0.7ms
[2025-10-13T19:36:18.251-0700][1256 ][info ][gc,phases   ] GC(152)   Merge Heap Roots: 13.7ms
[2025-10-13T19:36:18.251-0700][1256 ][info ][gc,phases   ] GC(152)   Evacuate Collection Set: 131.2ms
[2025-10-13T19:36:18.251-0700][1256 ][info ][gc,phases   ] GC(152)   Post Evacuate Collection Set: 14.5ms
[2025-10-13T19:36:18.251-0700][1256 ][info ][gc,phases   ] GC(152)   Other: 0.2ms
[2025-10-13T19:36:18.251-0700][1256 ][debug][gc,remset   ] GC(152) Coarsening (recent): Inline->AoC 47169 (0) AoC->Howl 314 (0) Howl->Full 0 (0) Inline->AoC 1122 (0) AoC->BitMap 230 (0) BitMap->Full 0 (0) 
[2025-10-13T19:36:18.251-0700][1256 ][debug][gc,remset   ] GC(152) Coarsening (all): Inline->AoC 4032220 (95) AoC->Howl 64697 (366) Howl->Full 0 (0) Inline->AoC 251604 (108) AoC->BitMap 77751 (302) BitMap->Full 13 (0) 
[2025-10-13T19:36:18.251-0700][1256 ][info ][gc,heap     ] GC(152) Eden regions: 2082->0(2613)
[2025-10-13T19:36:18.251-0700][1256 ][info ][gc,heap     ] GC(152) Survivor regions: 195->158(285)
[2025-10-13T19:36:18.251-0700][1256 ][info ][gc,heap     ] GC(152) Old regions: 1223->1175
[2025-10-13T19:36:18.251-0700][1256 ][info ][gc,heap     ] GC(152) Humongous regions: 15->0
[2025-10-13T19:36:18.251-0700][1256 ][info ][gc,metaspace] GC(152) Metaspace: 318316K(324096K)->318316K(324096K) NonClass: 280100K(283136K)->280100K(283136K) Class: 38216K(40960K)->38216K(40960K)
[2025-10-13T19:36:18.251-0700][1256 ][info ][gc          ] GC(152) Pause Young (Mixed) (G1 Evacuation Pause) 112445M->42645M(184320M) 160.439ms
[2025-10-13T19:36:18.252-0700][1256 ][info ][gc,cpu      ] GC(152) User=14.69s Sys=0.16s Real=0.17s
[2025-10-13T19:36:18.254-0700][1256 ][info ][safepoint   ] Safepoint "G1CollectForAllocation", Time since last: 50249433 ns, Reaching safepoint: 868524 ns, Cleanup: 5228 ns, At safepoint: 165071606 ns, Total: 165945358 ns
[2025-10-13T19:36:19.256-0700][1256 ][info ][safepoint   ] Safepoint "Cleanup", Time since last: 1000087944 ns, Reaching safepoint: 1691828 ns, Cleanup: 11097 ns, At safepoint: 276548 ns, Total: 1979473 ns
[2025-10-13T19:36:20.257-0700][1256 ][info ][safepoint   ] Safepoint "Cleanup", Time since last: 1000124900 ns, Reaching safepoint: 889755 ns, Cleanup: 9935 ns, At safepoint: 481998 ns, Total: 1381688 ns
[2025-10-13T19:36:21.258-0700][1256 ][info ][safepoint   ] Safepoint "Cleanup", Time since last: 1000125261 ns, Reaching safepoint: 784496 ns, Cleanup: 16455 ns, At safepoint: 254444 ns, Total: 1055395 ns
[2025-10-13T19:36:23.259-0700][1256 ][info ][safepoint   ] Safepoint "Cleanup", Time since last: 2000165983 ns, Reaching safepoint: 707960 ns, Cleanup: 10466 ns, At safepoint: 121494 ns, Total: 839920 ns
[2025-10-13T19:36:24.261-0700][1256 ][info ][safepoint   ] Safepoint "Cleanup", Time since last: 1000108545 ns, Reaching safepoint: 949615 ns, Cleanup: 23746 ns, At safepoint: 407006 ns, Total: 1380367 ns
[2025-10-13T19:36:25.276-0700][1256 ][info ][safepoint   ] Safepoint "Cleanup", Time since last: 1000117037 ns, Reaching safepoint: 13348633 ns, Cleanup: 14331 ns, At safepoint: 2012904 ns, Total: 15375868 ns
[2025-10-13T19:36:26.278-0700][1256 ][info ][safepoint   ] Safepoint "Cleanup", Time since last: 1000123347 ns, Reaching safepoint: 703213 ns, Cleanup: 13621 ns, At safepoint: 687589 ns, Total: 1404423 ns
[2025-10-13T19:36:26.290-0700][1256 ][info ][gc,start    ] GC(153) Pause Young (Mixed) (G1 Evacuation Pause)
[2025-10-13T19:36:26.290-0700][1256 ][info ][gc,task     ] GC(153) Using 113 workers of 113 for evacuation
[2025-10-13T19:36:26.305-0700][1256 ][debug][gc,remset   ] GC(153) Visited cards 11598848 Total dirty 68222976 (17.00%) Total old 462422016 (2.51%)
[2025-10-13T19:36:26.450-0700][1256 ][info ][gc,phases   ] GC(153)   Pre Evacuate Collection Set: 0.8ms
[2025-10-13T19:36:26.450-0700][1256 ][info ][gc,phases   ] GC(153)   Merge Heap Roots: 13.4ms
[2025-10-13T19:36:26.450-0700][1256 ][info ][gc,phases   ] GC(153)   Evacuate Collection Set: 130.6ms
[2025-10-13T19:36:26.450-0700][1256 ][info ][gc,phases   ] GC(153)   Post Evacuate Collection Set: 14.9ms
[2025-10-13T19:36:26.450-0700][1256 ][info ][gc,phases   ] GC(153)   Other: 0.2ms
[2025-10-13T19:36:26.450-0700][1256 ][debug][gc,remset   ] GC(153) Coarsening (recent): Inline->AoC 43633 (0) AoC->Howl 359 (0) Howl->Full 0 (0) Inline->AoC 1073 (0) AoC->BitMap 246 (0) BitMap->Full 0 (0) 
[2025-10-13T19:36:26.450-0700][1256 ][debug][gc,remset   ] GC(153) Coarsening (all): Inline->AoC 4075853 (95) AoC->Howl 65056 (366) Howl->Full 0 (0) Inline->AoC 252677 (108) AoC->BitMap 77997 (302) BitMap->Full 13 (0) 
[2025-10-13T19:36:26.450-0700][1256 ][info ][gc,heap     ] GC(153) Eden regions: 2727->0(2216)
[2025-10-13T19:36:26.450-0700][1256 ][info ][gc,heap     ] GC(153) Survivor regions: 158->201(361)
[2025-10-13T19:36:26.450-0700][1256 ][info ][gc,heap     ] GC(153) Old regions: 1175->1087
[2025-10-13T19:36:26.450-0700][1256 ][info ][gc,heap     ] GC(153) Humongous regions: 13->0
[2025-10-13T19:36:26.450-0700][1256 ][info ][gc,metaspace] GC(153) Metaspace: 318324K(324096K)->318324K(324096K) NonClass: 280107K(283136K)->280107K(283136K) Class: 38217K(40960K)->38217K(40960K)
[2025-10-13T19:36:26.450-0700][1256 ][info ][gc          ] GC(153) Pause Young (Mixed) (G1 Evacuation Pause) 130325M->41194M(184320M) 160.160ms
[2025-10-13T19:36:26.452-0700][1256 ][info ][gc,cpu      ] GC(153) User=14.80s Sys=0.53s Real=0.16s
[2025-10-13T19:36:26.453-0700][1256 ][info ][safepoint   ] Safepoint "G1CollectForAllocation", Time since last: 10050446 ns, Reaching safepoint: 753018 ns, Cleanup: 5108 ns, At safepoint: 164764362 ns, Total: 165522488 ns
[2025-10-13T19:36:27.455-0700][1256 ][info ][safepoint   ] Safepoint "Cleanup", Time since last: 1000094325 ns, Reaching safepoint: 793562 ns, Cleanup: 17236 ns, At safepoint: 192932 ns, Total: 1003730 ns
[2025-10-13T19:36:28.464-0700][1256 ][info ][safepoint   ] Safepoint "Cleanup", Time since last: 1000112459 ns, Reaching safepoint: 6968087 ns, Cleanup: 20351 ns, At safepoint: 1902011 ns, Total: 8890449 ns
[2025-10-13T19:36:29.466-0700][1256 ][info ][safepoint   ] Safepoint "Cleanup", Time since last: 1000139059 ns, Reaching safepoint: 973204 ns, Cleanup: 14973 ns, At safepoint: 950290 ns, Total: 1938467 ns
[2025-10-13T19:36:31.472-0700][1256 ][info ][safepoint   ] Safepoint "Cleanup", Time since last: 2000191837 ns, Reaching safepoint: 2951061 ns, Cleanup: 10045 ns, At safepoint: 3058233 ns, Total: 6019339 ns
[2025-10-13T19:36:32.676-0700][1256 ][info ][gc,start    ] GC(154) Pause Young (Mixed) (G1 Evacuation Pause)
[2025-10-13T19:36:32.677-0700][1256 ][info ][gc,task     ] GC(154) Using 113 workers of 113 for evacuation
[2025-10-13T19:36:32.690-0700][1256 ][debug][gc,remset   ] GC(154) Visited cards 12364800 Total dirty 62717952 (19.71%) Total old 415498240 (2.98%)
[2025-10-13T19:36:32.842-0700][1256 ][info ][gc,phases   ] GC(154)   Pre Evacuate Collection Set: 0.8ms
[2025-10-13T19:36:32.842-0700][1256 ][info ][gc,phases   ] GC(154)   Merge Heap Roots: 12.7ms
[2025-10-13T19:36:32.842-0700][1256 ][info ][gc,phases   ] GC(154)   Evacuate Collection Set: 137.0ms
[2025-10-13T19:36:32.842-0700][1256 ][info ][gc,phases   ] GC(154)   Post Evacuate Collection Set: 14.6ms
[2025-10-13T19:36:32.842-0700][1256 ][info ][gc,phases   ] GC(154)   Other: 0.2ms
[2025-10-13T19:36:32.842-0700][1256 ][debug][gc,remset   ] GC(154) Coarsening (recent): Inline->AoC 39095 (0) AoC->Howl 307 (0) Howl->Full 0 (0) Inline->AoC 1314 (0) AoC->BitMap 185 (0) BitMap->Full 0 (0) 
[2025-10-13T19:36:32.842-0700][1256 ][debug][gc,remset   ] GC(154) Coarsening (all): Inline->AoC 4114948 (95) AoC->Howl 65363 (366) Howl->Full 0 (0) Inline->AoC 253991 (108) AoC->BitMap 78182 (302) BitMap->Full 13 (0) 
[2025-10-13T19:36:32.842-0700][1256 ][info ][gc,heap     ] GC(154) Eden regions: 2369->0(2478)
[2025-10-13T19:36:32.842-0700][1256 ][info ][gc,heap     ] GC(154) Survivor regions: 201->194(322)
[2025-10-13T19:36:32.842-0700][1256 ][info ][gc,heap     ] GC(154) Old regions: 1087->1024
[2025-10-13T19:36:32.842-0700][1256 ][info ][gc,heap     ] GC(154) Humongous regions: 15->1
[2025-10-13T19:36:32.842-0700][1256 ][info ][gc,metaspace] GC(154) Metaspace: 318374K(324160K)->318374K(324160K) NonClass: 280157K(283200K)->280157K(283200K) Class: 38217K(40960K)->38217K(40960K)
[2025-10-13T19:36:32.842-0700][1256 ][info ][gc          ] GC(154) Pause Young (Mixed) (G1 Evacuation Pause) 117482M->38966M(184320M) 165.483ms
[2025-10-13T19:36:32.844-0700][1256 ][info ][gc,cpu      ] GC(154) User=15.09s Sys=0.35s Real=0.17s
[2025-10-13T19:36:32.845-0700][1256 ][info ][safepoint   ] Safepoint "G1CollectForAllocation", Time since last: 1201761555 ns, Reaching safepoint: 1057562 ns, Cleanup: 5418 ns, At safepoint: 170395035 ns, Total: 171458015 ns
[2025-10-13T19:36:34.846-0700][1256 ][info ][safepoint   ] Safepoint "Cleanup", Time since last: 2000159638 ns, Reaching safepoint: 828115 ns, Cleanup: 22434 ns, At safepoint: 246924 ns, Total: 1097473 ns
[2025-10-13T19:36:35.849-0700][1256 ][info ][safepoint   ] Safepoint "Cleanup", Time since last: 1000107431 ns, Reaching safepoint: 986084 ns, Cleanup: 20541 ns, At safepoint: 1242963 ns, Total: 2249588 ns
[2025-10-13T19:36:37.850-0700][1256 ][info ][safepoint   ] Safepoint "Cleanup", Time since last: 2000186829 ns, Reaching safepoint: 924741 ns, Cleanup: 12459 ns, At safepoint: 598827 ns, Total: 1536027 ns
[2025-10-13T19:36:39.668-0700][1256 ][info ][gc,start    ] GC(155) Pause Young (Mixed) (G1 Evacuation Pause)
[2025-10-13T19:36:39.668-0700][1256 ][info ][gc,task     ] GC(155) Using 113 workers of 113 for evacuation
[2025-10-13T19:36:39.682-0700][1256 ][debug][gc,remset   ] GC(155) Visited cards 13051392 Total dirty 59637760 (21.88%) Total old 443482112 (2.94%)
[2025-10-13T19:36:39.862-0700][1256 ][info ][gc,phases   ] GC(155)   Pre Evacuate Collection Set: 0.8ms
[2025-10-13T19:36:39.862-0700][1256 ][info ][gc,phases   ] GC(155)   Merge Heap Roots: 12.8ms
[2025-10-13T19:36:39.862-0700][1256 ][info ][gc,phases   ] GC(155)   Evacuate Collection Set: 162.4ms
[2025-10-13T19:36:39.862-0700][1256 ][info ][gc,phases   ] GC(155)   Post Evacuate Collection Set: 17.8ms
[2025-10-13T19:36:39.862-0700][1256 ][info ][gc,phases   ] GC(155)   Other: 0.2ms
[2025-10-13T19:36:39.862-0700][1256 ][debug][gc,remset   ] GC(155) Coarsening (recent): Inline->AoC 44446 (0) AoC->Howl 279 (0) Howl->Full 0 (0) Inline->AoC 1125 (0) AoC->BitMap 190 (0) BitMap->Full 0 (0) 
[2025-10-13T19:36:39.862-0700][1256 ][debug][gc,remset   ] GC(155) Coarsening (all): Inline->AoC 4159394 (95) AoC->Howl 65642 (366) Howl->Full 0 (0) Inline->AoC 255116 (108) AoC->BitMap 78372 (302) BitMap->Full 13 (0) 
[2025-10-13T19:36:39.862-0700][1256 ][info ][gc,heap     ] GC(155) Eden regions: 2618->0(1066)
[2025-10-13T19:36:39.862-0700][1256 ][info ][gc,heap     ] GC(155) Survivor regions: 194->251(352)
[2025-10-13T19:36:39.862-0700][1256 ][info ][gc,heap     ] GC(155) Old regions: 1024->937
[2025-10-13T19:36:39.862-0700][1256 ][info ][gc,heap     ] GC(155) Humongous regions: 21->0
[2025-10-13T19:36:39.862-0700][1256 ][info ][gc,metaspace] GC(155) Metaspace: 318393K(324160K)->318393K(324160K) NonClass: 280173K(283200K)->280173K(283200K) Class: 38220K(40960K)->38220K(40960K)
[2025-10-13T19:36:39.862-0700][1256 ][info ][gc          ] GC(155) Pause Young (Mixed) (G1 Evacuation Pause) 123382M->38003M(184320M) 194.171ms
[2025-10-13T19:36:39.864-0700][1256 ][info ][gc,cpu      ] GC(155) User=17.88s Sys=0.17s Real=0.20s
[2025-10-13T19:36:39.865-0700][1256 ][info ][safepoint   ] Safepoint "G1CollectForAllocation", Time since last: 1814491344 ns, Reaching safepoint: 1200899 ns, Cleanup: 6971 ns, At safepoint: 198765767 ns, Total: 199973637 ns
[2025-10-13T19:36:40.867-0700][1256 ][info ][safepoint   ] Safepoint "Cleanup", Time since last: 1000088903 ns, Reaching safepoint: 1492982 ns, Cleanup: 17006 ns, At safepoint: 247264 ns, Total: 1757252 ns
[2025-10-13T19:36:41.868-0700][1256 ][info ][safepoint   ] Safepoint "Cleanup", Time since last: 1000104717 ns, Reaching safepoint: 804068 ns, Cleanup: 18739 ns, At safepoint: 294255 ns, Total: 1117062 ns
[2025-10-13T19:36:42.881-0700][1256 ][info ][safepoint   ] Safepoint "Cleanup", Time since last: 1000107091 ns, Reaching safepoint: 11347952 ns, Cleanup: 20271 ns, At safepoint: 1905367 ns, Total: 13273590 ns
[2025-10-13T19:36:43.474-0700][1256 ][info ][gc,start    ] GC(156) Pause Young (Mixed) (G1 Evacuation Pause)
[2025-10-13T19:36:43.474-0700][1256 ][info ][gc,task     ] GC(156) Using 113 workers of 113 for evacuation
[2025-10-13T19:36:43.487-0700][1256 ][debug][gc,remset   ] GC(156) Visited cards 13550592 Total dirty 53411840 (25.37%) Total old 289538048 (4.68%)
[2025-10-13T19:36:43.691-0700][1256 ][info ][gc,mmu      ] GC(156) MMU target violated: 201.0ms (200.0ms/201.0ms)
[2025-10-13T19:36:43.691-0700][1256 ][info ][gc,phases   ] GC(156)   Pre Evacuate Collection Set: 0.8ms
[2025-10-13T19:36:43.691-0700][1256 ][info ][gc,phases   ] GC(156)   Merge Heap Roots: 12.2ms
[2025-10-13T19:36:43.691-0700][1256 ][info ][gc,phases   ] GC(156)   Evacuate Collection Set: 193.0ms
[2025-10-13T19:36:43.691-0700][1256 ][info ][gc,phases   ] GC(156)   Post Evacuate Collection Set: 10.5ms
[2025-10-13T19:36:43.691-0700][1256 ][info ][gc,phases   ] GC(156)   Other: 0.2ms
[2025-10-13T19:36:43.691-0700][1256 ][debug][gc,remset   ] GC(156) Coarsening (recent): Inline->AoC 33896 (0) AoC->Howl 264 (0) Howl->Full 0 (0) Inline->AoC 1156 (0) AoC->BitMap 150 (0) BitMap->Full 0 (0) 
[2025-10-13T19:36:43.691-0700][1256 ][debug][gc,remset   ] GC(156) Coarsening (all): Inline->AoC 4193290 (95) AoC->Howl 65906 (366) Howl->Full 0 (0) Inline->AoC 256272 (108) AoC->BitMap 78522 (302) BitMap->Full 13 (0) 
[2025-10-13T19:36:43.691-0700][1256 ][info ][gc,heap     ] GC(156) Eden regions: 1438->0(3317)
[2025-10-13T19:36:43.691-0700][1256 ][info ][gc,heap     ] GC(156) Survivor regions: 251->139(212)
[2025-10-13T19:36:43.691-0700][1256 ][info ][gc,heap     ] GC(156) Old regions: 937->997
[2025-10-13T19:36:43.691-0700][1256 ][info ][gc,heap     ] GC(156) Humongous regions: 8->0
[2025-10-13T19:36:43.691-0700][1256 ][info ][gc,metaspace] GC(156) Metaspace: 318405K(324224K)->318405K(324224K) NonClass: 280183K(283264K)->280183K(283264K) Class: 38221K(40960K)->38221K(40960K)
[2025-10-13T19:36:43.691-0700][1256 ][info ][gc          ] GC(156) Pause Young (Mixed) (G1 Evacuation Pause) 84275M->36315M(184320M) 216.768ms
[2025-10-13T19:36:43.693-0700][1256 ][info ][gc,cpu      ] GC(156) User=18.94s Sys=0.12s Real=0.22s
[2025-10-13T19:36:43.694-0700][1256 ][info ][safepoint   ] Safepoint "G1CollectForAllocation", Time since last: 590095357 ns, Reaching safepoint: 969058 ns, Cleanup: 12409 ns, At safepoint: 221537077 ns, Total: 222518544 ns
[2025-10-13T19:36:44.697-0700][1256 ][info ][safepoint   ] Safepoint "Cleanup", Time since last: 1000094571 ns, Reaching safepoint: 2218932 ns, Cleanup: 17526 ns, At safepoint: 692570 ns, Total: 2929028 ns
[2025-10-13T19:36:46.698-0700][1256 ][info ][safepoint   ] Safepoint "Cleanup", Time since last: 2000181381 ns, Reaching safepoint: 809436 ns, Cleanup: 12168 ns, At safepoint: 193804 ns, Total: 1015408 ns
[2025-10-13T19:36:47.699-0700][1256 ][info ][safepoint   ] Safepoint "Cleanup", Time since last: 1000091557 ns, Reaching safepoint: 871820 ns, Cleanup: 23987 ns, At safepoint: 362189 ns, Total: 1257996 ns
[2025-10-13T19:36:48.705-0700][1256 ][info ][safepoint   ] Safepoint "Cleanup", Time since last: 1000113039 ns, Reaching safepoint: 4029825 ns, Cleanup: 16836 ns, At safepoint: 1848350 ns, Total: 5895011 ns
[2025-10-13T19:36:50.707-0700][1256 ][info ][safepoint   ] Safepoint "Cleanup", Time since last: 2000151616 ns, Reaching safepoint: 847885 ns, Cleanup: 19930 ns, At safepoint: 716175 ns, Total: 1583990 ns
[2025-10-13T19:36:51.709-0700][1256 ][info ][safepoint   ] Safepoint "Cleanup", Time since last: 1000108232 ns, Reaching safepoint: 846352 ns, Cleanup: 28693 ns, At safepoint: 1034778 ns, Total: 1909823 ns
[2025-10-13T19:36:52.711-0700][1256 ][info ][safepoint   ] Safepoint "Cleanup", Time since last: 1000109434 ns, Reaching safepoint: 887184 ns, Cleanup: 24828 ns, At safepoint: 968978 ns, Total: 1880990 ns
[2025-10-13T19:36:53.714-0700][1256 ][info ][safepoint   ] Safepoint "Cleanup", Time since last: 1000116735 ns, Reaching safepoint: 1004351 ns, Cleanup: 20852 ns, At safepoint: 1292508 ns, Total: 2317711 ns
[2025-10-13T19:36:54.716-0700][1256 ][info ][safepoint   ] Safepoint "Cleanup", Time since last: 1000122103 ns, Reaching safepoint: 1064243 ns, Cleanup: 53931 ns, At safepoint: 1028499 ns, Total: 2146673 ns
[2025-10-13T19:36:54.944-0700][1256 ][info ][gc,start    ] GC(157) Pause Young (Normal) (G1 Evacuation Pause)
[2025-10-13T19:36:54.944-0700][1256 ][info ][gc,task     ] GC(157) Using 113 workers of 113 for evacuation
[2025-10-13T19:36:54.959-0700][1256 ][debug][gc,remset   ] GC(157) Visited cards 8908032 Total dirty 60227584 (14.79%) Total old 520224768 (1.71%)
[2025-10-13T19:36:55.100-0700][1256 ][info ][gc,phases   ] GC(157)   Pre Evacuate Collection Set: 0.7ms
[2025-10-13T19:36:55.100-0700][1256 ][info ][gc,phases   ] GC(157)   Merge Heap Roots: 14.2ms
[2025-10-13T19:36:55.100-0700][1256 ][info ][gc,phases   ] GC(157)   Evacuate Collection Set: 125.9ms
[2025-10-13T19:36:55.100-0700][1256 ][info ][gc,phases   ] GC(157)   Post Evacuate Collection Set: 14.5ms
[2025-10-13T19:36:55.100-0700][1256 ][info ][gc,phases   ] GC(157)   Other: 0.2ms
[2025-10-13T19:36:55.100-0700][1256 ][debug][gc,remset   ] GC(157) Coarsening (recent): Inline->AoC 37011 (0) AoC->Howl 111 (0) Howl->Full 0 (0) Inline->AoC 306 (0) AoC->BitMap 88 (0) BitMap->Full 0 (0) 
[2025-10-13T19:36:55.100-0700][1256 ][debug][gc,remset   ] GC(157) Coarsening (all): Inline->AoC 4230301 (95) AoC->Howl 66017 (366) Howl->Full 0 (0) Inline->AoC 256578 (108) AoC->BitMap 78610 (302) BitMap->Full 13 (0) 
[2025-10-13T19:36:55.100-0700][1256 ][info ][gc,heap     ] GC(157) Eden regions: 3317->0(2790)
[2025-10-13T19:36:55.100-0700][1256 ][info ][gc,heap     ] GC(157) Survivor regions: 139->201(432)
[2025-10-13T19:36:55.100-0700][1256 ][info ][gc,heap     ] GC(157) Old regions: 997->997
[2025-10-13T19:36:55.100-0700][1256 ][info ][gc,heap     ] GC(157) Humongous regions: 29->0
[2025-10-13T19:36:55.100-0700][1256 ][info ][gc,metaspace] GC(157) Metaspace: 318458K(324224K)->318458K(324224K) NonClass: 280230K(283264K)->280230K(283264K) Class: 38228K(40960K)->38228K(40960K)
[2025-10-13T19:36:55.100-0700][1256 ][info ][gc          ] GC(157) Pause Young (Normal) (G1 Evacuation Pause) 143387M->38290M(184320M) 155.713ms
[2025-10-13T19:36:55.101-0700][1256 ][info ][gc,cpu      ] GC(157) User=14.58s Sys=0.31s Real=0.16s
[2025-10-13T19:36:55.103-0700][1256 ][info ][safepoint   ] Safepoint "G1CollectForAllocation", Time since last: 225400730 ns, Reaching safepoint: 904070 ns, Cleanup: 4427 ns, At safepoint: 160413502 ns, Total: 161321999 ns
[2025-10-13T19:36:56.105-0700][1256 ][info ][safepoint   ] Safepoint "Cleanup", Time since last: 1000085287 ns, Reaching safepoint: 1650411 ns, Cleanup: 13440 ns, At safepoint: 365915 ns, Total: 2029766 ns
[2025-10-13T19:36:57.115-0700][1256 ][info ][safepoint   ] Safepoint "Cleanup", Time since last: 1000107070 ns, Reaching safepoint: 8162026 ns, Cleanup: 46550 ns, At safepoint: 2034513 ns, Total: 10243089 ns
[2025-10-13T19:36:58.117-0700][1256 ][info ][safepoint   ] Safepoint "Cleanup", Time since last: 1000094271 ns, Reaching safepoint: 886903 ns, Cleanup: 40652 ns, At safepoint: 1070492 ns, Total: 1998047 ns
[2025-10-13T19:36:59.119-0700][1256 ][info ][safepoint   ] Safepoint "Cleanup", Time since last: 1000115392 ns, Reaching safepoint: 810796 ns, Cleanup: 19980 ns, At safepoint: 774151 ns, Total: 1604927 ns
[2025-10-13T19:37:00.138-0700][1256 ][info ][safepoint   ] Safepoint "Cleanup", Time since last: 1000125042 ns, Reaching safepoint: 16798435 ns, Cleanup: 24156 ns, At safepoint: 1944631 ns, Total: 18767222 ns
[2025-10-13T19:37:01.143-0700][1256 ][info ][safepoint   ] Safepoint "Cleanup", Time since last: 1000164421 ns, Reaching safepoint: 1386017 ns, Cleanup: 15423 ns, At safepoint: 3490048 ns, Total: 4891488 ns
[2025-10-13T19:37:02.145-0700][1256 ][info ][safepoint   ] Safepoint "Cleanup", Time since last: 1000126154 ns, Reaching safepoint: 1255488 ns, Cleanup: 14252 ns, At safepoint: 1226455 ns, Total: 2496195 ns
[2025-10-13T19:37:03.603-0700][1256 ][info ][safepoint   ] Safepoint "Cleanup", Time since last: 1456049571 ns, Reaching safepoint: 896386 ns, Cleanup: 15303 ns, At safepoint: 223688 ns, Total: 1135377 ns
[2025-10-13T19:37:03.793-0700][1256 ][info ][gc,start    ] GC(158) Pause Young (Normal) (G1 Evacuation Pause)
[2025-10-13T19:37:03.793-0700][1256 ][info ][gc,task     ] GC(158) Using 113 workers of 113 for evacuation
[2025-10-13T19:37:03.807-0700][1256 ][debug][gc,remset   ] GC(158) Visited cards 8952576 Total dirty 60489728 (14.80%) Total old 457310208 (1.96%)
[2025-10-13T19:37:03.977-0700][1256 ][info ][gc,phases   ] GC(158)   Pre Evacuate Collection Set: 0.7ms
[2025-10-13T19:37:03.977-0700][1256 ][info ][gc,phases   ] GC(158)   Merge Heap Roots: 13.6ms
[2025-10-13T19:37:03.977-0700][1256 ][info ][gc,phases   ] GC(158)   Evacuate Collection Set: 154.2ms
[2025-10-13T19:37:03.977-0700][1256 ][info ][gc,phases   ] GC(158)   Post Evacuate Collection Set: 16.1ms
[2025-10-13T19:37:03.977-0700][1256 ][info ][gc,phases   ] GC(158)   Other: 0.2ms
[2025-10-13T19:37:03.977-0700][1256 ][debug][gc,remset   ] GC(158) Coarsening (recent): Inline->AoC 55276 (0) AoC->Howl 137 (0) Howl->Full 0 (0) Inline->AoC 659 (0) AoC->BitMap 92 (0) BitMap->Full 0 (0) 
[2025-10-13T19:37:03.978-0700][1256 ][debug][gc,remset   ] GC(158) Coarsening (all): Inline->AoC 4285577 (95) AoC->Howl 66154 (366) Howl->Full 0 (0) Inline->AoC 257237 (108) AoC->BitMap 78702 (302) BitMap->Full 13 (0) 
[2025-10-13T19:37:03.978-0700][1256 ][info ][gc,heap     ] GC(158) Eden regions: 2781->0(2042)
[2025-10-13T19:37:03.978-0700][1256 ][info ][gc,heap     ] GC(158) Survivor regions: 201->245(373)
[2025-10-13T19:37:03.978-0700][1256 ][info ][gc,heap     ] GC(158) Old regions: 997->997
[2025-10-13T19:37:03.978-0700][1256 ][info ][gc,heap     ] GC(158) Humongous regions: 17->0
[2025-10-13T19:37:03.978-0700][1256 ][info ][gc,metaspace] GC(158) Metaspace: 318623K(324416K)->318623K(324416K) NonClass: 280380K(283456K)->280380K(283456K) Class: 38242K(40960K)->38242K(40960K)
[2025-10-13T19:37:03.978-0700][1256 ][info ][gc          ] GC(158) Pause Young (Normal) (G1 Evacuation Pause) 127826M->39714M(184320M) 184.916ms
[2025-10-13T19:37:03.979-0700][1256 ][info ][gc,cpu      ] GC(158) User=17.05s Sys=0.32s Real=0.18s
[2025-10-13T19:37:03.981-0700][1256 ][info ][safepoint   ] Safepoint "G1CollectForAllocation", Time since last: 187276265 ns, Reaching safepoint: 1030368 ns, Cleanup: 4597 ns, At safepoint: 189570413 ns, Total: 190605378 ns
[2025-10-13T19:37:04.982-0700][1256 ][info ][safepoint   ] Safepoint "Cleanup", Time since last: 1000100766 ns, Reaching safepoint: 810606 ns, Cleanup: 10435 ns, At safepoint: 265201 ns, Total: 1086242 ns
[2025-10-13T19:37:05.986-0700][1256 ][info ][safepoint   ] Safepoint "Cleanup", Time since last: 1000103380 ns, Reaching safepoint: 2907607 ns, Cleanup: 12108 ns, At safepoint: 901113 ns, Total: 3820828 ns
[2025-10-13T19:37:06.988-0700][1256 ][info ][safepoint   ] Safepoint "Cleanup", Time since last: 1000117601 ns, Reaching safepoint: 823545 ns, Cleanup: 29905 ns, At safepoint: 885530 ns, Total: 1738980 ns
[2025-10-13T19:37:07.990-0700][1256 ][info ][safepoint   ] Safepoint "Cleanup", Time since last: 1000117791 ns, Reaching safepoint: 1024339 ns, Cleanup: 15974 ns, At safepoint: 856125 ns, Total: 1896438 ns
[2025-10-13T19:37:09.991-0700][1256 ][info ][safepoint   ] Safepoint "Cleanup", Time since last: 2000179477 ns, Reaching safepoint: 850997 ns, Cleanup: 19009 ns, At safepoint: 497602 ns, Total: 1367608 ns
[2025-10-13T19:37:10.743-0700][1256 ][info ][gc,start    ] GC(159) Pause Young (Normal) (G1 Evacuation Pause)
[2025-10-13T19:37:10.743-0700][1256 ][info ][gc,task     ] GC(159) Using 113 workers of 113 for evacuation
[2025-10-13T19:37:10.756-0700][1256 ][debug][gc,remset   ] GC(159) Visited cards 8957952 Total dirty 60489728 (14.81%) Total old 392757248 (2.28%)
[2025-10-13T19:37:10.922-0700][1256 ][info ][gc,phases   ] GC(159)   Pre Evacuate Collection Set: 0.7ms
[2025-10-13T19:37:10.922-0700][1256 ][info ][gc,phases   ] GC(159)   Merge Heap Roots: 12.3ms
[2025-10-13T19:37:10.922-0700][1256 ][info ][gc,phases   ] GC(159)   Evacuate Collection Set: 151.3ms
[2025-10-13T19:37:10.922-0700][1256 ][info ][gc,phases   ] GC(159)   Post Evacuate Collection Set: 14.3ms
[2025-10-13T19:37:10.922-0700][1256 ][info ][gc,phases   ] GC(159)   Other: 0.2ms
[2025-10-13T19:37:10.922-0700][1256 ][debug][gc,remset   ] GC(159) Coarsening (recent): Inline->AoC 29286 (0) AoC->Howl 143 (0) Howl->Full 0 (0) Inline->AoC 558 (0) AoC->BitMap 110 (0) BitMap->Full 0 (0) 
[2025-10-13T19:37:10.922-0700][1256 ][debug][gc,remset   ] GC(159) Coarsening (all): Inline->AoC 4314863 (95) AoC->Howl 66297 (366) Howl->Full 0 (0) Inline->AoC 257795 (108) AoC->BitMap 78812 (302) BitMap->Full 13 (0) 
[2025-10-13T19:37:10.922-0700][1256 ][info ][gc,heap     ] GC(159) Eden regions: 2246->0(3264)
[2025-10-13T19:37:10.922-0700][1256 ][info ][gc,heap     ] GC(159) Survivor regions: 245->192(312)
[2025-10-13T19:37:10.922-0700][1256 ][info ][gc,heap     ] GC(159) Old regions: 997->1074
[2025-10-13T19:37:10.922-0700][1256 ][info ][gc,heap     ] GC(159) Humongous regions: 14->0
[2025-10-13T19:37:10.922-0700][1256 ][info ][gc,metaspace] GC(159) Metaspace: 318676K(324480K)->318676K(324480K) NonClass: 280427K(283520K)->280427K(283520K) Class: 38248K(40960K)->38248K(40960K)
[2025-10-13T19:37:10.922-0700][1256 ][info ][gc          ] GC(159) Pause Young (Normal) (G1 Evacuation Pause) 112034M->40505M(184320M) 178.841ms
[2025-10-13T19:37:10.924-0700][1256 ][info ][gc,cpu      ] GC(159) User=17.01s Sys=0.15s Real=0.18s
[2025-10-13T19:37:10.925-0700][1256 ][info ][safepoint   ] Safepoint "G1CollectForAllocation", Time since last: 749303757 ns, Reaching safepoint: 926902 ns, Cleanup: 15834 ns, At safepoint: 183377077 ns, Total: 184319813 ns
[2025-10-13T19:37:11.932-0700][1256 ][info ][safepoint   ] Safepoint "Cleanup", Time since last: 1000079473 ns, Reaching safepoint: 5685418 ns, Cleanup: 14132 ns, At safepoint: 1215368 ns, Total: 6914918 ns
[2025-10-13T19:37:13.933-0700][1256 ][info ][safepoint   ] Safepoint "Cleanup", Time since last: 2000170944 ns, Reaching safepoint: 833140 ns, Cleanup: 10606 ns, At safepoint: 586507 ns, Total: 1430253 ns
[2025-10-13T19:37:16.935-0700][1256 ][info ][safepoint   ] Safepoint "Cleanup", Time since last: 3000274404 ns, Reaching safepoint: 965891 ns, Cleanup: 22854 ns, At safepoint: 483902 ns, Total: 1472647 ns
[2025-10-13T19:37:17.937-0700][1256 ][info ][safepoint   ] Safepoint "Cleanup", Time since last: 1000120886 ns, Reaching safepoint: 892489 ns, Cleanup: 19870 ns, At safepoint: 842685 ns, Total: 1755044 ns
[2025-10-13T19:37:18.939-0700][1256 ][info ][safepoint   ] Safepoint "Cleanup", Time since last: 1000113945 ns, Reaching safepoint: 927733 ns, Cleanup: 17046 ns, At safepoint: 1081225 ns, Total: 2026004 ns
[2025-10-13T19:37:20.941-0700][1256 ][info ][safepoint   ] Safepoint "Cleanup", Time since last: 2000199858 ns, Reaching safepoint: 972942 ns, Cleanup: 19229 ns, At safepoint: 830155 ns, Total: 1822326 ns
[2025-10-13T19:37:21.457-0700][1256 ][info ][gc,start    ] GC(160) Pause Young (Normal) (G1 Evacuation Pause)
[2025-10-13T19:37:21.457-0700][1256 ][info ][gc,task     ] GC(160) Using 113 workers of 113 for evacuation
[2025-10-13T19:37:21.470-0700][1256 ][debug][gc,remset   ] GC(160) Visited cards 9264896 Total dirty 65536000 (14.14%) Total old 520880128 (1.78%)
[2025-10-13T19:37:21.655-0700][1256 ][info ][gc,phases   ] GC(160)   Pre Evacuate Collection Set: 0.7ms
[2025-10-13T19:37:21.655-0700][1256 ][info ][gc,phases   ] GC(160)   Merge Heap Roots: 13.1ms
[2025-10-13T19:37:21.655-0700][1256 ][info ][gc,phases   ] GC(160)   Evacuate Collection Set: 167.9ms
[2025-10-13T19:37:21.655-0700][1256 ][info ][gc,phases   ] GC(160)   Post Evacuate Collection Set: 16.6ms
[2025-10-13T19:37:21.655-0700][1256 ][info ][gc,phases   ] GC(160)   Other: 0.2ms
[2025-10-13T19:37:21.655-0700][1256 ][debug][gc,remset   ] GC(160) Coarsening (recent): Inline->AoC 59966 (0) AoC->Howl 152 (0) Howl->Full 0 (0) Inline->AoC 501 (0) AoC->BitMap 118 (0) BitMap->Full 0 (0) 
[2025-10-13T19:37:21.655-0700][1256 ][debug][gc,remset   ] GC(160) Coarsening (all): Inline->AoC 4374829 (95) AoC->Howl 66449 (366) Howl->Full 0 (0) Inline->AoC 258296 (108) AoC->BitMap 78930 (302) BitMap->Full 13 (0) 
[2025-10-13T19:37:21.655-0700][1256 ][info ][gc,heap     ] GC(160) Eden regions: 3235->0(1811)
[2025-10-13T19:37:21.655-0700][1256 ][info ][gc,heap     ] GC(160) Survivor regions: 192->256(429)
[2025-10-13T19:37:21.655-0700][1256 ][info ][gc,heap     ] GC(160) Old regions: 1074->1074
[2025-10-13T19:37:21.655-0700][1256 ][info ][gc,heap     ] GC(160) Humongous regions: 20->0
[2025-10-13T19:37:21.655-0700][1256 ][info ][gc,metaspace] GC(160) Metaspace: 318779K(324608K)->318779K(324608K) NonClass: 280524K(283648K)->280524K(283648K) Class: 38254K(40960K)->38254K(40960K)
[2025-10-13T19:37:21.655-0700][1256 ][info ][gc          ] GC(160) Pause Young (Normal) (G1 Evacuation Pause) 144665M->42537M(184320M) 198.512ms
[2025-10-13T19:37:21.657-0700][1256 ][info ][gc,cpu      ] GC(160) User=18.27s Sys=0.37s Real=0.20s
[2025-10-13T19:37:21.658-0700][1256 ][info ][safepoint   ] Safepoint "G1CollectForAllocation", Time since last: 512589296 ns, Reaching safepoint: 1174967 ns, Cleanup: 14081 ns, At safepoint: 203223131 ns, Total: 204412179 ns
[2025-10-13T19:37:22.659-0700][1256 ][info ][safepoint   ] Safepoint "Cleanup", Time since last: 1000097370 ns, Reaching safepoint: 812539 ns, Cleanup: 13280 ns, At safepoint: 160433 ns, Total: 986252 ns
[2025-10-13T19:37:23.660-0700][1256 ][info ][safepoint   ] Safepoint "Cleanup", Time since last: 1000117490 ns, Reaching safepoint: 923096 ns, Cleanup: 32590 ns, At safepoint: 237719 ns, Total: 1193405 ns
[2025-10-13T19:37:24.662-0700][1256 ][info ][safepoint   ] Safepoint "Cleanup", Time since last: 1000107936 ns, Reaching safepoint: 713560 ns, Cleanup: 13109 ns, At safepoint: 188345 ns, Total: 915014 ns
[2025-10-13T19:37:25.663-0700][1256 ][info ][safepoint   ] Safepoint "Cleanup", Time since last: 1000104631 ns, Reaching safepoint: 925530 ns, Cleanup: 16695 ns, At safepoint: 367606 ns, Total: 1309831 ns
[2025-10-13T19:37:26.664-0700][1256 ][info ][safepoint   ] Safepoint "Cleanup", Time since last: 1000135218 ns, Reaching safepoint: 889475 ns, Cleanup: 13360 ns, At safepoint: 427827 ns, Total: 1330662 ns
[2025-10-13T19:37:27.621-0700][1256 ][info ][gc,start    ] GC(161) Pause Young (Normal) (G1 Evacuation Pause)
[2025-10-13T19:37:27.621-0700][1256 ][info ][gc,task     ] GC(161) Using 113 workers of 113 for evacuation
[2025-10-13T19:37:27.635-0700][1256 ][debug][gc,remset   ] GC(161) Visited cards 9290752 Total dirty 65601536 (14.16%) Total old 358547456 (2.59%)
[2025-10-13T19:37:27.821-0700][1256 ][info ][gc,phases   ] GC(161)   Pre Evacuate Collection Set: 0.8ms
[2025-10-13T19:37:27.821-0700][1256 ][info ][gc,phases   ] GC(161)   Merge Heap Roots: 12.8ms
[2025-10-13T19:37:27.821-0700][1256 ][info ][gc,phases   ] GC(161)   Evacuate Collection Set: 174.1ms
[2025-10-13T19:37:27.821-0700][1256 ][info ][gc,phases   ] GC(161)   Post Evacuate Collection Set: 11.8ms
[2025-10-13T19:37:27.821-0700][1256 ][info ][gc,phases   ] GC(161)   Other: 0.1ms
[2025-10-13T19:37:27.821-0700][1256 ][debug][gc,remset   ] GC(161) Coarsening (recent): Inline->AoC 34871 (0) AoC->Howl 121 (0) Howl->Full 0 (0) Inline->AoC 503 (0) AoC->BitMap 69 (0) BitMap->Full 0 (0) 
[2025-10-13T19:37:27.821-0700][1256 ][debug][gc,remset   ] GC(161) Coarsening (all): Inline->AoC 4409700 (95) AoC->Howl 66570 (366) Howl->Full 0 (0) Inline->AoC 258799 (108) AoC->BitMap 78999 (302) BitMap->Full 13 (0) 
[2025-10-13T19:37:27.821-0700][1256 ][info ][gc,heap     ] GC(161) Eden regions: 1933->0(3268)
[2025-10-13T19:37:27.821-0700][1256 ][info ][gc,heap     ] GC(161) Survivor regions: 256->188(274)
[2025-10-13T19:37:27.821-0700][1256 ][info ][gc,heap     ] GC(161) Old regions: 1074->1176
[2025-10-13T19:37:27.821-0700][1256 ][info ][gc,heap     ] GC(161) Humongous regions: 19->0
[2025-10-13T19:37:27.821-0700][1256 ][info ][gc,metaspace] GC(161) Metaspace: 318970K(324864K)->318970K(324864K) NonClass: 280697K(283840K)->280697K(283840K) Class: 38272K(41024K)->38272K(41024K)
[2025-10-13T19:37:27.821-0700][1256 ][info ][gc          ] GC(161) Pause Young (Normal) (G1 Evacuation Pause) 105001M->43640M(184320M) 199.757ms
[2025-10-13T19:37:27.823-0700][1256 ][info ][gc,cpu      ] GC(161) User=18.56s Sys=0.25s Real=0.20s
[2025-10-13T19:37:27.824-0700][1256 ][info ][safepoint   ] Safepoint "G1CollectForAllocation", Time since last: 953775496 ns, Reaching safepoint: 1101326 ns, Cleanup: 53831 ns, At safepoint: 204725633 ns, Total: 205880790 ns
[2025-10-13T19:37:28.825-0700][1256 ][info ][safepoint   ] Safepoint "Cleanup", Time since last: 1000090300 ns, Reaching safepoint: 809264 ns, Cleanup: 17867 ns, At safepoint: 166752 ns, Total: 993883 ns
[2025-10-13T19:37:29.826-0700][1256 ][info ][safepoint   ] Safepoint "Cleanup", Time since last: 1000062968 ns, Reaching safepoint: 818318 ns, Cleanup: 15743 ns, At safepoint: 276529 ns, Total: 1110590 ns
[2025-10-13T19:37:30.829-0700][1256 ][info ][safepoint   ] Safepoint "Cleanup", Time since last: 1000096539 ns, Reaching safepoint: 918649 ns, Cleanup: 38548 ns, At safepoint: 1229450 ns, Total: 2186647 ns
[2025-10-13T19:37:31.830-0700][1256 ][info ][safepoint   ] Safepoint "Cleanup", Time since last: 1000115790 ns, Reaching safepoint: 788804 ns, Cleanup: 24708 ns, At safepoint: 404212 ns, Total: 1217724 ns
[2025-10-13T19:37:32.832-0700][1256 ][info ][safepoint   ] Safepoint "Cleanup", Time since last: 1000109961 ns, Reaching safepoint: 848145 ns, Cleanup: 16655 ns, At safepoint: 704837 ns, Total: 1569637 ns
[2025-10-13T19:37:38.939-0700][1256 ][info ][gc,start    ] GC(162) Pause Young (Normal) (G1 Evacuation Pause)
[2025-10-13T19:37:38.940-0700][1256 ][info ][gc,task     ] GC(162) Using 113 workers of 113 for evacuation
[2025-10-13T19:37:38.954-0700][1256 ][debug][gc,remset   ] GC(162) Visited cards 9363456 Total dirty 72155136 (12.98%) Total old 531234816 (1.76%)
[2025-10-13T19:37:39.109-0700][1256 ][info ][gc,phases   ] GC(162)   Pre Evacuate Collection Set: 0.8ms
[2025-10-13T19:37:39.109-0700][1256 ][info ][gc,phases   ] GC(162)   Merge Heap Roots: 13.6ms
[2025-10-13T19:37:39.109-0700][1256 ][info ][gc,phases   ] GC(162)   Evacuate Collection Set: 139.7ms
[2025-10-13T19:37:39.109-0700][1256 ][info ][gc,phases   ] GC(162)   Post Evacuate Collection Set: 15.6ms
[2025-10-13T19:37:39.109-0700][1256 ][info ][gc,phases   ] GC(162)   Other: 0.2ms
[2025-10-13T19:37:39.109-0700][1256 ][debug][gc,remset   ] GC(162) Coarsening (recent): Inline->AoC 51877 (0) AoC->Howl 123 (0) Howl->Full 0 (0) Inline->AoC 368 (0) AoC->BitMap 92 (0) BitMap->Full 0 (0) 
[2025-10-13T19:37:39.109-0700][1256 ][debug][gc,remset   ] GC(162) Coarsening (all): Inline->AoC 4461577 (95) AoC->Howl 66693 (366) Howl->Full 0 (0) Inline->AoC 259167 (108) AoC->BitMap 79091 (302) BitMap->Full 13 (0) 
[2025-10-13T19:37:39.109-0700][1256 ][info ][gc,heap     ] GC(162) Eden regions: 3268->0(2365)
[2025-10-13T19:37:39.109-0700][1256 ][info ][gc,heap     ] GC(162) Survivor regions: 188->240(432)
[2025-10-13T19:37:39.109-0700][1256 ][info ][gc,heap     ] GC(162) Old regions: 1176->1176
[2025-10-13T19:37:39.109-0700][1256 ][info ][gc,heap     ] GC(162) Humongous regions: 18->0
[2025-10-13T19:37:39.109-0700][1256 ][info ][gc,metaspace] GC(162) Metaspace: 319022K(324864K)->319022K(324864K) NonClass: 280741K(283840K)->280741K(283840K) Class: 38280K(41024K)->38280K(41024K)
[2025-10-13T19:37:39.109-0700][1256 ][info ][gc          ] GC(162) Pause Young (Normal) (G1 Evacuation Pause) 148792M->45288M(184320M) 170.011ms
[2025-10-13T19:37:39.111-0700][1256 ][info ][gc,cpu      ] GC(162) User=16.81s Sys=0.33s Real=0.18s
[2025-10-13T19:37:39.112-0700][1256 ][info ][safepoint   ] Safepoint "G1CollectForAllocation", Time since last: 6105253508 ns, Reaching safepoint: 917600 ns, Cleanup: 14542 ns, At safepoint: 174667223 ns, Total: 175599365 ns
[2025-10-13T19:37:43.121-0700][1256 ][info ][safepoint   ] Safepoint "Cleanup", Time since last: 4000271721 ns, Reaching safepoint: 7048173 ns, Cleanup: 13300 ns, At safepoint: 1595066 ns, Total: 8656539 ns
[2025-10-13T19:37:44.124-0700][1256 ][info ][safepoint   ] Safepoint "Cleanup", Time since last: 1000111333 ns, Reaching safepoint: 936779 ns, Cleanup: 20331 ns, At safepoint: 1471518 ns, Total: 2428628 ns
[2025-10-13T19:37:45.126-0700][1256 ][info ][safepoint   ] Safepoint "Cleanup", Time since last: 1000125074 ns, Reaching safepoint: 935757 ns, Cleanup: 27482 ns, At safepoint: 993605 ns, Total: 1956844 ns
[2025-10-13T19:37:47.684-0700][1256 ][info ][gc,start    ] GC(163) Pause Young (Normal) (G1 Evacuation Pause)
[2025-10-13T19:37:47.684-0700][1256 ][info ][gc,task     ] GC(163) Using 113 workers of 113 for evacuation
[2025-10-13T19:37:47.698-0700][1256 ][debug][gc,remset   ] GC(163) Visited cards 9414912 Total dirty 72286208 (13.02%) Total old 422117376 (2.23%)
[2025-10-13T19:37:47.865-0700][1256 ][info ][gc,phases   ] GC(163)   Pre Evacuate Collection Set: 0.7ms
[2025-10-13T19:37:47.865-0700][1256 ][info ][gc,phases   ] GC(163)   Merge Heap Roots: 13.4ms
[2025-10-13T19:37:47.865-0700][1256 ][info ][gc,phases   ] GC(163)   Evacuate Collection Set: 154.3ms
[2025-10-13T19:37:47.865-0700][1256 ][info ][gc,phases   ] GC(163)   Post Evacuate Collection Set: 12.7ms
[2025-10-13T19:37:47.865-0700][1256 ][info ][gc,phases   ] GC(163)   Other: 0.2ms
[2025-10-13T19:37:47.865-0700][1256 ][debug][gc,remset   ] GC(163) Coarsening (recent): Inline->AoC 50293 (0) AoC->Howl 123 (0) Howl->Full 0 (0) Inline->AoC 547 (0) AoC->BitMap 74 (0) BitMap->Full 0 (0) 
[2025-10-13T19:37:47.865-0700][1256 ][debug][gc,remset   ] GC(163) Coarsening (all): Inline->AoC 4511870 (95) AoC->Howl 66816 (366) Howl->Full 0 (0) Inline->AoC 259714 (108) AoC->BitMap 79165 (302) BitMap->Full 13 (0) 
[2025-10-13T19:37:47.865-0700][1256 ][info ][gc,heap     ] GC(163) Eden regions: 2383->0(3271)
[2025-10-13T19:37:47.865-0700][1256 ][info ][gc,heap     ] GC(163) Survivor regions: 240->185(328)
[2025-10-13T19:37:47.865-0700][1256 ][info ][gc,heap     ] GC(163) Old regions: 1176->1254
[2025-10-13T19:37:47.865-0700][1256 ][info ][gc,heap     ] GC(163) Humongous regions: 19->0
[2025-10-13T19:37:47.865-0700][1256 ][info ][gc,metaspace] GC(163) Metaspace: 319025K(324864K)->319025K(324864K) NonClass: 280744K(283840K)->280744K(283840K) Class: 38280K(41024K)->38280K(41024K)
[2025-10-13T19:37:47.865-0700][1256 ][info ][gc          ] GC(163) Pause Young (Normal) (G1 Evacuation Pause) 122152M->46037M(184320M) 181.520ms
[2025-10-13T19:37:47.867-0700][1256 ][info ][gc,cpu      ] GC(163) User=17.02s Sys=0.28s Real=0.18s
[2025-10-13T19:37:47.868-0700][1256 ][info ][safepoint   ] Safepoint "G1CollectForAllocation", Time since last: 2555333625 ns, Reaching safepoint: 894124 ns, Cleanup: 13030 ns, At safepoint: 186208761 ns, Total: 187115915 ns
[2025-10-13T19:37:51.870-0700][1256 ][info ][safepoint   ] Safepoint "Cleanup", Time since last: 4000277139 ns, Reaching safepoint: 704217 ns, Cleanup: 17176 ns, At safepoint: 152040 ns, Total: 873433 ns
[2025-10-13T19:37:52.871-0700][1256 ][info ][safepoint   ] Safepoint "Cleanup", Time since last: 1000111303 ns, Reaching safepoint: 894725 ns, Cleanup: 10877 ns, At safepoint: 392093 ns, Total: 1297695 ns
[2025-10-13T19:37:53.872-0700][1256 ][info ][safepoint   ] Safepoint "Cleanup", Time since last: 1000113277 ns, Reaching safepoint: 830688 ns, Cleanup: 24086 ns, At safepoint: 304632 ns, Total: 1159406 ns
[2025-10-13T19:37:54.874-0700][1256 ][info ][safepoint   ] Safepoint "Cleanup", Time since last: 1000119415 ns, Reaching safepoint: 1278527 ns, Cleanup: 29324 ns, At safepoint: 572407 ns, Total: 1880258 ns
[2025-10-13T19:37:55.876-0700][1256 ][info ][safepoint   ] Safepoint "Cleanup", Time since last: 1000118775 ns, Reaching safepoint: 1186907 ns, Cleanup: 11467 ns, At safepoint: 716235 ns, Total: 1914609 ns
[2025-10-13T19:37:56.588-0700][1256 ][info ][gc,start    ] GC(164) Pause Young (Normal) (G1 Evacuation Pause)
[2025-10-13T19:37:56.588-0700][1256 ][info ][gc,task     ] GC(164) Using 113 workers of 113 for evacuation
[2025-10-13T19:37:56.601-0700][1256 ][debug][gc,remset   ] GC(164) Visited cards 9673216 Total dirty 76677120 (12.62%) Total old 536150016 (1.80%)
[2025-10-13T19:37:56.779-0700][1256 ][info ][gc,phases   ] GC(164)   Pre Evacuate Collection Set: 0.7ms
[2025-10-13T19:37:56.779-0700][1256 ][info ][gc,phases   ] GC(164)   Merge Heap Roots: 12.4ms
[2025-10-13T19:37:56.779-0700][1256 ][info ][gc,phases   ] GC(164)   Evacuate Collection Set: 160.6ms
[2025-10-13T19:37:56.779-0700][1256 ][info ][gc,phases   ] GC(164)   Post Evacuate Collection Set: 17.2ms
[2025-10-13T19:37:56.779-0700][1256 ][info ][gc,phases   ] GC(164)   Other: 0.2ms
[2025-10-13T19:37:56.779-0700][1256 ][debug][gc,remset   ] GC(164) Coarsening (recent): Inline->AoC 57825 (0) AoC->Howl 128 (1) Howl->Full 0 (0) Inline->AoC 343 (1) AoC->BitMap 115 (0) BitMap->Full 0 (0) 
[2025-10-13T19:37:56.779-0700][1256 ][debug][gc,remset   ] GC(164) Coarsening (all): Inline->AoC 4569695 (95) AoC->Howl 66944 (367) Howl->Full 0 (0) Inline->AoC 260057 (109) AoC->BitMap 79280 (302) BitMap->Full 13 (0) 
[2025-10-13T19:37:56.779-0700][1256 ][info ][gc,heap     ] GC(164) Eden regions: 3271->0(2201)
[2025-10-13T19:37:56.779-0700][1256 ][info ][gc,heap     ] GC(164) Survivor regions: 185->254(432)
[2025-10-13T19:37:56.779-0700][1256 ][info ][gc,heap     ] GC(164) Old regions: 1254->1254
[2025-10-13T19:37:56.779-0700][1256 ][info ][gc,heap     ] GC(164) Humongous regions: 15->0
[2025-10-13T19:37:56.779-0700][1256 ][info ][gc,metaspace] GC(164) Metaspace: 319063K(324928K)->319063K(324928K) NonClass: 280777K(283904K)->280777K(283904K) Class: 38285K(41024K)->38285K(41024K)
[2025-10-13T19:37:56.779-0700][1256 ][info ][gc          ] GC(164) Pause Young (Normal) (G1 Evacuation Pause) 151189M->48229M(184320M) 191.220ms
[2025-10-13T19:37:56.781-0700][1256 ][info ][gc,cpu      ] GC(164) User=17.44s Sys=0.36s Real=0.20s
[2025-10-13T19:37:56.782-0700][1256 ][info ][safepoint   ] Safepoint "G1CollectForAllocation", Time since last: 708484816 ns, Reaching safepoint: 1135480 ns, Cleanup: 22263 ns, At safepoint: 195946267 ns, Total: 197104010 ns
[2025-10-13T19:37:57.783-0700][1256 ][info ][safepoint   ] Safepoint "Cleanup", Time since last: 1000103441 ns, Reaching safepoint: 837388 ns, Cleanup: 33561 ns, At safepoint: 391463 ns, Total: 1262412 ns
[2025-10-13T19:37:58.785-0700][1256 ][info ][safepoint   ] Safepoint "Cleanup", Time since last: 1000135811 ns, Reaching safepoint: 1013865 ns, Cleanup: 14091 ns, At safepoint: 505085 ns, Total: 1533041 ns
[2025-10-13T19:37:59.786-0700][1256 ][info ][safepoint   ] Safepoint "Cleanup", Time since last: 1000113644 ns, Reaching safepoint: 903016 ns, Cleanup: 19369 ns, At safepoint: 413896 ns, Total: 1336281 ns
[2025-10-13T19:38:00.788-0700][1256 ][info ][safepoint   ] Safepoint "Cleanup", Time since last: 1000106763 ns, Reaching safepoint: 815864 ns, Cleanup: 10506 ns, At safepoint: 382208 ns, Total: 1208578 ns
[2025-10-13T19:38:02.631-0700][1256 ][info ][safepoint   ] Safepoint "Cleanup", Time since last: 1842535000 ns, Reaching safepoint: 753741 ns, Cleanup: 17206 ns, At safepoint: 403370 ns, Total: 1174317 ns
[2025-10-13T19:38:02.836-0700][1256 ][info ][gc,start    ] GC(165) Pause Young (Normal) (G1 Evacuation Pause)
[2025-10-13T19:38:02.836-0700][1256 ][info ][gc,task     ] GC(165) Using 113 workers of 113 for evacuation
[2025-10-13T19:38:02.850-0700][1256 ][debug][gc,remset   ] GC(165) Visited cards 9628672 Total dirty 76546048 (12.58%) Total old 411107328 (2.34%)
[2025-10-13T19:38:03.042-0700][1256 ][info ][gc,mmu      ] GC(165) MMU target violated: 201.0ms (200.0ms/201.0ms)
[2025-10-13T19:38:03.042-0700][1256 ][info ][gc,phases   ] GC(165)   Pre Evacuate Collection Set: 0.7ms
[2025-10-13T19:38:03.042-0700][1256 ][info ][gc,phases   ] GC(165)   Merge Heap Roots: 13.1ms
[2025-10-13T19:38:03.042-0700][1256 ][info ][gc,phases   ] GC(165)   Evacuate Collection Set: 177.0ms
[2025-10-13T19:38:03.042-0700][1256 ][info ][gc,phases   ] GC(165)   Post Evacuate Collection Set: 14.8ms
[2025-10-13T19:38:03.042-0700][1256 ][info ][gc,phases   ] GC(165)   Other: 0.2ms
[2025-10-13T19:38:03.042-0700][1256 ][debug][gc,remset   ] GC(165) Coarsening (recent): Inline->AoC 50095 (0) AoC->Howl 84 (0) Howl->Full 0 (0) Inline->AoC 383 (0) AoC->BitMap 35 (0) BitMap->Full 0 (0) 
[2025-10-13T19:38:03.042-0700][1256 ][debug][gc,remset   ] GC(165) Coarsening (all): Inline->AoC 4619790 (95) AoC->Howl 67028 (367) Howl->Full 0 (0) Inline->AoC 260440 (109) AoC->BitMap 79315 (302) BitMap->Full 13 (0) 
[2025-10-13T19:38:03.042-0700][1256 ][info ][gc,heap     ] GC(165) Eden regions: 2250->0(3257)
[2025-10-13T19:38:03.042-0700][1256 ][info ][gc,heap     ] GC(165) Survivor regions: 254->199(313)
[2025-10-13T19:38:03.042-0700][1256 ][info ][gc,heap     ] GC(165) Old regions: 1254->1353
[2025-10-13T19:38:03.042-0700][1256 ][info ][gc,heap     ] GC(165) Humongous regions: 11->0
[2025-10-13T19:38:03.042-0700][1256 ][info ][gc,metaspace] GC(165) Metaspace: 319098K(324928K)->319098K(324928K) NonClass: 280808K(283904K)->280808K(283904K) Class: 38290K(41024K)->38290K(41024K)
[2025-10-13T19:38:03.042-0700][1256 ][info ][gc          ] GC(165) Pause Young (Normal) (G1 Evacuation Pause) 120581M->49631M(184320M) 205.893ms
[2025-10-13T19:38:03.044-0700][1256 ][info ][gc,cpu      ] GC(165) User=19.25s Sys=0.32s Real=0.21s
[2025-10-13T19:38:03.045-0700][1256 ][info ][safepoint   ] Safepoint "G1CollectForAllocation", Time since last: 202214297 ns, Reaching safepoint: 688662 ns, Cleanup: 17356 ns, At safepoint: 210637167 ns, Total: 211343185 ns
[2025-10-13T19:38:03.199-0700][1256 ][info ][gc,start    ] GC(166) Pause Young (Concurrent Start) (G1 Humongous Allocation)
[2025-10-13T19:38:03.199-0700][1256 ][info ][gc,task     ] GC(166) Using 113 workers of 113 for evacuation
[2025-10-13T19:38:03.210-0700][1256 ][debug][gc,remset   ] GC(166) Visited cards 9080320 Total dirty 81657856 (11.12%) Total old 127336448 (7.13%)
[2025-10-13T19:38:03.338-0700][1256 ][info ][gc,phases   ] GC(166)   Pre Evacuate Collection Set: 0.9ms
[2025-10-13T19:38:03.338-0700][1256 ][info ][gc,phases   ] GC(166)   Merge Heap Roots: 10.2ms
[2025-10-13T19:38:03.338-0700][1256 ][info ][gc,phases   ] GC(166)   Evacuate Collection Set: 117.4ms
[2025-10-13T19:38:03.338-0700][1256 ][info ][gc,phases   ] GC(166)   Post Evacuate Collection Set: 10.4ms
[2025-10-13T19:38:03.338-0700][1256 ][info ][gc,phases   ] GC(166)   Other: 0.1ms
[2025-10-13T19:38:03.338-0700][1256 ][debug][gc,remset   ] GC(166) Coarsening (recent): Inline->AoC 0 (0) AoC->Howl 0 (0) Howl->Full 0 (0) Inline->AoC 0 (0) AoC->BitMap 0 (0) BitMap->Full 0 (0) 
[2025-10-13T19:38:03.338-0700][1256 ][debug][gc,remset   ] GC(166) Coarsening (all): Inline->AoC 4619790 (95) AoC->Howl 67028 (367) Howl->Full 0 (0) Inline->AoC 260440 (109) AoC->BitMap 79315 (302) BitMap->Full 13 (0) 
[2025-10-13T19:38:03.338-0700][1256 ][info ][gc,heap     ] GC(166) Eden regions: 96->0(744)
[2025-10-13T19:38:03.338-0700][1256 ][info ][gc,heap     ] GC(166) Survivor regions: 199->194(432)
[2025-10-13T19:38:03.338-0700][1256 ][info ][gc,heap     ] GC(166) Old regions: 1353->1353
[2025-10-13T19:38:03.338-0700][1256 ][info ][gc,heap     ] GC(166) Humongous regions: 0->0
[2025-10-13T19:38:03.338-0700][1256 ][info ][gc,metaspace] GC(166) Metaspace: 319098K(324928K)->319098K(324928K) NonClass: 280808K(283904K)->280808K(283904K) Class: 38290K(41024K)->38290K(41024K)
[2025-10-13T19:38:03.338-0700][1256 ][info ][gc          ] GC(166) Pause Young (Concurrent Start) (G1 Humongous Allocation) 52677M->49475M(184320M) 139.181ms
[2025-10-13T19:38:03.339-0700][1089 ][info ][gc          ] GC(167) Concurrent Mark Cycle
[2025-10-13T19:38:03.339-0700][1089 ][info ][gc,marking  ] GC(167) Concurrent Scan Root Regions
[2025-10-13T19:38:03.341-0700][1256 ][info ][gc,cpu      ] GC(166) User=11.09s Sys=0.02s Real=0.15s
[2025-10-13T19:38:03.342-0700][1256 ][info ][safepoint   ] Safepoint "G1TryInitiateConcMark", Time since last: 148375695 ns, Reaching safepoint: 4075524 ns, Cleanup: 104919 ns, At safepoint: 144645973 ns, Total: 148826416 ns
[2025-10-13T19:38:03.409-0700][1089 ][info ][gc,marking  ] GC(167) Concurrent Scan Root Regions 69.733ms
[2025-10-13T19:38:03.409-0700][1089 ][info ][gc,marking  ] GC(167) Concurrent Mark
[2025-10-13T19:38:03.409-0700][1089 ][info ][gc,marking  ] GC(167) Concurrent Mark From Roots
[2025-10-13T19:38:03.409-0700][1089 ][info ][gc,task     ] GC(167) Using 36 workers of 36 for marking
[2025-10-13T19:38:03.687-0700][1089 ][info ][gc,marking  ] GC(167) Concurrent Mark From Roots 278.594ms
[2025-10-13T19:38:03.687-0700][1089 ][info ][gc,marking  ] GC(167) Concurrent Preclean
[2025-10-13T19:38:03.722-0700][1089 ][info ][gc,marking  ] GC(167) Concurrent Preclean 34.738ms
[2025-10-13T19:38:03.725-0700][1256 ][info ][gc,start    ] GC(167) Pause Remark
[2025-10-13T19:38:04.065-0700][1256 ][info ][gc,mmu      ] GC(167) MMU target violated: 201.0ms (200.0ms/201.0ms)
[2025-10-13T19:38:04.065-0700][1256 ][info ][gc          ] GC(167) Pause Remark 54563M->53539M(184320M) 340.575ms
[2025-10-13T19:38:04.067-0700][1256 ][info ][gc,cpu      ] GC(167) User=15.17s Sys=0.07s Real=0.34s
[2025-10-13T19:38:04.069-0700][1256 ][info ][safepoint   ] Safepoint "G1PauseRemark", Time since last: 379895778 ns, Reaching safepoint: 899561 ns, Cleanup: 62194 ns, At safepoint: 345931215 ns, Total: 346892970 ns
[2025-10-13T19:38:04.069-0700][1089 ][info ][gc,marking  ] GC(167) Concurrent Mark 660.709ms
[2025-10-13T19:38:04.069-0700][1089 ][info ][gc,marking  ] GC(167) Concurrent Rebuild Remembered Sets and Scrub Regions
[2025-10-13T19:38:04.750-0700][1089 ][info ][gc,marking  ] GC(167) Concurrent Rebuild Remembered Sets and Scrub Regions 680.507ms
[2025-10-13T19:38:04.753-0700][1256 ][info ][gc,start    ] GC(167) Pause Cleanup
[2025-10-13T19:38:04.755-0700][1256 ][info ][gc          ] GC(167) Pause Cleanup 61488M->61488M(184320M) 2.177ms
[2025-10-13T19:38:04.756-0700][1256 ][info ][gc,cpu      ] GC(167) User=0.02s Sys=0.00s Real=0.00s
[2025-10-13T19:38:04.757-0700][1256 ][info ][safepoint   ] Safepoint "G1PauseCleanup", Time since last: 680947381 ns, Reaching safepoint: 797717 ns, Cleanup: 186261 ns, At safepoint: 5637347 ns, Total: 6621325 ns
[2025-10-13T19:38:04.757-0700][1089 ][info ][gc,marking  ] GC(167) Concurrent Clear Claimed Marks
[2025-10-13T19:38:04.757-0700][1089 ][info ][gc,marking  ] GC(167) Concurrent Clear Claimed Marks 0.899ms
[2025-10-13T19:38:04.757-0700][1089 ][info ][gc,marking  ] GC(167) Concurrent Cleanup for Next Mark
[2025-10-13T19:38:04.790-0700][1089 ][info ][gc,marking  ] GC(167) Concurrent Cleanup for Next Mark 32.707ms
[2025-10-13T19:38:04.790-0700][1089 ][info ][gc          ] GC(167) Concurrent Mark Cycle 1451.559ms
[2025-10-13T19:38:05.489-0700][1256 ][info ][gc,start    ] GC(168) Pause Young (Prepare Mixed) (G1 Evacuation Pause)
[2025-10-13T19:38:05.489-0700][1256 ][info ][gc,task     ] GC(168) Using 113 workers of 113 for evacuation
[2025-10-13T19:38:05.503-0700][1256 ][debug][gc,remset   ] GC(168) Visited cards 9547776 Total dirty 82051072 (11.64%) Total old 202637312 (4.71%)
[2025-10-13T19:38:05.640-0700][1256 ][info ][gc,phases   ] GC(168)   Pre Evacuate Collection Set: 0.7ms
[2025-10-13T19:38:05.640-0700][1256 ][info ][gc,phases   ] GC(168)   Merge Heap Roots: 12.7ms
[2025-10-13T19:38:05.640-0700][1256 ][info ][gc,phases   ] GC(168)   Evacuate Collection Set: 123.6ms
[2025-10-13T19:38:05.640-0700][1256 ][info ][gc,phases   ] GC(168)   Post Evacuate Collection Set: 13.3ms
[2025-10-13T19:38:05.640-0700][1256 ][info ][gc,phases   ] GC(168)   Other: 0.1ms
[2025-10-13T19:38:05.640-0700][1256 ][debug][gc,remset   ] GC(168) Coarsening (recent): Inline->AoC 142101 (12) AoC->Howl 6476 (12) Howl->Full 0 (0) Inline->AoC 24890 (4) AoC->BitMap 8139 (9) BitMap->Full 0 (0) 
[2025-10-13T19:38:05.640-0700][1256 ][debug][gc,remset   ] GC(168) Coarsening (all): Inline->AoC 4761891 (107) AoC->Howl 73504 (379) Howl->Full 0 (0) Inline->AoC 285330 (113) AoC->BitMap 87454 (311) BitMap->Full 13 (0) 
[2025-10-13T19:38:05.640-0700][1256 ][info ][gc,heap     ] GC(168) Eden regions: 690->0(1544)
[2025-10-13T19:38:05.640-0700][1256 ][info ][gc,heap     ] GC(168) Survivor regions: 194->65(111)
[2025-10-13T19:38:05.640-0700][1256 ][info ][gc,heap     ] GC(168) Old regions: 1321->1459
[2025-10-13T19:38:05.640-0700][1256 ][info ][gc,heap     ] GC(168) Humongous regions: 3->0
[2025-10-13T19:38:05.640-0700][1256 ][info ][gc,metaspace] GC(168) Metaspace: 318944K(324928K)->318944K(324928K) NonClass: 280679K(283904K)->280679K(283904K) Class: 38265K(41024K)->38265K(41024K)
[2025-10-13T19:38:05.640-0700][1256 ][info ][gc          ] GC(168) Pause Young (Prepare Mixed) (G1 Evacuation Pause) 70627M->48754M(184320M) 150.556ms
[2025-10-13T19:38:05.642-0700][1256 ][info ][gc,cpu      ] GC(168) User=13.24s Sys=0.11s Real=0.16s
[2025-10-13T19:38:05.643-0700][1256 ][info ][safepoint   ] Safepoint "G1CollectForAllocation", Time since last: 730082951 ns, Reaching safepoint: 899560 ns, Cleanup: 20531 ns, At safepoint: 155502384 ns, Total: 156422475 ns
[2025-10-13T19:38:06.644-0700][1256 ][info ][safepoint   ] Safepoint "Cleanup", Time since last: 1000096908 ns, Reaching safepoint: 851858 ns, Cleanup: 20361 ns, At safepoint: 348778 ns, Total: 1220997 ns
[2025-10-13T19:38:07.646-0700][1256 ][info ][safepoint   ] Safepoint "Cleanup", Time since last: 1000116507 ns, Reaching safepoint: 888154 ns, Cleanup: 42824 ns, At safepoint: 536282 ns, Total: 1467260 ns
[2025-10-13T19:38:08.648-0700][1256 ][info ][safepoint   ] Safepoint "Cleanup", Time since last: 1000114083 ns, Reaching safepoint: 816325 ns, Cleanup: 25178 ns, At safepoint: 626999 ns, Total: 1468502 ns
[2025-10-13T19:38:09.650-0700][1256 ][info ][safepoint   ] Safepoint "Cleanup", Time since last: 1000113663 ns, Reaching safepoint: 1017789 ns, Cleanup: 32670 ns, At safepoint: 1194907 ns, Total: 2245366 ns
[2025-10-13T19:38:10.309-0700][1256 ][info ][gc,start    ] GC(169) Pause Young (Mixed) (G1 Evacuation Pause)
[2025-10-13T19:38:10.309-0700][1256 ][info ][gc,task     ] GC(169) Using 113 workers of 113 for evacuation
[2025-10-13T19:38:10.324-0700][1256 ][debug][gc,remset   ] GC(169) Visited cards 10529536 Total dirty 85983232 (12.25%) Total old 333643776 (3.16%)
[2025-10-13T19:38:10.408-0700][1256 ][info ][gc,phases   ] GC(169)   Pre Evacuate Collection Set: 0.9ms
[2025-10-13T19:38:10.408-0700][1256 ][info ][gc,phases   ] GC(169)   Merge Heap Roots: 13.8ms
[2025-10-13T19:38:10.408-0700][1256 ][info ][gc,phases   ] GC(169)   Evacuate Collection Set: 74.7ms
[2025-10-13T19:38:10.408-0700][1256 ][info ][gc,phases   ] GC(169)   Post Evacuate Collection Set: 9.6ms
[2025-10-13T19:38:10.408-0700][1256 ][info ][gc,phases   ] GC(169)   Other: 0.2ms
[2025-10-13T19:38:10.408-0700][1256 ][debug][gc,remset   ] GC(169) Coarsening (recent): Inline->AoC 25188 (43) AoC->Howl 964 (250) Howl->Full 0 (0) Inline->AoC 1763 (111) AoC->BitMap 862 (222) BitMap->Full 0 (0) 
[2025-10-13T19:38:10.408-0700][1256 ][debug][gc,remset   ] GC(169) Coarsening (all): Inline->AoC 4787079 (150) AoC->Howl 74468 (629) Howl->Full 0 (0) Inline->AoC 287093 (224) AoC->BitMap 88316 (533) BitMap->Full 13 (0) 
[2025-10-13T19:38:10.408-0700][1256 ][info ][gc,heap     ] GC(169) Eden regions: 1703->0(1550)
[2025-10-13T19:38:10.408-0700][1256 ][info ][gc,heap     ] GC(169) Survivor regions: 65->108(221)
[2025-10-13T19:38:10.409-0700][1256 ][info ][gc,heap     ] GC(169) Old regions: 1459->1386
[2025-10-13T19:38:10.409-0700][1256 ][info ][gc,heap     ] GC(169) Humongous regions: 5->0
[2025-10-13T19:38:10.409-0700][1256 ][info ][gc,metaspace] GC(169) Metaspace: 318995K(324928K)->318995K(324928K) NonClass: 280724K(283904K)->280724K(283904K) Class: 38271K(41024K)->38271K(41024K)
[2025-10-13T19:38:10.409-0700][1256 ][info ][gc          ] GC(169) Pause Young (Mixed) (G1 Evacuation Pause) 103410M->47799M(184320M) 99.406ms
[2025-10-13T19:38:10.410-0700][1256 ][info ][gc,cpu      ] GC(169) User=9.11s Sys=0.01s Real=0.11s
[2025-10-13T19:38:10.412-0700][1256 ][info ][safepoint   ] Safepoint "G1CollectForAllocation", Time since last: 656564861 ns, Reaching safepoint: 919271 ns, Cleanup: 13390 ns, At safepoint: 104294610 ns, Total: 105227271 ns
[2025-10-13T19:38:11.413-0700][1256 ][info ][safepoint   ] Safepoint "Cleanup", Time since last: 1000087674 ns, Reaching safepoint: 836956 ns, Cleanup: 31708 ns, At safepoint: 237679 ns, Total: 1106343 ns
[2025-10-13T19:38:12.414-0700][1256 ][info ][safepoint   ] Safepoint "Cleanup", Time since last: 1000109087 ns, Reaching safepoint: 825338 ns, Cleanup: 38709 ns, At safepoint: 249928 ns, Total: 1113975 ns
[2025-10-13T19:38:13.417-0700][1256 ][info ][safepoint   ] Safepoint "Cleanup", Time since last: 1000113402 ns, Reaching safepoint: 1662866 ns, Cleanup: 28052 ns, At safepoint: 772358 ns, Total: 2463276 ns
[2025-10-13T19:38:14.418-0700][1256 ][info ][safepoint   ] Safepoint "Cleanup", Time since last: 1000120163 ns, Reaching safepoint: 880272 ns, Cleanup: 91628 ns, At safepoint: 654350 ns, Total: 1626250 ns
[2025-10-13T19:38:15.420-0700][1256 ][info ][safepoint   ] Safepoint "Cleanup", Time since last: 1000106733 ns, Reaching safepoint: 774261 ns, Cleanup: 9805 ns, At safepoint: 684735 ns, Total: 1468801 ns
[2025-10-13T19:38:15.684-0700][1256 ][info ][gc,start    ] GC(170) Pause Young (Mixed) (G1 Evacuation Pause)
[2025-10-13T19:38:15.684-0700][1256 ][info ][gc,task     ] GC(170) Using 113 workers of 113 for evacuation
[2025-10-13T19:38:15.699-0700][1256 ][debug][gc,remset   ] GC(170) Visited cards 10723584 Total dirty 82182144 (13.05%) Total old 340525056 (3.15%)
[2025-10-13T19:38:15.793-0700][1256 ][info ][gc,phases   ] GC(170)   Pre Evacuate Collection Set: 0.8ms
[2025-10-13T19:38:15.793-0700][1256 ][info ][gc,phases   ] GC(170)   Merge Heap Roots: 14.1ms
[2025-10-13T19:38:15.793-0700][1256 ][info ][gc,phases   ] GC(170)   Evacuate Collection Set: 83.6ms
[2025-10-13T19:38:15.793-0700][1256 ][info ][gc,phases   ] GC(170)   Post Evacuate Collection Set: 11.0ms
[2025-10-13T19:38:15.793-0700][1256 ][info ][gc,phases   ] GC(170)   Other: 0.2ms
[2025-10-13T19:38:15.793-0700][1256 ][debug][gc,remset   ] GC(170) Coarsening (recent): Inline->AoC 12882 (0) AoC->Howl 172 (0) Howl->Full 0 (0) Inline->AoC 549 (0) AoC->BitMap 133 (0) BitMap->Full 0 (0) 
[2025-10-13T19:38:15.793-0700][1256 ][debug][gc,remset   ] GC(170) Coarsening (all): Inline->AoC 4799961 (150) AoC->Howl 74640 (629) Howl->Full 0 (0) Inline->AoC 287642 (224) AoC->BitMap 88449 (533) BitMap->Full 13 (0) 
[2025-10-13T19:38:15.793-0700][1256 ][info ][gc,heap     ] GC(170) Eden regions: 1747->0(1836)
[2025-10-13T19:38:15.793-0700][1256 ][info ][gc,heap     ] GC(170) Survivor regions: 108->111(232)
[2025-10-13T19:38:15.793-0700][1256 ][info ][gc,heap     ] GC(170) Old regions: 1386->1300
[2025-10-13T19:38:15.793-0700][1256 ][info ][gc,heap     ] GC(170) Humongous regions: 9->0
[2025-10-13T19:38:15.793-0700][1256 ][info ][gc,metaspace] GC(170) Metaspace: 319080K(324928K)->319080K(324928K) NonClass: 280798K(283904K)->280798K(283904K) Class: 38281K(41024K)->38281K(41024K)
[2025-10-13T19:38:15.793-0700][1256 ][info ][gc          ] GC(170) Pause Young (Mixed) (G1 Evacuation Pause) 103991M->45146M(184320M) 109.986ms
[2025-10-13T19:38:15.795-0700][1256 ][info ][gc,cpu      ] GC(170) User=9.20s Sys=0.15s Real=0.11s
[2025-10-13T19:38:15.796-0700][1256 ][info ][safepoint   ] Safepoint "G1CollectForAllocation", Time since last: 241841305 ns, Reaching safepoint: 19962895 ns, Cleanup: 7271 ns, At safepoint: 114688691 ns, Total: 134658857 ns
[2025-10-13T19:38:16.798-0700][1256 ][info ][safepoint   ] Safepoint "Cleanup", Time since last: 1000084460 ns, Reaching safepoint: 791217 ns, Cleanup: 25318 ns, At safepoint: 242336 ns, Total: 1058871 ns
[2025-10-13T19:38:17.799-0700][1256 ][info ][safepoint   ] Safepoint "Cleanup", Time since last: 1000104821 ns, Reaching safepoint: 852629 ns, Cleanup: 35464 ns, At safepoint: 403280 ns, Total: 1291373 ns
[2025-10-13T19:38:18.812-0700][1256 ][info ][safepoint   ] Safepoint "Cleanup", Time since last: 1000112572 ns, Reaching safepoint: 11320352 ns, Cleanup: 38078 ns, At safepoint: 1819782 ns, Total: 13178212 ns
[2025-10-13T19:38:19.814-0700][1256 ][info ][safepoint   ] Safepoint "Cleanup", Time since last: 1000115226 ns, Reaching safepoint: 942966 ns, Cleanup: 16976 ns, At safepoint: 887662 ns, Total: 1847604 ns
[2025-10-13T19:38:20.816-0700][1256 ][info ][safepoint   ] Safepoint "Cleanup", Time since last: 1000114635 ns, Reaching safepoint: 915395 ns, Cleanup: 12298 ns, At safepoint: 798308 ns, Total: 1726001 ns
[2025-10-13T19:38:21.813-0700][1256 ][info ][gc,start    ] GC(171) Pause Young (Mixed) (G1 Evacuation Pause)
[2025-10-13T19:38:21.813-0700][1256 ][info ][gc,task     ] GC(171) Using 113 workers of 113 for evacuation
[2025-10-13T19:38:21.828-0700][1256 ][debug][gc,remset   ] GC(171) Visited cards 11125248 Total dirty 76677120 (14.51%) Total old 361758720 (3.08%)
[2025-10-13T19:38:21.930-0700][1256 ][info ][gc,phases   ] GC(171)   Pre Evacuate Collection Set: 0.7ms
[2025-10-13T19:38:21.930-0700][1256 ][info ][gc,phases   ] GC(171)   Merge Heap Roots: 13.8ms
[2025-10-13T19:38:21.930-0700][1256 ][info ][gc,phases   ] GC(171)   Evacuate Collection Set: 89.5ms
[2025-10-13T19:38:21.930-0700][1256 ][info ][gc,phases   ] GC(171)   Post Evacuate Collection Set: 12.4ms
[2025-10-13T19:38:21.930-0700][1256 ][info ][gc,phases   ] GC(171)   Other: 0.2ms
[2025-10-13T19:38:21.930-0700][1256 ][debug][gc,remset   ] GC(171) Coarsening (recent): Inline->AoC 23918 (0) AoC->Howl 184 (0) Howl->Full 0 (0) Inline->AoC 768 (0) AoC->BitMap 98 (0) BitMap->Full 0 (0) 
[2025-10-13T19:38:21.930-0700][1256 ][debug][gc,remset   ] GC(171) Coarsening (all): Inline->AoC 4823879 (150) AoC->Howl 74824 (629) Howl->Full 0 (0) Inline->AoC 288410 (224) AoC->BitMap 88547 (533) BitMap->Full 13 (0) 
[2025-10-13T19:38:21.930-0700][1256 ][info ][gc,heap     ] GC(171) Eden regions: 1952->0(1925)
[2025-10-13T19:38:21.930-0700][1256 ][info ][gc,heap     ] GC(171) Survivor regions: 111->140(258)
[2025-10-13T19:38:21.930-0700][1256 ][info ][gc,heap     ] GC(171) Old regions: 1300->1212
[2025-10-13T19:38:21.930-0700][1256 ][info ][gc,heap     ] GC(171) Humongous regions: 3->0
[2025-10-13T19:38:21.930-0700][1256 ][info ][gc,metaspace] GC(171) Metaspace: 319228K(325056K)->319228K(325056K) NonClass: 280933K(284032K)->280933K(284032K) Class: 38294K(41024K)->38294K(41024K)
[2025-10-13T19:38:21.930-0700][1256 ][info ][gc          ] GC(171) Pause Young (Mixed) (G1 Evacuation Pause) 107706M->43223M(184320M) 116.788ms
[2025-10-13T19:38:21.932-0700][1256 ][info ][gc,cpu      ] GC(171) User=10.96s Sys=0.11s Real=0.12s
[2025-10-13T19:38:21.933-0700][1256 ][info ][safepoint   ] Safepoint "G1CollectForAllocation", Time since last: 994283435 ns, Reaching safepoint: 1076738 ns, Cleanup: 15704 ns, At safepoint: 121419121 ns, Total: 122511563 ns
[2025-10-13T19:38:22.934-0700][1256 ][info ][safepoint   ] Safepoint "Cleanup", Time since last: 1000099092 ns, Reaching safepoint: 806359 ns, Cleanup: 19560 ns, At safepoint: 165971 ns, Total: 991890 ns
[2025-10-13T19:38:23.935-0700][1256 ][info ][safepoint   ] Safepoint "Cleanup", Time since last: 1000105240 ns, Reaching safepoint: 806961 ns, Cleanup: 14272 ns, At safepoint: 560477 ns, Total: 1381710 ns
[2025-10-13T19:38:24.937-0700][1256 ][info ][safepoint   ] Safepoint "Cleanup", Time since last: 1000107344 ns, Reaching safepoint: 884167 ns, Cleanup: 13120 ns, At safepoint: 531384 ns, Total: 1428671 ns
[2025-10-13T19:38:28.601-0700][1256 ][info ][gc,start    ] GC(172) Pause Young (Mixed) (G1 Evacuation Pause)
[2025-10-13T19:38:28.602-0700][1256 ][info ][gc,task     ] GC(172) Using 113 workers of 113 for evacuation
[2025-10-13T19:38:28.616-0700][1256 ][debug][gc,remset   ] GC(172) Visited cards 10891008 Total dirty 71303168 (15.27%) Total old 370606080 (2.94%)
[2025-10-13T19:38:28.739-0700][1256 ][info ][gc,phases   ] GC(172)   Pre Evacuate Collection Set: 0.7ms
[2025-10-13T19:38:28.739-0700][1256 ][info ][gc,phases   ] GC(172)   Merge Heap Roots: 13.4ms
[2025-10-13T19:38:28.739-0700][1256 ][info ][gc,phases   ] GC(172)   Evacuate Collection Set: 110.2ms
[2025-10-13T19:38:28.739-0700][1256 ][info ][gc,phases   ] GC(172)   Post Evacuate Collection Set: 12.5ms
[2025-10-13T19:38:28.739-0700][1256 ][info ][gc,phases   ] GC(172)   Other: 0.2ms
[2025-10-13T19:38:28.739-0700][1256 ][debug][gc,remset   ] GC(172) Coarsening (recent): Inline->AoC 19125 (0) AoC->Howl 241 (0) Howl->Full 0 (0) Inline->AoC 1144 (0) AoC->BitMap 106 (0) BitMap->Full 0 (0) 
[2025-10-13T19:38:28.739-0700][1256 ][debug][gc,remset   ] GC(172) Coarsening (all): Inline->AoC 4843004 (150) AoC->Howl 75065 (629) Howl->Full 0 (0) Inline->AoC 289554 (224) AoC->BitMap 88653 (533) BitMap->Full 13 (0) 
[2025-10-13T19:38:28.739-0700][1256 ][info ][gc,heap     ] GC(172) Eden regions: 2032->0(1717)
[2025-10-13T19:38:28.739-0700][1256 ][info ][gc,heap     ] GC(172) Survivor regions: 140->189(272)
[2025-10-13T19:38:28.739-0700][1256 ][info ][gc,heap     ] GC(172) Old regions: 1212->1123
[2025-10-13T19:38:28.739-0700][1256 ][info ][gc,heap     ] GC(172) Humongous regions: 8->0
[2025-10-13T19:38:28.739-0700][1256 ][info ][gc,metaspace] GC(172) Metaspace: 319230K(325056K)->319230K(325056K) NonClass: 280935K(284032K)->280935K(284032K) Class: 38295K(41024K)->38295K(41024K)
[2025-10-13T19:38:28.739-0700][1256 ][info ][gc          ] GC(172) Pause Young (Mixed) (G1 Evacuation Pause) 108503M->41976M(184320M) 137.196ms
[2025-10-13T19:38:28.740-0700][1256 ][info ][gc,cpu      ] GC(172) User=13.14s Sys=0.06s Real=0.14s
[2025-10-13T19:38:28.742-0700][1256 ][info ][safepoint   ] Safepoint "G1CollectForAllocation", Time since last: 3661945494 ns, Reaching safepoint: 783335 ns, Cleanup: 16845 ns, At safepoint: 141760058 ns, Total: 142560238 ns
[2025-10-13T19:38:29.743-0700][1256 ][info ][safepoint   ] Safepoint "Cleanup", Time since last: 1000087954 ns, Reaching safepoint: 752288 ns, Cleanup: 15363 ns, At safepoint: 259323 ns, Total: 1026974 ns
[2025-10-13T19:38:30.744-0700][1256 ][info ][safepoint   ] Safepoint "Cleanup", Time since last: 1000112181 ns, Reaching safepoint: 885920 ns, Cleanup: 9985 ns, At safepoint: 624755 ns, Total: 1520660 ns
[2025-10-13T19:38:31.746-0700][1256 ][info ][safepoint   ] Safepoint "Cleanup", Time since last: 1000120483 ns, Reaching safepoint: 874132 ns, Cleanup: 18358 ns, At safepoint: 375698 ns, Total: 1268188 ns
[2025-10-13T19:38:34.361-0700][1256 ][info ][gc,start    ] GC(173) Pause Young (Mixed) (G1 Evacuation Pause)
[2025-10-13T19:38:34.361-0700][1256 ][info ][gc,task     ] GC(173) Using 113 workers of 113 for evacuation
[2025-10-13T19:38:34.374-0700][1256 ][debug][gc,remset   ] GC(173) Visited cards 11226880 Total dirty 65863680 (17.05%) Total old 345702400 (3.25%)
[2025-10-13T19:38:34.521-0700][1256 ][info ][gc,phases   ] GC(173)   Pre Evacuate Collection Set: 0.7ms
[2025-10-13T19:38:34.521-0700][1256 ][info ][gc,phases   ] GC(173)   Merge Heap Roots: 12.6ms
[2025-10-13T19:38:34.521-0700][1256 ][info ][gc,phases   ] GC(173)   Evacuate Collection Set: 134.4ms
[2025-10-13T19:38:34.521-0700][1256 ][info ][gc,phases   ] GC(173)   Post Evacuate Collection Set: 12.3ms
[2025-10-13T19:38:34.521-0700][1256 ][info ][gc,phases   ] GC(173)   Other: 0.2ms
[2025-10-13T19:38:34.521-0700][1256 ][debug][gc,remset   ] GC(173) Coarsening (recent): Inline->AoC 24332 (0) AoC->Howl 265 (0) Howl->Full 0 (0) Inline->AoC 1211 (0) AoC->BitMap 128 (0) BitMap->Full 0 (0) 
[2025-10-13T19:38:34.521-0700][1256 ][debug][gc,remset   ] GC(173) Coarsening (all): Inline->AoC 4867336 (150) AoC->Howl 75330 (629) Howl->Full 0 (0) Inline->AoC 290765 (224) AoC->BitMap 88781 (533) BitMap->Full 13 (0) 
[2025-10-13T19:38:34.521-0700][1256 ][info ][gc,heap     ] GC(173) Eden regions: 1837->0(2104)
[2025-10-13T19:38:34.521-0700][1256 ][info ][gc,heap     ] GC(173) Survivor regions: 189->161(254)
[2025-10-13T19:38:34.521-0700][1256 ][info ][gc,heap     ] GC(173) Old regions: 1123->1096
[2025-10-13T19:38:34.521-0700][1256 ][info ][gc,heap     ] GC(173) Humongous regions: 9->0
[2025-10-13T19:38:34.521-0700][1256 ][info ][gc,metaspace] GC(173) Metaspace: 319231K(325056K)->319231K(325056K) NonClass: 280936K(284032K)->280936K(284032K) Class: 38295K(41024K)->38295K(41024K)
[2025-10-13T19:38:34.521-0700][1256 ][info ][gc          ] GC(173) Pause Young (Mixed) (G1 Evacuation Pause) 101048M->40188M(184320M) 160.459ms
[2025-10-13T19:38:34.523-0700][1256 ][info ][gc,cpu      ] GC(173) User=14.37s Sys=0.10s Real=0.16s
[2025-10-13T19:38:34.524-0700][1256 ][info ][safepoint   ] Safepoint "G1CollectForAllocation", Time since last: 2611612412 ns, Reaching safepoint: 1759902 ns, Cleanup: 7341 ns, At safepoint: 165011387 ns, Total: 166778630 ns
[2025-10-13T19:38:35.526-0700][1256 ][info ][safepoint   ] Safepoint "Cleanup", Time since last: 1000085180 ns, Reaching safepoint: 1447599 ns, Cleanup: 14192 ns, At safepoint: 291591 ns, Total: 1753382 ns
[2025-10-13T19:38:36.528-0700][1256 ][info ][safepoint   ] Safepoint "Cleanup", Time since last: 1000111410 ns, Reaching safepoint: 842956 ns, Cleanup: 10496 ns, At safepoint: 629392 ns, Total: 1482844 ns
[2025-10-13T19:38:37.529-0700][1256 ][info ][safepoint   ] Safepoint "Cleanup", Time since last: 1000066625 ns, Reaching safepoint: 828835 ns, Cleanup: 13560 ns, At safepoint: 491474 ns, Total: 1333869 ns
[2025-10-13T19:38:40.530-0700][1256 ][info ][safepoint   ] Safepoint "Cleanup", Time since last: 3000225484 ns, Reaching safepoint: 716244 ns, Cleanup: 10856 ns, At safepoint: 131669 ns, Total: 858769 ns
[2025-10-13T19:38:41.546-0700][1256 ][info ][safepoint   ] Safepoint "Cleanup", Time since last: 1000093506 ns, Reaching safepoint: 13326089 ns, Cleanup: 15283 ns, At safepoint: 2463538 ns, Total: 15804910 ns
[2025-10-13T19:38:42.222-0700][1256 ][info ][gc,start    ] GC(174) Pause Young (Mixed) (G1 Evacuation Pause)
[2025-10-13T19:38:42.222-0700][1256 ][info ][gc,task     ] GC(174) Using 113 workers of 113 for evacuation
[2025-10-13T19:38:42.236-0700][1256 ][debug][gc,remset   ] GC(174) Visited cards 11115264 Total dirty 64225280 (17.31%) Total old 384303104 (2.89%)
[2025-10-13T19:38:42.383-0700][1256 ][info ][gc,phases   ] GC(174)   Pre Evacuate Collection Set: 0.8ms
[2025-10-13T19:38:42.383-0700][1256 ][info ][gc,phases   ] GC(174)   Merge Heap Roots: 13.0ms
[2025-10-13T19:38:42.383-0700][1256 ][info ][gc,phases   ] GC(174)   Evacuate Collection Set: 134.7ms
[2025-10-13T19:38:42.383-0700][1256 ][info ][gc,phases   ] GC(174)   Post Evacuate Collection Set: 11.7ms
[2025-10-13T19:38:42.383-0700][1256 ][info ][gc,phases   ] GC(174)   Other: 0.2ms
[2025-10-13T19:38:42.383-0700][1256 ][debug][gc,remset   ] GC(174) Coarsening (recent): Inline->AoC 29444 (0) AoC->Howl 299 (0) Howl->Full 0 (0) Inline->AoC 1086 (0) AoC->BitMap 217 (0) BitMap->Full 0 (0) 
[2025-10-13T19:38:42.383-0700][1256 ][debug][gc,remset   ] GC(174) Coarsening (all): Inline->AoC 4896780 (150) AoC->Howl 75629 (629) Howl->Full 0 (0) Inline->AoC 291851 (224) AoC->BitMap 88998 (533) BitMap->Full 13 (0) 
[2025-10-13T19:38:42.383-0700][1256 ][info ][gc,heap     ] GC(174) Eden regions: 2170->0(1974)
[2025-10-13T19:38:42.383-0700][1256 ][info ][gc,heap     ] GC(174) Survivor regions: 161->199(292)
[2025-10-13T19:38:42.383-0700][1256 ][info ][gc,heap     ] GC(174) Old regions: 1096->1016
[2025-10-13T19:38:42.383-0700][1256 ][info ][gc,heap     ] GC(174) Humongous regions: 15->0
[2025-10-13T19:38:42.383-0700][1256 ][info ][gc,metaspace] GC(174) Metaspace: 319238K(325056K)->319238K(325056K) NonClass: 280941K(284032K)->280941K(284032K) Class: 38296K(41024K)->38296K(41024K)
[2025-10-13T19:38:42.383-0700][1256 ][info ][gc          ] GC(174) Pause Young (Mixed) (G1 Evacuation Pause) 110108M->38848M(184320M) 160.631ms
[2025-10-13T19:38:42.385-0700][1256 ][info ][gc,cpu      ] GC(174) User=13.76s Sys=0.20s Real=0.16s
[2025-10-13T19:38:42.386-0700][1256 ][info ][safepoint   ] Safepoint "G1CollectForAllocation", Time since last: 673228534 ns, Reaching safepoint: 1415703 ns, Cleanup: 44848 ns, At safepoint: 165448191 ns, Total: 166908742 ns
[2025-10-13T19:38:43.387-0700][1256 ][info ][safepoint   ] Safepoint "Cleanup", Time since last: 1000098243 ns, Reaching safepoint: 889857 ns, Cleanup: 21763 ns, At safepoint: 337571 ns, Total: 1249191 ns
[2025-10-13T19:38:44.389-0700][1256 ][info ][safepoint   ] Safepoint "Cleanup", Time since last: 1000118824 ns, Reaching safepoint: 800862 ns, Cleanup: 22504 ns, At safepoint: 459515 ns, Total: 1282881 ns
[2025-10-13T19:38:45.390-0700][1256 ][info ][safepoint   ] Safepoint "Cleanup", Time since last: 1000112374 ns, Reaching safepoint: 912582 ns, Cleanup: 14562 ns, At safepoint: 294976 ns, Total: 1222120 ns
[2025-10-13T19:38:46.391-0700][1256 ][info ][safepoint   ] Safepoint "Cleanup", Time since last: 1000092805 ns, Reaching safepoint: 860202 ns, Cleanup: 20270 ns, At safepoint: 393846 ns, Total: 1274318 ns
[2025-10-13T19:38:47.170-0700][1256 ][info ][gc,start    ] GC(175) Pause Young (Mixed) (G1 Evacuation Pause)
[2025-10-13T19:38:47.170-0700][1256 ][info ][gc,task     ] GC(175) Using 113 workers of 113 for evacuation
[2025-10-13T19:38:47.183-0700][1256 ][debug][gc,remset   ] GC(175) Visited cards 12467712 Total dirty 58851328 (21.19%) Total old 366411776 (3.40%)
[2025-10-13T19:38:47.342-0700][1256 ][info ][gc,phases   ] GC(175)   Pre Evacuate Collection Set: 0.7ms
[2025-10-13T19:38:47.342-0700][1256 ][info ][gc,phases   ] GC(175)   Merge Heap Roots: 12.1ms
[2025-10-13T19:38:47.342-0700][1256 ][info ][gc,phases   ] GC(175)   Evacuate Collection Set: 147.4ms
[2025-10-13T19:38:47.342-0700][1256 ][info ][gc,phases   ] GC(175)   Post Evacuate Collection Set: 11.8ms
[2025-10-13T19:38:47.342-0700][1256 ][info ][gc,phases   ] GC(175)   Other: 0.2ms
[2025-10-13T19:38:47.343-0700][1256 ][debug][gc,remset   ] GC(175) Coarsening (recent): Inline->AoC 42513 (0) AoC->Howl 182 (0) Howl->Full 0 (0) Inline->AoC 858 (0) AoC->BitMap 99 (0) BitMap->Full 0 (0) 
[2025-10-13T19:38:47.343-0700][1256 ][debug][gc,remset   ] GC(175) Coarsening (all): Inline->AoC 4939293 (150) AoC->Howl 75811 (629) Howl->Full 0 (0) Inline->AoC 292709 (224) AoC->BitMap 89097 (533) BitMap->Full 13 (0) 
[2025-10-13T19:38:47.343-0700][1256 ][info ][gc,heap     ] GC(175) Eden regions: 2038->0(2102)
[2025-10-13T19:38:47.343-0700][1256 ][info ][gc,heap     ] GC(175) Survivor regions: 199->180(280)
[2025-10-13T19:38:47.343-0700][1256 ][info ][gc,heap     ] GC(175) Old regions: 1016->996
[2025-10-13T19:38:47.343-0700][1256 ][info ][gc,heap     ] GC(175) Humongous regions: 10->0
[2025-10-13T19:38:47.343-0700][1256 ][info ][gc,metaspace] GC(175) Metaspace: 319257K(325056K)->319257K(325056K) NonClass: 280957K(284032K)->280957K(284032K) Class: 38299K(41024K)->38299K(41024K)
[2025-10-13T19:38:47.343-0700][1256 ][info ][gc          ] GC(175) Pause Young (Mixed) (G1 Evacuation Pause) 104384M->37621M(184320M) 172.390ms
[2025-10-13T19:38:47.344-0700][1256 ][info ][gc,cpu      ] GC(175) User=16.16s Sys=0.21s Real=0.17s
[2025-10-13T19:38:47.346-0700][1256 ][info ][safepoint   ] Safepoint "G1CollectForAllocation", Time since last: 776078595 ns, Reaching safepoint: 922987 ns, Cleanup: 53301 ns, At safepoint: 177264555 ns, Total: 178240843 ns
[2025-10-13T19:38:48.347-0700][1256 ][info ][safepoint   ] Safepoint "Cleanup", Time since last: 1000095719 ns, Reaching safepoint: 968476 ns, Cleanup: 21432 ns, At safepoint: 364492 ns, Total: 1354400 ns
[2025-10-13T19:38:49.349-0700][1256 ][info ][safepoint   ] Safepoint "Cleanup", Time since last: 1000114868 ns, Reaching safepoint: 817537 ns, Cleanup: 168385 ns, At safepoint: 342809 ns, Total: 1328731 ns
[2025-10-13T19:38:50.351-0700][1256 ][info ][safepoint   ] Safepoint "Cleanup", Time since last: 1000115929 ns, Reaching safepoint: 976278 ns, Cleanup: 55574 ns, At safepoint: 1095178 ns, Total: 2127030 ns
[2025-10-13T19:38:51.352-0700][1256 ][info ][safepoint   ] Safepoint "Cleanup", Time since last: 1000124112 ns, Reaching safepoint: 876606 ns, Cleanup: 15193 ns, At safepoint: 473136 ns, Total: 1364935 ns
[2025-10-13T19:38:52.355-0700][1256 ][info ][safepoint   ] Safepoint "Cleanup", Time since last: 1000113126 ns, Reaching safepoint: 1137191 ns, Cleanup: 46821 ns, At safepoint: 1094096 ns, Total: 2278108 ns
[2025-10-13T19:38:53.357-0700][1256 ][info ][safepoint   ] Safepoint "Cleanup", Time since last: 1000131953 ns, Reaching safepoint: 991281 ns, Cleanup: 34602 ns, At safepoint: 1297534 ns, Total: 2323417 ns
[2025-10-13T19:38:53.426-0700][1256 ][info ][gc,start    ] GC(176) Pause Young (Mixed) (G1 Evacuation Pause)
[2025-10-13T19:38:53.426-0700][1256 ][info ][gc,task     ] GC(176) Using 113 workers of 113 for evacuation
[2025-10-13T19:38:53.440-0700][1256 ][debug][gc,remset   ] GC(176) Visited cards 13271552 Total dirty 57671680 (23.01%) Total old 383254528 (3.46%)
[2025-10-13T19:38:53.610-0700][1256 ][info ][gc,phases   ] GC(176)   Pre Evacuate Collection Set: 0.8ms
[2025-10-13T19:38:53.610-0700][1256 ][info ][gc,phases   ] GC(176)   Merge Heap Roots: 12.5ms
[2025-10-13T19:38:53.610-0700][1256 ][info ][gc,phases   ] GC(176)   Evacuate Collection Set: 158.9ms
[2025-10-13T19:38:53.610-0700][1256 ][info ][gc,phases   ] GC(176)   Post Evacuate Collection Set: 11.4ms
[2025-10-13T19:38:53.610-0700][1256 ][info ][gc,phases   ] GC(176)   Other: 0.2ms
[2025-10-13T19:38:53.610-0700][1256 ][debug][gc,remset   ] GC(176) Coarsening (recent): Inline->AoC 29816 (0) AoC->Howl 249 (0) Howl->Full 0 (0) Inline->AoC 882 (0) AoC->BitMap 171 (0) BitMap->Full 0 (0) 
[2025-10-13T19:38:53.610-0700][1256 ][debug][gc,remset   ] GC(176) Coarsening (all): Inline->AoC 4969109 (150) AoC->Howl 76060 (629) Howl->Full 0 (0) Inline->AoC 293591 (224) AoC->BitMap 89268 (533) BitMap->Full 13 (0) 
[2025-10-13T19:38:53.610-0700][1256 ][info ][gc,heap     ] GC(176) Eden regions: 2194->0(2312)
[2025-10-13T19:38:53.610-0700][1256 ][info ][gc,heap     ] GC(176) Survivor regions: 180->193(297)
[2025-10-13T19:38:53.610-0700][1256 ][info ][gc,heap     ] GC(176) Old regions: 996->949
[2025-10-13T19:38:53.610-0700][1256 ][info ][gc,heap     ] GC(176) Humongous regions: 13->0
[2025-10-13T19:38:53.610-0700][1256 ][info ][gc,metaspace] GC(176) Metaspace: 319271K(325056K)->319271K(325056K) NonClass: 280971K(284032K)->280971K(284032K) Class: 38299K(41024K)->38299K(41024K)
[2025-10-13T19:38:53.610-0700][1256 ][info ][gc          ] GC(176) Pause Young (Mixed) (G1 Evacuation Pause) 108245M->36501M(184320M) 183.993ms
[2025-10-13T19:38:53.612-0700][1256 ][info ][gc,cpu      ] GC(176) User=15.60s Sys=0.15s Real=0.19s
[2025-10-13T19:38:53.614-0700][1256 ][info ][safepoint   ] Safepoint "G1CollectForAllocation", Time since last: 49586327 ns, Reaching safepoint: 17777366 ns, Cleanup: 5929 ns, At safepoint: 188885553 ns, Total: 206668848 ns
[2025-10-13T19:38:54.615-0700][1256 ][info ][safepoint   ] Safepoint "Cleanup", Time since last: 1000088879 ns, Reaching safepoint: 905000 ns, Cleanup: 12308 ns, At safepoint: 311111 ns, Total: 1228419 ns
[2025-10-13T19:38:56.619-0700][1256 ][info ][safepoint   ] Safepoint "Cleanup", Time since last: 2000165849 ns, Reaching safepoint: 3068344 ns, Cleanup: 15384 ns, At safepoint: 728622 ns, Total: 3812350 ns
[2025-10-13T19:38:58.620-0700][1256 ][info ][safepoint   ] Safepoint "Cleanup", Time since last: 2000186200 ns, Reaching safepoint: 932081 ns, Cleanup: 12519 ns, At safepoint: 314165 ns, Total: 1258765 ns
[2025-10-13T19:39:01.622-0700][1256 ][info ][safepoint   ] Safepoint "Cleanup", Time since last: 3000229761 ns, Reaching safepoint: 844638 ns, Cleanup: 24978 ns, At safepoint: 161765 ns, Total: 1031381 ns
[2025-10-13T19:39:02.503-0700][1256 ][info ][gc,start    ] GC(177) Pause Young (Normal) (G1 Evacuation Pause)
[2025-10-13T19:39:02.503-0700][1256 ][info ][gc,task     ] GC(177) Using 113 workers of 113 for evacuation
[2025-10-13T19:39:02.516-0700][1256 ][debug][gc,remset   ] GC(177) Visited cards 8481792 Total dirty 56229888 (15.08%) Total old 394264576 (2.15%)
[2025-10-13T19:39:02.661-0700][1256 ][info ][gc,phases   ] GC(177)   Pre Evacuate Collection Set: 0.7ms
[2025-10-13T19:39:02.661-0700][1256 ][info ][gc,phases   ] GC(177)   Merge Heap Roots: 12.4ms
[2025-10-13T19:39:02.661-0700][1256 ][info ][gc,phases   ] GC(177)   Evacuate Collection Set: 132.8ms
[2025-10-13T19:39:02.661-0700][1256 ][info ][gc,phases   ] GC(177)   Post Evacuate Collection Set: 11.8ms
[2025-10-13T19:39:02.661-0700][1256 ][info ][gc,phases   ] GC(177)   Other: 0.1ms
[2025-10-13T19:39:02.661-0700][1256 ][debug][gc,remset   ] GC(177) Coarsening (recent): Inline->AoC 42398 (0) AoC->Howl 107 (0) Howl->Full 0 (0) Inline->AoC 451 (0) AoC->BitMap 58 (0) BitMap->Full 0 (0) 
[2025-10-13T19:39:02.661-0700][1256 ][debug][gc,remset   ] GC(177) Coarsening (all): Inline->AoC 5011507 (150) AoC->Howl 76167 (629) Howl->Full 0 (0) Inline->AoC 294042 (224) AoC->BitMap 89326 (533) BitMap->Full 13 (0) 
[2025-10-13T19:39:02.661-0700][1256 ][info ][gc,heap     ] GC(177) Eden regions: 2335->0(2449)
[2025-10-13T19:39:02.661-0700][1256 ][info ][gc,heap     ] GC(177) Survivor regions: 193->191(316)
[2025-10-13T19:39:02.661-0700][1256 ][info ][gc,heap     ] GC(177) Old regions: 949->995
[2025-10-13T19:39:02.661-0700][1256 ][info ][gc,heap     ] GC(177) Humongous regions: 11->0
[2025-10-13T19:39:02.661-0700][1256 ][info ][gc,metaspace] GC(177) Metaspace: 319272K(325056K)->319272K(325056K) NonClass: 280972K(284032K)->280972K(284032K) Class: 38299K(41024K)->38299K(41024K)
[2025-10-13T19:39:02.661-0700][1256 ][info ][gc          ] GC(177) Pause Young (Normal) (G1 Evacuation Pause) 111573M->37920M(184320M) 158.126ms
[2025-10-13T19:39:02.663-0700][1256 ][info ][gc,cpu      ] GC(177) User=15.28s Sys=0.28s Real=0.16s
[2025-10-13T19:39:02.664-0700][1256 ][info ][safepoint   ] Safepoint "G1CollectForAllocation", Time since last: 878814162 ns, Reaching safepoint: 843156 ns, Cleanup: 25479 ns, At safepoint: 162987527 ns, Total: 163856162 ns
[2025-10-13T19:39:03.681-0700][1256 ][info ][safepoint   ] Safepoint "Cleanup", Time since last: 1012369375 ns, Reaching safepoint: 3668352 ns, Cleanup: 15213 ns, At safepoint: 786610 ns, Total: 4470175 ns
[2025-10-13T19:39:04.684-0700][1256 ][info ][safepoint   ] Safepoint "Cleanup", Time since last: 1000126923 ns, Reaching safepoint: 1019503 ns, Cleanup: 33510 ns, At safepoint: 1814225 ns, Total: 2867238 ns
[2025-10-13T19:39:05.686-0700][1256 ][info ][safepoint   ] Safepoint "Cleanup", Time since last: 1000153025 ns, Reaching safepoint: 952751 ns, Cleanup: 19440 ns, At safepoint: 699878 ns, Total: 1672069 ns
[2025-10-13T19:39:07.687-0700][1256 ][info ][safepoint   ] Safepoint "Cleanup", Time since last: 2000222455 ns, Reaching safepoint: 860602 ns, Cleanup: 45950 ns, At safepoint: 264440 ns, Total: 1170992 ns
[2025-10-13T19:39:08.689-0700][1256 ][info ][safepoint   ] Safepoint "Cleanup", Time since last: 1000110901 ns, Reaching safepoint: 1174527 ns, Cleanup: 16966 ns, At safepoint: 761792 ns, Total: 1953285 ns
[2025-10-13T19:39:09.692-0700][1256 ][info ][safepoint   ] Safepoint "Cleanup", Time since last: 1000126506 ns, Reaching safepoint: 1262279 ns, Cleanup: 21102 ns, At safepoint: 942005 ns, Total: 2225386 ns
[2025-10-13T19:39:10.694-0700][1256 ][info ][safepoint   ] Safepoint "Cleanup", Time since last: 1000130201 ns, Reaching safepoint: 1153465 ns, Cleanup: 42734 ns, At safepoint: 997719 ns, Total: 2193918 ns
[2025-10-13T19:39:10.938-0700][1256 ][info ][gc,start    ] GC(178) Pause Young (Normal) (G1 Evacuation Pause)
[2025-10-13T19:39:10.938-0700][1256 ][info ][gc,task     ] GC(178) Using 113 workers of 113 for evacuation
[2025-10-13T19:39:10.952-0700][1256 ][debug][gc,remset   ] GC(178) Visited cards 8719616 Total dirty 58982400 (14.78%) Total old 417988608 (2.09%)
[2025-10-13T19:39:11.108-0700][1256 ][info ][gc,phases   ] GC(178)   Pre Evacuate Collection Set: 0.8ms
[2025-10-13T19:39:11.108-0700][1256 ][info ][gc,phases   ] GC(178)   Merge Heap Roots: 12.9ms
[2025-10-13T19:39:11.108-0700][1256 ][info ][gc,phases   ] GC(178)   Evacuate Collection Set: 142.5ms
[2025-10-13T19:39:11.108-0700][1256 ][info ][gc,phases   ] GC(178)   Post Evacuate Collection Set: 12.9ms
[2025-10-13T19:39:11.108-0700][1256 ][info ][gc,phases   ] GC(178)   Other: 0.2ms
[2025-10-13T19:39:11.108-0700][1256 ][debug][gc,remset   ] GC(178) Coarsening (recent): Inline->AoC 37384 (0) AoC->Howl 128 (4) Howl->Full 0 (0) Inline->AoC 491 (3) AoC->BitMap 79 (1) BitMap->Full 0 (0) 
[2025-10-13T19:39:11.108-0700][1256 ][debug][gc,remset   ] GC(178) Coarsening (all): Inline->AoC 5048891 (150) AoC->Howl 76295 (633) Howl->Full 0 (0) Inline->AoC 294533 (227) AoC->BitMap 89405 (534) BitMap->Full 13 (0) 
[2025-10-13T19:39:11.108-0700][1256 ][info ][gc,heap     ] GC(178) Eden regions: 2492->0(2712)
[2025-10-13T19:39:11.108-0700][1256 ][info ][gc,heap     ] GC(178) Survivor regions: 191->181(336)
[2025-10-13T19:39:11.108-0700][1256 ][info ][gc,heap     ] GC(178) Old regions: 995->1043
[2025-10-13T19:39:11.108-0700][1256 ][info ][gc,heap     ] GC(178) Humongous regions: 17->0
[2025-10-13T19:39:11.108-0700][1256 ][info ][gc,metaspace] GC(178) Metaspace: 319344K(325184K)->319344K(325184K) NonClass: 281036K(284160K)->281036K(284160K) Class: 38307K(41024K)->38307K(41024K)
[2025-10-13T19:39:11.108-0700][1256 ][info ][gc          ] GC(178) Pause Young (Normal) (G1 Evacuation Pause) 118208M->39168M(184320M) 169.501ms
[2025-10-13T19:39:11.110-0700][1256 ][info ][gc,cpu      ] GC(178) User=14.93s Sys=0.19s Real=0.17s
[2025-10-13T19:39:11.111-0700][1256 ][info ][safepoint   ] Safepoint "G1CollectForAllocation", Time since last: 227817635 ns, Reaching safepoint: 14769421 ns, Cleanup: 5528 ns, At safepoint: 174413925 ns, Total: 189188874 ns
[2025-10-13T19:39:12.113-0700][1256 ][info ][safepoint   ] Safepoint "Cleanup", Time since last: 1000106695 ns, Reaching safepoint: 1030469 ns, Cleanup: 16134 ns, At safepoint: 693670 ns, Total: 1740273 ns
[2025-10-13T19:39:13.114-0700][1256 ][info ][safepoint   ] Safepoint "Cleanup", Time since last: 1000124122 ns, Reaching safepoint: 1140254 ns, Cleanup: 31929 ns, At safepoint: 185621 ns, Total: 1357804 ns
[2025-10-13T19:39:14.127-0700][1256 ][info ][safepoint   ] Safepoint "Cleanup", Time since last: 1000108067 ns, Reaching safepoint: 10451640 ns, Cleanup: 10626 ns, At safepoint: 1820413 ns, Total: 12282679 ns
[2025-10-13T19:39:15.139-0700][1256 ][info ][safepoint   ] Safepoint "Cleanup", Time since last: 1000112004 ns, Reaching safepoint: 9363644 ns, Cleanup: 11117 ns, At safepoint: 2346990 ns, Total: 11721751 ns
[2025-10-13T19:39:16.178-0700][1256 ][info ][safepoint   ] Safepoint "Cleanup", Time since last: 1000794295 ns, Reaching safepoint: 36779835 ns, Cleanup: 16845 ns, At safepoint: 2248421 ns, Total: 39045101 ns
[2025-10-13T19:39:18.180-0700][1256 ][info ][safepoint   ] Safepoint "Cleanup", Time since last: 2000187542 ns, Reaching safepoint: 895966 ns, Cleanup: 15122 ns, At safepoint: 445474 ns, Total: 1356562 ns
[2025-10-13T19:39:19.321-0700][1256 ][info ][gc,start    ] GC(179) Pause Young (Normal) (G1 Evacuation Pause)
[2025-10-13T19:39:19.321-0700][1256 ][info ][gc,task     ] GC(179) Using 113 workers of 113 for evacuation
[2025-10-13T19:39:19.336-0700][1256 ][debug][gc,remset   ] GC(179) Visited cards 8942336 Total dirty 61865984 (14.45%) Total old 451084288 (1.98%)
[2025-10-13T19:39:19.475-0700][1256 ][info ][gc,phases   ] GC(179)   Pre Evacuate Collection Set: 0.8ms
[2025-10-13T19:39:19.475-0700][1256 ][info ][gc,phases   ] GC(179)   Merge Heap Roots: 13.6ms
[2025-10-13T19:39:19.475-0700][1256 ][info ][gc,phases   ] GC(179)   Evacuate Collection Set: 124.6ms
[2025-10-13T19:39:19.475-0700][1256 ][info ][gc,phases   ] GC(179)   Post Evacuate Collection Set: 14.1ms
[2025-10-13T19:39:19.475-0700][1256 ][info ][gc,phases   ] GC(179)   Other: 0.2ms
[2025-10-13T19:39:19.475-0700][1256 ][debug][gc,remset   ] GC(179) Coarsening (recent): Inline->AoC 45952 (0) AoC->Howl 131 (0) Howl->Full 0 (0) Inline->AoC 520 (0) AoC->BitMap 76 (0) BitMap->Full 0 (0) 
[2025-10-13T19:39:19.475-0700][1256 ][debug][gc,remset   ] GC(179) Coarsening (all): Inline->AoC 5094843 (150) AoC->Howl 76426 (633) Howl->Full 0 (0) Inline->AoC 295053 (227) AoC->BitMap 89481 (534) BitMap->Full 13 (0) 
[2025-10-13T19:39:19.475-0700][1256 ][info ][gc,heap     ] GC(179) Eden regions: 2734->0(2370)
[2025-10-13T19:39:19.475-0700][1256 ][info ][gc,heap     ] GC(179) Survivor regions: 181->226(365)
[2025-10-13T19:39:19.475-0700][1256 ][info ][gc,heap     ] GC(179) Old regions: 1043->1043
[2025-10-13T19:39:19.475-0700][1256 ][info ][gc,heap     ] GC(179) Humongous regions: 10->0
[2025-10-13T19:39:19.475-0700][1256 ][info ][gc,metaspace] GC(179) Metaspace: 319358K(325248K)->319358K(325248K) NonClass: 281049K(284160K)->281049K(284160K) Class: 38309K(41088K)->38309K(41088K)
[2025-10-13T19:39:19.475-0700][1256 ][info ][gc          ] GC(179) Pause Young (Normal) (G1 Evacuation Pause) 126976M->40585M(184320M) 153.420ms
[2025-10-13T19:39:19.476-0700][1256 ][info ][gc,cpu      ] GC(179) User=15.62s Sys=0.29s Real=0.15s
[2025-10-13T19:39:19.478-0700][1256 ][info ][safepoint   ] Safepoint "G1CollectForAllocation", Time since last: 1138729261 ns, Reaching safepoint: 808363 ns, Cleanup: 5068 ns, At safepoint: 158065425 ns, Total: 158878856 ns
[2025-10-13T19:39:23.479-0700][1256 ][info ][safepoint   ] Safepoint "Cleanup", Time since last: 4000302494 ns, Reaching safepoint: 949226 ns, Cleanup: 25028 ns, At safepoint: 179301 ns, Total: 1153555 ns
[2025-10-13T19:39:27.480-0700][1256 ][info ][safepoint   ] Safepoint "Cleanup", Time since last: 4000269885 ns, Reaching safepoint: 853901 ns, Cleanup: 23346 ns, At safepoint: 236648 ns, Total: 1113895 ns
[2025-10-13T19:39:27.525-0700][1256 ][info ][gc,start    ] GC(180) Pause Young (Normal) (G1 Evacuation Pause)
[2025-10-13T19:39:27.525-0700][1256 ][info ][gc,task     ] GC(180) Using 113 workers of 113 for evacuation
[2025-10-13T19:39:27.539-0700][1256 ][debug][gc,remset   ] GC(180) Visited cards 9018624 Total dirty 62128128 (14.52%) Total old 411172864 (2.19%)
[2025-10-13T19:39:27.710-0700][1256 ][info ][gc,phases   ] GC(180)   Pre Evacuate Collection Set: 0.7ms
[2025-10-13T19:39:27.710-0700][1256 ][info ][gc,phases   ] GC(180)   Merge Heap Roots: 12.8ms
[2025-10-13T19:39:27.710-0700][1256 ][info ][gc,phases   ] GC(180)   Evacuate Collection Set: 158.0ms
[2025-10-13T19:39:27.710-0700][1256 ][info ][gc,phases   ] GC(180)   Post Evacuate Collection Set: 13.3ms
[2025-10-13T19:39:27.710-0700][1256 ][info ][gc,phases   ] GC(180)   Other: 0.2ms
[2025-10-13T19:39:27.710-0700][1256 ][debug][gc,remset   ] GC(180) Coarsening (recent): Inline->AoC 46428 (0) AoC->Howl 143 (0) Howl->Full 0 (0) Inline->AoC 654 (0) AoC->BitMap 98 (0) BitMap->Full 0 (0) 
[2025-10-13T19:39:27.710-0700][1256 ][debug][gc,remset   ] GC(180) Coarsening (all): Inline->AoC 5141271 (150) AoC->Howl 76569 (633) Howl->Full 0 (0) Inline->AoC 295707 (227) AoC->BitMap 89579 (534) BitMap->Full 13 (0) 
[2025-10-13T19:39:27.710-0700][1256 ][info ][gc,heap     ] GC(180) Eden regions: 2383->0(2842)
[2025-10-13T19:39:27.710-0700][1256 ][info ][gc,heap     ] GC(180) Survivor regions: 226->195(327)
[2025-10-13T19:39:27.710-0700][1256 ][info ][gc,heap     ] GC(180) Old regions: 1043->1120
[2025-10-13T19:39:27.710-0700][1256 ][info ][gc,heap     ] GC(180) Humongous regions: 13->0
[2025-10-13T19:39:27.710-0700][1256 ][info ][gc,metaspace] GC(180) Metaspace: 319414K(325312K)->319414K(325312K) NonClass: 281099K(284224K)->281099K(284224K) Class: 38315K(41088K)->38315K(41088K)
[2025-10-13T19:39:27.710-0700][1256 ][info ][gc          ] GC(180) Pause Young (Normal) (G1 Evacuation Pause) 117257M->42056M(184320M) 185.140ms
[2025-10-13T19:39:27.712-0700][1256 ][info ][gc,cpu      ] GC(180) User=17.39s Sys=0.23s Real=0.19s
[2025-10-13T19:39:27.713-0700][1256 ][info ][safepoint   ] Safepoint "G1CollectForAllocation", Time since last: 41986540 ns, Reaching safepoint: 977499 ns, Cleanup: 4687 ns, At safepoint: 189971187 ns, Total: 190953373 ns
[2025-10-13T19:39:28.724-0700][1256 ][info ][safepoint   ] Safepoint "Cleanup", Time since last: 1000098563 ns, Reaching safepoint: 8548170 ns, Cleanup: 26741 ns, At safepoint: 1888657 ns, Total: 10463568 ns
[2025-10-13T19:39:29.726-0700][1256 ][info ][safepoint   ] Safepoint "Cleanup", Time since last: 1000124302 ns, Reaching safepoint: 891208 ns, Cleanup: 10666 ns, At safepoint: 1247827 ns, Total: 2149701 ns
[2025-10-13T19:39:30.729-0700][1256 ][info ][safepoint   ] Safepoint "Cleanup", Time since last: 1000129330 ns, Reaching safepoint: 1809848 ns, Cleanup: 14492 ns, At safepoint: 1267307 ns, Total: 3091647 ns
[2025-10-13T19:39:31.747-0700][1256 ][info ][safepoint   ] Safepoint "Cleanup", Time since last: 1000156070 ns, Reaching safepoint: 15660709 ns, Cleanup: 18748 ns, At safepoint: 2073226 ns, Total: 17752683 ns
[2025-10-13T19:39:33.749-0700][1256 ][info ][safepoint   ] Safepoint "Cleanup", Time since last: 2000185349 ns, Reaching safepoint: 940212 ns, Cleanup: 13741 ns, At safepoint: 447366 ns, Total: 1401319 ns
[2025-10-13T19:39:34.751-0700][1256 ][info ][safepoint   ] Safepoint "Cleanup", Time since last: 1000119706 ns, Reaching safepoint: 942466 ns, Cleanup: 10616 ns, At safepoint: 1250561 ns, Total: 2203643 ns
[2025-10-13T19:39:34.770-0700][1256 ][info ][gc,start    ] GC(181) Pause Young (Normal) (G1 Evacuation Pause)
[2025-10-13T19:39:34.770-0700][1256 ][info ][gc,task     ] GC(181) Using 113 workers of 113 for evacuation
[2025-10-13T19:39:34.784-0700][1256 ][debug][gc,remset   ] GC(181) Visited cards 9118464 Total dirty 66650112 (13.68%) Total old 483786752 (1.88%)
[2025-10-13T19:39:35.174-0700][1256 ][info ][gc,mmu      ] GC(181) MMU target violated: 201.0ms (200.0ms/201.0ms)
[2025-10-13T19:39:35.174-0700][1256 ][info ][gc,phases   ] GC(181)   Pre Evacuate Collection Set: 0.9ms
[2025-10-13T19:39:35.174-0700][1256 ][info ][gc,phases   ] GC(181)   Merge Heap Roots: 13.1ms
[2025-10-13T19:39:35.174-0700][1256 ][info ][gc,phases   ] GC(181)   Evacuate Collection Set: 375.3ms
[2025-10-13T19:39:35.174-0700][1256 ][info ][gc,phases   ] GC(181)   Post Evacuate Collection Set: 14.5ms
[2025-10-13T19:39:35.174-0700][1256 ][info ][gc,phases   ] GC(181)   Other: 0.3ms
[2025-10-13T19:39:35.174-0700][1256 ][debug][gc,remset   ] GC(181) Coarsening (recent): Inline->AoC 36040 (0) AoC->Howl 118 (0) Howl->Full 0 (0) Inline->AoC 451 (0) AoC->BitMap 81 (0) BitMap->Full 0 (0) 
[2025-10-13T19:39:35.174-0700][1256 ][debug][gc,remset   ] GC(181) Coarsening (all): Inline->AoC 5177311 (150) AoC->Howl 76687 (633) Howl->Full 0 (0) Inline->AoC 296158 (227) AoC->BitMap 89660 (534) BitMap->Full 13 (0) 
[2025-10-13T19:39:35.174-0700][1256 ][info ][gc,heap     ] GC(181) Eden regions: 2928->0(134)
[2025-10-13T19:39:35.174-0700][1256 ][info ][gc,heap     ] GC(181) Survivor regions: 195->391(391)
[2025-10-13T19:39:35.174-0700][1256 ][info ][gc,heap     ] GC(181) Old regions: 1120->1250
[2025-10-13T19:39:35.174-0700][1256 ][info ][gc,heap     ] GC(181) Humongous regions: 16->0
[2025-10-13T19:39:35.174-0700][1256 ][info ][gc,metaspace] GC(181) Metaspace: 319428K(325312K)->319428K(325312K) NonClass: 281111K(284224K)->281111K(284224K) Class: 38316K(41088K)->38316K(41088K)
[2025-10-13T19:39:35.174-0700][1256 ][info ][gc          ] GC(181) Pause Young (Normal) (G1 Evacuation Pause) 136264M->52505M(184320M) 404.217ms
[2025-10-13T19:39:35.176-0700][1256 ][info ][gc,cpu      ] GC(181) User=40.14s Sys=0.31s Real=0.41s
[2025-10-13T19:39:35.177-0700][1256 ][info ][safepoint   ] Safepoint "G1CollectForAllocation", Time since last: 14312089 ns, Reaching safepoint: 2372919 ns, Cleanup: 6020 ns, At safepoint: 409423628 ns, Total: 411802567 ns
[2025-10-13T19:39:35.364-0700][1256 ][info ][gc,start    ] GC(182) Pause Young (Normal) (G1 Evacuation Pause)
[2025-10-13T19:39:35.364-0700][1256 ][info ][gc,task     ] GC(182) Using 113 workers of 113 for evacuation
[2025-10-13T19:39:35.374-0700][1256 ][debug][gc,remset   ] GC(182) Visited cards 11140864 Total dirty 74645504 (14.93%) Total old 159383552 (6.99%)
[2025-10-13T19:39:35.621-0700][1256 ][info ][gc,mmu      ] GC(182) MMU target violated: 201.0ms (200.0ms/201.0ms)
[2025-10-13T19:39:35.621-0700][1256 ][info ][gc,phases   ] GC(182)   Pre Evacuate Collection Set: 0.7ms
[2025-10-13T19:39:35.621-0700][1256 ][info ][gc,phases   ] GC(182)   Merge Heap Roots: 9.9ms
[2025-10-13T19:39:35.621-0700][1256 ][info ][gc,phases   ] GC(182)   Evacuate Collection Set: 242.0ms
[2025-10-13T19:39:35.621-0700][1256 ][info ][gc,phases   ] GC(182)   Post Evacuate Collection Set: 4.4ms
[2025-10-13T19:39:35.621-0700][1256 ][info ][gc,phases   ] GC(182)   Other: 0.2ms
[2025-10-13T19:39:35.621-0700][1256 ][debug][gc,remset   ] GC(182) Coarsening (recent): Inline->AoC 5376 (8) AoC->Howl 98 (35) Howl->Full 0 (0) Inline->AoC 315 (6) AoC->BitMap 40 (5) BitMap->Full 0 (0) 
[2025-10-13T19:39:35.621-0700][1256 ][debug][gc,remset   ] GC(182) Coarsening (all): Inline->AoC 5182687 (158) AoC->Howl 76785 (668) Howl->Full 0 (0) Inline->AoC 296473 (233) AoC->BitMap 89700 (539) BitMap->Full 13 (0) 
[2025-10-13T19:39:35.621-0700][1256 ][info ][gc,heap     ] GC(182) Eden regions: 199->0(931)
[2025-10-13T19:39:35.621-0700][1256 ][info ][gc,heap     ] GC(182) Survivor regions: 391->74(74)
[2025-10-13T19:39:35.621-0700][1256 ][info ][gc,heap     ] GC(182) Old regions: 1250->1636
[2025-10-13T19:39:35.621-0700][1256 ][info ][gc,heap     ] GC(182) Humongous regions: 2->0
[2025-10-13T19:39:35.621-0700][1256 ][info ][gc,metaspace] GC(182) Metaspace: 319428K(325312K)->319428K(325312K) NonClass: 281111K(284224K)->281111K(284224K) Class: 38316K(41088K)->38316K(41088K)
[2025-10-13T19:39:35.621-0700][1256 ][info ][gc          ] GC(182) Pause Young (Normal) (G1 Evacuation Pause) 58937M->54699M(184320M) 257.370ms
[2025-10-13T19:39:35.623-0700][1256 ][info ][gc,cpu      ] GC(182) User=25.32s Sys=0.01s Real=0.26s
[2025-10-13T19:39:35.624-0700][1256 ][info ][safepoint   ] Safepoint "G1CollectForAllocation", Time since last: 183629504 ns, Reaching safepoint: 895114 ns, Cleanup: 4507 ns, At safepoint: 262484553 ns, Total: 263384174 ns
[2025-10-13T19:39:36.626-0700][1256 ][info ][safepoint   ] Safepoint "Cleanup", Time since last: 1000097802 ns, Reaching safepoint: 863386 ns, Cleanup: 12409 ns, At safepoint: 223248 ns, Total: 1099043 ns
[2025-10-13T19:39:37.877-0700][1256 ][info ][gc,start    ] GC(183) Pause Young (Normal) (G1 Evacuation Pause)
[2025-10-13T19:39:37.877-0700][1256 ][info ][gc,task     ] GC(183) Using 113 workers of 113 for evacuation
[2025-10-13T19:39:37.890-0700][1256 ][debug][gc,remset   ] GC(183) Visited cards 9922560 Total dirty 88276992 (11.24%) Total old 248119296 (4.00%)
[2025-10-13T19:39:38.020-0700][1256 ][info ][gc,phases   ] GC(183)   Pre Evacuate Collection Set: 0.7ms
[2025-10-13T19:39:38.020-0700][1256 ][info ][gc,phases   ] GC(183)   Merge Heap Roots: 12.3ms
[2025-10-13T19:39:38.020-0700][1256 ][info ][gc,phases   ] GC(183)   Evacuate Collection Set: 122.5ms
[2025-10-13T19:39:38.020-0700][1256 ][info ][gc,phases   ] GC(183)   Post Evacuate Collection Set: 7.3ms
[2025-10-13T19:39:38.020-0700][1256 ][info ][gc,phases   ] GC(183)   Other: 0.1ms
[2025-10-13T19:39:38.020-0700][1256 ][debug][gc,remset   ] GC(183) Coarsening (recent): Inline->AoC 770 (2) AoC->Howl 0 (0) Howl->Full 0 (0) Inline->AoC 0 (0) AoC->BitMap 0 (0) BitMap->Full 0 (0) 
[2025-10-13T19:39:38.020-0700][1256 ][debug][gc,remset   ] GC(183) Coarsening (all): Inline->AoC 5183457 (160) AoC->Howl 76785 (668) Howl->Full 0 (0) Inline->AoC 296473 (233) AoC->BitMap 89700 (539) BitMap->Full 13 (0) 
[2025-10-13T19:39:38.020-0700][1256 ][info ][gc,heap     ] GC(183) Eden regions: 1001->0(770)
[2025-10-13T19:39:38.020-0700][1256 ][info ][gc,heap     ] GC(183) Survivor regions: 74->135(135)
[2025-10-13T19:39:38.020-0700][1256 ][info ][gc,heap     ] GC(183) Old regions: 1636->1691
[2025-10-13T19:39:38.020-0700][1256 ][info ][gc,heap     ] GC(183) Humongous regions: 0->0
[2025-10-13T19:39:38.020-0700][1256 ][info ][gc,metaspace] GC(183) Metaspace: 319431K(325312K)->319431K(325312K) NonClass: 281114K(284224K)->281114K(284224K) Class: 38316K(41088K)->38316K(41088K)
[2025-10-13T19:39:38.020-0700][1256 ][info ][gc          ] GC(183) Pause Young (Normal) (G1 Evacuation Pause) 86731M->58432M(184320M) 143.089ms
[2025-10-13T19:39:38.022-0700][1256 ][info ][gc,cpu      ] GC(183) User=14.15s Sys=0.05s Real=0.15s
[2025-10-13T19:39:38.023-0700][1256 ][info ][safepoint   ] Safepoint "G1CollectForAllocation", Time since last: 1248518802 ns, Reaching safepoint: 962666 ns, Cleanup: 5078 ns, At safepoint: 148129996 ns, Total: 149097740 ns
[2025-10-13T19:39:38.742-0700][1256 ][info ][gc,start    ] GC(184) Pause Young (Concurrent Start) (G1 Humongous Allocation)
[2025-10-13T19:39:38.742-0700][1256 ][info ][gc,task     ] GC(184) Using 113 workers of 113 for evacuation
[2025-10-13T19:39:38.753-0700][1256 ][debug][gc,remset   ] GC(184) Visited cards 10329344 Total dirty 92340224 (11.19%) Total old 167444480 (6.17%)
[2025-10-13T19:39:38.859-0700][1256 ][info ][gc,phases   ] GC(184)   Pre Evacuate Collection Set: 0.9ms
[2025-10-13T19:39:38.859-0700][1256 ][info ][gc,phases   ] GC(184)   Merge Heap Roots: 9.9ms
[2025-10-13T19:39:38.859-0700][1256 ][info ][gc,phases   ] GC(184)   Evacuate Collection Set: 101.7ms
[2025-10-13T19:39:38.859-0700][1256 ][info ][gc,phases   ] GC(184)   Post Evacuate Collection Set: 4.3ms
[2025-10-13T19:39:38.859-0700][1256 ][info ][gc,phases   ] GC(184)   Other: 0.1ms
[2025-10-13T19:39:38.859-0700][1256 ][debug][gc,remset   ] GC(184) Coarsening (recent): Inline->AoC 77 (0) AoC->Howl 0 (0) Howl->Full 0 (0) Inline->AoC 0 (0) AoC->BitMap 0 (0) BitMap->Full 0 (0) 
[2025-10-13T19:39:38.859-0700][1256 ][debug][gc,remset   ] GC(184) Coarsening (all): Inline->AoC 5183534 (160) AoC->Howl 76785 (668) Howl->Full 0 (0) Inline->AoC 296473 (233) AoC->BitMap 89700 (539) BitMap->Full 13 (0) 
[2025-10-13T19:39:38.859-0700][1256 ][info ][gc,heap     ] GC(184) Eden regions: 297->0(1180)
[2025-10-13T19:39:38.859-0700][1256 ][info ][gc,heap     ] GC(184) Survivor regions: 135->69(123)
[2025-10-13T19:39:38.859-0700][1256 ][info ][gc,heap     ] GC(184) Old regions: 1691->1808
[2025-10-13T19:39:38.859-0700][1256 ][info ][gc,heap     ] GC(184) Humongous regions: 0->0
[2025-10-13T19:39:38.859-0700][1256 ][info ][gc,metaspace] GC(184) Metaspace: 319688K(325696K)->319688K(325696K) NonClass: 281341K(284544K)->281341K(284544K) Class: 38347K(41152K)->38347K(41152K)
[2025-10-13T19:39:38.859-0700][1256 ][info ][gc          ] GC(184) Pause Young (Concurrent Start) (G1 Humongous Allocation) 67934M->60057M(184320M) 117.045ms
[2025-10-13T19:39:38.860-0700][1089 ][info ][gc          ] GC(185) Concurrent Mark Cycle
[2025-10-13T19:39:38.860-0700][1089 ][info ][gc,marking  ] GC(185) Concurrent Scan Root Regions
[2025-10-13T19:39:38.862-0700][1256 ][info ][gc,cpu      ] GC(184) User=11.51s Sys=0.01s Real=0.12s
[2025-10-13T19:39:38.863-0700][1256 ][info ][safepoint   ] Safepoint "G1TryInitiateConcMark", Time since last: 716423176 ns, Reaching safepoint: 957479 ns, Cleanup: 4426 ns, At safepoint: 122715454 ns, Total: 123677359 ns
[2025-10-13T19:39:38.929-0700][1089 ][info ][gc,marking  ] GC(185) Concurrent Scan Root Regions 69.120ms
[2025-10-13T19:39:38.929-0700][1089 ][info ][gc,marking  ] GC(185) Concurrent Mark
[2025-10-13T19:39:38.929-0700][1089 ][info ][gc,marking  ] GC(185) Concurrent Mark From Roots
[2025-10-13T19:39:38.929-0700][1089 ][info ][gc,task     ] GC(185) Using 36 workers of 36 for marking
[2025-10-13T19:39:39.424-0700][1089 ][info ][gc,marking  ] GC(185) Concurrent Mark From Roots 494.930ms
[2025-10-13T19:39:39.424-0700][1089 ][info ][gc,marking  ] GC(185) Concurrent Preclean
[2025-10-13T19:39:39.444-0700][1089 ][info ][gc,marking  ] GC(185) Concurrent Preclean 20.452ms
[2025-10-13T19:39:39.448-0700][1256 ][info ][gc,start    ] GC(185) Pause Remark
[2025-10-13T19:39:39.692-0700][1256 ][info ][gc,mmu      ] GC(185) MMU target violated: 201.0ms (200.0ms/201.0ms)
[2025-10-13T19:39:39.692-0700][1256 ][info ][gc          ] GC(185) Pause Remark 67554M->66818M(184320M) 243.883ms
[2025-10-13T19:39:39.694-0700][1256 ][info ][gc,cpu      ] GC(185) User=18.43s Sys=0.13s Real=0.25s
[2025-10-13T19:39:39.695-0700][1256 ][info ][safepoint   ] Safepoint "G1PauseRemark", Time since last: 581256619 ns, Reaching safepoint: 1580580 ns, Cleanup: 4878 ns, At safepoint: 249219678 ns, Total: 250805136 ns
[2025-10-13T19:39:39.695-0700][1089 ][info ][gc,marking  ] GC(185) Concurrent Mark 766.466ms
[2025-10-13T19:39:39.696-0700][1089 ][info ][gc,marking  ] GC(185) Concurrent Rebuild Remembered Sets and Scrub Regions
[2025-10-13T19:39:41.622-0700][1089 ][info ][gc,marking  ] GC(185) Concurrent Rebuild Remembered Sets and Scrub Regions 1926.861ms
[2025-10-13T19:39:41.632-0700][1256 ][info ][gc,start    ] GC(185) Pause Cleanup
[2025-10-13T19:39:41.635-0700][1256 ][info ][gc          ] GC(185) Pause Cleanup 93030M->93030M(184320M) 2.733ms
[2025-10-13T19:39:41.636-0700][1256 ][info ][gc,cpu      ] GC(185) User=0.02s Sys=0.00s Real=0.00s
[2025-10-13T19:39:41.638-0700][1256 ][info ][safepoint   ] Safepoint "G1PauseCleanup", Time since last: 1927176404 ns, Reaching safepoint: 7615652 ns, Cleanup: 77728 ns, At safepoint: 7551795 ns, Total: 15245175 ns
[2025-10-13T19:39:41.638-0700][1089 ][info ][gc,marking  ] GC(185) Concurrent Clear Claimed Marks
[2025-10-13T19:39:41.639-0700][1089 ][info ][gc,marking  ] GC(185) Concurrent Clear Claimed Marks 1.165ms
[2025-10-13T19:39:41.639-0700][1089 ][info ][gc,marking  ] GC(185) Concurrent Cleanup for Next Mark
[2025-10-13T19:39:41.669-0700][1089 ][info ][gc,marking  ] GC(185) Concurrent Cleanup for Next Mark 30.228ms
[2025-10-13T19:39:41.669-0700][1089 ][info ][gc          ] GC(185) Concurrent Mark Cycle 2809.522ms
[2025-10-13T19:39:41.907-0700][1256 ][info ][gc,start    ] GC(186) Pause Young (Prepare Mixed) (G1 Evacuation Pause)
[2025-10-13T19:39:41.907-0700][1256 ][info ][gc,task     ] GC(186) Using 113 workers of 113 for evacuation
[2025-10-13T19:39:41.921-0700][1256 ][debug][gc,remset   ] GC(186) Visited cards 10494208 Total dirty 97779712 (10.73%) Total old 273022976 (3.84%)
[2025-10-13T19:39:42.013-0700][1256 ][info ][gc,phases   ] GC(186)   Pre Evacuate Collection Set: 0.8ms
[2025-10-13T19:39:42.013-0700][1256 ][info ][gc,phases   ] GC(186)   Merge Heap Roots: 13.3ms
[2025-10-13T19:39:42.013-0700][1256 ][info ][gc,phases   ] GC(186)   Evacuate Collection Set: 84.1ms
[2025-10-13T19:39:42.013-0700][1256 ][info ][gc,phases   ] GC(186)   Post Evacuate Collection Set: 7.7ms
[2025-10-13T19:39:42.013-0700][1256 ][info ][gc,phases   ] GC(186)   Other: 0.1ms
[2025-10-13T19:39:42.013-0700][1256 ][debug][gc,remset   ] GC(186) Coarsening (recent): Inline->AoC 175190 (4) AoC->Howl 10692 (0) Howl->Full 0 (0) Inline->AoC 38507 (1) AoC->BitMap 16602 (1) BitMap->Full 2 (0) 
[2025-10-13T19:39:42.013-0700][1256 ][debug][gc,remset   ] GC(186) Coarsening (all): Inline->AoC 5358724 (164) AoC->Howl 87477 (668) Howl->Full 0 (0) Inline->AoC 334980 (234) AoC->BitMap 106302 (540) BitMap->Full 15 (0) 
[2025-10-13T19:39:42.013-0700][1256 ][info ][gc,heap     ] GC(186) Eden regions: 1120->0(1395)
[2025-10-13T19:39:42.013-0700][1256 ][info ][gc,heap     ] GC(186) Survivor regions: 69->113(149)
[2025-10-13T19:39:42.013-0700][1256 ][info ][gc,heap     ] GC(186) Old regions: 1785->1785
[2025-10-13T19:39:42.013-0700][1256 ][info ][gc,heap     ] GC(186) Humongous regions: 3->0
[2025-10-13T19:39:42.013-0700][1256 ][info ][gc,metaspace] GC(186) Metaspace: 319475K(325696K)->319475K(325696K) NonClass: 281167K(284544K)->281167K(284544K) Class: 38307K(41152K)->38307K(41152K)
[2025-10-13T19:39:42.013-0700][1256 ][info ][gc          ] GC(186) Pause Young (Prepare Mixed) (G1 Evacuation Pause) 95257M->60728M(184320M) 106.244ms
[2025-10-13T19:39:42.015-0700][1256 ][info ][gc,cpu      ] GC(186) User=9.31s Sys=0.09s Real=0.11s
[2025-10-13T19:39:42.016-0700][1256 ][info ][safepoint   ] Safepoint "G1CollectForAllocation", Time since last: 246565593 ns, Reaching safepoint: 20902224 ns, Cleanup: 9043 ns, At safepoint: 111200061 ns, Total: 132111328 ns
[2025-10-13T19:39:44.018-0700][1256 ][info ][safepoint   ] Safepoint "Cleanup", Time since last: 2000148730 ns, Reaching safepoint: 976868 ns, Cleanup: 21573 ns, At safepoint: 454718 ns, Total: 1453159 ns
[2025-10-13T19:39:45.019-0700][1256 ][info ][safepoint   ] Safepoint "Cleanup", Time since last: 1000123129 ns, Reaching safepoint: 952120 ns, Cleanup: 12799 ns, At safepoint: 375388 ns, Total: 1340307 ns
[2025-10-13T19:39:46.021-0700][1256 ][info ][safepoint   ] Safepoint "Cleanup", Time since last: 1000115728 ns, Reaching safepoint: 921855 ns, Cleanup: 13450 ns, At safepoint: 509361 ns, Total: 1444666 ns
[2025-10-13T19:39:47.022-0700][1256 ][info ][safepoint   ] Safepoint "Cleanup", Time since last: 1000118472 ns, Reaching safepoint: 811457 ns, Cleanup: 13481 ns, At safepoint: 326664 ns, Total: 1151602 ns
[2025-10-13T19:39:47.094-0700][1256 ][info ][gc,start    ] GC(187) Pause Young (Mixed) (G1 Evacuation Pause)
[2025-10-13T19:39:47.094-0700][1256 ][info ][gc,task     ] GC(187) Using 113 workers of 113 for evacuation
[2025-10-13T19:39:47.108-0700][1256 ][debug][gc,remset   ] GC(187) Visited cards 13296640 Total dirty 101908480 (13.05%) Total old 341049344 (3.90%)
[2025-10-13T19:39:47.217-0700][1256 ][info ][gc,phases   ] GC(187)   Pre Evacuate Collection Set: 0.8ms
[2025-10-13T19:39:47.218-0700][1256 ][info ][gc,phases   ] GC(187)   Merge Heap Roots: 13.4ms
[2025-10-13T19:39:47.218-0700][1256 ][info ][gc,phases   ] GC(187)   Evacuate Collection Set: 99.3ms
[2025-10-13T19:39:47.218-0700][1256 ][info ][gc,phases   ] GC(187)   Post Evacuate Collection Set: 9.8ms
[2025-10-13T19:39:47.218-0700][1256 ][info ][gc,phases   ] GC(187)   Other: 0.1ms
[2025-10-13T19:39:47.218-0700][1256 ][debug][gc,remset   ] GC(187) Coarsening (recent): Inline->AoC 21863 (6) AoC->Howl 14 (1) Howl->Full 0 (0) Inline->AoC 89 (0) AoC->BitMap 6 (0) BitMap->Full 0 (0) 
[2025-10-13T19:39:47.218-0700][1256 ][debug][gc,remset   ] GC(187) Coarsening (all): Inline->AoC 5380587 (170) AoC->Howl 87491 (669) Howl->Full 0 (0) Inline->AoC 335069 (234) AoC->BitMap 106308 (540) BitMap->Full 15 (0) 
[2025-10-13T19:39:47.218-0700][1256 ][info ][gc,heap     ] GC(187) Eden regions: 1550->0(1447)
[2025-10-13T19:39:47.218-0700][1256 ][info ][gc,heap     ] GC(187) Survivor regions: 113->155(208)
[2025-10-13T19:39:47.218-0700][1256 ][info ][gc,heap     ] GC(187) Old regions: 1785->1701
[2025-10-13T19:39:47.218-0700][1256 ][info ][gc,heap     ] GC(187) Humongous regions: 4->0
[2025-10-13T19:39:47.218-0700][1256 ][info ][gc,metaspace] GC(187) Metaspace: 319498K(325696K)->319498K(325696K) NonClass: 281188K(284544K)->281188K(284544K) Class: 38309K(41152K)->38309K(41152K)
[2025-10-13T19:39:47.218-0700][1256 ][info ][gc          ] GC(187) Pause Young (Mixed) (G1 Evacuation Pause) 110456M->59359M(184320M) 123.631ms
[2025-10-13T19:39:47.219-0700][1256 ][info ][gc,cpu      ] GC(187) User=10.11s Sys=0.07s Real=0.12s
[2025-10-13T19:39:47.221-0700][1256 ][info ][safepoint   ] Safepoint "G1CollectForAllocation", Time since last: 68964780 ns, Reaching safepoint: 876336 ns, Cleanup: 4767 ns, At safepoint: 128876585 ns, Total: 129757688 ns
[2025-10-13T19:39:48.223-0700][1256 ][info ][safepoint   ] Safepoint "Cleanup", Time since last: 1000089598 ns, Reaching safepoint: 1617367 ns, Cleanup: 26290 ns, At safepoint: 321236 ns, Total: 1964893 ns
[2025-10-13T19:39:51.225-0700][1256 ][info ][safepoint   ] Safepoint "Cleanup", Time since last: 3000187601 ns, Reaching safepoint: 1499980 ns, Cleanup: 10726 ns, At safepoint: 254916 ns, Total: 1765622 ns
[2025-10-13T19:39:52.228-0700][1256 ][info ][gc,start    ] GC(188) Pause Young (Mixed) (G1 Evacuation Pause)
[2025-10-13T19:39:52.228-0700][1256 ][info ][gc,task     ] GC(188) Using 113 workers of 113 for evacuation
[2025-10-13T19:39:52.241-0700][1256 ][debug][gc,remset   ] GC(188) Visited cards 16094720 Total dirty 101056512 (15.93%) Total old 345440256 (4.66%)
[2025-10-13T19:39:52.370-0700][1256 ][info ][gc,phases   ] GC(188)   Pre Evacuate Collection Set: 0.8ms
[2025-10-13T19:39:52.370-0700][1256 ][info ][gc,phases   ] GC(188)   Merge Heap Roots: 12.5ms
[2025-10-13T19:39:52.370-0700][1256 ][info ][gc,phases   ] GC(188)   Evacuate Collection Set: 118.2ms
[2025-10-13T19:39:52.370-0700][1256 ][info ][gc,phases   ] GC(188)   Post Evacuate Collection Set: 10.7ms
[2025-10-13T19:39:52.370-0700][1256 ][info ][gc,phases   ] GC(188)   Other: 0.2ms
[2025-10-13T19:39:52.370-0700][1256 ][debug][gc,remset   ] GC(188) Coarsening (recent): Inline->AoC 20815 (0) AoC->Howl 104 (1) Howl->Full 0 (0) Inline->AoC 491 (0) AoC->BitMap 36 (0) BitMap->Full 0 (0) 
[2025-10-13T19:39:52.370-0700][1256 ][debug][gc,remset   ] GC(188) Coarsening (all): Inline->AoC 5401402 (170) AoC->Howl 87595 (670) Howl->Full 0 (0) Inline->AoC 335560 (234) AoC->BitMap 106344 (540) BitMap->Full 15 (0) 
[2025-10-13T19:39:52.370-0700][1256 ][info ][gc,heap     ] GC(188) Eden regions: 1581->0(1657)
[2025-10-13T19:39:52.370-0700][1256 ][info ][gc,heap     ] GC(188) Survivor regions: 155->156(217)
[2025-10-13T19:39:52.370-0700][1256 ][info ][gc,heap     ] GC(188) Old regions: 1701->1647
[2025-10-13T19:39:52.370-0700][1256 ][info ][gc,heap     ] GC(188) Humongous regions: 9->0
[2025-10-13T19:39:52.370-0700][1256 ][info ][gc,metaspace] GC(188) Metaspace: 319502K(325696K)->319502K(325696K) NonClass: 281192K(284544K)->281192K(284544K) Class: 38309K(41152K)->38309K(41152K)
[2025-10-13T19:39:52.370-0700][1256 ][info ][gc          ] GC(188) Pause Young (Mixed) (G1 Evacuation Pause) 110239M->57678M(184320M) 142.577ms
[2025-10-13T19:39:52.372-0700][1256 ][info ][gc,cpu      ] GC(188) User=12.28s Sys=0.08s Real=0.15s
[2025-10-13T19:39:52.374-0700][1256 ][info ][safepoint   ] Safepoint "G1CollectForAllocation", Time since last: 950352468 ns, Reaching safepoint: 50641028 ns, Cleanup: 18207 ns, At safepoint: 147604639 ns, Total: 198263874 ns
[2025-10-13T19:39:53.387-0700][1256 ][info ][safepoint   ] Safepoint "Cleanup", Time since last: 1000081826 ns, Reaching safepoint: 11337483 ns, Cleanup: 28934 ns, At safepoint: 2090864 ns, Total: 13457281 ns
[2025-10-13T19:39:54.390-0700][1256 ][info ][safepoint   ] Safepoint "Cleanup", Time since last: 1000148857 ns, Reaching safepoint: 1106124 ns, Cleanup: 14402 ns, At safepoint: 1430474 ns, Total: 2551000 ns
[2025-10-13T19:39:55.392-0700][1256 ][info ][safepoint   ] Safepoint "Cleanup", Time since last: 1000122488 ns, Reaching safepoint: 976357 ns, Cleanup: 21192 ns, At safepoint: 1263562 ns, Total: 2261111 ns
[2025-10-13T19:39:56.394-0700][1256 ][info ][safepoint   ] Safepoint "Cleanup", Time since last: 1000123369 ns, Reaching safepoint: 968756 ns, Cleanup: 22604 ns, At safepoint: 720841 ns, Total: 1712201 ns
[2025-10-13T19:39:56.741-0700][1256 ][info ][gc,start    ] GC(189) Pause Young (Mixed) (G1 Evacuation Pause)
[2025-10-13T19:39:56.741-0700][1256 ][info ][gc,task     ] GC(189) Using 113 workers of 113 for evacuation
[2025-10-13T19:39:56.753-0700][1256 ][debug][gc,remset   ] GC(189) Visited cards 17289472 Total dirty 99614720 (17.36%) Total old 361627648 (4.78%)
[2025-10-13T19:39:56.884-0700][1256 ][info ][gc,phases   ] GC(189)   Pre Evacuate Collection Set: 0.8ms
[2025-10-13T19:39:56.884-0700][1256 ][info ][gc,phases   ] GC(189)   Merge Heap Roots: 11.8ms
[2025-10-13T19:39:56.884-0700][1256 ][info ][gc,phases   ] GC(189)   Evacuate Collection Set: 119.1ms
[2025-10-13T19:39:56.884-0700][1256 ][info ][gc,phases   ] GC(189)   Post Evacuate Collection Set: 11.0ms
[2025-10-13T19:39:56.884-0700][1256 ][info ][gc,phases   ] GC(189)   Other: 0.2ms
[2025-10-13T19:39:56.884-0700][1256 ][debug][gc,remset   ] GC(189) Coarsening (recent): Inline->AoC 22519 (0) AoC->Howl 191 (0) Howl->Full 0 (0) Inline->AoC 708 (0) AoC->BitMap 122 (0) BitMap->Full 0 (0) 
[2025-10-13T19:39:56.884-0700][1256 ][debug][gc,remset   ] GC(189) Coarsening (all): Inline->AoC 5423921 (170) AoC->Howl 87786 (670) Howl->Full 0 (0) Inline->AoC 336268 (234) AoC->BitMap 106466 (540) BitMap->Full 15 (0) 
[2025-10-13T19:39:56.884-0700][1256 ][info ][gc,heap     ] GC(189) Eden regions: 1731->0(1852)
[2025-10-13T19:39:56.884-0700][1256 ][info ][gc,heap     ] GC(189) Survivor regions: 156->143(236)
[2025-10-13T19:39:56.884-0700][1256 ][info ][gc,heap     ] GC(189) Old regions: 1647->1608
[2025-10-13T19:39:56.884-0700][1256 ][info ][gc,heap     ] GC(189) Humongous regions: 8->0
[2025-10-13T19:39:56.884-0700][1256 ][info ][gc,metaspace] GC(189) Metaspace: 319516K(325696K)->319516K(325696K) NonClass: 281203K(284544K)->281203K(284544K) Class: 38312K(41152K)->38312K(41152K)
[2025-10-13T19:39:56.884-0700][1256 ][info ][gc          ] GC(189) Pause Young (Mixed) (G1 Evacuation Pause) 113326M->56018M(184320M) 143.050ms
[2025-10-13T19:39:56.886-0700][1256 ][info ][gc,cpu      ] GC(189) User=13.12s Sys=0.09s Real=0.14s
[2025-10-13T19:39:56.887-0700][1256 ][info ][safepoint   ] Safepoint "G1CollectForAllocation", Time since last: 330203752 ns, Reaching safepoint: 14679720 ns, Cleanup: 7021 ns, At safepoint: 147876299 ns, Total: 162563040 ns
[2025-10-13T19:39:57.889-0700][1256 ][info ][safepoint   ] Safepoint "Cleanup", Time since last: 1000099113 ns, Reaching safepoint: 1035557 ns, Cleanup: 15914 ns, At safepoint: 878449 ns, Total: 1929920 ns
[2025-10-13T19:39:58.890-0700][1256 ][info ][safepoint   ] Safepoint "Cleanup", Time since last: 1000121536 ns, Reaching safepoint: 886041 ns, Cleanup: 14722 ns, At safepoint: 491724 ns, Total: 1392487 ns
[2025-10-13T19:39:59.892-0700][1256 ][info ][safepoint   ] Safepoint "Cleanup", Time since last: 1000109929 ns, Reaching safepoint: 723054 ns, Cleanup: 14282 ns, At safepoint: 578846 ns, Total: 1316182 ns
[2025-10-13T19:40:00.894-0700][1256 ][info ][safepoint   ] Safepoint "Cleanup", Time since last: 1000109939 ns, Reaching safepoint: 907452 ns, Cleanup: 11087 ns, At safepoint: 814372 ns, Total: 1732911 ns
[2025-10-13T19:40:01.174-0700][1256 ][info ][gc,start    ] GC(190) Pause Young (Mixed) (G1 Evacuation Pause)
[2025-10-13T19:40:01.174-0700][1256 ][info ][gc,task     ] GC(190) Using 113 workers of 113 for evacuation
[2025-10-13T19:40:01.188-0700][1256 ][debug][gc,remset   ] GC(190) Visited cards 16227840 Total dirty 96468992 (16.82%) Total old 381419520 (4.25%)
[2025-10-13T19:40:01.306-0700][1256 ][info ][gc,phases   ] GC(190)   Pre Evacuate Collection Set: 0.8ms
[2025-10-13T19:40:01.306-0700][1256 ][info ][gc,phases   ] GC(190)   Merge Heap Roots: 13.0ms
[2025-10-13T19:40:01.306-0700][1256 ][info ][gc,phases   ] GC(190)   Evacuate Collection Set: 106.3ms
[2025-10-13T19:40:01.306-0700][1256 ][info ][gc,phases   ] GC(190)   Post Evacuate Collection Set: 11.8ms
[2025-10-13T19:40:01.306-0700][1256 ][info ][gc,phases   ] GC(190)   Other: 0.2ms
[2025-10-13T19:40:01.306-0700][1256 ][debug][gc,remset   ] GC(190) Coarsening (recent): Inline->AoC 19890 (0) AoC->Howl 287 (0) Howl->Full 0 (0) Inline->AoC 1108 (0) AoC->BitMap 156 (0) BitMap->Full 0 (0) 
[2025-10-13T19:40:01.306-0700][1256 ][debug][gc,remset   ] GC(190) Coarsening (all): Inline->AoC 5443811 (170) AoC->Howl 88073 (670) Howl->Full 0 (0) Inline->AoC 337376 (234) AoC->BitMap 106622 (540) BitMap->Full 15 (0) 
[2025-10-13T19:40:01.306-0700][1256 ][info ][gc,heap     ] GC(190) Eden regions: 1914->0(1872)
[2025-10-13T19:40:01.306-0700][1256 ][info ][gc,heap     ] GC(190) Survivor regions: 143->171(258)
[2025-10-13T19:40:01.306-0700][1256 ][info ][gc,heap     ] GC(190) Old regions: 1608->1533
[2025-10-13T19:40:01.306-0700][1256 ][info ][gc,heap     ] GC(190) Humongous regions: 9->1
[2025-10-13T19:40:01.306-0700][1256 ][info ][gc,metaspace] GC(190) Metaspace: 319527K(325696K)->319527K(325696K) NonClass: 281214K(284544K)->281214K(284544K) Class: 38312K(41152K)->38312K(41152K)
[2025-10-13T19:40:01.307-0700][1256 ][info ][gc          ] GC(190) Pause Young (Mixed) (G1 Evacuation Pause) 117554M->54534M(184320M) 132.211ms
[2025-10-13T19:40:01.308-0700][1256 ][info ][gc,cpu      ] GC(190) User=12.73s Sys=0.07s Real=0.13s
[2025-10-13T19:40:01.310-0700][1256 ][info ][safepoint   ] Safepoint "G1CollectForAllocation", Time since last: 278124279 ns, Reaching safepoint: 809435 ns, Cleanup: 4577 ns, At safepoint: 136917960 ns, Total: 137731972 ns
[2025-10-13T19:40:02.311-0700][1256 ][info ][safepoint   ] Safepoint "Cleanup", Time since last: 1000116589 ns, Reaching safepoint: 959231 ns, Cleanup: 34543 ns, At safepoint: 345322 ns, Total: 1339096 ns
[2025-10-13T19:40:03.768-0700][1256 ][info ][safepoint   ] Safepoint "Cleanup", Time since last: 1455528826 ns, Reaching safepoint: 1536325 ns, Cleanup: 16565 ns, At safepoint: 182987 ns, Total: 1735877 ns
[2025-10-13T19:40:04.769-0700][1256 ][info ][safepoint   ] Safepoint "Cleanup", Time since last: 1000100875 ns, Reaching safepoint: 731076 ns, Cleanup: 16665 ns, At safepoint: 181815 ns, Total: 929556 ns
[2025-10-13T19:40:06.771-0700][1256 ][info ][safepoint   ] Safepoint "Cleanup", Time since last: 2000161840 ns, Reaching safepoint: 868344 ns, Cleanup: 11478 ns, At safepoint: 209537 ns, Total: 1089359 ns
[2025-10-13T19:40:07.790-0700][1256 ][info ][safepoint   ] Safepoint "Cleanup", Time since last: 1000095998 ns, Reaching safepoint: 17672077 ns, Cleanup: 18097 ns, At safepoint: 1330042 ns, Total: 19020216 ns
[2025-10-13T19:40:07.818-0700][1256 ][info ][gc,start    ] GC(191) Pause Young (Mixed) (G1 Evacuation Pause)
[2025-10-13T19:40:07.818-0700][1256 ][info ][gc,task     ] GC(191) Using 113 workers of 113 for evacuation
[2025-10-13T19:40:07.832-0700][1256 ][debug][gc,remset   ] GC(191) Visited cards 17361152 Total dirty 91947008 (18.88%) Total old 379977728 (4.57%)
[2025-10-13T19:40:07.963-0700][1256 ][info ][gc,phases   ] GC(191)   Pre Evacuate Collection Set: 0.8ms
[2025-10-13T19:40:07.963-0700][1256 ][info ][gc,phases   ] GC(191)   Merge Heap Roots: 13.2ms
[2025-10-13T19:40:07.963-0700][1256 ][info ][gc,phases   ] GC(191)   Evacuate Collection Set: 117.9ms
[2025-10-13T19:40:07.963-0700][1256 ][info ][gc,phases   ] GC(191)   Post Evacuate Collection Set: 13.3ms
[2025-10-13T19:40:07.963-0700][1256 ][info ][gc,phases   ] GC(191)   Other: 0.2ms
[2025-10-13T19:40:07.963-0700][1256 ][debug][gc,remset   ] GC(191) Coarsening (recent): Inline->AoC 29629 (0) AoC->Howl 322 (0) Howl->Full 0 (0) Inline->AoC 1310 (0) AoC->BitMap 202 (0) BitMap->Full 0 (0) 
[2025-10-13T19:40:07.963-0700][1256 ][debug][gc,remset   ] GC(191) Coarsening (all): Inline->AoC 5473440 (170) AoC->Howl 88395 (670) Howl->Full 0 (0) Inline->AoC 338686 (234) AoC->BitMap 106824 (540) BitMap->Full 15 (0) 
[2025-10-13T19:40:07.963-0700][1256 ][info ][gc,heap     ] GC(191) Eden regions: 1912->0(2033)
[2025-10-13T19:40:07.963-0700][1256 ][info ][gc,heap     ] GC(191) Survivor regions: 171->149(261)
[2025-10-13T19:40:07.963-0700][1256 ][info ][gc,heap     ] GC(191) Old regions: 1533->1506
[2025-10-13T19:40:07.963-0700][1256 ][info ][gc,heap     ] GC(191) Humongous regions: 10->0
[2025-10-13T19:40:07.963-0700][1256 ][info ][gc,metaspace] GC(191) Metaspace: 319571K(325696K)->319571K(325696K) NonClass: 281253K(284544K)->281253K(284544K) Class: 38317K(41152K)->38317K(41152K)
[2025-10-13T19:40:07.963-0700][1256 ][info ][gc          ] GC(191) Pause Young (Mixed) (G1 Evacuation Pause) 116006M->52929M(184320M) 145.519ms
[2025-10-13T19:40:07.965-0700][1256 ][info ][gc,cpu      ] GC(191) User=14.54s Sys=0.25s Real=0.15s
[2025-10-13T19:40:07.966-0700][1256 ][info ][safepoint   ] Safepoint "G1CollectForAllocation", Time since last: 24257050 ns, Reaching safepoint: 1845622 ns, Cleanup: 4988 ns, At safepoint: 150401560 ns, Total: 152252170 ns
[2025-10-13T19:40:09.968-0700][1256 ][info ][safepoint   ] Safepoint "Cleanup", Time since last: 2000167449 ns, Reaching safepoint: 1679321 ns, Cleanup: 15924 ns, At safepoint: 220293 ns, Total: 1915538 ns
[2025-10-13T19:40:12.970-0700][1256 ][info ][safepoint   ] Safepoint "Cleanup", Time since last: 3000224848 ns, Reaching safepoint: 1016198 ns, Cleanup: 23956 ns, At safepoint: 459265 ns, Total: 1499419 ns
[2025-10-13T19:40:13.971-0700][1256 ][info ][safepoint   ] Safepoint "Cleanup", Time since last: 1000111301 ns, Reaching safepoint: 829805 ns, Cleanup: 14602 ns, At safepoint: 424863 ns, Total: 1269270 ns
[2025-10-13T19:40:14.010-0700][1256 ][info ][gc,start    ] GC(192) Pause Young (Mixed) (G1 Evacuation Pause)
[2025-10-13T19:40:14.010-0700][1256 ][info ][gc,task     ] GC(192) Using 113 workers of 113 for evacuation
[2025-10-13T19:40:14.024-0700][1256 ][debug][gc,remset   ] GC(192) Visited cards 13426176 Total dirty 74711040 (17.97%) Total old 396886016 (3.38%)
[2025-10-13T19:40:14.163-0700][1256 ][info ][gc,phases   ] GC(192)   Pre Evacuate Collection Set: 0.8ms
[2025-10-13T19:40:14.163-0700][1256 ][info ][gc,phases   ] GC(192)   Merge Heap Roots: 13.2ms
[2025-10-13T19:40:14.163-0700][1256 ][info ][gc,phases   ] GC(192)   Evacuate Collection Set: 126.7ms
[2025-10-13T19:40:14.163-0700][1256 ][info ][gc,phases   ] GC(192)   Post Evacuate Collection Set: 12.4ms
[2025-10-13T19:40:14.163-0700][1256 ][info ][gc,phases   ] GC(192)   Other: 0.2ms
[2025-10-13T19:40:14.163-0700][1256 ][debug][gc,remset   ] GC(192) Coarsening (recent): Inline->AoC 36656 (0) AoC->Howl 316 (0) Howl->Full 0 (0) Inline->AoC 919 (0) AoC->BitMap 232 (0) BitMap->Full 0 (0) 
[2025-10-13T19:40:14.163-0700][1256 ][debug][gc,remset   ] GC(192) Coarsening (all): Inline->AoC 5510096 (170) AoC->Howl 88711 (670) Howl->Full 0 (0) Inline->AoC 339605 (234) AoC->BitMap 107056 (540) BitMap->Full 15 (0) 
[2025-10-13T19:40:14.163-0700][1256 ][info ][gc,heap     ] GC(192) Eden regions: 2078->0(1964)
[2025-10-13T19:40:14.163-0700][1256 ][info ][gc,heap     ] GC(192) Survivor regions: 149->183(279)
[2025-10-13T19:40:14.163-0700][1256 ][info ][gc,heap     ] GC(192) Old regions: 1506->1437
[2025-10-13T19:40:14.163-0700][1256 ][info ][gc,heap     ] GC(192) Humongous regions: 7->0
[2025-10-13T19:40:14.163-0700][1256 ][info ][gc,metaspace] GC(192) Metaspace: 319575K(325696K)->319575K(325696K) NonClass: 281257K(284544K)->281257K(284544K) Class: 38317K(41152K)->38317K(41152K)
[2025-10-13T19:40:14.163-0700][1256 ][info ][gc          ] GC(192) Pause Young (Mixed) (G1 Evacuation Pause) 119649M->51826M(184320M) 153.444ms
[2025-10-13T19:40:14.165-0700][1256 ][info ][gc,cpu      ] GC(192) User=13.40s Sys=0.13s Real=0.16s
[2025-10-13T19:40:14.166-0700][1256 ][info ][safepoint   ] Safepoint "G1CollectForAllocation", Time since last: 35639721 ns, Reaching safepoint: 745588 ns, Cleanup: 4607 ns, At safepoint: 158281072 ns, Total: 159031267 ns
[2025-10-13T19:40:17.167-0700][1256 ][info ][safepoint   ] Safepoint "Cleanup", Time since last: 3000185148 ns, Reaching safepoint: 839190 ns, Cleanup: 29484 ns, At safepoint: 249658 ns, Total: 1118332 ns
[2025-10-13T19:40:18.169-0700][1256 ][info ][safepoint   ] Safepoint "Cleanup", Time since last: 1000105522 ns, Reaching safepoint: 830968 ns, Cleanup: 19870 ns, At safepoint: 230158 ns, Total: 1080996 ns
[2025-10-13T19:40:20.170-0700][1256 ][info ][safepoint   ] Safepoint "Cleanup", Time since last: 2000162121 ns, Reaching safepoint: 841142 ns, Cleanup: 15083 ns, At safepoint: 169947 ns, Total: 1026172 ns
[2025-10-13T19:40:21.171-0700][1256 ][info ][safepoint   ] Safepoint "Cleanup", Time since last: 1000102127 ns, Reaching safepoint: 967153 ns, Cleanup: 10927 ns, At safepoint: 271240 ns, Total: 1249320 ns
[2025-10-13T19:40:22.286-0700][1256 ][info ][gc,start    ] GC(193) Pause Young (Mixed) (G1 Evacuation Pause)
[2025-10-13T19:40:22.286-0700][1256 ][info ][gc,task     ] GC(193) Using 113 workers of 113 for evacuation
[2025-10-13T19:40:22.300-0700][1256 ][debug][gc,remset   ] GC(193) Visited cards 14905600 Total dirty 72810496 (20.47%) Total old 391446528 (3.81%)
[2025-10-13T19:40:22.444-0700][1256 ][info ][gc,phases   ] GC(193)   Pre Evacuate Collection Set: 0.7ms
[2025-10-13T19:40:22.444-0700][1256 ][info ][gc,phases   ] GC(193)   Merge Heap Roots: 13.1ms
[2025-10-13T19:40:22.444-0700][1256 ][info ][gc,phases   ] GC(193)   Evacuate Collection Set: 132.2ms
[2025-10-13T19:40:22.444-0700][1256 ][info ][gc,phases   ] GC(193)   Post Evacuate Collection Set: 12.0ms
[2025-10-13T19:40:22.444-0700][1256 ][info ][gc,phases   ] GC(193)   Other: 0.2ms
[2025-10-13T19:40:22.444-0700][1256 ][debug][gc,remset   ] GC(193) Coarsening (recent): Inline->AoC 44066 (0) AoC->Howl 222 (0) Howl->Full 0 (0) Inline->AoC 809 (0) AoC->BitMap 145 (0) BitMap->Full 0 (0) 
[2025-10-13T19:40:22.444-0700][1256 ][debug][gc,remset   ] GC(193) Coarsening (all): Inline->AoC 5554162 (170) AoC->Howl 88933 (670) Howl->Full 0 (0) Inline->AoC 340414 (234) AoC->BitMap 107201 (540) BitMap->Full 15 (0) 
[2025-10-13T19:40:22.444-0700][1256 ][info ][gc,heap     ] GC(193) Eden regions: 2037->0(2076)
[2025-10-13T19:40:22.444-0700][1256 ][info ][gc,heap     ] GC(193) Survivor regions: 183->173(278)
[2025-10-13T19:40:22.444-0700][1256 ][info ][gc,heap     ] GC(193) Old regions: 1437->1409
[2025-10-13T19:40:22.444-0700][1256 ][info ][gc,heap     ] GC(193) Humongous regions: 7->0
[2025-10-13T19:40:22.444-0700][1256 ][info ][gc,metaspace] GC(193) Metaspace: 319581K(325696K)->319581K(325696K) NonClass: 281263K(284544K)->281263K(284544K) Class: 38318K(41152K)->38318K(41152K)
[2025-10-13T19:40:22.444-0700][1256 ][info ][gc          ] GC(193) Pause Young (Mixed) (G1 Evacuation Pause) 117234M->50587M(184320M) 158.352ms
[2025-10-13T19:40:22.446-0700][1256 ][info ][gc,cpu      ] GC(193) User=14.88s Sys=0.27s Real=0.16s
[2025-10-13T19:40:22.447-0700][1256 ][info ][safepoint   ] Safepoint "G1CollectForAllocation", Time since last: 1112482434 ns, Reaching safepoint: 841984 ns, Cleanup: 4917 ns, At safepoint: 163020873 ns, Total: 163867774 ns
[2025-10-13T19:40:23.465-0700][1256 ][info ][safepoint   ] Safepoint "Cleanup", Time since last: 1000093213 ns, Reaching safepoint: 14582693 ns, Cleanup: 24758 ns, At safepoint: 2937254 ns, Total: 17544705 ns
[2025-10-13T19:40:24.467-0700][1256 ][info ][safepoint   ] Safepoint "Cleanup", Time since last: 1000125202 ns, Reaching safepoint: 871048 ns, Cleanup: 19029 ns, At safepoint: 825258 ns, Total: 1715335 ns
[2025-10-13T19:40:25.469-0700][1256 ][info ][safepoint   ] Safepoint "Cleanup", Time since last: 1000120695 ns, Reaching safepoint: 900493 ns, Cleanup: 10315 ns, At safepoint: 884128 ns, Total: 1794936 ns
[2025-10-13T19:40:26.491-0700][1256 ][info ][safepoint   ] Safepoint "Cleanup", Time since last: 1000124976 ns, Reaching safepoint: 19939612 ns, Cleanup: 14672 ns, At safepoint: 2070953 ns, Total: 22025237 ns
[2025-10-13T19:40:27.492-0700][1256 ][info ][safepoint   ] Safepoint "Cleanup", Time since last: 1000123184 ns, Reaching safepoint: 784737 ns, Cleanup: 14252 ns, At safepoint: 351451 ns, Total: 1150440 ns
[2025-10-13T19:40:28.494-0700][1256 ][info ][safepoint   ] Safepoint "Cleanup", Time since last: 1000111927 ns, Reaching safepoint: 953623 ns, Cleanup: 18919 ns, At safepoint: 1000874 ns, Total: 1973416 ns
[2025-10-13T19:40:29.510-0700][1256 ][info ][gc,start    ] GC(194) Pause Young (Mixed) (G1 Evacuation Pause)
[2025-10-13T19:40:29.510-0700][1256 ][info ][gc,task     ] GC(194) Using 113 workers of 113 for evacuation
[2025-10-13T19:40:29.522-0700][1256 ][debug][gc,remset   ] GC(194) Visited cards 16039424 Total dirty 75104256 (21.36%) Total old 402980864 (3.98%)
[2025-10-13T19:40:29.690-0700][1256 ][info ][gc,phases   ] GC(194)   Pre Evacuate Collection Set: 0.7ms
[2025-10-13T19:40:29.690-0700][1256 ][info ][gc,phases   ] GC(194)   Merge Heap Roots: 11.8ms
[2025-10-13T19:40:29.690-0700][1256 ][info ][gc,phases   ] GC(194)   Evacuate Collection Set: 156.6ms
[2025-10-13T19:40:29.690-0700][1256 ][info ][gc,phases   ] GC(194)   Post Evacuate Collection Set: 10.7ms
[2025-10-13T19:40:29.690-0700][1256 ][info ][gc,phases   ] GC(194)   Other: 0.2ms
[2025-10-13T19:40:29.690-0700][1256 ][debug][gc,remset   ] GC(194) Coarsening (recent): Inline->AoC 42104 (0) AoC->Howl 278 (0) Howl->Full 0 (0) Inline->AoC 1020 (0) AoC->BitMap 179 (0) BitMap->Full 0 (0) 
[2025-10-13T19:40:29.690-0700][1256 ][debug][gc,remset   ] GC(194) Coarsening (all): Inline->AoC 5596266 (170) AoC->Howl 89211 (670) Howl->Full 0 (0) Inline->AoC 341434 (234) AoC->BitMap 107380 (540) BitMap->Full 15 (0) 
[2025-10-13T19:40:29.690-0700][1256 ][info ][gc,heap     ] GC(194) Eden regions: 2149->0(2268)
[2025-10-13T19:40:29.690-0700][1256 ][info ][gc,heap     ] GC(194) Survivor regions: 173->165(291)
[2025-10-13T19:40:29.690-0700][1256 ][info ][gc,heap     ] GC(194) Old regions: 1409->1378
[2025-10-13T19:40:29.690-0700][1256 ][info ][gc,heap     ] GC(194) Humongous regions: 10->0
[2025-10-13T19:40:29.690-0700][1256 ][info ][gc,metaspace] GC(194) Metaspace: 319615K(325696K)->319615K(325696K) NonClass: 281293K(284544K)->281293K(284544K) Class: 38321K(41152K)->38321K(41152K)
[2025-10-13T19:40:29.690-0700][1256 ][info ][gc          ] GC(194) Pause Young (Mixed) (G1 Evacuation Pause) 119675M->49349M(184320M) 180.172ms
[2025-10-13T19:40:29.692-0700][1256 ][info ][gc,cpu      ] GC(194) User=14.22s Sys=0.28s Real=0.19s
[2025-10-13T19:40:29.693-0700][1256 ][info ][safepoint   ] Safepoint "G1CollectForAllocation", Time since last: 1012319112 ns, Reaching safepoint: 1137200 ns, Cleanup: 5338 ns, At safepoint: 184964743 ns, Total: 186107281 ns
[2025-10-13T19:40:29.804-0700][1256 ][info ][gc,start    ] GC(195) Pause Young (Concurrent Start) (G1 Humongous Allocation)
[2025-10-13T19:40:29.804-0700][1256 ][info ][gc,task     ] GC(195) Using 113 workers of 113 for evacuation
[2025-10-13T19:40:29.813-0700][1256 ][debug][gc,remset   ] GC(195) Visited cards 10208768 Total dirty 67239936 (15.18%) Total old 123600896 (8.26%)
[2025-10-13T19:40:29.921-0700][1256 ][info ][gc,phases   ] GC(195)   Pre Evacuate Collection Set: 0.9ms
[2025-10-13T19:40:29.921-0700][1256 ][info ][gc,phases   ] GC(195)   Merge Heap Roots: 8.3ms
[2025-10-13T19:40:29.921-0700][1256 ][info ][gc,phases   ] GC(195)   Evacuate Collection Set: 100.7ms
[2025-10-13T19:40:29.921-0700][1256 ][info ][gc,phases   ] GC(195)   Post Evacuate Collection Set: 7.1ms
[2025-10-13T19:40:29.921-0700][1256 ][info ][gc,phases   ] GC(195)   Other: 0.1ms
[2025-10-13T19:40:29.921-0700][1256 ][debug][gc,remset   ] GC(195) Coarsening (recent): Inline->AoC 8 (0) AoC->Howl 1 (0) Howl->Full 0 (0) Inline->AoC 8 (0) AoC->BitMap 0 (0) BitMap->Full 0 (0) 
[2025-10-13T19:40:29.921-0700][1256 ][debug][gc,remset   ] GC(195) Coarsening (all): Inline->AoC 5596274 (170) AoC->Howl 89212 (670) Howl->Full 0 (0) Inline->AoC 341442 (234) AoC->BitMap 107380 (540) BitMap->Full 15 (0) 
[2025-10-13T19:40:29.921-0700][1256 ][info ][gc,heap     ] GC(195) Eden regions: 89->0(920)
[2025-10-13T19:40:29.921-0700][1256 ][info ][gc,heap     ] GC(195) Survivor regions: 165->177(315)
[2025-10-13T19:40:29.921-0700][1256 ][info ][gc,heap     ] GC(195) Old regions: 1378->1378
[2025-10-13T19:40:29.921-0700][1256 ][info ][gc,heap     ] GC(195) Humongous regions: 0->0
[2025-10-13T19:40:29.921-0700][1256 ][info ][gc,metaspace] GC(195) Metaspace: 319615K(325696K)->319615K(325696K) NonClass: 281293K(284544K)->281293K(284544K) Class: 38321K(41152K)->38321K(41152K)
[2025-10-13T19:40:29.921-0700][1256 ][info ][gc          ] GC(195) Pause Young (Concurrent Start) (G1 Humongous Allocation) 52195M->49733M(184320M) 117.250ms
[2025-10-13T19:40:29.921-0700][1089 ][info ][gc          ] GC(196) Concurrent Mark Cycle
[2025-10-13T19:40:29.921-0700][1089 ][info ][gc,marking  ] GC(196) Concurrent Scan Root Regions
[2025-10-13T19:40:29.923-0700][1256 ][info ][gc,cpu      ] GC(195) User=9.72s Sys=0.18s Real=0.12s
[2025-10-13T19:40:29.925-0700][1256 ][info ][safepoint   ] Safepoint "G1TryInitiateConcMark", Time since last: 107967990 ns, Reaching safepoint: 1093254 ns, Cleanup: 5999 ns, At safepoint: 122758174 ns, Total: 123857427 ns
[2025-10-13T19:40:29.979-0700][1089 ][info ][gc,marking  ] GC(196) Concurrent Scan Root Regions 58.198ms
[2025-10-13T19:40:29.979-0700][1089 ][info ][gc,marking  ] GC(196) Concurrent Mark
[2025-10-13T19:40:29.979-0700][1089 ][info ][gc,marking  ] GC(196) Concurrent Mark From Roots
[2025-10-13T19:40:29.979-0700][1089 ][info ][gc,task     ] GC(196) Using 36 workers of 36 for marking
[2025-10-13T19:40:30.293-0700][1089 ][info ][gc,marking  ] GC(196) Concurrent Mark From Roots 313.369ms
[2025-10-13T19:40:30.293-0700][1089 ][info ][gc,marking  ] GC(196) Concurrent Preclean
[2025-10-13T19:40:30.304-0700][1089 ][info ][gc,marking  ] GC(196) Concurrent Preclean 11.348ms
[2025-10-13T19:40:30.307-0700][1256 ][info ][gc,start    ] GC(196) Pause Remark
[2025-10-13T19:40:30.580-0700][1256 ][info ][gc,mmu      ] GC(196) MMU target violated: 201.0ms (200.0ms/201.0ms)
[2025-10-13T19:40:30.580-0700][1256 ][info ][gc          ] GC(196) Pause Remark 55347M->47635M(184320M) 273.350ms
[2025-10-13T19:40:30.582-0700][1256 ][info ][gc,cpu      ] GC(196) User=13.26s Sys=0.11s Real=0.28s
[2025-10-13T19:40:30.587-0700][1256 ][info ][safepoint   ] Safepoint "G1PauseRemark", Time since last: 379731992 ns, Reaching safepoint: 862424 ns, Cleanup: 19099 ns, At safepoint: 281573010 ns, Total: 282454533 ns
[2025-10-13T19:40:30.587-0700][1089 ][info ][gc,marking  ] GC(196) Concurrent Mark 607.416ms
[2025-10-13T19:40:30.587-0700][1089 ][info ][gc,marking  ] GC(196) Concurrent Rebuild Remembered Sets and Scrub Regions
[2025-10-13T19:40:31.521-0700][1089 ][info ][gc,marking  ] GC(196) Concurrent Rebuild Remembered Sets and Scrub Regions 933.712ms
[2025-10-13T19:40:31.523-0700][1256 ][info ][gc,start    ] GC(196) Pause Cleanup
[2025-10-13T19:40:31.526-0700][1256 ][info ][gc          ] GC(196) Pause Cleanup 57937M->57937M(184320M) 2.469ms
[2025-10-13T19:40:31.527-0700][1256 ][info ][gc,cpu      ] GC(196) User=0.02s Sys=0.00s Real=0.00s
[2025-10-13T19:40:31.528-0700][1256 ][info ][safepoint   ] Safepoint "G1PauseCleanup", Time since last: 933960942 ns, Reaching safepoint: 842855 ns, Cleanup: 97156 ns, At safepoint: 6059837 ns, Total: 6999848 ns
[2025-10-13T19:40:31.528-0700][1089 ][info ][gc,marking  ] GC(196) Concurrent Clear Claimed Marks
[2025-10-13T19:40:31.529-0700][1089 ][info ][gc,marking  ] GC(196) Concurrent Clear Claimed Marks 0.929ms
[2025-10-13T19:40:31.529-0700][1089 ][info ][gc,marking  ] GC(196) Concurrent Cleanup for Next Mark
[2025-10-13T19:40:31.557-0700][1089 ][info ][gc,marking  ] GC(196) Concurrent Cleanup for Next Mark 28.405ms
[2025-10-13T19:40:31.557-0700][1089 ][info ][gc          ] GC(196) Concurrent Mark Cycle 1635.981ms
[2025-10-13T19:40:32.258-0700][1256 ][debug][gc,jni      ] Setting _needs_gc. Thread "VM Thread" 1 locked.
[2025-10-13T19:40:32.258-0700][2137 ][debug][gc,jni      ] Performing GC after exiting critical section. Thread "http-worker-991" 0 locked.
[2025-10-13T19:40:32.258-0700][1256 ][info ][safepoint   ] Safepoint "G1CollectForAllocation", Time since last: 728772919 ns, Reaching safepoint: 1221618 ns, Cleanup: 16084 ns, At safepoint: 633678 ns, Total: 1871380 ns
[2025-10-13T19:40:32.258-0700][1432 ][debug][gc,jni      ] Allocation failed. Thread stalled by JNI critical section. Thread "failure-detector" 0 locked.
[2025-10-13T19:40:32.258-0700][19025][debug][gc,jni      ] Allocation failed. Thread stalled by JNI critical section. Thread "task-event-loop-268" 0 locked.
[2025-10-13T19:40:32.258-0700][3422 ][debug][gc,jni      ] Allocation failed. Thread stalled by JNI critical section. Thread "http-client-failure-detector-2129" 0 locked.
[2025-10-13T19:40:32.259-0700][17368][debug][gc,jni      ] Allocation failed. Thread stalled by JNI critical section. Thread "http-client-failure-detector-5838" 0 locked.
[2025-10-13T19:40:32.259-0700][3454 ][debug][gc,jni      ] Allocation failed. Thread stalled by JNI critical section. Thread "http-client-failure-detector-2158" 0 locked.
[2025-10-13T19:40:32.259-0700][19765][debug][gc,jni      ] Allocation failed. Thread stalled by JNI critical section. Thread "event-loop-epoll-183" 0 locked.
[2025-10-13T19:40:32.259-0700][2831 ][debug][gc,jni      ] Allocation failed. Thread stalled by JNI critical section. Thread "thrift-eventloop-3" 0 locked.
[2025-10-13T19:40:32.259-0700][4080 ][debug][gc,jni      ] Allocation failed. Thread stalled by JNI critical section. Thread "http-client-failure-detector-2780" 0 locked.
[2025-10-13T19:40:32.259-0700][19042][debug][gc,jni      ] Allocation failed. Thread stalled by JNI critical section. Thread "task-event-loop-284" 0 locked.
[2025-10-13T19:40:32.261-0700][1256 ][info ][gc,start    ] GC(197) Pause Young (Prepare Mixed) (GCLocker Initiated GC)
[2025-10-13T19:40:32.261-0700][1256 ][info ][gc,task     ] GC(197) Using 113 workers of 113 for evacuation
[2025-10-13T19:40:32.275-0700][1256 ][debug][gc,remset   ] GC(197) Visited cards 10712576 Total dirty 68157440 (15.72%) Total old 205127680 (5.22%)
[2025-10-13T19:40:32.393-0700][1256 ][info ][gc,phases   ] GC(197)   Pre Evacuate Collection Set: 0.7ms
[2025-10-13T19:40:32.393-0700][1256 ][info ][gc,phases   ] GC(197)   Merge Heap Roots: 12.6ms
[2025-10-13T19:40:32.393-0700][1256 ][info ][gc,phases   ] GC(197)   Evacuate Collection Set: 110.1ms
[2025-10-13T19:40:32.393-0700][1256 ][info ][gc,phases   ] GC(197)   Post Evacuate Collection Set: 8.1ms
[2025-10-13T19:40:32.393-0700][1256 ][info ][gc,phases   ] GC(197)   Other: 0.1ms
[2025-10-13T19:40:32.393-0700][1256 ][debug][gc,remset   ] GC(197) Coarsening (recent): Inline->AoC 141593 (0) AoC->Howl 8254 (0) Howl->Full 0 (0) Inline->AoC 32243 (0) AoC->BitMap 10614 (0) BitMap->Full 3 (0) 
[2025-10-13T19:40:32.393-0700][1256 ][debug][gc,remset   ] GC(197) Coarsening (all): Inline->AoC 5737867 (170) AoC->Howl 97466 (670) Howl->Full 0 (0) Inline->AoC 373685 (234) AoC->BitMap 117994 (540) BitMap->Full 18 (0) 
[2025-10-13T19:40:32.393-0700][1256 ][info ][gc,heap     ] GC(197) Eden regions: 817->0(1876)
[2025-10-13T19:40:32.393-0700][1256 ][info ][gc,heap     ] GC(197) Survivor regions: 177->66(125)
[2025-10-13T19:40:32.393-0700][1256 ][info ][gc,heap     ] GC(197) Old regions: 1137->1251
[2025-10-13T19:40:32.393-0700][1256 ][info ][gc,heap     ] GC(197) Humongous regions: 5->0
[2025-10-13T19:40:32.393-0700][1256 ][info ][gc,metaspace] GC(197) Metaspace: 319542K(325696K)->319542K(325696K) NonClass: 281237K(284544K)->281237K(284544K) Class: 38304K(41152K)->38304K(41152K)
[2025-10-13T19:40:32.393-0700][1256 ][info ][gc          ] GC(197) Pause Young (Prepare Mixed) (GCLocker Initiated GC) 68325M->42105M(184320M) 131.868ms
[2025-10-13T19:40:32.395-0700][1256 ][info ][gc,cpu      ] GC(197) User=11.49s Sys=0.00s Real=0.13s
[2025-10-13T19:40:32.395-0700][3457 ][debug][gc,jni      ] Allocation failed. Thread stalled by JNI critical section. Thread "http-client-failure-detector-2164" 0 locked.
[2025-10-13T19:40:32.395-0700][18879][debug][gc,jni      ] Allocation failed. Thread stalled by JNI critical section. Thread "task-event-loop-147" 0 locked.
[2025-10-13T19:40:32.396-0700][19037][debug][gc,jni      ] Allocation failed. Thread stalled by JNI critical section. Thread "task-event-loop-279" 0 locked.
[2025-10-13T19:40:32.396-0700][3465 ][debug][gc,jni      ] Allocation failed. Thread stalled by JNI critical section. Thread "http-client-failure-detector-2172" 0 locked.
[2025-10-13T19:40:32.396-0700][6407 ][debug][gc,jni      ] Allocation failed. Thread stalled by JNI critical section. Thread "drift-client-304" 0 locked.
[2025-10-13T19:40:32.396-0700][19778][debug][gc,jni      ] Allocation failed. Thread stalled by JNI critical section. Thread "event-loop-epoll-196" 0 locked.
[2025-10-13T19:40:32.396-0700][18914][debug][gc,jni      ] Allocation failed. Thread stalled by JNI critical section. Thread "task-event-loop-177" 0 locked.
[2025-10-13T19:40:32.396-0700][3448 ][debug][gc,jni      ] Allocation failed. Thread stalled by JNI critical section. Thread "http-client-failure-detector-2176" 0 locked.
[2025-10-13T19:40:32.396-0700][19050][debug][gc,jni      ] Allocation failed. Thread stalled by JNI critical section. Thread "task-event-loop-292" 0 locked.
[2025-10-13T19:40:32.396-0700][1256 ][info ][safepoint   ] Safepoint "G1CollectForAllocation", Time since last: 424623 ns, Reaching safepoint: 781562 ns, Cleanup: 3816 ns, At safepoint: 136674364 ns, Total: 137459742 ns
[2025-10-13T19:40:33.397-0700][1256 ][info ][safepoint   ] Safepoint "Cleanup", Time since last: 1000089193 ns, Reaching safepoint: 859109 ns, Cleanup: 33471 ns, At safepoint: 182166 ns, Total: 1074746 ns
[2025-10-13T19:40:34.399-0700][1256 ][info ][safepoint   ] Safepoint "Cleanup", Time since last: 1000103824 ns, Reaching safepoint: 1144391 ns, Cleanup: 18969 ns, At safepoint: 696544 ns, Total: 1859904 ns
[2025-10-13T19:40:36.401-0700][1256 ][info ][safepoint   ] Safepoint "Cleanup", Time since last: 2000169311 ns, Reaching safepoint: 853772 ns, Cleanup: 20010 ns, At safepoint: 406906 ns, Total: 1280688 ns
[2025-10-13T19:40:37.347-0700][1256 ][info ][gc,start    ] GC(198) Pause Young (Mixed) (G1 Evacuation Pause)
[2025-10-13T19:40:37.347-0700][1256 ][info ][gc,task     ] GC(198) Using 113 workers of 113 for evacuation
[2025-10-13T19:40:37.362-0700][1256 ][debug][gc,remset   ] GC(198) Visited cards 10452992 Total dirty 72548352 (14.41%) Total old 363134976 (2.88%)
[2025-10-13T19:40:37.462-0700][1256 ][info ][gc,phases   ] GC(198)   Pre Evacuate Collection Set: 0.7ms
[2025-10-13T19:40:37.462-0700][1256 ][info ][gc,phases   ] GC(198)   Merge Heap Roots: 14.1ms
[2025-10-13T19:40:37.462-0700][1256 ][info ][gc,phases   ] GC(198)   Evacuate Collection Set: 90.9ms
[2025-10-13T19:40:37.462-0700][1256 ][info ][gc,phases   ] GC(198)   Post Evacuate Collection Set: 9.1ms
[2025-10-13T19:40:37.462-0700][1256 ][info ][gc,phases   ] GC(198)   Other: 0.2ms
[2025-10-13T19:40:37.462-0700][1256 ][debug][gc,remset   ] GC(198) Coarsening (recent): Inline->AoC 16788 (0) AoC->Howl 84 (0) Howl->Full 0 (0) Inline->AoC 305 (0) AoC->BitMap 51 (0) BitMap->Full 0 (0) 
[2025-10-13T19:40:37.462-0700][1256 ][debug][gc,remset   ] GC(198) Coarsening (all): Inline->AoC 5754655 (170) AoC->Howl 97550 (670) Howl->Full 0 (0) Inline->AoC 373990 (234) AoC->BitMap 118045 (540) BitMap->Full 18 (0) 
[2025-10-13T19:40:37.462-0700][1256 ][info ][gc,heap     ] GC(198) Eden regions: 2049->0(1444)
[2025-10-13T19:40:37.462-0700][1256 ][info ][gc,heap     ] GC(198) Survivor regions: 66->156(265)
[2025-10-13T19:40:37.462-0700][1256 ][info ][gc,heap     ] GC(198) Old regions: 1251->1209
[2025-10-13T19:40:37.462-0700][1256 ][info ][gc,heap     ] GC(198) Humongous regions: 4->0
[2025-10-13T19:40:37.462-0700][1256 ][info ][gc,metaspace] GC(198) Metaspace: 319565K(325696K)->319565K(325696K) NonClass: 281257K(284544K)->281257K(284544K) Class: 38307K(41152K)->38307K(41152K)
[2025-10-13T19:40:37.462-0700][1256 ][info ][gc          ] GC(198) Pause Young (Mixed) (G1 Evacuation Pause) 107801M->43680M(184320M) 115.213ms
[2025-10-13T19:40:37.464-0700][1256 ][info ][gc,cpu      ] GC(198) User=11.45s Sys=0.08s Real=0.12s
[2025-10-13T19:40:37.465-0700][1256 ][info ][safepoint   ] Safepoint "G1CollectForAllocation", Time since last: 943509205 ns, Reaching safepoint: 820902 ns, Cleanup: 5558 ns, At safepoint: 119745947 ns, Total: 120572407 ns
[2025-10-13T19:40:38.467-0700][1256 ][info ][safepoint   ] Safepoint "Cleanup", Time since last: 1000077325 ns, Reaching safepoint: 1342851 ns, Cleanup: 14562 ns, At safepoint: 266223 ns, Total: 1623636 ns
[2025-10-13T19:40:39.819-0700][1256 ][info ][gc,start    ] GC(199) Pause Young (Mixed) (G1 Evacuation Pause)
[2025-10-13T19:40:39.819-0700][1256 ][info ][gc,task     ] GC(199) Using 113 workers of 113 for evacuation
[2025-10-13T19:40:39.832-0700][1256 ][debug][gc,remset   ] GC(199) Visited cards 10274816 Total dirty 69992448 (14.68%) Total old 322371584 (3.19%)
[2025-10-13T19:40:39.954-0700][1256 ][info ][gc,phases   ] GC(199)   Pre Evacuate Collection Set: 0.7ms
[2025-10-13T19:40:39.954-0700][1256 ][info ][gc,phases   ] GC(199)   Merge Heap Roots: 11.7ms
[2025-10-13T19:40:39.954-0700][1256 ][info ][gc,phases   ] GC(199)   Evacuate Collection Set: 113.6ms
[2025-10-13T19:40:39.954-0700][1256 ][info ][gc,phases   ] GC(199)   Post Evacuate Collection Set: 8.4ms
[2025-10-13T19:40:39.954-0700][1256 ][info ][gc,phases   ] GC(199)   Other: 0.1ms
[2025-10-13T19:40:39.954-0700][1256 ][debug][gc,remset   ] GC(199) Coarsening (recent): Inline->AoC 15231 (0) AoC->Howl 87 (0) Howl->Full 0 (0) Inline->AoC 336 (0) AoC->BitMap 53 (0) BitMap->Full 0 (0) 
[2025-10-13T19:40:39.954-0700][1256 ][debug][gc,remset   ] GC(199) Coarsening (all): Inline->AoC 5769886 (170) AoC->Howl 97637 (670) Howl->Full 0 (0) Inline->AoC 374326 (234) AoC->BitMap 118098 (540) BitMap->Full 18 (0) 
[2025-10-13T19:40:39.954-0700][1256 ][info ][gc,heap     ] GC(199) Eden regions: 1670->0(1995)
[2025-10-13T19:40:39.954-0700][1256 ][info ][gc,heap     ] GC(199) Survivor regions: 156->109(229)
[2025-10-13T19:40:39.954-0700][1256 ][info ][gc,heap     ] GC(199) Old regions: 1209->1245
[2025-10-13T19:40:39.954-0700][1256 ][info ][gc,heap     ] GC(199) Humongous regions: 2->0
[2025-10-13T19:40:39.954-0700][1256 ][info ][gc,metaspace] GC(199) Metaspace: 319565K(325696K)->319565K(325696K) NonClass: 281257K(284544K)->281257K(284544K) Class: 38307K(41152K)->38307K(41152K)
[2025-10-13T19:40:39.954-0700][1256 ][info ][gc          ] GC(199) Pause Young (Mixed) (G1 Evacuation Pause) 97184M->43293M(184320M) 134.740ms
[2025-10-13T19:40:39.956-0700][1256 ][info ][gc,cpu      ] GC(199) User=13.01s Sys=0.21s Real=0.14s
[2025-10-13T19:40:39.957-0700][1256 ][info ][safepoint   ] Safepoint "G1CollectForAllocation", Time since last: 1350194449 ns, Reaching safepoint: 865199 ns, Cleanup: 4887 ns, At safepoint: 139631408 ns, Total: 140501494 ns
[2025-10-13T19:40:41.959-0700][1256 ][info ][safepoint   ] Safepoint "Cleanup", Time since last: 2000164805 ns, Reaching safepoint: 1328770 ns, Cleanup: 25258 ns, At safepoint: 320705 ns, Total: 1674733 ns
[2025-10-13T19:40:42.961-0700][1256 ][info ][safepoint   ] Safepoint "Cleanup", Time since last: 1000077044 ns, Reaching safepoint: 1508432 ns, Cleanup: 20241 ns, At safepoint: 263679 ns, Total: 1792352 ns
[2025-10-13T19:40:43.963-0700][1256 ][info ][safepoint   ] Safepoint "Cleanup", Time since last: 1000107760 ns, Reaching safepoint: 892741 ns, Cleanup: 12378 ns, At safepoint: 504604 ns, Total: 1409723 ns
[2025-10-13T19:40:45.223-0700][1256 ][info ][gc,start    ] GC(200) Pause Young (Mixed) (G1 Evacuation Pause)
[2025-10-13T19:40:45.223-0700][1256 ][info ][gc,task     ] GC(200) Using 113 workers of 113 for evacuation
[2025-10-13T19:40:45.237-0700][1256 ][debug][gc,remset   ] GC(200) Visited cards 10570496 Total dirty 72220672 (14.64%) Total old 379977728 (2.78%)
[2025-10-13T19:40:45.342-0700][1256 ][info ][gc,phases   ] GC(200)   Pre Evacuate Collection Set: 0.8ms
[2025-10-13T19:40:45.342-0700][1256 ][info ][gc,phases   ] GC(200)   Merge Heap Roots: 13.6ms
[2025-10-13T19:40:45.342-0700][1256 ][info ][gc,phases   ] GC(200)   Evacuate Collection Set: 95.2ms
[2025-10-13T19:40:45.342-0700][1256 ][info ][gc,phases   ] GC(200)   Post Evacuate Collection Set: 9.8ms
[2025-10-13T19:40:45.342-0700][1256 ][info ][gc,phases   ] GC(200)   Other: 0.2ms
[2025-10-13T19:40:45.342-0700][1256 ][debug][gc,remset   ] GC(200) Coarsening (recent): Inline->AoC 18437 (0) AoC->Howl 82 (0) Howl->Full 0 (0) Inline->AoC 203 (0) AoC->BitMap 71 (0) BitMap->Full 0 (0) 
[2025-10-13T19:40:45.342-0700][1256 ][debug][gc,remset   ] GC(200) Coarsening (all): Inline->AoC 5788323 (170) AoC->Howl 97719 (670) Howl->Full 0 (0) Inline->AoC 374529 (234) AoC->BitMap 118169 (540) BitMap->Full 18 (0) 
[2025-10-13T19:40:45.342-0700][1256 ][info ][gc,heap     ] GC(200) Eden regions: 2137->0(1768)
[2025-10-13T19:40:45.342-0700][1256 ][info ][gc,heap     ] GC(200) Survivor regions: 109->169(281)
[2025-10-13T19:40:45.342-0700][1256 ][info ][gc,heap     ] GC(200) Old regions: 1245->1202
[2025-10-13T19:40:45.342-0700][1256 ][info ][gc,heap     ] GC(200) Humongous regions: 5->0
[2025-10-13T19:40:45.342-0700][1256 ][info ][gc,metaspace] GC(200) Metaspace: 319573K(325696K)->319573K(325696K) NonClass: 281264K(284544K)->281264K(284544K) Class: 38309K(41152K)->38309K(41152K)
[2025-10-13T19:40:45.342-0700][1256 ][info ][gc          ] GC(200) Pause Young (Mixed) (G1 Evacuation Pause) 111837M->43867M(184320M) 119.678ms
[2025-10-13T19:40:45.344-0700][1256 ][info ][gc,cpu      ] GC(200) User=12.26s Sys=0.17s Real=0.12s
[2025-10-13T19:40:45.345-0700][1256 ][info ][safepoint   ] Safepoint "G1CollectForAllocation", Time since last: 1257508505 ns, Reaching safepoint: 818048 ns, Cleanup: 4337 ns, At safepoint: 124300202 ns, Total: 125122587 ns
[2025-10-13T19:40:46.346-0700][1256 ][info ][safepoint   ] Safepoint "Cleanup", Time since last: 1000111094 ns, Reaching safepoint: 761582 ns, Cleanup: 15474 ns, At safepoint: 133131 ns, Total: 910187 ns
[2025-10-13T19:40:47.348-0700][1256 ][info ][safepoint   ] Safepoint "Cleanup", Time since last: 1000119988 ns, Reaching safepoint: 836375 ns, Cleanup: 11057 ns, At safepoint: 666228 ns, Total: 1513660 ns
[2025-10-13T19:40:48.349-0700][1256 ][info ][safepoint   ] Safepoint "Cleanup", Time since last: 1000126417 ns, Reaching safepoint: 803106 ns, Cleanup: 16515 ns, At safepoint: 667039 ns, Total: 1486660 ns
[2025-10-13T19:40:49.351-0700][1256 ][info ][safepoint   ] Safepoint "Cleanup", Time since last: 1000120799 ns, Reaching safepoint: 911720 ns, Cleanup: 11177 ns, At safepoint: 936116 ns, Total: 1859013 ns
[2025-10-13T19:40:50.364-0700][1256 ][info ][safepoint   ] Safepoint "Cleanup", Time since last: 1000108420 ns, Reaching safepoint: 10319137 ns, Cleanup: 14802 ns, At safepoint: 2246690 ns, Total: 12580629 ns
[2025-10-13T19:40:52.367-0700][1256 ][info ][safepoint   ] Safepoint "Cleanup", Time since last: 2000187566 ns, Reaching safepoint: 946442 ns, Cleanup: 9945 ns, At safepoint: 1581824 ns, Total: 2538211 ns
[2025-10-13T19:40:53.093-0700][1256 ][info ][gc,start    ] GC(201) Pause Young (Mixed) (G1 Evacuation Pause)
[2025-10-13T19:40:53.093-0700][1256 ][info ][gc,task     ] GC(201) Using 113 workers of 113 for evacuation
[2025-10-13T19:40:53.107-0700][1256 ][debug][gc,remset   ] GC(201) Visited cards 11175680 Total dirty 69599232 (16.06%) Total old 352518144 (3.17%)
[2025-10-13T19:40:53.231-0700][1256 ][info ][gc,phases   ] GC(201)   Pre Evacuate Collection Set: 0.8ms
[2025-10-13T19:40:53.231-0700][1256 ][info ][gc,phases   ] GC(201)   Merge Heap Roots: 13.2ms
[2025-10-13T19:40:53.231-0700][1256 ][info ][gc,phases   ] GC(201)   Evacuate Collection Set: 113.1ms
[2025-10-13T19:40:53.231-0700][1256 ][info ][gc,phases   ] GC(201)   Post Evacuate Collection Set: 11.2ms
[2025-10-13T19:40:53.231-0700][1256 ][info ][gc,phases   ] GC(201)   Other: 0.2ms
[2025-10-13T19:40:53.231-0700][1256 ][debug][gc,remset   ] GC(201) Coarsening (recent): Inline->AoC 25839 (0) AoC->Howl 138 (0) Howl->Full 0 (0) Inline->AoC 610 (0) AoC->BitMap 58 (0) BitMap->Full 0 (0) 
[2025-10-13T19:40:53.231-0700][1256 ][debug][gc,remset   ] GC(201) Coarsening (all): Inline->AoC 5814162 (170) AoC->Howl 97857 (670) Howl->Full 0 (0) Inline->AoC 375139 (234) AoC->BitMap 118227 (540) BitMap->Full 18 (0) 
[2025-10-13T19:40:53.231-0700][1256 ][info ][gc,heap     ] GC(201) Eden regions: 1889->0(2172)
[2025-10-13T19:40:53.231-0700][1256 ][info ][gc,heap     ] GC(201) Survivor regions: 169->138(258)
[2025-10-13T19:40:53.231-0700][1256 ][info ][gc,heap     ] GC(201) Old regions: 1202->1211
[2025-10-13T19:40:53.231-0700][1256 ][info ][gc,heap     ] GC(201) Humongous regions: 5->0
[2025-10-13T19:40:53.231-0700][1256 ][info ][gc,metaspace] GC(201) Metaspace: 319574K(325696K)->319574K(325696K) NonClass: 281264K(284544K)->281264K(284544K) Class: 38309K(41152K)->38309K(41152K)
[2025-10-13T19:40:53.231-0700][1256 ][info ][gc          ] GC(201) Pause Young (Mixed) (G1 Evacuation Pause) 104475M->43161M(184320M) 138.533ms
[2025-10-13T19:40:53.233-0700][1256 ][info ][gc,cpu      ] GC(201) User=13.21s Sys=0.03s Real=0.14s
[2025-10-13T19:40:53.234-0700][1256 ][info ][safepoint   ] Safepoint "G1CollectForAllocation", Time since last: 714011510 ns, Reaching safepoint: 10373269 ns, Cleanup: 13781 ns, At safepoint: 143223600 ns, Total: 153610650 ns
[2025-10-13T19:40:54.236-0700][1256 ][info ][safepoint   ] Safepoint "Cleanup", Time since last: 1000084934 ns, Reaching safepoint: 811508 ns, Cleanup: 10826 ns, At safepoint: 209107 ns, Total: 1031441 ns
[2025-10-13T19:40:55.237-0700][1256 ][info ][safepoint   ] Safepoint "Cleanup", Time since last: 1000106597 ns, Reaching safepoint: 819580 ns, Cleanup: 11878 ns, At safepoint: 167884 ns, Total: 999342 ns
[2025-10-13T19:40:56.238-0700][1256 ][info ][safepoint   ] Safepoint "Cleanup", Time since last: 1000101930 ns, Reaching safepoint: 1035578 ns, Cleanup: 11006 ns, At safepoint: 228286 ns, Total: 1274870 ns
[2025-10-13T19:40:59.239-0700][1256 ][info ][safepoint   ] Safepoint "Cleanup", Time since last: 3000233480 ns, Reaching safepoint: 792800 ns, Cleanup: 21383 ns, At safepoint: 206072 ns, Total: 1020255 ns
[2025-10-13T19:41:00.240-0700][1256 ][info ][safepoint   ] Safepoint "Cleanup", Time since last: 1000098144 ns, Reaching safepoint: 828994 ns, Cleanup: 18268 ns, At safepoint: 250850 ns, Total: 1098112 ns
[2025-10-13T19:41:00.986-0700][1256 ][info ][gc,start    ] GC(202) Pause Young (Mixed) (G1 Evacuation Pause)
[2025-10-13T19:41:00.986-0700][1256 ][info ][gc,task     ] GC(202) Using 113 workers of 113 for evacuation
[2025-10-13T19:41:00.999-0700][1256 ][debug][gc,remset   ] GC(202) Visited cards 11742208 Total dirty 69992448 (16.78%) Total old 392953856 (2.99%)
[2025-10-13T19:41:01.109-0700][1256 ][info ][gc,phases   ] GC(202)   Pre Evacuate Collection Set: 0.7ms
[2025-10-13T19:41:01.109-0700][1256 ][info ][gc,phases   ] GC(202)   Merge Heap Roots: 12.7ms
[2025-10-13T19:41:01.109-0700][1256 ][info ][gc,phases   ] GC(202)   Evacuate Collection Set: 98.4ms
[2025-10-13T19:41:01.109-0700][1256 ][info ][gc,phases   ] GC(202)   Post Evacuate Collection Set: 11.3ms
[2025-10-13T19:41:01.109-0700][1256 ][info ][gc,phases   ] GC(202)   Other: 0.2ms
[2025-10-13T19:41:01.109-0700][1256 ][debug][gc,remset   ] GC(202) Coarsening (recent): Inline->AoC 25116 (0) AoC->Howl 281 (0) Howl->Full 0 (0) Inline->AoC 1250 (0) AoC->BitMap 149 (0) BitMap->Full 0 (0) 
[2025-10-13T19:41:01.109-0700][1256 ][debug][gc,remset   ] GC(202) Coarsening (all): Inline->AoC 5839278 (170) AoC->Howl 98138 (670) Howl->Full 0 (0) Inline->AoC 376389 (234) AoC->BitMap 118376 (540) BitMap->Full 18 (0) 
[2025-10-13T19:41:01.109-0700][1256 ][info ][gc,heap     ] GC(202) Eden regions: 2220->0(2198)
[2025-10-13T19:41:01.109-0700][1256 ][info ][gc,heap     ] GC(202) Survivor regions: 138->168(295)
[2025-10-13T19:41:01.109-0700][1256 ][info ][gc,heap     ] GC(202) Old regions: 1211->1166
[2025-10-13T19:41:01.109-0700][1256 ][info ][gc,heap     ] GC(202) Humongous regions: 13->0
[2025-10-13T19:41:01.109-0700][1256 ][info ][gc,metaspace] GC(202) Metaspace: 319613K(325696K)->319613K(325696K) NonClass: 281300K(284544K)->281300K(284544K) Class: 38313K(41152K)->38313K(41152K)
[2025-10-13T19:41:01.109-0700][1256 ][info ][gc          ] GC(202) Pause Young (Mixed) (G1 Evacuation Pause) 114617M->42688M(184320M) 123.465ms
[2025-10-13T19:41:01.111-0700][1256 ][info ][gc,cpu      ] GC(202) User=12.33s Sys=0.13s Real=0.13s
[2025-10-13T19:41:01.112-0700][1256 ][info ][safepoint   ] Safepoint "G1CollectForAllocation", Time since last: 742674508 ns, Reaching safepoint: 835655 ns, Cleanup: 13320 ns, At safepoint: 128120373 ns, Total: 128969348 ns
[2025-10-13T19:41:02.113-0700][1256 ][info ][safepoint   ] Safepoint "Cleanup", Time since last: 1000081008 ns, Reaching safepoint: 797207 ns, Cleanup: 16324 ns, At safepoint: 190759 ns, Total: 1004290 ns
[2025-10-13T19:41:06.802-0700][1256 ][info ][safepoint   ] Safepoint "Cleanup", Time since last: 4687063051 ns, Reaching safepoint: 1246066 ns, Cleanup: 17807 ns, At safepoint: 303789 ns, Total: 1567662 ns
[2025-10-13T19:41:07.803-0700][1256 ][info ][safepoint   ] Safepoint "Cleanup", Time since last: 1000111054 ns, Reaching safepoint: 832711 ns, Cleanup: 18558 ns, At safepoint: 289197 ns, Total: 1140466 ns
[2025-10-13T19:41:08.495-0700][1256 ][info ][gc,start    ] GC(203) Pause Young (Mixed) (G1 Evacuation Pause)
[2025-10-13T19:41:08.495-0700][1256 ][info ][gc,task     ] GC(203) Using 113 workers of 113 for evacuation
[2025-10-13T19:41:08.509-0700][1256 ][debug][gc,remset   ] GC(203) Visited cards 12621568 Total dirty 67698688 (18.64%) Total old 397672448 (3.17%)
[2025-10-13T19:41:08.646-0700][1256 ][info ][gc,phases   ] GC(203)   Pre Evacuate Collection Set: 0.7ms
[2025-10-13T19:41:08.646-0700][1256 ][info ][gc,phases   ] GC(203)   Merge Heap Roots: 13.1ms
[2025-10-13T19:41:08.646-0700][1256 ][info ][gc,phases   ] GC(203)   Evacuate Collection Set: 125.0ms
[2025-10-13T19:41:08.647-0700][1256 ][info ][gc,phases   ] GC(203)   Post Evacuate Collection Set: 12.0ms
[2025-10-13T19:41:08.647-0700][1256 ][info ][gc,phases   ] GC(203)   Other: 0.2ms
[2025-10-13T19:41:08.647-0700][1256 ][debug][gc,remset   ] GC(203) Coarsening (recent): Inline->AoC 21419 (0) AoC->Howl 279 (0) Howl->Full 0 (0) Inline->AoC 1381 (0) AoC->BitMap 129 (0) BitMap->Full 0 (0) 
[2025-10-13T19:41:08.647-0700][1256 ][debug][gc,remset   ] GC(203) Coarsening (all): Inline->AoC 5860697 (170) AoC->Howl 98417 (670) Howl->Full 0 (0) Inline->AoC 377770 (234) AoC->BitMap 118505 (540) BitMap->Full 18 (0) 
[2025-10-13T19:41:08.647-0700][1256 ][info ][gc,heap     ] GC(203) Eden regions: 2248->0(2386)
[2025-10-13T19:41:08.647-0700][1256 ][info ][gc,heap     ] GC(203) Survivor regions: 168->150(302)
[2025-10-13T19:41:08.647-0700][1256 ][info ][gc,heap     ] GC(203) Old regions: 1166->1172
[2025-10-13T19:41:08.647-0700][1256 ][info ][gc,heap     ] GC(203) Humongous regions: 14->0
[2025-10-13T19:41:08.647-0700][1256 ][info ][gc,metaspace] GC(203) Metaspace: 319636K(325696K)->319636K(325696K) NonClass: 281321K(284544K)->281321K(284544K) Class: 38315K(41152K)->38315K(41152K)
[2025-10-13T19:41:08.647-0700][1256 ][info ][gc          ] GC(203) Pause Young (Mixed) (G1 Evacuation Pause) 115071M->42269M(184320M) 151.187ms
[2025-10-13T19:41:08.648-0700][1256 ][info ][gc,cpu      ] GC(203) User=14.01s Sys=0.12s Real=0.15s
[2025-10-13T19:41:08.650-0700][1256 ][info ][safepoint   ] Safepoint "G1CollectForAllocation", Time since last: 689656613 ns, Reaching safepoint: 920914 ns, Cleanup: 6890 ns, At safepoint: 155930881 ns, Total: 156858685 ns
[2025-10-13T19:41:09.651-0700][1256 ][info ][safepoint   ] Safepoint "Cleanup", Time since last: 1000095520 ns, Reaching safepoint: 831929 ns, Cleanup: 23385 ns, At safepoint: 235887 ns, Total: 1091201 ns
[2025-10-13T19:41:10.889-0700][1256 ][info ][safepoint   ] Safepoint "Cleanup", Time since last: 1000112567 ns, Reaching safepoint: 236563326 ns, Cleanup: 16015 ns, At safepoint: 1803479 ns, Total: 238382820 ns
[2025-10-13T19:41:11.891-0700][1256 ][info ][safepoint   ] Safepoint "Cleanup", Time since last: 1000120404 ns, Reaching safepoint: 737726 ns, Cleanup: 19219 ns, At safepoint: 452815 ns, Total: 1209760 ns
[2025-10-13T19:41:13.896-0700][1256 ][info ][safepoint   ] Safepoint "Cleanup", Time since last: 2000162771 ns, Reaching safepoint: 3952910 ns, Cleanup: 14652 ns, At safepoint: 1696647 ns, Total: 5664209 ns
[2025-10-13T19:41:14.898-0700][1256 ][info ][safepoint   ] Safepoint "Cleanup", Time since last: 1000112533 ns, Reaching safepoint: 821933 ns, Cleanup: 13581 ns, At safepoint: 768983 ns, Total: 1604497 ns
[2025-10-13T19:41:17.900-0700][1256 ][info ][safepoint   ] Safepoint "Cleanup", Time since last: 3000254764 ns, Reaching safepoint: 789884 ns, Cleanup: 14302 ns, At safepoint: 351091 ns, Total: 1155277 ns
[2025-10-13T19:41:18.684-0700][1256 ][info ][gc,start    ] GC(204) Pause Young (Mixed) (G1 Evacuation Pause)
[2025-10-13T19:41:18.684-0700][1256 ][info ][gc,task     ] GC(204) Using 113 workers of 113 for evacuation
[2025-10-13T19:41:18.699-0700][1256 ][debug][gc,remset   ] GC(204) Visited cards 13332736 Total dirty 68747264 (19.39%) Total old 417923072 (3.19%)
[2025-10-13T19:41:18.832-0700][1256 ][info ][gc,phases   ] GC(204)   Pre Evacuate Collection Set: 0.7ms
[2025-10-13T19:41:18.832-0700][1256 ][info ][gc,phases   ] GC(204)   Merge Heap Roots: 13.5ms
[2025-10-13T19:41:18.832-0700][1256 ][info ][gc,phases   ] GC(204)   Evacuate Collection Set: 119.6ms
[2025-10-13T19:41:18.832-0700][1256 ][info ][gc,phases   ] GC(204)   Post Evacuate Collection Set: 13.3ms
[2025-10-13T19:41:18.832-0700][1256 ][info ][gc,phases   ] GC(204)   Other: 0.2ms
[2025-10-13T19:41:18.832-0700][1256 ][debug][gc,remset   ] GC(204) Coarsening (recent): Inline->AoC 25502 (0) AoC->Howl 349 (0) Howl->Full 0 (0) Inline->AoC 1498 (0) AoC->BitMap 205 (0) BitMap->Full 0 (0) 
[2025-10-13T19:41:18.832-0700][1256 ][debug][gc,remset   ] GC(204) Coarsening (all): Inline->AoC 5886199 (170) AoC->Howl 98766 (670) Howl->Full 0 (0) Inline->AoC 379268 (234) AoC->BitMap 118710 (540) BitMap->Full 18 (0) 
[2025-10-13T19:41:18.832-0700][1256 ][info ][gc,heap     ] GC(204) Eden regions: 2420->0(2267)
[2025-10-13T19:41:18.832-0700][1256 ][info ][gc,heap     ] GC(204) Survivor regions: 150->196(322)
[2025-10-13T19:41:18.832-0700][1256 ][info ][gc,heap     ] GC(204) Old regions: 1172->1130
[2025-10-13T19:41:18.832-0700][1256 ][info ][gc,heap     ] GC(204) Humongous regions: 9->0
[2025-10-13T19:41:18.832-0700][1256 ][info ][gc,metaspace] GC(204) Metaspace: 319643K(325696K)->319643K(325696K) NonClass: 281328K(284544K)->281328K(284544K) Class: 38315K(41152K)->38315K(41152K)
[2025-10-13T19:41:18.832-0700][1256 ][info ][gc          ] GC(204) Pause Young (Mixed) (G1 Evacuation Pause) 119997M->42394M(184320M) 147.458ms
[2025-10-13T19:41:18.834-0700][1256 ][info ][gc,cpu      ] GC(204) User=13.65s Sys=0.24s Real=0.15s
[2025-10-13T19:41:18.835-0700][1256 ][info ][safepoint   ] Safepoint "G1CollectForAllocation", Time since last: 782094560 ns, Reaching safepoint: 925630 ns, Cleanup: 15734 ns, At safepoint: 152116502 ns, Total: 153057866 ns
[2025-10-13T19:41:20.836-0700][1256 ][info ][safepoint   ] Safepoint "Cleanup", Time since last: 2000148560 ns, Reaching safepoint: 855044 ns, Cleanup: 18127 ns, At safepoint: 227244 ns, Total: 1100415 ns
[2025-10-13T19:41:21.837-0700][1256 ][info ][safepoint   ] Safepoint "Cleanup", Time since last: 1000104661 ns, Reaching safepoint: 785909 ns, Cleanup: 10766 ns, At safepoint: 194053 ns, Total: 990728 ns
[2025-10-13T19:41:22.838-0700][1256 ][info ][safepoint   ] Safepoint "Cleanup", Time since last: 1000101827 ns, Reaching safepoint: 910578 ns, Cleanup: 15613 ns, At safepoint: 373826 ns, Total: 1300017 ns
[2025-10-13T19:41:23.840-0700][1256 ][info ][safepoint   ] Safepoint "Cleanup", Time since last: 1000117951 ns, Reaching safepoint: 943708 ns, Cleanup: 16965 ns, At safepoint: 713500 ns, Total: 1674173 ns
[2025-10-13T19:41:24.842-0700][1256 ][info ][safepoint   ] Safepoint "Cleanup", Time since last: 1000107034 ns, Reaching safepoint: 834783 ns, Cleanup: 14161 ns, At safepoint: 694361 ns, Total: 1543305 ns
[2025-10-13T19:41:25.866-0700][1256 ][info ][gc,start    ] GC(205) Pause Young (Mixed) (G1 Evacuation Pause)
[2025-10-13T19:41:25.866-0700][1256 ][info ][gc,task     ] GC(205) Using 113 workers of 113 for evacuation
[2025-10-13T19:41:25.879-0700][1256 ][debug][gc,remset   ] GC(205) Visited cards 14235136 Total dirty 66977792 (21.25%) Total old 401670144 (3.54%)
[2025-10-13T19:41:26.037-0700][1256 ][info ][gc,phases   ] GC(205)   Pre Evacuate Collection Set: 0.8ms
[2025-10-13T19:41:26.037-0700][1256 ][info ][gc,phases   ] GC(205)   Merge Heap Roots: 12.5ms
[2025-10-13T19:41:26.037-0700][1256 ][info ][gc,phases   ] GC(205)   Evacuate Collection Set: 144.4ms
[2025-10-13T19:41:26.037-0700][1256 ][info ][gc,phases   ] GC(205)   Post Evacuate Collection Set: 12.6ms
[2025-10-13T19:41:26.037-0700][1256 ][info ][gc,phases   ] GC(205)   Other: 0.2ms
[2025-10-13T19:41:26.037-0700][1256 ][debug][gc,remset   ] GC(205) Coarsening (recent): Inline->AoC 45113 (0) AoC->Howl 331 (0) Howl->Full 0 (0) Inline->AoC 1602 (0) AoC->BitMap 172 (0) BitMap->Full 0 (0) 
[2025-10-13T19:41:26.037-0700][1256 ][debug][gc,remset   ] GC(205) Coarsening (all): Inline->AoC 5931312 (170) AoC->Howl 99097 (670) Howl->Full 0 (0) Inline->AoC 380870 (234) AoC->BitMap 118882 (540) BitMap->Full 18 (0) 
[2025-10-13T19:41:26.037-0700][1256 ][info ][gc,heap     ] GC(205) Eden regions: 2272->0(2206)
[2025-10-13T19:41:26.037-0700][1256 ][info ][gc,heap     ] GC(205) Survivor regions: 196->223(309)
[2025-10-13T19:41:26.037-0700][1256 ][info ][gc,heap     ] GC(205) Old regions: 1130->1116
[2025-10-13T19:41:26.037-0700][1256 ][info ][gc,heap     ] GC(205) Humongous regions: 13->0
[2025-10-13T19:41:26.037-0700][1256 ][info ][gc,metaspace] GC(205) Metaspace: 319646K(325696K)->319646K(325696K) NonClass: 281331K(284544K)->281331K(284544K) Class: 38315K(41152K)->38315K(41152K)
[2025-10-13T19:41:26.037-0700][1256 ][info ][gc          ] GC(205) Pause Young (Mixed) (G1 Evacuation Pause) 115514M->42806M(184320M) 170.666ms
[2025-10-13T19:41:26.038-0700][1256 ][info ][gc,cpu      ] GC(205) User=16.96s Sys=0.16s Real=0.17s
[2025-10-13T19:41:26.040-0700][1256 ][info ][safepoint   ] Safepoint "G1CollectForAllocation", Time since last: 1021622712 ns, Reaching safepoint: 835614 ns, Cleanup: 6620 ns, At safepoint: 175436619 ns, Total: 176278853 ns
[2025-10-13T19:41:26.331-0700][1256 ][info ][gc,start    ] GC(206) Pause Young (Concurrent Start) (G1 Humongous Allocation)
[2025-10-13T19:41:26.331-0700][1256 ][info ][gc,task     ] GC(206) Using 113 workers of 113 for evacuation
[2025-10-13T19:41:26.343-0700][1256 ][debug][gc,remset   ] GC(206) Visited cards 11084032 Total dirty 65798144 (16.85%) Total old 120193024 (9.22%)
[2025-10-13T19:41:26.465-0700][1256 ][info ][gc,phases   ] GC(206)   Pre Evacuate Collection Set: 0.9ms
[2025-10-13T19:41:26.465-0700][1256 ][info ][gc,phases   ] GC(206)   Merge Heap Roots: 10.8ms
[2025-10-13T19:41:26.465-0700][1256 ][info ][gc,phases   ] GC(206)   Evacuate Collection Set: 113.7ms
[2025-10-13T19:41:26.465-0700][1256 ][info ][gc,phases   ] GC(206)   Post Evacuate Collection Set: 7.9ms
[2025-10-13T19:41:26.465-0700][1256 ][info ][gc,phases   ] GC(206)   Other: 0.1ms
[2025-10-13T19:41:26.465-0700][1256 ][debug][gc,remset   ] GC(206) Coarsening (recent): Inline->AoC 19 (0) AoC->Howl 0 (0) Howl->Full 0 (0) Inline->AoC 0 (0) AoC->BitMap 0 (0) BitMap->Full 0 (0) 
[2025-10-13T19:41:26.465-0700][1256 ][debug][gc,remset   ] GC(206) Coarsening (all): Inline->AoC 5931331 (170) AoC->Howl 99097 (670) Howl->Full 0 (0) Inline->AoC 380870 (234) AoC->BitMap 118882 (540) BitMap->Full 18 (0) 
[2025-10-13T19:41:26.465-0700][1256 ][info ][gc,heap     ] GC(206) Eden regions: 136->0(1582)
[2025-10-13T19:41:26.465-0700][1256 ][info ][gc,heap     ] GC(206) Survivor regions: 223->152(319)
[2025-10-13T19:41:26.465-0700][1256 ][info ][gc,heap     ] GC(206) Old regions: 1116->1188
[2025-10-13T19:41:26.465-0700][1256 ][info ][gc,heap     ] GC(206) Humongous regions: 0->0
[2025-10-13T19:41:26.465-0700][1256 ][info ][gc,metaspace] GC(206) Metaspace: 319646K(325696K)->319646K(325696K) NonClass: 281331K(284544K)->281331K(284544K) Class: 38315K(41152K)->38315K(41152K)
[2025-10-13T19:41:26.465-0700][1256 ][info ][gc          ] GC(206) Pause Young (Concurrent Start) (G1 Humongous Allocation) 47143M->42866M(184320M) 133.586ms
[2025-10-13T19:41:26.465-0700][1089 ][info ][gc          ] GC(207) Concurrent Mark Cycle
[2025-10-13T19:41:26.465-0700][1089 ][info ][gc,marking  ] GC(207) Concurrent Scan Root Regions
[2025-10-13T19:41:26.467-0700][1256 ][info ][gc,cpu      ] GC(206) User=12.92s Sys=0.03s Real=0.13s
[2025-10-13T19:41:26.468-0700][1256 ][info ][safepoint   ] Safepoint "G1TryInitiateConcMark", Time since last: 288869622 ns, Reaching safepoint: 661911 ns, Cleanup: 11368 ns, At safepoint: 138864635 ns, Total: 139537914 ns
[2025-10-13T19:41:26.526-0700][1089 ][info ][gc,marking  ] GC(207) Concurrent Scan Root Regions 61.003ms
[2025-10-13T19:41:26.526-0700][1089 ][info ][gc,marking  ] GC(207) Concurrent Mark
[2025-10-13T19:41:26.526-0700][1089 ][info ][gc,marking  ] GC(207) Concurrent Mark From Roots
[2025-10-13T19:41:26.526-0700][1089 ][info ][gc,task     ] GC(207) Using 36 workers of 36 for marking
[2025-10-13T19:41:26.859-0700][1089 ][info ][gc,marking  ] GC(207) Concurrent Mark From Roots 333.358ms
[2025-10-13T19:41:26.859-0700][1089 ][info ][gc,marking  ] GC(207) Concurrent Preclean
[2025-10-13T19:41:26.868-0700][1089 ][info ][gc,marking  ] GC(207) Concurrent Preclean 8.322ms
[2025-10-13T19:41:26.870-0700][1256 ][info ][gc,start    ] GC(207) Pause Remark
[2025-10-13T19:41:27.028-0700][1256 ][info ][gc          ] GC(207) Pause Remark 47543M->47223M(184320M) 157.122ms
[2025-10-13T19:41:27.029-0700][1256 ][info ][gc,cpu      ] GC(207) User=14.79s Sys=0.07s Real=0.15s
[2025-10-13T19:41:27.032-0700][1256 ][info ][safepoint   ] Safepoint "G1PauseRemark", Time since last: 399609402 ns, Reaching safepoint: 937729 ns, Cleanup: 5017 ns, At safepoint: 163656449 ns, Total: 164599195 ns
[2025-10-13T19:41:27.033-0700][1089 ][info ][gc,marking  ] GC(207) Concurrent Mark 506.579ms
[2025-10-13T19:41:27.033-0700][1089 ][info ][gc,marking  ] GC(207) Concurrent Rebuild Remembered Sets and Scrub Regions
[2025-10-13T19:41:28.423-0700][1089 ][info ][gc,marking  ] GC(207) Concurrent Rebuild Remembered Sets and Scrub Regions 1390.048ms
[2025-10-13T19:41:28.425-0700][1256 ][info ][gc,start    ] GC(207) Pause Cleanup
[2025-10-13T19:41:28.428-0700][1256 ][info ][gc          ] GC(207) Pause Cleanup 62886M->62886M(184320M) 2.326ms
[2025-10-13T19:41:28.429-0700][1256 ][info ][gc,cpu      ] GC(207) User=0.01s Sys=0.00s Real=0.00s
[2025-10-13T19:41:28.431-0700][1256 ][info ][safepoint   ] Safepoint "G1PauseCleanup", Time since last: 1390386753 ns, Reaching safepoint: 952541 ns, Cleanup: 21503 ns, At safepoint: 6999538 ns, Total: 7973582 ns
[2025-10-13T19:41:28.431-0700][1089 ][info ][gc,marking  ] GC(207) Concurrent Clear Claimed Marks
[2025-10-13T19:41:28.432-0700][1089 ][info ][gc,marking  ] GC(207) Concurrent Clear Claimed Marks 1.120ms
[2025-10-13T19:41:28.432-0700][1089 ][info ][gc,marking  ] GC(207) Concurrent Cleanup for Next Mark
[2025-10-13T19:41:28.469-0700][1089 ][info ][gc,marking  ] GC(207) Concurrent Cleanup for Next Mark 36.473ms
[2025-10-13T19:41:28.469-0700][1089 ][info ][gc          ] GC(207) Concurrent Mark Cycle 2003.921ms
[2025-10-13T19:41:31.432-0700][1256 ][info ][safepoint   ] Safepoint "Cleanup", Time since last: 3000213481 ns, Reaching safepoint: 770115 ns, Cleanup: 20381 ns, At safepoint: 313704 ns, Total: 1104200 ns
[2025-10-13T19:41:31.864-0700][1256 ][info ][gc,start    ] GC(208) Pause Young (Prepare Mixed) (G1 Evacuation Pause)
[2025-10-13T19:41:31.864-0700][1256 ][info ][gc,task     ] GC(208) Using 113 workers of 113 for evacuation
[2025-10-13T19:41:31.878-0700][1256 ][debug][gc,remset   ] GC(208) Visited cards 10536704 Total dirty 69992448 (15.05%) Total old 293011456 (3.60%)
[2025-10-13T19:41:31.974-0700][1256 ][info ][gc,phases   ] GC(208)   Pre Evacuate Collection Set: 0.7ms
[2025-10-13T19:41:31.974-0700][1256 ][info ][gc,phases   ] GC(208)   Merge Heap Roots: 13.9ms
[2025-10-13T19:41:31.974-0700][1256 ][info ][gc,phases   ] GC(208)   Evacuate Collection Set: 84.9ms
[2025-10-13T19:41:31.974-0700][1256 ][info ][gc,phases   ] GC(208)   Post Evacuate Collection Set: 10.4ms
[2025-10-13T19:41:31.974-0700][1256 ][info ][gc,phases   ] GC(208)   Other: 0.1ms
[2025-10-13T19:41:31.974-0700][1256 ][debug][gc,remset   ] GC(208) Coarsening (recent): Inline->AoC 157775 (0) AoC->Howl 8573 (0) Howl->Full 0 (0) Inline->AoC 32212 (0) AoC->BitMap 11874 (2) BitMap->Full 1 (0) 
[2025-10-13T19:41:31.974-0700][1256 ][debug][gc,remset   ] GC(208) Coarsening (all): Inline->AoC 6089106 (170) AoC->Howl 107670 (670) Howl->Full 0 (0) Inline->AoC 413082 (234) AoC->BitMap 130756 (542) BitMap->Full 19 (0) 
[2025-10-13T19:41:31.974-0700][1256 ][info ][gc,heap     ] GC(208) Eden regions: 1491->0(2269)
[2025-10-13T19:41:31.974-0700][1256 ][info ][gc,heap     ] GC(208) Survivor regions: 152->109(206)
[2025-10-13T19:41:31.974-0700][1256 ][info ][gc,heap     ] GC(208) Old regions: 1178->1218
[2025-10-13T19:41:31.974-0700][1256 ][info ][gc,heap     ] GC(208) Humongous regions: 7->0
[2025-10-13T19:41:31.974-0700][1256 ][info ][gc,metaspace] GC(208) Metaspace: 319659K(325696K)->319659K(325696K) NonClass: 281342K(284544K)->281342K(284544K) Class: 38316K(41152K)->38316K(41152K)
[2025-10-13T19:41:31.974-0700][1256 ][info ][gc          ] GC(208) Pause Young (Prepare Mixed) (G1 Evacuation Pause) 90482M->42427M(184320M) 110.193ms
[2025-10-13T19:41:31.975-0700][1256 ][info ][gc,cpu      ] GC(208) User=9.95s Sys=0.03s Real=0.11s
[2025-10-13T19:41:31.977-0700][1256 ][info ][safepoint   ] Safepoint "G1CollectForAllocation", Time since last: 428805138 ns, Reaching safepoint: 860762 ns, Cleanup: 55965 ns, At safepoint: 114874574 ns, Total: 115791301 ns
[2025-10-13T19:41:35.978-0700][1256 ][info ][safepoint   ] Safepoint "Cleanup", Time since last: 4000302939 ns, Reaching safepoint: 749044 ns, Cleanup: 10405 ns, At safepoint: 74583 ns, Total: 834032 ns
[2025-10-13T19:41:36.979-0700][1256 ][info ][safepoint   ] Safepoint "Cleanup", Time since last: 1000101096 ns, Reaching safepoint: 817547 ns, Cleanup: 13009 ns, At safepoint: 172711 ns, Total: 1003267 ns
[2025-10-13T19:41:40.253-0700][1256 ][debug][gc,jni      ] Setting _needs_gc. Thread "VM Thread" 1 locked.
[2025-10-13T19:41:40.253-0700][2090 ][debug][gc,jni      ] Performing GC after exiting critical section. Thread "http-worker-944" 0 locked.
[2025-10-13T19:41:40.253-0700][1256 ][info ][safepoint   ] Safepoint "G1CollectForAllocation", Time since last: 3273185415 ns, Reaching safepoint: 852750 ns, Cleanup: 4867 ns, At safepoint: 372774 ns, Total: 1230391 ns
[2025-10-13T19:41:40.253-0700][19220][debug][gc,jni      ] Allocation failed. Thread stalled by JNI critical section. Thread "task-event-loop-459" 0 locked.
[2025-10-13T19:41:40.253-0700][19644][debug][gc,jni      ] Allocation failed. Thread stalled by JNI critical section. Thread "event-loop-epoll-67" 0 locked.
[2025-10-13T19:41:40.254-0700][4875 ][debug][gc,jni      ] Allocation failed. Thread stalled by JNI critical section. Thread "thrift-eventloop-75" 0 locked.
[2025-10-13T19:41:40.254-0700][23230][debug][gc,jni      ] Allocation failed. Thread stalled by JNI critical section. Thread "hive-prism-842" 0 locked.
[2025-10-13T19:41:40.254-0700][19726][debug][gc,jni      ] Allocation failed. Thread stalled by JNI critical section. Thread "event-loop-epoll-144" 0 locked.
[2025-10-13T19:41:40.254-0700][19178][debug][gc,jni      ] Allocation failed. Thread stalled by JNI critical section. Thread "task-event-loop-419" 0 locked.
[2025-10-13T19:41:40.254-0700][19101][debug][gc,jni      ] Allocation failed. Thread stalled by JNI critical section. Thread "task-event-loop-343" 0 locked.
[2025-10-13T19:41:40.256-0700][1256 ][info ][gc,start    ] GC(209) Pause Young (Mixed) (GCLocker Initiated GC)
[2025-10-13T19:41:40.256-0700][1256 ][info ][gc,task     ] GC(209) Using 113 workers of 113 for evacuation
[2025-10-13T19:41:40.270-0700][1256 ][debug][gc,remset   ] GC(209) Visited cards 10285824 Total dirty 69795840 (14.74%) Total old 409206784 (2.51%)
[2025-10-13T19:41:40.370-0700][1256 ][info ][gc,phases   ] GC(209)   Pre Evacuate Collection Set: 0.8ms
[2025-10-13T19:41:40.370-0700][1256 ][info ][gc,phases   ] GC(209)   Merge Heap Roots: 13.5ms
[2025-10-13T19:41:40.370-0700][1256 ][info ][gc,phases   ] GC(209)   Evacuate Collection Set: 88.1ms
[2025-10-13T19:41:40.370-0700][1256 ][info ][gc,phases   ] GC(209)   Post Evacuate Collection Set: 11.0ms
[2025-10-13T19:41:40.370-0700][1256 ][info ][gc,phases   ] GC(209)   Other: 0.2ms
[2025-10-13T19:41:40.370-0700][1256 ][debug][gc,remset   ] GC(209) Coarsening (recent): Inline->AoC 21855 (0) AoC->Howl 244 (0) Howl->Full 0 (0) Inline->AoC 1032 (0) AoC->BitMap 130 (0) BitMap->Full 0 (0) 
[2025-10-13T19:41:40.370-0700][1256 ][debug][gc,remset   ] GC(209) Coarsening (all): Inline->AoC 6110961 (170) AoC->Howl 107914 (670) Howl->Full 0 (0) Inline->AoC 414114 (234) AoC->BitMap 130886 (542) BitMap->Full 19 (0) 
[2025-10-13T19:41:40.370-0700][1256 ][info ][gc,heap     ] GC(209) Eden regions: 2379->0(2253)
[2025-10-13T19:41:40.370-0700][1256 ][info ][gc,heap     ] GC(209) Survivor regions: 109->158(311)
[2025-10-13T19:41:40.370-0700][1256 ][info ][gc,heap     ] GC(209) Old regions: 1218->1180
[2025-10-13T19:41:40.370-0700][1256 ][info ][gc,heap     ] GC(209) Humongous regions: 5->0
[2025-10-13T19:41:40.370-0700][1256 ][info ][gc,metaspace] GC(209) Metaspace: 319668K(325696K)->319668K(325696K) NonClass: 281351K(284544K)->281351K(284544K) Class: 38316K(41152K)->38316K(41152K)
[2025-10-13T19:41:40.370-0700][1256 ][info ][gc          ] GC(209) Pause Young (Mixed) (GCLocker Initiated GC) 118715M->42789M(184320M) 113.651ms
[2025-10-13T19:41:40.371-0700][1256 ][info ][gc,cpu      ] GC(209) User=10.90s Sys=0.17s Real=0.12s
[2025-10-13T19:41:40.373-0700][1256 ][info ][safepoint   ] Safepoint "G1CollectForAllocation", Time since last: 170709 ns, Reaching safepoint: 782583 ns, Cleanup: 2795 ns, At safepoint: 118324523 ns, Total: 119109901 ns
[2025-10-13T19:41:43.374-0700][1256 ][info ][safepoint   ] Safepoint "Cleanup", Time since last: 3000228684 ns, Reaching safepoint: 814613 ns, Cleanup: 10345 ns, At safepoint: 134674 ns, Total: 959632 ns
[2025-10-13T19:41:50.106-0700][1256 ][info ][gc,start    ] GC(210) Pause Young (Mixed) (G1 Evacuation Pause)
[2025-10-13T19:41:50.106-0700][1256 ][info ][gc,task     ] GC(210) Using 113 workers of 113 for evacuation
[2025-10-13T19:41:50.120-0700][1256 ][debug][gc,remset   ] GC(210) Visited cards 10440960 Total dirty 69074944 (15.12%) Total old 410320896 (2.54%)
[2025-10-13T19:41:50.229-0700][1256 ][info ][gc,phases   ] GC(210)   Pre Evacuate Collection Set: 0.8ms
[2025-10-13T19:41:50.229-0700][1256 ][info ][gc,phases   ] GC(210)   Merge Heap Roots: 13.4ms
[2025-10-13T19:41:50.229-0700][1256 ][info ][gc,phases   ] GC(210)   Evacuate Collection Set: 97.2ms
[2025-10-13T19:41:50.229-0700][1256 ][info ][gc,phases   ] GC(210)   Post Evacuate Collection Set: 12.2ms
[2025-10-13T19:41:50.229-0700][1256 ][info ][gc,phases   ] GC(210)   Other: 0.2ms
[2025-10-13T19:41:50.229-0700][1256 ][debug][gc,remset   ] GC(210) Coarsening (recent): Inline->AoC 27303 (0) AoC->Howl 176 (0) Howl->Full 0 (0) Inline->AoC 907 (0) AoC->BitMap 62 (0) BitMap->Full 0 (0) 
[2025-10-13T19:41:50.229-0700][1256 ][debug][gc,remset   ] GC(210) Coarsening (all): Inline->AoC 6138264 (170) AoC->Howl 108090 (670) Howl->Full 0 (0) Inline->AoC 415021 (234) AoC->BitMap 130948 (542) BitMap->Full 19 (0) 
[2025-10-13T19:41:50.229-0700][1256 ][info ][gc,heap     ] GC(210) Eden regions: 2358->0(2425)
[2025-10-13T19:41:50.229-0700][1256 ][info ][gc,heap     ] GC(210) Survivor regions: 158->172(315)
[2025-10-13T19:41:50.229-0700][1256 ][info ][gc,heap     ] GC(210) Old regions: 1180->1138
[2025-10-13T19:41:50.230-0700][1256 ][info ][gc,heap     ] GC(210) Humongous regions: 4->0
[2025-10-13T19:41:50.230-0700][1256 ][info ][gc,metaspace] GC(210) Metaspace: 319711K(325696K)->319711K(325696K) NonClass: 281391K(284544K)->281391K(284544K) Class: 38320K(41152K)->38320K(41152K)
[2025-10-13T19:41:50.230-0700][1256 ][info ][gc          ] GC(210) Pause Young (Mixed) (G1 Evacuation Pause) 118373M->41910M(184320M) 123.948ms
[2025-10-13T19:41:50.231-0700][1256 ][info ][gc,cpu      ] GC(210) User=12.14s Sys=0.05s Real=0.13s
[2025-10-13T19:41:50.232-0700][1256 ][info ][safepoint   ] Safepoint "G1CollectForAllocation", Time since last: 6729190287 ns, Reaching safepoint: 828033 ns, Cleanup: 26350 ns, At safepoint: 128588834 ns, Total: 129443217 ns
[2025-10-13T19:41:55.234-0700][1256 ][info ][safepoint   ] Safepoint "Cleanup", Time since last: 5000354901 ns, Reaching safepoint: 1014875 ns, Cleanup: 12339 ns, At safepoint: 433576 ns, Total: 1460790 ns
[2025-10-13T19:41:57.081-0700][1256 ][info ][safepoint   ] Safepoint "Cleanup", Time since last: 1845778932 ns, Reaching safepoint: 821072 ns, Cleanup: 24357 ns, At safepoint: 263228 ns, Total: 1108657 ns
[2025-10-13T19:41:58.082-0700][1256 ][info ][safepoint   ] Safepoint "Cleanup", Time since last: 1000124840 ns, Reaching safepoint: 789204 ns, Cleanup: 45839 ns, At safepoint: 241706 ns, Total: 1076749 ns
[2025-10-13T19:41:59.084-0700][1256 ][info ][safepoint   ] Safepoint "Cleanup", Time since last: 1000103948 ns, Reaching safepoint: 802695 ns, Cleanup: 15914 ns, At safepoint: 476571 ns, Total: 1295180 ns
[2025-10-13T19:41:59.154-0700][1256 ][info ][gc,start    ] GC(211) Pause Young (Mixed) (G1 Evacuation Pause)
[2025-10-13T19:41:59.154-0700][1256 ][info ][gc,task     ] GC(211) Using 113 workers of 113 for evacuation
[2025-10-13T19:41:59.168-0700][1256 ][debug][gc,remset   ] GC(211) Visited cards 10619648 Total dirty 67174400 (15.81%) Total old 424935424 (2.50%)
[2025-10-13T19:41:59.292-0700][1256 ][info ][gc,phases   ] GC(211)   Pre Evacuate Collection Set: 0.8ms
[2025-10-13T19:41:59.292-0700][1256 ][info ][gc,phases   ] GC(211)   Merge Heap Roots: 12.8ms
[2025-10-13T19:41:59.292-0700][1256 ][info ][gc,phases   ] GC(211)   Evacuate Collection Set: 110.7ms
[2025-10-13T19:41:59.292-0700][1256 ][info ][gc,phases   ] GC(211)   Post Evacuate Collection Set: 14.0ms
[2025-10-13T19:41:59.293-0700][1256 ][info ][gc,phases   ] GC(211)   Other: 0.2ms
[2025-10-13T19:41:59.293-0700][1256 ][debug][gc,remset   ] GC(211) Coarsening (recent): Inline->AoC 30022 (0) AoC->Howl 214 (0) Howl->Full 0 (0) Inline->AoC 1111 (0) AoC->BitMap 90 (0) BitMap->Full 0 (0) 
[2025-10-13T19:41:59.293-0700][1256 ][debug][gc,remset   ] GC(211) Coarsening (all): Inline->AoC 6168286 (170) AoC->Howl 108304 (670) Howl->Full 0 (0) Inline->AoC 416132 (234) AoC->BitMap 131038 (542) BitMap->Full 19 (0) 
[2025-10-13T19:41:59.293-0700][1256 ][info ][gc,heap     ] GC(211) Eden regions: 2476->0(2469)
[2025-10-13T19:41:59.293-0700][1256 ][info ][gc,heap     ] GC(211) Survivor regions: 172->195(331)
[2025-10-13T19:41:59.293-0700][1256 ][info ][gc,heap     ] GC(211) Old regions: 1138->1096
[2025-10-13T19:41:59.293-0700][1256 ][info ][gc,heap     ] GC(211) Humongous regions: 5->0
[2025-10-13T19:41:59.293-0700][1256 ][info ][gc,metaspace] GC(211) Metaspace: 319758K(325696K)->319758K(325696K) NonClass: 281430K(284544K)->281430K(284544K) Class: 38327K(41152K)->38327K(41152K)
[2025-10-13T19:41:59.293-0700][1256 ][info ][gc          ] GC(211) Pause Young (Mixed) (G1 Evacuation Pause) 121302M->41304M(184320M) 138.675ms
[2025-10-13T19:41:59.294-0700][1256 ][info ][gc,cpu      ] GC(211) User=13.28s Sys=0.28s Real=0.14s
[2025-10-13T19:41:59.296-0700][1256 ][info ][safepoint   ] Safepoint "G1CollectForAllocation", Time since last: 67551095 ns, Reaching safepoint: 847022 ns, Cleanup: 4917 ns, At safepoint: 143462480 ns, Total: 144314419 ns
[2025-10-13T19:42:01.297-0700][1256 ][info ][safepoint   ] Safepoint "Cleanup", Time since last: 2000160605 ns, Reaching safepoint: 733650 ns, Cleanup: 29695 ns, At safepoint: 162275 ns, Total: 925620 ns
[2025-10-13T19:42:02.829-0700][1256 ][info ][safepoint   ] Safepoint "Cleanup", Time since last: 1531318606 ns, Reaching safepoint: 608351 ns, Cleanup: 22594 ns, At safepoint: 148835 ns, Total: 779780 ns
[2025-10-13T19:42:03.830-0700][1256 ][info ][safepoint   ] Safepoint "Cleanup", Time since last: 1000117769 ns, Reaching safepoint: 893051 ns, Cleanup: 15344 ns, At safepoint: 216497 ns, Total: 1124892 ns
[2025-10-13T19:42:05.831-0700][1256 ][info ][safepoint   ] Safepoint "Cleanup", Time since last: 2000142938 ns, Reaching safepoint: 850988 ns, Cleanup: 17276 ns, At safepoint: 303499 ns, Total: 1171763 ns
[2025-10-13T19:42:06.833-0700][1256 ][info ][safepoint   ] Safepoint "Cleanup", Time since last: 1000117809 ns, Reaching safepoint: 902736 ns, Cleanup: 20411 ns, At safepoint: 558124 ns, Total: 1481271 ns
[2025-10-13T19:42:07.111-0700][1256 ][info ][gc,start    ] GC(212) Pause Young (Mixed) (G1 Evacuation Pause)
[2025-10-13T19:42:07.111-0700][1256 ][info ][gc,task     ] GC(212) Using 113 workers of 113 for evacuation
[2025-10-13T19:42:07.125-0700][1256 ][debug][gc,remset   ] GC(212) Visited cards 10946816 Total dirty 65798144 (16.64%) Total old 427884544 (2.56%)
[2025-10-13T19:42:07.275-0700][1256 ][info ][gc,phases   ] GC(212)   Pre Evacuate Collection Set: 0.8ms
[2025-10-13T19:42:07.275-0700][1256 ][info ][gc,phases   ] GC(212)   Merge Heap Roots: 12.7ms
[2025-10-13T19:42:07.275-0700][1256 ][info ][gc,phases   ] GC(212)   Evacuate Collection Set: 137.1ms
[2025-10-13T19:42:07.275-0700][1256 ][info ][gc,phases   ] GC(212)   Post Evacuate Collection Set: 13.2ms
[2025-10-13T19:42:07.275-0700][1256 ][info ][gc,phases   ] GC(212)   Other: 0.2ms
[2025-10-13T19:42:07.275-0700][1256 ][debug][gc,remset   ] GC(212) Coarsening (recent): Inline->AoC 41193 (0) AoC->Howl 251 (0) Howl->Full 0 (0) Inline->AoC 1298 (0) AoC->BitMap 95 (0) BitMap->Full 0 (0) 
[2025-10-13T19:42:07.275-0700][1256 ][debug][gc,remset   ] GC(212) Coarsening (all): Inline->AoC 6209479 (170) AoC->Howl 108555 (670) Howl->Full 0 (0) Inline->AoC 417430 (234) AoC->BitMap 131133 (542) BitMap->Full 19 (0) 
[2025-10-13T19:42:07.275-0700][1256 ][info ][gc,heap     ] GC(212) Eden regions: 2492->0(2572)
[2025-10-13T19:42:07.275-0700][1256 ][info ][gc,heap     ] GC(212) Survivor regions: 195->195(336)
[2025-10-13T19:42:07.275-0700][1256 ][info ][gc,heap     ] GC(212) Old regions: 1096->1091
[2025-10-13T19:42:07.275-0700][1256 ][info ][gc,heap     ] GC(212) Humongous regions: 14->1
[2025-10-13T19:42:07.275-0700][1256 ][info ][gc,metaspace] GC(212) Metaspace: 319781K(325696K)->319781K(325696K) NonClass: 281454K(284544K)->281454K(284544K) Class: 38327K(41152K)->38327K(41152K)
[2025-10-13T19:42:07.275-0700][1256 ][info ][gc          ] GC(212) Pause Young (Mixed) (G1 Evacuation Pause) 121496M->41161M(184320M) 164.147ms
[2025-10-13T19:42:07.277-0700][1256 ][info ][gc,cpu      ] GC(212) User=15.13s Sys=0.32s Real=0.16s
[2025-10-13T19:42:07.278-0700][1256 ][info ][safepoint   ] Safepoint "G1CollectForAllocation", Time since last: 275842472 ns, Reaching safepoint: 777646 ns, Cleanup: 4697 ns, At safepoint: 168860171 ns, Total: 169642514 ns
[2025-10-13T19:42:08.290-0700][1256 ][info ][safepoint   ] Safepoint "Cleanup", Time since last: 1000081905 ns, Reaching safepoint: 9293382 ns, Cleanup: 39720 ns, At safepoint: 1836680 ns, Total: 11169782 ns
[2025-10-13T19:42:09.292-0700][1256 ][info ][safepoint   ] Safepoint "Cleanup", Time since last: 1000117919 ns, Reaching safepoint: 926511 ns, Cleanup: 24698 ns, At safepoint: 814352 ns, Total: 1765561 ns
[2025-10-13T19:42:10.294-0700][1256 ][info ][safepoint   ] Safepoint "Cleanup", Time since last: 1000143848 ns, Reaching safepoint: 895014 ns, Cleanup: 18579 ns, At safepoint: 1044570 ns, Total: 1958163 ns
[2025-10-13T19:42:11.322-0700][1256 ][info ][safepoint   ] Safepoint "Cleanup", Time since last: 1000215958 ns, Reaching safepoint: 26202067 ns, Cleanup: 38128 ns, At safepoint: 1930391 ns, Total: 28170586 ns
[2025-10-13T19:42:12.324-0700][1256 ][info ][safepoint   ] Safepoint "Cleanup", Time since last: 1000127193 ns, Reaching safepoint: 1063429 ns, Cleanup: 21072 ns, At safepoint: 819180 ns, Total: 1903681 ns
[2025-10-13T19:42:13.032-0700][1256 ][info ][gc,start    ] GC(213) Pause Young (Mixed) (G1 Evacuation Pause)
[2025-10-13T19:42:13.032-0700][1256 ][info ][gc,task     ] GC(213) Using 113 workers of 113 for evacuation
[2025-10-13T19:42:13.046-0700][1256 ][debug][gc,remset   ] GC(213) Visited cards 11146752 Total dirty 65732608 (16.96%) Total old 440532992 (2.53%)
[2025-10-13T19:42:13.213-0700][1256 ][info ][gc,phases   ] GC(213)   Pre Evacuate Collection Set: 0.8ms
[2025-10-13T19:42:13.213-0700][1256 ][info ][gc,phases   ] GC(213)   Merge Heap Roots: 13.0ms
[2025-10-13T19:42:13.213-0700][1256 ][info ][gc,phases   ] GC(213)   Evacuate Collection Set: 152.6ms
[2025-10-13T19:42:13.213-0700][1256 ][info ][gc,phases   ] GC(213)   Post Evacuate Collection Set: 14.5ms
[2025-10-13T19:42:13.213-0700][1256 ][info ][gc,phases   ] GC(213)   Other: 0.2ms
[2025-10-13T19:42:13.213-0700][1256 ][debug][gc,remset   ] GC(213) Coarsening (recent): Inline->AoC 38296 (0) AoC->Howl 305 (0) Howl->Full 0 (0) Inline->AoC 1371 (0) AoC->BitMap 185 (0) BitMap->Full 0 (0) 
[2025-10-13T19:42:13.213-0700][1256 ][debug][gc,remset   ] GC(213) Coarsening (all): Inline->AoC 6247775 (170) AoC->Howl 108860 (670) Howl->Full 0 (0) Inline->AoC 418801 (234) AoC->BitMap 131318 (542) BitMap->Full 19 (0) 
[2025-10-13T19:42:13.213-0700][1256 ][info ][gc,heap     ] GC(213) Eden regions: 2593->0(2222)
[2025-10-13T19:42:13.213-0700][1256 ][info ][gc,heap     ] GC(213) Survivor regions: 195->233(349)
[2025-10-13T19:42:13.213-0700][1256 ][info ][gc,heap     ] GC(213) Old regions: 1091->1075
[2025-10-13T19:42:13.213-0700][1256 ][info ][gc,heap     ] GC(213) Humongous regions: 10->0
[2025-10-13T19:42:13.213-0700][1256 ][info ][gc,metaspace] GC(213) Metaspace: 319846K(325760K)->319846K(325760K) NonClass: 281510K(284608K)->281510K(284608K) Class: 38336K(41152K)->38336K(41152K)
[2025-10-13T19:42:13.213-0700][1256 ][info ][gc          ] GC(213) Pause Young (Mixed) (G1 Evacuation Pause) 124425M->41836M(184320M) 181.253ms
[2025-10-13T19:42:13.215-0700][1256 ][info ][gc,cpu      ] GC(213) User=17.09s Sys=0.23s Real=0.18s
[2025-10-13T19:42:13.217-0700][1256 ][info ][safepoint   ] Safepoint "G1CollectForAllocation", Time since last: 705411363 ns, Reaching safepoint: 888905 ns, Cleanup: 4197 ns, At safepoint: 186092366 ns, Total: 186985468 ns
[2025-10-13T19:42:15.218-0700][1256 ][info ][safepoint   ] Safepoint "Cleanup", Time since last: 2000150979 ns, Reaching safepoint: 818940 ns, Cleanup: 15753 ns, At safepoint: 410692 ns, Total: 1245385 ns
[2025-10-13T19:42:18.219-0700][1256 ][info ][safepoint   ] Safepoint "Cleanup", Time since last: 3000240746 ns, Reaching safepoint: 842155 ns, Cleanup: 22544 ns, At safepoint: 217499 ns, Total: 1082198 ns
[2025-10-13T19:42:19.220-0700][1256 ][info ][safepoint   ] Safepoint "Cleanup", Time since last: 1000121184 ns, Reaching safepoint: 814022 ns, Cleanup: 14922 ns, At safepoint: 264090 ns, Total: 1093034 ns
[2025-10-13T19:42:19.332-0700][1256 ][info ][gc,start    ] GC(214) Pause Young (Mixed) (G1 Evacuation Pause)
[2025-10-13T19:42:19.332-0700][1256 ][info ][gc,task     ] GC(214) Using 113 workers of 113 for evacuation
[2025-10-13T19:42:19.346-0700][1256 ][debug][gc,remset   ] GC(214) Visited cards 11408640 Total dirty 65011712 (17.55%) Total old 402980864 (2.83%)
[2025-10-13T19:42:19.504-0700][1256 ][info ][gc,phases   ] GC(214)   Pre Evacuate Collection Set: 0.8ms
[2025-10-13T19:42:19.504-0700][1256 ][info ][gc,phases   ] GC(214)   Merge Heap Roots: 13.5ms
[2025-10-13T19:42:19.504-0700][1256 ][info ][gc,phases   ] GC(214)   Evacuate Collection Set: 144.2ms
[2025-10-13T19:42:19.504-0700][1256 ][info ][gc,phases   ] GC(214)   Post Evacuate Collection Set: 13.7ms
[2025-10-13T19:42:19.504-0700][1256 ][info ][gc,phases   ] GC(214)   Other: 0.2ms
[2025-10-13T19:42:19.505-0700][1256 ][debug][gc,remset   ] GC(214) Coarsening (recent): Inline->AoC 41208 (0) AoC->Howl 294 (0) Howl->Full 0 (0) Inline->AoC 1409 (0) AoC->BitMap 160 (0) BitMap->Full 0 (0) 
[2025-10-13T19:42:19.505-0700][1256 ][debug][gc,remset   ] GC(214) Coarsening (all): Inline->AoC 6288983 (170) AoC->Howl 109154 (670) Howl->Full 0 (0) Inline->AoC 420210 (234) AoC->BitMap 131478 (542) BitMap->Full 19 (0) 
[2025-10-13T19:42:19.505-0700][1256 ][info ][gc,heap     ] GC(214) Eden regions: 2278->0(2703)
[2025-10-13T19:42:19.505-0700][1256 ][info ][gc,heap     ] GC(214) Survivor regions: 233->180(314)
[2025-10-13T19:42:19.505-0700][1256 ][info ][gc,heap     ] GC(214) Old regions: 1075->1113
[2025-10-13T19:42:19.505-0700][1256 ][info ][gc,heap     ] GC(214) Humongous regions: 7->0
[2025-10-13T19:42:19.505-0700][1256 ][info ][gc,metaspace] GC(214) Metaspace: 319861K(325824K)->319861K(325824K) NonClass: 281525K(284672K)->281525K(284672K) Class: 38336K(41152K)->38336K(41152K)
[2025-10-13T19:42:19.505-0700][1256 ][info ][gc          ] GC(214) Pause Young (Mixed) (G1 Evacuation Pause) 114956M->41376M(184320M) 172.514ms
[2025-10-13T19:42:19.506-0700][1256 ][info ][gc,cpu      ] GC(214) User=16.49s Sys=0.21s Real=0.17s
[2025-10-13T19:42:19.508-0700][1256 ][info ][safepoint   ] Safepoint "G1CollectForAllocation", Time since last: 109029318 ns, Reaching safepoint: 854663 ns, Cleanup: 4977 ns, At safepoint: 177198809 ns, Total: 178058449 ns
[2025-10-13T19:42:20.513-0700][1256 ][info ][safepoint   ] Safepoint "Cleanup", Time since last: 1000095044 ns, Reaching safepoint: 4059092 ns, Cleanup: 26440 ns, At safepoint: 1067446 ns, Total: 5152978 ns
[2025-10-13T19:42:21.515-0700][1256 ][info ][safepoint   ] Safepoint "Cleanup", Time since last: 1000123247 ns, Reaching safepoint: 923397 ns, Cleanup: 13961 ns, At safepoint: 1072473 ns, Total: 2009831 ns
[2025-10-13T19:42:23.516-0700][1256 ][info ][safepoint   ] Safepoint "Cleanup", Time since last: 2000167004 ns, Reaching safepoint: 845970 ns, Cleanup: 21352 ns, At safepoint: 505295 ns, Total: 1372617 ns
[2025-10-13T19:42:26.518-0700][1256 ][info ][safepoint   ] Safepoint "Cleanup", Time since last: 3000225427 ns, Reaching safepoint: 795823 ns, Cleanup: 17116 ns, At safepoint: 179011 ns, Total: 991950 ns
[2025-10-13T19:42:27.519-0700][1256 ][info ][safepoint   ] Safepoint "Cleanup", Time since last: 1000103891 ns, Reaching safepoint: 822434 ns, Cleanup: 10916 ns, At safepoint: 245892 ns, Total: 1079242 ns
[2025-10-13T19:42:28.592-0700][1256 ][info ][gc,start    ] GC(215) Pause Young (Mixed) (G1 Evacuation Pause)
[2025-10-13T19:42:28.592-0700][1256 ][info ][gc,task     ] GC(215) Using 113 workers of 113 for evacuation
[2025-10-13T19:42:28.605-0700][1256 ][debug][gc,remset   ] GC(215) Visited cards 11762432 Total dirty 67174400 (17.51%) Total old 456261632 (2.58%)
[2025-10-13T19:42:28.731-0700][1256 ][info ][gc,phases   ] GC(215)   Pre Evacuate Collection Set: 0.7ms
[2025-10-13T19:42:28.731-0700][1256 ][info ][gc,phases   ] GC(215)   Merge Heap Roots: 12.1ms
[2025-10-13T19:42:28.731-0700][1256 ][info ][gc,phases   ] GC(215)   Evacuate Collection Set: 112.3ms
[2025-10-13T19:42:28.731-0700][1256 ][info ][gc,phases   ] GC(215)   Post Evacuate Collection Set: 14.1ms
[2025-10-13T19:42:28.731-0700][1256 ][info ][gc,phases   ] GC(215)   Other: 0.2ms
[2025-10-13T19:42:28.732-0700][1256 ][debug][gc,remset   ] GC(215) Coarsening (recent): Inline->AoC 52162 (0) AoC->Howl 217 (0) Howl->Full 0 (0) Inline->AoC 774 (0) AoC->BitMap 149 (0) BitMap->Full 0 (0) 
[2025-10-13T19:42:28.732-0700][1256 ][debug][gc,remset   ] GC(215) Coarsening (all): Inline->AoC 6341145 (170) AoC->Howl 109371 (670) Howl->Full 0 (0) Inline->AoC 420984 (234) AoC->BitMap 131627 (542) BitMap->Full 19 (0) 
[2025-10-13T19:42:28.732-0700][1256 ][info ][gc,heap     ] GC(215) Eden regions: 2719->0(2741)
[2025-10-13T19:42:28.732-0700][1256 ][info ][gc,heap     ] GC(215) Survivor regions: 180->190(363)
[2025-10-13T19:42:28.732-0700][1256 ][info ][gc,heap     ] GC(215) Old regions: 1113->1086
[2025-10-13T19:42:28.732-0700][1256 ][info ][gc,heap     ] GC(215) Humongous regions: 6->0
[2025-10-13T19:42:28.732-0700][1256 ][info ][gc,metaspace] GC(215) Metaspace: 319931K(325888K)->319931K(325888K) NonClass: 281593K(284736K)->281593K(284736K) Class: 38337K(41152K)->38337K(41152K)
[2025-10-13T19:42:28.732-0700][1256 ][info ][gc          ] GC(215) Pause Young (Mixed) (G1 Evacuation Pause) 128576M->40808M(184320M) 139.592ms
[2025-10-13T19:42:28.733-0700][1256 ][info ][gc,cpu      ] GC(215) User=14.08s Sys=0.30s Real=0.14s
[2025-10-13T19:42:28.734-0700][1256 ][info ][safepoint   ] Safepoint "G1CollectForAllocation", Time since last: 1070604804 ns, Reaching safepoint: 819419 ns, Cleanup: 4377 ns, At safepoint: 144151119 ns, Total: 144974915 ns
[2025-10-13T19:42:31.748-0700][1256 ][info ][safepoint   ] Safepoint "Cleanup", Time since last: 3000209297 ns, Reaching safepoint: 11360035 ns, Cleanup: 13942 ns, At safepoint: 1894405 ns, Total: 13268382 ns
[2025-10-13T19:42:33.750-0700][1256 ][info ][safepoint   ] Safepoint "Cleanup", Time since last: 2000169704 ns, Reaching safepoint: 831648 ns, Cleanup: 20421 ns, At safepoint: 616953 ns, Total: 1469022 ns
[2025-10-13T19:42:35.751-0700][1256 ][info ][safepoint   ] Safepoint "Cleanup", Time since last: 2000161612 ns, Reaching safepoint: 806369 ns, Cleanup: 12299 ns, At safepoint: 198400 ns, Total: 1017068 ns
[2025-10-13T19:42:38.393-0700][1256 ][info ][gc,start    ] GC(216) Pause Young (Mixed) (G1 Evacuation Pause)
[2025-10-13T19:42:38.393-0700][1256 ][info ][gc,task     ] GC(216) Using 113 workers of 113 for evacuation
[2025-10-13T19:42:38.407-0700][1256 ][debug][gc,remset   ] GC(216) Visited cards 12199936 Total dirty 64749568 (18.84%) Total old 464846848 (2.62%)
[2025-10-13T19:42:38.565-0700][1256 ][info ][gc,phases   ] GC(216)   Pre Evacuate Collection Set: 0.7ms
[2025-10-13T19:42:38.565-0700][1256 ][info ][gc,phases   ] GC(216)   Merge Heap Roots: 12.5ms
[2025-10-13T19:42:38.565-0700][1256 ][info ][gc,phases   ] GC(216)   Evacuate Collection Set: 143.9ms
[2025-10-13T19:42:38.565-0700][1256 ][info ][gc,phases   ] GC(216)   Post Evacuate Collection Set: 14.6ms
[2025-10-13T19:42:38.565-0700][1256 ][info ][gc,phases   ] GC(216)   Other: 0.2ms
[2025-10-13T19:42:38.565-0700][1256 ][debug][gc,remset   ] GC(216) Coarsening (recent): Inline->AoC 45322 (0) AoC->Howl 224 (0) Howl->Full 0 (0) Inline->AoC 1070 (0) AoC->BitMap 100 (0) BitMap->Full 0 (0) 
[2025-10-13T19:42:38.565-0700][1256 ][debug][gc,remset   ] GC(216) Coarsening (all): Inline->AoC 6386467 (170) AoC->Howl 109595 (670) Howl->Full 0 (0) Inline->AoC 422054 (234) AoC->BitMap 131727 (542) BitMap->Full 19 (0) 
[2025-10-13T19:42:38.565-0700][1256 ][info ][gc,heap     ] GC(216) Eden regions: 2784->0(2707)
[2025-10-13T19:42:38.565-0700][1256 ][info ][gc,heap     ] GC(216) Survivor regions: 190->239(372)
[2025-10-13T19:42:38.565-0700][1256 ][info ][gc,heap     ] GC(216) Old regions: 1086->1054
[2025-10-13T19:42:38.565-0700][1256 ][info ][gc,heap     ] GC(216) Humongous regions: 14->0
[2025-10-13T19:42:38.565-0700][1256 ][info ][gc,metaspace] GC(216) Metaspace: 319941K(325888K)->319941K(325888K) NonClass: 281604K(284736K)->281604K(284736K) Class: 38337K(41152K)->38337K(41152K)
[2025-10-13T19:42:38.565-0700][1256 ][info ][gc          ] GC(216) Pause Young (Mixed) (G1 Evacuation Pause) 130344M->41337M(184320M) 172.062ms
[2025-10-13T19:42:38.567-0700][1256 ][info ][gc,cpu      ] GC(216) User=16.55s Sys=0.34s Real=0.17s
[2025-10-13T19:42:38.568-0700][1256 ][info ][safepoint   ] Safepoint "G1CollectForAllocation", Time since last: 2639901179 ns, Reaching safepoint: 842805 ns, Cleanup: 12949 ns, At safepoint: 176778448 ns, Total: 177634202 ns
[2025-10-13T19:42:38.782-0700][1256 ][info ][gc,start    ] GC(217) Pause Young (Concurrent Start) (G1 Humongous Allocation)
[2025-10-13T19:42:38.782-0700][1256 ][info ][gc,task     ] GC(217) Using 113 workers of 113 for evacuation
[2025-10-13T19:42:38.793-0700][1256 ][debug][gc,remset   ] GC(217) Visited cards 9619968 Total dirty 62717952 (15.34%) Total old 121765888 (7.90%)
[2025-10-13T19:42:38.934-0700][1256 ][info ][gc,phases   ] GC(217)   Pre Evacuate Collection Set: 1.0ms
[2025-10-13T19:42:38.934-0700][1256 ][info ][gc,phases   ] GC(217)   Merge Heap Roots: 10.3ms
[2025-10-13T19:42:38.934-0700][1256 ][info ][gc,phases   ] GC(217)   Evacuate Collection Set: 130.6ms
[2025-10-13T19:42:38.934-0700][1256 ][info ][gc,phases   ] GC(217)   Post Evacuate Collection Set: 10.1ms
[2025-10-13T19:42:38.934-0700][1256 ][info ][gc,phases   ] GC(217)   Other: 0.1ms
[2025-10-13T19:42:38.934-0700][1256 ][debug][gc,remset   ] GC(217) Coarsening (recent): Inline->AoC 19 (0) AoC->Howl 0 (0) Howl->Full 0 (0) Inline->AoC 0 (0) AoC->BitMap 0 (0) BitMap->Full 0 (0) 
[2025-10-13T19:42:38.934-0700][1256 ][debug][gc,remset   ] GC(217) Coarsening (all): Inline->AoC 6386486 (170) AoC->Howl 109595 (670) Howl->Full 0 (0) Inline->AoC 422054 (234) AoC->BitMap 131727 (542) BitMap->Full 19 (0) 
[2025-10-13T19:42:38.934-0700][1256 ][info ][gc,heap     ] GC(217) Eden regions: 163->0(1101)
[2025-10-13T19:42:38.934-0700][1256 ][info ][gc,heap     ] GC(217) Survivor regions: 239->207(386)
[2025-10-13T19:42:38.934-0700][1256 ][info ][gc,heap     ] GC(217) Old regions: 1054->1090
[2025-10-13T19:42:38.934-0700][1256 ][info ][gc,heap     ] GC(217) Humongous regions: 0->0
[2025-10-13T19:42:38.934-0700][1256 ][info ][gc,metaspace] GC(217) Metaspace: 319941K(325888K)->319941K(325888K) NonClass: 281604K(284736K)->281604K(284736K) Class: 38337K(41152K)->38337K(41152K)
[2025-10-13T19:42:38.934-0700][1256 ][info ][gc          ] GC(217) Pause Young (Concurrent Start) (G1 Humongous Allocation) 46521M->41491M(184320M) 152.291ms
[2025-10-13T19:42:38.934-0700][1089 ][info ][gc          ] GC(218) Concurrent Mark Cycle
[2025-10-13T19:42:38.935-0700][1089 ][info ][gc,marking  ] GC(218) Concurrent Scan Root Regions
[2025-10-13T19:42:38.937-0700][1256 ][info ][gc,cpu      ] GC(217) User=13.95s Sys=0.00s Real=0.15s
[2025-10-13T19:42:38.938-0700][1256 ][info ][safepoint   ] Safepoint "G1TryInitiateConcMark", Time since last: 210885023 ns, Reaching safepoint: 922967 ns, Cleanup: 5137 ns, At safepoint: 158032209 ns, Total: 158960313 ns
[2025-10-13T19:42:39.020-0700][1089 ][info ][gc,marking  ] GC(218) Concurrent Scan Root Regions 85.323ms
[2025-10-13T19:42:39.020-0700][1089 ][info ][gc,marking  ] GC(218) Concurrent Mark
[2025-10-13T19:42:39.020-0700][1089 ][info ][gc,marking  ] GC(218) Concurrent Mark From Roots
[2025-10-13T19:42:39.020-0700][1089 ][info ][gc,task     ] GC(218) Using 36 workers of 36 for marking
[2025-10-13T19:42:39.290-0700][1089 ][info ][gc,marking  ] GC(218) Concurrent Mark From Roots 269.603ms
[2025-10-13T19:42:39.290-0700][1089 ][info ][gc,marking  ] GC(218) Concurrent Preclean
[2025-10-13T19:42:39.299-0700][1089 ][info ][gc,marking  ] GC(218) Concurrent Preclean 9.150ms
[2025-10-13T19:42:39.301-0700][1256 ][info ][gc,start    ] GC(218) Pause Remark
[2025-10-13T19:42:39.495-0700][1256 ][info ][gc          ] GC(218) Pause Remark 45619M->44915M(184320M) 193.544ms
[2025-10-13T19:42:39.497-0700][1256 ][info ][gc,cpu      ] GC(218) User=14.46s Sys=0.00s Real=0.19s
[2025-10-13T19:42:39.499-0700][1256 ][info ][safepoint   ] Safepoint "G1PauseRemark", Time since last: 360708223 ns, Reaching safepoint: 849846 ns, Cleanup: 4897 ns, At safepoint: 199093245 ns, Total: 199947988 ns
[2025-10-13T19:42:39.499-0700][1089 ][info ][gc,marking  ] GC(218) Concurrent Mark 479.000ms
[2025-10-13T19:42:39.499-0700][1089 ][info ][gc,marking  ] GC(218) Concurrent Rebuild Remembered Sets and Scrub Regions
[2025-10-13T19:42:40.484-0700][1089 ][info ][gc,marking  ] GC(218) Concurrent Rebuild Remembered Sets and Scrub Regions 984.874ms
[2025-10-13T19:42:40.495-0700][1256 ][info ][gc,start    ] GC(218) Pause Cleanup
[2025-10-13T19:42:40.497-0700][1256 ][info ][gc          ] GC(218) Pause Cleanup 57378M->57378M(184320M) 2.271ms
[2025-10-13T19:42:40.498-0700][1256 ][info ][gc,cpu      ] GC(218) User=0.02s Sys=0.00s Real=0.00s
[2025-10-13T19:42:40.499-0700][1256 ][info ][safepoint   ] Safepoint "G1PauseCleanup", Time since last: 985178903 ns, Reaching safepoint: 9207669 ns, Cleanup: 47231 ns, At safepoint: 6050403 ns, Total: 15305303 ns
[2025-10-13T19:42:40.499-0700][1089 ][info ][gc,marking  ] GC(218) Concurrent Clear Claimed Marks
[2025-10-13T19:42:40.500-0700][1089 ][info ][gc,marking  ] GC(218) Concurrent Clear Claimed Marks 1.003ms
[2025-10-13T19:42:40.500-0700][1089 ][info ][gc,marking  ] GC(218) Concurrent Cleanup for Next Mark
[2025-10-13T19:42:40.529-0700][1089 ][info ][gc,marking  ] GC(218) Concurrent Cleanup for Next Mark 28.826ms
[2025-10-13T19:42:40.529-0700][1089 ][info ][gc          ] GC(218) Concurrent Mark Cycle 1594.716ms
[2025-10-13T19:42:42.263-0700][1256 ][info ][gc,start    ] GC(219) Pause Young (Prepare Mixed) (G1 Evacuation Pause)
[2025-10-13T19:42:42.263-0700][1256 ][info ][gc,task     ] GC(219) Using 113 workers of 113 for evacuation
[2025-10-13T19:42:42.277-0700][1256 ][debug][gc,remset   ] GC(219) Visited cards 10111744 Total dirty 65339392 (15.48%) Total old 232521728 (4.35%)
[2025-10-13T19:42:42.407-0700][1256 ][info ][gc,phases   ] GC(219)   Pre Evacuate Collection Set: 0.7ms
[2025-10-13T19:42:42.407-0700][1256 ][info ][gc,phases   ] GC(219)   Merge Heap Roots: 13.5ms
[2025-10-13T19:42:42.408-0700][1256 ][info ][gc,phases   ] GC(219)   Evacuate Collection Set: 119.4ms
[2025-10-13T19:42:42.408-0700][1256 ][info ][gc,phases   ] GC(219)   Post Evacuate Collection Set: 11.0ms
[2025-10-13T19:42:42.408-0700][1256 ][info ][gc,phases   ] GC(219)   Other: 0.1ms
[2025-10-13T19:42:42.408-0700][1256 ][debug][gc,remset   ] GC(219) Coarsening (recent): Inline->AoC 134088 (0) AoC->Howl 7054 (0) Howl->Full 0 (0) Inline->AoC 27554 (0) AoC->BitMap 9511 (0) BitMap->Full 0 (0) 
[2025-10-13T19:42:42.408-0700][1256 ][debug][gc,remset   ] GC(219) Coarsening (all): Inline->AoC 6520574 (170) AoC->Howl 116649 (670) Howl->Full 0 (0) Inline->AoC 449608 (234) AoC->BitMap 141238 (542) BitMap->Full 19 (0) 
[2025-10-13T19:42:42.408-0700][1256 ][info ][gc,heap     ] GC(219) Eden regions: 1031->0(2075)
[2025-10-13T19:42:42.408-0700][1256 ][info ][gc,heap     ] GC(219) Survivor regions: 207->76(155)
[2025-10-13T19:42:42.408-0700][1256 ][info ][gc,heap     ] GC(219) Old regions: 1068->1203
[2025-10-13T19:42:42.408-0700][1256 ][info ][gc,heap     ] GC(219) Humongous regions: 4->0
[2025-10-13T19:42:42.408-0700][1256 ][info ][gc,metaspace] GC(219) Metaspace: 319930K(325888K)->319930K(325888K) NonClass: 281595K(284736K)->281595K(284736K) Class: 38335K(41152K)->38335K(41152K)
[2025-10-13T19:42:42.408-0700][1256 ][info ][gc          ] GC(219) Pause Young (Prepare Mixed) (G1 Evacuation Pause) 73907M->40889M(184320M) 144.866ms
[2025-10-13T19:42:42.409-0700][1256 ][info ][gc,cpu      ] GC(219) User=13.32s Sys=0.02s Real=0.14s
[2025-10-13T19:42:42.411-0700][1256 ][info ][safepoint   ] Safepoint "G1CollectForAllocation", Time since last: 1760745126 ns, Reaching safepoint: 961345 ns, Cleanup: 5838 ns, At safepoint: 149710760 ns, Total: 150677943 ns
[2025-10-13T19:42:44.412-0700][1256 ][info ][safepoint   ] Safepoint "Cleanup", Time since last: 2000152698 ns, Reaching safepoint: 952291 ns, Cleanup: 13010 ns, At safepoint: 212130 ns, Total: 1177431 ns
[2025-10-13T19:42:45.413-0700][1256 ][info ][safepoint   ] Safepoint "Cleanup", Time since last: 1000118864 ns, Reaching safepoint: 890327 ns, Cleanup: 13089 ns, At safepoint: 400326 ns, Total: 1303742 ns
[2025-10-13T19:42:48.415-0700][1256 ][info ][safepoint   ] Safepoint "Cleanup", Time since last: 3000247765 ns, Reaching safepoint: 786520 ns, Cleanup: 12339 ns, At safepoint: 155515 ns, Total: 954374 ns
[2025-10-13T19:42:51.416-0700][1256 ][info ][safepoint   ] Safepoint "Cleanup", Time since last: 3000220444 ns, Reaching safepoint: 847682 ns, Cleanup: 10796 ns, At safepoint: 180944 ns, Total: 1039422 ns
[2025-10-13T19:42:51.716-0700][1256 ][info ][gc,start    ] GC(220) Pause Young (Mixed) (G1 Evacuation Pause)
[2025-10-13T19:42:51.716-0700][1256 ][info ][gc,task     ] GC(220) Using 113 workers of 113 for evacuation
[2025-10-13T19:42:51.730-0700][1256 ][debug][gc,remset   ] GC(220) Visited cards 10335232 Total dirty 70975488 (14.56%) Total old 380567552 (2.72%)
[2025-10-13T19:42:51.801-0700][1256 ][info ][gc,phases   ] GC(220)   Pre Evacuate Collection Set: 0.7ms
[2025-10-13T19:42:51.801-0700][1256 ][info ][gc,phases   ] GC(220)   Merge Heap Roots: 13.6ms
[2025-10-13T19:42:51.801-0700][1256 ][info ][gc,phases   ] GC(220)   Evacuate Collection Set: 59.9ms
[2025-10-13T19:42:51.801-0700][1256 ][info ][gc,phases   ] GC(220)   Post Evacuate Collection Set: 10.6ms
[2025-10-13T19:42:51.801-0700][1256 ][info ][gc,phases   ] GC(220)   Other: 0.2ms
[2025-10-13T19:42:51.801-0700][1256 ][debug][gc,remset   ] GC(220) Coarsening (recent): Inline->AoC 25367 (0) AoC->Howl 451 (0) Howl->Full 0 (0) Inline->AoC 1215 (0) AoC->BitMap 391 (0) BitMap->Full 0 (0) 
[2025-10-13T19:42:51.801-0700][1256 ][debug][gc,remset   ] GC(220) Coarsening (all): Inline->AoC 6545941 (170) AoC->Howl 117100 (670) Howl->Full 0 (0) Inline->AoC 450823 (234) AoC->BitMap 141629 (542) BitMap->Full 19 (0) 
[2025-10-13T19:42:51.801-0700][1256 ][info ][gc,heap     ] GC(220) Eden regions: 2199->0(2326)
[2025-10-13T19:42:51.801-0700][1256 ][info ][gc,heap     ] GC(220) Survivor regions: 76->94(285)
[2025-10-13T19:42:51.801-0700][1256 ][info ][gc,heap     ] GC(220) Old regions: 1203->1175
[2025-10-13T19:42:51.801-0700][1256 ][info ][gc,heap     ] GC(220) Humongous regions: 8->0
[2025-10-13T19:42:51.801-0700][1256 ][info ][gc,metaspace] GC(220) Metaspace: 319944K(325888K)->319944K(325888K) NonClass: 281609K(284736K)->281609K(284736K) Class: 38335K(41152K)->38335K(41152K)
[2025-10-13T19:42:51.801-0700][1256 ][info ][gc          ] GC(220) Pause Young (Mixed) (G1 Evacuation Pause) 111513M->40601M(184320M) 85.071ms
[2025-10-13T19:42:51.803-0700][1256 ][info ][gc,cpu      ] GC(220) User=8.35s Sys=0.08s Real=0.09s
[2025-10-13T19:42:51.804-0700][1256 ][info ][safepoint   ] Safepoint "G1CollectForAllocation", Time since last: 297590610 ns, Reaching safepoint: 832920 ns, Cleanup: 4277 ns, At safepoint: 89667567 ns, Total: 90504764 ns
[2025-10-13T19:42:53.806-0700][1256 ][info ][safepoint   ] Safepoint "Cleanup", Time since last: 2000232306 ns, Reaching safepoint: 838889 ns, Cleanup: 12409 ns, At safepoint: 457432 ns, Total: 1308730 ns
[2025-10-13T19:42:54.810-0700][1256 ][info ][safepoint   ] Safepoint "Cleanup", Time since last: 1000116969 ns, Reaching safepoint: 2913728 ns, Cleanup: 23796 ns, At safepoint: 1584607 ns, Total: 4522131 ns
[2025-10-13T19:42:55.812-0700][1256 ][info ][safepoint   ] Safepoint "Cleanup", Time since last: 1000123880 ns, Reaching safepoint: 1258964 ns, Cleanup: 14112 ns, At safepoint: 720199 ns, Total: 1993275 ns
[2025-10-13T19:42:56.814-0700][1256 ][info ][safepoint   ] Safepoint "Cleanup", Time since last: 1000104731 ns, Reaching safepoint: 850426 ns, Cleanup: 10086 ns, At safepoint: 1184011 ns, Total: 2044523 ns
[2025-10-13T19:42:59.816-0700][1256 ][info ][safepoint   ] Safepoint "Cleanup", Time since last: 3000251026 ns, Reaching safepoint: 807872 ns, Cleanup: 25378 ns, At safepoint: 584465 ns, Total: 1417715 ns
[2025-10-13T19:42:59.849-0700][1256 ][info ][gc,start    ] GC(221) Pause Young (Mixed) (G1 Evacuation Pause)
[2025-10-13T19:42:59.849-0700][1256 ][info ][gc,task     ] GC(221) Using 113 workers of 113 for evacuation
[2025-10-13T19:42:59.864-0700][1256 ][debug][gc,remset   ] GC(221) Visited cards 11105792 Total dirty 70189056 (15.82%) Total old 401801216 (2.76%)
[2025-10-13T19:42:59.967-0700][1256 ][info ][gc,phases   ] GC(221)   Pre Evacuate Collection Set: 0.8ms
[2025-10-13T19:42:59.967-0700][1256 ][info ][gc,phases   ] GC(221)   Merge Heap Roots: 14.0ms
[2025-10-13T19:42:59.967-0700][1256 ][info ][gc,phases   ] GC(221)   Evacuate Collection Set: 90.2ms
[2025-10-13T19:42:59.967-0700][1256 ][info ][gc,phases   ] GC(221)   Post Evacuate Collection Set: 12.4ms
[2025-10-13T19:42:59.967-0700][1256 ][info ][gc,phases   ] GC(221)   Other: 0.2ms
[2025-10-13T19:42:59.967-0700][1256 ][debug][gc,remset   ] GC(221) Coarsening (recent): Inline->AoC 35668 (13) AoC->Howl 288 (24) Howl->Full 0 (0) Inline->AoC 1014 (7) AoC->BitMap 173 (10) BitMap->Full 0 (0) 
[2025-10-13T19:42:59.967-0700][1256 ][debug][gc,remset   ] GC(221) Coarsening (all): Inline->AoC 6581609 (183) AoC->Howl 117388 (694) Howl->Full 0 (0) Inline->AoC 451837 (241) AoC->BitMap 141802 (552) BitMap->Full 19 (0) 
[2025-10-13T19:42:59.967-0700][1256 ][info ][gc,heap     ] GC(221) Eden regions: 2354->0(2357)
[2025-10-13T19:42:59.967-0700][1256 ][info ][gc,heap     ] GC(221) Survivor regions: 94->134(306)
[2025-10-13T19:42:59.967-0700][1256 ][info ][gc,heap     ] GC(221) Old regions: 1175->1135
[2025-10-13T19:42:59.967-0700][1256 ][info ][gc,heap     ] GC(221) Humongous regions: 14->0
[2025-10-13T19:42:59.967-0700][1256 ][info ][gc,metaspace] GC(221) Metaspace: 320062K(326016K)->320062K(326016K) NonClass: 281713K(284864K)->281713K(284864K) Class: 38349K(41152K)->38349K(41152K)
[2025-10-13T19:42:59.967-0700][1256 ][info ][gc          ] GC(221) Pause Young (Mixed) (G1 Evacuation Pause) 116377M->40590M(184320M) 117.757ms
[2025-10-13T19:42:59.968-0700][1256 ][info ][gc,cpu      ] GC(221) User=10.64s Sys=0.07s Real=0.12s
[2025-10-13T19:42:59.970-0700][1256 ][info ][safepoint   ] Safepoint "G1CollectForAllocation", Time since last: 30022339 ns, Reaching safepoint: 1118412 ns, Cleanup: 5048 ns, At safepoint: 122446765 ns, Total: 123570225 ns
[2025-10-13T19:43:01.971-0700][1256 ][info ][safepoint   ] Safepoint "Cleanup", Time since last: 2000150842 ns, Reaching safepoint: 727801 ns, Cleanup: 14623 ns, At safepoint: 124768 ns, Total: 867192 ns
[2025-10-13T19:43:03.856-0700][1256 ][info ][safepoint   ] Safepoint "Cleanup", Time since last: 1883675051 ns, Reaching safepoint: 863777 ns, Cleanup: 42233 ns, At safepoint: 295868 ns, Total: 1201878 ns
[2025-10-13T19:43:04.857-0700][1256 ][info ][safepoint   ] Safepoint "Cleanup", Time since last: 1000114666 ns, Reaching safepoint: 1072843 ns, Cleanup: 13160 ns, At safepoint: 322548 ns, Total: 1408551 ns
[2025-10-13T19:43:06.858-0700][1256 ][info ][safepoint   ] Safepoint "Cleanup", Time since last: 2000156711 ns, Reaching safepoint: 826690 ns, Cleanup: 21803 ns, At safepoint: 193734 ns, Total: 1042227 ns
[2025-10-13T19:43:08.128-0700][1256 ][info ][gc,start    ] GC(222) Pause Young (Mixed) (G1 Evacuation Pause)
[2025-10-13T19:43:08.128-0700][1256 ][info ][gc,task     ] GC(222) Using 113 workers of 113 for evacuation
[2025-10-13T19:43:08.141-0700][1256 ][debug][gc,remset   ] GC(222) Visited cards 11648512 Total dirty 68812800 (16.93%) Total old 419561472 (2.78%)
[2025-10-13T19:43:08.246-0700][1256 ][info ][gc,phases   ] GC(222)   Pre Evacuate Collection Set: 0.7ms
[2025-10-13T19:43:08.246-0700][1256 ][info ][gc,phases   ] GC(222)   Merge Heap Roots: 12.9ms
[2025-10-13T19:43:08.246-0700][1256 ][info ][gc,phases   ] GC(222)   Evacuate Collection Set: 91.7ms
[2025-10-13T19:43:08.246-0700][1256 ][info ][gc,phases   ] GC(222)   Post Evacuate Collection Set: 12.9ms
[2025-10-13T19:43:08.246-0700][1256 ][info ][gc,phases   ] GC(222)   Other: 0.2ms
[2025-10-13T19:43:08.246-0700][1256 ][debug][gc,remset   ] GC(222) Coarsening (recent): Inline->AoC 17561 (1) AoC->Howl 148 (0) Howl->Full 0 (0) Inline->AoC 619 (0) AoC->BitMap 74 (0) BitMap->Full 0 (0) 
[2025-10-13T19:43:08.246-0700][1256 ][debug][gc,remset   ] GC(222) Coarsening (all): Inline->AoC 6599170 (184) AoC->Howl 117536 (694) Howl->Full 0 (0) Inline->AoC 452456 (241) AoC->BitMap 141876 (552) BitMap->Full 19 (0) 
[2025-10-13T19:43:08.246-0700][1256 ][info ][gc,heap     ] GC(222) Eden regions: 2473->0(2532)
[2025-10-13T19:43:08.246-0700][1256 ][info ][gc,heap     ] GC(222) Survivor regions: 134->153(326)
[2025-10-13T19:43:08.246-0700][1256 ][info ][gc,heap     ] GC(222) Old regions: 1135->1093
[2025-10-13T19:43:08.246-0700][1256 ][info ][gc,heap     ] GC(222) Humongous regions: 7->0
[2025-10-13T19:43:08.246-0700][1256 ][info ][gc,metaspace] GC(222) Metaspace: 320069K(326016K)->320069K(326016K) NonClass: 281719K(284864K)->281719K(284864K) Class: 38349K(41152K)->38349K(41152K)
[2025-10-13T19:43:08.246-0700][1256 ][info ][gc          ] GC(222) Pause Young (Mixed) (G1 Evacuation Pause) 119950M->39868M(184320M) 118.646ms
[2025-10-13T19:43:08.248-0700][1256 ][info ][gc,cpu      ] GC(222) User=11.18s Sys=0.04s Real=0.12s
[2025-10-13T19:43:08.249-0700][1256 ][info ][safepoint   ] Safepoint "G1CollectForAllocation", Time since last: 1266711179 ns, Reaching safepoint: 898649 ns, Cleanup: 15484 ns, At safepoint: 123332465 ns, Total: 124246598 ns
[2025-10-13T19:43:09.251-0700][1256 ][info ][safepoint   ] Safepoint "Cleanup", Time since last: 1000091510 ns, Reaching safepoint: 942857 ns, Cleanup: 17967 ns, At safepoint: 444683 ns, Total: 1405507 ns
[2025-10-13T19:43:10.252-0700][1256 ][info ][safepoint   ] Safepoint "Cleanup", Time since last: 1000123148 ns, Reaching safepoint: 887703 ns, Cleanup: 93171 ns, At safepoint: 562321 ns, Total: 1543195 ns
[2025-10-13T19:43:11.255-0700][1256 ][info ][safepoint   ] Safepoint "Cleanup", Time since last: 1000121365 ns, Reaching safepoint: 1176801 ns, Cleanup: 98589 ns, At safepoint: 1398936 ns, Total: 2674326 ns
[2025-10-13T19:43:12.267-0700][1256 ][info ][safepoint   ] Safepoint "Cleanup", Time since last: 1000129428 ns, Reaching safepoint: 9353541 ns, Cleanup: 24236 ns, At safepoint: 2119857 ns, Total: 11497634 ns
[2025-10-13T19:43:13.269-0700][1256 ][info ][safepoint   ] Safepoint "Cleanup", Time since last: 1000131652 ns, Reaching safepoint: 1031370 ns, Cleanup: 39209 ns, At safepoint: 1081416 ns, Total: 2151995 ns
[2025-10-13T19:43:13.588-0700][1256 ][info ][gc,start    ] GC(223) Pause Young (Mixed) (G1 Evacuation Pause)
[2025-10-13T19:43:13.588-0700][1256 ][info ][gc,task     ] GC(223) Using 113 workers of 113 for evacuation
[2025-10-13T19:43:13.602-0700][1256 ][debug][gc,remset   ] GC(223) Visited cards 11561984 Total dirty 67305472 (17.18%) Total old 439353344 (2.63%)
[2025-10-13T19:43:13.749-0700][1256 ][info ][gc,phases   ] GC(223)   Pre Evacuate Collection Set: 0.7ms
[2025-10-13T19:43:13.749-0700][1256 ][info ][gc,phases   ] GC(223)   Merge Heap Roots: 13.4ms
[2025-10-13T19:43:13.749-0700][1256 ][info ][gc,phases   ] GC(223)   Evacuate Collection Set: 134.0ms
[2025-10-13T19:43:13.749-0700][1256 ][info ][gc,phases   ] GC(223)   Post Evacuate Collection Set: 12.9ms
[2025-10-13T19:43:13.749-0700][1256 ][info ][gc,phases   ] GC(223)   Other: 0.2ms
[2025-10-13T19:43:13.749-0700][1256 ][debug][gc,remset   ] GC(223) Coarsening (recent): Inline->AoC 18922 (0) AoC->Howl 202 (0) Howl->Full 0 (0) Inline->AoC 954 (0) AoC->BitMap 138 (0) BitMap->Full 0 (0) 
[2025-10-13T19:43:13.749-0700][1256 ][debug][gc,remset   ] GC(223) Coarsening (all): Inline->AoC 6618092 (184) AoC->Howl 117738 (694) Howl->Full 0 (0) Inline->AoC 453410 (241) AoC->BitMap 142014 (552) BitMap->Full 19 (0) 
[2025-10-13T19:43:13.749-0700][1256 ][info ][gc,heap     ] GC(223) Eden regions: 2623->0(2012)
[2025-10-13T19:43:13.749-0700][1256 ][info ][gc,heap     ] GC(223) Survivor regions: 153->213(347)
[2025-10-13T19:43:13.749-0700][1256 ][info ][gc,heap     ] GC(223) Old regions: 1093->1053
[2025-10-13T19:43:13.749-0700][1256 ][info ][gc,heap     ] GC(223) Humongous regions: 13->0
[2025-10-13T19:43:13.749-0700][1256 ][info ][gc,metaspace] GC(223) Metaspace: 320515K(326592K)->320515K(326592K) NonClass: 282139K(285376K)->282139K(285376K) Class: 38375K(41216K)->38375K(41216K)
[2025-10-13T19:43:13.749-0700][1256 ][info ][gc          ] GC(223) Pause Young (Mixed) (G1 Evacuation Pause) 124220M->40479M(184320M) 161.323ms
[2025-10-13T19:43:13.751-0700][1256 ][info ][gc,cpu      ] GC(223) User=14.49s Sys=0.16s Real=0.17s
[2025-10-13T19:43:13.752-0700][1256 ][info ][safepoint   ] Safepoint "G1CollectForAllocation", Time since last: 315646140 ns, Reaching safepoint: 1007734 ns, Cleanup: 12369 ns, At safepoint: 166074768 ns, Total: 167094871 ns
[2025-10-13T19:43:14.753-0700][1256 ][info ][safepoint   ] Safepoint "Cleanup", Time since last: 1000097009 ns, Reaching safepoint: 855344 ns, Cleanup: 21022 ns, At safepoint: 473846 ns, Total: 1350212 ns
[2025-10-13T19:43:15.756-0700][1256 ][info ][safepoint   ] Safepoint "Cleanup", Time since last: 1000125142 ns, Reaching safepoint: 1710197 ns, Cleanup: 13841 ns, At safepoint: 910938 ns, Total: 2634976 ns
[2025-10-13T19:43:17.467-0700][1256 ][info ][gc,start    ] GC(224) Pause Young (Mixed) (G1 Evacuation Pause)
[2025-10-13T19:43:17.467-0700][1256 ][info ][gc,task     ] GC(224) Using 113 workers of 113 for evacuation
[2025-10-13T19:43:17.480-0700][1256 ][debug][gc,remset   ] GC(224) Visited cards 11646464 Total dirty 63307776 (18.40%) Total old 381026304 (3.06%)
[2025-10-13T19:43:17.643-0700][1256 ][info ][gc,phases   ] GC(224)   Pre Evacuate Collection Set: 1.2ms
[2025-10-13T19:43:17.643-0700][1256 ][info ][gc,phases   ] GC(224)   Merge Heap Roots: 12.1ms
[2025-10-13T19:43:17.643-0700][1256 ][info ][gc,phases   ] GC(224)   Evacuate Collection Set: 149.4ms
[2025-10-13T19:43:17.643-0700][1256 ][info ][gc,phases   ] GC(224)   Post Evacuate Collection Set: 12.9ms
[2025-10-13T19:43:17.643-0700][1256 ][info ][gc,phases   ] GC(224)   Other: 0.1ms
[2025-10-13T19:43:17.643-0700][1256 ][debug][gc,remset   ] GC(224) Coarsening (recent): Inline->AoC 28142 (0) AoC->Howl 202 (0) Howl->Full 0 (0) Inline->AoC 962 (0) AoC->BitMap 111 (0) BitMap->Full 0 (0) 
[2025-10-13T19:43:17.643-0700][1256 ][debug][gc,remset   ] GC(224) Coarsening (all): Inline->AoC 6646234 (184) AoC->Howl 117940 (694) Howl->Full 0 (0) Inline->AoC 454372 (241) AoC->BitMap 142125 (552) BitMap->Full 19 (0) 
[2025-10-13T19:43:17.643-0700][1256 ][info ][gc,heap     ] GC(224) Eden regions: 2143->0(2725)
[2025-10-13T19:43:17.643-0700][1256 ][info ][gc,heap     ] GC(224) Survivor regions: 213->161(295)
[2025-10-13T19:43:17.643-0700][1256 ][info ][gc,heap     ] GC(224) Old regions: 1053->1078
[2025-10-13T19:43:17.643-0700][1256 ][info ][gc,heap     ] GC(224) Humongous regions: 3->0
[2025-10-13T19:43:17.643-0700][1256 ][info ][gc,metaspace] GC(224) Metaspace: 320591K(326656K)->320591K(326656K) NonClass: 282214K(285440K)->282214K(285440K) Class: 38376K(41216K)->38376K(41216K)
[2025-10-13T19:43:17.643-0700][1256 ][info ][gc          ] GC(224) Pause Young (Mixed) (G1 Evacuation Pause) 109151M->39642M(184320M) 175.911ms
[2025-10-13T19:43:17.644-0700][1256 ][info ][gc,cpu      ] GC(224) User=15.25s Sys=0.09s Real=0.18s
[2025-10-13T19:43:17.646-0700][1256 ][info ][safepoint   ] Safepoint "G1CollectForAllocation", Time since last: 1705558625 ns, Reaching safepoint: 3186751 ns, Cleanup: 11948 ns, At safepoint: 180848830 ns, Total: 184047529 ns
[2025-10-13T19:43:19.647-0700][1256 ][info ][safepoint   ] Safepoint "Cleanup", Time since last: 2000154227 ns, Reaching safepoint: 742844 ns, Cleanup: 15754 ns, At safepoint: 435048 ns, Total: 1193646 ns
[2025-10-13T19:43:21.648-0700][1256 ][info ][safepoint   ] Safepoint "Cleanup", Time since last: 2000167107 ns, Reaching safepoint: 867913 ns, Cleanup: 11568 ns, At safepoint: 222316 ns, Total: 1101797 ns
[2025-10-13T19:43:23.650-0700][1256 ][info ][safepoint   ] Safepoint "Cleanup", Time since last: 2000186666 ns, Reaching safepoint: 813461 ns, Cleanup: 10386 ns, At safepoint: 201434 ns, Total: 1025281 ns
[2025-10-13T19:43:24.651-0700][1256 ][info ][safepoint   ] Safepoint "Cleanup", Time since last: 1000114406 ns, Reaching safepoint: 688121 ns, Cleanup: 20521 ns, At safepoint: 182966 ns, Total: 891608 ns
[2025-10-13T19:43:25.670-0700][1256 ][info ][safepoint   ] Safepoint "Cleanup", Time since last: 1000145212 ns, Reaching safepoint: 16633003 ns, Cleanup: 13270 ns, At safepoint: 2359770 ns, Total: 19006043 ns
[2025-10-13T19:43:26.247-0700][1256 ][info ][gc,start    ] GC(225) Pause Young (Mixed) (G1 Evacuation Pause)
[2025-10-13T19:43:26.247-0700][1256 ][info ][gc,task     ] GC(225) Using 113 workers of 113 for evacuation
[2025-10-13T19:43:26.261-0700][1256 ][debug][gc,remset   ] GC(225) Visited cards 12771584 Total dirty 65470464 (19.51%) Total old 458358784 (2.79%)
[2025-10-13T19:43:26.381-0700][1256 ][info ][gc,phases   ] GC(225)   Pre Evacuate Collection Set: 0.7ms
[2025-10-13T19:43:26.382-0700][1256 ][info ][gc,phases   ] GC(225)   Merge Heap Roots: 13.5ms
[2025-10-13T19:43:26.382-0700][1256 ][info ][gc,phases   ] GC(225)   Evacuate Collection Set: 106.2ms
[2025-10-13T19:43:26.382-0700][1256 ][info ][gc,phases   ] GC(225)   Post Evacuate Collection Set: 14.2ms
[2025-10-13T19:43:26.382-0700][1256 ][info ][gc,phases   ] GC(225)   Other: 0.2ms
[2025-10-13T19:43:26.382-0700][1256 ][debug][gc,remset   ] GC(225) Coarsening (recent): Inline->AoC 31474 (0) AoC->Howl 272 (0) Howl->Full 0 (0) Inline->AoC 1001 (0) AoC->BitMap 176 (0) BitMap->Full 0 (0) 
[2025-10-13T19:43:26.382-0700][1256 ][debug][gc,remset   ] GC(225) Coarsening (all): Inline->AoC 6677708 (184) AoC->Howl 118212 (694) Howl->Full 0 (0) Inline->AoC 455373 (241) AoC->BitMap 142301 (552) BitMap->Full 19 (0) 
[2025-10-13T19:43:26.382-0700][1256 ][info ][gc,heap     ] GC(225) Eden regions: 2770->0(2854)
[2025-10-13T19:43:26.382-0700][1256 ][info ][gc,heap     ] GC(225) Survivor regions: 161->166(367)
[2025-10-13T19:43:26.382-0700][1256 ][info ][gc,heap     ] GC(225) Old regions: 1078->1046
[2025-10-13T19:43:26.382-0700][1256 ][info ][gc,heap     ] GC(225) Humongous regions: 8->0
[2025-10-13T19:43:26.382-0700][1256 ][info ][gc,metaspace] GC(225) Metaspace: 320600K(326656K)->320600K(326656K) NonClass: 282223K(285440K)->282223K(285440K) Class: 38377K(41216K)->38377K(41216K)
[2025-10-13T19:43:26.382-0700][1256 ][info ][gc          ] GC(225) Pause Young (Mixed) (G1 Evacuation Pause) 128538M->38775M(184320M) 135.037ms
[2025-10-13T19:43:26.383-0700][1256 ][info ][gc,cpu      ] GC(225) User=12.37s Sys=0.34s Real=0.14s
[2025-10-13T19:43:26.385-0700][1256 ][info ][safepoint   ] Safepoint "G1CollectForAllocation", Time since last: 574409262 ns, Reaching safepoint: 816696 ns, Cleanup: 6840 ns, At safepoint: 139690743 ns, Total: 140514279 ns
[2025-10-13T19:43:27.386-0700][1256 ][info ][safepoint   ] Safepoint "Cleanup", Time since last: 1000081325 ns, Reaching safepoint: 832079 ns, Cleanup: 18257 ns, At safepoint: 491083 ns, Total: 1341419 ns
[2025-10-13T19:43:28.404-0700][1256 ][info ][safepoint   ] Safepoint "Cleanup", Time since last: 1000111972 ns, Reaching safepoint: 14557533 ns, Cleanup: 15444 ns, At safepoint: 2809560 ns, Total: 17382537 ns
[2025-10-13T19:43:29.406-0700][1256 ][info ][safepoint   ] Safepoint "Cleanup", Time since last: 1000134816 ns, Reaching safepoint: 972231 ns, Cleanup: 11167 ns, At safepoint: 1249721 ns, Total: 2233119 ns
[2025-10-13T19:43:30.408-0700][1256 ][info ][safepoint   ] Safepoint "Cleanup", Time since last: 1000125291 ns, Reaching safepoint: 754742 ns, Cleanup: 11357 ns, At safepoint: 798668 ns, Total: 1564767 ns
[2025-10-13T19:43:32.409-0700][1256 ][info ][safepoint   ] Safepoint "Cleanup", Time since last: 2000179316 ns, Reaching safepoint: 812709 ns, Cleanup: 25479 ns, At safepoint: 429870 ns, Total: 1268058 ns
[2025-10-13T19:43:33.411-0700][1256 ][info ][safepoint   ] Safepoint "Cleanup", Time since last: 1000108527 ns, Reaching safepoint: 829565 ns, Cleanup: 14171 ns, At safepoint: 896396 ns, Total: 1740132 ns
[2025-10-13T19:43:34.420-0700][1256 ][info ][safepoint   ] Safepoint "Cleanup", Time since last: 1000074725 ns, Reaching safepoint: 6030343 ns, Cleanup: 22655 ns, At safepoint: 2561825 ns, Total: 8614823 ns
[2025-10-13T19:43:35.423-0700][1256 ][info ][safepoint   ] Safepoint "Cleanup", Time since last: 1000456153 ns, Reaching safepoint: 1280176 ns, Cleanup: 20281 ns, At safepoint: 2133227 ns, Total: 3433684 ns
[2025-10-13T19:43:36.336-0700][1256 ][debug][gc,jni      ] Setting _needs_gc. Thread "VM Thread" 1 locked.
[2025-10-13T19:43:36.336-0700][2247 ][debug][gc,jni      ] Performing GC after exiting critical section. Thread "http-worker-1101" 0 locked.
[2025-10-13T19:43:36.336-0700][1256 ][info ][safepoint   ] Safepoint "G1CollectForAllocation", Time since last: 911165137 ns, Reaching safepoint: 1004600 ns, Cleanup: 20812 ns, At safepoint: 404592 ns, Total: 1430004 ns
[2025-10-13T19:43:36.336-0700][21798][debug][gc,jni      ] Allocation failed. Thread stalled by JNI critical section. Thread "thrift-offloop-928" 0 locked.
[2025-10-13T19:43:36.336-0700][19018][debug][gc,jni      ] Allocation failed. Thread stalled by JNI critical section. Thread "task-event-loop-261" 0 locked.
[2025-10-13T19:43:36.336-0700][19098][debug][gc,jni      ] Allocation failed. Thread stalled by JNI critical section. Thread "task-event-loop-340" 0 locked.
[2025-10-13T19:43:36.336-0700][19175][debug][gc,jni      ] Allocation failed. Thread stalled by JNI critical section. Thread "task-event-loop-414" 0 locked.
[2025-10-13T19:43:36.336-0700][19641][debug][gc,jni      ] Allocation failed. Thread stalled by JNI critical section. Thread "event-loop-epoll-64" 0 locked.
[2025-10-13T19:43:36.336-0700][19019][debug][gc,jni      ] Allocation failed. Thread stalled by JNI critical section. Thread "task-event-loop-262" 0 locked.
[2025-10-13T19:43:36.338-0700][1256 ][info ][gc,start    ] GC(226) Pause Young (Mixed) (GCLocker Initiated GC)
[2025-10-13T19:43:36.339-0700][1256 ][info ][gc,task     ] GC(226) Using 113 workers of 113 for evacuation
[2025-10-13T19:43:36.352-0700][1256 ][debug][gc,remset   ] GC(226) Visited cards 12956928 Total dirty 64356352 (20.13%) Total old 474087424 (2.73%)
[2025-10-13T19:43:36.502-0700][1256 ][info ][gc,phases   ] GC(226)   Pre Evacuate Collection Set: 0.8ms
[2025-10-13T19:43:36.502-0700][1256 ][info ][gc,phases   ] GC(226)   Merge Heap Roots: 12.9ms
[2025-10-13T19:43:36.502-0700][1256 ][info ][gc,phases   ] GC(226)   Evacuate Collection Set: 135.2ms
[2025-10-13T19:43:36.502-0700][1256 ][info ][gc,phases   ] GC(226)   Post Evacuate Collection Set: 14.2ms
[2025-10-13T19:43:36.502-0700][1256 ][info ][gc,phases   ] GC(226)   Other: 0.2ms
[2025-10-13T19:43:36.502-0700][1256 ][debug][gc,remset   ] GC(226) Coarsening (recent): Inline->AoC 33544 (0) AoC->Howl 211 (0) Howl->Full 0 (0) Inline->AoC 1031 (0) AoC->BitMap 129 (0) BitMap->Full 0 (0) 
[2025-10-13T19:43:36.502-0700][1256 ][debug][gc,remset   ] GC(226) Coarsening (all): Inline->AoC 6711252 (184) AoC->Howl 118423 (694) Howl->Full 0 (0) Inline->AoC 456404 (241) AoC->BitMap 142430 (552) BitMap->Full 19 (0) 
[2025-10-13T19:43:36.502-0700][1256 ][info ][gc,heap     ] GC(226) Eden regions: 2898->0(2626)
[2025-10-13T19:43:36.502-0700][1256 ][info ][gc,heap     ] GC(226) Survivor regions: 166->210(383)
[2025-10-13T19:43:36.502-0700][1256 ][info ][gc,heap     ] GC(226) Old regions: 1046->1011
[2025-10-13T19:43:36.502-0700][1256 ][info ][gc,heap     ] GC(226) Humongous regions: 14->0
[2025-10-13T19:43:36.502-0700][1256 ][info ][gc,metaspace] GC(226) Metaspace: 320625K(326656K)->320625K(326656K) NonClass: 282246K(285440K)->282246K(285440K) Class: 38379K(41216K)->38379K(41216K)
[2025-10-13T19:43:36.502-0700][1256 ][info ][gc          ] GC(226) Pause Young (Mixed) (GCLocker Initiated GC) 131959M->39049M(184320M) 163.438ms
[2025-10-13T19:43:36.504-0700][1256 ][info ][gc,cpu      ] GC(226) User=15.04s Sys=0.27s Real=0.17s
[2025-10-13T19:43:36.504-0700][29700][debug][gc,jni      ] Allocation failed. Thread stalled by JNI critical section. Thread "hive-prism_batch-directory-lister-413" 0 locked.
[2025-10-13T19:43:36.504-0700][5989 ][debug][gc,jni      ] Allocation failed. Thread stalled by JNI critical section. Thread "thrift-eventloop-131" 0 locked.
[2025-10-13T19:43:36.505-0700][1256 ][info ][safepoint   ] Safepoint "G1CollectForAllocation", Time since last: 194925 ns, Reaching safepoint: 571955 ns, Cleanup: 2824 ns, At safepoint: 168214405 ns, Total: 168789184 ns
[2025-10-13T19:43:37.531-0700][1256 ][info ][safepoint   ] Safepoint "Cleanup", Time since last: 1000123399 ns, Reaching safepoint: 24037636 ns, Cleanup: 12599 ns, At safepoint: 1978984 ns, Total: 26029219 ns
[2025-10-13T19:43:39.533-0700][1256 ][info ][safepoint   ] Safepoint "Cleanup", Time since last: 2000176030 ns, Reaching safepoint: 879140 ns, Cleanup: 10616 ns, At safepoint: 545085 ns, Total: 1434841 ns
[2025-10-13T19:43:40.556-0700][1256 ][info ][safepoint   ] Safepoint "Cleanup", Time since last: 1000105912 ns, Reaching safepoint: 20837424 ns, Cleanup: 17467 ns, At safepoint: 2326910 ns, Total: 23181801 ns
[2025-10-13T19:43:41.558-0700][1256 ][info ][safepoint   ] Safepoint "Cleanup", Time since last: 1000132623 ns, Reaching safepoint: 952491 ns, Cleanup: 16695 ns, At safepoint: 1293507 ns, Total: 2262693 ns
[2025-10-13T19:43:42.561-0700][1256 ][info ][safepoint   ] Safepoint "Cleanup", Time since last: 1000122537 ns, Reaching safepoint: 904749 ns, Cleanup: 11247 ns, At safepoint: 1207076 ns, Total: 2123072 ns
[2025-10-13T19:43:43.563-0700][1256 ][info ][safepoint   ] Safepoint "Cleanup", Time since last: 1000123319 ns, Reaching safepoint: 828153 ns, Cleanup: 17186 ns, At safepoint: 904518 ns, Total: 1749857 ns
[2025-10-13T19:43:45.564-0700][1256 ][info ][safepoint   ] Safepoint "Cleanup", Time since last: 2000112565 ns, Reaching safepoint: 801572 ns, Cleanup: 19740 ns, At safepoint: 319684 ns, Total: 1140996 ns
[2025-10-13T19:43:46.257-0700][1256 ][info ][gc,start    ] GC(227) Pause Young (Mixed) (G1 Evacuation Pause)
[2025-10-13T19:43:46.257-0700][1256 ][info ][gc,task     ] GC(227) Using 113 workers of 113 for evacuation
[2025-10-13T19:43:46.272-0700][1256 ][debug][gc,remset   ] GC(227) Visited cards 13272576 Total dirty 62062592 (21.39%) Total old 456720384 (2.91%)
[2025-10-13T19:43:46.432-0700][1256 ][info ][gc,phases   ] GC(227)   Pre Evacuate Collection Set: 0.7ms
[2025-10-13T19:43:46.432-0700][1256 ][info ][gc,phases   ] GC(227)   Merge Heap Roots: 13.9ms
[2025-10-13T19:43:46.432-0700][1256 ][info ][gc,phases   ] GC(227)   Evacuate Collection Set: 145.1ms
[2025-10-13T19:43:46.432-0700][1256 ][info ][gc,phases   ] GC(227)   Post Evacuate Collection Set: 14.7ms
[2025-10-13T19:43:46.432-0700][1256 ][info ][gc,phases   ] GC(227)   Other: 0.2ms
[2025-10-13T19:43:46.432-0700][1256 ][debug][gc,remset   ] GC(227) Coarsening (recent): Inline->AoC 30536 (0) AoC->Howl 139 (0) Howl->Full 0 (0) Inline->AoC 668 (0) AoC->BitMap 74 (0) BitMap->Full 0 (0) 
[2025-10-13T19:43:46.432-0700][1256 ][debug][gc,remset   ] GC(227) Coarsening (all): Inline->AoC 6741788 (184) AoC->Howl 118562 (694) Howl->Full 0 (0) Inline->AoC 457072 (241) AoC->BitMap 142504 (552) BitMap->Full 19 (0) 
[2025-10-13T19:43:46.432-0700][1256 ][info ][gc,heap     ] GC(227) Eden regions: 2742->0(3057)
[2025-10-13T19:43:46.432-0700][1256 ][info ][gc,heap     ] GC(227) Survivor regions: 210->199(369)
[2025-10-13T19:43:46.432-0700][1256 ][info ][gc,heap     ] GC(227) Old regions: 1011->1015
[2025-10-13T19:43:46.432-0700][1256 ][info ][gc,heap     ] GC(227) Humongous regions: 11->0
[2025-10-13T19:43:46.432-0700][1256 ][info ][gc,metaspace] GC(227) Metaspace: 320638K(326720K)->320638K(326720K) NonClass: 282258K(285504K)->282258K(285504K) Class: 38379K(41216K)->38379K(41216K)
[2025-10-13T19:43:46.432-0700][1256 ][info ][gc          ] GC(227) Pause Young (Mixed) (G1 Evacuation Pause) 127145M->38830M(184320M) 174.759ms
[2025-10-13T19:43:46.434-0700][1256 ][info ][gc,cpu      ] GC(227) User=15.95s Sys=0.41s Real=0.18s
[2025-10-13T19:43:46.435-0700][1256 ][info ][safepoint   ] Safepoint "G1CollectForAllocation", Time since last: 690956712 ns, Reaching safepoint: 810276 ns, Cleanup: 7902 ns, At safepoint: 179572819 ns, Total: 180390997 ns
[2025-10-13T19:43:46.609-0700][1256 ][info ][gc,start    ] GC(228) Pause Young (Concurrent Start) (G1 Humongous Allocation)
[2025-10-13T19:43:46.609-0700][1256 ][info ][gc,task     ] GC(228) Using 113 workers of 113 for evacuation
[2025-10-13T19:43:46.618-0700][1256 ][debug][gc,remset   ] GC(228) Visited cards 9484288 Total dirty 60424192 (15.70%) Total old 103743488 (9.14%)
[2025-10-13T19:43:46.738-0700][1256 ][info ][gc,phases   ] GC(228)   Pre Evacuate Collection Set: 0.9ms
[2025-10-13T19:43:46.738-0700][1256 ][info ][gc,phases   ] GC(228)   Merge Heap Roots: 8.1ms
[2025-10-13T19:43:46.738-0700][1256 ][info ][gc,phases   ] GC(228)   Evacuate Collection Set: 110.8ms
[2025-10-13T19:43:46.738-0700][1256 ][info ][gc,phases   ] GC(228)   Post Evacuate Collection Set: 9.5ms
[2025-10-13T19:43:46.738-0700][1256 ][info ][gc,phases   ] GC(228)   Other: 0.1ms
[2025-10-13T19:43:46.738-0700][1256 ][debug][gc,remset   ] GC(228) Coarsening (recent): Inline->AoC 0 (0) AoC->Howl 0 (0) Howl->Full 0 (0) Inline->AoC 0 (0) AoC->BitMap 0 (0) BitMap->Full 0 (0) 
[2025-10-13T19:43:46.738-0700][1256 ][debug][gc,remset   ] GC(228) Coarsening (all): Inline->AoC 6741788 (184) AoC->Howl 118562 (694) Howl->Full 0 (0) Inline->AoC 457072 (241) AoC->BitMap 142504 (552) BitMap->Full 19 (0) 
[2025-10-13T19:43:46.738-0700][1256 ][info ][gc,heap     ] GC(228) Eden regions: 85->0(1237)
[2025-10-13T19:43:46.738-0700][1256 ][info ][gc,heap     ] GC(228) Survivor regions: 199->204(424)
[2025-10-13T19:43:46.738-0700][1256 ][info ][gc,heap     ] GC(228) Old regions: 1015->1015
[2025-10-13T19:43:46.738-0700][1256 ][info ][gc,heap     ] GC(228) Humongous regions: 0->0
[2025-10-13T19:43:46.738-0700][1256 ][info ][gc,metaspace] GC(228) Metaspace: 320638K(326720K)->320638K(326720K) NonClass: 282258K(285504K)->282258K(285504K) Class: 38379K(41216K)->38379K(41216K)
[2025-10-13T19:43:46.738-0700][1256 ][info ][gc          ] GC(228) Pause Young (Concurrent Start) (G1 Humongous Allocation) 41529M->38980M(184320M) 129.579ms
[2025-10-13T19:43:46.738-0700][1089 ][info ][gc          ] GC(229) Concurrent Mark Cycle
[2025-10-13T19:43:46.738-0700][1089 ][info ][gc,marking  ] GC(229) Concurrent Scan Root Regions
[2025-10-13T19:43:46.740-0700][1256 ][info ][gc,cpu      ] GC(228) User=11.48s Sys=0.10s Real=0.14s
[2025-10-13T19:43:46.742-0700][1256 ][info ][safepoint   ] Safepoint "G1TryInitiateConcMark", Time since last: 170664211 ns, Reaching safepoint: 918279 ns, Cleanup: 13110 ns, At safepoint: 135005355 ns, Total: 135936744 ns
[2025-10-13T19:43:46.799-0700][1089 ][info ][gc,marking  ] GC(229) Concurrent Scan Root Regions 60.395ms
[2025-10-13T19:43:46.799-0700][1089 ][info ][gc,marking  ] GC(229) Concurrent Mark
[2025-10-13T19:43:46.799-0700][1089 ][info ][gc,marking  ] GC(229) Concurrent Mark From Roots
[2025-10-13T19:43:46.799-0700][1089 ][info ][gc,task     ] GC(229) Using 36 workers of 36 for marking
[2025-10-13T19:43:46.971-0700][1089 ][info ][gc,marking  ] GC(229) Concurrent Mark From Roots 171.935ms
[2025-10-13T19:43:46.971-0700][1089 ][info ][gc,marking  ] GC(229) Concurrent Preclean
[2025-10-13T19:43:46.980-0700][1089 ][info ][gc,marking  ] GC(229) Concurrent Preclean 9.582ms
[2025-10-13T19:43:46.983-0700][1256 ][info ][gc,start    ] GC(229) Pause Remark
[2025-10-13T19:43:47.144-0700][1256 ][info ][gc          ] GC(229) Pause Remark 42196M->41044M(184320M) 161.067ms
[2025-10-13T19:43:47.146-0700][1256 ][info ][gc,cpu      ] GC(229) User=14.59s Sys=0.04s Real=0.16s
[2025-10-13T19:43:47.150-0700][1256 ][info ][safepoint   ] Safepoint "G1PauseRemark", Time since last: 238731247 ns, Reaching safepoint: 790045 ns, Cleanup: 11087 ns, At safepoint: 168301337 ns, Total: 169102469 ns
[2025-10-13T19:43:47.150-0700][1089 ][info ][gc,marking  ] GC(229) Concurrent Mark 350.807ms
[2025-10-13T19:43:47.150-0700][1089 ][info ][gc,marking  ] GC(229) Concurrent Rebuild Remembered Sets and Scrub Regions
[2025-10-13T19:43:47.512-0700][1089 ][info ][gc,marking  ] GC(229) Concurrent Rebuild Remembered Sets and Scrub Regions 362.539ms
[2025-10-13T19:43:47.515-0700][1256 ][info ][gc,start    ] GC(229) Pause Cleanup
[2025-10-13T19:43:47.517-0700][1256 ][info ][gc          ] GC(229) Pause Cleanup 46089M->46089M(184320M) 2.214ms
[2025-10-13T19:43:47.519-0700][1256 ][info ][gc,cpu      ] GC(229) User=0.02s Sys=0.00s Real=0.00s
[2025-10-13T19:43:47.519-0700][1256 ][info ][safepoint   ] Safepoint "G1PauseCleanup", Time since last: 362742389 ns, Reaching safepoint: 832520 ns, Cleanup: 16645 ns, At safepoint: 6188442 ns, Total: 7037607 ns
[2025-10-13T19:43:47.519-0700][1089 ][info ][gc,marking  ] GC(229) Concurrent Clear Claimed Marks
[2025-10-13T19:43:47.520-0700][1089 ][info ][gc,marking  ] GC(229) Concurrent Clear Claimed Marks 1.017ms
[2025-10-13T19:43:47.521-0700][1089 ][info ][gc,marking  ] GC(229) Concurrent Cleanup for Next Mark
[2025-10-13T19:43:47.553-0700][1089 ][info ][gc,marking  ] GC(229) Concurrent Cleanup for Next Mark 32.140ms
[2025-10-13T19:43:47.553-0700][1089 ][info ][gc          ] GC(229) Concurrent Mark Cycle 814.295ms
[2025-10-13T19:43:48.521-0700][1256 ][info ][safepoint   ] Safepoint "Cleanup", Time since last: 1000095537 ns, Reaching safepoint: 824928 ns, Cleanup: 25889 ns, At safepoint: 287385 ns, Total: 1138202 ns
[2025-10-13T19:43:49.523-0700][1256 ][info ][safepoint   ] Safepoint "Cleanup", Time since last: 1000114204 ns, Reaching safepoint: 1636126 ns, Cleanup: 27692 ns, At safepoint: 260223 ns, Total: 1924041 ns
[2025-10-13T19:43:50.196-0700][1256 ][info ][gc,start    ] GC(230) Pause Young (Prepare Mixed) (G1 Evacuation Pause)
[2025-10-13T19:43:50.196-0700][1256 ][info ][gc,task     ] GC(230) Using 113 workers of 113 for evacuation
[2025-10-13T19:43:50.210-0700][1256 ][debug][gc,remset   ] GC(230) Visited cards 10029824 Total dirty 60817408 (16.49%) Total old 242614272 (4.13%)
[2025-10-13T19:43:50.342-0700][1256 ][info ][gc,phases   ] GC(230)   Pre Evacuate Collection Set: 0.8ms
[2025-10-13T19:43:50.342-0700][1256 ][info ][gc,phases   ] GC(230)   Merge Heap Roots: 13.4ms
[2025-10-13T19:43:50.342-0700][1256 ][info ][gc,phases   ] GC(230)   Evacuate Collection Set: 120.7ms
[2025-10-13T19:43:50.342-0700][1256 ][info ][gc,phases   ] GC(230)   Post Evacuate Collection Set: 11.6ms
[2025-10-13T19:43:50.342-0700][1256 ][info ][gc,phases   ] GC(230)   Other: 0.2ms
[2025-10-13T19:43:50.342-0700][1256 ][debug][gc,remset   ] GC(230) Coarsening (recent): Inline->AoC 111550 (1) AoC->Howl 5406 (2) Howl->Full 0 (0) Inline->AoC 21646 (1) AoC->BitMap 6813 (0) BitMap->Full 0 (0) 
[2025-10-13T19:43:50.342-0700][1256 ][debug][gc,remset   ] GC(230) Coarsening (all): Inline->AoC 6853338 (185) AoC->Howl 123968 (696) Howl->Full 0 (0) Inline->AoC 478718 (242) AoC->BitMap 149317 (552) BitMap->Full 19 (0) 
[2025-10-13T19:43:50.342-0700][1256 ][info ][gc,heap     ] GC(230) Eden regions: 1153->0(2080)
[2025-10-13T19:43:50.342-0700][1256 ][info ][gc,heap     ] GC(230) Survivor regions: 204->101(170)
[2025-10-13T19:43:50.342-0700][1256 ][info ][gc,heap     ] GC(230) Old regions: 979->1082
[2025-10-13T19:43:50.342-0700][1256 ][info ][gc,heap     ] GC(230) Humongous regions: 9->0
[2025-10-13T19:43:50.342-0700][1256 ][info ][gc,metaspace] GC(230) Metaspace: 320605K(326784K)->320605K(326784K) NonClass: 282234K(285568K)->282234K(285568K) Class: 38370K(41216K)->38370K(41216K)
[2025-10-13T19:43:50.342-0700][1256 ][info ][gc          ] GC(230) Pause Young (Prepare Mixed) (G1 Evacuation Pause) 75012M->37846M(184320M) 146.855ms
[2025-10-13T19:43:50.344-0700][1256 ][info ][gc,cpu      ] GC(230) User=13.74s Sys=0.10s Real=0.15s
[2025-10-13T19:43:50.346-0700][1256 ][info ][safepoint   ] Safepoint "G1CollectForAllocation", Time since last: 670123805 ns, Reaching safepoint: 1066734 ns, Cleanup: 4757 ns, At safepoint: 151632039 ns, Total: 152703530 ns
[2025-10-13T19:43:51.347-0700][1256 ][info ][safepoint   ] Safepoint "Cleanup", Time since last: 1000090839 ns, Reaching safepoint: 833361 ns, Cleanup: 16485 ns, At safepoint: 249457 ns, Total: 1099303 ns
[2025-10-13T19:43:53.348-0700][1256 ][info ][safepoint   ] Safepoint "Cleanup", Time since last: 2000167488 ns, Reaching safepoint: 918519 ns, Cleanup: 14863 ns, At safepoint: 496911 ns, Total: 1430293 ns
[2025-10-13T19:43:55.350-0700][1256 ][info ][safepoint   ] Safepoint "Cleanup", Time since last: 2000177593 ns, Reaching safepoint: 894323 ns, Cleanup: 11558 ns, At safepoint: 567739 ns, Total: 1473620 ns
[2025-10-13T19:43:56.065-0700][1256 ][info ][gc,start    ] GC(231) Pause Young (Mixed) (G1 Evacuation Pause)
[2025-10-13T19:43:56.065-0700][1256 ][info ][gc,task     ] GC(231) Using 113 workers of 113 for evacuation
[2025-10-13T19:43:56.079-0700][1256 ][debug][gc,remset   ] GC(231) Visited cards 10206720 Total dirty 63897600 (15.97%) Total old 380043264 (2.69%)
[2025-10-13T19:43:56.181-0700][1256 ][info ][gc,phases   ] GC(231)   Pre Evacuate Collection Set: 0.7ms
[2025-10-13T19:43:56.181-0700][1256 ][info ][gc,phases   ] GC(231)   Merge Heap Roots: 13.6ms
[2025-10-13T19:43:56.181-0700][1256 ][info ][gc,phases   ] GC(231)   Evacuate Collection Set: 90.0ms
[2025-10-13T19:43:56.181-0700][1256 ][info ][gc,phases   ] GC(231)   Post Evacuate Collection Set: 12.1ms
[2025-10-13T19:43:56.181-0700][1256 ][info ][gc,phases   ] GC(231)   Other: 0.2ms
[2025-10-13T19:43:56.181-0700][1256 ][debug][gc,remset   ] GC(231) Coarsening (recent): Inline->AoC 15759 (0) AoC->Howl 286 (0) Howl->Full 0 (0) Inline->AoC 849 (0) AoC->BitMap 208 (0) BitMap->Full 0 (0) 
[2025-10-13T19:43:56.181-0700][1256 ][debug][gc,remset   ] GC(231) Coarsening (all): Inline->AoC 6869097 (185) AoC->Howl 124254 (696) Howl->Full 0 (0) Inline->AoC 479567 (242) AoC->BitMap 149525 (552) BitMap->Full 19 (0) 
[2025-10-13T19:43:56.181-0700][1256 ][info ][gc,heap     ] GC(231) Eden regions: 2222->0(2079)
[2025-10-13T19:43:56.181-0700][1256 ][info ][gc,heap     ] GC(231) Survivor regions: 101->137(291)
[2025-10-13T19:43:56.181-0700][1256 ][info ][gc,heap     ] GC(231) Old regions: 1082->1041
[2025-10-13T19:43:56.181-0700][1256 ][info ][gc,heap     ] GC(231) Humongous regions: 17->0
[2025-10-13T19:43:56.181-0700][1256 ][info ][gc,metaspace] GC(231) Metaspace: 320640K(326784K)->320640K(326784K) NonClass: 282264K(285568K)->282264K(285568K) Class: 38375K(41216K)->38375K(41216K)
[2025-10-13T19:43:56.181-0700][1256 ][info ][gc          ] GC(231) Pause Young (Mixed) (G1 Evacuation Pause) 109494M->37676M(184320M) 116.816ms
[2025-10-13T19:43:56.183-0700][1256 ][info ][gc,cpu      ] GC(231) User=10.66s Sys=0.03s Real=0.12s
[2025-10-13T19:43:56.185-0700][1256 ][info ][safepoint   ] Safepoint "G1CollectForAllocation", Time since last: 712007649 ns, Reaching safepoint: 959021 ns, Cleanup: 16645 ns, At safepoint: 121614075 ns, Total: 122589741 ns
[2025-10-13T19:43:58.186-0700][1256 ][info ][safepoint   ] Safepoint "Cleanup", Time since last: 2000150415 ns, Reaching safepoint: 1168968 ns, Cleanup: 31738 ns, At safepoint: 230479 ns, Total: 1431185 ns
[2025-10-13T19:44:00.188-0700][1256 ][info ][safepoint   ] Safepoint "Cleanup", Time since last: 2000141521 ns, Reaching safepoint: 1616075 ns, Cleanup: 17747 ns, At safepoint: 320114 ns, Total: 1953936 ns
[2025-10-13T19:44:01.198-0700][1256 ][info ][safepoint   ] Safepoint "Cleanup", Time since last: 1000103500 ns, Reaching safepoint: 7265444 ns, Cleanup: 16354 ns, At safepoint: 2136403 ns, Total: 9418201 ns
[2025-10-13T19:44:02.880-0700][1256 ][info ][safepoint   ] Safepoint "Cleanup", Time since last: 1681277890 ns, Reaching safepoint: 430392 ns, Cleanup: 10576 ns, At safepoint: 98619 ns, Total: 539587 ns
[2025-10-13T19:44:03.206-0700][1256 ][info ][gc,start    ] GC(232) Pause Young (Mixed) (G1 Evacuation Pause)
[2025-10-13T19:44:03.206-0700][1256 ][info ][gc,task     ] GC(232) Using 113 workers of 113 for evacuation
[2025-10-13T19:44:03.219-0700][1256 ][debug][gc,remset   ] GC(232) Visited cards 9999872 Total dirty 61931520 (16.15%) Total old 383778816 (2.61%)
[2025-10-13T19:44:03.334-0700][1256 ][info ][gc,phases   ] GC(232)   Pre Evacuate Collection Set: 0.7ms
[2025-10-13T19:44:03.334-0700][1256 ][info ][gc,phases   ] GC(232)   Merge Heap Roots: 13.1ms
[2025-10-13T19:44:03.334-0700][1256 ][info ][gc,phases   ] GC(232)   Evacuate Collection Set: 101.9ms
[2025-10-13T19:44:03.334-0700][1256 ][info ][gc,phases   ] GC(232)   Post Evacuate Collection Set: 12.3ms
[2025-10-13T19:44:03.334-0700][1256 ][info ][gc,phases   ] GC(232)   Other: 0.2ms
[2025-10-13T19:44:03.334-0700][1256 ][debug][gc,remset   ] GC(232) Coarsening (recent): Inline->AoC 17874 (0) AoC->Howl 117 (0) Howl->Full 0 (0) Inline->AoC 561 (0) AoC->BitMap 47 (0) BitMap->Full 0 (0) 
[2025-10-13T19:44:03.334-0700][1256 ][debug][gc,remset   ] GC(232) Coarsening (all): Inline->AoC 6886971 (185) AoC->Howl 124371 (696) Howl->Full 0 (0) Inline->AoC 480128 (242) AoC->BitMap 149572 (552) BitMap->Full 19 (0) 
[2025-10-13T19:44:03.334-0700][1256 ][info ][gc,heap     ] GC(232) Eden regions: 2236->0(2031)
[2025-10-13T19:44:03.334-0700][1256 ][info ][gc,heap     ] GC(232) Survivor regions: 137->172(297)
[2025-10-13T19:44:03.334-0700][1256 ][info ][gc,heap     ] GC(232) Old regions: 1041->990
[2025-10-13T19:44:03.334-0700][1256 ][info ][gc,heap     ] GC(232) Humongous regions: 15->0
[2025-10-13T19:44:03.334-0700][1256 ][info ][gc,metaspace] GC(232) Metaspace: 320647K(326784K)->320647K(326784K) NonClass: 282270K(285568K)->282270K(285568K) Class: 38377K(41216K)->38377K(41216K)
[2025-10-13T19:44:03.334-0700][1256 ][info ][gc          ] GC(232) Pause Young (Mixed) (G1 Evacuation Pause) 109708M->37165M(184320M) 128.335ms
[2025-10-13T19:44:03.336-0700][1256 ][info ][gc,cpu      ] GC(232) User=12.50s Sys=0.08s Real=0.13s
[2025-10-13T19:44:03.337-0700][1256 ][info ][safepoint   ] Safepoint "G1CollectForAllocation", Time since last: 323546176 ns, Reaching safepoint: 820661 ns, Cleanup: 14252 ns, At safepoint: 132940762 ns, Total: 133775675 ns
[2025-10-13T19:44:04.354-0700][1256 ][info ][safepoint   ] Safepoint "Cleanup", Time since last: 1000082488 ns, Reaching safepoint: 15552582 ns, Cleanup: 15884 ns, At safepoint: 1831592 ns, Total: 17400058 ns
[2025-10-13T19:44:05.357-0700][1256 ][info ][safepoint   ] Safepoint "Cleanup", Time since last: 1000118342 ns, Reaching safepoint: 1122038 ns, Cleanup: 14292 ns, At safepoint: 1011039 ns, Total: 2147369 ns
[2025-10-13T19:44:07.361-0700][1256 ][info ][safepoint   ] Safepoint "Cleanup", Time since last: 2000176684 ns, Reaching safepoint: 2879888 ns, Cleanup: 12399 ns, At safepoint: 1751650 ns, Total: 4643937 ns
[2025-10-13T19:44:08.364-0700][1256 ][info ][safepoint   ] Safepoint "Cleanup", Time since last: 1000128468 ns, Reaching safepoint: 940363 ns, Cleanup: 10636 ns, At safepoint: 1079814 ns, Total: 2030813 ns
[2025-10-13T19:44:09.367-0700][1256 ][info ][safepoint   ] Safepoint "Cleanup", Time since last: 1000123821 ns, Reaching safepoint: 1874866 ns, Cleanup: 10536 ns, At safepoint: 1008096 ns, Total: 2893498 ns
[2025-10-13T19:44:11.464-0700][1256 ][info ][gc,start    ] GC(233) Pause Young (Mixed) (G1 Evacuation Pause)
[2025-10-13T19:44:11.464-0700][1256 ][info ][gc,task     ] GC(233) Using 113 workers of 113 for evacuation
[2025-10-13T19:44:11.478-0700][1256 ][debug][gc,remset   ] GC(233) Visited cards 9744896 Total dirty 58982400 (16.52%) Total old 379977728 (2.56%)
[2025-10-13T19:44:11.629-0700][1256 ][info ][gc,phases   ] GC(233)   Pre Evacuate Collection Set: 0.7ms
[2025-10-13T19:44:11.629-0700][1256 ][info ][gc,phases   ] GC(233)   Merge Heap Roots: 12.9ms
[2025-10-13T19:44:11.629-0700][1256 ][info ][gc,phases   ] GC(233)   Evacuate Collection Set: 138.2ms
[2025-10-13T19:44:11.629-0700][1256 ][info ][gc,phases   ] GC(233)   Post Evacuate Collection Set: 12.8ms
[2025-10-13T19:44:11.629-0700][1256 ][info ][gc,phases   ] GC(233)   Other: 0.2ms
[2025-10-13T19:44:11.629-0700][1256 ][debug][gc,remset   ] GC(233) Coarsening (recent): Inline->AoC 15674 (0) AoC->Howl 125 (0) Howl->Full 0 (0) Inline->AoC 439 (0) AoC->BitMap 88 (0) BitMap->Full 0 (0) 
[2025-10-13T19:44:11.629-0700][1256 ][debug][gc,remset   ] GC(233) Coarsening (all): Inline->AoC 6902645 (185) AoC->Howl 124496 (696) Howl->Full 0 (0) Inline->AoC 480567 (242) AoC->BitMap 149660 (552) BitMap->Full 19 (0) 
[2025-10-13T19:44:11.629-0700][1256 ][info ][gc,heap     ] GC(233) Eden regions: 2199->0(1798)
[2025-10-13T19:44:11.629-0700][1256 ][info ][gc,heap     ] GC(233) Survivor regions: 172->204(297)
[2025-10-13T19:44:11.629-0700][1256 ][info ][gc,heap     ] GC(233) Old regions: 990->964
[2025-10-13T19:44:11.629-0700][1256 ][info ][gc,heap     ] GC(233) Humongous regions: 12->0
[2025-10-13T19:44:11.629-0700][1256 ][info ][gc,metaspace] GC(233) Metaspace: 320648K(326784K)->320648K(326784K) NonClass: 282271K(285568K)->282271K(285568K) Class: 38377K(41216K)->38377K(41216K)
[2025-10-13T19:44:11.629-0700][1256 ][info ][gc          ] GC(233) Pause Young (Mixed) (G1 Evacuation Pause) 107917M->37357M(184320M) 164.912ms
[2025-10-13T19:44:11.630-0700][1256 ][info ][gc,cpu      ] GC(233) User=15.73s Sys=0.01s Real=0.17s
[2025-10-13T19:44:11.632-0700][1256 ][info ][safepoint   ] Safepoint "G1CollectForAllocation", Time since last: 2094603480 ns, Reaching safepoint: 857147 ns, Cleanup: 4487 ns, At safepoint: 169661173 ns, Total: 170522807 ns
[2025-10-13T19:44:13.633-0700][1256 ][info ][safepoint   ] Safepoint "Cleanup", Time since last: 2000189664 ns, Reaching safepoint: 794082 ns, Cleanup: 13440 ns, At safepoint: 84418 ns, Total: 891940 ns
[2025-10-13T19:44:15.634-0700][1256 ][info ][safepoint   ] Safepoint "Cleanup", Time since last: 2000177625 ns, Reaching safepoint: 856977 ns, Cleanup: 9935 ns, At safepoint: 270269 ns, Total: 1137181 ns
[2025-10-13T19:44:16.635-0700][1256 ][info ][safepoint   ] Safepoint "Cleanup", Time since last: 1000129940 ns, Reaching safepoint: 917949 ns, Cleanup: 15403 ns, At safepoint: 196447 ns, Total: 1129799 ns
[2025-10-13T19:44:17.653-0700][1256 ][info ][gc,start    ] GC(234) Pause Young (Mixed) (G1 Evacuation Pause)
[2025-10-13T19:44:17.653-0700][1256 ][info ][gc,task     ] GC(234) Using 113 workers of 113 for evacuation
[2025-10-13T19:44:17.668-0700][1256 ][debug][gc,remset   ] GC(234) Visited cards 10044928 Total dirty 57671680 (17.42%) Total old 338821120 (2.96%)
[2025-10-13T19:44:17.810-0700][1256 ][info ][gc,phases   ] GC(234)   Pre Evacuate Collection Set: 0.8ms
[2025-10-13T19:44:17.810-0700][1256 ][info ][gc,phases   ] GC(234)   Merge Heap Roots: 13.4ms
[2025-10-13T19:44:17.810-0700][1256 ][info ][gc,phases   ] GC(234)   Evacuate Collection Set: 129.9ms
[2025-10-13T19:44:17.810-0700][1256 ][info ][gc,phases   ] GC(234)   Post Evacuate Collection Set: 12.5ms
[2025-10-13T19:44:17.810-0700][1256 ][info ][gc,phases   ] GC(234)   Other: 0.2ms
[2025-10-13T19:44:17.810-0700][1256 ][debug][gc,remset   ] GC(234) Coarsening (recent): Inline->AoC 29505 (0) AoC->Howl 224 (0) Howl->Full 0 (0) Inline->AoC 1003 (0) AoC->BitMap 149 (0) BitMap->Full 0 (0) 
[2025-10-13T19:44:17.810-0700][1256 ][debug][gc,remset   ] GC(234) Coarsening (all): Inline->AoC 6932150 (185) AoC->Howl 124720 (696) Howl->Full 0 (0) Inline->AoC 481570 (242) AoC->BitMap 149809 (552) BitMap->Full 19 (0) 
[2025-10-13T19:44:17.810-0700][1256 ][info ][gc,heap     ] GC(234) Eden regions: 1867->0(2752)
[2025-10-13T19:44:17.810-0700][1256 ][info ][gc,heap     ] GC(234) Survivor regions: 204->117(259)
[2025-10-13T19:44:17.810-0700][1256 ][info ][gc,heap     ] GC(234) Old regions: 964->1013
[2025-10-13T19:44:17.810-0700][1256 ][info ][gc,heap     ] GC(234) Humongous regions: 10->0
[2025-10-13T19:44:17.810-0700][1256 ][info ][gc,metaspace] GC(234) Metaspace: 320651K(326784K)->320651K(326784K) NonClass: 282274K(285568K)->282274K(285568K) Class: 38377K(41216K)->38377K(41216K)
[2025-10-13T19:44:17.810-0700][1256 ][info ][gc          ] GC(234) Pause Young (Mixed) (G1 Evacuation Pause) 97421M->36147M(184320M) 157.052ms
[2025-10-13T19:44:17.812-0700][1256 ][info ][gc,cpu      ] GC(234) User=14.61s Sys=0.24s Real=0.16s
[2025-10-13T19:44:17.813-0700][1256 ][info ][safepoint   ] Safepoint "G1CollectForAllocation", Time since last: 1015110047 ns, Reaching safepoint: 926031 ns, Cleanup: 7531 ns, At safepoint: 161848011 ns, Total: 162781573 ns
[2025-10-13T19:44:18.832-0700][1256 ][info ][safepoint   ] Safepoint "Cleanup", Time since last: 1000085794 ns, Reaching safepoint: 15592102 ns, Cleanup: 15874 ns, At safepoint: 2665353 ns, Total: 18273329 ns
[2025-10-13T19:44:19.834-0700][1256 ][info ][safepoint   ] Safepoint "Cleanup", Time since last: 1000120646 ns, Reaching safepoint: 1030769 ns, Cleanup: 16285 ns, At safepoint: 1180426 ns, Total: 2227480 ns
[2025-10-13T19:44:23.836-0700][1256 ][info ][safepoint   ] Safepoint "Cleanup", Time since last: 4000316603 ns, Reaching safepoint: 910548 ns, Cleanup: 21342 ns, At safepoint: 739489 ns, Total: 1671379 ns
[2025-10-13T19:44:24.838-0700][1256 ][info ][safepoint   ] Safepoint "Cleanup", Time since last: 1000131682 ns, Reaching safepoint: 1108928 ns, Cleanup: 17196 ns, At safepoint: 939692 ns, Total: 2065816 ns
[2025-10-13T19:44:25.840-0700][1256 ][info ][safepoint   ] Safepoint "Cleanup", Time since last: 1000122980 ns, Reaching safepoint: 824217 ns, Cleanup: 21773 ns, At safepoint: 964679 ns, Total: 1810669 ns
[2025-10-13T19:44:25.849-0700][1256 ][info ][gc,start    ] GC(235) Pause Young (Mixed) (G1 Evacuation Pause)
[2025-10-13T19:44:25.849-0700][1256 ][info ][gc,task     ] GC(235) Using 113 workers of 113 for evacuation
[2025-10-13T19:44:25.864-0700][1256 ][debug][gc,remset   ] GC(235) Visited cards 10230784 Total dirty 61079552 (16.75%) Total old 447283200 (2.29%)
[2025-10-13T19:44:25.979-0700][1256 ][debug][gc,remset   ] GC(235) Visited cards 474112 Total dirty 37814272 (1.25%) Total old 458817536 (0.10%)
[2025-10-13T19:44:25.995-0700][1256 ][info ][gc,phases   ] GC(235)   Pre Evacuate Collection Set: 0.8ms
[2025-10-13T19:44:25.995-0700][1256 ][info ][gc,phases   ] GC(235)   Merge Heap Roots: 13.4ms
[2025-10-13T19:44:25.995-0700][1256 ][info ][gc,phases   ] GC(235)   Evacuate Collection Set: 114.3ms
[2025-10-13T19:44:25.995-0700][1256 ][info ][gc,phases   ] GC(235)   Merge Optional Heap Roots: 0.8ms
[2025-10-13T19:44:25.995-0700][1256 ][info ][gc,phases   ] GC(235)   Evacuate Optional Collection Set: 2.0ms
[2025-10-13T19:44:25.995-0700][1256 ][info ][gc,phases   ] GC(235)   Post Evacuate Collection Set: 14.4ms
[2025-10-13T19:44:25.995-0700][1256 ][info ][gc,phases   ] GC(235)   Other: 0.2ms
[2025-10-13T19:44:25.995-0700][1256 ][debug][gc,remset   ] GC(235) Coarsening (recent): Inline->AoC 49859 (0) AoC->Howl 250 (1) Howl->Full 0 (0) Inline->AoC 658 (0) AoC->BitMap 208 (1) BitMap->Full 0 (0) 
[2025-10-13T19:44:25.995-0700][1256 ][debug][gc,remset   ] GC(235) Coarsening (all): Inline->AoC 6982009 (185) AoC->Howl 124970 (697) Howl->Full 0 (0) Inline->AoC 482228 (242) AoC->BitMap 150017 (553) BitMap->Full 19 (0) 
[2025-10-13T19:44:25.995-0700][1256 ][info ][gc,heap     ] GC(235) Eden regions: 2753->0(2689)
[2025-10-13T19:44:25.995-0700][1256 ][info ][gc,heap     ] GC(235) Survivor regions: 117->155(359)
[2025-10-13T19:44:25.995-0700][1256 ][info ][gc,heap     ] GC(235) Old regions: 1013->968
[2025-10-13T19:44:25.995-0700][1256 ][info ][gc,heap     ] GC(235) Humongous regions: 18->0
[2025-10-13T19:44:25.995-0700][1256 ][info ][gc,metaspace] GC(235) Metaspace: 320724K(326848K)->320724K(326848K) NonClass: 282338K(285632K)->282338K(285632K) Class: 38386K(41216K)->38386K(41216K)
[2025-10-13T19:44:25.995-0700][1256 ][info ][gc          ] GC(235) Pause Young (Mixed) (G1 Evacuation Pause) 124819M->35929M(184320M) 146.177ms
[2025-10-13T19:44:25.997-0700][1256 ][info ][gc,cpu      ] GC(235) User=11.85s Sys=0.34s Real=0.15s
[2025-10-13T19:44:25.998-0700][1256 ][info ][safepoint   ] Safepoint "G1CollectForAllocation", Time since last: 6403670 ns, Reaching safepoint: 882305 ns, Cleanup: 13550 ns, At safepoint: 150984133 ns, Total: 151879988 ns
[2025-10-13T19:44:27.000-0700][1256 ][info ][safepoint   ] Safepoint "Cleanup", Time since last: 1000094256 ns, Reaching safepoint: 780121 ns, Cleanup: 42244 ns, At safepoint: 266593 ns, Total: 1088958 ns
[2025-10-13T19:44:31.001-0700][1256 ][info ][safepoint   ] Safepoint "Cleanup", Time since last: 4000303062 ns, Reaching safepoint: 869185 ns, Cleanup: 48193 ns, At safepoint: 289288 ns, Total: 1206666 ns
[2025-10-13T19:44:34.568-0700][1256 ][info ][gc,start    ] GC(236) Pause Young (Mixed) (G1 Evacuation Pause)
[2025-10-13T19:44:34.568-0700][1256 ][info ][gc,task     ] GC(236) Using 113 workers of 113 for evacuation
[2025-10-13T19:44:34.582-0700][1256 ][debug][gc,remset   ] GC(236) Visited cards 10546432 Total dirty 58982400 (17.88%) Total old 446824448 (2.36%)
[2025-10-13T19:44:34.714-0700][1256 ][info ][gc,phases   ] GC(236)   Pre Evacuate Collection Set: 0.8ms
[2025-10-13T19:44:34.714-0700][1256 ][info ][gc,phases   ] GC(236)   Merge Heap Roots: 12.9ms
[2025-10-13T19:44:34.714-0700][1256 ][info ][gc,phases   ] GC(236)   Evacuate Collection Set: 118.0ms
[2025-10-13T19:44:34.714-0700][1256 ][info ][gc,phases   ] GC(236)   Post Evacuate Collection Set: 14.0ms
[2025-10-13T19:44:34.714-0700][1256 ][info ][gc,phases   ] GC(236)   Other: 0.2ms
[2025-10-13T19:44:34.714-0700][1256 ][debug][gc,remset   ] GC(236) Coarsening (recent): Inline->AoC 37318 (0) AoC->Howl 192 (0) Howl->Full 0 (0) Inline->AoC 772 (0) AoC->BitMap 119 (0) BitMap->Full 0 (0) 
[2025-10-13T19:44:34.714-0700][1256 ][debug][gc,remset   ] GC(236) Coarsening (all): Inline->AoC 7019327 (185) AoC->Howl 125162 (697) Howl->Full 0 (0) Inline->AoC 483000 (242) AoC->BitMap 150136 (553) BitMap->Full 19 (0) 
[2025-10-13T19:44:34.714-0700][1256 ][info ][gc,heap     ] GC(236) Eden regions: 2736->0(2417)
[2025-10-13T19:44:34.714-0700][1256 ][info ][gc,heap     ] GC(236) Survivor regions: 155->198(362)
[2025-10-13T19:44:34.714-0700][1256 ][info ][gc,heap     ] GC(236) Old regions: 968->922
[2025-10-13T19:44:34.714-0700][1256 ][info ][gc,heap     ] GC(236) Humongous regions: 14->0
[2025-10-13T19:44:34.714-0700][1256 ][info ][gc,metaspace] GC(236) Metaspace: 320783K(326912K)->320783K(326912K) NonClass: 282387K(285696K)->282387K(285696K) Class: 38396K(41216K)->38396K(41216K)
[2025-10-13T19:44:34.714-0700][1256 ][info ][gc          ] GC(236) Pause Young (Mixed) (G1 Evacuation Pause) 123929M->35819M(184320M) 146.049ms
[2025-10-13T19:44:34.716-0700][1256 ][info ][gc,cpu      ] GC(236) User=14.39s Sys=0.26s Real=0.15s
[2025-10-13T19:44:34.717-0700][1256 ][info ][safepoint   ] Safepoint "G1CollectForAllocation", Time since last: 3564117084 ns, Reaching safepoint: 802384 ns, Cleanup: 15133 ns, At safepoint: 150893326 ns, Total: 151710843 ns
[2025-10-13T19:44:35.718-0700][1256 ][info ][safepoint   ] Safepoint "Cleanup", Time since last: 1000082676 ns, Reaching safepoint: 709383 ns, Cleanup: 17176 ns, At safepoint: 87052 ns, Total: 813611 ns
[2025-10-13T19:44:36.719-0700][1256 ][info ][safepoint   ] Safepoint "Cleanup", Time since last: 1000103828 ns, Reaching safepoint: 844648 ns, Cleanup: 20912 ns, At safepoint: 575150 ns, Total: 1440710 ns
[2025-10-13T19:44:37.721-0700][1256 ][info ][safepoint   ] Safepoint "Cleanup", Time since last: 1000105911 ns, Reaching safepoint: 852700 ns, Cleanup: 13431 ns, At safepoint: 577453 ns, Total: 1443584 ns
[2025-10-13T19:44:38.723-0700][1256 ][info ][safepoint   ] Safepoint "Cleanup", Time since last: 1000112462 ns, Reaching safepoint: 1092983 ns, Cleanup: 11097 ns, At safepoint: 483461 ns, Total: 1587541 ns
[2025-10-13T19:44:40.724-0700][1256 ][info ][safepoint   ] Safepoint "Cleanup", Time since last: 2000166936 ns, Reaching safepoint: 699518 ns, Cleanup: 12639 ns, At safepoint: 340655 ns, Total: 1052812 ns
[2025-10-13T19:44:41.726-0700][1256 ][info ][safepoint   ] Safepoint "Cleanup", Time since last: 1000113343 ns, Reaching safepoint: 776194 ns, Cleanup: 22134 ns, At safepoint: 984609 ns, Total: 1782937 ns
[2025-10-13T19:44:42.048-0700][1256 ][info ][gc,start    ] GC(237) Pause Young (Mixed) (G1 Evacuation Pause)
[2025-10-13T19:44:42.048-0700][1256 ][info ][gc,task     ] GC(237) Using 113 workers of 113 for evacuation
[2025-10-13T19:44:42.062-0700][1256 ][debug][gc,remset   ] GC(237) Visited cards 10767360 Total dirty 55508992 (19.40%) Total old 421068800 (2.56%)
[2025-10-13T19:44:42.223-0700][1256 ][info ][gc,phases   ] GC(237)   Pre Evacuate Collection Set: 0.8ms
[2025-10-13T19:44:42.223-0700][1256 ][info ][gc,phases   ] GC(237)   Merge Heap Roots: 13.2ms
[2025-10-13T19:44:42.223-0700][1256 ][info ][gc,phases   ] GC(237)   Evacuate Collection Set: 146.1ms
[2025-10-13T19:44:42.223-0700][1256 ][info ][gc,phases   ] GC(237)   Post Evacuate Collection Set: 14.1ms
[2025-10-13T19:44:42.223-0700][1256 ][info ][gc,phases   ] GC(237)   Other: 0.2ms
[2025-10-13T19:44:42.223-0700][1256 ][debug][gc,remset   ] GC(237) Coarsening (recent): Inline->AoC 28212 (0) AoC->Howl 154 (0) Howl->Full 0 (0) Inline->AoC 640 (0) AoC->BitMap 83 (0) BitMap->Full 0 (0) 
[2025-10-13T19:44:42.223-0700][1256 ][debug][gc,remset   ] GC(237) Coarsening (all): Inline->AoC 7047539 (185) AoC->Howl 125316 (697) Howl->Full 0 (0) Inline->AoC 483640 (242) AoC->BitMap 150219 (553) BitMap->Full 19 (0) 
[2025-10-13T19:44:42.223-0700][1256 ][info ][gc,heap     ] GC(237) Eden regions: 2521->0(2387)
[2025-10-13T19:44:42.223-0700][1256 ][info ][gc,heap     ] GC(237) Survivor regions: 198->213(340)
[2025-10-13T19:44:42.223-0700][1256 ][info ][gc,heap     ] GC(237) Old regions: 922->902
[2025-10-13T19:44:42.223-0700][1256 ][info ][gc,heap     ] GC(237) Humongous regions: 11->0
[2025-10-13T19:44:42.223-0700][1256 ][info ][gc,metaspace] GC(237) Metaspace: 320832K(326976K)->320832K(326976K) NonClass: 282432K(285760K)->282432K(285760K) Class: 38399K(41216K)->38399K(41216K)
[2025-10-13T19:44:42.223-0700][1256 ][info ][gc          ] GC(237) Pause Young (Mixed) (G1 Evacuation Pause) 116843M->35660M(184320M) 174.447ms
[2025-10-13T19:44:42.224-0700][1256 ][info ][gc,cpu      ] GC(237) User=16.44s Sys=0.28s Real=0.18s
[2025-10-13T19:44:42.226-0700][1256 ][info ][safepoint   ] Safepoint "G1CollectForAllocation", Time since last: 305216982 ns, Reaching safepoint: 15617707 ns, Cleanup: 5158 ns, At safepoint: 179186218 ns, Total: 194809083 ns
[2025-10-13T19:44:43.227-0700][1256 ][info ][safepoint   ] Safepoint "Cleanup", Time since last: 1000090248 ns, Reaching safepoint: 821844 ns, Cleanup: 10285 ns, At safepoint: 223969 ns, Total: 1056098 ns
[2025-10-13T19:44:46.229-0700][1256 ][info ][safepoint   ] Safepoint "Cleanup", Time since last: 3000221378 ns, Reaching safepoint: 1117802 ns, Cleanup: 12769 ns, At safepoint: 551684 ns, Total: 1682255 ns
[2025-10-13T19:44:49.933-0700][1256 ][info ][gc,start    ] GC(238) Pause Young (Mixed) (G1 Evacuation Pause)
[2025-10-13T19:44:49.933-0700][1256 ][info ][gc,task     ] GC(238) Using 113 workers of 113 for evacuation
[2025-10-13T19:44:49.947-0700][1256 ][debug][gc,remset   ] GC(238) Visited cards 10983424 Total dirty 55181312 (19.90%) Total old 413335552 (2.66%)
[2025-10-13T19:44:50.084-0700][1256 ][info ][gc,phases   ] GC(238)   Pre Evacuate Collection Set: 0.7ms
[2025-10-13T19:44:50.084-0700][1256 ][info ][gc,phases   ] GC(238)   Merge Heap Roots: 13.3ms
[2025-10-13T19:44:50.084-0700][1256 ][info ][gc,phases   ] GC(238)   Evacuate Collection Set: 124.9ms
[2025-10-13T19:44:50.084-0700][1256 ][info ][gc,phases   ] GC(238)   Post Evacuate Collection Set: 12.4ms
[2025-10-13T19:44:50.084-0700][1256 ][info ][gc,phases   ] GC(238)   Other: 0.1ms
[2025-10-13T19:44:50.084-0700][1256 ][debug][gc,remset   ] GC(238) Coarsening (recent): Inline->AoC 38057 (0) AoC->Howl 164 (0) Howl->Full 0 (0) Inline->AoC 748 (0) AoC->BitMap 116 (0) BitMap->Full 0 (0) 
[2025-10-13T19:44:50.084-0700][1256 ][debug][gc,remset   ] GC(238) Coarsening (all): Inline->AoC 7085596 (185) AoC->Howl 125480 (697) Howl->Full 0 (0) Inline->AoC 484388 (242) AoC->BitMap 150335 (553) BitMap->Full 19 (0) 
[2025-10-13T19:44:50.084-0700][1256 ][info ][gc,heap     ] GC(238) Eden regions: 2464->0(3097)
[2025-10-13T19:44:50.084-0700][1256 ][info ][gc,heap     ] GC(238) Survivor regions: 213->168(335)
[2025-10-13T19:44:50.084-0700][1256 ][info ][gc,heap     ] GC(238) Old regions: 902->920
[2025-10-13T19:44:50.084-0700][1256 ][info ][gc,heap     ] GC(238) Humongous regions: 7->0
[2025-10-13T19:44:50.084-0700][1256 ][info ][gc,metaspace] GC(238) Metaspace: 320877K(327104K)->320877K(327104K) NonClass: 282469K(285824K)->282469K(285824K) Class: 38407K(41280K)->38407K(41280K)
[2025-10-13T19:44:50.084-0700][1256 ][info ][gc          ] GC(238) Pause Young (Mixed) (G1 Evacuation Pause) 114732M->34794M(184320M) 151.642ms
[2025-10-13T19:44:50.086-0700][1256 ][info ][gc,cpu      ] GC(238) User=15.49s Sys=0.23s Real=0.15s
[2025-10-13T19:44:50.087-0700][1256 ][info ][safepoint   ] Safepoint "G1CollectForAllocation", Time since last: 3701152941 ns, Reaching safepoint: 885920 ns, Cleanup: 4907 ns, At safepoint: 156317522 ns, Total: 157208349 ns
[2025-10-13T19:44:51.120-0700][1256 ][info ][gc,start    ] GC(239) Pause Young (Concurrent Start) (G1 Humongous Allocation)
[2025-10-13T19:44:51.120-0700][1256 ][info ][gc,task     ] GC(239) Using 113 workers of 113 for evacuation
[2025-10-13T19:44:51.132-0700][1256 ][debug][gc,remset   ] GC(239) Visited cards 8364032 Total dirty 56426496 (14.82%) Total old 124125184 (6.74%)
[2025-10-13T19:44:51.227-0700][1256 ][info ][gc,phases   ] GC(239)   Pre Evacuate Collection Set: 1.0ms
[2025-10-13T19:44:51.227-0700][1256 ][info ][gc,phases   ] GC(239)   Merge Heap Roots: 10.8ms
[2025-10-13T19:44:51.227-0700][1256 ][info ][gc,phases   ] GC(239)   Evacuate Collection Set: 86.7ms
[2025-10-13T19:44:51.227-0700][1256 ][info ][gc,phases   ] GC(239)   Post Evacuate Collection Set: 8.2ms
[2025-10-13T19:44:51.227-0700][1256 ][info ][gc,phases   ] GC(239)   Other: 0.1ms
[2025-10-13T19:44:51.227-0700][1256 ][debug][gc,remset   ] GC(239) Coarsening (recent): Inline->AoC 0 (0) AoC->Howl 0 (0) Howl->Full 0 (0) Inline->AoC 0 (0) AoC->BitMap 0 (0) BitMap->Full 0 (0) 
[2025-10-13T19:44:51.227-0700][1256 ][debug][gc,remset   ] GC(239) Coarsening (all): Inline->AoC 7085596 (185) AoC->Howl 125480 (697) Howl->Full 0 (0) Inline->AoC 484388 (242) AoC->BitMap 150335 (553) BitMap->Full 19 (0) 
[2025-10-13T19:44:51.227-0700][1256 ][info ][gc,heap     ] GC(239) Eden regions: 319->0(3298)
[2025-10-13T19:44:51.227-0700][1256 ][info ][gc,heap     ] GC(239) Survivor regions: 168->158(419)
[2025-10-13T19:44:51.227-0700][1256 ][info ][gc,heap     ] GC(239) Old regions: 920->920
[2025-10-13T19:44:51.227-0700][1256 ][info ][gc,heap     ] GC(239) Humongous regions: 0->0
[2025-10-13T19:44:51.227-0700][1256 ][info ][gc,metaspace] GC(239) Metaspace: 320879K(327104K)->320879K(327104K) NonClass: 282471K(285824K)->282471K(285824K) Class: 38407K(41280K)->38407K(41280K)
[2025-10-13T19:44:51.227-0700][1256 ][info ][gc          ] GC(239) Pause Young (Concurrent Start) (G1 Humongous Allocation) 44985M->34467M(184320M) 106.970ms
[2025-10-13T19:44:51.227-0700][1089 ][info ][gc          ] GC(240) Concurrent Mark Cycle
[2025-10-13T19:44:51.227-0700][1089 ][info ][gc,marking  ] GC(240) Concurrent Scan Root Regions
[2025-10-13T19:44:51.229-0700][1256 ][info ][gc,cpu      ] GC(239) User=10.44s Sys=0.07s Real=0.11s
[2025-10-13T19:44:51.231-0700][1256 ][info ][safepoint   ] Safepoint "G1TryInitiateConcMark", Time since last: 1029910571 ns, Reaching safepoint: 1115408 ns, Cleanup: 4687 ns, At safepoint: 112624582 ns, Total: 113744677 ns
[2025-10-13T19:44:51.284-0700][1089 ][info ][gc,marking  ] GC(240) Concurrent Scan Root Regions 56.651ms
[2025-10-13T19:44:51.284-0700][1089 ][info ][gc,marking  ] GC(240) Concurrent Mark
[2025-10-13T19:44:51.284-0700][1089 ][info ][gc,marking  ] GC(240) Concurrent Mark From Roots
[2025-10-13T19:44:51.284-0700][1089 ][info ][gc,task     ] GC(240) Using 36 workers of 36 for marking
[2025-10-13T19:44:51.475-0700][1089 ][info ][gc,marking  ] GC(240) Concurrent Mark From Roots 190.613ms
[2025-10-13T19:44:51.475-0700][1089 ][info ][gc,marking  ] GC(240) Concurrent Preclean
[2025-10-13T19:44:51.489-0700][1089 ][info ][gc,marking  ] GC(240) Concurrent Preclean 14.005ms
[2025-10-13T19:44:51.491-0700][1256 ][info ][gc,start    ] GC(240) Pause Remark
[2025-10-13T19:44:51.704-0700][1256 ][info ][gc,mmu      ] GC(240) MMU target violated: 201.0ms (200.0ms/201.0ms)
[2025-10-13T19:44:51.704-0700][1256 ][info ][gc          ] GC(240) Pause Remark 36874M->36074M(184320M) 213.285ms
[2025-10-13T19:44:51.706-0700][1256 ][info ][gc,cpu      ] GC(240) User=14.73s Sys=0.11s Real=0.21s
[2025-10-13T19:44:51.710-0700][1256 ][info ][safepoint   ] Safepoint "G1PauseRemark", Time since last: 257819908 ns, Reaching safepoint: 655872 ns, Cleanup: 4517 ns, At safepoint: 220282961 ns, Total: 220943350 ns
[2025-10-13T19:44:51.710-0700][1089 ][info ][gc,marking  ] GC(240) Concurrent Mark 425.732ms
[2025-10-13T19:44:51.710-0700][1089 ][info ][gc,marking  ] GC(240) Concurrent Rebuild Remembered Sets and Scrub Regions
[2025-10-13T19:44:52.083-0700][1089 ][info ][gc,marking  ] GC(240) Concurrent Rebuild Remembered Sets and Scrub Regions 373.582ms
[2025-10-13T19:44:52.101-0700][1256 ][info ][gc,start    ] GC(240) Pause Cleanup
[2025-10-13T19:44:52.103-0700][1256 ][info ][gc          ] GC(240) Pause Cleanup 40922M->40922M(184320M) 2.032ms
[2025-10-13T19:44:52.104-0700][1256 ][info ][gc,cpu      ] GC(240) User=0.01s Sys=0.01s Real=0.00s
[2025-10-13T19:44:52.107-0700][1256 ][info ][safepoint   ] Safepoint "G1PauseCleanup", Time since last: 373823532 ns, Reaching safepoint: 15746782 ns, Cleanup: 50567 ns, At safepoint: 7642962 ns, Total: 23440311 ns
[2025-10-13T19:44:52.107-0700][1089 ][info ][gc,marking  ] GC(240) Concurrent Clear Claimed Marks
[2025-10-13T19:44:52.109-0700][1089 ][info ][gc,marking  ] GC(240) Concurrent Clear Claimed Marks 1.583ms
[2025-10-13T19:44:52.109-0700][1089 ][info ][gc,marking  ] GC(240) Concurrent Cleanup for Next Mark
[2025-10-13T19:44:52.146-0700][1089 ][info ][gc,marking  ] GC(240) Concurrent Cleanup for Next Mark 37.355ms
[2025-10-13T19:44:52.146-0700][1089 ][info ][gc          ] GC(240) Concurrent Mark Cycle 918.893ms
[2025-10-13T19:44:58.108-0700][1256 ][info ][safepoint   ] Safepoint "Cleanup", Time since last: 6000406393 ns, Reaching safepoint: 870577 ns, Cleanup: 15924 ns, At safepoint: 233263 ns, Total: 1119764 ns
[2025-10-13T19:45:03.910-0700][1256 ][info ][safepoint   ] Safepoint "Cleanup", Time since last: 5800694967 ns, Reaching safepoint: 825599 ns, Cleanup: 12819 ns, At safepoint: 220524 ns, Total: 1058942 ns
[2025-10-13T19:45:04.028-0700][1256 ][info ][gc,start    ] GC(241) Pause Young (Prepare Mixed) (G1 Evacuation Pause)
[2025-10-13T19:45:04.028-0700][1256 ][info ][gc,task     ] GC(241) Using 113 workers of 113 for evacuation
[2025-10-13T19:45:04.043-0700][1256 ][debug][gc,remset   ] GC(241) Visited cards 8975872 Total dirty 56623104 (15.85%) Total old 510132224 (1.76%)
[2025-10-13T19:45:04.173-0700][1256 ][info ][gc,phases   ] GC(241)   Pre Evacuate Collection Set: 0.7ms
[2025-10-13T19:45:04.173-0700][1256 ][info ][gc,phases   ] GC(241)   Merge Heap Roots: 14.4ms
[2025-10-13T19:45:04.173-0700][1256 ][info ][gc,phases   ] GC(241)   Evacuate Collection Set: 115.6ms
[2025-10-13T19:45:04.173-0700][1256 ][info ][gc,phases   ] GC(241)   Post Evacuate Collection Set: 14.2ms
[2025-10-13T19:45:04.173-0700][1256 ][info ][gc,phases   ] GC(241)   Other: 0.2ms
[2025-10-13T19:45:04.173-0700][1256 ][debug][gc,remset   ] GC(241) Coarsening (recent): Inline->AoC 156182 (0) AoC->Howl 6278 (0) Howl->Full 0 (0) Inline->AoC 24541 (0) AoC->BitMap 7961 (0) BitMap->Full 0 (0) 
[2025-10-13T19:45:04.173-0700][1256 ][debug][gc,remset   ] GC(241) Coarsening (all): Inline->AoC 7241778 (185) AoC->Howl 131758 (697) Howl->Full 0 (0) Inline->AoC 508929 (242) AoC->BitMap 158296 (553) BitMap->Full 19 (0) 
[2025-10-13T19:45:04.173-0700][1256 ][info ][gc,heap     ] GC(241) Eden regions: 3283->0(3273)
[2025-10-13T19:45:04.173-0700][1256 ][info ][gc,heap     ] GC(241) Survivor regions: 158->183(431)
[2025-10-13T19:45:04.173-0700][1256 ][info ][gc,heap     ] GC(241) Old regions: 895->895
[2025-10-13T19:45:04.173-0700][1256 ][info ][gc,heap     ] GC(241) Humongous regions: 7->0
[2025-10-13T19:45:04.173-0700][1256 ][info ][gc,metaspace] GC(241) Metaspace: 320677K(327104K)->320677K(327104K) NonClass: 282291K(285824K)->282291K(285824K) Class: 38385K(41280K)->38385K(41280K)
[2025-10-13T19:45:04.173-0700][1256 ][info ][gc          ] GC(241) Pause Young (Prepare Mixed) (G1 Evacuation Pause) 138947M->34466M(184320M) 145.271ms
[2025-10-13T19:45:04.175-0700][1256 ][info ][gc,cpu      ] GC(241) User=13.40s Sys=0.21s Real=0.15s
[2025-10-13T19:45:04.176-0700][1256 ][info ][safepoint   ] Safepoint "G1CollectForAllocation", Time since last: 115456192 ns, Reaching safepoint: 764677 ns, Cleanup: 4417 ns, At safepoint: 149962119 ns, Total: 150731213 ns
[2025-10-13T19:45:05.178-0700][1256 ][info ][safepoint   ] Safepoint "Cleanup", Time since last: 1000086166 ns, Reaching safepoint: 1593010 ns, Cleanup: 12228 ns, At safepoint: 425174 ns, Total: 2030412 ns
[2025-10-13T19:45:11.180-0700][1256 ][info ][safepoint   ] Safepoint "Cleanup", Time since last: 6000410433 ns, Reaching safepoint: 710705 ns, Cleanup: 11207 ns, At safepoint: 119040 ns, Total: 840952 ns
[2025-10-13T19:45:13.181-0700][1256 ][info ][safepoint   ] Safepoint "Cleanup", Time since last: 2000169177 ns, Reaching safepoint: 820922 ns, Cleanup: 9795 ns, At safepoint: 211169 ns, Total: 1041886 ns
[2025-10-13T19:45:15.079-0700][1256 ][info ][gc,start    ] GC(242) Pause Young (Mixed) (G1 Evacuation Pause)
[2025-10-13T19:45:15.080-0700][1256 ][info ][gc,task     ] GC(242) Using 113 workers of 113 for evacuation
[2025-10-13T19:45:15.094-0700][1256 ][debug][gc,remset   ] GC(242) Visited cards 9065984 Total dirty 54394880 (16.67%) Total old 516358144 (1.76%)
[2025-10-13T19:45:15.221-0700][1256 ][debug][gc,remset   ] GC(242) Visited cards 232192 Total dirty 24248320 (0.96%) Total old 531562496 (0.04%)
[2025-10-13T19:45:15.242-0700][1256 ][info ][gc,phases   ] GC(242)   Pre Evacuate Collection Set: 0.8ms
[2025-10-13T19:45:15.242-0700][1256 ][info ][gc,phases   ] GC(242)   Merge Heap Roots: 13.3ms
[2025-10-13T19:45:15.242-0700][1256 ][info ][gc,phases   ] GC(242)   Evacuate Collection Set: 126.5ms
[2025-10-13T19:45:15.242-0700][1256 ][info ][gc,phases   ] GC(242)   Merge Optional Heap Roots: 0.8ms
[2025-10-13T19:45:15.242-0700][1256 ][info ][gc,phases   ] GC(242)   Evacuate Optional Collection Set: 6.2ms
[2025-10-13T19:45:15.242-0700][1256 ][info ][gc,phases   ] GC(242)   Post Evacuate Collection Set: 14.6ms
[2025-10-13T19:45:15.242-0700][1256 ][info ][gc,phases   ] GC(242)   Other: 0.2ms
[2025-10-13T19:45:15.242-0700][1256 ][debug][gc,remset   ] GC(242) Coarsening (recent): Inline->AoC 28979 (0) AoC->Howl 89 (0) Howl->Full 0 (0) Inline->AoC 422 (0) AoC->BitMap 71 (0) BitMap->Full 0 (0) 
[2025-10-13T19:45:15.242-0700][1256 ][debug][gc,remset   ] GC(242) Coarsening (all): Inline->AoC 7270757 (185) AoC->Howl 131847 (697) Howl->Full 0 (0) Inline->AoC 509351 (242) AoC->BitMap 158367 (553) BitMap->Full 19 (0) 
[2025-10-13T19:45:15.242-0700][1256 ][info ][gc,heap     ] GC(242) Eden regions: 3273->0(2945)
[2025-10-13T19:45:15.242-0700][1256 ][info ][gc,heap     ] GC(242) Survivor regions: 183->221(432)
[2025-10-13T19:45:15.242-0700][1256 ][info ][gc,heap     ] GC(242) Old regions: 895->833
[2025-10-13T19:45:15.242-0700][1256 ][info ][gc,heap     ] GC(242) Humongous regions: 19->0
[2025-10-13T19:45:15.242-0700][1256 ][info ][gc,metaspace] GC(242) Metaspace: 320689K(327104K)->320689K(327104K) NonClass: 282304K(285824K)->282304K(285824K) Class: 38385K(41280K)->38385K(41280K)
[2025-10-13T19:45:15.242-0700][1256 ][info ][gc          ] GC(242) Pause Young (Mixed) (G1 Evacuation Pause) 139810M->33690M(184320M) 162.521ms
[2025-10-13T19:45:15.244-0700][1256 ][info ][gc,cpu      ] GC(242) User=16.40s Sys=0.48s Real=0.17s
[2025-10-13T19:45:15.245-0700][1256 ][info ][safepoint   ] Safepoint "G1CollectForAllocation", Time since last: 1877164984 ns, Reaching safepoint: 19676100 ns, Cleanup: 6880 ns, At safepoint: 167041280 ns, Total: 186724260 ns
[2025-10-13T19:45:16.246-0700][1256 ][info ][safepoint   ] Safepoint "Cleanup", Time since last: 1000080116 ns, Reaching safepoint: 864779 ns, Cleanup: 13049 ns, At safepoint: 698377 ns, Total: 1576205 ns
[2025-10-13T19:45:19.248-0700][1256 ][info ][safepoint   ] Safepoint "Cleanup", Time since last: 3000232338 ns, Reaching safepoint: 788663 ns, Cleanup: 13170 ns, At safepoint: 201495 ns, Total: 1003328 ns
[2025-10-13T19:45:22.249-0700][1256 ][info ][safepoint   ] Safepoint "Cleanup", Time since last: 3000218406 ns, Reaching safepoint: 836225 ns, Cleanup: 15564 ns, At safepoint: 393916 ns, Total: 1245705 ns
[2025-10-13T19:45:23.252-0700][1256 ][info ][safepoint   ] Safepoint "Cleanup", Time since last: 1000123472 ns, Reaching safepoint: 1676917 ns, Cleanup: 28243 ns, At safepoint: 1301199 ns, Total: 3006359 ns
[2025-10-13T19:45:25.255-0700][1256 ][info ][safepoint   ] Safepoint "Cleanup", Time since last: 2000174214 ns, Reaching safepoint: 1812302 ns, Cleanup: 9554 ns, At safepoint: 694762 ns, Total: 2516618 ns
[2025-10-13T19:45:25.858-0700][1256 ][info ][gc,start    ] GC(243) Pause Young (Mixed) (G1 Evacuation Pause)
[2025-10-13T19:45:25.858-0700][1256 ][info ][gc,task     ] GC(243) Using 113 workers of 113 for evacuation
[2025-10-13T19:45:25.873-0700][1256 ][debug][gc,remset   ] GC(243) Visited cards 9155328 Total dirty 51838976 (17.66%) Total old 483459072 (1.89%)
[2025-10-13T19:45:26.059-0700][1256 ][info ][gc,mmu      ] GC(243) MMU target violated: 201.0ms (200.0ms/201.0ms)
[2025-10-13T19:45:26.059-0700][1256 ][info ][gc,phases   ] GC(243)   Pre Evacuate Collection Set: 0.9ms
[2025-10-13T19:45:26.059-0700][1256 ][info ][gc,phases   ] GC(243)   Merge Heap Roots: 14.0ms
[2025-10-13T19:45:26.059-0700][1256 ][info ][gc,phases   ] GC(243)   Evacuate Collection Set: 169.8ms
[2025-10-13T19:45:26.059-0700][1256 ][info ][gc,phases   ] GC(243)   Post Evacuate Collection Set: 16.2ms
[2025-10-13T19:45:26.059-0700][1256 ][info ][gc,phases   ] GC(243)   Other: 0.2ms
[2025-10-13T19:45:26.059-0700][1256 ][debug][gc,remset   ] GC(243) Coarsening (recent): Inline->AoC 35385 (0) AoC->Howl 133 (0) Howl->Full 0 (0) Inline->AoC 593 (0) AoC->BitMap 75 (0) BitMap->Full 0 (0) 
[2025-10-13T19:45:26.059-0700][1256 ][debug][gc,remset   ] GC(243) Coarsening (all): Inline->AoC 7306142 (185) AoC->Howl 131980 (697) Howl->Full 0 (0) Inline->AoC 509944 (242) AoC->BitMap 158442 (553) BitMap->Full 19 (0) 
[2025-10-13T19:45:26.059-0700][1256 ][info ][gc,heap     ] GC(243) Eden regions: 3018->0(2099)
[2025-10-13T19:45:26.059-0700][1256 ][info ][gc,heap     ] GC(243) Survivor regions: 221->267(405)
[2025-10-13T19:45:26.059-0700][1256 ][info ][gc,heap     ] GC(243) Old regions: 833->795
[2025-10-13T19:45:26.059-0700][1256 ][info ][gc,heap     ] GC(243) Humongous regions: 27->0
[2025-10-13T19:45:26.059-0700][1256 ][info ][gc,metaspace] GC(243) Metaspace: 320710K(327104K)->320710K(327104K) NonClass: 282322K(285824K)->282322K(285824K) Class: 38387K(41280K)->38387K(41280K)
[2025-10-13T19:45:26.059-0700][1256 ][info ][gc          ] GC(243) Pause Young (Mixed) (G1 Evacuation Pause) 131130M->33953M(184320M) 201.259ms
[2025-10-13T19:45:26.061-0700][1256 ][info ][gc,cpu      ] GC(243) User=18.84s Sys=0.20s Real=0.21s
[2025-10-13T19:45:26.062-0700][1256 ][info ][safepoint   ] Safepoint "G1CollectForAllocation", Time since last: 593794656 ns, Reaching safepoint: 7402270 ns, Cleanup: 5688 ns, At safepoint: 206287718 ns, Total: 213695676 ns
[2025-10-13T19:45:27.065-0700][1256 ][info ][safepoint   ] Safepoint "Cleanup", Time since last: 1000192818 ns, Reaching safepoint: 1100244 ns, Cleanup: 15203 ns, At safepoint: 1270653 ns, Total: 2386100 ns
[2025-10-13T19:45:29.066-0700][1256 ][info ][safepoint   ] Safepoint "Cleanup", Time since last: 2000166703 ns, Reaching safepoint: 750685 ns, Cleanup: 17056 ns, At safepoint: 351172 ns, Total: 1118913 ns
[2025-10-13T19:45:30.268-0700][1256 ][info ][gc,start    ] GC(244) Pause Young (Mixed) (G1 Evacuation Pause)
[2025-10-13T19:45:30.268-0700][1256 ][info ][gc,task     ] GC(244) Using 113 workers of 113 for evacuation
[2025-10-13T19:45:30.281-0700][1256 ][debug][gc,remset   ] GC(244) Visited cards 8956672 Total dirty 49152000 (18.22%) Total old 386072576 (2.32%)
[2025-10-13T19:45:30.479-0700][1256 ][info ][gc,mmu      ] GC(244) MMU target violated: 201.0ms (200.0ms/201.0ms)
[2025-10-13T19:45:30.479-0700][1256 ][info ][gc,phases   ] GC(244)   Pre Evacuate Collection Set: 0.7ms
[2025-10-13T19:45:30.479-0700][1256 ][info ][gc,phases   ] GC(244)   Merge Heap Roots: 12.3ms
[2025-10-13T19:45:30.479-0700][1256 ][info ][gc,phases   ] GC(244)   Evacuate Collection Set: 181.2ms
[2025-10-13T19:45:30.479-0700][1256 ][info ][gc,phases   ] GC(244)   Post Evacuate Collection Set: 16.0ms
[2025-10-13T19:45:30.479-0700][1256 ][info ][gc,phases   ] GC(244)   Other: 0.2ms
[2025-10-13T19:45:30.479-0700][1256 ][debug][gc,remset   ] GC(244) Coarsening (recent): Inline->AoC 33470 (0) AoC->Howl 166 (0) Howl->Full 0 (0) Inline->AoC 803 (0) AoC->BitMap 114 (0) BitMap->Full 0 (0) 
[2025-10-13T19:45:30.479-0700][1256 ][debug][gc,remset   ] GC(244) Coarsening (all): Inline->AoC 7339612 (185) AoC->Howl 132146 (697) Howl->Full 0 (0) Inline->AoC 510747 (242) AoC->BitMap 158556 (553) BitMap->Full 19 (0) 
[2025-10-13T19:45:30.479-0700][1256 ][info ][gc,heap     ] GC(244) Eden regions: 2251->0(2576)
[2025-10-13T19:45:30.479-0700][1256 ][info ][gc,heap     ] GC(244) Survivor regions: 267->226(315)
[2025-10-13T19:45:30.479-0700][1256 ][info ][gc,heap     ] GC(244) Old regions: 795->849
[2025-10-13T19:45:30.479-0700][1256 ][info ][gc,heap     ] GC(244) Humongous regions: 21->0
[2025-10-13T19:45:30.479-0700][1256 ][info ][gc,metaspace] GC(244) Metaspace: 320728K(327104K)->320728K(327104K) NonClass: 282338K(285824K)->282338K(285824K) Class: 38389K(41280K)->38389K(41280K)
[2025-10-13T19:45:30.479-0700][1256 ][info ][gc          ] GC(244) Pause Young (Mixed) (G1 Evacuation Pause) 106657M->34393M(184320M) 210.666ms
[2025-10-13T19:45:30.481-0700][1256 ][info ][gc,cpu      ] GC(244) User=20.33s Sys=0.15s Real=0.22s
[2025-10-13T19:45:30.482-0700][1256 ][info ][safepoint   ] Safepoint "G1CollectForAllocation", Time since last: 1199273791 ns, Reaching safepoint: 931540 ns, Cleanup: 6740 ns, At safepoint: 215609261 ns, Total: 216547541 ns
[2025-10-13T19:45:32.483-0700][1256 ][info ][safepoint   ] Safepoint "Cleanup", Time since last: 2000125231 ns, Reaching safepoint: 704455 ns, Cleanup: 16776 ns, At safepoint: 149456 ns, Total: 870687 ns
[2025-10-13T19:45:34.485-0700][1256 ][info ][safepoint   ] Safepoint "Cleanup", Time since last: 2000214876 ns, Reaching safepoint: 1097220 ns, Cleanup: 16775 ns, At safepoint: 913062 ns, Total: 2027057 ns
[2025-10-13T19:45:36.131-0700][1256 ][info ][gc,start    ] GC(245) Pause Young (Mixed) (G1 Evacuation Pause)
[2025-10-13T19:45:36.131-0700][1256 ][info ][gc,task     ] GC(245) Using 113 workers of 113 for evacuation
[2025-10-13T19:45:36.145-0700][1256 ][debug][gc,remset   ] GC(245) Visited cards 10109696 Total dirty 52625408 (19.21%) Total old 434372608 (2.33%)
[2025-10-13T19:45:36.319-0700][1256 ][info ][gc,phases   ] GC(245)   Pre Evacuate Collection Set: 0.8ms
[2025-10-13T19:45:36.319-0700][1256 ][info ][gc,phases   ] GC(245)   Merge Heap Roots: 13.3ms
[2025-10-13T19:45:36.319-0700][1256 ][info ][gc,phases   ] GC(245)   Evacuate Collection Set: 159.3ms
[2025-10-13T19:45:36.319-0700][1256 ][info ][gc,phases   ] GC(245)   Post Evacuate Collection Set: 14.7ms
[2025-10-13T19:45:36.319-0700][1256 ][info ][gc,phases   ] GC(245)   Other: 0.2ms
[2025-10-13T19:45:36.319-0700][1256 ][debug][gc,remset   ] GC(245) Coarsening (recent): Inline->AoC 30590 (0) AoC->Howl 390 (0) Howl->Full 0 (0) Inline->AoC 1259 (0) AoC->BitMap 252 (0) BitMap->Full 0 (0) 
[2025-10-13T19:45:36.319-0700][1256 ][debug][gc,remset   ] GC(245) Coarsening (all): Inline->AoC 7370202 (185) AoC->Howl 132536 (697) Howl->Full 0 (0) Inline->AoC 512006 (242) AoC->BitMap 158808 (553) BitMap->Full 19 (0) 
[2025-10-13T19:45:36.319-0700][1256 ][info ][gc,heap     ] GC(245) Eden regions: 2633->0(2815)
[2025-10-13T19:45:36.319-0700][1256 ][info ][gc,heap     ] GC(245) Survivor regions: 226->215(358)
[2025-10-13T19:45:36.319-0700][1256 ][info ][gc,heap     ] GC(245) Old regions: 849->866
[2025-10-13T19:45:36.319-0700][1256 ][info ][gc,heap     ] GC(245) Humongous regions: 22->0
[2025-10-13T19:45:36.319-0700][1256 ][info ][gc,metaspace] GC(245) Metaspace: 320827K(327104K)->320827K(327104K) NonClass: 282424K(285824K)->282424K(285824K) Class: 38403K(41280K)->38403K(41280K)
[2025-10-13T19:45:36.319-0700][1256 ][info ][gc          ] GC(245) Pause Young (Mixed) (G1 Evacuation Pause) 119353M->34587M(184320M) 188.409ms
[2025-10-13T19:45:36.321-0700][1256 ][info ][gc,cpu      ] GC(245) User=17.66s Sys=0.08s Real=0.19s
[2025-10-13T19:45:36.322-0700][1256 ][info ][safepoint   ] Safepoint "G1CollectForAllocation", Time since last: 1642585641 ns, Reaching safepoint: 893432 ns, Cleanup: 11047 ns, At safepoint: 193085153 ns, Total: 193989632 ns
[2025-10-13T19:45:37.323-0700][1256 ][info ][safepoint   ] Safepoint "Cleanup", Time since last: 1000090162 ns, Reaching safepoint: 813630 ns, Cleanup: 14322 ns, At safepoint: 251731 ns, Total: 1079683 ns
[2025-10-13T19:45:39.324-0700][1256 ][info ][safepoint   ] Safepoint "Cleanup", Time since last: 2000140453 ns, Reaching safepoint: 834122 ns, Cleanup: 10476 ns, At safepoint: 241876 ns, Total: 1086474 ns
[2025-10-13T19:45:40.326-0700][1256 ][info ][safepoint   ] Safepoint "Cleanup", Time since last: 1000116812 ns, Reaching safepoint: 827773 ns, Cleanup: 10165 ns, At safepoint: 257600 ns, Total: 1095538 ns
[2025-10-13T19:45:41.327-0700][1256 ][info ][safepoint   ] Safepoint "Cleanup", Time since last: 1000100717 ns, Reaching safepoint: 802995 ns, Cleanup: 16505 ns, At safepoint: 414898 ns, Total: 1234398 ns
[2025-10-13T19:45:44.584-0700][1256 ][info ][gc,start    ] GC(246) Pause Young (Mixed) (G1 Evacuation Pause)
[2025-10-13T19:45:44.584-0700][1256 ][info ][gc,task     ] GC(246) Using 113 workers of 113 for evacuation
[2025-10-13T19:45:44.599-0700][1256 ][debug][gc,remset   ] GC(246) Visited cards 10272256 Total dirty 53673984 (19.14%) Total old 459341824 (2.24%)
[2025-10-13T19:45:44.772-0700][1256 ][info ][gc,phases   ] GC(246)   Pre Evacuate Collection Set: 0.8ms
[2025-10-13T19:45:44.772-0700][1256 ][info ][gc,phases   ] GC(246)   Merge Heap Roots: 13.7ms
[2025-10-13T19:45:44.772-0700][1256 ][info ][gc,phases   ] GC(246)   Evacuate Collection Set: 158.5ms
[2025-10-13T19:45:44.772-0700][1256 ][info ][gc,phases   ] GC(246)   Post Evacuate Collection Set: 14.4ms
[2025-10-13T19:45:44.772-0700][1256 ][info ][gc,phases   ] GC(246)   Other: 0.2ms
[2025-10-13T19:45:44.772-0700][1256 ][debug][gc,remset   ] GC(246) Coarsening (recent): Inline->AoC 45312 (0) AoC->Howl 182 (0) Howl->Full 0 (0) Inline->AoC 632 (0) AoC->BitMap 131 (0) BitMap->Full 0 (0) 
[2025-10-13T19:45:44.772-0700][1256 ][debug][gc,remset   ] GC(246) Coarsening (all): Inline->AoC 7415514 (185) AoC->Howl 132718 (697) Howl->Full 0 (0) Inline->AoC 512638 (242) AoC->BitMap 158939 (553) BitMap->Full 19 (0) 
[2025-10-13T19:45:44.772-0700][1256 ][info ][gc,heap     ] GC(246) Eden regions: 2828->0(2865)
[2025-10-13T19:45:44.772-0700][1256 ][info ][gc,heap     ] GC(246) Survivor regions: 215->207(381)
[2025-10-13T19:45:44.772-0700][1256 ][info ][gc,heap     ] GC(246) Old regions: 866->892
[2025-10-13T19:45:44.772-0700][1256 ][info ][gc,heap     ] GC(246) Humongous regions: 18->0
[2025-10-13T19:45:44.772-0700][1256 ][info ][gc,metaspace] GC(246) Metaspace: 320947K(327104K)->320947K(327104K) NonClass: 282526K(285824K)->282526K(285824K) Class: 38421K(41280K)->38421K(41280K)
[2025-10-13T19:45:44.772-0700][1256 ][info ][gc          ] GC(246) Pause Young (Mixed) (G1 Evacuation Pause) 125659M->35131M(184320M) 187.695ms
[2025-10-13T19:45:44.774-0700][1256 ][info ][gc,cpu      ] GC(246) User=18.17s Sys=0.34s Real=0.19s
[2025-10-13T19:45:44.775-0700][1256 ][info ][safepoint   ] Safepoint "G1CollectForAllocation", Time since last: 3254646841 ns, Reaching safepoint: 942766 ns, Cleanup: 5148 ns, At safepoint: 192364302 ns, Total: 193312216 ns
[2025-10-13T19:45:47.786-0700][1256 ][info ][safepoint   ] Safepoint "Cleanup", Time since last: 3000229417 ns, Reaching safepoint: 9271867 ns, Cleanup: 21532 ns, At safepoint: 1632851 ns, Total: 10926250 ns
[2025-10-13T19:45:48.788-0700][1256 ][info ][safepoint   ] Safepoint "Cleanup", Time since last: 1000109441 ns, Reaching safepoint: 833872 ns, Cleanup: 17436 ns, At safepoint: 822094 ns, Total: 1673402 ns
[2025-10-13T19:45:49.791-0700][1256 ][info ][safepoint   ] Safepoint "Cleanup", Time since last: 1000114879 ns, Reaching safepoint: 1146935 ns, Cleanup: 16806 ns, At safepoint: 1472458 ns, Total: 2636199 ns
[2025-10-13T19:45:51.792-0700][1256 ][info ][safepoint   ] Safepoint "Cleanup", Time since last: 2000176809 ns, Reaching safepoint: 806260 ns, Cleanup: 10826 ns, At safepoint: 880542 ns, Total: 1697628 ns
[2025-10-13T19:45:52.795-0700][1256 ][info ][safepoint   ] Safepoint "Cleanup", Time since last: 1000115020 ns, Reaching safepoint: 852490 ns, Cleanup: 18948 ns, At safepoint: 1132053 ns, Total: 2003491 ns
[2025-10-13T19:45:53.269-0700][1256 ][info ][gc,start    ] GC(247) Pause Young (Mixed) (G1 Evacuation Pause)
[2025-10-13T19:45:53.269-0700][1256 ][info ][gc,task     ] GC(247) Using 113 workers of 113 for evacuation
[2025-10-13T19:45:53.284-0700][1256 ][debug][gc,remset   ] GC(247) Visited cards 11463936 Total dirty 55705600 (20.58%) Total old 469237760 (2.44%)
[2025-10-13T19:45:53.454-0700][1256 ][info ][gc,phases   ] GC(247)   Pre Evacuate Collection Set: 0.8ms
[2025-10-13T19:45:53.454-0700][1256 ][info ][gc,phases   ] GC(247)   Merge Heap Roots: 13.8ms
[2025-10-13T19:45:53.454-0700][1256 ][info ][gc,phases   ] GC(247)   Evacuate Collection Set: 154.0ms
[2025-10-13T19:45:53.454-0700][1256 ][info ][gc,phases   ] GC(247)   Post Evacuate Collection Set: 16.3ms
[2025-10-13T19:45:53.454-0700][1256 ][info ][gc,phases   ] GC(247)   Other: 0.2ms
[2025-10-13T19:45:53.454-0700][1256 ][debug][gc,remset   ] GC(247) Coarsening (recent): Inline->AoC 44310 (0) AoC->Howl 267 (0) Howl->Full 0 (0) Inline->AoC 871 (0) AoC->BitMap 204 (0) BitMap->Full 0 (0) 
[2025-10-13T19:45:53.454-0700][1256 ][debug][gc,remset   ] GC(247) Coarsening (all): Inline->AoC 7459824 (185) AoC->Howl 132985 (697) Howl->Full 0 (0) Inline->AoC 513509 (242) AoC->BitMap 159143 (553) BitMap->Full 19 (0) 
[2025-10-13T19:45:53.454-0700][1256 ][info ][gc,heap     ] GC(247) Eden regions: 2896->0(1815)
[2025-10-13T19:45:53.454-0700][1256 ][info ][gc,heap     ] GC(247) Survivor regions: 207->260(388)
[2025-10-13T19:45:53.454-0700][1256 ][info ][gc,heap     ] GC(247) Old regions: 892->864
[2025-10-13T19:45:53.454-0700][1256 ][info ][gc,heap     ] GC(247) Humongous regions: 23->1
[2025-10-13T19:45:53.454-0700][1256 ][info ][gc,metaspace] GC(247) Metaspace: 320950K(327104K)->320950K(327104K) NonClass: 282528K(285824K)->282528K(285824K) Class: 38421K(41280K)->38421K(41280K)
[2025-10-13T19:45:53.454-0700][1256 ][info ][gc          ] GC(247) Pause Young (Mixed) (G1 Evacuation Pause) 128539M->35987M(184320M) 185.198ms
[2025-10-13T19:45:53.456-0700][1256 ][info ][gc,cpu      ] GC(247) User=17.71s Sys=0.30s Real=0.19s
[2025-10-13T19:45:53.457-0700][1256 ][info ][safepoint   ] Safepoint "G1CollectForAllocation", Time since last: 468066988 ns, Reaching safepoint: 4987746 ns, Cleanup: 4987 ns, At safepoint: 189865780 ns, Total: 194858513 ns
[2025-10-13T19:45:54.459-0700][1256 ][info ][safepoint   ] Safepoint "Cleanup", Time since last: 1000093207 ns, Reaching safepoint: 804106 ns, Cleanup: 12940 ns, At safepoint: 158109 ns, Total: 975155 ns
[2025-10-13T19:45:55.460-0700][1256 ][info ][safepoint   ] Safepoint "Cleanup", Time since last: 1000101660 ns, Reaching safepoint: 780691 ns, Cleanup: 10686 ns, At safepoint: 172501 ns, Total: 963878 ns
[2025-10-13T19:45:56.461-0700][1256 ][info ][safepoint   ] Safepoint "Cleanup", Time since last: 1000111695 ns, Reaching safepoint: 863176 ns, Cleanup: 31868 ns, At safepoint: 795874 ns, Total: 1690918 ns
[2025-10-13T19:45:58.463-0700][1256 ][info ][safepoint   ] Safepoint "Cleanup", Time since last: 2000172282 ns, Reaching safepoint: 893172 ns, Cleanup: 13159 ns, At safepoint: 290440 ns, Total: 1196771 ns
[2025-10-13T19:46:00.473-0700][1256 ][info ][gc,start    ] GC(248) Pause Young (Mixed) (G1 Evacuation Pause)
[2025-10-13T19:46:00.473-0700][1256 ][info ][gc,task     ] GC(248) Using 113 workers of 113 for evacuation
[2025-10-13T19:46:00.487-0700][1256 ][debug][gc,remset   ] GC(248) Visited cards 11019008 Total dirty 54198272 (20.33%) Total old 358612992 (3.07%)
[2025-10-13T19:46:00.667-0700][1256 ][info ][gc,phases   ] GC(248)   Pre Evacuate Collection Set: 0.7ms
[2025-10-13T19:46:00.667-0700][1256 ][info ][gc,phases   ] GC(248)   Merge Heap Roots: 12.9ms
[2025-10-13T19:46:00.667-0700][1256 ][info ][gc,phases   ] GC(248)   Evacuate Collection Set: 167.6ms
[2025-10-13T19:46:00.667-0700][1256 ][info ][gc,phases   ] GC(248)   Post Evacuate Collection Set: 12.6ms
[2025-10-13T19:46:00.667-0700][1256 ][info ][gc,phases   ] GC(248)   Other: 0.2ms
[2025-10-13T19:46:00.667-0700][1256 ][debug][gc,remset   ] GC(248) Coarsening (recent): Inline->AoC 30148 (0) AoC->Howl 186 (0) Howl->Full 0 (0) Inline->AoC 862 (0) AoC->BitMap 115 (0) BitMap->Full 0 (0) 
[2025-10-13T19:46:00.667-0700][1256 ][debug][gc,remset   ] GC(248) Coarsening (all): Inline->AoC 7489972 (185) AoC->Howl 133171 (697) Howl->Full 0 (0) Inline->AoC 514371 (242) AoC->BitMap 159258 (553) BitMap->Full 19 (0) 
[2025-10-13T19:46:00.667-0700][1256 ][info ][gc,heap     ] GC(248) Eden regions: 2014->0(3306)
[2025-10-13T19:46:00.667-0700][1256 ][info ][gc,heap     ] GC(248) Survivor regions: 260->150(285)
[2025-10-13T19:46:00.667-0700][1256 ][info ][gc,heap     ] GC(248) Old regions: 864->977
[2025-10-13T19:46:00.667-0700][1256 ][info ][gc,heap     ] GC(248) Humongous regions: 21->0
[2025-10-13T19:46:00.667-0700][1256 ][info ][gc,metaspace] GC(248) Metaspace: 320961K(327104K)->320961K(327104K) NonClass: 282539K(285824K)->282539K(285824K) Class: 38422K(41280K)->38422K(41280K)
[2025-10-13T19:46:00.667-0700][1256 ][info ][gc          ] GC(248) Pause Young (Mixed) (G1 Evacuation Pause) 101075M->36038M(184320M) 194.175ms
[2025-10-13T19:46:00.669-0700][1256 ][info ][gc,cpu      ] GC(248) User=19.24s Sys=0.21s Real=0.19s
[2025-10-13T19:46:00.671-0700][1256 ][info ][safepoint   ] Safepoint "G1CollectForAllocation", Time since last: 2007993334 ns, Reaching safepoint: 846831 ns, Cleanup: 6950 ns, At safepoint: 198918625 ns, Total: 199772406 ns
[2025-10-13T19:46:01.672-0700][1256 ][info ][safepoint   ] Safepoint "Cleanup", Time since last: 1000089352 ns, Reaching safepoint: 1649104 ns, Cleanup: 13100 ns, At safepoint: 154043 ns, Total: 1816247 ns
[2025-10-13T19:46:02.674-0700][1256 ][info ][safepoint   ] Safepoint "Cleanup", Time since last: 1000106257 ns, Reaching safepoint: 844478 ns, Cleanup: 27491 ns, At safepoint: 272392 ns, Total: 1144361 ns
[2025-10-13T19:46:03.956-0700][1256 ][info ][safepoint   ] Safepoint "Cleanup", Time since last: 1281049183 ns, Reaching safepoint: 817337 ns, Cleanup: 16505 ns, At safepoint: 256197 ns, Total: 1090039 ns
[2025-10-13T19:46:05.958-0700][1256 ][info ][safepoint   ] Safepoint "Cleanup", Time since last: 2000191592 ns, Reaching safepoint: 1034805 ns, Cleanup: 18018 ns, At safepoint: 827692 ns, Total: 1880515 ns
[2025-10-13T19:46:06.960-0700][1256 ][info ][safepoint   ] Safepoint "Cleanup", Time since last: 1000126979 ns, Reaching safepoint: 1076128 ns, Cleanup: 25719 ns, At safepoint: 933592 ns, Total: 2035439 ns
[2025-10-13T19:46:07.961-0700][1256 ][info ][safepoint   ] Safepoint "Cleanup", Time since last: 1000131045 ns, Reaching safepoint: 734601 ns, Cleanup: 21683 ns, At safepoint: 401688 ns, Total: 1157972 ns
[2025-10-13T19:46:08.963-0700][1256 ][info ][safepoint   ] Safepoint "Cleanup", Time since last: 1000122411 ns, Reaching safepoint: 976568 ns, Cleanup: 14362 ns, At safepoint: 318221 ns, Total: 1309151 ns
[2025-10-13T19:46:09.808-0700][1256 ][info ][gc,start    ] GC(249) Pause Young (Mixed) (G1 Evacuation Pause)
[2025-10-13T19:46:09.808-0700][1256 ][info ][gc,task     ] GC(249) Using 113 workers of 113 for evacuation
[2025-10-13T19:46:09.822-0700][1256 ][debug][gc,remset   ] GC(249) Visited cards 9942272 Total dirty 62128128 (16.00%) Total old 519503872 (1.91%)
[2025-10-13T19:46:09.982-0700][1256 ][info ][gc,phases   ] GC(249)   Pre Evacuate Collection Set: 0.7ms
[2025-10-13T19:46:09.982-0700][1256 ][info ][gc,phases   ] GC(249)   Merge Heap Roots: 13.4ms
[2025-10-13T19:46:09.982-0700][1256 ][info ][gc,phases   ] GC(249)   Evacuate Collection Set: 143.7ms
[2025-10-13T19:46:09.982-0700][1256 ][info ][gc,phases   ] GC(249)   Post Evacuate Collection Set: 15.8ms
[2025-10-13T19:46:09.982-0700][1256 ][info ][gc,phases   ] GC(249)   Other: 0.2ms
[2025-10-13T19:46:09.982-0700][1256 ][debug][gc,remset   ] GC(249) Coarsening (recent): Inline->AoC 48692 (0) AoC->Howl 147 (1) Howl->Full 0 (0) Inline->AoC 552 (0) AoC->BitMap 109 (1) BitMap->Full 0 (0) 
[2025-10-13T19:46:09.982-0700][1256 ][debug][gc,remset   ] GC(249) Coarsening (all): Inline->AoC 7538664 (185) AoC->Howl 133318 (698) Howl->Full 0 (0) Inline->AoC 514923 (242) AoC->BitMap 159367 (554) BitMap->Full 19 (0) 
[2025-10-13T19:46:09.982-0700][1256 ][info ][gc,heap     ] GC(249) Eden regions: 3306->0(3065)
[2025-10-13T19:46:09.982-0700][1256 ][info ][gc,heap     ] GC(249) Survivor regions: 150->220(432)
[2025-10-13T19:46:09.982-0700][1256 ][info ][gc,heap     ] GC(249) Old regions: 977->983
[2025-10-13T19:46:09.982-0700][1256 ][info ][gc,heap     ] GC(249) Humongous regions: 25->0
[2025-10-13T19:46:09.982-0700][1256 ][info ][gc,metaspace] GC(249) Metaspace: 321019K(327168K)->321019K(327168K) NonClass: 282590K(285888K)->282590K(285888K) Class: 38429K(41280K)->38429K(41280K)
[2025-10-13T19:46:09.982-0700][1256 ][info ][gc          ] GC(249) Pause Young (Mixed) (G1 Evacuation Pause) 142630M->38466M(184320M) 173.958ms
[2025-10-13T19:46:09.984-0700][1256 ][info ][gc,cpu      ] GC(249) User=16.16s Sys=0.33s Real=0.18s
[2025-10-13T19:46:09.985-0700][1256 ][info ][safepoint   ] Safepoint "G1CollectForAllocation", Time since last: 842336430 ns, Reaching safepoint: 1070339 ns, Cleanup: 7351 ns, At safepoint: 178910285 ns, Total: 179987975 ns
[2025-10-13T19:46:09.990-0700][1256 ][info ][gc,start    ] GC(250) Pause Young (Concurrent Start) (G1 Humongous Allocation)
[2025-10-13T19:46:09.990-0700][1256 ][info ][gc,task     ] GC(250) Using 113 workers of 113 for evacuation
[2025-10-13T19:46:09.996-0700][1256 ][debug][gc,remset   ] GC(250) Visited cards 8114176 Total dirty 60358656 (13.44%) Total old 95354880 (8.51%)
[2025-10-13T19:46:10.124-0700][1256 ][info ][gc,phases   ] GC(250)   Pre Evacuate Collection Set: 0.9ms
[2025-10-13T19:46:10.124-0700][1256 ][info ][gc,phases   ] GC(250)   Merge Heap Roots: 5.5ms
[2025-10-13T19:46:10.124-0700][1256 ][info ][gc,phases   ] GC(250)   Evacuate Collection Set: 118.3ms
[2025-10-13T19:46:10.124-0700][1256 ][info ][gc,phases   ] GC(250)   Post Evacuate Collection Set: 9.1ms
[2025-10-13T19:46:10.124-0700][1256 ][info ][gc,phases   ] GC(250)   Other: 0.1ms
[2025-10-13T19:46:10.124-0700][1256 ][debug][gc,remset   ] GC(250) Coarsening (recent): Inline->AoC 0 (0) AoC->Howl 0 (0) Howl->Full 0 (0) Inline->AoC 0 (0) AoC->BitMap 0 (0) BitMap->Full 0 (0) 
[2025-10-13T19:46:10.124-0700][1256 ][debug][gc,remset   ] GC(250) Coarsening (all): Inline->AoC 7538664 (185) AoC->Howl 133318 (698) Howl->Full 0 (0) Inline->AoC 514923 (242) AoC->BitMap 159367 (554) BitMap->Full 19 (0) 
[2025-10-13T19:46:10.124-0700][1256 ][info ][gc,heap     ] GC(250) Eden regions: 16->0(3237)
[2025-10-13T19:46:10.124-0700][1256 ][info ][gc,heap     ] GC(250) Survivor regions: 220->219(432)
[2025-10-13T19:46:10.124-0700][1256 ][info ][gc,heap     ] GC(250) Old regions: 983->983
[2025-10-13T19:46:10.124-0700][1256 ][info ][gc,heap     ] GC(250) Humongous regions: 0->0
[2025-10-13T19:46:10.124-0700][1256 ][info ][gc,metaspace] GC(250) Metaspace: 321019K(327168K)->321019K(327168K) NonClass: 282590K(285888K)->282590K(285888K) Class: 38429K(41280K)->38429K(41280K)
[2025-10-13T19:46:10.124-0700][1256 ][info ][gc          ] GC(250) Pause Young (Concurrent Start) (G1 Humongous Allocation) 38961M->38450M(184320M) 134.038ms
[2025-10-13T19:46:10.124-0700][1089 ][info ][gc          ] GC(251) Concurrent Mark Cycle
[2025-10-13T19:46:10.124-0700][1089 ][info ][gc,marking  ] GC(251) Concurrent Scan Root Regions
[2025-10-13T19:46:10.126-0700][1256 ][info ][gc,cpu      ] GC(250) User=12.48s Sys=0.00s Real=0.14s
[2025-10-13T19:46:10.127-0700][1256 ][info ][safepoint   ] Safepoint "G1TryInitiateConcMark", Time since last: 2549768 ns, Reaching safepoint: 670965 ns, Cleanup: 2684 ns, At safepoint: 138734807 ns, Total: 139408456 ns
[2025-10-13T19:46:10.213-0700][1089 ][info ][gc,marking  ] GC(251) Concurrent Scan Root Regions 88.706ms
[2025-10-13T19:46:10.213-0700][1089 ][info ][gc,marking  ] GC(251) Concurrent Mark
[2025-10-13T19:46:10.213-0700][1089 ][info ][gc,marking  ] GC(251) Concurrent Mark From Roots
[2025-10-13T19:46:10.213-0700][1089 ][info ][gc,task     ] GC(251) Using 36 workers of 36 for marking
[2025-10-13T19:46:10.419-0700][1089 ][info ][gc,marking  ] GC(251) Concurrent Mark From Roots 206.380ms
[2025-10-13T19:46:10.420-0700][1089 ][info ][gc,marking  ] GC(251) Concurrent Preclean
[2025-10-13T19:46:10.436-0700][1089 ][info ][gc,marking  ] GC(251) Concurrent Preclean 15.977ms
[2025-10-13T19:46:10.438-0700][1256 ][info ][gc,start    ] GC(251) Pause Remark
[2025-10-13T19:46:10.606-0700][1256 ][info ][gc          ] GC(251) Pause Remark 43887M->43663M(184320M) 167.807ms
[2025-10-13T19:46:10.608-0700][1256 ][info ][gc,cpu      ] GC(251) User=14.67s Sys=0.06s Real=0.17s
[2025-10-13T19:46:10.610-0700][1256 ][info ][safepoint   ] Safepoint "G1PauseRemark", Time since last: 308510139 ns, Reaching safepoint: 879701 ns, Cleanup: 21292 ns, At safepoint: 173289460 ns, Total: 174190453 ns
[2025-10-13T19:46:10.611-0700][1089 ][info ][gc,marking  ] GC(251) Concurrent Mark 397.492ms
[2025-10-13T19:46:10.611-0700][1089 ][info ][gc,marking  ] GC(251) Concurrent Rebuild Remembered Sets and Scrub Regions
[2025-10-13T19:46:10.997-0700][1089 ][info ][gc,marking  ] GC(251) Concurrent Rebuild Remembered Sets and Scrub Regions 385.917ms
[2025-10-13T19:46:10.999-0700][1256 ][info ][gc,start    ] GC(251) Pause Cleanup
[2025-10-13T19:46:11.001-0700][1256 ][info ][gc          ] GC(251) Pause Cleanup 49698M->49698M(184320M) 1.943ms
[2025-10-13T19:46:11.003-0700][1256 ][info ][gc,cpu      ] GC(251) User=0.01s Sys=0.00s Real=0.01s
[2025-10-13T19:46:11.004-0700][1256 ][info ][safepoint   ] Safepoint "G1PauseCleanup", Time since last: 386912899 ns, Reaching safepoint: 1036028 ns, Cleanup: 31557 ns, At safepoint: 5905296 ns, Total: 6972881 ns
[2025-10-13T19:46:11.004-0700][1089 ][info ][gc,marking  ] GC(251) Concurrent Clear Claimed Marks
[2025-10-13T19:46:11.005-0700][1089 ][info ][gc,marking  ] GC(251) Concurrent Clear Claimed Marks 1.249ms
[2025-10-13T19:46:11.005-0700][1089 ][info ][gc,marking  ] GC(251) Concurrent Cleanup for Next Mark
[2025-10-13T19:46:11.040-0700][1089 ][info ][gc,marking  ] GC(251) Concurrent Cleanup for Next Mark 35.198ms
[2025-10-13T19:46:11.040-0700][1089 ][info ][gc          ] GC(251) Concurrent Mark Cycle 916.055ms
[2025-10-13T19:46:13.005-0700][1256 ][info ][safepoint   ] Safepoint "Cleanup", Time since last: 2000169328 ns, Reaching safepoint: 865670 ns, Cleanup: 17937 ns, At safepoint: 209307 ns, Total: 1092914 ns
[2025-10-13T19:46:15.006-0700][1256 ][info ][safepoint   ] Safepoint "Cleanup", Time since last: 2000166574 ns, Reaching safepoint: 797677 ns, Cleanup: 17637 ns, At safepoint: 140883 ns, Total: 956197 ns
[2025-10-13T19:46:18.008-0700][1256 ][info ][safepoint   ] Safepoint "Cleanup", Time since last: 3000223998 ns, Reaching safepoint: 862795 ns, Cleanup: 20722 ns, At safepoint: 748933 ns, Total: 1632450 ns
[2025-10-13T19:46:19.010-0700][1256 ][info ][safepoint   ] Safepoint "Cleanup", Time since last: 1000131305 ns, Reaching safepoint: 936968 ns, Cleanup: 13320 ns, At safepoint: 687790 ns, Total: 1638078 ns
[2025-10-13T19:46:19.168-0700][1256 ][info ][gc,start    ] GC(252) Pause Young (Prepare Mixed) (G1 Evacuation Pause)
[2025-10-13T19:46:19.168-0700][1256 ][info ][gc,task     ] GC(252) Using 113 workers of 113 for evacuation
[2025-10-13T19:46:19.184-0700][1256 ][debug][gc,remset   ] GC(252) Visited cards 9313792 Total dirty 62390272 (14.93%) Total old 518520832 (1.80%)
[2025-10-13T19:46:19.340-0700][1256 ][info ][gc,phases   ] GC(252)   Pre Evacuate Collection Set: 0.8ms
[2025-10-13T19:46:19.340-0700][1256 ][info ][gc,phases   ] GC(252)   Merge Heap Roots: 15.2ms
[2025-10-13T19:46:19.340-0700][1256 ][info ][gc,phases   ] GC(252)   Evacuate Collection Set: 142.1ms
[2025-10-13T19:46:19.340-0700][1256 ][info ][gc,phases   ] GC(252)   Post Evacuate Collection Set: 14.3ms
[2025-10-13T19:46:19.340-0700][1256 ][info ][gc,phases   ] GC(252)   Other: 0.2ms
[2025-10-13T19:46:19.340-0700][1256 ][debug][gc,remset   ] GC(252) Coarsening (recent): Inline->AoC 128668 (0) AoC->Howl 4470 (1) Howl->Full 0 (0) Inline->AoC 17458 (1) AoC->BitMap 5102 (0) BitMap->Full 0 (0) 
[2025-10-13T19:46:19.340-0700][1256 ][debug][gc,remset   ] GC(252) Coarsening (all): Inline->AoC 7667332 (185) AoC->Howl 137788 (699) Howl->Full 0 (0) Inline->AoC 532381 (243) AoC->BitMap 164469 (554) BitMap->Full 19 (0) 
[2025-10-13T19:46:19.340-0700][1256 ][info ][gc,heap     ] GC(252) Eden regions: 3237->0(2912)
[2025-10-13T19:46:19.340-0700][1256 ][info ][gc,heap     ] GC(252) Survivor regions: 219->226(432)
[2025-10-13T19:46:19.340-0700][1256 ][info ][gc,heap     ] GC(252) Old regions: 976->976
[2025-10-13T19:46:19.340-0700][1256 ][info ][gc,heap     ] GC(252) Humongous regions: 24->0
[2025-10-13T19:46:19.340-0700][1256 ][info ][gc,metaspace] GC(252) Metaspace: 320968K(327168K)->320968K(327168K) NonClass: 282552K(285888K)->282552K(285888K) Class: 38416K(41280K)->38416K(41280K)
[2025-10-13T19:46:19.340-0700][1256 ][info ][gc          ] GC(252) Pause Young (Prepare Mixed) (G1 Evacuation Pause) 142578M->38450M(184320M) 172.764ms
[2025-10-13T19:46:19.342-0700][1256 ][info ][gc,cpu      ] GC(252) User=16.11s Sys=0.04s Real=0.18s
[2025-10-13T19:46:19.344-0700][1256 ][info ][safepoint   ] Safepoint "G1CollectForAllocation", Time since last: 155326411 ns, Reaching safepoint: 887042 ns, Cleanup: 5158 ns, At safepoint: 177617359 ns, Total: 178509559 ns
[2025-10-13T19:46:20.346-0700][1256 ][info ][safepoint   ] Safepoint "Cleanup", Time since last: 1000104534 ns, Reaching safepoint: 1700743 ns, Cleanup: 14482 ns, At safepoint: 659458 ns, Total: 2374683 ns
[2025-10-13T19:46:22.348-0700][1256 ][info ][safepoint   ] Safepoint "Cleanup", Time since last: 2000186154 ns, Reaching safepoint: 839460 ns, Cleanup: 17827 ns, At safepoint: 551064 ns, Total: 1408351 ns
[2025-10-13T19:46:25.349-0700][1256 ][info ][safepoint   ] Safepoint "Cleanup", Time since last: 3000248916 ns, Reaching safepoint: 888614 ns, Cleanup: 17767 ns, At safepoint: 295647 ns, Total: 1202028 ns
[2025-10-13T19:46:26.351-0700][1256 ][info ][safepoint   ] Safepoint "Cleanup", Time since last: 1000115652 ns, Reaching safepoint: 1751109 ns, Cleanup: 12589 ns, At safepoint: 526617 ns, Total: 2290315 ns
[2025-10-13T19:46:27.590-0700][1256 ][info ][gc,start    ] GC(253) Pause Young (Mixed) (G1 Evacuation Pause)
[2025-10-13T19:46:27.590-0700][1256 ][info ][gc,task     ] GC(253) Using 113 workers of 113 for evacuation
[2025-10-13T19:46:27.604-0700][1256 ][debug][gc,remset   ] GC(253) Visited cards 9172224 Total dirty 59572224 (15.40%) Total old 510394368 (1.80%)
[2025-10-13T19:46:27.777-0700][1256 ][info ][gc,phases   ] GC(253)   Pre Evacuate Collection Set: 0.7ms
[2025-10-13T19:46:27.777-0700][1256 ][info ][gc,phases   ] GC(253)   Merge Heap Roots: 13.1ms
[2025-10-13T19:46:27.777-0700][1256 ][info ][gc,phases   ] GC(253)   Evacuate Collection Set: 159.1ms
[2025-10-13T19:46:27.777-0700][1256 ][info ][gc,phases   ] GC(253)   Post Evacuate Collection Set: 14.2ms
[2025-10-13T19:46:27.777-0700][1256 ][info ][gc,phases   ] GC(253)   Other: 0.2ms
[2025-10-13T19:46:27.777-0700][1256 ][debug][gc,remset   ] GC(253) Coarsening (recent): Inline->AoC 11687 (0) AoC->Howl 125 (0) Howl->Full 0 (0) Inline->AoC 671 (0) AoC->BitMap 40 (0) BitMap->Full 0 (0) 
[2025-10-13T19:46:27.777-0700][1256 ][debug][gc,remset   ] GC(253) Coarsening (all): Inline->AoC 7679019 (185) AoC->Howl 137913 (699) Howl->Full 0 (0) Inline->AoC 533052 (243) AoC->BitMap 164509 (554) BitMap->Full 19 (0) 
[2025-10-13T19:46:27.777-0700][1256 ][info ][gc,heap     ] GC(253) Eden regions: 3145->0(2105)
[2025-10-13T19:46:27.777-0700][1256 ][info ][gc,heap     ] GC(253) Survivor regions: 226->252(422)
[2025-10-13T19:46:27.777-0700][1256 ][info ][gc,heap     ] GC(253) Old regions: 976->920
[2025-10-13T19:46:27.777-0700][1256 ][info ][gc,heap     ] GC(253) Humongous regions: 14->0
[2025-10-13T19:46:27.777-0700][1256 ][info ][gc,metaspace] GC(253) Metaspace: 320992K(327168K)->320992K(327168K) NonClass: 282574K(285888K)->282574K(285888K) Class: 38418K(41280K)->38418K(41280K)
[2025-10-13T19:46:27.777-0700][1256 ][info ][gc          ] GC(253) Pause Young (Mixed) (G1 Evacuation Pause) 139538M->37483M(184320M) 187.524ms
[2025-10-13T19:46:27.779-0700][1256 ][info ][gc,cpu      ] GC(253) User=17.28s Sys=0.06s Real=0.19s
[2025-10-13T19:46:27.780-0700][1256 ][info ][safepoint   ] Safepoint "G1CollectForAllocation", Time since last: 1235184488 ns, Reaching safepoint: 1172945 ns, Cleanup: 8273 ns, At safepoint: 192430051 ns, Total: 193611269 ns
[2025-10-13T19:46:29.781-0700][1256 ][info ][safepoint   ] Safepoint "Cleanup", Time since last: 2000150190 ns, Reaching safepoint: 780631 ns, Cleanup: 12979 ns, At safepoint: 168435 ns, Total: 962045 ns
[2025-10-13T19:46:30.783-0700][1256 ][info ][safepoint   ] Safepoint "Cleanup", Time since last: 1000114079 ns, Reaching safepoint: 883567 ns, Cleanup: 19550 ns, At safepoint: 315928 ns, Total: 1219045 ns
[2025-10-13T19:46:36.578-0700][1256 ][info ][gc,start    ] GC(254) Pause Young (Mixed) (G1 Evacuation Pause)
[2025-10-13T19:46:36.578-0700][1256 ][info ][gc,task     ] GC(254) Using 113 workers of 113 for evacuation
[2025-10-13T19:46:36.592-0700][1256 ][debug][gc,remset   ] GC(254) Visited cards 9078016 Total dirty 56098816 (16.18%) Total old 410386432 (2.21%)
[2025-10-13T19:46:36.743-0700][1256 ][info ][gc,phases   ] GC(254)   Pre Evacuate Collection Set: 0.8ms
[2025-10-13T19:46:36.743-0700][1256 ][info ][gc,phases   ] GC(254)   Merge Heap Roots: 13.7ms
[2025-10-13T19:46:36.743-0700][1256 ][info ][gc,phases   ] GC(254)   Evacuate Collection Set: 134.3ms
[2025-10-13T19:46:36.743-0700][1256 ][info ][gc,phases   ] GC(254)   Post Evacuate Collection Set: 15.8ms
[2025-10-13T19:46:36.743-0700][1256 ][info ][gc,phases   ] GC(254)   Other: 0.2ms
[2025-10-13T19:46:36.743-0700][1256 ][debug][gc,remset   ] GC(254) Coarsening (recent): Inline->AoC 25381 (0) AoC->Howl 119 (0) Howl->Full 0 (0) Inline->AoC 571 (0) AoC->BitMap 65 (0) BitMap->Full 0 (0) 
[2025-10-13T19:46:36.743-0700][1256 ][debug][gc,remset   ] GC(254) Coarsening (all): Inline->AoC 7704400 (185) AoC->Howl 138032 (699) Howl->Full 0 (0) Inline->AoC 533623 (243) AoC->BitMap 164574 (554) BitMap->Full 19 (0) 
[2025-10-13T19:46:36.743-0700][1256 ][info ][gc,heap     ] GC(254) Eden regions: 2386->0(3286)
[2025-10-13T19:46:36.743-0700][1256 ][info ][gc,heap     ] GC(254) Survivor regions: 252->170(330)
[2025-10-13T19:46:36.743-0700][1256 ][info ][gc,heap     ] GC(254) Old regions: 920->936
[2025-10-13T19:46:36.743-0700][1256 ][info ][gc,heap     ] GC(254) Humongous regions: 10->0
[2025-10-13T19:46:36.743-0700][1256 ][info ][gc,metaspace] GC(254) Metaspace: 321021K(327168K)->321021K(327168K) NonClass: 282602K(285888K)->282602K(285888K) Class: 38418K(41280K)->38418K(41280K)
[2025-10-13T19:46:36.743-0700][1256 ][info ][gc          ] GC(254) Pause Young (Mixed) (G1 Evacuation Pause) 114155M->35351M(184320M) 164.929ms
[2025-10-13T19:46:36.744-0700][1256 ][info ][gc,cpu      ] GC(254) User=16.96s Sys=0.05s Real=0.17s
[2025-10-13T19:46:36.746-0700][1256 ][info ][safepoint   ] Safepoint "G1CollectForAllocation", Time since last: 5792474175 ns, Reaching safepoint: 833140 ns, Cleanup: 16385 ns, At safepoint: 169669633 ns, Total: 170519158 ns
[2025-10-13T19:46:37.747-0700][1256 ][info ][safepoint   ] Safepoint "Cleanup", Time since last: 1000086607 ns, Reaching safepoint: 843927 ns, Cleanup: 20842 ns, At safepoint: 474588 ns, Total: 1339357 ns
[2025-10-13T19:46:38.749-0700][1256 ][info ][safepoint   ] Safepoint "Cleanup", Time since last: 1000101870 ns, Reaching safepoint: 907043 ns, Cleanup: 24757 ns, At safepoint: 927253 ns, Total: 1859053 ns
[2025-10-13T19:46:39.751-0700][1256 ][info ][safepoint   ] Safepoint "Cleanup", Time since last: 1000109652 ns, Reaching safepoint: 868224 ns, Cleanup: 15293 ns, At safepoint: 779490 ns, Total: 1663007 ns
[2025-10-13T19:46:40.753-0700][1256 ][info ][safepoint   ] Safepoint "Cleanup", Time since last: 1000108740 ns, Reaching safepoint: 888635 ns, Cleanup: 11297 ns, At safepoint: 858970 ns, Total: 1758902 ns
[2025-10-13T19:46:41.755-0700][1256 ][info ][safepoint   ] Safepoint "Cleanup", Time since last: 1000114980 ns, Reaching safepoint: 1425056 ns, Cleanup: 21933 ns, At safepoint: 750306 ns, Total: 2197295 ns
[2025-10-13T19:46:42.758-0700][1256 ][info ][safepoint   ] Safepoint "Cleanup", Time since last: 1000120017 ns, Reaching safepoint: 981736 ns, Cleanup: 13721 ns, At safepoint: 1811581 ns, Total: 2807038 ns
[2025-10-13T19:46:43.760-0700][1256 ][info ][safepoint   ] Safepoint "Cleanup", Time since last: 1000115661 ns, Reaching safepoint: 771878 ns, Cleanup: 11467 ns, At safepoint: 773511 ns, Total: 1556856 ns
[2025-10-13T19:46:44.761-0700][1256 ][info ][safepoint   ] Safepoint "Cleanup", Time since last: 1000108009 ns, Reaching safepoint: 849566 ns, Cleanup: 23926 ns, At safepoint: 718667 ns, Total: 1592159 ns
[2025-10-13T19:46:46.763-0700][1256 ][info ][safepoint   ] Safepoint "Cleanup", Time since last: 2000181768 ns, Reaching safepoint: 863707 ns, Cleanup: 18928 ns, At safepoint: 768764 ns, Total: 1651399 ns
[2025-10-13T19:46:47.765-0700][1256 ][info ][safepoint   ] Safepoint "Cleanup", Time since last: 1000136112 ns, Reaching safepoint: 1174697 ns, Cleanup: 15433 ns, At safepoint: 695903 ns, Total: 1886033 ns
[2025-10-13T19:46:48.951-0700][1256 ][info ][safepoint   ] Safepoint "Cleanup", Time since last: 1184938232 ns, Reaching safepoint: 758488 ns, Cleanup: 23135 ns, At safepoint: 210849 ns, Total: 992472 ns
[2025-10-13T19:46:49.023-0700][1256 ][info ][gc,start    ] GC(255) Pause Young (Mixed) (G1 Evacuation Pause)
[2025-10-13T19:46:49.024-0700][1256 ][info ][gc,task     ] GC(255) Using 113 workers of 113 for evacuation
[2025-10-13T19:46:49.039-0700][1256 ][debug][gc,remset   ] GC(255) Visited cards 10128384 Total dirty 48562176 (20.86%) Total old 528351232 (1.92%)
[2025-10-13T19:46:49.182-0700][1256 ][debug][gc,remset   ] GC(255) Visited cards 1618176 Total dirty 42532864 (3.80%) Total old 546439168 (0.30%)
[2025-10-13T19:46:49.209-0700][1256 ][info ][gc,phases   ] GC(255)   Pre Evacuate Collection Set: 0.8ms
[2025-10-13T19:46:49.209-0700][1256 ][info ][gc,phases   ] GC(255)   Merge Heap Roots: 14.6ms
[2025-10-13T19:46:49.209-0700][1256 ][info ][gc,phases   ] GC(255)   Evacuate Collection Set: 141.8ms
[2025-10-13T19:46:49.209-0700][1256 ][info ][gc,phases   ] GC(255)   Merge Optional Heap Roots: 0.8ms
[2025-10-13T19:46:49.209-0700][1256 ][info ][gc,phases   ] GC(255)   Evacuate Optional Collection Set: 8.3ms
[2025-10-13T19:46:49.209-0700][1256 ][info ][gc,phases   ] GC(255)   Post Evacuate Collection Set: 18.4ms
[2025-10-13T19:46:49.209-0700][1256 ][info ][gc,phases   ] GC(255)   Other: 0.2ms
[2025-10-13T19:46:49.209-0700][1256 ][debug][gc,remset   ] GC(255) Coarsening (recent): Inline->AoC 28315 (0) AoC->Howl 418 (0) Howl->Full 0 (0) Inline->AoC 1472 (0) AoC->BitMap 274 (0) BitMap->Full 0 (0) 
[2025-10-13T19:46:49.209-0700][1256 ][debug][gc,remset   ] GC(255) Coarsening (all): Inline->AoC 7732715 (185) AoC->Howl 138450 (699) Howl->Full 0 (0) Inline->AoC 535095 (243) AoC->BitMap 164848 (554) BitMap->Full 19 (0) 
[2025-10-13T19:46:49.209-0700][1256 ][info ][gc,heap     ] GC(255) Eden regions: 3286->0(2432)
[2025-10-13T19:46:49.209-0700][1256 ][info ][gc,heap     ] GC(255) Survivor regions: 170->225(432)
[2025-10-13T19:46:49.209-0700][1256 ][info ][gc,heap     ] GC(255) Old regions: 936->721
[2025-10-13T19:46:49.209-0700][1256 ][info ][gc,heap     ] GC(255) Humongous regions: 18->0
[2025-10-13T19:46:49.209-0700][1256 ][info ][gc,metaspace] GC(255) Metaspace: 321229K(327360K)->321229K(327360K) NonClass: 282786K(286080K)->282786K(286080K) Class: 38443K(41280K)->38443K(41280K)
[2025-10-13T19:46:49.209-0700][1256 ][info ][gc          ] GC(255) Pause Young (Mixed) (G1 Evacuation Pause) 141079M->30246M(184320M) 185.187ms
[2025-10-13T19:46:49.210-0700][1256 ][info ][gc,cpu      ] GC(255) User=18.36s Sys=0.20s Real=0.19s
[2025-10-13T19:46:49.212-0700][1256 ][info ][safepoint   ] Safepoint "G1CollectForAllocation", Time since last: 69812782 ns, Reaching safepoint: 866070 ns, Cleanup: 11137 ns, At safepoint: 189841816 ns, Total: 190719023 ns
[2025-10-13T19:46:51.213-0700][1256 ][info ][safepoint   ] Safepoint "Cleanup", Time since last: 2000147185 ns, Reaching safepoint: 1286286 ns, Cleanup: 21342 ns, At safepoint: 311642 ns, Total: 1619270 ns
[2025-10-13T19:46:52.215-0700][1256 ][info ][safepoint   ] Safepoint "Cleanup", Time since last: 1000115671 ns, Reaching safepoint: 912541 ns, Cleanup: 53431 ns, At safepoint: 522190 ns, Total: 1488162 ns
[2025-10-13T19:46:53.216-0700][1256 ][info ][safepoint   ] Safepoint "Cleanup", Time since last: 1000112536 ns, Reaching safepoint: 850607 ns, Cleanup: 27432 ns, At safepoint: 350991 ns, Total: 1229030 ns
[2025-10-13T19:46:54.222-0700][1256 ][info ][safepoint   ] Safepoint "Cleanup", Time since last: 1000098255 ns, Reaching safepoint: 3972160 ns, Cleanup: 13811 ns, At safepoint: 1528392 ns, Total: 5514363 ns
[2025-10-13T19:46:55.225-0700][1256 ][info ][safepoint   ] Safepoint "Cleanup", Time since last: 1000122061 ns, Reaching safepoint: 1014095 ns, Cleanup: 26710 ns, At safepoint: 1562414 ns, Total: 2603219 ns
[2025-10-13T19:46:56.228-0700][1256 ][info ][safepoint   ] Safepoint "Cleanup", Time since last: 1000108070 ns, Reaching safepoint: 988656 ns, Cleanup: 21973 ns, At safepoint: 2158366 ns, Total: 3168995 ns
[2025-10-13T19:46:57.117-0700][1256 ][info ][gc,start    ] GC(256) Pause Young (Mixed) (G1 Evacuation Pause)
[2025-10-13T19:46:57.118-0700][1256 ][info ][gc,task     ] GC(256) Using 113 workers of 113 for evacuation
[2025-10-13T19:46:57.131-0700][1256 ][debug][gc,remset   ] GC(256) Visited cards 9676032 Total dirty 43843584 (22.07%) Total old 431751168 (2.24%)
[2025-10-13T19:46:57.308-0700][1256 ][info ][gc,phases   ] GC(256)   Pre Evacuate Collection Set: 0.8ms
[2025-10-13T19:46:57.308-0700][1256 ][info ][gc,phases   ] GC(256)   Merge Heap Roots: 12.7ms
[2025-10-13T19:46:57.308-0700][1256 ][info ][gc,phases   ] GC(256)   Evacuate Collection Set: 160.5ms
[2025-10-13T19:46:57.308-0700][1256 ][info ][gc,phases   ] GC(256)   Post Evacuate Collection Set: 16.1ms
[2025-10-13T19:46:57.308-0700][1256 ][info ][gc,phases   ] GC(256)   Other: 0.2ms
[2025-10-13T19:46:57.308-0700][1256 ][debug][gc,remset   ] GC(256) Coarsening (recent): Inline->AoC 37093 (0) AoC->Howl 272 (0) Howl->Full 0 (0) Inline->AoC 1106 (0) AoC->BitMap 188 (0) BitMap->Full 0 (0) 
[2025-10-13T19:46:57.308-0700][1256 ][debug][gc,remset   ] GC(256) Coarsening (all): Inline->AoC 7769808 (185) AoC->Howl 138722 (699) Howl->Full 0 (0) Inline->AoC 536201 (243) AoC->BitMap 165036 (554) BitMap->Full 19 (0) 
[2025-10-13T19:46:57.308-0700][1256 ][info ][gc,heap     ] GC(256) Eden regions: 2672->0(2459)
[2025-10-13T19:46:57.308-0700][1256 ][info ][gc,heap     ] GC(256) Survivor regions: 225->226(363)
[2025-10-13T19:46:57.308-0700][1256 ][info ][gc,heap     ] GC(256) Old regions: 721->710
[2025-10-13T19:46:57.308-0700][1256 ][info ][gc,heap     ] GC(256) Humongous regions: 17->0
[2025-10-13T19:46:57.308-0700][1256 ][info ][gc,metaspace] GC(256) Metaspace: 321340K(327552K)->321340K(327552K) NonClass: 282881K(286208K)->282881K(286208K) Class: 38458K(41344K)->38458K(41344K)
[2025-10-13T19:46:57.308-0700][1256 ][info ][gc          ] GC(256) Pause Young (Mixed) (G1 Evacuation Pause) 116294M->29934M(184320M) 190.523ms
[2025-10-13T19:46:57.310-0700][1256 ][info ][gc,cpu      ] GC(256) User=18.51s Sys=0.28s Real=0.19s
[2025-10-13T19:46:57.311-0700][1256 ][info ][safepoint   ] Safepoint "G1CollectForAllocation", Time since last: 880572403 ns, Reaching safepoint: 7186364 ns, Cleanup: 21742 ns, At safepoint: 195239393 ns, Total: 202447499 ns
[2025-10-13T19:46:59.312-0700][1256 ][info ][safepoint   ] Safepoint "Cleanup", Time since last: 2000150099 ns, Reaching safepoint: 854253 ns, Cleanup: 15463 ns, At safepoint: 260284 ns, Total: 1130000 ns
[2025-10-13T19:47:01.314-0700][1256 ][info ][safepoint   ] Safepoint "Cleanup", Time since last: 2000173815 ns, Reaching safepoint: 844098 ns, Cleanup: 43716 ns, At safepoint: 191269 ns, Total: 1079083 ns
[2025-10-13T19:47:02.315-0700][1256 ][info ][safepoint   ] Safepoint "Cleanup", Time since last: 1000103096 ns, Reaching safepoint: 980824 ns, Cleanup: 15584 ns, At safepoint: 525825 ns, Total: 1522233 ns
[2025-10-13T19:47:04.012-0700][1256 ][info ][safepoint   ] Safepoint "Cleanup", Time since last: 1695756924 ns, Reaching safepoint: 795224 ns, Cleanup: 39569 ns, At safepoint: 273354 ns, Total: 1108147 ns
[2025-10-13T19:47:06.013-0700][1256 ][info ][safepoint   ] Safepoint "Cleanup", Time since last: 2000165486 ns, Reaching safepoint: 829204 ns, Cleanup: 21783 ns, At safepoint: 257339 ns, Total: 1108326 ns
[2025-10-13T19:47:06.162-0700][1256 ][info ][gc,start    ] GC(257) Pause Young (Mixed) (G1 Evacuation Pause)
[2025-10-13T19:47:06.162-0700][1256 ][info ][gc,task     ] GC(257) Using 113 workers of 113 for evacuation
[2025-10-13T19:47:06.177-0700][1256 ][debug][gc,remset   ] GC(257) Visited cards 9295104 Total dirty 43646976 (21.30%) Total old 432603136 (2.15%)
[2025-10-13T19:47:06.353-0700][1256 ][info ][gc,phases   ] GC(257)   Pre Evacuate Collection Set: 0.7ms
[2025-10-13T19:47:06.353-0700][1256 ][info ][gc,phases   ] GC(257)   Merge Heap Roots: 13.4ms
[2025-10-13T19:47:06.353-0700][1256 ][info ][gc,phases   ] GC(257)   Evacuate Collection Set: 160.2ms
[2025-10-13T19:47:06.353-0700][1256 ][info ][gc,phases   ] GC(257)   Post Evacuate Collection Set: 15.9ms
[2025-10-13T19:47:06.353-0700][1256 ][info ][gc,phases   ] GC(257)   Other: 0.2ms
[2025-10-13T19:47:06.353-0700][1256 ][debug][gc,remset   ] GC(257) Coarsening (recent): Inline->AoC 40316 (0) AoC->Howl 159 (0) Howl->Full 0 (0) Inline->AoC 642 (0) AoC->BitMap 86 (0) BitMap->Full 0 (0) 
[2025-10-13T19:47:06.353-0700][1256 ][debug][gc,remset   ] GC(257) Coarsening (all): Inline->AoC 7810124 (185) AoC->Howl 138881 (699) Howl->Full 0 (0) Inline->AoC 536843 (243) AoC->BitMap 165122 (554) BitMap->Full 19 (0) 
[2025-10-13T19:47:06.353-0700][1256 ][info ][gc,heap     ] GC(257) Eden regions: 2690->0(3230)
[2025-10-13T19:47:06.353-0700][1256 ][info ][gc,heap     ] GC(257) Survivor regions: 226->226(365)
[2025-10-13T19:47:06.353-0700][1256 ][info ][gc,heap     ] GC(257) Old regions: 710->716
[2025-10-13T19:47:06.353-0700][1256 ][info ][gc,heap     ] GC(257) Humongous regions: 15->0
[2025-10-13T19:47:06.353-0700][1256 ][info ][gc,metaspace] GC(257) Metaspace: 321347K(327552K)->321347K(327552K) NonClass: 282888K(286208K)->282888K(286208K) Class: 38459K(41344K)->38459K(41344K)
[2025-10-13T19:47:06.353-0700][1256 ][info ][gc          ] GC(257) Pause Young (Mixed) (G1 Evacuation Pause) 116494M->30101M(184320M) 190.535ms
[2025-10-13T19:47:06.355-0700][1256 ][info ][gc,cpu      ] GC(257) User=18.49s Sys=0.27s Real=0.19s
[2025-10-13T19:47:06.356-0700][1256 ][info ][safepoint   ] Safepoint "G1CollectForAllocation", Time since last: 146464282 ns, Reaching safepoint: 880522 ns, Cleanup: 10837 ns, At safepoint: 195331301 ns, Total: 196222660 ns
[2025-10-13T19:47:06.485-0700][1256 ][info ][gc,start    ] GC(258) Pause Young (Concurrent Start) (G1 Humongous Allocation)
[2025-10-13T19:47:06.485-0700][1256 ][info ][gc,task     ] GC(258) Using 113 workers of 113 for evacuation
[2025-10-13T19:47:06.495-0700][1256 ][debug][gc,remset   ] GC(258) Visited cards 7787520 Total dirty 44171264 (17.63%) Total old 88604672 (8.79%)
[2025-10-13T19:47:06.630-0700][1256 ][info ][gc,phases   ] GC(258)   Pre Evacuate Collection Set: 0.9ms
[2025-10-13T19:47:06.630-0700][1256 ][info ][gc,phases   ] GC(258)   Merge Heap Roots: 9.1ms
[2025-10-13T19:47:06.630-0700][1256 ][info ][gc,phases   ] GC(258)   Evacuate Collection Set: 125.7ms
[2025-10-13T19:47:06.630-0700][1256 ][info ][gc,phases   ] GC(258)   Post Evacuate Collection Set: 9.5ms
[2025-10-13T19:47:06.630-0700][1256 ][info ][gc,phases   ] GC(258)   Other: 0.1ms
[2025-10-13T19:47:06.630-0700][1256 ][debug][gc,remset   ] GC(258) Coarsening (recent): Inline->AoC 6 (0) AoC->Howl 1 (0) Howl->Full 0 (0) Inline->AoC 1 (0) AoC->BitMap 1 (0) BitMap->Full 0 (0) 
[2025-10-13T19:47:06.630-0700][1256 ][debug][gc,remset   ] GC(258) Coarsening (all): Inline->AoC 7810130 (185) AoC->Howl 138882 (699) Howl->Full 0 (0) Inline->AoC 536844 (243) AoC->BitMap 165123 (554) BitMap->Full 19 (0) 
[2025-10-13T19:47:06.630-0700][1256 ][info ][gc,heap     ] GC(258) Eden regions: 92->0(1054)
[2025-10-13T19:47:06.630-0700][1256 ][info ][gc,heap     ] GC(258) Survivor regions: 226->227(432)
[2025-10-13T19:47:06.630-0700][1256 ][info ][gc,heap     ] GC(258) Old regions: 716->716
[2025-10-13T19:47:06.630-0700][1256 ][info ][gc,heap     ] GC(258) Humongous regions: 0->0
[2025-10-13T19:47:06.630-0700][1256 ][info ][gc,metaspace] GC(258) Metaspace: 321347K(327552K)->321347K(327552K) NonClass: 282888K(286208K)->282888K(286208K) Class: 38459K(41344K)->38459K(41344K)
[2025-10-13T19:47:06.630-0700][1256 ][info ][gc          ] GC(258) Pause Young (Concurrent Start) (G1 Humongous Allocation) 33038M->30154M(184320M) 145.585ms
[2025-10-13T19:47:06.630-0700][1089 ][info ][gc          ] GC(259) Concurrent Mark Cycle
[2025-10-13T19:47:06.630-0700][1089 ][info ][gc,marking  ] GC(259) Concurrent Scan Root Regions
[2025-10-13T19:47:06.632-0700][1256 ][info ][gc,cpu      ] GC(258) User=13.29s Sys=0.13s Real=0.15s
[2025-10-13T19:47:06.634-0700][1256 ][info ][safepoint   ] Safepoint "G1TryInitiateConcMark", Time since last: 125829554 ns, Reaching safepoint: 1023579 ns, Cleanup: 4947 ns, At safepoint: 151330804 ns, Total: 152359330 ns
[2025-10-13T19:47:06.711-0700][1089 ][info ][gc,marking  ] GC(259) Concurrent Scan Root Regions 80.981ms
[2025-10-13T19:47:06.712-0700][1089 ][info ][gc,marking  ] GC(259) Concurrent Mark
[2025-10-13T19:47:06.712-0700][1089 ][info ][gc,marking  ] GC(259) Concurrent Mark From Roots
[2025-10-13T19:47:06.712-0700][1089 ][info ][gc,task     ] GC(259) Using 36 workers of 36 for marking
[2025-10-13T19:47:06.904-0700][1089 ][info ][gc,marking  ] GC(259) Concurrent Mark From Roots 192.444ms
[2025-10-13T19:47:06.904-0700][1089 ][info ][gc,marking  ] GC(259) Concurrent Preclean
[2025-10-13T19:47:06.913-0700][1089 ][info ][gc,marking  ] GC(259) Concurrent Preclean 8.671ms
[2025-10-13T19:47:06.915-0700][1256 ][info ][gc,start    ] GC(259) Pause Remark
[2025-10-13T19:47:07.075-0700][1256 ][info ][gc          ] GC(259) Pause Remark 34961M->34705M(184320M) 159.992ms
[2025-10-13T19:47:07.077-0700][1256 ][info ][gc,cpu      ] GC(259) User=14.13s Sys=0.00s Real=0.16s
[2025-10-13T19:47:07.080-0700][1256 ][info ][safepoint   ] Safepoint "G1PauseRemark", Time since last: 278608620 ns, Reaching safepoint: 811307 ns, Cleanup: 4567 ns, At safepoint: 166494185 ns, Total: 167310059 ns
[2025-10-13T19:47:07.082-0700][1089 ][info ][gc,marking  ] GC(259) Concurrent Mark 370.117ms
[2025-10-13T19:47:07.082-0700][1089 ][info ][gc,marking  ] GC(259) Concurrent Rebuild Remembered Sets and Scrub Regions
[2025-10-13T19:47:07.370-0700][1089 ][info ][gc,marking  ] GC(259) Concurrent Rebuild Remembered Sets and Scrub Regions 288.405ms
[2025-10-13T19:47:07.373-0700][1256 ][info ][gc,start    ] GC(259) Pause Cleanup
[2025-10-13T19:47:07.375-0700][1256 ][info ][gc          ] GC(259) Pause Cleanup 38295M->38295M(184320M) 1.949ms
[2025-10-13T19:47:07.376-0700][1256 ][info ][gc,cpu      ] GC(259) User=0.02s Sys=0.00s Real=0.00s
[2025-10-13T19:47:07.377-0700][1256 ][info ][safepoint   ] Safepoint "G1PauseCleanup", Time since last: 290196991 ns, Reaching safepoint: 859360 ns, Cleanup: 18017 ns, At safepoint: 5805102 ns, Total: 6682479 ns
[2025-10-13T19:47:07.378-0700][1089 ][info ][gc,marking  ] GC(259) Concurrent Clear Claimed Marks
[2025-10-13T19:47:07.379-0700][1089 ][info ][gc,marking  ] GC(259) Concurrent Clear Claimed Marks 1.354ms
[2025-10-13T19:47:07.379-0700][1089 ][info ][gc,marking  ] GC(259) Concurrent Cleanup for Next Mark
[2025-10-13T19:47:07.412-0700][1089 ][info ][gc,marking  ] GC(259) Concurrent Cleanup for Next Mark 32.739ms
[2025-10-13T19:47:07.412-0700][1089 ][info ][gc          ] GC(259) Concurrent Mark Cycle 781.356ms
[2025-10-13T19:47:09.378-0700][1256 ][info ][safepoint   ] Safepoint "Cleanup", Time since last: 2000151245 ns, Reaching safepoint: 668901 ns, Cleanup: 12590 ns, At safepoint: 86380 ns, Total: 767871 ns
[2025-10-13T19:47:09.853-0700][1256 ][info ][gc,start    ] GC(260) Pause Young (Prepare Mixed) (G1 Evacuation Pause)
[2025-10-13T19:47:09.853-0700][1256 ][info ][gc,task     ] GC(260) Using 113 workers of 113 for evacuation
[2025-10-13T19:47:09.867-0700][1256 ][debug][gc,remset   ] GC(260) Visited cards 8311808 Total dirty 44433408 (18.71%) Total old 208207872 (3.99%)
[2025-10-13T19:47:10.006-0700][1256 ][info ][gc,phases   ] GC(260)   Pre Evacuate Collection Set: 0.7ms
[2025-10-13T19:47:10.006-0700][1256 ][info ][gc,phases   ] GC(260)   Merge Heap Roots: 13.0ms
[2025-10-13T19:47:10.006-0700][1256 ][info ][gc,phases   ] GC(260)   Evacuate Collection Set: 130.6ms
[2025-10-13T19:47:10.006-0700][1256 ][info ][gc,phases   ] GC(260)   Post Evacuate Collection Set: 8.0ms
[2025-10-13T19:47:10.006-0700][1256 ][info ][gc,phases   ] GC(260)   Other: 0.1ms
[2025-10-13T19:47:10.006-0700][1256 ][debug][gc,remset   ] GC(260) Coarsening (recent): Inline->AoC 105898 (0) AoC->Howl 4085 (0) Howl->Full 0 (0) Inline->AoC 18122 (1) AoC->BitMap 4714 (0) BitMap->Full 0 (0) 
[2025-10-13T19:47:10.006-0700][1256 ][debug][gc,remset   ] GC(260) Coarsening (all): Inline->AoC 7916028 (185) AoC->Howl 142967 (699) Howl->Full 0 (0) Inline->AoC 554966 (244) AoC->BitMap 169837 (554) BitMap->Full 19 (0) 
[2025-10-13T19:47:10.006-0700][1256 ][info ][gc,heap     ] GC(260) Eden regions: 1003->0(2315)
[2025-10-13T19:47:10.006-0700][1256 ][info ][gc,heap     ] GC(260) Survivor regions: 227->78(154)
[2025-10-13T19:47:10.006-0700][1256 ][info ][gc,heap     ] GC(260) Old regions: 708->870
[2025-10-13T19:47:10.006-0700][1256 ][info ][gc,heap     ] GC(260) Humongous regions: 9->0
[2025-10-13T19:47:10.006-0700][1256 ][info ][gc,metaspace] GC(260) Metaspace: 321260K(327552K)->321260K(327552K) NonClass: 282819K(286208K)->282819K(286208K) Class: 38441K(41344K)->38441K(41344K)
[2025-10-13T19:47:10.006-0700][1256 ][info ][gc          ] GC(260) Pause Young (Prepare Mixed) (G1 Evacuation Pause) 62282M->30309M(184320M) 152.709ms
[2025-10-13T19:47:10.008-0700][1256 ][info ][gc,cpu      ] GC(260) User=15.33s Sys=0.07s Real=0.15s
[2025-10-13T19:47:10.009-0700][1256 ][info ][safepoint   ] Safepoint "G1CollectForAllocation", Time since last: 472901850 ns, Reaching safepoint: 737416 ns, Cleanup: 4557 ns, At safepoint: 157518085 ns, Total: 158260058 ns
[2025-10-13T19:47:14.010-0700][1256 ][info ][safepoint   ] Safepoint "Cleanup", Time since last: 4000233810 ns, Reaching safepoint: 852480 ns, Cleanup: 18118 ns, At safepoint: 327325 ns, Total: 1197923 ns
[2025-10-13T19:47:18.012-0700][1256 ][info ][safepoint   ] Safepoint "Cleanup", Time since last: 4000294626 ns, Reaching safepoint: 885159 ns, Cleanup: 15123 ns, At safepoint: 239222 ns, Total: 1139504 ns
[2025-10-13T19:47:19.256-0700][1256 ][info ][gc,start    ] GC(261) Pause Young (Mixed) (G1 Evacuation Pause)
[2025-10-13T19:47:19.256-0700][1256 ][info ][gc,task     ] GC(261) Using 113 workers of 113 for evacuation
[2025-10-13T19:47:19.271-0700][1256 ][debug][gc,remset   ] GC(261) Visited cards 9844736 Total dirty 53739520 (18.32%) Total old 389545984 (2.53%)
[2025-10-13T19:47:19.370-0700][1256 ][info ][gc,phases   ] GC(261)   Pre Evacuate Collection Set: 0.7ms
[2025-10-13T19:47:19.370-0700][1256 ][info ][gc,phases   ] GC(261)   Merge Heap Roots: 14.4ms
[2025-10-13T19:47:19.370-0700][1256 ][info ][gc,phases   ] GC(261)   Evacuate Collection Set: 85.6ms
[2025-10-13T19:47:19.370-0700][1256 ][info ][gc,phases   ] GC(261)   Post Evacuate Collection Set: 12.4ms
[2025-10-13T19:47:19.370-0700][1256 ][info ][gc,phases   ] GC(261)   Other: 0.2ms
[2025-10-13T19:47:19.370-0700][1256 ][debug][gc,remset   ] GC(261) Coarsening (recent): Inline->AoC 24115 (0) AoC->Howl 160 (0) Howl->Full 0 (0) Inline->AoC 361 (0) AoC->BitMap 139 (0) BitMap->Full 0 (0) 
[2025-10-13T19:47:19.370-0700][1256 ][debug][gc,remset   ] GC(261) Coarsening (all): Inline->AoC 7940143 (185) AoC->Howl 143127 (699) Howl->Full 0 (0) Inline->AoC 555327 (244) AoC->BitMap 169976 (554) BitMap->Full 19 (0) 
[2025-10-13T19:47:19.370-0700][1256 ][info ][gc,heap     ] GC(261) Eden regions: 2439->0(2452)
[2025-10-13T19:47:19.370-0700][1256 ][info ][gc,heap     ] GC(261) Survivor regions: 78->111(315)
[2025-10-13T19:47:19.370-0700][1256 ][info ][gc,heap     ] GC(261) Old regions: 870->854
[2025-10-13T19:47:19.370-0700][1256 ][info ][gc,heap     ] GC(261) Humongous regions: 16->0
[2025-10-13T19:47:19.370-0700][1256 ][info ][gc,metaspace] GC(261) Metaspace: 321339K(327552K)->321339K(327552K) NonClass: 282889K(286208K)->282889K(286208K) Class: 38449K(41344K)->38449K(41344K)
[2025-10-13T19:47:19.370-0700][1256 ][info ][gc          ] GC(261) Pause Young (Mixed) (G1 Evacuation Pause) 108869M->30857M(184320M) 113.546ms
[2025-10-13T19:47:19.372-0700][1256 ][info ][gc,cpu      ] GC(261) User=9.36s Sys=0.08s Real=0.12s
[2025-10-13T19:47:19.373-0700][1256 ][info ][safepoint   ] Safepoint "G1CollectForAllocation", Time since last: 1241613894 ns, Reaching safepoint: 919492 ns, Cleanup: 5228 ns, At safepoint: 118299390 ns, Total: 119224110 ns
[2025-10-13T19:47:21.375-0700][1256 ][info ][safepoint   ] Safepoint "Cleanup", Time since last: 2000159030 ns, Reaching safepoint: 1758752 ns, Cleanup: 13751 ns, At safepoint: 144408 ns, Total: 1916911 ns
[2025-10-13T19:47:22.376-0700][1256 ][info ][safepoint   ] Safepoint "Cleanup", Time since last: 1000107788 ns, Reaching safepoint: 784367 ns, Cleanup: 12449 ns, At safepoint: 204289 ns, Total: 1001105 ns
[2025-10-13T19:47:23.377-0700][1256 ][info ][safepoint   ] Safepoint "Cleanup", Time since last: 1000102170 ns, Reaching safepoint: 833772 ns, Cleanup: 11457 ns, At safepoint: 564254 ns, Total: 1409483 ns
[2025-10-13T19:47:24.379-0700][1256 ][info ][safepoint   ] Safepoint "Cleanup", Time since last: 1000109360 ns, Reaching safepoint: 857828 ns, Cleanup: 15925 ns, At safepoint: 745277 ns, Total: 1619030 ns
[2025-10-13T19:47:25.381-0700][1256 ][info ][safepoint   ] Safepoint "Cleanup", Time since last: 1000122040 ns, Reaching safepoint: 889396 ns, Cleanup: 23245 ns, At safepoint: 1108378 ns, Total: 2021019 ns
[2025-10-13T19:47:26.383-0700][1256 ][info ][safepoint   ] Safepoint "Cleanup", Time since last: 1000113827 ns, Reaching safepoint: 943257 ns, Cleanup: 19380 ns, At safepoint: 870197 ns, Total: 1832834 ns
[2025-10-13T19:47:28.391-0700][1256 ][info ][safepoint   ] Safepoint "Cleanup", Time since last: 2000172460 ns, Reaching safepoint: 5118978 ns, Cleanup: 14422 ns, At safepoint: 2418700 ns, Total: 7552100 ns
[2025-10-13T19:47:29.266-0700][1256 ][info ][gc,start    ] GC(262) Pause Young (Mixed) (G1 Evacuation Pause)
[2025-10-13T19:47:29.266-0700][1256 ][info ][gc,task     ] GC(262) Using 113 workers of 113 for evacuation
[2025-10-13T19:47:29.281-0700][1256 ][debug][gc,remset   ] GC(262) Visited cards 9515776 Total dirty 53149696 (17.90%) Total old 407633920 (2.33%)
[2025-10-13T19:47:29.399-0700][1256 ][info ][gc,phases   ] GC(262)   Pre Evacuate Collection Set: 0.7ms
[2025-10-13T19:47:29.399-0700][1256 ][info ][gc,phases   ] GC(262)   Merge Heap Roots: 14.1ms
[2025-10-13T19:47:29.399-0700][1256 ][info ][gc,phases   ] GC(262)   Evacuate Collection Set: 106.7ms
[2025-10-13T19:47:29.399-0700][1256 ][info ][gc,phases   ] GC(262)   Post Evacuate Collection Set: 11.2ms
[2025-10-13T19:47:29.399-0700][1256 ][info ][gc,phases   ] GC(262)   Other: 0.2ms
[2025-10-13T19:47:29.399-0700][1256 ][debug][gc,remset   ] GC(262) Coarsening (recent): Inline->AoC 21844 (0) AoC->Howl 171 (0) Howl->Full 0 (0) Inline->AoC 643 (0) AoC->BitMap 108 (0) BitMap->Full 0 (0) 
[2025-10-13T19:47:29.399-0700][1256 ][debug][gc,remset   ] GC(262) Coarsening (all): Inline->AoC 7961987 (185) AoC->Howl 143298 (699) Howl->Full 0 (0) Inline->AoC 555970 (244) AoC->BitMap 170084 (554) BitMap->Full 19 (0) 
[2025-10-13T19:47:29.399-0700][1256 ][info ][gc,heap     ] GC(262) Eden regions: 2552->0(2091)
[2025-10-13T19:47:29.399-0700][1256 ][info ][gc,heap     ] GC(262) Survivor regions: 111->168(333)
[2025-10-13T19:47:29.399-0700][1256 ][info ][gc,heap     ] GC(262) Old regions: 854->835
[2025-10-13T19:47:29.399-0700][1256 ][info ][gc,heap     ] GC(262) Humongous regions: 16->0
[2025-10-13T19:47:29.399-0700][1256 ][info ][gc,metaspace] GC(262) Metaspace: 321448K(327680K)->321448K(327680K) NonClass: 282987K(286336K)->282987K(286336K) Class: 38461K(41344K)->38461K(41344K)
[2025-10-13T19:47:29.399-0700][1256 ][info ][gc          ] GC(262) Pause Young (Mixed) (G1 Evacuation Pause) 113033M->32078M(184320M) 133.128ms
[2025-10-13T19:47:29.401-0700][1256 ][info ][gc,cpu      ] GC(262) User=12.70s Sys=0.14s Real=0.14s
[2025-10-13T19:47:29.402-0700][1256 ][info ][safepoint   ] Safepoint "G1CollectForAllocation", Time since last: 872406930 ns, Reaching safepoint: 919121 ns, Cleanup: 4647 ns, At safepoint: 137932363 ns, Total: 138856131 ns
[2025-10-13T19:47:30.403-0700][1256 ][info ][safepoint   ] Safepoint "Cleanup", Time since last: 1000086906 ns, Reaching safepoint: 723195 ns, Cleanup: 9965 ns, At safepoint: 169727 ns, Total: 902887 ns
[2025-10-13T19:47:31.404-0700][1256 ][info ][safepoint   ] Safepoint "Cleanup", Time since last: 1000105204 ns, Reaching safepoint: 803436 ns, Cleanup: 13450 ns, At safepoint: 271772 ns, Total: 1088658 ns
[2025-10-13T19:47:32.406-0700][1256 ][info ][safepoint   ] Safepoint "Cleanup", Time since last: 1000124403 ns, Reaching safepoint: 857758 ns, Cleanup: 10105 ns, At safepoint: 440497 ns, Total: 1308360 ns
[2025-10-13T19:47:36.407-0700][1256 ][info ][safepoint   ] Safepoint "Cleanup", Time since last: 4000301976 ns, Reaching safepoint: 831519 ns, Cleanup: 11187 ns, At safepoint: 238120 ns, Total: 1080826 ns
[2025-10-13T19:47:36.684-0700][1256 ][info ][gc,start    ] GC(263) Pause Young (Mixed) (G1 Evacuation Pause)
[2025-10-13T19:47:36.685-0700][1256 ][info ][gc,task     ] GC(263) Using 113 workers of 113 for evacuation
[2025-10-13T19:47:36.699-0700][1256 ][debug][gc,remset   ] GC(263) Visited cards 9108992 Total dirty 52297728 (17.42%) Total old 375062528 (2.43%)
[2025-10-13T19:47:36.838-0700][1256 ][info ][gc,phases   ] GC(263)   Pre Evacuate Collection Set: 0.7ms
[2025-10-13T19:47:36.838-0700][1256 ][info ][gc,phases   ] GC(263)   Merge Heap Roots: 13.6ms
[2025-10-13T19:47:36.838-0700][1256 ][info ][gc,phases   ] GC(263)   Evacuate Collection Set: 125.8ms
[2025-10-13T19:47:36.838-0700][1256 ][info ][gc,phases   ] GC(263)   Post Evacuate Collection Set: 13.5ms
[2025-10-13T19:47:36.838-0700][1256 ][info ][gc,phases   ] GC(263)   Other: 0.2ms
[2025-10-13T19:47:36.838-0700][1256 ][debug][gc,remset   ] GC(263) Coarsening (recent): Inline->AoC 17300 (0) AoC->Howl 180 (0) Howl->Full 0 (0) Inline->AoC 689 (0) AoC->BitMap 103 (0) BitMap->Full 0 (0) 
[2025-10-13T19:47:36.838-0700][1256 ][debug][gc,remset   ] GC(263) Coarsening (all): Inline->AoC 7979287 (185) AoC->Howl 143478 (699) Howl->Full 0 (0) Inline->AoC 556659 (244) AoC->BitMap 170187 (554) BitMap->Full 19 (0) 
[2025-10-13T19:47:36.838-0700][1256 ][info ][gc,heap     ] GC(263) Eden regions: 2254->0(1747)
[2025-10-13T19:47:36.838-0700][1256 ][info ][gc,heap     ] GC(263) Survivor regions: 168->210(303)
[2025-10-13T19:47:36.838-0700][1256 ][info ][gc,heap     ] GC(263) Old regions: 835->814
[2025-10-13T19:47:36.838-0700][1256 ][info ][gc,heap     ] GC(263) Humongous regions: 20->0
[2025-10-13T19:47:36.838-0700][1256 ][info ][gc,metaspace] GC(263) Metaspace: 321495K(327680K)->321495K(327680K) NonClass: 283028K(286336K)->283028K(286336K) Class: 38466K(41344K)->38466K(41344K)
[2025-10-13T19:47:36.838-0700][1256 ][info ][gc          ] GC(263) Pause Young (Mixed) (G1 Evacuation Pause) 104846M->32745M(184320M) 153.998ms
[2025-10-13T19:47:36.840-0700][1256 ][info ][gc,cpu      ] GC(263) User=15.15s Sys=0.02s Real=0.16s
[2025-10-13T19:47:36.841-0700][1256 ][info ][safepoint   ] Safepoint "G1CollectForAllocation", Time since last: 274464427 ns, Reaching safepoint: 943468 ns, Cleanup: 7000 ns, At safepoint: 158843982 ns, Total: 159794450 ns
[2025-10-13T19:47:40.843-0700][1256 ][info ][safepoint   ] Safepoint "Cleanup", Time since last: 4000284820 ns, Reaching safepoint: 838589 ns, Cleanup: 17857 ns, At safepoint: 161445 ns, Total: 1017891 ns
[2025-10-13T19:47:41.844-0700][1256 ][info ][safepoint   ] Safepoint "Cleanup", Time since last: 1000102930 ns, Reaching safepoint: 837077 ns, Cleanup: 11237 ns, At safepoint: 282037 ns, Total: 1130351 ns
[2025-10-13T19:47:43.309-0700][1256 ][info ][gc,start    ] GC(264) Pause Young (Mixed) (G1 Evacuation Pause)
[2025-10-13T19:47:43.309-0700][1256 ][info ][gc,task     ] GC(264) Using 113 workers of 113 for evacuation
[2025-10-13T19:47:43.323-0700][1256 ][debug][gc,remset   ] GC(264) Visited cards 9079808 Total dirty 50462720 (17.99%) Total old 328466432 (2.76%)
[2025-10-13T19:47:43.483-0700][1256 ][info ][gc,phases   ] GC(264)   Pre Evacuate Collection Set: 0.7ms
[2025-10-13T19:47:43.483-0700][1256 ][info ][gc,phases   ] GC(264)   Merge Heap Roots: 13.2ms
[2025-10-13T19:47:43.483-0700][1256 ][info ][gc,phases   ] GC(264)   Evacuate Collection Set: 147.2ms
[2025-10-13T19:47:43.483-0700][1256 ][info ][gc,phases   ] GC(264)   Post Evacuate Collection Set: 12.8ms
[2025-10-13T19:47:43.483-0700][1256 ][info ][gc,phases   ] GC(264)   Other: 0.2ms
[2025-10-13T19:47:43.483-0700][1256 ][debug][gc,remset   ] GC(264) Coarsening (recent): Inline->AoC 15586 (0) AoC->Howl 221 (0) Howl->Full 0 (0) Inline->AoC 1119 (0) AoC->BitMap 81 (0) BitMap->Full 0 (0) 
[2025-10-13T19:47:43.483-0700][1256 ][debug][gc,remset   ] GC(264) Coarsening (all): Inline->AoC 7994873 (185) AoC->Howl 143699 (699) Howl->Full 0 (0) Inline->AoC 557778 (244) AoC->BitMap 170268 (554) BitMap->Full 19 (0) 
[2025-10-13T19:47:43.483-0700][1256 ][info ][gc,heap     ] GC(264) Eden regions: 1872->0(2268)
[2025-10-13T19:47:43.483-0700][1256 ][info ][gc,heap     ] GC(264) Survivor regions: 210->186(261)
[2025-10-13T19:47:43.483-0700][1256 ][info ][gc,heap     ] GC(264) Old regions: 814->856
[2025-10-13T19:47:43.483-0700][1256 ][info ][gc,heap     ] GC(264) Humongous regions: 10->0
[2025-10-13T19:47:43.483-0700][1256 ][info ][gc,metaspace] GC(264) Metaspace: 321550K(327808K)->321550K(327808K) NonClass: 283077K(286464K)->283077K(286464K) Class: 38473K(41344K)->38473K(41344K)
[2025-10-13T19:47:43.483-0700][1256 ][info ][gc          ] GC(264) Pause Young (Mixed) (G1 Evacuation Pause) 92969M->33294M(184320M) 174.193ms
[2025-10-13T19:47:43.485-0700][1256 ][info ][gc,cpu      ] GC(264) User=16.80s Sys=0.01s Real=0.18s
[2025-10-13T19:47:43.486-0700][1256 ][info ][safepoint   ] Safepoint "G1CollectForAllocation", Time since last: 1462003592 ns, Reaching safepoint: 944329 ns, Cleanup: 16024 ns, At safepoint: 179060729 ns, Total: 180021082 ns
[2025-10-13T19:47:45.495-0700][1256 ][info ][safepoint   ] Safepoint "Cleanup", Time since last: 2000146071 ns, Reaching safepoint: 6580889 ns, Cleanup: 19019 ns, At safepoint: 1936591 ns, Total: 8536499 ns
[2025-10-13T19:47:46.497-0700][1256 ][info ][safepoint   ] Safepoint "Cleanup", Time since last: 1000087798 ns, Reaching safepoint: 911730 ns, Cleanup: 16645 ns, At safepoint: 1075668 ns, Total: 2004043 ns
[2025-10-13T19:47:51.491-0700][1256 ][info ][gc,start    ] GC(265) Pause Young (Mixed) (G1 Evacuation Pause)
[2025-10-13T19:47:51.491-0700][1256 ][info ][gc,task     ] GC(265) Using 113 workers of 113 for evacuation
[2025-10-13T19:47:51.506-0700][1256 ][debug][gc,remset   ] GC(265) Visited cards 9841408 Total dirty 53477376 (18.40%) Total old 378535936 (2.60%)
[2025-10-13T19:47:51.624-0700][1256 ][debug][gc,remset   ] GC(265) Visited cards 789248 Total dirty 39845888 (1.98%) Total old 392495104 (0.20%)
[2025-10-13T19:47:51.643-0700][1256 ][info ][gc,phases   ] GC(265)   Pre Evacuate Collection Set: 0.8ms
[2025-10-13T19:47:51.643-0700][1256 ][info ][gc,phases   ] GC(265)   Merge Heap Roots: 13.6ms
[2025-10-13T19:47:51.643-0700][1256 ][info ][gc,phases   ] GC(265)   Evacuate Collection Set: 117.5ms
[2025-10-13T19:47:51.643-0700][1256 ][info ][gc,phases   ] GC(265)   Merge Optional Heap Roots: 0.9ms
[2025-10-13T19:47:51.643-0700][1256 ][info ][gc,phases   ] GC(265)   Evacuate Optional Collection Set: 5.2ms
[2025-10-13T19:47:51.643-0700][1256 ][info ][gc,phases   ] GC(265)   Post Evacuate Collection Set: 13.4ms
[2025-10-13T19:47:51.643-0700][1256 ][info ][gc,phases   ] GC(265)   Other: 0.2ms
[2025-10-13T19:47:51.643-0700][1256 ][debug][gc,remset   ] GC(265) Coarsening (recent): Inline->AoC 47133 (0) AoC->Howl 217 (0) Howl->Full 0 (0) Inline->AoC 761 (0) AoC->BitMap 135 (0) BitMap->Full 0 (0) 
[2025-10-13T19:47:51.643-0700][1256 ][debug][gc,remset   ] GC(265) Coarsening (all): Inline->AoC 8042006 (185) AoC->Howl 143916 (699) Howl->Full 0 (0) Inline->AoC 558539 (244) AoC->BitMap 170403 (554) BitMap->Full 19 (0) 
[2025-10-13T19:47:51.643-0700][1256 ][info ][gc,heap     ] GC(265) Eden regions: 2249->0(2748)
[2025-10-13T19:47:51.643-0700][1256 ][info ][gc,heap     ] GC(265) Survivor regions: 186->160(305)
[2025-10-13T19:47:51.643-0700][1256 ][info ][gc,heap     ] GC(265) Old regions: 856->860
[2025-10-13T19:47:51.643-0700][1256 ][info ][gc,heap     ] GC(265) Humongous regions: 16->0
[2025-10-13T19:47:51.643-0700][1256 ][info ][gc,metaspace] GC(265) Metaspace: 321615K(327808K)->321615K(327808K) NonClass: 283141K(286464K)->283141K(286464K) Class: 38474K(41344K)->38474K(41344K)
[2025-10-13T19:47:51.643-0700][1256 ][info ][gc          ] GC(265) Pause Young (Mixed) (G1 Evacuation Pause) 105774M->32607M(184320M) 151.627ms
[2025-10-13T19:47:51.644-0700][1256 ][info ][gc,cpu      ] GC(265) User=14.32s Sys=0.39s Real=0.15s
[2025-10-13T19:47:51.646-0700][1256 ][info ][safepoint   ] Safepoint "G1CollectForAllocation", Time since last: 4991545352 ns, Reaching safepoint: 851158 ns, Cleanup: 25178 ns, At safepoint: 156339499 ns, Total: 157215835 ns
[2025-10-13T19:47:53.648-0700][1256 ][info ][safepoint   ] Safepoint "Cleanup", Time since last: 2000150842 ns, Reaching safepoint: 1369532 ns, Cleanup: 22454 ns, At safepoint: 513557 ns, Total: 1905543 ns
[2025-10-13T19:47:54.649-0700][1256 ][info ][safepoint   ] Safepoint "Cleanup", Time since last: 1000130645 ns, Reaching safepoint: 859791 ns, Cleanup: 20631 ns, At safepoint: 434858 ns, Total: 1315280 ns
[2025-10-13T19:47:56.650-0700][1256 ][info ][safepoint   ] Safepoint "Cleanup", Time since last: 2000169331 ns, Reaching safepoint: 799690 ns, Cleanup: 13120 ns, At safepoint: 426595 ns, Total: 1239405 ns
[2025-10-13T19:47:58.652-0700][1256 ][info ][safepoint   ] Safepoint "Cleanup", Time since last: 2000176101 ns, Reaching safepoint: 702012 ns, Cleanup: 15524 ns, At safepoint: 115314 ns, Total: 832850 ns
[2025-10-13T19:48:00.653-0700][1256 ][info ][safepoint   ] Safepoint "Cleanup", Time since last: 2000163722 ns, Reaching safepoint: 1025241 ns, Cleanup: 20281 ns, At safepoint: 214905 ns, Total: 1260427 ns
[2025-10-13T19:48:01.655-0700][1256 ][info ][safepoint   ] Safepoint "Cleanup", Time since last: 1000109593 ns, Reaching safepoint: 884588 ns, Cleanup: 10236 ns, At safepoint: 622782 ns, Total: 1517606 ns
[2025-10-13T19:48:02.720-0700][1256 ][info ][gc,start    ] GC(266) Pause Young (Mixed) (G1 Evacuation Pause)
[2025-10-13T19:48:02.720-0700][1256 ][info ][gc,task     ] GC(266) Using 113 workers of 113 for evacuation
[2025-10-13T19:48:02.733-0700][1256 ][debug][gc,remset   ] GC(266) Visited cards 9715968 Total dirty 54001664 (17.99%) Total old 441581568 (2.20%)
[2025-10-13T19:48:02.847-0700][1256 ][debug][gc,remset   ] GC(266) Visited cards 1095168 Total dirty 43057152 (2.54%) Total old 454688768 (0.24%)
[2025-10-13T19:48:02.864-0700][1256 ][info ][gc,phases   ] GC(266)   Pre Evacuate Collection Set: 0.7ms
[2025-10-13T19:48:02.864-0700][1256 ][info ][gc,phases   ] GC(266)   Merge Heap Roots: 13.0ms
[2025-10-13T19:48:02.864-0700][1256 ][info ][gc,phases   ] GC(266)   Evacuate Collection Set: 112.3ms
[2025-10-13T19:48:02.864-0700][1256 ][info ][gc,phases   ] GC(266)   Merge Optional Heap Roots: 0.9ms
[2025-10-13T19:48:02.864-0700][1256 ][info ][gc,phases   ] GC(266)   Evacuate Optional Collection Set: 2.2ms
[2025-10-13T19:48:02.864-0700][1256 ][info ][gc,phases   ] GC(266)   Post Evacuate Collection Set: 14.8ms
[2025-10-13T19:48:02.864-0700][1256 ][info ][gc,phases   ] GC(266)   Other: 0.2ms
[2025-10-13T19:48:02.864-0700][1256 ][debug][gc,remset   ] GC(266) Coarsening (recent): Inline->AoC 51193 (0) AoC->Howl 185 (0) Howl->Full 0 (0) Inline->AoC 684 (0) AoC->BitMap 127 (0) BitMap->Full 0 (0) 
[2025-10-13T19:48:02.864-0700][1256 ][debug][gc,remset   ] GC(266) Coarsening (all): Inline->AoC 8093199 (185) AoC->Howl 144101 (699) Howl->Full 0 (0) Inline->AoC 559223 (244) AoC->BitMap 170530 (554) BitMap->Full 19 (0) 
[2025-10-13T19:48:02.864-0700][1256 ][info ][gc,heap     ] GC(266) Eden regions: 2760->0(2786)
[2025-10-13T19:48:02.864-0700][1256 ][info ][gc,heap     ] GC(266) Survivor regions: 160->185(365)
[2025-10-13T19:48:02.864-0700][1256 ][info ][gc,heap     ] GC(266) Old regions: 860->837
[2025-10-13T19:48:02.864-0700][1256 ][info ][gc,heap     ] GC(266) Humongous regions: 14->0
[2025-10-13T19:48:02.864-0700][1256 ][info ][gc,metaspace] GC(266) Metaspace: 321624K(327872K)->321624K(327872K) NonClass: 283149K(286528K)->283149K(286528K) Class: 38475K(41344K)->38475K(41344K)
[2025-10-13T19:48:02.864-0700][1256 ][info ][gc          ] GC(266) Pause Young (Mixed) (G1 Evacuation Pause) 121375M->32691M(184320M) 144.206ms
[2025-10-13T19:48:02.866-0700][1256 ][info ][gc,cpu      ] GC(266) User=13.36s Sys=0.28s Real=0.15s
[2025-10-13T19:48:02.867-0700][1256 ][info ][safepoint   ] Safepoint "G1CollectForAllocation", Time since last: 1060577807 ns, Reaching safepoint: 2865365 ns, Cleanup: 5939 ns, At safepoint: 148838911 ns, Total: 151710215 ns
[2025-10-13T19:48:05.042-0700][1256 ][info ][safepoint   ] Safepoint "Cleanup", Time since last: 2174316921 ns, Reaching safepoint: 775103 ns, Cleanup: 11998 ns, At safepoint: 138760 ns, Total: 925861 ns
[2025-10-13T19:48:06.043-0700][1256 ][info ][safepoint   ] Safepoint "Cleanup", Time since last: 1000106558 ns, Reaching safepoint: 725458 ns, Cleanup: 11077 ns, At safepoint: 132410 ns, Total: 868945 ns
[2025-10-13T19:48:08.044-0700][1256 ][info ][safepoint   ] Safepoint "Cleanup", Time since last: 2000135420 ns, Reaching safepoint: 797837 ns, Cleanup: 10235 ns, At safepoint: 230599 ns, Total: 1038671 ns
[2025-10-13T19:48:10.046-0700][1256 ][info ][safepoint   ] Safepoint "Cleanup", Time since last: 2000177363 ns, Reaching safepoint: 899581 ns, Cleanup: 12078 ns, At safepoint: 396340 ns, Total: 1307999 ns
[2025-10-13T19:48:12.047-0700][1256 ][info ][safepoint   ] Safepoint "Cleanup", Time since last: 2000179986 ns, Reaching safepoint: 815634 ns, Cleanup: 10376 ns, At safepoint: 564164 ns, Total: 1390174 ns
[2025-10-13T19:48:12.633-0700][1256 ][info ][gc,start    ] GC(267) Pause Young (Mixed) (G1 Evacuation Pause)
[2025-10-13T19:48:12.633-0700][1256 ][info ][gc,task     ] GC(267) Using 113 workers of 113 for evacuation
[2025-10-13T19:48:12.646-0700][1256 ][debug][gc,remset   ] GC(267) Visited cards 10033152 Total dirty 53739520 (18.67%) Total old 454885376 (2.21%)
[2025-10-13T19:48:12.812-0700][1256 ][info ][gc,phases   ] GC(267)   Pre Evacuate Collection Set: 0.7ms
[2025-10-13T19:48:12.812-0700][1256 ][info ][gc,phases   ] GC(267)   Merge Heap Roots: 13.1ms
[2025-10-13T19:48:12.812-0700][1256 ][info ][gc,phases   ] GC(267)   Evacuate Collection Set: 149.1ms
[2025-10-13T19:48:12.812-0700][1256 ][info ][gc,phases   ] GC(267)   Post Evacuate Collection Set: 16.1ms
[2025-10-13T19:48:12.812-0700][1256 ][info ][gc,phases   ] GC(267)   Other: 0.2ms
[2025-10-13T19:48:12.812-0700][1256 ][debug][gc,remset   ] GC(267) Coarsening (recent): Inline->AoC 42209 (0) AoC->Howl 182 (0) Howl->Full 0 (0) Inline->AoC 846 (0) AoC->BitMap 93 (0) BitMap->Full 0 (0) 
[2025-10-13T19:48:12.812-0700][1256 ][debug][gc,remset   ] GC(267) Coarsening (all): Inline->AoC 8135408 (185) AoC->Howl 144283 (699) Howl->Full 0 (0) Inline->AoC 560069 (244) AoC->BitMap 170623 (554) BitMap->Full 19 (0) 
[2025-10-13T19:48:12.812-0700][1256 ][info ][gc,heap     ] GC(267) Eden regions: 2842->0(2599)
[2025-10-13T19:48:12.812-0700][1256 ][info ][gc,heap     ] GC(267) Survivor regions: 185->235(379)
[2025-10-13T19:48:12.812-0700][1256 ][info ][gc,heap     ] GC(267) Old regions: 837->818
[2025-10-13T19:48:12.812-0700][1256 ][info ][gc,heap     ] GC(267) Humongous regions: 28->0
[2025-10-13T19:48:12.812-0700][1256 ][info ][gc,metaspace] GC(267) Metaspace: 321717K(327936K)->321717K(327936K) NonClass: 283241K(286592K)->283241K(286592K) Class: 38476K(41344K)->38476K(41344K)
[2025-10-13T19:48:12.812-0700][1256 ][info ][gc          ] GC(267) Pause Young (Mixed) (G1 Evacuation Pause) 124531M->33685M(184320M) 179.330ms
[2025-10-13T19:48:12.814-0700][1256 ][info ][gc,cpu      ] GC(267) User=16.55s Sys=0.29s Real=0.18s
[2025-10-13T19:48:12.815-0700][1256 ][info ][safepoint   ] Safepoint "G1CollectForAllocation", Time since last: 582428285 ns, Reaching safepoint: 1081687 ns, Cleanup: 17346 ns, At safepoint: 184085186 ns, Total: 185184219 ns
[2025-10-13T19:48:13.297-0700][1256 ][info ][gc,start    ] GC(268) Pause Young (Concurrent Start) (G1 Humongous Allocation)
[2025-10-13T19:48:13.297-0700][1256 ][info ][gc,task     ] GC(268) Using 113 workers of 113 for evacuation
[2025-10-13T19:48:13.309-0700][1256 ][debug][gc,remset   ] GC(268) Visited cards 8525056 Total dirty 50790400 (16.78%) Total old 117964800 (7.23%)
[2025-10-13T19:48:13.450-0700][1256 ][info ][gc,phases   ] GC(268)   Pre Evacuate Collection Set: 0.9ms
[2025-10-13T19:48:13.450-0700][1256 ][info ][gc,phases   ] GC(268)   Merge Heap Roots: 10.6ms
[2025-10-13T19:48:13.450-0700][1256 ][info ][gc,phases   ] GC(268)   Evacuate Collection Set: 132.4ms
[2025-10-13T19:48:13.450-0700][1256 ][info ][gc,phases   ] GC(268)   Post Evacuate Collection Set: 8.7ms
[2025-10-13T19:48:13.450-0700][1256 ][info ][gc,phases   ] GC(268)   Other: 0.1ms
[2025-10-13T19:48:13.450-0700][1256 ][debug][gc,remset   ] GC(268) Coarsening (recent): Inline->AoC 20 (0) AoC->Howl 0 (0) Howl->Full 0 (0) Inline->AoC 0 (0) AoC->BitMap 0 (0) BitMap->Full 0 (0) 
[2025-10-13T19:48:13.450-0700][1256 ][debug][gc,remset   ] GC(268) Coarsening (all): Inline->AoC 8135428 (185) AoC->Howl 144283 (699) Howl->Full 0 (0) Inline->AoC 560069 (244) AoC->BitMap 170623 (554) BitMap->Full 19 (0) 
[2025-10-13T19:48:13.450-0700][1256 ][info ][gc,heap     ] GC(268) Eden regions: 256->0(2726)
[2025-10-13T19:48:13.450-0700][1256 ][info ][gc,heap     ] GC(268) Survivor regions: 235->187(377)
[2025-10-13T19:48:13.450-0700][1256 ][info ][gc,heap     ] GC(268) Old regions: 818->867
[2025-10-13T19:48:13.450-0700][1256 ][info ][gc,heap     ] GC(268) Humongous regions: 0->0
[2025-10-13T19:48:13.450-0700][1256 ][info ][gc,metaspace] GC(268) Metaspace: 321719K(327936K)->321719K(327936K) NonClass: 283243K(286592K)->283243K(286592K) Class: 38476K(41344K)->38476K(41344K)
[2025-10-13T19:48:13.450-0700][1256 ][info ][gc          ] GC(268) Pause Young (Concurrent Start) (G1 Humongous Allocation) 41866M->33693M(184320M) 152.938ms
[2025-10-13T19:48:13.451-0700][1089 ][info ][gc          ] GC(269) Concurrent Mark Cycle
[2025-10-13T19:48:13.451-0700][1089 ][info ][gc,marking  ] GC(269) Concurrent Scan Root Regions
[2025-10-13T19:48:13.453-0700][1256 ][info ][gc,cpu      ] GC(268) User=14.05s Sys=0.06s Real=0.16s
[2025-10-13T19:48:13.454-0700][1256 ][info ][safepoint   ] Safepoint "G1TryInitiateConcMark", Time since last: 479083514 ns, Reaching safepoint: 1654363 ns, Cleanup: 5147 ns, At safepoint: 158653330 ns, Total: 160312840 ns
[2025-10-13T19:48:13.532-0700][1089 ][info ][gc,marking  ] GC(269) Concurrent Scan Root Regions 81.053ms
[2025-10-13T19:48:13.532-0700][1089 ][info ][gc,marking  ] GC(269) Concurrent Mark
[2025-10-13T19:48:13.532-0700][1089 ][info ][gc,marking  ] GC(269) Concurrent Mark From Roots
[2025-10-13T19:48:13.532-0700][1089 ][info ][gc,task     ] GC(269) Using 36 workers of 36 for marking
[2025-10-13T19:48:13.696-0700][1089 ][info ][gc,marking  ] GC(269) Concurrent Mark From Roots 164.151ms
[2025-10-13T19:48:13.696-0700][1089 ][info ][gc,marking  ] GC(269) Concurrent Preclean
[2025-10-13T19:48:13.709-0700][1089 ][info ][gc,marking  ] GC(269) Concurrent Preclean 13.013ms
[2025-10-13T19:48:13.712-0700][1256 ][info ][gc,start    ] GC(269) Pause Remark
[2025-10-13T19:48:13.878-0700][1256 ][info ][gc          ] GC(269) Pause Remark 37236M->36852M(184320M) 166.731ms
[2025-10-13T19:48:13.880-0700][1256 ][info ][gc,cpu      ] GC(269) User=14.44s Sys=0.09s Real=0.16s
[2025-10-13T19:48:13.882-0700][1256 ][info ][safepoint   ] Safepoint "G1PauseRemark", Time since last: 254787662 ns, Reaching safepoint: 899221 ns, Cleanup: 4887 ns, At safepoint: 172434389 ns, Total: 173338497 ns
[2025-10-13T19:48:13.883-0700][1089 ][info ][gc,marking  ] GC(269) Concurrent Mark 350.803ms
[2025-10-13T19:48:13.883-0700][1089 ][info ][gc,marking  ] GC(269) Concurrent Rebuild Remembered Sets and Scrub Regions
[2025-10-13T19:48:14.237-0700][1089 ][info ][gc,marking  ] GC(269) Concurrent Rebuild Remembered Sets and Scrub Regions 354.367ms
[2025-10-13T19:48:14.254-0700][1256 ][info ][gc,start    ] GC(269) Pause Cleanup
[2025-10-13T19:48:14.256-0700][1256 ][info ][gc          ] GC(269) Pause Cleanup 41405M->41405M(184320M) 2.038ms
[2025-10-13T19:48:14.258-0700][1256 ][info ][gc,cpu      ] GC(269) User=0.02s Sys=0.00s Real=0.00s
[2025-10-13T19:48:14.259-0700][1256 ][info ][safepoint   ] Safepoint "G1PauseCleanup", Time since last: 354670006 ns, Reaching safepoint: 15452519 ns, Cleanup: 41252 ns, At safepoint: 6190426 ns, Total: 21684197 ns
[2025-10-13T19:48:14.259-0700][1089 ][info ][gc,marking  ] GC(269) Concurrent Clear Claimed Marks
[2025-10-13T19:48:14.260-0700][1089 ][info ][gc,marking  ] GC(269) Concurrent Clear Claimed Marks 1.166ms
[2025-10-13T19:48:14.260-0700][1089 ][info ][gc,marking  ] GC(269) Concurrent Cleanup for Next Mark
[2025-10-13T19:48:14.292-0700][1089 ][info ][gc,marking  ] GC(269) Concurrent Cleanup for Next Mark 32.408ms
[2025-10-13T19:48:14.293-0700][1089 ][info ][gc          ] GC(269) Concurrent Mark Cycle 841.905ms
[2025-10-13T19:48:15.260-0700][1256 ][info ][safepoint   ] Safepoint "Cleanup", Time since last: 1000111295 ns, Reaching safepoint: 836977 ns, Cleanup: 12288 ns, At safepoint: 385734 ns, Total: 1234999 ns
[2025-10-13T19:48:16.262-0700][1256 ][info ][safepoint   ] Safepoint "Cleanup", Time since last: 1000070821 ns, Reaching safepoint: 862836 ns, Cleanup: 9855 ns, At safepoint: 911629 ns, Total: 1784320 ns
[2025-10-13T19:48:17.264-0700][1256 ][info ][safepoint   ] Safepoint "Cleanup", Time since last: 1000127521 ns, Reaching safepoint: 871649 ns, Cleanup: 13190 ns, At safepoint: 745348 ns, Total: 1630187 ns
[2025-10-13T19:48:19.265-0700][1256 ][info ][safepoint   ] Safepoint "Cleanup", Time since last: 2000185837 ns, Reaching safepoint: 770526 ns, Cleanup: 18638 ns, At safepoint: 223188 ns, Total: 1012352 ns
[2025-10-13T19:48:20.266-0700][1256 ][info ][safepoint   ] Safepoint "Cleanup", Time since last: 1000104606 ns, Reaching safepoint: 873843 ns, Cleanup: 21673 ns, At safepoint: 436791 ns, Total: 1332307 ns
[2025-10-13T19:48:20.644-0700][1256 ][info ][gc,start    ] GC(270) Pause Young (Prepare Mixed) (G1 Evacuation Pause)
[2025-10-13T19:48:20.644-0700][1256 ][info ][gc,task     ] GC(270) Using 113 workers of 113 for evacuation
[2025-10-13T19:48:20.659-0700][1256 ][debug][gc,remset   ] GC(270) Visited cards 9122048 Total dirty 53870592 (16.93%) Total old 417792000 (2.18%)
[2025-10-13T19:48:20.815-0700][1256 ][info ][gc,phases   ] GC(270)   Pre Evacuate Collection Set: 0.7ms
[2025-10-13T19:48:20.815-0700][1256 ][info ][gc,phases   ] GC(270)   Merge Heap Roots: 14.3ms
[2025-10-13T19:48:20.815-0700][1256 ][info ][gc,phases   ] GC(270)   Evacuate Collection Set: 141.3ms
[2025-10-13T19:48:20.815-0700][1256 ][info ][gc,phases   ] GC(270)   Post Evacuate Collection Set: 14.6ms
[2025-10-13T19:48:20.815-0700][1256 ][info ][gc,phases   ] GC(270)   Other: 0.2ms
[2025-10-13T19:48:20.815-0700][1256 ][debug][gc,remset   ] GC(270) Coarsening (recent): Inline->AoC 140651 (0) AoC->Howl 5253 (1) Howl->Full 0 (0) Inline->AoC 22308 (1) AoC->BitMap 6278 (0) BitMap->Full 0 (0) 
[2025-10-13T19:48:20.815-0700][1256 ][debug][gc,remset   ] GC(270) Coarsening (all): Inline->AoC 8276079 (185) AoC->Howl 149536 (700) Howl->Full 0 (0) Inline->AoC 582377 (245) AoC->BitMap 176901 (554) BitMap->Full 19 (0) 
[2025-10-13T19:48:20.815-0700][1256 ][info ][gc,heap     ] GC(270) Eden regions: 2563->0(2052)
[2025-10-13T19:48:20.815-0700][1256 ][info ][gc,heap     ] GC(270) Survivor regions: 187->224(344)
[2025-10-13T19:48:20.815-0700][1256 ][info ][gc,heap     ] GC(270) Old regions: 855->855
[2025-10-13T19:48:20.815-0700][1256 ][info ][gc,heap     ] GC(270) Humongous regions: 20->0
[2025-10-13T19:48:20.815-0700][1256 ][info ][gc,metaspace] GC(270) Metaspace: 321680K(327936K)->321680K(327936K) NonClass: 283216K(286592K)->283216K(286592K) Class: 38464K(41344K)->38464K(41344K)
[2025-10-13T19:48:20.815-0700][1256 ][info ][gc          ] GC(270) Pause Young (Prepare Mixed) (G1 Evacuation Pause) 115965M->34496M(184320M) 171.315ms
[2025-10-13T19:48:20.817-0700][1256 ][info ][gc,cpu      ] GC(270) User=16.15s Sys=0.21s Real=0.17s
[2025-10-13T19:48:20.818-0700][1256 ][info ][safepoint   ] Safepoint "G1CollectForAllocation", Time since last: 375083342 ns, Reaching safepoint: 901114 ns, Cleanup: 17376 ns, At safepoint: 176003114 ns, Total: 176921604 ns
[2025-10-13T19:48:21.820-0700][1256 ][info ][safepoint   ] Safepoint "Cleanup", Time since last: 1000087300 ns, Reaching safepoint: 832860 ns, Cleanup: 37497 ns, At safepoint: 328016 ns, Total: 1198373 ns
[2025-10-13T19:48:22.836-0700][1256 ][info ][safepoint   ] Safepoint "Cleanup", Time since last: 1000109985 ns, Reaching safepoint: 13514163 ns, Cleanup: 35263 ns, At safepoint: 2573976 ns, Total: 16123402 ns
[2025-10-13T19:48:23.841-0700][1256 ][info ][safepoint   ] Safepoint "Cleanup", Time since last: 1001116888 ns, Reaching safepoint: 2994902 ns, Cleanup: 17186 ns, At safepoint: 907694 ns, Total: 3919782 ns
[2025-10-13T19:48:25.843-0700][1256 ][info ][safepoint   ] Safepoint "Cleanup", Time since last: 2000218156 ns, Reaching safepoint: 932441 ns, Cleanup: 14262 ns, At safepoint: 549221 ns, Total: 1495924 ns
[2025-10-13T19:48:27.473-0700][1256 ][info ][gc,start    ] GC(271) Pause Young (Mixed) (G1 Evacuation Pause)
[2025-10-13T19:48:27.473-0700][1256 ][info ][gc,task     ] GC(271) Using 113 workers of 113 for evacuation
[2025-10-13T19:48:27.488-0700][1256 ][debug][gc,remset   ] GC(271) Visited cards 9087488 Total dirty 52363264 (17.35%) Total old 380633088 (2.39%)
[2025-10-13T19:48:27.671-0700][1256 ][info ][gc,phases   ] GC(271)   Pre Evacuate Collection Set: 0.7ms
[2025-10-13T19:48:27.671-0700][1256 ][info ][gc,phases   ] GC(271)   Merge Heap Roots: 13.6ms
[2025-10-13T19:48:27.671-0700][1256 ][info ][gc,phases   ] GC(271)   Evacuate Collection Set: 167.8ms
[2025-10-13T19:48:27.671-0700][1256 ][info ][gc,phases   ] GC(271)   Post Evacuate Collection Set: 15.7ms
[2025-10-13T19:48:27.671-0700][1256 ][info ][gc,phases   ] GC(271)   Other: 0.2ms
[2025-10-13T19:48:27.671-0700][1256 ][debug][gc,remset   ] GC(271) Coarsening (recent): Inline->AoC 27479 (0) AoC->Howl 138 (0) Howl->Full 0 (0) Inline->AoC 703 (0) AoC->BitMap 48 (0) BitMap->Full 0 (0) 
[2025-10-13T19:48:27.671-0700][1256 ][debug][gc,remset   ] GC(271) Coarsening (all): Inline->AoC 8303558 (185) AoC->Howl 149674 (700) Howl->Full 0 (0) Inline->AoC 583080 (245) AoC->BitMap 176949 (554) BitMap->Full 19 (0) 
[2025-10-13T19:48:27.671-0700][1256 ][info ][gc,heap     ] GC(271) Eden regions: 2223->0(2027)
[2025-10-13T19:48:27.671-0700][1256 ][info ][gc,heap     ] GC(271) Survivor regions: 224->217(306)
[2025-10-13T19:48:27.671-0700][1256 ][info ][gc,heap     ] GC(271) Old regions: 855->875
[2025-10-13T19:48:27.671-0700][1256 ][info ][gc,heap     ] GC(271) Humongous regions: 21->0
[2025-10-13T19:48:27.671-0700][1256 ][info ][gc,metaspace] GC(271) Metaspace: 321697K(327936K)->321697K(327936K) NonClass: 283232K(286592K)->283232K(286592K) Class: 38465K(41344K)->38465K(41344K)
[2025-10-13T19:48:27.671-0700][1256 ][info ][gc          ] GC(271) Pause Young (Mixed) (G1 Evacuation Pause) 106304M->34904M(184320M) 198.096ms
[2025-10-13T19:48:27.673-0700][1256 ][info ][gc,cpu      ] GC(271) User=18.97s Sys=0.30s Real=0.20s
[2025-10-13T19:48:27.674-0700][1256 ][info ][safepoint   ] Safepoint "G1CollectForAllocation", Time since last: 1627983514 ns, Reaching safepoint: 926372 ns, Cleanup: 28123 ns, At safepoint: 202827350 ns, Total: 203781845 ns
[2025-10-13T19:48:29.676-0700][1256 ][info ][safepoint   ] Safepoint "Cleanup", Time since last: 2000146838 ns, Reaching safepoint: 869276 ns, Cleanup: 22864 ns, At safepoint: 252002 ns, Total: 1144142 ns
[2025-10-13T19:48:30.932-0700][1256 ][info ][gc,start    ] GC(272) Pause Young (Mixed) (G1 Evacuation Pause)
[2025-10-13T19:48:30.932-0700][1256 ][info ][gc,task     ] GC(272) Using 113 workers of 113 for evacuation
[2025-10-13T19:48:30.945-0700][1256 ][debug][gc,remset   ] GC(272) Visited cards 9594368 Total dirty 54394880 (17.64%) Total old 370671616 (2.59%)
[2025-10-13T19:48:31.179-0700][1256 ][info ][gc,mmu      ] GC(272) MMU target violated: 201.0ms (200.0ms/201.0ms)
[2025-10-13T19:48:31.179-0700][1256 ][info ][gc,phases   ] GC(272)   Pre Evacuate Collection Set: 1.3ms
[2025-10-13T19:48:31.179-0700][1256 ][info ][gc,phases   ] GC(272)   Merge Heap Roots: 12.0ms
[2025-10-13T19:48:31.179-0700][1256 ][info ][gc,phases   ] GC(272)   Evacuate Collection Set: 218.6ms
[2025-10-13T19:48:31.179-0700][1256 ][info ][gc,phases   ] GC(272)   Post Evacuate Collection Set: 14.6ms
[2025-10-13T19:48:31.179-0700][1256 ][info ][gc,phases   ] GC(272)   Other: 0.2ms
[2025-10-13T19:48:31.179-0700][1256 ][debug][gc,remset   ] GC(272) Coarsening (recent): Inline->AoC 27207 (0) AoC->Howl 190 (0) Howl->Full 0 (0) Inline->AoC 724 (0) AoC->BitMap 122 (0) BitMap->Full 0 (0) 
[2025-10-13T19:48:31.179-0700][1256 ][debug][gc,remset   ] GC(272) Coarsening (all): Inline->AoC 8330765 (185) AoC->Howl 149864 (700) Howl->Full 0 (0) Inline->AoC 583804 (245) AoC->BitMap 177071 (554) BitMap->Full 19 (0) 
[2025-10-13T19:48:31.179-0700][1256 ][info ][gc,heap     ] GC(272) Eden regions: 2152->0(813)
[2025-10-13T19:48:31.179-0700][1256 ][info ][gc,heap     ] GC(272) Survivor regions: 217->249(297)
[2025-10-13T19:48:31.179-0700][1256 ][info ][gc,heap     ] GC(272) Old regions: 875->938
[2025-10-13T19:48:31.179-0700][1256 ][info ][gc,heap     ] GC(272) Humongous regions: 5->0
[2025-10-13T19:48:31.179-0700][1256 ][info ][gc,metaspace] GC(272) Metaspace: 321706K(327936K)->321706K(327936K) NonClass: 283239K(286592K)->283239K(286592K) Class: 38466K(41344K)->38466K(41344K)
[2025-10-13T19:48:31.179-0700][1256 ][info ][gc          ] GC(272) Pause Young (Mixed) (G1 Evacuation Pause) 103928M->37940M(184320M) 246.959ms
[2025-10-13T19:48:31.181-0700][1256 ][info ][gc,cpu      ] GC(272) User=24.01s Sys=0.13s Real=0.25s
[2025-10-13T19:48:31.182-0700][1256 ][info ][safepoint   ] Safepoint "G1CollectForAllocation", Time since last: 1253378465 ns, Reaching safepoint: 967534 ns, Cleanup: 14492 ns, At safepoint: 251948504 ns, Total: 252930530 ns
[2025-10-13T19:48:32.183-0700][1256 ][info ][safepoint   ] Safepoint "Cleanup", Time since last: 1000099929 ns, Reaching safepoint: 943609 ns, Cleanup: 16134 ns, At safepoint: 355057 ns, Total: 1314800 ns
[2025-10-13T19:48:32.246-0700][1256 ][debug][gc,jni      ] Setting _needs_gc. Thread "VM Thread" 1 locked.
[2025-10-13T19:48:32.247-0700][2359 ][debug][gc,jni      ] Performing GC after exiting critical section. Thread "http-worker-1213" 0 locked.
[2025-10-13T19:48:32.247-0700][1256 ][info ][safepoint   ] Safepoint "G1CollectForAllocation", Time since last: 61697056 ns, Reaching safepoint: 1284454 ns, Cleanup: 4968 ns, At safepoint: 558625 ns, Total: 1848047 ns
[2025-10-13T19:48:32.247-0700][33596][debug][gc,jni      ] Allocation failed. Thread stalled by JNI critical section. Thread "hive-prism-1769" 0 locked.
[2025-10-13T19:48:32.247-0700][18816][debug][gc,jni      ] Allocation failed. Thread stalled by JNI critical section. Thread "task-event-loop-83" 0 locked.
[2025-10-13T19:48:32.247-0700][19049][debug][gc,jni      ] Allocation failed. Thread stalled by JNI critical section. Thread "task-event-loop-291" 0 locked.
[2025-10-13T19:48:32.247-0700][19825][debug][gc,jni      ] Allocation failed. Thread stalled by JNI critical section. Thread "hive-async-partition-fetcher-19" 0 locked.
[2025-10-13T19:48:32.247-0700][18700][debug][gc,jni      ] Allocation failed. Thread stalled by JNI critical section. Thread "drift-client-247" 0 locked.
[2025-10-13T19:48:32.248-0700][19064][debug][gc,jni      ] Allocation failed. Thread stalled by JNI critical section. Thread "task-event-loop-306" 0 locked.
[2025-10-13T19:48:32.248-0700][19070][debug][gc,jni      ] Allocation failed. Thread stalled by JNI critical section. Thread "task-event-loop-312" 0 locked.
[2025-10-13T19:48:32.248-0700][19212][debug][gc,jni      ] Allocation failed. Thread stalled by JNI critical section. Thread "task-event-loop-451" 0 locked.
[2025-10-13T19:48:32.248-0700][18944][debug][gc,jni      ] Allocation failed. Thread stalled by JNI critical section. Thread "task-event-loop-207" 0 locked.
[2025-10-13T19:48:32.248-0700][19611][debug][gc,jni      ] Allocation failed. Thread stalled by JNI critical section. Thread "event-loop-epoll-48" 0 locked.
[2025-10-13T19:48:32.248-0700][19091][debug][gc,jni      ] Allocation failed. Thread stalled by JNI critical section. Thread "task-event-loop-333" 0 locked.
[2025-10-13T19:48:32.248-0700][19184][debug][gc,jni      ] Allocation failed. Thread stalled by JNI critical section. Thread "task-event-loop-423" 0 locked.
[2025-10-13T19:48:32.248-0700][19827][debug][gc,jni      ] Allocation failed. Thread stalled by JNI critical section. Thread "hive-async-partition-fetcher-17" 0 locked.
[2025-10-13T19:48:32.250-0700][1256 ][info ][gc,start    ] GC(273) Pause Young (Mixed) (GCLocker Initiated GC)
[2025-10-13T19:48:32.250-0700][1256 ][info ][gc,task     ] GC(273) Using 113 workers of 113 for evacuation
[2025-10-13T19:48:32.263-0700][1256 ][debug][gc,remset   ] GC(273) Visited cards 10462208 Total dirty 58523648 (17.88%) Total old 220856320 (4.74%)
[2025-10-13T19:48:32.447-0700][1256 ][info ][gc,phases   ] GC(273)   Pre Evacuate Collection Set: 0.9ms
[2025-10-13T19:48:32.447-0700][1256 ][info ][gc,phases   ] GC(273)   Merge Heap Roots: 11.4ms
[2025-10-13T19:48:32.447-0700][1256 ][info ][gc,phases   ] GC(273)   Evacuate Collection Set: 175.0ms
[2025-10-13T19:48:32.447-0700][1256 ][info ][gc,phases   ] GC(273)   Post Evacuate Collection Set: 9.5ms
[2025-10-13T19:48:32.447-0700][1256 ][info ][gc,phases   ] GC(273)   Other: 0.1ms
[2025-10-13T19:48:32.447-0700][1256 ][debug][gc,remset   ] GC(273) Coarsening (recent): Inline->AoC 17325 (6) AoC->Howl 366 (29) Howl->Full 0 (0) Inline->AoC 966 (11) AoC->BitMap 332 (40) BitMap->Full 0 (0) 
[2025-10-13T19:48:32.447-0700][1256 ][debug][gc,remset   ] GC(273) Coarsening (all): Inline->AoC 8348090 (191) AoC->Howl 150230 (729) Howl->Full 0 (0) Inline->AoC 584770 (256) AoC->BitMap 177403 (594) BitMap->Full 19 (0) 
[2025-10-13T19:48:32.447-0700][1256 ][info ][gc,heap     ] GC(273) Eden regions: 947->0(2902)
[2025-10-13T19:48:32.447-0700][1256 ][info ][gc,heap     ] GC(273) Survivor regions: 249->112(150)
[2025-10-13T19:48:32.447-0700][1256 ][info ][gc,heap     ] GC(273) Old regions: 938->1092
[2025-10-13T19:48:32.447-0700][1256 ][info ][gc,heap     ] GC(273) Humongous regions: 2->0
[2025-10-13T19:48:32.447-0700][1256 ][info ][gc,metaspace] GC(273) Metaspace: 321706K(327936K)->321706K(327936K) NonClass: 283239K(286592K)->283239K(286592K) Class: 38466K(41344K)->38466K(41344K)
[2025-10-13T19:48:32.447-0700][1256 ][info ][gc          ] GC(273) Pause Young (Mixed) (GCLocker Initiated GC) 68308M->38503M(184320M) 197.089ms
[2025-10-13T19:48:32.449-0700][1256 ][info ][gc,cpu      ] GC(273) User=18.61s Sys=0.03s Real=0.19s
[2025-10-13T19:48:32.450-0700][19751][debug][gc,jni      ] Allocation failed. Thread stalled by JNI critical section. Thread "event-loop-epoll-169" 0 locked.
[2025-10-13T19:48:32.450-0700][19660][debug][gc,jni      ] Allocation failed. Thread stalled by JNI critical section. Thread "event-loop-epoll-79" 0 locked.
[2025-10-13T19:48:32.450-0700][19815][debug][gc,jni      ] Allocation failed. Thread stalled by JNI critical section. Thread "hive-async-partition-fetcher-13" 0 locked.
[2025-10-13T19:48:32.450-0700][29944][debug][gc,jni      ] Allocation failed. Thread stalled by JNI critical section. Thread "hive-prism-directory-lister-760" 0 locked.
[2025-10-13T19:48:32.450-0700][19599][debug][gc,jni      ] Allocation failed. Thread stalled by JNI critical section. Thread "event-loop-epoll-12" 0 locked.
[2025-10-13T19:48:32.450-0700][3906 ][debug][gc,jni      ] Allocation failed. Thread stalled by JNI critical section. Thread "thrift-eventloop-33" 0 locked.
[2025-10-13T19:48:32.450-0700][31946][debug][gc,jni      ] Allocation failed. Thread stalled by JNI critical section. Thread "hive-prism-directory-lister-839" 0 locked.
[2025-10-13T19:48:32.450-0700][18718][debug][gc,jni      ] Allocation failed. Thread stalled by JNI critical section. Thread "hive-async-partition-fetcher-1" 0 locked.
[2025-10-13T19:48:32.450-0700][33683][debug][gc,jni      ] Allocation failed. Thread stalled by JNI critical section. Thread "hive-prism-1795" 0 locked.
[2025-10-13T19:48:32.450-0700][33541][debug][gc,jni      ] Allocation failed. Thread stalled by JNI critical section. Thread "hive-prism-1728" 0 locked.
[2025-10-13T19:48:32.451-0700][1256 ][info ][safepoint   ] Safepoint "G1CollectForAllocation", Time since last: 568260 ns, Reaching safepoint: 1017130 ns, Cleanup: 3555 ns, At safepoint: 202008181 ns, Total: 203028866 ns
[2025-10-13T19:48:33.452-0700][1256 ][info ][safepoint   ] Safepoint "Cleanup", Time since last: 1000090635 ns, Reaching safepoint: 1070049 ns, Cleanup: 13040 ns, At safepoint: 336559 ns, Total: 1419648 ns
[2025-10-13T19:48:36.688-0700][1256 ][info ][gc,start    ] GC(274) Pause Young (Mixed) (G1 Evacuation Pause)
[2025-10-13T19:48:36.688-0700][1256 ][info ][gc,task     ] GC(274) Using 113 workers of 113 for evacuation
[2025-10-13T19:48:36.703-0700][1256 ][debug][gc,remset   ] GC(274) Visited cards 11716608 Total dirty 68157440 (17.19%) Total old 485228544 (2.41%)
[2025-10-13T19:48:36.836-0700][1256 ][info ][gc,phases   ] GC(274)   Pre Evacuate Collection Set: 0.8ms
[2025-10-13T19:48:36.836-0700][1256 ][info ][gc,phases   ] GC(274)   Merge Heap Roots: 13.6ms
[2025-10-13T19:48:36.836-0700][1256 ][info ][gc,phases   ] GC(274)   Evacuate Collection Set: 122.5ms
[2025-10-13T19:48:36.836-0700][1256 ][info ][gc,phases   ] GC(274)   Post Evacuate Collection Set: 10.2ms
[2025-10-13T19:48:36.836-0700][1256 ][info ][gc,phases   ] GC(274)   Other: 0.2ms
[2025-10-13T19:48:36.836-0700][1256 ][debug][gc,remset   ] GC(274) Coarsening (recent): Inline->AoC 17305 (0) AoC->Howl 216 (0) Howl->Full 0 (0) Inline->AoC 559 (0) AoC->BitMap 203 (0) BitMap->Full 0 (0) 
[2025-10-13T19:48:36.836-0700][1256 ][debug][gc,remset   ] GC(274) Coarsening (all): Inline->AoC 8365395 (191) AoC->Howl 150446 (729) Howl->Full 0 (0) Inline->AoC 585329 (256) AoC->BitMap 177606 (594) BitMap->Full 19 (0) 
[2025-10-13T19:48:36.836-0700][1256 ][info ][gc,heap     ] GC(274) Eden regions: 3020->0(1694)
[2025-10-13T19:48:36.836-0700][1256 ][info ][gc,heap     ] GC(274) Survivor regions: 112->200(392)
[2025-10-13T19:48:36.836-0700][1256 ][info ][gc,heap     ] GC(274) Old regions: 1092->1081
[2025-10-13T19:48:36.836-0700][1256 ][info ][gc,heap     ] GC(274) Humongous regions: 10->0
[2025-10-13T19:48:36.836-0700][1256 ][info ][gc,metaspace] GC(274) Metaspace: 321707K(327936K)->321707K(327936K) NonClass: 283241K(286592K)->283241K(286592K) Class: 38466K(41344K)->38466K(41344K)
[2025-10-13T19:48:36.836-0700][1256 ][info ][gc          ] GC(274) Pause Young (Mixed) (G1 Evacuation Pause) 135463M->40943M(184320M) 147.392ms
[2025-10-13T19:48:36.837-0700][1256 ][info ][gc,cpu      ] GC(274) User=14.57s Sys=0.10s Real=0.15s
[2025-10-13T19:48:36.839-0700][1256 ][info ][safepoint   ] Safepoint "G1CollectForAllocation", Time since last: 3233509731 ns, Reaching safepoint: 914624 ns, Cleanup: 4657 ns, At safepoint: 152142692 ns, Total: 153061973 ns
[2025-10-13T19:48:39.822-0700][1256 ][info ][gc,start    ] GC(275) Pause Young (Mixed) (G1 Evacuation Pause)
[2025-10-13T19:48:39.822-0700][1256 ][info ][gc,task     ] GC(275) Using 113 workers of 113 for evacuation
[2025-10-13T19:48:39.835-0700][1256 ][debug][gc,remset   ] GC(275) Visited cards 12326144 Total dirty 67829760 (18.17%) Total old 358088704 (3.44%)
[2025-10-13T19:48:39.995-0700][1256 ][info ][gc,phases   ] GC(275)   Pre Evacuate Collection Set: 0.7ms
[2025-10-13T19:48:39.995-0700][1256 ][info ][gc,phases   ] GC(275)   Merge Heap Roots: 12.1ms
[2025-10-13T19:48:39.995-0700][1256 ][info ][gc,phases   ] GC(275)   Evacuate Collection Set: 151.2ms
[2025-10-13T19:48:39.995-0700][1256 ][info ][gc,phases   ] GC(275)   Post Evacuate Collection Set: 8.8ms
[2025-10-13T19:48:39.995-0700][1256 ][info ][gc,phases   ] GC(275)   Other: 0.2ms
[2025-10-13T19:48:39.995-0700][1256 ][debug][gc,remset   ] GC(275) Coarsening (recent): Inline->AoC 11292 (0) AoC->Howl 91 (0) Howl->Full 0 (0) Inline->AoC 402 (0) AoC->BitMap 67 (0) BitMap->Full 0 (0) 
[2025-10-13T19:48:39.995-0700][1256 ][debug][gc,remset   ] GC(275) Coarsening (all): Inline->AoC 8376687 (191) AoC->Howl 150537 (729) Howl->Full 0 (0) Inline->AoC 585731 (256) AoC->BitMap 177673 (594) BitMap->Full 19 (0) 
[2025-10-13T19:48:39.995-0700][1256 ][info ][gc,heap     ] GC(275) Eden regions: 1971->0(1476)
[2025-10-13T19:48:39.995-0700][1256 ][info ][gc,heap     ] GC(275) Survivor regions: 200->218(272)
[2025-10-13T19:48:39.995-0700][1256 ][info ][gc,heap     ] GC(275) Old regions: 1081->1106
[2025-10-13T19:48:39.995-0700][1256 ][info ][gc,heap     ] GC(275) Humongous regions: 3->0
[2025-10-13T19:48:39.995-0700][1256 ][info ][gc,metaspace] GC(275) Metaspace: 321709K(327936K)->321709K(327936K) NonClass: 283242K(286592K)->283242K(286592K) Class: 38467K(41344K)->38467K(41344K)
[2025-10-13T19:48:39.995-0700][1256 ][info ][gc          ] GC(275) Pause Young (Mixed) (G1 Evacuation Pause) 104111M->42350M(184320M) 173.237ms
[2025-10-13T19:48:39.997-0700][1256 ][info ][gc,cpu      ] GC(275) User=18.05s Sys=0.00s Real=0.17s
[2025-10-13T19:48:39.998-0700][1256 ][info ][safepoint   ] Safepoint "G1CollectForAllocation", Time since last: 2980080475 ns, Reaching safepoint: 931280 ns, Cleanup: 8633 ns, At safepoint: 178307891 ns, Total: 179247804 ns
[2025-10-13T19:48:41.001-0700][1256 ][info ][safepoint   ] Safepoint "Cleanup", Time since last: 1000139990 ns, Reaching safepoint: 1741576 ns, Cleanup: 15483 ns, At safepoint: 1307789 ns, Total: 3064848 ns
[2025-10-13T19:48:42.898-0700][1256 ][info ][gc,start    ] GC(276) Pause Young (Mixed) (G1 Evacuation Pause)
[2025-10-13T19:48:42.898-0700][1256 ][info ][gc,task     ] GC(276) Using 113 workers of 113 for evacuation
[2025-10-13T19:48:42.912-0700][1256 ][debug][gc,remset   ] GC(276) Visited cards 12651008 Total dirty 66977792 (18.89%) Total old 306905088 (4.12%)
[2025-10-13T19:48:43.064-0700][1256 ][info ][gc,phases   ] GC(276)   Pre Evacuate Collection Set: 0.7ms
[2025-10-13T19:48:43.064-0700][1256 ][info ][gc,phases   ] GC(276)   Merge Heap Roots: 12.7ms
[2025-10-13T19:48:43.064-0700][1256 ][info ][gc,phases   ] GC(276)   Evacuate Collection Set: 142.0ms
[2025-10-13T19:48:43.064-0700][1256 ][info ][gc,phases   ] GC(276)   Post Evacuate Collection Set: 10.1ms
[2025-10-13T19:48:43.064-0700][1256 ][info ][gc,phases   ] GC(276)   Other: 0.1ms
[2025-10-13T19:48:43.064-0700][1256 ][debug][gc,remset   ] GC(276) Coarsening (recent): Inline->AoC 28720 (0) AoC->Howl 82 (0) Howl->Full 0 (0) Inline->AoC 257 (0) AoC->BitMap 62 (0) BitMap->Full 0 (0) 
[2025-10-13T19:48:43.064-0700][1256 ][debug][gc,remset   ] GC(276) Coarsening (all): Inline->AoC 8405407 (191) AoC->Howl 150619 (729) Howl->Full 0 (0) Inline->AoC 585988 (256) AoC->BitMap 177735 (594) BitMap->Full 19 (0) 
[2025-10-13T19:48:43.064-0700][1256 ][info ][gc,heap     ] GC(276) Eden regions: 1551->0(2936)
[2025-10-13T19:48:43.064-0700][1256 ][info ][gc,heap     ] GC(276) Survivor regions: 218->135(222)
[2025-10-13T19:48:43.064-0700][1256 ][info ][gc,heap     ] GC(276) Old regions: 1106->1194
[2025-10-13T19:48:43.064-0700][1256 ][info ][gc,heap     ] GC(276) Humongous regions: 1->0
[2025-10-13T19:48:43.064-0700][1256 ][info ][gc,metaspace] GC(276) Metaspace: 321711K(327936K)->321711K(327936K) NonClass: 283244K(286592K)->283244K(286592K) Class: 38467K(41344K)->38467K(41344K)
[2025-10-13T19:48:43.064-0700][1256 ][info ][gc          ] GC(276) Pause Young (Mixed) (G1 Evacuation Pause) 92014M->42497M(184320M) 165.848ms
[2025-10-13T19:48:43.066-0700][1256 ][info ][gc,cpu      ] GC(276) User=16.08s Sys=0.16s Real=0.17s
[2025-10-13T19:48:43.068-0700][1256 ][info ][safepoint   ] Safepoint "G1CollectForAllocation", Time since last: 1894367155 ns, Reaching safepoint: 908195 ns, Cleanup: 15403 ns, At safepoint: 171077599 ns, Total: 172001197 ns
[2025-10-13T19:48:45.069-0700][1256 ][info ][safepoint   ] Safepoint "Cleanup", Time since last: 2000128900 ns, Reaching safepoint: 955817 ns, Cleanup: 16475 ns, At safepoint: 273734 ns, Total: 1246026 ns
[2025-10-13T19:48:46.070-0700][1256 ][info ][safepoint   ] Safepoint "Cleanup", Time since last: 1000101141 ns, Reaching safepoint: 931319 ns, Cleanup: 29385 ns, At safepoint: 323560 ns, Total: 1284264 ns
[2025-10-13T19:48:47.077-0700][1256 ][info ][safepoint   ] Safepoint "Cleanup", Time since last: 1000097054 ns, Reaching safepoint: 4221980 ns, Cleanup: 17757 ns, At safepoint: 1906646 ns, Total: 6146383 ns
[2025-10-13T19:48:50.079-0700][1256 ][info ][safepoint   ] Safepoint "Cleanup", Time since last: 3000261635 ns, Reaching safepoint: 977930 ns, Cleanup: 12990 ns, At safepoint: 800080 ns, Total: 1791000 ns
[2025-10-13T19:48:51.082-0700][1256 ][info ][safepoint   ] Safepoint "Cleanup", Time since last: 1000132002 ns, Reaching safepoint: 1409192 ns, Cleanup: 42505 ns, At safepoint: 1410003 ns, Total: 2861700 ns
[2025-10-13T19:48:53.084-0700][1256 ][info ][safepoint   ] Safepoint "Cleanup", Time since last: 2000189812 ns, Reaching safepoint: 970488 ns, Cleanup: 13961 ns, At safepoint: 773420 ns, Total: 1757869 ns
[2025-10-13T19:48:53.669-0700][1256 ][info ][gc,start    ] GC(277) Pause Young (Mixed) (G1 Evacuation Pause)
[2025-10-13T19:48:53.669-0700][1256 ][info ][gc,task     ] GC(277) Using 113 workers of 113 for evacuation
[2025-10-13T19:48:53.684-0700][1256 ][debug][gc,remset   ] GC(277) Visited cards 13334272 Total dirty 72417280 (18.41%) Total old 486277120 (2.74%)
[2025-10-13T19:48:53.816-0700][1256 ][info ][gc,phases   ] GC(277)   Pre Evacuate Collection Set: 0.8ms
[2025-10-13T19:48:53.816-0700][1256 ][info ][gc,phases   ] GC(277)   Merge Heap Roots: 14.2ms
[2025-10-13T19:48:53.816-0700][1256 ][info ][gc,phases   ] GC(277)   Evacuate Collection Set: 117.7ms
[2025-10-13T19:48:53.816-0700][1256 ][info ][gc,phases   ] GC(277)   Post Evacuate Collection Set: 14.5ms
[2025-10-13T19:48:53.816-0700][1256 ][info ][gc,phases   ] GC(277)   Other: 0.2ms
[2025-10-13T19:48:53.816-0700][1256 ][debug][gc,remset   ] GC(277) Coarsening (recent): Inline->AoC 47334 (0) AoC->Howl 45 (0) Howl->Full 0 (0) Inline->AoC 178 (0) AoC->BitMap 21 (0) BitMap->Full 0 (0) 
[2025-10-13T19:48:53.816-0700][1256 ][debug][gc,remset   ] GC(277) Coarsening (all): Inline->AoC 8452741 (191) AoC->Howl 150664 (729) Howl->Full 0 (0) Inline->AoC 586166 (256) AoC->BitMap 177756 (594) BitMap->Full 19 (0) 
[2025-10-13T19:48:53.816-0700][1256 ][info ][gc,heap     ] GC(277) Eden regions: 2951->0(2438)
[2025-10-13T19:48:53.816-0700][1256 ][info ][gc,heap     ] GC(277) Survivor regions: 135->182(386)
[2025-10-13T19:48:53.816-0700][1256 ][info ][gc,heap     ] GC(277) Old regions: 1194->1175
[2025-10-13T19:48:53.816-0700][1256 ][info ][gc,heap     ] GC(277) Humongous regions: 16->0
[2025-10-13T19:48:53.816-0700][1256 ][info ][gc,metaspace] GC(277) Metaspace: 321796K(328000K)->321796K(328000K) NonClass: 283317K(286656K)->283317K(286656K) Class: 38479K(41344K)->38479K(41344K)
[2025-10-13T19:48:53.816-0700][1256 ][info ][gc          ] GC(277) Pause Young (Mixed) (G1 Evacuation Pause) 137441M->43396M(184320M) 147.636ms
[2025-10-13T19:48:53.818-0700][1256 ][info ][gc,cpu      ] GC(277) User=14.04s Sys=0.30s Real=0.15s
[2025-10-13T19:48:53.819-0700][1256 ][info ][safepoint   ] Safepoint "G1CollectForAllocation", Time since last: 582386867 ns, Reaching safepoint: 896286 ns, Cleanup: 4767 ns, At safepoint: 152499982 ns, Total: 153401035 ns
[2025-10-13T19:48:54.821-0700][1256 ][info ][safepoint   ] Safepoint "Cleanup", Time since last: 1000089778 ns, Reaching safepoint: 1109358 ns, Cleanup: 13160 ns, At safepoint: 506647 ns, Total: 1629165 ns
[2025-10-13T19:48:59.823-0700][1256 ][info ][safepoint   ] Safepoint "Cleanup", Time since last: 5000322429 ns, Reaching safepoint: 921554 ns, Cleanup: 12789 ns, At safepoint: 429811 ns, Total: 1364154 ns
[2025-10-13T19:49:00.029-0700][1256 ][info ][gc,start    ] GC(278) Pause Young (Mixed) (G1 Evacuation Pause)
[2025-10-13T19:49:00.029-0700][1256 ][info ][gc,task     ] GC(278) Using 113 workers of 113 for evacuation
[2025-10-13T19:49:00.042-0700][1256 ][debug][gc,remset   ] GC(278) Visited cards 14294272 Total dirty 71565312 (19.97%) Total old 431685632 (3.31%)
[2025-10-13T19:49:00.186-0700][1256 ][info ][gc,phases   ] GC(278)   Pre Evacuate Collection Set: 0.7ms
[2025-10-13T19:49:00.186-0700][1256 ][info ][gc,phases   ] GC(278)   Merge Heap Roots: 13.0ms
[2025-10-13T19:49:00.186-0700][1256 ][info ][gc,phases   ] GC(278)   Evacuate Collection Set: 132.3ms
[2025-10-13T19:49:00.186-0700][1256 ][info ][gc,phases   ] GC(278)   Post Evacuate Collection Set: 11.6ms
[2025-10-13T19:49:00.186-0700][1256 ][info ][gc,phases   ] GC(278)   Other: 0.2ms
[2025-10-13T19:49:00.186-0700][1256 ][debug][gc,remset   ] GC(278) Coarsening (recent): Inline->AoC 41600 (0) AoC->Howl 60 (0) Howl->Full 0 (0) Inline->AoC 305 (0) AoC->BitMap 25 (0) BitMap->Full 0 (0) 
[2025-10-13T19:49:00.187-0700][1256 ][debug][gc,remset   ] GC(278) Coarsening (all): Inline->AoC 8494341 (191) AoC->Howl 150724 (729) Howl->Full 0 (0) Inline->AoC 586471 (256) AoC->BitMap 177781 (594) BitMap->Full 19 (0) 
[2025-10-13T19:49:00.187-0700][1256 ][info ][gc,heap     ] GC(278) Eden regions: 2502->0(2484)
[2025-10-13T19:49:00.187-0700][1256 ][info ][gc,heap     ] GC(278) Survivor regions: 182->223(336)
[2025-10-13T19:49:00.187-0700][1256 ][info ][gc,heap     ] GC(278) Old regions: 1175->1149
[2025-10-13T19:49:00.187-0700][1256 ][info ][gc,heap     ] GC(278) Humongous regions: 9->0
[2025-10-13T19:49:00.187-0700][1256 ][info ][gc,metaspace] GC(278) Metaspace: 321804K(328000K)->321804K(328000K) NonClass: 283325K(286656K)->283325K(286656K) Class: 38479K(41344K)->38479K(41344K)
[2025-10-13T19:49:00.187-0700][1256 ][info ][gc          ] GC(278) Pause Young (Mixed) (G1 Evacuation Pause) 123748M->43863M(184320M) 158.044ms
[2025-10-13T19:49:00.188-0700][1256 ][info ][gc,cpu      ] GC(278) User=15.31s Sys=0.16s Real=0.16s
[2025-10-13T19:49:00.190-0700][1256 ][info ][safepoint   ] Safepoint "G1CollectForAllocation", Time since last: 203178577 ns, Reaching safepoint: 788694 ns, Cleanup: 4907 ns, At safepoint: 162966307 ns, Total: 163759908 ns
[2025-10-13T19:49:00.983-0700][1256 ][info ][gc,start    ] GC(279) Pause Young (Concurrent Start) (G1 Humongous Allocation)
[2025-10-13T19:49:00.983-0700][1256 ][info ][gc,task     ] GC(279) Using 113 workers of 113 for evacuation
[2025-10-13T19:49:00.994-0700][1256 ][debug][gc,remset   ] GC(279) Visited cards 10409472 Total dirty 66584576 (15.63%) Total old 131792896 (7.90%)
[2025-10-13T19:49:01.123-0700][1256 ][info ][gc,phases   ] GC(279)   Pre Evacuate Collection Set: 1.0ms
[2025-10-13T19:49:01.123-0700][1256 ][info ][gc,phases   ] GC(279)   Merge Heap Roots: 10.4ms
[2025-10-13T19:49:01.123-0700][1256 ][info ][gc,phases   ] GC(279)   Evacuate Collection Set: 120.7ms
[2025-10-13T19:49:01.123-0700][1256 ][info ][gc,phases   ] GC(279)   Post Evacuate Collection Set: 7.7ms
[2025-10-13T19:49:01.123-0700][1256 ][info ][gc,phases   ] GC(279)   Other: 0.1ms
[2025-10-13T19:49:01.123-0700][1256 ][debug][gc,remset   ] GC(279) Coarsening (recent): Inline->AoC 0 (0) AoC->Howl 0 (0) Howl->Full 0 (0) Inline->AoC 0 (0) AoC->BitMap 0 (0) BitMap->Full 0 (0) 
[2025-10-13T19:49:01.123-0700][1256 ][debug][gc,remset   ] GC(279) Coarsening (all): Inline->AoC 8494341 (191) AoC->Howl 150724 (729) Howl->Full 0 (0) Inline->AoC 586471 (256) AoC->BitMap 177781 (594) BitMap->Full 19 (0) 
[2025-10-13T19:49:01.123-0700][1256 ][info ][gc,heap     ] GC(279) Eden regions: 208->0(2119)
[2025-10-13T19:49:01.123-0700][1256 ][info ][gc,heap     ] GC(279) Survivor regions: 223->161(380)
[2025-10-13T19:49:01.123-0700][1256 ][info ][gc,heap     ] GC(279) Old regions: 1149->1213
[2025-10-13T19:49:01.123-0700][1256 ][info ][gc,heap     ] GC(279) Humongous regions: 0->0
[2025-10-13T19:49:01.123-0700][1256 ][info ][gc,metaspace] GC(279) Metaspace: 321846K(328064K)->321846K(328064K) NonClass: 283356K(286720K)->283356K(286720K) Class: 38489K(41344K)->38489K(41344K)
[2025-10-13T19:49:01.123-0700][1256 ][info ][gc          ] GC(279) Pause Young (Concurrent Start) (G1 Humongous Allocation) 50509M->43951M(184320M) 140.141ms
[2025-10-13T19:49:01.123-0700][1089 ][info ][gc          ] GC(280) Concurrent Mark Cycle
[2025-10-13T19:49:01.123-0700][1089 ][info ][gc,marking  ] GC(280) Concurrent Scan Root Regions
[2025-10-13T19:49:01.125-0700][1256 ][info ][gc,cpu      ] GC(279) User=13.97s Sys=0.00s Real=0.14s
[2025-10-13T19:49:01.127-0700][1256 ][info ][safepoint   ] Safepoint "G1TryInitiateConcMark", Time since last: 789575491 ns, Reaching safepoint: 1723678 ns, Cleanup: 16485 ns, At safepoint: 146107600 ns, Total: 147847763 ns
[2025-10-13T19:49:01.191-0700][1089 ][info ][gc,marking  ] GC(280) Concurrent Scan Root Regions 67.233ms
[2025-10-13T19:49:01.191-0700][1089 ][info ][gc,marking  ] GC(280) Concurrent Mark
[2025-10-13T19:49:01.191-0700][1089 ][info ][gc,marking  ] GC(280) Concurrent Mark From Roots
[2025-10-13T19:49:01.191-0700][1089 ][info ][gc,task     ] GC(280) Using 36 workers of 36 for marking
[2025-10-13T19:49:01.422-0700][1089 ][info ][gc,marking  ] GC(280) Concurrent Mark From Roots 231.424ms
[2025-10-13T19:49:01.422-0700][1089 ][info ][gc,marking  ] GC(280) Concurrent Preclean
[2025-10-13T19:49:01.434-0700][1089 ][info ][gc,marking  ] GC(280) Concurrent Preclean 11.569ms
[2025-10-13T19:49:01.436-0700][1256 ][info ][gc,start    ] GC(280) Pause Remark
[2025-10-13T19:49:01.598-0700][1256 ][info ][gc          ] GC(280) Pause Remark 47396M->44548M(184320M) 161.036ms
[2025-10-13T19:49:01.599-0700][1256 ][info ][gc,cpu      ] GC(280) User=14.48s Sys=0.12s Real=0.16s
[2025-10-13T19:49:01.603-0700][1256 ][info ][safepoint   ] Safepoint "G1PauseRemark", Time since last: 306602177 ns, Reaching safepoint: 938800 ns, Cleanup: 14682 ns, At safepoint: 168731099 ns, Total: 169684581 ns
[2025-10-13T19:49:01.604-0700][1089 ][info ][gc,marking  ] GC(280) Concurrent Mark 412.901ms
[2025-10-13T19:49:01.604-0700][1089 ][info ][gc,marking  ] GC(280) Concurrent Rebuild Remembered Sets and Scrub Regions
[2025-10-13T19:49:02.351-0700][1089 ][info ][gc,marking  ] GC(280) Concurrent Rebuild Remembered Sets and Scrub Regions 747.041ms
[2025-10-13T19:49:02.353-0700][1256 ][info ][gc,start    ] GC(280) Pause Cleanup
[2025-10-13T19:49:02.355-0700][1256 ][info ][gc          ] GC(280) Pause Cleanup 50781M->50781M(184320M) 2.050ms
[2025-10-13T19:49:02.356-0700][1256 ][info ][gc,cpu      ] GC(280) User=0.01s Sys=0.00s Real=0.00s
[2025-10-13T19:49:02.357-0700][1256 ][info ][safepoint   ] Safepoint "G1PauseCleanup", Time since last: 747274110 ns, Reaching safepoint: 742143 ns, Cleanup: 29214 ns, At safepoint: 5711181 ns, Total: 6482538 ns
[2025-10-13T19:49:02.357-0700][1089 ][info ][gc,marking  ] GC(280) Concurrent Clear Claimed Marks
[2025-10-13T19:49:02.358-0700][1089 ][info ][gc,marking  ] GC(280) Concurrent Clear Claimed Marks 0.898ms
[2025-10-13T19:49:02.358-0700][1089 ][info ][gc,marking  ] GC(280) Concurrent Cleanup for Next Mark
[2025-10-13T19:49:02.388-0700][1089 ][info ][gc,marking  ] GC(280) Concurrent Cleanup for Next Mark 29.503ms
[2025-10-13T19:49:02.388-0700][1089 ][info ][gc          ] GC(280) Concurrent Mark Cycle 1264.400ms
[2025-10-13T19:49:04.073-0700][1256 ][info ][safepoint   ] Safepoint "Cleanup", Time since last: 1714695201 ns, Reaching safepoint: 912070 ns, Cleanup: 19088 ns, At safepoint: 243138 ns, Total: 1174296 ns
[2025-10-13T19:49:05.075-0700][1256 ][info ][safepoint   ] Safepoint "Cleanup", Time since last: 1000110320 ns, Reaching safepoint: 1235028 ns, Cleanup: 12679 ns, At safepoint: 544444 ns, Total: 1792151 ns
[2025-10-13T19:49:06.077-0700][1256 ][info ][safepoint   ] Safepoint "Cleanup", Time since last: 1000117981 ns, Reaching safepoint: 1048396 ns, Cleanup: 13150 ns, At safepoint: 725758 ns, Total: 1787304 ns
[2025-10-13T19:49:06.468-0700][1256 ][info ][gc,start    ] GC(281) Pause Young (Prepare Mixed) (G1 Evacuation Pause)
[2025-10-13T19:49:06.468-0700][1256 ][info ][gc,task     ] GC(281) Using 113 workers of 113 for evacuation
[2025-10-13T19:49:06.482-0700][1256 ][debug][gc,remset   ] GC(281) Visited cards 10973440 Total dirty 67239936 (16.32%) Total old 362545152 (3.03%)
[2025-10-13T19:49:06.614-0700][1256 ][info ][gc,phases   ] GC(281)   Pre Evacuate Collection Set: 0.7ms
[2025-10-13T19:49:06.614-0700][1256 ][info ][gc,phases   ] GC(281)   Merge Heap Roots: 12.9ms
[2025-10-13T19:49:06.614-0700][1256 ][info ][gc,phases   ] GC(281)   Evacuate Collection Set: 118.8ms
[2025-10-13T19:49:06.614-0700][1256 ][info ][gc,phases   ] GC(281)   Post Evacuate Collection Set: 13.7ms
[2025-10-13T19:49:06.614-0700][1256 ][info ][gc,phases   ] GC(281)   Other: 0.2ms
[2025-10-13T19:49:06.614-0700][1256 ][debug][gc,remset   ] GC(281) Coarsening (recent): Inline->AoC 136875 (0) AoC->Howl 7083 (0) Howl->Full 0 (0) Inline->AoC 26689 (0) AoC->BitMap 9172 (0) BitMap->Full 0 (0) 
[2025-10-13T19:49:06.614-0700][1256 ][debug][gc,remset   ] GC(281) Coarsening (all): Inline->AoC 8631216 (191) AoC->Howl 157807 (729) Howl->Full 0 (0) Inline->AoC 613160 (256) AoC->BitMap 186953 (594) BitMap->Full 19 (0) 
[2025-10-13T19:49:06.614-0700][1256 ][info ][gc,heap     ] GC(281) Eden regions: 2036->0(2267)
[2025-10-13T19:49:06.614-0700][1256 ][info ][gc,heap     ] GC(281) Survivor regions: 161->163(275)
[2025-10-13T19:49:06.614-0700][1256 ][info ][gc,heap     ] GC(281) Old regions: 1124->1152
[2025-10-13T19:49:06.614-0700][1256 ][info ][gc,heap     ] GC(281) Humongous regions: 14->0
[2025-10-13T19:49:06.614-0700][1256 ][info ][gc,metaspace] GC(281) Metaspace: 321768K(328064K)->321768K(328064K) NonClass: 283292K(286720K)->283292K(286720K) Class: 38475K(41344K)->38475K(41344K)
[2025-10-13T19:49:06.614-0700][1256 ][info ][gc          ] GC(281) Pause Young (Prepare Mixed) (G1 Evacuation Pause) 106703M->42061M(184320M) 146.517ms
[2025-10-13T19:49:06.616-0700][1256 ][info ][gc,cpu      ] GC(281) User=13.11s Sys=0.06s Real=0.15s
[2025-10-13T19:49:06.618-0700][1256 ][info ][safepoint   ] Safepoint "G1CollectForAllocation", Time since last: 388288698 ns, Reaching safepoint: 1091031 ns, Cleanup: 4737 ns, At safepoint: 151474459 ns, Total: 152570227 ns
[2025-10-13T19:49:08.619-0700][1256 ][info ][safepoint   ] Safepoint "Cleanup", Time since last: 2000158945 ns, Reaching safepoint: 850036 ns, Cleanup: 13461 ns, At safepoint: 298331 ns, Total: 1161828 ns
[2025-10-13T19:49:13.652-0700][1256 ][info ][gc,start    ] GC(282) Pause Young (Mixed) (G1 Evacuation Pause)
[2025-10-13T19:49:13.653-0700][1256 ][info ][gc,task     ] GC(282) Using 113 workers of 113 for evacuation
[2025-10-13T19:49:13.666-0700][1256 ][debug][gc,remset   ] GC(282) Visited cards 11618560 Total dirty 68812800 (16.88%) Total old 414449664 (2.80%)
[2025-10-13T19:49:13.793-0700][1256 ][info ][gc,phases   ] GC(282)   Pre Evacuate Collection Set: 0.7ms
[2025-10-13T19:49:13.793-0700][1256 ][info ][gc,phases   ] GC(282)   Merge Heap Roots: 12.2ms
[2025-10-13T19:49:13.793-0700][1256 ][info ][gc,phases   ] GC(282)   Evacuate Collection Set: 113.7ms
[2025-10-13T19:49:13.793-0700][1256 ][info ][gc,phases   ] GC(282)   Post Evacuate Collection Set: 13.5ms
[2025-10-13T19:49:13.793-0700][1256 ][info ][gc,phases   ] GC(282)   Other: 0.2ms
[2025-10-13T19:49:13.793-0700][1256 ][debug][gc,remset   ] GC(282) Coarsening (recent): Inline->AoC 20630 (0) AoC->Howl 190 (0) Howl->Full 0 (0) Inline->AoC 917 (0) AoC->BitMap 76 (0) BitMap->Full 0 (0) 
[2025-10-13T19:49:13.793-0700][1256 ][debug][gc,remset   ] GC(282) Coarsening (all): Inline->AoC 8651846 (191) AoC->Howl 157997 (729) Howl->Full 0 (0) Inline->AoC 614077 (256) AoC->BitMap 187029 (594) BitMap->Full 19 (0) 
[2025-10-13T19:49:13.793-0700][1256 ][info ][gc,heap     ] GC(282) Eden regions: 2387->0(2267)
[2025-10-13T19:49:13.793-0700][1256 ][info ][gc,heap     ] GC(282) Survivor regions: 163->191(319)
[2025-10-13T19:49:13.793-0700][1256 ][info ][gc,heap     ] GC(282) Old regions: 1152->1097
[2025-10-13T19:49:13.793-0700][1256 ][info ][gc,heap     ] GC(282) Humongous regions: 12->0
[2025-10-13T19:49:13.793-0700][1256 ][info ][gc,metaspace] GC(282) Metaspace: 321768K(328064K)->321768K(328064K) NonClass: 283292K(286720K)->283292K(286720K) Class: 38475K(41344K)->38475K(41344K)
[2025-10-13T19:49:13.793-0700][1256 ][info ][gc          ] GC(282) Pause Young (Mixed) (G1 Evacuation Pause) 118829M->41201M(184320M) 140.531ms
[2025-10-13T19:49:13.795-0700][1256 ][info ][gc,cpu      ] GC(282) User=13.48s Sys=0.16s Real=0.14s
[2025-10-13T19:49:13.796-0700][1256 ][info ][safepoint   ] Safepoint "G1CollectForAllocation", Time since last: 5030752910 ns, Reaching safepoint: 945301 ns, Cleanup: 7180 ns, At safepoint: 145330204 ns, Total: 146282685 ns
[2025-10-13T19:49:15.797-0700][1256 ][info ][safepoint   ] Safepoint "Cleanup", Time since last: 2000153917 ns, Reaching safepoint: 881394 ns, Cleanup: 12158 ns, At safepoint: 308106 ns, Total: 1201658 ns
[2025-10-13T19:49:17.799-0700][1256 ][info ][safepoint   ] Safepoint "Cleanup", Time since last: 2000166657 ns, Reaching safepoint: 928204 ns, Cleanup: 24227 ns, At safepoint: 327686 ns, Total: 1280117 ns
[2025-10-13T19:49:20.060-0700][1256 ][info ][gc,start    ] GC(283) Pause Young (Mixed) (G1 Evacuation Pause)
[2025-10-13T19:49:20.060-0700][1256 ][info ][gc,task     ] GC(283) Using 113 workers of 113 for evacuation
[2025-10-13T19:49:20.073-0700][1256 ][debug][gc,remset   ] GC(283) Visited cards 12204544 Total dirty 66781184 (18.28%) Total old 410255360 (2.97%)
[2025-10-13T19:49:20.227-0700][1256 ][info ][gc,phases   ] GC(283)   Pre Evacuate Collection Set: 0.7ms
[2025-10-13T19:49:20.227-0700][1256 ][info ][gc,phases   ] GC(283)   Merge Heap Roots: 12.9ms
[2025-10-13T19:49:20.227-0700][1256 ][info ][gc,phases   ] GC(283)   Evacuate Collection Set: 137.7ms
[2025-10-13T19:49:20.227-0700][1256 ][info ][gc,phases   ] GC(283)   Post Evacuate Collection Set: 16.2ms
[2025-10-13T19:49:20.227-0700][1256 ][info ][gc,phases   ] GC(283)   Other: 0.2ms
[2025-10-13T19:49:20.227-0700][1256 ][debug][gc,remset   ] GC(283) Coarsening (recent): Inline->AoC 33203 (0) AoC->Howl 135 (0) Howl->Full 0 (0) Inline->AoC 583 (0) AoC->BitMap 51 (0) BitMap->Full 0 (0) 
[2025-10-13T19:49:20.227-0700][1256 ][debug][gc,remset   ] GC(283) Coarsening (all): Inline->AoC 8685049 (191) AoC->Howl 158132 (729) Howl->Full 0 (0) Inline->AoC 614660 (256) AoC->BitMap 187080 (594) BitMap->Full 19 (0) 
[2025-10-13T19:49:20.227-0700][1256 ][info ][gc,heap     ] GC(283) Eden regions: 2353->0(2550)
[2025-10-13T19:49:20.227-0700][1256 ][info ][gc,heap     ] GC(283) Survivor regions: 191->184(318)
[2025-10-13T19:49:20.227-0700][1256 ][info ][gc,heap     ] GC(283) Old regions: 1097->1085
[2025-10-13T19:49:20.227-0700][1256 ][info ][gc,heap     ] GC(283) Humongous regions: 15->0
[2025-10-13T19:49:20.227-0700][1256 ][info ][gc,metaspace] GC(283) Metaspace: 321769K(328064K)->321769K(328064K) NonClass: 283293K(286720K)->283293K(286720K) Class: 38475K(41344K)->38475K(41344K)
[2025-10-13T19:49:20.228-0700][1256 ][info ][gc          ] GC(283) Pause Young (Mixed) (G1 Evacuation Pause) 116977M->40595M(184320M) 167.920ms
[2025-10-13T19:49:20.229-0700][1256 ][info ][gc,cpu      ] GC(283) User=15.96s Sys=0.15s Real=0.17s
[2025-10-13T19:49:20.231-0700][1256 ][info ][safepoint   ] Safepoint "G1CollectForAllocation", Time since last: 2258128561 ns, Reaching safepoint: 823947 ns, Cleanup: 4637 ns, At safepoint: 172793325 ns, Total: 173621909 ns
[2025-10-13T19:49:21.232-0700][1256 ][info ][safepoint   ] Safepoint "Cleanup", Time since last: 1000088956 ns, Reaching safepoint: 1036739 ns, Cleanup: 16585 ns, At safepoint: 546697 ns, Total: 1600021 ns
[2025-10-13T19:49:22.243-0700][1256 ][info ][safepoint   ] Safepoint "Cleanup", Time since last: 1000122219 ns, Reaching safepoint: 8476687 ns, Cleanup: 33661 ns, At safepoint: 1810359 ns, Total: 10320707 ns
[2025-10-13T19:49:23.245-0700][1256 ][info ][safepoint   ] Safepoint "Cleanup", Time since last: 1000130842 ns, Reaching safepoint: 929537 ns, Cleanup: 9474 ns, At safepoint: 1045813 ns, Total: 1984824 ns
[2025-10-13T19:49:25.112-0700][1256 ][info ][gc,start    ] GC(284) Pause Young (Mixed) (G1 Evacuation Pause)
[2025-10-13T19:49:25.112-0700][1256 ][info ][gc,task     ] GC(284) Using 113 workers of 113 for evacuation
[2025-10-13T19:49:25.126-0700][1256 ][debug][gc,remset   ] GC(284) Visited cards 12298496 Total dirty 66584576 (18.47%) Total old 432078848 (2.85%)
[2025-10-13T19:49:25.260-0700][1256 ][debug][gc,remset   ] GC(284) Visited cards 619264 Total dirty 45678592 (1.36%) Total old 448135168 (0.14%)
[2025-10-13T19:49:25.281-0700][1256 ][info ][gc,phases   ] GC(284)   Pre Evacuate Collection Set: 0.7ms
[2025-10-13T19:49:25.281-0700][1256 ][info ][gc,phases   ] GC(284)   Merge Heap Roots: 12.5ms
[2025-10-13T19:49:25.281-0700][1256 ][info ][gc,phases   ] GC(284)   Evacuate Collection Set: 133.6ms
[2025-10-13T19:49:25.281-0700][1256 ][info ][gc,phases   ] GC(284)   Merge Optional Heap Roots: 0.9ms
[2025-10-13T19:49:25.281-0700][1256 ][info ][gc,phases   ] GC(284)   Evacuate Optional Collection Set: 2.1ms
[2025-10-13T19:49:25.281-0700][1256 ][info ][gc,phases   ] GC(284)   Post Evacuate Collection Set: 18.6ms
[2025-10-13T19:49:25.281-0700][1256 ][info ][gc,phases   ] GC(284)   Other: 0.2ms
[2025-10-13T19:49:25.281-0700][1256 ][debug][gc,remset   ] GC(284) Coarsening (recent): Inline->AoC 45167 (0) AoC->Howl 311 (0) Howl->Full 0 (0) Inline->AoC 1102 (0) AoC->BitMap 207 (0) BitMap->Full 0 (0) 
[2025-10-13T19:49:25.281-0700][1256 ][debug][gc,remset   ] GC(284) Coarsening (all): Inline->AoC 8730216 (191) AoC->Howl 158443 (729) Howl->Full 0 (0) Inline->AoC 615762 (256) AoC->BitMap 187287 (594) BitMap->Full 19 (0) 
[2025-10-13T19:49:25.281-0700][1256 ][info ][gc,heap     ] GC(284) Eden regions: 2526->0(2143)
[2025-10-13T19:49:25.281-0700][1256 ][info ][gc,heap     ] GC(284) Survivor regions: 184->222(339)
[2025-10-13T19:49:25.281-0700][1256 ][info ][gc,heap     ] GC(284) Old regions: 1085->1016
[2025-10-13T19:49:25.281-0700][1256 ][info ][gc,heap     ] GC(284) Humongous regions: 24->0
[2025-10-13T19:49:25.281-0700][1256 ][info ][gc,metaspace] GC(284) Metaspace: 321781K(328064K)->321781K(328064K) NonClass: 283306K(286720K)->283306K(286720K) Class: 38475K(41344K)->38475K(41344K)
[2025-10-13T19:49:25.281-0700][1256 ][info ][gc          ] GC(284) Pause Young (Mixed) (G1 Evacuation Pause) 122195M->39601M(184320M) 168.762ms
[2025-10-13T19:49:25.283-0700][1256 ][info ][gc,cpu      ] GC(284) User=15.69s Sys=0.51s Real=0.17s
[2025-10-13T19:49:25.284-0700][1256 ][info ][safepoint   ] Safepoint "G1CollectForAllocation", Time since last: 1864784888 ns, Reaching safepoint: 933402 ns, Cleanup: 4427 ns, At safepoint: 173808569 ns, Total: 174746398 ns
[2025-10-13T19:49:26.286-0700][1256 ][info ][safepoint   ] Safepoint "Cleanup", Time since last: 1000094657 ns, Reaching safepoint: 963528 ns, Cleanup: 21022 ns, At safepoint: 352944 ns, Total: 1337494 ns
[2025-10-13T19:49:27.288-0700][1256 ][info ][safepoint   ] Safepoint "Cleanup", Time since last: 1000132484 ns, Reaching safepoint: 1336763 ns, Cleanup: 11227 ns, At safepoint: 863727 ns, Total: 2211717 ns
[2025-10-13T19:49:28.300-0700][1256 ][info ][safepoint   ] Safepoint "Cleanup", Time since last: 1000115128 ns, Reaching safepoint: 10187015 ns, Cleanup: 19620 ns, At safepoint: 1990001 ns, Total: 12196636 ns
[2025-10-13T19:49:29.304-0700][1256 ][info ][safepoint   ] Safepoint "Cleanup", Time since last: 1000115609 ns, Reaching safepoint: 1829848 ns, Cleanup: 15073 ns, At safepoint: 1207788 ns, Total: 3052709 ns
[2025-10-13T19:49:30.431-0700][1256 ][info ][gc,start    ] GC(285) Pause Young (Mixed) (G1 Evacuation Pause)
[2025-10-13T19:49:30.431-0700][1256 ][info ][gc,task     ] GC(285) Using 113 workers of 113 for evacuation
[2025-10-13T19:49:30.444-0700][1256 ][debug][gc,remset   ] GC(285) Visited cards 12721664 Total dirty 63307776 (20.09%) Total old 396886016 (3.21%)
[2025-10-13T19:49:30.612-0700][1256 ][info ][gc,phases   ] GC(285)   Pre Evacuate Collection Set: 0.7ms
[2025-10-13T19:49:30.612-0700][1256 ][info ][gc,phases   ] GC(285)   Merge Heap Roots: 12.8ms
[2025-10-13T19:49:30.612-0700][1256 ][info ][gc,phases   ] GC(285)   Evacuate Collection Set: 150.1ms
[2025-10-13T19:49:30.612-0700][1256 ][info ][gc,phases   ] GC(285)   Post Evacuate Collection Set: 17.8ms
[2025-10-13T19:49:30.612-0700][1256 ][info ][gc,phases   ] GC(285)   Other: 0.2ms
[2025-10-13T19:49:30.612-0700][1256 ][debug][gc,remset   ] GC(285) Coarsening (recent): Inline->AoC 30116 (0) AoC->Howl 243 (0) Howl->Full 0 (0) Inline->AoC 980 (0) AoC->BitMap 179 (0) BitMap->Full 0 (0) 
[2025-10-13T19:49:30.612-0700][1256 ][debug][gc,remset   ] GC(285) Coarsening (all): Inline->AoC 8760332 (191) AoC->Howl 158686 (729) Howl->Full 0 (0) Inline->AoC 616742 (256) AoC->BitMap 187466 (594) BitMap->Full 19 (0) 
[2025-10-13T19:49:30.612-0700][1256 ][info ][gc,heap     ] GC(285) Eden regions: 2256->0(2520)
[2025-10-13T19:49:30.612-0700][1256 ][info ][gc,heap     ] GC(285) Survivor regions: 222->199(310)
[2025-10-13T19:49:30.612-0700][1256 ][info ][gc,heap     ] GC(285) Old regions: 1016->1014
[2025-10-13T19:49:30.612-0700][1256 ][info ][gc,heap     ] GC(285) Humongous regions: 24->0
[2025-10-13T19:49:30.612-0700][1256 ][info ][gc,metaspace] GC(285) Metaspace: 321782K(328064K)->321782K(328064K) NonClass: 283306K(286720K)->283306K(286720K) Class: 38475K(41344K)->38475K(41344K)
[2025-10-13T19:49:30.613-0700][1256 ][info ][gc          ] GC(285) Pause Young (Mixed) (G1 Evacuation Pause) 112561M->38798M(184320M) 181.717ms
[2025-10-13T19:49:30.614-0700][1256 ][info ][gc,cpu      ] GC(285) User=17.87s Sys=0.16s Real=0.18s
[2025-10-13T19:49:30.616-0700][1256 ][info ][safepoint   ] Safepoint "G1CollectForAllocation", Time since last: 1124406577 ns, Reaching safepoint: 955316 ns, Cleanup: 7071 ns, At safepoint: 186621958 ns, Total: 187584345 ns
[2025-10-13T19:49:32.619-0700][1256 ][info ][safepoint   ] Safepoint "Cleanup", Time since last: 2000157526 ns, Reaching safepoint: 1800795 ns, Cleanup: 24197 ns, At safepoint: 1006192 ns, Total: 2831184 ns
[2025-10-13T19:49:33.622-0700][1256 ][info ][safepoint   ] Safepoint "Cleanup", Time since last: 1000121388 ns, Reaching safepoint: 1816789 ns, Cleanup: 11968 ns, At safepoint: 1047415 ns, Total: 2876172 ns
[2025-10-13T19:49:34.624-0700][1256 ][info ][safepoint   ] Safepoint "Cleanup", Time since last: 1000111402 ns, Reaching safepoint: 1188198 ns, Cleanup: 19149 ns, At safepoint: 852260 ns, Total: 2059607 ns
[2025-10-13T19:49:35.626-0700][1256 ][info ][safepoint   ] Safepoint "Cleanup", Time since last: 1000102328 ns, Reaching safepoint: 1475693 ns, Cleanup: 19250 ns, At safepoint: 718947 ns, Total: 2213890 ns
[2025-10-13T19:49:36.200-0700][1256 ][info ][gc,start    ] GC(286) Pause Young (Mixed) (G1 Evacuation Pause)
[2025-10-13T19:49:36.200-0700][1256 ][info ][gc,task     ] GC(286) Using 113 workers of 113 for evacuation
[2025-10-13T19:49:36.214-0700][1256 ][debug][gc,remset   ] GC(286) Visited cards 12984320 Total dirty 63766528 (20.36%) Total old 435945472 (2.98%)
[2025-10-13T19:49:36.387-0700][1256 ][info ][gc,phases   ] GC(286)   Pre Evacuate Collection Set: 0.7ms
[2025-10-13T19:49:36.387-0700][1256 ][info ][gc,phases   ] GC(286)   Merge Heap Roots: 12.7ms
[2025-10-13T19:49:36.387-0700][1256 ][info ][gc,phases   ] GC(286)   Evacuate Collection Set: 157.2ms
[2025-10-13T19:49:36.387-0700][1256 ][info ][gc,phases   ] GC(286)   Post Evacuate Collection Set: 15.8ms
[2025-10-13T19:49:36.387-0700][1256 ][info ][gc,phases   ] GC(286)   Other: 0.2ms
[2025-10-13T19:49:36.387-0700][1256 ][debug][gc,remset   ] GC(286) Coarsening (recent): Inline->AoC 34620 (0) AoC->Howl 305 (0) Howl->Full 0 (0) Inline->AoC 1021 (0) AoC->BitMap 220 (0) BitMap->Full 0 (0) 
[2025-10-13T19:49:36.387-0700][1256 ][debug][gc,remset   ] GC(286) Coarsening (all): Inline->AoC 8794952 (191) AoC->Howl 158991 (729) Howl->Full 0 (0) Inline->AoC 617763 (256) AoC->BitMap 187686 (594) BitMap->Full 19 (0) 
[2025-10-13T19:49:36.387-0700][1256 ][info ][gc,heap     ] GC(286) Eden regions: 2574->0(2131)
[2025-10-13T19:49:36.387-0700][1256 ][info ][gc,heap     ] GC(286) Survivor regions: 199->226(347)
[2025-10-13T19:49:36.387-0700][1256 ][info ][gc,heap     ] GC(286) Old regions: 1014->992
[2025-10-13T19:49:36.387-0700][1256 ][info ][gc,heap     ] GC(286) Humongous regions: 32->0
[2025-10-13T19:49:36.387-0700][1256 ][info ][gc,metaspace] GC(286) Metaspace: 321837K(328064K)->321837K(328064K) NonClass: 283356K(286720K)->283356K(286720K) Class: 38480K(41344K)->38480K(41344K)
[2025-10-13T19:49:36.387-0700][1256 ][info ][gc          ] GC(286) Pause Young (Mixed) (G1 Evacuation Pause) 122190M->38950M(184320M) 186.890ms
[2025-10-13T19:49:36.389-0700][1256 ][info ][gc,cpu      ] GC(286) User=17.42s Sys=0.26s Real=0.18s
[2025-10-13T19:49:36.390-0700][1256 ][info ][safepoint   ] Safepoint "G1CollectForAllocation", Time since last: 571155761 ns, Reaching safepoint: 1441111 ns, Cleanup: 4857 ns, At safepoint: 191734435 ns, Total: 193180403 ns
[2025-10-13T19:49:37.408-0700][1256 ][info ][safepoint   ] Safepoint "Cleanup", Time since last: 1000095569 ns, Reaching safepoint: 12205990 ns, Cleanup: 27942 ns, At safepoint: 4866374 ns, Total: 17100306 ns
[2025-10-13T19:49:40.411-0700][1256 ][info ][safepoint   ] Safepoint "Cleanup", Time since last: 3000369891 ns, Reaching safepoint: 2250185 ns, Cleanup: 13160 ns, At safepoint: 920623 ns, Total: 3183968 ns
[2025-10-13T19:49:41.413-0700][1256 ][info ][safepoint   ] Safepoint "Cleanup", Time since last: 1000117892 ns, Reaching safepoint: 862615 ns, Cleanup: 25859 ns, At safepoint: 603163 ns, Total: 1491637 ns
[2025-10-13T19:49:41.847-0700][1256 ][info ][gc,start    ] GC(287) Pause Young (Mixed) (G1 Evacuation Pause)
[2025-10-13T19:49:41.847-0700][1256 ][info ][gc,task     ] GC(287) Using 113 workers of 113 for evacuation
[2025-10-13T19:49:41.860-0700][1256 ][debug][gc,remset   ] GC(287) Visited cards 12087296 Total dirty 60948480 (19.83%) Total old 392036352 (3.08%)
[2025-10-13T19:49:42.036-0700][1256 ][info ][gc,phases   ] GC(287)   Pre Evacuate Collection Set: 0.7ms
[2025-10-13T19:49:42.036-0700][1256 ][info ][gc,phases   ] GC(287)   Merge Heap Roots: 12.8ms
[2025-10-13T19:49:42.036-0700][1256 ][info ][gc,phases   ] GC(287)   Evacuate Collection Set: 160.5ms
[2025-10-13T19:49:42.036-0700][1256 ][info ][gc,phases   ] GC(287)   Post Evacuate Collection Set: 14.9ms
[2025-10-13T19:49:42.036-0700][1256 ][info ][gc,phases   ] GC(287)   Other: 0.2ms
[2025-10-13T19:49:42.036-0700][1256 ][debug][gc,remset   ] GC(287) Coarsening (recent): Inline->AoC 37057 (0) AoC->Howl 272 (0) Howl->Full 0 (0) Inline->AoC 941 (0) AoC->BitMap 196 (0) BitMap->Full 0 (0) 
[2025-10-13T19:49:42.036-0700][1256 ][debug][gc,remset   ] GC(287) Coarsening (all): Inline->AoC 8832009 (191) AoC->Howl 159263 (729) Howl->Full 0 (0) Inline->AoC 618704 (256) AoC->BitMap 187882 (594) BitMap->Full 19 (0) 
[2025-10-13T19:49:42.036-0700][1256 ][info ][gc,heap     ] GC(287) Eden regions: 2231->0(2717)
[2025-10-13T19:49:42.036-0700][1256 ][info ][gc,heap     ] GC(287) Survivor regions: 226->187(308)
[2025-10-13T19:49:42.036-0700][1256 ][info ][gc,heap     ] GC(287) Old regions: 992->1017
[2025-10-13T19:49:42.036-0700][1256 ][info ][gc,heap     ] GC(287) Humongous regions: 16->0
[2025-10-13T19:49:42.036-0700][1256 ][info ][gc,metaspace] GC(287) Metaspace: 321880K(328064K)->321880K(328064K) NonClass: 283390K(286720K)->283390K(286720K) Class: 38489K(41344K)->38489K(41344K)
[2025-10-13T19:49:42.036-0700][1256 ][info ][gc          ] GC(287) Pause Young (Mixed) (G1 Evacuation Pause) 110854M->38513M(184320M) 189.153ms
[2025-10-13T19:49:42.038-0700][1256 ][info ][gc,cpu      ] GC(287) User=17.87s Sys=0.17s Real=0.19s
[2025-10-13T19:49:42.039-0700][1256 ][info ][safepoint   ] Safepoint "G1CollectForAllocation", Time since last: 431505430 ns, Reaching safepoint: 839701 ns, Cleanup: 4747 ns, At safepoint: 193807953 ns, Total: 194652401 ns
[2025-10-13T19:49:43.048-0700][1256 ][info ][safepoint   ] Safepoint "Cleanup", Time since last: 1000095468 ns, Reaching safepoint: 7103899 ns, Cleanup: 17086 ns, At safepoint: 1638019 ns, Total: 8759004 ns
[2025-10-13T19:49:44.050-0700][1256 ][info ][safepoint   ] Safepoint "Cleanup", Time since last: 1000104191 ns, Reaching safepoint: 1196210 ns, Cleanup: 12319 ns, At safepoint: 716815 ns, Total: 1925344 ns
[2025-10-13T19:49:45.053-0700][1256 ][info ][safepoint   ] Safepoint "Cleanup", Time since last: 1000522023 ns, Reaching safepoint: 1209881 ns, Cleanup: 13881 ns, At safepoint: 1277143 ns, Total: 2500905 ns
[2025-10-13T19:49:47.673-0700][1256 ][info ][gc,start    ] GC(288) Pause Young (Mixed) (G1 Evacuation Pause)
[2025-10-13T19:49:47.673-0700][1256 ][info ][gc,task     ] GC(288) Using 113 workers of 113 for evacuation
[2025-10-13T19:49:47.687-0700][1256 ][debug][gc,remset   ] GC(288) Visited cards 12325120 Total dirty 59375616 (20.76%) Total old 460193792 (2.68%)
[2025-10-13T19:49:47.850-0700][1256 ][info ][gc,phases   ] GC(288)   Pre Evacuate Collection Set: 0.8ms
[2025-10-13T19:49:47.850-0700][1256 ][info ][gc,phases   ] GC(288)   Merge Heap Roots: 12.6ms
[2025-10-13T19:49:47.850-0700][1256 ][info ][gc,phases   ] GC(288)   Evacuate Collection Set: 147.9ms
[2025-10-13T19:49:47.850-0700][1256 ][info ][gc,phases   ] GC(288)   Post Evacuate Collection Set: 15.3ms
[2025-10-13T19:49:47.850-0700][1256 ][info ][gc,phases   ] GC(288)   Other: 0.2ms
[2025-10-13T19:49:47.850-0700][1256 ][debug][gc,remset   ] GC(288) Coarsening (recent): Inline->AoC 40491 (0) AoC->Howl 264 (0) Howl->Full 0 (0) Inline->AoC 777 (0) AoC->BitMap 199 (0) BitMap->Full 0 (0) 
[2025-10-13T19:49:47.850-0700][1256 ][debug][gc,remset   ] GC(288) Coarsening (all): Inline->AoC 8872500 (191) AoC->Howl 159527 (729) Howl->Full 0 (0) Inline->AoC 619481 (256) AoC->BitMap 188081 (594) BitMap->Full 19 (0) 
[2025-10-13T19:49:47.850-0700][1256 ][info ][gc,heap     ] GC(288) Eden regions: 2776->0(2611)
[2025-10-13T19:49:47.850-0700][1256 ][info ][gc,heap     ] GC(288) Survivor regions: 187->219(371)
[2025-10-13T19:49:47.850-0700][1256 ][info ][gc,heap     ] GC(288) Old regions: 1017->973
[2025-10-13T19:49:47.850-0700][1256 ][info ][gc,heap     ] GC(288) Humongous regions: 19->0
[2025-10-13T19:49:47.850-0700][1256 ][info ][gc,metaspace] GC(288) Metaspace: 321911K(328192K)->321911K(328192K) NonClass: 283416K(286784K)->283416K(286784K) Class: 38494K(41408K)->38494K(41408K)
[2025-10-13T19:49:47.850-0700][1256 ][info ][gc          ] GC(288) Pause Young (Mixed) (G1 Evacuation Pause) 127953M->38144M(184320M) 176.965ms
[2025-10-13T19:49:47.852-0700][1256 ][info ][gc,cpu      ] GC(288) User=15.78s Sys=0.26s Real=0.18s
[2025-10-13T19:49:47.853-0700][1256 ][info ][safepoint   ] Safepoint "G1CollectForAllocation", Time since last: 2617773951 ns, Reaching safepoint: 1043509 ns, Cleanup: 5318 ns, At safepoint: 181776407 ns, Total: 182825234 ns
[2025-10-13T19:49:48.855-0700][1256 ][info ][safepoint   ] Safepoint "Cleanup", Time since last: 1000088487 ns, Reaching safepoint: 791768 ns, Cleanup: 12208 ns, At safepoint: 470712 ns, Total: 1274688 ns
[2025-10-13T19:49:49.856-0700][1256 ][info ][safepoint   ] Safepoint "Cleanup", Time since last: 1000116180 ns, Reaching safepoint: 731196 ns, Cleanup: 37067 ns, At safepoint: 339053 ns, Total: 1107316 ns
[2025-10-13T19:49:51.858-0700][1256 ][info ][safepoint   ] Safepoint "Cleanup", Time since last: 2000170505 ns, Reaching safepoint: 917408 ns, Cleanup: 13671 ns, At safepoint: 421698 ns, Total: 1352777 ns
[2025-10-13T19:49:53.439-0700][1256 ][info ][gc,start    ] GC(289) Pause Young (Mixed) (G1 Evacuation Pause)
[2025-10-13T19:49:53.439-0700][1256 ][info ][gc,task     ] GC(289) Using 113 workers of 113 for evacuation
[2025-10-13T19:49:53.452-0700][1256 ][debug][gc,remset   ] GC(289) Visited cards 11366400 Total dirty 56688640 (20.05%) Total old 455278592 (2.50%)
[2025-10-13T19:49:53.627-0700][1256 ][info ][gc,phases   ] GC(289)   Pre Evacuate Collection Set: 0.7ms
[2025-10-13T19:49:53.627-0700][1256 ][info ][gc,phases   ] GC(289)   Merge Heap Roots: 12.3ms
[2025-10-13T19:49:53.627-0700][1256 ][info ][gc,phases   ] GC(289)   Evacuate Collection Set: 159.5ms
[2025-10-13T19:49:53.627-0700][1256 ][info ][gc,phases   ] GC(289)   Post Evacuate Collection Set: 15.2ms
[2025-10-13T19:49:53.627-0700][1256 ][info ][gc,phases   ] GC(289)   Other: 0.2ms
[2025-10-13T19:49:53.627-0700][1256 ][debug][gc,remset   ] GC(289) Coarsening (recent): Inline->AoC 42518 (0) AoC->Howl 134 (0) Howl->Full 0 (0) Inline->AoC 559 (0) AoC->BitMap 68 (0) BitMap->Full 0 (0) 
[2025-10-13T19:49:53.627-0700][1256 ][debug][gc,remset   ] GC(289) Coarsening (all): Inline->AoC 8915018 (191) AoC->Howl 159661 (729) Howl->Full 0 (0) Inline->AoC 620040 (256) AoC->BitMap 188149 (594) BitMap->Full 19 (0) 
[2025-10-13T19:49:53.627-0700][1256 ][info ][gc,heap     ] GC(289) Eden regions: 2743->0(2761)
[2025-10-13T19:49:53.627-0700][1256 ][info ][gc,heap     ] GC(289) Survivor regions: 219->231(371)
[2025-10-13T19:49:53.627-0700][1256 ][info ][gc,heap     ] GC(289) Old regions: 973->986
[2025-10-13T19:49:53.627-0700][1256 ][info ][gc,heap     ] GC(289) Humongous regions: 14->0
[2025-10-13T19:49:53.627-0700][1256 ][info ][gc,metaspace] GC(289) Metaspace: 321916K(328192K)->321916K(328192K) NonClass: 283421K(286784K)->283421K(286784K) Class: 38495K(41408K)->38495K(41408K)
[2025-10-13T19:49:53.627-0700][1256 ][info ][gc          ] GC(289) Pause Young (Mixed) (G1 Evacuation Pause) 126368M->38922M(184320M) 188.157ms
[2025-10-13T19:49:53.629-0700][1256 ][info ][gc,cpu      ] GC(289) User=18.65s Sys=0.27s Real=0.19s
[2025-10-13T19:49:53.630-0700][1256 ][info ][safepoint   ] Safepoint "G1CollectForAllocation", Time since last: 1578784017 ns, Reaching safepoint: 689454 ns, Cleanup: 9124 ns, At safepoint: 192799076 ns, Total: 193497654 ns
[2025-10-13T19:49:53.781-0700][1256 ][info ][gc,start    ] GC(290) Pause Young (Concurrent Start) (G1 Humongous Allocation)
[2025-10-13T19:49:53.781-0700][1256 ][info ][gc,task     ] GC(290) Using 113 workers of 113 for evacuation
[2025-10-13T19:49:53.791-0700][1256 ][debug][gc,remset   ] GC(290) Visited cards 8461568 Total dirty 56950784 (14.86%) Total old 111542272 (7.59%)
[2025-10-13T19:49:53.929-0700][1256 ][info ][gc,phases   ] GC(290)   Pre Evacuate Collection Set: 0.9ms
[2025-10-13T19:49:53.929-0700][1256 ][info ][gc,phases   ] GC(290)   Merge Heap Roots: 8.9ms
[2025-10-13T19:49:53.929-0700][1256 ][info ][gc,phases   ] GC(290)   Evacuate Collection Set: 129.9ms
[2025-10-13T19:49:53.929-0700][1256 ][info ][gc,phases   ] GC(290)   Post Evacuate Collection Set: 7.9ms
[2025-10-13T19:49:53.929-0700][1256 ][info ][gc,phases   ] GC(290)   Other: 0.1ms
[2025-10-13T19:49:53.929-0700][1256 ][debug][gc,remset   ] GC(290) Coarsening (recent): Inline->AoC 0 (0) AoC->Howl 0 (0) Howl->Full 0 (0) Inline->AoC 0 (0) AoC->BitMap 0 (0) BitMap->Full 0 (0) 
[2025-10-13T19:49:53.929-0700][1256 ][debug][gc,remset   ] GC(290) Coarsening (all): Inline->AoC 8915018 (191) AoC->Howl 159661 (729) Howl->Full 0 (0) Inline->AoC 620040 (256) AoC->BitMap 188149 (594) BitMap->Full 19 (0) 
[2025-10-13T19:49:53.929-0700][1256 ][info ][gc,heap     ] GC(290) Eden regions: 127->0(2021)
[2025-10-13T19:49:53.929-0700][1256 ][info ][gc,heap     ] GC(290) Survivor regions: 231->184(408)
[2025-10-13T19:49:53.929-0700][1256 ][info ][gc,heap     ] GC(290) Old regions: 986->1036
[2025-10-13T19:49:53.929-0700][1256 ][info ][gc,heap     ] GC(290) Humongous regions: 0->0
[2025-10-13T19:49:53.929-0700][1256 ][info ][gc,metaspace] GC(290) Metaspace: 321920K(328192K)->321920K(328192K) NonClass: 283424K(286784K)->283424K(286784K) Class: 38495K(41408K)->38495K(41408K)
[2025-10-13T19:49:53.929-0700][1256 ][info ][gc          ] GC(290) Pause Young (Concurrent Start) (G1 Humongous Allocation) 42980M->39005M(184320M) 147.817ms
[2025-10-13T19:49:53.929-0700][1089 ][info ][gc          ] GC(291) Concurrent Mark Cycle
[2025-10-13T19:49:53.929-0700][1089 ][info ][gc,marking  ] GC(291) Concurrent Scan Root Regions
[2025-10-13T19:49:53.931-0700][1256 ][info ][gc,cpu      ] GC(290) User=13.34s Sys=0.03s Real=0.15s
[2025-10-13T19:49:53.933-0700][1256 ][info ][safepoint   ] Safepoint "G1TryInitiateConcMark", Time since last: 148711853 ns, Reaching safepoint: 947874 ns, Cleanup: 17256 ns, At safepoint: 153504615 ns, Total: 154469745 ns
[2025-10-13T19:49:54.028-0700][1089 ][info ][gc,marking  ] GC(291) Concurrent Scan Root Regions 98.492ms
[2025-10-13T19:49:54.028-0700][1089 ][info ][gc,marking  ] GC(291) Concurrent Mark
[2025-10-13T19:49:54.028-0700][1089 ][info ][gc,marking  ] GC(291) Concurrent Mark From Roots
[2025-10-13T19:49:54.028-0700][1089 ][info ][gc,task     ] GC(291) Using 36 workers of 36 for marking
[2025-10-13T19:49:54.213-0700][1089 ][info ][gc,marking  ] GC(291) Concurrent Mark From Roots 184.511ms
[2025-10-13T19:49:54.213-0700][1089 ][info ][gc,marking  ] GC(291) Concurrent Preclean
[2025-10-13T19:49:54.233-0700][1089 ][info ][gc,marking  ] GC(291) Concurrent Preclean 20.206ms
[2025-10-13T19:49:54.236-0700][1256 ][info ][gc,start    ] GC(291) Pause Remark
[2025-10-13T19:49:54.396-0700][1256 ][info ][gc          ] GC(291) Pause Remark 44381M->41501M(184320M) 160.666ms
[2025-10-13T19:49:54.398-0700][1256 ][info ][gc,cpu      ] GC(291) User=14.55s Sys=0.00s Real=0.16s
[2025-10-13T19:49:54.402-0700][1256 ][info ][safepoint   ] Safepoint "G1PauseRemark", Time since last: 299806962 ns, Reaching safepoint: 950078 ns, Cleanup: 15854 ns, At safepoint: 168338923 ns, Total: 169304855 ns
[2025-10-13T19:49:54.403-0700][1089 ][info ][gc,marking  ] GC(291) Concurrent Mark 374.548ms
[2025-10-13T19:49:54.403-0700][1089 ][info ][gc,marking  ] GC(291) Concurrent Rebuild Remembered Sets and Scrub Regions
[2025-10-13T19:49:54.784-0700][1089 ][info ][gc,marking  ] GC(291) Concurrent Rebuild Remembered Sets and Scrub Regions 381.184ms
[2025-10-13T19:49:54.786-0700][1256 ][info ][gc,start    ] GC(291) Pause Cleanup
[2025-10-13T19:49:54.788-0700][1256 ][info ][gc          ] GC(291) Pause Cleanup 47119M->47119M(184320M) 1.793ms
[2025-10-13T19:49:54.789-0700][1256 ][info ][gc,cpu      ] GC(291) User=0.02s Sys=0.01s Real=0.00s
[2025-10-13T19:49:54.790-0700][1256 ][info ][safepoint   ] Safepoint "G1PauseCleanup", Time since last: 381758141 ns, Reaching safepoint: 740861 ns, Cleanup: 21513 ns, At safepoint: 4920866 ns, Total: 5683240 ns
[2025-10-13T19:49:54.790-0700][1089 ][info ][gc,marking  ] GC(291) Concurrent Clear Claimed Marks
[2025-10-13T19:49:54.791-0700][1089 ][info ][gc,marking  ] GC(291) Concurrent Clear Claimed Marks 1.309ms
[2025-10-13T19:49:54.791-0700][1089 ][info ][gc,marking  ] GC(291) Concurrent Cleanup for Next Mark
[2025-10-13T19:49:54.828-0700][1089 ][info ][gc,marking  ] GC(291) Concurrent Cleanup for Next Mark 36.941ms
[2025-10-13T19:49:54.828-0700][1089 ][info ][gc          ] GC(291) Concurrent Mark Cycle 898.682ms
[2025-10-13T19:49:55.791-0700][1256 ][info ][safepoint   ] Safepoint "Cleanup", Time since last: 1000085433 ns, Reaching safepoint: 1005402 ns, Cleanup: 13710 ns, At safepoint: 313495 ns, Total: 1332607 ns
[2025-10-13T19:49:56.793-0700][1256 ][info ][safepoint   ] Safepoint "Cleanup", Time since last: 1000133796 ns, Reaching safepoint: 903427 ns, Cleanup: 13140 ns, At safepoint: 586317 ns, Total: 1502884 ns
[2025-10-13T19:49:58.794-0700][1256 ][info ][safepoint   ] Safepoint "Cleanup", Time since last: 2000177135 ns, Reaching safepoint: 850658 ns, Cleanup: 11327 ns, At safepoint: 246823 ns, Total: 1108808 ns
[2025-10-13T19:49:58.899-0700][1256 ][info ][gc,start    ] GC(292) Pause Young (Prepare Mixed) (G1 Evacuation Pause)
[2025-10-13T19:49:58.899-0700][1256 ][info ][gc,task     ] GC(292) Using 113 workers of 113 for evacuation
[2025-10-13T19:49:58.914-0700][1256 ][debug][gc,remset   ] GC(292) Visited cards 9113600 Total dirty 60096512 (15.16%) Total old 332595200 (2.74%)
[2025-10-13T19:49:59.039-0700][1256 ][info ][gc,phases   ] GC(292)   Pre Evacuate Collection Set: 0.7ms
[2025-10-13T19:49:59.039-0700][1256 ][info ][gc,phases   ] GC(292)   Merge Heap Roots: 13.8ms
[2025-10-13T19:49:59.039-0700][1256 ][info ][gc,phases   ] GC(292)   Evacuate Collection Set: 111.4ms
[2025-10-13T19:49:59.039-0700][1256 ][info ][gc,phases   ] GC(292)   Post Evacuate Collection Set: 13.8ms
[2025-10-13T19:49:59.039-0700][1256 ][info ][gc,phases   ] GC(292)   Other: 0.2ms
[2025-10-13T19:49:59.039-0700][1256 ][debug][gc,remset   ] GC(292) Coarsening (recent): Inline->AoC 140472 (3) AoC->Howl 6062 (3) Howl->Full 0 (0) Inline->AoC 23563 (0) AoC->BitMap 7424 (2) BitMap->Full 0 (0) 
[2025-10-13T19:49:59.039-0700][1256 ][debug][gc,remset   ] GC(292) Coarsening (all): Inline->AoC 9055490 (194) AoC->Howl 165723 (732) Howl->Full 0 (0) Inline->AoC 643603 (256) AoC->BitMap 195573 (596) BitMap->Full 19 (0) 
[2025-10-13T19:49:59.039-0700][1256 ][info ][gc,heap     ] GC(292) Eden regions: 1872->0(2986)
[2025-10-13T19:49:59.039-0700][1256 ][info ][gc,heap     ] GC(292) Survivor regions: 184->119(257)
[2025-10-13T19:49:59.039-0700][1256 ][info ][gc,heap     ] GC(292) Old regions: 946->1024
[2025-10-13T19:49:59.039-0700][1256 ][info ][gc,heap     ] GC(292) Humongous regions: 17->1
[2025-10-13T19:49:59.039-0700][1256 ][info ][gc,metaspace] GC(292) Metaspace: 321896K(328192K)->321896K(328192K) NonClass: 283406K(286784K)->283406K(286784K) Class: 38489K(41408K)->38489K(41408K)
[2025-10-13T19:49:59.039-0700][1256 ][info ][gc          ] GC(292) Pause Young (Prepare Mixed) (G1 Evacuation Pause) 96573M->36590M(184320M) 140.025ms
[2025-10-13T19:49:59.041-0700][1256 ][info ][gc,cpu      ] GC(292) User=13.97s Sys=0.12s Real=0.15s
[2025-10-13T19:49:59.042-0700][1256 ][info ][safepoint   ] Safepoint "G1CollectForAllocation", Time since last: 102374124 ns, Reaching safepoint: 998581 ns, Cleanup: 4607 ns, At safepoint: 144899644 ns, Total: 145902832 ns
[2025-10-13T19:50:01.055-0700][1256 ][info ][safepoint   ] Safepoint "Cleanup", Time since last: 2000199790 ns, Reaching safepoint: 10346446 ns, Cleanup: 17457 ns, At safepoint: 2103723 ns, Total: 12467626 ns
[2025-10-13T19:50:04.125-0700][1256 ][info ][safepoint   ] Safepoint "Cleanup", Time since last: 3062111800 ns, Reaching safepoint: 6051497 ns, Cleanup: 12899 ns, At safepoint: 1608454 ns, Total: 7672850 ns
[2025-10-13T19:50:06.127-0700][1256 ][info ][safepoint   ] Safepoint "Cleanup", Time since last: 2000175333 ns, Reaching safepoint: 896156 ns, Cleanup: 28904 ns, At safepoint: 920803 ns, Total: 1845863 ns
[2025-10-13T19:50:08.363-0700][1256 ][info ][gc,start    ] GC(293) Pause Young (Mixed) (G1 Evacuation Pause)
[2025-10-13T19:50:08.363-0700][1256 ][info ][gc,task     ] GC(293) Using 113 workers of 113 for evacuation
[2025-10-13T19:50:08.378-0700][1256 ][debug][gc,remset   ] GC(293) Visited cards 9845504 Total dirty 62062592 (15.86%) Total old 497221632 (1.98%)
[2025-10-13T19:50:08.489-0700][1256 ][info ][gc,phases   ] GC(293)   Pre Evacuate Collection Set: 0.9ms
[2025-10-13T19:50:08.489-0700][1256 ][info ][gc,phases   ] GC(293)   Merge Heap Roots: 14.1ms
[2025-10-13T19:50:08.490-0700][1256 ][info ][gc,phases   ] GC(293)   Evacuate Collection Set: 97.3ms
[2025-10-13T19:50:08.490-0700][1256 ][info ][gc,phases   ] GC(293)   Post Evacuate Collection Set: 13.7ms
[2025-10-13T19:50:08.490-0700][1256 ][info ][gc,phases   ] GC(293)   Other: 0.2ms
[2025-10-13T19:50:08.490-0700][1256 ][debug][gc,remset   ] GC(293) Coarsening (recent): Inline->AoC 18229 (26) AoC->Howl 601 (111) Howl->Full 0 (0) Inline->AoC 1554 (28) AoC->BitMap 501 (109) BitMap->Full 0 (0) 
[2025-10-13T19:50:08.490-0700][1256 ][debug][gc,remset   ] GC(293) Coarsening (all): Inline->AoC 9073719 (220) AoC->Howl 166324 (843) Howl->Full 0 (0) Inline->AoC 645157 (284) AoC->BitMap 196074 (705) BitMap->Full 19 (0) 
[2025-10-13T19:50:08.490-0700][1256 ][info ][gc,heap     ] GC(293) Eden regions: 3127->0(2781)
[2025-10-13T19:50:08.490-0700][1256 ][info ][gc,heap     ] GC(293) Survivor regions: 119->155(406)
[2025-10-13T19:50:08.490-0700][1256 ][info ][gc,heap     ] GC(293) Old regions: 1024->987
[2025-10-13T19:50:08.490-0700][1256 ][info ][gc,heap     ] GC(293) Humongous regions: 22->0
[2025-10-13T19:50:08.490-0700][1256 ][info ][gc,metaspace] GC(293) Metaspace: 321905K(328192K)->321905K(328192K) NonClass: 283415K(286784K)->283415K(286784K) Class: 38489K(41408K)->38489K(41408K)
[2025-10-13T19:50:08.490-0700][1256 ][info ][gc          ] GC(293) Pause Young (Mixed) (G1 Evacuation Pause) 137326M->36533M(184320M) 126.298ms
[2025-10-13T19:50:08.491-0700][1256 ][info ][gc,cpu      ] GC(293) User=12.45s Sys=0.07s Real=0.13s
[2025-10-13T19:50:08.493-0700][1256 ][info ][safepoint   ] Safepoint "G1CollectForAllocation", Time since last: 2219272343 ns, Reaching safepoint: 15563662 ns, Cleanup: 8072 ns, At safepoint: 131067543 ns, Total: 146639277 ns
[2025-10-13T19:50:11.494-0700][1256 ][info ][safepoint   ] Safepoint "Cleanup", Time since last: 3000204440 ns, Reaching safepoint: 860763 ns, Cleanup: 19109 ns, At safepoint: 250939 ns, Total: 1130811 ns
[2025-10-13T19:50:12.495-0700][1256 ][info ][safepoint   ] Safepoint "Cleanup", Time since last: 1000102970 ns, Reaching safepoint: 855805 ns, Cleanup: 12509 ns, At safepoint: 437081 ns, Total: 1305395 ns
[2025-10-13T19:50:13.497-0700][1256 ][info ][safepoint   ] Safepoint "Cleanup", Time since last: 1000121959 ns, Reaching safepoint: 880592 ns, Cleanup: 12849 ns, At safepoint: 388168 ns, Total: 1281609 ns
[2025-10-13T19:50:17.519-0700][1256 ][info ][safepoint   ] Safepoint "Cleanup", Time since last: 4000279701 ns, Reaching safepoint: 19775611 ns, Cleanup: 14142 ns, At safepoint: 2178736 ns, Total: 21968489 ns
[2025-10-13T19:50:18.522-0700][1256 ][info ][safepoint   ] Safepoint "Cleanup", Time since last: 1000114376 ns, Reaching safepoint: 785779 ns, Cleanup: 15353 ns, At safepoint: 1862478 ns, Total: 2663610 ns
[2025-10-13T19:50:21.482-0700][1256 ][info ][gc,start    ] GC(294) Pause Young (Mixed) (G1 Evacuation Pause)
[2025-10-13T19:50:21.482-0700][1256 ][info ][gc,task     ] GC(294) Using 113 workers of 113 for evacuation
[2025-10-13T19:50:21.498-0700][1256 ][debug][gc,remset   ] GC(294) Visited cards 9767168 Total dirty 59703296 (16.36%) Total old 479068160 (2.04%)
[2025-10-13T19:50:21.645-0700][1256 ][info ][gc,phases   ] GC(294)   Pre Evacuate Collection Set: 0.8ms
[2025-10-13T19:50:21.645-0700][1256 ][info ][gc,phases   ] GC(294)   Merge Heap Roots: 14.7ms
[2025-10-13T19:50:21.645-0700][1256 ][info ][gc,phases   ] GC(294)   Evacuate Collection Set: 133.0ms
[2025-10-13T19:50:21.645-0700][1256 ][info ][gc,phases   ] GC(294)   Post Evacuate Collection Set: 13.9ms
[2025-10-13T19:50:21.645-0700][1256 ][info ][gc,phases   ] GC(294)   Other: 0.2ms
[2025-10-13T19:50:21.645-0700][1256 ][debug][gc,remset   ] GC(294) Coarsening (recent): Inline->AoC 18330 (0) AoC->Howl 164 (0) Howl->Full 0 (0) Inline->AoC 608 (0) AoC->BitMap 102 (0) BitMap->Full 0 (0) 
[2025-10-13T19:50:21.645-0700][1256 ][debug][gc,remset   ] GC(294) Coarsening (all): Inline->AoC 9092049 (220) AoC->Howl 166488 (843) Howl->Full 0 (0) Inline->AoC 645765 (284) AoC->BitMap 196176 (705) BitMap->Full 19 (0) 
[2025-10-13T19:50:21.645-0700][1256 ][info ][gc,heap     ] GC(294) Eden regions: 2973->0(1727)
[2025-10-13T19:50:21.645-0700][1256 ][info ][gc,heap     ] GC(294) Survivor regions: 155->225(391)
[2025-10-13T19:50:21.645-0700][1256 ][info ][gc,heap     ] GC(294) Old regions: 987->942
[2025-10-13T19:50:21.645-0700][1256 ][info ][gc,heap     ] GC(294) Humongous regions: 18->0
[2025-10-13T19:50:21.645-0700][1256 ][info ][gc,metaspace] GC(294) Metaspace: 321933K(328192K)->321933K(328192K) NonClass: 283439K(286784K)->283439K(286784K) Class: 38493K(41408K)->38493K(41408K)
[2025-10-13T19:50:21.645-0700][1256 ][info ][gc          ] GC(294) Pause Young (Mixed) (G1 Evacuation Pause) 132245M->37311M(184320M) 162.741ms
[2025-10-13T19:50:21.647-0700][1256 ][info ][gc,cpu      ] GC(294) User=16.20s Sys=0.11s Real=0.16s
[2025-10-13T19:50:21.648-0700][1256 ][info ][safepoint   ] Safepoint "G1CollectForAllocation", Time since last: 2958034513 ns, Reaching safepoint: 834011 ns, Cleanup: 12369 ns, At safepoint: 167497591 ns, Total: 168343971 ns
[2025-10-13T19:50:22.651-0700][1256 ][info ][safepoint   ] Safepoint "Cleanup", Time since last: 1000055357 ns, Reaching safepoint: 1497185 ns, Cleanup: 15503 ns, At safepoint: 942416 ns, Total: 2455104 ns
[2025-10-13T19:50:23.652-0700][1256 ][info ][safepoint   ] Safepoint "Cleanup", Time since last: 1000112603 ns, Reaching safepoint: 881875 ns, Cleanup: 14712 ns, At safepoint: 411202 ns, Total: 1307789 ns
[2025-10-13T19:50:24.654-0700][1256 ][info ][safepoint   ] Safepoint "Cleanup", Time since last: 1000117621 ns, Reaching safepoint: 857357 ns, Cleanup: 18418 ns, At safepoint: 942476 ns, Total: 1818251 ns
[2025-10-13T19:50:25.656-0700][1256 ][info ][safepoint   ] Safepoint "Cleanup", Time since last: 1000109107 ns, Reaching safepoint: 870958 ns, Cleanup: 11918 ns, At safepoint: 798799 ns, Total: 1681675 ns
[2025-10-13T19:50:26.658-0700][1256 ][info ][safepoint   ] Safepoint "Cleanup", Time since last: 1000122255 ns, Reaching safepoint: 936107 ns, Cleanup: 10996 ns, At safepoint: 993403 ns, Total: 1940506 ns
[2025-10-13T19:50:28.661-0700][1256 ][info ][safepoint   ] Safepoint "Cleanup", Time since last: 2000171140 ns, Reaching safepoint: 1487631 ns, Cleanup: 11147 ns, At safepoint: 1723227 ns, Total: 3222005 ns
[2025-10-13T19:50:29.919-0700][1256 ][info ][gc,start    ] GC(295) Pause Young (Mixed) (G1 Evacuation Pause)
[2025-10-13T19:50:29.919-0700][1256 ][info ][gc,task     ] GC(295) Using 113 workers of 113 for evacuation
[2025-10-13T19:50:29.934-0700][1256 ][debug][gc,remset   ] GC(295) Visited cards 10071296 Total dirty 57278464 (17.58%) Total old 350355456 (2.87%)
[2025-10-13T19:50:30.084-0700][1256 ][info ][gc,phases   ] GC(295)   Pre Evacuate Collection Set: 0.8ms
[2025-10-13T19:50:30.084-0700][1256 ][info ][gc,phases   ] GC(295)   Merge Heap Roots: 13.7ms
[2025-10-13T19:50:30.084-0700][1256 ][info ][gc,phases   ] GC(295)   Evacuate Collection Set: 137.4ms
[2025-10-13T19:50:30.084-0700][1256 ][info ][gc,phases   ] GC(295)   Post Evacuate Collection Set: 13.0ms
[2025-10-13T19:50:30.084-0700][1256 ][info ][gc,phases   ] GC(295)   Other: 0.2ms
[2025-10-13T19:50:30.084-0700][1256 ][debug][gc,remset   ] GC(295) Coarsening (recent): Inline->AoC 17239 (0) AoC->Howl 263 (0) Howl->Full 0 (0) Inline->AoC 1228 (0) AoC->BitMap 139 (0) BitMap->Full 0 (0) 
[2025-10-13T19:50:30.084-0700][1256 ][debug][gc,remset   ] GC(295) Coarsening (all): Inline->AoC 9109288 (220) AoC->Howl 166751 (843) Howl->Full 0 (0) Inline->AoC 646993 (284) AoC->BitMap 196315 (705) BitMap->Full 19 (0) 
[2025-10-13T19:50:30.084-0700][1256 ][info ][gc,heap     ] GC(295) Eden regions: 1946->0(3234)
[2025-10-13T19:50:30.084-0700][1256 ][info ][gc,heap     ] GC(295) Survivor regions: 225->140(272)
[2025-10-13T19:50:30.084-0700][1256 ][info ][gc,heap     ] GC(295) Old regions: 942->1001
[2025-10-13T19:50:30.084-0700][1256 ][info ][gc,heap     ] GC(295) Humongous regions: 13->0
[2025-10-13T19:50:30.084-0700][1256 ][info ][gc,metaspace] GC(295) Metaspace: 321996K(328320K)->321996K(328320K) NonClass: 283493K(286912K)->283493K(286912K) Class: 38502K(41408K)->38502K(41408K)
[2025-10-13T19:50:30.084-0700][1256 ][info ][gc          ] GC(295) Pause Young (Mixed) (G1 Evacuation Pause) 99999M->36473M(184320M) 165.082ms
[2025-10-13T19:50:30.086-0700][1256 ][info ][gc,cpu      ] GC(295) User=16.90s Sys=0.08s Real=0.17s
[2025-10-13T19:50:30.087-0700][1256 ][info ][safepoint   ] Safepoint "G1CollectForAllocation", Time since last: 1254941128 ns, Reaching safepoint: 1223060 ns, Cleanup: 9965 ns, At safepoint: 169831859 ns, Total: 171064884 ns
[2025-10-13T19:50:31.097-0700][1256 ][info ][safepoint   ] Safepoint "Cleanup", Time since last: 1000084519 ns, Reaching safepoint: 7430653 ns, Cleanup: 14382 ns, At safepoint: 2227330 ns, Total: 9672365 ns
[2025-10-13T19:50:34.098-0700][1256 ][info ][safepoint   ] Safepoint "Cleanup", Time since last: 3000206925 ns, Reaching safepoint: 738036 ns, Cleanup: 14112 ns, At safepoint: 476070 ns, Total: 1228218 ns
[2025-10-13T19:50:36.100-0700][1256 ][info ][safepoint   ] Safepoint "Cleanup", Time since last: 2000166163 ns, Reaching safepoint: 1038301 ns, Cleanup: 12438 ns, At safepoint: 386125 ns, Total: 1436864 ns
[2025-10-13T19:50:38.101-0700][1256 ][info ][safepoint   ] Safepoint "Cleanup", Time since last: 2000166863 ns, Reaching safepoint: 688091 ns, Cleanup: 12009 ns, At safepoint: 138699 ns, Total: 838799 ns
[2025-10-13T19:50:39.118-0700][1256 ][info ][safepoint   ] Safepoint "Cleanup", Time since last: 1000101354 ns, Reaching safepoint: 14464126 ns, Cleanup: 12949 ns, At safepoint: 2424829 ns, Total: 16901904 ns
[2025-10-13T19:50:41.120-0700][1256 ][info ][safepoint   ] Safepoint "Cleanup", Time since last: 2000195507 ns, Reaching safepoint: 888565 ns, Cleanup: 15834 ns, At safepoint: 1118963 ns, Total: 2023362 ns
[2025-10-13T19:50:43.122-0700][1256 ][info ][safepoint   ] Safepoint "Cleanup", Time since last: 2000179302 ns, Reaching safepoint: 823276 ns, Cleanup: 11187 ns, At safepoint: 584734 ns, Total: 1419197 ns
[2025-10-13T19:50:43.298-0700][1256 ][info ][gc,start    ] GC(296) Pause Young (Mixed) (G1 Evacuation Pause)
[2025-10-13T19:50:43.298-0700][1256 ][info ][gc,task     ] GC(296) Using 113 workers of 113 for evacuation
[2025-10-13T19:50:43.312-0700][1256 ][debug][gc,remset   ] GC(296) Visited cards 10790400 Total dirty 62128128 (17.37%) Total old 515309568 (2.09%)
[2025-10-13T19:50:43.454-0700][1256 ][info ][gc,phases   ] GC(296)   Pre Evacuate Collection Set: 0.7ms
[2025-10-13T19:50:43.454-0700][1256 ][info ][gc,phases   ] GC(296)   Merge Heap Roots: 14.0ms
[2025-10-13T19:50:43.454-0700][1256 ][info ][gc,phases   ] GC(296)   Evacuate Collection Set: 124.4ms
[2025-10-13T19:50:43.454-0700][1256 ][info ][gc,phases   ] GC(296)   Post Evacuate Collection Set: 17.0ms
[2025-10-13T19:50:43.454-0700][1256 ][info ][gc,phases   ] GC(296)   Other: 0.2ms
[2025-10-13T19:50:43.454-0700][1256 ][debug][gc,remset   ] GC(296) Coarsening (recent): Inline->AoC 48436 (0) AoC->Howl 370 (0) Howl->Full 0 (0) Inline->AoC 939 (0) AoC->BitMap 313 (0) BitMap->Full 0 (0) 
[2025-10-13T19:50:43.454-0700][1256 ][debug][gc,remset   ] GC(296) Coarsening (all): Inline->AoC 9157724 (220) AoC->Howl 167121 (843) Howl->Full 0 (0) Inline->AoC 647932 (284) AoC->BitMap 196628 (705) BitMap->Full 19 (0) 
[2025-10-13T19:50:43.454-0700][1256 ][info ][gc,heap     ] GC(296) Eden regions: 3252->0(2642)
[2025-10-13T19:50:43.454-0700][1256 ][info ][gc,heap     ] GC(296) Survivor regions: 140->196(424)
[2025-10-13T19:50:43.454-0700][1256 ][info ][gc,heap     ] GC(296) Old regions: 1001->967
[2025-10-13T19:50:43.454-0700][1256 ][info ][gc,heap     ] GC(296) Humongous regions: 29->0
[2025-10-13T19:50:43.454-0700][1256 ][info ][gc,metaspace] GC(296) Metaspace: 322069K(328384K)->322069K(328384K) NonClass: 283556K(286976K)->283556K(286976K) Class: 38512K(41408K)->38512K(41408K)
[2025-10-13T19:50:43.454-0700][1256 ][info ][gc          ] GC(296) Pause Young (Mixed) (G1 Evacuation Pause) 141465M->37179M(184320M) 156.560ms
[2025-10-13T19:50:43.456-0700][1256 ][info ][gc,cpu      ] GC(296) User=14.73s Sys=0.29s Real=0.16s
[2025-10-13T19:50:43.457-0700][1256 ][info ][safepoint   ] Safepoint "G1CollectForAllocation", Time since last: 173059123 ns, Reaching safepoint: 888795 ns, Cleanup: 4767 ns, At safepoint: 161260831 ns, Total: 162154393 ns
[2025-10-13T19:50:44.459-0700][1256 ][info ][safepoint   ] Safepoint "Cleanup", Time since last: 1000093391 ns, Reaching safepoint: 1661314 ns, Cleanup: 13400 ns, At safepoint: 565125 ns, Total: 2239839 ns
[2025-10-13T19:50:48.461-0700][1256 ][info ][safepoint   ] Safepoint "Cleanup", Time since last: 4000299546 ns, Reaching safepoint: 820101 ns, Cleanup: 13019 ns, At safepoint: 232652 ns, Total: 1065772 ns
[2025-10-13T19:50:50.462-0700][1256 ][info ][safepoint   ] Safepoint "Cleanup", Time since last: 2000166303 ns, Reaching safepoint: 805839 ns, Cleanup: 16435 ns, At safepoint: 155325 ns, Total: 977599 ns
[2025-10-13T19:50:52.072-0700][1256 ][info ][gc,start    ] GC(297) Pause Young (Mixed) (G1 Evacuation Pause)
[2025-10-13T19:50:52.072-0700][1256 ][info ][gc,task     ] GC(297) Using 113 workers of 113 for evacuation
[2025-10-13T19:50:52.086-0700][1256 ][debug][gc,remset   ] GC(297) Visited cards 10595072 Total dirty 59506688 (17.80%) Total old 447217664 (2.37%)
[2025-10-13T19:50:52.249-0700][1256 ][info ][gc,phases   ] GC(297)   Pre Evacuate Collection Set: 0.7ms
[2025-10-13T19:50:52.249-0700][1256 ][info ][gc,phases   ] GC(297)   Merge Heap Roots: 13.1ms
[2025-10-13T19:50:52.249-0700][1256 ][info ][gc,phases   ] GC(297)   Evacuate Collection Set: 147.2ms
[2025-10-13T19:50:52.249-0700][1256 ][info ][gc,phases   ] GC(297)   Post Evacuate Collection Set: 15.7ms
[2025-10-13T19:50:52.249-0700][1256 ][info ][gc,phases   ] GC(297)   Other: 0.2ms
[2025-10-13T19:50:52.249-0700][1256 ][debug][gc,remset   ] GC(297) Coarsening (recent): Inline->AoC 46974 (0) AoC->Howl 213 (0) Howl->Full 0 (0) Inline->AoC 914 (0) AoC->BitMap 117 (0) BitMap->Full 0 (0) 
[2025-10-13T19:50:52.249-0700][1256 ][debug][gc,remset   ] GC(297) Coarsening (all): Inline->AoC 9204698 (220) AoC->Howl 167334 (843) Howl->Full 0 (0) Inline->AoC 648846 (284) AoC->BitMap 196745 (705) BitMap->Full 19 (0) 
[2025-10-13T19:50:52.249-0700][1256 ][info ][gc,heap     ] GC(297) Eden regions: 2698->0(1587)
[2025-10-13T19:50:52.249-0700][1256 ][info ][gc,heap     ] GC(297) Survivor regions: 196->248(362)
[2025-10-13T19:50:52.249-0700][1256 ][info ][gc,heap     ] GC(297) Old regions: 967->923
[2025-10-13T19:50:52.249-0700][1256 ][info ][gc,heap     ] GC(297) Humongous regions: 20->0
[2025-10-13T19:50:52.249-0700][1256 ][info ][gc,metaspace] GC(297) Metaspace: 322069K(328384K)->322069K(328384K) NonClass: 283556K(286976K)->283556K(286976K) Class: 38512K(41408K)->38512K(41408K)
[2025-10-13T19:50:52.249-0700][1256 ][info ][gc          ] GC(297) Pause Young (Mixed) (G1 Evacuation Pause) 124155M->37465M(184320M) 177.140ms
[2025-10-13T19:50:52.251-0700][1256 ][info ][gc,cpu      ] GC(297) User=17.07s Sys=0.21s Real=0.18s
[2025-10-13T19:50:52.252-0700][1256 ][info ][safepoint   ] Safepoint "G1CollectForAllocation", Time since last: 1606879358 ns, Reaching safepoint: 1514572 ns, Cleanup: 6490 ns, At safepoint: 181826368 ns, Total: 183347430 ns
[2025-10-13T19:50:59.551-0700][1256 ][info ][gc,start    ] GC(298) Pause Young (Mixed) (G1 Evacuation Pause)
[2025-10-13T19:50:59.551-0700][1256 ][info ][gc,task     ] GC(298) Using 113 workers of 113 for evacuation
[2025-10-13T19:50:59.565-0700][1256 ][debug][gc,remset   ] GC(298) Visited cards 11437824 Total dirty 56819712 (20.13%) Total old 326828032 (3.50%)
[2025-10-13T19:50:59.740-0700][1256 ][info ][gc,phases   ] GC(298)   Pre Evacuate Collection Set: 0.7ms
[2025-10-13T19:50:59.740-0700][1256 ][info ][gc,phases   ] GC(298)   Merge Heap Roots: 12.5ms
[2025-10-13T19:50:59.740-0700][1256 ][info ][gc,phases   ] GC(298)   Evacuate Collection Set: 161.1ms
[2025-10-13T19:50:59.740-0700][1256 ][info ][gc,phases   ] GC(298)   Post Evacuate Collection Set: 14.3ms
[2025-10-13T19:50:59.740-0700][1256 ][info ][gc,phases   ] GC(298)   Other: 0.2ms
[2025-10-13T19:50:59.740-0700][1256 ][debug][gc,remset   ] GC(298) Coarsening (recent): Inline->AoC 37860 (0) AoC->Howl 224 (0) Howl->Full 0 (0) Inline->AoC 1057 (0) AoC->BitMap 126 (0) BitMap->Full 0 (0) 
[2025-10-13T19:50:59.740-0700][1256 ][debug][gc,remset   ] GC(298) Coarsening (all): Inline->AoC 9242558 (220) AoC->Howl 167558 (843) Howl->Full 0 (0) Inline->AoC 649903 (284) AoC->BitMap 196871 (705) BitMap->Full 19 (0) 
[2025-10-13T19:50:59.740-0700][1256 ][info ][gc,heap     ] GC(298) Eden regions: 1752->0(3313)
[2025-10-13T19:50:59.740-0700][1256 ][info ][gc,heap     ] GC(298) Survivor regions: 248->143(250)
[2025-10-13T19:50:59.740-0700][1256 ][info ][gc,heap     ] GC(298) Old regions: 923->1025
[2025-10-13T19:50:59.740-0700][1256 ][info ][gc,heap     ] GC(298) Humongous regions: 15->0
[2025-10-13T19:50:59.740-0700][1256 ][info ][gc,metaspace] GC(298) Metaspace: 322069K(328384K)->322069K(328384K) NonClass: 283556K(286976K)->283556K(286976K) Class: 38512K(41408K)->38512K(41408K)
[2025-10-13T19:50:59.740-0700][1256 ][info ][gc          ] GC(298) Pause Young (Mixed) (G1 Evacuation Pause) 94009M->37359M(184320M) 188.910ms
[2025-10-13T19:50:59.742-0700][1256 ][info ][gc,cpu      ] GC(298) User=19.42s Sys=0.22s Real=0.19s
[2025-10-13T19:50:59.743-0700][1256 ][info ][safepoint   ] Safepoint "G1CollectForAllocation", Time since last: 7296675117 ns, Reaching safepoint: 792429 ns, Cleanup: 7571 ns, At safepoint: 193423255 ns, Total: 194223255 ns
[2025-10-13T19:51:04.167-0700][1256 ][info ][safepoint   ] Safepoint "Cleanup", Time since last: 4421775683 ns, Reaching safepoint: 1206536 ns, Cleanup: 18558 ns, At safepoint: 829845 ns, Total: 2054939 ns
[2025-10-13T19:51:07.168-0700][1256 ][info ][safepoint   ] Safepoint "Cleanup", Time since last: 3000227016 ns, Reaching safepoint: 835113 ns, Cleanup: 13120 ns, At safepoint: 176677 ns, Total: 1024910 ns
[2025-10-13T19:51:09.170-0700][1256 ][info ][safepoint   ] Safepoint "Cleanup", Time since last: 2000181877 ns, Reaching safepoint: 918790 ns, Cleanup: 12288 ns, At safepoint: 242207 ns, Total: 1173285 ns
[2025-10-13T19:51:10.171-0700][1256 ][info ][safepoint   ] Safepoint "Cleanup", Time since last: 1000109086 ns, Reaching safepoint: 949086 ns, Cleanup: 12509 ns, At safepoint: 243288 ns, Total: 1204883 ns
[2025-10-13T19:51:11.221-0700][1256 ][info ][gc,start    ] GC(299) Pause Young (Mixed) (G1 Evacuation Pause)
[2025-10-13T19:51:11.221-0700][1256 ][info ][gc,task     ] GC(299) Using 113 workers of 113 for evacuation
[2025-10-13T19:51:11.235-0700][1256 ][debug][gc,remset   ] GC(299) Visited cards 11885824 Total dirty 64618496 (18.39%) Total old 525205504 (2.26%)
[2025-10-13T19:51:11.362-0700][1256 ][debug][gc,remset   ] GC(299) Visited cards 897024 Total dirty 49479680 (1.81%) Total old 540475392 (0.17%)
[2025-10-13T19:51:11.381-0700][1256 ][info ][gc,phases   ] GC(299)   Pre Evacuate Collection Set: 0.7ms
[2025-10-13T19:51:11.381-0700][1256 ][info ][gc,phases   ] GC(299)   Merge Heap Roots: 13.7ms
[2025-10-13T19:51:11.381-0700][1256 ][info ][gc,phases   ] GC(299)   Evacuate Collection Set: 125.8ms
[2025-10-13T19:51:11.381-0700][1256 ][info ][gc,phases   ] GC(299)   Merge Optional Heap Roots: 0.9ms
[2025-10-13T19:51:11.381-0700][1256 ][info ][gc,phases   ] GC(299)   Evacuate Optional Collection Set: 2.7ms
[2025-10-13T19:51:11.381-0700][1256 ][info ][gc,phases   ] GC(299)   Post Evacuate Collection Set: 16.5ms
[2025-10-13T19:51:11.381-0700][1256 ][info ][gc,phases   ] GC(299)   Other: 0.2ms
[2025-10-13T19:51:11.381-0700][1256 ][debug][gc,remset   ] GC(299) Coarsening (recent): Inline->AoC 53844 (0) AoC->Howl 161 (0) Howl->Full 0 (0) Inline->AoC 522 (0) AoC->BitMap 112 (0) BitMap->Full 0 (0) 
[2025-10-13T19:51:11.381-0700][1256 ][debug][gc,remset   ] GC(299) Coarsening (all): Inline->AoC 9296402 (220) AoC->Howl 167719 (843) Howl->Full 0 (0) Inline->AoC 650425 (284) AoC->BitMap 196983 (705) BitMap->Full 19 (0) 
[2025-10-13T19:51:11.381-0700][1256 ][info ][gc,heap     ] GC(299) Eden regions: 3313->0(2514)
[2025-10-13T19:51:11.381-0700][1256 ][info ][gc,heap     ] GC(299) Survivor regions: 143->206(432)
[2025-10-13T19:51:11.381-0700][1256 ][info ][gc,heap     ] GC(299) Old regions: 1025->990
[2025-10-13T19:51:11.381-0700][1256 ][info ][gc,heap     ] GC(299) Humongous regions: 28->0
[2025-10-13T19:51:11.381-0700][1256 ][info ][gc,metaspace] GC(299) Metaspace: 322104K(328448K)->322104K(328448K) NonClass: 283588K(287040K)->283588K(287040K) Class: 38516K(41408K)->38516K(41408K)
[2025-10-13T19:51:11.381-0700][1256 ][info ][gc          ] GC(299) Pause Young (Mixed) (G1 Evacuation Pause) 144271M->38230M(184320M) 160.621ms
[2025-10-13T19:51:11.383-0700][1256 ][info ][gc,cpu      ] GC(299) User=15.10s Sys=0.42s Real=0.16s
[2025-10-13T19:51:11.384-0700][1256 ][info ][safepoint   ] Safepoint "G1CollectForAllocation", Time since last: 1047437747 ns, Reaching safepoint: 719178 ns, Cleanup: 5939 ns, At safepoint: 165349518 ns, Total: 166074635 ns
[2025-10-13T19:51:21.386-0700][1256 ][info ][safepoint   ] Safepoint "Cleanup", Time since last: 10000647375 ns, Reaching safepoint: 808343 ns, Cleanup: 13921 ns, At safepoint: 176347 ns, Total: 998611 ns
[2025-10-13T19:51:23.413-0700][1256 ][info ][gc,start    ] GC(300) Pause Young (Mixed) (G1 Evacuation Pause)
[2025-10-13T19:51:23.413-0700][1256 ][info ][gc,task     ] GC(300) Using 113 workers of 113 for evacuation
[2025-10-13T19:51:23.428-0700][1256 ][debug][gc,remset   ] GC(300) Visited cards 11994368 Total dirty 61865984 (19.39%) Total old 451149824 (2.66%)
[2025-10-13T19:51:23.592-0700][1256 ][info ][gc,phases   ] GC(300)   Pre Evacuate Collection Set: 0.7ms
[2025-10-13T19:51:23.593-0700][1256 ][info ][gc,phases   ] GC(300)   Merge Heap Roots: 14.1ms
[2025-10-13T19:51:23.593-0700][1256 ][info ][gc,phases   ] GC(300)   Evacuate Collection Set: 150.9ms
[2025-10-13T19:51:23.593-0700][1256 ][info ][gc,phases   ] GC(300)   Post Evacuate Collection Set: 13.7ms
[2025-10-13T19:51:23.593-0700][1256 ][info ][gc,phases   ] GC(300)   Other: 0.2ms
[2025-10-13T19:51:23.593-0700][1256 ][debug][gc,remset   ] GC(300) Coarsening (recent): Inline->AoC 49625 (0) AoC->Howl 181 (0) Howl->Full 0 (0) Inline->AoC 723 (0) AoC->BitMap 102 (0) BitMap->Full 0 (0) 
[2025-10-13T19:51:23.593-0700][1256 ][debug][gc,remset   ] GC(300) Coarsening (all): Inline->AoC 9346027 (220) AoC->Howl 167900 (843) Howl->Full 0 (0) Inline->AoC 651148 (284) AoC->BitMap 197085 (705) BitMap->Full 19 (0) 
[2025-10-13T19:51:23.593-0700][1256 ][info ][gc,heap     ] GC(300) Eden regions: 2716->0(3201)
[2025-10-13T19:51:23.593-0700][1256 ][info ][gc,heap     ] GC(300) Survivor regions: 206->206(366)
[2025-10-13T19:51:23.593-0700][1256 ][info ][gc,heap     ] GC(300) Old regions: 990->1004
[2025-10-13T19:51:23.593-0700][1256 ][info ][gc,heap     ] GC(300) Humongous regions: 12->0
[2025-10-13T19:51:23.593-0700][1256 ][info ][gc,metaspace] GC(300) Metaspace: 322115K(328448K)->322115K(328448K) NonClass: 283598K(287040K)->283598K(287040K) Class: 38517K(41408K)->38517K(41408K)
[2025-10-13T19:51:23.593-0700][1256 ][info ][gc          ] GC(300) Pause Young (Mixed) (G1 Evacuation Pause) 125526M->38702M(184320M) 179.783ms
[2025-10-13T19:51:23.594-0700][1256 ][info ][gc,cpu      ] GC(300) User=17.38s Sys=0.12s Real=0.18s
[2025-10-13T19:51:23.596-0700][1256 ][info ][safepoint   ] Safepoint "G1CollectForAllocation", Time since last: 2024294951 ns, Reaching safepoint: 872190 ns, Cleanup: 5488 ns, At safepoint: 184462106 ns, Total: 185339784 ns
[2025-10-13T19:51:23.900-0700][1256 ][info ][gc,start    ] GC(301) Pause Young (Concurrent Start) (G1 Humongous Allocation)
[2025-10-13T19:51:23.900-0700][1256 ][info ][gc,task     ] GC(301) Using 113 workers of 113 for evacuation
[2025-10-13T19:51:23.911-0700][1256 ][debug][gc,remset   ] GC(301) Visited cards 8519680 Total dirty 61931520 (13.76%) Total old 105512960 (8.07%)
[2025-10-13T19:51:24.027-0700][1256 ][info ][gc,phases   ] GC(301)   Pre Evacuate Collection Set: 0.8ms
[2025-10-13T19:51:24.027-0700][1256 ][info ][gc,phases   ] GC(301)   Merge Heap Roots: 9.6ms
[2025-10-13T19:51:24.027-0700][1256 ][info ][gc,phases   ] GC(301)   Evacuate Collection Set: 106.8ms
[2025-10-13T19:51:24.027-0700][1256 ][info ][gc,phases   ] GC(301)   Post Evacuate Collection Set: 9.0ms
[2025-10-13T19:51:24.027-0700][1256 ][info ][gc,phases   ] GC(301)   Other: 0.1ms
[2025-10-13T19:51:24.027-0700][1256 ][debug][gc,remset   ] GC(301) Coarsening (recent): Inline->AoC 22 (0) AoC->Howl 0 (0) Howl->Full 0 (0) Inline->AoC 0 (0) AoC->BitMap 0 (0) BitMap->Full 0 (0) 
[2025-10-13T19:51:24.027-0700][1256 ][debug][gc,remset   ] GC(301) Coarsening (all): Inline->AoC 9346049 (220) AoC->Howl 167900 (843) Howl->Full 0 (0) Inline->AoC 651148 (284) AoC->BitMap 197085 (705) BitMap->Full 19 (0) 
[2025-10-13T19:51:24.027-0700][1256 ][info ][gc,heap     ] GC(301) Eden regions: 97->0(1187)
[2025-10-13T19:51:24.027-0700][1256 ][info ][gc,heap     ] GC(301) Survivor regions: 206->205(432)
[2025-10-13T19:51:24.027-0700][1256 ][info ][gc,heap     ] GC(301) Old regions: 1004->1004
[2025-10-13T19:51:24.027-0700][1256 ][info ][gc,heap     ] GC(301) Humongous regions: 0->0
[2025-10-13T19:51:24.027-0700][1256 ][info ][gc,metaspace] GC(301) Metaspace: 322115K(328448K)->322115K(328448K) NonClass: 283598K(287040K)->283598K(287040K) Class: 38517K(41408K)->38517K(41408K)
[2025-10-13T19:51:24.027-0700][1256 ][info ][gc          ] GC(301) Pause Young (Concurrent Start) (G1 Humongous Allocation) 41788M->38671M(184320M) 126.647ms
[2025-10-13T19:51:24.027-0700][1089 ][info ][gc          ] GC(302) Concurrent Mark Cycle
[2025-10-13T19:51:24.027-0700][1089 ][info ][gc,marking  ] GC(302) Concurrent Scan Root Regions
[2025-10-13T19:51:24.029-0700][1256 ][info ][gc,cpu      ] GC(301) User=12.45s Sys=0.07s Real=0.13s
[2025-10-13T19:51:24.030-0700][1256 ][info ][safepoint   ] Safepoint "G1TryInitiateConcMark", Time since last: 301969484 ns, Reaching safepoint: 847372 ns, Cleanup: 4627 ns, At safepoint: 131973276 ns, Total: 132825275 ns
[2025-10-13T19:51:24.091-0700][1089 ][info ][gc,marking  ] GC(302) Concurrent Scan Root Regions 63.836ms
[2025-10-13T19:51:24.091-0700][1089 ][info ][gc,marking  ] GC(302) Concurrent Mark
[2025-10-13T19:51:24.091-0700][1089 ][info ][gc,marking  ] GC(302) Concurrent Mark From Roots
[2025-10-13T19:51:24.091-0700][1089 ][info ][gc,task     ] GC(302) Using 36 workers of 36 for marking
[2025-10-13T19:51:24.345-0700][1089 ][info ][gc,marking  ] GC(302) Concurrent Mark From Roots 253.723ms
[2025-10-13T19:51:24.345-0700][1089 ][info ][gc,marking  ] GC(302) Concurrent Preclean
[2025-10-13T19:51:24.380-0700][1089 ][info ][gc,marking  ] GC(302) Concurrent Preclean 35.496ms
[2025-10-13T19:51:24.383-0700][1256 ][info ][gc,start    ] GC(302) Pause Remark
[2025-10-13T19:51:24.551-0700][1256 ][info ][gc          ] GC(302) Pause Remark 45740M->45228M(184320M) 167.291ms
[2025-10-13T19:51:24.552-0700][1256 ][info ][gc,cpu      ] GC(302) User=14.69s Sys=0.15s Real=0.17s
[2025-10-13T19:51:24.556-0700][1256 ][info ][safepoint   ] Safepoint "G1PauseRemark", Time since last: 350040790 ns, Reaching safepoint: 1098583 ns, Cleanup: 12809 ns, At safepoint: 174099867 ns, Total: 175211259 ns
[2025-10-13T19:51:24.556-0700][1089 ][info ][gc,marking  ] GC(302) Concurrent Mark 464.695ms
[2025-10-13T19:51:24.556-0700][1089 ][info ][gc,marking  ] GC(302) Concurrent Rebuild Remembered Sets and Scrub Regions
[2025-10-13T19:51:24.943-0700][1089 ][info ][gc,marking  ] GC(302) Concurrent Rebuild Remembered Sets and Scrub Regions 387.207ms
[2025-10-13T19:51:24.946-0700][1256 ][info ][gc,start    ] GC(302) Pause Cleanup
[2025-10-13T19:51:24.948-0700][1256 ][info ][gc          ] GC(302) Pause Cleanup 50467M->50467M(184320M) 2.189ms
[2025-10-13T19:51:24.949-0700][1256 ][info ][gc,cpu      ] GC(302) User=0.01s Sys=0.01s Real=0.00s
[2025-10-13T19:51:24.950-0700][1256 ][info ][safepoint   ] Safepoint "G1PauseCleanup", Time since last: 387426948 ns, Reaching safepoint: 866872 ns, Cleanup: 26320 ns, At safepoint: 6064296 ns, Total: 6957488 ns
[2025-10-13T19:51:24.950-0700][1089 ][info ][gc,marking  ] GC(302) Concurrent Clear Claimed Marks
[2025-10-13T19:51:24.951-0700][1089 ][info ][gc,marking  ] GC(302) Concurrent Clear Claimed Marks 0.920ms
[2025-10-13T19:51:24.951-0700][1089 ][info ][gc,marking  ] GC(302) Concurrent Cleanup for Next Mark
[2025-10-13T19:51:24.981-0700][1089 ][info ][gc,marking  ] GC(302) Concurrent Cleanup for Next Mark 29.892ms
[2025-10-13T19:51:24.981-0700][1089 ][info ][gc          ] GC(302) Concurrent Mark Cycle 953.852ms
[2025-10-13T19:51:26.966-0700][1256 ][info ][safepoint   ] Safepoint "Cleanup", Time since last: 2000157369 ns, Reaching safepoint: 14539820 ns, Cleanup: 13089 ns, At safepoint: 1544147 ns, Total: 16097056 ns
[2025-10-13T19:51:27.086-0700][1256 ][info ][gc,start    ] GC(303) Pause Young (Prepare Mixed) (G1 Evacuation Pause)
[2025-10-13T19:51:27.086-0700][1256 ][info ][gc,task     ] GC(303) Using 113 workers of 113 for evacuation
[2025-10-13T19:51:27.100-0700][1256 ][debug][gc,remset   ] GC(303) Visited cards 9012224 Total dirty 62390272 (14.44%) Total old 235405312 (3.83%)
[2025-10-13T19:51:27.231-0700][1256 ][info ][gc,phases   ] GC(303)   Pre Evacuate Collection Set: 0.7ms
[2025-10-13T19:51:27.231-0700][1256 ][info ][gc,phases   ] GC(303)   Merge Heap Roots: 13.1ms
[2025-10-13T19:51:27.231-0700][1256 ][info ][gc,phases   ] GC(303)   Evacuate Collection Set: 118.4ms
[2025-10-13T19:51:27.231-0700][1256 ][info ][gc,phases   ] GC(303)   Post Evacuate Collection Set: 12.9ms
[2025-10-13T19:51:27.231-0700][1256 ][info ][gc,phases   ] GC(303)   Other: 0.1ms
[2025-10-13T19:51:27.231-0700][1256 ][debug][gc,remset   ] GC(303) Coarsening (recent): Inline->AoC 135853 (0) AoC->Howl 5897 (0) Howl->Full 0 (0) Inline->AoC 22328 (1) AoC->BitMap 7032 (0) BitMap->Full 0 (0) 
[2025-10-13T19:51:27.231-0700][1256 ][debug][gc,remset   ] GC(303) Coarsening (all): Inline->AoC 9481902 (220) AoC->Howl 173797 (843) Howl->Full 0 (0) Inline->AoC 673476 (285) AoC->BitMap 204117 (705) BitMap->Full 19 (0) 
[2025-10-13T19:51:27.231-0700][1256 ][info ][gc,heap     ] GC(303) Eden regions: 1092->0(2129)
[2025-10-13T19:51:27.231-0700][1256 ][info ][gc,heap     ] GC(303) Survivor regions: 205->108(163)
[2025-10-13T19:51:27.231-0700][1256 ][info ][gc,heap     ] GC(303) Old regions: 988->1086
[2025-10-13T19:51:27.231-0700][1256 ][info ][gc,heap     ] GC(303) Humongous regions: 10->1
[2025-10-13T19:51:27.231-0700][1256 ][info ][gc,metaspace] GC(303) Metaspace: 321924K(328448K)->321924K(328448K) NonClass: 283442K(287040K)->283442K(287040K) Class: 38482K(41408K)->38482K(41408K)
[2025-10-13T19:51:27.231-0700][1256 ][info ][gc          ] GC(303) Pause Young (Prepare Mixed) (G1 Evacuation Pause) 73423M->38238M(184320M) 145.511ms
[2025-10-13T19:51:27.233-0700][1256 ][info ][gc,cpu      ] GC(303) User=13.51s Sys=0.02s Real=0.15s
[2025-10-13T19:51:27.235-0700][1256 ][info ][safepoint   ] Safepoint "G1CollectForAllocation", Time since last: 114858700 ns, Reaching safepoint: 3087812 ns, Cleanup: 5379 ns, At safepoint: 150346135 ns, Total: 153439326 ns
[2025-10-13T19:51:28.236-0700][1256 ][info ][safepoint   ] Safepoint "Cleanup", Time since last: 1000088264 ns, Reaching safepoint: 1232075 ns, Cleanup: 143116 ns, At safepoint: 258091 ns, Total: 1633282 ns
[2025-10-13T19:51:29.238-0700][1256 ][info ][safepoint   ] Safepoint "Cleanup", Time since last: 1000117658 ns, Reaching safepoint: 978160 ns, Cleanup: 43897 ns, At safepoint: 525395 ns, Total: 1547452 ns
[2025-10-13T19:51:30.250-0700][1256 ][info ][safepoint   ] Safepoint "Cleanup", Time since last: 1000135555 ns, Reaching safepoint: 9293202 ns, Cleanup: 63085 ns, At safepoint: 2190104 ns, Total: 11546391 ns
[2025-10-13T19:51:31.252-0700][1256 ][info ][safepoint   ] Safepoint "Cleanup", Time since last: 1000126010 ns, Reaching safepoint: 853061 ns, Cleanup: 15984 ns, At safepoint: 1035917 ns, Total: 1904962 ns
[2025-10-13T19:51:32.254-0700][1256 ][info ][safepoint   ] Safepoint "Cleanup", Time since last: 1000114809 ns, Reaching safepoint: 856055 ns, Cleanup: 15243 ns, At safepoint: 1035357 ns, Total: 1906655 ns
[2025-10-13T19:51:33.615-0700][1256 ][info ][gc,start    ] GC(304) Pause Young (Mixed) (G1 Evacuation Pause)
[2025-10-13T19:51:33.615-0700][1256 ][info ][gc,task     ] GC(304) Using 113 workers of 113 for evacuation
[2025-10-13T19:51:33.630-0700][1256 ][debug][gc,remset   ] GC(304) Visited cards 9746432 Total dirty 65732608 (14.83%) Total old 391839744 (2.49%)
[2025-10-13T19:51:33.739-0700][1256 ][info ][gc,phases   ] GC(304)   Pre Evacuate Collection Set: 0.7ms
[2025-10-13T19:51:33.739-0700][1256 ][info ][gc,phases   ] GC(304)   Merge Heap Roots: 13.6ms
[2025-10-13T19:51:33.739-0700][1256 ][info ][gc,phases   ] GC(304)   Evacuate Collection Set: 97.4ms
[2025-10-13T19:51:33.739-0700][1256 ][info ][gc,phases   ] GC(304)   Post Evacuate Collection Set: 12.0ms
[2025-10-13T19:51:33.739-0700][1256 ][info ][gc,phases   ] GC(304)   Other: 0.2ms
[2025-10-13T19:51:33.739-0700][1256 ][debug][gc,remset   ] GC(304) Coarsening (recent): Inline->AoC 20578 (0) AoC->Howl 486 (0) Howl->Full 0 (0) Inline->AoC 1366 (0) AoC->BitMap 401 (0) BitMap->Full 0 (0) 
[2025-10-13T19:51:33.739-0700][1256 ][debug][gc,remset   ] GC(304) Coarsening (all): Inline->AoC 9502480 (220) AoC->Howl 174283 (843) Howl->Full 0 (0) Inline->AoC 674842 (285) AoC->BitMap 204518 (705) BitMap->Full 19 (0) 
[2025-10-13T19:51:33.739-0700][1256 ][info ][gc,heap     ] GC(304) Eden regions: 2303->0(2152)
[2025-10-13T19:51:33.739-0700][1256 ][info ][gc,heap     ] GC(304) Survivor regions: 108->140(302)
[2025-10-13T19:51:33.739-0700][1256 ][info ][gc,heap     ] GC(304) Old regions: 1086->1046
[2025-10-13T19:51:33.739-0700][1256 ][info ][gc,heap     ] GC(304) Humongous regions: 17->0
[2025-10-13T19:51:33.739-0700][1256 ][info ][gc,metaspace] GC(304) Metaspace: 321931K(328448K)->321931K(328448K) NonClass: 283447K(287040K)->283447K(287040K) Class: 38483K(41408K)->38483K(41408K)
[2025-10-13T19:51:33.739-0700][1256 ][info ][gc          ] GC(304) Pause Young (Mixed) (G1 Evacuation Pause) 112446M->37918M(184320M) 124.072ms
[2025-10-13T19:51:33.741-0700][1256 ][info ][gc,cpu      ] GC(304) User=10.84s Sys=0.14s Real=0.13s
[2025-10-13T19:51:33.742-0700][1256 ][info ][safepoint   ] Safepoint "G1CollectForAllocation", Time since last: 1358608363 ns, Reaching safepoint: 1264002 ns, Cleanup: 4206 ns, At safepoint: 128800133 ns, Total: 130068341 ns
[2025-10-13T19:51:36.744-0700][1256 ][info ][safepoint   ] Safepoint "Cleanup", Time since last: 3000241551 ns, Reaching safepoint: 805058 ns, Cleanup: 27512 ns, At safepoint: 103657 ns, Total: 936227 ns
[2025-10-13T19:51:37.745-0700][1256 ][info ][safepoint   ] Safepoint "Cleanup", Time since last: 1000104282 ns, Reaching safepoint: 1578849 ns, Cleanup: 12369 ns, At safepoint: 164118 ns, Total: 1755336 ns
[2025-10-13T19:51:38.747-0700][1256 ][info ][safepoint   ] Safepoint "Cleanup", Time since last: 1000100628 ns, Reaching safepoint: 892820 ns, Cleanup: 14572 ns, At safepoint: 415289 ns, Total: 1322681 ns
[2025-10-13T19:51:39.748-0700][1256 ][info ][safepoint   ] Safepoint "Cleanup", Time since last: 1000112645 ns, Reaching safepoint: 860973 ns, Cleanup: 10376 ns, At safepoint: 434657 ns, Total: 1306006 ns
[2025-10-13T19:51:40.750-0700][1256 ][info ][safepoint   ] Safepoint "Cleanup", Time since last: 1000107758 ns, Reaching safepoint: 866141 ns, Cleanup: 58028 ns, At safepoint: 588510 ns, Total: 1512679 ns
[2025-10-13T19:51:42.752-0700][1256 ][info ][safepoint   ] Safepoint "Cleanup", Time since last: 2000180744 ns, Reaching safepoint: 894093 ns, Cleanup: 11567 ns, At safepoint: 544654 ns, Total: 1450314 ns
[2025-10-13T19:51:43.726-0700][1256 ][info ][gc,start    ] GC(305) Pause Young (Mixed) (G1 Evacuation Pause)
[2025-10-13T19:51:43.726-0700][1256 ][info ][gc,task     ] GC(305) Using 113 workers of 113 for evacuation
[2025-10-13T19:51:43.740-0700][1256 ][debug][gc,remset   ] GC(305) Visited cards 9850112 Total dirty 63700992 (15.46%) Total old 391905280 (2.51%)
[2025-10-13T19:51:43.863-0700][1256 ][info ][gc,phases   ] GC(305)   Pre Evacuate Collection Set: 0.7ms
[2025-10-13T19:51:43.863-0700][1256 ][info ][gc,phases   ] GC(305)   Merge Heap Roots: 13.6ms
[2025-10-13T19:51:43.863-0700][1256 ][info ][gc,phases   ] GC(305)   Evacuate Collection Set: 106.9ms
[2025-10-13T19:51:43.863-0700][1256 ][info ][gc,phases   ] GC(305)   Post Evacuate Collection Set: 15.6ms
[2025-10-13T19:51:43.863-0700][1256 ][info ][gc,phases   ] GC(305)   Other: 0.2ms
[2025-10-13T19:51:43.863-0700][1256 ][debug][gc,remset   ] GC(305) Coarsening (recent): Inline->AoC 40212 (0) AoC->Howl 125 (0) Howl->Full 0 (0) Inline->AoC 470 (0) AoC->BitMap 74 (0) BitMap->Full 0 (0) 
[2025-10-13T19:51:43.863-0700][1256 ][debug][gc,remset   ] GC(305) Coarsening (all): Inline->AoC 9542692 (220) AoC->Howl 174408 (843) Howl->Full 0 (0) Inline->AoC 675312 (285) AoC->BitMap 204592 (705) BitMap->Full 19 (0) 
[2025-10-13T19:51:43.863-0700][1256 ][info ][gc,heap     ] GC(305) Eden regions: 2293->0(2136)
[2025-10-13T19:51:43.863-0700][1256 ][info ][gc,heap     ] GC(305) Survivor regions: 140->170(305)
[2025-10-13T19:51:43.863-0700][1256 ][info ][gc,heap     ] GC(305) Old regions: 1046->996
[2025-10-13T19:51:43.863-0700][1256 ][info ][gc,heap     ] GC(305) Humongous regions: 14->0
[2025-10-13T19:51:43.863-0700][1256 ][info ][gc,metaspace] GC(305) Metaspace: 321953K(328448K)->321953K(328448K) NonClass: 283469K(287040K)->283469K(287040K) Class: 38483K(41408K)->38483K(41408K)
[2025-10-13T19:51:43.863-0700][1256 ][info ][gc          ] GC(305) Pause Young (Mixed) (G1 Evacuation Pause) 111742M->37292M(184320M) 137.181ms
[2025-10-13T19:51:43.865-0700][1256 ][info ][gc,cpu      ] GC(305) User=12.74s Sys=0.25s Real=0.14s
[2025-10-13T19:51:43.866-0700][1256 ][info ][safepoint   ] Safepoint "G1CollectForAllocation", Time since last: 971421424 ns, Reaching safepoint: 921214 ns, Cleanup: 34041 ns, At safepoint: 142027958 ns, Total: 142983213 ns
[2025-10-13T19:51:46.867-0700][1256 ][info ][safepoint   ] Safepoint "Cleanup", Time since last: 3000203893 ns, Reaching safepoint: 835875 ns, Cleanup: 17547 ns, At safepoint: 155535 ns, Total: 1008957 ns
[2025-10-13T19:51:48.868-0700][1256 ][info ][safepoint   ] Safepoint "Cleanup", Time since last: 2000134193 ns, Reaching safepoint: 748983 ns, Cleanup: 16245 ns, At safepoint: 360245 ns, Total: 1125473 ns
[2025-10-13T19:51:51.870-0700][1256 ][info ][safepoint   ] Safepoint "Cleanup", Time since last: 3000238916 ns, Reaching safepoint: 883277 ns, Cleanup: 19750 ns, At safepoint: 213463 ns, Total: 1116490 ns
[2025-10-13T19:51:52.766-0700][1256 ][info ][gc,start    ] GC(306) Pause Young (Mixed) (G1 Evacuation Pause)
[2025-10-13T19:51:52.766-0700][1256 ][info ][gc,task     ] GC(306) Using 113 workers of 113 for evacuation
[2025-10-13T19:51:52.782-0700][1256 ][debug][gc,remset   ] GC(306) Visited cards 9789696 Total dirty 60555264 (16.17%) Total old 392429568 (2.49%)
[2025-10-13T19:51:52.929-0700][1256 ][info ][gc,phases   ] GC(306)   Pre Evacuate Collection Set: 0.8ms
[2025-10-13T19:51:52.929-0700][1256 ][info ][gc,phases   ] GC(306)   Merge Heap Roots: 14.9ms
[2025-10-13T19:51:52.929-0700][1256 ][info ][gc,phases   ] GC(306)   Evacuate Collection Set: 130.6ms
[2025-10-13T19:51:52.929-0700][1256 ][info ][gc,phases   ] GC(306)   Post Evacuate Collection Set: 16.1ms
[2025-10-13T19:51:52.929-0700][1256 ][info ][gc,phases   ] GC(306)   Other: 0.2ms
[2025-10-13T19:51:52.929-0700][1256 ][debug][gc,remset   ] GC(306) Coarsening (recent): Inline->AoC 36592 (0) AoC->Howl 161 (0) Howl->Full 0 (0) Inline->AoC 597 (0) AoC->BitMap 103 (0) BitMap->Full 0 (0) 
[2025-10-13T19:51:52.929-0700][1256 ][debug][gc,remset   ] GC(306) Coarsening (all): Inline->AoC 9579284 (220) AoC->Howl 174569 (843) Howl->Full 0 (0) Inline->AoC 675909 (285) AoC->BitMap 204695 (705) BitMap->Full 19 (0) 
[2025-10-13T19:51:52.929-0700][1256 ][info ][gc,heap     ] GC(306) Eden regions: 2294->0(2080)
[2025-10-13T19:51:52.929-0700][1256 ][info ][gc,heap     ] GC(306) Survivor regions: 170->187(308)
[2025-10-13T19:51:52.929-0700][1256 ][info ][gc,heap     ] GC(306) Old regions: 996->978
[2025-10-13T19:51:52.929-0700][1256 ][info ][gc,heap     ] GC(306) Humongous regions: 10->0
[2025-10-13T19:51:52.929-0700][1256 ][info ][gc,metaspace] GC(306) Metaspace: 321958K(328448K)->321958K(328448K) NonClass: 283473K(287040K)->283473K(287040K) Class: 38484K(41408K)->38484K(41408K)
[2025-10-13T19:51:52.929-0700][1256 ][info ][gc          ] GC(306) Pause Young (Mixed) (G1 Evacuation Pause) 111020M->37255M(184320M) 162.745ms
[2025-10-13T19:51:52.931-0700][1256 ][info ][gc,cpu      ] GC(306) User=15.59s Sys=0.32s Real=0.17s
[2025-10-13T19:51:52.932-0700][1256 ][info ][safepoint   ] Safepoint "G1CollectForAllocation", Time since last: 893726576 ns, Reaching safepoint: 874473 ns, Cleanup: 11057 ns, At safepoint: 167364884 ns, Total: 168250414 ns
[2025-10-13T19:51:53.933-0700][1256 ][info ][safepoint   ] Safepoint "Cleanup", Time since last: 1000074558 ns, Reaching safepoint: 861794 ns, Cleanup: 14802 ns, At safepoint: 295798 ns, Total: 1172394 ns
[2025-10-13T19:51:54.934-0700][1256 ][info ][safepoint   ] Safepoint "Cleanup", Time since last: 1000101618 ns, Reaching safepoint: 880493 ns, Cleanup: 14842 ns, At safepoint: 324932 ns, Total: 1220267 ns
[2025-10-13T19:51:55.936-0700][1256 ][info ][safepoint   ] Safepoint "Cleanup", Time since last: 1000099065 ns, Reaching safepoint: 848403 ns, Cleanup: 15063 ns, At safepoint: 366595 ns, Total: 1230061 ns
[2025-10-13T19:51:59.937-0700][1256 ][info ][safepoint   ] Safepoint "Cleanup", Time since last: 4000277830 ns, Reaching safepoint: 808634 ns, Cleanup: 13460 ns, At safepoint: 210959 ns, Total: 1033053 ns
[2025-10-13T19:52:02.938-0700][1256 ][info ][safepoint   ] Safepoint "Cleanup", Time since last: 3000218456 ns, Reaching safepoint: 885980 ns, Cleanup: 12690 ns, At safepoint: 382218 ns, Total: 1280888 ns
[2025-10-13T19:52:03.684-0700][1256 ][info ][gc,start    ] GC(307) Pause Young (Mixed) (G1 Evacuation Pause)
[2025-10-13T19:52:03.684-0700][1256 ][info ][gc,task     ] GC(307) Using 113 workers of 113 for evacuation
[2025-10-13T19:52:03.698-0700][1256 ][debug][gc,remset   ] GC(307) Visited cards 10089984 Total dirty 59441152 (16.97%) Total old 378273792 (2.67%)
[2025-10-13T19:52:03.854-0700][1256 ][info ][gc,phases   ] GC(307)   Pre Evacuate Collection Set: 0.7ms
[2025-10-13T19:52:03.854-0700][1256 ][info ][gc,phases   ] GC(307)   Merge Heap Roots: 13.2ms
[2025-10-13T19:52:03.854-0700][1256 ][info ][gc,phases   ] GC(307)   Evacuate Collection Set: 142.0ms
[2025-10-13T19:52:03.854-0700][1256 ][info ][gc,phases   ] GC(307)   Post Evacuate Collection Set: 13.7ms
[2025-10-13T19:52:03.854-0700][1256 ][info ][gc,phases   ] GC(307)   Other: 0.1ms
[2025-10-13T19:52:03.854-0700][1256 ][debug][gc,remset   ] GC(307) Coarsening (recent): Inline->AoC 42758 (0) AoC->Howl 303 (0) Howl->Full 0 (0) Inline->AoC 1165 (0) AoC->BitMap 207 (0) BitMap->Full 0 (0) 
[2025-10-13T19:52:03.854-0700][1256 ][debug][gc,remset   ] GC(307) Coarsening (all): Inline->AoC 9622042 (220) AoC->Howl 174872 (843) Howl->Full 0 (0) Inline->AoC 677074 (285) AoC->BitMap 204902 (705) BitMap->Full 19 (0) 
[2025-10-13T19:52:03.854-0700][1256 ][info ][gc,heap     ] GC(307) Eden regions: 2176->0(2389)
[2025-10-13T19:52:03.854-0700][1256 ][info ][gc,heap     ] GC(307) Survivor regions: 187->177(296)
[2025-10-13T19:52:03.854-0700][1256 ][info ][gc,heap     ] GC(307) Old regions: 978->981
[2025-10-13T19:52:03.854-0700][1256 ][info ][gc,heap     ] GC(307) Humongous regions: 14->0
[2025-10-13T19:52:03.854-0700][1256 ][info ][gc,metaspace] GC(307) Metaspace: 322000K(328448K)->322000K(328448K) NonClass: 283509K(287040K)->283509K(287040K) Class: 38491K(41408K)->38491K(41408K)
[2025-10-13T19:52:03.854-0700][1256 ][info ][gc          ] GC(307) Pause Young (Mixed) (G1 Evacuation Pause) 107335M->37037M(184320M) 169.967ms
[2025-10-13T19:52:03.856-0700][1256 ][info ][gc,cpu      ] GC(307) User=15.92s Sys=0.20s Real=0.17s
[2025-10-13T19:52:03.857-0700][1256 ][info ][safepoint   ] Safepoint "G1CollectForAllocation", Time since last: 742704320 ns, Reaching safepoint: 948735 ns, Cleanup: 20101 ns, At safepoint: 174565088 ns, Total: 175533924 ns
[2025-10-13T19:52:08.865-0700][1256 ][info ][safepoint   ] Safepoint "Cleanup", Time since last: 5000338988 ns, Reaching safepoint: 7005410 ns, Cleanup: 15964 ns, At safepoint: 786480 ns, Total: 7807854 ns
[2025-10-13T19:52:09.867-0700][1256 ][info ][safepoint   ] Safepoint "Cleanup", Time since last: 1000110091 ns, Reaching safepoint: 1191954 ns, Cleanup: 12960 ns, At safepoint: 884227 ns, Total: 2089141 ns
[2025-10-13T19:52:10.869-0700][1256 ][info ][safepoint   ] Safepoint "Cleanup", Time since last: 1000114268 ns, Reaching safepoint: 844939 ns, Cleanup: 17597 ns, At safepoint: 635842 ns, Total: 1498378 ns
[2025-10-13T19:52:13.870-0700][1256 ][info ][safepoint   ] Safepoint "Cleanup", Time since last: 3000224324 ns, Reaching safepoint: 889165 ns, Cleanup: 15634 ns, At safepoint: 212481 ns, Total: 1117280 ns
[2025-10-13T19:52:16.293-0700][1256 ][info ][gc,start    ] GC(308) Pause Young (Mixed) (G1 Evacuation Pause)
[2025-10-13T19:52:16.293-0700][1256 ][info ][gc,task     ] GC(308) Using 113 workers of 113 for evacuation
[2025-10-13T19:52:16.308-0700][1256 ][debug][gc,remset   ] GC(308) Visited cards 10996736 Total dirty 59965440 (18.34%) Total old 406847488 (2.70%)
[2025-10-13T19:52:16.469-0700][1256 ][info ][gc,phases   ] GC(308)   Pre Evacuate Collection Set: 0.7ms
[2025-10-13T19:52:16.469-0700][1256 ][info ][gc,phases   ] GC(308)   Merge Heap Roots: 13.6ms
[2025-10-13T19:52:16.469-0700][1256 ][info ][gc,phases   ] GC(308)   Evacuate Collection Set: 146.7ms
[2025-10-13T19:52:16.469-0700][1256 ][info ][gc,phases   ] GC(308)   Post Evacuate Collection Set: 14.5ms
[2025-10-13T19:52:16.469-0700][1256 ][info ][gc,phases   ] GC(308)   Other: 0.2ms
[2025-10-13T19:52:16.469-0700][1256 ][debug][gc,remset   ] GC(308) Coarsening (recent): Inline->AoC 56375 (0) AoC->Howl 261 (0) Howl->Full 0 (0) Inline->AoC 983 (0) AoC->BitMap 179 (0) BitMap->Full 0 (0) 
[2025-10-13T19:52:16.469-0700][1256 ][debug][gc,remset   ] GC(308) Coarsening (all): Inline->AoC 9678417 (220) AoC->Howl 175133 (843) Howl->Full 0 (0) Inline->AoC 678057 (285) AoC->BitMap 205081 (705) BitMap->Full 19 (0) 
[2025-10-13T19:52:16.469-0700][1256 ][info ][gc,heap     ] GC(308) Eden regions: 2401->0(1715)
[2025-10-13T19:52:16.469-0700][1256 ][info ][gc,heap     ] GC(308) Survivor regions: 177->226(323)
[2025-10-13T19:52:16.469-0700][1256 ][info ][gc,heap     ] GC(308) Old regions: 981->937
[2025-10-13T19:52:16.469-0700][1256 ][info ][gc,heap     ] GC(308) Humongous regions: 17->0
[2025-10-13T19:52:16.469-0700][1256 ][info ][gc,metaspace] GC(308) Metaspace: 322007K(328448K)->322007K(328448K) NonClass: 283515K(287040K)->283515K(287040K) Class: 38492K(41408K)->38492K(41408K)
[2025-10-13T19:52:16.469-0700][1256 ][info ][gc          ] GC(308) Pause Young (Mixed) (G1 Evacuation Pause) 114413M->37194M(184320M) 175.956ms
[2025-10-13T19:52:16.471-0700][1256 ][info ][gc,cpu      ] GC(308) User=16.07s Sys=0.30s Real=0.18s
[2025-10-13T19:52:16.472-0700][1256 ][info ][safepoint   ] Safepoint "G1CollectForAllocation", Time since last: 2420559935 ns, Reaching safepoint: 865259 ns, Cleanup: 7041 ns, At safepoint: 180795045 ns, Total: 181667345 ns
[2025-10-13T19:52:18.474-0700][1256 ][info ][safepoint   ] Safepoint "Cleanup", Time since last: 2000154754 ns, Reaching safepoint: 918309 ns, Cleanup: 17807 ns, At safepoint: 542922 ns, Total: 1479038 ns
[2025-10-13T19:52:20.475-0700][1256 ][info ][safepoint   ] Safepoint "Cleanup", Time since last: 2000180963 ns, Reaching safepoint: 834302 ns, Cleanup: 53071 ns, At safepoint: 257720 ns, Total: 1145093 ns
[2025-10-13T19:52:21.320-0700][1256 ][info ][gc,start    ] GC(309) Pause Young (Mixed) (G1 Evacuation Pause)
[2025-10-13T19:52:21.320-0700][1256 ][info ][gc,task     ] GC(309) Using 113 workers of 113 for evacuation
[2025-10-13T19:52:21.334-0700][1256 ][debug][gc,remset   ] GC(309) Visited cards 10866432 Total dirty 57475072 (18.91%) Total old 348979200 (3.11%)
[2025-10-13T19:52:21.501-0700][1256 ][info ][gc,phases   ] GC(309)   Pre Evacuate Collection Set: 0.8ms
[2025-10-13T19:52:21.501-0700][1256 ][info ][gc,phases   ] GC(309)   Merge Heap Roots: 12.9ms
[2025-10-13T19:52:21.501-0700][1256 ][info ][gc,phases   ] GC(309)   Evacuate Collection Set: 153.4ms
[2025-10-13T19:52:21.501-0700][1256 ][info ][gc,phases   ] GC(309)   Post Evacuate Collection Set: 13.4ms
[2025-10-13T19:52:21.501-0700][1256 ][info ][gc,phases   ] GC(309)   Other: 0.2ms
[2025-10-13T19:52:21.501-0700][1256 ][debug][gc,remset   ] GC(309) Coarsening (recent): Inline->AoC 35459 (1) AoC->Howl 143 (6) Howl->Full 0 (0) Inline->AoC 650 (2) AoC->BitMap 68 (2) BitMap->Full 0 (0) 
[2025-10-13T19:52:21.501-0700][1256 ][debug][gc,remset   ] GC(309) Coarsening (all): Inline->AoC 9713876 (221) AoC->Howl 175276 (849) Howl->Full 0 (0) Inline->AoC 678707 (287) AoC->BitMap 205149 (707) BitMap->Full 19 (0) 
[2025-10-13T19:52:21.501-0700][1256 ][info ][gc,heap     ] GC(309) Eden regions: 1936->0(2456)
[2025-10-13T19:52:21.501-0700][1256 ][info ][gc,heap     ] GC(309) Survivor regions: 226->185(271)
[2025-10-13T19:52:21.501-0700][1256 ][info ][gc,heap     ] GC(309) Old regions: 937->968
[2025-10-13T19:52:21.501-0700][1256 ][info ][gc,heap     ] GC(309) Humongous regions: 10->0
[2025-10-13T19:52:21.501-0700][1256 ][info ][gc,metaspace] GC(309) Metaspace: 322051K(328448K)->322051K(328448K) NonClass: 283558K(287040K)->283558K(287040K) Class: 38493K(41408K)->38493K(41408K)
[2025-10-13T19:52:21.501-0700][1256 ][info ][gc          ] GC(309) Pause Young (Mixed) (G1 Evacuation Pause) 99466M->36890M(184320M) 180.790ms
[2025-10-13T19:52:21.503-0700][1256 ][info ][gc,cpu      ] GC(309) User=17.50s Sys=0.17s Real=0.19s
[2025-10-13T19:52:21.504-0700][1256 ][info ][safepoint   ] Safepoint "G1CollectForAllocation", Time since last: 842052930 ns, Reaching safepoint: 990950 ns, Cleanup: 31417 ns, At safepoint: 185659455 ns, Total: 186681822 ns
[2025-10-13T19:52:22.505-0700][1256 ][info ][safepoint   ] Safepoint "Cleanup", Time since last: 1000089210 ns, Reaching safepoint: 731697 ns, Cleanup: 55434 ns, At safepoint: 222196 ns, Total: 1009327 ns
[2025-10-13T19:52:23.507-0700][1256 ][info ][safepoint   ] Safepoint "Cleanup", Time since last: 1000113327 ns, Reaching safepoint: 1216350 ns, Cleanup: 21773 ns, At safepoint: 241325 ns, Total: 1479448 ns
[2025-10-13T19:52:24.508-0700][1256 ][info ][safepoint   ] Safepoint "Cleanup", Time since last: 1000108319 ns, Reaching safepoint: 883427 ns, Cleanup: 17476 ns, At safepoint: 445775 ns, Total: 1346678 ns
[2025-10-13T19:52:25.510-0700][1256 ][info ][safepoint   ] Safepoint "Cleanup", Time since last: 1000116842 ns, Reaching safepoint: 968044 ns, Cleanup: 15564 ns, At safepoint: 709654 ns, Total: 1693262 ns
[2025-10-13T19:52:26.512-0700][1256 ][info ][safepoint   ] Safepoint "Cleanup", Time since last: 1000112174 ns, Reaching safepoint: 941675 ns, Cleanup: 16105 ns, At safepoint: 783195 ns, Total: 1740975 ns
[2025-10-13T19:52:28.513-0700][1256 ][info ][safepoint   ] Safepoint "Cleanup", Time since last: 2000166141 ns, Reaching safepoint: 894924 ns, Cleanup: 12849 ns, At safepoint: 579627 ns, Total: 1487400 ns
[2025-10-13T19:52:29.230-0700][1256 ][info ][gc,start    ] GC(310) Pause Young (Mixed) (G1 Evacuation Pause)
[2025-10-13T19:52:29.231-0700][1256 ][info ][gc,task     ] GC(310) Using 113 workers of 113 for evacuation
[2025-10-13T19:52:29.245-0700][1256 ][debug][gc,remset   ] GC(310) Visited cards 11898624 Total dirty 59768832 (19.91%) Total old 423100416 (2.81%)
[2025-10-13T19:52:29.404-0700][1256 ][info ][gc,phases   ] GC(310)   Pre Evacuate Collection Set: 0.7ms
[2025-10-13T19:52:29.404-0700][1256 ][info ][gc,phases   ] GC(310)   Merge Heap Roots: 13.8ms
[2025-10-13T19:52:29.404-0700][1256 ][info ][gc,phases   ] GC(310)   Evacuate Collection Set: 143.3ms
[2025-10-13T19:52:29.404-0700][1256 ][info ][gc,phases   ] GC(310)   Post Evacuate Collection Set: 15.5ms
[2025-10-13T19:52:29.404-0700][1256 ][info ][gc,phases   ] GC(310)   Other: 0.2ms
[2025-10-13T19:52:29.404-0700][1256 ][debug][gc,remset   ] GC(310) Coarsening (recent): Inline->AoC 43593 (0) AoC->Howl 236 (1) Howl->Full 0 (0) Inline->AoC 836 (0) AoC->BitMap 176 (0) BitMap->Full 0 (0) 
[2025-10-13T19:52:29.404-0700][1256 ][debug][gc,remset   ] GC(310) Coarsening (all): Inline->AoC 9757469 (221) AoC->Howl 175512 (850) Howl->Full 0 (0) Inline->AoC 679543 (287) AoC->BitMap 205325 (707) BitMap->Full 19 (0) 
[2025-10-13T19:52:29.404-0700][1256 ][info ][gc,heap     ] GC(310) Eden regions: 2522->0(1523)
[2025-10-13T19:52:29.404-0700][1256 ][info ][gc,heap     ] GC(310) Survivor regions: 185->242(339)
[2025-10-13T19:52:29.404-0700][1256 ][info ][gc,heap     ] GC(310) Old regions: 968->930
[2025-10-13T19:52:29.404-0700][1256 ][info ][gc,heap     ] GC(310) Humongous regions: 20->0
[2025-10-13T19:52:29.404-0700][1256 ][info ][gc,metaspace] GC(310) Metaspace: 322147K(328448K)->322147K(328448K) NonClass: 283640K(287040K)->283640K(287040K) Class: 38507K(41408K)->38507K(41408K)
[2025-10-13T19:52:29.404-0700][1256 ][info ][gc          ] GC(310) Pause Young (Mixed) (G1 Evacuation Pause) 118234M->37453M(184320M) 173.805ms
[2025-10-13T19:52:29.406-0700][1256 ][info ][gc,cpu      ] GC(310) User=17.30s Sys=0.24s Real=0.17s
[2025-10-13T19:52:29.407-0700][1256 ][info ][safepoint   ] Safepoint "G1CollectForAllocation", Time since last: 714477211 ns, Reaching safepoint: 851548 ns, Cleanup: 6560 ns, At safepoint: 178630700 ns, Total: 179488808 ns
[2025-10-13T19:52:31.409-0700][1256 ][info ][safepoint   ] Safepoint "Cleanup", Time since last: 2000149076 ns, Reaching safepoint: 850126 ns, Cleanup: 15724 ns, At safepoint: 240644 ns, Total: 1106494 ns
[2025-10-13T19:52:32.410-0700][1256 ][info ][safepoint   ] Safepoint "Cleanup", Time since last: 1000108699 ns, Reaching safepoint: 818499 ns, Cleanup: 13270 ns, At safepoint: 232612 ns, Total: 1064381 ns
[2025-10-13T19:52:34.422-0700][1256 ][info ][safepoint   ] Safepoint "Cleanup", Time since last: 2000159381 ns, Reaching safepoint: 10437242 ns, Cleanup: 14102 ns, At safepoint: 1851932 ns, Total: 12303276 ns
[2025-10-13T19:52:35.424-0700][1256 ][info ][safepoint   ] Safepoint "Cleanup", Time since last: 1000111132 ns, Reaching safepoint: 877397 ns, Cleanup: 10727 ns, At safepoint: 891148 ns, Total: 1779272 ns
[2025-10-13T19:52:36.210-0700][1256 ][info ][gc,start    ] GC(311) Pause Young (Mixed) (G1 Evacuation Pause)
[2025-10-13T19:52:36.210-0700][1256 ][info ][gc,task     ] GC(311) Using 113 workers of 113 for evacuation
[2025-10-13T19:52:36.224-0700][1256 ][debug][gc,remset   ] GC(311) Visited cards 11743488 Total dirty 57802752 (20.32%) Total old 321126400 (3.66%)
[2025-10-13T19:52:36.387-0700][1256 ][info ][gc,phases   ] GC(311)   Pre Evacuate Collection Set: 0.8ms
[2025-10-13T19:52:36.387-0700][1256 ][info ][gc,phases   ] GC(311)   Merge Heap Roots: 13.3ms
[2025-10-13T19:52:36.387-0700][1256 ][info ][gc,phases   ] GC(311)   Evacuate Collection Set: 150.7ms
[2025-10-13T19:52:36.387-0700][1256 ][info ][gc,phases   ] GC(311)   Post Evacuate Collection Set: 12.2ms
[2025-10-13T19:52:36.387-0700][1256 ][info ][gc,phases   ] GC(311)   Other: 0.1ms
[2025-10-13T19:52:36.387-0700][1256 ][debug][gc,remset   ] GC(311) Coarsening (recent): Inline->AoC 39179 (0) AoC->Howl 182 (0) Howl->Full 0 (0) Inline->AoC 813 (0) AoC->BitMap 92 (0) BitMap->Full 0 (0) 
[2025-10-13T19:52:36.387-0700][1256 ][debug][gc,remset   ] GC(311) Coarsening (all): Inline->AoC 9796648 (221) AoC->Howl 175694 (850) Howl->Full 0 (0) Inline->AoC 680356 (287) AoC->BitMap 205417 (707) BitMap->Full 19 (0) 
[2025-10-13T19:52:36.387-0700][1256 ][info ][gc,heap     ] GC(311) Eden regions: 1709->0(3318)
[2025-10-13T19:52:36.387-0700][1256 ][info ][gc,heap     ] GC(311) Survivor regions: 242->138(244)
[2025-10-13T19:52:36.387-0700][1256 ][info ][gc,heap     ] GC(311) Old regions: 930->1016
[2025-10-13T19:52:36.387-0700][1256 ][info ][gc,heap     ] GC(311) Humongous regions: 16->0
[2025-10-13T19:52:36.387-0700][1256 ][info ][gc,metaspace] GC(311) Metaspace: 322207K(328512K)->322207K(328512K) NonClass: 283696K(287104K)->283696K(287104K) Class: 38511K(41408K)->38511K(41408K)
[2025-10-13T19:52:36.387-0700][1256 ][info ][gc          ] GC(311) Pause Young (Mixed) (G1 Evacuation Pause) 92653M->36902M(184320M) 177.243ms
[2025-10-13T19:52:36.389-0700][1256 ][info ][gc,cpu      ] GC(311) User=17.86s Sys=0.11s Real=0.17s
[2025-10-13T19:52:36.390-0700][1256 ][info ][safepoint   ] Safepoint "G1CollectForAllocation", Time since last: 783494673 ns, Reaching safepoint: 843486 ns, Cleanup: 5018 ns, At safepoint: 182009934 ns, Total: 182858438 ns
[2025-10-13T19:52:36.483-0700][1256 ][info ][gc,start    ] GC(312) Pause Young (Concurrent Start) (G1 Humongous Allocation)
[2025-10-13T19:52:36.483-0700][1256 ][info ][gc,task     ] GC(312) Using 113 workers of 113 for evacuation
[2025-10-13T19:52:36.492-0700][1256 ][debug][gc,remset   ] GC(312) Visited cards 8003072 Total dirty 60948480 (13.13%) Total old 90308608 (8.86%)
[2025-10-13T19:52:36.573-0700][1256 ][info ][gc,phases   ] GC(312)   Pre Evacuate Collection Set: 0.9ms
[2025-10-13T19:52:36.573-0700][1256 ][info ][gc,phases   ] GC(312)   Merge Heap Roots: 8.1ms
[2025-10-13T19:52:36.573-0700][1256 ][info ][gc,phases   ] GC(312)   Evacuate Collection Set: 72.1ms
[2025-10-13T19:52:36.573-0700][1256 ][info ][gc,phases   ] GC(312)   Post Evacuate Collection Set: 8.6ms
[2025-10-13T19:52:36.573-0700][1256 ][info ][gc,phases   ] GC(312)   Other: 0.1ms
[2025-10-13T19:52:36.573-0700][1256 ][debug][gc,remset   ] GC(312) Coarsening (recent): Inline->AoC 0 (0) AoC->Howl 0 (0) Howl->Full 0 (0) Inline->AoC 0 (0) AoC->BitMap 0 (0) BitMap->Full 0 (0) 
[2025-10-13T19:52:36.573-0700][1256 ][debug][gc,remset   ] GC(312) Coarsening (all): Inline->AoC 9796648 (221) AoC->Howl 175694 (850) Howl->Full 0 (0) Inline->AoC 680356 (287) AoC->BitMap 205417 (707) BitMap->Full 19 (0) 
[2025-10-13T19:52:36.573-0700][1256 ][info ][gc,heap     ] GC(312) Eden regions: 43->0(3320)
[2025-10-13T19:52:36.573-0700][1256 ][info ][gc,heap     ] GC(312) Survivor regions: 138->136(432)
[2025-10-13T19:52:36.573-0700][1256 ][info ][gc,heap     ] GC(312) Old regions: 1016->1016
[2025-10-13T19:52:36.573-0700][1256 ][info ][gc,heap     ] GC(312) Humongous regions: 0->0
[2025-10-13T19:52:36.573-0700][1256 ][info ][gc,metaspace] GC(312) Metaspace: 322207K(328512K)->322207K(328512K) NonClass: 283696K(287104K)->283696K(287104K) Class: 38511K(41408K)->38511K(41408K)
[2025-10-13T19:52:36.573-0700][1256 ][info ][gc          ] GC(312) Pause Young (Concurrent Start) (G1 Humongous Allocation) 38251M->36846M(184320M) 90.102ms
[2025-10-13T19:52:36.573-0700][1089 ][info ][gc          ] GC(313) Concurrent Mark Cycle
[2025-10-13T19:52:36.573-0700][1089 ][info ][gc,marking  ] GC(313) Concurrent Scan Root Regions
[2025-10-13T19:52:36.575-0700][1256 ][info ][gc,cpu      ] GC(312) User=8.45s Sys=0.09s Real=0.09s
[2025-10-13T19:52:36.577-0700][1256 ][info ][safepoint   ] Safepoint "G1TryInitiateConcMark", Time since last: 89086150 ns, Reaching safepoint: 1618488 ns, Cleanup: 7912 ns, At safepoint: 95720818 ns, Total: 97347218 ns
[2025-10-13T19:52:36.616-0700][1089 ][info ][gc,marking  ] GC(313) Concurrent Scan Root Regions 43.013ms
[2025-10-13T19:52:36.616-0700][1089 ][info ][gc,marking  ] GC(313) Concurrent Mark
[2025-10-13T19:52:36.616-0700][1089 ][info ][gc,marking  ] GC(313) Concurrent Mark From Roots
[2025-10-13T19:52:36.617-0700][1089 ][info ][gc,task     ] GC(313) Using 36 workers of 36 for marking
[2025-10-13T19:52:36.835-0700][1089 ][info ][gc,marking  ] GC(313) Concurrent Mark From Roots 218.571ms
[2025-10-13T19:52:36.835-0700][1089 ][info ][gc,marking  ] GC(313) Concurrent Preclean
[2025-10-13T19:52:36.850-0700][1089 ][info ][gc,marking  ] GC(313) Concurrent Preclean 14.384ms
[2025-10-13T19:52:36.852-0700][1256 ][info ][gc,start    ] GC(313) Pause Remark
[2025-10-13T19:52:37.009-0700][1256 ][info ][gc          ] GC(313) Pause Remark 39262M->38494M(184320M) 156.827ms
[2025-10-13T19:52:37.011-0700][1256 ][info ][gc,cpu      ] GC(313) User=14.53s Sys=0.00s Real=0.16s
[2025-10-13T19:52:37.015-0700][1256 ][info ][safepoint   ] Safepoint "G1PauseRemark", Time since last: 272685428 ns, Reaching safepoint: 874964 ns, Cleanup: 18738 ns, At safepoint: 164182251 ns, Total: 165075953 ns
[2025-10-13T19:52:37.016-0700][1089 ][info ][gc,marking  ] GC(313) Concurrent Mark 399.080ms
[2025-10-13T19:52:37.016-0700][1089 ][info ][gc,marking  ] GC(313) Concurrent Rebuild Remembered Sets and Scrub Regions
[2025-10-13T19:52:37.416-0700][1089 ][info ][gc,marking  ] GC(313) Concurrent Rebuild Remembered Sets and Scrub Regions 400.037ms
[2025-10-13T19:52:37.418-0700][1256 ][info ][gc,start    ] GC(313) Pause Cleanup
[2025-10-13T19:52:37.421-0700][1256 ][info ][gc          ] GC(313) Pause Cleanup 42486M->42486M(184320M) 2.215ms
[2025-10-13T19:52:37.422-0700][1256 ][info ][gc,cpu      ] GC(313) User=0.01s Sys=0.00s Real=0.01s
[2025-10-13T19:52:37.423-0700][1256 ][info ][safepoint   ] Safepoint "G1PauseCleanup", Time since last: 401087354 ns, Reaching safepoint: 901203 ns, Cleanup: 11227 ns, At safepoint: 6049804 ns, Total: 6962234 ns
[2025-10-13T19:52:37.423-0700][1089 ][info ][gc,marking  ] GC(313) Concurrent Clear Claimed Marks
[2025-10-13T19:52:37.424-0700][1089 ][info ][gc,marking  ] GC(313) Concurrent Clear Claimed Marks 0.946ms
[2025-10-13T19:52:37.424-0700][1089 ][info ][gc,marking  ] GC(313) Concurrent Cleanup for Next Mark
[2025-10-13T19:52:37.453-0700][1089 ][info ][gc,marking  ] GC(313) Concurrent Cleanup for Next Mark 29.278ms
[2025-10-13T19:52:37.453-0700][1089 ][info ][gc          ] GC(313) Concurrent Mark Cycle 879.676ms
[2025-10-13T19:52:41.424-0700][1256 ][info ][safepoint   ] Safepoint "Cleanup", Time since last: 4000285260 ns, Reaching safepoint: 828033 ns, Cleanup: 23185 ns, At safepoint: 255046 ns, Total: 1106264 ns
[2025-10-13T19:52:42.425-0700][1256 ][info ][safepoint   ] Safepoint "Cleanup", Time since last: 1000100222 ns, Reaching safepoint: 892290 ns, Cleanup: 19459 ns, At safepoint: 289418 ns, Total: 1201167 ns
[2025-10-13T19:52:44.428-0700][1256 ][info ][safepoint   ] Safepoint "Cleanup", Time since last: 2000166872 ns, Reaching safepoint: 1769447 ns, Cleanup: 11358 ns, At safepoint: 356219 ns, Total: 2137024 ns
[2025-10-13T19:52:46.429-0700][1256 ][info ][safepoint   ] Safepoint "Cleanup", Time since last: 2000166531 ns, Reaching safepoint: 967684 ns, Cleanup: 19109 ns, At safepoint: 611055 ns, Total: 1597848 ns
[2025-10-13T19:52:48.483-0700][1256 ][info ][gc,start    ] GC(314) Pause Young (Prepare Mixed) (G1 Evacuation Pause)
[2025-10-13T19:52:48.483-0700][1256 ][info ][gc,task     ] GC(314) Using 113 workers of 113 for evacuation
[2025-10-13T19:52:48.500-0700][1256 ][debug][gc,remset   ] GC(314) Visited cards 9069824 Total dirty 62062592 (14.61%) Total old 519503872 (1.75%)
[2025-10-13T19:52:48.637-0700][1256 ][info ][gc,phases   ] GC(314)   Pre Evacuate Collection Set: 0.8ms
[2025-10-13T19:52:48.637-0700][1256 ][info ][gc,phases   ] GC(314)   Merge Heap Roots: 15.6ms
[2025-10-13T19:52:48.637-0700][1256 ][info ][gc,phases   ] GC(314)   Evacuate Collection Set: 121.1ms
[2025-10-13T19:52:48.637-0700][1256 ][info ][gc,phases   ] GC(314)   Post Evacuate Collection Set: 15.7ms
[2025-10-13T19:52:48.637-0700][1256 ][info ][gc,phases   ] GC(314)   Other: 0.2ms
[2025-10-13T19:52:48.637-0700][1256 ][debug][gc,remset   ] GC(314) Coarsening (recent): Inline->AoC 146794 (1) AoC->Howl 7491 (1) Howl->Full 0 (0) Inline->AoC 25783 (0) AoC->BitMap 9287 (1) BitMap->Full 0 (0) 
[2025-10-13T19:52:48.637-0700][1256 ][debug][gc,remset   ] GC(314) Coarsening (all): Inline->AoC 9943442 (222) AoC->Howl 183185 (851) Howl->Full 0 (0) Inline->AoC 706139 (287) AoC->BitMap 214704 (708) BitMap->Full 19 (0) 
[2025-10-13T19:52:48.637-0700][1256 ][info ][gc,heap     ] GC(314) Eden regions: 3320->0(2879)
[2025-10-13T19:52:48.637-0700][1256 ][info ][gc,heap     ] GC(314) Survivor regions: 136->193(432)
[2025-10-13T19:52:48.637-0700][1256 ][info ][gc,heap     ] GC(314) Old regions: 992->992
[2025-10-13T19:52:48.637-0700][1256 ][info ][gc,heap     ] GC(314) Humongous regions: 23->0
[2025-10-13T19:52:48.637-0700][1256 ][info ][gc,metaspace] GC(314) Metaspace: 322159K(328512K)->322159K(328512K) NonClass: 283663K(287104K)->283663K(287104K) Class: 38496K(41408K)->38496K(41408K)
[2025-10-13T19:52:48.637-0700][1256 ][info ][gc          ] GC(314) Pause Young (Prepare Mixed) (G1 Evacuation Pause) 143054M->37878M(184320M) 153.653ms
[2025-10-13T19:52:48.639-0700][1256 ][info ][gc,cpu      ] GC(314) User=14.47s Sys=0.12s Real=0.15s
[2025-10-13T19:52:48.640-0700][1256 ][info ][safepoint   ] Safepoint "G1CollectForAllocation", Time since last: 2038450866 ns, Reaching safepoint: 13538424 ns, Cleanup: 8042 ns, At safepoint: 158420824 ns, Total: 171967290 ns
[2025-10-13T19:52:53.641-0700][1256 ][info ][safepoint   ] Safepoint "Cleanup", Time since last: 5000374386 ns, Reaching safepoint: 851578 ns, Cleanup: 26090 ns, At safepoint: 204199 ns, Total: 1081867 ns
[2025-10-13T19:52:54.643-0700][1256 ][info ][safepoint   ] Safepoint "Cleanup", Time since last: 1000103586 ns, Reaching safepoint: 870618 ns, Cleanup: 12528 ns, At safepoint: 242017 ns, Total: 1125163 ns
[2025-10-13T19:52:55.644-0700][1256 ][info ][safepoint   ] Safepoint "Cleanup", Time since last: 1000099520 ns, Reaching safepoint: 868714 ns, Cleanup: 10927 ns, At safepoint: 492826 ns, Total: 1372467 ns
[2025-10-13T19:53:00.646-0700][1256 ][info ][safepoint   ] Safepoint "Cleanup", Time since last: 5000345892 ns, Reaching safepoint: 867583 ns, Cleanup: 21452 ns, At safepoint: 295988 ns, Total: 1185023 ns
[2025-10-13T19:53:00.769-0700][1256 ][info ][gc,start    ] GC(315) Pause Young (Mixed) (G1 Evacuation Pause)
[2025-10-13T19:53:00.769-0700][1256 ][info ][gc,task     ] GC(315) Using 113 workers of 113 for evacuation
[2025-10-13T19:53:00.784-0700][1256 ][debug][gc,remset   ] GC(315) Visited cards 9034752 Total dirty 60424192 (14.95%) Total old 503447552 (1.79%)
[2025-10-13T19:53:00.933-0700][1256 ][info ][gc,phases   ] GC(315)   Pre Evacuate Collection Set: 0.7ms
[2025-10-13T19:53:00.933-0700][1256 ][info ][gc,phases   ] GC(315)   Merge Heap Roots: 13.6ms
[2025-10-13T19:53:00.933-0700][1256 ][info ][gc,phases   ] GC(315)   Evacuate Collection Set: 135.1ms
[2025-10-13T19:53:00.933-0700][1256 ][info ][gc,phases   ] GC(315)   Post Evacuate Collection Set: 13.5ms
[2025-10-13T19:53:00.933-0700][1256 ][info ][gc,phases   ] GC(315)   Other: 0.2ms
[2025-10-13T19:53:00.933-0700][1256 ][debug][gc,remset   ] GC(315) Coarsening (recent): Inline->AoC 20125 (0) AoC->Howl 165 (0) Howl->Full 0 (0) Inline->AoC 807 (0) AoC->BitMap 66 (0) BitMap->Full 0 (0) 
[2025-10-13T19:53:00.933-0700][1256 ][debug][gc,remset   ] GC(315) Coarsening (all): Inline->AoC 9963567 (222) AoC->Howl 183350 (851) Howl->Full 0 (0) Inline->AoC 706946 (287) AoC->BitMap 214770 (708) BitMap->Full 19 (0) 
[2025-10-13T19:53:00.933-0700][1256 ][info ][gc,heap     ] GC(315) Eden regions: 3121->0(2328)
[2025-10-13T19:53:00.933-0700][1256 ][info ][gc,heap     ] GC(315) Survivor regions: 193->235(415)
[2025-10-13T19:53:00.933-0700][1256 ][info ][gc,heap     ] GC(315) Old regions: 992->945
[2025-10-13T19:53:00.933-0700][1256 ][info ][gc,heap     ] GC(315) Humongous regions: 14->0
[2025-10-13T19:53:00.933-0700][1256 ][info ][gc,metaspace] GC(315) Metaspace: 322195K(328512K)->322195K(328512K) NonClass: 283693K(287104K)->283693K(287104K) Class: 38501K(41408K)->38501K(41408K)
[2025-10-13T19:53:00.933-0700][1256 ][info ][gc          ] GC(315) Pause Young (Mixed) (G1 Evacuation Pause) 138198M->37726M(184320M) 163.379ms
[2025-10-13T19:53:00.934-0700][1256 ][info ][gc,cpu      ] GC(315) User=16.38s Sys=0.17s Real=0.17s
[2025-10-13T19:53:00.936-0700][1256 ][info ][safepoint   ] Safepoint "G1CollectForAllocation", Time since last: 121112446 ns, Reaching safepoint: 857136 ns, Cleanup: 5068 ns, At safepoint: 168120740 ns, Total: 168982944 ns
[2025-10-13T19:53:01.937-0700][1256 ][info ][safepoint   ] Safepoint "Cleanup", Time since last: 1000088624 ns, Reaching safepoint: 804317 ns, Cleanup: 19049 ns, At safepoint: 158490 ns, Total: 981856 ns
[2025-10-13T19:53:06.223-0700][1256 ][info ][safepoint   ] Safepoint "Cleanup", Time since last: 4284990655 ns, Reaching safepoint: 828013 ns, Cleanup: 13290 ns, At safepoint: 215116 ns, Total: 1056419 ns
[2025-10-13T19:53:07.224-0700][1256 ][info ][safepoint   ] Safepoint "Cleanup", Time since last: 1000104247 ns, Reaching safepoint: 837177 ns, Cleanup: 16084 ns, At safepoint: 222797 ns, Total: 1076058 ns
[2025-10-13T19:53:09.225-0700][1256 ][info ][safepoint   ] Safepoint "Cleanup", Time since last: 2000161955 ns, Reaching safepoint: 808433 ns, Cleanup: 15724 ns, At safepoint: 160523 ns, Total: 984680 ns
[2025-10-13T19:53:10.872-0700][1256 ][info ][gc,start    ] GC(316) Pause Young (Mixed) (G1 Evacuation Pause)
[2025-10-13T19:53:10.872-0700][1256 ][info ][gc,task     ] GC(316) Using 113 workers of 113 for evacuation
[2025-10-13T19:53:10.887-0700][1256 ][debug][gc,remset   ] GC(316) Visited cards 9121280 Total dirty 57737216 (15.80%) Total old 439287808 (2.08%)
[2025-10-13T19:53:11.054-0700][1256 ][info ][gc,phases   ] GC(316)   Pre Evacuate Collection Set: 0.9ms
[2025-10-13T19:53:11.054-0700][1256 ][info ][gc,phases   ] GC(316)   Merge Heap Roots: 13.3ms
[2025-10-13T19:53:11.054-0700][1256 ][info ][gc,phases   ] GC(316)   Evacuate Collection Set: 153.6ms
[2025-10-13T19:53:11.054-0700][1256 ][info ][gc,phases   ] GC(316)   Post Evacuate Collection Set: 13.9ms
[2025-10-13T19:53:11.054-0700][1256 ][info ][gc,phases   ] GC(316)   Other: 0.2ms
[2025-10-13T19:53:11.054-0700][1256 ][debug][gc,remset   ] GC(316) Coarsening (recent): Inline->AoC 20137 (0) AoC->Howl 180 (0) Howl->Full 0 (0) Inline->AoC 899 (0) AoC->BitMap 87 (0) BitMap->Full 0 (0) 
[2025-10-13T19:53:11.054-0700][1256 ][debug][gc,remset   ] GC(316) Coarsening (all): Inline->AoC 9983704 (222) AoC->Howl 183530 (851) Howl->Full 0 (0) Inline->AoC 707845 (287) AoC->BitMap 214857 (708) BitMap->Full 19 (0) 
[2025-10-13T19:53:11.054-0700][1256 ][info ][gc,heap     ] GC(316) Eden regions: 2610->0(2297)
[2025-10-13T19:53:11.054-0700][1256 ][info ][gc,heap     ] GC(316) Survivor regions: 235->239(356)
[2025-10-13T19:53:11.054-0700][1256 ][info ][gc,heap     ] GC(316) Old regions: 945->926
[2025-10-13T19:53:11.054-0700][1256 ][info ][gc,heap     ] GC(316) Humongous regions: 20->0
[2025-10-13T19:53:11.054-0700][1256 ][info ][gc,metaspace] GC(316) Metaspace: 322220K(328512K)->322220K(328512K) NonClass: 283713K(287104K)->283713K(287104K) Class: 38506K(41408K)->38506K(41408K)
[2025-10-13T19:53:11.054-0700][1256 ][info ][gc          ] GC(316) Pause Young (Mixed) (G1 Evacuation Pause) 121886M->37259M(184320M) 182.029ms
[2025-10-13T19:53:11.056-0700][1256 ][info ][gc,cpu      ] GC(316) User=17.74s Sys=0.24s Real=0.18s
[2025-10-13T19:53:11.057-0700][1256 ][info ][safepoint   ] Safepoint "G1CollectForAllocation", Time since last: 1632017845 ns, Reaching safepoint: 13440646 ns, Cleanup: 7582 ns, At safepoint: 186817378 ns, Total: 200265606 ns
[2025-10-13T19:53:13.059-0700][1256 ][info ][safepoint   ] Safepoint "Cleanup", Time since last: 2000146171 ns, Reaching safepoint: 830296 ns, Cleanup: 12189 ns, At safepoint: 290800 ns, Total: 1133285 ns
[2025-10-13T19:53:14.068-0700][1256 ][info ][safepoint   ] Safepoint "Cleanup", Time since last: 1000115094 ns, Reaching safepoint: 7985512 ns, Cleanup: 14251 ns, At safepoint: 1685080 ns, Total: 9684843 ns
[2025-10-13T19:53:15.071-0700][1256 ][info ][safepoint   ] Safepoint "Cleanup", Time since last: 1000106912 ns, Reaching safepoint: 1364224 ns, Cleanup: 11727 ns, At safepoint: 955466 ns, Total: 2331417 ns
[2025-10-13T19:53:20.073-0700][1256 ][info ][safepoint   ] Safepoint "Cleanup", Time since last: 5000351090 ns, Reaching safepoint: 816305 ns, Cleanup: 13741 ns, At safepoint: 653649 ns, Total: 1483695 ns
[2025-10-13T19:53:23.261-0700][1256 ][info ][gc,start    ] GC(317) Pause Young (Mixed) (G1 Evacuation Pause)
[2025-10-13T19:53:23.261-0700][1256 ][info ][gc,task     ] GC(317) Using 113 workers of 113 for evacuation
[2025-10-13T19:53:23.277-0700][1256 ][debug][gc,remset   ] GC(317) Visited cards 9334272 Total dirty 56754176 (16.45%) Total old 426770432 (2.19%)
[2025-10-13T19:53:23.448-0700][1256 ][info ][gc,phases   ] GC(317)   Pre Evacuate Collection Set: 0.7ms
[2025-10-13T19:53:23.449-0700][1256 ][info ][gc,phases   ] GC(317)   Merge Heap Roots: 14.4ms
[2025-10-13T19:53:23.449-0700][1256 ][info ][gc,phases   ] GC(317)   Evacuate Collection Set: 156.9ms
[2025-10-13T19:53:23.449-0700][1256 ][info ][gc,phases   ] GC(317)   Post Evacuate Collection Set: 14.8ms
[2025-10-13T19:53:23.449-0700][1256 ][info ][gc,phases   ] GC(317)   Other: 0.2ms
[2025-10-13T19:53:23.449-0700][1256 ][debug][gc,remset   ] GC(317) Coarsening (recent): Inline->AoC 21473 (0) AoC->Howl 238 (0) Howl->Full 0 (0) Inline->AoC 1209 (0) AoC->BitMap 98 (0) BitMap->Full 0 (0) 
[2025-10-13T19:53:23.449-0700][1256 ][debug][gc,remset   ] GC(317) Coarsening (all): Inline->AoC 10005177 (222) AoC->Howl 183768 (851) Howl->Full 0 (0) Inline->AoC 709054 (287) AoC->BitMap 214955 (708) BitMap->Full 19 (0) 
[2025-10-13T19:53:23.449-0700][1256 ][info ][gc,heap     ] GC(317) Eden regions: 2523->0(3018)
[2025-10-13T19:53:23.449-0700][1256 ][info ][gc,heap     ] GC(317) Survivor regions: 239->197(346)
[2025-10-13T19:53:23.449-0700][1256 ][info ][gc,heap     ] GC(317) Old regions: 926->952
[2025-10-13T19:53:23.449-0700][1256 ][info ][gc,heap     ] GC(317) Humongous regions: 14->0
[2025-10-13T19:53:23.449-0700][1256 ][info ][gc,metaspace] GC(317) Metaspace: 322222K(328512K)->322222K(328512K) NonClass: 283716K(287104K)->283716K(287104K) Class: 38506K(41408K)->38506K(41408K)
[2025-10-13T19:53:23.449-0700][1256 ][info ][gc          ] GC(317) Pause Young (Mixed) (G1 Evacuation Pause) 118443M->36723M(184320M) 187.256ms
[2025-10-13T19:53:23.450-0700][1256 ][info ][gc,cpu      ] GC(317) User=18.16s Sys=0.17s Real=0.19s
[2025-10-13T19:53:23.452-0700][1256 ][info ][safepoint   ] Safepoint "G1CollectForAllocation", Time since last: 3186010437 ns, Reaching safepoint: 921484 ns, Cleanup: 5308 ns, At safepoint: 191917245 ns, Total: 192844037 ns
[2025-10-13T19:53:24.453-0700][1256 ][info ][safepoint   ] Safepoint "Cleanup", Time since last: 1000077447 ns, Reaching safepoint: 721452 ns, Cleanup: 41392 ns, At safepoint: 207484 ns, Total: 970328 ns
[2025-10-13T19:53:27.456-0700][1256 ][info ][safepoint   ] Safepoint "Cleanup", Time since last: 3000254685 ns, Reaching safepoint: 2898375 ns, Cleanup: 12739 ns, At safepoint: 453026 ns, Total: 3364140 ns
[2025-10-13T19:53:28.458-0700][1256 ][info ][safepoint   ] Safepoint "Cleanup", Time since last: 1000103777 ns, Reaching safepoint: 713029 ns, Cleanup: 13620 ns, At safepoint: 669263 ns, Total: 1395912 ns
[2025-10-13T19:53:30.461-0700][1256 ][info ][safepoint   ] Safepoint "Cleanup", Time since last: 2000170648 ns, Reaching safepoint: 1624788 ns, Cleanup: 10596 ns, At safepoint: 1278244 ns, Total: 2913628 ns
[2025-10-13T19:53:31.463-0700][1256 ][info ][safepoint   ] Safepoint "Cleanup", Time since last: 1000106040 ns, Reaching safepoint: 832670 ns, Cleanup: 14933 ns, At safepoint: 838118 ns, Total: 1685721 ns
[2025-10-13T19:53:36.464-0700][1256 ][info ][safepoint   ] Safepoint "Cleanup", Time since last: 5000329387 ns, Reaching safepoint: 786280 ns, Cleanup: 12419 ns, At safepoint: 238490 ns, Total: 1037189 ns
[2025-10-13T19:53:40.703-0700][1256 ][info ][gc,start    ] GC(318) Pause Young (Mixed) (G1 Evacuation Pause)
[2025-10-13T19:53:40.704-0700][1256 ][info ][gc,task     ] GC(318) Using 113 workers of 113 for evacuation
[2025-10-13T19:53:40.718-0700][1256 ][debug][gc,remset   ] GC(318) Visited cards 10277632 Total dirty 58458112 (17.58%) Total old 496173056 (2.07%)
[2025-10-13T19:53:40.886-0700][1256 ][info ][gc,phases   ] GC(318)   Pre Evacuate Collection Set: 0.8ms
[2025-10-13T19:53:40.886-0700][1256 ][info ][gc,phases   ] GC(318)   Merge Heap Roots: 13.5ms
[2025-10-13T19:53:40.886-0700][1256 ][info ][gc,phases   ] GC(318)   Evacuate Collection Set: 153.6ms
[2025-10-13T19:53:40.886-0700][1256 ][info ][gc,phases   ] GC(318)   Post Evacuate Collection Set: 14.4ms
[2025-10-13T19:53:40.886-0700][1256 ][info ][gc,phases   ] GC(318)   Other: 0.2ms
[2025-10-13T19:53:40.886-0700][1256 ][debug][gc,remset   ] GC(318) Coarsening (recent): Inline->AoC 37042 (0) AoC->Howl 353 (0) Howl->Full 0 (0) Inline->AoC 1129 (0) AoC->BitMap 286 (0) BitMap->Full 0 (0) 
[2025-10-13T19:53:40.886-0700][1256 ][debug][gc,remset   ] GC(318) Coarsening (all): Inline->AoC 10042219 (222) AoC->Howl 184121 (851) Howl->Full 0 (0) Inline->AoC 710183 (287) AoC->BitMap 215241 (708) BitMap->Full 19 (0) 
[2025-10-13T19:53:40.886-0700][1256 ][info ][gc,heap     ] GC(318) Eden regions: 3081->0(1645)
[2025-10-13T19:53:40.886-0700][1256 ][info ][gc,heap     ] GC(318) Survivor regions: 197->255(410)
[2025-10-13T19:53:40.886-0700][1256 ][info ][gc,heap     ] GC(318) Old regions: 952->915
[2025-10-13T19:53:40.886-0700][1256 ][info ][gc,heap     ] GC(318) Humongous regions: 15->0
[2025-10-13T19:53:40.886-0700][1256 ][info ][gc,metaspace] GC(318) Metaspace: 322233K(328512K)->322233K(328512K) NonClass: 283725K(287104K)->283725K(287104K) Class: 38507K(41408K)->38507K(41408K)
[2025-10-13T19:53:40.886-0700][1256 ][info ][gc          ] GC(318) Pause Young (Mixed) (G1 Evacuation Pause) 135795M->37409M(184320M) 182.723ms
[2025-10-13T19:53:40.888-0700][1256 ][info ][gc,cpu      ] GC(318) User=17.73s Sys=0.32s Real=0.18s
[2025-10-13T19:53:40.889-0700][1256 ][info ][safepoint   ] Safepoint "G1CollectForAllocation", Time since last: 4236872214 ns, Reaching safepoint: 868154 ns, Cleanup: 7301 ns, At safepoint: 187300866 ns, Total: 188176321 ns
[2025-10-13T19:53:41.890-0700][1256 ][info ][safepoint   ] Safepoint "Cleanup", Time since last: 1000082579 ns, Reaching safepoint: 791437 ns, Cleanup: 18388 ns, At safepoint: 147904 ns, Total: 957729 ns
[2025-10-13T19:53:42.891-0700][1256 ][info ][safepoint   ] Safepoint "Cleanup", Time since last: 1000097932 ns, Reaching safepoint: 748463 ns, Cleanup: 15944 ns, At safepoint: 132410 ns, Total: 896817 ns
[2025-10-13T19:53:46.180-0700][1256 ][info ][gc,start    ] GC(319) Pause Young (Mixed) (G1 Evacuation Pause)
[2025-10-13T19:53:46.180-0700][1256 ][info ][gc,task     ] GC(319) Using 113 workers of 113 for evacuation
[2025-10-13T19:53:46.193-0700][1256 ][debug][gc,remset   ] GC(319) Visited cards 9975808 Total dirty 56360960 (17.70%) Total old 326107136 (3.06%)
[2025-10-13T19:53:46.374-0700][1256 ][info ][gc,phases   ] GC(319)   Pre Evacuate Collection Set: 0.7ms
[2025-10-13T19:53:46.374-0700][1256 ][info ][gc,phases   ] GC(319)   Merge Heap Roots: 12.0ms
[2025-10-13T19:53:46.374-0700][1256 ][info ][gc,phases   ] GC(319)   Evacuate Collection Set: 169.1ms
[2025-10-13T19:53:46.374-0700][1256 ][info ][gc,phases   ] GC(319)   Post Evacuate Collection Set: 12.1ms
[2025-10-13T19:53:46.374-0700][1256 ][info ][gc,phases   ] GC(319)   Other: 0.2ms
[2025-10-13T19:53:46.374-0700][1256 ][debug][gc,remset   ] GC(319) Coarsening (recent): Inline->AoC 38172 (0) AoC->Howl 282 (0) Howl->Full 0 (0) Inline->AoC 1255 (0) AoC->BitMap 161 (0) BitMap->Full 0 (0) 
[2025-10-13T19:53:46.374-0700][1256 ][debug][gc,remset   ] GC(319) Coarsening (all): Inline->AoC 10080391 (222) AoC->Howl 184403 (851) Howl->Full 0 (0) Inline->AoC 711438 (287) AoC->BitMap 215402 (708) BitMap->Full 19 (0) 
[2025-10-13T19:53:46.374-0700][1256 ][info ][gc,heap     ] GC(319) Eden regions: 1748->0(3291)
[2025-10-13T19:53:46.374-0700][1256 ][info ][gc,heap     ] GC(319) Survivor regions: 255->165(251)
[2025-10-13T19:53:46.374-0700][1256 ][info ][gc,heap     ] GC(319) Old regions: 915->1012
[2025-10-13T19:53:46.374-0700][1256 ][info ][gc,heap     ] GC(319) Humongous regions: 7->0
[2025-10-13T19:53:46.374-0700][1256 ][info ][gc,metaspace] GC(319) Metaspace: 322253K(328512K)->322253K(328512K) NonClass: 283742K(287104K)->283742K(287104K) Class: 38510K(41408K)->38510K(41408K)
[2025-10-13T19:53:46.374-0700][1256 ][info ][gc          ] GC(319) Pause Young (Mixed) (G1 Evacuation Pause) 93569M->37621M(184320M) 194.282ms
[2025-10-13T19:53:46.376-0700][1256 ][info ][gc,cpu      ] GC(319) User=19.23s Sys=0.17s Real=0.20s
[2025-10-13T19:53:46.377-0700][1256 ][info ][safepoint   ] Safepoint "G1CollectForAllocation", Time since last: 3286457768 ns, Reaching safepoint: 722654 ns, Cleanup: 6750 ns, At safepoint: 198904762 ns, Total: 199634166 ns
[2025-10-13T19:53:47.384-0700][1256 ][info ][safepoint   ] Safepoint "Cleanup", Time since last: 1000123170 ns, Reaching safepoint: 4875947 ns, Cleanup: 12259 ns, At safepoint: 1404295 ns, Total: 6292501 ns
[2025-10-13T19:53:51.385-0700][1256 ][info ][safepoint   ] Safepoint "Cleanup", Time since last: 4000252349 ns, Reaching safepoint: 933753 ns, Cleanup: 18989 ns, At safepoint: 200733 ns, Total: 1153475 ns
[2025-10-13T19:53:54.386-0700][1256 ][info ][safepoint   ] Safepoint "Cleanup", Time since last: 3000198303 ns, Reaching safepoint: 834092 ns, Cleanup: 14873 ns, At safepoint: 341056 ns, Total: 1190021 ns
[2025-10-13T19:53:55.387-0700][1256 ][info ][safepoint   ] Safepoint "Cleanup", Time since last: 1000115269 ns, Reaching safepoint: 783645 ns, Cleanup: 11217 ns, At safepoint: 179141 ns, Total: 974003 ns
[2025-10-13T19:53:56.389-0700][1256 ][info ][safepoint   ] Safepoint "Cleanup", Time since last: 1000108639 ns, Reaching safepoint: 831648 ns, Cleanup: 17907 ns, At safepoint: 203348 ns, Total: 1052903 ns
[2025-10-13T19:53:57.462-0700][1256 ][info ][gc,start    ] GC(320) Pause Young (Mixed) (G1 Evacuation Pause)
[2025-10-13T19:53:57.462-0700][1256 ][info ][gc,task     ] GC(320) Using 113 workers of 113 for evacuation
[2025-10-13T19:53:57.476-0700][1256 ][debug][gc,remset   ] GC(320) Visited cards 11278336 Total dirty 62652416 (18.00%) Total old 523370496 (2.15%)
[2025-10-13T19:53:57.609-0700][1256 ][debug][gc,remset   ] GC(320) Visited cards 260864 Total dirty 31653888 (0.82%) Total old 538968064 (0.05%)
[2025-10-13T19:53:57.625-0700][1256 ][info ][gc,phases   ] GC(320)   Pre Evacuate Collection Set: 0.8ms
[2025-10-13T19:53:57.625-0700][1256 ][info ][gc,phases   ] GC(320)   Merge Heap Roots: 13.4ms
[2025-10-13T19:53:57.625-0700][1256 ][info ][gc,phases   ] GC(320)   Evacuate Collection Set: 131.8ms
[2025-10-13T19:53:57.625-0700][1256 ][info ][gc,phases   ] GC(320)   Merge Optional Heap Roots: 0.9ms
[2025-10-13T19:53:57.625-0700][1256 ][info ][gc,phases   ] GC(320)   Evacuate Optional Collection Set: 0.8ms
[2025-10-13T19:53:57.625-0700][1256 ][info ][gc,phases   ] GC(320)   Post Evacuate Collection Set: 15.3ms
[2025-10-13T19:53:57.625-0700][1256 ][info ][gc,phases   ] GC(320)   Other: 0.2ms
[2025-10-13T19:53:57.625-0700][1256 ][debug][gc,remset   ] GC(320) Coarsening (recent): Inline->AoC 43370 (0) AoC->Howl 266 (0) Howl->Full 0 (0) Inline->AoC 779 (0) AoC->BitMap 213 (0) BitMap->Full 0 (0) 
[2025-10-13T19:53:57.625-0700][1256 ][debug][gc,remset   ] GC(320) Coarsening (all): Inline->AoC 10123761 (222) AoC->Howl 184669 (851) Howl->Full 0 (0) Inline->AoC 712217 (287) AoC->BitMap 215615 (708) BitMap->Full 19 (0) 
[2025-10-13T19:53:57.625-0700][1256 ][info ][gc,heap     ] GC(320) Eden regions: 3291->0(2401)
[2025-10-13T19:53:57.625-0700][1256 ][info ][gc,heap     ] GC(320) Survivor regions: 165->218(432)
[2025-10-13T19:53:57.625-0700][1256 ][info ][gc,heap     ] GC(320) Old regions: 1012->982
[2025-10-13T19:53:57.625-0700][1256 ][info ][gc,heap     ] GC(320) Humongous regions: 14->0
[2025-10-13T19:53:57.625-0700][1256 ][info ][gc,metaspace] GC(320) Metaspace: 322271K(328576K)->322271K(328576K) NonClass: 283759K(287168K)->283759K(287168K) Class: 38512K(41408K)->38512K(41408K)
[2025-10-13T19:53:57.625-0700][1256 ][info ][gc          ] GC(320) Pause Young (Mixed) (G1 Evacuation Pause) 143381M->38392M(184320M) 163.306ms
[2025-10-13T19:53:57.627-0700][1256 ][info ][gc,cpu      ] GC(320) User=15.52s Sys=0.46s Real=0.16s
[2025-10-13T19:53:57.628-0700][1256 ][info ][safepoint   ] Safepoint "G1CollectForAllocation", Time since last: 1070315668 ns, Reaching safepoint: 845289 ns, Cleanup: 4878 ns, At safepoint: 168139405 ns, Total: 168989572 ns
[2025-10-13T19:53:58.629-0700][1256 ][info ][safepoint   ] Safepoint "Cleanup", Time since last: 1000080837 ns, Reaching safepoint: 831277 ns, Cleanup: 29225 ns, At safepoint: 271851 ns, Total: 1132353 ns
[2025-10-13T19:54:00.630-0700][1256 ][info ][safepoint   ] Safepoint "Cleanup", Time since last: 2000199310 ns, Reaching safepoint: 705598 ns, Cleanup: 17857 ns, At safepoint: 128234 ns, Total: 851689 ns
[2025-10-13T19:54:01.632-0700][1256 ][info ][safepoint   ] Safepoint "Cleanup", Time since last: 1000100016 ns, Reaching safepoint: 792909 ns, Cleanup: 11418 ns, At safepoint: 378733 ns, Total: 1183060 ns
[2025-10-13T19:54:06.261-0700][1256 ][info ][safepoint   ] Safepoint "Cleanup", Time since last: 4628307732 ns, Reaching safepoint: 771928 ns, Cleanup: 32599 ns, At safepoint: 602922 ns, Total: 1407449 ns
[2025-10-13T19:54:06.804-0700][1256 ][info ][gc,start    ] GC(321) Pause Young (Mixed) (G1 Evacuation Pause)
[2025-10-13T19:54:06.804-0700][1256 ][info ][gc,task     ] GC(321) Using 113 workers of 113 for evacuation
[2025-10-13T19:54:06.818-0700][1256 ][debug][gc,remset   ] GC(321) Visited cards 11700224 Total dirty 61407232 (19.05%) Total old 428474368 (2.73%)
[2025-10-13T19:54:06.982-0700][1256 ][info ][gc,phases   ] GC(321)   Pre Evacuate Collection Set: 0.8ms
[2025-10-13T19:54:06.982-0700][1256 ][info ][gc,phases   ] GC(321)   Merge Heap Roots: 13.2ms
[2025-10-13T19:54:06.982-0700][1256 ][info ][gc,phases   ] GC(321)   Evacuate Collection Set: 149.3ms
[2025-10-13T19:54:06.982-0700][1256 ][info ][gc,phases   ] GC(321)   Post Evacuate Collection Set: 14.8ms
[2025-10-13T19:54:06.982-0700][1256 ][info ][gc,phases   ] GC(321)   Other: 0.2ms
[2025-10-13T19:54:06.982-0700][1256 ][debug][gc,remset   ] GC(321) Coarsening (recent): Inline->AoC 46010 (0) AoC->Howl 175 (0) Howl->Full 0 (0) Inline->AoC 707 (0) AoC->BitMap 130 (0) BitMap->Full 0 (0) 
[2025-10-13T19:54:06.982-0700][1256 ][debug][gc,remset   ] GC(321) Coarsening (all): Inline->AoC 10169771 (222) AoC->Howl 184844 (851) Howl->Full 0 (0) Inline->AoC 712924 (287) AoC->BitMap 215745 (708) BitMap->Full 19 (0) 
[2025-10-13T19:54:06.982-0700][1256 ][info ][gc,heap     ] GC(321) Eden regions: 2526->0(3141)
[2025-10-13T19:54:06.982-0700][1256 ][info ][gc,heap     ] GC(321) Survivor regions: 218->187(343)
[2025-10-13T19:54:06.982-0700][1256 ][info ][gc,heap     ] GC(321) Old regions: 982->1012
[2025-10-13T19:54:06.982-0700][1256 ][info ][gc,heap     ] GC(321) Humongous regions: 20->0
[2025-10-13T19:54:06.982-0700][1256 ][info ][gc,metaspace] GC(321) Metaspace: 322276K(328576K)->322276K(328576K) NonClass: 283763K(287168K)->283763K(287168K) Class: 38512K(41408K)->38512K(41408K)
[2025-10-13T19:54:06.982-0700][1256 ][info ][gc          ] GC(321) Pause Young (Mixed) (G1 Evacuation Pause) 119864M->38345M(184320M) 178.414ms
[2025-10-13T19:54:06.984-0700][1256 ][info ][gc,cpu      ] GC(321) User=17.36s Sys=0.29s Real=0.18s
[2025-10-13T19:54:06.986-0700][1256 ][info ][safepoint   ] Safepoint "G1CollectForAllocation", Time since last: 539950976 ns, Reaching safepoint: 1169029 ns, Cleanup: 4507 ns, At safepoint: 183174773 ns, Total: 184348309 ns
[2025-10-13T19:54:10.987-0700][1256 ][info ][safepoint   ] Safepoint "Cleanup", Time since last: 4000264658 ns, Reaching safepoint: 805869 ns, Cleanup: 11417 ns, At safepoint: 228266 ns, Total: 1045552 ns
[2025-10-13T19:54:12.988-0700][1256 ][info ][safepoint   ] Safepoint "Cleanup", Time since last: 2000178108 ns, Reaching safepoint: 849756 ns, Cleanup: 13180 ns, At safepoint: 408147 ns, Total: 1271083 ns
[2025-10-13T19:54:17.990-0700][1256 ][info ][safepoint   ] Safepoint "Cleanup", Time since last: 5000357663 ns, Reaching safepoint: 939071 ns, Cleanup: 12229 ns, At safepoint: 222737 ns, Total: 1174037 ns
[2025-10-13T19:54:19.560-0700][1256 ][info ][gc,start    ] GC(322) Pause Young (Mixed) (G1 Evacuation Pause)
[2025-10-13T19:54:19.560-0700][1256 ][info ][gc,task     ] GC(322) Using 113 workers of 113 for evacuation
[2025-10-13T19:54:19.574-0700][1256 ][debug][gc,remset   ] GC(322) Visited cards 12451584 Total dirty 62849024 (19.81%) Total old 522256384 (2.38%)
[2025-10-13T19:54:19.733-0700][1256 ][info ][gc,phases   ] GC(322)   Pre Evacuate Collection Set: 0.7ms
[2025-10-13T19:54:19.733-0700][1256 ][info ][gc,phases   ] GC(322)   Merge Heap Roots: 13.8ms
[2025-10-13T19:54:19.733-0700][1256 ][info ][gc,phases   ] GC(322)   Evacuate Collection Set: 142.9ms
[2025-10-13T19:54:19.733-0700][1256 ][info ][gc,phases   ] GC(322)   Post Evacuate Collection Set: 15.3ms
[2025-10-13T19:54:19.733-0700][1256 ][info ][gc,phases   ] GC(322)   Other: 0.2ms
[2025-10-13T19:54:19.733-0700][1256 ][debug][gc,remset   ] GC(322) Coarsening (recent): Inline->AoC 41000 (0) AoC->Howl 164 (0) Howl->Full 0 (0) Inline->AoC 543 (0) AoC->BitMap 115 (0) BitMap->Full 0 (0) 
[2025-10-13T19:54:19.733-0700][1256 ][debug][gc,remset   ] GC(322) Coarsening (all): Inline->AoC 10210771 (222) AoC->Howl 185008 (851) Howl->Full 0 (0) Inline->AoC 713467 (287) AoC->BitMap 215860 (708) BitMap->Full 19 (0) 
[2025-10-13T19:54:19.733-0700][1256 ][info ][gc,heap     ] GC(322) Eden regions: 3261->0(2782)
[2025-10-13T19:54:19.733-0700][1256 ][info ][gc,heap     ] GC(322) Survivor regions: 187->234(431)
[2025-10-13T19:54:19.733-0700][1256 ][info ][gc,heap     ] GC(322) Old regions: 1012->982
[2025-10-13T19:54:19.733-0700][1256 ][info ][gc,heap     ] GC(322) Humongous regions: 17->0
[2025-10-13T19:54:19.733-0700][1256 ][info ][gc,metaspace] GC(322) Metaspace: 322288K(328576K)->322288K(328576K) NonClass: 283775K(287168K)->283775K(287168K) Class: 38512K(41408K)->38512K(41408K)
[2025-10-13T19:54:19.733-0700][1256 ][info ][gc          ] GC(322) Pause Young (Mixed) (G1 Evacuation Pause) 143241M->38884M(184320M) 173.011ms
[2025-10-13T19:54:19.734-0700][1256 ][info ][gc,cpu      ] GC(322) User=16.41s Sys=0.33s Real=0.18s
[2025-10-13T19:54:19.736-0700][1256 ][info ][safepoint   ] Safepoint "G1CollectForAllocation", Time since last: 1567605910 ns, Reaching safepoint: 684065 ns, Cleanup: 5018 ns, At safepoint: 177624456 ns, Total: 178313539 ns
[2025-10-13T19:54:19.866-0700][1256 ][info ][gc,start    ] GC(323) Pause Young (Concurrent Start) (G1 Humongous Allocation)
[2025-10-13T19:54:19.867-0700][1256 ][info ][gc,task     ] GC(323) Using 113 workers of 113 for evacuation
[2025-10-13T19:54:19.877-0700][1256 ][debug][gc,remset   ] GC(323) Visited cards 8407808 Total dirty 60817408 (13.82%) Total old 105119744 (8.00%)
[2025-10-13T19:54:20.007-0700][1256 ][info ][gc,phases   ] GC(323)   Pre Evacuate Collection Set: 0.9ms
[2025-10-13T19:54:20.007-0700][1256 ][info ][gc,phases   ] GC(323)   Merge Heap Roots: 9.2ms
[2025-10-13T19:54:20.007-0700][1256 ][info ][gc,phases   ] GC(323)   Evacuate Collection Set: 119.8ms
[2025-10-13T19:54:20.007-0700][1256 ][info ][gc,phases   ] GC(323)   Post Evacuate Collection Set: 10.4ms
[2025-10-13T19:54:20.007-0700][1256 ][info ][gc,phases   ] GC(323)   Other: 0.2ms
[2025-10-13T19:54:20.007-0700][1256 ][debug][gc,remset   ] GC(323) Coarsening (recent): Inline->AoC 0 (0) AoC->Howl 0 (0) Howl->Full 0 (0) Inline->AoC 0 (0) AoC->BitMap 0 (0) BitMap->Full 0 (0) 
[2025-10-13T19:54:20.007-0700][1256 ][debug][gc,remset   ] GC(323) Coarsening (all): Inline->AoC 10210771 (222) AoC->Howl 185008 (851) Howl->Full 0 (0) Inline->AoC 713467 (287) AoC->BitMap 215860 (708) BitMap->Full 19 (0) 
[2025-10-13T19:54:20.007-0700][1256 ][info ][gc,heap     ] GC(323) Eden regions: 77->0(2054)
[2025-10-13T19:54:20.007-0700][1256 ][info ][gc,heap     ] GC(323) Survivor regions: 234->233(432)
[2025-10-13T19:54:20.007-0700][1256 ][info ][gc,heap     ] GC(323) Old regions: 982->982
[2025-10-13T19:54:20.007-0700][1256 ][info ][gc,heap     ] GC(323) Humongous regions: 0->0
[2025-10-13T19:54:20.007-0700][1256 ][info ][gc,metaspace] GC(323) Metaspace: 322288K(328576K)->322288K(328576K) NonClass: 283775K(287168K)->283775K(287168K) Class: 38512K(41408K)->38512K(41408K)
[2025-10-13T19:54:20.007-0700][1256 ][info ][gc          ] GC(323) Pause Young (Concurrent Start) (G1 Humongous Allocation) 41343M->38844M(184320M) 140.573ms
[2025-10-13T19:54:20.007-0700][1089 ][info ][gc          ] GC(324) Concurrent Mark Cycle
[2025-10-13T19:54:20.007-0700][1089 ][info ][gc,marking  ] GC(324) Concurrent Scan Root Regions
[2025-10-13T19:54:20.009-0700][1256 ][info ][gc,cpu      ] GC(323) User=13.51s Sys=0.10s Real=0.14s
[2025-10-13T19:54:20.011-0700][1256 ][info ][safepoint   ] Safepoint "G1TryInitiateConcMark", Time since last: 128093448 ns, Reaching safepoint: 943207 ns, Cleanup: 4627 ns, At safepoint: 146188245 ns, Total: 147136079 ns
[2025-10-13T19:54:20.076-0700][1089 ][info ][gc,marking  ] GC(324) Concurrent Scan Root Regions 68.859ms
[2025-10-13T19:54:20.076-0700][1089 ][info ][gc,marking  ] GC(324) Concurrent Mark
[2025-10-13T19:54:20.076-0700][1089 ][info ][gc,marking  ] GC(324) Concurrent Mark From Roots
[2025-10-13T19:54:20.076-0700][1089 ][info ][gc,task     ] GC(324) Using 36 workers of 36 for marking
[2025-10-13T19:54:20.237-0700][1089 ][info ][gc,marking  ] GC(324) Concurrent Mark From Roots 160.898ms
[2025-10-13T19:54:20.237-0700][1089 ][info ][gc,marking  ] GC(324) Concurrent Preclean
[2025-10-13T19:54:20.248-0700][1089 ][info ][gc,marking  ] GC(324) Concurrent Preclean 10.238ms
[2025-10-13T19:54:20.250-0700][1256 ][info ][gc,start    ] GC(324) Pause Remark
[2025-10-13T19:54:20.410-0700][1256 ][info ][gc          ] GC(324) Pause Remark 42140M->41468M(184320M) 159.825ms
[2025-10-13T19:54:20.412-0700][1256 ][info ][gc,cpu      ] GC(324) User=14.70s Sys=0.13s Real=0.17s
[2025-10-13T19:54:20.414-0700][1256 ][info ][safepoint   ] Safepoint "G1PauseRemark", Time since last: 236705632 ns, Reaching safepoint: 831448 ns, Cleanup: 4848 ns, At safepoint: 165741487 ns, Total: 166577783 ns
[2025-10-13T19:54:20.415-0700][1089 ][info ][gc,marking  ] GC(324) Concurrent Mark 338.122ms
[2025-10-13T19:54:20.415-0700][1089 ][info ][gc,marking  ] GC(324) Concurrent Rebuild Remembered Sets and Scrub Regions
[2025-10-13T19:54:20.695-0700][1089 ][info ][gc,marking  ] GC(324) Concurrent Rebuild Remembered Sets and Scrub Regions 280.884ms
[2025-10-13T19:54:20.698-0700][1256 ][info ][gc,start    ] GC(324) Pause Cleanup
[2025-10-13T19:54:20.700-0700][1256 ][info ][gc          ] GC(324) Pause Cleanup 43887M->43887M(184320M) 2.109ms
[2025-10-13T19:54:20.701-0700][1256 ][info ][gc,cpu      ] GC(324) User=0.02s Sys=0.00s Real=0.01s
[2025-10-13T19:54:20.703-0700][1256 ][info ][safepoint   ] Safepoint "G1PauseCleanup", Time since last: 281313882 ns, Reaching safepoint: 676864 ns, Cleanup: 33671 ns, At safepoint: 6346392 ns, Total: 7056927 ns
[2025-10-13T19:54:20.703-0700][1089 ][info ][gc,marking  ] GC(324) Concurrent Clear Claimed Marks
[2025-10-13T19:54:20.704-0700][1089 ][info ][gc,marking  ] GC(324) Concurrent Clear Claimed Marks 1.052ms
[2025-10-13T19:54:20.704-0700][1089 ][info ][gc,marking  ] GC(324) Concurrent Cleanup for Next Mark
[2025-10-13T19:54:20.736-0700][1089 ][info ][gc,marking  ] GC(324) Concurrent Cleanup for Next Mark 31.861ms
[2025-10-13T19:54:20.736-0700][1089 ][info ][gc          ] GC(324) Concurrent Mark Cycle 728.207ms
[2025-10-13T19:54:21.704-0700][1256 ][info ][safepoint   ] Safepoint "Cleanup", Time since last: 1000108018 ns, Reaching safepoint: 842665 ns, Cleanup: 16265 ns, At safepoint: 520757 ns, Total: 1379687 ns
[2025-10-13T19:54:26.705-0700][1256 ][info ][safepoint   ] Safepoint "Cleanup", Time since last: 5000342781 ns, Reaching safepoint: 714641 ns, Cleanup: 47923 ns, At safepoint: 236998 ns, Total: 999562 ns
[2025-10-13T19:54:28.868-0700][1256 ][info ][gc,start    ] GC(325) Pause Young (Prepare Mixed) (G1 Evacuation Pause)
[2025-10-13T19:54:28.869-0700][1256 ][info ][gc,task     ] GC(325) Using 113 workers of 113 for evacuation
[2025-10-13T19:54:28.883-0700][1256 ][debug][gc,remset   ] GC(325) Visited cards 9081600 Total dirty 61210624 (14.84%) Total old 340721664 (2.67%)
[2025-10-13T19:54:29.021-0700][1256 ][info ][gc,phases   ] GC(325)   Pre Evacuate Collection Set: 0.7ms
[2025-10-13T19:54:29.021-0700][1256 ][info ][gc,phases   ] GC(325)   Merge Heap Roots: 13.8ms
[2025-10-13T19:54:29.021-0700][1256 ][info ][gc,phases   ] GC(325)   Evacuate Collection Set: 124.4ms
[2025-10-13T19:54:29.021-0700][1256 ][info ][gc,phases   ] GC(325)   Post Evacuate Collection Set: 13.5ms
[2025-10-13T19:54:29.021-0700][1256 ][info ][gc,phases   ] GC(325)   Other: 0.1ms
[2025-10-13T19:54:29.021-0700][1256 ][debug][gc,remset   ] GC(325) Coarsening (recent): Inline->AoC 115633 (0) AoC->Howl 4284 (0) Howl->Full 0 (0) Inline->AoC 16816 (0) AoC->BitMap 4826 (1) BitMap->Full 0 (0) 
[2025-10-13T19:54:29.021-0700][1256 ][debug][gc,remset   ] GC(325) Coarsening (all): Inline->AoC 10326404 (222) AoC->Howl 189292 (851) Howl->Full 0 (0) Inline->AoC 730283 (287) AoC->BitMap 220686 (709) BitMap->Full 19 (0) 
[2025-10-13T19:54:29.021-0700][1256 ][info ][gc,heap     ] GC(325) Eden regions: 1879->0(3314)
[2025-10-13T19:54:29.021-0700][1256 ][info ][gc,heap     ] GC(325) Survivor regions: 233->142(264)
[2025-10-13T19:54:29.021-0700][1256 ][info ][gc,heap     ] GC(325) Old regions: 961->1049
[2025-10-13T19:54:29.021-0700][1256 ][info ][gc,heap     ] GC(325) Humongous regions: 14->0
[2025-10-13T19:54:29.021-0700][1256 ][info ][gc,metaspace] GC(325) Metaspace: 322176K(328576K)->322176K(328576K) NonClass: 283689K(287168K)->283689K(287168K) Class: 38486K(41408K)->38486K(41408K)
[2025-10-13T19:54:29.021-0700][1256 ][info ][gc          ] GC(325) Pause Young (Prepare Mixed) (G1 Evacuation Pause) 98748M->38085M(184320M) 152.745ms
[2025-10-13T19:54:29.023-0700][1256 ][info ][gc,cpu      ] GC(325) User=15.50s Sys=0.18s Real=0.16s
[2025-10-13T19:54:29.024-0700][1256 ][info ][safepoint   ] Safepoint "G1CollectForAllocation", Time since last: 2160461198 ns, Reaching safepoint: 831708 ns, Cleanup: 5479 ns, At safepoint: 157323201 ns, Total: 158160388 ns
[2025-10-13T19:54:34.025-0700][1256 ][info ][safepoint   ] Safepoint "Cleanup", Time since last: 5000368339 ns, Reaching safepoint: 798719 ns, Cleanup: 13370 ns, At safepoint: 245742 ns, Total: 1057831 ns
[2025-10-13T19:54:36.027-0700][1256 ][info ][safepoint   ] Safepoint "Cleanup", Time since last: 2000168704 ns, Reaching safepoint: 869025 ns, Cleanup: 14171 ns, At safepoint: 217279 ns, Total: 1100475 ns
[2025-10-13T19:54:37.028-0700][1256 ][info ][safepoint   ] Safepoint "Cleanup", Time since last: 1000099997 ns, Reaching safepoint: 807191 ns, Cleanup: 12309 ns, At safepoint: 316028 ns, Total: 1135528 ns
[2025-10-13T19:54:38.040-0700][1256 ][info ][safepoint   ] Safepoint "Cleanup", Time since last: 1000098115 ns, Reaching safepoint: 9367783 ns, Cleanup: 23636 ns, At safepoint: 2259669 ns, Total: 11651088 ns
[2025-10-13T19:54:39.042-0700][1256 ][info ][safepoint   ] Safepoint "Cleanup", Time since last: 1000120128 ns, Reaching safepoint: 885480 ns, Cleanup: 25689 ns, At safepoint: 801793 ns, Total: 1712962 ns
[2025-10-13T19:54:40.043-0700][1256 ][info ][safepoint   ] Safepoint "Cleanup", Time since last: 1000108680 ns, Reaching safepoint: 876346 ns, Cleanup: 17867 ns, At safepoint: 756605 ns, Total: 1650818 ns
[2025-10-13T19:54:41.062-0700][1256 ][info ][safepoint   ] Safepoint "Cleanup", Time since last: 1000109742 ns, Reaching safepoint: 16652586 ns, Cleanup: 13210 ns, At safepoint: 2355494 ns, Total: 19021290 ns
[2025-10-13T19:54:41.974-0700][1256 ][info ][gc,start    ] GC(326) Pause Young (Mixed) (G1 Evacuation Pause)
[2025-10-13T19:54:41.974-0700][1256 ][info ][gc,task     ] GC(326) Using 113 workers of 113 for evacuation
[2025-10-13T19:54:41.990-0700][1256 ][debug][gc,remset   ] GC(326) Visited cards 10210816 Total dirty 56557568 (18.05%) Total old 533135360 (1.92%)
[2025-10-13T19:54:42.104-0700][1256 ][debug][gc,remset   ] GC(326) Visited cards 1449984 Total dirty 48365568 (3.00%) Total old 548143104 (0.26%)
[2025-10-13T19:54:42.136-0700][1256 ][info ][gc,phases   ] GC(326)   Pre Evacuate Collection Set: 0.8ms
[2025-10-13T19:54:42.136-0700][1256 ][info ][gc,phases   ] GC(326)   Merge Heap Roots: 14.9ms
[2025-10-13T19:54:42.136-0700][1256 ][info ][gc,phases   ] GC(326)   Evacuate Collection Set: 113.1ms
[2025-10-13T19:54:42.136-0700][1256 ][info ][gc,phases   ] GC(326)   Merge Optional Heap Roots: 0.9ms
[2025-10-13T19:54:42.136-0700][1256 ][info ][gc,phases   ] GC(326)   Evacuate Optional Collection Set: 16.4ms
[2025-10-13T19:54:42.136-0700][1256 ][info ][gc,phases   ] GC(326)   Post Evacuate Collection Set: 15.1ms
[2025-10-13T19:54:42.136-0700][1256 ][info ][gc,phases   ] GC(326)   Other: 0.2ms
[2025-10-13T19:54:42.136-0700][1256 ][debug][gc,remset   ] GC(326) Coarsening (recent): Inline->AoC 23361 (0) AoC->Howl 659 (0) Howl->Full 0 (0) Inline->AoC 2085 (0) AoC->BitMap 507 (0) BitMap->Full 0 (0) 
[2025-10-13T19:54:42.136-0700][1256 ][debug][gc,remset   ] GC(326) Coarsening (all): Inline->AoC 10349765 (222) AoC->Howl 189951 (851) Howl->Full 0 (0) Inline->AoC 732368 (287) AoC->BitMap 221193 (709) BitMap->Full 19 (0) 
[2025-10-13T19:54:42.136-0700][1256 ][info ][gc,heap     ] GC(326) Eden regions: 3314->0(2879)
[2025-10-13T19:54:42.136-0700][1256 ][info ][gc,heap     ] GC(326) Survivor regions: 142->188(432)
[2025-10-13T19:54:42.136-0700][1256 ][info ][gc,heap     ] GC(326) Old regions: 1049->871
[2025-10-13T19:54:42.136-0700][1256 ][info ][gc,heap     ] GC(326) Humongous regions: 12->0
[2025-10-13T19:54:42.136-0700][1256 ][info ][gc,metaspace] GC(326) Metaspace: 322268K(328640K)->322268K(328640K) NonClass: 283776K(287232K)->283776K(287232K) Class: 38492K(41408K)->38492K(41408K)
[2025-10-13T19:54:42.136-0700][1256 ][info ][gc          ] GC(326) Pause Young (Mixed) (G1 Evacuation Pause) 144517M->33851M(184320M) 161.536ms
[2025-10-13T19:54:42.138-0700][1256 ][info ][gc,cpu      ] GC(326) User=15.22s Sys=0.76s Real=0.16s
[2025-10-13T19:54:42.139-0700][1256 ][info ][safepoint   ] Safepoint "G1CollectForAllocation", Time since last: 909304100 ns, Reaching safepoint: 909296 ns, Cleanup: 11217 ns, At safepoint: 166230012 ns, Total: 167150525 ns
[2025-10-13T19:54:43.140-0700][1256 ][info ][safepoint   ] Safepoint "Cleanup", Time since last: 1000090082 ns, Reaching safepoint: 848394 ns, Cleanup: 19990 ns, At safepoint: 186783 ns, Total: 1055167 ns
[2025-10-13T19:54:44.141-0700][1256 ][info ][safepoint   ] Safepoint "Cleanup", Time since last: 1000104013 ns, Reaching safepoint: 838018 ns, Cleanup: 18498 ns, At safepoint: 328898 ns, Total: 1185414 ns
[2025-10-13T19:54:45.143-0700][1256 ][info ][safepoint   ] Safepoint "Cleanup", Time since last: 1000106685 ns, Reaching safepoint: 844337 ns, Cleanup: 13301 ns, At safepoint: 421347 ns, Total: 1278985 ns
[2025-10-13T19:54:46.145-0700][1256 ][info ][safepoint   ] Safepoint "Cleanup", Time since last: 1000102686 ns, Reaching safepoint: 895775 ns, Cleanup: 21984 ns, At safepoint: 805138 ns, Total: 1722897 ns
[2025-10-13T19:54:47.146-0700][1256 ][info ][safepoint   ] Safepoint "Cleanup", Time since last: 1000108905 ns, Reaching safepoint: 842264 ns, Cleanup: 15874 ns, At safepoint: 919922 ns, Total: 1778060 ns
[2025-10-13T19:54:48.149-0700][1256 ][info ][safepoint   ] Safepoint "Cleanup", Time since last: 1000103848 ns, Reaching safepoint: 864668 ns, Cleanup: 19880 ns, At safepoint: 1608464 ns, Total: 2493012 ns
[2025-10-13T19:54:49.159-0700][1256 ][info ][safepoint   ] Safepoint "Cleanup", Time since last: 1000107753 ns, Reaching safepoint: 7246213 ns, Cleanup: 12599 ns, At safepoint: 2222212 ns, Total: 9481024 ns
[2025-10-13T19:54:51.161-0700][1256 ][info ][safepoint   ] Safepoint "Cleanup", Time since last: 2000188417 ns, Reaching safepoint: 844677 ns, Cleanup: 12940 ns, At safepoint: 861233 ns, Total: 1718850 ns
[2025-10-13T19:54:52.166-0700][1256 ][info ][safepoint   ] Safepoint "Cleanup", Time since last: 1000294556 ns, Reaching safepoint: 3303458 ns, Cleanup: 12068 ns, At safepoint: 1745191 ns, Total: 5060717 ns
[2025-10-13T19:54:53.168-0700][1256 ][info ][safepoint   ] Safepoint "Cleanup", Time since last: 1000125711 ns, Reaching safepoint: 920332 ns, Cleanup: 10676 ns, At safepoint: 908214 ns, Total: 1839222 ns
[2025-10-13T19:54:53.704-0700][1256 ][info ][gc,start    ] GC(327) Pause Young (Mixed) (G1 Evacuation Pause)
[2025-10-13T19:54:53.704-0700][1256 ][info ][gc,task     ] GC(327) Using 113 workers of 113 for evacuation
[2025-10-13T19:54:53.719-0700][1256 ][debug][gc,remset   ] GC(327) Visited cards 9513216 Total dirty 52363264 (18.17%) Total old 497090560 (1.91%)
[2025-10-13T19:54:53.875-0700][1256 ][info ][gc,phases   ] GC(327)   Pre Evacuate Collection Set: 0.8ms
[2025-10-13T19:54:53.875-0700][1256 ][info ][gc,phases   ] GC(327)   Merge Heap Roots: 14.4ms
[2025-10-13T19:54:53.875-0700][1256 ][info ][gc,phases   ] GC(327)   Evacuate Collection Set: 140.8ms
[2025-10-13T19:54:53.875-0700][1256 ][info ][gc,phases   ] GC(327)   Post Evacuate Collection Set: 15.1ms
[2025-10-13T19:54:53.875-0700][1256 ][info ][gc,phases   ] GC(327)   Other: 0.2ms
[2025-10-13T19:54:53.875-0700][1256 ][debug][gc,remset   ] GC(327) Coarsening (recent): Inline->AoC 31065 (0) AoC->Howl 238 (0) Howl->Full 0 (0) Inline->AoC 963 (0) AoC->BitMap 130 (0) BitMap->Full 0 (0) 
[2025-10-13T19:54:53.875-0700][1256 ][debug][gc,remset   ] GC(327) Coarsening (all): Inline->AoC 10380830 (222) AoC->Howl 190189 (851) Howl->Full 0 (0) Inline->AoC 733331 (287) AoC->BitMap 221323 (709) BitMap->Full 19 (0) 
[2025-10-13T19:54:53.875-0700][1256 ][info ][gc,heap     ] GC(327) Eden regions: 3132->0(1923)
[2025-10-13T19:54:53.875-0700][1256 ][info ][gc,heap     ] GC(327) Survivor regions: 188->235(415)
[2025-10-13T19:54:53.875-0700][1256 ][info ][gc,heap     ] GC(327) Old regions: 871->823
[2025-10-13T19:54:53.875-0700][1256 ][info ][gc,heap     ] GC(327) Humongous regions: 21->0
[2025-10-13T19:54:53.875-0700][1256 ][info ][gc,metaspace] GC(327) Metaspace: 322401K(328768K)->322401K(328768K) NonClass: 283901K(287360K)->283901K(287360K) Class: 38499K(41408K)->38499K(41408K)
[2025-10-13T19:54:53.875-0700][1256 ][info ][gc          ] GC(327) Pause Young (Mixed) (G1 Evacuation Pause) 134747M->33824M(184320M) 171.490ms
[2025-10-13T19:54:53.877-0700][1256 ][info ][gc,cpu      ] GC(327) User=16.27s Sys=0.22s Real=0.17s
[2025-10-13T19:54:53.878-0700][1256 ][info ][safepoint   ] Safepoint "G1CollectForAllocation", Time since last: 533312135 ns, Reaching safepoint: 816936 ns, Cleanup: 14802 ns, At safepoint: 176121209 ns, Total: 176952947 ns
[2025-10-13T19:54:54.904-0700][1256 ][info ][safepoint   ] Safepoint "Cleanup", Time since last: 1000069766 ns, Reaching safepoint: 21744698 ns, Cleanup: 27111 ns, At safepoint: 3545254 ns, Total: 25317063 ns
[2025-10-13T19:54:55.907-0700][1256 ][info ][safepoint   ] Safepoint "Cleanup", Time since last: 1000141875 ns, Reaching safepoint: 2284677 ns, Cleanup: 14281 ns, At safepoint: 1047595 ns, Total: 3346553 ns
[2025-10-13T19:54:56.909-0700][1256 ][info ][safepoint   ] Safepoint "Cleanup", Time since last: 1000121575 ns, Reaching safepoint: 1527451 ns, Cleanup: 12449 ns, At safepoint: 598856 ns, Total: 2138756 ns
[2025-10-13T19:55:00.235-0700][1256 ][info ][gc,start    ] GC(328) Pause Young (Mixed) (G1 Evacuation Pause)
[2025-10-13T19:55:00.235-0700][1256 ][info ][gc,task     ] GC(328) Using 113 workers of 113 for evacuation
[2025-10-13T19:55:00.249-0700][1256 ][debug][gc,remset   ] GC(328) Visited cards 9339392 Total dirty 49479680 (18.88%) Total old 381419520 (2.45%)
[2025-10-13T19:55:00.397-0700][1256 ][info ][gc,phases   ] GC(328)   Pre Evacuate Collection Set: 0.7ms
[2025-10-13T19:55:00.397-0700][1256 ][info ][gc,phases   ] GC(328)   Merge Heap Roots: 13.1ms
[2025-10-13T19:55:00.397-0700][1256 ][info ][gc,phases   ] GC(328)   Evacuate Collection Set: 133.8ms
[2025-10-13T19:55:00.397-0700][1256 ][info ][gc,phases   ] GC(328)   Post Evacuate Collection Set: 14.5ms
[2025-10-13T19:55:00.397-0700][1256 ][info ][gc,phases   ] GC(328)   Other: 0.2ms
[2025-10-13T19:55:00.397-0700][1256 ][debug][gc,remset   ] GC(328) Coarsening (recent): Inline->AoC 31218 (0) AoC->Howl 196 (0) Howl->Full 0 (0) Inline->AoC 787 (0) AoC->BitMap 100 (0) BitMap->Full 0 (0) 
[2025-10-13T19:55:00.397-0700][1256 ][debug][gc,remset   ] GC(328) Coarsening (all): Inline->AoC 10412048 (222) AoC->Howl 190385 (851) Howl->Full 0 (0) Inline->AoC 734118 (287) AoC->BitMap 221423 (709) BitMap->Full 19 (0) 
[2025-10-13T19:55:00.397-0700][1256 ][info ][gc,heap     ] GC(328) Eden regions: 2231->0(3271)
[2025-10-13T19:55:00.397-0700][1256 ][info ][gc,heap     ] GC(328) Survivor regions: 235->185(309)
[2025-10-13T19:55:00.397-0700][1256 ][info ][gc,heap     ] GC(328) Old regions: 823->828
[2025-10-13T19:55:00.397-0700][1256 ][info ][gc,heap     ] GC(328) Humongous regions: 12->0
[2025-10-13T19:55:00.397-0700][1256 ][info ][gc,metaspace] GC(328) Metaspace: 322430K(328768K)->322430K(328768K) NonClass: 283925K(287360K)->283925K(287360K) Class: 38504K(41408K)->38504K(41408K)
[2025-10-13T19:55:00.397-0700][1256 ][info ][gc          ] GC(328) Pause Young (Mixed) (G1 Evacuation Pause) 105600M->32389M(184320M) 162.547ms
[2025-10-13T19:55:00.399-0700][1256 ][info ][gc,cpu      ] GC(328) User=16.40s Sys=0.36s Real=0.16s
[2025-10-13T19:55:00.400-0700][1256 ][info ][safepoint   ] Safepoint "G1CollectForAllocation", Time since last: 3322872315 ns, Reaching safepoint: 840221 ns, Cleanup: 7031 ns, At safepoint: 167294775 ns, Total: 168142027 ns
[2025-10-13T19:55:01.402-0700][1256 ][info ][safepoint   ] Safepoint "Cleanup", Time since last: 1000085640 ns, Reaching safepoint: 876156 ns, Cleanup: 13610 ns, At safepoint: 323079 ns, Total: 1212845 ns
[2025-10-13T19:55:14.337-0700][1256 ][info ][gc,start    ] GC(329) Pause Young (Mixed) (G1 Evacuation Pause)
[2025-10-13T19:55:14.337-0700][1256 ][info ][gc,task     ] GC(329) Using 113 workers of 113 for evacuation
[2025-10-13T19:55:14.351-0700][1256 ][debug][gc,remset   ] GC(329) Visited cards 10298624 Total dirty 49676288 (20.73%) Total old 512425984 (2.01%)
[2025-10-13T19:55:14.489-0700][1256 ][debug][gc,remset   ] GC(329) Visited cards 1302528 Total dirty 41877504 (3.11%) Total old 529793024 (0.25%)
[2025-10-13T19:55:14.510-0700][1256 ][info ][gc,phases   ] GC(329)   Pre Evacuate Collection Set: 0.8ms
[2025-10-13T19:55:14.510-0700][1256 ][info ][gc,phases   ] GC(329)   Merge Heap Roots: 13.3ms
[2025-10-13T19:55:14.510-0700][1256 ][info ][gc,phases   ] GC(329)   Evacuate Collection Set: 137.0ms
[2025-10-13T19:55:14.510-0700][1256 ][info ][gc,phases   ] GC(329)   Merge Optional Heap Roots: 0.9ms
[2025-10-13T19:55:14.510-0700][1256 ][info ][gc,phases   ] GC(329)   Evacuate Optional Collection Set: 3.8ms
[2025-10-13T19:55:14.510-0700][1256 ][info ][gc,phases   ] GC(329)   Post Evacuate Collection Set: 17.1ms
[2025-10-13T19:55:14.510-0700][1256 ][info ][gc,phases   ] GC(329)   Other: 0.2ms
[2025-10-13T19:55:14.510-0700][1256 ][debug][gc,remset   ] GC(329) Coarsening (recent): Inline->AoC 49930 (0) AoC->Howl 274 (0) Howl->Full 0 (0) Inline->AoC 1038 (0) AoC->BitMap 195 (0) BitMap->Full 0 (0) 
[2025-10-13T19:55:14.510-0700][1256 ][debug][gc,remset   ] GC(329) Coarsening (all): Inline->AoC 10461978 (222) AoC->Howl 190659 (851) Howl->Full 0 (0) Inline->AoC 735156 (287) AoC->BitMap 221618 (709) BitMap->Full 19 (0) 
[2025-10-13T19:55:14.510-0700][1256 ][info ][gc,heap     ] GC(329) Eden regions: 3271->0(2076)
[2025-10-13T19:55:14.510-0700][1256 ][info ][gc,heap     ] GC(329) Survivor regions: 185->241(432)
[2025-10-13T19:55:14.510-0700][1256 ][info ][gc,heap     ] GC(329) Old regions: 828->766
[2025-10-13T19:55:14.510-0700][1256 ][info ][gc,heap     ] GC(329) Humongous regions: 20->0
[2025-10-13T19:55:14.510-0700][1256 ][info ][gc,metaspace] GC(329) Metaspace: 322430K(328768K)->322430K(328768K) NonClass: 283925K(287360K)->283925K(287360K) Class: 38504K(41408K)->38504K(41408K)
[2025-10-13T19:55:14.510-0700][1256 ][info ][gc          ] GC(329) Pause Young (Mixed) (G1 Evacuation Pause) 137701M->32202M(184320M) 173.267ms
[2025-10-13T19:55:14.512-0700][1256 ][info ][gc,cpu      ] GC(329) User=17.39s Sys=0.27s Real=0.18s
[2025-10-13T19:55:14.513-0700][1256 ][info ][safepoint   ] Safepoint "G1CollectForAllocation", Time since last: 12932914853 ns, Reaching safepoint: 883386 ns, Cleanup: 5298 ns, At safepoint: 177855924 ns, Total: 178744608 ns
[2025-10-13T19:55:15.514-0700][1256 ][info ][safepoint   ] Safepoint "Cleanup", Time since last: 1000080252 ns, Reaching safepoint: 794241 ns, Cleanup: 15935 ns, At safepoint: 207914 ns, Total: 1018090 ns
[2025-10-13T19:55:21.662-0700][1256 ][info ][gc,start    ] GC(330) Pause Young (Mixed) (G1 Evacuation Pause)
[2025-10-13T19:55:21.662-0700][1256 ][info ][gc,task     ] GC(330) Using 113 workers of 113 for evacuation
[2025-10-13T19:55:21.675-0700][1256 ][debug][gc,remset   ] GC(330) Visited cards 10059776 Total dirty 45809664 (21.96%) Total old 409927680 (2.45%)
[2025-10-13T19:55:21.860-0700][1256 ][info ][gc,phases   ] GC(330)   Pre Evacuate Collection Set: 0.8ms
[2025-10-13T19:55:21.860-0700][1256 ][info ][gc,phases   ] GC(330)   Merge Heap Roots: 12.3ms
[2025-10-13T19:55:21.860-0700][1256 ][info ][gc,phases   ] GC(330)   Evacuate Collection Set: 173.6ms
[2025-10-13T19:55:21.860-0700][1256 ][info ][gc,phases   ] GC(330)   Post Evacuate Collection Set: 11.8ms
[2025-10-13T19:55:21.860-0700][1256 ][info ][gc,phases   ] GC(330)   Other: 0.2ms
[2025-10-13T19:55:21.860-0700][1256 ][debug][gc,remset   ] GC(330) Coarsening (recent): Inline->AoC 27510 (0) AoC->Howl 148 (1) Howl->Full 0 (0) Inline->AoC 707 (0) AoC->BitMap 58 (1) BitMap->Full 0 (0) 
[2025-10-13T19:55:21.860-0700][1256 ][debug][gc,remset   ] GC(330) Coarsening (all): Inline->AoC 10489488 (222) AoC->Howl 190807 (852) Howl->Full 0 (0) Inline->AoC 735863 (287) AoC->BitMap 221676 (710) BitMap->Full 19 (0) 
[2025-10-13T19:55:21.860-0700][1256 ][info ][gc,heap     ] GC(330) Eden regions: 2478->0(3041)
[2025-10-13T19:55:21.860-0700][1256 ][info ][gc,heap     ] GC(330) Survivor regions: 241->219(340)
[2025-10-13T19:55:21.860-0700][1256 ][info ][gc,heap     ] GC(330) Old regions: 766->812
[2025-10-13T19:55:21.860-0700][1256 ][info ][gc,heap     ] GC(330) Humongous regions: 3->0
[2025-10-13T19:55:21.860-0700][1256 ][info ][gc,metaspace] GC(330) Metaspace: 322430K(328768K)->322430K(328768K) NonClass: 283925K(287360K)->283925K(287360K) Class: 38504K(41408K)->38504K(41408K)
[2025-10-13T19:55:21.860-0700][1256 ][info ][gc          ] GC(330) Pause Young (Mixed) (G1 Evacuation Pause) 111594M->32965M(184320M) 198.814ms
[2025-10-13T19:55:21.862-0700][1256 ][info ][gc,cpu      ] GC(330) User=19.38s Sys=0.24s Real=0.20s
[2025-10-13T19:55:21.864-0700][1256 ][info ][safepoint   ] Safepoint "G1CollectForAllocation", Time since last: 6144764923 ns, Reaching safepoint: 785819 ns, Cleanup: 5148 ns, At safepoint: 203763660 ns, Total: 204554627 ns
[2025-10-13T19:55:22.367-0700][1256 ][info ][gc,start    ] GC(331) Pause Young (Concurrent Start) (G1 Humongous Allocation)
[2025-10-13T19:55:22.367-0700][1256 ][info ][gc,task     ] GC(331) Using 113 workers of 113 for evacuation
[2025-10-13T19:55:22.378-0700][1256 ][debug][gc,remset   ] GC(331) Visited cards 7814656 Total dirty 50135040 (15.59%) Total old 144572416 (5.41%)
[2025-10-13T19:55:22.509-0700][1256 ][info ][gc,phases   ] GC(331)   Pre Evacuate Collection Set: 0.9ms
[2025-10-13T19:55:22.509-0700][1256 ][info ][gc,phases   ] GC(331)   Merge Heap Roots: 9.8ms
[2025-10-13T19:55:22.509-0700][1256 ][info ][gc,phases   ] GC(331)   Evacuate Collection Set: 121.6ms
[2025-10-13T19:55:22.509-0700][1256 ][info ][gc,phases   ] GC(331)   Post Evacuate Collection Set: 9.0ms
[2025-10-13T19:55:22.509-0700][1256 ][info ][gc,phases   ] GC(331)   Other: 0.1ms
[2025-10-13T19:55:22.509-0700][1256 ][debug][gc,remset   ] GC(331) Coarsening (recent): Inline->AoC 0 (0) AoC->Howl 0 (0) Howl->Full 0 (0) Inline->AoC 0 (0) AoC->BitMap 0 (0) BitMap->Full 0 (0) 
[2025-10-13T19:55:22.509-0700][1256 ][debug][gc,remset   ] GC(331) Coarsening (all): Inline->AoC 10489488 (222) AoC->Howl 190807 (852) Howl->Full 0 (0) Inline->AoC 735863 (287) AoC->BitMap 221676 (710) BitMap->Full 19 (0) 
[2025-10-13T19:55:22.509-0700][1256 ][info ][gc,heap     ] GC(331) Eden regions: 478->0(1351)
[2025-10-13T19:55:22.509-0700][1256 ][info ][gc,heap     ] GC(331) Survivor regions: 219->231(432)
[2025-10-13T19:55:22.509-0700][1256 ][info ][gc,heap     ] GC(331) Old regions: 812->812
[2025-10-13T19:55:22.509-0700][1256 ][info ][gc,heap     ] GC(331) Humongous regions: 0->0
[2025-10-13T19:55:22.509-0700][1256 ][info ][gc,metaspace] GC(331) Metaspace: 322430K(328768K)->322430K(328768K) NonClass: 283925K(287360K)->283925K(287360K) Class: 38504K(41408K)->38504K(41408K)
[2025-10-13T19:55:22.509-0700][1256 ][info ][gc          ] GC(331) Pause Young (Concurrent Start) (G1 Humongous Allocation) 48232M->33349M(184320M) 141.612ms
[2025-10-13T19:55:22.509-0700][1089 ][info ][gc          ] GC(332) Concurrent Mark Cycle
[2025-10-13T19:55:22.509-0700][1089 ][info ][gc,marking  ] GC(332) Concurrent Scan Root Regions
[2025-10-13T19:55:22.511-0700][1256 ][info ][gc,cpu      ] GC(331) User=13.69s Sys=0.02s Real=0.15s
[2025-10-13T19:55:22.513-0700][1256 ][info ][safepoint   ] Safepoint "G1TryInitiateConcMark", Time since last: 501377539 ns, Reaching safepoint: 700150 ns, Cleanup: 4476 ns, At safepoint: 147103798 ns, Total: 147808424 ns
[2025-10-13T19:55:22.580-0700][1089 ][info ][gc,marking  ] GC(332) Concurrent Scan Root Regions 70.570ms
[2025-10-13T19:55:22.580-0700][1089 ][info ][gc,marking  ] GC(332) Concurrent Mark
[2025-10-13T19:55:22.580-0700][1089 ][info ][gc,marking  ] GC(332) Concurrent Mark From Roots
[2025-10-13T19:55:22.580-0700][1089 ][info ][gc,task     ] GC(332) Using 36 workers of 36 for marking
[2025-10-13T19:55:22.797-0700][1089 ][info ][gc,marking  ] GC(332) Concurrent Mark From Roots 216.958ms
[2025-10-13T19:55:22.797-0700][1089 ][info ][gc,marking  ] GC(332) Concurrent Preclean
[2025-10-13T19:55:22.806-0700][1089 ][info ][gc,marking  ] GC(332) Concurrent Preclean 9.275ms
[2025-10-13T19:55:22.809-0700][1256 ][info ][gc,start    ] GC(332) Pause Remark
[2025-10-13T19:55:22.967-0700][1256 ][info ][gc          ] GC(332) Pause Remark 39144M->38568M(184320M) 157.742ms
[2025-10-13T19:55:22.969-0700][1256 ][info ][gc,cpu      ] GC(332) User=14.38s Sys=0.10s Real=0.16s
[2025-10-13T19:55:22.971-0700][1256 ][info ][safepoint   ] Safepoint "G1PauseRemark", Time since last: 293516030 ns, Reaching safepoint: 1160275 ns, Cleanup: 4337 ns, At safepoint: 163325890 ns, Total: 164490502 ns
[2025-10-13T19:55:22.971-0700][1089 ][info ][gc,marking  ] GC(332) Concurrent Mark 390.900ms
[2025-10-13T19:55:22.971-0700][1089 ][info ][gc,marking  ] GC(332) Concurrent Rebuild Remembered Sets and Scrub Regions
[2025-10-13T19:55:23.343-0700][1089 ][info ][gc,marking  ] GC(332) Concurrent Rebuild Remembered Sets and Scrub Regions 371.984ms
[2025-10-13T19:55:23.362-0700][1256 ][info ][gc,start    ] GC(332) Pause Cleanup
[2025-10-13T19:55:23.364-0700][1256 ][info ][gc          ] GC(332) Pause Cleanup 50565M->50565M(184320M) 1.953ms
[2025-10-13T19:55:23.365-0700][1256 ][info ][gc,cpu      ] GC(332) User=0.01s Sys=0.01s Real=0.00s
[2025-10-13T19:55:23.366-0700][1256 ][info ][safepoint   ] Safepoint "G1PauseCleanup", Time since last: 372176928 ns, Reaching safepoint: 17108053 ns, Cleanup: 37768 ns, At safepoint: 6248173 ns, Total: 23393994 ns
[2025-10-13T19:55:23.366-0700][1089 ][info ][gc,marking  ] GC(332) Concurrent Clear Claimed Marks
[2025-10-13T19:55:23.368-0700][1089 ][info ][gc,marking  ] GC(332) Concurrent Clear Claimed Marks 1.759ms
[2025-10-13T19:55:23.368-0700][1089 ][info ][gc,marking  ] GC(332) Concurrent Cleanup for Next Mark
[2025-10-13T19:55:23.412-0700][1089 ][info ][gc,marking  ] GC(332) Concurrent Cleanup for Next Mark 43.714ms
[2025-10-13T19:55:23.412-0700][1089 ][info ][gc          ] GC(332) Concurrent Mark Cycle 902.726ms
[2025-10-13T19:55:24.416-0700][1256 ][info ][gc,start    ] GC(333) Pause Young (Prepare Mixed) (G1 Evacuation Pause)
[2025-10-13T19:55:24.417-0700][1256 ][info ][gc,task     ] GC(333) Using 113 workers of 113 for evacuation
[2025-10-13T19:55:24.429-0700][1256 ][debug][gc,remset   ] GC(333) Visited cards 8142080 Total dirty 50397184 (16.16%) Total old 251854848 (3.23%)
[2025-10-13T19:55:24.583-0700][1256 ][info ][gc,phases   ] GC(333)   Pre Evacuate Collection Set: 0.7ms
[2025-10-13T19:55:24.583-0700][1256 ][info ][gc,phases   ] GC(333)   Merge Heap Roots: 11.4ms
[2025-10-13T19:55:24.583-0700][1256 ][info ][gc,phases   ] GC(333)   Evacuate Collection Set: 146.7ms
[2025-10-13T19:55:24.583-0700][1256 ][info ][gc,phases   ] GC(333)   Post Evacuate Collection Set: 7.5ms
[2025-10-13T19:55:24.583-0700][1256 ][info ][gc,phases   ] GC(333)   Other: 0.1ms
[2025-10-13T19:55:24.583-0700][1256 ][debug][gc,remset   ] GC(333) Coarsening (recent): Inline->AoC 111955 (0) AoC->Howl 5510 (0) Howl->Full 0 (0) Inline->AoC 21245 (0) AoC->BitMap 6759 (0) BitMap->Full 0 (0) 
[2025-10-13T19:55:24.583-0700][1256 ][debug][gc,remset   ] GC(333) Coarsening (all): Inline->AoC 10601443 (222) AoC->Howl 196317 (852) Howl->Full 0 (0) Inline->AoC 757108 (287) AoC->BitMap 228435 (710) BitMap->Full 19 (0) 
[2025-10-13T19:55:24.583-0700][1256 ][info ][gc,heap     ] GC(333) Eden regions: 1290->0(2256)
[2025-10-13T19:55:24.583-0700][1256 ][info ][gc,heap     ] GC(333) Survivor regions: 231->127(191)
[2025-10-13T19:55:24.583-0700][1256 ][info ][gc,heap     ] GC(333) Old regions: 794->937
[2025-10-13T19:55:24.583-0700][1256 ][info ][gc,heap     ] GC(333) Humongous regions: 7->0
[2025-10-13T19:55:24.583-0700][1256 ][info ][gc,metaspace] GC(333) Metaspace: 322391K(328768K)->322391K(328768K) NonClass: 283892K(287360K)->283892K(287360K) Class: 38499K(41408K)->38499K(41408K)
[2025-10-13T19:55:24.583-0700][1256 ][info ][gc          ] GC(333) Pause Young (Prepare Mixed) (G1 Evacuation Pause) 74277M->34021M(184320M) 166.633ms
[2025-10-13T19:55:24.585-0700][1256 ][info ][gc,cpu      ] GC(333) User=16.40s Sys=0.12s Real=0.17s
[2025-10-13T19:55:24.586-0700][1256 ][info ][safepoint   ] Safepoint "G1CollectForAllocation", Time since last: 1047338891 ns, Reaching safepoint: 933111 ns, Cleanup: 5348 ns, At safepoint: 171445966 ns, Total: 172384425 ns
[2025-10-13T19:55:25.588-0700][1256 ][info ][safepoint   ] Safepoint "Cleanup", Time since last: 1000118741 ns, Reaching safepoint: 1572809 ns, Cleanup: 11467 ns, At safepoint: 99461 ns, Total: 1683737 ns
[2025-10-13T19:55:28.284-0700][1256 ][info ][gc,start    ] GC(334) Pause Young (Mixed) (G1 Evacuation Pause)
[2025-10-13T19:55:28.284-0700][1256 ][info ][gc,task     ] GC(334) Using 113 workers of 113 for evacuation
[2025-10-13T19:55:28.298-0700][1256 ][debug][gc,remset   ] GC(334) Visited cards 9413888 Total dirty 57933824 (16.25%) Total old 414187520 (2.27%)
[2025-10-13T19:55:28.429-0700][1256 ][info ][gc,phases   ] GC(334)   Pre Evacuate Collection Set: 0.8ms
[2025-10-13T19:55:28.430-0700][1256 ][info ][gc,phases   ] GC(334)   Merge Heap Roots: 13.0ms
[2025-10-13T19:55:28.430-0700][1256 ][info ][gc,phases   ] GC(334)   Evacuate Collection Set: 123.0ms
[2025-10-13T19:55:28.430-0700][1256 ][info ][gc,phases   ] GC(334)   Post Evacuate Collection Set: 8.3ms
[2025-10-13T19:55:28.430-0700][1256 ][info ][gc,phases   ] GC(334)   Other: 0.2ms
[2025-10-13T19:55:28.430-0700][1256 ][debug][gc,remset   ] GC(334) Coarsening (recent): Inline->AoC 0 (0) AoC->Howl 0 (0) Howl->Full 0 (0) Inline->AoC 0 (0) AoC->BitMap 0 (0) BitMap->Full 0 (0) 
[2025-10-13T19:55:28.430-0700][1256 ][debug][gc,remset   ] GC(334) Coarsening (all): Inline->AoC 10601443 (222) AoC->Howl 196317 (852) Howl->Full 0 (0) Inline->AoC 757108 (287) AoC->BitMap 228435 (710) BitMap->Full 19 (0) 
[2025-10-13T19:55:28.430-0700][1256 ][info ][gc,heap     ] GC(334) Eden regions: 2549->0(1377)
[2025-10-13T19:55:28.430-0700][1256 ][info ][gc,heap     ] GC(334) Survivor regions: 127->218(335)
[2025-10-13T19:55:28.430-0700][1256 ][info ][gc,heap     ] GC(334) Old regions: 937->925
[2025-10-13T19:55:28.430-0700][1256 ][info ][gc,heap     ] GC(334) Humongous regions: 2->0
[2025-10-13T19:55:28.430-0700][1256 ][info ][gc,metaspace] GC(334) Metaspace: 322391K(328768K)->322391K(328768K) NonClass: 283892K(287360K)->283892K(287360K) Class: 38499K(41408K)->38499K(41408K)
[2025-10-13T19:55:28.430-0700][1256 ][info ][gc          ] GC(334) Pause Young (Mixed) (G1 Evacuation Pause) 115653M->36574M(184320M) 145.379ms
[2025-10-13T19:55:28.431-0700][1256 ][info ][gc,cpu      ] GC(334) User=13.71s Sys=0.02s Real=0.15s
[2025-10-13T19:55:28.433-0700][1256 ][info ][safepoint   ] Safepoint "G1CollectForAllocation", Time since last: 2693611377 ns, Reaching safepoint: 820351 ns, Cleanup: 4477 ns, At safepoint: 150334305 ns, Total: 151159133 ns
[2025-10-13T19:55:31.919-0700][1256 ][info ][gc,start    ] GC(335) Pause Young (Mixed) (G1 Evacuation Pause)
[2025-10-13T19:55:31.919-0700][1256 ][info ][gc,task     ] GC(335) Using 113 workers of 113 for evacuation
[2025-10-13T19:55:31.932-0700][1256 ][debug][gc,remset   ] GC(335) Visited cards 9744640 Total dirty 57737216 (16.88%) Total old 311033856 (3.13%)
[2025-10-13T19:55:32.082-0700][1256 ][info ][gc,phases   ] GC(335)   Pre Evacuate Collection Set: 0.7ms
[2025-10-13T19:55:32.082-0700][1256 ][info ][gc,phases   ] GC(335)   Merge Heap Roots: 11.9ms
[2025-10-13T19:55:32.082-0700][1256 ][info ][gc,phases   ] GC(335)   Evacuate Collection Set: 142.9ms
[2025-10-13T19:55:32.082-0700][1256 ][info ][gc,phases   ] GC(335)   Post Evacuate Collection Set: 7.3ms
[2025-10-13T19:55:32.082-0700][1256 ][info ][gc,phases   ] GC(335)   Other: 0.1ms
[2025-10-13T19:55:32.082-0700][1256 ][debug][gc,remset   ] GC(335) Coarsening (recent): Inline->AoC 4486 (0) AoC->Howl 11 (0) Howl->Full 0 (0) Inline->AoC 44 (0) AoC->BitMap 5 (0) BitMap->Full 0 (0) 
[2025-10-13T19:55:32.082-0700][1256 ][debug][gc,remset   ] GC(335) Coarsening (all): Inline->AoC 10605929 (222) AoC->Howl 196328 (852) Howl->Full 0 (0) Inline->AoC 757152 (287) AoC->BitMap 228440 (710) BitMap->Full 19 (0) 
[2025-10-13T19:55:32.082-0700][1256 ][info ][gc,heap     ] GC(335) Eden regions: 1676->0(2625)
[2025-10-13T19:55:32.082-0700][1256 ][info ][gc,heap     ] GC(335) Survivor regions: 218->115(237)
[2025-10-13T19:55:32.082-0700][1256 ][info ][gc,heap     ] GC(335) Old regions: 925->1067
[2025-10-13T19:55:32.082-0700][1256 ][info ][gc,heap     ] GC(335) Humongous regions: 4->0
[2025-10-13T19:55:32.082-0700][1256 ][info ][gc,metaspace] GC(335) Metaspace: 322397K(328768K)->322397K(328768K) NonClass: 283897K(287360K)->283897K(287360K) Class: 38499K(41408K)->38499K(41408K)
[2025-10-13T19:55:32.082-0700][1256 ][info ][gc          ] GC(335) Pause Young (Mixed) (G1 Evacuation Pause) 90334M->37789M(184320M) 163.116ms
[2025-10-13T19:55:32.084-0700][1256 ][info ][gc,cpu      ] GC(335) User=17.00s Sys=0.00s Real=0.17s
[2025-10-13T19:55:32.085-0700][1256 ][info ][safepoint   ] Safepoint "G1CollectForAllocation", Time since last: 3484124869 ns, Reaching safepoint: 722564 ns, Cleanup: 4496 ns, At safepoint: 167894323 ns, Total: 168621383 ns
[2025-10-13T19:55:47.126-0700][1256 ][info ][gc,start    ] GC(336) Pause Young (Mixed) (G1 Evacuation Pause)
[2025-10-13T19:55:47.126-0700][1256 ][info ][gc,task     ] GC(336) Using 113 workers of 113 for evacuation
[2025-10-13T19:55:47.140-0700][1256 ][debug][gc,remset   ] GC(336) Visited cards 12736512 Total dirty 66584576 (19.13%) Total old 461111296 (2.76%)
[2025-10-13T19:55:47.238-0700][1256 ][info ][gc,phases   ] GC(336)   Pre Evacuate Collection Set: 0.8ms
[2025-10-13T19:55:47.238-0700][1256 ][info ][gc,phases   ] GC(336)   Merge Heap Roots: 13.7ms
[2025-10-13T19:55:47.238-0700][1256 ][info ][gc,phases   ] GC(336)   Evacuate Collection Set: 88.0ms
[2025-10-13T19:55:47.238-0700][1256 ][info ][gc,phases   ] GC(336)   Post Evacuate Collection Set: 9.3ms
[2025-10-13T19:55:47.238-0700][1256 ][info ][gc,phases   ] GC(336)   Other: 0.2ms
[2025-10-13T19:55:47.238-0700][1256 ][debug][gc,remset   ] GC(336) Coarsening (recent): Inline->AoC 7085 (0) AoC->Howl 43 (0) Howl->Full 0 (0) Inline->AoC 97 (0) AoC->BitMap 33 (0) BitMap->Full 0 (0) 
[2025-10-13T19:55:47.238-0700][1256 ][debug][gc,remset   ] GC(336) Coarsening (all): Inline->AoC 10613014 (222) AoC->Howl 196371 (852) Howl->Full 0 (0) Inline->AoC 757249 (287) AoC->BitMap 228473 (710) BitMap->Full 19 (0) 
[2025-10-13T19:55:47.238-0700][1256 ][info ][gc,heap     ] GC(336) Eden regions: 2855->0(2630)
[2025-10-13T19:55:47.238-0700][1256 ][info ][gc,heap     ] GC(336) Survivor regions: 115->159(372)
[2025-10-13T19:55:47.238-0700][1256 ][info ][gc,heap     ] GC(336) Old regions: 1067->1060
[2025-10-13T19:55:47.238-0700][1256 ][info ][gc,heap     ] GC(336) Humongous regions: 0->0
[2025-10-13T19:55:47.238-0700][1256 ][info ][gc,metaspace] GC(336) Metaspace: 322397K(328768K)->322397K(328768K) NonClass: 283897K(287360K)->283897K(287360K) Class: 38499K(41408K)->38499K(41408K)
[2025-10-13T19:55:47.238-0700][1256 ][info ][gc          ] GC(336) Pause Young (Mixed) (G1 Evacuation Pause) 129149M->39008M(184320M) 112.137ms
[2025-10-13T19:55:47.240-0700][1256 ][info ][gc,cpu      ] GC(336) User=10.41s Sys=0.09s Real=0.11s
[2025-10-13T19:55:47.241-0700][1256 ][info ][safepoint   ] Safepoint "G1CollectForAllocation", Time since last: 15038084468 ns, Reaching safepoint: 692257 ns, Cleanup: 3946 ns, At safepoint: 116928425 ns, Total: 117624628 ns
[2025-10-13T19:55:50.242-0700][1256 ][info ][safepoint   ] Safepoint "Cleanup", Time since last: 3000287689 ns, Reaching safepoint: 804878 ns, Cleanup: 15864 ns, At safepoint: 123346 ns, Total: 944088 ns
[2025-10-13T19:55:54.244-0700][1256 ][info ][safepoint   ] Safepoint "Cleanup", Time since last: 4000349927 ns, Reaching safepoint: 800631 ns, Cleanup: 32048 ns, At safepoint: 116286 ns, Total: 948965 ns
[2025-10-13T19:55:55.245-0700][1256 ][info ][safepoint   ] Safepoint "Cleanup", Time since last: 1000105784 ns, Reaching safepoint: 846421 ns, Cleanup: 14231 ns, At safepoint: 139271 ns, Total: 999923 ns
[2025-10-13T19:55:56.246-0700][1256 ][info ][safepoint   ] Safepoint "Cleanup", Time since last: 1000101968 ns, Reaching safepoint: 660269 ns, Cleanup: 10225 ns, At safepoint: 74924 ns, Total: 745418 ns
[2025-10-13T19:55:57.247-0700][1256 ][info ][safepoint   ] Safepoint "Cleanup", Time since last: 1000103511 ns, Reaching safepoint: 729523 ns, Cleanup: 12028 ns, At safepoint: 131239 ns, Total: 872790 ns
[2025-10-13T19:55:58.248-0700][1256 ][info ][safepoint   ] Safepoint "Cleanup", Time since last: 1000113846 ns, Reaching safepoint: 798067 ns, Cleanup: 22975 ns, At safepoint: 120692 ns, Total: 941734 ns
[2025-10-13T19:55:59.249-0700][1256 ][info ][safepoint   ] Safepoint "Cleanup", Time since last: 1000110943 ns, Reaching safepoint: 722873 ns, Cleanup: 12950 ns, At safepoint: 77557 ns, Total: 813380 ns
[2025-10-13T19:56:00.250-0700][1256 ][info ][safepoint   ] Safepoint "Cleanup", Time since last: 1000100616 ns, Reaching safepoint: 677515 ns, Cleanup: 10626 ns, At safepoint: 145260 ns, Total: 833401 ns
[2025-10-13T19:56:01.237-0700][1256 ][info ][gc,start    ] GC(337) Pause Young (Mixed) (G1 Evacuation Pause)
[2025-10-13T19:56:01.237-0700][1256 ][info ][gc,task     ] GC(337) Using 113 workers of 113 for evacuation
[2025-10-13T19:56:01.251-0700][1256 ][debug][gc,remset   ] GC(337) Visited cards 12676608 Total dirty 66846720 (18.96%) Total old 451280896 (2.81%)
[2025-10-13T19:56:01.360-0700][1256 ][info ][gc,phases   ] GC(337)   Pre Evacuate Collection Set: 0.7ms
[2025-10-13T19:56:01.360-0700][1256 ][info ][gc,phases   ] GC(337)   Merge Heap Roots: 13.6ms
[2025-10-13T19:56:01.360-0700][1256 ][info ][gc,phases   ] GC(337)   Evacuate Collection Set: 97.4ms
[2025-10-13T19:56:01.360-0700][1256 ][info ][gc,phases   ] GC(337)   Post Evacuate Collection Set: 11.1ms
[2025-10-13T19:56:01.360-0700][1256 ][info ][gc,phases   ] GC(337)   Other: 0.2ms
[2025-10-13T19:56:01.360-0700][1256 ][debug][gc,remset   ] GC(337) Coarsening (recent): Inline->AoC 27813 (0) AoC->Howl 89 (0) Howl->Full 0 (0) Inline->AoC 295 (0) AoC->BitMap 48 (0) BitMap->Full 0 (0) 
[2025-10-13T19:56:01.360-0700][1256 ][debug][gc,remset   ] GC(337) Coarsening (all): Inline->AoC 10640827 (222) AoC->Howl 196460 (852) Howl->Full 0 (0) Inline->AoC 757544 (287) AoC->BitMap 228521 (710) BitMap->Full 19 (0) 
[2025-10-13T19:56:01.360-0700][1256 ][info ][gc,heap     ] GC(337) Eden regions: 2739->0(2659)
[2025-10-13T19:56:01.360-0700][1256 ][info ][gc,heap     ] GC(337) Survivor regions: 159->196(363)
[2025-10-13T19:56:01.360-0700][1256 ][info ][gc,heap     ] GC(337) Old regions: 1060->1039
[2025-10-13T19:56:01.360-0700][1256 ][info ][gc,heap     ] GC(337) Humongous regions: 1->0
[2025-10-13T19:56:01.360-0700][1256 ][info ][gc,metaspace] GC(337) Metaspace: 322406K(328768K)->322406K(328768K) NonClass: 283906K(287360K)->283906K(287360K) Class: 38499K(41408K)->38499K(41408K)
[2025-10-13T19:56:01.360-0700][1256 ][info ][gc          ] GC(337) Pause Young (Mixed) (G1 Evacuation Pause) 126688M->39490M(184320M) 123.182ms
[2025-10-13T19:56:01.362-0700][1256 ][info ][gc,cpu      ] GC(337) User=12.40s Sys=0.10s Real=0.13s
[2025-10-13T19:56:01.363-0700][1256 ][info ][safepoint   ] Safepoint "G1CollectForAllocation", Time since last: 984977984 ns, Reaching safepoint: 793420 ns, Cleanup: 19099 ns, At safepoint: 127980727 ns, Total: 128793246 ns
[2025-10-13T19:56:02.364-0700][1256 ][info ][safepoint   ] Safepoint "Cleanup", Time since last: 1000109580 ns, Reaching safepoint: 777216 ns, Cleanup: 23065 ns, At safepoint: 88764 ns, Total: 889045 ns
[2025-10-13T19:56:04.347-0700][1256 ][info ][safepoint   ] Safepoint "Cleanup", Time since last: 1982221609 ns, Reaching safepoint: 826050 ns, Cleanup: 14001 ns, At safepoint: 96666 ns, Total: 936717 ns
[2025-10-13T19:56:06.349-0700][1256 ][info ][safepoint   ] Safepoint "Cleanup", Time since last: 2000217297 ns, Reaching safepoint: 775643 ns, Cleanup: 15043 ns, At safepoint: 109275 ns, Total: 899961 ns
[2025-10-13T19:56:07.349-0700][1256 ][info ][safepoint   ] Safepoint "Cleanup", Time since last: 1000120136 ns, Reaching safepoint: 692838 ns, Cleanup: 14322 ns, At safepoint: 72009 ns, Total: 779169 ns
[2025-10-13T19:56:08.350-0700][1256 ][info ][safepoint   ] Safepoint "Cleanup", Time since last: 1000128669 ns, Reaching safepoint: 741231 ns, Cleanup: 12489 ns, At safepoint: 77187 ns, Total: 830907 ns
[2025-10-13T19:56:13.352-0700][1256 ][info ][safepoint   ] Safepoint "Cleanup", Time since last: 5000416742 ns, Reaching safepoint: 761732 ns, Cleanup: 15193 ns, At safepoint: 112249 ns, Total: 889174 ns
[2025-10-13T19:56:17.353-0700][1256 ][info ][safepoint   ] Safepoint "Cleanup", Time since last: 4000379151 ns, Reaching safepoint: 734932 ns, Cleanup: 13270 ns, At safepoint: 72479 ns, Total: 820681 ns
[2025-10-13T19:56:19.031-0700][1256 ][info ][gc,start    ] GC(338) Pause Young (Mixed) (G1 Evacuation Pause)
[2025-10-13T19:56:19.031-0700][1256 ][info ][gc,task     ] GC(338) Using 113 workers of 113 for evacuation
[2025-10-13T19:56:19.045-0700][1256 ][debug][gc,remset   ] GC(338) Visited cards 12634880 Total dirty 65470464 (19.30%) Total old 459014144 (2.75%)
[2025-10-13T19:56:19.150-0700][1256 ][info ][gc,phases   ] GC(338)   Pre Evacuate Collection Set: 0.8ms
[2025-10-13T19:56:19.150-0700][1256 ][info ][gc,phases   ] GC(338)   Merge Heap Roots: 13.6ms
[2025-10-13T19:56:19.150-0700][1256 ][info ][gc,phases   ] GC(338)   Evacuate Collection Set: 92.7ms
[2025-10-13T19:56:19.150-0700][1256 ][info ][gc,phases   ] GC(338)   Post Evacuate Collection Set: 11.4ms
[2025-10-13T19:56:19.150-0700][1256 ][info ][gc,phases   ] GC(338)   Other: 0.2ms
[2025-10-13T19:56:19.150-0700][1256 ][debug][gc,remset   ] GC(338) Coarsening (recent): Inline->AoC 30356 (0) AoC->Howl 90 (0) Howl->Full 0 (0) Inline->AoC 417 (0) AoC->BitMap 39 (0) BitMap->Full 0 (0) 
[2025-10-13T19:56:19.150-0700][1256 ][debug][gc,remset   ] GC(338) Coarsening (all): Inline->AoC 10671183 (222) AoC->Howl 196550 (852) Howl->Full 0 (0) Inline->AoC 757961 (287) AoC->BitMap 228560 (710) BitMap->Full 19 (0) 
[2025-10-13T19:56:19.150-0700][1256 ][info ][gc,heap     ] GC(338) Eden regions: 2771->0(3284)
[2025-10-13T19:56:19.150-0700][1256 ][info ][gc,heap     ] GC(338) Survivor regions: 196->172(371)
[2025-10-13T19:56:19.150-0700][1256 ][info ][gc,heap     ] GC(338) Old regions: 1039->1014
[2025-10-13T19:56:19.150-0700][1256 ][info ][gc,heap     ] GC(338) Humongous regions: 2->0
[2025-10-13T19:56:19.150-0700][1256 ][info ][gc,metaspace] GC(338) Metaspace: 322423K(328768K)->322423K(328768K) NonClass: 283924K(287360K)->283924K(287360K) Class: 38499K(41408K)->38499K(41408K)
[2025-10-13T19:56:19.150-0700][1256 ][info ][gc          ] GC(338) Pause Young (Mixed) (G1 Evacuation Pause) 128226M->37937M(184320M) 119.026ms
[2025-10-13T19:56:19.151-0700][1256 ][info ][gc,cpu      ] GC(338) User=12.24s Sys=0.12s Real=0.12s
[2025-10-13T19:56:19.153-0700][1256 ][info ][safepoint   ] Safepoint "G1CollectForAllocation", Time since last: 1675146617 ns, Reaching safepoint: 870847 ns, Cleanup: 8573 ns, At safepoint: 123677859 ns, Total: 124557279 ns
[2025-10-13T19:56:22.154-0700][1256 ][info ][safepoint   ] Safepoint "Cleanup", Time since last: 3000278184 ns, Reaching safepoint: 786309 ns, Cleanup: 23165 ns, At safepoint: 110648 ns, Total: 920122 ns
[2025-10-13T19:56:23.155-0700][1256 ][info ][safepoint   ] Safepoint "Cleanup", Time since last: 1000138554 ns, Reaching safepoint: 749073 ns, Cleanup: 11747 ns, At safepoint: 70006 ns, Total: 830826 ns
[2025-10-13T19:56:40.157-0700][1256 ][info ][safepoint   ] Safepoint "Cleanup", Time since last: 17001396265 ns, Reaching safepoint: 713890 ns, Cleanup: 18027 ns, At safepoint: 105620 ns, Total: 837537 ns
[2025-10-13T19:56:42.158-0700][1256 ][info ][safepoint   ] Safepoint "Cleanup", Time since last: 2000217568 ns, Reaching safepoint: 725587 ns, Cleanup: 11928 ns, At safepoint: 109596 ns, Total: 847111 ns
[2025-10-13T19:56:48.825-0700][1256 ][info ][gc,start    ] GC(339) Pause Young (Mixed) (G1 Evacuation Pause)
[2025-10-13T19:56:48.825-0700][1256 ][info ][gc,task     ] GC(339) Using 113 workers of 113 for evacuation
[2025-10-13T19:56:48.838-0700][1256 ][debug][gc,remset   ] GC(339) Visited cards 13005824 Total dirty 62980096 (20.65%) Total old 522125312 (2.49%)
[2025-10-13T19:56:48.938-0700][1256 ][debug][gc,remset   ] GC(339) Visited cards 664576 Total dirty 38928384 (1.71%) Total old 534511616 (0.12%)
[2025-10-13T19:56:48.957-0700][1256 ][info ][gc,phases   ] GC(339)   Pre Evacuate Collection Set: 0.7ms
[2025-10-13T19:56:48.957-0700][1256 ][info ][gc,phases   ] GC(339)   Merge Heap Roots: 12.4ms
[2025-10-13T19:56:48.957-0700][1256 ][info ][gc,phases   ] GC(339)   Evacuate Collection Set: 98.9ms
[2025-10-13T19:56:48.957-0700][1256 ][info ][gc,phases   ] GC(339)   Merge Optional Heap Roots: 0.9ms
[2025-10-13T19:56:48.957-0700][1256 ][info ][gc,phases   ] GC(339)   Evacuate Optional Collection Set: 5.4ms
[2025-10-13T19:56:48.957-0700][1256 ][info ][gc,phases   ] GC(339)   Post Evacuate Collection Set: 12.8ms
[2025-10-13T19:56:48.957-0700][1256 ][info ][gc,phases   ] GC(339)   Other: 0.2ms
[2025-10-13T19:56:48.957-0700][1256 ][debug][gc,remset   ] GC(339) Coarsening (recent): Inline->AoC 36408 (0) AoC->Howl 126 (0) Howl->Full 0 (0) Inline->AoC 613 (0) AoC->BitMap 75 (0) BitMap->Full 0 (0) 
[2025-10-13T19:56:48.957-0700][1256 ][debug][gc,remset   ] GC(339) Coarsening (all): Inline->AoC 10707591 (222) AoC->Howl 196676 (852) Howl->Full 0 (0) Inline->AoC 758574 (287) AoC->BitMap 228635 (710) BitMap->Full 19 (0) 
[2025-10-13T19:56:48.957-0700][1256 ][info ][gc,heap     ] GC(339) Eden regions: 3284->0(3282)
[2025-10-13T19:56:48.957-0700][1256 ][info ][gc,heap     ] GC(339) Survivor regions: 172->174(432)
[2025-10-13T19:56:48.957-0700][1256 ][info ][gc,heap     ] GC(339) Old regions: 1014->970
[2025-10-13T19:56:48.957-0700][1256 ][info ][gc,heap     ] GC(339) Humongous regions: 1->0
[2025-10-13T19:56:48.957-0700][1256 ][info ][gc,metaspace] GC(339) Metaspace: 322428K(328768K)->322428K(328768K) NonClass: 283929K(287360K)->283929K(287360K) Class: 38499K(41408K)->38499K(41408K)
[2025-10-13T19:56:48.957-0700][1256 ][info ][gc          ] GC(339) Pause Young (Mixed) (G1 Evacuation Pause) 143057M->36601M(184320M) 131.603ms
[2025-10-13T19:56:48.959-0700][1256 ][info ][gc,cpu      ] GC(339) User=12.30s Sys=0.43s Real=0.13s
[2025-10-13T19:56:48.960-0700][1256 ][info ][safepoint   ] Safepoint "G1CollectForAllocation", Time since last: 6664601108 ns, Reaching safepoint: 832179 ns, Cleanup: 5288 ns, At safepoint: 136256825 ns, Total: 137094292 ns
[2025-10-13T19:56:54.961-0700][1256 ][info ][safepoint   ] Safepoint "Cleanup", Time since last: 6000468895 ns, Reaching safepoint: 746589 ns, Cleanup: 17136 ns, At safepoint: 89685 ns, Total: 853410 ns
[2025-10-13T19:57:13.368-0700][1256 ][info ][safepoint   ] Safepoint "Cleanup", Time since last: 18406067555 ns, Reaching safepoint: 725405 ns, Cleanup: 15824 ns, At safepoint: 119600 ns, Total: 860829 ns
[2025-10-13T19:57:18.369-0700][1256 ][info ][safepoint   ] Safepoint "Cleanup", Time since last: 5000402191 ns, Reaching safepoint: 637325 ns, Cleanup: 16474 ns, At safepoint: 99211 ns, Total: 753010 ns
[2025-10-13T19:57:25.877-0700][1256 ][info ][gc,start    ] GC(340) Pause Young (Mixed) (G1 Evacuation Pause)
[2025-10-13T19:57:25.877-0700][1256 ][info ][gc,task     ] GC(340) Using 113 workers of 113 for evacuation
[2025-10-13T19:57:25.890-0700][1256 ][debug][gc,remset   ] GC(340) Visited cards 13124608 Total dirty 61407232 (21.37%) Total old 518717440 (2.53%)
[2025-10-13T19:57:25.995-0700][1256 ][info ][gc,phases   ] GC(340)   Pre Evacuate Collection Set: 0.8ms
[2025-10-13T19:57:25.995-0700][1256 ][info ][gc,phases   ] GC(340)   Merge Heap Roots: 11.9ms
[2025-10-13T19:57:25.995-0700][1256 ][info ][gc,phases   ] GC(340)   Evacuate Collection Set: 93.1ms
[2025-10-13T19:57:25.995-0700][1256 ][info ][gc,phases   ] GC(340)   Post Evacuate Collection Set: 11.8ms
[2025-10-13T19:57:25.995-0700][1256 ][info ][gc,phases   ] GC(340)   Other: 0.2ms
[2025-10-13T19:57:25.995-0700][1256 ][debug][gc,remset   ] GC(340) Coarsening (recent): Inline->AoC 33031 (0) AoC->Howl 79 (0) Howl->Full 0 (0) Inline->AoC 399 (0) AoC->BitMap 45 (0) BitMap->Full 0 (0) 
[2025-10-13T19:57:25.995-0700][1256 ][debug][gc,remset   ] GC(340) Coarsening (all): Inline->AoC 10740622 (222) AoC->Howl 196755 (852) Howl->Full 0 (0) Inline->AoC 758973 (287) AoC->BitMap 228680 (710) BitMap->Full 19 (0) 
[2025-10-13T19:57:25.995-0700][1256 ][info ][gc,heap     ] GC(340) Eden regions: 3282->0(3297)
[2025-10-13T19:57:25.995-0700][1256 ][info ][gc,heap     ] GC(340) Survivor regions: 174->159(432)
[2025-10-13T19:57:25.995-0700][1256 ][info ][gc,heap     ] GC(340) Old regions: 970->943
[2025-10-13T19:57:25.995-0700][1256 ][info ][gc,heap     ] GC(340) Humongous regions: 1->0
[2025-10-13T19:57:25.995-0700][1256 ][info ][gc,metaspace] GC(340) Metaspace: 322433K(328768K)->322433K(328768K) NonClass: 283930K(287360K)->283930K(287360K) Class: 38503K(41408K)->38503K(41408K)
[2025-10-13T19:57:25.995-0700][1256 ][info ][gc          ] GC(340) Pause Young (Mixed) (G1 Evacuation Pause) 141657M->35226M(184320M) 117.940ms
[2025-10-13T19:57:25.997-0700][1256 ][info ][gc,cpu      ] GC(340) User=10.72s Sys=0.25s Real=0.12s
[2025-10-13T19:57:25.998-0700][1256 ][info ][safepoint   ] Safepoint "G1CollectForAllocation", Time since last: 7505230845 ns, Reaching safepoint: 787281 ns, Cleanup: 4306 ns, At safepoint: 122371600 ns, Total: 123163187 ns
[2025-10-13T19:57:39.423-0700][1256 ][info ][gc,start    ] GC(341) Pause Young (Concurrent Start) (G1 Humongous Allocation)
[2025-10-13T19:57:39.423-0700][1256 ][info ][gc,task     ] GC(341) Using 113 workers of 113 for evacuation
[2025-10-13T19:57:39.434-0700][1256 ][debug][gc,remset   ] GC(341) Visited cards 11111168 Total dirty 60489728 (18.37%) Total old 131530752 (8.45%)
[2025-10-13T19:57:39.522-0700][1256 ][info ][gc,phases   ] GC(341)   Pre Evacuate Collection Set: 1.1ms
[2025-10-13T19:57:39.522-0700][1256 ][info ][gc,phases   ] GC(341)   Merge Heap Roots: 9.7ms
[2025-10-13T19:57:39.522-0700][1256 ][info ][gc,phases   ] GC(341)   Evacuate Collection Set: 81.8ms
[2025-10-13T19:57:39.522-0700][1256 ][info ][gc,phases   ] GC(341)   Post Evacuate Collection Set: 6.8ms
[2025-10-13T19:57:39.522-0700][1256 ][info ][gc,phases   ] GC(341)   Other: 0.1ms
[2025-10-13T19:57:39.522-0700][1256 ][debug][gc,remset   ] GC(341) Coarsening (recent): Inline->AoC 0 (0) AoC->Howl 0 (0) Howl->Full 0 (0) Inline->AoC 0 (0) AoC->BitMap 0 (0) BitMap->Full 0 (0) 
[2025-10-13T19:57:39.522-0700][1256 ][debug][gc,remset   ] GC(341) Coarsening (all): Inline->AoC 10740622 (222) AoC->Howl 196755 (852) Howl->Full 0 (0) Inline->AoC 758973 (287) AoC->BitMap 228680 (710) BitMap->Full 19 (0) 
[2025-10-13T19:57:39.522-0700][1256 ][info ][gc,heap     ] GC(341) Eden regions: 373->0(3293)
[2025-10-13T19:57:39.522-0700][1256 ][info ][gc,heap     ] GC(341) Survivor regions: 159->163(432)
[2025-10-13T19:57:39.522-0700][1256 ][info ][gc,heap     ] GC(341) Old regions: 943->943
[2025-10-13T19:57:39.522-0700][1256 ][info ][gc,heap     ] GC(341) Humongous regions: 0->0
[2025-10-13T19:57:39.522-0700][1256 ][info ][gc,metaspace] GC(341) Metaspace: 322433K(328768K)->322433K(328768K) NonClass: 283930K(287360K)->283930K(287360K) Class: 38503K(41408K)->38503K(41408K)
[2025-10-13T19:57:39.522-0700][1256 ][info ][gc          ] GC(341) Pause Young (Concurrent Start) (G1 Humongous Allocation) 47157M->35353M(184320M) 99.790ms
[2025-10-13T19:57:39.523-0700][1089 ][info ][gc          ] GC(342) Concurrent Mark Cycle
[2025-10-13T19:57:39.523-0700][1089 ][info ][gc,marking  ] GC(342) Concurrent Scan Root Regions
[2025-10-13T19:57:39.525-0700][1256 ][info ][gc,cpu      ] GC(341) User=10.41s Sys=0.07s Real=0.10s
[2025-10-13T19:57:39.526-0700][1256 ][info ][safepoint   ] Safepoint "G1TryInitiateConcMark", Time since last: 13422543684 ns, Reaching safepoint: 724186 ns, Cleanup: 4657 ns, At safepoint: 105042513 ns, Total: 105771356 ns
[2025-10-13T19:57:39.556-0700][1089 ][info ][gc,marking  ] GC(342) Concurrent Scan Root Regions 32.976ms
[2025-10-13T19:57:39.556-0700][1089 ][info ][gc,marking  ] GC(342) Concurrent Mark
[2025-10-13T19:57:39.556-0700][1089 ][info ][gc,marking  ] GC(342) Concurrent Mark From Roots
[2025-10-13T19:57:39.556-0700][1089 ][info ][gc,task     ] GC(342) Using 36 workers of 36 for marking
[2025-10-13T19:57:39.712-0700][1089 ][info ][gc,marking  ] GC(342) Concurrent Mark From Roots 156.523ms
[2025-10-13T19:57:39.712-0700][1089 ][info ][gc,marking  ] GC(342) Concurrent Preclean
[2025-10-13T19:57:39.718-0700][1089 ][info ][gc,marking  ] GC(342) Concurrent Preclean 6.008ms
[2025-10-13T19:57:39.721-0700][1256 ][info ][gc,start    ] GC(342) Pause Remark
[2025-10-13T19:57:39.760-0700][1256 ][info ][gc          ] GC(342) Pause Remark 36945M->36881M(184320M) 39.342ms
[2025-10-13T19:57:39.762-0700][1256 ][info ][gc,cpu      ] GC(342) User=1.50s Sys=0.11s Real=0.04s
[2025-10-13T19:57:39.763-0700][1256 ][info ][safepoint   ] Safepoint "G1PauseRemark", Time since last: 192467474 ns, Reaching safepoint: 680009 ns, Cleanup: 4637 ns, At safepoint: 43965583 ns, Total: 44650229 ns
[2025-10-13T19:57:39.763-0700][1089 ][info ][gc,marking  ] GC(342) Concurrent Mark 207.338ms
[2025-10-13T19:57:39.763-0700][1089 ][info ][gc,marking  ] GC(342) Concurrent Rebuild Remembered Sets and Scrub Regions
[2025-10-13T19:57:40.055-0700][1089 ][info ][gc,marking  ] GC(342) Concurrent Rebuild Remembered Sets and Scrub Regions 292.286ms
[2025-10-13T19:57:40.058-0700][1256 ][info ][gc,start    ] GC(342) Pause Cleanup
[2025-10-13T19:57:40.060-0700][1256 ][info ][gc          ] GC(342) Pause Cleanup 37122M->37122M(184320M) 2.314ms
[2025-10-13T19:57:40.061-0700][1256 ][info ][gc,cpu      ] GC(342) User=0.02s Sys=0.00s Real=0.01s
[2025-10-13T19:57:40.061-0700][1256 ][info ][safepoint   ] Safepoint "G1PauseCleanup", Time since last: 292490623 ns, Reaching safepoint: 687370 ns, Cleanup: 13491 ns, At safepoint: 4960935 ns, Total: 5661796 ns
[2025-10-13T19:57:40.061-0700][1089 ][info ][gc,marking  ] GC(342) Concurrent Clear Claimed Marks
[2025-10-13T19:57:40.062-0700][1089 ][info ][gc,marking  ] GC(342) Concurrent Clear Claimed Marks 0.871ms
[2025-10-13T19:57:40.062-0700][1089 ][info ][gc,marking  ] GC(342) Concurrent Cleanup for Next Mark
[2025-10-13T19:57:40.087-0700][1089 ][info ][gc,marking  ] GC(342) Concurrent Cleanup for Next Mark 24.548ms
[2025-10-13T19:57:40.087-0700][1089 ][info ][gc          ] GC(342) Concurrent Mark Cycle 564.034ms
[2025-10-13T19:57:55.063-0700][1256 ][info ][safepoint   ] Safepoint "Cleanup", Time since last: 15001110253 ns, Reaching safepoint: 637364 ns, Cleanup: 10276 ns, At safepoint: 72990 ns, Total: 720630 ns
[2025-10-13T19:58:08.390-0700][1256 ][info ][safepoint   ] Safepoint "Cleanup", Time since last: 13325773447 ns, Reaching safepoint: 721480 ns, Cleanup: 21633 ns, At safepoint: 106261 ns, Total: 849374 ns
[2025-10-13T19:58:09.390-0700][1256 ][info ][safepoint   ] Safepoint "Cleanup", Time since last: 1000110800 ns, Reaching safepoint: 632525 ns, Cleanup: 9985 ns, At safepoint: 66010 ns, Total: 708520 ns
[2025-10-13T19:58:49.900-0700][1256 ][info ][gc,start    ] GC(343) Pause Young (Prepare Mixed) (G1 Evacuation Pause)
[2025-10-13T19:58:49.900-0700][1256 ][info ][gc,task     ] GC(343) Using 113 workers of 113 for evacuation
[2025-10-13T19:58:49.914-0700][1256 ][debug][gc,remset   ] GC(343) Visited cards 11604224 Total dirty 60555264 (19.16%) Total old 514719744 (2.25%)
[2025-10-13T19:58:49.986-0700][1256 ][info ][gc,phases   ] GC(343)   Pre Evacuate Collection Set: 0.9ms
[2025-10-13T19:58:49.986-0700][1256 ][info ][gc,phases   ] GC(343)   Merge Heap Roots: 12.6ms
[2025-10-13T19:58:49.986-0700][1256 ][info ][gc,phases   ] GC(343)   Evacuate Collection Set: 64.0ms
[2025-10-13T19:58:49.986-0700][1256 ][info ][gc,phases   ] GC(343)   Post Evacuate Collection Set: 8.8ms
[2025-10-13T19:58:49.987-0700][1256 ][info ][gc,phases   ] GC(343)   Other: 0.2ms
[2025-10-13T19:58:49.987-0700][1256 ][debug][gc,remset   ] GC(343) Coarsening (recent): Inline->AoC 98767 (0) AoC->Howl 6742 (0) Howl->Full 0 (0) Inline->AoC 23459 (0) AoC->BitMap 8547 (0) BitMap->Full 1 (0) 
[2025-10-13T19:58:49.987-0700][1256 ][debug][gc,remset   ] GC(343) Coarsening (all): Inline->AoC 10839389 (222) AoC->Howl 203497 (852) Howl->Full 0 (0) Inline->AoC 782432 (287) AoC->BitMap 237227 (710) BitMap->Full 20 (0) 
[2025-10-13T19:58:49.987-0700][1256 ][info ][gc,heap     ] GC(343) Eden regions: 3293->0(3352)
[2025-10-13T19:58:49.987-0700][1256 ][info ][gc,heap     ] GC(343) Survivor regions: 163->104(432)
[2025-10-13T19:58:49.987-0700][1256 ][info ][gc,heap     ] GC(343) Old regions: 941->941
[2025-10-13T19:58:49.987-0700][1256 ][info ][gc,heap     ] GC(343) Humongous regions: 1->0
[2025-10-13T19:58:49.987-0700][1256 ][info ][gc,metaspace] GC(343) Metaspace: 322448K(328768K)->322448K(328768K) NonClass: 283945K(287360K)->283945K(287360K) Class: 38503K(41408K)->38503K(41408K)
[2025-10-13T19:58:49.987-0700][1256 ][info ][gc          ] GC(343) Pause Young (Prepare Mixed) (G1 Evacuation Pause) 140697M->33392M(184320M) 86.639ms
[2025-10-13T19:58:49.988-0700][1256 ][info ][gc,cpu      ] GC(343) User=7.62s Sys=0.12s Real=0.09s
[2025-10-13T19:58:49.989-0700][1256 ][info ][safepoint   ] Safepoint "G1CollectForAllocation", Time since last: 40506829518 ns, Reaching safepoint: 1008395 ns, Cleanup: 5288 ns, At safepoint: 91036909 ns, Total: 92050592 ns
[2025-10-13T19:59:23.412-0700][1256 ][info ][safepoint   ] Safepoint "Cleanup", Time since last: 33421403122 ns, Reaching safepoint: 722221 ns, Cleanup: 13030 ns, At safepoint: 104318 ns, Total: 839569 ns
[2025-10-13T19:59:25.413-0700][1256 ][info ][safepoint   ] Safepoint "Cleanup", Time since last: 2000225016 ns, Reaching safepoint: 730283 ns, Cleanup: 17066 ns, At safepoint: 101283 ns, Total: 848632 ns
[2025-10-13T20:00:16.432-0700][1256 ][info ][safepoint   ] Safepoint "Cleanup", Time since last: 51018928102 ns, Reaching safepoint: 645655 ns, Cleanup: 13360 ns, At safepoint: 69445 ns, Total: 728460 ns
[2025-10-13T20:00:22.271-0700][1256 ][info ][gc,start    ] GC(344) Pause Young (Mixed) (G1 Evacuation Pause)
[2025-10-13T20:00:22.271-0700][1256 ][info ][gc,task     ] GC(344) Using 113 workers of 113 for evacuation
[2025-10-13T20:00:22.284-0700][1256 ][debug][gc,remset   ] GC(344) Visited cards 10259456 Total dirty 39124992 (26.22%) Total old 537133056 (1.91%)
[2025-10-13T20:00:22.372-0700][1256 ][info ][gc,phases   ] GC(344)   Pre Evacuate Collection Set: 0.9ms
[2025-10-13T20:00:22.372-0700][1256 ][info ][gc,phases   ] GC(344)   Merge Heap Roots: 12.6ms
[2025-10-13T20:00:22.372-0700][1256 ][info ][gc,phases   ] GC(344)   Evacuate Collection Set: 79.5ms
[2025-10-13T20:00:22.372-0700][1256 ][info ][gc,phases   ] GC(344)   Post Evacuate Collection Set: 8.2ms
[2025-10-13T20:00:22.372-0700][1256 ][info ][gc,phases   ] GC(344)   Other: 0.2ms
[2025-10-13T20:00:22.372-0700][1256 ][debug][gc,remset   ] GC(344) Coarsening (recent): Inline->AoC 0 (0) AoC->Howl 0 (0) Howl->Full 0 (0) Inline->AoC 0 (0) AoC->BitMap 0 (0) BitMap->Full 0 (0) 
[2025-10-13T20:00:22.372-0700][1256 ][debug][gc,remset   ] GC(344) Coarsening (all): Inline->AoC 10839389 (222) AoC->Howl 203497 (852) Howl->Full 0 (0) Inline->AoC 782432 (287) AoC->BitMap 237227 (710) BitMap->Full 20 (0) 
[2025-10-13T20:00:22.372-0700][1256 ][info ][gc,heap     ] GC(344) Eden regions: 3352->0(3366)
[2025-10-13T20:00:22.372-0700][1256 ][info ][gc,heap     ] GC(344) Survivor regions: 104->90(432)
[2025-10-13T20:00:22.372-0700][1256 ][info ][gc,heap     ] GC(344) Old regions: 941->615
[2025-10-13T20:00:22.372-0700][1256 ][info ][gc,heap     ] GC(344) Humongous regions: 0->0
[2025-10-13T20:00:22.372-0700][1256 ][info ][gc,metaspace] GC(344) Metaspace: 322452K(328768K)->322452K(328768K) NonClass: 283948K(287360K)->283948K(287360K) Class: 38503K(41408K)->38503K(41408K)
[2025-10-13T20:00:22.372-0700][1256 ][info ][gc          ] GC(344) Pause Young (Mixed) (G1 Evacuation Pause) 140656M->22506M(184320M) 101.545ms
[2025-10-13T20:00:22.374-0700][1256 ][info ][gc,cpu      ] GC(344) User=8.45s Sys=0.01s Real=0.10s
[2025-10-13T20:00:22.375-0700][1256 ][info ][safepoint   ] Safepoint "G1CollectForAllocation", Time since last: 5836140232 ns, Reaching safepoint: 637463 ns, Cleanup: 4717 ns, At safepoint: 105815430 ns, Total: 106457610 ns
[2025-10-13T20:00:55.378-0700][1256 ][info ][safepoint   ] Safepoint "Cleanup", Time since last: 33002565280 ns, Reaching safepoint: 653637 ns, Cleanup: 11166 ns, At safepoint: 89826 ns, Total: 754629 ns
[2025-10-13T20:00:58.379-0700][1256 ][info ][safepoint   ] Safepoint "Cleanup", Time since last: 3000303358 ns, Reaching safepoint: 700467 ns, Cleanup: 14452 ns, At safepoint: 101143 ns, Total: 816062 ns
[2025-10-13T20:01:08.454-0700][1256 ][info ][safepoint   ] Safepoint "Cleanup", Time since last: 10073408028 ns, Reaching safepoint: 702290 ns, Cleanup: 14452 ns, At safepoint: 97888 ns, Total: 814630 ns
[2025-10-13T20:01:18.717-0700][1256 ][info ][gc,start    ] GC(345) Pause Young (Concurrent Start) (G1 Humongous Allocation)
[2025-10-13T20:01:18.717-0700][1256 ][info ][gc,task     ] GC(345) Using 113 workers of 113 for evacuation
[2025-10-13T20:01:18.729-0700][1256 ][debug][gc,remset   ] GC(345) Visited cards 7459584 Total dirty 39256064 (19.00%) Total old 198508544 (3.76%)
[2025-10-13T20:01:18.786-0700][1256 ][info ][gc,phases   ] GC(345)   Pre Evacuate Collection Set: 1.0ms
[2025-10-13T20:01:18.786-0700][1256 ][info ][gc,phases   ] GC(345)   Merge Heap Roots: 11.1ms
[2025-10-13T20:01:18.786-0700][1256 ][info ][gc,phases   ] GC(345)   Evacuate Collection Set: 51.0ms
[2025-10-13T20:01:18.786-0700][1256 ][info ][gc,phases   ] GC(345)   Post Evacuate Collection Set: 6.0ms
[2025-10-13T20:01:18.786-0700][1256 ][info ][gc,phases   ] GC(345)   Other: 0.1ms
[2025-10-13T20:01:18.786-0700][1256 ][debug][gc,remset   ] GC(345) Coarsening (recent): Inline->AoC 0 (0) AoC->Howl 0 (0) Howl->Full 0 (0) Inline->AoC 0 (0) AoC->BitMap 0 (0) BitMap->Full 0 (0) 
[2025-10-13T20:01:18.786-0700][1256 ][debug][gc,remset   ] GC(345) Coarsening (all): Inline->AoC 10839389 (222) AoC->Howl 203497 (852) Howl->Full 0 (0) Inline->AoC 782432 (287) AoC->BitMap 237227 (710) BitMap->Full 20 (0) 
[2025-10-13T20:01:18.786-0700][1256 ][info ][gc,heap     ] GC(345) Eden regions: 1117->0(3368)
[2025-10-13T20:01:18.786-0700][1256 ][info ][gc,heap     ] GC(345) Survivor regions: 90->88(432)
[2025-10-13T20:01:18.786-0700][1256 ][info ][gc,heap     ] GC(345) Old regions: 615->615
[2025-10-13T20:01:18.786-0700][1256 ][info ][gc,heap     ] GC(345) Humongous regions: 0->0
[2025-10-13T20:01:18.786-0700][1256 ][info ][gc,metaspace] GC(345) Metaspace: 322453K(328768K)->322453K(328768K) NonClass: 283950K(287360K)->283950K(287360K) Class: 38503K(41408K)->38503K(41408K)
[2025-10-13T20:01:18.786-0700][1256 ][info ][gc          ] GC(345) Pause Young (Concurrent Start) (G1 Humongous Allocation) 58234M->22441M(184320M) 69.332ms
[2025-10-13T20:01:18.786-0700][1089 ][info ][gc          ] GC(346) Concurrent Mark Cycle
[2025-10-13T20:01:18.786-0700][1089 ][info ][gc,marking  ] GC(346) Concurrent Scan Root Regions
[2025-10-13T20:01:18.788-0700][1256 ][info ][gc,cpu      ] GC(345) User=7.05s Sys=0.00s Real=0.07s
[2025-10-13T20:01:18.789-0700][1256 ][info ][safepoint   ] Safepoint "G1TryInitiateConcMark", Time since last: 10260829793 ns, Reaching safepoint: 599863 ns, Cleanup: 5949 ns, At safepoint: 73885070 ns, Total: 74490882 ns
[2025-10-13T20:01:18.810-0700][1089 ][info ][gc,marking  ] GC(346) Concurrent Scan Root Regions 23.276ms
[2025-10-13T20:01:18.810-0700][1089 ][info ][gc,marking  ] GC(346) Concurrent Mark
[2025-10-13T20:01:18.810-0700][1089 ][info ][gc,marking  ] GC(346) Concurrent Mark From Roots
[2025-10-13T20:01:18.810-0700][1089 ][info ][gc,task     ] GC(346) Using 36 workers of 36 for marking
[2025-10-13T20:01:18.962-0700][1089 ][info ][gc,marking  ] GC(346) Concurrent Mark From Roots 152.185ms
[2025-10-13T20:01:18.962-0700][1089 ][info ][gc,marking  ] GC(346) Concurrent Preclean
[2025-10-13T20:01:18.964-0700][1089 ][info ][gc,marking  ] GC(346) Concurrent Preclean 2.577ms
[2025-10-13T20:01:18.967-0700][1256 ][info ][gc,start    ] GC(346) Pause Remark
[2025-10-13T20:01:18.986-0700][1256 ][info ][gc          ] GC(346) Pause Remark 23921M->23921M(184320M) 19.773ms
[2025-10-13T20:01:18.988-0700][1256 ][info ][gc,cpu      ] GC(346) User=1.45s Sys=0.00s Real=0.02s
[2025-10-13T20:01:18.988-0700][1256 ][info ][safepoint   ] Safepoint "G1PauseRemark", Time since last: 175630275 ns, Reaching safepoint: 553523 ns, Cleanup: 3936 ns, At safepoint: 23182644 ns, Total: 23740103 ns
[2025-10-13T20:01:18.988-0700][1089 ][info ][gc,marking  ] GC(346) Concurrent Mark 178.645ms
[2025-10-13T20:01:18.988-0700][1089 ][info ][gc,marking  ] GC(346) Concurrent Rebuild Remembered Sets and Scrub Regions
[2025-10-13T20:01:19.254-0700][1089 ][info ][gc,marking  ] GC(346) Concurrent Rebuild Remembered Sets and Scrub Regions 266.107ms
[2025-10-13T20:01:19.257-0700][1256 ][info ][gc,start    ] GC(346) Pause Cleanup
[2025-10-13T20:01:19.259-0700][1256 ][info ][gc          ] GC(346) Pause Cleanup 23959M->23959M(184320M) 1.973ms
[2025-10-13T20:01:19.259-0700][1256 ][info ][gc,cpu      ] GC(346) User=0.02s Sys=0.00s Real=0.00s
[2025-10-13T20:01:19.259-0700][1256 ][info ][safepoint   ] Safepoint "G1PauseCleanup", Time since last: 266248983 ns, Reaching safepoint: 572541 ns, Cleanup: 4968 ns, At safepoint: 4183166 ns, Total: 4760675 ns
[2025-10-13T20:01:19.259-0700][1089 ][info ][gc,marking  ] GC(346) Concurrent Clear Claimed Marks
[2025-10-13T20:01:19.260-0700][1089 ][info ][gc,marking  ] GC(346) Concurrent Clear Claimed Marks 0.949ms
[2025-10-13T20:01:19.260-0700][1089 ][info ][gc,marking  ] GC(346) Concurrent Cleanup for Next Mark
[2025-10-13T20:01:19.285-0700][1089 ][info ][gc,marking  ] GC(346) Concurrent Cleanup for Next Mark 24.739ms
[2025-10-13T20:01:19.285-0700][1089 ][info ][gc          ] GC(346) Concurrent Mark Cycle 498.764ms
[2025-10-13T20:01:22.261-0700][1256 ][info ][safepoint   ] Safepoint "Cleanup", Time since last: 3000250563 ns, Reaching safepoint: 1146706 ns, Cleanup: 10686 ns, At safepoint: 74442 ns, Total: 1231834 ns
[2025-10-13T20:01:23.262-0700][1256 ][info ][safepoint   ] Safepoint "Cleanup", Time since last: 1000103525 ns, Reaching safepoint: 602106 ns, Cleanup: 12849 ns, At safepoint: 63486 ns, Total: 678441 ns
[2025-10-13T20:01:25.263-0700][1256 ][info ][safepoint   ] Safepoint "Cleanup", Time since last: 2000164054 ns, Reaching safepoint: 698622 ns, Cleanup: 11617 ns, At safepoint: 119530 ns, Total: 829769 ns
[2025-10-13T20:02:00.266-0700][1256 ][info ][safepoint   ] Safepoint "Cleanup", Time since last: 35002827928 ns, Reaching safepoint: 687725 ns, Cleanup: 10185 ns, At safepoint: 181984 ns, Total: 879894 ns
[2025-10-13T20:02:13.477-0700][1256 ][info ][safepoint   ] Safepoint "Cleanup", Time since last: 13209500167 ns, Reaching safepoint: 685436 ns, Cleanup: 15273 ns, At safepoint: 61433 ns, Total: 762142 ns
[2025-10-13T20:02:15.478-0700][1256 ][info ][safepoint   ] Safepoint "Cleanup", Time since last: 2000211550 ns, Reaching safepoint: 1052771 ns, Cleanup: 12338 ns, At safepoint: 84388 ns, Total: 1149497 ns
[2025-10-13T20:02:18.479-0700][1256 ][info ][safepoint   ] Safepoint "Cleanup", Time since last: 3000248410 ns, Reaching safepoint: 677272 ns, Cleanup: 24978 ns, At safepoint: 96816 ns, Total: 799066 ns
[2025-10-13T20:02:21.480-0700][1256 ][info ][safepoint   ] Safepoint "Cleanup", Time since last: 3000304539 ns, Reaching safepoint: 674458 ns, Cleanup: 55073 ns, At safepoint: 97907 ns, Total: 827438 ns
[2025-10-13T20:02:25.481-0700][1256 ][info ][safepoint   ] Safepoint "Cleanup", Time since last: 4000371109 ns, Reaching safepoint: 595920 ns, Cleanup: 9955 ns, At safepoint: 61392 ns, Total: 667267 ns
[2025-10-13T20:02:32.482-0700][1256 ][info ][safepoint   ] Safepoint "Cleanup", Time since last: 7000585222 ns, Reaching safepoint: 659455 ns, Cleanup: 12018 ns, At safepoint: 60922 ns, Total: 732395 ns
[2025-10-13T20:02:39.489-0700][1256 ][info ][safepoint   ] Safepoint "Cleanup", Time since last: 7000615176 ns, Reaching safepoint: 5932304 ns, Cleanup: 11818 ns, At safepoint: 106781 ns, Total: 6050903 ns
[2025-10-13T20:02:45.490-0700][1256 ][info ][safepoint   ] Safepoint "Cleanup", Time since last: 6000509116 ns, Reaching safepoint: 658825 ns, Cleanup: 13911 ns, At safepoint: 59449 ns, Total: 732185 ns
[2025-10-13T20:03:15.500-0700][1256 ][info ][safepoint   ] Safepoint "Cleanup", Time since last: 30008602596 ns, Reaching safepoint: 672084 ns, Cleanup: 19179 ns, At safepoint: 63035 ns, Total: 754298 ns
[2025-10-13T20:03:35.502-0700][1256 ][info ][safepoint   ] Safepoint "Cleanup", Time since last: 20001520180 ns, Reaching safepoint: 701140 ns, Cleanup: 14432 ns, At safepoint: 98039 ns, Total: 813611 ns
[2025-10-13T20:03:50.504-0700][1256 ][info ][safepoint   ] Safepoint "Cleanup", Time since last: 15001140210 ns, Reaching safepoint: 645877 ns, Cleanup: 16275 ns, At safepoint: 74993 ns, Total: 737145 ns
[2025-10-13T20:03:59.505-0700][1256 ][info ][safepoint   ] Safepoint "Cleanup", Time since last: 9000658049 ns, Reaching safepoint: 669453 ns, Cleanup: 14271 ns, At safepoint: 96577 ns, Total: 780301 ns
[2025-10-13T20:04:01.507-0700][1256 ][info ][safepoint   ] Safepoint "Cleanup", Time since last: 2000196214 ns, Reaching safepoint: 618325 ns, Cleanup: 12800 ns, At safepoint: 401938 ns, Total: 1033063 ns
[2025-10-13T20:04:05.521-0700][1256 ][info ][safepoint   ] Safepoint "Cleanup", Time since last: 4014110681 ns, Reaching safepoint: 646398 ns, Cleanup: 12919 ns, At safepoint: 92701 ns, Total: 752018 ns
[2025-10-13T20:04:15.523-0700][1256 ][info ][safepoint   ] Safepoint "Cleanup", Time since last: 10000857824 ns, Reaching safepoint: 591946 ns, Cleanup: 11147 ns, At safepoint: 57857 ns, Total: 660950 ns
[2025-10-13T20:04:23.524-0700][1256 ][info ][safepoint   ] Safepoint "Cleanup", Time since last: 8000624304 ns, Reaching safepoint: 585286 ns, Cleanup: 18578 ns, At safepoint: 79370 ns, Total: 683234 ns
[2025-10-13T20:04:39.526-0700][1256 ][info ][safepoint   ] Safepoint "Cleanup", Time since last: 16001247916 ns, Reaching safepoint: 649728 ns, Cleanup: 12860 ns, At safepoint: 100252 ns, Total: 762840 ns
[2025-10-13T20:04:40.219-0700][1256 ][info ][gc,start    ] GC(347) Pause Young (Prepare Mixed) (G1 Evacuation Pause)
[2025-10-13T20:04:40.219-0700][1256 ][info ][gc,task     ] GC(347) Using 113 workers of 113 for evacuation
[2025-10-13T20:04:40.233-0700][1256 ][debug][gc,remset   ] GC(347) Visited cards 7767552 Total dirty 39321600 (19.75%) Total old 493355008 (1.57%)
[2025-10-13T20:04:40.302-0700][1256 ][info ][gc,phases   ] GC(347)   Pre Evacuate Collection Set: 0.7ms
[2025-10-13T20:04:40.302-0700][1256 ][info ][gc,phases   ] GC(347)   Merge Heap Roots: 12.7ms
[2025-10-13T20:04:40.302-0700][1256 ][info ][gc,phases   ] GC(347)   Evacuate Collection Set: 61.8ms
[2025-10-13T20:04:40.302-0700][1256 ][info ][gc,phases   ] GC(347)   Post Evacuate Collection Set: 7.7ms
[2025-10-13T20:04:40.302-0700][1256 ][info ][gc,phases   ] GC(347)   Other: 0.2ms
[2025-10-13T20:04:40.302-0700][1256 ][debug][gc,remset   ] GC(347) Coarsening (recent): Inline->AoC 61997 (0) AoC->Howl 6094 (0) Howl->Full 0 (0) Inline->AoC 22900 (0) AoC->BitMap 7869 (0) BitMap->Full 1 (0) 
[2025-10-13T20:04:40.302-0700][1256 ][debug][gc,remset   ] GC(347) Coarsening (all): Inline->AoC 10901386 (222) AoC->Howl 209591 (852) Howl->Full 0 (0) Inline->AoC 805332 (287) AoC->BitMap 245096 (710) BitMap->Full 21 (0) 
[2025-10-13T20:04:40.302-0700][1256 ][info ][gc,heap     ] GC(347) Eden regions: 3368->0(3355)
[2025-10-13T20:04:40.302-0700][1256 ][info ][gc,heap     ] GC(347) Survivor regions: 88->101(432)
[2025-10-13T20:04:40.302-0700][1256 ][info ][gc,heap     ] GC(347) Old regions: 615->615
[2025-10-13T20:04:40.302-0700][1256 ][info ][gc,heap     ] GC(347) Humongous regions: 1->0
[2025-10-13T20:04:40.302-0700][1256 ][info ][gc,metaspace] GC(347) Metaspace: 322589K(328896K)->322589K(328896K) NonClass: 284086K(287488K)->284086K(287488K) Class: 38503K(41408K)->38503K(41408K)
[2025-10-13T20:04:40.302-0700][1256 ][info ][gc          ] GC(347) Pause Young (Prepare Mixed) (G1 Evacuation Pause) 130249M->22884M(184320M) 83.385ms
[2025-10-13T20:04:40.304-0700][1256 ][info ][gc,cpu      ] GC(347) User=7.98s Sys=0.15s Real=0.09s
[2025-10-13T20:04:40.305-0700][1256 ][info ][safepoint   ] Safepoint "G1CollectForAllocation", Time since last: 690537420 ns, Reaching safepoint: 740516 ns, Cleanup: 5539 ns, At safepoint: 87381751 ns, Total: 88127806 ns
[2025-10-13T20:04:56.307-0700][1256 ][info ][safepoint   ] Safepoint "Cleanup", Time since last: 16001187586 ns, Reaching safepoint: 653574 ns, Cleanup: 20431 ns, At safepoint: 92721 ns, Total: 766726 ns
[2025-10-13T20:05:09.543-0700][1256 ][info ][safepoint   ] Safepoint "Cleanup", Time since last: 13235843249 ns, Reaching safepoint: 580202 ns, Cleanup: 9985 ns, At safepoint: 64498 ns, Total: 654685 ns
[2025-10-13T20:05:49.547-0700][1256 ][info ][safepoint   ] Safepoint "Cleanup", Time since last: 40003088619 ns, Reaching safepoint: 646157 ns, Cleanup: 21904 ns, At safepoint: 116087 ns, Total: 784148 ns
[2025-10-13T20:07:18.589-0700][1256 ][info ][safepoint   ] Safepoint "Cleanup", Time since last: 89041145876 ns, Reaching safepoint: 651197 ns, Cleanup: 25929 ns, At safepoint: 92621 ns, Total: 769747 ns
[2025-10-13T20:07:31.591-0700][1256 ][info ][safepoint   ] Safepoint "Cleanup", Time since last: 13001060866 ns, Reaching safepoint: 652429 ns, Cleanup: 15664 ns, At safepoint: 92530 ns, Total: 760623 ns
[2025-10-13T20:08:24.171-0700][1256 ][info ][gc,start    ] GC(348) Pause Young (Mixed) (G1 Evacuation Pause)
[2025-10-13T20:08:24.171-0700][1256 ][info ][gc,task     ] GC(348) Using 113 workers of 113 for evacuation
[2025-10-13T20:08:24.185-0700][1256 ][debug][gc,remset   ] GC(348) Visited cards 7708416 Total dirty 35651584 (21.62%) Total old 497811456 (1.55%)
[2025-10-13T20:08:24.261-0700][1256 ][info ][gc,phases   ] GC(348)   Pre Evacuate Collection Set: 0.8ms
[2025-10-13T20:08:24.261-0700][1256 ][info ][gc,phases   ] GC(348)   Merge Heap Roots: 12.8ms
[2025-10-13T20:08:24.261-0700][1256 ][info ][gc,phases   ] GC(348)   Evacuate Collection Set: 67.0ms
[2025-10-13T20:08:24.261-0700][1256 ][info ][gc,phases   ] GC(348)   Post Evacuate Collection Set: 8.3ms
[2025-10-13T20:08:24.261-0700][1256 ][info ][gc,phases   ] GC(348)   Other: 0.2ms
[2025-10-13T20:08:24.261-0700][1256 ][debug][gc,remset   ] GC(348) Coarsening (recent): Inline->AoC 0 (0) AoC->Howl 0 (0) Howl->Full 0 (0) Inline->AoC 0 (0) AoC->BitMap 0 (0) BitMap->Full 0 (0) 
[2025-10-13T20:08:24.261-0700][1256 ][debug][gc,remset   ] GC(348) Coarsening (all): Inline->AoC 10901386 (222) AoC->Howl 209591 (852) Howl->Full 0 (0) Inline->AoC 805332 (287) AoC->BitMap 245096 (710) BitMap->Full 21 (0) 
[2025-10-13T20:08:24.261-0700][1256 ][info ][gc,heap     ] GC(348) Eden regions: 3355->0(3349)
[2025-10-13T20:08:24.261-0700][1256 ][info ][gc,heap     ] GC(348) Survivor regions: 101->107(432)
[2025-10-13T20:08:24.261-0700][1256 ][info ][gc,heap     ] GC(348) Old regions: 615->553
[2025-10-13T20:08:24.261-0700][1256 ][info ][gc,heap     ] GC(348) Humongous regions: 0->0
[2025-10-13T20:08:24.261-0700][1256 ][info ][gc,metaspace] GC(348) Metaspace: 322623K(328960K)->322623K(328960K) NonClass: 284119K(287552K)->284119K(287552K) Class: 38503K(41408K)->38503K(41408K)
[2025-10-13T20:08:24.261-0700][1256 ][info ][gc          ] GC(348) Pause Young (Mixed) (G1 Evacuation Pause) 130244M->21087M(184320M) 89.356ms
[2025-10-13T20:08:24.262-0700][1256 ][info ][gc,cpu      ] GC(348) User=9.20s Sys=0.03s Real=0.09s
[2025-10-13T20:08:24.263-0700][1256 ][info ][safepoint   ] Safepoint "G1CollectForAllocation", Time since last: 52578230116 ns, Reaching safepoint: 563555 ns, Cleanup: 12138 ns, At safepoint: 92710027 ns, Total: 93285720 ns
[2025-10-13T20:08:27.264-0700][1256 ][info ][safepoint   ] Safepoint "Cleanup", Time since last: 3000278945 ns, Reaching safepoint: 657136 ns, Cleanup: 13060 ns, At safepoint: 93832 ns, Total: 764028 ns
[2025-10-13T20:08:42.265-0700][1256 ][info ][safepoint   ] Safepoint "Cleanup", Time since last: 15001267343 ns, Reaching safepoint: 576664 ns, Cleanup: 12138 ns, At safepoint: 68274 ns, Total: 657076 ns
[2025-10-13T20:08:56.267-0700][1256 ][info ][safepoint   ] Safepoint "Cleanup", Time since last: 14001118602 ns, Reaching safepoint: 659458 ns, Cleanup: 22114 ns, At safepoint: 97117 ns, Total: 778689 ns
[2025-10-13T20:10:54.653-0700][1256 ][info ][safepoint   ] Safepoint "Cleanup", Time since last: 118384829200 ns, Reaching safepoint: 585707 ns, Cleanup: 14002 ns, At safepoint: 59570 ns, Total: 659279 ns
[2025-10-13T20:10:55.654-0700][1256 ][info ][safepoint   ] Safepoint "Cleanup", Time since last: 1000110806 ns, Reaching safepoint: 648762 ns, Cleanup: 14853 ns, At safepoint: 59610 ns, Total: 723225 ns
[2025-10-13T20:10:56.654-0700][1256 ][info ][safepoint   ] Safepoint "Cleanup", Time since last: 1000110748 ns, Reaching safepoint: 589163 ns, Cleanup: 12378 ns, At safepoint: 58990 ns, Total: 660531 ns
[2025-10-13T20:10:57.655-0700][1256 ][info ][safepoint   ] Safepoint "Cleanup", Time since last: 1000108535 ns, Reaching safepoint: 653299 ns, Cleanup: 13090 ns, At safepoint: 92290 ns, Total: 758679 ns
[2025-10-13T20:12:11.692-0700][1256 ][info ][safepoint   ] Safepoint "Cleanup", Time since last: 74036507273 ns, Reaching safepoint: 569192 ns, Cleanup: 10936 ns, At safepoint: 58128 ns, Total: 638256 ns
[2025-10-13T20:12:13.693-0700][1256 ][info ][safepoint   ] Safepoint "Cleanup", Time since last: 2000214043 ns, Reaching safepoint: 654952 ns, Cleanup: 22765 ns, At safepoint: 79100 ns, Total: 756817 ns
[2025-10-13T20:12:17.695-0700][1256 ][info ][safepoint   ] Safepoint "Cleanup", Time since last: 4000352280 ns, Reaching safepoint: 657386 ns, Cleanup: 17997 ns, At safepoint: 76006 ns, Total: 751389 ns
[2025-10-13T20:12:21.696-0700][1256 ][info ][safepoint   ] Safepoint "Cleanup", Time since last: 4000382506 ns, Reaching safepoint: 656184 ns, Cleanup: 50677 ns, At safepoint: 60632 ns, Total: 767493 ns
[2025-10-13T20:12:54.360-0700][1256 ][info ][gc,start    ] GC(349) Pause Young (Concurrent Start) (G1 Evacuation Pause)
[2025-10-13T20:12:54.360-0700][1256 ][info ][gc,task     ] GC(349) Using 113 workers of 113 for evacuation
[2025-10-13T20:12:54.374-0700][1256 ][debug][gc,remset   ] GC(349) Visited cards 6947072 Total dirty 35323904 (19.67%) Total old 489226240 (1.42%)
[2025-10-13T20:12:54.447-0700][1256 ][info ][gc,phases   ] GC(349)   Pre Evacuate Collection Set: 1.0ms
[2025-10-13T20:12:54.447-0700][1256 ][info ][gc,phases   ] GC(349)   Merge Heap Roots: 13.4ms
[2025-10-13T20:12:54.447-0700][1256 ][info ][gc,phases   ] GC(349)   Evacuate Collection Set: 64.8ms
[2025-10-13T20:12:54.447-0700][1256 ][info ][gc,phases   ] GC(349)   Post Evacuate Collection Set: 7.8ms
[2025-10-13T20:12:54.447-0700][1256 ][info ][gc,phases   ] GC(349)   Other: 0.2ms
[2025-10-13T20:12:54.447-0700][1256 ][debug][gc,remset   ] GC(349) Coarsening (recent): Inline->AoC 0 (0) AoC->Howl 0 (0) Howl->Full 0 (0) Inline->AoC 0 (0) AoC->BitMap 0 (0) BitMap->Full 0 (0) 
[2025-10-13T20:12:54.447-0700][1256 ][debug][gc,remset   ] GC(349) Coarsening (all): Inline->AoC 10901386 (222) AoC->Howl 209591 (852) Howl->Full 0 (0) Inline->AoC 805332 (287) AoC->BitMap 245096 (710) BitMap->Full 21 (0) 
[2025-10-13T20:12:54.447-0700][1256 ][info ][gc,heap     ] GC(349) Eden regions: 3349->0(3353)
[2025-10-13T20:12:54.447-0700][1256 ][info ][gc,heap     ] GC(349) Survivor regions: 107->103(432)
[2025-10-13T20:12:54.447-0700][1256 ][info ][gc,heap     ] GC(349) Old regions: 553->553
[2025-10-13T20:12:54.447-0700][1256 ][info ][gc,heap     ] GC(349) Humongous regions: 0->0
[2025-10-13T20:12:54.447-0700][1256 ][info ][gc,metaspace] GC(349) Metaspace: 322652K(328960K)->322652K(328960K) NonClass: 284147K(287552K)->284147K(287552K) Class: 38505K(41408K)->38505K(41408K)
[2025-10-13T20:12:54.447-0700][1256 ][info ][gc          ] GC(349) Pause Young (Concurrent Start) (G1 Evacuation Pause) 128255M->20971M(184320M) 87.351ms
[2025-10-13T20:12:54.447-0700][1089 ][info ][gc          ] GC(350) Concurrent Mark Cycle
[2025-10-13T20:12:54.447-0700][1089 ][info ][gc,marking  ] GC(350) Concurrent Scan Root Regions
[2025-10-13T20:12:54.449-0700][1256 ][info ][gc,cpu      ] GC(349) User=8.58s Sys=0.00s Real=0.09s
[2025-10-13T20:12:54.450-0700][1256 ][info ][safepoint   ] Safepoint "G1CollectForAllocation", Time since last: 32661886939 ns, Reaching safepoint: 566178 ns, Cleanup: 4466 ns, At safepoint: 91585095 ns, Total: 92155739 ns
[2025-10-13T20:12:54.476-0700][1089 ][info ][gc,marking  ] GC(350) Concurrent Scan Root Regions 28.246ms
[2025-10-13T20:12:54.476-0700][1089 ][info ][gc,marking  ] GC(350) Concurrent Mark
[2025-10-13T20:12:54.476-0700][1089 ][info ][gc,marking  ] GC(350) Concurrent Mark From Roots
[2025-10-13T20:12:54.476-0700][1089 ][info ][gc,task     ] GC(350) Using 36 workers of 36 for marking
[2025-10-13T20:12:54.627-0700][1089 ][info ][gc,marking  ] GC(350) Concurrent Mark From Roots 151.398ms
[2025-10-13T20:12:54.627-0700][1089 ][info ][gc,marking  ] GC(350) Concurrent Preclean
[2025-10-13T20:12:54.629-0700][1089 ][info ][gc,marking  ] GC(350) Concurrent Preclean 1.837ms
[2025-10-13T20:12:54.631-0700][1256 ][info ][gc,start    ] GC(350) Pause Remark
[2025-10-13T20:12:54.650-0700][1256 ][info ][gc          ] GC(350) Pause Remark 22502M->22502M(184320M) 19.064ms
[2025-10-13T20:12:54.652-0700][1256 ][info ][gc,cpu      ] GC(350) User=1.44s Sys=0.07s Real=0.02s
[2025-10-13T20:12:54.652-0700][1256 ][info ][safepoint   ] Safepoint "G1PauseRemark", Time since last: 179212912 ns, Reaching safepoint: 574531 ns, Cleanup: 4597 ns, At safepoint: 22464369 ns, Total: 23043497 ns
[2025-10-13T20:12:54.652-0700][1089 ][info ][gc,marking  ] GC(350) Concurrent Mark 176.402ms
[2025-10-13T20:12:54.652-0700][1089 ][info ][gc,marking  ] GC(350) Concurrent Rebuild Remembered Sets and Scrub Regions
[2025-10-13T20:12:54.916-0700][1089 ][info ][gc,marking  ] GC(350) Concurrent Rebuild Remembered Sets and Scrub Regions 263.862ms
[2025-10-13T20:12:54.918-0700][1256 ][info ][gc,start    ] GC(350) Pause Cleanup
[2025-10-13T20:12:54.920-0700][1256 ][info ][gc          ] GC(350) Pause Cleanup 23291M->23291M(184320M) 1.705ms
[2025-10-13T20:12:54.921-0700][1256 ][info ][gc,cpu      ] GC(350) User=0.02s Sys=0.00s Real=0.01s
[2025-10-13T20:12:54.921-0700][1256 ][info ][safepoint   ] Safepoint "G1PauseCleanup", Time since last: 264006926 ns, Reaching safepoint: 607491 ns, Cleanup: 4867 ns, At safepoint: 4164470 ns, Total: 4776828 ns
[2025-10-13T20:12:54.921-0700][1089 ][info ][gc,marking  ] GC(350) Concurrent Clear Claimed Marks
[2025-10-13T20:12:54.922-0700][1089 ][info ][gc,marking  ] GC(350) Concurrent Clear Claimed Marks 0.993ms
[2025-10-13T20:12:54.922-0700][1089 ][info ][gc,marking  ] GC(350) Concurrent Cleanup for Next Mark
[2025-10-13T20:12:54.949-0700][1089 ][info ][gc,marking  ] GC(350) Concurrent Cleanup for Next Mark 26.772ms
[2025-10-13T20:12:54.949-0700][1089 ][info ][gc          ] GC(350) Concurrent Mark Cycle 501.347ms
[2025-10-13T20:13:13.712-0700][1256 ][info ][safepoint   ] Safepoint "Cleanup", Time since last: 18790567360 ns, Reaching safepoint: 633931 ns, Cleanup: 11377 ns, At safepoint: 58168 ns, Total: 703476 ns
[2025-10-13T20:13:36.715-0700][1256 ][info ][safepoint   ] Safepoint "Cleanup", Time since last: 23001911892 ns, Reaching safepoint: 646078 ns, Cleanup: 19239 ns, At safepoint: 92100 ns, Total: 757417 ns
[2025-10-13T20:13:41.716-0700][1256 ][info ][safepoint   ] Safepoint "Cleanup", Time since last: 5000439372 ns, Reaching safepoint: 645397 ns, Cleanup: 12219 ns, At safepoint: 89064 ns, Total: 746680 ns
[2025-10-13T20:13:45.717-0700][1256 ][info ][safepoint   ] Safepoint "Cleanup", Time since last: 4000326033 ns, Reaching safepoint: 643535 ns, Cleanup: 14141 ns, At safepoint: 60532 ns, Total: 718208 ns
[2025-10-13T20:13:46.718-0700][1256 ][info ][safepoint   ] Safepoint "Cleanup", Time since last: 1000153510 ns, Reaching safepoint: 652127 ns, Cleanup: 21353 ns, At safepoint: 93862 ns, Total: 767342 ns
[2025-10-13T20:13:55.719-0700][1256 ][info ][safepoint   ] Safepoint "Cleanup", Time since last: 9000827698 ns, Reaching safepoint: 649344 ns, Cleanup: 14492 ns, At safepoint: 90216 ns, Total: 754052 ns
[2025-10-13T20:14:21.735-0700][1256 ][info ][safepoint   ] Safepoint "Cleanup", Time since last: 26014487425 ns, Reaching safepoint: 656615 ns, Cleanup: 39981 ns, At safepoint: 64498 ns, Total: 761094 ns
[2025-10-13T20:14:22.736-0700][1256 ][info ][safepoint   ] Safepoint "Cleanup", Time since last: 1000159114 ns, Reaching safepoint: 655664 ns, Cleanup: 19118 ns, At safepoint: 91639 ns, Total: 766421 ns
[2025-10-13T20:14:23.737-0700][1256 ][info ][safepoint   ] Safepoint "Cleanup", Time since last: 1000144002 ns, Reaching safepoint: 665949 ns, Cleanup: 17086 ns, At safepoint: 92901 ns, Total: 775936 ns
[2025-10-13T20:14:26.738-0700][1256 ][info ][safepoint   ] Safepoint "Cleanup", Time since last: 3000306915 ns, Reaching safepoint: 598597 ns, Cleanup: 106301 ns, At safepoint: 93552 ns, Total: 798450 ns
[2025-10-13T20:14:27.739-0700][1256 ][info ][safepoint   ] Safepoint "Cleanup", Time since last: 1000137462 ns, Reaching safepoint: 658438 ns, Cleanup: 16595 ns, At safepoint: 94252 ns, Total: 769285 ns
[2025-10-13T20:14:31.740-0700][1256 ][info ][safepoint   ] Safepoint "Cleanup", Time since last: 4000357386 ns, Reaching safepoint: 594701 ns, Cleanup: 10967 ns, At safepoint: 60642 ns, Total: 666310 ns
[2025-10-13T20:14:42.741-0700][1256 ][info ][safepoint   ] Safepoint "Cleanup", Time since last: 11000960235 ns, Reaching safepoint: 650926 ns, Cleanup: 11227 ns, At safepoint: 91388 ns, Total: 753541 ns
[2025-10-13T20:14:54.743-0700][1256 ][info ][safepoint   ] Safepoint "Cleanup", Time since last: 12001007260 ns, Reaching safepoint: 633560 ns, Cleanup: 15093 ns, At safepoint: 69144 ns, Total: 717797 ns
[2025-10-13T20:15:00.744-0700][1256 ][info ][safepoint   ] Safepoint "Cleanup", Time since last: 6000566050 ns, Reaching safepoint: 644306 ns, Cleanup: 11667 ns, At safepoint: 57988 ns, Total: 713961 ns
[2025-10-13T20:15:21.757-0700][1256 ][info ][safepoint   ] Safepoint "Cleanup", Time since last: 21011638955 ns, Reaching safepoint: 644406 ns, Cleanup: 17817 ns, At safepoint: 90087 ns, Total: 752310 ns
[2025-10-13T20:15:25.758-0700][1256 ][info ][safepoint   ] Safepoint "Cleanup", Time since last: 4000357402 ns, Reaching safepoint: 704747 ns, Cleanup: 14482 ns, At safepoint: 90928 ns, Total: 810157 ns
[2025-10-13T20:15:39.760-0700][1256 ][info ][safepoint   ] Safepoint "Cleanup", Time since last: 14001123650 ns, Reaching safepoint: 662874 ns, Cleanup: 12269 ns, At safepoint: 56365 ns, Total: 731508 ns
[2025-10-13T20:15:57.762-0700][1256 ][info ][safepoint   ] Safepoint "Cleanup", Time since last: 18001382614 ns, Reaching safepoint: 661292 ns, Cleanup: 15273 ns, At safepoint: 90938 ns, Total: 767503 ns
[2025-10-13T20:16:18.778-0700][1256 ][info ][safepoint   ] Safepoint "Cleanup", Time since last: 21015230186 ns, Reaching safepoint: 646759 ns, Cleanup: 19870 ns, At safepoint: 92911 ns, Total: 759540 ns
[2025-10-13T20:16:24.779-0700][1256 ][info ][safepoint   ] Safepoint "Cleanup", Time since last: 6000501714 ns, Reaching safepoint: 641682 ns, Cleanup: 21743 ns, At safepoint: 90947 ns, Total: 754372 ns
[2025-10-13T20:16:30.780-0700][1256 ][info ][safepoint   ] Safepoint "Cleanup", Time since last: 6000529205 ns, Reaching safepoint: 679169 ns, Cleanup: 12519 ns, At safepoint: 90958 ns, Total: 782646 ns
[2025-10-13T20:17:17.801-0700][1256 ][info ][safepoint   ] Safepoint "Cleanup", Time since last: 47019878652 ns, Reaching safepoint: 638477 ns, Cleanup: 16986 ns, At safepoint: 91799 ns, Total: 747262 ns
[2025-10-13T20:17:31.803-0700][1256 ][info ][safepoint   ] Safepoint "Cleanup", Time since last: 14001132315 ns, Reaching safepoint: 592928 ns, Cleanup: 12819 ns, At safepoint: 57447 ns, Total: 663194 ns
[2025-10-13T20:17:43.805-0700][1256 ][info ][safepoint   ] Safepoint "Cleanup", Time since last: 12001049859 ns, Reaching safepoint: 644005 ns, Cleanup: 14402 ns, At safepoint: 88314 ns, Total: 746721 ns
[2025-10-13T20:18:31.825-0700][1256 ][info ][safepoint   ] Safepoint "Cleanup", Time since last: 48020025874 ns, Reaching safepoint: 563323 ns, Cleanup: 12238 ns, At safepoint: 59170 ns, Total: 634731 ns
[2025-10-13T20:18:54.828-0700][1256 ][info ][safepoint   ] Safepoint "Cleanup", Time since last: 23001958243 ns, Reaching safepoint: 635933 ns, Cleanup: 14783 ns, At safepoint: 92750 ns, Total: 743466 ns
[2025-10-13T20:19:36.849-0700][1256 ][info ][safepoint   ] Safepoint "Cleanup", Time since last: 42019882482 ns, Reaching safepoint: 601581 ns, Cleanup: 13721 ns, At safepoint: 55084 ns, Total: 670386 ns
[2025-10-13T20:19:49.851-0700][1256 ][info ][safepoint   ] Safepoint "Cleanup", Time since last: 13001190650 ns, Reaching safepoint: 667230 ns, Cleanup: 15353 ns, At safepoint: 98440 ns, Total: 781023 ns
[2025-10-13T20:20:31.871-0700][1256 ][info ][safepoint   ] Safepoint "Cleanup", Time since last: 42020123855 ns, Reaching safepoint: 666239 ns, Cleanup: 24787 ns, At safepoint: 91689 ns, Total: 782715 ns
[2025-10-13T20:21:12.892-0700][1256 ][info ][safepoint   ] Safepoint "Cleanup", Time since last: 41019577285 ns, Reaching safepoint: 630635 ns, Cleanup: 13240 ns, At safepoint: 57347 ns, Total: 701222 ns
[2025-10-13T20:21:13.893-0700][1256 ][info ][safepoint   ] Safepoint "Cleanup", Time since last: 1000131128 ns, Reaching safepoint: 648172 ns, Cleanup: 21162 ns, At safepoint: 90927 ns, Total: 760261 ns
[2025-10-13T20:21:22.894-0700][1256 ][info ][safepoint   ] Safepoint "Cleanup", Time since last: 9000829023 ns, Reaching safepoint: 635622 ns, Cleanup: 15534 ns, At safepoint: 103347 ns, Total: 754503 ns
[2025-10-13T20:21:31.896-0700][1256 ][info ][safepoint   ] Safepoint "Cleanup", Time since last: 9000824375 ns, Reaching safepoint: 632658 ns, Cleanup: 11568 ns, At safepoint: 59079 ns, Total: 703305 ns
[2025-10-13T20:22:17.914-0700][1256 ][info ][safepoint   ] Safepoint "Cleanup", Time since last: 46017431591 ns, Reaching safepoint: 625226 ns, Cleanup: 22464 ns, At safepoint: 57888 ns, Total: 705578 ns
[2025-10-13T20:22:21.915-0700][1256 ][info ][safepoint   ] Safepoint "Cleanup", Time since last: 4000388652 ns, Reaching safepoint: 569272 ns, Cleanup: 32570 ns, At safepoint: 58368 ns, Total: 660210 ns
[2025-10-13T20:22:24.916-0700][1256 ][info ][safepoint   ] Safepoint "Cleanup", Time since last: 3000307655 ns, Reaching safepoint: 652037 ns, Cleanup: 14352 ns, At safepoint: 88745 ns, Total: 755134 ns
[2025-10-13T20:22:57.920-0700][1256 ][info ][safepoint   ] Safepoint "Cleanup", Time since last: 33002834988 ns, Reaching safepoint: 649604 ns, Cleanup: 13200 ns, At safepoint: 90147 ns, Total: 752951 ns
[2025-10-13T20:23:22.936-0700][1256 ][info ][safepoint   ] Safepoint "Cleanup", Time since last: 25015923315 ns, Reaching safepoint: 565617 ns, Cleanup: 12559 ns, At safepoint: 58268 ns, Total: 636444 ns
[2025-10-13T20:23:23.937-0700][1256 ][info ][safepoint   ] Safepoint "Cleanup", Time since last: 1000118578 ns, Reaching safepoint: 629223 ns, Cleanup: 20190 ns, At safepoint: 92490 ns, Total: 741903 ns
[2025-10-13T20:23:24.938-0700][1256 ][info ][safepoint   ] Safepoint "Cleanup", Time since last: 1000113710 ns, Reaching safepoint: 647842 ns, Cleanup: 15493 ns, At safepoint: 94393 ns, Total: 757728 ns
[2025-10-13T20:23:30.939-0700][1256 ][info ][safepoint   ] Safepoint "Cleanup", Time since last: 6000530651 ns, Reaching safepoint: 629524 ns, Cleanup: 15243 ns, At safepoint: 60251 ns, Total: 705018 ns
[2025-10-13T20:23:34.940-0700][1256 ][info ][safepoint   ] Safepoint "Cleanup", Time since last: 4000334869 ns, Reaching safepoint: 633099 ns, Cleanup: 14071 ns, At safepoint: 88915 ns, Total: 736085 ns
[2025-10-13T20:23:42.942-0700][1256 ][info ][safepoint   ] Safepoint "Cleanup", Time since last: 8000663568 ns, Reaching safepoint: 643735 ns, Cleanup: 12579 ns, At safepoint: 58539 ns, Total: 714853 ns
[2025-10-13T20:23:48.943-0700][1256 ][info ][safepoint   ] Safepoint "Cleanup", Time since last: 6000482889 ns, Reaching safepoint: 656565 ns, Cleanup: 14572 ns, At safepoint: 90136 ns, Total: 761273 ns
[2025-10-13T20:23:53.944-0700][1256 ][info ][safepoint   ] Safepoint "Cleanup", Time since last: 5000463741 ns, Reaching safepoint: 634140 ns, Cleanup: 17056 ns, At safepoint: 89125 ns, Total: 740321 ns
[2025-10-13T20:23:57.945-0700][1256 ][info ][safepoint   ] Safepoint "Cleanup", Time since last: 4000368166 ns, Reaching safepoint: 635964 ns, Cleanup: 19930 ns, At safepoint: 91478 ns, Total: 747372 ns
[2025-10-13T20:24:07.958-0700][1256 ][info ][safepoint   ] Safepoint "Cleanup", Time since last: 10011880291 ns, Reaching safepoint: 635953 ns, Cleanup: 17607 ns, At safepoint: 61764 ns, Total: 715324 ns
[2025-10-13T20:24:17.959-0700][1256 ][info ][safepoint   ] Safepoint "Cleanup", Time since last: 10000894491 ns, Reaching safepoint: 640811 ns, Cleanup: 12529 ns, At safepoint: 90977 ns, Total: 744317 ns
[2025-10-13T20:24:22.960-0700][1256 ][info ][safepoint   ] Safepoint "Cleanup", Time since last: 5000451287 ns, Reaching safepoint: 633630 ns, Cleanup: 11728 ns, At safepoint: 56235 ns, Total: 701593 ns
[2025-10-13T20:24:35.962-0700][1256 ][info ][safepoint   ] Safepoint "Cleanup", Time since last: 13001183363 ns, Reaching safepoint: 622513 ns, Cleanup: 12709 ns, At safepoint: 57217 ns, Total: 692439 ns
[2025-10-13T20:24:37.963-0700][1256 ][info ][safepoint   ] Safepoint "Cleanup", Time since last: 2000218751 ns, Reaching safepoint: 650004 ns, Cleanup: 13120 ns, At safepoint: 58148 ns, Total: 721272 ns
[2025-10-13T20:25:06.980-0700][1256 ][info ][safepoint   ] Safepoint "Cleanup", Time since last: 29016329783 ns, Reaching safepoint: 659459 ns, Cleanup: 14131 ns, At safepoint: 90347 ns, Total: 763937 ns
[2025-10-13T20:25:29.983-0700][1256 ][info ][safepoint   ] Safepoint "Cleanup", Time since last: 23001839869 ns, Reaching safepoint: 634411 ns, Cleanup: 14422 ns, At safepoint: 95564 ns, Total: 744397 ns
[2025-10-13T20:25:39.985-0700][1256 ][info ][safepoint   ] Safepoint "Cleanup", Time since last: 10000843994 ns, Reaching safepoint: 655753 ns, Cleanup: 14011 ns, At safepoint: 105270 ns, Total: 775034 ns
[2025-10-13T20:25:44.986-0700][1256 ][info ][safepoint   ] Safepoint "Cleanup", Time since last: 5000447460 ns, Reaching safepoint: 646169 ns, Cleanup: 14401 ns, At safepoint: 96116 ns, Total: 756686 ns
[2025-10-13T20:25:48.987-0700][1256 ][info ][safepoint   ] Safepoint "Cleanup", Time since last: 4000375891 ns, Reaching safepoint: 642754 ns, Cleanup: 13400 ns, At safepoint: 97168 ns, Total: 753322 ns
[2025-10-13T20:25:51.988-0700][1256 ][info ][safepoint   ] Safepoint "Cleanup", Time since last: 3000290130 ns, Reaching safepoint: 645538 ns, Cleanup: 15343 ns, At safepoint: 93732 ns, Total: 754613 ns
[2025-10-13T20:26:14.001-0700][1256 ][info ][safepoint   ] Safepoint "Cleanup", Time since last: 22012537939 ns, Reaching safepoint: 643365 ns, Cleanup: 15133 ns, At safepoint: 103527 ns, Total: 762025 ns
[2025-10-13T20:26:18.002-0700][1256 ][info ][safepoint   ] Safepoint "Cleanup", Time since last: 4000377943 ns, Reaching safepoint: 649975 ns, Cleanup: 28553 ns, At safepoint: 91048 ns, Total: 769576 ns
[2025-10-13T20:26:19.003-0700][1256 ][info ][safepoint   ] Safepoint "Cleanup", Time since last: 1000132133 ns, Reaching safepoint: 657446 ns, Cleanup: 14952 ns, At safepoint: 64628 ns, Total: 737026 ns
[2025-10-13T20:26:20.004-0700][1256 ][info ][safepoint   ] Safepoint "Cleanup", Time since last: 1000129119 ns, Reaching safepoint: 603414 ns, Cleanup: 13210 ns, At safepoint: 57297 ns, Total: 673921 ns
[2025-10-13T20:27:13.021-0700][1256 ][info ][safepoint   ] Safepoint "Cleanup", Time since last: 53015892868 ns, Reaching safepoint: 663105 ns, Cleanup: 11056 ns, At safepoint: 56516 ns, Total: 730677 ns
[2025-10-13T20:27:18.022-0700][1256 ][info ][safepoint   ] Safepoint "Cleanup", Time since last: 5000395722 ns, Reaching safepoint: 659960 ns, Cleanup: 31167 ns, At safepoint: 90718 ns, Total: 781845 ns
[2025-10-13T20:27:23.023-0700][1256 ][info ][safepoint   ] Safepoint "Cleanup", Time since last: 5000392767 ns, Reaching safepoint: 569263 ns, Cleanup: 11307 ns, At safepoint: 57827 ns, Total: 638397 ns
[2025-10-13T20:27:24.024-0700][1256 ][info ][safepoint   ] Safepoint "Cleanup", Time since last: 1000108986 ns, Reaching safepoint: 650586 ns, Cleanup: 15363 ns, At safepoint: 90537 ns, Total: 756486 ns
[2025-10-13T20:28:23.043-0700][1256 ][info ][safepoint   ] Safepoint "Cleanup", Time since last: 59018595922 ns, Reaching safepoint: 647701 ns, Cleanup: 17487 ns, At safepoint: 94162 ns, Total: 759350 ns
[2025-10-13T20:28:26.056-0700][1256 ][info ][safepoint   ] Safepoint "Cleanup", Time since last: 3000309269 ns, Reaching safepoint: 12211947 ns, Cleanup: 89366 ns, At safepoint: 66200 ns, Total: 12367513 ns
[2025-10-13T20:28:27.057-0700][1256 ][info ][safepoint   ] Safepoint "Cleanup", Time since last: 1000135128 ns, Reaching safepoint: 539507 ns, Cleanup: 52039 ns, At safepoint: 72179 ns, Total: 663725 ns
[2025-10-13T20:28:28.057-0700][1256 ][info ][safepoint   ] Safepoint "Cleanup", Time since last: 1000124072 ns, Reaching safepoint: 483131 ns, Cleanup: 22655 ns, At safepoint: 89966 ns, Total: 595752 ns
[2025-10-13T20:28:29.058-0700][1256 ][info ][safepoint   ] Safepoint "Cleanup", Time since last: 1000104692 ns, Reaching safepoint: 117498 ns, Cleanup: 77177 ns, At safepoint: 14953 ns, Total: 209628 ns
[2025-10-13T20:28:30.058-0700][1256 ][info ][safepoint   ] Safepoint "Cleanup", Time since last: 1000131933 ns, Reaching safepoint: 103847 ns, Cleanup: 36225 ns, At safepoint: 9625 ns, Total: 149697 ns
[2025-10-13T20:28:31.249-0700][44093][info ][gc,heap,exit] Heap
[2025-10-13T20:28:31.249-0700][44093][info ][gc,heap,exit]  garbage-first heap   total 188743680K, used 88585129K [0x00007f8a0a000000, 0x00007fb70a000000)
[2025-10-13T20:28:31.249-0700][44093][info ][gc,heap,exit]   region size 32768K, 2152 young (70516736K), 103 survivors (3375104K)
[2025-10-13T20:28:31.249-0700][44093][info ][gc,heap,exit]  Metaspace       used 323510K, committed 329792K, reserved 1376256K
[2025-10-13T20:28:31.249-0700][44093][info ][gc,heap,exit]   class space    used 38565K, committed 41472K, reserved 1048576K
