[2025-10-15T04:42:59.784-0700][1082][info][gc,init] CardTable entry size: 512
[2025-10-15T04:42:59.784-0700][1082][debug][gc,remset] Card Set container configuration: InlinePtr #cards 3 size 8 Array Of Cards #cards 256 size 528 Howl #buckets 8 coarsen threshold 58982 Howl Bitmap #cards 8192 size 1040 coarsen threshold 7372 Card regions per heap region 1 cards per card region 65536
[2025-10-15T04:42:59.784-0700][1082][info ][gc       ] Using G1
[2025-10-15T04:43:04.136-0700][1082][info ][gc,init  ] Version: 21.0.2-internal-adhoc.leochashnikov.labs-openjdk-21 (release)
[2025-10-15T04:43:04.136-0700][1082][info ][gc,init  ] CPUs: 176 total, 176 available
[2025-10-15T04:43:04.136-0700][1082][info ][gc,init  ] Memory: 251G
[2025-10-15T04:43:04.136-0700][1082][info ][gc,init  ] Large Page Support: Disabled
[2025-10-15T04:43:04.136-0700][1082][info ][gc,init  ] NUMA Support: Disabled
[2025-10-15T04:43:04.136-0700][1082][info ][gc,init  ] Compressed Oops: Disabled
[2025-10-15T04:43:04.136-0700][1082][info ][gc,init  ] Heap Region Size: 32M
[2025-10-15T04:43:04.136-0700][1082][info ][gc,init  ] Heap Min Capacity: 180G
[2025-10-15T04:43:04.136-0700][1082][info ][gc,init  ] Heap Initial Capacity: 180G
[2025-10-15T04:43:04.136-0700][1082][info ][gc,init  ] Heap Max Capacity: 180G
[2025-10-15T04:43:04.136-0700][1082][info ][gc,init  ] Pre-touch: Enabled
[2025-10-15T04:43:04.136-0700][1082][info ][gc,init  ] Parallel Workers: 113
[2025-10-15T04:43:04.136-0700][1082][info ][gc,init  ] Concurrent Workers: 36
[2025-10-15T04:43:04.136-0700][1082][info ][gc,init  ] Concurrent Refinement Workers: 113
[2025-10-15T04:43:04.136-0700][1082][info ][gc,init  ] Periodic GC: Disabled
[2025-10-15T04:43:04.136-0700][1082][info ][gc,metaspace] CDS archive(s) not mapped
[2025-10-15T04:43:04.136-0700][1082][info ][gc,metaspace] Compressed class space mapped at: 0x0000000080000000-0x00000000c0000000, reserved size: 1073741824
[2025-10-15T04:43:04.136-0700][1082][info ][gc,metaspace] Narrow klass base: 0x0000000000000000, Narrow klass shift: 0, Narrow klass range: 0xc0000000
[2025-10-15T04:43:04.529-0700][1246][info ][safepoint   ] Safepoint "ICBufferFull", Time since last: 361276054 ns, Reaching safepoint: 3214 ns, Cleanup: 137287 ns, At safepoint: 2804 ns, Total: 143305 ns
[2025-10-15T04:43:04.574-0700][1246][info ][gc,start    ] GC(0) Pause Young (Concurrent Start) (Metadata GC Threshold)
[2025-10-15T04:43:04.574-0700][1246][info ][gc,task     ] GC(0) Using 113 workers of 113 for evacuation
[2025-10-15T04:43:04.576-0700][1246][debug][gc,remset   ] GC(0) Visited cards 0 Total dirty 0 (0.00%) Total old 524288 (0.00%)
[2025-10-15T04:43:04.583-0700][1246][info ][gc,phases   ] GC(0)   Pre Evacuate Collection Set: 0.5ms
[2025-10-15T04:43:04.583-0700][1246][info ][gc,phases   ] GC(0)   Merge Heap Roots: 1.1ms
[2025-10-15T04:43:04.583-0700][1246][info ][gc,phases   ] GC(0)   Evacuate Collection Set: 4.9ms
[2025-10-15T04:43:04.583-0700][1246][info ][gc,phases   ] GC(0)   Post Evacuate Collection Set: 1.8ms
[2025-10-15T04:43:04.583-0700][1246][info ][gc,phases   ] GC(0)   Other: 0.1ms
[2025-10-15T04:43:04.583-0700][1246][debug][gc,remset   ] GC(0) Coarsening (recent): Inline->AoC 0 (0) AoC->Howl 0 (0) Howl->Full 0 (0) Inline->AoC 0 (0) AoC->BitMap 0 (0) BitMap->Full 0 (0) 
[2025-10-15T04:43:04.583-0700][1246][debug][gc,remset   ] GC(0) Coarsening (all): Inline->AoC 0 (0) AoC->Howl 0 (0) Howl->Full 0 (0) Inline->AoC 0 (0) AoC->BitMap 0 (0) BitMap->Full 0 (0) 
[2025-10-15T04:43:04.583-0700][1246][info ][gc,heap     ] GC(0) Eden regions: 4->0(287)
[2025-10-15T04:43:04.583-0700][1246][info ][gc,heap     ] GC(0) Survivor regions: 0->1(36)
[2025-10-15T04:43:04.583-0700][1246][info ][gc,heap     ] GC(0) Old regions: 0->0
[2025-10-15T04:43:04.583-0700][1246][info ][gc,heap     ] GC(0) Humongous regions: 0->0
[2025-10-15T04:43:04.583-0700][1246][info ][gc,metaspace] GC(0) Metaspace: 21337K(21504K)->21337K(21504K) NonClass: 19066K(19136K)->19066K(19136K) Class: 2271K(2368K)->2271K(2368K)
[2025-10-15T04:43:04.583-0700][1246][info ][gc          ] GC(0) Pause Young (Concurrent Start) (Metadata GC Threshold) 128M->15M(184320M) 8.650ms
[2025-10-15T04:43:04.583-0700][1085][info ][gc          ] GC(1) Concurrent Mark Cycle
[2025-10-15T04:43:04.583-0700][1246][info ][gc,cpu      ] GC(0) User=0.09s Sys=0.32s Real=0.01s
[2025-10-15T04:43:04.583-0700][1085][info ][gc,marking  ] GC(1) Concurrent Scan Root Regions
[2025-10-15T04:43:04.583-0700][1246][info ][safepoint   ] Safepoint "CollectForMetadataAllocation", Time since last: 45532710 ns, Reaching safepoint: 66340 ns, Cleanup: 44637 ns, At safepoint: 8788904 ns, Total: 8899881 ns
[2025-10-15T04:43:04.586-0700][1085][info ][gc,marking  ] GC(1) Concurrent Scan Root Regions 2.523ms
[2025-10-15T04:43:04.586-0700][1085][info ][gc,marking  ] GC(1) Concurrent Mark
[2025-10-15T04:43:04.586-0700][1085][info ][gc,marking  ] GC(1) Concurrent Mark From Roots
[2025-10-15T04:43:04.587-0700][1085][info ][gc,task     ] GC(1) Using 36 workers of 36 for marking
[2025-10-15T04:43:04.591-0700][1085][info ][gc,marking  ] GC(1) Concurrent Mark From Roots 5.311ms
[2025-10-15T04:43:04.591-0700][1085][info ][gc,marking  ] GC(1) Concurrent Preclean
[2025-10-15T04:43:04.591-0700][1085][info ][gc,marking  ] GC(1) Concurrent Preclean 0.010ms
[2025-10-15T04:43:04.591-0700][1246][info ][safepoint   ] Safepoint "CollectForMetadataAllocation", Time since last: 7837691 ns, Reaching safepoint: 73932 ns, Cleanup: 8272 ns, At safepoint: 30807 ns, Total: 113011 ns
[2025-10-15T04:43:04.591-0700][1246][info ][gc,start    ] GC(1) Pause Remark
[2025-10-15T04:43:04.593-0700][1246][info ][gc          ] GC(1) Pause Remark 79M->79M(184320M) 1.902ms
[2025-10-15T04:43:04.593-0700][1246][info ][gc,cpu      ] GC(1) User=0.00s Sys=0.07s Real=0.00s
[2025-10-15T04:43:04.593-0700][1246][info ][safepoint   ] Safepoint "G1PauseRemark", Time since last: 30075 ns, Reaching safepoint: 64567 ns, Cleanup: 551 ns, At safepoint: 1953111 ns, Total: 2018229 ns
[2025-10-15T04:43:04.593-0700][1085][info ][gc,marking  ] GC(1) Concurrent Mark 7.505ms
[2025-10-15T04:43:04.593-0700][1085][info ][gc,marking  ] GC(1) Concurrent Rebuild Remembered Sets and Scrub Regions
[2025-10-15T04:43:04.593-0700][1085][info ][gc,marking  ] GC(1) Concurrent Rebuild Remembered Sets and Scrub Regions 0.108ms
[2025-10-15T04:43:04.593-0700][1246][info ][gc,start    ] GC(1) Pause Cleanup
[2025-10-15T04:43:04.593-0700][1246][info ][gc          ] GC(1) Pause Cleanup 79M->79M(184320M) 0.008ms
[2025-10-15T04:43:04.593-0700][1246][info ][gc,cpu      ] GC(1) User=0.00s Sys=0.00s Real=0.00s
[2025-10-15T04:43:04.593-0700][1246][info ][safepoint   ] Safepoint "G1PauseCleanup", Time since last: 141403 ns, Reaching safepoint: 77016 ns, Cleanup: 551 ns, At safepoint: 21342 ns, Total: 98909 ns
[2025-10-15T04:43:04.593-0700][1085][info ][gc,marking  ] GC(1) Concurrent Clear Claimed Marks
[2025-10-15T04:43:04.593-0700][1085][info ][gc,marking  ] GC(1) Concurrent Clear Claimed Marks 0.016ms
[2025-10-15T04:43:04.593-0700][1085][info ][gc,marking  ] GC(1) Concurrent Cleanup for Next Mark
[2025-10-15T04:43:04.618-0700][1085][info ][gc,marking  ] GC(1) Concurrent Cleanup for Next Mark 24.404ms
[2025-10-15T04:43:04.618-0700][1085][info ][gc          ] GC(1) Concurrent Mark Cycle 34.802ms
[2025-10-15T04:43:04.794-0700][1246][info ][safepoint   ] Safepoint "ICBufferFull", Time since last: 200999791 ns, Reaching safepoint: 68192 ns, Cleanup: 136306 ns, At safepoint: 3525 ns, Total: 208023 ns
[2025-10-15T04:43:04.911-0700][1246][info ][gc,start    ] GC(2) Pause Young (Concurrent Start) (Metadata GC Threshold)
[2025-10-15T04:43:04.911-0700][1246][info ][gc,task     ] GC(2) Using 113 workers of 113 for evacuation
[2025-10-15T04:43:04.912-0700][1246][debug][gc,remset   ] GC(2) Visited cards 0 Total dirty 0 (0.00%) Total old 655360 (0.00%)
[2025-10-15T04:43:04.922-0700][1246][info ][gc,phases   ] GC(2)   Pre Evacuate Collection Set: 0.5ms
[2025-10-15T04:43:04.922-0700][1246][info ][gc,phases   ] GC(2)   Merge Heap Roots: 0.8ms
[2025-10-15T04:43:04.922-0700][1246][info ][gc,phases   ] GC(2)   Evacuate Collection Set: 7.6ms
[2025-10-15T04:43:04.922-0700][1246][info ][gc,phases   ] GC(2)   Post Evacuate Collection Set: 1.7ms
[2025-10-15T04:43:04.922-0700][1246][info ][gc,phases   ] GC(2)   Other: 0.1ms
[2025-10-15T04:43:04.922-0700][1246][debug][gc,remset   ] GC(2) Coarsening (recent): Inline->AoC 0 (0) AoC->Howl 0 (0) Howl->Full 0 (0) Inline->AoC 0 (0) AoC->BitMap 0 (0) BitMap->Full 0 (0) 
[2025-10-15T04:43:04.922-0700][1246][debug][gc,remset   ] GC(2) Coarsening (all): Inline->AoC 0 (0) AoC->Howl 0 (0) Howl->Full 0 (0) Inline->AoC 0 (0) AoC->BitMap 0 (0) BitMap->Full 0 (0) 
[2025-10-15T04:43:04.922-0700][1246][info ][gc,heap     ] GC(2) Eden regions: 4->0(287)
[2025-10-15T04:43:04.922-0700][1246][info ][gc,heap     ] GC(2) Survivor regions: 1->1(36)
[2025-10-15T04:43:04.922-0700][1246][info ][gc,heap     ] GC(2) Old regions: 0->0
[2025-10-15T04:43:04.922-0700][1246][info ][gc,heap     ] GC(2) Humongous regions: 0->0
[2025-10-15T04:43:04.922-0700][1246][info ][gc,metaspace] GC(2) Metaspace: 36229K(36480K)->36229K(36480K) NonClass: 32199K(32320K)->32199K(32320K) Class: 4029K(4160K)->4029K(4160K)
[2025-10-15T04:43:04.922-0700][1246][info ][gc          ] GC(2) Pause Young (Concurrent Start) (Metadata GC Threshold) 111M->23M(184320M) 10.871ms
[2025-10-15T04:43:04.922-0700][1085][info ][gc          ] GC(3) Concurrent Mark Cycle
[2025-10-15T04:43:04.922-0700][1246][info ][gc,cpu      ] GC(2) User=0.38s Sys=0.28s Real=0.01s
[2025-10-15T04:43:04.922-0700][1085][info ][gc,marking  ] GC(3) Concurrent Scan Root Regions
[2025-10-15T04:43:04.922-0700][1246][info ][safepoint   ] Safepoint "CollectForMetadataAllocation", Time since last: 116390382 ns, Reaching safepoint: 2744 ns, Cleanup: 58739 ns, At safepoint: 11010719 ns, Total: 11072202 ns
[2025-10-15T04:43:04.927-0700][1085][info ][gc,marking  ] GC(3) Concurrent Scan Root Regions 4.764ms
[2025-10-15T04:43:04.927-0700][1085][info ][gc,marking  ] GC(3) Concurrent Mark
[2025-10-15T04:43:04.927-0700][1085][info ][gc,marking  ] GC(3) Concurrent Mark From Roots
[2025-10-15T04:43:04.927-0700][1085][info ][gc,task     ] GC(3) Using 36 workers of 36 for marking
[2025-10-15T04:43:04.930-0700][1085][info ][gc,marking  ] GC(3) Concurrent Mark From Roots 3.570ms
[2025-10-15T04:43:04.930-0700][1085][info ][gc,marking  ] GC(3) Concurrent Preclean
[2025-10-15T04:43:04.930-0700][1085][info ][gc,marking  ] GC(3) Concurrent Preclean 0.008ms
[2025-10-15T04:43:04.930-0700][1246][info ][gc,start    ] GC(3) Pause Remark
[2025-10-15T04:43:04.933-0700][1246][info ][gc          ] GC(3) Pause Remark 71M->71M(184320M) 2.136ms
[2025-10-15T04:43:04.933-0700][1246][info ][gc,cpu      ] GC(3) User=0.09s Sys=0.00s Real=0.00s
[2025-10-15T04:43:04.933-0700][1246][info ][safepoint   ] Safepoint "G1PauseRemark", Time since last: 8347920 ns, Reaching safepoint: 67551 ns, Cleanup: 12960 ns, At safepoint: 2198731 ns, Total: 2279242 ns
[2025-10-15T04:43:04.933-0700][1085][info ][gc,marking  ] GC(3) Concurrent Mark 5.901ms
[2025-10-15T04:43:04.933-0700][1085][info ][gc,marking  ] GC(3) Concurrent Rebuild Remembered Sets and Scrub Regions
[2025-10-15T04:43:04.933-0700][1085][info ][gc,marking  ] GC(3) Concurrent Rebuild Remembered Sets and Scrub Regions 0.097ms
[2025-10-15T04:43:04.933-0700][1246][info ][gc,start    ] GC(3) Pause Cleanup
[2025-10-15T04:43:04.933-0700][1246][info ][gc          ] GC(3) Pause Cleanup 71M->71M(184320M) 0.009ms
[2025-10-15T04:43:04.933-0700][1246][info ][gc,cpu      ] GC(3) User=0.00s Sys=0.00s Real=0.00s
[2025-10-15T04:43:04.933-0700][1246][info ][safepoint   ] Safepoint "G1PauseCleanup", Time since last: 129935 ns, Reaching safepoint: 65249 ns, Cleanup: 1422 ns, At safepoint: 21282 ns, Total: 87953 ns
[2025-10-15T04:43:04.933-0700][1085][info ][gc,marking  ] GC(3) Concurrent Clear Claimed Marks
[2025-10-15T04:43:04.933-0700][1085][info ][gc,marking  ] GC(3) Concurrent Clear Claimed Marks 0.026ms
[2025-10-15T04:43:04.933-0700][1085][info ][gc,marking  ] GC(3) Concurrent Cleanup for Next Mark
[2025-10-15T04:43:04.957-0700][1085][info ][gc,marking  ] GC(3) Concurrent Cleanup for Next Mark 24.367ms
[2025-10-15T04:43:04.957-0700][1085][info ][gc          ] GC(3) Concurrent Mark Cycle 35.362ms
[2025-10-15T04:43:05.066-0700][1246][info ][safepoint   ] Safepoint "ICBufferFull", Time since last: 132958229 ns, Reaching safepoint: 257487 ns, Cleanup: 153702 ns, At safepoint: 8773 ns, Total: 419962 ns
[2025-10-15T04:43:05.066-0700][1246][info ][safepoint   ] Safepoint "ICBufferFull", Time since last: 39299 ns, Reaching safepoint: 104047 ns, Cleanup: 3305 ns, At safepoint: 8563 ns, Total: 115915 ns
[2025-10-15T04:43:05.093-0700][1246][info ][safepoint   ] Safepoint "ICBufferFull", Time since last: 26702727 ns, Reaching safepoint: 68984 ns, Cleanup: 169084 ns, At safepoint: 10136 ns, Total: 248204 ns
[2025-10-15T04:43:05.129-0700][1246][info ][safepoint   ] Safepoint "ICBufferFull", Time since last: 35804992 ns, Reaching safepoint: 131648 ns, Cleanup: 173582 ns, At safepoint: 9785 ns, Total: 315015 ns
[2025-10-15T04:43:05.174-0700][1246][info ][safepoint   ] Safepoint "ICBufferFull", Time since last: 44457030 ns, Reaching safepoint: 194282 ns, Cleanup: 162966 ns, At safepoint: 9624 ns, Total: 366872 ns
[2025-10-15T04:43:05.244-0700][1246][info ][safepoint   ] Safepoint "ICBufferFull", Time since last: 68834787 ns, Reaching safepoint: 384358 ns, Cleanup: 166561 ns, At safepoint: 10907 ns, Total: 561826 ns
[2025-10-15T04:43:05.309-0700][1246][info ][safepoint   ] Safepoint "ICBufferFull", Time since last: 64738979 ns, Reaching safepoint: 69405 ns, Cleanup: 180091 ns, At safepoint: 9845 ns, Total: 259341 ns
[2025-10-15T04:43:05.356-0700][1246][info ][safepoint   ] Safepoint "ICBufferFull", Time since last: 47535285 ns, Reaching safepoint: 68192 ns, Cleanup: 158659 ns, At safepoint: 10696 ns, Total: 237547 ns
[2025-10-15T04:43:05.387-0700][1246][info ][safepoint   ] Safepoint "ICBufferFull", Time since last: 29871979 ns, Reaching safepoint: 318170 ns, Cleanup: 122204 ns, At safepoint: 10365 ns, Total: 450739 ns
[2025-10-15T04:43:05.483-0700][1246][info ][safepoint   ] Safepoint "ICBufferFull", Time since last: 95715291 ns, Reaching safepoint: 384920 ns, Cleanup: 172920 ns, At safepoint: 13701 ns, Total: 571541 ns
[2025-10-15T04:43:05.604-0700][1246][info ][safepoint   ] Safepoint "ICBufferFull", Time since last: 120051816 ns, Reaching safepoint: 392501 ns, Cleanup: 188293 ns, At safepoint: 17366 ns, Total: 598160 ns
[2025-10-15T04:43:05.614-0700][1246][info ][safepoint   ] Safepoint "ICBufferFull", Time since last: 10556095 ns, Reaching safepoint: 112419 ns, Cleanup: 126160 ns, At safepoint: 9534 ns, Total: 248113 ns
[2025-10-15T04:43:05.614-0700][1246][info ][safepoint   ] Safepoint "ICBufferFull", Time since last: 19740 ns, Reaching safepoint: 4627 ns, Cleanup: 491 ns, At safepoint: 3755 ns, Total: 8873 ns
[2025-10-15T04:43:05.666-0700][1246][info ][safepoint   ] Safepoint "ICBufferFull", Time since last: 51143559 ns, Reaching safepoint: 131047 ns, Cleanup: 135003 ns, At safepoint: 15454 ns, Total: 281504 ns
[2025-10-15T04:43:05.791-0700][1246][info ][safepoint   ] Safepoint "ICBufferFull", Time since last: 124298660 ns, Reaching safepoint: 422997 ns, Cleanup: 173691 ns, At safepoint: 9995 ns, Total: 606683 ns
[2025-10-15T04:43:05.791-0700][1246][info ][safepoint   ] Safepoint "ICBufferFull", Time since last: 39580 ns, Reaching safepoint: 66820 ns, Cleanup: 2755 ns, At safepoint: 7952 ns, Total: 77527 ns
[2025-10-15T04:43:05.792-0700][1246][info ][safepoint   ] Safepoint "ICBufferFull", Time since last: 121362 ns, Reaching safepoint: 515406 ns, Cleanup: 15494 ns, At safepoint: 8442 ns, Total: 539342 ns
[2025-10-15T04:43:05.795-0700][1246][info ][safepoint   ] Safepoint "ICBufferFull", Time since last: 2981119 ns, Reaching safepoint: 192400 ns, Cleanup: 115664 ns, At safepoint: 8953 ns, Total: 317017 ns
[2025-10-15T04:43:05.795-0700][1246][info ][safepoint   ] Safepoint "ICBufferFull", Time since last: 14843 ns, Reaching safepoint: 475145 ns, Cleanup: 2174 ns, At safepoint: 7321 ns, Total: 484640 ns
[2025-10-15T04:43:05.802-0700][1246][info ][safepoint   ] Safepoint "ICBufferFull", Time since last: 6786749 ns, Reaching safepoint: 75954 ns, Cleanup: 126310 ns, At safepoint: 9094 ns, Total: 211358 ns
[2025-10-15T04:43:05.853-0700][1246][info ][safepoint   ] Safepoint "ICBufferFull", Time since last: 50420640 ns, Reaching safepoint: 509977 ns, Cleanup: 157698 ns, At safepoint: 11037 ns, Total: 678712 ns
[2025-10-15T04:43:05.868-0700][1246][info ][safepoint   ] Safepoint "ICBufferFull", Time since last: 13942483 ns, Reaching safepoint: 193492 ns, Cleanup: 163275 ns, At safepoint: 9084 ns, Total: 365851 ns
[2025-10-15T04:43:05.868-0700][1246][info ][safepoint   ] Safepoint "ICBufferFull", Time since last: 21573 ns, Reaching safepoint: 627284 ns, Cleanup: 551 ns, At safepoint: 8773 ns, Total: 636608 ns
[2025-10-15T04:43:05.876-0700][1246][info ][safepoint   ] Safepoint "ICBufferFull", Time since last: 7572362 ns, Reaching safepoint: 132740 ns, Cleanup: 130396 ns, At safepoint: 8924 ns, Total: 272060 ns
[2025-10-15T04:43:05.918-0700][1246][info ][safepoint   ] Safepoint "ICBufferFull", Time since last: 41406837 ns, Reaching safepoint: 69935 ns, Cleanup: 134593 ns, At safepoint: 10366 ns, Total: 214894 ns
[2025-10-15T04:43:05.969-0700][1246][info ][safepoint   ] Safepoint "ICBufferFull", Time since last: 50269602 ns, Reaching safepoint: 254704 ns, Cleanup: 166851 ns, At safepoint: 11077 ns, Total: 432632 ns
[2025-10-15T04:43:06.054-0700][1246][info ][safepoint   ] Safepoint "ICBufferFull", Time since last: 85123723 ns, Reaching safepoint: 263887 ns, Cleanup: 188233 ns, At safepoint: 15043 ns, Total: 467163 ns
[2025-10-15T04:43:06.125-0700][1246][info ][safepoint   ] Safepoint "ICBufferFull", Time since last: 70512092 ns, Reaching safepoint: 591401 ns, Cleanup: 158809 ns, At safepoint: 12078 ns, Total: 762288 ns
[2025-10-15T04:43:06.224-0700][1246][info ][safepoint   ] Safepoint "ICBufferFull", Time since last: 97633149 ns, Reaching safepoint: 383087 ns, Cleanup: 161513 ns, At safepoint: 11828 ns, Total: 556428 ns
[2025-10-15T04:43:06.299-0700][1246][info ][safepoint   ] Safepoint "ICBufferFull", Time since last: 74923645 ns, Reaching safepoint: 6589 ns, Cleanup: 145680 ns, At safepoint: 10946 ns, Total: 163215 ns
[2025-10-15T04:43:06.380-0700][1246][info ][safepoint   ] Safepoint "ICBufferFull", Time since last: 80735015 ns, Reaching safepoint: 508927 ns, Cleanup: 140792 ns, At safepoint: 10205 ns, Total: 659924 ns
[2025-10-15T04:43:06.511-0700][1246][info ][safepoint   ] Safepoint "ICBufferFull", Time since last: 130429532 ns, Reaching safepoint: 321764 ns, Cleanup: 173782 ns, At safepoint: 11367 ns, Total: 506913 ns
[2025-10-15T04:43:06.511-0700][1246][info ][safepoint   ] Safepoint "ICBufferFull", Time since last: 37346 ns, Reaching safepoint: 66720 ns, Cleanup: 1883 ns, At safepoint: 8513 ns, Total: 77116 ns
[2025-10-15T04:43:06.641-0700][1246][info ][safepoint   ] Safepoint "ICBufferFull", Time since last: 129931221 ns, Reaching safepoint: 175655 ns, Cleanup: 182785 ns, At safepoint: 13480 ns, Total: 371920 ns
[2025-10-15T04:43:06.804-0700][1246][info ][safepoint   ] Safepoint "ICBufferFull", Time since last: 162088992 ns, Reaching safepoint: 449327 ns, Cleanup: 205820 ns, At safepoint: 13029 ns, Total: 668176 ns
[2025-10-15T04:43:06.939-0700][1246][info ][safepoint   ] Safepoint "ICBufferFull", Time since last: 134457176 ns, Reaching safepoint: 445792 ns, Cleanup: 206190 ns, At safepoint: 12219 ns, Total: 664201 ns
[2025-10-15T04:43:07.056-0700][1246][info ][safepoint   ] Safepoint "ICBufferFull", Time since last: 115761545 ns, Reaching safepoint: 289867 ns, Cleanup: 184247 ns, At safepoint: 11197 ns, Total: 485311 ns
[2025-10-15T04:43:07.173-0700][1246][info ][safepoint   ] Safepoint "ICBufferFull", Time since last: 117442116 ns, Reaching safepoint: 134863 ns, Cleanup: 195314 ns, At safepoint: 11567 ns, Total: 341744 ns
[2025-10-15T04:43:07.260-0700][1246][info ][safepoint   ] Safepoint "ICBufferFull", Time since last: 85991881 ns, Reaching safepoint: 321684 ns, Cleanup: 180001 ns, At safepoint: 9965 ns, Total: 511650 ns
[2025-10-15T04:43:07.451-0700][1246][info ][safepoint   ] Safepoint "ICBufferFull", Time since last: 191011061 ns, Reaching safepoint: 71117 ns, Cleanup: 182555 ns, At safepoint: 10285 ns, Total: 263957 ns
[2025-10-15T04:43:07.451-0700][1246][info ][safepoint   ] Safepoint "ICBufferFull", Time since last: 60682 ns, Reaching safepoint: 193611 ns, Cleanup: 451 ns, At safepoint: 8513 ns, Total: 202575 ns
[2025-10-15T04:43:07.520-0700][1246][info ][safepoint   ] Safepoint "ICBufferFull", Time since last: 68586603 ns, Reaching safepoint: 70956 ns, Cleanup: 156576 ns, At safepoint: 10376 ns, Total: 237908 ns
[2025-10-15T04:43:07.614-0700][1246][info ][safepoint   ] Safepoint "ICBufferFull", Time since last: 93310811 ns, Reaching safepoint: 69875 ns, Cleanup: 195955 ns, At safepoint: 9204 ns, Total: 275034 ns
[2025-10-15T04:43:07.693-0700][1246][info ][safepoint   ] Safepoint "ICBufferFull", Time since last: 79157750 ns, Reaching safepoint: 74282 ns, Cleanup: 199170 ns, At safepoint: 13971 ns, Total: 287423 ns
[2025-10-15T04:43:07.739-0700][1246][info ][safepoint   ] Safepoint "ICBufferFull", Time since last: 45406259 ns, Reaching safepoint: 138709 ns, Cleanup: 180922 ns, At safepoint: 9875 ns, Total: 329506 ns
[2025-10-15T04:43:07.802-0700][1246][info ][safepoint   ] Safepoint "ICBufferFull", Time since last: 62265645 ns, Reaching safepoint: 74683 ns, Cleanup: 179250 ns, At safepoint: 10916 ns, Total: 264849 ns
[2025-10-15T04:43:07.802-0700][1246][info ][safepoint   ] Safepoint "ICBufferFull", Time since last: 44677 ns, Reaching safepoint: 6170 ns, Cleanup: 481 ns, At safepoint: 7010 ns, Total: 13661 ns
[2025-10-15T04:43:07.911-0700][1246][info ][safepoint   ] Safepoint "ICBufferFull", Time since last: 109375850 ns, Reaching safepoint: 71799 ns, Cleanup: 177537 ns, At safepoint: 5438 ns, Total: 254774 ns
[2025-10-15T04:43:07.976-0700][1246][info ][gc,start    ] GC(4) Pause Young (Concurrent Start) (Metadata GC Threshold)
[2025-10-15T04:43:07.976-0700][1246][info ][gc,task     ] GC(4) Using 113 workers of 113 for evacuation
[2025-10-15T04:43:07.977-0700][1246][debug][gc,remset   ] GC(4) Visited cards 0 Total dirty 0 (0.00%) Total old 21495808 (0.00%)
[2025-10-15T04:43:08.006-0700][1246][info ][gc,phases   ] GC(4)   Pre Evacuate Collection Set: 0.5ms
[2025-10-15T04:43:08.006-0700][1246][info ][gc,phases   ] GC(4)   Merge Heap Roots: 0.7ms
[2025-10-15T04:43:08.006-0700][1246][info ][gc,phases   ] GC(4)   Evacuate Collection Set: 24.3ms
[2025-10-15T04:43:08.006-0700][1246][info ][gc,phases   ] GC(4)   Post Evacuate Collection Set: 4.1ms
[2025-10-15T04:43:08.006-0700][1246][info ][gc,phases   ] GC(4)   Other: 0.4ms
[2025-10-15T04:43:08.006-0700][1246][debug][gc,remset   ] GC(4) Coarsening (recent): Inline->AoC 0 (0) AoC->Howl 0 (0) Howl->Full 0 (0) Inline->AoC 0 (0) AoC->BitMap 0 (0) BitMap->Full 0 (0) 
[2025-10-15T04:43:08.006-0700][1246][debug][gc,remset   ] GC(4) Coarsening (all): Inline->AoC 0 (0) AoC->Howl 0 (0) Howl->Full 0 (0) Inline->AoC 0 (0) AoC->BitMap 0 (0) BitMap->Full 0 (0) 
[2025-10-15T04:43:08.006-0700][1246][info ][gc,heap     ] GC(4) Eden regions: 163->0(286)
[2025-10-15T04:43:08.006-0700][1246][info ][gc,heap     ] GC(4) Survivor regions: 1->2(36)
[2025-10-15T04:43:08.006-0700][1246][info ][gc,heap     ] GC(4) Old regions: 0->0
[2025-10-15T04:43:08.006-0700][1246][info ][gc,heap     ] GC(4) Humongous regions: 0->0
[2025-10-15T04:43:08.006-0700][1246][info ][gc,metaspace] GC(4) Metaspace: 60932K(61376K)->60932K(61376K) NonClass: 53849K(54080K)->53849K(54080K) Class: 7083K(7296K)->7083K(7296K)
[2025-10-15T04:43:08.006-0700][1246][info ][gc          ] GC(4) Pause Young (Concurrent Start) (Metadata GC Threshold) 5239M->52M(184320M) 30.126ms
[2025-10-15T04:43:08.006-0700][1085][info ][gc          ] GC(5) Concurrent Mark Cycle
[2025-10-15T04:43:08.006-0700][1246][info ][gc,cpu      ] GC(4) User=0.96s Sys=0.11s Real=0.03s
[2025-10-15T04:43:08.006-0700][1085][info ][gc,marking  ] GC(5) Concurrent Scan Root Regions
[2025-10-15T04:43:08.006-0700][1246][info ][safepoint   ] Safepoint "CollectForMetadataAllocation", Time since last: 64715955 ns, Reaching safepoint: 8943 ns, Cleanup: 29995 ns, At safepoint: 30296759 ns, Total: 30335697 ns
[2025-10-15T04:43:08.014-0700][1085][info ][gc,marking  ] GC(5) Concurrent Scan Root Regions 8.192ms
[2025-10-15T04:43:08.014-0700][1085][info ][gc,marking  ] GC(5) Concurrent Mark
[2025-10-15T04:43:08.014-0700][1085][info ][gc,marking  ] GC(5) Concurrent Mark From Roots
[2025-10-15T04:43:08.014-0700][1085][info ][gc,task     ] GC(5) Using 36 workers of 36 for marking
[2025-10-15T04:43:08.018-0700][1085][info ][gc,marking  ] GC(5) Concurrent Mark From Roots 3.386ms
[2025-10-15T04:43:08.018-0700][1085][info ][gc,marking  ] GC(5) Concurrent Preclean
[2025-10-15T04:43:08.018-0700][1085][info ][gc,marking  ] GC(5) Concurrent Preclean 0.008ms
[2025-10-15T04:43:08.018-0700][1246][info ][gc,start    ] GC(5) Pause Remark
[2025-10-15T04:43:08.022-0700][1246][info ][gc          ] GC(5) Pause Remark 208M->208M(184320M) 3.945ms
[2025-10-15T04:43:08.022-0700][1246][info ][gc,cpu      ] GC(5) User=0.23s Sys=0.03s Real=0.01s
[2025-10-15T04:43:08.022-0700][1246][info ][safepoint   ] Safepoint "G1PauseRemark", Time since last: 11592065 ns, Reaching safepoint: 7651 ns, Cleanup: 46480 ns, At safepoint: 4027785 ns, Total: 4081916 ns
[2025-10-15T04:43:08.022-0700][1085][info ][gc,marking  ] GC(5) Concurrent Mark 7.528ms
[2025-10-15T04:43:08.022-0700][1085][info ][gc,marking  ] GC(5) Concurrent Rebuild Remembered Sets and Scrub Regions
[2025-10-15T04:43:08.022-0700][1085][info ][gc,marking  ] GC(5) Concurrent Rebuild Remembered Sets and Scrub Regions 0.097ms
[2025-10-15T04:43:08.022-0700][1246][info ][gc,start    ] GC(5) Pause Cleanup
[2025-10-15T04:43:08.022-0700][1246][info ][gc          ] GC(5) Pause Cleanup 208M->208M(184320M) 0.010ms
[2025-10-15T04:43:08.022-0700][1246][info ][gc,cpu      ] GC(5) User=0.00s Sys=0.00s Real=0.00s
[2025-10-15T04:43:08.022-0700][1246][info ][safepoint   ] Safepoint "G1PauseCleanup", Time since last: 140672 ns, Reaching safepoint: 69604 ns, Cleanup: 2334 ns, At safepoint: 28913 ns, Total: 100851 ns
[2025-10-15T04:43:08.022-0700][1085][info ][gc,marking  ] GC(5) Concurrent Clear Claimed Marks
[2025-10-15T04:43:08.022-0700][1085][info ][gc,marking  ] GC(5) Concurrent Clear Claimed Marks 0.051ms
[2025-10-15T04:43:08.022-0700][1085][info ][gc,marking  ] GC(5) Concurrent Cleanup for Next Mark
[2025-10-15T04:43:08.047-0700][1085][info ][gc,marking  ] GC(5) Concurrent Cleanup for Next Mark 24.632ms
[2025-10-15T04:43:08.047-0700][1085][info ][gc          ] GC(5) Concurrent Mark Cycle 40.764ms
[2025-10-15T04:43:08.208-0700][1246][info ][safepoint   ] Safepoint "ICBufferFull", Time since last: 185951643 ns, Reaching safepoint: 66360 ns, Cleanup: 160952 ns, At safepoint: 6901 ns, Total: 234213 ns
[2025-10-15T04:43:08.208-0700][1246][info ][safepoint   ] Safepoint "ICBufferFull", Time since last: 45138 ns, Reaching safepoint: 4126 ns, Cleanup: 3926 ns, At safepoint: 3946 ns, Total: 11998 ns
[2025-10-15T04:43:08.209-0700][1246][info ][safepoint   ] Safepoint "ICBufferFull", Time since last: 17977 ns, Reaching safepoint: 68093 ns, Cleanup: 2083 ns, At safepoint: 7441 ns, Total: 77617 ns
[2025-10-15T04:43:08.287-0700][1246][info ][safepoint   ] Safepoint "ICBufferFull", Time since last: 77844863 ns, Reaching safepoint: 70867 ns, Cleanup: 159961 ns, At safepoint: 4156 ns, Total: 234984 ns
[2025-10-15T04:43:08.380-0700][1246][info ][safepoint   ] Safepoint "ICBufferFull", Time since last: 93548649 ns, Reaching safepoint: 9043 ns, Cleanup: 187152 ns, At safepoint: 7962 ns, Total: 204157 ns
[2025-10-15T04:43:08.506-0700][1246][info ][safepoint   ] Safepoint "ICBufferFull", Time since last: 125586630 ns, Reaching safepoint: 71137 ns, Cleanup: 187762 ns, At safepoint: 5549 ns, Total: 264448 ns
[2025-10-15T04:43:08.699-0700][1246][info ][safepoint   ] Safepoint "ICBufferFull", Time since last: 192010916 ns, Reaching safepoint: 70076 ns, Cleanup: 175023 ns, At safepoint: 6710 ns, Total: 251809 ns
[2025-10-15T04:43:08.832-0700][1246][info ][safepoint   ] Safepoint "ICBufferFull", Time since last: 133683611 ns, Reaching safepoint: 45098 ns, Cleanup: 154904 ns, At safepoint: 4296 ns, Total: 204298 ns
[2025-10-15T04:43:08.999-0700][1246][info ][safepoint   ] Safepoint "ICBufferFull", Time since last: 166283949 ns, Reaching safepoint: 71758 ns, Cleanup: 175143 ns, At safepoint: 8844 ns, Total: 255745 ns
[2025-10-15T04:43:10.002-0700][1246][info ][safepoint   ] Safepoint "Cleanup", Time since last: 1003219526 ns, Reaching safepoint: 7902 ns, Cleanup: 130506 ns, At safepoint: 2684 ns, Total: 141092 ns
[2025-10-15T04:43:14.003-0700][1246][info ][safepoint   ] Safepoint "Cleanup", Time since last: 4000309101 ns, Reaching safepoint: 8342 ns, Cleanup: 14322 ns, At safepoint: 2994 ns, Total: 25658 ns
[2025-10-15T04:43:18.988-0700][1246][info ][safepoint   ] Safepoint "Cleanup", Time since last: 4985555694 ns, Reaching safepoint: 7311 ns, Cleanup: 22494 ns, At safepoint: 5188 ns, Total: 34993 ns
[2025-10-15T04:43:19.149-0700][1246][info ][safepoint   ] Safepoint "ICBufferFull", Time since last: 160682795 ns, Reaching safepoint: 74392 ns, Cleanup: 185489 ns, At safepoint: 3706 ns, Total: 263587 ns
[2025-10-15T04:43:19.303-0700][1246][info ][safepoint   ] Safepoint "ICBufferFull", Time since last: 153607841 ns, Reaching safepoint: 8132 ns, Cleanup: 188264 ns, At safepoint: 5438 ns, Total: 201834 ns
[2025-10-15T04:43:19.425-0700][1246][info ][safepoint   ] Safepoint "ICBufferFull", Time since last: 122193240 ns, Reaching safepoint: 63606 ns, Cleanup: 207703 ns, At safepoint: 10155 ns, Total: 281464 ns
[2025-10-15T04:43:19.553-0700][1246][info ][safepoint   ] Safepoint "ICBufferFull", Time since last: 127414622 ns, Reaching safepoint: 73831 ns, Cleanup: 182815 ns, At safepoint: 8112 ns, Total: 264758 ns
[2025-10-15T04:43:19.655-0700][1246][info ][safepoint   ] Safepoint "ICBufferFull", Time since last: 101566392 ns, Reaching safepoint: 80621 ns, Cleanup: 194353 ns, At safepoint: 13490 ns, Total: 288464 ns
[2025-10-15T04:43:19.707-0700][1246][info ][safepoint   ] Safepoint "ICBufferFull", Time since last: 51897994 ns, Reaching safepoint: 86951 ns, Cleanup: 187372 ns, At safepoint: 13010 ns, Total: 287333 ns
[2025-10-15T04:43:19.877-0700][1246][info ][safepoint   ] Safepoint "ICBufferFull", Time since last: 169548484 ns, Reaching safepoint: 18778 ns, Cleanup: 180562 ns, At safepoint: 9044 ns, Total: 208384 ns
[2025-10-15T04:43:20.182-0700][1246][info ][safepoint   ] Safepoint "ICBufferFull", Time since last: 304504691 ns, Reaching safepoint: 85900 ns, Cleanup: 186851 ns, At safepoint: 10536 ns, Total: 283287 ns
[2025-10-15T04:43:20.272-0700][1246][info ][safepoint   ] Safepoint "ICBufferFull", Time since last: 89662167 ns, Reaching safepoint: 87371 ns, Cleanup: 230497 ns, At safepoint: 12429 ns, Total: 330297 ns
[2025-10-15T04:43:20.366-0700][1246][info ][gc,start    ] GC(6) Pause Young (Normal) (G1 Evacuation Pause)
[2025-10-15T04:43:20.366-0700][1246][info ][gc,task     ] GC(6) Using 113 workers of 113 for evacuation
[2025-10-15T04:43:20.368-0700][1246][debug][gc,remset   ] GC(6) Visited cards 0 Total dirty 0 (0.00%) Total old 37748736 (0.00%)
[2025-10-15T04:43:20.416-0700][1246][info ][gc,phases   ] GC(6)   Pre Evacuate Collection Set: 0.5ms
[2025-10-15T04:43:20.416-0700][1246][info ][gc,phases   ] GC(6)   Merge Heap Roots: 0.7ms
[2025-10-15T04:43:20.417-0700][1246][info ][gc,phases   ] GC(6)   Evacuate Collection Set: 43.0ms
[2025-10-15T04:43:20.417-0700][1246][info ][gc,phases   ] GC(6)   Post Evacuate Collection Set: 5.9ms
[2025-10-15T04:43:20.417-0700][1246][info ][gc,phases   ] GC(6)   Other: 0.1ms
[2025-10-15T04:43:20.417-0700][1246][debug][gc,remset   ] GC(6) Coarsening (recent): Inline->AoC 0 (0) AoC->Howl 0 (0) Howl->Full 0 (0) Inline->AoC 0 (0) AoC->BitMap 0 (0) BitMap->Full 0 (0) 
[2025-10-15T04:43:20.417-0700][1246][debug][gc,remset   ] GC(6) Coarsening (all): Inline->AoC 0 (0) AoC->Howl 0 (0) Howl->Full 0 (0) Inline->AoC 0 (0) AoC->BitMap 0 (0) BitMap->Full 0 (0) 
[2025-10-15T04:43:20.417-0700][1246][info ][gc,heap     ] GC(6) Eden regions: 286->0(284)
[2025-10-15T04:43:20.417-0700][1246][info ][gc,heap     ] GC(6) Survivor regions: 2->4(36)
[2025-10-15T04:43:20.417-0700][1246][info ][gc,heap     ] GC(6) Old regions: 0->0
[2025-10-15T04:43:20.417-0700][1246][info ][gc,heap     ] GC(6) Humongous regions: 0->0
[2025-10-15T04:43:20.417-0700][1246][info ][gc,metaspace] GC(6) Metaspace: 97533K(98624K)->97533K(98624K) NonClass: 86026K(86656K)->86026K(86656K) Class: 11506K(11968K)->11506K(11968K)
[2025-10-15T04:43:20.417-0700][1246][info ][gc          ] GC(6) Pause Young (Normal) (G1 Evacuation Pause) 9204M->108M(184320M) 50.326ms
[2025-10-15T04:43:20.417-0700][1246][info ][gc,cpu      ] GC(6) User=0.96s Sys=1.27s Real=0.05s
[2025-10-15T04:43:20.417-0700][1246][info ][safepoint   ] Safepoint "G1CollectForAllocation", Time since last: 94214602 ns, Reaching safepoint: 90876 ns, Cleanup: 134263 ns, At safepoint: 50551306 ns, Total: 50776445 ns
[2025-10-15T04:43:20.664-0700][1246][info ][safepoint   ] Safepoint "ICBufferFull", Time since last: 247132705 ns, Reaching safepoint: 40120 ns, Cleanup: 161864 ns, At safepoint: 7401 ns, Total: 209385 ns
[2025-10-15T04:43:20.773-0700][1246][info ][gc,start    ] GC(7) Pause Young (Concurrent Start) (Metadata GC Threshold)
[2025-10-15T04:43:20.773-0700][1246][info ][gc,task     ] GC(7) Using 113 workers of 113 for evacuation
[2025-10-15T04:43:20.775-0700][1246][debug][gc,remset   ] GC(7) Visited cards 0 Total dirty 0 (0.00%) Total old 9306112 (0.00%)
[2025-10-15T04:43:20.814-0700][1246][info ][gc,phases   ] GC(7)   Pre Evacuate Collection Set: 0.7ms
[2025-10-15T04:43:20.814-0700][1246][info ][gc,phases   ] GC(7)   Merge Heap Roots: 0.8ms
[2025-10-15T04:43:20.814-0700][1246][info ][gc,phases   ] GC(7)   Evacuate Collection Set: 33.6ms
[2025-10-15T04:43:20.814-0700][1246][info ][gc,phases   ] GC(7)   Post Evacuate Collection Set: 5.3ms
[2025-10-15T04:43:20.814-0700][1246][info ][gc,phases   ] GC(7)   Other: 0.1ms
[2025-10-15T04:43:20.814-0700][1246][debug][gc,remset   ] GC(7) Coarsening (recent): Inline->AoC 0 (0) AoC->Howl 0 (0) Howl->Full 0 (0) Inline->AoC 0 (0) AoC->BitMap 0 (0) BitMap->Full 0 (0) 
[2025-10-15T04:43:20.814-0700][1246][debug][gc,remset   ] GC(7) Coarsening (all): Inline->AoC 0 (0) AoC->Howl 0 (0) Howl->Full 0 (0) Inline->AoC 0 (0) AoC->BitMap 0 (0) BitMap->Full 0 (0) 
[2025-10-15T04:43:20.814-0700][1246][info ][gc,heap     ] GC(7) Eden regions: 67->0(284)
[2025-10-15T04:43:20.814-0700][1246][info ][gc,heap     ] GC(7) Survivor regions: 4->4(36)
[2025-10-15T04:43:20.814-0700][1246][info ][gc,heap     ] GC(7) Old regions: 0->0
[2025-10-15T04:43:20.814-0700][1246][info ][gc,heap     ] GC(7) Humongous regions: 0->0
[2025-10-15T04:43:20.814-0700][1246][info ][gc,metaspace] GC(7) Metaspace: 101567K(102720K)->101567K(102720K) NonClass: 89532K(90176K)->89532K(90176K) Class: 12034K(12544K)->12034K(12544K)
[2025-10-15T04:43:20.814-0700][1246][info ][gc          ] GC(7) Pause Young (Concurrent Start) (Metadata GC Threshold) 2252M->119M(184320M) 40.582ms
[2025-10-15T04:43:20.814-0700][1085][info ][gc          ] GC(8) Concurrent Mark Cycle
[2025-10-15T04:43:20.814-0700][1085][info ][gc,marking  ] GC(8) Concurrent Scan Root Regions
[2025-10-15T04:43:20.814-0700][1246][info ][gc,cpu      ] GC(7) User=1.07s Sys=1.02s Real=0.04s
[2025-10-15T04:43:20.814-0700][1246][info ][safepoint   ] Safepoint "CollectForMetadataAllocation", Time since last: 108822908 ns, Reaching safepoint: 67712 ns, Cleanup: 58268 ns, At safepoint: 41066655 ns, Total: 41192635 ns
[2025-10-15T04:43:20.823-0700][1085][info ][gc,marking  ] GC(8) Concurrent Scan Root Regions 9.559ms
[2025-10-15T04:43:20.823-0700][1085][info ][gc,marking  ] GC(8) Concurrent Mark
[2025-10-15T04:43:20.823-0700][1085][info ][gc,marking  ] GC(8) Concurrent Mark From Roots
[2025-10-15T04:43:20.823-0700][1085][info ][gc,task     ] GC(8) Using 36 workers of 36 for marking
[2025-10-15T04:43:20.827-0700][1085][info ][gc,marking  ] GC(8) Concurrent Mark From Roots 3.364ms
[2025-10-15T04:43:20.827-0700][1085][info ][gc,marking  ] GC(8) Concurrent Preclean
[2025-10-15T04:43:20.827-0700][1085][info ][gc,marking  ] GC(8) Concurrent Preclean 0.009ms
[2025-10-15T04:43:20.827-0700][1246][info ][gc,start    ] GC(8) Pause Remark
[2025-10-15T04:43:20.837-0700][1246][info ][gc          ] GC(8) Pause Remark 294M->294M(184320M) 10.295ms
[2025-10-15T04:43:20.838-0700][1246][info ][gc,cpu      ] GC(8) User=0.43s Sys=0.06s Real=0.01s
[2025-10-15T04:43:20.838-0700][1246][info ][safepoint   ] Safepoint "G1PauseRemark", Time since last: 12780594 ns, Reaching safepoint: 67261 ns, Cleanup: 17817 ns, At safepoint: 10665169 ns, Total: 10750247 ns
[2025-10-15T04:43:20.838-0700][1085][info ][gc,marking  ] GC(8) Concurrent Mark 14.179ms
[2025-10-15T04:43:20.838-0700][1085][info ][gc,marking  ] GC(8) Concurrent Rebuild Remembered Sets and Scrub Regions
[2025-10-15T04:43:20.838-0700][1085][info ][gc,marking  ] GC(8) Concurrent Rebuild Remembered Sets and Scrub Regions 0.180ms
[2025-10-15T04:43:20.838-0700][1246][info ][gc,start    ] GC(8) Pause Cleanup
[2025-10-15T04:43:20.838-0700][1246][info ][gc          ] GC(8) Pause Cleanup 294M->294M(184320M) 0.012ms
[2025-10-15T04:43:20.838-0700][1246][info ][gc,cpu      ] GC(8) User=0.00s Sys=0.00s Real=0.00s
[2025-10-15T04:43:20.838-0700][1246][info ][safepoint   ] Safepoint "G1PauseCleanup", Time since last: 235965 ns, Reaching safepoint: 106861 ns, Cleanup: 23125 ns, At safepoint: 62494 ns, Total: 192480 ns
[2025-10-15T04:43:20.838-0700][1085][info ][gc,marking  ] GC(8) Concurrent Clear Claimed Marks
[2025-10-15T04:43:20.838-0700][1085][info ][gc,marking  ] GC(8) Concurrent Clear Claimed Marks 0.143ms
[2025-10-15T04:43:20.838-0700][1085][info ][gc,marking  ] GC(8) Concurrent Cleanup for Next Mark
[2025-10-15T04:43:20.864-0700][1085][info ][gc,marking  ] GC(8) Concurrent Cleanup for Next Mark 25.431ms
[2025-10-15T04:43:20.864-0700][1085][info ][gc          ] GC(8) Concurrent Mark Cycle 49.838ms
[2025-10-15T04:43:21.085-0700][1246][info ][safepoint   ] Safepoint "ICBufferFull", Time since last: 247008969 ns, Reaching safepoint: 80992 ns, Cleanup: 223937 ns, At safepoint: 17396 ns, Total: 322325 ns
[2025-10-15T04:43:21.189-0700][1246][info ][safepoint   ] Safepoint "ICBufferFull", Time since last: 103401605 ns, Reaching safepoint: 78067 ns, Cleanup: 193682 ns, At safepoint: 13801 ns, Total: 285550 ns
[2025-10-15T04:43:21.289-0700][1246][info ][safepoint   ] Safepoint "ICBufferFull", Time since last: 99768474 ns, Reaching safepoint: 132489 ns, Cleanup: 167993 ns, At safepoint: 14773 ns, Total: 315255 ns
[2025-10-15T04:43:21.313-0700][1246][info ][safepoint   ] Safepoint "ICBufferFull", Time since last: 23742429 ns, Reaching safepoint: 432812 ns, Cleanup: 125559 ns, At safepoint: 14892 ns, Total: 573263 ns
[2025-10-15T04:43:21.356-0700][1246][info ][safepoint   ] Safepoint "ICBufferFull", Time since last: 42768849 ns, Reaching safepoint: 87101 ns, Cleanup: 134813 ns, At safepoint: 12218 ns, Total: 234132 ns
[2025-10-15T04:43:21.596-0700][1246][info ][safepoint   ] Safepoint "ICBufferFull", Time since last: 239344949 ns, Reaching safepoint: 92189 ns, Cleanup: 197968 ns, At safepoint: 13801 ns, Total: 303958 ns
[2025-10-15T04:43:22.086-0700][1246][info ][safepoint   ] Safepoint "ICBufferFull", Time since last: 489955299 ns, Reaching safepoint: 92610 ns, Cleanup: 203156 ns, At safepoint: 13800 ns, Total: 309566 ns
[2025-10-15T04:43:22.512-0700][1246][info ][safepoint   ] Safepoint "ICBufferFull", Time since last: 425112434 ns, Reaching safepoint: 89635 ns, Cleanup: 196015 ns, At safepoint: 13321 ns, Total: 298971 ns
[2025-10-15T04:43:22.686-0700][1246][info ][safepoint   ] Safepoint "ICBufferFull", Time since last: 174187378 ns, Reaching safepoint: 88844 ns, Cleanup: 207352 ns, At safepoint: 12179 ns, Total: 308375 ns
[2025-10-15T04:43:23.001-0700][1246][info ][safepoint   ] Safepoint "ICBufferFull", Time since last: 314435564 ns, Reaching safepoint: 89625 ns, Cleanup: 212410 ns, At safepoint: 10005 ns, Total: 312040 ns
[2025-10-15T04:43:23.186-0700][1246][info ][safepoint   ] Safepoint "ICBufferFull", Time since last: 184328439 ns, Reaching safepoint: 89855 ns, Cleanup: 224378 ns, At safepoint: 10746 ns, Total: 324979 ns
[2025-10-15T04:43:23.186-0700][1246][info ][safepoint   ] Safepoint "ICBufferFull", Time since last: 52700 ns, Reaching safepoint: 25929 ns, Cleanup: 2553 ns, At safepoint: 7662 ns, Total: 36144 ns
[2025-10-15T04:43:23.600-0700][1246][info ][safepoint   ] Safepoint "ICBufferFull", Time since last: 414244460 ns, Reaching safepoint: 82214 ns, Cleanup: 144217 ns, At safepoint: 15032 ns, Total: 241463 ns
[2025-10-15T04:43:23.769-0700][1246][info ][safepoint   ] Safepoint "ICBufferFull", Time since last: 168397201 ns, Reaching safepoint: 91247 ns, Cleanup: 207372 ns, At safepoint: 17226 ns, Total: 315845 ns
[2025-10-15T04:43:24.001-0700][1246][info ][safepoint   ] Safepoint "ICBufferFull", Time since last: 231961221 ns, Reaching safepoint: 86761 ns, Cleanup: 160061 ns, At safepoint: 10205 ns, Total: 257027 ns
[2025-10-15T04:43:24.216-0700][1246][info ][safepoint   ] Safepoint "ICBufferFull", Time since last: 214820291 ns, Reaching safepoint: 95053 ns, Cleanup: 208254 ns, At safepoint: 16965 ns, Total: 320272 ns
[2025-10-15T04:43:24.322-0700][1246][info ][gc,start    ] GC(9) Pause Young (Normal) (G1 Evacuation Pause)
[2025-10-15T04:43:24.322-0700][1246][info ][gc,task     ] GC(9) Using 113 workers of 113 for evacuation
[2025-10-15T04:43:24.323-0700][1246][debug][gc,remset   ] GC(9) Visited cards 0 Total dirty 0 (0.00%) Total old 37748736 (0.00%)
[2025-10-15T04:43:24.400-0700][1246][info ][gc,phases   ] GC(9)   Pre Evacuate Collection Set: 0.5ms
[2025-10-15T04:43:24.400-0700][1246][info ][gc,phases   ] GC(9)   Merge Heap Roots: 0.8ms
[2025-10-15T04:43:24.400-0700][1246][info ][gc,phases   ] GC(9)   Evacuate Collection Set: 69.2ms
[2025-10-15T04:43:24.400-0700][1246][info ][gc,phases   ] GC(9)   Post Evacuate Collection Set: 7.2ms
[2025-10-15T04:43:24.400-0700][1246][info ][gc,phases   ] GC(9)   Other: 0.1ms
[2025-10-15T04:43:24.400-0700][1246][debug][gc,remset   ] GC(9) Coarsening (recent): Inline->AoC 0 (0) AoC->Howl 0 (0) Howl->Full 0 (0) Inline->AoC 0 (0) AoC->BitMap 0 (0) BitMap->Full 0 (0) 
[2025-10-15T04:43:24.400-0700][1246][debug][gc,remset   ] GC(9) Coarsening (all): Inline->AoC 0 (0) AoC->Howl 0 (0) Howl->Full 0 (0) Inline->AoC 0 (0) AoC->BitMap 0 (0) BitMap->Full 0 (0) 
[2025-10-15T04:43:24.400-0700][1246][info ][gc,heap     ] GC(9) Eden regions: 284->0(277)
[2025-10-15T04:43:24.400-0700][1246][info ][gc,heap     ] GC(9) Survivor regions: 4->11(36)
[2025-10-15T04:43:24.400-0700][1246][info ][gc,heap     ] GC(9) Old regions: 0->0
[2025-10-15T04:43:24.400-0700][1246][info ][gc,heap     ] GC(9) Humongous regions: 0->0
[2025-10-15T04:43:24.400-0700][1246][info ][gc,metaspace] GC(9) Metaspace: 145540K(147328K)->145540K(147328K) NonClass: 127778K(128832K)->127778K(128832K) Class: 17761K(18496K)->17761K(18496K)
[2025-10-15T04:43:24.400-0700][1246][info ][gc          ] GC(9) Pause Young (Normal) (G1 Evacuation Pause) 9207M->337M(184320M) 78.010ms
[2025-10-15T04:43:24.400-0700][1246][info ][gc,cpu      ] GC(9) User=1.31s Sys=1.93s Real=0.08s
[2025-10-15T04:43:24.400-0700][1246][info ][safepoint   ] Safepoint "G1CollectForAllocation", Time since last: 105112992 ns, Reaching safepoint: 96776 ns, Cleanup: 121943 ns, At safepoint: 78485138 ns, Total: 78703857 ns
[2025-10-15T04:43:25.525-0700][1246][info ][safepoint   ] Safepoint "Cleanup", Time since last: 1124163154 ns, Reaching safepoint: 98419 ns, Cleanup: 122163 ns, At safepoint: 11658 ns, Total: 232240 ns
[2025-10-15T04:43:26.525-0700][1246][info ][safepoint   ] Safepoint "Cleanup", Time since last: 1000128682 ns, Reaching safepoint: 98479 ns, Cleanup: 17075 ns, At safepoint: 10887 ns, Total: 126441 ns
[2025-10-15T04:43:27.525-0700][1246][info ][safepoint   ] Safepoint "Cleanup", Time since last: 1000123605 ns, Reaching safepoint: 99570 ns, Cleanup: 14541 ns, At safepoint: 10346 ns, Total: 124457 ns
[2025-10-15T04:43:28.527-0700][1246][info ][safepoint   ] Safepoint "Cleanup", Time since last: 1001622982 ns, Reaching safepoint: 50156 ns, Cleanup: 74472 ns, At safepoint: 6640 ns, Total: 131268 ns
[2025-10-15T04:43:29.260-0700][1246][info ][safepoint   ] Safepoint "ICBufferFull", Time since last: 732951436 ns, Reaching safepoint: 114833 ns, Cleanup: 211819 ns, At safepoint: 15153 ns, Total: 341805 ns
[2025-10-15T04:43:29.462-0700][1246][info ][safepoint   ] Safepoint "ICBufferFull", Time since last: 201634026 ns, Reaching safepoint: 102975 ns, Cleanup: 170987 ns, At safepoint: 10156 ns, Total: 284118 ns
[2025-10-15T04:43:29.781-0700][1246][info ][safepoint   ] Safepoint "ICBufferFull", Time since last: 318589449 ns, Reaching safepoint: 92199 ns, Cleanup: 190456 ns, At safepoint: 13661 ns, Total: 296316 ns
[2025-10-15T04:43:30.196-0700][1246][info ][safepoint   ] Safepoint "ICBufferFull", Time since last: 415197204 ns, Reaching safepoint: 118739 ns, Cleanup: 217157 ns, At safepoint: 15363 ns, Total: 351259 ns
[2025-10-15T04:43:30.411-0700][1246][info ][safepoint   ] Safepoint "ICBufferFull", Time since last: 213903922 ns, Reaching safepoint: 118107 ns, Cleanup: 210698 ns, At safepoint: 16635 ns, Total: 345440 ns
[2025-10-15T04:43:30.456-0700][1246][info ][gc,start    ] GC(10) Pause Young (Concurrent Start) (Metadata GC Threshold)
[2025-10-15T04:43:30.456-0700][1246][info ][gc,task     ] GC(10) Using 113 workers of 113 for evacuation
[2025-10-15T04:43:30.457-0700][1246][debug][gc,remset   ] GC(10) Visited cards 0 Total dirty 0 (0.00%) Total old 19398656 (0.00%)
[2025-10-15T04:43:30.541-0700][1246][info ][gc,phases   ] GC(10)   Pre Evacuate Collection Set: 0.7ms
[2025-10-15T04:43:30.541-0700][1246][info ][gc,phases   ] GC(10)   Merge Heap Roots: 0.7ms
[2025-10-15T04:43:30.541-0700][1246][info ][gc,phases   ] GC(10)   Evacuate Collection Set: 75.4ms
[2025-10-15T04:43:30.541-0700][1246][info ][gc,phases   ] GC(10)   Post Evacuate Collection Set: 7.9ms
[2025-10-15T04:43:30.541-0700][1246][info ][gc,phases   ] GC(10)   Other: 0.9ms
[2025-10-15T04:43:30.542-0700][1246][debug][gc,remset   ] GC(10) Coarsening (recent): Inline->AoC 0 (0) AoC->Howl 0 (0) Howl->Full 0 (0) Inline->AoC 0 (0) AoC->BitMap 0 (0) BitMap->Full 0 (0) 
[2025-10-15T04:43:30.542-0700][1246][debug][gc,remset   ] GC(10) Coarsening (all): Inline->AoC 0 (0) AoC->Howl 0 (0) Howl->Full 0 (0) Inline->AoC 0 (0) AoC->BitMap 0 (0) BitMap->Full 0 (0) 
[2025-10-15T04:43:30.542-0700][1246][info ][gc,heap     ] GC(10) Eden regions: 137->0(276)
[2025-10-15T04:43:30.542-0700][1246][info ][gc,heap     ] GC(10) Survivor regions: 11->12(36)
[2025-10-15T04:43:30.542-0700][1246][info ][gc,heap     ] GC(10) Old regions: 0->0
[2025-10-15T04:43:30.542-0700][1246][info ][gc,heap     ] GC(10) Humongous regions: 0->0
[2025-10-15T04:43:30.542-0700][1246][info ][gc,metaspace] GC(10) Metaspace: 169898K(171776K)->169898K(171776K) NonClass: 149191K(150272K)->149191K(150272K) Class: 20706K(21504K)->20706K(21504K)
[2025-10-15T04:43:30.542-0700][1246][info ][gc          ] GC(10) Pause Young (Concurrent Start) (Metadata GC Threshold) 4706M->371M(184320M) 85.833ms
[2025-10-15T04:43:30.542-0700][1085][info ][gc          ] GC(11) Concurrent Mark Cycle
[2025-10-15T04:43:30.542-0700][1085][info ][gc,marking  ] GC(11) Concurrent Scan Root Regions
[2025-10-15T04:43:30.542-0700][1246][info ][gc,cpu      ] GC(10) User=1.76s Sys=2.13s Real=0.09s
[2025-10-15T04:43:30.542-0700][1246][info ][safepoint   ] Safepoint "CollectForMetadataAllocation", Time since last: 44663581 ns, Reaching safepoint: 110456 ns, Cleanup: 27111 ns, At safepoint: 86482930 ns, Total: 86620497 ns
[2025-10-15T04:43:30.550-0700][1246][info ][safepoint   ] Safepoint "CollectForMetadataAllocation", Time since last: 7976210 ns, Reaching safepoint: 73831 ns, Cleanup: 9835 ns, At safepoint: 37486 ns, Total: 121152 ns
[2025-10-15T04:43:30.550-0700][1246][info ][safepoint   ] Safepoint "CollectForMetadataAllocation", Time since last: 28303 ns, Reaching safepoint: 23676 ns, Cleanup: 470 ns, At safepoint: 8753 ns, Total: 32899 ns
[2025-10-15T04:43:30.551-0700][1085][info ][gc,marking  ] GC(11) Concurrent Scan Root Regions 9.076ms
[2025-10-15T04:43:30.551-0700][1085][info ][gc,marking  ] GC(11) Concurrent Mark
[2025-10-15T04:43:30.551-0700][1085][info ][gc,marking  ] GC(11) Concurrent Mark From Roots
[2025-10-15T04:43:30.551-0700][1085][info ][gc,task     ] GC(11) Using 36 workers of 36 for marking
[2025-10-15T04:43:30.554-0700][1085][info ][gc,marking  ] GC(11) Concurrent Mark From Roots 3.220ms
[2025-10-15T04:43:30.554-0700][1085][info ][gc,marking  ] GC(11) Concurrent Preclean
[2025-10-15T04:43:30.554-0700][1085][info ][gc,marking  ] GC(11) Concurrent Preclean 0.022ms
[2025-10-15T04:43:30.554-0700][1246][info ][gc,start    ] GC(11) Pause Remark
[2025-10-15T04:43:30.577-0700][1246][info ][gc          ] GC(11) Pause Remark 448M->448M(184320M) 22.851ms
[2025-10-15T04:43:30.577-0700][1246][info ][gc,cpu      ] GC(11) User=0.65s Sys=0.00s Real=0.02s
[2025-10-15T04:43:30.577-0700][1246][info ][safepoint   ] Safepoint "G1PauseRemark", Time since last: 3954054 ns, Reaching safepoint: 107131 ns, Cleanup: 571 ns, At safepoint: 23291151 ns, Total: 23398853 ns
[2025-10-15T04:43:30.577-0700][1085][info ][gc,marking  ] GC(11) Concurrent Mark 26.695ms
[2025-10-15T04:43:30.578-0700][1085][info ][gc,marking  ] GC(11) Concurrent Rebuild Remembered Sets and Scrub Regions
[2025-10-15T04:43:30.578-0700][1085][info ][gc,marking  ] GC(11) Concurrent Rebuild Remembered Sets and Scrub Regions 0.288ms
[2025-10-15T04:43:30.578-0700][1246][info ][gc,start    ] GC(11) Pause Cleanup
[2025-10-15T04:43:30.578-0700][1246][info ][gc          ] GC(11) Pause Cleanup 448M->448M(184320M) 0.013ms
[2025-10-15T04:43:30.578-0700][1246][info ][gc,cpu      ] GC(11) User=0.00s Sys=0.00s Real=0.00s
[2025-10-15T04:43:30.578-0700][1246][info ][safepoint   ] Safepoint "G1PauseCleanup", Time since last: 357348 ns, Reaching safepoint: 61322 ns, Cleanup: 52259 ns, At safepoint: 78938 ns, Total: 192519 ns
[2025-10-15T04:43:30.578-0700][1085][info ][gc,marking  ] GC(11) Concurrent Clear Claimed Marks
[2025-10-15T04:43:30.578-0700][1085][info ][gc,marking  ] GC(11) Concurrent Clear Claimed Marks 0.259ms
[2025-10-15T04:43:30.578-0700][1085][info ][gc,marking  ] GC(11) Concurrent Cleanup for Next Mark
[2025-10-15T04:43:30.603-0700][1085][info ][gc,marking  ] GC(11) Concurrent Cleanup for Next Mark 25.032ms
[2025-10-15T04:43:30.603-0700][1085][info ][gc          ] GC(11) Concurrent Mark Cycle 61.723ms
[2025-10-15T04:43:30.925-0700][1246][info ][safepoint   ] Safepoint "ICBufferFull", Time since last: 346828310 ns, Reaching safepoint: 120812 ns, Cleanup: 227863 ns, At safepoint: 17626 ns, Total: 366301 ns
[2025-10-15T04:43:31.272-0700][1246][info ][safepoint   ] Safepoint "ICBufferFull", Time since last: 346661318 ns, Reaching safepoint: 93481 ns, Cleanup: 229345 ns, At safepoint: 16726 ns, Total: 339552 ns
[2025-10-15T04:43:31.651-0700][1246][info ][safepoint   ] Safepoint "ICBufferFull", Time since last: 377953475 ns, Reaching safepoint: 140742 ns, Cleanup: 207532 ns, At safepoint: 20992 ns, Total: 369266 ns
[2025-10-15T04:43:32.275-0700][1246][info ][safepoint   ] Safepoint "ICBufferFull", Time since last: 623701064 ns, Reaching safepoint: 128754 ns, Cleanup: 213562 ns, At safepoint: 18798 ns, Total: 361114 ns
[2025-10-15T04:43:32.556-0700][1246][info ][safepoint   ] Safepoint "ICBufferFull", Time since last: 281030516 ns, Reaching safepoint: 122244 ns, Cleanup: 218399 ns, At safepoint: 17706 ns, Total: 358349 ns
[2025-10-15T04:43:32.854-0700][1246][info ][safepoint   ] Safepoint "ICBufferFull", Time since last: 297804704 ns, Reaching safepoint: 117917 ns, Cleanup: 177958 ns, At safepoint: 10906 ns, Total: 306781 ns
[2025-10-15T04:43:33.134-0700][1246][info ][safepoint   ] Safepoint "ICBufferFull", Time since last: 279721225 ns, Reaching safepoint: 138528 ns, Cleanup: 184618 ns, At safepoint: 20141 ns, Total: 343287 ns
[2025-10-15T04:43:33.759-0700][1246][info ][safepoint   ] Safepoint "ICBufferFull", Time since last: 624496151 ns, Reaching safepoint: 139250 ns, Cleanup: 194313 ns, At safepoint: 15643 ns, Total: 349206 ns
[2025-10-15T04:43:33.891-0700][1246][info ][safepoint   ] Safepoint "ICBufferFull", Time since last: 131334705 ns, Reaching safepoint: 138889 ns, Cleanup: 158308 ns, At safepoint: 18648 ns, Total: 315845 ns
[2025-10-15T04:43:34.241-0700][1246][info ][safepoint   ] Safepoint "ICBufferFull", Time since last: 349484990 ns, Reaching safepoint: 151518 ns, Cleanup: 201814 ns, At safepoint: 19609 ns, Total: 372941 ns
[2025-10-15T04:43:34.713-0700][1246][info ][safepoint   ] Safepoint "ICBufferFull", Time since last: 472114797 ns, Reaching safepoint: 143626 ns, Cleanup: 195645 ns, At safepoint: 18287 ns, Total: 357558 ns
[2025-10-15T04:43:34.973-0700][1246][info ][safepoint   ] Safepoint "ICBufferFull", Time since last: 259398694 ns, Reaching safepoint: 667486 ns, Cleanup: 175704 ns, At safepoint: 22063 ns, Total: 865253 ns
[2025-10-15T04:43:34.974-0700][1246][info ][safepoint   ] Safepoint "ICBufferFull", Time since last: 50066 ns, Reaching safepoint: 411029 ns, Cleanup: 2503 ns, At safepoint: 15774 ns, Total: 429306 ns
[2025-10-15T04:43:35.115-0700][1246][info ][gc,start    ] GC(12) Pause Young (Normal) (G1 Evacuation Pause)
[2025-10-15T04:43:35.115-0700][1246][info ][gc,task     ] GC(12) Using 113 workers of 113 for evacuation
[2025-10-15T04:43:35.117-0700][1246][debug][gc,remset   ] GC(12) Visited cards 0 Total dirty 0 (0.00%) Total old 37748736 (0.00%)
[2025-10-15T04:43:35.221-0700][1246][info ][gc,phases   ] GC(12)   Pre Evacuate Collection Set: 0.6ms
[2025-10-15T04:43:35.222-0700][1246][info ][gc,phases   ] GC(12)   Merge Heap Roots: 0.7ms
[2025-10-15T04:43:35.222-0700][1246][info ][gc,phases   ] GC(12)   Evacuate Collection Set: 97.8ms
[2025-10-15T04:43:35.222-0700][1246][info ][gc,phases   ] GC(12)   Post Evacuate Collection Set: 6.9ms
[2025-10-15T04:43:35.222-0700][1246][info ][gc,phases   ] GC(12)   Other: 0.3ms
[2025-10-15T04:43:35.222-0700][1246][debug][gc,remset   ] GC(12) Coarsening (recent): Inline->AoC 0 (0) AoC->Howl 0 (0) Howl->Full 0 (0) Inline->AoC 0 (0) AoC->BitMap 0 (0) BitMap->Full 0 (0) 
[2025-10-15T04:43:35.222-0700][1246][debug][gc,remset   ] GC(12) Coarsening (all): Inline->AoC 0 (0) AoC->Howl 0 (0) Howl->Full 0 (0) Inline->AoC 0 (0) AoC->BitMap 0 (0) BitMap->Full 0 (0) 
[2025-10-15T04:43:35.222-0700][1246][info ][gc,heap     ] GC(12) Eden regions: 276->0(269)
[2025-10-15T04:43:35.222-0700][1246][info ][gc,heap     ] GC(12) Survivor regions: 12->19(36)
[2025-10-15T04:43:35.222-0700][1246][info ][gc,heap     ] GC(12) Old regions: 0->0
[2025-10-15T04:43:35.222-0700][1246][info ][gc,heap     ] GC(12) Humongous regions: 0->0
[2025-10-15T04:43:35.222-0700][1246][info ][gc,metaspace] GC(12) Metaspace: 194182K(196480K)->194182K(196480K) NonClass: 170827K(172160K)->170827K(172160K) Class: 23354K(24320K)->23354K(24320K)
[2025-10-15T04:43:35.222-0700][1246][info ][gc          ] GC(12) Pause Young (Normal) (G1 Evacuation Pause) 9203M->583M(184320M) 106.502ms
[2025-10-15T04:43:35.222-0700][1246][info ][gc,cpu      ] GC(12) User=2.12s Sys=2.32s Real=0.11s
[2025-10-15T04:43:35.222-0700][1246][info ][safepoint   ] Safepoint "G1CollectForAllocation", Time since last: 140778715 ns, Reaching safepoint: 157086 ns, Cleanup: 148414 ns, At safepoint: 107224991 ns, Total: 107530491 ns
[2025-10-15T04:43:35.407-0700][1246][info ][safepoint   ] Safepoint "ICBufferFull", Time since last: 184425515 ns, Reaching safepoint: 156616 ns, Cleanup: 203376 ns, At safepoint: 19570 ns, Total: 379562 ns
[2025-10-15T04:43:36.407-0700][1246][info ][safepoint   ] Safepoint "Cleanup", Time since last: 1000104976 ns, Reaching safepoint: 137257 ns, Cleanup: 131648 ns, At safepoint: 18098 ns, Total: 287003 ns
[2025-10-15T04:43:37.762-0700][1246][info ][safepoint   ] Safepoint "Cleanup", Time since last: 1354371786 ns, Reaching safepoint: 166691 ns, Cleanup: 132399 ns, At safepoint: 20071 ns, Total: 319161 ns
[2025-10-15T04:43:38.762-0700][1246][info ][safepoint   ] Safepoint "Cleanup", Time since last: 1000108662 ns, Reaching safepoint: 150577 ns, Cleanup: 31447 ns, At safepoint: 22304 ns, Total: 204328 ns
[2025-10-15T04:43:40.005-0700][1246][info ][safepoint   ] Safepoint "ICBufferFull", Time since last: 1242053906 ns, Reaching safepoint: 158038 ns, Cleanup: 187652 ns, At safepoint: 14152 ns, Total: 359842 ns
[2025-10-15T04:43:41.019-0700][1246][info ][safepoint   ] Safepoint "Cleanup", Time since last: 1014319930 ns, Reaching safepoint: 245390 ns, Cleanup: 83455 ns, At safepoint: 16866 ns, Total: 345711 ns
[2025-10-15T04:43:42.020-0700][1246][info ][safepoint   ] Safepoint "Cleanup", Time since last: 1000125277 ns, Reaching safepoint: 174082 ns, Cleanup: 62003 ns, At safepoint: 23295 ns, Total: 259380 ns
[2025-10-15T04:43:43.020-0700][1246][info ][safepoint   ] Safepoint "Cleanup", Time since last: 1000125949 ns, Reaching safepoint: 158398 ns, Cleanup: 39119 ns, At safepoint: 11698 ns, Total: 209215 ns
[2025-10-15T04:43:44.020-0700][1246][info ][safepoint   ] Safepoint "Cleanup", Time since last: 1000101221 ns, Reaching safepoint: 163736 ns, Cleanup: 39089 ns, At safepoint: 11618 ns, Total: 214443 ns
[2025-10-15T04:43:45.021-0700][1246][info ][safepoint   ] Safepoint "Cleanup", Time since last: 1000108492 ns, Reaching safepoint: 186100 ns, Cleanup: 168484 ns, At safepoint: 29995 ns, Total: 384579 ns
[2025-10-15T04:43:46.021-0700][1246][info ][safepoint   ] Safepoint "Cleanup", Time since last: 1000106829 ns, Reaching safepoint: 257809 ns, Cleanup: 137897 ns, At safepoint: 19770 ns, Total: 415476 ns
[2025-10-15T04:43:47.659-0700][1246][info ][safepoint   ] Safepoint "Cleanup", Time since last: 1637433981 ns, Reaching safepoint: 189676 ns, Cleanup: 149415 ns, At safepoint: 17496 ns, Total: 356587 ns
[2025-10-15T04:43:48.659-0700][1246][info ][safepoint   ] Safepoint "Cleanup", Time since last: 1000076334 ns, Reaching safepoint: 171999 ns, Cleanup: 53901 ns, At safepoint: 14612 ns, Total: 240512 ns
[2025-10-15T04:43:49.660-0700][1246][info ][safepoint   ] Safepoint "Cleanup", Time since last: 1000097495 ns, Reaching safepoint: 172600 ns, Cleanup: 48153 ns, At safepoint: 19209 ns, Total: 239962 ns
[2025-10-15T04:43:50.660-0700][1246][info ][safepoint   ] Safepoint "Cleanup", Time since last: 1000091917 ns, Reaching safepoint: 173371 ns, Cleanup: 114712 ns, At safepoint: 15013 ns, Total: 303096 ns
[2025-10-15T04:43:52.399-0700][1246][info ][safepoint   ] Safepoint "Cleanup", Time since last: 1738485127 ns, Reaching safepoint: 189756 ns, Cleanup: 95904 ns, At safepoint: 26400 ns, Total: 312060 ns
[2025-10-15T04:43:53.753-0700][1246][info ][gc,start    ] GC(13) Pause Young (Normal) (G1 Evacuation Pause)
[2025-10-15T04:43:53.753-0700][1246][info ][gc,task     ] GC(13) Using 113 workers of 113 for evacuation
[2025-10-15T04:43:53.754-0700][1246][debug][gc,remset   ] GC(13) Visited cards 0 Total dirty 0 (0.00%) Total old 37748736 (0.00%)
[2025-10-15T04:43:53.894-0700][1246][info ][gc,phases   ] GC(13)   Pre Evacuate Collection Set: 0.6ms
[2025-10-15T04:43:53.894-0700][1246][info ][gc,phases   ] GC(13)   Merge Heap Roots: 0.7ms
[2025-10-15T04:43:53.894-0700][1246][info ][gc,phases   ] GC(13)   Evacuate Collection Set: 129.6ms
[2025-10-15T04:43:53.894-0700][1246][info ][gc,phases   ] GC(13)   Post Evacuate Collection Set: 10.0ms
[2025-10-15T04:43:53.894-0700][1246][info ][gc,phases   ] GC(13)   Other: 0.3ms
[2025-10-15T04:43:53.894-0700][1246][debug][gc,remset   ] GC(13) Coarsening (recent): Inline->AoC 0 (0) AoC->Howl 0 (0) Howl->Full 0 (0) Inline->AoC 0 (0) AoC->BitMap 0 (0) BitMap->Full 0 (0) 
[2025-10-15T04:43:53.894-0700][1246][debug][gc,remset   ] GC(13) Coarsening (all): Inline->AoC 0 (0) AoC->Howl 0 (0) Howl->Full 0 (0) Inline->AoC 0 (0) AoC->BitMap 0 (0) BitMap->Full 0 (0) 
[2025-10-15T04:43:53.894-0700][1246][info ][gc,heap     ] GC(13) Eden regions: 269->0(267)
[2025-10-15T04:43:53.894-0700][1246][info ][gc,heap     ] GC(13) Survivor regions: 19->21(36)
[2025-10-15T04:43:53.894-0700][1246][info ][gc,heap     ] GC(13) Old regions: 0->0
[2025-10-15T04:43:53.894-0700][1246][info ][gc,heap     ] GC(13) Humongous regions: 0->0
[2025-10-15T04:43:53.894-0700][1246][info ][gc,metaspace] GC(13) Metaspace: 205880K(208256K)->205880K(208256K) NonClass: 181359K(182720K)->181359K(182720K) Class: 24521K(25536K)->24521K(25536K)
[2025-10-15T04:43:53.894-0700][1246][info ][gc          ] GC(13) Pause Young (Normal) (G1 Evacuation Pause) 9191M->651M(184320M) 141.379ms
[2025-10-15T04:43:53.894-0700][1246][info ][gc,cpu      ] GC(13) User=2.56s Sys=2.09s Real=0.14s
[2025-10-15T04:43:53.894-0700][1246][info ][safepoint   ] Safepoint "G1CollectForAllocation", Time since last: 1352872338 ns, Reaching safepoint: 205430 ns, Cleanup: 184688 ns, At safepoint: 142208738 ns, Total: 142598856 ns
[2025-10-15T04:43:54.895-0700][1246][info ][safepoint   ] Safepoint "Cleanup", Time since last: 1000074180 ns, Reaching safepoint: 177167 ns, Cleanup: 109394 ns, At safepoint: 18328 ns, Total: 304889 ns
[2025-10-15T04:43:55.895-0700][1246][info ][safepoint   ] Safepoint "Cleanup", Time since last: 1000101892 ns, Reaching safepoint: 175725 ns, Cleanup: 148183 ns, At safepoint: 18958 ns, Total: 342866 ns
[2025-10-15T04:43:56.896-0700][1246][info ][safepoint   ] Safepoint "Cleanup", Time since last: 1000093630 ns, Reaching safepoint: 172820 ns, Cleanup: 48383 ns, At safepoint: 16134 ns, Total: 237337 ns
[2025-10-15T04:43:57.896-0700][1246][info ][safepoint   ] Safepoint "Cleanup", Time since last: 1000094551 ns, Reaching safepoint: 182816 ns, Cleanup: 26279 ns, At safepoint: 17827 ns, Total: 226922 ns
[2025-10-15T04:43:58.896-0700][1246][info ][safepoint   ] Safepoint "Cleanup", Time since last: 1000103154 ns, Reaching safepoint: 211018 ns, Cleanup: 20811 ns, At safepoint: 17176 ns, Total: 249005 ns
[2025-10-15T04:43:59.897-0700][1246][info ][safepoint   ] Safepoint "Cleanup", Time since last: 1000102673 ns, Reaching safepoint: 182225 ns, Cleanup: 99359 ns, At safepoint: 17747 ns, Total: 299331 ns
[2025-10-15T04:44:00.951-0700][1246][info ][safepoint   ] Safepoint "Cleanup", Time since last: 1053730712 ns, Reaching safepoint: 190337 ns, Cleanup: 52149 ns, At safepoint: 16735 ns, Total: 259221 ns
[2025-10-15T04:44:01.951-0700][1246][info ][safepoint   ] Safepoint "Cleanup", Time since last: 1000100049 ns, Reaching safepoint: 209225 ns, Cleanup: 60822 ns, At safepoint: 27571 ns, Total: 297618 ns
[2025-10-15T04:44:02.951-0700][1246][info ][safepoint   ] Safepoint "Cleanup", Time since last: 1000110115 ns, Reaching safepoint: 203015 ns, Cleanup: 38408 ns, At safepoint: 16315 ns, Total: 257738 ns
[2025-10-15T04:44:03.952-0700][1246][info ][safepoint   ] Safepoint "Cleanup", Time since last: 1000105858 ns, Reaching safepoint: 224227 ns, Cleanup: 85229 ns, At safepoint: 27261 ns, Total: 336717 ns
[2025-10-15T04:44:04.952-0700][1246][info ][safepoint   ] Safepoint "Cleanup", Time since last: 1000102723 ns, Reaching safepoint: 202705 ns, Cleanup: 71488 ns, At safepoint: 17356 ns, Total: 291549 ns
[2025-10-15T04:44:05.953-0700][1246][info ][safepoint   ] Safepoint "Cleanup", Time since last: 1000112198 ns, Reaching safepoint: 197427 ns, Cleanup: 84427 ns, At safepoint: 19339 ns, Total: 301193 ns
[2025-10-15T04:44:06.953-0700][1246][info ][safepoint   ] Safepoint "Cleanup", Time since last: 1000102694 ns, Reaching safepoint: 358439 ns, Cleanup: 21893 ns, At safepoint: 18288 ns, Total: 398620 ns
[2025-10-15T04:44:07.954-0700][1246][info ][safepoint   ] Safepoint "Cleanup", Time since last: 1000106739 ns, Reaching safepoint: 206301 ns, Cleanup: 36445 ns, At safepoint: 18688 ns, Total: 261434 ns
[2025-10-15T04:44:08.954-0700][1246][info ][safepoint   ] Safepoint "Cleanup", Time since last: 1000100169 ns, Reaching safepoint: 199330 ns, Cleanup: 28603 ns, At safepoint: 19219 ns, Total: 247152 ns
[2025-10-15T04:44:09.267-0700][1246][info ][safepoint   ] Safepoint "ICBufferFull", Time since last: 312180950 ns, Reaching safepoint: 245810 ns, Cleanup: 134703 ns, At safepoint: 30957 ns, Total: 411470 ns
[2025-10-15T04:44:10.021-0700][1246][info ][safepoint   ] Safepoint "ICBufferFull", Time since last: 753692316 ns, Reaching safepoint: 243597 ns, Cleanup: 148734 ns, At safepoint: 28342 ns, Total: 420673 ns
[2025-10-15T04:44:11.021-0700][1246][info ][safepoint   ] Safepoint "Cleanup", Time since last: 1000120160 ns, Reaching safepoint: 233021 ns, Cleanup: 75323 ns, At safepoint: 34632 ns, Total: 342976 ns
[2025-10-15T04:44:12.022-0700][1246][info ][safepoint   ] Safepoint "Cleanup", Time since last: 1000107951 ns, Reaching safepoint: 256497 ns, Cleanup: 90035 ns, At safepoint: 39440 ns, Total: 385972 ns
[2025-10-15T04:44:13.022-0700][1246][info ][safepoint   ] Safepoint "Cleanup", Time since last: 1000130525 ns, Reaching safepoint: 239901 ns, Cleanup: 32689 ns, At safepoint: 29695 ns, Total: 302285 ns
[2025-10-15T04:44:14.022-0700][1246][info ][safepoint   ] Safepoint "Cleanup", Time since last: 1000131807 ns, Reaching safepoint: 247072 ns, Cleanup: 38759 ns, At safepoint: 32328 ns, Total: 318159 ns
[2025-10-15T04:44:15.023-0700][1246][info ][safepoint   ] Safepoint "Cleanup", Time since last: 1000129494 ns, Reaching safepoint: 239681 ns, Cleanup: 38518 ns, At safepoint: 31928 ns, Total: 310127 ns
[2025-10-15T04:44:16.023-0700][1246][info ][safepoint   ] Safepoint "Cleanup", Time since last: 1000130395 ns, Reaching safepoint: 257507 ns, Cleanup: 17577 ns, At safepoint: 30185 ns, Total: 305269 ns
[2025-10-15T04:44:17.024-0700][1246][info ][safepoint   ] Safepoint "Cleanup", Time since last: 1000115663 ns, Reaching safepoint: 217528 ns, Cleanup: 43175 ns, At safepoint: 19830 ns, Total: 280533 ns
[2025-10-15T04:44:17.381-0700][1246][info ][gc,start    ] GC(14) Pause Young (Normal) (G1 Evacuation Pause)
[2025-10-15T04:44:17.381-0700][1246][info ][gc,task     ] GC(14) Using 113 workers of 113 for evacuation
[2025-10-15T04:44:17.383-0700][1246][debug][gc,remset   ] GC(14) Visited cards 0 Total dirty 0 (0.00%) Total old 37748736 (0.00%)
[2025-10-15T04:44:17.541-0700][1246][info ][gc,phases   ] GC(14)   Pre Evacuate Collection Set: 0.6ms
[2025-10-15T04:44:17.541-0700][1246][info ][gc,phases   ] GC(14)   Merge Heap Roots: 0.8ms
[2025-10-15T04:44:17.541-0700][1246][info ][gc,phases   ] GC(14)   Evacuate Collection Set: 147.2ms
[2025-10-15T04:44:17.541-0700][1246][info ][gc,phases   ] GC(14)   Post Evacuate Collection Set: 10.6ms
[2025-10-15T04:44:17.541-0700][1246][info ][gc,phases   ] GC(14)   Other: 0.5ms
[2025-10-15T04:44:17.541-0700][1246][debug][gc,remset   ] GC(14) Coarsening (recent): Inline->AoC 0 (0) AoC->Howl 0 (0) Howl->Full 0 (0) Inline->AoC 0 (0) AoC->BitMap 0 (0) BitMap->Full 0 (0) 
[2025-10-15T04:44:17.541-0700][1246][debug][gc,remset   ] GC(14) Coarsening (all): Inline->AoC 0 (0) AoC->Howl 0 (0) Howl->Full 0 (0) Inline->AoC 0 (0) AoC->BitMap 0 (0) BitMap->Full 0 (0) 
[2025-10-15T04:44:17.541-0700][1246][info ][gc,heap     ] GC(14) Eden regions: 267->0(265)
[2025-10-15T04:44:17.541-0700][1246][info ][gc,heap     ] GC(14) Survivor regions: 21->23(36)
[2025-10-15T04:44:17.541-0700][1246][info ][gc,heap     ] GC(14) Old regions: 0->1
[2025-10-15T04:44:17.541-0700][1246][info ][gc,heap     ] GC(14) Humongous regions: 0->0
[2025-10-15T04:44:17.541-0700][1246][info ][gc,metaspace] GC(14) Metaspace: 208028K(210432K)->208028K(210432K) NonClass: 183503K(184896K)->183503K(184896K) Class: 24524K(25536K)->24524K(25536K)
[2025-10-15T04:44:17.541-0700][1246][info ][gc          ] GC(14) Pause Young (Normal) (G1 Evacuation Pause) 9195M->737M(184320M) 159.873ms
[2025-10-15T04:44:17.541-0700][1246][info ][gc,cpu      ] GC(14) User=2.22s Sys=2.52s Real=0.16s
[2025-10-15T04:44:17.542-0700][1246][info ][safepoint   ] Safepoint "G1CollectForAllocation", Time since last: 356611009 ns, Reaching safepoint: 239661 ns, Cleanup: 17647 ns, At safepoint: 160889525 ns, Total: 161146833 ns
[2025-10-15T04:44:18.542-0700][1246][info ][safepoint   ] Safepoint "Cleanup", Time since last: 1000107581 ns, Reaching safepoint: 246852 ns, Cleanup: 79540 ns, At safepoint: 35012 ns, Total: 361404 ns
[2025-10-15T04:44:19.542-0700][1246][info ][safepoint   ] Safepoint "Cleanup", Time since last: 1000133740 ns, Reaching safepoint: 270067 ns, Cleanup: 46670 ns, At safepoint: 35564 ns, Total: 352301 ns
[2025-10-15T04:44:20.543-0700][1246][info ][safepoint   ] Safepoint "Cleanup", Time since last: 1000130224 ns, Reaching safepoint: 250898 ns, Cleanup: 48113 ns, At safepoint: 33660 ns, Total: 332671 ns
[2025-10-15T04:44:22.272-0700][1246][info ][safepoint   ] Safepoint "Cleanup", Time since last: 1728976390 ns, Reaching safepoint: 260372 ns, Cleanup: 208984 ns, At safepoint: 37747 ns, Total: 507103 ns
[2025-10-15T04:44:23.273-0700][1246][info ][safepoint   ] Safepoint "Cleanup", Time since last: 1000134001 ns, Reaching safepoint: 256246 ns, Cleanup: 44116 ns, At safepoint: 35363 ns, Total: 335725 ns
[2025-10-15T04:44:24.273-0700][1246][info ][safepoint   ] Safepoint "Cleanup", Time since last: 1000107060 ns, Reaching safepoint: 227773 ns, Cleanup: 33020 ns, At safepoint: 20160 ns, Total: 280953 ns
[2025-10-15T04:44:25.274-0700][1246][info ][safepoint   ] Safepoint "Cleanup", Time since last: 1000125428 ns, Reaching safepoint: 232410 ns, Cleanup: 28993 ns, At safepoint: 21513 ns, Total: 282916 ns
[2025-10-15T04:44:26.274-0700][1246][info ][safepoint   ] Safepoint "Cleanup", Time since last: 1000122493 ns, Reaching safepoint: 261013 ns, Cleanup: 20631 ns, At safepoint: 31427 ns, Total: 313071 ns
[2025-10-15T04:44:27.275-0700][1246][info ][safepoint   ] Safepoint "Cleanup", Time since last: 1000137987 ns, Reaching safepoint: 262325 ns, Cleanup: 25258 ns, At safepoint: 34281 ns, Total: 321864 ns
[2025-10-15T04:44:28.275-0700][1246][info ][safepoint   ] Safepoint "Cleanup", Time since last: 1000114261 ns, Reaching safepoint: 253842 ns, Cleanup: 16886 ns, At safepoint: 34001 ns, Total: 304729 ns
[2025-10-15T04:44:29.276-0700][1246][info ][safepoint   ] Safepoint "Cleanup", Time since last: 1000139028 ns, Reaching safepoint: 276165 ns, Cleanup: 66090 ns, At safepoint: 35784 ns, Total: 378039 ns
[2025-10-15T04:44:30.276-0700][1246][info ][safepoint   ] Safepoint "Cleanup", Time since last: 1000129874 ns, Reaching safepoint: 265720 ns, Cleanup: 54172 ns, At safepoint: 32108 ns, Total: 352000 ns
[2025-10-15T04:44:31.276-0700][1246][info ][safepoint   ] Safepoint "Cleanup", Time since last: 1000134541 ns, Reaching safepoint: 282165 ns, Cleanup: 35173 ns, At safepoint: 33631 ns, Total: 350969 ns
[2025-10-15T04:44:32.277-0700][1246][info ][safepoint   ] Safepoint "Cleanup", Time since last: 1000137616 ns, Reaching safepoint: 270397 ns, Cleanup: 37516 ns, At safepoint: 35504 ns, Total: 343417 ns
[2025-10-15T04:44:33.277-0700][1246][info ][safepoint   ] Safepoint "Cleanup", Time since last: 1000118747 ns, Reaching safepoint: 245280 ns, Cleanup: 18267 ns, At safepoint: 23716 ns, Total: 287263 ns
[2025-10-15T04:44:34.278-0700][1246][info ][safepoint   ] Safepoint "Cleanup", Time since last: 1000128171 ns, Reaching safepoint: 270868 ns, Cleanup: 31337 ns, At safepoint: 33271 ns, Total: 335476 ns
[2025-10-15T04:44:35.278-0700][1246][info ][safepoint   ] Safepoint "Cleanup", Time since last: 1000111696 ns, Reaching safepoint: 244028 ns, Cleanup: 33660 ns, At safepoint: 32740 ns, Total: 310428 ns
[2025-10-15T04:44:36.706-0700][1246][info ][safepoint   ] Safepoint "Cleanup", Time since last: 1427735352 ns, Reaching safepoint: 276937 ns, Cleanup: 130606 ns, At safepoint: 37196 ns, Total: 444739 ns
[2025-10-15T04:44:37.707-0700][1246][info ][safepoint   ] Safepoint "Cleanup", Time since last: 1000130295 ns, Reaching safepoint: 269126 ns, Cleanup: 22684 ns, At safepoint: 35283 ns, Total: 327093 ns
[2025-10-15T04:44:38.707-0700][1246][info ][safepoint   ] Safepoint "Cleanup", Time since last: 1000130355 ns, Reaching safepoint: 295835 ns, Cleanup: 19440 ns, At safepoint: 34191 ns, Total: 349466 ns
[2025-10-15T04:44:39.708-0700][1246][info ][safepoint   ] Safepoint "Cleanup", Time since last: 1000130515 ns, Reaching safepoint: 274393 ns, Cleanup: 41533 ns, At safepoint: 36795 ns, Total: 352721 ns
[2025-10-15T04:44:40.708-0700][1246][info ][safepoint   ] Safepoint "Cleanup", Time since last: 1000129494 ns, Reaching safepoint: 344278 ns, Cleanup: 67171 ns, At safepoint: 40872 ns, Total: 452321 ns
[2025-10-15T04:44:41.709-0700][1246][info ][safepoint   ] Safepoint "Cleanup", Time since last: 1000129584 ns, Reaching safepoint: 287723 ns, Cleanup: 54612 ns, At safepoint: 37056 ns, Total: 379391 ns
[2025-10-15T04:44:42.709-0700][1246][info ][safepoint   ] Safepoint "Cleanup", Time since last: 1000128752 ns, Reaching safepoint: 300663 ns, Cleanup: 13060 ns, At safepoint: 36435 ns, Total: 350158 ns
[2025-10-15T04:44:43.710-0700][1246][info ][safepoint   ] Safepoint "Cleanup", Time since last: 1000133049 ns, Reaching safepoint: 326171 ns, Cleanup: 25438 ns, At safepoint: 35834 ns, Total: 387443 ns
[2025-10-15T04:44:44.710-0700][1246][info ][safepoint   ] Safepoint "Cleanup", Time since last: 1000128592 ns, Reaching safepoint: 304269 ns, Cleanup: 26760 ns, At safepoint: 38037 ns, Total: 369066 ns
[2025-10-15T04:44:45.711-0700][1246][info ][safepoint   ] Safepoint "Cleanup", Time since last: 1000146259 ns, Reaching safepoint: 294013 ns, Cleanup: 18838 ns, At safepoint: 36455 ns, Total: 349306 ns
[2025-10-15T04:44:46.711-0700][1246][info ][safepoint   ] Safepoint "Cleanup", Time since last: 1000133590 ns, Reaching safepoint: 313812 ns, Cleanup: 17376 ns, At safepoint: 37337 ns, Total: 368525 ns
[2025-10-15T04:44:47.712-0700][1246][info ][safepoint   ] Safepoint "Cleanup", Time since last: 1000127751 ns, Reaching safepoint: 297247 ns, Cleanup: 41473 ns, At safepoint: 39730 ns, Total: 378450 ns
[2025-10-15T04:44:48.712-0700][1246][info ][safepoint   ] Safepoint "Cleanup", Time since last: 1000106769 ns, Reaching safepoint: 275525 ns, Cleanup: 25508 ns, At safepoint: 25278 ns, Total: 326311 ns
[2025-10-15T04:44:49.713-0700][1246][info ][safepoint   ] Safepoint "Cleanup", Time since last: 1000100190 ns, Reaching safepoint: 274493 ns, Cleanup: 25448 ns, At safepoint: 24037 ns, Total: 323978 ns
[2025-10-15T04:44:50.713-0700][1246][info ][safepoint   ] Safepoint "Cleanup", Time since last: 1000099107 ns, Reaching safepoint: 268475 ns, Cleanup: 10726 ns, At safepoint: 23866 ns, Total: 303067 ns
[2025-10-15T04:44:51.714-0700][1246][info ][safepoint   ] Safepoint "Cleanup", Time since last: 1000144506 ns, Reaching safepoint: 305961 ns, Cleanup: 25408 ns, At safepoint: 38939 ns, Total: 370308 ns
[2025-10-15T04:44:52.714-0700][1246][info ][safepoint   ] Safepoint "Cleanup", Time since last: 1000131626 ns, Reaching safepoint: 303277 ns, Cleanup: 19770 ns, At safepoint: 38338 ns, Total: 361385 ns
[2025-10-15T04:44:53.715-0700][1246][info ][safepoint   ] Safepoint "Cleanup", Time since last: 1000143344 ns, Reaching safepoint: 304459 ns, Cleanup: 17235 ns, At safepoint: 37227 ns, Total: 358921 ns
[2025-10-15T04:44:54.715-0700][1246][info ][safepoint   ] Safepoint "Cleanup", Time since last: 1000133800 ns, Reaching safepoint: 306912 ns, Cleanup: 17767 ns, At safepoint: 38988 ns, Total: 363667 ns
[2025-10-15T04:44:55.716-0700][1246][info ][safepoint   ] Safepoint "Cleanup", Time since last: 1000123956 ns, Reaching safepoint: 310066 ns, Cleanup: 49004 ns, At safepoint: 39029 ns, Total: 398099 ns
[2025-10-15T04:44:56.716-0700][1246][info ][safepoint   ] Safepoint "Cleanup", Time since last: 1000132128 ns, Reaching safepoint: 316757 ns, Cleanup: 15813 ns, At safepoint: 56986 ns, Total: 389556 ns
[2025-10-15T04:44:57.717-0700][1246][info ][safepoint   ] Safepoint "Cleanup", Time since last: 1000130335 ns, Reaching safepoint: 312581 ns, Cleanup: 24587 ns, At safepoint: 38668 ns, Total: 375836 ns
[2025-10-15T04:44:58.717-0700][1246][info ][safepoint   ] Safepoint "Cleanup", Time since last: 1000129694 ns, Reaching safepoint: 313762 ns, Cleanup: 13861 ns, At safepoint: 53100 ns, Total: 380723 ns
[2025-10-15T04:44:59.718-0700][1246][info ][safepoint   ] Safepoint "Cleanup", Time since last: 1000107090 ns, Reaching safepoint: 290588 ns, Cleanup: 35163 ns, At safepoint: 24637 ns, Total: 350388 ns
[2025-10-15T04:45:00.971-0700][1246][info ][safepoint   ] Safepoint "Cleanup", Time since last: 1253028471 ns, Reaching safepoint: 303597 ns, Cleanup: 29804 ns, At safepoint: 40542 ns, Total: 373943 ns
[2025-10-15T04:45:01.972-0700][1246][info ][safepoint   ] Safepoint "Cleanup", Time since last: 1000129583 ns, Reaching safepoint: 305470 ns, Cleanup: 25529 ns, At safepoint: 41612 ns, Total: 372611 ns
[2025-10-15T04:45:02.972-0700][1246][info ][safepoint   ] Safepoint "Cleanup", Time since last: 1000114091 ns, Reaching safepoint: 319561 ns, Cleanup: 13520 ns, At safepoint: 39480 ns, Total: 372561 ns
[2025-10-15T04:45:03.973-0700][1246][info ][safepoint   ] Safepoint "Cleanup", Time since last: 1000133379 ns, Reaching safepoint: 312150 ns, Cleanup: 14162 ns, At safepoint: 40621 ns, Total: 366933 ns
[2025-10-15T04:45:04.973-0700][1246][info ][safepoint   ] Safepoint "Cleanup", Time since last: 1000134521 ns, Reaching safepoint: 317398 ns, Cleanup: 44607 ns, At safepoint: 39980 ns, Total: 401985 ns
[2025-10-15T04:45:05.974-0700][1246][info ][safepoint   ] Safepoint "Cleanup", Time since last: 1000112178 ns, Reaching safepoint: 318620 ns, Cleanup: 27431 ns, At safepoint: 40791 ns, Total: 386842 ns
[2025-10-15T04:45:06.974-0700][1246][info ][safepoint   ] Safepoint "Cleanup", Time since last: 1000142924 ns, Reaching safepoint: 323417 ns, Cleanup: 13631 ns, At safepoint: 41672 ns, Total: 378720 ns
[2025-10-15T04:45:07.975-0700][1246][info ][safepoint   ] Safepoint "Cleanup", Time since last: 1000129274 ns, Reaching safepoint: 317979 ns, Cleanup: 20941 ns, At safepoint: 45619 ns, Total: 384539 ns
[2025-10-15T04:45:08.975-0700][1246][info ][safepoint   ] Safepoint "Cleanup", Time since last: 1000129303 ns, Reaching safepoint: 318009 ns, Cleanup: 28443 ns, At safepoint: 46029 ns, Total: 392481 ns
[2025-10-15T04:45:09.000-0700][1246][info ][gc,start    ] GC(15) Pause Young (Normal) (G1 Evacuation Pause)
[2025-10-15T04:45:09.000-0700][1246][info ][gc,task     ] GC(15) Using 113 workers of 113 for evacuation
[2025-10-15T04:45:09.001-0700][1246][debug][gc,remset   ] GC(15) Visited cards 35072 Total dirty 65536 (53.52%) Total old 37814272 (0.09%)
[2025-10-15T04:45:09.085-0700][1246][info ][gc,phases   ] GC(15)   Pre Evacuate Collection Set: 0.5ms
[2025-10-15T04:45:09.085-0700][1246][info ][gc,phases   ] GC(15)   Merge Heap Roots: 1.0ms
[2025-10-15T04:45:09.085-0700][1246][info ][gc,phases   ] GC(15)   Evacuate Collection Set: 75.7ms
[2025-10-15T04:45:09.085-0700][1246][info ][gc,phases   ] GC(15)   Post Evacuate Collection Set: 7.3ms
[2025-10-15T04:45:09.085-0700][1246][info ][gc,phases   ] GC(15)   Other: 0.4ms
[2025-10-15T04:45:09.085-0700][1246][debug][gc,remset   ] GC(15) Coarsening (recent): Inline->AoC 0 (0) AoC->Howl 0 (0) Howl->Full 0 (0) Inline->AoC 0 (0) AoC->BitMap 0 (0) BitMap->Full 0 (0) 
[2025-10-15T04:45:09.085-0700][1246][debug][gc,remset   ] GC(15) Coarsening (all): Inline->AoC 0 (0) AoC->Howl 0 (0) Howl->Full 0 (0) Inline->AoC 0 (0) AoC->BitMap 0 (0) BitMap->Full 0 (0) 
[2025-10-15T04:45:09.085-0700][1246][info ][gc,heap     ] GC(15) Eden regions: 265->0(265)
[2025-10-15T04:45:09.085-0700][1246][info ][gc,heap     ] GC(15) Survivor regions: 23->23(36)
[2025-10-15T04:45:09.085-0700][1246][info ][gc,heap     ] GC(15) Old regions: 1->4
[2025-10-15T04:45:09.085-0700][1246][info ][gc,heap     ] GC(15) Humongous regions: 0->0
[2025-10-15T04:45:09.085-0700][1246][info ][gc,metaspace] GC(15) Metaspace: 209332K(211776K)->209332K(211776K) NonClass: 184730K(186112K)->184730K(186112K) Class: 24602K(25664K)->24602K(25664K)
[2025-10-15T04:45:09.085-0700][1246][info ][gc          ] GC(15) Pause Young (Normal) (G1 Evacuation Pause) 9217M->828M(184320M) 85.122ms
[2025-10-15T04:45:09.086-0700][1246][info ][gc,cpu      ] GC(15) User=1.85s Sys=1.41s Real=0.08s
[2025-10-15T04:45:09.086-0700][1246][info ][safepoint   ] Safepoint "G1CollectForAllocation", Time since last: 23780267 ns, Reaching safepoint: 233902 ns, Cleanup: 17416 ns, At safepoint: 86406615 ns, Total: 86657933 ns
[2025-10-15T04:45:10.086-0700][1246][info ][safepoint   ] Safepoint "Cleanup", Time since last: 1000101141 ns, Reaching safepoint: 338740 ns, Cleanup: 42704 ns, At safepoint: 45559 ns, Total: 427003 ns
[2025-10-15T04:45:11.087-0700][1246][info ][safepoint   ] Safepoint "Cleanup", Time since last: 1000077846 ns, Reaching safepoint: 333151 ns, Cleanup: 31137 ns, At safepoint: 45479 ns, Total: 409767 ns
[2025-10-15T04:45:12.087-0700][1246][info ][safepoint   ] Safepoint "Cleanup", Time since last: 1000110535 ns, Reaching safepoint: 301624 ns, Cleanup: 13170 ns, At safepoint: 29474 ns, Total: 344268 ns
[2025-10-15T04:45:13.088-0700][1246][info ][safepoint   ] Safepoint "Cleanup", Time since last: 1000094081 ns, Reaching safepoint: 307463 ns, Cleanup: 22023 ns, At safepoint: 27982 ns, Total: 357468 ns
[2025-10-15T04:45:14.088-0700][1246][info ][safepoint   ] Safepoint "Cleanup", Time since last: 1000096684 ns, Reaching safepoint: 308284 ns, Cleanup: 18438 ns, At safepoint: 28533 ns, Total: 355255 ns
[2025-10-15T04:45:15.088-0700][1246][info ][safepoint   ] Safepoint "Cleanup", Time since last: 1000098477 ns, Reaching safepoint: 309466 ns, Cleanup: 20090 ns, At safepoint: 29975 ns, Total: 359531 ns
[2025-10-15T04:45:16.089-0700][1246][info ][safepoint   ] Safepoint "Cleanup", Time since last: 1000114321 ns, Reaching safepoint: 305610 ns, Cleanup: 12159 ns, At safepoint: 28382 ns, Total: 346151 ns
[2025-10-15T04:45:18.090-0700][1246][info ][safepoint   ] Safepoint "Cleanup", Time since last: 2000165797 ns, Reaching safepoint: 343237 ns, Cleanup: 13731 ns, At safepoint: 46139 ns, Total: 403107 ns
[2025-10-15T04:45:19.090-0700][1246][info ][safepoint   ] Safepoint "Cleanup", Time since last: 1000121792 ns, Reaching safepoint: 325090 ns, Cleanup: 44146 ns, At safepoint: 45859 ns, Total: 415095 ns
[2025-10-15T04:45:20.091-0700][1246][info ][safepoint   ] Safepoint "Cleanup", Time since last: 1000128703 ns, Reaching safepoint: 346922 ns, Cleanup: 17446 ns, At safepoint: 44577 ns, Total: 408945 ns
[2025-10-15T04:45:21.091-0700][1246][info ][safepoint   ] Safepoint "Cleanup", Time since last: 1000124446 ns, Reaching safepoint: 344149 ns, Cleanup: 29324 ns, At safepoint: 46790 ns, Total: 420263 ns
[2025-10-15T04:45:22.092-0700][1246][info ][safepoint   ] Safepoint "Cleanup", Time since last: 1000134161 ns, Reaching safepoint: 354994 ns, Cleanup: 112920 ns, At safepoint: 44688 ns, Total: 512602 ns
[2025-10-15T04:45:23.092-0700][1246][info ][safepoint   ] Safepoint "Cleanup", Time since last: 1000131076 ns, Reaching safepoint: 370247 ns, Cleanup: 20101 ns, At safepoint: 55062 ns, Total: 445410 ns
[2025-10-15T04:45:24.093-0700][1246][info ][safepoint   ] Safepoint "Cleanup", Time since last: 1000128843 ns, Reaching safepoint: 352631 ns, Cleanup: 16034 ns, At safepoint: 45248 ns, Total: 413913 ns
[2025-10-15T04:45:25.093-0700][1246][info ][safepoint   ] Safepoint "Cleanup", Time since last: 1000130576 ns, Reaching safepoint: 361594 ns, Cleanup: 21753 ns, At safepoint: 48793 ns, Total: 432140 ns
[2025-10-15T04:45:26.094-0700][1246][info ][safepoint   ] Safepoint "Cleanup", Time since last: 1000125147 ns, Reaching safepoint: 355345 ns, Cleanup: 43005 ns, At safepoint: 44207 ns, Total: 442557 ns
[2025-10-15T04:45:27.095-0700][1246][info ][safepoint   ] Safepoint "Cleanup", Time since last: 1000125898 ns, Reaching safepoint: 383588 ns, Cleanup: 30065 ns, At safepoint: 46670 ns, Total: 460323 ns
[2025-10-15T04:45:29.095-0700][1246][info ][safepoint   ] Safepoint "Cleanup", Time since last: 2000213268 ns, Reaching safepoint: 364900 ns, Cleanup: 25158 ns, At safepoint: 58708 ns, Total: 448766 ns
[2025-10-15T04:45:30.096-0700][1246][info ][safepoint   ] Safepoint "Cleanup", Time since last: 1000130726 ns, Reaching safepoint: 361714 ns, Cleanup: 65189 ns, At safepoint: 49224 ns, Total: 476127 ns
[2025-10-15T04:45:31.096-0700][1246][info ][safepoint   ] Safepoint "Cleanup", Time since last: 1000128772 ns, Reaching safepoint: 363177 ns, Cleanup: 15433 ns, At safepoint: 48163 ns, Total: 426773 ns
[2025-10-15T04:45:32.097-0700][1246][info ][safepoint   ] Safepoint "Cleanup", Time since last: 1000124306 ns, Reaching safepoint: 360202 ns, Cleanup: 14932 ns, At safepoint: 47883 ns, Total: 423017 ns
[2025-10-15T04:45:34.062-0700][1246][info ][safepoint   ] Safepoint "Cleanup", Time since last: 1965024633 ns, Reaching safepoint: 362827 ns, Cleanup: 34442 ns, At safepoint: 49925 ns, Total: 447194 ns
[2025-10-15T04:45:35.063-0700][1246][info ][safepoint   ] Safepoint "Cleanup", Time since last: 1000143084 ns, Reaching safepoint: 349977 ns, Cleanup: 29344 ns, At safepoint: 49675 ns, Total: 428996 ns
[2025-10-15T04:45:36.064-0700][1246][info ][safepoint   ] Safepoint "Cleanup", Time since last: 1000116854 ns, Reaching safepoint: 346462 ns, Cleanup: 23015 ns, At safepoint: 35393 ns, Total: 404870 ns
[2025-10-15T04:45:37.064-0700][1246][info ][safepoint   ] Safepoint "Cleanup", Time since last: 1000128172 ns, Reaching safepoint: 350848 ns, Cleanup: 22564 ns, At safepoint: 48072 ns, Total: 421484 ns
[2025-10-15T04:45:38.065-0700][1246][info ][safepoint   ] Safepoint "Cleanup", Time since last: 1000139659 ns, Reaching safepoint: 365220 ns, Cleanup: 19550 ns, At safepoint: 48362 ns, Total: 433132 ns
[2025-10-15T04:45:39.065-0700][1246][info ][safepoint   ] Safepoint "Cleanup", Time since last: 1000147992 ns, Reaching safepoint: 361875 ns, Cleanup: 24777 ns, At safepoint: 57877 ns, Total: 444529 ns
[2025-10-15T04:45:40.066-0700][1246][info ][safepoint   ] Safepoint "Cleanup", Time since last: 1000115363 ns, Reaching safepoint: 344228 ns, Cleanup: 19239 ns, At safepoint: 31628 ns, Total: 395095 ns
[2025-10-15T04:45:42.066-0700][1246][info ][safepoint   ] Safepoint "Cleanup", Time since last: 2000218586 ns, Reaching safepoint: 365671 ns, Cleanup: 22864 ns, At safepoint: 49705 ns, Total: 438240 ns
[2025-10-15T04:45:44.067-0700][1246][info ][safepoint   ] Safepoint "Cleanup", Time since last: 2000224385 ns, Reaching safepoint: 360463 ns, Cleanup: 14241 ns, At safepoint: 50426 ns, Total: 425130 ns
[2025-10-15T04:45:45.068-0700][1246][info ][safepoint   ] Safepoint "Cleanup", Time since last: 1000131807 ns, Reaching safepoint: 367954 ns, Cleanup: 13901 ns, At safepoint: 50586 ns, Total: 432441 ns
[2025-10-15T04:45:46.068-0700][1246][info ][safepoint   ] Safepoint "Cleanup", Time since last: 1000130445 ns, Reaching safepoint: 358450 ns, Cleanup: 13501 ns, At safepoint: 49093 ns, Total: 421044 ns
[2025-10-15T04:45:48.069-0700][1246][info ][safepoint   ] Safepoint "Cleanup", Time since last: 2000225077 ns, Reaching safepoint: 365690 ns, Cleanup: 19099 ns, At safepoint: 48954 ns, Total: 433743 ns
[2025-10-15T04:45:49.069-0700][1246][info ][safepoint   ] Safepoint "Cleanup", Time since last: 1000131286 ns, Reaching safepoint: 387584 ns, Cleanup: 19649 ns, At safepoint: 48543 ns, Total: 455776 ns
[2025-10-15T04:45:50.070-0700][1246][info ][safepoint   ] Safepoint "Cleanup", Time since last: 1000115954 ns, Reaching safepoint: 336566 ns, Cleanup: 14923 ns, At safepoint: 48893 ns, Total: 400382 ns
[2025-10-15T04:45:51.071-0700][1246][info ][safepoint   ] Safepoint "Cleanup", Time since last: 1000131908 ns, Reaching safepoint: 378029 ns, Cleanup: 14562 ns, At safepoint: 51598 ns, Total: 444189 ns
[2025-10-15T04:45:52.071-0700][1246][info ][safepoint   ] Safepoint "Cleanup", Time since last: 1000130024 ns, Reaching safepoint: 371479 ns, Cleanup: 14102 ns, At safepoint: 50506 ns, Total: 436087 ns
[2025-10-15T04:45:53.072-0700][1246][info ][safepoint   ] Safepoint "Cleanup", Time since last: 1000144967 ns, Reaching safepoint: 371359 ns, Cleanup: 15673 ns, At safepoint: 48864 ns, Total: 435896 ns
[2025-10-15T04:45:55.072-0700][1246][info ][safepoint   ] Safepoint "Cleanup", Time since last: 2000181491 ns, Reaching safepoint: 327583 ns, Cleanup: 34562 ns, At safepoint: 40260 ns, Total: 402405 ns
[2025-10-15T04:45:56.073-0700][1246][info ][safepoint   ] Safepoint "Cleanup", Time since last: 1000120290 ns, Reaching safepoint: 388515 ns, Cleanup: 17216 ns, At safepoint: 53901 ns, Total: 459632 ns
[2025-10-15T04:45:57.073-0700][1246][info ][safepoint   ] Safepoint "Cleanup", Time since last: 1000128302 ns, Reaching safepoint: 388525 ns, Cleanup: 25849 ns, At safepoint: 54542 ns, Total: 468916 ns
[2025-10-15T04:45:58.074-0700][1246][info ][safepoint   ] Safepoint "Cleanup", Time since last: 1000138557 ns, Reaching safepoint: 374895 ns, Cleanup: 23165 ns, At safepoint: 50286 ns, Total: 448346 ns
[2025-10-15T04:45:59.075-0700][1246][info ][safepoint   ] Safepoint "Cleanup", Time since last: 1000132508 ns, Reaching safepoint: 385580 ns, Cleanup: 24016 ns, At safepoint: 52950 ns, Total: 462546 ns
[2025-10-15T04:46:00.992-0700][1246][info ][safepoint   ] Safepoint "Cleanup", Time since last: 1917062256 ns, Reaching safepoint: 405831 ns, Cleanup: 26790 ns, At safepoint: 55584 ns, Total: 488205 ns
[2025-10-15T04:46:01.993-0700][1246][info ][safepoint   ] Safepoint "Cleanup", Time since last: 1000110665 ns, Reaching safepoint: 397669 ns, Cleanup: 15253 ns, At safepoint: 54141 ns, Total: 467063 ns
[2025-10-15T04:46:02.993-0700][1246][info ][safepoint   ] Safepoint "Cleanup", Time since last: 1000109694 ns, Reaching safepoint: 449707 ns, Cleanup: 18668 ns, At safepoint: 43616 ns, Total: 511991 ns
[2025-10-15T04:46:03.994-0700][1246][info ][safepoint   ] Safepoint "Cleanup", Time since last: 1000116895 ns, Reaching safepoint: 386251 ns, Cleanup: 16896 ns, At safepoint: 51267 ns, Total: 454414 ns
[2025-10-15T04:46:04.995-0700][1246][info ][safepoint   ] Safepoint "Cleanup", Time since last: 1000144927 ns, Reaching safepoint: 394334 ns, Cleanup: 16474 ns, At safepoint: 53611 ns, Total: 464419 ns
[2025-10-15T04:46:05.995-0700][1246][info ][safepoint   ] Safepoint "Cleanup", Time since last: 1000128212 ns, Reaching safepoint: 387053 ns, Cleanup: 25468 ns, At safepoint: 52980 ns, Total: 465501 ns
[2025-10-15T04:46:06.996-0700][1246][info ][safepoint   ] Safepoint "Cleanup", Time since last: 1000129704 ns, Reaching safepoint: 381023 ns, Cleanup: 21533 ns, At safepoint: 51608 ns, Total: 454164 ns
[2025-10-15T04:46:07.996-0700][1246][info ][safepoint   ] Safepoint "Cleanup", Time since last: 1000134841 ns, Reaching safepoint: 401285 ns, Cleanup: 13921 ns, At safepoint: 54622 ns, Total: 469828 ns
[2025-10-15T04:46:08.997-0700][1246][info ][safepoint   ] Safepoint "Cleanup", Time since last: 1000111947 ns, Reaching safepoint: 385520 ns, Cleanup: 16095 ns, At safepoint: 56164 ns, Total: 457779 ns
[2025-10-15T04:46:09.997-0700][1246][info ][safepoint   ] Safepoint "Cleanup", Time since last: 1000105958 ns, Reaching safepoint: 404029 ns, Cleanup: 22464 ns, At safepoint: 54752 ns, Total: 481245 ns
[2025-10-15T04:46:10.998-0700][1246][info ][safepoint   ] Safepoint "Cleanup", Time since last: 1000126780 ns, Reaching safepoint: 387523 ns, Cleanup: 12699 ns, At safepoint: 52079 ns, Total: 452301 ns
[2025-10-15T04:46:11.999-0700][1246][info ][safepoint   ] Safepoint "Cleanup", Time since last: 1000129593 ns, Reaching safepoint: 396357 ns, Cleanup: 20331 ns, At safepoint: 55163 ns, Total: 471851 ns
[2025-10-15T04:46:13.999-0700][1246][info ][safepoint   ] Safepoint "Cleanup", Time since last: 2000207349 ns, Reaching safepoint: 426433 ns, Cleanup: 24136 ns, At safepoint: 70937 ns, Total: 521506 ns
[2025-10-15T04:46:15.000-0700][1246][info ][safepoint   ] Safepoint "Cleanup", Time since last: 1000101972 ns, Reaching safepoint: 354203 ns, Cleanup: 13150 ns, At safepoint: 36064 ns, Total: 403417 ns
[2025-10-15T04:46:16.001-0700][1246][info ][safepoint   ] Safepoint "Cleanup", Time since last: 1000107371 ns, Reaching safepoint: 405490 ns, Cleanup: 32759 ns, At safepoint: 56736 ns, Total: 494985 ns
[2025-10-15T04:46:17.001-0700][1246][info ][safepoint   ] Safepoint "Cleanup", Time since last: 1000114241 ns, Reaching safepoint: 394454 ns, Cleanup: 19879 ns, At safepoint: 51238 ns, Total: 465571 ns
[2025-10-15T04:46:18.002-0700][1246][info ][safepoint   ] Safepoint "Cleanup", Time since last: 1000128201 ns, Reaching safepoint: 405391 ns, Cleanup: 20871 ns, At safepoint: 55844 ns, Total: 482106 ns
[2025-10-15T04:46:19.002-0700][1246][info ][safepoint   ] Safepoint "Cleanup", Time since last: 1000111737 ns, Reaching safepoint: 393142 ns, Cleanup: 54162 ns, At safepoint: 55263 ns, Total: 502567 ns
[2025-10-15T04:46:20.003-0700][1246][info ][safepoint   ] Safepoint "Cleanup", Time since last: 1000108101 ns, Reaching safepoint: 355746 ns, Cleanup: 13400 ns, At safepoint: 33941 ns, Total: 403087 ns
[2025-10-15T04:46:21.003-0700][1246][info ][safepoint   ] Safepoint "Cleanup", Time since last: 1000100300 ns, Reaching safepoint: 356286 ns, Cleanup: 20621 ns, At safepoint: 35063 ns, Total: 411970 ns
[2025-10-15T04:46:22.004-0700][1246][info ][safepoint   ] Safepoint "Cleanup", Time since last: 1000097446 ns, Reaching safepoint: 346802 ns, Cleanup: 41462 ns, At safepoint: 34522 ns, Total: 422786 ns
[2025-10-15T04:46:23.004-0700][1246][info ][safepoint   ] Safepoint "Cleanup", Time since last: 1000088422 ns, Reaching safepoint: 350668 ns, Cleanup: 22414 ns, At safepoint: 33901 ns, Total: 406983 ns
[2025-10-15T04:46:25.005-0700][1246][info ][safepoint   ] Safepoint "Cleanup", Time since last: 2000152927 ns, Reaching safepoint: 347934 ns, Cleanup: 20671 ns, At safepoint: 36255 ns, Total: 404860 ns
[2025-10-15T04:46:26.005-0700][1246][info ][safepoint   ] Safepoint "Cleanup", Time since last: 1000089053 ns, Reaching safepoint: 353552 ns, Cleanup: 18338 ns, At safepoint: 35113 ns, Total: 407003 ns
[2025-10-15T04:46:27.006-0700][1246][info ][safepoint   ] Safepoint "Cleanup", Time since last: 1000101521 ns, Reaching safepoint: 357819 ns, Cleanup: 18107 ns, At safepoint: 36044 ns, Total: 411970 ns
[2025-10-15T04:46:28.006-0700][1246][info ][safepoint   ] Safepoint "Cleanup", Time since last: 1000097876 ns, Reaching safepoint: 382647 ns, Cleanup: 16094 ns, At safepoint: 34782 ns, Total: 433523 ns
[2025-10-15T04:46:28.877-0700][1246][info ][gc,start    ] GC(16) Pause Young (Normal) (G1 Evacuation Pause)
[2025-10-15T04:46:28.877-0700][1246][info ][gc,task     ] GC(16) Using 113 workers of 113 for evacuation
[2025-10-15T04:46:28.879-0700][1246][debug][gc,remset   ] GC(16) Visited cards 157440 Total dirty 262144 (60.06%) Total old 38010880 (0.41%)
[2025-10-15T04:46:28.941-0700][1246][info ][gc,phases   ] GC(16)   Pre Evacuate Collection Set: 0.5ms
[2025-10-15T04:46:28.941-0700][1246][info ][gc,phases   ] GC(16)   Merge Heap Roots: 1.4ms
[2025-10-15T04:46:28.941-0700][1246][info ][gc,phases   ] GC(16)   Evacuate Collection Set: 55.7ms
[2025-10-15T04:46:28.941-0700][1246][info ][gc,phases   ] GC(16)   Post Evacuate Collection Set: 6.0ms
[2025-10-15T04:46:28.941-0700][1246][info ][gc,phases   ] GC(16)   Other: 0.2ms
[2025-10-15T04:46:28.941-0700][1246][debug][gc,remset   ] GC(16) Coarsening (recent): Inline->AoC 0 (0) AoC->Howl 0 (0) Howl->Full 0 (0) Inline->AoC 0 (0) AoC->BitMap 0 (0) BitMap->Full 0 (0) 
[2025-10-15T04:46:28.941-0700][1246][debug][gc,remset   ] GC(16) Coarsening (all): Inline->AoC 0 (0) AoC->Howl 0 (0) Howl->Full 0 (0) Inline->AoC 0 (0) AoC->BitMap 0 (0) BitMap->Full 0 (0) 
[2025-10-15T04:46:28.941-0700][1246][info ][gc,heap     ] GC(16) Eden regions: 265->0(267)
[2025-10-15T04:46:28.941-0700][1246][info ][gc,heap     ] GC(16) Survivor regions: 23->21(36)
[2025-10-15T04:46:28.941-0700][1246][info ][gc,heap     ] GC(16) Old regions: 4->10
[2025-10-15T04:46:28.941-0700][1246][info ][gc,heap     ] GC(16) Humongous regions: 0->0
[2025-10-15T04:46:28.941-0700][1246][info ][gc,metaspace] GC(16) Metaspace: 210253K(212608K)->210253K(212608K) NonClass: 185623K(186944K)->185623K(186944K) Class: 24630K(25664K)->24630K(25664K)
[2025-10-15T04:46:28.941-0700][1246][info ][gc          ] GC(16) Pause Young (Normal) (G1 Evacuation Pause) 9308M->966M(184320M) 63.956ms
[2025-10-15T04:46:28.942-0700][1246][info ][gc,cpu      ] GC(16) User=1.48s Sys=0.52s Real=0.07s
[2025-10-15T04:46:28.942-0700][1246][info ][safepoint   ] Safepoint "G1CollectForAllocation", Time since last: 869821676 ns, Reaching safepoint: 347673 ns, Cleanup: 10266 ns, At safepoint: 65457801 ns, Total: 65815740 ns
[2025-10-15T04:46:29.439-0700][1246][info ][gc,start    ] GC(17) Pause Young (Concurrent Start) (CodeCache GC Threshold)
[2025-10-15T04:46:29.439-0700][1246][info ][gc,task     ] GC(17) Using 113 workers of 113 for evacuation
[2025-10-15T04:46:29.441-0700][1246][debug][gc,remset   ] GC(17) Visited cards 304640 Total dirty 655360 (46.48%) Total old 3801088 (8.01%)
[2025-10-15T04:46:29.475-0700][1246][info ][gc,phases   ] GC(17)   Pre Evacuate Collection Set: 0.7ms
[2025-10-15T04:46:29.475-0700][1246][info ][gc,phases   ] GC(17)   Merge Heap Roots: 1.1ms
[2025-10-15T04:46:29.475-0700][1246][info ][gc,phases   ] GC(17)   Evacuate Collection Set: 30.2ms
[2025-10-15T04:46:29.475-0700][1246][info ][gc,phases   ] GC(17)   Post Evacuate Collection Set: 3.5ms
[2025-10-15T04:46:29.475-0700][1246][info ][gc,phases   ] GC(17)   Other: 0.1ms
[2025-10-15T04:46:29.475-0700][1246][debug][gc,remset   ] GC(17) Coarsening (recent): Inline->AoC 0 (0) AoC->Howl 0 (0) Howl->Full 0 (0) Inline->AoC 0 (0) AoC->BitMap 0 (0) BitMap->Full 0 (0) 
[2025-10-15T04:46:29.475-0700][1246][debug][gc,remset   ] GC(17) Coarsening (all): Inline->AoC 0 (0) AoC->Howl 0 (0) Howl->Full 0 (0) Inline->AoC 0 (0) AoC->BitMap 0 (0) BitMap->Full 0 (0) 
[2025-10-15T04:46:29.475-0700][1246][info ][gc,heap     ] GC(17) Eden regions: 3->0(266)
[2025-10-15T04:46:29.475-0700][1246][info ][gc,heap     ] GC(17) Survivor regions: 21->22(36)
[2025-10-15T04:46:29.475-0700][1246][info ][gc,heap     ] GC(17) Old regions: 10->10
[2025-10-15T04:46:29.475-0700][1246][info ][gc,heap     ] GC(17) Humongous regions: 0->0
[2025-10-15T04:46:29.475-0700][1246][info ][gc,metaspace] GC(17) Metaspace: 210297K(212672K)->210297K(212672K) NonClass: 185666K(187008K)->185666K(187008K) Class: 24630K(25664K)->24630K(25664K)
[2025-10-15T04:46:29.475-0700][1246][info ][gc          ] GC(17) Pause Young (Concurrent Start) (CodeCache GC Threshold) 1043M->1001M(184320M) 35.749ms
[2025-10-15T04:46:29.475-0700][1085][info ][gc          ] GC(18) Concurrent Mark Cycle
[2025-10-15T04:46:29.475-0700][1085][info ][gc,marking  ] GC(18) Concurrent Scan Root Regions
[2025-10-15T04:46:29.476-0700][1246][info ][gc,cpu      ] GC(17) User=1.16s Sys=0.28s Real=0.03s
[2025-10-15T04:46:29.476-0700][1246][info ][safepoint   ] Safepoint "G1TryInitiateConcMark", Time since last: 495904578 ns, Reaching safepoint: 378049 ns, Cleanup: 20261 ns, At safepoint: 37468828 ns, Total: 37867138 ns
[2025-10-15T04:46:29.484-0700][1085][info ][gc,marking  ] GC(18) Concurrent Scan Root Regions 9.264ms
[2025-10-15T04:46:29.484-0700][1085][info ][gc,marking  ] GC(18) Concurrent Mark
[2025-10-15T04:46:29.484-0700][1085][info ][gc,marking  ] GC(18) Concurrent Mark From Roots
[2025-10-15T04:46:29.484-0700][1085][info ][gc,task     ] GC(18) Using 36 workers of 36 for marking
[2025-10-15T04:46:29.516-0700][1085][info ][gc,marking  ] GC(18) Concurrent Mark From Roots 32.095ms
[2025-10-15T04:46:29.516-0700][1085][info ][gc,marking  ] GC(18) Concurrent Preclean
[2025-10-15T04:46:29.517-0700][1085][info ][gc,marking  ] GC(18) Concurrent Preclean 1.007ms
[2025-10-15T04:46:29.518-0700][1246][info ][gc,start    ] GC(18) Pause Remark
[2025-10-15T04:46:29.661-0700][1246][info ][gc          ] GC(18) Pause Remark 1015M->1015M(184320M) 142.019ms
[2025-10-15T04:46:29.661-0700][1246][info ][gc,cpu      ] GC(18) User=9.30s Sys=0.00s Real=0.14s
[2025-10-15T04:46:29.661-0700][1246][info ][safepoint   ] Safepoint "G1PauseRemark", Time since last: 41615061 ns, Reaching safepoint: 352470 ns, Cleanup: 4517 ns, At safepoint: 143518079 ns, Total: 143875066 ns
[2025-10-15T04:46:29.661-0700][1085][info ][gc,marking  ] GC(18) Concurrent Mark 177.104ms
[2025-10-15T04:46:29.661-0700][1085][info ][gc,marking  ] GC(18) Concurrent Rebuild Remembered Sets and Scrub Regions
[2025-10-15T04:46:29.672-0700][1085][info ][gc,marking  ] GC(18) Concurrent Rebuild Remembered Sets and Scrub Regions 10.310ms
[2025-10-15T04:46:29.673-0700][1246][info ][gc,start    ] GC(18) Pause Cleanup
[2025-10-15T04:46:29.673-0700][1246][info ][gc          ] GC(18) Pause Cleanup 1062M->1062M(184320M) 0.291ms
[2025-10-15T04:46:29.673-0700][1246][info ][gc,cpu      ] GC(18) User=0.01s Sys=0.00s Real=0.00s
[2025-10-15T04:46:29.673-0700][1246][info ][safepoint   ] Safepoint "G1PauseCleanup", Time since last: 10470075 ns, Reaching safepoint: 308004 ns, Cleanup: 88604 ns, At safepoint: 1057672 ns, Total: 1454280 ns
[2025-10-15T04:46:29.673-0700][1085][info ][gc,marking  ] GC(18) Concurrent Clear Claimed Marks
[2025-10-15T04:46:29.674-0700][1085][info ][gc,marking  ] GC(18) Concurrent Clear Claimed Marks 0.301ms
[2025-10-15T04:46:29.674-0700][1085][info ][gc,marking  ] GC(18) Concurrent Cleanup for Next Mark
[2025-10-15T04:46:29.698-0700][1085][info ][gc,marking  ] GC(18) Concurrent Cleanup for Next Mark 24.771ms
[2025-10-15T04:46:29.698-0700][1085][info ][gc          ] GC(18) Concurrent Mark Cycle 223.434ms
[2025-10-15T04:46:30.674-0700][1246][info ][safepoint   ] Safepoint "Cleanup", Time since last: 1000076204 ns, Reaching safepoint: 346151 ns, Cleanup: 28543 ns, At safepoint: 35974 ns, Total: 410668 ns
[2025-10-15T04:46:32.674-0700][1246][info ][safepoint   ] Safepoint "Cleanup", Time since last: 2000161541 ns, Reaching safepoint: 356026 ns, Cleanup: 10145 ns, At safepoint: 35083 ns, Total: 401254 ns
[2025-10-15T04:46:33.675-0700][1246][info ][safepoint   ] Safepoint "Cleanup", Time since last: 1000101932 ns, Reaching safepoint: 348084 ns, Cleanup: 15794 ns, At safepoint: 34492 ns, Total: 398370 ns
[2025-10-15T04:46:34.675-0700][1246][info ][safepoint   ] Safepoint "Cleanup", Time since last: 1000108732 ns, Reaching safepoint: 357208 ns, Cleanup: 10476 ns, At safepoint: 33821 ns, Total: 401505 ns
[2025-10-15T04:46:35.676-0700][1246][info ][safepoint   ] Safepoint "Cleanup", Time since last: 1000097916 ns, Reaching safepoint: 349185 ns, Cleanup: 21313 ns, At safepoint: 34822 ns, Total: 405320 ns
[2025-10-15T04:46:36.676-0700][1246][info ][safepoint   ] Safepoint "Cleanup", Time since last: 1000097275 ns, Reaching safepoint: 359632 ns, Cleanup: 15363 ns, At safepoint: 36154 ns, Total: 411149 ns
[2025-10-15T04:46:37.677-0700][1246][info ][safepoint   ] Safepoint "Cleanup", Time since last: 1000097325 ns, Reaching safepoint: 349487 ns, Cleanup: 16945 ns, At safepoint: 36425 ns, Total: 402857 ns
[2025-10-15T04:46:38.677-0700][1246][info ][safepoint   ] Safepoint "Cleanup", Time since last: 1000096053 ns, Reaching safepoint: 356757 ns, Cleanup: 9945 ns, At safepoint: 35904 ns, Total: 402606 ns
[2025-10-15T04:46:39.678-0700][1246][info ][safepoint   ] Safepoint "Cleanup", Time since last: 1000097326 ns, Reaching safepoint: 346451 ns, Cleanup: 18358 ns, At safepoint: 35644 ns, Total: 400453 ns
[2025-10-15T04:46:40.678-0700][1246][info ][safepoint   ] Safepoint "Cleanup", Time since last: 1000096894 ns, Reaching safepoint: 355886 ns, Cleanup: 24888 ns, At safepoint: 36945 ns, Total: 417719 ns
[2025-10-15T04:46:42.679-0700][1246][info ][safepoint   ] Safepoint "Cleanup", Time since last: 2000161050 ns, Reaching safepoint: 384950 ns, Cleanup: 11928 ns, At safepoint: 35243 ns, Total: 432121 ns
[2025-10-15T04:46:44.680-0700][1246][info ][safepoint   ] Safepoint "Cleanup", Time since last: 2000159597 ns, Reaching safepoint: 348375 ns, Cleanup: 12118 ns, At safepoint: 34802 ns, Total: 395295 ns
[2025-10-15T04:46:45.680-0700][1246][info ][safepoint   ] Safepoint "Cleanup", Time since last: 1000092068 ns, Reaching safepoint: 355064 ns, Cleanup: 14182 ns, At safepoint: 36725 ns, Total: 405971 ns
[2025-10-15T04:46:46.681-0700][1246][info ][safepoint   ] Safepoint "Cleanup", Time since last: 1000097686 ns, Reaching safepoint: 391109 ns, Cleanup: 14562 ns, At safepoint: 34542 ns, Total: 440213 ns
[2025-10-15T04:46:47.681-0700][1246][info ][safepoint   ] Safepoint "Cleanup", Time since last: 1000093429 ns, Reaching safepoint: 346361 ns, Cleanup: 11157 ns, At safepoint: 33891 ns, Total: 391409 ns
[2025-10-15T04:46:49.682-0700][1246][info ][safepoint   ] Safepoint "Cleanup", Time since last: 2000161260 ns, Reaching safepoint: 362516 ns, Cleanup: 15694 ns, At safepoint: 35684 ns, Total: 413894 ns
[2025-10-15T04:46:50.682-0700][1246][info ][safepoint   ] Safepoint "Cleanup", Time since last: 1000098657 ns, Reaching safepoint: 354073 ns, Cleanup: 15934 ns, At safepoint: 36515 ns, Total: 406522 ns
[2025-10-15T04:46:51.683-0700][1246][info ][safepoint   ] Safepoint "Cleanup", Time since last: 1000102313 ns, Reaching safepoint: 354153 ns, Cleanup: 29464 ns, At safepoint: 35223 ns, Total: 418840 ns
[2025-10-15T04:46:52.683-0700][1246][info ][safepoint   ] Safepoint "Cleanup", Time since last: 1000092158 ns, Reaching safepoint: 346361 ns, Cleanup: 18789 ns, At safepoint: 34732 ns, Total: 399882 ns
[2025-10-15T04:46:53.684-0700][1246][info ][safepoint   ] Safepoint "Cleanup", Time since last: 1000090405 ns, Reaching safepoint: 359301 ns, Cleanup: 11717 ns, At safepoint: 35303 ns, Total: 406321 ns
[2025-10-15T04:46:55.684-0700][1246][info ][safepoint   ] Safepoint "Cleanup", Time since last: 2000163524 ns, Reaching safepoint: 383217 ns, Cleanup: 14802 ns, At safepoint: 37166 ns, Total: 435185 ns
[2025-10-15T04:46:56.685-0700][1246][info ][safepoint   ] Safepoint "Cleanup", Time since last: 1000123264 ns, Reaching safepoint: 346652 ns, Cleanup: 10757 ns, At safepoint: 36705 ns, Total: 394114 ns
[2025-10-15T04:46:59.685-0700][1246][info ][safepoint   ] Safepoint "Cleanup", Time since last: 3000224284 ns, Reaching safepoint: 362495 ns, Cleanup: 19740 ns, At safepoint: 36265 ns, Total: 418500 ns
[2025-10-15T04:47:01.013-0700][1246][info ][safepoint   ] Safepoint "Cleanup", Time since last: 1327056286 ns, Reaching safepoint: 351420 ns, Cleanup: 23595 ns, At safepoint: 35854 ns, Total: 410869 ns
[2025-10-15T04:47:02.013-0700][1246][info ][safepoint   ] Safepoint "Cleanup", Time since last: 1000104176 ns, Reaching safepoint: 363587 ns, Cleanup: 28633 ns, At safepoint: 36345 ns, Total: 428565 ns
[2025-10-15T04:47:05.014-0700][1246][info ][safepoint   ] Safepoint "Cleanup", Time since last: 3000224614 ns, Reaching safepoint: 366963 ns, Cleanup: 16785 ns, At safepoint: 37156 ns, Total: 420904 ns
[2025-10-15T04:47:06.015-0700][1246][info ][safepoint   ] Safepoint "Cleanup", Time since last: 1000102613 ns, Reaching safepoint: 361644 ns, Cleanup: 14633 ns, At safepoint: 35203 ns, Total: 411480 ns
[2025-10-15T04:47:07.015-0700][1246][info ][safepoint   ] Safepoint "Cleanup", Time since last: 1000101521 ns, Reaching safepoint: 349937 ns, Cleanup: 14762 ns, At safepoint: 34943 ns, Total: 399642 ns
[2025-10-15T04:47:10.016-0700][1246][info ][safepoint   ] Safepoint "Cleanup", Time since last: 3000224013 ns, Reaching safepoint: 361775 ns, Cleanup: 30145 ns, At safepoint: 36906 ns, Total: 428826 ns
[2025-10-15T04:47:14.016-0700][1246][info ][safepoint   ] Safepoint "Cleanup", Time since last: 4000286025 ns, Reaching safepoint: 364629 ns, Cleanup: 15543 ns, At safepoint: 36115 ns, Total: 416287 ns
[2025-10-15T04:47:15.017-0700][1246][info ][safepoint   ] Safepoint "Cleanup", Time since last: 1000100890 ns, Reaching safepoint: 344599 ns, Cleanup: 13190 ns, At safepoint: 36235 ns, Total: 394024 ns
[2025-10-15T04:47:16.017-0700][1246][info ][safepoint   ] Safepoint "Cleanup", Time since last: 1000100950 ns, Reaching safepoint: 360103 ns, Cleanup: 13450 ns, At safepoint: 36985 ns, Total: 410538 ns
[2025-10-15T04:47:17.018-0700][1246][info ][safepoint   ] Safepoint "Cleanup", Time since last: 1000100240 ns, Reaching safepoint: 347854 ns, Cleanup: 18648 ns, At safepoint: 36765 ns, Total: 403267 ns
[2025-10-15T04:47:18.896-0700][1246][info ][safepoint   ] Safepoint "Cleanup", Time since last: 1878073840 ns, Reaching safepoint: 199721 ns, Cleanup: 47201 ns, At safepoint: 41152 ns, Total: 288074 ns
[2025-10-15T04:47:19.897-0700][1246][info ][safepoint   ] Safepoint "Cleanup", Time since last: 1000086789 ns, Reaching safepoint: 348495 ns, Cleanup: 24326 ns, At safepoint: 33701 ns, Total: 406522 ns
[2025-10-15T04:47:21.897-0700][1246][info ][safepoint   ] Safepoint "Cleanup", Time since last: 2000153388 ns, Reaching safepoint: 359552 ns, Cleanup: 25178 ns, At safepoint: 36965 ns, Total: 421695 ns
[2025-10-15T04:47:22.898-0700][1246][info ][safepoint   ] Safepoint "Cleanup", Time since last: 1000090475 ns, Reaching safepoint: 347263 ns, Cleanup: 12849 ns, At safepoint: 33441 ns, Total: 393553 ns
[2025-10-15T04:47:23.898-0700][1246][info ][safepoint   ] Safepoint "Cleanup", Time since last: 1000095031 ns, Reaching safepoint: 367844 ns, Cleanup: 16966 ns, At safepoint: 35804 ns, Total: 420614 ns
[2025-10-15T04:47:24.899-0700][1246][info ][safepoint   ] Safepoint "Cleanup", Time since last: 1000089193 ns, Reaching safepoint: 343507 ns, Cleanup: 16615 ns, At safepoint: 34542 ns, Total: 394664 ns
[2025-10-15T04:47:25.899-0700][1246][info ][safepoint   ] Safepoint "Cleanup", Time since last: 1000099338 ns, Reaching safepoint: 359051 ns, Cleanup: 16505 ns, At safepoint: 34442 ns, Total: 409998 ns
[2025-10-15T04:47:26.900-0700][1246][info ][safepoint   ] Safepoint "Cleanup", Time since last: 1000089834 ns, Reaching safepoint: 346982 ns, Cleanup: 19079 ns, At safepoint: 32529 ns, Total: 398590 ns
[2025-10-15T04:47:28.900-0700][1246][info ][safepoint   ] Safepoint "Cleanup", Time since last: 2000154770 ns, Reaching safepoint: 361364 ns, Cleanup: 12439 ns, At safepoint: 36024 ns, Total: 409827 ns
[2025-10-15T04:47:29.901-0700][1246][info ][safepoint   ] Safepoint "Cleanup", Time since last: 1000089994 ns, Reaching safepoint: 346712 ns, Cleanup: 14422 ns, At safepoint: 37617 ns, Total: 398751 ns
[2025-10-15T04:47:30.901-0700][1246][info ][safepoint   ] Safepoint "Cleanup", Time since last: 1000092498 ns, Reaching safepoint: 360052 ns, Cleanup: 18598 ns, At safepoint: 35393 ns, Total: 414043 ns
[2025-10-15T04:47:31.902-0700][1246][info ][safepoint   ] Safepoint "Cleanup", Time since last: 1000108152 ns, Reaching safepoint: 347463 ns, Cleanup: 16805 ns, At safepoint: 35924 ns, Total: 400192 ns
[2025-10-15T04:47:33.902-0700][1246][info ][safepoint   ] Safepoint "Cleanup", Time since last: 2000161410 ns, Reaching safepoint: 365601 ns, Cleanup: 16355 ns, At safepoint: 34932 ns, Total: 416888 ns
[2025-10-15T04:47:34.903-0700][1246][info ][safepoint   ] Safepoint "Cleanup", Time since last: 1000089504 ns, Reaching safepoint: 349416 ns, Cleanup: 12799 ns, At safepoint: 33951 ns, Total: 396166 ns
[2025-10-15T04:47:35.903-0700][1246][info ][safepoint   ] Safepoint "Cleanup", Time since last: 1000087420 ns, Reaching safepoint: 361004 ns, Cleanup: 18127 ns, At safepoint: 34472 ns, Total: 413603 ns
[2025-10-15T04:47:37.904-0700][1246][info ][safepoint   ] Safepoint "Cleanup", Time since last: 2000155532 ns, Reaching safepoint: 346952 ns, Cleanup: 15283 ns, At safepoint: 34823 ns, Total: 397058 ns
[2025-10-15T04:47:38.905-0700][1246][info ][safepoint   ] Safepoint "Cleanup", Time since last: 1000102092 ns, Reaching safepoint: 352250 ns, Cleanup: 14592 ns, At safepoint: 33591 ns, Total: 400433 ns
[2025-10-15T04:47:39.905-0700][1246][info ][safepoint   ] Safepoint "Cleanup", Time since last: 1000095653 ns, Reaching safepoint: 348334 ns, Cleanup: 17757 ns, At safepoint: 33711 ns, Total: 399802 ns
[2025-10-15T04:47:41.906-0700][1246][info ][safepoint   ] Safepoint "Cleanup", Time since last: 2000150093 ns, Reaching safepoint: 369636 ns, Cleanup: 11718 ns, At safepoint: 35704 ns, Total: 417058 ns
[2025-10-15T04:47:42.906-0700][1246][info ][safepoint   ] Safepoint "Cleanup", Time since last: 1000090895 ns, Reaching safepoint: 346212 ns, Cleanup: 15543 ns, At safepoint: 33080 ns, Total: 394835 ns
[2025-10-15T04:47:45.907-0700][1246][info ][safepoint   ] Safepoint "Cleanup", Time since last: 3000207979 ns, Reaching safepoint: 346872 ns, Cleanup: 16115 ns, At safepoint: 35793 ns, Total: 398780 ns
[2025-10-15T04:47:49.907-0700][1246][info ][safepoint   ] Safepoint "Cleanup", Time since last: 4000277052 ns, Reaching safepoint: 360223 ns, Cleanup: 16835 ns, At safepoint: 34692 ns, Total: 411750 ns
[2025-10-15T04:47:51.908-0700][1246][info ][safepoint   ] Safepoint "Cleanup", Time since last: 2000156273 ns, Reaching safepoint: 349466 ns, Cleanup: 18618 ns, At safepoint: 35253 ns, Total: 403337 ns
[2025-10-15T04:47:52.908-0700][1246][info ][safepoint   ] Safepoint "Cleanup", Time since last: 1000097015 ns, Reaching safepoint: 359872 ns, Cleanup: 14161 ns, At safepoint: 35353 ns, Total: 409386 ns
[2025-10-15T04:47:53.909-0700][1246][info ][safepoint   ] Safepoint "Cleanup", Time since last: 1000099529 ns, Reaching safepoint: 348965 ns, Cleanup: 11938 ns, At safepoint: 35123 ns, Total: 396026 ns
[2025-10-15T04:47:54.909-0700][1246][info ][safepoint   ] Safepoint "Cleanup", Time since last: 1000092368 ns, Reaching safepoint: 346612 ns, Cleanup: 22924 ns, At safepoint: 35914 ns, Total: 405450 ns
[2025-10-15T04:47:55.910-0700][1246][info ][safepoint   ] Safepoint "Cleanup", Time since last: 1000096144 ns, Reaching safepoint: 349145 ns, Cleanup: 19229 ns, At safepoint: 36345 ns, Total: 404719 ns
[2025-10-15T04:47:58.911-0700][1246][info ][safepoint   ] Safepoint "Cleanup", Time since last: 3000221229 ns, Reaching safepoint: 367073 ns, Cleanup: 11978 ns, At safepoint: 33360 ns, Total: 412411 ns
[2025-10-15T04:47:59.911-0700][1246][info ][safepoint   ] Safepoint "Cleanup", Time since last: 1000100610 ns, Reaching safepoint: 345561 ns, Cleanup: 12018 ns, At safepoint: 35043 ns, Total: 392622 ns
[2025-10-15T04:48:02.034-0700][1246][info ][safepoint   ] Safepoint "Cleanup", Time since last: 2122605748 ns, Reaching safepoint: 348895 ns, Cleanup: 18007 ns, At safepoint: 34412 ns, Total: 401314 ns
[2025-10-15T04:48:04.035-0700][1246][info ][safepoint   ] Safepoint "Cleanup", Time since last: 2000163283 ns, Reaching safepoint: 362206 ns, Cleanup: 19409 ns, At safepoint: 33580 ns, Total: 415195 ns
[2025-10-15T04:48:05.035-0700][1246][info ][safepoint   ] Safepoint "Cleanup", Time since last: 1000111567 ns, Reaching safepoint: 364379 ns, Cleanup: 12809 ns, At safepoint: 35784 ns, Total: 412972 ns
[2025-10-15T04:48:06.036-0700][1246][info ][safepoint   ] Safepoint "Cleanup", Time since last: 1000107591 ns, Reaching safepoint: 348995 ns, Cleanup: 17577 ns, At safepoint: 36985 ns, Total: 403557 ns
[2025-10-15T04:48:07.036-0700][1246][info ][safepoint   ] Safepoint "Cleanup", Time since last: 1000098798 ns, Reaching safepoint: 349135 ns, Cleanup: 14903 ns, At safepoint: 38297 ns, Total: 402335 ns
[2025-10-15T04:48:08.037-0700][1246][info ][safepoint   ] Safepoint "Cleanup", Time since last: 1000099699 ns, Reaching safepoint: 351509 ns, Cleanup: 18238 ns, At safepoint: 36365 ns, Total: 406112 ns
[2025-10-15T04:48:09.037-0700][1246][info ][safepoint   ] Safepoint "Cleanup", Time since last: 1000102182 ns, Reaching safepoint: 349356 ns, Cleanup: 12229 ns, At safepoint: 37616 ns, Total: 399201 ns
[2025-10-15T04:48:10.038-0700][1246][info ][safepoint   ] Safepoint "Cleanup", Time since last: 1000100020 ns, Reaching safepoint: 347313 ns, Cleanup: 17386 ns, At safepoint: 35253 ns, Total: 399952 ns
[2025-10-15T04:48:12.038-0700][1246][info ][safepoint   ] Safepoint "Cleanup", Time since last: 2000166488 ns, Reaching safepoint: 348925 ns, Cleanup: 13000 ns, At safepoint: 56074 ns, Total: 417999 ns
[2025-10-15T04:48:18.039-0700][1246][info ][safepoint   ] Safepoint "Cleanup", Time since last: 6000417831 ns, Reaching safepoint: 348585 ns, Cleanup: 24206 ns, At safepoint: 36145 ns, Total: 408936 ns
[2025-10-15T04:48:19.040-0700][1246][info ][safepoint   ] Safepoint "Cleanup", Time since last: 1000102964 ns, Reaching safepoint: 370528 ns, Cleanup: 20440 ns, At safepoint: 35504 ns, Total: 426472 ns
[2025-10-15T04:48:20.040-0700][1246][info ][safepoint   ] Safepoint "Cleanup", Time since last: 1000102232 ns, Reaching safepoint: 349847 ns, Cleanup: 14983 ns, At safepoint: 36224 ns, Total: 401054 ns
[2025-10-15T04:48:20.200-0700][1246][info ][gc,start    ] GC(19) Pause Young (Normal) (G1 Evacuation Pause)
[2025-10-15T04:48:20.200-0700][1246][info ][gc,task     ] GC(19) Using 113 workers of 113 for evacuation
[2025-10-15T04:48:20.202-0700][1246][debug][gc,remset   ] GC(19) Visited cards 328704 Total dirty 655360 (50.16%) Total old 38404096 (0.86%)
[2025-10-15T04:48:20.236-0700][1246][info ][gc,phases   ] GC(19)   Pre Evacuate Collection Set: 0.5ms
[2025-10-15T04:48:20.236-0700][1246][info ][gc,phases   ] GC(19)   Merge Heap Roots: 1.9ms
[2025-10-15T04:48:20.236-0700][1246][info ][gc,phases   ] GC(19)   Evacuate Collection Set: 30.0ms
[2025-10-15T04:48:20.236-0700][1246][info ][gc,phases   ] GC(19)   Post Evacuate Collection Set: 3.7ms
[2025-10-15T04:48:20.236-0700][1246][info ][gc,phases   ] GC(19)   Other: 0.1ms
[2025-10-15T04:48:20.236-0700][1246][debug][gc,remset   ] GC(19) Coarsening (recent): Inline->AoC 156 (0) AoC->Howl 37 (0) Howl->Full 0 (0) Inline->AoC 213 (0) AoC->BitMap 16 (0) BitMap->Full 0 (0) 
[2025-10-15T04:48:20.236-0700][1246][debug][gc,remset   ] GC(19) Coarsening (all): Inline->AoC 156 (0) AoC->Howl 37 (0) Howl->Full 0 (0) Inline->AoC 213 (0) AoC->BitMap 16 (0) BitMap->Full 0 (0) 
[2025-10-15T04:48:20.236-0700][1246][info ][gc,heap     ] GC(19) Eden regions: 266->0(259)
[2025-10-15T04:48:20.236-0700][1246][info ][gc,heap     ] GC(19) Survivor regions: 22->29(36)
[2025-10-15T04:48:20.236-0700][1246][info ][gc,heap     ] GC(19) Old regions: 10->10
[2025-10-15T04:48:20.236-0700][1246][info ][gc,heap     ] GC(19) Humongous regions: 0->0
[2025-10-15T04:48:20.236-0700][1246][info ][gc,metaspace] GC(19) Metaspace: 210675K(212992K)->210675K(212992K) NonClass: 186053K(187328K)->186053K(187328K) Class: 24622K(25664K)->24622K(25664K)
[2025-10-15T04:48:20.236-0700][1246][info ][gc          ] GC(19) Pause Young (Normal) (G1 Evacuation Pause) 9513M->1228M(184320M) 36.432ms
[2025-10-15T04:48:20.237-0700][1246][info ][gc,cpu      ] GC(19) User=1.45s Sys=0.21s Real=0.03s
[2025-10-15T04:48:20.237-0700][1246][info ][safepoint   ] Safepoint "G1CollectForAllocation", Time since last: 158397133 ns, Reaching safepoint: 373403 ns, Cleanup: 5237 ns, At safepoint: 37956012 ns, Total: 38334652 ns
[2025-10-15T04:48:21.237-0700][1246][info ][safepoint   ] Safepoint "Cleanup", Time since last: 1000081952 ns, Reaching safepoint: 371960 ns, Cleanup: 19059 ns, At safepoint: 34772 ns, Total: 425791 ns
[2025-10-15T04:48:22.238-0700][1246][info ][safepoint   ] Safepoint "Cleanup", Time since last: 1000086709 ns, Reaching safepoint: 352461 ns, Cleanup: 21292 ns, At safepoint: 36385 ns, Total: 410138 ns
[2025-10-15T04:48:23.238-0700][1246][info ][safepoint   ] Safepoint "Cleanup", Time since last: 1000090675 ns, Reaching safepoint: 366001 ns, Cleanup: 26009 ns, At safepoint: 38208 ns, Total: 430218 ns
[2025-10-15T04:48:25.239-0700][1246][info ][safepoint   ] Safepoint "Cleanup", Time since last: 2000165586 ns, Reaching safepoint: 361875 ns, Cleanup: 12910 ns, At safepoint: 48453 ns, Total: 423238 ns
[2025-10-15T04:48:26.239-0700][1246][info ][safepoint   ] Safepoint "Cleanup", Time since last: 1000097475 ns, Reaching safepoint: 362947 ns, Cleanup: 14712 ns, At safepoint: 37596 ns, Total: 415255 ns
[2025-10-15T04:48:30.240-0700][1246][info ][safepoint   ] Safepoint "Cleanup", Time since last: 4000272716 ns, Reaching safepoint: 352911 ns, Cleanup: 22183 ns, At safepoint: 39039 ns, Total: 414133 ns
[2025-10-15T04:48:32.241-0700][1246][info ][safepoint   ] Safepoint "Cleanup", Time since last: 2000168441 ns, Reaching safepoint: 350498 ns, Cleanup: 12178 ns, At safepoint: 35914 ns, Total: 398590 ns
[2025-10-15T04:48:35.241-0700][1246][info ][safepoint   ] Safepoint "Cleanup", Time since last: 3000227549 ns, Reaching safepoint: 365120 ns, Cleanup: 11637 ns, At safepoint: 35624 ns, Total: 412381 ns
[2025-10-15T04:48:39.242-0700][1246][info ][safepoint   ] Safepoint "Cleanup", Time since last: 4000288439 ns, Reaching safepoint: 374333 ns, Cleanup: 17637 ns, At safepoint: 56896 ns, Total: 448866 ns
[2025-10-15T04:48:45.243-0700][1246][info ][safepoint   ] Safepoint "Cleanup", Time since last: 6000427385 ns, Reaching safepoint: 354584 ns, Cleanup: 15824 ns, At safepoint: 36795 ns, Total: 407203 ns
[2025-10-15T04:48:46.243-0700][1246][info ][safepoint   ] Safepoint "Cleanup", Time since last: 1000101882 ns, Reaching safepoint: 361455 ns, Cleanup: 17065 ns, At safepoint: 36295 ns, Total: 414815 ns
[2025-10-15T04:48:47.244-0700][1246][info ][safepoint   ] Safepoint "Cleanup", Time since last: 1000105087 ns, Reaching safepoint: 353292 ns, Cleanup: 13109 ns, At safepoint: 40982 ns, Total: 407383 ns
[2025-10-15T04:48:49.245-0700][1246][info ][safepoint   ] Safepoint "Cleanup", Time since last: 2000156403 ns, Reaching safepoint: 370818 ns, Cleanup: 16806 ns, At safepoint: 37246 ns, Total: 424870 ns
[2025-10-15T04:48:50.245-0700][1246][info ][safepoint   ] Safepoint "Cleanup", Time since last: 1000085968 ns, Reaching safepoint: 348495 ns, Cleanup: 11857 ns, At safepoint: 36065 ns, Total: 396417 ns
[2025-10-15T04:48:52.246-0700][1246][info ][safepoint   ] Safepoint "Cleanup", Time since last: 2000151425 ns, Reaching safepoint: 374524 ns, Cleanup: 17917 ns, At safepoint: 36966 ns, Total: 429407 ns
[2025-10-15T04:48:55.246-0700][1246][info ][safepoint   ] Safepoint "Cleanup", Time since last: 3000202821 ns, Reaching safepoint: 354754 ns, Cleanup: 19539 ns, At safepoint: 36716 ns, Total: 411009 ns
[2025-10-15T04:48:56.247-0700][1246][info ][safepoint   ] Safepoint "Cleanup", Time since last: 1000105658 ns, Reaching safepoint: 359491 ns, Cleanup: 23425 ns, At safepoint: 35153 ns, Total: 418069 ns
[2025-10-15T04:48:57.247-0700][1246][info ][safepoint   ] Safepoint "Cleanup", Time since last: 1000108342 ns, Reaching safepoint: 353682 ns, Cleanup: 45569 ns, At safepoint: 42324 ns, Total: 441575 ns
[2025-10-15T04:48:58.248-0700][1246][info ][safepoint   ] Safepoint "Cleanup", Time since last: 1000099418 ns, Reaching safepoint: 353142 ns, Cleanup: 12969 ns, At safepoint: 36946 ns, Total: 403057 ns
[2025-10-15T04:49:00.054-0700][1246][info ][safepoint   ] Safepoint "Cleanup", Time since last: 1806025524 ns, Reaching safepoint: 188745 ns, Cleanup: 13750 ns, At safepoint: 35764 ns, Total: 238259 ns
[2025-10-15T04:49:01.055-0700][1246][info ][safepoint   ] Safepoint "Cleanup", Time since last: 1000115603 ns, Reaching safepoint: 357849 ns, Cleanup: 11647 ns, At safepoint: 38278 ns, Total: 407774 ns
[2025-10-15T04:49:02.055-0700][1246][info ][safepoint   ] Safepoint "Cleanup", Time since last: 1000099448 ns, Reaching safepoint: 347413 ns, Cleanup: 21623 ns, At safepoint: 38508 ns, Total: 407544 ns
[2025-10-15T04:49:04.056-0700][1246][info ][safepoint   ] Safepoint "Cleanup", Time since last: 2000166237 ns, Reaching safepoint: 349557 ns, Cleanup: 11838 ns, At safepoint: 36084 ns, Total: 397479 ns
[2025-10-15T04:49:05.056-0700][1246][info ][safepoint   ] Safepoint "Cleanup", Time since last: 1000102243 ns, Reaching safepoint: 358940 ns, Cleanup: 17767 ns, At safepoint: 35784 ns, Total: 412491 ns
[2025-10-15T04:49:06.057-0700][1246][info ][safepoint   ] Safepoint "Cleanup", Time since last: 1000099749 ns, Reaching safepoint: 344278 ns, Cleanup: 16224 ns, At safepoint: 35073 ns, Total: 395575 ns
[2025-10-15T04:49:07.057-0700][1246][info ][safepoint   ] Safepoint "Cleanup", Time since last: 1000097335 ns, Reaching safepoint: 372521 ns, Cleanup: 12920 ns, At safepoint: 35894 ns, Total: 421335 ns
[2025-10-15T04:49:10.058-0700][1246][info ][safepoint   ] Safepoint "Cleanup", Time since last: 3000222090 ns, Reaching safepoint: 341705 ns, Cleanup: 22033 ns, At safepoint: 35794 ns, Total: 399532 ns
[2025-10-15T04:49:11.058-0700][1246][info ][safepoint   ] Safepoint "Cleanup", Time since last: 1000098867 ns, Reaching safepoint: 341695 ns, Cleanup: 15944 ns, At safepoint: 37987 ns, Total: 395626 ns
[2025-10-15T04:49:12.059-0700][1246][info ][safepoint   ] Safepoint "Cleanup", Time since last: 1000096584 ns, Reaching safepoint: 349446 ns, Cleanup: 12349 ns, At safepoint: 33841 ns, Total: 395636 ns
[2025-10-15T04:49:14.059-0700][1246][info ][safepoint   ] Safepoint "Cleanup", Time since last: 2000162802 ns, Reaching safepoint: 356697 ns, Cleanup: 12419 ns, At safepoint: 36575 ns, Total: 405691 ns
[2025-10-15T04:49:15.060-0700][1246][info ][safepoint   ] Safepoint "Cleanup", Time since last: 1000099499 ns, Reaching safepoint: 352921 ns, Cleanup: 15443 ns, At safepoint: 35243 ns, Total: 403607 ns
[2025-10-15T04:49:16.060-0700][1246][info ][safepoint   ] Safepoint "Cleanup", Time since last: 1000099509 ns, Reaching safepoint: 371439 ns, Cleanup: 19359 ns, At safepoint: 36345 ns, Total: 427143 ns
[2025-10-15T04:49:19.061-0700][1246][info ][safepoint   ] Safepoint "Cleanup", Time since last: 3000224033 ns, Reaching safepoint: 350848 ns, Cleanup: 24768 ns, At safepoint: 35123 ns, Total: 410739 ns
[2025-10-15T04:49:20.062-0700][1246][info ][safepoint   ] Safepoint "Cleanup", Time since last: 1000103073 ns, Reaching safepoint: 373062 ns, Cleanup: 12058 ns, At safepoint: 36405 ns, Total: 421525 ns
[2025-10-15T04:49:22.062-0700][1246][info ][safepoint   ] Safepoint "Cleanup", Time since last: 2000170334 ns, Reaching safepoint: 361084 ns, Cleanup: 16404 ns, At safepoint: 36355 ns, Total: 413843 ns
[2025-10-15T04:49:23.063-0700][1246][info ][safepoint   ] Safepoint "Cleanup", Time since last: 1000119599 ns, Reaching safepoint: 346802 ns, Cleanup: 18929 ns, At safepoint: 34151 ns, Total: 399882 ns
[2025-10-15T04:49:24.063-0700][1246][info ][safepoint   ] Safepoint "Cleanup", Time since last: 1000102062 ns, Reaching safepoint: 361144 ns, Cleanup: 21643 ns, At safepoint: 36344 ns, Total: 419131 ns
[2025-10-15T04:49:25.064-0700][1246][info ][safepoint   ] Safepoint "Cleanup", Time since last: 1000074922 ns, Reaching safepoint: 351990 ns, Cleanup: 12168 ns, At safepoint: 36485 ns, Total: 400643 ns
[2025-10-15T04:49:26.064-0700][1246][info ][safepoint   ] Safepoint "Cleanup", Time since last: 1000123084 ns, Reaching safepoint: 530759 ns, Cleanup: 20251 ns, At safepoint: 48312 ns, Total: 599322 ns
[2025-10-15T04:49:28.065-0700][1246][info ][safepoint   ] Safepoint "Cleanup", Time since last: 2000170154 ns, Reaching safepoint: 348405 ns, Cleanup: 14832 ns, At safepoint: 36335 ns, Total: 399572 ns
[2025-10-15T04:49:29.065-0700][1246][info ][safepoint   ] Safepoint "Cleanup", Time since last: 1000108231 ns, Reaching safepoint: 363708 ns, Cleanup: 10436 ns, At safepoint: 36795 ns, Total: 410939 ns
[2025-10-15T04:49:30.066-0700][1246][info ][safepoint   ] Safepoint "Cleanup", Time since last: 1000094080 ns, Reaching safepoint: 357699 ns, Cleanup: 11497 ns, At safepoint: 34983 ns, Total: 404179 ns
[2025-10-15T04:49:31.066-0700][1246][info ][safepoint   ] Safepoint "Cleanup", Time since last: 1000100890 ns, Reaching safepoint: 366733 ns, Cleanup: 22674 ns, At safepoint: 43766 ns, Total: 433173 ns
[2025-10-15T04:49:32.067-0700][1246][info ][safepoint   ] Safepoint "Cleanup", Time since last: 1000093589 ns, Reaching safepoint: 380303 ns, Cleanup: 12308 ns, At safepoint: 36255 ns, Total: 428866 ns
[2025-10-15T04:49:33.068-0700][1246][info ][safepoint   ] Safepoint "Cleanup", Time since last: 1000098497 ns, Reaching safepoint: 353522 ns, Cleanup: 14272 ns, At safepoint: 37987 ns, Total: 405781 ns
[2025-10-15T04:49:34.068-0700][1246][info ][safepoint   ] Safepoint "Cleanup", Time since last: 1000098958 ns, Reaching safepoint: 363086 ns, Cleanup: 23245 ns, At safepoint: 36886 ns, Total: 423217 ns
[2025-10-15T04:49:36.069-0700][1246][info ][safepoint   ] Safepoint "Cleanup", Time since last: 2000165246 ns, Reaching safepoint: 358580 ns, Cleanup: 13931 ns, At safepoint: 34592 ns, Total: 407103 ns
[2025-10-15T04:49:37.069-0700][1246][info ][safepoint   ] Safepoint "Cleanup", Time since last: 1000100320 ns, Reaching safepoint: 361184 ns, Cleanup: 13961 ns, At safepoint: 35092 ns, Total: 410237 ns
[2025-10-15T04:49:39.070-0700][1246][info ][safepoint   ] Safepoint "Cleanup", Time since last: 2000156123 ns, Reaching safepoint: 347834 ns, Cleanup: 11016 ns, At safepoint: 35093 ns, Total: 393943 ns
[2025-10-15T04:49:40.070-0700][1246][info ][safepoint   ] Safepoint "Cleanup", Time since last: 1000094801 ns, Reaching safepoint: 352010 ns, Cleanup: 25609 ns, At safepoint: 37757 ns, Total: 415376 ns
[2025-10-15T04:49:41.071-0700][1246][info ][safepoint   ] Safepoint "Cleanup", Time since last: 1000096003 ns, Reaching safepoint: 349086 ns, Cleanup: 12679 ns, At safepoint: 37977 ns, Total: 399742 ns
[2025-10-15T04:49:41.393-0700][1246][info ][gc,start    ] GC(20) Pause Young (Normal) (G1 Evacuation Pause)
[2025-10-15T04:49:41.393-0700][1246][info ][gc,task     ] GC(20) Using 113 workers of 113 for evacuation
[2025-10-15T04:49:41.395-0700][1246][debug][gc,remset   ] GC(20) Visited cards 317440 Total dirty 655360 (48.44%) Total old 38404096 (0.83%)
[2025-10-15T04:49:41.435-0700][1246][info ][gc,phases   ] GC(20)   Pre Evacuate Collection Set: 0.6ms
[2025-10-15T04:49:41.435-0700][1246][info ][gc,phases   ] GC(20)   Merge Heap Roots: 2.0ms
[2025-10-15T04:49:41.435-0700][1246][info ][gc,phases   ] GC(20)   Evacuate Collection Set: 35.9ms
[2025-10-15T04:49:41.435-0700][1246][info ][gc,phases   ] GC(20)   Post Evacuate Collection Set: 3.2ms
[2025-10-15T04:49:41.435-0700][1246][info ][gc,phases   ] GC(20)   Other: 0.1ms
[2025-10-15T04:49:41.435-0700][1246][debug][gc,remset   ] GC(20) Coarsening (recent): Inline->AoC 0 (0) AoC->Howl 0 (0) Howl->Full 0 (0) Inline->AoC 0 (0) AoC->BitMap 0 (0) BitMap->Full 0 (0) 
[2025-10-15T04:49:41.435-0700][1246][debug][gc,remset   ] GC(20) Coarsening (all): Inline->AoC 156 (0) AoC->Howl 37 (0) Howl->Full 0 (0) Inline->AoC 213 (0) AoC->BitMap 16 (0) BitMap->Full 0 (0) 
[2025-10-15T04:49:41.435-0700][1246][info ][gc,heap     ] GC(20) Eden regions: 259->0(262)
[2025-10-15T04:49:41.435-0700][1246][info ][gc,heap     ] GC(20) Survivor regions: 29->26(36)
[2025-10-15T04:49:41.435-0700][1246][info ][gc,heap     ] GC(20) Old regions: 10->18
[2025-10-15T04:49:41.435-0700][1246][info ][gc,heap     ] GC(20) Humongous regions: 0->0
[2025-10-15T04:49:41.435-0700][1246][info ][gc,metaspace] GC(20) Metaspace: 210910K(213248K)->210910K(213248K) NonClass: 186287K(187584K)->186287K(187584K) Class: 24623K(25664K)->24623K(25664K)
[2025-10-15T04:49:41.435-0700][1246][info ][gc          ] GC(20) Pause Young (Normal) (G1 Evacuation Pause) 9516M->1371M(184320M) 41.954ms
[2025-10-15T04:49:41.435-0700][1246][info ][gc,cpu      ] GC(20) User=1.64s Sys=0.24s Real=0.04s
[2025-10-15T04:49:41.436-0700][1246][info ][safepoint   ] Safepoint "G1CollectForAllocation", Time since last: 321084105 ns, Reaching safepoint: 354544 ns, Cleanup: 12820 ns, At safepoint: 43443273 ns, Total: 43810637 ns
[2025-10-15T04:49:42.436-0700][1246][info ][safepoint   ] Safepoint "Cleanup", Time since last: 1000083355 ns, Reaching safepoint: 351379 ns, Cleanup: 15683 ns, At safepoint: 36305 ns, Total: 403367 ns
[2025-10-15T04:49:44.437-0700][1246][info ][safepoint   ] Safepoint "Cleanup", Time since last: 2000157955 ns, Reaching safepoint: 365470 ns, Cleanup: 12750 ns, At safepoint: 36745 ns, Total: 414965 ns
[2025-10-15T04:49:45.437-0700][1246][info ][safepoint   ] Safepoint "Cleanup", Time since last: 1000097495 ns, Reaching safepoint: 352311 ns, Cleanup: 16354 ns, At safepoint: 35874 ns, Total: 404539 ns
[2025-10-15T04:49:46.438-0700][1246][info ][safepoint   ] Safepoint "Cleanup", Time since last: 1000106750 ns, Reaching safepoint: 352911 ns, Cleanup: 12229 ns, At safepoint: 37576 ns, Total: 402716 ns
[2025-10-15T04:49:48.438-0700][1246][info ][safepoint   ] Safepoint "Cleanup", Time since last: 2000161220 ns, Reaching safepoint: 349306 ns, Cleanup: 10917 ns, At safepoint: 34782 ns, Total: 395005 ns
[2025-10-15T04:49:49.439-0700][1246][info ][safepoint   ] Safepoint "Cleanup", Time since last: 1000114521 ns, Reaching safepoint: 352170 ns, Cleanup: 11768 ns, At safepoint: 35684 ns, Total: 399622 ns
[2025-10-15T04:49:51.439-0700][1246][info ][safepoint   ] Safepoint "Cleanup", Time since last: 2000166358 ns, Reaching safepoint: 384008 ns, Cleanup: 15874 ns, At safepoint: 37246 ns, Total: 437128 ns
[2025-10-15T04:49:53.440-0700][1246][info ][safepoint   ] Safepoint "Cleanup", Time since last: 2000163323 ns, Reaching safepoint: 351770 ns, Cleanup: 14452 ns, At safepoint: 34932 ns, Total: 401154 ns
[2025-10-15T04:49:55.440-0700][1246][info ][safepoint   ] Safepoint "Cleanup", Time since last: 2000168331 ns, Reaching safepoint: 372671 ns, Cleanup: 9915 ns, At safepoint: 49635 ns, Total: 432221 ns
[2025-10-15T04:49:56.441-0700][1246][info ][safepoint   ] Safepoint "Cleanup", Time since last: 1000099188 ns, Reaching safepoint: 347843 ns, Cleanup: 13481 ns, At safepoint: 36985 ns, Total: 398309 ns
[2025-10-15T04:49:57.441-0700][1246][info ][safepoint   ] Safepoint "Cleanup", Time since last: 1000096304 ns, Reaching safepoint: 363898 ns, Cleanup: 13941 ns, At safepoint: 35844 ns, Total: 413683 ns
[2025-10-15T04:49:58.442-0700][1246][info ][safepoint   ] Safepoint "Cleanup", Time since last: 1000098918 ns, Reaching safepoint: 350668 ns, Cleanup: 12739 ns, At safepoint: 38448 ns, Total: 401855 ns
[2025-10-15T04:49:59.443-0700][1246][info ][safepoint   ] Safepoint "Cleanup", Time since last: 1000104586 ns, Reaching safepoint: 364659 ns, Cleanup: 13050 ns, At safepoint: 36424 ns, Total: 414133 ns
[2025-10-15T04:50:01.076-0700][1246][info ][safepoint   ] Safepoint "Cleanup", Time since last: 1633131774 ns, Reaching safepoint: 362626 ns, Cleanup: 14271 ns, At safepoint: 37767 ns, Total: 414664 ns
[2025-10-15T04:50:05.077-0700][1246][info ][safepoint   ] Safepoint "Cleanup", Time since last: 4000280467 ns, Reaching safepoint: 352991 ns, Cleanup: 18058 ns, At safepoint: 36655 ns, Total: 407704 ns
[2025-10-15T04:50:06.077-0700][1246][info ][safepoint   ] Safepoint "Cleanup", Time since last: 1000097295 ns, Reaching safepoint: 354344 ns, Cleanup: 16845 ns, At safepoint: 46540 ns, Total: 417729 ns
[2025-10-15T04:50:10.078-0700][1246][info ][safepoint   ] Safepoint "Cleanup", Time since last: 4000280687 ns, Reaching safepoint: 351419 ns, Cleanup: 23716 ns, At safepoint: 37767 ns, Total: 412902 ns
[2025-10-15T04:50:11.078-0700][1246][info ][safepoint   ] Safepoint "Cleanup", Time since last: 1000102493 ns, Reaching safepoint: 348104 ns, Cleanup: 11598 ns, At safepoint: 39339 ns, Total: 399041 ns
[2025-10-15T04:50:19.079-0700][1246][info ][safepoint   ] Safepoint "Cleanup", Time since last: 8000533495 ns, Reaching safepoint: 372501 ns, Cleanup: 17987 ns, At safepoint: 36305 ns, Total: 426793 ns
[2025-10-15T04:50:21.080-0700][1246][info ][safepoint   ] Safepoint "Cleanup", Time since last: 2000166509 ns, Reaching safepoint: 352380 ns, Cleanup: 12860 ns, At safepoint: 34772 ns, Total: 400012 ns
[2025-10-15T04:50:22.081-0700][1246][info ][safepoint   ] Safepoint "Cleanup", Time since last: 1000103245 ns, Reaching safepoint: 377528 ns, Cleanup: 16926 ns, At safepoint: 35353 ns, Total: 429807 ns
[2025-10-15T04:50:23.081-0700][1246][info ][safepoint   ] Safepoint "Cleanup", Time since last: 1000100891 ns, Reaching safepoint: 353352 ns, Cleanup: 22304 ns, At safepoint: 36274 ns, Total: 411930 ns
[2025-10-15T04:50:28.082-0700][1246][info ][safepoint   ] Safepoint "Cleanup", Time since last: 5000355100 ns, Reaching safepoint: 352541 ns, Cleanup: 12609 ns, At safepoint: 37176 ns, Total: 402326 ns
[2025-10-15T04:50:31.082-0700][1246][info ][safepoint   ] Safepoint "Cleanup", Time since last: 3000230174 ns, Reaching safepoint: 368845 ns, Cleanup: 20541 ns, At safepoint: 35844 ns, Total: 425230 ns
[2025-10-15T04:50:32.083-0700][1246][info ][safepoint   ] Safepoint "Cleanup", Time since last: 1000096244 ns, Reaching safepoint: 393513 ns, Cleanup: 13971 ns, At safepoint: 39029 ns, Total: 446513 ns
[2025-10-15T04:50:33.084-0700][1246][info ][safepoint   ] Safepoint "Cleanup", Time since last: 1000097025 ns, Reaching safepoint: 368825 ns, Cleanup: 18728 ns, At safepoint: 36595 ns, Total: 424148 ns
[2025-10-15T04:50:34.084-0700][1246][info ][safepoint   ] Safepoint "Cleanup", Time since last: 1000100731 ns, Reaching safepoint: 349997 ns, Cleanup: 12108 ns, At safepoint: 36115 ns, Total: 398220 ns
[2025-10-15T04:50:36.085-0700][1246][info ][safepoint   ] Safepoint "Cleanup", Time since last: 2000156514 ns, Reaching safepoint: 361504 ns, Cleanup: 20801 ns, At safepoint: 34733 ns, Total: 417038 ns
[2025-10-15T04:50:38.085-0700][1246][info ][safepoint   ] Safepoint "Cleanup", Time since last: 2000170464 ns, Reaching safepoint: 367564 ns, Cleanup: 14462 ns, At safepoint: 34732 ns, Total: 416758 ns
[2025-10-15T04:50:40.086-0700][1246][info ][safepoint   ] Safepoint "Cleanup", Time since last: 2000160820 ns, Reaching safepoint: 350098 ns, Cleanup: 15353 ns, At safepoint: 36144 ns, Total: 401595 ns
[2025-10-15T04:50:41.086-0700][1246][info ][safepoint   ] Safepoint "Cleanup", Time since last: 1000103926 ns, Reaching safepoint: 351479 ns, Cleanup: 12469 ns, At safepoint: 53690 ns, Total: 417638 ns
[2025-10-15T04:50:42.087-0700][1246][info ][safepoint   ] Safepoint "Cleanup", Time since last: 1000100251 ns, Reaching safepoint: 353171 ns, Cleanup: 15123 ns, At safepoint: 36665 ns, Total: 404959 ns
[2025-10-15T04:50:43.087-0700][1246][info ][safepoint   ] Safepoint "Cleanup", Time since last: 1000099810 ns, Reaching safepoint: 355034 ns, Cleanup: 11988 ns, At safepoint: 47542 ns, Total: 414564 ns
[2025-10-15T04:50:46.088-0700][1246][info ][safepoint   ] Safepoint "Cleanup", Time since last: 3000227430 ns, Reaching safepoint: 356556 ns, Cleanup: 14813 ns, At safepoint: 35223 ns, Total: 406592 ns
[2025-10-15T04:50:50.089-0700][1246][info ][safepoint   ] Safepoint "Cleanup", Time since last: 4000294810 ns, Reaching safepoint: 361304 ns, Cleanup: 22254 ns, At safepoint: 36475 ns, Total: 420033 ns
[2025-10-15T04:50:52.089-0700][1246][info ][safepoint   ] Safepoint "Cleanup", Time since last: 2000155472 ns, Reaching safepoint: 352481 ns, Cleanup: 17276 ns, At safepoint: 34151 ns, Total: 403908 ns
[2025-10-15T04:50:58.090-0700][1246][info ][safepoint   ] Safepoint "Cleanup", Time since last: 6000409211 ns, Reaching safepoint: 355826 ns, Cleanup: 29063 ns, At safepoint: 36505 ns, Total: 421394 ns
[2025-10-15T04:50:59.091-0700][1246][info ][safepoint   ] Safepoint "Cleanup", Time since last: 1000104066 ns, Reaching safepoint: 372912 ns, Cleanup: 12729 ns, At safepoint: 37196 ns, Total: 422837 ns
[2025-10-15T04:51:00.642-0700][1246][info ][gc,start    ] GC(21) Pause Young (Normal) (G1 Evacuation Pause)
[2025-10-15T04:51:00.642-0700][1246][info ][gc,task     ] GC(21) Using 113 workers of 113 for evacuation
[2025-10-15T04:51:00.645-0700][1246][debug][gc,remset   ] GC(21) Visited cards 578816 Total dirty 1179648 (49.07%) Total old 38928384 (1.49%)
[2025-10-15T04:51:00.675-0700][1246][info ][gc,phases   ] GC(21)   Pre Evacuate Collection Set: 0.6ms
[2025-10-15T04:51:00.675-0700][1246][info ][gc,phases   ] GC(21)   Merge Heap Roots: 2.3ms
[2025-10-15T04:51:00.675-0700][1246][info ][gc,phases   ] GC(21)   Evacuate Collection Set: 27.3ms
[2025-10-15T04:51:00.675-0700][1246][info ][gc,phases   ] GC(21)   Post Evacuate Collection Set: 2.8ms
[2025-10-15T04:51:00.675-0700][1246][info ][gc,phases   ] GC(21)   Other: 0.1ms
[2025-10-15T04:51:00.675-0700][1246][debug][gc,remset   ] GC(21) Coarsening (recent): Inline->AoC 0 (0) AoC->Howl 0 (0) Howl->Full 0 (0) Inline->AoC 0 (0) AoC->BitMap 0 (0) BitMap->Full 0 (0) 
[2025-10-15T04:51:00.675-0700][1246][debug][gc,remset   ] GC(21) Coarsening (all): Inline->AoC 156 (0) AoC->Howl 37 (0) Howl->Full 0 (0) Inline->AoC 213 (0) AoC->BitMap 16 (0) BitMap->Full 0 (0) 
[2025-10-15T04:51:00.675-0700][1246][info ][gc,heap     ] GC(21) Eden regions: 262->0(256)
[2025-10-15T04:51:00.675-0700][1246][info ][gc,heap     ] GC(21) Survivor regions: 26->32(36)
[2025-10-15T04:51:00.675-0700][1246][info ][gc,heap     ] GC(21) Old regions: 18->20
[2025-10-15T04:51:00.675-0700][1246][info ][gc,heap     ] GC(21) Humongous regions: 0->0
[2025-10-15T04:51:00.675-0700][1246][info ][gc,metaspace] GC(21) Metaspace: 211351K(213760K)->211351K(213760K) NonClass: 186685K(187968K)->186685K(187968K) Class: 24665K(25792K)->24665K(25792K)
[2025-10-15T04:51:00.675-0700][1246][info ][gc          ] GC(21) Pause Young (Normal) (G1 Evacuation Pause) 9755M->1651M(184320M) 33.244ms
[2025-10-15T04:51:00.676-0700][1246][info ][gc,cpu      ] GC(21) User=1.57s Sys=0.06s Real=0.03s
[2025-10-15T04:51:00.676-0700][1246][info ][safepoint   ] Safepoint "G1CollectForAllocation", Time since last: 1550176415 ns, Reaching safepoint: 352531 ns, Cleanup: 15594 ns, At safepoint: 34734611 ns, Total: 35102736 ns
[2025-10-15T04:51:01.676-0700][1246][info ][safepoint   ] Safepoint "Cleanup", Time since last: 1000075693 ns, Reaching safepoint: 362576 ns, Cleanup: 13139 ns, At safepoint: 35233 ns, Total: 410948 ns
[2025-10-15T04:51:03.677-0700][1246][info ][safepoint   ] Safepoint "Cleanup", Time since last: 2000160681 ns, Reaching safepoint: 350888 ns, Cleanup: 12939 ns, At safepoint: 36565 ns, Total: 400392 ns
[2025-10-15T04:51:05.677-0700][1246][info ][safepoint   ] Safepoint "Cleanup", Time since last: 2000162063 ns, Reaching safepoint: 382726 ns, Cleanup: 15023 ns, At safepoint: 36304 ns, Total: 434053 ns
[2025-10-15T04:51:07.678-0700][1246][info ][safepoint   ] Safepoint "Cleanup", Time since last: 2000157325 ns, Reaching safepoint: 352802 ns, Cleanup: 11106 ns, At safepoint: 35924 ns, Total: 399832 ns
[2025-10-15T04:51:09.679-0700][1246][info ][safepoint   ] Safepoint "Cleanup", Time since last: 2000163515 ns, Reaching safepoint: 363717 ns, Cleanup: 11127 ns, At safepoint: 33841 ns, Total: 408685 ns
[2025-10-15T04:51:14.679-0700][1246][info ][safepoint   ] Safepoint "Cleanup", Time since last: 5000354770 ns, Reaching safepoint: 364599 ns, Cleanup: 11187 ns, At safepoint: 36815 ns, Total: 412601 ns
[2025-10-15T04:51:15.680-0700][1246][info ][safepoint   ] Safepoint "Cleanup", Time since last: 1000098918 ns, Reaching safepoint: 355045 ns, Cleanup: 10455 ns, At safepoint: 36385 ns, Total: 401885 ns
[2025-10-15T04:51:18.681-0700][1246][info ][safepoint   ] Safepoint "Cleanup", Time since last: 3000220259 ns, Reaching safepoint: 382807 ns, Cleanup: 26319 ns, At safepoint: 34332 ns, Total: 443458 ns
[2025-10-15T04:51:19.681-0700][1246][info ][safepoint   ] Safepoint "Cleanup", Time since last: 1000100110 ns, Reaching safepoint: 352561 ns, Cleanup: 12729 ns, At safepoint: 35203 ns, Total: 400493 ns
[2025-10-15T04:51:20.682-0700][1246][info ][safepoint   ] Safepoint "Cleanup", Time since last: 1000098948 ns, Reaching safepoint: 363347 ns, Cleanup: 13811 ns, At safepoint: 34221 ns, Total: 411379 ns
[2025-10-15T04:51:21.682-0700][1246][info ][safepoint   ] Safepoint "Cleanup", Time since last: 1000112459 ns, Reaching safepoint: 351900 ns, Cleanup: 12819 ns, At safepoint: 35613 ns, Total: 400332 ns
[2025-10-15T04:51:25.683-0700][1246][info ][safepoint   ] Safepoint "Cleanup", Time since last: 4000285477 ns, Reaching safepoint: 358630 ns, Cleanup: 11137 ns, At safepoint: 34772 ns, Total: 404539 ns
[2025-10-15T04:51:27.683-0700][1246][info ][safepoint   ] Safepoint "Cleanup", Time since last: 2000158246 ns, Reaching safepoint: 363578 ns, Cleanup: 11177 ns, At safepoint: 33580 ns, Total: 408335 ns
[2025-10-15T04:51:29.684-0700][1246][info ][safepoint   ] Safepoint "Cleanup", Time since last: 2000154271 ns, Reaching safepoint: 356977 ns, Cleanup: 12799 ns, At safepoint: 48043 ns, Total: 417819 ns
[2025-10-15T04:51:35.685-0700][1246][info ][safepoint   ] Safepoint "Cleanup", Time since last: 6000414739 ns, Reaching safepoint: 354764 ns, Cleanup: 13911 ns, At safepoint: 35213 ns, Total: 403888 ns
[2025-10-15T04:51:38.685-0700][1246][info ][safepoint   ] Safepoint "Cleanup", Time since last: 3000218136 ns, Reaching safepoint: 382816 ns, Cleanup: 17667 ns, At safepoint: 37296 ns, Total: 437779 ns
[2025-10-15T04:51:39.686-0700][1246][info ][safepoint   ] Safepoint "Cleanup", Time since last: 1000103505 ns, Reaching safepoint: 355846 ns, Cleanup: 15673 ns, At safepoint: 35554 ns, Total: 407073 ns
[2025-10-15T04:51:41.686-0700][1246][info ][safepoint   ] Safepoint "Cleanup", Time since last: 2000169113 ns, Reaching safepoint: 367343 ns, Cleanup: 13600 ns, At safepoint: 36735 ns, Total: 417678 ns
[2025-10-15T04:51:45.687-0700][1246][info ][safepoint   ] Safepoint "Cleanup", Time since last: 4000306208 ns, Reaching safepoint: 612943 ns, Cleanup: 12048 ns, At safepoint: 47732 ns, Total: 672723 ns
[2025-10-15T04:51:51.688-0700][1246][info ][safepoint   ] Safepoint "Cleanup", Time since last: 6000421359 ns, Reaching safepoint: 356457 ns, Cleanup: 10796 ns, At safepoint: 54141 ns, Total: 421394 ns
[2025-10-15T04:51:57.689-0700][1246][info ][safepoint   ] Safepoint "Cleanup", Time since last: 6000418165 ns, Reaching safepoint: 352781 ns, Cleanup: 13480 ns, At safepoint: 35473 ns, Total: 401734 ns
[2025-10-15T04:51:59.690-0700][1246][info ][safepoint   ] Safepoint "Cleanup", Time since last: 2000167240 ns, Reaching safepoint: 360323 ns, Cleanup: 11197 ns, At safepoint: 35634 ns, Total: 407154 ns
[2025-10-15T04:52:04.118-0700][1246][info ][safepoint   ] Safepoint "Cleanup", Time since last: 4427586405 ns, Reaching safepoint: 350889 ns, Cleanup: 17676 ns, At safepoint: 33741 ns, Total: 402306 ns
[2025-10-15T04:52:09.118-0700][1246][info ][safepoint   ] Safepoint "Cleanup", Time since last: 5000356272 ns, Reaching safepoint: 369326 ns, Cleanup: 11978 ns, At safepoint: 35493 ns, Total: 416797 ns
[2025-10-15T04:52:16.119-0700][1246][info ][safepoint   ] Safepoint "Cleanup", Time since last: 7000470252 ns, Reaching safepoint: 387934 ns, Cleanup: 13170 ns, At safepoint: 38809 ns, Total: 439913 ns
[2025-10-15T04:52:19.120-0700][1246][info ][safepoint   ] Safepoint "Cleanup", Time since last: 3000228180 ns, Reaching safepoint: 355656 ns, Cleanup: 17196 ns, At safepoint: 35203 ns, Total: 408055 ns
[2025-10-15T04:52:22.121-0700][1246][info ][safepoint   ] Safepoint "Cleanup", Time since last: 3000249192 ns, Reaching safepoint: 420854 ns, Cleanup: 19980 ns, At safepoint: 56055 ns, Total: 496889 ns
[2025-10-15T04:52:23.121-0700][1246][info ][safepoint   ] Safepoint "Cleanup", Time since last: 1000106850 ns, Reaching safepoint: 353051 ns, Cleanup: 12579 ns, At safepoint: 34182 ns, Total: 399812 ns
[2025-10-15T04:52:26.122-0700][1246][info ][safepoint   ] Safepoint "Cleanup", Time since last: 3000277615 ns, Reaching safepoint: 403147 ns, Cleanup: 14722 ns, At safepoint: 55303 ns, Total: 473172 ns
[2025-10-15T04:52:28.123-0700][1246][info ][safepoint   ] Safepoint "Cleanup", Time since last: 2000185868 ns, Reaching safepoint: 367213 ns, Cleanup: 12189 ns, At safepoint: 34071 ns, Total: 413473 ns
[2025-10-15T04:52:31.123-0700][1246][info ][safepoint   ] Safepoint "Cleanup", Time since last: 3000247209 ns, Reaching safepoint: 357889 ns, Cleanup: 12389 ns, At safepoint: 34292 ns, Total: 404570 ns
[2025-10-15T04:52:34.124-0700][1246][info ][safepoint   ] Safepoint "Cleanup", Time since last: 3000240810 ns, Reaching safepoint: 351278 ns, Cleanup: 12349 ns, At safepoint: 36495 ns, Total: 400122 ns
[2025-10-15T04:52:35.124-0700][1246][info ][safepoint   ] Safepoint "Cleanup", Time since last: 1000101342 ns, Reaching safepoint: 360613 ns, Cleanup: 14752 ns, At safepoint: 35543 ns, Total: 410908 ns
[2025-10-15T04:52:40.125-0700][1246][info ][safepoint   ] Safepoint "Cleanup", Time since last: 5000350053 ns, Reaching safepoint: 359111 ns, Cleanup: 13520 ns, At safepoint: 36104 ns, Total: 408735 ns
[2025-10-15T04:52:42.126-0700][1246][info ][safepoint   ] Safepoint "Cleanup", Time since last: 2000170495 ns, Reaching safepoint: 359101 ns, Cleanup: 11207 ns, At safepoint: 34762 ns, Total: 405070 ns
[2025-10-15T04:52:48.127-0700][1246][info ][safepoint   ] Safepoint "Cleanup", Time since last: 6000443843 ns, Reaching safepoint: 412351 ns, Cleanup: 14041 ns, At safepoint: 57006 ns, Total: 483398 ns
[2025-10-15T04:52:49.127-0700][1246][info ][safepoint   ] Safepoint "Cleanup", Time since last: 1000115002 ns, Reaching safepoint: 404650 ns, Cleanup: 13981 ns, At safepoint: 75784 ns, Total: 494415 ns
[2025-10-15T04:52:52.128-0700][1246][info ][safepoint   ] Safepoint "Cleanup", Time since last: 3000274961 ns, Reaching safepoint: 401514 ns, Cleanup: 24467 ns, At safepoint: 54793 ns, Total: 480774 ns
[2025-10-15T04:52:55.129-0700][1246][info ][safepoint   ] Safepoint "Cleanup", Time since last: 3000280048 ns, Reaching safepoint: 405570 ns, Cleanup: 18989 ns, At safepoint: 55123 ns, Total: 479682 ns
[2025-10-15T04:52:58.130-0700][1246][info ][safepoint   ] Safepoint "Cleanup", Time since last: 3000298967 ns, Reaching safepoint: 419212 ns, Cleanup: 15944 ns, At safepoint: 56465 ns, Total: 491621 ns
[2025-10-15T04:53:02.138-0700][1246][info ][safepoint   ] Safepoint "Cleanup", Time since last: 4008237479 ns, Reaching safepoint: 352321 ns, Cleanup: 40791 ns, At safepoint: 36345 ns, Total: 429457 ns
[2025-10-15T04:53:03.139-0700][1246][info ][safepoint   ] Safepoint "Cleanup", Time since last: 1000134462 ns, Reaching safepoint: 403046 ns, Cleanup: 17036 ns, At safepoint: 56175 ns, Total: 476257 ns
[2025-10-15T04:53:05.140-0700][1246][info ][safepoint   ] Safepoint "Cleanup", Time since last: 2000213870 ns, Reaching safepoint: 409316 ns, Cleanup: 19199 ns, At safepoint: 54993 ns, Total: 483508 ns
[2025-10-15T04:53:06.140-0700][1246][info ][safepoint   ] Safepoint "Cleanup", Time since last: 1000132078 ns, Reaching safepoint: 426142 ns, Cleanup: 14461 ns, At safepoint: 56345 ns, Total: 496948 ns
[2025-10-15T04:53:08.141-0700][1246][info ][safepoint   ] Safepoint "Cleanup", Time since last: 2000216434 ns, Reaching safepoint: 406452 ns, Cleanup: 14632 ns, At safepoint: 57547 ns, Total: 478631 ns
[2025-10-15T04:53:10.142-0700][1246][info ][safepoint   ] Safepoint "Cleanup", Time since last: 2000219909 ns, Reaching safepoint: 412752 ns, Cleanup: 20000 ns, At safepoint: 54913 ns, Total: 487665 ns
[2025-10-15T04:53:11.142-0700][1246][info ][safepoint   ] Safepoint "Cleanup", Time since last: 1000129844 ns, Reaching safepoint: 402216 ns, Cleanup: 22974 ns, At safepoint: 58619 ns, Total: 483809 ns
[2025-10-15T04:53:16.143-0700][1246][info ][safepoint   ] Safepoint "Cleanup", Time since last: 5000539057 ns, Reaching safepoint: 361514 ns, Cleanup: 12609 ns, At safepoint: 36285 ns, Total: 410408 ns
[2025-10-15T04:53:17.311-0700][1246][info ][gc,start    ] GC(22) Pause Young (Normal) (G1 Evacuation Pause)
[2025-10-15T04:53:17.311-0700][1246][info ][gc,task     ] GC(22) Using 113 workers of 113 for evacuation
[2025-10-15T04:53:17.315-0700][1246][debug][gc,remset   ] GC(22) Visited cards 578560 Total dirty 1310720 (44.14%) Total old 39059456 (1.48%)
[2025-10-15T04:53:17.342-0700][1246][info ][gc,phases   ] GC(22)   Pre Evacuate Collection Set: 0.6ms
[2025-10-15T04:53:17.342-0700][1246][info ][gc,phases   ] GC(22)   Merge Heap Roots: 2.7ms
[2025-10-15T04:53:17.342-0700][1246][info ][gc,phases   ] GC(22)   Evacuate Collection Set: 24.8ms
[2025-10-15T04:53:17.342-0700][1246][info ][gc,phases   ] GC(22)   Post Evacuate Collection Set: 2.5ms
[2025-10-15T04:53:17.342-0700][1246][info ][gc,phases   ] GC(22)   Other: 0.1ms
[2025-10-15T04:53:17.342-0700][1246][debug][gc,remset   ] GC(22) Coarsening (recent): Inline->AoC 0 (0) AoC->Howl 0 (0) Howl->Full 0 (0) Inline->AoC 0 (0) AoC->BitMap 0 (0) BitMap->Full 0 (0) 
[2025-10-15T04:53:17.342-0700][1246][debug][gc,remset   ] GC(22) Coarsening (all): Inline->AoC 156 (0) AoC->Howl 37 (0) Howl->Full 0 (0) Inline->AoC 213 (0) AoC->BitMap 16 (0) BitMap->Full 0 (0) 
[2025-10-15T04:53:17.342-0700][1246][info ][gc,heap     ] GC(22) Eden regions: 256->0(252)
[2025-10-15T04:53:17.342-0700][1246][info ][gc,heap     ] GC(22) Survivor regions: 32->36(36)
[2025-10-15T04:53:17.342-0700][1246][info ][gc,heap     ] GC(22) Old regions: 20->28
[2025-10-15T04:53:17.342-0700][1246][info ][gc,heap     ] GC(22) Humongous regions: 0->0
[2025-10-15T04:53:17.342-0700][1246][info ][gc,metaspace] GC(22) Metaspace: 212010K(214528K)->212010K(214528K) NonClass: 187274K(188608K)->187274K(188608K) Class: 24735K(25920K)->24735K(25920K)
[2025-10-15T04:53:17.342-0700][1246][info ][gc          ] GC(22) Pause Young (Normal) (G1 Evacuation Pause) 9843M->1996M(184320M) 30.833ms
[2025-10-15T04:53:17.343-0700][1246][info ][gc,cpu      ] GC(22) User=2.01s Sys=0.04s Real=0.03s
[2025-10-15T04:53:17.343-0700][1246][info ][safepoint   ] Safepoint "G1CollectForAllocation", Time since last: 1167065304 ns, Reaching safepoint: 412401 ns, Cleanup: 4997 ns, At safepoint: 32371643 ns, Total: 32789041 ns
[2025-10-15T04:53:18.343-0700][1246][info ][safepoint   ] Safepoint "Cleanup", Time since last: 1000087401 ns, Reaching safepoint: 379211 ns, Cleanup: 10977 ns, At safepoint: 38077 ns, Total: 428265 ns
[2025-10-15T04:53:19.344-0700][1246][info ][safepoint   ] Safepoint "Cleanup", Time since last: 1000120871 ns, Reaching safepoint: 403618 ns, Cleanup: 14762 ns, At safepoint: 56054 ns, Total: 474434 ns
[2025-10-15T04:53:20.345-0700][1246][info ][safepoint   ] Safepoint "Cleanup", Time since last: 1000128233 ns, Reaching safepoint: 408975 ns, Cleanup: 15994 ns, At safepoint: 56255 ns, Total: 481224 ns
[2025-10-15T04:53:22.345-0700][1246][info ][safepoint   ] Safepoint "Cleanup", Time since last: 2000205918 ns, Reaching safepoint: 408816 ns, Cleanup: 12719 ns, At safepoint: 55394 ns, Total: 476929 ns
[2025-10-15T04:53:25.346-0700][1246][info ][safepoint   ] Safepoint "Cleanup", Time since last: 3000274009 ns, Reaching safepoint: 406933 ns, Cleanup: 14121 ns, At safepoint: 57216 ns, Total: 478270 ns
[2025-10-15T04:53:27.347-0700][1246][info ][safepoint   ] Safepoint "Cleanup", Time since last: 2000213931 ns, Reaching safepoint: 407684 ns, Cleanup: 17847 ns, At safepoint: 54502 ns, Total: 480033 ns
[2025-10-15T04:53:30.348-0700][1246][info ][safepoint   ] Safepoint "Cleanup", Time since last: 3000298346 ns, Reaching safepoint: 430428 ns, Cleanup: 31508 ns, At safepoint: 55633 ns, Total: 517569 ns
[2025-10-15T04:53:32.348-0700][1246][info ][safepoint   ] Safepoint "Cleanup", Time since last: 2000215503 ns, Reaching safepoint: 419752 ns, Cleanup: 17456 ns, At safepoint: 54382 ns, Total: 491590 ns
[2025-10-15T04:53:34.349-0700][1246][info ][safepoint   ] Safepoint "Cleanup", Time since last: 2000182553 ns, Reaching safepoint: 355836 ns, Cleanup: 11998 ns, At safepoint: 34212 ns, Total: 402046 ns
[2025-10-15T04:53:40.350-0700][1246][info ][safepoint   ] Safepoint "Cleanup", Time since last: 6000496141 ns, Reaching safepoint: 416488 ns, Cleanup: 16514 ns, At safepoint: 55945 ns, Total: 488947 ns
[2025-10-15T04:53:41.351-0700][1246][info ][safepoint   ] Safepoint "Cleanup", Time since last: 1000128692 ns, Reaching safepoint: 422106 ns, Cleanup: 58358 ns, At safepoint: 56615 ns, Total: 537079 ns
[2025-10-15T04:53:46.352-0700][1246][info ][safepoint   ] Safepoint "Cleanup", Time since last: 5000444205 ns, Reaching safepoint: 430738 ns, Cleanup: 17086 ns, At safepoint: 58017 ns, Total: 505841 ns
[2025-10-15T04:53:48.352-0700][1246][info ][safepoint   ] Safepoint "Cleanup", Time since last: 2000259780 ns, Reaching safepoint: 402065 ns, Cleanup: 13991 ns, At safepoint: 85639 ns, Total: 501695 ns
[2025-10-15T04:53:50.353-0700][1246][info ][safepoint   ] Safepoint "Cleanup", Time since last: 2000214141 ns, Reaching safepoint: 405460 ns, Cleanup: 13510 ns, At safepoint: 57527 ns, Total: 476497 ns
[2025-10-15T04:53:52.354-0700][1246][info ][safepoint   ] Safepoint "Cleanup", Time since last: 2000208512 ns, Reaching safepoint: 433062 ns, Cleanup: 14943 ns, At safepoint: 56264 ns, Total: 504269 ns
[2025-10-15T04:53:53.354-0700][1246][info ][safepoint   ] Safepoint "Cleanup", Time since last: 1000127411 ns, Reaching safepoint: 429788 ns, Cleanup: 14491 ns, At safepoint: 45479 ns, Total: 489758 ns
[2025-10-15T04:53:55.355-0700][1246][info ][safepoint   ] Safepoint "Cleanup", Time since last: 2000179548 ns, Reaching safepoint: 405511 ns, Cleanup: 14512 ns, At safepoint: 56675 ns, Total: 476698 ns
[2025-10-15T04:53:56.356-0700][1246][info ][safepoint   ] Safepoint "Cleanup", Time since last: 1000129074 ns, Reaching safepoint: 425340 ns, Cleanup: 21512 ns, At safepoint: 56025 ns, Total: 502877 ns
[2025-10-15T04:53:59.356-0700][1246][info ][safepoint   ] Safepoint "Cleanup", Time since last: 3000291776 ns, Reaching safepoint: 427144 ns, Cleanup: 14101 ns, At safepoint: 55674 ns, Total: 496919 ns
[2025-10-15T04:54:02.159-0700][1246][info ][safepoint   ] Safepoint "Cleanup", Time since last: 2802369198 ns, Reaching safepoint: 363428 ns, Cleanup: 18197 ns, At safepoint: 34943 ns, Total: 416568 ns
[2025-10-15T04:54:05.160-0700][1246][info ][safepoint   ] Safepoint "Cleanup", Time since last: 3000277845 ns, Reaching safepoint: 406242 ns, Cleanup: 14782 ns, At safepoint: 55624 ns, Total: 476648 ns
[2025-10-15T04:54:07.161-0700][1246][info ][safepoint   ] Safepoint "Cleanup", Time since last: 2000212879 ns, Reaching safepoint: 416367 ns, Cleanup: 16825 ns, At safepoint: 56255 ns, Total: 489447 ns
[2025-10-15T04:54:16.162-0700][1246][info ][safepoint   ] Safepoint "Cleanup", Time since last: 9000750902 ns, Reaching safepoint: 363097 ns, Cleanup: 14993 ns, At safepoint: 34041 ns, Total: 412131 ns
[2025-10-15T04:54:19.162-0700][1246][info ][safepoint   ] Safepoint "Cleanup", Time since last: 3000243253 ns, Reaching safepoint: 372291 ns, Cleanup: 12669 ns, At safepoint: 37396 ns, Total: 422356 ns
[2025-10-15T04:54:21.163-0700][1246][info ][safepoint   ] Safepoint "Cleanup", Time since last: 2000163034 ns, Reaching safepoint: 361184 ns, Cleanup: 22364 ns, At safepoint: 36004 ns, Total: 419552 ns
[2025-10-15T04:54:22.164-0700][1246][info ][safepoint   ] Safepoint "Cleanup", Time since last: 1000103925 ns, Reaching safepoint: 371239 ns, Cleanup: 32750 ns, At safepoint: 36404 ns, Total: 440393 ns
[2025-10-15T04:54:23.164-0700][1246][info ][safepoint   ] Safepoint "Cleanup", Time since last: 1000098608 ns, Reaching safepoint: 358209 ns, Cleanup: 17707 ns, At safepoint: 34712 ns, Total: 410628 ns
[2025-10-15T04:54:25.165-0700][1246][info ][safepoint   ] Safepoint "Cleanup", Time since last: 2000139869 ns, Reaching safepoint: 360162 ns, Cleanup: 12970 ns, At safepoint: 36675 ns, Total: 409807 ns
[2025-10-15T04:54:26.165-0700][1246][info ][safepoint   ] Safepoint "Cleanup", Time since last: 1000127131 ns, Reaching safepoint: 404288 ns, Cleanup: 17867 ns, At safepoint: 67923 ns, Total: 490078 ns
[2025-10-15T04:54:28.166-0700][1246][info ][safepoint   ] Safepoint "Cleanup", Time since last: 2000162382 ns, Reaching safepoint: 369116 ns, Cleanup: 13130 ns, At safepoint: 35503 ns, Total: 417749 ns
[2025-10-15T04:54:30.166-0700][1246][info ][safepoint   ] Safepoint "Cleanup", Time since last: 2000152568 ns, Reaching safepoint: 378390 ns, Cleanup: 17166 ns, At safepoint: 35043 ns, Total: 430599 ns
[2025-10-15T04:54:31.167-0700][1246][info ][safepoint   ] Safepoint "Cleanup", Time since last: 1000090235 ns, Reaching safepoint: 362225 ns, Cleanup: 17106 ns, At safepoint: 34271 ns, Total: 413602 ns
[2025-10-15T04:54:32.167-0700][1246][info ][safepoint   ] Safepoint "Cleanup", Time since last: 1000101893 ns, Reaching safepoint: 374784 ns, Cleanup: 15283 ns, At safepoint: 36455 ns, Total: 426522 ns
[2025-10-15T04:54:34.168-0700][1246][info ][safepoint   ] Safepoint "Cleanup", Time since last: 2000154591 ns, Reaching safepoint: 362235 ns, Cleanup: 12219 ns, At safepoint: 35363 ns, Total: 409817 ns
[2025-10-15T04:54:35.169-0700][1246][info ][safepoint   ] Safepoint "Cleanup", Time since last: 1000091126 ns, Reaching safepoint: 363137 ns, Cleanup: 14963 ns, At safepoint: 34622 ns, Total: 412722 ns
[2025-10-15T04:54:40.169-0700][1246][info ][safepoint   ] Safepoint "Cleanup", Time since last: 5000330112 ns, Reaching safepoint: 361244 ns, Cleanup: 20892 ns, At safepoint: 33901 ns, Total: 416037 ns
[2025-10-15T04:54:41.170-0700][1246][info ][safepoint   ] Safepoint "Cleanup", Time since last: 1000093850 ns, Reaching safepoint: 360864 ns, Cleanup: 12719 ns, At safepoint: 35303 ns, Total: 408886 ns
[2025-10-15T04:54:43.170-0700][1246][info ][safepoint   ] Safepoint "Cleanup", Time since last: 2000159578 ns, Reaching safepoint: 380543 ns, Cleanup: 12299 ns, At safepoint: 34942 ns, Total: 427784 ns
[2025-10-15T04:54:44.171-0700][1246][info ][safepoint   ] Safepoint "Cleanup", Time since last: 1000095944 ns, Reaching safepoint: 358880 ns, Cleanup: 11458 ns, At safepoint: 37186 ns, Total: 407524 ns
[2025-10-15T04:54:46.172-0700][1246][info ][safepoint   ] Safepoint "Cleanup", Time since last: 2000186759 ns, Reaching safepoint: 427384 ns, Cleanup: 22223 ns, At safepoint: 56175 ns, Total: 505782 ns
[2025-10-15T04:54:55.173-0700][1246][info ][safepoint   ] Safepoint "Cleanup", Time since last: 9000677161 ns, Reaching safepoint: 360403 ns, Cleanup: 16625 ns, At safepoint: 35854 ns, Total: 412882 ns
[2025-10-15T04:54:57.173-0700][1246][info ][safepoint   ] Safepoint "Cleanup", Time since last: 2000184746 ns, Reaching safepoint: 380223 ns, Cleanup: 27120 ns, At safepoint: 54873 ns, Total: 462216 ns
[2025-10-15T04:54:58.174-0700][1246][info ][safepoint   ] Safepoint "Cleanup", Time since last: 1000107481 ns, Reaching safepoint: 356297 ns, Cleanup: 14612 ns, At safepoint: 36454 ns, Total: 407363 ns
[2025-10-15T04:55:00.174-0700][1246][info ][safepoint   ] Safepoint "Cleanup", Time since last: 2000184416 ns, Reaching safepoint: 366242 ns, Cleanup: 11497 ns, At safepoint: 36134 ns, Total: 413873 ns
[2025-10-15T04:55:02.180-0700][1246][info ][safepoint   ] Safepoint "Cleanup", Time since last: 2005075741 ns, Reaching safepoint: 406633 ns, Cleanup: 18167 ns, At safepoint: 54993 ns, Total: 479793 ns
[2025-10-15T04:55:04.181-0700][1246][info ][safepoint   ] Safepoint "Cleanup", Time since last: 2000192027 ns, Reaching safepoint: 416397 ns, Cleanup: 15123 ns, At safepoint: 53761 ns, Total: 485281 ns
[2025-10-15T04:55:07.181-0700][1246][info ][safepoint   ] Safepoint "Cleanup", Time since last: 3000249042 ns, Reaching safepoint: 368335 ns, Cleanup: 12038 ns, At safepoint: 37146 ns, Total: 417519 ns
[2025-10-15T04:55:16.182-0700][1246][info ][safepoint   ] Safepoint "Cleanup", Time since last: 9000661247 ns, Reaching safepoint: 369437 ns, Cleanup: 18808 ns, At safepoint: 36174 ns, Total: 424419 ns
[2025-10-15T04:55:20.183-0700][1246][info ][safepoint   ] Safepoint "Cleanup", Time since last: 4000300079 ns, Reaching safepoint: 379832 ns, Cleanup: 17115 ns, At safepoint: 34062 ns, Total: 431009 ns
[2025-10-15T04:55:21.184-0700][1246][info ][safepoint   ] Safepoint "Cleanup", Time since last: 1000117896 ns, Reaching safepoint: 368866 ns, Cleanup: 13820 ns, At safepoint: 34512 ns, Total: 417198 ns
[2025-10-15T04:55:22.184-0700][1246][info ][safepoint   ] Safepoint "Cleanup", Time since last: 1000124587 ns, Reaching safepoint: 404139 ns, Cleanup: 16905 ns, At safepoint: 67001 ns, Total: 488045 ns
[2025-10-15T04:55:23.185-0700][1246][info ][safepoint   ] Safepoint "Cleanup", Time since last: 1000117015 ns, Reaching safepoint: 400022 ns, Cleanup: 13741 ns, At safepoint: 55594 ns, Total: 469357 ns
[2025-10-15T04:55:30.186-0700][1246][info ][safepoint   ] Safepoint "Cleanup", Time since last: 7000646707 ns, Reaching safepoint: 409156 ns, Cleanup: 13891 ns, At safepoint: 52730 ns, Total: 475777 ns
[2025-10-15T04:55:31.187-0700][1246][info ][safepoint   ] Safepoint "Cleanup", Time since last: 1000112799 ns, Reaching safepoint: 420272 ns, Cleanup: 14412 ns, At safepoint: 49284 ns, Total: 483968 ns
[2025-10-15T04:55:33.092-0700][1246][info ][gc,start    ] GC(23) Pause Young (Normal) (G1 Evacuation Pause)
[2025-10-15T04:55:33.093-0700][1246][info ][gc,task     ] GC(23) Using 113 workers of 113 for evacuation
[2025-10-15T04:55:33.097-0700][1246][debug][gc,remset   ] GC(23) Visited cards 645376 Total dirty 1769472 (36.47%) Total old 39583744 (1.63%)
[2025-10-15T04:55:33.120-0700][1246][info ][gc,phases   ] GC(23)   Pre Evacuate Collection Set: 0.6ms
[2025-10-15T04:55:33.120-0700][1246][info ][gc,phases   ] GC(23)   Merge Heap Roots: 3.6ms
[2025-10-15T04:55:33.120-0700][1246][info ][gc,phases   ] GC(23)   Evacuate Collection Set: 21.2ms
[2025-10-15T04:55:33.120-0700][1246][info ][gc,phases   ] GC(23)   Post Evacuate Collection Set: 2.4ms
[2025-10-15T04:55:33.120-0700][1246][info ][gc,phases   ] GC(23)   Other: 0.1ms
[2025-10-15T04:55:33.120-0700][1246][debug][gc,remset   ] GC(23) Coarsening (recent): Inline->AoC 0 (0) AoC->Howl 0 (0) Howl->Full 0 (0) Inline->AoC 0 (0) AoC->BitMap 0 (0) BitMap->Full 0 (0) 
[2025-10-15T04:55:33.120-0700][1246][debug][gc,remset   ] GC(23) Coarsening (all): Inline->AoC 156 (0) AoC->Howl 37 (0) Howl->Full 0 (0) Inline->AoC 213 (0) AoC->BitMap 16 (0) BitMap->Full 0 (0) 
[2025-10-15T04:55:33.120-0700][1246][info ][gc,heap     ] GC(23) Eden regions: 252->0(252)
[2025-10-15T04:55:33.120-0700][1246][info ][gc,heap     ] GC(23) Survivor regions: 36->36(36)
[2025-10-15T04:55:33.120-0700][1246][info ][gc,heap     ] GC(23) Old regions: 28->33
[2025-10-15T04:55:33.120-0700][1246][info ][gc,heap     ] GC(23) Humongous regions: 0->0
[2025-10-15T04:55:33.120-0700][1246][info ][gc,metaspace] GC(23) Metaspace: 212140K(214656K)->212140K(214656K) NonClass: 187402K(188736K)->187402K(188736K) Class: 24738K(25920K)->24738K(25920K)
[2025-10-15T04:55:33.120-0700][1246][info ][gc          ] GC(23) Pause Young (Normal) (G1 Evacuation Pause) 10060M->2206M(184320M) 28.005ms
[2025-10-15T04:55:33.121-0700][1246][info ][gc,cpu      ] GC(23) User=2.04s Sys=0.08s Real=0.03s
[2025-10-15T04:55:33.121-0700][1246][info ][safepoint   ] Safepoint "G1CollectForAllocation", Time since last: 1904752602 ns, Reaching safepoint: 411620 ns, Cleanup: 5568 ns, At safepoint: 29533680 ns, Total: 29950868 ns
[2025-10-15T04:55:34.122-0700][1246][info ][safepoint   ] Safepoint "Cleanup", Time since last: 1000082803 ns, Reaching safepoint: 355225 ns, Cleanup: 16475 ns, At safepoint: 36165 ns, Total: 407865 ns
[2025-10-15T04:55:36.122-0700][1246][info ][safepoint   ] Safepoint "Cleanup", Time since last: 2000152087 ns, Reaching safepoint: 373372 ns, Cleanup: 12859 ns, At safepoint: 33481 ns, Total: 419712 ns
[2025-10-15T04:55:39.123-0700][1246][info ][safepoint   ] Safepoint "Cleanup", Time since last: 3000239017 ns, Reaching safepoint: 359171 ns, Cleanup: 13280 ns, At safepoint: 33881 ns, Total: 406332 ns
[2025-10-15T04:55:40.124-0700][1246][info ][safepoint   ] Safepoint "Cleanup", Time since last: 1000118407 ns, Reaching safepoint: 420163 ns, Cleanup: 17045 ns, At safepoint: 58138 ns, Total: 495346 ns
[2025-10-15T04:55:42.124-0700][1246][info ][safepoint   ] Safepoint "Cleanup", Time since last: 2000192408 ns, Reaching safepoint: 404409 ns, Cleanup: 49885 ns, At safepoint: 35123 ns, Total: 489417 ns
[2025-10-15T04:55:45.125-0700][1246][info ][safepoint   ] Safepoint "Cleanup", Time since last: 3000248902 ns, Reaching safepoint: 419742 ns, Cleanup: 19069 ns, At safepoint: 56985 ns, Total: 495796 ns
[2025-10-15T04:55:46.126-0700][1246][info ][safepoint   ] Safepoint "Cleanup", Time since last: 1000111497 ns, Reaching safepoint: 432291 ns, Cleanup: 19890 ns, At safepoint: 56565 ns, Total: 508746 ns
[2025-10-15T04:55:49.126-0700][1246][info ][safepoint   ] Safepoint "Cleanup", Time since last: 3000309994 ns, Reaching safepoint: 417760 ns, Cleanup: 12909 ns, At safepoint: 56365 ns, Total: 487034 ns
[2025-10-15T04:55:50.127-0700][1246][info ][safepoint   ] Safepoint "Cleanup", Time since last: 1000128693 ns, Reaching safepoint: 410748 ns, Cleanup: 18598 ns, At safepoint: 56736 ns, Total: 486082 ns
[2025-10-15T04:55:51.128-0700][1246][info ][safepoint   ] Safepoint "Cleanup", Time since last: 1000116744 ns, Reaching safepoint: 418681 ns, Cleanup: 13941 ns, At safepoint: 55453 ns, Total: 488075 ns
[2025-10-15T04:55:52.128-0700][1246][info ][safepoint   ] Safepoint "Cleanup", Time since last: 1000123165 ns, Reaching safepoint: 411059 ns, Cleanup: 16735 ns, At safepoint: 69014 ns, Total: 496808 ns
[2025-10-15T04:55:54.129-0700][1246][info ][safepoint   ] Safepoint "Cleanup", Time since last: 2000169564 ns, Reaching safepoint: 362866 ns, Cleanup: 13180 ns, At safepoint: 36254 ns, Total: 412300 ns
[2025-10-15T04:55:55.129-0700][1246][info ][safepoint   ] Safepoint "Cleanup", Time since last: 1000099940 ns, Reaching safepoint: 372701 ns, Cleanup: 22834 ns, At safepoint: 47452 ns, Total: 442987 ns
[2025-10-15T04:55:56.130-0700][1246][info ][safepoint   ] Safepoint "Cleanup", Time since last: 1000106830 ns, Reaching safepoint: 364128 ns, Cleanup: 12839 ns, At safepoint: 33882 ns, Total: 410849 ns
[2025-10-15T04:55:58.131-0700][1246][info ][safepoint   ] Safepoint "Cleanup", Time since last: 2000181701 ns, Reaching safepoint: 420844 ns, Cleanup: 13550 ns, At safepoint: 55594 ns, Total: 489988 ns
[2025-10-15T04:55:59.131-0700][1246][info ][safepoint   ] Safepoint "Cleanup", Time since last: 1000132719 ns, Reaching safepoint: 411920 ns, Cleanup: 14783 ns, At safepoint: 56525 ns, Total: 483228 ns
[2025-10-15T04:56:00.132-0700][1246][info ][safepoint   ] Safepoint "Cleanup", Time since last: 1000115052 ns, Reaching safepoint: 358570 ns, Cleanup: 12619 ns, At safepoint: 34141 ns, Total: 405330 ns
[2025-10-15T04:56:01.201-0700][1246][info ][safepoint   ] Safepoint "Cleanup", Time since last: 1068985543 ns, Reaching safepoint: 410388 ns, Cleanup: 17937 ns, At safepoint: 56375 ns, Total: 484700 ns
[2025-10-15T04:56:02.202-0700][1246][info ][safepoint   ] Safepoint "Cleanup", Time since last: 1000145748 ns, Reaching safepoint: 428516 ns, Cleanup: 14672 ns, At safepoint: 59028 ns, Total: 502216 ns
[2025-10-15T04:56:03.202-0700][1246][info ][safepoint   ] Safepoint "Cleanup", Time since last: 1000125769 ns, Reaching safepoint: 435486 ns, Cleanup: 19239 ns, At safepoint: 56264 ns, Total: 510989 ns
[2025-10-15T04:56:10.204-0700][1246][info ][safepoint   ] Safepoint "Cleanup", Time since last: 7000542982 ns, Reaching safepoint: 419181 ns, Cleanup: 19319 ns, At safepoint: 54742 ns, Total: 493242 ns
[2025-10-15T04:56:18.204-0700][1246][info ][safepoint   ] Safepoint "Cleanup", Time since last: 8000529040 ns, Reaching safepoint: 372961 ns, Cleanup: 14712 ns, At safepoint: 36095 ns, Total: 423768 ns
[2025-10-15T04:56:19.205-0700][1246][info ][safepoint   ] Safepoint "Cleanup", Time since last: 1000098748 ns, Reaching safepoint: 367162 ns, Cleanup: 13070 ns, At safepoint: 37226 ns, Total: 417458 ns
[2025-10-15T04:56:22.206-0700][1246][info ][safepoint   ] Safepoint "Cleanup", Time since last: 3000230755 ns, Reaching safepoint: 368174 ns, Cleanup: 23896 ns, At safepoint: 37246 ns, Total: 429316 ns
[2025-10-15T04:56:28.206-0700][1246][info ][safepoint   ] Safepoint "Cleanup", Time since last: 6000394609 ns, Reaching safepoint: 371129 ns, Cleanup: 13029 ns, At safepoint: 36225 ns, Total: 420383 ns
[2025-10-15T04:56:29.207-0700][1246][info ][safepoint   ] Safepoint "Cleanup", Time since last: 1000101622 ns, Reaching safepoint: 369046 ns, Cleanup: 14932 ns, At safepoint: 37126 ns, Total: 421104 ns
[2025-10-15T04:56:30.208-0700][1246][info ][safepoint   ] Safepoint "Cleanup", Time since last: 1000096545 ns, Reaching safepoint: 374383 ns, Cleanup: 20892 ns, At safepoint: 35413 ns, Total: 430688 ns
[2025-10-15T04:56:34.208-0700][1246][info ][safepoint   ] Safepoint "Cleanup", Time since last: 4000285597 ns, Reaching safepoint: 424879 ns, Cleanup: 18478 ns, At safepoint: 58909 ns, Total: 502266 ns
[2025-10-15T04:56:40.209-0700][1246][info ][safepoint   ] Safepoint "Cleanup", Time since last: 6000566017 ns, Reaching safepoint: 441034 ns, Cleanup: 14071 ns, At safepoint: 55524 ns, Total: 510629 ns
[2025-10-15T04:56:46.210-0700][1246][info ][safepoint   ] Safepoint "Cleanup", Time since last: 6000467238 ns, Reaching safepoint: 390678 ns, Cleanup: 10526 ns, At safepoint: 37286 ns, Total: 438490 ns
[2025-10-15T04:56:48.211-0700][1246][info ][safepoint   ] Safepoint "Cleanup", Time since last: 2000164966 ns, Reaching safepoint: 410879 ns, Cleanup: 14472 ns, At safepoint: 56034 ns, Total: 481385 ns
[2025-10-15T04:57:00.212-0700][1246][info ][safepoint   ] Safepoint "Cleanup", Time since last: 12000846324 ns, Reaching safepoint: 362686 ns, Cleanup: 10596 ns, At safepoint: 36174 ns, Total: 409456 ns
[2025-10-15T04:57:02.222-0700][1246][info ][safepoint   ] Safepoint "Cleanup", Time since last: 2009602758 ns, Reaching safepoint: 417408 ns, Cleanup: 25148 ns, At safepoint: 54732 ns, Total: 497288 ns
[2025-10-15T04:57:04.223-0700][1246][info ][safepoint   ] Safepoint "Cleanup", Time since last: 2000170746 ns, Reaching safepoint: 398740 ns, Cleanup: 16275 ns, At safepoint: 55012 ns, Total: 470027 ns
[2025-10-15T04:57:05.224-0700][1246][info ][safepoint   ] Safepoint "Cleanup", Time since last: 1000108373 ns, Reaching safepoint: 417188 ns, Cleanup: 16685 ns, At safepoint: 57657 ns, Total: 491530 ns
[2025-10-15T04:57:14.225-0700][1246][info ][safepoint   ] Safepoint "Cleanup", Time since last: 9000675108 ns, Reaching safepoint: 420864 ns, Cleanup: 14812 ns, At safepoint: 54753 ns, Total: 490429 ns
[2025-10-15T04:57:19.226-0700][1246][info ][safepoint   ] Safepoint "Cleanup", Time since last: 5000383262 ns, Reaching safepoint: 428886 ns, Cleanup: 20421 ns, At safepoint: 53871 ns, Total: 503178 ns
[2025-10-15T04:57:22.226-0700][1246][info ][safepoint   ] Safepoint "Cleanup", Time since last: 3000263724 ns, Reaching safepoint: 425581 ns, Cleanup: 24387 ns, At safepoint: 56315 ns, Total: 506283 ns
[2025-10-15T04:57:28.227-0700][1246][info ][safepoint   ] Safepoint "Cleanup", Time since last: 6000400257 ns, Reaching safepoint: 411579 ns, Cleanup: 14673 ns, At safepoint: 62153 ns, Total: 488405 ns
[2025-10-15T04:57:30.228-0700][1246][info ][safepoint   ] Safepoint "Cleanup", Time since last: 2000199278 ns, Reaching safepoint: 413874 ns, Cleanup: 27020 ns, At safepoint: 57968 ns, Total: 498862 ns
[2025-10-15T04:57:40.229-0700][1246][info ][safepoint   ] Safepoint "Cleanup", Time since last: 10000811653 ns, Reaching safepoint: 414324 ns, Cleanup: 17085 ns, At safepoint: 79730 ns, Total: 511139 ns
[2025-10-15T04:57:40.648-0700][1246][info ][gc,start    ] GC(24) Pause Young (Normal) (G1 Evacuation Pause)
[2025-10-15T04:57:40.648-0700][1246][info ][gc,task     ] GC(24) Using 113 workers of 113 for evacuation
[2025-10-15T04:57:40.653-0700][1246][debug][gc,remset   ] GC(24) Visited cards 671744 Total dirty 2162688 (31.06%) Total old 39911424 (1.68%)
[2025-10-15T04:57:40.676-0700][1246][info ][gc,phases   ] GC(24)   Pre Evacuate Collection Set: 0.6ms
[2025-10-15T04:57:40.676-0700][1246][info ][gc,phases   ] GC(24)   Merge Heap Roots: 4.3ms
[2025-10-15T04:57:40.676-0700][1246][info ][gc,phases   ] GC(24)   Evacuate Collection Set: 20.6ms
[2025-10-15T04:57:40.676-0700][1246][info ][gc,phases   ] GC(24)   Post Evacuate Collection Set: 2.3ms
[2025-10-15T04:57:40.676-0700][1246][info ][gc,phases   ] GC(24)   Other: 0.1ms
[2025-10-15T04:57:40.676-0700][1246][debug][gc,remset   ] GC(24) Coarsening (recent): Inline->AoC 0 (0) AoC->Howl 0 (0) Howl->Full 0 (0) Inline->AoC 0 (0) AoC->BitMap 0 (0) BitMap->Full 0 (0) 
[2025-10-15T04:57:40.676-0700][1246][debug][gc,remset   ] GC(24) Coarsening (all): Inline->AoC 156 (0) AoC->Howl 37 (0) Howl->Full 0 (0) Inline->AoC 213 (0) AoC->BitMap 16 (0) BitMap->Full 0 (0) 
[2025-10-15T04:57:40.676-0700][1246][info ][gc,heap     ] GC(24) Eden regions: 252->0(257)
[2025-10-15T04:57:40.676-0700][1246][info ][gc,heap     ] GC(24) Survivor regions: 36->31(36)
[2025-10-15T04:57:40.676-0700][1246][info ][gc,heap     ] GC(24) Old regions: 33->46
[2025-10-15T04:57:40.676-0700][1246][info ][gc,heap     ] GC(24) Humongous regions: 0->0
[2025-10-15T04:57:40.676-0700][1246][info ][gc,metaspace] GC(24) Metaspace: 212406K(214912K)->212406K(214912K) NonClass: 187666K(188992K)->187666K(188992K) Class: 24740K(25920K)->24740K(25920K)
[2025-10-15T04:57:40.676-0700][1246][info ][gc          ] GC(24) Pause Young (Normal) (G1 Evacuation Pause) 10270M->2416M(184320M) 28.140ms
[2025-10-15T04:57:40.677-0700][1246][info ][gc,cpu      ] GC(24) User=2.25s Sys=0.05s Real=0.03s
[2025-10-15T04:57:40.677-0700][1246][info ][safepoint   ] Safepoint "G1CollectForAllocation", Time since last: 417230366 ns, Reaching safepoint: 409307 ns, Cleanup: 5057 ns, At safepoint: 29745990 ns, Total: 30160354 ns
[2025-10-15T04:57:47.678-0700][1246][info ][safepoint   ] Safepoint "Cleanup", Time since last: 7000553527 ns, Reaching safepoint: 430949 ns, Cleanup: 13199 ns, At safepoint: 55454 ns, Total: 499602 ns
[2025-10-15T04:57:55.679-0700][1246][info ][safepoint   ] Safepoint "Cleanup", Time since last: 8000583531 ns, Reaching safepoint: 360173 ns, Cleanup: 18477 ns, At safepoint: 35714 ns, Total: 414364 ns
[2025-10-15T04:58:06.244-0700][1246][info ][safepoint   ] Safepoint "Cleanup", Time since last: 10564605584 ns, Reaching safepoint: 370879 ns, Cleanup: 13250 ns, At safepoint: 54141 ns, Total: 438270 ns
[2025-10-15T04:58:19.245-0700][1246][info ][safepoint   ] Safepoint "Cleanup", Time since last: 13000997921 ns, Reaching safepoint: 414103 ns, Cleanup: 16986 ns, At safepoint: 64107 ns, Total: 495196 ns
[2025-10-15T04:58:21.246-0700][1246][info ][safepoint   ] Safepoint "Cleanup", Time since last: 2000184926 ns, Reaching safepoint: 362436 ns, Cleanup: 12519 ns, At safepoint: 36054 ns, Total: 411009 ns
[2025-10-15T04:58:22.246-0700][1246][info ][safepoint   ] Safepoint "Cleanup", Time since last: 1000099239 ns, Reaching safepoint: 370688 ns, Cleanup: 14452 ns, At safepoint: 35793 ns, Total: 420933 ns
[2025-10-15T04:58:24.247-0700][1246][info ][safepoint   ] Safepoint "Cleanup", Time since last: 2000186429 ns, Reaching safepoint: 413313 ns, Cleanup: 16414 ns, At safepoint: 56365 ns, Total: 486092 ns
[2025-10-15T04:58:28.248-0700][1246][info ][safepoint   ] Safepoint "Cleanup", Time since last: 4000339087 ns, Reaching safepoint: 412291 ns, Cleanup: 22354 ns, At safepoint: 54742 ns, Total: 489387 ns
[2025-10-15T04:58:29.248-0700][1246][info ][safepoint   ] Safepoint "Cleanup", Time since last: 1000131728 ns, Reaching safepoint: 429616 ns, Cleanup: 12770 ns, At safepoint: 44787 ns, Total: 487173 ns
[2025-10-15T04:58:30.249-0700][1246][info ][safepoint   ] Safepoint "Cleanup", Time since last: 1000123034 ns, Reaching safepoint: 418931 ns, Cleanup: 19540 ns, At safepoint: 55223 ns, Total: 493694 ns
[2025-10-15T04:58:34.250-0700][1246][info ][safepoint   ] Safepoint "Cleanup", Time since last: 4000368791 ns, Reaching safepoint: 363818 ns, Cleanup: 13711 ns, At safepoint: 36865 ns, Total: 414394 ns
[2025-10-15T04:58:52.252-0700][1246][info ][safepoint   ] Safepoint "Cleanup", Time since last: 18001350749 ns, Reaching safepoint: 409677 ns, Cleanup: 14182 ns, At safepoint: 56865 ns, Total: 480724 ns
[2025-10-15T04:58:55.252-0700][1246][info ][safepoint   ] Safepoint "Cleanup", Time since last: 3000235303 ns, Reaching safepoint: 365310 ns, Cleanup: 12439 ns, At safepoint: 35834 ns, Total: 413583 ns
[2025-10-15T04:59:02.264-0700][1246][info ][safepoint   ] Safepoint "Cleanup", Time since last: 7011046015 ns, Reaching safepoint: 359932 ns, Cleanup: 10877 ns, At safepoint: 36735 ns, Total: 407544 ns
[2025-10-15T04:59:19.266-0700][1246][info ][safepoint   ] Safepoint "Cleanup", Time since last: 17001235705 ns, Reaching safepoint: 419883 ns, Cleanup: 23625 ns, At safepoint: 56285 ns, Total: 499793 ns
[2025-10-15T04:59:21.266-0700][1246][info ][safepoint   ] Safepoint "Cleanup", Time since last: 2000208556 ns, Reaching safepoint: 360143 ns, Cleanup: 9874 ns, At safepoint: 35364 ns, Total: 405381 ns
[2025-10-15T04:59:22.267-0700][1246][info ][safepoint   ] Safepoint "Cleanup", Time since last: 1000137463 ns, Reaching safepoint: 409016 ns, Cleanup: 15353 ns, At safepoint: 55123 ns, Total: 479492 ns
[2025-10-15T04:59:23.267-0700][1246][info ][safepoint   ] Safepoint "Cleanup", Time since last: 1000133908 ns, Reaching safepoint: 420453 ns, Cleanup: 13580 ns, At safepoint: 56716 ns, Total: 490749 ns
[2025-10-15T04:59:30.269-0700][1246][info ][safepoint   ] Safepoint "Cleanup", Time since last: 7000620337 ns, Reaching safepoint: 418881 ns, Cleanup: 18297 ns, At safepoint: 55624 ns, Total: 492802 ns
[2025-10-15T04:59:35.269-0700][1246][info ][safepoint   ] Safepoint "Cleanup", Time since last: 5000414775 ns, Reaching safepoint: 421976 ns, Cleanup: 14501 ns, At safepoint: 58408 ns, Total: 494885 ns
[2025-10-15T04:59:47.271-0700][1246][info ][safepoint   ] Safepoint "Cleanup", Time since last: 12000973150 ns, Reaching safepoint: 359411 ns, Cleanup: 12829 ns, At safepoint: 36836 ns, Total: 409076 ns
[2025-10-15T04:59:59.272-0700][1246][info ][safepoint   ] Safepoint "Cleanup", Time since last: 12000863634 ns, Reaching safepoint: 404990 ns, Cleanup: 14432 ns, At safepoint: 56595 ns, Total: 476017 ns
[2025-10-15T05:00:01.284-0700][1246][info ][safepoint   ] Safepoint "Cleanup", Time since last: 2010907366 ns, Reaching safepoint: 441755 ns, Cleanup: 20110 ns, At safepoint: 58498 ns, Total: 520363 ns
[2025-10-15T05:00:15.454-0700][1246][info ][gc,start    ] GC(25) Pause Young (Normal) (G1 Evacuation Pause)
[2025-10-15T05:00:15.454-0700][1246][info ][gc,task     ] GC(25) Using 113 workers of 113 for evacuation
[2025-10-15T05:00:15.459-0700][1246][debug][gc,remset   ] GC(25) Visited cards 697856 Total dirty 2949120 (23.66%) Total old 40763392 (1.71%)
[2025-10-15T05:00:15.481-0700][1246][info ][gc,phases   ] GC(25)   Pre Evacuate Collection Set: 0.7ms
[2025-10-15T05:00:15.481-0700][1246][info ][gc,phases   ] GC(25)   Merge Heap Roots: 4.7ms
[2025-10-15T05:00:15.481-0700][1246][info ][gc,phases   ] GC(25)   Evacuate Collection Set: 18.8ms
[2025-10-15T05:00:15.481-0700][1246][info ][gc,phases   ] GC(25)   Post Evacuate Collection Set: 2.4ms
[2025-10-15T05:00:15.481-0700][1246][info ][gc,phases   ] GC(25)   Other: 0.1ms
[2025-10-15T05:00:15.481-0700][1246][debug][gc,remset   ] GC(25) Coarsening (recent): Inline->AoC 0 (0) AoC->Howl 0 (0) Howl->Full 0 (0) Inline->AoC 0 (0) AoC->BitMap 0 (0) BitMap->Full 0 (0) 
[2025-10-15T05:00:15.481-0700][1246][debug][gc,remset   ] GC(25) Coarsening (all): Inline->AoC 156 (0) AoC->Howl 37 (0) Howl->Full 0 (0) Inline->AoC 213 (0) AoC->BitMap 16 (0) BitMap->Full 0 (0) 
[2025-10-15T05:00:15.481-0700][1246][info ][gc,heap     ] GC(25) Eden regions: 257->0(252)
[2025-10-15T05:00:15.481-0700][1246][info ][gc,heap     ] GC(25) Survivor regions: 31->36(36)
[2025-10-15T05:00:15.481-0700][1246][info ][gc,heap     ] GC(25) Old regions: 46->51
[2025-10-15T05:00:15.481-0700][1246][info ][gc,heap     ] GC(25) Humongous regions: 0->0
[2025-10-15T05:00:15.481-0700][1246][info ][gc,metaspace] GC(25) Metaspace: 212502K(215040K)->212502K(215040K) NonClass: 187759K(189120K)->187759K(189120K) Class: 24743K(25920K)->24743K(25920K)
[2025-10-15T05:00:15.481-0700][1246][info ][gc          ] GC(25) Pause Young (Normal) (G1 Evacuation Pause) 10640M->2740M(184320M) 26.760ms
[2025-10-15T05:00:15.481-0700][1246][info ][gc,cpu      ] GC(25) User=2.28s Sys=0.00s Real=0.03s
[2025-10-15T05:00:15.481-0700][1246][info ][safepoint   ] Safepoint "G1CollectForAllocation", Time since last: 14169182100 ns, Reaching safepoint: 412671 ns, Cleanup: 6851 ns, At safepoint: 28308335 ns, Total: 28727857 ns
[2025-10-15T05:00:18.482-0700][1246][info ][safepoint   ] Safepoint "Cleanup", Time since last: 3000226349 ns, Reaching safepoint: 347363 ns, Cleanup: 9354 ns, At safepoint: 36325 ns, Total: 393042 ns
[2025-10-15T05:00:19.483-0700][1246][info ][safepoint   ] Safepoint "Cleanup", Time since last: 1000095420 ns, Reaching safepoint: 368194 ns, Cleanup: 17777 ns, At safepoint: 35383 ns, Total: 421354 ns
[2025-10-15T05:00:21.483-0700][1246][info ][safepoint   ] Safepoint "Cleanup", Time since last: 2000169337 ns, Reaching safepoint: 398731 ns, Cleanup: 10375 ns, At safepoint: 56636 ns, Total: 465742 ns
[2025-10-15T05:00:25.484-0700][1246][info ][safepoint   ] Safepoint "Cleanup", Time since last: 4000312044 ns, Reaching safepoint: 365410 ns, Cleanup: 13310 ns, At safepoint: 34783 ns, Total: 413503 ns
[2025-10-15T05:00:27.485-0700][1246][info ][safepoint   ] Safepoint "Cleanup", Time since last: 2000214125 ns, Reaching safepoint: 418750 ns, Cleanup: 14332 ns, At safepoint: 50756 ns, Total: 483838 ns
[2025-10-15T05:00:28.485-0700][1246][info ][safepoint   ] Safepoint "Cleanup", Time since last: 1000104293 ns, Reaching safepoint: 413974 ns, Cleanup: 13280 ns, At safepoint: 55583 ns, Total: 482837 ns
[2025-10-15T05:00:30.486-0700][1246][info ][safepoint   ] Safepoint "Cleanup", Time since last: 2000163429 ns, Reaching safepoint: 361484 ns, Cleanup: 12279 ns, At safepoint: 34742 ns, Total: 408505 ns
[2025-10-15T05:00:32.486-0700][1246][info ][safepoint   ] Safepoint "Cleanup", Time since last: 2000180684 ns, Reaching safepoint: 374003 ns, Cleanup: 12139 ns, At safepoint: 37045 ns, Total: 423187 ns
[2025-10-15T05:00:33.487-0700][1246][info ][safepoint   ] Safepoint "Cleanup", Time since last: 1000102731 ns, Reaching safepoint: 359211 ns, Cleanup: 13851 ns, At safepoint: 38989 ns, Total: 412051 ns
[2025-10-15T05:00:34.487-0700][1246][info ][safepoint   ] Safepoint "Cleanup", Time since last: 1000101188 ns, Reaching safepoint: 367574 ns, Cleanup: 11136 ns, At safepoint: 34723 ns, Total: 413433 ns
[2025-10-15T05:00:35.488-0700][1246][info ][safepoint   ] Safepoint "Cleanup", Time since last: 1000125685 ns, Reaching safepoint: 408826 ns, Cleanup: 18798 ns, At safepoint: 57737 ns, Total: 485361 ns
[2025-10-15T05:00:46.489-0700][1246][info ][safepoint   ] Safepoint "Cleanup", Time since last: 11000785060 ns, Reaching safepoint: 435395 ns, Cleanup: 19710 ns, At safepoint: 57397 ns, Total: 512502 ns
[2025-10-15T05:00:51.490-0700][1246][info ][safepoint   ] Safepoint "Cleanup", Time since last: 5000394434 ns, Reaching safepoint: 380363 ns, Cleanup: 10175 ns, At safepoint: 36265 ns, Total: 426803 ns
[2025-10-15T05:01:01.304-0700][1246][info ][safepoint   ] Safepoint "Cleanup", Time since last: 9813403647 ns, Reaching safepoint: 360182 ns, Cleanup: 17306 ns, At safepoint: 34742 ns, Total: 412230 ns
[2025-10-15T05:01:16.306-0700][1246][info ][safepoint   ] Safepoint "Cleanup", Time since last: 15001104566 ns, Reaching safepoint: 427884 ns, Cleanup: 13621 ns, At safepoint: 58538 ns, Total: 500043 ns
[2025-10-15T05:01:19.306-0700][1246][info ][safepoint   ] Safepoint "Cleanup", Time since last: 3000284246 ns, Reaching safepoint: 370078 ns, Cleanup: 14672 ns, At safepoint: 54502 ns, Total: 439252 ns
[2025-10-15T05:01:22.307-0700][1246][info ][safepoint   ] Safepoint "Cleanup", Time since last: 3000249003 ns, Reaching safepoint: 387594 ns, Cleanup: 12068 ns, At safepoint: 58508 ns, Total: 458170 ns
[2025-10-15T05:01:46.309-0700][1246][info ][safepoint   ] Safepoint "Cleanup", Time since last: 24001870384 ns, Reaching safepoint: 388285 ns, Cleanup: 12178 ns, At safepoint: 56245 ns, Total: 456708 ns
[2025-10-15T05:01:52.310-0700][1246][info ][safepoint   ] Safepoint "Cleanup", Time since last: 6000424887 ns, Reaching safepoint: 410007 ns, Cleanup: 32159 ns, At safepoint: 55533 ns, Total: 497699 ns
[2025-10-15T05:01:53.311-0700][1246][info ][safepoint   ] Safepoint "Cleanup", Time since last: 1000098154 ns, Reaching safepoint: 360473 ns, Cleanup: 13761 ns, At safepoint: 34051 ns, Total: 408285 ns
[2025-10-15T05:02:00.312-0700][1246][info ][safepoint   ] Safepoint "Cleanup", Time since last: 7000520086 ns, Reaching safepoint: 361535 ns, Cleanup: 14822 ns, At safepoint: 37436 ns, Total: 413793 ns
[2025-10-15T05:02:10.325-0700][1246][info ][safepoint   ] Safepoint "Cleanup", Time since last: 10013232166 ns, Reaching safepoint: 370838 ns, Cleanup: 18358 ns, At safepoint: 36896 ns, Total: 426092 ns
[2025-10-15T05:02:11.326-0700][1246][info ][safepoint   ] Safepoint "Cleanup", Time since last: 1000102300 ns, Reaching safepoint: 359511 ns, Cleanup: 15393 ns, At safepoint: 45689 ns, Total: 420593 ns
[2025-10-15T05:02:17.327-0700][1246][info ][safepoint   ] Safepoint "Cleanup", Time since last: 6000434842 ns, Reaching safepoint: 362105 ns, Cleanup: 13651 ns, At safepoint: 35002 ns, Total: 410758 ns
[2025-10-15T05:02:19.327-0700][1246][info ][safepoint   ] Safepoint "Cleanup", Time since last: 2000187505 ns, Reaching safepoint: 422747 ns, Cleanup: 19188 ns, At safepoint: 55374 ns, Total: 497309 ns
[2025-10-15T05:02:20.328-0700][1246][info ][safepoint   ] Safepoint "Cleanup", Time since last: 1000109341 ns, Reaching safepoint: 403147 ns, Cleanup: 20491 ns, At safepoint: 56455 ns, Total: 480093 ns
[2025-10-15T05:02:22.329-0700][1246][info ][safepoint   ] Safepoint "Cleanup", Time since last: 2000170078 ns, Reaching safepoint: 416046 ns, Cleanup: 12129 ns, At safepoint: 59700 ns, Total: 487875 ns
[2025-10-15T05:02:23.329-0700][1246][info ][safepoint   ] Safepoint "Cleanup", Time since last: 1000125915 ns, Reaching safepoint: 424099 ns, Cleanup: 15053 ns, At safepoint: 61783 ns, Total: 500935 ns
[2025-10-15T05:02:29.330-0700][1246][info ][safepoint   ] Safepoint "Cleanup", Time since last: 6000476584 ns, Reaching safepoint: 436958 ns, Cleanup: 16375 ns, At safepoint: 61603 ns, Total: 514936 ns
[2025-10-15T05:02:32.331-0700][1246][info ][safepoint   ] Safepoint "Cleanup", Time since last: 3000232768 ns, Reaching safepoint: 362797 ns, Cleanup: 14211 ns, At safepoint: 34863 ns, Total: 411871 ns
[2025-10-15T05:02:40.332-0700][1246][info ][safepoint   ] Safepoint "Cleanup", Time since last: 8000603217 ns, Reaching safepoint: 411860 ns, Cleanup: 19089 ns, At safepoint: 47712 ns, Total: 478661 ns
[2025-10-15T05:02:46.333-0700][1246][info ][safepoint   ] Safepoint "Cleanup", Time since last: 6000468402 ns, Reaching safepoint: 411540 ns, Cleanup: 18508 ns, At safepoint: 56365 ns, Total: 486413 ns
[2025-10-15T05:02:52.334-0700][1246][info ][safepoint   ] Safepoint "Cleanup", Time since last: 6000483194 ns, Reaching safepoint: 417258 ns, Cleanup: 36796 ns, At safepoint: 59069 ns, Total: 513123 ns
[2025-10-15T05:02:53.752-0700][1246][info ][safepoint   ] Safepoint "ICBufferFull", Time since last: 1417822366 ns, Reaching safepoint: 362105 ns, Cleanup: 186892 ns, At safepoint: 38768 ns, Total: 587765 ns
[2025-10-15T05:02:54.753-0700][1246][info ][safepoint   ] Safepoint "Cleanup", Time since last: 1000096031 ns, Reaching safepoint: 358850 ns, Cleanup: 54302 ns, At safepoint: 34853 ns, Total: 448005 ns
[2025-10-15T05:02:55.753-0700][1246][info ][safepoint   ] Safepoint "Cleanup", Time since last: 1000093967 ns, Reaching safepoint: 365521 ns, Cleanup: 30285 ns, At safepoint: 35353 ns, Total: 431159 ns
[2025-10-15T05:02:56.754-0700][1246][info ][safepoint   ] Safepoint "Cleanup", Time since last: 1000094699 ns, Reaching safepoint: 362716 ns, Cleanup: 17467 ns, At safepoint: 36745 ns, Total: 416928 ns
[2025-10-15T05:02:57.755-0700][1246][info ][safepoint   ] Safepoint "Cleanup", Time since last: 1000100097 ns, Reaching safepoint: 430117 ns, Cleanup: 31638 ns, At safepoint: 56365 ns, Total: 518120 ns
[2025-10-15T05:02:59.755-0700][1246][info ][safepoint   ] Safepoint "Cleanup", Time since last: 2000158912 ns, Reaching safepoint: 358059 ns, Cleanup: 19729 ns, At safepoint: 34032 ns, Total: 411820 ns
[2025-10-15T05:03:01.346-0700][1246][info ][safepoint   ] Safepoint "Cleanup", Time since last: 1589869654 ns, Reaching safepoint: 415005 ns, Cleanup: 46480 ns, At safepoint: 56555 ns, Total: 518040 ns
[2025-10-15T05:03:02.346-0700][1246][info ][safepoint   ] Safepoint "Cleanup", Time since last: 1000126737 ns, Reaching safepoint: 419442 ns, Cleanup: 42594 ns, At safepoint: 57486 ns, Total: 519522 ns
[2025-10-15T05:03:02.666-0700][1246][info ][gc,start    ] GC(26) Pause Young (Normal) (G1 Evacuation Pause)
[2025-10-15T05:03:02.666-0700][1246][info ][gc,task     ] GC(26) Using 113 workers of 113 for evacuation
[2025-10-15T05:03:02.672-0700][1246][debug][gc,remset   ] GC(26) Visited cards 713472 Total dirty 3276800 (21.77%) Total old 41091072 (1.74%)
[2025-10-15T05:03:02.695-0700][1246][info ][gc,phases   ] GC(26)   Pre Evacuate Collection Set: 0.7ms
[2025-10-15T05:03:02.695-0700][1246][info ][gc,phases   ] GC(26)   Merge Heap Roots: 4.9ms
[2025-10-15T05:03:02.695-0700][1246][info ][gc,phases   ] GC(26)   Evacuate Collection Set: 20.4ms
[2025-10-15T05:03:02.695-0700][1246][info ][gc,phases   ] GC(26)   Post Evacuate Collection Set: 2.4ms
[2025-10-15T05:03:02.695-0700][1246][info ][gc,phases   ] GC(26)   Other: 0.1ms
[2025-10-15T05:03:02.695-0700][1246][debug][gc,remset   ] GC(26) Coarsening (recent): Inline->AoC 0 (0) AoC->Howl 0 (0) Howl->Full 0 (0) Inline->AoC 0 (0) AoC->BitMap 0 (0) BitMap->Full 0 (0) 
[2025-10-15T05:03:02.695-0700][1246][debug][gc,remset   ] GC(26) Coarsening (all): Inline->AoC 156 (0) AoC->Howl 37 (0) Howl->Full 0 (0) Inline->AoC 213 (0) AoC->BitMap 16 (0) BitMap->Full 0 (0) 
[2025-10-15T05:03:02.695-0700][1246][info ][gc,heap     ] GC(26) Eden regions: 252->0(942)
[2025-10-15T05:03:02.695-0700][1246][info ][gc,heap     ] GC(26) Survivor regions: 36->32(36)
[2025-10-15T05:03:02.695-0700][1246][info ][gc,heap     ] GC(26) Old regions: 51->61
[2025-10-15T05:03:02.695-0700][1246][info ][gc,heap     ] GC(26) Humongous regions: 0->0
[2025-10-15T05:03:02.695-0700][1246][info ][gc,metaspace] GC(26) Metaspace: 213435K(215936K)->213435K(215936K) NonClass: 188646K(189952K)->188646K(189952K) Class: 24789K(25984K)->24789K(25984K)
[2025-10-15T05:03:02.695-0700][1246][info ][gc          ] GC(26) Pause Young (Normal) (G1 Evacuation Pause) 10804M->2964M(184320M) 28.665ms
[2025-10-15T05:03:02.695-0700][1246][info ][gc,cpu      ] GC(26) User=2.23s Sys=0.02s Real=0.03s
[2025-10-15T05:03:02.695-0700][1246][info ][safepoint   ] Safepoint "G1CollectForAllocation", Time since last: 318573919 ns, Reaching safepoint: 407874 ns, Cleanup: 4557 ns, At safepoint: 30237870 ns, Total: 30650301 ns
[2025-10-15T05:03:03.696-0700][1246][info ][safepoint   ] Safepoint "Cleanup", Time since last: 1000105335 ns, Reaching safepoint: 415746 ns, Cleanup: 29083 ns, At safepoint: 56736 ns, Total: 501565 ns
[2025-10-15T05:03:04.697-0700][1246][info ][safepoint   ] Safepoint "Cleanup", Time since last: 1000103271 ns, Reaching safepoint: 370128 ns, Cleanup: 18478 ns, At safepoint: 36555 ns, Total: 425161 ns
[2025-10-15T05:03:06.697-0700][1246][info ][safepoint   ] Safepoint "Cleanup", Time since last: 2000174855 ns, Reaching safepoint: 388075 ns, Cleanup: 11887 ns, At safepoint: 34703 ns, Total: 434665 ns
[2025-10-15T05:03:07.698-0700][1246][info ][safepoint   ] Safepoint "Cleanup", Time since last: 1000121579 ns, Reaching safepoint: 415345 ns, Cleanup: 16545 ns, At safepoint: 56896 ns, Total: 488786 ns
[2025-10-15T05:03:09.699-0700][1246][info ][safepoint   ] Safepoint "Cleanup", Time since last: 2000204420 ns, Reaching safepoint: 429477 ns, Cleanup: 28072 ns, At safepoint: 57366 ns, Total: 514915 ns
[2025-10-15T05:03:10.699-0700][1246][info ][safepoint   ] Safepoint "Cleanup", Time since last: 1000129492 ns, Reaching safepoint: 412681 ns, Cleanup: 13640 ns, At safepoint: 37186 ns, Total: 463507 ns
[2025-10-15T05:03:11.700-0700][1246][info ][safepoint   ] Safepoint "Cleanup", Time since last: 1000131695 ns, Reaching safepoint: 415065 ns, Cleanup: 17356 ns, At safepoint: 60351 ns, Total: 492772 ns
[2025-10-15T05:03:12.700-0700][1246][info ][safepoint   ] Safepoint "Cleanup", Time since last: 1000136241 ns, Reaching safepoint: 437489 ns, Cleanup: 16515 ns, At safepoint: 61112 ns, Total: 515116 ns
[2025-10-15T05:03:13.701-0700][1246][info ][safepoint   ] Safepoint "Cleanup", Time since last: 1000131935 ns, Reaching safepoint: 414524 ns, Cleanup: 18928 ns, At safepoint: 56265 ns, Total: 489717 ns
[2025-10-15T05:03:15.702-0700][1246][info ][safepoint   ] Safepoint "Cleanup", Time since last: 2000198702 ns, Reaching safepoint: 418390 ns, Cleanup: 12288 ns, At safepoint: 54172 ns, Total: 484850 ns
[2025-10-15T05:03:16.702-0700][1246][info ][safepoint   ] Safepoint "Cleanup", Time since last: 1000126727 ns, Reaching safepoint: 434374 ns, Cleanup: 12158 ns, At safepoint: 57507 ns, Total: 504039 ns
[2025-10-15T05:03:17.703-0700][1246][info ][safepoint   ] Safepoint "Cleanup", Time since last: 1000144664 ns, Reaching safepoint: 414043 ns, Cleanup: 20441 ns, At safepoint: 57246 ns, Total: 491730 ns
[2025-10-15T05:03:18.704-0700][1246][info ][safepoint   ] Safepoint "Cleanup", Time since last: 1000129711 ns, Reaching safepoint: 418120 ns, Cleanup: 27692 ns, At safepoint: 58758 ns, Total: 504570 ns
[2025-10-15T05:03:19.704-0700][1246][info ][safepoint   ] Safepoint "Cleanup", Time since last: 1000118645 ns, Reaching safepoint: 365420 ns, Cleanup: 19329 ns, At safepoint: 36295 ns, Total: 421044 ns
[2025-10-15T05:03:21.705-0700][1246][info ][safepoint   ] Safepoint "Cleanup", Time since last: 2000202657 ns, Reaching safepoint: 409868 ns, Cleanup: 22383 ns, At safepoint: 57186 ns, Total: 489437 ns
[2025-10-15T05:03:25.706-0700][1246][info ][safepoint   ] Safepoint "Cleanup", Time since last: 4000381810 ns, Reaching safepoint: 420293 ns, Cleanup: 15193 ns, At safepoint: 57306 ns, Total: 492792 ns
[2025-10-15T05:03:27.706-0700][1246][info ][safepoint   ] Safepoint "Cleanup", Time since last: 2000193944 ns, Reaching safepoint: 427594 ns, Cleanup: 18999 ns, At safepoint: 58067 ns, Total: 504660 ns
[2025-10-15T05:03:28.707-0700][1246][info ][safepoint   ] Safepoint "Cleanup", Time since last: 1000115060 ns, Reaching safepoint: 362886 ns, Cleanup: 12980 ns, At safepoint: 34532 ns, Total: 410398 ns
[2025-10-15T05:03:29.708-0700][1246][info ][safepoint   ] Safepoint "Cleanup", Time since last: 1000106035 ns, Reaching safepoint: 425261 ns, Cleanup: 19599 ns, At safepoint: 56305 ns, Total: 501165 ns
[2025-10-15T05:03:31.708-0700][1246][info ][safepoint   ] Safepoint "Cleanup", Time since last: 2000198599 ns, Reaching safepoint: 359101 ns, Cleanup: 17726 ns, At safepoint: 37277 ns, Total: 414104 ns
[2025-10-15T05:03:33.709-0700][1246][info ][safepoint   ] Safepoint "Cleanup", Time since last: 2000212482 ns, Reaching safepoint: 418600 ns, Cleanup: 24657 ns, At safepoint: 57226 ns, Total: 500483 ns
[2025-10-15T05:03:35.710-0700][1246][info ][safepoint   ] Safepoint "Cleanup", Time since last: 2000189718 ns, Reaching safepoint: 469027 ns, Cleanup: 18628 ns, At safepoint: 56965 ns, Total: 544620 ns
[2025-10-15T05:03:38.710-0700][1246][info ][safepoint   ] Safepoint "Cleanup", Time since last: 3000273721 ns, Reaching safepoint: 427814 ns, Cleanup: 13741 ns, At safepoint: 55884 ns, Total: 497439 ns
[2025-10-15T05:03:39.711-0700][1246][info ][safepoint   ] Safepoint "Cleanup", Time since last: 1000131795 ns, Reaching safepoint: 412871 ns, Cleanup: 17947 ns, At safepoint: 56375 ns, Total: 487193 ns
[2025-10-15T05:03:40.712-0700][1246][info ][safepoint   ] Safepoint "Cleanup", Time since last: 1000121950 ns, Reaching safepoint: 402907 ns, Cleanup: 19329 ns, At safepoint: 38698 ns, Total: 460934 ns
[2025-10-15T05:03:41.712-0700][1246][info ][safepoint   ] Safepoint "Cleanup", Time since last: 1000103212 ns, Reaching safepoint: 384058 ns, Cleanup: 18137 ns, At safepoint: 35804 ns, Total: 437999 ns
[2025-10-15T05:03:42.713-0700][1246][info ][safepoint   ] Safepoint "Cleanup", Time since last: 1000146297 ns, Reaching safepoint: 415115 ns, Cleanup: 16254 ns, At safepoint: 58138 ns, Total: 489507 ns
[2025-10-15T05:03:43.713-0700][1246][info ][safepoint   ] Safepoint "Cleanup", Time since last: 1000103622 ns, Reaching safepoint: 373783 ns, Cleanup: 16304 ns, At safepoint: 35964 ns, Total: 426051 ns
[2025-10-15T05:03:51.714-0700][1246][info ][safepoint   ] Safepoint "Cleanup", Time since last: 8000649217 ns, Reaching safepoint: 423198 ns, Cleanup: 11457 ns, At safepoint: 60451 ns, Total: 495106 ns
[2025-10-15T05:03:55.715-0700][1246][info ][safepoint   ] Safepoint "Cleanup", Time since last: 4000332926 ns, Reaching safepoint: 362065 ns, Cleanup: 20801 ns, At safepoint: 36014 ns, Total: 418880 ns
[2025-10-15T05:03:57.716-0700][1246][info ][safepoint   ] Safepoint "Cleanup", Time since last: 2000197320 ns, Reaching safepoint: 411029 ns, Cleanup: 18468 ns, At safepoint: 57186 ns, Total: 486683 ns
[2025-10-15T05:04:00.366-0700][1246][info ][safepoint   ] Safepoint "Cleanup", Time since last: 2649470063 ns, Reaching safepoint: 191728 ns, Cleanup: 10566 ns, At safepoint: 34532 ns, Total: 236826 ns
[2025-10-15T05:04:02.366-0700][1246][info ][safepoint   ] Safepoint "Cleanup", Time since last: 2000175857 ns, Reaching safepoint: 361495 ns, Cleanup: 12729 ns, At safepoint: 41613 ns, Total: 415837 ns
[2025-10-15T05:04:03.367-0700][1246][info ][safepoint   ] Safepoint "Cleanup", Time since last: 1000120737 ns, Reaching safepoint: 422527 ns, Cleanup: 13109 ns, At safepoint: 57317 ns, Total: 492953 ns
[2025-10-15T05:04:04.367-0700][1246][info ][safepoint   ] Safepoint "Cleanup", Time since last: 1000131554 ns, Reaching safepoint: 441024 ns, Cleanup: 14652 ns, At safepoint: 57336 ns, Total: 513012 ns
[2025-10-15T05:04:05.368-0700][1246][info ][safepoint   ] Safepoint "Cleanup", Time since last: 1000106377 ns, Reaching safepoint: 412040 ns, Cleanup: 16896 ns, At safepoint: 59259 ns, Total: 488195 ns
[2025-10-15T05:04:09.369-0700][1246][info ][safepoint   ] Safepoint "Cleanup", Time since last: 4000327367 ns, Reaching safepoint: 416087 ns, Cleanup: 16965 ns, At safepoint: 59590 ns, Total: 492642 ns
[2025-10-15T05:04:10.369-0700][1246][info ][safepoint   ] Safepoint "Cleanup", Time since last: 1000126847 ns, Reaching safepoint: 429697 ns, Cleanup: 18228 ns, At safepoint: 56745 ns, Total: 504670 ns
[2025-10-15T05:04:15.370-0700][1246][info ][safepoint   ] Safepoint "Cleanup", Time since last: 5000422427 ns, Reaching safepoint: 428525 ns, Cleanup: 18058 ns, At safepoint: 60431 ns, Total: 507014 ns
[2025-10-15T05:04:21.371-0700][1246][info ][safepoint   ] Safepoint "Cleanup", Time since last: 6000449704 ns, Reaching safepoint: 442226 ns, Cleanup: 16284 ns, At safepoint: 58318 ns, Total: 516828 ns
[2025-10-15T05:04:22.372-0700][1246][info ][safepoint   ] Safepoint "Cleanup", Time since last: 1000130573 ns, Reaching safepoint: 416096 ns, Cleanup: 13210 ns, At safepoint: 58829 ns, Total: 488135 ns
[2025-10-15T05:04:28.373-0700][1246][info ][safepoint   ] Safepoint "Cleanup", Time since last: 6000487871 ns, Reaching safepoint: 414284 ns, Cleanup: 23736 ns, At safepoint: 57216 ns, Total: 495236 ns
[2025-10-15T05:04:29.374-0700][1246][info ][safepoint   ] Safepoint "Cleanup", Time since last: 1000112636 ns, Reaching safepoint: 440303 ns, Cleanup: 14612 ns, At safepoint: 58728 ns, Total: 513643 ns
[2025-10-15T05:04:30.374-0700][1246][info ][safepoint   ] Safepoint "Cleanup", Time since last: 1000109101 ns, Reaching safepoint: 419431 ns, Cleanup: 28032 ns, At safepoint: 57677 ns, Total: 505140 ns
[2025-10-15T05:04:34.375-0700][1246][info ][safepoint   ] Safepoint "Cleanup", Time since last: 4000385595 ns, Reaching safepoint: 403478 ns, Cleanup: 18548 ns, At safepoint: 36134 ns, Total: 458160 ns
[2025-10-15T05:04:36.376-0700][1246][info ][safepoint   ] Safepoint "Cleanup", Time since last: 2000212232 ns, Reaching safepoint: 426142 ns, Cleanup: 15313 ns, At safepoint: 56345 ns, Total: 497800 ns
[2025-10-15T05:04:39.376-0700][1246][info ][safepoint   ] Safepoint "Cleanup", Time since last: 3000257446 ns, Reaching safepoint: 379832 ns, Cleanup: 11076 ns, At safepoint: 38208 ns, Total: 429116 ns
[2025-10-15T05:04:40.377-0700][1246][info ][safepoint   ] Safepoint "Cleanup", Time since last: 1000121709 ns, Reaching safepoint: 413062 ns, Cleanup: 20011 ns, At safepoint: 60110 ns, Total: 493183 ns
[2025-10-15T05:04:42.378-0700][1246][info ][safepoint   ] Safepoint "Cleanup", Time since last: 2000187675 ns, Reaching safepoint: 360393 ns, Cleanup: 20791 ns, At safepoint: 35023 ns, Total: 416207 ns
[2025-10-15T05:04:44.378-0700][1246][info ][safepoint   ] Safepoint "Cleanup", Time since last: 2000182527 ns, Reaching safepoint: 407493 ns, Cleanup: 15864 ns, At safepoint: 35824 ns, Total: 459181 ns
[2025-10-15T05:04:48.379-0700][1246][info ][safepoint   ] Safepoint "Cleanup", Time since last: 4000317643 ns, Reaching safepoint: 363748 ns, Cleanup: 13460 ns, At safepoint: 34422 ns, Total: 411630 ns
[2025-10-15T05:04:49.380-0700][1246][info ][safepoint   ] Safepoint "Cleanup", Time since last: 1000090993 ns, Reaching safepoint: 366822 ns, Cleanup: 14272 ns, At safepoint: 38718 ns, Total: 419812 ns
[2025-10-15T05:04:51.380-0700][1246][info ][safepoint   ] Safepoint "Cleanup", Time since last: 2000205772 ns, Reaching safepoint: 413823 ns, Cleanup: 13461 ns, At safepoint: 55263 ns, Total: 482547 ns
[2025-10-15T05:04:55.381-0700][1246][info ][safepoint   ] Safepoint "Cleanup", Time since last: 4000361679 ns, Reaching safepoint: 413793 ns, Cleanup: 14262 ns, At safepoint: 55193 ns, Total: 483248 ns
[2025-10-15T05:04:57.382-0700][1246][info ][safepoint   ] Safepoint "Cleanup", Time since last: 2000172983 ns, Reaching safepoint: 373502 ns, Cleanup: 82504 ns, At safepoint: 71548 ns, Total: 527554 ns
[2025-10-15T05:04:57.438-0700][1246][info ][safepoint   ] Safepoint "ICBufferFull", Time since last: 55384114 ns, Reaching safepoint: 499151 ns, Cleanup: 174203 ns, At safepoint: 91998 ns, Total: 765352 ns
[2025-10-15T05:04:57.438-0700][1246][info ][safepoint   ] Safepoint "ICBufferFull", Time since last: 65699 ns, Reaching safepoint: 169065 ns, Cleanup: 1232 ns, At safepoint: 98508 ns, Total: 268805 ns
[2025-10-15T05:04:57.598-0700][1246][info ][safepoint   ] Safepoint "ICBufferFull", Time since last: 157543649 ns, Reaching safepoint: 2202977 ns, Cleanup: 186411 ns, At safepoint: 58498 ns, Total: 2447886 ns
[2025-10-15T05:04:57.599-0700][1246][info ][safepoint   ] Safepoint "ICBufferFull", Time since last: 69425 ns, Reaching safepoint: 143636 ns, Cleanup: 3064 ns, At safepoint: 48774 ns, Total: 195474 ns
[2025-10-15T05:04:57.599-0700][1246][info ][safepoint   ] Safepoint "ICBufferFull", Time since last: 25779 ns, Reaching safepoint: 119530 ns, Cleanup: 981 ns, At safepoint: 41703 ns, Total: 162214 ns
[2025-10-15T05:04:57.599-0700][1246][info ][safepoint   ] Safepoint "ICBufferFull", Time since last: 24958 ns, Reaching safepoint: 116315 ns, Cleanup: 2834 ns, At safepoint: 45919 ns, Total: 165068 ns
[2025-10-15T05:04:57.599-0700][1246][info ][safepoint   ] Safepoint "ICBufferFull", Time since last: 25549 ns, Reaching safepoint: 117256 ns, Cleanup: 3055 ns, At safepoint: 42574 ns, Total: 162885 ns
[2025-10-15T05:04:57.599-0700][1246][info ][safepoint   ] Safepoint "ICBufferFull", Time since last: 18828 ns, Reaching safepoint: 116065 ns, Cleanup: 1092 ns, At safepoint: 49875 ns, Total: 167032 ns
[2025-10-15T05:04:57.599-0700][1246][info ][safepoint   ] Safepoint "ICBufferFull", Time since last: 24727 ns, Reaching safepoint: 116345 ns, Cleanup: 1172 ns, At safepoint: 43015 ns, Total: 160532 ns
[2025-10-15T05:04:57.600-0700][1246][info ][safepoint   ] Safepoint "ICBufferFull", Time since last: 21652 ns, Reaching safepoint: 117617 ns, Cleanup: 1242 ns, At safepoint: 42965 ns, Total: 161824 ns
[2025-10-15T05:04:57.600-0700][1246][info ][safepoint   ] Safepoint "ICBufferFull", Time since last: 21462 ns, Reaching safepoint: 223897 ns, Cleanup: 1182 ns, At safepoint: 44557 ns, Total: 269636 ns
[2025-10-15T05:04:57.600-0700][1246][info ][safepoint   ] Safepoint "ICBufferFull", Time since last: 20631 ns, Reaching safepoint: 247603 ns, Cleanup: 6179 ns, At safepoint: 51338 ns, Total: 305120 ns
[2025-10-15T05:04:57.601-0700][1246][info ][safepoint   ] Safepoint "ICBufferFull", Time since last: 32038 ns, Reaching safepoint: 296516 ns, Cleanup: 671 ns, At safepoint: 42645 ns, Total: 339832 ns
[2025-10-15T05:04:57.601-0700][1246][info ][safepoint   ] Safepoint "ICBufferFull", Time since last: 18417 ns, Reaching safepoint: 505582 ns, Cleanup: 3204 ns, At safepoint: 41483 ns, Total: 550269 ns
[2025-10-15T05:04:57.601-0700][1246][info ][safepoint   ] Safepoint "ICBufferFull", Time since last: 26269 ns, Reaching safepoint: 121654 ns, Cleanup: 811 ns, At safepoint: 41633 ns, Total: 164098 ns
[2025-10-15T05:04:57.935-0700][1246][info ][safepoint   ] Safepoint "ICBufferFull", Time since last: 332597854 ns, Reaching safepoint: 424189 ns, Cleanup: 119680 ns, At safepoint: 98579 ns, Total: 642448 ns
[2025-10-15T05:04:58.350-0700][1246][info ][safepoint   ] Safepoint "ICBufferFull", Time since last: 414702793 ns, Reaching safepoint: 480563 ns, Cleanup: 140572 ns, At safepoint: 86861 ns, Total: 707996 ns
[2025-10-15T05:04:58.351-0700][1246][info ][safepoint   ] Safepoint "ICBufferFull", Time since last: 70816 ns, Reaching safepoint: 598121 ns, Cleanup: 2704 ns, At safepoint: 79299 ns, Total: 680124 ns
[2025-10-15T05:04:58.476-0700][1246][info ][safepoint   ] Safepoint "ICBufferFull", Time since last: 124292913 ns, Reaching safepoint: 395926 ns, Cleanup: 134743 ns, At safepoint: 100201 ns, Total: 630870 ns
[2025-10-15T05:04:58.543-0700][1246][info ][safepoint   ] Safepoint "ICBufferFull", Time since last: 66149583 ns, Reaching safepoint: 508075 ns, Cleanup: 192490 ns, At safepoint: 134413 ns, Total: 834978 ns
[2025-10-15T05:04:58.543-0700][1246][info ][safepoint   ] Safepoint "ICBufferFull", Time since last: 75523 ns, Reaching safepoint: 265640 ns, Cleanup: 4347 ns, At safepoint: 89945 ns, Total: 359932 ns
[2025-10-15T05:04:58.543-0700][1246][info ][safepoint   ] Safepoint "ICBufferFull", Time since last: 38388 ns, Reaching safepoint: 223967 ns, Cleanup: 6160 ns, At safepoint: 85989 ns, Total: 316116 ns
[2025-10-15T05:04:58.544-0700][1246][info ][safepoint   ] Safepoint "ICBufferFull", Time since last: 34522 ns, Reaching safepoint: 195244 ns, Cleanup: 1312 ns, At safepoint: 82735 ns, Total: 279291 ns
[2025-10-15T05:04:58.544-0700][1246][info ][safepoint   ] Safepoint "ICBufferFull", Time since last: 32679 ns, Reaching safepoint: 463898 ns, Cleanup: 5479 ns, At safepoint: 85218 ns, Total: 554595 ns
[2025-10-15T05:04:58.588-0700][1246][info ][safepoint   ] Safepoint "ICBufferFull", Time since last: 42732834 ns, Reaching safepoint: 446903 ns, Cleanup: 168193 ns, At safepoint: 97918 ns, Total: 713014 ns
[2025-10-15T05:04:58.644-0700][1246][info ][safepoint   ] Safepoint "ICBufferFull", Time since last: 55195550 ns, Reaching safepoint: 398260 ns, Cleanup: 210917 ns, At safepoint: 79370 ns, Total: 688547 ns
[2025-10-15T05:04:58.731-0700][1246][info ][safepoint   ] Safepoint "ICBufferFull", Time since last: 82208554 ns, Reaching safepoint: 4547117 ns, Cleanup: 181253 ns, At safepoint: 64937 ns, Total: 4793307 ns
[2025-10-15T05:04:58.943-0700][1246][info ][safepoint   ] Safepoint "ICBufferFull", Time since last: 212014448 ns, Reaching safepoint: 456197 ns, Cleanup: 195014 ns, At safepoint: 60912 ns, Total: 712123 ns
[2025-10-15T05:04:59.152-0700][1246][info ][safepoint   ] Safepoint "ICBufferFull", Time since last: 205149390 ns, Reaching safepoint: 2593706 ns, Cleanup: 234202 ns, At safepoint: 90226 ns, Total: 2918134 ns
[2025-10-15T05:04:59.154-0700][1246][info ][safepoint   ] Safepoint "ICBufferFull", Time since last: 66901 ns, Reaching safepoint: 2289197 ns, Cleanup: 3335 ns, At safepoint: 65118 ns, Total: 2357650 ns
[2025-10-15T05:05:00.155-0700][1246][info ][safepoint   ] Safepoint "Cleanup", Time since last: 1000084453 ns, Reaching safepoint: 461175 ns, Cleanup: 166270 ns, At safepoint: 50466 ns, Total: 677911 ns
[2025-10-15T05:05:00.685-0700][1246][info ][safepoint   ] Safepoint "ICBufferFull", Time since last: 529155529 ns, Reaching safepoint: 466082 ns, Cleanup: 178138 ns, At safepoint: 56665 ns, Total: 700885 ns
[2025-10-15T05:05:00.793-0700][1246][info ][safepoint   ] Safepoint "ICBufferFull", Time since last: 107485906 ns, Reaching safepoint: 543698 ns, Cleanup: 166351 ns, At safepoint: 95954 ns, Total: 806003 ns
[2025-10-15T05:05:00.839-0700][1246][info ][safepoint   ] Safepoint "ICBufferFull", Time since last: 41620750 ns, Reaching safepoint: 4681659 ns, Cleanup: 199821 ns, At safepoint: 127472 ns, Total: 5008952 ns
[2025-10-15T05:05:00.898-0700][1246][info ][safepoint   ] Safepoint "ICBufferFull", Time since last: 56070137 ns, Reaching safepoint: 2556860 ns, Cleanup: 195524 ns, At safepoint: 83666 ns, Total: 2836050 ns
[2025-10-15T05:05:00.943-0700][1246][info ][safepoint   ] Safepoint "ICBufferFull", Time since last: 44218201 ns, Reaching safepoint: 460874 ns, Cleanup: 207553 ns, At safepoint: 81012 ns, Total: 749439 ns
[2025-10-15T05:05:01.014-0700][1246][info ][safepoint   ] Safepoint "ICBufferFull", Time since last: 69835003 ns, Reaching safepoint: 481244 ns, Cleanup: 200883 ns, At safepoint: 85459 ns, Total: 767586 ns
[2025-10-15T05:05:01.081-0700][1246][info ][safepoint   ] Safepoint "ICBufferFull", Time since last: 64420610 ns, Reaching safepoint: 2542989 ns, Cleanup: 188834 ns, At safepoint: 79961 ns, Total: 2811784 ns
[2025-10-15T05:05:01.097-0700][1246][info ][safepoint   ] Safepoint "ICBufferFull", Time since last: 9942841 ns, Reaching safepoint: 5825512 ns, Cleanup: 52168 ns, At safepoint: 118369 ns, Total: 5996049 ns
[2025-10-15T05:05:01.143-0700][1246][info ][safepoint   ] Safepoint "ICBufferFull", Time since last: 44644502 ns, Reaching safepoint: 520003 ns, Cleanup: 162535 ns, At safepoint: 111789 ns, Total: 794327 ns
[2025-10-15T05:05:01.143-0700][1246][info ][safepoint   ] Safepoint "ICBufferFull", Time since last: 52789 ns, Reaching safepoint: 303527 ns, Cleanup: 10576 ns, At safepoint: 80151 ns, Total: 394254 ns
[2025-10-15T05:05:01.194-0700][1246][info ][safepoint   ] Safepoint "ICBufferFull", Time since last: 50377635 ns, Reaching safepoint: 502577 ns, Cleanup: 188774 ns, At safepoint: 129385 ns, Total: 820736 ns
[2025-10-15T05:05:01.195-0700][1246][info ][safepoint   ] Safepoint "ICBufferFull", Time since last: 71778 ns, Reaching safepoint: 340523 ns, Cleanup: 3745 ns, At safepoint: 86360 ns, Total: 430628 ns
[2025-10-15T05:05:01.248-0700][1246][info ][safepoint   ] Safepoint "ICBufferFull", Time since last: 47065559 ns, Reaching safepoint: 5674204 ns, Cleanup: 251628 ns, At safepoint: 106561 ns, Total: 6032393 ns
[2025-10-15T05:05:01.282-0700][1246][info ][safepoint   ] Safepoint "ICBufferFull", Time since last: 33357828 ns, Reaching safepoint: 522807 ns, Cleanup: 218379 ns, At safepoint: 120622 ns, Total: 861808 ns
[2025-10-15T05:05:01.325-0700][1246][info ][safepoint   ] Safepoint "ICBufferFull", Time since last: 42116336 ns, Reaching safepoint: 502927 ns, Cleanup: 193802 ns, At safepoint: 124097 ns, Total: 820826 ns
[2025-10-15T05:05:01.360-0700][1246][info ][safepoint   ] Safepoint "ICBufferFull", Time since last: 34177913 ns, Reaching safepoint: 533032 ns, Cleanup: 184498 ns, At safepoint: 117898 ns, Total: 835428 ns
[2025-10-15T05:05:01.360-0700][1246][info ][safepoint   ] Safepoint "ICBufferFull", Time since last: 57616 ns, Reaching safepoint: 329196 ns, Cleanup: 1412 ns, At safepoint: 90747 ns, Total: 421355 ns
[2025-10-15T05:05:01.361-0700][1246][info ][safepoint   ] Safepoint "ICBufferFull", Time since last: 39790 ns, Reaching safepoint: 256947 ns, Cleanup: 791 ns, At safepoint: 79029 ns, Total: 336767 ns
[2025-10-15T05:05:01.361-0700][1246][info ][safepoint   ] Safepoint "ICBufferFull", Time since last: 31507 ns, Reaching safepoint: 233111 ns, Cleanup: 1042 ns, At safepoint: 78568 ns, Total: 312721 ns
[2025-10-15T05:05:01.361-0700][1246][info ][safepoint   ] Safepoint "ICBufferFull", Time since last: 25969 ns, Reaching safepoint: 223677 ns, Cleanup: 641 ns, At safepoint: 72729 ns, Total: 297047 ns
[2025-10-15T05:05:01.362-0700][1246][info ][safepoint   ] Safepoint "ICBufferFull", Time since last: 28774 ns, Reaching safepoint: 198849 ns, Cleanup: 881 ns, At safepoint: 77307 ns, Total: 277037 ns
[2025-10-15T05:05:01.398-0700][1246][info ][gc,start    ] GC(27) Pause Young (Concurrent Start) (CodeCache GC Threshold)
[2025-10-15T05:05:01.398-0700][1246][info ][gc,task     ] GC(27) Using 113 workers of 113 for evacuation
[2025-10-15T05:05:01.405-0700][1246][debug][gc,remset   ] GC(27) Visited cards 804608 Total dirty 3932160 (20.46%) Total old 94699520 (0.85%)
[2025-10-15T05:05:01.494-0700][1246][info ][gc,phases   ] GC(27)   Pre Evacuate Collection Set: 0.9ms
[2025-10-15T05:05:01.494-0700][1246][info ][gc,phases   ] GC(27)   Merge Heap Roots: 6.2ms
[2025-10-15T05:05:01.494-0700][1246][info ][gc,phases   ] GC(27)   Evacuate Collection Set: 85.7ms
[2025-10-15T05:05:01.494-0700][1246][info ][gc,phases   ] GC(27)   Post Evacuate Collection Set: 3.0ms
[2025-10-15T05:05:01.494-0700][1246][info ][gc,phases   ] GC(27)   Other: 0.2ms
[2025-10-15T05:05:01.494-0700][1246][debug][gc,remset   ] GC(27) Coarsening (recent): Inline->AoC 0 (0) AoC->Howl 0 (0) Howl->Full 0 (0) Inline->AoC 0 (0) AoC->BitMap 0 (0) BitMap->Full 0 (0) 
[2025-10-15T05:05:01.494-0700][1246][debug][gc,remset   ] GC(27) Coarsening (all): Inline->AoC 156 (0) AoC->Howl 37 (0) Howl->Full 0 (0) Inline->AoC 213 (0) AoC->BitMap 16 (0) BitMap->Full 0 (0) 
[2025-10-15T05:05:01.494-0700][1246][info ][gc,heap     ] GC(27) Eden regions: 660->0(1393)
[2025-10-15T05:05:01.494-0700][1246][info ][gc,heap     ] GC(27) Survivor regions: 32->37(127)
[2025-10-15T05:05:01.494-0700][1246][info ][gc,heap     ] GC(27) Old regions: 61->61
[2025-10-15T05:05:01.494-0700][1246][info ][gc,heap     ] GC(27) Humongous regions: 0->0
[2025-10-15T05:05:01.494-0700][1246][info ][gc,metaspace] GC(27) Metaspace: 238008K(240832K)->238008K(240832K) NonClass: 209829K(211392K)->209829K(211392K) Class: 28178K(29440K)->28178K(29440K)
[2025-10-15T05:05:01.494-0700][1246][info ][gc          ] GC(27) Pause Young (Concurrent Start) (CodeCache GC Threshold) 24058M->3105M(184320M) 96.249ms
[2025-10-15T05:05:01.494-0700][1085][info ][gc          ] GC(28) Concurrent Mark Cycle
[2025-10-15T05:05:01.494-0700][1085][info ][gc,marking  ] GC(28) Concurrent Scan Root Regions
[2025-10-15T05:05:01.495-0700][1246][info ][gc,cpu      ] GC(27) User=1.67s Sys=0.18s Real=0.10s
[2025-10-15T05:05:01.496-0700][1246][info ][safepoint   ] Safepoint "G1TryInitiateConcMark", Time since last: 34673038 ns, Reaching safepoint: 595918 ns, Cleanup: 117567 ns, At safepoint: 98521858 ns, Total: 99235343 ns
[2025-10-15T05:05:01.503-0700][1085][info ][gc,marking  ] GC(28) Concurrent Scan Root Regions 8.297ms
[2025-10-15T05:05:01.503-0700][1085][info ][gc,marking  ] GC(28) Concurrent Mark
[2025-10-15T05:05:01.503-0700][1085][info ][gc,marking  ] GC(28) Concurrent Mark From Roots
[2025-10-15T05:05:01.503-0700][1085][info ][gc,task     ] GC(28) Using 36 workers of 36 for marking
[2025-10-15T05:05:01.533-0700][1246][info ][safepoint   ] Safepoint "ICBufferFull", Time since last: 35447885 ns, Reaching safepoint: 1359216 ns, Cleanup: 197107 ns, At safepoint: 163346 ns, Total: 1719669 ns
[2025-10-15T05:05:01.539-0700][1085][info ][gc,marking  ] GC(28) Concurrent Mark From Roots 36.038ms
[2025-10-15T05:05:01.539-0700][1085][info ][gc,marking  ] GC(28) Concurrent Preclean
[2025-10-15T05:05:01.547-0700][1246][info ][safepoint   ] Safepoint "ICBufferFull", Time since last: 7465671 ns, Reaching safepoint: 6708872 ns, Cleanup: 38198 ns, At safepoint: 148944 ns, Total: 6896014 ns
[2025-10-15T05:05:01.547-0700][1085][info ][gc,marking  ] GC(28) Concurrent Preclean 8.351ms
[2025-10-15T05:05:01.563-0700][1246][info ][gc,start    ] GC(28) Pause Remark
[2025-10-15T05:05:01.799-0700][1246][info ][gc,mmu      ] GC(28) MMU target violated: 201.0ms (200.0ms/201.0ms)
[2025-10-15T05:05:01.799-0700][1246][info ][gc          ] GC(28) Pause Remark 3649M->3649M(184320M) 235.864ms
[2025-10-15T05:05:01.799-0700][1246][info ][gc,cpu      ] GC(28) User=8.80s Sys=0.00s Real=0.24s
[2025-10-15T05:05:01.800-0700][1246][info ][safepoint   ] Safepoint "G1PauseRemark", Time since last: 8007988 ns, Reaching safepoint: 6687359 ns, Cleanup: 36075 ns, At safepoint: 237683749 ns, Total: 244407183 ns
[2025-10-15T05:05:01.800-0700][1085][info ][gc,marking  ] GC(28) Concurrent Mark 296.890ms
[2025-10-15T05:05:01.800-0700][1085][info ][gc,marking  ] GC(28) Concurrent Rebuild Remembered Sets and Scrub Regions
[2025-10-15T05:05:01.800-0700][1246][info ][safepoint   ] Safepoint "ICBufferFull", Time since last: 58247 ns, Reaching safepoint: 372651 ns, Cleanup: 114072 ns, At safepoint: 212971 ns, Total: 699694 ns
[2025-10-15T05:05:01.817-0700][1085][info ][gc,marking  ] GC(28) Concurrent Rebuild Remembered Sets and Scrub Regions 16.834ms
[2025-10-15T05:05:01.822-0700][1246][info ][gc,start    ] GC(28) Pause Cleanup
[2025-10-15T05:05:01.823-0700][1246][info ][gc          ] GC(28) Pause Cleanup 3892M->3892M(184320M) 0.461ms
[2025-10-15T05:05:01.823-0700][1246][info ][gc,cpu      ] GC(28) User=0.02s Sys=0.00s Real=0.00s
[2025-10-15T05:05:01.823-0700][1246][info ][safepoint   ] Safepoint "G1PauseCleanup", Time since last: 16230889 ns, Reaching safepoint: 4641439 ns, Cleanup: 87151 ns, At safepoint: 1983517 ns, Total: 6712107 ns
[2025-10-15T05:05:01.823-0700][1085][info ][gc,marking  ] GC(28) Concurrent Clear Claimed Marks
[2025-10-15T05:05:01.824-0700][1085][info ][gc,marking  ] GC(28) Concurrent Clear Claimed Marks 0.343ms
[2025-10-15T05:05:01.824-0700][1085][info ][gc,marking  ] GC(28) Concurrent Cleanup for Next Mark
[2025-10-15T05:05:01.852-0700][1085][info ][gc,marking  ] GC(28) Concurrent Cleanup for Next Mark 28.501ms
[2025-10-15T05:05:01.852-0700][1085][info ][gc          ] GC(28) Concurrent Mark Cycle 357.803ms
[2025-10-15T05:05:01.919-0700][1246][info ][safepoint   ] Safepoint "ICBufferFull", Time since last: 90755153 ns, Reaching safepoint: 4716382 ns, Cleanup: 209345 ns, At safepoint: 132179 ns, Total: 5057906 ns
[2025-10-15T05:05:01.989-0700][1246][info ][safepoint   ] Safepoint "ICBufferFull", Time since last: 63757743 ns, Reaching safepoint: 5777168 ns, Cleanup: 179641 ns, At safepoint: 141503 ns, Total: 6098312 ns
[2025-10-15T05:05:02.055-0700][1246][info ][safepoint   ] Safepoint "ICBufferFull", Time since last: 47775838 ns, Reaching safepoint: 17369954 ns, Cleanup: 203667 ns, At safepoint: 176676 ns, Total: 17750297 ns
[2025-10-15T05:05:02.082-0700][1246][info ][safepoint   ] Safepoint "ICBufferFull", Time since last: 25797004 ns, Reaching safepoint: 1451125 ns, Cleanup: 200151 ns, At safepoint: 134182 ns, Total: 1785458 ns
[2025-10-15T05:05:02.135-0700][1246][info ][safepoint   ] Safepoint "ICBufferFull", Time since last: 49730571 ns, Reaching safepoint: 2536379 ns, Cleanup: 220642 ns, At safepoint: 123937 ns, Total: 2880958 ns
[2025-10-15T05:05:02.142-0700][1246][info ][safepoint   ] Safepoint "ICBufferFull", Time since last: 66050 ns, Reaching safepoint: 6580839 ns, Cleanup: 4596 ns, At safepoint: 117658 ns, Total: 6703093 ns
[2025-10-15T05:05:02.142-0700][1246][info ][safepoint   ] Safepoint "ICBufferFull", Time since last: 43625 ns, Reaching safepoint: 261644 ns, Cleanup: 4377 ns, At safepoint: 77266 ns, Total: 343287 ns
[2025-10-15T05:05:02.142-0700][1246][info ][safepoint   ] Safepoint "ICBufferFull", Time since last: 40471 ns, Reaching safepoint: 225650 ns, Cleanup: 8242 ns, At safepoint: 88193 ns, Total: 322085 ns
[2025-10-15T05:05:02.143-0700][1246][info ][safepoint   ] Safepoint "ICBufferFull", Time since last: 43365 ns, Reaching safepoint: 206642 ns, Cleanup: 6760 ns, At safepoint: 83766 ns, Total: 297168 ns
[2025-10-15T05:05:02.167-0700][1246][info ][safepoint   ] Safepoint "ICBufferFull", Time since last: 7149095 ns, Reaching safepoint: 17284125 ns, Cleanup: 37787 ns, At safepoint: 144728 ns, Total: 17466640 ns
[2025-10-15T05:05:02.174-0700][1246][info ][safepoint   ] Safepoint "ICBufferFull", Time since last: 72459 ns, Reaching safepoint: 6581480 ns, Cleanup: 4577 ns, At safepoint: 102023 ns, Total: 6688080 ns
[2025-10-15T05:05:02.174-0700][1246][info ][safepoint   ] Safepoint "ICBufferFull", Time since last: 65859 ns, Reaching safepoint: 248585 ns, Cleanup: 7771 ns, At safepoint: 82655 ns, Total: 339011 ns
[2025-10-15T05:05:02.182-0700][1246][info ][safepoint   ] Safepoint "ICBufferFull", Time since last: 7336537 ns, Reaching safepoint: 421244 ns, Cleanup: 53250 ns, At safepoint: 119029 ns, Total: 593523 ns
[2025-10-15T05:05:02.183-0700][1246][info ][safepoint   ] Safepoint "ICBufferFull", Time since last: 43005 ns, Reaching safepoint: 573454 ns, Cleanup: 7070 ns, At safepoint: 86350 ns, Total: 666874 ns
[2025-10-15T05:05:02.184-0700][1246][info ][safepoint   ] Safepoint "ICBufferFull", Time since last: 39880 ns, Reaching safepoint: 365391 ns, Cleanup: 6139 ns, At safepoint: 83405 ns, Total: 454935 ns
[2025-10-15T05:05:02.284-0700][1246][info ][safepoint   ] Safepoint "ICBufferFull", Time since last: 94645672 ns, Reaching safepoint: 5842117 ns, Cleanup: 212510 ns, At safepoint: 131778 ns, Total: 6186405 ns
[2025-10-15T05:05:02.373-0700][1246][info ][safepoint   ] Safepoint "ICBufferFull", Time since last: 83868594 ns, Reaching safepoint: 4739937 ns, Cleanup: 256536 ns, At safepoint: 131138 ns, Total: 5127611 ns
[2025-10-15T05:05:02.514-0700][1246][info ][safepoint   ] Safepoint "ICBufferFull", Time since last: 139656606 ns, Reaching safepoint: 771281 ns, Cleanup: 191639 ns, At safepoint: 306721 ns, Total: 1269641 ns
[2025-10-15T05:05:02.739-0700][1246][info ][safepoint   ] Safepoint "ICBufferFull", Time since last: 223714405 ns, Reaching safepoint: 659073 ns, Cleanup: 196415 ns, At safepoint: 338911 ns, Total: 1194399 ns
[2025-10-15T05:05:02.880-0700][1246][info ][safepoint   ] Safepoint "ICBufferFull", Time since last: 140350060 ns, Reaching safepoint: 527214 ns, Cleanup: 195304 ns, At safepoint: 192870 ns, Total: 915388 ns
[2025-10-15T05:05:03.013-0700][1246][info ][safepoint   ] Safepoint "ICBufferFull", Time since last: 128791316 ns, Reaching safepoint: 3753041 ns, Cleanup: 243417 ns, At safepoint: 85008 ns, Total: 4081466 ns
[2025-10-15T05:05:03.014-0700][1246][info ][safepoint   ] Safepoint "ICBufferFull", Time since last: 55774 ns, Reaching safepoint: 229395 ns, Cleanup: 1232 ns, At safepoint: 62214 ns, Total: 292841 ns
[2025-10-15T05:05:03.014-0700][1246][info ][safepoint   ] Safepoint "ICBufferFull", Time since last: 29504 ns, Reaching safepoint: 167302 ns, Cleanup: 3415 ns, At safepoint: 62735 ns, Total: 233452 ns
[2025-10-15T05:05:03.014-0700][1246][info ][safepoint   ] Safepoint "ICBufferFull", Time since last: 23475 ns, Reaching safepoint: 233602 ns, Cleanup: 4366 ns, At safepoint: 74412 ns, Total: 312380 ns
[2025-10-15T05:05:03.015-0700][1246][info ][safepoint   ] Safepoint "ICBufferFull", Time since last: 20271 ns, Reaching safepoint: 160972 ns, Cleanup: 4317 ns, At safepoint: 61052 ns, Total: 226341 ns
[2025-10-15T05:05:03.091-0700][1246][info ][safepoint   ] Safepoint "ICBufferFull", Time since last: 76013306 ns, Reaching safepoint: 389947 ns, Cleanup: 198549 ns, At safepoint: 68082 ns, Total: 656578 ns
[2025-10-15T05:05:03.092-0700][1246][info ][safepoint   ] Safepoint "ICBufferFull", Time since last: 87021 ns, Reaching safepoint: 326221 ns, Cleanup: 3205 ns, At safepoint: 71989 ns, Total: 401415 ns
[2025-10-15T05:05:03.093-0700][1246][info ][safepoint   ] Safepoint "ICBufferFull", Time since last: 36765 ns, Reaching safepoint: 1150282 ns, Cleanup: 1512 ns, At safepoint: 65859 ns, Total: 1217653 ns
[2025-10-15T05:05:03.093-0700][1246][info ][safepoint   ] Safepoint "ICBufferFull", Time since last: 67983 ns, Reaching safepoint: 174412 ns, Cleanup: 4397 ns, At safepoint: 69555 ns, Total: 248364 ns
[2025-10-15T05:05:03.094-0700][1246][info ][safepoint   ] Safepoint "ICBufferFull", Time since last: 62123 ns, Reaching safepoint: 299191 ns, Cleanup: 781 ns, At safepoint: 76375 ns, Total: 376347 ns
[2025-10-15T05:05:03.094-0700][1246][info ][safepoint   ] Safepoint "ICBufferFull", Time since last: 35644 ns, Reaching safepoint: 176085 ns, Cleanup: 1081 ns, At safepoint: 67472 ns, Total: 244638 ns
[2025-10-15T05:05:03.094-0700][1246][info ][safepoint   ] Safepoint "ICBufferFull", Time since last: 46811 ns, Reaching safepoint: 172619 ns, Cleanup: 2905 ns, At safepoint: 79830 ns, Total: 255354 ns
[2025-10-15T05:05:03.095-0700][1246][info ][safepoint   ] Safepoint "ICBufferFull", Time since last: 53250 ns, Reaching safepoint: 490018 ns, Cleanup: 531 ns, At safepoint: 70506 ns, Total: 561055 ns
[2025-10-15T05:05:03.096-0700][1246][info ][safepoint   ] Safepoint "ICBufferFull", Time since last: 32960 ns, Reaching safepoint: 566723 ns, Cleanup: 551 ns, At safepoint: 64837 ns, Total: 632111 ns
[2025-10-15T05:05:03.096-0700][1246][info ][safepoint   ] Safepoint "ICBufferFull", Time since last: 58899 ns, Reaching safepoint: 164117 ns, Cleanup: 6921 ns, At safepoint: 63776 ns, Total: 234814 ns
[2025-10-15T05:05:03.096-0700][1246][info ][safepoint   ] Safepoint "ICBufferFull", Time since last: 33430 ns, Reaching safepoint: 159590 ns, Cleanup: 5449 ns, At safepoint: 67171 ns, Total: 232210 ns
[2025-10-15T05:05:03.096-0700][1246][info ][safepoint   ] Safepoint "ICBufferFull", Time since last: 30355 ns, Reaching safepoint: 167122 ns, Cleanup: 911 ns, At safepoint: 66330 ns, Total: 234363 ns
[2025-10-15T05:05:03.099-0700][1246][info ][safepoint   ] Safepoint "ICBufferFull", Time since last: 46140 ns, Reaching safepoint: 2249046 ns, Cleanup: 701 ns, At safepoint: 89685 ns, Total: 2339432 ns
[2025-10-15T05:05:03.099-0700][1246][info ][safepoint   ] Safepoint "ICBufferFull", Time since last: 42384 ns, Reaching safepoint: 241704 ns, Cleanup: 681 ns, At safepoint: 69294 ns, Total: 311679 ns
[2025-10-15T05:05:03.099-0700][1246][info ][safepoint   ] Safepoint "ICBufferFull", Time since last: 31288 ns, Reaching safepoint: 235093 ns, Cleanup: 3336 ns, At safepoint: 75473 ns, Total: 313902 ns
[2025-10-15T05:05:03.106-0700][1246][info ][safepoint   ] Safepoint "ICBufferFull", Time since last: 30126 ns, Reaching safepoint: 6461188 ns, Cleanup: 4988 ns, At safepoint: 110476 ns, Total: 6576652 ns
[2025-10-15T05:05:03.114-0700][1246][info ][safepoint   ] Safepoint "ICBufferFull", Time since last: 7319832 ns, Reaching safepoint: 366111 ns, Cleanup: 28854 ns, At safepoint: 79770 ns, Total: 474735 ns
[2025-10-15T05:05:03.115-0700][1246][info ][safepoint   ] Safepoint "ICBufferFull", Time since last: 40120 ns, Reaching safepoint: 654205 ns, Cleanup: 491 ns, At safepoint: 70096 ns, Total: 724792 ns
[2025-10-15T05:05:03.115-0700][1246][info ][safepoint   ] Safepoint "ICBufferFull", Time since last: 31747 ns, Reaching safepoint: 228825 ns, Cleanup: 3425 ns, At safepoint: 72239 ns, Total: 304489 ns
[2025-10-15T05:05:03.115-0700][1246][info ][safepoint   ] Safepoint "ICBufferFull", Time since last: 22394 ns, Reaching safepoint: 166881 ns, Cleanup: 3485 ns, At safepoint: 62294 ns, Total: 232660 ns
[2025-10-15T05:05:03.115-0700][1246][info ][safepoint   ] Safepoint "ICBufferFull", Time since last: 29294 ns, Reaching safepoint: 160602 ns, Cleanup: 991 ns, At safepoint: 64007 ns, Total: 225600 ns
[2025-10-15T05:05:03.116-0700][1246][info ][safepoint   ] Safepoint "ICBufferFull", Time since last: 23765 ns, Reaching safepoint: 164929 ns, Cleanup: 941 ns, At safepoint: 67001 ns, Total: 232871 ns
[2025-10-15T05:05:03.117-0700][1246][info ][safepoint   ] Safepoint "ICBufferFull", Time since last: 25539 ns, Reaching safepoint: 732092 ns, Cleanup: 571 ns, At safepoint: 77707 ns, Total: 810370 ns
[2025-10-15T05:05:03.117-0700][1246][info ][safepoint   ] Safepoint "ICBufferFull", Time since last: 37176 ns, Reaching safepoint: 184447 ns, Cleanup: 1072 ns, At safepoint: 76646 ns, Total: 262165 ns
[2025-10-15T05:05:03.117-0700][1246][info ][safepoint   ] Safepoint "ICBufferFull", Time since last: 24256 ns, Reaching safepoint: 411590 ns, Cleanup: 541 ns, At safepoint: 79449 ns, Total: 491580 ns
[2025-10-15T05:05:03.208-0700][1246][info ][safepoint   ] Safepoint "ICBufferFull", Time since last: 89084338 ns, Reaching safepoint: 1286307 ns, Cleanup: 171257 ns, At safepoint: 87252 ns, Total: 1544816 ns
[2025-10-15T05:05:03.296-0700][1246][info ][safepoint   ] Safepoint "ICBufferFull", Time since last: 82521896 ns, Reaching safepoint: 4698415 ns, Cleanup: 201172 ns, At safepoint: 189045 ns, Total: 5088632 ns
[2025-10-15T05:05:03.305-0700][1246][info ][safepoint   ] Safepoint "ICBufferFull", Time since last: 8991219 ns, Reaching safepoint: 444929 ns, Cleanup: 31628 ns, At safepoint: 215545 ns, Total: 692102 ns
[2025-10-15T05:05:03.397-0700][1246][info ][safepoint   ] Safepoint "ICBufferFull", Time since last: 87343376 ns, Reaching safepoint: 3705760 ns, Cleanup: 160702 ns, At safepoint: 182855 ns, Total: 4049317 ns
[2025-10-15T05:05:03.511-0700][1246][info ][safepoint   ] Safepoint "ICBufferFull", Time since last: 110644361 ns, Reaching safepoint: 2714968 ns, Cleanup: 215785 ns, At safepoint: 320863 ns, Total: 3251616 ns
[2025-10-15T05:05:03.513-0700][1246][info ][safepoint   ] Safepoint "ICBufferFull", Time since last: 931072 ns, Reaching safepoint: 539052 ns, Cleanup: 8372 ns, At safepoint: 516759 ns, Total: 1064183 ns
[2025-10-15T05:05:03.578-0700][1246][info ][safepoint   ] Safepoint "ICBufferFull", Time since last: 61974116 ns, Reaching safepoint: 2679635 ns, Cleanup: 198229 ns, At safepoint: 160671 ns, Total: 3038535 ns
[2025-10-15T05:05:03.670-0700][1246][info ][safepoint   ] Safepoint "ICBufferFull", Time since last: 90282041 ns, Reaching safepoint: 712864 ns, Cleanup: 179140 ns, At safepoint: 791391 ns, Total: 1683395 ns
[2025-10-15T05:05:03.794-0700][1246][info ][safepoint   ] Safepoint "ICBufferFull", Time since last: 123815504 ns, Reaching safepoint: 649347 ns, Cleanup: 214553 ns, At safepoint: 212791 ns, Total: 1076691 ns
[2025-10-15T05:05:03.795-0700][1246][info ][safepoint   ] Safepoint "ICBufferFull", Time since last: 49965 ns, Reaching safepoint: 402997 ns, Cleanup: 8793 ns, At safepoint: 143076 ns, Total: 554866 ns
[2025-10-15T05:05:03.796-0700][1246][info ][safepoint   ] Safepoint "ICBufferFull", Time since last: 32769 ns, Reaching safepoint: 616989 ns, Cleanup: 5518 ns, At safepoint: 120652 ns, Total: 743159 ns
[2025-10-15T05:05:03.882-0700][1246][info ][safepoint   ] Safepoint "ICBufferFull", Time since last: 80502245 ns, Reaching safepoint: 4825206 ns, Cleanup: 206751 ns, At safepoint: 640304 ns, Total: 5672261 ns
[2025-10-15T05:05:03.883-0700][1246][info ][safepoint   ] Safepoint "ICBufferFull", Time since last: 515066 ns, Reaching safepoint: 420803 ns, Cleanup: 6810 ns, At safepoint: 184128 ns, Total: 611741 ns
[2025-10-15T05:05:03.897-0700][1246][info ][safepoint   ] Safepoint "ICBufferFull", Time since last: 11375949 ns, Reaching safepoint: 2541396 ns, Cleanup: 8003 ns, At safepoint: 323897 ns, Total: 2873296 ns
[2025-10-15T05:05:03.898-0700][1246][info ][safepoint   ] Safepoint "ICBufferFull", Time since last: 134373 ns, Reaching safepoint: 379481 ns, Cleanup: 2113 ns, At safepoint: 201694 ns, Total: 583288 ns
[2025-10-15T05:05:03.899-0700][1246][info ][safepoint   ] Safepoint "ICBufferFull", Time since last: 101933 ns, Reaching safepoint: 349877 ns, Cleanup: 2214 ns, At safepoint: 189525 ns, Total: 541616 ns
[2025-10-15T05:05:03.899-0700][1246][info ][safepoint   ] Safepoint "ICBufferFull", Time since last: 56465 ns, Reaching safepoint: 298289 ns, Cleanup: 1182 ns, At safepoint: 159550 ns, Total: 459021 ns
[2025-10-15T05:05:03.900-0700][1246][info ][safepoint   ] Safepoint "ICBufferFull", Time since last: 44778 ns, Reaching safepoint: 384508 ns, Cleanup: 742 ns, At safepoint: 134282 ns, Total: 519532 ns
[2025-10-15T05:05:03.900-0700][1246][info ][safepoint   ] Safepoint "ICBufferFull", Time since last: 56795 ns, Reaching safepoint: 229706 ns, Cleanup: 922 ns, At safepoint: 155524 ns, Total: 386152 ns
[2025-10-15T05:05:03.907-0700][1246][info ][safepoint   ] Safepoint "ICBufferFull", Time since last: 31467 ns, Reaching safepoint: 6529271 ns, Cleanup: 1052 ns, At safepoint: 448545 ns, Total: 6978868 ns
[2025-10-15T05:05:03.908-0700][1246][info ][safepoint   ] Safepoint "ICBufferFull", Time since last: 102054 ns, Reaching safepoint: 254353 ns, Cleanup: 1312 ns, At safepoint: 150377 ns, Total: 406042 ns
[2025-10-15T05:05:03.908-0700][1246][info ][safepoint   ] Safepoint "ICBufferFull", Time since last: 25598 ns, Reaching safepoint: 201163 ns, Cleanup: 1172 ns, At safepoint: 127632 ns, Total: 329967 ns
[2025-10-15T05:05:03.909-0700][1246][info ][safepoint   ] Safepoint "ICBufferFull", Time since last: 34622 ns, Reaching safepoint: 402907 ns, Cleanup: 801 ns, At safepoint: 126020 ns, Total: 529728 ns
[2025-10-15T05:05:03.918-0700][1246][info ][safepoint   ] Safepoint "ICBufferFull", Time since last: 8420148 ns, Reaching safepoint: 558862 ns, Cleanup: 12118 ns, At safepoint: 185970 ns, Total: 756950 ns
[2025-10-15T05:05:03.919-0700][1246][info ][safepoint   ] Safepoint "ICBufferFull", Time since last: 46660 ns, Reaching safepoint: 437639 ns, Cleanup: 1432 ns, At safepoint: 536037 ns, Total: 975108 ns
[2025-10-15T05:05:03.920-0700][1246][info ][safepoint   ] Safepoint "ICBufferFull", Time since last: 83927 ns, Reaching safepoint: 762989 ns, Cleanup: 7030 ns, At safepoint: 316757 ns, Total: 1086776 ns
[2025-10-15T05:05:03.921-0700][1246][info ][safepoint   ] Safepoint "ICBufferFull", Time since last: 76736 ns, Reaching safepoint: 499352 ns, Cleanup: 6509 ns, At safepoint: 218289 ns, Total: 724150 ns
[2025-10-15T05:05:03.922-0700][1246][info ][safepoint   ] Safepoint "ICBufferFull", Time since last: 83406 ns, Reaching safepoint: 407784 ns, Cleanup: 8472 ns, At safepoint: 230948 ns, Total: 647204 ns
[2025-10-15T05:05:03.922-0700][1246][info ][safepoint   ] Safepoint "ICBufferFull", Time since last: 64557 ns, Reaching safepoint: 359972 ns, Cleanup: 9385 ns, At safepoint: 261483 ns, Total: 630840 ns
[2025-10-15T05:05:04.004-0700][1246][info ][safepoint   ] Safepoint "ICBufferFull", Time since last: 80886083 ns, Reaching safepoint: 593815 ns, Cleanup: 186550 ns, At safepoint: 119611 ns, Total: 899976 ns
[2025-10-15T05:05:04.131-0700][1246][info ][safepoint   ] Safepoint "ICBufferFull", Time since last: 125951519 ns, Reaching safepoint: 766434 ns, Cleanup: 211799 ns, At safepoint: 184098 ns, Total: 1162331 ns
[2025-10-15T05:05:04.300-0700][1246][info ][safepoint   ] Safepoint "ICBufferFull", Time since last: 167893062 ns, Reaching safepoint: 691692 ns, Cleanup: 205940 ns, At safepoint: 355225 ns, Total: 1252857 ns
[2025-10-15T05:05:04.302-0700][1246][info ][safepoint   ] Safepoint "ICBufferFull", Time since last: 77136 ns, Reaching safepoint: 795968 ns, Cleanup: 19840 ns, At safepoint: 318209 ns, Total: 1134017 ns
[2025-10-15T05:05:04.303-0700][1246][info ][safepoint   ] Safepoint "ICBufferFull", Time since last: 62625 ns, Reaching safepoint: 853385 ns, Cleanup: 3875 ns, At safepoint: 293092 ns, Total: 1150352 ns
[2025-10-15T05:05:04.457-0700][1246][info ][safepoint   ] Safepoint "ICBufferFull", Time since last: 152268506 ns, Reaching safepoint: 1572117 ns, Cleanup: 204879 ns, At safepoint: 288093 ns, Total: 2065089 ns
[2025-10-15T05:05:04.597-0700][1246][info ][gc,start    ] GC(29) Pause Young (Prepare Mixed) (G1 Evacuation Pause)
[2025-10-15T05:05:04.597-0700][1246][info ][gc,task     ] GC(29) Using 113 workers of 113 for evacuation
[2025-10-15T05:05:04.602-0700][1246][debug][gc,remset   ] GC(29) Visited cards 836864 Total dirty 3997696 (20.93%) Total old 89718784 (0.93%)
[2025-10-15T05:05:04.823-0700][1246][info ][gc,mmu      ] GC(29) MMU target violated: 201.0ms (200.0ms/201.0ms)
[2025-10-15T05:05:04.823-0700][1246][info ][gc,phases   ] GC(29)   Pre Evacuate Collection Set: 0.6ms
[2025-10-15T05:05:04.823-0700][1246][info ][gc,phases   ] GC(29)   Merge Heap Roots: 4.3ms
[2025-10-15T05:05:04.823-0700][1246][info ][gc,phases   ] GC(29)   Evacuate Collection Set: 215.0ms
[2025-10-15T05:05:04.823-0700][1246][info ][gc,phases   ] GC(29)   Post Evacuate Collection Set: 6.0ms
[2025-10-15T05:05:04.823-0700][1246][info ][gc,phases   ] GC(29)   Other: 0.1ms
[2025-10-15T05:05:04.823-0700][1246][debug][gc,remset   ] GC(29) Coarsening (recent): Inline->AoC 1053 (0) AoC->Howl 80 (0) Howl->Full 0 (0) Inline->AoC 456 (0) AoC->BitMap 60 (0) BitMap->Full 0 (0) 
[2025-10-15T05:05:04.823-0700][1246][debug][gc,remset   ] GC(29) Coarsening (all): Inline->AoC 1209 (0) AoC->Howl 117 (0) Howl->Full 0 (0) Inline->AoC 669 (0) AoC->BitMap 76 (0) BitMap->Full 0 (0) 
[2025-10-15T05:05:04.823-0700][1246][info ][gc,heap     ] GC(29) Eden regions: 617->0(261)
[2025-10-15T05:05:04.823-0700][1246][info ][gc,heap     ] GC(29) Survivor regions: 37->82(82)
[2025-10-15T05:05:04.823-0700][1246][info ][gc,heap     ] GC(29) Old regions: 61->72
[2025-10-15T05:05:04.823-0700][1246][info ][gc,heap     ] GC(29) Humongous regions: 0->0
[2025-10-15T05:05:04.823-0700][1246][info ][gc,metaspace] GC(29) Metaspace: 269220K(272768K)->269220K(272768K) NonClass: 236013K(237952K)->236013K(237952K) Class: 33207K(34816K)->33207K(34816K)
[2025-10-15T05:05:04.823-0700][1246][info ][gc          ] GC(29) Pause Young (Prepare Mixed) (G1 Evacuation Pause) 22849M->4917M(184320M) 226.245ms
[2025-10-15T05:05:04.824-0700][1246][info ][gc,cpu      ] GC(29) User=3.37s Sys=0.11s Real=0.23s
[2025-10-15T05:05:04.825-0700][1246][info ][safepoint   ] Safepoint "G1CollectForAllocation", Time since last: 136706675 ns, Reaching safepoint: 1738257 ns, Cleanup: 175935 ns, At safepoint: 229194226 ns, Total: 231108418 ns
[2025-10-15T05:05:04.856-0700][1246][info ][safepoint   ] Safepoint "ICBufferFull", Time since last: 22787452 ns, Reaching safepoint: 7523739 ns, Cleanup: 178598 ns, At safepoint: 284228 ns, Total: 7986565 ns
[2025-10-15T05:05:05.055-0700][1246][info ][safepoint   ] Safepoint "ICBufferFull", Time since last: 189759298 ns, Reaching safepoint: 9287194 ns, Cleanup: 187012 ns, At safepoint: 448765 ns, Total: 9922971 ns
[2025-10-15T05:05:05.586-0700][1246][info ][safepoint   ] Safepoint "ICBufferFull", Time since last: 502535736 ns, Reaching safepoint: 1400820 ns, Cleanup: 170897 ns, At safepoint: 26764901 ns, Total: 28336618 ns
[2025-10-15T05:05:06.065-0700][1246][info ][safepoint   ] Safepoint "ICBufferFull", Time since last: 413013209 ns, Reaching safepoint: 64473450 ns, Cleanup: 173261 ns, At safepoint: 667024 ns, Total: 65313735 ns
[2025-10-15T05:05:06.083-0700][1246][info ][safepoint   ] Safepoint "ICBufferFull", Time since last: 9552323 ns, Reaching safepoint: 7821578 ns, Cleanup: 25538 ns, At safepoint: 753685 ns, Total: 8600801 ns
[2025-10-15T05:05:06.106-0700][1246][info ][safepoint   ] Safepoint "ICBufferFull", Time since last: 522917 ns, Reaching safepoint: 6294208 ns, Cleanup: 43635 ns, At safepoint: 16809731 ns, Total: 23147574 ns
[2025-10-15T05:05:06.215-0700][1246][info ][gc,start    ] GC(30) Pause Young (Mixed) (G1 Evacuation Pause)
[2025-10-15T05:05:06.215-0700][1246][info ][gc,task     ] GC(30) Using 113 workers of 113 for evacuation
[2025-10-15T05:05:06.220-0700][1246][debug][gc,remset   ] GC(30) Visited cards 1137408 Total dirty 4587520 (24.79%) Total old 42532864 (2.67%)
[2025-10-15T05:05:06.438-0700][1246][info ][gc,mmu      ] GC(30) MMU target violated: 201.0ms (200.0ms/201.0ms)
[2025-10-15T05:05:06.438-0700][1246][info ][gc,phases   ] GC(30)   Pre Evacuate Collection Set: 0.6ms
[2025-10-15T05:05:06.438-0700][1246][info ][gc,phases   ] GC(30)   Merge Heap Roots: 4.7ms
[2025-10-15T05:05:06.438-0700][1246][info ][gc,phases   ] GC(30)   Evacuate Collection Set: 214.0ms
[2025-10-15T05:05:06.438-0700][1246][info ][gc,phases   ] GC(30)   Post Evacuate Collection Set: 4.4ms
[2025-10-15T05:05:06.438-0700][1246][info ][gc,phases   ] GC(30)   Other: 0.1ms
[2025-10-15T05:05:06.438-0700][1246][debug][gc,remset   ] GC(30) Coarsening (recent): Inline->AoC 904 (0) AoC->Howl 92 (0) Howl->Full 0 (0) Inline->AoC 627 (0) AoC->BitMap 144 (0) BitMap->Full 0 (0) 
[2025-10-15T05:05:06.438-0700][1246][debug][gc,remset   ] GC(30) Coarsening (all): Inline->AoC 2113 (0) AoC->Howl 209 (0) Howl->Full 0 (0) Inline->AoC 1296 (0) AoC->BitMap 220 (0) BitMap->Full 0 (0) 
[2025-10-15T05:05:06.438-0700][1246][info ][gc,heap     ] GC(30) Eden regions: 206->0(252)
[2025-10-15T05:05:06.438-0700][1246][info ][gc,heap     ] GC(30) Survivor regions: 82->36(36)
[2025-10-15T05:05:06.438-0700][1246][info ][gc,heap     ] GC(30) Old regions: 72->185
[2025-10-15T05:05:06.438-0700][1246][info ][gc,heap     ] GC(30) Humongous regions: 0->0
[2025-10-15T05:05:06.439-0700][1246][info ][gc,metaspace] GC(30) Metaspace: 271134K(274624K)->271134K(274624K) NonClass: 237727K(239616K)->237727K(239616K) Class: 33407K(35008K)->33407K(35008K)
[2025-10-15T05:05:06.439-0700][1246][info ][gc          ] GC(30) Pause Young (Mixed) (G1 Evacuation Pause) 11509M->7068M(184320M) 223.876ms
[2025-10-15T05:05:06.440-0700][1246][info ][gc,cpu      ] GC(30) User=5.41s Sys=0.21s Real=0.23s
[2025-10-15T05:05:06.441-0700][1246][info ][safepoint   ] Safepoint "G1CollectForAllocation", Time since last: 105067524 ns, Reaching safepoint: 1948174 ns, Cleanup: 165369 ns, At safepoint: 226960743 ns, Total: 229074286 ns
[2025-10-15T05:05:06.664-0700][1246][info ][safepoint   ] Safepoint "ICBufferFull", Time since last: 217179765 ns, Reaching safepoint: 4986438 ns, Cleanup: 152981 ns, At safepoint: 707115 ns, Total: 5846534 ns
[2025-10-15T05:05:06.666-0700][1246][info ][safepoint   ] Safepoint "ICBufferFull", Time since last: 1459077 ns, Reaching safepoint: 589547 ns, Cleanup: 7001 ns, At safepoint: 600915 ns, Total: 1197463 ns
[2025-10-15T05:05:06.667-0700][1246][info ][safepoint   ] Safepoint "ICBufferFull", Time since last: 312991 ns, Reaching safepoint: 467534 ns, Cleanup: 4106 ns, At safepoint: 475105 ns, Total: 946745 ns
[2025-10-15T05:05:06.670-0700][1246][info ][safepoint   ] Safepoint "ICBufferFull", Time since last: 1289372 ns, Reaching safepoint: 481635 ns, Cleanup: 10526 ns, At safepoint: 503769 ns, Total: 995930 ns
[2025-10-15T05:05:06.671-0700][1246][info ][safepoint   ] Safepoint "ICBufferFull", Time since last: 509757 ns, Reaching safepoint: 374714 ns, Cleanup: 5499 ns, At safepoint: 406001 ns, Total: 786214 ns
[2025-10-15T05:05:06.673-0700][1246][info ][safepoint   ] Safepoint "ICBufferFull", Time since last: 1206166 ns, Reaching safepoint: 376036 ns, Cleanup: 4868 ns, At safepoint: 549948 ns, Total: 930852 ns
[2025-10-15T05:05:06.678-0700][1246][info ][safepoint   ] Safepoint "ICBufferFull", Time since last: 3930328 ns, Reaching safepoint: 663288 ns, Cleanup: 9114 ns, At safepoint: 578261 ns, Total: 1250663 ns
[2025-10-15T05:05:06.685-0700][1246][info ][safepoint   ] Safepoint "ICBufferFull", Time since last: 5040469 ns, Reaching safepoint: 880606 ns, Cleanup: 20632 ns, At safepoint: 536848 ns, Total: 1438086 ns
[2025-10-15T05:05:06.694-0700][1246][info ][safepoint   ] Safepoint "ICBufferFull", Time since last: 910080 ns, Reaching safepoint: 5875457 ns, Cleanup: 8914 ns, At safepoint: 1949124 ns, Total: 7833495 ns
[2025-10-15T05:05:06.699-0700][1246][info ][safepoint   ] Safepoint "ICBufferFull", Time since last: 4252483 ns, Reaching safepoint: 692233 ns, Cleanup: 3896 ns, At safepoint: 541916 ns, Total: 1238045 ns
[2025-10-15T05:05:06.701-0700][1246][info ][safepoint   ] Safepoint "ICBufferFull", Time since last: 680895 ns, Reaching safepoint: 871222 ns, Cleanup: 7591 ns, At safepoint: 514174 ns, Total: 1392987 ns
[2025-10-15T05:05:06.707-0700][1246][info ][safepoint   ] Safepoint "ICBufferFull", Time since last: 4137791 ns, Reaching safepoint: 1478005 ns, Cleanup: 18809 ns, At safepoint: 626253 ns, Total: 2123067 ns
[2025-10-15T05:05:06.715-0700][1246][info ][safepoint   ] Safepoint "ICBufferFull", Time since last: 2482908 ns, Reaching safepoint: 4716362 ns, Cleanup: 33921 ns, At safepoint: 451550 ns, Total: 5201833 ns
[2025-10-15T05:05:06.720-0700][1246][info ][safepoint   ] Safepoint "ICBufferFull", Time since last: 3340009 ns, Reaching safepoint: 640554 ns, Cleanup: 7301 ns, At safepoint: 596909 ns, Total: 1244764 ns
[2025-10-15T05:05:06.725-0700][1246][info ][safepoint   ] Safepoint "ICBufferFull", Time since last: 3133198 ns, Reaching safepoint: 1221860 ns, Cleanup: 16635 ns, At safepoint: 520113 ns, Total: 1758608 ns
[2025-10-15T05:05:06.728-0700][1246][info ][safepoint   ] Safepoint "ICBufferFull", Time since last: 1992911 ns, Reaching safepoint: 1349983 ns, Cleanup: 17256 ns, At safepoint: 516447 ns, Total: 1883686 ns
[2025-10-15T05:05:06.732-0700][1246][info ][safepoint   ] Safepoint "ICBufferFull", Time since last: 2412473 ns, Reaching safepoint: 884371 ns, Cleanup: 2845 ns, At safepoint: 428555 ns, Total: 1315771 ns
[2025-10-15T05:05:06.737-0700][1246][info ][safepoint   ] Safepoint "ICBufferFull", Time since last: 3261841 ns, Reaching safepoint: 1103702 ns, Cleanup: 10176 ns, At safepoint: 459612 ns, Total: 1573490 ns
[2025-10-15T05:05:06.746-0700][1246][info ][safepoint   ] Safepoint "ICBufferFull", Time since last: 4481167 ns, Reaching safepoint: 3986553 ns, Cleanup: 33030 ns, At safepoint: 630739 ns, Total: 4650322 ns
[2025-10-15T05:05:06.753-0700][1246][info ][safepoint   ] Safepoint "ICBufferFull", Time since last: 4932547 ns, Reaching safepoint: 1721743 ns, Cleanup: 11137 ns, At safepoint: 607364 ns, Total: 2340244 ns
[2025-10-15T05:05:06.760-0700][1246][info ][safepoint   ] Safepoint "ICBufferFull", Time since last: 4839778 ns, Reaching safepoint: 799103 ns, Cleanup: 11237 ns, At safepoint: 454674 ns, Total: 1265014 ns
[2025-10-15T05:05:06.767-0700][1246][info ][safepoint   ] Safepoint "ICBufferFull", Time since last: 4911997 ns, Reaching safepoint: 1419847 ns, Cleanup: 3986 ns, At safepoint: 1378065 ns, Total: 2801898 ns
[2025-10-15T05:05:06.772-0700][1246][info ][safepoint   ] Safepoint "ICBufferFull", Time since last: 1864037 ns, Reaching safepoint: 2582238 ns, Cleanup: 8934 ns, At safepoint: 492261 ns, Total: 3083433 ns
[2025-10-15T05:05:06.788-0700][1246][info ][safepoint   ] Safepoint "ICBufferFull", Time since last: 3676726 ns, Reaching safepoint: 11521248 ns, Cleanup: 17717 ns, At safepoint: 431940 ns, Total: 11970905 ns
[2025-10-15T05:05:06.794-0700][1246][info ][safepoint   ] Safepoint "ICBufferFull", Time since last: 2551081 ns, Reaching safepoint: 3197044 ns, Cleanup: 10636 ns, At safepoint: 543759 ns, Total: 3751439 ns
[2025-10-15T05:05:06.802-0700][1246][info ][safepoint   ] Safepoint "ICBufferFull", Time since last: 6476462 ns, Reaching safepoint: 827806 ns, Cleanup: 17286 ns, At safepoint: 498872 ns, Total: 1343964 ns
[2025-10-15T05:05:06.803-0700][1246][info ][safepoint   ] Safepoint "ICBufferFull", Time since last: 215544 ns, Reaching safepoint: 418330 ns, Cleanup: 701 ns, At safepoint: 339602 ns, Total: 758633 ns
[2025-10-15T05:05:06.806-0700][1246][info ][safepoint   ] Safepoint "ICBufferFull", Time since last: 2037427 ns, Reaching safepoint: 851122 ns, Cleanup: 11627 ns, At safepoint: 553143 ns, Total: 1415892 ns
[2025-10-15T05:05:06.808-0700][1246][info ][safepoint   ] Safepoint "ICBufferFull", Time since last: 799074 ns, Reaching safepoint: 629207 ns, Cleanup: 6720 ns, At safepoint: 521976 ns, Total: 1157903 ns
[2025-10-15T05:05:06.811-0700][1246][info ][safepoint   ] Safepoint "ICBufferFull", Time since last: 455816 ns, Reaching safepoint: 1915735 ns, Cleanup: 11347 ns, At safepoint: 413453 ns, Total: 2340535 ns
[2025-10-15T05:05:06.812-0700][1246][info ][safepoint   ] Safepoint "ICBufferFull", Time since last: 282134 ns, Reaching safepoint: 444950 ns, Cleanup: 7412 ns, At safepoint: 515285 ns, Total: 967647 ns
[2025-10-15T05:05:06.823-0700][1246][info ][safepoint   ] Safepoint "ICBufferFull", Time since last: 1036080 ns, Reaching safepoint: 9339143 ns, Cleanup: 35273 ns, At safepoint: 488766 ns, Total: 9863182 ns
[2025-10-15T05:05:06.825-0700][1246][info ][safepoint   ] Safepoint "ICBufferFull", Time since last: 693073 ns, Reaching safepoint: 775879 ns, Cleanup: 6289 ns, At safepoint: 537459 ns, Total: 1319627 ns
[2025-10-15T05:05:06.832-0700][1246][info ][safepoint   ] Safepoint "ICBufferFull", Time since last: 3767123 ns, Reaching safepoint: 950541 ns, Cleanup: 18678 ns, At safepoint: 1773871 ns, Total: 2743090 ns
[2025-10-15T05:05:06.837-0700][1246][info ][safepoint   ] Safepoint "ICBufferFull", Time since last: 202014 ns, Reaching safepoint: 3573421 ns, Cleanup: 12108 ns, At safepoint: 1314489 ns, Total: 4900018 ns
[2025-10-15T05:05:06.843-0700][1246][info ][safepoint   ] Safepoint "ICBufferFull", Time since last: 2966768 ns, Reaching safepoint: 763679 ns, Cleanup: 17216 ns, At safepoint: 2326263 ns, Total: 3107158 ns
[2025-10-15T05:05:06.850-0700][1246][info ][safepoint   ] Safepoint "ICBufferFull", Time since last: 5057075 ns, Reaching safepoint: 879825 ns, Cleanup: 15443 ns, At safepoint: 1039695 ns, Total: 1934963 ns
[2025-10-15T05:05:06.856-0700][1246][info ][safepoint   ] Safepoint "ICBufferFull", Time since last: 3634513 ns, Reaching safepoint: 2119601 ns, Cleanup: 11838 ns, At safepoint: 668126 ns, Total: 2799565 ns
[2025-10-15T05:05:06.859-0700][1246][info ][safepoint   ] Safepoint "ICBufferFull", Time since last: 1031914 ns, Reaching safepoint: 675417 ns, Cleanup: 9785 ns, At safepoint: 598902 ns, Total: 1284104 ns
[2025-10-15T05:05:06.868-0700][1246][info ][safepoint   ] Safepoint "ICBufferFull", Time since last: 2887067 ns, Reaching safepoint: 6072323 ns, Cleanup: 13480 ns, At safepoint: 435045 ns, Total: 6520848 ns
[2025-10-15T05:05:06.873-0700][1246][info ][safepoint   ] Safepoint "ICBufferFull", Time since last: 546543 ns, Reaching safepoint: 4215508 ns, Cleanup: 12969 ns, At safepoint: 451640 ns, Total: 4680117 ns
[2025-10-15T05:05:06.875-0700][1246][info ][safepoint   ] Safepoint "ICBufferFull", Time since last: 860075 ns, Reaching safepoint: 538591 ns, Cleanup: 2725 ns, At safepoint: 404208 ns, Total: 945524 ns
[2025-10-15T05:05:06.876-0700][1246][info ][safepoint   ] Safepoint "ICBufferFull", Time since last: 341895 ns, Reaching safepoint: 453293 ns, Cleanup: 5778 ns, At safepoint: 390949 ns, Total: 850020 ns
[2025-10-15T05:05:06.879-0700][1246][info ][safepoint   ] Safepoint "ICBufferFull", Time since last: 1808543 ns, Reaching safepoint: 590219 ns, Cleanup: 8202 ns, At safepoint: 396277 ns, Total: 994698 ns
[2025-10-15T05:05:06.880-0700][1246][info ][safepoint   ] Safepoint "ICBufferFull", Time since last: 352471 ns, Reaching safepoint: 431219 ns, Cleanup: 7531 ns, At safepoint: 412101 ns, Total: 850851 ns
[2025-10-15T05:05:06.884-0700][1246][info ][safepoint   ] Safepoint "ICBufferFull", Time since last: 2150979 ns, Reaching safepoint: 759703 ns, Cleanup: 3235 ns, At safepoint: 516087 ns, Total: 1279025 ns
[2025-10-15T05:05:06.885-0700][1246][info ][safepoint   ] Safepoint "ICBufferFull", Time since last: 272140 ns, Reaching safepoint: 551541 ns, Cleanup: 5518 ns, At safepoint: 484329 ns, Total: 1041388 ns
[2025-10-15T05:05:06.889-0700][1246][info ][safepoint   ] Safepoint "ICBufferFull", Time since last: 92139 ns, Reaching safepoint: 455005 ns, Cleanup: 1653 ns, At safepoint: 3573831 ns, Total: 4030489 ns
[2025-10-15T05:05:06.891-0700][1246][info ][safepoint   ] Safepoint "ICBufferFull", Time since last: 122574 ns, Reaching safepoint: 741267 ns, Cleanup: 2924 ns, At safepoint: 441695 ns, Total: 1185886 ns
[2025-10-15T05:05:06.896-0700][1246][info ][safepoint   ] Safepoint "ICBufferFull", Time since last: 3706521 ns, Reaching safepoint: 758813 ns, Cleanup: 7711 ns, At safepoint: 480854 ns, Total: 1247378 ns
[2025-10-15T05:05:06.906-0700][1246][info ][safepoint   ] Safepoint "ICBufferFull", Time since last: 6745127 ns, Reaching safepoint: 783079 ns, Cleanup: 9414 ns, At safepoint: 2530120 ns, Total: 3322613 ns
[2025-10-15T05:05:06.913-0700][1246][info ][safepoint   ] Safepoint "ICBufferFull", Time since last: 5847655 ns, Reaching safepoint: 822098 ns, Cleanup: 9524 ns, At safepoint: 448856 ns, Total: 1280478 ns
[2025-10-15T05:05:06.917-0700][1246][info ][safepoint   ] Safepoint "ICBufferFull", Time since last: 3001379 ns, Reaching safepoint: 698572 ns, Cleanup: 10015 ns, At safepoint: 521675 ns, Total: 1230262 ns
[2025-10-15T05:05:06.958-0700][1246][info ][safepoint   ] Safepoint "ICBufferFull", Time since last: 32939809 ns, Reaching safepoint: 7196566 ns, Cleanup: 26500 ns, At safepoint: 905484 ns, Total: 8128550 ns
[2025-10-15T05:05:06.962-0700][1246][info ][safepoint   ] Safepoint "ICBufferFull", Time since last: 263827 ns, Reaching safepoint: 635016 ns, Cleanup: 5518 ns, At safepoint: 3165747 ns, Total: 3806281 ns
[2025-10-15T05:05:06.965-0700][1246][info ][safepoint   ] Safepoint "ICBufferFull", Time since last: 1296933 ns, Reaching safepoint: 802048 ns, Cleanup: 8012 ns, At safepoint: 617079 ns, Total: 1427139 ns
[2025-10-15T05:05:06.967-0700][1246][info ][safepoint   ] Safepoint "ICBufferFull", Time since last: 1246727 ns, Reaching safepoint: 669739 ns, Cleanup: 12378 ns, At safepoint: 610359 ns, Total: 1292476 ns
[2025-10-15T05:05:07.378-0700][1246][info ][safepoint   ] Safepoint "ICBufferFull", Time since last: 409291826 ns, Reaching safepoint: 858012 ns, Cleanup: 128403 ns, At safepoint: 686073 ns, Total: 1672488 ns
[2025-10-15T05:05:07.388-0700][1246][info ][safepoint   ] Safepoint "ICBufferFull", Time since last: 7954007 ns, Reaching safepoint: 797791 ns, Cleanup: 22774 ns, At safepoint: 582237 ns, Total: 1402802 ns
[2025-10-15T05:05:07.400-0700][1246][info ][safepoint   ] Safepoint "ICBufferFull", Time since last: 10594152 ns, Reaching safepoint: 826585 ns, Cleanup: 20360 ns, At safepoint: 530168 ns, Total: 1377113 ns
[2025-10-15T05:05:07.410-0700][1246][info ][safepoint   ] Safepoint "ICBufferFull", Time since last: 8612559 ns, Reaching safepoint: 789318 ns, Cleanup: 11938 ns, At safepoint: 561686 ns, Total: 1362942 ns
[2025-10-15T05:05:07.411-0700][1246][info ][safepoint   ] Safepoint "ICBufferFull", Time since last: 500273 ns, Reaching safepoint: 541646 ns, Cleanup: 2463 ns, At safepoint: 564340 ns, Total: 1108449 ns
[2025-10-15T05:05:07.418-0700][1246][info ][safepoint   ] Safepoint "ICBufferFull", Time since last: 4818526 ns, Reaching safepoint: 865533 ns, Cleanup: 15664 ns, At safepoint: 599482 ns, Total: 1480679 ns
[2025-10-15T05:05:07.430-0700][1246][info ][safepoint   ] Safepoint "ICBufferFull", Time since last: 4933499 ns, Reaching safepoint: 741887 ns, Cleanup: 19389 ns, At safepoint: 6883865 ns, Total: 7645141 ns
[2025-10-15T05:05:07.438-0700][1246][info ][safepoint   ] Safepoint "ICBufferFull", Time since last: 6160006 ns, Reaching safepoint: 827446 ns, Cleanup: 45318 ns, At safepoint: 611621 ns, Total: 1484385 ns
[2025-10-15T05:05:07.444-0700][1246][info ][safepoint   ] Safepoint "ICBufferFull", Time since last: 5353210 ns, Reaching safepoint: 736469 ns, Cleanup: 12739 ns, At safepoint: 628306 ns, Total: 1377514 ns
[2025-10-15T05:05:07.465-0700][1246][info ][safepoint   ] Safepoint "ICBufferFull", Time since last: 10784279 ns, Reaching safepoint: 798772 ns, Cleanup: 12119 ns, At safepoint: 8936105 ns, Total: 9746996 ns
[2025-10-15T05:05:07.477-0700][1246][info ][safepoint   ] Safepoint "ICBufferFull", Time since last: 8439868 ns, Reaching safepoint: 808598 ns, Cleanup: 20761 ns, At safepoint: 2838214 ns, Total: 3667573 ns
[2025-10-15T05:05:07.483-0700][1246][info ][safepoint   ] Safepoint "ICBufferFull", Time since last: 1909545 ns, Reaching safepoint: 3884930 ns, Cleanup: 17867 ns, At safepoint: 568275 ns, Total: 4471072 ns
[2025-10-15T05:05:07.495-0700][1246][info ][safepoint   ] Safepoint "ICBufferFull", Time since last: 9877002 ns, Reaching safepoint: 855539 ns, Cleanup: 22033 ns, At safepoint: 624049 ns, Total: 1501621 ns
[2025-10-15T05:05:07.504-0700][1246][info ][safepoint   ] Safepoint "ICBufferFull", Time since last: 7596429 ns, Reaching safepoint: 835848 ns, Cleanup: 17246 ns, At safepoint: 579994 ns, Total: 1433088 ns
[2025-10-15T05:05:07.512-0700][1246][info ][safepoint   ] Safepoint "ICBufferFull", Time since last: 6054686 ns, Reaching safepoint: 996611 ns, Cleanup: 13150 ns, At safepoint: 664270 ns, Total: 1674031 ns
[2025-10-15T05:05:07.521-0700][1246][info ][safepoint   ] Safepoint "ICBufferFull", Time since last: 3126648 ns, Reaching safepoint: 2545042 ns, Cleanup: 13981 ns, At safepoint: 3940714 ns, Total: 6499737 ns
[2025-10-15T05:05:07.531-0700][1246][info ][safepoint   ] Safepoint "ICBufferFull", Time since last: 8003942 ns, Reaching safepoint: 1026475 ns, Cleanup: 27141 ns, At safepoint: 704821 ns, Total: 1758437 ns
[2025-10-15T05:05:07.537-0700][1246][info ][safepoint   ] Safepoint "ICBufferFull", Time since last: 4689261 ns, Reaching safepoint: 837842 ns, Cleanup: 3745 ns, At safepoint: 654476 ns, Total: 1496063 ns
[2025-10-15T05:05:07.548-0700][1246][info ][safepoint   ] Safepoint "ICBufferFull", Time since last: 8746680 ns, Reaching safepoint: 909570 ns, Cleanup: 12849 ns, At safepoint: 662277 ns, Total: 1584696 ns
[2025-10-15T05:05:07.561-0700][1246][info ][safepoint   ] Safepoint "ICBufferFull", Time since last: 11459495 ns, Reaching safepoint: 965975 ns, Cleanup: 14962 ns, At safepoint: 1223072 ns, Total: 2204009 ns
[2025-10-15T05:05:07.568-0700][1246][info ][safepoint   ] Safepoint "ICBufferFull", Time since last: 1787832 ns, Reaching safepoint: 794907 ns, Cleanup: 3885 ns, At safepoint: 3914975 ns, Total: 4713767 ns
[2025-10-15T05:05:07.571-0700][1246][info ][safepoint   ] Safepoint "ICBufferFull", Time since last: 1900572 ns, Reaching safepoint: 902419 ns, Cleanup: 11718 ns, At safepoint: 658151 ns, Total: 1572288 ns
[2025-10-15T05:05:07.582-0700][1246][info ][safepoint   ] Safepoint "ICBufferFull", Time since last: 8633269 ns, Reaching safepoint: 951613 ns, Cleanup: 4597 ns, At safepoint: 757541 ns, Total: 1713751 ns
[2025-10-15T05:05:07.589-0700][1246][info ][safepoint   ] Safepoint "ICBufferFull", Time since last: 6506947 ns, Reaching safepoint: 836700 ns, Cleanup: 18378 ns, At safepoint: 591430 ns, Total: 1446508 ns
[2025-10-15T05:05:07.600-0700][1246][info ][safepoint   ] Safepoint "ICBufferFull", Time since last: 7788998 ns, Reaching safepoint: 2354356 ns, Cleanup: 13079 ns, At safepoint: 562958 ns, Total: 2930393 ns
[2025-10-15T05:05:07.615-0700][1246][info ][safepoint   ] Safepoint "ICBufferFull", Time since last: 11346855 ns, Reaching safepoint: 2285832 ns, Cleanup: 18568 ns, At safepoint: 671712 ns, Total: 2976112 ns
[2025-10-15T05:05:07.623-0700][1246][info ][safepoint   ] Safepoint "ICBufferFull", Time since last: 6807520 ns, Reaching safepoint: 811662 ns, Cleanup: 22133 ns, At safepoint: 1179797 ns, Total: 2013592 ns
[2025-10-15T05:05:07.641-0700][1246][info ][safepoint   ] Safepoint "ICBufferFull", Time since last: 1587029 ns, Reaching safepoint: 608587 ns, Cleanup: 2904 ns, At safepoint: 15602874 ns, Total: 16214365 ns
[2025-10-15T05:05:07.645-0700][1246][info ][safepoint   ] Safepoint "ICBufferFull", Time since last: 1244093 ns, Reaching safepoint: 1989806 ns, Cleanup: 20692 ns, At safepoint: 728036 ns, Total: 2738534 ns
[2025-10-15T05:05:07.649-0700][1246][info ][safepoint   ] Safepoint "ICBufferFull", Time since last: 619172 ns, Reaching safepoint: 718572 ns, Cleanup: 3325 ns, At safepoint: 2590461 ns, Total: 3312358 ns
[2025-10-15T05:05:07.658-0700][1246][info ][safepoint   ] Safepoint "ICBufferFull", Time since last: 933375 ns, Reaching safepoint: 754406 ns, Cleanup: 8022 ns, At safepoint: 7352120 ns, Total: 8114548 ns
[2025-10-15T05:05:07.669-0700][1246][info ][safepoint   ] Safepoint "ICBufferFull", Time since last: 1844007 ns, Reaching safepoint: 990742 ns, Cleanup: 4406 ns, At safepoint: 7785704 ns, Total: 8780852 ns
[2025-10-15T05:05:07.673-0700][1246][info ][safepoint   ] Safepoint "ICBufferFull", Time since last: 350998 ns, Reaching safepoint: 2952666 ns, Cleanup: 23325 ns, At safepoint: 714506 ns, Total: 3690497 ns
[2025-10-15T05:05:07.677-0700][1246][info ][safepoint   ] Safepoint "ICBufferFull", Time since last: 2199452 ns, Reaching safepoint: 810731 ns, Cleanup: 3795 ns, At safepoint: 802999 ns, Total: 1617525 ns
[2025-10-15T05:05:07.681-0700][1246][info ][safepoint   ] Safepoint "ICBufferFull", Time since last: 2234435 ns, Reaching safepoint: 815468 ns, Cleanup: 3485 ns, At safepoint: 1475622 ns, Total: 2294575 ns
[2025-10-15T05:05:07.686-0700][1246][info ][safepoint   ] Safepoint "ICBufferFull", Time since last: 3647041 ns, Reaching safepoint: 870691 ns, Cleanup: 8714 ns, At safepoint: 708837 ns, Total: 1588242 ns
[2025-10-15T05:05:07.689-0700][1246][info ][safepoint   ] Safepoint "ICBufferFull", Time since last: 1678247 ns, Reaching safepoint: 634956 ns, Cleanup: 3405 ns, At safepoint: 315105 ns, Total: 953466 ns
[2025-10-15T05:05:07.690-0700][1246][info ][safepoint   ] Safepoint "ICBufferFull", Time since last: 581385 ns, Reaching safepoint: 576538 ns, Cleanup: 6921 ns, At safepoint: 290938 ns, Total: 874397 ns
[2025-10-15T05:05:07.692-0700][1246][info ][safepoint   ] Safepoint "ICBufferFull", Time since last: 667244 ns, Reaching safepoint: 466903 ns, Cleanup: 1843 ns, At safepoint: 207583 ns, Total: 676329 ns
[2025-10-15T05:05:07.692-0700][1246][info ][safepoint   ] Safepoint "ICBufferFull", Time since last: 66970 ns, Reaching safepoint: 424710 ns, Cleanup: 891 ns, At safepoint: 161544 ns, Total: 587145 ns
[2025-10-15T05:05:07.693-0700][1246][info ][safepoint   ] Safepoint "ICBufferFull", Time since last: 57426 ns, Reaching safepoint: 399341 ns, Cleanup: 781 ns, At safepoint: 168805 ns, Total: 568927 ns
[2025-10-15T05:05:07.693-0700][1246][info ][safepoint   ] Safepoint "ICBufferFull", Time since last: 49574 ns, Reaching safepoint: 265660 ns, Cleanup: 962 ns, At safepoint: 125869 ns, Total: 392491 ns
[2025-10-15T05:05:07.694-0700][1246][info ][safepoint   ] Safepoint "ICBufferFull", Time since last: 47251 ns, Reaching safepoint: 365651 ns, Cleanup: 701 ns, At safepoint: 104878 ns, Total: 471230 ns
[2025-10-15T05:05:07.694-0700][1246][info ][safepoint   ] Safepoint "ICBufferFull", Time since last: 43435 ns, Reaching safepoint: 234774 ns, Cleanup: 671 ns, At safepoint: 123426 ns, Total: 358871 ns
[2025-10-15T05:05:07.695-0700][1246][info ][safepoint   ] Safepoint "ICBufferFull", Time since last: 40341 ns, Reaching safepoint: 245950 ns, Cleanup: 541 ns, At safepoint: 134933 ns, Total: 381424 ns
[2025-10-15T05:05:07.696-0700][1246][info ][safepoint   ] Safepoint "ICBufferFull", Time since last: 37346 ns, Reaching safepoint: 1083862 ns, Cleanup: 1392 ns, At safepoint: 88053 ns, Total: 1173307 ns
[2025-10-15T05:05:07.696-0700][1246][info ][safepoint   ] Safepoint "ICBufferFull", Time since last: 63495 ns, Reaching safepoint: 235194 ns, Cleanup: 671 ns, At safepoint: 85720 ns, Total: 321585 ns
[2025-10-15T05:05:07.697-0700][1246][info ][safepoint   ] Safepoint "ICBufferFull", Time since last: 34512 ns, Reaching safepoint: 342145 ns, Cleanup: 761 ns, At safepoint: 95564 ns, Total: 438470 ns
[2025-10-15T05:05:07.697-0700][1246][info ][safepoint   ] Safepoint "ICBufferFull", Time since last: 28322 ns, Reaching safepoint: 217478 ns, Cleanup: 1112 ns, At safepoint: 97947 ns, Total: 316537 ns
[2025-10-15T05:05:07.698-0700][1246][info ][safepoint   ] Safepoint "ICBufferFull", Time since last: 25699 ns, Reaching safepoint: 228954 ns, Cleanup: 1032 ns, At safepoint: 95193 ns, Total: 325179 ns
[2025-10-15T05:05:07.698-0700][1246][info ][safepoint   ] Safepoint "ICBufferFull", Time since last: 31698 ns, Reaching safepoint: 215785 ns, Cleanup: 1052 ns, At safepoint: 93801 ns, Total: 310638 ns
[2025-10-15T05:05:07.698-0700][1246][info ][safepoint   ] Safepoint "ICBufferFull", Time since last: 25839 ns, Reaching safepoint: 216426 ns, Cleanup: 1332 ns, At safepoint: 95884 ns, Total: 313642 ns
[2025-10-15T05:05:07.699-0700][1246][info ][safepoint   ] Safepoint "ICBufferFull", Time since last: 76756 ns, Reaching safepoint: 227071 ns, Cleanup: 1232 ns, At safepoint: 86020 ns, Total: 314323 ns
[2025-10-15T05:05:07.699-0700][1246][info ][safepoint   ] Safepoint "ICBufferFull", Time since last: 29755 ns, Reaching safepoint: 220792 ns, Cleanup: 1062 ns, At safepoint: 88283 ns, Total: 310137 ns
[2025-10-15T05:05:07.699-0700][1246][info ][safepoint   ] Safepoint "ICBufferFull", Time since last: 36044 ns, Reaching safepoint: 216055 ns, Cleanup: 511 ns, At safepoint: 72800 ns, Total: 289366 ns
[2025-10-15T05:05:07.700-0700][1246][info ][safepoint   ] Safepoint "ICBufferFull", Time since last: 28713 ns, Reaching safepoint: 212420 ns, Cleanup: 981 ns, At safepoint: 76435 ns, Total: 289836 ns
[2025-10-15T05:05:07.700-0700][1246][info ][safepoint   ] Safepoint "ICBufferFull", Time since last: 21643 ns, Reaching safepoint: 209025 ns, Cleanup: 1141 ns, At safepoint: 84027 ns, Total: 294193 ns
[2025-10-15T05:05:07.700-0700][1246][info ][safepoint   ] Safepoint "ICBufferFull", Time since last: 20481 ns, Reaching safepoint: 221093 ns, Cleanup: 500 ns, At safepoint: 113311 ns, Total: 334904 ns
[2025-10-15T05:05:07.701-0700][1246][info ][safepoint   ] Safepoint "ICBufferFull", Time since last: 34262 ns, Reaching safepoint: 222134 ns, Cleanup: 931 ns, At safepoint: 91248 ns, Total: 314313 ns
[2025-10-15T05:05:07.701-0700][1246][info ][safepoint   ] Safepoint "ICBufferFull", Time since last: 21001 ns, Reaching safepoint: 284799 ns, Cleanup: 531 ns, At safepoint: 97417 ns, Total: 382747 ns
[2025-10-15T05:05:07.701-0700][1246][info ][safepoint   ] Safepoint "ICBufferFull", Time since last: 24376 ns, Reaching safepoint: 227072 ns, Cleanup: 1202 ns, At safepoint: 84948 ns, Total: 313222 ns
[2025-10-15T05:05:07.703-0700][1246][info ][gc,start    ] GC(31) Pause Young (Mixed) (G1 Evacuation Pause)
[2025-10-15T05:05:07.703-0700][1246][info ][gc,task     ] GC(31) Using 113 workers of 113 for evacuation
[2025-10-15T05:05:07.709-0700][1246][debug][gc,remset   ] GC(31) Visited cards 3190528 Total dirty 11796480 (27.05%) Total old 49938432 (6.39%)
[2025-10-15T05:05:07.821-0700][1246][info ][gc,phases   ] GC(31)   Pre Evacuate Collection Set: 0.6ms
[2025-10-15T05:05:07.821-0700][1246][info ][gc,phases   ] GC(31)   Merge Heap Roots: 5.8ms
[2025-10-15T05:05:07.821-0700][1246][info ][gc,phases   ] GC(31)   Evacuate Collection Set: 105.5ms
[2025-10-15T05:05:07.821-0700][1246][info ][gc,phases   ] GC(31)   Post Evacuate Collection Set: 6.5ms
[2025-10-15T05:05:07.821-0700][1246][info ][gc,phases   ] GC(31)   Other: 0.1ms
[2025-10-15T05:05:07.821-0700][1246][debug][gc,remset   ] GC(31) Coarsening (recent): Inline->AoC 0 (0) AoC->Howl 0 (0) Howl->Full 0 (0) Inline->AoC 0 (0) AoC->BitMap 0 (0) BitMap->Full 0 (0) 
[2025-10-15T05:05:07.821-0700][1246][debug][gc,remset   ] GC(31) Coarsening (all): Inline->AoC 2113 (0) AoC->Howl 209 (0) Howl->Full 0 (0) Inline->AoC 1296 (0) AoC->BitMap 220 (0) BitMap->Full 0 (0) 
[2025-10-15T05:05:07.821-0700][1246][info ][gc,heap     ] GC(31) Eden regions: 252->0(252)
[2025-10-15T05:05:07.821-0700][1246][info ][gc,heap     ] GC(31) Survivor regions: 36->36(36)
[2025-10-15T05:05:07.822-0700][1246][info ][gc,heap     ] GC(31) Old regions: 185->264
[2025-10-15T05:05:07.822-0700][1246][info ][gc,heap     ] GC(31) Humongous regions: 0->0
[2025-10-15T05:05:07.822-0700][1246][info ][gc,metaspace] GC(31) Metaspace: 273821K(277376K)->273821K(277376K) NonClass: 240132K(242048K)->240132K(242048K) Class: 33688K(35328K)->33688K(35328K)
[2025-10-15T05:05:07.822-0700][1246][info ][gc          ] GC(31) Pause Young (Mixed) (G1 Evacuation Pause) 15132M->9577M(184320M) 118.595ms
[2025-10-15T05:05:07.823-0700][1246][info ][gc,cpu      ] GC(31) User=6.97s Sys=0.05s Real=0.12s
[2025-10-15T05:05:07.824-0700][1246][info ][safepoint   ] Safepoint "G1CollectForAllocation", Time since last: 24106 ns, Reaching safepoint: 398150 ns, Cleanup: 1041 ns, At safepoint: 121778837 ns, Total: 122178028 ns
[2025-10-15T05:05:08.273-0700][1246][info ][safepoint   ] Safepoint "ICBufferFull", Time since last: 447114036 ns, Reaching safepoint: 998383 ns, Cleanup: 185670 ns, At safepoint: 618521 ns, Total: 1802574 ns
[2025-10-15T05:05:08.835-0700][1246][info ][safepoint   ] Safepoint "ICBufferFull", Time since last: 560720728 ns, Reaching safepoint: 1230953 ns, Cleanup: 171659 ns, At safepoint: 523969 ns, Total: 1926581 ns
[2025-10-15T05:05:09.127-0700][1246][info ][safepoint   ] Safepoint "ICBufferFull", Time since last: 290291662 ns, Reaching safepoint: 1294149 ns, Cleanup: 134733 ns, At safepoint: 372250 ns, Total: 1801132 ns
[2025-10-15T05:05:09.130-0700][1246][info ][safepoint   ] Safepoint "ICBufferFull", Time since last: 1053947 ns, Reaching safepoint: 1218365 ns, Cleanup: 17216 ns, At safepoint: 385690 ns, Total: 1621271 ns
[2025-10-15T05:05:09.133-0700][1246][info ][safepoint   ] Safepoint "ICBufferFull", Time since last: 1312186 ns, Reaching safepoint: 1013506 ns, Cleanup: 13190 ns, At safepoint: 301674 ns, Total: 1328370 ns
[2025-10-15T05:05:09.135-0700][1246][info ][safepoint   ] Safepoint "ICBufferFull", Time since last: 487474 ns, Reaching safepoint: 1902415 ns, Cleanup: 3756 ns, At safepoint: 422947 ns, Total: 2329118 ns
[2025-10-15T05:05:09.138-0700][1246][info ][safepoint   ] Safepoint "ICBufferFull", Time since last: 1443463 ns, Reaching safepoint: 782478 ns, Cleanup: 7632 ns, At safepoint: 278349 ns, Total: 1068459 ns
[2025-10-15T05:05:09.140-0700][1246][info ][safepoint   ] Safepoint "ICBufferFull", Time since last: 750249 ns, Reaching safepoint: 1424646 ns, Cleanup: 6529 ns, At safepoint: 331920 ns, Total: 1763095 ns
[2025-10-15T05:05:09.142-0700][1246][info ][safepoint   ] Safepoint "ICBufferFull", Time since last: 517249 ns, Reaching safepoint: 894347 ns, Cleanup: 7802 ns, At safepoint: 279190 ns, Total: 1181339 ns
[2025-10-15T05:05:09.145-0700][1246][info ][safepoint   ] Safepoint "ICBufferFull", Time since last: 722167 ns, Reaching safepoint: 1608763 ns, Cleanup: 3986 ns, At safepoint: 348605 ns, Total: 1961354 ns
[2025-10-15T05:05:09.146-0700][1246][info ][safepoint   ] Safepoint "ICBufferFull", Time since last: 570819 ns, Reaching safepoint: 637210 ns, Cleanup: 2834 ns, At safepoint: 262876 ns, Total: 902920 ns
[2025-10-15T05:05:09.148-0700][1246][info ][safepoint   ] Safepoint "ICBufferFull", Time since last: 688046 ns, Reaching safepoint: 578010 ns, Cleanup: 11978 ns, At safepoint: 256476 ns, Total: 846464 ns
[2025-10-15T05:05:09.149-0700][1246][info ][safepoint   ] Safepoint "ICBufferFull", Time since last: 641256 ns, Reaching safepoint: 655216 ns, Cleanup: 2384 ns, At safepoint: 285750 ns, Total: 943350 ns
[2025-10-15T05:05:09.151-0700][1246][info ][safepoint   ] Safepoint "ICBufferFull", Time since last: 638652 ns, Reaching safepoint: 568596 ns, Cleanup: 2404 ns, At safepoint: 311639 ns, Total: 882639 ns
[2025-10-15T05:05:09.154-0700][1246][info ][safepoint   ] Safepoint "ICBufferFull", Time since last: 1904137 ns, Reaching safepoint: 849339 ns, Cleanup: 2704 ns, At safepoint: 428675 ns, Total: 1280718 ns
[2025-10-15T05:05:09.157-0700][1246][info ][safepoint   ] Safepoint "ICBufferFull", Time since last: 1914072 ns, Reaching safepoint: 908679 ns, Cleanup: 2954 ns, At safepoint: 473163 ns, Total: 1384796 ns
[2025-10-15T05:05:09.164-0700][1246][info ][safepoint   ] Safepoint "ICBufferFull", Time since last: 5004826 ns, Reaching safepoint: 1017492 ns, Cleanup: 3355 ns, At safepoint: 407734 ns, Total: 1428581 ns
[2025-10-15T05:05:09.168-0700][1246][info ][safepoint   ] Safepoint "ICBufferFull", Time since last: 1940522 ns, Reaching safepoint: 1645177 ns, Cleanup: 4186 ns, At safepoint: 500323 ns, Total: 2149686 ns
[2025-10-15T05:05:09.172-0700][1246][info ][safepoint   ] Safepoint "ICBufferFull", Time since last: 1536274 ns, Reaching safepoint: 1517635 ns, Cleanup: 4266 ns, At safepoint: 565081 ns, Total: 2086982 ns
[2025-10-15T05:05:09.175-0700][1246][info ][safepoint   ] Safepoint "ICBufferFull", Time since last: 1009180 ns, Reaching safepoint: 1673560 ns, Cleanup: 3715 ns, At safepoint: 564100 ns, Total: 2241375 ns
[2025-10-15T05:05:09.178-0700][1246][info ][safepoint   ] Safepoint "ICBufferFull", Time since last: 977061 ns, Reaching safepoint: 1427589 ns, Cleanup: 3596 ns, At safepoint: 544560 ns, Total: 1975745 ns
[2025-10-15T05:05:09.182-0700][1246][info ][safepoint   ] Safepoint "ICBufferFull", Time since last: 3177654 ns, Reaching safepoint: 843981 ns, Cleanup: 3586 ns, At safepoint: 669818 ns, Total: 1517385 ns
[2025-10-15T05:05:09.198-0700][1246][info ][safepoint   ] Safepoint "ICBufferFull", Time since last: 3700592 ns, Reaching safepoint: 11040554 ns, Cleanup: 4067 ns, At safepoint: 471449 ns, Total: 11516070 ns
[2025-10-15T05:05:09.206-0700][1246][info ][safepoint   ] Safepoint "ICBufferFull", Time since last: 2597832 ns, Reaching safepoint: 4964826 ns, Cleanup: 3946 ns, At safepoint: 516467 ns, Total: 5485239 ns
[2025-10-15T05:05:09.219-0700][1246][info ][safepoint   ] Safepoint "ICBufferFull", Time since last: 4938527 ns, Reaching safepoint: 7782408 ns, Cleanup: 11107 ns, At safepoint: 522837 ns, Total: 8316352 ns
[2025-10-15T05:05:09.228-0700][1246][info ][safepoint   ] Safepoint "ICBufferFull", Time since last: 3243143 ns, Reaching safepoint: 4846057 ns, Cleanup: 11297 ns, At safepoint: 551691 ns, Total: 5409045 ns
[2025-10-15T05:05:09.232-0700][1246][info ][safepoint   ] Safepoint "ICBufferFull", Time since last: 3052045 ns, Reaching safepoint: 937151 ns, Cleanup: 6130 ns, At safepoint: 426682 ns, Total: 1369963 ns
[2025-10-15T05:05:09.234-0700][1246][info ][safepoint   ] Safepoint "ICBufferFull", Time since last: 1362452 ns, Reaching safepoint: 516988 ns, Cleanup: 5679 ns, At safepoint: 499091 ns, Total: 1021758 ns
[2025-10-15T05:05:09.242-0700][1246][info ][safepoint   ] Safepoint "ICBufferFull", Time since last: 4861170 ns, Reaching safepoint: 1995845 ns, Cleanup: 2634 ns, At safepoint: 559943 ns, Total: 2558422 ns
[2025-10-15T05:05:09.247-0700][1246][info ][safepoint   ] Safepoint "ICBufferFull", Time since last: 3268902 ns, Reaching safepoint: 1546729 ns, Cleanup: 2394 ns, At safepoint: 470508 ns, Total: 2019631 ns
[2025-10-15T05:05:09.249-0700][1246][info ][safepoint   ] Safepoint "ICBufferFull", Time since last: 518671 ns, Reaching safepoint: 785283 ns, Cleanup: 1802 ns, At safepoint: 399011 ns, Total: 1186096 ns
[2025-10-15T05:05:09.258-0700][1246][info ][safepoint   ] Safepoint "ICBufferFull", Time since last: 7390839 ns, Reaching safepoint: 1071133 ns, Cleanup: 3905 ns, At safepoint: 639974 ns, Total: 1715012 ns
[2025-10-15T05:05:09.267-0700][1246][info ][safepoint   ] Safepoint "ICBufferFull", Time since last: 3330335 ns, Reaching safepoint: 4998126 ns, Cleanup: 3004 ns, At safepoint: 445621 ns, Total: 5446751 ns
[2025-10-15T05:05:09.268-0700][1246][info ][safepoint   ] Safepoint "ICBufferFull", Time since last: 303547 ns, Reaching safepoint: 567675 ns, Cleanup: 2343 ns, At safepoint: 480714 ns, Total: 1050732 ns
[2025-10-15T05:05:09.282-0700][1246][info ][safepoint   ] Safepoint "ICBufferFull", Time since last: 10123834 ns, Reaching safepoint: 3422403 ns, Cleanup: 9254 ns, At safepoint: 504179 ns, Total: 3935836 ns
[2025-10-15T05:05:09.293-0700][1246][info ][safepoint   ] Safepoint "ICBufferFull", Time since last: 4067665 ns, Reaching safepoint: 6101758 ns, Cleanup: 4066 ns, At safepoint: 477689 ns, Total: 6583513 ns
[2025-10-15T05:05:09.298-0700][1246][info ][safepoint   ] Safepoint "ICBufferFull", Time since last: 3418277 ns, Reaching safepoint: 840225 ns, Cleanup: 2885 ns, At safepoint: 486673 ns, Total: 1329783 ns
[2025-10-15T05:05:09.303-0700][1246][info ][safepoint   ] Safepoint "ICBufferFull", Time since last: 3660662 ns, Reaching safepoint: 1007086 ns, Cleanup: 2183 ns, At safepoint: 451330 ns, Total: 1460599 ns
[2025-10-15T05:05:09.308-0700][1246][info ][safepoint   ] Safepoint "ICBufferFull", Time since last: 3538618 ns, Reaching safepoint: 1249832 ns, Cleanup: 2724 ns, At safepoint: 499953 ns, Total: 1752509 ns
[2025-10-15T05:05:09.318-0700][1246][info ][safepoint   ] Safepoint "ICBufferFull", Time since last: 4263349 ns, Reaching safepoint: 5688726 ns, Cleanup: 9434 ns, At safepoint: 511330 ns, Total: 6209490 ns
[2025-10-15T05:05:09.322-0700][1246][info ][safepoint   ] Safepoint "ICBufferFull", Time since last: 408455 ns, Reaching safepoint: 2173353 ns, Cleanup: 2744 ns, At safepoint: 641536 ns, Total: 2817633 ns
[2025-10-15T05:05:09.330-0700][1246][info ][safepoint   ] Safepoint "ICBufferFull", Time since last: 3622084 ns, Reaching safepoint: 4110850 ns, Cleanup: 2363 ns, At safepoint: 493593 ns, Total: 4606806 ns
[2025-10-15T05:05:09.340-0700][1246][info ][safepoint   ] Safepoint "ICBufferFull", Time since last: 3381913 ns, Reaching safepoint: 6306446 ns, Cleanup: 11697 ns, At safepoint: 490589 ns, Total: 6808732 ns
[2025-10-15T05:05:09.344-0700][1246][info ][safepoint   ] Safepoint "ICBufferFull", Time since last: 2610931 ns, Reaching safepoint: 1155059 ns, Cleanup: 7672 ns, At safepoint: 532362 ns, Total: 1695093 ns
[2025-10-15T05:05:09.353-0700][1246][info ][safepoint   ] Safepoint "ICBufferFull", Time since last: 3827192 ns, Reaching safepoint: 3845380 ns, Cleanup: 10256 ns, At safepoint: 458520 ns, Total: 4314156 ns
[2025-10-15T05:05:09.361-0700][1246][info ][safepoint   ] Safepoint "ICBufferFull", Time since last: 3697468 ns, Reaching safepoint: 4091981 ns, Cleanup: 8783 ns, At safepoint: 508616 ns, Total: 4609380 ns
[2025-10-15T05:05:09.366-0700][1246][info ][safepoint   ] Safepoint "ICBufferFull", Time since last: 3384296 ns, Reaching safepoint: 1533109 ns, Cleanup: 7401 ns, At safepoint: 423437 ns, Total: 1963947 ns
[2025-10-15T05:05:09.375-0700][1246][info ][safepoint   ] Safepoint "ICBufferFull", Time since last: 4037420 ns, Reaching safepoint: 4719776 ns, Cleanup: 3616 ns, At safepoint: 505291 ns, Total: 5228683 ns
[2025-10-15T05:05:09.426-0700][1246][info ][gc,start    ] GC(32) Pause Young (Mixed) (G1 Evacuation Pause)
[2025-10-15T05:05:09.426-0700][1246][info ][gc,task     ] GC(32) Using 113 workers of 113 for evacuation
[2025-10-15T05:05:09.436-0700][1246][debug][gc,remset   ] GC(32) Visited cards 7185920 Total dirty 17039360 (42.17%) Total old 55115776 (13.04%)
[2025-10-15T05:05:09.559-0700][1246][info ][gc,phases   ] GC(32)   Pre Evacuate Collection Set: 0.6ms
[2025-10-15T05:05:09.559-0700][1246][info ][gc,phases   ] GC(32)   Merge Heap Roots: 8.6ms
[2025-10-15T05:05:09.559-0700][1246][info ][gc,phases   ] GC(32)   Evacuate Collection Set: 117.8ms
[2025-10-15T05:05:09.559-0700][1246][info ][gc,phases   ] GC(32)   Post Evacuate Collection Set: 5.2ms
[2025-10-15T05:05:09.559-0700][1246][info ][gc,phases   ] GC(32)   Other: 0.1ms
[2025-10-15T05:05:09.559-0700][1246][debug][gc,remset   ] GC(32) Coarsening (recent): Inline->AoC 6577 (3) AoC->Howl 328 (18) Howl->Full 0 (0) Inline->AoC 1590 (8) AoC->BitMap 453 (32) BitMap->Full 0 (0) 
[2025-10-15T05:05:09.559-0700][1246][debug][gc,remset   ] GC(32) Coarsening (all): Inline->AoC 8690 (3) AoC->Howl 537 (18) Howl->Full 0 (0) Inline->AoC 2886 (8) AoC->BitMap 673 (32) BitMap->Full 0 (0) 
[2025-10-15T05:05:09.559-0700][1246][info ][gc,heap     ] GC(32) Eden regions: 252->0(3420)
[2025-10-15T05:05:09.559-0700][1246][info ][gc,heap     ] GC(32) Survivor regions: 36->36(36)
[2025-10-15T05:05:09.559-0700][1246][info ][gc,heap     ] GC(32) Old regions: 264->324
[2025-10-15T05:05:09.559-0700][1246][info ][gc,heap     ] GC(32) Humongous regions: 0->0
[2025-10-15T05:05:09.559-0700][1246][info ][gc,metaspace] GC(32) Metaspace: 275118K(278784K)->275118K(278784K) NonClass: 241357K(243392K)->241357K(243392K) Class: 33761K(35392K)->33761K(35392K)
[2025-10-15T05:05:09.559-0700][1246][info ][gc          ] GC(32) Pause Young (Mixed) (G1 Evacuation Pause) 17641M->11491M(184320M) 132.594ms
[2025-10-15T05:05:09.560-0700][1246][info ][gc,cpu      ] GC(32) User=6.28s Sys=0.08s Real=0.14s
[2025-10-15T05:05:09.561-0700][1246][info ][safepoint   ] Safepoint "G1CollectForAllocation", Time since last: 46799748 ns, Reaching safepoint: 2802960 ns, Cleanup: 40161 ns, At safepoint: 135714370 ns, Total: 138557491 ns
[2025-10-15T05:05:09.993-0700][1246][info ][safepoint   ] Safepoint "ICBufferFull", Time since last: 423405997 ns, Reaching safepoint: 4161316 ns, Cleanup: 182495 ns, At safepoint: 4017269 ns, Total: 8361080 ns
[2025-10-15T05:05:10.005-0700][1246][info ][safepoint   ] Safepoint "ICBufferFull", Time since last: 7668517 ns, Reaching safepoint: 4062226 ns, Cleanup: 17196 ns, At safepoint: 544400 ns, Total: 4623822 ns
[2025-10-15T05:05:10.011-0700][1246][info ][safepoint   ] Safepoint "ICBufferFull", Time since last: 4400316 ns, Reaching safepoint: 803049 ns, Cleanup: 7912 ns, At safepoint: 526843 ns, Total: 1337804 ns
[2025-10-15T05:05:10.027-0700][1246][info ][safepoint   ] Safepoint "ICBufferFull", Time since last: 4739527 ns, Reaching safepoint: 10903848 ns, Cleanup: 21632 ns, At safepoint: 502928 ns, Total: 11428408 ns
[2025-10-15T05:05:10.031-0700][1246][info ][safepoint   ] Safepoint "ICBufferFull", Time since last: 1014047 ns, Reaching safepoint: 1265816 ns, Cleanup: 7901 ns, At safepoint: 1613810 ns, Total: 2887527 ns
[2025-10-15T05:05:10.045-0700][1246][info ][safepoint   ] Safepoint "ICBufferFull", Time since last: 3065526 ns, Reaching safepoint: 10267510 ns, Cleanup: 20191 ns, At safepoint: 612282 ns, Total: 10899983 ns
[2025-10-15T05:05:10.047-0700][1246][info ][safepoint   ] Safepoint "ICBufferFull", Time since last: 1430654 ns, Reaching safepoint: 755488 ns, Cleanup: 7881 ns, At safepoint: 524040 ns, Total: 1287409 ns
[2025-10-15T05:05:10.066-0700][1246][info ][safepoint   ] Safepoint "ICBufferFull", Time since last: 10018975 ns, Reaching safepoint: 8213788 ns, Cleanup: 10386 ns, At safepoint: 560534 ns, Total: 8784708 ns
[2025-10-15T05:05:10.073-0700][1246][info ][safepoint   ] Safepoint "ICBufferFull", Time since last: 4057590 ns, Reaching safepoint: 1768232 ns, Cleanup: 3916 ns, At safepoint: 603659 ns, Total: 2375807 ns
[2025-10-15T05:05:10.149-0700][1246][info ][safepoint   ] Safepoint "ICBufferFull", Time since last: 60647890 ns, Reaching safepoint: 14677710 ns, Cleanup: 134122 ns, At safepoint: 527605 ns, Total: 15339437 ns
[2025-10-15T05:05:10.150-0700][1246][info ][safepoint   ] Safepoint "ICBufferFull", Time since last: 128924 ns, Reaching safepoint: 568907 ns, Cleanup: 3124 ns, At safepoint: 414544 ns, Total: 986575 ns
[2025-10-15T05:05:10.155-0700][1246][info ][safepoint   ] Safepoint "ICBufferFull", Time since last: 3520411 ns, Reaching safepoint: 1635563 ns, Cleanup: 24226 ns, At safepoint: 402527 ns, Total: 2062316 ns
[2025-10-15T05:05:10.501-0700][1246][info ][safepoint   ] Safepoint "ICBufferFull", Time since last: 337499495 ns, Reaching safepoint: 7198689 ns, Cleanup: 186301 ns, At safepoint: 613804 ns, Total: 7998794 ns
[2025-10-15T05:05:10.507-0700][1246][info ][safepoint   ] Safepoint "ICBufferFull", Time since last: 3503085 ns, Reaching safepoint: 1966721 ns, Cleanup: 13100 ns, At safepoint: 572532 ns, Total: 2552353 ns
[2025-10-15T05:05:10.510-0700][1246][info ][safepoint   ] Safepoint "ICBufferFull", Time since last: 1606068 ns, Reaching safepoint: 564220 ns, Cleanup: 15853 ns, At safepoint: 537550 ns, Total: 1117623 ns
[2025-10-15T05:05:10.789-0700][1246][info ][safepoint   ] Safepoint "ICBufferFull", Time since last: 274297459 ns, Reaching safepoint: 916991 ns, Cleanup: 164197 ns, At safepoint: 4302028 ns, Total: 5383216 ns
[2025-10-15T05:05:11.051-0700][1246][info ][safepoint   ] Safepoint "ICBufferFull", Time since last: 251440954 ns, Reaching safepoint: 10078085 ns, Cleanup: 169966 ns, At safepoint: 534254 ns, Total: 10782305 ns
[2025-10-15T05:05:11.141-0700][1246][info ][safepoint   ] Safepoint "ICBufferFull", Time since last: 82170457 ns, Reaching safepoint: 985554 ns, Cleanup: 207362 ns, At safepoint: 5681495 ns, Total: 6874411 ns
[2025-10-15T05:05:11.145-0700][1246][info ][safepoint   ] Safepoint "ICBufferFull", Time since last: 3055531 ns, Reaching safepoint: 825603 ns, Cleanup: 25859 ns, At safepoint: 376307 ns, Total: 1227769 ns
[2025-10-15T05:05:11.264-0700][1246][info ][safepoint   ] Safepoint "ICBufferFull", Time since last: 117837842 ns, Reaching safepoint: 1049791 ns, Cleanup: 146971 ns, At safepoint: 306682 ns, Total: 1503444 ns
[2025-10-15T05:05:11.265-0700][1246][info ][safepoint   ] Safepoint "ICBufferFull", Time since last: 100662 ns, Reaching safepoint: 639282 ns, Cleanup: 4848 ns, At safepoint: 213601 ns, Total: 857731 ns
[2025-10-15T05:05:11.361-0700][1246][info ][gc,start    ] GC(33) Pause Young (Concurrent Start) (CodeCache GC Threshold)
[2025-10-15T05:05:11.362-0700][1246][info ][gc,task     ] GC(33) Using 113 workers of 113 for evacuation
[2025-10-15T05:05:11.374-0700][1246][debug][gc,remset   ] GC(33) Visited cards 10132736 Total dirty 21037056 (48.17%) Total old 57409536 (17.65%)
[2025-10-15T05:05:11.489-0700][1246][info ][gc,phases   ] GC(33)   Pre Evacuate Collection Set: 0.8ms
[2025-10-15T05:05:11.489-0700][1246][info ][gc,phases   ] GC(33)   Merge Heap Roots: 11.5ms
[2025-10-15T05:05:11.489-0700][1246][info ][gc,phases   ] GC(33)   Evacuate Collection Set: 107.1ms
[2025-10-15T05:05:11.489-0700][1246][info ][gc,phases   ] GC(33)   Post Evacuate Collection Set: 7.4ms
[2025-10-15T05:05:11.489-0700][1246][info ][gc,phases   ] GC(33)   Other: 0.1ms
[2025-10-15T05:05:11.489-0700][1246][debug][gc,remset   ] GC(33) Coarsening (recent): Inline->AoC 33 (0) AoC->Howl 0 (0) Howl->Full 0 (0) Inline->AoC 0 (0) AoC->BitMap 0 (0) BitMap->Full 0 (0) 
[2025-10-15T05:05:11.489-0700][1246][debug][gc,remset   ] GC(33) Coarsening (all): Inline->AoC 8723 (3) AoC->Howl 537 (18) Howl->Full 0 (0) Inline->AoC 2886 (8) AoC->BitMap 673 (32) BitMap->Full 0 (0) 
[2025-10-15T05:05:11.489-0700][1246][info ][gc,heap     ] GC(33) Eden regions: 240->0(233)
[2025-10-15T05:05:11.489-0700][1246][info ][gc,heap     ] GC(33) Survivor regions: 36->55(432)
[2025-10-15T05:05:11.489-0700][1246][info ][gc,heap     ] GC(33) Old regions: 324->324
[2025-10-15T05:05:11.489-0700][1246][info ][gc,heap     ] GC(33) Humongous regions: 0->0
[2025-10-15T05:05:11.489-0700][1246][info ][gc,metaspace] GC(33) Metaspace: 278583K(282624K)->278583K(282624K) NonClass: 244389K(246656K)->244389K(246656K) Class: 34194K(35968K)->34194K(35968K)
[2025-10-15T05:05:11.489-0700][1246][info ][gc          ] GC(33) Pause Young (Concurrent Start) (CodeCache GC Threshold) 19171M->12073M(184320M) 127.150ms
[2025-10-15T05:05:11.489-0700][1085][info ][gc          ] GC(34) Concurrent Mark Cycle
[2025-10-15T05:05:11.489-0700][1085][info ][gc,marking  ] GC(34) Concurrent Scan Root Regions
[2025-10-15T05:05:11.490-0700][1246][info ][gc,cpu      ] GC(33) User=5.76s Sys=0.03s Real=0.13s
[2025-10-15T05:05:11.492-0700][1246][info ][safepoint   ] Safepoint "G1TryInitiateConcMark", Time since last: 74470093 ns, Reaching safepoint: 20752538 ns, Cleanup: 42934 ns, At safepoint: 131212201 ns, Total: 152007673 ns
[2025-10-15T05:05:11.521-0700][1085][info ][gc,marking  ] GC(34) Concurrent Scan Root Regions 32.241ms
[2025-10-15T05:05:11.521-0700][1085][info ][gc,marking  ] GC(34) Concurrent Mark
[2025-10-15T05:05:11.521-0700][1085][info ][gc,marking  ] GC(34) Concurrent Mark From Roots
[2025-10-15T05:05:11.521-0700][1085][info ][gc,task     ] GC(34) Using 36 workers of 36 for marking
[2025-10-15T05:05:11.622-0700][1085][info ][gc,marking  ] GC(34) Concurrent Mark From Roots 100.761ms
[2025-10-15T05:05:11.622-0700][1085][info ][gc,marking  ] GC(34) Concurrent Preclean
[2025-10-15T05:05:11.627-0700][1085][info ][gc,marking  ] GC(34) Concurrent Preclean 4.487ms
[2025-10-15T05:05:11.629-0700][1246][info ][gc,start    ] GC(34) Pause Remark
[2025-10-15T05:05:12.028-0700][1246][info ][gc,mmu      ] GC(34) MMU target violated: 201.0ms (200.0ms/201.0ms)
[2025-10-15T05:05:12.028-0700][1246][info ][gc          ] GC(34) Pause Remark 13860M->13860M(184320M) 398.827ms
[2025-10-15T05:05:12.029-0700][1246][info ][gc,cpu      ] GC(34) User=11.00s Sys=0.05s Real=0.40s
[2025-10-15T05:05:12.036-0700][1246][info ][safepoint   ] Safepoint "G1PauseRemark", Time since last: 135045393 ns, Reaching safepoint: 1076811 ns, Cleanup: 101603 ns, At safepoint: 408452732 ns, Total: 409631146 ns
[2025-10-15T05:05:12.037-0700][1085][info ][gc,marking  ] GC(34) Concurrent Mark 515.987ms
[2025-10-15T05:05:12.037-0700][1085][info ][gc,marking  ] GC(34) Concurrent Rebuild Remembered Sets and Scrub Regions
[2025-10-15T05:05:12.370-0700][1085][info ][gc,marking  ] GC(34) Concurrent Rebuild Remembered Sets and Scrub Regions 332.834ms
[2025-10-15T05:05:12.373-0700][1246][info ][gc,start    ] GC(34) Pause Cleanup
[2025-10-15T05:05:12.375-0700][1246][info ][gc          ] GC(34) Pause Cleanup 16201M->16201M(184320M) 1.058ms
[2025-10-15T05:05:12.375-0700][1246][info ][gc,cpu      ] GC(34) User=0.01s Sys=0.01s Real=0.00s
[2025-10-15T05:05:12.376-0700][1246][info ][safepoint   ] Safepoint "G1PauseCleanup", Time since last: 333964242 ns, Reaching safepoint: 1701162 ns, Cleanup: 311028 ns, At safepoint: 3319619 ns, Total: 5331809 ns
[2025-10-15T05:05:12.376-0700][1085][info ][gc,marking  ] GC(34) Concurrent Clear Claimed Marks
[2025-10-15T05:05:12.376-0700][1085][info ][gc,marking  ] GC(34) Concurrent Clear Claimed Marks 0.634ms
[2025-10-15T05:05:12.376-0700][1085][info ][gc,marking  ] GC(34) Concurrent Cleanup for Next Mark
[2025-10-15T05:05:12.412-0700][1085][info ][gc,marking  ] GC(34) Concurrent Cleanup for Next Mark 35.257ms
[2025-10-15T05:05:12.412-0700][1085][info ][gc          ] GC(34) Concurrent Mark Cycle 922.644ms
[2025-10-15T05:05:12.666-0700][1246][info ][safepoint   ] Safepoint "ICBufferFull", Time since last: 289362103 ns, Reaching safepoint: 803560 ns, Cleanup: 173250 ns, At safepoint: 199911 ns, Total: 1176721 ns
[2025-10-15T05:05:12.861-0700][1246][debug][gc,jni      ] Setting _needs_gc. Thread "VM Thread" 1 locked.
[2025-10-15T05:05:12.861-0700][12461][debug][gc,jni      ] Performing GC after exiting critical section. Thread "nifty-client-worker-2" 0 locked.
[2025-10-15T05:05:12.861-0700][1246 ][info ][safepoint   ] Safepoint "G1CollectForAllocation", Time since last: 193642605 ns, Reaching safepoint: 680405 ns, Cleanup: 116134 ns, At safepoint: 171348 ns, Total: 967887 ns
[2025-10-15T05:05:12.861-0700][14188][debug][gc,jni      ] Allocation failed. Thread stalled by JNI critical section. Thread "query-execution-52" 0 locked.
[2025-10-15T05:05:12.862-0700][1246 ][info ][gc,start    ] GC(35) Pause Young (Prepare Mixed) (GCLocker Initiated GC)
[2025-10-15T05:05:12.862-0700][1246 ][info ][gc,task     ] GC(35) Using 113 workers of 113 for evacuation
[2025-10-15T05:05:12.873-0700][1246 ][debug][gc,remset   ] GC(35) Visited cards 10238464 Total dirty 20905984 (48.97%) Total old 58982400 (17.36%)
[2025-10-15T05:05:12.937-0700][1246 ][info ][gc,phases   ] GC(35)   Pre Evacuate Collection Set: 0.6ms
[2025-10-15T05:05:12.937-0700][1246 ][info ][gc,phases   ] GC(35)   Merge Heap Roots: 10.3ms
[2025-10-15T05:05:12.937-0700][1246 ][info ][gc,phases   ] GC(35)   Evacuate Collection Set: 58.1ms
[2025-10-15T05:05:12.937-0700][1246 ][info ][gc,phases   ] GC(35)   Post Evacuate Collection Set: 5.3ms
[2025-10-15T05:05:12.937-0700][1246 ][info ][gc,phases   ] GC(35)   Other: 0.1ms
[2025-10-15T05:05:12.937-0700][1246 ][debug][gc,remset   ] GC(35) Coarsening (recent): Inline->AoC 44424 (0) AoC->Howl 2630 (0) Howl->Full 0 (0) Inline->AoC 15976 (0) AoC->BitMap 2149 (0) BitMap->Full 0 (0) 
[2025-10-15T05:05:12.937-0700][1246 ][debug][gc,remset   ] GC(35) Coarsening (all): Inline->AoC 53147 (3) AoC->Howl 3167 (18) Howl->Full 0 (0) Inline->AoC 18862 (8) AoC->BitMap 2822 (32) BitMap->Full 0 (0) 
[2025-10-15T05:05:12.937-0700][1246 ][info ][gc,heap     ] GC(35) Eden regions: 233->0(3426)
[2025-10-15T05:05:12.937-0700][1246 ][info ][gc,heap     ] GC(35) Survivor regions: 55->30(36)
[2025-10-15T05:05:12.937-0700][1246 ][info ][gc,heap     ] GC(35) Old regions: 324->356
[2025-10-15T05:05:12.937-0700][1246 ][info ][gc,heap     ] GC(35) Humongous regions: 0->0
[2025-10-15T05:05:12.937-0700][1246 ][info ][gc,metaspace] GC(35) Metaspace: 280360K(284288K)->280360K(284288K) NonClass: 246067K(248256K)->246067K(248256K) Class: 34293K(36032K)->34293K(36032K)
[2025-10-15T05:05:12.937-0700][1246 ][info ][gc          ] GC(35) Pause Young (Prepare Mixed) (GCLocker Initiated GC) 19529M->12331M(184320M) 74.650ms
[2025-10-15T05:05:12.938-0700][1246 ][info ][gc,cpu      ] GC(35) User=5.55s Sys=0.04s Real=0.07s
[2025-10-15T05:05:12.939-0700][1246 ][info ][safepoint   ] Safepoint "G1CollectForAllocation", Time since last: 61573 ns, Reaching safepoint: 398670 ns, Cleanup: 1543 ns, At safepoint: 77708088 ns, Total: 78108301 ns
[2025-10-15T05:05:13.100-0700][1246 ][info ][safepoint   ] Safepoint "ICBufferFull", Time since last: 160155522 ns, Reaching safepoint: 768026 ns, Cleanup: 148964 ns, At safepoint: 170167 ns, Total: 1087157 ns
[2025-10-15T05:05:13.528-0700][1246 ][info ][safepoint   ] Safepoint "ICBufferFull", Time since last: 426719386 ns, Reaching safepoint: 833946 ns, Cleanup: 184528 ns, At safepoint: 239561 ns, Total: 1258035 ns
[2025-10-15T05:05:14.091-0700][1246 ][info ][safepoint   ] Safepoint "ICBufferFull", Time since last: 561655705 ns, Reaching safepoint: 771932 ns, Cleanup: 158799 ns, At safepoint: 124919 ns, Total: 1055650 ns
[2025-10-15T05:05:14.384-0700][1246 ][info ][safepoint   ] Safepoint "ICBufferFull", Time since last: 288913437 ns, Reaching safepoint: 878192 ns, Cleanup: 175384 ns, At safepoint: 3148992 ns, Total: 4202568 ns
[2025-10-15T05:05:14.895-0700][1246 ][info ][safepoint   ] Safepoint "ICBufferFull", Time since last: 419341728 ns, Reaching safepoint: 90997248 ns, Cleanup: 182595 ns, At safepoint: 886104 ns, Total: 92065947 ns
[2025-10-15T05:05:14.921-0700][1246 ][info ][safepoint   ] Safepoint "ICBufferFull", Time since last: 8914713 ns, Reaching safepoint: 1138925 ns, Cleanup: 24737 ns, At safepoint: 15955836 ns, Total: 17119498 ns
[2025-10-15T05:05:15.018-0700][1246 ][info ][safepoint   ] Safepoint "ICBufferFull", Time since last: 16036586 ns, Reaching safepoint: 35574987 ns, Cleanup: 44257 ns, At safepoint: 45206679 ns, Total: 80825923 ns
[2025-10-15T05:05:15.044-0700][1246 ][info ][safepoint   ] Safepoint "ICBufferFull", Time since last: 7761216 ns, Reaching safepoint: 1168169 ns, Cleanup: 66761 ns, At safepoint: 17010713 ns, Total: 18245643 ns
[2025-10-15T05:05:15.102-0700][1246 ][info ][safepoint   ] Safepoint "ICBufferFull", Time since last: 9406554 ns, Reaching safepoint: 36769125 ns, Cleanup: 45498 ns, At safepoint: 11519666 ns, Total: 48334289 ns
[2025-10-15T05:05:15.120-0700][1246 ][info ][safepoint   ] Safepoint "ICBufferFull", Time since last: 9258982 ns, Reaching safepoint: 1167738 ns, Cleanup: 22944 ns, At safepoint: 8020457 ns, Total: 9211139 ns
[2025-10-15T05:05:15.127-0700][1246 ][info ][safepoint   ] Safepoint "ICBufferFull", Time since last: 785613 ns, Reaching safepoint: 1026636 ns, Cleanup: 13570 ns, At safepoint: 4952457 ns, Total: 5992663 ns
[2025-10-15T05:05:15.166-0700][1246 ][info ][safepoint   ] Safepoint "ICBufferFull", Time since last: 20030030 ns, Reaching safepoint: 1188730 ns, Cleanup: 11477 ns, At safepoint: 17777188 ns, Total: 18977395 ns
[2025-10-15T05:05:15.254-0700][1246 ][info ][safepoint   ] Safepoint "ICBufferFull", Time since last: 6237362 ns, Reaching safepoint: 60132534 ns, Cleanup: 58658 ns, At safepoint: 21566554 ns, Total: 81757746 ns
[2025-10-15T05:05:15.329-0700][1246 ][info ][safepoint   ] Safepoint "ICBufferFull", Time since last: 676618 ns, Reaching safepoint: 67991498 ns, Cleanup: 47902 ns, At safepoint: 5733944 ns, Total: 73773344 ns
[2025-10-15T05:05:15.372-0700][1246 ][info ][safepoint   ] Safepoint "ICBufferFull", Time since last: 13620138 ns, Reaching safepoint: 4640477 ns, Cleanup: 17457 ns, At safepoint: 24825000 ns, Total: 29482934 ns
[2025-10-15T05:05:15.380-0700][1246 ][info ][safepoint   ] Safepoint "ICBufferFull", Time since last: 2104198 ns, Reaching safepoint: 1287158 ns, Cleanup: 13460 ns, At safepoint: 5033830 ns, Total: 6334448 ns
[2025-10-15T05:05:15.384-0700][1246 ][info ][safepoint   ] Safepoint "ICBufferFull", Time since last: 871182 ns, Reaching safepoint: 1641772 ns, Cleanup: 2644 ns, At safepoint: 1180948 ns, Total: 2825364 ns
[2025-10-15T05:05:15.405-0700][1246 ][info ][safepoint   ] Safepoint "ICBufferFull", Time since last: 15314860 ns, Reaching safepoint: 1075319 ns, Cleanup: 12840 ns, At safepoint: 5020439 ns, Total: 6108598 ns
[2025-10-15T05:05:15.424-0700][1246 ][info ][safepoint   ] Safepoint "ICBufferFull", Time since last: 9039972 ns, Reaching safepoint: 1081969 ns, Cleanup: 10446 ns, At safepoint: 8259536 ns, Total: 9351951 ns
[2025-10-15T05:05:15.434-0700][1246 ][info ][safepoint   ] Safepoint "ICBufferFull", Time since last: 7711852 ns, Reaching safepoint: 1302472 ns, Cleanup: 9664 ns, At safepoint: 1705889 ns, Total: 3018025 ns
[2025-10-15T05:05:15.445-0700][1246 ][info ][safepoint   ] Safepoint "ICBufferFull", Time since last: 8091654 ns, Reaching safepoint: 1180818 ns, Cleanup: 11747 ns, At safepoint: 1672058 ns, Total: 2864623 ns
[2025-10-15T05:05:15.453-0700][1246 ][info ][safepoint   ] Safepoint "ICBufferFull", Time since last: 4118271 ns, Reaching safepoint: 1206256 ns, Cleanup: 10676 ns, At safepoint: 2395828 ns, Total: 3612760 ns
[2025-10-15T05:05:15.469-0700][1246 ][info ][safepoint   ] Safepoint "ICBufferFull", Time since last: 10373249 ns, Reaching safepoint: 1148630 ns, Cleanup: 10015 ns, At safepoint: 4062687 ns, Total: 5221332 ns
[2025-10-15T05:05:15.488-0700][1246 ][info ][safepoint   ] Safepoint "ICBufferFull", Time since last: 10869467 ns, Reaching safepoint: 1118654 ns, Cleanup: 11497 ns, At safepoint: 7483519 ns, Total: 8613670 ns
[2025-10-15T05:05:15.507-0700][1246 ][info ][safepoint   ] Safepoint "ICBufferFull", Time since last: 13019083 ns, Reaching safepoint: 1174228 ns, Cleanup: 7902 ns, At safepoint: 4895922 ns, Total: 6078052 ns
[2025-10-15T05:05:15.564-0700][1246 ][info ][safepoint   ] Safepoint "ICBufferFull", Time since last: 19689247 ns, Reaching safepoint: 35711261 ns, Cleanup: 20842 ns, At safepoint: 1310163 ns, Total: 37042266 ns
[2025-10-15T05:05:15.571-0700][1246 ][info ][safepoint   ] Safepoint "ICBufferFull", Time since last: 597710 ns, Reaching safepoint: 1079034 ns, Cleanup: 3726 ns, At safepoint: 4787909 ns, Total: 5870669 ns
[2025-10-15T05:05:15.591-0700][1246 ][info ][safepoint   ] Safepoint "ICBufferFull", Time since last: 17842627 ns, Reaching safepoint: 1225585 ns, Cleanup: 14011 ns, At safepoint: 1080657 ns, Total: 2320253 ns
[2025-10-15T05:05:15.597-0700][1246 ][info ][safepoint   ] Safepoint "ICBufferFull", Time since last: 3576475 ns, Reaching safepoint: 1106176 ns, Cleanup: 8423 ns, At safepoint: 1452256 ns, Total: 2566855 ns
[2025-10-15T05:05:15.646-0700][1246 ][info ][safepoint   ] Safepoint "ICBufferFull", Time since last: 44597372 ns, Reaching safepoint: 1207048 ns, Cleanup: 21813 ns, At safepoint: 3712079 ns, Total: 4940940 ns
[2025-10-15T05:05:15.651-0700][1246 ][info ][safepoint   ] Safepoint "ICBufferFull", Time since last: 2389388 ns, Reaching safepoint: 1281109 ns, Cleanup: 10486 ns, At safepoint: 1197272 ns, Total: 2488867 ns
[2025-10-15T05:05:15.662-0700][1246 ][info ][safepoint   ] Safepoint "ICBufferFull", Time since last: 4348688 ns, Reaching safepoint: 1101589 ns, Cleanup: 8463 ns, At safepoint: 5327762 ns, Total: 6437814 ns
[2025-10-15T05:05:15.666-0700][1246 ][info ][safepoint   ] Safepoint "ICBufferFull", Time since last: 1432477 ns, Reaching safepoint: 1183342 ns, Cleanup: 4036 ns, At safepoint: 1248330 ns, Total: 2435708 ns
[2025-10-15T05:05:15.685-0700][1246 ][info ][safepoint   ] Safepoint "ICBufferFull", Time since last: 7340102 ns, Reaching safepoint: 1076701 ns, Cleanup: 8663 ns, At safepoint: 10893192 ns, Total: 11978556 ns
[2025-10-15T05:05:15.712-0700][1246 ][info ][safepoint   ] Safepoint "ICBufferFull", Time since last: 12046139 ns, Reaching safepoint: 1685377 ns, Cleanup: 12860 ns, At safepoint: 13268519 ns, Total: 14966756 ns
[2025-10-15T05:05:15.725-0700][1246 ][info ][safepoint   ] Safepoint "ICBufferFull", Time since last: 9996612 ns, Reaching safepoint: 1203312 ns, Cleanup: 9244 ns, At safepoint: 1090432 ns, Total: 2302988 ns
[2025-10-15T05:05:15.745-0700][1246 ][info ][safepoint   ] Safepoint "ICBufferFull", Time since last: 7703930 ns, Reaching safepoint: 1099465 ns, Cleanup: 4597 ns, At safepoint: 11737113 ns, Total: 12841175 ns
[2025-10-15T05:05:15.757-0700][1246 ][info ][safepoint   ] Safepoint "ICBufferFull", Time since last: 6160326 ns, Reaching safepoint: 1221469 ns, Cleanup: 13671 ns, At safepoint: 4843803 ns, Total: 6078943 ns
[2025-10-15T05:05:15.777-0700][1246 ][info ][safepoint   ] Safepoint "ICBufferFull", Time since last: 10109462 ns, Reaching safepoint: 1118194 ns, Cleanup: 11908 ns, At safepoint: 8679439 ns, Total: 9809541 ns
[2025-10-15T05:05:15.802-0700][1246 ][info ][safepoint   ] Safepoint "ICBufferFull", Time since last: 3036412 ns, Reaching safepoint: 3522374 ns, Cleanup: 15653 ns, At safepoint: 18413376 ns, Total: 21951403 ns
[2025-10-15T05:05:15.831-0700][1246 ][info ][safepoint   ] Safepoint "ICBufferFull", Time since last: 9305432 ns, Reaching safepoint: 1341089 ns, Cleanup: 28172 ns, At safepoint: 18446065 ns, Total: 19815326 ns
[2025-10-15T05:05:15.858-0700][1246 ][info ][safepoint   ] Safepoint "ICBufferFull", Time since last: 11945016 ns, Reaching safepoint: 5350557 ns, Cleanup: 12218 ns, At safepoint: 9485172 ns, Total: 14847947 ns
[2025-10-15T05:05:15.882-0700][1246 ][info ][safepoint   ] Safepoint "ICBufferFull", Time since last: 8101800 ns, Reaching safepoint: 5335944 ns, Cleanup: 8893 ns, At safepoint: 10000559 ns, Total: 15345396 ns
[2025-10-15T05:05:15.915-0700][1246 ][info ][safepoint   ] Safepoint "ICBufferFull", Time since last: 23695198 ns, Reaching safepoint: 7465381 ns, Cleanup: 10546 ns, At safepoint: 2193613 ns, Total: 9669540 ns
[2025-10-15T05:05:15.934-0700][1246 ][info ][safepoint   ] Safepoint "ICBufferFull", Time since last: 15406689 ns, Reaching safepoint: 1180207 ns, Cleanup: 10926 ns, At safepoint: 2883702 ns, Total: 4074835 ns
[2025-10-15T05:05:15.962-0700][1246 ][info ][safepoint   ] Safepoint "ICBufferFull", Time since last: 8895414 ns, Reaching safepoint: 9525583 ns, Cleanup: 10957 ns, At safepoint: 9363218 ns, Total: 18899758 ns
[2025-10-15T05:05:15.997-0700][1246 ][info ][safepoint   ] Safepoint "ICBufferFull", Time since last: 11090089 ns, Reaching safepoint: 10588454 ns, Cleanup: 12288 ns, At safepoint: 13310883 ns, Total: 23911625 ns
[2025-10-15T05:05:16.057-0700][1246 ][info ][safepoint   ] Safepoint "ICBufferFull", Time since last: 23015735 ns, Reaching safepoint: 22511206 ns, Cleanup: 37337 ns, At safepoint: 14431299 ns, Total: 36979842 ns
[2025-10-15T05:05:16.082-0700][1246 ][info ][safepoint   ] Safepoint "ICBufferFull", Time since last: 12033159 ns, Reaching safepoint: 5450207 ns, Cleanup: 14802 ns, At safepoint: 7444950 ns, Total: 12909959 ns
[2025-10-15T05:05:16.110-0700][1246 ][info ][safepoint   ] Safepoint "ICBufferFull", Time since last: 21072069 ns, Reaching safepoint: 1286227 ns, Cleanup: 19890 ns, At safepoint: 5691870 ns, Total: 6997987 ns
[2025-10-15T05:05:16.131-0700][1246 ][info ][safepoint   ] Safepoint "ICBufferFull", Time since last: 10992071 ns, Reaching safepoint: 1213758 ns, Cleanup: 12268 ns, At safepoint: 8774312 ns, Total: 10000338 ns
[2025-10-15T05:05:16.161-0700][1246 ][info ][safepoint   ] Safepoint "ICBufferFull", Time since last: 9023737 ns, Reaching safepoint: 15944609 ns, Cleanup: 24046 ns, At safepoint: 4694078 ns, Total: 20662733 ns
[2025-10-15T05:05:16.197-0700][1246 ][info ][safepoint   ] Safepoint "ICBufferFull", Time since last: 11890264 ns, Reaching safepoint: 15846420 ns, Cleanup: 11628 ns, At safepoint: 8277503 ns, Total: 24135551 ns
[2025-10-15T05:05:16.239-0700][1246 ][info ][safepoint   ] Safepoint "ICBufferFull", Time since last: 17343185 ns, Reaching safepoint: 13844386 ns, Cleanup: 11237 ns, At safepoint: 10582144 ns, Total: 24437767 ns
[2025-10-15T05:05:16.245-0700][1246 ][info ][safepoint   ] Safepoint "ICBufferFull", Time since last: 3542193 ns, Reaching safepoint: 1287248 ns, Cleanup: 3476 ns, At safepoint: 1688092 ns, Total: 2978816 ns
[2025-10-15T05:05:16.284-0700][1246 ][info ][safepoint   ] Safepoint "ICBufferFull", Time since last: 22552127 ns, Reaching safepoint: 11858255 ns, Cleanup: 16535 ns, At safepoint: 4788320 ns, Total: 16663110 ns
[2025-10-15T05:05:16.305-0700][1246 ][info ][safepoint   ] Safepoint "ICBufferFull", Time since last: 15779180 ns, Reaching safepoint: 1313738 ns, Cleanup: 3835 ns, At safepoint: 3011816 ns, Total: 4329389 ns
[2025-10-15T05:05:16.345-0700][1246 ][info ][safepoint   ] Safepoint "ICBufferFull", Time since last: 15670034 ns, Reaching safepoint: 21197298 ns, Cleanup: 15353 ns, At safepoint: 3869497 ns, Total: 25082148 ns
[2025-10-15T05:05:16.363-0700][1246 ][info ][safepoint   ] Safepoint "ICBufferFull", Time since last: 11563842 ns, Reaching safepoint: 1337363 ns, Cleanup: 9915 ns, At safepoint: 5091166 ns, Total: 6438444 ns
[2025-10-15T05:05:16.389-0700][1246 ][info ][safepoint   ] Safepoint "ICBufferFull", Time since last: 932645 ns, Reaching safepoint: 21072099 ns, Cleanup: 10826 ns, At safepoint: 4038591 ns, Total: 25121516 ns
[2025-10-15T05:05:16.420-0700][1246 ][info ][safepoint   ] Safepoint "ICBufferFull", Time since last: 17329844 ns, Reaching safepoint: 1343964 ns, Cleanup: 28563 ns, At safepoint: 12163405 ns, Total: 13535932 ns
[2025-10-15T05:05:16.466-0700][1246 ][info ][safepoint   ] Safepoint "ICBufferFull", Time since last: 14197898 ns, Reaching safepoint: 18286615 ns, Cleanup: 11687 ns, At safepoint: 13494780 ns, Total: 31793082 ns
[2025-10-15T05:05:16.507-0700][1246 ][info ][safepoint   ] Safepoint "ICBufferFull", Time since last: 16297069 ns, Reaching safepoint: 22399768 ns, Cleanup: 19429 ns, At safepoint: 1705939 ns, Total: 24125136 ns
[2025-10-15T05:05:16.517-0700][1246 ][info ][safepoint   ] Safepoint "ICBufferFull", Time since last: 5545100 ns, Reaching safepoint: 1219215 ns, Cleanup: 3656 ns, At safepoint: 3330625 ns, Total: 4553496 ns
[2025-10-15T05:05:16.531-0700][1246 ][info ][safepoint   ] Safepoint "ICBufferFull", Time since last: 6568210 ns, Reaching safepoint: 1187808 ns, Cleanup: 25709 ns, At safepoint: 6292755 ns, Total: 7506272 ns
[2025-10-15T05:05:16.550-0700][1246 ][info ][safepoint   ] Safepoint "ICBufferFull", Time since last: 15410635 ns, Reaching safepoint: 1181288 ns, Cleanup: 10216 ns, At safepoint: 2702389 ns, Total: 3893893 ns
[2025-10-15T05:05:16.561-0700][1246 ][info ][safepoint   ] Safepoint "ICBufferFull", Time since last: 8104693 ns, Reaching safepoint: 1001218 ns, Cleanup: 19099 ns, At safepoint: 1270292 ns, Total: 2290609 ns
[2025-10-15T05:05:16.569-0700][1246 ][info ][safepoint   ] Safepoint "ICBufferFull", Time since last: 5704790 ns, Reaching safepoint: 866946 ns, Cleanup: 7291 ns, At safepoint: 2167013 ns, Total: 3041250 ns
[2025-10-15T05:05:16.588-0700][1246 ][info ][safepoint   ] Safepoint "ICBufferFull", Time since last: 15964348 ns, Reaching safepoint: 924632 ns, Cleanup: 13951 ns, At safepoint: 1460489 ns, Total: 2399072 ns
[2025-10-15T05:05:16.597-0700][1246 ][info ][safepoint   ] Safepoint "ICBufferFull", Time since last: 7595247 ns, Reaching safepoint: 889088 ns, Cleanup: 7291 ns, At safepoint: 1326708 ns, Total: 2223087 ns
[2025-10-15T05:05:16.616-0700][1246 ][info ][safepoint   ] Safepoint "ICBufferFull", Time since last: 15772089 ns, Reaching safepoint: 931042 ns, Cleanup: 13700 ns, At safepoint: 1851648 ns, Total: 2796390 ns
[2025-10-15T05:05:16.621-0700][1246 ][info ][safepoint   ] Safepoint "ICBufferFull", Time since last: 3210004 ns, Reaching safepoint: 754746 ns, Cleanup: 8202 ns, At safepoint: 1438236 ns, Total: 2201184 ns
[2025-10-15T05:05:16.643-0700][1246 ][info ][safepoint   ] Safepoint "ICBufferFull", Time since last: 18804825 ns, Reaching safepoint: 1364425 ns, Cleanup: 14311 ns, At safepoint: 1164383 ns, Total: 2543119 ns
[2025-10-15T05:05:16.646-0700][1246 ][info ][safepoint   ] Safepoint "ICBufferFull", Time since last: 971573 ns, Reaching safepoint: 688177 ns, Cleanup: 6469 ns, At safepoint: 1540660 ns, Total: 2235306 ns
[2025-10-15T05:05:16.765-0700][1246 ][info ][safepoint   ] Safepoint "ICBufferFull", Time since last: 14940306 ns, Reaching safepoint: 101170036 ns, Cleanup: 46380 ns, At safepoint: 3314991 ns, Total: 104531407 ns
[2025-10-15T05:05:16.790-0700][1246 ][info ][safepoint   ] Safepoint "ICBufferFull", Time since last: 653083 ns, Reaching safepoint: 961538 ns, Cleanup: 9244 ns, At safepoint: 23137689 ns, Total: 24108471 ns
[2025-10-15T05:05:16.796-0700][1246 ][info ][safepoint   ] Safepoint "ICBufferFull", Time since last: 363408 ns, Reaching safepoint: 1527369 ns, Cleanup: 9685 ns, At safepoint: 3969817 ns, Total: 5506871 ns
[2025-10-15T05:05:16.806-0700][1246 ][info ][safepoint   ] Safepoint "ICBufferFull", Time since last: 7254804 ns, Reaching safepoint: 1331946 ns, Cleanup: 9284 ns, At safepoint: 1130712 ns, Total: 2471942 ns
[2025-10-15T05:05:16.924-0700][1246 ][info ][safepoint   ] Safepoint "ICBufferFull", Time since last: 3421352 ns, Reaching safepoint: 106919132 ns, Cleanup: 156846 ns, At safepoint: 7242636 ns, Total: 114318614 ns
[2025-10-15T05:05:16.937-0700][1246 ][info ][safepoint   ] Safepoint "ICBufferFull", Time since last: 10697427 ns, Reaching safepoint: 1173127 ns, Cleanup: 14782 ns, At safepoint: 1951759 ns, Total: 3139668 ns
[2025-10-15T05:05:16.967-0700][1246 ][info ][safepoint   ] Safepoint "ICBufferFull", Time since last: 3273739 ns, Reaching safepoint: 16617011 ns, Cleanup: 21142 ns, At safepoint: 9786375 ns, Total: 26424528 ns
[2025-10-15T05:05:16.972-0700][1246 ][info ][safepoint   ] Safepoint "ICBufferFull", Time since last: 513994 ns, Reaching safepoint: 927126 ns, Cleanup: 20001 ns, At safepoint: 3648523 ns, Total: 4595650 ns
[2025-10-15T05:05:16.982-0700][1246 ][info ][safepoint   ] Safepoint "ICBufferFull", Time since last: 2277289 ns, Reaching safepoint: 984733 ns, Cleanup: 13460 ns, At safepoint: 6946039 ns, Total: 7944232 ns
[2025-10-15T05:05:16.995-0700][1246 ][info ][safepoint   ] Safepoint "ICBufferFull", Time since last: 5731480 ns, Reaching safepoint: 1047948 ns, Cleanup: 11908 ns, At safepoint: 5279269 ns, Total: 6339125 ns
[2025-10-15T05:05:17.009-0700][1246 ][info ][safepoint   ] Safepoint "ICBufferFull", Time since last: 12545290 ns, Reaching safepoint: 972354 ns, Cleanup: 11908 ns, At safepoint: 912855 ns, Total: 1897117 ns
[2025-10-15T05:05:17.030-0700][1246 ][info ][safepoint   ] Safepoint "ICBufferFull", Time since last: 10444316 ns, Reaching safepoint: 1152235 ns, Cleanup: 9935 ns, At safepoint: 9129937 ns, Total: 10292107 ns
[2025-10-15T05:05:17.041-0700][1246 ][info ][safepoint   ] Safepoint "ICBufferFull", Time since last: 3678479 ns, Reaching safepoint: 1016781 ns, Cleanup: 4076 ns, At safepoint: 6600699 ns, Total: 7621556 ns
[2025-10-15T05:05:17.046-0700][1246 ][info ][safepoint   ] Safepoint "ICBufferFull", Time since last: 962900 ns, Reaching safepoint: 972444 ns, Cleanup: 10236 ns, At safepoint: 3058345 ns, Total: 4041025 ns
[2025-10-15T05:05:17.058-0700][1246 ][info ][safepoint   ] Safepoint "ICBufferFull", Time since last: 359892 ns, Reaching safepoint: 1037792 ns, Cleanup: 9685 ns, At safepoint: 11037379 ns, Total: 12084856 ns
[2025-10-15T05:05:17.071-0700][1246 ][info ][safepoint   ] Safepoint "ICBufferFull", Time since last: 3801414 ns, Reaching safepoint: 932865 ns, Cleanup: 10365 ns, At safepoint: 7326853 ns, Total: 8270083 ns
[2025-10-15T05:05:17.105-0700][1246 ][info ][safepoint   ] Safepoint "ICBufferFull", Time since last: 3437956 ns, Reaching safepoint: 15483485 ns, Cleanup: 13951 ns, At safepoint: 15214869 ns, Total: 30712305 ns
[2025-10-15T05:05:17.111-0700][1246 ][info ][safepoint   ] Safepoint "ICBufferFull", Time since last: 3587602 ns, Reaching safepoint: 1070893 ns, Cleanup: 14001 ns, At safepoint: 1308510 ns, Total: 2393404 ns
[2025-10-15T05:05:17.120-0700][1246 ][info ][safepoint   ] Safepoint "ICBufferFull", Time since last: 179240 ns, Reaching safepoint: 955448 ns, Cleanup: 3856 ns, At safepoint: 8459448 ns, Total: 9418752 ns
[2025-10-15T05:05:17.131-0700][1246 ][info ][safepoint   ] Safepoint "ICBufferFull", Time since last: 9016897 ns, Reaching safepoint: 1080146 ns, Cleanup: 14162 ns, At safepoint: 969129 ns, Total: 2063437 ns
[2025-10-15T05:05:17.137-0700][1246 ][info ][safepoint   ] Safepoint "ICBufferFull", Time since last: 3928425 ns, Reaching safepoint: 900596 ns, Cleanup: 11317 ns, At safepoint: 958904 ns, Total: 1870817 ns
[2025-10-15T05:05:17.173-0700][1246 ][info ][safepoint   ] Safepoint "ICBufferFull", Time since last: 10332698 ns, Reaching safepoint: 5115623 ns, Cleanup: 15223 ns, At safepoint: 20632918 ns, Total: 25763764 ns
[2025-10-15T05:05:17.192-0700][1246 ][info ][safepoint   ] Safepoint "ICBufferFull", Time since last: 8894833 ns, Reaching safepoint: 1191634 ns, Cleanup: 20682 ns, At safepoint: 8609924 ns, Total: 9822240 ns
[2025-10-15T05:05:17.207-0700][1246 ][info ][safepoint   ] Safepoint "ICBufferFull", Time since last: 10325077 ns, Reaching safepoint: 1173707 ns, Cleanup: 21863 ns, At safepoint: 3292958 ns, Total: 4488528 ns
[2025-10-15T05:05:17.247-0700][1246 ][info ][safepoint   ] Safepoint "ICBufferFull", Time since last: 3508123 ns, Reaching safepoint: 35392912 ns, Cleanup: 50236 ns, At safepoint: 1327759 ns, Total: 36770907 ns
[2025-10-15T05:05:17.253-0700][1246 ][info ][safepoint   ] Safepoint "ICBufferFull", Time since last: 2549619 ns, Reaching safepoint: 871883 ns, Cleanup: 7481 ns, At safepoint: 2057638 ns, Total: 2937002 ns
[2025-10-15T05:05:17.258-0700][1246 ][info ][safepoint   ] Safepoint "ICBufferFull", Time since last: 1427970 ns, Reaching safepoint: 970692 ns, Cleanup: 11207 ns, At safepoint: 3048821 ns, Total: 4030720 ns
[2025-10-15T05:05:17.272-0700][1246 ][info ][safepoint   ] Safepoint "ICBufferFull", Time since last: 10299177 ns, Reaching safepoint: 1084483 ns, Cleanup: 19069 ns, At safepoint: 2236227 ns, Total: 3339779 ns
[2025-10-15T05:05:17.282-0700][1246 ][info ][safepoint   ] Safepoint "ICBufferFull", Time since last: 378811 ns, Reaching safepoint: 910921 ns, Cleanup: 9995 ns, At safepoint: 8739700 ns, Total: 9660616 ns
[2025-10-15T05:05:17.299-0700][1246 ][info ][safepoint   ] Safepoint "ICBufferFull", Time since last: 374304 ns, Reaching safepoint: 9032440 ns, Cleanup: 10866 ns, At safepoint: 8072836 ns, Total: 17116142 ns
[2025-10-15T05:05:17.305-0700][1246 ][info ][safepoint   ] Safepoint "ICBufferFull", Time since last: 162685 ns, Reaching safepoint: 1073196 ns, Cleanup: 9845 ns, At safepoint: 4864825 ns, Total: 5947866 ns
[2025-10-15T05:05:17.309-0700][1246 ][info ][safepoint   ] Safepoint "ICBufferFull", Time since last: 1529773 ns, Reaching safepoint: 1027077 ns, Cleanup: 17346 ns, At safepoint: 1022049 ns, Total: 2066472 ns
[2025-10-15T05:05:17.311-0700][1246 ][info ][safepoint   ] Safepoint "ICBufferFull", Time since last: 547795 ns, Reaching safepoint: 752272 ns, Cleanup: 7482 ns, At safepoint: 802588 ns, Total: 1562342 ns
[2025-10-15T05:05:17.314-0700][1246 ][info ][safepoint   ] Safepoint "ICBufferFull", Time since last: 1243052 ns, Reaching safepoint: 786274 ns, Cleanup: 19109 ns, At safepoint: 1039665 ns, Total: 1845048 ns
[2025-10-15T05:05:17.319-0700][1246 ][info ][safepoint   ] Safepoint "ICBufferFull", Time since last: 3207530 ns, Reaching safepoint: 748327 ns, Cleanup: 10225 ns, At safepoint: 861617 ns, Total: 1620169 ns
[2025-10-15T05:05:17.334-0700][1246 ][info ][safepoint   ] Safepoint "ICBufferFull", Time since last: 2129316 ns, Reaching safepoint: 861798 ns, Cleanup: 7211 ns, At safepoint: 11728370 ns, Total: 12597379 ns
[2025-10-15T05:05:17.952-0700][1246 ][info ][safepoint   ] Safepoint "ICBufferFull", Time since last: 558653104 ns, Reaching safepoint: 57809586 ns, Cleanup: 188614 ns, At safepoint: 1564416 ns, Total: 59562616 ns
[2025-10-15T05:05:18.048-0700][1246 ][info ][safepoint   ] Safepoint "ICBufferFull", Time since last: 15443834 ns, Reaching safepoint: 53891546 ns, Cleanup: 100602 ns, At safepoint: 26701535 ns, Total: 80693683 ns
[2025-10-15T05:05:18.063-0700][1246 ][info ][safepoint   ] Safepoint "ICBufferFull", Time since last: 7296196 ns, Reaching safepoint: 1403564 ns, Cleanup: 59349 ns, At safepoint: 5905813 ns, Total: 7368726 ns
[2025-10-15T05:05:18.075-0700][1246 ][info ][safepoint   ] Safepoint "ICBufferFull", Time since last: 4158942 ns, Reaching safepoint: 1157303 ns, Cleanup: 24166 ns, At safepoint: 7251519 ns, Total: 8432988 ns
[2025-10-15T05:05:18.097-0700][1246 ][info ][safepoint   ] Safepoint "ICBufferFull", Time since last: 11946438 ns, Reaching safepoint: 1294890 ns, Cleanup: 27031 ns, At safepoint: 8764887 ns, Total: 10086808 ns
[2025-10-15T05:05:18.284-0700][1246 ][info ][safepoint   ] Safepoint "ICBufferFull", Time since last: 8002310 ns, Reaching safepoint: 172483013 ns, Cleanup: 84307 ns, At safepoint: 6419857 ns, Total: 178987177 ns
[2025-10-15T05:05:18.312-0700][1246 ][info ][safepoint   ] Safepoint "ICBufferFull", Time since last: 4080544 ns, Reaching safepoint: 1332356 ns, Cleanup: 4497 ns, At safepoint: 22467490 ns, Total: 23804343 ns
[2025-10-15T05:05:18.436-0700][1246 ][info ][safepoint   ] Safepoint "ICBufferFull", Time since last: 4295709 ns, Reaching safepoint: 118094238 ns, Cleanup: 63756 ns, At safepoint: 1018274 ns, Total: 119176268 ns
[2025-10-15T05:05:18.450-0700][1246 ][info ][safepoint   ] Safepoint "ICBufferFull", Time since last: 11655940 ns, Reaching safepoint: 1088029 ns, Cleanup: 11577 ns, At safepoint: 1301370 ns, Total: 2400976 ns
[2025-10-15T05:05:18.682-0700][1246 ][info ][safepoint   ] Safepoint "ICBufferFull", Time since last: 1079054 ns, Reaching safepoint: 225964944 ns, Cleanup: 37837 ns, At safepoint: 5755706 ns, Total: 231758487 ns
[2025-10-15T05:05:18.755-0700][1246 ][info ][safepoint   ] Safepoint "ICBufferFull", Time since last: 1041068 ns, Reaching safepoint: 62445597 ns, Cleanup: 28683 ns, At safepoint: 9246583 ns, Total: 71720863 ns
[2025-10-15T05:05:19.036-0700][1246 ][info ][safepoint   ] Safepoint "ICBufferFull", Time since last: 7999895 ns, Reaching safepoint: 255753538 ns, Cleanup: 71087 ns, At safepoint: 17183313 ns, Total: 273007938 ns
[2025-10-15T05:05:19.049-0700][1246 ][info ][safepoint   ] Safepoint "ICBufferFull", Time since last: 8254570 ns, Reaching safepoint: 1207988 ns, Cleanup: 4157 ns, At safepoint: 3656686 ns, Total: 4868831 ns
[2025-10-15T05:05:19.062-0700][1246 ][info ][safepoint   ] Safepoint "ICBufferFull", Time since last: 3867703 ns, Reaching safepoint: 1201239 ns, Cleanup: 4076 ns, At safepoint: 7602418 ns, Total: 8807733 ns
[2025-10-15T05:05:19.112-0700][1246 ][info ][safepoint   ] Safepoint "ICBufferFull", Time since last: 849879 ns, Reaching safepoint: 33951632 ns, Cleanup: 15864 ns, At safepoint: 15368311 ns, Total: 49335807 ns
[2025-10-15T05:05:19.123-0700][1246 ][info ][safepoint   ] Safepoint "ICBufferFull", Time since last: 1005825 ns, Reaching safepoint: 1436112 ns, Cleanup: 10606 ns, At safepoint: 7922239 ns, Total: 9368957 ns
[2025-10-15T05:05:19.313-0700][1246 ][info ][safepoint   ] Safepoint "ICBufferFull", Time since last: 17684137 ns, Reaching safepoint: 161525445 ns, Cleanup: 32359 ns, At safepoint: 11495339 ns, Total: 173053143 ns
[2025-10-15T05:05:19.340-0700][1246 ][info ][safepoint   ] Safepoint "ICBufferFull", Time since last: 19905482 ns, Reaching safepoint: 1029570 ns, Cleanup: 4307 ns, At safepoint: 5224947 ns, Total: 6258824 ns
[2025-10-15T05:05:19.358-0700][1246 ][info ][safepoint   ] Safepoint "ICBufferFull", Time since last: 7727456 ns, Reaching safepoint: 835648 ns, Cleanup: 3485 ns, At safepoint: 10013548 ns, Total: 10852681 ns
[2025-10-15T05:05:19.455-0700][1246 ][info ][safepoint   ] Safepoint "ICBufferFull", Time since last: 15159326 ns, Reaching safepoint: 73345028 ns, Cleanup: 73110 ns, At safepoint: 8016151 ns, Total: 81434289 ns
[2025-10-15T05:05:19.481-0700][1246 ][info ][safepoint   ] Safepoint "ICBufferFull", Time since last: 10395192 ns, Reaching safepoint: 14127923 ns, Cleanup: 34472 ns, At safepoint: 1680931 ns, Total: 15843326 ns
[2025-10-15T05:05:19.510-0700][1246 ][info ][safepoint   ] Safepoint "ICBufferFull", Time since last: 5324767 ns, Reaching safepoint: 1106146 ns, Cleanup: 16235 ns, At safepoint: 23033792 ns, Total: 24156173 ns
[2025-10-15T05:05:19.563-0700][1246 ][info ][safepoint   ] Safepoint "ICBufferFull", Time since last: 48408120 ns, Reaching safepoint: 1077513 ns, Cleanup: 18698 ns, At safepoint: 2859756 ns, Total: 3955967 ns
[2025-10-15T05:05:19.600-0700][1246 ][info ][safepoint   ] Safepoint "ICBufferFull", Time since last: 20486918 ns, Reaching safepoint: 1249361 ns, Cleanup: 16304 ns, At safepoint: 15814603 ns, Total: 17080268 ns
[2025-10-15T05:05:19.629-0700][1246 ][info ][safepoint   ] Safepoint "ICBufferFull", Time since last: 10654042 ns, Reaching safepoint: 1201880 ns, Cleanup: 3876 ns, At safepoint: 16313884 ns, Total: 17519640 ns
[2025-10-15T05:05:19.653-0700][1246 ][info ][safepoint   ] Safepoint "ICBufferFull", Time since last: 6787991 ns, Reaching safepoint: 1247729 ns, Cleanup: 4216 ns, At safepoint: 16688669 ns, Total: 17940614 ns
[2025-10-15T05:05:19.680-0700][1246 ][info ][safepoint   ] Safepoint "ICBufferFull", Time since last: 19277627 ns, Reaching safepoint: 1162100 ns, Cleanup: 4146 ns, At safepoint: 6732107 ns, Total: 7898353 ns
[2025-10-15T05:05:19.691-0700][1246 ][info ][safepoint   ] Safepoint "ICBufferFull", Time since last: 6375660 ns, Reaching safepoint: 1063151 ns, Cleanup: 3996 ns, At safepoint: 2976451 ns, Total: 4043598 ns
[2025-10-15T05:05:19.710-0700][1246 ][info ][safepoint   ] Safepoint "ICBufferFull", Time since last: 15492708 ns, Reaching safepoint: 994658 ns, Cleanup: 3986 ns, At safepoint: 2791043 ns, Total: 3789687 ns
[2025-10-15T05:05:19.739-0700][1246 ][info ][safepoint   ] Safepoint "ICBufferFull", Time since last: 22348791 ns, Reaching safepoint: 1268310 ns, Cleanup: 4096 ns, At safepoint: 5511759 ns, Total: 6784165 ns
[2025-10-15T05:05:19.758-0700][1246 ][info ][safepoint   ] Safepoint "ICBufferFull", Time since last: 10048110 ns, Reaching safepoint: 1217954 ns, Cleanup: 9765 ns, At safepoint: 7753384 ns, Total: 8981103 ns
[2025-10-15T05:05:19.773-0700][1246 ][info ][safepoint   ] Safepoint "ICBufferFull", Time since last: 10589115 ns, Reaching safepoint: 1244594 ns, Cleanup: 5037 ns, At safepoint: 2725835 ns, Total: 3975466 ns
[2025-10-15T05:05:19.785-0700][1246 ][info ][safepoint   ] Safepoint "ICBufferFull", Time since last: 10009621 ns, Reaching safepoint: 1163302 ns, Cleanup: 4857 ns, At safepoint: 1333558 ns, Total: 2501717 ns
[2025-10-15T05:05:19.811-0700][1246 ][info ][safepoint   ] Safepoint "ICBufferFull", Time since last: 22027298 ns, Reaching safepoint: 1174478 ns, Cleanup: 9054 ns, At safepoint: 2549829 ns, Total: 3733361 ns
[2025-10-15T05:05:19.845-0700][1246 ][info ][safepoint   ] Safepoint "ICBufferFull", Time since last: 17820994 ns, Reaching safepoint: 1172525 ns, Cleanup: 4687 ns, At safepoint: 15129291 ns, Total: 16306503 ns
[2025-10-15T05:05:19.871-0700][1246 ][info ][safepoint   ] Safepoint "ICBufferFull", Time since last: 14936430 ns, Reaching safepoint: 1212406 ns, Cleanup: 34502 ns, At safepoint: 9818684 ns, Total: 11065592 ns
[2025-10-15T05:05:19.893-0700][1246 ][info ][safepoint   ] Safepoint "ICBufferFull", Time since last: 14046881 ns, Reaching safepoint: 1073256 ns, Cleanup: 12119 ns, At safepoint: 6710754 ns, Total: 7796129 ns
[2025-10-15T05:05:19.910-0700][1246 ][info ][safepoint   ] Safepoint "ICBufferFull", Time since last: 9412403 ns, Reaching safepoint: 1026375 ns, Cleanup: 3686 ns, At safepoint: 5981266 ns, Total: 7011327 ns
[2025-10-15T05:05:19.928-0700][1246 ][info ][safepoint   ] Safepoint "ICBufferFull", Time since last: 10730617 ns, Reaching safepoint: 947998 ns, Cleanup: 4136 ns, At safepoint: 6898167 ns, Total: 7850301 ns
[2025-10-15T05:05:19.968-0700][1246 ][info ][safepoint   ] Safepoint "ICBufferFull", Time since last: 31528624 ns, Reaching safepoint: 997241 ns, Cleanup: 15444 ns, At safepoint: 7232860 ns, Total: 8245545 ns
[2025-10-15T05:05:19.992-0700][1246 ][info ][safepoint   ] Safepoint "ICBufferFull", Time since last: 16375678 ns, Reaching safepoint: 1328911 ns, Cleanup: 4657 ns, At safepoint: 5965883 ns, Total: 7299451 ns
[2025-10-15T05:05:20.018-0700][1246 ][info ][safepoint   ] Safepoint "ICBufferFull", Time since last: 20713829 ns, Reaching safepoint: 1466559 ns, Cleanup: 9794 ns, At safepoint: 3827323 ns, Total: 5303676 ns
[2025-10-15T05:05:20.044-0700][1246 ][info ][safepoint   ] Safepoint "ICBufferFull", Time since last: 22691968 ns, Reaching safepoint: 1394871 ns, Cleanup: 11617 ns, At safepoint: 1850687 ns, Total: 3257175 ns
[2025-10-15T05:05:20.060-0700][1246 ][info ][safepoint   ] Safepoint "ICBufferFull", Time since last: 11214376 ns, Reaching safepoint: 1328069 ns, Cleanup: 15183 ns, At safepoint: 3652260 ns, Total: 4995512 ns
[2025-10-15T05:05:20.098-0700][1246 ][info ][safepoint   ] Safepoint "ICBufferFull", Time since last: 28534255 ns, Reaching safepoint: 1387319 ns, Cleanup: 17546 ns, At safepoint: 7975249 ns, Total: 9380114 ns
[2025-10-15T05:05:20.109-0700][1246 ][info ][safepoint   ] Safepoint "ICBufferFull", Time since last: 8964678 ns, Reaching safepoint: 1291234 ns, Cleanup: 4397 ns, At safepoint: 1483934 ns, Total: 2779565 ns
[2025-10-15T05:05:20.141-0700][1246 ][info ][safepoint   ] Safepoint "ICBufferFull", Time since last: 15879200 ns, Reaching safepoint: 1265766 ns, Cleanup: 12249 ns, At safepoint: 14763660 ns, Total: 16041675 ns
[2025-10-15T05:05:20.169-0700][1246 ][info ][safepoint   ] Safepoint "ICBufferFull", Time since last: 8959791 ns, Reaching safepoint: 1349051 ns, Cleanup: 11668 ns, At safepoint: 17624217 ns, Total: 18984936 ns
[2025-10-15T05:05:20.204-0700][1246 ][info ][safepoint   ] Safepoint "ICBufferFull", Time since last: 16013262 ns, Reaching safepoint: 1534771 ns, Cleanup: 19960 ns, At safepoint: 17435013 ns, Total: 18989744 ns
[2025-10-15T05:05:20.221-0700][1246 ][info ][safepoint   ] Safepoint "ICBufferFull", Time since last: 13003940 ns, Reaching safepoint: 1252696 ns, Cleanup: 4147 ns, At safepoint: 2209827 ns, Total: 3466670 ns
[2025-10-15T05:05:20.249-0700][1246 ][info ][safepoint   ] Safepoint "ICBufferFull", Time since last: 4225482 ns, Reaching safepoint: 1096852 ns, Cleanup: 3676 ns, At safepoint: 22827992 ns, Total: 23928520 ns
[2025-10-15T05:05:20.267-0700][1246 ][info ][safepoint   ] Safepoint "ICBufferFull", Time since last: 11867970 ns, Reaching safepoint: 1241600 ns, Cleanup: 4517 ns, At safepoint: 4963764 ns, Total: 6209881 ns
[2025-10-15T05:05:20.297-0700][1246 ][info ][safepoint   ] Safepoint "ICBufferFull", Time since last: 21456738 ns, Reaching safepoint: 1200678 ns, Cleanup: 4166 ns, At safepoint: 7567705 ns, Total: 8772549 ns
[2025-10-15T05:05:20.329-0700][1246 ][info ][safepoint   ] Safepoint "ICBufferFull", Time since last: 27070972 ns, Reaching safepoint: 1179556 ns, Cleanup: 12128 ns, At safepoint: 3180710 ns, Total: 4372394 ns
[2025-10-15T05:05:20.357-0700][1246 ][info ][safepoint   ] Safepoint "ICBufferFull", Time since last: 22999601 ns, Reaching safepoint: 1232285 ns, Cleanup: 4988 ns, At safepoint: 4387336 ns, Total: 5624609 ns
[2025-10-15T05:05:20.379-0700][1246 ][info ][safepoint   ] Safepoint "ICBufferFull", Time since last: 12037696 ns, Reaching safepoint: 1223843 ns, Cleanup: 5017 ns, At safepoint: 8024022 ns, Total: 9252882 ns
[2025-10-15T05:05:20.401-0700][1246 ][info ][safepoint   ] Safepoint "ICBufferFull", Time since last: 16754758 ns, Reaching safepoint: 1265025 ns, Cleanup: 4918 ns, At safepoint: 4227145 ns, Total: 5497088 ns
[2025-10-15T05:05:20.430-0700][1246 ][info ][safepoint   ] Safepoint "ICBufferFull", Time since last: 21965143 ns, Reaching safepoint: 1507791 ns, Cleanup: 4987 ns, At safepoint: 6103801 ns, Total: 7616579 ns
[2025-10-15T05:05:20.439-0700][1246 ][info ][safepoint   ] Safepoint "ICBufferFull", Time since last: 4570081 ns, Reaching safepoint: 1069831 ns, Cleanup: 4226 ns, At safepoint: 2594828 ns, Total: 3668885 ns
[2025-10-15T05:05:20.457-0700][1246 ][info ][safepoint   ] Safepoint "ICBufferFull", Time since last: 12671700 ns, Reaching safepoint: 1040537 ns, Cleanup: 3986 ns, At safepoint: 4501097 ns, Total: 5545620 ns
[2025-10-15T05:05:20.493-0700][1246 ][info ][safepoint   ] Safepoint "ICBufferFull", Time since last: 7620174 ns, Reaching safepoint: 1061108 ns, Cleanup: 10686 ns, At safepoint: 27194958 ns, Total: 28266752 ns
[2025-10-15T05:05:20.511-0700][1246 ][info ][safepoint   ] Safepoint "ICBufferFull", Time since last: 13081397 ns, Reaching safepoint: 1203382 ns, Cleanup: 4407 ns, At safepoint: 3850598 ns, Total: 5058387 ns
[2025-10-15T05:05:20.536-0700][1246 ][info ][safepoint   ] Safepoint "ICBufferFull", Time since last: 12819353 ns, Reaching safepoint: 1304844 ns, Cleanup: 4798 ns, At safepoint: 11264321 ns, Total: 12573963 ns
[2025-10-15T05:05:20.556-0700][1246 ][info ][safepoint   ] Safepoint "ICBufferFull", Time since last: 18006453 ns, Reaching safepoint: 1078433 ns, Cleanup: 38178 ns, At safepoint: 1111624 ns, Total: 2228235 ns
[2025-10-15T05:05:20.563-0700][1246 ][info ][safepoint   ] Safepoint "ICBufferFull", Time since last: 1365025 ns, Reaching safepoint: 1036821 ns, Cleanup: 4066 ns, At safepoint: 3834514 ns, Total: 4875401 ns
[2025-10-15T05:05:20.586-0700][1246 ][info ][safepoint   ] Safepoint "ICBufferFull", Time since last: 19652221 ns, Reaching safepoint: 1040938 ns, Cleanup: 12268 ns, At safepoint: 2310279 ns, Total: 3363485 ns
[2025-10-15T05:05:20.592-0700][1246 ][info ][safepoint   ] Safepoint "ICBufferFull", Time since last: 233892 ns, Reaching safepoint: 1138614 ns, Cleanup: 3626 ns, At safepoint: 5151186 ns, Total: 6293426 ns
[2025-10-15T05:05:20.622-0700][1246 ][info ][safepoint   ] Safepoint "ICBufferFull", Time since last: 27984658 ns, Reaching safepoint: 1063371 ns, Cleanup: 11677 ns, At safepoint: 1043401 ns, Total: 2118449 ns
[2025-10-15T05:05:20.649-0700][1246 ][info ][safepoint   ] Safepoint "ICBufferFull", Time since last: 23922081 ns, Reaching safepoint: 985684 ns, Cleanup: 6950 ns, At safepoint: 1328220 ns, Total: 2320854 ns
[2025-10-15T05:05:20.670-0700][1246 ][info ][safepoint   ] Safepoint "ICBufferFull", Time since last: 18717674 ns, Reaching safepoint: 1121098 ns, Cleanup: 9615 ns, At safepoint: 1862715 ns, Total: 2993428 ns
[2025-10-15T05:05:20.685-0700][1246 ][info ][safepoint   ] Safepoint "ICBufferFull", Time since last: 12935647 ns, Reaching safepoint: 1037533 ns, Cleanup: 3555 ns, At safepoint: 1128689 ns, Total: 2169777 ns
[2025-10-15T05:05:20.711-0700][1246 ][info ][safepoint   ] Safepoint "ICBufferFull", Time since last: 22829586 ns, Reaching safepoint: 1062109 ns, Cleanup: 12889 ns, At safepoint: 1303393 ns, Total: 2378391 ns
[2025-10-15T05:05:20.733-0700][1246 ][info ][safepoint   ] Safepoint "ICBufferFull", Time since last: 20618436 ns, Reaching safepoint: 1013686 ns, Cleanup: 4126 ns, At safepoint: 1138785 ns, Total: 2156597 ns
[2025-10-15T05:05:20.763-0700][1246 ][info ][safepoint   ] Safepoint "ICBufferFull", Time since last: 22845850 ns, Reaching safepoint: 1097503 ns, Cleanup: 9824 ns, At safepoint: 5168393 ns, Total: 6275720 ns
[2025-10-15T05:05:20.782-0700][1246 ][info ][safepoint   ] Safepoint "ICBufferFull", Time since last: 12743668 ns, Reaching safepoint: 1090102 ns, Cleanup: 11647 ns, At safepoint: 5403086 ns, Total: 6504835 ns
[2025-10-15T05:05:20.801-0700][1246 ][info ][safepoint   ] Safepoint "ICBufferFull", Time since last: 14560063 ns, Reaching safepoint: 1025715 ns, Cleanup: 20210 ns, At safepoint: 4075647 ns, Total: 5121572 ns
[2025-10-15T05:05:20.854-0700][1246 ][info ][safepoint   ] Safepoint "ICBufferFull", Time since last: 18992818 ns, Reaching safepoint: 1023071 ns, Cleanup: 15293 ns, At safepoint: 32516070 ns, Total: 33554434 ns
[2025-10-15T05:05:20.908-0700][1246 ][info ][safepoint   ] Safepoint "ICBufferFull", Time since last: 8361841 ns, Reaching safepoint: 1042981 ns, Cleanup: 15563 ns, At safepoint: 44470881 ns, Total: 45529425 ns
[2025-10-15T05:05:20.924-0700][1246 ][info ][safepoint   ] Safepoint "ICBufferFull", Time since last: 10385408 ns, Reaching safepoint: 1191003 ns, Cleanup: 11317 ns, At safepoint: 4760178 ns, Total: 5962498 ns
[2025-10-15T05:05:20.943-0700][1246 ][info ][safepoint   ] Safepoint "ICBufferFull", Time since last: 12019979 ns, Reaching safepoint: 1148029 ns, Cleanup: 13610 ns, At safepoint: 5889919 ns, Total: 7051558 ns
[2025-10-15T05:05:20.965-0700][1246 ][info ][safepoint   ] Safepoint "ICBufferFull", Time since last: 11099202 ns, Reaching safepoint: 1049230 ns, Cleanup: 3996 ns, At safepoint: 9234295 ns, Total: 10287521 ns
[2025-10-15T05:05:20.980-0700][1246 ][info ][safepoint   ] Safepoint "ICBufferFull", Time since last: 5577638 ns, Reaching safepoint: 959525 ns, Cleanup: 4286 ns, At safepoint: 8996216 ns, Total: 9960027 ns
[2025-10-15T05:05:21.000-0700][1246 ][info ][safepoint   ] Safepoint "ICBufferFull", Time since last: 17005506 ns, Reaching safepoint: 990451 ns, Cleanup: 10176 ns, At safepoint: 1471766 ns, Total: 2472393 ns
[2025-10-15T05:05:21.046-0700][1246 ][info ][safepoint   ] Safepoint "ICBufferFull", Time since last: 22682183 ns, Reaching safepoint: 975549 ns, Cleanup: 5849 ns, At safepoint: 22869175 ns, Total: 23850573 ns
[2025-10-15T05:05:21.086-0700][1246 ][info ][safepoint   ] Safepoint "ICBufferFull", Time since last: 5015021 ns, Reaching safepoint: 1290774 ns, Cleanup: 4937 ns, At safepoint: 33228674 ns, Total: 34524385 ns
[2025-10-15T05:05:21.112-0700][1246 ][info ][safepoint   ] Safepoint "ICBufferFull", Time since last: 15235400 ns, Reaching safepoint: 1400970 ns, Cleanup: 16935 ns, At safepoint: 9161295 ns, Total: 10579200 ns
[2025-10-15T05:05:21.126-0700][1246 ][info ][safepoint   ] Safepoint "ICBufferFull", Time since last: 10293759 ns, Reaching safepoint: 1199827 ns, Cleanup: 10656 ns, At safepoint: 2910603 ns, Total: 4121086 ns
[2025-10-15T05:05:21.157-0700][1246 ][info ][safepoint   ] Safepoint "ICBufferFull", Time since last: 26237316 ns, Reaching safepoint: 1165014 ns, Cleanup: 4157 ns, At safepoint: 3986302 ns, Total: 5155473 ns
[2025-10-15T05:05:21.175-0700][1246 ][info ][safepoint   ] Safepoint "ICBufferFull", Time since last: 12843409 ns, Reaching safepoint: 1223983 ns, Cleanup: 3545 ns, At safepoint: 3659560 ns, Total: 4887088 ns
[2025-10-15T05:05:21.191-0700][1246 ][info ][safepoint   ] Safepoint "ICBufferFull", Time since last: 12123826 ns, Reaching safepoint: 978443 ns, Cleanup: 8503 ns, At safepoint: 2575137 ns, Total: 3562083 ns
[2025-10-15T05:05:21.218-0700][1246 ][info ][safepoint   ] Safepoint "ICBufferFull", Time since last: 20756374 ns, Reaching safepoint: 1476864 ns, Cleanup: 10415 ns, At safepoint: 5169314 ns, Total: 6656593 ns
[2025-10-15T05:05:21.241-0700][1246 ][info ][safepoint   ] Safepoint "ICBufferFull", Time since last: 20072544 ns, Reaching safepoint: 1319126 ns, Cleanup: 4297 ns, At safepoint: 1433087 ns, Total: 2756510 ns
[2025-10-15T05:05:21.249-0700][1246 ][info ][safepoint   ] Safepoint "ICBufferFull", Time since last: 4181947 ns, Reaching safepoint: 946425 ns, Cleanup: 2604 ns, At safepoint: 2340424 ns, Total: 3289453 ns
[2025-10-15T05:05:21.272-0700][1246 ][info ][safepoint   ] Safepoint "ICBufferFull", Time since last: 19552211 ns, Reaching safepoint: 1083491 ns, Cleanup: 16345 ns, At safepoint: 2856771 ns, Total: 3956607 ns
[2025-10-15T05:05:21.299-0700][1246 ][info ][safepoint   ] Safepoint "ICBufferFull", Time since last: 20229571 ns, Reaching safepoint: 1014267 ns, Cleanup: 9294 ns, At safepoint: 6126645 ns, Total: 7150206 ns
[2025-10-15T05:05:21.319-0700][1246 ][info ][safepoint   ] Safepoint "ICBufferFull", Time since last: 14268615 ns, Reaching safepoint: 1045905 ns, Cleanup: 16775 ns, At safepoint: 4647368 ns, Total: 5710048 ns
[2025-10-15T05:05:21.334-0700][1246 ][info ][safepoint   ] Safepoint "ICBufferFull", Time since last: 11849242 ns, Reaching safepoint: 1004722 ns, Cleanup: 4026 ns, At safepoint: 2107093 ns, Total: 3115841 ns
[2025-10-15T05:05:21.354-0700][1246 ][info ][safepoint   ] Safepoint "ICBufferFull", Time since last: 6876544 ns, Reaching safepoint: 989841 ns, Cleanup: 4627 ns, At safepoint: 11314857 ns, Total: 12309325 ns
[2025-10-15T05:05:21.364-0700][1246 ][info ][safepoint   ] Safepoint "ICBufferFull", Time since last: 4725125 ns, Reaching safepoint: 987016 ns, Cleanup: 3766 ns, At safepoint: 4632295 ns, Total: 5623077 ns
[2025-10-15T05:05:21.373-0700][1246 ][info ][safepoint   ] Safepoint "ICBufferFull", Time since last: 7360613 ns, Reaching safepoint: 1034788 ns, Cleanup: 4697 ns, At safepoint: 1024633 ns, Total: 2064118 ns
[2025-10-15T05:05:21.395-0700][1246 ][info ][safepoint   ] Safepoint "ICBufferFull", Time since last: 15175420 ns, Reaching safepoint: 1005634 ns, Cleanup: 4687 ns, At safepoint: 5319280 ns, Total: 6329601 ns
[2025-10-15T05:05:21.436-0700][1246 ][info ][safepoint   ] Safepoint "ICBufferFull", Time since last: 27415510 ns, Reaching safepoint: 1185575 ns, Cleanup: 36556 ns, At safepoint: 12713943 ns, Total: 13936074 ns
[2025-10-15T05:05:21.454-0700][1246 ][info ][safepoint   ] Safepoint "ICBufferFull", Time since last: 11410281 ns, Reaching safepoint: 1065014 ns, Cleanup: 10065 ns, At safepoint: 5795306 ns, Total: 6870385 ns
[2025-10-15T05:05:21.468-0700][1246 ][info ][safepoint   ] Safepoint "ICBufferFull", Time since last: 6892088 ns, Reaching safepoint: 904852 ns, Cleanup: 3486 ns, At safepoint: 5249193 ns, Total: 6157531 ns
[2025-10-15T05:05:21.491-0700][1246 ][info ][safepoint   ] Safepoint "ICBufferFull", Time since last: 4928992 ns, Reaching safepoint: 900716 ns, Cleanup: 3616 ns, At safepoint: 17886162 ns, Total: 18790494 ns
[2025-10-15T05:05:21.514-0700][1246 ][info ][safepoint   ] Safepoint "ICBufferFull", Time since last: 16019391 ns, Reaching safepoint: 944792 ns, Cleanup: 32049 ns, At safepoint: 5467302 ns, Total: 6444143 ns
[2025-10-15T05:05:21.544-0700][1246 ][info ][safepoint   ] Safepoint "ICBufferFull", Time since last: 11614839 ns, Reaching safepoint: 949449 ns, Cleanup: 3686 ns, At safepoint: 17515914 ns, Total: 18469049 ns
[2025-10-15T05:05:21.557-0700][1246 ][info ][safepoint   ] Safepoint "ICBufferFull", Time since last: 11747579 ns, Reaching safepoint: 993987 ns, Cleanup: 12408 ns, At safepoint: 865654 ns, Total: 1872049 ns
[2025-10-15T05:05:21.563-0700][1246 ][info ][safepoint   ] Safepoint "ICBufferFull", Time since last: 3843958 ns, Reaching safepoint: 894156 ns, Cleanup: 9174 ns, At safepoint: 883881 ns, Total: 1787211 ns
[2025-10-15T05:05:21.569-0700][1246 ][info ][safepoint   ] Safepoint "ICBufferFull", Time since last: 4212673 ns, Reaching safepoint: 803390 ns, Cleanup: 2514 ns, At safepoint: 854907 ns, Total: 1660811 ns
[2025-10-15T05:05:21.575-0700][1246 ][info ][safepoint   ] Safepoint "ICBufferFull", Time since last: 4011300 ns, Reaching safepoint: 954157 ns, Cleanup: 4446 ns, At safepoint: 918253 ns, Total: 1876856 ns
[2025-10-15T05:05:21.596-0700][1246 ][info ][safepoint   ] Safepoint "ICBufferFull", Time since last: 5563787 ns, Reaching safepoint: 1000447 ns, Cleanup: 14442 ns, At safepoint: 14873956 ns, Total: 15888845 ns
[2025-10-15T05:05:21.611-0700][1246 ][info ][safepoint   ] Safepoint "ICBufferFull", Time since last: 12996589 ns, Reaching safepoint: 988399 ns, Cleanup: 11737 ns, At safepoint: 841187 ns, Total: 1841323 ns
[2025-10-15T05:05:21.618-0700][1246 ][info ][safepoint   ] Safepoint "ICBufferFull", Time since last: 4161736 ns, Reaching safepoint: 795949 ns, Cleanup: 12068 ns, At safepoint: 1659339 ns, Total: 2467356 ns
[2025-10-15T05:05:21.625-0700][1246 ][info ][safepoint   ] Safepoint "ICBufferFull", Time since last: 4012621 ns, Reaching safepoint: 851613 ns, Cleanup: 3345 ns, At safepoint: 2844813 ns, Total: 3699771 ns
[2025-10-15T05:05:21.630-0700][1246 ][info ][safepoint   ] Safepoint "ICBufferFull", Time since last: 1538507 ns, Reaching safepoint: 922399 ns, Cleanup: 4196 ns, At safepoint: 1622353 ns, Total: 2548948 ns
[2025-10-15T05:05:21.634-0700][1246 ][info ][safepoint   ] Safepoint "ICBufferFull", Time since last: 2511972 ns, Reaching safepoint: 871302 ns, Cleanup: 3976 ns, At safepoint: 845523 ns, Total: 1720801 ns
[2025-10-15T05:05:21.639-0700][1246 ][info ][safepoint   ] Safepoint "ICBufferFull", Time since last: 3004885 ns, Reaching safepoint: 934948 ns, Cleanup: 4176 ns, At safepoint: 887106 ns, Total: 1826230 ns
[2025-10-15T05:05:21.648-0700][1246 ][info ][safepoint   ] Safepoint "ICBufferFull", Time since last: 7560434 ns, Reaching safepoint: 987106 ns, Cleanup: 4056 ns, At safepoint: 1011353 ns, Total: 2002515 ns
[2025-10-15T05:05:21.663-0700][1246 ][info ][safepoint   ] Safepoint "ICBufferFull", Time since last: 8099616 ns, Reaching safepoint: 1024733 ns, Cleanup: 8923 ns, At safepoint: 6148779 ns, Total: 7182435 ns
[2025-10-15T05:05:21.666-0700][1246 ][info ][safepoint   ] Safepoint "ICBufferFull", Time since last: 588105 ns, Reaching safepoint: 969260 ns, Cleanup: 4056 ns, At safepoint: 1335781 ns, Total: 2309097 ns
[2025-10-15T05:05:21.684-0700][1246 ][info ][safepoint   ] Safepoint "ICBufferFull", Time since last: 15927182 ns, Reaching safepoint: 1036111 ns, Cleanup: 3986 ns, At safepoint: 911863 ns, Total: 1951960 ns
[2025-10-15T05:05:21.694-0700][1246 ][info ][safepoint   ] Safepoint "ICBufferFull", Time since last: 8054618 ns, Reaching safepoint: 958172 ns, Cleanup: 30426 ns, At safepoint: 941187 ns, Total: 1929785 ns
[2025-10-15T05:05:21.721-0700][1246 ][info ][safepoint   ] Safepoint "ICBufferFull", Time since last: 24684108 ns, Reaching safepoint: 981168 ns, Cleanup: 4136 ns, At safepoint: 1095259 ns, Total: 2080563 ns
[2025-10-15T05:05:21.735-0700][1246 ][info ][safepoint   ] Safepoint "ICBufferFull", Time since last: 11830974 ns, Reaching safepoint: 979004 ns, Cleanup: 11347 ns, At safepoint: 1045234 ns, Total: 2035585 ns
[2025-10-15T05:05:21.743-0700][1246 ][info ][safepoint   ] Safepoint "ICBufferFull", Time since last: 4438243 ns, Reaching safepoint: 911833 ns, Cleanup: 3245 ns, At safepoint: 2404100 ns, Total: 3319178 ns
[2025-10-15T05:05:21.754-0700][1246 ][info ][safepoint   ] Safepoint "ICBufferFull", Time since last: 8752759 ns, Reaching safepoint: 1019906 ns, Cleanup: 3706 ns, At safepoint: 1262971 ns, Total: 2286583 ns
[2025-10-15T05:05:21.758-0700][1246 ][info ][safepoint   ] Safepoint "ICBufferFull", Time since last: 1239957 ns, Reaching safepoint: 740936 ns, Cleanup: 8603 ns, At safepoint: 2640286 ns, Total: 3389825 ns
[2025-10-15T05:05:21.783-0700][1246 ][info ][safepoint   ] Safepoint "ICBufferFull", Time since last: 20474469 ns, Reaching safepoint: 1005404 ns, Cleanup: 10846 ns, At safepoint: 3553350 ns, Total: 4569600 ns
[2025-10-15T05:05:21.805-0700][1246 ][info ][safepoint   ] Safepoint "ICBufferFull", Time since last: 20276381 ns, Reaching safepoint: 925003 ns, Cleanup: 8062 ns, At safepoint: 988258 ns, Total: 1921323 ns
[2025-10-15T05:05:21.820-0700][1246 ][info ][safepoint   ] Safepoint "ICBufferFull", Time since last: 11761600 ns, Reaching safepoint: 926505 ns, Cleanup: 3585 ns, At safepoint: 1355351 ns, Total: 2285441 ns
[2025-10-15T05:05:21.838-0700][1246 ][info ][safepoint   ] Safepoint "ICBufferFull", Time since last: 15722054 ns, Reaching safepoint: 1131393 ns, Cleanup: 8984 ns, At safepoint: 1706059 ns, Total: 2846436 ns
[2025-10-15T05:05:21.841-0700][1246 ][info ][safepoint   ] Safepoint "ICBufferFull", Time since last: 879914 ns, Reaching safepoint: 968068 ns, Cleanup: 3686 ns, At safepoint: 877501 ns, Total: 1849255 ns
[2025-10-15T05:05:21.862-0700][1246 ][info ][safepoint   ] Safepoint "ICBufferFull", Time since last: 17451758 ns, Reaching safepoint: 1052474 ns, Cleanup: 13531 ns, At safepoint: 3058856 ns, Total: 4124861 ns
[2025-10-15T05:05:21.873-0700][1246 ][info ][safepoint   ] Safepoint "ICBufferFull", Time since last: 8590545 ns, Reaching safepoint: 1070371 ns, Cleanup: 9555 ns, At safepoint: 1120677 ns, Total: 2200603 ns
[2025-10-15T05:05:21.883-0700][1246 ][info ][safepoint   ] Safepoint "ICBufferFull", Time since last: 8076842 ns, Reaching safepoint: 978513 ns, Cleanup: 9244 ns, At safepoint: 1002530 ns, Total: 1990287 ns
[2025-10-15T05:05:21.912-0700][1246 ][info ][safepoint   ] Safepoint "ICBufferFull", Time since last: 26171757 ns, Reaching safepoint: 1178845 ns, Cleanup: 21273 ns, At safepoint: 1059345 ns, Total: 2259463 ns
[2025-10-15T05:05:21.934-0700][1246 ][info ][safepoint   ] Safepoint "ICBufferFull", Time since last: 20555931 ns, Reaching safepoint: 1194809 ns, Cleanup: 4778 ns, At safepoint: 1020526 ns, Total: 2220113 ns
[2025-10-15T05:05:21.942-0700][1246 ][info ][safepoint   ] Safepoint "ICBufferFull", Time since last: 5028051 ns, Reaching safepoint: 1181820 ns, Cleanup: 10295 ns, At safepoint: 1243132 ns, Total: 2435247 ns
[2025-10-15T05:05:21.945-0700][1246 ][info ][safepoint   ] Safepoint "ICBufferFull", Time since last: 1407159 ns, Reaching safepoint: 1141859 ns, Cleanup: 11397 ns, At safepoint: 834227 ns, Total: 1987483 ns
[2025-10-15T05:05:21.948-0700][1246 ][info ][safepoint   ] Safepoint "ICBufferFull", Time since last: 301063 ns, Reaching safepoint: 938773 ns, Cleanup: 2965 ns, At safepoint: 1613740 ns, Total: 2555478 ns
[2025-10-15T05:05:21.965-0700][1246 ][info ][safepoint   ] Safepoint "ICBufferFull", Time since last: 14163937 ns, Reaching safepoint: 1011253 ns, Cleanup: 4697 ns, At safepoint: 1469973 ns, Total: 2485923 ns
[2025-10-15T05:05:21.981-0700][1246 ][info ][safepoint   ] Safepoint "ICBufferFull", Time since last: 11860238 ns, Reaching safepoint: 1144884 ns, Cleanup: 10356 ns, At safepoint: 2775759 ns, Total: 3930999 ns
[2025-10-15T05:05:21.985-0700][1246 ][info ][safepoint   ] Safepoint "ICBufferFull", Time since last: 728297 ns, Reaching safepoint: 739664 ns, Cleanup: 7030 ns, At safepoint: 2473525 ns, Total: 3220219 ns
[2025-10-15T05:05:22.024-0700][1246 ][info ][safepoint   ] Safepoint "ICBufferFull", Time since last: 34671556 ns, Reaching safepoint: 1014728 ns, Cleanup: 8453 ns, At safepoint: 3244956 ns, Total: 4268137 ns
[2025-10-15T05:05:22.041-0700][1246 ][info ][safepoint   ] Safepoint "ICBufferFull", Time since last: 13893860 ns, Reaching safepoint: 934748 ns, Cleanup: 3846 ns, At safepoint: 2390479 ns, Total: 3329073 ns
[2025-10-15T05:05:22.048-0700][1246 ][info ][safepoint   ] Safepoint "ICBufferFull", Time since last: 4516390 ns, Reaching safepoint: 1665739 ns, Cleanup: 3525 ns, At safepoint: 873075 ns, Total: 2542339 ns
[2025-10-15T05:05:22.067-0700][1246 ][info ][safepoint   ] Safepoint "ICBufferFull", Time since last: 14445000 ns, Reaching safepoint: 843350 ns, Cleanup: 9274 ns, At safepoint: 3892240 ns, Total: 4744864 ns
[2025-10-15T05:05:22.081-0700][1246 ][info ][safepoint   ] Safepoint "ICBufferFull", Time since last: 7564701 ns, Reaching safepoint: 946064 ns, Cleanup: 4067 ns, At safepoint: 5542665 ns, Total: 6492796 ns
[2025-10-15T05:05:22.102-0700][1246 ][info ][safepoint   ] Safepoint "ICBufferFull", Time since last: 13195329 ns, Reaching safepoint: 968969 ns, Cleanup: 19830 ns, At safepoint: 6355740 ns, Total: 7344539 ns
[2025-10-15T05:05:22.106-0700][1246 ][info ][safepoint   ] Safepoint "ICBufferFull", Time since last: 229005 ns, Reaching safepoint: 906094 ns, Cleanup: 3275 ns, At safepoint: 2904163 ns, Total: 3813532 ns
[2025-10-15T05:05:22.136-0700][1246 ][info ][safepoint   ] Safepoint "ICBufferFull", Time since last: 27715342 ns, Reaching safepoint: 1149130 ns, Cleanup: 4217 ns, At safepoint: 1051182 ns, Total: 2204529 ns
[2025-10-15T05:05:22.149-0700][1246 ][info ][safepoint   ] Safepoint "ICBufferFull", Time since last: 11014515 ns, Reaching safepoint: 917702 ns, Cleanup: 12138 ns, At safepoint: 1696986 ns, Total: 2626826 ns
[2025-10-15T05:05:22.203-0700][1246 ][info ][safepoint   ] Safepoint "ICBufferFull", Time since last: 13058292 ns, Reaching safepoint: 1025704 ns, Cleanup: 9024 ns, At safepoint: 39965197 ns, Total: 40999925 ns
[2025-10-15T05:05:22.259-0700][1246 ][info ][safepoint   ] Safepoint "ICBufferFull", Time since last: 15175130 ns, Reaching safepoint: 1053015 ns, Cleanup: 13380 ns, At safepoint: 39897846 ns, Total: 40964241 ns
[2025-10-15T05:05:22.315-0700][1246 ][info ][safepoint   ] Safepoint "ICBufferFull", Time since last: 22859951 ns, Reaching safepoint: 1074668 ns, Cleanup: 4547 ns, At safepoint: 31466841 ns, Total: 32546056 ns
[2025-10-15T05:05:22.425-0700][1246 ][info ][safepoint   ] Safepoint "ICBufferFull", Time since last: 101830039 ns, Reaching safepoint: 5268844 ns, Cleanup: 36354 ns, At safepoint: 3465078 ns, Total: 8770276 ns
[2025-10-15T05:05:22.577-0700][1246 ][info ][safepoint   ] Safepoint "ICBufferFull", Time since last: 145916371 ns, Reaching safepoint: 1130242 ns, Cleanup: 50136 ns, At safepoint: 4754599 ns, Total: 5934977 ns
[2025-10-15T05:05:22.583-0700][1246 ][info ][safepoint   ] Safepoint "ICBufferFull", Time since last: 357258 ns, Reaching safepoint: 1135299 ns, Cleanup: 14632 ns, At safepoint: 4504072 ns, Total: 5654003 ns
[2025-10-15T05:05:22.592-0700][1246 ][info ][safepoint   ] Safepoint "ICBufferFull", Time since last: 3307510 ns, Reaching safepoint: 997723 ns, Cleanup: 4887 ns, At safepoint: 4445334 ns, Total: 5447944 ns
[2025-10-15T05:05:22.604-0700][1246 ][info ][safepoint   ] Safepoint "ICBufferFull", Time since last: 10240930 ns, Reaching safepoint: 1177543 ns, Cleanup: 5328 ns, At safepoint: 641916 ns, Total: 1824787 ns
[2025-10-15T05:05:22.618-0700][1246 ][info ][safepoint   ] Safepoint "ICBufferFull", Time since last: 12166180 ns, Reaching safepoint: 1202230 ns, Cleanup: 11056 ns, At safepoint: 606884 ns, Total: 1820170 ns
[2025-10-15T05:05:22.624-0700][1246 ][info ][safepoint   ] Safepoint "ICBufferFull", Time since last: 4191081 ns, Reaching safepoint: 1136411 ns, Cleanup: 4557 ns, At safepoint: 534004 ns, Total: 1674972 ns
[2025-10-15T05:05:22.629-0700][1246 ][info ][safepoint   ] Safepoint "ICBufferFull", Time since last: 3315042 ns, Reaching safepoint: 1118143 ns, Cleanup: 3706 ns, At safepoint: 483257 ns, Total: 1605106 ns
[2025-10-15T05:05:22.632-0700][1246 ][info ][safepoint   ] Safepoint "ICBufferFull", Time since last: 1552859 ns, Reaching safepoint: 793524 ns, Cleanup: 3946 ns, At safepoint: 399522 ns, Total: 1196992 ns
[2025-10-15T05:05:22.638-0700][1246 ][info ][safepoint   ] Safepoint "ICBufferFull", Time since last: 5339310 ns, Reaching safepoint: 912984 ns, Cleanup: 4146 ns, At safepoint: 425051 ns, Total: 1342181 ns
[2025-10-15T05:05:22.639-0700][1246 ][info ][safepoint   ] Safepoint "ICBufferFull", Time since last: 252109 ns, Reaching safepoint: 553073 ns, Cleanup: 3004 ns, At safepoint: 383067 ns, Total: 939144 ns
[2025-10-15T05:05:22.648-0700][1246 ][info ][safepoint   ] Safepoint "ICBufferFull", Time since last: 6771326 ns, Reaching safepoint: 861617 ns, Cleanup: 4577 ns, At safepoint: 487004 ns, Total: 1353198 ns
[2025-10-15T05:05:22.656-0700][1246 ][info ][safepoint   ] Safepoint "ICBufferFull", Time since last: 4835310 ns, Reaching safepoint: 3255893 ns, Cleanup: 5859 ns, At safepoint: 445470 ns, Total: 3707222 ns
[2025-10-15T05:05:22.661-0700][1246 ][info ][safepoint   ] Safepoint "ICBufferFull", Time since last: 3319308 ns, Reaching safepoint: 776730 ns, Cleanup: 18778 ns, At safepoint: 455726 ns, Total: 1251234 ns
[2025-10-15T05:05:22.665-0700][1246 ][info ][safepoint   ] Safepoint "ICBufferFull", Time since last: 3205207 ns, Reaching safepoint: 881156 ns, Cleanup: 4878 ns, At safepoint: 374023 ns, Total: 1260057 ns
[2025-10-15T05:05:22.670-0700][1246 ][info ][safepoint   ] Safepoint "ICBufferFull", Time since last: 3133478 ns, Reaching safepoint: 943230 ns, Cleanup: 4297 ns, At safepoint: 380893 ns, Total: 1328420 ns
[2025-10-15T05:05:22.673-0700][1246 ][info ][safepoint   ] Safepoint "ICBufferFull", Time since last: 1711838 ns, Reaching safepoint: 984002 ns, Cleanup: 3855 ns, At safepoint: 442276 ns, Total: 1430133 ns
[2025-10-15T05:05:22.677-0700][1246 ][info ][safepoint   ] Safepoint "ICBufferFull", Time since last: 2334505 ns, Reaching safepoint: 951944 ns, Cleanup: 4747 ns, At safepoint: 443428 ns, Total: 1400119 ns
[2025-10-15T05:05:22.689-0700][1246 ][info ][safepoint   ] Safepoint "ICBufferFull", Time since last: 3739510 ns, Reaching safepoint: 945204 ns, Cleanup: 12138 ns, At safepoint: 7347283 ns, Total: 8304625 ns
[2025-10-15T05:05:22.698-0700][1246 ][info ][safepoint   ] Safepoint "ICBufferFull", Time since last: 3699721 ns, Reaching safepoint: 1037552 ns, Cleanup: 12819 ns, At safepoint: 4849332 ns, Total: 5899703 ns
[2025-10-15T05:05:22.700-0700][1246 ][info ][safepoint   ] Safepoint "ICBufferFull", Time since last: 310197 ns, Reaching safepoint: 1007678 ns, Cleanup: 4717 ns, At safepoint: 448545 ns, Total: 1460940 ns
[2025-10-15T05:05:22.705-0700][1246 ][info ][safepoint   ] Safepoint "ICBufferFull", Time since last: 3821454 ns, Reaching safepoint: 910551 ns, Cleanup: 4447 ns, At safepoint: 401044 ns, Total: 1316042 ns
[2025-10-15T05:05:22.709-0700][1246 ][info ][safepoint   ] Safepoint "ICBufferFull", Time since last: 2775439 ns, Reaching safepoint: 1098244 ns, Cleanup: 13089 ns, At safepoint: 345170 ns, Total: 1456503 ns
[2025-10-15T05:05:22.711-0700][1246 ][info ][safepoint   ] Safepoint "ICBufferFull", Time since last: 967166 ns, Reaching safepoint: 694837 ns, Cleanup: 3004 ns, At safepoint: 304448 ns, Total: 1002289 ns
[2025-10-15T05:05:22.714-0700][1246 ][info ][safepoint   ] Safepoint "ICBufferFull", Time since last: 1541251 ns, Reaching safepoint: 931803 ns, Cleanup: 9284 ns, At safepoint: 321574 ns, Total: 1262661 ns
[2025-10-15T05:05:22.715-0700][1246 ][info ][safepoint   ] Safepoint "ICBufferFull", Time since last: 307003 ns, Reaching safepoint: 687785 ns, Cleanup: 2905 ns, At safepoint: 340813 ns, Total: 1031503 ns
[2025-10-15T05:05:22.717-0700][1246 ][info ][safepoint   ] Safepoint "ICBufferFull", Time since last: 634335 ns, Reaching safepoint: 638441 ns, Cleanup: 2795 ns, At safepoint: 282465 ns, Total: 923701 ns
[2025-10-15T05:05:22.725-0700][1246 ][info ][safepoint   ] Safepoint "ICBufferFull", Time since last: 110416 ns, Reaching safepoint: 7937682 ns, Cleanup: 1903 ns, At safepoint: 403087 ns, Total: 8342672 ns
[2025-10-15T05:05:22.732-0700][1246 ][info ][safepoint   ] Safepoint "ICBufferFull", Time since last: 5471398 ns, Reaching safepoint: 959235 ns, Cleanup: 16304 ns, At safepoint: 365210 ns, Total: 1340749 ns
[2025-10-15T05:05:22.783-0700][1246 ][info ][safepoint   ] Safepoint "ICBufferFull", Time since last: 49259712 ns, Reaching safepoint: 932174 ns, Cleanup: 26320 ns, At safepoint: 439381 ns, Total: 1397875 ns
[2025-10-15T05:05:22.791-0700][1246 ][info ][safepoint   ] Safepoint "ICBufferFull", Time since last: 6338284 ns, Reaching safepoint: 966295 ns, Cleanup: 4607 ns, At safepoint: 431249 ns, Total: 1402151 ns
[2025-10-15T05:05:22.792-0700][1246 ][info ][safepoint   ] Safepoint "ICBufferFull", Time since last: 797561 ns, Reaching safepoint: 612322 ns, Cleanup: 2834 ns, At safepoint: 400233 ns, Total: 1015389 ns
[2025-10-15T05:05:22.798-0700][1246 ][info ][safepoint   ] Safepoint "ICBufferFull", Time since last: 3833392 ns, Reaching safepoint: 875809 ns, Cleanup: 5078 ns, At safepoint: 344208 ns, Total: 1225095 ns
[2025-10-15T05:05:22.803-0700][1246 ][info ][safepoint   ] Safepoint "ICBufferFull", Time since last: 3209793 ns, Reaching safepoint: 1325396 ns, Cleanup: 6389 ns, At safepoint: 459903 ns, Total: 1791688 ns
[2025-10-15T05:05:22.804-0700][1246 ][info ][safepoint   ] Safepoint "ICBufferFull", Time since last: 190106 ns, Reaching safepoint: 977171 ns, Cleanup: 3325 ns, At safepoint: 420173 ns, Total: 1400669 ns
[2025-10-15T05:05:22.807-0700][1246 ][info ][safepoint   ] Safepoint "ICBufferFull", Time since last: 804722 ns, Reaching safepoint: 1219967 ns, Cleanup: 5248 ns, At safepoint: 496878 ns, Total: 1722093 ns
[2025-10-15T05:05:22.809-0700][1246 ][info ][safepoint   ] Safepoint "ICBufferFull", Time since last: 957461 ns, Reaching safepoint: 836019 ns, Cleanup: 8814 ns, At safepoint: 311228 ns, Total: 1156061 ns
[2025-10-15T05:05:22.813-0700][1246 ][info ][safepoint   ] Safepoint "ICBufferFull", Time since last: 2766886 ns, Reaching safepoint: 908298 ns, Cleanup: 4387 ns, At safepoint: 379321 ns, Total: 1292006 ns
[2025-10-15T05:05:22.815-0700][1246 ][info ][safepoint   ] Safepoint "ICBufferFull", Time since last: 658692 ns, Reaching safepoint: 689898 ns, Cleanup: 3355 ns, At safepoint: 380493 ns, Total: 1073746 ns
[2025-10-15T05:05:23.570-0700][1246 ][info ][safepoint   ] Safepoint "ICBufferFull", Time since last: 753561135 ns, Reaching safepoint: 1023571 ns, Cleanup: 176305 ns, At safepoint: 485291 ns, Total: 1685167 ns
[2025-10-15T05:05:23.573-0700][1246 ][info ][safepoint   ] Safepoint "ICBufferFull", Time since last: 1359457 ns, Reaching safepoint: 975489 ns, Cleanup: 8643 ns, At safepoint: 474594 ns, Total: 1458726 ns
[2025-10-15T05:05:23.575-0700][1246 ][info ][safepoint   ] Safepoint "ICBufferFull", Time since last: 622298 ns, Reaching safepoint: 891352 ns, Cleanup: 7070 ns, At safepoint: 477509 ns, Total: 1375931 ns
[2025-10-15T05:05:23.576-0700][1246 ][info ][safepoint   ] Safepoint "ICBufferFull", Time since last: 811292 ns, Reaching safepoint: 573614 ns, Cleanup: 2583 ns, At safepoint: 364950 ns, Total: 941147 ns
[2025-10-15T05:05:23.578-0700][1246 ][info ][safepoint   ] Safepoint "ICBufferFull", Time since last: 574064 ns, Reaching safepoint: 577690 ns, Cleanup: 2724 ns, At safepoint: 361575 ns, Total: 941989 ns
[2025-10-15T05:05:23.579-0700][1246 ][info ][safepoint   ] Safepoint "ICBufferFull", Time since last: 655807 ns, Reaching safepoint: 564350 ns, Cleanup: 2804 ns, At safepoint: 378190 ns, Total: 945344 ns
[2025-10-15T05:05:23.581-0700][1246 ][info ][safepoint   ] Safepoint "ICBufferFull", Time since last: 615406 ns, Reaching safepoint: 683279 ns, Cleanup: 8132 ns, At safepoint: 358130 ns, Total: 1049541 ns
[2025-10-15T05:05:23.583-0700][1246 ][info ][safepoint   ] Safepoint "ICBufferFull", Time since last: 685031 ns, Reaching safepoint: 574615 ns, Cleanup: 9425 ns, At safepoint: 291729 ns, Total: 875769 ns
[2025-10-15T05:05:23.584-0700][1246 ][info ][safepoint   ] Safepoint "ICBufferFull", Time since last: 788347 ns, Reaching safepoint: 626123 ns, Cleanup: 15713 ns, At safepoint: 340142 ns, Total: 981978 ns
[2025-10-15T05:05:23.586-0700][1246 ][info ][safepoint   ] Safepoint "ICBufferFull", Time since last: 675217 ns, Reaching safepoint: 661306 ns, Cleanup: 10946 ns, At safepoint: 352932 ns, Total: 1025184 ns
[2025-10-15T05:05:23.588-0700][1246 ][info ][safepoint   ] Safepoint "ICBufferFull", Time since last: 691050 ns, Reaching safepoint: 1050402 ns, Cleanup: 4106 ns, At safepoint: 417839 ns, Total: 1472347 ns
[2025-10-15T05:05:23.590-0700][1246 ][info ][safepoint   ] Safepoint "ICBufferFull", Time since last: 237268 ns, Reaching safepoint: 843309 ns, Cleanup: 6200 ns, At safepoint: 378359 ns, Total: 1227868 ns
[2025-10-15T05:05:23.591-0700][1246 ][info ][safepoint   ] Safepoint "ICBufferFull", Time since last: 572543 ns, Reaching safepoint: 548886 ns, Cleanup: 2664 ns, At safepoint: 358169 ns, Total: 909719 ns
[2025-10-15T05:05:23.593-0700][1246 ][info ][safepoint   ] Safepoint "ICBufferFull", Time since last: 851362 ns, Reaching safepoint: 768127 ns, Cleanup: 9464 ns, At safepoint: 434054 ns, Total: 1211645 ns
[2025-10-15T05:05:23.596-0700][1246 ][info ][safepoint   ] Safepoint "ICBufferFull", Time since last: 832553 ns, Reaching safepoint: 766765 ns, Cleanup: 3064 ns, At safepoint: 897963 ns, Total: 1667792 ns
[2025-10-15T05:05:23.597-0700][1246 ][info ][safepoint   ] Safepoint "ICBufferFull", Time since last: 255594 ns, Reaching safepoint: 662207 ns, Cleanup: 8633 ns, At safepoint: 321615 ns, Total: 992455 ns
[2025-10-15T05:05:23.598-0700][1246 ][info ][safepoint   ] Safepoint "ICBufferFull", Time since last: 569037 ns, Reaching safepoint: 505911 ns, Cleanup: 2174 ns, At safepoint: 334413 ns, Total: 842498 ns
[2025-10-15T05:05:23.600-0700][1246 ][info ][safepoint   ] Safepoint "ICBufferFull", Time since last: 601085 ns, Reaching safepoint: 804351 ns, Cleanup: 3446 ns, At safepoint: 374674 ns, Total: 1182471 ns
[2025-10-15T05:05:23.602-0700][1246 ][info ][safepoint   ] Safepoint "ICBufferFull", Time since last: 719934 ns, Reaching safepoint: 606142 ns, Cleanup: 2835 ns, At safepoint: 323847 ns, Total: 932824 ns
[2025-10-15T05:05:23.604-0700][1246 ][info ][safepoint   ] Safepoint "ICBufferFull", Time since last: 1102330 ns, Reaching safepoint: 646403 ns, Cleanup: 3496 ns, At safepoint: 288434 ns, Total: 938333 ns
[2025-10-15T05:05:23.606-0700][1246 ][info ][safepoint   ] Safepoint "ICBufferFull", Time since last: 951012 ns, Reaching safepoint: 860105 ns, Cleanup: 2744 ns, At safepoint: 329937 ns, Total: 1192786 ns
[2025-10-15T05:05:23.608-0700][1246 ][info ][safepoint   ] Safepoint "ICBufferFull", Time since last: 472972 ns, Reaching safepoint: 569788 ns, Cleanup: 2454 ns, At safepoint: 359772 ns, Total: 932014 ns
[2025-10-15T05:05:23.609-0700][1246 ][info ][safepoint   ] Safepoint "ICBufferFull", Time since last: 503287 ns, Reaching safepoint: 652453 ns, Cleanup: 2934 ns, At safepoint: 369266 ns, Total: 1024653 ns
[2025-10-15T05:05:23.611-0700][1246 ][info ][safepoint   ] Safepoint "ICBufferFull", Time since last: 729409 ns, Reaching safepoint: 598801 ns, Cleanup: 2704 ns, At safepoint: 333893 ns, Total: 935398 ns
[2025-10-15T05:05:23.613-0700][1246 ][info ][safepoint   ] Safepoint "ICBufferFull", Time since last: 1184323 ns, Reaching safepoint: 600935 ns, Cleanup: 3375 ns, At safepoint: 361294 ns, Total: 965604 ns
[2025-10-15T05:05:23.614-0700][1246 ][info ][safepoint   ] Safepoint "ICBufferFull", Time since last: 565311 ns, Reaching safepoint: 527144 ns, Cleanup: 2734 ns, At safepoint: 327994 ns, Total: 857872 ns
[2025-10-15T05:05:23.616-0700][1246 ][info ][safepoint   ] Safepoint "ICBufferFull", Time since last: 609338 ns, Reaching safepoint: 957431 ns, Cleanup: 4257 ns, At safepoint: 331279 ns, Total: 1292967 ns
[2025-10-15T05:05:23.618-0700][1246 ][info ][safepoint   ] Safepoint "ICBufferFull", Time since last: 507914 ns, Reaching safepoint: 541165 ns, Cleanup: 2374 ns, At safepoint: 298830 ns, Total: 842369 ns
[2025-10-15T05:05:23.619-0700][1246 ][info ][safepoint   ] Safepoint "ICBufferFull", Time since last: 631340 ns, Reaching safepoint: 533123 ns, Cleanup: 2704 ns, At safepoint: 246181 ns, Total: 782008 ns
[2025-10-15T05:05:23.620-0700][1246 ][info ][safepoint   ] Safepoint "ICBufferFull", Time since last: 189085 ns, Reaching safepoint: 490758 ns, Cleanup: 2564 ns, At safepoint: 277398 ns, Total: 770720 ns
[2025-10-15T05:05:23.621-0700][1246 ][info ][safepoint   ] Safepoint "ICBufferFull", Time since last: 524460 ns, Reaching safepoint: 481234 ns, Cleanup: 2684 ns, At safepoint: 274964 ns, Total: 758882 ns
[2025-10-15T05:05:23.623-0700][1246 ][info ][safepoint   ] Safepoint "ICBufferFull", Time since last: 358350 ns, Reaching safepoint: 676839 ns, Cleanup: 8002 ns, At safepoint: 336647 ns, Total: 1021488 ns
[2025-10-15T05:05:23.625-0700][1246 ][info ][safepoint   ] Safepoint "ICBufferFull", Time since last: 676288 ns, Reaching safepoint: 1028910 ns, Cleanup: 9975 ns, At safepoint: 372100 ns, Total: 1410985 ns
[2025-10-15T05:05:23.626-0700][1246 ][info ][safepoint   ] Safepoint "ICBufferFull", Time since last: 430809 ns, Reaching safepoint: 684060 ns, Cleanup: 2874 ns, At safepoint: 282886 ns, Total: 969820 ns
[2025-10-15T05:05:23.627-0700][1246 ][info ][safepoint   ] Safepoint "ICBufferFull", Time since last: 383908 ns, Reaching safepoint: 468736 ns, Cleanup: 2153 ns, At safepoint: 250417 ns, Total: 721306 ns
[2025-10-15T05:05:23.628-0700][1246 ][info ][safepoint   ] Safepoint "ICBufferFull", Time since last: 323067 ns, Reaching safepoint: 660134 ns, Cleanup: 7100 ns, At safepoint: 336417 ns, Total: 1003651 ns
[2025-10-15T05:05:23.630-0700][1246 ][info ][safepoint   ] Safepoint "ICBufferFull", Time since last: 610289 ns, Reaching safepoint: 560724 ns, Cleanup: 2534 ns, At safepoint: 298680 ns, Total: 861938 ns
[2025-10-15T05:05:23.631-0700][1246 ][info ][safepoint   ] Safepoint "ICBufferFull", Time since last: 141593 ns, Reaching safepoint: 478931 ns, Cleanup: 1953 ns, At safepoint: 336316 ns, Total: 817200 ns
[2025-10-15T05:05:23.632-0700][1246 ][info ][safepoint   ] Safepoint "ICBufferFull", Time since last: 455596 ns, Reaching safepoint: 520073 ns, Cleanup: 2724 ns, At safepoint: 354715 ns, Total: 877512 ns
[2025-10-15T05:05:23.633-0700][1246 ][info ][safepoint   ] Safepoint "ICBufferFull", Time since last: 253621 ns, Reaching safepoint: 453423 ns, Cleanup: 2254 ns, At safepoint: 365620 ns, Total: 821297 ns
[2025-10-15T05:05:23.635-0700][1246 ][info ][safepoint   ] Safepoint "ICBufferFull", Time since last: 616719 ns, Reaching safepoint: 578351 ns, Cleanup: 2944 ns, At safepoint: 297448 ns, Total: 878743 ns
[2025-10-15T05:05:23.637-0700][1246 ][info ][safepoint   ] Safepoint "ICBufferFull", Time since last: 488796 ns, Reaching safepoint: 791692 ns, Cleanup: 2263 ns, At safepoint: 402476 ns, Total: 1196431 ns
[2025-10-15T05:05:23.638-0700][1246 ][info ][safepoint   ] Safepoint "ICBufferFull", Time since last: 930441 ns, Reaching safepoint: 582017 ns, Cleanup: 8553 ns, At safepoint: 335194 ns, Total: 925764 ns
[2025-10-15T05:05:23.640-0700][1246 ][info ][safepoint   ] Safepoint "ICBufferFull", Time since last: 493674 ns, Reaching safepoint: 534955 ns, Cleanup: 2604 ns, At safepoint: 223867 ns, Total: 761426 ns
[2025-10-15T05:05:23.872-0700][1246 ][info ][safepoint   ] Safepoint "ICBufferFull", Time since last: 230924862 ns, Reaching safepoint: 989210 ns, Cleanup: 123155 ns, At safepoint: 409266 ns, Total: 1521631 ns
[2025-10-15T05:05:24.875-0700][1246 ][info ][safepoint   ] Safepoint "Cleanup", Time since last: 1001448888 ns, Reaching safepoint: 1165525 ns, Cleanup: 155174 ns, At safepoint: 435966 ns, Total: 1756665 ns
[2025-10-15T05:05:25.877-0700][1246 ][info ][safepoint   ] Safepoint "Cleanup", Time since last: 1000108760 ns, Reaching safepoint: 908799 ns, Cleanup: 147712 ns, At safepoint: 403558 ns, Total: 1460069 ns
[2025-10-15T05:05:26.331-0700][1246 ][info ][safepoint   ] Safepoint "ICBufferFull", Time since last: 452995421 ns, Reaching safepoint: 963841 ns, Cleanup: 138679 ns, At safepoint: 414564 ns, Total: 1517084 ns
[2025-10-15T05:05:27.253-0700][1246 ][info ][safepoint   ] Safepoint "ICBufferFull", Time since last: 919722630 ns, Reaching safepoint: 952865 ns, Cleanup: 154633 ns, At safepoint: 658491 ns, Total: 1765989 ns
[2025-10-15T05:05:27.262-0700][1246 ][info ][safepoint   ] Safepoint "ICBufferFull", Time since last: 3571748 ns, Reaching safepoint: 998173 ns, Cleanup: 15143 ns, At safepoint: 4804044 ns, Total: 5817360 ns
[2025-10-15T05:05:27.267-0700][1246 ][info ][safepoint   ] Safepoint "ICBufferFull", Time since last: 3075721 ns, Reaching safepoint: 844962 ns, Cleanup: 8082 ns, At safepoint: 1040437 ns, Total: 1893481 ns
[2025-10-15T05:05:27.293-0700][1246 ][info ][safepoint   ] Safepoint "ICBufferFull", Time since last: 1768964 ns, Reaching safepoint: 23064138 ns, Cleanup: 14212 ns, At safepoint: 593243 ns, Total: 23671593 ns
[2025-10-15T05:05:27.296-0700][1246 ][info ][safepoint   ] Safepoint "ICBufferFull", Time since last: 2262587 ns, Reaching safepoint: 937461 ns, Cleanup: 7241 ns, At safepoint: 518040 ns, Total: 1462742 ns
[2025-10-15T05:05:27.297-0700][1246 ][info ][safepoint   ] Safepoint "ICBufferFull", Time since last: 97217 ns, Reaching safepoint: 461444 ns, Cleanup: 1543 ns, At safepoint: 446822 ns, Total: 909809 ns
[2025-10-15T05:05:27.300-0700][1246 ][info ][safepoint   ] Safepoint "ICBufferFull", Time since last: 818433 ns, Reaching safepoint: 860395 ns, Cleanup: 3496 ns, At safepoint: 453202 ns, Total: 1317093 ns
[2025-10-15T05:05:27.301-0700][1246 ][info ][safepoint   ] Safepoint "ICBufferFull", Time since last: 581866 ns, Reaching safepoint: 664911 ns, Cleanup: 2855 ns, At safepoint: 439261 ns, Total: 1107027 ns
[2025-10-15T05:05:28.099-0700][1246 ][info ][safepoint   ] Safepoint "ICBufferFull", Time since last: 796748353 ns, Reaching safepoint: 796429 ns, Cleanup: 171709 ns, At safepoint: 220542 ns, Total: 1188680 ns
[2025-10-15T05:05:28.397-0700][1246 ][info ][safepoint   ] Safepoint "ICBufferFull", Time since last: 296382103 ns, Reaching safepoint: 993586 ns, Cleanup: 142775 ns, At safepoint: 215324 ns, Total: 1351685 ns
[2025-10-15T05:05:28.398-0700][1246 ][info ][safepoint   ] Safepoint "ICBufferFull", Time since last: 334274 ns, Reaching safepoint: 525010 ns, Cleanup: 6310 ns, At safepoint: 347293 ns, Total: 878613 ns
[2025-10-15T05:05:28.399-0700][1246 ][info ][safepoint   ] Safepoint "ICBufferFull", Time since last: 342475 ns, Reaching safepoint: 477299 ns, Cleanup: 5668 ns, At safepoint: 234504 ns, Total: 717471 ns
[2025-10-15T05:05:28.400-0700][1246 ][info ][safepoint   ] Safepoint "ICBufferFull", Time since last: 236035 ns, Reaching safepoint: 470909 ns, Cleanup: 2163 ns, At safepoint: 330768 ns, Total: 803840 ns
[2025-10-15T05:05:28.401-0700][1246 ][info ][safepoint   ] Safepoint "ICBufferFull", Time since last: 271539 ns, Reaching safepoint: 500804 ns, Cleanup: 6079 ns, At safepoint: 248845 ns, Total: 755728 ns
[2025-10-15T05:05:28.402-0700][1246 ][info ][safepoint   ] Safepoint "ICBufferFull", Time since last: 195765 ns, Reaching safepoint: 430158 ns, Cleanup: 4767 ns, At safepoint: 310988 ns, Total: 745913 ns
[2025-10-15T05:05:28.403-0700][1246 ][info ][safepoint   ] Safepoint "ICBufferFull", Time since last: 199540 ns, Reaching safepoint: 447004 ns, Cleanup: 2063 ns, At safepoint: 256225 ns, Total: 705292 ns
[2025-10-15T05:05:28.404-0700][1246 ][info ][safepoint   ] Safepoint "ICBufferFull", Time since last: 179621 ns, Reaching safepoint: 400603 ns, Cleanup: 6089 ns, At safepoint: 232410 ns, Total: 639102 ns
[2025-10-15T05:05:28.405-0700][1246 ][info ][safepoint   ] Safepoint "ICBufferFull", Time since last: 154773 ns, Reaching safepoint: 448776 ns, Cleanup: 4867 ns, At safepoint: 279121 ns, Total: 732764 ns
[2025-10-15T05:05:28.406-0700][1246 ][info ][safepoint   ] Safepoint "ICBufferFull", Time since last: 188483 ns, Reaching safepoint: 464039 ns, Cleanup: 1893 ns, At safepoint: 253812 ns, Total: 719744 ns
[2025-10-15T05:05:28.406-0700][1246 ][info ][safepoint   ] Safepoint "ICBufferFull", Time since last: 123606 ns, Reaching safepoint: 368906 ns, Cleanup: 5248 ns, At safepoint: 248364 ns, Total: 622518 ns
[2025-10-15T05:05:28.407-0700][1246 ][info ][safepoint   ] Safepoint "ICBufferFull", Time since last: 112179 ns, Reaching safepoint: 462406 ns, Cleanup: 4537 ns, At safepoint: 183496 ns, Total: 650439 ns
[2025-10-15T05:05:28.408-0700][1246 ][info ][safepoint   ] Safepoint "ICBufferFull", Time since last: 141213 ns, Reaching safepoint: 347082 ns, Cleanup: 4247 ns, At safepoint: 184297 ns, Total: 535626 ns
[2025-10-15T05:05:28.409-0700][1246 ][info ][safepoint   ] Safepoint "ICBufferFull", Time since last: 484860 ns, Reaching safepoint: 412261 ns, Cleanup: 2053 ns, At safepoint: 123536 ns, Total: 537850 ns
[2025-10-15T05:05:28.410-0700][1246 ][info ][safepoint   ] Safepoint "ICBufferFull", Time since last: 127472 ns, Reaching safepoint: 389917 ns, Cleanup: 5929 ns, At safepoint: 221233 ns, Total: 617079 ns
[2025-10-15T05:05:28.410-0700][1246 ][info ][safepoint   ] Safepoint "ICBufferFull", Time since last: 100592 ns, Reaching safepoint: 352060 ns, Cleanup: 1812 ns, At safepoint: 201904 ns, Total: 555776 ns
[2025-10-15T05:05:28.411-0700][1246 ][info ][safepoint   ] Safepoint "ICBufferFull", Time since last: 85780 ns, Reaching safepoint: 312540 ns, Cleanup: 4497 ns, At safepoint: 176456 ns, Total: 493493 ns
[2025-10-15T05:05:28.411-0700][1246 ][info ][safepoint   ] Safepoint "ICBufferFull", Time since last: 93751 ns, Reaching safepoint: 314283 ns, Cleanup: 2854 ns, At safepoint: 182044 ns, Total: 499181 ns
[2025-10-15T05:05:28.412-0700][1246 ][info ][safepoint   ] Safepoint "ICBufferFull", Time since last: 115144 ns, Reaching safepoint: 324478 ns, Cleanup: 3656 ns, At safepoint: 191819 ns, Total: 519953 ns
[2025-10-15T05:05:28.413-0700][1246 ][info ][safepoint   ] Safepoint "ICBufferFull", Time since last: 119750 ns, Reaching safepoint: 327373 ns, Cleanup: 3746 ns, At safepoint: 187592 ns, Total: 518711 ns
[2025-10-15T05:05:28.413-0700][1246 ][info ][safepoint   ] Safepoint "ICBufferFull", Time since last: 112299 ns, Reaching safepoint: 348405 ns, Cleanup: 5097 ns, At safepoint: 212891 ns, Total: 566393 ns
[2025-10-15T05:05:28.414-0700][1246 ][info ][safepoint   ] Safepoint "ICBufferFull", Time since last: 96045 ns, Reaching safepoint: 308114 ns, Cleanup: 1872 ns, At safepoint: 165039 ns, Total: 475025 ns
[2025-10-15T05:05:28.415-0700][1246 ][info ][safepoint   ] Safepoint "ICBufferFull", Time since last: 81573 ns, Reaching safepoint: 324308 ns, Cleanup: 4136 ns, At safepoint: 154102 ns, Total: 482546 ns
[2025-10-15T05:05:28.415-0700][1246 ][info ][safepoint   ] Safepoint "ICBufferFull", Time since last: 115975 ns, Reaching safepoint: 303427 ns, Cleanup: 3525 ns, At safepoint: 161914 ns, Total: 468866 ns
[2025-10-15T05:05:28.416-0700][1246 ][info ][safepoint   ] Safepoint "ICBufferFull", Time since last: 69264 ns, Reaching safepoint: 300943 ns, Cleanup: 2755 ns, At safepoint: 144517 ns, Total: 448215 ns
[2025-10-15T05:05:28.416-0700][1246 ][info ][safepoint   ] Safepoint "ICBufferFull", Time since last: 75624 ns, Reaching safepoint: 306902 ns, Cleanup: 2864 ns, At safepoint: 177978 ns, Total: 487744 ns
[2025-10-15T05:05:28.417-0700][1246 ][info ][safepoint   ] Safepoint "ICBufferFull", Time since last: 109816 ns, Reaching safepoint: 349135 ns, Cleanup: 3566 ns, At safepoint: 179029 ns, Total: 531730 ns
[2025-10-15T05:05:28.417-0700][1246 ][info ][safepoint   ] Safepoint "ICBufferFull", Time since last: 105489 ns, Reaching safepoint: 321635 ns, Cleanup: 3605 ns, At safepoint: 170877 ns, Total: 496117 ns
[2025-10-15T05:05:28.418-0700][1246 ][info ][safepoint   ] Safepoint "ICBufferFull", Time since last: 84287 ns, Reaching safepoint: 324018 ns, Cleanup: 3125 ns, At safepoint: 137787 ns, Total: 464930 ns
[2025-10-15T05:05:28.419-0700][1246 ][info ][safepoint   ] Safepoint "ICBufferFull", Time since last: 85259 ns, Reaching safepoint: 325069 ns, Cleanup: 1022 ns, At safepoint: 173271 ns, Total: 499362 ns
[2025-10-15T05:05:28.419-0700][1246 ][info ][safepoint   ] Safepoint "ICBufferFull", Time since last: 67601 ns, Reaching safepoint: 285570 ns, Cleanup: 3255 ns, At safepoint: 147913 ns, Total: 436738 ns
[2025-10-15T05:05:28.420-0700][1246 ][info ][safepoint   ] Safepoint "ICBufferFull", Time since last: 108974 ns, Reaching safepoint: 304769 ns, Cleanup: 2814 ns, At safepoint: 160882 ns, Total: 468465 ns
[2025-10-15T05:05:28.420-0700][1246 ][info ][safepoint   ] Safepoint "ICBufferFull", Time since last: 87953 ns, Reaching safepoint: 327473 ns, Cleanup: 3165 ns, At safepoint: 233922 ns, Total: 564560 ns
[2025-10-15T05:05:28.421-0700][1246 ][info ][safepoint   ] Safepoint "ICBufferFull", Time since last: 89314 ns, Reaching safepoint: 318049 ns, Cleanup: 3736 ns, At safepoint: 141924 ns, Total: 463709 ns
[2025-10-15T05:05:28.421-0700][1246 ][info ][safepoint   ] Safepoint "ICBufferFull", Time since last: 71848 ns, Reaching safepoint: 302555 ns, Cleanup: 501 ns, At safepoint: 159360 ns, Total: 462416 ns
[2025-10-15T05:05:28.422-0700][1246 ][info ][safepoint   ] Safepoint "ICBufferFull", Time since last: 93581 ns, Reaching safepoint: 284879 ns, Cleanup: 3185 ns, At safepoint: 170366 ns, Total: 458430 ns
[2025-10-15T05:05:28.423-0700][1246 ][info ][safepoint   ] Safepoint "ICBufferFull", Time since last: 68483 ns, Reaching safepoint: 298460 ns, Cleanup: 2654 ns, At safepoint: 176516 ns, Total: 477630 ns
[2025-10-15T05:05:28.423-0700][1246 ][info ][safepoint   ] Safepoint "ICBufferFull", Time since last: 81202 ns, Reaching safepoint: 284348 ns, Cleanup: 3025 ns, At safepoint: 161593 ns, Total: 448966 ns
[2025-10-15T05:05:28.424-0700][1246 ][info ][safepoint   ] Safepoint "ICBufferFull", Time since last: 68022 ns, Reaching safepoint: 325030 ns, Cleanup: 2574 ns, At safepoint: 180842 ns, Total: 508446 ns
[2025-10-15T05:05:28.424-0700][1246 ][info ][safepoint   ] Safepoint "ICBufferFull", Time since last: 72940 ns, Reaching safepoint: 311228 ns, Cleanup: 2494 ns, At safepoint: 135634 ns, Total: 449356 ns
[2025-10-15T05:05:28.425-0700][1246 ][info ][safepoint   ] Safepoint "ICBufferFull", Time since last: 105539 ns, Reaching safepoint: 285009 ns, Cleanup: 2935 ns, At safepoint: 187522 ns, Total: 475466 ns
[2025-10-15T05:05:28.425-0700][1246 ][info ][safepoint   ] Safepoint "ICBufferFull", Time since last: 96796 ns, Reaching safepoint: 305580 ns, Cleanup: 2744 ns, At safepoint: 192270 ns, Total: 500594 ns
[2025-10-15T05:05:28.426-0700][1246 ][info ][safepoint   ] Safepoint "ICBufferFull", Time since last: 69755 ns, Reaching safepoint: 286711 ns, Cleanup: 3736 ns, At safepoint: 147302 ns, Total: 437749 ns
[2025-10-15T05:05:28.426-0700][1246 ][info ][safepoint   ] Safepoint "ICBufferFull", Time since last: 99329 ns, Reaching safepoint: 292401 ns, Cleanup: 1232 ns, At safepoint: 192429 ns, Total: 486062 ns
[2025-10-15T05:05:28.427-0700][1246 ][info ][safepoint   ] Safepoint "ICBufferFull", Time since last: 65269 ns, Reaching safepoint: 281013 ns, Cleanup: 3044 ns, At safepoint: 143647 ns, Total: 427704 ns
[2025-10-15T05:05:28.427-0700][1246 ][info ][safepoint   ] Safepoint "ICBufferFull", Time since last: 73340 ns, Reaching safepoint: 290878 ns, Cleanup: 2033 ns, At safepoint: 154362 ns, Total: 447273 ns
[2025-10-15T05:05:28.428-0700][1246 ][info ][safepoint   ] Safepoint "ICBufferFull", Time since last: 285000 ns, Reaching safepoint: 315254 ns, Cleanup: 3395 ns, At safepoint: 125369 ns, Total: 444018 ns
[2025-10-15T05:05:28.429-0700][1246 ][info ][safepoint   ] Safepoint "ICBufferFull", Time since last: 108393 ns, Reaching safepoint: 282926 ns, Cleanup: 3135 ns, At safepoint: 172099 ns, Total: 458160 ns
[2025-10-15T05:05:28.429-0700][1246 ][info ][safepoint   ] Safepoint "ICBufferFull", Time since last: 56736 ns, Reaching safepoint: 292680 ns, Cleanup: 2604 ns, At safepoint: 126080 ns, Total: 421364 ns
[2025-10-15T05:05:28.430-0700][1246 ][info ][safepoint   ] Safepoint "ICBufferFull", Time since last: 75924 ns, Reaching safepoint: 279041 ns, Cleanup: 3144 ns, At safepoint: 148093 ns, Total: 430278 ns
[2025-10-15T05:05:28.430-0700][1246 ][info ][safepoint   ] Safepoint "ICBufferFull", Time since last: 53521 ns, Reaching safepoint: 276777 ns, Cleanup: 3435 ns, At safepoint: 146641 ns, Total: 426853 ns
[2025-10-15T05:05:28.431-0700][1246 ][info ][safepoint   ] Safepoint "ICBufferFull", Time since last: 104838 ns, Reaching safepoint: 290797 ns, Cleanup: 2905 ns, At safepoint: 168744 ns, Total: 462446 ns
[2025-10-15T05:05:28.432-0700][1246 ][info ][safepoint   ] Safepoint "ICBufferFull", Time since last: 396687 ns, Reaching safepoint: 364609 ns, Cleanup: 3846 ns, At safepoint: 131648 ns, Total: 500103 ns
[2025-10-15T05:05:28.432-0700][1246 ][info ][safepoint   ] Safepoint "ICBufferFull", Time since last: 75995 ns, Reaching safepoint: 293431 ns, Cleanup: 1222 ns, At safepoint: 135725 ns, Total: 430378 ns
[2025-10-15T05:05:28.433-0700][1246 ][info ][safepoint   ] Safepoint "ICBufferFull", Time since last: 144567 ns, Reaching safepoint: 300152 ns, Cleanup: 4116 ns, At safepoint: 150076 ns, Total: 454344 ns
[2025-10-15T05:05:28.433-0700][1246 ][info ][safepoint   ] Safepoint "ICBufferFull", Time since last: 78078 ns, Reaching safepoint: 286041 ns, Cleanup: 3104 ns, At safepoint: 169215 ns, Total: 458360 ns
[2025-10-15T05:05:28.434-0700][1246 ][info ][safepoint   ] Safepoint "ICBufferFull", Time since last: 83726 ns, Reaching safepoint: 282806 ns, Cleanup: 2944 ns, At safepoint: 152120 ns, Total: 437870 ns
[2025-10-15T05:05:28.434-0700][1246 ][info ][safepoint   ] Safepoint "ICBufferFull", Time since last: 54381 ns, Reaching safepoint: 276647 ns, Cleanup: 741 ns, At safepoint: 163066 ns, Total: 440454 ns
[2025-10-15T05:05:28.435-0700][1246 ][info ][safepoint   ] Safepoint "ICBufferFull", Time since last: 75664 ns, Reaching safepoint: 297508 ns, Cleanup: 3114 ns, At safepoint: 174313 ns, Total: 474935 ns
[2025-10-15T05:05:28.435-0700][1246 ][info ][safepoint   ] Safepoint "ICBufferFull", Time since last: 66470 ns, Reaching safepoint: 293231 ns, Cleanup: 751 ns, At safepoint: 181904 ns, Total: 475886 ns
[2025-10-15T05:05:28.436-0700][1246 ][info ][safepoint   ] Safepoint "ICBufferFull", Time since last: 71308 ns, Reaching safepoint: 289005 ns, Cleanup: 2604 ns, At safepoint: 161703 ns, Total: 453312 ns
[2025-10-15T05:05:28.437-0700][1246 ][info ][safepoint   ] Safepoint "ICBufferFull", Time since last: 124047 ns, Reaching safepoint: 316046 ns, Cleanup: 3245 ns, At safepoint: 167312 ns, Total: 486603 ns
[2025-10-15T05:05:28.437-0700][1246 ][info ][safepoint   ] Safepoint "ICBufferFull", Time since last: 75273 ns, Reaching safepoint: 301304 ns, Cleanup: 3515 ns, At safepoint: 135344 ns, Total: 440163 ns
[2025-10-15T05:05:28.438-0700][1246 ][info ][safepoint   ] Safepoint "ICBufferFull", Time since last: 307062 ns, Reaching safepoint: 388065 ns, Cleanup: 4506 ns, At safepoint: 124217 ns, Total: 516788 ns
[2025-10-15T05:05:28.438-0700][1246 ][info ][safepoint   ] Safepoint "ICBufferFull", Time since last: 67652 ns, Reaching safepoint: 317248 ns, Cleanup: 681 ns, At safepoint: 140431 ns, Total: 458360 ns
[2025-10-15T05:05:28.439-0700][1246 ][info ][safepoint   ] Safepoint "ICBufferFull", Time since last: 52830 ns, Reaching safepoint: 301965 ns, Cleanup: 4156 ns, At safepoint: 165689 ns, Total: 471810 ns
[2025-10-15T05:05:28.439-0700][1246 ][info ][safepoint   ] Safepoint "ICBufferFull", Time since last: 79350 ns, Reaching safepoint: 320402 ns, Cleanup: 5519 ns, At safepoint: 164117 ns, Total: 490038 ns
[2025-10-15T05:05:28.440-0700][1246 ][info ][safepoint   ] Safepoint "ICBufferFull", Time since last: 54372 ns, Reaching safepoint: 293872 ns, Cleanup: 871 ns, At safepoint: 132610 ns, Total: 427353 ns
[2025-10-15T05:05:28.441-0700][1246 ][info ][safepoint   ] Safepoint "ICBufferFull", Time since last: 86921 ns, Reaching safepoint: 314043 ns, Cleanup: 2724 ns, At safepoint: 162525 ns, Total: 479292 ns
[2025-10-15T05:05:28.441-0700][1246 ][info ][safepoint   ] Safepoint "ICBufferFull", Time since last: 48713 ns, Reaching safepoint: 286081 ns, Cleanup: 3094 ns, At safepoint: 162185 ns, Total: 451360 ns
[2025-10-15T05:05:28.442-0700][1246 ][info ][safepoint   ] Safepoint "ICBufferFull", Time since last: 85518 ns, Reaching safepoint: 320263 ns, Cleanup: 2794 ns, At safepoint: 177758 ns, Total: 500815 ns
[2025-10-15T05:05:28.442-0700][1246 ][info ][safepoint   ] Safepoint "ICBufferFull", Time since last: 78548 ns, Reaching safepoint: 294283 ns, Cleanup: 2744 ns, At safepoint: 158228 ns, Total: 455255 ns
[2025-10-15T05:05:28.443-0700][1246 ][info ][safepoint   ] Safepoint "ICBufferFull", Time since last: 97567 ns, Reaching safepoint: 298159 ns, Cleanup: 5749 ns, At safepoint: 169044 ns, Total: 472952 ns
[2025-10-15T05:05:28.443-0700][1246 ][info ][safepoint   ] Safepoint "ICBufferFull", Time since last: 114753 ns, Reaching safepoint: 281033 ns, Cleanup: 1693 ns, At safepoint: 186971 ns, Total: 469697 ns
[2025-10-15T05:05:28.444-0700][1246 ][info ][safepoint   ] Safepoint "ICBufferFull", Time since last: 65609 ns, Reaching safepoint: 289496 ns, Cleanup: 2734 ns, At safepoint: 167923 ns, Total: 460153 ns
[2025-10-15T05:05:28.444-0700][1246 ][info ][safepoint   ] Safepoint "ICBufferFull", Time since last: 79730 ns, Reaching safepoint: 336947 ns, Cleanup: 3616 ns, At safepoint: 208674 ns, Total: 549237 ns
[2025-10-15T05:05:28.445-0700][1246 ][info ][safepoint   ] Safepoint "ICBufferFull", Time since last: 75874 ns, Reaching safepoint: 326762 ns, Cleanup: 4587 ns, At safepoint: 166080 ns, Total: 497429 ns
[2025-10-15T05:05:28.446-0700][1246 ][info ][safepoint   ] Safepoint "ICBufferFull", Time since last: 49635 ns, Reaching safepoint: 317989 ns, Cleanup: 3545 ns, At safepoint: 174483 ns, Total: 496017 ns
[2025-10-15T05:05:28.446-0700][1246 ][info ][safepoint   ] Safepoint "ICBufferFull", Time since last: 68583 ns, Reaching safepoint: 317899 ns, Cleanup: 1372 ns, At safepoint: 176255 ns, Total: 495526 ns
[2025-10-15T05:05:28.447-0700][1246 ][info ][safepoint   ] Safepoint "ICBufferFull", Time since last: 109175 ns, Reaching safepoint: 306882 ns, Cleanup: 4807 ns, At safepoint: 136415 ns, Total: 448104 ns
[2025-10-15T05:05:28.447-0700][1246 ][info ][safepoint   ] Safepoint "ICBufferFull", Time since last: 127853 ns, Reaching safepoint: 280963 ns, Cleanup: 6289 ns, At safepoint: 157488 ns, Total: 444740 ns
[2025-10-15T05:05:28.448-0700][1246 ][info ][safepoint   ] Safepoint "ICBufferFull", Time since last: 81923 ns, Reaching safepoint: 300573 ns, Cleanup: 3224 ns, At safepoint: 177047 ns, Total: 480844 ns
[2025-10-15T05:05:28.448-0700][1246 ][info ][safepoint   ] Safepoint "ICBufferFull", Time since last: 34692 ns, Reaching safepoint: 275094 ns, Cleanup: 2725 ns, At safepoint: 176896 ns, Total: 454715 ns
[2025-10-15T05:05:28.449-0700][1246 ][info ][safepoint   ] Safepoint "ICBufferFull", Time since last: 263647 ns, Reaching safepoint: 325069 ns, Cleanup: 3996 ns, At safepoint: 136055 ns, Total: 465120 ns
[2025-10-15T05:05:28.450-0700][1246 ][info ][safepoint   ] Safepoint "ICBufferFull", Time since last: 36605 ns, Reaching safepoint: 308525 ns, Cleanup: 1282 ns, At safepoint: 135734 ns, Total: 445541 ns
[2025-10-15T05:05:28.450-0700][1246 ][info ][safepoint   ] Safepoint "ICBufferFull", Time since last: 41873 ns, Reaching safepoint: 306752 ns, Cleanup: 3325 ns, At safepoint: 168023 ns, Total: 478100 ns
[2025-10-15T05:05:28.451-0700][1246 ][info ][safepoint   ] Safepoint "ICBufferFull", Time since last: 81423 ns, Reaching safepoint: 359361 ns, Cleanup: 3776 ns, At safepoint: 185719 ns, Total: 548856 ns
[2025-10-15T05:05:28.451-0700][1246 ][info ][safepoint   ] Safepoint "ICBufferFull", Time since last: 40832 ns, Reaching safepoint: 284398 ns, Cleanup: 2183 ns, At safepoint: 146941 ns, Total: 433522 ns
[2025-10-15T05:05:28.452-0700][1246 ][info ][safepoint   ] Safepoint "ICBufferFull", Time since last: 373813 ns, Reaching safepoint: 384870 ns, Cleanup: 3776 ns, At safepoint: 157066 ns, Total: 545712 ns
[2025-10-15T05:05:28.453-0700][1246 ][info ][safepoint   ] Safepoint "ICBufferFull", Time since last: 50366 ns, Reaching safepoint: 299711 ns, Cleanup: 3586 ns, At safepoint: 161072 ns, Total: 464369 ns
[2025-10-15T05:05:28.453-0700][1246 ][info ][safepoint   ] Safepoint "ICBufferFull", Time since last: 50726 ns, Reaching safepoint: 306983 ns, Cleanup: 3355 ns, At safepoint: 183516 ns, Total: 493854 ns
[2025-10-15T05:05:28.454-0700][1246 ][info ][safepoint   ] Safepoint "ICBufferFull", Time since last: 180011 ns, Reaching safepoint: 374354 ns, Cleanup: 4787 ns, At safepoint: 246611 ns, Total: 625752 ns
[2025-10-15T05:05:28.455-0700][1246 ][info ][safepoint   ] Safepoint "ICBufferFull", Time since last: 65990 ns, Reaching safepoint: 373222 ns, Cleanup: 1242 ns, At safepoint: 239791 ns, Total: 614255 ns
[2025-10-15T05:05:28.455-0700][1246 ][info ][safepoint   ] Safepoint "ICBufferFull", Time since last: 91567 ns, Reaching safepoint: 359612 ns, Cleanup: 5078 ns, At safepoint: 213852 ns, Total: 578542 ns
[2025-10-15T05:05:28.921-0700][1246 ][info ][safepoint   ] Safepoint "ICBufferFull", Time since last: 464164439 ns, Reaching safepoint: 762808 ns, Cleanup: 178840 ns, At safepoint: 180221 ns, Total: 1121869 ns
[2025-10-15T05:05:29.220-0700][1246 ][info ][safepoint   ] Safepoint "ICBufferFull", Time since last: 298340252 ns, Reaching safepoint: 855438 ns, Cleanup: 161333 ns, At safepoint: 423608 ns, Total: 1440379 ns
[2025-10-15T05:05:29.994-0700][1246 ][info ][safepoint   ] Safepoint "ICBufferFull", Time since last: 772167190 ns, Reaching safepoint: 895548 ns, Cleanup: 166180 ns, At safepoint: 352090 ns, Total: 1413818 ns
[2025-10-15T05:05:30.028-0700][1246 ][info ][gc,start    ] GC(36) Pause Young (Mixed) (G1 Evacuation Pause)
[2025-10-15T05:05:30.028-0700][1246 ][info ][gc,task     ] GC(36) Using 113 workers of 113 for evacuation
[2025-10-15T05:05:30.044-0700][1246 ][debug][gc,remset   ] GC(36) Visited cards 10743296 Total dirty 21102592 (50.91%) Total old 478543872 (2.24%)
[2025-10-15T05:05:30.181-0700][1246 ][info ][gc,phases   ] GC(36)   Pre Evacuate Collection Set: 0.7ms
[2025-10-15T05:05:30.181-0700][1246 ][info ][gc,phases   ] GC(36)   Merge Heap Roots: 14.8ms
[2025-10-15T05:05:30.181-0700][1246 ][info ][gc,phases   ] GC(36)   Evacuate Collection Set: 126.4ms
[2025-10-15T05:05:30.181-0700][1246 ][info ][gc,phases   ] GC(36)   Post Evacuate Collection Set: 10.0ms
[2025-10-15T05:05:30.181-0700][1246 ][info ][gc,phases   ] GC(36)   Other: 0.4ms
[2025-10-15T05:05:30.181-0700][1246 ][debug][gc,remset   ] GC(36) Coarsening (recent): Inline->AoC 0 (0) AoC->Howl 0 (0) Howl->Full 0 (0) Inline->AoC 0 (0) AoC->BitMap 0 (0) BitMap->Full 0 (0) 
[2025-10-15T05:05:30.181-0700][1246 ][debug][gc,remset   ] GC(36) Coarsening (all): Inline->AoC 53147 (3) AoC->Howl 3167 (18) Howl->Full 0 (0) Inline->AoC 18862 (8) AoC->BitMap 2822 (32) BitMap->Full 0 (0) 
[2025-10-15T05:05:30.181-0700][1246 ][info ][gc,heap     ] GC(36) Eden regions: 3426->0(183)
[2025-10-15T05:05:30.181-0700][1246 ][info ][gc,heap     ] GC(36) Survivor regions: 30->105(432)
[2025-10-15T05:05:30.181-0700][1246 ][info ][gc,heap     ] GC(36) Old regions: 356->329
[2025-10-15T05:05:30.181-0700][1246 ][info ][gc,heap     ] GC(36) Humongous regions: 1->0
[2025-10-15T05:05:30.181-0700][1246 ][info ][gc,metaspace] GC(36) Metaspace: 289906K(293888K)->289906K(293888K) NonClass: 254616K(256832K)->254616K(256832K) Class: 35290K(37056K)->35290K(37056K)
[2025-10-15T05:05:30.181-0700][1246 ][info ][gc          ] GC(36) Pause Young (Mixed) (G1 Evacuation Pause) 121995M->13853M(184320M) 152.611ms
[2025-10-15T05:05:30.182-0700][1246 ][info ][gc,cpu      ] GC(36) User=10.00s Sys=0.08s Real=0.16s
[2025-10-15T05:05:30.183-0700][1246 ][info ][safepoint   ] Safepoint "G1CollectForAllocation", Time since last: 31934596 ns, Reaching safepoint: 878542 ns, Cleanup: 31558 ns, At safepoint: 156202710 ns, Total: 157112810 ns
[2025-10-15T05:05:30.546-0700][1246 ][info ][gc,start    ] GC(37) Pause Young (Normal) (G1 Evacuation Pause)
[2025-10-15T05:05:30.546-0700][1246 ][info ][gc,task     ] GC(37) Using 113 workers of 113 for evacuation
[2025-10-15T05:05:30.555-0700][1246 ][debug][gc,remset   ] GC(37) Visited cards 10507520 Total dirty 21430272 (49.03%) Total old 59310080 (17.72%)
[2025-10-15T05:05:30.675-0700][1246 ][info ][gc,phases   ] GC(37)   Pre Evacuate Collection Set: 0.7ms
[2025-10-15T05:05:30.675-0700][1246 ][info ][gc,phases   ] GC(37)   Merge Heap Roots: 8.5ms
[2025-10-15T05:05:30.675-0700][1246 ][info ][gc,phases   ] GC(37)   Evacuate Collection Set: 115.4ms
[2025-10-15T05:05:30.675-0700][1246 ][info ][gc,phases   ] GC(37)   Post Evacuate Collection Set: 4.4ms
[2025-10-15T05:05:30.675-0700][1246 ][info ][gc,phases   ] GC(37)   Other: 0.1ms
[2025-10-15T05:05:30.675-0700][1246 ][debug][gc,remset   ] GC(37) Coarsening (recent): Inline->AoC 0 (0) AoC->Howl 0 (0) Howl->Full 0 (0) Inline->AoC 0 (0) AoC->BitMap 0 (0) BitMap->Full 0 (0) 
[2025-10-15T05:05:30.675-0700][1246 ][debug][gc,remset   ] GC(37) Coarsening (all): Inline->AoC 53147 (3) AoC->Howl 3167 (18) Howl->Full 0 (0) Inline->AoC 18862 (8) AoC->BitMap 2822 (32) BitMap->Full 0 (0) 
[2025-10-15T05:05:30.675-0700][1246 ][info ][gc,heap     ] GC(37) Eden regions: 183->0(254)
[2025-10-15T05:05:30.675-0700][1246 ][info ][gc,heap     ] GC(37) Survivor regions: 105->34(36)
[2025-10-15T05:05:30.675-0700][1246 ][info ][gc,heap     ] GC(37) Old regions: 329->411
[2025-10-15T05:05:30.675-0700][1246 ][info ][gc,heap     ] GC(37) Humongous regions: 0->0
[2025-10-15T05:05:30.675-0700][1246 ][info ][gc,metaspace] GC(37) Metaspace: 289949K(293952K)->289949K(293952K) NonClass: 254657K(256896K)->254657K(256896K) Class: 35291K(37056K)->35291K(37056K)
[2025-10-15T05:05:30.675-0700][1246 ][info ][gc          ] GC(37) Pause Young (Normal) (G1 Evacuation Pause) 19709M->14189M(184320M) 129.184ms
[2025-10-15T05:05:30.676-0700][1246 ][info ][gc,cpu      ] GC(37) User=6.62s Sys=0.09s Real=0.13s
[2025-10-15T05:05:30.677-0700][1246 ][info ][safepoint   ] Safepoint "G1CollectForAllocation", Time since last: 359976510 ns, Reaching safepoint: 1007236 ns, Cleanup: 108584 ns, At safepoint: 133014024 ns, Total: 134129844 ns
[2025-10-15T05:05:31.384-0700][1246 ][info ][gc,start    ] GC(38) Pause Young (Normal) (G1 Evacuation Pause)
[2025-10-15T05:05:31.384-0700][1246 ][info ][gc,task     ] GC(38) Using 113 workers of 113 for evacuation
[2025-10-15T05:05:31.394-0700][1246 ][debug][gc,remset   ] GC(38) Visited cards 10919424 Total dirty 26607616 (41.04%) Total old 64684032 (16.88%)
[2025-10-15T05:05:31.468-0700][1246 ][info ][gc,phases   ] GC(38)   Pre Evacuate Collection Set: 0.6ms
[2025-10-15T05:05:31.468-0700][1246 ][info ][gc,phases   ] GC(38)   Merge Heap Roots: 9.2ms
[2025-10-15T05:05:31.468-0700][1246 ][info ][gc,phases   ] GC(38)   Evacuate Collection Set: 69.0ms
[2025-10-15T05:05:31.468-0700][1246 ][info ][gc,phases   ] GC(38)   Post Evacuate Collection Set: 5.5ms
[2025-10-15T05:05:31.468-0700][1246 ][info ][gc,phases   ] GC(38)   Other: 0.1ms
[2025-10-15T05:05:31.468-0700][1246 ][debug][gc,remset   ] GC(38) Coarsening (recent): Inline->AoC 0 (0) AoC->Howl 0 (0) Howl->Full 0 (0) Inline->AoC 0 (0) AoC->BitMap 0 (0) BitMap->Full 0 (0) 
[2025-10-15T05:05:31.468-0700][1246 ][debug][gc,remset   ] GC(38) Coarsening (all): Inline->AoC 53147 (3) AoC->Howl 3167 (18) Howl->Full 0 (0) Inline->AoC 18862 (8) AoC->BitMap 2822 (32) BitMap->Full 0 (0) 
[2025-10-15T05:05:31.468-0700][1246 ][info ][gc,heap     ] GC(38) Eden regions: 254->0(256)
[2025-10-15T05:05:31.469-0700][1246 ][info ][gc,heap     ] GC(38) Survivor regions: 34->32(36)
[2025-10-15T05:05:31.469-0700][1246 ][info ][gc,heap     ] GC(38) Old regions: 411->429
[2025-10-15T05:05:31.469-0700][1246 ][info ][gc,heap     ] GC(38) Humongous regions: 0->0
[2025-10-15T05:05:31.469-0700][1246 ][info ][gc,metaspace] GC(38) Metaspace: 290010K(294080K)->290010K(294080K) NonClass: 254712K(256960K)->254712K(256960K) Class: 35298K(37120K)->35298K(37120K)
[2025-10-15T05:05:31.469-0700][1246 ][info ][gc          ] GC(38) Pause Young (Normal) (G1 Evacuation Pause) 22317M->14715M(184320M) 84.585ms
[2025-10-15T05:05:31.470-0700][1246 ][info ][gc,cpu      ] GC(38) User=3.75s Sys=0.10s Real=0.09s
[2025-10-15T05:05:31.471-0700][1246 ][info ][safepoint   ] Safepoint "G1CollectForAllocation", Time since last: 704680843 ns, Reaching safepoint: 822318 ns, Cleanup: 113021 ns, At safepoint: 87898762 ns, Total: 88834101 ns
[2025-10-15T05:05:31.958-0700][1246 ][info ][safepoint   ] Safepoint "ICBufferFull", Time since last: 486476235 ns, Reaching safepoint: 951182 ns, Cleanup: 169555 ns, At safepoint: 206651 ns, Total: 1327388 ns
[2025-10-15T05:05:32.139-0700][1246 ][info ][gc,start    ] GC(39) Pause Young (Normal) (G1 Evacuation Pause)
[2025-10-15T05:05:32.139-0700][1246 ][info ][gc,task     ] GC(39) Using 113 workers of 113 for evacuation
[2025-10-15T05:05:32.149-0700][1246 ][debug][gc,remset   ] GC(39) Visited cards 11845888 Total dirty 27656192 (42.83%) Total old 65994752 (17.95%)
[2025-10-15T05:05:32.219-0700][1246 ][info ][gc,phases   ] GC(39)   Pre Evacuate Collection Set: 0.6ms
[2025-10-15T05:05:32.219-0700][1246 ][info ][gc,phases   ] GC(39)   Merge Heap Roots: 9.9ms
[2025-10-15T05:05:32.219-0700][1246 ][info ][gc,phases   ] GC(39)   Evacuate Collection Set: 65.0ms
[2025-10-15T05:05:32.219-0700][1246 ][info ][gc,phases   ] GC(39)   Post Evacuate Collection Set: 4.5ms
[2025-10-15T05:05:32.219-0700][1246 ][info ][gc,phases   ] GC(39)   Other: 0.1ms
[2025-10-15T05:05:32.219-0700][1246 ][debug][gc,remset   ] GC(39) Coarsening (recent): Inline->AoC 0 (0) AoC->Howl 0 (0) Howl->Full 0 (0) Inline->AoC 0 (0) AoC->BitMap 0 (0) BitMap->Full 0 (0) 
[2025-10-15T05:05:32.219-0700][1246 ][debug][gc,remset   ] GC(39) Coarsening (all): Inline->AoC 53147 (3) AoC->Howl 3167 (18) Howl->Full 0 (0) Inline->AoC 18862 (8) AoC->BitMap 2822 (32) BitMap->Full 0 (0) 
[2025-10-15T05:05:32.219-0700][1246 ][info ][gc,heap     ] GC(39) Eden regions: 256->0(252)
[2025-10-15T05:05:32.219-0700][1246 ][info ][gc,heap     ] GC(39) Survivor regions: 32->36(36)
[2025-10-15T05:05:32.219-0700][1246 ][info ][gc,heap     ] GC(39) Old regions: 429->442
[2025-10-15T05:05:32.219-0700][1246 ][info ][gc,heap     ] GC(39) Humongous regions: 2->0
[2025-10-15T05:05:32.219-0700][1246 ][info ][gc,metaspace] GC(39) Metaspace: 290479K(294592K)->290479K(294592K) NonClass: 255136K(257408K)->255136K(257408K) Class: 35343K(37184K)->35343K(37184K)
[2025-10-15T05:05:32.219-0700][1246 ][info ][gc          ] GC(39) Pause Young (Normal) (G1 Evacuation Pause) 22971M->15290M(184320M) 80.252ms
[2025-10-15T05:05:32.220-0700][1246 ][info ][gc,cpu      ] GC(39) User=4.16s Sys=0.10s Real=0.08s
[2025-10-15T05:05:32.222-0700][1246 ][info ][safepoint   ] Safepoint "G1CollectForAllocation", Time since last: 178056396 ns, Reaching safepoint: 978293 ns, Cleanup: 96386 ns, At safepoint: 83985129 ns, Total: 85059808 ns
[2025-10-15T05:05:32.375-0700][1246 ][info ][safepoint   ] Safepoint "ICBufferFull", Time since last: 152259102 ns, Reaching safepoint: 858232 ns, Cleanup: 243146 ns, At safepoint: 337379 ns, Total: 1438757 ns
[2025-10-15T05:05:32.730-0700][1246 ][info ][gc,start    ] GC(40) Pause Young (Normal) (G1 Evacuation Pause)
[2025-10-15T05:05:32.730-0700][1246 ][info ][gc,task     ] GC(40) Using 113 workers of 113 for evacuation
[2025-10-15T05:05:32.740-0700][1246 ][debug][gc,remset   ] GC(40) Visited cards 11687424 Total dirty 28639232 (40.81%) Total old 66715648 (17.52%)
[2025-10-15T05:05:32.849-0700][1246 ][info ][gc,phases   ] GC(40)   Pre Evacuate Collection Set: 0.7ms
[2025-10-15T05:05:32.849-0700][1246 ][info ][gc,phases   ] GC(40)   Merge Heap Roots: 9.4ms
[2025-10-15T05:05:32.849-0700][1246 ][info ][gc,phases   ] GC(40)   Evacuate Collection Set: 104.2ms
[2025-10-15T05:05:32.849-0700][1246 ][info ][gc,phases   ] GC(40)   Post Evacuate Collection Set: 4.8ms
[2025-10-15T05:05:32.849-0700][1246 ][info ][gc,phases   ] GC(40)   Other: 0.1ms
[2025-10-15T05:05:32.849-0700][1246 ][debug][gc,remset   ] GC(40) Coarsening (recent): Inline->AoC 0 (0) AoC->Howl 0 (0) Howl->Full 0 (0) Inline->AoC 0 (0) AoC->BitMap 0 (0) BitMap->Full 0 (0) 
[2025-10-15T05:05:32.849-0700][1246 ][debug][gc,remset   ] GC(40) Coarsening (all): Inline->AoC 53147 (3) AoC->Howl 3167 (18) Howl->Full 0 (0) Inline->AoC 18862 (8) AoC->BitMap 2822 (32) BitMap->Full 0 (0) 
[2025-10-15T05:05:32.849-0700][1246 ][info ][gc,heap     ] GC(40) Eden regions: 252->0(252)
[2025-10-15T05:05:32.849-0700][1246 ][info ][gc,heap     ] GC(40) Survivor regions: 36->36(36)
[2025-10-15T05:05:32.849-0700][1246 ][info ][gc,heap     ] GC(40) Old regions: 442->456
[2025-10-15T05:05:32.849-0700][1246 ][info ][gc,heap     ] GC(40) Humongous regions: 0->0
[2025-10-15T05:05:32.849-0700][1246 ][info ][gc,metaspace] GC(40) Metaspace: 291115K(295360K)->291115K(295360K) NonClass: 255730K(258048K)->255730K(258048K) Class: 35384K(37312K)->35384K(37312K)
[2025-10-15T05:05:32.849-0700][1246 ][info ][gc          ] GC(40) Pause Young (Normal) (G1 Evacuation Pause) 23354M->15713M(184320M) 119.356ms
[2025-10-15T05:05:32.850-0700][1246 ][info ][gc,cpu      ] GC(40) User=4.45s Sys=0.02s Real=0.12s
[2025-10-15T05:05:32.851-0700][1246 ][info ][safepoint   ] Safepoint "G1CollectForAllocation", Time since last: 351698485 ns, Reaching safepoint: 1330723 ns, Cleanup: 146220 ns, At safepoint: 123048098 ns, Total: 124525041 ns
[2025-10-15T05:05:33.361-0700][1246 ][info ][safepoint   ] Safepoint "ICBufferFull", Time since last: 506690643 ns, Reaching safepoint: 1321530 ns, Cleanup: 208564 ns, At safepoint: 971242 ns, Total: 2501336 ns
[2025-10-15T05:05:33.513-0700][1246 ][info ][gc,start    ] GC(41) Pause Young (Normal) (G1 Evacuation Pause)
[2025-10-15T05:05:33.513-0700][1246 ][info ][gc,task     ] GC(41) Using 113 workers of 113 for evacuation
[2025-10-15T05:05:33.523-0700][1246 ][debug][gc,remset   ] GC(41) Visited cards 11087104 Total dirty 29032448 (38.19%) Total old 76546048 (14.48%)
[2025-10-15T05:05:33.618-0700][1246 ][info ][gc,phases   ] GC(41)   Pre Evacuate Collection Set: 0.7ms
[2025-10-15T05:05:33.618-0700][1246 ][info ][gc,phases   ] GC(41)   Merge Heap Roots: 10.0ms
[2025-10-15T05:05:33.618-0700][1246 ][info ][gc,phases   ] GC(41)   Evacuate Collection Set: 89.3ms
[2025-10-15T05:05:33.618-0700][1246 ][info ][gc,phases   ] GC(41)   Post Evacuate Collection Set: 5.2ms
[2025-10-15T05:05:33.618-0700][1246 ][info ][gc,phases   ] GC(41)   Other: 0.1ms
[2025-10-15T05:05:33.618-0700][1246 ][debug][gc,remset   ] GC(41) Coarsening (recent): Inline->AoC 0 (0) AoC->Howl 0 (0) Howl->Full 0 (0) Inline->AoC 0 (0) AoC->BitMap 0 (0) BitMap->Full 0 (0) 
[2025-10-15T05:05:33.618-0700][1246 ][debug][gc,remset   ] GC(41) Coarsening (all): Inline->AoC 53147 (3) AoC->Howl 3167 (18) Howl->Full 0 (0) Inline->AoC 18862 (8) AoC->BitMap 2822 (32) BitMap->Full 0 (0) 
[2025-10-15T05:05:33.618-0700][1246 ][info ][gc,heap     ] GC(41) Eden regions: 320->0(556)
[2025-10-15T05:05:33.618-0700][1246 ][info ][gc,heap     ] GC(41) Survivor regions: 36->34(45)
[2025-10-15T05:05:33.618-0700][1246 ][info ][gc,heap     ] GC(41) Old regions: 456->475
[2025-10-15T05:05:33.618-0700][1246 ][info ][gc,heap     ] GC(41) Humongous regions: 0->0
[2025-10-15T05:05:33.618-0700][1246 ][info ][gc,metaspace] GC(41) Metaspace: 291484K(295808K)->291484K(295808K) NonClass: 256069K(258496K)->256069K(258496K) Class: 35414K(37312K)->35414K(37312K)
[2025-10-15T05:05:33.618-0700][1246 ][info ][gc          ] GC(41) Pause Young (Normal) (G1 Evacuation Pause) 25953M->16275M(184320M) 105.430ms
[2025-10-15T05:05:33.619-0700][1246 ][info ][gc,cpu      ] GC(41) User=4.29s Sys=0.24s Real=0.11s
[2025-10-15T05:05:33.620-0700][1246 ][info ][safepoint   ] Safepoint "G1CollectForAllocation", Time since last: 149421069 ns, Reaching safepoint: 1073116 ns, Cleanup: 55644 ns, At safepoint: 109012434 ns, Total: 110141194 ns
[2025-10-15T05:05:34.113-0700][1246 ][info ][safepoint   ] Safepoint "ICBufferFull", Time since last: 491020407 ns, Reaching safepoint: 1262721 ns, Cleanup: 145760 ns, At safepoint: 290677 ns, Total: 1699158 ns
[2025-10-15T05:05:34.354-0700][1246 ][info ][safepoint   ] Safepoint "ICBufferFull", Time since last: 240076212 ns, Reaching safepoint: 905753 ns, Cleanup: 146371 ns, At safepoint: 196506 ns, Total: 1248630 ns
[2025-10-15T05:05:34.813-0700][1246 ][info ][safepoint   ] Safepoint "ICBufferFull", Time since last: 457825104 ns, Reaching safepoint: 771601 ns, Cleanup: 165470 ns, At safepoint: 117406 ns, Total: 1054477 ns
[2025-10-15T05:05:34.814-0700][1246 ][info ][safepoint   ] Safepoint "ICBufferFull", Time since last: 54633 ns, Reaching safepoint: 276716 ns, Cleanup: 4177 ns, At safepoint: 84927 ns, Total: 365820 ns
[2025-10-15T05:05:35.492-0700][1246 ][info ][gc,start    ] GC(42) Pause Young (Normal) (G1 Evacuation Pause)
[2025-10-15T05:05:35.492-0700][1246 ][info ][gc,task     ] GC(42) Using 113 workers of 113 for evacuation
[2025-10-15T05:05:35.505-0700][1246 ][debug][gc,remset   ] GC(42) Visited cards 11235328 Total dirty 30539776 (36.79%) Total old 109314048 (10.28%)
[2025-10-15T05:05:35.577-0700][1246 ][info ][gc,phases   ] GC(42)   Pre Evacuate Collection Set: 0.6ms
[2025-10-15T05:05:35.577-0700][1246 ][info ][gc,phases   ] GC(42)   Merge Heap Roots: 11.5ms
[2025-10-15T05:05:35.577-0700][1246 ][info ][gc,phases   ] GC(42)   Evacuate Collection Set: 65.6ms
[2025-10-15T05:05:35.577-0700][1246 ][info ][gc,phases   ] GC(42)   Post Evacuate Collection Set: 7.0ms
[2025-10-15T05:05:35.577-0700][1246 ][info ][gc,phases   ] GC(42)   Other: 0.1ms
[2025-10-15T05:05:35.577-0700][1246 ][debug][gc,remset   ] GC(42) Coarsening (recent): Inline->AoC 0 (0) AoC->Howl 0 (0) Howl->Full 0 (0) Inline->AoC 0 (0) AoC->BitMap 0 (0) BitMap->Full 0 (0) 
[2025-10-15T05:05:35.577-0700][1246 ][debug][gc,remset   ] GC(42) Coarsening (all): Inline->AoC 53147 (3) AoC->Howl 3167 (18) Howl->Full 0 (0) Inline->AoC 18862 (8) AoC->BitMap 2822 (32) BitMap->Full 0 (0) 
[2025-10-15T05:05:35.577-0700][1246 ][info ][gc,heap     ] GC(42) Eden regions: 560->0(793)
[2025-10-15T05:05:35.577-0700][1246 ][info ][gc,heap     ] GC(42) Survivor regions: 34->54(75)
[2025-10-15T05:05:35.577-0700][1246 ][info ][gc,heap     ] GC(42) Old regions: 475->475
[2025-10-15T05:05:35.577-0700][1246 ][info ][gc,heap     ] GC(42) Humongous regions: 5->0
[2025-10-15T05:05:35.577-0700][1246 ][info ][gc,metaspace] GC(42) Metaspace: 292198K(296576K)->292198K(296576K) NonClass: 256734K(259136K)->256734K(259136K) Class: 35463K(37440K)->35463K(37440K)
[2025-10-15T05:05:35.577-0700][1246 ][info ][gc          ] GC(42) Pause Young (Normal) (G1 Evacuation Pause) 34355M->16909M(184320M) 84.962ms
[2025-10-15T05:05:35.579-0700][1246 ][info ][gc,cpu      ] GC(42) User=5.25s Sys=0.03s Real=0.09s
[2025-10-15T05:05:35.580-0700][1246 ][info ][safepoint   ] Safepoint "G1CollectForAllocation", Time since last: 676728094 ns, Reaching safepoint: 753184 ns, Cleanup: 113241 ns, At safepoint: 88415190 ns, Total: 89281615 ns
[2025-10-15T05:05:36.431-0700][1246 ][info ][safepoint   ] Safepoint "ICBufferFull", Time since last: 839130499 ns, Reaching safepoint: 11283610 ns, Cleanup: 175444 ns, At safepoint: 648657 ns, Total: 12107711 ns
[2025-10-15T05:05:37.126-0700][1246 ][info ][gc,start    ] GC(43) Pause Young (Concurrent Start) (CodeCache GC Threshold)
[2025-10-15T05:05:37.126-0700][1246 ][info ][gc,task     ] GC(43) Using 113 workers of 113 for evacuation
[2025-10-15T05:05:37.137-0700][1246 ][debug][gc,remset   ] GC(43) Visited cards 11276800 Total dirty 30736384 (36.69%) Total old 88735744 (12.71%)
[2025-10-15T05:05:37.197-0700][1246 ][info ][gc,phases   ] GC(43)   Pre Evacuate Collection Set: 0.9ms
[2025-10-15T05:05:37.197-0700][1246 ][info ][gc,phases   ] GC(43)   Merge Heap Roots: 10.0ms
[2025-10-15T05:05:37.197-0700][1246 ][info ][gc,phases   ] GC(43)   Evacuate Collection Set: 53.2ms
[2025-10-15T05:05:37.197-0700][1246 ][info ][gc,phases   ] GC(43)   Post Evacuate Collection Set: 7.3ms
[2025-10-15T05:05:37.197-0700][1246 ][info ][gc,phases   ] GC(43)   Other: 0.1ms
[2025-10-15T05:05:37.198-0700][1246 ][debug][gc,remset   ] GC(43) Coarsening (recent): Inline->AoC 0 (0) AoC->Howl 0 (0) Howl->Full 0 (0) Inline->AoC 0 (0) AoC->BitMap 0 (0) BitMap->Full 0 (0) 
[2025-10-15T05:05:37.198-0700][1246 ][debug][gc,remset   ] GC(43) Coarsening (all): Inline->AoC 53147 (3) AoC->Howl 3167 (18) Howl->Full 0 (0) Inline->AoC 18862 (8) AoC->BitMap 2822 (32) BitMap->Full 0 (0) 
[2025-10-15T05:05:37.198-0700][1246 ][info ][gc,heap     ] GC(43) Eden regions: 385->0(1296)
[2025-10-15T05:05:37.198-0700][1246 ][info ][gc,heap     ] GC(43) Survivor regions: 54->63(118)
[2025-10-15T05:05:37.198-0700][1246 ][info ][gc,heap     ] GC(43) Old regions: 475->475
[2025-10-15T05:05:37.198-0700][1246 ][info ][gc,heap     ] GC(43) Humongous regions: 1->0
[2025-10-15T05:05:37.198-0700][1246 ][info ][gc,metaspace] GC(43) Metaspace: 292333K(296704K)->292333K(296704K) NonClass: 256868K(259264K)->256868K(259264K) Class: 35465K(37440K)->35465K(37440K)
[2025-10-15T05:05:37.198-0700][1246 ][info ][gc          ] GC(43) Pause Young (Concurrent Start) (CodeCache GC Threshold) 29247M->17198M(184320M) 71.708ms
[2025-10-15T05:05:37.198-0700][1085 ][info ][gc          ] GC(44) Concurrent Mark Cycle
[2025-10-15T05:05:37.198-0700][1085 ][info ][gc,marking  ] GC(44) Concurrent Scan Root Regions
[2025-10-15T05:05:37.199-0700][1246 ][info ][gc,cpu      ] GC(43) User=5.63s Sys=0.02s Real=0.08s
[2025-10-15T05:05:37.200-0700][1246 ][info ][safepoint   ] Safepoint "G1TryInitiateConcMark", Time since last: 693027497 ns, Reaching safepoint: 752633 ns, Cleanup: 70756 ns, At safepoint: 75832124 ns, Total: 76655513 ns
[2025-10-15T05:05:37.223-0700][1085 ][info ][gc,marking  ] GC(44) Concurrent Scan Root Regions 24.921ms
[2025-10-15T05:05:37.223-0700][1085 ][info ][gc,marking  ] GC(44) Concurrent Mark
[2025-10-15T05:05:37.223-0700][1085 ][info ][gc,marking  ] GC(44) Concurrent Mark From Roots
[2025-10-15T05:05:37.223-0700][1085 ][info ][gc,task     ] GC(44) Using 36 workers of 36 for marking
[2025-10-15T05:05:37.353-0700][1085 ][info ][gc,marking  ] GC(44) Concurrent Mark From Roots 130.371ms
[2025-10-15T05:05:37.353-0700][1085 ][info ][gc,marking  ] GC(44) Concurrent Preclean
[2025-10-15T05:05:37.359-0700][1085 ][info ][gc,marking  ] GC(44) Concurrent Preclean 5.184ms
[2025-10-15T05:05:37.361-0700][1246 ][info ][gc,start    ] GC(44) Pause Remark
[2025-10-15T05:05:37.842-0700][1246 ][info ][gc,mmu      ] GC(44) MMU target violated: 201.0ms (200.0ms/201.0ms)
[2025-10-15T05:05:37.842-0700][1246 ][info ][gc          ] GC(44) Pause Remark 18383M->18351M(184320M) 481.538ms
[2025-10-15T05:05:37.843-0700][1246 ][info ][gc,cpu      ] GC(44) User=13.66s Sys=0.03s Real=0.48s
[2025-10-15T05:05:37.846-0700][1246 ][info ][safepoint   ] Safepoint "G1PauseRemark", Time since last: 158050602 ns, Reaching safepoint: 731912 ns, Cleanup: 110777 ns, At safepoint: 486298347 ns, Total: 487141036 ns
[2025-10-15T05:05:37.846-0700][1085 ][info ][gc,marking  ] GC(44) Concurrent Mark 623.232ms
[2025-10-15T05:05:37.846-0700][1085 ][info ][gc,marking  ] GC(44) Concurrent Rebuild Remembered Sets and Scrub Regions
[2025-10-15T05:05:38.148-0700][1085 ][info ][gc,marking  ] GC(44) Concurrent Rebuild Remembered Sets and Scrub Regions 301.582ms
[2025-10-15T05:05:38.150-0700][1246 ][info ][gc,start    ] GC(44) Pause Cleanup
[2025-10-15T05:05:38.152-0700][1246 ][info ][gc          ] GC(44) Pause Cleanup 22066M->22066M(184320M) 1.424ms
[2025-10-15T05:05:38.153-0700][1246 ][info ][gc,cpu      ] GC(44) User=0.01s Sys=0.01s Real=0.00s
[2025-10-15T05:05:38.153-0700][1246 ][info ][safepoint   ] Safepoint "G1PauseCleanup", Time since last: 302130248 ns, Reaching safepoint: 864092 ns, Cleanup: 275104 ns, At safepoint: 4362569 ns, Total: 5501765 ns
[2025-10-15T05:05:38.154-0700][1085 ][info ][gc,marking  ] GC(44) Concurrent Clear Claimed Marks
[2025-10-15T05:05:38.154-0700][1085 ][info ][gc,marking  ] GC(44) Concurrent Clear Claimed Marks 0.650ms
[2025-10-15T05:05:38.154-0700][1085 ][info ][gc,marking  ] GC(44) Concurrent Cleanup for Next Mark
[2025-10-15T05:05:38.183-0700][1085 ][info ][gc,marking  ] GC(44) Concurrent Cleanup for Next Mark 29.074ms
[2025-10-15T05:05:38.184-0700][1085 ][info ][gc          ] GC(44) Concurrent Mark Cycle 985.652ms
[2025-10-15T05:05:38.836-0700][1246 ][info ][safepoint   ] Safepoint "ICBufferFull", Time since last: 681870346 ns, Reaching safepoint: 810040 ns, Cleanup: 159641 ns, At safepoint: 161222 ns, Total: 1130903 ns
[2025-10-15T05:05:38.837-0700][1246 ][info ][safepoint   ] Safepoint "ICBufferFull", Time since last: 54723 ns, Reaching safepoint: 334123 ns, Cleanup: 4927 ns, At safepoint: 111819 ns, Total: 450869 ns
[2025-10-15T05:05:39.555-0700][1246 ][info ][safepoint   ] Safepoint "ICBufferFull", Time since last: 717043768 ns, Reaching safepoint: 956350 ns, Cleanup: 174263 ns, At safepoint: 329776 ns, Total: 1460389 ns
[2025-10-15T05:05:39.556-0700][1246 ][info ][safepoint   ] Safepoint "ICBufferFull", Time since last: 77807 ns, Reaching safepoint: 664872 ns, Cleanup: 6099 ns, At safepoint: 364188 ns, Total: 1035159 ns
[2025-10-15T05:05:40.141-0700][1246 ][info ][safepoint   ] Safepoint "ICBufferFull", Time since last: 583269049 ns, Reaching safepoint: 884913 ns, Cleanup: 165699 ns, At safepoint: 227613 ns, Total: 1278225 ns
[2025-10-15T05:05:40.605-0700][1246 ][info ][gc,start    ] GC(45) Pause Young (Prepare Mixed) (G1 Evacuation Pause)
[2025-10-15T05:05:40.605-0700][1246 ][info ][gc,task     ] GC(45) Using 113 workers of 113 for evacuation
[2025-10-15T05:05:40.618-0700][1246 ][debug][gc,remset   ] GC(45) Visited cards 12060416 Total dirty 30801920 (39.15%) Total old 149225472 (8.08%)
[2025-10-15T05:05:40.681-0700][1246 ][info ][gc,phases   ] GC(45)   Pre Evacuate Collection Set: 0.7ms
[2025-10-15T05:05:40.681-0700][1246 ][info ][gc,phases   ] GC(45)   Merge Heap Roots: 12.1ms
[2025-10-15T05:05:40.681-0700][1246 ][info ][gc,phases   ] GC(45)   Evacuate Collection Set: 54.6ms
[2025-10-15T05:05:40.681-0700][1246 ][info ][gc,phases   ] GC(45)   Post Evacuate Collection Set: 8.0ms
[2025-10-15T05:05:40.681-0700][1246 ][info ][gc,phases   ] GC(45)   Other: 0.1ms
[2025-10-15T05:05:40.681-0700][1246 ][debug][gc,remset   ] GC(45) Coarsening (recent): Inline->AoC 84961 (0) AoC->Howl 6101 (0) Howl->Full 0 (0) Inline->AoC 38517 (0) AoC->BitMap 7114 (0) BitMap->Full 0 (0) 
[2025-10-15T05:05:40.681-0700][1246 ][debug][gc,remset   ] GC(45) Coarsening (all): Inline->AoC 138108 (3) AoC->Howl 9268 (18) Howl->Full 0 (0) Inline->AoC 57379 (8) AoC->BitMap 9936 (32) BitMap->Full 0 (0) 
[2025-10-15T05:05:40.681-0700][1246 ][info ][gc,heap     ] GC(45) Eden regions: 829->0(3391)
[2025-10-15T05:05:40.681-0700][1246 ][info ][gc,heap     ] GC(45) Survivor regions: 63->65(112)
[2025-10-15T05:05:40.681-0700][1246 ][info ][gc,heap     ] GC(45) Old regions: 474->481
[2025-10-15T05:05:40.681-0700][1246 ][info ][gc,heap     ] GC(45) Humongous regions: 19->0
[2025-10-15T05:05:40.681-0700][1246 ][info ][gc,metaspace] GC(45) Metaspace: 292721K(297088K)->292721K(297088K) NonClass: 257256K(259648K)->257256K(259648K) Class: 35464K(37440K)->35464K(37440K)
[2025-10-15T05:05:40.681-0700][1246 ][info ][gc          ] GC(45) Pause Young (Prepare Mixed) (G1 Evacuation Pause) 44302M->17462M(184320M) 75.633ms
[2025-10-15T05:05:40.682-0700][1246 ][info ][gc,cpu      ] GC(45) User=7.15s Sys=0.02s Real=0.08s
[2025-10-15T05:05:40.683-0700][1246 ][info ][safepoint   ] Safepoint "G1CollectForAllocation", Time since last: 461964707 ns, Reaching safepoint: 761367 ns, Cleanup: 60320 ns, At safepoint: 78888436 ns, Total: 79710123 ns
[2025-10-15T05:05:41.449-0700][1246 ][info ][safepoint   ] Safepoint "ICBufferFull", Time since last: 765260340 ns, Reaching safepoint: 836980 ns, Cleanup: 153030 ns, At safepoint: 95885 ns, Total: 1085895 ns
[2025-10-15T05:05:42.454-0700][1246 ][info ][safepoint   ] Safepoint "Cleanup", Time since last: 1000123462 ns, Reaching safepoint: 5071757 ns, Cleanup: 140982 ns, At safepoint: 125509 ns, Total: 5338248 ns
[2025-10-15T05:05:43.456-0700][1246 ][info ][safepoint   ] Safepoint "Cleanup", Time since last: 1000135200 ns, Reaching safepoint: 873425 ns, Cleanup: 156275 ns, At safepoint: 94923 ns, Total: 1124623 ns
[2025-10-15T05:05:44.457-0700][1246 ][info ][safepoint   ] Safepoint "Cleanup", Time since last: 1000113046 ns, Reaching safepoint: 829049 ns, Cleanup: 67381 ns, At safepoint: 125189 ns, Total: 1021619 ns
[2025-10-15T05:05:45.458-0700][1246 ][info ][safepoint   ] Safepoint "Cleanup", Time since last: 1000134278 ns, Reaching safepoint: 834907 ns, Cleanup: 41613 ns, At safepoint: 80811 ns, Total: 957331 ns
[2025-10-15T05:05:46.459-0700][1246 ][info ][safepoint   ] Safepoint "Cleanup", Time since last: 1000123513 ns, Reaching safepoint: 811672 ns, Cleanup: 57817 ns, At safepoint: 117577 ns, Total: 987066 ns
[2025-10-15T05:05:47.460-0700][1246 ][info ][safepoint   ] Safepoint "Cleanup", Time since last: 1000115520 ns, Reaching safepoint: 777380 ns, Cleanup: 43246 ns, At safepoint: 74642 ns, Total: 895268 ns
[2025-10-15T05:05:48.461-0700][1246 ][info ][safepoint   ] Safepoint "Cleanup", Time since last: 1000123332 ns, Reaching safepoint: 811141 ns, Cleanup: 49825 ns, At safepoint: 122675 ns, Total: 983641 ns
[2025-10-15T05:05:49.462-0700][1246 ][info ][safepoint   ] Safepoint "Cleanup", Time since last: 1000122330 ns, Reaching safepoint: 813605 ns, Cleanup: 15133 ns, At safepoint: 133882 ns, Total: 962620 ns
[2025-10-15T05:05:50.472-0700][1246 ][info ][safepoint   ] Safepoint "Cleanup", Time since last: 1000128279 ns, Reaching safepoint: 9212752 ns, Cleanup: 33060 ns, At safepoint: 113030 ns, Total: 9358842 ns
[2025-10-15T05:05:51.473-0700][1246 ][info ][safepoint   ] Safepoint "Cleanup", Time since last: 1000122671 ns, Reaching safepoint: 812934 ns, Cleanup: 33641 ns, At safepoint: 86199 ns, Total: 932774 ns
[2025-10-15T05:05:52.474-0700][1246 ][info ][safepoint   ] Safepoint "Cleanup", Time since last: 1000123843 ns, Reaching safepoint: 808537 ns, Cleanup: 78238 ns, At safepoint: 117517 ns, Total: 1004292 ns
[2025-10-15T05:05:53.475-0700][1246 ][info ][safepoint   ] Safepoint "Cleanup", Time since last: 1000109021 ns, Reaching safepoint: 806905 ns, Cleanup: 13580 ns, At safepoint: 76846 ns, Total: 897331 ns
[2025-10-15T05:05:54.476-0700][1246 ][info ][safepoint   ] Safepoint "Cleanup", Time since last: 1000122060 ns, Reaching safepoint: 822348 ns, Cleanup: 25368 ns, At safepoint: 125609 ns, Total: 973325 ns
[2025-10-15T05:05:55.477-0700][1246 ][info ][safepoint   ] Safepoint "Cleanup", Time since last: 1000122070 ns, Reaching safepoint: 939745 ns, Cleanup: 29905 ns, At safepoint: 83155 ns, Total: 1052805 ns
[2025-10-15T05:05:56.478-0700][1246 ][info ][safepoint   ] Safepoint "Cleanup", Time since last: 1000128049 ns, Reaching safepoint: 700976 ns, Cleanup: 11938 ns, At safepoint: 76555 ns, Total: 789469 ns
[2025-10-15T05:05:57.479-0700][1246 ][info ][safepoint   ] Safepoint "Cleanup", Time since last: 1000121660 ns, Reaching safepoint: 771121 ns, Cleanup: 27090 ns, At safepoint: 74012 ns, Total: 872223 ns
[2025-10-15T05:05:58.493-0700][1246 ][info ][safepoint   ] Safepoint "Cleanup", Time since last: 1000123262 ns, Reaching safepoint: 13416762 ns, Cleanup: 46249 ns, At safepoint: 131438 ns, Total: 13594449 ns
[2025-10-15T05:05:59.494-0700][1246 ][info ][safepoint   ] Safepoint "Cleanup", Time since last: 1000126767 ns, Reaching safepoint: 815368 ns, Cleanup: 20461 ns, At safepoint: 117246 ns, Total: 953075 ns
[2025-10-15T05:06:01.486-0700][1246 ][info ][safepoint   ] Safepoint "Cleanup", Time since last: 1991279202 ns, Reaching safepoint: 780775 ns, Cleanup: 88724 ns, At safepoint: 79059 ns, Total: 948558 ns
[2025-10-15T05:06:02.971-0700][1246 ][info ][safepoint   ] Safepoint "Cleanup", Time since last: 1484596841 ns, Reaching safepoint: 518971 ns, Cleanup: 74923 ns, At safepoint: 72179 ns, Total: 666073 ns
[2025-10-15T05:06:03.536-0700][1246 ][info ][safepoint   ] Safepoint "ICBufferFull", Time since last: 563398009 ns, Reaching safepoint: 804401 ns, Cleanup: 228183 ns, At safepoint: 121583 ns, Total: 1154167 ns
[2025-10-15T05:06:04.537-0700][1246 ][info ][safepoint   ] Safepoint "Cleanup", Time since last: 1000127809 ns, Reaching safepoint: 885093 ns, Cleanup: 117917 ns, At safepoint: 177778 ns, Total: 1180788 ns
[2025-10-15T05:06:05.538-0700][1246 ][info ][safepoint   ] Safepoint "Cleanup", Time since last: 1000111805 ns, Reaching safepoint: 756939 ns, Cleanup: 28964 ns, At safepoint: 78989 ns, Total: 864892 ns
[2025-10-15T05:06:06.539-0700][1246 ][info ][safepoint   ] Safepoint "Cleanup", Time since last: 1000112626 ns, Reaching safepoint: 757600 ns, Cleanup: 22424 ns, At safepoint: 119410 ns, Total: 899434 ns
[2025-10-15T05:06:07.540-0700][1246 ][info ][safepoint   ] Safepoint "Cleanup", Time since last: 1000131454 ns, Reaching safepoint: 755237 ns, Cleanup: 22955 ns, At safepoint: 75694 ns, Total: 853886 ns
[2025-10-15T05:06:08.541-0700][1246 ][info ][safepoint   ] Safepoint "Cleanup", Time since last: 1000121849 ns, Reaching safepoint: 756309 ns, Cleanup: 23345 ns, At safepoint: 120151 ns, Total: 899805 ns
[2025-10-15T05:06:09.542-0700][1246 ][info ][safepoint   ] Safepoint "Cleanup", Time since last: 1000132977 ns, Reaching safepoint: 760705 ns, Cleanup: 20311 ns, At safepoint: 79259 ns, Total: 860275 ns
[2025-10-15T05:06:10.543-0700][1246 ][info ][safepoint   ] Safepoint "Cleanup", Time since last: 1000125685 ns, Reaching safepoint: 754356 ns, Cleanup: 17577 ns, At safepoint: 117917 ns, Total: 889850 ns
[2025-10-15T05:06:11.001-0700][1246 ][info ][safepoint   ] Safepoint "ICBufferFull", Time since last: 456670105 ns, Reaching safepoint: 1016230 ns, Cleanup: 175044 ns, At safepoint: 243346 ns, Total: 1434620 ns
[2025-10-15T05:06:11.064-0700][1246 ][info ][safepoint   ] Safepoint "ICBufferFull", Time since last: 61360272 ns, Reaching safepoint: 846665 ns, Cleanup: 227132 ns, At safepoint: 161894 ns, Total: 1235691 ns
[2025-10-15T05:06:11.064-0700][1246 ][info ][safepoint   ] Safepoint "ICBufferFull", Time since last: 56886 ns, Reaching safepoint: 325590 ns, Cleanup: 5338 ns, At safepoint: 124758 ns, Total: 455686 ns
[2025-10-15T05:06:11.120-0700][1246 ][info ][safepoint   ] Safepoint "ICBufferFull", Time since last: 53975162 ns, Reaching safepoint: 705392 ns, Cleanup: 241143 ns, At safepoint: 107733 ns, Total: 1054268 ns
[2025-10-15T05:06:11.228-0700][1246 ][info ][safepoint   ] Safepoint "ICBufferFull", Time since last: 107489821 ns, Reaching safepoint: 773995 ns, Cleanup: 188344 ns, At safepoint: 99920 ns, Total: 1062259 ns
[2025-10-15T05:06:11.560-0700][1246 ][info ][safepoint   ] Safepoint "ICBufferFull", Time since last: 330269950 ns, Reaching safepoint: 834997 ns, Cleanup: 220232 ns, At safepoint: 236466 ns, Total: 1291695 ns
[2025-10-15T05:06:11.762-0700][1246 ][info ][safepoint   ] Safepoint "ICBufferFull", Time since last: 200869196 ns, Reaching safepoint: 1044773 ns, Cleanup: 192620 ns, At safepoint: 637270 ns, Total: 1874663 ns
[2025-10-15T05:06:12.269-0700][1246 ][info ][safepoint   ] Safepoint "ICBufferFull", Time since last: 504340884 ns, Reaching safepoint: 1093426 ns, Cleanup: 261294 ns, At safepoint: 1002619 ns, Total: 2357339 ns
[2025-10-15T05:06:12.271-0700][1246 ][info ][safepoint   ] Safepoint "ICBufferFull", Time since last: 193902 ns, Reaching safepoint: 811643 ns, Cleanup: 15012 ns, At safepoint: 506723 ns, Total: 1333378 ns
[2025-10-15T05:06:12.272-0700][1246 ][info ][safepoint   ] Safepoint "ICBufferFull", Time since last: 376817 ns, Reaching safepoint: 752514 ns, Cleanup: 12679 ns, At safepoint: 647515 ns, Total: 1412708 ns
[2025-10-15T05:06:12.274-0700][1246 ][info ][safepoint   ] Safepoint "ICBufferFull", Time since last: 154883 ns, Reaching safepoint: 590729 ns, Cleanup: 19790 ns, At safepoint: 491590 ns, Total: 1102109 ns
[2025-10-15T05:06:12.276-0700][1246 ][info ][safepoint   ] Safepoint "ICBufferFull", Time since last: 383918 ns, Reaching safepoint: 588857 ns, Cleanup: 2634 ns, At safepoint: 969670 ns, Total: 1561161 ns
[2025-10-15T05:06:12.278-0700][1246 ][info ][safepoint   ] Safepoint "ICBufferFull", Time since last: 318299 ns, Reaching safepoint: 627535 ns, Cleanup: 6450 ns, At safepoint: 1524205 ns, Total: 2158190 ns
[2025-10-15T05:06:12.686-0700][1246 ][info ][safepoint   ] Safepoint "ICBufferFull", Time since last: 398401257 ns, Reaching safepoint: 8340669 ns, Cleanup: 139190 ns, At safepoint: 911552 ns, Total: 9391411 ns
[2025-10-15T05:06:12.691-0700][1246 ][info ][safepoint   ] Safepoint "ICBufferFull", Time since last: 142355 ns, Reaching safepoint: 4060494 ns, Cleanup: 10936 ns, At safepoint: 484520 ns, Total: 4555950 ns
[2025-10-15T05:06:12.692-0700][1246 ][info ][safepoint   ] Safepoint "ICBufferFull", Time since last: 156475 ns, Reaching safepoint: 555547 ns, Cleanup: 6710 ns, At safepoint: 313562 ns, Total: 875819 ns
[2025-10-15T05:06:12.693-0700][1246 ][info ][safepoint   ] Safepoint "ICBufferFull", Time since last: 201073 ns, Reaching safepoint: 865844 ns, Cleanup: 7160 ns, At safepoint: 336297 ns, Total: 1209301 ns
[2025-10-15T05:06:12.694-0700][1246 ][info ][safepoint   ] Safepoint "ICBufferFull", Time since last: 299781 ns, Reaching safepoint: 521125 ns, Cleanup: 2844 ns, At safepoint: 384459 ns, Total: 908428 ns
[2025-10-15T05:06:12.696-0700][1246 ][info ][safepoint   ] Safepoint "ICBufferFull", Time since last: 163406 ns, Reaching safepoint: 1007777 ns, Cleanup: 4728 ns, At safepoint: 605762 ns, Total: 1618267 ns
[2025-10-15T05:06:12.697-0700][1246 ][info ][safepoint   ] Safepoint "ICBufferFull", Time since last: 222655 ns, Reaching safepoint: 687876 ns, Cleanup: 4006 ns, At safepoint: 285440 ns, Total: 977322 ns
[2025-10-15T05:06:12.718-0700][1246 ][info ][safepoint   ] Safepoint "ICBufferFull", Time since last: 112078 ns, Reaching safepoint: 19405350 ns, Cleanup: 6199 ns, At safepoint: 1582903 ns, Total: 20994452 ns
[2025-10-15T05:06:12.722-0700][1246 ][info ][safepoint   ] Safepoint "ICBufferFull", Time since last: 172861 ns, Reaching safepoint: 2805474 ns, Cleanup: 4086 ns, At safepoint: 368104 ns, Total: 3177664 ns
[2025-10-15T05:06:12.722-0700][1246 ][info ][safepoint   ] Safepoint "ICBufferFull", Time since last: 77928 ns, Reaching safepoint: 458740 ns, Cleanup: 1132 ns, At safepoint: 141363 ns, Total: 601235 ns
[2025-10-15T05:06:13.347-0700][1246 ][info ][safepoint   ] Safepoint "ICBufferFull", Time since last: 623409460 ns, Reaching safepoint: 1008138 ns, Cleanup: 171398 ns, At safepoint: 412682 ns, Total: 1592218 ns
[2025-10-15T05:06:14.349-0700][1246 ][info ][safepoint   ] Safepoint "Cleanup", Time since last: 1000098324 ns, Reaching safepoint: 837010 ns, Cleanup: 151979 ns, At safepoint: 434654 ns, Total: 1423643 ns
[2025-10-15T05:06:15.173-0700][1246 ][info ][safepoint   ] Safepoint "ICBufferFull", Time since last: 816622298 ns, Reaching safepoint: 6219185 ns, Cleanup: 186681 ns, At safepoint: 681576 ns, Total: 7087442 ns
[2025-10-15T05:06:15.177-0700][1246 ][info ][safepoint   ] Safepoint "ICBufferFull", Time since last: 68954 ns, Reaching safepoint: 3247410 ns, Cleanup: 9324 ns, At safepoint: 702377 ns, Total: 3959111 ns
[2025-10-15T05:06:15.543-0700][1246 ][info ][safepoint   ] Safepoint "ICBufferFull", Time since last: 365117190 ns, Reaching safepoint: 798242 ns, Cleanup: 165490 ns, At safepoint: 278799 ns, Total: 1242531 ns
[2025-10-15T05:06:15.952-0700][1246 ][info ][gc,start    ] GC(46) Pause Young (Mixed) (G1 Evacuation Pause)
[2025-10-15T05:06:15.952-0700][1246 ][info ][gc,task     ] GC(46) Using 113 workers of 113 for evacuation
[2025-10-15T05:06:15.969-0700][1246 ][debug][gc,remset   ] GC(46) Visited cards 11792384 Total dirty 27918336 (42.24%) Total old 488898560 (2.41%)
[2025-10-15T05:06:16.145-0700][1246 ][info ][gc,phases   ] GC(46)   Pre Evacuate Collection Set: 0.7ms
[2025-10-15T05:06:16.145-0700][1246 ][info ][gc,phases   ] GC(46)   Merge Heap Roots: 15.8ms
[2025-10-15T05:06:16.145-0700][1246 ][info ][gc,phases   ] GC(46)   Evacuate Collection Set: 164.4ms
[2025-10-15T05:06:16.145-0700][1246 ][info ][gc,phases   ] GC(46)   Post Evacuate Collection Set: 11.2ms
[2025-10-15T05:06:16.145-0700][1246 ][info ][gc,phases   ] GC(46)   Other: 0.2ms
[2025-10-15T05:06:16.145-0700][1246 ][debug][gc,remset   ] GC(46) Coarsening (recent): Inline->AoC 0 (0) AoC->Howl 0 (0) Howl->Full 0 (0) Inline->AoC 0 (0) AoC->BitMap 0 (0) BitMap->Full 0 (0) 
[2025-10-15T05:06:16.145-0700][1246 ][debug][gc,remset   ] GC(46) Coarsening (all): Inline->AoC 138108 (3) AoC->Howl 9268 (18) Howl->Full 0 (0) Inline->AoC 57379 (8) AoC->BitMap 9936 (32) BitMap->Full 0 (0) 
[2025-10-15T05:06:16.145-0700][1246 ][info ][gc,heap     ] GC(46) Eden regions: 3391->0(1046)
[2025-10-15T05:06:16.145-0700][1246 ][info ][gc,heap     ] GC(46) Survivor regions: 65->133(432)
[2025-10-15T05:06:16.145-0700][1246 ][info ][gc,heap     ] GC(46) Old regions: 481->431
[2025-10-15T05:06:16.145-0700][1246 ][info ][gc,heap     ] GC(46) Humongous regions: 14->0
[2025-10-15T05:06:16.145-0700][1246 ][info ][gc,metaspace] GC(46) Metaspace: 295606K(299904K)->295606K(299904K) NonClass: 259995K(262336K)->259995K(262336K) Class: 35610K(37568K)->35610K(37568K)
[2025-10-15T05:06:16.145-0700][1246 ][info ][gc          ] GC(46) Pause Young (Mixed) (G1 Evacuation Pause) 126422M->18012M(184320M) 192.454ms
[2025-10-15T05:06:16.146-0700][1246 ][info ][gc,cpu      ] GC(46) User=11.17s Sys=0.12s Real=0.19s
[2025-10-15T05:06:16.147-0700][1246 ][info ][safepoint   ] Safepoint "G1CollectForAllocation", Time since last: 406899794 ns, Reaching safepoint: 1027087 ns, Cleanup: 96585 ns, At safepoint: 196134287 ns, Total: 197257959 ns
[2025-10-15T05:06:16.880-0700][1246 ][info ][safepoint   ] Safepoint "ICBufferFull", Time since last: 731673817 ns, Reaching safepoint: 758833 ns, Cleanup: 213752 ns, At safepoint: 559512 ns, Total: 1532097 ns
[2025-10-15T05:06:17.882-0700][1246 ][info ][safepoint   ] Safepoint "Cleanup", Time since last: 1000118785 ns, Reaching safepoint: 723470 ns, Cleanup: 116385 ns, At safepoint: 395676 ns, Total: 1235531 ns
[2025-10-15T05:06:18.884-0700][1246 ][info ][safepoint   ] Safepoint "Cleanup", Time since last: 1000116631 ns, Reaching safepoint: 774396 ns, Cleanup: 175785 ns, At safepoint: 1090672 ns, Total: 2040853 ns
[2025-10-15T05:06:19.145-0700][1246 ][info ][gc,start    ] GC(47) Pause Young (Normal) (G1 Evacuation Pause)
[2025-10-15T05:06:19.145-0700][1246 ][info ][gc,task     ] GC(47) Using 113 workers of 113 for evacuation
[2025-10-15T05:06:19.159-0700][1246 ][debug][gc,remset   ] GC(47) Visited cards 11118080 Total dirty 28114944 (39.55%) Total old 207486976 (5.36%)
[2025-10-15T05:06:19.309-0700][1246 ][info ][gc,phases   ] GC(47)   Pre Evacuate Collection Set: 0.7ms
[2025-10-15T05:06:19.309-0700][1246 ][info ][gc,phases   ] GC(47)   Merge Heap Roots: 12.6ms
[2025-10-15T05:06:19.309-0700][1246 ][info ][gc,phases   ] GC(47)   Evacuate Collection Set: 142.0ms
[2025-10-15T05:06:19.309-0700][1246 ][info ][gc,phases   ] GC(47)   Post Evacuate Collection Set: 8.4ms
[2025-10-15T05:06:19.309-0700][1246 ][info ][gc,phases   ] GC(47)   Other: 0.1ms
[2025-10-15T05:06:19.309-0700][1246 ][debug][gc,remset   ] GC(47) Coarsening (recent): Inline->AoC 6087 (0) AoC->Howl 102 (0) Howl->Full 0 (0) Inline->AoC 470 (0) AoC->BitMap 44 (0) BitMap->Full 0 (0) 
[2025-10-15T05:06:19.309-0700][1246 ][debug][gc,remset   ] GC(47) Coarsening (all): Inline->AoC 144195 (3) AoC->Howl 9370 (18) Howl->Full 0 (0) Inline->AoC 57849 (8) AoC->BitMap 9980 (32) BitMap->Full 0 (0) 
[2025-10-15T05:06:19.309-0700][1246 ][info ][gc,heap     ] GC(47) Eden regions: 1234->0(1158)
[2025-10-15T05:06:19.309-0700][1246 ][info ][gc,heap     ] GC(47) Survivor regions: 133->118(171)
[2025-10-15T05:06:19.309-0700][1246 ][info ][gc,heap     ] GC(47) Old regions: 431->470
[2025-10-15T05:06:19.309-0700][1246 ][info ][gc,heap     ] GC(47) Humongous regions: 1->0
[2025-10-15T05:06:19.309-0700][1246 ][info ][gc,metaspace] GC(47) Metaspace: 295945K(300288K)->295945K(300288K) NonClass: 260321K(262720K)->260321K(262720K) Class: 35624K(37568K)->35624K(37568K)
[2025-10-15T05:06:19.309-0700][1246 ][info ][gc          ] GC(47) Pause Young (Normal) (G1 Evacuation Pause) 57532M->18791M(184320M) 164.039ms
[2025-10-15T05:06:19.310-0700][1246 ][info ][gc,cpu      ] GC(47) User=9.63s Sys=0.08s Real=0.17s
[2025-10-15T05:06:19.312-0700][1246 ][info ][safepoint   ] Safepoint "G1CollectForAllocation", Time since last: 259655173 ns, Reaching safepoint: 750680 ns, Cleanup: 47852 ns, At safepoint: 167397306 ns, Total: 168195838 ns
[2025-10-15T05:06:20.313-0700][1246 ][info ][safepoint   ] Safepoint "Cleanup", Time since last: 1000083392 ns, Reaching safepoint: 683499 ns, Cleanup: 49745 ns, At safepoint: 106931 ns, Total: 840175 ns
[2025-10-15T05:06:20.824-0700][1246 ][info ][safepoint   ] Safepoint "ICBufferFull", Time since last: 510116891 ns, Reaching safepoint: 689879 ns, Cleanup: 208584 ns, At safepoint: 194854 ns, Total: 1093317 ns
[2025-10-15T05:06:21.462-0700][1246 ][info ][safepoint   ] Safepoint "ICBufferFull", Time since last: 620328010 ns, Reaching safepoint: 15697286 ns, Cleanup: 222615 ns, At safepoint: 2068274 ns, Total: 17988175 ns
[2025-10-15T05:06:21.961-0700][1246 ][info ][safepoint   ] Safepoint "ICBufferFull", Time since last: 497682118 ns, Reaching safepoint: 825243 ns, Cleanup: 251418 ns, At safepoint: 584651 ns, Total: 1661312 ns
[2025-10-15T05:06:22.442-0700][1246 ][info ][gc,start    ] GC(48) Pause Young (Concurrent Start) (CodeCache GC Threshold)
[2025-10-15T05:06:22.442-0700][1246 ][info ][gc,task     ] GC(48) Using 113 workers of 113 for evacuation
[2025-10-15T05:06:22.455-0700][1246 ][debug][gc,remset   ] GC(48) Visited cards 9910016 Total dirty 30670848 (32.31%) Total old 212271104 (4.67%)
[2025-10-15T05:06:22.565-0700][1246 ][info ][gc,phases   ] GC(48)   Pre Evacuate Collection Set: 0.9ms
[2025-10-15T05:06:22.565-0700][1246 ][info ][gc,phases   ] GC(48)   Merge Heap Roots: 11.6ms
[2025-10-15T05:06:22.565-0700][1246 ][info ][gc,phases   ] GC(48)   Evacuate Collection Set: 101.2ms
[2025-10-15T05:06:22.565-0700][1246 ][info ][gc,phases   ] GC(48)   Post Evacuate Collection Set: 8.8ms
[2025-10-15T05:06:22.565-0700][1246 ][info ][gc,phases   ] GC(48)   Other: 0.2ms
[2025-10-15T05:06:22.565-0700][1246 ][debug][gc,remset   ] GC(48) Coarsening (recent): Inline->AoC 0 (0) AoC->Howl 0 (0) Howl->Full 0 (0) Inline->AoC 0 (0) AoC->BitMap 0 (0) BitMap->Full 0 (0) 
[2025-10-15T05:06:22.565-0700][1246 ][debug][gc,remset   ] GC(48) Coarsening (all): Inline->AoC 144195 (3) AoC->Howl 9370 (18) Howl->Full 0 (0) Inline->AoC 57849 (8) AoC->BitMap 9980 (32) BitMap->Full 0 (0) 
[2025-10-15T05:06:22.565-0700][1246 ][info ][gc,heap     ] GC(48) Eden regions: 1263->0(1784)
[2025-10-15T05:06:22.565-0700][1246 ][info ][gc,heap     ] GC(48) Survivor regions: 118->128(226)
[2025-10-15T05:06:22.565-0700][1246 ][info ][gc,heap     ] GC(48) Old regions: 470->470
[2025-10-15T05:06:22.565-0700][1246 ][info ][gc,heap     ] GC(48) Humongous regions: 7->0
[2025-10-15T05:06:22.565-0700][1246 ][info ][gc,metaspace] GC(48) Metaspace: 296549K(300928K)->296549K(300928K) NonClass: 260894K(263296K)->260894K(263296K) Class: 35655K(37632K)->35655K(37632K)
[2025-10-15T05:06:22.565-0700][1246 ][info ][gc          ] GC(48) Pause Young (Concurrent Start) (CodeCache GC Threshold) 59404M->19107M(184320M) 122.797ms
[2025-10-15T05:06:22.565-0700][1085 ][info ][gc          ] GC(49) Concurrent Mark Cycle
[2025-10-15T05:06:22.565-0700][1085 ][info ][gc,marking  ] GC(49) Concurrent Scan Root Regions
[2025-10-15T05:06:22.567-0700][1246 ][info ][gc,cpu      ] GC(48) User=9.04s Sys=0.05s Real=0.12s
[2025-10-15T05:06:22.568-0700][1246 ][info ][safepoint   ] Safepoint "G1TryInitiateConcMark", Time since last: 478925505 ns, Reaching safepoint: 700525 ns, Cleanup: 105369 ns, At safepoint: 126591593 ns, Total: 127397487 ns
[2025-10-15T05:06:22.607-0700][1085 ][info ][gc,marking  ] GC(49) Concurrent Scan Root Regions 41.153ms
[2025-10-15T05:06:22.607-0700][1085 ][info ][gc,marking  ] GC(49) Concurrent Mark
[2025-10-15T05:06:22.607-0700][1085 ][info ][gc,marking  ] GC(49) Concurrent Mark From Roots
[2025-10-15T05:06:22.607-0700][1085 ][info ][gc,task     ] GC(49) Using 36 workers of 36 for marking
[2025-10-15T05:06:22.759-0700][1085 ][info ][gc,marking  ] GC(49) Concurrent Mark From Roots 152.024ms
[2025-10-15T05:06:22.759-0700][1085 ][info ][gc,marking  ] GC(49) Concurrent Preclean
[2025-10-15T05:06:22.766-0700][1085 ][info ][gc,marking  ] GC(49) Concurrent Preclean 7.520ms
[2025-10-15T05:06:22.768-0700][1246 ][info ][gc,start    ] GC(49) Pause Remark
[2025-10-15T05:06:23.272-0700][1246 ][info ][gc,mmu      ] GC(49) MMU target violated: 201.0ms (200.0ms/201.0ms)
[2025-10-15T05:06:23.272-0700][1246 ][info ][gc          ] GC(49) Pause Remark 21057M->21057M(184320M) 503.980ms
[2025-10-15T05:06:23.273-0700][1246 ][info ][gc,cpu      ] GC(49) User=2.35s Sys=0.03s Real=0.51s
[2025-10-15T05:06:23.277-0700][1246 ][info ][safepoint   ] Safepoint "G1PauseRemark", Time since last: 198451656 ns, Reaching safepoint: 658221 ns, Cleanup: 58008 ns, At safepoint: 509840435 ns, Total: 510556664 ns
[2025-10-15T05:06:23.277-0700][1085 ][info ][gc,marking  ] GC(49) Concurrent Mark 670.661ms
[2025-10-15T05:06:23.277-0700][1085 ][info ][gc,marking  ] GC(49) Concurrent Rebuild Remembered Sets and Scrub Regions
[2025-10-15T05:06:23.543-0700][1085 ][info ][gc,marking  ] GC(49) Concurrent Rebuild Remembered Sets and Scrub Regions 265.784ms
[2025-10-15T05:06:23.545-0700][1246 ][info ][gc,start    ] GC(49) Pause Cleanup
[2025-10-15T05:06:23.547-0700][1246 ][info ][gc          ] GC(49) Pause Cleanup 24670M->24670M(184320M) 1.425ms
[2025-10-15T05:06:23.547-0700][1246 ][info ][gc,cpu      ] GC(49) User=0.01s Sys=0.00s Real=0.00s
[2025-10-15T05:06:23.547-0700][1246 ][info ][safepoint   ] Safepoint "G1PauseCleanup", Time since last: 266378946 ns, Reaching safepoint: 606323 ns, Cleanup: 303026 ns, At safepoint: 2870032 ns, Total: 3779381 ns
[2025-10-15T05:06:23.547-0700][1085 ][info ][gc,marking  ] GC(49) Concurrent Clear Claimed Marks
[2025-10-15T05:06:23.548-0700][1085 ][info ][gc,marking  ] GC(49) Concurrent Clear Claimed Marks 0.632ms
[2025-10-15T05:06:23.548-0700][1085 ][info ][gc,marking  ] GC(49) Concurrent Cleanup for Next Mark
[2025-10-15T05:06:23.574-0700][1085 ][info ][gc,marking  ] GC(49) Concurrent Cleanup for Next Mark 26.326ms
[2025-10-15T05:06:23.574-0700][1085 ][info ][gc          ] GC(49) Concurrent Mark Cycle 1008.615ms
[2025-10-15T05:06:24.567-0700][1246 ][info ][safepoint   ] Safepoint "Cleanup", Time since last: 1000085094 ns, Reaching safepoint: 19672632 ns, Cleanup: 113120 ns, At safepoint: 171919 ns, Total: 19957671 ns
[2025-10-15T05:06:25.568-0700][1246 ][info ][safepoint   ] Safepoint "Cleanup", Time since last: 1000121199 ns, Reaching safepoint: 731742 ns, Cleanup: 114612 ns, At safepoint: 131138 ns, Total: 977492 ns
[2025-10-15T05:06:26.569-0700][1246 ][info ][safepoint   ] Safepoint "Cleanup", Time since last: 1000106606 ns, Reaching safepoint: 715758 ns, Cleanup: 115364 ns, At safepoint: 360653 ns, Total: 1191775 ns
[2025-10-15T05:06:27.165-0700][1246 ][info ][safepoint   ] Safepoint "ICBufferFull", Time since last: 594761243 ns, Reaching safepoint: 744061 ns, Cleanup: 216095 ns, At safepoint: 173912 ns, Total: 1134068 ns
[2025-10-15T05:06:27.418-0700][1246 ][info ][safepoint   ] Safepoint "ICBufferFull", Time since last: 251727054 ns, Reaching safepoint: 777812 ns, Cleanup: 153270 ns, At safepoint: 170026 ns, Total: 1101108 ns
[2025-10-15T05:06:28.024-0700][1246 ][info ][safepoint   ] Safepoint "ICBufferFull", Time since last: 605170598 ns, Reaching safepoint: 745342 ns, Cleanup: 260022 ns, At safepoint: 108042 ns, Total: 1113406 ns
[2025-10-15T05:06:29.026-0700][1246 ][info ][safepoint   ] Safepoint "Cleanup", Time since last: 1000101189 ns, Reaching safepoint: 772974 ns, Cleanup: 156646 ns, At safepoint: 142835 ns, Total: 1072455 ns
[2025-10-15T05:06:29.784-0700][1246 ][info ][gc,start    ] GC(50) Pause Young (Prepare Mixed) (G1 Evacuation Pause)
[2025-10-15T05:06:29.784-0700][1246 ][info ][gc,task     ] GC(50) Using 113 workers of 113 for evacuation
[2025-10-15T05:06:29.797-0700][1246 ][debug][gc,remset   ] GC(50) Visited cards 9998592 Total dirty 30670848 (32.60%) Total old 238747648 (4.19%)
[2025-10-15T05:06:29.964-0700][1246 ][info ][gc,phases   ] GC(50)   Pre Evacuate Collection Set: 0.8ms
[2025-10-15T05:06:29.964-0700][1246 ][info ][gc,phases   ] GC(50)   Merge Heap Roots: 12.0ms
[2025-10-15T05:06:29.964-0700][1246 ][info ][gc,phases   ] GC(50)   Evacuate Collection Set: 159.8ms
[2025-10-15T05:06:29.964-0700][1246 ][info ][gc,phases   ] GC(50)   Post Evacuate Collection Set: 7.9ms
[2025-10-15T05:06:29.964-0700][1246 ][info ][gc,phases   ] GC(50)   Other: 0.1ms
[2025-10-15T05:06:29.964-0700][1246 ][debug][gc,remset   ] GC(50) Coarsening (recent): Inline->AoC 73578 (0) AoC->Howl 5347 (0) Howl->Full 0 (0) Inline->AoC 31737 (0) AoC->BitMap 6855 (0) BitMap->Full 0 (0) 
[2025-10-15T05:06:29.964-0700][1246 ][debug][gc,remset   ] GC(50) Coarsening (all): Inline->AoC 217773 (3) AoC->Howl 14717 (18) Howl->Full 0 (0) Inline->AoC 89586 (8) AoC->BitMap 16835 (32) BitMap->Full 0 (0) 
[2025-10-15T05:06:29.964-0700][1246 ][info ][gc,heap     ] GC(50) Eden regions: 1451->0(3353)
[2025-10-15T05:06:29.964-0700][1246 ][info ][gc,heap     ] GC(50) Survivor regions: 128->103(198)
[2025-10-15T05:06:29.964-0700][1246 ][info ][gc,heap     ] GC(50) Old regions: 470->509
[2025-10-15T05:06:29.964-0700][1246 ][info ][gc,heap     ] GC(50) Humongous regions: 15->0
[2025-10-15T05:06:29.964-0700][1246 ][info ][gc,metaspace] GC(50) Metaspace: 297830K(302208K)->297830K(302208K) NonClass: 262121K(264512K)->262121K(264512K) Class: 35708K(37696K)->35708K(37696K)
[2025-10-15T05:06:29.964-0700][1246 ][info ][gc          ] GC(50) Pause Young (Prepare Mixed) (G1 Evacuation Pause) 66019M->19546M(184320M) 180.783ms
[2025-10-15T05:06:29.966-0700][1246 ][info ][gc,cpu      ] GC(50) User=8.67s Sys=0.27s Real=0.18s
[2025-10-15T05:06:29.967-0700][1246 ][info ][safepoint   ] Safepoint "G1CollectForAllocation", Time since last: 755632663 ns, Reaching safepoint: 1087668 ns, Cleanup: 181363 ns, At safepoint: 184276882 ns, Total: 185545913 ns
[2025-10-15T05:06:30.968-0700][1246 ][info ][safepoint   ] Safepoint "Cleanup", Time since last: 1000084444 ns, Reaching safepoint: 857851 ns, Cleanup: 109816 ns, At safepoint: 289365 ns, Total: 1257032 ns
[2025-10-15T05:06:31.786-0700][1246 ][info ][safepoint   ] Safepoint "ICBufferFull", Time since last: 813945417 ns, Reaching safepoint: 1104053 ns, Cleanup: 353933 ns, At safepoint: 2298491 ns, Total: 3756477 ns
[2025-10-15T05:06:31.788-0700][1246 ][info ][safepoint   ] Safepoint "ICBufferFull", Time since last: 189906 ns, Reaching safepoint: 872503 ns, Cleanup: 11978 ns, At safepoint: 741146 ns, Total: 1625627 ns
[2025-10-15T05:06:32.806-0700][1246 ][info ][safepoint   ] Safepoint "Cleanup", Time since last: 1000117824 ns, Reaching safepoint: 15548932 ns, Cleanup: 164648 ns, At safepoint: 2445202 ns, Total: 18158782 ns
[2025-10-15T05:06:33.808-0700][1246 ][info ][safepoint   ] Safepoint "Cleanup", Time since last: 1000126196 ns, Reaching safepoint: 1032866 ns, Cleanup: 76044 ns, At safepoint: 1001438 ns, Total: 2110348 ns
[2025-10-15T05:06:34.810-0700][1246 ][info ][safepoint   ] Safepoint "Cleanup", Time since last: 1000109351 ns, Reaching safepoint: 807125 ns, Cleanup: 63706 ns, At safepoint: 953776 ns, Total: 1824607 ns
[2025-10-15T05:06:35.811-0700][1246 ][info ][safepoint   ] Safepoint "Cleanup", Time since last: 1000114609 ns, Reaching safepoint: 823169 ns, Cleanup: 61643 ns, At safepoint: 386522 ns, Total: 1271334 ns
[2025-10-15T05:06:36.548-0700][1246 ][info ][safepoint   ] Safepoint "ICBufferFull", Time since last: 735368040 ns, Reaching safepoint: 809209 ns, Cleanup: 175835 ns, At safepoint: 265489 ns, Total: 1250533 ns
[2025-10-15T05:06:36.877-0700][1246 ][info ][safepoint   ] Safepoint "ICBufferFull", Time since last: 326877772 ns, Reaching safepoint: 839023 ns, Cleanup: 275635 ns, At safepoint: 463098 ns, Total: 1577756 ns
[2025-10-15T05:06:37.879-0700][1246 ][info ][safepoint   ] Safepoint "Cleanup", Time since last: 1000113447 ns, Reaching safepoint: 918933 ns, Cleanup: 204879 ns, At safepoint: 991904 ns, Total: 2115716 ns
[2025-10-15T05:06:38.155-0700][1246 ][info ][gc,start    ] GC(51) Pause Young (Mixed) (G1 Evacuation Pause)
[2025-10-15T05:06:38.155-0700][1246 ][info ][gc,task     ] GC(51) Using 113 workers of 113 for evacuation
[2025-10-15T05:06:38.170-0700][1246 ][debug][gc,remset   ] GC(51) Visited cards 8835840 Total dirty 29818880 (29.63%) Total old 490668032 (1.80%)
[2025-10-15T05:06:38.343-0700][1246 ][info ][gc,phases   ] GC(51)   Pre Evacuate Collection Set: 0.8ms
[2025-10-15T05:06:38.343-0700][1246 ][info ][gc,phases   ] GC(51)   Merge Heap Roots: 13.6ms
[2025-10-15T05:06:38.343-0700][1246 ][info ][gc,phases   ] GC(51)   Evacuate Collection Set: 162.0ms
[2025-10-15T05:06:38.343-0700][1246 ][info ][gc,phases   ] GC(51)   Post Evacuate Collection Set: 11.5ms
[2025-10-15T05:06:38.343-0700][1246 ][info ][gc,phases   ] GC(51)   Other: 0.2ms
[2025-10-15T05:06:38.343-0700][1246 ][debug][gc,remset   ] GC(51) Coarsening (recent): Inline->AoC 0 (0) AoC->Howl 0 (0) Howl->Full 0 (0) Inline->AoC 0 (0) AoC->BitMap 0 (0) BitMap->Full 0 (0) 
[2025-10-15T05:06:38.343-0700][1246 ][debug][gc,remset   ] GC(51) Coarsening (all): Inline->AoC 217773 (3) AoC->Howl 14717 (18) Howl->Full 0 (0) Inline->AoC 89586 (8) AoC->BitMap 16835 (32) BitMap->Full 0 (0) 
[2025-10-15T05:06:38.344-0700][1246 ][info ][gc,heap     ] GC(51) Eden regions: 3353->0(2571)
[2025-10-15T05:06:38.344-0700][1246 ][info ][gc,heap     ] GC(51) Survivor regions: 103->168(432)
[2025-10-15T05:06:38.344-0700][1246 ][info ][gc,heap     ] GC(51) Old regions: 509->463
[2025-10-15T05:06:38.344-0700][1246 ][info ][gc,heap     ] GC(51) Humongous regions: 14->0
[2025-10-15T05:06:38.344-0700][1246 ][info ][gc,metaspace] GC(51) Metaspace: 298620K(303040K)->298620K(303040K) NonClass: 262879K(265280K)->262879K(265280K) Class: 35740K(37760K)->35740K(37760K)
[2025-10-15T05:06:38.344-0700][1246 ][info ][gc          ] GC(51) Pause Young (Mixed) (G1 Evacuation Pause) 127290M->20167M(184320M) 188.150ms
[2025-10-15T05:06:38.345-0700][1246 ][info ][gc,cpu      ] GC(51) User=11.77s Sys=0.11s Real=0.19s
[2025-10-15T05:06:38.346-0700][1246 ][info ][safepoint   ] Safepoint "G1CollectForAllocation", Time since last: 267292491 ns, Reaching safepoint: 8177864 ns, Cleanup: 71878 ns, At safepoint: 191529734 ns, Total: 199779476 ns
[2025-10-15T05:06:39.347-0700][1246 ][info ][safepoint   ] Safepoint "Cleanup", Time since last: 1000092175 ns, Reaching safepoint: 781456 ns, Cleanup: 139701 ns, At safepoint: 176626 ns, Total: 1097783 ns
[2025-10-15T05:06:40.348-0700][1246 ][info ][safepoint   ] Safepoint "Cleanup", Time since last: 1000100808 ns, Reaching safepoint: 772603 ns, Cleanup: 86931 ns, At safepoint: 337528 ns, Total: 1197062 ns
[2025-10-15T05:06:41.371-0700][1246 ][info ][safepoint   ] Safepoint "Cleanup", Time since last: 1000105044 ns, Reaching safepoint: 19757480 ns, Cleanup: 52689 ns, At safepoint: 2860137 ns, Total: 22670306 ns
[2025-10-15T05:06:42.540-0700][1246 ][info ][safepoint   ] Safepoint "ICBufferFull", Time since last: 1167276731 ns, Reaching safepoint: 916730 ns, Cleanup: 203607 ns, At safepoint: 453743 ns, Total: 1574080 ns
[2025-10-15T05:06:43.541-0700][1246 ][info ][safepoint   ] Safepoint "Cleanup", Time since last: 1000105675 ns, Reaching safepoint: 770510 ns, Cleanup: 73210 ns, At safepoint: 302075 ns, Total: 1145795 ns
[2025-10-15T05:06:44.543-0700][1246 ][info ][safepoint   ] Safepoint "Cleanup", Time since last: 1000115260 ns, Reaching safepoint: 788487 ns, Cleanup: 57697 ns, At safepoint: 388886 ns, Total: 1235070 ns
[2025-10-15T05:06:45.544-0700][1246 ][info ][safepoint   ] Safepoint "Cleanup", Time since last: 1000103952 ns, Reaching safepoint: 768417 ns, Cleanup: 117547 ns, At safepoint: 335786 ns, Total: 1221750 ns
[2025-10-15T05:06:46.547-0700][1246 ][info ][safepoint   ] Safepoint "Cleanup", Time since last: 1000300809 ns, Reaching safepoint: 1169361 ns, Cleanup: 188434 ns, At safepoint: 1400478 ns, Total: 2758273 ns
[2025-10-15T05:06:47.619-0700][1246 ][info ][safepoint   ] Safepoint "Cleanup", Time since last: 1069863362 ns, Reaching safepoint: 1240648 ns, Cleanup: 168274 ns, At safepoint: 1061708 ns, Total: 2470630 ns
[2025-10-15T05:06:48.070-0700][1246 ][info ][gc,start    ] GC(52) Pause Young (Normal) (G1 Evacuation Pause)
[2025-10-15T05:06:48.070-0700][1246 ][info ][gc,task     ] GC(52) Using 113 workers of 113 for evacuation
[2025-10-15T05:06:48.083-0700][1246 ][debug][gc,remset   ] GC(52) Visited cards 8225024 Total dirty 30212096 (27.22%) Total old 484376576 (1.70%)
[2025-10-15T05:06:48.272-0700][1246 ][info ][gc,mmu      ] GC(52) MMU target violated: 201.0ms (200.0ms/201.0ms)
[2025-10-15T05:06:48.272-0700][1246 ][info ][gc,phases   ] GC(52)   Pre Evacuate Collection Set: 0.7ms
[2025-10-15T05:06:48.272-0700][1246 ][info ][gc,phases   ] GC(52)   Merge Heap Roots: 12.2ms
[2025-10-15T05:06:48.272-0700][1246 ][info ][gc,phases   ] GC(52)   Evacuate Collection Set: 178.6ms
[2025-10-15T05:06:48.272-0700][1246 ][info ][gc,phases   ] GC(52)   Post Evacuate Collection Set: 10.4ms
[2025-10-15T05:06:48.272-0700][1246 ][info ][gc,phases   ] GC(52)   Other: 0.2ms
[2025-10-15T05:06:48.272-0700][1246 ][debug][gc,remset   ] GC(52) Coarsening (recent): Inline->AoC 0 (0) AoC->Howl 0 (0) Howl->Full 0 (0) Inline->AoC 0 (0) AoC->BitMap 0 (0) BitMap->Full 0 (0) 
[2025-10-15T05:06:48.272-0700][1246 ][debug][gc,remset   ] GC(52) Coarsening (all): Inline->AoC 217773 (3) AoC->Howl 14717 (18) Howl->Full 0 (0) Inline->AoC 89586 (8) AoC->BitMap 16835 (32) BitMap->Full 0 (0) 
[2025-10-15T05:06:48.272-0700][1246 ][info ][gc,heap     ] GC(52) Eden regions: 3288->0(1553)
[2025-10-15T05:06:48.272-0700][1246 ][info ][gc,heap     ] GC(52) Survivor regions: 168->228(432)
[2025-10-15T05:06:48.272-0700][1246 ][info ][gc,heap     ] GC(52) Old regions: 463->463
[2025-10-15T05:06:48.272-0700][1246 ][info ][gc,heap     ] GC(52) Humongous regions: 16->0
[2025-10-15T05:06:48.272-0700][1246 ][info ][gc,metaspace] GC(52) Metaspace: 299760K(304128K)->299760K(304128K) NonClass: 263930K(266304K)->263930K(266304K) Class: 35829K(37824K)->35829K(37824K)
[2025-10-15T05:06:48.272-0700][1246 ][info ][gc          ] GC(52) Pause Young (Normal) (G1 Evacuation Pause) 125895M->22087M(184320M) 202.310ms
[2025-10-15T05:06:48.273-0700][1246 ][info ][gc,cpu      ] GC(52) User=14.62s Sys=0.03s Real=0.20s
[2025-10-15T05:06:48.274-0700][1246 ][info ][safepoint   ] Safepoint "G1CollectForAllocation", Time since last: 448518751 ns, Reaching safepoint: 857562 ns, Cleanup: 67441 ns, At safepoint: 205777717 ns, Total: 206702720 ns
[2025-10-15T05:06:49.124-0700][1246 ][info ][safepoint   ] Safepoint "ICBufferFull", Time since last: 847713122 ns, Reaching safepoint: 965895 ns, Cleanup: 332050 ns, At safepoint: 670920 ns, Total: 1968865 ns
[2025-10-15T05:06:50.112-0700][1246 ][info ][safepoint   ] Safepoint "ICBufferFull", Time since last: 972622904 ns, Reaching safepoint: 13436211 ns, Cleanup: 231048 ns, At safepoint: 1324454 ns, Total: 14991713 ns
[2025-10-15T05:06:51.115-0700][1246 ][info ][safepoint   ] Safepoint "Cleanup", Time since last: 1000163562 ns, Reaching safepoint: 1017553 ns, Cleanup: 318349 ns, At safepoint: 1646129 ns, Total: 2982031 ns
[2025-10-15T05:06:52.117-0700][1246 ][info ][safepoint   ] Safepoint "Cleanup", Time since last: 1000125244 ns, Reaching safepoint: 909400 ns, Cleanup: 115834 ns, At safepoint: 659723 ns, Total: 1684957 ns
[2025-10-15T05:06:53.119-0700][1246 ][info ][safepoint   ] Safepoint "Cleanup", Time since last: 1000122451 ns, Reaching safepoint: 878272 ns, Cleanup: 36055 ns, At safepoint: 806484 ns, Total: 1720811 ns
[2025-10-15T05:06:53.684-0700][1246 ][info ][gc,start    ] GC(53) Pause Young (Normal) (G1 Evacuation Pause)
[2025-10-15T05:06:53.684-0700][1246 ][info ][gc,task     ] GC(53) Using 113 workers of 113 for evacuation
[2025-10-15T05:06:53.696-0700][1246 ][debug][gc,remset   ] GC(53) Visited cards 8215808 Total dirty 30212096 (27.19%) Total old 378798080 (2.17%)
[2025-10-15T05:06:53.889-0700][1246 ][info ][gc,mmu      ] GC(53) MMU target violated: 201.0ms (200.0ms/201.0ms)
[2025-10-15T05:06:53.889-0700][1246 ][info ][gc,phases   ] GC(53)   Pre Evacuate Collection Set: 0.7ms
[2025-10-15T05:06:53.889-0700][1246 ][info ][gc,phases   ] GC(53)   Merge Heap Roots: 11.2ms
[2025-10-15T05:06:53.889-0700][1246 ][info ][gc,phases   ] GC(53)   Evacuate Collection Set: 181.6ms
[2025-10-15T05:06:53.889-0700][1246 ][info ][gc,phases   ] GC(53)   Post Evacuate Collection Set: 11.8ms
[2025-10-15T05:06:53.889-0700][1246 ][info ][gc,phases   ] GC(53)   Other: 0.2ms
[2025-10-15T05:06:53.889-0700][1246 ][debug][gc,remset   ] GC(53) Coarsening (recent): Inline->AoC 0 (0) AoC->Howl 0 (0) Howl->Full 0 (0) Inline->AoC 0 (0) AoC->BitMap 0 (0) BitMap->Full 0 (0) 
[2025-10-15T05:06:53.889-0700][1246 ][debug][gc,remset   ] GC(53) Coarsening (all): Inline->AoC 217773 (3) AoC->Howl 14717 (18) Howl->Full 0 (0) Inline->AoC 89586 (8) AoC->BitMap 16835 (32) BitMap->Full 0 (0) 
[2025-10-15T05:06:53.889-0700][1246 ][info ][gc,heap     ] GC(53) Eden regions: 2425->0(1358)
[2025-10-15T05:06:53.889-0700][1246 ][info ][gc,heap     ] GC(53) Survivor regions: 228->192(332)
[2025-10-15T05:06:53.889-0700][1246 ][info ][gc,heap     ] GC(53) Old regions: 463->520
[2025-10-15T05:06:53.889-0700][1246 ][info ][gc,heap     ] GC(53) Humongous regions: 11->0
[2025-10-15T05:06:53.889-0700][1246 ][info ][gc,metaspace] GC(53) Metaspace: 300244K(304704K)->300244K(304704K) NonClass: 264372K(266752K)->264372K(266752K) Class: 35872K(37952K)->35872K(37952K)
[2025-10-15T05:06:53.889-0700][1246 ][info ][gc          ] GC(53) Pause Young (Normal) (G1 Evacuation Pause) 100039M->22762M(184320M) 205.602ms
[2025-10-15T05:06:53.890-0700][1246 ][info ][gc,cpu      ] GC(53) User=15.52s Sys=0.19s Real=0.21s
[2025-10-15T05:06:53.892-0700][1246 ][info ][safepoint   ] Safepoint "G1CollectForAllocation", Time since last: 563298830 ns, Reaching safepoint: 779433 ns, Cleanup: 19570 ns, At safepoint: 208994290 ns, Total: 209793293 ns
[2025-10-15T05:06:54.893-0700][1246 ][info ][safepoint   ] Safepoint "Cleanup", Time since last: 1000096832 ns, Reaching safepoint: 816750 ns, Cleanup: 75734 ns, At safepoint: 275194 ns, Total: 1167678 ns
[2025-10-15T05:06:55.895-0700][1246 ][info ][safepoint   ] Safepoint "Cleanup", Time since last: 1000112916 ns, Reaching safepoint: 1231825 ns, Cleanup: 143106 ns, At safepoint: 854216 ns, Total: 2229147 ns
[2025-10-15T05:06:56.897-0700][1246 ][info ][safepoint   ] Safepoint "Cleanup", Time since last: 1000116451 ns, Reaching safepoint: 877381 ns, Cleanup: 134533 ns, At safepoint: 531140 ns, Total: 1543054 ns
[2025-10-15T05:06:57.204-0700][1246 ][info ][gc,start    ] GC(54) Pause Young (Normal) (G1 Evacuation Pause)
[2025-10-15T05:06:57.204-0700][1246 ][info ][gc,task     ] GC(54) Using 113 workers of 113 for evacuation
[2025-10-15T05:06:57.218-0700][1246 ][debug][gc,remset   ] GC(54) Visited cards 8588032 Total dirty 33751040 (25.45%) Total old 245497856 (3.50%)
[2025-10-15T05:06:57.404-0700][1246 ][info ][gc,phases   ] GC(54)   Pre Evacuate Collection Set: 0.8ms
[2025-10-15T05:06:57.404-0700][1246 ][info ][gc,phases   ] GC(54)   Merge Heap Roots: 12.3ms
[2025-10-15T05:06:57.404-0700][1246 ][info ][gc,phases   ] GC(54)   Evacuate Collection Set: 178.0ms
[2025-10-15T05:06:57.404-0700][1246 ][info ][gc,phases   ] GC(54)   Post Evacuate Collection Set: 7.9ms
[2025-10-15T05:06:57.404-0700][1246 ][info ][gc,phases   ] GC(54)   Other: 0.1ms
[2025-10-15T05:06:57.404-0700][1246 ][debug][gc,remset   ] GC(54) Coarsening (recent): Inline->AoC 8325 (0) AoC->Howl 53 (0) Howl->Full 0 (0) Inline->AoC 196 (0) AoC->BitMap 33 (0) BitMap->Full 0 (0) 
[2025-10-15T05:06:57.404-0700][1246 ][debug][gc,remset   ] GC(54) Coarsening (all): Inline->AoC 226098 (3) AoC->Howl 14770 (18) Howl->Full 0 (0) Inline->AoC 89782 (8) AoC->BitMap 16868 (32) BitMap->Full 0 (0) 
[2025-10-15T05:06:57.404-0700][1246 ][info ][gc,heap     ] GC(54) Eden regions: 1418->0(3365)
[2025-10-15T05:06:57.404-0700][1246 ][info ][gc,heap     ] GC(54) Survivor regions: 192->91(202)
[2025-10-15T05:06:57.404-0700][1246 ][info ][gc,heap     ] GC(54) Old regions: 520->642
[2025-10-15T05:06:57.404-0700][1246 ][info ][gc,heap     ] GC(54) Humongous regions: 6->0
[2025-10-15T05:06:57.404-0700][1246 ][info ][gc,metaspace] GC(54) Metaspace: 300764K(305216K)->300764K(305216K) NonClass: 264883K(267264K)->264883K(267264K) Class: 35880K(37952K)->35880K(37952K)
[2025-10-15T05:06:57.404-0700][1246 ][info ][gc          ] GC(54) Pause Young (Normal) (G1 Evacuation Pause) 68330M->23413M(184320M) 199.341ms
[2025-10-15T05:06:57.405-0700][1246 ][info ][gc,cpu      ] GC(54) User=12.12s Sys=0.15s Real=0.20s
[2025-10-15T05:06:57.406-0700][1246 ][info ][safepoint   ] Safepoint "G1CollectForAllocation", Time since last: 304617994 ns, Reaching safepoint: 1537776 ns, Cleanup: 71938 ns, At safepoint: 202807845 ns, Total: 204417559 ns
[2025-10-15T05:06:58.408-0700][1246 ][info ][safepoint   ] Safepoint "Cleanup", Time since last: 1000093737 ns, Reaching safepoint: 1050362 ns, Cleanup: 162494 ns, At safepoint: 731762 ns, Total: 1944618 ns
[2025-10-15T05:06:59.411-0700][1246 ][info ][safepoint   ] Safepoint "Cleanup", Time since last: 1000091484 ns, Reaching safepoint: 1621702 ns, Cleanup: 121353 ns, At safepoint: 900045 ns, Total: 2643100 ns
[2025-10-15T05:07:00.413-0700][1246 ][info ][safepoint   ] Safepoint "Cleanup", Time since last: 1000132105 ns, Reaching safepoint: 929480 ns, Cleanup: 94963 ns, At safepoint: 708547 ns, Total: 1732990 ns
[2025-10-15T05:07:01.525-0700][1246 ][info ][safepoint   ] Safepoint "Cleanup", Time since last: 1110009000 ns, Reaching safepoint: 1211895 ns, Cleanup: 109335 ns, At safepoint: 1034137 ns, Total: 2355367 ns
[2025-10-15T05:07:02.527-0700][1246 ][info ][safepoint   ] Safepoint "Cleanup", Time since last: 1000118244 ns, Reaching safepoint: 987727 ns, Cleanup: 52780 ns, At safepoint: 1021918 ns, Total: 2062425 ns
[2025-10-15T05:07:03.517-0700][1246 ][info ][safepoint   ] Safepoint "ICBufferFull", Time since last: 987358111 ns, Reaching safepoint: 1648833 ns, Cleanup: 243977 ns, At safepoint: 447985 ns, Total: 2340795 ns
[2025-10-15T05:07:03.806-0700][1246 ][info ][gc,start    ] GC(55) Pause Young (Normal) (G1 Evacuation Pause)
[2025-10-15T05:07:03.806-0700][1246 ][info ][gc,task     ] GC(55) Using 113 workers of 113 for evacuation
[2025-10-15T05:07:03.820-0700][1246 ][debug][gc,remset   ] GC(55) Visited cards 9179904 Total dirty 41484288 (22.13%) Total old 495779840 (1.85%)
[2025-10-15T05:07:03.957-0700][1246 ][info ][gc,phases   ] GC(55)   Pre Evacuate Collection Set: 0.8ms
[2025-10-15T05:07:03.957-0700][1246 ][info ][gc,phases   ] GC(55)   Merge Heap Roots: 13.9ms
[2025-10-15T05:07:03.957-0700][1246 ][info ][gc,phases   ] GC(55)   Evacuate Collection Set: 126.2ms
[2025-10-15T05:07:03.957-0700][1246 ][info ][gc,phases   ] GC(55)   Post Evacuate Collection Set: 10.2ms
[2025-10-15T05:07:03.957-0700][1246 ][info ][gc,phases   ] GC(55)   Other: 0.2ms
[2025-10-15T05:07:03.957-0700][1246 ][debug][gc,remset   ] GC(55) Coarsening (recent): Inline->AoC 0 (0) AoC->Howl 0 (0) Howl->Full 0 (0) Inline->AoC 0 (0) AoC->BitMap 0 (0) BitMap->Full 0 (0) 
[2025-10-15T05:07:03.957-0700][1246 ][debug][gc,remset   ] GC(55) Coarsening (all): Inline->AoC 226098 (3) AoC->Howl 14770 (18) Howl->Full 0 (0) Inline->AoC 89782 (8) AoC->BitMap 16868 (32) BitMap->Full 0 (0) 
[2025-10-15T05:07:03.957-0700][1246 ][info ][gc,heap     ] GC(55) Eden regions: 3365->0(3300)
[2025-10-15T05:07:03.957-0700][1246 ][info ][gc,heap     ] GC(55) Survivor regions: 91->156(432)
[2025-10-15T05:07:03.957-0700][1246 ][info ][gc,heap     ] GC(55) Old regions: 642->642
[2025-10-15T05:07:03.957-0700][1246 ][info ][gc,heap     ] GC(55) Humongous regions: 11->0
[2025-10-15T05:07:03.957-0700][1246 ][info ][gc,metaspace] GC(55) Metaspace: 302208K(306816K)->302208K(306816K) NonClass: 266179K(268672K)->266179K(268672K) Class: 36029K(38144K)->36029K(38144K)
[2025-10-15T05:07:03.957-0700][1246 ][info ][gc          ] GC(55) Pause Young (Normal) (G1 Evacuation Pause) 131445M->25500M(184320M) 151.483ms
[2025-10-15T05:07:03.958-0700][1246 ][info ][gc,cpu      ] GC(55) User=11.35s Sys=0.01s Real=0.16s
[2025-10-15T05:07:03.959-0700][1246 ][info ][safepoint   ] Safepoint "G1CollectForAllocation", Time since last: 286644881 ns, Reaching safepoint: 888128 ns, Cleanup: 51437 ns, At safepoint: 155039739 ns, Total: 155979304 ns
[2025-10-15T05:07:04.961-0700][1246 ][info ][safepoint   ] Safepoint "Cleanup", Time since last: 1000087208 ns, Reaching safepoint: 831712 ns, Cleanup: 51437 ns, At safepoint: 241013 ns, Total: 1124162 ns
[2025-10-15T05:07:05.962-0700][1246 ][info ][safepoint   ] Safepoint "Cleanup", Time since last: 1000107809 ns, Reaching safepoint: 833014 ns, Cleanup: 35954 ns, At safepoint: 332090 ns, Total: 1201058 ns
[2025-10-15T05:07:06.233-0700][1246 ][info ][gc,start    ] GC(56) Pause Young (Concurrent Start) (CodeCache GC Threshold)
[2025-10-15T05:07:06.233-0700][1246 ][info ][gc,task     ] GC(56) Using 113 workers of 113 for evacuation
[2025-10-15T05:07:06.246-0700][1246 ][debug][gc,remset   ] GC(56) Visited cards 9093888 Total dirty 41484288 (21.92%) Total old 144048128 (6.31%)
[2025-10-15T05:07:06.373-0700][1246 ][info ][gc,phases   ] GC(56)   Pre Evacuate Collection Set: 1.0ms
[2025-10-15T05:07:06.373-0700][1246 ][info ][gc,phases   ] GC(56)   Merge Heap Roots: 11.4ms
[2025-10-15T05:07:06.373-0700][1246 ][info ][gc,phases   ] GC(56)   Evacuate Collection Set: 118.2ms
[2025-10-15T05:07:06.373-0700][1246 ][info ][gc,phases   ] GC(56)   Post Evacuate Collection Set: 8.9ms
[2025-10-15T05:07:06.373-0700][1246 ][info ][gc,phases   ] GC(56)   Other: 0.1ms
[2025-10-15T05:07:06.373-0700][1246 ][debug][gc,remset   ] GC(56) Coarsening (recent): Inline->AoC 0 (0) AoC->Howl 0 (0) Howl->Full 0 (0) Inline->AoC 0 (0) AoC->BitMap 0 (0) BitMap->Full 0 (0) 
[2025-10-15T05:07:06.373-0700][1246 ][debug][gc,remset   ] GC(56) Coarsening (all): Inline->AoC 226098 (3) AoC->Howl 14770 (18) Howl->Full 0 (0) Inline->AoC 89782 (8) AoC->BitMap 16868 (32) BitMap->Full 0 (0) 
[2025-10-15T05:07:06.373-0700][1246 ][info ][gc,heap     ] GC(56) Eden regions: 621->0(3318)
[2025-10-15T05:07:06.373-0700][1246 ][info ][gc,heap     ] GC(56) Survivor regions: 156->138(432)
[2025-10-15T05:07:06.373-0700][1246 ][info ][gc,heap     ] GC(56) Old regions: 642->642
[2025-10-15T05:07:06.373-0700][1246 ][info ][gc,heap     ] GC(56) Humongous regions: 2->0
[2025-10-15T05:07:06.373-0700][1246 ][info ][gc,metaspace] GC(56) Metaspace: 302255K(306816K)->302255K(306816K) NonClass: 266218K(268672K)->266218K(268672K) Class: 36037K(38144K)->36037K(38144K)
[2025-10-15T05:07:06.373-0700][1246 ][info ][gc          ] GC(56) Pause Young (Concurrent Start) (CodeCache GC Threshold) 45409M->24914M(184320M) 139.752ms
[2025-10-15T05:07:06.373-0700][1085 ][info ][gc          ] GC(57) Concurrent Mark Cycle
[2025-10-15T05:07:06.373-0700][1085 ][info ][gc,marking  ] GC(57) Concurrent Scan Root Regions
[2025-10-15T05:07:06.375-0700][1246 ][info ][gc,cpu      ] GC(56) User=8.52s Sys=0.05s Real=0.14s
[2025-10-15T05:07:06.376-0700][1246 ][info ][safepoint   ] Safepoint "G1TryInitiateConcMark", Time since last: 260872075 ns, Reaching safepoint: 9248125 ns, Cleanup: 23636 ns, At safepoint: 143714696 ns, Total: 152986457 ns
[2025-10-15T05:07:06.425-0700][1085 ][info ][gc,marking  ] GC(57) Concurrent Scan Root Regions 51.479ms
[2025-10-15T05:07:06.425-0700][1085 ][info ][gc,marking  ] GC(57) Concurrent Mark
[2025-10-15T05:07:06.425-0700][1085 ][info ][gc,marking  ] GC(57) Concurrent Mark From Roots
[2025-10-15T05:07:06.425-0700][1085 ][info ][gc,task     ] GC(57) Using 36 workers of 36 for marking
[2025-10-15T05:07:06.659-0700][1085 ][info ][gc,marking  ] GC(57) Concurrent Mark From Roots 233.823ms
[2025-10-15T05:07:06.659-0700][1085 ][info ][gc,marking  ] GC(57) Concurrent Preclean
[2025-10-15T05:07:06.671-0700][1085 ][info ][gc,marking  ] GC(57) Concurrent Preclean 12.237ms
[2025-10-15T05:07:06.673-0700][1246 ][info ][gc,start    ] GC(57) Pause Remark
[2025-10-15T05:07:07.197-0700][1246 ][info ][gc,mmu      ] GC(57) MMU target violated: 201.0ms (200.0ms/201.0ms)
[2025-10-15T05:07:07.197-0700][1246 ][info ][gc          ] GC(57) Pause Remark 28338M->28338M(184320M) 524.347ms
[2025-10-15T05:07:07.198-0700][1246 ][info ][gc,cpu      ] GC(57) User=2.66s Sys=0.11s Real=0.53s
[2025-10-15T05:07:07.203-0700][1246 ][info ][safepoint   ] Safepoint "G1PauseRemark", Time since last: 295161325 ns, Reaching safepoint: 786444 ns, Cleanup: 74392 ns, At safepoint: 530965755 ns, Total: 531826591 ns
[2025-10-15T05:07:07.203-0700][1085 ][info ][gc,marking  ] GC(57) Concurrent Mark 778.085ms
[2025-10-15T05:07:07.203-0700][1085 ][info ][gc,marking  ] GC(57) Concurrent Rebuild Remembered Sets and Scrub Regions
[2025-10-15T05:07:07.597-0700][1085 ][info ][gc,marking  ] GC(57) Concurrent Rebuild Remembered Sets and Scrub Regions 393.761ms
[2025-10-15T05:07:07.599-0700][1246 ][info ][gc,start    ] GC(57) Pause Cleanup
[2025-10-15T05:07:07.601-0700][1246 ][info ][gc          ] GC(57) Pause Cleanup 34047M->34047M(184320M) 1.700ms
[2025-10-15T05:07:07.602-0700][1246 ][info ][gc,cpu      ] GC(57) User=0.01s Sys=0.00s Real=0.00s
[2025-10-15T05:07:07.602-0700][1246 ][info ][safepoint   ] Safepoint "G1PauseCleanup", Time since last: 393941772 ns, Reaching safepoint: 799714 ns, Cleanup: 314964 ns, At safepoint: 4539175 ns, Total: 5653853 ns
[2025-10-15T05:07:07.603-0700][1085 ][info ][gc,marking  ] GC(57) Concurrent Clear Claimed Marks
[2025-10-15T05:07:07.604-0700][1085 ][info ][gc,marking  ] GC(57) Concurrent Clear Claimed Marks 0.720ms
[2025-10-15T05:07:07.604-0700][1085 ][info ][gc,marking  ] GC(57) Concurrent Cleanup for Next Mark
[2025-10-15T05:07:07.635-0700][1085 ][info ][gc,marking  ] GC(57) Concurrent Cleanup for Next Mark 31.585ms
[2025-10-15T05:07:07.635-0700][1085 ][info ][gc          ] GC(57) Concurrent Mark Cycle 1262.082ms
[2025-10-15T05:07:08.604-0700][1246 ][info ][safepoint   ] Safepoint "Cleanup", Time since last: 1000089772 ns, Reaching safepoint: 680975 ns, Cleanup: 69915 ns, At safepoint: 489658 ns, Total: 1240548 ns
[2025-10-15T05:07:09.616-0700][1246 ][info ][safepoint   ] Safepoint "Cleanup", Time since last: 1000113827 ns, Reaching safepoint: 10217044 ns, Cleanup: 10816 ns, At safepoint: 1688172 ns, Total: 11916032 ns
[2025-10-15T05:07:10.618-0700][1246 ][info ][safepoint   ] Safepoint "Cleanup", Time since last: 1000104023 ns, Reaching safepoint: 920757 ns, Cleanup: 48503 ns, At safepoint: 1024132 ns, Total: 1993392 ns
[2025-10-15T05:07:11.621-0700][1246 ][info ][safepoint   ] Safepoint "Cleanup", Time since last: 1000110562 ns, Reaching safepoint: 1071494 ns, Cleanup: 50556 ns, At safepoint: 1898298 ns, Total: 3020348 ns
[2025-10-15T05:07:12.624-0700][1246 ][info ][safepoint   ] Safepoint "Cleanup", Time since last: 1000113137 ns, Reaching safepoint: 972414 ns, Cleanup: 55163 ns, At safepoint: 1450324 ns, Total: 2477901 ns
[2025-10-15T05:07:13.626-0700][1246 ][info ][safepoint   ] Safepoint "Cleanup", Time since last: 1000131143 ns, Reaching safepoint: 970602 ns, Cleanup: 11107 ns, At safepoint: 1282601 ns, Total: 2264310 ns
[2025-10-15T05:07:14.628-0700][1246 ][info ][safepoint   ] Safepoint "Cleanup", Time since last: 1000151875 ns, Reaching safepoint: 1011543 ns, Cleanup: 81282 ns, At safepoint: 831783 ns, Total: 1924608 ns
[2025-10-15T05:07:15.630-0700][1246 ][info ][safepoint   ] Safepoint "Cleanup", Time since last: 1000108049 ns, Reaching safepoint: 885653 ns, Cleanup: 43345 ns, At safepoint: 882189 ns, Total: 1811187 ns
[2025-10-15T05:07:16.632-0700][1246 ][info ][safepoint   ] Safepoint "Cleanup", Time since last: 1000123262 ns, Reaching safepoint: 1080006 ns, Cleanup: 114943 ns, At safepoint: 1036731 ns, Total: 2231680 ns
[2025-10-15T05:07:17.635-0700][1246 ][info ][safepoint   ] Safepoint "Cleanup", Time since last: 1000123943 ns, Reaching safepoint: 900756 ns, Cleanup: 88393 ns, At safepoint: 1216071 ns, Total: 2205220 ns
[2025-10-15T05:07:18.198-0700][1246 ][info ][gc,start    ] GC(58) Pause Young (Prepare Mixed) (G1 Evacuation Pause)
[2025-10-15T05:07:18.198-0700][1246 ][info ][gc,task     ] GC(58) Using 113 workers of 113 for evacuation
[2025-10-15T05:07:18.213-0700][1246 ][debug][gc,remset   ] GC(58) Visited cards 9740032 Total dirty 41484288 (23.48%) Total old 496238592 (1.96%)
[2025-10-15T05:07:18.362-0700][1246 ][info ][gc,phases   ] GC(58)   Pre Evacuate Collection Set: 0.7ms
[2025-10-15T05:07:18.362-0700][1246 ][info ][gc,phases   ] GC(58)   Merge Heap Roots: 13.6ms
[2025-10-15T05:07:18.362-0700][1246 ][info ][gc,phases   ] GC(58)   Evacuate Collection Set: 137.0ms
[2025-10-15T05:07:18.362-0700][1246 ][info ][gc,phases   ] GC(58)   Post Evacuate Collection Set: 11.6ms
[2025-10-15T05:07:18.362-0700][1246 ][info ][gc,phases   ] GC(58)   Other: 0.2ms
[2025-10-15T05:07:18.362-0700][1246 ][debug][gc,remset   ] GC(58) Coarsening (recent): Inline->AoC 91454 (0) AoC->Howl 8104 (0) Howl->Full 0 (0) Inline->AoC 37231 (0) AoC->BitMap 10722 (0) BitMap->Full 0 (0) 
[2025-10-15T05:07:18.362-0700][1246 ][debug][gc,remset   ] GC(58) Coarsening (all): Inline->AoC 317552 (3) AoC->Howl 22874 (18) Howl->Full 0 (0) Inline->AoC 127013 (8) AoC->BitMap 27590 (32) BitMap->Full 0 (0) 
[2025-10-15T05:07:18.362-0700][1246 ][info ][gc,heap     ] GC(58) Eden regions: 3318->0(3287)
[2025-10-15T05:07:18.362-0700][1246 ][info ][gc,heap     ] GC(58) Survivor regions: 138->169(432)
[2025-10-15T05:07:18.362-0700][1246 ][info ][gc,heap     ] GC(58) Old regions: 642->642
[2025-10-15T05:07:18.362-0700][1246 ][info ][gc,heap     ] GC(58) Humongous regions: 18->0
[2025-10-15T05:07:18.362-0700][1246 ][info ][gc,metaspace] GC(58) Metaspace: 303296K(307968K)->303296K(307968K) NonClass: 267180K(269696K)->267180K(269696K) Class: 36115K(38272K)->36115K(38272K)
[2025-10-15T05:07:18.362-0700][1246 ][info ][gc          ] GC(58) Pause Young (Prepare Mixed) (G1 Evacuation Pause) 131666M->25920M(184320M) 163.312ms
[2025-10-15T05:07:18.363-0700][1246 ][info ][gc,cpu      ] GC(58) User=12.38s Sys=0.09s Real=0.16s
[2025-10-15T05:07:18.364-0700][1246 ][info ][safepoint   ] Safepoint "G1CollectForAllocation", Time since last: 561813082 ns, Reaching safepoint: 817902 ns, Cleanup: 17176 ns, At safepoint: 166800217 ns, Total: 167635295 ns
[2025-10-15T05:07:19.365-0700][1246 ][info ][safepoint   ] Safepoint "Cleanup", Time since last: 1000089371 ns, Reaching safepoint: 755788 ns, Cleanup: 57466 ns, At safepoint: 202886 ns, Total: 1016140 ns
[2025-10-15T05:07:20.368-0700][1246 ][info ][safepoint   ] Safepoint "Cleanup", Time since last: 1000111644 ns, Reaching safepoint: 2223919 ns, Cleanup: 67121 ns, At safepoint: 206390 ns, Total: 2497430 ns
[2025-10-15T05:07:21.369-0700][1246 ][info ][safepoint   ] Safepoint "Cleanup", Time since last: 1000097423 ns, Reaching safepoint: 789409 ns, Cleanup: 153381 ns, At safepoint: 305610 ns, Total: 1248400 ns
[2025-10-15T05:07:22.371-0700][1246 ][info ][safepoint   ] Safepoint "Cleanup", Time since last: 1000114609 ns, Reaching safepoint: 790630 ns, Cleanup: 37827 ns, At safepoint: 481125 ns, Total: 1309582 ns
[2025-10-15T05:07:23.392-0700][1246 ][info ][safepoint   ] Safepoint "Cleanup", Time since last: 1000101238 ns, Reaching safepoint: 19771561 ns, Cleanup: 75684 ns, At safepoint: 1636093 ns, Total: 21483338 ns
[2025-10-15T05:07:24.394-0700][1246 ][info ][safepoint   ] Safepoint "Cleanup", Time since last: 1000118249 ns, Reaching safepoint: 817991 ns, Cleanup: 35143 ns, At safepoint: 871222 ns, Total: 1724356 ns
[2025-10-15T05:07:26.395-0700][1246 ][info ][safepoint   ] Safepoint "Cleanup", Time since last: 2000174163 ns, Reaching safepoint: 711592 ns, Cleanup: 22864 ns, At safepoint: 390248 ns, Total: 1124704 ns
[2025-10-15T05:07:27.397-0700][1246 ][info ][safepoint   ] Safepoint "Cleanup", Time since last: 1000107622 ns, Reaching safepoint: 827336 ns, Cleanup: 90466 ns, At safepoint: 986947 ns, Total: 1904749 ns
[2025-10-15T05:07:28.400-0700][1246 ][info ][safepoint   ] Safepoint "Cleanup", Time since last: 1000106420 ns, Reaching safepoint: 814367 ns, Cleanup: 126550 ns, At safepoint: 1372487 ns, Total: 2313404 ns
[2025-10-15T05:07:29.403-0700][1246 ][info ][safepoint   ] Safepoint "Cleanup", Time since last: 1000140862 ns, Reaching safepoint: 943150 ns, Cleanup: 48453 ns, At safepoint: 1800131 ns, Total: 2791734 ns
[2025-10-15T05:07:30.405-0700][1246 ][info ][safepoint   ] Safepoint "Cleanup", Time since last: 1000117387 ns, Reaching safepoint: 946836 ns, Cleanup: 34171 ns, At safepoint: 1457896 ns, Total: 2438903 ns
[2025-10-15T05:07:31.408-0700][1246 ][info ][safepoint   ] Safepoint "Cleanup", Time since last: 1000164588 ns, Reaching safepoint: 820445 ns, Cleanup: 121263 ns, At safepoint: 1143091 ns, Total: 2084799 ns
[2025-10-15T05:07:32.163-0700][1246 ][info ][gc,start    ] GC(59) Pause Young (Mixed) (G1 Evacuation Pause)
[2025-10-15T05:07:32.163-0700][1246 ][info ][gc,task     ] GC(59) Using 113 workers of 113 for evacuation
[2025-10-15T05:07:32.177-0700][1246 ][debug][gc,remset   ] GC(59) Visited cards 9527296 Total dirty 37421056 (25.46%) Total old 500170752 (1.90%)
[2025-10-15T05:07:32.345-0700][1246 ][info ][gc,phases   ] GC(59)   Pre Evacuate Collection Set: 0.7ms
[2025-10-15T05:07:32.345-0700][1246 ][info ][gc,phases   ] GC(59)   Merge Heap Roots: 13.2ms
[2025-10-15T05:07:32.345-0700][1246 ][info ][gc,phases   ] GC(59)   Evacuate Collection Set: 157.0ms
[2025-10-15T05:07:32.345-0700][1246 ][info ][gc,phases   ] GC(59)   Post Evacuate Collection Set: 11.4ms
[2025-10-15T05:07:32.345-0700][1246 ][info ][gc,phases   ] GC(59)   Other: 0.2ms
[2025-10-15T05:07:32.345-0700][1246 ][debug][gc,remset   ] GC(59) Coarsening (recent): Inline->AoC 0 (0) AoC->Howl 0 (0) Howl->Full 0 (0) Inline->AoC 0 (0) AoC->BitMap 0 (0) BitMap->Full 0 (0) 
[2025-10-15T05:07:32.345-0700][1246 ][debug][gc,remset   ] GC(59) Coarsening (all): Inline->AoC 317552 (3) AoC->Howl 22874 (18) Howl->Full 0 (0) Inline->AoC 127013 (8) AoC->BitMap 27590 (32) BitMap->Full 0 (0) 
[2025-10-15T05:07:32.345-0700][1246 ][info ][gc,heap     ] GC(59) Eden regions: 3287->0(3254)
[2025-10-15T05:07:32.345-0700][1246 ][info ][gc,heap     ] GC(59) Survivor regions: 169->202(432)
[2025-10-15T05:07:32.345-0700][1246 ][info ][gc,heap     ] GC(59) Old regions: 642->577
[2025-10-15T05:07:32.345-0700][1246 ][info ][gc,heap     ] GC(59) Humongous regions: 9->0
[2025-10-15T05:07:32.345-0700][1246 ][info ][gc,metaspace] GC(59) Metaspace: 304060K(308736K)->304060K(308736K) NonClass: 267903K(270400K)->267903K(270400K) Class: 36156K(38336K)->36156K(38336K)
[2025-10-15T05:07:32.345-0700][1246 ][info ][gc          ] GC(59) Pause Young (Mixed) (G1 Evacuation Pause) 131392M->24897M(184320M) 182.725ms
[2025-10-15T05:07:32.347-0700][1246 ][info ][gc,cpu      ] GC(59) User=13.88s Sys=0.06s Real=0.18s
[2025-10-15T05:07:32.348-0700][1246 ][info ][safepoint   ] Safepoint "G1CollectForAllocation", Time since last: 753211651 ns, Reaching safepoint: 766144 ns, Cleanup: 15724 ns, At safepoint: 186076913 ns, Total: 186858781 ns
[2025-10-15T05:07:32.944-0700][1246 ][info ][safepoint   ] Safepoint "ICBufferFull", Time since last: 595084403 ns, Reaching safepoint: 642187 ns, Cleanup: 229055 ns, At safepoint: 131338 ns, Total: 1002580 ns
[2025-10-15T05:07:33.110-0700][1246 ][info ][safepoint   ] Safepoint "ICBufferFull", Time since last: 165168370 ns, Reaching safepoint: 906746 ns, Cleanup: 161302 ns, At safepoint: 225079 ns, Total: 1293127 ns
[2025-10-15T05:07:34.112-0700][1246 ][info ][safepoint   ] Safepoint "Cleanup", Time since last: 1000104378 ns, Reaching safepoint: 841077 ns, Cleanup: 110075 ns, At safepoint: 539102 ns, Total: 1490254 ns
[2025-10-15T05:07:35.113-0700][1246 ][info ][safepoint   ] Safepoint "Cleanup", Time since last: 1000112830 ns, Reaching safepoint: 856740 ns, Cleanup: 140873 ns, At safepoint: 198549 ns, Total: 1196162 ns
[2025-10-15T05:07:36.115-0700][1246 ][info ][safepoint   ] Safepoint "Cleanup", Time since last: 1000104828 ns, Reaching safepoint: 926024 ns, Cleanup: 74102 ns, At safepoint: 490899 ns, Total: 1491025 ns
[2025-10-15T05:07:37.116-0700][1246 ][info ][safepoint   ] Safepoint "Cleanup", Time since last: 1000115575 ns, Reaching safepoint: 916840 ns, Cleanup: 33751 ns, At safepoint: 458771 ns, Total: 1409362 ns
[2025-10-15T05:07:38.118-0700][1246 ][info ][safepoint   ] Safepoint "Cleanup", Time since last: 1000125579 ns, Reaching safepoint: 813095 ns, Cleanup: 57186 ns, At safepoint: 378680 ns, Total: 1248961 ns
[2025-10-15T05:07:39.119-0700][1246 ][info ][safepoint   ] Safepoint "Cleanup", Time since last: 1000119761 ns, Reaching safepoint: 848738 ns, Cleanup: 212019 ns, At safepoint: 489177 ns, Total: 1549934 ns
[2025-10-15T05:07:40.120-0700][1246 ][info ][safepoint   ] Safepoint "Cleanup", Time since last: 1000126330 ns, Reaching safepoint: 809209 ns, Cleanup: 38808 ns, At safepoint: 260392 ns, Total: 1108409 ns
[2025-10-15T05:07:41.122-0700][1246 ][info ][safepoint   ] Safepoint "Cleanup", Time since last: 1000106551 ns, Reaching safepoint: 866996 ns, Cleanup: 37947 ns, At safepoint: 406782 ns, Total: 1311725 ns
[2025-10-15T05:07:42.124-0700][1246 ][info ][safepoint   ] Safepoint "Cleanup", Time since last: 1000136677 ns, Reaching safepoint: 937231 ns, Cleanup: 54602 ns, At safepoint: 521195 ns, Total: 1513028 ns
[2025-10-15T05:07:43.125-0700][1246 ][info ][safepoint   ] Safepoint "Cleanup", Time since last: 1000127162 ns, Reaching safepoint: 867506 ns, Cleanup: 154944 ns, At safepoint: 441895 ns, Total: 1464345 ns
[2025-10-15T05:07:44.127-0700][1246 ][info ][safepoint   ] Safepoint "Cleanup", Time since last: 1000117037 ns, Reaching safepoint: 781617 ns, Cleanup: 69104 ns, At safepoint: 468255 ns, Total: 1318976 ns
[2025-10-15T05:07:44.655-0700][1246 ][info ][gc,start    ] GC(60) Pause Young (Normal) (G1 Evacuation Pause)
[2025-10-15T05:07:44.655-0700][1246 ][info ][gc,task     ] GC(60) Using 113 workers of 113 for evacuation
[2025-10-15T05:07:44.670-0700][1246 ][debug][gc,remset   ] GC(60) Visited cards 8594944 Total dirty 37289984 (23.05%) Total old 491520000 (1.75%)
[2025-10-15T05:07:44.856-0700][1246 ][info ][gc,mmu      ] GC(60) MMU target violated: 200.1ms (200.0ms/201.0ms)
[2025-10-15T05:07:44.856-0700][1246 ][info ][gc,phases   ] GC(60)   Pre Evacuate Collection Set: 0.8ms
[2025-10-15T05:07:44.856-0700][1246 ][info ][gc,phases   ] GC(60)   Merge Heap Roots: 14.2ms
[2025-10-15T05:07:44.856-0700][1246 ][info ][gc,phases   ] GC(60)   Evacuate Collection Set: 173.0ms
[2025-10-15T05:07:44.856-0700][1246 ][info ][gc,phases   ] GC(60)   Post Evacuate Collection Set: 12.1ms
[2025-10-15T05:07:44.856-0700][1246 ][info ][gc,phases   ] GC(60)   Other: 0.2ms
[2025-10-15T05:07:44.856-0700][1246 ][debug][gc,remset   ] GC(60) Coarsening (recent): Inline->AoC 0 (0) AoC->Howl 0 (0) Howl->Full 0 (0) Inline->AoC 0 (0) AoC->BitMap 0 (0) BitMap->Full 0 (0) 
[2025-10-15T05:07:44.856-0700][1246 ][debug][gc,remset   ] GC(60) Coarsening (all): Inline->AoC 317552 (3) AoC->Howl 22874 (18) Howl->Full 0 (0) Inline->AoC 127013 (8) AoC->BitMap 27590 (32) BitMap->Full 0 (0) 
[2025-10-15T05:07:44.856-0700][1246 ][info ][gc,heap     ] GC(60) Eden regions: 3254->0(3197)
[2025-10-15T05:07:44.856-0700][1246 ][info ][gc,heap     ] GC(60) Survivor regions: 202->259(432)
[2025-10-15T05:07:44.856-0700][1246 ][info ][gc,heap     ] GC(60) Old regions: 577->577
[2025-10-15T05:07:44.856-0700][1246 ][info ][gc,heap     ] GC(60) Humongous regions: 11->0
[2025-10-15T05:07:44.856-0700][1246 ][info ][gc,metaspace] GC(60) Metaspace: 305008K(309760K)->305008K(309760K) NonClass: 268777K(271296K)->268777K(271296K) Class: 36230K(38464K)->36230K(38464K)
[2025-10-15T05:07:44.856-0700][1246 ][info ][gc          ] GC(60) Pause Young (Normal) (G1 Evacuation Pause) 129377M->26724M(184320M) 200.374ms
[2025-10-15T05:07:44.857-0700][1246 ][info ][gc,cpu      ] GC(60) User=17.46s Sys=0.08s Real=0.20s
[2025-10-15T05:07:44.858-0700][1246 ][info ][safepoint   ] Safepoint "G1CollectForAllocation", Time since last: 526764350 ns, Reaching safepoint: 848518 ns, Cleanup: 88613 ns, At safepoint: 203793260 ns, Total: 204730391 ns
[2025-10-15T05:07:45.859-0700][1246 ][info ][safepoint   ] Safepoint "Cleanup", Time since last: 1000097057 ns, Reaching safepoint: 866685 ns, Cleanup: 90256 ns, At safepoint: 102985 ns, Total: 1059926 ns
[2025-10-15T05:07:46.879-0700][1246 ][info ][safepoint   ] Safepoint "Cleanup", Time since last: 1000116115 ns, Reaching safepoint: 17691309 ns, Cleanup: 35143 ns, At safepoint: 1881002 ns, Total: 19607454 ns
[2025-10-15T05:07:47.881-0700][1246 ][info ][safepoint   ] Safepoint "Cleanup", Time since last: 1000110797 ns, Reaching safepoint: 843781 ns, Cleanup: 77697 ns, At safepoint: 763039 ns, Total: 1684517 ns
[2025-10-15T05:07:48.884-0700][1246 ][info ][safepoint   ] Safepoint "Cleanup", Time since last: 1000232260 ns, Reaching safepoint: 1030181 ns, Cleanup: 158519 ns, At safepoint: 1491506 ns, Total: 2680206 ns
[2025-10-15T05:07:49.885-0700][1246 ][info ][safepoint   ] Safepoint "Cleanup", Time since last: 1000131138 ns, Reaching safepoint: 725732 ns, Cleanup: 15203 ns, At safepoint: 584000 ns, Total: 1324935 ns
[2025-10-15T05:07:50.887-0700][1246 ][info ][safepoint   ] Safepoint "Cleanup", Time since last: 1000127502 ns, Reaching safepoint: 820606 ns, Cleanup: 26880 ns, At safepoint: 1137323 ns, Total: 1984809 ns
[2025-10-15T05:07:51.890-0700][1246 ][info ][safepoint   ] Safepoint "Cleanup", Time since last: 1000127172 ns, Reaching safepoint: 867636 ns, Cleanup: 140502 ns, At safepoint: 1837737 ns, Total: 2845875 ns
[2025-10-15T05:07:52.893-0700][1246 ][info ][safepoint   ] Safepoint "Cleanup", Time since last: 1000139300 ns, Reaching safepoint: 1030882 ns, Cleanup: 93291 ns, At safepoint: 1641692 ns, Total: 2765865 ns
[2025-10-15T05:07:53.896-0700][1246 ][info ][safepoint   ] Safepoint "Cleanup", Time since last: 1000122014 ns, Reaching safepoint: 1005564 ns, Cleanup: 65539 ns, At safepoint: 1601632 ns, Total: 2672735 ns
[2025-10-15T05:07:54.898-0700][1246 ][info ][safepoint   ] Safepoint "Cleanup", Time since last: 1000119290 ns, Reaching safepoint: 849349 ns, Cleanup: 36995 ns, At safepoint: 1001959 ns, Total: 1888303 ns
[2025-10-15T05:07:55.900-0700][1246 ][info ][safepoint   ] Safepoint "Cleanup", Time since last: 1000110847 ns, Reaching safepoint: 787386 ns, Cleanup: 84798 ns, At safepoint: 656248 ns, Total: 1528432 ns
[2025-10-15T05:07:56.901-0700][1246 ][info ][safepoint   ] Safepoint "Cleanup", Time since last: 1000111669 ns, Reaching safepoint: 838222 ns, Cleanup: 41532 ns, At safepoint: 888438 ns, Total: 1768192 ns
[2025-10-15T05:07:56.912-0700][1246 ][info ][gc,start    ] GC(61) Pause Young (Normal) (G1 Evacuation Pause)
[2025-10-15T05:07:56.912-0700][1246 ][info ][gc,task     ] GC(61) Using 113 workers of 113 for evacuation
[2025-10-15T05:07:56.926-0700][1246 ][debug][gc,remset   ] GC(61) Visited cards 8639744 Total dirty 37289984 (23.17%) Total old 491913216 (1.76%)
[2025-10-15T05:07:57.112-0700][1246 ][info ][gc,mmu      ] GC(61) MMU target violated: 200.3ms (200.0ms/201.0ms)
[2025-10-15T05:07:57.112-0700][1246 ][info ][gc,phases   ] GC(61)   Pre Evacuate Collection Set: 0.7ms
[2025-10-15T05:07:57.112-0700][1246 ][info ][gc,phases   ] GC(61)   Merge Heap Roots: 13.1ms
[2025-10-15T05:07:57.112-0700][1246 ][info ][gc,phases   ] GC(61)   Evacuate Collection Set: 172.5ms
[2025-10-15T05:07:57.112-0700][1246 ][info ][gc,phases   ] GC(61)   Post Evacuate Collection Set: 14.0ms
[2025-10-15T05:07:57.112-0700][1246 ][info ][gc,phases   ] GC(61)   Other: 0.2ms
[2025-10-15T05:07:57.112-0700][1246 ][debug][gc,remset   ] GC(61) Coarsening (recent): Inline->AoC 2536 (0) AoC->Howl 5 (0) Howl->Full 0 (0) Inline->AoC 23 (0) AoC->BitMap 7 (0) BitMap->Full 0 (0) 
[2025-10-15T05:07:57.112-0700][1246 ][debug][gc,remset   ] GC(61) Coarsening (all): Inline->AoC 320088 (3) AoC->Howl 22879 (18) Howl->Full 0 (0) Inline->AoC 127036 (8) AoC->BitMap 27597 (32) BitMap->Full 0 (0) 
[2025-10-15T05:07:57.112-0700][1246 ][info ][gc,heap     ] GC(61) Eden regions: 3197->0(2774)
[2025-10-15T05:07:57.112-0700][1246 ][info ][gc,heap     ] GC(61) Survivor regions: 259->245(432)
[2025-10-15T05:07:57.112-0700][1246 ][info ][gc,heap     ] GC(61) Old regions: 577->590
[2025-10-15T05:07:57.112-0700][1246 ][info ][gc,heap     ] GC(61) Humongous regions: 17->0
[2025-10-15T05:07:57.112-0700][1246 ][info ][gc,metaspace] GC(61) Metaspace: 305782K(310592K)->305782K(310592K) NonClass: 269534K(272128K)->269534K(272128K) Class: 36247K(38464K)->36247K(38464K)
[2025-10-15T05:07:57.112-0700][1246 ][info ][gc          ] GC(61) Pause Young (Normal) (G1 Evacuation Pause) 129572M->26700M(184320M) 200.568ms
[2025-10-15T05:07:57.113-0700][1246 ][info ][gc,cpu      ] GC(61) User=16.87s Sys=0.17s Real=0.20s
[2025-10-15T05:07:57.114-0700][1246 ][info ][safepoint   ] Safepoint "G1CollectForAllocation", Time since last: 8407870 ns, Reaching safepoint: 712463 ns, Cleanup: 4557 ns, At safepoint: 203912058 ns, Total: 204629078 ns
[2025-10-15T05:07:58.116-0700][1246 ][info ][safepoint   ] Safepoint "Cleanup", Time since last: 1000083497 ns, Reaching safepoint: 805252 ns, Cleanup: 45609 ns, At safepoint: 284318 ns, Total: 1135179 ns
[2025-10-15T05:07:59.368-0700][1246 ][info ][safepoint   ] Safepoint "Cleanup", Time since last: 1250595122 ns, Reaching safepoint: 1542172 ns, Cleanup: 90226 ns, At safepoint: 488435 ns, Total: 2120833 ns
[2025-10-15T05:08:00.373-0700][1246 ][info ][safepoint   ] Safepoint "Cleanup", Time since last: 1000133612 ns, Reaching safepoint: 3903187 ns, Cleanup: 42935 ns, At safepoint: 250537 ns, Total: 4196659 ns
[2025-10-15T05:08:01.566-0700][1246 ][info ][safepoint   ] Safepoint "Cleanup", Time since last: 1191681102 ns, Reaching safepoint: 829900 ns, Cleanup: 71778 ns, At safepoint: 554285 ns, Total: 1455963 ns
[2025-10-15T05:08:02.567-0700][1246 ][info ][safepoint   ] Safepoint "Cleanup", Time since last: 1000113952 ns, Reaching safepoint: 774085 ns, Cleanup: 78589 ns, At safepoint: 330117 ns, Total: 1182791 ns
[2025-10-15T05:08:03.569-0700][1246 ][info ][safepoint   ] Safepoint "Cleanup", Time since last: 1000111819 ns, Reaching safepoint: 844551 ns, Cleanup: 35263 ns, At safepoint: 531381 ns, Total: 1411195 ns
[2025-10-15T05:08:04.570-0700][1246 ][info ][safepoint   ] Safepoint "Cleanup", Time since last: 1000113671 ns, Reaching safepoint: 821107 ns, Cleanup: 48843 ns, At safepoint: 642598 ns, Total: 1512548 ns
[2025-10-15T05:08:05.572-0700][1246 ][info ][safepoint   ] Safepoint "Cleanup", Time since last: 1000111028 ns, Reaching safepoint: 804651 ns, Cleanup: 16705 ns, At safepoint: 588607 ns, Total: 1409963 ns
[2025-10-15T05:08:06.573-0700][1246 ][info ][safepoint   ] Safepoint "Cleanup", Time since last: 1000105990 ns, Reaching safepoint: 809899 ns, Cleanup: 35163 ns, At safepoint: 654996 ns, Total: 1500058 ns
[2025-10-15T05:08:07.575-0700][1246 ][info ][safepoint   ] Safepoint "Cleanup", Time since last: 1000109906 ns, Reaching safepoint: 792594 ns, Cleanup: 57166 ns, At safepoint: 522537 ns, Total: 1372297 ns
[2025-10-15T05:08:08.268-0700][1246 ][info ][gc,start    ] GC(62) Pause Young (Normal) (G1 Evacuation Pause)
[2025-10-15T05:08:08.268-0700][1246 ][info ][gc,task     ] GC(62) Using 113 workers of 113 for evacuation
[2025-10-15T05:08:08.282-0700][1246 ][debug][gc,remset   ] GC(62) Visited cards 8651520 Total dirty 38010880 (22.76%) Total old 454098944 (1.91%)
[2025-10-15T05:08:08.461-0700][1246 ][info ][gc,phases   ] GC(62)   Pre Evacuate Collection Set: 0.8ms
[2025-10-15T05:08:08.461-0700][1246 ][info ][gc,phases   ] GC(62)   Merge Heap Roots: 12.8ms
[2025-10-15T05:08:08.461-0700][1246 ][info ][gc,phases   ] GC(62)   Evacuate Collection Set: 165.6ms
[2025-10-15T05:08:08.461-0700][1246 ][info ][gc,phases   ] GC(62)   Post Evacuate Collection Set: 13.9ms
[2025-10-15T05:08:08.461-0700][1246 ][info ][gc,phases   ] GC(62)   Other: 0.2ms
[2025-10-15T05:08:08.461-0700][1246 ][debug][gc,remset   ] GC(62) Coarsening (recent): Inline->AoC 19987 (0) AoC->Howl 54 (0) Howl->Full 0 (0) Inline->AoC 264 (0) AoC->BitMap 29 (0) BitMap->Full 0 (0) 
[2025-10-15T05:08:08.461-0700][1246 ][debug][gc,remset   ] GC(62) Coarsening (all): Inline->AoC 340075 (3) AoC->Howl 22933 (18) Howl->Full 0 (0) Inline->AoC 127300 (8) AoC->BitMap 27626 (32) BitMap->Full 0 (0) 
[2025-10-15T05:08:08.461-0700][1246 ][info ][gc,heap     ] GC(62) Eden regions: 2915->0(3220)
[2025-10-15T05:08:08.461-0700][1246 ][info ][gc,heap     ] GC(62) Survivor regions: 245->236(395)
[2025-10-15T05:08:08.461-0700][1246 ][info ][gc,heap     ] GC(62) Old regions: 590->617
[2025-10-15T05:08:08.461-0700][1246 ][info ][gc,heap     ] GC(62) Humongous regions: 19->1
[2025-10-15T05:08:08.461-0700][1246 ][info ][gc,metaspace] GC(62) Metaspace: 306787K(311680K)->306787K(311680K) NonClass: 270455K(273088K)->270455K(273088K) Class: 36332K(38592K)->36332K(38592K)
[2025-10-15T05:08:08.461-0700][1246 ][info ][gc          ] GC(62) Pause Young (Normal) (G1 Evacuation Pause) 120588M->27293M(184320M) 193.466ms
[2025-10-15T05:08:08.462-0700][1246 ][info ][gc,cpu      ] GC(62) User=17.28s Sys=0.03s Real=0.20s
[2025-10-15T05:08:08.463-0700][1246 ][info ][safepoint   ] Safepoint "G1CollectForAllocation", Time since last: 680242138 ns, Reaching safepoint: 11426055 ns, Cleanup: 153240 ns, At safepoint: 196757426 ns, Total: 208336721 ns
[2025-10-15T05:08:09.465-0700][1246 ][info ][safepoint   ] Safepoint "Cleanup", Time since last: 1000113301 ns, Reaching safepoint: 954077 ns, Cleanup: 78007 ns, At safepoint: 515366 ns, Total: 1547450 ns
[2025-10-15T05:08:10.467-0700][1246 ][info ][safepoint   ] Safepoint "Cleanup", Time since last: 1000111298 ns, Reaching safepoint: 860897 ns, Cleanup: 75383 ns, At safepoint: 806184 ns, Total: 1742464 ns
[2025-10-15T05:08:11.472-0700][1246 ][info ][safepoint   ] Safepoint "Cleanup", Time since last: 1000108324 ns, Reaching safepoint: 3013417 ns, Cleanup: 54602 ns, At safepoint: 1714071 ns, Total: 4782090 ns
[2025-10-15T05:08:12.475-0700][1246 ][info ][safepoint   ] Safepoint "Cleanup", Time since last: 1000103777 ns, Reaching safepoint: 1328661 ns, Cleanup: 47020 ns, At safepoint: 1299848 ns, Total: 2675529 ns
[2025-10-15T05:08:13.477-0700][1246 ][info ][safepoint   ] Safepoint "Cleanup", Time since last: 1000105489 ns, Reaching safepoint: 942099 ns, Cleanup: 66750 ns, At safepoint: 1416533 ns, Total: 2425382 ns
[2025-10-15T05:08:14.479-0700][1246 ][info ][safepoint   ] Safepoint "Cleanup", Time since last: 1000131318 ns, Reaching safepoint: 846886 ns, Cleanup: 94342 ns, At safepoint: 1162981 ns, Total: 2104209 ns
[2025-10-15T05:08:15.482-0700][1246 ][info ][safepoint   ] Safepoint "Cleanup", Time since last: 1000151348 ns, Reaching safepoint: 1106386 ns, Cleanup: 56976 ns, At safepoint: 1647210 ns, Total: 2810572 ns
[2025-10-15T05:08:16.785-0700][1246 ][info ][safepoint   ] Safepoint "Cleanup", Time since last: 1295239845 ns, Reaching safepoint: 5339140 ns, Cleanup: 126781 ns, At safepoint: 1757846 ns, Total: 7223767 ns
[2025-10-15T05:08:17.788-0700][1246 ][info ][safepoint   ] Safepoint "Cleanup", Time since last: 1000108444 ns, Reaching safepoint: 1116091 ns, Cleanup: 37396 ns, At safepoint: 1695072 ns, Total: 2848559 ns
[2025-10-15T05:08:18.122-0700][1246 ][info ][safepoint   ] Safepoint "ICBufferFull", Time since last: 332747592 ns, Reaching safepoint: 860716 ns, Cleanup: 98769 ns, At safepoint: 299300 ns, Total: 1258785 ns
[2025-10-15T05:08:18.124-0700][1246 ][info ][safepoint   ] Safepoint "ICBufferFull", Time since last: 172941 ns, Reaching safepoint: 1226667 ns, Cleanup: 29805 ns, At safepoint: 470088 ns, Total: 1726560 ns
[2025-10-15T05:08:18.125-0700][1246 ][info ][safepoint   ] Safepoint "ICBufferFull", Time since last: 164828 ns, Reaching safepoint: 796479 ns, Cleanup: 3385 ns, At safepoint: 308895 ns, Total: 1108759 ns
[2025-10-15T05:08:18.126-0700][1246 ][info ][safepoint   ] Safepoint "ICBufferFull", Time since last: 88393 ns, Reaching safepoint: 599042 ns, Cleanup: 2444 ns, At safepoint: 289906 ns, Total: 891392 ns
[2025-10-15T05:08:18.127-0700][1246 ][info ][safepoint   ] Safepoint "ICBufferFull", Time since last: 136887 ns, Reaching safepoint: 613463 ns, Cleanup: 2564 ns, At safepoint: 304288 ns, Total: 920315 ns
[2025-10-15T05:08:18.128-0700][1246 ][info ][safepoint   ] Safepoint "ICBufferFull", Time since last: 159971 ns, Reaching safepoint: 607074 ns, Cleanup: 2744 ns, At safepoint: 241554 ns, Total: 851372 ns
[2025-10-15T05:08:18.129-0700][1246 ][info ][safepoint   ] Safepoint "ICBufferFull", Time since last: 78208 ns, Reaching safepoint: 507684 ns, Cleanup: 2524 ns, At safepoint: 190397 ns, Total: 700605 ns
[2025-10-15T05:08:18.130-0700][1246 ][info ][safepoint   ] Safepoint "ICBufferFull", Time since last: 130036 ns, Reaching safepoint: 936380 ns, Cleanup: 4126 ns, At safepoint: 488045 ns, Total: 1428551 ns
[2025-10-15T05:08:18.132-0700][1246 ][info ][safepoint   ] Safepoint "ICBufferFull", Time since last: 85729 ns, Reaching safepoint: 904161 ns, Cleanup: 3065 ns, At safepoint: 248194 ns, Total: 1155420 ns
[2025-10-15T05:08:18.132-0700][1246 ][info ][safepoint   ] Safepoint "ICBufferFull", Time since last: 97556 ns, Reaching safepoint: 582167 ns, Cleanup: 2464 ns, At safepoint: 190286 ns, Total: 774917 ns
[2025-10-15T05:08:18.133-0700][1246 ][info ][safepoint   ] Safepoint "ICBufferFull", Time since last: 71898 ns, Reaching safepoint: 515817 ns, Cleanup: 1733 ns, At safepoint: 199220 ns, Total: 716770 ns
[2025-10-15T05:08:18.134-0700][1246 ][info ][safepoint   ] Safepoint "ICBufferFull", Time since last: 96665 ns, Reaching safepoint: 518872 ns, Cleanup: 2594 ns, At safepoint: 155033 ns, Total: 676499 ns
[2025-10-15T05:08:18.135-0700][1246 ][info ][safepoint   ] Safepoint "ICBufferFull", Time since last: 48313 ns, Reaching safepoint: 684971 ns, Cleanup: 2814 ns, At safepoint: 298390 ns, Total: 986175 ns
[2025-10-15T05:08:18.136-0700][1246 ][info ][safepoint   ] Safepoint "ICBufferFull", Time since last: 102093 ns, Reaching safepoint: 431520 ns, Cleanup: 2324 ns, At safepoint: 202054 ns, Total: 635898 ns
[2025-10-15T05:08:18.136-0700][1246 ][info ][safepoint   ] Safepoint "ICBufferFull", Time since last: 80832 ns, Reaching safepoint: 402786 ns, Cleanup: 1843 ns, At safepoint: 151097 ns, Total: 555726 ns
[2025-10-15T05:08:18.137-0700][1246 ][info ][safepoint   ] Safepoint "ICBufferFull", Time since last: 56005 ns, Reaching safepoint: 391379 ns, Cleanup: 1793 ns, At safepoint: 158789 ns, Total: 551961 ns
[2025-10-15T05:08:18.138-0700][1246 ][info ][safepoint   ] Safepoint "ICBufferFull", Time since last: 42684 ns, Reaching safepoint: 419832 ns, Cleanup: 1242 ns, At safepoint: 169075 ns, Total: 590149 ns
[2025-10-15T05:08:18.138-0700][1246 ][info ][safepoint   ] Safepoint "ICBufferFull", Time since last: 37656 ns, Reaching safepoint: 421325 ns, Cleanup: 1202 ns, At safepoint: 195975 ns, Total: 618502 ns
[2025-10-15T05:08:18.482-0700][1246 ][info ][safepoint   ] Safepoint "ICBufferFull", Time since last: 340541447 ns, Reaching safepoint: 2631773 ns, Cleanup: 153160 ns, At safepoint: 779985 ns, Total: 3564918 ns
[2025-10-15T05:08:18.645-0700][1246 ][info ][gc,start    ] GC(63) Pause Young (Normal) (G1 Evacuation Pause)
[2025-10-15T05:08:18.645-0700][1246 ][info ][gc,task     ] GC(63) Using 113 workers of 113 for evacuation
[2025-10-15T05:08:18.659-0700][1246 ][debug][gc,remset   ] GC(63) Visited cards 8872448 Total dirty 39714816 (22.34%) Total old 494665728 (1.79%)
[2025-10-15T05:08:18.885-0700][1246 ][info ][gc,mmu      ] GC(63) MMU target violated: 201.0ms (200.0ms/201.0ms)
[2025-10-15T05:08:18.885-0700][1246 ][info ][gc,phases   ] GC(63)   Pre Evacuate Collection Set: 0.8ms
[2025-10-15T05:08:18.885-0700][1246 ][info ][gc,phases   ] GC(63)   Merge Heap Roots: 13.2ms
[2025-10-15T05:08:18.885-0700][1246 ][info ][gc,phases   ] GC(63)   Evacuate Collection Set: 211.9ms
[2025-10-15T05:08:18.885-0700][1246 ][info ][gc,phases   ] GC(63)   Post Evacuate Collection Set: 14.0ms
[2025-10-15T05:08:18.885-0700][1246 ][info ][gc,phases   ] GC(63)   Other: 0.2ms
[2025-10-15T05:08:18.885-0700][1246 ][debug][gc,remset   ] GC(63) Coarsening (recent): Inline->AoC 15144 (3) AoC->Howl 46 (6) Howl->Full 0 (0) Inline->AoC 152 (1) AoC->BitMap 26 (5) BitMap->Full 0 (0) 
[2025-10-15T05:08:18.885-0700][1246 ][debug][gc,remset   ] GC(63) Coarsening (all): Inline->AoC 355219 (6) AoC->Howl 22979 (24) Howl->Full 0 (0) Inline->AoC 127452 (9) AoC->BitMap 27652 (37) BitMap->Full 0 (0) 
[2025-10-15T05:08:18.885-0700][1246 ][info ][gc,heap     ] GC(63) Eden regions: 3220->0(1600)
[2025-10-15T05:08:18.885-0700][1246 ][info ][gc,heap     ] GC(63) Survivor regions: 236->303(432)
[2025-10-15T05:08:18.885-0700][1246 ][info ][gc,heap     ] GC(63) Old regions: 617->617
[2025-10-15T05:08:18.885-0700][1246 ][info ][gc,heap     ] GC(63) Humongous regions: 19->0
[2025-10-15T05:08:18.885-0700][1246 ][info ][gc,metaspace] GC(63) Metaspace: 307854K(312768K)->307854K(312768K) NonClass: 271470K(274112K)->271470K(274112K) Class: 36384K(38656K)->36384K(38656K)
[2025-10-15T05:08:18.885-0700][1246 ][info ][gc          ] GC(63) Pause Young (Normal) (G1 Evacuation Pause) 130909M->29408M(184320M) 240.199ms
[2025-10-15T05:08:18.886-0700][1246 ][info ][gc,cpu      ] GC(63) User=19.31s Sys=0.21s Real=0.24s
[2025-10-15T05:08:18.887-0700][1246 ][info ][safepoint   ] Safepoint "G1CollectForAllocation", Time since last: 159961190 ns, Reaching safepoint: 1066626 ns, Cleanup: 215694 ns, At safepoint: 243756274 ns, Total: 245038594 ns
[2025-10-15T05:08:19.889-0700][1246 ][info ][safepoint   ] Safepoint "Cleanup", Time since last: 1000095765 ns, Reaching safepoint: 994688 ns, Cleanup: 46039 ns, At safepoint: 597309 ns, Total: 1638036 ns
[2025-10-15T05:08:20.891-0700][1246 ][info ][safepoint   ] Safepoint "Cleanup", Time since last: 1000143817 ns, Reaching safepoint: 806675 ns, Cleanup: 24938 ns, At safepoint: 343347 ns, Total: 1174960 ns
[2025-10-15T05:08:21.892-0700][1246 ][info ][safepoint   ] Safepoint "Cleanup", Time since last: 1000132430 ns, Reaching safepoint: 843420 ns, Cleanup: 19389 ns, At safepoint: 602958 ns, Total: 1465767 ns
[2025-10-15T05:08:22.894-0700][1246 ][info ][safepoint   ] Safepoint "Cleanup", Time since last: 1000108413 ns, Reaching safepoint: 844652 ns, Cleanup: 29284 ns, At safepoint: 684211 ns, Total: 1558147 ns
[2025-10-15T05:08:23.896-0700][1246 ][info ][safepoint   ] Safepoint "Cleanup", Time since last: 1000115865 ns, Reaching safepoint: 822819 ns, Cleanup: 52549 ns, At safepoint: 869499 ns, Total: 1744867 ns
[2025-10-15T05:08:24.041-0700][1246 ][info ][gc,start    ] GC(64) Pause Young (Normal) (G1 Evacuation Pause)
[2025-10-15T05:08:24.041-0700][1246 ][info ][gc,task     ] GC(64) Using 113 workers of 113 for evacuation
[2025-10-15T05:08:24.053-0700][1246 ][debug][gc,remset   ] GC(64) Visited cards 8803072 Total dirty 39714816 (22.17%) Total old 338165760 (2.60%)
[2025-10-15T05:08:24.280-0700][1246 ][info ][gc,mmu      ] GC(64) MMU target violated: 201.0ms (200.0ms/201.0ms)
[2025-10-15T05:08:24.280-0700][1246 ][info ][gc,phases   ] GC(64)   Pre Evacuate Collection Set: 0.7ms
[2025-10-15T05:08:24.280-0700][1246 ][info ][gc,phases   ] GC(64)   Merge Heap Roots: 11.3ms
[2025-10-15T05:08:24.280-0700][1246 ][info ][gc,phases   ] GC(64)   Evacuate Collection Set: 216.0ms
[2025-10-15T05:08:24.280-0700][1246 ][info ][gc,phases   ] GC(64)   Post Evacuate Collection Set: 10.6ms
[2025-10-15T05:08:24.280-0700][1246 ][info ][gc,phases   ] GC(64)   Other: 0.2ms
[2025-10-15T05:08:24.280-0700][1246 ][debug][gc,remset   ] GC(64) Coarsening (recent): Inline->AoC 3855 (0) AoC->Howl 17 (0) Howl->Full 0 (0) Inline->AoC 66 (0) AoC->BitMap 10 (0) BitMap->Full 0 (0) 
[2025-10-15T05:08:24.280-0700][1246 ][debug][gc,remset   ] GC(64) Coarsening (all): Inline->AoC 359074 (6) AoC->Howl 22996 (24) Howl->Full 0 (0) Inline->AoC 127518 (9) AoC->BitMap 27662 (37) BitMap->Full 0 (0) 
[2025-10-15T05:08:24.280-0700][1246 ][info ][gc,heap     ] GC(64) Eden regions: 1967->0(3268)
[2025-10-15T05:08:24.280-0700][1246 ][info ][gc,heap     ] GC(64) Survivor regions: 303->188(284)
[2025-10-15T05:08:24.280-0700][1246 ][info ][gc,heap     ] GC(64) Old regions: 617->771
[2025-10-15T05:08:24.280-0700][1246 ][info ][gc,heap     ] GC(64) Humongous regions: 3->0
[2025-10-15T05:08:24.280-0700][1246 ][info ][gc,metaspace] GC(64) Metaspace: 308049K(313024K)->308049K(313024K) NonClass: 271656K(274304K)->271656K(274304K) Class: 36393K(38720K)->36393K(38720K)
[2025-10-15T05:08:24.280-0700][1246 ][info ][gc          ] GC(64) Pause Young (Normal) (G1 Evacuation Pause) 92448M->30683M(184320M) 239.021ms
[2025-10-15T05:08:24.281-0700][1246 ][info ][gc,cpu      ] GC(64) User=20.06s Sys=0.14s Real=0.24s
[2025-10-15T05:08:24.283-0700][1246 ][info ][safepoint   ] Safepoint "G1CollectForAllocation", Time since last: 143626604 ns, Reaching safepoint: 846315 ns, Cleanup: 53680 ns, At safepoint: 242465501 ns, Total: 243365496 ns
[2025-10-15T05:08:25.284-0700][1246 ][info ][safepoint   ] Safepoint "Cleanup", Time since last: 1000086390 ns, Reaching safepoint: 911453 ns, Cleanup: 76445 ns, At safepoint: 474114 ns, Total: 1462012 ns
[2025-10-15T05:08:26.286-0700][1246 ][info ][safepoint   ] Safepoint "Cleanup", Time since last: 1000130657 ns, Reaching safepoint: 972204 ns, Cleanup: 94612 ns, At safepoint: 705643 ns, Total: 1772459 ns
[2025-10-15T05:08:27.289-0700][1246 ][info ][safepoint   ] Safepoint "Cleanup", Time since last: 1000121403 ns, Reaching safepoint: 1075059 ns, Cleanup: 90056 ns, At safepoint: 1199295 ns, Total: 2364410 ns
[2025-10-15T05:08:28.291-0700][1246 ][info ][safepoint   ] Safepoint "Cleanup", Time since last: 1000118760 ns, Reaching safepoint: 1054788 ns, Cleanup: 201734 ns, At safepoint: 1042970 ns, Total: 2299492 ns
[2025-10-15T05:08:29.310-0700][1246 ][info ][safepoint   ] Safepoint "Cleanup", Time since last: 1000128124 ns, Reaching safepoint: 15562182 ns, Cleanup: 73691 ns, At safepoint: 2864904 ns, Total: 18500777 ns
[2025-10-15T05:08:30.174-0700][1246 ][info ][gc,start    ] GC(65) Pause Young (Normal) (G1 Evacuation Pause)
[2025-10-15T05:08:30.175-0700][1246 ][info ][gc,task     ] GC(65) Using 113 workers of 113 for evacuation
[2025-10-15T05:08:30.189-0700][1246 ][debug][gc,remset   ] GC(65) Visited cards 9278976 Total dirty 49020928 (18.93%) Total old 504889344 (1.84%)
[2025-10-15T05:08:30.370-0700][1246 ][info ][gc,phases   ] GC(65)   Pre Evacuate Collection Set: 0.8ms
[2025-10-15T05:08:30.370-0700][1246 ][info ][gc,phases   ] GC(65)   Merge Heap Roots: 13.1ms
[2025-10-15T05:08:30.370-0700][1246 ][info ][gc,phases   ] GC(65)   Evacuate Collection Set: 167.6ms
[2025-10-15T05:08:30.370-0700][1246 ][info ][gc,phases   ] GC(65)   Post Evacuate Collection Set: 13.4ms
[2025-10-15T05:08:30.370-0700][1246 ][info ][gc,phases   ] GC(65)   Other: 0.2ms
[2025-10-15T05:08:30.370-0700][1246 ][debug][gc,remset   ] GC(65) Coarsening (recent): Inline->AoC 9094 (0) AoC->Howl 30 (4) Howl->Full 0 (0) Inline->AoC 73 (1) AoC->BitMap 22 (2) BitMap->Full 0 (0) 
[2025-10-15T05:08:30.370-0700][1246 ][debug][gc,remset   ] GC(65) Coarsening (all): Inline->AoC 368168 (6) AoC->Howl 23026 (28) Howl->Full 0 (0) Inline->AoC 127591 (10) AoC->BitMap 27684 (39) BitMap->Full 0 (0) 
[2025-10-15T05:08:30.370-0700][1246 ][info ][gc,heap     ] GC(65) Eden regions: 3268->0(2955)
[2025-10-15T05:08:30.370-0700][1246 ][info ][gc,heap     ] GC(65) Survivor regions: 188->237(432)
[2025-10-15T05:08:30.370-0700][1246 ][info ][gc,heap     ] GC(65) Old regions: 771->771
[2025-10-15T05:08:30.370-0700][1246 ][info ][gc,heap     ] GC(65) Humongous regions: 21->0
[2025-10-15T05:08:30.370-0700][1246 ][info ][gc,metaspace] GC(65) Metaspace: 308420K(313344K)->308420K(313344K) NonClass: 272010K(274624K)->272010K(274624K) Class: 36409K(38720K)->36409K(38720K)
[2025-10-15T05:08:30.370-0700][1246 ][info ][gc          ] GC(65) Pause Young (Normal) (G1 Evacuation Pause) 135931M->32229M(184320M) 195.246ms
[2025-10-15T05:08:30.371-0700][1246 ][info ][gc,cpu      ] GC(65) User=15.64s Sys=0.10s Real=0.20s
[2025-10-15T05:08:30.372-0700][1246 ][info ][safepoint   ] Safepoint "G1CollectForAllocation", Time since last: 862285749 ns, Reaching safepoint: 1173216 ns, Cleanup: 213572 ns, At safepoint: 198733330 ns, Total: 200120118 ns
[2025-10-15T05:08:31.374-0700][1246 ][info ][safepoint   ] Safepoint "Cleanup", Time since last: 1000090177 ns, Reaching safepoint: 984993 ns, Cleanup: 79229 ns, At safepoint: 598972 ns, Total: 1663194 ns
[2025-10-15T05:08:32.375-0700][1246 ][info ][safepoint   ] Safepoint "Cleanup", Time since last: 1000112801 ns, Reaching safepoint: 820725 ns, Cleanup: 37978 ns, At safepoint: 546042 ns, Total: 1404745 ns
[2025-10-15T05:08:34.377-0700][1246 ][info ][safepoint   ] Safepoint "Cleanup", Time since last: 2000169676 ns, Reaching safepoint: 830451 ns, Cleanup: 60000 ns, At safepoint: 403918 ns, Total: 1294369 ns
[2025-10-15T05:08:35.378-0700][1246 ][info ][safepoint   ] Safepoint "Cleanup", Time since last: 1000106201 ns, Reaching safepoint: 850610 ns, Cleanup: 26771 ns, At safepoint: 428375 ns, Total: 1305756 ns
[2025-10-15T05:08:36.381-0700][1246 ][info ][safepoint   ] Safepoint "Cleanup", Time since last: 1000092309 ns, Reaching safepoint: 1000597 ns, Cleanup: 127362 ns, At safepoint: 1589824 ns, Total: 2717783 ns
[2025-10-15T05:08:37.383-0700][1246 ][info ][safepoint   ] Safepoint "Cleanup", Time since last: 1000122475 ns, Reaching safepoint: 768857 ns, Cleanup: 45188 ns, At safepoint: 645082 ns, Total: 1459127 ns
[2025-10-15T05:08:38.384-0700][1246 ][info ][safepoint   ] Safepoint "Cleanup", Time since last: 1000106440 ns, Reaching safepoint: 807076 ns, Cleanup: 10115 ns, At safepoint: 920516 ns, Total: 1737707 ns
[2025-10-15T05:08:39.386-0700][1246 ][info ][safepoint   ] Safepoint "Cleanup", Time since last: 1000125770 ns, Reaching safepoint: 819424 ns, Cleanup: 13450 ns, At safepoint: 997732 ns, Total: 1830606 ns
[2025-10-15T05:08:39.426-0700][1246 ][info ][gc,start    ] GC(66) Pause Young (Normal) (G1 Evacuation Pause)
[2025-10-15T05:08:39.426-0700][1246 ][info ][gc,task     ] GC(66) Using 113 workers of 113 for evacuation
[2025-10-15T05:08:39.441-0700][1246 ][debug][gc,remset   ] GC(66) Visited cards 9315840 Total dirty 49152000 (18.95%) Total old 499515392 (1.86%)
[2025-10-15T05:08:39.632-0700][1246 ][info ][gc,mmu      ] GC(66) MMU target violated: 201.0ms (200.0ms/201.0ms)
[2025-10-15T05:08:39.632-0700][1246 ][info ][gc,phases   ] GC(66)   Pre Evacuate Collection Set: 0.9ms
[2025-10-15T05:08:39.632-0700][1246 ][info ][gc,phases   ] GC(66)   Merge Heap Roots: 13.7ms
[2025-10-15T05:08:39.632-0700][1246 ][info ][gc,phases   ] GC(66)   Evacuate Collection Set: 177.3ms
[2025-10-15T05:08:39.632-0700][1246 ][info ][gc,phases   ] GC(66)   Post Evacuate Collection Set: 13.6ms
[2025-10-15T05:08:39.632-0700][1246 ][info ][gc,phases   ] GC(66)   Other: 0.2ms
[2025-10-15T05:08:39.632-0700][1246 ][debug][gc,remset   ] GC(66) Coarsening (recent): Inline->AoC 10114 (0) AoC->Howl 16 (0) Howl->Full 0 (0) Inline->AoC 97 (0) AoC->BitMap 13 (0) BitMap->Full 0 (0) 
[2025-10-15T05:08:39.632-0700][1246 ][debug][gc,remset   ] GC(66) Coarsening (all): Inline->AoC 378282 (6) AoC->Howl 23042 (28) Howl->Full 0 (0) Inline->AoC 127688 (10) AoC->BitMap 27697 (39) BitMap->Full 0 (0) 
[2025-10-15T05:08:39.632-0700][1246 ][info ][gc,heap     ] GC(66) Eden regions: 3185->0(3231)
[2025-10-15T05:08:39.632-0700][1246 ][info ][gc,heap     ] GC(66) Survivor regions: 237->225(428)
[2025-10-15T05:08:39.632-0700][1246 ][info ][gc,heap     ] GC(66) Old regions: 771->815
[2025-10-15T05:08:39.632-0700][1246 ][info ][gc,heap     ] GC(66) Humongous regions: 7->0
[2025-10-15T05:08:39.632-0700][1246 ][info ][gc,metaspace] GC(66) Metaspace: 308533K(313472K)->308533K(313472K) NonClass: 272110K(274752K)->272110K(274752K) Class: 36422K(38720K)->36422K(38720K)
[2025-10-15T05:08:39.632-0700][1246 ][info ][gc          ] GC(66) Pause Young (Normal) (G1 Evacuation Pause) 134373M->33241M(184320M) 205.886ms
[2025-10-15T05:08:39.633-0700][1246 ][info ][gc,cpu      ] GC(66) User=17.42s Sys=0.18s Real=0.21s
[2025-10-15T05:08:39.635-0700][1246 ][info ][safepoint   ] Safepoint "G1CollectForAllocation", Time since last: 38034540 ns, Reaching safepoint: 925304 ns, Cleanup: 12358 ns, At safepoint: 209314474 ns, Total: 210252136 ns
[2025-10-15T05:08:40.636-0700][1246 ][info ][safepoint   ] Safepoint "Cleanup", Time since last: 1000092089 ns, Reaching safepoint: 908948 ns, Cleanup: 43626 ns, At safepoint: 277748 ns, Total: 1230322 ns
[2025-10-15T05:08:41.637-0700][1246 ][info ][safepoint   ] Safepoint "Cleanup", Time since last: 1000106511 ns, Reaching safepoint: 816800 ns, Cleanup: 20601 ns, At safepoint: 433182 ns, Total: 1270583 ns
[2025-10-15T05:08:42.639-0700][1246 ][info ][safepoint   ] Safepoint "Cleanup", Time since last: 1000104859 ns, Reaching safepoint: 862529 ns, Cleanup: 22013 ns, At safepoint: 817481 ns, Total: 1702023 ns
[2025-10-15T05:08:43.641-0700][1246 ][info ][safepoint   ] Safepoint "Cleanup", Time since last: 1000095254 ns, Reaching safepoint: 802238 ns, Cleanup: 12048 ns, At safepoint: 596067 ns, Total: 1410353 ns
[2025-10-15T05:08:44.642-0700][1246 ][info ][safepoint   ] Safepoint "Cleanup", Time since last: 1000104939 ns, Reaching safepoint: 845904 ns, Cleanup: 17866 ns, At safepoint: 765954 ns, Total: 1629724 ns
[2025-10-15T05:08:45.644-0700][1246 ][info ][safepoint   ] Safepoint "Cleanup", Time since last: 1000103927 ns, Reaching safepoint: 821236 ns, Cleanup: 9785 ns, At safepoint: 927046 ns, Total: 1758067 ns
[2025-10-15T05:08:46.647-0700][1246 ][info ][safepoint   ] Safepoint "Cleanup", Time since last: 1000087142 ns, Reaching safepoint: 961407 ns, Cleanup: 38819 ns, At safepoint: 1829314 ns, Total: 2829540 ns
[2025-10-15T05:08:47.649-0700][1246 ][info ][safepoint   ] Safepoint "Cleanup", Time since last: 1000070277 ns, Reaching safepoint: 864481 ns, Cleanup: 15724 ns, At safepoint: 1302782 ns, Total: 2182987 ns
[2025-10-15T05:08:48.652-0700][1246 ][info ][safepoint   ] Safepoint "Cleanup", Time since last: 1000137347 ns, Reaching safepoint: 909820 ns, Cleanup: 10376 ns, At safepoint: 1193326 ns, Total: 2113522 ns
[2025-10-15T05:08:49.658-0700][1246 ][info ][safepoint   ] Safepoint "Cleanup", Time since last: 1000109246 ns, Reaching safepoint: 4005821 ns, Cleanup: 10586 ns, At safepoint: 1895985 ns, Total: 5912392 ns
[2025-10-15T05:08:50.433-0700][1246 ][info ][gc,start    ] GC(67) Pause Young (Normal) (G1 Evacuation Pause)
[2025-10-15T05:08:50.433-0700][1246 ][info ][gc,task     ] GC(67) Using 113 workers of 113 for evacuation
[2025-10-15T05:08:50.446-0700][1246 ][debug][gc,remset   ] GC(67) Visited cards 9405184 Total dirty 51314688 (18.33%) Total old 507183104 (1.85%)
[2025-10-15T05:08:50.630-0700][1246 ][info ][gc,phases   ] GC(67)   Pre Evacuate Collection Set: 0.7ms
[2025-10-15T05:08:50.630-0700][1246 ][info ][gc,phases   ] GC(67)   Merge Heap Roots: 13.0ms
[2025-10-15T05:08:50.630-0700][1246 ][info ][gc,phases   ] GC(67)   Evacuate Collection Set: 170.6ms
[2025-10-15T05:08:50.630-0700][1246 ][info ][gc,phases   ] GC(67)   Post Evacuate Collection Set: 13.0ms
[2025-10-15T05:08:50.630-0700][1246 ][info ][gc,phases   ] GC(67)   Other: 0.2ms
[2025-10-15T05:08:50.630-0700][1246 ][debug][gc,remset   ] GC(67) Coarsening (recent): Inline->AoC 20195 (0) AoC->Howl 90 (1) Howl->Full 0 (0) Inline->AoC 369 (0) AoC->BitMap 65 (0) BitMap->Full 0 (0) 
[2025-10-15T05:08:50.630-0700][1246 ][debug][gc,remset   ] GC(67) Coarsening (all): Inline->AoC 398477 (6) AoC->Howl 23132 (29) Howl->Full 0 (0) Inline->AoC 128057 (10) AoC->BitMap 27762 (39) BitMap->Full 0 (0) 
[2025-10-15T05:08:50.630-0700][1246 ][info ][gc,heap     ] GC(67) Eden regions: 3231->0(2278)
[2025-10-15T05:08:50.630-0700][1246 ][info ][gc,heap     ] GC(67) Survivor regions: 225->262(432)
[2025-10-15T05:08:50.630-0700][1246 ][info ][gc,heap     ] GC(67) Old regions: 815->815
[2025-10-15T05:08:50.630-0700][1246 ][info ][gc,heap     ] GC(67) Humongous regions: 12->0
[2025-10-15T05:08:50.630-0700][1246 ][info ][gc,metaspace] GC(67) Metaspace: 308751K(313728K)->308751K(313728K) NonClass: 272314K(274944K)->272314K(274944K) Class: 36436K(38784K)->36436K(38784K)
[2025-10-15T05:08:50.630-0700][1246 ][info ][gc          ] GC(67) Pause Young (Normal) (G1 Evacuation Pause) 137017M->34430M(184320M) 197.715ms
[2025-10-15T05:08:50.631-0700][1246 ][info ][gc,cpu      ] GC(67) User=17.27s Sys=0.12s Real=0.20s
[2025-10-15T05:08:50.633-0700][1246 ][info ][safepoint   ] Safepoint "G1CollectForAllocation", Time since last: 772962862 ns, Reaching safepoint: 792293 ns, Cleanup: 28522 ns, At safepoint: 201041276 ns, Total: 201862091 ns
[2025-10-15T05:08:51.634-0700][1246 ][info ][safepoint   ] Safepoint "Cleanup", Time since last: 1000091729 ns, Reaching safepoint: 886916 ns, Cleanup: 12749 ns, At safepoint: 276226 ns, Total: 1175891 ns
[2025-10-15T05:08:52.645-0700][1246 ][info ][safepoint   ] Safepoint "Cleanup", Time since last: 1000115975 ns, Reaching safepoint: 9212071 ns, Cleanup: 36725 ns, At safepoint: 1734272 ns, Total: 10983068 ns
[2025-10-15T05:08:53.646-0700][1246 ][info ][safepoint   ] Safepoint "Cleanup", Time since last: 1000106420 ns, Reaching safepoint: 816460 ns, Cleanup: 13169 ns, At safepoint: 562638 ns, Total: 1392267 ns
[2025-10-15T05:08:54.648-0700][1246 ][info ][safepoint   ] Safepoint "Cleanup", Time since last: 1000099089 ns, Reaching safepoint: 689469 ns, Cleanup: 18417 ns, At safepoint: 597280 ns, Total: 1305166 ns
[2025-10-15T05:08:55.650-0700][1246 ][info ][safepoint   ] Safepoint "Cleanup", Time since last: 1000101042 ns, Reaching safepoint: 820386 ns, Cleanup: 36845 ns, At safepoint: 1241029 ns, Total: 2098260 ns
[2025-10-15T05:08:56.653-0700][1246 ][info ][safepoint   ] Safepoint "Cleanup", Time since last: 1000108023 ns, Reaching safepoint: 893515 ns, Cleanup: 13280 ns, At safepoint: 1855114 ns, Total: 2761909 ns
[2025-10-15T05:08:57.655-0700][1246 ][info ][safepoint   ] Safepoint "Cleanup", Time since last: 1000113391 ns, Reaching safepoint: 847827 ns, Cleanup: 16855 ns, At safepoint: 1058263 ns, Total: 1922945 ns
[2025-10-15T05:08:58.345-0700][1246 ][info ][gc,start    ] GC(68) Pause Young (Concurrent Start) (CodeCache GC Threshold)
[2025-10-15T05:08:58.345-0700][1246 ][info ][gc,task     ] GC(68) Using 113 workers of 113 for evacuation
[2025-10-15T05:08:58.358-0700][1246 ][debug][gc,remset   ] GC(68) Visited cards 9379072 Total dirty 51314688 (18.28%) Total old 331612160 (2.83%)
[2025-10-15T05:08:58.522-0700][1246 ][info ][gc,phases   ] GC(68)   Pre Evacuate Collection Set: 1.0ms
[2025-10-15T05:08:58.522-0700][1246 ][info ][gc,phases   ] GC(68)   Merge Heap Roots: 12.9ms
[2025-10-15T05:08:58.522-0700][1246 ][info ][gc,phases   ] GC(68)   Evacuate Collection Set: 151.8ms
[2025-10-15T05:08:58.522-0700][1246 ][info ][gc,phases   ] GC(68)   Post Evacuate Collection Set: 11.5ms
[2025-10-15T05:08:58.522-0700][1246 ][info ][gc,phases   ] GC(68)   Other: 0.2ms
[2025-10-15T05:08:58.522-0700][1246 ][debug][gc,remset   ] GC(68) Coarsening (recent): Inline->AoC 22 (0) AoC->Howl 0 (0) Howl->Full 0 (0) Inline->AoC 0 (0) AoC->BitMap 0 (0) BitMap->Full 0 (0) 
[2025-10-15T05:08:58.522-0700][1246 ][debug][gc,remset   ] GC(68) Coarsening (all): Inline->AoC 398499 (6) AoC->Howl 23132 (29) Howl->Full 0 (0) Inline->AoC 128057 (10) AoC->BitMap 27762 (39) BitMap->Full 0 (0) 
[2025-10-15T05:08:58.522-0700][1246 ][info ][gc,heap     ] GC(68) Eden regions: 1858->0(3271)
[2025-10-15T05:08:58.522-0700][1246 ][info ][gc,heap     ] GC(68) Survivor regions: 262->185(361)
[2025-10-15T05:08:58.522-0700][1246 ][info ][gc,heap     ] GC(68) Old regions: 815->893
[2025-10-15T05:08:58.522-0700][1246 ][info ][gc,heap     ] GC(68) Humongous regions: 5->0
[2025-10-15T05:08:58.522-0700][1246 ][info ][gc,metaspace] GC(68) Metaspace: 308848K(313856K)->308848K(313856K) NonClass: 272405K(275072K)->272405K(275072K) Class: 36443K(38784K)->36443K(38784K)
[2025-10-15T05:08:58.522-0700][1246 ][info ][gc          ] GC(68) Pause Young (Concurrent Start) (CodeCache GC Threshold) 94016M->34461M(184320M) 177.443ms
[2025-10-15T05:08:58.522-0700][1085 ][info ][gc          ] GC(69) Concurrent Mark Cycle
[2025-10-15T05:08:58.522-0700][1085 ][info ][gc,marking  ] GC(69) Concurrent Scan Root Regions
[2025-10-15T05:08:58.524-0700][1246 ][info ][gc,cpu      ] GC(68) User=16.13s Sys=0.06s Real=0.18s
[2025-10-15T05:08:58.525-0700][1246 ][info ][safepoint   ] Safepoint "G1TryInitiateConcMark", Time since last: 680510523 ns, Reaching safepoint: 8041588 ns, Cleanup: 5879 ns, At safepoint: 181541314 ns, Total: 189588781 ns
[2025-10-15T05:08:58.604-0700][1085 ][info ][gc,marking  ] GC(69) Concurrent Scan Root Regions 81.321ms
[2025-10-15T05:08:58.604-0700][1085 ][info ][gc,marking  ] GC(69) Concurrent Mark
[2025-10-15T05:08:58.604-0700][1085 ][info ][gc,marking  ] GC(69) Concurrent Mark From Roots
[2025-10-15T05:08:58.604-0700][1085 ][info ][gc,task     ] GC(69) Using 36 workers of 36 for marking
[2025-10-15T05:08:58.783-0700][1085 ][info ][gc,marking  ] GC(69) Concurrent Mark From Roots 179.285ms
[2025-10-15T05:08:58.783-0700][1085 ][info ][gc,marking  ] GC(69) Concurrent Preclean
[2025-10-15T05:08:58.796-0700][1085 ][info ][gc,marking  ] GC(69) Concurrent Preclean 13.342ms
[2025-10-15T05:08:58.798-0700][1246 ][info ][gc,start    ] GC(69) Pause Remark
[2025-10-15T05:08:59.493-0700][1246 ][info ][gc,mmu      ] GC(69) MMU target violated: 201.0ms (200.0ms/201.0ms)
[2025-10-15T05:08:59.493-0700][1246 ][info ][gc          ] GC(69) Pause Remark 37758M->37534M(184320M) 694.788ms
[2025-10-15T05:08:59.494-0700][1246 ][info ][gc,cpu      ] GC(69) User=13.40s Sys=0.00s Real=0.69s
[2025-10-15T05:08:59.496-0700][1246 ][info ][safepoint   ] Safepoint "G1PauseRemark", Time since last: 271475241 ns, Reaching safepoint: 830641 ns, Cleanup: 10186 ns, At safepoint: 698518066 ns, Total: 699358893 ns
[2025-10-15T05:08:59.499-0700][1085 ][info ][gc,marking  ] GC(69) Concurrent Mark 895.112ms
[2025-10-15T05:08:59.499-0700][1085 ][info ][gc,marking  ] GC(69) Concurrent Rebuild Remembered Sets and Scrub Regions
[2025-10-15T05:08:59.836-0700][1085 ][info ][gc,marking  ] GC(69) Concurrent Rebuild Remembered Sets and Scrub Regions 336.974ms
[2025-10-15T05:08:59.838-0700][1246 ][info ][gc,start    ] GC(69) Pause Cleanup
[2025-10-15T05:08:59.840-0700][1246 ][info ][gc          ] GC(69) Pause Cleanup 40896M->40896M(184320M) 2.013ms
[2025-10-15T05:08:59.841-0700][1246 ][info ][gc,cpu      ] GC(69) User=0.02s Sys=0.00s Real=0.01s
[2025-10-15T05:08:59.841-0700][1246 ][info ][safepoint   ] Safepoint "G1PauseCleanup", Time since last: 340082076 ns, Reaching safepoint: 712603 ns, Cleanup: 301243 ns, At safepoint: 4168768 ns, Total: 5182614 ns
[2025-10-15T05:08:59.841-0700][1085 ][info ][gc,marking  ] GC(69) Concurrent Clear Claimed Marks
[2025-10-15T05:08:59.842-0700][1085 ][info ][gc,marking  ] GC(69) Concurrent Clear Claimed Marks 0.796ms
[2025-10-15T05:08:59.842-0700][1085 ][info ][gc,marking  ] GC(69) Concurrent Cleanup for Next Mark
[2025-10-15T05:08:59.867-0700][1085 ][info ][gc,marking  ] GC(69) Concurrent Cleanup for Next Mark 24.837ms
[2025-10-15T05:08:59.867-0700][1085 ][info ][gc          ] GC(69) Concurrent Mark Cycle 1344.514ms
[2025-10-15T05:09:01.588-0700][1246 ][info ][safepoint   ] Safepoint "Cleanup", Time since last: 1746226684 ns, Reaching safepoint: 697190 ns, Cleanup: 19579 ns, At safepoint: 111208 ns, Total: 827977 ns
[2025-10-15T05:09:02.589-0700][1246 ][info ][safepoint   ] Safepoint "Cleanup", Time since last: 1000112049 ns, Reaching safepoint: 674936 ns, Cleanup: 11047 ns, At safepoint: 109895 ns, Total: 795878 ns
[2025-10-15T05:09:03.590-0700][1246 ][info ][safepoint   ] Safepoint "Cleanup", Time since last: 1000100923 ns, Reaching safepoint: 848027 ns, Cleanup: 11747 ns, At safepoint: 182225 ns, Total: 1041999 ns
[2025-10-15T05:09:04.607-0700][1246 ][info ][safepoint   ] Safepoint "Cleanup", Time since last: 1000139951 ns, Reaching safepoint: 14408756 ns, Cleanup: 36785 ns, At safepoint: 1871448 ns, Total: 16316989 ns
[2025-10-15T05:09:06.609-0700][1246 ][info ][safepoint   ] Safepoint "Cleanup", Time since last: 2000168545 ns, Reaching safepoint: 890791 ns, Cleanup: 20762 ns, At safepoint: 978523 ns, Total: 1890076 ns
[2025-10-15T05:09:07.902-0700][1246 ][info ][safepoint   ] Safepoint "Cleanup", Time since last: 1292299337 ns, Reaching safepoint: 744001 ns, Cleanup: 27942 ns, At safepoint: 176966 ns, Total: 948909 ns
[2025-10-15T05:09:08.903-0700][1246 ][info ][safepoint   ] Safepoint "Cleanup", Time since last: 1000106611 ns, Reaching safepoint: 825553 ns, Cleanup: 40912 ns, At safepoint: 200612 ns, Total: 1067077 ns
[2025-10-15T05:09:09.904-0700][1246 ][info ][safepoint   ] Safepoint "Cleanup", Time since last: 1000107733 ns, Reaching safepoint: 881317 ns, Cleanup: 19149 ns, At safepoint: 311759 ns, Total: 1212225 ns
[2025-10-15T05:09:10.906-0700][1246 ][info ][safepoint   ] Safepoint "Cleanup", Time since last: 1000114834 ns, Reaching safepoint: 1032354 ns, Cleanup: 27882 ns, At safepoint: 501826 ns, Total: 1562062 ns
[2025-10-15T05:09:11.907-0700][1246 ][info ][safepoint   ] Safepoint "Cleanup", Time since last: 1000104307 ns, Reaching safepoint: 799704 ns, Cleanup: 45569 ns, At safepoint: 214233 ns, Total: 1059506 ns
[2025-10-15T05:09:12.908-0700][1246 ][info ][safepoint   ] Safepoint "Cleanup", Time since last: 1000098318 ns, Reaching safepoint: 789128 ns, Cleanup: 29765 ns, At safepoint: 201894 ns, Total: 1020787 ns
[2025-10-15T05:09:13.599-0700][1246 ][info ][gc,start    ] GC(70) Pause Young (Prepare Mixed) (G1 Evacuation Pause)
[2025-10-15T05:09:13.599-0700][1246 ][info ][gc,task     ] GC(70) Using 113 workers of 113 for evacuation
[2025-10-15T05:09:13.613-0700][1246 ][debug][gc,remset   ] GC(70) Visited cards 10017024 Total dirty 56164352 (17.84%) Total old 511705088 (1.96%)
[2025-10-15T05:09:13.771-0700][1246 ][info ][gc,phases   ] GC(70)   Pre Evacuate Collection Set: 0.7ms
[2025-10-15T05:09:13.771-0700][1246 ][info ][gc,phases   ] GC(70)   Merge Heap Roots: 13.4ms
[2025-10-15T05:09:13.771-0700][1246 ][info ][gc,phases   ] GC(70)   Evacuate Collection Set: 141.5ms
[2025-10-15T05:09:13.771-0700][1246 ][info ][gc,phases   ] GC(70)   Post Evacuate Collection Set: 15.7ms
[2025-10-15T05:09:13.771-0700][1246 ][info ][gc,phases   ] GC(70)   Other: 0.2ms
[2025-10-15T05:09:13.771-0700][1246 ][debug][gc,remset   ] GC(70) Coarsening (recent): Inline->AoC 145538 (0) AoC->Howl 7706 (0) Howl->Full 0 (0) Inline->AoC 35332 (0) AoC->BitMap 9056 (0) BitMap->Full 0 (0) 
[2025-10-15T05:09:13.771-0700][1246 ][debug][gc,remset   ] GC(70) Coarsening (all): Inline->AoC 544037 (6) AoC->Howl 30838 (29) Howl->Full 0 (0) Inline->AoC 163389 (10) AoC->BitMap 36818 (39) BitMap->Full 0 (0) 
[2025-10-15T05:09:13.771-0700][1246 ][info ][gc,heap     ] GC(70) Eden regions: 3271->0(3241)
[2025-10-15T05:09:13.771-0700][1246 ][info ][gc,heap     ] GC(70) Survivor regions: 185->215(432)
[2025-10-15T05:09:13.771-0700][1246 ][info ][gc,heap     ] GC(70) Old regions: 886->886
[2025-10-15T05:09:13.771-0700][1246 ][info ][gc,heap     ] GC(70) Humongous regions: 10->0
[2025-10-15T05:09:13.771-0700][1246 ][info ][gc,metaspace] GC(70) Metaspace: 309174K(314176K)->309174K(314176K) NonClass: 272714K(275392K)->272714K(275392K) Class: 36460K(38784K)->36460K(38784K)
[2025-10-15T05:09:13.771-0700][1246 ][info ][gc          ] GC(70) Pause Young (Prepare Mixed) (G1 Evacuation Pause) 139229M->35203M(184320M) 171.680ms
[2025-10-15T05:09:13.772-0700][1246 ][info ][gc,cpu      ] GC(70) User=14.80s Sys=0.27s Real=0.17s
[2025-10-15T05:09:13.773-0700][1246 ][info ][safepoint   ] Safepoint "G1CollectForAllocation", Time since last: 688706904 ns, Reaching safepoint: 858653 ns, Cleanup: 47421 ns, At safepoint: 175109390 ns, Total: 176015464 ns
[2025-10-15T05:09:14.774-0700][1246 ][info ][safepoint   ] Safepoint "Cleanup", Time since last: 1000081573 ns, Reaching safepoint: 685031 ns, Cleanup: 53010 ns, At safepoint: 80942 ns, Total: 818983 ns
[2025-10-15T05:09:15.775-0700][1246 ][info ][safepoint   ] Safepoint "Cleanup", Time since last: 1000099120 ns, Reaching safepoint: 805463 ns, Cleanup: 64657 ns, At safepoint: 191559 ns, Total: 1061679 ns
[2025-10-15T05:09:16.777-0700][1246 ][info ][safepoint   ] Safepoint "Cleanup", Time since last: 1000114943 ns, Reaching safepoint: 815218 ns, Cleanup: 45128 ns, At safepoint: 358059 ns, Total: 1218405 ns
[2025-10-15T05:09:17.778-0700][1246 ][info ][safepoint   ] Safepoint "Cleanup", Time since last: 1000099610 ns, Reaching safepoint: 821157 ns, Cleanup: 20751 ns, At safepoint: 417509 ns, Total: 1259417 ns
[2025-10-15T05:09:18.789-0700][1246 ][info ][safepoint   ] Safepoint "Cleanup", Time since last: 1000103947 ns, Reaching safepoint: 8194829 ns, Cleanup: 69995 ns, At safepoint: 2544542 ns, Total: 10809366 ns
[2025-10-15T05:09:19.791-0700][1246 ][info ][safepoint   ] Safepoint "Cleanup", Time since last: 1000107292 ns, Reaching safepoint: 733645 ns, Cleanup: 38237 ns, At safepoint: 1153417 ns, Total: 1925299 ns
[2025-10-15T05:09:20.793-0700][1246 ][info ][safepoint   ] Safepoint "Cleanup", Time since last: 1000107883 ns, Reaching safepoint: 859134 ns, Cleanup: 19940 ns, At safepoint: 1118344 ns, Total: 1997418 ns
[2025-10-15T05:09:21.795-0700][1246 ][info ][safepoint   ] Safepoint "Cleanup", Time since last: 1000111508 ns, Reaching safepoint: 827576 ns, Cleanup: 26720 ns, At safepoint: 842930 ns, Total: 1697226 ns
[2025-10-15T05:09:22.796-0700][1246 ][info ][safepoint   ] Safepoint "Cleanup", Time since last: 1000103015 ns, Reaching safepoint: 649849 ns, Cleanup: 13180 ns, At safepoint: 828167 ns, Total: 1491196 ns
[2025-10-15T05:09:23.798-0700][1246 ][info ][safepoint   ] Safepoint "Cleanup", Time since last: 1000107832 ns, Reaching safepoint: 755278 ns, Cleanup: 22173 ns, At safepoint: 710660 ns, Total: 1488111 ns
[2025-10-15T05:09:24.801-0700][1246 ][info ][safepoint   ] Safepoint "Cleanup", Time since last: 1000113602 ns, Reaching safepoint: 950421 ns, Cleanup: 20761 ns, At safepoint: 1977968 ns, Total: 2949150 ns
[2025-10-15T05:09:25.803-0700][1246 ][info ][safepoint   ] Safepoint "Cleanup", Time since last: 1000125941 ns, Reaching safepoint: 1111343 ns, Cleanup: 18959 ns, At safepoint: 1051593 ns, Total: 2181895 ns
[2025-10-15T05:09:26.806-0700][1246 ][info ][safepoint   ] Safepoint "Cleanup", Time since last: 1000091999 ns, Reaching safepoint: 838643 ns, Cleanup: 51868 ns, At safepoint: 1247919 ns, Total: 2138430 ns
[2025-10-15T05:09:26.983-0700][1246 ][info ][gc,start    ] GC(71) Pause Young (Mixed) (G1 Evacuation Pause)
[2025-10-15T05:09:26.983-0700][1246 ][info ][gc,task     ] GC(71) Using 113 workers of 113 for evacuation
[2025-10-15T05:09:26.998-0700][1246 ][debug][gc,remset   ] GC(71) Visited cards 10027008 Total dirty 45416448 (22.08%) Total old 524156928 (1.91%)
[2025-10-15T05:09:27.210-0700][1246 ][info ][gc,mmu      ] GC(71) MMU target violated: 201.0ms (200.0ms/201.0ms)
[2025-10-15T05:09:27.210-0700][1246 ][info ][gc,phases   ] GC(71)   Pre Evacuate Collection Set: 0.8ms
[2025-10-15T05:09:27.210-0700][1246 ][info ][gc,phases   ] GC(71)   Merge Heap Roots: 14.0ms
[2025-10-15T05:09:27.210-0700][1246 ][info ][gc,phases   ] GC(71)   Evacuate Collection Set: 195.7ms
[2025-10-15T05:09:27.210-0700][1246 ][info ][gc,phases   ] GC(71)   Post Evacuate Collection Set: 16.3ms
[2025-10-15T05:09:27.210-0700][1246 ][info ][gc,phases   ] GC(71)   Other: 0.3ms
[2025-10-15T05:09:27.210-0700][1246 ][debug][gc,remset   ] GC(71) Coarsening (recent): Inline->AoC 38584 (3) AoC->Howl 102 (8) Howl->Full 0 (0) Inline->AoC 561 (1) AoC->BitMap 43 (4) BitMap->Full 0 (0) 
[2025-10-15T05:09:27.210-0700][1246 ][debug][gc,remset   ] GC(71) Coarsening (all): Inline->AoC 582621 (9) AoC->Howl 30940 (37) Howl->Full 0 (0) Inline->AoC 163950 (11) AoC->BitMap 36861 (43) BitMap->Full 0 (0) 
[2025-10-15T05:09:27.210-0700][1246 ][info ][gc,heap     ] GC(71) Eden regions: 3241->0(3177)
[2025-10-15T05:09:27.210-0700][1246 ][info ][gc,heap     ] GC(71) Survivor regions: 215->245(432)
[2025-10-15T05:09:27.210-0700][1246 ][info ][gc,heap     ] GC(71) Old regions: 886->703
[2025-10-15T05:09:27.210-0700][1246 ][info ][gc,heap     ] GC(71) Humongous regions: 10->0
[2025-10-15T05:09:27.210-0700][1246 ][info ][gc,metaspace] GC(71) Metaspace: 309596K(314624K)->309596K(314624K) NonClass: 273084K(275712K)->273084K(275712K) Class: 36512K(38912K)->36512K(38912K)
[2025-10-15T05:09:27.210-0700][1246 ][info ][gc          ] GC(71) Pause Young (Mixed) (G1 Evacuation Pause) 139235M->30310M(184320M) 227.337ms
[2025-10-15T05:09:27.211-0700][1246 ][info ][gc,cpu      ] GC(71) User=16.95s Sys=0.21s Real=0.23s
[2025-10-15T05:09:27.212-0700][1246 ][info ][safepoint   ] Safepoint "G1CollectForAllocation", Time since last: 174873464 ns, Reaching safepoint: 1144563 ns, Cleanup: 17837 ns, At safepoint: 230711322 ns, Total: 231873722 ns
[2025-10-15T05:09:28.214-0700][1246 ][info ][safepoint   ] Safepoint "Cleanup", Time since last: 1000082725 ns, Reaching safepoint: 812633 ns, Cleanup: 77277 ns, At safepoint: 265790 ns, Total: 1155700 ns
[2025-10-15T05:09:29.215-0700][1246 ][info ][safepoint   ] Safepoint "Cleanup", Time since last: 1000110978 ns, Reaching safepoint: 1348630 ns, Cleanup: 20741 ns, At safepoint: 136045 ns, Total: 1505416 ns
[2025-10-15T05:09:30.226-0700][1246 ][info ][safepoint   ] Safepoint "Cleanup", Time since last: 1000103487 ns, Reaching safepoint: 8145365 ns, Cleanup: 17256 ns, At safepoint: 2456649 ns, Total: 10619270 ns
[2025-10-15T05:09:32.227-0700][1246 ][info ][safepoint   ] Safepoint "Cleanup", Time since last: 2000165650 ns, Reaching safepoint: 683700 ns, Cleanup: 19048 ns, At safepoint: 313522 ns, Total: 1016270 ns
[2025-10-15T05:09:33.228-0700][1246 ][info ][safepoint   ] Safepoint "Cleanup", Time since last: 1000106722 ns, Reaching safepoint: 727835 ns, Cleanup: 17877 ns, At safepoint: 278830 ns, Total: 1024542 ns
[2025-10-15T05:09:34.230-0700][1246 ][info ][safepoint   ] Safepoint "Cleanup", Time since last: 1000124028 ns, Reaching safepoint: 829048 ns, Cleanup: 36234 ns, At safepoint: 684621 ns, Total: 1549903 ns
[2025-10-15T05:09:35.233-0700][1246 ][info ][safepoint   ] Safepoint "Cleanup", Time since last: 1000113912 ns, Reaching safepoint: 843450 ns, Cleanup: 28523 ns, At safepoint: 1707371 ns, Total: 2579344 ns
[2025-10-15T05:09:36.236-0700][1246 ][info ][safepoint   ] Safepoint "Cleanup", Time since last: 1000145920 ns, Reaching safepoint: 1921163 ns, Cleanup: 46680 ns, At safepoint: 1535362 ns, Total: 3503205 ns
[2025-10-15T05:09:37.239-0700][1246 ][info ][safepoint   ] Safepoint "Cleanup", Time since last: 1000172150 ns, Reaching safepoint: 1032044 ns, Cleanup: 29605 ns, At safepoint: 1759779 ns, Total: 2821428 ns
[2025-10-15T05:09:38.241-0700][1246 ][info ][safepoint   ] Safepoint "Cleanup", Time since last: 1000122025 ns, Reaching safepoint: 951292 ns, Cleanup: 17056 ns, At safepoint: 1105264 ns, Total: 2073612 ns
[2025-10-15T05:09:39.244-0700][1246 ][info ][safepoint   ] Safepoint "Cleanup", Time since last: 1000113732 ns, Reaching safepoint: 1046846 ns, Cleanup: 20000 ns, At safepoint: 1109180 ns, Total: 2176026 ns
[2025-10-15T05:09:39.429-0700][1246 ][info ][gc,start    ] GC(72) Pause Young (Mixed) (G1 Evacuation Pause)
[2025-10-15T05:09:39.429-0700][1246 ][info ][gc,task     ] GC(72) Using 113 workers of 113 for evacuation
[2025-10-15T05:09:39.443-0700][1246 ][debug][gc,remset   ] GC(72) Visited cards 9780224 Total dirty 44236800 (22.11%) Total old 500563968 (1.95%)
[2025-10-15T05:09:39.648-0700][1246 ][info ][gc,mmu      ] GC(72) MMU target violated: 201.0ms (200.0ms/201.0ms)
[2025-10-15T05:09:39.648-0700][1246 ][info ][gc,phases   ] GC(72)   Pre Evacuate Collection Set: 0.7ms
[2025-10-15T05:09:39.648-0700][1246 ][info ][gc,phases   ] GC(72)   Merge Heap Roots: 12.8ms
[2025-10-15T05:09:39.648-0700][1246 ][info ][gc,phases   ] GC(72)   Evacuate Collection Set: 188.9ms
[2025-10-15T05:09:39.648-0700][1246 ][info ][gc,phases   ] GC(72)   Post Evacuate Collection Set: 16.3ms
[2025-10-15T05:09:39.648-0700][1246 ][info ][gc,phases   ] GC(72)   Other: 0.2ms
[2025-10-15T05:09:39.648-0700][1246 ][debug][gc,remset   ] GC(72) Coarsening (recent): Inline->AoC 36539 (2) AoC->Howl 147 (3) Howl->Full 0 (0) Inline->AoC 718 (0) AoC->BitMap 105 (4) BitMap->Full 0 (0) 
[2025-10-15T05:09:39.648-0700][1246 ][debug][gc,remset   ] GC(72) Coarsening (all): Inline->AoC 619160 (11) AoC->Howl 31087 (40) Howl->Full 0 (0) Inline->AoC 164668 (11) AoC->BitMap 36966 (47) BitMap->Full 0 (0) 
[2025-10-15T05:09:39.648-0700][1246 ][info ][gc,heap     ] GC(72) Eden regions: 3190->0(1937)
[2025-10-15T05:09:39.648-0700][1246 ][info ][gc,heap     ] GC(72) Survivor regions: 245->259(430)
[2025-10-15T05:09:39.648-0700][1246 ][info ][gc,heap     ] GC(72) Old regions: 703->698
[2025-10-15T05:09:39.648-0700][1246 ][info ][gc,heap     ] GC(72) Humongous regions: 22->0
[2025-10-15T05:09:39.648-0700][1246 ][info ][gc,metaspace] GC(72) Metaspace: 309767K(314816K)->309767K(314816K) NonClass: 273242K(275904K)->273242K(275904K) Class: 36525K(38912K)->36525K(38912K)
[2025-10-15T05:09:39.648-0700][1246 ][info ][gc          ] GC(72) Pause Young (Mixed) (G1 Evacuation Pause) 133094M->30620M(184320M) 219.068ms
[2025-10-15T05:09:39.649-0700][1246 ][info ][gc,cpu      ] GC(72) User=19.70s Sys=0.29s Real=0.22s
[2025-10-15T05:09:39.650-0700][1246 ][info ][safepoint   ] Safepoint "G1CollectForAllocation", Time since last: 183707256 ns, Reaching safepoint: 765552 ns, Cleanup: 11608 ns, At safepoint: 222327047 ns, Total: 223104207 ns
[2025-10-15T05:09:40.651-0700][1246 ][info ][safepoint   ] Safepoint "Cleanup", Time since last: 1000083857 ns, Reaching safepoint: 694986 ns, Cleanup: 31678 ns, At safepoint: 118298 ns, Total: 844962 ns
[2025-10-15T05:09:41.674-0700][1246 ][info ][safepoint   ] Safepoint "Cleanup", Time since last: 1000096466 ns, Reaching safepoint: 20710835 ns, Cleanup: 14331 ns, At safepoint: 1623215 ns, Total: 22348381 ns
[2025-10-15T05:09:43.675-0700][1246 ][info ][safepoint   ] Safepoint "Cleanup", Time since last: 2000166201 ns, Reaching safepoint: 684090 ns, Cleanup: 14352 ns, At safepoint: 175584 ns, Total: 874026 ns
[2025-10-15T05:09:44.677-0700][1246 ][info ][safepoint   ] Safepoint "Cleanup", Time since last: 1000105850 ns, Reaching safepoint: 784191 ns, Cleanup: 14752 ns, At safepoint: 709438 ns, Total: 1508381 ns
[2025-10-15T05:09:45.679-0700][1246 ][info ][safepoint   ] Safepoint "Cleanup", Time since last: 1000107242 ns, Reaching safepoint: 875989 ns, Cleanup: 17567 ns, At safepoint: 1317614 ns, Total: 2211170 ns
[2025-10-15T05:09:46.681-0700][1246 ][info ][safepoint   ] Safepoint "Cleanup", Time since last: 1000119780 ns, Reaching safepoint: 712724 ns, Cleanup: 49324 ns, At safepoint: 830490 ns, Total: 1592538 ns
[2025-10-15T05:09:47.683-0700][1246 ][info ][safepoint   ] Safepoint "Cleanup", Time since last: 1000106381 ns, Reaching safepoint: 841097 ns, Cleanup: 13360 ns, At safepoint: 1183181 ns, Total: 2037638 ns
[2025-10-15T05:09:48.685-0700][1246 ][info ][safepoint   ] Safepoint "Cleanup", Time since last: 1000104969 ns, Reaching safepoint: 908398 ns, Cleanup: 13981 ns, At safepoint: 1064513 ns, Total: 1986892 ns
[2025-10-15T05:09:49.693-0700][1246 ][info ][safepoint   ] Safepoint "Cleanup", Time since last: 1000102995 ns, Reaching safepoint: 4151301 ns, Cleanup: 45919 ns, At safepoint: 3517827 ns, Total: 7715047 ns
[2025-10-15T05:09:50.543-0700][1246 ][info ][gc,start    ] GC(73) Pause Young (Mixed) (G1 Evacuation Pause)
[2025-10-15T05:09:50.543-0700][1246 ][info ][gc,task     ] GC(73) Using 113 workers of 113 for evacuation
[2025-10-15T05:09:50.557-0700][1246 ][debug][gc,remset   ] GC(73) Visited cards 9272832 Total dirty 43646976 (21.25%) Total old 366084096 (2.53%)
[2025-10-15T05:09:50.735-0700][1246 ][info ][gc,phases   ] GC(73)   Pre Evacuate Collection Set: 0.7ms
[2025-10-15T05:09:50.735-0700][1246 ][info ][gc,phases   ] GC(73)   Merge Heap Roots: 12.8ms
[2025-10-15T05:09:50.735-0700][1246 ][info ][gc,phases   ] GC(73)   Evacuate Collection Set: 165.9ms
[2025-10-15T05:09:50.735-0700][1246 ][info ][gc,phases   ] GC(73)   Post Evacuate Collection Set: 12.6ms
[2025-10-15T05:09:50.735-0700][1246 ][info ][gc,phases   ] GC(73)   Other: 0.2ms
[2025-10-15T05:09:50.735-0700][1246 ][debug][gc,remset   ] GC(73) Coarsening (recent): Inline->AoC 31778 (0) AoC->Howl 160 (0) Howl->Full 0 (0) Inline->AoC 616 (0) AoC->BitMap 106 (0) BitMap->Full 0 (0) 
[2025-10-15T05:09:50.735-0700][1246 ][debug][gc,remset   ] GC(73) Coarsening (all): Inline->AoC 650938 (11) AoC->Howl 31247 (40) Howl->Full 0 (0) Inline->AoC 165284 (11) AoC->BitMap 37072 (47) BitMap->Full 0 (0) 
[2025-10-15T05:09:50.735-0700][1246 ][info ][gc,heap     ] GC(73) Eden regions: 2160->0(3302)
[2025-10-15T05:09:50.735-0700][1246 ][info ][gc,heap     ] GC(73) Survivor regions: 259->154(303)
[2025-10-15T05:09:50.735-0700][1246 ][info ][gc,heap     ] GC(73) Old regions: 698->780
[2025-10-15T05:09:50.735-0700][1246 ][info ][gc,heap     ] GC(73) Humongous regions: 12->0
[2025-10-15T05:09:50.735-0700][1246 ][info ][gc,metaspace] GC(73) Metaspace: 309838K(314880K)->309838K(314880K) NonClass: 273310K(275968K)->273310K(275968K) Class: 36527K(38912K)->36527K(38912K)
[2025-10-15T05:09:50.735-0700][1246 ][info ][gc          ] GC(73) Pause Young (Mixed) (G1 Evacuation Pause) 100124M->29881M(184320M) 192.331ms
[2025-10-15T05:09:50.736-0700][1246 ][info ][gc,cpu      ] GC(73) User=17.29s Sys=0.35s Real=0.19s
[2025-10-15T05:09:50.737-0700][1246 ][info ][safepoint   ] Safepoint "G1CollectForAllocation", Time since last: 848312058 ns, Reaching safepoint: 806645 ns, Cleanup: 20631 ns, At safepoint: 195655967 ns, Total: 196483243 ns
[2025-10-15T05:09:51.738-0700][1246 ][info ][safepoint   ] Safepoint "Cleanup", Time since last: 1000091979 ns, Reaching safepoint: 811381 ns, Cleanup: 27001 ns, At safepoint: 164037 ns, Total: 1002419 ns
[2025-10-15T05:09:52.739-0700][1246 ][info ][safepoint   ] Safepoint "Cleanup", Time since last: 1000109806 ns, Reaching safepoint: 679042 ns, Cleanup: 9695 ns, At safepoint: 105369 ns, Total: 794106 ns
[2025-10-15T05:09:53.740-0700][1246 ][info ][safepoint   ] Safepoint "Cleanup", Time since last: 1000108103 ns, Reaching safepoint: 742208 ns, Cleanup: 17686 ns, At safepoint: 161503 ns, Total: 921397 ns
[2025-10-15T05:09:54.742-0700][1246 ][info ][safepoint   ] Safepoint "Cleanup", Time since last: 1000101894 ns, Reaching safepoint: 1354189 ns, Cleanup: 26140 ns, At safepoint: 401094 ns, Total: 1781423 ns
[2025-10-15T05:09:55.744-0700][1246 ][info ][safepoint   ] Safepoint "Cleanup", Time since last: 1000114913 ns, Reaching safepoint: 808558 ns, Cleanup: 11137 ns, At safepoint: 480062 ns, Total: 1299757 ns
[2025-10-15T05:09:56.745-0700][1246 ][info ][safepoint   ] Safepoint "Cleanup", Time since last: 1000104308 ns, Reaching safepoint: 704331 ns, Cleanup: 11407 ns, At safepoint: 362466 ns, Total: 1078204 ns
[2025-10-15T05:09:58.746-0700][1246 ][info ][safepoint   ] Safepoint "Cleanup", Time since last: 2000155605 ns, Reaching safepoint: 793515 ns, Cleanup: 18758 ns, At safepoint: 211378 ns, Total: 1023651 ns
[2025-10-15T05:10:00.611-0700][1246 ][info ][safepoint   ] Safepoint "Cleanup", Time since last: 1863681120 ns, Reaching safepoint: 657270 ns, Cleanup: 16315 ns, At safepoint: 167432 ns, Total: 841017 ns
[2025-10-15T05:10:01.612-0700][1246 ][info ][safepoint   ] Safepoint "Cleanup", Time since last: 1000110977 ns, Reaching safepoint: 667486 ns, Cleanup: 9514 ns, At safepoint: 120922 ns, Total: 797922 ns
[2025-10-15T05:10:02.613-0700][1246 ][info ][safepoint   ] Safepoint "Cleanup", Time since last: 1000099881 ns, Reaching safepoint: 752533 ns, Cleanup: 26680 ns, At safepoint: 116626 ns, Total: 895839 ns
[2025-10-15T05:10:03.614-0700][1246 ][info ][safepoint   ] Safepoint "Cleanup", Time since last: 1000100051 ns, Reaching safepoint: 733895 ns, Cleanup: 80712 ns, At safepoint: 201313 ns, Total: 1015920 ns
[2025-10-15T05:10:04.615-0700][1246 ][info ][safepoint   ] Safepoint "Cleanup", Time since last: 1000097176 ns, Reaching safepoint: 707306 ns, Cleanup: 34732 ns, At safepoint: 157617 ns, Total: 899655 ns
[2025-10-15T05:10:05.616-0700][1246 ][info ][safepoint   ] Safepoint "Cleanup", Time since last: 1000098148 ns, Reaching safepoint: 772704 ns, Cleanup: 27301 ns, At safepoint: 190227 ns, Total: 990232 ns
[2025-10-15T05:10:06.617-0700][1246 ][info ][safepoint   ] Safepoint "Cleanup", Time since last: 1000099961 ns, Reaching safepoint: 1107647 ns, Cleanup: 21373 ns, At safepoint: 313962 ns, Total: 1442982 ns
[2025-10-15T05:10:06.639-0700][1246 ][info ][gc,start    ] GC(74) Pause Young (Mixed) (G1 Evacuation Pause)
[2025-10-15T05:10:06.639-0700][1246 ][info ][gc,task     ] GC(74) Using 113 workers of 113 for evacuation
[2025-10-15T05:10:06.653-0700][1246 ][debug][gc,remset   ] GC(74) Visited cards 9531136 Total dirty 49479680 (19.26%) Total old 507052032 (1.88%)
[2025-10-15T05:10:06.808-0700][1246 ][info ][gc,phases   ] GC(74)   Pre Evacuate Collection Set: 0.7ms
[2025-10-15T05:10:06.808-0700][1246 ][info ][gc,phases   ] GC(74)   Merge Heap Roots: 13.2ms
[2025-10-15T05:10:06.808-0700][1246 ][info ][gc,phases   ] GC(74)   Evacuate Collection Set: 140.5ms
[2025-10-15T05:10:06.808-0700][1246 ][info ][gc,phases   ] GC(74)   Post Evacuate Collection Set: 14.0ms
[2025-10-15T05:10:06.808-0700][1246 ][info ][gc,phases   ] GC(74)   Other: 0.2ms
[2025-10-15T05:10:06.808-0700][1246 ][debug][gc,remset   ] GC(74) Coarsening (recent): Inline->AoC 44178 (2) AoC->Howl 199 (26) Howl->Full 0 (0) Inline->AoC 564 (7) AoC->BitMap 148 (21) BitMap->Full 0 (0) 
[2025-10-15T05:10:06.808-0700][1246 ][debug][gc,remset   ] GC(74) Coarsening (all): Inline->AoC 695116 (13) AoC->Howl 31446 (66) Howl->Full 0 (0) Inline->AoC 165848 (18) AoC->BitMap 37220 (68) BitMap->Full 0 (0) 
[2025-10-15T05:10:06.808-0700][1246 ][info ][gc,heap     ] GC(74) Eden regions: 3302->0(3261)
[2025-10-15T05:10:06.808-0700][1246 ][info ][gc,heap     ] GC(74) Survivor regions: 154->195(432)
[2025-10-15T05:10:06.808-0700][1246 ][info ][gc,heap     ] GC(74) Old regions: 780->765
[2025-10-15T05:10:06.808-0700][1246 ][info ][gc,heap     ] GC(74) Humongous regions: 13->0
[2025-10-15T05:10:06.808-0700][1246 ][info ][gc,metaspace] GC(74) Metaspace: 310085K(315136K)->310085K(315136K) NonClass: 273554K(276224K)->273554K(276224K) Class: 36530K(38912K)->36530K(38912K)
[2025-10-15T05:10:06.808-0700][1246 ][info ][gc          ] GC(74) Pause Young (Mixed) (G1 Evacuation Pause) 135961M->30696M(184320M) 168.789ms
[2025-10-15T05:10:06.809-0700][1246 ][info ][gc,cpu      ] GC(74) User=13.92s Sys=0.37s Real=0.17s
[2025-10-15T05:10:06.810-0700][1246 ][info ][safepoint   ] Safepoint "G1CollectForAllocation", Time since last: 19708296 ns, Reaching safepoint: 966986 ns, Cleanup: 4617 ns, At safepoint: 172115060 ns, Total: 173086663 ns
[2025-10-15T05:10:07.811-0700][1246 ][info ][safepoint   ] Safepoint "Cleanup", Time since last: 1000093932 ns, Reaching safepoint: 805503 ns, Cleanup: 12249 ns, At safepoint: 347743 ns, Total: 1165495 ns
[2025-10-15T05:10:08.812-0700][1246 ][info ][safepoint   ] Safepoint "Cleanup", Time since last: 1000108444 ns, Reaching safepoint: 761937 ns, Cleanup: 52419 ns, At safepoint: 223046 ns, Total: 1037402 ns
[2025-10-15T05:10:09.814-0700][1246 ][info ][safepoint   ] Safepoint "Cleanup", Time since last: 1000096907 ns, Reaching safepoint: 768587 ns, Cleanup: 55964 ns, At safepoint: 251619 ns, Total: 1076170 ns
[2025-10-15T05:10:10.815-0700][1246 ][info ][safepoint   ] Safepoint "Cleanup", Time since last: 1000092300 ns, Reaching safepoint: 794937 ns, Cleanup: 39399 ns, At safepoint: 324098 ns, Total: 1158434 ns
[2025-10-15T05:10:11.817-0700][1246 ][info ][safepoint   ] Safepoint "Cleanup", Time since last: 1000096145 ns, Reaching safepoint: 934938 ns, Cleanup: 22574 ns, At safepoint: 718842 ns, Total: 1676354 ns
[2025-10-15T05:10:12.818-0700][1246 ][info ][safepoint   ] Safepoint "Cleanup", Time since last: 1000102786 ns, Reaching safepoint: 861908 ns, Cleanup: 21292 ns, At safepoint: 766253 ns, Total: 1649453 ns
[2025-10-15T05:10:13.820-0700][1246 ][info ][safepoint   ] Safepoint "Cleanup", Time since last: 1000110367 ns, Reaching safepoint: 795338 ns, Cleanup: 40571 ns, At safepoint: 762618 ns, Total: 1598527 ns
[2025-10-15T05:10:14.823-0700][1246 ][info ][safepoint   ] Safepoint "Cleanup", Time since last: 1000213352 ns, Reaching safepoint: 979725 ns, Cleanup: 21382 ns, At safepoint: 1342131 ns, Total: 2343238 ns
[2025-10-15T05:10:15.825-0700][1246 ][info ][safepoint   ] Safepoint "Cleanup", Time since last: 1000078188 ns, Reaching safepoint: 882139 ns, Cleanup: 23024 ns, At safepoint: 898874 ns, Total: 1804037 ns
[2025-10-15T05:10:16.826-0700][1246 ][info ][safepoint   ] Safepoint "Cleanup", Time since last: 1000103015 ns, Reaching safepoint: 801597 ns, Cleanup: 13010 ns, At safepoint: 1020827 ns, Total: 1835434 ns
[2025-10-15T05:10:17.829-0700][1246 ][info ][safepoint   ] Safepoint "Cleanup", Time since last: 1000078549 ns, Reaching safepoint: 919695 ns, Cleanup: 25478 ns, At safepoint: 1220628 ns, Total: 2165801 ns
[2025-10-15T05:10:18.823-0700][1246 ][info ][gc,start    ] GC(75) Pause Young (Normal) (G1 Evacuation Pause)
[2025-10-15T05:10:18.823-0700][1246 ][info ][gc,task     ] GC(75) Using 113 workers of 113 for evacuation
[2025-10-15T05:10:18.837-0700][1246 ][debug][gc,remset   ] GC(75) Visited cards 8441344 Total dirty 49414144 (17.08%) Total old 503906304 (1.68%)
[2025-10-15T05:10:19.002-0700][1246 ][info ][gc,phases   ] GC(75)   Pre Evacuate Collection Set: 0.7ms
[2025-10-15T05:10:19.002-0700][1246 ][info ][gc,phases   ] GC(75)   Merge Heap Roots: 13.2ms
[2025-10-15T05:10:19.002-0700][1246 ][info ][gc,phases   ] GC(75)   Evacuate Collection Set: 152.1ms
[2025-10-15T05:10:19.003-0700][1246 ][info ][gc,phases   ] GC(75)   Post Evacuate Collection Set: 13.6ms
[2025-10-15T05:10:19.003-0700][1246 ][info ][gc,phases   ] GC(75)   Other: 0.2ms
[2025-10-15T05:10:19.003-0700][1246 ][debug][gc,remset   ] GC(75) Coarsening (recent): Inline->AoC 21336 (0) AoC->Howl 68 (1) Howl->Full 0 (0) Inline->AoC 317 (0) AoC->BitMap 39 (2) BitMap->Full 0 (0) 
[2025-10-15T05:10:19.003-0700][1246 ][debug][gc,remset   ] GC(75) Coarsening (all): Inline->AoC 716452 (13) AoC->Howl 31514 (67) Howl->Full 0 (0) Inline->AoC 166165 (18) AoC->BitMap 37259 (70) BitMap->Full 0 (0) 
[2025-10-15T05:10:19.003-0700][1246 ][info ][gc,heap     ] GC(75) Eden regions: 3261->0(3180)
[2025-10-15T05:10:19.003-0700][1246 ][info ][gc,heap     ] GC(75) Survivor regions: 195->237(432)
[2025-10-15T05:10:19.003-0700][1246 ][info ][gc,heap     ] GC(75) Old regions: 765->765
[2025-10-15T05:10:19.003-0700][1246 ][info ][gc,heap     ] GC(75) Humongous regions: 12->0
[2025-10-15T05:10:19.003-0700][1246 ][info ][gc,metaspace] GC(75) Metaspace: 310173K(315264K)->310173K(315264K) NonClass: 273640K(276352K)->273640K(276352K) Class: 36532K(38912K)->36532K(38912K)
[2025-10-15T05:10:19.003-0700][1246 ][info ][gc          ] GC(75) Pause Young (Normal) (G1 Evacuation Pause) 135432M->32051M(184320M) 179.967ms
[2025-10-15T05:10:19.004-0700][1246 ][info ][gc,cpu      ] GC(75) User=16.44s Sys=0.16s Real=0.18s
[2025-10-15T05:10:19.005-0700][1246 ][info ][safepoint   ] Safepoint "G1CollectForAllocation", Time since last: 991786083 ns, Reaching safepoint: 973676 ns, Cleanup: 13780 ns, At safepoint: 183287644 ns, Total: 184275100 ns
[2025-10-15T05:10:21.006-0700][1246 ][info ][safepoint   ] Safepoint "Cleanup", Time since last: 2000144919 ns, Reaching safepoint: 782719 ns, Cleanup: 21823 ns, At safepoint: 180542 ns, Total: 985084 ns
[2025-10-15T05:10:22.007-0700][1246 ][info ][safepoint   ] Safepoint "Cleanup", Time since last: 1000098248 ns, Reaching safepoint: 827506 ns, Cleanup: 39430 ns, At safepoint: 288684 ns, Total: 1155620 ns
[2025-10-15T05:10:23.008-0700][1246 ][info ][safepoint   ] Safepoint "Cleanup", Time since last: 1000119120 ns, Reaching safepoint: 795027 ns, Cleanup: 19169 ns, At safepoint: 305009 ns, Total: 1119205 ns
[2025-10-15T05:10:24.010-0700][1246 ][info ][safepoint   ] Safepoint "Cleanup", Time since last: 1000104148 ns, Reaching safepoint: 873185 ns, Cleanup: 18888 ns, At safepoint: 482757 ns, Total: 1374830 ns
[2025-10-15T05:10:25.012-0700][1246 ][info ][safepoint   ] Safepoint "Cleanup", Time since last: 1000126371 ns, Reaching safepoint: 872103 ns, Cleanup: 12168 ns, At safepoint: 784021 ns, Total: 1668292 ns
[2025-10-15T05:10:26.014-0700][1246 ][info ][safepoint   ] Safepoint "Cleanup", Time since last: 1000105900 ns, Reaching safepoint: 850530 ns, Cleanup: 22514 ns, At safepoint: 840876 ns, Total: 1713920 ns
[2025-10-15T05:10:27.016-0700][1246 ][info ][safepoint   ] Safepoint "Cleanup", Time since last: 1000111138 ns, Reaching safepoint: 936731 ns, Cleanup: 20601 ns, At safepoint: 1365075 ns, Total: 2322407 ns
[2025-10-15T05:10:28.018-0700][1246 ][info ][safepoint   ] Safepoint "Cleanup", Time since last: 1000121834 ns, Reaching safepoint: 1054338 ns, Cleanup: 32439 ns, At safepoint: 1202160 ns, Total: 2288937 ns
[2025-10-15T05:10:28.744-0700][1246 ][info ][gc,start    ] GC(76) Pause Young (Normal) (G1 Evacuation Pause)
[2025-10-15T05:10:28.744-0700][1246 ][info ][gc,task     ] GC(76) Using 113 workers of 113 for evacuation
[2025-10-15T05:10:28.759-0700][1246 ][debug][gc,remset   ] GC(76) Visited cards 8497920 Total dirty 49414144 (17.20%) Total old 504365056 (1.68%)
[2025-10-15T05:10:28.965-0700][1246 ][info ][gc,mmu      ] GC(76) MMU target violated: 201.0ms (200.0ms/201.0ms)
[2025-10-15T05:10:28.965-0700][1246 ][info ][gc,phases   ] GC(76)   Pre Evacuate Collection Set: 0.7ms
[2025-10-15T05:10:28.965-0700][1246 ][info ][gc,phases   ] GC(76)   Merge Heap Roots: 13.6ms
[2025-10-15T05:10:28.965-0700][1246 ][info ][gc,phases   ] GC(76)   Evacuate Collection Set: 192.5ms
[2025-10-15T05:10:28.965-0700][1246 ][info ][gc,phases   ] GC(76)   Post Evacuate Collection Set: 14.0ms
[2025-10-15T05:10:28.965-0700][1246 ][info ][gc,phases   ] GC(76)   Other: 0.2ms
[2025-10-15T05:10:28.965-0700][1246 ][debug][gc,remset   ] GC(76) Coarsening (recent): Inline->AoC 13139 (0) AoC->Howl 39 (2) Howl->Full 0 (0) Inline->AoC 139 (2) AoC->BitMap 34 (1) BitMap->Full 0 (0) 
[2025-10-15T05:10:28.965-0700][1246 ][debug][gc,remset   ] GC(76) Coarsening (all): Inline->AoC 729591 (13) AoC->Howl 31553 (69) Howl->Full 0 (0) Inline->AoC 166304 (20) AoC->BitMap 37293 (71) BitMap->Full 0 (0) 
[2025-10-15T05:10:28.965-0700][1246 ][info ][gc,heap     ] GC(76) Eden regions: 3219->0(2335)
[2025-10-15T05:10:28.965-0700][1246 ][info ][gc,heap     ] GC(76) Survivor regions: 237->258(432)
[2025-10-15T05:10:28.965-0700][1246 ][info ][gc,heap     ] GC(76) Old regions: 765->796
[2025-10-15T05:10:28.965-0700][1246 ][info ][gc,heap     ] GC(76) Humongous regions: 19->0
[2025-10-15T05:10:28.965-0700][1246 ][info ][gc,metaspace] GC(76) Metaspace: 310321K(315456K)->310321K(315456K) NonClass: 273777K(276480K)->273777K(276480K) Class: 36544K(38976K)->36544K(38976K)
[2025-10-15T05:10:28.966-0700][1246 ][info ][gc          ] GC(76) Pause Young (Normal) (G1 Evacuation Pause) 135667M->33702M(184320M) 221.173ms
[2025-10-15T05:10:28.967-0700][1246 ][info ][gc,cpu      ] GC(76) User=19.20s Sys=0.16s Real=0.22s
[2025-10-15T05:10:28.968-0700][1246 ][info ][safepoint   ] Safepoint "G1CollectForAllocation", Time since last: 723442856 ns, Reaching safepoint: 1390986 ns, Cleanup: 55714 ns, At safepoint: 224623273 ns, Total: 226069973 ns
[2025-10-15T05:10:29.969-0700][1246 ][info ][safepoint   ] Safepoint "Cleanup", Time since last: 1000087698 ns, Reaching safepoint: 614576 ns, Cleanup: 23736 ns, At safepoint: 95915 ns, Total: 734227 ns
[2025-10-15T05:10:30.970-0700][1246 ][info ][safepoint   ] Safepoint "Cleanup", Time since last: 1000095670 ns, Reaching safepoint: 676319 ns, Cleanup: 31467 ns, At safepoint: 167863 ns, Total: 875649 ns
[2025-10-15T05:10:32.971-0700][1246 ][info ][safepoint   ] Safepoint "Cleanup", Time since last: 2000164560 ns, Reaching safepoint: 831102 ns, Cleanup: 37998 ns, At safepoint: 156235 ns, Total: 1025335 ns
[2025-10-15T05:10:33.972-0700][1246 ][info ][safepoint   ] Safepoint "Cleanup", Time since last: 1000101840 ns, Reaching safepoint: 821878 ns, Cleanup: 50306 ns, At safepoint: 175023 ns, Total: 1047207 ns
[2025-10-15T05:10:34.973-0700][1246 ][info ][safepoint   ] Safepoint "Cleanup", Time since last: 1000099897 ns, Reaching safepoint: 801918 ns, Cleanup: 14442 ns, At safepoint: 248594 ns, Total: 1064954 ns
[2025-10-15T05:10:35.974-0700][1246 ][info ][safepoint   ] Safepoint "Cleanup", Time since last: 1000075520 ns, Reaching safepoint: 801698 ns, Cleanup: 31678 ns, At safepoint: 228234 ns, Total: 1061610 ns
[2025-10-15T05:10:36.975-0700][1246 ][info ][safepoint   ] Safepoint "Cleanup", Time since last: 1000098885 ns, Reaching safepoint: 799945 ns, Cleanup: 19019 ns, At safepoint: 268164 ns, Total: 1087128 ns
[2025-10-15T05:10:37.977-0700][1246 ][info ][safepoint   ] Safepoint "Cleanup", Time since last: 1000103031 ns, Reaching safepoint: 767857 ns, Cleanup: 37847 ns, At safepoint: 202515 ns, Total: 1008219 ns
[2025-10-15T05:10:38.608-0700][1246 ][info ][gc,start    ] GC(77) Pause Young (Normal) (G1 Evacuation Pause)
[2025-10-15T05:10:38.608-0700][1246 ][info ][gc,task     ] GC(77) Using 113 workers of 113 for evacuation
[2025-10-15T05:10:38.622-0700][1246 ][debug][gc,remset   ] GC(77) Visited cards 8545792 Total dirty 51052544 (16.74%) Total old 427294720 (2.00%)
[2025-10-15T05:10:38.803-0700][1246 ][info ][gc,phases   ] GC(77)   Pre Evacuate Collection Set: 0.7ms
[2025-10-15T05:10:38.803-0700][1246 ][info ][gc,phases   ] GC(77)   Merge Heap Roots: 13.8ms
[2025-10-15T05:10:38.803-0700][1246 ][info ][gc,phases   ] GC(77)   Evacuate Collection Set: 165.9ms
[2025-10-15T05:10:38.803-0700][1246 ][info ][gc,phases   ] GC(77)   Post Evacuate Collection Set: 14.9ms
[2025-10-15T05:10:38.803-0700][1246 ][info ][gc,phases   ] GC(77)   Other: 0.2ms
[2025-10-15T05:10:38.803-0700][1246 ][debug][gc,remset   ] GC(77) Coarsening (recent): Inline->AoC 30522 (0) AoC->Howl 101 (0) Howl->Full 0 (0) Inline->AoC 443 (0) AoC->BitMap 56 (0) BitMap->Full 0 (0) 
[2025-10-15T05:10:38.803-0700][1246 ][debug][gc,remset   ] GC(77) Coarsening (all): Inline->AoC 760113 (13) AoC->Howl 31654 (69) Howl->Full 0 (0) Inline->AoC 166747 (20) AoC->BitMap 37349 (71) BitMap->Full 0 (0) 
[2025-10-15T05:10:38.803-0700][1246 ][info ][gc,heap     ] GC(77) Eden regions: 2599->0(3236)
[2025-10-15T05:10:38.803-0700][1246 ][info ][gc,heap     ] GC(77) Survivor regions: 258->220(358)
[2025-10-15T05:10:38.803-0700][1246 ][info ][gc,heap     ] GC(77) Old regions: 796->861
[2025-10-15T05:10:38.803-0700][1246 ][info ][gc,heap     ] GC(77) Humongous regions: 10->0
[2025-10-15T05:10:38.803-0700][1246 ][info ][gc,metaspace] GC(77) Metaspace: 310346K(315456K)->310346K(315456K) NonClass: 273799K(276480K)->273799K(276480K) Class: 36547K(38976K)->36547K(38976K)
[2025-10-15T05:10:38.803-0700][1246 ][info ][gc          ] GC(77) Pause Young (Normal) (G1 Evacuation Pause) 117190M->34579M(184320M) 195.722ms
[2025-10-15T05:10:38.804-0700][1246 ][info ][gc,cpu      ] GC(77) User=18.03s Sys=0.21s Real=0.20s
[2025-10-15T05:10:38.806-0700][1246 ][info ][safepoint   ] Safepoint "G1CollectForAllocation", Time since last: 629136804 ns, Reaching safepoint: 817492 ns, Cleanup: 20060 ns, At safepoint: 199009273 ns, Total: 199846825 ns
[2025-10-15T05:10:39.807-0700][1246 ][info ][safepoint   ] Safepoint "Cleanup", Time since last: 1000085294 ns, Reaching safepoint: 833246 ns, Cleanup: 20140 ns, At safepoint: 145199 ns, Total: 998585 ns
[2025-10-15T05:10:40.808-0700][1246 ][info ][safepoint   ] Safepoint "Cleanup", Time since last: 1000111894 ns, Reaching safepoint: 854277 ns, Cleanup: 20211 ns, At safepoint: 677861 ns, Total: 1552349 ns
[2025-10-15T05:10:41.811-0700][1246 ][info ][safepoint   ] Safepoint "Cleanup", Time since last: 1000117193 ns, Reaching safepoint: 1094048 ns, Cleanup: 32129 ns, At safepoint: 1220368 ns, Total: 2346545 ns
[2025-10-15T05:10:43.812-0700][1246 ][info ][safepoint   ] Safepoint "Cleanup", Time since last: 2000168086 ns, Reaching safepoint: 786294 ns, Cleanup: 11047 ns, At safepoint: 325370 ns, Total: 1122711 ns
[2025-10-15T05:10:44.828-0700][1246 ][info ][safepoint   ] Safepoint "Cleanup", Time since last: 1000103012 ns, Reaching safepoint: 13532188 ns, Cleanup: 20510 ns, At safepoint: 1920394 ns, Total: 15473092 ns
[2025-10-15T05:10:45.830-0700][1246 ][info ][safepoint   ] Safepoint "Cleanup", Time since last: 1000108179 ns, Reaching safepoint: 900146 ns, Cleanup: 16895 ns, At safepoint: 1033157 ns, Total: 1950198 ns
[2025-10-15T05:10:46.832-0700][1246 ][info ][safepoint   ] Safepoint "Cleanup", Time since last: 1000117133 ns, Reaching safepoint: 948138 ns, Cleanup: 12038 ns, At safepoint: 1030733 ns, Total: 1990909 ns
[2025-10-15T05:10:47.834-0700][1246 ][info ][safepoint   ] Safepoint "Cleanup", Time since last: 1000149652 ns, Reaching safepoint: 1040437 ns, Cleanup: 11908 ns, At safepoint: 1285787 ns, Total: 2338132 ns
[2025-10-15T05:10:48.837-0700][1246 ][info ][safepoint   ] Safepoint "Cleanup", Time since last: 1000148190 ns, Reaching safepoint: 1019165 ns, Cleanup: 15934 ns, At safepoint: 1252027 ns, Total: 2287126 ns
[2025-10-15T05:10:49.839-0700][1246 ][info ][safepoint   ] Safepoint "Cleanup", Time since last: 1000116231 ns, Reaching safepoint: 833856 ns, Cleanup: 17406 ns, At safepoint: 1011114 ns, Total: 1862376 ns
[2025-10-15T05:10:50.843-0700][1246 ][info ][safepoint   ] Safepoint "Cleanup", Time since last: 1000115911 ns, Reaching safepoint: 1460680 ns, Cleanup: 13731 ns, At safepoint: 2580257 ns, Total: 4054668 ns
[2025-10-15T05:10:50.876-0700][1246 ][info ][gc,start    ] GC(78) Pause Young (Normal) (G1 Evacuation Pause)
[2025-10-15T05:10:50.876-0700][1246 ][info ][gc,task     ] GC(78) Using 113 workers of 113 for evacuation
[2025-10-15T05:10:50.890-0700][1246 ][debug][gc,remset   ] GC(78) Visited cards 8482560 Total dirty 54984704 (15.43%) Total old 509870080 (1.66%)
[2025-10-15T05:10:51.062-0700][1246 ][info ][gc,phases   ] GC(78)   Pre Evacuate Collection Set: 0.7ms
[2025-10-15T05:10:51.062-0700][1246 ][info ][gc,phases   ] GC(78)   Merge Heap Roots: 13.2ms
[2025-10-15T05:10:51.062-0700][1246 ][info ][gc,phases   ] GC(78)   Evacuate Collection Set: 155.7ms
[2025-10-15T05:10:51.062-0700][1246 ][info ][gc,phases   ] GC(78)   Post Evacuate Collection Set: 15.8ms
[2025-10-15T05:10:51.062-0700][1246 ][info ][gc,phases   ] GC(78)   Other: 0.2ms
[2025-10-15T05:10:51.062-0700][1246 ][debug][gc,remset   ] GC(78) Coarsening (recent): Inline->AoC 35803 (0) AoC->Howl 114 (0) Howl->Full 0 (0) Inline->AoC 357 (0) AoC->BitMap 93 (0) BitMap->Full 0 (0) 
[2025-10-15T05:10:51.062-0700][1246 ][debug][gc,remset   ] GC(78) Coarsening (all): Inline->AoC 795916 (13) AoC->Howl 31768 (69) Howl->Full 0 (0) Inline->AoC 167104 (20) AoC->BitMap 37442 (71) BitMap->Full 0 (0) 
[2025-10-15T05:10:51.062-0700][1246 ][info ][gc,heap     ] GC(78) Eden regions: 3236->0(3211)
[2025-10-15T05:10:51.062-0700][1246 ][info ][gc,heap     ] GC(78) Survivor regions: 220->245(432)
[2025-10-15T05:10:51.062-0700][1246 ][info ][gc,heap     ] GC(78) Old regions: 861->861
[2025-10-15T05:10:51.062-0700][1246 ][info ][gc,heap     ] GC(78) Humongous regions: 7->0
[2025-10-15T05:10:51.062-0700][1246 ][info ][gc,metaspace] GC(78) Metaspace: 310649K(315840K)->310649K(315840K) NonClass: 274068K(276800K)->274068K(276800K) Class: 36581K(39040K)->36581K(39040K)
[2025-10-15T05:10:51.062-0700][1246 ][info ][gc          ] GC(78) Pause Young (Normal) (G1 Evacuation Pause) 138355M->35379M(184320M) 185.756ms
[2025-10-15T05:10:51.063-0700][1246 ][info ][gc,cpu      ] GC(78) User=15.81s Sys=0.38s Real=0.19s
[2025-10-15T05:10:51.064-0700][1246 ][info ][safepoint   ] Safepoint "G1CollectForAllocation", Time since last: 31171023 ns, Reaching safepoint: 843431 ns, Cleanup: 4187 ns, At safepoint: 189236218 ns, Total: 190083836 ns
[2025-10-15T05:10:52.065-0700][1246 ][info ][safepoint   ] Safepoint "Cleanup", Time since last: 1000090612 ns, Reaching safepoint: 667546 ns, Cleanup: 33471 ns, At safepoint: 109675 ns, Total: 810692 ns
[2025-10-15T05:10:53.067-0700][1246 ][info ][safepoint   ] Safepoint "Cleanup", Time since last: 1000104614 ns, Reaching safepoint: 1297044 ns, Cleanup: 13851 ns, At safepoint: 837692 ns, Total: 2148587 ns
[2025-10-15T05:10:54.070-0700][1246 ][info ][safepoint   ] Safepoint "Cleanup", Time since last: 1000140197 ns, Reaching safepoint: 1793332 ns, Cleanup: 17196 ns, At safepoint: 868248 ns, Total: 2678776 ns
[2025-10-15T05:10:55.072-0700][1246 ][info ][safepoint   ] Safepoint "Cleanup", Time since last: 1000117383 ns, Reaching safepoint: 768728 ns, Cleanup: 14842 ns, At safepoint: 611812 ns, Total: 1395382 ns
[2025-10-15T05:10:58.081-0700][1246 ][info ][safepoint   ] Safepoint "Cleanup", Time since last: 3000227291 ns, Reaching safepoint: 7142020 ns, Cleanup: 19550 ns, At safepoint: 1954284 ns, Total: 9115854 ns
[2025-10-15T05:10:59.083-0700][1246 ][info ][safepoint   ] Safepoint "Cleanup", Time since last: 1000055440 ns, Reaching safepoint: 851513 ns, Cleanup: 13530 ns, At safepoint: 834778 ns, Total: 1699821 ns
[2025-10-15T05:11:00.085-0700][1246 ][info ][safepoint   ] Safepoint "Cleanup", Time since last: 1000107468 ns, Reaching safepoint: 876010 ns, Cleanup: 32188 ns, At safepoint: 1259077 ns, Total: 2167275 ns
[2025-10-15T05:11:01.642-0700][1246 ][info ][safepoint   ] Safepoint "Cleanup", Time since last: 1555419836 ns, Reaching safepoint: 860607 ns, Cleanup: 52910 ns, At safepoint: 451410 ns, Total: 1364927 ns
[2025-10-15T05:11:02.097-0700][1246 ][info ][gc,start    ] GC(79) Pause Young (Normal) (G1 Evacuation Pause)
[2025-10-15T05:11:02.097-0700][1246 ][info ][gc,task     ] GC(79) Using 113 workers of 113 for evacuation
[2025-10-15T05:11:02.112-0700][1246 ][debug][gc,remset   ] GC(79) Visited cards 8615680 Total dirty 54984704 (15.67%) Total old 510394368 (1.69%)
[2025-10-15T05:11:02.294-0700][1246 ][info ][gc,phases   ] GC(79)   Pre Evacuate Collection Set: 0.7ms
[2025-10-15T05:11:02.294-0700][1246 ][info ][gc,phases   ] GC(79)   Merge Heap Roots: 14.5ms
[2025-10-15T05:11:02.294-0700][1246 ][info ][gc,phases   ] GC(79)   Evacuate Collection Set: 167.2ms
[2025-10-15T05:11:02.294-0700][1246 ][info ][gc,phases   ] GC(79)   Post Evacuate Collection Set: 15.0ms
[2025-10-15T05:11:02.294-0700][1246 ][info ][gc,phases   ] GC(79)   Other: 0.2ms
[2025-10-15T05:11:02.294-0700][1246 ][debug][gc,remset   ] GC(79) Coarsening (recent): Inline->AoC 30652 (1) AoC->Howl 70 (2) Howl->Full 0 (0) Inline->AoC 318 (2) AoC->BitMap 36 (0) BitMap->Full 0 (0) 
[2025-10-15T05:11:02.294-0700][1246 ][debug][gc,remset   ] GC(79) Coarsening (all): Inline->AoC 826568 (14) AoC->Howl 31838 (71) Howl->Full 0 (0) Inline->AoC 167422 (22) AoC->BitMap 37478 (71) BitMap->Full 0 (0) 
[2025-10-15T05:11:02.294-0700][1246 ][info ][gc,heap     ] GC(79) Eden regions: 3211->0(3232)
[2025-10-15T05:11:02.294-0700][1246 ][info ][gc,heap     ] GC(79) Survivor regions: 245->224(432)
[2025-10-15T05:11:02.294-0700][1246 ][info ][gc,heap     ] GC(79) Old regions: 861->899
[2025-10-15T05:11:02.294-0700][1246 ][info ][gc,heap     ] GC(79) Humongous regions: 15->0
[2025-10-15T05:11:02.294-0700][1246 ][info ][gc,metaspace] GC(79) Metaspace: 310717K(315904K)->310717K(315904K) NonClass: 274128K(276864K)->274128K(276864K) Class: 36588K(39040K)->36588K(39040K)
[2025-10-15T05:11:02.295-0700][1246 ][info ][gc          ] GC(79) Pause Young (Normal) (G1 Evacuation Pause) 138611M->35930M(184320M) 197.761ms
[2025-10-15T05:11:02.296-0700][1246 ][info ][gc,cpu      ] GC(79) User=17.31s Sys=0.31s Real=0.20s
[2025-10-15T05:11:02.297-0700][1246 ][info ][safepoint   ] Safepoint "G1CollectForAllocation", Time since last: 453024448 ns, Reaching safepoint: 801307 ns, Cleanup: 17287 ns, At safepoint: 201049205 ns, Total: 201867799 ns
[2025-10-15T05:11:03.298-0700][1246 ][info ][safepoint   ] Safepoint "Cleanup", Time since last: 1000082491 ns, Reaching safepoint: 842169 ns, Cleanup: 37546 ns, At safepoint: 372792 ns, Total: 1252507 ns
[2025-10-15T05:11:04.299-0700][1246 ][info ][safepoint   ] Safepoint "Cleanup", Time since last: 1000110633 ns, Reaching safepoint: 821708 ns, Cleanup: 18578 ns, At safepoint: 457669 ns, Total: 1297955 ns
[2025-10-15T05:11:05.301-0700][1246 ][info ][safepoint   ] Safepoint "Cleanup", Time since last: 1000108520 ns, Reaching safepoint: 724892 ns, Cleanup: 22434 ns, At safepoint: 711261 ns, Total: 1458587 ns
[2025-10-15T05:11:06.303-0700][1246 ][info ][safepoint   ] Safepoint "Cleanup", Time since last: 1000113277 ns, Reaching safepoint: 742309 ns, Cleanup: 17306 ns, At safepoint: 774967 ns, Total: 1534582 ns
[2025-10-15T05:11:08.305-0700][1246 ][info ][safepoint   ] Safepoint "Cleanup", Time since last: 2000174065 ns, Reaching safepoint: 1406118 ns, Cleanup: 22905 ns, At safepoint: 877071 ns, Total: 2306094 ns
[2025-10-15T05:11:09.308-0700][1246 ][info ][safepoint   ] Safepoint "Cleanup", Time since last: 1000112826 ns, Reaching safepoint: 932465 ns, Cleanup: 33921 ns, At safepoint: 1561533 ns, Total: 2527919 ns
[2025-10-15T05:11:10.310-0700][1246 ][info ][safepoint   ] Safepoint "Cleanup", Time since last: 1000108079 ns, Reaching safepoint: 837822 ns, Cleanup: 34963 ns, At safepoint: 1017333 ns, Total: 1890118 ns
[2025-10-15T05:11:11.313-0700][1246 ][info ][safepoint   ] Safepoint "Cleanup", Time since last: 1000101869 ns, Reaching safepoint: 838774 ns, Cleanup: 33811 ns, At safepoint: 1768745 ns, Total: 2641330 ns
[2025-10-15T05:11:12.315-0700][1246 ][info ][safepoint   ] Safepoint "Cleanup", Time since last: 1000064863 ns, Reaching safepoint: 957383 ns, Cleanup: 13430 ns, At safepoint: 1485208 ns, Total: 2456021 ns
[2025-10-15T05:11:13.318-0700][1246 ][info ][safepoint   ] Safepoint "Cleanup", Time since last: 1000198815 ns, Reaching safepoint: 1615885 ns, Cleanup: 31838 ns, At safepoint: 1550416 ns, Total: 3198139 ns
[2025-10-15T05:11:14.182-0700][1246 ][info ][gc,start    ] GC(80) Pause Young (Normal) (G1 Evacuation Pause)
[2025-10-15T05:11:14.182-0700][1246 ][info ][gc,task     ] GC(80) Using 113 workers of 113 for evacuation
[2025-10-15T05:11:14.196-0700][1246 ][debug][gc,remset   ] GC(80) Visited cards 8788224 Total dirty 57278464 (15.34%) Total old 512753664 (1.71%)
[2025-10-15T05:11:14.385-0700][1246 ][info ][gc,mmu      ] GC(80) MMU target violated: 201.0ms (200.0ms/201.0ms)
[2025-10-15T05:11:14.385-0700][1246 ][info ][gc,phases   ] GC(80)   Pre Evacuate Collection Set: 0.7ms
[2025-10-15T05:11:14.385-0700][1246 ][info ][gc,phases   ] GC(80)   Merge Heap Roots: 13.4ms
[2025-10-15T05:11:14.385-0700][1246 ][info ][gc,phases   ] GC(80)   Evacuate Collection Set: 174.0ms
[2025-10-15T05:11:14.385-0700][1246 ][info ][gc,phases   ] GC(80)   Post Evacuate Collection Set: 15.1ms
[2025-10-15T05:11:14.385-0700][1246 ][info ][gc,phases   ] GC(80)   Other: 0.2ms
[2025-10-15T05:11:14.385-0700][1246 ][debug][gc,remset   ] GC(80) Coarsening (recent): Inline->AoC 34562 (0) AoC->Howl 164 (0) Howl->Full 0 (0) Inline->AoC 628 (0) AoC->BitMap 115 (0) BitMap->Full 0 (0) 
[2025-10-15T05:11:14.385-0700][1246 ][debug][gc,remset   ] GC(80) Coarsening (all): Inline->AoC 861130 (14) AoC->Howl 32002 (71) Howl->Full 0 (0) Inline->AoC 168050 (22) AoC->BitMap 37593 (71) BitMap->Full 0 (0) 
[2025-10-15T05:11:14.385-0700][1246 ][info ][gc,heap     ] GC(80) Eden regions: 3232->0(2097)
[2025-10-15T05:11:14.385-0700][1246 ][info ][gc,heap     ] GC(80) Survivor regions: 224->285(432)
[2025-10-15T05:11:14.385-0700][1246 ][info ][gc,heap     ] GC(80) Old regions: 899->899
[2025-10-15T05:11:14.385-0700][1246 ][info ][gc,heap     ] GC(80) Humongous regions: 13->0
[2025-10-15T05:11:14.385-0700][1246 ][info ][gc,metaspace] GC(80) Metaspace: 310897K(316224K)->310897K(316224K) NonClass: 274295K(277120K)->274295K(277120K) Class: 36602K(39104K)->36602K(39104K)
[2025-10-15T05:11:14.385-0700][1246 ][info ][gc          ] GC(80) Pause Young (Normal) (G1 Evacuation Pause) 139770M->37882M(184320M) 203.550ms
[2025-10-15T05:11:14.386-0700][1246 ][info ][gc,cpu      ] GC(80) User=18.42s Sys=0.41s Real=0.20s
[2025-10-15T05:11:14.388-0700][1246 ][info ][safepoint   ] Safepoint "G1CollectForAllocation", Time since last: 861211323 ns, Reaching safepoint: 962340 ns, Cleanup: 47021 ns, At safepoint: 206961764 ns, Total: 207971125 ns
[2025-10-15T05:11:15.390-0700][1246 ][info ][safepoint   ] Safepoint "Cleanup", Time since last: 1000096051 ns, Reaching safepoint: 1378497 ns, Cleanup: 24467 ns, At safepoint: 480413 ns, Total: 1883377 ns
[2025-10-15T05:11:17.391-0700][1246 ][info ][safepoint   ] Safepoint "Cleanup", Time since last: 2000166023 ns, Reaching safepoint: 800716 ns, Cleanup: 24297 ns, At safepoint: 210216 ns, Total: 1035229 ns
[2025-10-15T05:11:18.392-0700][1246 ][info ][safepoint   ] Safepoint "Cleanup", Time since last: 1000098565 ns, Reaching safepoint: 832715 ns, Cleanup: 39279 ns, At safepoint: 432101 ns, Total: 1304095 ns
[2025-10-15T05:11:19.394-0700][1246 ][info ][safepoint   ] Safepoint "Cleanup", Time since last: 1000116141 ns, Reaching safepoint: 834237 ns, Cleanup: 12208 ns, At safepoint: 535056 ns, Total: 1381501 ns
[2025-10-15T05:11:20.396-0700][1246 ][info ][safepoint   ] Safepoint "Cleanup", Time since last: 1000103973 ns, Reaching safepoint: 1623947 ns, Cleanup: 28613 ns, At safepoint: 584440 ns, Total: 2237000 ns
[2025-10-15T05:11:21.399-0700][1246 ][info ][safepoint   ] Safepoint "Cleanup", Time since last: 1000100288 ns, Reaching safepoint: 914217 ns, Cleanup: 83436 ns, At safepoint: 1423174 ns, Total: 2420827 ns
[2025-10-15T05:11:22.401-0700][1246 ][info ][safepoint   ] Safepoint "Cleanup", Time since last: 1000161670 ns, Reaching safepoint: 1202972 ns, Cleanup: 35103 ns, At safepoint: 1000307 ns, Total: 2238382 ns
[2025-10-15T05:11:22.428-0700][1246 ][info ][gc,start    ] GC(81) Pause Young (Normal) (G1 Evacuation Pause)
[2025-10-15T05:11:22.428-0700][1246 ][info ][gc,task     ] GC(81) Using 113 workers of 113 for evacuation
[2025-10-15T05:11:22.442-0700][1246 ][debug][gc,remset   ] GC(81) Visited cards 8786432 Total dirty 57278464 (15.34%) Total old 426246144 (2.06%)
[2025-10-15T05:11:22.644-0700][1246 ][info ][gc,mmu      ] GC(81) MMU target violated: 201.0ms (200.0ms/201.0ms)
[2025-10-15T05:11:22.645-0700][1246 ][info ][gc,phases   ] GC(81)   Pre Evacuate Collection Set: 0.8ms
[2025-10-15T05:11:22.645-0700][1246 ][info ][gc,phases   ] GC(81)   Merge Heap Roots: 12.6ms
[2025-10-15T05:11:22.645-0700][1246 ][info ][gc,phases   ] GC(81)   Evacuate Collection Set: 188.9ms
[2025-10-15T05:11:22.645-0700][1246 ][info ][gc,phases   ] GC(81)   Post Evacuate Collection Set: 13.8ms
[2025-10-15T05:11:22.645-0700][1246 ][info ][gc,phases   ] GC(81)   Other: 0.2ms
[2025-10-15T05:11:22.645-0700][1246 ][debug][gc,remset   ] GC(81) Coarsening (recent): Inline->AoC 19382 (1) AoC->Howl 37 (0) Howl->Full 0 (0) Inline->AoC 165 (0) AoC->BitMap 22 (0) BitMap->Full 0 (0) 
[2025-10-15T05:11:22.645-0700][1246 ][debug][gc,remset   ] GC(81) Coarsening (all): Inline->AoC 880512 (15) AoC->Howl 32039 (71) Howl->Full 0 (0) Inline->AoC 168215 (22) AoC->BitMap 37615 (71) BitMap->Full 0 (0) 
[2025-10-15T05:11:22.645-0700][1246 ][info ][gc,heap     ] GC(81) Eden regions: 2511->0(3263)
[2025-10-15T05:11:22.645-0700][1246 ][info ][gc,heap     ] GC(81) Survivor regions: 285->193(350)
[2025-10-15T05:11:22.645-0700][1246 ][info ][gc,heap     ] GC(81) Old regions: 899->1007
[2025-10-15T05:11:22.645-0700][1246 ][info ][gc,heap     ] GC(81) Humongous regions: 13->0
[2025-10-15T05:11:22.645-0700][1246 ][info ][gc,metaspace] GC(81) Metaspace: 311024K(316416K)->311024K(316416K) NonClass: 274403K(277248K)->274403K(277248K) Class: 36620K(39168K)->36620K(39168K)
[2025-10-15T05:11:22.645-0700][1246 ][info ][gc          ] GC(81) Pause Young (Normal) (G1 Evacuation Pause) 118650M->38386M(184320M) 216.487ms
[2025-10-15T05:11:22.646-0700][1246 ][info ][gc,cpu      ] GC(81) User=18.80s Sys=0.19s Real=0.22s
[2025-10-15T05:11:22.647-0700][1246 ][info ][safepoint   ] Safepoint "G1CollectForAllocation", Time since last: 24573633 ns, Reaching safepoint: 1469494 ns, Cleanup: 5769 ns, At safepoint: 220014009 ns, Total: 221489272 ns
[2025-10-15T05:11:23.652-0700][1246 ][info ][safepoint   ] Safepoint "Cleanup", Time since last: 1000089030 ns, Reaching safepoint: 3073060 ns, Cleanup: 21593 ns, At safepoint: 1556164 ns, Total: 4650817 ns
[2025-10-15T05:11:25.653-0700][1246 ][info ][safepoint   ] Safepoint "Cleanup", Time since last: 2000167334 ns, Reaching safepoint: 866907 ns, Cleanup: 38548 ns, At safepoint: 530018 ns, Total: 1435473 ns
[2025-10-15T05:11:26.675-0700][1246 ][info ][safepoint   ] Safepoint "Cleanup", Time since last: 1000111324 ns, Reaching safepoint: 18754506 ns, Cleanup: 27511 ns, At safepoint: 2442360 ns, Total: 21224377 ns
[2025-10-15T05:11:27.677-0700][1246 ][info ][safepoint   ] Safepoint "Cleanup", Time since last: 1000112656 ns, Reaching safepoint: 850531 ns, Cleanup: 15013 ns, At safepoint: 999336 ns, Total: 1864880 ns
[2025-10-15T05:11:28.679-0700][1246 ][info ][safepoint   ] Safepoint "Cleanup", Time since last: 1000103802 ns, Reaching safepoint: 880116 ns, Cleanup: 12439 ns, At safepoint: 981829 ns, Total: 1874384 ns
[2025-10-15T05:11:30.681-0700][1246 ][info ][safepoint   ] Safepoint "Cleanup", Time since last: 2000166143 ns, Reaching safepoint: 882821 ns, Cleanup: 58998 ns, At safepoint: 808629 ns, Total: 1750448 ns
[2025-10-15T05:11:31.683-0700][1246 ][info ][safepoint   ] Safepoint "Cleanup", Time since last: 1000108706 ns, Reaching safepoint: 819796 ns, Cleanup: 16565 ns, At safepoint: 983211 ns, Total: 1819572 ns
[2025-10-15T05:11:32.685-0700][1246 ][info ][safepoint   ] Safepoint "Cleanup", Time since last: 1000114565 ns, Reaching safepoint: 1299338 ns, Cleanup: 21292 ns, At safepoint: 1373880 ns, Total: 2694510 ns
[2025-10-15T05:11:33.687-0700][1246 ][info ][safepoint   ] Safepoint "Cleanup", Time since last: 1000118161 ns, Reaching safepoint: 839074 ns, Cleanup: 21873 ns, At safepoint: 854548 ns, Total: 1715495 ns
[2025-10-15T05:11:34.689-0700][1246 ][info ][safepoint   ] Safepoint "Cleanup", Time since last: 1000100895 ns, Reaching safepoint: 744391 ns, Cleanup: 32789 ns, At safepoint: 888930 ns, Total: 1666110 ns
[2025-10-15T05:11:35.220-0700][1246 ][info ][gc,start    ] GC(82) Pause Young (Normal) (G1 Evacuation Pause)
[2025-10-15T05:11:35.220-0700][1246 ][info ][gc,task     ] GC(82) Using 113 workers of 113 for evacuation
[2025-10-15T05:11:35.235-0700][1246 ][debug][gc,remset   ] GC(82) Visited cards 8977664 Total dirty 63307776 (14.18%) Total old 519700480 (1.73%)
[2025-10-15T05:11:35.389-0700][1246 ][info ][gc,phases   ] GC(82)   Pre Evacuate Collection Set: 0.8ms
[2025-10-15T05:11:35.389-0700][1246 ][info ][gc,phases   ] GC(82)   Merge Heap Roots: 14.6ms
[2025-10-15T05:11:35.389-0700][1246 ][info ][gc,phases   ] GC(82)   Evacuate Collection Set: 137.6ms
[2025-10-15T05:11:35.389-0700][1246 ][info ][gc,phases   ] GC(82)   Post Evacuate Collection Set: 16.4ms
[2025-10-15T05:11:35.389-0700][1246 ][info ][gc,phases   ] GC(82)   Other: 0.2ms
[2025-10-15T05:11:35.389-0700][1246 ][debug][gc,remset   ] GC(82) Coarsening (recent): Inline->AoC 37234 (0) AoC->Howl 134 (0) Howl->Full 0 (0) Inline->AoC 377 (0) AoC->BitMap 108 (0) BitMap->Full 0 (0) 
[2025-10-15T05:11:35.389-0700][1246 ][debug][gc,remset   ] GC(82) Coarsening (all): Inline->AoC 917746 (15) AoC->Howl 32173 (71) Howl->Full 0 (0) Inline->AoC 168592 (22) AoC->BitMap 37723 (71) BitMap->Full 0 (0) 
[2025-10-15T05:11:35.390-0700][1246 ][info ][gc,heap     ] GC(82) Eden regions: 3263->0(3228)
[2025-10-15T05:11:35.390-0700][1246 ][info ][gc,heap     ] GC(82) Survivor regions: 193->228(432)
[2025-10-15T05:11:35.390-0700][1246 ][info ][gc,heap     ] GC(82) Old regions: 1007->1007
[2025-10-15T05:11:35.390-0700][1246 ][info ][gc,heap     ] GC(82) Humongous regions: 11->0
[2025-10-15T05:11:35.390-0700][1246 ][info ][gc,metaspace] GC(82) Metaspace: 311115K(316544K)->311115K(316544K) NonClass: 274488K(277376K)->274488K(277376K) Class: 36627K(39168K)->36627K(39168K)
[2025-10-15T05:11:35.390-0700][1246 ][info ][gc          ] GC(82) Pause Young (Normal) (G1 Evacuation Pause) 143154M->39495M(184320M) 169.697ms
[2025-10-15T05:11:35.391-0700][1246 ][info ][gc,cpu      ] GC(82) User=15.77s Sys=0.36s Real=0.17s
[2025-10-15T05:11:35.392-0700][1246 ][info ][safepoint   ] Safepoint "G1CollectForAllocation", Time since last: 523776939 ns, Reaching safepoint: 6065318 ns, Cleanup: 24076 ns, At safepoint: 172924140 ns, Total: 179013534 ns
[2025-10-15T05:11:36.394-0700][1246 ][info ][safepoint   ] Safepoint "Cleanup", Time since last: 1000078481 ns, Reaching safepoint: 1391947 ns, Cleanup: 21713 ns, At safepoint: 575046 ns, Total: 1988706 ns
[2025-10-15T05:11:37.395-0700][1246 ][info ][safepoint   ] Safepoint "Cleanup", Time since last: 1000108928 ns, Reaching safepoint: 830651 ns, Cleanup: 19379 ns, At safepoint: 393794 ns, Total: 1243824 ns
[2025-10-15T05:11:38.409-0700][1246 ][info ][safepoint   ] Safepoint "Cleanup", Time since last: 1000098070 ns, Reaching safepoint: 11234246 ns, Cleanup: 18708 ns, At safepoint: 2665095 ns, Total: 13918049 ns
[2025-10-15T05:11:39.411-0700][1246 ][info ][safepoint   ] Safepoint "Cleanup", Time since last: 1000104230 ns, Reaching safepoint: 810852 ns, Cleanup: 19429 ns, At safepoint: 1357025 ns, Total: 2187306 ns
[2025-10-15T05:11:40.414-0700][1246 ][info ][safepoint   ] Safepoint "Cleanup", Time since last: 1000118411 ns, Reaching safepoint: 986126 ns, Cleanup: 39409 ns, At safepoint: 1413690 ns, Total: 2439225 ns
[2025-10-15T05:11:41.416-0700][1246 ][info ][safepoint   ] Safepoint "Cleanup", Time since last: 1000112963 ns, Reaching safepoint: 908259 ns, Cleanup: 23235 ns, At safepoint: 1303484 ns, Total: 2234978 ns
[2025-10-15T05:11:42.419-0700][1246 ][info ][safepoint   ] Safepoint "Cleanup", Time since last: 1000115817 ns, Reaching safepoint: 929581 ns, Cleanup: 13079 ns, At safepoint: 1880383 ns, Total: 2823043 ns
[2025-10-15T05:11:43.421-0700][1246 ][info ][safepoint   ] Safepoint "Cleanup", Time since last: 1000136469 ns, Reaching safepoint: 1010392 ns, Cleanup: 41543 ns, At safepoint: 1030723 ns, Total: 2082658 ns
[2025-10-15T05:11:44.424-0700][1246 ][info ][safepoint   ] Safepoint "Cleanup", Time since last: 1000128376 ns, Reaching safepoint: 1173608 ns, Cleanup: 22965 ns, At safepoint: 1432758 ns, Total: 2629331 ns
[2025-10-15T05:11:45.426-0700][1246 ][info ][safepoint   ] Safepoint "Cleanup", Time since last: 1000123620 ns, Reaching safepoint: 807516 ns, Cleanup: 27922 ns, At safepoint: 755759 ns, Total: 1591197 ns
[2025-10-15T05:11:46.179-0700][1246 ][info ][gc,start    ] GC(83) Pause Young (Normal) (G1 Evacuation Pause)
[2025-10-15T05:11:46.179-0700][1246 ][info ][gc,task     ] GC(83) Using 113 workers of 113 for evacuation
[2025-10-15T05:11:46.193-0700][1246 ][debug][gc,remset   ] GC(83) Visited cards 9008384 Total dirty 63307776 (14.23%) Total old 520028160 (1.73%)
[2025-10-15T05:11:46.385-0700][1246 ][info ][gc,mmu      ] GC(83) MMU target violated: 201.0ms (200.0ms/201.0ms)
[2025-10-15T05:11:46.385-0700][1246 ][info ][gc,phases   ] GC(83)   Pre Evacuate Collection Set: 0.7ms
[2025-10-15T05:11:46.385-0700][1246 ][info ][gc,phases   ] GC(83)   Merge Heap Roots: 13.7ms
[2025-10-15T05:11:46.385-0700][1246 ][info ][gc,phases   ] GC(83)   Evacuate Collection Set: 175.9ms
[2025-10-15T05:11:46.385-0700][1246 ][info ][gc,phases   ] GC(83)   Post Evacuate Collection Set: 15.5ms
[2025-10-15T05:11:46.385-0700][1246 ][info ][gc,phases   ] GC(83)   Other: 0.2ms
[2025-10-15T05:11:46.385-0700][1246 ][debug][gc,remset   ] GC(83) Coarsening (recent): Inline->AoC 50446 (2) AoC->Howl 117 (0) Howl->Full 0 (0) Inline->AoC 545 (0) AoC->BitMap 49 (0) BitMap->Full 0 (0) 
[2025-10-15T05:11:46.385-0700][1246 ][debug][gc,remset   ] GC(83) Coarsening (all): Inline->AoC 968192 (17) AoC->Howl 32290 (71) Howl->Full 0 (0) Inline->AoC 169137 (22) AoC->BitMap 37772 (71) BitMap->Full 0 (0) 
[2025-10-15T05:11:46.385-0700][1246 ][info ][gc,heap     ] GC(83) Eden regions: 3228->0(2046)
[2025-10-15T05:11:46.385-0700][1246 ][info ][gc,heap     ] GC(83) Survivor regions: 228->282(432)
[2025-10-15T05:11:46.385-0700][1246 ][info ][gc,heap     ] GC(83) Old regions: 1007->1007
[2025-10-15T05:11:46.385-0700][1246 ][info ][gc,heap     ] GC(83) Humongous regions: 16->0
[2025-10-15T05:11:46.385-0700][1246 ][info ][gc,metaspace] GC(83) Metaspace: 311183K(316608K)->311183K(316608K) NonClass: 274552K(277440K)->274552K(277440K) Class: 36630K(39168K)->36630K(39168K)
[2025-10-15T05:11:46.385-0700][1246 ][info ][gc          ] GC(83) Pause Young (Normal) (G1 Evacuation Pause) 143303M->41213M(184320M) 206.194ms
[2025-10-15T05:11:46.386-0700][1246 ][info ][gc,cpu      ] GC(83) User=18.67s Sys=0.30s Real=0.20s
[2025-10-15T05:11:46.387-0700][1246 ][info ][safepoint   ] Safepoint "G1CollectForAllocation", Time since last: 750793275 ns, Reaching safepoint: 718042 ns, Cleanup: 34952 ns, At safepoint: 209679316 ns, Total: 210432310 ns
[2025-10-15T05:11:47.388-0700][1246 ][info ][safepoint   ] Safepoint "Cleanup", Time since last: 1000061536 ns, Reaching safepoint: 794687 ns, Cleanup: 34622 ns, At safepoint: 256486 ns, Total: 1085795 ns
[2025-10-15T05:11:49.390-0700][1246 ][info ][safepoint   ] Safepoint "Cleanup", Time since last: 2000176893 ns, Reaching safepoint: 802599 ns, Cleanup: 25028 ns, At safepoint: 199601 ns, Total: 1027228 ns
[2025-10-15T05:11:50.391-0700][1246 ][info ][safepoint   ] Safepoint "Cleanup", Time since last: 1000115336 ns, Reaching safepoint: 843581 ns, Cleanup: 40201 ns, At safepoint: 456948 ns, Total: 1340730 ns
[2025-10-15T05:11:51.393-0700][1246 ][info ][safepoint   ] Safepoint "Cleanup", Time since last: 1000117671 ns, Reaching safepoint: 876520 ns, Cleanup: 18087 ns, At safepoint: 738002 ns, Total: 1632609 ns
[2025-10-15T05:11:52.395-0700][1246 ][info ][safepoint   ] Safepoint "Cleanup", Time since last: 1000112142 ns, Reaching safepoint: 988610 ns, Cleanup: 33360 ns, At safepoint: 789279 ns, Total: 1811249 ns
[2025-10-15T05:11:52.681-0700][1246 ][info ][gc,start    ] GC(84) Pause Young (Normal) (G1 Evacuation Pause)
[2025-10-15T05:11:52.681-0700][1246 ][info ][gc,task     ] GC(84) Using 113 workers of 113 for evacuation
[2025-10-15T05:11:52.695-0700][1246 ][debug][gc,remset   ] GC(84) Visited cards 9043200 Total dirty 63307776 (14.28%) Total old 418709504 (2.16%)
[2025-10-15T05:11:52.893-0700][1246 ][info ][gc,mmu      ] GC(84) MMU target violated: 201.0ms (200.0ms/201.0ms)
[2025-10-15T05:11:52.893-0700][1246 ][info ][gc,phases   ] GC(84)   Pre Evacuate Collection Set: 0.8ms
[2025-10-15T05:11:52.893-0700][1246 ][info ][gc,phases   ] GC(84)   Merge Heap Roots: 12.8ms
[2025-10-15T05:11:52.893-0700][1246 ][info ][gc,phases   ] GC(84)   Evacuate Collection Set: 184.0ms
[2025-10-15T05:11:52.893-0700][1246 ][info ][gc,phases   ] GC(84)   Post Evacuate Collection Set: 13.5ms
[2025-10-15T05:11:52.893-0700][1246 ][info ][gc,phases   ] GC(84)   Other: 0.2ms
[2025-10-15T05:11:52.893-0700][1246 ][debug][gc,remset   ] GC(84) Coarsening (recent): Inline->AoC 23431 (2) AoC->Howl 112 (3) Howl->Full 0 (0) Inline->AoC 412 (0) AoC->BitMap 119 (3) BitMap->Full 0 (0) 
[2025-10-15T05:11:52.893-0700][1246 ][debug][gc,remset   ] GC(84) Coarsening (all): Inline->AoC 991623 (19) AoC->Howl 32402 (74) Howl->Full 0 (0) Inline->AoC 169549 (22) AoC->BitMap 37891 (74) BitMap->Full 0 (0) 
[2025-10-15T05:11:52.893-0700][1246 ][info ][gc,heap     ] GC(84) Eden regions: 2402->0(3240)
[2025-10-15T05:11:52.893-0700][1246 ][info ][gc,heap     ] GC(84) Survivor regions: 282->216(336)
[2025-10-15T05:11:52.893-0700][1246 ][info ][gc,heap     ] GC(84) Old regions: 1007->1112
[2025-10-15T05:11:52.893-0700][1246 ][info ][gc,heap     ] GC(84) Humongous regions: 14->0
[2025-10-15T05:11:52.893-0700][1246 ][info ][gc,metaspace] GC(84) Metaspace: 311259K(316672K)->311259K(316672K) NonClass: 274624K(277504K)->274624K(277504K) Class: 36635K(39168K)->36635K(39168K)
[2025-10-15T05:11:52.893-0700][1246 ][info ][gc          ] GC(84) Pause Young (Normal) (G1 Evacuation Pause) 118525M->42478M(184320M) 211.381ms
[2025-10-15T05:11:52.894-0700][1246 ][info ][gc,cpu      ] GC(84) User=20.30s Sys=0.28s Real=0.21s
[2025-10-15T05:11:52.895-0700][1246 ][info ][safepoint   ] Safepoint "G1CollectForAllocation", Time since last: 277404131 ns, Reaching safepoint: 8156889 ns, Cleanup: 15764 ns, At safepoint: 214825909 ns, Total: 222998562 ns
[2025-10-15T05:11:53.897-0700][1246 ][info ][safepoint   ] Safepoint "Cleanup", Time since last: 1000093935 ns, Reaching safepoint: 1186377 ns, Cleanup: 16495 ns, At safepoint: 215164 ns, Total: 1418036 ns
[2025-10-15T05:11:54.898-0700][1246 ][info ][safepoint   ] Safepoint "Cleanup", Time since last: 1000107756 ns, Reaching safepoint: 833956 ns, Cleanup: 20821 ns, At safepoint: 340203 ns, Total: 1194980 ns
[2025-10-15T05:11:55.900-0700][1246 ][info ][safepoint   ] Safepoint "Cleanup", Time since last: 1000113163 ns, Reaching safepoint: 961689 ns, Cleanup: 62354 ns, At safepoint: 1176573 ns, Total: 2200616 ns
[2025-10-15T05:11:56.902-0700][1246 ][info ][safepoint   ] Safepoint "Cleanup", Time since last: 1000125442 ns, Reaching safepoint: 855709 ns, Cleanup: 17667 ns, At safepoint: 607385 ns, Total: 1480761 ns
[2025-10-15T05:11:57.904-0700][1246 ][info ][safepoint   ] Safepoint "Cleanup", Time since last: 1000104490 ns, Reaching safepoint: 855439 ns, Cleanup: 11117 ns, At safepoint: 935629 ns, Total: 1802185 ns
[2025-10-15T05:11:58.906-0700][1246 ][info ][safepoint   ] Safepoint "Cleanup", Time since last: 1000105142 ns, Reaching safepoint: 866004 ns, Cleanup: 21343 ns, At safepoint: 920577 ns, Total: 1807924 ns
[2025-10-15T05:11:59.926-0700][1246 ][info ][safepoint   ] Safepoint "Cleanup", Time since last: 1000135957 ns, Reaching safepoint: 14959959 ns, Cleanup: 49885 ns, At safepoint: 4811980 ns, Total: 19821824 ns
[2025-10-15T05:12:01.673-0700][1246 ][info ][safepoint   ] Safepoint "Cleanup", Time since last: 1745682959 ns, Reaching safepoint: 779735 ns, Cleanup: 29414 ns, At safepoint: 591381 ns, Total: 1400530 ns
[2025-10-15T05:12:02.691-0700][1246 ][info ][safepoint   ] Safepoint "Cleanup", Time since last: 1000104811 ns, Reaching safepoint: 16676715 ns, Cleanup: 40501 ns, At safepoint: 1414451 ns, Total: 18131667 ns
[2025-10-15T05:12:03.500-0700][1246 ][info ][gc,start    ] GC(85) Pause Young (Normal) (G1 Evacuation Pause)
[2025-10-15T05:12:03.500-0700][1246 ][info ][gc,task     ] GC(85) Using 113 workers of 113 for evacuation
[2025-10-15T05:12:03.516-0700][1246 ][debug][gc,remset   ] GC(85) Visited cards 9480192 Total dirty 69402624 (13.66%) Total old 527171584 (1.80%)
[2025-10-15T05:12:03.708-0700][1246 ][info ][gc,mmu      ] GC(85) MMU target violated: 201.0ms (200.0ms/201.0ms)
[2025-10-15T05:12:03.708-0700][1246 ][info ][gc,phases   ] GC(85)   Pre Evacuate Collection Set: 0.8ms
[2025-10-15T05:12:03.708-0700][1246 ][info ][gc,phases   ] GC(85)   Merge Heap Roots: 14.2ms
[2025-10-15T05:12:03.708-0700][1246 ][info ][gc,phases   ] GC(85)   Evacuate Collection Set: 175.3ms
[2025-10-15T05:12:03.708-0700][1246 ][info ][gc,phases   ] GC(85)   Post Evacuate Collection Set: 17.3ms
[2025-10-15T05:12:03.708-0700][1246 ][info ][gc,phases   ] GC(85)   Other: 0.2ms
[2025-10-15T05:12:03.708-0700][1246 ][debug][gc,remset   ] GC(85) Coarsening (recent): Inline->AoC 58331 (0) AoC->Howl 169 (0) Howl->Full 0 (0) Inline->AoC 502 (0) AoC->BitMap 123 (0) BitMap->Full 0 (0) 
[2025-10-15T05:12:03.708-0700][1246 ][debug][gc,remset   ] GC(85) Coarsening (all): Inline->AoC 1049954 (19) AoC->Howl 32571 (74) Howl->Full 0 (0) Inline->AoC 170051 (22) AoC->BitMap 38014 (74) BitMap->Full 0 (0) 
[2025-10-15T05:12:03.708-0700][1246 ][info ][gc,heap     ] GC(85) Eden regions: 3240->0(1743)
[2025-10-15T05:12:03.708-0700][1246 ][info ][gc,heap     ] GC(85) Survivor regions: 216->275(432)
[2025-10-15T05:12:03.708-0700][1246 ][info ][gc,heap     ] GC(85) Old regions: 1112->1112
[2025-10-15T05:12:03.708-0700][1246 ][info ][gc,heap     ] GC(85) Humongous regions: 20->0
[2025-10-15T05:12:03.708-0700][1246 ][info ][gc,metaspace] GC(85) Metaspace: 311362K(316800K)->311362K(316800K) NonClass: 274718K(277632K)->274718K(277632K) Class: 36644K(39168K)->36644K(39168K)
[2025-10-15T05:12:03.708-0700][1246 ][info ][gc          ] GC(85) Pause Young (Normal) (G1 Evacuation Pause) 146798M->44350M(184320M) 207.982ms
[2025-10-15T05:12:03.709-0700][1246 ][info ][gc,cpu      ] GC(85) User=18.59s Sys=0.50s Real=0.21s
[2025-10-15T05:12:03.711-0700][1246 ][info ][safepoint   ] Safepoint "G1CollectForAllocation", Time since last: 807467762 ns, Reaching safepoint: 797451 ns, Cleanup: 27912 ns, At safepoint: 211382021 ns, Total: 212207384 ns
[2025-10-15T05:12:04.712-0700][1246 ][info ][safepoint   ] Safepoint "Cleanup", Time since last: 1000087014 ns, Reaching safepoint: 1469835 ns, Cleanup: 10335 ns, At safepoint: 164208 ns, Total: 1644378 ns
[2025-10-15T05:12:05.713-0700][1246 ][info ][safepoint   ] Safepoint "Cleanup", Time since last: 1000128326 ns, Reaching safepoint: 710681 ns, Cleanup: 13770 ns, At safepoint: 143957 ns, Total: 868408 ns
[2025-10-15T05:12:06.714-0700][1246 ][info ][safepoint   ] Safepoint "Cleanup", Time since last: 1000098612 ns, Reaching safepoint: 680495 ns, Cleanup: 38929 ns, At safepoint: 238629 ns, Total: 958053 ns
[2025-10-15T05:12:07.717-0700][1246 ][info ][safepoint   ] Safepoint "Cleanup", Time since last: 1000107335 ns, Reaching safepoint: 894087 ns, Cleanup: 27341 ns, At safepoint: 1125045 ns, Total: 2046473 ns
[2025-10-15T05:12:08.718-0700][1246 ][info ][safepoint   ] Safepoint "Cleanup", Time since last: 1000155397 ns, Reaching safepoint: 823261 ns, Cleanup: 14521 ns, At safepoint: 789560 ns, Total: 1627342 ns
[2025-10-15T05:12:09.720-0700][1246 ][info ][safepoint   ] Safepoint "Cleanup", Time since last: 1000105692 ns, Reaching safepoint: 772534 ns, Cleanup: 18598 ns, At safepoint: 597490 ns, Total: 1388622 ns
[2025-10-15T05:12:10.695-0700][1246 ][info ][gc,start    ] GC(86) Pause Young (Normal) (G1 Evacuation Pause)
[2025-10-15T05:12:10.695-0700][1246 ][info ][gc,task     ] GC(86) Using 113 workers of 113 for evacuation
[2025-10-15T05:12:10.708-0700][1246 ][debug][gc,remset   ] GC(86) Visited cards 9430272 Total dirty 69402624 (13.59%) Total old 361037824 (2.61%)
[2025-10-15T05:12:10.894-0700][1246 ][info ][gc,phases   ] GC(86)   Pre Evacuate Collection Set: 0.8ms
[2025-10-15T05:12:10.894-0700][1246 ][info ][gc,phases   ] GC(86)   Merge Heap Roots: 12.8ms
[2025-10-15T05:12:10.894-0700][1246 ][info ][gc,phases   ] GC(86)   Evacuate Collection Set: 172.0ms
[2025-10-15T05:12:10.894-0700][1246 ][info ][gc,phases   ] GC(86)   Post Evacuate Collection Set: 13.1ms
[2025-10-15T05:12:10.894-0700][1246 ][info ][gc,phases   ] GC(86)   Other: 0.2ms
[2025-10-15T05:12:10.894-0700][1246 ][debug][gc,remset   ] GC(86) Coarsening (recent): Inline->AoC 33328 (0) AoC->Howl 185 (0) Howl->Full 0 (0) Inline->AoC 792 (0) AoC->BitMap 102 (0) BitMap->Full 0 (0) 
[2025-10-15T05:12:10.894-0700][1246 ][debug][gc,remset   ] GC(86) Coarsening (all): Inline->AoC 1083282 (19) AoC->Howl 32756 (74) Howl->Full 0 (0) Inline->AoC 170843 (22) AoC->BitMap 38116 (74) BitMap->Full 0 (0) 
[2025-10-15T05:12:10.894-0700][1246 ][info ][gc,heap     ] GC(86) Eden regions: 1917->0(3272)
[2025-10-15T05:12:10.894-0700][1246 ][info ][gc,heap     ] GC(86) Survivor regions: 275->184(274)
[2025-10-15T05:12:10.894-0700][1246 ][info ][gc,heap     ] GC(86) Old regions: 1112->1233
[2025-10-15T05:12:10.894-0700][1246 ][info ][gc,heap     ] GC(86) Humongous regions: 13->0
[2025-10-15T05:12:10.894-0700][1246 ][info ][gc,metaspace] GC(86) Metaspace: 311420K(316800K)->311420K(316800K) NonClass: 274773K(277632K)->274773K(277632K) Class: 36646K(39168K)->36646K(39168K)
[2025-10-15T05:12:10.894-0700][1246 ][info ][gc          ] GC(86) Pause Young (Normal) (G1 Evacuation Pause) 106110M->45327M(184320M) 199.026ms
[2025-10-15T05:12:10.895-0700][1246 ][info ][gc,cpu      ] GC(86) User=19.41s Sys=0.22s Real=0.20s
[2025-10-15T05:12:10.896-0700][1246 ][info ][safepoint   ] Safepoint "G1CollectForAllocation", Time since last: 972841045 ns, Reaching safepoint: 943091 ns, Cleanup: 30716 ns, At safepoint: 202589224 ns, Total: 203563031 ns
[2025-10-15T05:12:11.897-0700][1246 ][info ][safepoint   ] Safepoint "Cleanup", Time since last: 1000041495 ns, Reaching safepoint: 691332 ns, Cleanup: 24527 ns, At safepoint: 103486 ns, Total: 819345 ns
[2025-10-15T05:12:11.941-0700][1246 ][info ][gc,start    ] GC(87) Pause Young (Concurrent Start) (G1 Humongous Allocation)
[2025-10-15T05:12:11.941-0700][1246 ][info ][gc,task     ] GC(87) Using 113 workers of 113 for evacuation
[2025-10-15T05:12:11.953-0700][1246 ][debug][gc,remset   ] GC(87) Visited cards 9163776 Total dirty 76480512 (11.98%) Total old 139657216 (6.56%)
[2025-10-15T05:12:12.070-0700][1246 ][info ][gc,phases   ] GC(87)   Pre Evacuate Collection Set: 1.0ms
[2025-10-15T05:12:12.070-0700][1246 ][info ][gc,phases   ] GC(87)   Merge Heap Roots: 11.4ms
[2025-10-15T05:12:12.070-0700][1246 ][info ][gc,phases   ] GC(87)   Evacuate Collection Set: 106.6ms
[2025-10-15T05:12:12.070-0700][1246 ][info ][gc,phases   ] GC(87)   Post Evacuate Collection Set: 10.5ms
[2025-10-15T05:12:12.070-0700][1246 ][info ][gc,phases   ] GC(87)   Other: 0.1ms
[2025-10-15T05:12:12.070-0700][1246 ][debug][gc,remset   ] GC(87) Coarsening (recent): Inline->AoC 0 (0) AoC->Howl 0 (0) Howl->Full 0 (0) Inline->AoC 0 (0) AoC->BitMap 0 (0) BitMap->Full 0 (0) 
[2025-10-15T05:12:12.070-0700][1246 ][debug][gc,remset   ] GC(87) Coarsening (all): Inline->AoC 1083282 (19) AoC->Howl 32756 (74) Howl->Full 0 (0) Inline->AoC 170843 (22) AoC->BitMap 38116 (74) BitMap->Full 0 (0) 
[2025-10-15T05:12:12.070-0700][1246 ][info ][gc,heap     ] GC(87) Eden regions: 265->0(3178)
[2025-10-15T05:12:12.070-0700][1246 ][info ][gc,heap     ] GC(87) Survivor regions: 184->186(432)
[2025-10-15T05:12:12.070-0700][1246 ][info ][gc,heap     ] GC(87) Old regions: 1233->1233
[2025-10-15T05:12:12.070-0700][1246 ][info ][gc,heap     ] GC(87) Humongous regions: 0->0
[2025-10-15T05:12:12.070-0700][1246 ][info ][gc,metaspace] GC(87) Metaspace: 311444K(316864K)->311444K(316864K) NonClass: 274798K(277696K)->274798K(277696K) Class: 36646K(39168K)->36646K(39168K)
[2025-10-15T05:12:12.070-0700][1246 ][info ][gc          ] GC(87) Pause Young (Concurrent Start) (G1 Humongous Allocation) 53805M->45369M(184320M) 129.746ms
[2025-10-15T05:12:12.071-0700][1085 ][info ][gc          ] GC(88) Concurrent Mark Cycle
[2025-10-15T05:12:12.071-0700][1085 ][info ][gc,marking  ] GC(88) Concurrent Scan Root Regions
[2025-10-15T05:12:12.072-0700][1246 ][info ][gc,cpu      ] GC(87) User=11.29s Sys=0.29s Real=0.13s
[2025-10-15T05:12:12.073-0700][1246 ][info ][safepoint   ] Safepoint "G1TryInitiateConcMark", Time since last: 41660877 ns, Reaching safepoint: 705913 ns, Cleanup: 4407 ns, At safepoint: 133922920 ns, Total: 134633240 ns
[2025-10-15T05:12:12.137-0700][1085 ][info ][gc,marking  ] GC(88) Concurrent Scan Root Regions 66.059ms
[2025-10-15T05:12:12.137-0700][1085 ][info ][gc,marking  ] GC(88) Concurrent Mark
[2025-10-15T05:12:12.137-0700][1085 ][info ][gc,marking  ] GC(88) Concurrent Mark From Roots
[2025-10-15T05:12:12.137-0700][1085 ][info ][gc,task     ] GC(88) Using 36 workers of 36 for marking
[2025-10-15T05:12:12.396-0700][1085 ][info ][gc,marking  ] GC(88) Concurrent Mark From Roots 259.531ms
[2025-10-15T05:12:12.396-0700][1085 ][info ][gc,marking  ] GC(88) Concurrent Preclean
[2025-10-15T05:12:12.437-0700][1085 ][info ][gc,marking  ] GC(88) Concurrent Preclean 41.046ms
[2025-10-15T05:12:12.439-0700][1246 ][info ][gc,start    ] GC(88) Pause Remark
[2025-10-15T05:12:12.919-0700][1246 ][info ][gc,mmu      ] GC(88) MMU target violated: 201.0ms (200.0ms/201.0ms)
[2025-10-15T05:12:12.919-0700][1246 ][info ][gc          ] GC(88) Pause Remark 51160M->50249M(184320M) 479.501ms
[2025-10-15T05:12:12.920-0700][1246 ][info ][gc,cpu      ] GC(88) User=14.71s Sys=0.04s Real=0.48s
[2025-10-15T05:12:12.923-0700][1246 ][info ][safepoint   ] Safepoint "G1PauseRemark", Time since last: 364089482 ns, Reaching safepoint: 832224 ns, Cleanup: 17115 ns, At safepoint: 484552023 ns, Total: 485401362 ns
[2025-10-15T05:12:12.923-0700][1085 ][info ][gc,marking  ] GC(88) Concurrent Mark 786.352ms
[2025-10-15T05:12:12.923-0700][1085 ][info ][gc,marking  ] GC(88) Concurrent Rebuild Remembered Sets and Scrub Regions
[2025-10-15T05:12:13.349-0700][1085 ][info ][gc,marking  ] GC(88) Concurrent Rebuild Remembered Sets and Scrub Regions 426.193ms
[2025-10-15T05:12:13.352-0700][1246 ][info ][gc,start    ] GC(88) Pause Cleanup
[2025-10-15T05:12:13.354-0700][1246 ][info ][gc          ] GC(88) Pause Cleanup 58172M->58172M(184320M) 2.271ms
[2025-10-15T05:12:13.355-0700][1246 ][info ][gc,cpu      ] GC(88) User=0.02s Sys=0.00s Real=0.00s
[2025-10-15T05:12:13.356-0700][1246 ][info ][safepoint   ] Safepoint "G1PauseCleanup", Time since last: 426609465 ns, Reaching safepoint: 1025946 ns, Cleanup: 317048 ns, At safepoint: 5547608 ns, Total: 6890602 ns
[2025-10-15T05:12:13.356-0700][1085 ][info ][gc,marking  ] GC(88) Concurrent Clear Claimed Marks
[2025-10-15T05:12:13.358-0700][1085 ][info ][gc,marking  ] GC(88) Concurrent Clear Claimed Marks 1.097ms
[2025-10-15T05:12:13.358-0700][1085 ][info ][gc,marking  ] GC(88) Concurrent Cleanup for Next Mark
[2025-10-15T05:12:13.393-0700][1085 ][info ][gc,marking  ] GC(88) Concurrent Cleanup for Next Mark 35.362ms
[2025-10-15T05:12:13.393-0700][1085 ][info ][gc          ] GC(88) Concurrent Mark Cycle 1322.368ms
[2025-10-15T05:12:14.358-0700][1246 ][info ][safepoint   ] Safepoint "Cleanup", Time since last: 1000092181 ns, Reaching safepoint: 853807 ns, Cleanup: 16525 ns, At safepoint: 511591 ns, Total: 1381923 ns
[2025-10-15T05:12:15.360-0700][1246 ][info ][safepoint   ] Safepoint "Cleanup", Time since last: 1000112863 ns, Reaching safepoint: 838523 ns, Cleanup: 12869 ns, At safepoint: 717371 ns, Total: 1568763 ns
[2025-10-15T05:12:16.361-0700][1246 ][info ][safepoint   ] Safepoint "Cleanup", Time since last: 1000112763 ns, Reaching safepoint: 919886 ns, Cleanup: 20300 ns, At safepoint: 536889 ns, Total: 1477075 ns
[2025-10-15T05:12:17.363-0700][1246 ][info ][safepoint   ] Safepoint "Cleanup", Time since last: 1000116829 ns, Reaching safepoint: 1146488 ns, Cleanup: 34582 ns, At safepoint: 769920 ns, Total: 1950990 ns
[2025-10-15T05:12:18.365-0700][1246 ][info ][safepoint   ] Safepoint "Cleanup", Time since last: 1000082988 ns, Reaching safepoint: 835899 ns, Cleanup: 24467 ns, At safepoint: 571341 ns, Total: 1431707 ns
[2025-10-15T05:12:19.366-0700][1246 ][info ][safepoint   ] Safepoint "Cleanup", Time since last: 1000113574 ns, Reaching safepoint: 878313 ns, Cleanup: 18588 ns, At safepoint: 506764 ns, Total: 1403665 ns
[2025-10-15T05:12:20.169-0700][1246 ][info ][gc,start    ] GC(89) Pause Young (Prepare Mixed) (G1 Evacuation Pause)
[2025-10-15T05:12:20.169-0700][1246 ][info ][gc,task     ] GC(89) Using 113 workers of 113 for evacuation
[2025-10-15T05:12:20.184-0700][1246 ][debug][gc,remset   ] GC(89) Visited cards 9775360 Total dirty 76546048 (12.77%) Total old 466550784 (2.10%)
[2025-10-15T05:12:20.331-0700][1246 ][info ][gc,phases   ] GC(89)   Pre Evacuate Collection Set: 0.7ms
[2025-10-15T05:12:20.331-0700][1246 ][info ][gc,phases   ] GC(89)   Merge Heap Roots: 14.6ms
[2025-10-15T05:12:20.331-0700][1246 ][info ][gc,phases   ] GC(89)   Evacuate Collection Set: 130.2ms
[2025-10-15T05:12:20.331-0700][1246 ][info ][gc,phases   ] GC(89)   Post Evacuate Collection Set: 16.0ms
[2025-10-15T05:12:20.331-0700][1246 ][info ][gc,phases   ] GC(89)   Other: 0.2ms
[2025-10-15T05:12:20.331-0700][1246 ][debug][gc,remset   ] GC(89) Coarsening (recent): Inline->AoC 143696 (0) AoC->Howl 8418 (1) Howl->Full 0 (0) Inline->AoC 34187 (0) AoC->BitMap 8966 (0) BitMap->Full 0 (0) 
[2025-10-15T05:12:20.331-0700][1246 ][debug][gc,remset   ] GC(89) Coarsening (all): Inline->AoC 1226978 (19) AoC->Howl 41174 (75) Howl->Full 0 (0) Inline->AoC 205030 (22) AoC->BitMap 47082 (74) BitMap->Full 0 (0) 
[2025-10-15T05:12:20.331-0700][1246 ][info ][gc,heap     ] GC(89) Eden regions: 2763->0(2797)
[2025-10-15T05:12:20.331-0700][1246 ][info ][gc,heap     ] GC(89) Survivor regions: 186->204(369)
[2025-10-15T05:12:20.331-0700][1246 ][info ][gc,heap     ] GC(89) Old regions: 1204->1204
[2025-10-15T05:12:20.331-0700][1246 ][info ][gc,heap     ] GC(89) Humongous regions: 17->0
[2025-10-15T05:12:20.331-0700][1246 ][info ][gc,metaspace] GC(89) Metaspace: 311331K(316864K)->311331K(316864K) NonClass: 274708K(277696K)->274708K(277696K) Class: 36622K(39168K)->36622K(39168K)
[2025-10-15T05:12:20.331-0700][1246 ][info ][gc          ] GC(89) Pause Young (Prepare Mixed) (G1 Evacuation Pause) 133418M->45056M(184320M) 161.866ms
[2025-10-15T05:12:20.332-0700][1246 ][info ][gc,cpu      ] GC(89) User=14.71s Sys=0.05s Real=0.16s
[2025-10-15T05:12:20.333-0700][1246 ][info ][safepoint   ] Safepoint "G1CollectForAllocation", Time since last: 799729492 ns, Reaching safepoint: 1809987 ns, Cleanup: 26410 ns, At safepoint: 165194364 ns, Total: 167030761 ns
[2025-10-15T05:12:21.335-0700][1246 ][info ][safepoint   ] Safepoint "Cleanup", Time since last: 1000090099 ns, Reaching safepoint: 1824699 ns, Cleanup: 14552 ns, At safepoint: 178689 ns, Total: 2017940 ns
[2025-10-15T05:12:22.337-0700][1246 ][info ][safepoint   ] Safepoint "Cleanup", Time since last: 1000105532 ns, Reaching safepoint: 1814173 ns, Cleanup: 14883 ns, At safepoint: 447865 ns, Total: 2276921 ns
[2025-10-15T05:12:23.339-0700][1246 ][info ][safepoint   ] Safepoint "Cleanup", Time since last: 1000106663 ns, Reaching safepoint: 863601 ns, Cleanup: 11698 ns, At safepoint: 885013 ns, Total: 1760312 ns
[2025-10-15T05:12:24.342-0700][1246 ][info ][safepoint   ] Safepoint "Cleanup", Time since last: 1000106374 ns, Reaching safepoint: 1760492 ns, Cleanup: 15333 ns, At safepoint: 1076131 ns, Total: 2851956 ns
[2025-10-15T05:12:25.347-0700][1246 ][info ][safepoint   ] Safepoint "Cleanup", Time since last: 1000115758 ns, Reaching safepoint: 3145980 ns, Cleanup: 17806 ns, At safepoint: 1544147 ns, Total: 4707933 ns
[2025-10-15T05:12:26.349-0700][1246 ][info ][safepoint   ] Safepoint "Cleanup", Time since last: 1000106934 ns, Reaching safepoint: 1186417 ns, Cleanup: 14652 ns, At safepoint: 850692 ns, Total: 2051761 ns
[2025-10-15T05:12:27.351-0700][1246 ][info ][safepoint   ] Safepoint "Cleanup", Time since last: 1000080224 ns, Reaching safepoint: 832504 ns, Cleanup: 17096 ns, At safepoint: 1292858 ns, Total: 2142458 ns
[2025-10-15T05:12:28.353-0700][1246 ][info ][safepoint   ] Safepoint "Cleanup", Time since last: 1000105572 ns, Reaching safepoint: 805213 ns, Cleanup: 21603 ns, At safepoint: 872394 ns, Total: 1699210 ns
[2025-10-15T05:12:29.355-0700][1246 ][info ][safepoint   ] Safepoint "Cleanup", Time since last: 1000106583 ns, Reaching safepoint: 894929 ns, Cleanup: 12398 ns, At safepoint: 897693 ns, Total: 1805020 ns
[2025-10-15T05:12:30.357-0700][1246 ][info ][safepoint   ] Safepoint "Cleanup", Time since last: 1000128186 ns, Reaching safepoint: 867447 ns, Cleanup: 32148 ns, At safepoint: 1134349 ns, Total: 2033944 ns
[2025-10-15T05:12:31.360-0700][1246 ][info ][safepoint   ] Safepoint "Cleanup", Time since last: 1000105853 ns, Reaching safepoint: 872695 ns, Cleanup: 36765 ns, At safepoint: 1288581 ns, Total: 2198041 ns
[2025-10-15T05:12:31.469-0700][1246 ][info ][gc,start    ] GC(90) Pause Young (Mixed) (G1 Evacuation Pause)
[2025-10-15T05:12:31.469-0700][1246 ][info ][gc,task     ] GC(90) Using 113 workers of 113 for evacuation
[2025-10-15T05:12:31.485-0700][1246 ][debug][gc,remset   ] GC(90) Visited cards 9637888 Total dirty 72417280 (13.31%) Total old 495124480 (1.95%)
[2025-10-15T05:12:31.662-0700][1246 ][info ][gc,phases   ] GC(90)   Pre Evacuate Collection Set: 0.8ms
[2025-10-15T05:12:31.662-0700][1246 ][info ][gc,phases   ] GC(90)   Merge Heap Roots: 15.1ms
[2025-10-15T05:12:31.662-0700][1246 ][info ][gc,phases   ] GC(90)   Evacuate Collection Set: 159.0ms
[2025-10-15T05:12:31.662-0700][1246 ][info ][gc,phases   ] GC(90)   Post Evacuate Collection Set: 18.6ms
[2025-10-15T05:12:31.662-0700][1246 ][info ][gc,phases   ] GC(90)   Other: 0.2ms
[2025-10-15T05:12:31.662-0700][1246 ][debug][gc,remset   ] GC(90) Coarsening (recent): Inline->AoC 39767 (0) AoC->Howl 84 (0) Howl->Full 0 (0) Inline->AoC 397 (0) AoC->BitMap 22 (0) BitMap->Full 0 (0) 
[2025-10-15T05:12:31.662-0700][1246 ][debug][gc,remset   ] GC(90) Coarsening (all): Inline->AoC 1266745 (19) AoC->Howl 41258 (75) Howl->Full 0 (0) Inline->AoC 205427 (22) AoC->BitMap 47104 (74) BitMap->Full 0 (0) 
[2025-10-15T05:12:31.662-0700][1246 ][info ][gc,heap     ] GC(90) Eden regions: 2918->0(1807)
[2025-10-15T05:12:31.662-0700][1246 ][info ][gc,heap     ] GC(90) Survivor regions: 204->252(391)
[2025-10-15T05:12:31.662-0700][1246 ][info ][gc,heap     ] GC(90) Old regions: 1204->1123
[2025-10-15T05:12:31.662-0700][1246 ][info ][gc,heap     ] GC(90) Humongous regions: 24->0
[2025-10-15T05:12:31.662-0700][1246 ][info ][gc,metaspace] GC(90) Metaspace: 311414K(316864K)->311414K(316864K) NonClass: 274781K(277696K)->274781K(277696K) Class: 36632K(39168K)->36632K(39168K)
[2025-10-15T05:12:31.662-0700][1246 ][info ][gc          ] GC(90) Pause Young (Mixed) (G1 Evacuation Pause) 139200M->43948M(184320M) 193.783ms
[2025-10-15T05:12:31.663-0700][1246 ][info ][gc,cpu      ] GC(90) User=17.69s Sys=0.32s Real=0.19s
[2025-10-15T05:12:31.665-0700][1246 ][info ][safepoint   ] Safepoint "G1CollectForAllocation", Time since last: 104923470 ns, Reaching safepoint: 2896083 ns, Cleanup: 5248 ns, At safepoint: 197043288 ns, Total: 199944619 ns
[2025-10-15T05:12:32.666-0700][1246 ][info ][safepoint   ] Safepoint "Cleanup", Time since last: 1000089998 ns, Reaching safepoint: 714877 ns, Cleanup: 106190 ns, At safepoint: 170918 ns, Total: 991985 ns
[2025-10-15T05:12:33.667-0700][1246 ][info ][safepoint   ] Safepoint "Cleanup", Time since last: 1000106623 ns, Reaching safepoint: 1041119 ns, Cleanup: 91097 ns, At safepoint: 335325 ns, Total: 1467541 ns
[2025-10-15T05:12:34.669-0700][1246 ][info ][safepoint   ] Safepoint "Cleanup", Time since last: 1000068557 ns, Reaching safepoint: 971393 ns, Cleanup: 44758 ns, At safepoint: 1186097 ns, Total: 2202248 ns
[2025-10-15T05:12:35.672-0700][1246 ][info ][safepoint   ] Safepoint "Cleanup", Time since last: 1000086873 ns, Reaching safepoint: 838884 ns, Cleanup: 18869 ns, At safepoint: 1208390 ns, Total: 2066143 ns
[2025-10-15T05:12:36.678-0700][1246 ][info ][safepoint   ] Safepoint "Cleanup", Time since last: 1000098752 ns, Reaching safepoint: 4071224 ns, Cleanup: 30175 ns, At safepoint: 1932432 ns, Total: 6033831 ns
[2025-10-15T05:12:37.681-0700][1246 ][info ][safepoint   ] Safepoint "Cleanup", Time since last: 1000107665 ns, Reaching safepoint: 1475944 ns, Cleanup: 27461 ns, At safepoint: 1698629 ns, Total: 3202034 ns
[2025-10-15T05:12:38.323-0700][1246 ][info ][gc,start    ] GC(91) Pause Young (Mixed) (G1 Evacuation Pause)
[2025-10-15T05:12:38.323-0700][1246 ][info ][gc,task     ] GC(91) Using 113 workers of 113 for evacuation
[2025-10-15T05:12:38.337-0700][1246 ][debug][gc,remset   ] GC(91) Visited cards 9550592 Total dirty 67567616 (14.13%) Total old 377749504 (2.53%)
[2025-10-15T05:12:38.520-0700][1246 ][info ][gc,phases   ] GC(91)   Pre Evacuate Collection Set: 0.7ms
[2025-10-15T05:12:38.520-0700][1246 ][info ][gc,phases   ] GC(91)   Merge Heap Roots: 13.4ms
[2025-10-15T05:12:38.520-0700][1246 ][info ][gc,phases   ] GC(91)   Evacuate Collection Set: 163.2ms
[2025-10-15T05:12:38.520-0700][1246 ][info ][gc,phases   ] GC(91)   Post Evacuate Collection Set: 19.5ms
[2025-10-15T05:12:38.520-0700][1246 ][info ][gc,phases   ] GC(91)   Other: 0.2ms
[2025-10-15T05:12:38.520-0700][1246 ][debug][gc,remset   ] GC(91) Coarsening (recent): Inline->AoC 29995 (0) AoC->Howl 160 (0) Howl->Full 0 (0) Inline->AoC 703 (0) AoC->BitMap 62 (0) BitMap->Full 0 (0) 
[2025-10-15T05:12:38.520-0700][1246 ][debug][gc,remset   ] GC(91) Coarsening (all): Inline->AoC 1296740 (19) AoC->Howl 41418 (75) Howl->Full 0 (0) Inline->AoC 206130 (22) AoC->BitMap 47166 (74) BitMap->Full 0 (0) 
[2025-10-15T05:12:38.520-0700][1246 ][info ][gc,heap     ] GC(91) Eden regions: 2020->0(3275)
[2025-10-15T05:12:38.520-0700][1246 ][info ][gc,heap     ] GC(91) Survivor regions: 252->181(284)
[2025-10-15T05:12:38.520-0700][1246 ][info ][gc,heap     ] GC(91) Old regions: 1123->1134
[2025-10-15T05:12:38.520-0700][1246 ][info ][gc,heap     ] GC(91) Humongous regions: 14->0
[2025-10-15T05:12:38.520-0700][1246 ][info ][gc,metaspace] GC(91) Metaspace: 311495K(316864K)->311495K(316864K) NonClass: 274862K(277696K)->274862K(277696K) Class: 36632K(39168K)->36632K(39168K)
[2025-10-15T05:12:38.520-0700][1246 ][info ][gc          ] GC(91) Pause Young (Mixed) (G1 Evacuation Pause) 109036M->42053M(184320M) 197.122ms
[2025-10-15T05:12:38.521-0700][1246 ][info ][gc,cpu      ] GC(91) User=18.42s Sys=0.21s Real=0.20s
[2025-10-15T05:12:38.522-0700][1246 ][info ][safepoint   ] Safepoint "G1CollectForAllocation", Time since last: 639984810 ns, Reaching safepoint: 895539 ns, Cleanup: 6500 ns, At safepoint: 200496270 ns, Total: 201398309 ns
[2025-10-15T05:12:39.523-0700][1246 ][info ][safepoint   ] Safepoint "Cleanup", Time since last: 1000083729 ns, Reaching safepoint: 739765 ns, Cleanup: 12258 ns, At safepoint: 212821 ns, Total: 964844 ns
[2025-10-15T05:12:40.525-0700][1246 ][info ][safepoint   ] Safepoint "Cleanup", Time since last: 1000108196 ns, Reaching safepoint: 768057 ns, Cleanup: 40972 ns, At safepoint: 233511 ns, Total: 1042540 ns
[2025-10-15T05:12:41.526-0700][1246 ][info ][safepoint   ] Safepoint "Cleanup", Time since last: 1000106424 ns, Reaching safepoint: 822579 ns, Cleanup: 76986 ns, At safepoint: 249856 ns, Total: 1149421 ns
[2025-10-15T05:12:42.528-0700][1246 ][info ][safepoint   ] Safepoint "Cleanup", Time since last: 1000124181 ns, Reaching safepoint: 1080147 ns, Cleanup: 55323 ns, At safepoint: 1136432 ns, Total: 2271902 ns
[2025-10-15T05:12:43.530-0700][1246 ][info ][safepoint   ] Safepoint "Cleanup", Time since last: 1000106704 ns, Reaching safepoint: 869711 ns, Cleanup: 75774 ns, At safepoint: 908208 ns, Total: 1853693 ns
[2025-10-15T05:12:44.532-0700][1246 ][info ][safepoint   ] Safepoint "Cleanup", Time since last: 1000101516 ns, Reaching safepoint: 838233 ns, Cleanup: 10055 ns, At safepoint: 1118365 ns, Total: 1966653 ns
[2025-10-15T05:12:45.534-0700][1246 ][info ][safepoint   ] Safepoint "Cleanup", Time since last: 1000104520 ns, Reaching safepoint: 806305 ns, Cleanup: 25489 ns, At safepoint: 1071374 ns, Total: 1903168 ns
[2025-10-15T05:12:46.536-0700][1246 ][info ][safepoint   ] Safepoint "Cleanup", Time since last: 1000055707 ns, Reaching safepoint: 1017042 ns, Cleanup: 33601 ns, At safepoint: 1067057 ns, Total: 2117700 ns
[2025-10-15T05:12:47.541-0700][1246 ][info ][safepoint   ] Safepoint "Cleanup", Time since last: 1000115227 ns, Reaching safepoint: 901859 ns, Cleanup: 55804 ns, At safepoint: 3188944 ns, Total: 4146607 ns
[2025-10-15T05:12:48.543-0700][1246 ][info ][safepoint   ] Safepoint "Cleanup", Time since last: 1000128237 ns, Reaching safepoint: 1006676 ns, Cleanup: 48854 ns, At safepoint: 1102050 ns, Total: 2157580 ns
[2025-10-15T05:12:48.589-0700][1246 ][info ][gc,start    ] GC(92) Pause Young (Mixed) (G1 Evacuation Pause)
[2025-10-15T05:12:48.589-0700][1246 ][info ][gc,task     ] GC(92) Using 113 workers of 113 for evacuation
[2025-10-15T05:12:48.603-0700][1246 ][debug][gc,remset   ] GC(92) Visited cards 10999040 Total dirty 68222976 (16.12%) Total old 535429120 (2.05%)
[2025-10-15T05:12:48.755-0700][1246 ][debug][gc,remset   ] GC(92) Visited cards 1073408 Total dirty 53215232 (2.02%) Total old 552665088 (0.19%)
[2025-10-15T05:12:48.780-0700][1246 ][info ][gc,phases   ] GC(92)   Pre Evacuate Collection Set: 0.8ms
[2025-10-15T05:12:48.780-0700][1246 ][info ][gc,phases   ] GC(92)   Merge Heap Roots: 13.9ms
[2025-10-15T05:12:48.780-0700][1246 ][info ][gc,phases   ] GC(92)   Evacuate Collection Set: 150.1ms
[2025-10-15T05:12:48.780-0700][1246 ][info ][gc,phases   ] GC(92)   Merge Optional Heap Roots: 1.1ms
[2025-10-15T05:12:48.780-0700][1246 ][info ][gc,phases   ] GC(92)   Evacuate Optional Collection Set: 6.5ms
[2025-10-15T05:12:48.780-0700][1246 ][info ][gc,phases   ] GC(92)   Post Evacuate Collection Set: 18.5ms
[2025-10-15T05:12:48.780-0700][1246 ][info ][gc,phases   ] GC(92)   Other: 0.2ms
[2025-10-15T05:12:48.780-0700][1246 ][debug][gc,remset   ] GC(92) Coarsening (recent): Inline->AoC 40545 (0) AoC->Howl 935 (0) Howl->Full 0 (0) Inline->AoC 2569 (0) AoC->BitMap 768 (0) BitMap->Full 0 (0) 
[2025-10-15T05:12:48.780-0700][1246 ][debug][gc,remset   ] GC(92) Coarsening (all): Inline->AoC 1337285 (19) AoC->Howl 42353 (75) Howl->Full 0 (0) Inline->AoC 208699 (22) AoC->BitMap 47934 (74) BitMap->Full 0 (0) 
[2025-10-15T05:12:48.780-0700][1246 ][info ][gc,heap     ] GC(92) Eden regions: 3275->0(2115)
[2025-10-15T05:12:48.780-0700][1246 ][info ][gc,heap     ] GC(92) Survivor regions: 181->230(432)
[2025-10-15T05:12:48.780-0700][1246 ][info ][gc,heap     ] GC(92) Old regions: 1134->1028
[2025-10-15T05:12:48.780-0700][1246 ][info ][gc,heap     ] GC(92) Humongous regions: 27->0
[2025-10-15T05:12:48.780-0700][1246 ][info ][gc,metaspace] GC(92) Metaspace: 311750K(317120K)->311750K(317120K) NonClass: 275098K(277952K)->275098K(277952K) Class: 36652K(39168K)->36652K(39168K)
[2025-10-15T05:12:48.780-0700][1246 ][info ][gc          ] GC(92) Pause Young (Mixed) (G1 Evacuation Pause) 147717M->40250M(184320M) 191.328ms
[2025-10-15T05:12:48.781-0700][1246 ][info ][gc,cpu      ] GC(92) User=16.80s Sys=0.49s Real=0.19s
[2025-10-15T05:12:48.782-0700][1246 ][info ][safepoint   ] Safepoint "G1CollectForAllocation", Time since last: 43113946 ns, Reaching safepoint: 1297535 ns, Cleanup: 4687 ns, At safepoint: 194569982 ns, Total: 195872204 ns
[2025-10-15T05:12:49.783-0700][1246 ][info ][safepoint   ] Safepoint "Cleanup", Time since last: 1000084140 ns, Reaching safepoint: 828238 ns, Cleanup: 20461 ns, At safepoint: 366492 ns, Total: 1215191 ns
[2025-10-15T05:12:51.785-0700][1246 ][info ][safepoint   ] Safepoint "Cleanup", Time since last: 2000171429 ns, Reaching safepoint: 852323 ns, Cleanup: 24167 ns, At safepoint: 181102 ns, Total: 1057592 ns
[2025-10-15T05:12:52.787-0700][1246 ][info ][safepoint   ] Safepoint "Cleanup", Time since last: 1000113817 ns, Reaching safepoint: 970602 ns, Cleanup: 73480 ns, At safepoint: 1159917 ns, Total: 2203999 ns
[2025-10-15T05:12:53.790-0700][1246 ][info ][safepoint   ] Safepoint "Cleanup", Time since last: 1000119987 ns, Reaching safepoint: 1589733 ns, Cleanup: 37086 ns, At safepoint: 1203232 ns, Total: 2830051 ns
[2025-10-15T05:12:54.792-0700][1246 ][info ][safepoint   ] Safepoint "Cleanup", Time since last: 1000111534 ns, Reaching safepoint: 850371 ns, Cleanup: 20821 ns, At safepoint: 1585738 ns, Total: 2456930 ns
[2025-10-15T05:12:54.965-0700][1246 ][info ][gc,start    ] GC(93) Pause Young (Mixed) (G1 Evacuation Pause)
[2025-10-15T05:12:54.965-0700][1246 ][info ][gc,task     ] GC(93) Using 113 workers of 113 for evacuation
[2025-10-15T05:12:54.979-0700][1246 ][debug][gc,remset   ] GC(93) Visited cards 11094016 Total dirty 61931520 (17.91%) Total old 400097280 (2.77%)
[2025-10-15T05:12:55.169-0700][1246 ][info ][gc,mmu      ] GC(93) MMU target violated: 201.0ms (200.0ms/201.0ms)
[2025-10-15T05:12:55.169-0700][1246 ][info ][gc,phases   ] GC(93)   Pre Evacuate Collection Set: 0.7ms
[2025-10-15T05:12:55.169-0700][1246 ][info ][gc,phases   ] GC(93)   Merge Heap Roots: 13.2ms
[2025-10-15T05:12:55.169-0700][1246 ][info ][gc,phases   ] GC(93)   Evacuate Collection Set: 172.5ms
[2025-10-15T05:12:55.169-0700][1246 ][info ][gc,phases   ] GC(93)   Post Evacuate Collection Set: 17.0ms
[2025-10-15T05:12:55.169-0700][1246 ][info ][gc,phases   ] GC(93)   Other: 0.2ms
[2025-10-15T05:12:55.169-0700][1246 ][debug][gc,remset   ] GC(93) Coarsening (recent): Inline->AoC 36530 (0) AoC->Howl 254 (0) Howl->Full 0 (0) Inline->AoC 984 (0) AoC->BitMap 175 (0) BitMap->Full 0 (0) 
[2025-10-15T05:12:55.169-0700][1246 ][debug][gc,remset   ] GC(93) Coarsening (all): Inline->AoC 1373815 (19) AoC->Howl 42607 (75) Howl->Full 0 (0) Inline->AoC 209683 (22) AoC->BitMap 48109 (74) BitMap->Full 0 (0) 
[2025-10-15T05:12:55.169-0700][1246 ][info ][gc,heap     ] GC(93) Eden regions: 2261->0(3300)
[2025-10-15T05:12:55.169-0700][1246 ][info ][gc,heap     ] GC(93) Survivor regions: 230->156(312)
[2025-10-15T05:12:55.169-0700][1246 ][info ][gc,heap     ] GC(93) Old regions: 1028->1047
[2025-10-15T05:12:55.169-0700][1246 ][info ][gc,heap     ] GC(93) Humongous regions: 12->0
[2025-10-15T05:12:55.169-0700][1246 ][info ][gc,metaspace] GC(93) Metaspace: 312134K(317568K)->312134K(317568K) NonClass: 275435K(278336K)->275435K(278336K) Class: 36698K(39232K)->36698K(39232K)
[2025-10-15T05:12:55.169-0700][1246 ][info ][gc          ] GC(93) Pause Young (Mixed) (G1 Evacuation Pause) 112986M->38489M(184320M) 203.680ms
[2025-10-15T05:12:55.170-0700][1246 ][info ][gc,cpu      ] GC(93) User=16.94s Sys=0.24s Real=0.21s
[2025-10-15T05:12:55.171-0700][1246 ][info ][safepoint   ] Safepoint "G1CollectForAllocation", Time since last: 171047772 ns, Reaching safepoint: 718963 ns, Cleanup: 18087 ns, At safepoint: 207191406 ns, Total: 207928456 ns
[2025-10-15T05:12:56.173-0700][1246 ][info ][safepoint   ] Safepoint "Cleanup", Time since last: 1000082250 ns, Reaching safepoint: 832273 ns, Cleanup: 35634 ns, At safepoint: 314093 ns, Total: 1182000 ns
[2025-10-15T05:12:57.174-0700][1246 ][info ][safepoint   ] Safepoint "Cleanup", Time since last: 1000113086 ns, Reaching safepoint: 931503 ns, Cleanup: 45769 ns, At safepoint: 706994 ns, Total: 1684266 ns
[2025-10-15T05:12:58.176-0700][1246 ][info ][safepoint   ] Safepoint "Cleanup", Time since last: 1000115030 ns, Reaching safepoint: 852583 ns, Cleanup: 11297 ns, At safepoint: 399913 ns, Total: 1263793 ns
[2025-10-15T05:12:59.178-0700][1246 ][info ][safepoint   ] Safepoint "Cleanup", Time since last: 1000103171 ns, Reaching safepoint: 845072 ns, Cleanup: 34933 ns, At safepoint: 996280 ns, Total: 1876285 ns
[2025-10-15T05:13:00.196-0700][1246 ][info ][safepoint   ] Safepoint "Cleanup", Time since last: 1000106316 ns, Reaching safepoint: 15613090 ns, Cleanup: 23685 ns, At safepoint: 2478312 ns, Total: 18115087 ns
[2025-10-15T05:13:01.702-0700][1246 ][info ][safepoint   ] Safepoint "Cleanup", Time since last: 1504619921 ns, Reaching safepoint: 870490 ns, Cleanup: 34422 ns, At safepoint: 370558 ns, Total: 1275470 ns
[2025-10-15T05:13:02.703-0700][1246 ][info ][safepoint   ] Safepoint "Cleanup", Time since last: 1000104924 ns, Reaching safepoint: 991083 ns, Cleanup: 10606 ns, At safepoint: 321934 ns, Total: 1323623 ns
[2025-10-15T05:13:03.705-0700][1246 ][info ][safepoint   ] Safepoint "Cleanup", Time since last: 1000101960 ns, Reaching safepoint: 810521 ns, Cleanup: 20871 ns, At safepoint: 247873 ns, Total: 1079265 ns
[2025-10-15T05:13:04.707-0700][1246 ][info ][safepoint   ] Safepoint "Cleanup", Time since last: 1000120988 ns, Reaching safepoint: 1334961 ns, Cleanup: 44006 ns, At safepoint: 1211194 ns, Total: 2590161 ns
[2025-10-15T05:13:05.198-0700][1246 ][info ][gc,start    ] GC(94) Pause Young (Mixed) (G1 Evacuation Pause)
[2025-10-15T05:13:05.198-0700][1246 ][info ][gc,task     ] GC(94) Using 113 workers of 113 for evacuation
[2025-10-15T05:13:05.213-0700][1246 ][debug][gc,remset   ] GC(94) Visited cards 15273472 Total dirty 59441152 (25.70%) Total old 532152320 (2.87%)
[2025-10-15T05:13:05.390-0700][1246 ][debug][gc,remset   ] GC(94) Visited cards 2466560 Total dirty 53936128 (4.57%) Total old 549519360 (0.45%)
[2025-10-15T05:13:05.421-0700][1246 ][info ][gc,mmu      ] GC(94) MMU target violated: 201.0ms (200.0ms/201.0ms)
[2025-10-15T05:13:05.421-0700][1246 ][info ][gc,phases   ] GC(94)   Pre Evacuate Collection Set: 0.8ms
[2025-10-15T05:13:05.421-0700][1246 ][info ][gc,phases   ] GC(94)   Merge Heap Roots: 14.1ms
[2025-10-15T05:13:05.421-0700][1246 ][info ][gc,phases   ] GC(94)   Evacuate Collection Set: 175.6ms
[2025-10-15T05:13:05.421-0700][1246 ][info ][gc,phases   ] GC(94)   Merge Optional Heap Roots: 0.8ms
[2025-10-15T05:13:05.421-0700][1246 ][info ][gc,phases   ] GC(94)   Evacuate Optional Collection Set: 13.0ms
[2025-10-15T05:13:05.421-0700][1246 ][info ][gc,phases   ] GC(94)   Post Evacuate Collection Set: 18.6ms
[2025-10-15T05:13:05.421-0700][1246 ][info ][gc,phases   ] GC(94)   Other: 0.2ms
[2025-10-15T05:13:05.421-0700][1246 ][debug][gc,remset   ] GC(94) Coarsening (recent): Inline->AoC 58263 (2) AoC->Howl 591 (17) Howl->Full 0 (0) Inline->AoC 1495 (2) AoC->BitMap 493 (13) BitMap->Full 0 (0) 
[2025-10-15T05:13:05.421-0700][1246 ][debug][gc,remset   ] GC(94) Coarsening (all): Inline->AoC 1432078 (21) AoC->Howl 43198 (92) Howl->Full 0 (0) Inline->AoC 211178 (24) AoC->BitMap 48602 (87) BitMap->Full 0 (0) 
[2025-10-15T05:13:05.421-0700][1246 ][info ][gc,heap     ] GC(94) Eden regions: 3300->0(1857)
[2025-10-15T05:13:05.421-0700][1246 ][info ][gc,heap     ] GC(94) Survivor regions: 156->211(432)
[2025-10-15T05:13:05.421-0700][1246 ][info ][gc,heap     ] GC(94) Old regions: 1047->885
[2025-10-15T05:13:05.421-0700][1246 ][info ][gc,heap     ] GC(94) Humongous regions: 15->0
[2025-10-15T05:13:05.421-0700][1246 ][info ][gc,metaspace] GC(94) Metaspace: 312308K(317824K)->312308K(317824K) NonClass: 275593K(278528K)->275593K(278528K) Class: 36714K(39296K)->36714K(39296K)
[2025-10-15T05:13:05.421-0700][1246 ][info ][gc          ] GC(94) Pause Young (Mixed) (G1 Evacuation Pause) 144569M->35053M(184320M) 223.342ms
[2025-10-15T05:13:05.422-0700][1246 ][info ][gc,cpu      ] GC(94) User=17.24s Sys=0.62s Real=0.23s
[2025-10-15T05:13:05.424-0700][1246 ][info ][safepoint   ] Safepoint "G1CollectForAllocation", Time since last: 488409495 ns, Reaching safepoint: 1237233 ns, Cleanup: 10065 ns, At safepoint: 226821924 ns, Total: 228069222 ns
[2025-10-15T05:13:06.425-0700][1246 ][info ][safepoint   ] Safepoint "Cleanup", Time since last: 1000089882 ns, Reaching safepoint: 774486 ns, Cleanup: 36756 ns, At safepoint: 112950 ns, Total: 924192 ns
[2025-10-15T05:13:07.426-0700][1246 ][info ][safepoint   ] Safepoint "Cleanup", Time since last: 1000108900 ns, Reaching safepoint: 922899 ns, Cleanup: 23676 ns, At safepoint: 687876 ns, Total: 1634451 ns
[2025-10-15T05:13:08.428-0700][1246 ][info ][safepoint   ] Safepoint "Cleanup", Time since last: 1000116271 ns, Reaching safepoint: 1203152 ns, Cleanup: 47151 ns, At safepoint: 494825 ns, Total: 1745128 ns
[2025-10-15T05:13:09.431-0700][1246 ][info ][safepoint   ] Safepoint "Cleanup", Time since last: 1000111554 ns, Reaching safepoint: 931272 ns, Cleanup: 31337 ns, At safepoint: 1138865 ns, Total: 2101474 ns
[2025-10-15T05:13:10.432-0700][1246 ][info ][safepoint   ] Safepoint "Cleanup", Time since last: 1000108736 ns, Reaching safepoint: 871047 ns, Cleanup: 10205 ns, At safepoint: 934654 ns, Total: 1815906 ns
[2025-10-15T05:13:11.434-0700][1246 ][info ][safepoint   ] Safepoint "Cleanup", Time since last: 1000105458 ns, Reaching safepoint: 841883 ns, Cleanup: 14853 ns, At safepoint: 941133 ns, Total: 1797869 ns
[2025-10-15T05:13:11.665-0700][1246 ][info ][gc,start    ] GC(95) Pause Young (Mixed) (G1 Evacuation Pause)
[2025-10-15T05:13:11.665-0700][1246 ][info ][gc,task     ] GC(95) Using 113 workers of 113 for evacuation
[2025-10-15T05:13:11.678-0700][1246 ][debug][gc,remset   ] GC(95) Visited cards 12569856 Total dirty 52494336 (23.95%) Total old 411500544 (3.05%)
[2025-10-15T05:13:11.859-0700][1246 ][info ][gc,phases   ] GC(95)   Pre Evacuate Collection Set: 0.7ms
[2025-10-15T05:13:11.859-0700][1246 ][info ][gc,phases   ] GC(95)   Merge Heap Roots: 12.5ms
[2025-10-15T05:13:11.859-0700][1246 ][info ][gc,phases   ] GC(95)   Evacuate Collection Set: 167.5ms
[2025-10-15T05:13:11.859-0700][1246 ][info ][gc,phases   ] GC(95)   Post Evacuate Collection Set: 13.5ms
[2025-10-15T05:13:11.859-0700][1246 ][info ][gc,phases   ] GC(95)   Other: 0.2ms
[2025-10-15T05:13:11.859-0700][1246 ][debug][gc,remset   ] GC(95) Coarsening (recent): Inline->AoC 34961 (0) AoC->Howl 253 (0) Howl->Full 0 (0) Inline->AoC 958 (0) AoC->BitMap 159 (0) BitMap->Full 0 (0) 
[2025-10-15T05:13:11.859-0700][1246 ][debug][gc,remset   ] GC(95) Coarsening (all): Inline->AoC 1467039 (21) AoC->Howl 43451 (92) Howl->Full 0 (0) Inline->AoC 212136 (24) AoC->BitMap 48761 (87) BitMap->Full 0 (0) 
[2025-10-15T05:13:11.859-0700][1246 ][info ][gc,heap     ] GC(95) Eden regions: 2441->0(3307)
[2025-10-15T05:13:11.859-0700][1246 ][info ][gc,heap     ] GC(95) Survivor regions: 211->149(332)
[2025-10-15T05:13:11.859-0700][1246 ][info ][gc,heap     ] GC(95) Old regions: 885->888
[2025-10-15T05:13:11.859-0700][1246 ][info ][gc,heap     ] GC(95) Humongous regions: 7->0
[2025-10-15T05:13:11.859-0700][1246 ][info ][gc,metaspace] GC(95) Metaspace: 312427K(317952K)->312427K(317952K) NonClass: 275710K(278656K)->275710K(278656K) Class: 36716K(39296K)->36716K(39296K)
[2025-10-15T05:13:11.859-0700][1246 ][info ][gc          ] GC(95) Pause Young (Mixed) (G1 Evacuation Pause) 113389M->33184M(184320M) 194.682ms
[2025-10-15T05:13:11.860-0700][1246 ][info ][gc,cpu      ] GC(95) User=15.38s Sys=0.33s Real=0.20s
[2025-10-15T05:13:11.862-0700][1246 ][info ][safepoint   ] Safepoint "G1CollectForAllocation", Time since last: 211455081 ns, Reaching safepoint: 17635579 ns, Cleanup: 6630 ns, At safepoint: 198056899 ns, Total: 215699108 ns
[2025-10-15T05:13:12.863-0700][1246 ][info ][safepoint   ] Safepoint "Cleanup", Time since last: 1000085478 ns, Reaching safepoint: 801112 ns, Cleanup: 45118 ns, At safepoint: 173442 ns, Total: 1019672 ns
[2025-10-15T05:13:13.864-0700][1246 ][info ][safepoint   ] Safepoint "Cleanup", Time since last: 1000107752 ns, Reaching safepoint: 843886 ns, Cleanup: 32349 ns, At safepoint: 277149 ns, Total: 1153384 ns
[2025-10-15T05:13:14.865-0700][1246 ][info ][safepoint   ] Safepoint "Cleanup", Time since last: 1000107802 ns, Reaching safepoint: 898749 ns, Cleanup: 14653 ns, At safepoint: 487216 ns, Total: 1400618 ns
[2025-10-15T05:13:15.868-0700][1246 ][info ][safepoint   ] Safepoint "Cleanup", Time since last: 1000110426 ns, Reaching safepoint: 1590195 ns, Cleanup: 23946 ns, At safepoint: 1098311 ns, Total: 2712452 ns
[2025-10-15T05:13:16.870-0700][1246 ][info ][safepoint   ] Safepoint "Cleanup", Time since last: 1000101943 ns, Reaching safepoint: 805248 ns, Cleanup: 20240 ns, At safepoint: 905390 ns, Total: 1730878 ns
[2025-10-15T05:13:17.872-0700][1246 ][info ][safepoint   ] Safepoint "Cleanup", Time since last: 1000103705 ns, Reaching safepoint: 878319 ns, Cleanup: 12609 ns, At safepoint: 875904 ns, Total: 1766832 ns
[2025-10-15T05:13:18.874-0700][1246 ][info ][safepoint   ] Safepoint "Cleanup", Time since last: 1000103395 ns, Reaching safepoint: 754802 ns, Cleanup: 24197 ns, At safepoint: 830926 ns, Total: 1609925 ns
[2025-10-15T05:13:19.882-0700][1246 ][info ][safepoint   ] Safepoint "Cleanup", Time since last: 1000102985 ns, Reaching safepoint: 3987480 ns, Cleanup: 13871 ns, At safepoint: 4637683 ns, Total: 8639034 ns
[2025-10-15T05:13:20.884-0700][1246 ][info ][safepoint   ] Safepoint "Cleanup", Time since last: 1000128423 ns, Reaching safepoint: 988214 ns, Cleanup: 9705 ns, At safepoint: 847211 ns, Total: 1845130 ns
[2025-10-15T05:13:21.886-0700][1246 ][info ][safepoint   ] Safepoint "Cleanup", Time since last: 1000117407 ns, Reaching safepoint: 692537 ns, Cleanup: 10296 ns, At safepoint: 422719 ns, Total: 1125552 ns
[2025-10-15T05:13:22.900-0700][1246 ][info ][safepoint   ] Safepoint "Cleanup", Time since last: 1000238449 ns, Reaching safepoint: 9362288 ns, Cleanup: 13671 ns, At safepoint: 4576200 ns, Total: 13952159 ns
[2025-10-15T05:13:24.902-0700][1246 ][info ][safepoint   ] Safepoint "Cleanup", Time since last: 2000194582 ns, Reaching safepoint: 871799 ns, Cleanup: 10355 ns, At safepoint: 745738 ns, Total: 1627892 ns
[2025-10-15T05:13:25.903-0700][1246 ][info ][safepoint   ] Safepoint "Cleanup", Time since last: 1000110696 ns, Reaching safepoint: 770345 ns, Cleanup: 11718 ns, At safepoint: 958980 ns, Total: 1741043 ns
[2025-10-15T05:13:26.394-0700][1246 ][info ][gc,start    ] GC(96) Pause Young (Mixed) (G1 Evacuation Pause)
[2025-10-15T05:13:26.394-0700][1246 ][info ][gc,task     ] GC(96) Using 113 workers of 113 for evacuation
[2025-10-15T05:13:26.410-0700][1246 ][debug][gc,remset   ] GC(96) Visited cards 11098368 Total dirty 56754176 (19.56%) Total old 514588672 (2.16%)
[2025-10-15T05:13:26.593-0700][1246 ][info ][gc,phases   ] GC(96)   Pre Evacuate Collection Set: 0.8ms
[2025-10-15T05:13:26.593-0700][1246 ][info ][gc,phases   ] GC(96)   Merge Heap Roots: 15.1ms
[2025-10-15T05:13:26.593-0700][1246 ][info ][gc,phases   ] GC(96)   Evacuate Collection Set: 168.3ms
[2025-10-15T05:13:26.593-0700][1246 ][info ][gc,phases   ] GC(96)   Post Evacuate Collection Set: 14.5ms
[2025-10-15T05:13:26.593-0700][1246 ][info ][gc,phases   ] GC(96)   Other: 0.2ms
[2025-10-15T05:13:26.593-0700][1246 ][debug][gc,remset   ] GC(96) Coarsening (recent): Inline->AoC 44933 (0) AoC->Howl 206 (0) Howl->Full 0 (0) Inline->AoC 620 (0) AoC->BitMap 177 (0) BitMap->Full 0 (0) 
[2025-10-15T05:13:26.593-0700][1246 ][debug][gc,remset   ] GC(96) Coarsening (all): Inline->AoC 1511972 (21) AoC->Howl 43657 (92) Howl->Full 0 (0) Inline->AoC 212756 (24) AoC->BitMap 48938 (87) BitMap->Full 0 (0) 
[2025-10-15T05:13:26.593-0700][1246 ][info ][gc,heap     ] GC(96) Eden regions: 3307->0(2873)
[2025-10-15T05:13:26.593-0700][1246 ][info ][gc,heap     ] GC(96) Survivor regions: 149->233(432)
[2025-10-15T05:13:26.593-0700][1246 ][info ][gc,heap     ] GC(96) Old regions: 888->871
[2025-10-15T05:13:26.593-0700][1246 ][info ][gc,heap     ] GC(96) Humongous regions: 20->0
[2025-10-15T05:13:26.593-0700][1246 ][info ][gc,metaspace] GC(96) Metaspace: 312482K(318016K)->312482K(318016K) NonClass: 275764K(278720K)->275764K(278720K) Class: 36717K(39296K)->36717K(39296K)
[2025-10-15T05:13:26.593-0700][1246 ][info ][gc          ] GC(96) Pause Young (Mixed) (G1 Evacuation Pause) 139648M->35279M(184320M) 199.117ms
[2025-10-15T05:13:26.594-0700][1246 ][info ][gc,cpu      ] GC(96) User=16.88s Sys=0.49s Real=0.20s
[2025-10-15T05:13:26.596-0700][1246 ][info ][safepoint   ] Safepoint "G1CollectForAllocation", Time since last: 488028366 ns, Reaching safepoint: 1470023 ns, Cleanup: 12599 ns, At safepoint: 202570605 ns, Total: 204053227 ns
[2025-10-15T05:13:27.596-0700][1246 ][info ][safepoint   ] Safepoint "Cleanup", Time since last: 1000083786 ns, Reaching safepoint: 693468 ns, Cleanup: 14262 ns, At safepoint: 91088 ns, Total: 798818 ns
[2025-10-15T05:13:28.604-0700][1246 ][info ][safepoint   ] Safepoint "Cleanup", Time since last: 1000100851 ns, Reaching safepoint: 5928986 ns, Cleanup: 24337 ns, At safepoint: 1197982 ns, Total: 7151305 ns
[2025-10-15T05:13:29.605-0700][1246 ][info ][safepoint   ] Safepoint "Cleanup", Time since last: 1000108653 ns, Reaching safepoint: 878618 ns, Cleanup: 13791 ns, At safepoint: 608370 ns, Total: 1500779 ns
[2025-10-15T05:13:31.623-0700][1246 ][info ][safepoint   ] Safepoint "Cleanup", Time since last: 2000168112 ns, Reaching safepoint: 14508771 ns, Cleanup: 25719 ns, At safepoint: 2757600 ns, Total: 17292090 ns
[2025-10-15T05:13:32.625-0700][1246 ][info ][safepoint   ] Safepoint "Cleanup", Time since last: 1000114993 ns, Reaching safepoint: 925600 ns, Cleanup: 21111 ns, At safepoint: 1277522 ns, Total: 2224233 ns
[2025-10-15T05:13:34.627-0700][1246 ][info ][safepoint   ] Safepoint "Cleanup", Time since last: 2000163836 ns, Reaching safepoint: 924478 ns, Cleanup: 13270 ns, At safepoint: 717906 ns, Total: 1655654 ns
[2025-10-15T05:13:35.629-0700][1246 ][info ][safepoint   ] Safepoint "Cleanup", Time since last: 1000105859 ns, Reaching safepoint: 920131 ns, Cleanup: 19229 ns, At safepoint: 1326136 ns, Total: 2265496 ns
[2025-10-15T05:13:36.632-0700][1246 ][info ][safepoint   ] Safepoint "Cleanup", Time since last: 1000126720 ns, Reaching safepoint: 872450 ns, Cleanup: 17316 ns, At safepoint: 1276670 ns, Total: 2166436 ns
[2025-10-15T05:13:37.634-0700][1246 ][info ][safepoint   ] Safepoint "Cleanup", Time since last: 1000109795 ns, Reaching safepoint: 1028856 ns, Cleanup: 11107 ns, At safepoint: 1156369 ns, Total: 2196332 ns
[2025-10-15T05:13:38.636-0700][1246 ][info ][safepoint   ] Safepoint "Cleanup", Time since last: 1000136184 ns, Reaching safepoint: 899661 ns, Cleanup: 19990 ns, At safepoint: 1171812 ns, Total: 2091463 ns
[2025-10-15T05:13:39.638-0700][1246 ][info ][safepoint   ] Safepoint "Cleanup", Time since last: 1000211299 ns, Reaching safepoint: 980362 ns, Cleanup: 15814 ns, At safepoint: 1018931 ns, Total: 2015107 ns
[2025-10-15T05:13:40.641-0700][1246 ][info ][safepoint   ] Safepoint "Cleanup", Time since last: 1000171118 ns, Reaching safepoint: 917016 ns, Cleanup: 13301 ns, At safepoint: 1452556 ns, Total: 2382873 ns
[2025-10-15T05:13:41.641-0700][1246 ][info ][gc,start    ] GC(97) Pause Young (Normal) (G1 Evacuation Pause)
[2025-10-15T05:13:41.641-0700][1246 ][info ][gc,task     ] GC(97) Using 113 workers of 113 for evacuation
[2025-10-15T05:13:41.655-0700][1246 ][debug][gc,remset   ] GC(97) Visited cards 8678144 Total dirty 55312384 (15.69%) Total old 500891648 (1.73%)
[2025-10-15T05:13:41.843-0700][1246 ][info ][gc,mmu      ] GC(97) MMU target violated: 201.0ms (200.0ms/201.0ms)
[2025-10-15T05:13:41.843-0700][1246 ][info ][gc,phases   ] GC(97)   Pre Evacuate Collection Set: 0.8ms
[2025-10-15T05:13:41.843-0700][1246 ][info ][gc,phases   ] GC(97)   Merge Heap Roots: 13.7ms
[2025-10-15T05:13:41.843-0700][1246 ][info ][gc,phases   ] GC(97)   Evacuate Collection Set: 174.5ms
[2025-10-15T05:13:41.843-0700][1246 ][info ][gc,phases   ] GC(97)   Post Evacuate Collection Set: 13.4ms
[2025-10-15T05:13:41.843-0700][1246 ][info ][gc,phases   ] GC(97)   Other: 0.3ms
[2025-10-15T05:13:41.843-0700][1246 ][debug][gc,remset   ] GC(97) Coarsening (recent): Inline->AoC 40768 (0) AoC->Howl 157 (0) Howl->Full 0 (0) Inline->AoC 709 (0) AoC->BitMap 69 (0) BitMap->Full 0 (0) 
[2025-10-15T05:13:41.843-0700][1246 ][debug][gc,remset   ] GC(97) Coarsening (all): Inline->AoC 1552740 (21) AoC->Howl 43814 (92) Howl->Full 0 (0) Inline->AoC 213465 (24) AoC->BitMap 49007 (87) BitMap->Full 0 (0) 
[2025-10-15T05:13:41.843-0700][1246 ][info ][gc,heap     ] GC(97) Eden regions: 3140->0(1818)
[2025-10-15T05:13:41.843-0700][1246 ][info ][gc,heap     ] GC(97) Survivor regions: 233->268(422)
[2025-10-15T05:13:41.843-0700][1246 ][info ][gc,heap     ] GC(97) Old regions: 871->901
[2025-10-15T05:13:41.843-0700][1246 ][info ][gc,heap     ] GC(97) Humongous regions: 26->0
[2025-10-15T05:13:41.843-0700][1246 ][info ][gc,metaspace] GC(97) Metaspace: 312625K(318208K)->312625K(318208K) NonClass: 275886K(278848K)->275886K(278848K) Class: 36738K(39360K)->36738K(39360K)
[2025-10-15T05:13:41.843-0700][1246 ][info ][gc          ] GC(97) Pause Young (Normal) (G1 Evacuation Pause) 136591M->37383M(184320M) 202.777ms
[2025-10-15T05:13:41.845-0700][1246 ][info ][gc,cpu      ] GC(97) User=20.12s Sys=0.23s Real=0.20s
[2025-10-15T05:13:41.846-0700][1246 ][info ][safepoint   ] Safepoint "G1CollectForAllocation", Time since last: 997821765 ns, Reaching safepoint: 836916 ns, Cleanup: 13360 ns, At safepoint: 206330841 ns, Total: 207181117 ns
[2025-10-15T05:13:42.847-0700][1246 ][info ][safepoint   ] Safepoint "Cleanup", Time since last: 1000082925 ns, Reaching safepoint: 716103 ns, Cleanup: 22333 ns, At safepoint: 88334 ns, Total: 826770 ns
[2025-10-15T05:13:43.848-0700][1246 ][info ][safepoint   ] Safepoint "Cleanup", Time since last: 1000099444 ns, Reaching safepoint: 870101 ns, Cleanup: 27701 ns, At safepoint: 289897 ns, Total: 1187699 ns
[2025-10-15T05:13:44.850-0700][1246 ][info ][safepoint   ] Safepoint "Cleanup", Time since last: 1000100941 ns, Reaching safepoint: 1010081 ns, Cleanup: 31277 ns, At safepoint: 737110 ns, Total: 1778468 ns
[2025-10-15T05:13:45.852-0700][1246 ][info ][safepoint   ] Safepoint "Cleanup", Time since last: 1000106520 ns, Reaching safepoint: 1217713 ns, Cleanup: 18138 ns, At safepoint: 793675 ns, Total: 2029526 ns
[2025-10-15T05:13:46.854-0700][1246 ][info ][safepoint   ] Safepoint "Cleanup", Time since last: 1000103965 ns, Reaching safepoint: 863170 ns, Cleanup: 17456 ns, At safepoint: 870361 ns, Total: 1750987 ns
[2025-10-15T05:13:48.856-0700][1246 ][info ][safepoint   ] Safepoint "Cleanup", Time since last: 2000163855 ns, Reaching safepoint: 879485 ns, Cleanup: 22133 ns, At safepoint: 555206 ns, Total: 1456824 ns
[2025-10-15T05:13:49.224-0700][1246 ][info ][gc,start    ] GC(98) Pause Young (Normal) (G1 Evacuation Pause)
[2025-10-15T05:13:49.224-0700][1246 ][info ][gc,task     ] GC(98) Using 113 workers of 113 for evacuation
[2025-10-15T05:13:49.236-0700][1246 ][debug][gc,remset   ] GC(98) Visited cards 8541184 Total dirty 57016320 (14.98%) Total old 365887488 (2.33%)
[2025-10-15T05:13:49.419-0700][1246 ][info ][gc,phases   ] GC(98)   Pre Evacuate Collection Set: 0.7ms
[2025-10-15T05:13:49.419-0700][1246 ][info ][gc,phases   ] GC(98)   Merge Heap Roots: 11.6ms
[2025-10-15T05:13:49.419-0700][1246 ][info ][gc,phases   ] GC(98)   Evacuate Collection Set: 171.3ms
[2025-10-15T05:13:49.419-0700][1246 ][info ][gc,phases   ] GC(98)   Post Evacuate Collection Set: 11.7ms
[2025-10-15T05:13:49.419-0700][1246 ][info ][gc,phases   ] GC(98)   Other: 0.1ms
[2025-10-15T05:13:49.419-0700][1246 ][debug][gc,remset   ] GC(98) Coarsening (recent): Inline->AoC 30771 (0) AoC->Howl 150 (0) Howl->Full 0 (0) Inline->AoC 537 (0) AoC->BitMap 102 (0) BitMap->Full 0 (0) 
[2025-10-15T05:13:49.419-0700][1246 ][debug][gc,remset   ] GC(98) Coarsening (all): Inline->AoC 1583511 (21) AoC->Howl 43964 (92) Howl->Full 0 (0) Inline->AoC 214002 (24) AoC->BitMap 49109 (87) BitMap->Full 0 (0) 
[2025-10-15T05:13:49.419-0700][1246 ][info ][gc,heap     ] GC(98) Eden regions: 2068->0(3287)
[2025-10-15T05:13:49.419-0700][1246 ][info ][gc,heap     ] GC(98) Survivor regions: 268->169(292)
[2025-10-15T05:13:49.419-0700][1246 ][info ][gc,heap     ] GC(98) Old regions: 901->1049
[2025-10-15T05:13:49.419-0700][1246 ][info ][gc,heap     ] GC(98) Humongous regions: 10->0
[2025-10-15T05:13:49.419-0700][1246 ][info ][gc,metaspace] GC(98) Metaspace: 312687K(318272K)->312687K(318272K) NonClass: 275946K(278912K)->275946K(278912K) Class: 36740K(39360K)->36740K(39360K)
[2025-10-15T05:13:49.419-0700][1246 ][info ][gc          ] GC(98) Pause Young (Normal) (G1 Evacuation Pause) 103879M->38939M(184320M) 195.683ms
[2025-10-15T05:13:49.421-0700][1246 ][info ][gc,cpu      ] GC(98) User=19.78s Sys=0.29s Real=0.20s
[2025-10-15T05:13:49.422-0700][1246 ][info ][safepoint   ] Safepoint "G1CollectForAllocation", Time since last: 366244582 ns, Reaching safepoint: 877502 ns, Cleanup: 13119 ns, At safepoint: 199101577 ns, Total: 199992198 ns
[2025-10-15T05:13:50.423-0700][1246 ][info ][safepoint   ] Safepoint "Cleanup", Time since last: 1000091437 ns, Reaching safepoint: 887577 ns, Cleanup: 24437 ns, At safepoint: 260442 ns, Total: 1172456 ns
[2025-10-15T05:13:51.424-0700][1246 ][info ][safepoint   ] Safepoint "Cleanup", Time since last: 1000102323 ns, Reaching safepoint: 687666 ns, Cleanup: 13320 ns, At safepoint: 155314 ns, Total: 856300 ns
[2025-10-15T05:13:52.425-0700][1246 ][info ][safepoint   ] Safepoint "Cleanup", Time since last: 1000100861 ns, Reaching safepoint: 856459 ns, Cleanup: 13721 ns, At safepoint: 358630 ns, Total: 1228810 ns
[2025-10-15T05:13:54.427-0700][1246 ][info ][safepoint   ] Safepoint "Cleanup", Time since last: 2000166099 ns, Reaching safepoint: 854346 ns, Cleanup: 16315 ns, At safepoint: 184007 ns, Total: 1054668 ns
[2025-10-15T05:13:55.428-0700][1246 ][info ][safepoint   ] Safepoint "Cleanup", Time since last: 1000100891 ns, Reaching safepoint: 754776 ns, Cleanup: 29475 ns, At safepoint: 498661 ns, Total: 1282912 ns
[2025-10-15T05:13:56.430-0700][1246 ][info ][safepoint   ] Safepoint "Cleanup", Time since last: 1000110025 ns, Reaching safepoint: 817761 ns, Cleanup: 13470 ns, At safepoint: 622277 ns, Total: 1453508 ns
[2025-10-15T05:13:57.432-0700][1246 ][info ][safepoint   ] Safepoint "Cleanup", Time since last: 1000108212 ns, Reaching safepoint: 943471 ns, Cleanup: 14792 ns, At safepoint: 1034518 ns, Total: 1992781 ns
[2025-10-15T05:13:58.434-0700][1246 ][info ][safepoint   ] Safepoint "Cleanup", Time since last: 1000122313 ns, Reaching safepoint: 1055299 ns, Cleanup: 33040 ns, At safepoint: 1218936 ns, Total: 2307275 ns
[2025-10-15T05:13:59.436-0700][1246 ][info ][safepoint   ] Safepoint "Cleanup", Time since last: 1000105147 ns, Reaching safepoint: 879615 ns, Cleanup: 24557 ns, At safepoint: 1006295 ns, Total: 1910467 ns
[2025-10-15T05:14:00.438-0700][1246 ][info ][safepoint   ] Safepoint "Cleanup", Time since last: 1000103946 ns, Reaching safepoint: 845733 ns, Cleanup: 20261 ns, At safepoint: 1104423 ns, Total: 1970417 ns
[2025-10-15T05:14:01.729-0700][1246 ][info ][safepoint   ] Safepoint "Cleanup", Time since last: 1287070655 ns, Reaching safepoint: 2954118 ns, Cleanup: 29054 ns, At safepoint: 366091 ns, Total: 3349263 ns
[2025-10-15T05:14:02.404-0700][1246 ][info ][gc,start    ] GC(99) Pause Young (Normal) (G1 Evacuation Pause)
[2025-10-15T05:14:02.404-0700][1246 ][info ][gc,task     ] GC(99) Using 113 workers of 113 for evacuation
[2025-10-15T05:14:02.418-0700][1246 ][debug][gc,remset   ] GC(99) Visited cards 8811776 Total dirty 66519040 (13.25%) Total old 523370496 (1.68%)
[2025-10-15T05:14:02.593-0700][1246 ][info ][gc,phases   ] GC(99)   Pre Evacuate Collection Set: 0.7ms
[2025-10-15T05:14:02.593-0700][1246 ][info ][gc,phases   ] GC(99)   Merge Heap Roots: 13.2ms
[2025-10-15T05:14:02.593-0700][1246 ][info ][gc,phases   ] GC(99)   Evacuate Collection Set: 161.1ms
[2025-10-15T05:14:02.593-0700][1246 ][info ][gc,phases   ] GC(99)   Post Evacuate Collection Set: 14.3ms
[2025-10-15T05:14:02.593-0700][1246 ][info ][gc,phases   ] GC(99)   Other: 0.2ms
[2025-10-15T05:14:02.593-0700][1246 ][debug][gc,remset   ] GC(99) Coarsening (recent): Inline->AoC 35919 (0) AoC->Howl 98 (0) Howl->Full 0 (0) Inline->AoC 236 (0) AoC->BitMap 99 (0) BitMap->Full 0 (0) 
[2025-10-15T05:14:02.593-0700][1246 ][debug][gc,remset   ] GC(99) Coarsening (all): Inline->AoC 1619430 (21) AoC->Howl 44062 (92) Howl->Full 0 (0) Inline->AoC 214238 (24) AoC->BitMap 49208 (87) BitMap->Full 0 (0) 
[2025-10-15T05:14:02.593-0700][1246 ][info ][gc,heap     ] GC(99) Eden regions: 3287->0(1589)
[2025-10-15T05:14:02.593-0700][1246 ][info ][gc,heap     ] GC(99) Survivor regions: 169->252(432)
[2025-10-15T05:14:02.593-0700][1246 ][info ][gc,heap     ] GC(99) Old regions: 1049->1049
[2025-10-15T05:14:02.593-0700][1246 ][info ][gc,heap     ] GC(99) Humongous regions: 25->0
[2025-10-15T05:14:02.593-0700][1246 ][info ][gc,metaspace] GC(99) Metaspace: 312767K(318336K)->312767K(318336K) NonClass: 276019K(278976K)->276019K(278976K) Class: 36748K(39360K)->36748K(39360K)
[2025-10-15T05:14:02.594-0700][1246 ][info ][gc          ] GC(99) Pause Young (Normal) (G1 Evacuation Pause) 144923M->41578M(184320M) 189.721ms
[2025-10-15T05:14:02.595-0700][1246 ][info ][gc,cpu      ] GC(99) User=18.06s Sys=0.28s Real=0.19s
[2025-10-15T05:14:02.596-0700][1246 ][info ][safepoint   ] Safepoint "G1CollectForAllocation", Time since last: 673251789 ns, Reaching safepoint: 832143 ns, Cleanup: 26740 ns, At safepoint: 193139900 ns, Total: 193998783 ns
[2025-10-15T05:14:03.597-0700][1246 ][info ][safepoint   ] Safepoint "Cleanup", Time since last: 1000086189 ns, Reaching safepoint: 768758 ns, Cleanup: 22894 ns, At safepoint: 203587 ns, Total: 995239 ns
[2025-10-15T05:14:04.599-0700][1246 ][info ][safepoint   ] Safepoint "Cleanup", Time since last: 1000054141 ns, Reaching safepoint: 875989 ns, Cleanup: 19529 ns, At safepoint: 873375 ns, Total: 1768893 ns
[2025-10-15T05:14:05.601-0700][1246 ][info ][safepoint   ] Safepoint "Cleanup", Time since last: 1000111247 ns, Reaching safepoint: 990482 ns, Cleanup: 25278 ns, At safepoint: 1020646 ns, Total: 2036406 ns
[2025-10-15T05:14:07.073-0700][1246 ][info ][gc,start    ] GC(100) Pause Young (Normal) (G1 Evacuation Pause)
[2025-10-15T05:14:07.073-0700][1246 ][info ][gc,task     ] GC(100) Using 113 workers of 113 for evacuation
[2025-10-15T05:14:07.088-0700][1246 ][debug][gc,remset   ] GC(100) Visited cards 8759040 Total dirty 66453504 (13.18%) Total old 346619904 (2.53%)
[2025-10-15T05:14:07.276-0700][1246 ][info ][gc,mmu      ] GC(100) MMU target violated: 201.0ms (200.0ms/201.0ms)
[2025-10-15T05:14:07.276-0700][1246 ][info ][gc,phases   ] GC(100)   Pre Evacuate Collection Set: 0.8ms
[2025-10-15T05:14:07.276-0700][1246 ][info ][gc,phases   ] GC(100)   Merge Heap Roots: 13.4ms
[2025-10-15T05:14:07.276-0700][1246 ][info ][gc,phases   ] GC(100)   Evacuate Collection Set: 179.4ms
[2025-10-15T05:14:07.276-0700][1246 ][info ][gc,phases   ] GC(100)   Post Evacuate Collection Set: 8.7ms
[2025-10-15T05:14:07.276-0700][1246 ][info ][gc,phases   ] GC(100)   Other: 0.2ms
[2025-10-15T05:14:07.276-0700][1246 ][debug][gc,remset   ] GC(100) Coarsening (recent): Inline->AoC 18620 (0) AoC->Howl 41 (0) Howl->Full 0 (0) Inline->AoC 184 (0) AoC->BitMap 32 (1) BitMap->Full 0 (0) 
[2025-10-15T05:14:07.276-0700][1246 ][debug][gc,remset   ] GC(100) Coarsening (all): Inline->AoC 1638050 (21) AoC->Howl 44103 (92) Howl->Full 0 (0) Inline->AoC 214422 (24) AoC->BitMap 49240 (88) BitMap->Full 0 (0) 
[2025-10-15T05:14:07.276-0700][1246 ][info ][gc,heap     ] GC(100) Eden regions: 1865->0(3367)
[2025-10-15T05:14:07.276-0700][1246 ][info ][gc,heap     ] GC(100) Survivor regions: 252->89(265)
[2025-10-15T05:14:07.276-0700][1246 ][info ][gc,heap     ] GC(100) Old regions: 1049->1257
[2025-10-15T05:14:07.276-0700][1246 ][info ][gc,heap     ] GC(100) Humongous regions: 6->0
[2025-10-15T05:14:07.276-0700][1246 ][info ][gc,metaspace] GC(100) Metaspace: 312818K(318400K)->312818K(318400K) NonClass: 276065K(279040K)->276065K(279040K) Class: 36752K(39360K)->36752K(39360K)
[2025-10-15T05:14:07.276-0700][1246 ][info ][gc          ] GC(100) Pause Young (Normal) (G1 Evacuation Pause) 101450M->43038M(184320M) 202.624ms
[2025-10-15T05:14:07.277-0700][1246 ][info ][gc,cpu      ] GC(100) User=18.07s Sys=0.04s Real=0.20s
[2025-10-15T05:14:07.278-0700][1246 ][info ][safepoint   ] Safepoint "G1CollectForAllocation", Time since last: 1470051950 ns, Reaching safepoint: 1136431 ns, Cleanup: 6720 ns, At safepoint: 206365315 ns, Total: 207508466 ns
[2025-10-15T05:14:07.626-0700][1246 ][info ][gc,start    ] GC(101) Pause Young (Concurrent Start) (G1 Humongous Allocation)
[2025-10-15T05:14:07.626-0700][1246 ][info ][gc,task     ] GC(101) Using 113 workers of 113 for evacuation
[2025-10-15T05:14:07.635-0700][1246 ][debug][gc,remset   ] GC(101) Visited cards 8031488 Total dirty 76480512 (10.50%) Total old 108199936 (7.42%)
[2025-10-15T05:14:07.703-0700][1246 ][info ][gc,phases   ] GC(101)   Pre Evacuate Collection Set: 0.9ms
[2025-10-15T05:14:07.703-0700][1246 ][info ][gc,phases   ] GC(101)   Merge Heap Roots: 7.6ms
[2025-10-15T05:14:07.703-0700][1246 ][info ][gc,phases   ] GC(101)   Evacuate Collection Set: 61.4ms
[2025-10-15T05:14:07.703-0700][1246 ][info ][gc,phases   ] GC(101)   Post Evacuate Collection Set: 6.5ms
[2025-10-15T05:14:07.703-0700][1246 ][info ][gc,phases   ] GC(101)   Other: 0.1ms
[2025-10-15T05:14:07.703-0700][1246 ][debug][gc,remset   ] GC(101) Coarsening (recent): Inline->AoC 23 (0) AoC->Howl 0 (0) Howl->Full 0 (0) Inline->AoC 0 (0) AoC->BitMap 0 (0) BitMap->Full 0 (0) 
[2025-10-15T05:14:07.703-0700][1246 ][debug][gc,remset   ] GC(101) Coarsening (all): Inline->AoC 1638073 (21) AoC->Howl 44103 (92) Howl->Full 0 (0) Inline->AoC 214422 (24) AoC->BitMap 49240 (88) BitMap->Full 0 (0) 
[2025-10-15T05:14:07.703-0700][1246 ][info ][gc,heap     ] GC(101) Eden regions: 108->0(2658)
[2025-10-15T05:14:07.703-0700][1246 ][info ][gc,heap     ] GC(101) Survivor regions: 89->77(432)
[2025-10-15T05:14:07.703-0700][1246 ][info ][gc,heap     ] GC(101) Old regions: 1257->1257
[2025-10-15T05:14:07.703-0700][1246 ][info ][gc,heap     ] GC(101) Humongous regions: 0->0
[2025-10-15T05:14:07.703-0700][1246 ][info ][gc,metaspace] GC(101) Metaspace: 312818K(318400K)->312818K(318400K) NonClass: 276065K(279040K)->276065K(279040K) Class: 36752K(39360K)->36752K(39360K)
[2025-10-15T05:14:07.703-0700][1246 ][info ][gc          ] GC(101) Pause Young (Concurrent Start) (G1 Humongous Allocation) 46464M->42659M(184320M) 76.542ms
[2025-10-15T05:14:07.703-0700][1085 ][info ][gc          ] GC(102) Concurrent Mark Cycle
[2025-10-15T05:14:07.703-0700][1085 ][info ][gc,marking  ] GC(102) Concurrent Scan Root Regions
[2025-10-15T05:14:07.704-0700][1246 ][info ][gc,cpu      ] GC(101) User=4.66s Sys=0.14s Real=0.08s
[2025-10-15T05:14:07.706-0700][1246 ][info ][safepoint   ] Safepoint "G1TryInitiateConcMark", Time since last: 329352993 ns, Reaching safepoint: 17304576 ns, Cleanup: 5809 ns, At safepoint: 80510599 ns, Total: 97820984 ns
[2025-10-15T05:14:07.730-0700][1085 ][info ][gc,marking  ] GC(102) Concurrent Scan Root Regions 27.342ms
[2025-10-15T05:14:07.730-0700][1085 ][info ][gc,marking  ] GC(102) Concurrent Mark
[2025-10-15T05:14:07.730-0700][1085 ][info ][gc,marking  ] GC(102) Concurrent Mark From Roots
[2025-10-15T05:14:07.730-0700][1085 ][info ][gc,task     ] GC(102) Using 36 workers of 36 for marking
[2025-10-15T05:14:08.048-0700][1085 ][info ][gc,marking  ] GC(102) Concurrent Mark From Roots 317.255ms
[2025-10-15T05:14:08.048-0700][1085 ][info ][gc,marking  ] GC(102) Concurrent Preclean
[2025-10-15T05:14:08.075-0700][1085 ][info ][gc,marking  ] GC(102) Concurrent Preclean 26.992ms
[2025-10-15T05:14:08.077-0700][1246 ][info ][gc,start    ] GC(102) Pause Remark
[2025-10-15T05:14:08.443-0700][1246 ][info ][gc,mmu      ] GC(102) MMU target violated: 201.0ms (200.0ms/201.0ms)
[2025-10-15T05:14:08.443-0700][1246 ][info ][gc          ] GC(102) Pause Remark 45848M->45496M(184320M) 366.492ms
[2025-10-15T05:14:08.444-0700][1246 ][info ][gc,cpu      ] GC(102) User=13.45s Sys=0.08s Real=0.37s
[2025-10-15T05:14:08.448-0700][1246 ][info ][safepoint   ] Safepoint "G1PauseRemark", Time since last: 369181474 ns, Reaching safepoint: 798312 ns, Cleanup: 5308 ns, At safepoint: 372167992 ns, Total: 372971612 ns
[2025-10-15T05:14:08.448-0700][1085 ][info ][gc,marking  ] GC(102) Concurrent Mark 717.479ms
[2025-10-15T05:14:08.448-0700][1085 ][info ][gc,marking  ] GC(102) Concurrent Rebuild Remembered Sets and Scrub Regions
[2025-10-15T05:14:08.863-0700][1085 ][info ][gc,marking  ] GC(102) Concurrent Rebuild Remembered Sets and Scrub Regions 415.474ms
[2025-10-15T05:14:08.865-0700][1246 ][info ][gc,start    ] GC(102) Pause Cleanup
[2025-10-15T05:14:08.868-0700][1246 ][info ][gc          ] GC(102) Pause Cleanup 49239M->49239M(184320M) 2.196ms
[2025-10-15T05:14:08.869-0700][1246 ][info ][gc,cpu      ] GC(102) User=0.01s Sys=0.00s Real=0.01s
[2025-10-15T05:14:08.869-0700][1246 ][info ][safepoint   ] Safepoint "G1PauseCleanup", Time since last: 415720241 ns, Reaching safepoint: 710499 ns, Cleanup: 177367 ns, At safepoint: 4599727 ns, Total: 5487593 ns
[2025-10-15T05:14:08.869-0700][1085 ][info ][gc,marking  ] GC(102) Concurrent Clear Claimed Marks
[2025-10-15T05:14:08.870-0700][1085 ][info ][gc,marking  ] GC(102) Concurrent Clear Claimed Marks 0.926ms
[2025-10-15T05:14:08.870-0700][1085 ][info ][gc,marking  ] GC(102) Concurrent Cleanup for Next Mark
[2025-10-15T05:14:08.900-0700][1085 ][info ][gc,marking  ] GC(102) Concurrent Cleanup for Next Mark 30.240ms
[2025-10-15T05:14:08.900-0700][1085 ][info ][gc          ] GC(102) Concurrent Mark Cycle 1197.260ms
[2025-10-15T05:14:12.870-0700][1246 ][info ][safepoint   ] Safepoint "Cleanup", Time since last: 4000275251 ns, Reaching safepoint: 698802 ns, Cleanup: 11698 ns, At safepoint: 102654 ns, Total: 813154 ns
[2025-10-15T05:14:15.871-0700][1246 ][info ][safepoint   ] Safepoint "Cleanup", Time since last: 3000198436 ns, Reaching safepoint: 859589 ns, Cleanup: 15283 ns, At safepoint: 277309 ns, Total: 1152181 ns
[2025-10-15T05:14:16.873-0700][1246 ][info ][safepoint   ] Safepoint "Cleanup", Time since last: 1000107986 ns, Reaching safepoint: 792257 ns, Cleanup: 11518 ns, At safepoint: 244209 ns, Total: 1047984 ns
[2025-10-15T05:14:19.874-0700][1246 ][info ][safepoint   ] Safepoint "Cleanup", Time since last: 3000194732 ns, Reaching safepoint: 858387 ns, Cleanup: 13891 ns, At safepoint: 195976 ns, Total: 1068254 ns
[2025-10-15T05:14:20.262-0700][1246 ][info ][gc,start    ] GC(103) Pause Young (Prepare Mixed) (G1 Evacuation Pause)
[2025-10-15T05:14:20.262-0700][1246 ][info ][gc,task     ] GC(103) Using 113 workers of 113 for evacuation
[2025-10-15T05:14:20.277-0700][1246 ][debug][gc,remset   ] GC(103) Visited cards 9492736 Total dirty 77660160 (12.22%) Total old 416415744 (2.28%)
[2025-10-15T05:14:20.392-0700][1246 ][info ][gc,phases   ] GC(103)   Pre Evacuate Collection Set: 0.7ms
[2025-10-15T05:14:20.392-0700][1246 ][info ][gc,phases   ] GC(103)   Merge Heap Roots: 14.1ms
[2025-10-15T05:14:20.392-0700][1246 ][info ][gc,phases   ] GC(103)   Evacuate Collection Set: 104.4ms
[2025-10-15T05:14:20.392-0700][1246 ][info ][gc,phases   ] GC(103)   Post Evacuate Collection Set: 10.4ms
[2025-10-15T05:14:20.392-0700][1246 ][info ][gc,phases   ] GC(103)   Other: 0.2ms
[2025-10-15T05:14:20.392-0700][1246 ][debug][gc,remset   ] GC(103) Coarsening (recent): Inline->AoC 155800 (0) AoC->Howl 12551 (0) Howl->Full 0 (0) Inline->AoC 44254 (0) AoC->BitMap 14847 (0) BitMap->Full 0 (0) 
[2025-10-15T05:14:20.392-0700][1246 ][debug][gc,remset   ] GC(103) Coarsening (all): Inline->AoC 1793873 (21) AoC->Howl 56654 (92) Howl->Full 0 (0) Inline->AoC 258676 (24) AoC->BitMap 64087 (88) BitMap->Full 0 (0) 
[2025-10-15T05:14:20.392-0700][1246 ][info ][gc,heap     ] GC(103) Eden regions: 2469->0(2055)
[2025-10-15T05:14:20.392-0700][1246 ][info ][gc,heap     ] GC(103) Survivor regions: 77->141(319)
[2025-10-15T05:14:20.392-0700][1246 ][info ][gc,heap     ] GC(103) Old regions: 1246->1246
[2025-10-15T05:14:20.392-0700][1246 ][info ][gc,heap     ] GC(103) Humongous regions: 16->0
[2025-10-15T05:14:20.392-0700][1246 ][info ][gc,metaspace] GC(103) Metaspace: 312717K(318400K)->312717K(318400K) NonClass: 275981K(279040K)->275981K(279040K) Class: 36735K(39360K)->36735K(39360K)
[2025-10-15T05:14:20.392-0700][1246 ][info ][gc          ] GC(103) Pause Young (Prepare Mixed) (G1 Evacuation Pause) 121827M->44356M(184320M) 129.941ms
[2025-10-15T05:14:20.393-0700][1246 ][info ][gc,cpu      ] GC(103) User=10.95s Sys=0.21s Real=0.13s
[2025-10-15T05:14:20.394-0700][1246 ][info ][safepoint   ] Safepoint "G1CollectForAllocation", Time since last: 386123004 ns, Reaching safepoint: 1083267 ns, Cleanup: 5018 ns, At safepoint: 133319448 ns, Total: 134407733 ns
[2025-10-15T05:14:21.415-0700][1246 ][info ][safepoint   ] Safepoint "Cleanup", Time since last: 1000086864 ns, Reaching safepoint: 18680323 ns, Cleanup: 24637 ns, At safepoint: 1637435 ns, Total: 20342395 ns
[2025-10-15T05:14:22.417-0700][1246 ][info ][safepoint   ] Safepoint "Cleanup", Time since last: 1000103589 ns, Reaching safepoint: 1357902 ns, Cleanup: 21613 ns, At safepoint: 806699 ns, Total: 2186214 ns
[2025-10-15T05:14:23.420-0700][1246 ][info ][safepoint   ] Safepoint "Cleanup", Time since last: 1000099563 ns, Reaching safepoint: 1024349 ns, Cleanup: 23094 ns, At safepoint: 1906362 ns, Total: 2953805 ns
[2025-10-15T05:14:25.423-0700][1246 ][info ][safepoint   ] Safepoint "Cleanup", Time since last: 2000181439 ns, Reaching safepoint: 1730966 ns, Cleanup: 19730 ns, At safepoint: 1260305 ns, Total: 3011001 ns
[2025-10-15T05:14:26.432-0700][1246 ][info ][safepoint   ] Safepoint "Cleanup", Time since last: 1000111361 ns, Reaching safepoint: 6210396 ns, Cleanup: 20721 ns, At safepoint: 2114436 ns, Total: 8345553 ns
[2025-10-15T05:14:27.435-0700][1246 ][info ][safepoint   ] Safepoint "Cleanup", Time since last: 1000119313 ns, Reaching safepoint: 960321 ns, Cleanup: 27893 ns, At safepoint: 1763575 ns, Total: 2751789 ns
[2025-10-15T05:14:28.437-0700][1246 ][info ][safepoint   ] Safepoint "Cleanup", Time since last: 1000113895 ns, Reaching safepoint: 807110 ns, Cleanup: 10626 ns, At safepoint: 1013561 ns, Total: 1831297 ns
[2025-10-15T05:14:28.858-0700][1246 ][info ][gc,start    ] GC(104) Pause Young (Mixed) (G1 Evacuation Pause)
[2025-10-15T05:14:28.858-0700][1246 ][info ][gc,task     ] GC(104) Using 113 workers of 113 for evacuation
[2025-10-15T05:14:28.872-0700][1246 ][debug][gc,remset   ] GC(104) Visited cards 9437696 Total dirty 74317824 (12.70%) Total old 408879104 (2.31%)
[2025-10-15T05:14:29.006-0700][1246 ][info ][gc,phases   ] GC(104)   Pre Evacuate Collection Set: 0.7ms
[2025-10-15T05:14:29.006-0700][1246 ][info ][gc,phases   ] GC(104)   Merge Heap Roots: 13.3ms
[2025-10-15T05:14:29.006-0700][1246 ][info ][gc,phases   ] GC(104)   Evacuate Collection Set: 122.3ms
[2025-10-15T05:14:29.006-0700][1246 ][info ][gc,phases   ] GC(104)   Post Evacuate Collection Set: 11.2ms
[2025-10-15T05:14:29.006-0700][1246 ][info ][gc,phases   ] GC(104)   Other: 0.2ms
[2025-10-15T05:14:29.006-0700][1246 ][debug][gc,remset   ] GC(104) Coarsening (recent): Inline->AoC 21213 (2) AoC->Howl 46 (0) Howl->Full 0 (0) Inline->AoC 236 (0) AoC->BitMap 11 (0) BitMap->Full 0 (0) 
[2025-10-15T05:14:29.006-0700][1246 ][debug][gc,remset   ] GC(104) Coarsening (all): Inline->AoC 1815086 (23) AoC->Howl 56700 (92) Howl->Full 0 (0) Inline->AoC 258912 (24) AoC->BitMap 64098 (88) BitMap->Full 0 (0) 
[2025-10-15T05:14:29.006-0700][1246 ][info ][gc,heap     ] GC(104) Eden regions: 2309->0(1680)
[2025-10-15T05:14:29.006-0700][1246 ][info ][gc,heap     ] GC(104) Survivor regions: 141->202(307)
[2025-10-15T05:14:29.006-0700][1246 ][info ][gc,heap     ] GC(104) Old regions: 1246->1180
[2025-10-15T05:14:29.006-0700][1246 ][info ][gc,heap     ] GC(104) Humongous regions: 25->1
[2025-10-15T05:14:29.006-0700][1246 ][info ][gc,metaspace] GC(104) Metaspace: 312775K(318400K)->312775K(318400K) NonClass: 276036K(279040K)->276036K(279040K) Class: 36738K(39360K)->36738K(39360K)
[2025-10-15T05:14:29.006-0700][1246 ][info ][gc          ] GC(104) Pause Young (Mixed) (G1 Evacuation Pause) 119044M->44212M(184320M) 147.910ms
[2025-10-15T05:14:29.007-0700][1246 ][info ][gc,cpu      ] GC(104) User=13.42s Sys=0.08s Real=0.14s
[2025-10-15T05:14:29.009-0700][1246 ][info ][safepoint   ] Safepoint "G1CollectForAllocation", Time since last: 419041837 ns, Reaching safepoint: 1506517 ns, Cleanup: 15674 ns, At safepoint: 151456801 ns, Total: 152978992 ns
[2025-10-15T05:14:30.010-0700][1246 ][info ][safepoint   ] Safepoint "Cleanup", Time since last: 1000089197 ns, Reaching safepoint: 864456 ns, Cleanup: 15023 ns, At safepoint: 288666 ns, Total: 1168145 ns
[2025-10-15T05:14:31.011-0700][1246 ][info ][safepoint   ] Safepoint "Cleanup", Time since last: 1000113665 ns, Reaching safepoint: 769383 ns, Cleanup: 10746 ns, At safepoint: 166802 ns, Total: 946931 ns
[2025-10-15T05:14:33.012-0700][1246 ][info ][safepoint   ] Safepoint "Cleanup", Time since last: 2000160978 ns, Reaching safepoint: 790215 ns, Cleanup: 14662 ns, At safepoint: 151298 ns, Total: 956175 ns
[2025-10-15T05:14:34.013-0700][1246 ][info ][safepoint   ] Safepoint "Cleanup", Time since last: 1000101797 ns, Reaching safepoint: 711325 ns, Cleanup: 11978 ns, At safepoint: 245371 ns, Total: 968674 ns
[2025-10-15T05:14:35.015-0700][1246 ][info ][safepoint   ] Safepoint "Cleanup", Time since last: 1000108046 ns, Reaching safepoint: 828923 ns, Cleanup: 34312 ns, At safepoint: 485403 ns, Total: 1348638 ns
[2025-10-15T05:14:36.016-0700][1246 ][info ][safepoint   ] Safepoint "Cleanup", Time since last: 1000109688 ns, Reaching safepoint: 850826 ns, Cleanup: 21122 ns, At safepoint: 847391 ns, Total: 1719339 ns
[2025-10-15T05:14:37.019-0700][1246 ][info ][safepoint   ] Safepoint "Cleanup", Time since last: 1000104841 ns, Reaching safepoint: 858317 ns, Cleanup: 40191 ns, At safepoint: 1217901 ns, Total: 2116409 ns
[2025-10-15T05:14:37.590-0700][1246 ][info ][gc,start    ] GC(105) Pause Young (Mixed) (G1 Evacuation Pause)
[2025-10-15T05:14:37.590-0700][1246 ][info ][gc,task     ] GC(105) Using 113 workers of 113 for evacuation
[2025-10-15T05:14:37.604-0700][1246 ][debug][gc,remset   ] GC(105) Visited cards 9833472 Total dirty 70582272 (13.93%) Total old 363855872 (2.70%)
[2025-10-15T05:14:37.761-0700][1246 ][info ][gc,phases   ] GC(105)   Pre Evacuate Collection Set: 0.7ms
[2025-10-15T05:14:37.761-0700][1246 ][info ][gc,phases   ] GC(105)   Merge Heap Roots: 12.6ms
[2025-10-15T05:14:37.761-0700][1246 ][info ][gc,phases   ] GC(105)   Evacuate Collection Set: 145.7ms
[2025-10-15T05:14:37.761-0700][1246 ][info ][gc,phases   ] GC(105)   Post Evacuate Collection Set: 11.1ms
[2025-10-15T05:14:37.761-0700][1246 ][info ][gc,phases   ] GC(105)   Other: 0.2ms
[2025-10-15T05:14:37.761-0700][1246 ][debug][gc,remset   ] GC(105) Coarsening (recent): Inline->AoC 17441 (0) AoC->Howl 133 (0) Howl->Full 0 (0) Inline->AoC 640 (0) AoC->BitMap 41 (0) BitMap->Full 0 (0) 
[2025-10-15T05:14:37.761-0700][1246 ][debug][gc,remset   ] GC(105) Coarsening (all): Inline->AoC 1832527 (23) AoC->Howl 56833 (92) Howl->Full 0 (0) Inline->AoC 259552 (24) AoC->BitMap 64139 (88) BitMap->Full 0 (0) 
[2025-10-15T05:14:37.761-0700][1246 ][info ][gc,heap     ] GC(105) Eden regions: 1944->0(2420)
[2025-10-15T05:14:37.761-0700][1246 ][info ][gc,heap     ] GC(105) Survivor regions: 202->151(269)
[2025-10-15T05:14:37.761-0700][1246 ][info ][gc,heap     ] GC(105) Old regions: 1180->1213
[2025-10-15T05:14:37.761-0700][1246 ][info ][gc,heap     ] GC(105) Humongous regions: 12->0
[2025-10-15T05:14:37.761-0700][1246 ][info ][gc,metaspace] GC(105) Metaspace: 312903K(318464K)->312903K(318464K) NonClass: 276151K(279104K)->276151K(279104K) Class: 36752K(39360K)->36752K(39360K)
[2025-10-15T05:14:37.761-0700][1246 ][info ][gc          ] GC(105) Pause Young (Mixed) (G1 Evacuation Pause) 106772M->43617M(184320M) 170.389ms
[2025-10-15T05:14:37.762-0700][1246 ][info ][gc,cpu      ] GC(105) User=16.63s Sys=0.10s Real=0.17s
[2025-10-15T05:14:37.763-0700][1246 ][info ][safepoint   ] Safepoint "G1CollectForAllocation", Time since last: 569712910 ns, Reaching safepoint: 813179 ns, Cleanup: 4537 ns, At safepoint: 173746499 ns, Total: 174564215 ns
[2025-10-15T05:14:38.764-0700][1246 ][info ][safepoint   ] Safepoint "Cleanup", Time since last: 1000082447 ns, Reaching safepoint: 903295 ns, Cleanup: 27562 ns, At safepoint: 201815 ns, Total: 1132672 ns
[2025-10-15T05:14:39.765-0700][1246 ][info ][safepoint   ] Safepoint "Cleanup", Time since last: 1000105932 ns, Reaching safepoint: 705507 ns, Cleanup: 21132 ns, At safepoint: 156286 ns, Total: 882925 ns
[2025-10-15T05:14:42.766-0700][1246 ][info ][safepoint   ] Safepoint "Cleanup", Time since last: 3000196194 ns, Reaching safepoint: 839990 ns, Cleanup: 31217 ns, At safepoint: 193212 ns, Total: 1064419 ns
[2025-10-15T05:14:43.767-0700][1246 ][info ][safepoint   ] Safepoint "Cleanup", Time since last: 1000101896 ns, Reaching safepoint: 690574 ns, Cleanup: 23736 ns, At safepoint: 102565 ns, Total: 816875 ns
[2025-10-15T05:14:44.768-0700][1246 ][info ][safepoint   ] Safepoint "Cleanup", Time since last: 1000094355 ns, Reaching safepoint: 815973 ns, Cleanup: 23266 ns, At safepoint: 277880 ns, Total: 1117119 ns
[2025-10-15T05:14:45.770-0700][1246 ][info ][safepoint   ] Safepoint "Cleanup", Time since last: 1000095076 ns, Reaching safepoint: 803134 ns, Cleanup: 17747 ns, At safepoint: 460746 ns, Total: 1281627 ns
[2025-10-15T05:14:46.771-0700][1246 ][info ][safepoint   ] Safepoint "Cleanup", Time since last: 1000099097 ns, Reaching safepoint: 842269 ns, Cleanup: 13210 ns, At safepoint: 526573 ns, Total: 1382052 ns
[2025-10-15T05:14:47.773-0700][1246 ][info ][safepoint   ] Safepoint "Cleanup", Time since last: 1000098045 ns, Reaching safepoint: 875449 ns, Cleanup: 11817 ns, At safepoint: 1042731 ns, Total: 1929997 ns
[2025-10-15T05:14:48.776-0700][1246 ][info ][safepoint   ] Safepoint "Cleanup", Time since last: 1000101129 ns, Reaching safepoint: 918694 ns, Cleanup: 10306 ns, At safepoint: 1665469 ns, Total: 2594469 ns
[2025-10-15T05:14:48.878-0700][1246 ][info ][gc,start    ] GC(106) Pause Young (Mixed) (G1 Evacuation Pause)
[2025-10-15T05:14:48.878-0700][1246 ][info ][gc,task     ] GC(106) Using 113 workers of 113 for evacuation
[2025-10-15T05:14:48.892-0700][1246 ][debug][gc,remset   ] GC(106) Visited cards 10872576 Total dirty 73531392 (14.79%) Total old 442236928 (2.46%)
[2025-10-15T05:14:49.025-0700][1246 ][info ][gc,phases   ] GC(106)   Pre Evacuate Collection Set: 0.8ms
[2025-10-15T05:14:49.025-0700][1246 ][info ][gc,phases   ] GC(106)   Merge Heap Roots: 12.6ms
[2025-10-15T05:14:49.025-0700][1246 ][info ][gc,phases   ] GC(106)   Evacuate Collection Set: 120.5ms
[2025-10-15T05:14:49.025-0700][1246 ][info ][gc,phases   ] GC(106)   Post Evacuate Collection Set: 12.8ms
[2025-10-15T05:14:49.025-0700][1246 ][info ][gc,phases   ] GC(106)   Other: 0.2ms
[2025-10-15T05:14:49.025-0700][1246 ][debug][gc,remset   ] GC(106) Coarsening (recent): Inline->AoC 20657 (0) AoC->Howl 337 (0) Howl->Full 0 (0) Inline->AoC 1139 (0) AoC->BitMap 218 (0) BitMap->Full 0 (0) 
[2025-10-15T05:14:49.025-0700][1246 ][debug][gc,remset   ] GC(106) Coarsening (all): Inline->AoC 1853184 (23) AoC->Howl 57170 (92) Howl->Full 0 (0) Inline->AoC 260691 (24) AoC->BitMap 64357 (88) BitMap->Full 0 (0) 
[2025-10-15T05:14:49.025-0700][1246 ][info ][gc,heap     ] GC(106) Eden regions: 2576->0(2419)
[2025-10-15T05:14:49.025-0700][1246 ][info ][gc,heap     ] GC(106) Survivor regions: 151->182(341)
[2025-10-15T05:14:49.025-0700][1246 ][info ][gc,heap     ] GC(106) Old regions: 1213->1159
[2025-10-15T05:14:49.025-0700][1246 ][info ][gc,heap     ] GC(106) Humongous regions: 13->0
[2025-10-15T05:14:49.025-0700][1246 ][info ][gc,metaspace] GC(106) Metaspace: 312921K(318464K)->312921K(318464K) NonClass: 276167K(279104K)->276167K(279104K) Class: 36753K(39360K)->36753K(39360K)
[2025-10-15T05:14:49.025-0700][1246 ][info ][gc          ] GC(106) Pause Young (Mixed) (G1 Evacuation Pause) 126465M->42864M(184320M) 146.980ms
[2025-10-15T05:14:49.026-0700][1246 ][info ][gc,cpu      ] GC(106) User=13.03s Sys=0.17s Real=0.14s
[2025-10-15T05:14:49.028-0700][1246 ][info ][safepoint   ] Safepoint "G1CollectForAllocation", Time since last: 93134906 ns, Reaching safepoint: 8082767 ns, Cleanup: 5228 ns, At safepoint: 150362063 ns, Total: 158450058 ns
[2025-10-15T05:14:50.030-0700][1246 ][info ][safepoint   ] Safepoint "Cleanup", Time since last: 1000094179 ns, Reaching safepoint: 1677287 ns, Cleanup: 17015 ns, At safepoint: 1017804 ns, Total: 2712106 ns
[2025-10-15T05:14:53.032-0700][1246 ][info ][safepoint   ] Safepoint "Cleanup", Time since last: 3000235374 ns, Reaching safepoint: 905654 ns, Cleanup: 11778 ns, At safepoint: 302796 ns, Total: 1220228 ns
[2025-10-15T05:14:55.033-0700][1246 ][info ][safepoint   ] Safepoint "Cleanup", Time since last: 2000168407 ns, Reaching safepoint: 724992 ns, Cleanup: 10076 ns, At safepoint: 164507 ns, Total: 899575 ns
[2025-10-15T05:14:57.034-0700][1246 ][info ][safepoint   ] Safepoint "Cleanup", Time since last: 2000159414 ns, Reaching safepoint: 763961 ns, Cleanup: 10826 ns, At safepoint: 147021 ns, Total: 921808 ns
[2025-10-15T05:14:58.036-0700][1246 ][info ][safepoint   ] Safepoint "Cleanup", Time since last: 1000099937 ns, Reaching safepoint: 900988 ns, Cleanup: 23345 ns, At safepoint: 464269 ns, Total: 1388602 ns
[2025-10-15T05:14:59.037-0700][1246 ][info ][safepoint   ] Safepoint "Cleanup", Time since last: 1000096793 ns, Reaching safepoint: 839975 ns, Cleanup: 20391 ns, At safepoint: 683750 ns, Total: 1544116 ns
[2025-10-15T05:15:00.039-0700][1246 ][info ][safepoint   ] Safepoint "Cleanup", Time since last: 1000117053 ns, Reaching safepoint: 803370 ns, Cleanup: 16115 ns, At safepoint: 779023 ns, Total: 1598508 ns
[2025-10-15T05:15:01.750-0700][1246 ][info ][safepoint   ] Safepoint "Cleanup", Time since last: 1709733001 ns, Reaching safepoint: 832063 ns, Cleanup: 20662 ns, At safepoint: 238789 ns, Total: 1091514 ns
[2025-10-15T05:15:02.529-0700][1246 ][info ][gc,start    ] GC(107) Pause Young (Mixed) (G1 Evacuation Pause)
[2025-10-15T05:15:02.529-0700][1246 ][info ][gc,task     ] GC(107) Using 113 workers of 113 for evacuation
[2025-10-15T05:15:02.544-0700][1246 ][debug][gc,remset   ] GC(107) Visited cards 10685184 Total dirty 70582272 (15.14%) Total old 433979392 (2.46%)
[2025-10-15T05:15:02.689-0700][1246 ][info ][gc,phases   ] GC(107)   Pre Evacuate Collection Set: 0.7ms
[2025-10-15T05:15:02.689-0700][1246 ][info ][gc,phases   ] GC(107)   Merge Heap Roots: 14.1ms
[2025-10-15T05:15:02.689-0700][1246 ][info ][gc,phases   ] GC(107)   Evacuate Collection Set: 132.0ms
[2025-10-15T05:15:02.689-0700][1246 ][info ][gc,phases   ] GC(107)   Post Evacuate Collection Set: 13.0ms
[2025-10-15T05:15:02.689-0700][1246 ][info ][gc,phases   ] GC(107)   Other: 0.2ms
[2025-10-15T05:15:02.689-0700][1246 ][debug][gc,remset   ] GC(107) Coarsening (recent): Inline->AoC 39392 (0) AoC->Howl 207 (0) Howl->Full 0 (0) Inline->AoC 734 (0) AoC->BitMap 126 (0) BitMap->Full 0 (0) 
[2025-10-15T05:15:02.689-0700][1246 ][debug][gc,remset   ] GC(107) Coarsening (all): Inline->AoC 1892576 (23) AoC->Howl 57377 (92) Howl->Full 0 (0) Inline->AoC 261425 (24) AoC->BitMap 64483 (88) BitMap->Full 0 (0) 
[2025-10-15T05:15:02.689-0700][1246 ][info ][gc,heap     ] GC(107) Eden regions: 2507->0(2168)
[2025-10-15T05:15:02.689-0700][1246 ][info ][gc,heap     ] GC(107) Survivor regions: 182->214(337)
[2025-10-15T05:15:02.689-0700][1246 ][info ][gc,heap     ] GC(107) Old regions: 1159->1097
[2025-10-15T05:15:02.689-0700][1246 ][info ][gc,heap     ] GC(107) Humongous regions: 17->0
[2025-10-15T05:15:02.689-0700][1246 ][info ][gc,metaspace] GC(107) Metaspace: 312959K(318528K)->312959K(318528K) NonClass: 276202K(279168K)->276202K(279168K) Class: 36756K(39360K)->36756K(39360K)
[2025-10-15T05:15:02.689-0700][1246 ][info ][gc          ] GC(107) Pause Young (Mixed) (G1 Evacuation Pause) 123632M->41912M(184320M) 160.245ms
[2025-10-15T05:15:02.690-0700][1246 ][info ][gc,cpu      ] GC(107) User=15.42s Sys=0.30s Real=0.16s
[2025-10-15T05:15:02.692-0700][1246 ][info ][safepoint   ] Safepoint "G1CollectForAllocation", Time since last: 777413561 ns, Reaching safepoint: 795098 ns, Cleanup: 5018 ns, At safepoint: 163706788 ns, Total: 164506904 ns
[2025-10-15T05:15:03.693-0700][1246 ][info ][safepoint   ] Safepoint "Cleanup", Time since last: 1000087709 ns, Reaching safepoint: 839294 ns, Cleanup: 26520 ns, At safepoint: 193492 ns, Total: 1059306 ns
[2025-10-15T05:15:04.694-0700][1246 ][info ][safepoint   ] Safepoint "Cleanup", Time since last: 1000100638 ns, Reaching safepoint: 717180 ns, Cleanup: 15273 ns, At safepoint: 262856 ns, Total: 995309 ns
[2025-10-15T05:15:05.695-0700][1246 ][info ][safepoint   ] Safepoint "Cleanup", Time since last: 1000103903 ns, Reaching safepoint: 837702 ns, Cleanup: 10226 ns, At safepoint: 393192 ns, Total: 1241120 ns
[2025-10-15T05:15:06.697-0700][1246 ][info ][safepoint   ] Safepoint "Cleanup", Time since last: 1000101620 ns, Reaching safepoint: 817461 ns, Cleanup: 10496 ns, At safepoint: 561807 ns, Total: 1389764 ns
[2025-10-15T05:15:07.698-0700][1246 ][info ][safepoint   ] Safepoint "Cleanup", Time since last: 1000106336 ns, Reaching safepoint: 862259 ns, Cleanup: 10867 ns, At safepoint: 672182 ns, Total: 1545308 ns
[2025-10-15T05:15:08.700-0700][1246 ][info ][safepoint   ] Safepoint "Cleanup", Time since last: 1000099887 ns, Reaching safepoint: 837622 ns, Cleanup: 10867 ns, At safepoint: 687465 ns, Total: 1535954 ns
[2025-10-15T05:15:09.702-0700][1246 ][info ][safepoint   ] Safepoint "Cleanup", Time since last: 1000100148 ns, Reaching safepoint: 845484 ns, Cleanup: 12318 ns, At safepoint: 885024 ns, Total: 1742826 ns
[2025-10-15T05:15:10.722-0700][1246 ][info ][safepoint   ] Safepoint "Cleanup", Time since last: 1000099997 ns, Reaching safepoint: 17697573 ns, Cleanup: 14101 ns, At safepoint: 1919652 ns, Total: 19631326 ns
[2025-10-15T05:15:11.724-0700][1246 ][info ][safepoint   ] Safepoint "Cleanup", Time since last: 1000127078 ns, Reaching safepoint: 945534 ns, Cleanup: 11368 ns, At safepoint: 1231805 ns, Total: 2188707 ns
[2025-10-15T05:15:13.726-0700][1246 ][info ][safepoint   ] Safepoint "Cleanup", Time since last: 2000176810 ns, Reaching safepoint: 855188 ns, Cleanup: 12108 ns, At safepoint: 789169 ns, Total: 1656465 ns
[2025-10-15T05:15:13.933-0700][1246 ][info ][gc,start    ] GC(108) Pause Young (Mixed) (G1 Evacuation Pause)
[2025-10-15T05:15:13.933-0700][1246 ][info ][gc,task     ] GC(108) Using 113 workers of 113 for evacuation
[2025-10-15T05:15:13.948-0700][1246 ][debug][gc,remset   ] GC(108) Visited cards 11399168 Total dirty 66322432 (17.19%) Total old 408027136 (2.79%)
[2025-10-15T05:15:14.140-0700][1246 ][info ][gc,mmu      ] GC(108) MMU target violated: 201.0ms (200.0ms/201.0ms)
[2025-10-15T05:15:14.140-0700][1246 ][info ][gc,phases   ] GC(108)   Pre Evacuate Collection Set: 0.8ms
[2025-10-15T05:15:14.140-0700][1246 ][info ][gc,phases   ] GC(108)   Merge Heap Roots: 13.6ms
[2025-10-15T05:15:14.140-0700][1246 ][info ][gc,phases   ] GC(108)   Evacuate Collection Set: 179.2ms
[2025-10-15T05:15:14.140-0700][1246 ][info ][gc,phases   ] GC(108)   Post Evacuate Collection Set: 13.4ms
[2025-10-15T05:15:14.140-0700][1246 ][info ][gc,phases   ] GC(108)   Other: 0.2ms
[2025-10-15T05:15:14.140-0700][1246 ][debug][gc,remset   ] GC(108) Coarsening (recent): Inline->AoC 36119 (0) AoC->Howl 242 (0) Howl->Full 0 (0) Inline->AoC 957 (0) AoC->BitMap 172 (0) BitMap->Full 0 (0) 
[2025-10-15T05:15:14.140-0700][1246 ][debug][gc,remset   ] GC(108) Coarsening (all): Inline->AoC 1928695 (23) AoC->Howl 57619 (92) Howl->Full 0 (0) Inline->AoC 262382 (24) AoC->BitMap 64655 (88) BitMap->Full 0 (0) 
[2025-10-15T05:15:14.140-0700][1246 ][info ][gc,heap     ] GC(108) Eden regions: 2312->0(1984)
[2025-10-15T05:15:14.140-0700][1246 ][info ][gc,heap     ] GC(108) Survivor regions: 214->227(316)
[2025-10-15T05:15:14.140-0700][1246 ][info ][gc,heap     ] GC(108) Old regions: 1097->1074
[2025-10-15T05:15:14.140-0700][1246 ][info ][gc,heap     ] GC(108) Humongous regions: 9->0
[2025-10-15T05:15:14.140-0700][1246 ][info ][gc,metaspace] GC(108) Metaspace: 313059K(318592K)->313059K(318592K) NonClass: 276299K(279232K)->276299K(279232K) Class: 36760K(39360K)->36760K(39360K)
[2025-10-15T05:15:14.141-0700][1246 ][info ][gc          ] GC(108) Pause Young (Mixed) (G1 Evacuation Pause) 116184M->41612M(184320M) 207.371ms
[2025-10-15T05:15:14.142-0700][1246 ][info ][gc,cpu      ] GC(108) User=17.72s Sys=0.28s Real=0.21s
[2025-10-15T05:15:14.143-0700][1246 ][info ][safepoint   ] Safepoint "G1CollectForAllocation", Time since last: 205341215 ns, Reaching safepoint: 917983 ns, Cleanup: 4857 ns, At safepoint: 210780900 ns, Total: 211703740 ns
[2025-10-15T05:15:15.144-0700][1246 ][info ][safepoint   ] Safepoint "Cleanup", Time since last: 1000084634 ns, Reaching safepoint: 1056672 ns, Cleanup: 9845 ns, At safepoint: 185098 ns, Total: 1251615 ns
[2025-10-15T05:15:18.145-0700][1246 ][info ][safepoint   ] Safepoint "Cleanup", Time since last: 3000227453 ns, Reaching safepoint: 658742 ns, Cleanup: 10376 ns, At safepoint: 120511 ns, Total: 789629 ns
[2025-10-15T05:15:19.168-0700][1246 ][info ][safepoint   ] Safepoint "Cleanup", Time since last: 1000093267 ns, Reaching safepoint: 20871745 ns, Cleanup: 23836 ns, At safepoint: 1920564 ns, Total: 22816145 ns
[2025-10-15T05:15:20.170-0700][1246 ][info ][safepoint   ] Safepoint "Cleanup", Time since last: 1000122031 ns, Reaching safepoint: 854728 ns, Cleanup: 16655 ns, At safepoint: 784824 ns, Total: 1656207 ns
[2025-10-15T05:15:22.171-0700][1246 ][info ][safepoint   ] Safepoint "Cleanup", Time since last: 2000161526 ns, Reaching safepoint: 843722 ns, Cleanup: 13440 ns, At safepoint: 406883 ns, Total: 1264045 ns
[2025-10-15T05:15:23.173-0700][1246 ][info ][safepoint   ] Safepoint "Cleanup", Time since last: 1000101790 ns, Reaching safepoint: 811523 ns, Cleanup: 28333 ns, At safepoint: 854027 ns, Total: 1693883 ns
[2025-10-15T05:15:23.376-0700][1246 ][info ][gc,start    ] GC(109) Pause Young (Mixed) (G1 Evacuation Pause)
[2025-10-15T05:15:23.376-0700][1246 ][info ][gc,task     ] GC(109) Using 113 workers of 113 for evacuation
[2025-10-15T05:15:23.390-0700][1246 ][debug][gc,remset   ] GC(109) Visited cards 11948800 Total dirty 64815104 (18.44%) Total old 378339328 (3.16%)
[2025-10-15T05:15:23.585-0700][1246 ][info ][gc,mmu      ] GC(109) MMU target violated: 201.0ms (200.0ms/201.0ms)
[2025-10-15T05:15:23.585-0700][1246 ][info ][gc,phases   ] GC(109)   Pre Evacuate Collection Set: 0.8ms
[2025-10-15T05:15:23.585-0700][1246 ][info ][gc,phases   ] GC(109)   Merge Heap Roots: 13.1ms
[2025-10-15T05:15:23.585-0700][1246 ][info ][gc,phases   ] GC(109)   Evacuate Collection Set: 179.9ms
[2025-10-15T05:15:23.585-0700][1246 ][info ][gc,phases   ] GC(109)   Post Evacuate Collection Set: 14.9ms
[2025-10-15T05:15:23.585-0700][1246 ][info ][gc,phases   ] GC(109)   Other: 0.2ms
[2025-10-15T05:15:23.585-0700][1246 ][debug][gc,remset   ] GC(109) Coarsening (recent): Inline->AoC 37000 (0) AoC->Howl 285 (1) Howl->Full 0 (0) Inline->AoC 1006 (1) AoC->BitMap 193 (0) BitMap->Full 0 (0) 
[2025-10-15T05:15:23.585-0700][1246 ][debug][gc,remset   ] GC(109) Coarsening (all): Inline->AoC 1965695 (23) AoC->Howl 57904 (93) Howl->Full 0 (0) Inline->AoC 263388 (25) AoC->BitMap 64848 (88) BitMap->Full 0 (0) 
[2025-10-15T05:15:23.585-0700][1246 ][info ][gc,heap     ] GC(109) Eden regions: 2084->0(2311)
[2025-10-15T05:15:23.585-0700][1246 ][info ][gc,heap     ] GC(109) Survivor regions: 227->200(289)
[2025-10-15T05:15:23.585-0700][1246 ][info ][gc,heap     ] GC(109) Old regions: 1074->1094
[2025-10-15T05:15:23.585-0700][1246 ][info ][gc,heap     ] GC(109) Humongous regions: 9->0
[2025-10-15T05:15:23.585-0700][1246 ][info ][gc,metaspace] GC(109) Metaspace: 313076K(318656K)->313076K(318656K) NonClass: 276316K(279296K)->276316K(279296K) Class: 36760K(39360K)->36760K(39360K)
[2025-10-15T05:15:23.585-0700][1246 ][info ][gc          ] GC(109) Pause Young (Mixed) (G1 Evacuation Pause) 108588M->41399M(184320M) 209.044ms
[2025-10-15T05:15:23.586-0700][1246 ][info ][gc,cpu      ] GC(109) User=17.52s Sys=0.12s Real=0.21s
[2025-10-15T05:15:23.588-0700][1246 ][info ][safepoint   ] Safepoint "G1CollectForAllocation", Time since last: 200578375 ns, Reaching safepoint: 1385769 ns, Cleanup: 6450 ns, At safepoint: 212482810 ns, Total: 213875029 ns
[2025-10-15T05:15:24.588-0700][1246 ][info ][safepoint   ] Safepoint "Cleanup", Time since last: 1000097684 ns, Reaching safepoint: 725894 ns, Cleanup: 15483 ns, At safepoint: 145159 ns, Total: 886536 ns
[2025-10-15T05:15:25.593-0700][1246 ][info ][safepoint   ] Safepoint "Cleanup", Time since last: 1000096642 ns, Reaching safepoint: 3804164 ns, Cleanup: 11358 ns, At safepoint: 985766 ns, Total: 4801288 ns
[2025-10-15T05:15:26.595-0700][1246 ][info ][safepoint   ] Safepoint "Cleanup", Time since last: 1000105435 ns, Reaching safepoint: 756781 ns, Cleanup: 11517 ns, At safepoint: 502507 ns, Total: 1270805 ns
[2025-10-15T05:15:27.597-0700][1246 ][info ][safepoint   ] Safepoint "Cleanup", Time since last: 1000100228 ns, Reaching safepoint: 1491278 ns, Cleanup: 11026 ns, At safepoint: 810482 ns, Total: 2312786 ns
[2025-10-15T05:15:28.599-0700][1246 ][info ][safepoint   ] Safepoint "Cleanup", Time since last: 1000056832 ns, Reaching safepoint: 713265 ns, Cleanup: 13861 ns, At safepoint: 886346 ns, Total: 1613472 ns
[2025-10-15T05:15:29.601-0700][1246 ][info ][safepoint   ] Safepoint "Cleanup", Time since last: 1000107288 ns, Reaching safepoint: 710451 ns, Cleanup: 22724 ns, At safepoint: 1005656 ns, Total: 1738831 ns
[2025-10-15T05:15:31.603-0700][1246 ][info ][safepoint   ] Safepoint "Cleanup", Time since last: 2000154656 ns, Reaching safepoint: 1038355 ns, Cleanup: 23826 ns, At safepoint: 939116 ns, Total: 2001297 ns
[2025-10-15T05:15:32.605-0700][1246 ][info ][safepoint   ] Safepoint "Cleanup", Time since last: 1000107248 ns, Reaching safepoint: 906376 ns, Cleanup: 27712 ns, At safepoint: 952315 ns, Total: 1886403 ns
[2025-10-15T05:15:34.606-0700][1246 ][info ][safepoint   ] Safepoint "Cleanup", Time since last: 2000171742 ns, Reaching safepoint: 783211 ns, Cleanup: 14481 ns, At safepoint: 644592 ns, Total: 1442284 ns
[2025-10-15T05:15:34.612-0700][1246 ][info ][gc,start    ] GC(110) Pause Young (Mixed) (G1 Evacuation Pause)
[2025-10-15T05:15:34.612-0700][1246 ][info ][gc,task     ] GC(110) Using 113 workers of 113 for evacuation
[2025-10-15T05:15:34.627-0700][1246 ][debug][gc,remset   ] GC(110) Visited cards 12561920 Total dirty 65536000 (19.17%) Total old 420937728 (2.98%)
[2025-10-15T05:15:34.791-0700][1246 ][info ][gc,phases   ] GC(110)   Pre Evacuate Collection Set: 0.8ms
[2025-10-15T05:15:34.791-0700][1246 ][info ][gc,phases   ] GC(110)   Merge Heap Roots: 14.4ms
[2025-10-15T05:15:34.791-0700][1246 ][info ][gc,phases   ] GC(110)   Evacuate Collection Set: 151.2ms
[2025-10-15T05:15:34.791-0700][1246 ][info ][gc,phases   ] GC(110)   Post Evacuate Collection Set: 12.2ms
[2025-10-15T05:15:34.791-0700][1246 ][info ][gc,phases   ] GC(110)   Other: 0.2ms
[2025-10-15T05:15:34.791-0700][1246 ][debug][gc,remset   ] GC(110) Coarsening (recent): Inline->AoC 44458 (0) AoC->Howl 252 (0) Howl->Full 0 (0) Inline->AoC 763 (0) AoC->BitMap 184 (0) BitMap->Full 0 (0) 
[2025-10-15T05:15:34.791-0700][1246 ][debug][gc,remset   ] GC(110) Coarsening (all): Inline->AoC 2010153 (23) AoC->Howl 58156 (93) Howl->Full 0 (0) Inline->AoC 264151 (25) AoC->BitMap 65032 (88) BitMap->Full 0 (0) 
[2025-10-15T05:15:34.791-0700][1246 ][info ][gc,heap     ] GC(110) Eden regions: 2424->0(2833)
[2025-10-15T05:15:34.791-0700][1246 ][info ][gc,heap     ] GC(110) Survivor regions: 200->168(328)
[2025-10-15T05:15:34.791-0700][1246 ][info ][gc,heap     ] GC(110) Old regions: 1094->1080
[2025-10-15T05:15:34.791-0700][1246 ][info ][gc,heap     ] GC(110) Humongous regions: 13->0
[2025-10-15T05:15:34.791-0700][1246 ][info ][gc,metaspace] GC(110) Metaspace: 313109K(318656K)->313109K(318656K) NonClass: 276346K(279296K)->276346K(279296K) Class: 36762K(39360K)->36762K(39360K)
[2025-10-15T05:15:34.791-0700][1246 ][info ][gc          ] GC(110) Pause Young (Mixed) (G1 Evacuation Pause) 119383M->39919M(184320M) 178.963ms
[2025-10-15T05:15:34.792-0700][1246 ][info ][gc,cpu      ] GC(110) User=14.40s Sys=0.33s Real=0.18s
[2025-10-15T05:15:34.793-0700][1246 ][info ][safepoint   ] Safepoint "G1CollectForAllocation", Time since last: 3561339 ns, Reaching safepoint: 734246 ns, Cleanup: 4687 ns, At safepoint: 182347684 ns, Total: 183086617 ns
[2025-10-15T05:15:36.803-0700][1246 ][info ][safepoint   ] Safepoint "Cleanup", Time since last: 2000131571 ns, Reaching safepoint: 7154805 ns, Cleanup: 10707 ns, At safepoint: 2124993 ns, Total: 9290505 ns
[2025-10-15T05:15:38.806-0700][1246 ][info ][safepoint   ] Safepoint "Cleanup", Time since last: 2000173494 ns, Reaching safepoint: 2091773 ns, Cleanup: 12830 ns, At safepoint: 1359759 ns, Total: 3464362 ns
[2025-10-15T05:15:40.808-0700][1246 ][info ][safepoint   ] Safepoint "Cleanup", Time since last: 2000189609 ns, Reaching safepoint: 826466 ns, Cleanup: 14471 ns, At safepoint: 896552 ns, Total: 1737489 ns
[2025-10-15T05:15:41.811-0700][1246 ][info ][safepoint   ] Safepoint "Cleanup", Time since last: 1000123422 ns, Reaching safepoint: 954970 ns, Cleanup: 11898 ns, At safepoint: 1423866 ns, Total: 2390734 ns
[2025-10-15T05:15:42.813-0700][1246 ][info ][safepoint   ] Safepoint "Cleanup", Time since last: 1000123643 ns, Reaching safepoint: 887778 ns, Cleanup: 9705 ns, At safepoint: 1203193 ns, Total: 2100676 ns
[2025-10-15T05:15:43.815-0700][1246 ][info ][safepoint   ] Safepoint "Cleanup", Time since last: 1000112877 ns, Reaching safepoint: 851884 ns, Cleanup: 10365 ns, At safepoint: 1114380 ns, Total: 1976629 ns
[2025-10-15T05:15:44.829-0700][1246 ][info ][safepoint   ] Safepoint "Cleanup", Time since last: 1000121119 ns, Reaching safepoint: 11402899 ns, Cleanup: 18808 ns, At safepoint: 2208500 ns, Total: 13630207 ns
[2025-10-15T05:15:45.831-0700][1246 ][info ][safepoint   ] Safepoint "Cleanup", Time since last: 1000144364 ns, Reaching safepoint: 821668 ns, Cleanup: 12849 ns, At safepoint: 1000999 ns, Total: 1835516 ns
[2025-10-15T05:15:49.224-0700][1246 ][info ][gc,start    ] GC(111) Pause Young (Mixed) (G1 Evacuation Pause)
[2025-10-15T05:15:49.224-0700][1246 ][info ][gc,task     ] GC(111) Using 113 workers of 113 for evacuation
[2025-10-15T05:15:49.239-0700][1246 ][debug][gc,remset   ] GC(111) Visited cards 14440192 Total dirty 65863680 (21.92%) Total old 489226240 (2.95%)
[2025-10-15T05:15:49.415-0700][1246 ][info ][gc,phases   ] GC(111)   Pre Evacuate Collection Set: 0.8ms
[2025-10-15T05:15:49.415-0700][1246 ][info ][gc,phases   ] GC(111)   Merge Heap Roots: 14.4ms
[2025-10-15T05:15:49.415-0700][1246 ][info ][gc,phases   ] GC(111)   Evacuate Collection Set: 162.2ms
[2025-10-15T05:15:49.415-0700][1246 ][info ][gc,phases   ] GC(111)   Post Evacuate Collection Set: 13.5ms
[2025-10-15T05:15:49.415-0700][1246 ][info ][gc,phases   ] GC(111)   Other: 0.2ms
[2025-10-15T05:15:49.415-0700][1246 ][debug][gc,remset   ] GC(111) Coarsening (recent): Inline->AoC 37762 (0) AoC->Howl 125 (0) Howl->Full 0 (0) Inline->AoC 380 (0) AoC->BitMap 95 (0) BitMap->Full 0 (0) 
[2025-10-15T05:15:49.415-0700][1246 ][debug][gc,remset   ] GC(111) Coarsening (all): Inline->AoC 2047915 (23) AoC->Howl 58281 (93) Howl->Full 0 (0) Inline->AoC 264531 (25) AoC->BitMap 65127 (88) BitMap->Full 0 (0) 
[2025-10-15T05:15:49.415-0700][1246 ][info ][gc,heap     ] GC(111) Eden regions: 2986->0(2993)
[2025-10-15T05:15:49.415-0700][1246 ][info ][gc,heap     ] GC(111) Survivor regions: 168->202(395)
[2025-10-15T05:15:49.415-0700][1246 ][info ][gc,heap     ] GC(111) Old regions: 1080->1031
[2025-10-15T05:15:49.415-0700][1246 ][info ][gc,heap     ] GC(111) Humongous regions: 10->0
[2025-10-15T05:15:49.415-0700][1246 ][info ][gc,metaspace] GC(111) Metaspace: 313161K(318720K)->313161K(318720K) NonClass: 276398K(279360K)->276398K(279360K) Class: 36762K(39360K)->36762K(39360K)
[2025-10-15T05:15:49.415-0700][1246 ][info ][gc          ] GC(111) Pause Young (Mixed) (G1 Evacuation Pause) 135791M->39449M(184320M) 191.304ms
[2025-10-15T05:15:49.416-0700][1246 ][info ][gc,cpu      ] GC(111) User=14.96s Sys=0.23s Real=0.19s
[2025-10-15T05:15:49.417-0700][1246 ][info ][safepoint   ] Safepoint "G1CollectForAllocation", Time since last: 3390880559 ns, Reaching safepoint: 1184786 ns, Cleanup: 7511 ns, At safepoint: 194730971 ns, Total: 195923268 ns
[2025-10-15T05:15:50.419-0700][1246 ][info ][safepoint   ] Safepoint "Cleanup", Time since last: 1000082941 ns, Reaching safepoint: 865906 ns, Cleanup: 17907 ns, At safepoint: 357699 ns, Total: 1241512 ns
[2025-10-15T05:15:51.421-0700][1246 ][info ][safepoint   ] Safepoint "Cleanup", Time since last: 1000114609 ns, Reaching safepoint: 920788 ns, Cleanup: 10576 ns, At safepoint: 737572 ns, Total: 1668936 ns
[2025-10-15T05:15:52.422-0700][1246 ][info ][safepoint   ] Safepoint "Cleanup", Time since last: 1000109401 ns, Reaching safepoint: 724582 ns, Cleanup: 25388 ns, At safepoint: 240182 ns, Total: 990152 ns
[2025-10-15T05:15:53.424-0700][1246 ][info ][safepoint   ] Safepoint "Cleanup", Time since last: 1000107018 ns, Reaching safepoint: 1620974 ns, Cleanup: 17165 ns, At safepoint: 569629 ns, Total: 2207768 ns
[2025-10-15T05:15:54.426-0700][1246 ][info ][safepoint   ] Safepoint "Cleanup", Time since last: 1000102271 ns, Reaching safepoint: 925795 ns, Cleanup: 23776 ns, At safepoint: 667706 ns, Total: 1617277 ns
[2025-10-15T05:15:55.428-0700][1246 ][info ][safepoint   ] Safepoint "Cleanup", Time since last: 1000108060 ns, Reaching safepoint: 951254 ns, Cleanup: 11827 ns, At safepoint: 889231 ns, Total: 1852312 ns
[2025-10-15T05:15:56.429-0700][1246 ][info ][safepoint   ] Safepoint "Cleanup", Time since last: 1000102911 ns, Reaching safepoint: 717161 ns, Cleanup: 10727 ns, At safepoint: 698522 ns, Total: 1426410 ns
[2025-10-15T05:15:58.430-0700][1246 ][info ][safepoint   ] Safepoint "Cleanup", Time since last: 2000178422 ns, Reaching safepoint: 706435 ns, Cleanup: 15904 ns, At safepoint: 372411 ns, Total: 1094750 ns
[2025-10-15T05:15:59.433-0700][1246 ][info ][safepoint   ] Safepoint "Cleanup", Time since last: 1000103873 ns, Reaching safepoint: 1081841 ns, Cleanup: 25709 ns, At safepoint: 1262162 ns, Total: 2369712 ns
[2025-10-15T05:15:59.463-0700][1246 ][info ][gc,start    ] GC(112) Pause Young (Normal) (G1 Evacuation Pause)
[2025-10-15T05:15:59.463-0700][1246 ][info ][gc,task     ] GC(112) Using 113 workers of 113 for evacuation
[2025-10-15T05:15:59.478-0700][1246 ][debug][gc,remset   ] GC(112) Visited cards 8592640 Total dirty 64290816 (13.37%) Total old 502267904 (1.71%)
[2025-10-15T05:15:59.651-0700][1246 ][info ][gc,phases   ] GC(112)   Pre Evacuate Collection Set: 0.8ms
[2025-10-15T05:15:59.651-0700][1246 ][info ][gc,phases   ] GC(112)   Merge Heap Roots: 13.9ms
[2025-10-15T05:15:59.651-0700][1246 ][info ][gc,phases   ] GC(112)   Evacuate Collection Set: 160.8ms
[2025-10-15T05:15:59.651-0700][1246 ][info ][gc,phases   ] GC(112)   Post Evacuate Collection Set: 12.0ms
[2025-10-15T05:15:59.651-0700][1246 ][info ][gc,phases   ] GC(112)   Other: 0.2ms
[2025-10-15T05:15:59.651-0700][1246 ][debug][gc,remset   ] GC(112) Coarsening (recent): Inline->AoC 18728 (1) AoC->Howl 37 (1) Howl->Full 0 (0) Inline->AoC 212 (1) AoC->BitMap 13 (3) BitMap->Full 0 (0) 
[2025-10-15T05:15:59.651-0700][1246 ][debug][gc,remset   ] GC(112) Coarsening (all): Inline->AoC 2066643 (24) AoC->Howl 58318 (94) Howl->Full 0 (0) Inline->AoC 264743 (26) AoC->BitMap 65140 (91) BitMap->Full 0 (0) 
[2025-10-15T05:15:59.651-0700][1246 ][info ][gc,heap     ] GC(112) Eden regions: 3106->0(2469)
[2025-10-15T05:15:59.651-0700][1246 ][info ][gc,heap     ] GC(112) Survivor regions: 202->247(414)
[2025-10-15T05:15:59.651-0700][1246 ][info ][gc,heap     ] GC(112) Old regions: 1031->1031
[2025-10-15T05:15:59.651-0700][1246 ][info ][gc,heap     ] GC(112) Humongous regions: 17->0
[2025-10-15T05:15:59.651-0700][1246 ][info ][gc,metaspace] GC(112) Metaspace: 313251K(318784K)->313251K(318784K) NonClass: 276482K(279424K)->276482K(279424K) Class: 36769K(39360K)->36769K(39360K)
[2025-10-15T05:15:59.651-0700][1246 ][info ][gc          ] GC(112) Pause Young (Normal) (G1 Evacuation Pause) 139385M->40884M(184320M) 187.917ms
[2025-10-15T05:15:59.652-0700][1246 ][info ][gc,cpu      ] GC(112) User=16.36s Sys=0.13s Real=0.19s
[2025-10-15T05:15:59.654-0700][1246 ][info ][safepoint   ] Safepoint "G1CollectForAllocation", Time since last: 26491714 ns, Reaching safepoint: 2554882 ns, Cleanup: 5598 ns, At safepoint: 191589375 ns, Total: 194149855 ns
[2025-10-15T05:16:00.655-0700][1246 ][info ][safepoint   ] Safepoint "Cleanup", Time since last: 1000092876 ns, Reaching safepoint: 820597 ns, Cleanup: 24297 ns, At safepoint: 199941 ns, Total: 1044835 ns
[2025-10-15T05:16:01.774-0700][1246 ][info ][safepoint   ] Safepoint "Cleanup", Time since last: 1118327395 ns, Reaching safepoint: 868690 ns, Cleanup: 34532 ns, At safepoint: 204087 ns, Total: 1107309 ns
[2025-10-15T05:16:03.776-0700][1246 ][info ][safepoint   ] Safepoint "Cleanup", Time since last: 2000161897 ns, Reaching safepoint: 867978 ns, Cleanup: 12259 ns, At safepoint: 316868 ns, Total: 1197105 ns
[2025-10-15T05:16:04.777-0700][1246 ][info ][safepoint   ] Safepoint "Cleanup", Time since last: 1000113667 ns, Reaching safepoint: 853847 ns, Cleanup: 11448 ns, At safepoint: 786135 ns, Total: 1651430 ns
[2025-10-15T05:16:08.452-0700][1246 ][info ][gc,start    ] GC(113) Pause Young (Normal) (G1 Evacuation Pause)
[2025-10-15T05:16:08.452-0700][1246 ][info ][gc,task     ] GC(113) Using 113 workers of 113 for evacuation
[2025-10-15T05:16:08.466-0700][1246 ][debug][gc,remset   ] GC(113) Visited cards 8591104 Total dirty 64290816 (13.36%) Total old 445317120 (1.93%)
[2025-10-15T05:16:08.650-0700][1246 ][info ][gc,phases   ] GC(113)   Pre Evacuate Collection Set: 0.7ms
[2025-10-15T05:16:08.650-0700][1246 ][info ][gc,phases   ] GC(113)   Merge Heap Roots: 12.4ms
[2025-10-15T05:16:08.650-0700][1246 ][info ][gc,phases   ] GC(113)   Evacuate Collection Set: 170.9ms
[2025-10-15T05:16:08.650-0700][1246 ][info ][gc,phases   ] GC(113)   Post Evacuate Collection Set: 13.2ms
[2025-10-15T05:16:08.650-0700][1246 ][info ][gc,phases   ] GC(113)   Other: 0.2ms
[2025-10-15T05:16:08.650-0700][1246 ][debug][gc,remset   ] GC(113) Coarsening (recent): Inline->AoC 22310 (0) AoC->Howl 112 (0) Howl->Full 0 (0) Inline->AoC 483 (0) AoC->BitMap 75 (0) BitMap->Full 0 (0) 
[2025-10-15T05:16:08.650-0700][1246 ][debug][gc,remset   ] GC(113) Coarsening (all): Inline->AoC 2088953 (24) AoC->Howl 58430 (94) Howl->Full 0 (0) Inline->AoC 265226 (26) AoC->BitMap 65215 (91) BitMap->Full 0 (0) 
[2025-10-15T05:16:08.650-0700][1246 ][info ][gc,heap     ] GC(113) Eden regions: 2631->0(2706)
[2025-10-15T05:16:08.650-0700][1246 ][info ][gc,heap     ] GC(113) Survivor regions: 247->232(360)
[2025-10-15T05:16:08.650-0700][1246 ][info ][gc,heap     ] GC(113) Old regions: 1031->1088
[2025-10-15T05:16:08.650-0700][1246 ][info ][gc,heap     ] GC(113) Humongous regions: 8->0
[2025-10-15T05:16:08.650-0700][1246 ][info ][gc,metaspace] GC(113) Metaspace: 313265K(318848K)->313265K(318848K) NonClass: 276496K(279488K)->276496K(279488K) Class: 36769K(39360K)->36769K(39360K)
[2025-10-15T05:16:08.650-0700][1246 ][info ][gc          ] GC(113) Pause Young (Normal) (G1 Evacuation Pause) 125332M->42231M(184320M) 197.558ms
[2025-10-15T05:16:08.651-0700][1246 ][info ][gc,cpu      ] GC(113) User=18.61s Sys=0.33s Real=0.20s
[2025-10-15T05:16:08.652-0700][1246 ][info ][safepoint   ] Safepoint "G1CollectForAllocation", Time since last: 3672854641 ns, Reaching safepoint: 1183083 ns, Cleanup: 3976 ns, At safepoint: 201054863 ns, Total: 202241922 ns
[2025-10-15T05:16:11.654-0700][1246 ][info ][safepoint   ] Safepoint "Cleanup", Time since last: 3000210527 ns, Reaching safepoint: 768859 ns, Cleanup: 12268 ns, At safepoint: 285330 ns, Total: 1066457 ns
[2025-10-15T05:16:12.655-0700][1246 ][info ][safepoint   ] Safepoint "Cleanup", Time since last: 1000112356 ns, Reaching safepoint: 821358 ns, Cleanup: 22284 ns, At safepoint: 153080 ns, Total: 996722 ns
[2025-10-15T05:16:13.656-0700][1246 ][info ][safepoint   ] Safepoint "Cleanup", Time since last: 1000116512 ns, Reaching safepoint: 823802 ns, Cleanup: 13230 ns, At safepoint: 473464 ns, Total: 1310496 ns
[2025-10-15T05:16:14.657-0700][1246 ][info ][safepoint   ] Safepoint "Cleanup", Time since last: 1000120628 ns, Reaching safepoint: 699324 ns, Cleanup: 8172 ns, At safepoint: 157748 ns, Total: 865244 ns
[2025-10-15T05:16:15.658-0700][1246 ][info ][safepoint   ] Safepoint "Cleanup", Time since last: 1000072055 ns, Reaching safepoint: 663651 ns, Cleanup: 17576 ns, At safepoint: 164177 ns, Total: 845404 ns
[2025-10-15T05:16:18.660-0700][1246 ][info ][safepoint   ] Safepoint "Cleanup", Time since last: 3000246912 ns, Reaching safepoint: 808558 ns, Cleanup: 14763 ns, At safepoint: 347504 ns, Total: 1170825 ns
[2025-10-15T05:16:20.188-0700][1246 ][info ][gc,start    ] GC(114) Pause Young (Normal) (G1 Evacuation Pause)
[2025-10-15T05:16:20.188-0700][1246 ][info ][gc,task     ] GC(114) Using 113 workers of 113 for evacuation
[2025-10-15T05:16:20.201-0700][1246 ][debug][gc,remset   ] GC(114) Visited cards 8775168 Total dirty 67764224 (12.95%) Total old 463929344 (1.89%)
[2025-10-15T05:16:20.384-0700][1246 ][info ][gc,phases   ] GC(114)   Pre Evacuate Collection Set: 0.7ms
[2025-10-15T05:16:20.384-0700][1246 ][info ][gc,phases   ] GC(114)   Merge Heap Roots: 12.0ms
[2025-10-15T05:16:20.384-0700][1246 ][info ][gc,phases   ] GC(114)   Evacuate Collection Set: 169.2ms
[2025-10-15T05:16:20.384-0700][1246 ][info ][gc,phases   ] GC(114)   Post Evacuate Collection Set: 13.4ms
[2025-10-15T05:16:20.384-0700][1246 ][info ][gc,phases   ] GC(114)   Other: 0.2ms
[2025-10-15T05:16:20.384-0700][1246 ][debug][gc,remset   ] GC(114) Coarsening (recent): Inline->AoC 31762 (2) AoC->Howl 113 (6) Howl->Full 0 (0) Inline->AoC 425 (1) AoC->BitMap 73 (4) BitMap->Full 0 (0) 
[2025-10-15T05:16:20.384-0700][1246 ][debug][gc,remset   ] GC(114) Coarsening (all): Inline->AoC 2120715 (26) AoC->Howl 58543 (100) Howl->Full 0 (0) Inline->AoC 265651 (27) AoC->BitMap 65288 (95) BitMap->Full 0 (0) 
[2025-10-15T05:16:20.384-0700][1246 ][info ][gc,heap     ] GC(114) Eden regions: 2759->0(2405)
[2025-10-15T05:16:20.384-0700][1246 ][info ][gc,heap     ] GC(114) Survivor regions: 232->247(374)
[2025-10-15T05:16:20.384-0700][1246 ][info ][gc,heap     ] GC(114) Old regions: 1088->1126
[2025-10-15T05:16:20.384-0700][1246 ][info ][gc,heap     ] GC(114) Humongous regions: 9->0
[2025-10-15T05:16:20.384-0700][1246 ][info ][gc,metaspace] GC(114) Metaspace: 313280K(318848K)->313280K(318848K) NonClass: 276509K(279488K)->276509K(279488K) Class: 36770K(39360K)->36770K(39360K)
[2025-10-15T05:16:20.384-0700][1246 ][info ][gc          ] GC(114) Pause Young (Normal) (G1 Evacuation Pause) 130807M->43920M(184320M) 195.652ms
[2025-10-15T05:16:20.385-0700][1246 ][info ][gc,cpu      ] GC(114) User=18.06s Sys=0.34s Real=0.19s
[2025-10-15T05:16:20.386-0700][1246 ][info ][safepoint   ] Safepoint "G1CollectForAllocation", Time since last: 1526694083 ns, Reaching safepoint: 979176 ns, Cleanup: 15513 ns, At safepoint: 199050202 ns, Total: 200044891 ns
[2025-10-15T05:16:21.388-0700][1246 ][info ][safepoint   ] Safepoint "Cleanup", Time since last: 1000093387 ns, Reaching safepoint: 947018 ns, Cleanup: 11387 ns, At safepoint: 212951 ns, Total: 1171356 ns
[2025-10-15T05:16:22.391-0700][1246 ][info ][safepoint   ] Safepoint "Cleanup", Time since last: 1000117093 ns, Reaching safepoint: 2910427 ns, Cleanup: 11157 ns, At safepoint: 859355 ns, Total: 3780939 ns
[2025-10-15T05:16:23.393-0700][1246 ][info ][safepoint   ] Safepoint "Cleanup", Time since last: 1000107208 ns, Reaching safepoint: 912816 ns, Cleanup: 11848 ns, At safepoint: 716620 ns, Total: 1641284 ns
[2025-10-15T05:16:25.394-0700][1246 ][info ][safepoint   ] Safepoint "Cleanup", Time since last: 2000145048 ns, Reaching safepoint: 805374 ns, Cleanup: 13109 ns, At safepoint: 301004 ns, Total: 1119487 ns
[2025-10-15T05:16:26.396-0700][1246 ][info ][safepoint   ] Safepoint "Cleanup", Time since last: 1000130159 ns, Reaching safepoint: 797662 ns, Cleanup: 13791 ns, At safepoint: 565743 ns, Total: 1377196 ns
[2025-10-15T05:16:27.398-0700][1246 ][info ][safepoint   ] Safepoint "Cleanup", Time since last: 1000108737 ns, Reaching safepoint: 768217 ns, Cleanup: 19620 ns, At safepoint: 960628 ns, Total: 1748465 ns
[2025-10-15T05:16:28.400-0700][1246 ][info ][safepoint   ] Safepoint "Cleanup", Time since last: 1000106924 ns, Reaching safepoint: 1711900 ns, Cleanup: 15063 ns, At safepoint: 642278 ns, Total: 2369241 ns
[2025-10-15T05:16:29.402-0700][1246 ][info ][safepoint   ] Safepoint "Cleanup", Time since last: 1000105832 ns, Reaching safepoint: 988020 ns, Cleanup: 15593 ns, At safepoint: 1035491 ns, Total: 2039104 ns
[2025-10-15T05:16:30.318-0700][1246 ][info ][gc,start    ] GC(115) Pause Young (Normal) (G1 Evacuation Pause)
[2025-10-15T05:16:30.318-0700][1246 ][info ][gc,task     ] GC(115) Using 113 workers of 113 for evacuation
[2025-10-15T05:16:30.331-0700][1246 ][debug][gc,remset   ] GC(115) Visited cards 8866048 Total dirty 70057984 (12.66%) Total old 430833664 (2.06%)
[2025-10-15T05:16:30.489-0700][1246 ][info ][gc,phases   ] GC(115)   Pre Evacuate Collection Set: 0.7ms
[2025-10-15T05:16:30.489-0700][1246 ][info ][gc,phases   ] GC(115)   Merge Heap Roots: 13.1ms
[2025-10-15T05:16:30.489-0700][1246 ][info ][gc,phases   ] GC(115)   Evacuate Collection Set: 144.2ms
[2025-10-15T05:16:30.489-0700][1246 ][info ][gc,phases   ] GC(115)   Post Evacuate Collection Set: 12.8ms
[2025-10-15T05:16:30.489-0700][1246 ][info ][gc,phases   ] GC(115)   Other: 0.2ms
[2025-10-15T05:16:30.489-0700][1246 ][debug][gc,remset   ] GC(115) Coarsening (recent): Inline->AoC 34397 (0) AoC->Howl 79 (0) Howl->Full 0 (0) Inline->AoC 319 (0) AoC->BitMap 49 (0) BitMap->Full 0 (0) 
[2025-10-15T05:16:30.489-0700][1246 ][debug][gc,remset   ] GC(115) Coarsening (all): Inline->AoC 2155112 (26) AoC->Howl 58622 (100) Howl->Full 0 (0) Inline->AoC 265970 (27) AoC->BitMap 65337 (95) BitMap->Full 0 (0) 
[2025-10-15T05:16:30.489-0700][1246 ][info ][gc,heap     ] GC(115) Eden regions: 2472->0(3299)
[2025-10-15T05:16:30.489-0700][1246 ][info ][gc,heap     ] GC(115) Survivor regions: 247->157(340)
[2025-10-15T05:16:30.489-0700][1246 ][info ][gc,heap     ] GC(115) Old regions: 1126->1224
[2025-10-15T05:16:30.489-0700][1246 ][info ][gc,heap     ] GC(115) Humongous regions: 10->0
[2025-10-15T05:16:30.489-0700][1246 ][info ][gc,metaspace] GC(115) Metaspace: 313306K(318848K)->313306K(318848K) NonClass: 276535K(279488K)->276535K(279488K) Class: 36771K(39360K)->36771K(39360K)
[2025-10-15T05:16:30.489-0700][1246 ][info ][gc          ] GC(115) Pause Young (Normal) (G1 Evacuation Pause) 123344M->44161M(184320M) 171.272ms
[2025-10-15T05:16:30.490-0700][1246 ][info ][gc,cpu      ] GC(115) User=16.39s Sys=0.24s Real=0.18s
[2025-10-15T05:16:30.491-0700][1246 ][info ][safepoint   ] Safepoint "G1CollectForAllocation", Time since last: 912791391 ns, Reaching safepoint: 1201922 ns, Cleanup: 4416 ns, At safepoint: 174735103 ns, Total: 175941441 ns
[2025-10-15T05:16:32.030-0700][1246 ][info ][gc,start    ] GC(116) Pause Young (Concurrent Start) (G1 Humongous Allocation)
[2025-10-15T05:16:32.030-0700][1246 ][info ][gc,task     ] GC(116) Using 113 workers of 113 for evacuation
[2025-10-15T05:16:32.043-0700][1246 ][debug][gc,remset   ] GC(116) Visited cards 9005312 Total dirty 75956224 (11.86%) Total old 150732800 (5.97%)
[2025-10-15T05:16:32.144-0700][1246 ][info ][gc,phases   ] GC(116)   Pre Evacuate Collection Set: 0.9ms
[2025-10-15T05:16:32.144-0700][1246 ][info ][gc,phases   ] GC(116)   Merge Heap Roots: 11.3ms
[2025-10-15T05:16:32.144-0700][1246 ][info ][gc,phases   ] GC(116)   Evacuate Collection Set: 91.7ms
[2025-10-15T05:16:32.144-0700][1246 ][info ][gc,phases   ] GC(116)   Post Evacuate Collection Set: 9.2ms
[2025-10-15T05:16:32.144-0700][1246 ][info ][gc,phases   ] GC(116)   Other: 0.1ms
[2025-10-15T05:16:32.144-0700][1246 ][debug][gc,remset   ] GC(116) Coarsening (recent): Inline->AoC 0 (0) AoC->Howl 0 (0) Howl->Full 0 (0) Inline->AoC 0 (0) AoC->BitMap 0 (0) BitMap->Full 0 (0) 
[2025-10-15T05:16:32.144-0700][1246 ][debug][gc,remset   ] GC(116) Coarsening (all): Inline->AoC 2155112 (26) AoC->Howl 58622 (100) Howl->Full 0 (0) Inline->AoC 265970 (27) AoC->BitMap 65337 (95) BitMap->Full 0 (0) 
[2025-10-15T05:16:32.144-0700][1246 ][info ][gc,heap     ] GC(116) Eden regions: 381->0(3295)
[2025-10-15T05:16:32.144-0700][1246 ][info ][gc,heap     ] GC(116) Survivor regions: 157->161(432)
[2025-10-15T05:16:32.144-0700][1246 ][info ][gc,heap     ] GC(116) Old regions: 1224->1224
[2025-10-15T05:16:32.144-0700][1246 ][info ][gc,heap     ] GC(116) Humongous regions: 0->0
[2025-10-15T05:16:32.144-0700][1246 ][info ][gc,metaspace] GC(116) Metaspace: 313312K(318848K)->313312K(318848K) NonClass: 276541K(279488K)->276541K(279488K) Class: 36771K(39360K)->36771K(39360K)
[2025-10-15T05:16:32.144-0700][1246 ][info ][gc          ] GC(116) Pause Young (Concurrent Start) (G1 Humongous Allocation) 56345M->44281M(184320M) 113.377ms
[2025-10-15T05:16:32.144-0700][1085 ][info ][gc          ] GC(117) Concurrent Mark Cycle
[2025-10-15T05:16:32.144-0700][1085 ][info ][gc,marking  ] GC(117) Concurrent Scan Root Regions
[2025-10-15T05:16:32.145-0700][1246 ][info ][gc,cpu      ] GC(116) User=10.28s Sys=0.08s Real=0.11s
[2025-10-15T05:16:32.147-0700][1246 ][info ][safepoint   ] Safepoint "G1TryInitiateConcMark", Time since last: 1537353107 ns, Reaching safepoint: 669719 ns, Cleanup: 6801 ns, At safepoint: 117503926 ns, Total: 118180446 ns
[2025-10-15T05:16:32.193-0700][1085 ][info ][gc,marking  ] GC(117) Concurrent Scan Root Regions 49.464ms
[2025-10-15T05:16:32.194-0700][1085 ][info ][gc,marking  ] GC(117) Concurrent Mark
[2025-10-15T05:16:32.194-0700][1085 ][info ][gc,marking  ] GC(117) Concurrent Mark From Roots
[2025-10-15T05:16:32.194-0700][1085 ][info ][gc,task     ] GC(117) Using 36 workers of 36 for marking
[2025-10-15T05:16:32.411-0700][1085 ][info ][gc,marking  ] GC(117) Concurrent Mark From Roots 217.588ms
[2025-10-15T05:16:32.411-0700][1085 ][info ][gc,marking  ] GC(117) Concurrent Preclean
[2025-10-15T05:16:32.435-0700][1085 ][info ][gc,marking  ] GC(117) Concurrent Preclean 23.604ms
[2025-10-15T05:16:32.437-0700][1246 ][info ][gc,start    ] GC(117) Pause Remark
[2025-10-15T05:16:32.699-0700][1246 ][info ][gc,mmu      ] GC(117) MMU target violated: 201.0ms (200.0ms/201.0ms)
[2025-10-15T05:16:32.699-0700][1246 ][info ][gc          ] GC(117) Pause Remark 46849M->46081M(184320M) 262.268ms
[2025-10-15T05:16:32.700-0700][1246 ][info ][gc,cpu      ] GC(117) User=13.24s Sys=0.16s Real=0.27s
[2025-10-15T05:16:32.701-0700][1246 ][info ][safepoint   ] Safepoint "G1PauseRemark", Time since last: 288140571 ns, Reaching safepoint: 764552 ns, Cleanup: 5008 ns, At safepoint: 265889481 ns, Total: 266659041 ns
[2025-10-15T05:16:32.703-0700][1085 ][info ][gc,marking  ] GC(117) Concurrent Mark 509.255ms
[2025-10-15T05:16:32.703-0700][1085 ][info ][gc,marking  ] GC(117) Concurrent Rebuild Remembered Sets and Scrub Regions
[2025-10-15T05:16:33.045-0700][1085 ][info ][gc,marking  ] GC(117) Concurrent Rebuild Remembered Sets and Scrub Regions 342.094ms
[2025-10-15T05:16:33.047-0700][1246 ][info ][gc,start    ] GC(117) Pause Cleanup
[2025-10-15T05:16:33.049-0700][1246 ][info ][gc          ] GC(117) Pause Cleanup 50088M->50088M(184320M) 2.254ms
[2025-10-15T05:16:33.051-0700][1246 ][info ][gc,cpu      ] GC(117) User=0.02s Sys=0.01s Real=0.01s
[2025-10-15T05:16:33.051-0700][1246 ][info ][safepoint   ] Safepoint "G1PauseCleanup", Time since last: 343518343 ns, Reaching safepoint: 855700 ns, Cleanup: 123866 ns, At safepoint: 4923001 ns, Total: 5902567 ns
[2025-10-15T05:16:33.051-0700][1085 ][info ][gc,marking  ] GC(117) Concurrent Clear Claimed Marks
[2025-10-15T05:16:33.052-0700][1085 ][info ][gc,marking  ] GC(117) Concurrent Clear Claimed Marks 0.895ms
[2025-10-15T05:16:33.052-0700][1085 ][info ][gc,marking  ] GC(117) Concurrent Cleanup for Next Mark
[2025-10-15T05:16:33.084-0700][1085 ][info ][gc,marking  ] GC(117) Concurrent Cleanup for Next Mark 31.791ms
[2025-10-15T05:16:33.084-0700][1085 ][info ][gc          ] GC(117) Concurrent Mark Cycle 939.781ms
[2025-10-15T05:16:39.052-0700][1246 ][info ][safepoint   ] Safepoint "Cleanup", Time since last: 6000413509 ns, Reaching safepoint: 828970 ns, Cleanup: 10305 ns, At safepoint: 262827 ns, Total: 1102102 ns
[2025-10-15T05:16:40.054-0700][1246 ][info ][safepoint   ] Safepoint "Cleanup", Time since last: 1000104390 ns, Reaching safepoint: 893657 ns, Cleanup: 10395 ns, At safepoint: 432663 ns, Total: 1336715 ns
[2025-10-15T05:16:44.067-0700][1246 ][info ][safepoint   ] Safepoint "Cleanup", Time since last: 4000297248 ns, Reaching safepoint: 11160933 ns, Cleanup: 14342 ns, At safepoint: 1845091 ns, Total: 13020366 ns
[2025-10-15T05:16:45.069-0700][1246 ][info ][safepoint   ] Safepoint "Cleanup", Time since last: 1000133494 ns, Reaching safepoint: 825595 ns, Cleanup: 15393 ns, At safepoint: 624932 ns, Total: 1465920 ns
[2025-10-15T05:16:46.071-0700][1246 ][info ][safepoint   ] Safepoint "Cleanup", Time since last: 1000109678 ns, Reaching safepoint: 882871 ns, Cleanup: 118668 ns, At safepoint: 701598 ns, Total: 1703137 ns
[2025-10-15T05:16:46.500-0700][1246 ][info ][gc,start    ] GC(118) Pause Young (Prepare Mixed) (G1 Evacuation Pause)
[2025-10-15T05:16:46.501-0700][1246 ][info ][gc,task     ] GC(118) Using 113 workers of 113 for evacuation
[2025-10-15T05:16:46.516-0700][1246 ][debug][gc,remset   ] GC(118) Visited cards 9607168 Total dirty 75890688 (12.66%) Total old 532807680 (1.80%)
[2025-10-15T05:16:46.671-0700][1246 ][info ][gc,phases   ] GC(118)   Pre Evacuate Collection Set: 0.7ms
[2025-10-15T05:16:46.671-0700][1246 ][info ][gc,phases   ] GC(118)   Merge Heap Roots: 14.5ms
[2025-10-15T05:16:46.671-0700][1246 ][info ][gc,phases   ] GC(118)   Evacuate Collection Set: 138.6ms
[2025-10-15T05:16:46.671-0700][1246 ][info ][gc,phases   ] GC(118)   Post Evacuate Collection Set: 16.9ms
[2025-10-15T05:16:46.671-0700][1246 ][info ][gc,phases   ] GC(118)   Other: 0.2ms
[2025-10-15T05:16:46.671-0700][1246 ][debug][gc,remset   ] GC(118) Coarsening (recent): Inline->AoC 178569 (0) AoC->Howl 8660 (0) Howl->Full 0 (0) Inline->AoC 32983 (0) AoC->BitMap 9305 (0) BitMap->Full 0 (0) 
[2025-10-15T05:16:46.671-0700][1246 ][debug][gc,remset   ] GC(118) Coarsening (all): Inline->AoC 2333681 (26) AoC->Howl 67282 (100) Howl->Full 0 (0) Inline->AoC 298953 (27) AoC->BitMap 74642 (95) BitMap->Full 0 (0) 
[2025-10-15T05:16:46.671-0700][1246 ][info ][gc,heap     ] GC(118) Eden regions: 3295->0(3239)
[2025-10-15T05:16:46.671-0700][1246 ][info ][gc,heap     ] GC(118) Survivor regions: 161->217(432)
[2025-10-15T05:16:46.671-0700][1246 ][info ][gc,heap     ] GC(118) Old regions: 1200->1200
[2025-10-15T05:16:46.671-0700][1246 ][info ][gc,heap     ] GC(118) Humongous regions: 18->0
[2025-10-15T05:16:46.671-0700][1246 ][info ][gc,metaspace] GC(118) Metaspace: 313254K(318848K)->313254K(318848K) NonClass: 276493K(279488K)->276493K(279488K) Class: 36760K(39360K)->36760K(39360K)
[2025-10-15T05:16:46.672-0700][1246 ][info ][gc          ] GC(118) Pause Young (Prepare Mixed) (G1 Evacuation Pause) 149529M->45296M(184320M) 171.087ms
[2025-10-15T05:16:46.673-0700][1246 ][info ][gc,cpu      ] GC(118) User=15.59s Sys=0.34s Real=0.17s
[2025-10-15T05:16:46.674-0700][1246 ][info ][safepoint   ] Safepoint "G1CollectForAllocation", Time since last: 427798791 ns, Reaching safepoint: 833917 ns, Cleanup: 85228 ns, At safepoint: 174471956 ns, Total: 175391101 ns
[2025-10-15T05:16:47.676-0700][1246 ][info ][safepoint   ] Safepoint "Cleanup", Time since last: 1000080504 ns, Reaching safepoint: 1152908 ns, Cleanup: 28493 ns, At safepoint: 742739 ns, Total: 1924140 ns
[2025-10-15T05:16:48.677-0700][1246 ][info ][safepoint   ] Safepoint "Cleanup", Time since last: 1000126804 ns, Reaching safepoint: 799044 ns, Cleanup: 21202 ns, At safepoint: 363428 ns, Total: 1183674 ns
[2025-10-15T05:16:49.680-0700][1246 ][info ][safepoint   ] Safepoint "Cleanup", Time since last: 1000108607 ns, Reaching safepoint: 1785170 ns, Cleanup: 20862 ns, At safepoint: 1125116 ns, Total: 2931148 ns
[2025-10-15T05:16:50.682-0700][1246 ][info ][safepoint   ] Safepoint "Cleanup", Time since last: 1000114155 ns, Reaching safepoint: 843781 ns, Cleanup: 28503 ns, At safepoint: 693996 ns, Total: 1566280 ns
[2025-10-15T05:16:51.684-0700][1246 ][info ][safepoint   ] Safepoint "Cleanup", Time since last: 1000112142 ns, Reaching safepoint: 924694 ns, Cleanup: 10686 ns, At safepoint: 1227761 ns, Total: 2163141 ns
[2025-10-15T05:16:52.687-0700][1246 ][info ][safepoint   ] Safepoint "Cleanup", Time since last: 1000118932 ns, Reaching safepoint: 1425058 ns, Cleanup: 37997 ns, At safepoint: 1151205 ns, Total: 2614260 ns
[2025-10-15T05:16:53.689-0700][1246 ][info ][safepoint   ] Safepoint "Cleanup", Time since last: 1000106203 ns, Reaching safepoint: 842810 ns, Cleanup: 23075 ns, At safepoint: 848980 ns, Total: 1714865 ns
[2025-10-15T05:16:55.691-0700][1246 ][info ][safepoint   ] Safepoint "Cleanup", Time since last: 2000163502 ns, Reaching safepoint: 895429 ns, Cleanup: 67953 ns, At safepoint: 1483376 ns, Total: 2446758 ns
[2025-10-15T05:16:57.694-0700][1246 ][info ][safepoint   ] Safepoint "Cleanup", Time since last: 2000281279 ns, Reaching safepoint: 1047930 ns, Cleanup: 21742 ns, At safepoint: 1893565 ns, Total: 2963237 ns
[2025-10-15T05:16:58.067-0700][1246 ][info ][gc,start    ] GC(119) Pause Young (Mixed) (G1 Evacuation Pause)
[2025-10-15T05:16:58.067-0700][1246 ][info ][gc,task     ] GC(119) Using 113 workers of 113 for evacuation
[2025-10-15T05:16:58.082-0700][1246 ][debug][gc,remset   ] GC(119) Visited cards 9487360 Total dirty 61865984 (15.34%) Total old 548995072 (1.73%)
[2025-10-15T05:16:58.288-0700][1246 ][info ][gc,mmu      ] GC(119) MMU target violated: 201.0ms (200.0ms/201.0ms)
[2025-10-15T05:16:58.288-0700][1246 ][info ][gc,phases   ] GC(119)   Pre Evacuate Collection Set: 0.8ms
[2025-10-15T05:16:58.288-0700][1246 ][info ][gc,phases   ] GC(119)   Merge Heap Roots: 14.0ms
[2025-10-15T05:16:58.288-0700][1246 ][info ][gc,phases   ] GC(119)   Evacuate Collection Set: 188.3ms
[2025-10-15T05:16:58.288-0700][1246 ][info ][gc,phases   ] GC(119)   Post Evacuate Collection Set: 18.1ms
[2025-10-15T05:16:58.288-0700][1246 ][info ][gc,phases   ] GC(119)   Other: 0.4ms
[2025-10-15T05:16:58.288-0700][1246 ][debug][gc,remset   ] GC(119) Coarsening (recent): Inline->AoC 36862 (0) AoC->Howl 181 (0) Howl->Full 0 (0) Inline->AoC 1009 (0) AoC->BitMap 76 (0) BitMap->Full 0 (0) 
[2025-10-15T05:16:58.288-0700][1246 ][debug][gc,remset   ] GC(119) Coarsening (all): Inline->AoC 2370543 (26) AoC->Howl 67463 (100) Howl->Full 0 (0) Inline->AoC 299962 (27) AoC->BitMap 74718 (95) BitMap->Full 0 (0) 
[2025-10-15T05:16:58.288-0700][1246 ][info ][gc,heap     ] GC(119) Eden regions: 3239->0(1302)
[2025-10-15T05:16:58.288-0700][1246 ][info ][gc,heap     ] GC(119) Survivor regions: 217->286(432)
[2025-10-15T05:16:58.288-0700][1246 ][info ][gc,heap     ] GC(119) Old regions: 1200->958
[2025-10-15T05:16:58.288-0700][1246 ][info ][gc,heap     ] GC(119) Humongous regions: 21->0
[2025-10-15T05:16:58.288-0700][1246 ][info ][gc,metaspace] GC(119) Metaspace: 313327K(318848K)->313327K(318848K) NonClass: 276555K(279488K)->276555K(279488K) Class: 36771K(39360K)->36771K(39360K)
[2025-10-15T05:16:58.288-0700][1246 ][info ][gc          ] GC(119) Pause Young (Mixed) (G1 Evacuation Pause) 149616M->39782M(184320M) 221.631ms
[2025-10-15T05:16:58.290-0700][1246 ][info ][gc,cpu      ] GC(119) User=19.59s Sys=0.26s Real=0.23s
[2025-10-15T05:16:58.291-0700][1246 ][info ][safepoint   ] Safepoint "G1CollectForAllocation", Time since last: 362749320 ns, Reaching safepoint: 8578871 ns, Cleanup: 7091 ns, At safepoint: 224945645 ns, Total: 233531607 ns
[2025-10-15T05:16:59.292-0700][1246 ][info ][safepoint   ] Safepoint "Cleanup", Time since last: 1000080945 ns, Reaching safepoint: 1019797 ns, Cleanup: 28213 ns, At safepoint: 181624 ns, Total: 1229634 ns
[2025-10-15T05:17:00.293-0700][1246 ][info ][safepoint   ] Safepoint "Cleanup", Time since last: 1000097359 ns, Reaching safepoint: 771944 ns, Cleanup: 20070 ns, At safepoint: 197277 ns, Total: 989291 ns
[2025-10-15T05:17:01.797-0700][1246 ][info ][safepoint   ] Safepoint "Cleanup", Time since last: 1502166430 ns, Reaching safepoint: 747597 ns, Cleanup: 12148 ns, At safepoint: 511361 ns, Total: 1271106 ns
[2025-10-15T05:17:02.798-0700][1246 ][info ][safepoint   ] Safepoint "Cleanup", Time since last: 1000104370 ns, Reaching safepoint: 811343 ns, Cleanup: 17135 ns, At safepoint: 901990 ns, Total: 1730468 ns
[2025-10-15T05:17:03.814-0700][1246 ][info ][safepoint   ] Safepoint "Cleanup", Time since last: 1000106273 ns, Reaching safepoint: 12360411 ns, Cleanup: 25358 ns, At safepoint: 2777207 ns, Total: 15162976 ns
[2025-10-15T05:17:04.397-0700][1246 ][info ][gc,start    ] GC(120) Pause Young (Mixed) (G1 Evacuation Pause)
[2025-10-15T05:17:04.397-0700][1246 ][info ][gc,task     ] GC(120) Using 113 workers of 113 for evacuation
[2025-10-15T05:17:04.412-0700][1246 ][debug][gc,remset   ] GC(120) Visited cards 9328896 Total dirty 57147392 (16.32%) Total old 343605248 (2.72%)
[2025-10-15T05:17:04.614-0700][1246 ][info ][gc,mmu      ] GC(120) MMU target violated: 201.0ms (200.0ms/201.0ms)
[2025-10-15T05:17:04.614-0700][1246 ][info ][gc,phases   ] GC(120)   Pre Evacuate Collection Set: 0.8ms
[2025-10-15T05:17:04.614-0700][1246 ][info ][gc,phases   ] GC(120)   Merge Heap Roots: 14.0ms
[2025-10-15T05:17:04.614-0700][1246 ][info ][gc,phases   ] GC(120)   Evacuate Collection Set: 187.0ms
[2025-10-15T05:17:04.614-0700][1246 ][info ][gc,phases   ] GC(120)   Post Evacuate Collection Set: 15.6ms
[2025-10-15T05:17:04.614-0700][1246 ][info ][gc,phases   ] GC(120)   Other: 0.2ms
[2025-10-15T05:17:04.614-0700][1246 ][debug][gc,remset   ] GC(120) Coarsening (recent): Inline->AoC 25501 (0) AoC->Howl 182 (1) Howl->Full 0 (0) Inline->AoC 825 (0) AoC->BitMap 91 (0) BitMap->Full 0 (0) 
[2025-10-15T05:17:04.614-0700][1246 ][debug][gc,remset   ] GC(120) Coarsening (all): Inline->AoC 2396044 (26) AoC->Howl 67645 (101) Howl->Full 0 (0) Inline->AoC 300787 (27) AoC->BitMap 74809 (95) BitMap->Full 0 (0) 
[2025-10-15T05:17:04.614-0700][1246 ][info ][gc,heap     ] GC(120) Eden regions: 1814->0(3307)
[2025-10-15T05:17:04.614-0700][1246 ][info ][gc,heap     ] GC(120) Survivor regions: 286->149(263)
[2025-10-15T05:17:04.614-0700][1246 ][info ][gc,heap     ] GC(120) Old regions: 958->1030
[2025-10-15T05:17:04.614-0700][1246 ][info ][gc,heap     ] GC(120) Humongous regions: 6->0
[2025-10-15T05:17:04.614-0700][1246 ][info ][gc,metaspace] GC(120) Metaspace: 313350K(318912K)->313350K(318912K) NonClass: 276577K(279552K)->276577K(279552K) Class: 36773K(39360K)->36773K(39360K)
[2025-10-15T05:17:04.614-0700][1246 ][info ][gc          ] GC(120) Pause Young (Mixed) (G1 Evacuation Pause) 98022M->37691M(184320M) 217.785ms
[2025-10-15T05:17:04.616-0700][1246 ][info ][gc,cpu      ] GC(120) User=19.25s Sys=0.18s Real=0.22s
[2025-10-15T05:17:04.617-0700][1246 ][info ][safepoint   ] Safepoint "G1CollectForAllocation", Time since last: 580767964 ns, Reaching safepoint: 942741 ns, Cleanup: 15484 ns, At safepoint: 221322694 ns, Total: 222280919 ns
[2025-10-15T05:17:05.618-0700][1246 ][info ][safepoint   ] Safepoint "Cleanup", Time since last: 1000086534 ns, Reaching safepoint: 842590 ns, Cleanup: 12148 ns, At safepoint: 191118 ns, Total: 1045856 ns
[2025-10-15T05:17:06.630-0700][1246 ][info ][safepoint   ] Safepoint "Cleanup", Time since last: 1000105342 ns, Reaching safepoint: 10230430 ns, Cleanup: 39310 ns, At safepoint: 1647263 ns, Total: 11917003 ns
[2025-10-15T05:17:07.633-0700][1246 ][info ][safepoint   ] Safepoint "Cleanup", Time since last: 1000108185 ns, Reaching safepoint: 1728967 ns, Cleanup: 23785 ns, At safepoint: 1017284 ns, Total: 2770036 ns
[2025-10-15T05:17:10.634-0700][1246 ][info ][safepoint   ] Safepoint "Cleanup", Time since last: 3000183374 ns, Reaching safepoint: 737832 ns, Cleanup: 20081 ns, At safepoint: 405751 ns, Total: 1163664 ns
[2025-10-15T05:17:13.636-0700][1246 ][info ][safepoint   ] Safepoint "Cleanup", Time since last: 3000224487 ns, Reaching safepoint: 899115 ns, Cleanup: 16104 ns, At safepoint: 575378 ns, Total: 1490597 ns
[2025-10-15T05:17:15.638-0700][1246 ][info ][safepoint   ] Safepoint "Cleanup", Time since last: 2000161118 ns, Reaching safepoint: 1091235 ns, Cleanup: 14842 ns, At safepoint: 406343 ns, Total: 1512420 ns
[2025-10-15T05:17:16.640-0700][1246 ][info ][safepoint   ] Safepoint "Cleanup", Time since last: 1000121265 ns, Reaching safepoint: 1112857 ns, Cleanup: 9425 ns, At safepoint: 854378 ns, Total: 1976660 ns
[2025-10-15T05:17:20.234-0700][1246 ][info ][gc,start    ] GC(121) Pause Young (Mixed) (G1 Evacuation Pause)
[2025-10-15T05:17:20.234-0700][1246 ][info ][gc,task     ] GC(121) Using 113 workers of 113 for evacuation
[2025-10-15T05:17:20.250-0700][1246 ][debug][gc,remset   ] GC(121) Visited cards 12772864 Total dirty 54067200 (23.62%) Total old 536150016 (2.38%)
[2025-10-15T05:17:20.425-0700][1246 ][debug][gc,remset   ] GC(121) Visited cards 2337024 Total dirty 49348608 (4.74%) Total old 553844736 (0.42%)
[2025-10-15T05:17:20.461-0700][1246 ][info ][gc,mmu      ] GC(121) MMU target violated: 201.0ms (200.0ms/201.0ms)
[2025-10-15T05:17:20.461-0700][1246 ][info ][gc,phases   ] GC(121)   Pre Evacuate Collection Set: 0.9ms
[2025-10-15T05:17:20.461-0700][1246 ][info ][gc,phases   ] GC(121)   Merge Heap Roots: 14.5ms
[2025-10-15T05:17:20.461-0700][1246 ][info ][gc,phases   ] GC(121)   Evacuate Collection Set: 174.2ms
[2025-10-15T05:17:20.461-0700][1246 ][info ][gc,phases   ] GC(121)   Merge Optional Heap Roots: 0.9ms
[2025-10-15T05:17:20.461-0700][1246 ][info ][gc,phases   ] GC(121)   Evacuate Optional Collection Set: 18.7ms
[2025-10-15T05:17:20.461-0700][1246 ][info ][gc,phases   ] GC(121)   Post Evacuate Collection Set: 17.3ms
[2025-10-15T05:17:20.461-0700][1246 ][info ][gc,phases   ] GC(121)   Other: 0.2ms
[2025-10-15T05:17:20.461-0700][1246 ][debug][gc,remset   ] GC(121) Coarsening (recent): Inline->AoC 63072 (0) AoC->Howl 522 (0) Howl->Full 0 (0) Inline->AoC 1395 (0) AoC->BitMap 376 (0) BitMap->Full 0 (0) 
[2025-10-15T05:17:20.461-0700][1246 ][debug][gc,remset   ] GC(121) Coarsening (all): Inline->AoC 2459116 (26) AoC->Howl 68167 (101) Howl->Full 0 (0) Inline->AoC 302182 (27) AoC->BitMap 75185 (95) BitMap->Full 0 (0) 
[2025-10-15T05:17:20.461-0700][1246 ][info ][gc,heap     ] GC(121) Eden regions: 3307->0(2142)
[2025-10-15T05:17:20.461-0700][1246 ][info ][gc,heap     ] GC(121) Survivor regions: 149->202(432)
[2025-10-15T05:17:20.461-0700][1246 ][info ][gc,heap     ] GC(121) Old regions: 1030->804
[2025-10-15T05:17:20.461-0700][1246 ][info ][gc,heap     ] GC(121) Humongous regions: 22->0
[2025-10-15T05:17:20.461-0700][1246 ][info ][gc,metaspace] GC(121) Metaspace: 313365K(318912K)->313365K(318912K) NonClass: 276592K(279552K)->276592K(279552K) Class: 36773K(39360K)->36773K(39360K)
[2025-10-15T05:17:20.461-0700][1246 ][info ][gc          ] GC(121) Pause Young (Mixed) (G1 Evacuation Pause) 144219M->32184M(184320M) 226.846ms
[2025-10-15T05:17:20.462-0700][1246 ][info ][gc,cpu      ] GC(121) User=18.49s Sys=0.87s Real=0.23s
[2025-10-15T05:17:20.463-0700][1246 ][info ][safepoint   ] Safepoint "G1CollectForAllocation", Time since last: 3581905437 ns, Reaching safepoint: 11638553 ns, Cleanup: 21192 ns, At safepoint: 230210622 ns, Total: 241870367 ns
[2025-10-15T05:17:21.465-0700][1246 ][info ][safepoint   ] Safepoint "Cleanup", Time since last: 1000079993 ns, Reaching safepoint: 866877 ns, Cleanup: 40020 ns, At safepoint: 160702 ns, Total: 1067599 ns
[2025-10-15T05:17:22.466-0700][1246 ][info ][safepoint   ] Safepoint "Cleanup", Time since last: 1000103068 ns, Reaching safepoint: 858604 ns, Cleanup: 21072 ns, At safepoint: 382807 ns, Total: 1262483 ns
[2025-10-15T05:17:25.467-0700][1246 ][info ][safepoint   ] Safepoint "Cleanup", Time since last: 3000227611 ns, Reaching safepoint: 693476 ns, Cleanup: 14301 ns, At safepoint: 106100 ns, Total: 813877 ns
[2025-10-15T05:17:26.469-0700][1246 ][info ][safepoint   ] Safepoint "Cleanup", Time since last: 1000108647 ns, Reaching safepoint: 912134 ns, Cleanup: 50486 ns, At safepoint: 596820 ns, Total: 1559440 ns
[2025-10-15T05:17:27.470-0700][1246 ][info ][safepoint   ] Safepoint "Cleanup", Time since last: 1000121296 ns, Reaching safepoint: 790942 ns, Cleanup: 25378 ns, At safepoint: 444310 ns, Total: 1260630 ns
[2025-10-15T05:17:29.471-0700][1246 ][info ][safepoint   ] Safepoint "Cleanup", Time since last: 2000176822 ns, Reaching safepoint: 751517 ns, Cleanup: 34843 ns, At safepoint: 142626 ns, Total: 928986 ns
[2025-10-15T05:17:30.472-0700][1246 ][info ][safepoint   ] Safepoint "Cleanup", Time since last: 1000098524 ns, Reaching safepoint: 735222 ns, Cleanup: 32960 ns, At safepoint: 395850 ns, Total: 1164032 ns
[2025-10-15T05:17:32.155-0700][1246 ][info ][gc,start    ] GC(122) Pause Young (Mixed) (G1 Evacuation Pause)
[2025-10-15T05:17:32.155-0700][1246 ][info ][gc,task     ] GC(122) Using 113 workers of 113 for evacuation
[2025-10-15T05:17:32.170-0700][1246 ][debug][gc,remset   ] GC(122) Visited cards 12729600 Total dirty 49479680 (25.73%) Total old 438697984 (2.90%)
[2025-10-15T05:17:32.354-0700][1246 ][info ][gc,phases   ] GC(122)   Pre Evacuate Collection Set: 0.7ms
[2025-10-15T05:17:32.354-0700][1246 ][info ][gc,phases   ] GC(122)   Merge Heap Roots: 14.0ms
[2025-10-15T05:17:32.354-0700][1246 ][info ][gc,phases   ] GC(122)   Evacuate Collection Set: 170.3ms
[2025-10-15T05:17:32.354-0700][1246 ][info ][gc,phases   ] GC(122)   Post Evacuate Collection Set: 13.9ms
[2025-10-15T05:17:32.354-0700][1246 ][info ][gc,phases   ] GC(122)   Other: 0.2ms
[2025-10-15T05:17:32.354-0700][1246 ][debug][gc,remset   ] GC(122) Coarsening (recent): Inline->AoC 39591 (0) AoC->Howl 250 (0) Howl->Full 0 (0) Inline->AoC 940 (0) AoC->BitMap 163 (0) BitMap->Full 0 (0) 
[2025-10-15T05:17:32.354-0700][1246 ][debug][gc,remset   ] GC(122) Coarsening (all): Inline->AoC 2498707 (26) AoC->Howl 68417 (101) Howl->Full 0 (0) Inline->AoC 303122 (27) AoC->BitMap 75348 (95) BitMap->Full 0 (0) 
[2025-10-15T05:17:32.354-0700][1246 ][info ][gc,heap     ] GC(122) Eden regions: 2712->0(3190)
[2025-10-15T05:17:32.354-0700][1246 ][info ][gc,heap     ] GC(122) Survivor regions: 202->209(365)
[2025-10-15T05:17:32.354-0700][1246 ][info ][gc,heap     ] GC(122) Old regions: 804->817
[2025-10-15T05:17:32.354-0700][1246 ][info ][gc,heap     ] GC(122) Humongous regions: 12->0
[2025-10-15T05:17:32.354-0700][1246 ][info ][gc,metaspace] GC(122) Metaspace: 313415K(318976K)->313415K(318976K) NonClass: 276636K(279616K)->276636K(279616K) Class: 36779K(39360K)->36779K(39360K)
[2025-10-15T05:17:32.354-0700][1246 ][info ][gc          ] GC(122) Pause Young (Mixed) (G1 Evacuation Pause) 119352M->32821M(184320M) 199.339ms
[2025-10-15T05:17:32.355-0700][1246 ][info ][gc,cpu      ] GC(122) User=17.99s Sys=0.17s Real=0.20s
[2025-10-15T05:17:32.356-0700][1246 ][info ][safepoint   ] Safepoint "G1CollectForAllocation", Time since last: 1680254810 ns, Reaching safepoint: 943739 ns, Cleanup: 10706 ns, At safepoint: 202655989 ns, Total: 203610434 ns
[2025-10-15T05:17:33.358-0700][1246 ][info ][safepoint   ] Safepoint "Cleanup", Time since last: 1000087106 ns, Reaching safepoint: 921105 ns, Cleanup: 16555 ns, At safepoint: 392214 ns, Total: 1329874 ns
[2025-10-15T05:17:34.359-0700][1246 ][info ][safepoint   ] Safepoint "Cleanup", Time since last: 1000113801 ns, Reaching safepoint: 873657 ns, Cleanup: 10546 ns, At safepoint: 684050 ns, Total: 1568253 ns
[2025-10-15T05:17:35.361-0700][1246 ][info ][safepoint   ] Safepoint "Cleanup", Time since last: 1000105637 ns, Reaching safepoint: 834798 ns, Cleanup: 12168 ns, At safepoint: 527034 ns, Total: 1374000 ns
[2025-10-15T05:17:37.362-0700][1246 ][info ][safepoint   ] Safepoint "Cleanup", Time since last: 2000160296 ns, Reaching safepoint: 824803 ns, Cleanup: 12579 ns, At safepoint: 290397 ns, Total: 1127779 ns
[2025-10-15T05:17:40.363-0700][1246 ][info ][safepoint   ] Safepoint "Cleanup", Time since last: 3000196628 ns, Reaching safepoint: 667466 ns, Cleanup: 11267 ns, At safepoint: 115504 ns, Total: 794237 ns
[2025-10-15T05:17:41.364-0700][1246 ][info ][safepoint   ] Safepoint "Cleanup", Time since last: 1000094369 ns, Reaching safepoint: 822369 ns, Cleanup: 22594 ns, At safepoint: 230157 ns, Total: 1075120 ns
[2025-10-15T05:17:42.366-0700][1246 ][info ][safepoint   ] Safepoint "Cleanup", Time since last: 1000095561 ns, Reaching safepoint: 898765 ns, Cleanup: 17576 ns, At safepoint: 954909 ns, Total: 1871250 ns
[2025-10-15T05:17:45.368-0700][1246 ][info ][safepoint   ] Safepoint "Cleanup", Time since last: 3000250418 ns, Reaching safepoint: 867959 ns, Cleanup: 18237 ns, At safepoint: 327544 ns, Total: 1213740 ns
[2025-10-15T05:17:45.575-0700][1246 ][info ][gc,start    ] GC(123) Pause Young (Normal) (G1 Evacuation Pause)
[2025-10-15T05:17:45.575-0700][1246 ][info ][gc,task     ] GC(123) Using 113 workers of 113 for evacuation
[2025-10-15T05:17:45.589-0700][1246 ][debug][gc,remset   ] GC(123) Visited cards 8137728 Total dirty 51838976 (15.70%) Total old 507641856 (1.60%)
[2025-10-15T05:17:45.771-0700][1246 ][info ][gc,phases   ] GC(123)   Pre Evacuate Collection Set: 0.7ms
[2025-10-15T05:17:45.771-0700][1246 ][info ][gc,phases   ] GC(123)   Merge Heap Roots: 13.7ms
[2025-10-15T05:17:45.771-0700][1246 ][info ][gc,phases   ] GC(123)   Evacuate Collection Set: 164.2ms
[2025-10-15T05:17:45.771-0700][1246 ][info ][gc,phases   ] GC(123)   Post Evacuate Collection Set: 17.6ms
[2025-10-15T05:17:45.771-0700][1246 ][info ][gc,phases   ] GC(123)   Other: 0.2ms
[2025-10-15T05:17:45.771-0700][1246 ][debug][gc,remset   ] GC(123) Coarsening (recent): Inline->AoC 38474 (0) AoC->Howl 163 (0) Howl->Full 0 (0) Inline->AoC 640 (0) AoC->BitMap 100 (0) BitMap->Full 0 (0) 
[2025-10-15T05:17:45.771-0700][1246 ][debug][gc,remset   ] GC(123) Coarsening (all): Inline->AoC 2537181 (26) AoC->Howl 68580 (101) Howl->Full 0 (0) Inline->AoC 303762 (27) AoC->BitMap 75448 (95) BitMap->Full 0 (0) 
[2025-10-15T05:17:45.771-0700][1246 ][info ][gc,heap     ] GC(123) Eden regions: 3247->0(2118)
[2025-10-15T05:17:45.771-0700][1246 ][info ][gc,heap     ] GC(123) Survivor regions: 209->247(432)
[2025-10-15T05:17:45.771-0700][1246 ][info ][gc,heap     ] GC(123) Old regions: 817->817
[2025-10-15T05:17:45.771-0700][1246 ][info ][gc,heap     ] GC(123) Humongous regions: 17->0
[2025-10-15T05:17:45.771-0700][1246 ][info ][gc,metaspace] GC(123) Metaspace: 313466K(319104K)->313466K(319104K) NonClass: 276682K(279680K)->276682K(279680K) Class: 36784K(39424K)->36784K(39424K)
[2025-10-15T05:17:45.771-0700][1246 ][info ][gc          ] GC(123) Pause Young (Normal) (G1 Evacuation Pause) 137269M->34016M(184320M) 196.568ms
[2025-10-15T05:17:45.772-0700][1246 ][info ][gc,cpu      ] GC(123) User=17.46s Sys=0.24s Real=0.20s
[2025-10-15T05:17:45.774-0700][1246 ][info ][safepoint   ] Safepoint "G1CollectForAllocation", Time since last: 205118353 ns, Reaching safepoint: 827206 ns, Cleanup: 5118 ns, At safepoint: 199876033 ns, Total: 200708357 ns
[2025-10-15T05:17:46.775-0700][1246 ][info ][safepoint   ] Safepoint "Cleanup", Time since last: 1000092997 ns, Reaching safepoint: 725844 ns, Cleanup: 15843 ns, At safepoint: 196467 ns, Total: 938154 ns
[2025-10-15T05:17:47.776-0700][1246 ][info ][safepoint   ] Safepoint "Cleanup", Time since last: 1000107509 ns, Reaching safepoint: 850381 ns, Cleanup: 13030 ns, At safepoint: 288304 ns, Total: 1151715 ns
[2025-10-15T05:17:49.778-0700][1246 ][info ][safepoint   ] Safepoint "Cleanup", Time since last: 2000159424 ns, Reaching safepoint: 1333851 ns, Cleanup: 10385 ns, At safepoint: 512322 ns, Total: 1856558 ns
[2025-10-15T05:17:51.779-0700][1246 ][info ][safepoint   ] Safepoint "Cleanup", Time since last: 2000167917 ns, Reaching safepoint: 811163 ns, Cleanup: 14942 ns, At safepoint: 249617 ns, Total: 1075722 ns
[2025-10-15T05:17:53.780-0700][1246 ][info ][safepoint   ] Safepoint "Cleanup", Time since last: 2000174256 ns, Reaching safepoint: 719364 ns, Cleanup: 15203 ns, At safepoint: 141383 ns, Total: 875950 ns
[2025-10-15T05:17:54.706-0700][1246 ][info ][gc,start    ] GC(124) Pause Young (Normal) (G1 Evacuation Pause)
[2025-10-15T05:17:54.706-0700][1246 ][info ][gc,task     ] GC(124) Using 113 workers of 113 for evacuation
[2025-10-15T05:17:54.720-0700][1246 ][debug][gc,remset   ] GC(124) Visited cards 8229120 Total dirty 51838976 (15.87%) Total old 406847488 (2.02%)
[2025-10-15T05:17:54.917-0700][1246 ][info ][gc,mmu      ] GC(124) MMU target violated: 201.0ms (200.0ms/201.0ms)
[2025-10-15T05:17:54.917-0700][1246 ][info ][gc,phases   ] GC(124)   Pre Evacuate Collection Set: 0.8ms
[2025-10-15T05:17:54.917-0700][1246 ][info ][gc,phases   ] GC(124)   Merge Heap Roots: 13.4ms
[2025-10-15T05:17:54.917-0700][1246 ][info ][gc,phases   ] GC(124)   Evacuate Collection Set: 181.2ms
[2025-10-15T05:17:54.917-0700][1246 ][info ][gc,phases   ] GC(124)   Post Evacuate Collection Set: 14.8ms
[2025-10-15T05:17:54.917-0700][1246 ][info ][gc,phases   ] GC(124)   Other: 0.2ms
[2025-10-15T05:17:54.917-0700][1246 ][debug][gc,remset   ] GC(124) Coarsening (recent): Inline->AoC 34381 (3) AoC->Howl 94 (1) Howl->Full 0 (0) Inline->AoC 479 (0) AoC->BitMap 45 (0) BitMap->Full 0 (0) 
[2025-10-15T05:17:54.917-0700][1246 ][debug][gc,remset   ] GC(124) Coarsening (all): Inline->AoC 2571562 (29) AoC->Howl 68674 (102) Howl->Full 0 (0) Inline->AoC 304241 (27) AoC->BitMap 75493 (95) BitMap->Full 0 (0) 
[2025-10-15T05:17:54.917-0700][1246 ][info ][gc,heap     ] GC(124) Eden regions: 2439->0(3277)
[2025-10-15T05:17:54.917-0700][1246 ][info ][gc,heap     ] GC(124) Survivor regions: 247->179(336)
[2025-10-15T05:17:54.917-0700][1246 ][info ][gc,heap     ] GC(124) Old regions: 817->923
[2025-10-15T05:17:54.917-0700][1246 ][info ][gc,heap     ] GC(124) Humongous regions: 19->0
[2025-10-15T05:17:54.917-0700][1246 ][info ][gc,metaspace] GC(124) Metaspace: 313468K(319104K)->313468K(319104K) NonClass: 276684K(279680K)->276684K(279680K) Class: 36784K(39424K)->36784K(39424K)
[2025-10-15T05:17:54.917-0700][1246 ][info ][gc          ] GC(124) Pause Young (Normal) (G1 Evacuation Pause) 112672M->35233M(184320M) 210.635ms
[2025-10-15T05:17:54.918-0700][1246 ][info ][gc,cpu      ] GC(124) User=18.60s Sys=0.33s Real=0.21s
[2025-10-15T05:17:54.919-0700][1246 ][info ][safepoint   ] Safepoint "G1CollectForAllocation", Time since last: 923835143 ns, Reaching safepoint: 987168 ns, Cleanup: 13710 ns, At safepoint: 214107611 ns, Total: 215108489 ns
[2025-10-15T05:17:55.920-0700][1246 ][info ][safepoint   ] Safepoint "Cleanup", Time since last: 1000084434 ns, Reaching safepoint: 628878 ns, Cleanup: 14381 ns, At safepoint: 147983 ns, Total: 791242 ns
[2025-10-15T05:17:57.922-0700][1246 ][info ][safepoint   ] Safepoint "Cleanup", Time since last: 2000158353 ns, Reaching safepoint: 1485348 ns, Cleanup: 18729 ns, At safepoint: 268424 ns, Total: 1772501 ns
[2025-10-15T05:17:59.923-0700][1246 ][info ][safepoint   ] Safepoint "Cleanup", Time since last: 2000181157 ns, Reaching safepoint: 749109 ns, Cleanup: 10596 ns, At safepoint: 79370 ns, Total: 839075 ns
[2025-10-15T05:18:01.818-0700][1246 ][info ][safepoint   ] Safepoint "Cleanup", Time since last: 1894346909 ns, Reaching safepoint: 654927 ns, Cleanup: 20612 ns, At safepoint: 80781 ns, Total: 756320 ns
[2025-10-15T05:18:03.819-0700][1246 ][info ][safepoint   ] Safepoint "Cleanup", Time since last: 2000157892 ns, Reaching safepoint: 764582 ns, Cleanup: 46210 ns, At safepoint: 132810 ns, Total: 943602 ns
[2025-10-15T05:18:04.820-0700][1246 ][info ][safepoint   ] Safepoint "Cleanup", Time since last: 1000104104 ns, Reaching safepoint: 805454 ns, Cleanup: 46740 ns, At safepoint: 227233 ns, Total: 1079427 ns
[2025-10-15T05:18:05.822-0700][1246 ][info ][safepoint   ] Safepoint "Cleanup", Time since last: 1000096502 ns, Reaching safepoint: 806856 ns, Cleanup: 47552 ns, At safepoint: 369046 ns, Total: 1223454 ns
[2025-10-15T05:18:06.823-0700][1246 ][info ][safepoint   ] Safepoint "Cleanup", Time since last: 1000108090 ns, Reaching safepoint: 783300 ns, Cleanup: 17156 ns, At safepoint: 243147 ns, Total: 1043603 ns
[2025-10-15T05:18:07.824-0700][1246 ][info ][safepoint   ] Safepoint "Cleanup", Time since last: 1000101139 ns, Reaching safepoint: 843331 ns, Cleanup: 12359 ns, At safepoint: 285189 ns, Total: 1140879 ns
[2025-10-15T05:18:08.825-0700][1246 ][info ][safepoint   ] Safepoint "Cleanup", Time since last: 1000097895 ns, Reaching safepoint: 904563 ns, Cleanup: 34091 ns, At safepoint: 384941 ns, Total: 1323595 ns
[2025-10-15T05:18:09.829-0700][1246 ][info ][safepoint   ] Safepoint "Cleanup", Time since last: 1000111124 ns, Reaching safepoint: 2934753 ns, Cleanup: 27601 ns, At safepoint: 810662 ns, Total: 3773016 ns
[2025-10-15T05:18:10.831-0700][1246 ][info ][safepoint   ] Safepoint "Cleanup", Time since last: 1000124935 ns, Reaching safepoint: 779926 ns, Cleanup: 34211 ns, At safepoint: 322587 ns, Total: 1136724 ns
[2025-10-15T05:18:11.832-0700][1246 ][info ][safepoint   ] Safepoint "Cleanup", Time since last: 1000099957 ns, Reaching safepoint: 849160 ns, Cleanup: 42053 ns, At safepoint: 385511 ns, Total: 1276724 ns
[2025-10-15T05:18:12.465-0700][1246 ][info ][gc,start    ] GC(125) Pause Young (Normal) (G1 Evacuation Pause)
[2025-10-15T05:18:12.465-0700][1246 ][info ][gc,task     ] GC(125) Using 113 workers of 113 for evacuation
[2025-10-15T05:18:12.480-0700][1246 ][debug][gc,remset   ] GC(125) Visited cards 8431616 Total dirty 58458112 (14.42%) Total old 514457600 (1.64%)
[2025-10-15T05:18:12.625-0700][1246 ][info ][gc,phases   ] GC(125)   Pre Evacuate Collection Set: 0.8ms
[2025-10-15T05:18:12.625-0700][1246 ][info ][gc,phases   ] GC(125)   Merge Heap Roots: 14.6ms
[2025-10-15T05:18:12.625-0700][1246 ][info ][gc,phases   ] GC(125)   Evacuate Collection Set: 129.0ms
[2025-10-15T05:18:12.625-0700][1246 ][info ][gc,phases   ] GC(125)   Post Evacuate Collection Set: 15.2ms
[2025-10-15T05:18:12.625-0700][1246 ][info ][gc,phases   ] GC(125)   Other: 0.2ms
[2025-10-15T05:18:12.625-0700][1246 ][debug][gc,remset   ] GC(125) Coarsening (recent): Inline->AoC 41491 (1) AoC->Howl 132 (0) Howl->Full 0 (0) Inline->AoC 420 (0) AoC->BitMap 96 (0) BitMap->Full 0 (0) 
[2025-10-15T05:18:12.625-0700][1246 ][debug][gc,remset   ] GC(125) Coarsening (all): Inline->AoC 2613053 (30) AoC->Howl 68806 (102) Howl->Full 0 (0) Inline->AoC 304661 (27) AoC->BitMap 75589 (95) BitMap->Full 0 (0) 
[2025-10-15T05:18:12.625-0700][1246 ][info ][gc,heap     ] GC(125) Eden regions: 3277->0(3242)
[2025-10-15T05:18:12.625-0700][1246 ][info ][gc,heap     ] GC(125) Survivor regions: 179->214(432)
[2025-10-15T05:18:12.625-0700][1246 ][info ][gc,heap     ] GC(125) Old regions: 923->923
[2025-10-15T05:18:12.625-0700][1246 ][info ][gc,heap     ] GC(125) Humongous regions: 15->0
[2025-10-15T05:18:12.625-0700][1246 ][info ][gc,metaspace] GC(125) Metaspace: 313539K(319168K)->313539K(319168K) NonClass: 276751K(279744K)->276751K(279744K) Class: 36788K(39424K)->36788K(39424K)
[2025-10-15T05:18:12.625-0700][1246 ][info ][gc          ] GC(125) Pause Young (Normal) (G1 Evacuation Pause) 140577M->36357M(184320M) 159.917ms
[2025-10-15T05:18:12.626-0700][1246 ][info ][gc,cpu      ] GC(125) User=15.30s Sys=0.35s Real=0.16s
[2025-10-15T05:18:12.627-0700][1246 ][info ][safepoint   ] Safepoint "G1CollectForAllocation", Time since last: 630855439 ns, Reaching safepoint: 848208 ns, Cleanup: 15544 ns, At safepoint: 163268954 ns, Total: 164132706 ns
[2025-10-15T05:18:13.628-0700][1246 ][info ][safepoint   ] Safepoint "Cleanup", Time since last: 1000081970 ns, Reaching safepoint: 886366 ns, Cleanup: 20140 ns, At safepoint: 403538 ns, Total: 1310044 ns
[2025-10-15T05:18:14.630-0700][1246 ][info ][safepoint   ] Safepoint "Cleanup", Time since last: 1000112347 ns, Reaching safepoint: 861067 ns, Cleanup: 12039 ns, At safepoint: 347513 ns, Total: 1220619 ns
[2025-10-15T05:18:15.631-0700][1246 ][info ][safepoint   ] Safepoint "Cleanup", Time since last: 1000104134 ns, Reaching safepoint: 930593 ns, Cleanup: 12959 ns, At safepoint: 773326 ns, Total: 1716878 ns
[2025-10-15T05:18:17.633-0700][1246 ][info ][safepoint   ] Safepoint "Cleanup", Time since last: 2000165533 ns, Reaching safepoint: 900147 ns, Cleanup: 18467 ns, At safepoint: 383899 ns, Total: 1302513 ns
[2025-10-15T05:18:18.635-0700][1246 ][info ][safepoint   ] Safepoint "Cleanup", Time since last: 1000108440 ns, Reaching safepoint: 867908 ns, Cleanup: 12539 ns, At safepoint: 841809 ns, Total: 1722256 ns
[2025-10-15T05:18:19.637-0700][1246 ][info ][safepoint   ] Safepoint "Cleanup", Time since last: 1000104574 ns, Reaching safepoint: 882120 ns, Cleanup: 25148 ns, At safepoint: 903111 ns, Total: 1810379 ns
[2025-10-15T05:18:20.646-0700][1246 ][info ][safepoint   ] Safepoint "Cleanup", Time since last: 1000123563 ns, Reaching safepoint: 7010936 ns, Cleanup: 14622 ns, At safepoint: 2321959 ns, Total: 9347517 ns
[2025-10-15T05:18:21.649-0700][1246 ][info ][safepoint   ] Safepoint "Cleanup", Time since last: 1000144885 ns, Reaching safepoint: 1055531 ns, Cleanup: 20972 ns, At safepoint: 1498228 ns, Total: 2574731 ns
[2025-10-15T05:18:22.651-0700][1246 ][info ][safepoint   ] Safepoint "Cleanup", Time since last: 1000116622 ns, Reaching safepoint: 960598 ns, Cleanup: 20211 ns, At safepoint: 1139517 ns, Total: 2120326 ns
[2025-10-15T05:18:23.655-0700][1246 ][info ][safepoint   ] Safepoint "Cleanup", Time since last: 1000121210 ns, Reaching safepoint: 1627362 ns, Cleanup: 24217 ns, At safepoint: 1838230 ns, Total: 3489809 ns
[2025-10-15T05:18:24.657-0700][1246 ][info ][safepoint   ] Safepoint "Cleanup", Time since last: 1000124765 ns, Reaching safepoint: 1192827 ns, Cleanup: 36185 ns, At safepoint: 1104444 ns, Total: 2333456 ns
[2025-10-15T05:18:25.660-0700][1246 ][info ][safepoint   ] Safepoint "Cleanup", Time since last: 1000130744 ns, Reaching safepoint: 1071505 ns, Cleanup: 17116 ns, At safepoint: 1499730 ns, Total: 2588351 ns
[2025-10-15T05:18:27.058-0700][1246 ][debug][gc,jni      ] Setting _needs_gc. Thread "VM Thread" 1 locked.
[2025-10-15T05:18:27.059-0700][2350 ][debug][gc,jni      ] Performing GC after exiting critical section. Thread "http-worker-1211" 0 locked.
[2025-10-15T05:18:27.059-0700][1246 ][info ][safepoint   ] Safepoint "G1CollectForAllocation", Time since last: 1397710806 ns, Reaching safepoint: 769750 ns, Cleanup: 5218 ns, At safepoint: 273733 ns, Total: 1048701 ns
[2025-10-15T05:18:27.059-0700][6135 ][debug][gc,jni      ] Allocation failed. Thread stalled by JNI critical section. Thread "drift-client-270" 0 locked.
[2025-10-15T05:18:27.059-0700][6452 ][debug][gc,jni      ] Allocation failed. Thread stalled by JNI critical section. Thread "drift-client-312" 0 locked.
[2025-10-15T05:18:27.060-0700][1246 ][info ][gc,start    ] GC(126) Pause Young (Normal) (GCLocker Initiated GC)
[2025-10-15T05:18:27.060-0700][1246 ][info ][gc,task     ] GC(126) Using 113 workers of 113 for evacuation
[2025-10-15T05:18:27.075-0700][1246 ][debug][gc,remset   ] GC(126) Visited cards 8486656 Total dirty 58392576 (14.53%) Total old 514523136 (1.65%)
[2025-10-15T05:18:27.252-0700][1246 ][info ][gc,phases   ] GC(126)   Pre Evacuate Collection Set: 0.7ms
[2025-10-15T05:18:27.252-0700][1246 ][info ][gc,phases   ] GC(126)   Merge Heap Roots: 13.7ms
[2025-10-15T05:18:27.252-0700][1246 ][info ][gc,phases   ] GC(126)   Evacuate Collection Set: 162.2ms
[2025-10-15T05:18:27.252-0700][1246 ][info ][gc,phases   ] GC(126)   Post Evacuate Collection Set: 14.8ms
[2025-10-15T05:18:27.252-0700][1246 ][info ][gc,phases   ] GC(126)   Other: 0.2ms
[2025-10-15T05:18:27.252-0700][1246 ][debug][gc,remset   ] GC(126) Coarsening (recent): Inline->AoC 65150 (0) AoC->Howl 104 (0) Howl->Full 0 (0) Inline->AoC 470 (0) AoC->BitMap 79 (0) BitMap->Full 0 (0) 
[2025-10-15T05:18:27.252-0700][1246 ][debug][gc,remset   ] GC(126) Coarsening (all): Inline->AoC 2678203 (30) AoC->Howl 68910 (102) Howl->Full 0 (0) Inline->AoC 305131 (27) AoC->BitMap 75668 (95) BitMap->Full 0 (0) 
[2025-10-15T05:18:27.252-0700][1246 ][info ][gc,heap     ] GC(126) Eden regions: 3242->0(1755)
[2025-10-15T05:18:27.252-0700][1246 ][info ][gc,heap     ] GC(126) Survivor regions: 214->266(432)
[2025-10-15T05:18:27.252-0700][1246 ][info ][gc,heap     ] GC(126) Old regions: 923->923
[2025-10-15T05:18:27.252-0700][1246 ][info ][gc,heap     ] GC(126) Humongous regions: 16->0
[2025-10-15T05:18:27.252-0700][1246 ][info ][gc,metaspace] GC(126) Metaspace: 313706K(319360K)->313706K(319360K) NonClass: 276909K(279936K)->276909K(279936K) Class: 36797K(39424K)->36797K(39424K)
[2025-10-15T05:18:27.252-0700][1246 ][info ][gc          ] GC(126) Pause Young (Normal) (GCLocker Initiated GC) 140613M->38032M(184320M) 191.665ms
[2025-10-15T05:18:27.253-0700][1246 ][info ][gc,cpu      ] GC(126) User=18.12s Sys=0.48s Real=0.19s
[2025-10-15T05:18:27.254-0700][6390 ][debug][gc,jni      ] Allocation failed. Thread stalled by JNI critical section. Thread "drift-client-303" 0 locked.
[2025-10-15T05:18:27.254-0700][6185 ][debug][gc,jni      ] Allocation failed. Thread stalled by JNI critical section. Thread "drift-client-276" 0 locked.
[2025-10-15T05:18:27.254-0700][1246 ][info ][safepoint   ] Safepoint "G1CollectForAllocation", Time since last: 56545 ns, Reaching safepoint: 461796 ns, Cleanup: 1452 ns, At safepoint: 195004451 ns, Total: 195467699 ns
[2025-10-15T05:18:30.255-0700][1246 ][info ][safepoint   ] Safepoint "Cleanup", Time since last: 3000231129 ns, Reaching safepoint: 701036 ns, Cleanup: 18358 ns, At safepoint: 96385 ns, Total: 815779 ns
[2025-10-15T05:18:31.256-0700][1246 ][info ][safepoint   ] Safepoint "Cleanup", Time since last: 1000104685 ns, Reaching safepoint: 814588 ns, Cleanup: 12909 ns, At safepoint: 134533 ns, Total: 962030 ns
[2025-10-15T05:18:32.258-0700][1246 ][info ][safepoint   ] Safepoint "Cleanup", Time since last: 1000098676 ns, Reaching safepoint: 1166788 ns, Cleanup: 12819 ns, At safepoint: 97818 ns, Total: 1277425 ns
[2025-10-15T05:18:33.259-0700][1246 ][info ][safepoint   ] Safepoint "Cleanup", Time since last: 1000100542 ns, Reaching safepoint: 924924 ns, Cleanup: 20331 ns, At safepoint: 554526 ns, Total: 1499781 ns
[2025-10-15T05:18:34.261-0700][1246 ][info ][safepoint   ] Safepoint "Cleanup", Time since last: 1000107875 ns, Reaching safepoint: 778553 ns, Cleanup: 16204 ns, At safepoint: 401115 ns, Total: 1195872 ns
[2025-10-15T05:18:36.334-0700][1246 ][info ][gc,start    ] GC(127) Pause Young (Normal) (G1 Evacuation Pause)
[2025-10-15T05:18:36.334-0700][1246 ][info ][gc,task     ] GC(127) Using 113 workers of 113 for evacuation
[2025-10-15T05:18:36.348-0700][1246 ][debug][gc,remset   ] GC(127) Visited cards 8482816 Total dirty 58458112 (14.51%) Total old 379256832 (2.24%)
[2025-10-15T05:18:36.536-0700][1246 ][info ][gc,mmu      ] GC(127) MMU target violated: 201.0ms (200.0ms/201.0ms)
[2025-10-15T05:18:36.536-0700][1246 ][info ][gc,phases   ] GC(127)   Pre Evacuate Collection Set: 0.7ms
[2025-10-15T05:18:36.536-0700][1246 ][info ][gc,phases   ] GC(127)   Merge Heap Roots: 13.0ms
[2025-10-15T05:18:36.536-0700][1246 ][info ][gc,phases   ] GC(127)   Evacuate Collection Set: 174.6ms
[2025-10-15T05:18:36.536-0700][1246 ][info ][gc,phases   ] GC(127)   Post Evacuate Collection Set: 14.0ms
[2025-10-15T05:18:36.536-0700][1246 ][info ][gc,phases   ] GC(127)   Other: 0.2ms
[2025-10-15T05:18:36.536-0700][1246 ][debug][gc,remset   ] GC(127) Coarsening (recent): Inline->AoC 24297 (0) AoC->Howl 124 (0) Howl->Full 0 (0) Inline->AoC 544 (0) AoC->BitMap 79 (0) BitMap->Full 0 (0) 
[2025-10-15T05:18:36.536-0700][1246 ][debug][gc,remset   ] GC(127) Coarsening (all): Inline->AoC 2702500 (30) AoC->Howl 69034 (102) Howl->Full 0 (0) Inline->AoC 305675 (27) AoC->BitMap 75747 (95) BitMap->Full 0 (0) 
[2025-10-15T05:18:36.536-0700][1246 ][info ][gc,heap     ] GC(127) Eden regions: 2160->0(3278)
[2025-10-15T05:18:36.536-0700][1246 ][info ][gc,heap     ] GC(127) Survivor regions: 266->178(304)
[2025-10-15T05:18:36.536-0700][1246 ][info ][gc,heap     ] GC(127) Old regions: 923->1048
[2025-10-15T05:18:36.536-0700][1246 ][info ][gc,heap     ] GC(127) Humongous regions: 12->0
[2025-10-15T05:18:36.536-0700][1246 ][info ][gc,metaspace] GC(127) Metaspace: 313760K(319424K)->313760K(319424K) NonClass: 276961K(280000K)->276961K(280000K) Class: 36798K(39424K)->36798K(39424K)
[2025-10-15T05:18:36.536-0700][1246 ][info ][gc          ] GC(127) Pause Young (Normal) (G1 Evacuation Pause) 107536M->39207M(184320M) 202.654ms
[2025-10-15T05:18:36.538-0700][1246 ][info ][gc,cpu      ] GC(127) User=19.47s Sys=0.19s Real=0.20s
[2025-10-15T05:18:36.539-0700][1246 ][info ][safepoint   ] Safepoint "G1CollectForAllocation", Time since last: 2071323241 ns, Reaching safepoint: 787958 ns, Cleanup: 4547 ns, At safepoint: 206034269 ns, Total: 206826774 ns
[2025-10-15T05:18:39.540-0700][1246 ][info ][safepoint   ] Safepoint "Cleanup", Time since last: 3000207781 ns, Reaching safepoint: 1042531 ns, Cleanup: 14792 ns, At safepoint: 456929 ns, Total: 1514252 ns
[2025-10-15T05:18:40.542-0700][1246 ][info ][safepoint   ] Safepoint "Cleanup", Time since last: 1000161055 ns, Reaching safepoint: 923342 ns, Cleanup: 21162 ns, At safepoint: 468095 ns, Total: 1412599 ns
[2025-10-15T05:18:41.543-0700][1246 ][info ][safepoint   ] Safepoint "Cleanup", Time since last: 1000113964 ns, Reaching safepoint: 813276 ns, Cleanup: 10496 ns, At safepoint: 306692 ns, Total: 1130464 ns
[2025-10-15T05:18:42.545-0700][1246 ][info ][safepoint   ] Safepoint "Cleanup", Time since last: 1000097600 ns, Reaching safepoint: 873346 ns, Cleanup: 21302 ns, At safepoint: 418341 ns, Total: 1312989 ns
[2025-10-15T05:18:43.546-0700][1246 ][info ][safepoint   ] Safepoint "Cleanup", Time since last: 1000103358 ns, Reaching safepoint: 839535 ns, Cleanup: 9945 ns, At safepoint: 433083 ns, Total: 1282563 ns
[2025-10-15T05:18:44.548-0700][1246 ][info ][safepoint   ] Safepoint "Cleanup", Time since last: 1000104410 ns, Reaching safepoint: 830151 ns, Cleanup: 14051 ns, At safepoint: 583880 ns, Total: 1428082 ns
[2025-10-15T05:18:45.549-0700][1246 ][info ][safepoint   ] Safepoint "Cleanup", Time since last: 1000108476 ns, Reaching safepoint: 913537 ns, Cleanup: 17266 ns, At safepoint: 748979 ns, Total: 1679782 ns
[2025-10-15T05:18:46.551-0700][1246 ][info ][safepoint   ] Safepoint "Cleanup", Time since last: 1000103679 ns, Reaching safepoint: 867157 ns, Cleanup: 16284 ns, At safepoint: 913737 ns, Total: 1797178 ns
[2025-10-15T05:18:47.553-0700][1246 ][info ][safepoint   ] Safepoint "Cleanup", Time since last: 1000106173 ns, Reaching safepoint: 1039697 ns, Cleanup: 12178 ns, At safepoint: 1011595 ns, Total: 2063470 ns
[2025-10-15T05:18:48.556-0700][1246 ][info ][safepoint   ] Safepoint "Cleanup", Time since last: 1000106873 ns, Reaching safepoint: 979517 ns, Cleanup: 15453 ns, At safepoint: 1356755 ns, Total: 2351725 ns
[2025-10-15T05:18:49.089-0700][1246 ][debug][gc,jni      ] Setting _needs_gc. Thread "VM Thread" 2 locked.
[2025-10-15T05:18:49.089-0700][22031][debug][gc,jni      ] Performing GC after exiting critical section. Thread "hive-prism-1408" 0 locked.
[2025-10-15T05:18:49.090-0700][1246 ][info ][safepoint   ] Safepoint "G1CollectForAllocation", Time since last: 532103952 ns, Reaching safepoint: 1104154 ns, Cleanup: 4898 ns, At safepoint: 619594 ns, Total: 1728646 ns
[2025-10-15T05:18:49.090-0700][21121][debug][gc,jni      ] Allocation failed. Thread stalled by JNI critical section. Thread "hive-prism_batch-480" 0 locked.
[2025-10-15T05:18:49.090-0700][12086][debug][gc,jni      ] Allocation failed. Thread stalled by JNI critical section. Thread "task-event-loop-407" 0 locked.
[2025-10-15T05:18:49.090-0700][12387][debug][gc,jni      ] Allocation failed. Thread stalled by JNI critical section. Thread "task-event-loop-410" 0 locked.
[2025-10-15T05:18:49.090-0700][11745][debug][gc,jni      ] Allocation failed. Thread stalled by JNI critical section. Thread "task-event-loop-259" 0 locked.
[2025-10-15T05:18:49.090-0700][18978][debug][gc,jni      ] Allocation failed. Thread stalled by JNI critical section. Thread "Query-20251015_121845_01444_dde3s-12001" 0 locked.
[2025-10-15T05:18:49.090-0700][21125][debug][gc,jni      ] Allocation failed. Thread stalled by JNI critical section. Thread "hive-prism_batch-484" 0 locked.
[2025-10-15T05:18:49.090-0700][14121][debug][gc,jni      ] Allocation failed. Thread stalled by JNI critical section. Thread "Query-20251015_121845_01445_dde3s-9385" 0 locked.
[2025-10-15T05:18:49.090-0700][12430][debug][gc,jni      ] Allocation failed. Thread stalled by JNI critical section. Thread "task-event-loop-452" 0 locked.
[2025-10-15T05:18:49.090-0700][11539][debug][gc,jni      ] Allocation failed. Thread stalled by JNI critical section. Thread "task-event-loop-81" 0 locked.
[2025-10-15T05:18:49.090-0700][4975 ][debug][gc,jni      ] Allocation failed. Thread stalled by JNI critical section. Thread "thrift-eventloop-81" 0 locked.
[2025-10-15T05:18:49.090-0700][12465][debug][gc,jni      ] Allocation failed. Thread stalled by JNI critical section. Thread "task-event-loop-483" 0 locked.
[2025-10-15T05:18:49.090-0700][21969][debug][gc,jni      ] Allocation failed. Thread stalled by JNI critical section. Thread "dispatcher-query-264" 0 locked.
[2025-10-15T05:18:49.090-0700][21728][debug][gc,jni      ] Allocation failed. Thread stalled by JNI critical section. Thread "hive-prism-directory-lister-719" 0 locked.
[2025-10-15T05:18:49.092-0700][1246 ][info ][gc,start    ] GC(128) Pause Young (Normal) (GCLocker Initiated GC)
[2025-10-15T05:18:49.092-0700][1246 ][info ][gc,task     ] GC(128) Using 113 workers of 113 for evacuation
[2025-10-15T05:18:49.107-0700][1246 ][debug][gc,remset   ] GC(128) Visited cards 8742144 Total dirty 65011712 (13.45%) Total old 523304960 (1.67%)
[2025-10-15T05:18:49.287-0700][1246 ][info ][gc,phases   ] GC(128)   Pre Evacuate Collection Set: 0.9ms
[2025-10-15T05:18:49.287-0700][1246 ][info ][gc,phases   ] GC(128)   Merge Heap Roots: 13.8ms
[2025-10-15T05:18:49.287-0700][1246 ][info ][gc,phases   ] GC(128)   Evacuate Collection Set: 164.3ms
[2025-10-15T05:18:49.287-0700][1246 ][info ][gc,phases   ] GC(128)   Post Evacuate Collection Set: 15.8ms
[2025-10-15T05:18:49.287-0700][1246 ][info ][gc,phases   ] GC(128)   Other: 0.2ms
[2025-10-15T05:18:49.287-0700][1246 ][debug][gc,remset   ] GC(128) Coarsening (recent): Inline->AoC 60168 (0) AoC->Howl 144 (0) Howl->Full 0 (0) Inline->AoC 428 (0) AoC->BitMap 105 (0) BitMap->Full 0 (0) 
[2025-10-15T05:18:49.287-0700][1246 ][debug][gc,remset   ] GC(128) Coarsening (all): Inline->AoC 2762668 (30) AoC->Howl 69178 (102) Howl->Full 0 (0) Inline->AoC 306103 (27) AoC->BitMap 75852 (95) BitMap->Full 0 (0) 
[2025-10-15T05:18:49.287-0700][1246 ][info ][gc,heap     ] GC(128) Eden regions: 3278->0(2469)
[2025-10-15T05:18:49.287-0700][1246 ][info ][gc,heap     ] GC(128) Survivor regions: 178->239(432)
[2025-10-15T05:18:49.287-0700][1246 ][info ][gc,heap     ] GC(128) Old regions: 1048->1048
[2025-10-15T05:18:49.287-0700][1246 ][info ][gc,heap     ] GC(128) Humongous regions: 25->0
[2025-10-15T05:18:49.287-0700][1246 ][info ][gc,metaspace] GC(128) Metaspace: 313805K(319488K)->313805K(319488K) NonClass: 277006K(280064K)->277006K(280064K) Class: 36799K(39424K)->36799K(39424K)
[2025-10-15T05:18:49.287-0700][1246 ][info ][gc          ] GC(128) Pause Young (Normal) (GCLocker Initiated GC) 144903M->41143M(184320M) 195.089ms
[2025-10-15T05:18:49.288-0700][1246 ][info ][gc,cpu      ] GC(128) User=16.28s Sys=0.28s Real=0.20s
[2025-10-15T05:18:49.289-0700][5365 ][debug][gc,jni      ] Allocation failed. Thread stalled by JNI critical section. Thread "thrift-eventloop-101" 0 locked.
[2025-10-15T05:18:49.289-0700][12186][debug][gc,jni      ] Allocation failed. Thread stalled by JNI critical section. Thread "event-loop-epoll-24" 0 locked.
[2025-10-15T05:18:49.289-0700][12475][debug][gc,jni      ] Allocation failed. Thread stalled by JNI critical section. Thread "task-event-loop-493" 0 locked.
[2025-10-15T05:18:49.289-0700][5269 ][debug][gc,jni      ] Allocation failed. Thread stalled by JNI critical section. Thread "thrift-eventloop-96" 0 locked.
[2025-10-15T05:18:49.289-0700][12436][debug][gc,jni      ] Allocation failed. Thread stalled by JNI critical section. Thread "task-event-loop-458" 0 locked.
[2025-10-15T05:18:49.289-0700][11608][debug][gc,jni      ] Allocation failed. Thread stalled by JNI critical section. Thread "task-event-loop-137" 0 locked.
[2025-10-15T05:18:49.289-0700][11514][debug][gc,jni      ] Allocation failed. Thread stalled by JNI critical section. Thread "task-event-loop-56" 0 locked.
[2025-10-15T05:18:49.289-0700][4651 ][debug][gc,jni      ] Allocation failed. Thread stalled by JNI critical section. Thread "thrift-eventloop-64" 0 locked.
[2025-10-15T05:18:49.289-0700][11601][debug][gc,jni      ] Allocation failed. Thread stalled by JNI critical section. Thread "task-event-loop-130" 0 locked.
[2025-10-15T05:18:49.289-0700][4542 ][debug][gc,jni      ] Allocation failed. Thread stalled by JNI critical section. Thread "thrift-eventloop-59" 0 locked.
[2025-10-15T05:18:49.290-0700][1246 ][info ][safepoint   ] Safepoint "G1CollectForAllocation", Time since last: 211158 ns, Reaching safepoint: 918184 ns, Cleanup: 3155 ns, At safepoint: 198638141 ns, Total: 199559480 ns
[2025-10-15T05:18:50.291-0700][1246 ][info ][safepoint   ] Safepoint "Cleanup", Time since last: 1000093814 ns, Reaching safepoint: 1144876 ns, Cleanup: 25358 ns, At safepoint: 569779 ns, Total: 1740013 ns
[2025-10-15T05:18:51.293-0700][1246 ][info ][safepoint   ] Safepoint "Cleanup", Time since last: 1000117670 ns, Reaching safepoint: 900387 ns, Cleanup: 18057 ns, At safepoint: 726795 ns, Total: 1645239 ns
[2025-10-15T05:18:52.294-0700][1246 ][info ][safepoint   ] Safepoint "Cleanup", Time since last: 1000125522 ns, Reaching safepoint: 857282 ns, Cleanup: 13300 ns, At safepoint: 364369 ns, Total: 1234951 ns
[2025-10-15T05:18:53.296-0700][1246 ][info ][safepoint   ] Safepoint "Cleanup", Time since last: 1000100885 ns, Reaching safepoint: 836190 ns, Cleanup: 19389 ns, At safepoint: 393924 ns, Total: 1249503 ns
[2025-10-15T05:18:54.298-0700][1246 ][info ][safepoint   ] Safepoint "Cleanup", Time since last: 1000102427 ns, Reaching safepoint: 928800 ns, Cleanup: 17556 ns, At safepoint: 802319 ns, Total: 1748675 ns
[2025-10-15T05:18:55.300-0700][1246 ][info ][safepoint   ] Safepoint "Cleanup", Time since last: 1000105021 ns, Reaching safepoint: 1626702 ns, Cleanup: 21943 ns, At safepoint: 916541 ns, Total: 2565186 ns
[2025-10-15T05:18:56.311-0700][1246 ][info ][safepoint   ] Safepoint "Cleanup", Time since last: 1000069227 ns, Reaching safepoint: 8334572 ns, Cleanup: 17466 ns, At safepoint: 2301559 ns, Total: 10653597 ns
[2025-10-15T05:18:57.313-0700][1246 ][info ][safepoint   ] Safepoint "Cleanup", Time since last: 1000121115 ns, Reaching safepoint: 1017393 ns, Cleanup: 45559 ns, At safepoint: 1116112 ns, Total: 2179064 ns
[2025-10-15T05:18:57.925-0700][1246 ][info ][gc,start    ] GC(129) Pause Young (Normal) (G1 Evacuation Pause)
[2025-10-15T05:18:57.925-0700][1246 ][info ][gc,task     ] GC(129) Using 113 workers of 113 for evacuation
[2025-10-15T05:18:57.941-0700][1246 ][debug][gc,remset   ] GC(129) Visited cards 8761344 Total dirty 65077248 (13.46%) Total old 473104384 (1.85%)
[2025-10-15T05:18:58.149-0700][1246 ][info ][gc,mmu      ] GC(129) MMU target violated: 201.0ms (200.0ms/201.0ms)
[2025-10-15T05:18:58.149-0700][1246 ][info ][gc,phases   ] GC(129)   Pre Evacuate Collection Set: 0.7ms
[2025-10-15T05:18:58.149-0700][1246 ][info ][gc,phases   ] GC(129)   Merge Heap Roots: 14.6ms
[2025-10-15T05:18:58.149-0700][1246 ][info ][gc,phases   ] GC(129)   Evacuate Collection Set: 192.9ms
[2025-10-15T05:18:58.149-0700][1246 ][info ][gc,phases   ] GC(129)   Post Evacuate Collection Set: 15.4ms
[2025-10-15T05:18:58.149-0700][1246 ][info ][gc,phases   ] GC(129)   Other: 0.2ms
[2025-10-15T05:18:58.149-0700][1246 ][debug][gc,remset   ] GC(129) Coarsening (recent): Inline->AoC 30059 (0) AoC->Howl 60 (0) Howl->Full 0 (0) Inline->AoC 278 (0) AoC->BitMap 28 (0) BitMap->Full 0 (0) 
[2025-10-15T05:18:58.149-0700][1246 ][debug][gc,remset   ] GC(129) Coarsening (all): Inline->AoC 2792727 (30) AoC->Howl 69238 (102) Howl->Full 0 (0) Inline->AoC 306381 (27) AoC->BitMap 75880 (95) BitMap->Full 0 (0) 
[2025-10-15T05:18:58.149-0700][1246 ][info ][gc,heap     ] GC(129) Eden regions: 2835->0(1569)
[2025-10-15T05:18:58.149-0700][1246 ][info ][gc,heap     ] GC(129) Survivor regions: 239->260(385)
[2025-10-15T05:18:58.149-0700][1246 ][info ][gc,heap     ] GC(129) Old regions: 1048->1098
[2025-10-15T05:18:58.149-0700][1246 ][info ][gc,heap     ] GC(129) Humongous regions: 23->0
[2025-10-15T05:18:58.149-0700][1246 ][info ][gc,metaspace] GC(129) Metaspace: 313872K(319552K)->313872K(319552K) NonClass: 277065K(280128K)->277065K(280128K) Class: 36807K(39424K)->36807K(39424K)
[2025-10-15T05:18:58.149-0700][1246 ][info ][gc          ] GC(129) Pause Young (Normal) (G1 Evacuation Pause) 132599M->43436M(184320M) 223.973ms
[2025-10-15T05:18:58.151-0700][1246 ][info ][gc,cpu      ] GC(129) User=19.67s Sys=0.28s Real=0.23s
[2025-10-15T05:18:58.152-0700][1246 ][info ][safepoint   ] Safepoint "G1CollectForAllocation", Time since last: 609694355 ns, Reaching safepoint: 902079 ns, Cleanup: 19490 ns, At safepoint: 227889539 ns, Total: 228811108 ns
[2025-10-15T05:18:59.170-0700][1246 ][info ][safepoint   ] Safepoint "Cleanup", Time since last: 1001212229 ns, Reaching safepoint: 14950483 ns, Cleanup: 68373 ns, At safepoint: 2185785 ns, Total: 17204641 ns
[2025-10-15T05:19:00.172-0700][1246 ][info ][safepoint   ] Safepoint "Cleanup", Time since last: 1000121305 ns, Reaching safepoint: 989912 ns, Cleanup: 28463 ns, At safepoint: 826766 ns, Total: 1845141 ns
[2025-10-15T05:19:01.843-0700][1246 ][info ][safepoint   ] Safepoint "Cleanup", Time since last: 1669525192 ns, Reaching safepoint: 1013498 ns, Cleanup: 26029 ns, At safepoint: 253722 ns, Total: 1293249 ns
[2025-10-15T05:19:02.844-0700][1246 ][info ][safepoint   ] Safepoint "Cleanup", Time since last: 1000097940 ns, Reaching safepoint: 905385 ns, Cleanup: 13170 ns, At safepoint: 271910 ns, Total: 1190465 ns
[2025-10-15T05:19:03.818-0700][1246 ][info ][gc,start    ] GC(130) Pause Young (Normal) (G1 Evacuation Pause)
[2025-10-15T05:19:03.818-0700][1246 ][info ][gc,task     ] GC(130) Using 113 workers of 113 for evacuation
[2025-10-15T05:19:03.832-0700][1246 ][debug][gc,remset   ] GC(130) Visited cards 8882432 Total dirty 67960832 (13.07%) Total old 349569024 (2.54%)
[2025-10-15T05:19:04.013-0700][1246 ][info ][gc,phases   ] GC(130)   Pre Evacuate Collection Set: 0.8ms
[2025-10-15T05:19:04.013-0700][1246 ][info ][gc,phases   ] GC(130)   Merge Heap Roots: 13.3ms
[2025-10-15T05:19:04.013-0700][1246 ][info ][gc,phases   ] GC(130)   Evacuate Collection Set: 167.3ms
[2025-10-15T05:19:04.013-0700][1246 ][info ][gc,phases   ] GC(130)   Post Evacuate Collection Set: 12.9ms
[2025-10-15T05:19:04.013-0700][1246 ][info ][gc,phases   ] GC(130)   Other: 0.1ms
[2025-10-15T05:19:04.013-0700][1246 ][debug][gc,remset   ] GC(130) Coarsening (recent): Inline->AoC 27503 (0) AoC->Howl 166 (1) Howl->Full 0 (0) Inline->AoC 695 (0) AoC->BitMap 91 (0) BitMap->Full 0 (0) 
[2025-10-15T05:19:04.013-0700][1246 ][debug][gc,remset   ] GC(130) Coarsening (all): Inline->AoC 2820230 (30) AoC->Howl 69404 (103) Howl->Full 0 (0) Inline->AoC 307076 (27) AoC->BitMap 75971 (95) BitMap->Full 0 (0) 
[2025-10-15T05:19:04.013-0700][1246 ][info ][gc,heap     ] GC(130) Eden regions: 1852->0(3322)
[2025-10-15T05:19:04.013-0700][1246 ][info ][gc,heap     ] GC(130) Survivor regions: 260->134(264)
[2025-10-15T05:19:04.013-0700][1246 ][info ][gc,heap     ] GC(130) Old regions: 1098->1236
[2025-10-15T05:19:04.013-0700][1246 ][info ][gc,heap     ] GC(130) Humongous regions: 12->0
[2025-10-15T05:19:04.013-0700][1246 ][info ][gc,metaspace] GC(130) Metaspace: 314052K(319744K)->314052K(319744K) NonClass: 277228K(280256K)->277228K(280256K) Class: 36823K(39488K)->36823K(39488K)
[2025-10-15T05:19:04.013-0700][1246 ][info ][gc          ] GC(130) Pause Young (Normal) (G1 Evacuation Pause) 103084M->43810M(184320M) 194.560ms
[2025-10-15T05:19:04.014-0700][1246 ][info ][gc,cpu      ] GC(130) User=17.26s Sys=0.25s Real=0.20s
[2025-10-15T05:19:04.015-0700][1246 ][info ][safepoint   ] Safepoint "G1CollectForAllocation", Time since last: 971450433 ns, Reaching safepoint: 985606 ns, Cleanup: 23625 ns, At safepoint: 198195745 ns, Total: 199204976 ns
[2025-10-15T05:19:04.228-0700][1246 ][info ][gc,start    ] GC(131) Pause Young (Concurrent Start) (G1 Humongous Allocation)
[2025-10-15T05:19:04.228-0700][1246 ][info ][gc,task     ] GC(131) Using 113 workers of 113 for evacuation
[2025-10-15T05:19:04.238-0700][1246 ][debug][gc,remset   ] GC(131) Visited cards 8538880 Total dirty 76021760 (11.23%) Total old 111017984 (7.69%)
[2025-10-15T05:19:04.344-0700][1246 ][info ][gc,phases   ] GC(131)   Pre Evacuate Collection Set: 0.9ms
[2025-10-15T05:19:04.344-0700][1246 ][info ][gc,phases   ] GC(131)   Merge Heap Roots: 9.4ms
[2025-10-15T05:19:04.344-0700][1246 ][info ][gc,phases   ] GC(131)   Evacuate Collection Set: 97.6ms
[2025-10-15T05:19:04.344-0700][1246 ][info ][gc,phases   ] GC(131)   Post Evacuate Collection Set: 8.3ms
[2025-10-15T05:19:04.344-0700][1246 ][info ][gc,phases   ] GC(131)   Other: 0.1ms
[2025-10-15T05:19:04.344-0700][1246 ][debug][gc,remset   ] GC(131) Coarsening (recent): Inline->AoC 0 (0) AoC->Howl 0 (0) Howl->Full 0 (0) Inline->AoC 0 (0) AoC->BitMap 0 (0) BitMap->Full 0 (0) 
[2025-10-15T05:19:04.344-0700][1246 ][debug][gc,remset   ] GC(131) Coarsening (all): Inline->AoC 2820230 (30) AoC->Howl 69404 (103) Howl->Full 0 (0) Inline->AoC 307076 (27) AoC->BitMap 75971 (95) BitMap->Full 0 (0) 
[2025-10-15T05:19:04.344-0700][1246 ][info ][gc,heap     ] GC(131) Eden regions: 95->0(1948)
[2025-10-15T05:19:04.344-0700][1246 ][info ][gc,heap     ] GC(131) Survivor regions: 134->134(432)
[2025-10-15T05:19:04.344-0700][1246 ][info ][gc,heap     ] GC(131) Old regions: 1236->1236
[2025-10-15T05:19:04.344-0700][1246 ][info ][gc,heap     ] GC(131) Humongous regions: 0->0
[2025-10-15T05:19:04.344-0700][1246 ][info ][gc,metaspace] GC(131) Metaspace: 314069K(319808K)->314069K(319808K) NonClass: 277242K(280320K)->277242K(280320K) Class: 36826K(39488K)->36826K(39488K)
[2025-10-15T05:19:04.344-0700][1246 ][info ][gc          ] GC(131) Pause Young (Concurrent Start) (G1 Humongous Allocation) 46850M->43802M(184320M) 116.553ms
[2025-10-15T05:19:04.345-0700][1085 ][info ][gc          ] GC(132) Concurrent Mark Cycle
[2025-10-15T05:19:04.345-0700][1085 ][info ][gc,marking  ] GC(132) Concurrent Scan Root Regions
[2025-10-15T05:19:04.346-0700][1246 ][info ][gc,cpu      ] GC(131) User=7.34s Sys=0.13s Real=0.12s
[2025-10-15T05:19:04.347-0700][1246 ][info ][safepoint   ] Safepoint "G1TryInitiateConcMark", Time since last: 210692230 ns, Reaching safepoint: 770561 ns, Cleanup: 19820 ns, At safepoint: 120766586 ns, Total: 121556967 ns
[2025-10-15T05:19:04.397-0700][1085 ][info ][gc,marking  ] GC(132) Concurrent Scan Root Regions 52.723ms
[2025-10-15T05:19:04.397-0700][1085 ][info ][gc,marking  ] GC(132) Concurrent Mark
[2025-10-15T05:19:04.397-0700][1085 ][info ][gc,marking  ] GC(132) Concurrent Mark From Roots
[2025-10-15T05:19:04.397-0700][1085 ][info ][gc,task     ] GC(132) Using 36 workers of 36 for marking
[2025-10-15T05:19:04.615-0700][1085 ][info ][gc,marking  ] GC(132) Concurrent Mark From Roots 217.509ms
[2025-10-15T05:19:04.615-0700][1085 ][info ][gc,marking  ] GC(132) Concurrent Preclean
[2025-10-15T05:19:04.644-0700][1085 ][info ][gc,marking  ] GC(132) Concurrent Preclean 28.670ms
[2025-10-15T05:19:04.646-0700][1246 ][info ][gc,start    ] GC(132) Pause Remark
[2025-10-15T05:19:04.858-0700][1246 ][info ][gc,mmu      ] GC(132) MMU target violated: 201.0ms (200.0ms/201.0ms)
[2025-10-15T05:19:04.858-0700][1246 ][info ][gc          ] GC(132) Pause Remark 48054M->47606M(184320M) 212.236ms
[2025-10-15T05:19:04.859-0700][1246 ][info ][gc,cpu      ] GC(132) User=14.50s Sys=0.03s Real=0.22s
[2025-10-15T05:19:04.862-0700][1246 ][info ][safepoint   ] Safepoint "G1PauseRemark", Time since last: 296331453 ns, Reaching safepoint: 795369 ns, Cleanup: 21832 ns, At safepoint: 218001376 ns, Total: 218818577 ns
[2025-10-15T05:19:04.863-0700][1085 ][info ][gc,marking  ] GC(132) Concurrent Mark 465.229ms
[2025-10-15T05:19:04.863-0700][1085 ][info ][gc,marking  ] GC(132) Concurrent Rebuild Remembered Sets and Scrub Regions
[2025-10-15T05:19:05.174-0700][1085 ][info ][gc,marking  ] GC(132) Concurrent Rebuild Remembered Sets and Scrub Regions 311.706ms
[2025-10-15T05:19:05.194-0700][1246 ][info ][gc,start    ] GC(132) Pause Cleanup
[2025-10-15T05:19:05.196-0700][1246 ][info ][gc          ] GC(132) Pause Cleanup 50075M->50075M(184320M) 2.031ms
[2025-10-15T05:19:05.197-0700][1246 ][info ][gc,cpu      ] GC(132) User=0.01s Sys=0.00s Real=0.00s
[2025-10-15T05:19:05.198-0700][1246 ][info ][safepoint   ] Safepoint "G1PauseCleanup", Time since last: 311957764 ns, Reaching safepoint: 18703950 ns, Cleanup: 53431 ns, At safepoint: 4510428 ns, Total: 23267809 ns
[2025-10-15T05:19:05.198-0700][1085 ][info ][gc,marking  ] GC(132) Concurrent Clear Claimed Marks
[2025-10-15T05:19:05.199-0700][1085 ][info ][gc,marking  ] GC(132) Concurrent Clear Claimed Marks 1.256ms
[2025-10-15T05:19:05.199-0700][1085 ][info ][gc,marking  ] GC(132) Concurrent Cleanup for Next Mark
[2025-10-15T05:19:05.229-0700][1085 ][info ][gc,marking  ] GC(132) Concurrent Cleanup for Next Mark 29.556ms
[2025-10-15T05:19:05.229-0700][1085 ][info ][gc          ] GC(132) Concurrent Mark Cycle 884.489ms
[2025-10-15T05:19:06.199-0700][1246 ][info ][safepoint   ] Safepoint "Cleanup", Time since last: 1000088125 ns, Reaching safepoint: 936051 ns, Cleanup: 39870 ns, At safepoint: 293583 ns, Total: 1269504 ns
[2025-10-15T05:19:07.200-0700][1246 ][info ][safepoint   ] Safepoint "Cleanup", Time since last: 1000110879 ns, Reaching safepoint: 746776 ns, Cleanup: 33049 ns, At safepoint: 122034 ns, Total: 901859 ns
[2025-10-15T05:19:08.201-0700][1246 ][info ][safepoint   ] Safepoint "Cleanup", Time since last: 1000095176 ns, Reaching safepoint: 896111 ns, Cleanup: 27882 ns, At safepoint: 301304 ns, Total: 1225297 ns
[2025-10-15T05:19:09.204-0700][1246 ][info ][safepoint   ] Safepoint "Cleanup", Time since last: 1000103408 ns, Reaching safepoint: 934138 ns, Cleanup: 29655 ns, At safepoint: 1384497 ns, Total: 2348290 ns
[2025-10-15T05:19:10.206-0700][1246 ][info ][safepoint   ] Safepoint "Cleanup", Time since last: 1000127074 ns, Reaching safepoint: 886826 ns, Cleanup: 19009 ns, At safepoint: 1251186 ns, Total: 2157021 ns
[2025-10-15T05:19:10.215-0700][1246 ][info ][gc,start    ] GC(133) Pause Young (Prepare Mixed) (G1 Evacuation Pause)
[2025-10-15T05:19:10.215-0700][1246 ][info ][gc,task     ] GC(133) Using 113 workers of 113 for evacuation
[2025-10-15T05:19:10.230-0700][1246 ][debug][gc,remset   ] GC(133) Visited cards 9418496 Total dirty 76742656 (12.27%) Total old 342228992 (2.75%)
[2025-10-15T05:19:10.366-0700][1246 ][info ][gc,phases   ] GC(133)   Pre Evacuate Collection Set: 0.8ms
[2025-10-15T05:19:10.366-0700][1246 ][info ][gc,phases   ] GC(133)   Merge Heap Roots: 14.5ms
[2025-10-15T05:19:10.366-0700][1246 ][info ][gc,phases   ] GC(133)   Evacuate Collection Set: 124.6ms
[2025-10-15T05:19:10.366-0700][1246 ][info ][gc,phases   ] GC(133)   Post Evacuate Collection Set: 11.7ms
[2025-10-15T05:19:10.366-0700][1246 ][info ][gc,phases   ] GC(133)   Other: 0.2ms
[2025-10-15T05:19:10.366-0700][1246 ][debug][gc,remset   ] GC(133) Coarsening (recent): Inline->AoC 142359 (4) AoC->Howl 9103 (1) Howl->Full 0 (0) Inline->AoC 35465 (1) AoC->BitMap 10010 (0) BitMap->Full 0 (0) 
[2025-10-15T05:19:10.366-0700][1246 ][debug][gc,remset   ] GC(133) Coarsening (all): Inline->AoC 2962589 (34) AoC->Howl 78507 (104) Howl->Full 0 (0) Inline->AoC 342541 (28) AoC->BitMap 85981 (95) BitMap->Full 0 (0) 
[2025-10-15T05:19:10.366-0700][1246 ][info ][gc,heap     ] GC(133) Eden regions: 1855->0(1683)
[2025-10-15T05:19:10.366-0700][1246 ][info ][gc,heap     ] GC(133) Survivor regions: 134->156(249)
[2025-10-15T05:19:10.366-0700][1246 ][info ][gc,heap     ] GC(133) Old regions: 1222->1222
[2025-10-15T05:19:10.366-0700][1246 ][info ][gc,heap     ] GC(133) Humongous regions: 22->0
[2025-10-15T05:19:10.366-0700][1246 ][info ][gc,metaspace] GC(133) Metaspace: 314042K(319808K)->314042K(319808K) NonClass: 277222K(280320K)->277222K(280320K) Class: 36819K(39488K)->36819K(39488K)
[2025-10-15T05:19:10.366-0700][1246 ][info ][gc          ] GC(133) Pause Young (Prepare Mixed) (G1 Evacuation Pause) 103418M->44055M(184320M) 151.833ms
[2025-10-15T05:19:10.368-0700][1246 ][info ][gc,cpu      ] GC(133) User=11.90s Sys=0.11s Real=0.15s
[2025-10-15T05:19:10.369-0700][1246 ][info ][safepoint   ] Safepoint "G1CollectForAllocation", Time since last: 5768223 ns, Reaching safepoint: 1633492 ns, Cleanup: 6059 ns, At safepoint: 155425694 ns, Total: 157065245 ns
[2025-10-15T05:19:11.370-0700][1246 ][info ][safepoint   ] Safepoint "Cleanup", Time since last: 1000079903 ns, Reaching safepoint: 824342 ns, Cleanup: 13070 ns, At safepoint: 184057 ns, Total: 1021469 ns
[2025-10-15T05:19:12.372-0700][1246 ][info ][safepoint   ] Safepoint "Cleanup", Time since last: 1000110490 ns, Reaching safepoint: 1511338 ns, Cleanup: 10666 ns, At safepoint: 400944 ns, Total: 1922948 ns
[2025-10-15T05:19:14.373-0700][1246 ][info ][safepoint   ] Safepoint "Cleanup", Time since last: 2000174931 ns, Reaching safepoint: 886636 ns, Cleanup: 11898 ns, At safepoint: 171329 ns, Total: 1069863 ns
[2025-10-15T05:19:16.379-0700][1246 ][info ][safepoint   ] Safepoint "Cleanup", Time since last: 2000162822 ns, Reaching safepoint: 4011166 ns, Cleanup: 12889 ns, At safepoint: 1401071 ns, Total: 5425126 ns
[2025-10-15T05:19:17.381-0700][1246 ][info ][safepoint   ] Safepoint "Cleanup", Time since last: 1000103140 ns, Reaching safepoint: 910912 ns, Cleanup: 13340 ns, At safepoint: 1297085 ns, Total: 2221337 ns
[2025-10-15T05:19:18.384-0700][1246 ][info ][safepoint   ] Safepoint "Cleanup", Time since last: 1000124732 ns, Reaching safepoint: 951354 ns, Cleanup: 18738 ns, At safepoint: 1455914 ns, Total: 2426006 ns
[2025-10-15T05:19:18.581-0700][1246 ][info ][gc,start    ] GC(134) Pause Young (Mixed) (G1 Evacuation Pause)
[2025-10-15T05:19:18.581-0700][1246 ][info ][gc,task     ] GC(134) Using 113 workers of 113 for evacuation
[2025-10-15T05:19:18.595-0700][1246 ][debug][gc,remset   ] GC(134) Visited cards 9208832 Total dirty 73138176 (12.59%) Total old 371720192 (2.48%)
[2025-10-15T05:19:18.738-0700][1246 ][info ][gc,phases   ] GC(134)   Pre Evacuate Collection Set: 0.7ms
[2025-10-15T05:19:18.738-0700][1246 ][info ][gc,phases   ] GC(134)   Merge Heap Roots: 13.7ms
[2025-10-15T05:19:18.738-0700][1246 ][info ][gc,phases   ] GC(134)   Evacuate Collection Set: 128.0ms
[2025-10-15T05:19:18.738-0700][1246 ][info ][gc,phases   ] GC(134)   Post Evacuate Collection Set: 14.5ms
[2025-10-15T05:19:18.738-0700][1246 ][info ][gc,phases   ] GC(134)   Other: 0.2ms
[2025-10-15T05:19:18.738-0700][1246 ][debug][gc,remset   ] GC(134) Coarsening (recent): Inline->AoC 12818 (0) AoC->Howl 94 (1) Howl->Full 0 (0) Inline->AoC 401 (0) AoC->BitMap 39 (0) BitMap->Full 0 (0) 
[2025-10-15T05:19:18.738-0700][1246 ][debug][gc,remset   ] GC(134) Coarsening (all): Inline->AoC 2975407 (34) AoC->Howl 78601 (105) Howl->Full 0 (0) Inline->AoC 342942 (28) AoC->BitMap 86020 (95) BitMap->Full 0 (0) 
[2025-10-15T05:19:18.738-0700][1246 ][info ][gc,heap     ] GC(134) Eden regions: 2022->0(2164)
[2025-10-15T05:19:18.738-0700][1246 ][info ][gc,heap     ] GC(134) Survivor regions: 156->140(273)
[2025-10-15T05:19:18.738-0700][1246 ][info ][gc,heap     ] GC(134) Old regions: 1222->1190
[2025-10-15T05:19:18.738-0700][1246 ][info ][gc,heap     ] GC(134) Humongous regions: 11->0
[2025-10-15T05:19:18.738-0700][1246 ][info ][gc,metaspace] GC(134) Metaspace: 314050K(319808K)->314050K(319808K) NonClass: 277231K(280320K)->277231K(280320K) Class: 36819K(39488K)->36819K(39488K)
[2025-10-15T05:19:18.738-0700][1246 ][info ][gc          ] GC(134) Pause Young (Mixed) (G1 Evacuation Pause) 109111M->42536M(184320M) 157.145ms
[2025-10-15T05:19:18.739-0700][1246 ][info ][gc,cpu      ] GC(134) User=13.52s Sys=0.04s Real=0.16s
[2025-10-15T05:19:18.740-0700][1246 ][info ][safepoint   ] Safepoint "G1CollectForAllocation", Time since last: 194886136 ns, Reaching safepoint: 879826 ns, Cleanup: 4647 ns, At safepoint: 160633134 ns, Total: 161517607 ns
[2025-10-15T05:19:20.741-0700][1246 ][info ][safepoint   ] Safepoint "Cleanup", Time since last: 2000149994 ns, Reaching safepoint: 741758 ns, Cleanup: 13600 ns, At safepoint: 139530 ns, Total: 894888 ns
[2025-10-15T05:19:21.753-0700][1246 ][info ][safepoint   ] Safepoint "Cleanup", Time since last: 1000113535 ns, Reaching safepoint: 9135458 ns, Cleanup: 19319 ns, At safepoint: 2059073 ns, Total: 11213850 ns
[2025-10-15T05:19:22.755-0700][1246 ][info ][safepoint   ] Safepoint "Cleanup", Time since last: 1000115308 ns, Reaching safepoint: 878403 ns, Cleanup: 18398 ns, At safepoint: 1173999 ns, Total: 2070800 ns
[2025-10-15T05:19:23.757-0700][1246 ][info ][safepoint   ] Safepoint "Cleanup", Time since last: 1000112804 ns, Reaching safepoint: 870212 ns, Cleanup: 31106 ns, At safepoint: 1054380 ns, Total: 1955698 ns
[2025-10-15T05:19:25.759-0700][1246 ][info ][safepoint   ] Safepoint "Cleanup", Time since last: 2000175051 ns, Reaching safepoint: 868589 ns, Cleanup: 14131 ns, At safepoint: 887047 ns, Total: 1769767 ns
[2025-10-15T05:19:26.761-0700][1246 ][info ][safepoint   ] Safepoint "Cleanup", Time since last: 1000080064 ns, Reaching safepoint: 863452 ns, Cleanup: 12068 ns, At safepoint: 1053918 ns, Total: 1929438 ns
[2025-10-15T05:19:27.764-0700][1246 ][info ][safepoint   ] Safepoint "Cleanup", Time since last: 1000115308 ns, Reaching safepoint: 1595424 ns, Cleanup: 13230 ns, At safepoint: 1340710 ns, Total: 2949364 ns
[2025-10-15T05:19:27.971-0700][1246 ][info ][gc,start    ] GC(135) Pause Young (Mixed) (G1 Evacuation Pause)
[2025-10-15T05:19:27.971-0700][1246 ][info ][gc,task     ] GC(135) Using 113 workers of 113 for evacuation
[2025-10-15T05:19:27.986-0700][1246 ][debug][gc,remset   ] GC(135) Visited cards 9747712 Total dirty 71172096 (13.70%) Total old 418906112 (2.33%)
[2025-10-15T05:19:28.126-0700][1246 ][info ][gc,phases   ] GC(135)   Pre Evacuate Collection Set: 0.7ms
[2025-10-15T05:19:28.127-0700][1246 ][info ][gc,phases   ] GC(135)   Merge Heap Roots: 14.4ms
[2025-10-15T05:19:28.127-0700][1246 ][info ][gc,phases   ] GC(135)   Evacuate Collection Set: 126.2ms
[2025-10-15T05:19:28.127-0700][1246 ][info ][gc,phases   ] GC(135)   Post Evacuate Collection Set: 14.3ms
[2025-10-15T05:19:28.127-0700][1246 ][info ][gc,phases   ] GC(135)   Other: 0.2ms
[2025-10-15T05:19:28.127-0700][1246 ][debug][gc,remset   ] GC(135) Coarsening (recent): Inline->AoC 22481 (0) AoC->Howl 444 (0) Howl->Full 0 (0) Inline->AoC 1495 (0) AoC->BitMap 325 (0) BitMap->Full 0 (0) 
[2025-10-15T05:19:28.127-0700][1246 ][debug][gc,remset   ] GC(135) Coarsening (all): Inline->AoC 2997888 (34) AoC->Howl 79045 (105) Howl->Full 0 (0) Inline->AoC 344437 (28) AoC->BitMap 86345 (95) BitMap->Full 0 (0) 
[2025-10-15T05:19:28.127-0700][1246 ][info ][gc,heap     ] GC(135) Eden regions: 2412->0(1701)
[2025-10-15T05:19:28.127-0700][1246 ][info ][gc,heap     ] GC(135) Survivor regions: 140->193(319)
[2025-10-15T05:19:28.127-0700][1246 ][info ][gc,heap     ] GC(135) Old regions: 1190->1114
[2025-10-15T05:19:28.127-0700][1246 ][info ][gc,heap     ] GC(135) Humongous regions: 15->1
[2025-10-15T05:19:28.127-0700][1246 ][info ][gc,metaspace] GC(135) Metaspace: 314123K(319808K)->314123K(319808K) NonClass: 277297K(280320K)->277297K(280320K) Class: 36825K(39488K)->36825K(39488K)
[2025-10-15T05:19:28.127-0700][1246 ][info ][gc          ] GC(135) Pause Young (Mixed) (G1 Evacuation Pause) 120200M->41834M(184320M) 155.938ms
[2025-10-15T05:19:28.128-0700][1246 ][info ][gc,cpu      ] GC(135) User=14.45s Sys=0.14s Real=0.15s
[2025-10-15T05:19:28.129-0700][1246 ][info ][safepoint   ] Safepoint "G1CollectForAllocation", Time since last: 204759025 ns, Reaching safepoint: 942961 ns, Cleanup: 4818 ns, At safepoint: 159308317 ns, Total: 160256096 ns
[2025-10-15T05:19:29.131-0700][1246 ][info ][safepoint   ] Safepoint "Cleanup", Time since last: 1000083210 ns, Reaching safepoint: 1434071 ns, Cleanup: 19289 ns, At safepoint: 397859 ns, Total: 1851219 ns
[2025-10-15T05:19:30.149-0700][1246 ][info ][safepoint   ] Safepoint "Cleanup", Time since last: 1000104672 ns, Reaching safepoint: 15721153 ns, Cleanup: 12448 ns, At safepoint: 2438856 ns, Total: 18172457 ns
[2025-10-15T05:19:31.151-0700][1246 ][info ][safepoint   ] Safepoint "Cleanup", Time since last: 1000091041 ns, Reaching safepoint: 898143 ns, Cleanup: 26260 ns, At safepoint: 879155 ns, Total: 1803558 ns
[2025-10-15T05:19:32.153-0700][1246 ][info ][safepoint   ] Safepoint "Cleanup", Time since last: 1000104191 ns, Reaching safepoint: 751072 ns, Cleanup: 24086 ns, At safepoint: 731372 ns, Total: 1506530 ns
[2025-10-15T05:19:33.155-0700][1246 ][info ][safepoint   ] Safepoint "Cleanup", Time since last: 1000108397 ns, Reaching safepoint: 887267 ns, Cleanup: 14382 ns, At safepoint: 1142933 ns, Total: 2044582 ns
[2025-10-15T05:19:34.158-0700][1246 ][info ][safepoint   ] Safepoint "Cleanup", Time since last: 1000107165 ns, Reaching safepoint: 1057694 ns, Cleanup: 15283 ns, At safepoint: 1975687 ns, Total: 3048664 ns
[2025-10-15T05:19:34.233-0700][1246 ][info ][gc,start    ] GC(136) Pause Young (Mixed) (G1 Evacuation Pause)
[2025-10-15T05:19:34.233-0700][1246 ][info ][gc,task     ] GC(136) Using 113 workers of 113 for evacuation
[2025-10-15T05:19:34.247-0700][1246 ][debug][gc,remset   ] GC(136) Visited cards 9638400 Total dirty 67108864 (14.36%) Total old 363200512 (2.65%)
[2025-10-15T05:19:34.440-0700][1246 ][info ][gc,mmu      ] GC(136) MMU target violated: 201.0ms (200.0ms/201.0ms)
[2025-10-15T05:19:34.440-0700][1246 ][info ][gc,phases   ] GC(136)   Pre Evacuate Collection Set: 0.9ms
[2025-10-15T05:19:34.440-0700][1246 ][info ][gc,phases   ] GC(136)   Merge Heap Roots: 12.9ms
[2025-10-15T05:19:34.440-0700][1246 ][info ][gc,phases   ] GC(136)   Evacuate Collection Set: 177.3ms
[2025-10-15T05:19:34.440-0700][1246 ][info ][gc,phases   ] GC(136)   Post Evacuate Collection Set: 15.7ms
[2025-10-15T05:19:34.440-0700][1246 ][info ][gc,phases   ] GC(136)   Other: 0.2ms
[2025-10-15T05:19:34.440-0700][1246 ][debug][gc,remset   ] GC(136) Coarsening (recent): Inline->AoC 28942 (0) AoC->Howl 159 (0) Howl->Full 0 (0) Inline->AoC 753 (0) AoC->BitMap 75 (0) BitMap->Full 0 (0) 
[2025-10-15T05:19:34.440-0700][1246 ][debug][gc,remset   ] GC(136) Coarsening (all): Inline->AoC 3026830 (34) AoC->Howl 79204 (105) Howl->Full 0 (0) Inline->AoC 345190 (28) AoC->BitMap 86420 (95) BitMap->Full 0 (0) 
[2025-10-15T05:19:34.440-0700][1246 ][info ][gc,heap     ] GC(136) Eden regions: 1972->0(1966)
[2025-10-15T05:19:34.440-0700][1246 ][info ][gc,heap     ] GC(136) Survivor regions: 193->185(271)
[2025-10-15T05:19:34.440-0700][1246 ][info ][gc,heap     ] GC(136) Old regions: 1114->1093
[2025-10-15T05:19:34.440-0700][1246 ][info ][gc,heap     ] GC(136) Humongous regions: 15->0
[2025-10-15T05:19:34.440-0700][1246 ][info ][gc,metaspace] GC(136) Metaspace: 314130K(319808K)->314130K(319808K) NonClass: 277304K(280320K)->277304K(280320K) Class: 36826K(39488K)->36826K(39488K)
[2025-10-15T05:19:34.440-0700][1246 ][info ][gc          ] GC(136) Pause Young (Mixed) (G1 Evacuation Pause) 105386M->40876M(184320M) 207.154ms
[2025-10-15T05:19:34.441-0700][1246 ][info ][gc,cpu      ] GC(136) User=16.69s Sys=0.17s Real=0.21s
[2025-10-15T05:19:34.443-0700][1246 ][info ][safepoint   ] Safepoint "G1CollectForAllocation", Time since last: 72908538 ns, Reaching safepoint: 871493 ns, Cleanup: 5539 ns, At safepoint: 211109706 ns, Total: 211986738 ns
[2025-10-15T05:19:36.444-0700][1246 ][info ][safepoint   ] Safepoint "Cleanup", Time since last: 2000147920 ns, Reaching safepoint: 1156483 ns, Cleanup: 29434 ns, At safepoint: 317849 ns, Total: 1503766 ns
[2025-10-15T05:19:38.385-0700][1246 ][info ][gc,start    ] GC(137) Pause Young (Mixed) (G1 Evacuation Pause)
[2025-10-15T05:19:38.385-0700][1246 ][info ][gc,task     ] GC(137) Using 113 workers of 113 for evacuation
[2025-10-15T05:19:38.399-0700][1246 ][debug][gc,remset   ] GC(137) Visited cards 10607104 Total dirty 66060288 (16.06%) Total old 382402560 (2.77%)
[2025-10-15T05:19:38.567-0700][1246 ][info ][gc,phases   ] GC(137)   Pre Evacuate Collection Set: 0.7ms
[2025-10-15T05:19:38.567-0700][1246 ][info ][gc,phases   ] GC(137)   Merge Heap Roots: 13.2ms
[2025-10-15T05:19:38.567-0700][1246 ][info ][gc,phases   ] GC(137)   Evacuate Collection Set: 154.3ms
[2025-10-15T05:19:38.567-0700][1246 ][info ][gc,phases   ] GC(137)   Post Evacuate Collection Set: 13.4ms
[2025-10-15T05:19:38.567-0700][1246 ][info ][gc,phases   ] GC(137)   Other: 0.2ms
[2025-10-15T05:19:38.567-0700][1246 ][debug][gc,remset   ] GC(137) Coarsening (recent): Inline->AoC 26028 (0) AoC->Howl 402 (0) Howl->Full 0 (0) Inline->AoC 1181 (0) AoC->BitMap 359 (0) BitMap->Full 0 (0) 
[2025-10-15T05:19:38.567-0700][1246 ][debug][gc,remset   ] GC(137) Coarsening (all): Inline->AoC 3052858 (34) AoC->Howl 79606 (105) Howl->Full 0 (0) Inline->AoC 346371 (28) AoC->BitMap 86779 (95) BitMap->Full 0 (0) 
[2025-10-15T05:19:38.567-0700][1246 ][info ][gc,heap     ] GC(137) Eden regions: 2140->0(1481)
[2025-10-15T05:19:38.567-0700][1246 ][info ][gc,heap     ] GC(137) Survivor regions: 185->220(291)
[2025-10-15T05:19:38.567-0700][1246 ][info ][gc,heap     ] GC(137) Old regions: 1093->1047
[2025-10-15T05:19:38.567-0700][1246 ][info ][gc,heap     ] GC(137) Humongous regions: 9->0
[2025-10-15T05:19:38.567-0700][1246 ][info ][gc,metaspace] GC(137) Metaspace: 314158K(319872K)->314158K(319872K) NonClass: 277329K(280384K)->277329K(280384K) Class: 36829K(39488K)->36829K(39488K)
[2025-10-15T05:19:38.567-0700][1246 ][info ][gc          ] GC(137) Pause Young (Mixed) (G1 Evacuation Pause) 109644M->40519M(184320M) 181.990ms
[2025-10-15T05:19:38.568-0700][1246 ][info ][gc,cpu      ] GC(137) User=16.71s Sys=0.08s Real=0.19s
[2025-10-15T05:19:38.570-0700][1246 ][info ][safepoint   ] Safepoint "G1CollectForAllocation", Time since last: 1932541926 ns, Reaching safepoint: 7201845 ns, Cleanup: 16745 ns, At safepoint: 185449407 ns, Total: 192667997 ns
[2025-10-15T05:19:39.571-0700][1246 ][info ][safepoint   ] Safepoint "Cleanup", Time since last: 1000085339 ns, Reaching safepoint: 732775 ns, Cleanup: 20150 ns, At safepoint: 197207 ns, Total: 950132 ns
[2025-10-15T05:19:41.573-0700][1246 ][info ][safepoint   ] Safepoint "Cleanup", Time since last: 2000163849 ns, Reaching safepoint: 1618650 ns, Cleanup: 89034 ns, At safepoint: 438070 ns, Total: 2145754 ns
[2025-10-15T05:19:42.575-0700][1246 ][info ][safepoint   ] Safepoint "Cleanup", Time since last: 1000098349 ns, Reaching safepoint: 1541453 ns, Cleanup: 11317 ns, At safepoint: 484350 ns, Total: 2037120 ns
[2025-10-15T05:19:43.577-0700][1246 ][info ][safepoint   ] Safepoint "Cleanup", Time since last: 1000101815 ns, Reaching safepoint: 866856 ns, Cleanup: 19710 ns, At safepoint: 834748 ns, Total: 1721314 ns
[2025-10-15T05:19:44.579-0700][1246 ][info ][safepoint   ] Safepoint "Cleanup", Time since last: 1000094213 ns, Reaching safepoint: 881549 ns, Cleanup: 74963 ns, At safepoint: 1063593 ns, Total: 2020105 ns
[2025-10-15T05:19:45.120-0700][1246 ][info ][gc,start    ] GC(138) Pause Young (Mixed) (G1 Evacuation Pause)
[2025-10-15T05:19:45.121-0700][1246 ][info ][gc,task     ] GC(138) Using 113 workers of 113 for evacuation
[2025-10-15T05:19:45.135-0700][1246 ][debug][gc,remset   ] GC(138) Visited cards 10523136 Total dirty 62062592 (16.96%) Total old 318832640 (3.30%)
[2025-10-15T05:19:45.297-0700][1246 ][info ][gc,phases   ] GC(138)   Pre Evacuate Collection Set: 0.7ms
[2025-10-15T05:19:45.297-0700][1246 ][info ][gc,phases   ] GC(138)   Merge Heap Roots: 14.0ms
[2025-10-15T05:19:45.297-0700][1246 ][info ][gc,phases   ] GC(138)   Evacuate Collection Set: 149.7ms
[2025-10-15T05:19:45.297-0700][1246 ][info ][gc,phases   ] GC(138)   Post Evacuate Collection Set: 11.8ms
[2025-10-15T05:19:45.297-0700][1246 ][info ][gc,phases   ] GC(138)   Other: 0.2ms
[2025-10-15T05:19:45.297-0700][1246 ][debug][gc,remset   ] GC(138) Coarsening (recent): Inline->AoC 28467 (0) AoC->Howl 315 (0) Howl->Full 0 (0) Inline->AoC 923 (0) AoC->BitMap 235 (0) BitMap->Full 0 (0) 
[2025-10-15T05:19:45.297-0700][1246 ][debug][gc,remset   ] GC(138) Coarsening (all): Inline->AoC 3081325 (34) AoC->Howl 79921 (105) Howl->Full 0 (0) Inline->AoC 347294 (28) AoC->BitMap 87014 (95) BitMap->Full 0 (0) 
[2025-10-15T05:19:45.297-0700][1246 ][info ][gc,heap     ] GC(138) Eden regions: 1645->0(2699)
[2025-10-15T05:19:45.297-0700][1246 ][info ][gc,heap     ] GC(138) Survivor regions: 220->142(234)
[2025-10-15T05:19:45.297-0700][1246 ][info ][gc,heap     ] GC(138) Old regions: 1047->1074
[2025-10-15T05:19:45.297-0700][1246 ][info ][gc,heap     ] GC(138) Humongous regions: 5->0
[2025-10-15T05:19:45.297-0700][1246 ][info ][gc,metaspace] GC(138) Metaspace: 314205K(319872K)->314205K(319872K) NonClass: 277365K(280384K)->277365K(280384K) Class: 36840K(39488K)->36840K(39488K)
[2025-10-15T05:19:45.297-0700][1246 ][info ][gc          ] GC(138) Pause Young (Mixed) (G1 Evacuation Pause) 93319M->38911M(184320M) 176.587ms
[2025-10-15T05:19:45.298-0700][1246 ][info ][gc,cpu      ] GC(138) User=16.12s Sys=0.18s Real=0.17s
[2025-10-15T05:19:45.300-0700][1246 ][info ][safepoint   ] Safepoint "G1CollectForAllocation", Time since last: 539460807 ns, Reaching safepoint: 871303 ns, Cleanup: 10796 ns, At safepoint: 180150621 ns, Total: 181032720 ns
[2025-10-15T05:19:46.301-0700][1246 ][info ][safepoint   ] Safepoint "Cleanup", Time since last: 1000095144 ns, Reaching safepoint: 905785 ns, Cleanup: 13400 ns, At safepoint: 241575 ns, Total: 1160760 ns
[2025-10-15T05:19:47.302-0700][1246 ][info ][safepoint   ] Safepoint "Cleanup", Time since last: 1000100251 ns, Reaching safepoint: 869261 ns, Cleanup: 12208 ns, At safepoint: 395086 ns, Total: 1276555 ns
[2025-10-15T05:19:48.303-0700][1246 ][info ][safepoint   ] Safepoint "Cleanup", Time since last: 1000108804 ns, Reaching safepoint: 812245 ns, Cleanup: 13280 ns, At safepoint: 273842 ns, Total: 1099367 ns
[2025-10-15T05:19:49.305-0700][1246 ][info ][safepoint   ] Safepoint "Cleanup", Time since last: 1000095835 ns, Reaching safepoint: 834538 ns, Cleanup: 10857 ns, At safepoint: 383598 ns, Total: 1228993 ns
[2025-10-15T05:19:50.306-0700][1246 ][info ][safepoint   ] Safepoint "Cleanup", Time since last: 1000107713 ns, Reaching safepoint: 845655 ns, Cleanup: 20991 ns, At safepoint: 431781 ns, Total: 1298427 ns
[2025-10-15T05:19:51.308-0700][1246 ][info ][safepoint   ] Safepoint "Cleanup", Time since last: 1000098850 ns, Reaching safepoint: 817963 ns, Cleanup: 12679 ns, At safepoint: 685363 ns, Total: 1516005 ns
[2025-10-15T05:19:52.325-0700][1246 ][info ][safepoint   ] Safepoint "Cleanup", Time since last: 1000105449 ns, Reaching safepoint: 14649711 ns, Cleanup: 61983 ns, At safepoint: 2142820 ns, Total: 16854514 ns
[2025-10-15T05:19:54.327-0700][1246 ][info ][safepoint   ] Safepoint "Cleanup", Time since last: 2000170419 ns, Reaching safepoint: 998424 ns, Cleanup: 12620 ns, At safepoint: 1194320 ns, Total: 2205364 ns
[2025-10-15T05:19:55.330-0700][1246 ][info ][safepoint   ] Safepoint "Cleanup", Time since last: 1000109556 ns, Reaching safepoint: 952295 ns, Cleanup: 29084 ns, At safepoint: 1718500 ns, Total: 2699879 ns
[2025-10-15T05:19:55.964-0700][1246 ][info ][gc,start    ] GC(139) Pause Young (Mixed) (G1 Evacuation Pause)
[2025-10-15T05:19:55.964-0700][1246 ][info ][gc,task     ] GC(139) Using 113 workers of 113 for evacuation
[2025-10-15T05:19:55.979-0700][1246 ][debug][gc,remset   ] GC(139) Visited cards 12225792 Total dirty 65077248 (18.79%) Total old 455475200 (2.68%)
[2025-10-15T05:19:56.128-0700][1246 ][info ][gc,phases   ] GC(139)   Pre Evacuate Collection Set: 0.7ms
[2025-10-15T05:19:56.128-0700][1246 ][info ][gc,phases   ] GC(139)   Merge Heap Roots: 14.3ms
[2025-10-15T05:19:56.128-0700][1246 ][info ][gc,phases   ] GC(139)   Evacuate Collection Set: 135.9ms
[2025-10-15T05:19:56.129-0700][1246 ][info ][gc,phases   ] GC(139)   Post Evacuate Collection Set: 13.6ms
[2025-10-15T05:19:56.129-0700][1246 ][info ][gc,phases   ] GC(139)   Other: 0.2ms
[2025-10-15T05:19:56.129-0700][1246 ][debug][gc,remset   ] GC(139) Coarsening (recent): Inline->AoC 49610 (0) AoC->Howl 287 (1) Howl->Full 0 (0) Inline->AoC 568 (1) AoC->BitMap 256 (1) BitMap->Full 0 (0) 
[2025-10-15T05:19:56.129-0700][1246 ][debug][gc,remset   ] GC(139) Coarsening (all): Inline->AoC 3130935 (34) AoC->Howl 80208 (106) Howl->Full 0 (0) Inline->AoC 347862 (29) AoC->BitMap 87270 (96) BitMap->Full 0 (0) 
[2025-10-15T05:19:56.129-0700][1246 ][info ][gc,heap     ] GC(139) Eden regions: 2749->0(2332)
[2025-10-15T05:19:56.129-0700][1246 ][info ][gc,heap     ] GC(139) Survivor regions: 142->185(362)
[2025-10-15T05:19:56.129-0700][1246 ][info ][gc,heap     ] GC(139) Old regions: 1074->1008
[2025-10-15T05:19:56.129-0700][1246 ][info ][gc,heap     ] GC(139) Humongous regions: 11->0
[2025-10-15T05:19:56.129-0700][1246 ][info ][gc,metaspace] GC(139) Metaspace: 314267K(319936K)->314267K(319936K) NonClass: 277421K(280448K)->277421K(280448K) Class: 36845K(39488K)->36845K(39488K)
[2025-10-15T05:19:56.129-0700][1246 ][info ][gc          ] GC(139) Pause Young (Mixed) (G1 Evacuation Pause) 127231M->38167M(184320M) 164.858ms
[2025-10-15T05:19:56.130-0700][1246 ][info ][gc,cpu      ] GC(139) User=13.48s Sys=0.26s Real=0.17s
[2025-10-15T05:19:56.131-0700][1246 ][info ][safepoint   ] Safepoint "G1CollectForAllocation", Time since last: 631729188 ns, Reaching safepoint: 966136 ns, Cleanup: 13981 ns, At safepoint: 168389664 ns, Total: 169369781 ns
[2025-10-15T05:19:59.132-0700][1246 ][info ][safepoint   ] Safepoint "Cleanup", Time since last: 3000217871 ns, Reaching safepoint: 726995 ns, Cleanup: 13961 ns, At safepoint: 174193 ns, Total: 915149 ns
[2025-10-15T05:20:01.872-0700][1246 ][info ][safepoint   ] Safepoint "Cleanup", Time since last: 2738843012 ns, Reaching safepoint: 740906 ns, Cleanup: 10336 ns, At safepoint: 203316 ns, Total: 954558 ns
[2025-10-15T05:20:02.873-0700][1246 ][info ][safepoint   ] Safepoint "Cleanup", Time since last: 1000085649 ns, Reaching safepoint: 795689 ns, Cleanup: 18278 ns, At safepoint: 378009 ns, Total: 1191976 ns
[2025-10-15T05:20:03.875-0700][1246 ][info ][safepoint   ] Safepoint "Cleanup", Time since last: 1000092770 ns, Reaching safepoint: 832815 ns, Cleanup: 27952 ns, At safepoint: 431440 ns, Total: 1292207 ns
[2025-10-15T05:20:04.877-0700][1246 ][info ][safepoint   ] Safepoint "Cleanup", Time since last: 1000118248 ns, Reaching safepoint: 961699 ns, Cleanup: 15243 ns, At safepoint: 996903 ns, Total: 1973845 ns
[2025-10-15T05:20:05.554-0700][1246 ][info ][gc,start    ] GC(140) Pause Young (Mixed) (G1 Evacuation Pause)
[2025-10-15T05:20:05.554-0700][1246 ][info ][gc,task     ] GC(140) Using 113 workers of 113 for evacuation
[2025-10-15T05:20:05.567-0700][1246 ][debug][gc,remset   ] GC(140) Visited cards 13154048 Total dirty 60620800 (21.70%) Total old 423493632 (3.11%)
[2025-10-15T05:20:05.715-0700][1246 ][info ][gc,phases   ] GC(140)   Pre Evacuate Collection Set: 0.7ms
[2025-10-15T05:20:05.715-0700][1246 ][info ][gc,phases   ] GC(140)   Merge Heap Roots: 12.5ms
[2025-10-15T05:20:05.715-0700][1246 ][info ][gc,phases   ] GC(140)   Evacuate Collection Set: 135.1ms
[2025-10-15T05:20:05.715-0700][1246 ][info ][gc,phases   ] GC(140)   Post Evacuate Collection Set: 12.6ms
[2025-10-15T05:20:05.715-0700][1246 ][info ][gc,phases   ] GC(140)   Other: 0.2ms
[2025-10-15T05:20:05.715-0700][1246 ][debug][gc,remset   ] GC(140) Coarsening (recent): Inline->AoC 34169 (0) AoC->Howl 172 (0) Howl->Full 0 (0) Inline->AoC 634 (0) AoC->BitMap 124 (0) BitMap->Full 0 (0) 
[2025-10-15T05:20:05.715-0700][1246 ][debug][gc,remset   ] GC(140) Coarsening (all): Inline->AoC 3165104 (34) AoC->Howl 80380 (106) Howl->Full 0 (0) Inline->AoC 348496 (29) AoC->BitMap 87394 (96) BitMap->Full 0 (0) 
[2025-10-15T05:20:05.715-0700][1246 ][info ][gc,heap     ] GC(140) Eden regions: 2496->0(2231)
[2025-10-15T05:20:05.715-0700][1246 ][info ][gc,heap     ] GC(140) Survivor regions: 185->204(336)
[2025-10-15T05:20:05.715-0700][1246 ][info ][gc,heap     ] GC(140) Old regions: 1008->936
[2025-10-15T05:20:05.715-0700][1246 ][info ][gc,heap     ] GC(140) Humongous regions: 9->1
[2025-10-15T05:20:05.715-0700][1246 ][info ][gc,metaspace] GC(140) Metaspace: 314306K(320000K)->314306K(320000K) NonClass: 277457K(280512K)->277457K(280512K) Class: 36848K(39488K)->36848K(39488K)
[2025-10-15T05:20:05.715-0700][1246 ][info ][gc          ] GC(140) Pause Young (Mixed) (G1 Evacuation Pause) 118327M->36458M(184320M) 161.267ms
[2025-10-15T05:20:05.716-0700][1246 ][info ][gc,cpu      ] GC(140) User=13.97s Sys=0.30s Real=0.16s
[2025-10-15T05:20:05.717-0700][1246 ][info ][safepoint   ] Safepoint "G1CollectForAllocation", Time since last: 674944224 ns, Reaching safepoint: 908089 ns, Cleanup: 23165 ns, At safepoint: 164858114 ns, Total: 165789368 ns
[2025-10-15T05:20:07.718-0700][1246 ][info ][safepoint   ] Safepoint "Cleanup", Time since last: 2000144397 ns, Reaching safepoint: 783641 ns, Cleanup: 17897 ns, At safepoint: 131068 ns, Total: 932606 ns
[2025-10-15T05:20:08.720-0700][1246 ][info ][safepoint   ] Safepoint "Cleanup", Time since last: 1000096905 ns, Reaching safepoint: 856060 ns, Cleanup: 13421 ns, At safepoint: 230798 ns, Total: 1100279 ns
[2025-10-15T05:20:09.721-0700][1246 ][info ][safepoint   ] Safepoint "Cleanup", Time since last: 1000095633 ns, Reaching safepoint: 867588 ns, Cleanup: 11287 ns, At safepoint: 288104 ns, Total: 1166979 ns
[2025-10-15T05:20:11.722-0700][1246 ][info ][safepoint   ] Safepoint "Cleanup", Time since last: 2000156625 ns, Reaching safepoint: 744002 ns, Cleanup: 13971 ns, At safepoint: 121713 ns, Total: 879686 ns
[2025-10-15T05:20:12.723-0700][1246 ][info ][safepoint   ] Safepoint "Cleanup", Time since last: 1000117046 ns, Reaching safepoint: 783691 ns, Cleanup: 17026 ns, At safepoint: 508666 ns, Total: 1309383 ns
[2025-10-15T05:20:13.725-0700][1246 ][info ][safepoint   ] Safepoint "Cleanup", Time since last: 1000116215 ns, Reaching safepoint: 866466 ns, Cleanup: 23836 ns, At safepoint: 836310 ns, Total: 1726612 ns
[2025-10-15T05:20:14.706-0700][1246 ][info ][gc,start    ] GC(141) Pause Young (Mixed) (G1 Evacuation Pause)
[2025-10-15T05:20:14.706-0700][1246 ][info ][gc,task     ] GC(141) Using 113 workers of 113 for evacuation
[2025-10-15T05:20:14.720-0700][1246 ][debug][gc,remset   ] GC(141) Visited cards 14098944 Total dirty 56098816 (25.13%) Total old 416940032 (3.38%)
[2025-10-15T05:20:14.901-0700][1246 ][info ][gc,phases   ] GC(141)   Pre Evacuate Collection Set: 0.9ms
[2025-10-15T05:20:14.901-0700][1246 ][info ][gc,phases   ] GC(141)   Merge Heap Roots: 12.6ms
[2025-10-15T05:20:14.901-0700][1246 ][info ][gc,phases   ] GC(141)   Evacuate Collection Set: 168.8ms
[2025-10-15T05:20:14.901-0700][1246 ][info ][gc,phases   ] GC(141)   Post Evacuate Collection Set: 12.1ms
[2025-10-15T05:20:14.901-0700][1246 ][info ][gc,phases   ] GC(141)   Other: 0.2ms
[2025-10-15T05:20:14.901-0700][1246 ][debug][gc,remset   ] GC(141) Coarsening (recent): Inline->AoC 33482 (0) AoC->Howl 154 (0) Howl->Full 0 (0) Inline->AoC 618 (0) AoC->BitMap 103 (0) BitMap->Full 0 (0) 
[2025-10-15T05:20:14.901-0700][1246 ][debug][gc,remset   ] GC(141) Coarsening (all): Inline->AoC 3198586 (34) AoC->Howl 80534 (106) Howl->Full 0 (0) Inline->AoC 349114 (29) AoC->BitMap 87497 (96) BitMap->Full 0 (0) 
[2025-10-15T05:20:14.901-0700][1246 ][info ][gc,heap     ] GC(141) Eden regions: 2464->0(3207)
[2025-10-15T05:20:14.901-0700][1246 ][info ][gc,heap     ] GC(141) Survivor regions: 204->171(334)
[2025-10-15T05:20:14.901-0700][1246 ][info ][gc,heap     ] GC(141) Old regions: 936->931
[2025-10-15T05:20:14.901-0700][1246 ][info ][gc,heap     ] GC(141) Humongous regions: 9->0
[2025-10-15T05:20:14.901-0700][1246 ][info ][gc,metaspace] GC(141) Metaspace: 314353K(320128K)->314353K(320128K) NonClass: 277499K(280576K)->277499K(280576K) Class: 36853K(39552K)->36853K(39552K)
[2025-10-15T05:20:14.901-0700][1246 ][info ][gc          ] GC(141) Pause Young (Mixed) (G1 Evacuation Pause) 115562M->35219M(184320M) 194.693ms
[2025-10-15T05:20:14.902-0700][1246 ][info ][gc,cpu      ] GC(141) User=16.07s Sys=0.39s Real=0.20s
[2025-10-15T05:20:14.904-0700][1246 ][info ][safepoint   ] Safepoint "G1CollectForAllocation", Time since last: 978486658 ns, Reaching safepoint: 1378447 ns, Cleanup: 13220 ns, At safepoint: 198500386 ns, Total: 199892053 ns
[2025-10-15T05:20:15.905-0700][1246 ][info ][safepoint   ] Safepoint "Cleanup", Time since last: 1000083936 ns, Reaching safepoint: 1470186 ns, Cleanup: 14662 ns, At safepoint: 124878 ns, Total: 1609726 ns
[2025-10-15T05:20:16.906-0700][1246 ][info ][safepoint   ] Safepoint "Cleanup", Time since last: 1000098929 ns, Reaching safepoint: 731753 ns, Cleanup: 17176 ns, At safepoint: 184868 ns, Total: 933797 ns
[2025-10-15T05:20:19.908-0700][1246 ][info ][safepoint   ] Safepoint "Cleanup", Time since last: 3000224818 ns, Reaching safepoint: 850602 ns, Cleanup: 17767 ns, At safepoint: 251378 ns, Total: 1119747 ns
[2025-10-15T05:20:20.909-0700][1246 ][info ][safepoint   ] Safepoint "Cleanup", Time since last: 1000103486 ns, Reaching safepoint: 997303 ns, Cleanup: 15053 ns, At safepoint: 229696 ns, Total: 1242052 ns
[2025-10-15T05:20:23.910-0700][1246 ][info ][safepoint   ] Safepoint "Cleanup", Time since last: 3000207752 ns, Reaching safepoint: 864242 ns, Cleanup: 13360 ns, At safepoint: 222175 ns, Total: 1099777 ns
[2025-10-15T05:20:25.911-0700][1246 ][info ][safepoint   ] Safepoint "Cleanup", Time since last: 2000167552 ns, Reaching safepoint: 817652 ns, Cleanup: 11728 ns, At safepoint: 169616 ns, Total: 998996 ns
[2025-10-15T05:20:26.913-0700][1246 ][info ][safepoint   ] Safepoint "Cleanup", Time since last: 1000106440 ns, Reaching safepoint: 825374 ns, Cleanup: 16464 ns, At safepoint: 259121 ns, Total: 1100959 ns
[2025-10-15T05:20:29.914-0700][1246 ][info ][safepoint   ] Safepoint "Cleanup", Time since last: 3000226550 ns, Reaching safepoint: 887928 ns, Cleanup: 15163 ns, At safepoint: 276127 ns, Total: 1179218 ns
[2025-10-15T05:20:30.462-0700][1246 ][info ][gc,start    ] GC(142) Pause Young (Normal) (G1 Evacuation Pause)
[2025-10-15T05:20:30.462-0700][1246 ][info ][gc,task     ] GC(142) Using 113 workers of 113 for evacuation
[2025-10-15T05:20:30.477-0700][1246 ][debug][gc,remset   ] GC(142) Visited cards 8816128 Total dirty 56360960 (15.64%) Total old 514457600 (1.71%)
[2025-10-15T05:20:30.616-0700][1246 ][info ][gc,phases   ] GC(142)   Pre Evacuate Collection Set: 0.9ms
[2025-10-15T05:20:30.616-0700][1246 ][info ][gc,phases   ] GC(142)   Merge Heap Roots: 13.6ms
[2025-10-15T05:20:30.616-0700][1246 ][info ][gc,phases   ] GC(142)   Evacuate Collection Set: 125.4ms
[2025-10-15T05:20:30.616-0700][1246 ][info ][gc,phases   ] GC(142)   Post Evacuate Collection Set: 13.2ms
[2025-10-15T05:20:30.616-0700][1246 ][info ][gc,phases   ] GC(142)   Other: 0.2ms
[2025-10-15T05:20:30.616-0700][1246 ][debug][gc,remset   ] GC(142) Coarsening (recent): Inline->AoC 28704 (0) AoC->Howl 112 (0) Howl->Full 0 (0) Inline->AoC 507 (0) AoC->BitMap 49 (0) BitMap->Full 0 (0) 
[2025-10-15T05:20:30.616-0700][1246 ][debug][gc,remset   ] GC(142) Coarsening (all): Inline->AoC 3227290 (34) AoC->Howl 80646 (106) Howl->Full 0 (0) Inline->AoC 349621 (29) AoC->BitMap 87546 (96) BitMap->Full 0 (0) 
[2025-10-15T05:20:30.616-0700][1246 ][info ][gc,heap     ] GC(142) Eden regions: 3281->0(3264)
[2025-10-15T05:20:30.616-0700][1246 ][info ][gc,heap     ] GC(142) Survivor regions: 171->192(432)
[2025-10-15T05:20:30.616-0700][1246 ][info ][gc,heap     ] GC(142) Old regions: 931->931
[2025-10-15T05:20:30.616-0700][1246 ][info ][gc,heap     ] GC(142) Humongous regions: 15->0
[2025-10-15T05:20:30.616-0700][1246 ][info ][gc,metaspace] GC(142) Metaspace: 314386K(320128K)->314386K(320128K) NonClass: 277531K(280576K)->277531K(280576K) Class: 36854K(39552K)->36854K(39552K)
[2025-10-15T05:20:30.616-0700][1246 ][info ][gc          ] GC(142) Pause Young (Normal) (G1 Evacuation Pause) 140691M->35913M(184320M) 153.430ms
[2025-10-15T05:20:30.617-0700][1246 ][info ][gc,cpu      ] GC(142) User=13.43s Sys=0.29s Real=0.15s
[2025-10-15T05:20:30.618-0700][1246 ][info ][safepoint   ] Safepoint "G1CollectForAllocation", Time since last: 545902268 ns, Reaching safepoint: 1000718 ns, Cleanup: 30255 ns, At safepoint: 157007864 ns, Total: 158038837 ns
[2025-10-15T05:20:31.623-0700][1246 ][info ][safepoint   ] Safepoint "Cleanup", Time since last: 1000082534 ns, Reaching safepoint: 3983213 ns, Cleanup: 27231 ns, At safepoint: 935039 ns, Total: 4945483 ns
[2025-10-15T05:20:33.625-0700][1246 ][info ][safepoint   ] Safepoint "Cleanup", Time since last: 2000186731 ns, Reaching safepoint: 780346 ns, Cleanup: 36535 ns, At safepoint: 443679 ns, Total: 1260560 ns
[2025-10-15T05:20:34.626-0700][1246 ][info ][safepoint   ] Safepoint "Cleanup", Time since last: 1000099559 ns, Reaching safepoint: 778393 ns, Cleanup: 15814 ns, At safepoint: 926096 ns, Total: 1720303 ns
[2025-10-15T05:20:35.628-0700][1246 ][info ][safepoint   ] Safepoint "Cleanup", Time since last: 1000107642 ns, Reaching safepoint: 954017 ns, Cleanup: 10306 ns, At safepoint: 889781 ns, Total: 1854104 ns
[2025-10-15T05:20:36.631-0700][1246 ][info ][safepoint   ] Safepoint "Cleanup", Time since last: 1000101623 ns, Reaching safepoint: 863371 ns, Cleanup: 12809 ns, At safepoint: 1566201 ns, Total: 2442381 ns
[2025-10-15T05:20:38.633-0700][1246 ][info ][safepoint   ] Safepoint "Cleanup", Time since last: 2000168964 ns, Reaching safepoint: 918944 ns, Cleanup: 15754 ns, At safepoint: 1431558 ns, Total: 2366256 ns
[2025-10-15T05:20:39.636-0700][1246 ][info ][safepoint   ] Safepoint "Cleanup", Time since last: 1000110977 ns, Reaching safepoint: 916020 ns, Cleanup: 11407 ns, At safepoint: 1181651 ns, Total: 2109078 ns
[2025-10-15T05:20:40.638-0700][1246 ][info ][safepoint   ] Safepoint "Cleanup", Time since last: 1000125980 ns, Reaching safepoint: 883601 ns, Cleanup: 10797 ns, At safepoint: 1097584 ns, Total: 1991982 ns
[2025-10-15T05:20:41.640-0700][1246 ][info ][safepoint   ] Safepoint "Cleanup", Time since last: 1000112335 ns, Reaching safepoint: 854988 ns, Cleanup: 17757 ns, At safepoint: 1429424 ns, Total: 2302169 ns
[2025-10-15T05:20:44.876-0700][1246 ][info ][gc,start    ] GC(143) Pause Young (Normal) (G1 Evacuation Pause)
[2025-10-15T05:20:44.876-0700][1246 ][info ][gc,task     ] GC(143) Using 113 workers of 113 for evacuation
[2025-10-15T05:20:44.890-0700][1246 ][debug][gc,remset   ] GC(143) Visited cards 8935680 Total dirty 56492032 (15.82%) Total old 514981888 (1.74%)
[2025-10-15T05:20:45.052-0700][1246 ][info ][gc,phases   ] GC(143)   Pre Evacuate Collection Set: 0.7ms
[2025-10-15T05:20:45.052-0700][1246 ][info ][gc,phases   ] GC(143)   Merge Heap Roots: 13.8ms
[2025-10-15T05:20:45.052-0700][1246 ][info ][gc,phases   ] GC(143)   Evacuate Collection Set: 147.9ms
[2025-10-15T05:20:45.052-0700][1246 ][info ][gc,phases   ] GC(143)   Post Evacuate Collection Set: 13.7ms
[2025-10-15T05:20:45.052-0700][1246 ][info ][gc,phases   ] GC(143)   Other: 0.2ms
[2025-10-15T05:20:45.052-0700][1246 ][debug][gc,remset   ] GC(143) Coarsening (recent): Inline->AoC 35843 (3) AoC->Howl 100 (3) Howl->Full 0 (0) Inline->AoC 469 (0) AoC->BitMap 55 (1) BitMap->Full 0 (0) 
[2025-10-15T05:20:45.052-0700][1246 ][debug][gc,remset   ] GC(143) Coarsening (all): Inline->AoC 3263133 (37) AoC->Howl 80746 (109) Howl->Full 0 (0) Inline->AoC 350090 (29) AoC->BitMap 87601 (97) BitMap->Full 0 (0) 
[2025-10-15T05:20:45.052-0700][1246 ][info ][gc,heap     ] GC(143) Eden regions: 3264->0(2778)
[2025-10-15T05:20:45.052-0700][1246 ][info ][gc,heap     ] GC(143) Survivor regions: 192->237(432)
[2025-10-15T05:20:45.052-0700][1246 ][info ][gc,heap     ] GC(143) Old regions: 931->931
[2025-10-15T05:20:45.052-0700][1246 ][info ][gc,heap     ] GC(143) Humongous regions: 15->0
[2025-10-15T05:20:45.052-0700][1246 ][info ][gc,metaspace] GC(143) Metaspace: 314401K(320192K)->314401K(320192K) NonClass: 277545K(280640K)->277545K(280640K) Class: 36855K(39552K)->36855K(39552K)
[2025-10-15T05:20:45.052-0700][1246 ][info ][gc          ] GC(143) Pause Young (Normal) (G1 Evacuation Pause) 140841M->37353M(184320M) 176.499ms
[2025-10-15T05:20:45.053-0700][1246 ][info ][gc,cpu      ] GC(143) User=16.33s Sys=0.42s Real=0.18s
[2025-10-15T05:20:45.054-0700][1246 ][info ][safepoint   ] Safepoint "G1CollectForAllocation", Time since last: 3220930860 ns, Reaching safepoint: 13404532 ns, Cleanup: 6049 ns, At safepoint: 179975561 ns, Total: 193386142 ns
[2025-10-15T05:20:46.055-0700][1246 ][info ][safepoint   ] Safepoint "Cleanup", Time since last: 1000088916 ns, Reaching safepoint: 723620 ns, Cleanup: 23596 ns, At safepoint: 97747 ns, Total: 844963 ns
[2025-10-15T05:20:47.056-0700][1246 ][info ][safepoint   ] Safepoint "Cleanup", Time since last: 1000101464 ns, Reaching safepoint: 714717 ns, Cleanup: 25339 ns, At safepoint: 171468 ns, Total: 911524 ns
[2025-10-15T05:20:48.057-0700][1246 ][info ][safepoint   ] Safepoint "Cleanup", Time since last: 1000099251 ns, Reaching safepoint: 710120 ns, Cleanup: 10756 ns, At safepoint: 222826 ns, Total: 943702 ns
[2025-10-15T05:20:49.059-0700][1246 ][info ][safepoint   ] Safepoint "Cleanup", Time since last: 1000095155 ns, Reaching safepoint: 749740 ns, Cleanup: 22123 ns, At safepoint: 446734 ns, Total: 1218597 ns
[2025-10-15T05:20:50.061-0700][1246 ][info ][safepoint   ] Safepoint "Cleanup", Time since last: 1000106672 ns, Reaching safepoint: 1039867 ns, Cleanup: 20521 ns, At safepoint: 668557 ns, Total: 1728945 ns
[2025-10-15T05:20:51.062-0700][1246 ][info ][safepoint   ] Safepoint "Cleanup", Time since last: 1000105110 ns, Reaching safepoint: 729409 ns, Cleanup: 12429 ns, At safepoint: 674286 ns, Total: 1416124 ns
[2025-10-15T05:20:52.064-0700][1246 ][info ][safepoint   ] Safepoint "Cleanup", Time since last: 1000113753 ns, Reaching safepoint: 772885 ns, Cleanup: 19339 ns, At safepoint: 989932 ns, Total: 1782156 ns
[2025-10-15T05:20:55.065-0700][1246 ][info ][safepoint   ] Safepoint "Cleanup", Time since last: 3000256791 ns, Reaching safepoint: 839125 ns, Cleanup: 17486 ns, At safepoint: 196486 ns, Total: 1053097 ns
[2025-10-15T05:20:56.067-0700][1246 ][info ][safepoint   ] Safepoint "Cleanup", Time since last: 1000100173 ns, Reaching safepoint: 972545 ns, Cleanup: 18899 ns, At safepoint: 457820 ns, Total: 1449264 ns
[2025-10-15T05:20:56.447-0700][1246 ][info ][gc,start    ] GC(144) Pause Young (Normal) (G1 Evacuation Pause)
[2025-10-15T05:20:56.447-0700][1246 ][info ][gc,task     ] GC(144) Using 113 workers of 113 for evacuation
[2025-10-15T05:20:56.461-0700][1246 ][debug][gc,remset   ] GC(144) Visited cards 9008640 Total dirty 56426496 (15.97%) Total old 469565440 (1.92%)
[2025-10-15T05:20:56.638-0700][1246 ][info ][gc,phases   ] GC(144)   Pre Evacuate Collection Set: 0.7ms
[2025-10-15T05:20:56.638-0700][1246 ][info ][gc,phases   ] GC(144)   Merge Heap Roots: 12.4ms
[2025-10-15T05:20:56.638-0700][1246 ][info ][gc,phases   ] GC(144)   Evacuate Collection Set: 163.0ms
[2025-10-15T05:20:56.638-0700][1246 ][info ][gc,phases   ] GC(144)   Post Evacuate Collection Set: 14.4ms
[2025-10-15T05:20:56.638-0700][1246 ][info ][gc,phases   ] GC(144)   Other: 0.2ms
[2025-10-15T05:20:56.638-0700][1246 ][debug][gc,remset   ] GC(144) Coarsening (recent): Inline->AoC 18568 (0) AoC->Howl 148 (0) Howl->Full 0 (0) Inline->AoC 603 (0) AoC->BitMap 109 (0) BitMap->Full 0 (0) 
[2025-10-15T05:20:56.638-0700][1246 ][debug][gc,remset   ] GC(144) Coarsening (all): Inline->AoC 3281701 (37) AoC->Howl 80894 (109) Howl->Full 0 (0) Inline->AoC 350693 (29) AoC->BitMap 87710 (97) BitMap->Full 0 (0) 
[2025-10-15T05:20:56.638-0700][1246 ][info ][gc,heap     ] GC(144) Eden regions: 2874->0(3210)
[2025-10-15T05:20:56.638-0700][1246 ][info ][gc,heap     ] GC(144) Survivor regions: 237->218(389)
[2025-10-15T05:20:56.638-0700][1246 ][info ][gc,heap     ] GC(144) Old regions: 931->984
[2025-10-15T05:20:56.638-0700][1246 ][info ][gc,heap     ] GC(144) Humongous regions: 12->0
[2025-10-15T05:20:56.638-0700][1246 ][info ][gc,metaspace] GC(144) Metaspace: 314444K(320192K)->314444K(320192K) NonClass: 277586K(280640K)->277586K(280640K) Class: 36857K(39552K)->36857K(39552K)
[2025-10-15T05:20:56.638-0700][1246 ][info ][gc          ] GC(144) Pause Young (Normal) (G1 Evacuation Pause) 129705M->38422M(184320M) 190.879ms
[2025-10-15T05:20:56.639-0700][1246 ][info ][gc,cpu      ] GC(144) User=17.47s Sys=0.21s Real=0.20s
[2025-10-15T05:20:56.641-0700][1246 ][info ][safepoint   ] Safepoint "G1CollectForAllocation", Time since last: 378357493 ns, Reaching safepoint: 864112 ns, Cleanup: 16806 ns, At safepoint: 194441583 ns, Total: 195322501 ns
[2025-10-15T05:20:57.642-0700][1246 ][info ][safepoint   ] Safepoint "Cleanup", Time since last: 1000080613 ns, Reaching safepoint: 816500 ns, Cleanup: 13861 ns, At safepoint: 176756 ns, Total: 1007117 ns
[2025-10-15T05:20:58.643-0700][1246 ][info ][safepoint   ] Safepoint "Cleanup", Time since last: 1000100443 ns, Reaching safepoint: 945315 ns, Cleanup: 11077 ns, At safepoint: 302646 ns, Total: 1259038 ns
[2025-10-15T05:20:59.650-0700][1246 ][info ][safepoint   ] Safepoint "Cleanup", Time since last: 1000102455 ns, Reaching safepoint: 3880128 ns, Cleanup: 28784 ns, At safepoint: 2528200 ns, Total: 6437112 ns
[2025-10-15T05:21:00.654-0700][1246 ][info ][safepoint   ] Safepoint "Cleanup", Time since last: 1000118109 ns, Reaching safepoint: 3097238 ns, Cleanup: 23566 ns, At safepoint: 1618178 ns, Total: 4738982 ns
[2025-10-15T05:21:02.910-0700][1246 ][info ][safepoint   ] Safepoint "Cleanup", Time since last: 2253659013 ns, Reaching safepoint: 1499430 ns, Cleanup: 19789 ns, At safepoint: 607817 ns, Total: 2127036 ns
[2025-10-15T05:21:03.912-0700][1246 ][info ][safepoint   ] Safepoint "Cleanup", Time since last: 1000093312 ns, Reaching safepoint: 830782 ns, Cleanup: 48152 ns, At safepoint: 468566 ns, Total: 1347500 ns
[2025-10-15T05:21:05.913-0700][1246 ][info ][safepoint   ] Safepoint "Cleanup", Time since last: 2000193965 ns, Reaching safepoint: 881569 ns, Cleanup: 12639 ns, At safepoint: 549568 ns, Total: 1443776 ns
[2025-10-15T05:21:06.915-0700][1246 ][info ][safepoint   ] Safepoint "Cleanup", Time since last: 1000103267 ns, Reaching safepoint: 921699 ns, Cleanup: 16085 ns, At safepoint: 676800 ns, Total: 1614584 ns
[2025-10-15T05:21:07.781-0700][1246 ][info ][gc,start    ] GC(145) Pause Young (Normal) (G1 Evacuation Pause)
[2025-10-15T05:21:07.781-0700][1246 ][info ][gc,task     ] GC(145) Using 113 workers of 113 for evacuation
[2025-10-15T05:21:07.795-0700][1246 ][debug][gc,remset   ] GC(145) Visited cards 9096704 Total dirty 59441152 (15.30%) Total old 506593280 (1.80%)
[2025-10-15T05:21:07.974-0700][1246 ][info ][gc,phases   ] GC(145)   Pre Evacuate Collection Set: 0.7ms
[2025-10-15T05:21:07.974-0700][1246 ][info ][gc,phases   ] GC(145)   Merge Heap Roots: 13.3ms
[2025-10-15T05:21:07.974-0700][1246 ][info ][gc,phases   ] GC(145)   Evacuate Collection Set: 162.1ms
[2025-10-15T05:21:07.974-0700][1246 ][info ][gc,phases   ] GC(145)   Post Evacuate Collection Set: 16.2ms
[2025-10-15T05:21:07.974-0700][1246 ][info ][gc,phases   ] GC(145)   Other: 0.2ms
[2025-10-15T05:21:07.974-0700][1246 ][debug][gc,remset   ] GC(145) Coarsening (recent): Inline->AoC 44177 (1) AoC->Howl 176 (5) Howl->Full 0 (0) Inline->AoC 760 (1) AoC->BitMap 116 (5) BitMap->Full 0 (0) 
[2025-10-15T05:21:07.974-0700][1246 ][debug][gc,remset   ] GC(145) Coarsening (all): Inline->AoC 3325878 (38) AoC->Howl 81070 (114) Howl->Full 0 (0) Inline->AoC 351453 (30) AoC->BitMap 87826 (102) BitMap->Full 0 (0) 
[2025-10-15T05:21:07.974-0700][1246 ][info ][gc,heap     ] GC(145) Eden regions: 3149->0(2613)
[2025-10-15T05:21:07.974-0700][1246 ][info ][gc,heap     ] GC(145) Survivor regions: 218->253(421)
[2025-10-15T05:21:07.974-0700][1246 ][info ][gc,heap     ] GC(145) Old regions: 984->984
[2025-10-15T05:21:07.974-0700][1246 ][info ][gc,heap     ] GC(145) Humongous regions: 12->0
[2025-10-15T05:21:07.974-0700][1246 ][info ][gc,metaspace] GC(145) Metaspace: 314583K(320320K)->314583K(320320K) NonClass: 277710K(280768K)->277710K(280768K) Class: 36872K(39552K)->36872K(39552K)
[2025-10-15T05:21:07.974-0700][1246 ][info ][gc          ] GC(145) Pause Young (Normal) (G1 Evacuation Pause) 139574M->39553M(184320M) 192.621ms
[2025-10-15T05:21:07.975-0700][1246 ][info ][gc,cpu      ] GC(145) User=17.03s Sys=0.37s Real=0.19s
[2025-10-15T05:21:07.976-0700][1246 ][info ][safepoint   ] Safepoint "G1CollectForAllocation", Time since last: 864196181 ns, Reaching safepoint: 879235 ns, Cleanup: 3896 ns, At safepoint: 196143508 ns, Total: 197026639 ns
[2025-10-15T05:21:08.977-0700][1246 ][info ][safepoint   ] Safepoint "Cleanup", Time since last: 1000061855 ns, Reaching safepoint: 737291 ns, Cleanup: 12148 ns, At safepoint: 155374 ns, Total: 904813 ns
[2025-10-15T05:21:09.978-0700][1246 ][info ][safepoint   ] Safepoint "Cleanup", Time since last: 1000093843 ns, Reaching safepoint: 730441 ns, Cleanup: 20110 ns, At safepoint: 142415 ns, Total: 892966 ns
[2025-10-15T05:21:10.980-0700][1246 ][info ][safepoint   ] Safepoint "Cleanup", Time since last: 1000110187 ns, Reaching safepoint: 874999 ns, Cleanup: 19770 ns, At safepoint: 480364 ns, Total: 1375133 ns
[2025-10-15T05:21:11.996-0700][1246 ][info ][safepoint   ] Safepoint "Cleanup", Time since last: 1000102626 ns, Reaching safepoint: 14512221 ns, Cleanup: 14222 ns, At safepoint: 2165944 ns, Total: 16692387 ns
[2025-10-15T05:21:12.998-0700][1246 ][info ][safepoint   ] Safepoint "Cleanup", Time since last: 1000110798 ns, Reaching safepoint: 840237 ns, Cleanup: 9965 ns, At safepoint: 954168 ns, Total: 1804370 ns
[2025-10-15T05:21:14.000-0700][1246 ][info ][safepoint   ] Safepoint "Cleanup", Time since last: 1000104208 ns, Reaching safepoint: 765013 ns, Cleanup: 13961 ns, At safepoint: 1030753 ns, Total: 1809727 ns
[2025-10-15T05:21:15.010-0700][1246 ][info ][safepoint   ] Safepoint "Cleanup", Time since last: 1000107975 ns, Reaching safepoint: 6842602 ns, Cleanup: 17827 ns, At safepoint: 2627249 ns, Total: 9487678 ns
[2025-10-15T05:21:16.012-0700][1246 ][info ][safepoint   ] Safepoint "Cleanup", Time since last: 1000101355 ns, Reaching safepoint: 862409 ns, Cleanup: 13941 ns, At safepoint: 965435 ns, Total: 1841785 ns
[2025-10-15T05:21:18.013-0700][1246 ][info ][safepoint   ] Safepoint "Cleanup", Time since last: 2000180375 ns, Reaching safepoint: 838794 ns, Cleanup: 10576 ns, At safepoint: 562418 ns, Total: 1411788 ns
[2025-10-15T05:21:18.755-0700][1246 ][info ][gc,start    ] GC(146) Pause Young (Normal) (G1 Evacuation Pause)
[2025-10-15T05:21:18.755-0700][1246 ][info ][gc,task     ] GC(146) Using 113 workers of 113 for evacuation
[2025-10-15T05:21:18.768-0700][1246 ][debug][gc,remset   ] GC(146) Visited cards 9127168 Total dirty 59375616 (15.37%) Total old 453443584 (2.01%)
[2025-10-15T05:21:18.972-0700][1246 ][info ][gc,mmu      ] GC(146) MMU target violated: 201.0ms (200.0ms/201.0ms)
[2025-10-15T05:21:18.972-0700][1246 ][info ][gc,phases   ] GC(146)   Pre Evacuate Collection Set: 0.7ms
[2025-10-15T05:21:18.972-0700][1246 ][info ][gc,phases   ] GC(146)   Merge Heap Roots: 12.3ms
[2025-10-15T05:21:18.972-0700][1246 ][info ][gc,phases   ] GC(146)   Evacuate Collection Set: 187.0ms
[2025-10-15T05:21:18.972-0700][1246 ][info ][gc,phases   ] GC(146)   Post Evacuate Collection Set: 16.3ms
[2025-10-15T05:21:18.972-0700][1246 ][info ][gc,phases   ] GC(146)   Other: 0.2ms
[2025-10-15T05:21:18.972-0700][1246 ][debug][gc,remset   ] GC(146) Coarsening (recent): Inline->AoC 29897 (0) AoC->Howl 102 (0) Howl->Full 0 (0) Inline->AoC 529 (0) AoC->BitMap 50 (0) BitMap->Full 0 (0) 
[2025-10-15T05:21:18.972-0700][1246 ][debug][gc,remset   ] GC(146) Coarsening (all): Inline->AoC 3355775 (38) AoC->Howl 81172 (114) Howl->Full 0 (0) Inline->AoC 351982 (30) AoC->BitMap 87876 (102) BitMap->Full 0 (0) 
[2025-10-15T05:21:18.972-0700][1246 ][info ][gc,heap     ] GC(146) Eden regions: 2707->0(2151)
[2025-10-15T05:21:18.972-0700][1246 ][info ][gc,heap     ] GC(146) Survivor regions: 253->258(370)
[2025-10-15T05:21:18.972-0700][1246 ][info ][gc,heap     ] GC(146) Old regions: 984->1034
[2025-10-15T05:21:18.972-0700][1246 ][info ][gc,heap     ] GC(146) Humongous regions: 15->0
[2025-10-15T05:21:18.972-0700][1246 ][info ][gc,metaspace] GC(146) Metaspace: 314634K(320448K)->314634K(320448K) NonClass: 277755K(280832K)->277755K(280832K) Class: 36878K(39616K)->36878K(39616K)
[2025-10-15T05:21:18.972-0700][1246 ][info ][gc          ] GC(146) Pause Young (Normal) (G1 Evacuation Pause) 126657M->41325M(184320M) 216.671ms
[2025-10-15T05:21:18.973-0700][1246 ][info ][gc,cpu      ] GC(146) User=20.10s Sys=0.27s Real=0.22s
[2025-10-15T05:21:18.974-0700][1246 ][info ][safepoint   ] Safepoint "G1CollectForAllocation", Time since last: 739787685 ns, Reaching safepoint: 801638 ns, Cleanup: 13760 ns, At safepoint: 220125021 ns, Total: 220940419 ns
[2025-10-15T05:21:19.975-0700][1246 ][info ][safepoint   ] Safepoint "Cleanup", Time since last: 1000091940 ns, Reaching safepoint: 1049462 ns, Cleanup: 19649 ns, At safepoint: 162645 ns, Total: 1231756 ns
[2025-10-15T05:21:21.977-0700][1246 ][info ][safepoint   ] Safepoint "Cleanup", Time since last: 2000161497 ns, Reaching safepoint: 922230 ns, Cleanup: 11687 ns, At safepoint: 189956 ns, Total: 1123873 ns
[2025-10-15T05:21:23.978-0700][1246 ][info ][safepoint   ] Safepoint "Cleanup", Time since last: 2000166124 ns, Reaching safepoint: 898404 ns, Cleanup: 20550 ns, At safepoint: 403709 ns, Total: 1322663 ns
[2025-10-15T05:21:24.980-0700][1246 ][info ][safepoint   ] Safepoint "Cleanup", Time since last: 1000118971 ns, Reaching safepoint: 865604 ns, Cleanup: 28794 ns, At safepoint: 659714 ns, Total: 1554112 ns
[2025-10-15T05:21:27.855-0700][1246 ][info ][gc,start    ] GC(147) Pause Young (Normal) (G1 Evacuation Pause)
[2025-10-15T05:21:27.855-0700][1246 ][info ][gc,task     ] GC(147) Using 113 workers of 113 for evacuation
[2025-10-15T05:21:27.868-0700][1246 ][debug][gc,remset   ] GC(147) Visited cards 9117952 Total dirty 62717952 (14.54%) Total old 397737984 (2.29%)
[2025-10-15T05:21:28.047-0700][1246 ][info ][gc,phases   ] GC(147)   Pre Evacuate Collection Set: 0.7ms
[2025-10-15T05:21:28.047-0700][1246 ][info ][gc,phases   ] GC(147)   Merge Heap Roots: 12.3ms
[2025-10-15T05:21:28.047-0700][1246 ][info ][gc,phases   ] GC(147)   Evacuate Collection Set: 165.6ms
[2025-10-15T05:21:28.047-0700][1246 ][info ][gc,phases   ] GC(147)   Post Evacuate Collection Set: 13.5ms
[2025-10-15T05:21:28.047-0700][1246 ][info ][gc,phases   ] GC(147)   Other: 0.2ms
[2025-10-15T05:21:28.047-0700][1246 ][debug][gc,remset   ] GC(147) Coarsening (recent): Inline->AoC 24906 (0) AoC->Howl 154 (0) Howl->Full 0 (0) Inline->AoC 533 (0) AoC->BitMap 110 (0) BitMap->Full 0 (0) 
[2025-10-15T05:21:28.047-0700][1246 ][debug][gc,remset   ] GC(147) Coarsening (all): Inline->AoC 3380681 (38) AoC->Howl 81326 (114) Howl->Full 0 (0) Inline->AoC 352515 (30) AoC->BitMap 87986 (102) BitMap->Full 0 (0) 
[2025-10-15T05:21:28.047-0700][1246 ][info ][gc,heap     ] GC(147) Eden regions: 2254->0(3283)
[2025-10-15T05:21:28.047-0700][1246 ][info ][gc,heap     ] GC(147) Survivor regions: 258->173(314)
[2025-10-15T05:21:28.047-0700][1246 ][info ][gc,heap     ] GC(147) Old regions: 1034->1145
[2025-10-15T05:21:28.047-0700][1246 ][info ][gc,heap     ] GC(147) Humongous regions: 11->0
[2025-10-15T05:21:28.047-0700][1246 ][info ][gc,metaspace] GC(147) Metaspace: 314658K(320512K)->314658K(320512K) NonClass: 277777K(280896K)->277777K(280896K) Class: 36881K(39616K)->36881K(39616K)
[2025-10-15T05:21:28.047-0700][1246 ][info ][gc          ] GC(147) Pause Young (Normal) (G1 Evacuation Pause) 113805M->42160M(184320M) 192.538ms
[2025-10-15T05:21:28.049-0700][1246 ][info ][gc,cpu      ] GC(147) User=18.71s Sys=0.25s Real=0.20s
[2025-10-15T05:21:28.050-0700][1246 ][info ][safepoint   ] Safepoint "G1CollectForAllocation", Time since last: 2872945360 ns, Reaching safepoint: 829400 ns, Cleanup: 63906 ns, At safepoint: 195931068 ns, Total: 196824374 ns
[2025-10-15T05:21:29.058-0700][1246 ][info ][safepoint   ] Safepoint "Cleanup", Time since last: 1000081634 ns, Reaching safepoint: 6562511 ns, Cleanup: 23185 ns, At safepoint: 1470656 ns, Total: 8056352 ns
[2025-10-15T05:21:30.059-0700][1246 ][info ][safepoint   ] Safepoint "Cleanup", Time since last: 1000081574 ns, Reaching safepoint: 829080 ns, Cleanup: 20391 ns, At safepoint: 465311 ns, Total: 1314782 ns
[2025-10-15T05:21:31.061-0700][1246 ][info ][safepoint   ] Safepoint "Cleanup", Time since last: 1000069095 ns, Reaching safepoint: 848940 ns, Cleanup: 10856 ns, At safepoint: 1030383 ns, Total: 1890179 ns
[2025-10-15T05:21:34.063-0700][1246 ][info ][safepoint   ] Safepoint "Cleanup", Time since last: 3000230692 ns, Reaching safepoint: 922230 ns, Cleanup: 10836 ns, At safepoint: 592193 ns, Total: 1525259 ns
[2025-10-15T05:21:35.065-0700][1246 ][info ][safepoint   ] Safepoint "Cleanup", Time since last: 1000108084 ns, Reaching safepoint: 880677 ns, Cleanup: 11698 ns, At safepoint: 825364 ns, Total: 1717739 ns
[2025-10-15T05:21:37.067-0700][1246 ][info ][safepoint   ] Safepoint "Cleanup", Time since last: 2000158511 ns, Reaching safepoint: 874598 ns, Cleanup: 13070 ns, At safepoint: 970673 ns, Total: 1858341 ns
[2025-10-15T05:21:40.069-0700][1246 ][info ][safepoint   ] Safepoint "Cleanup", Time since last: 3000230902 ns, Reaching safepoint: 1088120 ns, Cleanup: 14993 ns, At safepoint: 619874 ns, Total: 1722987 ns
[2025-10-15T05:21:41.071-0700][1246 ][info ][safepoint   ] Safepoint "Cleanup", Time since last: 1000104609 ns, Reaching safepoint: 879996 ns, Cleanup: 15193 ns, At safepoint: 1113017 ns, Total: 2008206 ns
[2025-10-15T05:21:42.073-0700][1246 ][info ][safepoint   ] Safepoint "Cleanup", Time since last: 1000108976 ns, Reaching safepoint: 1065315 ns, Cleanup: 12049 ns, At safepoint: 1331957 ns, Total: 2409321 ns
[2025-10-15T05:21:47.504-0700][1246 ][info ][gc,start    ] GC(148) Pause Young (Normal) (G1 Evacuation Pause)
[2025-10-15T05:21:47.504-0700][1246 ][info ][gc,task     ] GC(148) Using 113 workers of 113 for evacuation
[2025-10-15T05:21:47.519-0700][1246 ][debug][gc,remset   ] GC(148) Visited cards 9088000 Total dirty 69009408 (13.17%) Total old 529858560 (1.72%)
[2025-10-15T05:21:47.675-0700][1246 ][info ][gc,phases   ] GC(148)   Pre Evacuate Collection Set: 0.7ms
[2025-10-15T05:21:47.676-0700][1246 ][info ][gc,phases   ] GC(148)   Merge Heap Roots: 13.5ms
[2025-10-15T05:21:47.676-0700][1246 ][info ][gc,phases   ] GC(148)   Evacuate Collection Set: 141.0ms
[2025-10-15T05:21:47.676-0700][1246 ][info ][gc,phases   ] GC(148)   Post Evacuate Collection Set: 15.6ms
[2025-10-15T05:21:47.676-0700][1246 ][info ][gc,phases   ] GC(148)   Other: 0.2ms
[2025-10-15T05:21:47.676-0700][1246 ][debug][gc,remset   ] GC(148) Coarsening (recent): Inline->AoC 42247 (0) AoC->Howl 69 (0) Howl->Full 0 (0) Inline->AoC 244 (0) AoC->BitMap 68 (0) BitMap->Full 0 (0) 
[2025-10-15T05:21:47.676-0700][1246 ][debug][gc,remset   ] GC(148) Coarsening (all): Inline->AoC 3422928 (38) AoC->Howl 81395 (114) Howl->Full 0 (0) Inline->AoC 352759 (30) AoC->BitMap 88054 (102) BitMap->Full 0 (0) 
[2025-10-15T05:21:47.676-0700][1246 ][info ][gc,heap     ] GC(148) Eden regions: 3283->0(3246)
[2025-10-15T05:21:47.676-0700][1246 ][info ][gc,heap     ] GC(148) Survivor regions: 173->210(432)
[2025-10-15T05:21:47.676-0700][1246 ][info ][gc,heap     ] GC(148) Old regions: 1145->1145
[2025-10-15T05:21:47.676-0700][1246 ][info ][gc,heap     ] GC(148) Humongous regions: 28->0
[2025-10-15T05:21:47.676-0700][1246 ][info ][gc,metaspace] GC(148) Metaspace: 314848K(320704K)->314848K(320704K) NonClass: 277960K(281088K)->277960K(281088K) Class: 36888K(39616K)->36888K(39616K)
[2025-10-15T05:21:47.676-0700][1246 ][info ][gc          ] GC(148) Pause Young (Normal) (G1 Evacuation Pause) 148112M->43344M(184320M) 171.203ms
[2025-10-15T05:21:47.677-0700][1246 ][info ][gc,cpu      ] GC(148) User=14.79s Sys=0.26s Real=0.17s
[2025-10-15T05:21:47.678-0700][1246 ][info ][safepoint   ] Safepoint "G1CollectForAllocation", Time since last: 5429055052 ns, Reaching safepoint: 891163 ns, Cleanup: 6610 ns, At safepoint: 174538735 ns, Total: 175436508 ns
[2025-10-15T05:21:48.679-0700][1246 ][info ][safepoint   ] Safepoint "Cleanup", Time since last: 1000042670 ns, Reaching safepoint: 881649 ns, Cleanup: 11558 ns, At safepoint: 224187 ns, Total: 1117394 ns
[2025-10-15T05:21:49.681-0700][1246 ][info ][safepoint   ] Safepoint "Cleanup", Time since last: 1000115270 ns, Reaching safepoint: 1044855 ns, Cleanup: 17887 ns, At safepoint: 364940 ns, Total: 1427682 ns
[2025-10-15T05:21:50.682-0700][1246 ][info ][safepoint   ] Safepoint "Cleanup", Time since last: 1000111915 ns, Reaching safepoint: 818143 ns, Cleanup: 15022 ns, At safepoint: 251169 ns, Total: 1084334 ns
[2025-10-15T05:21:51.683-0700][1246 ][info ][safepoint   ] Safepoint "Cleanup", Time since last: 1000108049 ns, Reaching safepoint: 833306 ns, Cleanup: 12549 ns, At safepoint: 793996 ns, Total: 1639851 ns
[2025-10-15T05:21:52.685-0700][1246 ][info ][safepoint   ] Safepoint "Cleanup", Time since last: 1000108510 ns, Reaching safepoint: 715028 ns, Cleanup: 11427 ns, At safepoint: 786485 ns, Total: 1512940 ns
[2025-10-15T05:21:53.687-0700][1246 ][info ][safepoint   ] Safepoint "Cleanup", Time since last: 1000058615 ns, Reaching safepoint: 812635 ns, Cleanup: 22153 ns, At safepoint: 919616 ns, Total: 1754404 ns
[2025-10-15T05:21:54.689-0700][1246 ][info ][safepoint   ] Safepoint "Cleanup", Time since last: 1000105886 ns, Reaching safepoint: 1141510 ns, Cleanup: 24016 ns, At safepoint: 885475 ns, Total: 2051001 ns
[2025-10-15T05:21:55.691-0700][1246 ][info ][safepoint   ] Safepoint "Cleanup", Time since last: 1000106396 ns, Reaching safepoint: 921920 ns, Cleanup: 13440 ns, At safepoint: 727697 ns, Total: 1663057 ns
[2025-10-15T05:21:56.693-0700][1246 ][info ][safepoint   ] Safepoint "Cleanup", Time since last: 1000103582 ns, Reaching safepoint: 893667 ns, Cleanup: 14842 ns, At safepoint: 990293 ns, Total: 1898802 ns
[2025-10-15T05:21:58.695-0700][1246 ][info ][safepoint   ] Safepoint "Cleanup", Time since last: 2000167635 ns, Reaching safepoint: 846045 ns, Cleanup: 15693 ns, At safepoint: 1042932 ns, Total: 1904670 ns
[2025-10-15T05:21:59.698-0700][1246 ][info ][safepoint   ] Safepoint "Cleanup", Time since last: 1000111314 ns, Reaching safepoint: 924814 ns, Cleanup: 31087 ns, At safepoint: 2135638 ns, Total: 3091539 ns
[2025-10-15T05:22:00.458-0700][1246 ][info ][gc,start    ] GC(149) Pause Young (Normal) (G1 Evacuation Pause)
[2025-10-15T05:22:00.458-0700][1246 ][info ][gc,task     ] GC(149) Using 113 workers of 113 for evacuation
[2025-10-15T05:22:00.472-0700][1246 ][debug][gc,remset   ] GC(149) Visited cards 9218816 Total dirty 69337088 (13.30%) Total old 530186240 (1.74%)
[2025-10-15T05:22:00.688-0700][1246 ][info ][gc,mmu      ] GC(149) MMU target violated: 201.0ms (200.0ms/201.0ms)
[2025-10-15T05:22:00.688-0700][1246 ][info ][gc,phases   ] GC(149)   Pre Evacuate Collection Set: 0.8ms
[2025-10-15T05:22:00.688-0700][1246 ][info ][gc,phases   ] GC(149)   Merge Heap Roots: 13.2ms
[2025-10-15T05:22:00.688-0700][1246 ][info ][gc,phases   ] GC(149)   Evacuate Collection Set: 198.7ms
[2025-10-15T05:22:00.688-0700][1246 ][info ][gc,phases   ] GC(149)   Post Evacuate Collection Set: 16.7ms
[2025-10-15T05:22:00.688-0700][1246 ][info ][gc,phases   ] GC(149)   Other: 0.2ms
[2025-10-15T05:22:00.688-0700][1246 ][debug][gc,remset   ] GC(149) Coarsening (recent): Inline->AoC 23879 (0) AoC->Howl 42 (0) Howl->Full 0 (0) Inline->AoC 223 (0) AoC->BitMap 17 (0) BitMap->Full 0 (0) 
[2025-10-15T05:22:00.688-0700][1246 ][debug][gc,remset   ] GC(149) Coarsening (all): Inline->AoC 3446807 (38) AoC->Howl 81437 (114) Howl->Full 0 (0) Inline->AoC 352982 (30) AoC->BitMap 88071 (102) BitMap->Full 0 (0) 
[2025-10-15T05:22:00.688-0700][1246 ][info ][gc,heap     ] GC(149) Eden regions: 3246->0(1372)
[2025-10-15T05:22:00.688-0700][1246 ][info ][gc,heap     ] GC(149) Survivor regions: 210->280(432)
[2025-10-15T05:22:00.688-0700][1246 ][info ][gc,heap     ] GC(149) Old regions: 1145->1145
[2025-10-15T05:22:00.688-0700][1246 ][info ][gc,heap     ] GC(149) Humongous regions: 33->0
[2025-10-15T05:22:00.688-0700][1246 ][info ][gc,metaspace] GC(149) Metaspace: 314900K(320704K)->314900K(320704K) NonClass: 278007K(281088K)->278007K(281088K) Class: 36893K(39616K)->36893K(39616K)
[2025-10-15T05:22:00.688-0700][1246 ][info ][gc          ] GC(149) Pause Young (Normal) (G1 Evacuation Pause) 148272M->45579M(184320M) 229.803ms
[2025-10-15T05:22:00.689-0700][1246 ][info ][gc,cpu      ] GC(149) User=19.30s Sys=0.18s Real=0.23s
[2025-10-15T05:22:00.691-0700][1246 ][info ][safepoint   ] Safepoint "G1CollectForAllocation", Time since last: 757713280 ns, Reaching safepoint: 1341782 ns, Cleanup: 37406 ns, At safepoint: 233367455 ns, Total: 234746643 ns
[2025-10-15T05:22:01.937-0700][1246 ][info ][safepoint   ] Safepoint "Cleanup", Time since last: 1245086693 ns, Reaching safepoint: 1150354 ns, Cleanup: 18197 ns, At safepoint: 331369 ns, Total: 1499920 ns
[2025-10-15T05:22:03.938-0700][1246 ][info ][safepoint   ] Safepoint "Cleanup", Time since last: 2000192964 ns, Reaching safepoint: 788017 ns, Cleanup: 10116 ns, At safepoint: 170406 ns, Total: 968539 ns
[2025-10-15T05:22:04.940-0700][1246 ][info ][safepoint   ] Safepoint "Cleanup", Time since last: 1000100318 ns, Reaching safepoint: 801057 ns, Cleanup: 11357 ns, At safepoint: 555918 ns, Total: 1368332 ns
[2025-10-15T05:22:05.892-0700][1246 ][info ][gc,start    ] GC(150) Pause Young (Normal) (G1 Evacuation Pause)
[2025-10-15T05:22:05.892-0700][1246 ][info ][gc,task     ] GC(150) Using 113 workers of 113 for evacuation
[2025-10-15T05:22:05.906-0700][1246 ][debug][gc,remset   ] GC(150) Visited cards 9191936 Total dirty 69206016 (13.28%) Total old 318046208 (2.89%)
[2025-10-15T05:22:06.110-0700][1246 ][info ][gc,mmu      ] GC(150) MMU target violated: 201.0ms (200.0ms/201.0ms)
[2025-10-15T05:22:06.110-0700][1246 ][info ][gc,phases   ] GC(150)   Pre Evacuate Collection Set: 0.7ms
[2025-10-15T05:22:06.110-0700][1246 ][info ][gc,phases   ] GC(150)   Merge Heap Roots: 13.2ms
[2025-10-15T05:22:06.110-0700][1246 ][info ][gc,phases   ] GC(150)   Evacuate Collection Set: 192.7ms
[2025-10-15T05:22:06.110-0700][1246 ][info ][gc,phases   ] GC(150)   Post Evacuate Collection Set: 10.4ms
[2025-10-15T05:22:06.110-0700][1246 ][info ][gc,phases   ] GC(150)   Other: 0.2ms
[2025-10-15T05:22:06.110-0700][1246 ][debug][gc,remset   ] GC(150) Coarsening (recent): Inline->AoC 13111 (0) AoC->Howl 81 (4) Howl->Full 0 (0) Inline->AoC 344 (0) AoC->BitMap 52 (1) BitMap->Full 0 (0) 
[2025-10-15T05:22:06.110-0700][1246 ][debug][gc,remset   ] GC(150) Coarsening (all): Inline->AoC 3459918 (38) AoC->Howl 81518 (118) Howl->Full 0 (0) Inline->AoC 353326 (30) AoC->BitMap 88123 (103) BitMap->Full 0 (0) 
[2025-10-15T05:22:06.110-0700][1246 ][info ][gc,heap     ] GC(150) Eden regions: 1568->0(3299)
[2025-10-15T05:22:06.110-0700][1246 ][info ][gc,heap     ] GC(150) Survivor regions: 280->157(231)
[2025-10-15T05:22:06.110-0700][1246 ][info ][gc,heap     ] GC(150) Old regions: 1145->1308
[2025-10-15T05:22:06.110-0700][1246 ][info ][gc,heap     ] GC(150) Humongous regions: 12->0
[2025-10-15T05:22:06.110-0700][1246 ][info ][gc,metaspace] GC(150) Metaspace: 314907K(320768K)->314907K(320768K) NonClass: 278013K(281152K)->278013K(281152K) Class: 36893K(39616K)->36893K(39616K)
[2025-10-15T05:22:06.110-0700][1246 ][info ][gc          ] GC(150) Pause Young (Normal) (G1 Evacuation Pause) 96139M->46853M(184320M) 217.339ms
[2025-10-15T05:22:06.111-0700][1246 ][info ][gc,cpu      ] GC(150) User=19.67s Sys=0.20s Real=0.22s
[2025-10-15T05:22:06.112-0700][1246 ][info ][safepoint   ] Safepoint "G1CollectForAllocation", Time since last: 950412163 ns, Reaching safepoint: 945926 ns, Cleanup: 15082 ns, At safepoint: 221014308 ns, Total: 221975316 ns
[2025-10-15T05:22:06.824-0700][1246 ][info ][gc,start    ] GC(151) Pause Young (Concurrent Start) (G1 Humongous Allocation)
[2025-10-15T05:22:06.824-0700][1246 ][info ][gc,task     ] GC(151) Using 113 workers of 113 for evacuation
[2025-10-15T05:22:06.836-0700][1246 ][debug][gc,remset   ] GC(151) Visited cards 8712448 Total dirty 78643200 (11.08%) Total old 140902400 (6.18%)
[2025-10-15T05:22:06.944-0700][1246 ][info ][gc,phases   ] GC(151)   Pre Evacuate Collection Set: 0.9ms
[2025-10-15T05:22:06.944-0700][1246 ][info ][gc,phases   ] GC(151)   Merge Heap Roots: 10.5ms
[2025-10-15T05:22:06.944-0700][1246 ][info ][gc,phases   ] GC(151)   Evacuate Collection Set: 101.4ms
[2025-10-15T05:22:06.944-0700][1246 ][info ][gc,phases   ] GC(151)   Post Evacuate Collection Set: 7.2ms
[2025-10-15T05:22:06.944-0700][1246 ][info ][gc,phases   ] GC(151)   Other: 0.1ms
[2025-10-15T05:22:06.944-0700][1246 ][debug][gc,remset   ] GC(151) Coarsening (recent): Inline->AoC 4 (0) AoC->Howl 0 (0) Howl->Full 0 (0) Inline->AoC 0 (0) AoC->BitMap 0 (0) BitMap->Full 0 (0) 
[2025-10-15T05:22:06.944-0700][1246 ][debug][gc,remset   ] GC(151) Coarsening (all): Inline->AoC 3459922 (38) AoC->Howl 81518 (118) Howl->Full 0 (0) Inline->AoC 353326 (30) AoC->BitMap 88123 (103) BitMap->Full 0 (0) 
[2025-10-15T05:22:06.944-0700][1246 ][info ][gc,heap     ] GC(151) Eden regions: 264->0(3308)
[2025-10-15T05:22:06.944-0700][1246 ][info ][gc,heap     ] GC(151) Survivor regions: 157->148(432)
[2025-10-15T05:22:06.944-0700][1246 ][info ][gc,heap     ] GC(151) Old regions: 1308->1308
[2025-10-15T05:22:06.944-0700][1246 ][info ][gc,heap     ] GC(151) Humongous regions: 0->0
[2025-10-15T05:22:06.944-0700][1246 ][info ][gc,metaspace] GC(151) Metaspace: 314907K(320768K)->314907K(320768K) NonClass: 278013K(281152K)->278013K(281152K) Class: 36893K(39616K)->36893K(39616K)
[2025-10-15T05:22:06.944-0700][1246 ][info ][gc          ] GC(151) Pause Young (Concurrent Start) (G1 Humongous Allocation) 55295M->46565M(184320M) 120.233ms
[2025-10-15T05:22:06.945-0700][1085 ][info ][gc          ] GC(152) Concurrent Mark Cycle
[2025-10-15T05:22:06.945-0700][1085 ][info ][gc,marking  ] GC(152) Concurrent Scan Root Regions
[2025-10-15T05:22:06.946-0700][1246 ][info ][gc,cpu      ] GC(151) User=8.99s Sys=0.01s Real=0.12s
[2025-10-15T05:22:06.947-0700][1246 ][info ][safepoint   ] Safepoint "G1TryInitiateConcMark", Time since last: 710035765 ns, Reaching safepoint: 850912 ns, Cleanup: 7522 ns, At safepoint: 124333741 ns, Total: 125192175 ns
[2025-10-15T05:22:07.005-0700][1085 ][info ][gc,marking  ] GC(152) Concurrent Scan Root Regions 60.423ms
[2025-10-15T05:22:07.005-0700][1085 ][info ][gc,marking  ] GC(152) Concurrent Mark
[2025-10-15T05:22:07.005-0700][1085 ][info ][gc,marking  ] GC(152) Concurrent Mark From Roots
[2025-10-15T05:22:07.005-0700][1085 ][info ][gc,task     ] GC(152) Using 36 workers of 36 for marking
[2025-10-15T05:22:07.296-0700][1085 ][info ][gc,marking  ] GC(152) Concurrent Mark From Roots 290.440ms
[2025-10-15T05:22:07.296-0700][1085 ][info ][gc,marking  ] GC(152) Concurrent Preclean
[2025-10-15T05:22:07.324-0700][1085 ][info ][gc,marking  ] GC(152) Concurrent Preclean 27.987ms
[2025-10-15T05:22:07.326-0700][1246 ][info ][gc,start    ] GC(152) Pause Remark
[2025-10-15T05:22:08.163-0700][1246 ][info ][gc,mmu      ] GC(152) MMU target violated: 201.0ms (200.0ms/201.0ms)
[2025-10-15T05:22:08.163-0700][1246 ][info ][gc          ] GC(152) Pause Remark 51687M->50151M(184320M) 836.825ms
[2025-10-15T05:22:08.164-0700][1246 ][info ][gc,cpu      ] GC(152) User=12.10s Sys=0.70s Real=0.84s
[2025-10-15T05:22:08.166-0700][1246 ][info ][safepoint   ] Safepoint "G1PauseRemark", Time since last: 376438436 ns, Reaching safepoint: 869400 ns, Cleanup: 11938 ns, At safepoint: 840866228 ns, Total: 841747566 ns
[2025-10-15T05:22:08.166-0700][1085 ][info ][gc,marking  ] GC(152) Concurrent Mark 1160.537ms
[2025-10-15T05:22:08.166-0700][1085 ][info ][gc,marking  ] GC(152) Concurrent Rebuild Remembered Sets and Scrub Regions
[2025-10-15T05:22:08.529-0700][1085 ][info ][gc,marking  ] GC(152) Concurrent Rebuild Remembered Sets and Scrub Regions 363.328ms
[2025-10-15T05:22:08.542-0700][1246 ][info ][gc,start    ] GC(152) Pause Cleanup
[2025-10-15T05:22:08.544-0700][1246 ][info ][gc          ] GC(152) Pause Cleanup 54009M->54009M(184320M) 2.377ms
[2025-10-15T05:22:08.545-0700][1246 ][info ][gc,cpu      ] GC(152) User=0.02s Sys=0.00s Real=0.00s
[2025-10-15T05:22:08.546-0700][1246 ][info ][safepoint   ] Safepoint "G1PauseCleanup", Time since last: 363677113 ns, Reaching safepoint: 11541824 ns, Cleanup: 182054 ns, At safepoint: 4685282 ns, Total: 16409160 ns
[2025-10-15T05:22:08.546-0700][1085 ][info ][gc,marking  ] GC(152) Concurrent Clear Claimed Marks
[2025-10-15T05:22:08.546-0700][1085 ][info ][gc,marking  ] GC(152) Concurrent Clear Claimed Marks 0.799ms
[2025-10-15T05:22:08.546-0700][1085 ][info ][gc,marking  ] GC(152) Concurrent Cleanup for Next Mark
[2025-10-15T05:22:08.574-0700][1085 ][info ][gc,marking  ] GC(152) Concurrent Cleanup for Next Mark 27.874ms
[2025-10-15T05:22:08.574-0700][1085 ][info ][gc          ] GC(152) Concurrent Mark Cycle 1629.711ms
[2025-10-15T05:22:09.547-0700][1246 ][info ][safepoint   ] Safepoint "Cleanup", Time since last: 1000081979 ns, Reaching safepoint: 729690 ns, Cleanup: 22093 ns, At safepoint: 132630 ns, Total: 884413 ns
[2025-10-15T05:22:10.548-0700][1246 ][info ][safepoint   ] Safepoint "Cleanup", Time since last: 1000102100 ns, Reaching safepoint: 810061 ns, Cleanup: 10396 ns, At safepoint: 172359 ns, Total: 992816 ns
[2025-10-15T05:22:11.549-0700][1246 ][info ][safepoint   ] Safepoint "Cleanup", Time since last: 1000093257 ns, Reaching safepoint: 807617 ns, Cleanup: 22324 ns, At safepoint: 180632 ns, Total: 1010573 ns
[2025-10-15T05:22:12.551-0700][1246 ][info ][safepoint   ] Safepoint "Cleanup", Time since last: 1000101359 ns, Reaching safepoint: 930963 ns, Cleanup: 15634 ns, At safepoint: 651361 ns, Total: 1597958 ns
[2025-10-15T05:22:13.552-0700][1246 ][info ][safepoint   ] Safepoint "Cleanup", Time since last: 1000109311 ns, Reaching safepoint: 928970 ns, Cleanup: 13691 ns, At safepoint: 520014 ns, Total: 1462675 ns
[2025-10-15T05:22:15.553-0700][1246 ][info ][safepoint   ] Safepoint "Cleanup", Time since last: 2000145311 ns, Reaching safepoint: 813997 ns, Cleanup: 10706 ns, At safepoint: 296267 ns, Total: 1120970 ns
[2025-10-15T05:22:18.555-0700][1246 ][info ][safepoint   ] Safepoint "Cleanup", Time since last: 3000217526 ns, Reaching safepoint: 831463 ns, Cleanup: 12299 ns, At safepoint: 261634 ns, Total: 1105396 ns
[2025-10-15T05:22:19.556-0700][1246 ][info ][safepoint   ] Safepoint "Cleanup", Time since last: 1000101349 ns, Reaching safepoint: 944373 ns, Cleanup: 23936 ns, At safepoint: 287914 ns, Total: 1256223 ns
[2025-10-15T05:22:19.738-0700][1246 ][info ][gc,start    ] GC(153) Pause Young (Prepare Mixed) (G1 Evacuation Pause)
[2025-10-15T05:22:19.738-0700][1246 ][info ][gc,task     ] GC(153) Using 113 workers of 113 for evacuation
[2025-10-15T05:22:19.753-0700][1246 ][debug][gc,remset   ] GC(153) Visited cards 9511936 Total dirty 78839808 (12.06%) Total old 489488384 (1.94%)
[2025-10-15T05:22:19.898-0700][1246 ][info ][gc,phases   ] GC(153)   Pre Evacuate Collection Set: 0.8ms
[2025-10-15T05:22:19.898-0700][1246 ][info ][gc,phases   ] GC(153)   Merge Heap Roots: 14.2ms
[2025-10-15T05:22:19.898-0700][1246 ][info ][gc,phases   ] GC(153)   Evacuate Collection Set: 130.7ms
[2025-10-15T05:22:19.898-0700][1246 ][info ][gc,phases   ] GC(153)   Post Evacuate Collection Set: 14.0ms
[2025-10-15T05:22:19.898-0700][1246 ][info ][gc,phases   ] GC(153)   Other: 0.2ms
[2025-10-15T05:22:19.898-0700][1246 ][debug][gc,remset   ] GC(153) Coarsening (recent): Inline->AoC 163714 (0) AoC->Howl 9801 (0) Howl->Full 0 (0) Inline->AoC 37096 (0) AoC->BitMap 10953 (0) BitMap->Full 1 (0) 
[2025-10-15T05:22:19.898-0700][1246 ][debug][gc,remset   ] GC(153) Coarsening (all): Inline->AoC 3623636 (38) AoC->Howl 91319 (118) Howl->Full 0 (0) Inline->AoC 390422 (30) AoC->BitMap 99076 (103) BitMap->Full 1 (0) 
[2025-10-15T05:22:19.898-0700][1246 ][info ][gc,heap     ] GC(153) Eden regions: 2945->0(3084)
[2025-10-15T05:22:19.898-0700][1246 ][info ][gc,heap     ] GC(153) Survivor regions: 148->184(387)
[2025-10-15T05:22:19.898-0700][1246 ][info ][gc,heap     ] GC(153) Old regions: 1260->1260
[2025-10-15T05:22:19.898-0700][1246 ][info ][gc,heap     ] GC(153) Humongous regions: 23->0
[2025-10-15T05:22:19.898-0700][1246 ][info ][gc,metaspace] GC(153) Metaspace: 314729K(320768K)->314729K(320768K) NonClass: 277865K(281152K)->277865K(281152K) Class: 36864K(39616K)->36864K(39616K)
[2025-10-15T05:22:19.898-0700][1246 ][info ][gc          ] GC(153) Pause Young (Prepare Mixed) (G1 Evacuation Pause) 140005M->46181M(184320M) 160.133ms
[2025-10-15T05:22:19.899-0700][1246 ][info ][gc,cpu      ] GC(153) User=13.88s Sys=0.26s Real=0.17s
[2025-10-15T05:22:19.901-0700][1246 ][info ][safepoint   ] Safepoint "G1CollectForAllocation", Time since last: 179724951 ns, Reaching safepoint: 1152217 ns, Cleanup: 7271 ns, At safepoint: 163669574 ns, Total: 164829062 ns
[2025-10-15T05:22:20.902-0700][1246 ][info ][safepoint   ] Safepoint "Cleanup", Time since last: 1000086306 ns, Reaching safepoint: 832465 ns, Cleanup: 31307 ns, At safepoint: 336998 ns, Total: 1200770 ns
[2025-10-15T05:22:21.903-0700][1246 ][info ][safepoint   ] Safepoint "Cleanup", Time since last: 1000122791 ns, Reaching safepoint: 772164 ns, Cleanup: 15753 ns, At safepoint: 194293 ns, Total: 982210 ns
[2025-10-15T05:22:23.904-0700][1246 ][info ][safepoint   ] Safepoint "Cleanup", Time since last: 2000170109 ns, Reaching safepoint: 861168 ns, Cleanup: 13270 ns, At safepoint: 428255 ns, Total: 1302693 ns
[2025-10-15T05:22:25.906-0700][1246 ][info ][safepoint   ] Safepoint "Cleanup", Time since last: 2000172543 ns, Reaching safepoint: 844753 ns, Cleanup: 10746 ns, At safepoint: 240833 ns, Total: 1096332 ns
[2025-10-15T05:22:28.907-0700][1246 ][info ][safepoint   ] Safepoint "Cleanup", Time since last: 3000219590 ns, Reaching safepoint: 826556 ns, Cleanup: 13089 ns, At safepoint: 208314 ns, Total: 1047959 ns
[2025-10-15T05:22:29.909-0700][1246 ][info ][safepoint   ] Safepoint "Cleanup", Time since last: 1000100598 ns, Reaching safepoint: 814407 ns, Cleanup: 22644 ns, At safepoint: 625132 ns, Total: 1462183 ns
[2025-10-15T05:22:30.673-0700][1246 ][info ][gc,start    ] GC(154) Pause Young (Mixed) (G1 Evacuation Pause)
[2025-10-15T05:22:30.673-0700][1246 ][info ][gc,task     ] GC(154) Using 113 workers of 113 for evacuation
[2025-10-15T05:22:30.687-0700][1246 ][debug][gc,remset   ] GC(154) Visited cards 9393664 Total dirty 75169792 (12.50%) Total old 542441472 (1.73%)
[2025-10-15T05:22:30.865-0700][1246 ][info ][gc,phases   ] GC(154)   Pre Evacuate Collection Set: 0.8ms
[2025-10-15T05:22:30.865-0700][1246 ][info ][gc,phases   ] GC(154)   Merge Heap Roots: 13.1ms
[2025-10-15T05:22:30.865-0700][1246 ][info ][gc,phases   ] GC(154)   Evacuate Collection Set: 166.1ms
[2025-10-15T05:22:30.865-0700][1246 ][info ][gc,phases   ] GC(154)   Post Evacuate Collection Set: 12.6ms
[2025-10-15T05:22:30.865-0700][1246 ][info ][gc,phases   ] GC(154)   Other: 0.2ms
[2025-10-15T05:22:30.865-0700][1246 ][debug][gc,remset   ] GC(154) Coarsening (recent): Inline->AoC 15861 (0) AoC->Howl 11 (0) Howl->Full 0 (0) Inline->AoC 47 (0) AoC->BitMap 6 (0) BitMap->Full 0 (0) 
[2025-10-15T05:22:30.865-0700][1246 ][debug][gc,remset   ] GC(154) Coarsening (all): Inline->AoC 3639497 (38) AoC->Howl 91330 (118) Howl->Full 0 (0) Inline->AoC 390469 (30) AoC->BitMap 99082 (103) BitMap->Full 1 (0) 
[2025-10-15T05:22:30.865-0700][1246 ][info ][gc,heap     ] GC(154) Eden regions: 3272->0(1178)
[2025-10-15T05:22:30.865-0700][1246 ][info ][gc,heap     ] GC(154) Survivor regions: 184->257(432)
[2025-10-15T05:22:30.865-0700][1246 ][info ][gc,heap     ] GC(154) Old regions: 1260->1175
[2025-10-15T05:22:30.865-0700][1246 ][info ][gc,heap     ] GC(154) Humongous regions: 19->0
[2025-10-15T05:22:30.865-0700][1246 ][info ][gc,metaspace] GC(154) Metaspace: 314783K(320768K)->314783K(320768K) NonClass: 277913K(281152K)->277913K(281152K) Class: 36870K(39616K)->36870K(39616K)
[2025-10-15T05:22:30.865-0700][1246 ][info ][gc          ] GC(154) Pause Young (Mixed) (G1 Evacuation Pause) 151493M->45785M(184320M) 192.933ms
[2025-10-15T05:22:30.867-0700][1246 ][info ][gc,cpu      ] GC(154) User=18.66s Sys=0.19s Real=0.19s
[2025-10-15T05:22:30.868-0700][1246 ][info ][safepoint   ] Safepoint "G1CollectForAllocation", Time since last: 748982100 ns, Reaching safepoint: 13860779 ns, Cleanup: 7762 ns, At safepoint: 196473583 ns, Total: 210342124 ns
[2025-10-15T05:22:31.869-0700][1246 ][info ][safepoint   ] Safepoint "Cleanup", Time since last: 1000095709 ns, Reaching safepoint: 825224 ns, Cleanup: 15503 ns, At safepoint: 262205 ns, Total: 1102932 ns
[2025-10-15T05:22:34.870-0700][1246 ][info ][safepoint   ] Safepoint "Cleanup", Time since last: 3000226640 ns, Reaching safepoint: 905916 ns, Cleanup: 32889 ns, At safepoint: 181664 ns, Total: 1120469 ns
[2025-10-15T05:22:36.872-0700][1246 ][info ][safepoint   ] Safepoint "Cleanup", Time since last: 2000163339 ns, Reaching safepoint: 762689 ns, Cleanup: 10916 ns, At safepoint: 318951 ns, Total: 1092556 ns
[2025-10-15T05:22:37.051-0700][1246 ][debug][gc,jni      ] Setting _needs_gc. Thread "VM Thread" 1 locked.
[2025-10-15T05:22:37.051-0700][2093 ][debug][gc,jni      ] Performing GC after exiting critical section. Thread "http-worker-954" 0 locked.
[2025-10-15T05:22:37.051-0700][1246 ][info ][safepoint   ] Safepoint "G1CollectForAllocation", Time since last: 178408247 ns, Reaching safepoint: 896871 ns, Cleanup: 4868 ns, At safepoint: 241514 ns, Total: 1143253 ns
[2025-10-15T05:22:37.051-0700][22041][debug][gc,jni      ] Allocation failed. Thread stalled by JNI critical section. Thread "hive-prism-1418" 0 locked.
[2025-10-15T05:22:37.053-0700][1246 ][info ][gc,start    ] GC(155) Pause Young (Mixed) (GCLocker Initiated GC)
[2025-10-15T05:22:37.053-0700][1246 ][info ][gc,task     ] GC(155) Using 113 workers of 113 for evacuation
[2025-10-15T05:22:37.066-0700][1246 ][debug][gc,remset   ] GC(155) Visited cards 9232896 Total dirty 70320128 (13.13%) Total old 333643776 (2.77%)
[2025-10-15T05:22:37.235-0700][1246 ][info ][gc,phases   ] GC(155)   Pre Evacuate Collection Set: 0.8ms
[2025-10-15T05:22:37.235-0700][1246 ][info ][gc,phases   ] GC(155)   Merge Heap Roots: 12.4ms
[2025-10-15T05:22:37.235-0700][1246 ][info ][gc,phases   ] GC(155)   Evacuate Collection Set: 153.4ms
[2025-10-15T05:22:37.235-0700][1246 ][info ][gc,phases   ] GC(155)   Post Evacuate Collection Set: 15.6ms
[2025-10-15T05:22:37.235-0700][1246 ][info ][gc,phases   ] GC(155)   Other: 0.1ms
[2025-10-15T05:22:37.235-0700][1246 ][debug][gc,remset   ] GC(155) Coarsening (recent): Inline->AoC 12563 (1) AoC->Howl 10 (0) Howl->Full 0 (0) Inline->AoC 43 (0) AoC->BitMap 3 (0) BitMap->Full 0 (0) 
[2025-10-15T05:22:37.235-0700][1246 ][debug][gc,remset   ] GC(155) Coarsening (all): Inline->AoC 3652060 (39) AoC->Howl 91340 (118) Howl->Full 0 (0) Inline->AoC 390512 (30) AoC->BitMap 99085 (103) BitMap->Full 1 (0) 
[2025-10-15T05:22:37.235-0700][1246 ][info ][gc,heap     ] GC(155) Eden regions: 1654->0(3311)
[2025-10-15T05:22:37.235-0700][1246 ][info ][gc,heap     ] GC(155) Survivor regions: 257->145(239)
[2025-10-15T05:22:37.235-0700][1246 ][info ][gc,heap     ] GC(155) Old regions: 1175->1211
[2025-10-15T05:22:37.235-0700][1246 ][info ][gc,heap     ] GC(155) Humongous regions: 8->0
[2025-10-15T05:22:37.235-0700][1246 ][info ][gc,metaspace] GC(155) Metaspace: 314783K(320768K)->314783K(320768K) NonClass: 277913K(281152K)->277913K(281152K) Class: 36870K(39616K)->36870K(39616K)
[2025-10-15T05:22:37.235-0700][1246 ][info ][gc          ] GC(155) Pause Young (Mixed) (GCLocker Initiated GC) 98969M->43365M(184320M) 182.501ms
[2025-10-15T05:22:37.236-0700][1246 ][info ][gc,cpu      ] GC(155) User=17.43s Sys=0.12s Real=0.18s
[2025-10-15T05:22:37.238-0700][1246 ][info ][safepoint   ] Safepoint "G1CollectForAllocation", Time since last: 40701 ns, Reaching safepoint: 432251 ns, Cleanup: 1152 ns, At safepoint: 185972777 ns, Total: 186406180 ns
[2025-10-15T05:22:38.239-0700][1246 ][info ][safepoint   ] Safepoint "Cleanup", Time since last: 1000083092 ns, Reaching safepoint: 1117183 ns, Cleanup: 10787 ns, At safepoint: 397378 ns, Total: 1525348 ns
[2025-10-15T05:22:39.241-0700][1246 ][info ][safepoint   ] Safepoint "Cleanup", Time since last: 1000113518 ns, Reaching safepoint: 859415 ns, Cleanup: 14652 ns, At safepoint: 342326 ns, Total: 1216393 ns
[2025-10-15T05:22:40.242-0700][1246 ][info ][safepoint   ] Safepoint "Cleanup", Time since last: 1000100768 ns, Reaching safepoint: 859595 ns, Cleanup: 13391 ns, At safepoint: 457990 ns, Total: 1330976 ns
[2025-10-15T05:22:42.244-0700][1246 ][info ][safepoint   ] Safepoint "Cleanup", Time since last: 2000164951 ns, Reaching safepoint: 933146 ns, Cleanup: 10236 ns, At safepoint: 782389 ns, Total: 1725771 ns
[2025-10-15T05:22:46.245-0700][1246 ][info ][safepoint   ] Safepoint "Cleanup", Time since last: 4000298204 ns, Reaching safepoint: 828619 ns, Cleanup: 16284 ns, At safepoint: 202165 ns, Total: 1047068 ns
[2025-10-15T05:22:47.246-0700][1246 ][info ][safepoint   ] Safepoint "Cleanup", Time since last: 1000097273 ns, Reaching safepoint: 811373 ns, Cleanup: 12609 ns, At safepoint: 241423 ns, Total: 1065405 ns
[2025-10-15T05:22:48.248-0700][1246 ][info ][safepoint   ] Safepoint "Cleanup", Time since last: 1000097554 ns, Reaching safepoint: 916200 ns, Cleanup: 12389 ns, At safepoint: 338881 ns, Total: 1267470 ns
[2025-10-15T05:22:52.249-0700][1246 ][info ][safepoint   ] Safepoint "Cleanup", Time since last: 4000274938 ns, Reaching safepoint: 739815 ns, Cleanup: 23605 ns, At safepoint: 135965 ns, Total: 899385 ns
[2025-10-15T05:22:53.757-0700][1246 ][info ][gc,start    ] GC(156) Pause Young (Mixed) (G1 Evacuation Pause)
[2025-10-15T05:22:53.757-0700][1246 ][info ][gc,task     ] GC(156) Using 113 workers of 113 for evacuation
[2025-10-15T05:22:53.771-0700][1246 ][debug][gc,remset   ] GC(156) Visited cards 12086784 Total dirty 69992448 (17.27%) Total old 543424512 (2.22%)
[2025-10-15T05:22:53.901-0700][1246 ][debug][gc,remset   ] GC(156) Visited cards 1329152 Total dirty 58130432 (2.29%) Total old 558366720 (0.24%)
[2025-10-15T05:22:53.923-0700][1246 ][info ][gc,phases   ] GC(156)   Pre Evacuate Collection Set: 0.8ms
[2025-10-15T05:22:53.923-0700][1246 ][info ][gc,phases   ] GC(156)   Merge Heap Roots: 13.7ms
[2025-10-15T05:22:53.923-0700][1246 ][info ][gc,phases   ] GC(156)   Evacuate Collection Set: 128.6ms
[2025-10-15T05:22:53.923-0700][1246 ][info ][gc,phases   ] GC(156)   Merge Optional Heap Roots: 1.0ms
[2025-10-15T05:22:53.923-0700][1246 ][info ][gc,phases   ] GC(156)   Evacuate Optional Collection Set: 4.9ms
[2025-10-15T05:22:53.923-0700][1246 ][info ][gc,phases   ] GC(156)   Post Evacuate Collection Set: 17.1ms
[2025-10-15T05:22:53.923-0700][1246 ][info ][gc,phases   ] GC(156)   Other: 0.2ms
[2025-10-15T05:22:53.923-0700][1246 ][debug][gc,remset   ] GC(156) Coarsening (recent): Inline->AoC 67507 (0) AoC->Howl 732 (0) Howl->Full 0 (0) Inline->AoC 1695 (0) AoC->BitMap 619 (0) BitMap->Full 0 (0) 
[2025-10-15T05:22:53.923-0700][1246 ][debug][gc,remset   ] GC(156) Coarsening (all): Inline->AoC 3719567 (39) AoC->Howl 92072 (118) Howl->Full 0 (0) Inline->AoC 392207 (30) AoC->BitMap 99704 (103) BitMap->Full 1 (0) 
[2025-10-15T05:22:53.923-0700][1246 ][info ][gc,heap     ] GC(156) Eden regions: 3311->0(2582)
[2025-10-15T05:22:53.923-0700][1246 ][info ][gc,heap     ] GC(156) Survivor regions: 145->186(432)
[2025-10-15T05:22:53.923-0700][1246 ][info ][gc,heap     ] GC(156) Old regions: 1211->1051
[2025-10-15T05:22:53.923-0700][1246 ][info ][gc,heap     ] GC(156) Humongous regions: 19->0
[2025-10-15T05:22:53.923-0700][1246 ][info ][gc,metaspace] GC(156) Metaspace: 314848K(320768K)->314848K(320768K) NonClass: 277967K(281152K)->277967K(281152K) Class: 36881K(39616K)->36881K(39616K)
[2025-10-15T05:22:53.923-0700][1246 ][info ][gc          ] GC(156) Pause Young (Mixed) (G1 Evacuation Pause) 149925M->39564M(184320M) 166.492ms
[2025-10-15T05:22:53.924-0700][1246 ][info ][gc,cpu      ] GC(156) User=15.42s Sys=0.59s Real=0.17s
[2025-10-15T05:22:53.926-0700][1246 ][info ][safepoint   ] Safepoint "G1CollectForAllocation", Time since last: 1505783053 ns, Reaching safepoint: 864402 ns, Cleanup: 6791 ns, At safepoint: 169900143 ns, Total: 170771336 ns
[2025-10-15T05:22:57.927-0700][1246 ][info ][safepoint   ] Safepoint "Cleanup", Time since last: 4000261483 ns, Reaching safepoint: 760746 ns, Cleanup: 19269 ns, At safepoint: 152129 ns, Total: 932144 ns
[2025-10-15T05:23:02.961-0700][1246 ][info ][safepoint   ] Safepoint "Cleanup", Time since last: 5033622144 ns, Reaching safepoint: 644572 ns, Cleanup: 10035 ns, At safepoint: 107732 ns, Total: 762339 ns
[2025-10-15T05:23:04.962-0700][1246 ][info ][safepoint   ] Safepoint "Cleanup", Time since last: 2000115974 ns, Reaching safepoint: 695889 ns, Cleanup: 12549 ns, At safepoint: 175554 ns, Total: 883992 ns
[2025-10-15T05:23:06.964-0700][1246 ][info ][safepoint   ] Safepoint "Cleanup", Time since last: 2000126290 ns, Reaching safepoint: 950482 ns, Cleanup: 15163 ns, At safepoint: 351480 ns, Total: 1317125 ns
[2025-10-15T05:23:07.965-0700][1246 ][info ][safepoint   ] Safepoint "Cleanup", Time since last: 1000116410 ns, Reaching safepoint: 849370 ns, Cleanup: 9935 ns, At safepoint: 378460 ns, Total: 1237765 ns
[2025-10-15T05:23:13.966-0700][1246 ][info ][safepoint   ] Safepoint "Cleanup", Time since last: 6000374301 ns, Reaching safepoint: 812865 ns, Cleanup: 12069 ns, At safepoint: 216255 ns, Total: 1041189 ns
[2025-10-15T05:23:14.967-0700][1246 ][info ][safepoint   ] Safepoint "Cleanup", Time since last: 1000103661 ns, Reaching safepoint: 701057 ns, Cleanup: 11597 ns, At safepoint: 197528 ns, Total: 910182 ns
[2025-10-15T05:23:15.939-0700][1246 ][info ][gc,start    ] GC(157) Pause Young (Mixed) (G1 Evacuation Pause)
[2025-10-15T05:23:15.939-0700][1246 ][info ][gc,task     ] GC(157) Using 113 workers of 113 for evacuation
[2025-10-15T05:23:15.954-0700][1246 ][debug][gc,remset   ] GC(157) Visited cards 12058112 Total dirty 63242240 (19.07%) Total old 459866112 (2.62%)
[2025-10-15T05:23:16.102-0700][1246 ][info ][gc,phases   ] GC(157)   Pre Evacuate Collection Set: 0.7ms
[2025-10-15T05:23:16.102-0700][1246 ][info ][gc,phases   ] GC(157)   Merge Heap Roots: 14.2ms
[2025-10-15T05:23:16.102-0700][1246 ][info ][gc,phases   ] GC(157)   Evacuate Collection Set: 130.5ms
[2025-10-15T05:23:16.102-0700][1246 ][info ][gc,phases   ] GC(157)   Post Evacuate Collection Set: 16.6ms
[2025-10-15T05:23:16.102-0700][1246 ][info ][gc,phases   ] GC(157)   Other: 0.2ms
[2025-10-15T05:23:16.102-0700][1246 ][debug][gc,remset   ] GC(157) Coarsening (recent): Inline->AoC 49327 (0) AoC->Howl 256 (0) Howl->Full 0 (0) Inline->AoC 923 (0) AoC->BitMap 151 (0) BitMap->Full 0 (0) 
[2025-10-15T05:23:16.102-0700][1246 ][debug][gc,remset   ] GC(157) Coarsening (all): Inline->AoC 3768894 (39) AoC->Howl 92328 (118) Howl->Full 0 (0) Inline->AoC 393130 (30) AoC->BitMap 99855 (103) BitMap->Full 1 (0) 
[2025-10-15T05:23:16.102-0700][1246 ][info ][gc,heap     ] GC(157) Eden regions: 2750->0(2089)
[2025-10-15T05:23:16.102-0700][1246 ][info ][gc,heap     ] GC(157) Survivor regions: 186->210(367)
[2025-10-15T05:23:16.102-0700][1246 ][info ][gc,heap     ] GC(157) Old regions: 1051->972
[2025-10-15T05:23:16.102-0700][1246 ][info ][gc,heap     ] GC(157) Humongous regions: 8->0
[2025-10-15T05:23:16.102-0700][1246 ][info ][gc,metaspace] GC(157) Metaspace: 314895K(320768K)->314895K(320768K) NonClass: 278010K(281152K)->278010K(281152K) Class: 36885K(39616K)->36885K(39616K)
[2025-10-15T05:23:16.102-0700][1246 ][info ][gc          ] GC(157) Pause Young (Mixed) (G1 Evacuation Pause) 127820M->37810M(184320M) 162.346ms
[2025-10-15T05:23:16.103-0700][1246 ][info ][gc,cpu      ] GC(157) User=16.25s Sys=0.25s Real=0.16s
[2025-10-15T05:23:16.104-0700][1246 ][info ][safepoint   ] Safepoint "G1CollectForAllocation", Time since last: 970121124 ns, Reaching safepoint: 685644 ns, Cleanup: 4096 ns, At safepoint: 165648897 ns, Total: 166338637 ns
[2025-10-15T05:23:31.106-0700][1246 ][info ][safepoint   ] Safepoint "Cleanup", Time since last: 15001117892 ns, Reaching safepoint: 679655 ns, Cleanup: 10275 ns, At safepoint: 98929 ns, Total: 788859 ns
[2025-10-15T05:23:33.111-0700][1246 ][info ][safepoint   ] Safepoint "Cleanup", Time since last: 2000158428 ns, Reaching safepoint: 4893535 ns, Cleanup: 13460 ns, At safepoint: 320123 ns, Total: 5227118 ns
[2025-10-15T05:23:34.112-0700][1246 ][info ][safepoint   ] Safepoint "Cleanup", Time since last: 1000100856 ns, Reaching safepoint: 712724 ns, Cleanup: 16415 ns, At safepoint: 210187 ns, Total: 939326 ns
[2025-10-15T05:23:36.760-0700][1246 ][info ][gc,start    ] GC(158) Pause Young (Mixed) (G1 Evacuation Pause)
[2025-10-15T05:23:36.760-0700][1246 ][info ][gc,task     ] GC(158) Using 113 workers of 113 for evacuation
[2025-10-15T05:23:36.776-0700][1246 ][debug][gc,remset   ] GC(158) Visited cards 13121536 Total dirty 58195968 (22.55%) Total old 425394176 (3.08%)
[2025-10-15T05:23:36.951-0700][1246 ][info ][gc,phases   ] GC(158)   Pre Evacuate Collection Set: 0.8ms
[2025-10-15T05:23:36.951-0700][1246 ][info ][gc,phases   ] GC(158)   Merge Heap Roots: 14.9ms
[2025-10-15T05:23:36.951-0700][1246 ][info ][gc,phases   ] GC(158)   Evacuate Collection Set: 160.1ms
[2025-10-15T05:23:36.951-0700][1246 ][info ][gc,phases   ] GC(158)   Post Evacuate Collection Set: 14.5ms
[2025-10-15T05:23:36.951-0700][1246 ][info ][gc,phases   ] GC(158)   Other: 0.2ms
[2025-10-15T05:23:36.951-0700][1246 ][debug][gc,remset   ] GC(158) Coarsening (recent): Inline->AoC 28165 (5) AoC->Howl 157 (6) Howl->Full 0 (0) Inline->AoC 577 (2) AoC->BitMap 87 (0) BitMap->Full 0 (0) 
[2025-10-15T05:23:36.951-0700][1246 ][debug][gc,remset   ] GC(158) Coarsening (all): Inline->AoC 3797059 (44) AoC->Howl 92485 (124) Howl->Full 0 (0) Inline->AoC 393707 (32) AoC->BitMap 99942 (103) BitMap->Full 1 (0) 
[2025-10-15T05:23:36.951-0700][1246 ][info ][gc,heap     ] GC(158) Eden regions: 2501->0(2481)
[2025-10-15T05:23:36.951-0700][1246 ][info ][gc,heap     ] GC(158) Survivor regions: 210->191(339)
[2025-10-15T05:23:36.951-0700][1246 ][info ][gc,heap     ] GC(158) Old regions: 972->955
[2025-10-15T05:23:36.951-0700][1246 ][info ][gc,heap     ] GC(158) Humongous regions: 11->0
[2025-10-15T05:23:36.951-0700][1246 ][info ][gc,metaspace] GC(158) Metaspace: 314904K(320768K)->314904K(320768K) NonClass: 278018K(281152K)->278018K(281152K) Class: 36885K(39616K)->36885K(39616K)
[2025-10-15T05:23:36.951-0700][1246 ][info ][gc          ] GC(158) Pause Young (Mixed) (G1 Evacuation Pause) 118194M->36666M(184320M) 190.626ms
[2025-10-15T05:23:36.952-0700][1246 ][info ][gc,cpu      ] GC(158) User=17.80s Sys=0.28s Real=0.19s
[2025-10-15T05:23:36.953-0700][1246 ][info ][safepoint   ] Safepoint "G1CollectForAllocation", Time since last: 2646127287 ns, Reaching safepoint: 929541 ns, Cleanup: 4908 ns, At safepoint: 194258283 ns, Total: 195192732 ns
[2025-10-15T05:23:37.955-0700][1246 ][info ][safepoint   ] Safepoint "Cleanup", Time since last: 1000097091 ns, Reaching safepoint: 849440 ns, Cleanup: 28553 ns, At safepoint: 186411 ns, Total: 1064404 ns
[2025-10-15T05:23:38.956-0700][1246 ][info ][safepoint   ] Safepoint "Cleanup", Time since last: 1000110952 ns, Reaching safepoint: 763240 ns, Cleanup: 23255 ns, At safepoint: 145870 ns, Total: 932365 ns
[2025-10-15T05:23:39.957-0700][1246 ][info ][safepoint   ] Safepoint "Cleanup", Time since last: 1000109810 ns, Reaching safepoint: 784512 ns, Cleanup: 13020 ns, At safepoint: 156736 ns, Total: 954268 ns
[2025-10-15T05:23:40.958-0700][1246 ][info ][safepoint   ] Safepoint "Cleanup", Time since last: 1000098032 ns, Reaching safepoint: 938815 ns, Cleanup: 24067 ns, At safepoint: 396167 ns, Total: 1359049 ns
[2025-10-15T05:23:41.960-0700][1246 ][info ][safepoint   ] Safepoint "Cleanup", Time since last: 1000121648 ns, Reaching safepoint: 946055 ns, Cleanup: 41172 ns, At safepoint: 886356 ns, Total: 1873583 ns
[2025-10-15T05:23:42.962-0700][1246 ][info ][safepoint   ] Safepoint "Cleanup", Time since last: 1000109029 ns, Reaching safepoint: 746775 ns, Cleanup: 14733 ns, At safepoint: 1273799 ns, Total: 2035307 ns
[2025-10-15T05:23:44.964-0700][1246 ][info ][safepoint   ] Safepoint "Cleanup", Time since last: 2000176085 ns, Reaching safepoint: 955630 ns, Cleanup: 14963 ns, At safepoint: 651912 ns, Total: 1622505 ns
[2025-10-15T05:23:46.282-0700][1246 ][info ][gc,start    ] GC(159) Pause Young (Mixed) (G1 Evacuation Pause)
[2025-10-15T05:23:46.283-0700][1246 ][info ][gc,task     ] GC(159) Using 113 workers of 113 for evacuation
[2025-10-15T05:23:46.297-0700][1246 ][debug][gc,remset   ] GC(159) Visited cards 13955072 Total dirty 56950784 (24.50%) Total old 446169088 (3.13%)
[2025-10-15T05:23:46.473-0700][1246 ][info ][gc,phases   ] GC(159)   Pre Evacuate Collection Set: 0.8ms
[2025-10-15T05:23:46.473-0700][1246 ][info ][gc,phases   ] GC(159)   Merge Heap Roots: 13.5ms
[2025-10-15T05:23:46.473-0700][1246 ][info ][gc,phases   ] GC(159)   Evacuate Collection Set: 161.7ms
[2025-10-15T05:23:46.473-0700][1246 ][info ][gc,phases   ] GC(159)   Post Evacuate Collection Set: 14.4ms
[2025-10-15T05:23:46.473-0700][1246 ][info ][gc,phases   ] GC(159)   Other: 0.2ms
[2025-10-15T05:23:46.473-0700][1246 ][debug][gc,remset   ] GC(159) Coarsening (recent): Inline->AoC 48149 (1) AoC->Howl 386 (12) Howl->Full 0 (0) Inline->AoC 1344 (2) AoC->BitMap 261 (8) BitMap->Full 0 (0) 
[2025-10-15T05:23:46.473-0700][1246 ][debug][gc,remset   ] GC(159) Coarsening (all): Inline->AoC 3845208 (45) AoC->Howl 92871 (136) Howl->Full 0 (0) Inline->AoC 395051 (34) AoC->BitMap 100203 (111) BitMap->Full 1 (0) 
[2025-10-15T05:23:46.473-0700][1246 ][info ][gc,heap     ] GC(159) Eden regions: 2688->0(713)
[2025-10-15T05:23:46.473-0700][1246 ][info ][gc,heap     ] GC(159) Survivor regions: 191->241(360)
[2025-10-15T05:23:46.473-0700][1246 ][info ][gc,heap     ] GC(159) Old regions: 955->884
[2025-10-15T05:23:46.473-0700][1246 ][info ][gc,heap     ] GC(159) Humongous regions: 9->0
[2025-10-15T05:23:46.473-0700][1246 ][info ][gc,metaspace] GC(159) Metaspace: 315044K(320832K)->315044K(320832K) NonClass: 278147K(281216K)->278147K(281216K) Class: 36897K(39616K)->36897K(39616K)
[2025-10-15T05:23:46.473-0700][1246 ][info ][gc          ] GC(159) Pause Young (Mixed) (G1 Evacuation Pause) 122970M->35977M(184320M) 190.812ms
[2025-10-15T05:23:46.474-0700][1246 ][info ][gc,cpu      ] GC(159) User=18.15s Sys=0.39s Real=0.19s
[2025-10-15T05:23:46.476-0700][1246 ][info ][safepoint   ] Safepoint "G1CollectForAllocation", Time since last: 1316285714 ns, Reaching safepoint: 914498 ns, Cleanup: 15994 ns, At safepoint: 194285795 ns, Total: 195216287 ns
[2025-10-15T05:23:49.969-0700][1246 ][info ][gc,start    ] GC(160) Pause Young (Mixed) (G1 Evacuation Pause)
[2025-10-15T05:23:49.969-0700][1246 ][info ][gc,task     ] GC(160) Using 113 workers of 113 for evacuation
[2025-10-15T05:23:49.981-0700][1246 ][debug][gc,remset   ] GC(160) Visited cards 13549056 Total dirty 52690944 (25.71%) Total old 255328256 (5.31%)
[2025-10-15T05:23:50.164-0700][1246 ][info ][gc,phases   ] GC(160)   Pre Evacuate Collection Set: 0.7ms
[2025-10-15T05:23:50.164-0700][1246 ][info ][gc,phases   ] GC(160)   Merge Heap Roots: 11.2ms
[2025-10-15T05:23:50.164-0700][1246 ][info ][gc,phases   ] GC(160)   Evacuate Collection Set: 173.6ms
[2025-10-15T05:23:50.164-0700][1246 ][info ][gc,phases   ] GC(160)   Post Evacuate Collection Set: 9.3ms
[2025-10-15T05:23:50.164-0700][1246 ][info ][gc,phases   ] GC(160)   Other: 0.1ms
[2025-10-15T05:23:50.164-0700][1246 ][debug][gc,remset   ] GC(160) Coarsening (recent): Inline->AoC 28233 (0) AoC->Howl 156 (3) Howl->Full 0 (0) Inline->AoC 632 (1) AoC->BitMap 91 (5) BitMap->Full 0 (0) 
[2025-10-15T05:23:50.164-0700][1246 ][debug][gc,remset   ] GC(160) Coarsening (all): Inline->AoC 3873441 (45) AoC->Howl 93027 (139) Howl->Full 0 (0) Inline->AoC 395683 (35) AoC->BitMap 100294 (116) BitMap->Full 1 (0) 
[2025-10-15T05:23:50.164-0700][1246 ][info ][gc,heap     ] GC(160) Eden regions: 1225->0(3345)
[2025-10-15T05:23:50.164-0700][1246 ][info ][gc,heap     ] GC(160) Survivor regions: 241->111(184)
[2025-10-15T05:23:50.164-0700][1246 ][info ][gc,heap     ] GC(160) Old regions: 884->962
[2025-10-15T05:23:50.164-0700][1246 ][info ][gc,heap     ] GC(160) Humongous regions: 2->0
[2025-10-15T05:23:50.164-0700][1246 ][info ][gc,metaspace] GC(160) Metaspace: 315044K(320832K)->315044K(320832K) NonClass: 278147K(281216K)->278147K(281216K) Class: 36897K(39616K)->36897K(39616K)
[2025-10-15T05:23:50.164-0700][1246 ][info ][gc          ] GC(160) Pause Young (Mixed) (G1 Evacuation Pause) 75241M->34331M(184320M) 195.049ms
[2025-10-15T05:23:50.165-0700][1246 ][info ][gc,cpu      ] GC(160) User=16.72s Sys=0.25s Real=0.19s
[2025-10-15T05:23:50.166-0700][1246 ][info ][safepoint   ] Safepoint "G1CollectForAllocation", Time since last: 3491087013 ns, Reaching safepoint: 861018 ns, Cleanup: 6630 ns, At safepoint: 198415108 ns, Total: 199282756 ns
[2025-10-15T05:23:59.168-0700][1246 ][info ][safepoint   ] Safepoint "Cleanup", Time since last: 9000540314 ns, Reaching safepoint: 983082 ns, Cleanup: 11547 ns, At safepoint: 321114 ns, Total: 1315743 ns
[2025-10-15T05:24:00.880-0700][1246 ][info ][gc,start    ] GC(161) Pause Young (Normal) (G1 Evacuation Pause)
[2025-10-15T05:24:00.880-0700][1246 ][info ][gc,task     ] GC(161) Using 113 workers of 113 for evacuation
[2025-10-15T05:24:00.894-0700][1246 ][debug][gc,remset   ] GC(161) Visited cards 8126208 Total dirty 58327040 (13.93%) Total old 516423680 (1.57%)
[2025-10-15T05:24:00.996-0700][1246 ][info ][gc,phases   ] GC(161)   Pre Evacuate Collection Set: 0.7ms
[2025-10-15T05:24:00.996-0700][1246 ][info ][gc,phases   ] GC(161)   Merge Heap Roots: 13.9ms
[2025-10-15T05:24:00.996-0700][1246 ][info ][gc,phases   ] GC(161)   Evacuate Collection Set: 89.4ms
[2025-10-15T05:24:00.996-0700][1246 ][info ][gc,phases   ] GC(161)   Post Evacuate Collection Set: 11.8ms
[2025-10-15T05:24:00.996-0700][1246 ][info ][gc,phases   ] GC(161)   Other: 0.2ms
[2025-10-15T05:24:00.996-0700][1246 ][debug][gc,remset   ] GC(161) Coarsening (recent): Inline->AoC 16375 (1) AoC->Howl 28 (1) Howl->Full 0 (0) Inline->AoC 60 (0) AoC->BitMap 24 (0) BitMap->Full 0 (0) 
[2025-10-15T05:24:00.996-0700][1246 ][debug][gc,remset   ] GC(161) Coarsening (all): Inline->AoC 3889816 (46) AoC->Howl 93055 (140) Howl->Full 0 (0) Inline->AoC 395743 (35) AoC->BitMap 100318 (116) BitMap->Full 1 (0) 
[2025-10-15T05:24:00.996-0700][1246 ][info ][gc,heap     ] GC(161) Eden regions: 3345->0(3337)
[2025-10-15T05:24:00.996-0700][1246 ][info ][gc,heap     ] GC(161) Survivor regions: 111->119(432)
[2025-10-15T05:24:00.996-0700][1246 ][info ][gc,heap     ] GC(161) Old regions: 962->962
[2025-10-15T05:24:00.996-0700][1246 ][info ][gc,heap     ] GC(161) Humongous regions: 6->0
[2025-10-15T05:24:00.996-0700][1246 ][info ][gc,metaspace] GC(161) Metaspace: 315044K(320832K)->315044K(320832K) NonClass: 278147K(281216K)->278147K(281216K) Class: 36897K(39616K)->36897K(39616K)
[2025-10-15T05:24:00.996-0700][1246 ][info ][gc          ] GC(161) Pause Young (Normal) (G1 Evacuation Pause) 141563M->34587M(184320M) 116.152ms
[2025-10-15T05:24:00.997-0700][1246 ][info ][gc,cpu      ] GC(161) User=10.01s Sys=0.13s Real=0.11s
[2025-10-15T05:24:00.998-0700][1246 ][info ][safepoint   ] Safepoint "G1CollectForAllocation", Time since last: 1709553961 ns, Reaching safepoint: 1064444 ns, Cleanup: 4387 ns, At safepoint: 119780850 ns, Total: 120849681 ns
[2025-10-15T05:24:02.010-0700][1246 ][info ][safepoint   ] Safepoint "Cleanup", Time since last: 1010923516 ns, Reaching safepoint: 778694 ns, Cleanup: 22524 ns, At safepoint: 132460 ns, Total: 933678 ns
[2025-10-15T05:24:03.011-0700][1246 ][info ][safepoint   ] Safepoint "Cleanup", Time since last: 1000117250 ns, Reaching safepoint: 885945 ns, Cleanup: 11768 ns, At safepoint: 274834 ns, Total: 1172547 ns
[2025-10-15T05:24:07.014-0700][1246 ][info ][safepoint   ] Safepoint "Cleanup", Time since last: 4000531397 ns, Reaching safepoint: 995781 ns, Cleanup: 11257 ns, At safepoint: 730831 ns, Total: 1737869 ns
[2025-10-15T05:24:09.015-0700][1246 ][info ][safepoint   ] Safepoint "Cleanup", Time since last: 2000188422 ns, Reaching safepoint: 971204 ns, Cleanup: 15303 ns, At safepoint: 558722 ns, Total: 1545229 ns
[2025-10-15T05:24:12.017-0700][1246 ][info ][safepoint   ] Safepoint "Cleanup", Time since last: 3000244911 ns, Reaching safepoint: 927958 ns, Cleanup: 12529 ns, At safepoint: 418481 ns, Total: 1358968 ns
[2025-10-15T05:24:13.179-0700][1246 ][info ][gc,start    ] GC(162) Pause Young (Normal) (G1 Evacuation Pause)
[2025-10-15T05:24:13.180-0700][1246 ][info ][gc,task     ] GC(162) Using 113 workers of 113 for evacuation
[2025-10-15T05:24:13.194-0700][1246 ][debug][gc,remset   ] GC(162) Visited cards 8038144 Total dirty 58523648 (13.73%) Total old 516161536 (1.56%)
[2025-10-15T05:24:13.303-0700][1246 ][info ][gc,phases   ] GC(162)   Pre Evacuate Collection Set: 0.7ms
[2025-10-15T05:24:13.303-0700][1246 ][info ][gc,phases   ] GC(162)   Merge Heap Roots: 13.8ms
[2025-10-15T05:24:13.303-0700][1246 ][info ][gc,phases   ] GC(162)   Evacuate Collection Set: 97.4ms
[2025-10-15T05:24:13.303-0700][1246 ][info ][gc,phases   ] GC(162)   Post Evacuate Collection Set: 11.9ms
[2025-10-15T05:24:13.303-0700][1246 ][info ][gc,phases   ] GC(162)   Other: 0.2ms
[2025-10-15T05:24:13.303-0700][1246 ][debug][gc,remset   ] GC(162) Coarsening (recent): Inline->AoC 12569 (0) AoC->Howl 26 (1) Howl->Full 0 (0) Inline->AoC 105 (0) AoC->BitMap 16 (0) BitMap->Full 0 (0) 
[2025-10-15T05:24:13.303-0700][1246 ][debug][gc,remset   ] GC(162) Coarsening (all): Inline->AoC 3902385 (46) AoC->Howl 93081 (141) Howl->Full 0 (0) Inline->AoC 395848 (35) AoC->BitMap 100334 (116) BitMap->Full 1 (0) 
[2025-10-15T05:24:13.304-0700][1246 ][info ][gc,heap     ] GC(162) Eden regions: 3337->0(3315)
[2025-10-15T05:24:13.304-0700][1246 ][info ][gc,heap     ] GC(162) Survivor regions: 119->141(432)
[2025-10-15T05:24:13.304-0700][1246 ][info ][gc,heap     ] GC(162) Old regions: 962->962
[2025-10-15T05:24:13.304-0700][1246 ][info ][gc,heap     ] GC(162) Humongous regions: 2->0
[2025-10-15T05:24:13.304-0700][1246 ][info ][gc,metaspace] GC(162) Metaspace: 315046K(320832K)->315046K(320832K) NonClass: 278149K(281216K)->278149K(281216K) Class: 36897K(39616K)->36897K(39616K)
[2025-10-15T05:24:13.304-0700][1246 ][info ][gc          ] GC(162) Pause Young (Normal) (G1 Evacuation Pause) 141435M->35290M(184320M) 124.056ms
[2025-10-15T05:24:13.305-0700][1246 ][info ][gc,cpu      ] GC(162) User=11.04s Sys=0.12s Real=0.12s
[2025-10-15T05:24:13.306-0700][1246 ][info ][safepoint   ] Safepoint "G1CollectForAllocation", Time since last: 1160421603 ns, Reaching safepoint: 885945 ns, Cleanup: 4737 ns, At safepoint: 127637440 ns, Total: 128528122 ns
[2025-10-15T05:24:15.307-0700][1246 ][info ][safepoint   ] Safepoint "Cleanup", Time since last: 2000152949 ns, Reaching safepoint: 877803 ns, Cleanup: 10365 ns, At safepoint: 230918 ns, Total: 1119086 ns
[2025-10-15T05:24:17.308-0700][1246 ][info ][safepoint   ] Safepoint "Cleanup", Time since last: 2000170044 ns, Reaching safepoint: 765724 ns, Cleanup: 10005 ns, At safepoint: 110527 ns, Total: 886256 ns
[2025-10-15T05:24:22.310-0700][1246 ][info ][safepoint   ] Safepoint "Cleanup", Time since last: 5000369927 ns, Reaching safepoint: 881298 ns, Cleanup: 13621 ns, At safepoint: 289226 ns, Total: 1184145 ns
[2025-10-15T05:24:24.099-0700][1246 ][info ][gc,start    ] GC(163) Pause Young (Normal) (G1 Evacuation Pause)
[2025-10-15T05:24:24.099-0700][1246 ][info ][gc,task     ] GC(163) Using 113 workers of 113 for evacuation
[2025-10-15T05:24:24.113-0700][1246 ][debug][gc,remset   ] GC(163) Visited cards 8108288 Total dirty 58392576 (13.89%) Total old 516882432 (1.57%)
[2025-10-15T05:24:24.229-0700][1246 ][info ][gc,phases   ] GC(163)   Pre Evacuate Collection Set: 0.7ms
[2025-10-15T05:24:24.229-0700][1246 ][info ][gc,phases   ] GC(163)   Merge Heap Roots: 13.6ms
[2025-10-15T05:24:24.229-0700][1246 ][info ][gc,phases   ] GC(163)   Evacuate Collection Set: 103.0ms
[2025-10-15T05:24:24.229-0700][1246 ][info ][gc,phases   ] GC(163)   Post Evacuate Collection Set: 13.4ms
[2025-10-15T05:24:24.229-0700][1246 ][info ][gc,phases   ] GC(163)   Other: 0.2ms
[2025-10-15T05:24:24.229-0700][1246 ][debug][gc,remset   ] GC(163) Coarsening (recent): Inline->AoC 15778 (0) AoC->Howl 66 (6) Howl->Full 0 (0) Inline->AoC 304 (1) AoC->BitMap 42 (2) BitMap->Full 0 (0) 
[2025-10-15T05:24:24.229-0700][1246 ][debug][gc,remset   ] GC(163) Coarsening (all): Inline->AoC 3918163 (46) AoC->Howl 93147 (147) Howl->Full 0 (0) Inline->AoC 396152 (36) AoC->BitMap 100376 (118) BitMap->Full 1 (0) 
[2025-10-15T05:24:24.229-0700][1246 ][info ][gc,heap     ] GC(163) Eden regions: 3315->0(3299)
[2025-10-15T05:24:24.229-0700][1246 ][info ][gc,heap     ] GC(163) Survivor regions: 141->157(432)
[2025-10-15T05:24:24.229-0700][1246 ][info ][gc,heap     ] GC(163) Old regions: 962->962
[2025-10-15T05:24:24.229-0700][1246 ][info ][gc,heap     ] GC(163) Humongous regions: 13->0
[2025-10-15T05:24:24.229-0700][1246 ][info ][gc,metaspace] GC(163) Metaspace: 315054K(320832K)->315054K(320832K) NonClass: 278157K(281216K)->278157K(281216K) Class: 36897K(39616K)->36897K(39616K)
[2025-10-15T05:24:24.229-0700][1246 ][info ][gc          ] GC(163) Pause Young (Normal) (G1 Evacuation Pause) 141786M->35792M(184320M) 130.969ms
[2025-10-15T05:24:24.231-0700][1246 ][info ][gc,cpu      ] GC(163) User=11.76s Sys=0.25s Real=0.13s
[2025-10-15T05:24:24.232-0700][1246 ][info ][safepoint   ] Safepoint "G1CollectForAllocation", Time since last: 1786144900 ns, Reaching safepoint: 1378798 ns, Cleanup: 12809 ns, At safepoint: 134434915 ns, Total: 135826522 ns
[2025-10-15T05:24:27.233-0700][1246 ][info ][safepoint   ] Safepoint "Cleanup", Time since last: 3000205071 ns, Reaching safepoint: 858955 ns, Cleanup: 14812 ns, At safepoint: 354925 ns, Total: 1228692 ns
[2025-10-15T05:24:28.234-0700][1246 ][info ][safepoint   ] Safepoint "Cleanup", Time since last: 1000119684 ns, Reaching safepoint: 767777 ns, Cleanup: 11207 ns, At safepoint: 188735 ns, Total: 967719 ns
[2025-10-15T05:24:29.236-0700][1246 ][info ][safepoint   ] Safepoint "Cleanup", Time since last: 1000111041 ns, Reaching safepoint: 1117454 ns, Cleanup: 24928 ns, At safepoint: 507274 ns, Total: 1649656 ns
[2025-10-15T05:24:30.246-0700][1246 ][info ][safepoint   ] Safepoint "Cleanup", Time since last: 1000121137 ns, Reaching safepoint: 7231077 ns, Cleanup: 18338 ns, At safepoint: 2253005 ns, Total: 9502420 ns
[2025-10-15T05:24:31.248-0700][1246 ][info ][safepoint   ] Safepoint "Cleanup", Time since last: 1000117932 ns, Reaching safepoint: 1119357 ns, Cleanup: 12329 ns, At safepoint: 1229653 ns, Total: 2361339 ns
[2025-10-15T05:24:33.253-0700][1246 ][info ][safepoint   ] Safepoint "Cleanup", Time since last: 2000187410 ns, Reaching safepoint: 3029206 ns, Cleanup: 15934 ns, At safepoint: 1181710 ns, Total: 4226850 ns
[2025-10-15T05:24:33.257-0700][1246 ][info ][gc,start    ] GC(164) Pause Young (Normal) (G1 Evacuation Pause)
[2025-10-15T05:24:33.257-0700][1246 ][info ][gc,task     ] GC(164) Using 113 workers of 113 for evacuation
[2025-10-15T05:24:33.272-0700][1246 ][debug][gc,remset   ] GC(164) Visited cards 8332544 Total dirty 58392576 (14.27%) Total old 517013504 (1.61%)
[2025-10-15T05:24:33.416-0700][1246 ][info ][gc,phases   ] GC(164)   Pre Evacuate Collection Set: 0.7ms
[2025-10-15T05:24:33.416-0700][1246 ][info ][gc,phases   ] GC(164)   Merge Heap Roots: 14.1ms
[2025-10-15T05:24:33.416-0700][1246 ][info ][gc,phases   ] GC(164)   Evacuate Collection Set: 129.1ms
[2025-10-15T05:24:33.416-0700][1246 ][info ][gc,phases   ] GC(164)   Post Evacuate Collection Set: 14.6ms
[2025-10-15T05:24:33.416-0700][1246 ][info ][gc,phases   ] GC(164)   Other: 0.2ms
[2025-10-15T05:24:33.416-0700][1246 ][debug][gc,remset   ] GC(164) Coarsening (recent): Inline->AoC 23947 (1) AoC->Howl 58 (0) Howl->Full 0 (0) Inline->AoC 320 (0) AoC->BitMap 24 (0) BitMap->Full 0 (0) 
[2025-10-15T05:24:33.416-0700][1246 ][debug][gc,remset   ] GC(164) Coarsening (all): Inline->AoC 3942110 (47) AoC->Howl 93205 (147) Howl->Full 0 (0) Inline->AoC 396472 (36) AoC->BitMap 100400 (118) BitMap->Full 1 (0) 
[2025-10-15T05:24:33.416-0700][1246 ][info ][gc,heap     ] GC(164) Eden regions: 3299->0(3250)
[2025-10-15T05:24:33.416-0700][1246 ][info ][gc,heap     ] GC(164) Survivor regions: 157->206(432)
[2025-10-15T05:24:33.416-0700][1246 ][info ][gc,heap     ] GC(164) Old regions: 962->962
[2025-10-15T05:24:33.416-0700][1246 ][info ][gc,heap     ] GC(164) Humongous regions: 15->0
[2025-10-15T05:24:33.416-0700][1246 ][info ][gc,metaspace] GC(164) Metaspace: 315073K(320832K)->315073K(320832K) NonClass: 278175K(281216K)->278175K(281216K) Class: 36897K(39616K)->36897K(39616K)
[2025-10-15T05:24:33.416-0700][1246 ][info ][gc          ] GC(164) Pause Young (Normal) (G1 Evacuation Pause) 141840M->37362M(184320M) 158.913ms
[2025-10-15T05:24:33.417-0700][1246 ][info ][gc,cpu      ] GC(164) User=14.68s Sys=0.20s Real=0.16s
[2025-10-15T05:24:33.418-0700][1246 ][info ][safepoint   ] Safepoint "G1CollectForAllocation", Time since last: 1757359 ns, Reaching safepoint: 1294561 ns, Cleanup: 4887 ns, At safepoint: 162385018 ns, Total: 163684466 ns
[2025-10-15T05:24:34.419-0700][1246 ][info ][safepoint   ] Safepoint "Cleanup", Time since last: 1000082188 ns, Reaching safepoint: 781678 ns, Cleanup: 32229 ns, At safepoint: 146841 ns, Total: 960748 ns
[2025-10-15T05:24:35.421-0700][1246 ][info ][safepoint   ] Safepoint "Cleanup", Time since last: 1000105493 ns, Reaching safepoint: 766215 ns, Cleanup: 15263 ns, At safepoint: 612182 ns, Total: 1393660 ns
[2025-10-15T05:24:36.430-0700][1246 ][info ][safepoint   ] Safepoint "Cleanup", Time since last: 1000117381 ns, Reaching safepoint: 7294043 ns, Cleanup: 10556 ns, At safepoint: 2338164 ns, Total: 9642763 ns
[2025-10-15T05:24:37.432-0700][1246 ][info ][safepoint   ] Safepoint "Cleanup", Time since last: 1000107215 ns, Reaching safepoint: 1343936 ns, Cleanup: 30015 ns, At safepoint: 537510 ns, Total: 1911461 ns
[2025-10-15T05:24:38.435-0700][1246 ][info ][safepoint   ] Safepoint "Cleanup", Time since last: 1000103640 ns, Reaching safepoint: 1358828 ns, Cleanup: 13721 ns, At safepoint: 1529525 ns, Total: 2902074 ns
[2025-10-15T05:24:39.442-0700][1246 ][info ][safepoint   ] Safepoint "Cleanup", Time since last: 1000111552 ns, Reaching safepoint: 5090622 ns, Cleanup: 39019 ns, At safepoint: 1505118 ns, Total: 6634759 ns
[2025-10-15T05:24:40.444-0700][1246 ][info ][safepoint   ] Safepoint "Cleanup", Time since last: 1000105733 ns, Reaching safepoint: 916541 ns, Cleanup: 13972 ns, At safepoint: 1280069 ns, Total: 2210582 ns
[2025-10-15T05:24:41.446-0700][1246 ][info ][safepoint   ] Safepoint "Cleanup", Time since last: 1000110971 ns, Reaching safepoint: 897382 ns, Cleanup: 24397 ns, At safepoint: 912676 ns, Total: 1834455 ns
[2025-10-15T05:24:42.029-0700][1246 ][info ][gc,start    ] GC(165) Pause Young (Normal) (G1 Evacuation Pause)
[2025-10-15T05:24:42.029-0700][1246 ][info ][gc,task     ] GC(165) Using 113 workers of 113 for evacuation
[2025-10-15T05:24:42.044-0700][1246 ][debug][gc,remset   ] GC(165) Visited cards 8494592 Total dirty 58523648 (14.51%) Total old 517210112 (1.64%)
[2025-10-15T05:24:42.212-0700][1246 ][info ][gc,phases   ] GC(165)   Pre Evacuate Collection Set: 0.7ms
[2025-10-15T05:24:42.212-0700][1246 ][info ][gc,phases   ] GC(165)   Merge Heap Roots: 14.0ms
[2025-10-15T05:24:42.212-0700][1246 ][info ][gc,phases   ] GC(165)   Evacuate Collection Set: 152.2ms
[2025-10-15T05:24:42.212-0700][1246 ][info ][gc,phases   ] GC(165)   Post Evacuate Collection Set: 15.7ms
[2025-10-15T05:24:42.212-0700][1246 ][info ][gc,phases   ] GC(165)   Other: 0.2ms
[2025-10-15T05:24:42.212-0700][1246 ][debug][gc,remset   ] GC(165) Coarsening (recent): Inline->AoC 22875 (0) AoC->Howl 99 (0) Howl->Full 0 (0) Inline->AoC 450 (0) AoC->BitMap 55 (0) BitMap->Full 0 (0) 
[2025-10-15T05:24:42.212-0700][1246 ][debug][gc,remset   ] GC(165) Coarsening (all): Inline->AoC 3964985 (47) AoC->Howl 93304 (147) Howl->Full 0 (0) Inline->AoC 396922 (36) AoC->BitMap 100455 (118) BitMap->Full 1 (0) 
[2025-10-15T05:24:42.212-0700][1246 ][info ][gc,heap     ] GC(165) Eden regions: 3250->0(3210)
[2025-10-15T05:24:42.212-0700][1246 ][info ][gc,heap     ] GC(165) Survivor regions: 206->246(432)
[2025-10-15T05:24:42.212-0700][1246 ][info ][gc,heap     ] GC(165) Old regions: 962->962
[2025-10-15T05:24:42.212-0700][1246 ][info ][gc,heap     ] GC(165) Humongous regions: 18->0
[2025-10-15T05:24:42.212-0700][1246 ][info ][gc,metaspace] GC(165) Metaspace: 315210K(321024K)->315210K(321024K) NonClass: 278292K(281408K)->278292K(281408K) Class: 36917K(39616K)->36917K(39616K)
[2025-10-15T05:24:42.212-0700][1246 ][info ][gc          ] GC(165) Pause Young (Normal) (G1 Evacuation Pause) 141938M->38651M(184320M) 182.924ms
[2025-10-15T05:24:42.213-0700][1246 ][info ][gc,cpu      ] GC(165) User=16.67s Sys=0.23s Real=0.18s
[2025-10-15T05:24:42.214-0700][1246 ][info ][safepoint   ] Safepoint "G1CollectForAllocation", Time since last: 579619204 ns, Reaching safepoint: 1662596 ns, Cleanup: 13741 ns, At safepoint: 186428603 ns, Total: 188104940 ns
[2025-10-15T05:24:43.216-0700][1246 ][info ][safepoint   ] Safepoint "Cleanup", Time since last: 1000094727 ns, Reaching safepoint: 821768 ns, Cleanup: 18078 ns, At safepoint: 452361 ns, Total: 1292207 ns
[2025-10-15T05:24:44.217-0700][1246 ][info ][safepoint   ] Safepoint "Cleanup", Time since last: 1000080155 ns, Reaching safepoint: 794788 ns, Cleanup: 17787 ns, At safepoint: 517129 ns, Total: 1329704 ns
[2025-10-15T05:24:46.219-0700][1246 ][info ][safepoint   ] Safepoint "Cleanup", Time since last: 2000157566 ns, Reaching safepoint: 981729 ns, Cleanup: 12679 ns, At safepoint: 447344 ns, Total: 1441752 ns
[2025-10-15T05:24:48.221-0700][1246 ][info ][safepoint   ] Safepoint "Cleanup", Time since last: 2000186289 ns, Reaching safepoint: 1256964 ns, Cleanup: 18428 ns, At safepoint: 914679 ns, Total: 2190071 ns
[2025-10-15T05:24:49.223-0700][1246 ][info ][safepoint   ] Safepoint "Cleanup", Time since last: 1000114486 ns, Reaching safepoint: 1032827 ns, Cleanup: 20541 ns, At safepoint: 1386750 ns, Total: 2440118 ns
[2025-10-15T05:24:49.669-0700][1246 ][info ][gc,start    ] GC(166) Pause Young (Normal) (G1 Evacuation Pause)
[2025-10-15T05:24:49.669-0700][1246 ][info ][gc,task     ] GC(166) Using 113 workers of 113 for evacuation
[2025-10-15T05:24:49.682-0700][1246 ][debug][gc,remset   ] GC(166) Visited cards 8506880 Total dirty 58458112 (14.55%) Total old 516947968 (1.65%)
[2025-10-15T05:24:49.884-0700][1246 ][info ][gc,mmu      ] GC(166) MMU target violated: 201.0ms (200.0ms/201.0ms)
[2025-10-15T05:24:49.884-0700][1246 ][info ][gc,phases   ] GC(166)   Pre Evacuate Collection Set: 1.1ms
[2025-10-15T05:24:49.884-0700][1246 ][info ][gc,phases   ] GC(166)   Merge Heap Roots: 12.2ms
[2025-10-15T05:24:49.884-0700][1246 ][info ][gc,phases   ] GC(166)   Evacuate Collection Set: 186.0ms
[2025-10-15T05:24:49.884-0700][1246 ][info ][gc,phases   ] GC(166)   Post Evacuate Collection Set: 16.3ms
[2025-10-15T05:24:49.885-0700][1246 ][info ][gc,phases   ] GC(166)   Other: 0.2ms
[2025-10-15T05:24:49.885-0700][1246 ][debug][gc,remset   ] GC(166) Coarsening (recent): Inline->AoC 25518 (0) AoC->Howl 108 (0) Howl->Full 0 (0) Inline->AoC 460 (0) AoC->BitMap 91 (0) BitMap->Full 0 (0) 
[2025-10-15T05:24:49.885-0700][1246 ][debug][gc,remset   ] GC(166) Coarsening (all): Inline->AoC 3990503 (47) AoC->Howl 93412 (147) Howl->Full 0 (0) Inline->AoC 397382 (36) AoC->BitMap 100546 (118) BitMap->Full 1 (0) 
[2025-10-15T05:24:49.885-0700][1246 ][info ][gc,heap     ] GC(166) Eden regions: 3210->0(2685)
[2025-10-15T05:24:49.885-0700][1246 ][info ][gc,heap     ] GC(166) Survivor regions: 246->256(432)
[2025-10-15T05:24:49.885-0700][1246 ][info ][gc,heap     ] GC(166) Old regions: 962->999
[2025-10-15T05:24:49.885-0700][1246 ][info ][gc,heap     ] GC(166) Humongous regions: 14->0
[2025-10-15T05:24:49.885-0700][1246 ][info ][gc,metaspace] GC(166) Metaspace: 315246K(321152K)->315246K(321152K) NonClass: 278323K(281472K)->278323K(281472K) Class: 36923K(39680K)->36923K(39680K)
[2025-10-15T05:24:49.885-0700][1246 ][info ][gc          ] GC(166) Pause Young (Normal) (G1 Evacuation Pause) 141819M->40139M(184320M) 215.994ms
[2025-10-15T05:24:49.886-0700][1246 ][info ][gc,cpu      ] GC(166) User=19.80s Sys=0.18s Real=0.21s
[2025-10-15T05:24:49.887-0700][1246 ][info ][safepoint   ] Safepoint "G1CollectForAllocation", Time since last: 442164929 ns, Reaching safepoint: 1703548 ns, Cleanup: 5698 ns, At safepoint: 219640567 ns, Total: 221349813 ns
[2025-10-15T05:24:50.889-0700][1246 ][info ][safepoint   ] Safepoint "Cleanup", Time since last: 1000093575 ns, Reaching safepoint: 1067178 ns, Cleanup: 22725 ns, At safepoint: 564681 ns, Total: 1654584 ns
[2025-10-15T05:24:53.890-0700][1246 ][info ][safepoint   ] Safepoint "Cleanup", Time since last: 3000240274 ns, Reaching safepoint: 957593 ns, Cleanup: 14812 ns, At safepoint: 458030 ns, Total: 1430435 ns
[2025-10-15T05:24:54.892-0700][1246 ][info ][safepoint   ] Safepoint "Cleanup", Time since last: 1000117151 ns, Reaching safepoint: 1436014 ns, Cleanup: 17076 ns, At safepoint: 406322 ns, Total: 1859412 ns
[2025-10-15T05:24:55.894-0700][1246 ][info ][safepoint   ] Safepoint "Cleanup", Time since last: 1000113966 ns, Reaching safepoint: 787116 ns, Cleanup: 24046 ns, At safepoint: 371841 ns, Total: 1183003 ns
[2025-10-15T05:24:56.896-0700][1246 ][info ][safepoint   ] Safepoint "Cleanup", Time since last: 1000103209 ns, Reaching safepoint: 887908 ns, Cleanup: 21413 ns, At safepoint: 974138 ns, Total: 1883459 ns
[2025-10-15T05:24:57.899-0700][1246 ][info ][safepoint   ] Safepoint "Cleanup", Time since last: 1000072583 ns, Reaching safepoint: 1778841 ns, Cleanup: 19219 ns, At safepoint: 1007959 ns, Total: 2806019 ns
[2025-10-15T05:24:58.080-0700][1246 ][info ][gc,start    ] GC(167) Pause Young (Normal) (G1 Evacuation Pause)
[2025-10-15T05:24:58.080-0700][1246 ][info ][gc,task     ] GC(167) Using 113 workers of 113 for evacuation
[2025-10-15T05:24:58.094-0700][1246 ][debug][gc,remset   ] GC(167) Visited cards 8745728 Total dirty 60555264 (14.44%) Total old 434831360 (2.01%)
[2025-10-15T05:24:58.292-0700][1246 ][info ][gc,mmu      ] GC(167) MMU target violated: 201.0ms (200.0ms/201.0ms)
[2025-10-15T05:24:58.292-0700][1246 ][info ][gc,phases   ] GC(167)   Pre Evacuate Collection Set: 0.7ms
[2025-10-15T05:24:58.292-0700][1246 ][info ][gc,phases   ] GC(167)   Merge Heap Roots: 12.8ms
[2025-10-15T05:24:58.292-0700][1246 ][info ][gc,phases   ] GC(167)   Evacuate Collection Set: 182.7ms
[2025-10-15T05:24:58.292-0700][1246 ][info ][gc,phases   ] GC(167)   Post Evacuate Collection Set: 16.0ms
[2025-10-15T05:24:58.292-0700][1246 ][info ][gc,phases   ] GC(167)   Other: 0.2ms
[2025-10-15T05:24:58.292-0700][1246 ][debug][gc,remset   ] GC(167) Coarsening (recent): Inline->AoC 37900 (0) AoC->Howl 124 (0) Howl->Full 0 (0) Inline->AoC 548 (0) AoC->BitMap 106 (0) BitMap->Full 0 (0) 
[2025-10-15T05:24:58.292-0700][1246 ][debug][gc,remset   ] GC(167) Coarsening (all): Inline->AoC 4028403 (47) AoC->Howl 93536 (147) Howl->Full 0 (0) Inline->AoC 397930 (36) AoC->BitMap 100652 (118) BitMap->Full 1 (0) 
[2025-10-15T05:24:58.292-0700][1246 ][info ][gc,heap     ] GC(167) Eden regions: 2552->0(3229)
[2025-10-15T05:24:58.292-0700][1246 ][info ][gc,heap     ] GC(167) Survivor regions: 256->227(351)
[2025-10-15T05:24:58.292-0700][1246 ][info ][gc,heap     ] GC(167) Old regions: 999->1070
[2025-10-15T05:24:58.292-0700][1246 ][info ][gc,heap     ] GC(167) Humongous regions: 20->0
[2025-10-15T05:24:58.292-0700][1246 ][info ][gc,metaspace] GC(167) Metaspace: 315271K(321152K)->315271K(321152K) NonClass: 278347K(281472K)->278347K(281472K) Class: 36924K(39680K)->36924K(39680K)
[2025-10-15T05:24:58.292-0700][1246 ][info ][gc          ] GC(167) Pause Young (Normal) (G1 Evacuation Pause) 122443M->41485M(184320M) 212.472ms
[2025-10-15T05:24:58.294-0700][1246 ][info ][gc,cpu      ] GC(167) User=19.92s Sys=0.14s Real=0.21s
[2025-10-15T05:24:58.295-0700][1246 ][info ][safepoint   ] Safepoint "G1CollectForAllocation", Time since last: 179260761 ns, Reaching safepoint: 929361 ns, Cleanup: 5157 ns, At safepoint: 216062605 ns, Total: 216997123 ns
[2025-10-15T05:25:00.296-0700][1246 ][info ][safepoint   ] Safepoint "Cleanup", Time since last: 2000139929 ns, Reaching safepoint: 925875 ns, Cleanup: 11838 ns, At safepoint: 318340 ns, Total: 1256053 ns
[2025-10-15T05:25:02.044-0700][1246 ][info ][safepoint   ] Safepoint "Cleanup", Time since last: 1747073207 ns, Reaching safepoint: 867557 ns, Cleanup: 13721 ns, At safepoint: 294854 ns, Total: 1176132 ns
[2025-10-15T05:25:04.046-0700][1246 ][info ][safepoint   ] Safepoint "Cleanup", Time since last: 2000161002 ns, Reaching safepoint: 881669 ns, Cleanup: 21603 ns, At safepoint: 270467 ns, Total: 1173739 ns
[2025-10-15T05:25:05.057-0700][1246 ][info ][safepoint   ] Safepoint "Cleanup", Time since last: 1000102009 ns, Reaching safepoint: 9374909 ns, Cleanup: 12929 ns, At safepoint: 1824369 ns, Total: 11212207 ns
[2025-10-15T05:25:07.060-0700][1246 ][info ][safepoint   ] Safepoint "Cleanup", Time since last: 2000215074 ns, Reaching safepoint: 982901 ns, Cleanup: 12609 ns, At safepoint: 1467502 ns, Total: 2463012 ns
[2025-10-15T05:25:08.062-0700][1246 ][info ][safepoint   ] Safepoint "Cleanup", Time since last: 1000111683 ns, Reaching safepoint: 974258 ns, Cleanup: 22865 ns, At safepoint: 907017 ns, Total: 1904140 ns
[2025-10-15T05:25:08.421-0700][1246 ][info ][gc,start    ] GC(168) Pause Young (Normal) (G1 Evacuation Pause)
[2025-10-15T05:25:08.421-0700][1246 ][info ][gc,task     ] GC(168) Using 113 workers of 113 for evacuation
[2025-10-15T05:25:08.435-0700][1246 ][debug][gc,remset   ] GC(168) Visited cards 8969728 Total dirty 64421888 (13.92%) Total old 524288000 (1.71%)
[2025-10-15T05:25:08.634-0700][1246 ][info ][gc,mmu      ] GC(168) MMU target violated: 201.0ms (200.0ms/201.0ms)
[2025-10-15T05:25:08.634-0700][1246 ][info ][gc,phases   ] GC(168)   Pre Evacuate Collection Set: 0.8ms
[2025-10-15T05:25:08.634-0700][1246 ][info ][gc,phases   ] GC(168)   Merge Heap Roots: 13.1ms
[2025-10-15T05:25:08.634-0700][1246 ][info ][gc,phases   ] GC(168)   Evacuate Collection Set: 184.6ms
[2025-10-15T05:25:08.634-0700][1246 ][info ][gc,phases   ] GC(168)   Post Evacuate Collection Set: 15.2ms
[2025-10-15T05:25:08.634-0700][1246 ][info ][gc,phases   ] GC(168)   Other: 0.2ms
[2025-10-15T05:25:08.634-0700][1246 ][debug][gc,remset   ] GC(168) Coarsening (recent): Inline->AoC 34076 (0) AoC->Howl 133 (0) Howl->Full 0 (0) Inline->AoC 292 (0) AoC->BitMap 124 (0) BitMap->Full 0 (0) 
[2025-10-15T05:25:08.634-0700][1246 ][debug][gc,remset   ] GC(168) Coarsening (all): Inline->AoC 4062479 (47) AoC->Howl 93669 (147) Howl->Full 0 (0) Inline->AoC 398222 (36) AoC->BitMap 100776 (118) BitMap->Full 1 (0) 
[2025-10-15T05:25:08.634-0700][1246 ][info ][gc,heap     ] GC(168) Eden regions: 3229->0(977)
[2025-10-15T05:25:08.634-0700][1246 ][info ][gc,heap     ] GC(168) Survivor regions: 227->287(432)
[2025-10-15T05:25:08.634-0700][1246 ][info ][gc,heap     ] GC(168) Old regions: 1070->1070
[2025-10-15T05:25:08.634-0700][1246 ][info ][gc,heap     ] GC(168) Humongous regions: 18->0
[2025-10-15T05:25:08.634-0700][1246 ][info ][gc,metaspace] GC(168) Metaspace: 315408K(321280K)->315408K(321280K) NonClass: 278480K(281600K)->278480K(281600K) Class: 36928K(39680K)->36928K(39680K)
[2025-10-15T05:25:08.635-0700][1246 ][info ][gc          ] GC(168) Pause Young (Normal) (G1 Evacuation Pause) 145389M->43405M(184320M) 213.988ms
[2025-10-15T05:25:08.636-0700][1246 ][info ][gc,cpu      ] GC(168) User=20.10s Sys=0.25s Real=0.21s
[2025-10-15T05:25:08.637-0700][1246 ][info ][safepoint   ] Safepoint "G1CollectForAllocation", Time since last: 356388347 ns, Reaching safepoint: 1088000 ns, Cleanup: 5588 ns, At safepoint: 217679432 ns, Total: 218773020 ns
[2025-10-15T05:25:09.639-0700][1246 ][info ][safepoint   ] Safepoint "Cleanup", Time since last: 1000089399 ns, Reaching safepoint: 990583 ns, Cleanup: 36024 ns, At safepoint: 771193 ns, Total: 1797800 ns
[2025-10-15T05:25:10.640-0700][1246 ][info ][safepoint   ] Safepoint "Cleanup", Time since last: 1000113515 ns, Reaching safepoint: 891754 ns, Cleanup: 11498 ns, At safepoint: 287803 ns, Total: 1191055 ns
[2025-10-15T05:25:13.235-0700][1246 ][info ][gc,start    ] GC(169) Pause Young (Normal) (G1 Evacuation Pause)
[2025-10-15T05:25:13.235-0700][1246 ][info ][gc,task     ] GC(169) Using 113 workers of 113 for evacuation
[2025-10-15T05:25:13.247-0700][1246 ][debug][gc,remset   ] GC(169) Visited cards 8839168 Total dirty 64421888 (13.72%) Total old 260112384 (3.40%)
[2025-10-15T05:25:13.421-0700][1246 ][info ][gc,phases   ] GC(169)   Pre Evacuate Collection Set: 0.7ms
[2025-10-15T05:25:13.421-0700][1246 ][info ][gc,phases   ] GC(169)   Merge Heap Roots: 11.1ms
[2025-10-15T05:25:13.421-0700][1246 ][info ][gc,phases   ] GC(169)   Evacuate Collection Set: 166.5ms
[2025-10-15T05:25:13.421-0700][1246 ][info ][gc,phases   ] GC(169)   Post Evacuate Collection Set: 8.1ms
[2025-10-15T05:25:13.421-0700][1246 ][info ][gc,phases   ] GC(169)   Other: 0.1ms
[2025-10-15T05:25:13.421-0700][1246 ][debug][gc,remset   ] GC(169) Coarsening (recent): Inline->AoC 21229 (0) AoC->Howl 71 (0) Howl->Full 0 (0) Inline->AoC 332 (0) AoC->BitMap 45 (0) BitMap->Full 0 (0) 
[2025-10-15T05:25:13.421-0700][1246 ][debug][gc,remset   ] GC(169) Coarsening (all): Inline->AoC 4083708 (47) AoC->Howl 93740 (147) Howl->Full 0 (0) Inline->AoC 398554 (36) AoC->BitMap 100821 (118) BitMap->Full 1 (0) 
[2025-10-15T05:25:13.421-0700][1246 ][info ][gc,heap     ] GC(169) Eden regions: 1161->0(3383)
[2025-10-15T05:25:13.421-0700][1246 ][info ][gc,heap     ] GC(169) Survivor regions: 287->73(181)
[2025-10-15T05:25:13.421-0700][1246 ][info ][gc,heap     ] GC(169) Old regions: 1070->1314
[2025-10-15T05:25:13.421-0700][1246 ][info ][gc,heap     ] GC(169) Humongous regions: 3->0
[2025-10-15T05:25:13.421-0700][1246 ][info ][gc,metaspace] GC(169) Metaspace: 315424K(321344K)->315424K(321344K) NonClass: 278495K(281664K)->278495K(281664K) Class: 36928K(39680K)->36928K(39680K)
[2025-10-15T05:25:13.421-0700][1246 ][info ][gc          ] GC(169) Pause Young (Normal) (G1 Evacuation Pause) 80653M->44355M(184320M) 186.706ms
[2025-10-15T05:25:13.423-0700][1246 ][info ][gc,cpu      ] GC(169) User=19.27s Sys=0.15s Real=0.19s
[2025-10-15T05:25:13.424-0700][1246 ][info ][safepoint   ] Safepoint "G1CollectForAllocation", Time since last: 2592630464 ns, Reaching safepoint: 779545 ns, Cleanup: 4747 ns, At safepoint: 190195952 ns, Total: 190980244 ns
[2025-10-15T05:25:13.706-0700][1246 ][info ][gc,start    ] GC(170) Pause Young (Concurrent Start) (G1 Humongous Allocation)
[2025-10-15T05:25:13.706-0700][1246 ][info ][gc,task     ] GC(170) Using 113 workers of 113 for evacuation
[2025-10-15T05:25:13.713-0700][1246 ][debug][gc,remset   ] GC(170) Visited cards 7674368 Total dirty 78053376 (9.83%) Total old 107085824 (7.17%)
[2025-10-15T05:25:13.756-0700][1246 ][info ][gc,phases   ] GC(170)   Pre Evacuate Collection Set: 0.9ms
[2025-10-15T05:25:13.756-0700][1246 ][info ][gc,phases   ] GC(170)   Merge Heap Roots: 6.7ms
[2025-10-15T05:25:13.756-0700][1246 ][info ][gc,phases   ] GC(170)   Evacuate Collection Set: 36.9ms
[2025-10-15T05:25:13.756-0700][1246 ][info ][gc,phases   ] GC(170)   Post Evacuate Collection Set: 6.1ms
[2025-10-15T05:25:13.756-0700][1246 ][info ][gc,phases   ] GC(170)   Other: 0.1ms
[2025-10-15T05:25:13.756-0700][1246 ][debug][gc,remset   ] GC(170) Coarsening (recent): Inline->AoC 0 (0) AoC->Howl 0 (0) Howl->Full 0 (0) Inline->AoC 0 (0) AoC->BitMap 0 (0) BitMap->Full 0 (0) 
[2025-10-15T05:25:13.756-0700][1246 ][debug][gc,remset   ] GC(170) Coarsening (all): Inline->AoC 4083708 (47) AoC->Howl 93740 (147) Howl->Full 0 (0) Inline->AoC 398554 (36) AoC->BitMap 100821 (118) BitMap->Full 1 (0) 
[2025-10-15T05:25:13.756-0700][1246 ][info ][gc,heap     ] GC(170) Eden regions: 87->0(2200)
[2025-10-15T05:25:13.756-0700][1246 ][info ][gc,heap     ] GC(170) Survivor regions: 73->60(432)
[2025-10-15T05:25:13.756-0700][1246 ][info ][gc,heap     ] GC(170) Old regions: 1314->1314
[2025-10-15T05:25:13.756-0700][1246 ][info ][gc,heap     ] GC(170) Humongous regions: 0->0
[2025-10-15T05:25:13.756-0700][1246 ][info ][gc,metaspace] GC(170) Metaspace: 315424K(321344K)->315424K(321344K) NonClass: 278495K(281664K)->278495K(281664K) Class: 36928K(39680K)->36928K(39680K)
[2025-10-15T05:25:13.756-0700][1246 ][info ][gc          ] GC(170) Pause Young (Concurrent Start) (G1 Humongous Allocation) 47111M->43912M(184320M) 50.884ms
[2025-10-15T05:25:13.757-0700][1085 ][info ][gc          ] GC(171) Concurrent Mark Cycle
[2025-10-15T05:25:13.757-0700][1085 ][info ][gc,marking  ] GC(171) Concurrent Scan Root Regions
[2025-10-15T05:25:13.758-0700][1246 ][info ][gc,cpu      ] GC(170) User=4.41s Sys=0.14s Real=0.05s
[2025-10-15T05:25:13.760-0700][1246 ][info ][safepoint   ] Safepoint "G1TryInitiateConcMark", Time since last: 279957229 ns, Reaching safepoint: 756360 ns, Cleanup: 5729 ns, At safepoint: 55145789 ns, Total: 55907878 ns
[2025-10-15T05:25:13.777-0700][1085 ][info ][gc,marking  ] GC(171) Concurrent Scan Root Regions 19.774ms
[2025-10-15T05:25:13.777-0700][1085 ][info ][gc,marking  ] GC(171) Concurrent Mark
[2025-10-15T05:25:13.777-0700][1085 ][info ][gc,marking  ] GC(171) Concurrent Mark From Roots
[2025-10-15T05:25:13.777-0700][1085 ][info ][gc,task     ] GC(171) Using 36 workers of 36 for marking
[2025-10-15T05:25:14.091-0700][1085 ][info ][gc,marking  ] GC(171) Concurrent Mark From Roots 314.182ms
[2025-10-15T05:25:14.091-0700][1085 ][info ][gc,marking  ] GC(171) Concurrent Preclean
[2025-10-15T05:25:14.112-0700][1085 ][info ][gc,marking  ] GC(171) Concurrent Preclean 21.135ms
[2025-10-15T05:25:14.114-0700][1246 ][info ][gc,start    ] GC(171) Pause Remark
[2025-10-15T05:25:14.333-0700][1246 ][info ][gc,mmu      ] GC(171) MMU target violated: 201.0ms (200.0ms/201.0ms)
[2025-10-15T05:25:14.333-0700][1246 ][info ][gc          ] GC(171) Pause Remark 46849M->45473M(184320M) 219.221ms
[2025-10-15T05:25:14.334-0700][1246 ][info ][gc,cpu      ] GC(171) User=13.39s Sys=0.22s Real=0.22s
[2025-10-15T05:25:14.340-0700][1246 ][info ][safepoint   ] Safepoint "G1PauseRemark", Time since last: 352520158 ns, Reaching safepoint: 855098 ns, Cleanup: 15744 ns, At safepoint: 226613596 ns, Total: 227484438 ns
[2025-10-15T05:25:14.340-0700][1085 ][info ][gc,marking  ] GC(171) Concurrent Mark 563.009ms
[2025-10-15T05:25:14.340-0700][1085 ][info ][gc,marking  ] GC(171) Concurrent Rebuild Remembered Sets and Scrub Regions
[2025-10-15T05:25:14.743-0700][1085 ][info ][gc,marking  ] GC(171) Concurrent Rebuild Remembered Sets and Scrub Regions 402.850ms
[2025-10-15T05:25:14.745-0700][1246 ][info ][gc,start    ] GC(171) Pause Cleanup
[2025-10-15T05:25:14.747-0700][1246 ][info ][gc          ] GC(171) Pause Cleanup 48400M->48400M(184320M) 2.240ms
[2025-10-15T05:25:14.748-0700][1246 ][info ][gc,cpu      ] GC(171) User=0.02s Sys=0.00s Real=0.00s
[2025-10-15T05:25:14.748-0700][1246 ][info ][safepoint   ] Safepoint "G1PauseCleanup", Time since last: 403060987 ns, Reaching safepoint: 825694 ns, Cleanup: 88734 ns, At safepoint: 4724000 ns, Total: 5638428 ns
[2025-10-15T05:25:14.748-0700][1085 ][info ][gc,marking  ] GC(171) Concurrent Clear Claimed Marks
[2025-10-15T05:25:14.749-0700][1085 ][info ][gc,marking  ] GC(171) Concurrent Clear Claimed Marks 0.907ms
[2025-10-15T05:25:14.749-0700][1085 ][info ][gc,marking  ] GC(171) Concurrent Cleanup for Next Mark
[2025-10-15T05:25:14.776-0700][1085 ][info ][gc,marking  ] GC(171) Concurrent Cleanup for Next Mark 27.140ms
[2025-10-15T05:25:14.776-0700][1085 ][info ][gc          ] GC(171) Concurrent Mark Cycle 1019.659ms
[2025-10-15T05:25:17.749-0700][1246 ][info ][safepoint   ] Safepoint "Cleanup", Time since last: 3000208378 ns, Reaching safepoint: 758253 ns, Cleanup: 11747 ns, At safepoint: 102996 ns, Total: 872996 ns
[2025-10-15T05:25:20.751-0700][1246 ][info ][safepoint   ] Safepoint "Cleanup", Time since last: 3000222830 ns, Reaching safepoint: 861197 ns, Cleanup: 12599 ns, At safepoint: 198810 ns, Total: 1072606 ns
[2025-10-15T05:25:21.752-0700][1246 ][info ][safepoint   ] Safepoint "Cleanup", Time since last: 1000098984 ns, Reaching safepoint: 917363 ns, Cleanup: 15723 ns, At safepoint: 443779 ns, Total: 1376865 ns
[2025-10-15T05:25:23.758-0700][1246 ][info ][safepoint   ] Safepoint "Cleanup", Time since last: 2000159039 ns, Reaching safepoint: 5032154 ns, Cleanup: 13691 ns, At safepoint: 447254 ns, Total: 5493099 ns
[2025-10-15T05:25:24.759-0700][1246 ][info ][safepoint   ] Safepoint "Cleanup", Time since last: 1000095508 ns, Reaching safepoint: 869120 ns, Cleanup: 17286 ns, At safepoint: 365181 ns, Total: 1251587 ns
[2025-10-15T05:25:25.515-0700][1246 ][info ][gc,start    ] GC(172) Pause Young (Prepare Mixed) (G1 Evacuation Pause)
[2025-10-15T05:25:25.515-0700][1246 ][info ][gc,task     ] GC(172) Using 113 workers of 113 for evacuation
[2025-10-15T05:25:25.530-0700][1246 ][debug][gc,remset   ] GC(172) Visited cards 9237760 Total dirty 79233024 (11.66%) Total old 368836608 (2.50%)
[2025-10-15T05:25:25.599-0700][1246 ][info ][gc,phases   ] GC(172)   Pre Evacuate Collection Set: 0.7ms
[2025-10-15T05:25:25.599-0700][1246 ][info ][gc,phases   ] GC(172)   Merge Heap Roots: 14.2ms
[2025-10-15T05:25:25.599-0700][1246 ][info ][gc,phases   ] GC(172)   Evacuate Collection Set: 59.5ms
[2025-10-15T05:25:25.599-0700][1246 ][info ][gc,phases   ] GC(172)   Post Evacuate Collection Set: 9.5ms
[2025-10-15T05:25:25.599-0700][1246 ][info ][gc,phases   ] GC(172)   Other: 0.2ms
[2025-10-15T05:25:25.599-0700][1246 ][debug][gc,remset   ] GC(172) Coarsening (recent): Inline->AoC 141065 (0) AoC->Howl 12203 (0) Howl->Full 0 (0) Inline->AoC 44702 (0) AoC->BitMap 14545 (0) BitMap->Full 1 (0) 
[2025-10-15T05:25:25.599-0700][1246 ][debug][gc,remset   ] GC(172) Coarsening (all): Inline->AoC 4224773 (47) AoC->Howl 105943 (147) Howl->Full 0 (0) Inline->AoC 443256 (36) AoC->BitMap 115366 (118) BitMap->Full 2 (0) 
[2025-10-15T05:25:25.599-0700][1246 ][info ][gc,heap     ] GC(172) Eden regions: 2114->0(2295)
[2025-10-15T05:25:25.599-0700][1246 ][info ][gc,heap     ] GC(172) Survivor regions: 60->80(272)
[2025-10-15T05:25:25.599-0700][1246 ][info ][gc,heap     ] GC(172) Old regions: 1271->1271
[2025-10-15T05:25:25.599-0700][1246 ][info ][gc,heap     ] GC(172) Humongous regions: 9->0
[2025-10-15T05:25:25.599-0700][1246 ][info ][gc,metaspace] GC(172) Metaspace: 315293K(321344K)->315293K(321344K) NonClass: 278393K(281664K)->278393K(281664K) Class: 36900K(39680K)->36900K(39680K)
[2025-10-15T05:25:25.599-0700][1246 ][info ][gc          ] GC(172) Pause Young (Prepare Mixed) (G1 Evacuation Pause) 110472M->43188M(184320M) 84.200ms
[2025-10-15T05:25:25.601-0700][1246 ][info ][gc,cpu      ] GC(172) User=8.19s Sys=0.15s Real=0.09s
[2025-10-15T05:25:25.602-0700][1246 ][info ][safepoint   ] Safepoint "G1CollectForAllocation", Time since last: 753890396 ns, Reaching safepoint: 879316 ns, Cleanup: 4737 ns, At safepoint: 87850147 ns, Total: 88734200 ns
[2025-10-15T05:25:26.603-0700][1246 ][info ][safepoint   ] Safepoint "Cleanup", Time since last: 1000086776 ns, Reaching safepoint: 762509 ns, Cleanup: 14832 ns, At safepoint: 127763 ns, Total: 905104 ns
[2025-10-15T05:25:27.604-0700][1246 ][info ][safepoint   ] Safepoint "Cleanup", Time since last: 1000103631 ns, Reaching safepoint: 1145506 ns, Cleanup: 13340 ns, At safepoint: 325821 ns, Total: 1484667 ns
[2025-10-15T05:25:28.615-0700][1246 ][info ][safepoint   ] Safepoint "Cleanup", Time since last: 1000102770 ns, Reaching safepoint: 9228578 ns, Cleanup: 22855 ns, At safepoint: 1488673 ns, Total: 10740106 ns
[2025-10-15T05:25:30.617-0700][1246 ][info ][safepoint   ] Safepoint "Cleanup", Time since last: 2000173291 ns, Reaching safepoint: 928459 ns, Cleanup: 10456 ns, At safepoint: 645943 ns, Total: 1584858 ns
[2025-10-15T05:25:33.618-0700][1246 ][info ][safepoint   ] Safepoint "Cleanup", Time since last: 3000234007 ns, Reaching safepoint: 796911 ns, Cleanup: 11698 ns, At safepoint: 87161 ns, Total: 895770 ns
[2025-10-15T05:25:34.619-0700][1246 ][info ][safepoint   ] Safepoint "Cleanup", Time since last: 1000106966 ns, Reaching safepoint: 818965 ns, Cleanup: 14571 ns, At safepoint: 149035 ns, Total: 982571 ns
[2025-10-15T05:25:36.621-0700][1246 ][info ][safepoint   ] Safepoint "Cleanup", Time since last: 2000122474 ns, Reaching safepoint: 881479 ns, Cleanup: 13891 ns, At safepoint: 309296 ns, Total: 1204666 ns
[2025-10-15T05:25:40.622-0700][1246 ][info ][safepoint   ] Safepoint "Cleanup", Time since last: 4000295504 ns, Reaching safepoint: 710321 ns, Cleanup: 12248 ns, At safepoint: 128273 ns, Total: 850842 ns
[2025-10-15T05:25:41.623-0700][1246 ][info ][safepoint   ] Safepoint "Cleanup", Time since last: 1000098023 ns, Reaching safepoint: 896200 ns, Cleanup: 17667 ns, At safepoint: 227954 ns, Total: 1141821 ns
[2025-10-15T05:25:43.557-0700][1246 ][info ][gc,start    ] GC(173) Pause Young (Mixed) (G1 Evacuation Pause)
[2025-10-15T05:25:43.557-0700][1246 ][info ][gc,task     ] GC(173) Using 113 workers of 113 for evacuation
[2025-10-15T05:25:43.571-0700][1246 ][debug][gc,remset   ] GC(173) Visited cards 9443584 Total dirty 75825152 (12.45%) Total old 437911552 (2.16%)
[2025-10-15T05:25:43.675-0700][1246 ][info ][gc,phases   ] GC(173)   Pre Evacuate Collection Set: 0.8ms
[2025-10-15T05:25:43.675-0700][1246 ][info ][gc,phases   ] GC(173)   Merge Heap Roots: 14.1ms
[2025-10-15T05:25:43.675-0700][1246 ][info ][gc,phases   ] GC(173)   Evacuate Collection Set: 91.1ms
[2025-10-15T05:25:43.675-0700][1246 ][info ][gc,phases   ] GC(173)   Post Evacuate Collection Set: 12.0ms
[2025-10-15T05:25:43.675-0700][1246 ][info ][gc,phases   ] GC(173)   Other: 0.2ms
[2025-10-15T05:25:43.675-0700][1246 ][debug][gc,remset   ] GC(173) Coarsening (recent): Inline->AoC 18474 (0) AoC->Howl 12 (0) Howl->Full 0 (0) Inline->AoC 57 (0) AoC->BitMap 6 (0) BitMap->Full 0 (0) 
[2025-10-15T05:25:43.675-0700][1246 ][debug][gc,remset   ] GC(173) Coarsening (all): Inline->AoC 4243247 (47) AoC->Howl 105955 (147) Howl->Full 0 (0) Inline->AoC 443313 (36) AoC->BitMap 115372 (118) BitMap->Full 2 (0) 
[2025-10-15T05:25:43.675-0700][1246 ][info ][gc,heap     ] GC(173) Eden regions: 2582->0(2130)
[2025-10-15T05:25:43.675-0700][1246 ][info ][gc,heap     ] GC(173) Survivor regions: 80->133(333)
[2025-10-15T05:25:43.675-0700][1246 ][info ][gc,heap     ] GC(173) Old regions: 1271->1197
[2025-10-15T05:25:43.675-0700][1246 ][info ][gc,heap     ] GC(173) Humongous regions: 11->0
[2025-10-15T05:25:43.675-0700][1246 ][info ][gc,metaspace] GC(173) Metaspace: 315486K(321344K)->315486K(321344K) NonClass: 278566K(281664K)->278566K(281664K) Class: 36919K(39680K)->36919K(39680K)
[2025-10-15T05:25:43.675-0700][1246 ][info ][gc          ] GC(173) Pause Young (Mixed) (G1 Evacuation Pause) 126150M->42525M(184320M) 118.305ms
[2025-10-15T05:25:43.676-0700][1246 ][info ][gc,cpu      ] GC(173) User=11.12s Sys=0.14s Real=0.12s
[2025-10-15T05:25:43.677-0700][1246 ][info ][safepoint   ] Safepoint "G1CollectForAllocation", Time since last: 1931549208 ns, Reaching safepoint: 909350 ns, Cleanup: 13411 ns, At safepoint: 121889017 ns, Total: 122811778 ns
[2025-10-15T05:25:44.679-0700][1246 ][info ][safepoint   ] Safepoint "Cleanup", Time since last: 1000087076 ns, Reaching safepoint: 927057 ns, Cleanup: 10586 ns, At safepoint: 605112 ns, Total: 1542755 ns
[2025-10-15T05:25:50.684-0700][1246 ][info ][safepoint   ] Safepoint "Cleanup", Time since last: 6000365769 ns, Reaching safepoint: 3980389 ns, Cleanup: 17477 ns, At safepoint: 597049 ns, Total: 4594915 ns
[2025-10-15T05:25:51.685-0700][1246 ][info ][safepoint   ] Safepoint "Cleanup", Time since last: 1000100026 ns, Reaching safepoint: 883942 ns, Cleanup: 17406 ns, At safepoint: 552843 ns, Total: 1454191 ns
[2025-10-15T05:25:52.688-0700][1246 ][info ][safepoint   ] Safepoint "Cleanup", Time since last: 1000115840 ns, Reaching safepoint: 916160 ns, Cleanup: 18578 ns, At safepoint: 1301953 ns, Total: 2236691 ns
[2025-10-15T05:25:53.690-0700][1246 ][info ][safepoint   ] Safepoint "Cleanup", Time since last: 1000106996 ns, Reaching safepoint: 832494 ns, Cleanup: 14462 ns, At safepoint: 907007 ns, Total: 1753963 ns
[2025-10-15T05:25:54.691-0700][1246 ][info ][safepoint   ] Safepoint "Cleanup", Time since last: 1000101548 ns, Reaching safepoint: 760967 ns, Cleanup: 14311 ns, At safepoint: 792344 ns, Total: 1567622 ns
[2025-10-15T05:25:55.030-0700][1246 ][debug][gc,jni      ] Setting _needs_gc. Thread "VM Thread" 1 locked.
[2025-10-15T05:25:55.030-0700][2147 ][debug][gc,jni      ] Performing GC after exiting critical section. Thread "http-worker-1008" 0 locked.
[2025-10-15T05:25:55.031-0700][1246 ][info ][safepoint   ] Safepoint "G1CollectForAllocation", Time since last: 337570868 ns, Reaching safepoint: 1001770 ns, Cleanup: 5468 ns, At safepoint: 1266229 ns, Total: 2273467 ns
[2025-10-15T05:25:55.031-0700][4827 ][debug][gc,jni      ] Allocation failed. Thread stalled by JNI critical section. Thread "thrift-eventloop-74" 0 locked.
[2025-10-15T05:25:55.031-0700][11773][debug][gc,jni      ] Allocation failed. Thread stalled by JNI critical section. Thread "task-event-loop-287" 0 locked.
[2025-10-15T05:25:55.031-0700][12316][debug][gc,jni      ] Allocation failed. Thread stalled by JNI critical section. Thread "event-loop-epoll-154" 0 locked.
[2025-10-15T05:25:55.031-0700][11464][debug][gc,jni      ] Allocation failed. Thread stalled by JNI critical section. Thread "task-event-loop-7" 0 locked.
[2025-10-15T05:25:55.031-0700][22604][debug][gc,jni      ] Allocation failed. Thread stalled by JNI critical section. Thread "hive-prism-1469" 0 locked.
[2025-10-15T05:25:55.031-0700][22632][debug][gc,jni      ] Allocation failed. Thread stalled by JNI critical section. Thread "hive-prism-directory-lister-843" 0 locked.
[2025-10-15T05:25:55.033-0700][1246 ][info ][gc,start    ] GC(174) Pause Young (Mixed) (GCLocker Initiated GC)
[2025-10-15T05:25:55.033-0700][1246 ][info ][gc,task     ] GC(174) Using 113 workers of 113 for evacuation
[2025-10-15T05:25:55.048-0700][1246 ][debug][gc,remset   ] GC(174) Visited cards 9354496 Total dirty 72089600 (12.98%) Total old 418119680 (2.24%)
[2025-10-15T05:25:55.185-0700][1246 ][info ][gc,phases   ] GC(174)   Pre Evacuate Collection Set: 0.8ms
[2025-10-15T05:25:55.185-0700][1246 ][info ][gc,phases   ] GC(174)   Merge Heap Roots: 13.6ms
[2025-10-15T05:25:55.185-0700][1246 ][info ][gc,phases   ] GC(174)   Evacuate Collection Set: 126.4ms
[2025-10-15T05:25:55.185-0700][1246 ][info ][gc,phases   ] GC(174)   Post Evacuate Collection Set: 10.8ms
[2025-10-15T05:25:55.185-0700][1246 ][info ][gc,phases   ] GC(174)   Other: 0.2ms
[2025-10-15T05:25:55.185-0700][1246 ][debug][gc,remset   ] GC(174) Coarsening (recent): Inline->AoC 19064 (0) AoC->Howl 60 (0) Howl->Full 0 (0) Inline->AoC 274 (0) AoC->BitMap 23 (0) BitMap->Full 0 (0) 
[2025-10-15T05:25:55.185-0700][1246 ][debug][gc,remset   ] GC(174) Coarsening (all): Inline->AoC 4262311 (47) AoC->Howl 106015 (147) Howl->Full 0 (0) Inline->AoC 443587 (36) AoC->BitMap 115395 (118) BitMap->Full 2 (0) 
[2025-10-15T05:25:55.185-0700][1246 ][info ][gc,heap     ] GC(174) Eden regions: 2415->0(2096)
[2025-10-15T05:25:55.185-0700][1246 ][info ][gc,heap     ] GC(174) Survivor regions: 133->169(319)
[2025-10-15T05:25:55.185-0700][1246 ][info ][gc,heap     ] GC(174) Old regions: 1197->1121
[2025-10-15T05:25:55.185-0700][1246 ][info ][gc,heap     ] GC(174) Humongous regions: 11->0
[2025-10-15T05:25:55.185-0700][1246 ][info ][gc,metaspace] GC(174) Metaspace: 315535K(321344K)->315535K(321344K) NonClass: 278616K(281664K)->278616K(281664K) Class: 36919K(39680K)->36919K(39680K)
[2025-10-15T05:25:55.185-0700][1246 ][info ][gc          ] GC(174) Pause Young (Mixed) (GCLocker Initiated GC) 120157M->41266M(184320M) 151.968ms
[2025-10-15T05:25:55.186-0700][1246 ][info ][gc,cpu      ] GC(174) User=12.70s Sys=0.18s Real=0.15s
[2025-10-15T05:25:55.187-0700][11494][debug][gc,jni      ] Allocation failed. Thread stalled by JNI critical section. Thread "task-event-loop-36" 0 locked.
[2025-10-15T05:25:55.187-0700][11461][debug][gc,jni      ] Allocation failed. Thread stalled by JNI critical section. Thread "task-event-loop-4" 0 locked.
[2025-10-15T05:25:55.188-0700][1246 ][info ][safepoint   ] Safepoint "G1CollectForAllocation", Time since last: 201643 ns, Reaching safepoint: 737171 ns, Cleanup: 3596 ns, At safepoint: 155607914 ns, Total: 156348681 ns
[2025-10-15T05:25:57.189-0700][1246 ][info ][safepoint   ] Safepoint "Cleanup", Time since last: 2000155614 ns, Reaching safepoint: 889521 ns, Cleanup: 12198 ns, At safepoint: 278169 ns, Total: 1179888 ns
[2025-10-15T05:25:58.191-0700][1246 ][info ][safepoint   ] Safepoint "Cleanup", Time since last: 1000103621 ns, Reaching safepoint: 1088230 ns, Cleanup: 16024 ns, At safepoint: 309647 ns, Total: 1413901 ns
[2025-10-15T05:25:59.208-0700][1246 ][info ][safepoint   ] Safepoint "Cleanup", Time since last: 1000108508 ns, Reaching safepoint: 14586844 ns, Cleanup: 19229 ns, At safepoint: 2655913 ns, Total: 17261986 ns
[2025-10-15T05:26:00.213-0700][1246 ][info ][safepoint   ] Safepoint "Cleanup", Time since last: 1000114537 ns, Reaching safepoint: 1275272 ns, Cleanup: 20731 ns, At safepoint: 3193513 ns, Total: 4489516 ns
[2025-10-15T05:26:00.991-0700][1246 ][info ][gc,start    ] GC(175) Pause Young (Mixed) (G1 Evacuation Pause)
[2025-10-15T05:26:00.991-0700][1246 ][info ][gc,task     ] GC(175) Using 113 workers of 113 for evacuation
[2025-10-15T05:26:01.004-0700][1246 ][debug][gc,remset   ] GC(175) Visited cards 10434304 Total dirty 67960832 (15.35%) Total old 408616960 (2.55%)
[2025-10-15T05:26:01.139-0700][1246 ][info ][gc,phases   ] GC(175)   Pre Evacuate Collection Set: 0.7ms
[2025-10-15T05:26:01.139-0700][1246 ][info ][gc,phases   ] GC(175)   Merge Heap Roots: 12.2ms
[2025-10-15T05:26:01.139-0700][1246 ][info ][gc,phases   ] GC(175)   Evacuate Collection Set: 122.2ms
[2025-10-15T05:26:01.139-0700][1246 ][info ][gc,phases   ] GC(175)   Post Evacuate Collection Set: 12.2ms
[2025-10-15T05:26:01.139-0700][1246 ][info ][gc,phases   ] GC(175)   Other: 0.2ms
[2025-10-15T05:26:01.139-0700][1246 ][debug][gc,remset   ] GC(175) Coarsening (recent): Inline->AoC 16994 (0) AoC->Howl 148 (0) Howl->Full 0 (0) Inline->AoC 657 (0) AoC->BitMap 64 (0) BitMap->Full 0 (0) 
[2025-10-15T05:26:01.139-0700][1246 ][debug][gc,remset   ] GC(175) Coarsening (all): Inline->AoC 4279305 (47) AoC->Howl 106163 (147) Howl->Full 0 (0) Inline->AoC 444244 (36) AoC->BitMap 115459 (118) BitMap->Full 2 (0) 
[2025-10-15T05:26:01.139-0700][1246 ][info ][gc,heap     ] GC(175) Eden regions: 2345->0(2050)
[2025-10-15T05:26:01.139-0700][1246 ][info ][gc,heap     ] GC(175) Survivor regions: 169->199(315)
[2025-10-15T05:26:01.139-0700][1246 ][info ][gc,heap     ] GC(175) Old regions: 1121->1046
[2025-10-15T05:26:01.139-0700][1246 ][info ][gc,heap     ] GC(175) Humongous regions: 10->0
[2025-10-15T05:26:01.139-0700][1246 ][info ][gc,metaspace] GC(175) Metaspace: 315583K(321472K)->315583K(321472K) NonClass: 278662K(281792K)->278662K(281792K) Class: 36920K(39680K)->36920K(39680K)
[2025-10-15T05:26:01.139-0700][1246 ][info ][gc          ] GC(175) Pause Young (Mixed) (G1 Evacuation Pause) 116626M->39814M(184320M) 147.672ms
[2025-10-15T05:26:01.140-0700][1246 ][info ][gc,cpu      ] GC(175) User=13.81s Sys=0.24s Real=0.15s
[2025-10-15T05:26:01.142-0700][1246 ][info ][safepoint   ] Safepoint "G1CollectForAllocation", Time since last: 776845142 ns, Reaching safepoint: 833456 ns, Cleanup: 4406 ns, At safepoint: 151323958 ns, Total: 152161820 ns
[2025-10-15T05:26:02.167-0700][1246 ][info ][safepoint   ] Safepoint "Cleanup", Time since last: 1020576225 ns, Reaching safepoint: 3963554 ns, Cleanup: 11397 ns, At safepoint: 924553 ns, Total: 4899504 ns
[2025-10-15T05:26:03.169-0700][1246 ][info ][safepoint   ] Safepoint "Cleanup", Time since last: 1000128899 ns, Reaching safepoint: 800857 ns, Cleanup: 12108 ns, At safepoint: 721418 ns, Total: 1534383 ns
[2025-10-15T05:26:04.170-0700][1246 ][info ][safepoint   ] Safepoint "Cleanup", Time since last: 1000132003 ns, Reaching safepoint: 855640 ns, Cleanup: 15673 ns, At safepoint: 476308 ns, Total: 1347621 ns
[2025-10-15T05:26:05.181-0700][1246 ][info ][safepoint   ] Safepoint "Cleanup", Time since last: 1000117081 ns, Reaching safepoint: 9312786 ns, Cleanup: 18097 ns, At safepoint: 1170274 ns, Total: 10501157 ns
[2025-10-15T05:26:06.183-0700][1246 ][info ][safepoint   ] Safepoint "Cleanup", Time since last: 1000109380 ns, Reaching safepoint: 1017464 ns, Cleanup: 40360 ns, At safepoint: 1087289 ns, Total: 2145113 ns
[2025-10-15T05:26:07.185-0700][1246 ][info ][safepoint   ] Safepoint "Cleanup", Time since last: 1000116191 ns, Reaching safepoint: 856601 ns, Cleanup: 19069 ns, At safepoint: 820407 ns, Total: 1696077 ns
[2025-10-15T05:26:07.277-0700][1246 ][info ][gc,start    ] GC(176) Pause Young (Mixed) (G1 Evacuation Pause)
[2025-10-15T05:26:07.277-0700][1246 ][info ][gc,task     ] GC(176) Using 113 workers of 113 for evacuation
[2025-10-15T05:26:07.290-0700][1246 ][debug][gc,remset   ] GC(176) Visited cards 10593024 Total dirty 63897600 (16.58%) Total old 401080320 (2.64%)
[2025-10-15T05:26:07.450-0700][1246 ][info ][gc,phases   ] GC(176)   Pre Evacuate Collection Set: 0.7ms
[2025-10-15T05:26:07.450-0700][1246 ][info ][gc,phases   ] GC(176)   Merge Heap Roots: 12.4ms
[2025-10-15T05:26:07.450-0700][1246 ][info ][gc,phases   ] GC(176)   Evacuate Collection Set: 146.4ms
[2025-10-15T05:26:07.450-0700][1246 ][info ][gc,phases   ] GC(176)   Post Evacuate Collection Set: 13.4ms
[2025-10-15T05:26:07.450-0700][1246 ][info ][gc,phases   ] GC(176)   Other: 0.2ms
[2025-10-15T05:26:07.450-0700][1246 ][debug][gc,remset   ] GC(176) Coarsening (recent): Inline->AoC 17799 (0) AoC->Howl 135 (0) Howl->Full 0 (0) Inline->AoC 636 (0) AoC->BitMap 73 (0) BitMap->Full 0 (0) 
[2025-10-15T05:26:07.450-0700][1246 ][debug][gc,remset   ] GC(176) Coarsening (all): Inline->AoC 4297104 (47) AoC->Howl 106298 (147) Howl->Full 0 (0) Inline->AoC 444880 (36) AoC->BitMap 115532 (118) BitMap->Full 2 (0) 
[2025-10-15T05:26:07.450-0700][1246 ][info ][gc,heap     ] GC(176) Eden regions: 2290->0(2318)
[2025-10-15T05:26:07.450-0700][1246 ][info ][gc,heap     ] GC(176) Survivor regions: 199->189(312)
[2025-10-15T05:26:07.450-0700][1246 ][info ][gc,heap     ] GC(176) Old regions: 1046->1018
[2025-10-15T05:26:07.450-0700][1246 ][info ][gc,heap     ] GC(176) Humongous regions: 20->0
[2025-10-15T05:26:07.450-0700][1246 ][info ][gc,metaspace] GC(176) Metaspace: 315604K(321472K)->315604K(321472K) NonClass: 278682K(281792K)->278682K(281792K) Class: 36922K(39680K)->36922K(39680K)
[2025-10-15T05:26:07.450-0700][1246 ][info ][gc          ] GC(176) Pause Young (Mixed) (G1 Evacuation Pause) 113734M->38604M(184320M) 173.252ms
[2025-10-15T05:26:07.451-0700][1246 ][info ][gc,cpu      ] GC(176) User=16.32s Sys=0.01s Real=0.18s
[2025-10-15T05:26:07.453-0700][1246 ][info ][safepoint   ] Safepoint "G1CollectForAllocation", Time since last: 90481583 ns, Reaching safepoint: 747146 ns, Cleanup: 4457 ns, At safepoint: 176724699 ns, Total: 177476302 ns
[2025-10-15T05:26:11.455-0700][1246 ][info ][safepoint   ] Safepoint "Cleanup", Time since last: 4000256643 ns, Reaching safepoint: 1416645 ns, Cleanup: 14211 ns, At safepoint: 426673 ns, Total: 1857529 ns
[2025-10-15T05:26:14.815-0700][1246 ][info ][gc,start    ] GC(177) Pause Young (Mixed) (G1 Evacuation Pause)
[2025-10-15T05:26:14.815-0700][1246 ][info ][gc,task     ] GC(177) Using 113 workers of 113 for evacuation
[2025-10-15T05:26:14.831-0700][1246 ][debug][gc,remset   ] GC(177) Visited cards 11790848 Total dirty 61997056 (19.02%) Total old 417267712 (2.83%)
[2025-10-15T05:26:14.987-0700][1246 ][info ][gc,phases   ] GC(177)   Pre Evacuate Collection Set: 0.9ms
[2025-10-15T05:26:14.987-0700][1246 ][info ][gc,phases   ] GC(177)   Merge Heap Roots: 14.3ms
[2025-10-15T05:26:14.987-0700][1246 ][info ][gc,phases   ] GC(177)   Evacuate Collection Set: 143.3ms
[2025-10-15T05:26:14.987-0700][1246 ][info ][gc,phases   ] GC(177)   Post Evacuate Collection Set: 12.9ms
[2025-10-15T05:26:14.987-0700][1246 ][info ][gc,phases   ] GC(177)   Other: 0.2ms
[2025-10-15T05:26:14.987-0700][1246 ][debug][gc,remset   ] GC(177) Coarsening (recent): Inline->AoC 21282 (0) AoC->Howl 422 (0) Howl->Full 0 (0) Inline->AoC 1508 (0) AoC->BitMap 308 (0) BitMap->Full 0 (0) 
[2025-10-15T05:26:14.987-0700][1246 ][debug][gc,remset   ] GC(177) Coarsening (all): Inline->AoC 4318386 (47) AoC->Howl 106720 (147) Howl->Full 0 (0) Inline->AoC 446388 (36) AoC->BitMap 115840 (118) BitMap->Full 2 (0) 
[2025-10-15T05:26:14.987-0700][1246 ][info ][gc,heap     ] GC(177) Eden regions: 2439->0(2205)
[2025-10-15T05:26:14.987-0700][1246 ][info ][gc,heap     ] GC(177) Survivor regions: 189->195(329)
[2025-10-15T05:26:14.987-0700][1246 ][info ][gc,heap     ] GC(177) Old regions: 1018->985
[2025-10-15T05:26:14.987-0700][1246 ][info ][gc,heap     ] GC(177) Humongous regions: 17->0
[2025-10-15T05:26:14.987-0700][1246 ][info ][gc,metaspace] GC(177) Metaspace: 315617K(321472K)->315617K(321472K) NonClass: 278694K(281792K)->278694K(281792K) Class: 36922K(39680K)->36922K(39680K)
[2025-10-15T05:26:14.987-0700][1246 ][info ][gc          ] GC(177) Pause Young (Mixed) (G1 Evacuation Pause) 117196M->37723M(184320M) 171.748ms
[2025-10-15T05:26:14.988-0700][1246 ][info ][gc,cpu      ] GC(177) User=16.94s Sys=0.14s Real=0.18s
[2025-10-15T05:26:14.989-0700][1246 ][info ][safepoint   ] Safepoint "G1CollectForAllocation", Time since last: 3358448632 ns, Reaching safepoint: 811623 ns, Cleanup: 4747 ns, At safepoint: 175336448 ns, Total: 176152818 ns
[2025-10-15T05:26:18.991-0700][1246 ][info ][safepoint   ] Safepoint "Cleanup", Time since last: 4000275290 ns, Reaching safepoint: 1197344 ns, Cleanup: 14813 ns, At safepoint: 427384 ns, Total: 1639541 ns
[2025-10-15T05:26:20.454-0700][1246 ][debug][gc,jni      ] Setting _needs_gc. Thread "VM Thread" 1 locked.
[2025-10-15T05:26:20.455-0700][25025][debug][gc,jni      ] Performing GC after exiting critical section. Thread "hive-prism-1863" 0 locked.
[2025-10-15T05:26:20.455-0700][1246 ][info ][safepoint   ] Safepoint "G1CollectForAllocation", Time since last: 1461667519 ns, Reaching safepoint: 1270755 ns, Cleanup: 11517 ns, At safepoint: 837322 ns, Total: 2119594 ns
[2025-10-15T05:26:20.455-0700][12237][debug][gc,jni      ] Allocation failed. Thread stalled by JNI critical section. Thread "event-loop-epoll-75" 0 locked.
[2025-10-15T05:26:20.455-0700][3393 ][debug][gc,jni      ] Allocation failed. Thread stalled by JNI critical section. Thread "drift-client-42" 0 locked.
[2025-10-15T05:26:20.455-0700][25022][debug][gc,jni      ] Allocation failed. Thread stalled by JNI critical section. Thread "hive-prism-1860" 0 locked.
[2025-10-15T05:26:20.455-0700][12470][debug][gc,jni      ] Allocation failed. Thread stalled by JNI critical section. Thread "task-event-loop-488" 0 locked.
[2025-10-15T05:26:20.455-0700][6544 ][debug][gc,jni      ] Allocation failed. Thread stalled by JNI critical section. Thread "thrift-eventloop-170" 0 locked.
[2025-10-15T05:26:20.455-0700][11792][debug][gc,jni      ] Allocation failed. Thread stalled by JNI critical section. Thread "task-event-loop-305" 0 locked.
[2025-10-15T05:26:20.455-0700][12355][debug][gc,jni      ] Allocation failed. Thread stalled by JNI critical section. Thread "event-loop-epoll-193" 0 locked.
[2025-10-15T05:26:20.455-0700][11465][debug][gc,jni      ] Allocation failed. Thread stalled by JNI critical section. Thread "task-event-loop-8" 0 locked.
[2025-10-15T05:26:20.455-0700][12292][debug][gc,jni      ] Allocation failed. Thread stalled by JNI critical section. Thread "event-loop-epoll-130" 0 locked.
[2025-10-15T05:26:20.456-0700][14755][debug][gc,jni      ] Allocation failed. Thread stalled by JNI critical section. Thread "thrift-offloop-693" 0 locked.
[2025-10-15T05:26:20.458-0700][1246 ][info ][gc,start    ] GC(178) Pause Young (Mixed) (GCLocker Initiated GC)
[2025-10-15T05:26:20.458-0700][1246 ][info ][gc,task     ] GC(178) Using 113 workers of 113 for evacuation
[2025-10-15T05:26:20.473-0700][1246 ][debug][gc,remset   ] GC(178) Visited cards 13433856 Total dirty 59703296 (22.50%) Total old 398983168 (3.37%)
[2025-10-15T05:26:20.624-0700][1246 ][info ][gc,phases   ] GC(178)   Pre Evacuate Collection Set: 0.7ms
[2025-10-15T05:26:20.624-0700][1246 ][info ][gc,phases   ] GC(178)   Merge Heap Roots: 13.8ms
[2025-10-15T05:26:20.624-0700][1246 ][info ][gc,phases   ] GC(178)   Evacuate Collection Set: 137.2ms
[2025-10-15T05:26:20.624-0700][1246 ][info ][gc,phases   ] GC(178)   Post Evacuate Collection Set: 14.0ms
[2025-10-15T05:26:20.624-0700][1246 ][info ][gc,phases   ] GC(178)   Other: 0.2ms
[2025-10-15T05:26:20.624-0700][1246 ][debug][gc,remset   ] GC(178) Coarsening (recent): Inline->AoC 35602 (1) AoC->Howl 263 (6) Howl->Full 0 (0) Inline->AoC 800 (3) AoC->BitMap 198 (2) BitMap->Full 0 (0) 
[2025-10-15T05:26:20.624-0700][1246 ][debug][gc,remset   ] GC(178) Coarsening (all): Inline->AoC 4353988 (48) AoC->Howl 106983 (153) Howl->Full 0 (0) Inline->AoC 447188 (39) AoC->BitMap 116038 (120) BitMap->Full 2 (0) 
[2025-10-15T05:26:20.624-0700][1246 ][info ][gc,heap     ] GC(178) Eden regions: 2313->0(2515)
[2025-10-15T05:26:20.624-0700][1246 ][info ][gc,heap     ] GC(178) Survivor regions: 195->177(314)
[2025-10-15T05:26:20.624-0700][1246 ][info ][gc,heap     ] GC(178) Old regions: 985->955
[2025-10-15T05:26:20.624-0700][1246 ][info ][gc,heap     ] GC(178) Humongous regions: 11->1
[2025-10-15T05:26:20.624-0700][1246 ][info ][gc,metaspace] GC(178) Metaspace: 315656K(321536K)->315656K(321536K) NonClass: 278724K(281856K)->278724K(281856K) Class: 36932K(39680K)->36932K(39680K)
[2025-10-15T05:26:20.624-0700][1246 ][info ][gc          ] GC(178) Pause Young (Mixed) (GCLocker Initiated GC) 112091M->36253M(184320M) 166.036ms
[2025-10-15T05:26:20.625-0700][1246 ][info ][gc,cpu      ] GC(178) User=15.82s Sys=0.19s Real=0.17s
[2025-10-15T05:26:20.626-0700][1246 ][info ][safepoint   ] Safepoint "G1CollectForAllocation", Time since last: 328245 ns, Reaching safepoint: 994940 ns, Cleanup: 4707 ns, At safepoint: 169789237 ns, Total: 170788884 ns
[2025-10-15T05:26:21.628-0700][1246 ][info ][safepoint   ] Safepoint "Cleanup", Time since last: 1000080918 ns, Reaching safepoint: 969621 ns, Cleanup: 12960 ns, At safepoint: 164478 ns, Total: 1147059 ns
[2025-10-15T05:26:22.629-0700][1246 ][info ][safepoint   ] Safepoint "Cleanup", Time since last: 1000098104 ns, Reaching safepoint: 885374 ns, Cleanup: 20241 ns, At safepoint: 207953 ns, Total: 1113568 ns
[2025-10-15T05:26:24.630-0700][1246 ][info ][safepoint   ] Safepoint "Cleanup", Time since last: 2000167756 ns, Reaching safepoint: 949140 ns, Cleanup: 14382 ns, At safepoint: 179470 ns, Total: 1142992 ns
[2025-10-15T05:26:25.631-0700][1246 ][info ][safepoint   ] Safepoint "Cleanup", Time since last: 1000098225 ns, Reaching safepoint: 939165 ns, Cleanup: 16285 ns, At safepoint: 353833 ns, Total: 1309283 ns
[2025-10-15T05:26:26.633-0700][1246 ][info ][safepoint   ] Safepoint "Cleanup", Time since last: 1000101870 ns, Reaching safepoint: 875289 ns, Cleanup: 19830 ns, At safepoint: 388265 ns, Total: 1283384 ns
[2025-10-15T05:26:28.635-0700][1246 ][info ][safepoint   ] Safepoint "Cleanup", Time since last: 2000166854 ns, Reaching safepoint: 936612 ns, Cleanup: 26720 ns, At safepoint: 543820 ns, Total: 1507152 ns
[2025-10-15T05:26:31.636-0700][1246 ][info ][safepoint   ] Safepoint "Cleanup", Time since last: 3000236275 ns, Reaching safepoint: 893236 ns, Cleanup: 15904 ns, At safepoint: 254443 ns, Total: 1163583 ns
[2025-10-15T05:26:31.965-0700][1246 ][info ][gc,start    ] GC(179) Pause Young (Mixed) (G1 Evacuation Pause)
[2025-10-15T05:26:31.966-0700][1246 ][info ][gc,task     ] GC(179) Using 113 workers of 113 for evacuation
[2025-10-15T05:26:31.980-0700][1246 ][debug][gc,remset   ] GC(179) Visited cards 13683712 Total dirty 58654720 (23.33%) Total old 439025664 (3.12%)
[2025-10-15T05:26:32.143-0700][1246 ][info ][gc,phases   ] GC(179)   Pre Evacuate Collection Set: 0.7ms
[2025-10-15T05:26:32.143-0700][1246 ][info ][gc,phases   ] GC(179)   Merge Heap Roots: 14.1ms
[2025-10-15T05:26:32.143-0700][1246 ][info ][gc,phases   ] GC(179)   Evacuate Collection Set: 146.0ms
[2025-10-15T05:26:32.143-0700][1246 ][info ][gc,phases   ] GC(179)   Post Evacuate Collection Set: 16.2ms
[2025-10-15T05:26:32.143-0700][1246 ][info ][gc,phases   ] GC(179)   Other: 0.2ms
[2025-10-15T05:26:32.143-0700][1246 ][debug][gc,remset   ] GC(179) Coarsening (recent): Inline->AoC 33668 (0) AoC->Howl 279 (0) Howl->Full 0 (0) Inline->AoC 882 (0) AoC->BitMap 228 (0) BitMap->Full 0 (0) 
[2025-10-15T05:26:32.143-0700][1246 ][debug][gc,remset   ] GC(179) Coarsening (all): Inline->AoC 4387656 (48) AoC->Howl 107262 (153) Howl->Full 0 (0) Inline->AoC 448070 (39) AoC->BitMap 116266 (120) BitMap->Full 2 (0) 
[2025-10-15T05:26:32.143-0700][1246 ][info ][gc,heap     ] GC(179) Eden regions: 2644->0(2023)
[2025-10-15T05:26:32.143-0700][1246 ][info ][gc,heap     ] GC(179) Survivor regions: 177->206(353)
[2025-10-15T05:26:32.143-0700][1246 ][info ][gc,heap     ] GC(179) Old regions: 955->894
[2025-10-15T05:26:32.143-0700][1246 ][info ][gc,heap     ] GC(179) Humongous regions: 26->0
[2025-10-15T05:26:32.143-0700][1246 ][info ][gc,metaspace] GC(179) Metaspace: 315684K(321536K)->315684K(321536K) NonClass: 278751K(281856K)->278751K(281856K) Class: 36933K(39680K)->36933K(39680K)
[2025-10-15T05:26:32.143-0700][1246 ][info ][gc          ] GC(179) Pause Young (Mixed) (G1 Evacuation Pause) 121661M->35167M(184320M) 177.432ms
[2025-10-15T05:26:32.144-0700][1246 ][info ][gc,cpu      ] GC(179) User=15.88s Sys=0.41s Real=0.18s
[2025-10-15T05:26:32.145-0700][1246 ][info ][safepoint   ] Safepoint "G1CollectForAllocation", Time since last: 327471819 ns, Reaching safepoint: 910011 ns, Cleanup: 11407 ns, At safepoint: 180858299 ns, Total: 181779717 ns
[2025-10-15T05:26:33.148-0700][1246 ][info ][safepoint   ] Safepoint "Cleanup", Time since last: 1000072716 ns, Reaching safepoint: 1844190 ns, Cleanup: 40160 ns, At safepoint: 410329 ns, Total: 2294679 ns
[2025-10-15T05:26:34.149-0700][1246 ][info ][safepoint   ] Safepoint "Cleanup", Time since last: 1000105355 ns, Reaching safepoint: 949901 ns, Cleanup: 16695 ns, At safepoint: 601006 ns, Total: 1567602 ns
[2025-10-15T05:26:35.151-0700][1246 ][info ][safepoint   ] Safepoint "Cleanup", Time since last: 1000117944 ns, Reaching safepoint: 1022211 ns, Cleanup: 14862 ns, At safepoint: 1094670 ns, Total: 2131743 ns
[2025-10-15T05:26:38.153-0700][1246 ][info ][safepoint   ] Safepoint "Cleanup", Time since last: 3000221142 ns, Reaching safepoint: 920207 ns, Cleanup: 22013 ns, At safepoint: 336818 ns, Total: 1279038 ns
[2025-10-15T05:26:38.460-0700][1246 ][info ][gc,start    ] GC(180) Pause Young (Mixed) (G1 Evacuation Pause)
[2025-10-15T05:26:38.460-0700][1246 ][info ][gc,task     ] GC(180) Using 113 workers of 113 for evacuation
[2025-10-15T05:26:38.474-0700][1246 ][debug][gc,remset   ] GC(180) Visited cards 13909760 Total dirty 54198272 (25.66%) Total old 393347072 (3.54%)
[2025-10-15T05:26:38.664-0700][1246 ][info ][gc,mmu      ] GC(180) MMU target violated: 201.0ms (200.0ms/201.0ms)
[2025-10-15T05:26:38.664-0700][1246 ][info ][gc,phases   ] GC(180)   Pre Evacuate Collection Set: 0.7ms
[2025-10-15T05:26:38.664-0700][1246 ][info ][gc,phases   ] GC(180)   Merge Heap Roots: 13.6ms
[2025-10-15T05:26:38.664-0700][1246 ][info ][gc,phases   ] GC(180)   Evacuate Collection Set: 174.8ms
[2025-10-15T05:26:38.664-0700][1246 ][info ][gc,phases   ] GC(180)   Post Evacuate Collection Set: 14.5ms
[2025-10-15T05:26:38.664-0700][1246 ][info ][gc,phases   ] GC(180)   Other: 0.2ms
[2025-10-15T05:26:38.664-0700][1246 ][debug][gc,remset   ] GC(180) Coarsening (recent): Inline->AoC 42146 (0) AoC->Howl 214 (4) Howl->Full 0 (0) Inline->AoC 920 (0) AoC->BitMap 138 (5) BitMap->Full 0 (0) 
[2025-10-15T05:26:38.664-0700][1246 ][debug][gc,remset   ] GC(180) Coarsening (all): Inline->AoC 4429802 (48) AoC->Howl 107476 (157) Howl->Full 0 (0) Inline->AoC 448990 (39) AoC->BitMap 116404 (125) BitMap->Full 2 (0) 
[2025-10-15T05:26:38.664-0700][1246 ][info ][gc,heap     ] GC(180) Eden regions: 2304->0(2775)
[2025-10-15T05:26:38.664-0700][1246 ][info ][gc,heap     ] GC(180) Survivor regions: 206->192(314)
[2025-10-15T05:26:38.664-0700][1246 ][info ][gc,heap     ] GC(180) Old regions: 894->892
[2025-10-15T05:26:38.664-0700][1246 ][info ][gc,heap     ] GC(180) Humongous regions: 15->0
[2025-10-15T05:26:38.664-0700][1246 ][info ][gc,metaspace] GC(180) Metaspace: 315704K(321600K)->315704K(321600K) NonClass: 278770K(281920K)->278770K(281920K) Class: 36934K(39680K)->36934K(39680K)
[2025-10-15T05:26:38.664-0700][1246 ][info ][gc          ] GC(180) Pause Young (Mixed) (G1 Evacuation Pause) 109375M->34649M(184320M) 204.037ms
[2025-10-15T05:26:38.665-0700][1246 ][info ][gc,cpu      ] GC(180) User=18.11s Sys=0.34s Real=0.20s
[2025-10-15T05:26:38.666-0700][1246 ][info ][safepoint   ] Safepoint "G1CollectForAllocation", Time since last: 304855894 ns, Reaching safepoint: 957523 ns, Cleanup: 5308 ns, At safepoint: 207556055 ns, Total: 208518886 ns
[2025-10-15T05:26:39.668-0700][1246 ][info ][safepoint   ] Safepoint "Cleanup", Time since last: 1000075801 ns, Reaching safepoint: 910612 ns, Cleanup: 12319 ns, At safepoint: 286341 ns, Total: 1209272 ns
[2025-10-15T05:26:41.669-0700][1246 ][info ][safepoint   ] Safepoint "Cleanup", Time since last: 2000171622 ns, Reaching safepoint: 996451 ns, Cleanup: 15784 ns, At safepoint: 225260 ns, Total: 1237495 ns
[2025-10-15T05:26:43.670-0700][1246 ][info ][safepoint   ] Safepoint "Cleanup", Time since last: 2000168516 ns, Reaching safepoint: 888609 ns, Cleanup: 14232 ns, At safepoint: 229155 ns, Total: 1131996 ns
[2025-10-15T05:26:45.687-0700][1246 ][info ][safepoint   ] Safepoint "Cleanup", Time since last: 2000160665 ns, Reaching safepoint: 13741850 ns, Cleanup: 23726 ns, At safepoint: 2660349 ns, Total: 16425925 ns
[2025-10-15T05:26:47.372-0700][1246 ][info ][gc,start    ] GC(181) Pause Young (Normal) (G1 Evacuation Pause)
[2025-10-15T05:26:47.373-0700][1246 ][info ][gc,task     ] GC(181) Using 113 workers of 113 for evacuation
[2025-10-15T05:26:47.387-0700][1246 ][debug][gc,remset   ] GC(181) Visited cards 8601344 Total dirty 57409536 (14.98%) Total old 450822144 (1.91%)
[2025-10-15T05:26:47.560-0700][1246 ][info ][gc,phases   ] GC(181)   Pre Evacuate Collection Set: 0.7ms
[2025-10-15T05:26:47.560-0700][1246 ][info ][gc,phases   ] GC(181)   Merge Heap Roots: 13.3ms
[2025-10-15T05:26:47.560-0700][1246 ][info ][gc,phases   ] GC(181)   Evacuate Collection Set: 156.8ms
[2025-10-15T05:26:47.560-0700][1246 ][info ][gc,phases   ] GC(181)   Post Evacuate Collection Set: 16.1ms
[2025-10-15T05:26:47.560-0700][1246 ][info ][gc,phases   ] GC(181)   Other: 0.2ms
[2025-10-15T05:26:47.560-0700][1246 ][debug][gc,remset   ] GC(181) Coarsening (recent): Inline->AoC 35679 (0) AoC->Howl 163 (0) Howl->Full 0 (0) Inline->AoC 562 (0) AoC->BitMap 110 (0) BitMap->Full 0 (0) 
[2025-10-15T05:26:47.560-0700][1246 ][debug][gc,remset   ] GC(181) Coarsening (all): Inline->AoC 4465481 (48) AoC->Howl 107639 (157) Howl->Full 0 (0) Inline->AoC 449552 (39) AoC->BitMap 116514 (125) BitMap->Full 2 (0) 
[2025-10-15T05:26:47.560-0700][1246 ][info ][gc,heap     ] GC(181) Eden regions: 2792->0(1875)
[2025-10-15T05:26:47.560-0700][1246 ][info ][gc,heap     ] GC(181) Survivor regions: 192->253(373)
[2025-10-15T05:26:47.560-0700][1246 ][info ][gc,heap     ] GC(181) Old regions: 892->892
[2025-10-15T05:26:47.560-0700][1246 ][info ][gc,heap     ] GC(181) Humongous regions: 19->0
[2025-10-15T05:26:47.560-0700][1246 ][info ][gc,metaspace] GC(181) Metaspace: 315735K(321600K)->315735K(321600K) NonClass: 278799K(281920K)->278799K(281920K) Class: 36935K(39680K)->36935K(39680K)
[2025-10-15T05:26:47.560-0700][1246 ][info ][gc          ] GC(181) Pause Young (Normal) (G1 Evacuation Pause) 124601M->36612M(184320M) 187.369ms
[2025-10-15T05:26:47.561-0700][1246 ][info ][gc,cpu      ] GC(181) User=17.90s Sys=0.32s Real=0.19s
[2025-10-15T05:26:47.562-0700][1246 ][info ][safepoint   ] Safepoint "G1CollectForAllocation", Time since last: 1683313079 ns, Reaching safepoint: 1032556 ns, Cleanup: 18738 ns, At safepoint: 191033474 ns, Total: 192084768 ns
[2025-10-15T05:26:49.564-0700][1246 ][info ][safepoint   ] Safepoint "Cleanup", Time since last: 2000146904 ns, Reaching safepoint: 909030 ns, Cleanup: 25038 ns, At safepoint: 170847 ns, Total: 1104915 ns
[2025-10-15T05:26:50.565-0700][1246 ][info ][safepoint   ] Safepoint "Cleanup", Time since last: 1000122521 ns, Reaching safepoint: 931925 ns, Cleanup: 10215 ns, At safepoint: 257618 ns, Total: 1199758 ns
[2025-10-15T05:26:51.566-0700][1246 ][info ][safepoint   ] Safepoint "Cleanup", Time since last: 1000112296 ns, Reaching safepoint: 937092 ns, Cleanup: 16445 ns, At safepoint: 333723 ns, Total: 1287260 ns
[2025-10-15T05:26:53.576-0700][1246 ][info ][safepoint   ] Safepoint "Cleanup", Time since last: 2000163449 ns, Reaching safepoint: 7237297 ns, Cleanup: 14102 ns, At safepoint: 1832682 ns, Total: 9084081 ns
[2025-10-15T05:26:56.578-0700][1246 ][info ][safepoint   ] Safepoint "Cleanup", Time since last: 3000228393 ns, Reaching safepoint: 938614 ns, Cleanup: 21232 ns, At safepoint: 893867 ns, Total: 1853713 ns
[2025-10-15T05:26:57.558-0700][1246 ][info ][gc,start    ] GC(182) Pause Young (Normal) (G1 Evacuation Pause)
[2025-10-15T05:26:57.558-0700][1246 ][info ][gc,task     ] GC(182) Using 113 workers of 113 for evacuation
[2025-10-15T05:26:57.572-0700][1246 ][debug][gc,remset   ] GC(182) Visited cards 8623104 Total dirty 57409536 (15.02%) Total old 347340800 (2.48%)
[2025-10-15T05:26:57.766-0700][1246 ][info ][gc,mmu      ] GC(182) MMU target violated: 201.0ms (200.0ms/201.0ms)
[2025-10-15T05:26:57.766-0700][1246 ][info ][gc,phases   ] GC(182)   Pre Evacuate Collection Set: 0.8ms
[2025-10-15T05:26:57.766-0700][1246 ][info ][gc,phases   ] GC(182)   Merge Heap Roots: 13.1ms
[2025-10-15T05:26:57.766-0700][1246 ][info ][gc,phases   ] GC(182)   Evacuate Collection Set: 180.3ms
[2025-10-15T05:26:57.766-0700][1246 ][info ][gc,phases   ] GC(182)   Post Evacuate Collection Set: 13.2ms
[2025-10-15T05:26:57.766-0700][1246 ][info ][gc,phases   ] GC(182)   Other: 0.2ms
[2025-10-15T05:26:57.766-0700][1246 ][debug][gc,remset   ] GC(182) Coarsening (recent): Inline->AoC 34602 (0) AoC->Howl 139 (1) Howl->Full 0 (0) Inline->AoC 612 (1) AoC->BitMap 81 (0) BitMap->Full 0 (0) 
[2025-10-15T05:26:57.766-0700][1246 ][debug][gc,remset   ] GC(182) Coarsening (all): Inline->AoC 4500083 (48) AoC->Howl 107778 (158) Howl->Full 0 (0) Inline->AoC 450164 (40) AoC->BitMap 116595 (125) BitMap->Full 2 (0) 
[2025-10-15T05:26:57.766-0700][1246 ][info ][gc,heap     ] GC(182) Eden regions: 1945->0(2923)
[2025-10-15T05:26:57.766-0700][1246 ][info ][gc,heap     ] GC(182) Survivor regions: 253->185(275)
[2025-10-15T05:26:57.766-0700][1246 ][info ][gc,heap     ] GC(182) Old regions: 892->1000
[2025-10-15T05:26:57.766-0700][1246 ][info ][gc,heap     ] GC(182) Humongous regions: 12->0
[2025-10-15T05:26:57.766-0700][1246 ][info ][gc,metaspace] GC(182) Metaspace: 315750K(321600K)->315750K(321600K) NonClass: 278813K(281920K)->278813K(281920K) Class: 36936K(39680K)->36936K(39680K)
[2025-10-15T05:26:57.766-0700][1246 ][info ][gc          ] GC(182) Pause Young (Normal) (G1 Evacuation Pause) 99236M->37920M(184320M) 207.714ms
[2025-10-15T05:26:57.767-0700][1246 ][info ][gc,cpu      ] GC(182) User=19.61s Sys=0.17s Real=0.21s
[2025-10-15T05:26:57.768-0700][1246 ][info ][safepoint   ] Safepoint "G1CollectForAllocation", Time since last: 978267394 ns, Reaching safepoint: 932495 ns, Cleanup: 21933 ns, At safepoint: 211565057 ns, Total: 212519485 ns
[2025-10-15T05:26:58.770-0700][1246 ][info ][safepoint   ] Safepoint "Cleanup", Time since last: 1000083072 ns, Reaching safepoint: 879996 ns, Cleanup: 11978 ns, At safepoint: 300122 ns, Total: 1192096 ns
[2025-10-15T05:27:00.771-0700][1246 ][info ][safepoint   ] Safepoint "Cleanup", Time since last: 2000174226 ns, Reaching safepoint: 892344 ns, Cleanup: 20561 ns, At safepoint: 403408 ns, Total: 1316313 ns
[2025-10-15T05:27:04.209-0700][1246 ][info ][safepoint   ] Safepoint "Cleanup", Time since last: 3437358787 ns, Reaching safepoint: 679434 ns, Cleanup: 22554 ns, At safepoint: 140121 ns, Total: 842109 ns
[2025-10-15T05:27:05.210-0700][1246 ][info ][safepoint   ] Safepoint "Cleanup", Time since last: 1000100858 ns, Reaching safepoint: 729039 ns, Cleanup: 32689 ns, At safepoint: 167102 ns, Total: 928830 ns
[2025-10-15T05:27:06.212-0700][1246 ][info ][safepoint   ] Safepoint "Cleanup", Time since last: 1000116963 ns, Reaching safepoint: 1097153 ns, Cleanup: 13140 ns, At safepoint: 385321 ns, Total: 1495614 ns
[2025-10-15T05:27:08.227-0700][1246 ][info ][safepoint   ] Safepoint "Cleanup", Time since last: 2000192753 ns, Reaching safepoint: 13412404 ns, Cleanup: 19319 ns, At safepoint: 1028470 ns, Total: 14460193 ns
[2025-10-15T05:27:11.228-0700][1246 ][info ][safepoint   ] Safepoint "Cleanup", Time since last: 3000235253 ns, Reaching safepoint: 840767 ns, Cleanup: 21212 ns, At safepoint: 194423 ns, Total: 1056402 ns
[2025-10-15T05:27:13.229-0700][1246 ][info ][safepoint   ] Safepoint "Cleanup", Time since last: 2000174100 ns, Reaching safepoint: 941819 ns, Cleanup: 14031 ns, At safepoint: 232511 ns, Total: 1188361 ns
[2025-10-15T05:27:17.037-0700][1246 ][info ][gc,start    ] GC(183) Pause Young (Normal) (G1 Evacuation Pause)
[2025-10-15T05:27:17.037-0700][1246 ][info ][gc,task     ] GC(183) Using 113 workers of 113 for evacuation
[2025-10-15T05:27:17.052-0700][1246 ][debug][gc,remset   ] GC(183) Visited cards 8758272 Total dirty 64028672 (13.68%) Total old 476708864 (1.84%)
[2025-10-15T05:27:17.185-0700][1246 ][info ][gc,phases   ] GC(183)   Pre Evacuate Collection Set: 0.8ms
[2025-10-15T05:27:17.185-0700][1246 ][info ][gc,phases   ] GC(183)   Merge Heap Roots: 14.6ms
[2025-10-15T05:27:17.185-0700][1246 ][info ][gc,phases   ] GC(183)   Evacuate Collection Set: 118.8ms
[2025-10-15T05:27:17.185-0700][1246 ][info ][gc,phases   ] GC(183)   Post Evacuate Collection Set: 14.1ms
[2025-10-15T05:27:17.185-0700][1246 ][info ][gc,phases   ] GC(183)   Other: 0.2ms
[2025-10-15T05:27:17.185-0700][1246 ][debug][gc,remset   ] GC(183) Coarsening (recent): Inline->AoC 37892 (0) AoC->Howl 147 (0) Howl->Full 0 (0) Inline->AoC 428 (0) AoC->BitMap 120 (0) BitMap->Full 0 (0) 
[2025-10-15T05:27:17.185-0700][1246 ][debug][gc,remset   ] GC(183) Coarsening (all): Inline->AoC 4537975 (48) AoC->Howl 107925 (158) Howl->Full 0 (0) Inline->AoC 450592 (40) AoC->BitMap 116715 (125) BitMap->Full 2 (0) 
[2025-10-15T05:27:17.185-0700][1246 ][info ][gc,heap     ] GC(183) Eden regions: 2947->0(2930)
[2025-10-15T05:27:17.185-0700][1246 ][info ][gc,heap     ] GC(183) Survivor regions: 185->200(392)
[2025-10-15T05:27:17.185-0700][1246 ][info ][gc,heap     ] GC(183) Old regions: 1000->1000
[2025-10-15T05:27:17.185-0700][1246 ][info ][gc,heap     ] GC(183) Humongous regions: 10->0
[2025-10-15T05:27:17.185-0700][1246 ][info ][gc,metaspace] GC(183) Metaspace: 315801K(321664K)->315801K(321664K) NonClass: 278860K(281984K)->278860K(281984K) Class: 36941K(39680K)->36941K(39680K)
[2025-10-15T05:27:17.185-0700][1246 ][info ][gc          ] GC(183) Pause Young (Normal) (G1 Evacuation Pause) 132543M->38378M(184320M) 148.545ms
[2025-10-15T05:27:17.186-0700][1246 ][info ][gc,cpu      ] GC(183) User=15.14s Sys=0.26s Real=0.15s
[2025-10-15T05:27:17.187-0700][1246 ][info ][safepoint   ] Safepoint "G1CollectForAllocation", Time since last: 3805248793 ns, Reaching safepoint: 875179 ns, Cleanup: 5529 ns, At safepoint: 151962233 ns, Total: 152842941 ns
[2025-10-15T05:27:22.188-0700][1246 ][info ][safepoint   ] Safepoint "Cleanup", Time since last: 5000318958 ns, Reaching safepoint: 657631 ns, Cleanup: 14301 ns, At safepoint: 93641 ns, Total: 765573 ns
[2025-10-15T05:27:24.189-0700][1246 ][info ][safepoint   ] Safepoint "Cleanup", Time since last: 2000179728 ns, Reaching safepoint: 658563 ns, Cleanup: 28893 ns, At safepoint: 82525 ns, Total: 769981 ns
[2025-10-15T05:27:30.191-0700][1246 ][info ][safepoint   ] Safepoint "Cleanup", Time since last: 6000409047 ns, Reaching safepoint: 729159 ns, Cleanup: 30897 ns, At safepoint: 87932 ns, Total: 847988 ns
[2025-10-15T05:27:31.192-0700][1246 ][info ][safepoint   ] Safepoint "Cleanup", Time since last: 1000100846 ns, Reaching safepoint: 855088 ns, Cleanup: 20030 ns, At safepoint: 97728 ns, Total: 972846 ns
[2025-10-15T05:27:34.193-0700][1246 ][info ][safepoint   ] Safepoint "Cleanup", Time since last: 3000251609 ns, Reaching safepoint: 969231 ns, Cleanup: 16605 ns, At safepoint: 157127 ns, Total: 1142963 ns
[2025-10-15T05:27:35.194-0700][1246 ][info ][safepoint   ] Safepoint "Cleanup", Time since last: 1000071041 ns, Reaching safepoint: 873446 ns, Cleanup: 11647 ns, At safepoint: 195735 ns, Total: 1080828 ns
[2025-10-15T05:27:36.196-0700][1246 ][info ][safepoint   ] Safepoint "Cleanup", Time since last: 1000114286 ns, Reaching safepoint: 898354 ns, Cleanup: 16735 ns, At safepoint: 288776 ns, Total: 1203865 ns
[2025-10-15T05:27:37.197-0700][1246 ][info ][safepoint   ] Safepoint "Cleanup", Time since last: 1000114355 ns, Reaching safepoint: 945716 ns, Cleanup: 19068 ns, At safepoint: 643430 ns, Total: 1608214 ns
[2025-10-15T05:27:38.199-0700][1246 ][info ][safepoint   ] Safepoint "Cleanup", Time since last: 1000108457 ns, Reaching safepoint: 857362 ns, Cleanup: 13931 ns, At safepoint: 224278 ns, Total: 1095571 ns
[2025-10-15T05:27:38.562-0700][1246 ][info ][gc,start    ] GC(184) Pause Young (Normal) (G1 Evacuation Pause)
[2025-10-15T05:27:38.562-0700][1246 ][info ][gc,task     ] GC(184) Using 113 workers of 113 for evacuation
[2025-10-15T05:27:38.575-0700][1246 ][debug][gc,remset   ] GC(184) Visited cards 8863744 Total dirty 64094208 (13.83%) Total old 480706560 (1.84%)
[2025-10-15T05:27:38.736-0700][1246 ][info ][gc,phases   ] GC(184)   Pre Evacuate Collection Set: 0.7ms
[2025-10-15T05:27:38.736-0700][1246 ][info ][gc,phases   ] GC(184)   Merge Heap Roots: 12.6ms
[2025-10-15T05:27:38.736-0700][1246 ][info ][gc,phases   ] GC(184)   Evacuate Collection Set: 145.5ms
[2025-10-15T05:27:38.736-0700][1246 ][info ][gc,phases   ] GC(184)   Post Evacuate Collection Set: 15.3ms
[2025-10-15T05:27:38.736-0700][1246 ][info ][gc,phases   ] GC(184)   Other: 0.2ms
[2025-10-15T05:27:38.736-0700][1246 ][debug][gc,remset   ] GC(184) Coarsening (recent): Inline->AoC 46441 (1) AoC->Howl 67 (0) Howl->Full 0 (0) Inline->AoC 332 (0) AoC->BitMap 32 (1) BitMap->Full 0 (0) 
[2025-10-15T05:27:38.736-0700][1246 ][debug][gc,remset   ] GC(184) Coarsening (all): Inline->AoC 4584416 (49) AoC->Howl 107992 (158) Howl->Full 0 (0) Inline->AoC 450924 (40) AoC->BitMap 116747 (126) BitMap->Full 2 (0) 
[2025-10-15T05:27:38.736-0700][1246 ][info ][gc,heap     ] GC(184) Eden regions: 2958->0(2267)
[2025-10-15T05:27:38.736-0700][1246 ][info ][gc,heap     ] GC(184) Survivor regions: 200->244(395)
[2025-10-15T05:27:38.736-0700][1246 ][info ][gc,heap     ] GC(184) Old regions: 1000->1000
[2025-10-15T05:27:38.736-0700][1246 ][info ][gc,heap     ] GC(184) Humongous regions: 19->0
[2025-10-15T05:27:38.736-0700][1246 ][info ][gc,metaspace] GC(184) Metaspace: 315826K(321728K)->315826K(321728K) NonClass: 278883K(282048K)->278883K(282048K) Class: 36943K(39680K)->36943K(39680K)
[2025-10-15T05:27:38.736-0700][1246 ][info ][gc          ] GC(184) Pause Young (Normal) (G1 Evacuation Pause) 133642M->39792M(184320M) 174.400ms
[2025-10-15T05:27:38.737-0700][1246 ][info ][gc,cpu      ] GC(184) User=15.96s Sys=0.28s Real=0.17s
[2025-10-15T05:27:38.738-0700][1246 ][info ][safepoint   ] Safepoint "G1CollectForAllocation", Time since last: 361010450 ns, Reaching safepoint: 848329 ns, Cleanup: 6149 ns, At safepoint: 177891531 ns, Total: 178746009 ns
[2025-10-15T05:27:39.742-0700][1246 ][info ][safepoint   ] Safepoint "Cleanup", Time since last: 1000085542 ns, Reaching safepoint: 2803325 ns, Cleanup: 36315 ns, At safepoint: 1023362 ns, Total: 3863002 ns
[2025-10-15T05:27:40.746-0700][1246 ][info ][safepoint   ] Safepoint "Cleanup", Time since last: 1000117331 ns, Reaching safepoint: 1575564 ns, Cleanup: 22514 ns, At safepoint: 1845722 ns, Total: 3443800 ns
[2025-10-15T05:27:41.748-0700][1246 ][info ][safepoint   ] Safepoint "Cleanup", Time since last: 1000122728 ns, Reaching safepoint: 914669 ns, Cleanup: 18758 ns, At safepoint: 903952 ns, Total: 1837379 ns
[2025-10-15T05:27:42.760-0700][1246 ][info ][safepoint   ] Safepoint "Cleanup", Time since last: 1000115288 ns, Reaching safepoint: 10379463 ns, Cleanup: 12068 ns, At safepoint: 1717999 ns, Total: 12109530 ns
[2025-10-15T05:27:43.762-0700][1246 ][info ][safepoint   ] Safepoint "Cleanup", Time since last: 1000136639 ns, Reaching safepoint: 938234 ns, Cleanup: 109545 ns, At safepoint: 703120 ns, Total: 1750899 ns
[2025-10-15T05:27:44.699-0700][1246 ][info ][gc,start    ] GC(185) Pause Young (Normal) (G1 Evacuation Pause)
[2025-10-15T05:27:44.699-0700][1246 ][info ][gc,task     ] GC(185) Using 113 workers of 113 for evacuation
[2025-10-15T05:27:44.712-0700][1246 ][debug][gc,remset   ] GC(185) Visited cards 8862976 Total dirty 64094208 (13.83%) Total old 423952384 (2.09%)
[2025-10-15T05:27:44.911-0700][1246 ][info ][gc,mmu      ] GC(185) MMU target violated: 201.0ms (200.0ms/201.0ms)
[2025-10-15T05:27:44.911-0700][1246 ][info ][gc,phases   ] GC(185)   Pre Evacuate Collection Set: 0.7ms
[2025-10-15T05:27:44.911-0700][1246 ][info ][gc,phases   ] GC(185)   Merge Heap Roots: 12.7ms
[2025-10-15T05:27:44.911-0700][1246 ][info ][gc,phases   ] GC(185)   Evacuate Collection Set: 183.1ms
[2025-10-15T05:27:44.911-0700][1246 ][info ][gc,phases   ] GC(185)   Post Evacuate Collection Set: 15.0ms
[2025-10-15T05:27:44.911-0700][1246 ][info ][gc,phases   ] GC(185)   Other: 0.2ms
[2025-10-15T05:27:44.911-0700][1246 ][debug][gc,remset   ] GC(185) Coarsening (recent): Inline->AoC 23396 (0) AoC->Howl 98 (0) Howl->Full 0 (0) Inline->AoC 418 (0) AoC->BitMap 105 (0) BitMap->Full 0 (0) 
[2025-10-15T05:27:44.911-0700][1246 ][debug][gc,remset   ] GC(185) Coarsening (all): Inline->AoC 4607812 (49) AoC->Howl 108090 (158) Howl->Full 0 (0) Inline->AoC 451342 (40) AoC->BitMap 116852 (126) BitMap->Full 2 (0) 
[2025-10-15T05:27:44.911-0700][1246 ][info ][gc,heap     ] GC(185) Eden regions: 2484->0(3189)
[2025-10-15T05:27:44.911-0700][1246 ][info ][gc,heap     ] GC(185) Survivor regions: 244->200(341)
[2025-10-15T05:27:44.911-0700][1246 ][info ][gc,heap     ] GC(185) Old regions: 1000->1098
[2025-10-15T05:27:44.911-0700][1246 ][info ][gc,heap     ] GC(185) Humongous regions: 13->0
[2025-10-15T05:27:44.911-0700][1246 ][info ][gc,metaspace] GC(185) Metaspace: 315874K(321728K)->315874K(321728K) NonClass: 278925K(282048K)->278925K(282048K) Class: 36948K(39680K)->36948K(39680K)
[2025-10-15T05:27:44.911-0700][1246 ][info ][gc          ] GC(185) Pause Young (Normal) (G1 Evacuation Pause) 119696M->41504M(184320M) 211.820ms
[2025-10-15T05:27:44.912-0700][1246 ][info ][gc,cpu      ] GC(185) User=19.82s Sys=0.21s Real=0.21s
[2025-10-15T05:27:44.913-0700][1246 ][info ][safepoint   ] Safepoint "G1CollectForAllocation", Time since last: 934770616 ns, Reaching safepoint: 996041 ns, Cleanup: 45899 ns, At safepoint: 215488324 ns, Total: 216530264 ns
[2025-10-15T05:27:45.923-0700][1246 ][info ][safepoint   ] Safepoint "Cleanup", Time since last: 1000097620 ns, Reaching safepoint: 7089405 ns, Cleanup: 45058 ns, At safepoint: 2335710 ns, Total: 9470173 ns
[2025-10-15T05:27:46.924-0700][1246 ][info ][safepoint   ] Safepoint "Cleanup", Time since last: 1000108958 ns, Reaching safepoint: 796350 ns, Cleanup: 20881 ns, At safepoint: 705624 ns, Total: 1522855 ns
[2025-10-15T05:27:47.927-0700][1246 ][info ][safepoint   ] Safepoint "Cleanup", Time since last: 1000102197 ns, Reaching safepoint: 915670 ns, Cleanup: 11848 ns, At safepoint: 1492369 ns, Total: 2419887 ns
[2025-10-15T05:27:48.932-0700][1246 ][info ][safepoint   ] Safepoint "Cleanup", Time since last: 1000115708 ns, Reaching safepoint: 1675816 ns, Cleanup: 17837 ns, At safepoint: 3342046 ns, Total: 5035699 ns
[2025-10-15T05:27:49.935-0700][1246 ][info ][safepoint   ] Safepoint "Cleanup", Time since last: 1000154757 ns, Reaching safepoint: 1059667 ns, Cleanup: 11678 ns, At safepoint: 1759612 ns, Total: 2830957 ns
[2025-10-15T05:27:50.937-0700][1246 ][info ][safepoint   ] Safepoint "Cleanup", Time since last: 1000127545 ns, Reaching safepoint: 966617 ns, Cleanup: 11127 ns, At safepoint: 732073 ns, Total: 1709817 ns
[2025-10-15T05:27:51.941-0700][1246 ][info ][safepoint   ] Safepoint "Cleanup", Time since last: 1000116309 ns, Reaching safepoint: 2180747 ns, Cleanup: 19579 ns, At safepoint: 1440421 ns, Total: 3640747 ns
[2025-10-15T05:27:53.009-0700][1246 ][info ][gc,start    ] GC(186) Pause Young (Normal) (G1 Evacuation Pause)
[2025-10-15T05:27:53.009-0700][1246 ][info ][gc,task     ] GC(186) Using 113 workers of 113 for evacuation
[2025-10-15T05:27:53.024-0700][1246 ][debug][gc,remset   ] GC(186) Visited cards 9279744 Total dirty 69926912 (13.27%) Total old 505675776 (1.84%)
[2025-10-15T05:27:53.202-0700][1246 ][info ][gc,phases   ] GC(186)   Pre Evacuate Collection Set: 0.7ms
[2025-10-15T05:27:53.202-0700][1246 ][info ][gc,phases   ] GC(186)   Merge Heap Roots: 13.7ms
[2025-10-15T05:27:53.202-0700][1246 ][info ][gc,phases   ] GC(186)   Evacuate Collection Set: 162.7ms
[2025-10-15T05:27:53.202-0700][1246 ][info ][gc,phases   ] GC(186)   Post Evacuate Collection Set: 15.9ms
[2025-10-15T05:27:53.202-0700][1246 ][info ][gc,phases   ] GC(186)   Other: 0.2ms
[2025-10-15T05:27:53.202-0700][1246 ][debug][gc,remset   ] GC(186) Coarsening (recent): Inline->AoC 49965 (1) AoC->Howl 167 (2) Howl->Full 0 (0) Inline->AoC 633 (1) AoC->BitMap 83 (2) BitMap->Full 0 (0) 
[2025-10-15T05:27:53.202-0700][1246 ][debug][gc,remset   ] GC(186) Coarsening (all): Inline->AoC 4657777 (50) AoC->Howl 108257 (160) Howl->Full 0 (0) Inline->AoC 451975 (41) AoC->BitMap 116935 (128) BitMap->Full 2 (0) 
[2025-10-15T05:27:53.202-0700][1246 ][info ][gc,heap     ] GC(186) Eden regions: 3101->0(1946)
[2025-10-15T05:27:53.202-0700][1246 ][info ][gc,heap     ] GC(186) Survivor regions: 200->252(413)
[2025-10-15T05:27:53.202-0700][1246 ][info ][gc,heap     ] GC(186) Old regions: 1098->1098
[2025-10-15T05:27:53.202-0700][1246 ][info ][gc,heap     ] GC(186) Humongous regions: 16->0
[2025-10-15T05:27:53.202-0700][1246 ][info ][gc,metaspace] GC(186) Metaspace: 315957K(321856K)->315957K(321856K) NonClass: 278999K(282176K)->278999K(282176K) Class: 36957K(39680K)->36957K(39680K)
[2025-10-15T05:27:53.202-0700][1246 ][info ][gc          ] GC(186) Pause Young (Normal) (G1 Evacuation Pause) 141248M->43188M(184320M) 193.369ms
[2025-10-15T05:27:53.204-0700][1246 ][info ][gc,cpu      ] GC(186) User=17.84s Sys=0.38s Real=0.19s
[2025-10-15T05:27:53.205-0700][1246 ][info ][safepoint   ] Safepoint "G1CollectForAllocation", Time since last: 1066004229 ns, Reaching safepoint: 1224135 ns, Cleanup: 4717 ns, At safepoint: 196961321 ns, Total: 198190173 ns
[2025-10-15T05:27:54.206-0700][1246 ][info ][safepoint   ] Safepoint "Cleanup", Time since last: 1000090580 ns, Reaching safepoint: 848529 ns, Cleanup: 48923 ns, At safepoint: 164749 ns, Total: 1062201 ns
[2025-10-15T05:27:57.207-0700][1246 ][info ][safepoint   ] Safepoint "Cleanup", Time since last: 3000235505 ns, Reaching safepoint: 919656 ns, Cleanup: 34792 ns, At safepoint: 234754 ns, Total: 1189202 ns
[2025-10-15T05:27:58.209-0700][1246 ][info ][safepoint   ] Safepoint "Cleanup", Time since last: 1000113835 ns, Reaching safepoint: 1290735 ns, Cleanup: 13000 ns, At safepoint: 440614 ns, Total: 1744349 ns
[2025-10-15T05:27:59.212-0700][1246 ][info ][safepoint   ] Safepoint "Cleanup", Time since last: 1000121687 ns, Reaching safepoint: 1717539 ns, Cleanup: 30315 ns, At safepoint: 1153499 ns, Total: 2901353 ns
[2025-10-15T05:27:59.782-0700][1246 ][info ][gc,start    ] GC(187) Pause Young (Normal) (G1 Evacuation Pause)
[2025-10-15T05:27:59.782-0700][1246 ][info ][gc,task     ] GC(187) Using 113 workers of 113 for evacuation
[2025-10-15T05:27:59.795-0700][1246 ][debug][gc,remset   ] GC(187) Visited cards 9295104 Total dirty 69861376 (13.31%) Total old 371195904 (2.50%)
[2025-10-15T05:27:59.993-0700][1246 ][info ][gc,mmu      ] GC(187) MMU target violated: 201.0ms (200.0ms/201.0ms)
[2025-10-15T05:27:59.993-0700][1246 ][info ][gc,phases   ] GC(187)   Pre Evacuate Collection Set: 0.9ms
[2025-10-15T05:27:59.993-0700][1246 ][info ][gc,phases   ] GC(187)   Merge Heap Roots: 12.0ms
[2025-10-15T05:27:59.993-0700][1246 ][info ][gc,phases   ] GC(187)   Evacuate Collection Set: 185.9ms
[2025-10-15T05:27:59.994-0700][1246 ][info ][gc,phases   ] GC(187)   Post Evacuate Collection Set: 12.9ms
[2025-10-15T05:27:59.994-0700][1246 ][info ][gc,phases   ] GC(187)   Other: 0.2ms
[2025-10-15T05:27:59.994-0700][1246 ][debug][gc,remset   ] GC(187) Coarsening (recent): Inline->AoC 36901 (1) AoC->Howl 91 (2) Howl->Full 0 (0) Inline->AoC 412 (0) AoC->BitMap 48 (1) BitMap->Full 0 (0) 
[2025-10-15T05:27:59.994-0700][1246 ][debug][gc,remset   ] GC(187) Coarsening (all): Inline->AoC 4694678 (51) AoC->Howl 108348 (162) Howl->Full 0 (0) Inline->AoC 452387 (41) AoC->BitMap 116983 (129) BitMap->Full 2 (0) 
[2025-10-15T05:27:59.994-0700][1246 ][info ][gc,heap     ] GC(187) Eden regions: 2026->0(3265)
[2025-10-15T05:27:59.994-0700][1246 ][info ][gc,heap     ] GC(187) Survivor regions: 252->191(285)
[2025-10-15T05:27:59.994-0700][1246 ][info ][gc,heap     ] GC(187) Old regions: 1098->1202
[2025-10-15T05:27:59.994-0700][1246 ][info ][gc,heap     ] GC(187) Humongous regions: 10->0
[2025-10-15T05:27:59.994-0700][1246 ][info ][gc,metaspace] GC(187) Metaspace: 315998K(321856K)->315998K(321856K) NonClass: 279039K(282176K)->279039K(282176K) Class: 36958K(39680K)->36958K(39680K)
[2025-10-15T05:27:59.994-0700][1246 ][info ][gc          ] GC(187) Pause Young (Normal) (G1 Evacuation Pause) 108340M->44550M(184320M) 211.995ms
[2025-10-15T05:27:59.995-0700][1246 ][info ][gc,cpu      ] GC(187) User=18.90s Sys=0.21s Real=0.21s
[2025-10-15T05:27:59.996-0700][1246 ][info ][safepoint   ] Safepoint "G1CollectForAllocation", Time since last: 566548998 ns, Reaching safepoint: 1325067 ns, Cleanup: 18608 ns, At safepoint: 216009999 ns, Total: 217353674 ns
[2025-10-15T05:28:00.998-0700][1246 ][info ][safepoint   ] Safepoint "Cleanup", Time since last: 1000098793 ns, Reaching safepoint: 819875 ns, Cleanup: 24747 ns, At safepoint: 675669 ns, Total: 1520291 ns
[2025-10-15T05:28:02.262-0700][1246 ][info ][safepoint   ] Safepoint "Cleanup", Time since last: 1263413565 ns, Reaching safepoint: 828799 ns, Cleanup: 20901 ns, At safepoint: 249126 ns, Total: 1098826 ns
[2025-10-15T05:28:03.264-0700][1246 ][info ][safepoint   ] Safepoint "Cleanup", Time since last: 1000115718 ns, Reaching safepoint: 820015 ns, Cleanup: 11157 ns, At safepoint: 518442 ns, Total: 1349614 ns
[2025-10-15T05:28:04.266-0700][1246 ][info ][safepoint   ] Safepoint "Cleanup", Time since last: 1000116749 ns, Reaching safepoint: 982371 ns, Cleanup: 21021 ns, At safepoint: 812335 ns, Total: 1815727 ns
[2025-10-15T05:28:05.268-0700][1246 ][info ][safepoint   ] Safepoint "Cleanup", Time since last: 1000118301 ns, Reaching safepoint: 931514 ns, Cleanup: 16555 ns, At safepoint: 760076 ns, Total: 1708145 ns
[2025-10-15T05:28:06.269-0700][1246 ][info ][safepoint   ] Safepoint "Cleanup", Time since last: 1000112813 ns, Reaching safepoint: 939326 ns, Cleanup: 10776 ns, At safepoint: 546474 ns, Total: 1496576 ns
[2025-10-15T05:28:07.271-0700][1246 ][info ][safepoint   ] Safepoint "Cleanup", Time since last: 1000124361 ns, Reaching safepoint: 902730 ns, Cleanup: 14191 ns, At safepoint: 663330 ns, Total: 1580251 ns
[2025-10-15T05:28:07.850-0700][1246 ][info ][gc,start    ] GC(188) Pause Young (Normal) (G1 Evacuation Pause)
[2025-10-15T05:28:07.850-0700][1246 ][info ][gc,task     ] GC(188) Using 113 workers of 113 for evacuation
[2025-10-15T05:28:07.863-0700][1246 ][debug][gc,remset   ] GC(188) Visited cards 9378048 Total dirty 75235328 (12.46%) Total old 532480000 (1.76%)
[2025-10-15T05:28:08.010-0700][1246 ][info ][gc,phases   ] GC(188)   Pre Evacuate Collection Set: 0.7ms
[2025-10-15T05:28:08.010-0700][1246 ][info ][gc,phases   ] GC(188)   Merge Heap Roots: 12.7ms
[2025-10-15T05:28:08.010-0700][1246 ][info ][gc,phases   ] GC(188)   Evacuate Collection Set: 131.6ms
[2025-10-15T05:28:08.010-0700][1246 ][info ][gc,phases   ] GC(188)   Post Evacuate Collection Set: 15.0ms
[2025-10-15T05:28:08.010-0700][1246 ][info ][gc,phases   ] GC(188)   Other: 0.2ms
[2025-10-15T05:28:08.010-0700][1246 ][debug][gc,remset   ] GC(188) Coarsening (recent): Inline->AoC 25834 (0) AoC->Howl 126 (0) Howl->Full 0 (0) Inline->AoC 355 (0) AoC->BitMap 93 (0) BitMap->Full 0 (0) 
[2025-10-15T05:28:08.010-0700][1246 ][debug][gc,remset   ] GC(188) Coarsening (all): Inline->AoC 4720512 (51) AoC->Howl 108474 (162) Howl->Full 0 (0) Inline->AoC 452742 (41) AoC->BitMap 117076 (129) BitMap->Full 2 (0) 
[2025-10-15T05:28:08.010-0700][1246 ][info ][gc,heap     ] GC(188) Eden regions: 3265->0(3243)
[2025-10-15T05:28:08.010-0700][1246 ][info ][gc,heap     ] GC(188) Survivor regions: 191->213(432)
[2025-10-15T05:28:08.010-0700][1246 ][info ][gc,heap     ] GC(188) Old regions: 1202->1202
[2025-10-15T05:28:08.010-0700][1246 ][info ][gc,heap     ] GC(188) Humongous regions: 11->0
[2025-10-15T05:28:08.010-0700][1246 ][info ][gc,metaspace] GC(188) Metaspace: 316064K(321920K)->316064K(321920K) NonClass: 279106K(282240K)->279106K(282240K) Class: 36958K(39680K)->36958K(39680K)
[2025-10-15T05:28:08.010-0700][1246 ][info ][gc          ] GC(188) Pause Young (Normal) (G1 Evacuation Pause) 149382M->45254M(184320M) 160.331ms
[2025-10-15T05:28:08.011-0700][1246 ][info ][gc,cpu      ] GC(188) User=14.78s Sys=0.19s Real=0.16s
[2025-10-15T05:28:08.012-0700][1246 ][info ][safepoint   ] Safepoint "G1CollectForAllocation", Time since last: 576728680 ns, Reaching safepoint: 927308 ns, Cleanup: 4446 ns, At safepoint: 163885423 ns, Total: 164817177 ns
[2025-10-15T05:28:09.014-0700][1246 ][info ][safepoint   ] Safepoint "Cleanup", Time since last: 1000102848 ns, Reaching safepoint: 843672 ns, Cleanup: 15563 ns, At safepoint: 375806 ns, Total: 1235041 ns
[2025-10-15T05:28:10.015-0700][1246 ][info ][safepoint   ] Safepoint "Cleanup", Time since last: 1000113675 ns, Reaching safepoint: 841088 ns, Cleanup: 11547 ns, At safepoint: 752154 ns, Total: 1604789 ns
[2025-10-15T05:28:12.018-0700][1246 ][info ][safepoint   ] Safepoint "Cleanup", Time since last: 2000178927 ns, Reaching safepoint: 1688614 ns, Cleanup: 23766 ns, At safepoint: 805745 ns, Total: 2518125 ns
[2025-10-15T05:28:14.020-0700][1246 ][info ][safepoint   ] Safepoint "Cleanup", Time since last: 2000210103 ns, Reaching safepoint: 1011685 ns, Cleanup: 14362 ns, At safepoint: 589488 ns, Total: 1615535 ns
[2025-10-15T05:28:14.672-0700][1246 ][info ][gc,start    ] GC(189) Pause Young (Normal) (G1 Evacuation Pause)
[2025-10-15T05:28:14.672-0700][1246 ][info ][gc,task     ] GC(189) Using 113 workers of 113 for evacuation
[2025-10-15T05:28:14.685-0700][1246 ][debug][gc,remset   ] GC(189) Visited cards 9326336 Total dirty 75300864 (12.39%) Total old 532283392 (1.75%)
[2025-10-15T05:28:14.852-0700][1246 ][info ][gc,phases   ] GC(189)   Pre Evacuate Collection Set: 0.7ms
[2025-10-15T05:28:14.852-0700][1246 ][info ][gc,phases   ] GC(189)   Merge Heap Roots: 11.8ms
[2025-10-15T05:28:14.852-0700][1246 ][info ][gc,phases   ] GC(189)   Evacuate Collection Set: 151.2ms
[2025-10-15T05:28:14.852-0700][1246 ][info ][gc,phases   ] GC(189)   Post Evacuate Collection Set: 15.3ms
[2025-10-15T05:28:14.852-0700][1246 ][info ][gc,phases   ] GC(189)   Other: 0.2ms
[2025-10-15T05:28:14.852-0700][1246 ][debug][gc,remset   ] GC(189) Coarsening (recent): Inline->AoC 32681 (0) AoC->Howl 38 (1) Howl->Full 0 (0) Inline->AoC 184 (0) AoC->BitMap 11 (0) BitMap->Full 0 (0) 
[2025-10-15T05:28:14.852-0700][1246 ][debug][gc,remset   ] GC(189) Coarsening (all): Inline->AoC 4753193 (51) AoC->Howl 108512 (163) Howl->Full 0 (0) Inline->AoC 452926 (41) AoC->BitMap 117087 (129) BitMap->Full 2 (0) 
[2025-10-15T05:28:14.852-0700][1246 ][info ][gc,heap     ] GC(189) Eden regions: 3243->0(2497)
[2025-10-15T05:28:14.852-0700][1246 ][info ][gc,heap     ] GC(189) Survivor regions: 213->256(432)
[2025-10-15T05:28:14.852-0700][1246 ][info ][gc,heap     ] GC(189) Old regions: 1202->1202
[2025-10-15T05:28:14.852-0700][1246 ][info ][gc,heap     ] GC(189) Humongous regions: 8->0
[2025-10-15T05:28:14.852-0700][1246 ][info ][gc,metaspace] GC(189) Metaspace: 316092K(321984K)->316092K(321984K) NonClass: 279132K(282304K)->279132K(282304K) Class: 36960K(39680K)->36960K(39680K)
[2025-10-15T05:28:14.852-0700][1246 ][info ][gc          ] GC(189) Pause Young (Normal) (G1 Evacuation Pause) 149286M->46630M(184320M) 179.441ms
[2025-10-15T05:28:14.853-0700][1246 ][info ][gc,cpu      ] GC(189) User=17.23s Sys=0.38s Real=0.18s
[2025-10-15T05:28:14.854-0700][1246 ][info ][safepoint   ] Safepoint "G1CollectForAllocation", Time since last: 650327261 ns, Reaching safepoint: 786565 ns, Cleanup: 26921 ns, At safepoint: 182948382 ns, Total: 183761868 ns
[2025-10-15T05:28:15.856-0700][1246 ][info ][safepoint   ] Safepoint "Cleanup", Time since last: 1000087905 ns, Reaching safepoint: 1505800 ns, Cleanup: 36395 ns, At safepoint: 296827 ns, Total: 1839022 ns
[2025-10-15T05:28:16.857-0700][1246 ][info ][safepoint   ] Safepoint "Cleanup", Time since last: 1000110565 ns, Reaching safepoint: 757081 ns, Cleanup: 27932 ns, At safepoint: 162515 ns, Total: 947528 ns
[2025-10-15T05:28:17.858-0700][1246 ][info ][safepoint   ] Safepoint "Cleanup", Time since last: 1000108201 ns, Reaching safepoint: 877372 ns, Cleanup: 12940 ns, At safepoint: 263196 ns, Total: 1153508 ns
[2025-10-15T05:28:18.866-0700][1246 ][info ][safepoint   ] Safepoint "Cleanup", Time since last: 1000101531 ns, Reaching safepoint: 5196953 ns, Cleanup: 15654 ns, At safepoint: 2082438 ns, Total: 7295045 ns
[2025-10-15T05:28:19.868-0700][1246 ][info ][safepoint   ] Safepoint "Cleanup", Time since last: 1000079598 ns, Reaching safepoint: 930563 ns, Cleanup: 30947 ns, At safepoint: 894818 ns, Total: 1856328 ns
[2025-10-15T05:28:20.870-0700][1246 ][info ][safepoint   ] Safepoint "Cleanup", Time since last: 1000117545 ns, Reaching safepoint: 1085717 ns, Cleanup: 26750 ns, At safepoint: 1520382 ns, Total: 2632849 ns
[2025-10-15T05:28:21.888-0700][1246 ][info ][safepoint   ] Safepoint "Cleanup", Time since last: 1000142542 ns, Reaching safepoint: 15937742 ns, Cleanup: 23816 ns, At safepoint: 1934786 ns, Total: 17896344 ns
[2025-10-15T05:28:22.891-0700][1246 ][info ][safepoint   ] Safepoint "Cleanup", Time since last: 1000116423 ns, Reaching safepoint: 1039126 ns, Cleanup: 12810 ns, At safepoint: 862159 ns, Total: 1914095 ns
[2025-10-15T05:28:24.202-0700][1246 ][info ][gc,start    ] GC(190) Pause Young (Normal) (G1 Evacuation Pause)
[2025-10-15T05:28:24.202-0700][1246 ][info ][gc,task     ] GC(190) Using 113 workers of 113 for evacuation
[2025-10-15T05:28:24.215-0700][1246 ][debug][gc,remset   ] GC(190) Visited cards 9458944 Total dirty 75235328 (12.57%) Total old 464846848 (2.03%)
[2025-10-15T05:28:24.384-0700][1246 ][info ][gc,phases   ] GC(190)   Pre Evacuate Collection Set: 0.7ms
[2025-10-15T05:28:24.384-0700][1246 ][info ][gc,phases   ] GC(190)   Merge Heap Roots: 12.3ms
[2025-10-15T05:28:24.384-0700][1246 ][info ][gc,phases   ] GC(190)   Evacuate Collection Set: 154.5ms
[2025-10-15T05:28:24.384-0700][1246 ][info ][gc,phases   ] GC(190)   Post Evacuate Collection Set: 14.3ms
[2025-10-15T05:28:24.384-0700][1246 ][info ][gc,phases   ] GC(190)   Other: 0.2ms
[2025-10-15T05:28:24.384-0700][1246 ][debug][gc,remset   ] GC(190) Coarsening (recent): Inline->AoC 19538 (0) AoC->Howl 67 (0) Howl->Full 0 (0) Inline->AoC 309 (0) AoC->BitMap 52 (0) BitMap->Full 0 (0) 
[2025-10-15T05:28:24.384-0700][1246 ][debug][gc,remset   ] GC(190) Coarsening (all): Inline->AoC 4772731 (51) AoC->Howl 108579 (163) Howl->Full 0 (0) Inline->AoC 453235 (41) AoC->BitMap 117139 (129) BitMap->Full 2 (0) 
[2025-10-15T05:28:24.384-0700][1246 ][info ][gc,heap     ] GC(190) Eden regions: 2686->0(3263)
[2025-10-15T05:28:24.384-0700][1246 ][info ][gc,heap     ] GC(190) Survivor regions: 256->193(368)
[2025-10-15T05:28:24.384-0700][1246 ][info ][gc,heap     ] GC(190) Old regions: 1202->1278
[2025-10-15T05:28:24.384-0700][1246 ][info ][gc,heap     ] GC(190) Humongous regions: 7->0
[2025-10-15T05:28:24.384-0700][1246 ][info ][gc,metaspace] GC(190) Metaspace: 316457K(322496K)->316457K(322496K) NonClass: 279462K(282688K)->279462K(282688K) Class: 36995K(39808K)->36995K(39808K)
[2025-10-15T05:28:24.384-0700][1246 ][info ][gc          ] GC(190) Pause Young (Normal) (G1 Evacuation Pause) 132806M->47049M(184320M) 182.232ms
[2025-10-15T05:28:24.385-0700][1246 ][info ][gc,cpu      ] GC(190) User=17.75s Sys=0.27s Real=0.18s
[2025-10-15T05:28:24.387-0700][1246 ][info ][safepoint   ] Safepoint "G1CollectForAllocation", Time since last: 1309474097 ns, Reaching safepoint: 884232 ns, Cleanup: 4056 ns, At safepoint: 185681609 ns, Total: 186569897 ns
[2025-10-15T05:28:26.596-0700][1246 ][info ][gc,start    ] GC(191) Pause Young (Concurrent Start) (G1 Humongous Allocation)
[2025-10-15T05:28:26.596-0700][1246 ][info ][gc,task     ] GC(191) Using 113 workers of 113 for evacuation
[2025-10-15T05:28:26.608-0700][1246 ][debug][gc,remset   ] GC(191) Visited cards 9359616 Total dirty 79233024 (11.81%) Total old 169345024 (5.53%)
[2025-10-15T05:28:26.735-0700][1246 ][info ][gc,phases   ] GC(191)   Pre Evacuate Collection Set: 0.9ms
[2025-10-15T05:28:26.735-0700][1246 ][info ][gc,phases   ] GC(191)   Merge Heap Roots: 10.8ms
[2025-10-15T05:28:26.735-0700][1246 ][info ][gc,phases   ] GC(191)   Evacuate Collection Set: 116.5ms
[2025-10-15T05:28:26.735-0700][1246 ][info ][gc,phases   ] GC(191)   Post Evacuate Collection Set: 10.7ms
[2025-10-15T05:28:26.735-0700][1246 ][info ][gc,phases   ] GC(191)   Other: 0.1ms
[2025-10-15T05:28:26.735-0700][1246 ][debug][gc,remset   ] GC(191) Coarsening (recent): Inline->AoC 0 (0) AoC->Howl 0 (0) Howl->Full 0 (0) Inline->AoC 0 (0) AoC->BitMap 0 (0) BitMap->Full 0 (0) 
[2025-10-15T05:28:26.735-0700][1246 ][debug][gc,remset   ] GC(191) Coarsening (all): Inline->AoC 4772731 (51) AoC->Howl 108579 (163) Howl->Full 0 (0) Inline->AoC 453235 (41) AoC->BitMap 117139 (129) BitMap->Full 2 (0) 
[2025-10-15T05:28:26.735-0700][1246 ][info ][gc,heap     ] GC(191) Eden regions: 460->0(3253)
[2025-10-15T05:28:26.735-0700][1246 ][info ][gc,heap     ] GC(191) Survivor regions: 193->203(432)
[2025-10-15T05:28:26.735-0700][1246 ][info ][gc,heap     ] GC(191) Old regions: 1278->1278
[2025-10-15T05:28:26.735-0700][1246 ][info ][gc,heap     ] GC(191) Humongous regions: 0->0
[2025-10-15T05:28:26.735-0700][1246 ][info ][gc,metaspace] GC(191) Metaspace: 316457K(322496K)->316457K(322496K) NonClass: 279462K(282688K)->279462K(282688K) Class: 36995K(39808K)->36995K(39808K)
[2025-10-15T05:28:26.735-0700][1246 ][info ][gc          ] GC(191) Pause Young (Concurrent Start) (G1 Humongous Allocation) 61743M->47356M(184320M) 139.158ms
[2025-10-15T05:28:26.736-0700][1085 ][info ][gc          ] GC(192) Concurrent Mark Cycle
[2025-10-15T05:28:26.736-0700][1085 ][info ][gc,marking  ] GC(192) Concurrent Scan Root Regions
[2025-10-15T05:28:26.737-0700][1246 ][info ][gc,cpu      ] GC(191) User=12.77s Sys=0.09s Real=0.14s
[2025-10-15T05:28:26.739-0700][1246 ][info ][safepoint   ] Safepoint "G1TryInitiateConcMark", Time since last: 2207608754 ns, Reaching safepoint: 918474 ns, Cleanup: 6871 ns, At safepoint: 143433833 ns, Total: 144359178 ns
[2025-10-15T05:28:26.802-0700][1085 ][info ][gc,marking  ] GC(192) Concurrent Scan Root Regions 65.760ms
[2025-10-15T05:28:26.802-0700][1085 ][info ][gc,marking  ] GC(192) Concurrent Mark
[2025-10-15T05:28:26.802-0700][1085 ][info ][gc,marking  ] GC(192) Concurrent Mark From Roots
[2025-10-15T05:28:26.802-0700][1085 ][info ][gc,task     ] GC(192) Using 36 workers of 36 for marking
[2025-10-15T05:28:27.015-0700][1085 ][info ][gc,marking  ] GC(192) Concurrent Mark From Roots 213.461ms
[2025-10-15T05:28:27.015-0700][1085 ][info ][gc,marking  ] GC(192) Concurrent Preclean
[2025-10-15T05:28:27.047-0700][1085 ][info ][gc,marking  ] GC(192) Concurrent Preclean 32.356ms
[2025-10-15T05:28:27.050-0700][1246 ][info ][gc,start    ] GC(192) Pause Remark
[2025-10-15T05:28:27.234-0700][1246 ][info ][gc          ] GC(192) Pause Remark 49967M->49551M(184320M) 184.838ms
[2025-10-15T05:28:27.236-0700][1246 ][info ][gc,cpu      ] GC(192) User=12.91s Sys=0.07s Real=0.18s
[2025-10-15T05:28:27.239-0700][1246 ][info ][safepoint   ] Safepoint "G1PauseRemark", Time since last: 308950880 ns, Reaching safepoint: 919716 ns, Cleanup: 4377 ns, At safepoint: 190816929 ns, Total: 191741022 ns
[2025-10-15T05:28:27.240-0700][1085 ][info ][gc,marking  ] GC(192) Concurrent Mark 438.204ms
[2025-10-15T05:28:27.240-0700][1085 ][info ][gc,marking  ] GC(192) Concurrent Rebuild Remembered Sets and Scrub Regions
[2025-10-15T05:28:27.584-0700][1085 ][info ][gc,marking  ] GC(192) Concurrent Rebuild Remembered Sets and Scrub Regions 344.508ms
[2025-10-15T05:28:27.589-0700][1246 ][info ][gc,start    ] GC(192) Pause Cleanup
[2025-10-15T05:28:27.591-0700][1246 ][info ][gc          ] GC(192) Pause Cleanup 52215M->52215M(184320M) 1.982ms
[2025-10-15T05:28:27.592-0700][1246 ][info ][gc,cpu      ] GC(192) User=0.02s Sys=0.00s Real=0.00s
[2025-10-15T05:28:27.593-0700][1246 ][info ][safepoint   ] Safepoint "G1PauseCleanup", Time since last: 345214486 ns, Reaching safepoint: 3557722 ns, Cleanup: 30416 ns, At safepoint: 4540043 ns, Total: 8128181 ns
[2025-10-15T05:28:27.593-0700][1085 ][info ][gc,marking  ] GC(192) Concurrent Clear Claimed Marks
[2025-10-15T05:28:27.594-0700][1085 ][info ][gc,marking  ] GC(192) Concurrent Clear Claimed Marks 0.982ms
[2025-10-15T05:28:27.594-0700][1085 ][info ][gc,marking  ] GC(192) Concurrent Cleanup for Next Mark
[2025-10-15T05:28:27.621-0700][1085 ][info ][gc,marking  ] GC(192) Concurrent Cleanup for Next Mark 27.332ms
[2025-10-15T05:28:27.621-0700][1085 ][info ][gc          ] GC(192) Concurrent Mark Cycle 885.267ms
[2025-10-15T05:28:28.593-0700][1246 ][info ][safepoint   ] Safepoint "Cleanup", Time since last: 1000084645 ns, Reaching safepoint: 717852 ns, Cleanup: 15434 ns, At safepoint: 117707 ns, Total: 850993 ns
[2025-10-15T05:28:32.595-0700][1246 ][info ][safepoint   ] Safepoint "Cleanup", Time since last: 4000279794 ns, Reaching safepoint: 863261 ns, Cleanup: 12949 ns, At safepoint: 196046 ns, Total: 1072256 ns
[2025-10-15T05:28:34.596-0700][1246 ][info ][safepoint   ] Safepoint "Cleanup", Time since last: 2000165255 ns, Reaching safepoint: 862460 ns, Cleanup: 12008 ns, At safepoint: 253902 ns, Total: 1128370 ns
[2025-10-15T05:28:35.597-0700][1246 ][info ][safepoint   ] Safepoint "Cleanup", Time since last: 1000110335 ns, Reaching safepoint: 898544 ns, Cleanup: 10385 ns, At safepoint: 253733 ns, Total: 1162662 ns
[2025-10-15T05:28:38.289-0700][1246 ][info ][gc,start    ] GC(193) Pause Young (Prepare Mixed) (G1 Evacuation Pause)
[2025-10-15T05:28:38.289-0700][1246 ][info ][gc,task     ] GC(193) Using 113 workers of 113 for evacuation
[2025-10-15T05:28:38.304-0700][1246 ][debug][gc,remset   ] GC(193) Visited cards 9888000 Total dirty 79298560 (12.47%) Total old 536412160 (1.84%)
[2025-10-15T05:28:38.453-0700][1246 ][info ][gc,phases   ] GC(193)   Pre Evacuate Collection Set: 0.8ms
[2025-10-15T05:28:38.453-0700][1246 ][info ][gc,phases   ] GC(193)   Merge Heap Roots: 13.8ms
[2025-10-15T05:28:38.453-0700][1246 ][info ][gc,phases   ] GC(193)   Evacuate Collection Set: 134.8ms
[2025-10-15T05:28:38.453-0700][1246 ][info ][gc,phases   ] GC(193)   Post Evacuate Collection Set: 13.8ms
[2025-10-15T05:28:38.453-0700][1246 ][info ][gc,phases   ] GC(193)   Other: 0.2ms
[2025-10-15T05:28:38.453-0700][1246 ][debug][gc,remset   ] GC(193) Coarsening (recent): Inline->AoC 163010 (1) AoC->Howl 8641 (0) Howl->Full 0 (0) Inline->AoC 36735 (0) AoC->BitMap 9556 (0) BitMap->Full 0 (0) 
[2025-10-15T05:28:38.453-0700][1246 ][debug][gc,remset   ] GC(193) Coarsening (all): Inline->AoC 4935741 (52) AoC->Howl 117220 (163) Howl->Full 0 (0) Inline->AoC 489970 (41) AoC->BitMap 126695 (129) BitMap->Full 2 (0) 
[2025-10-15T05:28:38.453-0700][1246 ][info ][gc,heap     ] GC(193) Eden regions: 3253->0(2408)
[2025-10-15T05:28:38.453-0700][1246 ][info ][gc,heap     ] GC(193) Survivor regions: 203->238(432)
[2025-10-15T05:28:38.453-0700][1246 ][info ][gc,heap     ] GC(193) Old regions: 1265->1265
[2025-10-15T05:28:38.453-0700][1246 ][info ][gc,heap     ] GC(193) Humongous regions: 8->0
[2025-10-15T05:28:38.453-0700][1246 ][info ][gc,metaspace] GC(193) Metaspace: 316424K(322496K)->316424K(322496K) NonClass: 279438K(282688K)->279438K(282688K) Class: 36986K(39808K)->36986K(39808K)
[2025-10-15T05:28:38.453-0700][1246 ][info ][gc          ] GC(193) Pause Young (Prepare Mixed) (G1 Evacuation Pause) 151292M->48060M(184320M) 163.494ms
[2025-10-15T05:28:38.454-0700][1246 ][info ][gc,cpu      ] GC(193) User=16.16s Sys=0.17s Real=0.16s
[2025-10-15T05:28:38.455-0700][1246 ][info ][safepoint   ] Safepoint "G1CollectForAllocation", Time since last: 2689877267 ns, Reaching safepoint: 852385 ns, Cleanup: 14121 ns, At safepoint: 167050388 ns, Total: 167916894 ns
[2025-10-15T05:28:41.459-0700][1246 ][info ][safepoint   ] Safepoint "Cleanup", Time since last: 3000230472 ns, Reaching safepoint: 3117278 ns, Cleanup: 18949 ns, At safepoint: 572122 ns, Total: 3708349 ns
[2025-10-15T05:28:42.460-0700][1246 ][info ][safepoint   ] Safepoint "Cleanup", Time since last: 1000118196 ns, Reaching safepoint: 774928 ns, Cleanup: 10796 ns, At safepoint: 349988 ns, Total: 1135712 ns
[2025-10-15T05:28:43.462-0700][1246 ][info ][safepoint   ] Safepoint "Cleanup", Time since last: 1000107710 ns, Reaching safepoint: 855439 ns, Cleanup: 27532 ns, At safepoint: 504210 ns, Total: 1387181 ns
[2025-10-15T05:28:44.476-0700][1246 ][info ][safepoint   ] Safepoint "Cleanup", Time since last: 1000105727 ns, Reaching safepoint: 11468135 ns, Cleanup: 18468 ns, At safepoint: 2231783 ns, Total: 13718386 ns
[2025-10-15T05:28:45.477-0700][1246 ][info ][safepoint   ] Safepoint "Cleanup", Time since last: 1000108151 ns, Reaching safepoint: 769901 ns, Cleanup: 17576 ns, At safepoint: 767147 ns, Total: 1554624 ns
[2025-10-15T05:28:46.479-0700][1246 ][info ][safepoint   ] Safepoint "Cleanup", Time since last: 1000104195 ns, Reaching safepoint: 740255 ns, Cleanup: 46500 ns, At safepoint: 1008040 ns, Total: 1794795 ns
[2025-10-15T05:28:48.481-0700][1246 ][info ][safepoint   ] Safepoint "Cleanup", Time since last: 2000178725 ns, Reaching safepoint: 654476 ns, Cleanup: 13130 ns, At safepoint: 447945 ns, Total: 1115551 ns
[2025-10-15T05:28:49.482-0700][1246 ][info ][safepoint   ] Safepoint "Cleanup", Time since last: 1000103034 ns, Reaching safepoint: 818603 ns, Cleanup: 10807 ns, At safepoint: 909691 ns, Total: 1739101 ns
[2025-10-15T05:28:53.159-0700][1246 ][info ][gc,start    ] GC(194) Pause Young (Mixed) (G1 Evacuation Pause)
[2025-10-15T05:28:53.159-0700][1246 ][info ][gc,task     ] GC(194) Using 113 workers of 113 for evacuation
[2025-10-15T05:28:53.172-0700][1246 ][debug][gc,remset   ] GC(194) Visited cards 9710848 Total dirty 74579968 (13.02%) Total old 519700480 (1.87%)
[2025-10-15T05:28:53.328-0700][1246 ][info ][gc,phases   ] GC(194)   Pre Evacuate Collection Set: 0.7ms
[2025-10-15T05:28:53.328-0700][1246 ][info ][gc,phases   ] GC(194)   Merge Heap Roots: 12.6ms
[2025-10-15T05:28:53.328-0700][1246 ][info ][gc,phases   ] GC(194)   Evacuate Collection Set: 139.8ms
[2025-10-15T05:28:53.328-0700][1246 ][info ][gc,phases   ] GC(194)   Post Evacuate Collection Set: 15.6ms
[2025-10-15T05:28:53.328-0700][1246 ][info ][gc,phases   ] GC(194)   Other: 0.2ms
[2025-10-15T05:28:53.328-0700][1246 ][debug][gc,remset   ] GC(194) Coarsening (recent): Inline->AoC 35376 (0) AoC->Howl 84 (0) Howl->Full 0 (0) Inline->AoC 450 (0) AoC->BitMap 19 (0) BitMap->Full 0 (0) 
[2025-10-15T05:28:53.328-0700][1246 ][debug][gc,remset   ] GC(194) Coarsening (all): Inline->AoC 4971117 (52) AoC->Howl 117304 (163) Howl->Full 0 (0) Inline->AoC 490420 (41) AoC->BitMap 126714 (129) BitMap->Full 2 (0) 
[2025-10-15T05:28:53.328-0700][1246 ][info ][gc,heap     ] GC(194) Eden regions: 3046->0(3201)
[2025-10-15T05:28:53.328-0700][1246 ][info ][gc,heap     ] GC(194) Survivor regions: 238->222(411)
[2025-10-15T05:28:53.328-0700][1246 ][info ][gc,heap     ] GC(194) Old regions: 1265->1204
[2025-10-15T05:28:53.328-0700][1246 ][info ][gc,heap     ] GC(194) Humongous regions: 8->0
[2025-10-15T05:28:53.328-0700][1246 ][info ][gc,metaspace] GC(194) Metaspace: 316501K(322496K)->316501K(322496K) NonClass: 279513K(282688K)->279513K(282688K) Class: 36987K(39808K)->36987K(39808K)
[2025-10-15T05:28:53.328-0700][1246 ][info ][gc          ] GC(194) Pause Young (Mixed) (G1 Evacuation Pause) 145788M->45624M(184320M) 169.069ms
[2025-10-15T05:28:53.329-0700][1246 ][info ][gc,cpu      ] GC(194) User=17.12s Sys=0.25s Real=0.17s
[2025-10-15T05:28:53.330-0700][1246 ][info ][safepoint   ] Safepoint "G1CollectForAllocation", Time since last: 3674496964 ns, Reaching safepoint: 723480 ns, Cleanup: 4738 ns, At safepoint: 172509876 ns, Total: 173238094 ns
[2025-10-15T05:28:56.331-0700][1246 ][info ][safepoint   ] Safepoint "Cleanup", Time since last: 3000247824 ns, Reaching safepoint: 824092 ns, Cleanup: 23385 ns, At safepoint: 128884 ns, Total: 976361 ns
[2025-10-15T05:28:57.332-0700][1246 ][info ][safepoint   ] Safepoint "Cleanup", Time since last: 1000109950 ns, Reaching safepoint: 763220 ns, Cleanup: 13320 ns, At safepoint: 112219 ns, Total: 888759 ns
[2025-10-15T05:29:01.301-0700][1246 ][info ][safepoint   ] Safepoint "Cleanup", Time since last: 3968544448 ns, Reaching safepoint: 440755 ns, Cleanup: 9824 ns, At safepoint: 89666 ns, Total: 540245 ns
[2025-10-15T05:29:04.302-0700][1246 ][info ][safepoint   ] Safepoint "Cleanup", Time since last: 3000243918 ns, Reaching safepoint: 704552 ns, Cleanup: 12038 ns, At safepoint: 76556 ns, Total: 793146 ns
[2025-10-15T05:29:05.304-0700][1246 ][info ][safepoint   ] Safepoint "Cleanup", Time since last: 1000102748 ns, Reaching safepoint: 833366 ns, Cleanup: 10916 ns, At safepoint: 105620 ns, Total: 949902 ns
[2025-10-15T05:29:10.305-0700][1246 ][info ][safepoint   ] Safepoint "Cleanup", Time since last: 5000334572 ns, Reaching safepoint: 908209 ns, Cleanup: 17907 ns, At safepoint: 204949 ns, Total: 1131065 ns
[2025-10-15T05:29:11.185-0700][1246 ][info ][gc,start    ] GC(195) Pause Young (Mixed) (G1 Evacuation Pause)
[2025-10-15T05:29:11.185-0700][1246 ][info ][gc,task     ] GC(195) Using 113 workers of 113 for evacuation
[2025-10-15T05:29:11.199-0700][1246 ][debug][gc,remset   ] GC(195) Visited cards 10121984 Total dirty 71630848 (14.13%) Total old 538509312 (1.88%)
[2025-10-15T05:29:11.371-0700][1246 ][info ][gc,phases   ] GC(195)   Pre Evacuate Collection Set: 0.8ms
[2025-10-15T05:29:11.371-0700][1246 ][info ][gc,phases   ] GC(195)   Merge Heap Roots: 13.5ms
[2025-10-15T05:29:11.371-0700][1246 ][info ][gc,phases   ] GC(195)   Evacuate Collection Set: 154.8ms
[2025-10-15T05:29:11.371-0700][1246 ][info ][gc,phases   ] GC(195)   Post Evacuate Collection Set: 17.0ms
[2025-10-15T05:29:11.371-0700][1246 ][info ][gc,phases   ] GC(195)   Other: 0.2ms
[2025-10-15T05:29:11.371-0700][1246 ][debug][gc,remset   ] GC(195) Coarsening (recent): Inline->AoC 48460 (0) AoC->Howl 205 (0) Howl->Full 0 (0) Inline->AoC 873 (0) AoC->BitMap 140 (0) BitMap->Full 0 (0) 
[2025-10-15T05:29:11.371-0700][1246 ][debug][gc,remset   ] GC(195) Coarsening (all): Inline->AoC 5019577 (52) AoC->Howl 117509 (163) Howl->Full 0 (0) Inline->AoC 491293 (41) AoC->BitMap 126854 (129) BitMap->Full 2 (0) 
[2025-10-15T05:29:11.371-0700][1246 ][info ][gc,heap     ] GC(195) Eden regions: 3234->0(1752)
[2025-10-15T05:29:11.371-0700][1246 ][info ][gc,heap     ] GC(195) Survivor regions: 222->263(432)
[2025-10-15T05:29:11.371-0700][1246 ][info ][gc,heap     ] GC(195) Old regions: 1204->1119
[2025-10-15T05:29:11.371-0700][1246 ][info ][gc,heap     ] GC(195) Humongous regions: 12->0
[2025-10-15T05:29:11.371-0700][1246 ][info ][gc,metaspace] GC(195) Metaspace: 316534K(322560K)->316534K(322560K) NonClass: 279543K(282752K)->279543K(282752K) Class: 36991K(39808K)->36991K(39808K)
[2025-10-15T05:29:11.371-0700][1246 ][info ][gc          ] GC(195) Pause Young (Mixed) (G1 Evacuation Pause) 149496M->44208M(184320M) 186.402ms
[2025-10-15T05:29:11.372-0700][1246 ][info ][gc,cpu      ] GC(195) User=18.50s Sys=0.25s Real=0.19s
[2025-10-15T05:29:11.373-0700][1246 ][info ][safepoint   ] Safepoint "G1CollectForAllocation", Time since last: 877546074 ns, Reaching safepoint: 956351 ns, Cleanup: 8142 ns, At safepoint: 189960218 ns, Total: 190924711 ns
[2025-10-15T05:29:12.375-0700][1246 ][info ][safepoint   ] Safepoint "Cleanup", Time since last: 1000095368 ns, Reaching safepoint: 807727 ns, Cleanup: 15103 ns, At safepoint: 529438 ns, Total: 1352268 ns
[2025-10-15T05:29:13.376-0700][1246 ][info ][safepoint   ] Safepoint "Cleanup", Time since last: 1000120074 ns, Reaching safepoint: 915230 ns, Cleanup: 10385 ns, At safepoint: 463839 ns, Total: 1389454 ns
[2025-10-15T05:29:14.378-0700][1246 ][info ][safepoint   ] Safepoint "Cleanup", Time since last: 1000108177 ns, Reaching safepoint: 806165 ns, Cleanup: 20210 ns, At safepoint: 762930 ns, Total: 1589305 ns
[2025-10-15T05:29:16.380-0700][1246 ][info ][safepoint   ] Safepoint "Cleanup", Time since last: 2000176133 ns, Reaching safepoint: 946807 ns, Cleanup: 22734 ns, At safepoint: 718353 ns, Total: 1687894 ns
[2025-10-15T05:29:18.394-0700][1246 ][info ][safepoint   ] Safepoint "Cleanup", Time since last: 2000160980 ns, Reaching safepoint: 11407231 ns, Cleanup: 12780 ns, At safepoint: 2305695 ns, Total: 13725706 ns
[2025-10-15T05:29:19.397-0700][1246 ][info ][safepoint   ] Safepoint "Cleanup", Time since last: 1000111601 ns, Reaching safepoint: 1723137 ns, Cleanup: 11418 ns, At safepoint: 1513040 ns, Total: 3247595 ns
[2025-10-15T05:29:19.483-0700][1246 ][info ][gc,start    ] GC(196) Pause Young (Mixed) (G1 Evacuation Pause)
[2025-10-15T05:29:19.483-0700][1246 ][info ][gc,task     ] GC(196) Using 113 workers of 113 for evacuation
[2025-10-15T05:29:19.496-0700][1246 ][debug][gc,remset   ] GC(196) Visited cards 9890048 Total dirty 66715648 (14.82%) Total old 410583040 (2.41%)
[2025-10-15T05:29:19.686-0700][1246 ][info ][gc,mmu      ] GC(196) MMU target violated: 201.0ms (200.0ms/201.0ms)
[2025-10-15T05:29:19.686-0700][1246 ][info ][gc,phases   ] GC(196)   Pre Evacuate Collection Set: 0.8ms
[2025-10-15T05:29:19.686-0700][1246 ][info ][gc,phases   ] GC(196)   Merge Heap Roots: 12.0ms
[2025-10-15T05:29:19.686-0700][1246 ][info ][gc,phases   ] GC(196)   Evacuate Collection Set: 172.0ms
[2025-10-15T05:29:19.686-0700][1246 ][info ][gc,phases   ] GC(196)   Post Evacuate Collection Set: 18.0ms
[2025-10-15T05:29:19.686-0700][1246 ][info ][gc,phases   ] GC(196)   Other: 0.2ms
[2025-10-15T05:29:19.686-0700][1246 ][debug][gc,remset   ] GC(196) Coarsening (recent): Inline->AoC 31452 (0) AoC->Howl 156 (0) Howl->Full 0 (0) Inline->AoC 663 (0) AoC->BitMap 89 (0) BitMap->Full 0 (0) 
[2025-10-15T05:29:19.686-0700][1246 ][debug][gc,remset   ] GC(196) Coarsening (all): Inline->AoC 5051029 (52) AoC->Howl 117665 (163) Howl->Full 0 (0) Inline->AoC 491956 (41) AoC->BitMap 126943 (129) BitMap->Full 2 (0) 
[2025-10-15T05:29:19.686-0700][1246 ][info ][gc,heap     ] GC(196) Eden regions: 2261->0(3260)
[2025-10-15T05:29:19.686-0700][1246 ][info ][gc,heap     ] GC(196) Survivor regions: 263->196(316)
[2025-10-15T05:29:19.686-0700][1246 ][info ][gc,heap     ] GC(196) Old regions: 1119->1133
[2025-10-15T05:29:19.686-0700][1246 ][info ][gc,heap     ] GC(196) Humongous regions: 9->0
[2025-10-15T05:29:19.686-0700][1246 ][info ][gc,metaspace] GC(196) Metaspace: 316547K(322560K)->316547K(322560K) NonClass: 279553K(282752K)->279553K(282752K) Class: 36994K(39808K)->36994K(39808K)
[2025-10-15T05:29:19.686-0700][1246 ][info ][gc          ] GC(196) Pause Young (Mixed) (G1 Evacuation Pause) 116848M->42486M(184320M) 203.149ms
[2025-10-15T05:29:19.687-0700][1246 ][info ][gc,cpu      ] GC(196) User=19.78s Sys=0.17s Real=0.20s
[2025-10-15T05:29:19.688-0700][1246 ][info ][safepoint   ] Safepoint "G1CollectForAllocation", Time since last: 83484048 ns, Reaching safepoint: 980338 ns, Cleanup: 5378 ns, At safepoint: 206792075 ns, Total: 207777791 ns
[2025-10-15T05:29:20.690-0700][1246 ][info ][safepoint   ] Safepoint "Cleanup", Time since last: 1000085714 ns, Reaching safepoint: 948910 ns, Cleanup: 19760 ns, At safepoint: 415446 ns, Total: 1384116 ns
[2025-10-15T05:29:21.691-0700][1246 ][info ][safepoint   ] Safepoint "Cleanup", Time since last: 1000110951 ns, Reaching safepoint: 896832 ns, Cleanup: 35193 ns, At safepoint: 333783 ns, Total: 1265808 ns
[2025-10-15T05:29:23.693-0700][1246 ][info ][safepoint   ] Safepoint "Cleanup", Time since last: 2000171467 ns, Reaching safepoint: 877512 ns, Cleanup: 12189 ns, At safepoint: 199751 ns, Total: 1089452 ns
[2025-10-15T05:29:25.694-0700][1246 ][info ][safepoint   ] Safepoint "Cleanup", Time since last: 2000161021 ns, Reaching safepoint: 1038515 ns, Cleanup: 26159 ns, At safepoint: 431861 ns, Total: 1496535 ns
[2025-10-15T05:29:26.696-0700][1246 ][info ][safepoint   ] Safepoint "Cleanup", Time since last: 1000104301 ns, Reaching safepoint: 946307 ns, Cleanup: 21082 ns, At safepoint: 782108 ns, Total: 1749497 ns
[2025-10-15T05:29:28.699-0700][1246 ][info ][safepoint   ] Safepoint "Cleanup", Time since last: 2000196565 ns, Reaching safepoint: 924984 ns, Cleanup: 22203 ns, At safepoint: 1287841 ns, Total: 2235028 ns
[2025-10-15T05:29:31.192-0700][1246 ][info ][gc,start    ] GC(197) Pause Young (Mixed) (G1 Evacuation Pause)
[2025-10-15T05:29:31.192-0700][1246 ][info ][gc,task     ] GC(197) Using 113 workers of 113 for evacuation
[2025-10-15T05:29:31.208-0700][1246 ][debug][gc,remset   ] GC(197) Visited cards 11983104 Total dirty 62914560 (19.05%) Total old 540147712 (2.22%)
[2025-10-15T05:29:31.349-0700][1246 ][debug][gc,remset   ] GC(197) Visited cards 1705472 Total dirty 53870592 (3.17%) Total old 558235648 (0.31%)
[2025-10-15T05:29:31.378-0700][1246 ][info ][gc,phases   ] GC(197)   Pre Evacuate Collection Set: 0.8ms
[2025-10-15T05:29:31.378-0700][1246 ][info ][gc,phases   ] GC(197)   Merge Heap Roots: 14.2ms
[2025-10-15T05:29:31.378-0700][1246 ][info ][gc,phases   ] GC(197)   Evacuate Collection Set: 140.7ms
[2025-10-15T05:29:31.378-0700][1246 ][info ][gc,phases   ] GC(197)   Merge Optional Heap Roots: 1.0ms
[2025-10-15T05:29:31.378-0700][1246 ][info ][gc,phases   ] GC(197)   Evacuate Optional Collection Set: 9.6ms
[2025-10-15T05:29:31.378-0700][1246 ][info ][gc,phases   ] GC(197)   Post Evacuate Collection Set: 19.0ms
[2025-10-15T05:29:31.378-0700][1246 ][info ][gc,phases   ] GC(197)   Other: 0.2ms
[2025-10-15T05:29:31.378-0700][1246 ][debug][gc,remset   ] GC(197) Coarsening (recent): Inline->AoC 61368 (0) AoC->Howl 538 (0) Howl->Full 0 (0) Inline->AoC 1363 (0) AoC->BitMap 465 (0) BitMap->Full 0 (0) 
[2025-10-15T05:29:31.378-0700][1246 ][debug][gc,remset   ] GC(197) Coarsening (all): Inline->AoC 5112397 (52) AoC->Howl 118203 (163) Howl->Full 0 (0) Inline->AoC 493319 (41) AoC->BitMap 127408 (129) BitMap->Full 2 (0) 
[2025-10-15T05:29:31.378-0700][1246 ][info ][gc,heap     ] GC(197) Eden regions: 3260->0(2452)
[2025-10-15T05:29:31.378-0700][1246 ][info ][gc,heap     ] GC(197) Survivor regions: 196->230(432)
[2025-10-15T05:29:31.378-0700][1246 ][info ][gc,heap     ] GC(197) Old regions: 1133->937
[2025-10-15T05:29:31.378-0700][1246 ][info ][gc,heap     ] GC(197) Humongous regions: 19->0
[2025-10-15T05:29:31.378-0700][1246 ][info ][gc,metaspace] GC(197) Metaspace: 316631K(322624K)->316631K(322624K) NonClass: 279623K(282816K)->279623K(282816K) Class: 37008K(39808K)->37008K(39808K)
[2025-10-15T05:29:31.378-0700][1246 ][info ][gc          ] GC(197) Pause Young (Mixed) (G1 Evacuation Pause) 147410M->37331M(184320M) 185.684ms
[2025-10-15T05:29:31.379-0700][1246 ][info ][gc,cpu      ] GC(197) User=16.83s Sys=0.58s Real=0.19s
[2025-10-15T05:29:31.381-0700][1246 ][info ][safepoint   ] Safepoint "G1CollectForAllocation", Time since last: 2491594592 ns, Reaching safepoint: 1044304 ns, Cleanup: 16264 ns, At safepoint: 189378837 ns, Total: 190439405 ns
[2025-10-15T05:29:33.383-0700][1246 ][info ][safepoint   ] Safepoint "Cleanup", Time since last: 2000161741 ns, Reaching safepoint: 1358538 ns, Cleanup: 14762 ns, At safepoint: 502087 ns, Total: 1875387 ns
[2025-10-15T05:29:34.384-0700][1246 ][info ][safepoint   ] Safepoint "Cleanup", Time since last: 1000114547 ns, Reaching safepoint: 903712 ns, Cleanup: 15623 ns, At safepoint: 456428 ns, Total: 1375763 ns
[2025-10-15T05:29:36.418-0700][1246 ][info ][safepoint   ] Safepoint "Cleanup", Time since last: 2000131987 ns, Reaching safepoint: 31495591 ns, Cleanup: 19279 ns, At safepoint: 2253647 ns, Total: 33768517 ns
[2025-10-15T05:29:36.983-0700][1246 ][info ][gc,start    ] GC(198) Pause Young (Mixed) (G1 Evacuation Pause)
[2025-10-15T05:29:36.983-0700][1246 ][info ][gc,task     ] GC(198) Using 113 workers of 113 for evacuation
[2025-10-15T05:29:36.996-0700][1246 ][debug][gc,remset   ] GC(198) Visited cards 11725568 Total dirty 55902208 (20.98%) Total old 481034240 (2.44%)
[2025-10-15T05:29:37.202-0700][1246 ][info ][gc,mmu      ] GC(198) MMU target violated: 201.0ms (200.0ms/201.0ms)
[2025-10-15T05:29:37.202-0700][1246 ][info ][gc,phases   ] GC(198)   Pre Evacuate Collection Set: 0.9ms
[2025-10-15T05:29:37.202-0700][1246 ][info ][gc,phases   ] GC(198)   Merge Heap Roots: 12.2ms
[2025-10-15T05:29:37.202-0700][1246 ][info ][gc,phases   ] GC(198)   Evacuate Collection Set: 189.7ms
[2025-10-15T05:29:37.202-0700][1246 ][info ][gc,phases   ] GC(198)   Post Evacuate Collection Set: 15.6ms
[2025-10-15T05:29:37.202-0700][1246 ][info ][gc,phases   ] GC(198)   Other: 0.2ms
[2025-10-15T05:29:37.202-0700][1246 ][debug][gc,remset   ] GC(198) Coarsening (recent): Inline->AoC 39227 (5) AoC->Howl 308 (26) Howl->Full 0 (0) Inline->AoC 1115 (11) AoC->BitMap 213 (30) BitMap->Full 0 (0) 
[2025-10-15T05:29:37.202-0700][1246 ][debug][gc,remset   ] GC(198) Coarsening (all): Inline->AoC 5151624 (57) AoC->Howl 118511 (189) Howl->Full 0 (0) Inline->AoC 494434 (52) AoC->BitMap 127621 (159) BitMap->Full 2 (0) 
[2025-10-15T05:29:37.202-0700][1246 ][info ][gc,heap     ] GC(198) Eden regions: 2918->0(655)
[2025-10-15T05:29:37.202-0700][1246 ][info ][gc,heap     ] GC(198) Survivor regions: 230->276(394)
[2025-10-15T05:29:37.202-0700][1246 ][info ][gc,heap     ] GC(198) Old regions: 937->881
[2025-10-15T05:29:37.202-0700][1246 ][info ][gc,heap     ] GC(198) Humongous regions: 18->0
[2025-10-15T05:29:37.202-0700][1246 ][info ][gc,metaspace] GC(198) Metaspace: 316638K(322688K)->316638K(322688K) NonClass: 279630K(282880K)->279630K(282880K) Class: 37008K(39808K)->37008K(39808K)
[2025-10-15T05:29:37.202-0700][1246 ][info ][gc          ] GC(198) Pause Young (Mixed) (G1 Evacuation Pause) 131283M->37020M(184320M) 218.725ms
[2025-10-15T05:29:37.203-0700][1246 ][info ][gc,cpu      ] GC(198) User=20.02s Sys=0.20s Real=0.22s
[2025-10-15T05:29:37.204-0700][1246 ][info ][safepoint   ] Safepoint "G1CollectForAllocation", Time since last: 562749770 ns, Reaching safepoint: 1177745 ns, Cleanup: 13350 ns, At safepoint: 222525496 ns, Total: 223716591 ns
[2025-10-15T05:29:38.206-0700][1246 ][info ][safepoint   ] Safepoint "Cleanup", Time since last: 1000079354 ns, Reaching safepoint: 1556035 ns, Cleanup: 16545 ns, At safepoint: 252360 ns, Total: 1824940 ns
[2025-10-15T05:29:39.208-0700][1246 ][info ][safepoint   ] Safepoint "Cleanup", Time since last: 1000113385 ns, Reaching safepoint: 842981 ns, Cleanup: 20260 ns, At safepoint: 609058 ns, Total: 1472299 ns
[2025-10-15T05:29:39.409-0700][1246 ][info ][gc,start    ] GC(199) Pause Young (Mixed) (G1 Evacuation Pause)
[2025-10-15T05:29:39.409-0700][1246 ][info ][gc,task     ] GC(199) Using 113 workers of 113 for evacuation
[2025-10-15T05:29:39.421-0700][1246 ][debug][gc,remset   ] GC(199) Visited cards 12853504 Total dirty 51707904 (24.86%) Total old 244645888 (5.25%)
[2025-10-15T05:29:39.603-0700][1246 ][info ][gc,phases   ] GC(199)   Pre Evacuate Collection Set: 0.7ms
[2025-10-15T05:29:39.603-0700][1246 ][info ][gc,phases   ] GC(199)   Merge Heap Roots: 11.4ms
[2025-10-15T05:29:39.603-0700][1246 ][info ][gc,phases   ] GC(199)   Evacuate Collection Set: 174.0ms
[2025-10-15T05:29:39.603-0700][1246 ][info ][gc,phases   ] GC(199)   Post Evacuate Collection Set: 7.9ms
[2025-10-15T05:29:39.603-0700][1246 ][info ][gc,phases   ] GC(199)   Other: 0.1ms
[2025-10-15T05:29:39.603-0700][1246 ][debug][gc,remset   ] GC(199) Coarsening (recent): Inline->AoC 17742 (1) AoC->Howl 302 (0) Howl->Full 0 (0) Inline->AoC 1088 (0) AoC->BitMap 218 (0) BitMap->Full 0 (0) 
[2025-10-15T05:29:39.603-0700][1246 ][debug][gc,remset   ] GC(199) Coarsening (all): Inline->AoC 5169366 (58) AoC->Howl 118813 (189) Howl->Full 0 (0) Inline->AoC 495522 (52) AoC->BitMap 127839 (159) BitMap->Full 2 (0) 
[2025-10-15T05:29:39.603-0700][1246 ][info ][gc,heap     ] GC(199) Eden regions: 1103->0(3377)
[2025-10-15T05:29:39.603-0700][1246 ][info ][gc,heap     ] GC(199) Survivor regions: 276->79(173)
[2025-10-15T05:29:39.603-0700][1246 ][info ][gc,heap     ] GC(199) Old regions: 881->1025
[2025-10-15T05:29:39.603-0700][1246 ][info ][gc,heap     ] GC(199) Humongous regions: 5->0
[2025-10-15T05:29:39.603-0700][1246 ][info ][gc,metaspace] GC(199) Metaspace: 316638K(322688K)->316638K(322688K) NonClass: 279630K(282880K)->279630K(282880K) Class: 37008K(39808K)->37008K(39808K)
[2025-10-15T05:29:39.603-0700][1246 ][info ][gc          ] GC(199) Pause Young (Mixed) (G1 Evacuation Pause) 72476M->35305M(184320M) 194.358ms
[2025-10-15T05:29:39.604-0700][1246 ][info ][gc,cpu      ] GC(199) User=18.60s Sys=0.20s Real=0.19s
[2025-10-15T05:29:39.605-0700][1246 ][info ][safepoint   ] Safepoint "G1CollectForAllocation", Time since last: 198525152 ns, Reaching safepoint: 848489 ns, Cleanup: 4497 ns, At safepoint: 198016525 ns, Total: 198869511 ns
[2025-10-15T05:29:44.608-0700][1246 ][info ][safepoint   ] Safepoint "Cleanup", Time since last: 5000323248 ns, Reaching safepoint: 1861586 ns, Cleanup: 23886 ns, At safepoint: 388746 ns, Total: 2274218 ns
[2025-10-15T05:29:45.609-0700][1246 ][info ][safepoint   ] Safepoint "Cleanup", Time since last: 1000105473 ns, Reaching safepoint: 866025 ns, Cleanup: 15994 ns, At safepoint: 435867 ns, Total: 1317886 ns
[2025-10-15T05:29:47.612-0700][1246 ][info ][safepoint   ] Safepoint "Cleanup", Time since last: 2000181261 ns, Reaching safepoint: 1947165 ns, Cleanup: 15694 ns, At safepoint: 331059 ns, Total: 2293918 ns
[2025-10-15T05:29:49.708-0700][1246 ][info ][gc,start    ] GC(200) Pause Young (Mixed) (G1 Evacuation Pause)
[2025-10-15T05:29:49.708-0700][1246 ][info ][gc,task     ] GC(200) Using 113 workers of 113 for evacuation
[2025-10-15T05:29:49.723-0700][1246 ][debug][gc,remset   ] GC(200) Visited cards 14136064 Total dirty 64225280 (22.01%) Total old 524222464 (2.70%)
[2025-10-15T05:29:49.841-0700][1246 ][info ][gc,phases   ] GC(200)   Pre Evacuate Collection Set: 0.7ms
[2025-10-15T05:29:49.841-0700][1246 ][info ][gc,phases   ] GC(200)   Merge Heap Roots: 14.4ms
[2025-10-15T05:29:49.841-0700][1246 ][info ][gc,phases   ] GC(200)   Evacuate Collection Set: 107.1ms
[2025-10-15T05:29:49.841-0700][1246 ][info ][gc,phases   ] GC(200)   Post Evacuate Collection Set: 10.8ms
[2025-10-15T05:29:49.841-0700][1246 ][info ][gc,phases   ] GC(200)   Other: 0.2ms
[2025-10-15T05:29:49.841-0700][1246 ][debug][gc,remset   ] GC(200) Coarsening (recent): Inline->AoC 26601 (0) AoC->Howl 44 (0) Howl->Full 0 (0) Inline->AoC 116 (0) AoC->BitMap 38 (1) BitMap->Full 0 (0) 
[2025-10-15T05:29:49.841-0700][1246 ][debug][gc,remset   ] GC(200) Coarsening (all): Inline->AoC 5195967 (58) AoC->Howl 118857 (189) Howl->Full 0 (0) Inline->AoC 495638 (52) AoC->BitMap 127877 (160) BitMap->Full 2 (0) 
[2025-10-15T05:29:49.841-0700][1246 ][info ][gc,heap     ] GC(200) Eden regions: 3377->0(3315)
[2025-10-15T05:29:49.841-0700][1246 ][info ][gc,heap     ] GC(200) Survivor regions: 79->141(432)
[2025-10-15T05:29:49.841-0700][1246 ][info ][gc,heap     ] GC(200) Old regions: 1025->1005
[2025-10-15T05:29:49.841-0700][1246 ][info ][gc,heap     ] GC(200) Humongous regions: 12->0
[2025-10-15T05:29:49.841-0700][1246 ][info ][gc,metaspace] GC(200) Metaspace: 316639K(322688K)->316639K(322688K) NonClass: 279631K(282880K)->279631K(282880K) Class: 37008K(39808K)->37008K(39808K)
[2025-10-15T05:29:49.841-0700][1246 ][info ][gc          ] GC(200) Pause Young (Mixed) (G1 Evacuation Pause) 143753M->36638M(184320M) 133.383ms
[2025-10-15T05:29:49.842-0700][1246 ][info ][gc,cpu      ] GC(200) User=12.01s Sys=0.21s Real=0.14s
[2025-10-15T05:29:49.844-0700][1246 ][info ][safepoint   ] Safepoint "G1CollectForAllocation", Time since last: 2093497650 ns, Reaching safepoint: 1379098 ns, Cleanup: 6170 ns, At safepoint: 136885326 ns, Total: 138270594 ns
[2025-10-15T05:29:51.845-0700][1246 ][info ][safepoint   ] Safepoint "Cleanup", Time since last: 2000168192 ns, Reaching safepoint: 735198 ns, Cleanup: 10706 ns, At safepoint: 99110 ns, Total: 845014 ns
[2025-10-15T05:29:52.846-0700][1246 ][info ][safepoint   ] Safepoint "Cleanup", Time since last: 1000100746 ns, Reaching safepoint: 757181 ns, Cleanup: 10846 ns, At safepoint: 114573 ns, Total: 882600 ns
[2025-10-15T05:29:58.863-0700][1246 ][info ][safepoint   ] Safepoint "Cleanup", Time since last: 6000359246 ns, Reaching safepoint: 14586583 ns, Cleanup: 16405 ns, At safepoint: 2232564 ns, Total: 16835552 ns
[2025-10-15T05:30:02.152-0700][1246 ][info ][gc,start    ] GC(201) Pause Young (Normal) (G1 Evacuation Pause)
[2025-10-15T05:30:02.152-0700][1246 ][info ][gc,task     ] GC(201) Using 113 workers of 113 for evacuation
[2025-10-15T05:30:02.167-0700][1246 ][debug][gc,remset   ] GC(201) Visited cards 9066496 Total dirty 62259200 (14.56%) Total old 519569408 (1.75%)
[2025-10-15T05:30:02.291-0700][1246 ][info ][gc,phases   ] GC(201)   Pre Evacuate Collection Set: 0.7ms
[2025-10-15T05:30:02.291-0700][1246 ][info ][gc,phases   ] GC(201)   Merge Heap Roots: 14.4ms
[2025-10-15T05:30:02.291-0700][1246 ][info ][gc,phases   ] GC(201)   Evacuate Collection Set: 111.2ms
[2025-10-15T05:30:02.291-0700][1246 ][info ][gc,phases   ] GC(201)   Post Evacuate Collection Set: 12.7ms
[2025-10-15T05:30:02.291-0700][1246 ][info ][gc,phases   ] GC(201)   Other: 0.2ms
[2025-10-15T05:30:02.291-0700][1246 ][debug][gc,remset   ] GC(201) Coarsening (recent): Inline->AoC 19061 (0) AoC->Howl 23 (0) Howl->Full 0 (0) Inline->AoC 106 (0) AoC->BitMap 10 (0) BitMap->Full 0 (0) 
[2025-10-15T05:30:02.291-0700][1246 ][debug][gc,remset   ] GC(201) Coarsening (all): Inline->AoC 5215028 (58) AoC->Howl 118880 (189) Howl->Full 0 (0) Inline->AoC 495744 (52) AoC->BitMap 127887 (160) BitMap->Full 2 (0) 
[2025-10-15T05:30:02.291-0700][1246 ][info ][gc,heap     ] GC(201) Eden regions: 3315->0(3275)
[2025-10-15T05:30:02.291-0700][1246 ][info ][gc,heap     ] GC(201) Survivor regions: 141->181(432)
[2025-10-15T05:30:02.291-0700][1246 ][info ][gc,heap     ] GC(201) Old regions: 1005->1005
[2025-10-15T05:30:02.291-0700][1246 ][info ][gc,heap     ] GC(201) Humongous regions: 11->0
[2025-10-15T05:30:02.291-0700][1246 ][info ][gc,metaspace] GC(201) Metaspace: 316697K(322688K)->316697K(322688K) NonClass: 279682K(282880K)->279682K(282880K) Class: 37015K(39808K)->37015K(39808K)
[2025-10-15T05:30:02.291-0700][1246 ][info ][gc          ] GC(201) Pause Young (Normal) (G1 Evacuation Pause) 143070M->37921M(184320M) 139.402ms
[2025-10-15T05:30:02.292-0700][1246 ][info ][gc,cpu      ] GC(201) User=13.58s Sys=0.36s Real=0.14s
[2025-10-15T05:30:02.294-0700][1246 ][info ][safepoint   ] Safepoint "G1CollectForAllocation", Time since last: 3286868978 ns, Reaching safepoint: 968169 ns, Cleanup: 7161 ns, At safepoint: 142908990 ns, Total: 143884320 ns
[2025-10-15T05:30:03.295-0700][1246 ][info ][safepoint   ] Safepoint "Cleanup", Time since last: 1000085457 ns, Reaching safepoint: 911884 ns, Cleanup: 13480 ns, At safepoint: 311660 ns, Total: 1237024 ns
[2025-10-15T05:30:04.296-0700][1246 ][info ][safepoint   ] Safepoint "Cleanup", Time since last: 1000108191 ns, Reaching safepoint: 827327 ns, Cleanup: 12750 ns, At safepoint: 184588 ns, Total: 1024665 ns
[2025-10-15T05:30:06.297-0700][1246 ][info ][safepoint   ] Safepoint "Cleanup", Time since last: 2000160078 ns, Reaching safepoint: 901018 ns, Cleanup: 9824 ns, At safepoint: 214033 ns, Total: 1124875 ns
[2025-10-15T05:30:07.304-0700][1246 ][info ][safepoint   ] Safepoint "Cleanup", Time since last: 1000107350 ns, Reaching safepoint: 4249705 ns, Cleanup: 11317 ns, At safepoint: 2085092 ns, Total: 6346114 ns
[2025-10-15T05:30:10.307-0700][1246 ][info ][safepoint   ] Safepoint "Cleanup", Time since last: 3000203713 ns, Reaching safepoint: 1089432 ns, Cleanup: 19529 ns, At safepoint: 1485949 ns, Total: 2594910 ns
[2025-10-15T05:30:13.308-0700][1246 ][info ][safepoint   ] Safepoint "Cleanup", Time since last: 3000229071 ns, Reaching safepoint: 749479 ns, Cleanup: 22544 ns, At safepoint: 184538 ns, Total: 956561 ns
[2025-10-15T05:30:14.293-0700][1246 ][info ][gc,start    ] GC(202) Pause Young (Normal) (G1 Evacuation Pause)
[2025-10-15T05:30:14.293-0700][1246 ][info ][gc,task     ] GC(202) Using 113 workers of 113 for evacuation
[2025-10-15T05:30:14.308-0700][1246 ][debug][gc,remset   ] GC(202) Visited cards 8844032 Total dirty 62193664 (14.22%) Total old 519766016 (1.70%)
[2025-10-15T05:30:14.472-0700][1246 ][info ][gc,phases   ] GC(202)   Pre Evacuate Collection Set: 0.8ms
[2025-10-15T05:30:14.472-0700][1246 ][info ][gc,phases   ] GC(202)   Merge Heap Roots: 14.7ms
[2025-10-15T05:30:14.472-0700][1246 ][info ][gc,phases   ] GC(202)   Evacuate Collection Set: 148.8ms
[2025-10-15T05:30:14.472-0700][1246 ][info ][gc,phases   ] GC(202)   Post Evacuate Collection Set: 14.7ms
[2025-10-15T05:30:14.472-0700][1246 ][info ][gc,phases   ] GC(202)   Other: 0.2ms
[2025-10-15T05:30:14.472-0700][1246 ][debug][gc,remset   ] GC(202) Coarsening (recent): Inline->AoC 21047 (0) AoC->Howl 81 (0) Howl->Full 0 (0) Inline->AoC 315 (0) AoC->BitMap 67 (0) BitMap->Full 0 (0) 
[2025-10-15T05:30:14.472-0700][1246 ][debug][gc,remset   ] GC(202) Coarsening (all): Inline->AoC 5236075 (58) AoC->Howl 118961 (189) Howl->Full 0 (0) Inline->AoC 496059 (52) AoC->BitMap 127954 (160) BitMap->Full 2 (0) 
[2025-10-15T05:30:14.472-0700][1246 ][info ][gc,heap     ] GC(202) Eden regions: 3275->0(2770)
[2025-10-15T05:30:14.472-0700][1246 ][info ][gc,heap     ] GC(202) Survivor regions: 181->239(432)
[2025-10-15T05:30:14.472-0700][1246 ][info ][gc,heap     ] GC(202) Old regions: 1005->1005
[2025-10-15T05:30:14.472-0700][1246 ][info ][gc,heap     ] GC(202) Humongous regions: 14->0
[2025-10-15T05:30:14.472-0700][1246 ][info ][gc,metaspace] GC(202) Metaspace: 316749K(322752K)->316749K(322752K) NonClass: 279733K(282944K)->279733K(282944K) Class: 37016K(39808K)->37016K(39808K)
[2025-10-15T05:30:14.472-0700][1246 ][info ][gc          ] GC(202) Pause Young (Normal) (G1 Evacuation Pause) 143169M->39788M(184320M) 179.292ms
[2025-10-15T05:30:14.473-0700][1246 ][info ][gc,cpu      ] GC(202) User=16.16s Sys=0.26s Real=0.18s
[2025-10-15T05:30:14.475-0700][1246 ][info ][safepoint   ] Safepoint "G1CollectForAllocation", Time since last: 982718404 ns, Reaching safepoint: 1029531 ns, Cleanup: 15013 ns, At safepoint: 183030316 ns, Total: 184074860 ns
[2025-10-15T05:30:15.476-0700][1246 ][info ][safepoint   ] Safepoint "Cleanup", Time since last: 1000089684 ns, Reaching safepoint: 752163 ns, Cleanup: 13581 ns, At safepoint: 117587 ns, Total: 883331 ns
[2025-10-15T05:30:18.484-0700][1246 ][info ][safepoint   ] Safepoint "Cleanup", Time since last: 3000219496 ns, Reaching safepoint: 7211999 ns, Cleanup: 18949 ns, At safepoint: 1411287 ns, Total: 8642235 ns
[2025-10-15T05:30:20.486-0700][1246 ][info ][safepoint   ] Safepoint "Cleanup", Time since last: 2000161600 ns, Reaching safepoint: 766375 ns, Cleanup: 14312 ns, At safepoint: 398490 ns, Total: 1179177 ns
[2025-10-15T05:30:21.488-0700][1246 ][info ][safepoint   ] Safepoint "Cleanup", Time since last: 1000102944 ns, Reaching safepoint: 971774 ns, Cleanup: 22484 ns, At safepoint: 865114 ns, Total: 1859372 ns
[2025-10-15T05:30:23.491-0700][1246 ][info ][safepoint   ] Safepoint "Cleanup", Time since last: 2000171285 ns, Reaching safepoint: 1076793 ns, Cleanup: 27101 ns, At safepoint: 1707733 ns, Total: 2811627 ns
[2025-10-15T05:30:24.210-0700][1246 ][info ][gc,start    ] GC(203) Pause Young (Normal) (G1 Evacuation Pause)
[2025-10-15T05:30:24.210-0700][1246 ][info ][gc,task     ] GC(203) Using 113 workers of 113 for evacuation
[2025-10-15T05:30:24.224-0700][1246 ][debug][gc,remset   ] GC(203) Visited cards 8929024 Total dirty 62193664 (14.36%) Total old 495976448 (1.80%)
[2025-10-15T05:30:24.404-0700][1246 ][info ][gc,phases   ] GC(203)   Pre Evacuate Collection Set: 0.7ms
[2025-10-15T05:30:24.404-0700][1246 ][info ][gc,phases   ] GC(203)   Merge Heap Roots: 13.8ms
[2025-10-15T05:30:24.404-0700][1246 ][info ][gc,phases   ] GC(203)   Evacuate Collection Set: 165.7ms
[2025-10-15T05:30:24.404-0700][1246 ][info ][gc,phases   ] GC(203)   Post Evacuate Collection Set: 13.5ms
[2025-10-15T05:30:24.404-0700][1246 ][info ][gc,phases   ] GC(203)   Other: 0.2ms
[2025-10-15T05:30:24.404-0700][1246 ][debug][gc,remset   ] GC(203) Coarsening (recent): Inline->AoC 28015 (1) AoC->Howl 77 (1) Howl->Full 0 (0) Inline->AoC 300 (0) AoC->BitMap 48 (2) BitMap->Full 0 (0) 
[2025-10-15T05:30:24.404-0700][1246 ][debug][gc,remset   ] GC(203) Coarsening (all): Inline->AoC 5264090 (59) AoC->Howl 119038 (190) Howl->Full 0 (0) Inline->AoC 496359 (52) AoC->BitMap 128002 (162) BitMap->Full 2 (0) 
[2025-10-15T05:30:24.404-0700][1246 ][info ][gc,heap     ] GC(203) Eden regions: 3034->0(1230)
[2025-10-15T05:30:24.404-0700][1246 ][info ][gc,heap     ] GC(203) Survivor regions: 239->292(410)
[2025-10-15T05:30:24.404-0700][1246 ][info ][gc,heap     ] GC(203) Old regions: 1005->1021
[2025-10-15T05:30:24.404-0700][1246 ][info ][gc,heap     ] GC(203) Humongous regions: 17->0
[2025-10-15T05:30:24.404-0700][1246 ][info ][gc,metaspace] GC(203) Metaspace: 316760K(322752K)->316760K(322752K) NonClass: 279742K(282944K)->279742K(282944K) Class: 37017K(39808K)->37017K(39808K)
[2025-10-15T05:30:24.404-0700][1246 ][info ][gc          ] GC(203) Pause Young (Normal) (G1 Evacuation Pause) 137420M->42006M(184320M) 194.087ms
[2025-10-15T05:30:24.405-0700][1246 ][info ][gc,cpu      ] GC(203) User=19.35s Sys=0.11s Real=0.19s
[2025-10-15T05:30:24.406-0700][1246 ][info ][safepoint   ] Safepoint "G1CollectForAllocation", Time since last: 717045486 ns, Reaching safepoint: 811653 ns, Cleanup: 23525 ns, At safepoint: 197507335 ns, Total: 198342513 ns
[2025-10-15T05:30:25.408-0700][1246 ][info ][safepoint   ] Safepoint "Cleanup", Time since last: 1000084869 ns, Reaching safepoint: 890272 ns, Cleanup: 32369 ns, At safepoint: 550860 ns, Total: 1473501 ns
[2025-10-15T05:30:26.409-0700][1246 ][info ][safepoint   ] Safepoint "Cleanup", Time since last: 1000105407 ns, Reaching safepoint: 962741 ns, Cleanup: 15734 ns, At safepoint: 755579 ns, Total: 1734054 ns
[2025-10-15T05:30:27.411-0700][1246 ][info ][safepoint   ] Safepoint "Cleanup", Time since last: 1000107110 ns, Reaching safepoint: 877613 ns, Cleanup: 25067 ns, At safepoint: 824463 ns, Total: 1727143 ns
[2025-10-15T05:30:28.413-0700][1246 ][info ][safepoint   ] Safepoint "Cleanup", Time since last: 1000107501 ns, Reaching safepoint: 880166 ns, Cleanup: 15454 ns, At safepoint: 975981 ns, Total: 1871601 ns
[2025-10-15T05:30:28.749-0700][1246 ][info ][gc,start    ] GC(204) Pause Young (Normal) (G1 Evacuation Pause)
[2025-10-15T05:30:28.749-0700][1246 ][info ][gc,task     ] GC(204) Using 113 workers of 113 for evacuation
[2025-10-15T05:30:28.762-0700][1246 ][debug][gc,remset   ] GC(204) Visited cards 8885248 Total dirty 62980096 (14.11%) Total old 296288256 (3.00%)
[2025-10-15T05:30:28.949-0700][1246 ][info ][gc,mmu      ] GC(204) MMU target violated: 200.0ms (200.0ms/201.0ms)
[2025-10-15T05:30:28.949-0700][1246 ][info ][gc,phases   ] GC(204)   Pre Evacuate Collection Set: 0.8ms
[2025-10-15T05:30:28.949-0700][1246 ][info ][gc,phases   ] GC(204)   Merge Heap Roots: 12.1ms
[2025-10-15T05:30:28.949-0700][1246 ][info ][gc,phases   ] GC(204)   Evacuate Collection Set: 178.6ms
[2025-10-15T05:30:28.949-0700][1246 ][info ][gc,phases   ] GC(204)   Post Evacuate Collection Set: 8.4ms
[2025-10-15T05:30:28.949-0700][1246 ][info ][gc,phases   ] GC(204)   Other: 0.2ms
[2025-10-15T05:30:28.949-0700][1246 ][debug][gc,remset   ] GC(204) Coarsening (recent): Inline->AoC 20378 (1) AoC->Howl 172 (0) Howl->Full 0 (0) Inline->AoC 773 (0) AoC->BitMap 108 (0) BitMap->Full 0 (0) 
[2025-10-15T05:30:28.949-0700][1246 ][debug][gc,remset   ] GC(204) Coarsening (all): Inline->AoC 5284468 (60) AoC->Howl 119210 (190) Howl->Full 0 (0) Inline->AoC 497132 (52) AoC->BitMap 128110 (162) BitMap->Full 2 (0) 
[2025-10-15T05:30:28.949-0700][1246 ][info ][gc,heap     ] GC(204) Eden regions: 1455->0(3348)
[2025-10-15T05:30:28.949-0700][1246 ][info ][gc,heap     ] GC(204) Survivor regions: 292->108(219)
[2025-10-15T05:30:28.949-0700][1246 ][info ][gc,heap     ] GC(204) Old regions: 1021->1223
[2025-10-15T05:30:28.949-0700][1246 ][info ][gc,heap     ] GC(204) Humongous regions: 6->0
[2025-10-15T05:30:28.949-0700][1246 ][info ][gc,metaspace] GC(204) Metaspace: 316857K(322880K)->316857K(322880K) NonClass: 279827K(283072K)->279827K(283072K) Class: 37030K(39808K)->37030K(39808K)
[2025-10-15T05:30:28.949-0700][1246 ][info ][gc          ] GC(204) Pause Young (Normal) (G1 Evacuation Pause) 88758M->42564M(184320M) 200.223ms
[2025-10-15T05:30:28.950-0700][1246 ][info ][gc,cpu      ] GC(204) User=18.78s Sys=0.19s Real=0.20s
[2025-10-15T05:30:28.951-0700][1246 ][info ][safepoint   ] Safepoint "G1CollectForAllocation", Time since last: 333493237 ns, Reaching safepoint: 804522 ns, Cleanup: 4197 ns, At safepoint: 203811608 ns, Total: 204620327 ns
[2025-10-15T05:30:29.008-0700][1246 ][info ][gc,start    ] GC(205) Pause Young (Concurrent Start) (G1 Humongous Allocation)
[2025-10-15T05:30:29.008-0700][1246 ][info ][gc,task     ] GC(205) Using 113 workers of 113 for evacuation
[2025-10-15T05:30:29.018-0700][1246 ][debug][gc,remset   ] GC(205) Visited cards 8058880 Total dirty 73203712 (11.01%) Total old 101777408 (7.92%)
[2025-10-15T05:30:29.092-0700][1246 ][info ][gc,phases   ] GC(205)   Pre Evacuate Collection Set: 0.9ms
[2025-10-15T05:30:29.092-0700][1246 ][info ][gc,phases   ] GC(205)   Merge Heap Roots: 8.3ms
[2025-10-15T05:30:29.092-0700][1246 ][info ][gc,phases   ] GC(205)   Evacuate Collection Set: 69.3ms
[2025-10-15T05:30:29.092-0700][1246 ][info ][gc,phases   ] GC(205)   Post Evacuate Collection Set: 5.6ms
[2025-10-15T05:30:29.092-0700][1246 ][info ][gc,phases   ] GC(205)   Other: 0.1ms
[2025-10-15T05:30:29.092-0700][1246 ][debug][gc,remset   ] GC(205) Coarsening (recent): Inline->AoC 0 (0) AoC->Howl 0 (0) Howl->Full 0 (0) Inline->AoC 0 (0) AoC->BitMap 0 (0) BitMap->Full 0 (0) 
[2025-10-15T05:30:29.092-0700][1246 ][debug][gc,remset   ] GC(205) Coarsening (all): Inline->AoC 5284468 (60) AoC->Howl 119210 (190) Howl->Full 0 (0) Inline->AoC 497132 (52) AoC->BitMap 128110 (162) BitMap->Full 2 (0) 
[2025-10-15T05:30:29.092-0700][1246 ][info ][gc,heap     ] GC(205) Eden regions: 57->0(2276)
[2025-10-15T05:30:29.092-0700][1246 ][info ][gc,heap     ] GC(205) Survivor regions: 108->94(432)
[2025-10-15T05:30:29.093-0700][1246 ][info ][gc,heap     ] GC(205) Old regions: 1223->1223
[2025-10-15T05:30:29.093-0700][1246 ][info ][gc,heap     ] GC(205) Humongous regions: 0->0
[2025-10-15T05:30:29.093-0700][1246 ][info ][gc,metaspace] GC(205) Metaspace: 316857K(322880K)->316857K(322880K) NonClass: 279827K(283072K)->279827K(283072K) Class: 37030K(39808K)->37030K(39808K)
[2025-10-15T05:30:29.093-0700][1246 ][info ][gc          ] GC(205) Pause Young (Concurrent Start) (G1 Humongous Allocation) 44371M->42109M(184320M) 84.405ms
[2025-10-15T05:30:29.093-0700][1085 ][info ][gc          ] GC(206) Concurrent Mark Cycle
[2025-10-15T05:30:29.093-0700][1085 ][info ][gc,marking  ] GC(206) Concurrent Scan Root Regions
[2025-10-15T05:30:29.094-0700][1246 ][info ][gc,cpu      ] GC(205) User=5.47s Sys=0.09s Real=0.09s
[2025-10-15T05:30:29.096-0700][1246 ][info ][safepoint   ] Safepoint "G1TryInitiateConcMark", Time since last: 54370418 ns, Reaching safepoint: 959847 ns, Cleanup: 5208 ns, At safepoint: 88906832 ns, Total: 89871887 ns
[2025-10-15T05:30:29.131-0700][1085 ][info ][gc,marking  ] GC(206) Concurrent Scan Root Regions 38.603ms
[2025-10-15T05:30:29.132-0700][1085 ][info ][gc,marking  ] GC(206) Concurrent Mark
[2025-10-15T05:30:29.132-0700][1085 ][info ][gc,marking  ] GC(206) Concurrent Mark From Roots
[2025-10-15T05:30:29.132-0700][1085 ][info ][gc,task     ] GC(206) Using 36 workers of 36 for marking
[2025-10-15T05:30:29.531-0700][1085 ][info ][gc,marking  ] GC(206) Concurrent Mark From Roots 399.319ms
[2025-10-15T05:30:29.531-0700][1085 ][info ][gc,marking  ] GC(206) Concurrent Preclean
[2025-10-15T05:30:29.550-0700][1085 ][info ][gc,marking  ] GC(206) Concurrent Preclean 19.551ms
[2025-10-15T05:30:29.553-0700][1246 ][info ][gc,start    ] GC(206) Pause Remark
[2025-10-15T05:30:29.877-0700][1246 ][info ][gc,mmu      ] GC(206) MMU target violated: 201.0ms (200.0ms/201.0ms)
[2025-10-15T05:30:29.878-0700][1246 ][info ][gc          ] GC(206) Pause Remark 47640M->47128M(184320M) 324.860ms
[2025-10-15T05:30:29.879-0700][1246 ][info ][gc,cpu      ] GC(206) User=14.01s Sys=0.14s Real=0.33s
[2025-10-15T05:30:29.882-0700][1246 ][info ][safepoint   ] Safepoint "G1PauseRemark", Time since last: 454872532 ns, Reaching safepoint: 924604 ns, Cleanup: 5799 ns, At safepoint: 330833698 ns, Total: 331764101 ns
[2025-10-15T05:30:29.885-0700][1085 ][info ][gc,marking  ] GC(206) Concurrent Mark 753.147ms
[2025-10-15T05:30:29.885-0700][1085 ][info ][gc,marking  ] GC(206) Concurrent Rebuild Remembered Sets and Scrub Regions
[2025-10-15T05:30:30.372-0700][1085 ][info ][gc,marking  ] GC(206) Concurrent Rebuild Remembered Sets and Scrub Regions 487.410ms
[2025-10-15T05:30:30.374-0700][1246 ][info ][gc,start    ] GC(206) Pause Cleanup
[2025-10-15T05:30:30.377-0700][1246 ][info ][gc          ] GC(206) Pause Cleanup 53180M->53180M(184320M) 2.395ms
[2025-10-15T05:30:30.378-0700][1246 ][info ][gc,cpu      ] GC(206) User=0.01s Sys=0.01s Real=0.00s
[2025-10-15T05:30:30.378-0700][1246 ][info ][safepoint   ] Safepoint "G1PauseCleanup", Time since last: 489915159 ns, Reaching safepoint: 1014950 ns, Cleanup: 97607 ns, At safepoint: 4855028 ns, Total: 5967585 ns
[2025-10-15T05:30:30.378-0700][1085 ][info ][gc,marking  ] GC(206) Concurrent Clear Claimed Marks
[2025-10-15T05:30:30.379-0700][1085 ][info ][gc,marking  ] GC(206) Concurrent Clear Claimed Marks 0.905ms
[2025-10-15T05:30:30.379-0700][1085 ][info ][gc,marking  ] GC(206) Concurrent Cleanup for Next Mark
[2025-10-15T05:30:30.411-0700][1085 ][info ][gc,marking  ] GC(206) Concurrent Cleanup for Next Mark 31.600ms
[2025-10-15T05:30:30.411-0700][1085 ][info ][gc          ] GC(206) Concurrent Mark Cycle 1317.929ms
[2025-10-15T05:30:32.379-0700][1246 ][info ][safepoint   ] Safepoint "Cleanup", Time since last: 2000102541 ns, Reaching safepoint: 717492 ns, Cleanup: 9714 ns, At safepoint: 115074 ns, Total: 842280 ns
[2025-10-15T05:30:34.380-0700][1246 ][info ][safepoint   ] Safepoint "Cleanup", Time since last: 2000157194 ns, Reaching safepoint: 669960 ns, Cleanup: 21212 ns, At safepoint: 217628 ns, Total: 908800 ns
[2025-10-15T05:30:34.970-0700][1246 ][info ][gc,start    ] GC(207) Pause Young (Prepare Mixed) (G1 Evacuation Pause)
[2025-10-15T05:30:34.970-0700][1246 ][info ][gc,task     ] GC(207) Using 113 workers of 113 for evacuation
[2025-10-15T05:30:34.985-0700][1246 ][debug][gc,remset   ] GC(207) Visited cards 9450752 Total dirty 74121216 (12.75%) Total old 368967680 (2.56%)
[2025-10-15T05:30:35.105-0700][1246 ][info ][gc,phases   ] GC(207)   Pre Evacuate Collection Set: 0.7ms
[2025-10-15T05:30:35.105-0700][1246 ][info ][gc,phases   ] GC(207)   Merge Heap Roots: 14.4ms
[2025-10-15T05:30:35.105-0700][1246 ][info ][gc,phases   ] GC(207)   Evacuate Collection Set: 109.8ms
[2025-10-15T05:30:35.105-0700][1246 ][info ][gc,phases   ] GC(207)   Post Evacuate Collection Set: 9.8ms
[2025-10-15T05:30:35.105-0700][1246 ][info ][gc,phases   ] GC(207)   Other: 0.2ms
[2025-10-15T05:30:35.105-0700][1246 ][debug][gc,remset   ] GC(207) Coarsening (recent): Inline->AoC 173164 (7) AoC->Howl 11167 (0) Howl->Full 0 (0) Inline->AoC 42675 (0) AoC->BitMap 13303 (0) BitMap->Full 0 (0) 
[2025-10-15T05:30:35.105-0700][1246 ][debug][gc,remset   ] GC(207) Coarsening (all): Inline->AoC 5457632 (67) AoC->Howl 130377 (190) Howl->Full 0 (0) Inline->AoC 539807 (52) AoC->BitMap 141413 (162) BitMap->Full 2 (0) 
[2025-10-15T05:30:35.105-0700][1246 ][info ][gc,heap     ] GC(207) Eden regions: 2112->0(1798)
[2025-10-15T05:30:35.105-0700][1246 ][info ][gc,heap     ] GC(207) Survivor regions: 94->159(276)
[2025-10-15T05:30:35.105-0700][1246 ][info ][gc,heap     ] GC(207) Old regions: 1207->1207
[2025-10-15T05:30:35.105-0700][1246 ][info ][gc,heap     ] GC(207) Humongous regions: 11->0
[2025-10-15T05:30:35.105-0700][1246 ][info ][gc,metaspace] GC(207) Metaspace: 316775K(322880K)->316775K(322880K) NonClass: 279765K(283072K)->279765K(283072K) Class: 37010K(39808K)->37010K(39808K)
[2025-10-15T05:30:35.105-0700][1246 ][info ][gc          ] GC(207) Pause Young (Prepare Mixed) (G1 Evacuation Pause) 109533M->43688M(184320M) 135.061ms
[2025-10-15T05:30:35.106-0700][1246 ][info ][gc,cpu      ] GC(207) User=11.98s Sys=0.02s Real=0.13s
[2025-10-15T05:30:35.107-0700][1246 ][info ][safepoint   ] Safepoint "G1CollectForAllocation", Time since last: 587336424 ns, Reaching safepoint: 784963 ns, Cleanup: 36034 ns, At safepoint: 138821945 ns, Total: 139642942 ns
[2025-10-15T05:30:37.108-0700][1246 ][info ][safepoint   ] Safepoint "Cleanup", Time since last: 2000117164 ns, Reaching safepoint: 847107 ns, Cleanup: 21091 ns, At safepoint: 201054 ns, Total: 1069252 ns
[2025-10-15T05:30:38.109-0700][1246 ][info ][safepoint   ] Safepoint "Cleanup", Time since last: 1000114310 ns, Reaching safepoint: 741137 ns, Cleanup: 19790 ns, At safepoint: 240493 ns, Total: 1001420 ns
[2025-10-15T05:30:39.111-0700][1246 ][info ][safepoint   ] Safepoint "Cleanup", Time since last: 1000120690 ns, Reaching safepoint: 825945 ns, Cleanup: 43415 ns, At safepoint: 292762 ns, Total: 1162122 ns
[2025-10-15T05:30:40.380-0700][1246 ][info ][gc,start    ] GC(208) Pause Young (Mixed) (G1 Evacuation Pause)
[2025-10-15T05:30:40.380-0700][1246 ][info ][gc,task     ] GC(208) Using 113 workers of 113 for evacuation
[2025-10-15T05:30:40.394-0700][1246 ][debug][gc,remset   ] GC(208) Visited cards 9585664 Total dirty 72548352 (13.21%) Total old 367132672 (2.61%)
[2025-10-15T05:30:40.521-0700][1246 ][info ][gc,phases   ] GC(208)   Pre Evacuate Collection Set: 0.7ms
[2025-10-15T05:30:40.521-0700][1246 ][info ][gc,phases   ] GC(208)   Merge Heap Roots: 13.2ms
[2025-10-15T05:30:40.521-0700][1246 ][info ][gc,phases   ] GC(208)   Evacuate Collection Set: 116.2ms
[2025-10-15T05:30:40.521-0700][1246 ][info ][gc,phases   ] GC(208)   Post Evacuate Collection Set: 9.9ms
[2025-10-15T05:30:40.521-0700][1246 ][info ][gc,phases   ] GC(208)   Other: 0.2ms
[2025-10-15T05:30:40.521-0700][1246 ][debug][gc,remset   ] GC(208) Coarsening (recent): Inline->AoC 18296 (19) AoC->Howl 106 (22) Howl->Full 0 (0) Inline->AoC 474 (8) AoC->BitMap 32 (10) BitMap->Full 0 (0) 
[2025-10-15T05:30:40.521-0700][1246 ][debug][gc,remset   ] GC(208) Coarsening (all): Inline->AoC 5475928 (86) AoC->Howl 130483 (212) Howl->Full 0 (0) Inline->AoC 540281 (60) AoC->BitMap 141445 (172) BitMap->Full 2 (0) 
[2025-10-15T05:30:40.521-0700][1246 ][info ][gc,heap     ] GC(208) Eden regions: 2004->0(2162)
[2025-10-15T05:30:40.521-0700][1246 ][info ][gc,heap     ] GC(208) Survivor regions: 159->148(271)
[2025-10-15T05:30:40.521-0700][1246 ][info ][gc,heap     ] GC(208) Old regions: 1207->1194
[2025-10-15T05:30:40.521-0700][1246 ][info ][gc,heap     ] GC(208) Humongous regions: 8->0
[2025-10-15T05:30:40.521-0700][1246 ][info ][gc,metaspace] GC(208) Metaspace: 316812K(322880K)->316812K(322880K) NonClass: 279801K(283072K)->279801K(283072K) Class: 37010K(39808K)->37010K(39808K)
[2025-10-15T05:30:40.521-0700][1246 ][info ][gc          ] GC(208) Pause Young (Mixed) (G1 Evacuation Pause) 108072M->42920M(184320M) 140.362ms
[2025-10-15T05:30:40.522-0700][1246 ][info ][gc,cpu      ] GC(208) User=13.64s Sys=0.04s Real=0.14s
[2025-10-15T05:30:40.523-0700][1246 ][info ][safepoint   ] Safepoint "G1CollectForAllocation", Time since last: 1267257203 ns, Reaching safepoint: 1169723 ns, Cleanup: 8182 ns, At safepoint: 144009625 ns, Total: 145187530 ns
[2025-10-15T05:30:41.543-0700][1246 ][info ][safepoint   ] Safepoint "Cleanup", Time since last: 1000085958 ns, Reaching safepoint: 18099900 ns, Cleanup: 19449 ns, At safepoint: 1811020 ns, Total: 19930369 ns
[2025-10-15T05:30:42.545-0700][1246 ][info ][safepoint   ] Safepoint "Cleanup", Time since last: 1000067901 ns, Reaching safepoint: 916762 ns, Cleanup: 10986 ns, At safepoint: 673726 ns, Total: 1601474 ns
[2025-10-15T05:30:43.546-0700][1246 ][info ][safepoint   ] Safepoint "Cleanup", Time since last: 1000104125 ns, Reaching safepoint: 771192 ns, Cleanup: 25419 ns, At safepoint: 637621 ns, Total: 1434232 ns
[2025-10-15T05:30:45.548-0700][1246 ][info ][safepoint   ] Safepoint "Cleanup", Time since last: 2000168240 ns, Reaching safepoint: 892515 ns, Cleanup: 13851 ns, At safepoint: 622208 ns, Total: 1528574 ns
[2025-10-15T05:30:47.568-0700][1246 ][info ][safepoint   ] Safepoint "Cleanup", Time since last: 2000163303 ns, Reaching safepoint: 17546617 ns, Cleanup: 14311 ns, At safepoint: 2290132 ns, Total: 19851060 ns
[2025-10-15T05:30:48.193-0700][1246 ][info ][gc,start    ] GC(209) Pause Young (Mixed) (G1 Evacuation Pause)
[2025-10-15T05:30:48.193-0700][1246 ][info ][gc,task     ] GC(209) Using 113 workers of 113 for evacuation
[2025-10-15T05:30:48.208-0700][1246 ][debug][gc,remset   ] GC(209) Visited cards 9933824 Total dirty 71892992 (13.82%) Total old 406781952 (2.44%)
[2025-10-15T05:30:48.343-0700][1246 ][info ][gc,phases   ] GC(209)   Pre Evacuate Collection Set: 0.7ms
[2025-10-15T05:30:48.343-0700][1246 ][info ][gc,phases   ] GC(209)   Merge Heap Roots: 13.6ms
[2025-10-15T05:30:48.343-0700][1246 ][info ][gc,phases   ] GC(209)   Evacuate Collection Set: 124.3ms
[2025-10-15T05:30:48.343-0700][1246 ][info ][gc,phases   ] GC(209)   Post Evacuate Collection Set: 11.1ms
[2025-10-15T05:30:48.343-0700][1246 ][info ][gc,phases   ] GC(209)   Other: 0.2ms
[2025-10-15T05:30:48.343-0700][1246 ][debug][gc,remset   ] GC(209) Coarsening (recent): Inline->AoC 21165 (38) AoC->Howl 272 (83) Howl->Full 0 (0) Inline->AoC 805 (19) AoC->BitMap 172 (45) BitMap->Full 0 (0) 
[2025-10-15T05:30:48.343-0700][1246 ][debug][gc,remset   ] GC(209) Coarsening (all): Inline->AoC 5497093 (124) AoC->Howl 130755 (295) Howl->Full 0 (0) Inline->AoC 541086 (79) AoC->BitMap 141617 (217) BitMap->Full 2 (0) 
[2025-10-15T05:30:48.343-0700][1246 ][info ][gc,heap     ] GC(209) Eden regions: 2322->0(1962)
[2025-10-15T05:30:48.343-0700][1246 ][info ][gc,heap     ] GC(209) Survivor regions: 148->195(309)
[2025-10-15T05:30:48.343-0700][1246 ][info ][gc,heap     ] GC(209) Old regions: 1194->1140
[2025-10-15T05:30:48.343-0700][1246 ][info ][gc,heap     ] GC(209) Humongous regions: 12->0
[2025-10-15T05:30:48.343-0700][1246 ][info ][gc,metaspace] GC(209) Metaspace: 316818K(322880K)->316818K(322880K) NonClass: 279808K(283072K)->279808K(283072K) Class: 37010K(39808K)->37010K(39808K)
[2025-10-15T05:30:48.343-0700][1246 ][info ][gc          ] GC(209) Pause Young (Mixed) (G1 Evacuation Pause) 117608M->42690M(184320M) 150.104ms
[2025-10-15T05:30:48.345-0700][1246 ][info ][gc,cpu      ] GC(209) User=13.99s Sys=0.01s Real=0.15s
[2025-10-15T05:30:48.346-0700][1246 ][info ][safepoint   ] Safepoint "G1CollectForAllocation", Time since last: 622902741 ns, Reaching safepoint: 1003622 ns, Cleanup: 4587 ns, At safepoint: 153868774 ns, Total: 154876983 ns
[2025-10-15T05:30:52.348-0700][1246 ][info ][safepoint   ] Safepoint "Cleanup", Time since last: 4000882544 ns, Reaching safepoint: 950914 ns, Cleanup: 13179 ns, At safepoint: 216617 ns, Total: 1180710 ns
[2025-10-15T05:30:53.349-0700][1246 ][info ][safepoint   ] Safepoint "Cleanup", Time since last: 1000103504 ns, Reaching safepoint: 1040098 ns, Cleanup: 16946 ns, At safepoint: 305170 ns, Total: 1362214 ns
[2025-10-15T05:30:54.351-0700][1246 ][info ][safepoint   ] Safepoint "Cleanup", Time since last: 1000095873 ns, Reaching safepoint: 939265 ns, Cleanup: 11898 ns, At safepoint: 451521 ns, Total: 1402684 ns
[2025-10-15T05:30:55.487-0700][1246 ][info ][gc,start    ] GC(210) Pause Young (Mixed) (G1 Evacuation Pause)
[2025-10-15T05:30:55.487-0700][1246 ][info ][gc,task     ] GC(210) Using 113 workers of 113 for evacuation
[2025-10-15T05:30:55.502-0700][1246 ][debug][gc,remset   ] GC(210) Visited cards 10010112 Total dirty 68485120 (14.62%) Total old 382730240 (2.62%)
[2025-10-15T05:30:55.633-0700][1246 ][info ][gc,phases   ] GC(210)   Pre Evacuate Collection Set: 0.8ms
[2025-10-15T05:30:55.633-0700][1246 ][info ][gc,phases   ] GC(210)   Merge Heap Roots: 14.0ms
[2025-10-15T05:30:55.633-0700][1246 ][info ][gc,phases   ] GC(210)   Evacuate Collection Set: 118.8ms
[2025-10-15T05:30:55.633-0700][1246 ][info ][gc,phases   ] GC(210)   Post Evacuate Collection Set: 11.6ms
[2025-10-15T05:30:55.633-0700][1246 ][info ][gc,phases   ] GC(210)   Other: 0.2ms
[2025-10-15T05:30:55.633-0700][1246 ][debug][gc,remset   ] GC(210) Coarsening (recent): Inline->AoC 19834 (8) AoC->Howl 239 (27) Howl->Full 0 (0) Inline->AoC 949 (6) AoC->BitMap 137 (17) BitMap->Full 0 (0) 
[2025-10-15T05:30:55.633-0700][1246 ][debug][gc,remset   ] GC(210) Coarsening (all): Inline->AoC 5516927 (132) AoC->Howl 130994 (322) Howl->Full 0 (0) Inline->AoC 542035 (85) AoC->BitMap 141754 (234) BitMap->Full 2 (0) 
[2025-10-15T05:30:55.633-0700][1246 ][info ][gc,heap     ] GC(210) Eden regions: 2123->0(2613)
[2025-10-15T05:30:55.633-0700][1246 ][info ][gc,heap     ] GC(210) Survivor regions: 195->154(290)
[2025-10-15T05:30:55.633-0700][1246 ][info ][gc,heap     ] GC(210) Old regions: 1140->1125
[2025-10-15T05:30:55.633-0700][1246 ][info ][gc,heap     ] GC(210) Humongous regions: 3->0
[2025-10-15T05:30:55.633-0700][1246 ][info ][gc,metaspace] GC(210) Metaspace: 316906K(322944K)->316906K(322944K) NonClass: 279894K(283136K)->279894K(283136K) Class: 37011K(39808K)->37011K(39808K)
[2025-10-15T05:30:55.633-0700][1246 ][info ][gc          ] GC(210) Pause Young (Mixed) (G1 Evacuation Pause) 110722M->40901M(184320M) 145.553ms
[2025-10-15T05:30:55.634-0700][1246 ][info ][gc,cpu      ] GC(210) User=13.92s Sys=0.04s Real=0.15s
[2025-10-15T05:30:55.635-0700][1246 ][info ][safepoint   ] Safepoint "G1CollectForAllocation", Time since last: 1134127107 ns, Reaching safepoint: 941820 ns, Cleanup: 4116 ns, At safepoint: 149068408 ns, Total: 150014344 ns
[2025-10-15T05:30:57.636-0700][1246 ][info ][safepoint   ] Safepoint "Cleanup", Time since last: 2000146548 ns, Reaching safepoint: 782650 ns, Cleanup: 11387 ns, At safepoint: 193642 ns, Total: 987679 ns
[2025-10-15T05:30:58.637-0700][1246 ][info ][safepoint   ] Safepoint "Cleanup", Time since last: 1000137606 ns, Reaching safepoint: 836060 ns, Cleanup: 10175 ns, At safepoint: 231750 ns, Total: 1077985 ns
[2025-10-15T05:31:00.639-0700][1246 ][info ][safepoint   ] Safepoint "Cleanup", Time since last: 2000170403 ns, Reaching safepoint: 932706 ns, Cleanup: 12980 ns, At safepoint: 266101 ns, Total: 1211787 ns
[2025-10-15T05:31:02.358-0700][1246 ][info ][safepoint   ] Safepoint "Cleanup", Time since last: 1717929715 ns, Reaching safepoint: 899666 ns, Cleanup: 26530 ns, At safepoint: 310298 ns, Total: 1236494 ns
[2025-10-15T05:31:03.359-0700][1246 ][info ][safepoint   ] Safepoint "Cleanup", Time since last: 1000066899 ns, Reaching safepoint: 897683 ns, Cleanup: 16916 ns, At safepoint: 359181 ns, Total: 1273780 ns
[2025-10-15T05:31:04.361-0700][1246 ][info ][safepoint   ] Safepoint "Cleanup", Time since last: 1000108963 ns, Reaching safepoint: 1002441 ns, Cleanup: 12018 ns, At safepoint: 291079 ns, Total: 1305538 ns
[2025-10-15T05:31:04.783-0700][1246 ][info ][gc,start    ] GC(211) Pause Young (Mixed) (G1 Evacuation Pause)
[2025-10-15T05:31:04.783-0700][1246 ][info ][gc,task     ] GC(211) Using 113 workers of 113 for evacuation
[2025-10-15T05:31:04.798-0700][1246 ][debug][gc,remset   ] GC(211) Visited cards 11490304 Total dirty 69206016 (16.60%) Total old 453836800 (2.53%)
[2025-10-15T05:31:04.934-0700][1246 ][info ][gc,phases   ] GC(211)   Pre Evacuate Collection Set: 0.8ms
[2025-10-15T05:31:04.934-0700][1246 ][info ][gc,phases   ] GC(211)   Merge Heap Roots: 14.1ms
[2025-10-15T05:31:04.934-0700][1246 ][info ][gc,phases   ] GC(211)   Evacuate Collection Set: 122.5ms
[2025-10-15T05:31:04.934-0700][1246 ][info ][gc,phases   ] GC(211)   Post Evacuate Collection Set: 13.0ms
[2025-10-15T05:31:04.934-0700][1246 ][info ][gc,phases   ] GC(211)   Other: 0.2ms
[2025-10-15T05:31:04.934-0700][1246 ][debug][gc,remset   ] GC(211) Coarsening (recent): Inline->AoC 21799 (23) AoC->Howl 426 (75) Howl->Full 0 (0) Inline->AoC 1364 (22) AoC->BitMap 290 (51) BitMap->Full 0 (0) 
[2025-10-15T05:31:04.934-0700][1246 ][debug][gc,remset   ] GC(211) Coarsening (all): Inline->AoC 5538726 (155) AoC->Howl 131420 (397) Howl->Full 0 (0) Inline->AoC 543399 (107) AoC->BitMap 142044 (285) BitMap->Full 2 (0) 
[2025-10-15T05:31:04.934-0700][1246 ][info ][gc,heap     ] GC(211) Eden regions: 2704->0(2333)
[2025-10-15T05:31:04.934-0700][1246 ][info ][gc,heap     ] GC(211) Survivor regions: 154->200(358)
[2025-10-15T05:31:04.934-0700][1246 ][info ][gc,heap     ] GC(211) Old regions: 1125->1073
[2025-10-15T05:31:04.934-0700][1246 ][info ][gc,heap     ] GC(211) Humongous regions: 23->0
[2025-10-15T05:31:04.934-0700][1246 ][info ][gc,metaspace] GC(211) Metaspace: 316909K(322944K)->316909K(322944K) NonClass: 279898K(283136K)->279898K(283136K) Class: 37011K(39808K)->37011K(39808K)
[2025-10-15T05:31:04.934-0700][1246 ][info ][gc          ] GC(211) Pause Young (Mixed) (G1 Evacuation Pause) 128165M->40723M(184320M) 150.728ms
[2025-10-15T05:31:04.935-0700][1246 ][info ][gc,cpu      ] GC(211) User=14.69s Sys=0.07s Real=0.15s
[2025-10-15T05:31:04.936-0700][1246 ][info ][safepoint   ] Safepoint "G1CollectForAllocation", Time since last: 420678083 ns, Reaching safepoint: 891955 ns, Cleanup: 14281 ns, At safepoint: 154212342 ns, Total: 155118578 ns
[2025-10-15T05:31:05.938-0700][1246 ][info ][safepoint   ] Safepoint "Cleanup", Time since last: 1000079608 ns, Reaching safepoint: 923442 ns, Cleanup: 15323 ns, At safepoint: 280243 ns, Total: 1219008 ns
[2025-10-15T05:31:06.940-0700][1246 ][info ][safepoint   ] Safepoint "Cleanup", Time since last: 1000096734 ns, Reaching safepoint: 965325 ns, Cleanup: 13711 ns, At safepoint: 706965 ns, Total: 1686001 ns
[2025-10-15T05:31:07.942-0700][1246 ][info ][safepoint   ] Safepoint "Cleanup", Time since last: 1000104707 ns, Reaching safepoint: 1698490 ns, Cleanup: 12338 ns, At safepoint: 774858 ns, Total: 2485686 ns
[2025-10-15T05:31:11.217-0700][1246 ][info ][gc,start    ] GC(212) Pause Young (Mixed) (G1 Evacuation Pause)
[2025-10-15T05:31:11.217-0700][1246 ][info ][gc,task     ] GC(212) Using 113 workers of 113 for evacuation
[2025-10-15T05:31:11.230-0700][1246 ][debug][gc,remset   ] GC(212) Visited cards 11351552 Total dirty 65208320 (17.41%) Total old 421396480 (2.69%)
[2025-10-15T05:31:11.400-0700][1246 ][info ][gc,phases   ] GC(212)   Pre Evacuate Collection Set: 0.9ms
[2025-10-15T05:31:11.400-0700][1246 ][info ][gc,phases   ] GC(212)   Merge Heap Roots: 11.9ms
[2025-10-15T05:31:11.400-0700][1246 ][info ][gc,phases   ] GC(212)   Evacuate Collection Set: 158.5ms
[2025-10-15T05:31:11.400-0700][1246 ][info ][gc,phases   ] GC(212)   Post Evacuate Collection Set: 11.9ms
[2025-10-15T05:31:11.401-0700][1246 ][info ][gc,phases   ] GC(212)   Other: 0.2ms
[2025-10-15T05:31:11.401-0700][1246 ][debug][gc,remset   ] GC(212) Coarsening (recent): Inline->AoC 23336 (0) AoC->Howl 267 (0) Howl->Full 0 (0) Inline->AoC 1152 (0) AoC->BitMap 162 (0) BitMap->Full 0 (0) 
[2025-10-15T05:31:11.401-0700][1246 ][debug][gc,remset   ] GC(212) Coarsening (all): Inline->AoC 5562062 (155) AoC->Howl 131687 (397) Howl->Full 0 (0) Inline->AoC 544551 (107) AoC->BitMap 142206 (285) BitMap->Full 2 (0) 
[2025-10-15T05:31:11.401-0700][1246 ][info ][gc,heap     ] GC(212) Eden regions: 2443->0(2403)
[2025-10-15T05:31:11.401-0700][1246 ][info ][gc,heap     ] GC(212) Survivor regions: 200->202(331)
[2025-10-15T05:31:11.401-0700][1246 ][info ][gc,heap     ] GC(212) Old regions: 1073->1057
[2025-10-15T05:31:11.401-0700][1246 ][info ][gc,heap     ] GC(212) Humongous regions: 10->0
[2025-10-15T05:31:11.401-0700][1246 ][info ][gc,metaspace] GC(212) Metaspace: 316917K(322944K)->316917K(322944K) NonClass: 279905K(283136K)->279905K(283136K) Class: 37012K(39808K)->37012K(39808K)
[2025-10-15T05:31:11.401-0700][1246 ][info ][gc          ] GC(212) Pause Young (Mixed) (G1 Evacuation Pause) 119219M->40274M(184320M) 183.471ms
[2025-10-15T05:31:11.402-0700][1246 ][info ][gc,cpu      ] GC(212) User=16.41s Sys=0.10s Real=0.19s
[2025-10-15T05:31:11.403-0700][1246 ][info ][safepoint   ] Safepoint "G1CollectForAllocation", Time since last: 3272434623 ns, Reaching safepoint: 1187890 ns, Cleanup: 6129 ns, At safepoint: 187230771 ns, Total: 188424790 ns
[2025-10-15T05:31:14.404-0700][1246 ][info ][safepoint   ] Safepoint "Cleanup", Time since last: 3000217421 ns, Reaching safepoint: 828108 ns, Cleanup: 10997 ns, At safepoint: 97847 ns, Total: 936952 ns
[2025-10-15T05:31:15.425-0700][1246 ][info ][safepoint   ] Safepoint "Cleanup", Time since last: 1000068421 ns, Reaching safepoint: 17830103 ns, Cleanup: 34432 ns, At safepoint: 2594390 ns, Total: 20458925 ns
[2025-10-15T05:31:16.427-0700][1246 ][info ][safepoint   ] Safepoint "Cleanup", Time since last: 1000158036 ns, Reaching safepoint: 1110473 ns, Cleanup: 22194 ns, At safepoint: 1012566 ns, Total: 2145233 ns
[2025-10-15T05:31:18.573-0700][1246 ][info ][gc,start    ] GC(213) Pause Young (Mixed) (G1 Evacuation Pause)
[2025-10-15T05:31:18.573-0700][1246 ][info ][gc,task     ] GC(213) Using 113 workers of 113 for evacuation
[2025-10-15T05:31:18.586-0700][1246 ][debug][gc,remset   ] GC(213) Visited cards 12660224 Total dirty 64028672 (19.77%) Total old 426508288 (2.97%)
[2025-10-15T05:31:18.756-0700][1246 ][info ][gc,phases   ] GC(213)   Pre Evacuate Collection Set: 0.8ms
[2025-10-15T05:31:18.756-0700][1246 ][info ][gc,phases   ] GC(213)   Merge Heap Roots: 12.1ms
[2025-10-15T05:31:18.756-0700][1246 ][info ][gc,phases   ] GC(213)   Evacuate Collection Set: 158.0ms
[2025-10-15T05:31:18.756-0700][1246 ][info ][gc,phases   ] GC(213)   Post Evacuate Collection Set: 12.5ms
[2025-10-15T05:31:18.756-0700][1246 ][info ][gc,phases   ] GC(213)   Other: 0.2ms
[2025-10-15T05:31:18.756-0700][1246 ][debug][gc,remset   ] GC(213) Coarsening (recent): Inline->AoC 23738 (0) AoC->Howl 333 (0) Howl->Full 0 (0) Inline->AoC 1266 (0) AoC->BitMap 194 (0) BitMap->Full 0 (0) 
[2025-10-15T05:31:18.756-0700][1246 ][debug][gc,remset   ] GC(213) Coarsening (all): Inline->AoC 5585800 (155) AoC->Howl 132020 (397) Howl->Full 0 (0) Inline->AoC 545817 (107) AoC->BitMap 142400 (285) BitMap->Full 2 (0) 
[2025-10-15T05:31:18.756-0700][1246 ][info ][gc,heap     ] GC(213) Eden regions: 2489->0(2240)
[2025-10-15T05:31:18.756-0700][1246 ][info ][gc,heap     ] GC(213) Survivor regions: 202->214(337)
[2025-10-15T05:31:18.756-0700][1246 ][info ][gc,heap     ] GC(213) Old regions: 1057->1046
[2025-10-15T05:31:18.756-0700][1246 ][info ][gc,heap     ] GC(213) Humongous regions: 8->0
[2025-10-15T05:31:18.756-0700][1246 ][info ][gc,metaspace] GC(213) Metaspace: 316927K(322944K)->316927K(322944K) NonClass: 279915K(283136K)->279915K(283136K) Class: 37012K(39808K)->37012K(39808K)
[2025-10-15T05:31:18.756-0700][1246 ][info ][gc          ] GC(213) Pause Young (Mixed) (G1 Evacuation Pause) 120178M->40296M(184320M) 183.719ms
[2025-10-15T05:31:18.757-0700][1246 ][info ][gc,cpu      ] GC(213) User=17.13s Sys=0.16s Real=0.18s
[2025-10-15T05:31:18.759-0700][1246 ][info ][safepoint   ] Safepoint "G1CollectForAllocation", Time since last: 2127675379 ns, Reaching safepoint: 16720820 ns, Cleanup: 5318 ns, At safepoint: 187307667 ns, Total: 204033805 ns
[2025-10-15T05:31:20.760-0700][1246 ][info ][safepoint   ] Safepoint "Cleanup", Time since last: 2000138104 ns, Reaching safepoint: 1074419 ns, Cleanup: 17186 ns, At safepoint: 115844 ns, Total: 1207449 ns
[2025-10-15T05:31:21.772-0700][1246 ][info ][safepoint   ] Safepoint "Cleanup", Time since last: 1000103494 ns, Reaching safepoint: 9516373 ns, Cleanup: 16084 ns, At safepoint: 2032793 ns, Total: 11565250 ns
[2025-10-15T05:31:22.773-0700][1246 ][info ][safepoint   ] Safepoint "Cleanup", Time since last: 1000115943 ns, Reaching safepoint: 755859 ns, Cleanup: 17957 ns, At safepoint: 801198 ns, Total: 1575014 ns
[2025-10-15T05:31:24.776-0700][1246 ][info ][safepoint   ] Safepoint "Cleanup", Time since last: 2000175330 ns, Reaching safepoint: 1045576 ns, Cleanup: 15233 ns, At safepoint: 1197304 ns, Total: 2258113 ns
[2025-10-15T05:31:24.866-0700][1246 ][info ][gc,start    ] GC(214) Pause Young (Mixed) (G1 Evacuation Pause)
[2025-10-15T05:31:24.866-0700][1246 ][info ][gc,task     ] GC(214) Using 113 workers of 113 for evacuation
[2025-10-15T05:31:24.880-0700][1246 ][debug][gc,remset   ] GC(214) Visited cards 13623808 Total dirty 63307776 (21.52%) Total old 421199872 (3.23%)
[2025-10-15T05:31:25.052-0700][1246 ][info ][gc,phases   ] GC(214)   Pre Evacuate Collection Set: 0.8ms
[2025-10-15T05:31:25.052-0700][1246 ][info ][gc,phases   ] GC(214)   Merge Heap Roots: 13.1ms
[2025-10-15T05:31:25.052-0700][1246 ][info ][gc,phases   ] GC(214)   Evacuate Collection Set: 160.5ms
[2025-10-15T05:31:25.052-0700][1246 ][info ][gc,phases   ] GC(214)   Post Evacuate Collection Set: 11.6ms
[2025-10-15T05:31:25.052-0700][1246 ][info ][gc,phases   ] GC(214)   Other: 0.2ms
[2025-10-15T05:31:25.052-0700][1246 ][debug][gc,remset   ] GC(214) Coarsening (recent): Inline->AoC 18830 (0) AoC->Howl 302 (0) Howl->Full 0 (0) Inline->AoC 1176 (0) AoC->BitMap 181 (0) BitMap->Full 0 (0) 
[2025-10-15T05:31:25.052-0700][1246 ][debug][gc,remset   ] GC(214) Coarsening (all): Inline->AoC 5604630 (155) AoC->Howl 132322 (397) Howl->Full 0 (0) Inline->AoC 546993 (107) AoC->BitMap 142581 (285) BitMap->Full 2 (0) 
[2025-10-15T05:31:25.052-0700][1246 ][info ][gc,heap     ] GC(214) Eden regions: 2442->0(2475)
[2025-10-15T05:31:25.052-0700][1246 ][info ][gc,heap     ] GC(214) Survivor regions: 214->200(332)
[2025-10-15T05:31:25.052-0700][1246 ][info ][gc,heap     ] GC(214) Old regions: 1046->1065
[2025-10-15T05:31:25.052-0700][1246 ][info ][gc,heap     ] GC(214) Humongous regions: 8->0
[2025-10-15T05:31:25.052-0700][1246 ][info ][gc,metaspace] GC(214) Metaspace: 316936K(322944K)->316936K(322944K) NonClass: 279923K(283136K)->279923K(283136K) Class: 37012K(39808K)->37012K(39808K)
[2025-10-15T05:31:25.052-0700][1246 ][info ][gc          ] GC(214) Pause Young (Mixed) (G1 Evacuation Pause) 118696M->40478M(184320M) 186.332ms
[2025-10-15T05:31:25.053-0700][1246 ][info ][gc,cpu      ] GC(214) User=17.50s Sys=0.23s Real=0.19s
[2025-10-15T05:31:25.055-0700][1246 ][info ][safepoint   ] Safepoint "G1CollectForAllocation", Time since last: 87728168 ns, Reaching safepoint: 998565 ns, Cleanup: 5187 ns, At safepoint: 189980836 ns, Total: 190984588 ns
[2025-10-15T05:31:26.056-0700][1246 ][info ][safepoint   ] Safepoint "Cleanup", Time since last: 1000086418 ns, Reaching safepoint: 910332 ns, Cleanup: 12829 ns, At safepoint: 175655 ns, Total: 1098816 ns
[2025-10-15T05:31:29.057-0700][1246 ][info ][safepoint   ] Safepoint "Cleanup", Time since last: 3000230261 ns, Reaching safepoint: 725864 ns, Cleanup: 10365 ns, At safepoint: 100542 ns, Total: 836771 ns
[2025-10-15T05:31:32.058-0700][1246 ][info ][safepoint   ] Safepoint "Cleanup", Time since last: 3000221745 ns, Reaching safepoint: 809269 ns, Cleanup: 9955 ns, At safepoint: 200683 ns, Total: 1019907 ns
[2025-10-15T05:31:33.061-0700][1246 ][info ][safepoint   ] Safepoint "Cleanup", Time since last: 1000102922 ns, Reaching safepoint: 1910760 ns, Cleanup: 13440 ns, At safepoint: 1019597 ns, Total: 2943797 ns
[2025-10-15T05:31:33.935-0700][1246 ][info ][gc,start    ] GC(215) Pause Young (Mixed) (G1 Evacuation Pause)
[2025-10-15T05:31:33.935-0700][1246 ][info ][gc,task     ] GC(215) Using 113 workers of 113 for evacuation
[2025-10-15T05:31:33.949-0700][1246 ][debug][gc,remset   ] GC(215) Visited cards 14092800 Total dirty 64487424 (21.85%) Total old 447021056 (3.15%)
[2025-10-15T05:31:34.102-0700][1246 ][info ][gc,phases   ] GC(215)   Pre Evacuate Collection Set: 0.7ms
[2025-10-15T05:31:34.102-0700][1246 ][info ][gc,phases   ] GC(215)   Merge Heap Roots: 13.8ms
[2025-10-15T05:31:34.102-0700][1246 ][info ][gc,phases   ] GC(215)   Evacuate Collection Set: 141.6ms
[2025-10-15T05:31:34.102-0700][1246 ][info ][gc,phases   ] GC(215)   Post Evacuate Collection Set: 10.8ms
[2025-10-15T05:31:34.102-0700][1246 ][info ][gc,phases   ] GC(215)   Other: 0.2ms
[2025-10-15T05:31:34.102-0700][1246 ][debug][gc,remset   ] GC(215) Coarsening (recent): Inline->AoC 19152 (0) AoC->Howl 217 (0) Howl->Full 0 (0) Inline->AoC 776 (0) AoC->BitMap 163 (0) BitMap->Full 0 (0) 
[2025-10-15T05:31:34.102-0700][1246 ][debug][gc,remset   ] GC(215) Coarsening (all): Inline->AoC 5623782 (155) AoC->Howl 132539 (397) Howl->Full 0 (0) Inline->AoC 547769 (107) AoC->BitMap 142744 (285) BitMap->Full 2 (0) 
[2025-10-15T05:31:34.102-0700][1246 ][info ][gc,heap     ] GC(215) Eden regions: 2645->0(2963)
[2025-10-15T05:31:34.102-0700][1246 ][info ][gc,heap     ] GC(215) Survivor regions: 200->197(356)
[2025-10-15T05:31:34.102-0700][1246 ][info ][gc,heap     ] GC(215) Old regions: 1065->1063
[2025-10-15T05:31:34.102-0700][1246 ][info ][gc,heap     ] GC(215) Humongous regions: 10->0
[2025-10-15T05:31:34.102-0700][1246 ][info ][gc,metaspace] GC(215) Metaspace: 316963K(322944K)->316963K(322944K) NonClass: 279946K(283136K)->279946K(283136K) Class: 37016K(39808K)->37016K(39808K)
[2025-10-15T05:31:34.102-0700][1246 ][info ][gc          ] GC(215) Pause Young (Mixed) (G1 Evacuation Pause) 125438M->40300M(184320M) 167.171ms
[2025-10-15T05:31:34.103-0700][1246 ][info ][gc,cpu      ] GC(215) User=15.83s Sys=0.09s Real=0.17s
[2025-10-15T05:31:34.104-0700][1246 ][info ][safepoint   ] Safepoint "G1CollectForAllocation", Time since last: 871531476 ns, Reaching safepoint: 884262 ns, Cleanup: 10917 ns, At safepoint: 170729104 ns, Total: 171624283 ns
[2025-10-15T05:31:35.107-0700][1246 ][info ][safepoint   ] Safepoint "Cleanup", Time since last: 1000095190 ns, Reaching safepoint: 1647563 ns, Cleanup: 15363 ns, At safepoint: 499323 ns, Total: 2162249 ns
[2025-10-15T05:31:36.108-0700][1246 ][info ][safepoint   ] Safepoint "Cleanup", Time since last: 1000108120 ns, Reaching safepoint: 757291 ns, Cleanup: 14262 ns, At safepoint: 314093 ns, Total: 1085646 ns
[2025-10-15T05:31:37.109-0700][1246 ][info ][safepoint   ] Safepoint "Cleanup", Time since last: 1000103313 ns, Reaching safepoint: 913046 ns, Cleanup: 11477 ns, At safepoint: 473634 ns, Total: 1398157 ns
[2025-10-15T05:31:43.111-0700][1246 ][info ][safepoint   ] Safepoint "Cleanup", Time since last: 6000423059 ns, Reaching safepoint: 739885 ns, Cleanup: 28213 ns, At safepoint: 123656 ns, Total: 891754 ns
[2025-10-15T05:31:44.112-0700][1246 ][info ][safepoint   ] Safepoint "Cleanup", Time since last: 1000106468 ns, Reaching safepoint: 885514 ns, Cleanup: 15223 ns, At safepoint: 282316 ns, Total: 1183053 ns
[2025-10-15T05:31:45.113-0700][1246 ][info ][safepoint   ] Safepoint "Cleanup", Time since last: 1000110353 ns, Reaching safepoint: 911354 ns, Cleanup: 13740 ns, At safepoint: 432162 ns, Total: 1357256 ns
[2025-10-15T05:31:46.115-0700][1246 ][info ][safepoint   ] Safepoint "Cleanup", Time since last: 1000109121 ns, Reaching safepoint: 946497 ns, Cleanup: 13169 ns, At safepoint: 292621 ns, Total: 1252287 ns
[2025-10-15T05:31:46.594-0700][1246 ][info ][gc,start    ] GC(216) Pause Young (Normal) (G1 Evacuation Pause)
[2025-10-15T05:31:46.594-0700][1246 ][info ][gc,task     ] GC(216) Using 113 workers of 113 for evacuation
[2025-10-15T05:31:46.608-0700][1246 ][debug][gc,remset   ] GC(216) Visited cards 8963072 Total dirty 66256896 (13.53%) Total old 491454464 (1.82%)
[2025-10-15T05:31:46.751-0700][1246 ][info ][gc,phases   ] GC(216)   Pre Evacuate Collection Set: 0.8ms
[2025-10-15T05:31:46.751-0700][1246 ][info ][gc,phases   ] GC(216)   Merge Heap Roots: 13.5ms
[2025-10-15T05:31:46.751-0700][1246 ][info ][gc,phases   ] GC(216)   Evacuate Collection Set: 128.8ms
[2025-10-15T05:31:46.751-0700][1246 ][info ][gc,phases   ] GC(216)   Post Evacuate Collection Set: 13.8ms
[2025-10-15T05:31:46.751-0700][1246 ][info ][gc,phases   ] GC(216)   Other: 0.2ms
[2025-10-15T05:31:46.751-0700][1246 ][debug][gc,remset   ] GC(216) Coarsening (recent): Inline->AoC 30535 (0) AoC->Howl 174 (0) Howl->Full 0 (0) Inline->AoC 663 (0) AoC->BitMap 102 (0) BitMap->Full 0 (0) 
[2025-10-15T05:31:46.751-0700][1246 ][debug][gc,remset   ] GC(216) Coarsening (all): Inline->AoC 5654317 (155) AoC->Howl 132713 (397) Howl->Full 0 (0) Inline->AoC 548432 (107) AoC->BitMap 142846 (285) BitMap->Full 2 (0) 
[2025-10-15T05:31:46.751-0700][1246 ][info ][gc,heap     ] GC(216) Eden regions: 3014->0(2713)
[2025-10-15T05:31:46.751-0700][1246 ][info ][gc,heap     ] GC(216) Survivor regions: 197->231(402)
[2025-10-15T05:31:46.751-0700][1246 ][info ][gc,heap     ] GC(216) Old regions: 1063->1063
[2025-10-15T05:31:46.751-0700][1246 ][info ][gc,heap     ] GC(216) Humongous regions: 14->0
[2025-10-15T05:31:46.751-0700][1246 ][info ][gc,metaspace] GC(216) Metaspace: 317118K(323072K)->317118K(323072K) NonClass: 280079K(283264K)->280079K(283264K) Class: 37038K(39808K)->37038K(39808K)
[2025-10-15T05:31:46.751-0700][1246 ][info ][gc          ] GC(216) Pause Young (Normal) (G1 Evacuation Pause) 137196M->41392M(184320M) 157.230ms
[2025-10-15T05:31:46.752-0700][1246 ][info ][gc,cpu      ] GC(216) User=15.65s Sys=0.17s Real=0.16s
[2025-10-15T05:31:46.753-0700][1246 ][info ][safepoint   ] Safepoint "G1CollectForAllocation", Time since last: 477026760 ns, Reaching safepoint: 866075 ns, Cleanup: 6089 ns, At safepoint: 160747591 ns, Total: 161619755 ns
[2025-10-15T05:31:48.755-0700][1246 ][info ][safepoint   ] Safepoint "Cleanup", Time since last: 2000150330 ns, Reaching safepoint: 835990 ns, Cleanup: 34292 ns, At safepoint: 399622 ns, Total: 1269904 ns
[2025-10-15T05:31:49.756-0700][1246 ][info ][safepoint   ] Safepoint "Cleanup", Time since last: 1000132346 ns, Reaching safepoint: 898314 ns, Cleanup: 22164 ns, At safepoint: 409347 ns, Total: 1329825 ns
[2025-10-15T05:31:50.758-0700][1246 ][info ][safepoint   ] Safepoint "Cleanup", Time since last: 1000122471 ns, Reaching safepoint: 906256 ns, Cleanup: 12799 ns, At safepoint: 745204 ns, Total: 1664259 ns
[2025-10-15T05:31:53.759-0700][1246 ][info ][safepoint   ] Safepoint "Cleanup", Time since last: 3000229737 ns, Reaching safepoint: 892014 ns, Cleanup: 19169 ns, At safepoint: 345090 ns, Total: 1256273 ns
[2025-10-15T05:31:54.418-0700][1246 ][info ][gc,start    ] GC(217) Pause Young (Normal) (G1 Evacuation Pause)
[2025-10-15T05:31:54.419-0700][1246 ][info ][gc,task     ] GC(217) Using 113 workers of 113 for evacuation
[2025-10-15T05:31:54.431-0700][1246 ][debug][gc,remset   ] GC(217) Visited cards 8952576 Total dirty 66322432 (13.50%) Total old 460324864 (1.94%)
[2025-10-15T05:31:54.595-0700][1246 ][info ][gc,phases   ] GC(217)   Pre Evacuate Collection Set: 0.7ms
[2025-10-15T05:31:54.595-0700][1246 ][info ][gc,phases   ] GC(217)   Merge Heap Roots: 12.1ms
[2025-10-15T05:31:54.595-0700][1246 ][info ][gc,phases   ] GC(217)   Evacuate Collection Set: 150.5ms
[2025-10-15T05:31:54.595-0700][1246 ][info ][gc,phases   ] GC(217)   Post Evacuate Collection Set: 12.7ms
[2025-10-15T05:31:54.595-0700][1246 ][info ][gc,phases   ] GC(217)   Other: 0.2ms
[2025-10-15T05:31:54.595-0700][1246 ][debug][gc,remset   ] GC(217) Coarsening (recent): Inline->AoC 39479 (0) AoC->Howl 135 (0) Howl->Full 0 (0) Inline->AoC 620 (0) AoC->BitMap 58 (0) BitMap->Full 0 (0) 
[2025-10-15T05:31:54.595-0700][1246 ][debug][gc,remset   ] GC(217) Coarsening (all): Inline->AoC 5693796 (155) AoC->Howl 132848 (397) Howl->Full 0 (0) Inline->AoC 549052 (107) AoC->BitMap 142904 (285) BitMap->Full 2 (0) 
[2025-10-15T05:31:54.595-0700][1246 ][info ][gc,heap     ] GC(217) Eden regions: 2743->0(2864)
[2025-10-15T05:31:54.595-0700][1246 ][info ][gc,heap     ] GC(217) Survivor regions: 231->222(372)
[2025-10-15T05:31:54.595-0700][1246 ][info ][gc,heap     ] GC(217) Old regions: 1063->1117
[2025-10-15T05:31:54.595-0700][1246 ][info ][gc,heap     ] GC(217) Humongous regions: 13->0
[2025-10-15T05:31:54.595-0700][1246 ][info ][gc,metaspace] GC(217) Metaspace: 317167K(323136K)->317167K(323136K) NonClass: 280124K(283328K)->280124K(283328K) Class: 37042K(39808K)->37042K(39808K)
[2025-10-15T05:31:54.595-0700][1246 ][info ][gc          ] GC(217) Pause Young (Normal) (G1 Evacuation Pause) 129584M->42829M(184320M) 176.373ms
[2025-10-15T05:31:54.596-0700][1246 ][info ][gc,cpu      ] GC(217) User=17.73s Sys=0.31s Real=0.17s
[2025-10-15T05:31:54.597-0700][1246 ][info ][safepoint   ] Safepoint "G1CollectForAllocation", Time since last: 657088038 ns, Reaching safepoint: 822450 ns, Cleanup: 6209 ns, At safepoint: 180085756 ns, Total: 180914415 ns
[2025-10-15T05:31:55.599-0700][1246 ][info ][safepoint   ] Safepoint "Cleanup", Time since last: 1000105746 ns, Reaching safepoint: 1078526 ns, Cleanup: 11357 ns, At safepoint: 146150 ns, Total: 1236033 ns
[2025-10-15T05:31:56.600-0700][1246 ][info ][safepoint   ] Safepoint "Cleanup", Time since last: 1000092416 ns, Reaching safepoint: 668748 ns, Cleanup: 13060 ns, At safepoint: 124498 ns, Total: 806306 ns
[2025-10-15T05:31:58.601-0700][1246 ][info ][safepoint   ] Safepoint "Cleanup", Time since last: 2000161827 ns, Reaching safepoint: 844553 ns, Cleanup: 17997 ns, At safepoint: 327995 ns, Total: 1190545 ns
[2025-10-15T05:32:02.385-0700][1246 ][info ][safepoint   ] Safepoint "Cleanup", Time since last: 3782124467 ns, Reaching safepoint: 926316 ns, Cleanup: 17226 ns, At safepoint: 497610 ns, Total: 1441152 ns
[2025-10-15T05:32:03.387-0700][1246 ][info ][safepoint   ] Safepoint "Cleanup", Time since last: 1000103303 ns, Reaching safepoint: 1056222 ns, Cleanup: 19669 ns, At safepoint: 1332389 ns, Total: 2408280 ns
[2025-10-15T05:32:03.404-0700][1246 ][info ][gc,start    ] GC(218) Pause Young (Normal) (G1 Evacuation Pause)
[2025-10-15T05:32:03.404-0700][1246 ][info ][gc,task     ] GC(218) Using 113 workers of 113 for evacuation
[2025-10-15T05:32:03.418-0700][1246 ][debug][gc,remset   ] GC(218) Visited cards 9117440 Total dirty 69468160 (13.12%) Total old 486211584 (1.88%)
[2025-10-15T05:32:03.596-0700][1246 ][info ][gc,phases   ] GC(218)   Pre Evacuate Collection Set: 0.9ms
[2025-10-15T05:32:03.596-0700][1246 ][info ][gc,phases   ] GC(218)   Merge Heap Roots: 12.7ms
[2025-10-15T05:32:03.596-0700][1246 ][info ][gc,phases   ] GC(218)   Evacuate Collection Set: 163.4ms
[2025-10-15T05:32:03.596-0700][1246 ][info ][gc,phases   ] GC(218)   Post Evacuate Collection Set: 14.8ms
[2025-10-15T05:32:03.596-0700][1246 ][info ][gc,phases   ] GC(218)   Other: 0.2ms
[2025-10-15T05:32:03.596-0700][1246 ][debug][gc,remset   ] GC(218) Coarsening (recent): Inline->AoC 34238 (0) AoC->Howl 131 (0) Howl->Full 0 (0) Inline->AoC 528 (0) AoC->BitMap 72 (0) BitMap->Full 0 (0) 
[2025-10-15T05:32:03.596-0700][1246 ][debug][gc,remset   ] GC(218) Coarsening (all): Inline->AoC 5728034 (155) AoC->Howl 132979 (397) Howl->Full 0 (0) Inline->AoC 549580 (107) AoC->BitMap 142976 (285) BitMap->Full 2 (0) 
[2025-10-15T05:32:03.596-0700][1246 ][info ][gc,heap     ] GC(218) Eden regions: 2920->0(2747)
[2025-10-15T05:32:03.596-0700][1246 ][info ][gc,heap     ] GC(218) Survivor regions: 222->233(393)
[2025-10-15T05:32:03.596-0700][1246 ][info ][gc,heap     ] GC(218) Old regions: 1117->1161
[2025-10-15T05:32:03.596-0700][1246 ][info ][gc,heap     ] GC(218) Humongous regions: 18->0
[2025-10-15T05:32:03.596-0700][1246 ][info ][gc,metaspace] GC(218) Metaspace: 317219K(323264K)->317219K(323264K) NonClass: 280167K(283392K)->280167K(283392K) Class: 37051K(39872K)->37051K(39872K)
[2025-10-15T05:32:03.596-0700][1246 ][info ][gc          ] GC(218) Pause Young (Normal) (G1 Evacuation Pause) 136845M->44580M(184320M) 192.177ms
[2025-10-15T05:32:03.598-0700][1246 ][info ][gc,cpu      ] GC(218) User=18.10s Sys=0.36s Real=0.19s
[2025-10-15T05:32:03.599-0700][1246 ][info ][safepoint   ] Safepoint "G1CollectForAllocation", Time since last: 14972185 ns, Reaching safepoint: 870842 ns, Cleanup: 4687 ns, At safepoint: 195747951 ns, Total: 196623480 ns
[2025-10-15T05:32:05.600-0700][1246 ][info ][safepoint   ] Safepoint "Cleanup", Time since last: 2000148027 ns, Reaching safepoint: 754337 ns, Cleanup: 9985 ns, At safepoint: 168454 ns, Total: 932776 ns
[2025-10-15T05:32:06.601-0700][1246 ][info ][safepoint   ] Safepoint "Cleanup", Time since last: 1000130724 ns, Reaching safepoint: 751593 ns, Cleanup: 16184 ns, At safepoint: 150086 ns, Total: 917863 ns
[2025-10-15T05:32:07.602-0700][1246 ][info ][safepoint   ] Safepoint "Cleanup", Time since last: 1000107259 ns, Reaching safepoint: 723360 ns, Cleanup: 26100 ns, At safepoint: 201433 ns, Total: 950893 ns
[2025-10-15T05:32:08.603-0700][1246 ][info ][safepoint   ] Safepoint "Cleanup", Time since last: 1000097504 ns, Reaching safepoint: 735278 ns, Cleanup: 19199 ns, At safepoint: 208144 ns, Total: 962621 ns
[2025-10-15T05:32:10.604-0700][1246 ][info ][safepoint   ] Safepoint "Cleanup", Time since last: 2000167486 ns, Reaching safepoint: 828789 ns, Cleanup: 15454 ns, At safepoint: 404620 ns, Total: 1248863 ns
[2025-10-15T05:32:13.606-0700][1246 ][info ][safepoint   ] Safepoint "Cleanup", Time since last: 3000230348 ns, Reaching safepoint: 919836 ns, Cleanup: 12018 ns, At safepoint: 206872 ns, Total: 1138726 ns
[2025-10-15T05:32:13.834-0700][1246 ][info ][gc,start    ] GC(219) Pause Young (Normal) (G1 Evacuation Pause)
[2025-10-15T05:32:13.834-0700][1246 ][info ][gc,task     ] GC(219) Using 113 workers of 113 for evacuation
[2025-10-15T05:32:13.847-0700][1246 ][debug][gc,remset   ] GC(219) Visited cards 9259520 Total dirty 71827456 (12.89%) Total old 470024192 (1.97%)
[2025-10-15T05:32:14.024-0700][1246 ][info ][gc,phases   ] GC(219)   Pre Evacuate Collection Set: 0.7ms
[2025-10-15T05:32:14.024-0700][1246 ][info ][gc,phases   ] GC(219)   Merge Heap Roots: 12.4ms
[2025-10-15T05:32:14.024-0700][1246 ][info ][gc,phases   ] GC(219)   Evacuate Collection Set: 161.1ms
[2025-10-15T05:32:14.024-0700][1246 ][info ][gc,phases   ] GC(219)   Post Evacuate Collection Set: 15.1ms
[2025-10-15T05:32:14.024-0700][1246 ][info ][gc,phases   ] GC(219)   Other: 0.2ms
[2025-10-15T05:32:14.024-0700][1246 ][debug][gc,remset   ] GC(219) Coarsening (recent): Inline->AoC 39289 (0) AoC->Howl 160 (0) Howl->Full 0 (0) Inline->AoC 660 (0) AoC->BitMap 83 (0) BitMap->Full 0 (0) 
[2025-10-15T05:32:14.024-0700][1246 ][debug][gc,remset   ] GC(219) Coarsening (all): Inline->AoC 5767323 (155) AoC->Howl 133139 (397) Howl->Full 0 (0) Inline->AoC 550240 (107) AoC->BitMap 143059 (285) BitMap->Full 2 (0) 
[2025-10-15T05:32:14.024-0700][1246 ][info ][gc,heap     ] GC(219) Eden regions: 2764->0(2560)
[2025-10-15T05:32:14.024-0700][1246 ][info ][gc,heap     ] GC(219) Survivor regions: 233->239(375)
[2025-10-15T05:32:14.024-0700][1246 ][info ][gc,heap     ] GC(219) Old regions: 1161->1204
[2025-10-15T05:32:14.024-0700][1246 ][info ][gc,heap     ] GC(219) Humongous regions: 17->1
[2025-10-15T05:32:14.024-0700][1246 ][info ][gc,metaspace] GC(219) Metaspace: 317250K(323264K)->317250K(323264K) NonClass: 280195K(283392K)->280195K(283392K) Class: 37055K(39872K)->37055K(39872K)
[2025-10-15T05:32:14.024-0700][1246 ][info ][gc          ] GC(219) Pause Young (Normal) (G1 Evacuation Pause) 133572M->46175M(184320M) 189.699ms
[2025-10-15T05:32:14.025-0700][1246 ][info ][gc,cpu      ] GC(219) User=18.79s Sys=0.32s Real=0.19s
[2025-10-15T05:32:14.026-0700][1246 ][info ][safepoint   ] Safepoint "G1CollectForAllocation", Time since last: 226166256 ns, Reaching safepoint: 897963 ns, Cleanup: 4687 ns, At safepoint: 193141693 ns, Total: 194044343 ns
[2025-10-15T05:32:15.031-0700][1246 ][info ][safepoint   ] Safepoint "Cleanup", Time since last: 1000089211 ns, Reaching safepoint: 3910264 ns, Cleanup: 12579 ns, At safepoint: 771122 ns, Total: 4693965 ns
[2025-10-15T05:32:16.032-0700][1246 ][info ][safepoint   ] Safepoint "Cleanup", Time since last: 1000107879 ns, Reaching safepoint: 844063 ns, Cleanup: 25688 ns, At safepoint: 492793 ns, Total: 1362544 ns
[2025-10-15T05:32:17.034-0700][1246 ][info ][safepoint   ] Safepoint "Cleanup", Time since last: 1000111555 ns, Reaching safepoint: 1053878 ns, Cleanup: 12539 ns, At safepoint: 1073048 ns, Total: 2139465 ns
[2025-10-15T05:32:20.942-0700][1246 ][info ][gc,start    ] GC(220) Pause Young (Normal) (G1 Evacuation Pause)
[2025-10-15T05:32:20.943-0700][1246 ][info ][gc,task     ] GC(220) Using 113 workers of 113 for evacuation
[2025-10-15T05:32:20.955-0700][1246 ][debug][gc,remset   ] GC(220) Visited cards 9595392 Total dirty 74711040 (12.84%) Total old 458162176 (2.09%)
[2025-10-15T05:32:21.137-0700][1246 ][info ][gc,phases   ] GC(220)   Pre Evacuate Collection Set: 0.7ms
[2025-10-15T05:32:21.137-0700][1246 ][info ][gc,phases   ] GC(220)   Merge Heap Roots: 12.0ms
[2025-10-15T05:32:21.137-0700][1246 ][info ][gc,phases   ] GC(220)   Evacuate Collection Set: 166.7ms
[2025-10-15T05:32:21.137-0700][1246 ][info ][gc,phases   ] GC(220)   Post Evacuate Collection Set: 15.3ms
[2025-10-15T05:32:21.137-0700][1246 ][info ][gc,phases   ] GC(220)   Other: 0.2ms
[2025-10-15T05:32:21.138-0700][1246 ][debug][gc,remset   ] GC(220) Coarsening (recent): Inline->AoC 31766 (0) AoC->Howl 152 (0) Howl->Full 0 (0) Inline->AoC 605 (0) AoC->BitMap 83 (0) BitMap->Full 0 (0) 
[2025-10-15T05:32:21.138-0700][1246 ][debug][gc,remset   ] GC(220) Coarsening (all): Inline->AoC 5799089 (155) AoC->Howl 133291 (397) Howl->Full 0 (0) Inline->AoC 550845 (107) AoC->BitMap 143142 (285) BitMap->Full 2 (0) 
[2025-10-15T05:32:21.138-0700][1246 ][info ][gc,heap     ] GC(220) Eden regions: 2648->0(2429)
[2025-10-15T05:32:21.138-0700][1246 ][info ][gc,heap     ] GC(220) Survivor regions: 239->244(361)
[2025-10-15T05:32:21.138-0700][1246 ][info ][gc,heap     ] GC(220) Old regions: 1204->1257
[2025-10-15T05:32:21.138-0700][1246 ][info ][gc,heap     ] GC(220) Humongous regions: 13->0
[2025-10-15T05:32:21.138-0700][1246 ][info ][gc,metaspace] GC(220) Metaspace: 317258K(323392K)->317258K(323392K) NonClass: 280202K(283520K)->280202K(283520K) Class: 37055K(39872K)->37055K(39872K)
[2025-10-15T05:32:21.138-0700][1246 ][info ][gc          ] GC(220) Pause Young (Normal) (G1 Evacuation Pause) 131295M->47999M(184320M) 195.119ms
[2025-10-15T05:32:21.139-0700][1246 ][info ][gc,cpu      ] GC(220) User=19.03s Sys=0.28s Real=0.20s
[2025-10-15T05:32:21.140-0700][1246 ][info ][safepoint   ] Safepoint "G1CollectForAllocation", Time since last: 3905906405 ns, Reaching safepoint: 924212 ns, Cleanup: 18128 ns, At safepoint: 198540159 ns, Total: 199482499 ns
[2025-10-15T05:32:22.141-0700][1246 ][info ][safepoint   ] Safepoint "Cleanup", Time since last: 1000080649 ns, Reaching safepoint: 819144 ns, Cleanup: 23485 ns, At safepoint: 194954 ns, Total: 1037583 ns
[2025-10-15T05:32:23.142-0700][1246 ][info ][safepoint   ] Safepoint "Cleanup", Time since last: 1000110143 ns, Reaching safepoint: 794958 ns, Cleanup: 18038 ns, At safepoint: 152810 ns, Total: 965806 ns
[2025-10-15T05:32:25.143-0700][1246 ][info ][safepoint   ] Safepoint "Cleanup", Time since last: 2000163450 ns, Reaching safepoint: 870702 ns, Cleanup: 13941 ns, At safepoint: 190548 ns, Total: 1075191 ns
[2025-10-15T05:32:26.145-0700][1246 ][info ][safepoint   ] Safepoint "Cleanup", Time since last: 1000107158 ns, Reaching safepoint: 931404 ns, Cleanup: 16745 ns, At safepoint: 295616 ns, Total: 1243765 ns
[2025-10-15T05:32:27.146-0700][1246 ][info ][safepoint   ] Safepoint "Cleanup", Time since last: 1000107709 ns, Reaching safepoint: 951544 ns, Cleanup: 15173 ns, At safepoint: 466533 ns, Total: 1433250 ns
[2025-10-15T05:32:29.148-0700][1246 ][info ][safepoint   ] Safepoint "Cleanup", Time since last: 2000178934 ns, Reaching safepoint: 898965 ns, Cleanup: 14792 ns, At safepoint: 290888 ns, Total: 1204645 ns
[2025-10-15T05:32:30.149-0700][1246 ][info ][safepoint   ] Safepoint "Cleanup", Time since last: 1000095071 ns, Reaching safepoint: 905264 ns, Cleanup: 10696 ns, At safepoint: 499513 ns, Total: 1415473 ns
[2025-10-15T05:32:30.858-0700][1246 ][info ][gc,start    ] GC(221) Pause Young (Normal) (G1 Evacuation Pause)
[2025-10-15T05:32:30.858-0700][1246 ][info ][gc,task     ] GC(221) Using 113 workers of 113 for evacuation
[2025-10-15T05:32:30.871-0700][1246 ][debug][gc,remset   ] GC(221) Visited cards 9743872 Total dirty 77660160 (12.55%) Total old 434044928 (2.24%)
[2025-10-15T05:32:31.046-0700][1246 ][info ][gc,phases   ] GC(221)   Pre Evacuate Collection Set: 0.7ms
[2025-10-15T05:32:31.046-0700][1246 ][info ][gc,phases   ] GC(221)   Merge Heap Roots: 12.0ms
[2025-10-15T05:32:31.046-0700][1246 ][info ][gc,phases   ] GC(221)   Evacuate Collection Set: 159.1ms
[2025-10-15T05:32:31.046-0700][1246 ][info ][gc,phases   ] GC(221)   Post Evacuate Collection Set: 15.2ms
[2025-10-15T05:32:31.046-0700][1246 ][info ][gc,phases   ] GC(221)   Other: 0.2ms
[2025-10-15T05:32:31.046-0700][1246 ][debug][gc,remset   ] GC(221) Coarsening (recent): Inline->AoC 41955 (0) AoC->Howl 135 (0) Howl->Full 0 (0) Inline->AoC 478 (0) AoC->BitMap 84 (0) BitMap->Full 0 (0) 
[2025-10-15T05:32:31.046-0700][1246 ][debug][gc,remset   ] GC(221) Coarsening (all): Inline->AoC 5841044 (155) AoC->Howl 133426 (397) Howl->Full 0 (0) Inline->AoC 551323 (107) AoC->BitMap 143226 (285) BitMap->Full 2 (0) 
[2025-10-15T05:32:31.046-0700][1246 ][info ][gc,heap     ] GC(221) Eden regions: 2432->0(3259)
[2025-10-15T05:32:31.046-0700][1246 ][info ][gc,heap     ] GC(221) Survivor regions: 244->197(335)
[2025-10-15T05:32:31.046-0700][1246 ][info ][gc,heap     ] GC(221) Old regions: 1257->1348
[2025-10-15T05:32:31.046-0700][1246 ][info ][gc,heap     ] GC(221) Humongous regions: 14->0
[2025-10-15T05:32:31.046-0700][1246 ][info ][gc,metaspace] GC(221) Metaspace: 317268K(323392K)->317268K(323392K) NonClass: 280212K(283520K)->280212K(283520K) Class: 37056K(39872K)->37056K(39872K)
[2025-10-15T05:32:31.046-0700][1246 ][info ][gc          ] GC(221) Pause Young (Normal) (G1 Evacuation Pause) 126271M->49432M(184320M) 187.317ms
[2025-10-15T05:32:31.047-0700][1246 ][info ][gc,cpu      ] GC(221) User=18.85s Sys=0.41s Real=0.18s
[2025-10-15T05:32:31.048-0700][1246 ][info ][safepoint   ] Safepoint "G1CollectForAllocation", Time since last: 707251752 ns, Reaching safepoint: 912886 ns, Cleanup: 4577 ns, At safepoint: 190910680 ns, Total: 191828143 ns
[2025-10-15T05:32:31.278-0700][1246 ][info ][gc,start    ] GC(222) Pause Young (Concurrent Start) (G1 Humongous Allocation)
[2025-10-15T05:32:31.278-0700][1246 ][info ][gc,task     ] GC(222) Using 113 workers of 113 for evacuation
[2025-10-15T05:32:31.288-0700][1246 ][debug][gc,remset   ] GC(222) Visited cards 9142528 Total dirty 82378752 (11.10%) Total old 123600896 (7.40%)
[2025-10-15T05:32:31.400-0700][1246 ][info ][gc,phases   ] GC(222)   Pre Evacuate Collection Set: 1.0ms
[2025-10-15T05:32:31.400-0700][1246 ][info ][gc,phases   ] GC(222)   Merge Heap Roots: 8.8ms
[2025-10-15T05:32:31.400-0700][1246 ][info ][gc,phases   ] GC(222)   Evacuate Collection Set: 101.8ms
[2025-10-15T05:32:31.400-0700][1246 ][info ][gc,phases   ] GC(222)   Post Evacuate Collection Set: 10.3ms
[2025-10-15T05:32:31.400-0700][1246 ][info ][gc,phases   ] GC(222)   Other: 0.1ms
[2025-10-15T05:32:31.400-0700][1246 ][debug][gc,remset   ] GC(222) Coarsening (recent): Inline->AoC 0 (0) AoC->Howl 0 (0) Howl->Full 0 (0) Inline->AoC 0 (0) AoC->BitMap 0 (0) BitMap->Full 0 (0) 
[2025-10-15T05:32:31.400-0700][1246 ][debug][gc,remset   ] GC(222) Coarsening (all): Inline->AoC 5841044 (155) AoC->Howl 133426 (397) Howl->Full 0 (0) Inline->AoC 551323 (107) AoC->BitMap 143226 (285) BitMap->Full 2 (0) 
[2025-10-15T05:32:31.400-0700][1246 ][info ][gc,heap     ] GC(222) Eden regions: 72->0(1095)
[2025-10-15T05:32:31.400-0700][1246 ][info ][gc,heap     ] GC(222) Survivor regions: 197->195(432)
[2025-10-15T05:32:31.400-0700][1246 ][info ][gc,heap     ] GC(222) Old regions: 1348->1348
[2025-10-15T05:32:31.400-0700][1246 ][info ][gc,heap     ] GC(222) Humongous regions: 0->0
[2025-10-15T05:32:31.400-0700][1246 ][info ][gc,metaspace] GC(222) Metaspace: 317268K(323392K)->317268K(323392K) NonClass: 280212K(283520K)->280212K(283520K) Class: 37056K(39872K)->37056K(39872K)
[2025-10-15T05:32:31.400-0700][1246 ][info ][gc          ] GC(222) Pause Young (Concurrent Start) (G1 Humongous Allocation) 51736M->49371M(184320M) 122.044ms
[2025-10-15T05:32:31.400-0700][1085 ][info ][gc          ] GC(223) Concurrent Mark Cycle
[2025-10-15T05:32:31.400-0700][1085 ][info ][gc,marking  ] GC(223) Concurrent Scan Root Regions
[2025-10-15T05:32:31.402-0700][1246 ][info ][gc,cpu      ] GC(222) User=11.82s Sys=0.11s Real=0.13s
[2025-10-15T05:32:31.403-0700][1246 ][info ][safepoint   ] Safepoint "G1TryInitiateConcMark", Time since last: 225697980 ns, Reaching safepoint: 2813060 ns, Cleanup: 5058 ns, At safepoint: 126299802 ns, Total: 129117920 ns
[2025-10-15T05:32:31.465-0700][1085 ][info ][gc,marking  ] GC(223) Concurrent Scan Root Regions 64.392ms
[2025-10-15T05:32:31.465-0700][1085 ][info ][gc,marking  ] GC(223) Concurrent Mark
[2025-10-15T05:32:31.465-0700][1085 ][info ][gc,marking  ] GC(223) Concurrent Mark From Roots
[2025-10-15T05:32:31.465-0700][1085 ][info ][gc,task     ] GC(223) Using 36 workers of 36 for marking
[2025-10-15T05:32:31.684-0700][1085 ][info ][gc,marking  ] GC(223) Concurrent Mark From Roots 219.156ms
[2025-10-15T05:32:31.684-0700][1085 ][info ][gc,marking  ] GC(223) Concurrent Preclean
[2025-10-15T05:32:31.711-0700][1085 ][info ][gc,marking  ] GC(223) Concurrent Preclean 27.134ms
[2025-10-15T05:32:31.713-0700][1246 ][info ][gc,start    ] GC(223) Pause Remark
[2025-10-15T05:32:31.861-0700][1246 ][info ][gc          ] GC(223) Pause Remark 52799M->51935M(184320M) 147.681ms
[2025-10-15T05:32:31.862-0700][1246 ][info ][gc,cpu      ] GC(223) User=11.03s Sys=0.22s Real=0.15s
[2025-10-15T05:32:31.864-0700][1246 ][info ][safepoint   ] Safepoint "G1PauseRemark", Time since last: 308055495 ns, Reaching safepoint: 868429 ns, Cleanup: 17206 ns, At safepoint: 152009931 ns, Total: 152895566 ns
[2025-10-15T05:32:31.864-0700][1085 ][info ][gc,marking  ] GC(223) Concurrent Mark 399.579ms
[2025-10-15T05:32:31.864-0700][1085 ][info ][gc,marking  ] GC(223) Concurrent Rebuild Remembered Sets and Scrub Regions
[2025-10-15T05:32:32.162-0700][1085 ][info ][gc,marking  ] GC(223) Concurrent Rebuild Remembered Sets and Scrub Regions 297.766ms
[2025-10-15T05:32:32.164-0700][1246 ][info ][gc,start    ] GC(223) Pause Cleanup
[2025-10-15T05:32:32.166-0700][1246 ][info ][gc          ] GC(223) Pause Cleanup 53629M->53629M(184320M) 2.075ms
[2025-10-15T05:32:32.167-0700][1246 ][info ][gc,cpu      ] GC(223) User=0.01s Sys=0.01s Real=0.00s
[2025-10-15T05:32:32.168-0700][1246 ][info ][safepoint   ] Safepoint "G1PauseCleanup", Time since last: 298193972 ns, Reaching safepoint: 712123 ns, Cleanup: 28083 ns, At safepoint: 4820976 ns, Total: 5561182 ns
[2025-10-15T05:32:32.168-0700][1085 ][info ][gc,marking  ] GC(223) Concurrent Clear Claimed Marks
[2025-10-15T05:32:32.169-0700][1085 ][info ][gc,marking  ] GC(223) Concurrent Clear Claimed Marks 0.844ms
[2025-10-15T05:32:32.169-0700][1085 ][info ][gc,marking  ] GC(223) Concurrent Cleanup for Next Mark
[2025-10-15T05:32:32.195-0700][1085 ][info ][gc,marking  ] GC(223) Concurrent Cleanup for Next Mark 25.999ms
[2025-10-15T05:32:32.195-0700][1085 ][info ][gc          ] GC(223) Concurrent Mark Cycle 795.118ms
[2025-10-15T05:32:33.169-0700][1246 ][info ][safepoint   ] Safepoint "Cleanup", Time since last: 1000084063 ns, Reaching safepoint: 713225 ns, Cleanup: 15604 ns, At safepoint: 191268 ns, Total: 920097 ns
[2025-10-15T05:32:34.170-0700][1246 ][info ][safepoint   ] Safepoint "Cleanup", Time since last: 1000099477 ns, Reaching safepoint: 734387 ns, Cleanup: 14632 ns, At safepoint: 133030 ns, Total: 882049 ns
[2025-10-15T05:32:34.752-0700][1246 ][info ][gc,start    ] GC(224) Pause Young (Prepare Mixed) (G1 Evacuation Pause)
[2025-10-15T05:32:34.752-0700][1246 ][info ][gc,task     ] GC(224) Using 113 workers of 113 for evacuation
[2025-10-15T05:32:34.765-0700][1246 ][debug][gc,remset   ] GC(224) Visited cards 9810432 Total dirty 82640896 (11.87%) Total old 245825536 (3.99%)
[2025-10-15T05:32:34.906-0700][1246 ][info ][gc,phases   ] GC(224)   Pre Evacuate Collection Set: 0.7ms
[2025-10-15T05:32:34.906-0700][1246 ][info ][gc,phases   ] GC(224)   Merge Heap Roots: 11.7ms
[2025-10-15T05:32:34.906-0700][1246 ][info ][gc,phases   ] GC(224)   Evacuate Collection Set: 129.9ms
[2025-10-15T05:32:34.906-0700][1246 ][info ][gc,phases   ] GC(224)   Post Evacuate Collection Set: 11.9ms
[2025-10-15T05:32:34.906-0700][1246 ][info ][gc,phases   ] GC(224)   Other: 0.1ms
[2025-10-15T05:32:34.906-0700][1246 ][debug][gc,remset   ] GC(224) Coarsening (recent): Inline->AoC 156566 (0) AoC->Howl 8890 (0) Howl->Full 0 (0) Inline->AoC 34204 (0) AoC->BitMap 9734 (0) BitMap->Full 0 (0) 
[2025-10-15T05:32:34.906-0700][1246 ][debug][gc,remset   ] GC(224) Coarsening (all): Inline->AoC 5997610 (155) AoC->Howl 142316 (397) Howl->Full 0 (0) Inline->AoC 585527 (107) AoC->BitMap 152960 (285) BitMap->Full 2 (0) 
[2025-10-15T05:32:34.906-0700][1246 ][info ][gc,heap     ] GC(224) Eden regions: 1013->0(1865)
[2025-10-15T05:32:34.906-0700][1246 ][info ][gc,heap     ] GC(224) Survivor regions: 195->123(151)
[2025-10-15T05:32:34.906-0700][1246 ][info ][gc,heap     ] GC(224) Old regions: 1321->1413
[2025-10-15T05:32:34.906-0700][1246 ][info ][gc,heap     ] GC(224) Humongous regions: 14->0
[2025-10-15T05:32:34.906-0700][1246 ][info ][gc,metaspace] GC(224) Metaspace: 317130K(323392K)->317130K(323392K) NonClass: 280103K(283520K)->280103K(283520K) Class: 37027K(39872K)->37027K(39872K)
[2025-10-15T05:32:34.906-0700][1246 ][info ][gc          ] GC(224) Pause Young (Prepare Mixed) (G1 Evacuation Pause) 81371M->49124M(184320M) 154.434ms
[2025-10-15T05:32:34.908-0700][1246 ][info ][gc,cpu      ] GC(224) User=13.94s Sys=0.13s Real=0.15s
[2025-10-15T05:32:34.909-0700][1246 ][info ][safepoint   ] Safepoint "G1CollectForAllocation", Time since last: 580460478 ns, Reaching safepoint: 774877 ns, Cleanup: 16395 ns, At safepoint: 158102353 ns, Total: 158893625 ns
[2025-10-15T05:32:35.912-0700][1246 ][info ][safepoint   ] Safepoint "Cleanup", Time since last: 1000087045 ns, Reaching safepoint: 2133405 ns, Cleanup: 24307 ns, At safepoint: 559283 ns, Total: 2716995 ns
[2025-10-15T05:32:36.914-0700][1246 ][info ][safepoint   ] Safepoint "Cleanup", Time since last: 1000142909 ns, Reaching safepoint: 1019256 ns, Cleanup: 24287 ns, At safepoint: 753125 ns, Total: 1796668 ns
[2025-10-15T05:32:37.916-0700][1246 ][info ][safepoint   ] Safepoint "Cleanup", Time since last: 1000138122 ns, Reaching safepoint: 932495 ns, Cleanup: 18789 ns, At safepoint: 1136492 ns, Total: 2087776 ns
[2025-10-15T05:32:38.918-0700][1246 ][info ][safepoint   ] Safepoint "Cleanup", Time since last: 1000103410 ns, Reaching safepoint: 798744 ns, Cleanup: 21723 ns, At safepoint: 958094 ns, Total: 1778561 ns
[2025-10-15T05:32:40.921-0700][1246 ][info ][safepoint   ] Safepoint "Cleanup", Time since last: 2000172878 ns, Reaching safepoint: 1091675 ns, Cleanup: 15714 ns, At safepoint: 1502464 ns, Total: 2609853 ns
[2025-10-15T05:32:41.224-0700][1246 ][info ][gc,start    ] GC(225) Pause Young (Mixed) (G1 Evacuation Pause)
[2025-10-15T05:32:41.224-0700][1246 ][info ][gc,task     ] GC(225) Using 113 workers of 113 for evacuation
[2025-10-15T05:32:41.237-0700][1246 ][debug][gc,remset   ] GC(225) Visited cards 10562048 Total dirty 83165184 (12.70%) Total old 371195904 (2.85%)
[2025-10-15T05:32:41.347-0700][1246 ][info ][gc,phases   ] GC(225)   Pre Evacuate Collection Set: 0.8ms
[2025-10-15T05:32:41.347-0700][1246 ][info ][gc,phases   ] GC(225)   Merge Heap Roots: 12.7ms
[2025-10-15T05:32:41.347-0700][1246 ][info ][gc,phases   ] GC(225)   Evacuate Collection Set: 97.3ms
[2025-10-15T05:32:41.347-0700][1246 ][info ][gc,phases   ] GC(225)   Post Evacuate Collection Set: 12.6ms
[2025-10-15T05:32:41.347-0700][1246 ][info ][gc,phases   ] GC(225)   Other: 0.2ms
[2025-10-15T05:32:41.347-0700][1246 ][debug][gc,remset   ] GC(225) Coarsening (recent): Inline->AoC 24605 (0) AoC->Howl 506 (0) Howl->Full 0 (0) Inline->AoC 1404 (0) AoC->BitMap 407 (0) BitMap->Full 0 (0) 
[2025-10-15T05:32:41.347-0700][1246 ][debug][gc,remset   ] GC(225) Coarsening (all): Inline->AoC 6022215 (155) AoC->Howl 142822 (397) Howl->Full 0 (0) Inline->AoC 586931 (107) AoC->BitMap 153367 (285) BitMap->Full 2 (0) 
[2025-10-15T05:32:41.347-0700][1246 ][info ][gc,heap     ] GC(225) Eden regions: 1953->0(1994)
[2025-10-15T05:32:41.347-0700][1246 ][info ][gc,heap     ] GC(225) Survivor regions: 123->143(260)
[2025-10-15T05:32:41.347-0700][1246 ][info ][gc,heap     ] GC(225) Old regions: 1413->1333
[2025-10-15T05:32:41.347-0700][1246 ][info ][gc,heap     ] GC(225) Humongous regions: 7->0
[2025-10-15T05:32:41.347-0700][1246 ][info ][gc,metaspace] GC(225) Metaspace: 317130K(323392K)->317130K(323392K) NonClass: 280103K(283520K)->280103K(283520K) Class: 37027K(39872K)->37027K(39872K)
[2025-10-15T05:32:41.347-0700][1246 ][info ][gc          ] GC(225) Pause Young (Mixed) (G1 Evacuation Pause) 111844M->47213M(184320M) 123.648ms
[2025-10-15T05:32:41.349-0700][1246 ][info ][gc,cpu      ] GC(225) User=11.04s Sys=0.04s Real=0.13s
[2025-10-15T05:32:41.350-0700][1246 ][info ][safepoint   ] Safepoint "G1CollectForAllocation", Time since last: 300364933 ns, Reaching safepoint: 1431027 ns, Cleanup: 13520 ns, At safepoint: 127177886 ns, Total: 128622433 ns
[2025-10-15T05:32:43.351-0700][1246 ][info ][safepoint   ] Safepoint "Cleanup", Time since last: 2000117594 ns, Reaching safepoint: 827698 ns, Cleanup: 10796 ns, At safepoint: 209996 ns, Total: 1048490 ns
[2025-10-15T05:32:44.352-0700][1246 ][info ][safepoint   ] Safepoint "Cleanup", Time since last: 1000109509 ns, Reaching safepoint: 959476 ns, Cleanup: 13991 ns, At safepoint: 529278 ns, Total: 1502745 ns
[2025-10-15T05:32:45.354-0700][1246 ][info ][safepoint   ] Safepoint "Cleanup", Time since last: 1000108147 ns, Reaching safepoint: 720315 ns, Cleanup: 24517 ns, At safepoint: 233012 ns, Total: 977844 ns
[2025-10-15T05:32:46.355-0700][1246 ][info ][safepoint   ] Safepoint "Cleanup", Time since last: 1000100795 ns, Reaching safepoint: 904924 ns, Cleanup: 19119 ns, At safepoint: 650110 ns, Total: 1574153 ns
[2025-10-15T05:32:46.794-0700][1246 ][info ][gc,start    ] GC(226) Pause Young (Mixed) (G1 Evacuation Pause)
[2025-10-15T05:32:46.794-0700][1246 ][info ][gc,task     ] GC(226) Using 113 workers of 113 for evacuation
[2025-10-15T05:32:46.808-0700][1246 ][debug][gc,remset   ] GC(226) Visited cards 10522368 Total dirty 78905344 (13.34%) Total old 391315456 (2.69%)
[2025-10-15T05:32:46.946-0700][1246 ][info ][gc,phases   ] GC(226)   Pre Evacuate Collection Set: 0.8ms
[2025-10-15T05:32:46.946-0700][1246 ][info ][gc,phases   ] GC(226)   Merge Heap Roots: 12.5ms
[2025-10-15T05:32:46.946-0700][1246 ][info ][gc,phases   ] GC(226)   Evacuate Collection Set: 125.9ms
[2025-10-15T05:32:46.946-0700][1246 ][info ][gc,phases   ] GC(226)   Post Evacuate Collection Set: 12.2ms
[2025-10-15T05:32:46.946-0700][1246 ][info ][gc,phases   ] GC(226)   Other: 0.2ms
[2025-10-15T05:32:46.946-0700][1246 ][debug][gc,remset   ] GC(226) Coarsening (recent): Inline->AoC 14401 (0) AoC->Howl 160 (0) Howl->Full 0 (0) Inline->AoC 488 (0) AoC->BitMap 115 (0) BitMap->Full 0 (0) 
[2025-10-15T05:32:46.946-0700][1246 ][debug][gc,remset   ] GC(226) Coarsening (all): Inline->AoC 6036616 (155) AoC->Howl 142982 (397) Howl->Full 0 (0) Inline->AoC 587419 (107) AoC->BitMap 153482 (285) BitMap->Full 2 (0) 
[2025-10-15T05:32:46.946-0700][1246 ][info ][gc,heap     ] GC(226) Eden regions: 2124->0(1617)
[2025-10-15T05:32:46.946-0700][1246 ][info ][gc,heap     ] GC(226) Survivor regions: 143->202(284)
[2025-10-15T05:32:46.946-0700][1246 ][info ][gc,heap     ] GC(226) Old regions: 1333->1245
[2025-10-15T05:32:46.946-0700][1246 ][info ][gc,heap     ] GC(226) Humongous regions: 12->0
[2025-10-15T05:32:46.946-0700][1246 ][info ][gc,metaspace] GC(226) Metaspace: 317184K(323392K)->317184K(323392K) NonClass: 280153K(283520K)->280153K(283520K) Class: 37030K(39872K)->37030K(39872K)
[2025-10-15T05:32:46.946-0700][1246 ][info ][gc          ] GC(226) Pause Young (Mixed) (G1 Evacuation Pause) 115565M->46285M(184320M) 151.795ms
[2025-10-15T05:32:46.947-0700][1246 ][info ][gc,cpu      ] GC(226) User=13.72s Sys=0.16s Real=0.15s
[2025-10-15T05:32:46.948-0700][1246 ][info ][safepoint   ] Safepoint "G1CollectForAllocation", Time since last: 436646729 ns, Reaching safepoint: 995550 ns, Cleanup: 12429 ns, At safepoint: 155428473 ns, Total: 156436452 ns
[2025-10-15T05:32:47.949-0700][1246 ][info ][safepoint   ] Safepoint "Cleanup", Time since last: 1000078793 ns, Reaching safepoint: 873556 ns, Cleanup: 28493 ns, At safepoint: 231910 ns, Total: 1133959 ns
[2025-10-15T05:32:48.951-0700][1246 ][info ][safepoint   ] Safepoint "Cleanup", Time since last: 1000101096 ns, Reaching safepoint: 935099 ns, Cleanup: 14061 ns, At safepoint: 364099 ns, Total: 1313259 ns
[2025-10-15T05:32:49.953-0700][1246 ][info ][safepoint   ] Safepoint "Cleanup", Time since last: 1000131442 ns, Reaching safepoint: 1141490 ns, Cleanup: 18648 ns, At safepoint: 913607 ns, Total: 2073745 ns
[2025-10-15T05:32:51.576-0700][1246 ][info ][gc,start    ] GC(227) Pause Young (Mixed) (G1 Evacuation Pause)
[2025-10-15T05:32:51.576-0700][1246 ][info ][gc,task     ] GC(227) Using 113 workers of 113 for evacuation
[2025-10-15T05:32:51.589-0700][1246 ][debug][gc,remset   ] GC(227) Visited cards 10355456 Total dirty 73334784 (14.12%) Total old 341770240 (3.03%)
[2025-10-15T05:32:51.729-0700][1246 ][info ][gc,phases   ] GC(227)   Pre Evacuate Collection Set: 0.7ms
[2025-10-15T05:32:51.730-0700][1246 ][info ][gc,phases   ] GC(227)   Merge Heap Roots: 11.9ms
[2025-10-15T05:32:51.730-0700][1246 ][info ][gc,phases   ] GC(227)   Evacuate Collection Set: 126.9ms
[2025-10-15T05:32:51.730-0700][1246 ][info ][gc,phases   ] GC(227)   Post Evacuate Collection Set: 13.4ms
[2025-10-15T05:32:51.730-0700][1246 ][info ][gc,phases   ] GC(227)   Other: 0.2ms
[2025-10-15T05:32:51.730-0700][1246 ][debug][gc,remset   ] GC(227) Coarsening (recent): Inline->AoC 22940 (0) AoC->Howl 156 (0) Howl->Full 0 (0) Inline->AoC 657 (0) AoC->BitMap 66 (0) BitMap->Full 0 (0) 
[2025-10-15T05:32:51.730-0700][1246 ][debug][gc,remset   ] GC(227) Coarsening (all): Inline->AoC 6059556 (155) AoC->Howl 143138 (397) Howl->Full 0 (0) Inline->AoC 588076 (107) AoC->BitMap 153548 (285) BitMap->Full 2 (0) 
[2025-10-15T05:32:51.730-0700][1246 ][info ][gc,heap     ] GC(227) Eden regions: 1736->0(2232)
[2025-10-15T05:32:51.730-0700][1246 ][info ][gc,heap     ] GC(227) Survivor regions: 202->157(243)
[2025-10-15T05:32:51.730-0700][1246 ][info ][gc,heap     ] GC(227) Old regions: 1245->1224
[2025-10-15T05:32:51.730-0700][1246 ][info ][gc,heap     ] GC(227) Humongous regions: 2->0
[2025-10-15T05:32:51.730-0700][1246 ][info ][gc,metaspace] GC(227) Metaspace: 317184K(323392K)->317184K(323392K) NonClass: 280153K(283520K)->280153K(283520K) Class: 37030K(39872K)->37030K(39872K)
[2025-10-15T05:32:51.730-0700][1246 ][info ][gc          ] GC(227) Pause Young (Mixed) (G1 Evacuation Pause) 101901M->44183M(184320M) 153.316ms
[2025-10-15T05:32:51.731-0700][1246 ][info ][gc,cpu      ] GC(227) User=15.22s Sys=0.18s Real=0.16s
[2025-10-15T05:32:51.732-0700][1246 ][info ][safepoint   ] Safepoint "G1CollectForAllocation", Time since last: 1621227834 ns, Reaching safepoint: 819094 ns, Cleanup: 4537 ns, At safepoint: 156937678 ns, Total: 157761309 ns
[2025-10-15T05:32:53.734-0700][1246 ][info ][safepoint   ] Safepoint "Cleanup", Time since last: 2000160799 ns, Reaching safepoint: 1695786 ns, Cleanup: 19850 ns, At safepoint: 249867 ns, Total: 1965503 ns
[2025-10-15T05:32:54.736-0700][1246 ][info ][safepoint   ] Safepoint "Cleanup", Time since last: 1000086023 ns, Reaching safepoint: 895229 ns, Cleanup: 27291 ns, At safepoint: 579133 ns, Total: 1501653 ns
[2025-10-15T05:32:55.738-0700][1246 ][info ][safepoint   ] Safepoint "Cleanup", Time since last: 1000106304 ns, Reaching safepoint: 940017 ns, Cleanup: 12769 ns, At safepoint: 1494172 ns, Total: 2446958 ns
[2025-10-15T05:32:56.740-0700][1246 ][info ][safepoint   ] Safepoint "Cleanup", Time since last: 1000108588 ns, Reaching safepoint: 847347 ns, Cleanup: 27501 ns, At safepoint: 834027 ns, Total: 1708875 ns
[2025-10-15T05:32:57.743-0700][1246 ][info ][safepoint   ] Safepoint "Cleanup", Time since last: 1000081727 ns, Reaching safepoint: 881118 ns, Cleanup: 11617 ns, At safepoint: 1638029 ns, Total: 2530764 ns
[2025-10-15T05:32:58.745-0700][1246 ][info ][safepoint   ] Safepoint "Cleanup", Time since last: 1000109880 ns, Reaching safepoint: 1031114 ns, Cleanup: 41762 ns, At safepoint: 1467352 ns, Total: 2540228 ns
[2025-10-15T05:32:59.907-0700][1246 ][info ][gc,start    ] GC(228) Pause Young (Mixed) (G1 Evacuation Pause)
[2025-10-15T05:32:59.907-0700][1246 ][info ][gc,task     ] GC(228) Using 113 workers of 113 for evacuation
[2025-10-15T05:32:59.920-0700][1246 ][debug][gc,remset   ] GC(228) Visited cards 11609088 Total dirty 73203712 (15.86%) Total old 403963904 (2.87%)
[2025-10-15T05:33:00.066-0700][1246 ][info ][gc,phases   ] GC(228)   Pre Evacuate Collection Set: 0.7ms
[2025-10-15T05:33:00.067-0700][1246 ][info ][gc,phases   ] GC(228)   Merge Heap Roots: 13.0ms
[2025-10-15T05:33:00.067-0700][1246 ][info ][gc,phases   ] GC(228)   Evacuate Collection Set: 132.0ms
[2025-10-15T05:33:00.067-0700][1246 ][info ][gc,phases   ] GC(228)   Post Evacuate Collection Set: 14.0ms
[2025-10-15T05:33:00.067-0700][1246 ][info ][gc,phases   ] GC(228)   Other: 0.2ms
[2025-10-15T05:33:00.067-0700][1246 ][debug][gc,remset   ] GC(228) Coarsening (recent): Inline->AoC 31278 (0) AoC->Howl 341 (0) Howl->Full 0 (0) Inline->AoC 1107 (0) AoC->BitMap 257 (0) BitMap->Full 0 (0) 
[2025-10-15T05:33:00.067-0700][1246 ][debug][gc,remset   ] GC(228) Coarsening (all): Inline->AoC 6090834 (155) AoC->Howl 143479 (397) Howl->Full 0 (0) Inline->AoC 589183 (107) AoC->BitMap 153805 (285) BitMap->Full 2 (0) 
[2025-10-15T05:33:00.067-0700][1246 ][info ][gc,heap     ] GC(228) Eden regions: 2257->0(1680)
[2025-10-15T05:33:00.067-0700][1246 ][info ][gc,heap     ] GC(228) Survivor regions: 157->213(302)
[2025-10-15T05:33:00.067-0700][1246 ][info ][gc,heap     ] GC(228) Old regions: 1224->1145
[2025-10-15T05:33:00.067-0700][1246 ][info ][gc,heap     ] GC(228) Humongous regions: 20->0
[2025-10-15T05:33:00.067-0700][1246 ][info ][gc,metaspace] GC(228) Metaspace: 317241K(323392K)->317241K(323392K) NonClass: 280204K(283520K)->280204K(283520K) Class: 37036K(39872K)->37036K(39872K)
[2025-10-15T05:33:00.067-0700][1246 ][info ][gc          ] GC(228) Pause Young (Mixed) (G1 Evacuation Pause) 117047M->43420M(184320M) 160.078ms
[2025-10-15T05:33:00.068-0700][1246 ][info ][gc,cpu      ] GC(228) User=15.68s Sys=0.17s Real=0.16s
[2025-10-15T05:33:00.069-0700][1246 ][info ][safepoint   ] Safepoint "G1CollectForAllocation", Time since last: 1159006209 ns, Reaching safepoint: 911233 ns, Cleanup: 14662 ns, At safepoint: 163647621 ns, Total: 164573516 ns
[2025-10-15T05:33:01.070-0700][1246 ][info ][safepoint   ] Safepoint "Cleanup", Time since last: 1000079814 ns, Reaching safepoint: 801338 ns, Cleanup: 48883 ns, At safepoint: 234944 ns, Total: 1085165 ns
[2025-10-15T05:33:02.425-0700][1246 ][info ][safepoint   ] Safepoint "Cleanup", Time since last: 1353604837 ns, Reaching safepoint: 1005957 ns, Cleanup: 43986 ns, At safepoint: 553013 ns, Total: 1602956 ns
[2025-10-15T05:33:03.427-0700][1246 ][info ][safepoint   ] Safepoint "Cleanup", Time since last: 1000153836 ns, Reaching safepoint: 885244 ns, Cleanup: 18428 ns, At safepoint: 579633 ns, Total: 1483305 ns
[2025-10-15T05:33:04.428-0700][1246 ][info ][safepoint   ] Safepoint "Cleanup", Time since last: 1000120446 ns, Reaching safepoint: 812384 ns, Cleanup: 10366 ns, At safepoint: 293252 ns, Total: 1116002 ns
[2025-10-15T05:33:04.707-0700][1246 ][info ][gc,start    ] GC(229) Pause Young (Mixed) (G1 Evacuation Pause)
[2025-10-15T05:33:04.707-0700][1246 ][info ][gc,task     ] GC(229) Using 113 workers of 113 for evacuation
[2025-10-15T05:33:04.721-0700][1246 ][debug][gc,remset   ] GC(229) Visited cards 11316224 Total dirty 67502080 (16.76%) Total old 338558976 (3.34%)
[2025-10-15T05:33:04.876-0700][1246 ][info ][gc,phases   ] GC(229)   Pre Evacuate Collection Set: 0.8ms
[2025-10-15T05:33:04.876-0700][1246 ][info ][gc,phases   ] GC(229)   Merge Heap Roots: 12.6ms
[2025-10-15T05:33:04.876-0700][1246 ][info ][gc,phases   ] GC(229)   Evacuate Collection Set: 143.3ms
[2025-10-15T05:33:04.876-0700][1246 ][info ][gc,phases   ] GC(229)   Post Evacuate Collection Set: 12.0ms
[2025-10-15T05:33:04.876-0700][1246 ][info ][gc,phases   ] GC(229)   Other: 0.2ms
[2025-10-15T05:33:04.876-0700][1246 ][debug][gc,remset   ] GC(229) Coarsening (recent): Inline->AoC 36311 (0) AoC->Howl 202 (1) Howl->Full 0 (0) Inline->AoC 787 (0) AoC->BitMap 121 (0) BitMap->Full 0 (0) 
[2025-10-15T05:33:04.876-0700][1246 ][debug][gc,remset   ] GC(229) Coarsening (all): Inline->AoC 6127145 (155) AoC->Howl 143681 (398) Howl->Full 0 (0) Inline->AoC 589970 (107) AoC->BitMap 153926 (285) BitMap->Full 2 (0) 
[2025-10-15T05:33:04.876-0700][1246 ][info ][gc,heap     ] GC(229) Eden regions: 1750->0(2356)
[2025-10-15T05:33:04.876-0700][1246 ][info ][gc,heap     ] GC(229) Survivor regions: 213->157(246)
[2025-10-15T05:33:04.876-0700][1246 ][info ][gc,heap     ] GC(229) Old regions: 1145->1147
[2025-10-15T05:33:04.876-0700][1246 ][info ][gc,heap     ] GC(229) Humongous regions: 3->0
[2025-10-15T05:33:04.876-0700][1246 ][info ][gc,metaspace] GC(229) Metaspace: 317291K(323392K)->317291K(323392K) NonClass: 280253K(283520K)->280253K(283520K) Class: 37037K(39872K)->37037K(39872K)
[2025-10-15T05:33:04.876-0700][1246 ][info ][gc          ] GC(229) Pause Young (Mixed) (G1 Evacuation Pause) 99516M->41697M(184320M) 168.967ms
[2025-10-15T05:33:04.877-0700][1246 ][info ][gc,cpu      ] GC(229) User=16.16s Sys=0.41s Real=0.17s
[2025-10-15T05:33:04.879-0700][1246 ][info ][safepoint   ] Safepoint "G1CollectForAllocation", Time since last: 267635935 ns, Reaching safepoint: 10337070 ns, Cleanup: 5258 ns, At safepoint: 172481044 ns, Total: 182823372 ns
[2025-10-15T05:33:05.881-0700][1246 ][info ][safepoint   ] Safepoint "Cleanup", Time since last: 1000085202 ns, Reaching safepoint: 990983 ns, Cleanup: 25839 ns, At safepoint: 868669 ns, Total: 1885491 ns
[2025-10-15T05:33:06.882-0700][1246 ][info ][safepoint   ] Safepoint "Cleanup", Time since last: 1000109579 ns, Reaching safepoint: 923432 ns, Cleanup: 36956 ns, At safepoint: 420303 ns, Total: 1380691 ns
[2025-10-15T05:33:07.884-0700][1246 ][info ][safepoint   ] Safepoint "Cleanup", Time since last: 1000077581 ns, Reaching safepoint: 941319 ns, Cleanup: 13610 ns, At safepoint: 945926 ns, Total: 1900855 ns
[2025-10-15T05:33:08.886-0700][1246 ][info ][safepoint   ] Safepoint "Cleanup", Time since last: 1000090960 ns, Reaching safepoint: 863893 ns, Cleanup: 13330 ns, At safepoint: 633514 ns, Total: 1510737 ns
[2025-10-15T05:33:09.888-0700][1246 ][info ][safepoint   ] Safepoint "Cleanup", Time since last: 1000110270 ns, Reaching safepoint: 955601 ns, Cleanup: 17736 ns, At safepoint: 1204916 ns, Total: 2178253 ns
[2025-10-15T05:33:11.109-0700][1246 ][info ][gc,start    ] GC(230) Pause Young (Mixed) (G1 Evacuation Pause)
[2025-10-15T05:33:11.109-0700][1246 ][info ][gc,task     ] GC(230) Using 113 workers of 113 for evacuation
[2025-10-15T05:33:11.123-0700][1246 ][debug][gc,remset   ] GC(230) Visited cards 12634624 Total dirty 68419584 (18.47%) Total old 419495936 (3.01%)
[2025-10-15T05:33:11.287-0700][1246 ][info ][gc,phases   ] GC(230)   Pre Evacuate Collection Set: 0.9ms
[2025-10-15T05:33:11.287-0700][1246 ][info ][gc,phases   ] GC(230)   Merge Heap Roots: 12.5ms
[2025-10-15T05:33:11.287-0700][1246 ][info ][gc,phases   ] GC(230)   Evacuate Collection Set: 149.5ms
[2025-10-15T05:33:11.287-0700][1246 ][info ][gc,phases   ] GC(230)   Post Evacuate Collection Set: 14.7ms
[2025-10-15T05:33:11.287-0700][1246 ][info ][gc,phases   ] GC(230)   Other: 0.2ms
[2025-10-15T05:33:11.287-0700][1246 ][debug][gc,remset   ] GC(230) Coarsening (recent): Inline->AoC 31649 (0) AoC->Howl 287 (0) Howl->Full 0 (0) Inline->AoC 779 (0) AoC->BitMap 214 (0) BitMap->Full 0 (0) 
[2025-10-15T05:33:11.287-0700][1246 ][debug][gc,remset   ] GC(230) Coarsening (all): Inline->AoC 6158794 (155) AoC->Howl 143968 (398) Howl->Full 0 (0) Inline->AoC 590749 (107) AoC->BitMap 154140 (285) BitMap->Full 2 (0) 
[2025-10-15T05:33:11.287-0700][1246 ][info ][gc,heap     ] GC(230) Eden regions: 2420->0(1913)
[2025-10-15T05:33:11.287-0700][1246 ][info ][gc,heap     ] GC(230) Survivor regions: 157->200(323)
[2025-10-15T05:33:11.287-0700][1246 ][info ][gc,heap     ] GC(230) Old regions: 1147->1074
[2025-10-15T05:33:11.287-0700][1246 ][info ][gc,heap     ] GC(230) Humongous regions: 8->0
[2025-10-15T05:33:11.287-0700][1246 ][info ][gc,metaspace] GC(230) Metaspace: 317304K(323392K)->317304K(323392K) NonClass: 280266K(283520K)->280266K(283520K) Class: 37038K(39872K)->37038K(39872K)
[2025-10-15T05:33:11.287-0700][1246 ][info ][gc          ] GC(230) Pause Young (Mixed) (G1 Evacuation Pause) 119393M->40720M(184320M) 178.090ms
[2025-10-15T05:33:11.289-0700][1246 ][info ][gc,cpu      ] GC(230) User=15.29s Sys=0.32s Real=0.18s
[2025-10-15T05:33:11.290-0700][1246 ][info ][safepoint   ] Safepoint "G1CollectForAllocation", Time since last: 1209429094 ns, Reaching safepoint: 10658413 ns, Cleanup: 7842 ns, At safepoint: 181834601 ns, Total: 192500856 ns
[2025-10-15T05:33:12.292-0700][1246 ][info ][safepoint   ] Safepoint "Cleanup", Time since last: 1000099504 ns, Reaching safepoint: 1288942 ns, Cleanup: 13571 ns, At safepoint: 921479 ns, Total: 2223992 ns
[2025-10-15T05:33:13.294-0700][1246 ][info ][safepoint   ] Safepoint "Cleanup", Time since last: 1000116098 ns, Reaching safepoint: 1164325 ns, Cleanup: 22094 ns, At safepoint: 506012 ns, Total: 1692431 ns
[2025-10-15T05:33:15.345-0700][1246 ][info ][gc,start    ] GC(231) Pause Young (Mixed) (G1 Evacuation Pause)
[2025-10-15T05:33:15.345-0700][1246 ][info ][gc,task     ] GC(231) Using 113 workers of 113 for evacuation
[2025-10-15T05:33:15.358-0700][1246 ][debug][gc,remset   ] GC(231) Visited cards 13012992 Total dirty 63963136 (20.34%) Total old 371785728 (3.50%)
[2025-10-15T05:33:15.529-0700][1246 ][info ][gc,phases   ] GC(231)   Pre Evacuate Collection Set: 0.7ms
[2025-10-15T05:33:15.529-0700][1246 ][info ][gc,phases   ] GC(231)   Merge Heap Roots: 11.8ms
[2025-10-15T05:33:15.529-0700][1246 ][info ][gc,phases   ] GC(231)   Evacuate Collection Set: 160.0ms
[2025-10-15T05:33:15.529-0700][1246 ][info ][gc,phases   ] GC(231)   Post Evacuate Collection Set: 10.7ms
[2025-10-15T05:33:15.529-0700][1246 ][info ][gc,phases   ] GC(231)   Other: 0.2ms
[2025-10-15T05:33:15.529-0700][1246 ][debug][gc,remset   ] GC(231) Coarsening (recent): Inline->AoC 28942 (0) AoC->Howl 191 (0) Howl->Full 0 (0) Inline->AoC 600 (0) AoC->BitMap 132 (0) BitMap->Full 0 (0) 
[2025-10-15T05:33:15.529-0700][1246 ][debug][gc,remset   ] GC(231) Coarsening (all): Inline->AoC 6187736 (155) AoC->Howl 144159 (398) Howl->Full 0 (0) Inline->AoC 591349 (107) AoC->BitMap 154272 (285) BitMap->Full 2 (0) 
[2025-10-15T05:33:15.529-0700][1246 ][info ][gc,heap     ] GC(231) Eden regions: 2051->0(2220)
[2025-10-15T05:33:15.529-0700][1246 ][info ][gc,heap     ] GC(231) Survivor regions: 200->171(282)
[2025-10-15T05:33:15.529-0700][1246 ][info ][gc,heap     ] GC(231) Old regions: 1074->1071
[2025-10-15T05:33:15.529-0700][1246 ][info ][gc,heap     ] GC(231) Humongous regions: 5->0
[2025-10-15T05:33:15.529-0700][1246 ][info ][gc,metaspace] GC(231) Metaspace: 317334K(323392K)->317334K(323392K) NonClass: 280292K(283520K)->280292K(283520K) Class: 37042K(39872K)->37042K(39872K)
[2025-10-15T05:33:15.529-0700][1246 ][info ][gc          ] GC(231) Pause Young (Mixed) (G1 Evacuation Pause) 106512M->39716M(184320M) 183.611ms
[2025-10-15T05:33:15.530-0700][1246 ][info ][gc,cpu      ] GC(231) User=17.30s Sys=0.14s Real=0.19s
[2025-10-15T05:33:15.531-0700][1246 ][info ][safepoint   ] Safepoint "G1CollectForAllocation", Time since last: 2048635859 ns, Reaching safepoint: 1287651 ns, Cleanup: 4817 ns, At safepoint: 187237844 ns, Total: 188530312 ns
[2025-10-15T05:33:16.532-0700][1246 ][info ][safepoint   ] Safepoint "Cleanup", Time since last: 1000089168 ns, Reaching safepoint: 716150 ns, Cleanup: 17476 ns, At safepoint: 139610 ns, Total: 873236 ns
[2025-10-15T05:33:21.536-0700][1246 ][info ][safepoint   ] Safepoint "Cleanup", Time since last: 5000344098 ns, Reaching safepoint: 3006521 ns, Cleanup: 12078 ns, At safepoint: 846696 ns, Total: 3865295 ns
[2025-10-15T05:33:22.002-0700][1246 ][info ][gc,start    ] GC(232) Pause Young (Mixed) (G1 Evacuation Pause)
[2025-10-15T05:33:22.002-0700][1246 ][info ][gc,task     ] GC(232) Using 113 workers of 113 for evacuation
[2025-10-15T05:33:22.015-0700][1246 ][debug][gc,remset   ] GC(232) Visited cards 15554304 Total dirty 64356352 (24.17%) Total old 406126592 (3.83%)
[2025-10-15T05:33:22.160-0700][1246 ][info ][gc,phases   ] GC(232)   Pre Evacuate Collection Set: 0.8ms
[2025-10-15T05:33:22.160-0700][1246 ][info ][gc,phases   ] GC(232)   Merge Heap Roots: 12.3ms
[2025-10-15T05:33:22.160-0700][1246 ][info ][gc,phases   ] GC(232)   Evacuate Collection Set: 133.9ms
[2025-10-15T05:33:22.160-0700][1246 ][info ][gc,phases   ] GC(232)   Post Evacuate Collection Set: 10.4ms
[2025-10-15T05:33:22.160-0700][1246 ][info ][gc,phases   ] GC(232)   Other: 0.2ms
[2025-10-15T05:33:22.160-0700][1246 ][debug][gc,remset   ] GC(232) Coarsening (recent): Inline->AoC 30683 (0) AoC->Howl 217 (0) Howl->Full 0 (0) Inline->AoC 623 (0) AoC->BitMap 182 (0) BitMap->Full 0 (0) 
[2025-10-15T05:33:22.160-0700][1246 ][debug][gc,remset   ] GC(232) Coarsening (all): Inline->AoC 6218419 (155) AoC->Howl 144376 (398) Howl->Full 0 (0) Inline->AoC 591972 (107) AoC->BitMap 154454 (285) BitMap->Full 2 (0) 
[2025-10-15T05:33:22.160-0700][1246 ][info ][gc,heap     ] GC(232) Eden regions: 2342->0(2670)
[2025-10-15T05:33:22.160-0700][1246 ][info ][gc,heap     ] GC(232) Survivor regions: 171->193(315)
[2025-10-15T05:33:22.160-0700][1246 ][info ][gc,heap     ] GC(232) Old regions: 1071->1004
[2025-10-15T05:33:22.160-0700][1246 ][info ][gc,heap     ] GC(232) Humongous regions: 9->0
[2025-10-15T05:33:22.160-0700][1246 ][info ][gc,metaspace] GC(232) Metaspace: 317339K(323392K)->317339K(323392K) NonClass: 280296K(283520K)->280296K(283520K) Class: 37043K(39872K)->37043K(39872K)
[2025-10-15T05:33:22.160-0700][1246 ][info ][gc          ] GC(232) Pause Young (Mixed) (G1 Evacuation Pause) 114948M->38289M(184320M) 157.826ms
[2025-10-15T05:33:22.161-0700][1246 ][info ][gc,cpu      ] GC(232) User=14.13s Sys=0.24s Real=0.16s
[2025-10-15T05:33:22.162-0700][1246 ][info ][safepoint   ] Safepoint "G1CollectForAllocation", Time since last: 463208372 ns, Reaching safepoint: 976551 ns, Cleanup: 5158 ns, At safepoint: 161562248 ns, Total: 162543957 ns
[2025-10-15T05:33:23.164-0700][1246 ][info ][safepoint   ] Safepoint "Cleanup", Time since last: 1000112553 ns, Reaching safepoint: 1597558 ns, Cleanup: 10526 ns, At safepoint: 170817 ns, Total: 1778901 ns
[2025-10-15T05:33:25.165-0700][1246 ][info ][safepoint   ] Safepoint "Cleanup", Time since last: 2000161331 ns, Reaching safepoint: 774237 ns, Cleanup: 13780 ns, At safepoint: 384450 ns, Total: 1172467 ns
[2025-10-15T05:33:26.167-0700][1246 ][info ][safepoint   ] Safepoint "Cleanup", Time since last: 1000118532 ns, Reaching safepoint: 1240790 ns, Cleanup: 34352 ns, At safepoint: 477229 ns, Total: 1752371 ns
[2025-10-15T05:33:30.303-0700][1246 ][info ][gc,start    ] GC(233) Pause Young (Normal) (G1 Evacuation Pause)
[2025-10-15T05:33:30.303-0700][1246 ][info ][gc,task     ] GC(233) Using 113 workers of 113 for evacuation
[2025-10-15T05:33:30.316-0700][1246 ][debug][gc,remset   ] GC(233) Visited cards 8869376 Total dirty 62914560 (14.10%) Total old 451215360 (1.97%)
[2025-10-15T05:33:30.449-0700][1246 ][info ][gc,phases   ] GC(233)   Pre Evacuate Collection Set: 0.7ms
[2025-10-15T05:33:30.449-0700][1246 ][info ][gc,phases   ] GC(233)   Merge Heap Roots: 12.4ms
[2025-10-15T05:33:30.449-0700][1246 ][info ][gc,phases   ] GC(233)   Evacuate Collection Set: 121.7ms
[2025-10-15T05:33:30.449-0700][1246 ][info ][gc,phases   ] GC(233)   Post Evacuate Collection Set: 11.7ms
[2025-10-15T05:33:30.450-0700][1246 ][info ][gc,phases   ] GC(233)   Other: 0.2ms
[2025-10-15T05:33:30.450-0700][1246 ][debug][gc,remset   ] GC(233) Coarsening (recent): Inline->AoC 17736 (0) AoC->Howl 64 (0) Howl->Full 0 (0) Inline->AoC 365 (0) AoC->BitMap 19 (0) BitMap->Full 0 (0) 
[2025-10-15T05:33:30.450-0700][1246 ][debug][gc,remset   ] GC(233) Coarsening (all): Inline->AoC 6236155 (155) AoC->Howl 144440 (398) Howl->Full 0 (0) Inline->AoC 592337 (107) AoC->BitMap 154473 (285) BitMap->Full 2 (0) 
[2025-10-15T05:33:30.450-0700][1246 ][info ][gc,heap     ] GC(233) Eden regions: 2745->0(2768)
[2025-10-15T05:33:30.450-0700][1246 ][info ][gc,heap     ] GC(233) Survivor regions: 193->209(368)
[2025-10-15T05:33:30.450-0700][1246 ][info ][gc,heap     ] GC(233) Old regions: 1004->1004
[2025-10-15T05:33:30.450-0700][1246 ][info ][gc,heap     ] GC(233) Humongous regions: 5->0
[2025-10-15T05:33:30.450-0700][1246 ][info ][gc,metaspace] GC(233) Metaspace: 317453K(323520K)->317453K(323520K) NonClass: 280392K(283648K)->280392K(283648K) Class: 37061K(39872K)->37061K(39872K)
[2025-10-15T05:33:30.450-0700][1246 ][info ][gc          ] GC(233) Pause Young (Normal) (G1 Evacuation Pause) 126289M->38793M(184320M) 146.752ms
[2025-10-15T05:33:30.451-0700][1246 ][info ][gc,cpu      ] GC(233) User=14.05s Sys=0.19s Real=0.15s
[2025-10-15T05:33:30.452-0700][1246 ][info ][safepoint   ] Safepoint "G1CollectForAllocation", Time since last: 4133307689 ns, Reaching safepoint: 925926 ns, Cleanup: 19449 ns, At safepoint: 150460255 ns, Total: 151405630 ns
[2025-10-15T05:33:32.453-0700][1246 ][info ][safepoint   ] Safepoint "Cleanup", Time since last: 2000148732 ns, Reaching safepoint: 850021 ns, Cleanup: 32328 ns, At safepoint: 201845 ns, Total: 1084194 ns
[2025-10-15T05:33:33.455-0700][1246 ][info ][safepoint   ] Safepoint "Cleanup", Time since last: 1000104701 ns, Reaching safepoint: 963713 ns, Cleanup: 18377 ns, At safepoint: 485652 ns, Total: 1467742 ns
[2025-10-15T05:33:34.457-0700][1246 ][info ][safepoint   ] Safepoint "Cleanup", Time since last: 1000115158 ns, Reaching safepoint: 962550 ns, Cleanup: 31037 ns, At safepoint: 1386840 ns, Total: 2380427 ns
[2025-10-15T05:33:36.479-0700][1246 ][info ][safepoint   ] Safepoint "Cleanup", Time since last: 2000183905 ns, Reaching safepoint: 19849456 ns, Cleanup: 14732 ns, At safepoint: 1857359 ns, Total: 21721547 ns
[2025-10-15T05:33:37.482-0700][1246 ][info ][safepoint   ] Safepoint "Cleanup", Time since last: 1000127967 ns, Reaching safepoint: 996592 ns, Cleanup: 25268 ns, At safepoint: 1300981 ns, Total: 2322841 ns
[2025-10-15T05:33:38.436-0700][1246 ][info ][gc,start    ] GC(234) Pause Young (Normal) (G1 Evacuation Pause)
[2025-10-15T05:33:38.436-0700][1246 ][info ][gc,task     ] GC(234) Using 113 workers of 113 for evacuation
[2025-10-15T05:33:38.449-0700][1246 ][debug][gc,remset   ] GC(234) Visited cards 9067264 Total dirty 62914560 (14.41%) Total old 467402752 (1.94%)
[2025-10-15T05:33:38.622-0700][1246 ][info ][gc,phases   ] GC(234)   Pre Evacuate Collection Set: 0.7ms
[2025-10-15T05:33:38.622-0700][1246 ][info ][gc,phases   ] GC(234)   Merge Heap Roots: 12.2ms
[2025-10-15T05:33:38.622-0700][1246 ][info ][gc,phases   ] GC(234)   Evacuate Collection Set: 160.9ms
[2025-10-15T05:33:38.622-0700][1246 ][info ][gc,phases   ] GC(234)   Post Evacuate Collection Set: 11.6ms
[2025-10-15T05:33:38.622-0700][1246 ][info ][gc,phases   ] GC(234)   Other: 0.2ms
[2025-10-15T05:33:38.622-0700][1246 ][debug][gc,remset   ] GC(234) Coarsening (recent): Inline->AoC 19239 (0) AoC->Howl 80 (0) Howl->Full 0 (0) Inline->AoC 374 (0) AoC->BitMap 37 (0) BitMap->Full 0 (0) 
[2025-10-15T05:33:38.622-0700][1246 ][debug][gc,remset   ] GC(234) Coarsening (all): Inline->AoC 6255394 (155) AoC->Howl 144520 (398) Howl->Full 0 (0) Inline->AoC 592711 (107) AoC->BitMap 154510 (285) BitMap->Full 2 (0) 
[2025-10-15T05:33:38.622-0700][1246 ][info ][gc,heap     ] GC(234) Eden regions: 2845->0(2043)
[2025-10-15T05:33:38.622-0700][1246 ][info ][gc,heap     ] GC(234) Survivor regions: 209->269(382)
[2025-10-15T05:33:38.622-0700][1246 ][info ][gc,heap     ] GC(234) Old regions: 1004->1004
[2025-10-15T05:33:38.622-0700][1246 ][info ][gc,heap     ] GC(234) Humongous regions: 20->0
[2025-10-15T05:33:38.622-0700][1246 ][info ][gc,metaspace] GC(234) Metaspace: 317612K(323776K)->317612K(323776K) NonClass: 280530K(283840K)->280530K(283840K) Class: 37081K(39936K)->37081K(39936K)
[2025-10-15T05:33:38.622-0700][1246 ][info ][gc          ] GC(234) Pause Young (Normal) (G1 Evacuation Pause) 130473M->40714M(184320M) 185.754ms
[2025-10-15T05:33:38.623-0700][1246 ][info ][gc,cpu      ] GC(234) User=17.67s Sys=0.15s Real=0.19s
[2025-10-15T05:33:38.624-0700][1246 ][info ][safepoint   ] Safepoint "G1CollectForAllocation", Time since last: 952071619 ns, Reaching safepoint: 945364 ns, Cleanup: 11798 ns, At safepoint: 189403428 ns, Total: 190360590 ns
[2025-10-15T05:33:39.625-0700][1246 ][info ][safepoint   ] Safepoint "Cleanup", Time since last: 1000097553 ns, Reaching safepoint: 742079 ns, Cleanup: 14251 ns, At safepoint: 111969 ns, Total: 868299 ns
[2025-10-15T05:33:40.627-0700][1246 ][info ][safepoint   ] Safepoint "Cleanup", Time since last: 1000105753 ns, Reaching safepoint: 1441863 ns, Cleanup: 14702 ns, At safepoint: 285521 ns, Total: 1742086 ns
[2025-10-15T05:33:42.628-0700][1246 ][info ][safepoint   ] Safepoint "Cleanup", Time since last: 2000165647 ns, Reaching safepoint: 947959 ns, Cleanup: 28934 ns, At safepoint: 246692 ns, Total: 1223585 ns
[2025-10-15T05:33:44.629-0700][1246 ][info ][safepoint   ] Safepoint "Cleanup", Time since last: 2000166781 ns, Reaching safepoint: 835669 ns, Cleanup: 11588 ns, At safepoint: 151548 ns, Total: 998805 ns
[2025-10-15T05:33:46.631-0700][1246 ][info ][safepoint   ] Safepoint "Cleanup", Time since last: 2000160581 ns, Reaching safepoint: 927157 ns, Cleanup: 31427 ns, At safepoint: 260213 ns, Total: 1218797 ns
[2025-10-15T05:33:46.741-0700][1246 ][info ][gc,start    ] GC(235) Pause Young (Normal) (G1 Evacuation Pause)
[2025-10-15T05:33:46.741-0700][1246 ][info ][gc,task     ] GC(235) Using 113 workers of 113 for evacuation
[2025-10-15T05:33:46.754-0700][1246 ][debug][gc,remset   ] GC(235) Visited cards 9047040 Total dirty 62980096 (14.36%) Total old 383516672 (2.36%)
[2025-10-15T05:33:46.930-0700][1246 ][info ][gc,phases   ] GC(235)   Pre Evacuate Collection Set: 0.7ms
[2025-10-15T05:33:46.930-0700][1246 ][info ][gc,phases   ] GC(235)   Merge Heap Roots: 11.5ms
[2025-10-15T05:33:46.930-0700][1246 ][info ][gc,phases   ] GC(235)   Evacuate Collection Set: 165.4ms
[2025-10-15T05:33:46.930-0700][1246 ][info ][gc,phases   ] GC(235)   Post Evacuate Collection Set: 11.1ms
[2025-10-15T05:33:46.930-0700][1246 ][info ][gc,phases   ] GC(235)   Other: 0.1ms
[2025-10-15T05:33:46.930-0700][1246 ][debug][gc,remset   ] GC(235) Coarsening (recent): Inline->AoC 23081 (0) AoC->Howl 89 (0) Howl->Full 0 (0) Inline->AoC 377 (0) AoC->BitMap 52 (0) BitMap->Full 0 (0) 
[2025-10-15T05:33:46.930-0700][1246 ][debug][gc,remset   ] GC(235) Coarsening (all): Inline->AoC 6278475 (155) AoC->Howl 144609 (398) Howl->Full 0 (0) Inline->AoC 593088 (107) AoC->BitMap 154562 (285) BitMap->Full 2 (0) 
[2025-10-15T05:33:46.930-0700][1246 ][info ][gc,heap     ] GC(235) Eden regions: 2152->0(3280)
[2025-10-15T05:33:46.930-0700][1246 ][info ][gc,heap     ] GC(235) Survivor regions: 269->176(303)
[2025-10-15T05:33:46.930-0700][1246 ][info ][gc,heap     ] GC(235) Old regions: 1004->1130
[2025-10-15T05:33:46.930-0700][1246 ][info ][gc,heap     ] GC(235) Humongous regions: 6->0
[2025-10-15T05:33:46.930-0700][1246 ][info ][gc,metaspace] GC(235) Metaspace: 317644K(323840K)->317644K(323840K) NonClass: 280560K(283904K)->280560K(283904K) Class: 37083K(39936K)->37083K(39936K)
[2025-10-15T05:33:46.931-0700][1246 ][info ][gc          ] GC(235) Pause Young (Normal) (G1 Evacuation Pause) 109770M->41755M(184320M) 189.108ms
[2025-10-15T05:33:46.932-0700][1246 ][info ][gc,cpu      ] GC(235) User=19.13s Sys=0.18s Real=0.19s
[2025-10-15T05:33:46.933-0700][1246 ][info ][safepoint   ] Safepoint "G1CollectForAllocation", Time since last: 108456639 ns, Reaching safepoint: 906906 ns, Cleanup: 27822 ns, At safepoint: 192626194 ns, Total: 193560922 ns
[2025-10-15T05:33:47.934-0700][1246 ][info ][safepoint   ] Safepoint "Cleanup", Time since last: 1000084431 ns, Reaching safepoint: 891934 ns, Cleanup: 18548 ns, At safepoint: 340113 ns, Total: 1250595 ns
[2025-10-15T05:33:48.936-0700][1246 ][info ][safepoint   ] Safepoint "Cleanup", Time since last: 1000114787 ns, Reaching safepoint: 874328 ns, Cleanup: 18828 ns, At safepoint: 385631 ns, Total: 1278787 ns
[2025-10-15T05:33:51.937-0700][1246 ][info ][safepoint   ] Safepoint "Cleanup", Time since last: 3000211661 ns, Reaching safepoint: 989482 ns, Cleanup: 14662 ns, At safepoint: 550780 ns, Total: 1554924 ns
[2025-10-15T05:33:52.939-0700][1246 ][info ][safepoint   ] Safepoint "Cleanup", Time since last: 1000108187 ns, Reaching safepoint: 895840 ns, Cleanup: 12069 ns, At safepoint: 404940 ns, Total: 1312849 ns
[2025-10-15T05:33:54.941-0700][1246 ][info ][safepoint   ] Safepoint "Cleanup", Time since last: 2000160660 ns, Reaching safepoint: 1260750 ns, Cleanup: 11227 ns, At safepoint: 606604 ns, Total: 1878581 ns
[2025-10-15T05:33:55.943-0700][1246 ][info ][safepoint   ] Safepoint "Cleanup", Time since last: 1000117752 ns, Reaching safepoint: 1022280 ns, Cleanup: 11227 ns, At safepoint: 731913 ns, Total: 1765420 ns
[2025-10-15T05:33:56.945-0700][1246 ][info ][safepoint   ] Safepoint "Cleanup", Time since last: 1000107857 ns, Reaching safepoint: 1284396 ns, Cleanup: 33480 ns, At safepoint: 1298547 ns, Total: 2616423 ns
[2025-10-15T05:33:57.191-0700][1246 ][info ][gc,start    ] GC(236) Pause Young (Normal) (G1 Evacuation Pause)
[2025-10-15T05:33:57.191-0700][1246 ][info ][gc,task     ] GC(236) Using 113 workers of 113 for evacuation
[2025-10-15T05:33:57.205-0700][1246 ][debug][gc,remset   ] GC(236) Visited cards 9248000 Total dirty 70516736 (13.11%) Total old 527826944 (1.75%)
[2025-10-15T05:33:57.363-0700][1246 ][info ][gc,phases   ] GC(236)   Pre Evacuate Collection Set: 0.7ms
[2025-10-15T05:33:57.363-0700][1246 ][info ][gc,phases   ] GC(236)   Merge Heap Roots: 13.1ms
[2025-10-15T05:33:57.363-0700][1246 ][info ][gc,phases   ] GC(236)   Evacuate Collection Set: 144.4ms
[2025-10-15T05:33:57.363-0700][1246 ][info ][gc,phases   ] GC(236)   Post Evacuate Collection Set: 13.9ms
[2025-10-15T05:33:57.363-0700][1246 ][info ][gc,phases   ] GC(236)   Other: 0.2ms
[2025-10-15T05:33:57.363-0700][1246 ][debug][gc,remset   ] GC(236) Coarsening (recent): Inline->AoC 16371 (0) AoC->Howl 62 (0) Howl->Full 0 (0) Inline->AoC 246 (0) AoC->BitMap 28 (0) BitMap->Full 0 (0) 
[2025-10-15T05:33:57.363-0700][1246 ][debug][gc,remset   ] GC(236) Coarsening (all): Inline->AoC 6294846 (155) AoC->Howl 144671 (398) Howl->Full 0 (0) Inline->AoC 593334 (107) AoC->BitMap 154590 (285) BitMap->Full 2 (0) 
[2025-10-15T05:33:57.363-0700][1246 ][info ][gc,heap     ] GC(236) Eden regions: 3280->0(2361)
[2025-10-15T05:33:57.363-0700][1246 ][info ][gc,heap     ] GC(236) Survivor regions: 176->251(432)
[2025-10-15T05:33:57.363-0700][1246 ][info ][gc,heap     ] GC(236) Old regions: 1130->1130
[2025-10-15T05:33:57.363-0700][1246 ][info ][gc,heap     ] GC(236) Humongous regions: 12->0
[2025-10-15T05:33:57.363-0700][1246 ][info ][gc,metaspace] GC(236) Metaspace: 317707K(323904K)->317707K(323904K) NonClass: 280621K(283968K)->280621K(283968K) Class: 37085K(39936K)->37085K(39936K)
[2025-10-15T05:33:57.363-0700][1246 ][info ][gc          ] GC(236) Pause Young (Normal) (G1 Evacuation Pause) 147099M->44145M(184320M) 172.529ms
[2025-10-15T05:33:57.364-0700][1246 ][info ][gc,cpu      ] GC(236) User=16.51s Sys=0.27s Real=0.17s
[2025-10-15T05:33:57.366-0700][1246 ][info ][safepoint   ] Safepoint "G1CollectForAllocation", Time since last: 242796467 ns, Reaching safepoint: 1290215 ns, Cleanup: 5788 ns, At safepoint: 176018304 ns, Total: 177314307 ns
[2025-10-15T05:33:58.367-0700][1246 ][info ][safepoint   ] Safepoint "Cleanup", Time since last: 1000099223 ns, Reaching safepoint: 964123 ns, Cleanup: 10296 ns, At safepoint: 432462 ns, Total: 1406881 ns
[2025-10-15T05:34:01.368-0700][1246 ][info ][safepoint   ] Safepoint "Cleanup", Time since last: 3000196928 ns, Reaching safepoint: 893347 ns, Cleanup: 10496 ns, At safepoint: 291729 ns, Total: 1195572 ns
[2025-10-15T05:34:04.486-0700][1246 ][info ][safepoint   ] Safepoint "Cleanup", Time since last: 3116702579 ns, Reaching safepoint: 868899 ns, Cleanup: 17537 ns, At safepoint: 222966 ns, Total: 1109402 ns
[2025-10-15T05:34:04.536-0700][1246 ][info ][gc,start    ] GC(237) Pause Young (Normal) (G1 Evacuation Pause)
[2025-10-15T05:34:04.536-0700][1246 ][info ][gc,task     ] GC(237) Using 113 workers of 113 for evacuation
[2025-10-15T05:34:04.549-0700][1246 ][debug][gc,remset   ] GC(237) Visited cards 9292544 Total dirty 70516736 (13.18%) Total old 419233792 (2.22%)
[2025-10-15T05:34:04.694-0700][1246 ][info ][gc,phases   ] GC(237)   Pre Evacuate Collection Set: 0.8ms
[2025-10-15T05:34:04.694-0700][1246 ][info ][gc,phases   ] GC(237)   Merge Heap Roots: 12.5ms
[2025-10-15T05:34:04.694-0700][1246 ][info ][gc,phases   ] GC(237)   Evacuate Collection Set: 131.4ms
[2025-10-15T05:34:04.694-0700][1246 ][info ][gc,phases   ] GC(237)   Post Evacuate Collection Set: 13.5ms
[2025-10-15T05:34:04.694-0700][1246 ][info ][gc,phases   ] GC(237)   Other: 0.2ms
[2025-10-15T05:34:04.694-0700][1246 ][debug][gc,remset   ] GC(237) Coarsening (recent): Inline->AoC 32155 (0) AoC->Howl 93 (0) Howl->Full 0 (0) Inline->AoC 516 (0) AoC->BitMap 20 (0) BitMap->Full 0 (0) 
[2025-10-15T05:34:04.694-0700][1246 ][debug][gc,remset   ] GC(237) Coarsening (all): Inline->AoC 6327001 (155) AoC->Howl 144764 (398) Howl->Full 0 (0) Inline->AoC 593850 (107) AoC->BitMap 154610 (285) BitMap->Full 2 (0) 
[2025-10-15T05:34:04.694-0700][1246 ][info ][gc,heap     ] GC(237) Eden regions: 2380->0(3289)
[2025-10-15T05:34:04.695-0700][1246 ][info ][gc,heap     ] GC(237) Survivor regions: 251->167(329)
[2025-10-15T05:34:04.695-0700][1246 ][info ][gc,heap     ] GC(237) Old regions: 1130->1205
[2025-10-15T05:34:04.695-0700][1246 ][info ][gc,heap     ] GC(237) Humongous regions: 5->0
[2025-10-15T05:34:04.695-0700][1246 ][info ][gc,metaspace] GC(237) Metaspace: 317744K(323904K)->317744K(323904K) NonClass: 280657K(283968K)->280657K(283968K) Class: 37087K(39936K)->37087K(39936K)
[2025-10-15T05:34:04.695-0700][1246 ][info ][gc          ] GC(237) Pause Young (Normal) (G1 Evacuation Pause) 120465M->43898M(184320M) 158.500ms
[2025-10-15T05:34:04.696-0700][1246 ][info ][gc,cpu      ] GC(237) User=16.12s Sys=0.12s Real=0.16s
[2025-10-15T05:34:04.697-0700][1246 ][info ][safepoint   ] Safepoint "G1CollectForAllocation", Time since last: 47872961 ns, Reaching safepoint: 735418 ns, Cleanup: 4567 ns, At safepoint: 162102060 ns, Total: 162842045 ns
[2025-10-15T05:34:06.698-0700][1246 ][info ][safepoint   ] Safepoint "Cleanup", Time since last: 2000160359 ns, Reaching safepoint: 900988 ns, Cleanup: 10616 ns, At safepoint: 352101 ns, Total: 1263705 ns
[2025-10-15T05:34:07.700-0700][1246 ][info ][safepoint   ] Safepoint "Cleanup", Time since last: 1000122709 ns, Reaching safepoint: 840577 ns, Cleanup: 26640 ns, At safepoint: 208104 ns, Total: 1075321 ns
[2025-10-15T05:34:09.701-0700][1246 ][info ][safepoint   ] Safepoint "Cleanup", Time since last: 2000163534 ns, Reaching safepoint: 1239428 ns, Cleanup: 12589 ns, At safepoint: 300413 ns, Total: 1552430 ns
[2025-10-15T05:34:10.703-0700][1246 ][info ][safepoint   ] Safepoint "Cleanup", Time since last: 1000088367 ns, Reaching safepoint: 874658 ns, Cleanup: 12249 ns, At safepoint: 257918 ns, Total: 1144825 ns
[2025-10-15T05:34:11.704-0700][1246 ][info ][safepoint   ] Safepoint "Cleanup", Time since last: 1000102369 ns, Reaching safepoint: 888950 ns, Cleanup: 10866 ns, At safepoint: 909911 ns, Total: 1809727 ns
[2025-10-15T05:34:13.706-0700][1246 ][info ][safepoint   ] Safepoint "Cleanup", Time since last: 2000165718 ns, Reaching safepoint: 952966 ns, Cleanup: 13771 ns, At safepoint: 779034 ns, Total: 1745771 ns
[2025-10-15T05:34:14.709-0700][1246 ][info ][safepoint   ] Safepoint "Cleanup", Time since last: 1000120045 ns, Reaching safepoint: 935550 ns, Cleanup: 25188 ns, At safepoint: 1099457 ns, Total: 2060195 ns
[2025-10-15T05:34:16.710-0700][1246 ][info ][safepoint   ] Safepoint "Cleanup", Time since last: 2000171497 ns, Reaching safepoint: 743100 ns, Cleanup: 11327 ns, At safepoint: 443498 ns, Total: 1197925 ns
[2025-10-15T05:34:16.836-0700][1246 ][info ][gc,start    ] GC(238) Pause Young (Normal) (G1 Evacuation Pause)
[2025-10-15T05:34:16.836-0700][1246 ][info ][gc,task     ] GC(238) Using 113 workers of 113 for evacuation
[2025-10-15T05:34:16.849-0700][1246 ][debug][gc,remset   ] GC(238) Visited cards 9315072 Total dirty 75169792 (12.39%) Total old 532938752 (1.75%)
[2025-10-15T05:34:17.000-0700][1246 ][info ][gc,phases   ] GC(238)   Pre Evacuate Collection Set: 0.7ms
[2025-10-15T05:34:17.000-0700][1246 ][info ][gc,phases   ] GC(238)   Merge Heap Roots: 12.5ms
[2025-10-15T05:34:17.000-0700][1246 ][info ][gc,phases   ] GC(238)   Evacuate Collection Set: 136.0ms
[2025-10-15T05:34:17.000-0700][1246 ][info ][gc,phases   ] GC(238)   Post Evacuate Collection Set: 14.8ms
[2025-10-15T05:34:17.000-0700][1246 ][info ][gc,phases   ] GC(238)   Other: 0.2ms
[2025-10-15T05:34:17.000-0700][1246 ][debug][gc,remset   ] GC(238) Coarsening (recent): Inline->AoC 30254 (0) AoC->Howl 107 (0) Howl->Full 0 (0) Inline->AoC 332 (0) AoC->BitMap 72 (0) BitMap->Full 0 (0) 
[2025-10-15T05:34:17.000-0700][1246 ][debug][gc,remset   ] GC(238) Coarsening (all): Inline->AoC 6357255 (155) AoC->Howl 144871 (398) Howl->Full 0 (0) Inline->AoC 594182 (107) AoC->BitMap 154682 (285) BitMap->Full 2 (0) 
[2025-10-15T05:34:17.000-0700][1246 ][info ][gc,heap     ] GC(238) Eden regions: 3289->0(3245)
[2025-10-15T05:34:17.000-0700][1246 ][info ][gc,heap     ] GC(238) Survivor regions: 167->211(432)
[2025-10-15T05:34:17.000-0700][1246 ][info ][gc,heap     ] GC(238) Old regions: 1205->1205
[2025-10-15T05:34:17.000-0700][1246 ][info ][gc,heap     ] GC(238) Humongous regions: 15->0
[2025-10-15T05:34:17.000-0700][1246 ][info ][gc,metaspace] GC(238) Metaspace: 317783K(323968K)->317783K(323968K) NonClass: 280688K(284032K)->280688K(284032K) Class: 37095K(39936K)->37095K(39936K)
[2025-10-15T05:34:17.000-0700][1246 ][info ][gc          ] GC(238) Pause Young (Normal) (G1 Evacuation Pause) 149626M->45306M(184320M) 164.403ms
[2025-10-15T05:34:17.001-0700][1246 ][info ][gc,cpu      ] GC(238) User=15.09s Sys=0.24s Real=0.17s
[2025-10-15T05:34:17.003-0700][1246 ][info ][safepoint   ] Safepoint "G1CollectForAllocation", Time since last: 123797630 ns, Reaching safepoint: 925044 ns, Cleanup: 4256 ns, At safepoint: 167934660 ns, Total: 168863960 ns
[2025-10-15T05:34:22.005-0700][1246 ][info ][safepoint   ] Safepoint "Cleanup", Time since last: 5000322887 ns, Reaching safepoint: 1794775 ns, Cleanup: 13300 ns, At safepoint: 309977 ns, Total: 2118052 ns
[2025-10-15T05:34:24.007-0700][1246 ][info ][safepoint   ] Safepoint "Cleanup", Time since last: 2000184957 ns, Reaching safepoint: 1290094 ns, Cleanup: 11398 ns, At safepoint: 272951 ns, Total: 1574443 ns
[2025-10-15T05:34:26.008-0700][1246 ][info ][safepoint   ] Safepoint "Cleanup", Time since last: 2000158697 ns, Reaching safepoint: 870382 ns, Cleanup: 9915 ns, At safepoint: 180642 ns, Total: 1060939 ns
[2025-10-15T05:34:29.639-0700][1246 ][info ][gc,start    ] GC(239) Pause Young (Normal) (G1 Evacuation Pause)
[2025-10-15T05:34:29.639-0700][1246 ][info ][gc,task     ] GC(239) Using 113 workers of 113 for evacuation
[2025-10-15T05:34:29.652-0700][1246 ][debug][gc,remset   ] GC(239) Visited cards 9420032 Total dirty 75169792 (12.53%) Total old 532676608 (1.77%)
[2025-10-15T05:34:29.827-0700][1246 ][info ][gc,phases   ] GC(239)   Pre Evacuate Collection Set: 0.7ms
[2025-10-15T05:34:29.827-0700][1246 ][info ][gc,phases   ] GC(239)   Merge Heap Roots: 12.4ms
[2025-10-15T05:34:29.827-0700][1246 ][info ][gc,phases   ] GC(239)   Evacuate Collection Set: 161.0ms
[2025-10-15T05:34:29.827-0700][1246 ][info ][gc,phases   ] GC(239)   Post Evacuate Collection Set: 13.7ms
[2025-10-15T05:34:29.827-0700][1246 ][info ][gc,phases   ] GC(239)   Other: 0.2ms
[2025-10-15T05:34:29.827-0700][1246 ][debug][gc,remset   ] GC(239) Coarsening (recent): Inline->AoC 43343 (0) AoC->Howl 85 (0) Howl->Full 0 (0) Inline->AoC 463 (0) AoC->BitMap 20 (0) BitMap->Full 0 (0) 
[2025-10-15T05:34:29.827-0700][1246 ][debug][gc,remset   ] GC(239) Coarsening (all): Inline->AoC 6400598 (155) AoC->Howl 144956 (398) Howl->Full 0 (0) Inline->AoC 594645 (107) AoC->BitMap 154702 (285) BitMap->Full 2 (0) 
[2025-10-15T05:34:29.827-0700][1246 ][info ][gc,heap     ] GC(239) Eden regions: 3245->0(2030)
[2025-10-15T05:34:29.827-0700][1246 ][info ][gc,heap     ] GC(239) Survivor regions: 211->275(432)
[2025-10-15T05:34:29.827-0700][1246 ][info ][gc,heap     ] GC(239) Old regions: 1205->1205
[2025-10-15T05:34:29.827-0700][1246 ][info ][gc,heap     ] GC(239) Humongous regions: 11->0
[2025-10-15T05:34:29.827-0700][1246 ][info ][gc,metaspace] GC(239) Metaspace: 317792K(323968K)->317792K(323968K) NonClass: 280696K(284032K)->280696K(284032K) Class: 37096K(39936K)->37096K(39936K)
[2025-10-15T05:34:29.827-0700][1246 ][info ][gc          ] GC(239) Pause Young (Normal) (G1 Evacuation Pause) 149498M->47338M(184320M) 188.135ms
[2025-10-15T05:34:29.828-0700][1246 ][info ][gc,cpu      ] GC(239) User=18.14s Sys=0.35s Real=0.18s
[2025-10-15T05:34:29.829-0700][1246 ][info ][safepoint   ] Safepoint "G1CollectForAllocation", Time since last: 3628565915 ns, Reaching safepoint: 884443 ns, Cleanup: 15604 ns, At safepoint: 191684935 ns, Total: 192584982 ns
[2025-10-15T05:34:38.831-0700][1246 ][info ][safepoint   ] Safepoint "Cleanup", Time since last: 9000516154 ns, Reaching safepoint: 851623 ns, Cleanup: 12970 ns, At safepoint: 359131 ns, Total: 1223724 ns
[2025-10-15T05:34:38.966-0700][1246 ][info ][gc,start    ] GC(240) Pause Young (Normal) (G1 Evacuation Pause)
[2025-10-15T05:34:38.966-0700][1246 ][info ][gc,task     ] GC(240) Using 113 workers of 113 for evacuation
[2025-10-15T05:34:38.979-0700][1246 ][debug][gc,remset   ] GC(240) Visited cards 9487104 Total dirty 75300864 (12.60%) Total old 398721024 (2.38%)
[2025-10-15T05:34:39.152-0700][1246 ][info ][gc,phases   ] GC(240)   Pre Evacuate Collection Set: 0.7ms
[2025-10-15T05:34:39.152-0700][1246 ][info ][gc,phases   ] GC(240)   Merge Heap Roots: 12.4ms
[2025-10-15T05:34:39.152-0700][1246 ][info ][gc,phases   ] GC(240)   Evacuate Collection Set: 160.2ms
[2025-10-15T05:34:39.152-0700][1246 ][info ][gc,phases   ] GC(240)   Post Evacuate Collection Set: 12.6ms
[2025-10-15T05:34:39.152-0700][1246 ][info ][gc,phases   ] GC(240)   Other: 0.1ms
[2025-10-15T05:34:39.152-0700][1246 ][debug][gc,remset   ] GC(240) Coarsening (recent): Inline->AoC 24131 (0) AoC->Howl 123 (0) Howl->Full 0 (0) Inline->AoC 573 (0) AoC->BitMap 75 (0) BitMap->Full 0 (0) 
[2025-10-15T05:34:39.152-0700][1246 ][debug][gc,remset   ] GC(240) Coarsening (all): Inline->AoC 6424729 (155) AoC->Howl 145079 (398) Howl->Full 0 (0) Inline->AoC 595218 (107) AoC->BitMap 154777 (285) BitMap->Full 2 (0) 
[2025-10-15T05:34:39.152-0700][1246 ][info ][gc,heap     ] GC(240) Eden regions: 2160->0(3269)
[2025-10-15T05:34:39.152-0700][1246 ][info ][gc,heap     ] GC(240) Survivor regions: 275->187(305)
[2025-10-15T05:34:39.152-0700][1246 ][info ][gc,heap     ] GC(240) Old regions: 1205->1310
[2025-10-15T05:34:39.152-0700][1246 ][info ][gc,heap     ] GC(240) Humongous regions: 9->0
[2025-10-15T05:34:39.152-0700][1246 ][info ][gc,metaspace] GC(240) Metaspace: 317796K(323968K)->317796K(323968K) NonClass: 280700K(284032K)->280700K(284032K) Class: 37096K(39936K)->37096K(39936K)
[2025-10-15T05:34:39.152-0700][1246 ][info ][gc          ] GC(240) Pause Young (Normal) (G1 Evacuation Pause) 116746M->47872M(184320M) 186.169ms
[2025-10-15T05:34:39.153-0700][1246 ][info ][gc,cpu      ] GC(240) User=18.59s Sys=0.15s Real=0.19s
[2025-10-15T05:34:39.154-0700][1246 ][info ][safepoint   ] Safepoint "G1CollectForAllocation", Time since last: 132893158 ns, Reaching safepoint: 717602 ns, Cleanup: 3725 ns, At safepoint: 189554354 ns, Total: 190275681 ns
[2025-10-15T05:34:41.902-0700][1246 ][debug][gc,jni      ] Setting _needs_gc. Thread "VM Thread" 1 locked.
[2025-10-15T05:34:41.902-0700][28733][debug][gc,jni      ] Performing GC after exiting critical section. Thread "hive-prism-2518" 0 locked.
[2025-10-15T05:34:41.902-0700][1246 ][info ][safepoint   ] Safepoint "G1TryInitiateConcMark", Time since last: 2746838724 ns, Reaching safepoint: 872075 ns, Cleanup: 4907 ns, At safepoint: 411760 ns, Total: 1288742 ns
[2025-10-15T05:34:41.904-0700][1246 ][info ][gc,start    ] GC(241) Pause Young (Concurrent Start) (G1 Humongous Allocation)
[2025-10-15T05:34:41.904-0700][1246 ][info ][gc,task     ] GC(241) Using 113 workers of 113 for evacuation
[2025-10-15T05:34:41.916-0700][1246 ][debug][gc,remset   ] GC(241) Visited cards 9432320 Total dirty 81461248 (11.58%) Total old 191758336 (4.92%)
[2025-10-15T05:34:42.036-0700][1246 ][info ][gc,phases   ] GC(241)   Pre Evacuate Collection Set: 0.9ms
[2025-10-15T05:34:42.036-0700][1246 ][info ][gc,phases   ] GC(241)   Merge Heap Roots: 11.0ms
[2025-10-15T05:34:42.036-0700][1246 ][info ][gc,phases   ] GC(241)   Evacuate Collection Set: 111.0ms
[2025-10-15T05:34:42.036-0700][1246 ][info ][gc,phases   ] GC(241)   Post Evacuate Collection Set: 8.8ms
[2025-10-15T05:34:42.036-0700][1246 ][info ][gc,phases   ] GC(241)   Other: 0.1ms
[2025-10-15T05:34:42.036-0700][1246 ][debug][gc,remset   ] GC(241) Coarsening (recent): Inline->AoC 0 (0) AoC->Howl 0 (0) Howl->Full 0 (0) Inline->AoC 0 (0) AoC->BitMap 0 (0) BitMap->Full 0 (0) 
[2025-10-15T05:34:42.036-0700][1246 ][debug][gc,remset   ] GC(241) Coarsening (all): Inline->AoC 6424729 (155) AoC->Howl 145079 (398) Howl->Full 0 (0) Inline->AoC 595218 (107) AoC->BitMap 154777 (285) BitMap->Full 2 (0) 
[2025-10-15T05:34:42.036-0700][1246 ][info ][gc,heap     ] GC(241) Eden regions: 621->0(3259)
[2025-10-15T05:34:42.036-0700][1246 ][info ][gc,heap     ] GC(241) Survivor regions: 187->197(432)
[2025-10-15T05:34:42.036-0700][1246 ][info ][gc,heap     ] GC(241) Old regions: 1310->1310
[2025-10-15T05:34:42.036-0700][1246 ][info ][gc,heap     ] GC(241) Humongous regions: 0->0
[2025-10-15T05:34:42.036-0700][1246 ][info ][gc,metaspace] GC(241) Metaspace: 317796K(323968K)->317796K(323968K) NonClass: 280700K(284032K)->280700K(284032K) Class: 37096K(39936K)->37096K(39936K)
[2025-10-15T05:34:42.036-0700][1246 ][info ][gc          ] GC(241) Pause Young (Concurrent Start) (G1 Humongous Allocation) 67724M->48205M(184320M) 132.035ms
[2025-10-15T05:34:42.036-0700][1085 ][info ][gc          ] GC(242) Concurrent Mark Cycle
[2025-10-15T05:34:42.036-0700][1085 ][info ][gc,marking  ] GC(242) Concurrent Scan Root Regions
[2025-10-15T05:34:42.038-0700][1246 ][info ][gc,cpu      ] GC(241) User=12.84s Sys=0.00s Real=0.13s
[2025-10-15T05:34:42.039-0700][1246 ][info ][safepoint   ] Safepoint "G1TryInitiateConcMark", Time since last: 58959 ns, Reaching safepoint: 595047 ns, Cleanup: 2905 ns, At safepoint: 136123656 ns, Total: 136721608 ns
[2025-10-15T05:34:42.092-0700][1085 ][info ][gc,marking  ] GC(242) Concurrent Scan Root Regions 55.657ms
[2025-10-15T05:34:42.092-0700][1085 ][info ][gc,marking  ] GC(242) Concurrent Mark
[2025-10-15T05:34:42.092-0700][1085 ][info ][gc,marking  ] GC(242) Concurrent Mark From Roots
[2025-10-15T05:34:42.092-0700][1085 ][info ][gc,task     ] GC(242) Using 36 workers of 36 for marking
[2025-10-15T05:34:42.352-0700][1085 ][info ][gc,marking  ] GC(242) Concurrent Mark From Roots 259.620ms
[2025-10-15T05:34:42.352-0700][1085 ][info ][gc,marking  ] GC(242) Concurrent Preclean
[2025-10-15T05:34:42.375-0700][1085 ][info ][gc,marking  ] GC(242) Concurrent Preclean 23.676ms
[2025-10-15T05:34:42.378-0700][1246 ][info ][gc,start    ] GC(242) Pause Remark
[2025-10-15T05:34:42.639-0700][1246 ][info ][gc,mmu      ] GC(242) MMU target violated: 201.0ms (200.0ms/201.0ms)
[2025-10-15T05:34:42.639-0700][1246 ][info ][gc          ] GC(242) Pause Remark 50613M->49749M(184320M) 261.026ms
[2025-10-15T05:34:42.640-0700][1246 ][info ][gc,cpu      ] GC(242) User=13.01s Sys=0.17s Real=0.27s
[2025-10-15T05:34:42.641-0700][1246 ][info ][safepoint   ] Safepoint "G1PauseRemark", Time since last: 336507913 ns, Reaching safepoint: 949721 ns, Cleanup: 5018 ns, At safepoint: 264569261 ns, Total: 265524000 ns
[2025-10-15T05:34:42.642-0700][1085 ][info ][gc,marking  ] GC(242) Concurrent Mark 549.435ms
[2025-10-15T05:34:42.642-0700][1085 ][info ][gc,marking  ] GC(242) Concurrent Rebuild Remembered Sets and Scrub Regions
[2025-10-15T05:34:43.053-0700][1085 ][info ][gc,marking  ] GC(242) Concurrent Rebuild Remembered Sets and Scrub Regions 411.357ms
[2025-10-15T05:34:43.055-0700][1246 ][info ][gc,start    ] GC(242) Pause Cleanup
[2025-10-15T05:34:43.057-0700][1246 ][info ][gc          ] GC(242) Pause Cleanup 53896M->53896M(184320M) 2.198ms
[2025-10-15T05:34:43.058-0700][1246 ][info ][gc,cpu      ] GC(242) User=0.01s Sys=0.01s Real=0.01s
[2025-10-15T05:34:43.059-0700][1246 ][info ][safepoint   ] Safepoint "G1PauseCleanup", Time since last: 411989183 ns, Reaching safepoint: 1091946 ns, Cleanup: 46129 ns, At safepoint: 5266798 ns, Total: 6404873 ns
[2025-10-15T05:34:43.060-0700][1085 ][info ][gc,marking  ] GC(242) Concurrent Clear Claimed Marks
[2025-10-15T05:34:43.061-0700][1085 ][info ][gc,marking  ] GC(242) Concurrent Clear Claimed Marks 1.031ms
[2025-10-15T05:34:43.061-0700][1085 ][info ][gc,marking  ] GC(242) Concurrent Cleanup for Next Mark
[2025-10-15T05:34:43.090-0700][1085 ][info ][gc,marking  ] GC(242) Concurrent Cleanup for Next Mark 29.399ms
[2025-10-15T05:34:43.090-0700][1085 ][info ][gc          ] GC(242) Concurrent Mark Cycle 1053.711ms
[2025-10-15T05:34:44.080-0700][1246 ][info ][safepoint   ] Safepoint "Cleanup", Time since last: 1000097258 ns, Reaching safepoint: 18811651 ns, Cleanup: 28844 ns, At safepoint: 1826362 ns, Total: 20666857 ns
[2025-10-15T05:34:45.083-0700][1246 ][info ][safepoint   ] Safepoint "Cleanup", Time since last: 1000100289 ns, Reaching safepoint: 895770 ns, Cleanup: 11297 ns, At safepoint: 1680833 ns, Total: 2587900 ns
[2025-10-15T05:34:47.085-0700][1246 ][info ][safepoint   ] Safepoint "Cleanup", Time since last: 2000170582 ns, Reaching safepoint: 898224 ns, Cleanup: 14222 ns, At safepoint: 660425 ns, Total: 1572871 ns
[2025-10-15T05:34:49.086-0700][1246 ][info ][safepoint   ] Safepoint "Cleanup", Time since last: 2000171794 ns, Reaching safepoint: 876471 ns, Cleanup: 14322 ns, At safepoint: 361384 ns, Total: 1252177 ns
[2025-10-15T05:34:54.088-0700][1246 ][info ][safepoint   ] Safepoint "Cleanup", Time since last: 5000305198 ns, Reaching safepoint: 1098656 ns, Cleanup: 15864 ns, At safepoint: 917152 ns, Total: 2031672 ns
[2025-10-15T05:34:54.375-0700][1246 ][info ][gc,start    ] GC(243) Pause Young (Prepare Mixed) (G1 Evacuation Pause)
[2025-10-15T05:34:54.375-0700][1246 ][info ][gc,task     ] GC(243) Using 113 workers of 113 for evacuation
[2025-10-15T05:34:54.389-0700][1246 ][debug][gc,remset   ] GC(243) Visited cards 9998336 Total dirty 81461248 (12.27%) Total old 538836992 (1.86%)
[2025-10-15T05:34:54.537-0700][1246 ][info ][gc,phases   ] GC(243)   Pre Evacuate Collection Set: 0.7ms
[2025-10-15T05:34:54.537-0700][1246 ][info ][gc,phases   ] GC(243)   Merge Heap Roots: 13.4ms
[2025-10-15T05:34:54.537-0700][1246 ][info ][gc,phases   ] GC(243)   Evacuate Collection Set: 130.4ms
[2025-10-15T05:34:54.537-0700][1246 ][info ][gc,phases   ] GC(243)   Post Evacuate Collection Set: 16.9ms
[2025-10-15T05:34:54.537-0700][1246 ][info ][gc,phases   ] GC(243)   Other: 0.2ms
[2025-10-15T05:34:54.537-0700][1246 ][debug][gc,remset   ] GC(243) Coarsening (recent): Inline->AoC 208901 (0) AoC->Howl 11733 (0) Howl->Full 0 (0) Inline->AoC 44191 (0) AoC->BitMap 13162 (0) BitMap->Full 0 (0) 
[2025-10-15T05:34:54.537-0700][1246 ][debug][gc,remset   ] GC(243) Coarsening (all): Inline->AoC 6633630 (155) AoC->Howl 156812 (398) Howl->Full 0 (0) Inline->AoC 639409 (107) AoC->BitMap 167939 (285) BitMap->Full 2 (0) 
[2025-10-15T05:34:54.537-0700][1246 ][info ][gc,heap     ] GC(243) Eden regions: 3259->0(3239)
[2025-10-15T05:34:54.537-0700][1246 ][info ][gc,heap     ] GC(243) Survivor regions: 197->217(432)
[2025-10-15T05:34:54.537-0700][1246 ][info ][gc,heap     ] GC(243) Old regions: 1283->1283
[2025-10-15T05:34:54.537-0700][1246 ][info ][gc,heap     ] GC(243) Humongous regions: 27->0
[2025-10-15T05:34:54.537-0700][1246 ][info ][gc,metaspace] GC(243) Metaspace: 317758K(323968K)->317758K(323968K) NonClass: 280671K(284032K)->280671K(284032K) Class: 37086K(39936K)->37086K(39936K)
[2025-10-15T05:34:54.537-0700][1246 ][info ][gc          ] GC(243) Pause Young (Prepare Mixed) (G1 Evacuation Pause) 152493M->47980M(184320M) 161.688ms
[2025-10-15T05:34:54.538-0700][1246 ][info ][gc,cpu      ] GC(243) User=15.50s Sys=0.25s Real=0.16s
[2025-10-15T05:34:54.539-0700][1246 ][info ][safepoint   ] Safepoint "G1CollectForAllocation", Time since last: 284704266 ns, Reaching safepoint: 949821 ns, Cleanup: 11528 ns, At safepoint: 165072665 ns, Total: 166034014 ns
[2025-10-15T05:34:58.541-0700][1246 ][info ][safepoint   ] Safepoint "Cleanup", Time since last: 4000232761 ns, Reaching safepoint: 1033628 ns, Cleanup: 11027 ns, At safepoint: 406623 ns, Total: 1451278 ns
[2025-10-15T05:35:03.511-0700][1246 ][info ][safepoint   ] Safepoint "Cleanup", Time since last: 4969484387 ns, Reaching safepoint: 956491 ns, Cleanup: 18728 ns, At safepoint: 203427 ns, Total: 1178646 ns
[2025-10-15T05:35:06.437-0700][1246 ][info ][gc,start    ] GC(244) Pause Young (Mixed) (G1 Evacuation Pause)
[2025-10-15T05:35:06.437-0700][1246 ][info ][gc,task     ] GC(244) Using 113 workers of 113 for evacuation
[2025-10-15T05:35:06.451-0700][1246 ][debug][gc,remset   ] GC(244) Visited cards 11161088 Total dirty 65208320 (17.12%) Total old 556204032 (2.01%)
[2025-10-15T05:35:06.605-0700][1246 ][debug][gc,remset   ] GC(244) Visited cards 976640 Total dirty 53018624 (1.84%) Total old 575143936 (0.17%)
[2025-10-15T05:35:06.630-0700][1246 ][info ][gc,phases   ] GC(244)   Pre Evacuate Collection Set: 0.8ms
[2025-10-15T05:35:06.630-0700][1246 ][info ][gc,phases   ] GC(244)   Merge Heap Roots: 13.4ms
[2025-10-15T05:35:06.630-0700][1246 ][info ][gc,phases   ] GC(244)   Evacuate Collection Set: 152.0ms
[2025-10-15T05:35:06.630-0700][1246 ][info ][gc,phases   ] GC(244)   Merge Optional Heap Roots: 1.1ms
[2025-10-15T05:35:06.630-0700][1246 ][info ][gc,phases   ] GC(244)   Evacuate Optional Collection Set: 6.3ms
[2025-10-15T05:35:06.630-0700][1246 ][info ][gc,phases   ] GC(244)   Post Evacuate Collection Set: 18.6ms
[2025-10-15T05:35:06.630-0700][1246 ][info ][gc,phases   ] GC(244)   Other: 0.2ms
[2025-10-15T05:35:06.630-0700][1246 ][debug][gc,remset   ] GC(244) Coarsening (recent): Inline->AoC 38674 (0) AoC->Howl 158 (0) Howl->Full 0 (0) Inline->AoC 911 (0) AoC->BitMap 51 (0) BitMap->Full 0 (0) 
[2025-10-15T05:35:06.630-0700][1246 ][debug][gc,remset   ] GC(244) Coarsening (all): Inline->AoC 6672304 (155) AoC->Howl 156970 (398) Howl->Full 0 (0) Inline->AoC 640320 (107) AoC->BitMap 167990 (285) BitMap->Full 2 (0) 
[2025-10-15T05:35:06.630-0700][1246 ][info ][gc,heap     ] GC(244) Eden regions: 3239->0(1995)
[2025-10-15T05:35:06.630-0700][1246 ][info ][gc,heap     ] GC(244) Survivor regions: 217->253(432)
[2025-10-15T05:35:06.630-0700][1246 ][info ][gc,heap     ] GC(244) Old regions: 1283->982
[2025-10-15T05:35:06.630-0700][1246 ][info ][gc,heap     ] GC(244) Humongous regions: 13->0
[2025-10-15T05:35:06.630-0700][1246 ][info ][gc,metaspace] GC(244) Metaspace: 317826K(323968K)->317826K(323968K) NonClass: 280736K(284032K)->280736K(284032K) Class: 37089K(39936K)->37089K(39936K)
[2025-10-15T05:35:06.630-0700][1246 ][info ][gc          ] GC(244) Pause Young (Mixed) (G1 Evacuation Pause) 152044M->39488M(184320M) 192.738ms
[2025-10-15T05:35:06.631-0700][1246 ][info ][gc,cpu      ] GC(244) User=18.29s Sys=0.54s Real=0.20s
[2025-10-15T05:35:06.632-0700][1246 ][info ][safepoint   ] Safepoint "G1CollectForAllocation", Time since last: 2923513428 ns, Reaching safepoint: 863651 ns, Cleanup: 6160 ns, At safepoint: 196143042 ns, Total: 197012853 ns
[2025-10-15T05:35:07.639-0700][1246 ][info ][safepoint   ] Safepoint "Cleanup", Time since last: 1000083594 ns, Reaching safepoint: 6106443 ns, Cleanup: 18298 ns, At safepoint: 1052065 ns, Total: 7176806 ns
[2025-10-15T05:35:08.641-0700][1246 ][info ][safepoint   ] Safepoint "Cleanup", Time since last: 1000120600 ns, Reaching safepoint: 756219 ns, Cleanup: 22765 ns, At safepoint: 596929 ns, Total: 1375913 ns
[2025-10-15T05:35:12.642-0700][1246 ][info ][safepoint   ] Safepoint "Cleanup", Time since last: 4000279362 ns, Reaching safepoint: 1008990 ns, Cleanup: 16205 ns, At safepoint: 343377 ns, Total: 1368572 ns
[2025-10-15T05:35:13.644-0700][1246 ][info ][safepoint   ] Safepoint "Cleanup", Time since last: 1000097064 ns, Reaching safepoint: 866095 ns, Cleanup: 17907 ns, At safepoint: 524381 ns, Total: 1408383 ns
[2025-10-15T05:35:16.347-0700][1246 ][info ][gc,start    ] GC(245) Pause Young (Mixed) (G1 Evacuation Pause)
[2025-10-15T05:35:16.347-0700][1246 ][info ][gc,task     ] GC(245) Using 113 workers of 113 for evacuation
[2025-10-15T05:35:16.360-0700][1246 ][debug][gc,remset   ] GC(245) Visited cards 11403008 Total dirty 59113472 (19.29%) Total old 427819008 (2.67%)
[2025-10-15T05:35:16.554-0700][1246 ][info ][gc,mmu      ] GC(245) MMU target violated: 201.0ms (200.0ms/201.0ms)
[2025-10-15T05:35:16.554-0700][1246 ][info ][gc,phases   ] GC(245)   Pre Evacuate Collection Set: 0.8ms
[2025-10-15T05:35:16.554-0700][1246 ][info ][gc,phases   ] GC(245)   Merge Heap Roots: 12.5ms
[2025-10-15T05:35:16.554-0700][1246 ][info ][gc,phases   ] GC(245)   Evacuate Collection Set: 176.3ms
[2025-10-15T05:35:16.554-0700][1246 ][info ][gc,phases   ] GC(245)   Post Evacuate Collection Set: 17.4ms
[2025-10-15T05:35:16.554-0700][1246 ][info ][gc,phases   ] GC(245)   Other: 0.2ms
[2025-10-15T05:35:16.554-0700][1246 ][debug][gc,remset   ] GC(245) Coarsening (recent): Inline->AoC 37153 (0) AoC->Howl 256 (0) Howl->Full 0 (0) Inline->AoC 1080 (0) AoC->BitMap 150 (0) BitMap->Full 0 (0) 
[2025-10-15T05:35:16.554-0700][1246 ][debug][gc,remset   ] GC(245) Coarsening (all): Inline->AoC 6709457 (155) AoC->Howl 157226 (398) Howl->Full 0 (0) Inline->AoC 641400 (107) AoC->BitMap 168140 (285) BitMap->Full 2 (0) 
[2025-10-15T05:35:16.554-0700][1246 ][info ][gc,heap     ] GC(245) Eden regions: 2474->0(2171)
[2025-10-15T05:35:16.554-0700][1246 ][info ][gc,heap     ] GC(245) Survivor regions: 253->230(341)
[2025-10-15T05:35:16.554-0700][1246 ][info ][gc,heap     ] GC(245) Old regions: 982->984
[2025-10-15T05:35:16.554-0700][1246 ][info ][gc,heap     ] GC(245) Humongous regions: 12->0
[2025-10-15T05:35:16.554-0700][1246 ][info ][gc,metaspace] GC(245) Metaspace: 317834K(323968K)->317834K(323968K) NonClass: 280743K(284032K)->280743K(284032K) Class: 37090K(39936K)->37090K(39936K)
[2025-10-15T05:35:16.554-0700][1246 ][info ][gc          ] GC(245) Pause Young (Mixed) (G1 Evacuation Pause) 119040M->38828M(184320M) 207.383ms
[2025-10-15T05:35:16.556-0700][1246 ][info ][gc,cpu      ] GC(245) User=20.63s Sys=0.17s Real=0.21s
[2025-10-15T05:35:16.557-0700][1246 ][info ][safepoint   ] Safepoint "G1CollectForAllocation", Time since last: 2701167924 ns, Reaching safepoint: 900407 ns, Cleanup: 4687 ns, At safepoint: 210884540 ns, Total: 211789634 ns
[2025-10-15T05:35:17.558-0700][1246 ][info ][safepoint   ] Safepoint "Cleanup", Time since last: 1000089974 ns, Reaching safepoint: 775198 ns, Cleanup: 10996 ns, At safepoint: 278170 ns, Total: 1064364 ns
[2025-10-15T05:35:19.559-0700][1246 ][info ][safepoint   ] Safepoint "Cleanup", Time since last: 2000154127 ns, Reaching safepoint: 914048 ns, Cleanup: 11998 ns, At safepoint: 316627 ns, Total: 1242673 ns
[2025-10-15T05:35:20.561-0700][1246 ][info ][safepoint   ] Safepoint "Cleanup", Time since last: 1000101551 ns, Reaching safepoint: 911694 ns, Cleanup: 10596 ns, At safepoint: 693855 ns, Total: 1616145 ns
[2025-10-15T05:35:23.831-0700][1246 ][info ][gc,start    ] GC(246) Pause Young (Mixed) (G1 Evacuation Pause)
[2025-10-15T05:35:23.831-0700][1246 ][info ][gc,task     ] GC(246) Using 113 workers of 113 for evacuation
[2025-10-15T05:35:23.845-0700][1246 ][debug][gc,remset   ] GC(246) Visited cards 12407296 Total dirty 59637760 (20.80%) Total old 412745728 (3.01%)
[2025-10-15T05:35:24.024-0700][1246 ][info ][gc,phases   ] GC(246)   Pre Evacuate Collection Set: 0.8ms
[2025-10-15T05:35:24.024-0700][1246 ][info ][gc,phases   ] GC(246)   Merge Heap Roots: 13.0ms
[2025-10-15T05:35:24.024-0700][1246 ][info ][gc,phases   ] GC(246)   Evacuate Collection Set: 161.3ms
[2025-10-15T05:35:24.024-0700][1246 ][info ][gc,phases   ] GC(246)   Post Evacuate Collection Set: 17.3ms
[2025-10-15T05:35:24.024-0700][1246 ][info ][gc,phases   ] GC(246)   Other: 0.2ms
[2025-10-15T05:35:24.024-0700][1246 ][debug][gc,remset   ] GC(246) Coarsening (recent): Inline->AoC 46035 (0) AoC->Howl 584 (0) Howl->Full 0 (0) Inline->AoC 1750 (0) AoC->BitMap 491 (2) BitMap->Full 0 (0) 
[2025-10-15T05:35:24.024-0700][1246 ][debug][gc,remset   ] GC(246) Coarsening (all): Inline->AoC 6755492 (155) AoC->Howl 157810 (398) Howl->Full 0 (0) Inline->AoC 643150 (107) AoC->BitMap 168631 (287) BitMap->Full 2 (0) 
[2025-10-15T05:35:24.024-0700][1246 ][info ][gc,heap     ] GC(246) Eden regions: 2379->0(2972)
[2025-10-15T05:35:24.024-0700][1246 ][info ][gc,heap     ] GC(246) Survivor regions: 230->192(327)
[2025-10-15T05:35:24.024-0700][1246 ][info ][gc,heap     ] GC(246) Old regions: 984->998
[2025-10-15T05:35:24.024-0700][1246 ][info ][gc,heap     ] GC(246) Humongous regions: 16->0
[2025-10-15T05:35:24.024-0700][1246 ][info ][gc,metaspace] GC(246) Metaspace: 317843K(323968K)->317843K(323968K) NonClass: 280752K(284032K)->280752K(284032K) Class: 37091K(39936K)->37091K(39936K)
[2025-10-15T05:35:24.024-0700][1246 ][info ][gc          ] GC(246) Pause Young (Mixed) (G1 Evacuation Pause) 115468M->38047M(184320M) 192.802ms
[2025-10-15T05:35:24.025-0700][1246 ][info ][gc,cpu      ] GC(246) User=19.03s Sys=0.29s Real=0.19s
[2025-10-15T05:35:24.026-0700][1246 ][info ][safepoint   ] Safepoint "G1CollectForAllocation", Time since last: 3267834454 ns, Reaching safepoint: 967588 ns, Cleanup: 14191 ns, At safepoint: 196210375 ns, Total: 197192154 ns
[2025-10-15T05:35:26.027-0700][1246 ][info ][safepoint   ] Safepoint "Cleanup", Time since last: 2000129460 ns, Reaching safepoint: 751232 ns, Cleanup: 10296 ns, At safepoint: 191648 ns, Total: 953176 ns
[2025-10-15T05:35:27.028-0700][1246 ][info ][safepoint   ] Safepoint "Cleanup", Time since last: 1000115412 ns, Reaching safepoint: 717311 ns, Cleanup: 16665 ns, At safepoint: 243978 ns, Total: 977954 ns
[2025-10-15T05:35:34.047-0700][1246 ][info ][safepoint   ] Safepoint "Cleanup", Time since last: 7000460116 ns, Reaching safepoint: 15593181 ns, Cleanup: 16235 ns, At safepoint: 2389801 ns, Total: 17999217 ns
[2025-10-15T05:35:37.223-0700][1246 ][info ][gc,start    ] GC(247) Pause Young (Mixed) (G1 Evacuation Pause)
[2025-10-15T05:35:37.223-0700][1246 ][info ][gc,task     ] GC(247) Using 113 workers of 113 for evacuation
[2025-10-15T05:35:37.237-0700][1246 ][debug][gc,remset   ] GC(247) Visited cards 15340032 Total dirty 59899904 (25.61%) Total old 510328832 (3.01%)
[2025-10-15T05:35:37.420-0700][1246 ][info ][gc,phases   ] GC(247)   Pre Evacuate Collection Set: 0.7ms
[2025-10-15T05:35:37.420-0700][1246 ][info ][gc,phases   ] GC(247)   Merge Heap Roots: 13.7ms
[2025-10-15T05:35:37.420-0700][1246 ][info ][gc,phases   ] GC(247)   Evacuate Collection Set: 165.0ms
[2025-10-15T05:35:37.420-0700][1246 ][info ][gc,phases   ] GC(247)   Post Evacuate Collection Set: 17.4ms
[2025-10-15T05:35:37.420-0700][1246 ][info ][gc,phases   ] GC(247)   Other: 0.2ms
[2025-10-15T05:35:37.420-0700][1246 ][debug][gc,remset   ] GC(247) Coarsening (recent): Inline->AoC 49300 (0) AoC->Howl 536 (0) Howl->Full 0 (0) Inline->AoC 1434 (0) AoC->BitMap 445 (0) BitMap->Full 0 (0) 
[2025-10-15T05:35:37.420-0700][1246 ][debug][gc,remset   ] GC(247) Coarsening (all): Inline->AoC 6804792 (155) AoC->Howl 158346 (398) Howl->Full 0 (0) Inline->AoC 644584 (107) AoC->BitMap 169076 (287) BitMap->Full 2 (0) 
[2025-10-15T05:35:37.420-0700][1246 ][info ][gc,heap     ] GC(247) Eden regions: 3158->0(379)
[2025-10-15T05:35:37.420-0700][1246 ][info ][gc,heap     ] GC(247) Survivor regions: 192->261(419)
[2025-10-15T05:35:37.420-0700][1246 ][info ][gc,heap     ] GC(247) Old regions: 998->938
[2025-10-15T05:35:37.420-0700][1246 ][info ][gc,heap     ] GC(247) Humongous regions: 9->0
[2025-10-15T05:35:37.420-0700][1246 ][info ][gc,metaspace] GC(247) Metaspace: 317892K(324032K)->317892K(324032K) NonClass: 280800K(284096K)->280800K(284096K) Class: 37092K(39936K)->37092K(39936K)
[2025-10-15T05:35:37.420-0700][1246 ][info ][gc          ] GC(247) Pause Young (Mixed) (G1 Evacuation Pause) 139391M->38324M(184320M) 197.155ms
[2025-10-15T05:35:37.421-0700][1246 ][info ][gc,cpu      ] GC(247) User=19.37s Sys=0.45s Real=0.20s
[2025-10-15T05:35:37.422-0700][1246 ][info ][safepoint   ] Safepoint "G1CollectForAllocation", Time since last: 3174160896 ns, Reaching safepoint: 874187 ns, Cleanup: 5048 ns, At safepoint: 200450585 ns, Total: 201329820 ns
[2025-10-15T05:35:42.060-0700][1246 ][info ][gc,start    ] GC(248) Pause Young (Mixed) (G1 Evacuation Pause)
[2025-10-15T05:35:42.060-0700][1246 ][info ][gc,task     ] GC(248) Using 113 workers of 113 for evacuation
[2025-10-15T05:35:42.073-0700][1246 ][debug][gc,remset   ] GC(248) Visited cards 15191040 Total dirty 55967744 (27.14%) Total old 215678976 (7.04%)
[2025-10-15T05:35:42.260-0700][1246 ][info ][gc,phases   ] GC(248)   Pre Evacuate Collection Set: 0.7ms
[2025-10-15T05:35:42.260-0700][1246 ][info ][gc,phases   ] GC(248)   Merge Heap Roots: 12.1ms
[2025-10-15T05:35:42.260-0700][1246 ][info ][gc,phases   ] GC(248)   Evacuate Collection Set: 179.7ms
[2025-10-15T05:35:42.260-0700][1246 ][info ][gc,phases   ] GC(248)   Post Evacuate Collection Set: 7.2ms
[2025-10-15T05:35:42.260-0700][1246 ][info ][gc,phases   ] GC(248)   Other: 0.1ms
[2025-10-15T05:35:42.260-0700][1246 ][debug][gc,remset   ] GC(248) Coarsening (recent): Inline->AoC 26468 (0) AoC->Howl 186 (0) Howl->Full 0 (0) Inline->AoC 735 (0) AoC->BitMap 130 (0) BitMap->Full 0 (0) 
[2025-10-15T05:35:42.260-0700][1246 ][debug][gc,remset   ] GC(248) Coarsening (all): Inline->AoC 6831260 (155) AoC->Howl 158532 (398) Howl->Full 0 (0) Inline->AoC 645319 (107) AoC->BitMap 169206 (287) BitMap->Full 2 (0) 
[2025-10-15T05:35:42.260-0700][1246 ][info ][gc,heap     ] GC(248) Eden regions: 874->0(3392)
[2025-10-15T05:35:42.260-0700][1246 ][info ][gc,heap     ] GC(248) Survivor regions: 261->64(142)
[2025-10-15T05:35:42.260-0700][1246 ][info ][gc,heap     ] GC(248) Old regions: 938->1086
[2025-10-15T05:35:42.260-0700][1246 ][info ][gc,heap     ] GC(248) Humongous regions: 3->0
[2025-10-15T05:35:42.260-0700][1246 ][info ][gc,metaspace] GC(248) Metaspace: 317892K(324032K)->317892K(324032K) NonClass: 280800K(284096K)->280800K(284096K) Class: 37092K(39936K)->37092K(39936K)
[2025-10-15T05:35:42.260-0700][1246 ][info ][gc          ] GC(248) Pause Young (Mixed) (G1 Evacuation Pause) 66388M->36780M(184320M) 199.955ms
[2025-10-15T05:35:42.261-0700][1246 ][info ][gc,cpu      ] GC(248) User=17.62s Sys=0.12s Real=0.20s
[2025-10-15T05:35:42.262-0700][1246 ][info ][safepoint   ] Safepoint "G1CollectForAllocation", Time since last: 4635676185 ns, Reaching safepoint: 990653 ns, Cleanup: 18378 ns, At safepoint: 203470806 ns, Total: 204479837 ns
[2025-10-15T05:35:43.263-0700][1246 ][info ][safepoint   ] Safepoint "Cleanup", Time since last: 1000083103 ns, Reaching safepoint: 724873 ns, Cleanup: 12118 ns, At safepoint: 148694 ns, Total: 885685 ns
[2025-10-15T05:35:51.265-0700][1246 ][info ][safepoint   ] Safepoint "Cleanup", Time since last: 8000528034 ns, Reaching safepoint: 866366 ns, Cleanup: 11837 ns, At safepoint: 233603 ns, Total: 1111806 ns
[2025-10-15T05:35:55.267-0700][1246 ][info ][safepoint   ] Safepoint "Cleanup", Time since last: 4000248004 ns, Reaching safepoint: 926596 ns, Cleanup: 13962 ns, At safepoint: 644621 ns, Total: 1585179 ns
[2025-10-15T05:35:55.911-0700][1246 ][info ][gc,start    ] GC(249) Pause Young (Mixed) (G1 Evacuation Pause)
[2025-10-15T05:35:55.911-0700][1246 ][info ][gc,task     ] GC(249) Using 113 workers of 113 for evacuation
[2025-10-15T05:35:55.927-0700][1246 ][debug][gc,remset   ] GC(249) Visited cards 11037184 Total dirty 69926912 (15.78%) Total old 526057472 (2.10%)
[2025-10-15T05:35:56.033-0700][1246 ][info ][gc,phases   ] GC(249)   Pre Evacuate Collection Set: 0.9ms
[2025-10-15T05:35:56.033-0700][1246 ][info ][gc,phases   ] GC(249)   Merge Heap Roots: 15.0ms
[2025-10-15T05:35:56.033-0700][1246 ][info ][gc,phases   ] GC(249)   Evacuate Collection Set: 95.6ms
[2025-10-15T05:35:56.033-0700][1246 ][info ][gc,phases   ] GC(249)   Post Evacuate Collection Set: 10.6ms
[2025-10-15T05:35:56.033-0700][1246 ][info ][gc,phases   ] GC(249)   Other: 0.2ms
[2025-10-15T05:35:56.033-0700][1246 ][debug][gc,remset   ] GC(249) Coarsening (recent): Inline->AoC 9934 (0) AoC->Howl 8 (0) Howl->Full 0 (0) Inline->AoC 31 (0) AoC->BitMap 7 (0) BitMap->Full 0 (0) 
[2025-10-15T05:35:56.033-0700][1246 ][debug][gc,remset   ] GC(249) Coarsening (all): Inline->AoC 6841194 (155) AoC->Howl 158540 (398) Howl->Full 0 (0) Inline->AoC 645350 (107) AoC->BitMap 169213 (287) BitMap->Full 2 (0) 
[2025-10-15T05:35:56.033-0700][1246 ][info ][gc,heap     ] GC(249) Eden regions: 3392->0(3337)
[2025-10-15T05:35:56.033-0700][1246 ][info ][gc,heap     ] GC(249) Survivor regions: 64->119(432)
[2025-10-15T05:35:56.033-0700][1246 ][info ][gc,heap     ] GC(249) Old regions: 1086->1103
[2025-10-15T05:35:56.033-0700][1246 ][info ][gc,heap     ] GC(249) Humongous regions: 18->0
[2025-10-15T05:35:56.033-0700][1246 ][info ][gc,metaspace] GC(249) Metaspace: 317966K(324096K)->317966K(324096K) NonClass: 280863K(284160K)->280863K(284160K) Class: 37102K(39936K)->37102K(39936K)
[2025-10-15T05:35:56.033-0700][1246 ][info ][gc          ] GC(249) Pause Young (Mixed) (G1 Evacuation Pause) 145900M->39067M(184320M) 122.472ms
[2025-10-15T05:35:56.034-0700][1246 ][info ][gc,cpu      ] GC(249) User=11.03s Sys=0.05s Real=0.12s
[2025-10-15T05:35:56.036-0700][1246 ][info ][safepoint   ] Safepoint "G1CollectForAllocation", Time since last: 641589641 ns, Reaching safepoint: 1024765 ns, Cleanup: 12028 ns, At safepoint: 126091775 ns, Total: 127128568 ns
[2025-10-15T05:36:02.535-0700][1246 ][info ][safepoint   ] Safepoint "Cleanup", Time since last: 6498150788 ns, Reaching safepoint: 872214 ns, Cleanup: 14943 ns, At safepoint: 181373 ns, Total: 1068530 ns
[2025-10-15T05:36:04.539-0700][1246 ][info ][safepoint   ] Safepoint "Cleanup", Time since last: 2000164894 ns, Reaching safepoint: 2907872 ns, Cleanup: 17176 ns, At safepoint: 689469 ns, Total: 3614517 ns
[2025-10-15T05:36:07.547-0700][1246 ][info ][safepoint   ] Safepoint "Cleanup", Time since last: 3000237782 ns, Reaching safepoint: 6096167 ns, Cleanup: 17557 ns, At safepoint: 1838661 ns, Total: 7952385 ns
[2025-10-15T05:36:10.927-0700][1246 ][info ][gc,start    ] GC(250) Pause Young (Normal) (G1 Evacuation Pause)
[2025-10-15T05:36:10.927-0700][1246 ][info ][gc,task     ] GC(250) Using 113 workers of 113 for evacuation
[2025-10-15T05:36:10.941-0700][1246 ][debug][gc,remset   ] GC(250) Visited cards 9258496 Total dirty 68943872 (13.43%) Total old 526450688 (1.76%)
[2025-10-15T05:36:11.060-0700][1246 ][info ][gc,phases   ] GC(250)   Pre Evacuate Collection Set: 0.7ms
[2025-10-15T05:36:11.060-0700][1246 ][info ][gc,phases   ] GC(250)   Merge Heap Roots: 13.4ms
[2025-10-15T05:36:11.060-0700][1246 ][info ][gc,phases   ] GC(250)   Evacuate Collection Set: 104.8ms
[2025-10-15T05:36:11.060-0700][1246 ][info ][gc,phases   ] GC(250)   Post Evacuate Collection Set: 13.7ms
[2025-10-15T05:36:11.060-0700][1246 ][info ][gc,phases   ] GC(250)   Other: 0.2ms
[2025-10-15T05:36:11.060-0700][1246 ][debug][gc,remset   ] GC(250) Coarsening (recent): Inline->AoC 31210 (0) AoC->Howl 59 (0) Howl->Full 0 (0) Inline->AoC 273 (0) AoC->BitMap 23 (0) BitMap->Full 0 (0) 
[2025-10-15T05:36:11.060-0700][1246 ][debug][gc,remset   ] GC(250) Coarsening (all): Inline->AoC 6872404 (155) AoC->Howl 158599 (398) Howl->Full 0 (0) Inline->AoC 645623 (107) AoC->BitMap 169236 (287) BitMap->Full 2 (0) 
[2025-10-15T05:36:11.060-0700][1246 ][info ][gc,heap     ] GC(250) Eden regions: 3337->0(3302)
[2025-10-15T05:36:11.060-0700][1246 ][info ][gc,heap     ] GC(250) Survivor regions: 119->154(432)
[2025-10-15T05:36:11.060-0700][1246 ][info ][gc,heap     ] GC(250) Old regions: 1103->1103
[2025-10-15T05:36:11.060-0700][1246 ][info ][gc,heap     ] GC(250) Humongous regions: 18->0
[2025-10-15T05:36:11.060-0700][1246 ][info ][gc,metaspace] GC(250) Metaspace: 317982K(324160K)->317982K(324160K) NonClass: 280878K(284224K)->280878K(284224K) Class: 37103K(39936K)->37103K(39936K)
[2025-10-15T05:36:11.060-0700][1246 ][info ][gc          ] GC(250) Pause Young (Normal) (G1 Evacuation Pause) 146427M->40188M(184320M) 132.862ms
[2025-10-15T05:36:11.061-0700][1246 ][info ][gc,cpu      ] GC(250) User=12.32s Sys=0.19s Real=0.14s
[2025-10-15T05:36:11.062-0700][1246 ][info ][safepoint   ] Safepoint "G1CollectForAllocation", Time since last: 3378305824 ns, Reaching safepoint: 915821 ns, Cleanup: 6299 ns, At safepoint: 136317957 ns, Total: 137240077 ns
[2025-10-15T05:36:14.064-0700][1246 ][info ][safepoint   ] Safepoint "Cleanup", Time since last: 3000204281 ns, Reaching safepoint: 906446 ns, Cleanup: 12299 ns, At safepoint: 225590 ns, Total: 1144335 ns
[2025-10-15T05:36:15.065-0700][1246 ][info ][safepoint   ] Safepoint "Cleanup", Time since last: 1000098937 ns, Reaching safepoint: 777732 ns, Cleanup: 16725 ns, At safepoint: 224458 ns, Total: 1018915 ns
[2025-10-15T05:36:18.069-0700][1246 ][info ][safepoint   ] Safepoint "Cleanup", Time since last: 3000230811 ns, Reaching safepoint: 2997598 ns, Cleanup: 13440 ns, At safepoint: 559934 ns, Total: 3570972 ns
[2025-10-15T05:36:19.070-0700][1246 ][info ][safepoint   ] Safepoint "Cleanup", Time since last: 1000100199 ns, Reaching safepoint: 769389 ns, Cleanup: 9955 ns, At safepoint: 502908 ns, Total: 1282252 ns
[2025-10-15T05:36:20.071-0700][1246 ][info ][safepoint   ] Safepoint "Cleanup", Time since last: 1000104916 ns, Reaching safepoint: 846175 ns, Cleanup: 29775 ns, At safepoint: 559313 ns, Total: 1435263 ns
[2025-10-15T05:36:21.073-0700][1246 ][info ][safepoint   ] Safepoint "Cleanup", Time since last: 1000099948 ns, Reaching safepoint: 805134 ns, Cleanup: 14652 ns, At safepoint: 622548 ns, Total: 1442334 ns
[2025-10-15T05:36:22.076-0700][1246 ][info ][safepoint   ] Safepoint "Cleanup", Time since last: 1000112798 ns, Reaching safepoint: 1080899 ns, Cleanup: 28533 ns, At safepoint: 2061557 ns, Total: 3170989 ns
[2025-10-15T05:36:23.482-0700][1246 ][info ][gc,start    ] GC(251) Pause Young (Normal) (G1 Evacuation Pause)
[2025-10-15T05:36:23.482-0700][1246 ][info ][gc,task     ] GC(251) Using 113 workers of 113 for evacuation
[2025-10-15T05:36:23.496-0700][1246 ][debug][gc,remset   ] GC(251) Visited cards 9334528 Total dirty 69337088 (13.46%) Total old 526254080 (1.77%)
[2025-10-15T05:36:23.654-0700][1246 ][info ][gc,phases   ] GC(251)   Pre Evacuate Collection Set: 0.7ms
[2025-10-15T05:36:23.654-0700][1246 ][info ][gc,phases   ] GC(251)   Merge Heap Roots: 13.7ms
[2025-10-15T05:36:23.654-0700][1246 ][info ][gc,phases   ] GC(251)   Evacuate Collection Set: 142.6ms
[2025-10-15T05:36:23.654-0700][1246 ][info ][gc,phases   ] GC(251)   Post Evacuate Collection Set: 14.9ms
[2025-10-15T05:36:23.654-0700][1246 ][info ][gc,phases   ] GC(251)   Other: 0.2ms
[2025-10-15T05:36:23.654-0700][1246 ][debug][gc,remset   ] GC(251) Coarsening (recent): Inline->AoC 34123 (9) AoC->Howl 103 (3) Howl->Full 0 (0) Inline->AoC 458 (1) AoC->BitMap 76 (8) BitMap->Full 0 (0) 
[2025-10-15T05:36:23.654-0700][1246 ][debug][gc,remset   ] GC(251) Coarsening (all): Inline->AoC 6906527 (164) AoC->Howl 158702 (401) Howl->Full 0 (0) Inline->AoC 646081 (108) AoC->BitMap 169312 (295) BitMap->Full 2 (0) 
[2025-10-15T05:36:23.654-0700][1246 ][info ][gc,heap     ] GC(251) Eden regions: 3302->0(2290)
[2025-10-15T05:36:23.654-0700][1246 ][info ][gc,heap     ] GC(251) Survivor regions: 154->232(432)
[2025-10-15T05:36:23.654-0700][1246 ][info ][gc,heap     ] GC(251) Old regions: 1103->1103
[2025-10-15T05:36:23.654-0700][1246 ][info ][gc,heap     ] GC(251) Humongous regions: 15->0
[2025-10-15T05:36:23.654-0700][1246 ][info ][gc,metaspace] GC(251) Metaspace: 318040K(324288K)->318040K(324288K) NonClass: 280927K(284288K)->280927K(284288K) Class: 37112K(40000K)->37112K(40000K)
[2025-10-15T05:36:23.654-0700][1246 ][info ][gc          ] GC(251) Pause Young (Normal) (G1 Evacuation Pause) 146332M->42701M(184320M) 172.119ms
[2025-10-15T05:36:23.655-0700][1246 ][info ][gc,cpu      ] GC(251) User=17.24s Sys=0.20s Real=0.17s
[2025-10-15T05:36:23.656-0700][1246 ][info ][safepoint   ] Safepoint "G1CollectForAllocation", Time since last: 1403524967 ns, Reaching safepoint: 877312 ns, Cleanup: 4858 ns, At safepoint: 175597666 ns, Total: 176479836 ns
[2025-10-15T05:36:24.658-0700][1246 ][info ][safepoint   ] Safepoint "Cleanup", Time since last: 1000089142 ns, Reaching safepoint: 927728 ns, Cleanup: 10035 ns, At safepoint: 253332 ns, Total: 1191095 ns
[2025-10-15T05:36:26.659-0700][1246 ][info ][safepoint   ] Safepoint "Cleanup", Time since last: 2000173707 ns, Reaching safepoint: 721648 ns, Cleanup: 18037 ns, At safepoint: 106691 ns, Total: 846376 ns
[2025-10-15T05:36:27.660-0700][1246 ][info ][safepoint   ] Safepoint "Cleanup", Time since last: 1000101741 ns, Reaching safepoint: 921559 ns, Cleanup: 13911 ns, At safepoint: 766605 ns, Total: 1702075 ns
[2025-10-15T05:36:28.678-0700][1246 ][info ][safepoint   ] Safepoint "Cleanup", Time since last: 1000109222 ns, Reaching safepoint: 14539072 ns, Cleanup: 15694 ns, At safepoint: 2656734 ns, Total: 17211500 ns
[2025-10-15T05:36:29.681-0700][1246 ][info ][safepoint   ] Safepoint "Cleanup", Time since last: 1000130504 ns, Reaching safepoint: 922871 ns, Cleanup: 11608 ns, At safepoint: 2088017 ns, Total: 3022496 ns
[2025-10-15T05:36:31.700-0700][1246 ][info ][safepoint   ] Safepoint "Cleanup", Time since last: 2000253888 ns, Reaching safepoint: 16442601 ns, Cleanup: 42143 ns, At safepoint: 2609082 ns, Total: 19093826 ns
[2025-10-15T05:36:32.703-0700][1246 ][info ][safepoint   ] Safepoint "Cleanup", Time since last: 1000120960 ns, Reaching safepoint: 1029201 ns, Cleanup: 14022 ns, At safepoint: 1334911 ns, Total: 2378134 ns
[2025-10-15T05:36:33.680-0700][1246 ][info ][gc,start    ] GC(252) Pause Young (Normal) (G1 Evacuation Pause)
[2025-10-15T05:36:33.680-0700][1246 ][info ][gc,task     ] GC(252) Using 113 workers of 113 for evacuation
[2025-10-15T05:36:33.694-0700][1246 ][debug][gc,remset   ] GC(252) Visited cards 9357824 Total dirty 69337088 (13.50%) Total old 444071936 (2.11%)
[2025-10-15T05:36:33.869-0700][1246 ][info ][gc,phases   ] GC(252)   Pre Evacuate Collection Set: 0.7ms
[2025-10-15T05:36:33.869-0700][1246 ][info ][gc,phases   ] GC(252)   Merge Heap Roots: 13.2ms
[2025-10-15T05:36:33.869-0700][1246 ][info ][gc,phases   ] GC(252)   Evacuate Collection Set: 160.1ms
[2025-10-15T05:36:33.869-0700][1246 ][info ][gc,phases   ] GC(252)   Post Evacuate Collection Set: 14.4ms
[2025-10-15T05:36:33.869-0700][1246 ][info ][gc,phases   ] GC(252)   Other: 0.2ms
[2025-10-15T05:36:33.869-0700][1246 ][debug][gc,remset   ] GC(252) Coarsening (recent): Inline->AoC 33568 (1) AoC->Howl 114 (0) Howl->Full 0 (0) Inline->AoC 483 (0) AoC->BitMap 68 (0) BitMap->Full 0 (0) 
[2025-10-15T05:36:33.869-0700][1246 ][debug][gc,remset   ] GC(252) Coarsening (all): Inline->AoC 6940095 (165) AoC->Howl 158816 (401) Howl->Full 0 (0) Inline->AoC 646564 (108) AoC->BitMap 169380 (295) BitMap->Full 2 (0) 
[2025-10-15T05:36:33.869-0700][1246 ][info ][gc,heap     ] GC(252) Eden regions: 2596->0(3009)
[2025-10-15T05:36:33.869-0700][1246 ][info ][gc,heap     ] GC(252) Survivor regions: 232->208(354)
[2025-10-15T05:36:33.869-0700][1246 ][info ][gc,heap     ] GC(252) Old regions: 1103->1171
[2025-10-15T05:36:33.869-0700][1246 ][info ][gc,heap     ] GC(252) Humongous regions: 17->0
[2025-10-15T05:36:33.869-0700][1246 ][info ][gc,metaspace] GC(252) Metaspace: 318044K(324288K)->318044K(324288K) NonClass: 280931K(284288K)->280931K(284288K) Class: 37112K(40000K)->37112K(40000K)
[2025-10-15T05:36:33.869-0700][1246 ][info ][gc          ] GC(252) Pause Young (Normal) (G1 Evacuation Pause) 126317M->44100M(184320M) 188.721ms
[2025-10-15T05:36:33.870-0700][1246 ][info ][gc,cpu      ] GC(252) User=18.44s Sys=0.23s Real=0.19s
[2025-10-15T05:36:33.871-0700][1246 ][info ][safepoint   ] Safepoint "G1CollectForAllocation", Time since last: 975030546 ns, Reaching safepoint: 1066357 ns, Cleanup: 20171 ns, At safepoint: 192310124 ns, Total: 193396652 ns
[2025-10-15T05:36:34.873-0700][1246 ][info ][safepoint   ] Safepoint "Cleanup", Time since last: 1000079948 ns, Reaching safepoint: 1449144 ns, Cleanup: 12218 ns, At safepoint: 156877 ns, Total: 1618239 ns
[2025-10-15T05:36:36.874-0700][1246 ][info ][safepoint   ] Safepoint "Cleanup", Time since last: 2000163762 ns, Reaching safepoint: 912605 ns, Cleanup: 25409 ns, At safepoint: 190867 ns, Total: 1128881 ns
[2025-10-15T05:36:37.876-0700][1246 ][info ][safepoint   ] Safepoint "Cleanup", Time since last: 1000091205 ns, Reaching safepoint: 970733 ns, Cleanup: 49615 ns, At safepoint: 479753 ns, Total: 1500101 ns
[2025-10-15T05:36:38.878-0700][1246 ][info ][safepoint   ] Safepoint "Cleanup", Time since last: 1000108461 ns, Reaching safepoint: 852315 ns, Cleanup: 12929 ns, At safepoint: 833827 ns, Total: 1699071 ns
[2025-10-15T05:36:41.879-0700][1246 ][info ][safepoint   ] Safepoint "Cleanup", Time since last: 3000223910 ns, Reaching safepoint: 784363 ns, Cleanup: 13360 ns, At safepoint: 210477 ns, Total: 1008200 ns
[2025-10-15T05:36:42.881-0700][1246 ][info ][safepoint   ] Safepoint "Cleanup", Time since last: 1000108211 ns, Reaching safepoint: 1468653 ns, Cleanup: 20401 ns, At safepoint: 703320 ns, Total: 2192374 ns
[2025-10-15T05:36:43.883-0700][1246 ][info ][safepoint   ] Safepoint "Cleanup", Time since last: 1000095752 ns, Reaching safepoint: 794057 ns, Cleanup: 12478 ns, At safepoint: 966687 ns, Total: 1773222 ns
[2025-10-15T05:36:45.886-0700][1246 ][info ][safepoint   ] Safepoint "Cleanup", Time since last: 2000167758 ns, Reaching safepoint: 1130044 ns, Cleanup: 13049 ns, At safepoint: 1260770 ns, Total: 2403863 ns
[2025-10-15T05:36:46.194-0700][1246 ][info ][gc,start    ] GC(253) Pause Young (Normal) (G1 Evacuation Pause)
[2025-10-15T05:36:46.194-0700][1246 ][info ][gc,task     ] GC(253) Using 113 workers of 113 for evacuation
[2025-10-15T05:36:46.208-0700][1246 ][debug][gc,remset   ] GC(253) Visited cards 9574912 Total dirty 73465856 (13.03%) Total old 506855424 (1.89%)
[2025-10-15T05:36:46.369-0700][1246 ][info ][gc,phases   ] GC(253)   Pre Evacuate Collection Set: 0.8ms
[2025-10-15T05:36:46.369-0700][1246 ][info ][gc,phases   ] GC(253)   Merge Heap Roots: 13.1ms
[2025-10-15T05:36:46.369-0700][1246 ][info ][gc,phases   ] GC(253)   Evacuate Collection Set: 144.5ms
[2025-10-15T05:36:46.369-0700][1246 ][info ][gc,phases   ] GC(253)   Post Evacuate Collection Set: 15.8ms
[2025-10-15T05:36:46.369-0700][1246 ][info ][gc,phases   ] GC(253)   Other: 0.2ms
[2025-10-15T05:36:46.369-0700][1246 ][debug][gc,remset   ] GC(253) Coarsening (recent): Inline->AoC 44634 (2) AoC->Howl 155 (11) Howl->Full 0 (0) Inline->AoC 501 (3) AoC->BitMap 94 (4) BitMap->Full 0 (0) 
[2025-10-15T05:36:46.369-0700][1246 ][debug][gc,remset   ] GC(253) Coarsening (all): Inline->AoC 6984729 (167) AoC->Howl 158971 (412) Howl->Full 0 (0) Inline->AoC 647065 (111) AoC->BitMap 169474 (299) BitMap->Full 2 (0) 
[2025-10-15T05:36:46.369-0700][1246 ][info ][gc,heap     ] GC(253) Eden regions: 3067->0(2411)
[2025-10-15T05:36:46.369-0700][1246 ][info ][gc,heap     ] GC(253) Survivor regions: 208->240(410)
[2025-10-15T05:36:46.369-0700][1246 ][info ][gc,heap     ] GC(253) Old regions: 1171->1171
[2025-10-15T05:36:46.369-0700][1246 ][info ][gc,heap     ] GC(253) Humongous regions: 13->0
[2025-10-15T05:36:46.369-0700][1246 ][info ][gc,metaspace] GC(253) Metaspace: 318080K(324288K)->318080K(324288K) NonClass: 280962K(284288K)->280962K(284288K) Class: 37117K(40000K)->37117K(40000K)
[2025-10-15T05:36:46.369-0700][1246 ][info ][gc          ] GC(253) Pause Young (Normal) (G1 Evacuation Pause) 142660M->45119M(184320M) 174.515ms
[2025-10-15T05:36:46.370-0700][1246 ][info ][gc,cpu      ] GC(253) User=16.63s Sys=0.42s Real=0.18s
[2025-10-15T05:36:46.371-0700][1246 ][info ][safepoint   ] Safepoint "G1CollectForAllocation", Time since last: 294166424 ns, Reaching safepoint: 13523391 ns, Cleanup: 5038 ns, At safepoint: 178179517 ns, Total: 191707946 ns
[2025-10-15T05:36:47.372-0700][1246 ][info ][safepoint   ] Safepoint "Cleanup", Time since last: 1000091496 ns, Reaching safepoint: 763641 ns, Cleanup: 18558 ns, At safepoint: 105148 ns, Total: 887347 ns
[2025-10-15T05:36:48.374-0700][1246 ][info ][safepoint   ] Safepoint "Cleanup", Time since last: 1000100860 ns, Reaching safepoint: 907127 ns, Cleanup: 12339 ns, At safepoint: 266742 ns, Total: 1186208 ns
[2025-10-15T05:36:49.375-0700][1246 ][info ][safepoint   ] Safepoint "Cleanup", Time since last: 1000105136 ns, Reaching safepoint: 933527 ns, Cleanup: 13460 ns, At safepoint: 619564 ns, Total: 1566551 ns
[2025-10-15T05:36:50.377-0700][1246 ][info ][safepoint   ] Safepoint "Cleanup", Time since last: 1000105546 ns, Reaching safepoint: 797072 ns, Cleanup: 11627 ns, At safepoint: 577380 ns, Total: 1386079 ns
[2025-10-15T05:36:54.398-0700][1246 ][info ][safepoint   ] Safepoint "Cleanup", Time since last: 4000286646 ns, Reaching safepoint: 18771831 ns, Cleanup: 68012 ns, At safepoint: 2442862 ns, Total: 21282705 ns
[2025-10-15T05:36:55.401-0700][1246 ][info ][safepoint   ] Safepoint "Cleanup", Time since last: 1000117030 ns, Reaching safepoint: 1113868 ns, Cleanup: 48043 ns, At safepoint: 1486660 ns, Total: 2648571 ns
[2025-10-15T05:36:56.403-0700][1246 ][info ][safepoint   ] Safepoint "Cleanup", Time since last: 1000171913 ns, Reaching safepoint: 913667 ns, Cleanup: 44096 ns, At safepoint: 1112737 ns, Total: 2070500 ns
[2025-10-15T05:36:57.406-0700][1246 ][info ][safepoint   ] Safepoint "Cleanup", Time since last: 1000134026 ns, Reaching safepoint: 988499 ns, Cleanup: 54563 ns, At safepoint: 1214290 ns, Total: 2257352 ns
[2025-10-15T05:36:58.132-0700][1246 ][info ][gc,start    ] GC(254) Pause Young (Normal) (G1 Evacuation Pause)
[2025-10-15T05:36:58.132-0700][1246 ][info ][gc,task     ] GC(254) Using 113 workers of 113 for evacuation
[2025-10-15T05:36:58.145-0700][1246 ][debug][gc,remset   ] GC(254) Visited cards 9621760 Total dirty 73269248 (13.13%) Total old 444268544 (2.17%)
[2025-10-15T05:36:58.321-0700][1246 ][info ][gc,phases   ] GC(254)   Pre Evacuate Collection Set: 0.7ms
[2025-10-15T05:36:58.321-0700][1246 ][info ][gc,phases   ] GC(254)   Merge Heap Roots: 12.2ms
[2025-10-15T05:36:58.321-0700][1246 ][info ][gc,phases   ] GC(254)   Evacuate Collection Set: 161.8ms
[2025-10-15T05:36:58.321-0700][1246 ][info ][gc,phases   ] GC(254)   Post Evacuate Collection Set: 14.0ms
[2025-10-15T05:36:58.321-0700][1246 ][info ][gc,phases   ] GC(254)   Other: 0.2ms
[2025-10-15T05:36:58.321-0700][1246 ][debug][gc,remset   ] GC(254) Coarsening (recent): Inline->AoC 34969 (0) AoC->Howl 109 (5) Howl->Full 0 (0) Inline->AoC 442 (5) AoC->BitMap 65 (2) BitMap->Full 0 (0) 
[2025-10-15T05:36:58.321-0700][1246 ][debug][gc,remset   ] GC(254) Coarsening (all): Inline->AoC 7019698 (167) AoC->Howl 159080 (417) Howl->Full 0 (0) Inline->AoC 647507 (116) AoC->BitMap 169539 (301) BitMap->Full 2 (0) 
[2025-10-15T05:36:58.321-0700][1246 ][info ][gc,heap     ] GC(254) Eden regions: 2556->0(2588)
[2025-10-15T05:36:58.321-0700][1246 ][info ][gc,heap     ] GC(254) Survivor regions: 240->234(350)
[2025-10-15T05:36:58.321-0700][1246 ][info ][gc,heap     ] GC(254) Old regions: 1171->1225
[2025-10-15T05:36:58.321-0700][1246 ][info ][gc,heap     ] GC(254) Humongous regions: 16->0
[2025-10-15T05:36:58.321-0700][1246 ][info ][gc,metaspace] GC(254) Metaspace: 318082K(324288K)->318082K(324288K) NonClass: 280964K(284288K)->280964K(284288K) Class: 37117K(40000K)->37117K(40000K)
[2025-10-15T05:36:58.321-0700][1246 ][info ][gc          ] GC(254) Pause Young (Normal) (G1 Evacuation Pause) 127423M->46663M(184320M) 188.985ms
[2025-10-15T05:36:58.322-0700][1246 ][info ][gc,cpu      ] GC(254) User=18.74s Sys=0.33s Real=0.19s
[2025-10-15T05:36:58.323-0700][1246 ][info ][safepoint   ] Safepoint "G1CollectForAllocation", Time since last: 724098989 ns, Reaching safepoint: 929230 ns, Cleanup: 10716 ns, At safepoint: 192457806 ns, Total: 193397752 ns
[2025-10-15T05:36:59.325-0700][1246 ][info ][safepoint   ] Safepoint "Cleanup", Time since last: 1000085322 ns, Reaching safepoint: 1609936 ns, Cleanup: 44257 ns, At safepoint: 413854 ns, Total: 2068047 ns
[2025-10-15T05:37:00.327-0700][1246 ][info ][safepoint   ] Safepoint "Cleanup", Time since last: 1000105132 ns, Reaching safepoint: 753525 ns, Cleanup: 24958 ns, At safepoint: 186030 ns, Total: 964513 ns
[2025-10-15T05:37:01.328-0700][1246 ][info ][safepoint   ] Safepoint "Cleanup", Time since last: 1000108197 ns, Reaching safepoint: 766014 ns, Cleanup: 58588 ns, At safepoint: 437159 ns, Total: 1261761 ns
[2025-10-15T05:37:02.570-0700][1246 ][info ][safepoint   ] Safepoint "Cleanup", Time since last: 1231933283 ns, Reaching safepoint: 8120248 ns, Cleanup: 33962 ns, At safepoint: 1852451 ns, Total: 10006661 ns
[2025-10-15T05:37:07.571-0700][1246 ][info ][safepoint   ] Safepoint "Cleanup", Time since last: 5000349704 ns, Reaching safepoint: 817212 ns, Cleanup: 16244 ns, At safepoint: 151328 ns, Total: 984784 ns
[2025-10-15T05:37:08.573-0700][1246 ][info ][safepoint   ] Safepoint "Cleanup", Time since last: 1000076989 ns, Reaching safepoint: 1201051 ns, Cleanup: 14882 ns, At safepoint: 291149 ns, Total: 1507082 ns
[2025-10-15T05:37:09.574-0700][1246 ][info ][safepoint   ] Safepoint "Cleanup", Time since last: 1000097500 ns, Reaching safepoint: 1082061 ns, Cleanup: 15233 ns, At safepoint: 516438 ns, Total: 1613732 ns
[2025-10-15T05:37:10.446-0700][1246 ][info ][gc,start    ] GC(255) Pause Young (Normal) (G1 Evacuation Pause)
[2025-10-15T05:37:10.446-0700][1246 ][info ][gc,task     ] GC(255) Using 113 workers of 113 for evacuation
[2025-10-15T05:37:10.459-0700][1246 ][debug][gc,remset   ] GC(255) Visited cards 9768960 Total dirty 76873728 (12.71%) Total old 474546176 (2.06%)
[2025-10-15T05:37:10.631-0700][1246 ][info ][gc,phases   ] GC(255)   Pre Evacuate Collection Set: 0.7ms
[2025-10-15T05:37:10.631-0700][1246 ][info ][gc,phases   ] GC(255)   Merge Heap Roots: 12.4ms
[2025-10-15T05:37:10.631-0700][1246 ][info ][gc,phases   ] GC(255)   Evacuate Collection Set: 157.1ms
[2025-10-15T05:37:10.631-0700][1246 ][info ][gc,phases   ] GC(255)   Post Evacuate Collection Set: 14.1ms
[2025-10-15T05:37:10.631-0700][1246 ][info ][gc,phases   ] GC(255)   Other: 0.2ms
[2025-10-15T05:37:10.631-0700][1246 ][debug][gc,remset   ] GC(255) Coarsening (recent): Inline->AoC 28275 (0) AoC->Howl 157 (0) Howl->Full 0 (0) Inline->AoC 543 (0) AoC->BitMap 103 (0) BitMap->Full 0 (0) 
[2025-10-15T05:37:10.631-0700][1246 ][debug][gc,remset   ] GC(255) Coarsening (all): Inline->AoC 7047973 (167) AoC->Howl 159237 (417) Howl->Full 0 (0) Inline->AoC 648050 (116) AoC->BitMap 169642 (301) BitMap->Full 2 (0) 
[2025-10-15T05:37:10.631-0700][1246 ][info ][gc,heap     ] GC(255) Eden regions: 2766->0(2961)
[2025-10-15T05:37:10.631-0700][1246 ][info ][gc,heap     ] GC(255) Survivor regions: 234->226(375)
[2025-10-15T05:37:10.631-0700][1246 ][info ][gc,heap     ] GC(255) Old regions: 1225->1274
[2025-10-15T05:37:10.631-0700][1246 ][info ][gc,heap     ] GC(255) Humongous regions: 16->0
[2025-10-15T05:37:10.631-0700][1246 ][info ][gc,metaspace] GC(255) Metaspace: 318088K(324352K)->318088K(324352K) NonClass: 280969K(284352K)->280969K(284352K) Class: 37118K(40000K)->37118K(40000K)
[2025-10-15T05:37:10.631-0700][1246 ][info ][gc          ] GC(255) Pause Young (Normal) (G1 Evacuation Pause) 135687M->47998M(184320M) 184.725ms
[2025-10-15T05:37:10.632-0700][1246 ][info ][gc,cpu      ] GC(255) User=17.96s Sys=0.24s Real=0.19s
[2025-10-15T05:37:10.633-0700][1246 ][info ][safepoint   ] Safepoint "G1CollectForAllocation", Time since last: 868997117 ns, Reaching safepoint: 1531508 ns, Cleanup: 5439 ns, At safepoint: 188340290 ns, Total: 189877237 ns
[2025-10-15T05:37:11.635-0700][1246 ][info ][safepoint   ] Safepoint "Cleanup", Time since last: 1000107725 ns, Reaching safepoint: 945455 ns, Cleanup: 22895 ns, At safepoint: 336907 ns, Total: 1305257 ns
[2025-10-15T05:37:12.637-0700][1246 ][info ][safepoint   ] Safepoint "Cleanup", Time since last: 1000136269 ns, Reaching safepoint: 967809 ns, Cleanup: 12338 ns, At safepoint: 640716 ns, Total: 1620863 ns
[2025-10-15T05:37:15.638-0700][1246 ][info ][safepoint   ] Safepoint "Cleanup", Time since last: 3000227613 ns, Reaching safepoint: 859465 ns, Cleanup: 13491 ns, At safepoint: 183576 ns, Total: 1056532 ns
[2025-10-15T05:37:18.639-0700][1246 ][info ][safepoint   ] Safepoint "Cleanup", Time since last: 3000212510 ns, Reaching safepoint: 820116 ns, Cleanup: 17827 ns, At safepoint: 189516 ns, Total: 1027459 ns
[2025-10-15T05:37:19.640-0700][1246 ][info ][safepoint   ] Safepoint "Cleanup", Time since last: 1000100885 ns, Reaching safepoint: 826285 ns, Cleanup: 15253 ns, At safepoint: 196026 ns, Total: 1037564 ns
[2025-10-15T05:37:20.641-0700][1246 ][info ][safepoint   ] Safepoint "Cleanup", Time since last: 1000077129 ns, Reaching safepoint: 791523 ns, Cleanup: 18008 ns, At safepoint: 232370 ns, Total: 1041901 ns
[2025-10-15T05:37:22.643-0700][1246 ][info ][safepoint   ] Safepoint "Cleanup", Time since last: 2000158635 ns, Reaching safepoint: 941900 ns, Cleanup: 11477 ns, At safepoint: 239471 ns, Total: 1192848 ns
[2025-10-15T05:37:23.644-0700][1246 ][info ][safepoint   ] Safepoint "Cleanup", Time since last: 1000113424 ns, Reaching safepoint: 990874 ns, Cleanup: 16384 ns, At safepoint: 353543 ns, Total: 1360801 ns
[2025-10-15T05:37:25.009-0700][1246 ][info ][gc,start    ] GC(256) Pause Young (Normal) (G1 Evacuation Pause)
[2025-10-15T05:37:25.009-0700][1246 ][info ][gc,task     ] GC(256) Using 113 workers of 113 for evacuation
[2025-10-15T05:37:25.022-0700][1246 ][debug][gc,remset   ] GC(256) Visited cards 10000640 Total dirty 79757312 (12.54%) Total old 481230848 (2.08%)
[2025-10-15T05:37:25.201-0700][1246 ][info ][gc,phases   ] GC(256)   Pre Evacuate Collection Set: 0.8ms
[2025-10-15T05:37:25.201-0700][1246 ][info ][gc,phases   ] GC(256)   Merge Heap Roots: 12.1ms
[2025-10-15T05:37:25.201-0700][1246 ][info ][gc,phases   ] GC(256)   Evacuate Collection Set: 165.2ms
[2025-10-15T05:37:25.201-0700][1246 ][info ][gc,phases   ] GC(256)   Post Evacuate Collection Set: 13.9ms
[2025-10-15T05:37:25.201-0700][1246 ][info ][gc,phases   ] GC(256)   Other: 0.2ms
[2025-10-15T05:37:25.201-0700][1246 ][debug][gc,remset   ] GC(256) Coarsening (recent): Inline->AoC 54500 (0) AoC->Howl 129 (0) Howl->Full 0 (0) Inline->AoC 501 (0) AoC->BitMap 90 (0) BitMap->Full 0 (0) 
[2025-10-15T05:37:25.201-0700][1246 ][debug][gc,remset   ] GC(256) Coarsening (all): Inline->AoC 7102473 (167) AoC->Howl 159366 (417) Howl->Full 0 (0) Inline->AoC 648551 (116) AoC->BitMap 169732 (301) BitMap->Full 2 (0) 
[2025-10-15T05:37:25.201-0700][1246 ][info ][gc,heap     ] GC(256) Eden regions: 2804->0(2568)
[2025-10-15T05:37:25.201-0700][1246 ][info ][gc,heap     ] GC(256) Survivor regions: 226->237(379)
[2025-10-15T05:37:25.201-0700][1246 ][info ][gc,heap     ] GC(256) Old regions: 1274->1323
[2025-10-15T05:37:25.201-0700][1246 ][info ][gc,heap     ] GC(256) Humongous regions: 9->0
[2025-10-15T05:37:25.201-0700][1246 ][info ][gc,metaspace] GC(256) Metaspace: 318105K(324352K)->318105K(324352K) NonClass: 280986K(284352K)->280986K(284352K) Class: 37119K(40000K)->37119K(40000K)
[2025-10-15T05:37:25.201-0700][1246 ][info ][gc          ] GC(256) Pause Young (Normal) (G1 Evacuation Pause) 138014M->49904M(184320M) 192.333ms
[2025-10-15T05:37:25.202-0700][1246 ][info ][gc,cpu      ] GC(256) User=18.39s Sys=0.41s Real=0.19s
[2025-10-15T05:37:25.204-0700][1246 ][info ][safepoint   ] Safepoint "G1CollectForAllocation", Time since last: 1361983784 ns, Reaching safepoint: 1413120 ns, Cleanup: 4667 ns, At safepoint: 196148207 ns, Total: 197565994 ns
[2025-10-15T05:37:27.205-0700][1246 ][info ][safepoint   ] Safepoint "Cleanup", Time since last: 2000168801 ns, Reaching safepoint: 826476 ns, Cleanup: 17677 ns, At safepoint: 86300 ns, Total: 930453 ns
[2025-10-15T05:37:28.206-0700][1246 ][info ][safepoint   ] Safepoint "Cleanup", Time since last: 1000104471 ns, Reaching safepoint: 752033 ns, Cleanup: 27662 ns, At safepoint: 92399 ns, Total: 872094 ns
[2025-10-15T05:37:29.207-0700][1246 ][info ][safepoint   ] Safepoint "Cleanup", Time since last: 1000100965 ns, Reaching safepoint: 829210 ns, Cleanup: 19329 ns, At safepoint: 119811 ns, Total: 968350 ns
[2025-10-15T05:37:30.209-0700][1246 ][info ][safepoint   ] Safepoint "Cleanup", Time since last: 1000105332 ns, Reaching safepoint: 1413901 ns, Cleanup: 23445 ns, At safepoint: 218760 ns, Total: 1656106 ns
[2025-10-15T05:37:31.210-0700][1246 ][info ][safepoint   ] Safepoint "Cleanup", Time since last: 1000099884 ns, Reaching safepoint: 908128 ns, Cleanup: 10166 ns, At safepoint: 546884 ns, Total: 1465178 ns
[2025-10-15T05:37:32.212-0700][1246 ][info ][safepoint   ] Safepoint "Cleanup", Time since last: 1000114125 ns, Reaching safepoint: 832405 ns, Cleanup: 11797 ns, At safepoint: 563710 ns, Total: 1407912 ns
[2025-10-15T05:37:34.215-0700][1246 ][info ][safepoint   ] Safepoint "Cleanup", Time since last: 2000163713 ns, Reaching safepoint: 1915117 ns, Cleanup: 13710 ns, At safepoint: 1034189 ns, Total: 2963016 ns
[2025-10-15T05:37:35.228-0700][1246 ][info ][safepoint   ] Safepoint "Cleanup", Time since last: 1000105903 ns, Reaching safepoint: 10403599 ns, Cleanup: 11868 ns, At safepoint: 2757296 ns, Total: 13172763 ns
[2025-10-15T05:37:36.230-0700][1246 ][info ][safepoint   ] Safepoint "Cleanup", Time since last: 1000124310 ns, Reaching safepoint: 1014930 ns, Cleanup: 10856 ns, At safepoint: 1263314 ns, Total: 2289100 ns
[2025-10-15T05:37:37.376-0700][1246 ][info ][gc,start    ] GC(257) Pause Young (Normal) (G1 Evacuation Pause)
[2025-10-15T05:37:37.376-0700][1246 ][info ][gc,task     ] GC(257) Using 113 workers of 113 for evacuation
[2025-10-15T05:37:37.388-0700][1246 ][debug][gc,remset   ] GC(257) Visited cards 10014720 Total dirty 83099648 (12.05%) Total old 484769792 (2.07%)
[2025-10-15T05:37:37.561-0700][1246 ][info ][gc,phases   ] GC(257)   Pre Evacuate Collection Set: 0.7ms
[2025-10-15T05:37:37.561-0700][1246 ][info ][gc,phases   ] GC(257)   Merge Heap Roots: 11.5ms
[2025-10-15T05:37:37.561-0700][1246 ][info ][gc,phases   ] GC(257)   Evacuate Collection Set: 159.3ms
[2025-10-15T05:37:37.561-0700][1246 ][info ][gc,phases   ] GC(257)   Post Evacuate Collection Set: 13.6ms
[2025-10-15T05:37:37.561-0700][1246 ][info ][gc,phases   ] GC(257)   Other: 0.2ms
[2025-10-15T05:37:37.561-0700][1246 ][debug][gc,remset   ] GC(257) Coarsening (recent): Inline->AoC 28471 (2) AoC->Howl 85 (0) Howl->Full 0 (0) Inline->AoC 352 (0) AoC->BitMap 42 (1) BitMap->Full 0 (0) 
[2025-10-15T05:37:37.561-0700][1246 ][debug][gc,remset   ] GC(257) Coarsening (all): Inline->AoC 7130944 (169) AoC->Howl 159451 (417) Howl->Full 0 (0) Inline->AoC 648903 (116) AoC->BitMap 169774 (302) BitMap->Full 2 (0) 
[2025-10-15T05:37:37.561-0700][1246 ][info ][gc,heap     ] GC(257) Eden regions: 2794->0(2686)
[2025-10-15T05:37:37.561-0700][1246 ][info ][gc,heap     ] GC(257) Survivor regions: 237->237(379)
[2025-10-15T05:37:37.561-0700][1246 ][info ][gc,heap     ] GC(257) Old regions: 1323->1372
[2025-10-15T05:37:37.561-0700][1246 ][info ][gc,heap     ] GC(257) Humongous regions: 12->0
[2025-10-15T05:37:37.561-0700][1246 ][info ][gc,metaspace] GC(257) Metaspace: 318252K(324544K)->318252K(324544K) NonClass: 281114K(284480K)->281114K(284480K) Class: 37137K(40064K)->37137K(40064K)
[2025-10-15T05:37:37.561-0700][1246 ][info ][gc          ] GC(257) Pause Young (Normal) (G1 Evacuation Pause) 139696M->51475M(184320M) 185.577ms
[2025-10-15T05:37:37.562-0700][1246 ][info ][gc,cpu      ] GC(257) User=18.26s Sys=0.35s Real=0.19s
[2025-10-15T05:37:37.564-0700][1246 ][info ][safepoint   ] Safepoint "G1CollectForAllocation", Time since last: 1143267854 ns, Reaching safepoint: 837653 ns, Cleanup: 3896 ns, At safepoint: 189128668 ns, Total: 189970217 ns
[2025-10-15T05:37:39.565-0700][1246 ][info ][safepoint   ] Safepoint "Cleanup", Time since last: 2000149822 ns, Reaching safepoint: 828729 ns, Cleanup: 13431 ns, At safepoint: 153681 ns, Total: 995841 ns
[2025-10-15T05:37:40.566-0700][1246 ][info ][safepoint   ] Safepoint "Cleanup", Time since last: 1000104701 ns, Reaching safepoint: 801969 ns, Cleanup: 18007 ns, At safepoint: 597491 ns, Total: 1417467 ns
[2025-10-15T05:37:41.568-0700][1246 ][info ][safepoint   ] Safepoint "Cleanup", Time since last: 1000113774 ns, Reaching safepoint: 740056 ns, Cleanup: 10315 ns, At safepoint: 273172 ns, Total: 1023543 ns
[2025-10-15T05:37:43.569-0700][1246 ][info ][safepoint   ] Safepoint "Cleanup", Time since last: 2000158866 ns, Reaching safepoint: 742529 ns, Cleanup: 13370 ns, At safepoint: 114853 ns, Total: 870752 ns
[2025-10-15T05:37:44.571-0700][1246 ][info ][safepoint   ] Safepoint "Cleanup", Time since last: 1000105683 ns, Reaching safepoint: 913196 ns, Cleanup: 12619 ns, At safepoint: 1135692 ns, Total: 2061507 ns
[2025-10-15T05:37:45.572-0700][1246 ][info ][safepoint   ] Safepoint "Cleanup", Time since last: 1000109268 ns, Reaching safepoint: 727857 ns, Cleanup: 12879 ns, At safepoint: 594706 ns, Total: 1335442 ns
[2025-10-15T05:37:46.574-0700][1246 ][info ][safepoint   ] Safepoint "Cleanup", Time since last: 1000084301 ns, Reaching safepoint: 779615 ns, Cleanup: 10205 ns, At safepoint: 963252 ns, Total: 1753072 ns
[2025-10-15T05:37:48.879-0700][1246 ][info ][gc,start    ] GC(258) Pause Young (Normal) (G1 Evacuation Pause)
[2025-10-15T05:37:48.879-0700][1246 ][info ][gc,task     ] GC(258) Using 113 workers of 113 for evacuation
[2025-10-15T05:37:48.892-0700][1246 ][debug][gc,remset   ] GC(258) Visited cards 10138624 Total dirty 85327872 (11.88%) Total old 488767488 (2.07%)
[2025-10-15T05:37:49.050-0700][1246 ][info ][gc,phases   ] GC(258)   Pre Evacuate Collection Set: 0.7ms
[2025-10-15T05:37:49.050-0700][1246 ][info ][gc,phases   ] GC(258)   Merge Heap Roots: 12.0ms
[2025-10-15T05:37:49.050-0700][1246 ][info ][gc,phases   ] GC(258)   Evacuate Collection Set: 143.5ms
[2025-10-15T05:37:49.050-0700][1246 ][info ][gc,phases   ] GC(258)   Post Evacuate Collection Set: 14.3ms
[2025-10-15T05:37:49.050-0700][1246 ][info ][gc,phases   ] GC(258)   Other: 0.2ms
[2025-10-15T05:37:49.050-0700][1246 ][debug][gc,remset   ] GC(258) Coarsening (recent): Inline->AoC 37147 (1) AoC->Howl 92 (1) Howl->Full 0 (0) Inline->AoC 377 (0) AoC->BitMap 60 (0) BitMap->Full 0 (0) 
[2025-10-15T05:37:49.050-0700][1246 ][debug][gc,remset   ] GC(258) Coarsening (all): Inline->AoC 7168091 (170) AoC->Howl 159543 (418) Howl->Full 0 (0) Inline->AoC 649280 (116) AoC->BitMap 169834 (302) BitMap->Full 2 (0) 
[2025-10-15T05:37:49.050-0700][1246 ][info ][gc,heap     ] GC(258) Eden regions: 2799->0(3240)
[2025-10-15T05:37:49.050-0700][1246 ][info ][gc,heap     ] GC(258) Survivor regions: 237->216(380)
[2025-10-15T05:37:49.050-0700][1246 ][info ][gc,heap     ] GC(258) Old regions: 1372->1415
[2025-10-15T05:37:49.050-0700][1246 ][info ][gc,heap     ] GC(258) Humongous regions: 14->0
[2025-10-15T05:37:49.050-0700][1246 ][info ][gc,metaspace] GC(258) Metaspace: 318256K(324544K)->318256K(324544K) NonClass: 281117K(284480K)->281117K(284480K) Class: 37138K(40064K)->37138K(40064K)
[2025-10-15T05:37:49.050-0700][1246 ][info ][gc          ] GC(258) Pause Young (Normal) (G1 Evacuation Pause) 141491M->52184M(184320M) 170.863ms
[2025-10-15T05:37:49.051-0700][1246 ][info ][gc,cpu      ] GC(258) User=17.19s Sys=0.30s Real=0.17s
[2025-10-15T05:37:49.052-0700][1246 ][info ][safepoint   ] Safepoint "G1CollectForAllocation", Time since last: 2302759549 ns, Reaching safepoint: 869391 ns, Cleanup: 6199 ns, At safepoint: 174305718 ns, Total: 175181308 ns
[2025-10-15T05:37:49.186-0700][1246 ][info ][gc,start    ] GC(259) Pause Young (Concurrent Start) (G1 Humongous Allocation)
[2025-10-15T05:37:49.186-0700][1246 ][info ][gc,task     ] GC(259) Using 113 workers of 113 for evacuation
[2025-10-15T05:37:49.195-0700][1246 ][debug][gc,remset   ] GC(259) Visited cards 9358336 Total dirty 86835200 (10.78%) Total old 127860736 (7.32%)
[2025-10-15T05:37:49.315-0700][1246 ][info ][gc,phases   ] GC(259)   Pre Evacuate Collection Set: 0.9ms
[2025-10-15T05:37:49.315-0700][1246 ][info ][gc,phases   ] GC(259)   Merge Heap Roots: 7.7ms
[2025-10-15T05:37:49.315-0700][1246 ][info ][gc,phases   ] GC(259)   Evacuate Collection Set: 111.1ms
[2025-10-15T05:37:49.315-0700][1246 ][info ][gc,phases   ] GC(259)   Post Evacuate Collection Set: 9.2ms
[2025-10-15T05:37:49.315-0700][1246 ][info ][gc,phases   ] GC(259)   Other: 0.1ms
[2025-10-15T05:37:49.315-0700][1246 ][debug][gc,remset   ] GC(259) Coarsening (recent): Inline->AoC 0 (0) AoC->Howl 0 (0) Howl->Full 0 (0) Inline->AoC 0 (0) AoC->BitMap 0 (0) BitMap->Full 0 (0) 
[2025-10-15T05:37:49.315-0700][1246 ][debug][gc,remset   ] GC(259) Coarsening (all): Inline->AoC 7168091 (170) AoC->Howl 159543 (418) Howl->Full 0 (0) Inline->AoC 649280 (116) AoC->BitMap 169834 (302) BitMap->Full 2 (0) 
[2025-10-15T05:37:49.315-0700][1246 ][info ][gc,heap     ] GC(259) Eden regions: 52->0(1634)
[2025-10-15T05:37:49.315-0700][1246 ][info ][gc,heap     ] GC(259) Survivor regions: 216->213(432)
[2025-10-15T05:37:49.315-0700][1246 ][info ][gc,heap     ] GC(259) Old regions: 1415->1415
[2025-10-15T05:37:49.315-0700][1246 ][info ][gc,heap     ] GC(259) Humongous regions: 0->0
[2025-10-15T05:37:49.315-0700][1246 ][info ][gc,metaspace] GC(259) Metaspace: 318256K(324544K)->318256K(324544K) NonClass: 281117K(284480K)->281117K(284480K) Class: 37138K(40064K)->37138K(40064K)
[2025-10-15T05:37:49.315-0700][1246 ][info ][gc          ] GC(259) Pause Young (Concurrent Start) (G1 Humongous Allocation) 53816M->52095M(184320M) 129.273ms
[2025-10-15T05:37:49.316-0700][1085 ][info ][gc          ] GC(260) Concurrent Mark Cycle
[2025-10-15T05:37:49.316-0700][1085 ][info ][gc,marking  ] GC(260) Concurrent Scan Root Regions
[2025-10-15T05:37:49.317-0700][1246 ][info ][gc,cpu      ] GC(259) User=12.88s Sys=0.02s Real=0.13s
[2025-10-15T05:37:49.318-0700][1246 ][info ][safepoint   ] Safepoint "G1TryInitiateConcMark", Time since last: 132014942 ns, Reaching safepoint: 818053 ns, Cleanup: 4917 ns, At safepoint: 133572479 ns, Total: 134395449 ns
[2025-10-15T05:37:49.383-0700][1085 ][info ][gc,marking  ] GC(260) Concurrent Scan Root Regions 67.034ms
[2025-10-15T05:37:49.383-0700][1085 ][info ][gc,marking  ] GC(260) Concurrent Mark
[2025-10-15T05:37:49.383-0700][1085 ][info ][gc,marking  ] GC(260) Concurrent Mark From Roots
[2025-10-15T05:37:49.383-0700][1085 ][info ][gc,task     ] GC(260) Using 36 workers of 36 for marking
[2025-10-15T05:37:49.578-0700][1085 ][info ][gc,marking  ] GC(260) Concurrent Mark From Roots 195.177ms
[2025-10-15T05:37:49.578-0700][1085 ][info ][gc,marking  ] GC(260) Concurrent Preclean
[2025-10-15T05:37:49.605-0700][1085 ][info ][gc,marking  ] GC(260) Concurrent Preclean 26.983ms
[2025-10-15T05:37:49.609-0700][1246 ][info ][gc,start    ] GC(260) Pause Remark
[2025-10-15T05:37:49.759-0700][1246 ][info ][gc          ] GC(260) Pause Remark 54426M->53594M(184320M) 149.891ms
[2025-10-15T05:37:49.760-0700][1246 ][info ][gc,cpu      ] GC(260) User=11.58s Sys=0.19s Real=0.15s
[2025-10-15T05:37:49.764-0700][1246 ][info ][safepoint   ] Safepoint "G1PauseRemark", Time since last: 286547510 ns, Reaching safepoint: 2905428 ns, Cleanup: 4698 ns, At safepoint: 156689258 ns, Total: 159599384 ns
[2025-10-15T05:37:49.765-0700][1085 ][info ][gc,marking  ] GC(260) Concurrent Mark 381.969ms
[2025-10-15T05:37:49.765-0700][1085 ][info ][gc,marking  ] GC(260) Concurrent Rebuild Remembered Sets and Scrub Regions
[2025-10-15T05:37:50.135-0700][1085 ][info ][gc,marking  ] GC(260) Concurrent Rebuild Remembered Sets and Scrub Regions 370.245ms
[2025-10-15T05:37:50.137-0700][1246 ][info ][gc,start    ] GC(260) Pause Cleanup
[2025-10-15T05:37:50.139-0700][1246 ][info ][gc          ] GC(260) Pause Cleanup 57443M->57443M(184320M) 2.225ms
[2025-10-15T05:37:50.140-0700][1246 ][info ][gc,cpu      ] GC(260) User=0.01s Sys=0.01s Real=0.01s
[2025-10-15T05:37:50.141-0700][1246 ][info ][safepoint   ] Safepoint "G1PauseCleanup", Time since last: 370497291 ns, Reaching safepoint: 811503 ns, Cleanup: 41082 ns, At safepoint: 5072976 ns, Total: 5925561 ns
[2025-10-15T05:37:50.141-0700][1085 ][info ][gc,marking  ] GC(260) Concurrent Clear Claimed Marks
[2025-10-15T05:37:50.142-0700][1085 ][info ][gc,marking  ] GC(260) Concurrent Clear Claimed Marks 1.113ms
[2025-10-15T05:37:50.142-0700][1085 ][info ][gc,marking  ] GC(260) Concurrent Cleanup for Next Mark
[2025-10-15T05:37:50.173-0700][1085 ][info ][gc,marking  ] GC(260) Concurrent Cleanup for Next Mark 30.589ms
[2025-10-15T05:37:50.173-0700][1085 ][info ][gc          ] GC(260) Concurrent Mark Cycle 857.232ms
[2025-10-15T05:37:51.142-0700][1246 ][info ][safepoint   ] Safepoint "Cleanup", Time since last: 1000091311 ns, Reaching safepoint: 730110 ns, Cleanup: 10917 ns, At safepoint: 84978 ns, Total: 826005 ns
[2025-10-15T05:37:56.041-0700][1246 ][info ][gc,start    ] GC(261) Pause Young (Prepare Mixed) (G1 Evacuation Pause)
[2025-10-15T05:37:56.041-0700][1246 ][info ][gc,task     ] GC(261) Using 113 workers of 113 for evacuation
[2025-10-15T05:37:56.054-0700][1246 ][debug][gc,remset   ] GC(261) Visited cards 10080768 Total dirty 87490560 (11.52%) Total old 310116352 (3.25%)
[2025-10-15T05:37:56.201-0700][1246 ][info ][gc,phases   ] GC(261)   Pre Evacuate Collection Set: 0.7ms
[2025-10-15T05:37:56.201-0700][1246 ][info ][gc,phases   ] GC(261)   Merge Heap Roots: 12.7ms
[2025-10-15T05:37:56.201-0700][1246 ][info ][gc,phases   ] GC(261)   Evacuate Collection Set: 131.7ms
[2025-10-15T05:37:56.201-0700][1246 ][info ][gc,phases   ] GC(261)   Post Evacuate Collection Set: 14.6ms
[2025-10-15T05:37:56.201-0700][1246 ][info ][gc,phases   ] GC(261)   Other: 0.2ms
[2025-10-15T05:37:56.201-0700][1246 ][debug][gc,remset   ] GC(261) Coarsening (recent): Inline->AoC 163266 (7) AoC->Howl 9589 (3) Howl->Full 0 (0) Inline->AoC 38934 (3) AoC->BitMap 10135 (1) BitMap->Full 1 (0) 
[2025-10-15T05:37:56.201-0700][1246 ][debug][gc,remset   ] GC(261) Coarsening (all): Inline->AoC 7331357 (177) AoC->Howl 169132 (421) Howl->Full 0 (0) Inline->AoC 688214 (119) AoC->BitMap 179969 (303) BitMap->Full 3 (0) 
[2025-10-15T05:37:56.201-0700][1246 ][info ][gc,heap     ] GC(261) Eden regions: 1456->0(2437)
[2025-10-15T05:37:56.201-0700][1246 ][info ][gc,heap     ] GC(261) Survivor regions: 213->116(209)
[2025-10-15T05:37:56.201-0700][1246 ][info ][gc,heap     ] GC(261) Old regions: 1389->1502
[2025-10-15T05:37:56.201-0700][1246 ][info ][gc,heap     ] GC(261) Humongous regions: 5->0
[2025-10-15T05:37:56.201-0700][1246 ][info ][gc,metaspace] GC(261) Metaspace: 318141K(324544K)->318141K(324544K) NonClass: 281022K(284480K)->281022K(284480K) Class: 37118K(40064K)->37118K(40064K)
[2025-10-15T05:37:56.201-0700][1246 ][info ][gc          ] GC(261) Pause Young (Prepare Mixed) (G1 Evacuation Pause) 98015M->51753M(184320M) 160.003ms
[2025-10-15T05:37:56.202-0700][1246 ][info ][gc,cpu      ] GC(261) User=15.56s Sys=0.12s Real=0.16s
[2025-10-15T05:37:56.203-0700][1246 ][info ][safepoint   ] Safepoint "G1CollectForAllocation", Time since last: 4896975977 ns, Reaching safepoint: 951655 ns, Cleanup: 7301 ns, At safepoint: 163615517 ns, Total: 164574473 ns
[2025-10-15T05:38:00.204-0700][1246 ][info ][safepoint   ] Safepoint "Cleanup", Time since last: 4000253111 ns, Reaching safepoint: 708959 ns, Cleanup: 17366 ns, At safepoint: 88213 ns, Total: 814538 ns
[2025-10-15T05:38:01.591-0700][1246 ][info ][safepoint   ] Safepoint "Cleanup", Time since last: 1385143351 ns, Reaching safepoint: 919346 ns, Cleanup: 11527 ns, At safepoint: 823331 ns, Total: 1754204 ns
[2025-10-15T05:38:04.593-0700][1246 ][info ][safepoint   ] Safepoint "Cleanup", Time since last: 3000283415 ns, Reaching safepoint: 923231 ns, Cleanup: 11548 ns, At safepoint: 547886 ns, Total: 1482665 ns
[2025-10-15T05:38:06.595-0700][1246 ][info ][safepoint   ] Safepoint "Cleanup", Time since last: 2000182246 ns, Reaching safepoint: 839796 ns, Cleanup: 11978 ns, At safepoint: 410318 ns, Total: 1262092 ns
[2025-10-15T05:38:07.534-0700][1246 ][info ][gc,start    ] GC(262) Pause Young (Mixed) (G1 Evacuation Pause)
[2025-10-15T05:38:07.534-0700][1246 ][info ][gc,task     ] GC(262) Using 113 workers of 113 for evacuation
[2025-10-15T05:38:07.549-0700][1246 ][debug][gc,remset   ] GC(262) Visited cards 10976000 Total dirty 89391104 (12.28%) Total old 472514560 (2.32%)
[2025-10-15T05:38:07.650-0700][1246 ][info ][gc,phases   ] GC(262)   Pre Evacuate Collection Set: 0.8ms
[2025-10-15T05:38:07.650-0700][1246 ][info ][gc,phases   ] GC(262)   Merge Heap Roots: 13.9ms
[2025-10-15T05:38:07.650-0700][1246 ][info ][gc,phases   ] GC(262)   Evacuate Collection Set: 89.5ms
[2025-10-15T05:38:07.650-0700][1246 ][info ][gc,phases   ] GC(262)   Post Evacuate Collection Set: 12.2ms
[2025-10-15T05:38:07.650-0700][1246 ][info ][gc,phases   ] GC(262)   Other: 0.2ms
[2025-10-15T05:38:07.650-0700][1246 ][debug][gc,remset   ] GC(262) Coarsening (recent): Inline->AoC 32822 (63) AoC->Howl 1199 (239) Howl->Full 0 (0) Inline->AoC 2531 (92) AoC->BitMap 1075 (245) BitMap->Full 0 (0) 
[2025-10-15T05:38:07.650-0700][1246 ][debug][gc,remset   ] GC(262) Coarsening (all): Inline->AoC 7364179 (240) AoC->Howl 170331 (660) Howl->Full 0 (0) Inline->AoC 690745 (211) AoC->BitMap 181044 (548) BitMap->Full 3 (0) 
[2025-10-15T05:38:07.650-0700][1246 ][info ][gc,heap     ] GC(262) Eden regions: 2680->0(2707)
[2025-10-15T05:38:07.650-0700][1246 ][info ][gc,heap     ] GC(262) Survivor regions: 116->132(350)
[2025-10-15T05:38:07.650-0700][1246 ][info ][gc,heap     ] GC(262) Old regions: 1502->1412
[2025-10-15T05:38:07.650-0700][1246 ][info ][gc,heap     ] GC(262) Humongous regions: 11->0
[2025-10-15T05:38:07.650-0700][1246 ][info ][gc,metaspace] GC(262) Metaspace: 318184K(324544K)->318184K(324544K) NonClass: 281059K(284480K)->281059K(284480K) Class: 37125K(40064K)->37125K(40064K)
[2025-10-15T05:38:07.650-0700][1246 ][info ][gc          ] GC(262) Pause Young (Mixed) (G1 Evacuation Pause) 137865M->49364M(184320M) 116.714ms
[2025-10-15T05:38:07.651-0700][1246 ][info ][gc,cpu      ] GC(262) User=11.19s Sys=0.04s Real=0.12s
[2025-10-15T05:38:07.653-0700][1246 ][info ][safepoint   ] Safepoint "G1CollectForAllocation", Time since last: 937164155 ns, Reaching safepoint: 817893 ns, Cleanup: 15714 ns, At safepoint: 120052202 ns, Total: 120885809 ns
[2025-10-15T05:38:09.654-0700][1246 ][info ][safepoint   ] Safepoint "Cleanup", Time since last: 2000145872 ns, Reaching safepoint: 841949 ns, Cleanup: 11297 ns, At safepoint: 172269 ns, Total: 1025515 ns
[2025-10-15T05:38:14.655-0700][1246 ][info ][safepoint   ] Safepoint "Cleanup", Time since last: 5000337709 ns, Reaching safepoint: 854388 ns, Cleanup: 12368 ns, At safepoint: 227814 ns, Total: 1094570 ns
[2025-10-15T05:38:15.656-0700][1246 ][info ][safepoint   ] Safepoint "Cleanup", Time since last: 1000112395 ns, Reaching safepoint: 818594 ns, Cleanup: 10045 ns, At safepoint: 277828 ns, Total: 1106467 ns
[2025-10-15T05:38:18.658-0700][1246 ][info ][safepoint   ] Safepoint "Cleanup", Time since last: 3000225638 ns, Reaching safepoint: 955600 ns, Cleanup: 36626 ns, At safepoint: 339071 ns, Total: 1331297 ns
[2025-10-15T05:38:20.028-0700][1246 ][info ][gc,start    ] GC(263) Pause Young (Mixed) (G1 Evacuation Pause)
[2025-10-15T05:38:20.028-0700][1246 ][info ][gc,task     ] GC(263) Using 113 workers of 113 for evacuation
[2025-10-15T05:38:20.042-0700][1246 ][debug][gc,remset   ] GC(263) Visited cards 10769408 Total dirty 84934656 (12.68%) Total old 512294912 (2.10%)
[2025-10-15T05:38:20.178-0700][1246 ][info ][gc,phases   ] GC(263)   Pre Evacuate Collection Set: 0.7ms
[2025-10-15T05:38:20.178-0700][1246 ][info ][gc,phases   ] GC(263)   Merge Heap Roots: 12.7ms
[2025-10-15T05:38:20.178-0700][1246 ][info ][gc,phases   ] GC(263)   Evacuate Collection Set: 124.3ms
[2025-10-15T05:38:20.178-0700][1246 ][info ][gc,phases   ] GC(263)   Post Evacuate Collection Set: 12.4ms
[2025-10-15T05:38:20.178-0700][1246 ][info ][gc,phases   ] GC(263)   Other: 0.2ms
[2025-10-15T05:38:20.178-0700][1246 ][debug][gc,remset   ] GC(263) Coarsening (recent): Inline->AoC 16343 (0) AoC->Howl 216 (0) Howl->Full 0 (0) Inline->AoC 816 (0) AoC->BitMap 142 (0) BitMap->Full 0 (0) 
[2025-10-15T05:38:20.178-0700][1246 ][debug][gc,remset   ] GC(263) Coarsening (all): Inline->AoC 7380522 (240) AoC->Howl 170547 (660) Howl->Full 0 (0) Inline->AoC 691561 (211) AoC->BitMap 181186 (548) BitMap->Full 3 (0) 
[2025-10-15T05:38:20.178-0700][1246 ][info ][gc,heap     ] GC(263) Eden regions: 3009->0(2228)
[2025-10-15T05:38:20.178-0700][1246 ][info ][gc,heap     ] GC(263) Survivor regions: 132->180(393)
[2025-10-15T05:38:20.178-0700][1246 ][info ][gc,heap     ] GC(263) Old regions: 1412->1311
[2025-10-15T05:38:20.178-0700][1246 ][info ][gc,heap     ] GC(263) Humongous regions: 18->0
[2025-10-15T05:38:20.178-0700][1246 ][info ][gc,metaspace] GC(263) Metaspace: 318233K(324544K)->318233K(324544K) NonClass: 281098K(284480K)->281098K(284480K) Class: 37134K(40064K)->37134K(40064K)
[2025-10-15T05:38:20.178-0700][1246 ][info ][gc          ] GC(263) Pause Young (Mixed) (G1 Evacuation Pause) 146228M->47688M(184320M) 150.397ms
[2025-10-15T05:38:20.180-0700][1246 ][info ][gc,cpu      ] GC(263) User=14.05s Sys=0.00s Real=0.16s
[2025-10-15T05:38:20.181-0700][1246 ][info ][safepoint   ] Safepoint "G1CollectForAllocation", Time since last: 1368120626 ns, Reaching safepoint: 858794 ns, Cleanup: 6941 ns, At safepoint: 153831942 ns, Total: 154697677 ns
[2025-10-15T05:38:26.182-0700][1246 ][info ][safepoint   ] Safepoint "Cleanup", Time since last: 6000387139 ns, Reaching safepoint: 736751 ns, Cleanup: 52048 ns, At safepoint: 431951 ns, Total: 1220750 ns
[2025-10-15T05:38:27.129-0700][1246 ][info ][gc,start    ] GC(264) Pause Young (Mixed) (G1 Evacuation Pause)
[2025-10-15T05:38:27.129-0700][1246 ][info ][gc,task     ] GC(264) Using 113 workers of 113 for evacuation
[2025-10-15T05:38:27.142-0700][1246 ][debug][gc,remset   ] GC(264) Visited cards 10775040 Total dirty 78381056 (13.75%) Total old 450035712 (2.39%)
[2025-10-15T05:38:27.293-0700][1246 ][info ][gc,phases   ] GC(264)   Pre Evacuate Collection Set: 0.8ms
[2025-10-15T05:38:27.293-0700][1246 ][info ][gc,phases   ] GC(264)   Merge Heap Roots: 12.3ms
[2025-10-15T05:38:27.293-0700][1246 ][info ][gc,phases   ] GC(264)   Evacuate Collection Set: 136.4ms
[2025-10-15T05:38:27.293-0700][1246 ][info ][gc,phases   ] GC(264)   Post Evacuate Collection Set: 14.4ms
[2025-10-15T05:38:27.293-0700][1246 ][info ][gc,phases   ] GC(264)   Other: 0.2ms
[2025-10-15T05:38:27.293-0700][1246 ][debug][gc,remset   ] GC(264) Coarsening (recent): Inline->AoC 15716 (0) AoC->Howl 221 (0) Howl->Full 0 (0) Inline->AoC 915 (0) AoC->BitMap 116 (0) BitMap->Full 0 (0) 
[2025-10-15T05:38:27.293-0700][1246 ][debug][gc,remset   ] GC(264) Coarsening (all): Inline->AoC 7396238 (240) AoC->Howl 170768 (660) Howl->Full 0 (0) Inline->AoC 692476 (211) AoC->BitMap 181302 (548) BitMap->Full 3 (0) 
[2025-10-15T05:38:27.293-0700][1246 ][info ][gc,heap     ] GC(264) Eden regions: 2540->0(1436)
[2025-10-15T05:38:27.293-0700][1246 ][info ][gc,heap     ] GC(264) Survivor regions: 180->232(340)
[2025-10-15T05:38:27.293-0700][1246 ][info ][gc,heap     ] GC(264) Old regions: 1311->1208
[2025-10-15T05:38:27.293-0700][1246 ][info ][gc,heap     ] GC(264) Humongous regions: 11->0
[2025-10-15T05:38:27.293-0700][1246 ][info ][gc,metaspace] GC(264) Metaspace: 318242K(324544K)->318242K(324544K) NonClass: 281107K(284480K)->281107K(284480K) Class: 37135K(40064K)->37135K(40064K)
[2025-10-15T05:38:27.293-0700][1246 ][info ][gc          ] GC(264) Pause Young (Mixed) (G1 Evacuation Pause) 129320M->46057M(184320M) 164.172ms
[2025-10-15T05:38:27.294-0700][1246 ][info ][gc,cpu      ] GC(264) User=15.91s Sys=0.07s Real=0.16s
[2025-10-15T05:38:27.296-0700][1246 ][info ][safepoint   ] Safepoint "G1CollectForAllocation", Time since last: 944637048 ns, Reaching safepoint: 898354 ns, Cleanup: 15092 ns, At safepoint: 167603288 ns, Total: 168516734 ns
[2025-10-15T05:38:33.297-0700][1246 ][info ][safepoint   ] Safepoint "Cleanup", Time since last: 6000382582 ns, Reaching safepoint: 848879 ns, Cleanup: 20882 ns, At safepoint: 180101 ns, Total: 1049862 ns
[2025-10-15T05:38:34.613-0700][1246 ][info ][gc,start    ] GC(265) Pause Young (Mixed) (G1 Evacuation Pause)
[2025-10-15T05:38:34.613-0700][1246 ][info ][gc,task     ] GC(265) Using 113 workers of 113 for evacuation
[2025-10-15T05:38:34.626-0700][1246 ][debug][gc,remset   ] GC(265) Visited cards 11122688 Total dirty 71958528 (15.46%) Total old 333971456 (3.33%)
[2025-10-15T05:38:34.782-0700][1246 ][info ][gc,phases   ] GC(265)   Pre Evacuate Collection Set: 0.8ms
[2025-10-15T05:38:34.782-0700][1246 ][info ][gc,phases   ] GC(265)   Merge Heap Roots: 12.2ms
[2025-10-15T05:38:34.782-0700][1246 ][info ][gc,phases   ] GC(265)   Evacuate Collection Set: 141.0ms
[2025-10-15T05:38:34.782-0700][1246 ][info ][gc,phases   ] GC(265)   Post Evacuate Collection Set: 14.5ms
[2025-10-15T05:38:34.782-0700][1246 ][info ][gc,phases   ] GC(265)   Other: 0.2ms
[2025-10-15T05:38:34.782-0700][1246 ][debug][gc,remset   ] GC(265) Coarsening (recent): Inline->AoC 28628 (0) AoC->Howl 206 (0) Howl->Full 0 (0) Inline->AoC 980 (0) AoC->BitMap 72 (0) BitMap->Full 0 (0) 
[2025-10-15T05:38:34.782-0700][1246 ][debug][gc,remset   ] GC(265) Coarsening (all): Inline->AoC 7424866 (240) AoC->Howl 170974 (660) Howl->Full 0 (0) Inline->AoC 693456 (211) AoC->BitMap 181374 (548) BitMap->Full 3 (0) 
[2025-10-15T05:38:34.782-0700][1246 ][info ][gc,heap     ] GC(265) Eden regions: 1655->0(3334)
[2025-10-15T05:38:34.782-0700][1246 ][info ][gc,heap     ] GC(265) Survivor regions: 232->122(236)
[2025-10-15T05:38:34.782-0700][1246 ][info ][gc,heap     ] GC(265) Old regions: 1208->1235
[2025-10-15T05:38:34.782-0700][1246 ][info ][gc,heap     ] GC(265) Humongous regions: 9->0
[2025-10-15T05:38:34.782-0700][1246 ][info ][gc,metaspace] GC(265) Metaspace: 318268K(324544K)->318268K(324544K) NonClass: 281130K(284480K)->281130K(284480K) Class: 37138K(40064K)->37138K(40064K)
[2025-10-15T05:38:34.782-0700][1246 ][info ][gc          ] GC(265) Pause Young (Mixed) (G1 Evacuation Pause) 99305M->43388M(184320M) 168.845ms
[2025-10-15T05:38:34.783-0700][1246 ][info ][gc,cpu      ] GC(265) User=17.23s Sys=0.21s Real=0.17s
[2025-10-15T05:38:34.784-0700][1246 ][info ][safepoint   ] Safepoint "G1CollectForAllocation", Time since last: 1314335696 ns, Reaching safepoint: 861379 ns, Cleanup: 4957 ns, At safepoint: 172225644 ns, Total: 173091980 ns
[2025-10-15T05:38:36.786-0700][1246 ][info ][safepoint   ] Safepoint "Cleanup", Time since last: 2000141696 ns, Reaching safepoint: 1454051 ns, Cleanup: 13430 ns, At safepoint: 275566 ns, Total: 1743047 ns
[2025-10-15T05:38:46.788-0700][1246 ][info ][safepoint   ] Safepoint "Cleanup", Time since last: 10000648276 ns, Reaching safepoint: 1040047 ns, Cleanup: 11317 ns, At safepoint: 433484 ns, Total: 1484848 ns
[2025-10-15T05:38:47.790-0700][1246 ][info ][safepoint   ] Safepoint "Cleanup", Time since last: 1000106326 ns, Reaching safepoint: 844743 ns, Cleanup: 10045 ns, At safepoint: 263417 ns, Total: 1118205 ns
[2025-10-15T05:38:48.793-0700][1246 ][info ][safepoint   ] Safepoint "Cleanup", Time since last: 1000099145 ns, Reaching safepoint: 2950898 ns, Cleanup: 12849 ns, At safepoint: 680335 ns, Total: 3644082 ns
[2025-10-15T05:38:49.795-0700][1246 ][info ][safepoint   ] Safepoint "Cleanup", Time since last: 1000117043 ns, Reaching safepoint: 888569 ns, Cleanup: 16945 ns, At safepoint: 393073 ns, Total: 1298587 ns
[2025-10-15T05:38:51.776-0700][1246 ][info ][gc,start    ] GC(266) Pause Young (Mixed) (G1 Evacuation Pause)
[2025-10-15T05:38:51.776-0700][1246 ][info ][gc,task     ] GC(266) Using 113 workers of 113 for evacuation
[2025-10-15T05:38:51.790-0700][1246 ][debug][gc,remset   ] GC(266) Visited cards 13747968 Total dirty 73924608 (18.60%) Total old 543293440 (2.53%)
[2025-10-15T05:38:51.910-0700][1246 ][debug][gc,remset   ] GC(266) Visited cards 1956352 Total dirty 62062592 (3.15%) Total old 557907968 (0.35%)
[2025-10-15T05:38:51.932-0700][1246 ][info ][gc,phases   ] GC(266)   Pre Evacuate Collection Set: 0.8ms
[2025-10-15T05:38:51.932-0700][1246 ][info ][gc,phases   ] GC(266)   Merge Heap Roots: 13.2ms
[2025-10-15T05:38:51.932-0700][1246 ][info ][gc,phases   ] GC(266)   Evacuate Collection Set: 118.2ms
[2025-10-15T05:38:51.932-0700][1246 ][info ][gc,phases   ] GC(266)   Merge Optional Heap Roots: 1.1ms
[2025-10-15T05:38:51.932-0700][1246 ][info ][gc,phases   ] GC(266)   Evacuate Optional Collection Set: 5.0ms
[2025-10-15T05:38:51.932-0700][1246 ][info ][gc,phases   ] GC(266)   Post Evacuate Collection Set: 17.5ms
[2025-10-15T05:38:51.932-0700][1246 ][info ][gc,phases   ] GC(266)   Other: 0.3ms
[2025-10-15T05:38:51.932-0700][1246 ][debug][gc,remset   ] GC(266) Coarsening (recent): Inline->AoC 44186 (0) AoC->Howl 704 (0) Howl->Full 0 (0) Inline->AoC 1604 (0) AoC->BitMap 616 (0) BitMap->Full 0 (0) 
[2025-10-15T05:38:51.932-0700][1246 ][debug][gc,remset   ] GC(266) Coarsening (all): Inline->AoC 7469052 (240) AoC->Howl 171678 (660) Howl->Full 0 (0) Inline->AoC 695060 (211) AoC->BitMap 181990 (548) BitMap->Full 3 (0) 
[2025-10-15T05:38:51.932-0700][1246 ][info ][gc,heap     ] GC(266) Eden regions: 3334->0(2258)
[2025-10-15T05:38:51.932-0700][1246 ][info ][gc,heap     ] GC(266) Survivor regions: 122->180(432)
[2025-10-15T05:38:51.932-0700][1246 ][info ][gc,heap     ] GC(266) Old regions: 1235->1115
[2025-10-15T05:38:51.932-0700][1246 ][info ][gc,heap     ] GC(266) Humongous regions: 26->0
[2025-10-15T05:38:51.932-0700][1246 ][info ][gc,metaspace] GC(266) Metaspace: 318286K(324544K)->318286K(324544K) NonClass: 281146K(284480K)->281146K(284480K) Class: 37139K(40064K)->37139K(40064K)
[2025-10-15T05:38:51.932-0700][1246 ][info ][gc          ] GC(266) Pause Young (Mixed) (G1 Evacuation Pause) 150908M->41436M(184320M) 156.241ms
[2025-10-15T05:38:51.933-0700][1246 ][info ][gc,cpu      ] GC(266) User=15.16s Sys=0.44s Real=0.16s
[2025-10-15T05:38:51.935-0700][1246 ][info ][safepoint   ] Safepoint "G1CollectForAllocation", Time since last: 1979162958 ns, Reaching safepoint: 878704 ns, Cleanup: 7091 ns, At safepoint: 159623611 ns, Total: 160509406 ns
[2025-10-15T05:38:52.936-0700][1246 ][info ][safepoint   ] Safepoint "Cleanup", Time since last: 1000086236 ns, Reaching safepoint: 1173589 ns, Cleanup: 10686 ns, At safepoint: 125349 ns, Total: 1309624 ns
[2025-10-15T05:39:00.938-0700][1246 ][info ][safepoint   ] Safepoint "Cleanup", Time since last: 8000528854 ns, Reaching safepoint: 871974 ns, Cleanup: 12769 ns, At safepoint: 441886 ns, Total: 1326629 ns
[2025-10-15T05:39:01.766-0700][1246 ][info ][gc,start    ] GC(267) Pause Young (Mixed) (G1 Evacuation Pause)
[2025-10-15T05:39:01.766-0700][1246 ][info ][gc,task     ] GC(267) Using 113 workers of 113 for evacuation
[2025-10-15T05:39:01.780-0700][1246 ][debug][gc,remset   ] GC(267) Visited cards 14081280 Total dirty 66650112 (21.13%) Total old 422510592 (3.33%)
[2025-10-15T05:39:01.942-0700][1246 ][info ][gc,phases   ] GC(267)   Pre Evacuate Collection Set: 0.7ms
[2025-10-15T05:39:01.942-0700][1246 ][info ][gc,phases   ] GC(267)   Merge Heap Roots: 13.1ms
[2025-10-15T05:39:01.942-0700][1246 ][info ][gc,phases   ] GC(267)   Evacuate Collection Set: 146.1ms
[2025-10-15T05:39:01.942-0700][1246 ][info ][gc,phases   ] GC(267)   Post Evacuate Collection Set: 16.0ms
[2025-10-15T05:39:01.942-0700][1246 ][info ][gc,phases   ] GC(267)   Other: 0.2ms
[2025-10-15T05:39:01.942-0700][1246 ][debug][gc,remset   ] GC(267) Coarsening (recent): Inline->AoC 46255 (1) AoC->Howl 235 (1) Howl->Full 0 (0) Inline->AoC 854 (0) AoC->BitMap 148 (0) BitMap->Full 0 (0) 
[2025-10-15T05:39:01.942-0700][1246 ][debug][gc,remset   ] GC(267) Coarsening (all): Inline->AoC 7515307 (241) AoC->Howl 171913 (661) Howl->Full 0 (0) Inline->AoC 695914 (211) AoC->BitMap 182138 (548) BitMap->Full 3 (0) 
[2025-10-15T05:39:01.942-0700][1246 ][info ][gc,heap     ] GC(267) Eden regions: 2426->0(2158)
[2025-10-15T05:39:01.942-0700][1246 ][info ][gc,heap     ] GC(267) Survivor regions: 180->177(326)
[2025-10-15T05:39:01.942-0700][1246 ][info ][gc,heap     ] GC(267) Old regions: 1115->1068
[2025-10-15T05:39:01.942-0700][1246 ][info ][gc,heap     ] GC(267) Humongous regions: 15->0
[2025-10-15T05:39:01.942-0700][1246 ][info ][gc,metaspace] GC(267) Metaspace: 318316K(324608K)->318316K(324608K) NonClass: 281171K(284544K)->281171K(284544K) Class: 37144K(40064K)->37144K(40064K)
[2025-10-15T05:39:01.942-0700][1246 ][info ][gc          ] GC(267) Pause Young (Mixed) (G1 Evacuation Pause) 119548M->39788M(184320M) 176.349ms
[2025-10-15T05:39:01.943-0700][1246 ][info ][gc,cpu      ] GC(267) User=16.56s Sys=0.26s Real=0.18s
[2025-10-15T05:39:01.945-0700][1246 ][info ][safepoint   ] Safepoint "G1CollectForAllocation", Time since last: 826038246 ns, Reaching safepoint: 828929 ns, Cleanup: 11638 ns, At safepoint: 179889254 ns, Total: 180729821 ns
[2025-10-15T05:39:02.946-0700][1246 ][info ][safepoint   ] Safepoint "Cleanup", Time since last: 1000084897 ns, Reaching safepoint: 811643 ns, Cleanup: 11788 ns, At safepoint: 152660 ns, Total: 976091 ns
[2025-10-15T05:39:03.947-0700][1246 ][info ][safepoint   ] Safepoint "Cleanup", Time since last: 1000113983 ns, Reaching safepoint: 971774 ns, Cleanup: 18478 ns, At safepoint: 255225 ns, Total: 1245477 ns
[2025-10-15T05:39:05.948-0700][1246 ][info ][safepoint   ] Safepoint "Cleanup", Time since last: 2000162857 ns, Reaching safepoint: 857993 ns, Cleanup: 10466 ns, At safepoint: 218118 ns, Total: 1086577 ns
[2025-10-15T05:39:08.950-0700][1246 ][info ][safepoint   ] Safepoint "Cleanup", Time since last: 3000236619 ns, Reaching safepoint: 889661 ns, Cleanup: 14973 ns, At safepoint: 353272 ns, Total: 1257906 ns
[2025-10-15T05:39:09.951-0700][1246 ][info ][safepoint   ] Safepoint "Cleanup", Time since last: 1000108434 ns, Reaching safepoint: 892966 ns, Cleanup: 18758 ns, At safepoint: 614576 ns, Total: 1526300 ns
[2025-10-15T05:39:10.081-0700][1246 ][info ][gc,start    ] GC(268) Pause Young (Mixed) (G1 Evacuation Pause)
[2025-10-15T05:39:10.081-0700][1246 ][info ][gc,task     ] GC(268) Using 113 workers of 113 for evacuation
[2025-10-15T05:39:10.095-0700][1246 ][debug][gc,remset   ] GC(268) Visited cards 15891456 Total dirty 63307776 (25.10%) Total old 423821312 (3.75%)
[2025-10-15T05:39:10.262-0700][1246 ][info ][gc,phases   ] GC(268)   Pre Evacuate Collection Set: 0.7ms
[2025-10-15T05:39:10.262-0700][1246 ][info ][gc,phases   ] GC(268)   Merge Heap Roots: 12.6ms
[2025-10-15T05:39:10.262-0700][1246 ][info ][gc,phases   ] GC(268)   Evacuate Collection Set: 154.3ms
[2025-10-15T05:39:10.262-0700][1246 ][info ][gc,phases   ] GC(268)   Post Evacuate Collection Set: 12.8ms
[2025-10-15T05:39:10.262-0700][1246 ][info ][gc,phases   ] GC(268)   Other: 0.2ms
[2025-10-15T05:39:10.262-0700][1246 ][debug][gc,remset   ] GC(268) Coarsening (recent): Inline->AoC 34706 (0) AoC->Howl 261 (0) Howl->Full 0 (0) Inline->AoC 932 (0) AoC->BitMap 182 (0) BitMap->Full 0 (0) 
[2025-10-15T05:39:10.262-0700][1246 ][debug][gc,remset   ] GC(268) Coarsening (all): Inline->AoC 7550013 (241) AoC->Howl 172174 (661) Howl->Full 0 (0) Inline->AoC 696846 (211) AoC->BitMap 182320 (548) BitMap->Full 3 (0) 
[2025-10-15T05:39:10.262-0700][1246 ][info ][gc,heap     ] GC(268) Eden regions: 2464->0(1524)
[2025-10-15T05:39:10.262-0700][1246 ][info ][gc,heap     ] GC(268) Survivor regions: 177->210(331)
[2025-10-15T05:39:10.262-0700][1246 ][info ][gc,heap     ] GC(268) Old regions: 1068->983
[2025-10-15T05:39:10.262-0700][1246 ][info ][gc,heap     ] GC(268) Humongous regions: 12->0
[2025-10-15T05:39:10.262-0700][1246 ][info ][gc,metaspace] GC(268) Metaspace: 318378K(324672K)->318378K(324672K) NonClass: 281222K(284608K)->281222K(284608K) Class: 37156K(40064K)->37156K(40064K)
[2025-10-15T05:39:10.262-0700][1246 ][info ][gc          ] GC(268) Pause Young (Mixed) (G1 Evacuation Pause) 119020M->38151M(184320M) 180.901ms
[2025-10-15T05:39:10.263-0700][1246 ][info ][gc,cpu      ] GC(268) User=16.21s Sys=0.22s Real=0.18s
[2025-10-15T05:39:10.264-0700][1246 ][info ][safepoint   ] Safepoint "G1CollectForAllocation", Time since last: 127821052 ns, Reaching safepoint: 766866 ns, Cleanup: 4537 ns, At safepoint: 184440264 ns, Total: 185211667 ns
[2025-10-15T05:39:11.274-0700][1246 ][info ][safepoint   ] Safepoint "Cleanup", Time since last: 1000081293 ns, Reaching safepoint: 7023085 ns, Cleanup: 24727 ns, At safepoint: 2354358 ns, Total: 9402170 ns
[2025-10-15T05:39:13.276-0700][1246 ][info ][safepoint   ] Safepoint "Cleanup", Time since last: 2000178000 ns, Reaching safepoint: 936902 ns, Cleanup: 10986 ns, At safepoint: 1095872 ns, Total: 2043760 ns
[2025-10-15T05:39:15.278-0700][1246 ][info ][safepoint   ] Safepoint "Cleanup", Time since last: 2000179592 ns, Reaching safepoint: 908550 ns, Cleanup: 12759 ns, At safepoint: 501916 ns, Total: 1423225 ns
[2025-10-15T05:39:16.279-0700][1246 ][info ][safepoint   ] Safepoint "Cleanup", Time since last: 1000108084 ns, Reaching safepoint: 866436 ns, Cleanup: 12248 ns, At safepoint: 679855 ns, Total: 1558539 ns
[2025-10-15T05:39:17.762-0700][1246 ][info ][gc,start    ] GC(269) Pause Young (Mixed) (G1 Evacuation Pause)
[2025-10-15T05:39:17.762-0700][1246 ][info ][gc,task     ] GC(269) Using 113 workers of 113 for evacuation
[2025-10-15T05:39:17.774-0700][1246 ][debug][gc,remset   ] GC(269) Visited cards 15261184 Total dirty 59834368 (25.51%) Total old 380174336 (4.01%)
[2025-10-15T05:39:17.962-0700][1246 ][info ][gc,mmu      ] GC(269) MMU target violated: 200.4ms (200.0ms/201.0ms)
[2025-10-15T05:39:17.962-0700][1246 ][info ][gc,phases   ] GC(269)   Pre Evacuate Collection Set: 0.7ms
[2025-10-15T05:39:17.962-0700][1246 ][info ][gc,phases   ] GC(269)   Merge Heap Roots: 11.8ms
[2025-10-15T05:39:17.962-0700][1246 ][info ][gc,phases   ] GC(269)   Evacuate Collection Set: 175.9ms
[2025-10-15T05:39:17.962-0700][1246 ][info ][gc,phases   ] GC(269)   Post Evacuate Collection Set: 11.8ms
[2025-10-15T05:39:17.962-0700][1246 ][info ][gc,phases   ] GC(269)   Other: 0.2ms
[2025-10-15T05:39:17.962-0700][1246 ][debug][gc,remset   ] GC(269) Coarsening (recent): Inline->AoC 28853 (0) AoC->Howl 147 (0) Howl->Full 0 (0) Inline->AoC 595 (0) AoC->BitMap 98 (0) BitMap->Full 0 (0) 
[2025-10-15T05:39:17.962-0700][1246 ][debug][gc,remset   ] GC(269) Coarsening (all): Inline->AoC 7578866 (241) AoC->Howl 172321 (661) Howl->Full 0 (0) Inline->AoC 697441 (211) AoC->BitMap 182418 (548) BitMap->Full 3 (0) 
[2025-10-15T05:39:17.962-0700][1246 ][info ][gc,heap     ] GC(269) Eden regions: 2161->0(3265)
[2025-10-15T05:39:17.962-0700][1246 ][info ][gc,heap     ] GC(269) Survivor regions: 210->191(297)
[2025-10-15T05:39:17.962-0700][1246 ][info ][gc,heap     ] GC(269) Old regions: 983->1010
[2025-10-15T05:39:17.962-0700][1246 ][info ][gc,heap     ] GC(269) Humongous regions: 6->0
[2025-10-15T05:39:17.962-0700][1246 ][info ][gc,metaspace] GC(269) Metaspace: 318417K(324800K)->318417K(324800K) NonClass: 281256K(284672K)->281256K(284672K) Class: 37161K(40128K)->37161K(40128K)
[2025-10-15T05:39:17.962-0700][1246 ][info ][gc          ] GC(269) Pause Young (Mixed) (G1 Evacuation Pause) 107495M->38399M(184320M) 200.593ms
[2025-10-15T05:39:17.964-0700][1246 ][info ][gc,cpu      ] GC(269) User=18.91s Sys=0.22s Real=0.20s
[2025-10-15T05:39:17.965-0700][1246 ][info ][safepoint   ] Safepoint "G1CollectForAllocation", Time since last: 1480426451 ns, Reaching safepoint: 938004 ns, Cleanup: 8022 ns, At safepoint: 204138341 ns, Total: 205084367 ns
[2025-10-15T05:39:21.966-0700][1246 ][info ][safepoint   ] Safepoint "Cleanup", Time since last: 4000274197 ns, Reaching safepoint: 880858 ns, Cleanup: 11216 ns, At safepoint: 248555 ns, Total: 1140629 ns
[2025-10-15T05:39:26.968-0700][1246 ][info ][safepoint   ] Safepoint "Cleanup", Time since last: 5000346818 ns, Reaching safepoint: 834258 ns, Cleanup: 12318 ns, At safepoint: 264559 ns, Total: 1111135 ns
[2025-10-15T05:39:31.969-0700][1246 ][info ][safepoint   ] Safepoint "Cleanup", Time since last: 5000340497 ns, Reaching safepoint: 873376 ns, Cleanup: 14231 ns, At safepoint: 401345 ns, Total: 1288952 ns
[2025-10-15T05:39:32.991-0700][1246 ][info ][safepoint   ] Safepoint "Cleanup", Time since last: 1000120583 ns, Reaching safepoint: 18767625 ns, Cleanup: 13731 ns, At safepoint: 2350913 ns, Total: 21132269 ns
[2025-10-15T05:39:33.995-0700][1246 ][info ][safepoint   ] Safepoint "Cleanup", Time since last: 1000133101 ns, Reaching safepoint: 1076893 ns, Cleanup: 13891 ns, At safepoint: 2923436 ns, Total: 4014220 ns
[2025-10-15T05:39:34.229-0700][1246 ][info ][gc,start    ] GC(270) Pause Young (Normal) (G1 Evacuation Pause)
[2025-10-15T05:39:34.229-0700][1246 ][info ][gc,task     ] GC(270) Using 113 workers of 113 for evacuation
[2025-10-15T05:39:34.245-0700][1246 ][debug][gc,remset   ] GC(270) Visited cards 8882944 Total dirty 62980096 (14.10%) Total old 521076736 (1.70%)
[2025-10-15T05:39:34.403-0700][1246 ][info ][gc,phases   ] GC(270)   Pre Evacuate Collection Set: 0.8ms
[2025-10-15T05:39:34.403-0700][1246 ][info ][gc,phases   ] GC(270)   Merge Heap Roots: 14.8ms
[2025-10-15T05:39:34.403-0700][1246 ][info ][gc,phases   ] GC(270)   Evacuate Collection Set: 145.2ms
[2025-10-15T05:39:34.403-0700][1246 ][info ][gc,phases   ] GC(270)   Post Evacuate Collection Set: 13.1ms
[2025-10-15T05:39:34.403-0700][1246 ][info ][gc,phases   ] GC(270)   Other: 0.2ms
[2025-10-15T05:39:34.403-0700][1246 ][debug][gc,remset   ] GC(270) Coarsening (recent): Inline->AoC 21888 (0) AoC->Howl 65 (0) Howl->Full 0 (0) Inline->AoC 212 (0) AoC->BitMap 41 (0) BitMap->Full 0 (0) 
[2025-10-15T05:39:34.403-0700][1246 ][debug][gc,remset   ] GC(270) Coarsening (all): Inline->AoC 7600754 (241) AoC->Howl 172386 (661) Howl->Full 0 (0) Inline->AoC 697653 (211) AoC->BitMap 182459 (548) BitMap->Full 3 (0) 
[2025-10-15T05:39:34.403-0700][1246 ][info ][gc,heap     ] GC(270) Eden regions: 3265->0(2068)
[2025-10-15T05:39:34.403-0700][1246 ][info ][gc,heap     ] GC(270) Survivor regions: 191->245(432)
[2025-10-15T05:39:34.403-0700][1246 ][info ][gc,heap     ] GC(270) Old regions: 1010->1010
[2025-10-15T05:39:34.403-0700][1246 ][info ][gc,heap     ] GC(270) Humongous regions: 29->1
[2025-10-15T05:39:34.403-0700][1246 ][info ][gc,metaspace] GC(270) Metaspace: 318420K(324800K)->318420K(324800K) NonClass: 281258K(284672K)->281258K(284672K) Class: 37161K(40128K)->37161K(40128K)
[2025-10-15T05:39:34.403-0700][1246 ][info ][gc          ] GC(270) Pause Young (Normal) (G1 Evacuation Pause) 143807M->40178M(184320M) 174.191ms
[2025-10-15T05:39:34.404-0700][1246 ][info ][gc,cpu      ] GC(270) User=17.22s Sys=0.25s Real=0.17s
[2025-10-15T05:39:34.405-0700][1246 ][info ][safepoint   ] Safepoint "G1CollectForAllocation", Time since last: 231917528 ns, Reaching safepoint: 1060448 ns, Cleanup: 14952 ns, At safepoint: 177691273 ns, Total: 178766673 ns
[2025-10-15T05:39:43.565-0700][1246 ][info ][gc,start    ] GC(271) Pause Young (Normal) (G1 Evacuation Pause)
[2025-10-15T05:39:43.566-0700][1246 ][info ][gc,task     ] GC(271) Using 113 workers of 113 for evacuation
[2025-10-15T05:39:43.580-0700][1246 ][debug][gc,remset   ] GC(271) Visited cards 8853248 Total dirty 62980096 (14.06%) Total old 401670144 (2.20%)
[2025-10-15T05:39:43.753-0700][1246 ][info ][gc,phases   ] GC(271)   Pre Evacuate Collection Set: 0.7ms
[2025-10-15T05:39:43.753-0700][1246 ][info ][gc,phases   ] GC(271)   Merge Heap Roots: 13.4ms
[2025-10-15T05:39:43.753-0700][1246 ][info ][gc,phases   ] GC(271)   Evacuate Collection Set: 159.8ms
[2025-10-15T05:39:43.753-0700][1246 ][info ][gc,phases   ] GC(271)   Post Evacuate Collection Set: 12.9ms
[2025-10-15T05:39:43.753-0700][1246 ][info ][gc,phases   ] GC(271)   Other: 0.2ms
[2025-10-15T05:39:43.753-0700][1246 ][debug][gc,remset   ] GC(271) Coarsening (recent): Inline->AoC 22928 (0) AoC->Howl 63 (0) Howl->Full 0 (0) Inline->AoC 347 (0) AoC->BitMap 13 (0) BitMap->Full 0 (0) 
[2025-10-15T05:39:43.753-0700][1246 ][debug][gc,remset   ] GC(271) Coarsening (all): Inline->AoC 7623682 (241) AoC->Howl 172449 (661) Howl->Full 0 (0) Inline->AoC 698000 (211) AoC->BitMap 182472 (548) BitMap->Full 3 (0) 
[2025-10-15T05:39:43.753-0700][1246 ][info ][gc,heap     ] GC(271) Eden regions: 2309->0(3253)
[2025-10-15T05:39:43.753-0700][1246 ][info ][gc,heap     ] GC(271) Survivor regions: 245->203(320)
[2025-10-15T05:39:43.753-0700][1246 ][info ][gc,heap     ] GC(271) Old regions: 1010->1091
[2025-10-15T05:39:43.753-0700][1246 ][info ][gc,heap     ] GC(271) Humongous regions: 11->0
[2025-10-15T05:39:43.753-0700][1246 ][info ][gc,metaspace] GC(271) Metaspace: 318420K(324800K)->318420K(324800K) NonClass: 281259K(284672K)->281259K(284672K) Class: 37161K(40128K)->37161K(40128K)
[2025-10-15T05:39:43.753-0700][1246 ][info ][gc          ] GC(271) Pause Young (Normal) (G1 Evacuation Pause) 114386M->41360M(184320M) 187.323ms
[2025-10-15T05:39:43.754-0700][1246 ][info ][gc,cpu      ] GC(271) User=18.37s Sys=0.27s Real=0.19s
[2025-10-15T05:39:43.755-0700][1246 ][info ][safepoint   ] Safepoint "G1CollectForAllocation", Time since last: 9157985500 ns, Reaching safepoint: 843311 ns, Cleanup: 5869 ns, At safepoint: 190876093 ns, Total: 191725273 ns
[2025-10-15T05:39:44.756-0700][1246 ][info ][safepoint   ] Safepoint "Cleanup", Time since last: 1000084598 ns, Reaching safepoint: 819876 ns, Cleanup: 20691 ns, At safepoint: 224709 ns, Total: 1065276 ns
[2025-10-15T05:39:45.758-0700][1246 ][info ][safepoint   ] Safepoint "Cleanup", Time since last: 1000102285 ns, Reaching safepoint: 861969 ns, Cleanup: 18287 ns, At safepoint: 344379 ns, Total: 1224635 ns
[2025-10-15T05:39:54.759-0700][1246 ][info ][safepoint   ] Safepoint "Cleanup", Time since last: 9000576185 ns, Reaching safepoint: 849100 ns, Cleanup: 19770 ns, At safepoint: 326712 ns, Total: 1195582 ns
[2025-10-15T05:39:55.761-0700][1246 ][info ][safepoint   ] Safepoint "Cleanup", Time since last: 1000101284 ns, Reaching safepoint: 935730 ns, Cleanup: 19289 ns, At safepoint: 562748 ns, Total: 1517767 ns
[2025-10-15T05:39:56.497-0700][1246 ][info ][gc,start    ] GC(272) Pause Young (Normal) (G1 Evacuation Pause)
[2025-10-15T05:39:56.497-0700][1246 ][info ][gc,task     ] GC(272) Using 113 workers of 113 for evacuation
[2025-10-15T05:39:56.512-0700][1246 ][debug][gc,remset   ] GC(272) Visited cards 9083904 Total dirty 67960832 (13.37%) Total old 525467648 (1.73%)
[2025-10-15T05:39:56.682-0700][1246 ][info ][gc,phases   ] GC(272)   Pre Evacuate Collection Set: 0.7ms
[2025-10-15T05:39:56.682-0700][1246 ][info ][gc,phases   ] GC(272)   Merge Heap Roots: 13.8ms
[2025-10-15T05:39:56.682-0700][1246 ][info ][gc,phases   ] GC(272)   Evacuate Collection Set: 156.0ms
[2025-10-15T05:39:56.682-0700][1246 ][info ][gc,phases   ] GC(272)   Post Evacuate Collection Set: 14.1ms
[2025-10-15T05:39:56.682-0700][1246 ][info ][gc,phases   ] GC(272)   Other: 0.2ms
[2025-10-15T05:39:56.682-0700][1246 ][debug][gc,remset   ] GC(272) Coarsening (recent): Inline->AoC 38831 (0) AoC->Howl 143 (2) Howl->Full 0 (0) Inline->AoC 428 (0) AoC->BitMap 102 (2) BitMap->Full 0 (0) 
[2025-10-15T05:39:56.682-0700][1246 ][debug][gc,remset   ] GC(272) Coarsening (all): Inline->AoC 7662513 (241) AoC->Howl 172592 (663) Howl->Full 0 (0) Inline->AoC 698428 (211) AoC->BitMap 182574 (550) BitMap->Full 3 (0) 
[2025-10-15T05:39:56.682-0700][1246 ][info ][gc,heap     ] GC(272) Eden regions: 3253->0(1793)
[2025-10-15T05:39:56.682-0700][1246 ][info ][gc,heap     ] GC(272) Survivor regions: 203->262(432)
[2025-10-15T05:39:56.682-0700][1246 ][info ][gc,heap     ] GC(272) Old regions: 1091->1091
[2025-10-15T05:39:56.682-0700][1246 ][info ][gc,heap     ] GC(272) Humongous regions: 15->0
[2025-10-15T05:39:56.682-0700][1246 ][info ][gc,metaspace] GC(272) Metaspace: 318431K(324800K)->318431K(324800K) NonClass: 281268K(284672K)->281268K(284672K) Class: 37163K(40128K)->37163K(40128K)
[2025-10-15T05:39:56.682-0700][1246 ][info ][gc          ] GC(272) Pause Young (Normal) (G1 Evacuation Pause) 145936M->43257M(184320M) 184.905ms
[2025-10-15T05:39:56.683-0700][1246 ][info ][gc,cpu      ] GC(272) User=18.02s Sys=0.32s Real=0.19s
[2025-10-15T05:39:56.684-0700][1246 ][info ][safepoint   ] Safepoint "G1CollectForAllocation", Time since last: 734006767 ns, Reaching safepoint: 828609 ns, Cleanup: 17917 ns, At safepoint: 188441123 ns, Total: 189287649 ns
[2025-10-15T05:39:57.686-0700][1246 ][info ][safepoint   ] Safepoint "Cleanup", Time since last: 1000258741 ns, Reaching safepoint: 1173388 ns, Cleanup: 18629 ns, At safepoint: 415987 ns, Total: 1608004 ns
[2025-10-15T05:40:01.673-0700][1246 ][info ][safepoint   ] Safepoint "Cleanup", Time since last: 3982711176 ns, Reaching safepoint: 3923053 ns, Cleanup: 13470 ns, At safepoint: 614486 ns, Total: 4551009 ns
[2025-10-15T05:40:02.675-0700][1246 ][info ][safepoint   ] Safepoint "Cleanup", Time since last: 1000139201 ns, Reaching safepoint: 964744 ns, Cleanup: 11377 ns, At safepoint: 368415 ns, Total: 1344536 ns
[2025-10-15T05:40:03.676-0700][1246 ][info ][safepoint   ] Safepoint "Cleanup", Time since last: 1000099511 ns, Reaching safepoint: 769950 ns, Cleanup: 16986 ns, At safepoint: 382386 ns, Total: 1169322 ns
[2025-10-15T05:40:04.593-0700][1246 ][info ][gc,start    ] GC(273) Pause Young (Normal) (G1 Evacuation Pause)
[2025-10-15T05:40:04.593-0700][1246 ][info ][gc,task     ] GC(273) Using 113 workers of 113 for evacuation
[2025-10-15T05:40:04.606-0700][1246 ][debug][gc,remset   ] GC(273) Visited cards 9077504 Total dirty 67960832 (13.36%) Total old 344850432 (2.63%)
[2025-10-15T05:40:04.770-0700][1246 ][info ][gc,phases   ] GC(273)   Pre Evacuate Collection Set: 0.7ms
[2025-10-15T05:40:04.770-0700][1246 ][info ][gc,phases   ] GC(273)   Merge Heap Roots: 11.9ms
[2025-10-15T05:40:04.770-0700][1246 ][info ][gc,phases   ] GC(273)   Evacuate Collection Set: 152.8ms
[2025-10-15T05:40:04.770-0700][1246 ][info ][gc,phases   ] GC(273)   Post Evacuate Collection Set: 10.9ms
[2025-10-15T05:40:04.770-0700][1246 ][info ][gc,phases   ] GC(273)   Other: 0.1ms
[2025-10-15T05:40:04.770-0700][1246 ][debug][gc,remset   ] GC(273) Coarsening (recent): Inline->AoC 39277 (0) AoC->Howl 106 (0) Howl->Full 0 (0) Inline->AoC 536 (0) AoC->BitMap 50 (0) BitMap->Full 0 (0) 
[2025-10-15T05:40:04.770-0700][1246 ][debug][gc,remset   ] GC(273) Coarsening (all): Inline->AoC 7701790 (241) AoC->Howl 172698 (663) Howl->Full 0 (0) Inline->AoC 698964 (211) AoC->BitMap 182624 (550) BitMap->Full 3 (0) 
[2025-10-15T05:40:04.770-0700][1246 ][info ][gc,heap     ] GC(273) Eden regions: 1817->0(3322)
[2025-10-15T05:40:04.770-0700][1246 ][info ][gc,heap     ] GC(273) Survivor regions: 262->134(260)
[2025-10-15T05:40:04.770-0700][1246 ][info ][gc,heap     ] GC(273) Old regions: 1091->1244
[2025-10-15T05:40:04.770-0700][1246 ][info ][gc,heap     ] GC(273) Humongous regions: 13->1
[2025-10-15T05:40:04.770-0700][1246 ][info ][gc,metaspace] GC(273) Metaspace: 318480K(324864K)->318480K(324864K) NonClass: 281311K(284736K)->281311K(284736K) Class: 37169K(40128K)->37169K(40128K)
[2025-10-15T05:40:04.770-0700][1246 ][info ][gc          ] GC(273) Pause Young (Normal) (G1 Evacuation Pause) 101817M->44099M(184320M) 176.665ms
[2025-10-15T05:40:04.771-0700][1246 ][info ][gc,cpu      ] GC(273) User=18.12s Sys=0.20s Real=0.18s
[2025-10-15T05:40:04.772-0700][1246 ][info ][safepoint   ] Safepoint "G1CollectForAllocation", Time since last: 915005354 ns, Reaching safepoint: 772063 ns, Cleanup: 4487 ns, At safepoint: 180124209 ns, Total: 180900759 ns
[2025-10-15T05:40:05.773-0700][1246 ][info ][safepoint   ] Safepoint "Cleanup", Time since last: 1000084909 ns, Reaching safepoint: 747206 ns, Cleanup: 9374 ns, At safepoint: 119450 ns, Total: 876030 ns
[2025-10-15T05:40:06.774-0700][1246 ][info ][safepoint   ] Safepoint "Cleanup", Time since last: 1000105631 ns, Reaching safepoint: 782479 ns, Cleanup: 16084 ns, At safepoint: 175505 ns, Total: 974068 ns
[2025-10-15T05:40:08.776-0700][1246 ][info ][safepoint   ] Safepoint "Cleanup", Time since last: 2000115980 ns, Reaching safepoint: 918404 ns, Cleanup: 16015 ns, At safepoint: 444209 ns, Total: 1378628 ns
[2025-10-15T05:40:09.777-0700][1246 ][info ][safepoint   ] Safepoint "Cleanup", Time since last: 1000108226 ns, Reaching safepoint: 855910 ns, Cleanup: 17326 ns, At safepoint: 480685 ns, Total: 1353921 ns
[2025-10-15T05:40:15.796-0700][1246 ][info ][safepoint   ] Safepoint "Cleanup", Time since last: 6000420891 ns, Reaching safepoint: 15895327 ns, Cleanup: 14281 ns, At safepoint: 2484785 ns, Total: 18394393 ns
[2025-10-15T05:40:17.091-0700][1246 ][info ][gc,start    ] GC(274) Pause Young (Normal) (G1 Evacuation Pause)
[2025-10-15T05:40:17.091-0700][1246 ][info ][gc,task     ] GC(274) Using 113 workers of 113 for evacuation
[2025-10-15T05:40:17.104-0700][1246 ][debug][gc,remset   ] GC(274) Visited cards 9327872 Total dirty 76808192 (12.14%) Total old 535625728 (1.74%)
[2025-10-15T05:40:17.240-0700][1246 ][info ][gc,phases   ] GC(274)   Pre Evacuate Collection Set: 0.7ms
[2025-10-15T05:40:17.240-0700][1246 ][info ][gc,phases   ] GC(274)   Merge Heap Roots: 12.4ms
[2025-10-15T05:40:17.240-0700][1246 ][info ][gc,phases   ] GC(274)   Evacuate Collection Set: 121.4ms
[2025-10-15T05:40:17.240-0700][1246 ][info ][gc,phases   ] GC(274)   Post Evacuate Collection Set: 13.7ms
[2025-10-15T05:40:17.240-0700][1246 ][info ][gc,phases   ] GC(274)   Other: 0.2ms
[2025-10-15T05:40:17.240-0700][1246 ][debug][gc,remset   ] GC(274) Coarsening (recent): Inline->AoC 36629 (3) AoC->Howl 102 (7) Howl->Full 0 (0) Inline->AoC 237 (4) AoC->BitMap 91 (9) BitMap->Full 0 (0) 
[2025-10-15T05:40:17.240-0700][1246 ][debug][gc,remset   ] GC(274) Coarsening (all): Inline->AoC 7738419 (244) AoC->Howl 172800 (670) Howl->Full 0 (0) Inline->AoC 699201 (215) AoC->BitMap 182715 (559) BitMap->Full 3 (0) 
[2025-10-15T05:40:17.240-0700][1246 ][info ][gc,heap     ] GC(274) Eden regions: 3322->0(3267)
[2025-10-15T05:40:17.240-0700][1246 ][info ][gc,heap     ] GC(274) Survivor regions: 134->189(432)
[2025-10-15T05:40:17.240-0700][1246 ][info ][gc,heap     ] GC(274) Old regions: 1244->1244
[2025-10-15T05:40:17.240-0700][1246 ][info ][gc,heap     ] GC(274) Humongous regions: 17->0
[2025-10-15T05:40:17.240-0700][1246 ][info ][gc,metaspace] GC(274) Metaspace: 318541K(324928K)->318541K(324928K) NonClass: 281360K(284800K)->281360K(284800K) Class: 37180K(40128K)->37180K(40128K)
[2025-10-15T05:40:17.240-0700][1246 ][info ][gc          ] GC(274) Pause Young (Normal) (G1 Evacuation Pause) 150915M->45846M(184320M) 148.626ms
[2025-10-15T05:40:17.241-0700][1246 ][info ][gc,cpu      ] GC(274) User=13.94s Sys=0.34s Real=0.15s
[2025-10-15T05:40:17.242-0700][1246 ][info ][safepoint   ] Safepoint "G1CollectForAllocation", Time since last: 1293369457 ns, Reaching safepoint: 820216 ns, Cleanup: 5088 ns, At safepoint: 152200905 ns, Total: 153026209 ns
[2025-10-15T05:40:29.234-0700][1246 ][info ][gc,start    ] GC(275) Pause Young (Normal) (G1 Evacuation Pause)
[2025-10-15T05:40:29.234-0700][1246 ][info ][gc,task     ] GC(275) Using 113 workers of 113 for evacuation
[2025-10-15T05:40:29.248-0700][1246 ][debug][gc,remset   ] GC(275) Visited cards 9408512 Total dirty 76873728 (12.24%) Total old 535625728 (1.76%)
[2025-10-15T05:40:29.410-0700][1246 ][info ][gc,phases   ] GC(275)   Pre Evacuate Collection Set: 0.7ms
[2025-10-15T05:40:29.410-0700][1246 ][info ][gc,phases   ] GC(275)   Merge Heap Roots: 12.4ms
[2025-10-15T05:40:29.410-0700][1246 ][info ][gc,phases   ] GC(275)   Evacuate Collection Set: 147.5ms
[2025-10-15T05:40:29.410-0700][1246 ][info ][gc,phases   ] GC(275)   Post Evacuate Collection Set: 14.4ms
[2025-10-15T05:40:29.410-0700][1246 ][info ][gc,phases   ] GC(275)   Other: 0.2ms
[2025-10-15T05:40:29.410-0700][1246 ][debug][gc,remset   ] GC(275) Coarsening (recent): Inline->AoC 45441 (5) AoC->Howl 62 (1) Howl->Full 0 (0) Inline->AoC 274 (0) AoC->BitMap 33 (0) BitMap->Full 0 (0) 
[2025-10-15T05:40:29.410-0700][1246 ][debug][gc,remset   ] GC(275) Coarsening (all): Inline->AoC 7783860 (249) AoC->Howl 172862 (671) Howl->Full 0 (0) Inline->AoC 699475 (215) AoC->BitMap 182748 (559) BitMap->Full 3 (0) 
[2025-10-15T05:40:29.410-0700][1246 ][info ][gc,heap     ] GC(275) Eden regions: 3267->0(2381)
[2025-10-15T05:40:29.410-0700][1246 ][info ][gc,heap     ] GC(275) Survivor regions: 189->249(432)
[2025-10-15T05:40:29.410-0700][1246 ][info ][gc,heap     ] GC(275) Old regions: 1244->1244
[2025-10-15T05:40:29.410-0700][1246 ][info ][gc,heap     ] GC(275) Humongous regions: 17->1
[2025-10-15T05:40:29.410-0700][1246 ][info ][gc,metaspace] GC(275) Metaspace: 318541K(324928K)->318541K(324928K) NonClass: 281360K(284800K)->281360K(284800K) Class: 37180K(40128K)->37180K(40128K)
[2025-10-15T05:40:29.410-0700][1246 ][info ][gc          ] GC(275) Pause Young (Normal) (G1 Evacuation Pause) 150934M->47782M(184320M) 175.398ms
[2025-10-15T05:40:29.411-0700][1246 ][info ][gc,cpu      ] GC(275) User=17.20s Sys=0.33s Real=0.18s
[2025-10-15T05:40:29.412-0700][1246 ][info ][safepoint   ] Safepoint "G1CollectForAllocation", Time since last: 11990007265 ns, Reaching safepoint: 957172 ns, Cleanup: 6029 ns, At safepoint: 178946094 ns, Total: 179909295 ns
[2025-10-15T05:40:32.414-0700][1246 ][info ][safepoint   ] Safepoint "Cleanup", Time since last: 3000214662 ns, Reaching safepoint: 1371968 ns, Cleanup: 19199 ns, At safepoint: 319892 ns, Total: 1711059 ns
[2025-10-15T05:40:36.415-0700][1246 ][info ][safepoint   ] Safepoint "Cleanup", Time since last: 4000295627 ns, Reaching safepoint: 734447 ns, Cleanup: 10125 ns, At safepoint: 93131 ns, Total: 837703 ns
[2025-10-15T05:40:37.417-0700][1246 ][info ][safepoint   ] Safepoint "Cleanup", Time since last: 1000096859 ns, Reaching safepoint: 1034799 ns, Cleanup: 14953 ns, At safepoint: 183476 ns, Total: 1233228 ns
[2025-10-15T05:40:38.418-0700][1246 ][info ][safepoint   ] Safepoint "Cleanup", Time since last: 1000100224 ns, Reaching safepoint: 939036 ns, Cleanup: 10535 ns, At safepoint: 184609 ns, Total: 1134180 ns
[2025-10-15T05:40:39.419-0700][1246 ][info ][safepoint   ] Safepoint "Cleanup", Time since last: 1000105572 ns, Reaching safepoint: 985525 ns, Cleanup: 14161 ns, At safepoint: 253532 ns, Total: 1253218 ns
[2025-10-15T05:40:40.420-0700][1246 ][info ][safepoint   ] Safepoint "Cleanup", Time since last: 1000106304 ns, Reaching safepoint: 841658 ns, Cleanup: 13160 ns, At safepoint: 259651 ns, Total: 1114469 ns
[2025-10-15T05:40:40.706-0700][1246 ][info ][gc,start    ] GC(276) Pause Young (Normal) (G1 Evacuation Pause)
[2025-10-15T05:40:40.706-0700][1246 ][info ][gc,task     ] GC(276) Using 113 workers of 113 for evacuation
[2025-10-15T05:40:40.719-0700][1246 ][debug][gc,remset   ] GC(276) Visited cards 9464832 Total dirty 76939264 (12.30%) Total old 463011840 (2.04%)
[2025-10-15T05:40:40.888-0700][1246 ][info ][gc,phases   ] GC(276)   Pre Evacuate Collection Set: 0.7ms
[2025-10-15T05:40:40.888-0700][1246 ][info ][gc,phases   ] GC(276)   Merge Heap Roots: 12.2ms
[2025-10-15T05:40:40.888-0700][1246 ][info ][gc,phases   ] GC(276)   Evacuate Collection Set: 157.0ms
[2025-10-15T05:40:40.888-0700][1246 ][info ][gc,phases   ] GC(276)   Post Evacuate Collection Set: 12.2ms
[2025-10-15T05:40:40.888-0700][1246 ][info ][gc,phases   ] GC(276)   Other: 0.2ms
[2025-10-15T05:40:40.888-0700][1246 ][debug][gc,remset   ] GC(276) Coarsening (recent): Inline->AoC 20861 (2) AoC->Howl 96 (1) Howl->Full 0 (0) Inline->AoC 391 (1) AoC->BitMap 78 (0) BitMap->Full 0 (0) 
[2025-10-15T05:40:40.888-0700][1246 ][debug][gc,remset   ] GC(276) Coarsening (all): Inline->AoC 7804721 (251) AoC->Howl 172958 (672) Howl->Full 0 (0) Inline->AoC 699866 (216) AoC->BitMap 182826 (559) BitMap->Full 3 (0) 
[2025-10-15T05:40:40.888-0700][1246 ][info ][gc,heap     ] GC(276) Eden regions: 2654->0(2972)
[2025-10-15T05:40:40.888-0700][1246 ][info ][gc,heap     ] GC(276) Survivor regions: 249->232(363)
[2025-10-15T05:40:40.888-0700][1246 ][info ][gc,heap     ] GC(276) Old regions: 1244->1296
[2025-10-15T05:40:40.888-0700][1246 ][info ][gc,heap     ] GC(276) Humongous regions: 15->1
[2025-10-15T05:40:40.888-0700][1246 ][info ][gc,metaspace] GC(276) Metaspace: 318553K(324928K)->318553K(324928K) NonClass: 281371K(284800K)->281371K(284800K) Class: 37182K(40128K)->37182K(40128K)
[2025-10-15T05:40:40.888-0700][1246 ][info ][gc          ] GC(276) Pause Young (Normal) (G1 Evacuation Pause) 133158M->48898M(184320M) 182.404ms
[2025-10-15T05:40:40.889-0700][1246 ][info ][gc,cpu      ] GC(276) User=18.37s Sys=0.39s Real=0.19s
[2025-10-15T05:40:40.890-0700][1246 ][info ][safepoint   ] Safepoint "G1CollectForAllocation", Time since last: 283114669 ns, Reaching safepoint: 800676 ns, Cleanup: 4177 ns, At safepoint: 186041728 ns, Total: 186846581 ns
[2025-10-15T05:40:41.892-0700][1246 ][info ][safepoint   ] Safepoint "Cleanup", Time since last: 1000100634 ns, Reaching safepoint: 1091485 ns, Cleanup: 20521 ns, At safepoint: 662018 ns, Total: 1774024 ns
[2025-10-15T05:40:44.894-0700][1246 ][info ][safepoint   ] Safepoint "Cleanup", Time since last: 3000251007 ns, Reaching safepoint: 936671 ns, Cleanup: 18709 ns, At safepoint: 468145 ns, Total: 1423525 ns
[2025-10-15T05:40:45.895-0700][1246 ][info ][safepoint   ] Safepoint "Cleanup", Time since last: 1000118552 ns, Reaching safepoint: 888889 ns, Cleanup: 42044 ns, At safepoint: 459592 ns, Total: 1390525 ns
[2025-10-15T05:40:48.281-0700][1246 ][info ][gc,start    ] GC(277) Pause Young (Normal) (G1 Evacuation Pause)
[2025-10-15T05:40:48.281-0700][1246 ][info ][gc,task     ] GC(277) Using 113 workers of 113 for evacuation
[2025-10-15T05:40:48.295-0700][1246 ][debug][gc,remset   ] GC(277) Visited cards 9552384 Total dirty 80281600 (11.90%) Total old 524091392 (1.82%)
[2025-10-15T05:40:48.480-0700][1246 ][info ][gc,phases   ] GC(277)   Pre Evacuate Collection Set: 0.7ms
[2025-10-15T05:40:48.480-0700][1246 ][info ][gc,phases   ] GC(277)   Merge Heap Roots: 13.1ms
[2025-10-15T05:40:48.480-0700][1246 ][info ][gc,phases   ] GC(277)   Evacuate Collection Set: 172.7ms
[2025-10-15T05:40:48.480-0700][1246 ][info ][gc,phases   ] GC(277)   Post Evacuate Collection Set: 12.6ms
[2025-10-15T05:40:48.480-0700][1246 ][info ][gc,phases   ] GC(277)   Other: 0.2ms
[2025-10-15T05:40:48.480-0700][1246 ][debug][gc,remset   ] GC(277) Coarsening (recent): Inline->AoC 20512 (2) AoC->Howl 46 (3) Howl->Full 0 (0) Inline->AoC 168 (0) AoC->BitMap 28 (1) BitMap->Full 0 (0) 
[2025-10-15T05:40:48.480-0700][1246 ][debug][gc,remset   ] GC(277) Coarsening (all): Inline->AoC 7825233 (253) AoC->Howl 173004 (675) Howl->Full 0 (0) Inline->AoC 700034 (216) AoC->BitMap 182854 (560) BitMap->Full 3 (0) 
[2025-10-15T05:40:48.480-0700][1246 ][info ][gc,heap     ] GC(277) Eden regions: 3109->0(1103)
[2025-10-15T05:40:48.480-0700][1246 ][info ][gc,heap     ] GC(277) Survivor regions: 232->283(418)
[2025-10-15T05:40:48.480-0700][1246 ][info ][gc,heap     ] GC(277) Old regions: 1296->1324
[2025-10-15T05:40:48.480-0700][1246 ][info ][gc,heap     ] GC(277) Humongous regions: 19->0
[2025-10-15T05:40:48.480-0700][1246 ][info ][gc,metaspace] GC(277) Metaspace: 318601K(324992K)->318601K(324992K) NonClass: 281414K(284864K)->281414K(284864K) Class: 37187K(40128K)->37187K(40128K)
[2025-10-15T05:40:48.480-0700][1246 ][info ][gc          ] GC(277) Pause Young (Normal) (G1 Evacuation Pause) 148962M->51391M(184320M) 199.441ms
[2025-10-15T05:40:48.481-0700][1246 ][info ][gc,cpu      ] GC(277) User=20.41s Sys=0.17s Real=0.20s
[2025-10-15T05:40:48.483-0700][1246 ][info ][safepoint   ] Safepoint "G1CollectForAllocation", Time since last: 2383144973 ns, Reaching safepoint: 1069782 ns, Cleanup: 6800 ns, At safepoint: 203016261 ns, Total: 204092843 ns
[2025-10-15T05:40:49.484-0700][1246 ][info ][safepoint   ] Safepoint "Cleanup", Time since last: 1000101566 ns, Reaching safepoint: 815058 ns, Cleanup: 12920 ns, At safepoint: 142114 ns, Total: 970092 ns
[2025-10-15T05:40:49.808-0700][1246 ][debug][gc,jni      ] Setting _needs_gc. Thread "VM Thread" 1 locked.
[2025-10-15T05:40:49.808-0700][2183 ][debug][gc,jni      ] Performing GC after exiting critical section. Thread "http-worker-1044" 0 locked.
[2025-10-15T05:40:49.810-0700][1246 ][info ][safepoint   ] Safepoint "G1CollectForAllocation", Time since last: 312113163 ns, Reaching safepoint: 12276602 ns, Cleanup: 4757 ns, At safepoint: 1509716 ns, Total: 13791075 ns
[2025-10-15T05:40:49.810-0700][11730][debug][gc,jni      ] Allocation failed. Thread stalled by JNI critical section. Thread "task-event-loop-244" 0 locked.
[2025-10-15T05:40:49.810-0700][2100 ][debug][gc,jni      ] Allocation failed. Thread stalled by JNI critical section. Thread "http-worker-961" 0 locked.
[2025-10-15T05:40:49.810-0700][30945][debug][gc,jni      ] Allocation failed. Thread stalled by JNI critical section. Thread "hive-prism-2701" 0 locked.
[2025-10-15T05:40:49.810-0700][11744][debug][gc,jni      ] Allocation failed. Thread stalled by JNI critical section. Thread "task-event-loop-258" 0 locked.
[2025-10-15T05:40:49.810-0700][27955][debug][gc,jni      ] Allocation failed. Thread stalled by JNI critical section. Thread "hive-prism-2363" 0 locked.
[2025-10-15T05:40:49.810-0700][31357][debug][gc,jni      ] Allocation failed. Thread stalled by JNI critical section. Thread "hive-prism-2757" 0 locked.
[2025-10-15T05:40:49.810-0700][11765][debug][gc,jni      ] Allocation failed. Thread stalled by JNI critical section. Thread "task-event-loop-279" 0 locked.
[2025-10-15T05:40:49.815-0700][1246 ][info ][gc,start    ] GC(278) Pause Young (Normal) (GCLocker Initiated GC)
[2025-10-15T05:40:49.815-0700][1246 ][info ][gc,task     ] GC(278) Using 113 workers of 113 for evacuation
[2025-10-15T05:40:49.826-0700][1246 ][debug][gc,remset   ] GC(278) Visited cards 9380352 Total dirty 81788928 (11.47%) Total old 298123264 (3.15%)
[2025-10-15T05:40:49.996-0700][1246 ][info ][gc,phases   ] GC(278)   Pre Evacuate Collection Set: 0.7ms
[2025-10-15T05:40:49.996-0700][1246 ][info ][gc,phases   ] GC(278)   Merge Heap Roots: 10.2ms
[2025-10-15T05:40:49.996-0700][1246 ][info ][gc,phases   ] GC(278)   Evacuate Collection Set: 163.7ms
[2025-10-15T05:40:49.996-0700][1246 ][info ][gc,phases   ] GC(278)   Post Evacuate Collection Set: 6.8ms
[2025-10-15T05:40:49.996-0700][1246 ][info ][gc,phases   ] GC(278)   Other: 0.1ms
[2025-10-15T05:40:49.996-0700][1246 ][debug][gc,remset   ] GC(278) Coarsening (recent): Inline->AoC 16226 (2) AoC->Howl 112 (3) Howl->Full 0 (0) Inline->AoC 515 (0) AoC->BitMap 61 (1) BitMap->Full 0 (0) 
[2025-10-15T05:40:49.996-0700][1246 ][debug][gc,remset   ] GC(278) Coarsening (all): Inline->AoC 7841459 (255) AoC->Howl 173116 (678) Howl->Full 0 (0) Inline->AoC 700549 (216) AoC->BitMap 182915 (561) BitMap->Full 3 (0) 
[2025-10-15T05:40:49.996-0700][1246 ][info ][gc,heap     ] GC(278) Eden regions: 1328->0(3393)
[2025-10-15T05:40:49.996-0700][1246 ][info ][gc,heap     ] GC(278) Survivor regions: 283->63(202)
[2025-10-15T05:40:49.996-0700][1246 ][info ][gc,heap     ] GC(278) Old regions: 1324->1571
[2025-10-15T05:40:49.996-0700][1246 ][info ][gc,heap     ] GC(278) Humongous regions: 3->0
[2025-10-15T05:40:49.996-0700][1246 ][info ][gc,metaspace] GC(278) Metaspace: 318602K(324992K)->318602K(324992K) NonClass: 281415K(284864K)->281415K(284864K) Class: 37187K(40128K)->37187K(40128K)
[2025-10-15T05:40:49.996-0700][1246 ][info ][gc          ] GC(278) Pause Young (Normal) (GCLocker Initiated GC) 93983M->52280M(184320M) 181.707ms
[2025-10-15T05:40:49.997-0700][1246 ][info ][gc,cpu      ] GC(278) User=16.97s Sys=0.18s Real=0.18s
[2025-10-15T05:40:49.999-0700][1246 ][info ][safepoint   ] Safepoint "G1CollectForAllocation", Time since last: 130406 ns, Reaching safepoint: 3632655 ns, Cleanup: 3816 ns, At safepoint: 185118326 ns, Total: 188754797 ns
[2025-10-15T05:40:50.086-0700][1246 ][info ][gc,start    ] GC(279) Pause Young (Concurrent Start) (G1 Humongous Allocation)
[2025-10-15T05:40:50.086-0700][1246 ][info ][gc,task     ] GC(279) Using 113 workers of 113 for evacuation
[2025-10-15T05:40:50.093-0700][1246 ][debug][gc,remset   ] GC(279) Visited cards 8122112 Total dirty 90898432 (8.94%) Total old 119996416 (6.77%)
[2025-10-15T05:40:50.134-0700][1246 ][info ][gc,phases   ] GC(279)   Pre Evacuate Collection Set: 0.9ms
[2025-10-15T05:40:50.135-0700][1246 ][info ][gc,phases   ] GC(279)   Merge Heap Roots: 6.9ms
[2025-10-15T05:40:50.135-0700][1246 ][info ][gc,phases   ] GC(279)   Evacuate Collection Set: 36.4ms
[2025-10-15T05:40:50.135-0700][1246 ][info ][gc,phases   ] GC(279)   Post Evacuate Collection Set: 4.6ms
[2025-10-15T05:40:50.135-0700][1246 ][info ][gc,phases   ] GC(279)   Other: 0.1ms
[2025-10-15T05:40:50.135-0700][1246 ][debug][gc,remset   ] GC(279) Coarsening (recent): Inline->AoC 20 (0) AoC->Howl 0 (0) Howl->Full 0 (0) Inline->AoC 0 (0) AoC->BitMap 0 (0) BitMap->Full 0 (0) 
[2025-10-15T05:40:50.135-0700][1246 ][debug][gc,remset   ] GC(279) Coarsening (all): Inline->AoC 7841479 (255) AoC->Howl 173116 (678) Howl->Full 0 (0) Inline->AoC 700549 (216) AoC->BitMap 182915 (561) BitMap->Full 3 (0) 
[2025-10-15T05:40:50.135-0700][1246 ][info ][gc,heap     ] GC(279) Eden regions: 67->0(3348)
[2025-10-15T05:40:50.135-0700][1246 ][info ][gc,heap     ] GC(279) Survivor regions: 63->46(432)
[2025-10-15T05:40:50.135-0700][1246 ][info ][gc,heap     ] GC(279) Old regions: 1571->1571
[2025-10-15T05:40:50.135-0700][1246 ][info ][gc,heap     ] GC(279) Humongous regions: 0->0
[2025-10-15T05:40:50.135-0700][1246 ][info ][gc,metaspace] GC(279) Metaspace: 318602K(324992K)->318602K(324992K) NonClass: 281415K(284864K)->281415K(284864K) Class: 37187K(40128K)->37187K(40128K)
[2025-10-15T05:40:50.135-0700][1246 ][info ][gc          ] GC(279) Pause Young (Concurrent Start) (G1 Humongous Allocation) 54411M->51724M(184320M) 48.994ms
[2025-10-15T05:40:50.135-0700][1085 ][info ][gc          ] GC(280) Concurrent Mark Cycle
[2025-10-15T05:40:50.135-0700][1085 ][info ][gc,marking  ] GC(280) Concurrent Scan Root Regions
[2025-10-15T05:40:50.136-0700][1246 ][info ][gc,cpu      ] GC(279) User=3.11s Sys=0.08s Real=0.05s
[2025-10-15T05:40:50.138-0700][1246 ][info ][safepoint   ] Safepoint "G1TryInitiateConcMark", Time since last: 76729200 ns, Reaching safepoint: 9191713 ns, Cleanup: 6119 ns, At safepoint: 53232899 ns, Total: 62430731 ns
[2025-10-15T05:40:50.149-0700][1085 ][info ][gc,marking  ] GC(280) Concurrent Scan Root Regions 14.534ms
[2025-10-15T05:40:50.150-0700][1085 ][info ][gc,marking  ] GC(280) Concurrent Mark
[2025-10-15T05:40:50.150-0700][1085 ][info ][gc,marking  ] GC(280) Concurrent Mark From Roots
[2025-10-15T05:40:50.150-0700][1085 ][info ][gc,task     ] GC(280) Using 36 workers of 36 for marking
[2025-10-15T05:40:50.572-0700][1085 ][info ][gc,marking  ] GC(280) Concurrent Mark From Roots 422.102ms
[2025-10-15T05:40:50.572-0700][1085 ][info ][gc,marking  ] GC(280) Concurrent Preclean
[2025-10-15T05:40:50.628-0700][1085 ][info ][gc,marking  ] GC(280) Concurrent Preclean 56.793ms
[2025-10-15T05:40:50.631-0700][1246 ][info ][gc,start    ] GC(280) Pause Remark
[2025-10-15T05:40:50.852-0700][1246 ][info ][gc,mmu      ] GC(280) MMU target violated: 201.0ms (200.0ms/201.0ms)
[2025-10-15T05:40:50.852-0700][1246 ][info ][gc          ] GC(280) Pause Remark 59566M->58254M(184320M) 221.024ms
[2025-10-15T05:40:50.853-0700][1246 ][info ][gc,cpu      ] GC(280) User=13.44s Sys=0.14s Real=0.22s
[2025-10-15T05:40:50.856-0700][1246 ][info ][safepoint   ] Safepoint "G1PauseRemark", Time since last: 490851003 ns, Reaching safepoint: 790782 ns, Cleanup: 12158 ns, At safepoint: 226345160 ns, Total: 227148100 ns
[2025-10-15T05:40:50.856-0700][1085 ][info ][gc,marking  ] GC(280) Concurrent Mark 706.460ms
[2025-10-15T05:40:50.856-0700][1085 ][info ][gc,marking  ] GC(280) Concurrent Rebuild Remembered Sets and Scrub Regions
[2025-10-15T05:40:51.403-0700][1085 ][info ][gc,marking  ] GC(280) Concurrent Rebuild Remembered Sets and Scrub Regions 546.970ms
[2025-10-15T05:40:51.405-0700][1246 ][info ][gc,start    ] GC(280) Pause Cleanup
[2025-10-15T05:40:51.407-0700][1246 ][info ][gc          ] GC(280) Pause Cleanup 65214M->65214M(184320M) 2.367ms
[2025-10-15T05:40:51.408-0700][1246 ][info ][gc,cpu      ] GC(280) User=0.01s Sys=0.01s Real=0.01s
[2025-10-15T05:40:51.409-0700][1246 ][info ][safepoint   ] Safepoint "G1PauseCleanup", Time since last: 547381141 ns, Reaching safepoint: 807767 ns, Cleanup: 74312 ns, At safepoint: 5382792 ns, Total: 6264871 ns
[2025-10-15T05:40:51.409-0700][1085 ][info ][gc,marking  ] GC(280) Concurrent Clear Claimed Marks
[2025-10-15T05:40:51.410-0700][1085 ][info ][gc,marking  ] GC(280) Concurrent Clear Claimed Marks 1.089ms
[2025-10-15T05:40:51.410-0700][1085 ][info ][gc,marking  ] GC(280) Concurrent Cleanup for Next Mark
[2025-10-15T05:40:51.447-0700][1085 ][info ][gc,marking  ] GC(280) Concurrent Cleanup for Next Mark 36.785ms
[2025-10-15T05:40:51.447-0700][1085 ][info ][gc          ] GC(280) Concurrent Mark Cycle 1312.425ms
[2025-10-15T05:40:52.411-0700][1246 ][info ][safepoint   ] Safepoint "Cleanup", Time since last: 1000091682 ns, Reaching safepoint: 921949 ns, Cleanup: 9424 ns, At safepoint: 304479 ns, Total: 1235852 ns
[2025-10-15T05:40:53.412-0700][1246 ][info ][safepoint   ] Safepoint "Cleanup", Time since last: 1000119153 ns, Reaching safepoint: 874157 ns, Cleanup: 16936 ns, At safepoint: 328064 ns, Total: 1219157 ns
[2025-10-15T05:40:54.413-0700][1246 ][info ][safepoint   ] Safepoint "Cleanup", Time since last: 1000105983 ns, Reaching safepoint: 857422 ns, Cleanup: 23265 ns, At safepoint: 229035 ns, Total: 1109722 ns
[2025-10-15T05:40:55.415-0700][1246 ][info ][safepoint   ] Safepoint "Cleanup", Time since last: 1000122628 ns, Reaching safepoint: 962490 ns, Cleanup: 14092 ns, At safepoint: 984173 ns, Total: 1960755 ns
[2025-10-15T05:40:56.431-0700][1246 ][info ][safepoint   ] Safepoint "Cleanup", Time since last: 1000114886 ns, Reaching safepoint: 13785006 ns, Cleanup: 14652 ns, At safepoint: 1806022 ns, Total: 15605680 ns
[2025-10-15T05:40:59.433-0700][1246 ][info ][safepoint   ] Safepoint "Cleanup", Time since last: 3000229564 ns, Reaching safepoint: 1008831 ns, Cleanup: 15012 ns, At safepoint: 618783 ns, Total: 1642626 ns
[2025-10-15T05:41:00.436-0700][1246 ][info ][safepoint   ] Safepoint "Cleanup", Time since last: 1000116739 ns, Reaching safepoint: 1330365 ns, Cleanup: 16415 ns, At safepoint: 1910639 ns, Total: 3257419 ns
[2025-10-15T05:41:00.823-0700][1246 ][info ][gc,start    ] GC(281) Pause Young (Prepare Mixed) (G1 Evacuation Pause)
[2025-10-15T05:41:00.823-0700][1246 ][info ][gc,task     ] GC(281) Using 113 workers of 113 for evacuation
[2025-10-15T05:41:00.838-0700][1246 ][debug][gc,remset   ] GC(281) Visited cards 10929152 Total dirty 95289344 (11.47%) Total old 509411328 (2.15%)
[2025-10-15T05:41:00.932-0700][1246 ][info ][gc,phases   ] GC(281)   Pre Evacuate Collection Set: 0.7ms
[2025-10-15T05:41:00.932-0700][1246 ][info ][gc,phases   ] GC(281)   Merge Heap Roots: 14.3ms
[2025-10-15T05:41:00.932-0700][1246 ][info ][gc,phases   ] GC(281)   Evacuate Collection Set: 82.6ms
[2025-10-15T05:41:00.932-0700][1246 ][info ][gc,phases   ] GC(281)   Post Evacuate Collection Set: 11.1ms
[2025-10-15T05:41:00.932-0700][1246 ][info ][gc,phases   ] GC(281)   Other: 0.2ms
[2025-10-15T05:41:00.932-0700][1246 ][debug][gc,remset   ] GC(281) Coarsening (recent): Inline->AoC 228807 (4) AoC->Howl 13638 (0) Howl->Full 0 (0) Inline->AoC 49675 (0) AoC->BitMap 16096 (0) BitMap->Full 1 (0) 
[2025-10-15T05:41:00.932-0700][1246 ][debug][gc,remset   ] GC(281) Coarsening (all): Inline->AoC 8070286 (259) AoC->Howl 186754 (678) Howl->Full 0 (0) Inline->AoC 750224 (216) AoC->BitMap 199011 (561) BitMap->Full 4 (0) 
[2025-10-15T05:41:00.932-0700][1246 ][info ][gc,heap     ] GC(281) Eden regions: 3066->0(2781)
[2025-10-15T05:41:00.932-0700][1246 ][info ][gc,heap     ] GC(281) Survivor regions: 46->106(389)
[2025-10-15T05:41:00.932-0700][1246 ][info ][gc,heap     ] GC(281) Old regions: 1530->1530
[2025-10-15T05:41:00.932-0700][1246 ][info ][gc,heap     ] GC(281) Humongous regions: 19->0
[2025-10-15T05:41:00.932-0700][1246 ][info ][gc,metaspace] GC(281) Metaspace: 318455K(324992K)->318455K(324992K) NonClass: 281291K(284864K)->281291K(284864K) Class: 37163K(40128K)->37163K(40128K)
[2025-10-15T05:41:00.932-0700][1246 ][info ][gc          ] GC(281) Pause Young (Prepare Mixed) (G1 Evacuation Pause) 149132M->52344M(184320M) 108.940ms
[2025-10-15T05:41:00.933-0700][1246 ][info ][gc,cpu      ] GC(281) User=10.05s Sys=0.23s Real=0.11s
[2025-10-15T05:41:00.935-0700][1246 ][info ][safepoint   ] Safepoint "G1CollectForAllocation", Time since last: 384995195 ns, Reaching safepoint: 935520 ns, Cleanup: 11978 ns, At safepoint: 112572030 ns, Total: 113519528 ns
[2025-10-15T05:41:02.707-0700][1246 ][info ][safepoint   ] Safepoint "Cleanup", Time since last: 1771039414 ns, Reaching safepoint: 849801 ns, Cleanup: 20231 ns, At safepoint: 179490 ns, Total: 1049522 ns
[2025-10-15T05:41:04.729-0700][1246 ][info ][safepoint   ] Safepoint "Cleanup", Time since last: 2000155971 ns, Reaching safepoint: 20812427 ns, Cleanup: 19970 ns, At safepoint: 784062 ns, Total: 21616459 ns
[2025-10-15T05:41:11.731-0700][1246 ][info ][safepoint   ] Safepoint "Cleanup", Time since last: 7000494928 ns, Reaching safepoint: 926557 ns, Cleanup: 12098 ns, At safepoint: 446503 ns, Total: 1385158 ns
[2025-10-15T05:41:12.732-0700][1246 ][info ][safepoint   ] Safepoint "Cleanup", Time since last: 1000115631 ns, Reaching safepoint: 995270 ns, Cleanup: 10636 ns, At safepoint: 496929 ns, Total: 1502835 ns
[2025-10-15T05:41:15.496-0700][1246 ][info ][gc,start    ] GC(282) Pause Young (Mixed) (G1 Evacuation Pause)
[2025-10-15T05:41:15.496-0700][1246 ][info ][gc,task     ] GC(282) Using 113 workers of 113 for evacuation
[2025-10-15T05:41:15.511-0700][1246 ][debug][gc,remset   ] GC(282) Visited cards 10964736 Total dirty 90767360 (12.08%) Total old 530382848 (2.07%)
[2025-10-15T05:41:15.617-0700][1246 ][info ][gc,phases   ] GC(282)   Pre Evacuate Collection Set: 0.8ms
[2025-10-15T05:41:15.617-0700][1246 ][info ][gc,phases   ] GC(282)   Merge Heap Roots: 14.7ms
[2025-10-15T05:41:15.617-0700][1246 ][info ][gc,phases   ] GC(282)   Evacuate Collection Set: 93.5ms
[2025-10-15T05:41:15.617-0700][1246 ][info ][gc,phases   ] GC(282)   Post Evacuate Collection Set: 11.9ms
[2025-10-15T05:41:15.617-0700][1246 ][info ][gc,phases   ] GC(282)   Other: 0.2ms
[2025-10-15T05:41:15.617-0700][1246 ][debug][gc,remset   ] GC(282) Coarsening (recent): Inline->AoC 20265 (12) AoC->Howl 170 (18) Howl->Full 0 (0) Inline->AoC 831 (2) AoC->BitMap 47 (5) BitMap->Full 0 (0) 
[2025-10-15T05:41:15.617-0700][1246 ][debug][gc,remset   ] GC(282) Coarsening (all): Inline->AoC 8090551 (271) AoC->Howl 186924 (696) Howl->Full 0 (0) Inline->AoC 751055 (218) AoC->BitMap 199058 (566) BitMap->Full 4 (0) 
[2025-10-15T05:41:15.617-0700][1246 ][info ][gc,heap     ] GC(282) Eden regions: 3116->0(2607)
[2025-10-15T05:41:15.617-0700][1246 ][info ][gc,heap     ] GC(282) Survivor regions: 106->138(403)
[2025-10-15T05:41:15.617-0700][1246 ][info ][gc,heap     ] GC(282) Old regions: 1530->1427
[2025-10-15T05:41:15.617-0700][1246 ][info ][gc,heap     ] GC(282) Humongous regions: 14->0
[2025-10-15T05:41:15.617-0700][1246 ][info ][gc,metaspace] GC(282) Metaspace: 318455K(324992K)->318455K(324992K) NonClass: 281291K(284864K)->281291K(284864K) Class: 37163K(40128K)->37163K(40128K)
[2025-10-15T05:41:15.617-0700][1246 ][info ][gc          ] GC(282) Pause Young (Mixed) (G1 Evacuation Pause) 152504M->50078M(184320M) 121.181ms
[2025-10-15T05:41:15.618-0700][1246 ][info ][gc,cpu      ] GC(282) User=12.31s Sys=0.06s Real=0.13s
[2025-10-15T05:41:15.619-0700][1246 ][info ][safepoint   ] Safepoint "G1CollectForAllocation", Time since last: 2761742765 ns, Reaching safepoint: 854959 ns, Cleanup: 5989 ns, At safepoint: 124679167 ns, Total: 125540115 ns
[2025-10-15T05:41:18.620-0700][1246 ][info ][safepoint   ] Safepoint "Cleanup", Time since last: 3000218178 ns, Reaching safepoint: 748568 ns, Cleanup: 12379 ns, At safepoint: 81373 ns, Total: 842320 ns
[2025-10-15T05:41:27.923-0700][1246 ][info ][gc,start    ] GC(283) Pause Young (Mixed) (G1 Evacuation Pause)
[2025-10-15T05:41:27.923-0700][1246 ][info ][gc,task     ] GC(283) Using 113 workers of 113 for evacuation
[2025-10-15T05:41:27.937-0700][1246 ][debug][gc,remset   ] GC(283) Visited cards 11151360 Total dirty 85196800 (13.09%) Total old 507183104 (2.20%)
[2025-10-15T05:41:28.068-0700][1246 ][info ][gc,phases   ] GC(283)   Pre Evacuate Collection Set: 0.7ms
[2025-10-15T05:41:28.068-0700][1246 ][info ][gc,phases   ] GC(283)   Merge Heap Roots: 13.1ms
[2025-10-15T05:41:28.068-0700][1246 ][info ][gc,phases   ] GC(283)   Evacuate Collection Set: 118.3ms
[2025-10-15T05:41:28.068-0700][1246 ][info ][gc,phases   ] GC(283)   Post Evacuate Collection Set: 12.2ms
[2025-10-15T05:41:28.068-0700][1246 ][info ][gc,phases   ] GC(283)   Other: 0.2ms
[2025-10-15T05:41:28.068-0700][1246 ][debug][gc,remset   ] GC(283) Coarsening (recent): Inline->AoC 21600 (17) AoC->Howl 233 (27) Howl->Full 0 (0) Inline->AoC 1016 (6) AoC->BitMap 96 (19) BitMap->Full 0 (0) 
[2025-10-15T05:41:28.068-0700][1246 ][debug][gc,remset   ] GC(283) Coarsening (all): Inline->AoC 8112151 (288) AoC->Howl 187157 (723) Howl->Full 0 (0) Inline->AoC 752071 (224) AoC->BitMap 199154 (585) BitMap->Full 4 (0) 
[2025-10-15T05:41:28.068-0700][1246 ][info ][gc,heap     ] GC(283) Eden regions: 2962->0(2143)
[2025-10-15T05:41:28.068-0700][1246 ][info ][gc,heap     ] GC(283) Survivor regions: 138->192(388)
[2025-10-15T05:41:28.068-0700][1246 ][info ][gc,heap     ] GC(283) Old regions: 1427->1323
[2025-10-15T05:41:28.068-0700][1246 ][info ][gc,heap     ] GC(283) Humongous regions: 7->0
[2025-10-15T05:41:28.068-0700][1246 ][info ][gc,metaspace] GC(283) Metaspace: 318484K(324992K)->318484K(324992K) NonClass: 281315K(284864K)->281315K(284864K) Class: 37168K(40128K)->37168K(40128K)
[2025-10-15T05:41:28.068-0700][1246 ][info ][gc          ] GC(283) Pause Young (Mixed) (G1 Evacuation Pause) 145086M->48471M(184320M) 144.703ms
[2025-10-15T05:41:28.069-0700][1246 ][info ][gc,cpu      ] GC(283) User=14.06s Sys=0.20s Real=0.15s
[2025-10-15T05:41:28.071-0700][1246 ][info ][safepoint   ] Safepoint "G1CollectForAllocation", Time since last: 9300800962 ns, Reaching safepoint: 898825 ns, Cleanup: 6320 ns, At safepoint: 148335069 ns, Total: 149240214 ns
[2025-10-15T05:41:30.073-0700][1246 ][info ][safepoint   ] Safepoint "Cleanup", Time since last: 2000146263 ns, Reaching safepoint: 1956239 ns, Cleanup: 12989 ns, At safepoint: 202526 ns, Total: 2171754 ns
[2025-10-15T05:41:32.074-0700][1246 ][info ][safepoint   ] Safepoint "Cleanup", Time since last: 2000207024 ns, Reaching safepoint: 807848 ns, Cleanup: 14412 ns, At safepoint: 123175 ns, Total: 945435 ns
[2025-10-15T05:41:33.075-0700][1246 ][info ][safepoint   ] Safepoint "Cleanup", Time since last: 1000103553 ns, Reaching safepoint: 768238 ns, Cleanup: 14612 ns, At safepoint: 105969 ns, Total: 888819 ns
[2025-10-15T05:41:35.076-0700][1246 ][info ][safepoint   ] Safepoint "Cleanup", Time since last: 2000170090 ns, Reaching safepoint: 871042 ns, Cleanup: 10686 ns, At safepoint: 248725 ns, Total: 1130453 ns
[2025-10-15T05:41:38.662-0700][1246 ][info ][gc,start    ] GC(284) Pause Young (Mixed) (G1 Evacuation Pause)
[2025-10-15T05:41:38.662-0700][1246 ][info ][gc,task     ] GC(284) Using 113 workers of 113 for evacuation
[2025-10-15T05:41:38.676-0700][1246 ][debug][gc,remset   ] GC(284) Visited cards 11695616 Total dirty 79560704 (14.70%) Total old 439549952 (2.66%)
[2025-10-15T05:41:38.838-0700][1246 ][info ][gc,phases   ] GC(284)   Pre Evacuate Collection Set: 0.8ms
[2025-10-15T05:41:38.838-0700][1246 ][info ][gc,phases   ] GC(284)   Merge Heap Roots: 13.2ms
[2025-10-15T05:41:38.838-0700][1246 ][info ][gc,phases   ] GC(284)   Evacuate Collection Set: 148.8ms
[2025-10-15T05:41:38.838-0700][1246 ][info ][gc,phases   ] GC(284)   Post Evacuate Collection Set: 13.0ms
[2025-10-15T05:41:38.838-0700][1246 ][info ][gc,phases   ] GC(284)   Other: 0.2ms
[2025-10-15T05:41:38.838-0700][1246 ][debug][gc,remset   ] GC(284) Coarsening (recent): Inline->AoC 16664 (0) AoC->Howl 277 (0) Howl->Full 0 (0) Inline->AoC 1352 (0) AoC->BitMap 148 (0) BitMap->Full 0 (0) 
[2025-10-15T05:41:38.838-0700][1246 ][debug][gc,remset   ] GC(284) Coarsening (all): Inline->AoC 8128815 (288) AoC->Howl 187434 (723) Howl->Full 0 (0) Inline->AoC 753423 (224) AoC->BitMap 199302 (585) BitMap->Full 4 (0) 
[2025-10-15T05:41:38.838-0700][1246 ][info ][gc,heap     ] GC(284) Eden regions: 2444->0(2174)
[2025-10-15T05:41:38.838-0700][1246 ][info ][gc,heap     ] GC(284) Survivor regions: 192->187(330)
[2025-10-15T05:41:38.838-0700][1246 ][info ][gc,heap     ] GC(284) Old regions: 1323->1278
[2025-10-15T05:41:38.838-0700][1246 ][info ][gc,heap     ] GC(284) Humongous regions: 7->0
[2025-10-15T05:41:38.838-0700][1246 ][info ][gc,metaspace] GC(284) Metaspace: 318485K(324992K)->318485K(324992K) NonClass: 281316K(284864K)->281316K(284864K) Class: 37168K(40128K)->37168K(40128K)
[2025-10-15T05:41:38.838-0700][1246 ][info ][gc          ] GC(284) Pause Young (Mixed) (G1 Evacuation Pause) 126903M->46875M(184320M) 176.116ms
[2025-10-15T05:41:38.839-0700][1246 ][info ][gc,cpu      ] GC(284) User=17.72s Sys=0.09s Real=0.18s
[2025-10-15T05:41:38.840-0700][1246 ][info ][safepoint   ] Safepoint "G1CollectForAllocation", Time since last: 3583509682 ns, Reaching safepoint: 940187 ns, Cleanup: 6360 ns, At safepoint: 179681362 ns, Total: 180627909 ns
[2025-10-15T05:41:39.842-0700][1246 ][info ][safepoint   ] Safepoint "Cleanup", Time since last: 1000089852 ns, Reaching safepoint: 876291 ns, Cleanup: 14141 ns, At safepoint: 120912 ns, Total: 1011344 ns
[2025-10-15T05:41:45.843-0700][1246 ][info ][safepoint   ] Safepoint "Cleanup", Time since last: 6000454834 ns, Reaching safepoint: 842350 ns, Cleanup: 10987 ns, At safepoint: 192700 ns, Total: 1046037 ns
[2025-10-15T05:41:48.335-0700][1246 ][info ][gc,start    ] GC(285) Pause Young (Mixed) (G1 Evacuation Pause)
[2025-10-15T05:41:48.335-0700][1246 ][info ][gc,task     ] GC(285) Using 113 workers of 113 for evacuation
[2025-10-15T05:41:48.349-0700][1246 ][debug][gc,remset   ] GC(285) Visited cards 12468736 Total dirty 76808192 (16.23%) Total old 438829056 (2.84%)
[2025-10-15T05:41:48.499-0700][1246 ][info ][gc,phases   ] GC(285)   Pre Evacuate Collection Set: 0.8ms
[2025-10-15T05:41:48.499-0700][1246 ][info ][gc,phases   ] GC(285)   Merge Heap Roots: 12.9ms
[2025-10-15T05:41:48.499-0700][1246 ][info ][gc,phases   ] GC(285)   Evacuate Collection Set: 136.8ms
[2025-10-15T05:41:48.499-0700][1246 ][info ][gc,phases   ] GC(285)   Post Evacuate Collection Set: 13.0ms
[2025-10-15T05:41:48.499-0700][1246 ][info ][gc,phases   ] GC(285)   Other: 0.2ms
[2025-10-15T05:41:48.499-0700][1246 ][debug][gc,remset   ] GC(285) Coarsening (recent): Inline->AoC 19227 (0) AoC->Howl 476 (0) Howl->Full 0 (0) Inline->AoC 1741 (0) AoC->BitMap 275 (0) BitMap->Full 0 (0) 
[2025-10-15T05:41:48.499-0700][1246 ][debug][gc,remset   ] GC(285) Coarsening (all): Inline->AoC 8148042 (288) AoC->Howl 187910 (723) Howl->Full 0 (0) Inline->AoC 755164 (224) AoC->BitMap 199577 (585) BitMap->Full 4 (0) 
[2025-10-15T05:41:48.499-0700][1246 ][info ][gc,heap     ] GC(285) Eden regions: 2464->0(2411)
[2025-10-15T05:41:48.499-0700][1246 ][info ][gc,heap     ] GC(285) Survivor regions: 187->183(332)
[2025-10-15T05:41:48.499-0700][1246 ][info ][gc,heap     ] GC(285) Old regions: 1278->1223
[2025-10-15T05:41:48.499-0700][1246 ][info ][gc,heap     ] GC(285) Humongous regions: 11->0
[2025-10-15T05:41:48.499-0700][1246 ][info ][gc,metaspace] GC(285) Metaspace: 318498K(324992K)->318498K(324992K) NonClass: 281327K(284864K)->281327K(284864K) Class: 37171K(40128K)->37171K(40128K)
[2025-10-15T05:41:48.499-0700][1246 ][info ][gc          ] GC(285) Pause Young (Mixed) (G1 Evacuation Pause) 126075M->44968M(184320M) 163.754ms
[2025-10-15T05:41:48.500-0700][1246 ][info ][gc,cpu      ] GC(285) User=16.00s Sys=0.08s Real=0.17s
[2025-10-15T05:41:48.501-0700][1246 ][info ][safepoint   ] Safepoint "G1CollectForAllocation", Time since last: 2490231934 ns, Reaching safepoint: 738573 ns, Cleanup: 6640 ns, At safepoint: 167328666 ns, Total: 168073879 ns
[2025-10-15T05:41:50.503-0700][1246 ][info ][safepoint   ] Safepoint "Cleanup", Time since last: 2000144440 ns, Reaching safepoint: 1055111 ns, Cleanup: 10305 ns, At safepoint: 252060 ns, Total: 1317476 ns
[2025-10-15T05:41:51.505-0700][1246 ][info ][safepoint   ] Safepoint "Cleanup", Time since last: 1000110212 ns, Reaching safepoint: 823251 ns, Cleanup: 25509 ns, At safepoint: 742559 ns, Total: 1591319 ns
[2025-10-15T05:41:52.506-0700][1246 ][info ][safepoint   ] Safepoint "Cleanup", Time since last: 1000111484 ns, Reaching safepoint: 855940 ns, Cleanup: 29264 ns, At safepoint: 584872 ns, Total: 1470076 ns
[2025-10-15T05:41:54.508-0700][1246 ][info ][safepoint   ] Safepoint "Cleanup", Time since last: 2000162247 ns, Reaching safepoint: 1029872 ns, Cleanup: 11828 ns, At safepoint: 456248 ns, Total: 1497948 ns
[2025-10-15T05:41:55.509-0700][1246 ][info ][safepoint   ] Safepoint "Cleanup", Time since last: 1000107668 ns, Reaching safepoint: 904724 ns, Cleanup: 10626 ns, At safepoint: 635908 ns, Total: 1551258 ns
[2025-10-15T05:41:55.679-0700][1246 ][info ][gc,start    ] GC(286) Pause Young (Mixed) (G1 Evacuation Pause)
[2025-10-15T05:41:55.679-0700][1246 ][info ][gc,task     ] GC(286) Using 113 workers of 113 for evacuation
[2025-10-15T05:41:55.692-0700][1246 ][debug][gc,remset   ] GC(286) Visited cards 12652288 Total dirty 73138176 (17.30%) Total old 443809792 (2.85%)
[2025-10-15T05:41:55.860-0700][1246 ][info ][gc,phases   ] GC(286)   Pre Evacuate Collection Set: 0.7ms
[2025-10-15T05:41:55.860-0700][1246 ][info ][gc,phases   ] GC(286)   Merge Heap Roots: 12.9ms
[2025-10-15T05:41:55.860-0700][1246 ][info ][gc,phases   ] GC(286)   Evacuate Collection Set: 153.6ms
[2025-10-15T05:41:55.860-0700][1246 ][info ][gc,phases   ] GC(286)   Post Evacuate Collection Set: 13.5ms
[2025-10-15T05:41:55.860-0700][1246 ][info ][gc,phases   ] GC(286)   Other: 0.2ms
[2025-10-15T05:41:55.860-0700][1246 ][debug][gc,remset   ] GC(286) Coarsening (recent): Inline->AoC 35492 (0) AoC->Howl 509 (0) Howl->Full 0 (0) Inline->AoC 1661 (0) AoC->BitMap 376 (0) BitMap->Full 0 (0) 
[2025-10-15T05:41:55.860-0700][1246 ][debug][gc,remset   ] GC(286) Coarsening (all): Inline->AoC 8183534 (288) AoC->Howl 188419 (723) Howl->Full 0 (0) Inline->AoC 756825 (224) AoC->BitMap 199953 (585) BitMap->Full 4 (0) 
[2025-10-15T05:41:55.860-0700][1246 ][info ][gc,heap     ] GC(286) Eden regions: 2533->0(1374)
[2025-10-15T05:41:55.860-0700][1246 ][info ][gc,heap     ] GC(286) Survivor regions: 183->238(340)
[2025-10-15T05:41:55.860-0700][1246 ][info ][gc,heap     ] GC(286) Old regions: 1223->1131
[2025-10-15T05:41:55.860-0700][1246 ][info ][gc,heap     ] GC(286) Humongous regions: 12->0
[2025-10-15T05:41:55.860-0700][1246 ][info ][gc,metaspace] GC(286) Metaspace: 318580K(324992K)->318580K(324992K) NonClass: 281405K(284864K)->281405K(284864K) Class: 37175K(40128K)->37175K(40128K)
[2025-10-15T05:41:55.860-0700][1246 ][info ][gc          ] GC(286) Pause Young (Mixed) (G1 Evacuation Pause) 126408M->43801M(184320M) 181.046ms
[2025-10-15T05:41:55.861-0700][1246 ][info ][gc,cpu      ] GC(286) User=17.36s Sys=0.11s Real=0.18s
[2025-10-15T05:41:55.862-0700][1246 ][info ][safepoint   ] Safepoint "G1CollectForAllocation", Time since last: 167169326 ns, Reaching safepoint: 924803 ns, Cleanup: 5168 ns, At safepoint: 184651443 ns, Total: 185581414 ns
[2025-10-15T05:41:56.871-0700][1246 ][info ][safepoint   ] Safepoint "Cleanup", Time since last: 1000090794 ns, Reaching safepoint: 7051878 ns, Cleanup: 13109 ns, At safepoint: 1779833 ns, Total: 8844820 ns
[2025-10-15T05:41:59.872-0700][1246 ][info ][safepoint   ] Safepoint "Cleanup", Time since last: 3000213361 ns, Reaching safepoint: 867086 ns, Cleanup: 11558 ns, At safepoint: 294604 ns, Total: 1173248 ns
[2025-10-15T05:42:01.313-0700][1246 ][info ][gc,start    ] GC(287) Pause Young (Mixed) (G1 Evacuation Pause)
[2025-10-15T05:42:01.313-0700][1246 ][info ][gc,task     ] GC(287) Using 113 workers of 113 for evacuation
[2025-10-15T05:42:01.326-0700][1246 ][debug][gc,remset   ] GC(287) Visited cards 13334016 Total dirty 66715648 (19.99%) Total old 328269824 (4.06%)
[2025-10-15T05:42:01.511-0700][1246 ][info ][gc,phases   ] GC(287)   Pre Evacuate Collection Set: 0.8ms
[2025-10-15T05:42:01.511-0700][1246 ][info ][gc,phases   ] GC(287)   Merge Heap Roots: 12.6ms
[2025-10-15T05:42:01.511-0700][1246 ][info ][gc,phases   ] GC(287)   Evacuate Collection Set: 172.1ms
[2025-10-15T05:42:01.511-0700][1246 ][info ][gc,phases   ] GC(287)   Post Evacuate Collection Set: 12.1ms
[2025-10-15T05:42:01.511-0700][1246 ][info ][gc,phases   ] GC(287)   Other: 0.2ms
[2025-10-15T05:42:01.511-0700][1246 ][debug][gc,remset   ] GC(287) Coarsening (recent): Inline->AoC 20785 (0) AoC->Howl 361 (0) Howl->Full 0 (0) Inline->AoC 1288 (0) AoC->BitMap 257 (0) BitMap->Full 0 (0) 
[2025-10-15T05:42:01.511-0700][1246 ][debug][gc,remset   ] GC(287) Coarsening (all): Inline->AoC 8204319 (288) AoC->Howl 188780 (723) Howl->Full 0 (0) Inline->AoC 758113 (224) AoC->BitMap 200210 (585) BitMap->Full 4 (0) 
[2025-10-15T05:42:01.511-0700][1246 ][info ][gc,heap     ] GC(287) Eden regions: 1646->0(2820)
[2025-10-15T05:42:01.511-0700][1246 ][info ][gc,heap     ] GC(287) Survivor regions: 238->143(236)
[2025-10-15T05:42:01.511-0700][1246 ][info ][gc,heap     ] GC(287) Old regions: 1131->1166
[2025-10-15T05:42:01.511-0700][1246 ][info ][gc,heap     ] GC(287) Humongous regions: 5->0
[2025-10-15T05:42:01.511-0700][1246 ][info ][gc,metaspace] GC(287) Metaspace: 318580K(324992K)->318580K(324992K) NonClass: 281405K(284864K)->281405K(284864K) Class: 37175K(40128K)->37175K(40128K)
[2025-10-15T05:42:01.511-0700][1246 ][info ][gc          ] GC(287) Pause Young (Mixed) (G1 Evacuation Pause) 96633M->41854M(184320M) 197.974ms
[2025-10-15T05:42:01.512-0700][1246 ][info ][gc,cpu      ] GC(287) User=18.50s Sys=0.18s Real=0.20s
[2025-10-15T05:42:01.513-0700][1246 ][info ][safepoint   ] Safepoint "G1CollectForAllocation", Time since last: 1438383696 ns, Reaching safepoint: 818223 ns, Cleanup: 4527 ns, At safepoint: 201604313 ns, Total: 202427063 ns
[2025-10-15T05:42:02.740-0700][1246 ][info ][safepoint   ] Safepoint "Cleanup", Time since last: 1225925184 ns, Reaching safepoint: 762810 ns, Cleanup: 45108 ns, At safepoint: 170267 ns, Total: 978185 ns
[2025-10-15T05:42:03.741-0700][1246 ][info ][safepoint   ] Safepoint "Cleanup", Time since last: 1000115280 ns, Reaching safepoint: 738072 ns, Cleanup: 14001 ns, At safepoint: 91148 ns, Total: 843221 ns
[2025-10-15T05:42:05.742-0700][1246 ][info ][safepoint   ] Safepoint "Cleanup", Time since last: 2000154635 ns, Reaching safepoint: 817643 ns, Cleanup: 19189 ns, At safepoint: 263557 ns, Total: 1100389 ns
[2025-10-15T05:42:11.744-0700][1246 ][info ][safepoint   ] Safepoint "Cleanup", Time since last: 6000403286 ns, Reaching safepoint: 874248 ns, Cleanup: 17196 ns, At safepoint: 215484 ns, Total: 1106928 ns
[2025-10-15T05:42:12.745-0700][1246 ][info ][safepoint   ] Safepoint "Cleanup", Time since last: 1000102692 ns, Reaching safepoint: 821378 ns, Cleanup: 24416 ns, At safepoint: 194073 ns, Total: 1039867 ns
[2025-10-15T05:42:15.018-0700][1246 ][info ][gc,start    ] GC(288) Pause Young (Mixed) (G1 Evacuation Pause)
[2025-10-15T05:42:15.018-0700][1246 ][info ][gc,task     ] GC(288) Using 113 workers of 113 for evacuation
[2025-10-15T05:42:15.033-0700][1246 ][debug][gc,remset   ] GC(288) Visited cards 17014528 Total dirty 69599232 (24.45%) Total old 478871552 (3.55%)
[2025-10-15T05:42:15.177-0700][1246 ][info ][gc,phases   ] GC(288)   Pre Evacuate Collection Set: 0.8ms
[2025-10-15T05:42:15.177-0700][1246 ][info ][gc,phases   ] GC(288)   Merge Heap Roots: 13.9ms
[2025-10-15T05:42:15.177-0700][1246 ][info ][gc,phases   ] GC(288)   Evacuate Collection Set: 129.4ms
[2025-10-15T05:42:15.177-0700][1246 ][info ][gc,phases   ] GC(288)   Post Evacuate Collection Set: 14.1ms
[2025-10-15T05:42:15.177-0700][1246 ][info ][gc,phases   ] GC(288)   Other: 0.2ms
[2025-10-15T05:42:15.177-0700][1246 ][debug][gc,remset   ] GC(288) Coarsening (recent): Inline->AoC 53586 (0) AoC->Howl 465 (0) Howl->Full 0 (0) Inline->AoC 1092 (0) AoC->BitMap 422 (0) BitMap->Full 0 (0) 
[2025-10-15T05:42:15.177-0700][1246 ][debug][gc,remset   ] GC(288) Coarsening (all): Inline->AoC 8257905 (288) AoC->Howl 189245 (723) Howl->Full 0 (0) Inline->AoC 759205 (224) AoC->BitMap 200632 (585) BitMap->Full 4 (0) 
[2025-10-15T05:42:15.177-0700][1246 ][info ][gc,heap     ] GC(288) Eden regions: 2868->0(2361)
[2025-10-15T05:42:15.177-0700][1246 ][info ][gc,heap     ] GC(288) Survivor regions: 143->157(377)
[2025-10-15T05:42:15.177-0700][1246 ][info ][gc,heap     ] GC(288) Old regions: 1166->1086
[2025-10-15T05:42:15.177-0700][1246 ][info ][gc,heap     ] GC(288) Humongous regions: 14->0
[2025-10-15T05:42:15.177-0700][1246 ][info ][gc,metaspace] GC(288) Metaspace: 318584K(324992K)->318584K(324992K) NonClass: 281408K(284864K)->281408K(284864K) Class: 37175K(40128K)->37175K(40128K)
[2025-10-15T05:42:15.177-0700][1246 ][info ][gc          ] GC(288) Pause Young (Mixed) (G1 Evacuation Pause) 134078M->39743M(184320M) 158.555ms
[2025-10-15T05:42:15.178-0700][1246 ][info ][gc,cpu      ] GC(288) User=13.74s Sys=0.39s Real=0.16s
[2025-10-15T05:42:15.179-0700][1246 ][info ][safepoint   ] Safepoint "G1CollectForAllocation", Time since last: 2270988607 ns, Reaching safepoint: 920777 ns, Cleanup: 7231 ns, At safepoint: 162122069 ns, Total: 163050077 ns
[2025-10-15T05:42:17.181-0700][1246 ][info ][safepoint   ] Safepoint "Cleanup", Time since last: 2000153955 ns, Reaching safepoint: 955630 ns, Cleanup: 44487 ns, At safepoint: 476058 ns, Total: 1476175 ns
[2025-10-15T05:42:18.182-0700][1246 ][info ][safepoint   ] Safepoint "Cleanup", Time since last: 1000113477 ns, Reaching safepoint: 1026307 ns, Cleanup: 11978 ns, At safepoint: 393673 ns, Total: 1431958 ns
[2025-10-15T05:42:20.185-0700][1246 ][info ][safepoint   ] Safepoint "Cleanup", Time since last: 2000341348 ns, Reaching safepoint: 972285 ns, Cleanup: 18358 ns, At safepoint: 1368582 ns, Total: 2359225 ns
[2025-10-15T05:42:21.654-0700][1246 ][info ][gc,start    ] GC(289) Pause Young (Mixed) (G1 Evacuation Pause)
[2025-10-15T05:42:21.654-0700][1246 ][info ][gc,task     ] GC(289) Using 113 workers of 113 for evacuation
[2025-10-15T05:42:21.668-0700][1246 ][debug][gc,remset   ] GC(289) Visited cards 18805760 Total dirty 64880640 (28.99%) Total old 471269376 (3.99%)
[2025-10-15T05:42:21.844-0700][1246 ][info ][gc,phases   ] GC(289)   Pre Evacuate Collection Set: 0.8ms
[2025-10-15T05:42:21.844-0700][1246 ][info ][gc,phases   ] GC(289)   Merge Heap Roots: 12.3ms
[2025-10-15T05:42:21.844-0700][1246 ][info ][gc,phases   ] GC(289)   Evacuate Collection Set: 164.2ms
[2025-10-15T05:42:21.844-0700][1246 ][info ][gc,phases   ] GC(289)   Post Evacuate Collection Set: 12.3ms
[2025-10-15T05:42:21.844-0700][1246 ][info ][gc,phases   ] GC(289)   Other: 0.2ms
[2025-10-15T05:42:21.844-0700][1246 ][debug][gc,remset   ] GC(289) Coarsening (recent): Inline->AoC 37907 (1) AoC->Howl 203 (13) Howl->Full 0 (0) Inline->AoC 798 (4) AoC->BitMap 149 (19) BitMap->Full 0 (0) 
[2025-10-15T05:42:21.844-0700][1246 ][debug][gc,remset   ] GC(289) Coarsening (all): Inline->AoC 8295812 (289) AoC->Howl 189448 (736) Howl->Full 0 (0) Inline->AoC 760003 (228) AoC->BitMap 200781 (604) BitMap->Full 4 (0) 
[2025-10-15T05:42:21.844-0700][1246 ][info ][gc,heap     ] GC(289) Eden regions: 2836->0(2623)
[2025-10-15T05:42:21.844-0700][1246 ][info ][gc,heap     ] GC(289) Survivor regions: 157->224(375)
[2025-10-15T05:42:21.844-0700][1246 ][info ][gc,heap     ] GC(289) Old regions: 1086->1008
[2025-10-15T05:42:21.844-0700][1246 ][info ][gc,heap     ] GC(289) Humongous regions: 15->0
[2025-10-15T05:42:21.844-0700][1246 ][info ][gc,metaspace] GC(289) Metaspace: 318625K(325056K)->318625K(325056K) NonClass: 281448K(284928K)->281448K(284928K) Class: 37176K(40128K)->37176K(40128K)
[2025-10-15T05:42:21.844-0700][1246 ][info ][gc          ] GC(289) Pause Young (Mixed) (G1 Evacuation Pause) 130975M->39386M(184320M) 189.955ms
[2025-10-15T05:42:21.846-0700][1246 ][info ][gc,cpu      ] GC(289) User=17.22s Sys=0.34s Real=0.19s
[2025-10-15T05:42:21.847-0700][1246 ][info ][safepoint   ] Safepoint "G1CollectForAllocation", Time since last: 1467219596 ns, Reaching safepoint: 944453 ns, Cleanup: 6740 ns, At safepoint: 193894033 ns, Total: 194845226 ns
[2025-10-15T05:42:22.848-0700][1246 ][info ][safepoint   ] Safepoint "Cleanup", Time since last: 1000095481 ns, Reaching safepoint: 755088 ns, Cleanup: 9724 ns, At safepoint: 187012 ns, Total: 951824 ns
[2025-10-15T05:42:23.849-0700][1246 ][info ][safepoint   ] Safepoint "Cleanup", Time since last: 1000103032 ns, Reaching safepoint: 943031 ns, Cleanup: 24337 ns, At safepoint: 287363 ns, Total: 1254731 ns
[2025-10-15T05:42:24.851-0700][1246 ][info ][safepoint   ] Safepoint "Cleanup", Time since last: 1000109832 ns, Reaching safepoint: 804653 ns, Cleanup: 10265 ns, At safepoint: 350048 ns, Total: 1164966 ns
[2025-10-15T05:42:25.852-0700][1246 ][info ][safepoint   ] Safepoint "Cleanup", Time since last: 1000103913 ns, Reaching safepoint: 877432 ns, Cleanup: 12399 ns, At safepoint: 273672 ns, Total: 1163503 ns
[2025-10-15T05:42:26.853-0700][1246 ][info ][safepoint   ] Safepoint "Cleanup", Time since last: 1000101740 ns, Reaching safepoint: 914068 ns, Cleanup: 13089 ns, At safepoint: 418722 ns, Total: 1345879 ns
[2025-10-15T05:42:27.855-0700][1246 ][info ][safepoint   ] Safepoint "Cleanup", Time since last: 1000116161 ns, Reaching safepoint: 934088 ns, Cleanup: 13711 ns, At safepoint: 654977 ns, Total: 1602776 ns
[2025-10-15T05:42:28.857-0700][1246 ][info ][safepoint   ] Safepoint "Cleanup", Time since last: 1000095670 ns, Reaching safepoint: 918024 ns, Cleanup: 15003 ns, At safepoint: 774397 ns, Total: 1707424 ns
[2025-10-15T05:42:31.859-0700][1246 ][info ][safepoint   ] Safepoint "Cleanup", Time since last: 3000217517 ns, Reaching safepoint: 1437847 ns, Cleanup: 15033 ns, At safepoint: 297879 ns, Total: 1750759 ns
[2025-10-15T05:42:31.893-0700][1246 ][info ][gc,start    ] GC(290) Pause Young (Normal) (G1 Evacuation Pause)
[2025-10-15T05:42:31.893-0700][1246 ][info ][gc,task     ] GC(290) Using 113 workers of 113 for evacuation
[2025-10-15T05:42:31.906-0700][1246 ][debug][gc,remset   ] GC(290) Visited cards 9867008 Total dirty 64225280 (15.36%) Total old 456458240 (2.16%)
[2025-10-15T05:42:32.088-0700][1246 ][info ][gc,phases   ] GC(290)   Pre Evacuate Collection Set: 0.8ms
[2025-10-15T05:42:32.088-0700][1246 ][info ][gc,phases   ] GC(290)   Merge Heap Roots: 12.4ms
[2025-10-15T05:42:32.088-0700][1246 ][info ][gc,phases   ] GC(290)   Evacuate Collection Set: 167.7ms
[2025-10-15T05:42:32.088-0700][1246 ][info ][gc,phases   ] GC(290)   Post Evacuate Collection Set: 14.4ms
[2025-10-15T05:42:32.088-0700][1246 ][info ][gc,phases   ] GC(290)   Other: 0.2ms
[2025-10-15T05:42:32.088-0700][1246 ][debug][gc,remset   ] GC(290) Coarsening (recent): Inline->AoC 36164 (0) AoC->Howl 167 (0) Howl->Full 0 (0) Inline->AoC 682 (0) AoC->BitMap 97 (0) BitMap->Full 0 (0) 
[2025-10-15T05:42:32.088-0700][1246 ][debug][gc,remset   ] GC(290) Coarsening (all): Inline->AoC 8331976 (289) AoC->Howl 189615 (736) Howl->Full 0 (0) Inline->AoC 760685 (228) AoC->BitMap 200878 (604) BitMap->Full 4 (0) 
[2025-10-15T05:42:32.088-0700][1246 ][info ][gc,heap     ] GC(290) Eden regions: 2748->0(2595)
[2025-10-15T05:42:32.088-0700][1246 ][info ][gc,heap     ] GC(290) Survivor regions: 224->222(372)
[2025-10-15T05:42:32.088-0700][1246 ][info ][gc,heap     ] GC(290) Old regions: 1008->1059
[2025-10-15T05:42:32.088-0700][1246 ][info ][gc,heap     ] GC(290) Humongous regions: 13->0
[2025-10-15T05:42:32.088-0700][1246 ][info ][gc,metaspace] GC(290) Metaspace: 318661K(325056K)->318661K(325056K) NonClass: 281477K(284928K)->281477K(284928K) Class: 37183K(40128K)->37183K(40128K)
[2025-10-15T05:42:32.088-0700][1246 ][info ][gc          ] GC(290) Pause Young (Normal) (G1 Evacuation Pause) 127738M->40956M(184320M) 195.676ms
[2025-10-15T05:42:32.090-0700][1246 ][info ][gc,cpu      ] GC(290) User=18.62s Sys=0.26s Real=0.20s
[2025-10-15T05:42:32.091-0700][1246 ][info ][safepoint   ] Safepoint "G1CollectForAllocation", Time since last: 20493706 ns, Reaching safepoint: 12203512 ns, Cleanup: 5068 ns, At safepoint: 199129173 ns, Total: 211337753 ns
[2025-10-15T05:42:33.092-0700][1246 ][info ][safepoint   ] Safepoint "Cleanup", Time since last: 1000088510 ns, Reaching safepoint: 832374 ns, Cleanup: 29114 ns, At safepoint: 92800 ns, Total: 954288 ns
[2025-10-15T05:42:34.093-0700][1246 ][info ][safepoint   ] Safepoint "Cleanup", Time since last: 1000098094 ns, Reaching safepoint: 714738 ns, Cleanup: 9464 ns, At safepoint: 118108 ns, Total: 842310 ns
[2025-10-15T05:42:35.094-0700][1246 ][info ][safepoint   ] Safepoint "Cleanup", Time since last: 1000097133 ns, Reaching safepoint: 712183 ns, Cleanup: 10686 ns, At safepoint: 128794 ns, Total: 851663 ns
[2025-10-15T05:42:37.095-0700][1246 ][info ][safepoint   ] Safepoint "Cleanup", Time since last: 2000157511 ns, Reaching safepoint: 890632 ns, Cleanup: 9845 ns, At safepoint: 299541 ns, Total: 1200018 ns
[2025-10-15T05:42:38.096-0700][1246 ][info ][safepoint   ] Safepoint "Cleanup", Time since last: 1000101520 ns, Reaching safepoint: 869120 ns, Cleanup: 19639 ns, At safepoint: 277338 ns, Total: 1166097 ns
[2025-10-15T05:42:40.121-0700][1246 ][info ][safepoint   ] Safepoint "Cleanup", Time since last: 2000165713 ns, Reaching safepoint: 20744174 ns, Cleanup: 36054 ns, At safepoint: 3624373 ns, Total: 24404601 ns
[2025-10-15T05:42:41.124-0700][1246 ][info ][safepoint   ] Safepoint "Cleanup", Time since last: 1000172406 ns, Reaching safepoint: 1332949 ns, Cleanup: 21022 ns, At safepoint: 1721694 ns, Total: 3075665 ns
[2025-10-15T05:42:42.127-0700][1246 ][info ][safepoint   ] Safepoint "Cleanup", Time since last: 1000158666 ns, Reaching safepoint: 1195632 ns, Cleanup: 48273 ns, At safepoint: 1274050 ns, Total: 2517955 ns
[2025-10-15T05:42:43.006-0700][1246 ][info ][gc,start    ] GC(291) Pause Young (Normal) (G1 Evacuation Pause)
[2025-10-15T05:42:43.006-0700][1246 ][info ][gc,task     ] GC(291) Using 113 workers of 113 for evacuation
[2025-10-15T05:42:43.019-0700][1246 ][debug][gc,remset   ] GC(291) Visited cards 10051072 Total dirty 67371008 (14.92%) Total old 451084288 (2.23%)
[2025-10-15T05:42:43.208-0700][1246 ][info ][gc,mmu      ] GC(291) MMU target violated: 201.0ms (200.0ms/201.0ms)
[2025-10-15T05:42:43.209-0700][1246 ][info ][gc,phases   ] GC(291)   Pre Evacuate Collection Set: 0.8ms
[2025-10-15T05:42:43.209-0700][1246 ][info ][gc,phases   ] GC(291)   Merge Heap Roots: 12.2ms
[2025-10-15T05:42:43.209-0700][1246 ][info ][gc,phases   ] GC(291)   Evacuate Collection Set: 173.5ms
[2025-10-15T05:42:43.209-0700][1246 ][info ][gc,phases   ] GC(291)   Post Evacuate Collection Set: 15.5ms
[2025-10-15T05:42:43.209-0700][1246 ][info ][gc,phases   ] GC(291)   Other: 0.2ms
[2025-10-15T05:42:43.209-0700][1246 ][debug][gc,remset   ] GC(291) Coarsening (recent): Inline->AoC 35577 (0) AoC->Howl 153 (0) Howl->Full 0 (0) Inline->AoC 564 (0) AoC->BitMap 109 (0) BitMap->Full 0 (0) 
[2025-10-15T05:42:43.209-0700][1246 ][debug][gc,remset   ] GC(291) Coarsening (all): Inline->AoC 8367553 (289) AoC->Howl 189768 (736) Howl->Full 0 (0) Inline->AoC 761249 (228) AoC->BitMap 200987 (604) BitMap->Full 4 (0) 
[2025-10-15T05:42:43.209-0700][1246 ][info ][gc,heap     ] GC(291) Eden regions: 2673->0(2282)
[2025-10-15T05:42:43.209-0700][1246 ][info ][gc,heap     ] GC(291) Survivor regions: 222->225(362)
[2025-10-15T05:42:43.209-0700][1246 ][info ][gc,heap     ] GC(291) Old regions: 1059->1126
[2025-10-15T05:42:43.209-0700][1246 ][info ][gc,heap     ] GC(291) Humongous regions: 34->0
[2025-10-15T05:42:43.209-0700][1246 ][info ][gc,metaspace] GC(291) Metaspace: 318697K(325056K)->318697K(325056K) NonClass: 281513K(284928K)->281513K(284928K) Class: 37184K(40128K)->37184K(40128K)
[2025-10-15T05:42:43.209-0700][1246 ][info ][gc          ] GC(291) Pause Young (Normal) (G1 Evacuation Pause) 127580M->43222M(184320M) 202.377ms
[2025-10-15T05:42:43.210-0700][1246 ][info ][gc,cpu      ] GC(291) User=19.50s Sys=0.26s Real=0.21s
[2025-10-15T05:42:43.211-0700][1246 ][info ][safepoint   ] Safepoint "G1CollectForAllocation", Time since last: 877330378 ns, Reaching safepoint: 926115 ns, Cleanup: 11217 ns, At safepoint: 206025527 ns, Total: 206962859 ns
[2025-10-15T05:42:45.213-0700][1246 ][info ][safepoint   ] Safepoint "Cleanup", Time since last: 2000154145 ns, Reaching safepoint: 855620 ns, Cleanup: 14992 ns, At safepoint: 497060 ns, Total: 1367672 ns
[2025-10-15T05:42:47.217-0700][1246 ][info ][safepoint   ] Safepoint "Cleanup", Time since last: 2000174445 ns, Reaching safepoint: 4197396 ns, Cleanup: 10957 ns, At safepoint: 449057 ns, Total: 4657410 ns
[2025-10-15T05:42:48.442-0700][1246 ][info ][gc,start    ] GC(292) Pause Young (Normal) (G1 Evacuation Pause)
[2025-10-15T05:42:48.442-0700][1246 ][info ][gc,task     ] GC(292) Using 113 workers of 113 for evacuation
[2025-10-15T05:42:48.454-0700][1246 ][debug][gc,remset   ] GC(292) Visited cards 9355008 Total dirty 71368704 (13.11%) Total old 430243840 (2.17%)
[2025-10-15T05:42:48.626-0700][1246 ][info ][gc,phases   ] GC(292)   Pre Evacuate Collection Set: 0.7ms
[2025-10-15T05:42:48.626-0700][1246 ][info ][gc,phases   ] GC(292)   Merge Heap Roots: 11.7ms
[2025-10-15T05:42:48.626-0700][1246 ][info ][gc,phases   ] GC(292)   Evacuate Collection Set: 160.6ms
[2025-10-15T05:42:48.626-0700][1246 ][info ][gc,phases   ] GC(292)   Post Evacuate Collection Set: 10.4ms
[2025-10-15T05:42:48.626-0700][1246 ][info ][gc,phases   ] GC(292)   Other: 0.2ms
[2025-10-15T05:42:48.626-0700][1246 ][debug][gc,remset   ] GC(292) Coarsening (recent): Inline->AoC 25591 (0) AoC->Howl 98 (0) Howl->Full 0 (0) Inline->AoC 331 (0) AoC->BitMap 73 (0) BitMap->Full 0 (0) 
[2025-10-15T05:42:48.626-0700][1246 ][debug][gc,remset   ] GC(292) Coarsening (all): Inline->AoC 8393144 (289) AoC->Howl 189866 (736) Howl->Full 0 (0) Inline->AoC 761580 (228) AoC->BitMap 201060 (604) BitMap->Full 4 (0) 
[2025-10-15T05:42:48.626-0700][1246 ][info ][gc,heap     ] GC(292) Eden regions: 2491->0(2313)
[2025-10-15T05:42:48.626-0700][1246 ][info ][gc,heap     ] GC(292) Survivor regions: 225->230(340)
[2025-10-15T05:42:48.626-0700][1246 ][info ][gc,heap     ] GC(292) Old regions: 1126->1188
[2025-10-15T05:42:48.626-0700][1246 ][info ][gc,heap     ] GC(292) Humongous regions: 7->0
[2025-10-15T05:42:48.626-0700][1246 ][info ][gc,metaspace] GC(292) Metaspace: 318698K(325056K)->318698K(325056K) NonClass: 281514K(284928K)->281514K(284928K) Class: 37184K(40128K)->37184K(40128K)
[2025-10-15T05:42:48.626-0700][1246 ][info ][gc          ] GC(292) Pause Young (Normal) (G1 Evacuation Pause) 123158M->45345M(184320M) 183.851ms
[2025-10-15T05:42:48.627-0700][1246 ][info ][gc,cpu      ] GC(292) User=18.86s Sys=0.17s Real=0.18s
[2025-10-15T05:42:48.628-0700][1246 ][info ][safepoint   ] Safepoint "G1CollectForAllocation", Time since last: 1222341833 ns, Reaching safepoint: 896361 ns, Cleanup: 7512 ns, At safepoint: 187575129 ns, Total: 188479002 ns
[2025-10-15T05:42:52.630-0700][1246 ][info ][safepoint   ] Safepoint "Cleanup", Time since last: 4000268411 ns, Reaching safepoint: 913406 ns, Cleanup: 11748 ns, At safepoint: 241564 ns, Total: 1166718 ns
[2025-10-15T05:42:54.646-0700][1246 ][info ][safepoint   ] Safepoint "Cleanup", Time since last: 2000165873 ns, Reaching safepoint: 13463381 ns, Cleanup: 11708 ns, At safepoint: 2335730 ns, Total: 15810819 ns
[2025-10-15T05:42:57.302-0700][1246 ][info ][gc,start    ] GC(293) Pause Young (Normal) (G1 Evacuation Pause)
[2025-10-15T05:42:57.302-0700][1246 ][info ][gc,task     ] GC(293) Using 113 workers of 113 for evacuation
[2025-10-15T05:42:57.315-0700][1246 ][debug][gc,remset   ] GC(293) Visited cards 9530368 Total dirty 74383360 (12.81%) Total old 418185216 (2.28%)
[2025-10-15T05:42:57.491-0700][1246 ][info ][gc,phases   ] GC(293)   Pre Evacuate Collection Set: 0.9ms
[2025-10-15T05:42:57.491-0700][1246 ][info ][gc,phases   ] GC(293)   Merge Heap Roots: 12.0ms
[2025-10-15T05:42:57.491-0700][1246 ][info ][gc,phases   ] GC(293)   Evacuate Collection Set: 162.4ms
[2025-10-15T05:42:57.491-0700][1246 ][info ][gc,phases   ] GC(293)   Post Evacuate Collection Set: 13.3ms
[2025-10-15T05:42:57.491-0700][1246 ][info ][gc,phases   ] GC(293)   Other: 0.2ms
[2025-10-15T05:42:57.491-0700][1246 ][debug][gc,remset   ] GC(293) Coarsening (recent): Inline->AoC 30141 (6) AoC->Howl 142 (10) Howl->Full 0 (0) Inline->AoC 492 (5) AoC->BitMap 97 (12) BitMap->Full 0 (0) 
[2025-10-15T05:42:57.491-0700][1246 ][debug][gc,remset   ] GC(293) Coarsening (all): Inline->AoC 8423285 (295) AoC->Howl 190008 (746) Howl->Full 0 (0) Inline->AoC 762072 (233) AoC->BitMap 201157 (616) BitMap->Full 4 (0) 
[2025-10-15T05:42:57.491-0700][1246 ][info ][gc,heap     ] GC(293) Eden regions: 2360->0(2361)
[2025-10-15T05:42:57.491-0700][1246 ][info ][gc,heap     ] GC(293) Survivor regions: 230->229(324)
[2025-10-15T05:42:57.491-0700][1246 ][info ][gc,heap     ] GC(293) Old regions: 1188->1250
[2025-10-15T05:42:57.491-0700][1246 ][info ][gc,heap     ] GC(293) Humongous regions: 13->0
[2025-10-15T05:42:57.491-0700][1246 ][info ][gc,metaspace] GC(293) Metaspace: 318704K(325056K)->318704K(325056K) NonClass: 281519K(284928K)->281519K(284928K) Class: 37184K(40128K)->37184K(40128K)
[2025-10-15T05:42:57.491-0700][1246 ][info ][gc          ] GC(293) Pause Young (Normal) (G1 Evacuation Pause) 121281M->47308M(184320M) 188.875ms
[2025-10-15T05:42:57.492-0700][1246 ][info ][gc,cpu      ] GC(293) User=18.10s Sys=0.16s Real=0.19s
[2025-10-15T05:42:57.493-0700][1246 ][info ][safepoint   ] Safepoint "G1CollectForAllocation", Time since last: 2654180375 ns, Reaching safepoint: 783151 ns, Cleanup: 3755 ns, At safepoint: 192473232 ns, Total: 193260138 ns
[2025-10-15T05:43:00.508-0700][1246 ][info ][safepoint   ] Safepoint "Cleanup", Time since last: 3000177216 ns, Reaching safepoint: 12420390 ns, Cleanup: 13630 ns, At safepoint: 2298865 ns, Total: 14732885 ns
[2025-10-15T05:43:04.766-0700][1246 ][info ][safepoint   ] Safepoint "Cleanup", Time since last: 4256948790 ns, Reaching safepoint: 975450 ns, Cleanup: 56085 ns, At safepoint: 239831 ns, Total: 1271366 ns
[2025-10-15T05:43:06.768-0700][1246 ][info ][safepoint   ] Safepoint "Cleanup", Time since last: 2000160225 ns, Reaching safepoint: 940717 ns, Cleanup: 37707 ns, At safepoint: 280803 ns, Total: 1259227 ns
[2025-10-15T05:43:07.769-0700][1246 ][info ][safepoint   ] Safepoint "Cleanup", Time since last: 1000099637 ns, Reaching safepoint: 868789 ns, Cleanup: 27121 ns, At safepoint: 242606 ns, Total: 1138516 ns
[2025-10-15T05:43:08.385-0700][1246 ][info ][gc,start    ] GC(294) Pause Young (Normal) (G1 Evacuation Pause)
[2025-10-15T05:43:08.385-0700][1246 ][info ][gc,task     ] GC(294) Using 113 workers of 113 for evacuation
[2025-10-15T05:43:08.399-0700][1246 ][debug][gc,remset   ] GC(294) Visited cards 9793536 Total dirty 77725696 (12.60%) Total old 429588480 (2.28%)
[2025-10-15T05:43:08.557-0700][1246 ][info ][gc,phases   ] GC(294)   Pre Evacuate Collection Set: 0.7ms
[2025-10-15T05:43:08.557-0700][1246 ][info ][gc,phases   ] GC(294)   Merge Heap Roots: 13.3ms
[2025-10-15T05:43:08.557-0700][1246 ][info ][gc,phases   ] GC(294)   Evacuate Collection Set: 145.5ms
[2025-10-15T05:43:08.557-0700][1246 ][info ][gc,phases   ] GC(294)   Post Evacuate Collection Set: 12.3ms
[2025-10-15T05:43:08.557-0700][1246 ][info ][gc,phases   ] GC(294)   Other: 0.2ms
[2025-10-15T05:43:08.557-0700][1246 ][debug][gc,remset   ] GC(294) Coarsening (recent): Inline->AoC 31926 (0) AoC->Howl 97 (0) Howl->Full 0 (0) Inline->AoC 362 (0) AoC->BitMap 64 (0) BitMap->Full 0 (0) 
[2025-10-15T05:43:08.557-0700][1246 ][debug][gc,remset   ] GC(294) Coarsening (all): Inline->AoC 8455211 (295) AoC->Howl 190105 (746) Howl->Full 0 (0) Inline->AoC 762434 (233) AoC->BitMap 201221 (616) BitMap->Full 4 (0) 
[2025-10-15T05:43:08.557-0700][1246 ][info ][gc,heap     ] GC(294) Eden regions: 2414->0(3265)
[2025-10-15T05:43:08.557-0700][1246 ][info ][gc,heap     ] GC(294) Survivor regions: 229->191(331)
[2025-10-15T05:43:08.557-0700][1246 ][info ][gc,heap     ] GC(294) Old regions: 1250->1314
[2025-10-15T05:43:08.557-0700][1246 ][info ][gc,heap     ] GC(294) Humongous regions: 19->0
[2025-10-15T05:43:08.557-0700][1246 ][info ][gc,metaspace] GC(294) Metaspace: 318811K(325184K)->318811K(325184K) NonClass: 281606K(285056K)->281606K(285056K) Class: 37204K(40128K)->37204K(40128K)
[2025-10-15T05:43:08.557-0700][1246 ][info ][gc          ] GC(294) Pause Young (Normal) (G1 Evacuation Pause) 125164M->48137M(184320M) 172.124ms
[2025-10-15T05:43:08.558-0700][1246 ][info ][gc,cpu      ] GC(294) User=16.44s Sys=0.16s Real=0.17s
[2025-10-15T05:43:08.559-0700][1246 ][info ][safepoint   ] Safepoint "G1CollectForAllocation", Time since last: 608371132 ns, Reaching safepoint: 6110019 ns, Cleanup: 12058 ns, At safepoint: 175674203 ns, Total: 181796280 ns
[2025-10-15T05:43:08.692-0700][1246 ][info ][gc,start    ] GC(295) Pause Young (Concurrent Start) (G1 Humongous Allocation)
[2025-10-15T05:43:08.692-0700][1246 ][info ][gc,task     ] GC(295) Using 113 workers of 113 for evacuation
[2025-10-15T05:43:08.701-0700][1246 ][debug][gc,remset   ] GC(295) Visited cards 8955904 Total dirty 81330176 (11.01%) Total old 123731968 (7.24%)
[2025-10-15T05:43:08.810-0700][1246 ][info ][gc,phases   ] GC(295)   Pre Evacuate Collection Set: 0.9ms
[2025-10-15T05:43:08.810-0700][1246 ][info ][gc,phases   ] GC(295)   Merge Heap Roots: 8.0ms
[2025-10-15T05:43:08.810-0700][1246 ][info ][gc,phases   ] GC(295)   Evacuate Collection Set: 100.4ms
[2025-10-15T05:43:08.810-0700][1246 ][info ][gc,phases   ] GC(295)   Post Evacuate Collection Set: 8.7ms
[2025-10-15T05:43:08.810-0700][1246 ][info ][gc,phases   ] GC(295)   Other: 0.1ms
[2025-10-15T05:43:08.810-0700][1246 ][debug][gc,remset   ] GC(295) Coarsening (recent): Inline->AoC 0 (0) AoC->Howl 0 (0) Howl->Full 0 (0) Inline->AoC 0 (0) AoC->BitMap 0 (0) BitMap->Full 0 (0) 
[2025-10-15T05:43:08.810-0700][1246 ][debug][gc,remset   ] GC(295) Coarsening (all): Inline->AoC 8455211 (295) AoC->Howl 190105 (746) Howl->Full 0 (0) Inline->AoC 762434 (233) AoC->BitMap 201221 (616) BitMap->Full 4 (0) 
[2025-10-15T05:43:08.810-0700][1246 ][info ][gc,heap     ] GC(295) Eden regions: 96->0(1071)
[2025-10-15T05:43:08.810-0700][1246 ][info ][gc,heap     ] GC(295) Survivor regions: 191->190(432)
[2025-10-15T05:43:08.810-0700][1246 ][info ][gc,heap     ] GC(295) Old regions: 1314->1314
[2025-10-15T05:43:08.810-0700][1246 ][info ][gc,heap     ] GC(295) Humongous regions: 0->0
[2025-10-15T05:43:08.810-0700][1246 ][info ][gc,metaspace] GC(295) Metaspace: 318811K(325184K)->318811K(325184K) NonClass: 281606K(285056K)->281606K(285056K) Class: 37204K(40128K)->37204K(40128K)
[2025-10-15T05:43:08.810-0700][1246 ][info ][gc          ] GC(295) Pause Young (Concurrent Start) (G1 Humongous Allocation) 51188M->48083M(184320M) 118.296ms
[2025-10-15T05:43:08.810-0700][1085 ][info ][gc          ] GC(296) Concurrent Mark Cycle
[2025-10-15T05:43:08.810-0700][1085 ][info ][gc,marking  ] GC(296) Concurrent Scan Root Regions
[2025-10-15T05:43:08.812-0700][1246 ][info ][gc,cpu      ] GC(295) User=9.96s Sys=0.06s Real=0.12s
[2025-10-15T05:43:08.814-0700][1246 ][info ][safepoint   ] Safepoint "G1TryInitiateConcMark", Time since last: 130377255 ns, Reaching safepoint: 916351 ns, Cleanup: 5228 ns, At safepoint: 123126337 ns, Total: 124047916 ns
[2025-10-15T05:43:08.882-0700][1085 ][info ][gc,marking  ] GC(296) Concurrent Scan Root Regions 71.981ms
[2025-10-15T05:43:08.882-0700][1085 ][info ][gc,marking  ] GC(296) Concurrent Mark
[2025-10-15T05:43:08.882-0700][1085 ][info ][gc,marking  ] GC(296) Concurrent Mark From Roots
[2025-10-15T05:43:08.882-0700][1085 ][info ][gc,task     ] GC(296) Using 36 workers of 36 for marking
[2025-10-15T05:43:09.182-0700][1085 ][info ][gc,marking  ] GC(296) Concurrent Mark From Roots 299.381ms
[2025-10-15T05:43:09.182-0700][1085 ][info ][gc,marking  ] GC(296) Concurrent Preclean
[2025-10-15T05:43:09.206-0700][1085 ][info ][gc,marking  ] GC(296) Concurrent Preclean 24.056ms
[2025-10-15T05:43:09.208-0700][1246 ][info ][gc,start    ] GC(296) Pause Remark
[2025-10-15T05:43:09.378-0700][1246 ][info ][gc          ] GC(296) Pause Remark 53675M->53323M(184320M) 170.165ms
[2025-10-15T05:43:09.379-0700][1246 ][info ][gc,cpu      ] GC(296) User=14.24s Sys=0.05s Real=0.18s
[2025-10-15T05:43:09.383-0700][1246 ][info ][safepoint   ] Safepoint "G1PauseRemark", Time since last: 392285193 ns, Reaching safepoint: 892255 ns, Cleanup: 11608 ns, At safepoint: 176419256 ns, Total: 177323119 ns
[2025-10-15T05:43:09.384-0700][1085 ][info ][gc,marking  ] GC(296) Concurrent Mark 501.351ms
[2025-10-15T05:43:09.384-0700][1085 ][info ][gc,marking  ] GC(296) Concurrent Rebuild Remembered Sets and Scrub Regions
[2025-10-15T05:43:09.826-0700][1085 ][info ][gc,marking  ] GC(296) Concurrent Rebuild Remembered Sets and Scrub Regions 442.345ms
[2025-10-15T05:43:09.828-0700][1246 ][info ][gc,start    ] GC(296) Pause Cleanup
[2025-10-15T05:43:09.830-0700][1246 ][info ][gc          ] GC(296) Pause Cleanup 58599M->58599M(184320M) 2.195ms
[2025-10-15T05:43:09.831-0700][1246 ][info ][gc,cpu      ] GC(296) User=0.02s Sys=0.00s Real=0.01s
[2025-10-15T05:43:09.832-0700][1246 ][info ][safepoint   ] Safepoint "G1PauseCleanup", Time since last: 443127779 ns, Reaching safepoint: 707667 ns, Cleanup: 33981 ns, At safepoint: 5031503 ns, Total: 5773151 ns
[2025-10-15T05:43:09.832-0700][1085 ][info ][gc,marking  ] GC(296) Concurrent Clear Claimed Marks
[2025-10-15T05:43:09.833-0700][1085 ][info ][gc,marking  ] GC(296) Concurrent Clear Claimed Marks 1.267ms
[2025-10-15T05:43:09.833-0700][1085 ][info ][gc,marking  ] GC(296) Concurrent Cleanup for Next Mark
[2025-10-15T05:43:09.864-0700][1085 ][info ][gc,marking  ] GC(296) Concurrent Cleanup for Next Mark 30.471ms
[2025-10-15T05:43:09.864-0700][1085 ][info ][gc          ] GC(296) Concurrent Mark Cycle 1053.739ms
[2025-10-15T05:43:13.209-0700][1246 ][info ][gc,start    ] GC(297) Pause Young (Prepare Mixed) (G1 Evacuation Pause)
[2025-10-15T05:43:13.209-0700][1246 ][info ][gc,task     ] GC(297) Using 113 workers of 113 for evacuation
[2025-10-15T05:43:13.223-0700][1246 ][debug][gc,remset   ] GC(297) Visited cards 9669376 Total dirty 81854464 (11.81%) Total old 241303552 (4.01%)
[2025-10-15T05:43:13.355-0700][1246 ][info ][gc,phases   ] GC(297)   Pre Evacuate Collection Set: 0.7ms
[2025-10-15T05:43:13.355-0700][1246 ][info ][gc,phases   ] GC(297)   Merge Heap Roots: 13.6ms
[2025-10-15T05:43:13.355-0700][1246 ][info ][gc,phases   ] GC(297)   Evacuate Collection Set: 119.2ms
[2025-10-15T05:43:13.355-0700][1246 ][info ][gc,phases   ] GC(297)   Post Evacuate Collection Set: 11.9ms
[2025-10-15T05:43:13.355-0700][1246 ][info ][gc,phases   ] GC(297)   Other: 0.1ms
[2025-10-15T05:43:13.355-0700][1246 ][debug][gc,remset   ] GC(297) Coarsening (recent): Inline->AoC 164219 (0) AoC->Howl 10415 (0) Howl->Full 0 (0) Inline->AoC 40464 (0) AoC->BitMap 11736 (0) BitMap->Full 2 (0) 
[2025-10-15T05:43:13.355-0700][1246 ][debug][gc,remset   ] GC(297) Coarsening (all): Inline->AoC 8619430 (295) AoC->Howl 200520 (746) Howl->Full 0 (0) Inline->AoC 802898 (233) AoC->BitMap 212957 (616) BitMap->Full 6 (0) 
[2025-10-15T05:43:13.355-0700][1246 ][info ][gc,heap     ] GC(297) Eden regions: 996->0(1371)
[2025-10-15T05:43:13.355-0700][1246 ][info ][gc,heap     ] GC(297) Survivor regions: 190->124(149)
[2025-10-15T05:43:13.355-0700][1246 ][info ][gc,heap     ] GC(297) Old regions: 1303->1402
[2025-10-15T05:43:13.355-0700][1246 ][info ][gc,heap     ] GC(297) Humongous regions: 7->0
[2025-10-15T05:43:13.355-0700][1246 ][info ][gc,metaspace] GC(297) Metaspace: 318787K(325184K)->318787K(325184K) NonClass: 281586K(285056K)->281586K(285056K) Class: 37201K(40128K)->37201K(40128K)
[2025-10-15T05:43:13.355-0700][1246 ][info ][gc          ] GC(297) Pause Young (Prepare Mixed) (G1 Evacuation Pause) 79827M->48827M(184320M) 145.692ms
[2025-10-15T05:43:13.356-0700][1246 ][info ][gc,cpu      ] GC(297) User=14.50s Sys=0.07s Real=0.14s
[2025-10-15T05:43:13.357-0700][1246 ][info ][safepoint   ] Safepoint "G1CollectForAllocation", Time since last: 3375035646 ns, Reaching safepoint: 760957 ns, Cleanup: 15373 ns, At safepoint: 149287665 ns, Total: 150063995 ns
[2025-10-15T05:43:20.369-0700][1246 ][info ][safepoint   ] Safepoint "Cleanup", Time since last: 7000427680 ns, Reaching safepoint: 10259803 ns, Cleanup: 25519 ns, At safepoint: 1628574 ns, Total: 11913896 ns
[2025-10-15T05:43:20.752-0700][1246 ][info ][gc,start    ] GC(298) Pause Young (Mixed) (G1 Evacuation Pause)
[2025-10-15T05:43:20.752-0700][1246 ][info ][gc,task     ] GC(298) Using 113 workers of 113 for evacuation
[2025-10-15T05:43:20.766-0700][1246 ][debug][gc,remset   ] GC(298) Visited cards 10112512 Total dirty 83099648 (12.17%) Total old 326303744 (3.10%)
[2025-10-15T05:43:20.860-0700][1246 ][info ][gc,phases   ] GC(298)   Pre Evacuate Collection Set: 0.7ms
[2025-10-15T05:43:20.860-0700][1246 ][info ][gc,phases   ] GC(298)   Merge Heap Roots: 13.7ms
[2025-10-15T05:43:20.860-0700][1246 ][info ][gc,phases   ] GC(298)   Evacuate Collection Set: 81.8ms
[2025-10-15T05:43:20.860-0700][1246 ][info ][gc,phases   ] GC(298)   Post Evacuate Collection Set: 11.7ms
[2025-10-15T05:43:20.860-0700][1246 ][info ][gc,phases   ] GC(298)   Other: 0.1ms
[2025-10-15T05:43:20.860-0700][1246 ][debug][gc,remset   ] GC(298) Coarsening (recent): Inline->AoC 21904 (19) AoC->Howl 490 (94) Howl->Full 0 (0) Inline->AoC 1273 (28) AoC->BitMap 385 (85) BitMap->Full 0 (0) 
[2025-10-15T05:43:20.860-0700][1246 ][debug][gc,remset   ] GC(298) Coarsening (all): Inline->AoC 8641334 (314) AoC->Howl 201010 (840) Howl->Full 0 (0) Inline->AoC 804171 (261) AoC->BitMap 213342 (701) BitMap->Full 6 (0) 
[2025-10-15T05:43:20.860-0700][1246 ][info ][gc,heap     ] GC(298) Eden regions: 1619->0(1687)
[2025-10-15T05:43:20.860-0700][1246 ][info ][gc,heap     ] GC(298) Survivor regions: 124->128(218)
[2025-10-15T05:43:20.860-0700][1246 ][info ][gc,heap     ] GC(298) Old regions: 1402->1329
[2025-10-15T05:43:20.860-0700][1246 ][info ][gc,heap     ] GC(298) Humongous regions: 4->0
[2025-10-15T05:43:20.860-0700][1246 ][info ][gc,metaspace] GC(298) Metaspace: 318794K(325184K)->318794K(325184K) NonClass: 281593K(285056K)->281593K(285056K) Class: 37201K(40128K)->37201K(40128K)
[2025-10-15T05:43:20.860-0700][1246 ][info ][gc          ] GC(298) Pause Young (Mixed) (G1 Evacuation Pause) 100763M->46593M(184320M) 108.319ms
[2025-10-15T05:43:20.861-0700][1246 ][info ][gc,cpu      ] GC(298) User=9.89s Sys=0.08s Real=0.11s
[2025-10-15T05:43:20.862-0700][1246 ][info ][safepoint   ] Safepoint "G1CollectForAllocation", Time since last: 380009823 ns, Reaching safepoint: 924503 ns, Cleanup: 5308 ns, At safepoint: 111692525 ns, Total: 112622336 ns
[2025-10-15T05:43:21.863-0700][1246 ][info ][safepoint   ] Safepoint "Cleanup", Time since last: 1000081089 ns, Reaching safepoint: 773656 ns, Cleanup: 19459 ns, At safepoint: 153291 ns, Total: 946406 ns
[2025-10-15T05:43:28.905-0700][1246 ][info ][gc,start    ] GC(299) Pause Young (Mixed) (G1 Evacuation Pause)
[2025-10-15T05:43:28.905-0700][1246 ][info ][gc,task     ] GC(299) Using 113 workers of 113 for evacuation
[2025-10-15T05:43:28.918-0700][1246 ][debug][gc,remset   ] GC(299) Visited cards 10092032 Total dirty 79429632 (12.71%) Total old 362938368 (2.78%)
[2025-10-15T05:43:29.022-0700][1246 ][info ][gc,phases   ] GC(299)   Pre Evacuate Collection Set: 0.7ms
[2025-10-15T05:43:29.022-0700][1246 ][info ][gc,phases   ] GC(299)   Merge Heap Roots: 12.9ms
[2025-10-15T05:43:29.022-0700][1246 ][info ][gc,phases   ] GC(299)   Evacuate Collection Set: 91.4ms
[2025-10-15T05:43:29.022-0700][1246 ][info ][gc,phases   ] GC(299)   Post Evacuate Collection Set: 11.9ms
[2025-10-15T05:43:29.022-0700][1246 ][info ][gc,phases   ] GC(299)   Other: 0.2ms
[2025-10-15T05:43:29.022-0700][1246 ][debug][gc,remset   ] GC(299) Coarsening (recent): Inline->AoC 17700 (0) AoC->Howl 152 (1) Howl->Full 0 (0) Inline->AoC 582 (0) AoC->BitMap 91 (0) BitMap->Full 0 (0) 
[2025-10-15T05:43:29.022-0700][1246 ][debug][gc,remset   ] GC(299) Coarsening (all): Inline->AoC 8659034 (314) AoC->Howl 201162 (841) Howl->Full 0 (0) Inline->AoC 804753 (261) AoC->BitMap 213433 (701) BitMap->Full 6 (0) 
[2025-10-15T05:43:29.022-0700][1246 ][info ][gc,heap     ] GC(299) Eden regions: 1930->0(1853)
[2025-10-15T05:43:29.022-0700][1246 ][info ][gc,heap     ] GC(299) Survivor regions: 128->146(258)
[2025-10-15T05:43:29.022-0700][1246 ][info ][gc,heap     ] GC(299) Old regions: 1329->1246
[2025-10-15T05:43:29.022-0700][1246 ][info ][gc,heap     ] GC(299) Humongous regions: 6->0
[2025-10-15T05:43:29.022-0700][1246 ][info ][gc,metaspace] GC(299) Metaspace: 318801K(325184K)->318801K(325184K) NonClass: 281599K(285056K)->281599K(285056K) Class: 37202K(40128K)->37202K(40128K)
[2025-10-15T05:43:29.022-0700][1246 ][info ][gc          ] GC(299) Pause Young (Mixed) (G1 Evacuation Pause) 108545M->44501M(184320M) 117.187ms
[2025-10-15T05:43:29.023-0700][1246 ][info ][gc,cpu      ] GC(299) User=10.94s Sys=0.07s Real=0.12s
[2025-10-15T05:43:29.024-0700][1246 ][info ][safepoint   ] Safepoint "G1CollectForAllocation", Time since last: 7038703789 ns, Reaching safepoint: 1599621 ns, Cleanup: 5017 ns, At safepoint: 120661733 ns, Total: 122266371 ns
[2025-10-15T05:43:32.025-0700][1246 ][info ][safepoint   ] Safepoint "Cleanup", Time since last: 3000159651 ns, Reaching safepoint: 693124 ns, Cleanup: 16806 ns, At safepoint: 81152 ns, Total: 791082 ns
[2025-10-15T05:43:33.026-0700][1246 ][info ][safepoint   ] Safepoint "Cleanup", Time since last: 1000095511 ns, Reaching safepoint: 741637 ns, Cleanup: 22574 ns, At safepoint: 128234 ns, Total: 892445 ns
[2025-10-15T05:43:35.027-0700][1246 ][info ][safepoint   ] Safepoint "Cleanup", Time since last: 2000159123 ns, Reaching safepoint: 756700 ns, Cleanup: 11027 ns, At safepoint: 87241 ns, Total: 854968 ns
[2025-10-15T05:43:38.028-0700][1246 ][info ][safepoint   ] Safepoint "Cleanup", Time since last: 3000203788 ns, Reaching safepoint: 841197 ns, Cleanup: 10596 ns, At safepoint: 217999 ns, Total: 1069792 ns
[2025-10-15T05:43:38.691-0700][1246 ][info ][gc,start    ] GC(300) Pause Young (Mixed) (G1 Evacuation Pause)
[2025-10-15T05:43:38.691-0700][1246 ][info ][gc,task     ] GC(300) Using 113 workers of 113 for evacuation
[2025-10-15T05:43:38.705-0700][1246 ][debug][gc,remset   ] GC(300) Visited cards 10299136 Total dirty 74317824 (13.86%) Total old 378077184 (2.72%)
[2025-10-15T05:43:38.826-0700][1246 ][info ][gc,phases   ] GC(300)   Pre Evacuate Collection Set: 0.7ms
[2025-10-15T05:43:38.826-0700][1246 ][info ][gc,phases   ] GC(300)   Merge Heap Roots: 12.5ms
[2025-10-15T05:43:38.826-0700][1246 ][info ][gc,phases   ] GC(300)   Evacuate Collection Set: 107.7ms
[2025-10-15T05:43:38.826-0700][1246 ][info ][gc,phases   ] GC(300)   Post Evacuate Collection Set: 13.0ms
[2025-10-15T05:43:38.826-0700][1246 ][info ][gc,phases   ] GC(300)   Other: 0.2ms
[2025-10-15T05:43:38.826-0700][1246 ][debug][gc,remset   ] GC(300) Coarsening (recent): Inline->AoC 15407 (0) AoC->Howl 191 (0) Howl->Full 0 (0) Inline->AoC 728 (0) AoC->BitMap 108 (0) BitMap->Full 0 (0) 
[2025-10-15T05:43:38.826-0700][1246 ][debug][gc,remset   ] GC(300) Coarsening (all): Inline->AoC 8674441 (314) AoC->Howl 201353 (841) Howl->Full 0 (0) Inline->AoC 805481 (261) AoC->BitMap 213541 (701) BitMap->Full 6 (0) 
[2025-10-15T05:43:38.826-0700][1246 ][info ][gc,heap     ] GC(300) Eden regions: 2067->0(1739)
[2025-10-15T05:43:38.826-0700][1246 ][info ][gc,heap     ] GC(300) Survivor regions: 146->183(277)
[2025-10-15T05:43:38.826-0700][1246 ][info ][gc,heap     ] GC(300) Old regions: 1246->1161
[2025-10-15T05:43:38.826-0700][1246 ][info ][gc,heap     ] GC(300) Humongous regions: 10->0
[2025-10-15T05:43:38.826-0700][1246 ][info ][gc,metaspace] GC(300) Metaspace: 318812K(325184K)->318812K(325184K) NonClass: 281609K(285056K)->281609K(285056K) Class: 37202K(40128K)->37202K(40128K)
[2025-10-15T05:43:38.826-0700][1246 ][info ][gc          ] GC(300) Pause Young (Mixed) (G1 Evacuation Pause) 110965M->42977M(184320M) 134.357ms
[2025-10-15T05:43:38.827-0700][1246 ][info ][gc,cpu      ] GC(300) User=13.26s Sys=0.11s Real=0.13s
[2025-10-15T05:43:38.828-0700][1246 ][info ][safepoint   ] Safepoint "G1CollectForAllocation", Time since last: 661027973 ns, Reaching safepoint: 948600 ns, Cleanup: 13320 ns, At safepoint: 137993383 ns, Total: 138955303 ns
[2025-10-15T05:43:41.830-0700][1246 ][info ][safepoint   ] Safepoint "Cleanup", Time since last: 3000218950 ns, Reaching safepoint: 834718 ns, Cleanup: 14642 ns, At safepoint: 138179 ns, Total: 987539 ns
[2025-10-15T05:43:42.836-0700][1246 ][info ][safepoint   ] Safepoint "Cleanup", Time since last: 1000108199 ns, Reaching safepoint: 5101719 ns, Cleanup: 12199 ns, At safepoint: 1287160 ns, Total: 6401078 ns
[2025-10-15T05:43:43.838-0700][1246 ][info ][safepoint   ] Safepoint "Cleanup", Time since last: 1000101309 ns, Reaching safepoint: 1173018 ns, Cleanup: 10856 ns, At safepoint: 985576 ns, Total: 2169450 ns
[2025-10-15T05:43:45.851-0700][1246 ][info ][safepoint   ] Safepoint "Cleanup", Time since last: 2000166814 ns, Reaching safepoint: 10350470 ns, Cleanup: 13671 ns, At safepoint: 2371514 ns, Total: 12735655 ns
[2025-10-15T05:43:46.853-0700][1246 ][info ][safepoint   ] Safepoint "Cleanup", Time since last: 1000119667 ns, Reaching safepoint: 914107 ns, Cleanup: 20251 ns, At safepoint: 859846 ns, Total: 1794204 ns
[2025-10-15T05:43:47.855-0700][1246 ][info ][safepoint   ] Safepoint "Cleanup", Time since last: 1000104114 ns, Reaching safepoint: 891944 ns, Cleanup: 23525 ns, At safepoint: 1258567 ns, Total: 2174036 ns
[2025-10-15T05:43:47.923-0700][1246 ][info ][gc,start    ] GC(301) Pause Young (Mixed) (G1 Evacuation Pause)
[2025-10-15T05:43:47.923-0700][1246 ][info ][gc,task     ] GC(301) Using 113 workers of 113 for evacuation
[2025-10-15T05:43:47.937-0700][1246 ][debug][gc,remset   ] GC(301) Visited cards 10819072 Total dirty 69206016 (15.63%) Total old 363921408 (2.97%)
[2025-10-15T05:43:48.083-0700][1246 ][info ][gc,phases   ] GC(301)   Pre Evacuate Collection Set: 0.7ms
[2025-10-15T05:43:48.083-0700][1246 ][info ][gc,phases   ] GC(301)   Merge Heap Roots: 13.4ms
[2025-10-15T05:43:48.083-0700][1246 ][info ][gc,phases   ] GC(301)   Evacuate Collection Set: 133.1ms
[2025-10-15T05:43:48.083-0700][1246 ][info ][gc,phases   ] GC(301)   Post Evacuate Collection Set: 12.5ms
[2025-10-15T05:43:48.083-0700][1246 ][info ][gc,phases   ] GC(301)   Other: 0.2ms
[2025-10-15T05:43:48.083-0700][1246 ][debug][gc,remset   ] GC(301) Coarsening (recent): Inline->AoC 15971 (0) AoC->Howl 195 (0) Howl->Full 0 (0) Inline->AoC 827 (0) AoC->BitMap 89 (0) BitMap->Full 0 (0) 
[2025-10-15T05:43:48.083-0700][1246 ][debug][gc,remset   ] GC(301) Coarsening (all): Inline->AoC 8690412 (314) AoC->Howl 201548 (841) Howl->Full 0 (0) Inline->AoC 806308 (261) AoC->BitMap 213630 (701) BitMap->Full 6 (0) 
[2025-10-15T05:43:48.083-0700][1246 ][info ][gc,heap     ] GC(301) Eden regions: 1964->0(1961)
[2025-10-15T05:43:48.083-0700][1246 ][info ][gc,heap     ] GC(301) Survivor regions: 183->182(269)
[2025-10-15T05:43:48.083-0700][1246 ][info ][gc,heap     ] GC(301) Old regions: 1161->1114
[2025-10-15T05:43:48.083-0700][1246 ][info ][gc,heap     ] GC(301) Humongous regions: 11->0
[2025-10-15T05:43:48.083-0700][1246 ][info ][gc,metaspace] GC(301) Metaspace: 318853K(325312K)->318853K(325312K) NonClass: 281645K(285120K)->281645K(285120K) Class: 37207K(40192K)->37207K(40192K)
[2025-10-15T05:43:48.083-0700][1246 ][info ][gc          ] GC(301) Pause Young (Mixed) (G1 Evacuation Pause) 106177M->41429M(184320M) 160.090ms
[2025-10-15T05:43:48.084-0700][1246 ][info ][gc,cpu      ] GC(301) User=14.97s Sys=0.11s Real=0.16s
[2025-10-15T05:43:48.085-0700][1246 ][info ][safepoint   ] Safepoint "G1CollectForAllocation", Time since last: 65208688 ns, Reaching safepoint: 1009421 ns, Cleanup: 4978 ns, At safepoint: 163574237 ns, Total: 164588636 ns
[2025-10-15T05:43:49.086-0700][1246 ][info ][safepoint   ] Safepoint "Cleanup", Time since last: 1000069822 ns, Reaching safepoint: 763851 ns, Cleanup: 17516 ns, At safepoint: 225019 ns, Total: 1006386 ns
[2025-10-15T05:43:51.087-0700][1246 ][info ][safepoint   ] Safepoint "Cleanup", Time since last: 2000164081 ns, Reaching safepoint: 726105 ns, Cleanup: 18798 ns, At safepoint: 154192 ns, Total: 899095 ns
[2025-10-15T05:43:52.089-0700][1246 ][info ][safepoint   ] Safepoint "Cleanup", Time since last: 1000101961 ns, Reaching safepoint: 875519 ns, Cleanup: 12509 ns, At safepoint: 453944 ns, Total: 1341972 ns
[2025-10-15T05:43:53.090-0700][1246 ][info ][safepoint   ] Safepoint "Cleanup", Time since last: 1000114359 ns, Reaching safepoint: 903091 ns, Cleanup: 12639 ns, At safepoint: 467174 ns, Total: 1382904 ns
[2025-10-15T05:43:54.092-0700][1246 ][info ][safepoint   ] Safepoint "Cleanup", Time since last: 1000109823 ns, Reaching safepoint: 923501 ns, Cleanup: 10476 ns, At safepoint: 621707 ns, Total: 1555684 ns
[2025-10-15T05:43:55.093-0700][1246 ][info ][safepoint   ] Safepoint "Cleanup", Time since last: 1000110724 ns, Reaching safepoint: 724983 ns, Cleanup: 18658 ns, At safepoint: 637510 ns, Total: 1381151 ns
[2025-10-15T05:43:55.190-0700][1246 ][info ][gc,start    ] GC(302) Pause Young (Mixed) (G1 Evacuation Pause)
[2025-10-15T05:43:55.190-0700][1246 ][info ][gc,task     ] GC(302) Using 113 workers of 113 for evacuation
[2025-10-15T05:43:55.205-0700][1246 ][debug][gc,remset   ] GC(302) Visited cards 10995200 Total dirty 66387968 (16.56%) Total old 375652352 (2.93%)
[2025-10-15T05:43:55.355-0700][1246 ][info ][gc,phases   ] GC(302)   Pre Evacuate Collection Set: 0.7ms
[2025-10-15T05:43:55.355-0700][1246 ][info ][gc,phases   ] GC(302)   Merge Heap Roots: 14.0ms
[2025-10-15T05:43:55.355-0700][1246 ][info ][gc,phases   ] GC(302)   Evacuate Collection Set: 137.2ms
[2025-10-15T05:43:55.355-0700][1246 ][info ][gc,phases   ] GC(302)   Post Evacuate Collection Set: 12.2ms
[2025-10-15T05:43:55.355-0700][1246 ][info ][gc,phases   ] GC(302)   Other: 0.2ms
[2025-10-15T05:43:55.355-0700][1246 ][debug][gc,remset   ] GC(302) Coarsening (recent): Inline->AoC 23771 (0) AoC->Howl 394 (0) Howl->Full 0 (0) Inline->AoC 1698 (0) AoC->BitMap 221 (0) BitMap->Full 0 (0) 
[2025-10-15T05:43:55.355-0700][1246 ][debug][gc,remset   ] GC(302) Coarsening (all): Inline->AoC 8714183 (314) AoC->Howl 201942 (841) Howl->Full 0 (0) Inline->AoC 808006 (261) AoC->BitMap 213851 (701) BitMap->Full 6 (0) 
[2025-10-15T05:43:55.355-0700][1246 ][info ][gc,heap     ] GC(302) Eden regions: 2078->0(1762)
[2025-10-15T05:43:55.355-0700][1246 ][info ][gc,heap     ] GC(302) Survivor regions: 182->201(283)
[2025-10-15T05:43:55.355-0700][1246 ][info ][gc,heap     ] GC(302) Old regions: 1114->1076
[2025-10-15T05:43:55.355-0700][1246 ][info ][gc,heap     ] GC(302) Humongous regions: 11->0
[2025-10-15T05:43:55.355-0700][1246 ][info ][gc,metaspace] GC(302) Metaspace: 318886K(325312K)->318886K(325312K) NonClass: 281674K(285120K)->281674K(285120K) Class: 37212K(40192K)->37212K(40192K)
[2025-10-15T05:43:55.355-0700][1246 ][info ][gc          ] GC(302) Pause Young (Mixed) (G1 Evacuation Pause) 108277M->40854M(184320M) 164.469ms
[2025-10-15T05:43:55.356-0700][1246 ][info ][gc,cpu      ] GC(302) User=16.92s Sys=0.06s Real=0.16s
[2025-10-15T05:43:55.357-0700][1246 ][info ][safepoint   ] Safepoint "G1CollectForAllocation", Time since last: 94716470 ns, Reaching safepoint: 974439 ns, Cleanup: 5027 ns, At safepoint: 167826636 ns, Total: 168806102 ns
[2025-10-15T05:43:59.358-0700][1246 ][info ][safepoint   ] Safepoint "Cleanup", Time since last: 4000265137 ns, Reaching safepoint: 893116 ns, Cleanup: 12529 ns, At safepoint: 265049 ns, Total: 1170694 ns
[2025-10-15T05:44:00.360-0700][1246 ][info ][safepoint   ] Safepoint "Cleanup", Time since last: 1000098305 ns, Reaching safepoint: 863962 ns, Cleanup: 15804 ns, At safepoint: 232941 ns, Total: 1112707 ns
[2025-10-15T05:44:01.796-0700][1246 ][info ][safepoint   ] Safepoint "Cleanup", Time since last: 1435585029 ns, Reaching safepoint: 720445 ns, Cleanup: 29765 ns, At safepoint: 217208 ns, Total: 967418 ns
[2025-10-15T05:44:02.704-0700][1246 ][info ][gc,start    ] GC(303) Pause Young (Mixed) (G1 Evacuation Pause)
[2025-10-15T05:44:02.704-0700][1246 ][info ][gc,task     ] GC(303) Using 113 workers of 113 for evacuation
[2025-10-15T05:44:02.717-0700][1246 ][debug][gc,remset   ] GC(303) Visited cards 11290368 Total dirty 64421888 (17.53%) Total old 359530496 (3.14%)
[2025-10-15T05:44:02.861-0700][1246 ][info ][gc,phases   ] GC(303)   Pre Evacuate Collection Set: 0.7ms
[2025-10-15T05:44:02.861-0700][1246 ][info ][gc,phases   ] GC(303)   Merge Heap Roots: 12.0ms
[2025-10-15T05:44:02.861-0700][1246 ][info ][gc,phases   ] GC(303)   Evacuate Collection Set: 130.5ms
[2025-10-15T05:44:02.861-0700][1246 ][info ][gc,phases   ] GC(303)   Post Evacuate Collection Set: 13.1ms
[2025-10-15T05:44:02.861-0700][1246 ][info ][gc,phases   ] GC(303)   Other: 0.2ms
[2025-10-15T05:44:02.861-0700][1246 ][debug][gc,remset   ] GC(303) Coarsening (recent): Inline->AoC 30605 (0) AoC->Howl 290 (0) Howl->Full 0 (0) Inline->AoC 980 (0) AoC->BitMap 185 (0) BitMap->Full 0 (0) 
[2025-10-15T05:44:02.861-0700][1246 ][debug][gc,remset   ] GC(303) Coarsening (all): Inline->AoC 8744788 (314) AoC->Howl 202232 (841) Howl->Full 0 (0) Inline->AoC 808986 (261) AoC->BitMap 214036 (701) BitMap->Full 6 (0) 
[2025-10-15T05:44:02.861-0700][1246 ][info ][gc,heap     ] GC(303) Eden regions: 1955->0(2285)
[2025-10-15T05:44:02.861-0700][1246 ][info ][gc,heap     ] GC(303) Survivor regions: 201->155(270)
[2025-10-15T05:44:02.861-0700][1246 ][info ][gc,heap     ] GC(303) Old regions: 1076->1058
[2025-10-15T05:44:02.861-0700][1246 ][info ][gc,heap     ] GC(303) Humongous regions: 11->0
[2025-10-15T05:44:02.861-0700][1246 ][info ][gc,metaspace] GC(303) Metaspace: 318891K(325312K)->318891K(325312K) NonClass: 281678K(285120K)->281678K(285120K) Class: 37213K(40192K)->37213K(40192K)
[2025-10-15T05:44:02.861-0700][1246 ][info ][gc          ] GC(303) Pause Young (Mixed) (G1 Evacuation Pause) 103766M->38800M(184320M) 156.693ms
[2025-10-15T05:44:02.862-0700][1246 ][info ][gc,cpu      ] GC(303) User=15.12s Sys=0.17s Real=0.16s
[2025-10-15T05:44:02.863-0700][1246 ][info ][safepoint   ] Safepoint "G1CollectForAllocation", Time since last: 905765373 ns, Reaching safepoint: 910192 ns, Cleanup: 19319 ns, At safepoint: 160262756 ns, Total: 161192267 ns
[2025-10-15T05:44:03.864-0700][1246 ][info ][safepoint   ] Safepoint "Cleanup", Time since last: 1000066377 ns, Reaching safepoint: 731182 ns, Cleanup: 13861 ns, At safepoint: 119380 ns, Total: 864423 ns
[2025-10-15T05:44:15.371-0700][1246 ][info ][gc,start    ] GC(304) Pause Young (Mixed) (G1 Evacuation Pause)
[2025-10-15T05:44:15.372-0700][1246 ][info ][gc,task     ] GC(304) Using 113 workers of 113 for evacuation
[2025-10-15T05:44:15.386-0700][1246 ][debug][gc,remset   ] GC(304) Visited cards 12442368 Total dirty 63438848 (19.61%) Total old 401604608 (3.10%)
[2025-10-15T05:44:15.522-0700][1246 ][info ][gc,phases   ] GC(304)   Pre Evacuate Collection Set: 0.8ms
[2025-10-15T05:44:15.522-0700][1246 ][info ][gc,phases   ] GC(304)   Merge Heap Roots: 13.4ms
[2025-10-15T05:44:15.522-0700][1246 ][info ][gc,phases   ] GC(304)   Evacuate Collection Set: 122.0ms
[2025-10-15T05:44:15.522-0700][1246 ][info ][gc,phases   ] GC(304)   Post Evacuate Collection Set: 14.3ms
[2025-10-15T05:44:15.522-0700][1246 ][info ][gc,phases   ] GC(304)   Other: 0.2ms
[2025-10-15T05:44:15.522-0700][1246 ][debug][gc,remset   ] GC(304) Coarsening (recent): Inline->AoC 43900 (0) AoC->Howl 187 (0) Howl->Full 0 (0) Inline->AoC 586 (0) AoC->BitMap 134 (0) BitMap->Full 0 (0) 
[2025-10-15T05:44:15.522-0700][1246 ][debug][gc,remset   ] GC(304) Coarsening (all): Inline->AoC 8788688 (314) AoC->Howl 202419 (841) Howl->Full 0 (0) Inline->AoC 809572 (261) AoC->BitMap 214170 (701) BitMap->Full 6 (0) 
[2025-10-15T05:44:15.522-0700][1246 ][info ][gc,heap     ] GC(304) Eden regions: 2332->0(2022)
[2025-10-15T05:44:15.522-0700][1246 ][info ][gc,heap     ] GC(304) Survivor regions: 155->191(311)
[2025-10-15T05:44:15.522-0700][1246 ][info ][gc,heap     ] GC(304) Old regions: 1058->989
[2025-10-15T05:44:15.522-0700][1246 ][info ][gc,heap     ] GC(304) Humongous regions: 9->0
[2025-10-15T05:44:15.522-0700][1246 ][info ][gc,metaspace] GC(304) Metaspace: 318891K(325312K)->318891K(325312K) NonClass: 281678K(285120K)->281678K(285120K) Class: 37213K(40192K)->37213K(40192K)
[2025-10-15T05:44:15.522-0700][1246 ][info ][gc          ] GC(304) Pause Young (Mixed) (G1 Evacuation Pause) 113712M->37741M(184320M) 150.802ms
[2025-10-15T05:44:15.523-0700][1246 ][info ][gc,cpu      ] GC(304) User=14.14s Sys=0.38s Real=0.15s
[2025-10-15T05:44:15.525-0700][1246 ][info ][safepoint   ] Safepoint "G1CollectForAllocation", Time since last: 11505379224 ns, Reaching safepoint: 909941 ns, Cleanup: 6340 ns, At safepoint: 154267070 ns, Total: 155183351 ns
[2025-10-15T05:44:18.526-0700][1246 ][info ][safepoint   ] Safepoint "Cleanup", Time since last: 3000206611 ns, Reaching safepoint: 732304 ns, Cleanup: 16084 ns, At safepoint: 108254 ns, Total: 856642 ns
[2025-10-15T05:44:24.528-0700][1246 ][info ][safepoint   ] Safepoint "Cleanup", Time since last: 6000469337 ns, Reaching safepoint: 1478428 ns, Cleanup: 14252 ns, At safepoint: 169866 ns, Total: 1662546 ns
[2025-10-15T05:44:28.006-0700][1246 ][info ][gc,start    ] GC(305) Pause Young (Mixed) (G1 Evacuation Pause)
[2025-10-15T05:44:28.007-0700][1246 ][info ][gc,task     ] GC(305) Using 113 workers of 113 for evacuation
[2025-10-15T05:44:28.020-0700][1246 ][debug][gc,remset   ] GC(305) Visited cards 13889024 Total dirty 59703296 (23.26%) Total old 381812736 (3.64%)
[2025-10-15T05:44:28.189-0700][1246 ][info ][gc,phases   ] GC(305)   Pre Evacuate Collection Set: 0.8ms
[2025-10-15T05:44:28.189-0700][1246 ][info ][gc,phases   ] GC(305)   Merge Heap Roots: 13.0ms
[2025-10-15T05:44:28.189-0700][1246 ][info ][gc,phases   ] GC(305)   Evacuate Collection Set: 157.5ms
[2025-10-15T05:44:28.189-0700][1246 ][info ][gc,phases   ] GC(305)   Post Evacuate Collection Set: 11.5ms
[2025-10-15T05:44:28.189-0700][1246 ][info ][gc,phases   ] GC(305)   Other: 0.2ms
[2025-10-15T05:44:28.190-0700][1246 ][debug][gc,remset   ] GC(305) Coarsening (recent): Inline->AoC 28969 (0) AoC->Howl 205 (0) Howl->Full 0 (0) Inline->AoC 849 (0) AoC->BitMap 135 (0) BitMap->Full 0 (0) 
[2025-10-15T05:44:28.190-0700][1246 ][debug][gc,remset   ] GC(305) Coarsening (all): Inline->AoC 8817657 (314) AoC->Howl 202624 (841) Howl->Full 0 (0) Inline->AoC 810421 (261) AoC->BitMap 214305 (701) BitMap->Full 6 (0) 
[2025-10-15T05:44:28.190-0700][1246 ][info ][gc,heap     ] GC(305) Eden regions: 2178->0(2480)
[2025-10-15T05:44:28.190-0700][1246 ][info ][gc,heap     ] GC(305) Survivor regions: 191->204(297)
[2025-10-15T05:44:28.190-0700][1246 ][info ][gc,heap     ] GC(305) Old regions: 989->957
[2025-10-15T05:44:28.190-0700][1246 ][info ][gc,heap     ] GC(305) Humongous regions: 14->0
[2025-10-15T05:44:28.190-0700][1246 ][info ][gc,metaspace] GC(305) Metaspace: 318891K(325312K)->318891K(325312K) NonClass: 281678K(285120K)->281678K(285120K) Class: 37213K(40192K)->37213K(40192K)
[2025-10-15T05:44:28.190-0700][1246 ][info ][gc          ] GC(305) Pause Young (Mixed) (G1 Evacuation Pause) 107885M->37142M(184320M) 183.100ms
[2025-10-15T05:44:28.191-0700][1246 ][info ][gc,cpu      ] GC(305) User=17.48s Sys=0.21s Real=0.19s
[2025-10-15T05:44:28.192-0700][1246 ][info ][safepoint   ] Safepoint "G1CollectForAllocation", Time since last: 3476653910 ns, Reaching safepoint: 907778 ns, Cleanup: 12358 ns, At safepoint: 186596404 ns, Total: 187516540 ns
[2025-10-15T05:44:35.193-0700][1246 ][info ][safepoint   ] Safepoint "Cleanup", Time since last: 7000424806 ns, Reaching safepoint: 748157 ns, Cleanup: 10166 ns, At safepoint: 170417 ns, Total: 928740 ns
[2025-10-15T05:44:38.195-0700][1246 ][info ][safepoint   ] Safepoint "Cleanup", Time since last: 3000220333 ns, Reaching safepoint: 877933 ns, Cleanup: 9744 ns, At safepoint: 292581 ns, Total: 1180258 ns
[2025-10-15T05:44:39.196-0700][1246 ][info ][safepoint   ] Safepoint "Cleanup", Time since last: 1000102889 ns, Reaching safepoint: 831513 ns, Cleanup: 17016 ns, At safepoint: 201093 ns, Total: 1049622 ns
[2025-10-15T05:44:40.197-0700][1246 ][info ][safepoint   ] Safepoint "Cleanup", Time since last: 1000096729 ns, Reaching safepoint: 875360 ns, Cleanup: 17947 ns, At safepoint: 298640 ns, Total: 1191947 ns
[2025-10-15T05:44:42.877-0700][1246 ][info ][gc,start    ] GC(306) Pause Young (Normal) (G1 Evacuation Pause)
[2025-10-15T05:44:42.878-0700][1246 ][info ][gc,task     ] GC(306) Using 113 workers of 113 for evacuation
[2025-10-15T05:44:42.892-0700][1246 ][debug][gc,remset   ] GC(306) Visited cards 8922368 Total dirty 60686336 (14.70%) Total old 420347904 (2.12%)
[2025-10-15T05:44:43.031-0700][1246 ][info ][gc,phases   ] GC(306)   Pre Evacuate Collection Set: 0.7ms
[2025-10-15T05:44:43.031-0700][1246 ][info ][gc,phases   ] GC(306)   Merge Heap Roots: 13.2ms
[2025-10-15T05:44:43.031-0700][1246 ][info ][gc,phases   ] GC(306)   Evacuate Collection Set: 125.9ms
[2025-10-15T05:44:43.031-0700][1246 ][info ][gc,phases   ] GC(306)   Post Evacuate Collection Set: 13.6ms
[2025-10-15T05:44:43.031-0700][1246 ][info ][gc,phases   ] GC(306)   Other: 0.2ms
[2025-10-15T05:44:43.031-0700][1246 ][debug][gc,remset   ] GC(306) Coarsening (recent): Inline->AoC 31816 (0) AoC->Howl 139 (0) Howl->Full 0 (0) Inline->AoC 528 (0) AoC->BitMap 93 (0) BitMap->Full 0 (0) 
[2025-10-15T05:44:43.031-0700][1246 ][debug][gc,remset   ] GC(306) Coarsening (all): Inline->AoC 8849473 (314) AoC->Howl 202763 (841) Howl->Full 0 (0) Inline->AoC 810949 (261) AoC->BitMap 214398 (701) BitMap->Full 6 (0) 
[2025-10-15T05:44:43.031-0700][1246 ][info ][gc,heap     ] GC(306) Eden regions: 2517->0(2646)
[2025-10-15T05:44:43.031-0700][1246 ][info ][gc,heap     ] GC(306) Survivor regions: 204->198(341)
[2025-10-15T05:44:43.031-0700][1246 ][info ][gc,heap     ] GC(306) Old regions: 957->998
[2025-10-15T05:44:43.031-0700][1246 ][info ][gc,heap     ] GC(306) Humongous regions: 15->0
[2025-10-15T05:44:43.031-0700][1246 ][info ][gc,metaspace] GC(306) Metaspace: 318926K(325376K)->318926K(325376K) NonClass: 281713K(285184K)->281713K(285184K) Class: 37213K(40192K)->37213K(40192K)
[2025-10-15T05:44:43.031-0700][1246 ][info ][gc          ] GC(306) Pause Young (Normal) (G1 Evacuation Pause) 118166M->38254M(184320M) 153.725ms
[2025-10-15T05:44:43.032-0700][1246 ][info ][gc,cpu      ] GC(306) User=15.63s Sys=0.24s Real=0.16s
[2025-10-15T05:44:43.033-0700][1246 ][info ][safepoint   ] Safepoint "G1CollectForAllocation", Time since last: 2678397436 ns, Reaching safepoint: 794087 ns, Cleanup: 11657 ns, At safepoint: 157151767 ns, Total: 157957511 ns
[2025-10-15T05:44:45.035-0700][1246 ][info ][safepoint   ] Safepoint "Cleanup", Time since last: 2000144075 ns, Reaching safepoint: 764262 ns, Cleanup: 45037 ns, At safepoint: 149335 ns, Total: 958634 ns
[2025-10-15T05:44:46.036-0700][1246 ][info ][safepoint   ] Safepoint "Cleanup", Time since last: 1000099454 ns, Reaching safepoint: 791503 ns, Cleanup: 18828 ns, At safepoint: 188434 ns, Total: 998765 ns
[2025-10-15T05:44:47.037-0700][1246 ][info ][safepoint   ] Safepoint "Cleanup", Time since last: 1000130210 ns, Reaching safepoint: 959646 ns, Cleanup: 13721 ns, At safepoint: 346212 ns, Total: 1319579 ns
[2025-10-15T05:44:48.039-0700][1246 ][info ][safepoint   ] Safepoint "Cleanup", Time since last: 1000109098 ns, Reaching safepoint: 873286 ns, Cleanup: 15183 ns, At safepoint: 440314 ns, Total: 1328783 ns
[2025-10-15T05:44:49.047-0700][1246 ][info ][safepoint   ] Safepoint "Cleanup", Time since last: 1000100805 ns, Reaching safepoint: 6144591 ns, Cleanup: 13811 ns, At safepoint: 1998111 ns, Total: 8156513 ns
[2025-10-15T05:44:50.049-0700][1246 ][info ][safepoint   ] Safepoint "Cleanup", Time since last: 1000107385 ns, Reaching safepoint: 909491 ns, Cleanup: 9925 ns, At safepoint: 1265547 ns, Total: 2184963 ns
[2025-10-15T05:44:53.051-0700][1246 ][info ][safepoint   ] Safepoint "Cleanup", Time since last: 3000227514 ns, Reaching safepoint: 894108 ns, Cleanup: 24857 ns, At safepoint: 656259 ns, Total: 1575224 ns
[2025-10-15T05:44:54.053-0700][1246 ][info ][safepoint   ] Safepoint "Cleanup", Time since last: 1000109819 ns, Reaching safepoint: 862420 ns, Cleanup: 19099 ns, At safepoint: 888139 ns, Total: 1769658 ns
[2025-10-15T05:44:55.056-0700][1246 ][info ][safepoint   ] Safepoint "Cleanup", Time since last: 1000107665 ns, Reaching safepoint: 888249 ns, Cleanup: 11668 ns, At safepoint: 1684538 ns, Total: 2584455 ns
[2025-10-15T05:44:55.949-0700][1246 ][info ][gc,start    ] GC(307) Pause Young (Normal) (G1 Evacuation Pause)
[2025-10-15T05:44:55.949-0700][1246 ][info ][gc,task     ] GC(307) Using 113 workers of 113 for evacuation
[2025-10-15T05:44:55.963-0700][1246 ][debug][gc,remset   ] GC(307) Visited cards 8943104 Total dirty 63242240 (14.14%) Total old 439549952 (2.03%)
[2025-10-15T05:44:56.118-0700][1246 ][info ][gc,phases   ] GC(307)   Pre Evacuate Collection Set: 0.7ms
[2025-10-15T05:44:56.118-0700][1246 ][info ][gc,phases   ] GC(307)   Merge Heap Roots: 13.6ms
[2025-10-15T05:44:56.118-0700][1246 ][info ][gc,phases   ] GC(307)   Evacuate Collection Set: 140.1ms
[2025-10-15T05:44:56.118-0700][1246 ][info ][gc,phases   ] GC(307)   Post Evacuate Collection Set: 14.2ms
[2025-10-15T05:44:56.118-0700][1246 ][info ][gc,phases   ] GC(307)   Other: 0.2ms
[2025-10-15T05:44:56.118-0700][1246 ][debug][gc,remset   ] GC(307) Coarsening (recent): Inline->AoC 44066 (0) AoC->Howl 134 (0) Howl->Full 0 (0) Inline->AoC 620 (0) AoC->BitMap 90 (3) BitMap->Full 0 (0) 
[2025-10-15T05:44:56.118-0700][1246 ][debug][gc,remset   ] GC(307) Coarsening (all): Inline->AoC 8893539 (314) AoC->Howl 202897 (841) Howl->Full 0 (0) Inline->AoC 811569 (261) AoC->BitMap 214488 (704) BitMap->Full 6 (0) 
[2025-10-15T05:44:56.118-0700][1246 ][info ][gc,heap     ] GC(307) Eden regions: 2649->0(2568)
[2025-10-15T05:44:56.118-0700][1246 ][info ][gc,heap     ] GC(307) Survivor regions: 198->215(356)
[2025-10-15T05:44:56.118-0700][1246 ][info ][gc,heap     ] GC(307) Old regions: 998->1034
[2025-10-15T05:44:56.118-0700][1246 ][info ][gc,heap     ] GC(307) Humongous regions: 15->0
[2025-10-15T05:44:56.118-0700][1246 ][info ][gc,metaspace] GC(307) Metaspace: 318951K(325440K)->318951K(325440K) NonClass: 281733K(285248K)->281733K(285248K) Class: 37217K(40192K)->37217K(40192K)
[2025-10-15T05:44:56.118-0700][1246 ][info ][gc          ] GC(307) Pause Young (Normal) (G1 Evacuation Pause) 123502M->39949M(184320M) 168.864ms
[2025-10-15T05:44:56.119-0700][1246 ][info ][gc,cpu      ] GC(307) User=16.35s Sys=0.29s Real=0.17s
[2025-10-15T05:44:56.120-0700][1246 ][info ][safepoint   ] Safepoint "G1CollectForAllocation", Time since last: 891333951 ns, Reaching safepoint: 1024103 ns, Cleanup: 14262 ns, At safepoint: 172330053 ns, Total: 173368418 ns
[2025-10-15T05:44:57.122-0700][1246 ][info ][safepoint   ] Safepoint "Cleanup", Time since last: 1000110019 ns, Reaching safepoint: 887027 ns, Cleanup: 31217 ns, At safepoint: 543589 ns, Total: 1461833 ns
[2025-10-15T05:44:58.123-0700][1246 ][info ][safepoint   ] Safepoint "Cleanup", Time since last: 1000106995 ns, Reaching safepoint: 865865 ns, Cleanup: 12299 ns, At safepoint: 467985 ns, Total: 1346149 ns
[2025-10-15T05:45:02.821-0700][1246 ][info ][safepoint   ] Safepoint "Cleanup", Time since last: 4696518827 ns, Reaching safepoint: 961489 ns, Cleanup: 12419 ns, At safepoint: 255094 ns, Total: 1229002 ns
[2025-10-15T05:45:03.824-0700][1246 ][info ][safepoint   ] Safepoint "Cleanup", Time since last: 1000104862 ns, Reaching safepoint: 2090110 ns, Cleanup: 19279 ns, At safepoint: 454114 ns, Total: 2563503 ns
[2025-10-15T05:45:05.518-0700][1246 ][info ][gc,start    ] GC(308) Pause Young (Normal) (G1 Evacuation Pause)
[2025-10-15T05:45:05.518-0700][1246 ][info ][gc,task     ] GC(308) Using 113 workers of 113 for evacuation
[2025-10-15T05:45:05.532-0700][1246 ][debug][gc,remset   ] GC(308) Visited cards 9031424 Total dirty 65404928 (13.81%) Total old 438960128 (2.06%)
[2025-10-15T05:45:05.696-0700][1246 ][info ][gc,phases   ] GC(308)   Pre Evacuate Collection Set: 0.7ms
[2025-10-15T05:45:05.696-0700][1246 ][info ][gc,phases   ] GC(308)   Merge Heap Roots: 13.3ms
[2025-10-15T05:45:05.696-0700][1246 ][info ][gc,phases   ] GC(308)   Evacuate Collection Set: 149.1ms
[2025-10-15T05:45:05.696-0700][1246 ][info ][gc,phases   ] GC(308)   Post Evacuate Collection Set: 14.4ms
[2025-10-15T05:45:05.696-0700][1246 ][info ][gc,phases   ] GC(308)   Other: 0.2ms
[2025-10-15T05:45:05.696-0700][1246 ][debug][gc,remset   ] GC(308) Coarsening (recent): Inline->AoC 37578 (0) AoC->Howl 167 (0) Howl->Full 0 (0) Inline->AoC 683 (0) AoC->BitMap 95 (0) BitMap->Full 0 (0) 
[2025-10-15T05:45:05.696-0700][1246 ][debug][gc,remset   ] GC(308) Coarsening (all): Inline->AoC 8931117 (314) AoC->Howl 203064 (841) Howl->Full 0 (0) Inline->AoC 812252 (261) AoC->BitMap 214583 (704) BitMap->Full 6 (0) 
[2025-10-15T05:45:05.696-0700][1246 ][info ][gc,heap     ] GC(308) Eden regions: 2615->0(2431)
[2025-10-15T05:45:05.696-0700][1246 ][info ][gc,heap     ] GC(308) Survivor regions: 215->227(354)
[2025-10-15T05:45:05.696-0700][1246 ][info ][gc,heap     ] GC(308) Old regions: 1034->1073
[2025-10-15T05:45:05.696-0700][1246 ][info ][gc,heap     ] GC(308) Humongous regions: 4->0
[2025-10-15T05:45:05.696-0700][1246 ][info ][gc,metaspace] GC(308) Metaspace: 318958K(325440K)->318958K(325440K) NonClass: 281739K(285248K)->281739K(285248K) Class: 37218K(40192K)->37218K(40192K)
[2025-10-15T05:45:05.696-0700][1246 ][info ][gc          ] GC(308) Pause Young (Normal) (G1 Evacuation Pause) 123757M->41568M(184320M) 177.839ms
[2025-10-15T05:45:05.697-0700][1246 ][info ][gc,cpu      ] GC(308) User=17.78s Sys=0.33s Real=0.18s
[2025-10-15T05:45:05.698-0700][1246 ][info ][safepoint   ] Safepoint "G1CollectForAllocation", Time since last: 1692525946 ns, Reaching safepoint: 855480 ns, Cleanup: 4036 ns, At safepoint: 181332480 ns, Total: 182191996 ns
[2025-10-15T05:45:08.699-0700][1246 ][info ][safepoint   ] Safepoint "Cleanup", Time since last: 3000197789 ns, Reaching safepoint: 705654 ns, Cleanup: 40461 ns, At safepoint: 129715 ns, Total: 875830 ns
[2025-10-15T05:45:16.353-0700][1246 ][info ][gc,start    ] GC(309) Pause Young (Normal) (G1 Evacuation Pause)
[2025-10-15T05:45:16.353-0700][1246 ][info ][gc,task     ] GC(309) Using 113 workers of 113 for evacuation
[2025-10-15T05:45:16.367-0700][1246 ][debug][gc,remset   ] GC(309) Visited cards 9272576 Total dirty 67764224 (13.68%) Total old 420610048 (2.20%)
[2025-10-15T05:45:16.521-0700][1246 ][info ][gc,phases   ] GC(309)   Pre Evacuate Collection Set: 0.7ms
[2025-10-15T05:45:16.521-0700][1246 ][info ][gc,phases   ] GC(309)   Merge Heap Roots: 13.1ms
[2025-10-15T05:45:16.521-0700][1246 ][info ][gc,phases   ] GC(309)   Evacuate Collection Set: 139.9ms
[2025-10-15T05:45:16.521-0700][1246 ][info ][gc,phases   ] GC(309)   Post Evacuate Collection Set: 14.0ms
[2025-10-15T05:45:16.521-0700][1246 ][info ][gc,phases   ] GC(309)   Other: 0.2ms
[2025-10-15T05:45:16.521-0700][1246 ][debug][gc,remset   ] GC(309) Coarsening (recent): Inline->AoC 43302 (0) AoC->Howl 138 (0) Howl->Full 0 (0) Inline->AoC 530 (0) AoC->BitMap 106 (0) BitMap->Full 0 (0) 
[2025-10-15T05:45:16.521-0700][1246 ][debug][gc,remset   ] GC(309) Coarsening (all): Inline->AoC 8974419 (314) AoC->Howl 203202 (841) Howl->Full 0 (0) Inline->AoC 812782 (261) AoC->BitMap 214689 (704) BitMap->Full 6 (0) 
[2025-10-15T05:45:16.521-0700][1246 ][info ][gc,heap     ] GC(309) Eden regions: 2441->0(3171)
[2025-10-15T05:45:16.521-0700][1246 ][info ][gc,heap     ] GC(309) Survivor regions: 227->185(334)
[2025-10-15T05:45:16.521-0700][1246 ][info ][gc,heap     ] GC(309) Old regions: 1073->1155
[2025-10-15T05:45:16.521-0700][1246 ][info ][gc,heap     ] GC(309) Humongous regions: 9->0
[2025-10-15T05:45:16.521-0700][1246 ][info ][gc,metaspace] GC(309) Metaspace: 318962K(325440K)->318962K(325440K) NonClass: 281743K(285248K)->281743K(285248K) Class: 37219K(40192K)->37219K(40192K)
[2025-10-15T05:45:16.521-0700][1246 ][info ][gc          ] GC(309) Pause Young (Normal) (G1 Evacuation Pause) 119968M->42859M(184320M) 168.147ms
[2025-10-15T05:45:16.522-0700][1246 ][info ][gc,cpu      ] GC(309) User=16.88s Sys=0.40s Real=0.17s
[2025-10-15T05:45:16.523-0700][1246 ][info ][safepoint   ] Safepoint "G1CollectForAllocation", Time since last: 7651383581 ns, Reaching safepoint: 838394 ns, Cleanup: 5378 ns, At safepoint: 171617248 ns, Total: 172461020 ns
[2025-10-15T05:45:17.728-0700][1246 ][info ][gc,start    ] GC(310) Pause Young (Concurrent Start) (G1 Humongous Allocation)
[2025-10-15T05:45:17.728-0700][1246 ][info ][gc,task     ] GC(310) Using 113 workers of 113 for evacuation
[2025-10-15T05:45:17.741-0700][1246 ][debug][gc,remset   ] GC(310) Visited cards 8960000 Total dirty 72744960 (12.32%) Total old 132710400 (6.75%)
[2025-10-15T05:45:17.852-0700][1246 ][info ][gc,phases   ] GC(310)   Pre Evacuate Collection Set: 0.9ms
[2025-10-15T05:45:17.852-0700][1246 ][info ][gc,phases   ] GC(310)   Merge Heap Roots: 11.5ms
[2025-10-15T05:45:17.852-0700][1246 ][info ][gc,phases   ] GC(310)   Evacuate Collection Set: 102.7ms
[2025-10-15T05:45:17.852-0700][1246 ][info ][gc,phases   ] GC(310)   Post Evacuate Collection Set: 8.2ms
[2025-10-15T05:45:17.852-0700][1246 ][info ][gc,phases   ] GC(310)   Other: 0.1ms
[2025-10-15T05:45:17.852-0700][1246 ][debug][gc,remset   ] GC(310) Coarsening (recent): Inline->AoC 12 (0) AoC->Howl 0 (0) Howl->Full 0 (0) Inline->AoC 0 (0) AoC->BitMap 0 (0) BitMap->Full 0 (0) 
[2025-10-15T05:45:17.852-0700][1246 ][debug][gc,remset   ] GC(310) Coarsening (all): Inline->AoC 8974431 (314) AoC->Howl 203202 (841) Howl->Full 0 (0) Inline->AoC 812782 (261) AoC->BitMap 214689 (704) BitMap->Full 6 (0) 
[2025-10-15T05:45:17.852-0700][1246 ][info ][gc,heap     ] GC(310) Eden regions: 250->0(3274)
[2025-10-15T05:45:17.852-0700][1246 ][info ][gc,heap     ] GC(310) Survivor regions: 185->182(432)
[2025-10-15T05:45:17.852-0700][1246 ][info ][gc,heap     ] GC(310) Old regions: 1155->1155
[2025-10-15T05:45:17.852-0700][1246 ][info ][gc,heap     ] GC(310) Humongous regions: 0->0
[2025-10-15T05:45:17.852-0700][1246 ][info ][gc,metaspace] GC(310) Metaspace: 318962K(325440K)->318962K(325440K) NonClass: 281743K(285248K)->281743K(285248K) Class: 37219K(40192K)->37219K(40192K)
[2025-10-15T05:45:17.852-0700][1246 ][info ][gc          ] GC(310) Pause Young (Concurrent Start) (G1 Humongous Allocation) 50832M->42761M(184320M) 123.628ms
[2025-10-15T05:45:17.852-0700][1085 ][info ][gc          ] GC(311) Concurrent Mark Cycle
[2025-10-15T05:45:17.852-0700][1085 ][info ][gc,marking  ] GC(311) Concurrent Scan Root Regions
[2025-10-15T05:45:17.854-0700][1246 ][info ][gc,cpu      ] GC(310) User=11.25s Sys=0.08s Real=0.13s
[2025-10-15T05:45:17.855-0700][1246 ][info ][safepoint   ] Safepoint "G1TryInitiateConcMark", Time since last: 1202921992 ns, Reaching safepoint: 752585 ns, Cleanup: 4727 ns, At safepoint: 127863115 ns, Total: 128620427 ns
[2025-10-15T05:45:17.910-0700][1085 ][info ][gc,marking  ] GC(311) Concurrent Scan Root Regions 57.609ms
[2025-10-15T05:45:17.910-0700][1085 ][info ][gc,marking  ] GC(311) Concurrent Mark
[2025-10-15T05:45:17.910-0700][1085 ][info ][gc,marking  ] GC(311) Concurrent Mark From Roots
[2025-10-15T05:45:17.910-0700][1085 ][info ][gc,task     ] GC(311) Using 36 workers of 36 for marking
[2025-10-15T05:45:18.172-0700][1085 ][info ][gc,marking  ] GC(311) Concurrent Mark From Roots 262.302ms
[2025-10-15T05:45:18.172-0700][1085 ][info ][gc,marking  ] GC(311) Concurrent Preclean
[2025-10-15T05:45:18.189-0700][1085 ][info ][gc,marking  ] GC(311) Concurrent Preclean 16.466ms
[2025-10-15T05:45:18.191-0700][1246 ][info ][gc,start    ] GC(311) Pause Remark
[2025-10-15T05:45:18.448-0700][1246 ][info ][gc,mmu      ] GC(311) MMU target violated: 201.0ms (200.0ms/201.0ms)
[2025-10-15T05:45:18.449-0700][1246 ][info ][gc          ] GC(311) Pause Remark 46019M->45667M(184320M) 257.877ms
[2025-10-15T05:45:18.450-0700][1246 ][info ][gc,cpu      ] GC(311) User=14.20s Sys=0.13s Real=0.26s
[2025-10-15T05:45:18.451-0700][1246 ][info ][safepoint   ] Safepoint "G1PauseRemark", Time since last: 333803383 ns, Reaching safepoint: 923532 ns, Cleanup: 4517 ns, At safepoint: 261503839 ns, Total: 262431888 ns
[2025-10-15T05:45:18.451-0700][1085 ][info ][gc,marking  ] GC(311) Concurrent Mark 541.378ms
[2025-10-15T05:45:18.451-0700][1085 ][info ][gc,marking  ] GC(311) Concurrent Rebuild Remembered Sets and Scrub Regions
[2025-10-15T05:45:18.931-0700][1085 ][info ][gc,marking  ] GC(311) Concurrent Rebuild Remembered Sets and Scrub Regions 480.247ms
[2025-10-15T05:45:18.934-0700][1246 ][info ][gc,start    ] GC(311) Pause Cleanup
[2025-10-15T05:45:18.937-0700][1246 ][info ][gc          ] GC(311) Pause Cleanup 51619M->51619M(184320M) 2.652ms
[2025-10-15T05:45:18.938-0700][1246 ][info ][gc,cpu      ] GC(311) User=0.03s Sys=0.02s Real=0.00s
[2025-10-15T05:45:18.938-0700][1246 ][info ][safepoint   ] Safepoint "G1PauseCleanup", Time since last: 480491239 ns, Reaching safepoint: 1379650 ns, Cleanup: 55814 ns, At safepoint: 5494501 ns, Total: 6929965 ns
[2025-10-15T05:45:18.939-0700][1085 ][info ][gc,marking  ] GC(311) Concurrent Clear Claimed Marks
[2025-10-15T05:45:18.940-0700][1085 ][info ][gc,marking  ] GC(311) Concurrent Clear Claimed Marks 1.342ms
[2025-10-15T05:45:18.940-0700][1085 ][info ][gc,marking  ] GC(311) Concurrent Cleanup for Next Mark
[2025-10-15T05:45:18.976-0700][1085 ][info ][gc,marking  ] GC(311) Concurrent Cleanup for Next Mark 36.119ms
[2025-10-15T05:45:18.976-0700][1085 ][info ][gc          ] GC(311) Concurrent Mark Cycle 1124.084ms
[2025-10-15T05:45:33.371-0700][1246 ][info ][gc,start    ] GC(312) Pause Young (Prepare Mixed) (G1 Evacuation Pause)
[2025-10-15T05:45:33.371-0700][1246 ][info ][gc,task     ] GC(312) Using 113 workers of 113 for evacuation
[2025-10-15T05:45:33.387-0700][1246 ][debug][gc,remset   ] GC(312) Visited cards 9634816 Total dirty 72941568 (13.21%) Total old 528744448 (1.82%)
[2025-10-15T05:45:33.528-0700][1246 ][info ][gc,phases   ] GC(312)   Pre Evacuate Collection Set: 0.7ms
[2025-10-15T05:45:33.528-0700][1246 ][info ][gc,phases   ] GC(312)   Merge Heap Roots: 14.9ms
[2025-10-15T05:45:33.528-0700][1246 ][info ][gc,phases   ] GC(312)   Evacuate Collection Set: 125.6ms
[2025-10-15T05:45:33.528-0700][1246 ][info ][gc,phases   ] GC(312)   Post Evacuate Collection Set: 15.1ms
[2025-10-15T05:45:33.528-0700][1246 ][info ][gc,phases   ] GC(312)   Other: 0.2ms
[2025-10-15T05:45:33.528-0700][1246 ][debug][gc,remset   ] GC(312) Coarsening (recent): Inline->AoC 194834 (0) AoC->Howl 9428 (0) Howl->Full 0 (0) Inline->AoC 36928 (0) AoC->BitMap 11017 (0) BitMap->Full 1 (0) 
[2025-10-15T05:45:33.528-0700][1246 ][debug][gc,remset   ] GC(312) Coarsening (all): Inline->AoC 9169265 (314) AoC->Howl 212630 (841) Howl->Full 0 (0) Inline->AoC 849710 (261) AoC->BitMap 225706 (704) BitMap->Full 7 (0) 
[2025-10-15T05:45:33.528-0700][1246 ][info ][gc,heap     ] GC(312) Eden regions: 3274->0(2642)
[2025-10-15T05:45:33.528-0700][1246 ][info ][gc,heap     ] GC(312) Survivor regions: 182->227(432)
[2025-10-15T05:45:33.528-0700][1246 ][info ][gc,heap     ] GC(312) Old regions: 1144->1144
[2025-10-15T05:45:33.528-0700][1246 ][info ][gc,heap     ] GC(312) Humongous regions: 12->0
[2025-10-15T05:45:33.528-0700][1246 ][info ][gc,metaspace] GC(312) Metaspace: 318788K(325440K)->318788K(325440K) NonClass: 281604K(285248K)->281604K(285248K) Class: 37184K(40192K)->37184K(40192K)
[2025-10-15T05:45:33.528-0700][1246 ][info ][gc          ] GC(312) Pause Young (Prepare Mixed) (G1 Evacuation Pause) 147561M->43838M(184320M) 156.686ms
[2025-10-15T05:45:33.529-0700][1246 ][info ][gc,cpu      ] GC(312) User=15.75s Sys=0.26s Real=0.16s
[2025-10-15T05:45:33.530-0700][1246 ][info ][safepoint   ] Safepoint "G1CollectForAllocation", Time since last: 14430509242 ns, Reaching safepoint: 879766 ns, Cleanup: 5829 ns, At safepoint: 160128211 ns, Total: 161013806 ns
[2025-10-15T05:45:34.531-0700][1246 ][info ][safepoint   ] Safepoint "Cleanup", Time since last: 1000082236 ns, Reaching safepoint: 879465 ns, Cleanup: 11117 ns, At safepoint: 196917 ns, Total: 1087499 ns
[2025-10-15T05:45:37.533-0700][1246 ][info ][safepoint   ] Safepoint "Cleanup", Time since last: 3000180599 ns, Reaching safepoint: 851703 ns, Cleanup: 24607 ns, At safepoint: 272511 ns, Total: 1148821 ns
[2025-10-15T05:45:45.491-0700][1246 ][info ][gc,start    ] GC(313) Pause Young (Mixed) (G1 Evacuation Pause)
[2025-10-15T05:45:45.491-0700][1246 ][info ][gc,task     ] GC(313) Using 113 workers of 113 for evacuation
[2025-10-15T05:45:45.505-0700][1246 ][debug][gc,remset   ] GC(313) Visited cards 9520896 Total dirty 69402624 (13.72%) Total old 512884736 (1.86%)
[2025-10-15T05:45:45.671-0700][1246 ][info ][gc,phases   ] GC(313)   Pre Evacuate Collection Set: 0.8ms
[2025-10-15T05:45:45.671-0700][1246 ][info ][gc,phases   ] GC(313)   Merge Heap Roots: 13.3ms
[2025-10-15T05:45:45.671-0700][1246 ][info ][gc,phases   ] GC(313)   Evacuate Collection Set: 151.6ms
[2025-10-15T05:45:45.671-0700][1246 ][info ][gc,phases   ] GC(313)   Post Evacuate Collection Set: 14.6ms
[2025-10-15T05:45:45.672-0700][1246 ][info ][gc,phases   ] GC(313)   Other: 0.2ms
[2025-10-15T05:45:45.672-0700][1246 ][debug][gc,remset   ] GC(313) Coarsening (recent): Inline->AoC 40029 (0) AoC->Howl 179 (0) Howl->Full 0 (0) Inline->AoC 907 (0) AoC->BitMap 88 (0) BitMap->Full 0 (0) 
[2025-10-15T05:45:45.672-0700][1246 ][debug][gc,remset   ] GC(313) Coarsening (all): Inline->AoC 9209294 (314) AoC->Howl 212809 (841) Howl->Full 0 (0) Inline->AoC 850617 (261) AoC->BitMap 225794 (704) BitMap->Full 7 (0) 
[2025-10-15T05:45:45.672-0700][1246 ][info ][gc,heap     ] GC(313) Eden regions: 3077->0(1733)
[2025-10-15T05:45:45.672-0700][1246 ][info ][gc,heap     ] GC(313) Survivor regions: 227->274(413)
[2025-10-15T05:45:45.672-0700][1246 ][info ][gc,heap     ] GC(313) Old regions: 1144->1084
[2025-10-15T05:45:45.672-0700][1246 ][info ][gc,heap     ] GC(313) Humongous regions: 13->0
[2025-10-15T05:45:45.672-0700][1246 ][info ][gc,metaspace] GC(313) Metaspace: 318796K(325440K)->318796K(325440K) NonClass: 281612K(285248K)->281612K(285248K) Class: 37184K(40192K)->37184K(40192K)
[2025-10-15T05:45:45.672-0700][1246 ][info ][gc          ] GC(313) Pause Young (Mixed) (G1 Evacuation Pause) 142718M->43417M(184320M) 180.693ms
[2025-10-15T05:45:45.673-0700][1246 ][info ][gc,cpu      ] GC(313) User=18.16s Sys=0.27s Real=0.18s
[2025-10-15T05:45:45.674-0700][1246 ][info ][safepoint   ] Safepoint "G1CollectForAllocation", Time since last: 7956227567 ns, Reaching safepoint: 940448 ns, Cleanup: 5929 ns, At safepoint: 184280651 ns, Total: 185227028 ns
[2025-10-15T05:45:49.675-0700][1246 ][info ][safepoint   ] Safepoint "Cleanup", Time since last: 4000278809 ns, Reaching safepoint: 861669 ns, Cleanup: 13530 ns, At safepoint: 220963 ns, Total: 1096162 ns
[2025-10-15T05:45:53.733-0700][1246 ][info ][gc,start    ] GC(314) Pause Young (Mixed) (G1 Evacuation Pause)
[2025-10-15T05:45:53.734-0700][1246 ][info ][gc,task     ] GC(314) Using 113 workers of 113 for evacuation
[2025-10-15T05:45:53.747-0700][1246 ][debug][gc,remset   ] GC(314) Visited cards 9529600 Total dirty 65732608 (14.50%) Total old 380567552 (2.50%)
[2025-10-15T05:45:53.910-0700][1246 ][info ][gc,phases   ] GC(314)   Pre Evacuate Collection Set: 0.8ms
[2025-10-15T05:45:53.910-0700][1246 ][info ][gc,phases   ] GC(314)   Merge Heap Roots: 12.7ms
[2025-10-15T05:45:53.910-0700][1246 ][info ][gc,phases   ] GC(314)   Evacuate Collection Set: 145.9ms
[2025-10-15T05:45:53.910-0700][1246 ][info ][gc,phases   ] GC(314)   Post Evacuate Collection Set: 16.5ms
[2025-10-15T05:45:53.910-0700][1246 ][info ][gc,phases   ] GC(314)   Other: 0.2ms
[2025-10-15T05:45:53.910-0700][1246 ][debug][gc,remset   ] GC(314) Coarsening (recent): Inline->AoC 38829 (0) AoC->Howl 188 (0) Howl->Full 0 (0) Inline->AoC 926 (0) AoC->BitMap 82 (0) BitMap->Full 0 (0) 
[2025-10-15T05:45:53.910-0700][1246 ][debug][gc,remset   ] GC(314) Coarsening (all): Inline->AoC 9248123 (314) AoC->Howl 212997 (841) Howl->Full 0 (0) Inline->AoC 851543 (261) AoC->BitMap 225876 (704) BitMap->Full 7 (0) 
[2025-10-15T05:45:53.910-0700][1246 ][info ][gc,heap     ] GC(314) Eden regions: 2054->0(3327)
[2025-10-15T05:45:53.910-0700][1246 ][info ][gc,heap     ] GC(314) Survivor regions: 274->129(291)
[2025-10-15T05:45:53.910-0700][1246 ][info ][gc,heap     ] GC(314) Old regions: 1084->1157
[2025-10-15T05:45:53.910-0700][1246 ][info ][gc,heap     ] GC(314) Humongous regions: 6->0
[2025-10-15T05:45:53.910-0700][1246 ][info ][gc,metaspace] GC(314) Metaspace: 318884K(325440K)->318884K(325440K) NonClass: 281695K(285248K)->281695K(285248K) Class: 37188K(40192K)->37188K(40192K)
[2025-10-15T05:45:53.910-0700][1246 ][info ][gc          ] GC(314) Pause Young (Mixed) (G1 Evacuation Pause) 109337M->41131M(184320M) 176.205ms
[2025-10-15T05:45:53.911-0700][1246 ][info ][gc,cpu      ] GC(314) User=16.92s Sys=0.20s Real=0.18s
[2025-10-15T05:45:53.912-0700][1246 ][info ][safepoint   ] Safepoint "G1CollectForAllocation", Time since last: 4045183455 ns, Reaching safepoint: 11764090 ns, Cleanup: 12849 ns, At safepoint: 180021493 ns, Total: 191798432 ns
[2025-10-15T05:45:56.913-0700][1246 ][info ][safepoint   ] Safepoint "Cleanup", Time since last: 3000215041 ns, Reaching safepoint: 802950 ns, Cleanup: 14832 ns, At safepoint: 132079 ns, Total: 949861 ns
[2025-10-15T05:45:59.923-0700][1246 ][info ][safepoint   ] Safepoint "Cleanup", Time since last: 3007369253 ns, Reaching safepoint: 948690 ns, Cleanup: 15052 ns, At safepoint: 805254 ns, Total: 1768996 ns
[2025-10-15T05:46:00.925-0700][1246 ][info ][safepoint   ] Safepoint "Cleanup", Time since last: 1000106052 ns, Reaching safepoint: 973267 ns, Cleanup: 25809 ns, At safepoint: 1196483 ns, Total: 2195559 ns
[2025-10-15T05:46:02.847-0700][1246 ][info ][safepoint   ] Safepoint "Cleanup", Time since last: 1920804328 ns, Reaching safepoint: 1060418 ns, Cleanup: 26460 ns, At safepoint: 286381 ns, Total: 1373259 ns
[2025-10-15T05:46:03.850-0700][1246 ][info ][safepoint   ] Safepoint "Cleanup", Time since last: 1000106463 ns, Reaching safepoint: 957172 ns, Cleanup: 11688 ns, At safepoint: 1365879 ns, Total: 2334739 ns
[2025-10-15T05:46:04.851-0700][1246 ][info ][safepoint   ] Safepoint "Cleanup", Time since last: 1000119312 ns, Reaching safepoint: 852765 ns, Cleanup: 10125 ns, At safepoint: 313522 ns, Total: 1176412 ns
[2025-10-15T05:46:07.128-0700][1246 ][info ][gc,start    ] GC(315) Pause Young (Mixed) (G1 Evacuation Pause)
[2025-10-15T05:46:07.128-0700][1246 ][info ][gc,task     ] GC(315) Using 113 workers of 113 for evacuation
[2025-10-15T05:46:07.142-0700][1246 ][debug][gc,remset   ] GC(315) Visited cards 13534208 Total dirty 60751872 (22.28%) Total old 544407552 (2.49%)
[2025-10-15T05:46:07.292-0700][1246 ][debug][gc,remset   ] GC(315) Visited cards 3241728 Total dirty 57671680 (5.62%) Total old 561119232 (0.58%)
[2025-10-15T05:46:07.335-0700][1246 ][info ][gc,mmu      ] GC(315) MMU target violated: 201.0ms (200.0ms/201.0ms)
[2025-10-15T05:46:07.335-0700][1246 ][info ][gc,phases   ] GC(315)   Pre Evacuate Collection Set: 0.8ms
[2025-10-15T05:46:07.335-0700][1246 ][info ][gc,phases   ] GC(315)   Merge Heap Roots: 13.7ms
[2025-10-15T05:46:07.335-0700][1246 ][info ][gc,phases   ] GC(315)   Evacuate Collection Set: 148.5ms
[2025-10-15T05:46:07.335-0700][1246 ][info ][gc,phases   ] GC(315)   Merge Optional Heap Roots: 1.1ms
[2025-10-15T05:46:07.335-0700][1246 ][info ][gc,phases   ] GC(315)   Evacuate Optional Collection Set: 25.3ms
[2025-10-15T05:46:07.335-0700][1246 ][info ][gc,phases   ] GC(315)   Post Evacuate Collection Set: 17.7ms
[2025-10-15T05:46:07.335-0700][1246 ][info ][gc,phases   ] GC(315)   Other: 0.3ms
[2025-10-15T05:46:07.335-0700][1246 ][debug][gc,remset   ] GC(315) Coarsening (recent): Inline->AoC 63372 (0) AoC->Howl 603 (0) Howl->Full 0 (0) Inline->AoC 1472 (0) AoC->BitMap 470 (0) BitMap->Full 0 (0) 
[2025-10-15T05:46:07.335-0700][1246 ][debug][gc,remset   ] GC(315) Coarsening (all): Inline->AoC 9311495 (314) AoC->Howl 213600 (841) Howl->Full 0 (0) Inline->AoC 853015 (261) AoC->BitMap 226346 (704) BitMap->Full 7 (0) 
[2025-10-15T05:46:07.335-0700][1246 ][info ][gc,heap     ] GC(315) Eden regions: 3327->0(2765)
[2025-10-15T05:46:07.335-0700][1246 ][info ][gc,heap     ] GC(315) Survivor regions: 129->186(432)
[2025-10-15T05:46:07.335-0700][1246 ][info ][gc,heap     ] GC(315) Old regions: 1157->933
[2025-10-15T05:46:07.335-0700][1246 ][info ][gc,heap     ] GC(315) Humongous regions: 9->0
[2025-10-15T05:46:07.335-0700][1246 ][info ][gc,metaspace] GC(315) Metaspace: 318944K(325440K)->318944K(325440K) NonClass: 281750K(285248K)->281750K(285248K) Class: 37193K(40192K)->37193K(40192K)
[2025-10-15T05:46:07.335-0700][1246 ][info ][gc          ] GC(315) Pause Young (Mixed) (G1 Evacuation Pause) 147883M->35792M(184320M) 207.581ms
[2025-10-15T05:46:07.336-0700][1246 ][info ][gc,cpu      ] GC(315) User=16.37s Sys=1.58s Real=0.21s
[2025-10-15T05:46:07.337-0700][1246 ][info ][safepoint   ] Safepoint "G1CollectForAllocation", Time since last: 2274588591 ns, Reaching safepoint: 921088 ns, Cleanup: 6229 ns, At safepoint: 211102956 ns, Total: 212030273 ns
[2025-10-15T05:46:08.340-0700][1246 ][info ][safepoint   ] Safepoint "Cleanup", Time since last: 1000088486 ns, Reaching safepoint: 1485288 ns, Cleanup: 12228 ns, At safepoint: 738233 ns, Total: 2235749 ns
[2025-10-15T05:46:09.341-0700][1246 ][info ][safepoint   ] Safepoint "Cleanup", Time since last: 1000134825 ns, Reaching safepoint: 1213049 ns, Cleanup: 13410 ns, At safepoint: 235755 ns, Total: 1462214 ns
[2025-10-15T05:46:13.343-0700][1246 ][info ][safepoint   ] Safepoint "Cleanup", Time since last: 4000290306 ns, Reaching safepoint: 832124 ns, Cleanup: 21373 ns, At safepoint: 147572 ns, Total: 1001069 ns
[2025-10-15T05:46:17.344-0700][1246 ][info ][safepoint   ] Safepoint "Cleanup", Time since last: 4000283316 ns, Reaching safepoint: 963552 ns, Cleanup: 11898 ns, At safepoint: 381435 ns, Total: 1356885 ns
[2025-10-15T05:46:19.362-0700][1246 ][info ][safepoint   ] Safepoint "Cleanup", Time since last: 2000170231 ns, Reaching safepoint: 15591528 ns, Cleanup: 12348 ns, At safepoint: 1780794 ns, Total: 17384670 ns
[2025-10-15T05:46:19.930-0700][1246 ][info ][gc,start    ] GC(316) Pause Young (Mixed) (G1 Evacuation Pause)
[2025-10-15T05:46:19.930-0700][1246 ][info ][gc,task     ] GC(316) Using 113 workers of 113 for evacuation
[2025-10-15T05:46:19.944-0700][1246 ][debug][gc,remset   ] GC(316) Visited cards 13753856 Total dirty 57409536 (23.96%) Total old 497876992 (2.76%)
[2025-10-15T05:46:20.121-0700][1246 ][info ][gc,phases   ] GC(316)   Pre Evacuate Collection Set: 0.7ms
[2025-10-15T05:46:20.121-0700][1246 ][info ][gc,phases   ] GC(316)   Merge Heap Roots: 12.7ms
[2025-10-15T05:46:20.121-0700][1246 ][info ][gc,phases   ] GC(316)   Evacuate Collection Set: 164.4ms
[2025-10-15T05:46:20.121-0700][1246 ][info ][gc,phases   ] GC(316)   Post Evacuate Collection Set: 12.5ms
[2025-10-15T05:46:20.121-0700][1246 ][info ][gc,phases   ] GC(316)   Other: 0.2ms
[2025-10-15T05:46:20.121-0700][1246 ][debug][gc,remset   ] GC(316) Coarsening (recent): Inline->AoC 57729 (0) AoC->Howl 226 (0) Howl->Full 0 (0) Inline->AoC 1049 (0) AoC->BitMap 136 (1) BitMap->Full 0 (0) 
[2025-10-15T05:46:20.121-0700][1246 ][debug][gc,remset   ] GC(316) Coarsening (all): Inline->AoC 9369224 (314) AoC->Howl 213826 (841) Howl->Full 0 (0) Inline->AoC 854064 (261) AoC->BitMap 226482 (705) BitMap->Full 7 (0) 
[2025-10-15T05:46:20.121-0700][1246 ][info ][gc,heap     ] GC(316) Eden regions: 3110->0(2031)
[2025-10-15T05:46:20.121-0700][1246 ][info ][gc,heap     ] GC(316) Survivor regions: 186->239(412)
[2025-10-15T05:46:20.121-0700][1246 ][info ][gc,heap     ] GC(316) Old regions: 933->890
[2025-10-15T05:46:20.121-0700][1246 ][info ][gc,heap     ] GC(316) Humongous regions: 11->0
[2025-10-15T05:46:20.121-0700][1246 ][info ][gc,metaspace] GC(316) Metaspace: 319004K(325440K)->319004K(325440K) NonClass: 281806K(285248K)->281806K(285248K) Class: 37197K(40192K)->37197K(40192K)
[2025-10-15T05:46:20.121-0700][1246 ][info ][gc          ] GC(316) Pause Young (Mixed) (G1 Evacuation Pause) 135664M->36122M(184320M) 190.659ms
[2025-10-15T05:46:20.122-0700][1246 ][info ][gc,cpu      ] GC(316) User=16.70s Sys=0.31s Real=0.19s
[2025-10-15T05:46:20.123-0700][1246 ][info ][safepoint   ] Safepoint "G1CollectForAllocation", Time since last: 566103692 ns, Reaching safepoint: 885575 ns, Cleanup: 4456 ns, At safepoint: 194084107 ns, Total: 194974138 ns
[2025-10-15T05:46:21.125-0700][1246 ][info ][safepoint   ] Safepoint "Cleanup", Time since last: 1000088255 ns, Reaching safepoint: 1585039 ns, Cleanup: 15483 ns, At safepoint: 633435 ns, Total: 2233957 ns
[2025-10-15T05:46:25.127-0700][1246 ][info ][safepoint   ] Safepoint "Cleanup", Time since last: 4000312199 ns, Reaching safepoint: 809090 ns, Cleanup: 11136 ns, At safepoint: 127923 ns, Total: 948149 ns
[2025-10-15T05:46:30.128-0700][1246 ][info ][safepoint   ] Safepoint "Cleanup", Time since last: 5000340344 ns, Reaching safepoint: 906306 ns, Cleanup: 15583 ns, At safepoint: 292090 ns, Total: 1213979 ns
[2025-10-15T05:46:31.387-0700][1246 ][info ][gc,start    ] GC(317) Pause Young (Mixed) (G1 Evacuation Pause)
[2025-10-15T05:46:31.387-0700][1246 ][info ][gc,task     ] GC(317) Using 113 workers of 113 for evacuation
[2025-10-15T05:46:31.400-0700][1246 ][debug][gc,remset   ] GC(317) Visited cards 10741248 Total dirty 55771136 (19.26%) Total old 441253888 (2.43%)
[2025-10-15T05:46:31.559-0700][1246 ][info ][gc,phases   ] GC(317)   Pre Evacuate Collection Set: 0.8ms
[2025-10-15T05:46:31.559-0700][1246 ][info ][gc,phases   ] GC(317)   Merge Heap Roots: 12.3ms
[2025-10-15T05:46:31.559-0700][1246 ][info ][gc,phases   ] GC(317)   Evacuate Collection Set: 146.2ms
[2025-10-15T05:46:31.559-0700][1246 ][info ][gc,phases   ] GC(317)   Post Evacuate Collection Set: 12.8ms
[2025-10-15T05:46:31.559-0700][1246 ][info ][gc,phases   ] GC(317)   Other: 0.2ms
[2025-10-15T05:46:31.559-0700][1246 ][debug][gc,remset   ] GC(317) Coarsening (recent): Inline->AoC 41202 (1) AoC->Howl 136 (1) Howl->Full 0 (0) Inline->AoC 666 (0) AoC->BitMap 75 (0) BitMap->Full 0 (0) 
[2025-10-15T05:46:31.559-0700][1246 ][debug][gc,remset   ] GC(317) Coarsening (all): Inline->AoC 9410426 (315) AoC->Howl 213962 (842) Howl->Full 0 (0) Inline->AoC 854730 (261) AoC->BitMap 226557 (705) BitMap->Full 7 (0) 
[2025-10-15T05:46:31.559-0700][1246 ][info ][gc,heap     ] GC(317) Eden regions: 2662->0(3249)
[2025-10-15T05:46:31.559-0700][1246 ][info ][gc,heap     ] GC(317) Survivor regions: 239->207(363)
[2025-10-15T05:46:31.559-0700][1246 ][info ][gc,heap     ] GC(317) Old regions: 890->903
[2025-10-15T05:46:31.559-0700][1246 ][info ][gc,heap     ] GC(317) Humongous regions: 6->0
[2025-10-15T05:46:31.559-0700][1246 ][info ][gc,metaspace] GC(317) Metaspace: 319067K(325504K)->319067K(325504K) NonClass: 281859K(285312K)->281859K(285312K) Class: 37207K(40192K)->37207K(40192K)
[2025-10-15T05:46:31.559-0700][1246 ][info ][gc          ] GC(317) Pause Young (Mixed) (G1 Evacuation Pause) 121498M->35509M(184320M) 172.318ms
[2025-10-15T05:46:31.560-0700][1246 ][info ][gc,cpu      ] GC(317) User=16.83s Sys=0.37s Real=0.18s
[2025-10-15T05:46:31.562-0700][1246 ][info ][safepoint   ] Safepoint "G1CollectForAllocation", Time since last: 1244170715 ns, Reaching safepoint: 13535470 ns, Cleanup: 4647 ns, At safepoint: 175813430 ns, Total: 189353547 ns
[2025-10-15T05:46:33.563-0700][1246 ][info ][safepoint   ] Safepoint "Cleanup", Time since last: 2000151904 ns, Reaching safepoint: 836761 ns, Cleanup: 11046 ns, At safepoint: 81623 ns, Total: 929430 ns
[2025-10-15T05:46:36.564-0700][1246 ][info ][safepoint   ] Safepoint "Cleanup", Time since last: 3000246819 ns, Reaching safepoint: 755258 ns, Cleanup: 17307 ns, At safepoint: 79289 ns, Total: 851854 ns
[2025-10-15T05:46:39.571-0700][1246 ][info ][safepoint   ] Safepoint "Cleanup", Time since last: 3000234402 ns, Reaching safepoint: 5991490 ns, Cleanup: 13380 ns, At safepoint: 653234 ns, Total: 6658104 ns
[2025-10-15T05:46:41.572-0700][1246 ][info ][safepoint   ] Safepoint "Cleanup", Time since last: 2000159439 ns, Reaching safepoint: 888530 ns, Cleanup: 10405 ns, At safepoint: 291249 ns, Total: 1190184 ns
[2025-10-15T05:46:44.573-0700][1246 ][info ][safepoint   ] Safepoint "Cleanup", Time since last: 3000209875 ns, Reaching safepoint: 726865 ns, Cleanup: 13951 ns, At safepoint: 83847 ns, Total: 824663 ns
[2025-10-15T05:46:47.990-0700][1246 ][info ][gc,start    ] GC(318) Pause Young (Normal) (G1 Evacuation Pause)
[2025-10-15T05:46:47.990-0700][1246 ][info ][gc,task     ] GC(318) Using 113 workers of 113 for evacuation
[2025-10-15T05:46:48.003-0700][1246 ][debug][gc,remset   ] GC(318) Visited cards 8745216 Total dirty 57737216 (15.15%) Total old 513015808 (1.70%)
[2025-10-15T05:46:48.159-0700][1246 ][info ][gc,phases   ] GC(318)   Pre Evacuate Collection Set: 0.8ms
[2025-10-15T05:46:48.159-0700][1246 ][info ][gc,phases   ] GC(318)   Merge Heap Roots: 12.1ms
[2025-10-15T05:46:48.159-0700][1246 ][info ][gc,phases   ] GC(318)   Evacuate Collection Set: 143.2ms
[2025-10-15T05:46:48.159-0700][1246 ][info ][gc,phases   ] GC(318)   Post Evacuate Collection Set: 12.8ms
[2025-10-15T05:46:48.159-0700][1246 ][info ][gc,phases   ] GC(318)   Other: 0.2ms
[2025-10-15T05:46:48.159-0700][1246 ][debug][gc,remset   ] GC(318) Coarsening (recent): Inline->AoC 43298 (0) AoC->Howl 148 (0) Howl->Full 0 (0) Inline->AoC 647 (0) AoC->BitMap 76 (0) BitMap->Full 0 (0) 
[2025-10-15T05:46:48.159-0700][1246 ][debug][gc,remset   ] GC(318) Coarsening (all): Inline->AoC 9453724 (315) AoC->Howl 214110 (842) Howl->Full 0 (0) Inline->AoC 855377 (261) AoC->BitMap 226633 (705) BitMap->Full 7 (0) 
[2025-10-15T05:46:48.159-0700][1246 ][info ][gc,heap     ] GC(318) Eden regions: 3249->0(2641)
[2025-10-15T05:46:48.159-0700][1246 ][info ][gc,heap     ] GC(318) Survivor regions: 207->250(432)
[2025-10-15T05:46:48.159-0700][1246 ][info ][gc,heap     ] GC(318) Old regions: 903->903
[2025-10-15T05:46:48.159-0700][1246 ][info ][gc,heap     ] GC(318) Humongous regions: 13->0
[2025-10-15T05:46:48.159-0700][1246 ][info ][gc,metaspace] GC(318) Metaspace: 319070K(325504K)->319070K(325504K) NonClass: 281862K(285312K)->281862K(285312K) Class: 37207K(40192K)->37207K(40192K)
[2025-10-15T05:46:48.159-0700][1246 ][info ][gc          ] GC(318) Pause Young (Normal) (G1 Evacuation Pause) 139893M->36885M(184320M) 169.247ms
[2025-10-15T05:46:48.161-0700][1246 ][info ][gc,cpu      ] GC(318) User=17.07s Sys=0.30s Real=0.17s
[2025-10-15T05:46:48.162-0700][1246 ][info ][safepoint   ] Safepoint "G1CollectForAllocation", Time since last: 3415088977 ns, Reaching safepoint: 853877 ns, Cleanup: 11938 ns, At safepoint: 172691316 ns, Total: 173557131 ns
[2025-10-15T05:46:53.163-0700][1246 ][info ][safepoint   ] Safepoint "Cleanup", Time since last: 5000384487 ns, Reaching safepoint: 835589 ns, Cleanup: 13100 ns, At safepoint: 124277 ns, Total: 972966 ns
[2025-10-15T05:46:55.164-0700][1246 ][info ][safepoint   ] Safepoint "Cleanup", Time since last: 2000190306 ns, Reaching safepoint: 888920 ns, Cleanup: 17156 ns, At safepoint: 126380 ns, Total: 1032456 ns
[2025-10-15T05:46:57.166-0700][1246 ][info ][safepoint   ] Safepoint "Cleanup", Time since last: 2000160511 ns, Reaching safepoint: 884022 ns, Cleanup: 33020 ns, At safepoint: 165990 ns, Total: 1083032 ns
[2025-10-15T05:46:58.167-0700][1246 ][info ][safepoint   ] Safepoint "Cleanup", Time since last: 1000105779 ns, Reaching safepoint: 819956 ns, Cleanup: 22404 ns, At safepoint: 155524 ns, Total: 997884 ns
[2025-10-15T05:47:00.168-0700][1246 ][info ][safepoint   ] Safepoint "Cleanup", Time since last: 2000161282 ns, Reaching safepoint: 901248 ns, Cleanup: 20511 ns, At safepoint: 218129 ns, Total: 1139888 ns
[2025-10-15T05:47:01.169-0700][1246 ][info ][safepoint   ] Safepoint "Cleanup", Time since last: 1000103515 ns, Reaching safepoint: 893988 ns, Cleanup: 8843 ns, At safepoint: 298991 ns, Total: 1201822 ns
[2025-10-15T05:47:02.603-0700][1246 ][info ][gc,start    ] GC(319) Pause Young (Normal) (G1 Evacuation Pause)
[2025-10-15T05:47:02.603-0700][1246 ][info ][gc,task     ] GC(319) Using 113 workers of 113 for evacuation
[2025-10-15T05:47:02.617-0700][1246 ][debug][gc,remset   ] GC(319) Visited cards 8784384 Total dirty 57933824 (15.16%) Total old 480575488 (1.83%)
[2025-10-15T05:47:02.797-0700][1246 ][info ][gc,phases   ] GC(319)   Pre Evacuate Collection Set: 0.7ms
[2025-10-15T05:47:02.797-0700][1246 ][info ][gc,phases   ] GC(319)   Merge Heap Roots: 12.6ms
[2025-10-15T05:47:02.797-0700][1246 ][info ][gc,phases   ] GC(319)   Evacuate Collection Set: 168.9ms
[2025-10-15T05:47:02.797-0700][1246 ][info ][gc,phases   ] GC(319)   Post Evacuate Collection Set: 11.7ms
[2025-10-15T05:47:02.797-0700][1246 ][info ][gc,phases   ] GC(319)   Other: 0.2ms
[2025-10-15T05:47:02.797-0700][1246 ][debug][gc,remset   ] GC(319) Coarsening (recent): Inline->AoC 28566 (2) AoC->Howl 58 (3) Howl->Full 0 (0) Inline->AoC 269 (3) AoC->BitMap 35 (0) BitMap->Full 0 (0) 
[2025-10-15T05:47:02.797-0700][1246 ][debug][gc,remset   ] GC(319) Coarsening (all): Inline->AoC 9482290 (317) AoC->Howl 214168 (845) Howl->Full 0 (0) Inline->AoC 855646 (264) AoC->BitMap 226668 (705) BitMap->Full 7 (0) 
[2025-10-15T05:47:02.798-0700][1246 ][info ][gc,heap     ] GC(319) Eden regions: 2962->0(3115)
[2025-10-15T05:47:02.798-0700][1246 ][info ][gc,heap     ] GC(319) Survivor regions: 250->229(402)
[2025-10-15T05:47:02.798-0700][1246 ][info ][gc,heap     ] GC(319) Old regions: 903->968
[2025-10-15T05:47:02.798-0700][1246 ][info ][gc,heap     ] GC(319) Humongous regions: 6->0
[2025-10-15T05:47:02.798-0700][1246 ][info ][gc,metaspace] GC(319) Metaspace: 319107K(325504K)->319107K(325504K) NonClass: 281898K(285312K)->281898K(285312K) Class: 37209K(40192K)->37209K(40192K)
[2025-10-15T05:47:02.798-0700][1246 ][info ][gc          ] GC(319) Pause Young (Normal) (G1 Evacuation Pause) 131861M->38285M(184320M) 194.248ms
[2025-10-15T05:47:02.799-0700][1246 ][info ][gc,cpu      ] GC(319) User=18.98s Sys=0.24s Real=0.20s
[2025-10-15T05:47:02.800-0700][1246 ][info ][safepoint   ] Safepoint "G1CollectForAllocation", Time since last: 1431813874 ns, Reaching safepoint: 1070524 ns, Cleanup: 13720 ns, At safepoint: 197846889 ns, Total: 198931133 ns
[2025-10-15T05:47:03.801-0700][1246 ][info ][safepoint   ] Safepoint "Cleanup", Time since last: 1000084567 ns, Reaching safepoint: 1147670 ns, Cleanup: 21833 ns, At safepoint: 225159 ns, Total: 1394662 ns
[2025-10-15T05:47:04.803-0700][1246 ][info ][safepoint   ] Safepoint "Cleanup", Time since last: 1000080741 ns, Reaching safepoint: 896201 ns, Cleanup: 15854 ns, At safepoint: 225530 ns, Total: 1137585 ns
[2025-10-15T05:47:18.097-0700][1246 ][info ][gc,start    ] GC(320) Pause Young (Normal) (G1 Evacuation Pause)
[2025-10-15T05:47:18.097-0700][1246 ][info ][gc,task     ] GC(320) Using 113 workers of 113 for evacuation
[2025-10-15T05:47:18.111-0700][1246 ][debug][gc,remset   ] GC(320) Visited cards 8888832 Total dirty 61276160 (14.51%) Total old 515899392 (1.72%)
[2025-10-15T05:47:18.281-0700][1246 ][info ][gc,phases   ] GC(320)   Pre Evacuate Collection Set: 0.8ms
[2025-10-15T05:47:18.281-0700][1246 ][info ][gc,phases   ] GC(320)   Merge Heap Roots: 13.1ms
[2025-10-15T05:47:18.281-0700][1246 ][info ][gc,phases   ] GC(320)   Evacuate Collection Set: 155.4ms
[2025-10-15T05:47:18.281-0700][1246 ][info ][gc,phases   ] GC(320)   Post Evacuate Collection Set: 14.4ms
[2025-10-15T05:47:18.281-0700][1246 ][info ][gc,phases   ] GC(320)   Other: 0.2ms
[2025-10-15T05:47:18.281-0700][1246 ][debug][gc,remset   ] GC(320) Coarsening (recent): Inline->AoC 48249 (1) AoC->Howl 136 (0) Howl->Full 0 (0) Inline->AoC 521 (0) AoC->BitMap 77 (0) BitMap->Full 0 (0) 
[2025-10-15T05:47:18.281-0700][1246 ][debug][gc,remset   ] GC(320) Coarsening (all): Inline->AoC 9530539 (318) AoC->Howl 214304 (845) Howl->Full 0 (0) Inline->AoC 856167 (264) AoC->BitMap 226745 (705) BitMap->Full 7 (0) 
[2025-10-15T05:47:18.281-0700][1246 ][info ][gc,heap     ] GC(320) Eden regions: 3219->0(1994)
[2025-10-15T05:47:18.281-0700][1246 ][info ][gc,heap     ] GC(320) Survivor regions: 229->273(431)
[2025-10-15T05:47:18.281-0700][1246 ][info ][gc,heap     ] GC(320) Old regions: 968->968
[2025-10-15T05:47:18.281-0700][1246 ][info ][gc,heap     ] GC(320) Humongous regions: 8->1
[2025-10-15T05:47:18.281-0700][1246 ][info ][gc,metaspace] GC(320) Metaspace: 319111K(325504K)->319111K(325504K) NonClass: 281901K(285312K)->281901K(285312K) Class: 37209K(40192K)->37209K(40192K)
[2025-10-15T05:47:18.281-0700][1246 ][info ][gc          ] GC(320) Pause Young (Normal) (G1 Evacuation Pause) 141549M->39708M(184320M) 184.011ms
[2025-10-15T05:47:18.282-0700][1246 ][info ][gc,cpu      ] GC(320) User=17.57s Sys=0.47s Real=0.19s
[2025-10-15T05:47:18.283-0700][1246 ][info ][safepoint   ] Safepoint "G1CollectForAllocation", Time since last: 13288122117 ns, Reaching safepoint: 5153587 ns, Cleanup: 6690 ns, At safepoint: 187410591 ns, Total: 192570868 ns
[2025-10-15T05:47:19.284-0700][1246 ][info ][safepoint   ] Safepoint "Cleanup", Time since last: 1000109604 ns, Reaching safepoint: 772815 ns, Cleanup: 24607 ns, At safepoint: 180352 ns, Total: 977774 ns
[2025-10-15T05:47:21.286-0700][1246 ][info ][safepoint   ] Safepoint "Cleanup", Time since last: 2000169384 ns, Reaching safepoint: 732554 ns, Cleanup: 9845 ns, At safepoint: 159841 ns, Total: 902240 ns
[2025-10-15T05:47:22.287-0700][1246 ][info ][safepoint   ] Safepoint "Cleanup", Time since last: 1000100130 ns, Reaching safepoint: 742089 ns, Cleanup: 11377 ns, At safepoint: 250738 ns, Total: 1004204 ns
[2025-10-15T05:47:23.288-0700][1246 ][info ][safepoint   ] Safepoint "Cleanup", Time since last: 1000105148 ns, Reaching safepoint: 692563 ns, Cleanup: 13661 ns, At safepoint: 253272 ns, Total: 959496 ns
[2025-10-15T05:47:24.289-0700][1246 ][info ][safepoint   ] Safepoint "Cleanup", Time since last: 1000098768 ns, Reaching safepoint: 889711 ns, Cleanup: 10966 ns, At safepoint: 406944 ns, Total: 1307621 ns
[2025-10-15T05:47:26.298-0700][1246 ][info ][safepoint   ] Safepoint "Cleanup", Time since last: 2000167421 ns, Reaching safepoint: 6950465 ns, Cleanup: 11137 ns, At safepoint: 1943499 ns, Total: 8905101 ns
[2025-10-15T05:47:27.878-0700][1246 ][info ][gc,start    ] GC(321) Pause Young (Normal) (G1 Evacuation Pause)
[2025-10-15T05:47:27.879-0700][1246 ][info ][gc,task     ] GC(321) Using 113 workers of 113 for evacuation
[2025-10-15T05:47:27.892-0700][1246 ][debug][gc,remset   ] GC(321) Visited cards 8964608 Total dirty 61407232 (14.60%) Total old 392036352 (2.29%)
[2025-10-15T05:47:28.068-0700][1246 ][info ][gc,phases   ] GC(321)   Pre Evacuate Collection Set: 0.7ms
[2025-10-15T05:47:28.068-0700][1246 ][info ][gc,phases   ] GC(321)   Merge Heap Roots: 12.8ms
[2025-10-15T05:47:28.068-0700][1246 ][info ][gc,phases   ] GC(321)   Evacuate Collection Set: 163.1ms
[2025-10-15T05:47:28.068-0700][1246 ][info ][gc,phases   ] GC(321)   Post Evacuate Collection Set: 12.9ms
[2025-10-15T05:47:28.068-0700][1246 ][info ][gc,phases   ] GC(321)   Other: 0.2ms
[2025-10-15T05:47:28.068-0700][1246 ][debug][gc,remset   ] GC(321) Coarsening (recent): Inline->AoC 35319 (1) AoC->Howl 86 (3) Howl->Full 0 (0) Inline->AoC 420 (0) AoC->BitMap 38 (1) BitMap->Full 0 (0) 
[2025-10-15T05:47:28.068-0700][1246 ][debug][gc,remset   ] GC(321) Coarsening (all): Inline->AoC 9565858 (319) AoC->Howl 214390 (848) Howl->Full 0 (0) Inline->AoC 856587 (264) AoC->BitMap 226783 (706) BitMap->Full 7 (0) 
[2025-10-15T05:47:28.068-0700][1246 ][info ][gc,heap     ] GC(321) Eden regions: 2229->0(3274)
[2025-10-15T05:47:28.068-0700][1246 ][info ][gc,heap     ] GC(321) Survivor regions: 273->182(313)
[2025-10-15T05:47:28.068-0700][1246 ][info ][gc,heap     ] GC(321) Old regions: 968->1092
[2025-10-15T05:47:28.068-0700][1246 ][info ][gc,heap     ] GC(321) Humongous regions: 10->0
[2025-10-15T05:47:28.068-0700][1246 ][info ][gc,metaspace] GC(321) Metaspace: 319133K(325568K)->319133K(325568K) NonClass: 281923K(285376K)->281923K(285376K) Class: 37209K(40192K)->37209K(40192K)
[2025-10-15T05:47:28.068-0700][1246 ][info ][gc          ] GC(321) Pause Young (Normal) (G1 Evacuation Pause) 111324M->40768M(184320M) 189.925ms
[2025-10-15T05:47:28.070-0700][1246 ][info ][gc,cpu      ] GC(321) User=19.11s Sys=0.24s Real=0.19s
[2025-10-15T05:47:28.071-0700][1246 ][info ][safepoint   ] Safepoint "G1CollectForAllocation", Time since last: 1578122479 ns, Reaching safepoint: 1001039 ns, Cleanup: 6349 ns, At safepoint: 193598767 ns, Total: 194606155 ns
[2025-10-15T05:47:28.397-0700][1246 ][info ][gc,start    ] GC(322) Pause Young (Concurrent Start) (G1 Humongous Allocation)
[2025-10-15T05:47:28.397-0700][1246 ][info ][gc,task     ] GC(322) Using 113 workers of 113 for evacuation
[2025-10-15T05:47:28.407-0700][1246 ][debug][gc,remset   ] GC(322) Visited cards 8332800 Total dirty 67895296 (12.27%) Total old 112852992 (7.38%)
[2025-10-15T05:47:28.508-0700][1246 ][info ][gc,phases   ] GC(322)   Pre Evacuate Collection Set: 0.9ms
[2025-10-15T05:47:28.508-0700][1246 ][info ][gc,phases   ] GC(322)   Merge Heap Roots: 8.9ms
[2025-10-15T05:47:28.508-0700][1246 ][info ][gc,phases   ] GC(322)   Evacuate Collection Set: 93.4ms
[2025-10-15T05:47:28.508-0700][1246 ][info ][gc,phases   ] GC(322)   Post Evacuate Collection Set: 7.6ms
[2025-10-15T05:47:28.508-0700][1246 ][info ][gc,phases   ] GC(322)   Other: 0.1ms
[2025-10-15T05:47:28.508-0700][1246 ][debug][gc,remset   ] GC(322) Coarsening (recent): Inline->AoC 13 (0) AoC->Howl 0 (0) Howl->Full 0 (0) Inline->AoC 0 (0) AoC->BitMap 0 (0) BitMap->Full 0 (0) 
[2025-10-15T05:47:28.508-0700][1246 ][debug][gc,remset   ] GC(322) Coarsening (all): Inline->AoC 9565871 (319) AoC->Howl 214390 (848) Howl->Full 0 (0) Inline->AoC 856587 (264) AoC->BitMap 226783 (706) BitMap->Full 7 (0) 
[2025-10-15T05:47:28.508-0700][1246 ][info ][gc,heap     ] GC(322) Eden regions: 133->0(2806)
[2025-10-15T05:47:28.508-0700][1246 ][info ][gc,heap     ] GC(322) Survivor regions: 182->179(432)
[2025-10-15T05:47:28.508-0700][1246 ][info ][gc,heap     ] GC(322) Old regions: 1092->1092
[2025-10-15T05:47:28.508-0700][1246 ][info ][gc,heap     ] GC(322) Humongous regions: 0->0
[2025-10-15T05:47:28.508-0700][1246 ][info ][gc,metaspace] GC(322) Metaspace: 319133K(325568K)->319133K(325568K) NonClass: 281923K(285376K)->281923K(285376K) Class: 37209K(40192K)->37209K(40192K)
[2025-10-15T05:47:28.508-0700][1246 ][info ][gc          ] GC(322) Pause Young (Concurrent Start) (G1 Humongous Allocation) 45016M->40656M(184320M) 111.050ms
[2025-10-15T05:47:28.508-0700][1085 ][info ][gc          ] GC(323) Concurrent Mark Cycle
[2025-10-15T05:47:28.508-0700][1085 ][info ][gc,marking  ] GC(323) Concurrent Scan Root Regions
[2025-10-15T05:47:28.509-0700][1246 ][info ][gc,cpu      ] GC(322) User=10.90s Sys=0.07s Real=0.12s
[2025-10-15T05:47:28.511-0700][1246 ][info ][safepoint   ] Safepoint "G1TryInitiateConcMark", Time since last: 323877442 ns, Reaching safepoint: 787366 ns, Cleanup: 12079 ns, At safepoint: 115254322 ns, Total: 116053767 ns
[2025-10-15T05:47:28.561-0700][1085 ][info ][gc,marking  ] GC(323) Concurrent Scan Root Regions 53.096ms
[2025-10-15T05:47:28.561-0700][1085 ][info ][gc,marking  ] GC(323) Concurrent Mark
[2025-10-15T05:47:28.561-0700][1085 ][info ][gc,marking  ] GC(323) Concurrent Mark From Roots
[2025-10-15T05:47:28.561-0700][1085 ][info ][gc,task     ] GC(323) Using 36 workers of 36 for marking
[2025-10-15T05:47:28.805-0700][1085 ][info ][gc,marking  ] GC(323) Concurrent Mark From Roots 243.345ms
[2025-10-15T05:47:28.805-0700][1085 ][info ][gc,marking  ] GC(323) Concurrent Preclean
[2025-10-15T05:47:28.818-0700][1085 ][info ][gc,marking  ] GC(323) Concurrent Preclean 13.755ms
[2025-10-15T05:47:28.820-0700][1246 ][info ][gc,start    ] GC(323) Pause Remark
[2025-10-15T05:47:28.963-0700][1246 ][info ][gc          ] GC(323) Pause Remark 42948M->42788M(184320M) 142.890ms
[2025-10-15T05:47:28.964-0700][1246 ][info ][gc,cpu      ] GC(323) User=12.54s Sys=0.13s Real=0.14s
[2025-10-15T05:47:28.966-0700][1246 ][info ][safepoint   ] Safepoint "G1PauseRemark", Time since last: 307652258 ns, Reaching safepoint: 736851 ns, Cleanup: 4036 ns, At safepoint: 146585221 ns, Total: 147326108 ns
[2025-10-15T05:47:28.966-0700][1085 ][info ][gc,marking  ] GC(323) Concurrent Mark 404.854ms
[2025-10-15T05:47:28.966-0700][1085 ][info ][gc,marking  ] GC(323) Concurrent Rebuild Remembered Sets and Scrub Regions
[2025-10-15T05:47:29.422-0700][1085 ][info ][gc,marking  ] GC(323) Concurrent Rebuild Remembered Sets and Scrub Regions 455.814ms
[2025-10-15T05:47:29.424-0700][1246 ][info ][gc,start    ] GC(323) Pause Cleanup
[2025-10-15T05:47:29.426-0700][1246 ][info ][gc          ] GC(323) Pause Cleanup 47944M->47944M(184320M) 2.284ms
[2025-10-15T05:47:29.427-0700][1246 ][info ][gc,cpu      ] GC(323) User=0.01s Sys=0.00s Real=0.00s
[2025-10-15T05:47:29.427-0700][1246 ][info ][safepoint   ] Safepoint "G1PauseCleanup", Time since last: 456233018 ns, Reaching safepoint: 770041 ns, Cleanup: 13800 ns, At safepoint: 4646603 ns, Total: 5430444 ns
[2025-10-15T05:47:29.428-0700][1085 ][info ][gc,marking  ] GC(323) Concurrent Clear Claimed Marks
[2025-10-15T05:47:29.428-0700][1085 ][info ][gc,marking  ] GC(323) Concurrent Clear Claimed Marks 0.874ms
[2025-10-15T05:47:29.428-0700][1085 ][info ][gc,marking  ] GC(323) Concurrent Cleanup for Next Mark
[2025-10-15T05:47:29.455-0700][1085 ][info ][gc,marking  ] GC(323) Concurrent Cleanup for Next Mark 26.746ms
[2025-10-15T05:47:29.455-0700][1085 ][info ][gc          ] GC(323) Concurrent Mark Cycle 947.099ms
[2025-10-15T05:47:30.428-0700][1246 ][info ][safepoint   ] Safepoint "Cleanup", Time since last: 1000078158 ns, Reaching safepoint: 793566 ns, Cleanup: 13861 ns, At safepoint: 109805 ns, Total: 917232 ns
[2025-10-15T05:47:32.430-0700][1246 ][info ][safepoint   ] Safepoint "Cleanup", Time since last: 2000161072 ns, Reaching safepoint: 913176 ns, Cleanup: 30706 ns, At safepoint: 251179 ns, Total: 1195061 ns
[2025-10-15T05:47:36.431-0700][1246 ][info ][safepoint   ] Safepoint "Cleanup", Time since last: 4000301572 ns, Reaching safepoint: 911374 ns, Cleanup: 11257 ns, At safepoint: 296747 ns, Total: 1219378 ns
[2025-10-15T05:47:40.032-0700][1246 ][info ][gc,start    ] GC(324) Pause Young (Prepare Mixed) (G1 Evacuation Pause)
[2025-10-15T05:47:40.032-0700][1246 ][info ][gc,task     ] GC(324) Using 113 workers of 113 for evacuation
[2025-10-15T05:47:40.047-0700][1246 ][debug][gc,remset   ] GC(324) Visited cards 9013248 Total dirty 68222976 (13.21%) Total old 435486720 (2.07%)
[2025-10-15T05:47:40.182-0700][1246 ][info ][gc,phases   ] GC(324)   Pre Evacuate Collection Set: 0.8ms
[2025-10-15T05:47:40.182-0700][1246 ][info ][gc,phases   ] GC(324)   Merge Heap Roots: 13.9ms
[2025-10-15T05:47:40.182-0700][1246 ][info ][gc,phases   ] GC(324)   Evacuate Collection Set: 122.1ms
[2025-10-15T05:47:40.182-0700][1246 ][info ][gc,phases   ] GC(324)   Post Evacuate Collection Set: 12.3ms
[2025-10-15T05:47:40.182-0700][1246 ][info ][gc,phases   ] GC(324)   Other: 0.2ms
[2025-10-15T05:47:40.182-0700][1246 ][debug][gc,remset   ] GC(324) Coarsening (recent): Inline->AoC 151586 (0) AoC->Howl 9871 (0) Howl->Full 0 (0) Inline->AoC 39904 (0) AoC->BitMap 11609 (0) BitMap->Full 0 (0) 
[2025-10-15T05:47:40.182-0700][1246 ][debug][gc,remset   ] GC(324) Coarsening (all): Inline->AoC 9717457 (319) AoC->Howl 224261 (848) Howl->Full 0 (0) Inline->AoC 896491 (264) AoC->BitMap 238392 (706) BitMap->Full 7 (0) 
[2025-10-15T05:47:40.182-0700][1246 ][info ][gc,heap     ] GC(324) Eden regions: 2595->0(2728)
[2025-10-15T05:47:40.182-0700][1246 ][info ][gc,heap     ] GC(324) Survivor regions: 179->190(347)
[2025-10-15T05:47:40.182-0700][1246 ][info ][gc,heap     ] GC(324) Old regions: 1087->1087
[2025-10-15T05:47:40.182-0700][1246 ][info ][gc,heap     ] GC(324) Humongous regions: 10->0
[2025-10-15T05:47:40.182-0700][1246 ][info ][gc,metaspace] GC(324) Metaspace: 319124K(325568K)->319124K(325568K) NonClass: 281921K(285376K)->281921K(285376K) Class: 37203K(40192K)->37203K(40192K)
[2025-10-15T05:47:40.182-0700][1246 ][info ][gc          ] GC(324) Pause Young (Prepare Mixed) (G1 Evacuation Pause) 123855M->40864M(184320M) 149.506ms
[2025-10-15T05:47:40.183-0700][1246 ][info ][gc,cpu      ] GC(324) User=13.40s Sys=0.11s Real=0.15s
[2025-10-15T05:47:40.184-0700][1246 ][info ][safepoint   ] Safepoint "G1CollectForAllocation", Time since last: 3598510665 ns, Reaching safepoint: 1126989 ns, Cleanup: 5007 ns, At safepoint: 153121563 ns, Total: 154253559 ns
[2025-10-15T05:47:43.185-0700][1246 ][info ][safepoint   ] Safepoint "Cleanup", Time since last: 3000176792 ns, Reaching safepoint: 730160 ns, Cleanup: 16405 ns, At safepoint: 166721 ns, Total: 913286 ns
[2025-10-15T05:47:47.187-0700][1246 ][info ][safepoint   ] Safepoint "Cleanup", Time since last: 4000308620 ns, Reaching safepoint: 829791 ns, Cleanup: 14251 ns, At safepoint: 181404 ns, Total: 1025446 ns
[2025-10-15T05:47:49.188-0700][1246 ][info ][safepoint   ] Safepoint "Cleanup", Time since last: 2000172948 ns, Reaching safepoint: 1060668 ns, Cleanup: 21332 ns, At safepoint: 361495 ns, Total: 1443495 ns
[2025-10-15T05:47:50.189-0700][1246 ][info ][safepoint   ] Safepoint "Cleanup", Time since last: 1000117796 ns, Reaching safepoint: 801789 ns, Cleanup: 23495 ns, At safepoint: 184869 ns, Total: 1010153 ns
[2025-10-15T05:47:52.191-0700][1246 ][info ][safepoint   ] Safepoint "Cleanup", Time since last: 2000163413 ns, Reaching safepoint: 941579 ns, Cleanup: 15073 ns, At safepoint: 262426 ns, Total: 1219078 ns
[2025-10-15T05:47:52.774-0700][1246 ][info ][gc,start    ] GC(325) Pause Young (Mixed) (G1 Evacuation Pause)
[2025-10-15T05:47:52.774-0700][1246 ][info ][gc,task     ] GC(325) Using 113 workers of 113 for evacuation
[2025-10-15T05:47:52.789-0700][1246 ][debug][gc,remset   ] GC(325) Visited cards 8945664 Total dirty 64880640 (13.79%) Total old 527106048 (1.70%)
[2025-10-15T05:47:52.936-0700][1246 ][info ][gc,phases   ] GC(325)   Pre Evacuate Collection Set: 0.7ms
[2025-10-15T05:47:52.936-0700][1246 ][info ][gc,phases   ] GC(325)   Merge Heap Roots: 13.9ms
[2025-10-15T05:47:52.936-0700][1246 ][info ][gc,phases   ] GC(325)   Evacuate Collection Set: 133.3ms
[2025-10-15T05:47:52.936-0700][1246 ][info ][gc,phases   ] GC(325)   Post Evacuate Collection Set: 13.7ms
[2025-10-15T05:47:52.936-0700][1246 ][info ][gc,phases   ] GC(325)   Other: 0.2ms
[2025-10-15T05:47:52.936-0700][1246 ][debug][gc,remset   ] GC(325) Coarsening (recent): Inline->AoC 21440 (0) AoC->Howl 86 (0) Howl->Full 0 (0) Inline->AoC 508 (0) AoC->BitMap 8 (0) BitMap->Full 0 (0) 
[2025-10-15T05:47:52.936-0700][1246 ][debug][gc,remset   ] GC(325) Coarsening (all): Inline->AoC 9738897 (319) AoC->Howl 224347 (848) Howl->Full 0 (0) Inline->AoC 896999 (264) AoC->BitMap 238400 (706) BitMap->Full 7 (0) 
[2025-10-15T05:47:52.936-0700][1246 ][info ][gc,heap     ] GC(325) Eden regions: 3256->0(1899)
[2025-10-15T05:47:52.936-0700][1246 ][info ][gc,heap     ] GC(325) Survivor regions: 190->239(431)
[2025-10-15T05:47:52.936-0700][1246 ][info ][gc,heap     ] GC(325) Old regions: 1087->1034
[2025-10-15T05:47:52.936-0700][1246 ][info ][gc,heap     ] GC(325) Humongous regions: 9->0
[2025-10-15T05:47:52.936-0700][1246 ][info ][gc,metaspace] GC(325) Metaspace: 319203K(325632K)->319203K(325632K) NonClass: 281990K(285440K)->281990K(285440K) Class: 37212K(40192K)->37212K(40192K)
[2025-10-15T05:47:52.936-0700][1246 ][info ][gc          ] GC(325) Pause Young (Mixed) (G1 Evacuation Pause) 145344M->40706M(184320M) 161.937ms
[2025-10-15T05:47:52.937-0700][1246 ][info ][gc,cpu      ] GC(325) User=16.23s Sys=0.14s Real=0.16s
[2025-10-15T05:47:52.938-0700][1246 ][info ][safepoint   ] Safepoint "G1CollectForAllocation", Time since last: 580678952 ns, Reaching safepoint: 1287530 ns, Cleanup: 10336 ns, At safepoint: 165476693 ns, Total: 166774559 ns
[2025-10-15T05:47:53.939-0700][1246 ][info ][safepoint   ] Safepoint "Cleanup", Time since last: 1000078156 ns, Reaching safepoint: 872335 ns, Cleanup: 10325 ns, At safepoint: 131038 ns, Total: 1013698 ns
[2025-10-15T05:48:00.941-0700][1246 ][info ][safepoint   ] Safepoint "Cleanup", Time since last: 7000466063 ns, Reaching safepoint: 790982 ns, Cleanup: 10656 ns, At safepoint: 147883 ns, Total: 949521 ns
[2025-10-15T05:48:02.897-0700][1246 ][info ][safepoint   ] Safepoint "Cleanup", Time since last: 1955335352 ns, Reaching safepoint: 949682 ns, Cleanup: 29284 ns, At safepoint: 189966 ns, Total: 1168932 ns
[2025-10-15T05:48:04.873-0700][1246 ][info ][gc,start    ] GC(326) Pause Young (Mixed) (G1 Evacuation Pause)
[2025-10-15T05:48:04.874-0700][1246 ][info ][gc,task     ] GC(326) Using 113 workers of 113 for evacuation
[2025-10-15T05:48:04.887-0700][1246 ][debug][gc,remset   ] GC(326) Visited cards 9129472 Total dirty 62062592 (14.71%) Total old 424083456 (2.15%)
[2025-10-15T05:48:05.046-0700][1246 ][info ][gc,phases   ] GC(326)   Pre Evacuate Collection Set: 0.7ms
[2025-10-15T05:48:05.046-0700][1246 ][info ][gc,phases   ] GC(326)   Merge Heap Roots: 12.9ms
[2025-10-15T05:48:05.046-0700][1246 ][info ][gc,phases   ] GC(326)   Evacuate Collection Set: 144.3ms
[2025-10-15T05:48:05.046-0700][1246 ][info ][gc,phases   ] GC(326)   Post Evacuate Collection Set: 14.5ms
[2025-10-15T05:48:05.046-0700][1246 ][info ][gc,phases   ] GC(326)   Other: 0.2ms
[2025-10-15T05:48:05.046-0700][1246 ][debug][gc,remset   ] GC(326) Coarsening (recent): Inline->AoC 17958 (0) AoC->Howl 109 (0) Howl->Full 0 (0) Inline->AoC 550 (0) AoC->BitMap 17 (0) BitMap->Full 0 (0) 
[2025-10-15T05:48:05.046-0700][1246 ][debug][gc,remset   ] GC(326) Coarsening (all): Inline->AoC 9756855 (319) AoC->Howl 224456 (848) Howl->Full 0 (0) Inline->AoC 897549 (264) AoC->BitMap 238417 (706) BitMap->Full 7 (0) 
[2025-10-15T05:48:05.046-0700][1246 ][info ][gc,heap     ] GC(326) Eden regions: 2446->0(3275)
[2025-10-15T05:48:05.046-0700][1246 ][info ][gc,heap     ] GC(326) Survivor regions: 239->181(336)
[2025-10-15T05:48:05.046-0700][1246 ][info ][gc,heap     ] GC(326) Old regions: 1034->1050
[2025-10-15T05:48:05.046-0700][1246 ][info ][gc,heap     ] GC(326) Humongous regions: 12->0
[2025-10-15T05:48:05.046-0700][1246 ][info ][gc,metaspace] GC(326) Metaspace: 319351K(325760K)->319351K(325760K) NonClass: 282119K(285568K)->282119K(285568K) Class: 37232K(40192K)->37232K(40192K)
[2025-10-15T05:48:05.046-0700][1246 ][info ][gc          ] GC(326) Pause Young (Mixed) (G1 Evacuation Pause) 119362M->39365M(184320M) 172.842ms
[2025-10-15T05:48:05.048-0700][1246 ][info ][gc,cpu      ] GC(326) User=16.69s Sys=0.13s Real=0.17s
[2025-10-15T05:48:05.049-0700][1246 ][info ][safepoint   ] Safepoint "G1CollectForAllocation", Time since last: 1974301577 ns, Reaching safepoint: 902760 ns, Cleanup: 10737 ns, At safepoint: 176335708 ns, Total: 177249205 ns
[2025-10-15T05:48:06.050-0700][1246 ][info ][safepoint   ] Safepoint "Cleanup", Time since last: 1000080080 ns, Reaching safepoint: 842509 ns, Cleanup: 18679 ns, At safepoint: 207222 ns, Total: 1068410 ns
[2025-10-15T05:48:08.051-0700][1246 ][info ][safepoint   ] Safepoint "Cleanup", Time since last: 2000163083 ns, Reaching safepoint: 717632 ns, Cleanup: 20220 ns, At safepoint: 83506 ns, Total: 821358 ns
[2025-10-15T05:48:10.052-0700][1246 ][info ][safepoint   ] Safepoint "Cleanup", Time since last: 2000161451 ns, Reaching safepoint: 818794 ns, Cleanup: 27751 ns, At safepoint: 170828 ns, Total: 1017373 ns
[2025-10-15T05:48:11.054-0700][1246 ][info ][safepoint   ] Safepoint "Cleanup", Time since last: 1000114681 ns, Reaching safepoint: 1621154 ns, Cleanup: 11317 ns, At safepoint: 489568 ns, Total: 2122039 ns
[2025-10-15T05:48:13.056-0700][1246 ][info ][safepoint   ] Safepoint "Cleanup", Time since last: 2000170083 ns, Reaching safepoint: 934198 ns, Cleanup: 18668 ns, At safepoint: 459453 ns, Total: 1412319 ns
[2025-10-15T05:48:16.057-0700][1246 ][info ][safepoint   ] Safepoint "Cleanup", Time since last: 3000225405 ns, Reaching safepoint: 903382 ns, Cleanup: 11177 ns, At safepoint: 191939 ns, Total: 1106498 ns
[2025-10-15T05:48:19.058-0700][1246 ][info ][safepoint   ] Safepoint "Cleanup", Time since last: 3000213147 ns, Reaching safepoint: 759996 ns, Cleanup: 10666 ns, At safepoint: 167933 ns, Total: 938595 ns
[2025-10-15T05:48:20.059-0700][1246 ][info ][safepoint   ] Safepoint "Cleanup", Time since last: 1000096734 ns, Reaching safepoint: 863902 ns, Cleanup: 14252 ns, At safepoint: 191739 ns, Total: 1069893 ns
[2025-10-15T05:48:21.230-0700][1246 ][info ][gc,start    ] GC(327) Pause Young (Mixed) (G1 Evacuation Pause)
[2025-10-15T05:48:21.230-0700][1246 ][info ][gc,task     ] GC(327) Using 113 workers of 113 for evacuation
[2025-10-15T05:48:21.244-0700][1246 ][debug][gc,remset   ] GC(327) Visited cards 10141440 Total dirty 62390272 (16.25%) Total old 527171584 (1.92%)
[2025-10-15T05:48:21.386-0700][1246 ][debug][gc,remset   ] GC(327) Visited cards 737536 Total dirty 44761088 (1.65%) Total old 544210944 (0.14%)
[2025-10-15T05:48:21.406-0700][1246 ][info ][gc,phases   ] GC(327)   Pre Evacuate Collection Set: 0.7ms
[2025-10-15T05:48:21.406-0700][1246 ][info ][gc,phases   ] GC(327)   Merge Heap Roots: 12.8ms
[2025-10-15T05:48:21.407-0700][1246 ][info ][gc,phases   ] GC(327)   Evacuate Collection Set: 140.8ms
[2025-10-15T05:48:21.407-0700][1246 ][info ][gc,phases   ] GC(327)   Merge Optional Heap Roots: 0.9ms
[2025-10-15T05:48:21.407-0700][1246 ][info ][gc,phases   ] GC(327)   Evacuate Optional Collection Set: 6.1ms
[2025-10-15T05:48:21.407-0700][1246 ][info ][gc,phases   ] GC(327)   Post Evacuate Collection Set: 14.7ms
[2025-10-15T05:48:21.407-0700][1246 ][info ][gc,phases   ] GC(327)   Other: 0.2ms
[2025-10-15T05:48:21.407-0700][1246 ][debug][gc,remset   ] GC(327) Coarsening (recent): Inline->AoC 24582 (0) AoC->Howl 351 (0) Howl->Full 0 (0) Inline->AoC 1444 (0) AoC->BitMap 176 (0) BitMap->Full 0 (0) 
[2025-10-15T05:48:21.407-0700][1246 ][debug][gc,remset   ] GC(327) Coarsening (all): Inline->AoC 9781437 (319) AoC->Howl 224807 (848) Howl->Full 0 (0) Inline->AoC 898993 (264) AoC->BitMap 238593 (706) BitMap->Full 7 (0) 
[2025-10-15T05:48:21.407-0700][1246 ][info ][gc,heap     ] GC(327) Eden regions: 3275->0(2213)
[2025-10-15T05:48:21.407-0700][1246 ][info ][gc,heap     ] GC(327) Survivor regions: 181->236(432)
[2025-10-15T05:48:21.407-0700][1246 ][info ][gc,heap     ] GC(327) Old regions: 1050->976
[2025-10-15T05:48:21.407-0700][1246 ][info ][gc,heap     ] GC(327) Humongous regions: 11->0
[2025-10-15T05:48:21.407-0700][1246 ][info ][gc,metaspace] GC(327) Metaspace: 319376K(325824K)->319376K(325824K) NonClass: 282141K(285632K)->282141K(285632K) Class: 37235K(40192K)->37235K(40192K)
[2025-10-15T05:48:21.407-0700][1246 ][info ][gc          ] GC(327) Pause Young (Mixed) (G1 Evacuation Pause) 144517M->38760M(184320M) 176.464ms
[2025-10-15T05:48:21.408-0700][1246 ][info ][gc,cpu      ] GC(327) User=16.63s Sys=0.26s Real=0.17s
[2025-10-15T05:48:21.409-0700][1246 ][info ][safepoint   ] Safepoint "G1CollectForAllocation", Time since last: 1168571145 ns, Reaching safepoint: 905735 ns, Cleanup: 4697 ns, At safepoint: 179948995 ns, Total: 180859427 ns
[2025-10-15T05:48:23.254-0700][1246 ][info ][safepoint   ] Safepoint "Cleanup", Time since last: 1833846304 ns, Reaching safepoint: 10873027 ns, Cleanup: 18037 ns, At safepoint: 573274 ns, Total: 11464338 ns
[2025-10-15T05:48:24.256-0700][1246 ][info ][safepoint   ] Safepoint "Cleanup", Time since last: 1000106699 ns, Reaching safepoint: 921990 ns, Cleanup: 10506 ns, At safepoint: 500384 ns, Total: 1432880 ns
[2025-10-15T05:48:25.258-0700][1246 ][info ][safepoint   ] Safepoint "Cleanup", Time since last: 1000110876 ns, Reaching safepoint: 1546590 ns, Cleanup: 10206 ns, At safepoint: 408015 ns, Total: 1964811 ns
[2025-10-15T05:48:26.259-0700][1246 ][info ][safepoint   ] Safepoint "Cleanup", Time since last: 1000110625 ns, Reaching safepoint: 922811 ns, Cleanup: 14362 ns, At safepoint: 308304 ns, Total: 1245477 ns
[2025-10-15T05:48:27.261-0700][1246 ][info ][safepoint   ] Safepoint "Cleanup", Time since last: 1000059128 ns, Reaching safepoint: 1178005 ns, Cleanup: 24978 ns, At safepoint: 741608 ns, Total: 1944591 ns
[2025-10-15T05:48:32.263-0700][1246 ][info ][safepoint   ] Safepoint "Cleanup", Time since last: 5000361137 ns, Reaching safepoint: 828889 ns, Cleanup: 17186 ns, At safepoint: 171479 ns, Total: 1017554 ns
[2025-10-15T05:48:32.634-0700][1246 ][info ][gc,start    ] GC(328) Pause Young (Mixed) (G1 Evacuation Pause)
[2025-10-15T05:48:32.634-0700][1246 ][info ][gc,task     ] GC(328) Using 113 workers of 113 for evacuation
[2025-10-15T05:48:32.648-0700][1246 ][debug][gc,remset   ] GC(328) Visited cards 10171392 Total dirty 58589184 (17.36%) Total old 430440448 (2.36%)
[2025-10-15T05:48:32.815-0700][1246 ][info ][gc,phases   ] GC(328)   Pre Evacuate Collection Set: 0.8ms
[2025-10-15T05:48:32.815-0700][1246 ][info ][gc,phases   ] GC(328)   Merge Heap Roots: 12.6ms
[2025-10-15T05:48:32.815-0700][1246 ][info ][gc,phases   ] GC(328)   Evacuate Collection Set: 152.2ms
[2025-10-15T05:48:32.815-0700][1246 ][info ][gc,phases   ] GC(328)   Post Evacuate Collection Set: 14.7ms
[2025-10-15T05:48:32.815-0700][1246 ][info ][gc,phases   ] GC(328)   Other: 0.2ms
[2025-10-15T05:48:32.815-0700][1246 ][debug][gc,remset   ] GC(328) Coarsening (recent): Inline->AoC 35838 (0) AoC->Howl 197 (1) Howl->Full 0 (0) Inline->AoC 875 (0) AoC->BitMap 77 (0) BitMap->Full 0 (0) 
[2025-10-15T05:48:32.815-0700][1246 ][debug][gc,remset   ] GC(328) Coarsening (all): Inline->AoC 9817275 (319) AoC->Howl 225004 (849) Howl->Full 0 (0) Inline->AoC 899868 (264) AoC->BitMap 238670 (706) BitMap->Full 7 (0) 
[2025-10-15T05:48:32.815-0700][1246 ][info ][gc,heap     ] GC(328) Eden regions: 2528->0(2552)
[2025-10-15T05:48:32.815-0700][1246 ][info ][gc,heap     ] GC(328) Survivor regions: 236->220(346)
[2025-10-15T05:48:32.815-0700][1246 ][info ][gc,heap     ] GC(328) Old regions: 976->981
[2025-10-15T05:48:32.815-0700][1246 ][info ][gc,heap     ] GC(328) Humongous regions: 9->0
[2025-10-15T05:48:32.815-0700][1246 ][info ][gc,metaspace] GC(328) Metaspace: 319462K(325888K)->319462K(325888K) NonClass: 282217K(285696K)->282217K(285696K) Class: 37245K(40192K)->37245K(40192K)
[2025-10-15T05:48:32.815-0700][1246 ][info ][gc          ] GC(328) Pause Young (Mixed) (G1 Evacuation Pause) 119944M->38392M(184320M) 180.624ms
[2025-10-15T05:48:32.816-0700][1246 ][info ][gc,cpu      ] GC(328) User=18.48s Sys=0.22s Real=0.18s
[2025-10-15T05:48:32.817-0700][1246 ][info ][safepoint   ] Safepoint "G1CollectForAllocation", Time since last: 369496355 ns, Reaching safepoint: 818984 ns, Cleanup: 17927 ns, At safepoint: 184121393 ns, Total: 184958304 ns
[2025-10-15T05:48:33.819-0700][1246 ][info ][safepoint   ] Safepoint "Cleanup", Time since last: 1000081231 ns, Reaching safepoint: 1107509 ns, Cleanup: 100662 ns, At safepoint: 263897 ns, Total: 1472068 ns
[2025-10-15T05:48:34.820-0700][1246 ][info ][safepoint   ] Safepoint "Cleanup", Time since last: 1000103305 ns, Reaching safepoint: 901148 ns, Cleanup: 23015 ns, At safepoint: 690841 ns, Total: 1615004 ns
[2025-10-15T05:48:35.822-0700][1246 ][info ][safepoint   ] Safepoint "Cleanup", Time since last: 1000112979 ns, Reaching safepoint: 951263 ns, Cleanup: 19390 ns, At safepoint: 722148 ns, Total: 1692801 ns
[2025-10-15T05:48:36.824-0700][1246 ][info ][safepoint   ] Safepoint "Cleanup", Time since last: 1000107601 ns, Reaching safepoint: 926156 ns, Cleanup: 24497 ns, At safepoint: 910011 ns, Total: 1860664 ns
[2025-10-15T05:48:37.826-0700][1246 ][info ][safepoint   ] Safepoint "Cleanup", Time since last: 1000059839 ns, Reaching safepoint: 905495 ns, Cleanup: 14471 ns, At safepoint: 1015911 ns, Total: 1935877 ns
[2025-10-15T05:48:38.828-0700][1246 ][info ][safepoint   ] Safepoint "Cleanup", Time since last: 1000127752 ns, Reaching safepoint: 934879 ns, Cleanup: 11487 ns, At safepoint: 1220499 ns, Total: 2166865 ns
[2025-10-15T05:48:39.831-0700][1246 ][info ][safepoint   ] Safepoint "Cleanup", Time since last: 1000111337 ns, Reaching safepoint: 973918 ns, Cleanup: 13861 ns, At safepoint: 1396374 ns, Total: 2384153 ns
[2025-10-15T05:48:40.843-0700][1246 ][info ][safepoint   ] Safepoint "Cleanup", Time since last: 1000106830 ns, Reaching safepoint: 9379646 ns, Cleanup: 27051 ns, At safepoint: 2384684 ns, Total: 11791381 ns
[2025-10-15T05:48:41.845-0700][1246 ][info ][safepoint   ] Safepoint "Cleanup", Time since last: 1000120820 ns, Reaching safepoint: 759655 ns, Cleanup: 12129 ns, At safepoint: 1269092 ns, Total: 2040876 ns
[2025-10-15T05:48:41.946-0700][1246 ][info ][gc,start    ] GC(329) Pause Young (Mixed) (G1 Evacuation Pause)
[2025-10-15T05:48:41.946-0700][1246 ][info ][gc,task     ] GC(329) Using 113 workers of 113 for evacuation
[2025-10-15T05:48:41.959-0700][1246 ][debug][gc,remset   ] GC(329) Visited cards 10494720 Total dirty 58916864 (17.81%) Total old 443744256 (2.37%)
[2025-10-15T05:48:42.121-0700][1246 ][info ][gc,phases   ] GC(329)   Pre Evacuate Collection Set: 0.7ms
[2025-10-15T05:48:42.121-0700][1246 ][info ][gc,phases   ] GC(329)   Merge Heap Roots: 12.9ms
[2025-10-15T05:48:42.121-0700][1246 ][info ][gc,phases   ] GC(329)   Evacuate Collection Set: 148.3ms
[2025-10-15T05:48:42.121-0700][1246 ][info ][gc,phases   ] GC(329)   Post Evacuate Collection Set: 13.0ms
[2025-10-15T05:48:42.121-0700][1246 ][info ][gc,phases   ] GC(329)   Other: 0.2ms
[2025-10-15T05:48:42.121-0700][1246 ][debug][gc,remset   ] GC(329) Coarsening (recent): Inline->AoC 48462 (0) AoC->Howl 337 (0) Howl->Full 0 (0) Inline->AoC 1150 (0) AoC->BitMap 204 (0) BitMap->Full 0 (0) 
[2025-10-15T05:48:42.121-0700][1246 ][debug][gc,remset   ] GC(329) Coarsening (all): Inline->AoC 9865737 (319) AoC->Howl 225341 (849) Howl->Full 0 (0) Inline->AoC 901018 (264) AoC->BitMap 238874 (706) BitMap->Full 7 (0) 
[2025-10-15T05:48:42.121-0700][1246 ][info ][gc,heap     ] GC(329) Eden regions: 2644->0(2564)
[2025-10-15T05:48:42.121-0700][1246 ][info ][gc,heap     ] GC(329) Survivor regions: 220->220(358)
[2025-10-15T05:48:42.121-0700][1246 ][info ][gc,heap     ] GC(329) Old regions: 981->975
[2025-10-15T05:48:42.121-0700][1246 ][info ][gc,heap     ] GC(329) Humongous regions: 7->0
[2025-10-15T05:48:42.121-0700][1246 ][info ][gc,metaspace] GC(329) Metaspace: 319497K(325888K)->319497K(325888K) NonClass: 282249K(285696K)->282249K(285696K) Class: 37247K(40192K)->37247K(40192K)
[2025-10-15T05:48:42.121-0700][1246 ][info ][gc          ] GC(329) Pause Young (Mixed) (G1 Evacuation Pause) 123224M->38205M(184320M) 175.327ms
[2025-10-15T05:48:42.122-0700][1246 ][info ][gc,cpu      ] GC(329) User=17.63s Sys=0.32s Real=0.18s
[2025-10-15T05:48:42.123-0700][1246 ][info ][safepoint   ] Safepoint "G1CollectForAllocation", Time since last: 98706863 ns, Reaching safepoint: 869891 ns, Cleanup: 4918 ns, At safepoint: 178873804 ns, Total: 179748613 ns
[2025-10-15T05:48:43.124-0700][1246 ][info ][safepoint   ] Safepoint "Cleanup", Time since last: 1000077866 ns, Reaching safepoint: 861238 ns, Cleanup: 9985 ns, At safepoint: 132239 ns, Total: 1003462 ns
[2025-10-15T05:48:44.126-0700][1246 ][info ][safepoint   ] Safepoint "Cleanup", Time since last: 1000101151 ns, Reaching safepoint: 749119 ns, Cleanup: 9274 ns, At safepoint: 264779 ns, Total: 1023172 ns
[2025-10-15T05:48:46.128-0700][1246 ][info ][safepoint   ] Safepoint "Cleanup", Time since last: 2000168102 ns, Reaching safepoint: 1395273 ns, Cleanup: 17166 ns, At safepoint: 828348 ns, Total: 2240787 ns
[2025-10-15T05:48:47.130-0700][1246 ][info ][safepoint   ] Safepoint "Cleanup", Time since last: 1000118909 ns, Reaching safepoint: 1033567 ns, Cleanup: 11458 ns, At safepoint: 1059206 ns, Total: 2104231 ns
[2025-10-15T05:48:52.467-0700][1246 ][info ][gc,start    ] GC(330) Pause Young (Mixed) (G1 Evacuation Pause)
[2025-10-15T05:48:52.467-0700][1246 ][info ][gc,task     ] GC(330) Using 113 workers of 113 for evacuation
[2025-10-15T05:48:52.481-0700][1246 ][debug][gc,remset   ] GC(330) Visited cards 11285248 Total dirty 59179008 (19.07%) Total old 455802880 (2.48%)
[2025-10-15T05:48:52.661-0700][1246 ][info ][gc,phases   ] GC(330)   Pre Evacuate Collection Set: 0.7ms
[2025-10-15T05:48:52.661-0700][1246 ][info ][gc,phases   ] GC(330)   Merge Heap Roots: 12.5ms
[2025-10-15T05:48:52.661-0700][1246 ][info ][gc,phases   ] GC(330)   Evacuate Collection Set: 165.4ms
[2025-10-15T05:48:52.661-0700][1246 ][info ][gc,phases   ] GC(330)   Post Evacuate Collection Set: 15.0ms
[2025-10-15T05:48:52.661-0700][1246 ][info ][gc,phases   ] GC(330)   Other: 0.2ms
[2025-10-15T05:48:52.661-0700][1246 ][debug][gc,remset   ] GC(330) Coarsening (recent): Inline->AoC 39841 (0) AoC->Howl 285 (0) Howl->Full 0 (0) Inline->AoC 936 (0) AoC->BitMap 236 (0) BitMap->Full 0 (0) 
[2025-10-15T05:48:52.661-0700][1246 ][debug][gc,remset   ] GC(330) Coarsening (all): Inline->AoC 9905578 (319) AoC->Howl 225626 (849) Howl->Full 0 (0) Inline->AoC 901954 (264) AoC->BitMap 239110 (706) BitMap->Full 7 (0) 
[2025-10-15T05:48:52.661-0700][1246 ][info ][gc,heap     ] GC(330) Eden regions: 2736->0(1769)
[2025-10-15T05:48:52.661-0700][1246 ][info ][gc,heap     ] GC(330) Survivor regions: 220->245(370)
[2025-10-15T05:48:52.661-0700][1246 ][info ][gc,heap     ] GC(330) Old regions: 975->966
[2025-10-15T05:48:52.661-0700][1246 ][info ][gc,heap     ] GC(330) Humongous regions: 13->0
[2025-10-15T05:48:52.661-0700][1246 ][info ][gc,metaspace] GC(330) Metaspace: 319505K(325888K)->319505K(325888K) NonClass: 282257K(285696K)->282257K(285696K) Class: 37247K(40192K)->37247K(40192K)
[2025-10-15T05:48:52.661-0700][1246 ][info ][gc          ] GC(330) Pause Young (Mixed) (G1 Evacuation Pause) 126173M->38706M(184320M) 193.938ms
[2025-10-15T05:48:52.662-0700][1246 ][info ][gc,cpu      ] GC(330) User=19.02s Sys=0.20s Real=0.20s
[2025-10-15T05:48:52.664-0700][1246 ][info ][safepoint   ] Safepoint "G1CollectForAllocation", Time since last: 5334824527 ns, Reaching safepoint: 1002982 ns, Cleanup: 4396 ns, At safepoint: 197505675 ns, Total: 198513053 ns
[2025-10-15T05:48:54.665-0700][1246 ][info ][safepoint   ] Safepoint "Cleanup", Time since last: 2000140330 ns, Reaching safepoint: 855149 ns, Cleanup: 42704 ns, At safepoint: 153031 ns, Total: 1050884 ns
[2025-10-15T05:48:59.032-0700][1246 ][info ][gc,start    ] GC(331) Pause Young (Mixed) (G1 Evacuation Pause)
[2025-10-15T05:48:59.032-0700][1246 ][info ][gc,task     ] GC(331) Using 113 workers of 113 for evacuation
[2025-10-15T05:48:59.044-0700][1246 ][debug][gc,remset   ] GC(331) Visited cards 12003072 Total dirty 58589184 (20.49%) Total old 369360896 (3.25%)
[2025-10-15T05:48:59.232-0700][1246 ][info ][gc,mmu      ] GC(331) MMU target violated: 200.6ms (200.0ms/201.0ms)
[2025-10-15T05:48:59.232-0700][1246 ][info ][gc,phases   ] GC(331)   Pre Evacuate Collection Set: 0.7ms
[2025-10-15T05:48:59.232-0700][1246 ][info ][gc,phases   ] GC(331)   Merge Heap Roots: 12.0ms
[2025-10-15T05:48:59.232-0700][1246 ][info ][gc,phases   ] GC(331)   Evacuate Collection Set: 176.5ms
[2025-10-15T05:48:59.232-0700][1246 ][info ][gc,phases   ] GC(331)   Post Evacuate Collection Set: 11.3ms
[2025-10-15T05:48:59.232-0700][1246 ][info ][gc,phases   ] GC(331)   Other: 0.2ms
[2025-10-15T05:48:59.232-0700][1246 ][debug][gc,remset   ] GC(331) Coarsening (recent): Inline->AoC 34160 (4) AoC->Howl 270 (28) Howl->Full 0 (0) Inline->AoC 917 (5) AoC->BitMap 172 (15) BitMap->Full 0 (0) 
[2025-10-15T05:48:59.232-0700][1246 ][debug][gc,remset   ] GC(331) Coarsening (all): Inline->AoC 9939738 (323) AoC->Howl 225896 (877) Howl->Full 0 (0) Inline->AoC 902871 (269) AoC->BitMap 239282 (721) BitMap->Full 7 (0) 
[2025-10-15T05:48:59.232-0700][1246 ][info ][gc,heap     ] GC(331) Eden regions: 2058->0(2989)
[2025-10-15T05:48:59.232-0700][1246 ][info ][gc,heap     ] GC(331) Survivor regions: 245->200(288)
[2025-10-15T05:48:59.232-0700][1246 ][info ][gc,heap     ] GC(331) Old regions: 966->1015
[2025-10-15T05:48:59.232-0700][1246 ][info ][gc,heap     ] GC(331) Humongous regions: 9->0
[2025-10-15T05:48:59.232-0700][1246 ][info ][gc,metaspace] GC(331) Metaspace: 319514K(325952K)->319514K(325952K) NonClass: 282266K(285760K)->282266K(285760K) Class: 37247K(40192K)->37247K(40192K)
[2025-10-15T05:48:59.232-0700][1246 ][info ][gc          ] GC(331) Pause Young (Mixed) (G1 Evacuation Pause) 104850M->38857M(184320M) 200.820ms
[2025-10-15T05:48:59.234-0700][1246 ][info ][gc,cpu      ] GC(331) User=19.41s Sys=0.24s Real=0.20s
[2025-10-15T05:48:59.235-0700][1246 ][info ][safepoint   ] Safepoint "G1CollectForAllocation", Time since last: 4364721076 ns, Reaching safepoint: 955670 ns, Cleanup: 6410 ns, At safepoint: 204461798 ns, Total: 205423878 ns
[2025-10-15T05:49:00.236-0700][1246 ][info ][safepoint   ] Safepoint "Cleanup", Time since last: 1000097867 ns, Reaching safepoint: 1016782 ns, Cleanup: 10496 ns, At safepoint: 407394 ns, Total: 1434672 ns
[2025-10-15T05:49:03.923-0700][1246 ][info ][safepoint   ] Safepoint "Cleanup", Time since last: 3684744309 ns, Reaching safepoint: 1245267 ns, Cleanup: 18738 ns, At safepoint: 254184 ns, Total: 1518189 ns
[2025-10-15T05:49:07.924-0700][1246 ][info ][safepoint   ] Safepoint "Cleanup", Time since last: 4000283955 ns, Reaching safepoint: 863732 ns, Cleanup: 11547 ns, At safepoint: 259401 ns, Total: 1134680 ns
[2025-10-15T05:49:09.925-0700][1246 ][info ][safepoint   ] Safepoint "Cleanup", Time since last: 2000147431 ns, Reaching safepoint: 856250 ns, Cleanup: 15634 ns, At safepoint: 224678 ns, Total: 1096562 ns
[2025-10-15T05:49:14.475-0700][1246 ][info ][gc,start    ] GC(332) Pause Young (Mixed) (G1 Evacuation Pause)
[2025-10-15T05:49:14.475-0700][1246 ][info ][gc,task     ] GC(332) Using 113 workers of 113 for evacuation
[2025-10-15T05:49:14.489-0700][1246 ][debug][gc,remset   ] GC(332) Visited cards 11337728 Total dirty 63963136 (17.73%) Total old 521338880 (2.17%)
[2025-10-15T05:49:14.635-0700][1246 ][info ][gc,phases   ] GC(332)   Pre Evacuate Collection Set: 0.7ms
[2025-10-15T05:49:14.636-0700][1246 ][info ][gc,phases   ] GC(332)   Merge Heap Roots: 13.1ms
[2025-10-15T05:49:14.636-0700][1246 ][info ][gc,phases   ] GC(332)   Evacuate Collection Set: 130.8ms
[2025-10-15T05:49:14.636-0700][1246 ][info ][gc,phases   ] GC(332)   Post Evacuate Collection Set: 15.4ms
[2025-10-15T05:49:14.636-0700][1246 ][info ][gc,phases   ] GC(332)   Other: 0.2ms
[2025-10-15T05:49:14.636-0700][1246 ][debug][gc,remset   ] GC(332) Coarsening (recent): Inline->AoC 36057 (0) AoC->Howl 181 (0) Howl->Full 0 (0) Inline->AoC 579 (0) AoC->BitMap 128 (0) BitMap->Full 0 (0) 
[2025-10-15T05:49:14.636-0700][1246 ][debug][gc,remset   ] GC(332) Coarsening (all): Inline->AoC 9975795 (323) AoC->Howl 226077 (877) Howl->Full 0 (0) Inline->AoC 903450 (269) AoC->BitMap 239410 (721) BitMap->Full 7 (0) 
[2025-10-15T05:49:14.636-0700][1246 ][info ][gc,heap     ] GC(332) Eden regions: 3256->0(3230)
[2025-10-15T05:49:14.636-0700][1246 ][info ][gc,heap     ] GC(332) Survivor regions: 200->226(432)
[2025-10-15T05:49:14.636-0700][1246 ][info ][gc,heap     ] GC(332) Old regions: 1015->1013
[2025-10-15T05:49:14.636-0700][1246 ][info ][gc,heap     ] GC(332) Humongous regions: 9->0
[2025-10-15T05:49:14.636-0700][1246 ][info ][gc,metaspace] GC(332) Metaspace: 319560K(326080K)->319560K(326080K) NonClass: 282310K(285824K)->282310K(285824K) Class: 37250K(40256K)->37250K(40256K)
[2025-10-15T05:49:14.636-0700][1246 ][info ][gc          ] GC(332) Pause Young (Mixed) (G1 Evacuation Pause) 143337M->39599M(184320M) 160.380ms
[2025-10-15T05:49:14.637-0700][1246 ][info ][gc,cpu      ] GC(332) User=15.75s Sys=0.29s Real=0.16s
[2025-10-15T05:49:14.638-0700][1246 ][info ][safepoint   ] Safepoint "G1CollectForAllocation", Time since last: 4547779737 ns, Reaching safepoint: 878634 ns, Cleanup: 53621 ns, At safepoint: 163880888 ns, Total: 164813143 ns
[2025-10-15T05:49:15.653-0700][1246 ][info ][safepoint   ] Safepoint "Cleanup", Time since last: 1000082814 ns, Reaching safepoint: 13379896 ns, Cleanup: 31036 ns, At safepoint: 1532630 ns, Total: 14943562 ns
[2025-10-15T05:49:16.655-0700][1246 ][info ][safepoint   ] Safepoint "Cleanup", Time since last: 1000126921 ns, Reaching safepoint: 858434 ns, Cleanup: 11517 ns, At safepoint: 1187560 ns, Total: 2057511 ns
[2025-10-15T05:49:18.657-0700][1246 ][info ][safepoint   ] Safepoint "Cleanup", Time since last: 2000159489 ns, Reaching safepoint: 908910 ns, Cleanup: 44967 ns, At safepoint: 652434 ns, Total: 1606311 ns
[2025-10-15T05:49:19.659-0700][1246 ][info ][safepoint   ] Safepoint "Cleanup", Time since last: 1000100561 ns, Reaching safepoint: 866445 ns, Cleanup: 10046 ns, At safepoint: 1225497 ns, Total: 2101988 ns
[2025-10-15T05:49:21.661-0700][1246 ][info ][safepoint   ] Safepoint "Cleanup", Time since last: 2000134301 ns, Reaching safepoint: 875289 ns, Cleanup: 18548 ns, At safepoint: 919265 ns, Total: 1813102 ns
[2025-10-15T05:49:22.663-0700][1246 ][info ][safepoint   ] Safepoint "Cleanup", Time since last: 1000105298 ns, Reaching safepoint: 928399 ns, Cleanup: 23676 ns, At safepoint: 1046067 ns, Total: 1998142 ns
[2025-10-15T05:49:23.666-0700][1246 ][info ][safepoint   ] Safepoint "Cleanup", Time since last: 1000081382 ns, Reaching safepoint: 919215 ns, Cleanup: 14011 ns, At safepoint: 1456325 ns, Total: 2389551 ns
[2025-10-15T05:49:28.667-0700][1246 ][info ][safepoint   ] Safepoint "Cleanup", Time since last: 5000322062 ns, Reaching safepoint: 893577 ns, Cleanup: 10956 ns, At safepoint: 245030 ns, Total: 1149563 ns
[2025-10-15T05:49:29.669-0700][1246 ][info ][safepoint   ] Safepoint "Cleanup", Time since last: 1000101011 ns, Reaching safepoint: 888890 ns, Cleanup: 10305 ns, At safepoint: 513685 ns, Total: 1412880 ns
[2025-10-15T05:49:30.326-0700][1246 ][info ][gc,start    ] GC(333) Pause Young (Normal) (G1 Evacuation Pause)
[2025-10-15T05:49:30.326-0700][1246 ][info ][gc,task     ] GC(333) Using 113 workers of 113 for evacuation
[2025-10-15T05:49:30.340-0700][1246 ][debug][gc,remset   ] GC(333) Visited cards 9179904 Total dirty 62455808 (14.70%) Total old 520290304 (1.76%)
[2025-10-15T05:49:30.517-0700][1246 ][info ][gc,phases   ] GC(333)   Pre Evacuate Collection Set: 0.7ms
[2025-10-15T05:49:30.517-0700][1246 ][info ][gc,phases   ] GC(333)   Merge Heap Roots: 13.3ms
[2025-10-15T05:49:30.517-0700][1246 ][info ][gc,phases   ] GC(333)   Evacuate Collection Set: 162.0ms
[2025-10-15T05:49:30.517-0700][1246 ][info ][gc,phases   ] GC(333)   Post Evacuate Collection Set: 14.5ms
[2025-10-15T05:49:30.517-0700][1246 ][info ][gc,phases   ] GC(333)   Other: 0.2ms
[2025-10-15T05:49:30.517-0700][1246 ][debug][gc,remset   ] GC(333) Coarsening (recent): Inline->AoC 47824 (0) AoC->Howl 151 (0) Howl->Full 0 (0) Inline->AoC 776 (0) AoC->BitMap 80 (0) BitMap->Full 0 (0) 
[2025-10-15T05:49:30.517-0700][1246 ][debug][gc,remset   ] GC(333) Coarsening (all): Inline->AoC 10023619 (323) AoC->Howl 226228 (877) Howl->Full 0 (0) Inline->AoC 904226 (269) AoC->BitMap 239490 (721) BitMap->Full 7 (0) 
[2025-10-15T05:49:30.517-0700][1246 ][info ][gc,heap     ] GC(333) Eden regions: 3230->0(2062)
[2025-10-15T05:49:30.517-0700][1246 ][info ][gc,heap     ] GC(333) Survivor regions: 226->273(432)
[2025-10-15T05:49:30.517-0700][1246 ][info ][gc,heap     ] GC(333) Old regions: 1013->1013
[2025-10-15T05:49:30.517-0700][1246 ][info ][gc,heap     ] GC(333) Humongous regions: 14->0
[2025-10-15T05:49:30.517-0700][1246 ][info ][gc,metaspace] GC(333) Metaspace: 319677K(326208K)->319677K(326208K) NonClass: 282426K(285952K)->282426K(285952K) Class: 37250K(40256K)->37250K(40256K)
[2025-10-15T05:49:30.517-0700][1246 ][info ][gc          ] GC(333) Pause Young (Normal) (G1 Evacuation Pause) 143407M->41115M(184320M) 190.781ms
[2025-10-15T05:49:30.518-0700][1246 ][info ][gc,cpu      ] GC(333) User=17.79s Sys=0.47s Real=0.19s
[2025-10-15T05:49:30.519-0700][1246 ][info ][safepoint   ] Safepoint "G1CollectForAllocation", Time since last: 655376080 ns, Reaching safepoint: 1033127 ns, Cleanup: 6539 ns, At safepoint: 194332883 ns, Total: 195372549 ns
[2025-10-15T05:49:39.523-0700][1246 ][info ][safepoint   ] Safepoint "Cleanup", Time since last: 9000566608 ns, Reaching safepoint: 2846290 ns, Cleanup: 12589 ns, At safepoint: 127142 ns, Total: 2986021 ns
[2025-10-15T05:49:43.089-0700][1246 ][info ][gc,start    ] GC(334) Pause Young (Normal) (G1 Evacuation Pause)
[2025-10-15T05:49:43.089-0700][1246 ][info ][gc,task     ] GC(334) Using 113 workers of 113 for evacuation
[2025-10-15T05:49:43.104-0700][1246 ][debug][gc,remset   ] GC(334) Visited cards 9228288 Total dirty 62521344 (14.76%) Total old 407371776 (2.27%)
[2025-10-15T05:49:43.285-0700][1246 ][info ][gc,phases   ] GC(334)   Pre Evacuate Collection Set: 0.7ms
[2025-10-15T05:49:43.285-0700][1246 ][info ][gc,phases   ] GC(334)   Merge Heap Roots: 13.5ms
[2025-10-15T05:49:43.285-0700][1246 ][info ][gc,phases   ] GC(334)   Evacuate Collection Set: 166.9ms
[2025-10-15T05:49:43.285-0700][1246 ][info ][gc,phases   ] GC(334)   Post Evacuate Collection Set: 14.6ms
[2025-10-15T05:49:43.285-0700][1246 ][info ][gc,phases   ] GC(334)   Other: 0.1ms
[2025-10-15T05:49:43.285-0700][1246 ][debug][gc,remset   ] GC(334) Coarsening (recent): Inline->AoC 28094 (0) AoC->Howl 139 (0) Howl->Full 0 (0) Inline->AoC 611 (0) AoC->BitMap 108 (0) BitMap->Full 0 (0) 
[2025-10-15T05:49:43.285-0700][1246 ][debug][gc,remset   ] GC(334) Coarsening (all): Inline->AoC 10051713 (323) AoC->Howl 226367 (877) Howl->Full 0 (0) Inline->AoC 904837 (269) AoC->BitMap 239598 (721) BitMap->Full 7 (0) 
[2025-10-15T05:49:43.285-0700][1246 ][info ][gc,heap     ] GC(334) Eden regions: 2323->0(3279)
[2025-10-15T05:49:43.285-0700][1246 ][info ][gc,heap     ] GC(334) Survivor regions: 273->177(325)
[2025-10-15T05:49:43.285-0700][1246 ][info ][gc,heap     ] GC(334) Old regions: 1013->1145
[2025-10-15T05:49:43.285-0700][1246 ][info ][gc,heap     ] GC(334) Humongous regions: 11->1
[2025-10-15T05:49:43.285-0700][1246 ][info ][gc,metaspace] GC(334) Metaspace: 319677K(326208K)->319677K(326208K) NonClass: 282426K(285952K)->282426K(285952K) Class: 37250K(40256K)->37250K(40256K)
[2025-10-15T05:49:43.285-0700][1246 ][info ][gc          ] GC(334) Pause Young (Normal) (G1 Evacuation Pause) 115803M->42309M(184320M) 196.008ms
[2025-10-15T05:49:43.287-0700][1246 ][info ][gc,cpu      ] GC(334) User=19.43s Sys=0.12s Real=0.19s
[2025-10-15T05:49:43.288-0700][1246 ][info ][safepoint   ] Safepoint "G1CollectForAllocation", Time since last: 3559215722 ns, Reaching safepoint: 6092332 ns, Cleanup: 8053 ns, At safepoint: 199580601 ns, Total: 205680986 ns
[2025-10-15T05:49:43.427-0700][1246 ][info ][gc,start    ] GC(335) Pause Young (Concurrent Start) (G1 Humongous Allocation)
[2025-10-15T05:49:43.427-0700][1246 ][info ][gc,task     ] GC(335) Using 113 workers of 113 for evacuation
[2025-10-15T05:49:43.437-0700][1246 ][debug][gc,remset   ] GC(335) Visited cards 9043456 Total dirty 70320128 (12.86%) Total old 106954752 (8.46%)
[2025-10-15T05:49:43.540-0700][1246 ][info ][gc,phases   ] GC(335)   Pre Evacuate Collection Set: 1.0ms
[2025-10-15T05:49:43.540-0700][1246 ][info ][gc,phases   ] GC(335)   Merge Heap Roots: 9.7ms
[2025-10-15T05:49:43.540-0700][1246 ][info ][gc,phases   ] GC(335)   Evacuate Collection Set: 92.1ms
[2025-10-15T05:49:43.540-0700][1246 ][info ][gc,phases   ] GC(335)   Post Evacuate Collection Set: 10.1ms
[2025-10-15T05:49:43.540-0700][1246 ][info ][gc,phases   ] GC(335)   Other: 0.1ms
[2025-10-15T05:49:43.540-0700][1246 ][debug][gc,remset   ] GC(335) Coarsening (recent): Inline->AoC 36 (0) AoC->Howl 0 (0) Howl->Full 0 (0) Inline->AoC 0 (0) AoC->BitMap 0 (0) BitMap->Full 0 (0) 
[2025-10-15T05:49:43.540-0700][1246 ][debug][gc,remset   ] GC(335) Coarsening (all): Inline->AoC 10051749 (323) AoC->Howl 226367 (877) Howl->Full 0 (0) Inline->AoC 904837 (269) AoC->BitMap 239598 (721) BitMap->Full 7 (0) 
[2025-10-15T05:49:43.540-0700][1246 ][info ][gc,heap     ] GC(335) Eden regions: 66->0(1859)
[2025-10-15T05:49:43.540-0700][1246 ][info ][gc,heap     ] GC(335) Survivor regions: 177->175(432)
[2025-10-15T05:49:43.540-0700][1246 ][info ][gc,heap     ] GC(335) Old regions: 1145->1145
[2025-10-15T05:49:43.540-0700][1246 ][info ][gc,heap     ] GC(335) Humongous regions: 1->0
[2025-10-15T05:49:43.540-0700][1246 ][info ][gc,metaspace] GC(335) Metaspace: 319677K(326208K)->319677K(326208K) NonClass: 282426K(285952K)->282426K(285952K) Class: 37250K(40256K)->37250K(40256K)
[2025-10-15T05:49:43.540-0700][1246 ][info ][gc          ] GC(335) Pause Young (Concurrent Start) (G1 Humongous Allocation) 44406M->42211M(184320M) 113.124ms
[2025-10-15T05:49:43.540-0700][1085 ][info ][gc          ] GC(336) Concurrent Mark Cycle
[2025-10-15T05:49:43.540-0700][1085 ][info ][gc,marking  ] GC(336) Concurrent Scan Root Regions
[2025-10-15T05:49:43.541-0700][1246 ][info ][gc,cpu      ] GC(335) User=10.64s Sys=0.11s Real=0.12s
[2025-10-15T05:49:43.543-0700][1246 ][info ][safepoint   ] Safepoint "G1TryInitiateConcMark", Time since last: 136789258 ns, Reaching safepoint: 759995 ns, Cleanup: 4037 ns, At safepoint: 117373636 ns, Total: 118137668 ns
[2025-10-15T05:49:43.592-0700][1085 ][info ][gc,marking  ] GC(336) Concurrent Scan Root Regions 52.460ms
[2025-10-15T05:49:43.593-0700][1085 ][info ][gc,marking  ] GC(336) Concurrent Mark
[2025-10-15T05:49:43.593-0700][1085 ][info ][gc,marking  ] GC(336) Concurrent Mark From Roots
[2025-10-15T05:49:43.593-0700][1085 ][info ][gc,task     ] GC(336) Using 36 workers of 36 for marking
[2025-10-15T05:49:43.867-0700][1085 ][info ][gc,marking  ] GC(336) Concurrent Mark From Roots 274.644ms
[2025-10-15T05:49:43.867-0700][1085 ][info ][gc,marking  ] GC(336) Concurrent Preclean
[2025-10-15T05:49:43.879-0700][1085 ][info ][gc,marking  ] GC(336) Concurrent Preclean 11.972ms
[2025-10-15T05:49:43.881-0700][1246 ][info ][gc,start    ] GC(336) Pause Remark
[2025-10-15T05:49:44.080-0700][1246 ][info ][gc          ] GC(336) Pause Remark 45046M->44694M(184320M) 199.224ms
[2025-10-15T05:49:44.082-0700][1246 ][info ][gc,cpu      ] GC(336) User=14.63s Sys=0.02s Real=0.20s
[2025-10-15T05:49:44.083-0700][1246 ][info ][safepoint   ] Safepoint "G1PauseRemark", Time since last: 336497191 ns, Reaching safepoint: 837733 ns, Cleanup: 4747 ns, At safepoint: 202782347 ns, Total: 203624827 ns
[2025-10-15T05:49:44.083-0700][1085 ][info ][gc,marking  ] GC(336) Concurrent Mark 490.411ms
[2025-10-15T05:49:44.083-0700][1085 ][info ][gc,marking  ] GC(336) Concurrent Rebuild Remembered Sets and Scrub Regions
[2025-10-15T05:49:44.483-0700][1085 ][info ][gc,marking  ] GC(336) Concurrent Rebuild Remembered Sets and Scrub Regions 399.576ms
[2025-10-15T05:49:44.485-0700][1246 ][info ][gc,start    ] GC(336) Pause Cleanup
[2025-10-15T05:49:44.487-0700][1246 ][info ][gc          ] GC(336) Pause Cleanup 47555M->47555M(184320M) 2.264ms
[2025-10-15T05:49:44.487-0700][1246 ][info ][gc,cpu      ] GC(336) User=0.01s Sys=0.00s Real=0.00s
[2025-10-15T05:49:44.488-0700][1246 ][info ][safepoint   ] Safepoint "G1PauseCleanup", Time since last: 399784323 ns, Reaching safepoint: 741738 ns, Cleanup: 16795 ns, At safepoint: 4661736 ns, Total: 5420269 ns
[2025-10-15T05:49:44.488-0700][1085 ][info ][gc,marking  ] GC(336) Concurrent Clear Claimed Marks
[2025-10-15T05:49:44.489-0700][1085 ][info ][gc,marking  ] GC(336) Concurrent Clear Claimed Marks 1.009ms
[2025-10-15T05:49:44.489-0700][1085 ][info ][gc,marking  ] GC(336) Concurrent Cleanup for Next Mark
[2025-10-15T05:49:44.515-0700][1085 ][info ][gc,marking  ] GC(336) Concurrent Cleanup for Next Mark 25.392ms
[2025-10-15T05:49:44.515-0700][1085 ][info ][gc          ] GC(336) Concurrent Mark Cycle 974.572ms
[2025-10-15T05:49:50.489-0700][1246 ][info ][safepoint   ] Safepoint "Cleanup", Time since last: 6000351999 ns, Reaching safepoint: 766365 ns, Cleanup: 13000 ns, At safepoint: 252991 ns, Total: 1032356 ns
[2025-10-15T05:49:52.381-0700][1246 ][info ][gc,start    ] GC(337) Pause Young (Prepare Mixed) (G1 Evacuation Pause)
[2025-10-15T05:49:52.381-0700][1246 ][info ][gc,task     ] GC(337) Using 113 workers of 113 for evacuation
[2025-10-15T05:49:52.396-0700][1246 ][debug][gc,remset   ] GC(337) Visited cards 9856256 Total dirty 70647808 (13.95%) Total old 316342272 (3.12%)
[2025-10-15T05:49:52.528-0700][1246 ][info ][gc,phases   ] GC(337)   Pre Evacuate Collection Set: 0.7ms
[2025-10-15T05:49:52.528-0700][1246 ][info ][gc,phases   ] GC(337)   Merge Heap Roots: 14.9ms
[2025-10-15T05:49:52.528-0700][1246 ][info ][gc,phases   ] GC(337)   Evacuate Collection Set: 117.7ms
[2025-10-15T05:49:52.528-0700][1246 ][info ][gc,phases   ] GC(337)   Post Evacuate Collection Set: 13.8ms
[2025-10-15T05:49:52.528-0700][1246 ][info ][gc,phases   ] GC(337)   Other: 0.1ms
[2025-10-15T05:49:52.528-0700][1246 ][debug][gc,remset   ] GC(337) Coarsening (recent): Inline->AoC 154225 (0) AoC->Howl 10037 (0) Howl->Full 0 (0) Inline->AoC 39457 (0) AoC->BitMap 11556 (0) BitMap->Full 0 (0) 
[2025-10-15T05:49:52.528-0700][1246 ][debug][gc,remset   ] GC(337) Coarsening (all): Inline->AoC 10205974 (323) AoC->Howl 236404 (877) Howl->Full 0 (0) Inline->AoC 944294 (269) AoC->BitMap 251154 (721) BitMap->Full 7 (0) 
[2025-10-15T05:49:52.528-0700][1246 ][info ][gc,heap     ] GC(337) Eden regions: 1666->0(2250)
[2025-10-15T05:49:52.528-0700][1246 ][info ][gc,heap     ] GC(337) Survivor regions: 175->149(231)
[2025-10-15T05:49:52.528-0700][1246 ][info ][gc,heap     ] GC(337) Old regions: 1134->1178
[2025-10-15T05:49:52.528-0700][1246 ][info ][gc,heap     ] GC(337) Humongous regions: 11->0
[2025-10-15T05:49:52.528-0700][1246 ][info ][gc,metaspace] GC(337) Metaspace: 319661K(326208K)->319661K(326208K) NonClass: 282413K(285952K)->282413K(285952K) Class: 37247K(40256K)->37247K(40256K)
[2025-10-15T05:49:52.528-0700][1246 ][info ][gc          ] GC(337) Pause Young (Prepare Mixed) (G1 Evacuation Pause) 95523M->42411M(184320M) 147.452ms
[2025-10-15T05:49:52.529-0700][1246 ][info ][gc,cpu      ] GC(337) User=13.58s Sys=0.07s Real=0.15s
[2025-10-15T05:49:52.530-0700][1246 ][info ][safepoint   ] Safepoint "G1CollectForAllocation", Time since last: 1888905501 ns, Reaching safepoint: 848339 ns, Cleanup: 5268 ns, At safepoint: 151162159 ns, Total: 152015766 ns
[2025-10-15T05:49:55.532-0700][1246 ][info ][safepoint   ] Safepoint "Cleanup", Time since last: 3000202492 ns, Reaching safepoint: 801628 ns, Cleanup: 12289 ns, At safepoint: 156375 ns, Total: 970292 ns
[2025-10-15T05:50:01.949-0700][1246 ][info ][safepoint   ] Safepoint "Cleanup", Time since last: 6416747502 ns, Reaching safepoint: 725313 ns, Cleanup: 13230 ns, At safepoint: 295355 ns, Total: 1033898 ns
[2025-10-15T05:50:03.393-0700][1246 ][info ][gc,start    ] GC(338) Pause Young (Mixed) (G1 Evacuation Pause)
[2025-10-15T05:50:03.393-0700][1246 ][info ][gc,task     ] GC(338) Using 113 workers of 113 for evacuation
[2025-10-15T05:50:03.408-0700][1246 ][debug][gc,remset   ] GC(338) Visited cards 9723648 Total dirty 69468160 (14.00%) Total old 423231488 (2.30%)
[2025-10-15T05:50:03.530-0700][1246 ][info ][gc,phases   ] GC(338)   Pre Evacuate Collection Set: 0.8ms
[2025-10-15T05:50:03.530-0700][1246 ][info ][gc,phases   ] GC(338)   Merge Heap Roots: 14.3ms
[2025-10-15T05:50:03.530-0700][1246 ][info ][gc,phases   ] GC(338)   Evacuate Collection Set: 108.4ms
[2025-10-15T05:50:03.530-0700][1246 ][info ][gc,phases   ] GC(338)   Post Evacuate Collection Set: 13.5ms
[2025-10-15T05:50:03.530-0700][1246 ][info ][gc,phases   ] GC(338)   Other: 0.2ms
[2025-10-15T05:50:03.530-0700][1246 ][debug][gc,remset   ] GC(338) Coarsening (recent): Inline->AoC 14594 (0) AoC->Howl 343 (0) Howl->Full 0 (0) Inline->AoC 1482 (0) AoC->BitMap 144 (0) BitMap->Full 0 (0) 
[2025-10-15T05:50:03.530-0700][1246 ][debug][gc,remset   ] GC(338) Coarsening (all): Inline->AoC 10220568 (323) AoC->Howl 236747 (877) Howl->Full 0 (0) Inline->AoC 945776 (269) AoC->BitMap 251298 (721) BitMap->Full 7 (0) 
[2025-10-15T05:50:03.530-0700][1246 ][info ][gc,heap     ] GC(338) Eden regions: 2455->0(2053)
[2025-10-15T05:50:03.530-0700][1246 ][info ][gc,heap     ] GC(338) Survivor regions: 149->186(326)
[2025-10-15T05:50:03.530-0700][1246 ][info ][gc,heap     ] GC(338) Old regions: 1178->1124
[2025-10-15T05:50:03.530-0700][1246 ][info ][gc,heap     ] GC(338) Humongous regions: 12->0
[2025-10-15T05:50:03.530-0700][1246 ][info ][gc,metaspace] GC(338) Metaspace: 319692K(326208K)->319692K(326208K) NonClass: 282440K(285952K)->282440K(285952K) Class: 37251K(40256K)->37251K(40256K)
[2025-10-15T05:50:03.530-0700][1246 ][info ][gc          ] GC(338) Pause Young (Mixed) (G1 Evacuation Pause) 121355M->41918M(184320M) 137.322ms
[2025-10-15T05:50:03.531-0700][1246 ][info ][gc,cpu      ] GC(338) User=13.48s Sys=0.09s Real=0.14s
[2025-10-15T05:50:03.532-0700][1246 ][info ][safepoint   ] Safepoint "G1CollectForAllocation", Time since last: 1441299464 ns, Reaching safepoint: 804403 ns, Cleanup: 21032 ns, At safepoint: 140713131 ns, Total: 141538566 ns
[2025-10-15T05:50:15.231-0700][1246 ][info ][gc,start    ] GC(339) Pause Young (Mixed) (G1 Evacuation Pause)
[2025-10-15T05:50:15.231-0700][1246 ][info ][gc,task     ] GC(339) Using 113 workers of 113 for evacuation
[2025-10-15T05:50:15.246-0700][1246 ][debug][gc,remset   ] GC(339) Visited cards 9733376 Total dirty 66453504 (14.65%) Total old 400490496 (2.43%)
[2025-10-15T05:50:15.374-0700][1246 ][info ][gc,phases   ] GC(339)   Pre Evacuate Collection Set: 0.7ms
[2025-10-15T05:50:15.374-0700][1246 ][info ][gc,phases   ] GC(339)   Merge Heap Roots: 14.2ms
[2025-10-15T05:50:15.374-0700][1246 ][info ][gc,phases   ] GC(339)   Evacuate Collection Set: 113.7ms
[2025-10-15T05:50:15.374-0700][1246 ][info ][gc,phases   ] GC(339)   Post Evacuate Collection Set: 14.0ms
[2025-10-15T05:50:15.374-0700][1246 ][info ][gc,phases   ] GC(339)   Other: 0.2ms
[2025-10-15T05:50:15.374-0700][1246 ][debug][gc,remset   ] GC(339) Coarsening (recent): Inline->AoC 18279 (0) AoC->Howl 178 (0) Howl->Full 0 (0) Inline->AoC 800 (0) AoC->BitMap 87 (0) BitMap->Full 0 (0) 
[2025-10-15T05:50:15.374-0700][1246 ][debug][gc,remset   ] GC(339) Coarsening (all): Inline->AoC 10238847 (323) AoC->Howl 236925 (877) Howl->Full 0 (0) Inline->AoC 946576 (269) AoC->BitMap 251385 (721) BitMap->Full 7 (0) 
[2025-10-15T05:50:15.374-0700][1246 ][info ][gc,heap     ] GC(339) Eden regions: 2274->0(2729)
[2025-10-15T05:50:15.374-0700][1246 ][info ][gc,heap     ] GC(339) Survivor regions: 186->162(308)
[2025-10-15T05:50:15.374-0700][1246 ][info ][gc,heap     ] GC(339) Old regions: 1124->1105
[2025-10-15T05:50:15.374-0700][1246 ][info ][gc,heap     ] GC(339) Humongous regions: 7->0
[2025-10-15T05:50:15.374-0700][1246 ][info ][gc,metaspace] GC(339) Metaspace: 319698K(326208K)->319698K(326208K) NonClass: 282446K(285952K)->282446K(285952K) Class: 37252K(40256K)->37252K(40256K)
[2025-10-15T05:50:15.374-0700][1246 ][info ][gc          ] GC(339) Pause Young (Mixed) (G1 Evacuation Pause) 114910M->40511M(184320M) 142.950ms
[2025-10-15T05:50:15.375-0700][1246 ][info ][gc,cpu      ] GC(339) User=14.57s Sys=0.16s Real=0.14s
[2025-10-15T05:50:15.376-0700][1246 ][info ][safepoint   ] Safepoint "G1CollectForAllocation", Time since last: 11696720757 ns, Reaching safepoint: 866996 ns, Cleanup: 5098 ns, At safepoint: 146362867 ns, Total: 147234961 ns
[2025-10-15T05:50:16.377-0700][1246 ][info ][safepoint   ] Safepoint "Cleanup", Time since last: 1000077228 ns, Reaching safepoint: 768408 ns, Cleanup: 12529 ns, At safepoint: 194283 ns, Total: 975220 ns
[2025-10-15T05:50:22.379-0700][1246 ][info ][safepoint   ] Safepoint "Cleanup", Time since last: 6000373055 ns, Reaching safepoint: 828638 ns, Cleanup: 17106 ns, At safepoint: 219641 ns, Total: 1065385 ns
[2025-10-15T05:50:25.380-0700][1246 ][info ][safepoint   ] Safepoint "Cleanup", Time since last: 3000223754 ns, Reaching safepoint: 896901 ns, Cleanup: 11288 ns, At safepoint: 328765 ns, Total: 1236954 ns
[2025-10-15T05:50:26.382-0700][1246 ][info ][safepoint   ] Safepoint "Cleanup", Time since last: 1000110729 ns, Reaching safepoint: 958975 ns, Cleanup: 10887 ns, At safepoint: 961318 ns, Total: 1931180 ns
[2025-10-15T05:50:29.179-0700][1246 ][info ][gc,start    ] GC(340) Pause Young (Mixed) (G1 Evacuation Pause)
[2025-10-15T05:50:29.179-0700][1246 ][info ][gc,task     ] GC(340) Using 113 workers of 113 for evacuation
[2025-10-15T05:50:29.194-0700][1246 ][debug][gc,remset   ] GC(340) Visited cards 10015232 Total dirty 65929216 (15.19%) Total old 460128256 (2.18%)
[2025-10-15T05:50:29.336-0700][1246 ][info ][gc,phases   ] GC(340)   Pre Evacuate Collection Set: 0.7ms
[2025-10-15T05:50:29.336-0700][1246 ][info ][gc,phases   ] GC(340)   Merge Heap Roots: 13.7ms
[2025-10-15T05:50:29.336-0700][1246 ][info ][gc,phases   ] GC(340)   Evacuate Collection Set: 125.5ms
[2025-10-15T05:50:29.336-0700][1246 ][info ][gc,phases   ] GC(340)   Post Evacuate Collection Set: 16.3ms
[2025-10-15T05:50:29.336-0700][1246 ][info ][gc,phases   ] GC(340)   Other: 0.2ms
[2025-10-15T05:50:29.336-0700][1246 ][debug][gc,remset   ] GC(340) Coarsening (recent): Inline->AoC 47555 (0) AoC->Howl 267 (0) Howl->Full 0 (0) Inline->AoC 916 (0) AoC->BitMap 208 (0) BitMap->Full 0 (0) 
[2025-10-15T05:50:29.336-0700][1246 ][debug][gc,remset   ] GC(340) Coarsening (all): Inline->AoC 10286402 (323) AoC->Howl 237192 (877) Howl->Full 0 (0) Inline->AoC 947492 (269) AoC->BitMap 251593 (721) BitMap->Full 7 (0) 
[2025-10-15T05:50:29.336-0700][1246 ][info ][gc,heap     ] GC(340) Eden regions: 2761->0(2215)
[2025-10-15T05:50:29.336-0700][1246 ][info ][gc,heap     ] GC(340) Survivor regions: 162->208(366)
[2025-10-15T05:50:29.336-0700][1246 ][info ][gc,heap     ] GC(340) Old regions: 1105->1052
[2025-10-15T05:50:29.336-0700][1246 ][info ][gc,heap     ] GC(340) Humongous regions: 10->0
[2025-10-15T05:50:29.336-0700][1246 ][info ][gc,metaspace] GC(340) Metaspace: 319724K(326208K)->319724K(326208K) NonClass: 282471K(285952K)->282471K(285952K) Class: 37252K(40256K)->37252K(40256K)
[2025-10-15T05:50:29.336-0700][1246 ][info ][gc          ] GC(340) Pause Young (Mixed) (G1 Evacuation Pause) 129183M->40303M(184320M) 156.666ms
[2025-10-15T05:50:29.337-0700][1246 ][info ][gc,cpu      ] GC(340) User=14.81s Sys=0.44s Real=0.15s
[2025-10-15T05:50:29.338-0700][1246 ][info ][safepoint   ] Safepoint "G1CollectForAllocation", Time since last: 2794978314 ns, Reaching safepoint: 946056 ns, Cleanup: 4296 ns, At safepoint: 160189525 ns, Total: 161139877 ns
[2025-10-15T05:50:30.339-0700][1246 ][info ][safepoint   ] Safepoint "Cleanup", Time since last: 1000100975 ns, Reaching safepoint: 819945 ns, Cleanup: 12650 ns, At safepoint: 139830 ns, Total: 972425 ns
[2025-10-15T05:50:31.340-0700][1246 ][info ][safepoint   ] Safepoint "Cleanup", Time since last: 1000099743 ns, Reaching safepoint: 731803 ns, Cleanup: 14782 ns, At safepoint: 132450 ns, Total: 879035 ns
[2025-10-15T05:50:33.342-0700][1246 ][info ][safepoint   ] Safepoint "Cleanup", Time since last: 2000182569 ns, Reaching safepoint: 850021 ns, Cleanup: 12509 ns, At safepoint: 189646 ns, Total: 1052176 ns
[2025-10-15T05:50:40.343-0700][1246 ][info ][safepoint   ] Safepoint "Cleanup", Time since last: 7000479508 ns, Reaching safepoint: 767517 ns, Cleanup: 11227 ns, At safepoint: 188534 ns, Total: 967278 ns
[2025-10-15T05:50:42.140-0700][1246 ][info ][gc,start    ] GC(341) Pause Young (Mixed) (G1 Evacuation Pause)
[2025-10-15T05:50:42.140-0700][1246 ][info ][gc,task     ] GC(341) Using 113 workers of 113 for evacuation
[2025-10-15T05:50:42.156-0700][1246 ][debug][gc,remset   ] GC(341) Visited cards 9691648 Total dirty 62980096 (15.39%) Total old 404881408 (2.39%)
[2025-10-15T05:50:42.296-0700][1246 ][info ][gc,phases   ] GC(341)   Pre Evacuate Collection Set: 0.7ms
[2025-10-15T05:50:42.296-0700][1246 ][info ][gc,phases   ] GC(341)   Merge Heap Roots: 14.4ms
[2025-10-15T05:50:42.296-0700][1246 ][info ][gc,phases   ] GC(341)   Evacuate Collection Set: 124.5ms
[2025-10-15T05:50:42.296-0700][1246 ][info ][gc,phases   ] GC(341)   Post Evacuate Collection Set: 16.1ms
[2025-10-15T05:50:42.296-0700][1246 ][info ][gc,phases   ] GC(341)   Other: 0.2ms
[2025-10-15T05:50:42.296-0700][1246 ][debug][gc,remset   ] GC(341) Coarsening (recent): Inline->AoC 39374 (0) AoC->Howl 230 (0) Howl->Full 0 (0) Inline->AoC 927 (0) AoC->BitMap 147 (0) BitMap->Full 0 (0) 
[2025-10-15T05:50:42.296-0700][1246 ][debug][gc,remset   ] GC(341) Coarsening (all): Inline->AoC 10325776 (323) AoC->Howl 237422 (877) Howl->Full 0 (0) Inline->AoC 948419 (269) AoC->BitMap 251740 (721) BitMap->Full 7 (0) 
[2025-10-15T05:50:42.296-0700][1246 ][info ][gc,heap     ] GC(341) Eden regions: 2322->0(2774)
[2025-10-15T05:50:42.296-0700][1246 ][info ][gc,heap     ] GC(341) Survivor regions: 208->189(317)
[2025-10-15T05:50:42.296-0700][1246 ][info ][gc,heap     ] GC(341) Old regions: 1052->1029
[2025-10-15T05:50:42.296-0700][1246 ][info ][gc,heap     ] GC(341) Humongous regions: 6->0
[2025-10-15T05:50:42.296-0700][1246 ][info ][gc,metaspace] GC(341) Metaspace: 319734K(326208K)->319734K(326208K) NonClass: 282480K(285952K)->282480K(285952K) Class: 37253K(40256K)->37253K(40256K)
[2025-10-15T05:50:42.296-0700][1246 ][info ][gc          ] GC(341) Pause Young (Mixed) (G1 Evacuation Pause) 114799M->38941M(184320M) 156.067ms
[2025-10-15T05:50:42.298-0700][1246 ][info ][gc,cpu      ] GC(341) User=15.60s Sys=0.34s Real=0.15s
[2025-10-15T05:50:42.299-0700][1246 ][info ][safepoint   ] Safepoint "G1CollectForAllocation", Time since last: 1795351624 ns, Reaching safepoint: 898024 ns, Cleanup: 14722 ns, At safepoint: 159550392 ns, Total: 160463138 ns
[2025-10-15T05:50:46.300-0700][1246 ][info ][safepoint   ] Safepoint "Cleanup", Time since last: 4000275053 ns, Reaching safepoint: 845464 ns, Cleanup: 10356 ns, At safepoint: 217227 ns, Total: 1073047 ns
[2025-10-15T05:50:48.301-0700][1246 ][info ][safepoint   ] Safepoint "Cleanup", Time since last: 2000189690 ns, Reaching safepoint: 794117 ns, Cleanup: 25609 ns, At safepoint: 94101 ns, Total: 913827 ns
[2025-10-15T05:50:49.303-0700][1246 ][info ][safepoint   ] Safepoint "Cleanup", Time since last: 1000102537 ns, Reaching safepoint: 1256804 ns, Cleanup: 14812 ns, At safepoint: 278140 ns, Total: 1549756 ns
[2025-10-15T05:50:52.304-0700][1246 ][info ][safepoint   ] Safepoint "Cleanup", Time since last: 3000219897 ns, Reaching safepoint: 873326 ns, Cleanup: 19870 ns, At safepoint: 202736 ns, Total: 1095932 ns
[2025-10-15T05:50:56.306-0700][1246 ][info ][safepoint   ] Safepoint "Cleanup", Time since last: 4000292331 ns, Reaching safepoint: 887428 ns, Cleanup: 16825 ns, At safepoint: 377439 ns, Total: 1281692 ns
[2025-10-15T05:50:56.441-0700][1246 ][info ][gc,start    ] GC(342) Pause Young (Mixed) (G1 Evacuation Pause)
[2025-10-15T05:50:56.441-0700][1246 ][info ][gc,task     ] GC(342) Using 113 workers of 113 for evacuation
[2025-10-15T05:50:56.455-0700][1246 ][debug][gc,remset   ] GC(342) Visited cards 10805248 Total dirty 61931520 (17.45%) Total old 456261632 (2.37%)
[2025-10-15T05:50:56.591-0700][1246 ][debug][gc,remset   ] GC(342) Visited cards 876544 Total dirty 47251456 (1.86%) Total old 472907776 (0.19%)
[2025-10-15T05:50:56.612-0700][1246 ][info ][gc,phases   ] GC(342)   Pre Evacuate Collection Set: 0.7ms
[2025-10-15T05:50:56.612-0700][1246 ][info ][gc,phases   ] GC(342)   Merge Heap Roots: 13.6ms
[2025-10-15T05:50:56.612-0700][1246 ][info ][gc,phases   ] GC(342)   Evacuate Collection Set: 134.3ms
[2025-10-15T05:50:56.612-0700][1246 ][info ][gc,phases   ] GC(342)   Merge Optional Heap Roots: 1.0ms
[2025-10-15T05:50:56.612-0700][1246 ][info ][gc,phases   ] GC(342)   Evacuate Optional Collection Set: 4.3ms
[2025-10-15T05:50:56.612-0700][1246 ][info ][gc,phases   ] GC(342)   Post Evacuate Collection Set: 17.2ms
[2025-10-15T05:50:56.612-0700][1246 ][info ][gc,phases   ] GC(342)   Other: 0.2ms
[2025-10-15T05:50:56.612-0700][1246 ][debug][gc,remset   ] GC(342) Coarsening (recent): Inline->AoC 55269 (0) AoC->Howl 401 (0) Howl->Full 0 (0) Inline->AoC 1418 (0) AoC->BitMap 320 (0) BitMap->Full 0 (0) 
[2025-10-15T05:50:56.612-0700][1246 ][debug][gc,remset   ] GC(342) Coarsening (all): Inline->AoC 10381045 (323) AoC->Howl 237823 (877) Howl->Full 0 (0) Inline->AoC 949837 (269) AoC->BitMap 252060 (721) BitMap->Full 7 (0) 
[2025-10-15T05:50:56.612-0700][1246 ][info ][gc,heap     ] GC(342) Eden regions: 2742->0(1994)
[2025-10-15T05:50:56.612-0700][1246 ][info ][gc,heap     ] GC(342) Survivor regions: 189->233(367)
[2025-10-15T05:50:56.612-0700][1246 ][info ][gc,heap     ] GC(342) Old regions: 1029->964
[2025-10-15T05:50:56.612-0700][1246 ][info ][gc,heap     ] GC(342) Humongous regions: 10->0
[2025-10-15T05:50:56.612-0700][1246 ][info ][gc,metaspace] GC(342) Metaspace: 319821K(326336K)->319821K(326336K) NonClass: 282555K(286080K)->282555K(286080K) Class: 37266K(40256K)->37266K(40256K)
[2025-10-15T05:50:56.612-0700][1246 ][info ][gc          ] GC(342) Pause Young (Mixed) (G1 Evacuation Pause) 127005M->38271M(184320M) 171.541ms
[2025-10-15T05:50:56.613-0700][1246 ][info ][gc,cpu      ] GC(342) User=16.41s Sys=0.53s Real=0.17s
[2025-10-15T05:50:56.615-0700][1246 ][info ][safepoint   ] Safepoint "G1CollectForAllocation", Time since last: 132419573 ns, Reaching safepoint: 1265527 ns, Cleanup: 4847 ns, At safepoint: 175064154 ns, Total: 176334528 ns
[2025-10-15T05:50:57.625-0700][1246 ][info ][safepoint   ] Safepoint "Cleanup", Time since last: 1000117089 ns, Reaching safepoint: 8254791 ns, Cleanup: 17016 ns, At safepoint: 2028587 ns, Total: 10300394 ns
[2025-10-15T05:50:58.627-0700][1246 ][info ][safepoint   ] Safepoint "Cleanup", Time since last: 1000113745 ns, Reaching safepoint: 955530 ns, Cleanup: 13340 ns, At safepoint: 1007939 ns, Total: 1976809 ns
[2025-10-15T05:50:59.629-0700][1246 ][info ][safepoint   ] Safepoint "Cleanup", Time since last: 1000130189 ns, Reaching safepoint: 801608 ns, Cleanup: 14362 ns, At safepoint: 806896 ns, Total: 1622866 ns
[2025-10-15T05:51:04.973-0700][1246 ][info ][safepoint   ] Safepoint "Cleanup", Time since last: 5343215043 ns, Reaching safepoint: 960297 ns, Cleanup: 12259 ns, At safepoint: 341965 ns, Total: 1314521 ns
[2025-10-15T05:51:06.423-0700][1246 ][info ][gc,start    ] GC(343) Pause Young (Mixed) (G1 Evacuation Pause)
[2025-10-15T05:51:06.423-0700][1246 ][info ][gc,task     ] GC(343) Using 113 workers of 113 for evacuation
[2025-10-15T05:51:06.437-0700][1246 ][debug][gc,remset   ] GC(343) Visited cards 10345472 Total dirty 58654720 (17.64%) Total old 386924544 (2.67%)
[2025-10-15T05:51:06.605-0700][1246 ][info ][gc,phases   ] GC(343)   Pre Evacuate Collection Set: 0.8ms
[2025-10-15T05:51:06.605-0700][1246 ][info ][gc,phases   ] GC(343)   Merge Heap Roots: 13.6ms
[2025-10-15T05:51:06.605-0700][1246 ][info ][gc,phases   ] GC(343)   Evacuate Collection Set: 152.1ms
[2025-10-15T05:51:06.605-0700][1246 ][info ][gc,phases   ] GC(343)   Post Evacuate Collection Set: 15.0ms
[2025-10-15T05:51:06.605-0700][1246 ][info ][gc,phases   ] GC(343)   Other: 0.2ms
[2025-10-15T05:51:06.605-0700][1246 ][debug][gc,remset   ] GC(343) Coarsening (recent): Inline->AoC 40588 (0) AoC->Howl 318 (0) Howl->Full 0 (0) Inline->AoC 1339 (0) AoC->BitMap 229 (0) BitMap->Full 0 (0) 
[2025-10-15T05:51:06.605-0700][1246 ][debug][gc,remset   ] GC(343) Coarsening (all): Inline->AoC 10421633 (323) AoC->Howl 238141 (877) Howl->Full 0 (0) Inline->AoC 951176 (269) AoC->BitMap 252289 (721) BitMap->Full 7 (0) 
[2025-10-15T05:51:06.605-0700][1246 ][info ][gc,heap     ] GC(343) Eden regions: 2203->0(2960)
[2025-10-15T05:51:06.605-0700][1246 ][info ][gc,heap     ] GC(343) Survivor regions: 233->177(305)
[2025-10-15T05:51:06.605-0700][1246 ][info ][gc,heap     ] GC(343) Old regions: 964->994
[2025-10-15T05:51:06.605-0700][1246 ][info ][gc,heap     ] GC(343) Humongous regions: 8->0
[2025-10-15T05:51:06.605-0700][1246 ][info ][gc,metaspace] GC(343) Metaspace: 319882K(326464K)->319882K(326464K) NonClass: 282605K(286144K)->282605K(286144K) Class: 37277K(40320K)->37277K(40320K)
[2025-10-15T05:51:06.605-0700][1246 ][info ][gc          ] GC(343) Pause Young (Mixed) (G1 Evacuation Pause) 109023M->37459M(184320M) 181.826ms
[2025-10-15T05:51:06.606-0700][1246 ][info ][gc,cpu      ] GC(343) User=17.99s Sys=0.28s Real=0.18s
[2025-10-15T05:51:06.607-0700][1246 ][info ][safepoint   ] Safepoint "G1CollectForAllocation", Time since last: 1447441122 ns, Reaching safepoint: 969892 ns, Cleanup: 5358 ns, At safepoint: 185303635 ns, Total: 186278885 ns
[2025-10-15T05:51:07.608-0700][1246 ][info ][safepoint   ] Safepoint "Cleanup", Time since last: 1000087004 ns, Reaching safepoint: 737041 ns, Cleanup: 13070 ns, At safepoint: 143496 ns, Total: 893607 ns
[2025-10-15T05:51:12.609-0700][1246 ][info ][safepoint   ] Safepoint "Cleanup", Time since last: 5000347069 ns, Reaching safepoint: 822990 ns, Cleanup: 16815 ns, At safepoint: 221895 ns, Total: 1061700 ns
[2025-10-15T05:51:17.611-0700][1246 ][info ][safepoint   ] Safepoint "Cleanup", Time since last: 5000364084 ns, Reaching safepoint: 979967 ns, Cleanup: 32289 ns, At safepoint: 213682 ns, Total: 1225938 ns
[2025-10-15T05:51:18.613-0700][1246 ][info ][safepoint   ] Safepoint "Cleanup", Time since last: 1000098261 ns, Reaching safepoint: 986196 ns, Cleanup: 12289 ns, At safepoint: 389737 ns, Total: 1388222 ns
[2025-10-15T05:51:21.536-0700][1246 ][info ][gc,start    ] GC(344) Pause Young (Mixed) (G1 Evacuation Pause)
[2025-10-15T05:51:21.536-0700][1246 ][info ][gc,task     ] GC(344) Using 113 workers of 113 for evacuation
[2025-10-15T05:51:21.551-0700][1246 ][debug][gc,remset   ] GC(344) Visited cards 12434176 Total dirty 60882944 (20.42%) Total old 481951744 (2.58%)
[2025-10-15T05:51:21.682-0700][1246 ][debug][gc,remset   ] GC(344) Visited cards 116992 Total dirty 17956864 (0.65%) Total old 497156096 (0.02%)
[2025-10-15T05:51:21.698-0700][1246 ][info ][gc,phases   ] GC(344)   Pre Evacuate Collection Set: 0.7ms
[2025-10-15T05:51:21.698-0700][1246 ][info ][gc,phases   ] GC(344)   Merge Heap Roots: 13.4ms
[2025-10-15T05:51:21.698-0700][1246 ][info ][gc,phases   ] GC(344)   Evacuate Collection Set: 130.0ms
[2025-10-15T05:51:21.698-0700][1246 ][info ][gc,phases   ] GC(344)   Merge Optional Heap Roots: 0.9ms
[2025-10-15T05:51:21.698-0700][1246 ][info ][gc,phases   ] GC(344)   Evacuate Optional Collection Set: 0.8ms
[2025-10-15T05:51:21.698-0700][1246 ][info ][gc,phases   ] GC(344)   Post Evacuate Collection Set: 16.0ms
[2025-10-15T05:51:21.698-0700][1246 ][info ][gc,phases   ] GC(344)   Other: 0.2ms
[2025-10-15T05:51:21.698-0700][1246 ][debug][gc,remset   ] GC(344) Coarsening (recent): Inline->AoC 57289 (0) AoC->Howl 440 (0) Howl->Full 0 (0) Inline->AoC 1311 (0) AoC->BitMap 370 (0) BitMap->Full 0 (0) 
[2025-10-15T05:51:21.698-0700][1246 ][debug][gc,remset   ] GC(344) Coarsening (all): Inline->AoC 10478922 (323) AoC->Howl 238581 (877) Howl->Full 0 (0) Inline->AoC 952487 (269) AoC->BitMap 252659 (721) BitMap->Full 7 (0) 
[2025-10-15T05:51:21.698-0700][1246 ][info ][gc,heap     ] GC(344) Eden regions: 2967->0(2484)
[2025-10-15T05:51:21.698-0700][1246 ][info ][gc,heap     ] GC(344) Survivor regions: 177->213(393)
[2025-10-15T05:51:21.698-0700][1246 ][info ][gc,heap     ] GC(344) Old regions: 994->951
[2025-10-15T05:51:21.698-0700][1246 ][info ][gc,heap     ] GC(344) Humongous regions: 12->0
[2025-10-15T05:51:21.698-0700][1246 ][info ][gc,metaspace] GC(344) Metaspace: 319933K(326528K)->319933K(326528K) NonClass: 282653K(286208K)->282653K(286208K) Class: 37279K(40320K)->37279K(40320K)
[2025-10-15T05:51:21.698-0700][1246 ][info ][gc          ] GC(344) Pause Young (Mixed) (G1 Evacuation Pause) 132787M->37246M(184320M) 162.237ms
[2025-10-15T05:51:21.700-0700][1246 ][info ][gc,cpu      ] GC(344) User=15.83s Sys=0.59s Real=0.17s
[2025-10-15T05:51:21.701-0700][1246 ][info ][safepoint   ] Safepoint "G1CollectForAllocation", Time since last: 2921709997 ns, Reaching safepoint: 859786 ns, Cleanup: 36304 ns, At safepoint: 165616435 ns, Total: 166512525 ns
[2025-10-15T05:51:22.720-0700][1246 ][info ][safepoint   ] Safepoint "Cleanup", Time since last: 1000087074 ns, Reaching safepoint: 17379804 ns, Cleanup: 22323 ns, At safepoint: 1795096 ns, Total: 19197223 ns
[2025-10-15T05:51:23.722-0700][1246 ][info ][safepoint   ] Safepoint "Cleanup", Time since last: 1000116428 ns, Reaching safepoint: 801759 ns, Cleanup: 10926 ns, At safepoint: 597340 ns, Total: 1410025 ns
[2025-10-15T05:51:24.723-0700][1246 ][info ][safepoint   ] Safepoint "Cleanup", Time since last: 1000105823 ns, Reaching safepoint: 797802 ns, Cleanup: 21753 ns, At safepoint: 840307 ns, Total: 1659862 ns
[2025-10-15T05:51:30.726-0700][1246 ][info ][safepoint   ] Safepoint "Cleanup", Time since last: 6000427893 ns, Reaching safepoint: 1930129 ns, Cleanup: 19389 ns, At safepoint: 768408 ns, Total: 2717926 ns
[2025-10-15T05:51:31.728-0700][1246 ][info ][safepoint   ] Safepoint "Cleanup", Time since last: 1000102989 ns, Reaching safepoint: 941048 ns, Cleanup: 12839 ns, At safepoint: 822279 ns, Total: 1776166 ns
[2025-10-15T05:51:32.731-0700][1246 ][info ][safepoint   ] Safepoint "Cleanup", Time since last: 1000130410 ns, Reaching safepoint: 931674 ns, Cleanup: 9465 ns, At safepoint: 1256684 ns, Total: 2197823 ns
[2025-10-15T05:51:34.067-0700][1246 ][info ][gc,start    ] GC(345) Pause Young (Mixed) (G1 Evacuation Pause)
[2025-10-15T05:51:34.067-0700][1246 ][info ][gc,task     ] GC(345) Using 113 workers of 113 for evacuation
[2025-10-15T05:51:34.082-0700][1246 ][debug][gc,remset   ] GC(345) Visited cards 12891392 Total dirty 59637760 (21.62%) Total old 453246976 (2.84%)
[2025-10-15T05:51:34.268-0700][1246 ][info ][gc,mmu      ] GC(345) MMU target violated: 201.0ms (200.0ms/201.0ms)
[2025-10-15T05:51:34.268-0700][1246 ][info ][gc,phases   ] GC(345)   Pre Evacuate Collection Set: 0.8ms
[2025-10-15T05:51:34.268-0700][1246 ][info ][gc,phases   ] GC(345)   Merge Heap Roots: 13.9ms
[2025-10-15T05:51:34.268-0700][1246 ][info ][gc,phases   ] GC(345)   Evacuate Collection Set: 169.5ms
[2025-10-15T05:51:34.268-0700][1246 ][info ][gc,phases   ] GC(345)   Post Evacuate Collection Set: 17.1ms
[2025-10-15T05:51:34.268-0700][1246 ][info ][gc,phases   ] GC(345)   Other: 0.2ms
[2025-10-15T05:51:34.268-0700][1246 ][debug][gc,remset   ] GC(345) Coarsening (recent): Inline->AoC 40811 (0) AoC->Howl 315 (0) Howl->Full 0 (0) Inline->AoC 1473 (0) AoC->BitMap 164 (0) BitMap->Full 0 (0) 
[2025-10-15T05:51:34.268-0700][1246 ][debug][gc,remset   ] GC(345) Coarsening (all): Inline->AoC 10519733 (323) AoC->Howl 238896 (877) Howl->Full 0 (0) Inline->AoC 953960 (269) AoC->BitMap 252823 (721) BitMap->Full 7 (0) 
[2025-10-15T05:51:34.268-0700][1246 ][info ][gc,heap     ] GC(345) Eden regions: 2740->0(1965)
[2025-10-15T05:51:34.268-0700][1246 ][info ][gc,heap     ] GC(345) Survivor regions: 213->261(370)
[2025-10-15T05:51:34.268-0700][1246 ][info ][gc,heap     ] GC(345) Old regions: 951->952
[2025-10-15T05:51:34.268-0700][1246 ][info ][gc,heap     ] GC(345) Humongous regions: 16->0
[2025-10-15T05:51:34.268-0700][1246 ][info ][gc,metaspace] GC(345) Metaspace: 319965K(326592K)->319965K(326592K) NonClass: 282682K(286272K)->282682K(286272K) Class: 37283K(40320K)->37283K(40320K)
[2025-10-15T05:51:34.268-0700][1246 ][info ][gc          ] GC(345) Pause Young (Mixed) (G1 Evacuation Pause) 125438M->38781M(184320M) 201.700ms
[2025-10-15T05:51:34.270-0700][1246 ][info ][gc,cpu      ] GC(345) User=19.96s Sys=0.52s Real=0.21s
[2025-10-15T05:51:34.271-0700][1246 ][info ][safepoint   ] Safepoint "G1CollectForAllocation", Time since last: 1334191100 ns, Reaching safepoint: 768979 ns, Cleanup: 6369 ns, At safepoint: 205566855 ns, Total: 206342203 ns
[2025-10-15T05:51:35.273-0700][1246 ][info ][safepoint   ] Safepoint "Cleanup", Time since last: 1000049157 ns, Reaching safepoint: 1371677 ns, Cleanup: 10977 ns, At safepoint: 261464 ns, Total: 1644118 ns
[2025-10-15T05:51:38.274-0700][1246 ][info ][safepoint   ] Safepoint "Cleanup", Time since last: 3000231638 ns, Reaching safepoint: 867408 ns, Cleanup: 18067 ns, At safepoint: 254533 ns, Total: 1140008 ns
[2025-10-15T05:51:39.276-0700][1246 ][info ][safepoint   ] Safepoint "Cleanup", Time since last: 1000102037 ns, Reaching safepoint: 885575 ns, Cleanup: 11628 ns, At safepoint: 269556 ns, Total: 1166759 ns
[2025-10-15T05:51:40.277-0700][1246 ][info ][safepoint   ] Safepoint "Cleanup", Time since last: 1000105151 ns, Reaching safepoint: 973618 ns, Cleanup: 19559 ns, At safepoint: 759104 ns, Total: 1752281 ns
[2025-10-15T05:51:42.279-0700][1246 ][info ][safepoint   ] Safepoint "Cleanup", Time since last: 2000173658 ns, Reaching safepoint: 885184 ns, Cleanup: 14312 ns, At safepoint: 313002 ns, Total: 1212498 ns
[2025-10-15T05:51:44.280-0700][1246 ][info ][safepoint   ] Safepoint "Cleanup", Time since last: 2000154609 ns, Reaching safepoint: 949200 ns, Cleanup: 17437 ns, At safepoint: 276436 ns, Total: 1243073 ns
[2025-10-15T05:51:45.282-0700][1246 ][info ][safepoint   ] Safepoint "Cleanup", Time since last: 1000073194 ns, Reaching safepoint: 874107 ns, Cleanup: 10917 ns, At safepoint: 851683 ns, Total: 1736707 ns
[2025-10-15T05:51:45.822-0700][1246 ][info ][gc,start    ] GC(346) Pause Young (Normal) (G1 Evacuation Pause)
[2025-10-15T05:51:45.822-0700][1246 ][info ][gc,task     ] GC(346) Using 113 workers of 113 for evacuation
[2025-10-15T05:51:45.836-0700][1246 ][debug][gc,remset   ] GC(346) Visited cards 8924672 Total dirty 59572224 (14.98%) Total old 374341632 (2.38%)
[2025-10-15T05:51:45.988-0700][1246 ][info ][gc,phases   ] GC(346)   Pre Evacuate Collection Set: 0.7ms
[2025-10-15T05:51:45.988-0700][1246 ][info ][gc,phases   ] GC(346)   Merge Heap Roots: 13.0ms
[2025-10-15T05:51:45.988-0700][1246 ][info ][gc,phases   ] GC(346)   Evacuate Collection Set: 140.0ms
[2025-10-15T05:51:45.988-0700][1246 ][info ][gc,phases   ] GC(346)   Post Evacuate Collection Set: 12.5ms
[2025-10-15T05:51:45.988-0700][1246 ][info ][gc,phases   ] GC(346)   Other: 0.1ms
[2025-10-15T05:51:45.988-0700][1246 ][debug][gc,remset   ] GC(346) Coarsening (recent): Inline->AoC 42624 (0) AoC->Howl 284 (0) Howl->Full 0 (0) Inline->AoC 1079 (0) AoC->BitMap 186 (0) BitMap->Full 0 (0) 
[2025-10-15T05:51:45.988-0700][1246 ][debug][gc,remset   ] GC(346) Coarsening (all): Inline->AoC 10562357 (323) AoC->Howl 239180 (877) Howl->Full 0 (0) Inline->AoC 955039 (269) AoC->BitMap 253009 (721) BitMap->Full 7 (0) 
[2025-10-15T05:51:45.988-0700][1246 ][info ][gc,heap     ] GC(346) Eden regions: 2112->0(3327)
[2025-10-15T05:51:45.988-0700][1246 ][info ][gc,heap     ] GC(346) Survivor regions: 261->129(297)
[2025-10-15T05:51:45.988-0700][1246 ][info ][gc,heap     ] GC(346) Old regions: 952->1070
[2025-10-15T05:51:45.988-0700][1246 ][info ][gc,heap     ] GC(346) Humongous regions: 14->0
[2025-10-15T05:51:45.988-0700][1246 ][info ][gc,metaspace] GC(346) Metaspace: 320053K(326656K)->320053K(326656K) NonClass: 282763K(286336K)->282763K(286336K) Class: 37290K(40320K)->37290K(40320K)
[2025-10-15T05:51:45.988-0700][1246 ][info ][gc          ] GC(346) Pause Young (Normal) (G1 Evacuation Pause) 106813M->38346M(184320M) 166.561ms
[2025-10-15T05:51:45.990-0700][1246 ][info ][gc,cpu      ] GC(346) User=16.31s Sys=0.37s Real=0.17s
[2025-10-15T05:51:45.991-0700][1246 ][info ][safepoint   ] Safepoint "G1CollectForAllocation", Time since last: 537741443 ns, Reaching safepoint: 890312 ns, Cleanup: 4707 ns, At safepoint: 170032480 ns, Total: 170927499 ns
[2025-10-15T05:51:46.992-0700][1246 ][info ][safepoint   ] Safepoint "Cleanup", Time since last: 1000079683 ns, Reaching safepoint: 829830 ns, Cleanup: 17006 ns, At safepoint: 182084 ns, Total: 1028920 ns
[2025-10-15T05:51:49.994-0700][1246 ][info ][safepoint   ] Safepoint "Cleanup", Time since last: 3000233612 ns, Reaching safepoint: 1426970 ns, Cleanup: 14002 ns, At safepoint: 160962 ns, Total: 1601934 ns
[2025-10-15T05:51:51.995-0700][1246 ][info ][safepoint   ] Safepoint "Cleanup", Time since last: 2000160428 ns, Reaching safepoint: 1041269 ns, Cleanup: 15584 ns, At safepoint: 222946 ns, Total: 1279799 ns
[2025-10-15T05:51:52.996-0700][1246 ][info ][safepoint   ] Safepoint "Cleanup", Time since last: 1000107816 ns, Reaching safepoint: 862169 ns, Cleanup: 40291 ns, At safepoint: 165870 ns, Total: 1068330 ns
[2025-10-15T05:51:53.997-0700][1246 ][info ][safepoint   ] Safepoint "Cleanup", Time since last: 1000106433 ns, Reaching safepoint: 761077 ns, Cleanup: 26210 ns, At safepoint: 394604 ns, Total: 1181891 ns
[2025-10-15T05:51:54.999-0700][1246 ][info ][safepoint   ] Safepoint "Cleanup", Time since last: 1000105813 ns, Reaching safepoint: 739505 ns, Cleanup: 13530 ns, At safepoint: 257358 ns, Total: 1010393 ns
[2025-10-15T05:51:56.000-0700][1246 ][info ][safepoint   ] Safepoint "Cleanup", Time since last: 1000096739 ns, Reaching safepoint: 1013297 ns, Cleanup: 14201 ns, At safepoint: 628077 ns, Total: 1655575 ns
[2025-10-15T05:51:57.002-0700][1246 ][info ][safepoint   ] Safepoint "Cleanup", Time since last: 1000116138 ns, Reaching safepoint: 1005035 ns, Cleanup: 16304 ns, At safepoint: 881799 ns, Total: 1903138 ns
[2025-10-15T05:51:58.016-0700][1246 ][info ][safepoint   ] Safepoint "Cleanup", Time since last: 1000106955 ns, Reaching safepoint: 9437142 ns, Cleanup: 13631 ns, At safepoint: 4118637 ns, Total: 13569410 ns
[2025-10-15T05:51:59.018-0700][1246 ][info ][safepoint   ] Safepoint "Cleanup", Time since last: 1000159964 ns, Reaching safepoint: 941599 ns, Cleanup: 13851 ns, At safepoint: 1208972 ns, Total: 2164422 ns
[2025-10-15T05:52:00.557-0700][1246 ][info ][gc,start    ] GC(347) Pause Young (Concurrent Start) (G1 Humongous Allocation)
[2025-10-15T05:52:00.557-0700][1246 ][info ][gc,task     ] GC(347) Using 113 workers of 113 for evacuation
[2025-10-15T05:52:00.573-0700][1246 ][debug][gc,remset   ] GC(347) Visited cards 9056000 Total dirty 66125824 (13.70%) Total old 487522304 (1.86%)
[2025-10-15T05:52:00.702-0700][1246 ][info ][gc,phases   ] GC(347)   Pre Evacuate Collection Set: 1.0ms
[2025-10-15T05:52:00.702-0700][1246 ][info ][gc,phases   ] GC(347)   Merge Heap Roots: 14.8ms
[2025-10-15T05:52:00.702-0700][1246 ][info ][gc,phases   ] GC(347)   Evacuate Collection Set: 115.4ms
[2025-10-15T05:52:00.702-0700][1246 ][info ][gc,phases   ] GC(347)   Post Evacuate Collection Set: 13.6ms
[2025-10-15T05:52:00.702-0700][1246 ][info ][gc,phases   ] GC(347)   Other: 0.2ms
[2025-10-15T05:52:00.702-0700][1246 ][debug][gc,remset   ] GC(347) Coarsening (recent): Inline->AoC 15053 (0) AoC->Howl 30 (0) Howl->Full 0 (0) Inline->AoC 87 (0) AoC->BitMap 26 (0) BitMap->Full 0 (0) 
[2025-10-15T05:52:00.702-0700][1246 ][debug][gc,remset   ] GC(347) Coarsening (all): Inline->AoC 10577410 (323) AoC->Howl 239210 (877) Howl->Full 0 (0) Inline->AoC 955126 (269) AoC->BitMap 253035 (721) BitMap->Full 7 (0) 
[2025-10-15T05:52:00.703-0700][1246 ][info ][gc,heap     ] GC(347) Eden regions: 3049->0(3005)
[2025-10-15T05:52:00.703-0700][1246 ][info ][gc,heap     ] GC(347) Survivor regions: 129->212(432)
[2025-10-15T05:52:00.703-0700][1246 ][info ][gc,heap     ] GC(347) Old regions: 1070->1070
[2025-10-15T05:52:00.703-0700][1246 ][info ][gc,heap     ] GC(347) Humongous regions: 13->0
[2025-10-15T05:52:00.703-0700][1246 ][info ][gc,metaspace] GC(347) Metaspace: 320099K(326720K)->320099K(326720K) NonClass: 282805K(286400K)->282805K(286400K) Class: 37293K(40320K)->37293K(40320K)
[2025-10-15T05:52:00.703-0700][1246 ][info ][gc          ] GC(347) Pause Young (Concurrent Start) (G1 Humongous Allocation) 136318M->40997M(184320M) 145.214ms
[2025-10-15T05:52:00.703-0700][1085 ][info ][gc          ] GC(348) Concurrent Undo Cycle
[2025-10-15T05:52:00.703-0700][1085 ][info ][gc,marking  ] GC(348) Concurrent Clear Claimed Marks
[2025-10-15T05:52:00.704-0700][1246 ][info ][gc,cpu      ] GC(347) User=14.72s Sys=0.13s Real=0.15s
[2025-10-15T05:52:00.704-0700][1085 ][info ][gc,marking  ] GC(348) Concurrent Clear Claimed Marks 0.941ms
[2025-10-15T05:52:00.704-0700][1085 ][info ][gc,marking  ] GC(348) Concurrent Cleanup for Next Mark
[2025-10-15T05:52:00.705-0700][1246 ][info ][safepoint   ] Safepoint "G1TryInitiateConcMark", Time since last: 1536703451 ns, Reaching safepoint: 1103854 ns, Cleanup: 4527 ns, At safepoint: 148780540 ns, Total: 149888921 ns
[2025-10-15T05:52:00.706-0700][1085 ][info ][gc,marking  ] GC(348) Concurrent Cleanup for Next Mark 2.195ms
[2025-10-15T05:52:00.706-0700][1085 ][info ][gc          ] GC(348) Concurrent Undo Cycle 3.489ms
[2025-10-15T05:52:01.706-0700][1246 ][info ][safepoint   ] Safepoint "Cleanup", Time since last: 1000084691 ns, Reaching safepoint: 780366 ns, Cleanup: 52509 ns, At safepoint: 81222 ns, Total: 914097 ns
[2025-10-15T05:52:03.001-0700][1246 ][info ][safepoint   ] Safepoint "Cleanup", Time since last: 1293743391 ns, Reaching safepoint: 748207 ns, Cleanup: 14101 ns, At safepoint: 118058 ns, Total: 880366 ns
[2025-10-15T05:52:04.014-0700][1246 ][info ][safepoint   ] Safepoint "Cleanup", Time since last: 1000107125 ns, Reaching safepoint: 11289484 ns, Cleanup: 40421 ns, At safepoint: 1616116 ns, Total: 12946021 ns
[2025-10-15T05:52:08.015-0700][1246 ][info ][safepoint   ] Safepoint "Cleanup", Time since last: 4000290309 ns, Reaching safepoint: 753185 ns, Cleanup: 12729 ns, At safepoint: 142184 ns, Total: 908098 ns
[2025-10-15T05:52:09.016-0700][1246 ][info ][safepoint   ] Safepoint "Cleanup", Time since last: 1000100064 ns, Reaching safepoint: 858203 ns, Cleanup: 16876 ns, At safepoint: 284889 ns, Total: 1159968 ns
[2025-10-15T05:52:11.017-0700][1246 ][info ][safepoint   ] Safepoint "Cleanup", Time since last: 2000193447 ns, Reaching safepoint: 804603 ns, Cleanup: 65198 ns, At safepoint: 189135 ns, Total: 1058936 ns
[2025-10-15T05:52:12.031-0700][1246 ][info ][safepoint   ] Safepoint "Cleanup", Time since last: 1000097480 ns, Reaching safepoint: 11397888 ns, Cleanup: 28042 ns, At safepoint: 1791180 ns, Total: 13217110 ns
[2025-10-15T05:52:13.033-0700][1246 ][info ][safepoint   ] Safepoint "Cleanup", Time since last: 1000104190 ns, Reaching safepoint: 814467 ns, Cleanup: 21863 ns, At safepoint: 985976 ns, Total: 1822306 ns
[2025-10-15T05:52:14.035-0700][1246 ][info ][safepoint   ] Safepoint "Cleanup", Time since last: 1000103820 ns, Reaching safepoint: 922991 ns, Cleanup: 25598 ns, At safepoint: 1405549 ns, Total: 2354138 ns
[2025-10-15T05:52:15.038-0700][1246 ][info ][safepoint   ] Safepoint "Cleanup", Time since last: 1000175006 ns, Reaching safepoint: 927338 ns, Cleanup: 144608 ns, At safepoint: 1470105 ns, Total: 2542051 ns
[2025-10-15T05:52:17.040-0700][1246 ][info ][safepoint   ] Safepoint "Cleanup", Time since last: 2000208370 ns, Reaching safepoint: 894228 ns, Cleanup: 13350 ns, At safepoint: 1052276 ns, Total: 1959854 ns
[2025-10-15T05:52:18.057-0700][1246 ][info ][gc,start    ] GC(349) Pause Young (Normal) (G1 Evacuation Pause)
[2025-10-15T05:52:18.057-0700][1246 ][info ][gc,task     ] GC(349) Using 113 workers of 113 for evacuation
[2025-10-15T05:52:18.072-0700][1246 ][debug][gc,remset   ] GC(349) Visited cards 8984832 Total dirty 66125824 (13.59%) Total old 512163840 (1.75%)
[2025-10-15T05:52:18.232-0700][1246 ][info ][gc,phases   ] GC(349)   Pre Evacuate Collection Set: 0.7ms
[2025-10-15T05:52:18.232-0700][1246 ][info ][gc,phases   ] GC(349)   Merge Heap Roots: 13.9ms
[2025-10-15T05:52:18.232-0700][1246 ][info ][gc,phases   ] GC(349)   Evacuate Collection Set: 144.5ms
[2025-10-15T05:52:18.232-0700][1246 ][info ][gc,phases   ] GC(349)   Post Evacuate Collection Set: 15.4ms
[2025-10-15T05:52:18.232-0700][1246 ][info ][gc,phases   ] GC(349)   Other: 0.2ms
[2025-10-15T05:52:18.232-0700][1246 ][debug][gc,remset   ] GC(349) Coarsening (recent): Inline->AoC 41968 (3) AoC->Howl 90 (6) Howl->Full 0 (0) Inline->AoC 383 (4) AoC->BitMap 50 (5) BitMap->Full 0 (0) 
[2025-10-15T05:52:18.232-0700][1246 ][debug][gc,remset   ] GC(349) Coarsening (all): Inline->AoC 10619378 (326) AoC->Howl 239300 (883) Howl->Full 0 (0) Inline->AoC 955509 (273) AoC->BitMap 253085 (726) BitMap->Full 7 (0) 
[2025-10-15T05:52:18.232-0700][1246 ][info ][gc,heap     ] GC(349) Eden regions: 3150->0(2288)
[2025-10-15T05:52:18.232-0700][1246 ][info ][gc,heap     ] GC(349) Survivor regions: 212->253(421)
[2025-10-15T05:52:18.232-0700][1246 ][info ][gc,heap     ] GC(349) Old regions: 1070->1070
[2025-10-15T05:52:18.232-0700][1246 ][info ][gc,heap     ] GC(349) Humongous regions: 21->0
[2025-10-15T05:52:18.232-0700][1246 ][info ][gc,metaspace] GC(349) Metaspace: 320121K(326720K)->320121K(326720K) NonClass: 282824K(286400K)->282824K(286400K) Class: 37297K(40320K)->37297K(40320K)
[2025-10-15T05:52:18.232-0700][1246 ][info ][gc          ] GC(349) Pause Young (Normal) (G1 Evacuation Pause) 142469M->42333M(184320M) 174.780ms
[2025-10-15T05:52:18.233-0700][1246 ][info ][gc,cpu      ] GC(349) User=17.15s Sys=0.33s Real=0.18s
[2025-10-15T05:52:18.234-0700][1246 ][info ][safepoint   ] Safepoint "G1CollectForAllocation", Time since last: 1015036875 ns, Reaching safepoint: 1002170 ns, Cleanup: 5399 ns, At safepoint: 178297926 ns, Total: 179305495 ns
[2025-10-15T05:52:19.235-0700][1246 ][info ][safepoint   ] Safepoint "Cleanup", Time since last: 1000088206 ns, Reaching safepoint: 816801 ns, Cleanup: 33871 ns, At safepoint: 90927 ns, Total: 941599 ns
[2025-10-15T05:52:21.236-0700][1246 ][info ][safepoint   ] Safepoint "Cleanup", Time since last: 2000156552 ns, Reaching safepoint: 808228 ns, Cleanup: 22854 ns, At safepoint: 180302 ns, Total: 1011384 ns
[2025-10-15T05:52:22.238-0700][1246 ][info ][safepoint   ] Safepoint "Cleanup", Time since last: 1000111972 ns, Reaching safepoint: 919576 ns, Cleanup: 65338 ns, At safepoint: 269767 ns, Total: 1254681 ns
[2025-10-15T05:52:23.240-0700][1246 ][info ][safepoint   ] Safepoint "Cleanup", Time since last: 1000106894 ns, Reaching safepoint: 1182632 ns, Cleanup: 28152 ns, At safepoint: 434135 ns, Total: 1644919 ns
[2025-10-15T05:52:25.241-0700][1246 ][info ][safepoint   ] Safepoint "Cleanup", Time since last: 2000167318 ns, Reaching safepoint: 751382 ns, Cleanup: 31978 ns, At safepoint: 96015 ns, Total: 879375 ns
[2025-10-15T05:52:28.250-0700][1246 ][info ][safepoint   ] Safepoint "Cleanup", Time since last: 3000221482 ns, Reaching safepoint: 7571461 ns, Cleanup: 18388 ns, At safepoint: 1873353 ns, Total: 9463202 ns
[2025-10-15T05:52:29.151-0700][1246 ][info ][gc,start    ] GC(350) Pause Young (Normal) (G1 Evacuation Pause)
[2025-10-15T05:52:29.151-0700][1246 ][info ][gc,task     ] GC(350) Using 113 workers of 113 for evacuation
[2025-10-15T05:52:29.165-0700][1246 ][debug][gc,remset   ] GC(350) Visited cards 9055488 Total dirty 66256896 (13.67%) Total old 438304768 (2.07%)
[2025-10-15T05:52:29.325-0700][1246 ][info ][gc,phases   ] GC(350)   Pre Evacuate Collection Set: 0.7ms
[2025-10-15T05:52:29.325-0700][1246 ][info ][gc,phases   ] GC(350)   Merge Heap Roots: 13.3ms
[2025-10-15T05:52:29.325-0700][1246 ][info ][gc,phases   ] GC(350)   Evacuate Collection Set: 144.9ms
[2025-10-15T05:52:29.325-0700][1246 ][info ][gc,phases   ] GC(350)   Post Evacuate Collection Set: 14.7ms
[2025-10-15T05:52:29.325-0700][1246 ][info ][gc,phases   ] GC(350)   Other: 0.2ms
[2025-10-15T05:52:29.325-0700][1246 ][debug][gc,remset   ] GC(350) Coarsening (recent): Inline->AoC 32341 (1) AoC->Howl 136 (1) Howl->Full 0 (0) Inline->AoC 576 (0) AoC->BitMap 105 (0) BitMap->Full 0 (0) 
[2025-10-15T05:52:29.325-0700][1246 ][debug][gc,remset   ] GC(350) Coarsening (all): Inline->AoC 10651719 (327) AoC->Howl 239436 (884) Howl->Full 0 (0) Inline->AoC 956085 (273) AoC->BitMap 253190 (726) BitMap->Full 7 (0) 
[2025-10-15T05:52:29.325-0700][1246 ][info ][gc,heap     ] GC(350) Eden regions: 2547->0(3277)
[2025-10-15T05:52:29.325-0700][1246 ][info ][gc,heap     ] GC(350) Survivor regions: 253->179(350)
[2025-10-15T05:52:29.325-0700][1246 ][info ][gc,heap     ] GC(350) Old regions: 1070->1153
[2025-10-15T05:52:29.325-0700][1246 ][info ][gc,heap     ] GC(350) Humongous regions: 18->0
[2025-10-15T05:52:29.325-0700][1246 ][info ][gc,metaspace] GC(350) Metaspace: 320125K(326784K)->320125K(326784K) NonClass: 282827K(286400K)->282827K(286400K) Class: 37298K(40384K)->37298K(40384K)
[2025-10-15T05:52:29.325-0700][1246 ][info ][gc          ] GC(350) Pause Young (Normal) (G1 Evacuation Pause) 124413M->42623M(184320M) 173.871ms
[2025-10-15T05:52:29.326-0700][1246 ][info ][gc,cpu      ] GC(350) User=17.93s Sys=0.20s Real=0.17s
[2025-10-15T05:52:29.327-0700][1246 ][info ][safepoint   ] Safepoint "G1CollectForAllocation", Time since last: 898487972 ns, Reaching safepoint: 859025 ns, Cleanup: 4567 ns, At safepoint: 177401586 ns, Total: 178265178 ns
[2025-10-15T05:52:29.792-0700][1246 ][info ][gc,start    ] GC(351) Pause Young (Concurrent Start) (G1 Humongous Allocation)
[2025-10-15T05:52:29.792-0700][1246 ][info ][gc,task     ] GC(351) Using 113 workers of 113 for evacuation
[2025-10-15T05:52:29.803-0700][1246 ][debug][gc,remset   ] GC(351) Visited cards 8542464 Total dirty 70451200 (12.13%) Total old 115539968 (7.39%)
[2025-10-15T05:52:29.907-0700][1246 ][info ][gc,phases   ] GC(351)   Pre Evacuate Collection Set: 0.8ms
[2025-10-15T05:52:29.907-0700][1246 ][info ][gc,phases   ] GC(351)   Merge Heap Roots: 9.9ms
[2025-10-15T05:52:29.907-0700][1246 ][info ][gc,phases   ] GC(351)   Evacuate Collection Set: 94.1ms
[2025-10-15T05:52:29.907-0700][1246 ][info ][gc,phases   ] GC(351)   Post Evacuate Collection Set: 10.3ms
[2025-10-15T05:52:29.907-0700][1246 ][info ][gc,phases   ] GC(351)   Other: 0.1ms
[2025-10-15T05:52:29.907-0700][1246 ][debug][gc,remset   ] GC(351) Coarsening (recent): Inline->AoC 13 (0) AoC->Howl 0 (0) Howl->Full 0 (0) Inline->AoC 0 (0) AoC->BitMap 0 (0) BitMap->Full 0 (0) 
[2025-10-15T05:52:29.907-0700][1246 ][debug][gc,remset   ] GC(351) Coarsening (all): Inline->AoC 10651732 (327) AoC->Howl 239436 (884) Howl->Full 0 (0) Inline->AoC 956085 (273) AoC->BitMap 253190 (726) BitMap->Full 7 (0) 
[2025-10-15T05:52:29.907-0700][1246 ][info ][gc,heap     ] GC(351) Eden regions: 126->0(1614)
[2025-10-15T05:52:29.907-0700][1246 ][info ][gc,heap     ] GC(351) Survivor regions: 179->169(432)
[2025-10-15T05:52:29.907-0700][1246 ][info ][gc,heap     ] GC(351) Old regions: 1153->1153
[2025-10-15T05:52:29.907-0700][1246 ][info ][gc,heap     ] GC(351) Humongous regions: 0->0
[2025-10-15T05:52:29.907-0700][1246 ][info ][gc,metaspace] GC(351) Metaspace: 320127K(326784K)->320127K(326784K) NonClass: 282829K(286400K)->282829K(286400K) Class: 37298K(40384K)->37298K(40384K)
[2025-10-15T05:52:29.907-0700][1246 ][info ][gc          ] GC(351) Pause Young (Concurrent Start) (G1 Humongous Allocation) 46626M->42303M(184320M) 115.361ms
[2025-10-15T05:52:29.908-0700][1085 ][info ][gc          ] GC(352) Concurrent Mark Cycle
[2025-10-15T05:52:29.908-0700][1085 ][info ][gc,marking  ] GC(352) Concurrent Scan Root Regions
[2025-10-15T05:52:29.909-0700][1246 ][info ][gc,cpu      ] GC(351) User=10.24s Sys=0.00s Real=0.12s
[2025-10-15T05:52:29.910-0700][1246 ][info ][safepoint   ] Safepoint "G1TryInitiateConcMark", Time since last: 463008721 ns, Reaching safepoint: 776109 ns, Cleanup: 16285 ns, At safepoint: 119604108 ns, Total: 120396502 ns
[2025-10-15T05:52:29.973-0700][1085 ][info ][gc,marking  ] GC(352) Concurrent Scan Root Regions 65.502ms
[2025-10-15T05:52:29.973-0700][1085 ][info ][gc,marking  ] GC(352) Concurrent Mark
[2025-10-15T05:52:29.973-0700][1085 ][info ][gc,marking  ] GC(352) Concurrent Mark From Roots
[2025-10-15T05:52:29.973-0700][1085 ][info ][gc,task     ] GC(352) Using 36 workers of 36 for marking
[2025-10-15T05:52:30.252-0700][1085 ][info ][gc,marking  ] GC(352) Concurrent Mark From Roots 278.629ms
[2025-10-15T05:52:30.252-0700][1085 ][info ][gc,marking  ] GC(352) Concurrent Preclean
[2025-10-15T05:52:30.277-0700][1085 ][info ][gc,marking  ] GC(352) Concurrent Preclean 24.638ms
[2025-10-15T05:52:30.279-0700][1246 ][info ][gc,start    ] GC(352) Pause Remark
[2025-10-15T05:52:30.443-0700][1246 ][info ][gc          ] GC(352) Pause Remark 49073M->48177M(184320M) 163.842ms
[2025-10-15T05:52:30.444-0700][1246 ][info ][gc,cpu      ] GC(352) User=14.65s Sys=0.11s Real=0.16s
[2025-10-15T05:52:30.448-0700][1246 ][info ][safepoint   ] Safepoint "G1PauseRemark", Time since last: 366317075 ns, Reaching safepoint: 973938 ns, Cleanup: 15283 ns, At safepoint: 169897045 ns, Total: 170886266 ns
[2025-10-15T05:52:30.448-0700][1085 ][info ][gc,marking  ] GC(352) Concurrent Mark 474.531ms
[2025-10-15T05:52:30.448-0700][1085 ][info ][gc,marking  ] GC(352) Concurrent Rebuild Remembered Sets and Scrub Regions
[2025-10-15T05:52:30.792-0700][1085 ][info ][gc,marking  ] GC(352) Concurrent Rebuild Remembered Sets and Scrub Regions 343.981ms
[2025-10-15T05:52:30.794-0700][1246 ][info ][gc,start    ] GC(352) Pause Cleanup
[2025-10-15T05:52:30.796-0700][1246 ][info ][gc          ] GC(352) Pause Cleanup 50783M->50783M(184320M) 2.216ms
[2025-10-15T05:52:30.797-0700][1246 ][info ][gc,cpu      ] GC(352) User=0.02s Sys=0.00s Real=0.00s
[2025-10-15T05:52:30.798-0700][1246 ][info ][safepoint   ] Safepoint "G1PauseCleanup", Time since last: 344289387 ns, Reaching safepoint: 909490 ns, Cleanup: 34663 ns, At safepoint: 4670158 ns, Total: 5614311 ns
[2025-10-15T05:52:30.798-0700][1085 ][info ][gc,marking  ] GC(352) Concurrent Clear Claimed Marks
[2025-10-15T05:52:30.799-0700][1085 ][info ][gc,marking  ] GC(352) Concurrent Clear Claimed Marks 0.884ms
[2025-10-15T05:52:30.799-0700][1085 ][info ][gc,marking  ] GC(352) Concurrent Cleanup for Next Mark
[2025-10-15T05:52:30.823-0700][1085 ][info ][gc,marking  ] GC(352) Concurrent Cleanup for Next Mark 24.790ms
[2025-10-15T05:52:30.823-0700][1085 ][info ][gc          ] GC(352) Concurrent Mark Cycle 915.605ms
[2025-10-15T05:52:31.799-0700][1246 ][info ][safepoint   ] Safepoint "Cleanup", Time since last: 1000079753 ns, Reaching safepoint: 1020278 ns, Cleanup: 11948 ns, At safepoint: 552132 ns, Total: 1584358 ns
[2025-10-15T05:52:36.154-0700][1246 ][info ][gc,start    ] GC(353) Pause Young (Prepare Mixed) (G1 Evacuation Pause)
[2025-10-15T05:52:36.154-0700][1246 ][info ][gc,task     ] GC(353) Using 113 workers of 113 for evacuation
[2025-10-15T05:52:36.169-0700][1246 ][debug][gc,remset   ] GC(353) Visited cards 9227264 Total dirty 71303168 (12.94%) Total old 288292864 (3.20%)
[2025-10-15T05:52:36.282-0700][1246 ][info ][gc,phases   ] GC(353)   Pre Evacuate Collection Set: 0.7ms
[2025-10-15T05:52:36.283-0700][1246 ][info ][gc,phases   ] GC(353)   Merge Heap Roots: 14.3ms
[2025-10-15T05:52:36.283-0700][1246 ][info ][gc,phases   ] GC(353)   Evacuate Collection Set: 100.4ms
[2025-10-15T05:52:36.283-0700][1246 ][info ][gc,phases   ] GC(353)   Post Evacuate Collection Set: 13.3ms
[2025-10-15T05:52:36.283-0700][1246 ][info ][gc,phases   ] GC(353)   Other: 0.1ms
[2025-10-15T05:52:36.283-0700][1246 ][debug][gc,remset   ] GC(353) Coarsening (recent): Inline->AoC 157364 (0) AoC->Howl 8453 (0) Howl->Full 0 (0) Inline->AoC 34046 (0) AoC->BitMap 9259 (0) BitMap->Full 0 (0) 
[2025-10-15T05:52:36.283-0700][1246 ][debug][gc,remset   ] GC(353) Coarsening (all): Inline->AoC 10809096 (327) AoC->Howl 247889 (884) Howl->Full 0 (0) Inline->AoC 990131 (273) AoC->BitMap 262449 (726) BitMap->Full 7 (0) 
[2025-10-15T05:52:36.283-0700][1246 ][info ][gc,heap     ] GC(353) Eden regions: 1465->0(2576)
[2025-10-15T05:52:36.283-0700][1246 ][info ][gc,heap     ] GC(353) Survivor regions: 169->94(205)
[2025-10-15T05:52:36.283-0700][1246 ][info ][gc,heap     ] GC(353) Old regions: 1125->1199
[2025-10-15T05:52:36.283-0700][1246 ][info ][gc,heap     ] GC(353) Humongous regions: 6->0
[2025-10-15T05:52:36.283-0700][1246 ][info ][gc,metaspace] GC(353) Metaspace: 320037K(326784K)->320037K(326784K) NonClass: 282755K(286400K)->282755K(286400K) Class: 37281K(40384K)->37281K(40384K)
[2025-10-15T05:52:36.283-0700][1246 ][info ][gc          ] GC(353) Pause Young (Prepare Mixed) (G1 Evacuation Pause) 88479M->41331M(184320M) 128.996ms
[2025-10-15T05:52:36.284-0700][1246 ][info ][gc,cpu      ] GC(353) User=12.10s Sys=0.08s Real=0.13s
[2025-10-15T05:52:36.285-0700][1246 ][info ][safepoint   ] Safepoint "G1CollectForAllocation", Time since last: 4351992007 ns, Reaching safepoint: 1110103 ns, Cleanup: 4486 ns, At safepoint: 132573705 ns, Total: 133688294 ns
[2025-10-15T05:52:42.286-0700][1246 ][info ][safepoint   ] Safepoint "Cleanup", Time since last: 6000420811 ns, Reaching safepoint: 863782 ns, Cleanup: 10566 ns, At safepoint: 167913 ns, Total: 1042261 ns
[2025-10-15T05:52:44.288-0700][1246 ][info ][safepoint   ] Safepoint "Cleanup", Time since last: 2000181970 ns, Reaching safepoint: 933137 ns, Cleanup: 13410 ns, At safepoint: 189505 ns, Total: 1136052 ns
[2025-10-15T05:52:46.289-0700][1246 ][info ][safepoint   ] Safepoint "Cleanup", Time since last: 2000163442 ns, Reaching safepoint: 746275 ns, Cleanup: 17667 ns, At safepoint: 112209 ns, Total: 876151 ns
[2025-10-15T05:52:47.290-0700][1246 ][info ][safepoint   ] Safepoint "Cleanup", Time since last: 1000095607 ns, Reaching safepoint: 835870 ns, Cleanup: 16895 ns, At safepoint: 180041 ns, Total: 1032806 ns
[2025-10-15T05:52:49.291-0700][1246 ][info ][safepoint   ] Safepoint "Cleanup", Time since last: 2000155791 ns, Reaching safepoint: 854628 ns, Cleanup: 18568 ns, At safepoint: 189425 ns, Total: 1062621 ns
[2025-10-15T05:52:50.292-0700][1246 ][info ][safepoint   ] Safepoint "Cleanup", Time since last: 1000098121 ns, Reaching safepoint: 805384 ns, Cleanup: 10826 ns, At safepoint: 177508 ns, Total: 993718 ns
[2025-10-15T05:52:51.293-0700][1246 ][info ][safepoint   ] Safepoint "Cleanup", Time since last: 1000115186 ns, Reaching safepoint: 815820 ns, Cleanup: 15183 ns, At safepoint: 206731 ns, Total: 1037734 ns
[2025-10-15T05:52:52.294-0700][1246 ][info ][safepoint   ] Safepoint "Cleanup", Time since last: 1000104380 ns, Reaching safepoint: 811704 ns, Cleanup: 10726 ns, At safepoint: 188764 ns, Total: 1011194 ns
[2025-10-15T05:52:52.415-0700][1246 ][info ][gc,start    ] GC(354) Pause Young (Mixed) (G1 Evacuation Pause)
[2025-10-15T05:52:52.415-0700][1246 ][info ][gc,task     ] GC(354) Using 113 workers of 113 for evacuation
[2025-10-15T05:52:52.430-0700][1246 ][debug][gc,remset   ] GC(354) Visited cards 10103040 Total dirty 72482816 (13.94%) Total old 465240064 (2.17%)
[2025-10-15T05:52:52.541-0700][1246 ][info ][gc,phases   ] GC(354)   Pre Evacuate Collection Set: 0.8ms
[2025-10-15T05:52:52.541-0700][1246 ][info ][gc,phases   ] GC(354)   Merge Heap Roots: 14.2ms
[2025-10-15T05:52:52.541-0700][1246 ][info ][gc,phases   ] GC(354)   Evacuate Collection Set: 97.9ms
[2025-10-15T05:52:52.541-0700][1246 ][info ][gc,phases   ] GC(354)   Post Evacuate Collection Set: 13.0ms
[2025-10-15T05:52:52.541-0700][1246 ][info ][gc,phases   ] GC(354)   Other: 0.2ms
[2025-10-15T05:52:52.541-0700][1246 ][debug][gc,remset   ] GC(354) Coarsening (recent): Inline->AoC 21377 (0) AoC->Howl 466 (0) Howl->Full 0 (0) Inline->AoC 1536 (0) AoC->BitMap 275 (0) BitMap->Full 0 (0) 
[2025-10-15T05:52:52.541-0700][1246 ][debug][gc,remset   ] GC(354) Coarsening (all): Inline->AoC 10830473 (327) AoC->Howl 248355 (884) Howl->Full 0 (0) Inline->AoC 991667 (273) AoC->BitMap 262724 (726) BitMap->Full 7 (0) 
[2025-10-15T05:52:52.541-0700][1246 ][info ][gc,heap     ] GC(354) Eden regions: 2814->0(2196)
[2025-10-15T05:52:52.541-0700][1246 ][info ][gc,heap     ] GC(354) Survivor regions: 94->157(364)
[2025-10-15T05:52:52.541-0700][1246 ][info ][gc,heap     ] GC(354) Old regions: 1199->1140
[2025-10-15T05:52:52.541-0700][1246 ][info ][gc,heap     ] GC(354) Humongous regions: 15->0
[2025-10-15T05:52:52.541-0700][1246 ][info ][gc,metaspace] GC(354) Metaspace: 320049K(326784K)->320049K(326784K) NonClass: 282767K(286400K)->282767K(286400K) Class: 37282K(40384K)->37282K(40384K)
[2025-10-15T05:52:52.541-0700][1246 ][info ][gc          ] GC(354) Pause Young (Mixed) (G1 Evacuation Pause) 131859M->41461M(184320M) 126.244ms
[2025-10-15T05:52:52.542-0700][1246 ][info ][gc,cpu      ] GC(354) User=11.77s Sys=0.09s Real=0.13s
[2025-10-15T05:52:52.543-0700][1246 ][info ][safepoint   ] Safepoint "G1CollectForAllocation", Time since last: 117964758 ns, Reaching safepoint: 932525 ns, Cleanup: 4477 ns, At safepoint: 129940967 ns, Total: 130877969 ns
[2025-10-15T05:52:57.992-0700][1246 ][info ][gc,start    ] GC(355) Pause Young (Mixed) (G1 Evacuation Pause)
[2025-10-15T05:52:57.992-0700][1246 ][info ][gc,task     ] GC(355) Using 113 workers of 113 for evacuation
[2025-10-15T05:52:58.006-0700][1246 ][debug][gc,remset   ] GC(355) Visited cards 9980416 Total dirty 69206016 (14.42%) Total old 431554560 (2.31%)
[2025-10-15T05:52:58.217-0700][1246 ][info ][gc,mmu      ] GC(355) MMU target violated: 201.0ms (200.0ms/201.0ms)
[2025-10-15T05:52:58.217-0700][1246 ][info ][gc,phases   ] GC(355)   Pre Evacuate Collection Set: 0.7ms
[2025-10-15T05:52:58.217-0700][1246 ][info ][gc,phases   ] GC(355)   Merge Heap Roots: 13.4ms
[2025-10-15T05:52:58.217-0700][1246 ][info ][gc,phases   ] GC(355)   Evacuate Collection Set: 197.3ms
[2025-10-15T05:52:58.217-0700][1246 ][info ][gc,phases   ] GC(355)   Post Evacuate Collection Set: 12.8ms
[2025-10-15T05:52:58.217-0700][1246 ][info ][gc,phases   ] GC(355)   Other: 0.2ms
[2025-10-15T05:52:58.217-0700][1246 ][debug][gc,remset   ] GC(355) Coarsening (recent): Inline->AoC 12744 (0) AoC->Howl 90 (0) Howl->Full 0 (0) Inline->AoC 360 (0) AoC->BitMap 40 (0) BitMap->Full 0 (0) 
[2025-10-15T05:52:58.217-0700][1246 ][debug][gc,remset   ] GC(355) Coarsening (all): Inline->AoC 10843217 (327) AoC->Howl 248445 (884) Howl->Full 0 (0) Inline->AoC 992027 (273) AoC->BitMap 262764 (726) BitMap->Full 7 (0) 
[2025-10-15T05:52:58.217-0700][1246 ][info ][gc,heap     ] GC(355) Eden regions: 2529->0(417)
[2025-10-15T05:52:58.217-0700][1246 ][info ][gc,heap     ] GC(355) Survivor regions: 157->336(336)
[2025-10-15T05:52:58.217-0700][1246 ][info ][gc,heap     ] GC(355) Old regions: 1140->1081
[2025-10-15T05:52:58.217-0700][1246 ][info ][gc,heap     ] GC(355) Humongous regions: 4->0
[2025-10-15T05:52:58.217-0700][1246 ][info ][gc,metaspace] GC(355) Metaspace: 320054K(326784K)->320054K(326784K) NonClass: 282771K(286400K)->282771K(286400K) Class: 37282K(40384K)->37282K(40384K)
[2025-10-15T05:52:58.217-0700][1246 ][info ][gc          ] GC(355) Pause Young (Mixed) (G1 Evacuation Pause) 122517M->45335M(184320M) 224.657ms
[2025-10-15T05:52:58.218-0700][1246 ][info ][gc,cpu      ] GC(355) User=22.66s Sys=0.12s Real=0.22s
[2025-10-15T05:52:58.219-0700][1246 ][info ][safepoint   ] Safepoint "G1CollectForAllocation", Time since last: 5446962101 ns, Reaching safepoint: 698593 ns, Cleanup: 4186 ns, At safepoint: 228165734 ns, Total: 228868513 ns
[2025-10-15T05:52:59.060-0700][1246 ][info ][gc,start    ] GC(356) Pause Young (Mixed) (G1 Evacuation Pause)
[2025-10-15T05:52:59.060-0700][1246 ][info ][gc,task     ] GC(356) Using 113 workers of 113 for evacuation
[2025-10-15T05:52:59.070-0700][1246 ][debug][gc,remset   ] GC(356) Visited cards 9671936 Total dirty 65142784 (14.85%) Total old 204472320 (4.73%)
[2025-10-15T05:52:59.287-0700][1246 ][info ][gc,mmu      ] GC(356) MMU target violated: 201.0ms (200.0ms/201.0ms)
[2025-10-15T05:52:59.287-0700][1246 ][info ][gc,phases   ] GC(356)   Pre Evacuate Collection Set: 0.7ms
[2025-10-15T05:52:59.287-0700][1246 ][info ][gc,phases   ] GC(356)   Merge Heap Roots: 9.6ms
[2025-10-15T05:52:59.287-0700][1246 ][info ][gc,phases   ] GC(356)   Evacuate Collection Set: 208.0ms
[2025-10-15T05:52:59.287-0700][1246 ][info ][gc,phases   ] GC(356)   Post Evacuate Collection Set: 9.2ms
[2025-10-15T05:52:59.287-0700][1246 ][info ][gc,phases   ] GC(356)   Other: 0.2ms
[2025-10-15T05:52:59.287-0700][1246 ][debug][gc,remset   ] GC(356) Coarsening (recent): Inline->AoC 5210 (0) AoC->Howl 150 (0) Howl->Full 0 (0) Inline->AoC 610 (0) AoC->BitMap 79 (0) BitMap->Full 0 (0) 
[2025-10-15T05:52:59.287-0700][1246 ][debug][gc,remset   ] GC(356) Coarsening (all): Inline->AoC 10848427 (327) AoC->Howl 248595 (884) Howl->Full 0 (0) Inline->AoC 992637 (273) AoC->BitMap 262843 (726) BitMap->Full 7 (0) 
[2025-10-15T05:52:59.287-0700][1246 ][info ][gc,heap     ] GC(356) Eden regions: 649->0(1804)
[2025-10-15T05:52:59.287-0700][1246 ][info ][gc,heap     ] GC(356) Survivor regions: 336->111(124)
[2025-10-15T05:52:59.287-0700][1246 ][info ][gc,heap     ] GC(356) Old regions: 1081->1326
[2025-10-15T05:52:59.287-0700][1246 ][info ][gc,heap     ] GC(356) Humongous regions: 0->0
[2025-10-15T05:52:59.287-0700][1246 ][info ][gc,metaspace] GC(356) Metaspace: 320054K(326784K)->320054K(326784K) NonClass: 282771K(286400K)->282771K(286400K) Class: 37282K(40384K)->37282K(40384K)
[2025-10-15T05:52:59.287-0700][1246 ][info ][gc          ] GC(356) Pause Young (Mixed) (G1 Evacuation Pause) 66103M->45965M(184320M) 227.844ms
[2025-10-15T05:52:59.289-0700][1246 ][info ][gc,cpu      ] GC(356) User=23.77s Sys=0.10s Real=0.23s
[2025-10-15T05:52:59.290-0700][1246 ][info ][safepoint   ] Safepoint "G1CollectForAllocation", Time since last: 838376095 ns, Reaching safepoint: 828789 ns, Cleanup: 18218 ns, At safepoint: 231455963 ns, Total: 232302970 ns
[2025-10-15T05:53:00.291-0700][1246 ][info ][safepoint   ] Safepoint "Cleanup", Time since last: 1000084550 ns, Reaching safepoint: 777962 ns, Cleanup: 18348 ns, At safepoint: 89224 ns, Total: 885534 ns
[2025-10-15T05:53:01.690-0700][1246 ][info ][gc,start    ] GC(357) Pause Young (Mixed) (G1 Evacuation Pause)
[2025-10-15T05:53:01.690-0700][1246 ][info ][gc,task     ] GC(357) Using 113 workers of 113 for evacuation
[2025-10-15T05:53:01.704-0700][1246 ][debug][gc,remset   ] GC(357) Visited cards 11843840 Total dirty 73334784 (16.15%) Total old 379518976 (3.12%)
[2025-10-15T05:53:01.872-0700][1246 ][info ][gc,phases   ] GC(357)   Pre Evacuate Collection Set: 0.7ms
[2025-10-15T05:53:01.872-0700][1246 ][info ][gc,phases   ] GC(357)   Merge Heap Roots: 13.0ms
[2025-10-15T05:53:01.872-0700][1246 ][info ][gc,phases   ] GC(357)   Evacuate Collection Set: 159.1ms
[2025-10-15T05:53:01.872-0700][1246 ][info ][gc,phases   ] GC(357)   Post Evacuate Collection Set: 9.5ms
[2025-10-15T05:53:01.872-0700][1246 ][info ][gc,phases   ] GC(357)   Other: 0.2ms
[2025-10-15T05:53:01.872-0700][1246 ][debug][gc,remset   ] GC(357) Coarsening (recent): Inline->AoC 11597 (0) AoC->Howl 122 (0) Howl->Full 0 (0) Inline->AoC 213 (0) AoC->BitMap 110 (0) BitMap->Full 0 (0) 
[2025-10-15T05:53:01.872-0700][1246 ][debug][gc,remset   ] GC(357) Coarsening (all): Inline->AoC 10860024 (327) AoC->Howl 248717 (884) Howl->Full 0 (0) Inline->AoC 992850 (273) AoC->BitMap 262953 (726) BitMap->Full 7 (0) 
[2025-10-15T05:53:01.872-0700][1246 ][info ][gc,heap     ] GC(357) Eden regions: 2082->0(598)
[2025-10-15T05:53:01.872-0700][1246 ][info ][gc,heap     ] GC(357) Survivor regions: 111->275(275)
[2025-10-15T05:53:01.872-0700][1246 ][info ][gc,heap     ] GC(357) Old regions: 1326->1292
[2025-10-15T05:53:01.872-0700][1246 ][info ][gc,heap     ] GC(357) Humongous regions: 10->0
[2025-10-15T05:53:01.872-0700][1246 ][info ][gc,metaspace] GC(357) Metaspace: 320055K(326784K)->320055K(326784K) NonClass: 282772K(286400K)->282772K(286400K) Class: 37282K(40384K)->37282K(40384K)
[2025-10-15T05:53:01.872-0700][1246 ][info ][gc          ] GC(357) Pause Young (Mixed) (G1 Evacuation Pause) 112909M->50144M(184320M) 182.603ms
[2025-10-15T05:53:01.874-0700][1246 ][info ][gc,cpu      ] GC(357) User=16.78s Sys=0.02s Real=0.18s
[2025-10-15T05:53:01.875-0700][1246 ][info ][safepoint   ] Safepoint "G1CollectForAllocation", Time since last: 1385294640 ns, Reaching safepoint: 12574451 ns, Cleanup: 14842 ns, At safepoint: 186155750 ns, Total: 198745043 ns
[2025-10-15T05:53:02.499-0700][1246 ][info ][gc,start    ] GC(358) Pause Young (Mixed) (G1 Evacuation Pause)
[2025-10-15T05:53:02.499-0700][1246 ][info ][gc,task     ] GC(358) Using 113 workers of 113 for evacuation
[2025-10-15T05:53:02.510-0700][1246 ][debug][gc,remset   ] GC(358) Visited cards 11891456 Total dirty 70713344 (16.82%) Total old 223936512 (5.31%)
[2025-10-15T05:53:02.672-0700][1246 ][info ][gc,phases   ] GC(358)   Pre Evacuate Collection Set: 0.6ms
[2025-10-15T05:53:02.672-0700][1246 ][info ][gc,phases   ] GC(358)   Merge Heap Roots: 10.2ms
[2025-10-15T05:53:02.672-0700][1246 ][info ][gc,phases   ] GC(358)   Evacuate Collection Set: 153.2ms
[2025-10-15T05:53:02.672-0700][1246 ][info ][gc,phases   ] GC(358)   Post Evacuate Collection Set: 8.4ms
[2025-10-15T05:53:02.672-0700][1246 ][info ][gc,phases   ] GC(358)   Other: 0.1ms
[2025-10-15T05:53:02.672-0700][1246 ][debug][gc,remset   ] GC(358) Coarsening (recent): Inline->AoC 5022 (0) AoC->Howl 78 (0) Howl->Full 0 (0) Inline->AoC 221 (0) AoC->BitMap 51 (0) BitMap->Full 0 (0) 
[2025-10-15T05:53:02.672-0700][1246 ][debug][gc,remset   ] GC(358) Coarsening (all): Inline->AoC 10865046 (327) AoC->Howl 248795 (884) Howl->Full 0 (0) Inline->AoC 993071 (273) AoC->BitMap 263004 (726) BitMap->Full 7 (0) 
[2025-10-15T05:53:02.672-0700][1246 ][info ][gc,heap     ] GC(358) Eden regions: 752->0(2493)
[2025-10-15T05:53:02.672-0700][1246 ][info ][gc,heap     ] GC(358) Survivor regions: 275->63(129)
[2025-10-15T05:53:02.672-0700][1246 ][info ][gc,heap     ] GC(358) Old regions: 1292->1490
[2025-10-15T05:53:02.672-0700][1246 ][info ][gc,heap     ] GC(358) Humongous regions: 2->0
[2025-10-15T05:53:02.672-0700][1246 ][info ][gc,metaspace] GC(358) Metaspace: 320058K(326784K)->320058K(326784K) NonClass: 282774K(286400K)->282774K(286400K) Class: 37283K(40384K)->37283K(40384K)
[2025-10-15T05:53:02.672-0700][1246 ][info ][gc          ] GC(358) Pause Young (Mixed) (G1 Evacuation Pause) 74272M->49658M(184320M) 172.707ms
[2025-10-15T05:53:02.673-0700][1246 ][info ][gc,cpu      ] GC(358) User=16.91s Sys=0.06s Real=0.17s
[2025-10-15T05:53:02.674-0700][1246 ][info ][safepoint   ] Safepoint "G1CollectForAllocation", Time since last: 622255846 ns, Reaching safepoint: 956431 ns, Cleanup: 6680 ns, At safepoint: 176362811 ns, Total: 177325922 ns
[2025-10-15T05:53:03.676-0700][1246 ][info ][safepoint   ] Safepoint "Cleanup", Time since last: 1000082777 ns, Reaching safepoint: 806346 ns, Cleanup: 27571 ns, At safepoint: 216597 ns, Total: 1050514 ns
[2025-10-15T05:53:04.677-0700][1246 ][info ][safepoint   ] Safepoint "Cleanup", Time since last: 1000135157 ns, Reaching safepoint: 854948 ns, Cleanup: 71177 ns, At safepoint: 347965 ns, Total: 1274090 ns
[2025-10-15T05:53:05.420-0700][1246 ][info ][gc,start    ] GC(359) Pause Young (Mixed) (G1 Evacuation Pause)
[2025-10-15T05:53:05.420-0700][1246 ][info ][gc,task     ] GC(359) Using 113 workers of 113 for evacuation
[2025-10-15T05:53:05.435-0700][1246 ][debug][gc,remset   ] GC(359) Visited cards 12346368 Total dirty 74186752 (16.64%) Total old 474873856 (2.60%)
[2025-10-15T05:53:05.531-0700][1246 ][info ][gc,phases   ] GC(359)   Pre Evacuate Collection Set: 0.8ms
[2025-10-15T05:53:05.531-0700][1246 ][info ][gc,phases   ] GC(359)   Merge Heap Roots: 13.5ms
[2025-10-15T05:53:05.531-0700][1246 ][info ][gc,phases   ] GC(359)   Evacuate Collection Set: 86.5ms
[2025-10-15T05:53:05.531-0700][1246 ][info ][gc,phases   ] GC(359)   Post Evacuate Collection Set: 9.7ms
[2025-10-15T05:53:05.531-0700][1246 ][info ][gc,phases   ] GC(359)   Other: 0.2ms
[2025-10-15T05:53:05.531-0700][1246 ][debug][gc,remset   ] GC(359) Coarsening (recent): Inline->AoC 10288 (1) AoC->Howl 109 (0) Howl->Full 0 (0) Inline->AoC 236 (0) AoC->BitMap 109 (0) BitMap->Full 0 (0) 
[2025-10-15T05:53:05.531-0700][1246 ][debug][gc,remset   ] GC(359) Coarsening (all): Inline->AoC 10875334 (328) AoC->Howl 248904 (884) Howl->Full 0 (0) Inline->AoC 993307 (273) AoC->BitMap 263113 (726) BitMap->Full 7 (0) 
[2025-10-15T05:53:05.531-0700][1246 ][info ][gc,heap     ] GC(359) Eden regions: 2779->0(2484)
[2025-10-15T05:53:05.531-0700][1246 ][info ][gc,heap     ] GC(359) Survivor regions: 63->98(356)
[2025-10-15T05:53:05.531-0700][1246 ][info ][gc,heap     ] GC(359) Old regions: 1490->1459
[2025-10-15T05:53:05.531-0700][1246 ][info ][gc,heap     ] GC(359) Humongous regions: 3->0
[2025-10-15T05:53:05.531-0700][1246 ][info ][gc,metaspace] GC(359) Metaspace: 320082K(326784K)->320082K(326784K) NonClass: 282794K(286400K)->282794K(286400K) Class: 37288K(40384K)->37288K(40384K)
[2025-10-15T05:53:05.531-0700][1246 ][info ][gc          ] GC(359) Pause Young (Mixed) (G1 Evacuation Pause) 138682M->49791M(184320M) 110.876ms
[2025-10-15T05:53:05.532-0700][1246 ][info ][gc,cpu      ] GC(359) User=8.65s Sys=0.17s Real=0.11s
[2025-10-15T05:53:05.534-0700][1246 ][info ][safepoint   ] Safepoint "G1CollectForAllocation", Time since last: 740648979 ns, Reaching safepoint: 1290204 ns, Cleanup: 32279 ns, At safepoint: 114625545 ns, Total: 115948028 ns
[2025-10-15T05:53:06.535-0700][1246 ][info ][safepoint   ] Safepoint "Cleanup", Time since last: 1000080144 ns, Reaching safepoint: 785193 ns, Cleanup: 24968 ns, At safepoint: 126871 ns, Total: 937032 ns
[2025-10-15T05:53:07.536-0700][1246 ][info ][safepoint   ] Safepoint "Cleanup", Time since last: 1000101627 ns, Reaching safepoint: 952675 ns, Cleanup: 20071 ns, At safepoint: 496698 ns, Total: 1469444 ns
[2025-10-15T05:53:08.551-0700][1246 ][info ][safepoint   ] Safepoint "Cleanup", Time since last: 1000096980 ns, Reaching safepoint: 13710363 ns, Cleanup: 17466 ns, At safepoint: 1496065 ns, Total: 15223894 ns
[2025-10-15T05:53:12.553-0700][1246 ][info ][safepoint   ] Safepoint "Cleanup", Time since last: 4000289479 ns, Reaching safepoint: 881088 ns, Cleanup: 13470 ns, At safepoint: 214363 ns, Total: 1108921 ns
[2025-10-15T05:53:13.554-0700][1246 ][info ][safepoint   ] Safepoint "Cleanup", Time since last: 1000097731 ns, Reaching safepoint: 915059 ns, Cleanup: 12358 ns, At safepoint: 287864 ns, Total: 1215281 ns
[2025-10-15T05:53:14.555-0700][1246 ][info ][safepoint   ] Safepoint "Cleanup", Time since last: 1000107295 ns, Reaching safepoint: 845294 ns, Cleanup: 20741 ns, At safepoint: 344079 ns, Total: 1210114 ns
[2025-10-15T05:53:15.973-0700][1246 ][info ][gc,start    ] GC(360) Pause Young (Mixed) (G1 Evacuation Pause)
[2025-10-15T05:53:15.973-0700][1246 ][info ][gc,task     ] GC(360) Using 113 workers of 113 for evacuation
[2025-10-15T05:53:15.989-0700][1246 ][debug][gc,remset   ] GC(360) Visited cards 13095424 Total dirty 73138176 (17.91%) Total old 458948608 (2.85%)
[2025-10-15T05:53:16.095-0700][1246 ][info ][gc,phases   ] GC(360)   Pre Evacuate Collection Set: 0.7ms
[2025-10-15T05:53:16.096-0700][1246 ][info ][gc,phases   ] GC(360)   Merge Heap Roots: 15.1ms
[2025-10-15T05:53:16.096-0700][1246 ][info ][gc,phases   ] GC(360)   Evacuate Collection Set: 94.8ms
[2025-10-15T05:53:16.096-0700][1246 ][info ][gc,phases   ] GC(360)   Post Evacuate Collection Set: 11.6ms
[2025-10-15T05:53:16.096-0700][1246 ][info ][gc,phases   ] GC(360)   Other: 0.2ms
[2025-10-15T05:53:16.096-0700][1246 ][debug][gc,remset   ] GC(360) Coarsening (recent): Inline->AoC 21151 (0) AoC->Howl 145 (0) Howl->Full 0 (0) Inline->AoC 514 (0) AoC->BitMap 95 (0) BitMap->Full 0 (0) 
[2025-10-15T05:53:16.096-0700][1246 ][debug][gc,remset   ] GC(360) Coarsening (all): Inline->AoC 10896485 (328) AoC->Howl 249049 (884) Howl->Full 0 (0) Inline->AoC 993821 (273) AoC->BitMap 263208 (726) BitMap->Full 7 (0) 
[2025-10-15T05:53:16.096-0700][1246 ][info ][gc,heap     ] GC(360) Eden regions: 2636->0(2365)
[2025-10-15T05:53:16.096-0700][1246 ][info ][gc,heap     ] GC(360) Survivor regions: 98->128(342)
[2025-10-15T05:53:16.096-0700][1246 ][info ][gc,heap     ] GC(360) Old regions: 1459->1406
[2025-10-15T05:53:16.096-0700][1246 ][info ][gc,heap     ] GC(360) Humongous regions: 7->0
[2025-10-15T05:53:16.096-0700][1246 ][info ][gc,metaspace] GC(360) Metaspace: 320089K(326784K)->320089K(326784K) NonClass: 282800K(286400K)->282800K(286400K) Class: 37288K(40384K)->37288K(40384K)
[2025-10-15T05:53:16.096-0700][1246 ][info ][gc          ] GC(360) Pause Young (Mixed) (G1 Evacuation Pause) 134367M->49067M(184320M) 122.640ms
[2025-10-15T05:53:16.097-0700][1246 ][info ][gc,cpu      ] GC(360) User=10.96s Sys=0.11s Real=0.12s
[2025-10-15T05:53:16.098-0700][1246 ][info ][safepoint   ] Safepoint "G1CollectForAllocation", Time since last: 1415256826 ns, Reaching safepoint: 986427 ns, Cleanup: 4867 ns, At safepoint: 126255353 ns, Total: 127246647 ns
[2025-10-15T05:53:17.100-0700][1246 ][info ][safepoint   ] Safepoint "Cleanup", Time since last: 1000082657 ns, Reaching safepoint: 916993 ns, Cleanup: 17165 ns, At safepoint: 548317 ns, Total: 1482475 ns
[2025-10-15T05:53:18.101-0700][1246 ][info ][safepoint   ] Safepoint "Cleanup", Time since last: 1000107865 ns, Reaching safepoint: 890102 ns, Cleanup: 19419 ns, At safepoint: 395336 ns, Total: 1304857 ns
[2025-10-15T05:53:20.102-0700][1246 ][info ][safepoint   ] Safepoint "Cleanup", Time since last: 2000166417 ns, Reaching safepoint: 697111 ns, Cleanup: 10045 ns, At safepoint: 121924 ns, Total: 829080 ns
[2025-10-15T05:53:21.103-0700][1246 ][info ][safepoint   ] Safepoint "Cleanup", Time since last: 1000111812 ns, Reaching safepoint: 833536 ns, Cleanup: 14702 ns, At safepoint: 123416 ns, Total: 971654 ns
[2025-10-15T05:53:22.104-0700][1246 ][info ][safepoint   ] Safepoint "Cleanup", Time since last: 1000104651 ns, Reaching safepoint: 840206 ns, Cleanup: 11337 ns, At safepoint: 274494 ns, Total: 1126037 ns
[2025-10-15T05:53:24.105-0700][1246 ][info ][safepoint   ] Safepoint "Cleanup", Time since last: 2000168550 ns, Reaching safepoint: 779395 ns, Cleanup: 14862 ns, At safepoint: 169095 ns, Total: 963352 ns
[2025-10-15T05:53:25.106-0700][1246 ][info ][safepoint   ] Safepoint "Cleanup", Time since last: 1000103730 ns, Reaching safepoint: 690450 ns, Cleanup: 19500 ns, At safepoint: 208995 ns, Total: 918945 ns
[2025-10-15T05:53:26.108-0700][1246 ][info ][safepoint   ] Safepoint "Cleanup", Time since last: 1000100925 ns, Reaching safepoint: 755529 ns, Cleanup: 10926 ns, At safepoint: 219581 ns, Total: 986036 ns
[2025-10-15T05:53:26.346-0700][1246 ][info ][gc,start    ] GC(361) Pause Young (Mixed) (G1 Evacuation Pause)
[2025-10-15T05:53:26.346-0700][1246 ][info ][gc,task     ] GC(361) Using 113 workers of 113 for evacuation
[2025-10-15T05:53:26.361-0700][1246 ][debug][gc,remset   ] GC(361) Visited cards 14287616 Total dirty 70647808 (20.22%) Total old 447938560 (3.19%)
[2025-10-15T05:53:26.498-0700][1246 ][info ][gc,phases   ] GC(361)   Pre Evacuate Collection Set: 0.7ms
[2025-10-15T05:53:26.498-0700][1246 ][info ][gc,phases   ] GC(361)   Merge Heap Roots: 14.3ms
[2025-10-15T05:53:26.498-0700][1246 ][info ][gc,phases   ] GC(361)   Evacuate Collection Set: 125.7ms
[2025-10-15T05:53:26.498-0700][1246 ][info ][gc,phases   ] GC(361)   Post Evacuate Collection Set: 11.1ms
[2025-10-15T05:53:26.498-0700][1246 ][info ][gc,phases   ] GC(361)   Other: 0.2ms
[2025-10-15T05:53:26.498-0700][1246 ][debug][gc,remset   ] GC(361) Coarsening (recent): Inline->AoC 24213 (0) AoC->Howl 170 (0) Howl->Full 0 (0) Inline->AoC 742 (0) AoC->BitMap 111 (0) BitMap->Full 0 (0) 
[2025-10-15T05:53:26.498-0700][1246 ][debug][gc,remset   ] GC(361) Coarsening (all): Inline->AoC 10920698 (328) AoC->Howl 249219 (884) Howl->Full 0 (0) Inline->AoC 994563 (273) AoC->BitMap 263319 (726) BitMap->Full 7 (0) 
[2025-10-15T05:53:26.498-0700][1246 ][info ][gc,heap     ] GC(361) Eden regions: 2549->0(2609)
[2025-10-15T05:53:26.498-0700][1246 ][info ][gc,heap     ] GC(361) Survivor regions: 128->171(335)
[2025-10-15T05:53:26.498-0700][1246 ][info ][gc,heap     ] GC(361) Old regions: 1406->1357
[2025-10-15T05:53:26.498-0700][1246 ][info ][gc,heap     ] GC(361) Humongous regions: 11->0
[2025-10-15T05:53:26.498-0700][1246 ][info ][gc,metaspace] GC(361) Metaspace: 320094K(326784K)->320094K(326784K) NonClass: 282805K(286400K)->282805K(286400K) Class: 37288K(40384K)->37288K(40384K)
[2025-10-15T05:53:26.498-0700][1246 ][info ][gc          ] GC(361) Pause Young (Mixed) (G1 Evacuation Pause) 130987M->48852M(184320M) 152.155ms
[2025-10-15T05:53:26.499-0700][1246 ][info ][gc,cpu      ] GC(361) User=13.01s Sys=0.07s Real=0.16s
[2025-10-15T05:53:26.500-0700][1246 ][info ][safepoint   ] Safepoint "G1CollectForAllocation", Time since last: 236115325 ns, Reaching safepoint: 914178 ns, Cleanup: 7251 ns, At safepoint: 155587169 ns, Total: 156508598 ns
[2025-10-15T05:53:27.501-0700][1246 ][info ][safepoint   ] Safepoint "Cleanup", Time since last: 1000085041 ns, Reaching safepoint: 760566 ns, Cleanup: 9985 ns, At safepoint: 157668 ns, Total: 928219 ns
[2025-10-15T05:53:28.502-0700][1246 ][info ][safepoint   ] Safepoint "Cleanup", Time since last: 1000075197 ns, Reaching safepoint: 795629 ns, Cleanup: 11026 ns, At safepoint: 121573 ns, Total: 928228 ns
[2025-10-15T05:53:29.503-0700][1246 ][info ][safepoint   ] Safepoint "Cleanup", Time since last: 1000076539 ns, Reaching safepoint: 755008 ns, Cleanup: 10436 ns, At safepoint: 144227 ns, Total: 909671 ns
[2025-10-15T05:53:30.504-0700][1246 ][info ][safepoint   ] Safepoint "Cleanup", Time since last: 1000087175 ns, Reaching safepoint: 861328 ns, Cleanup: 18127 ns, At safepoint: 222846 ns, Total: 1102301 ns
[2025-10-15T05:53:33.520-0700][1246 ][info ][safepoint   ] Safepoint "Cleanup", Time since last: 3000227352 ns, Reaching safepoint: 13575750 ns, Cleanup: 18428 ns, At safepoint: 2146365 ns, Total: 15740543 ns
[2025-10-15T05:53:37.522-0700][1246 ][info ][safepoint   ] Safepoint "Cleanup", Time since last: 4000297441 ns, Reaching safepoint: 923522 ns, Cleanup: 18217 ns, At safepoint: 359362 ns, Total: 1301101 ns
[2025-10-15T05:53:37.827-0700][1246 ][info ][gc,start    ] GC(362) Pause Young (Normal) (G1 Evacuation Pause)
[2025-10-15T05:53:37.827-0700][1246 ][info ][gc,task     ] GC(362) Using 113 workers of 113 for evacuation
[2025-10-15T05:53:37.841-0700][1246 ][debug][gc,remset   ] GC(362) Visited cards 8943104 Total dirty 65142784 (13.73%) Total old 467927040 (1.91%)
[2025-10-15T05:53:37.981-0700][1246 ][info ][gc,phases   ] GC(362)   Pre Evacuate Collection Set: 0.8ms
[2025-10-15T05:53:37.981-0700][1246 ][info ][gc,phases   ] GC(362)   Merge Heap Roots: 13.2ms
[2025-10-15T05:53:37.981-0700][1246 ][info ][gc,phases   ] GC(362)   Evacuate Collection Set: 125.9ms
[2025-10-15T05:53:37.981-0700][1246 ][info ][gc,phases   ] GC(362)   Post Evacuate Collection Set: 13.1ms
[2025-10-15T05:53:37.981-0700][1246 ][info ][gc,phases   ] GC(362)   Other: 0.2ms
[2025-10-15T05:53:37.981-0700][1246 ][debug][gc,remset   ] GC(362) Coarsening (recent): Inline->AoC 33768 (0) AoC->Howl 141 (0) Howl->Full 0 (0) Inline->AoC 679 (0) AoC->BitMap 85 (0) BitMap->Full 0 (0) 
[2025-10-15T05:53:37.981-0700][1246 ][debug][gc,remset   ] GC(362) Coarsening (all): Inline->AoC 10954466 (328) AoC->Howl 249360 (884) Howl->Full 0 (0) Inline->AoC 995242 (273) AoC->BitMap 263404 (726) BitMap->Full 7 (0) 
[2025-10-15T05:53:37.981-0700][1246 ][info ][gc,heap     ] GC(362) Eden regions: 2713->0(1788)
[2025-10-15T05:53:37.981-0700][1246 ][info ][gc,heap     ] GC(362) Survivor regions: 171->228(361)
[2025-10-15T05:53:37.981-0700][1246 ][info ][gc,heap     ] GC(362) Old regions: 1357->1357
[2025-10-15T05:53:37.981-0700][1246 ][info ][gc,heap     ] GC(362) Humongous regions: 15->0
[2025-10-15T05:53:37.981-0700][1246 ][info ][gc,metaspace] GC(362) Metaspace: 320095K(326784K)->320095K(326784K) NonClass: 282806K(286400K)->282806K(286400K) Class: 37288K(40384K)->37288K(40384K)
[2025-10-15T05:53:37.981-0700][1246 ][info ][gc          ] GC(362) Pause Young (Normal) (G1 Evacuation Pause) 136148M->50687M(184320M) 153.370ms
[2025-10-15T05:53:37.982-0700][1246 ][info ][gc,cpu      ] GC(362) User=15.09s Sys=0.33s Real=0.16s
[2025-10-15T05:53:37.983-0700][1246 ][info ][safepoint   ] Safepoint "G1CollectForAllocation", Time since last: 303362495 ns, Reaching safepoint: 881899 ns, Cleanup: 17136 ns, At safepoint: 156881139 ns, Total: 157780174 ns
[2025-10-15T05:53:38.984-0700][1246 ][info ][safepoint   ] Safepoint "Cleanup", Time since last: 1000085482 ns, Reaching safepoint: 955300 ns, Cleanup: 38578 ns, At safepoint: 260803 ns, Total: 1254681 ns
[2025-10-15T05:53:39.986-0700][1246 ][info ][safepoint   ] Safepoint "Cleanup", Time since last: 1000108457 ns, Reaching safepoint: 879185 ns, Cleanup: 10806 ns, At safepoint: 478771 ns, Total: 1368762 ns
[2025-10-15T05:53:45.987-0700][1246 ][info ][safepoint   ] Safepoint "Cleanup", Time since last: 6000368445 ns, Reaching safepoint: 892124 ns, Cleanup: 12209 ns, At safepoint: 196296 ns, Total: 1100629 ns
[2025-10-15T05:53:46.729-0700][1246 ][info ][gc,start    ] GC(363) Pause Young (Normal) (G1 Evacuation Pause)
[2025-10-15T05:53:46.729-0700][1246 ][info ][gc,task     ] GC(363) Using 113 workers of 113 for evacuation
[2025-10-15T05:53:46.743-0700][1246 ][debug][gc,remset   ] GC(363) Visited cards 8934912 Total dirty 65208320 (13.70%) Total old 369295360 (2.42%)
[2025-10-15T05:53:46.894-0700][1246 ][info ][gc,phases   ] GC(363)   Pre Evacuate Collection Set: 0.7ms
[2025-10-15T05:53:46.894-0700][1246 ][info ][gc,phases   ] GC(363)   Merge Heap Roots: 13.0ms
[2025-10-15T05:53:46.894-0700][1246 ][info ][gc,phases   ] GC(363)   Evacuate Collection Set: 138.7ms
[2025-10-15T05:53:46.894-0700][1246 ][info ][gc,phases   ] GC(363)   Post Evacuate Collection Set: 12.5ms
[2025-10-15T05:53:46.894-0700][1246 ][info ][gc,phases   ] GC(363)   Other: 0.1ms
[2025-10-15T05:53:46.894-0700][1246 ][debug][gc,remset   ] GC(363) Coarsening (recent): Inline->AoC 31050 (0) AoC->Howl 136 (0) Howl->Full 0 (0) Inline->AoC 608 (0) AoC->BitMap 67 (0) BitMap->Full 0 (0) 
[2025-10-15T05:53:46.894-0700][1246 ][debug][gc,remset   ] GC(363) Coarsening (all): Inline->AoC 10985516 (328) AoC->Howl 249496 (884) Howl->Full 0 (0) Inline->AoC 995850 (273) AoC->BitMap 263471 (726) BitMap->Full 7 (0) 
[2025-10-15T05:53:46.894-0700][1246 ][info ][gc,heap     ] GC(363) Eden regions: 1906->0(3308)
[2025-10-15T05:53:46.894-0700][1246 ][info ][gc,heap     ] GC(363) Survivor regions: 228->148(267)
[2025-10-15T05:53:46.894-0700][1246 ][info ][gc,heap     ] GC(363) Old regions: 1357->1445
[2025-10-15T05:53:46.894-0700][1246 ][info ][gc,heap     ] GC(363) Humongous regions: 10->0
[2025-10-15T05:53:46.894-0700][1246 ][info ][gc,metaspace] GC(363) Metaspace: 320096K(326784K)->320096K(326784K) NonClass: 282807K(286400K)->282807K(286400K) Class: 37288K(40384K)->37288K(40384K)
[2025-10-15T05:53:46.894-0700][1246 ][info ][gc          ] GC(363) Pause Young (Normal) (G1 Evacuation Pause) 111999M->50941M(184320M) 165.195ms
[2025-10-15T05:53:46.895-0700][1246 ][info ][gc,cpu      ] GC(363) User=15.48s Sys=0.26s Real=0.16s
[2025-10-15T05:53:46.897-0700][1246 ][info ][safepoint   ] Safepoint "G1CollectForAllocation", Time since last: 739450042 ns, Reaching safepoint: 999246 ns, Cleanup: 17056 ns, At safepoint: 168813462 ns, Total: 169829764 ns
[2025-10-15T05:53:47.898-0700][1246 ][info ][safepoint   ] Safepoint "Cleanup", Time since last: 1000125142 ns, Reaching safepoint: 856040 ns, Cleanup: 12709 ns, At safepoint: 100622 ns, Total: 969371 ns
[2025-10-15T05:53:47.983-0700][1246 ][info ][gc,start    ] GC(364) Pause Young (Concurrent Start) (G1 Humongous Allocation)
[2025-10-15T05:53:47.983-0700][1246 ][info ][gc,task     ] GC(364) Using 113 workers of 113 for evacuation
[2025-10-15T05:53:47.994-0700][1246 ][debug][gc,remset   ] GC(364) Visited cards 8643072 Total dirty 68681728 (12.58%) Total old 138870784 (6.22%)
[2025-10-15T05:53:48.088-0700][1246 ][info ][gc,phases   ] GC(364)   Pre Evacuate Collection Set: 0.9ms
[2025-10-15T05:53:48.088-0700][1246 ][info ][gc,phases   ] GC(364)   Merge Heap Roots: 10.8ms
[2025-10-15T05:53:48.088-0700][1246 ][info ][gc,phases   ] GC(364)   Evacuate Collection Set: 83.6ms
[2025-10-15T05:53:48.088-0700][1246 ][info ][gc,phases   ] GC(364)   Post Evacuate Collection Set: 9.7ms
[2025-10-15T05:53:48.088-0700][1246 ][info ][gc,phases   ] GC(364)   Other: 0.1ms
[2025-10-15T05:53:48.088-0700][1246 ][debug][gc,remset   ] GC(364) Coarsening (recent): Inline->AoC 12 (0) AoC->Howl 0 (0) Howl->Full 0 (0) Inline->AoC 0 (0) AoC->BitMap 0 (0) BitMap->Full 0 (0) 
[2025-10-15T05:53:48.088-0700][1246 ][debug][gc,remset   ] GC(364) Coarsening (all): Inline->AoC 10985528 (328) AoC->Howl 249496 (884) Howl->Full 0 (0) Inline->AoC 995850 (273) AoC->BitMap 263471 (726) BitMap->Full 7 (0) 
[2025-10-15T05:53:48.088-0700][1246 ][info ][gc,heap     ] GC(364) Eden regions: 189->0(3307)
[2025-10-15T05:53:48.088-0700][1246 ][info ][gc,heap     ] GC(364) Survivor regions: 148->149(432)
[2025-10-15T05:53:48.088-0700][1246 ][info ][gc,heap     ] GC(364) Old regions: 1445->1445
[2025-10-15T05:53:48.088-0700][1246 ][info ][gc,heap     ] GC(364) Humongous regions: 0->0
[2025-10-15T05:53:48.088-0700][1246 ][info ][gc,metaspace] GC(364) Metaspace: 320151K(326784K)->320151K(326784K) NonClass: 282853K(286400K)->282853K(286400K) Class: 37297K(40384K)->37297K(40384K)
[2025-10-15T05:53:48.088-0700][1246 ][info ][gc          ] GC(364) Pause Young (Concurrent Start) (G1 Humongous Allocation) 56957M->50984M(184320M) 105.270ms
[2025-10-15T05:53:48.088-0700][1085 ][info ][gc          ] GC(365) Concurrent Mark Cycle
[2025-10-15T05:53:48.088-0700][1085 ][info ][gc,marking  ] GC(365) Concurrent Scan Root Regions
[2025-10-15T05:53:48.090-0700][1246 ][info ][gc,cpu      ] GC(364) User=10.37s Sys=0.08s Real=0.11s
[2025-10-15T05:53:48.091-0700][1246 ][info ][safepoint   ] Safepoint "G1TryInitiateConcMark", Time since last: 82842975 ns, Reaching safepoint: 753465 ns, Cleanup: 4677 ns, At safepoint: 109729706 ns, Total: 110487848 ns
[2025-10-15T05:53:48.145-0700][1085 ][info ][gc,marking  ] GC(365) Concurrent Scan Root Regions 56.787ms
[2025-10-15T05:53:48.145-0700][1085 ][info ][gc,marking  ] GC(365) Concurrent Mark
[2025-10-15T05:53:48.145-0700][1085 ][info ][gc,marking  ] GC(365) Concurrent Mark From Roots
[2025-10-15T05:53:48.145-0700][1085 ][info ][gc,task     ] GC(365) Using 36 workers of 36 for marking
[2025-10-15T05:53:48.389-0700][1085 ][info ][gc,marking  ] GC(365) Concurrent Mark From Roots 243.789ms
[2025-10-15T05:53:48.389-0700][1085 ][info ][gc,marking  ] GC(365) Concurrent Preclean
[2025-10-15T05:53:48.399-0700][1085 ][info ][gc,marking  ] GC(365) Concurrent Preclean 10.184ms
[2025-10-15T05:53:48.401-0700][1246 ][info ][gc,start    ] GC(365) Pause Remark
[2025-10-15T05:53:48.556-0700][1246 ][info ][gc          ] GC(365) Pause Remark 54679M->45135M(184320M) 155.130ms
[2025-10-15T05:53:48.558-0700][1246 ][info ][gc,cpu      ] GC(365) User=14.14s Sys=0.10s Real=0.15s
[2025-10-15T05:53:48.559-0700][1246 ][info ][safepoint   ] Safepoint "G1PauseRemark", Time since last: 308031111 ns, Reaching safepoint: 930603 ns, Cleanup: 14462 ns, At safepoint: 158767261 ns, Total: 159712326 ns
[2025-10-15T05:53:48.560-0700][1085 ][info ][gc,marking  ] GC(365) Concurrent Mark 415.305ms
[2025-10-15T05:53:48.560-0700][1085 ][info ][gc,marking  ] GC(365) Concurrent Rebuild Remembered Sets and Scrub Regions
[2025-10-15T05:53:48.898-0700][1085 ][info ][gc,marking  ] GC(365) Concurrent Rebuild Remembered Sets and Scrub Regions 337.161ms
[2025-10-15T05:53:48.900-0700][1246 ][info ][gc,start    ] GC(365) Pause Cleanup
[2025-10-15T05:53:48.902-0700][1246 ][info ][gc          ] GC(365) Pause Cleanup 46628M->46628M(184320M) 2.391ms
[2025-10-15T05:53:48.903-0700][1246 ][info ][gc,cpu      ] GC(365) User=0.00s Sys=0.01s Real=0.00s
[2025-10-15T05:53:48.903-0700][1246 ][info ][safepoint   ] Safepoint "G1PauseCleanup", Time since last: 338814686 ns, Reaching safepoint: 793716 ns, Cleanup: 16966 ns, At safepoint: 4924341 ns, Total: 5735023 ns
[2025-10-15T05:53:48.903-0700][1085 ][info ][gc,marking  ] GC(365) Concurrent Clear Claimed Marks
[2025-10-15T05:53:48.904-0700][1085 ][info ][gc,marking  ] GC(365) Concurrent Clear Claimed Marks 0.968ms
[2025-10-15T05:53:48.904-0700][1085 ][info ][gc,marking  ] GC(365) Concurrent Cleanup for Next Mark
[2025-10-15T05:53:48.933-0700][1085 ][info ][gc,marking  ] GC(365) Concurrent Cleanup for Next Mark 28.873ms
[2025-10-15T05:53:48.933-0700][1085 ][info ][gc          ] GC(365) Concurrent Mark Cycle 845.165ms
[2025-10-15T05:53:52.905-0700][1246 ][info ][safepoint   ] Safepoint "Cleanup", Time since last: 4000265323 ns, Reaching safepoint: 923802 ns, Cleanup: 19339 ns, At safepoint: 303728 ns, Total: 1246869 ns
[2025-10-15T05:53:55.906-0700][1246 ][info ][safepoint   ] Safepoint "Cleanup", Time since last: 3000230417 ns, Reaching safepoint: 960728 ns, Cleanup: 15033 ns, At safepoint: 417148 ns, Total: 1392909 ns
[2025-10-15T05:54:02.069-0700][1246 ][info ][safepoint   ] Safepoint "Cleanup", Time since last: 6161738920 ns, Reaching safepoint: 768488 ns, Cleanup: 9925 ns, At safepoint: 397049 ns, Total: 1175462 ns
[2025-10-15T05:54:02.584-0700][1246 ][info ][gc,start    ] GC(366) Pause Young (Prepare Mixed) (G1 Evacuation Pause)
[2025-10-15T05:54:02.584-0700][1246 ][info ][gc,task     ] GC(366) Using 113 workers of 113 for evacuation
[2025-10-15T05:54:02.600-0700][1246 ][debug][gc,remset   ] GC(366) Visited cards 9249280 Total dirty 69074944 (13.39%) Total old 529268736 (1.75%)
[2025-10-15T05:54:02.731-0700][1246 ][info ][gc,phases   ] GC(366)   Pre Evacuate Collection Set: 0.7ms
[2025-10-15T05:54:02.731-0700][1246 ][info ][gc,phases   ] GC(366)   Merge Heap Roots: 14.7ms
[2025-10-15T05:54:02.731-0700][1246 ][info ][gc,phases   ] GC(366)   Evacuate Collection Set: 115.0ms
[2025-10-15T05:54:02.731-0700][1246 ][info ][gc,phases   ] GC(366)   Post Evacuate Collection Set: 16.1ms
[2025-10-15T05:54:02.731-0700][1246 ][info ][gc,phases   ] GC(366)   Other: 0.2ms
[2025-10-15T05:54:02.731-0700][1246 ][debug][gc,remset   ] GC(366) Coarsening (recent): Inline->AoC 186679 (0) AoC->Howl 10365 (0) Howl->Full 0 (0) Inline->AoC 41516 (0) AoC->BitMap 11996 (0) BitMap->Full 3 (0) 
[2025-10-15T05:54:02.731-0700][1246 ][debug][gc,remset   ] GC(366) Coarsening (all): Inline->AoC 11172207 (328) AoC->Howl 259861 (884) Howl->Full 0 (0) Inline->AoC 1037366 (273) AoC->BitMap 275467 (726) BitMap->Full 10 (0) 
[2025-10-15T05:54:02.731-0700][1246 ][info ][gc,heap     ] GC(366) Eden regions: 3307->0(3285)
[2025-10-15T05:54:02.731-0700][1246 ][info ][gc,heap     ] GC(366) Survivor regions: 149->171(432)
[2025-10-15T05:54:02.731-0700][1246 ][info ][gc,heap     ] GC(366) Old regions: 1146->1146
[2025-10-15T05:54:02.731-0700][1246 ][info ][gc,heap     ] GC(366) Humongous regions: 18->0
[2025-10-15T05:54:02.731-0700][1246 ][info ][gc,metaspace] GC(366) Metaspace: 320128K(326784K)->320128K(326784K) NonClass: 282837K(286400K)->282837K(286400K) Class: 37291K(40384K)->37291K(40384K)
[2025-10-15T05:54:02.731-0700][1246 ][info ][gc          ] GC(366) Pause Young (Prepare Mixed) (G1 Evacuation Pause) 147840M->42144M(184320M) 146.885ms
[2025-10-15T05:54:02.732-0700][1246 ][info ][gc,cpu      ] GC(366) User=13.28s Sys=0.38s Real=0.15s
[2025-10-15T05:54:02.733-0700][1246 ][info ][safepoint   ] Safepoint "G1CollectForAllocation", Time since last: 511905104 ns, Reaching safepoint: 1353860 ns, Cleanup: 6239 ns, At safepoint: 150495896 ns, Total: 151855995 ns
[2025-10-15T05:54:13.743-0700][1246 ][info ][safepoint   ] Safepoint "Cleanup", Time since last: 11000682250 ns, Reaching safepoint: 8296394 ns, Cleanup: 18928 ns, At safepoint: 1141050 ns, Total: 9456372 ns
[2025-10-15T05:54:14.746-0700][1246 ][info ][safepoint   ] Safepoint "Cleanup", Time since last: 1000109427 ns, Reaching safepoint: 1002942 ns, Cleanup: 12759 ns, At safepoint: 1755135 ns, Total: 2770836 ns
[2025-10-15T05:54:15.748-0700][1246 ][info ][safepoint   ] Safepoint "Cleanup", Time since last: 1000136278 ns, Reaching safepoint: 933858 ns, Cleanup: 11076 ns, At safepoint: 1074580 ns, Total: 2019514 ns
[2025-10-15T05:54:21.750-0700][1246 ][info ][safepoint   ] Safepoint "Cleanup", Time since last: 6000408501 ns, Reaching safepoint: 904583 ns, Cleanup: 12379 ns, At safepoint: 595076 ns, Total: 1512038 ns
[2025-10-15T05:54:22.204-0700][1246 ][info ][gc,start    ] GC(367) Pause Young (Mixed) (G1 Evacuation Pause)
[2025-10-15T05:54:22.204-0700][1246 ][info ][gc,task     ] GC(367) Using 113 workers of 113 for evacuation
[2025-10-15T05:54:22.219-0700][1246 ][debug][gc,remset   ] GC(367) Visited cards 10191360 Total dirty 52297728 (19.49%) Total old 551288832 (1.85%)
[2025-10-15T05:54:22.370-0700][1246 ][debug][gc,remset   ] GC(367) Visited cards 873216 Total dirty 42074112 (2.08%) Total old 569049088 (0.15%)
[2025-10-15T05:54:22.397-0700][1246 ][info ][gc,phases   ] GC(367)   Pre Evacuate Collection Set: 0.8ms
[2025-10-15T05:54:22.397-0700][1246 ][info ][gc,phases   ] GC(367)   Merge Heap Roots: 14.8ms
[2025-10-15T05:54:22.397-0700][1246 ][info ][gc,phases   ] GC(367)   Evacuate Collection Set: 149.2ms
[2025-10-15T05:54:22.397-0700][1246 ][info ][gc,phases   ] GC(367)   Merge Optional Heap Roots: 1.1ms
[2025-10-15T05:54:22.397-0700][1246 ][info ][gc,phases   ] GC(367)   Evacuate Optional Collection Set: 10.3ms
[2025-10-15T05:54:22.397-0700][1246 ][info ][gc,phases   ] GC(367)   Post Evacuate Collection Set: 17.2ms
[2025-10-15T05:54:22.397-0700][1246 ][info ][gc,phases   ] GC(367)   Other: 0.2ms
[2025-10-15T05:54:22.397-0700][1246 ][debug][gc,remset   ] GC(367) Coarsening (recent): Inline->AoC 47596 (0) AoC->Howl 133 (0) Howl->Full 0 (0) Inline->AoC 719 (0) AoC->BitMap 35 (0) BitMap->Full 0 (0) 
[2025-10-15T05:54:22.397-0700][1246 ][debug][gc,remset   ] GC(367) Coarsening (all): Inline->AoC 11219803 (328) AoC->Howl 259994 (884) Howl->Full 0 (0) Inline->AoC 1038085 (273) AoC->BitMap 275502 (726) BitMap->Full 10 (0) 
[2025-10-15T05:54:22.397-0700][1246 ][info ][gc,heap     ] GC(367) Eden regions: 3285->0(1809)
[2025-10-15T05:54:22.397-0700][1246 ][info ][gc,heap     ] GC(367) Survivor regions: 171->225(432)
[2025-10-15T05:54:22.397-0700][1246 ][info ][gc,heap     ] GC(367) Old regions: 1146->804
[2025-10-15T05:54:22.397-0700][1246 ][info ][gc,heap     ] GC(367) Humongous regions: 26->0
[2025-10-15T05:54:22.397-0700][1246 ][info ][gc,metaspace] GC(367) Metaspace: 320210K(326848K)->320210K(326848K) NonClass: 282909K(286464K)->282909K(286464K) Class: 37300K(40384K)->37300K(40384K)
[2025-10-15T05:54:22.397-0700][1246 ][info ][gc          ] GC(367) Pause Young (Mixed) (G1 Evacuation Pause) 148096M->32895M(184320M) 193.834ms
[2025-10-15T05:54:22.399-0700][1246 ][info ][gc,cpu      ] GC(367) User=18.28s Sys=0.59s Real=0.20s
[2025-10-15T05:54:22.400-0700][1246 ][info ][safepoint   ] Safepoint "G1CollectForAllocation", Time since last: 451280836 ns, Reaching safepoint: 933787 ns, Cleanup: 11858 ns, At safepoint: 197338904 ns, Total: 198284549 ns
[2025-10-15T05:54:24.401-0700][1246 ][info ][safepoint   ] Safepoint "Cleanup", Time since last: 2000144833 ns, Reaching safepoint: 742269 ns, Cleanup: 17647 ns, At safepoint: 153090 ns, Total: 913006 ns
[2025-10-15T05:54:32.402-0700][1246 ][info ][safepoint   ] Safepoint "Cleanup", Time since last: 8000489578 ns, Reaching safepoint: 877963 ns, Cleanup: 17647 ns, At safepoint: 184198 ns, Total: 1079808 ns
[2025-10-15T05:54:33.404-0700][1246 ][info ][safepoint   ] Safepoint "Cleanup", Time since last: 1000115777 ns, Reaching safepoint: 856090 ns, Cleanup: 15273 ns, At safepoint: 198579 ns, Total: 1069942 ns
[2025-10-15T05:54:34.785-0700][1246 ][info ][gc,start    ] GC(368) Pause Young (Mixed) (G1 Evacuation Pause)
[2025-10-15T05:54:34.785-0700][1246 ][info ][gc,task     ] GC(368) Using 113 workers of 113 for evacuation
[2025-10-15T05:54:34.798-0700][1246 ][debug][gc,remset   ] GC(368) Visited cards 10359552 Total dirty 47710208 (21.71%) Total old 373030912 (2.78%)
[2025-10-15T05:54:34.970-0700][1246 ][info ][gc,phases   ] GC(368)   Pre Evacuate Collection Set: 0.7ms
[2025-10-15T05:54:34.970-0700][1246 ][info ][gc,phases   ] GC(368)   Merge Heap Roots: 12.4ms
[2025-10-15T05:54:34.970-0700][1246 ][info ][gc,phases   ] GC(368)   Evacuate Collection Set: 154.5ms
[2025-10-15T05:54:34.970-0700][1246 ][info ][gc,phases   ] GC(368)   Post Evacuate Collection Set: 17.1ms
[2025-10-15T05:54:34.970-0700][1246 ][info ][gc,phases   ] GC(368)   Other: 0.2ms
[2025-10-15T05:54:34.970-0700][1246 ][debug][gc,remset   ] GC(368) Coarsening (recent): Inline->AoC 33475 (0) AoC->Howl 281 (0) Howl->Full 0 (0) Inline->AoC 1234 (0) AoC->BitMap 186 (0) BitMap->Full 0 (0) 
[2025-10-15T05:54:34.970-0700][1246 ][debug][gc,remset   ] GC(368) Coarsening (all): Inline->AoC 11253278 (328) AoC->Howl 260275 (884) Howl->Full 0 (0) Inline->AoC 1039319 (273) AoC->BitMap 275688 (726) BitMap->Full 10 (0) 
[2025-10-15T05:54:34.970-0700][1246 ][info ][gc,heap     ] GC(368) Eden regions: 2177->0(2922)
[2025-10-15T05:54:34.970-0700][1246 ][info ][gc,heap     ] GC(368) Survivor regions: 225->176(301)
[2025-10-15T05:54:34.970-0700][1246 ][info ][gc,heap     ] GC(368) Old regions: 804->825
[2025-10-15T05:54:34.970-0700][1246 ][info ][gc,heap     ] GC(368) Humongous regions: 12->0
[2025-10-15T05:54:34.970-0700][1246 ][info ][gc,metaspace] GC(368) Metaspace: 320234K(326912K)->320234K(326912K) NonClass: 282929K(286528K)->282929K(286528K) Class: 37304K(40384K)->37304K(40384K)
[2025-10-15T05:54:34.970-0700][1246 ][info ][gc          ] GC(368) Pause Young (Mixed) (G1 Evacuation Pause) 102943M->32001M(184320M) 185.064ms
[2025-10-15T05:54:34.971-0700][1246 ][info ][gc,cpu      ] GC(368) User=18.32s Sys=0.22s Real=0.19s
[2025-10-15T05:54:34.972-0700][1246 ][info ][safepoint   ] Safepoint "G1CollectForAllocation", Time since last: 1379158581 ns, Reaching safepoint: 860447 ns, Cleanup: 15433 ns, At safepoint: 188645352 ns, Total: 189521232 ns
[2025-10-15T05:54:36.974-0700][1246 ][info ][safepoint   ] Safepoint "Cleanup", Time since last: 2000145785 ns, Reaching safepoint: 897152 ns, Cleanup: 14081 ns, At safepoint: 242736 ns, Total: 1153969 ns
[2025-10-15T05:54:41.991-0700][1246 ][info ][safepoint   ] Safepoint "Cleanup", Time since last: 5000301997 ns, Reaching safepoint: 14494425 ns, Cleanup: 18068 ns, At safepoint: 2637224 ns, Total: 17149717 ns
[2025-10-15T05:54:42.993-0700][1246 ][info ][safepoint   ] Safepoint "Cleanup", Time since last: 1000091551 ns, Reaching safepoint: 778032 ns, Cleanup: 25369 ns, At safepoint: 871002 ns, Total: 1674403 ns
[2025-10-15T05:54:43.995-0700][1246 ][info ][safepoint   ] Safepoint "Cleanup", Time since last: 1000105402 ns, Reaching safepoint: 864382 ns, Cleanup: 21833 ns, At safepoint: 1107359 ns, Total: 1993574 ns
[2025-10-15T05:54:44.997-0700][1246 ][info ][safepoint   ] Safepoint "Cleanup", Time since last: 1000109648 ns, Reaching safepoint: 961829 ns, Cleanup: 10376 ns, At safepoint: 1310215 ns, Total: 2282420 ns
[2025-10-15T05:54:45.999-0700][1246 ][info ][safepoint   ] Safepoint "Cleanup", Time since last: 1000108406 ns, Reaching safepoint: 869710 ns, Cleanup: 17697 ns, At safepoint: 1165326 ns, Total: 2052733 ns
[2025-10-15T05:54:47.002-0700][1246 ][info ][safepoint   ] Safepoint "Cleanup", Time since last: 1000123259 ns, Reaching safepoint: 963332 ns, Cleanup: 23886 ns, At safepoint: 1384256 ns, Total: 2371474 ns
[2025-10-15T05:54:47.007-0700][1246 ][info ][gc,start    ] GC(369) Pause Young (Mixed) (G1 Evacuation Pause)
[2025-10-15T05:54:47.007-0700][1246 ][info ][gc,task     ] GC(369) Using 113 workers of 113 for evacuation
[2025-10-15T05:54:47.021-0700][1246 ][debug][gc,remset   ] GC(369) Visited cards 12367872 Total dirty 49217536 (25.13%) Total old 465240064 (2.66%)
[2025-10-15T05:54:47.181-0700][1246 ][info ][gc,phases   ] GC(369)   Pre Evacuate Collection Set: 0.8ms
[2025-10-15T05:54:47.181-0700][1246 ][info ][gc,phases   ] GC(369)   Merge Heap Roots: 12.6ms
[2025-10-15T05:54:47.181-0700][1246 ][info ][gc,phases   ] GC(369)   Evacuate Collection Set: 143.2ms
[2025-10-15T05:54:47.181-0700][1246 ][info ][gc,phases   ] GC(369)   Post Evacuate Collection Set: 16.5ms
[2025-10-15T05:54:47.181-0700][1246 ][info ][gc,phases   ] GC(369)   Other: 0.2ms
[2025-10-15T05:54:47.181-0700][1246 ][debug][gc,remset   ] GC(369) Coarsening (recent): Inline->AoC 54915 (0) AoC->Howl 426 (0) Howl->Full 0 (0) Inline->AoC 1282 (0) AoC->BitMap 328 (0) BitMap->Full 0 (0) 
[2025-10-15T05:54:47.181-0700][1246 ][debug][gc,remset   ] GC(369) Coarsening (all): Inline->AoC 11308193 (328) AoC->Howl 260701 (884) Howl->Full 0 (0) Inline->AoC 1040601 (273) AoC->BitMap 276016 (726) BitMap->Full 10 (0) 
[2025-10-15T05:54:47.181-0700][1246 ][info ][gc,heap     ] GC(369) Eden regions: 2921->0(1979)
[2025-10-15T05:54:47.181-0700][1246 ][info ][gc,heap     ] GC(369) Survivor regions: 176->212(388)
[2025-10-15T05:54:47.181-0700][1246 ][info ][gc,heap     ] GC(369) Old regions: 825->778
[2025-10-15T05:54:47.181-0700][1246 ][info ][gc,heap     ] GC(369) Humongous regions: 8->0
[2025-10-15T05:54:47.181-0700][1246 ][info ][gc,metaspace] GC(369) Metaspace: 320235K(326912K)->320235K(326912K) NonClass: 282930K(286528K)->282930K(286528K) Class: 37304K(40384K)->37304K(40384K)
[2025-10-15T05:54:47.181-0700][1246 ][info ][gc          ] GC(369) Pause Young (Mixed) (G1 Evacuation Pause) 125729M->31637M(184320M) 173.502ms
[2025-10-15T05:54:47.182-0700][1246 ][info ][gc,cpu      ] GC(369) User=15.64s Sys=0.32s Real=0.18s
[2025-10-15T05:54:47.183-0700][1246 ][info ][safepoint   ] Safepoint "G1CollectForAllocation", Time since last: 2608121 ns, Reaching safepoint: 1284095 ns, Cleanup: 5318 ns, At safepoint: 177186562 ns, Total: 178475975 ns
[2025-10-15T05:54:56.185-0700][1246 ][info ][safepoint   ] Safepoint "Cleanup", Time since last: 9000529580 ns, Reaching safepoint: 844323 ns, Cleanup: 12979 ns, At safepoint: 216337 ns, Total: 1073639 ns
[2025-10-15T05:54:58.186-0700][1246 ][info ][safepoint   ] Safepoint "Cleanup", Time since last: 2000169360 ns, Reaching safepoint: 916151 ns, Cleanup: 17556 ns, At safepoint: 225630 ns, Total: 1159337 ns
[2025-10-15T05:54:58.958-0700][1246 ][info ][gc,start    ] GC(370) Pause Young (Mixed) (G1 Evacuation Pause)
[2025-10-15T05:54:58.958-0700][1246 ][info ][gc,task     ] GC(370) Using 113 workers of 113 for evacuation
[2025-10-15T05:54:58.971-0700][1246 ][debug][gc,remset   ] GC(370) Visited cards 12725504 Total dirty 46989312 (27.08%) Total old 422576128 (3.01%)
[2025-10-15T05:54:59.133-0700][1246 ][info ][gc,phases   ] GC(370)   Pre Evacuate Collection Set: 0.7ms
[2025-10-15T05:54:59.133-0700][1246 ][info ][gc,phases   ] GC(370)   Merge Heap Roots: 12.2ms
[2025-10-15T05:54:59.133-0700][1246 ][info ][gc,phases   ] GC(370)   Evacuate Collection Set: 148.9ms
[2025-10-15T05:54:59.133-0700][1246 ][info ][gc,phases   ] GC(370)   Post Evacuate Collection Set: 12.6ms
[2025-10-15T05:54:59.133-0700][1246 ][info ][gc,phases   ] GC(370)   Other: 0.2ms
[2025-10-15T05:54:59.133-0700][1246 ][debug][gc,remset   ] GC(370) Coarsening (recent): Inline->AoC 31698 (2) AoC->Howl 152 (4) Howl->Full 0 (0) Inline->AoC 603 (2) AoC->BitMap 90 (4) BitMap->Full 0 (0) 
[2025-10-15T05:54:59.133-0700][1246 ][debug][gc,remset   ] GC(370) Coarsening (all): Inline->AoC 11339891 (330) AoC->Howl 260853 (888) Howl->Full 0 (0) Inline->AoC 1041204 (275) AoC->BitMap 276106 (730) BitMap->Full 10 (0) 
[2025-10-15T05:54:59.133-0700][1246 ][info ][gc,heap     ] GC(370) Eden regions: 2586->0(3272)
[2025-10-15T05:54:59.133-0700][1246 ][info ][gc,heap     ] GC(370) Survivor regions: 212->184(350)
[2025-10-15T05:54:59.133-0700][1246 ][info ][gc,heap     ] GC(370) Old regions: 778->774
[2025-10-15T05:54:59.133-0700][1246 ][info ][gc,heap     ] GC(370) Humongous regions: 8->0
[2025-10-15T05:54:59.133-0700][1246 ][info ][gc,metaspace] GC(370) Metaspace: 320240K(326912K)->320240K(326912K) NonClass: 282936K(286528K)->282936K(286528K) Class: 37304K(40384K)->37304K(40384K)
[2025-10-15T05:54:59.133-0700][1246 ][info ][gc          ] GC(370) Pause Young (Mixed) (G1 Evacuation Pause) 114645M->30636M(184320M) 174.833ms
[2025-10-15T05:54:59.134-0700][1246 ][info ][gc,cpu      ] GC(370) User=16.05s Sys=0.17s Real=0.18s
[2025-10-15T05:54:59.135-0700][1246 ][info ][safepoint   ] Safepoint "G1CollectForAllocation", Time since last: 769603276 ns, Reaching safepoint: 1116133 ns, Cleanup: 4637 ns, At safepoint: 178360851 ns, Total: 179481621 ns
[2025-10-15T05:55:03.095-0700][1246 ][info ][safepoint   ] Safepoint "Cleanup", Time since last: 3958242567 ns, Reaching safepoint: 1299098 ns, Cleanup: 12468 ns, At safepoint: 119711 ns, Total: 1431277 ns
[2025-10-15T05:55:07.096-0700][1246 ][info ][safepoint   ] Safepoint "Cleanup", Time since last: 4000267874 ns, Reaching safepoint: 849129 ns, Cleanup: 16525 ns, At safepoint: 197979 ns, Total: 1063633 ns
[2025-10-15T05:55:09.097-0700][1246 ][info ][safepoint   ] Safepoint "Cleanup", Time since last: 2000158123 ns, Reaching safepoint: 839816 ns, Cleanup: 43766 ns, At safepoint: 230106 ns, Total: 1113688 ns
[2025-10-15T05:55:13.265-0700][1246 ][info ][gc,start    ] GC(371) Pause Young (Normal) (G1 Evacuation Pause)
[2025-10-15T05:55:13.265-0700][1246 ][info ][gc,task     ] GC(371) Using 113 workers of 113 for evacuation
[2025-10-15T05:55:13.278-0700][1246 ][debug][gc,remset   ] GC(371) Visited cards 8533248 Total dirty 49086464 (17.38%) Total old 504365056 (1.69%)
[2025-10-15T05:55:13.425-0700][1246 ][info ][gc,phases   ] GC(371)   Pre Evacuate Collection Set: 0.9ms
[2025-10-15T05:55:13.425-0700][1246 ][info ][gc,phases   ] GC(371)   Merge Heap Roots: 12.6ms
[2025-10-15T05:55:13.425-0700][1246 ][info ][gc,phases   ] GC(371)   Evacuate Collection Set: 132.0ms
[2025-10-15T05:55:13.425-0700][1246 ][info ][gc,phases   ] GC(371)   Post Evacuate Collection Set: 14.4ms
[2025-10-15T05:55:13.425-0700][1246 ][info ][gc,phases   ] GC(371)   Other: 0.2ms
[2025-10-15T05:55:13.425-0700][1246 ][debug][gc,remset   ] GC(371) Coarsening (recent): Inline->AoC 25816 (0) AoC->Howl 118 (0) Howl->Full 0 (0) Inline->AoC 432 (0) AoC->BitMap 73 (0) BitMap->Full 0 (0) 
[2025-10-15T05:55:13.425-0700][1246 ][debug][gc,remset   ] GC(371) Coarsening (all): Inline->AoC 11365707 (330) AoC->Howl 260971 (888) Howl->Full 0 (0) Inline->AoC 1041636 (275) AoC->BitMap 276179 (730) BitMap->Full 10 (0) 
[2025-10-15T05:55:13.425-0700][1246 ][info ][gc,heap     ] GC(371) Eden regions: 3272->0(3233)
[2025-10-15T05:55:13.425-0700][1246 ][info ][gc,heap     ] GC(371) Survivor regions: 184->223(432)
[2025-10-15T05:55:13.425-0700][1246 ][info ][gc,heap     ] GC(371) Old regions: 774->774
[2025-10-15T05:55:13.425-0700][1246 ][info ][gc,heap     ] GC(371) Humongous regions: 10->0
[2025-10-15T05:55:13.425-0700][1246 ][info ][gc,metaspace] GC(371) Metaspace: 320267K(326912K)->320267K(326912K) NonClass: 282962K(286528K)->282962K(286528K) Class: 37304K(40384K)->37304K(40384K)
[2025-10-15T05:55:13.425-0700][1246 ][info ][gc          ] GC(371) Pause Young (Normal) (G1 Evacuation Pause) 135660M->31882M(184320M) 160.158ms
[2025-10-15T05:55:13.426-0700][1246 ][info ][gc,cpu      ] GC(371) User=15.65s Sys=0.31s Real=0.16s
[2025-10-15T05:55:13.427-0700][1246 ][info ][safepoint   ] Safepoint "G1CollectForAllocation", Time since last: 4165427510 ns, Reaching safepoint: 800516 ns, Cleanup: 9044 ns, At safepoint: 163848890 ns, Total: 164658450 ns
[2025-10-15T05:55:16.429-0700][1246 ][info ][safepoint   ] Safepoint "Cleanup", Time since last: 3000199315 ns, Reaching safepoint: 763952 ns, Cleanup: 21843 ns, At safepoint: 100151 ns, Total: 885946 ns
[2025-10-15T05:55:17.430-0700][1246 ][info ][safepoint   ] Safepoint "Cleanup", Time since last: 1000102596 ns, Reaching safepoint: 733455 ns, Cleanup: 19720 ns, At safepoint: 128654 ns, Total: 881829 ns
[2025-10-15T05:55:18.431-0700][1246 ][info ][safepoint   ] Safepoint "Cleanup", Time since last: 1000110117 ns, Reaching safepoint: 759966 ns, Cleanup: 20531 ns, At safepoint: 110096 ns, Total: 890593 ns
[2025-10-15T05:55:19.440-0700][1246 ][info ][safepoint   ] Safepoint "Cleanup", Time since last: 1000098580 ns, Reaching safepoint: 8031835 ns, Cleanup: 10005 ns, At safepoint: 1538939 ns, Total: 9580779 ns
[2025-10-15T05:55:21.442-0700][1246 ][info ][safepoint   ] Safepoint "Cleanup", Time since last: 2000117991 ns, Reaching safepoint: 1036222 ns, Cleanup: 15774 ns, At safepoint: 495547 ns, Total: 1547543 ns
[2025-10-15T05:55:22.456-0700][1246 ][info ][safepoint   ] Safepoint "Cleanup", Time since last: 1000098430 ns, Reaching safepoint: 12339086 ns, Cleanup: 12789 ns, At safepoint: 2141858 ns, Total: 14493733 ns
[2025-10-15T05:55:24.440-0700][1246 ][info ][gc,start    ] GC(372) Pause Young (Normal) (G1 Evacuation Pause)
[2025-10-15T05:55:24.441-0700][1246 ][info ][gc,task     ] GC(372) Using 113 workers of 113 for evacuation
[2025-10-15T05:55:24.453-0700][1246 ][debug][gc,remset   ] GC(372) Visited cards 8568064 Total dirty 49086464 (17.46%) Total old 504496128 (1.70%)
[2025-10-15T05:55:24.615-0700][1246 ][info ][gc,phases   ] GC(372)   Pre Evacuate Collection Set: 0.7ms
[2025-10-15T05:55:24.615-0700][1246 ][info ][gc,phases   ] GC(372)   Merge Heap Roots: 12.1ms
[2025-10-15T05:55:24.615-0700][1246 ][info ][gc,phases   ] GC(372)   Evacuate Collection Set: 147.2ms
[2025-10-15T05:55:24.615-0700][1246 ][info ][gc,phases   ] GC(372)   Post Evacuate Collection Set: 14.1ms
[2025-10-15T05:55:24.615-0700][1246 ][info ][gc,phases   ] GC(372)   Other: 0.2ms
[2025-10-15T05:55:24.615-0700][1246 ][debug][gc,remset   ] GC(372) Coarsening (recent): Inline->AoC 16396 (3) AoC->Howl 69 (3) Howl->Full 0 (0) Inline->AoC 334 (2) AoC->BitMap 48 (1) BitMap->Full 0 (0) 
[2025-10-15T05:55:24.615-0700][1246 ][debug][gc,remset   ] GC(372) Coarsening (all): Inline->AoC 11382103 (333) AoC->Howl 261040 (891) Howl->Full 0 (0) Inline->AoC 1041970 (277) AoC->BitMap 276227 (731) BitMap->Full 10 (0) 
[2025-10-15T05:55:24.615-0700][1246 ][info ][gc,heap     ] GC(372) Eden regions: 3233->0(2513)
[2025-10-15T05:55:24.615-0700][1246 ][info ][gc,heap     ] GC(372) Survivor regions: 223->261(432)
[2025-10-15T05:55:24.615-0700][1246 ][info ][gc,heap     ] GC(372) Old regions: 774->774
[2025-10-15T05:55:24.615-0700][1246 ][info ][gc,heap     ] GC(372) Humongous regions: 12->0
[2025-10-15T05:55:24.615-0700][1246 ][info ][gc,metaspace] GC(372) Metaspace: 320272K(326976K)->320272K(326976K) NonClass: 282967K(286592K)->282967K(286592K) Class: 37305K(40384K)->37305K(40384K)
[2025-10-15T05:55:24.615-0700][1246 ][info ][gc          ] GC(372) Pause Young (Normal) (G1 Evacuation Pause) 135722M->33090M(184320M) 174.448ms
[2025-10-15T05:55:24.616-0700][1246 ][info ][gc,cpu      ] GC(372) User=17.26s Sys=0.25s Real=0.17s
[2025-10-15T05:55:24.617-0700][1246 ][info ][safepoint   ] Safepoint "G1CollectForAllocation", Time since last: 1982018413 ns, Reaching safepoint: 858865 ns, Cleanup: 4707 ns, At safepoint: 177957393 ns, Total: 178820965 ns
[2025-10-15T05:55:36.614-0700][1246 ][info ][gc,start    ] GC(373) Pause Young (Normal) (G1 Evacuation Pause)
[2025-10-15T05:55:36.614-0700][1246 ][info ][gc,task     ] GC(373) Using 113 workers of 113 for evacuation
[2025-10-15T05:55:36.628-0700][1246 ][debug][gc,remset   ] GC(373) Visited cards 8596224 Total dirty 49086464 (17.51%) Total old 462618624 (1.86%)
[2025-10-15T05:55:36.799-0700][1246 ][info ][gc,phases   ] GC(373)   Pre Evacuate Collection Set: 0.7ms
[2025-10-15T05:55:36.799-0700][1246 ][info ][gc,phases   ] GC(373)   Merge Heap Roots: 12.7ms
[2025-10-15T05:55:36.799-0700][1246 ][info ][gc,phases   ] GC(373)   Evacuate Collection Set: 157.3ms
[2025-10-15T05:55:36.799-0700][1246 ][info ][gc,phases   ] GC(373)   Post Evacuate Collection Set: 13.7ms
[2025-10-15T05:55:36.799-0700][1246 ][info ][gc,phases   ] GC(373)   Other: 0.2ms
[2025-10-15T05:55:36.799-0700][1246 ][debug][gc,remset   ] GC(373) Coarsening (recent): Inline->AoC 17376 (3) AoC->Howl 68 (4) Howl->Full 0 (0) Inline->AoC 294 (3) AoC->BitMap 54 (2) BitMap->Full 0 (0) 
[2025-10-15T05:55:36.799-0700][1246 ][debug][gc,remset   ] GC(373) Coarsening (all): Inline->AoC 11399479 (336) AoC->Howl 261108 (895) Howl->Full 0 (0) Inline->AoC 1042264 (280) AoC->BitMap 276281 (733) BitMap->Full 10 (0) 
[2025-10-15T05:55:36.799-0700][1246 ][info ][gc,heap     ] GC(373) Eden regions: 2877->0(3225)
[2025-10-15T05:55:36.799-0700][1246 ][info ][gc,heap     ] GC(373) Survivor regions: 261->231(393)
[2025-10-15T05:55:36.799-0700][1246 ][info ][gc,heap     ] GC(373) Old regions: 774->829
[2025-10-15T05:55:36.799-0700][1246 ][info ][gc,heap     ] GC(373) Humongous regions: 9->0
[2025-10-15T05:55:36.799-0700][1246 ][info ][gc,metaspace] GC(373) Metaspace: 320272K(326976K)->320272K(326976K) NonClass: 282967K(286592K)->282967K(286592K) Class: 37305K(40384K)->37305K(40384K)
[2025-10-15T05:55:36.799-0700][1246 ][info ][gc          ] GC(373) Pause Young (Normal) (G1 Evacuation Pause) 125442M->33899M(184320M) 184.843ms
[2025-10-15T05:55:36.800-0700][1246 ][info ][gc,cpu      ] GC(373) User=18.86s Sys=0.07s Real=0.19s
[2025-10-15T05:55:36.801-0700][1246 ][info ][safepoint   ] Safepoint "G1CollectForAllocation", Time since last: 11994920043 ns, Reaching safepoint: 855840 ns, Cleanup: 5208 ns, At safepoint: 188314673 ns, Total: 189175721 ns
[2025-10-15T05:55:38.802-0700][1246 ][info ][safepoint   ] Safepoint "Cleanup", Time since last: 2000138322 ns, Reaching safepoint: 743050 ns, Cleanup: 11868 ns, At safepoint: 159620 ns, Total: 914538 ns
[2025-10-15T05:55:42.804-0700][1246 ][info ][safepoint   ] Safepoint "Cleanup", Time since last: 4000270514 ns, Reaching safepoint: 828539 ns, Cleanup: 26029 ns, At safepoint: 192961 ns, Total: 1047529 ns
[2025-10-15T05:55:43.805-0700][1246 ][info ][safepoint   ] Safepoint "Cleanup", Time since last: 1000098711 ns, Reaching safepoint: 965915 ns, Cleanup: 13280 ns, At safepoint: 328045 ns, Total: 1307240 ns
[2025-10-15T05:55:47.806-0700][1246 ][info ][safepoint   ] Safepoint "Cleanup", Time since last: 4000270965 ns, Reaching safepoint: 725673 ns, Cleanup: 19279 ns, At safepoint: 140792 ns, Total: 885744 ns
[2025-10-15T05:55:48.807-0700][1246 ][info ][safepoint   ] Safepoint "Cleanup", Time since last: 1000095296 ns, Reaching safepoint: 722098 ns, Cleanup: 12639 ns, At safepoint: 210277 ns, Total: 945014 ns
[2025-10-15T05:55:49.553-0700][1246 ][info ][gc,start    ] GC(374) Pause Young (Normal) (G1 Evacuation Pause)
[2025-10-15T05:55:49.553-0700][1246 ][info ][gc,task     ] GC(374) Using 113 workers of 113 for evacuation
[2025-10-15T05:55:49.567-0700][1246 ][debug][gc,remset   ] GC(374) Visited cards 8615424 Total dirty 52166656 (16.52%) Total old 508297216 (1.69%)
[2025-10-15T05:55:49.733-0700][1246 ][info ][gc,phases   ] GC(374)   Pre Evacuate Collection Set: 0.7ms
[2025-10-15T05:55:49.733-0700][1246 ][info ][gc,phases   ] GC(374)   Merge Heap Roots: 12.7ms
[2025-10-15T05:55:49.733-0700][1246 ][info ][gc,phases   ] GC(374)   Evacuate Collection Set: 152.9ms
[2025-10-15T05:55:49.733-0700][1246 ][info ][gc,phases   ] GC(374)   Post Evacuate Collection Set: 13.5ms
[2025-10-15T05:55:49.733-0700][1246 ][info ][gc,phases   ] GC(374)   Other: 0.2ms
[2025-10-15T05:55:49.733-0700][1246 ][debug][gc,remset   ] GC(374) Coarsening (recent): Inline->AoC 24582 (0) AoC->Howl 82 (0) Howl->Full 0 (0) Inline->AoC 333 (0) AoC->BitMap 53 (0) BitMap->Full 0 (0) 
[2025-10-15T05:55:49.733-0700][1246 ][debug][gc,remset   ] GC(374) Coarsening (all): Inline->AoC 11424061 (336) AoC->Howl 261190 (895) Howl->Full 0 (0) Inline->AoC 1042597 (280) AoC->BitMap 276334 (733) BitMap->Full 10 (0) 
[2025-10-15T05:55:49.733-0700][1246 ][info ][gc,heap     ] GC(374) Eden regions: 3225->0(1748)
[2025-10-15T05:55:49.733-0700][1246 ][info ][gc,heap     ] GC(374) Survivor regions: 231->279(432)
[2025-10-15T05:55:49.733-0700][1246 ][info ][gc,heap     ] GC(374) Old regions: 829->829
[2025-10-15T05:55:49.733-0700][1246 ][info ][gc,heap     ] GC(374) Humongous regions: 15->0
[2025-10-15T05:55:49.733-0700][1246 ][info ][gc,metaspace] GC(374) Metaspace: 320315K(326976K)->320315K(326976K) NonClass: 283004K(286592K)->283004K(286592K) Class: 37311K(40384K)->37311K(40384K)
[2025-10-15T05:55:49.733-0700][1246 ][info ][gc          ] GC(374) Pause Young (Normal) (G1 Evacuation Pause) 137579M->35435M(184320M) 180.241ms
[2025-10-15T05:55:49.735-0700][1246 ][info ][gc,cpu      ] GC(374) User=18.71s Sys=0.16s Real=0.18s
[2025-10-15T05:55:49.736-0700][1246 ][info ][safepoint   ] Safepoint "G1CollectForAllocation", Time since last: 743914339 ns, Reaching safepoint: 753626 ns, Cleanup: 4567 ns, At safepoint: 183734440 ns, Total: 184492633 ns
[2025-10-15T05:55:50.737-0700][1246 ][info ][safepoint   ] Safepoint "Cleanup", Time since last: 1000081334 ns, Reaching safepoint: 958795 ns, Cleanup: 23666 ns, At safepoint: 122505 ns, Total: 1104966 ns
[2025-10-15T05:55:55.749-0700][1246 ][info ][safepoint   ] Safepoint "Cleanup", Time since last: 5000314291 ns, Reaching safepoint: 9264183 ns, Cleanup: 16234 ns, At safepoint: 2178874 ns, Total: 11459291 ns
[2025-10-15T05:55:56.793-0700][1246 ][info ][gc,start    ] GC(375) Pause Young (Normal) (G1 Evacuation Pause)
[2025-10-15T05:55:56.793-0700][1246 ][info ][gc,task     ] GC(375) Using 113 workers of 113 for evacuation
[2025-10-15T05:55:56.806-0700][1246 ][debug][gc,remset   ] GC(375) Visited cards 8569344 Total dirty 52232192 (16.41%) Total old 378798080 (2.26%)
[2025-10-15T05:55:56.981-0700][1246 ][info ][gc,phases   ] GC(375)   Pre Evacuate Collection Set: 0.7ms
[2025-10-15T05:55:56.981-0700][1246 ][info ][gc,phases   ] GC(375)   Merge Heap Roots: 11.7ms
[2025-10-15T05:55:56.981-0700][1246 ][info ][gc,phases   ] GC(375)   Evacuate Collection Set: 164.8ms
[2025-10-15T05:55:56.981-0700][1246 ][info ][gc,phases   ] GC(375)   Post Evacuate Collection Set: 10.0ms
[2025-10-15T05:55:56.981-0700][1246 ][info ][gc,phases   ] GC(375)   Other: 0.1ms
[2025-10-15T05:55:56.981-0700][1246 ][debug][gc,remset   ] GC(375) Coarsening (recent): Inline->AoC 13391 (0) AoC->Howl 59 (2) Howl->Full 0 (0) Inline->AoC 271 (0) AoC->BitMap 38 (0) BitMap->Full 0 (0) 
[2025-10-15T05:55:56.981-0700][1246 ][debug][gc,remset   ] GC(375) Coarsening (all): Inline->AoC 11437452 (336) AoC->Howl 261249 (897) Howl->Full 0 (0) Inline->AoC 1042868 (280) AoC->BitMap 276372 (733) BitMap->Full 10 (0) 
[2025-10-15T05:55:56.981-0700][1246 ][info ][gc,heap     ] GC(375) Eden regions: 2193->0(3296)
[2025-10-15T05:55:56.981-0700][1246 ][info ][gc,heap     ] GC(375) Survivor regions: 279->160(309)
[2025-10-15T05:55:56.981-0700][1246 ][info ][gc,heap     ] GC(375) Old regions: 829->961
[2025-10-15T05:55:56.981-0700][1246 ][info ][gc,heap     ] GC(375) Humongous regions: 7->0
[2025-10-15T05:55:56.981-0700][1246 ][info ][gc,metaspace] GC(375) Metaspace: 320315K(326976K)->320315K(326976K) NonClass: 283004K(286592K)->283004K(286592K) Class: 37311K(40384K)->37311K(40384K)
[2025-10-15T05:55:56.981-0700][1246 ][info ][gc          ] GC(375) Pause Young (Normal) (G1 Evacuation Pause) 105835M->35862M(184320M) 187.461ms
[2025-10-15T05:55:56.982-0700][1246 ][info ][gc,cpu      ] GC(375) User=19.37s Sys=0.11s Real=0.19s
[2025-10-15T05:55:56.983-0700][1246 ][info ][safepoint   ] Safepoint "G1CollectForAllocation", Time since last: 1042425502 ns, Reaching safepoint: 897272 ns, Cleanup: 4737 ns, At safepoint: 191198390 ns, Total: 192100399 ns
[2025-10-15T05:55:59.984-0700][1246 ][info ][safepoint   ] Safepoint "Cleanup", Time since last: 3000196951 ns, Reaching safepoint: 859676 ns, Cleanup: 12108 ns, At safepoint: 170778 ns, Total: 1042562 ns
[2025-10-15T05:56:04.127-0700][1246 ][info ][safepoint   ] Safepoint "Cleanup", Time since last: 4141224248 ns, Reaching safepoint: 920938 ns, Cleanup: 10436 ns, At safepoint: 219250 ns, Total: 1150624 ns
[2025-10-15T05:56:06.128-0700][1246 ][info ][safepoint   ] Safepoint "Cleanup", Time since last: 2000163310 ns, Reaching safepoint: 901398 ns, Cleanup: 15443 ns, At safepoint: 187172 ns, Total: 1104013 ns
[2025-10-15T05:56:07.130-0700][1246 ][info ][safepoint   ] Safepoint "Cleanup", Time since last: 1000097910 ns, Reaching safepoint: 935409 ns, Cleanup: 16335 ns, At safepoint: 401325 ns, Total: 1353069 ns
[2025-10-15T05:56:10.131-0700][1246 ][info ][safepoint   ] Safepoint "Cleanup", Time since last: 3000241489 ns, Reaching safepoint: 831713 ns, Cleanup: 14512 ns, At safepoint: 152019 ns, Total: 998244 ns
[2025-10-15T05:56:10.647-0700][1246 ][info ][gc,start    ] GC(376) Pause Young (Normal) (G1 Evacuation Pause)
[2025-10-15T05:56:10.647-0700][1246 ][info ][gc,task     ] GC(376) Using 113 workers of 113 for evacuation
[2025-10-15T05:56:10.660-0700][1246 ][debug][gc,remset   ] GC(376) Visited cards 8830976 Total dirty 59375616 (14.87%) Total old 516685824 (1.71%)
[2025-10-15T05:56:10.787-0700][1246 ][info ][gc,phases   ] GC(376)   Pre Evacuate Collection Set: 0.7ms
[2025-10-15T05:56:10.787-0700][1246 ][info ][gc,phases   ] GC(376)   Merge Heap Roots: 12.8ms
[2025-10-15T05:56:10.787-0700][1246 ][info ][gc,phases   ] GC(376)   Evacuate Collection Set: 113.1ms
[2025-10-15T05:56:10.787-0700][1246 ][info ][gc,phases   ] GC(376)   Post Evacuate Collection Set: 13.2ms
[2025-10-15T05:56:10.787-0700][1246 ][info ][gc,phases   ] GC(376)   Other: 0.2ms
[2025-10-15T05:56:10.787-0700][1246 ][debug][gc,remset   ] GC(376) Coarsening (recent): Inline->AoC 22294 (0) AoC->Howl 77 (0) Howl->Full 0 (0) Inline->AoC 247 (0) AoC->BitMap 58 (0) BitMap->Full 0 (0) 
[2025-10-15T05:56:10.787-0700][1246 ][debug][gc,remset   ] GC(376) Coarsening (all): Inline->AoC 11459746 (336) AoC->Howl 261326 (897) Howl->Full 0 (0) Inline->AoC 1043115 (280) AoC->BitMap 276430 (733) BitMap->Full 10 (0) 
[2025-10-15T05:56:10.787-0700][1246 ][info ][gc,heap     ] GC(376) Eden regions: 3296->0(3267)
[2025-10-15T05:56:10.787-0700][1246 ][info ][gc,heap     ] GC(376) Survivor regions: 160->189(432)
[2025-10-15T05:56:10.787-0700][1246 ][info ][gc,heap     ] GC(376) Old regions: 961->961
[2025-10-15T05:56:10.787-0700][1246 ][info ][gc,heap     ] GC(376) Humongous regions: 11->0
[2025-10-15T05:56:10.787-0700][1246 ][info ][gc,metaspace] GC(376) Metaspace: 320358K(327040K)->320358K(327040K) NonClass: 283042K(286656K)->283042K(286656K) Class: 37315K(40384K)->37315K(40384K)
[2025-10-15T05:56:10.787-0700][1246 ][info ][gc          ] GC(376) Pause Young (Normal) (G1 Evacuation Pause) 141686M->36776M(184320M) 140.165ms
[2025-10-15T05:56:10.788-0700][1246 ][info ][gc,cpu      ] GC(376) User=13.41s Sys=0.35s Real=0.14s
[2025-10-15T05:56:10.789-0700][1246 ][info ][safepoint   ] Safepoint "G1CollectForAllocation", Time since last: 513925488 ns, Reaching safepoint: 892155 ns, Cleanup: 4377 ns, At safepoint: 143661255 ns, Total: 144557787 ns
[2025-10-15T05:56:11.790-0700][1246 ][info ][safepoint   ] Safepoint "Cleanup", Time since last: 1000106171 ns, Reaching safepoint: 868209 ns, Cleanup: 11717 ns, At safepoint: 137498 ns, Total: 1017424 ns
[2025-10-15T05:56:15.792-0700][1246 ][info ][safepoint   ] Safepoint "Cleanup", Time since last: 4000316524 ns, Reaching safepoint: 1011474 ns, Cleanup: 16706 ns, At safepoint: 409286 ns, Total: 1437466 ns
[2025-10-15T05:56:20.794-0700][1246 ][info ][safepoint   ] Safepoint "Cleanup", Time since last: 5000383781 ns, Reaching safepoint: 874288 ns, Cleanup: 12188 ns, At safepoint: 217278 ns, Total: 1103754 ns
[2025-10-15T05:56:21.795-0700][1246 ][info ][safepoint   ] Safepoint "Cleanup", Time since last: 1000099136 ns, Reaching safepoint: 908790 ns, Cleanup: 10395 ns, At safepoint: 339983 ns, Total: 1259168 ns
[2025-10-15T05:56:28.307-0700][1246 ][info ][gc,start    ] GC(377) Pause Young (Normal) (G1 Evacuation Pause)
[2025-10-15T05:56:28.307-0700][1246 ][info ][gc,task     ] GC(377) Using 113 workers of 113 for evacuation
[2025-10-15T05:56:28.320-0700][1246 ][debug][gc,remset   ] GC(377) Visited cards 8852480 Total dirty 59506688 (14.88%) Total old 516423680 (1.71%)
[2025-10-15T05:56:28.465-0700][1246 ][info ][gc,phases   ] GC(377)   Pre Evacuate Collection Set: 0.7ms
[2025-10-15T05:56:28.465-0700][1246 ][info ][gc,phases   ] GC(377)   Merge Heap Roots: 12.3ms
[2025-10-15T05:56:28.465-0700][1246 ][info ][gc,phases   ] GC(377)   Evacuate Collection Set: 131.8ms
[2025-10-15T05:56:28.465-0700][1246 ][info ][gc,phases   ] GC(377)   Post Evacuate Collection Set: 13.8ms
[2025-10-15T05:56:28.465-0700][1246 ][info ][gc,phases   ] GC(377)   Other: 0.2ms
[2025-10-15T05:56:28.465-0700][1246 ][debug][gc,remset   ] GC(377) Coarsening (recent): Inline->AoC 26933 (0) AoC->Howl 51 (0) Howl->Full 0 (0) Inline->AoC 234 (0) AoC->BitMap 18 (0) BitMap->Full 0 (0) 
[2025-10-15T05:56:28.465-0700][1246 ][debug][gc,remset   ] GC(377) Coarsening (all): Inline->AoC 11486679 (336) AoC->Howl 261377 (897) Howl->Full 0 (0) Inline->AoC 1043349 (280) AoC->BitMap 276448 (733) BitMap->Full 10 (0) 
[2025-10-15T05:56:28.465-0700][1246 ][info ][gc,heap     ] GC(377) Eden regions: 3267->0(3246)
[2025-10-15T05:56:28.465-0700][1246 ][info ][gc,heap     ] GC(377) Survivor regions: 189->210(432)
[2025-10-15T05:56:28.465-0700][1246 ][info ][gc,heap     ] GC(377) Old regions: 961->961
[2025-10-15T05:56:28.465-0700][1246 ][info ][gc,heap     ] GC(377) Humongous regions: 7->0
[2025-10-15T05:56:28.465-0700][1246 ][info ][gc,metaspace] GC(377) Metaspace: 320372K(327040K)->320372K(327040K) NonClass: 283054K(286656K)->283054K(286656K) Class: 37317K(40384K)->37317K(40384K)
[2025-10-15T05:56:28.465-0700][1246 ][info ][gc          ] GC(377) Pause Young (Normal) (G1 Evacuation Pause) 141544M->37451M(184320M) 158.917ms
[2025-10-15T05:56:28.467-0700][1246 ][info ][gc,cpu      ] GC(377) User=14.62s Sys=0.19s Real=0.16s
[2025-10-15T05:56:28.468-0700][1246 ][info ][safepoint   ] Safepoint "G1CollectForAllocation", Time since last: 6509071871 ns, Reaching safepoint: 1236143 ns, Cleanup: 6750 ns, At safepoint: 162440337 ns, Total: 163683230 ns
[2025-10-15T05:56:32.469-0700][1246 ][info ][safepoint   ] Safepoint "Cleanup", Time since last: 4000269383 ns, Reaching safepoint: 895590 ns, Cleanup: 15173 ns, At safepoint: 91828 ns, Total: 1002591 ns
[2025-10-15T05:56:34.470-0700][1246 ][info ][safepoint   ] Safepoint "Cleanup", Time since last: 2000168578 ns, Reaching safepoint: 827146 ns, Cleanup: 15373 ns, At safepoint: 313473 ns, Total: 1155992 ns
[2025-10-15T05:56:45.108-0700][1246 ][info ][gc,start    ] GC(378) Pause Young (Normal) (G1 Evacuation Pause)
[2025-10-15T05:56:45.108-0700][1246 ][info ][gc,task     ] GC(378) Using 113 workers of 113 for evacuation
[2025-10-15T05:56:45.122-0700][1246 ][debug][gc,remset   ] GC(378) Visited cards 8957440 Total dirty 59899904 (14.95%) Total old 516554752 (1.73%)
[2025-10-15T05:56:45.282-0700][1246 ][info ][gc,phases   ] GC(378)   Pre Evacuate Collection Set: 0.8ms
[2025-10-15T05:56:45.282-0700][1246 ][info ][gc,phases   ] GC(378)   Merge Heap Roots: 12.8ms
[2025-10-15T05:56:45.282-0700][1246 ][info ][gc,phases   ] GC(378)   Evacuate Collection Set: 146.4ms
[2025-10-15T05:56:45.282-0700][1246 ][info ][gc,phases   ] GC(378)   Post Evacuate Collection Set: 13.8ms
[2025-10-15T05:56:45.282-0700][1246 ][info ][gc,phases   ] GC(378)   Other: 0.2ms
[2025-10-15T05:56:45.282-0700][1246 ][debug][gc,remset   ] GC(378) Coarsening (recent): Inline->AoC 20229 (0) AoC->Howl 71 (0) Howl->Full 0 (0) Inline->AoC 335 (0) AoC->BitMap 48 (0) BitMap->Full 0 (0) 
[2025-10-15T05:56:45.282-0700][1246 ][debug][gc,remset   ] GC(378) Coarsening (all): Inline->AoC 11506908 (336) AoC->Howl 261448 (897) Howl->Full 0 (0) Inline->AoC 1043684 (280) AoC->BitMap 276496 (733) BitMap->Full 10 (0) 
[2025-10-15T05:56:45.282-0700][1246 ][info ][gc,heap     ] GC(378) Eden regions: 3246->0(3205)
[2025-10-15T05:56:45.282-0700][1246 ][info ][gc,heap     ] GC(378) Survivor regions: 210->251(432)
[2025-10-15T05:56:45.282-0700][1246 ][info ][gc,heap     ] GC(378) Old regions: 961->961
[2025-10-15T05:56:45.282-0700][1246 ][info ][gc,heap     ] GC(378) Humongous regions: 9->0
[2025-10-15T05:56:45.282-0700][1246 ][info ][gc,metaspace] GC(378) Metaspace: 320374K(327040K)->320374K(327040K) NonClass: 283056K(286656K)->283056K(286656K) Class: 37318K(40384K)->37318K(40384K)
[2025-10-15T05:56:45.282-0700][1246 ][info ][gc          ] GC(378) Pause Young (Normal) (G1 Evacuation Pause) 141611M->38760M(184320M) 174.089ms
[2025-10-15T05:56:45.283-0700][1246 ][info ][gc,cpu      ] GC(378) User=16.79s Sys=0.22s Real=0.18s
[2025-10-15T05:56:45.284-0700][1246 ][info ][safepoint   ] Safepoint "G1CollectForAllocation", Time since last: 10632144744 ns, Reaching safepoint: 4116364 ns, Cleanup: 13841 ns, At safepoint: 177763249 ns, Total: 181893454 ns
[2025-10-15T05:56:47.286-0700][1246 ][info ][safepoint   ] Safepoint "Cleanup", Time since last: 2000151142 ns, Reaching safepoint: 1297205 ns, Cleanup: 14812 ns, At safepoint: 232851 ns, Total: 1544868 ns
[2025-10-15T05:56:56.288-0700][1246 ][info ][safepoint   ] Safepoint "Cleanup", Time since last: 9000568658 ns, Reaching safepoint: 818153 ns, Cleanup: 11237 ns, At safepoint: 180843 ns, Total: 1010233 ns
[2025-10-15T05:56:58.289-0700][1246 ][info ][safepoint   ] Safepoint "Cleanup", Time since last: 2000162498 ns, Reaching safepoint: 879336 ns, Cleanup: 14832 ns, At safepoint: 163687 ns, Total: 1057855 ns
[2025-10-15T05:57:00.290-0700][1246 ][info ][safepoint   ] Safepoint "Cleanup", Time since last: 2000168347 ns, Reaching safepoint: 845294 ns, Cleanup: 22704 ns, At safepoint: 147883 ns, Total: 1015881 ns
[2025-10-15T05:57:01.291-0700][1246 ][info ][safepoint   ] Safepoint "Cleanup", Time since last: 1000104314 ns, Reaching safepoint: 836441 ns, Cleanup: 20030 ns, At safepoint: 155775 ns, Total: 1012246 ns
[2025-10-15T05:57:02.674-0700][1246 ][info ][gc,start    ] GC(379) Pause Young (Normal) (G1 Evacuation Pause)
[2025-10-15T05:57:02.674-0700][1246 ][info ][gc,task     ] GC(379) Using 113 workers of 113 for evacuation
[2025-10-15T05:57:02.689-0700][1246 ][debug][gc,remset   ] GC(379) Visited cards 9013248 Total dirty 59965440 (15.03%) Total old 516816896 (1.74%)
[2025-10-15T05:57:02.863-0700][1246 ][info ][gc,phases   ] GC(379)   Pre Evacuate Collection Set: 0.8ms
[2025-10-15T05:57:02.863-0700][1246 ][info ][gc,phases   ] GC(379)   Merge Heap Roots: 13.7ms
[2025-10-15T05:57:02.863-0700][1246 ][info ][gc,phases   ] GC(379)   Evacuate Collection Set: 159.9ms
[2025-10-15T05:57:02.863-0700][1246 ][info ][gc,phases   ] GC(379)   Post Evacuate Collection Set: 14.1ms
[2025-10-15T05:57:02.863-0700][1246 ][info ][gc,phases   ] GC(379)   Other: 0.2ms
[2025-10-15T05:57:02.863-0700][1246 ][debug][gc,remset   ] GC(379) Coarsening (recent): Inline->AoC 20941 (0) AoC->Howl 94 (0) Howl->Full 0 (0) Inline->AoC 402 (0) AoC->BitMap 52 (0) BitMap->Full 0 (0) 
[2025-10-15T05:57:02.863-0700][1246 ][debug][gc,remset   ] GC(379) Coarsening (all): Inline->AoC 11527849 (336) AoC->Howl 261542 (897) Howl->Full 0 (0) Inline->AoC 1044086 (280) AoC->BitMap 276548 (733) BitMap->Full 10 (0) 
[2025-10-15T05:57:02.863-0700][1246 ][info ][gc,heap     ] GC(379) Eden regions: 3205->0(2780)
[2025-10-15T05:57:02.863-0700][1246 ][info ][gc,heap     ] GC(379) Survivor regions: 251->264(432)
[2025-10-15T05:57:02.863-0700][1246 ][info ][gc,heap     ] GC(379) Old regions: 961->986
[2025-10-15T05:57:02.863-0700][1246 ][info ][gc,heap     ] GC(379) Humongous regions: 13->0
[2025-10-15T05:57:02.863-0700][1246 ][info ][gc,metaspace] GC(379) Metaspace: 320389K(327104K)->320389K(327104K) NonClass: 283070K(286720K)->283070K(286720K) Class: 37319K(40384K)->37319K(40384K)
[2025-10-15T05:57:02.863-0700][1246 ][info ][gc          ] GC(379) Pause Young (Normal) (G1 Evacuation Pause) 141736M->39991M(184320M) 188.877ms
[2025-10-15T05:57:02.864-0700][1246 ][info ][gc,cpu      ] GC(379) User=19.62s Sys=0.13s Real=0.19s
[2025-10-15T05:57:02.865-0700][1246 ][info ][safepoint   ] Safepoint "G1CollectForAllocation", Time since last: 1380737182 ns, Reaching safepoint: 799184 ns, Cleanup: 14272 ns, At safepoint: 192300940 ns, Total: 193114396 ns
[2025-10-15T05:57:03.866-0700][1246 ][info ][safepoint   ] Safepoint "Cleanup", Time since last: 1000082601 ns, Reaching safepoint: 752845 ns, Cleanup: 34452 ns, At safepoint: 155474 ns, Total: 942771 ns
[2025-10-15T05:57:05.867-0700][1246 ][info ][safepoint   ] Safepoint "Cleanup", Time since last: 2000155408 ns, Reaching safepoint: 736740 ns, Cleanup: 12759 ns, At safepoint: 92269 ns, Total: 841768 ns
[2025-10-15T05:57:06.869-0700][1246 ][info ][safepoint   ] Safepoint "Cleanup", Time since last: 1000116733 ns, Reaching safepoint: 884042 ns, Cleanup: 9325 ns, At safepoint: 453012 ns, Total: 1346379 ns
[2025-10-15T05:57:07.873-0700][1246 ][info ][safepoint   ] Safepoint "Cleanup", Time since last: 1000113208 ns, Reaching safepoint: 2885919 ns, Cleanup: 15964 ns, At safepoint: 1904581 ns, Total: 4806464 ns
[2025-10-15T05:57:11.875-0700][1246 ][info ][safepoint   ] Safepoint "Cleanup", Time since last: 4000280860 ns, Reaching safepoint: 911614 ns, Cleanup: 12749 ns, At safepoint: 409688 ns, Total: 1334051 ns
[2025-10-15T05:57:14.876-0700][1246 ][info ][safepoint   ] Safepoint "Cleanup", Time since last: 3000225680 ns, Reaching safepoint: 832845 ns, Cleanup: 21182 ns, At safepoint: 176847 ns, Total: 1030874 ns
[2025-10-15T05:57:15.120-0700][1246 ][info ][gc,start    ] GC(380) Pause Young (Normal) (G1 Evacuation Pause)
[2025-10-15T05:57:15.120-0700][1246 ][info ][gc,task     ] GC(380) Using 113 workers of 113 for evacuation
[2025-10-15T05:57:15.134-0700][1246 ][debug][gc,remset   ] GC(380) Visited cards 9091328 Total dirty 61276160 (14.84%) Total old 455016448 (2.00%)
[2025-10-15T05:57:15.315-0700][1246 ][info ][gc,phases   ] GC(380)   Pre Evacuate Collection Set: 0.7ms
[2025-10-15T05:57:15.315-0700][1246 ][info ][gc,phases   ] GC(380)   Merge Heap Roots: 13.4ms
[2025-10-15T05:57:15.315-0700][1246 ][info ][gc,phases   ] GC(380)   Evacuate Collection Set: 165.8ms
[2025-10-15T05:57:15.315-0700][1246 ][info ][gc,phases   ] GC(380)   Post Evacuate Collection Set: 15.0ms
[2025-10-15T05:57:15.315-0700][1246 ][info ][gc,phases   ] GC(380)   Other: 0.2ms
[2025-10-15T05:57:15.315-0700][1246 ][debug][gc,remset   ] GC(380) Coarsening (recent): Inline->AoC 29940 (0) AoC->Howl 132 (0) Howl->Full 0 (0) Inline->AoC 594 (0) AoC->BitMap 89 (0) BitMap->Full 0 (0) 
[2025-10-15T05:57:15.315-0700][1246 ][debug][gc,remset   ] GC(380) Coarsening (all): Inline->AoC 11557789 (336) AoC->Howl 261674 (897) Howl->Full 0 (0) Inline->AoC 1044680 (280) AoC->BitMap 276637 (733) BitMap->Full 10 (0) 
[2025-10-15T05:57:15.315-0700][1246 ][info ][gc,heap     ] GC(380) Eden regions: 2708->0(3218)
[2025-10-15T05:57:15.315-0700][1246 ][info ][gc,heap     ] GC(380) Survivor regions: 264->238(372)
[2025-10-15T05:57:15.315-0700][1246 ][info ][gc,heap     ] GC(380) Old regions: 986->1049
[2025-10-15T05:57:15.315-0700][1246 ][info ][gc,heap     ] GC(380) Humongous regions: 13->0
[2025-10-15T05:57:15.315-0700][1246 ][info ][gc,metaspace] GC(380) Metaspace: 320500K(327296K)->320500K(327296K) NonClass: 283170K(286848K)->283170K(286848K) Class: 37329K(40448K)->37329K(40448K)
[2025-10-15T05:57:15.315-0700][1246 ][info ][gc          ] GC(380) Pause Young (Normal) (G1 Evacuation Pause) 127063M->41165M(184320M) 195.301ms
[2025-10-15T05:57:15.316-0700][1246 ][info ][gc,cpu      ] GC(380) User=19.51s Sys=0.24s Real=0.19s
[2025-10-15T05:57:15.317-0700][1246 ][info ][safepoint   ] Safepoint "G1CollectForAllocation", Time since last: 241030150 ns, Reaching safepoint: 972526 ns, Cleanup: 4457 ns, At safepoint: 198957742 ns, Total: 199934725 ns
[2025-10-15T05:57:16.319-0700][1246 ][info ][safepoint   ] Safepoint "Cleanup", Time since last: 1000086808 ns, Reaching safepoint: 1392168 ns, Cleanup: 13821 ns, At safepoint: 249987 ns, Total: 1655976 ns
[2025-10-15T05:57:18.320-0700][1246 ][info ][safepoint   ] Safepoint "Cleanup", Time since last: 2000169619 ns, Reaching safepoint: 792054 ns, Cleanup: 14241 ns, At safepoint: 247633 ns, Total: 1053928 ns
[2025-10-15T05:57:20.322-0700][1246 ][info ][safepoint   ] Safepoint "Cleanup", Time since last: 2000169209 ns, Reaching safepoint: 1208441 ns, Cleanup: 12289 ns, At safepoint: 479663 ns, Total: 1700393 ns
[2025-10-15T05:57:21.324-0700][1246 ][info ][safepoint   ] Safepoint "Cleanup", Time since last: 1000101319 ns, Reaching safepoint: 914418 ns, Cleanup: 35113 ns, At safepoint: 637441 ns, Total: 1586972 ns
[2025-10-15T05:57:22.327-0700][1246 ][info ][safepoint   ] Safepoint "Cleanup", Time since last: 1000107920 ns, Reaching safepoint: 990653 ns, Cleanup: 11036 ns, At safepoint: 1684349 ns, Total: 2686038 ns
[2025-10-15T05:57:23.330-0700][1246 ][info ][safepoint   ] Safepoint "Cleanup", Time since last: 1000130063 ns, Reaching safepoint: 1774685 ns, Cleanup: 13691 ns, At safepoint: 1100438 ns, Total: 2888814 ns
[2025-10-15T05:57:26.885-0700][1246 ][info ][gc,start    ] GC(381) Pause Young (Normal) (G1 Evacuation Pause)
[2025-10-15T05:57:26.885-0700][1246 ][info ][gc,task     ] GC(381) Using 113 workers of 113 for evacuation
[2025-10-15T05:57:26.898-0700][1246 ][debug][gc,remset   ] GC(381) Visited cards 9211648 Total dirty 64815104 (14.21%) Total old 515506176 (1.79%)
[2025-10-15T05:57:27.070-0700][1246 ][info ][gc,phases   ] GC(381)   Pre Evacuate Collection Set: 0.7ms
[2025-10-15T05:57:27.070-0700][1246 ][info ][gc,phases   ] GC(381)   Merge Heap Roots: 12.3ms
[2025-10-15T05:57:27.070-0700][1246 ][info ][gc,phases   ] GC(381)   Evacuate Collection Set: 155.2ms
[2025-10-15T05:57:27.070-0700][1246 ][info ][gc,phases   ] GC(381)   Post Evacuate Collection Set: 16.5ms
[2025-10-15T05:57:27.070-0700][1246 ][info ][gc,phases   ] GC(381)   Other: 0.2ms
[2025-10-15T05:57:27.070-0700][1246 ][debug][gc,remset   ] GC(381) Coarsening (recent): Inline->AoC 47918 (0) AoC->Howl 164 (0) Howl->Full 0 (0) Inline->AoC 559 (0) AoC->BitMap 130 (0) BitMap->Full 0 (0) 
[2025-10-15T05:57:27.070-0700][1246 ][debug][gc,remset   ] GC(381) Coarsening (all): Inline->AoC 11605707 (336) AoC->Howl 261838 (897) Howl->Full 0 (0) Inline->AoC 1045239 (280) AoC->BitMap 276767 (733) BitMap->Full 10 (0) 
[2025-10-15T05:57:27.070-0700][1246 ][info ][gc,heap     ] GC(381) Eden regions: 3164->0(3223)
[2025-10-15T05:57:27.070-0700][1246 ][info ][gc,heap     ] GC(381) Survivor regions: 238->233(426)
[2025-10-15T05:57:27.070-0700][1246 ][info ][gc,heap     ] GC(381) Old regions: 1049->1091
[2025-10-15T05:57:27.070-0700][1246 ][info ][gc,heap     ] GC(381) Humongous regions: 13->0
[2025-10-15T05:57:27.070-0700][1246 ][info ][gc,metaspace] GC(381) Metaspace: 320665K(327552K)->320665K(327552K) NonClass: 283314K(287040K)->283314K(287040K) Class: 37351K(40512K)->37351K(40512K)
[2025-10-15T05:57:27.070-0700][1246 ][info ][gc          ] GC(381) Pause Young (Normal) (G1 Evacuation Pause) 142829M->42358M(184320M) 185.048ms
[2025-10-15T05:57:27.071-0700][1246 ][info ][gc,cpu      ] GC(381) User=18.16s Sys=0.40s Real=0.19s
[2025-10-15T05:57:27.072-0700][1246 ][info ][safepoint   ] Safepoint "G1CollectForAllocation", Time since last: 3553246490 ns, Reaching safepoint: 888730 ns, Cleanup: 7050 ns, At safepoint: 188697179 ns, Total: 189592959 ns
[2025-10-15T05:57:28.074-0700][1246 ][info ][safepoint   ] Safepoint "Cleanup", Time since last: 1000077364 ns, Reaching safepoint: 1454052 ns, Cleanup: 18788 ns, At safepoint: 215605 ns, Total: 1688445 ns
[2025-10-15T05:57:30.076-0700][1246 ][info ][safepoint   ] Safepoint "Cleanup", Time since last: 2000167968 ns, Reaching safepoint: 907298 ns, Cleanup: 12419 ns, At safepoint: 219270 ns, Total: 1138987 ns
[2025-10-15T05:57:31.077-0700][1246 ][info ][safepoint   ] Safepoint "Cleanup", Time since last: 1000099948 ns, Reaching safepoint: 909631 ns, Cleanup: 10806 ns, At safepoint: 442537 ns, Total: 1362974 ns
[2025-10-15T05:57:34.078-0700][1246 ][info ][safepoint   ] Safepoint "Cleanup", Time since last: 3000228477 ns, Reaching safepoint: 904824 ns, Cleanup: 12839 ns, At safepoint: 193232 ns, Total: 1110895 ns
[2025-10-15T05:57:35.079-0700][1246 ][info ][safepoint   ] Safepoint "Cleanup", Time since last: 1000103213 ns, Reaching safepoint: 785554 ns, Cleanup: 11056 ns, At safepoint: 150908 ns, Total: 947518 ns
[2025-10-15T05:57:43.399-0700][1246 ][info ][gc,start    ] GC(382) Pause Young (Normal) (G1 Evacuation Pause)
[2025-10-15T05:57:43.399-0700][1246 ][info ][gc,task     ] GC(382) Using 113 workers of 113 for evacuation
[2025-10-15T05:57:43.413-0700][1246 ][debug][gc,remset   ] GC(382) Visited cards 9279488 Total dirty 67305472 (13.79%) Total old 521732096 (1.78%)
[2025-10-15T05:57:43.588-0700][1246 ][info ][gc,phases   ] GC(382)   Pre Evacuate Collection Set: 0.7ms
[2025-10-15T05:57:43.588-0700][1246 ][info ][gc,phases   ] GC(382)   Merge Heap Roots: 13.9ms
[2025-10-15T05:57:43.588-0700][1246 ][info ][gc,phases   ] GC(382)   Evacuate Collection Set: 158.4ms
[2025-10-15T05:57:43.588-0700][1246 ][info ][gc,phases   ] GC(382)   Post Evacuate Collection Set: 15.6ms
[2025-10-15T05:57:43.588-0700][1246 ][info ][gc,phases   ] GC(382)   Other: 0.2ms
[2025-10-15T05:57:43.588-0700][1246 ][debug][gc,remset   ] GC(382) Coarsening (recent): Inline->AoC 57955 (0) AoC->Howl 142 (0) Howl->Full 0 (0) Inline->AoC 520 (0) AoC->BitMap 80 (0) BitMap->Full 0 (0) 
[2025-10-15T05:57:43.588-0700][1246 ][debug][gc,remset   ] GC(382) Coarsening (all): Inline->AoC 11663662 (336) AoC->Howl 261980 (897) Howl->Full 0 (0) Inline->AoC 1045759 (280) AoC->BitMap 276847 (733) BitMap->Full 10 (0) 
[2025-10-15T05:57:43.588-0700][1246 ][info ][gc,heap     ] GC(382) Eden regions: 3196->0(1553)
[2025-10-15T05:57:43.588-0700][1246 ][info ][gc,heap     ] GC(382) Survivor regions: 233->286(429)
[2025-10-15T05:57:43.588-0700][1246 ][info ][gc,heap     ] GC(382) Old regions: 1091->1091
[2025-10-15T05:57:43.588-0700][1246 ][info ][gc,heap     ] GC(382) Humongous regions: 12->0
[2025-10-15T05:57:43.588-0700][1246 ][info ][gc,metaspace] GC(382) Metaspace: 320689K(327552K)->320689K(327552K) NonClass: 283337K(287040K)->283337K(287040K) Class: 37351K(40512K)->37351K(40512K)
[2025-10-15T05:57:43.588-0700][1246 ][info ][gc          ] GC(382) Pause Young (Normal) (G1 Evacuation Pause) 145014M->44046M(184320M) 188.966ms
[2025-10-15T05:57:43.589-0700][1246 ][info ][gc,cpu      ] GC(382) User=19.26s Sys=0.29s Real=0.19s
[2025-10-15T05:57:43.590-0700][1246 ][info ][safepoint   ] Safepoint "G1CollectForAllocation", Time since last: 8317132336 ns, Reaching safepoint: 984314 ns, Cleanup: 4086 ns, At safepoint: 192559590 ns, Total: 193547990 ns
[2025-10-15T05:57:44.594-0700][1246 ][info ][safepoint   ] Safepoint "Cleanup", Time since last: 1000086217 ns, Reaching safepoint: 2825449 ns, Cleanup: 12068 ns, At safepoint: 954689 ns, Total: 3792206 ns
[2025-10-15T05:57:45.596-0700][1246 ][info ][safepoint   ] Safepoint "Cleanup", Time since last: 1000104975 ns, Reaching safepoint: 944935 ns, Cleanup: 16274 ns, At safepoint: 1160249 ns, Total: 2121458 ns
[2025-10-15T05:57:47.599-0700][1246 ][info ][safepoint   ] Safepoint "Cleanup", Time since last: 2000182981 ns, Reaching safepoint: 975320 ns, Cleanup: 12789 ns, At safepoint: 1260900 ns, Total: 2249009 ns
[2025-10-15T05:57:49.601-0700][1246 ][info ][safepoint   ] Safepoint "Cleanup", Time since last: 2000162060 ns, Reaching safepoint: 952956 ns, Cleanup: 26740 ns, At safepoint: 1078806 ns, Total: 2058502 ns
[2025-10-15T05:57:52.265-0700][1246 ][info ][gc,start    ] GC(383) Pause Young (Normal) (G1 Evacuation Pause)
[2025-10-15T05:57:52.265-0700][1246 ][info ][gc,task     ] GC(383) Using 113 workers of 113 for evacuation
[2025-10-15T05:57:52.278-0700][1246 ][debug][gc,remset   ] GC(383) Visited cards 9262336 Total dirty 67305472 (13.76%) Total old 351404032 (2.64%)
[2025-10-15T05:57:52.462-0700][1246 ][info ][gc,phases   ] GC(383)   Pre Evacuate Collection Set: 0.7ms
[2025-10-15T05:57:52.462-0700][1246 ][info ][gc,phases   ] GC(383)   Merge Heap Roots: 11.8ms
[2025-10-15T05:57:52.462-0700][1246 ][info ][gc,phases   ] GC(383)   Evacuate Collection Set: 173.3ms
[2025-10-15T05:57:52.462-0700][1246 ][info ][gc,phases   ] GC(383)   Post Evacuate Collection Set: 11.0ms
[2025-10-15T05:57:52.462-0700][1246 ][info ][gc,phases   ] GC(383)   Other: 0.1ms
[2025-10-15T05:57:52.462-0700][1246 ][debug][gc,remset   ] GC(383) Coarsening (recent): Inline->AoC 29674 (0) AoC->Howl 136 (1) Howl->Full 0 (0) Inline->AoC 557 (0) AoC->BitMap 59 (0) BitMap->Full 0 (0) 
[2025-10-15T05:57:52.462-0700][1246 ][debug][gc,remset   ] GC(383) Coarsening (all): Inline->AoC 11693336 (336) AoC->Howl 262116 (898) Howl->Full 0 (0) Inline->AoC 1046316 (280) AoC->BitMap 276906 (733) BitMap->Full 10 (0) 
[2025-10-15T05:57:52.462-0700][1246 ][info ][gc,heap     ] GC(383) Eden regions: 1847->0(3310)
[2025-10-15T05:57:52.462-0700][1246 ][info ][gc,heap     ] GC(383) Survivor regions: 286->146(267)
[2025-10-15T05:57:52.462-0700][1246 ][info ][gc,heap     ] GC(383) Old regions: 1091->1270
[2025-10-15T05:57:52.462-0700][1246 ][info ][gc,heap     ] GC(383) Humongous regions: 5->0
[2025-10-15T05:57:52.462-0700][1246 ][info ][gc,metaspace] GC(383) Metaspace: 320689K(327552K)->320689K(327552K) NonClass: 283337K(287040K)->283337K(287040K) Class: 37351K(40512K)->37351K(40512K)
[2025-10-15T05:57:52.462-0700][1246 ][info ][gc          ] GC(383) Pause Young (Normal) (G1 Evacuation Pause) 103310M->45307M(184320M) 197.197ms
[2025-10-15T05:57:52.464-0700][1246 ][info ][gc,cpu      ] GC(383) User=20.12s Sys=0.29s Real=0.20s
[2025-10-15T05:57:52.465-0700][1246 ][info ][safepoint   ] Safepoint "G1CollectForAllocation", Time since last: 2662240239 ns, Reaching safepoint: 886947 ns, Cleanup: 12549 ns, At safepoint: 200895833 ns, Total: 201795329 ns
[2025-10-15T05:57:52.996-0700][1246 ][info ][gc,start    ] GC(384) Pause Young (Concurrent Start) (G1 Humongous Allocation)
[2025-10-15T05:57:52.996-0700][1246 ][info ][gc,task     ] GC(384) Using 113 workers of 113 for evacuation
[2025-10-15T05:57:53.007-0700][1246 ][debug][gc,remset   ] GC(384) Visited cards 8699904 Total dirty 74252288 (11.72%) Total old 121503744 (7.16%)
[2025-10-15T05:57:53.086-0700][1246 ][info ][gc,phases   ] GC(384)   Pre Evacuate Collection Set: 1.0ms
[2025-10-15T05:57:53.086-0700][1246 ][info ][gc,phases   ] GC(384)   Merge Heap Roots: 10.1ms
[2025-10-15T05:57:53.086-0700][1246 ][info ][gc,phases   ] GC(384)   Evacuate Collection Set: 71.5ms
[2025-10-15T05:57:53.086-0700][1246 ][info ][gc,phases   ] GC(384)   Post Evacuate Collection Set: 7.8ms
[2025-10-15T05:57:53.086-0700][1246 ][info ][gc,phases   ] GC(384)   Other: 0.1ms
[2025-10-15T05:57:53.086-0700][1246 ][debug][gc,remset   ] GC(384) Coarsening (recent): Inline->AoC 0 (0) AoC->Howl 0 (0) Howl->Full 0 (0) Inline->AoC 0 (0) AoC->BitMap 0 (0) BitMap->Full 0 (0) 
[2025-10-15T05:57:53.086-0700][1246 ][debug][gc,remset   ] GC(384) Coarsening (all): Inline->AoC 11693336 (336) AoC->Howl 262116 (898) Howl->Full 0 (0) Inline->AoC 1046316 (280) AoC->BitMap 276906 (733) BitMap->Full 10 (0) 
[2025-10-15T05:57:53.086-0700][1246 ][info ][gc,heap     ] GC(384) Eden regions: 146->0(2153)
[2025-10-15T05:57:53.086-0700][1246 ][info ][gc,heap     ] GC(384) Survivor regions: 146->131(432)
[2025-10-15T05:57:53.086-0700][1246 ][info ][gc,heap     ] GC(384) Old regions: 1270->1270
[2025-10-15T05:57:53.086-0700][1246 ][info ][gc,heap     ] GC(384) Humongous regions: 0->0
[2025-10-15T05:57:53.086-0700][1246 ][info ][gc,metaspace] GC(384) Metaspace: 320689K(327552K)->320689K(327552K) NonClass: 283337K(287040K)->283337K(287040K) Class: 37351K(40512K)->37351K(40512K)
[2025-10-15T05:57:53.086-0700][1246 ][info ][gc          ] GC(384) Pause Young (Concurrent Start) (G1 Humongous Allocation) 49976M->44807M(184320M) 90.630ms
[2025-10-15T05:57:53.087-0700][1085 ][info ][gc          ] GC(385) Concurrent Mark Cycle
[2025-10-15T05:57:53.087-0700][1085 ][info ][gc,marking  ] GC(385) Concurrent Scan Root Regions
[2025-10-15T05:57:53.088-0700][1246 ][info ][gc,cpu      ] GC(384) User=8.72s Sys=0.08s Real=0.09s
[2025-10-15T05:57:53.089-0700][1246 ][info ][safepoint   ] Safepoint "G1TryInitiateConcMark", Time since last: 523168477 ns, Reaching safepoint: 6350811 ns, Cleanup: 5779 ns, At safepoint: 94928208 ns, Total: 101284798 ns
[2025-10-15T05:57:53.135-0700][1085 ][info ][gc,marking  ] GC(385) Concurrent Scan Root Regions 48.430ms
[2025-10-15T05:57:53.135-0700][1085 ][info ][gc,marking  ] GC(385) Concurrent Mark
[2025-10-15T05:57:53.135-0700][1085 ][info ][gc,marking  ] GC(385) Concurrent Mark From Roots
[2025-10-15T05:57:53.135-0700][1085 ][info ][gc,task     ] GC(385) Using 36 workers of 36 for marking
[2025-10-15T05:57:53.420-0700][1085 ][info ][gc,marking  ] GC(385) Concurrent Mark From Roots 284.411ms
[2025-10-15T05:57:53.420-0700][1085 ][info ][gc,marking  ] GC(385) Concurrent Preclean
[2025-10-15T05:57:53.440-0700][1085 ][info ][gc,marking  ] GC(385) Concurrent Preclean 20.776ms
[2025-10-15T05:57:53.442-0700][1246 ][info ][gc,start    ] GC(385) Pause Remark
[2025-10-15T05:57:53.602-0700][1246 ][info ][gc          ] GC(385) Pause Remark 48129M->46849M(184320M) 160.223ms
[2025-10-15T05:57:53.604-0700][1246 ][info ][gc,cpu      ] GC(385) User=13.61s Sys=0.05s Real=0.16s
[2025-10-15T05:57:53.606-0700][1246 ][info ][safepoint   ] Safepoint "G1PauseRemark", Time since last: 351037685 ns, Reaching safepoint: 685112 ns, Cleanup: 11918 ns, At safepoint: 164858491 ns, Total: 165555521 ns
[2025-10-15T05:57:53.606-0700][1085 ][info ][gc,marking  ] GC(385) Concurrent Mark 470.898ms
[2025-10-15T05:57:53.606-0700][1085 ][info ][gc,marking  ] GC(385) Concurrent Rebuild Remembered Sets and Scrub Regions
[2025-10-15T05:57:54.056-0700][1085 ][info ][gc,marking  ] GC(385) Concurrent Rebuild Remembered Sets and Scrub Regions 449.756ms
[2025-10-15T05:57:54.058-0700][1246 ][info ][gc,start    ] GC(385) Pause Cleanup
[2025-10-15T05:57:54.060-0700][1246 ][info ][gc          ] GC(385) Pause Cleanup 52443M->52443M(184320M) 2.327ms
[2025-10-15T05:57:54.061-0700][1246 ][info ][gc,cpu      ] GC(385) User=0.02s Sys=0.01s Real=0.01s
[2025-10-15T05:57:54.062-0700][1246 ][info ][safepoint   ] Safepoint "G1PauseCleanup", Time since last: 449906372 ns, Reaching safepoint: 789360 ns, Cleanup: 51608 ns, At safepoint: 4916409 ns, Total: 5757377 ns
[2025-10-15T05:57:54.062-0700][1085 ][info ][gc,marking  ] GC(385) Concurrent Clear Claimed Marks
[2025-10-15T05:57:54.063-0700][1085 ][info ][gc,marking  ] GC(385) Concurrent Clear Claimed Marks 0.988ms
[2025-10-15T05:57:54.063-0700][1085 ][info ][gc,marking  ] GC(385) Concurrent Cleanup for Next Mark
[2025-10-15T05:57:54.091-0700][1085 ][info ][gc,marking  ] GC(385) Concurrent Cleanup for Next Mark 28.641ms
[2025-10-15T05:57:54.091-0700][1085 ][info ][gc          ] GC(385) Concurrent Mark Cycle 1004.760ms
[2025-10-15T05:57:55.063-0700][1246 ][info ][safepoint   ] Safepoint "Cleanup", Time since last: 1000086018 ns, Reaching safepoint: 1578529 ns, Cleanup: 17195 ns, At safepoint: 166531 ns, Total: 1762255 ns
[2025-10-15T05:57:58.065-0700][1246 ][info ][safepoint   ] Safepoint "Cleanup", Time since last: 3000218062 ns, Reaching safepoint: 817161 ns, Cleanup: 19550 ns, At safepoint: 182976 ns, Total: 1019687 ns
[2025-10-15T05:58:01.066-0700][1246 ][info ][safepoint   ] Safepoint "Cleanup", Time since last: 3000223069 ns, Reaching safepoint: 904793 ns, Cleanup: 10837 ns, At safepoint: 187112 ns, Total: 1102742 ns
[2025-10-15T05:58:02.067-0700][1246 ][info ][safepoint   ] Safepoint "Cleanup", Time since last: 1000098796 ns, Reaching safepoint: 886055 ns, Cleanup: 9354 ns, At safepoint: 188865 ns, Total: 1084274 ns
[2025-10-15T05:58:03.145-0700][1246 ][info ][gc,start    ] GC(386) Pause Young (Prepare Mixed) (G1 Evacuation Pause)
[2025-10-15T05:58:03.145-0700][1246 ][info ][gc,task     ] GC(386) Using 113 workers of 113 for evacuation
[2025-10-15T05:58:03.161-0700][1246 ][debug][gc,remset   ] GC(386) Visited cards 9430528 Total dirty 74579968 (12.64%) Total old 359202816 (2.63%)
[2025-10-15T05:58:03.267-0700][1246 ][info ][gc,phases   ] GC(386)   Pre Evacuate Collection Set: 0.7ms
[2025-10-15T05:58:03.267-0700][1246 ][info ][gc,phases   ] GC(386)   Merge Heap Roots: 14.5ms
[2025-10-15T05:58:03.267-0700][1246 ][info ][gc,phases   ] GC(386)   Evacuate Collection Set: 94.3ms
[2025-10-15T05:58:03.267-0700][1246 ][info ][gc,phases   ] GC(386)   Post Evacuate Collection Set: 12.4ms
[2025-10-15T05:58:03.267-0700][1246 ][info ][gc,phases   ] GC(386)   Other: 0.2ms
[2025-10-15T05:58:03.267-0700][1246 ][debug][gc,remset   ] GC(386) Coarsening (recent): Inline->AoC 177072 (0) AoC->Howl 11328 (0) Howl->Full 0 (0) Inline->AoC 43094 (0) AoC->BitMap 12645 (0) BitMap->Full 0 (0) 
[2025-10-15T05:58:03.267-0700][1246 ][debug][gc,remset   ] GC(386) Coarsening (all): Inline->AoC 11870408 (336) AoC->Howl 273444 (898) Howl->Full 0 (0) Inline->AoC 1089410 (280) AoC->BitMap 289551 (733) BitMap->Full 10 (0) 
[2025-10-15T05:58:03.267-0700][1246 ][info ][gc,heap     ] GC(386) Eden regions: 1990->0(2063)
[2025-10-15T05:58:03.267-0700][1246 ][info ][gc,heap     ] GC(386) Survivor regions: 131->159(266)
[2025-10-15T05:58:03.267-0700][1246 ][info ][gc,heap     ] GC(386) Old regions: 1230->1230
[2025-10-15T05:58:03.267-0700][1246 ][info ][gc,heap     ] GC(386) Humongous regions: 9->1
[2025-10-15T05:58:03.267-0700][1246 ][info ][gc,metaspace] GC(386) Metaspace: 320432K(327552K)->320432K(327552K) NonClass: 283128K(287040K)->283128K(287040K) Class: 37304K(40512K)->37304K(40512K)
[2025-10-15T05:58:03.267-0700][1246 ][info ][gc          ] GC(386) Pause Young (Prepare Mixed) (G1 Evacuation Pause) 107495M->44461M(184320M) 122.207ms
[2025-10-15T05:58:03.269-0700][1246 ][info ][gc,cpu      ] GC(386) User=11.90s Sys=0.09s Real=0.13s
[2025-10-15T05:58:03.270-0700][1246 ][info ][safepoint   ] Safepoint "G1CollectForAllocation", Time since last: 1076033930 ns, Reaching safepoint: 814067 ns, Cleanup: 10245 ns, At safepoint: 125851964 ns, Total: 126676276 ns
[2025-10-15T05:58:09.271-0700][1246 ][info ][safepoint   ] Safepoint "Cleanup", Time since last: 6000349332 ns, Reaching safepoint: 882480 ns, Cleanup: 10916 ns, At safepoint: 205910 ns, Total: 1099306 ns
[2025-10-15T05:58:11.273-0700][1246 ][info ][safepoint   ] Safepoint "Cleanup", Time since last: 2000114398 ns, Reaching safepoint: 964874 ns, Cleanup: 13781 ns, At safepoint: 331159 ns, Total: 1309814 ns
[2025-10-15T05:58:14.520-0700][1246 ][info ][gc,start    ] GC(387) Pause Young (Mixed) (G1 Evacuation Pause)
[2025-10-15T05:58:14.520-0700][1246 ][info ][gc,task     ] GC(387) Using 113 workers of 113 for evacuation
[2025-10-15T05:58:14.536-0700][1246 ][debug][gc,remset   ] GC(387) Visited cards 9390080 Total dirty 71696384 (13.10%) Total old 410386432 (2.29%)
[2025-10-15T05:58:14.649-0700][1246 ][info ][gc,phases   ] GC(387)   Pre Evacuate Collection Set: 0.8ms
[2025-10-15T05:58:14.649-0700][1246 ][info ][gc,phases   ] GC(387)   Merge Heap Roots: 14.6ms
[2025-10-15T05:58:14.649-0700][1246 ][info ][gc,phases   ] GC(387)   Evacuate Collection Set: 101.9ms
[2025-10-15T05:58:14.649-0700][1246 ][info ][gc,phases   ] GC(387)   Post Evacuate Collection Set: 11.8ms
[2025-10-15T05:58:14.649-0700][1246 ][info ][gc,phases   ] GC(387)   Other: 0.2ms
[2025-10-15T05:58:14.649-0700][1246 ][debug][gc,remset   ] GC(387) Coarsening (recent): Inline->AoC 12621 (0) AoC->Howl 179 (0) Howl->Full 0 (0) Inline->AoC 863 (0) AoC->BitMap 63 (0) BitMap->Full 0 (0) 
[2025-10-15T05:58:14.649-0700][1246 ][debug][gc,remset   ] GC(387) Coarsening (all): Inline->AoC 11883029 (336) AoC->Howl 273623 (898) Howl->Full 0 (0) Inline->AoC 1090273 (280) AoC->BitMap 289614 (733) BitMap->Full 10 (0) 
[2025-10-15T05:58:14.649-0700][1246 ][info ][gc,heap     ] GC(387) Eden regions: 2314->0(2258)
[2025-10-15T05:58:14.649-0700][1246 ][info ][gc,heap     ] GC(387) Survivor regions: 159->176(310)
[2025-10-15T05:58:14.649-0700][1246 ][info ][gc,heap     ] GC(387) Old regions: 1230->1159
[2025-10-15T05:58:14.649-0700][1246 ][info ][gc,heap     ] GC(387) Humongous regions: 13->0
[2025-10-15T05:58:14.649-0700][1246 ][info ][gc,metaspace] GC(387) Metaspace: 320437K(327552K)->320437K(327552K) NonClass: 283132K(287040K)->283132K(287040K) Class: 37304K(40512K)->37304K(40512K)
[2025-10-15T05:58:14.649-0700][1246 ][info ][gc          ] GC(387) Pause Young (Mixed) (G1 Evacuation Pause) 118893M->42704M(184320M) 129.381ms
[2025-10-15T05:58:14.651-0700][1246 ][info ][gc,cpu      ] GC(387) User=12.65s Sys=0.08s Real=0.13s
[2025-10-15T05:58:14.652-0700][1246 ][info ][safepoint   ] Safepoint "G1CollectForAllocation", Time since last: 3245112586 ns, Reaching safepoint: 936492 ns, Cleanup: 4717 ns, At safepoint: 133007227 ns, Total: 133948436 ns
[2025-10-15T05:58:19.653-0700][1246 ][info ][safepoint   ] Safepoint "Cleanup", Time since last: 5000378409 ns, Reaching safepoint: 728477 ns, Cleanup: 14793 ns, At safepoint: 110897 ns, Total: 854167 ns
[2025-10-15T05:58:22.664-0700][1246 ][info ][safepoint   ] Safepoint "Cleanup", Time since last: 3000250971 ns, Reaching safepoint: 9143851 ns, Cleanup: 11136 ns, At safepoint: 1090624 ns, Total: 10245611 ns
[2025-10-15T05:58:24.665-0700][1246 ][info ][safepoint   ] Safepoint "Cleanup", Time since last: 2000189841 ns, Reaching safepoint: 722059 ns, Cleanup: 12489 ns, At safepoint: 396106 ns, Total: 1130654 ns
[2025-10-15T05:58:30.178-0700][1246 ][info ][gc,start    ] GC(388) Pause Young (Mixed) (G1 Evacuation Pause)
[2025-10-15T05:58:30.178-0700][1246 ][info ][gc,task     ] GC(388) Using 113 workers of 113 for evacuation
[2025-10-15T05:58:30.193-0700][1246 ][debug][gc,remset   ] GC(388) Visited cards 9780736 Total dirty 69533696 (14.07%) Total old 423559168 (2.31%)
[2025-10-15T05:58:30.347-0700][1246 ][info ][gc,phases   ] GC(388)   Pre Evacuate Collection Set: 0.8ms
[2025-10-15T05:58:30.347-0700][1246 ][info ][gc,phases   ] GC(388)   Merge Heap Roots: 14.4ms
[2025-10-15T05:58:30.347-0700][1246 ][info ][gc,phases   ] GC(388)   Evacuate Collection Set: 139.0ms
[2025-10-15T05:58:30.347-0700][1246 ][info ][gc,phases   ] GC(388)   Post Evacuate Collection Set: 14.7ms
[2025-10-15T05:58:30.347-0700][1246 ][info ][gc,phases   ] GC(388)   Other: 0.2ms
[2025-10-15T05:58:30.347-0700][1246 ][debug][gc,remset   ] GC(388) Coarsening (recent): Inline->AoC 32192 (0) AoC->Howl 127 (0) Howl->Full 0 (0) Inline->AoC 507 (0) AoC->BitMap 82 (0) BitMap->Full 0 (0) 
[2025-10-15T05:58:30.347-0700][1246 ][debug][gc,remset   ] GC(388) Coarsening (all): Inline->AoC 11915221 (336) AoC->Howl 273750 (898) Howl->Full 0 (0) Inline->AoC 1090780 (280) AoC->BitMap 289696 (733) BitMap->Full 10 (0) 
[2025-10-15T05:58:30.347-0700][1246 ][info ][gc,heap     ] GC(388) Eden regions: 2434->0(1832)
[2025-10-15T05:58:30.347-0700][1246 ][info ][gc,heap     ] GC(388) Survivor regions: 176->224(327)
[2025-10-15T05:58:30.347-0700][1246 ][info ][gc,heap     ] GC(388) Old regions: 1159->1087
[2025-10-15T05:58:30.347-0700][1246 ][info ][gc,heap     ] GC(388) Humongous regions: 11->0
[2025-10-15T05:58:30.347-0700][1246 ][info ][gc,metaspace] GC(388) Metaspace: 320440K(327552K)->320440K(327552K) NonClass: 283135K(287040K)->283135K(287040K) Class: 37304K(40512K)->37304K(40512K)
[2025-10-15T05:58:30.347-0700][1246 ][info ][gc          ] GC(388) Pause Young (Mixed) (G1 Evacuation Pause) 120944M->41914M(184320M) 169.227ms
[2025-10-15T05:58:30.348-0700][1246 ][info ][gc,cpu      ] GC(388) User=15.28s Sys=0.23s Real=0.18s
[2025-10-15T05:58:30.350-0700][1246 ][info ][safepoint   ] Safepoint "G1CollectForAllocation", Time since last: 5509783776 ns, Reaching safepoint: 2166415 ns, Cleanup: 5228 ns, At safepoint: 172727380 ns, Total: 174899023 ns
[2025-10-15T05:58:33.351-0700][1246 ][info ][safepoint   ] Safepoint "Cleanup", Time since last: 3000221169 ns, Reaching safepoint: 1045305 ns, Cleanup: 13881 ns, At safepoint: 160692 ns, Total: 1219878 ns
[2025-10-15T05:58:41.702-0700][1246 ][info ][gc,start    ] GC(389) Pause Young (Mixed) (G1 Evacuation Pause)
[2025-10-15T05:58:41.702-0700][1246 ][info ][gc,task     ] GC(389) Using 113 workers of 113 for evacuation
[2025-10-15T05:58:41.717-0700][1246 ][debug][gc,remset   ] GC(389) Visited cards 9842688 Total dirty 64815104 (15.19%) Total old 374734848 (2.63%)
[2025-10-15T05:58:41.871-0700][1246 ][info ][gc,phases   ] GC(389)   Pre Evacuate Collection Set: 0.8ms
[2025-10-15T05:58:41.871-0700][1246 ][info ][gc,phases   ] GC(389)   Merge Heap Roots: 13.9ms
[2025-10-15T05:58:41.871-0700][1246 ][info ][gc,phases   ] GC(389)   Evacuate Collection Set: 136.0ms
[2025-10-15T05:58:41.871-0700][1246 ][info ][gc,phases   ] GC(389)   Post Evacuate Collection Set: 17.7ms
[2025-10-15T05:58:41.871-0700][1246 ][info ][gc,phases   ] GC(389)   Other: 0.2ms
[2025-10-15T05:58:41.871-0700][1246 ][debug][gc,remset   ] GC(389) Coarsening (recent): Inline->AoC 29967 (0) AoC->Howl 170 (0) Howl->Full 0 (0) Inline->AoC 709 (0) AoC->BitMap 86 (0) BitMap->Full 0 (0) 
[2025-10-15T05:58:41.871-0700][1246 ][debug][gc,remset   ] GC(389) Coarsening (all): Inline->AoC 11945188 (336) AoC->Howl 273920 (898) Howl->Full 0 (0) Inline->AoC 1091489 (280) AoC->BitMap 289782 (733) BitMap->Full 10 (0) 
[2025-10-15T05:58:41.871-0700][1246 ][info ][gc,heap     ] GC(389) Eden regions: 2053->0(2560)
[2025-10-15T05:58:41.871-0700][1246 ][info ][gc,heap     ] GC(389) Survivor regions: 224->180(285)
[2025-10-15T05:58:41.871-0700][1246 ][info ][gc,heap     ] GC(389) Old regions: 1087->1085
[2025-10-15T05:58:41.871-0700][1246 ][info ][gc,heap     ] GC(389) Humongous regions: 4->0
[2025-10-15T05:58:41.871-0700][1246 ][info ][gc,metaspace] GC(389) Metaspace: 320441K(327552K)->320441K(327552K) NonClass: 283136K(287040K)->283136K(287040K) Class: 37304K(40512K)->37304K(40512K)
[2025-10-15T05:58:41.871-0700][1246 ][info ][gc          ] GC(389) Pause Young (Mixed) (G1 Evacuation Pause) 107738M->40446M(184320M) 168.750ms
[2025-10-15T05:58:41.872-0700][1246 ][info ][gc,cpu      ] GC(389) User=16.44s Sys=0.23s Real=0.17s
[2025-10-15T05:58:41.873-0700][1246 ][info ][safepoint   ] Safepoint "G1CollectForAllocation", Time since last: 8349182290 ns, Reaching safepoint: 883772 ns, Cleanup: 6230 ns, At safepoint: 172121416 ns, Total: 173011418 ns
[2025-10-15T05:58:51.875-0700][1246 ][info ][safepoint   ] Safepoint "Cleanup", Time since last: 10000651915 ns, Reaching safepoint: 833036 ns, Cleanup: 14522 ns, At safepoint: 169265 ns, Total: 1016823 ns
[2025-10-15T05:58:57.071-0700][1246 ][info ][gc,start    ] GC(390) Pause Young (Mixed) (G1 Evacuation Pause)
[2025-10-15T05:58:57.071-0700][1246 ][info ][gc,task     ] GC(390) Using 113 workers of 113 for evacuation
[2025-10-15T05:58:57.086-0700][1246 ][debug][gc,remset   ] GC(390) Visited cards 11552768 Total dirty 65798144 (17.56%) Total old 432603136 (2.67%)
[2025-10-15T05:58:57.205-0700][1246 ][debug][gc,remset   ] GC(390) Visited cards 913664 Total dirty 43253760 (2.11%) Total old 448135168 (0.20%)
[2025-10-15T05:58:57.223-0700][1246 ][info ][gc,phases   ] GC(390)   Pre Evacuate Collection Set: 0.8ms
[2025-10-15T05:58:57.223-0700][1246 ][info ][gc,phases   ] GC(390)   Merge Heap Roots: 14.3ms
[2025-10-15T05:58:57.223-0700][1246 ][info ][gc,phases   ] GC(390)   Evacuate Collection Set: 118.0ms
[2025-10-15T05:58:57.223-0700][1246 ][info ][gc,phases   ] GC(390)   Merge Optional Heap Roots: 1.0ms
[2025-10-15T05:58:57.223-0700][1246 ][info ][gc,phases   ] GC(390)   Evacuate Optional Collection Set: 2.6ms
[2025-10-15T05:58:57.223-0700][1246 ][info ][gc,phases   ] GC(390)   Post Evacuate Collection Set: 15.0ms
[2025-10-15T05:58:57.223-0700][1246 ][info ][gc,phases   ] GC(390)   Other: 0.2ms
[2025-10-15T05:58:57.223-0700][1246 ][debug][gc,remset   ] GC(390) Coarsening (recent): Inline->AoC 56126 (0) AoC->Howl 601 (0) Howl->Full 0 (0) Inline->AoC 2132 (0) AoC->BitMap 435 (0) BitMap->Full 0 (0) 
[2025-10-15T05:58:57.223-0700][1246 ][debug][gc,remset   ] GC(390) Coarsening (all): Inline->AoC 12001314 (336) AoC->Howl 274521 (898) Howl->Full 0 (0) Inline->AoC 1093621 (280) AoC->BitMap 290217 (733) BitMap->Full 10 (0) 
[2025-10-15T05:58:57.223-0700][1246 ][info ][gc,heap     ] GC(390) Eden regions: 2536->0(2287)
[2025-10-15T05:58:57.223-0700][1246 ][info ][gc,heap     ] GC(390) Survivor regions: 180->209(340)
[2025-10-15T05:58:57.223-0700][1246 ][info ][gc,heap     ] GC(390) Old regions: 1085->1005
[2025-10-15T05:58:57.223-0700][1246 ][info ][gc,heap     ] GC(390) Humongous regions: 10->0
[2025-10-15T05:58:57.223-0700][1246 ][info ][gc,metaspace] GC(390) Metaspace: 320459K(327552K)->320459K(327552K) NonClass: 283152K(287040K)->283152K(287040K) Class: 37306K(40512K)->37306K(40512K)
[2025-10-15T05:58:57.223-0700][1246 ][info ][gc          ] GC(390) Pause Young (Mixed) (G1 Evacuation Pause) 121918M->38844M(184320M) 151.940ms
[2025-10-15T05:58:57.224-0700][1246 ][info ][gc,cpu      ] GC(390) User=15.23s Sys=0.37s Real=0.15s
[2025-10-15T05:58:57.225-0700][1246 ][info ][safepoint   ] Safepoint "G1CollectForAllocation", Time since last: 5193904483 ns, Reaching safepoint: 895910 ns, Cleanup: 4477 ns, At safepoint: 155304702 ns, Total: 156205089 ns
[2025-10-15T05:58:59.226-0700][1246 ][info ][safepoint   ] Safepoint "Cleanup", Time since last: 2000147452 ns, Reaching safepoint: 765755 ns, Cleanup: 13530 ns, At safepoint: 90877 ns, Total: 870162 ns
[2025-10-15T05:59:02.200-0700][1246 ][info ][safepoint   ] Safepoint "Cleanup", Time since last: 2973168377 ns, Reaching safepoint: 610881 ns, Cleanup: 11607 ns, At safepoint: 123747 ns, Total: 746235 ns
[2025-10-15T05:59:04.201-0700][1246 ][info ][safepoint   ] Safepoint "Cleanup", Time since last: 2000188815 ns, Reaching safepoint: 977293 ns, Cleanup: 13841 ns, At safepoint: 177858 ns, Total: 1168992 ns
[2025-10-15T05:59:05.207-0700][1246 ][info ][safepoint   ] Safepoint "Cleanup", Time since last: 1000099195 ns, Reaching safepoint: 5099806 ns, Cleanup: 18888 ns, At safepoint: 413784 ns, Total: 5532478 ns
[2025-10-15T05:59:08.116-0700][1246 ][info ][gc,start    ] GC(391) Pause Young (Mixed) (G1 Evacuation Pause)
[2025-10-15T05:59:08.116-0700][1246 ][info ][gc,task     ] GC(391) Using 113 workers of 113 for evacuation
[2025-10-15T05:59:08.132-0700][1246 ][debug][gc,remset   ] GC(391) Visited cards 12141056 Total dirty 60620800 (20.03%) Total old 419037184 (2.90%)
[2025-10-15T05:59:08.288-0700][1246 ][info ][gc,phases   ] GC(391)   Pre Evacuate Collection Set: 0.8ms
[2025-10-15T05:59:08.288-0700][1246 ][info ][gc,phases   ] GC(391)   Merge Heap Roots: 14.8ms
[2025-10-15T05:59:08.288-0700][1246 ][info ][gc,phases   ] GC(391)   Evacuate Collection Set: 140.4ms
[2025-10-15T05:59:08.288-0700][1246 ][info ][gc,phases   ] GC(391)   Post Evacuate Collection Set: 15.3ms
[2025-10-15T05:59:08.288-0700][1246 ][info ][gc,phases   ] GC(391)   Other: 0.2ms
[2025-10-15T05:59:08.288-0700][1246 ][debug][gc,remset   ] GC(391) Coarsening (recent): Inline->AoC 40896 (9) AoC->Howl 197 (16) Howl->Full 0 (0) Inline->AoC 702 (4) AoC->BitMap 109 (5) BitMap->Full 0 (0) 
[2025-10-15T05:59:08.288-0700][1246 ][debug][gc,remset   ] GC(391) Coarsening (all): Inline->AoC 12042210 (345) AoC->Howl 274718 (914) Howl->Full 0 (0) Inline->AoC 1094323 (284) AoC->BitMap 290326 (738) BitMap->Full 10 (0) 
[2025-10-15T05:59:08.288-0700][1246 ][info ][gc,heap     ] GC(391) Eden regions: 2445->0(2481)
[2025-10-15T05:59:08.288-0700][1246 ][info ][gc,heap     ] GC(391) Survivor regions: 209->202(332)
[2025-10-15T05:59:08.288-0700][1246 ][info ][gc,heap     ] GC(391) Old regions: 1005->971
[2025-10-15T05:59:08.288-0700][1246 ][info ][gc,heap     ] GC(391) Humongous regions: 8->0
[2025-10-15T05:59:08.288-0700][1246 ][info ][gc,metaspace] GC(391) Metaspace: 320473K(327552K)->320473K(327552K) NonClass: 283163K(287040K)->283163K(287040K) Class: 37309K(40512K)->37309K(40512K)
[2025-10-15T05:59:08.288-0700][1246 ][info ][gc          ] GC(391) Pause Young (Mixed) (G1 Evacuation Pause) 117340M->37509M(184320M) 171.663ms
[2025-10-15T05:59:08.289-0700][1246 ][info ][gc,cpu      ] GC(391) User=16.35s Sys=0.21s Real=0.18s
[2025-10-15T05:59:08.290-0700][1246 ][info ][safepoint   ] Safepoint "G1CollectForAllocation", Time since last: 2891396447 ns, Reaching safepoint: 16832329 ns, Cleanup: 4977 ns, At safepoint: 175237754 ns, Total: 192075060 ns
[2025-10-15T05:59:09.291-0700][1246 ][info ][safepoint   ] Safepoint "Cleanup", Time since last: 1000109690 ns, Reaching safepoint: 704532 ns, Cleanup: 10526 ns, At safepoint: 98198 ns, Total: 813256 ns
[2025-10-15T05:59:19.293-0700][1246 ][info ][safepoint   ] Safepoint "Cleanup", Time since last: 10000652466 ns, Reaching safepoint: 940307 ns, Cleanup: 12639 ns, At safepoint: 274944 ns, Total: 1227890 ns
[2025-10-15T05:59:21.482-0700][1246 ][info ][gc,start    ] GC(392) Pause Young (Mixed) (G1 Evacuation Pause)
[2025-10-15T05:59:21.482-0700][1246 ][info ][gc,task     ] GC(392) Using 113 workers of 113 for evacuation
[2025-10-15T05:59:21.496-0700][1246 ][debug][gc,remset   ] GC(392) Visited cards 12598528 Total dirty 58523648 (21.53%) Total old 428802048 (2.94%)
[2025-10-15T05:59:21.641-0700][1246 ][info ][gc,phases   ] GC(392)   Pre Evacuate Collection Set: 0.7ms
[2025-10-15T05:59:21.641-0700][1246 ][info ][gc,phases   ] GC(392)   Merge Heap Roots: 13.3ms
[2025-10-15T05:59:21.641-0700][1246 ][info ][gc,phases   ] GC(392)   Evacuate Collection Set: 128.9ms
[2025-10-15T05:59:21.641-0700][1246 ][info ][gc,phases   ] GC(392)   Post Evacuate Collection Set: 16.1ms
[2025-10-15T05:59:21.641-0700][1246 ][info ][gc,phases   ] GC(392)   Other: 0.2ms
[2025-10-15T05:59:21.641-0700][1246 ][debug][gc,remset   ] GC(392) Coarsening (recent): Inline->AoC 50833 (1) AoC->Howl 435 (8) Howl->Full 0 (0) Inline->AoC 1494 (1) AoC->BitMap 344 (4) BitMap->Full 0 (0) 
[2025-10-15T05:59:21.641-0700][1246 ][debug][gc,remset   ] GC(392) Coarsening (all): Inline->AoC 12093043 (346) AoC->Howl 275153 (922) Howl->Full 0 (0) Inline->AoC 1095817 (285) AoC->BitMap 290670 (742) BitMap->Full 10 (0) 
[2025-10-15T05:59:21.641-0700][1246 ][info ][gc,heap     ] GC(392) Eden regions: 2544->0(2587)
[2025-10-15T05:59:21.641-0700][1246 ][info ][gc,heap     ] GC(392) Survivor regions: 202->195(344)
[2025-10-15T05:59:21.641-0700][1246 ][info ][gc,heap     ] GC(392) Old regions: 971->934
[2025-10-15T05:59:21.641-0700][1246 ][info ][gc,heap     ] GC(392) Humongous regions: 7->0
[2025-10-15T05:59:21.641-0700][1246 ][info ][gc,metaspace] GC(392) Metaspace: 320477K(327552K)->320477K(327552K) NonClass: 283167K(287040K)->283167K(287040K) Class: 37310K(40512K)->37310K(40512K)
[2025-10-15T05:59:21.641-0700][1246 ][info ][gc          ] GC(392) Pause Young (Mixed) (G1 Evacuation Pause) 119141M->36105M(184320M) 159.398ms
[2025-10-15T05:59:21.643-0700][1246 ][info ][gc,cpu      ] GC(392) User=16.01s Sys=0.32s Real=0.16s
[2025-10-15T05:59:21.644-0700][1246 ][info ][safepoint   ] Safepoint "G1CollectForAllocation", Time since last: 2186698637 ns, Reaching safepoint: 924353 ns, Cleanup: 4828 ns, At safepoint: 162898927 ns, Total: 163828108 ns
[2025-10-15T05:59:23.645-0700][1246 ][info ][safepoint   ] Safepoint "Cleanup", Time since last: 2000149386 ns, Reaching safepoint: 784532 ns, Cleanup: 13290 ns, At safepoint: 131568 ns, Total: 929390 ns
[2025-10-15T05:59:24.655-0700][1246 ][info ][safepoint   ] Safepoint "Cleanup", Time since last: 1000094398 ns, Reaching safepoint: 8360640 ns, Cleanup: 22254 ns, At safepoint: 2082549 ns, Total: 10465443 ns
[2025-10-15T05:59:33.658-0700][1246 ][info ][safepoint   ] Safepoint "Cleanup", Time since last: 9000595754 ns, Reaching safepoint: 885955 ns, Cleanup: 10697 ns, At safepoint: 1099316 ns, Total: 1995968 ns
[2025-10-15T05:59:34.676-0700][1246 ][info ][safepoint   ] Safepoint "Cleanup", Time since last: 1000104202 ns, Reaching safepoint: 14698823 ns, Cleanup: 13440 ns, At safepoint: 2758848 ns, Total: 17471111 ns
[2025-10-15T05:59:36.705-0700][1246 ][info ][gc,start    ] GC(393) Pause Young (Mixed) (G1 Evacuation Pause)
[2025-10-15T05:59:36.705-0700][1246 ][info ][gc,task     ] GC(393) Using 113 workers of 113 for evacuation
[2025-10-15T05:59:36.719-0700][1246 ][debug][gc,remset   ] GC(393) Visited cards 13282048 Total dirty 56360960 (23.57%) Total old 443154432 (3.00%)
[2025-10-15T05:59:36.881-0700][1246 ][info ][gc,phases   ] GC(393)   Pre Evacuate Collection Set: 0.7ms
[2025-10-15T05:59:36.881-0700][1246 ][info ][gc,phases   ] GC(393)   Merge Heap Roots: 13.4ms
[2025-10-15T05:59:36.881-0700][1246 ][info ][gc,phases   ] GC(393)   Evacuate Collection Set: 147.6ms
[2025-10-15T05:59:36.881-0700][1246 ][info ][gc,phases   ] GC(393)   Post Evacuate Collection Set: 14.1ms
[2025-10-15T05:59:36.881-0700][1246 ][info ][gc,phases   ] GC(393)   Other: 0.2ms
[2025-10-15T05:59:36.881-0700][1246 ][debug][gc,remset   ] GC(393) Coarsening (recent): Inline->AoC 53295 (0) AoC->Howl 357 (0) Howl->Full 0 (0) Inline->AoC 1438 (0) AoC->BitMap 301 (0) BitMap->Full 0 (0) 
[2025-10-15T05:59:36.881-0700][1246 ][debug][gc,remset   ] GC(393) Coarsening (all): Inline->AoC 12146338 (346) AoC->Howl 275510 (922) Howl->Full 0 (0) Inline->AoC 1097255 (285) AoC->BitMap 290971 (742) BitMap->Full 10 (0) 
[2025-10-15T05:59:36.881-0700][1246 ][info ][gc,heap     ] GC(393) Eden regions: 2678->0(2018)
[2025-10-15T05:59:36.881-0700][1246 ][info ][gc,heap     ] GC(393) Survivor regions: 195->229(360)
[2025-10-15T05:59:36.881-0700][1246 ][info ][gc,heap     ] GC(393) Old regions: 934->876
[2025-10-15T05:59:36.881-0700][1246 ][info ][gc,heap     ] GC(393) Humongous regions: 9->0
[2025-10-15T05:59:36.881-0700][1246 ][info ][gc,metaspace] GC(393) Metaspace: 320482K(327552K)->320482K(327552K) NonClass: 283172K(287040K)->283172K(287040K) Class: 37310K(40512K)->37310K(40512K)
[2025-10-15T05:59:36.881-0700][1246 ][info ][gc          ] GC(393) Pause Young (Mixed) (G1 Evacuation Pause) 122089M->35330M(184320M) 176.231ms
[2025-10-15T05:59:36.883-0700][1246 ][info ][gc,cpu      ] GC(393) User=16.73s Sys=0.32s Real=0.18s
[2025-10-15T05:59:36.885-0700][1246 ][info ][safepoint   ] Safepoint "G1CollectForAllocation", Time since last: 2027442549 ns, Reaching safepoint: 971544 ns, Cleanup: 4887 ns, At safepoint: 181149313 ns, Total: 182125744 ns
[2025-10-15T05:59:40.887-0700][1246 ][info ][safepoint   ] Safepoint "Cleanup", Time since last: 4000236215 ns, Reaching safepoint: 958515 ns, Cleanup: 14271 ns, At safepoint: 1034309 ns, Total: 2007095 ns
[2025-10-15T05:59:49.276-0700][1246 ][info ][gc,start    ] GC(394) Pause Young (Mixed) (G1 Evacuation Pause)
[2025-10-15T05:59:49.276-0700][1246 ][info ][gc,task     ] GC(394) Using 113 workers of 113 for evacuation
[2025-10-15T05:59:49.291-0700][1246 ][debug][gc,remset   ] GC(394) Visited cards 12793856 Total dirty 54132736 (23.63%) Total old 426835968 (3.00%)
[2025-10-15T05:59:49.471-0700][1246 ][info ][gc,phases   ] GC(394)   Pre Evacuate Collection Set: 0.8ms
[2025-10-15T05:59:49.471-0700][1246 ][info ][gc,phases   ] GC(394)   Merge Heap Roots: 14.1ms
[2025-10-15T05:59:49.471-0700][1246 ][info ][gc,phases   ] GC(394)   Evacuate Collection Set: 164.7ms
[2025-10-15T05:59:49.471-0700][1246 ][info ][gc,phases   ] GC(394)   Post Evacuate Collection Set: 15.1ms
[2025-10-15T05:59:49.471-0700][1246 ][info ][gc,phases   ] GC(394)   Other: 0.2ms
[2025-10-15T05:59:49.471-0700][1246 ][debug][gc,remset   ] GC(394) Coarsening (recent): Inline->AoC 35992 (0) AoC->Howl 162 (12) Howl->Full 0 (0) Inline->AoC 675 (4) AoC->BitMap 93 (5) BitMap->Full 0 (0) 
[2025-10-15T05:59:49.471-0700][1246 ][debug][gc,remset   ] GC(394) Coarsening (all): Inline->AoC 12182330 (346) AoC->Howl 275672 (934) Howl->Full 0 (0) Inline->AoC 1097930 (289) AoC->BitMap 291064 (747) BitMap->Full 10 (0) 
[2025-10-15T05:59:49.471-0700][1246 ][info ][gc,heap     ] GC(394) Eden regions: 2559->0(2885)
[2025-10-15T05:59:49.471-0700][1246 ][info ][gc,heap     ] GC(394) Survivor regions: 229->217(349)
[2025-10-15T05:59:49.471-0700][1246 ][info ][gc,heap     ] GC(394) Old regions: 876->890
[2025-10-15T05:59:49.471-0700][1246 ][info ][gc,heap     ] GC(394) Humongous regions: 12->0
[2025-10-15T05:59:49.471-0700][1246 ][info ][gc,metaspace] GC(394) Metaspace: 320541K(327552K)->320541K(327552K) NonClass: 283225K(287040K)->283225K(287040K) Class: 37316K(40512K)->37316K(40512K)
[2025-10-15T05:59:49.471-0700][1246 ][info ][gc          ] GC(394) Pause Young (Mixed) (G1 Evacuation Pause) 117602M->35402M(184320M) 194.983ms
[2025-10-15T05:59:49.472-0700][1246 ][info ][gc,cpu      ] GC(394) User=18.83s Sys=0.16s Real=0.20s
[2025-10-15T05:59:49.474-0700][1246 ][info ][safepoint   ] Safepoint "G1CollectForAllocation", Time since last: 8386034687 ns, Reaching safepoint: 1161350 ns, Cleanup: 4567 ns, At safepoint: 199084714 ns, Total: 200250631 ns
[2025-10-15T05:59:52.475-0700][1246 ][info ][safepoint   ] Safepoint "Cleanup", Time since last: 3000208468 ns, Reaching safepoint: 891844 ns, Cleanup: 13050 ns, At safepoint: 247533 ns, Total: 1152427 ns
[2025-10-15T05:59:58.476-0700][1246 ][info ][safepoint   ] Safepoint "Cleanup", Time since last: 6000344718 ns, Reaching safepoint: 823371 ns, Cleanup: 13941 ns, At safepoint: 196977 ns, Total: 1034289 ns
[2025-10-15T06:00:02.225-0700][1246 ][info ][safepoint   ] Safepoint "Cleanup", Time since last: 3747782238 ns, Reaching safepoint: 897322 ns, Cleanup: 13140 ns, At safepoint: 305500 ns, Total: 1215962 ns
[2025-10-15T06:00:03.137-0700][1246 ][info ][gc,start    ] GC(395) Pause Young (Normal) (G1 Evacuation Pause)
[2025-10-15T06:00:03.137-0700][1246 ][info ][gc,task     ] GC(395) Using 113 workers of 113 for evacuation
[2025-10-15T06:00:03.152-0700][1246 ][debug][gc,remset   ] GC(395) Visited cards 9030912 Total dirty 55246848 (16.35%) Total old 472776704 (1.91%)
[2025-10-15T06:00:03.315-0700][1246 ][info ][gc,phases   ] GC(395)   Pre Evacuate Collection Set: 0.7ms
[2025-10-15T06:00:03.315-0700][1246 ][info ][gc,phases   ] GC(395)   Merge Heap Roots: 14.2ms
[2025-10-15T06:00:03.315-0700][1246 ][info ][gc,phases   ] GC(395)   Evacuate Collection Set: 147.1ms
[2025-10-15T06:00:03.315-0700][1246 ][info ][gc,phases   ] GC(395)   Post Evacuate Collection Set: 15.4ms
[2025-10-15T06:00:03.315-0700][1246 ][info ][gc,phases   ] GC(395)   Other: 0.2ms
[2025-10-15T06:00:03.315-0700][1246 ][debug][gc,remset   ] GC(395) Coarsening (recent): Inline->AoC 39818 (23) AoC->Howl 243 (32) Howl->Full 0 (0) Inline->AoC 855 (11) AoC->BitMap 148 (27) BitMap->Full 0 (0) 
[2025-10-15T06:00:03.315-0700][1246 ][debug][gc,remset   ] GC(395) Coarsening (all): Inline->AoC 12222148 (369) AoC->Howl 275915 (966) Howl->Full 0 (0) Inline->AoC 1098785 (300) AoC->BitMap 291212 (774) BitMap->Full 10 (0) 
[2025-10-15T06:00:03.315-0700][1246 ][info ][gc,heap     ] GC(395) Eden regions: 2938->0(2813)
[2025-10-15T06:00:03.315-0700][1246 ][info ][gc,heap     ] GC(395) Survivor regions: 217->229(395)
[2025-10-15T06:00:03.315-0700][1246 ][info ][gc,heap     ] GC(395) Old regions: 890->920
[2025-10-15T06:00:03.315-0700][1246 ][info ][gc,heap     ] GC(395) Humongous regions: 14->0
[2025-10-15T06:00:03.315-0700][1246 ][info ][gc,metaspace] GC(395) Metaspace: 320554K(327552K)->320554K(327552K) NonClass: 283235K(287040K)->283235K(287040K) Class: 37318K(40512K)->37318K(40512K)
[2025-10-15T06:00:03.315-0700][1246 ][info ][gc          ] GC(395) Pause Young (Normal) (G1 Evacuation Pause) 129866M->36747M(184320M) 177.737ms
[2025-10-15T06:00:03.316-0700][1246 ][info ][gc,cpu      ] GC(395) User=17.34s Sys=0.28s Real=0.18s
[2025-10-15T06:00:03.317-0700][1246 ][info ][safepoint   ] Safepoint "G1CollectForAllocation", Time since last: 909651860 ns, Reaching safepoint: 908229 ns, Cleanup: 3916 ns, At safepoint: 181218647 ns, Total: 182130792 ns
[2025-10-15T06:00:04.318-0700][1246 ][info ][safepoint   ] Safepoint "Cleanup", Time since last: 1000082289 ns, Reaching safepoint: 901659 ns, Cleanup: 16044 ns, At safepoint: 222586 ns, Total: 1140289 ns
[2025-10-15T06:00:15.320-0700][1246 ][info ][safepoint   ] Safepoint "Cleanup", Time since last: 11000697493 ns, Reaching safepoint: 955160 ns, Cleanup: 16565 ns, At safepoint: 298430 ns, Total: 1270155 ns
[2025-10-15T06:00:16.322-0700][1246 ][info ][safepoint   ] Safepoint "Cleanup", Time since last: 1000100336 ns, Reaching safepoint: 1059126 ns, Cleanup: 12288 ns, At safepoint: 529719 ns, Total: 1601133 ns
[2025-10-15T06:00:16.918-0700][1246 ][info ][gc,start    ] GC(396) Pause Young (Normal) (G1 Evacuation Pause)
[2025-10-15T06:00:16.918-0700][1246 ][info ][gc,task     ] GC(396) Using 113 workers of 113 for evacuation
[2025-10-15T06:00:16.932-0700][1246 ][debug][gc,remset   ] GC(396) Visited cards 8983552 Total dirty 56819712 (15.81%) Total old 460783616 (1.95%)
[2025-10-15T06:00:17.103-0700][1246 ][info ][gc,phases   ] GC(396)   Pre Evacuate Collection Set: 0.7ms
[2025-10-15T06:00:17.103-0700][1246 ][info ][gc,phases   ] GC(396)   Merge Heap Roots: 13.8ms
[2025-10-15T06:00:17.103-0700][1246 ][info ][gc,phases   ] GC(396)   Evacuate Collection Set: 154.3ms
[2025-10-15T06:00:17.103-0700][1246 ][info ][gc,phases   ] GC(396)   Post Evacuate Collection Set: 16.2ms
[2025-10-15T06:00:17.103-0700][1246 ][info ][gc,phases   ] GC(396)   Other: 0.2ms
[2025-10-15T06:00:17.103-0700][1246 ][debug][gc,remset   ] GC(396) Coarsening (recent): Inline->AoC 54223 (5) AoC->Howl 172 (21) Howl->Full 0 (0) Inline->AoC 669 (4) AoC->BitMap 87 (18) BitMap->Full 0 (0) 
[2025-10-15T06:00:17.103-0700][1246 ][debug][gc,remset   ] GC(396) Coarsening (all): Inline->AoC 12276371 (374) AoC->Howl 276087 (987) Howl->Full 0 (0) Inline->AoC 1099454 (304) AoC->BitMap 291299 (792) BitMap->Full 10 (0) 
[2025-10-15T06:00:17.103-0700][1246 ][info ][gc,heap     ] GC(396) Eden regions: 2821->0(2617)
[2025-10-15T06:00:17.103-0700][1246 ][info ][gc,heap     ] GC(396) Survivor regions: 229->241(382)
[2025-10-15T06:00:17.103-0700][1246 ][info ][gc,heap     ] GC(396) Old regions: 920->947
[2025-10-15T06:00:17.103-0700][1246 ][info ][gc,heap     ] GC(396) Humongous regions: 11->0
[2025-10-15T06:00:17.103-0700][1246 ][info ][gc,metaspace] GC(396) Metaspace: 320592K(327552K)->320592K(327552K) NonClass: 283273K(287040K)->283273K(287040K) Class: 37319K(40512K)->37319K(40512K)
[2025-10-15T06:00:17.103-0700][1246 ][info ][gc          ] GC(396) Pause Young (Normal) (G1 Evacuation Pause) 127371M->38006M(184320M) 185.295ms
[2025-10-15T06:00:17.104-0700][1246 ][info ][gc,cpu      ] GC(396) User=18.12s Sys=0.37s Real=0.19s
[2025-10-15T06:00:17.105-0700][1246 ][info ][safepoint   ] Safepoint "G1CollectForAllocation", Time since last: 592568338 ns, Reaching safepoint: 1835737 ns, Cleanup: 5809 ns, At safepoint: 188902407 ns, Total: 190743953 ns
[2025-10-15T06:00:20.107-0700][1246 ][info ][safepoint   ] Safepoint "Cleanup", Time since last: 3000204393 ns, Reaching safepoint: 889730 ns, Cleanup: 14382 ns, At safepoint: 261825 ns, Total: 1165937 ns
[2025-10-15T06:00:31.334-0700][1246 ][info ][gc,start    ] GC(397) Pause Young (Normal) (G1 Evacuation Pause)
[2025-10-15T06:00:31.334-0700][1246 ][info ][gc,task     ] GC(397) Using 113 workers of 113 for evacuation
[2025-10-15T06:00:31.348-0700][1246 ][debug][gc,remset   ] GC(397) Visited cards 9072384 Total dirty 58458112 (15.52%) Total old 449380352 (2.02%)
[2025-10-15T06:00:31.523-0700][1246 ][info ][gc,phases   ] GC(397)   Pre Evacuate Collection Set: 0.7ms
[2025-10-15T06:00:31.523-0700][1246 ][info ][gc,phases   ] GC(397)   Merge Heap Roots: 13.6ms
[2025-10-15T06:00:31.523-0700][1246 ][info ][gc,phases   ] GC(397)   Evacuate Collection Set: 159.0ms
[2025-10-15T06:00:31.523-0700][1246 ][info ][gc,phases   ] GC(397)   Post Evacuate Collection Set: 15.7ms
[2025-10-15T06:00:31.523-0700][1246 ][info ][gc,phases   ] GC(397)   Other: 0.2ms
[2025-10-15T06:00:31.523-0700][1246 ][debug][gc,remset   ] GC(397) Coarsening (recent): Inline->AoC 40458 (0) AoC->Howl 199 (1) Howl->Full 0 (0) Inline->AoC 771 (0) AoC->BitMap 122 (0) BitMap->Full 0 (0) 
[2025-10-15T06:00:31.523-0700][1246 ][debug][gc,remset   ] GC(397) Coarsening (all): Inline->AoC 12316829 (374) AoC->Howl 276286 (988) Howl->Full 0 (0) Inline->AoC 1100225 (304) AoC->BitMap 291421 (792) BitMap->Full 10 (0) 
[2025-10-15T06:00:31.523-0700][1246 ][info ][gc,heap     ] GC(397) Eden regions: 2710->0(2817)
[2025-10-15T06:00:31.523-0700][1246 ][info ][gc,heap     ] GC(397) Survivor regions: 241->228(369)
[2025-10-15T06:00:31.523-0700][1246 ][info ][gc,heap     ] GC(397) Old regions: 947->1006
[2025-10-15T06:00:31.523-0700][1246 ][info ][gc,heap     ] GC(397) Humongous regions: 8->0
[2025-10-15T06:00:31.523-0700][1246 ][info ][gc,metaspace] GC(397) Metaspace: 320601K(327552K)->320601K(327552K) NonClass: 283280K(287040K)->283280K(287040K) Class: 37320K(40512K)->37320K(40512K)
[2025-10-15T06:00:31.523-0700][1246 ][info ][gc          ] GC(397) Pause Young (Normal) (G1 Evacuation Pause) 124982M->39461M(184320M) 189.314ms
[2025-10-15T06:00:31.524-0700][1246 ][info ][gc,cpu      ] GC(397) User=18.42s Sys=0.36s Real=0.19s
[2025-10-15T06:00:31.525-0700][1246 ][info ][safepoint   ] Safepoint "G1CollectForAllocation", Time since last: 11224926993 ns, Reaching safepoint: 828619 ns, Cleanup: 6760 ns, At safepoint: 192965661 ns, Total: 193801040 ns
[2025-10-15T06:00:36.527-0700][1246 ][info ][safepoint   ] Safepoint "Cleanup", Time since last: 5000327077 ns, Reaching safepoint: 758083 ns, Cleanup: 11968 ns, At safepoint: 115694 ns, Total: 885745 ns
[2025-10-15T06:00:50.565-0700][1246 ][info ][gc,start    ] GC(398) Pause Young (Normal) (G1 Evacuation Pause)
[2025-10-15T06:00:50.565-0700][1246 ][info ][gc,task     ] GC(398) Using 113 workers of 113 for evacuation
[2025-10-15T06:00:50.580-0700][1246 ][debug][gc,remset   ] GC(398) Visited cards 9358848 Total dirty 61800448 (15.14%) Total old 464584704 (2.01%)
[2025-10-15T06:00:50.734-0700][1246 ][info ][gc,phases   ] GC(398)   Pre Evacuate Collection Set: 0.7ms
[2025-10-15T06:00:50.734-0700][1246 ][info ][gc,phases   ] GC(398)   Merge Heap Roots: 14.0ms
[2025-10-15T06:00:50.734-0700][1246 ][info ][gc,phases   ] GC(398)   Evacuate Collection Set: 138.8ms
[2025-10-15T06:00:50.734-0700][1246 ][info ][gc,phases   ] GC(398)   Post Evacuate Collection Set: 14.7ms
[2025-10-15T06:00:50.734-0700][1246 ][info ][gc,phases   ] GC(398)   Other: 0.2ms
[2025-10-15T06:00:50.734-0700][1246 ][debug][gc,remset   ] GC(398) Coarsening (recent): Inline->AoC 57269 (0) AoC->Howl 224 (1) Howl->Full 0 (0) Inline->AoC 866 (0) AoC->BitMap 130 (0) BitMap->Full 0 (0) 
[2025-10-15T06:00:50.734-0700][1246 ][debug][gc,remset   ] GC(398) Coarsening (all): Inline->AoC 12374098 (374) AoC->Howl 276510 (989) Howl->Full 0 (0) Inline->AoC 1101091 (304) AoC->BitMap 291551 (792) BitMap->Full 10 (0) 
[2025-10-15T06:00:50.734-0700][1246 ][info ][gc,heap     ] GC(398) Eden regions: 2809->0(3245)
[2025-10-15T06:00:50.734-0700][1246 ][info ][gc,heap     ] GC(398) Survivor regions: 228->211(380)
[2025-10-15T06:00:50.734-0700][1246 ][info ][gc,heap     ] GC(398) Old regions: 1006->1043
[2025-10-15T06:00:50.734-0700][1246 ][info ][gc,heap     ] GC(398) Humongous regions: 9->0
[2025-10-15T06:00:50.734-0700][1246 ][info ][gc,metaspace] GC(398) Metaspace: 320601K(327552K)->320601K(327552K) NonClass: 283280K(287040K)->283280K(287040K) Class: 37320K(40512K)->37320K(40512K)
[2025-10-15T06:00:50.734-0700][1246 ][info ][gc          ] GC(398) Pause Young (Normal) (G1 Evacuation Pause) 129637M->40102M(184320M) 168.560ms
[2025-10-15T06:00:50.735-0700][1246 ][info ][gc,cpu      ] GC(398) User=16.10s Sys=0.37s Real=0.17s
[2025-10-15T06:00:50.736-0700][1246 ][info ][safepoint   ] Safepoint "G1CollectForAllocation", Time since last: 14036605755 ns, Reaching safepoint: 970363 ns, Cleanup: 5238 ns, At safepoint: 171990158 ns, Total: 172965759 ns
[2025-10-15T06:01:01.738-0700][1246 ][info ][safepoint   ] Safepoint "Cleanup", Time since last: 11000894617 ns, Reaching safepoint: 790341 ns, Cleanup: 12469 ns, At safepoint: 104628 ns, Total: 907438 ns
[2025-10-15T06:01:03.254-0700][1246 ][info ][safepoint   ] Safepoint "Cleanup", Time since last: 1514986394 ns, Reaching safepoint: 969391 ns, Cleanup: 15493 ns, At safepoint: 336758 ns, Total: 1321642 ns
[2025-10-15T06:01:12.257-0700][1246 ][info ][safepoint   ] Safepoint "Cleanup", Time since last: 9000610395 ns, Reaching safepoint: 1181621 ns, Cleanup: 17076 ns, At safepoint: 615087 ns, Total: 1813784 ns
[2025-10-15T06:01:13.259-0700][1246 ][info ][safepoint   ] Safepoint "Cleanup", Time since last: 1000116246 ns, Reaching safepoint: 1008380 ns, Cleanup: 15443 ns, At safepoint: 726696 ns, Total: 1750519 ns
[2025-10-15T06:01:13.576-0700][1246 ][info ][gc,start    ] GC(399) Pause Young (Normal) (G1 Evacuation Pause)
[2025-10-15T06:01:13.576-0700][1246 ][info ][gc,task     ] GC(399) Using 113 workers of 113 for evacuation
[2025-10-15T06:01:13.590-0700][1246 ][debug][gc,remset   ] GC(399) Visited cards 9278208 Total dirty 63700992 (14.57%) Total old 522125312 (1.78%)
[2025-10-15T06:01:13.743-0700][1246 ][info ][gc,phases   ] GC(399)   Pre Evacuate Collection Set: 0.7ms
[2025-10-15T06:01:13.743-0700][1246 ][info ][gc,phases   ] GC(399)   Merge Heap Roots: 12.5ms
[2025-10-15T06:01:13.743-0700][1246 ][info ][gc,phases   ] GC(399)   Evacuate Collection Set: 139.1ms
[2025-10-15T06:01:13.743-0700][1246 ][info ][gc,phases   ] GC(399)   Post Evacuate Collection Set: 13.9ms
[2025-10-15T06:01:13.743-0700][1246 ][info ][gc,phases   ] GC(399)   Other: 0.2ms
[2025-10-15T06:01:13.743-0700][1246 ][debug][gc,remset   ] GC(399) Coarsening (recent): Inline->AoC 48990 (4) AoC->Howl 235 (9) Howl->Full 0 (0) Inline->AoC 913 (4) AoC->BitMap 135 (8) BitMap->Full 0 (0) 
[2025-10-15T06:01:13.743-0700][1246 ][debug][gc,remset   ] GC(399) Coarsening (all): Inline->AoC 12423088 (378) AoC->Howl 276745 (998) Howl->Full 0 (0) Inline->AoC 1102004 (308) AoC->BitMap 291686 (800) BitMap->Full 10 (0) 
[2025-10-15T06:01:13.743-0700][1246 ][info ][gc,heap     ] GC(399) Eden regions: 3245->0(2940)
[2025-10-15T06:01:13.743-0700][1246 ][info ][gc,heap     ] GC(399) Survivor regions: 211->245(432)
[2025-10-15T06:01:13.743-0700][1246 ][info ][gc,heap     ] GC(399) Old regions: 1043->1043
[2025-10-15T06:01:13.743-0700][1246 ][info ][gc,heap     ] GC(399) Humongous regions: 12->0
[2025-10-15T06:01:13.743-0700][1246 ][info ][gc,metaspace] GC(399) Metaspace: 320604K(327552K)->320604K(327552K) NonClass: 283283K(287040K)->283283K(287040K) Class: 37321K(40512K)->37321K(40512K)
[2025-10-15T06:01:13.743-0700][1246 ][info ][gc          ] GC(399) Pause Young (Normal) (G1 Evacuation Pause) 144326M->41210M(184320M) 166.565ms
[2025-10-15T06:01:13.744-0700][1246 ][info ][gc,cpu      ] GC(399) User=15.83s Sys=0.43s Real=0.17s
[2025-10-15T06:01:13.745-0700][1246 ][info ][safepoint   ] Safepoint "G1CollectForAllocation", Time since last: 310402761 ns, Reaching safepoint: 6219894 ns, Cleanup: 16355 ns, At safepoint: 170188633 ns, Total: 176424882 ns
[2025-10-15T06:01:14.747-0700][1246 ][info ][safepoint   ] Safepoint "Cleanup", Time since last: 1000088555 ns, Reaching safepoint: 901099 ns, Cleanup: 13139 ns, At safepoint: 255525 ns, Total: 1169763 ns
[2025-10-15T06:01:16.748-0700][1246 ][info ][safepoint   ] Safepoint "Cleanup", Time since last: 2000163731 ns, Reaching safepoint: 880026 ns, Cleanup: 14862 ns, At safepoint: 242195 ns, Total: 1137083 ns
[2025-10-15T06:01:25.749-0700][1246 ][info ][safepoint   ] Safepoint "Cleanup", Time since last: 9000580030 ns, Reaching safepoint: 734076 ns, Cleanup: 38078 ns, At safepoint: 138108 ns, Total: 910262 ns
[2025-10-15T06:01:26.751-0700][1246 ][info ][safepoint   ] Safepoint "Cleanup", Time since last: 1000100253 ns, Reaching safepoint: 878964 ns, Cleanup: 10767 ns, At safepoint: 260683 ns, Total: 1150414 ns
[2025-10-15T06:01:28.752-0700][1246 ][info ][safepoint   ] Safepoint "Cleanup", Time since last: 2000181056 ns, Reaching safepoint: 1158947 ns, Cleanup: 18187 ns, At safepoint: 173982 ns, Total: 1351116 ns
[2025-10-15T06:01:31.754-0700][1246 ][info ][safepoint   ] Safepoint "Cleanup", Time since last: 3000221169 ns, Reaching safepoint: 924673 ns, Cleanup: 10416 ns, At safepoint: 183336 ns, Total: 1118425 ns
[2025-10-15T06:01:32.368-0700][1246 ][info ][gc,start    ] GC(400) Pause Young (Normal) (G1 Evacuation Pause)
[2025-10-15T06:01:32.368-0700][1246 ][info ][gc,task     ] GC(400) Using 113 workers of 113 for evacuation
[2025-10-15T06:01:32.382-0700][1246 ][debug][gc,remset   ] GC(400) Visited cards 9301760 Total dirty 63635456 (14.62%) Total old 503578624 (1.85%)
[2025-10-15T06:01:32.544-0700][1246 ][info ][gc,phases   ] GC(400)   Pre Evacuate Collection Set: 0.7ms
[2025-10-15T06:01:32.544-0700][1246 ][info ][gc,phases   ] GC(400)   Merge Heap Roots: 12.6ms
[2025-10-15T06:01:32.544-0700][1246 ][info ][gc,phases   ] GC(400)   Evacuate Collection Set: 148.0ms
[2025-10-15T06:01:32.544-0700][1246 ][info ][gc,phases   ] GC(400)   Post Evacuate Collection Set: 14.3ms
[2025-10-15T06:01:32.544-0700][1246 ][info ][gc,phases   ] GC(400)   Other: 0.2ms
[2025-10-15T06:01:32.544-0700][1246 ][debug][gc,remset   ] GC(400) Coarsening (recent): Inline->AoC 49533 (3) AoC->Howl 137 (2) Howl->Full 0 (0) Inline->AoC 639 (0) AoC->BitMap 68 (1) BitMap->Full 0 (0) 
[2025-10-15T06:01:32.544-0700][1246 ][debug][gc,remset   ] GC(400) Coarsening (all): Inline->AoC 12472621 (381) AoC->Howl 276882 (1000) Howl->Full 0 (0) Inline->AoC 1102643 (308) AoC->BitMap 291754 (801) BitMap->Full 10 (0) 
[2025-10-15T06:01:32.544-0700][1246 ][info ][gc,heap     ] GC(400) Eden regions: 3070->0(3228)
[2025-10-15T06:01:32.544-0700][1246 ][info ][gc,heap     ] GC(400) Survivor regions: 245->228(415)
[2025-10-15T06:01:32.544-0700][1246 ][info ][gc,heap     ] GC(400) Old regions: 1043->1082
[2025-10-15T06:01:32.544-0700][1246 ][info ][gc,heap     ] GC(400) Humongous regions: 11->0
[2025-10-15T06:01:32.544-0700][1246 ][info ][gc,metaspace] GC(400) Metaspace: 320618K(327552K)->320618K(327552K) NonClass: 283296K(287040K)->283296K(287040K) Class: 37322K(40512K)->37322K(40512K)
[2025-10-15T06:01:32.544-0700][1246 ][info ][gc          ] GC(400) Pause Young (Normal) (G1 Evacuation Pause) 139802M->41906M(184320M) 175.981ms
[2025-10-15T06:01:32.546-0700][1246 ][info ][gc,cpu      ] GC(400) User=17.53s Sys=0.25s Real=0.17s
[2025-10-15T06:01:32.547-0700][1246 ][info ][safepoint   ] Safepoint "G1CollectForAllocation", Time since last: 612958517 ns, Reaching safepoint: 714417 ns, Cleanup: 4066 ns, At safepoint: 179453456 ns, Total: 180171939 ns
[2025-10-15T06:01:36.548-0700][1246 ][info ][safepoint   ] Safepoint "Cleanup", Time since last: 4000270215 ns, Reaching safepoint: 692173 ns, Cleanup: 18207 ns, At safepoint: 90427 ns, Total: 800807 ns
[2025-10-15T06:01:38.549-0700][1246 ][info ][safepoint   ] Safepoint "Cleanup", Time since last: 2000159794 ns, Reaching safepoint: 1058225 ns, Cleanup: 15733 ns, At safepoint: 137277 ns, Total: 1211235 ns
[2025-10-15T06:01:39.550-0700][1246 ][info ][safepoint   ] Safepoint "Cleanup", Time since last: 1000062316 ns, Reaching safepoint: 678182 ns, Cleanup: 20571 ns, At safepoint: 128504 ns, Total: 827257 ns
[2025-10-15T06:01:45.551-0700][1246 ][info ][safepoint   ] Safepoint "Cleanup", Time since last: 6000408682 ns, Reaching safepoint: 787627 ns, Cleanup: 19039 ns, At safepoint: 98258 ns, Total: 904924 ns
[2025-10-15T06:01:49.553-0700][1246 ][info ][safepoint   ] Safepoint "Cleanup", Time since last: 4000273896 ns, Reaching safepoint: 824102 ns, Cleanup: 11618 ns, At safepoint: 177307 ns, Total: 1013027 ns
[2025-10-15T06:01:50.027-0700][1246 ][info ][gc,start    ] GC(401) Pause Young (Normal) (G1 Evacuation Pause)
[2025-10-15T06:01:50.027-0700][1246 ][info ][gc,task     ] GC(401) Using 113 workers of 113 for evacuation
[2025-10-15T06:01:50.041-0700][1246 ][debug][gc,remset   ] GC(401) Visited cards 9424384 Total dirty 65929216 (14.29%) Total old 524746752 (1.80%)
[2025-10-15T06:01:50.211-0700][1246 ][info ][gc,phases   ] GC(401)   Pre Evacuate Collection Set: 0.7ms
[2025-10-15T06:01:50.211-0700][1246 ][info ][gc,phases   ] GC(401)   Merge Heap Roots: 12.9ms
[2025-10-15T06:01:50.211-0700][1246 ][info ][gc,phases   ] GC(401)   Evacuate Collection Set: 155.1ms
[2025-10-15T06:01:50.211-0700][1246 ][info ][gc,phases   ] GC(401)   Post Evacuate Collection Set: 14.9ms
[2025-10-15T06:01:50.211-0700][1246 ][info ][gc,phases   ] GC(401)   Other: 0.2ms
[2025-10-15T06:01:50.211-0700][1246 ][debug][gc,remset   ] GC(401) Coarsening (recent): Inline->AoC 45341 (0) AoC->Howl 161 (0) Howl->Full 0 (0) Inline->AoC 694 (0) AoC->BitMap 102 (0) BitMap->Full 0 (0) 
[2025-10-15T06:01:50.211-0700][1246 ][debug][gc,remset   ] GC(401) Coarsening (all): Inline->AoC 12517962 (381) AoC->Howl 277043 (1000) Howl->Full 0 (0) Inline->AoC 1103337 (308) AoC->BitMap 291856 (801) BitMap->Full 10 (0) 
[2025-10-15T06:01:50.211-0700][1246 ][info ][gc,heap     ] GC(401) Eden regions: 3228->0(2261)
[2025-10-15T06:01:50.211-0700][1246 ][info ][gc,heap     ] GC(401) Survivor regions: 228->276(432)
[2025-10-15T06:01:50.211-0700][1246 ][info ][gc,heap     ] GC(401) Old regions: 1082->1082
[2025-10-15T06:01:50.211-0700][1246 ][info ][gc,heap     ] GC(401) Humongous regions: 13->0
[2025-10-15T06:01:50.211-0700][1246 ][info ][gc,metaspace] GC(401) Metaspace: 320618K(327552K)->320618K(327552K) NonClass: 283296K(287040K)->283296K(287040K) Class: 37322K(40512K)->37322K(40512K)
[2025-10-15T06:01:50.211-0700][1246 ][info ][gc          ] GC(401) Pause Young (Normal) (G1 Evacuation Pause) 145618M->43442M(184320M) 183.962ms
[2025-10-15T06:01:50.213-0700][1246 ][info ][gc,cpu      ] GC(401) User=18.36s Sys=0.46s Real=0.19s
[2025-10-15T06:01:50.214-0700][1246 ][info ][safepoint   ] Safepoint "G1CollectForAllocation", Time since last: 472831170 ns, Reaching safepoint: 753947 ns, Cleanup: 4226 ns, At safepoint: 187371580 ns, Total: 188129753 ns
[2025-10-15T06:01:55.218-0700][1246 ][info ][safepoint   ] Safepoint "Cleanup", Time since last: 5000337026 ns, Reaching safepoint: 4063023 ns, Cleanup: 11317 ns, At safepoint: 398571 ns, Total: 4472911 ns
[2025-10-15T06:02:04.909-0700][1246 ][info ][gc,start    ] GC(402) Pause Young (Normal) (G1 Evacuation Pause)
[2025-10-15T06:02:04.909-0700][1246 ][info ][gc,task     ] GC(402) Using 113 workers of 113 for evacuation
[2025-10-15T06:02:04.923-0700][1246 ][debug][gc,remset   ] GC(402) Visited cards 9448448 Total dirty 66125824 (14.29%) Total old 429522944 (2.20%)
[2025-10-15T06:02:05.096-0700][1246 ][info ][gc,phases   ] GC(402)   Pre Evacuate Collection Set: 0.8ms
[2025-10-15T06:02:05.096-0700][1246 ][info ][gc,phases   ] GC(402)   Merge Heap Roots: 13.1ms
[2025-10-15T06:02:05.096-0700][1246 ][info ][gc,phases   ] GC(402)   Evacuate Collection Set: 160.2ms
[2025-10-15T06:02:05.096-0700][1246 ][info ][gc,phases   ] GC(402)   Post Evacuate Collection Set: 12.8ms
[2025-10-15T06:02:05.096-0700][1246 ][info ][gc,phases   ] GC(402)   Other: 0.2ms
[2025-10-15T06:02:05.096-0700][1246 ][debug][gc,remset   ] GC(402) Coarsening (recent): Inline->AoC 39579 (0) AoC->Howl 112 (1) Howl->Full 0 (0) Inline->AoC 562 (0) AoC->BitMap 54 (0) BitMap->Full 0 (0) 
[2025-10-15T06:02:05.096-0700][1246 ][debug][gc,remset   ] GC(402) Coarsening (all): Inline->AoC 12557541 (381) AoC->Howl 277155 (1001) Howl->Full 0 (0) Inline->AoC 1103899 (308) AoC->BitMap 291910 (801) BitMap->Full 10 (0) 
[2025-10-15T06:02:05.096-0700][1246 ][info ][gc,heap     ] GC(402) Eden regions: 2457->0(3256)
[2025-10-15T06:02:05.096-0700][1246 ][info ][gc,heap     ] GC(402) Survivor regions: 276->200(342)
[2025-10-15T06:02:05.096-0700][1246 ][info ][gc,heap     ] GC(402) Old regions: 1082->1187
[2025-10-15T06:02:05.096-0700][1246 ][info ][gc,heap     ] GC(402) Humongous regions: 6->0
[2025-10-15T06:02:05.096-0700][1246 ][info ][gc,metaspace] GC(402) Metaspace: 320633K(327552K)->320633K(327552K) NonClass: 283310K(287040K)->283310K(287040K) Class: 37323K(40512K)->37323K(40512K)
[2025-10-15T06:02:05.096-0700][1246 ][info ][gc          ] GC(402) Pause Young (Normal) (G1 Evacuation Pause) 122258M->44378M(184320M) 187.228ms
[2025-10-15T06:02:05.097-0700][1246 ][info ][gc,cpu      ] GC(402) User=19.74s Sys=0.13s Real=0.18s
[2025-10-15T06:02:05.098-0700][1246 ][info ][safepoint   ] Safepoint "G1CollectForAllocation", Time since last: 9688134428 ns, Reaching safepoint: 900898 ns, Cleanup: 6990 ns, At safepoint: 190694739 ns, Total: 191602627 ns
[2025-10-15T06:02:08.099-0700][1246 ][info ][safepoint   ] Safepoint "Cleanup", Time since last: 3000227554 ns, Reaching safepoint: 857983 ns, Cleanup: 10556 ns, At safepoint: 179520 ns, Total: 1048059 ns
[2025-10-15T06:02:22.684-0700][1246 ][info ][gc,start    ] GC(403) Pause Young (Normal) (G1 Evacuation Pause)
[2025-10-15T06:02:22.684-0700][1246 ][info ][gc,task     ] GC(403) Using 113 workers of 113 for evacuation
[2025-10-15T06:02:22.699-0700][1246 ][debug][gc,remset   ] GC(403) Visited cards 9532672 Total dirty 70647808 (13.49%) Total old 531628032 (1.79%)
[2025-10-15T06:02:22.858-0700][1246 ][info ][gc,phases   ] GC(403)   Pre Evacuate Collection Set: 0.7ms
[2025-10-15T06:02:22.858-0700][1246 ][info ][gc,phases   ] GC(403)   Merge Heap Roots: 13.4ms
[2025-10-15T06:02:22.858-0700][1246 ][info ][gc,phases   ] GC(403)   Evacuate Collection Set: 144.7ms
[2025-10-15T06:02:22.858-0700][1246 ][info ][gc,phases   ] GC(403)   Post Evacuate Collection Set: 14.2ms
[2025-10-15T06:02:22.858-0700][1246 ][info ][gc,phases   ] GC(403)   Other: 0.2ms
[2025-10-15T06:02:22.858-0700][1246 ][debug][gc,remset   ] GC(403) Coarsening (recent): Inline->AoC 44725 (0) AoC->Howl 177 (0) Howl->Full 0 (0) Inline->AoC 505 (0) AoC->BitMap 133 (0) BitMap->Full 0 (0) 
[2025-10-15T06:02:22.858-0700][1246 ][debug][gc,remset   ] GC(403) Coarsening (all): Inline->AoC 12602266 (381) AoC->Howl 277332 (1001) Howl->Full 0 (0) Inline->AoC 1104404 (308) AoC->BitMap 292043 (801) BitMap->Full 10 (0) 
[2025-10-15T06:02:22.858-0700][1246 ][info ][gc,heap     ] GC(403) Eden regions: 3256->0(2954)
[2025-10-15T06:02:22.858-0700][1246 ][info ][gc,heap     ] GC(403) Survivor regions: 200->253(432)
[2025-10-15T06:02:22.858-0700][1246 ][info ][gc,heap     ] GC(403) Old regions: 1187->1187
[2025-10-15T06:02:22.858-0700][1246 ][info ][gc,heap     ] GC(403) Humongous regions: 13->0
[2025-10-15T06:02:22.858-0700][1246 ][info ][gc,metaspace] GC(403) Metaspace: 320713K(327616K)->320713K(327616K) NonClass: 283380K(287104K)->283380K(287104K) Class: 37333K(40512K)->37333K(40512K)
[2025-10-15T06:02:22.858-0700][1246 ][info ][gc          ] GC(403) Pause Young (Normal) (G1 Evacuation Pause) 148986M->46064M(184320M) 173.400ms
[2025-10-15T06:02:22.859-0700][1246 ][info ][gc,cpu      ] GC(403) User=16.50s Sys=0.45s Real=0.18s
[2025-10-15T06:02:22.860-0700][1246 ][info ][safepoint   ] Safepoint "G1CollectForAllocation", Time since last: 14582803991 ns, Reaching safepoint: 966907 ns, Cleanup: 16886 ns, At safepoint: 176863673 ns, Total: 177847466 ns
[2025-10-15T06:02:23.861-0700][1246 ][info ][safepoint   ] Safepoint "Cleanup", Time since last: 1000078192 ns, Reaching safepoint: 901458 ns, Cleanup: 12890 ns, At safepoint: 262335 ns, Total: 1176683 ns
[2025-10-15T06:02:24.863-0700][1246 ][info ][safepoint   ] Safepoint "Cleanup", Time since last: 1000102418 ns, Reaching safepoint: 856801 ns, Cleanup: 10266 ns, At safepoint: 244288 ns, Total: 1111355 ns
[2025-10-15T06:02:25.864-0700][1246 ][info ][safepoint   ] Safepoint "Cleanup", Time since last: 1000102378 ns, Reaching safepoint: 913066 ns, Cleanup: 16404 ns, At safepoint: 450840 ns, Total: 1380310 ns
[2025-10-15T06:02:26.866-0700][1246 ][info ][safepoint   ] Safepoint "Cleanup", Time since last: 1000106294 ns, Reaching safepoint: 942861 ns, Cleanup: 11617 ns, At safepoint: 649239 ns, Total: 1603717 ns
[2025-10-15T06:02:36.063-0700][1246 ][info ][gc,start    ] GC(404) Pause Young (Normal) (G1 Evacuation Pause)
[2025-10-15T06:02:36.063-0700][1246 ][info ][gc,task     ] GC(404) Using 113 workers of 113 for evacuation
[2025-10-15T06:02:36.079-0700][1246 ][debug][gc,remset   ] GC(404) Visited cards 9649664 Total dirty 70713344 (13.65%) Total old 522452992 (1.85%)
[2025-10-15T06:02:36.251-0700][1246 ][info ][gc,phases   ] GC(404)   Pre Evacuate Collection Set: 0.7ms
[2025-10-15T06:02:36.251-0700][1246 ][info ][gc,phases   ] GC(404)   Merge Heap Roots: 14.6ms
[2025-10-15T06:02:36.251-0700][1246 ][info ][gc,phases   ] GC(404)   Evacuate Collection Set: 157.4ms
[2025-10-15T06:02:36.251-0700][1246 ][info ][gc,phases   ] GC(404)   Post Evacuate Collection Set: 15.2ms
[2025-10-15T06:02:36.251-0700][1246 ][info ][gc,phases   ] GC(404)   Other: 0.2ms
[2025-10-15T06:02:36.251-0700][1246 ][debug][gc,remset   ] GC(404) Coarsening (recent): Inline->AoC 36333 (1) AoC->Howl 81 (0) Howl->Full 0 (0) Inline->AoC 415 (0) AoC->BitMap 33 (0) BitMap->Full 0 (0) 
[2025-10-15T06:02:36.251-0700][1246 ][debug][gc,remset   ] GC(404) Coarsening (all): Inline->AoC 12638599 (382) AoC->Howl 277413 (1001) Howl->Full 0 (0) Inline->AoC 1104819 (308) AoC->BitMap 292076 (801) BitMap->Full 10 (0) 
[2025-10-15T06:02:36.251-0700][1246 ][info ][gc,heap     ] GC(404) Eden regions: 3135->0(3134)
[2025-10-15T06:02:36.251-0700][1246 ][info ][gc,heap     ] GC(404) Survivor regions: 253->248(424)
[2025-10-15T06:02:36.251-0700][1246 ][info ][gc,heap     ] GC(404) Old regions: 1187->1221
[2025-10-15T06:02:36.251-0700][1246 ][info ][gc,heap     ] GC(404) Humongous regions: 9->0
[2025-10-15T06:02:36.251-0700][1246 ][info ][gc,metaspace] GC(404) Metaspace: 320727K(327616K)->320727K(327616K) NonClass: 283392K(287104K)->283392K(287104K) Class: 37334K(40512K)->37334K(40512K)
[2025-10-15T06:02:36.251-0700][1246 ][info ][gc          ] GC(404) Pause Young (Normal) (G1 Evacuation Pause) 146672M->46992M(184320M) 188.262ms
[2025-10-15T06:02:36.253-0700][1246 ][info ][gc,cpu      ] GC(404) User=18.52s Sys=0.25s Real=0.19s
[2025-10-15T06:02:36.254-0700][1246 ][info ][safepoint   ] Safepoint "G1CollectForAllocation", Time since last: 9189852190 ns, Reaching safepoint: 6341798 ns, Cleanup: 5027 ns, At safepoint: 191869359 ns, Total: 198216184 ns
[2025-10-15T06:02:49.256-0700][1246 ][info ][safepoint   ] Safepoint "Cleanup", Time since last: 13000819739 ns, Reaching safepoint: 909050 ns, Cleanup: 21813 ns, At safepoint: 235946 ns, Total: 1166809 ns
[2025-10-15T06:02:52.257-0700][1246 ][info ][safepoint   ] Safepoint "Cleanup", Time since last: 3000221594 ns, Reaching safepoint: 961599 ns, Cleanup: 15393 ns, At safepoint: 202315 ns, Total: 1179307 ns
[2025-10-15T06:02:53.315-0700][1246 ][info ][gc,start    ] GC(405) Pause Young (Normal) (G1 Evacuation Pause)
[2025-10-15T06:02:53.315-0700][1246 ][info ][gc,task     ] GC(405) Using 113 workers of 113 for evacuation
[2025-10-15T06:02:53.330-0700][1246 ][debug][gc,remset   ] GC(405) Visited cards 9668352 Total dirty 72351744 (13.36%) Total old 508100608 (1.90%)
[2025-10-15T06:02:53.523-0700][1246 ][info ][gc,mmu      ] GC(405) MMU target violated: 201.0ms (200.0ms/201.0ms)
[2025-10-15T06:02:53.523-0700][1246 ][info ][gc,phases   ] GC(405)   Pre Evacuate Collection Set: 0.7ms
[2025-10-15T06:02:53.523-0700][1246 ][info ][gc,phases   ] GC(405)   Merge Heap Roots: 14.1ms
[2025-10-15T06:02:53.523-0700][1246 ][info ][gc,phases   ] GC(405)   Evacuate Collection Set: 176.4ms
[2025-10-15T06:02:53.523-0700][1246 ][info ][gc,phases   ] GC(405)   Post Evacuate Collection Set: 16.0ms
[2025-10-15T06:02:53.523-0700][1246 ][info ][gc,phases   ] GC(405)   Other: 0.2ms
[2025-10-15T06:02:53.523-0700][1246 ][debug][gc,remset   ] GC(405) Coarsening (recent): Inline->AoC 53703 (1) AoC->Howl 236 (1) Howl->Full 0 (0) Inline->AoC 910 (0) AoC->BitMap 167 (0) BitMap->Full 0 (0) 
[2025-10-15T06:02:53.523-0700][1246 ][debug][gc,remset   ] GC(405) Coarsening (all): Inline->AoC 12692302 (383) AoC->Howl 277649 (1002) Howl->Full 0 (0) Inline->AoC 1105729 (308) AoC->BitMap 292243 (801) BitMap->Full 10 (0) 
[2025-10-15T06:02:53.523-0700][1246 ][info ][gc,heap     ] GC(405) Eden regions: 3014->0(1985)
[2025-10-15T06:02:53.523-0700][1246 ][info ][gc,heap     ] GC(405) Survivor regions: 248->269(408)
[2025-10-15T06:02:53.523-0700][1246 ][info ][gc,heap     ] GC(405) Old regions: 1221->1257
[2025-10-15T06:02:53.523-0700][1246 ][info ][gc,heap     ] GC(405) Humongous regions: 8->0
[2025-10-15T06:02:53.523-0700][1246 ][info ][gc,metaspace] GC(405) Metaspace: 320736K(327616K)->320736K(327616K) NonClass: 283397K(287104K)->283397K(287104K) Class: 37338K(40512K)->37338K(40512K)
[2025-10-15T06:02:53.523-0700][1246 ][info ][gc          ] GC(405) Pause Young (Normal) (G1 Evacuation Pause) 143696M->48807M(184320M) 207.737ms
[2025-10-15T06:02:53.524-0700][1246 ][info ][gc,cpu      ] GC(405) User=19.89s Sys=0.32s Real=0.21s
[2025-10-15T06:02:53.525-0700][1246 ][info ][safepoint   ] Safepoint "G1CollectForAllocation", Time since last: 1055661050 ns, Reaching safepoint: 1089432 ns, Cleanup: 4787 ns, At safepoint: 211247292 ns, Total: 212341511 ns
[2025-10-15T06:03:01.527-0700][1246 ][info ][safepoint   ] Safepoint "Cleanup", Time since last: 8000542755 ns, Reaching safepoint: 817111 ns, Cleanup: 12008 ns, At safepoint: 84127 ns, Total: 913246 ns
[2025-10-15T06:03:03.348-0700][1246 ][info ][safepoint   ] Safepoint "Cleanup", Time since last: 1820198407 ns, Reaching safepoint: 759054 ns, Cleanup: 16174 ns, At safepoint: 176416 ns, Total: 951644 ns
[2025-10-15T06:03:05.587-0700][1246 ][info ][gc,start    ] GC(406) Pause Young (Normal) (G1 Evacuation Pause)
[2025-10-15T06:03:05.588-0700][1246 ][info ][gc,task     ] GC(406) Using 113 workers of 113 for evacuation
[2025-10-15T06:03:05.602-0700][1246 ][debug][gc,remset   ] GC(406) Visited cards 9401856 Total dirty 73662464 (12.76%) Total old 412483584 (2.28%)
[2025-10-15T06:03:05.771-0700][1246 ][info ][gc,phases   ] GC(406)   Pre Evacuate Collection Set: 0.7ms
[2025-10-15T06:03:05.771-0700][1246 ][info ][gc,phases   ] GC(406)   Merge Heap Roots: 14.1ms
[2025-10-15T06:03:05.771-0700][1246 ][info ][gc,phases   ] GC(406)   Evacuate Collection Set: 155.2ms
[2025-10-15T06:03:05.771-0700][1246 ][info ][gc,phases   ] GC(406)   Post Evacuate Collection Set: 13.7ms
[2025-10-15T06:03:05.771-0700][1246 ][info ][gc,phases   ] GC(406)   Other: 0.2ms
[2025-10-15T06:03:05.771-0700][1246 ][debug][gc,remset   ] GC(406) Coarsening (recent): Inline->AoC 36199 (0) AoC->Howl 116 (6) Howl->Full 0 (0) Inline->AoC 526 (0) AoC->BitMap 50 (6) BitMap->Full 0 (0) 
[2025-10-15T06:03:05.771-0700][1246 ][debug][gc,remset   ] GC(406) Coarsening (all): Inline->AoC 12728501 (383) AoC->Howl 277765 (1008) Howl->Full 0 (0) Inline->AoC 1106255 (308) AoC->BitMap 292293 (807) BitMap->Full 10 (0) 
[2025-10-15T06:03:05.771-0700][1246 ][info ][gc,heap     ] GC(406) Eden regions: 2246->0(3287)
[2025-10-15T06:03:05.772-0700][1246 ][info ][gc,heap     ] GC(406) Survivor regions: 269->169(315)
[2025-10-15T06:03:05.772-0700][1246 ][info ][gc,heap     ] GC(406) Old regions: 1257->1374
[2025-10-15T06:03:05.772-0700][1246 ][info ][gc,heap     ] GC(406) Humongous regions: 7->0
[2025-10-15T06:03:05.772-0700][1246 ][info ][gc,metaspace] GC(406) Metaspace: 320809K(327680K)->320809K(327680K) NonClass: 283462K(287168K)->283462K(287168K) Class: 37346K(40512K)->37346K(40512K)
[2025-10-15T06:03:05.772-0700][1246 ][info ][gc          ] GC(406) Pause Young (Normal) (G1 Evacuation Pause) 120903M->49334M(184320M) 184.065ms
[2025-10-15T06:03:05.773-0700][1246 ][info ][gc,cpu      ] GC(406) User=17.69s Sys=0.35s Real=0.19s
[2025-10-15T06:03:05.774-0700][1246 ][info ][safepoint   ] Safepoint "G1CollectForAllocation", Time since last: 2237650341 ns, Reaching safepoint: 840847 ns, Cleanup: 4216 ns, At safepoint: 187532731 ns, Total: 188377794 ns
[2025-10-15T06:03:06.097-0700][1246 ][info ][gc,start    ] GC(407) Pause Young (Concurrent Start) (G1 Humongous Allocation)
[2025-10-15T06:03:06.097-0700][1246 ][info ][gc,task     ] GC(407) Using 113 workers of 113 for evacuation
[2025-10-15T06:03:06.109-0700][1246 ][debug][gc,remset   ] GC(407) Visited cards 8908544 Total dirty 79822848 (11.16%) Total old 132251648 (6.74%)
[2025-10-15T06:03:06.214-0700][1246 ][info ][gc,phases   ] GC(407)   Pre Evacuate Collection Set: 0.9ms
[2025-10-15T06:03:06.214-0700][1246 ][info ][gc,phases   ] GC(407)   Merge Heap Roots: 10.8ms
[2025-10-15T06:03:06.214-0700][1246 ][info ][gc,phases   ] GC(407)   Evacuate Collection Set: 95.8ms
[2025-10-15T06:03:06.214-0700][1246 ][info ][gc,phases   ] GC(407)   Post Evacuate Collection Set: 8.8ms
[2025-10-15T06:03:06.214-0700][1246 ][info ][gc,phases   ] GC(407)   Other: 0.1ms
[2025-10-15T06:03:06.214-0700][1246 ][debug][gc,remset   ] GC(407) Coarsening (recent): Inline->AoC 44 (0) AoC->Howl 0 (0) Howl->Full 0 (0) Inline->AoC 0 (0) AoC->BitMap 0 (0) BitMap->Full 0 (0) 
[2025-10-15T06:03:06.214-0700][1246 ][debug][gc,remset   ] GC(407) Coarsening (all): Inline->AoC 12728545 (383) AoC->Howl 277765 (1008) Howl->Full 0 (0) Inline->AoC 1106255 (308) AoC->BitMap 292293 (807) BitMap->Full 10 (0) 
[2025-10-15T06:03:06.214-0700][1246 ][info ][gc,heap     ] GC(407) Eden regions: 153->0(1331)
[2025-10-15T06:03:06.214-0700][1246 ][info ][gc,heap     ] GC(407) Survivor regions: 169->170(432)
[2025-10-15T06:03:06.214-0700][1246 ][info ][gc,heap     ] GC(407) Old regions: 1374->1374
[2025-10-15T06:03:06.214-0700][1246 ][info ][gc,heap     ] GC(407) Humongous regions: 0->0
[2025-10-15T06:03:06.214-0700][1246 ][info ][gc,metaspace] GC(407) Metaspace: 320809K(327680K)->320809K(327680K) NonClass: 283462K(287168K)->283462K(287168K) Class: 37346K(40512K)->37346K(40512K)
[2025-10-15T06:03:06.214-0700][1246 ][info ][gc          ] GC(407) Pause Young (Concurrent Start) (G1 Humongous Allocation) 54202M->49384M(184320M) 116.582ms
[2025-10-15T06:03:06.214-0700][1085 ][info ][gc          ] GC(408) Concurrent Mark Cycle
[2025-10-15T06:03:06.214-0700][1085 ][info ][gc,marking  ] GC(408) Concurrent Scan Root Regions
[2025-10-15T06:03:06.215-0700][1246 ][info ][gc,cpu      ] GC(407) User=10.46s Sys=0.05s Real=0.12s
[2025-10-15T06:03:06.217-0700][1246 ][info ][safepoint   ] Safepoint "G1TryInitiateConcMark", Time since last: 321041163 ns, Reaching safepoint: 980728 ns, Cleanup: 7581 ns, At safepoint: 120947340 ns, Total: 121935649 ns
[2025-10-15T06:03:06.278-0700][1085 ][info ][gc,marking  ] GC(408) Concurrent Scan Root Regions 63.720ms
[2025-10-15T06:03:06.278-0700][1085 ][info ][gc,marking  ] GC(408) Concurrent Mark
[2025-10-15T06:03:06.278-0700][1085 ][info ][gc,marking  ] GC(408) Concurrent Mark From Roots
[2025-10-15T06:03:06.278-0700][1085 ][info ][gc,task     ] GC(408) Using 36 workers of 36 for marking
[2025-10-15T06:03:06.561-0700][1085 ][info ][gc,marking  ] GC(408) Concurrent Mark From Roots 283.532ms
[2025-10-15T06:03:06.561-0700][1085 ][info ][gc,marking  ] GC(408) Concurrent Preclean
[2025-10-15T06:03:06.594-0700][1085 ][info ][gc,marking  ] GC(408) Concurrent Preclean 32.705ms
[2025-10-15T06:03:06.596-0700][1246 ][info ][gc,start    ] GC(408) Pause Remark
[2025-10-15T06:03:06.770-0700][1246 ][info ][gc          ] GC(408) Pause Remark 53693M->52125M(184320M) 173.401ms
[2025-10-15T06:03:06.771-0700][1246 ][info ][gc,cpu      ] GC(408) User=14.25s Sys=0.07s Real=0.18s
[2025-10-15T06:03:06.772-0700][1246 ][info ][safepoint   ] Safepoint "G1PauseRemark", Time since last: 377372790 ns, Reaching safepoint: 828469 ns, Cleanup: 4867 ns, At safepoint: 176911604 ns, Total: 177744940 ns
[2025-10-15T06:03:06.772-0700][1085 ][info ][gc,marking  ] GC(408) Concurrent Mark 494.272ms
[2025-10-15T06:03:06.772-0700][1085 ][info ][gc,marking  ] GC(408) Concurrent Rebuild Remembered Sets and Scrub Regions
[2025-10-15T06:03:07.182-0700][1085 ][info ][gc,marking  ] GC(408) Concurrent Rebuild Remembered Sets and Scrub Regions 409.861ms
[2025-10-15T06:03:07.184-0700][1246 ][info ][gc,start    ] GC(408) Pause Cleanup
[2025-10-15T06:03:07.187-0700][1246 ][info ][gc          ] GC(408) Pause Cleanup 56284M->56284M(184320M) 2.284ms
[2025-10-15T06:03:07.188-0700][1246 ][info ][gc,cpu      ] GC(408) User=0.01s Sys=0.01s Real=0.00s
[2025-10-15T06:03:07.188-0700][1246 ][info ][safepoint   ] Safepoint "G1PauseCleanup", Time since last: 410172663 ns, Reaching safepoint: 941088 ns, Cleanup: 26991 ns, At safepoint: 4859594 ns, Total: 5827673 ns
[2025-10-15T06:03:07.188-0700][1085 ][info ][gc,marking  ] GC(408) Concurrent Clear Claimed Marks
[2025-10-15T06:03:07.189-0700][1085 ][info ][gc,marking  ] GC(408) Concurrent Clear Claimed Marks 1.117ms
[2025-10-15T06:03:07.189-0700][1085 ][info ][gc,marking  ] GC(408) Concurrent Cleanup for Next Mark
[2025-10-15T06:03:07.216-0700][1085 ][info ][gc,marking  ] GC(408) Concurrent Cleanup for Next Mark 26.883ms
[2025-10-15T06:03:07.216-0700][1085 ][info ][gc          ] GC(408) Concurrent Mark Cycle 1001.979ms
[2025-10-15T06:03:11.309-0700][1246 ][info ][gc,start    ] GC(409) Pause Young (Prepare Mixed) (G1 Evacuation Pause)
[2025-10-15T06:03:11.309-0700][1246 ][info ][gc,task     ] GC(409) Using 113 workers of 113 for evacuation
[2025-10-15T06:03:11.324-0700][1246 ][debug][gc,remset   ] GC(409) Visited cards 9533952 Total dirty 80084992 (11.90%) Total old 274726912 (3.47%)
[2025-10-15T06:03:11.435-0700][1246 ][info ][gc,phases   ] GC(409)   Pre Evacuate Collection Set: 0.7ms
[2025-10-15T06:03:11.435-0700][1246 ][info ][gc,phases   ] GC(409)   Merge Heap Roots: 13.4ms
[2025-10-15T06:03:11.435-0700][1246 ][info ][gc,phases   ] GC(409)   Evacuate Collection Set: 95.1ms
[2025-10-15T06:03:11.435-0700][1246 ][info ][gc,phases   ] GC(409)   Post Evacuate Collection Set: 16.3ms
[2025-10-15T06:03:11.435-0700][1246 ][info ][gc,phases   ] GC(409)   Other: 0.1ms
[2025-10-15T06:03:11.435-0700][1246 ][debug][gc,remset   ] GC(409) Coarsening (recent): Inline->AoC 177756 (0) AoC->Howl 10395 (0) Howl->Full 0 (0) Inline->AoC 40544 (0) AoC->BitMap 11811 (0) BitMap->Full 0 (0) 
[2025-10-15T06:03:11.435-0700][1246 ][debug][gc,remset   ] GC(409) Coarsening (all): Inline->AoC 12906301 (383) AoC->Howl 288160 (1008) Howl->Full 0 (0) Inline->AoC 1146799 (308) AoC->BitMap 304104 (807) BitMap->Full 10 (0) 
[2025-10-15T06:03:11.435-0700][1246 ][info ][gc,heap     ] GC(409) Eden regions: 1261->0(2204)
[2025-10-15T06:03:11.435-0700][1246 ][info ][gc,heap     ] GC(409) Survivor regions: 170->85(179)
[2025-10-15T06:03:11.435-0700][1246 ][info ][gc,heap     ] GC(409) Old regions: 1325->1403
[2025-10-15T06:03:11.435-0700][1246 ][info ][gc,heap     ] GC(409) Humongous regions: 5->0
[2025-10-15T06:03:11.435-0700][1246 ][info ][gc,metaspace] GC(409) Metaspace: 320740K(327680K)->320740K(327680K) NonClass: 283405K(287168K)->283405K(287168K) Class: 37335K(40512K)->37335K(40512K)
[2025-10-15T06:03:11.435-0700][1246 ][info ][gc          ] GC(409) Pause Young (Prepare Mixed) (G1 Evacuation Pause) 88328M->47588M(184320M) 125.756ms
[2025-10-15T06:03:11.436-0700][1246 ][info ][gc,cpu      ] GC(409) User=11.67s Sys=0.15s Real=0.12s
[2025-10-15T06:03:11.437-0700][1246 ][info ][safepoint   ] Safepoint "G1CollectForAllocation", Time since last: 4119269925 ns, Reaching safepoint: 914508 ns, Cleanup: 5709 ns, At safepoint: 129242622 ns, Total: 130162839 ns
[2025-10-15T06:03:25.439-0700][1246 ][info ][safepoint   ] Safepoint "Cleanup", Time since last: 14000921265 ns, Reaching safepoint: 797031 ns, Cleanup: 18498 ns, At safepoint: 205911 ns, Total: 1021440 ns
[2025-10-15T06:03:28.157-0700][1246 ][info ][gc,start    ] GC(410) Pause Young (Mixed) (G1 Evacuation Pause)
[2025-10-15T06:03:28.157-0700][1246 ][info ][gc,task     ] GC(410) Using 113 workers of 113 for evacuation
[2025-10-15T06:03:28.172-0700][1246 ][debug][gc,remset   ] GC(410) Visited cards 10501376 Total dirty 80674816 (13.02%) Total old 422838272 (2.48%)
[2025-10-15T06:03:28.255-0700][1246 ][info ][gc,phases   ] GC(410)   Pre Evacuate Collection Set: 0.8ms
[2025-10-15T06:03:28.255-0700][1246 ][info ][gc,phases   ] GC(410)   Merge Heap Roots: 15.0ms
[2025-10-15T06:03:28.255-0700][1246 ][info ][gc,phases   ] GC(410)   Evacuate Collection Set: 69.6ms
[2025-10-15T06:03:28.255-0700][1246 ][info ][gc,phases   ] GC(410)   Post Evacuate Collection Set: 12.4ms
[2025-10-15T06:03:28.255-0700][1246 ][info ][gc,phases   ] GC(410)   Other: 0.2ms
[2025-10-15T06:03:28.255-0700][1246 ][debug][gc,remset   ] GC(410) Coarsening (recent): Inline->AoC 28997 (0) AoC->Howl 1003 (0) Howl->Full 0 (0) Inline->AoC 2940 (0) AoC->BitMap 983 (0) BitMap->Full 0 (0) 
[2025-10-15T06:03:28.255-0700][1246 ][debug][gc,remset   ] GC(410) Coarsening (all): Inline->AoC 12935298 (383) AoC->Howl 289163 (1008) Howl->Full 0 (0) Inline->AoC 1149739 (308) AoC->BitMap 305087 (807) BitMap->Full 10 (0) 
[2025-10-15T06:03:28.255-0700][1246 ][info ][gc,heap     ] GC(410) Eden regions: 2392->0(2413)
[2025-10-15T06:03:28.255-0700][1246 ][info ][gc,heap     ] GC(410) Survivor regions: 85->100(310)
[2025-10-15T06:03:28.255-0700][1246 ][info ][gc,heap     ] GC(410) Old regions: 1403->1326
[2025-10-15T06:03:28.255-0700][1246 ][info ][gc,heap     ] GC(410) Humongous regions: 7->0
[2025-10-15T06:03:28.255-0700][1246 ][info ][gc,metaspace] GC(410) Metaspace: 320765K(327680K)->320765K(327680K) NonClass: 283426K(287168K)->283426K(287168K) Class: 37338K(40512K)->37338K(40512K)
[2025-10-15T06:03:28.255-0700][1246 ][info ][gc          ] GC(410) Pause Young (Mixed) (G1 Evacuation Pause) 124356M->45600M(184320M) 98.092ms
[2025-10-15T06:03:28.256-0700][1246 ][info ][gc,cpu      ] GC(410) User=9.72s Sys=0.00s Real=0.10s
[2025-10-15T06:03:28.257-0700][1246 ][info ][safepoint   ] Safepoint "G1CollectForAllocation", Time since last: 2715171043 ns, Reaching safepoint: 863842 ns, Cleanup: 4427 ns, At safepoint: 101435674 ns, Total: 102303943 ns
[2025-10-15T06:03:44.259-0700][1246 ][info ][safepoint   ] Safepoint "Cleanup", Time since last: 16000934041 ns, Reaching safepoint: 790722 ns, Cleanup: 11046 ns, At safepoint: 180803 ns, Total: 982571 ns
[2025-10-15T06:03:44.694-0700][1246 ][info ][gc,start    ] GC(411) Pause Young (Mixed) (G1 Evacuation Pause)
[2025-10-15T06:03:44.694-0700][1246 ][info ][gc,task     ] GC(411) Using 113 workers of 113 for evacuation
[2025-10-15T06:03:44.708-0700][1246 ][debug][gc,remset   ] GC(411) Visited cards 10361344 Total dirty 76742656 (13.50%) Total old 443154432 (2.34%)
[2025-10-15T06:03:44.816-0700][1246 ][info ][gc,phases   ] GC(411)   Pre Evacuate Collection Set: 0.8ms
[2025-10-15T06:03:44.816-0700][1246 ][info ][gc,phases   ] GC(411)   Merge Heap Roots: 13.4ms
[2025-10-15T06:03:44.816-0700][1246 ][info ][gc,phases   ] GC(411)   Evacuate Collection Set: 94.0ms
[2025-10-15T06:03:44.816-0700][1246 ][info ][gc,phases   ] GC(411)   Post Evacuate Collection Set: 14.1ms
[2025-10-15T06:03:44.816-0700][1246 ][info ][gc,phases   ] GC(411)   Other: 0.2ms
[2025-10-15T06:03:44.816-0700][1246 ][debug][gc,remset   ] GC(411) Coarsening (recent): Inline->AoC 39738 (0) AoC->Howl 200 (0) Howl->Full 0 (0) Inline->AoC 822 (0) AoC->BitMap 126 (0) BitMap->Full 0 (0) 
[2025-10-15T06:03:44.816-0700][1246 ][debug][gc,remset   ] GC(411) Coarsening (all): Inline->AoC 12975036 (383) AoC->Howl 289363 (1008) Howl->Full 0 (0) Inline->AoC 1150561 (308) AoC->BitMap 305213 (807) BitMap->Full 10 (0) 
[2025-10-15T06:03:44.817-0700][1246 ][info ][gc,heap     ] GC(411) Eden regions: 2569->0(2089)
[2025-10-15T06:03:44.817-0700][1246 ][info ][gc,heap     ] GC(411) Survivor regions: 100->153(334)
[2025-10-15T06:03:44.817-0700][1246 ][info ][gc,heap     ] GC(411) Old regions: 1326->1241
[2025-10-15T06:03:44.817-0700][1246 ][info ][gc,heap     ] GC(411) Humongous regions: 10->0
[2025-10-15T06:03:44.817-0700][1246 ][info ][gc,metaspace] GC(411) Metaspace: 320770K(327680K)->320770K(327680K) NonClass: 283432K(287168K)->283432K(287168K) Class: 37338K(40512K)->37338K(40512K)
[2025-10-15T06:03:44.817-0700][1246 ][info ][gc          ] GC(411) Pause Young (Mixed) (G1 Evacuation Pause) 128128M->44596M(184320M) 122.604ms
[2025-10-15T06:03:44.818-0700][1246 ][info ][gc,cpu      ] GC(411) User=12.10s Sys=0.32s Real=0.12s
[2025-10-15T06:03:44.819-0700][1246 ][info ][safepoint   ] Safepoint "G1CollectForAllocation", Time since last: 433232886 ns, Reaching safepoint: 833116 ns, Cleanup: 14292 ns, At safepoint: 126111112 ns, Total: 126958520 ns
[2025-10-15T06:03:52.821-0700][1246 ][info ][safepoint   ] Safepoint "Cleanup", Time since last: 8000517801 ns, Reaching safepoint: 893046 ns, Cleanup: 12148 ns, At safepoint: 248464 ns, Total: 1153658 ns
[2025-10-15T06:03:58.822-0700][1246 ][info ][safepoint   ] Safepoint "Cleanup", Time since last: 6000357882 ns, Reaching safepoint: 815148 ns, Cleanup: 11838 ns, At safepoint: 206071 ns, Total: 1033057 ns
[2025-10-15T06:03:59.716-0700][1246 ][info ][gc,start    ] GC(412) Pause Young (Mixed) (G1 Evacuation Pause)
[2025-10-15T06:03:59.716-0700][1246 ][info ][gc,task     ] GC(412) Using 113 workers of 113 for evacuation
[2025-10-15T06:03:59.731-0700][1246 ][debug][gc,remset   ] GC(412) Visited cards 10732544 Total dirty 73007104 (14.70%) Total old 404881408 (2.65%)
[2025-10-15T06:03:59.853-0700][1246 ][info ][gc,phases   ] GC(412)   Pre Evacuate Collection Set: 0.8ms
[2025-10-15T06:03:59.853-0700][1246 ][info ][gc,phases   ] GC(412)   Merge Heap Roots: 14.1ms
[2025-10-15T06:03:59.853-0700][1246 ][info ][gc,phases   ] GC(412)   Evacuate Collection Set: 107.2ms
[2025-10-15T06:03:59.853-0700][1246 ][info ][gc,phases   ] GC(412)   Post Evacuate Collection Set: 14.2ms
[2025-10-15T06:03:59.853-0700][1246 ][info ][gc,phases   ] GC(412)   Other: 0.2ms
[2025-10-15T06:03:59.853-0700][1246 ][debug][gc,remset   ] GC(412) Coarsening (recent): Inline->AoC 38534 (0) AoC->Howl 178 (0) Howl->Full 0 (0) Inline->AoC 765 (0) AoC->BitMap 129 (0) BitMap->Full 0 (0) 
[2025-10-15T06:03:59.853-0700][1246 ][debug][gc,remset   ] GC(412) Coarsening (all): Inline->AoC 13013570 (383) AoC->Howl 289541 (1008) Howl->Full 0 (0) Inline->AoC 1151326 (308) AoC->BitMap 305342 (807) BitMap->Full 10 (0) 
[2025-10-15T06:03:59.853-0700][1246 ][info ][gc,heap     ] GC(412) Eden regions: 2266->0(2236)
[2025-10-15T06:03:59.853-0700][1246 ][info ][gc,heap     ] GC(412) Survivor regions: 153->170(303)
[2025-10-15T06:03:59.853-0700][1246 ][info ][gc,heap     ] GC(412) Old regions: 1241->1155
[2025-10-15T06:03:59.853-0700][1246 ][info ][gc,heap     ] GC(412) Humongous regions: 11->0
[2025-10-15T06:03:59.853-0700][1246 ][info ][gc,metaspace] GC(412) Metaspace: 320773K(327680K)->320773K(327680K) NonClass: 283434K(287168K)->283434K(287168K) Class: 37338K(40512K)->37338K(40512K)
[2025-10-15T06:03:59.853-0700][1246 ][info ][gc          ] GC(412) Pause Young (Mixed) (G1 Evacuation Pause) 117460M->42394M(184320M) 136.589ms
[2025-10-15T06:03:59.854-0700][1246 ][info ][gc,cpu      ] GC(412) User=13.24s Sys=0.42s Real=0.14s
[2025-10-15T06:03:59.855-0700][1246 ][info ][safepoint   ] Safepoint "G1CollectForAllocation", Time since last: 892313111 ns, Reaching safepoint: 890582 ns, Cleanup: 5198 ns, At safepoint: 140018523 ns, Total: 140914303 ns
[2025-10-15T06:04:07.371-0700][1246 ][info ][safepoint   ] Safepoint "Cleanup", Time since last: 7515048512 ns, Reaching safepoint: 750952 ns, Cleanup: 9624 ns, At safepoint: 148894 ns, Total: 909470 ns
[2025-10-15T06:04:08.372-0700][1246 ][info ][safepoint   ] Safepoint "Cleanup", Time since last: 1000089072 ns, Reaching safepoint: 751683 ns, Cleanup: 14782 ns, At safepoint: 122544 ns, Total: 889009 ns
[2025-10-15T06:04:10.373-0700][1246 ][info ][safepoint   ] Safepoint "Cleanup", Time since last: 2000167717 ns, Reaching safepoint: 834818 ns, Cleanup: 53311 ns, At safepoint: 202465 ns, Total: 1090594 ns
[2025-10-15T06:04:12.375-0700][1246 ][info ][safepoint   ] Safepoint "Cleanup", Time since last: 2000157511 ns, Reaching safepoint: 804142 ns, Cleanup: 12349 ns, At safepoint: 143015 ns, Total: 959506 ns
[2025-10-15T06:04:13.376-0700][1246 ][info ][safepoint   ] Safepoint "Cleanup", Time since last: 1000098496 ns, Reaching safepoint: 885114 ns, Cleanup: 29194 ns, At safepoint: 182184 ns, Total: 1096492 ns
[2025-10-15T06:04:14.377-0700][1246 ][info ][safepoint   ] Safepoint "Cleanup", Time since last: 1000066858 ns, Reaching safepoint: 867487 ns, Cleanup: 13340 ns, At safepoint: 222786 ns, Total: 1103613 ns
[2025-10-15T06:04:15.030-0700][1246 ][info ][gc,start    ] GC(413) Pause Young (Mixed) (G1 Evacuation Pause)
[2025-10-15T06:04:15.030-0700][1246 ][info ][gc,task     ] GC(413) Using 113 workers of 113 for evacuation
[2025-10-15T06:04:15.045-0700][1246 ][debug][gc,remset   ] GC(413) Visited cards 10979584 Total dirty 67698688 (16.22%) Total old 410255360 (2.68%)
[2025-10-15T06:04:15.190-0700][1246 ][info ][gc,phases   ] GC(413)   Pre Evacuate Collection Set: 0.8ms
[2025-10-15T06:04:15.190-0700][1246 ][info ][gc,phases   ] GC(413)   Merge Heap Roots: 13.9ms
[2025-10-15T06:04:15.190-0700][1246 ][info ][gc,phases   ] GC(413)   Evacuate Collection Set: 128.5ms
[2025-10-15T06:04:15.190-0700][1246 ][info ][gc,phases   ] GC(413)   Post Evacuate Collection Set: 16.3ms
[2025-10-15T06:04:15.190-0700][1246 ][info ][gc,phases   ] GC(413)   Other: 0.2ms
[2025-10-15T06:04:15.190-0700][1246 ][debug][gc,remset   ] GC(413) Coarsening (recent): Inline->AoC 52299 (0) AoC->Howl 243 (0) Howl->Full 0 (0) Inline->AoC 1113 (0) AoC->BitMap 121 (0) BitMap->Full 0 (0) 
[2025-10-15T06:04:15.190-0700][1246 ][debug][gc,remset   ] GC(413) Coarsening (all): Inline->AoC 13065869 (383) AoC->Howl 289784 (1008) Howl->Full 0 (0) Inline->AoC 1152439 (308) AoC->BitMap 305463 (807) BitMap->Full 10 (0) 
[2025-10-15T06:04:15.190-0700][1246 ][info ][gc,heap     ] GC(413) Eden regions: 2333->0(1762)
[2025-10-15T06:04:15.190-0700][1246 ][info ][gc,heap     ] GC(413) Survivor regions: 170->210(313)
[2025-10-15T06:04:15.190-0700][1246 ][info ][gc,heap     ] GC(413) Old regions: 1155->1071
[2025-10-15T06:04:15.190-0700][1246 ][info ][gc,heap     ] GC(413) Humongous regions: 11->0
[2025-10-15T06:04:15.190-0700][1246 ][info ][gc,metaspace] GC(413) Metaspace: 320775K(327680K)->320775K(327680K) NonClass: 283435K(287168K)->283435K(287168K) Class: 37339K(40512K)->37339K(40512K)
[2025-10-15T06:04:15.190-0700][1246 ][info ][gc          ] GC(413) Pause Young (Mixed) (G1 Evacuation Pause) 117402M->40968M(184320M) 159.794ms
[2025-10-15T06:04:15.191-0700][1246 ][info ][gc,cpu      ] GC(413) User=15.27s Sys=0.43s Real=0.16s
[2025-10-15T06:04:15.192-0700][1246 ][info ][safepoint   ] Safepoint "G1CollectForAllocation", Time since last: 651433220 ns, Reaching safepoint: 862419 ns, Cleanup: 5969 ns, At safepoint: 163232069 ns, Total: 164100457 ns
[2025-10-15T06:04:19.194-0700][1246 ][info ][safepoint   ] Safepoint "Cleanup", Time since last: 4000297356 ns, Reaching safepoint: 887467 ns, Cleanup: 16806 ns, At safepoint: 238449 ns, Total: 1142722 ns
[2025-10-15T06:04:26.902-0700][1246 ][info ][gc,start    ] GC(414) Pause Young (Mixed) (G1 Evacuation Pause)
[2025-10-15T06:04:26.902-0700][1246 ][info ][gc,task     ] GC(414) Using 113 workers of 113 for evacuation
[2025-10-15T06:04:26.916-0700][1246 ][debug][gc,remset   ] GC(414) Visited cards 12161024 Total dirty 63766528 (19.07%) Total old 353042432 (3.44%)
[2025-10-15T06:04:27.076-0700][1246 ][info ][gc,phases   ] GC(414)   Pre Evacuate Collection Set: 0.8ms
[2025-10-15T06:04:27.076-0700][1246 ][info ][gc,phases   ] GC(414)   Merge Heap Roots: 12.7ms
[2025-10-15T06:04:27.076-0700][1246 ][info ][gc,phases   ] GC(414)   Evacuate Collection Set: 142.8ms
[2025-10-15T06:04:27.076-0700][1246 ][info ][gc,phases   ] GC(414)   Post Evacuate Collection Set: 16.8ms
[2025-10-15T06:04:27.076-0700][1246 ][info ][gc,phases   ] GC(414)   Other: 0.2ms
[2025-10-15T06:04:27.076-0700][1246 ][debug][gc,remset   ] GC(414) Coarsening (recent): Inline->AoC 44116 (0) AoC->Howl 240 (0) Howl->Full 0 (0) Inline->AoC 1172 (0) AoC->BitMap 116 (0) BitMap->Full 0 (0) 
[2025-10-15T06:04:27.076-0700][1246 ][debug][gc,remset   ] GC(414) Coarsening (all): Inline->AoC 13109985 (383) AoC->Howl 290024 (1008) Howl->Full 0 (0) Inline->AoC 1153611 (308) AoC->BitMap 305579 (807) BitMap->Full 10 (0) 
[2025-10-15T06:04:27.076-0700][1246 ][info ][gc,heap     ] GC(414) Eden regions: 1899->0(2561)
[2025-10-15T06:04:27.076-0700][1246 ][info ][gc,heap     ] GC(414) Survivor regions: 210->151(264)
[2025-10-15T06:04:27.076-0700][1246 ][info ][gc,heap     ] GC(414) Old regions: 1071->1079
[2025-10-15T06:04:27.076-0700][1246 ][info ][gc,heap     ] GC(414) Humongous regions: 10->0
[2025-10-15T06:04:27.076-0700][1246 ][info ][gc,metaspace] GC(414) Metaspace: 320775K(327680K)->320775K(327680K) NonClass: 283435K(287168K)->283435K(287168K) Class: 37339K(40512K)->37339K(40512K)
[2025-10-15T06:04:27.076-0700][1246 ][info ][gc          ] GC(414) Pause Young (Mixed) (G1 Evacuation Pause) 102056M->39322M(184320M) 173.354ms
[2025-10-15T06:04:27.077-0700][1246 ][info ][gc,cpu      ] GC(414) User=17.09s Sys=0.30s Real=0.17s
[2025-10-15T06:04:27.078-0700][1246 ][info ][safepoint   ] Safepoint "G1CollectForAllocation", Time since last: 7706501422 ns, Reaching safepoint: 871093 ns, Cleanup: 33961 ns, At safepoint: 176778875 ns, Total: 177683929 ns
[2025-10-15T06:04:32.079-0700][1246 ][info ][safepoint   ] Safepoint "Cleanup", Time since last: 5000338455 ns, Reaching safepoint: 693435 ns, Cleanup: 10776 ns, At safepoint: 165589 ns, Total: 869800 ns
[2025-10-15T06:04:36.081-0700][1246 ][info ][safepoint   ] Safepoint "Cleanup", Time since last: 4000245488 ns, Reaching safepoint: 1136163 ns, Cleanup: 12639 ns, At safepoint: 814788 ns, Total: 1963590 ns
[2025-10-15T06:04:37.083-0700][1246 ][info ][safepoint   ] Safepoint "Cleanup", Time since last: 1000112857 ns, Reaching safepoint: 901859 ns, Cleanup: 24907 ns, At safepoint: 457480 ns, Total: 1384246 ns
[2025-10-15T06:04:42.670-0700][1246 ][info ][gc,start    ] GC(415) Pause Young (Mixed) (G1 Evacuation Pause)
[2025-10-15T06:04:42.670-0700][1246 ][info ][gc,task     ] GC(415) Using 113 workers of 113 for evacuation
[2025-10-15T06:04:42.685-0700][1246 ][debug][gc,remset   ] GC(415) Visited cards 13816832 Total dirty 64225280 (21.51%) Total old 439418880 (3.14%)
[2025-10-15T06:04:42.825-0700][1246 ][info ][gc,phases   ] GC(415)   Pre Evacuate Collection Set: 0.7ms
[2025-10-15T06:04:42.825-0700][1246 ][info ][gc,phases   ] GC(415)   Merge Heap Roots: 14.4ms
[2025-10-15T06:04:42.825-0700][1246 ][info ][gc,phases   ] GC(415)   Evacuate Collection Set: 121.6ms
[2025-10-15T06:04:42.825-0700][1246 ][info ][gc,phases   ] GC(415)   Post Evacuate Collection Set: 18.4ms
[2025-10-15T06:04:42.825-0700][1246 ][info ][gc,phases   ] GC(415)   Other: 0.2ms
[2025-10-15T06:04:42.825-0700][1246 ][debug][gc,remset   ] GC(415) Coarsening (recent): Inline->AoC 57583 (0) AoC->Howl 424 (0) Howl->Full 0 (0) Inline->AoC 1314 (0) AoC->BitMap 306 (0) BitMap->Full 0 (0) 
[2025-10-15T06:04:42.825-0700][1246 ][debug][gc,remset   ] GC(415) Coarsening (all): Inline->AoC 13167568 (383) AoC->Howl 290448 (1008) Howl->Full 0 (0) Inline->AoC 1154925 (308) AoC->BitMap 305885 (807) BitMap->Full 10 (0) 
[2025-10-15T06:04:42.825-0700][1246 ][info ][gc,heap     ] GC(415) Eden regions: 2612->0(2038)
[2025-10-15T06:04:42.825-0700][1246 ][info ][gc,heap     ] GC(415) Survivor regions: 151->188(346)
[2025-10-15T06:04:42.825-0700][1246 ][info ][gc,heap     ] GC(415) Old regions: 1079->1007
[2025-10-15T06:04:42.825-0700][1246 ][info ][gc,heap     ] GC(415) Humongous regions: 12->0
[2025-10-15T06:04:42.825-0700][1246 ][info ][gc,metaspace] GC(415) Metaspace: 320788K(327680K)->320788K(327680K) NonClass: 283447K(287168K)->283447K(287168K) Class: 37340K(40512K)->37340K(40512K)
[2025-10-15T06:04:42.825-0700][1246 ][info ][gc          ] GC(415) Pause Young (Mixed) (G1 Evacuation Pause) 123290M->38208M(184320M) 155.537ms
[2025-10-15T06:04:42.826-0700][1246 ][info ][gc,cpu      ] GC(415) User=15.06s Sys=0.40s Real=0.15s
[2025-10-15T06:04:42.827-0700][1246 ][info ][safepoint   ] Safepoint "G1CollectForAllocation", Time since last: 5584505377 ns, Reaching safepoint: 943081 ns, Cleanup: 7512 ns, At safepoint: 159034702 ns, Total: 159985295 ns
[2025-10-15T06:04:47.829-0700][1246 ][info ][safepoint   ] Safepoint "Cleanup", Time since last: 5000324093 ns, Reaching safepoint: 704542 ns, Cleanup: 16615 ns, At safepoint: 148614 ns, Total: 869771 ns
[2025-10-15T06:04:48.830-0700][1246 ][info ][safepoint   ] Safepoint "Cleanup", Time since last: 1000096502 ns, Reaching safepoint: 752424 ns, Cleanup: 10066 ns, At safepoint: 105228 ns, Total: 867718 ns
[2025-10-15T06:04:52.831-0700][1246 ][info ][safepoint   ] Safepoint "Cleanup", Time since last: 4000274382 ns, Reaching safepoint: 901598 ns, Cleanup: 13941 ns, At safepoint: 155034 ns, Total: 1070573 ns
[2025-10-15T06:04:55.832-0700][1246 ][info ][safepoint   ] Safepoint "Cleanup", Time since last: 3000233533 ns, Reaching safepoint: 751172 ns, Cleanup: 12619 ns, At safepoint: 382096 ns, Total: 1145887 ns
[2025-10-15T06:04:56.199-0700][1246 ][info ][gc,start    ] GC(416) Pause Young (Mixed) (G1 Evacuation Pause)
[2025-10-15T06:04:56.199-0700][1246 ][info ][gc,task     ] GC(416) Using 113 workers of 113 for evacuation
[2025-10-15T06:04:56.212-0700][1246 ][debug][gc,remset   ] GC(416) Visited cards 14391808 Total dirty 60293120 (23.87%) Total old 400883712 (3.59%)
[2025-10-15T06:04:56.370-0700][1246 ][info ][gc,phases   ] GC(416)   Pre Evacuate Collection Set: 0.7ms
[2025-10-15T06:04:56.370-0700][1246 ][info ][gc,phases   ] GC(416)   Merge Heap Roots: 12.3ms
[2025-10-15T06:04:56.370-0700][1246 ][info ][gc,phases   ] GC(416)   Evacuate Collection Set: 143.1ms
[2025-10-15T06:04:56.370-0700][1246 ][info ][gc,phases   ] GC(416)   Post Evacuate Collection Set: 15.0ms
[2025-10-15T06:04:56.370-0700][1246 ][info ][gc,phases   ] GC(416)   Other: 0.2ms
[2025-10-15T06:04:56.370-0700][1246 ][debug][gc,remset   ] GC(416) Coarsening (recent): Inline->AoC 43552 (1) AoC->Howl 332 (0) Howl->Full 0 (0) Inline->AoC 1406 (0) AoC->BitMap 242 (0) BitMap->Full 0 (0) 
[2025-10-15T06:04:56.370-0700][1246 ][debug][gc,remset   ] GC(416) Coarsening (all): Inline->AoC 13211120 (384) AoC->Howl 290780 (1008) Howl->Full 0 (0) Inline->AoC 1156331 (308) AoC->BitMap 306127 (807) BitMap->Full 10 (0) 
[2025-10-15T06:04:56.370-0700][1246 ][info ][gc,heap     ] GC(416) Eden regions: 2317->0(2186)
[2025-10-15T06:04:56.370-0700][1246 ][info ][gc,heap     ] GC(416) Survivor regions: 188->179(314)
[2025-10-15T06:04:56.370-0700][1246 ][info ][gc,heap     ] GC(416) Old regions: 1007->965
[2025-10-15T06:04:56.370-0700][1246 ][info ][gc,heap     ] GC(416) Humongous regions: 12->0
[2025-10-15T06:04:56.370-0700][1246 ][info ][gc,metaspace] GC(416) Metaspace: 320830K(327680K)->320830K(327680K) NonClass: 283485K(287168K)->283485K(287168K) Class: 37344K(40512K)->37344K(40512K)
[2025-10-15T06:04:56.370-0700][1246 ][info ][gc          ] GC(416) Pause Young (Mixed) (G1 Evacuation Pause) 112736M->36571M(184320M) 171.517ms
[2025-10-15T06:04:56.371-0700][1246 ][info ][gc,cpu      ] GC(416) User=16.20s Sys=0.26s Real=0.17s
[2025-10-15T06:04:56.372-0700][1246 ][info ][safepoint   ] Safepoint "G1CollectForAllocation", Time since last: 364276143 ns, Reaching safepoint: 918244 ns, Cleanup: 4727 ns, At safepoint: 174961686 ns, Total: 175884657 ns
[2025-10-15T06:05:03.399-0700][1246 ][info ][safepoint   ] Safepoint "Cleanup", Time since last: 7025004175 ns, Reaching safepoint: 1034860 ns, Cleanup: 24116 ns, At safepoint: 743921 ns, Total: 1802897 ns
[2025-10-15T06:05:04.402-0700][1246 ][info ][safepoint   ] Safepoint "Cleanup", Time since last: 1000131007 ns, Reaching safepoint: 885074 ns, Cleanup: 12249 ns, At safepoint: 1309603 ns, Total: 2206926 ns
[2025-10-15T06:05:06.403-0700][1246 ][info ][safepoint   ] Safepoint "Cleanup", Time since last: 2000243446 ns, Reaching safepoint: 869581 ns, Cleanup: 10896 ns, At safepoint: 311560 ns, Total: 1192037 ns
[2025-10-15T06:05:07.405-0700][1246 ][info ][safepoint   ] Safepoint "Cleanup", Time since last: 1000127481 ns, Reaching safepoint: 911624 ns, Cleanup: 21413 ns, At safepoint: 420563 ns, Total: 1353600 ns
[2025-10-15T06:05:09.406-0700][1246 ][info ][safepoint   ] Safepoint "Cleanup", Time since last: 2000197948 ns, Reaching safepoint: 956321 ns, Cleanup: 31938 ns, At safepoint: 465412 ns, Total: 1453671 ns
[2025-10-15T06:05:10.408-0700][1246 ][info ][safepoint   ] Safepoint "Cleanup", Time since last: 1000123986 ns, Reaching safepoint: 832735 ns, Cleanup: 20411 ns, At safepoint: 580054 ns, Total: 1433200 ns
[2025-10-15T06:05:12.058-0700][1246 ][info ][gc,start    ] GC(417) Pause Young (Mixed) (G1 Evacuation Pause)
[2025-10-15T06:05:12.058-0700][1246 ][info ][gc,task     ] GC(417) Using 113 workers of 113 for evacuation
[2025-10-15T06:05:12.073-0700][1246 ][debug][gc,remset   ] GC(417) Visited cards 15965184 Total dirty 57999360 (27.53%) Total old 411566080 (3.88%)
[2025-10-15T06:05:12.236-0700][1246 ][info ][gc,phases   ] GC(417)   Pre Evacuate Collection Set: 0.8ms
[2025-10-15T06:05:12.236-0700][1246 ][info ][gc,phases   ] GC(417)   Merge Heap Roots: 13.9ms
[2025-10-15T06:05:12.236-0700][1246 ][info ][gc,phases   ] GC(417)   Evacuate Collection Set: 147.3ms
[2025-10-15T06:05:12.236-0700][1246 ][info ][gc,phases   ] GC(417)   Post Evacuate Collection Set: 15.7ms
[2025-10-15T06:05:12.236-0700][1246 ][info ][gc,phases   ] GC(417)   Other: 0.2ms
[2025-10-15T06:05:12.236-0700][1246 ][debug][gc,remset   ] GC(417) Coarsening (recent): Inline->AoC 46884 (0) AoC->Howl 310 (0) Howl->Full 0 (0) Inline->AoC 1139 (0) AoC->BitMap 241 (0) BitMap->Full 0 (0) 
[2025-10-15T06:05:12.236-0700][1246 ][debug][gc,remset   ] GC(417) Coarsening (all): Inline->AoC 13258004 (384) AoC->Howl 291090 (1008) Howl->Full 0 (0) Inline->AoC 1157470 (308) AoC->BitMap 306368 (807) BitMap->Full 10 (0) 
[2025-10-15T06:05:12.236-0700][1246 ][info ][gc,heap     ] GC(417) Eden regions: 2431->0(2771)
[2025-10-15T06:05:12.236-0700][1246 ][info ][gc,heap     ] GC(417) Survivor regions: 179->220(327)
[2025-10-15T06:05:12.236-0700][1246 ][info ][gc,heap     ] GC(417) Old regions: 965->904
[2025-10-15T06:05:12.236-0700][1246 ][info ][gc,heap     ] GC(417) Humongous regions: 12->0
[2025-10-15T06:05:12.236-0700][1246 ][info ][gc,metaspace] GC(417) Metaspace: 321034K(327872K)->321034K(327872K) NonClass: 283663K(287360K)->283663K(287360K) Class: 37371K(40512K)->37371K(40512K)
[2025-10-15T06:05:12.236-0700][1246 ][info ][gc          ] GC(417) Pause Young (Mixed) (G1 Evacuation Pause) 114747M->35943M(184320M) 178.107ms
[2025-10-15T06:05:12.237-0700][1246 ][info ][gc,cpu      ] GC(417) User=17.32s Sys=0.44s Real=0.18s
[2025-10-15T06:05:12.238-0700][1246 ][info ][safepoint   ] Safepoint "G1CollectForAllocation", Time since last: 1648115584 ns, Reaching safepoint: 886546 ns, Cleanup: 11708 ns, At safepoint: 181660150 ns, Total: 182558404 ns
[2025-10-15T06:05:19.240-0700][1246 ][info ][safepoint   ] Safepoint "Cleanup", Time since last: 7000458167 ns, Reaching safepoint: 840247 ns, Cleanup: 19629 ns, At safepoint: 255075 ns, Total: 1114951 ns
[2025-10-15T06:05:24.241-0700][1246 ][info ][safepoint   ] Safepoint "Cleanup", Time since last: 5000298607 ns, Reaching safepoint: 858404 ns, Cleanup: 12078 ns, At safepoint: 323498 ns, Total: 1193980 ns
[2025-10-15T06:05:25.936-0700][1246 ][info ][gc,start    ] GC(418) Pause Young (Normal) (G1 Evacuation Pause)
[2025-10-15T06:05:25.936-0700][1246 ][info ][gc,task     ] GC(418) Using 113 workers of 113 for evacuation
[2025-10-15T06:05:25.950-0700][1246 ][debug][gc,remset   ] GC(418) Visited cards 8972544 Total dirty 54657024 (16.42%) Total old 456327168 (1.97%)
[2025-10-15T06:05:26.130-0700][1246 ][info ][gc,phases   ] GC(418)   Pre Evacuate Collection Set: 0.7ms
[2025-10-15T06:05:26.130-0700][1246 ][info ][gc,phases   ] GC(418)   Merge Heap Roots: 13.6ms
[2025-10-15T06:05:26.130-0700][1246 ][info ][gc,phases   ] GC(418)   Evacuate Collection Set: 165.4ms
[2025-10-15T06:05:26.130-0700][1246 ][info ][gc,phases   ] GC(418)   Post Evacuate Collection Set: 14.2ms
[2025-10-15T06:05:26.130-0700][1246 ][info ][gc,phases   ] GC(418)   Other: 0.2ms
[2025-10-15T06:05:26.130-0700][1246 ][debug][gc,remset   ] GC(418) Coarsening (recent): Inline->AoC 35366 (1) AoC->Howl 77 (0) Howl->Full 0 (0) Inline->AoC 398 (1) AoC->BitMap 27 (2) BitMap->Full 0 (0) 
[2025-10-15T06:05:26.130-0700][1246 ][debug][gc,remset   ] GC(418) Coarsening (all): Inline->AoC 13293370 (385) AoC->Howl 291167 (1008) Howl->Full 0 (0) Inline->AoC 1157868 (309) AoC->BitMap 306395 (809) BitMap->Full 10 (0) 
[2025-10-15T06:05:26.130-0700][1246 ][info ][gc,heap     ] GC(418) Eden regions: 2803->0(2612)
[2025-10-15T06:05:26.130-0700][1246 ][info ][gc,heap     ] GC(418) Survivor regions: 220->228(378)
[2025-10-15T06:05:26.130-0700][1246 ][info ][gc,heap     ] GC(418) Old regions: 904->936
[2025-10-15T06:05:26.130-0700][1246 ][info ][gc,heap     ] GC(418) Humongous regions: 13->0
[2025-10-15T06:05:26.130-0700][1246 ][info ][gc,metaspace] GC(418) Metaspace: 321202K(328128K)->321202K(328128K) NonClass: 283809K(287552K)->283809K(287552K) Class: 37393K(40576K)->37393K(40576K)
[2025-10-15T06:05:26.130-0700][1246 ][info ][gc          ] GC(418) Pause Young (Normal) (G1 Evacuation Pause) 126055M->37223M(184320M) 194.275ms
[2025-10-15T06:05:26.131-0700][1246 ][info ][gc,cpu      ] GC(418) User=18.18s Sys=0.17s Real=0.20s
[2025-10-15T06:05:26.132-0700][1246 ][info ][safepoint   ] Safepoint "G1CollectForAllocation", Time since last: 1691836416 ns, Reaching safepoint: 1063342 ns, Cleanup: 7141 ns, At safepoint: 197821617 ns, Total: 198892100 ns
[2025-10-15T06:05:33.134-0700][1246 ][info ][safepoint   ] Safepoint "Cleanup", Time since last: 7000490095 ns, Reaching safepoint: 914709 ns, Cleanup: 19990 ns, At safepoint: 285320 ns, Total: 1220019 ns
[2025-10-15T06:05:39.136-0700][1246 ][info ][safepoint   ] Safepoint "Cleanup", Time since last: 6000368833 ns, Reaching safepoint: 903081 ns, Cleanup: 29004 ns, At safepoint: 308004 ns, Total: 1240089 ns
[2025-10-15T06:05:41.161-0700][1246 ][info ][safepoint   ] Safepoint "Cleanup", Time since last: 2000161993 ns, Reaching safepoint: 23010679 ns, Cleanup: 19610 ns, At safepoint: 1767904 ns, Total: 24798193 ns
[2025-10-15T06:05:42.163-0700][1246 ][info ][gc,start    ] GC(419) Pause Young (Normal) (G1 Evacuation Pause)
[2025-10-15T06:05:42.163-0700][1246 ][info ][gc,task     ] GC(419) Using 113 workers of 113 for evacuation
[2025-10-15T06:05:42.177-0700][1246 ][debug][gc,remset   ] GC(419) Visited cards 9120512 Total dirty 56426496 (16.16%) Total old 442433536 (2.06%)
[2025-10-15T06:05:42.332-0700][1246 ][info ][gc,phases   ] GC(419)   Pre Evacuate Collection Set: 0.7ms
[2025-10-15T06:05:42.332-0700][1246 ][info ][gc,phases   ] GC(419)   Merge Heap Roots: 12.8ms
[2025-10-15T06:05:42.332-0700][1246 ][info ][gc,phases   ] GC(419)   Evacuate Collection Set: 138.6ms
[2025-10-15T06:05:42.332-0700][1246 ][info ][gc,phases   ] GC(419)   Post Evacuate Collection Set: 16.2ms
[2025-10-15T06:05:42.332-0700][1246 ][info ][gc,phases   ] GC(419)   Other: 0.2ms
[2025-10-15T06:05:42.332-0700][1246 ][debug][gc,remset   ] GC(419) Coarsening (recent): Inline->AoC 40306 (0) AoC->Howl 222 (2) Howl->Full 0 (0) Inline->AoC 826 (0) AoC->BitMap 179 (0) BitMap->Full 0 (0) 
[2025-10-15T06:05:42.332-0700][1246 ][debug][gc,remset   ] GC(419) Coarsening (all): Inline->AoC 13333676 (385) AoC->Howl 291389 (1010) Howl->Full 0 (0) Inline->AoC 1158694 (309) AoC->BitMap 306574 (809) BitMap->Full 10 (0) 
[2025-10-15T06:05:42.332-0700][1246 ][info ][gc,heap     ] GC(419) Eden regions: 2674->0(2936)
[2025-10-15T06:05:42.332-0700][1246 ][info ][gc,heap     ] GC(419) Survivor regions: 228->211(363)
[2025-10-15T06:05:42.332-0700][1246 ][info ][gc,heap     ] GC(419) Old regions: 936->966
[2025-10-15T06:05:42.332-0700][1246 ][info ][gc,heap     ] GC(419) Humongous regions: 11->0
[2025-10-15T06:05:42.332-0700][1246 ][info ][gc,metaspace] GC(419) Metaspace: 321336K(328320K)->321336K(328320K) NonClass: 283926K(287680K)->283926K(287680K) Class: 37409K(40640K)->37409K(40640K)
[2025-10-15T06:05:42.332-0700][1246 ][info ][gc          ] GC(419) Pause Young (Normal) (G1 Evacuation Pause) 123143M->37651M(184320M) 168.632ms
[2025-10-15T06:05:42.333-0700][1246 ][info ][gc,cpu      ] GC(419) User=16.60s Sys=0.33s Real=0.17s
[2025-10-15T06:05:42.334-0700][1246 ][info ][safepoint   ] Safepoint "G1CollectForAllocation", Time since last: 1000786375 ns, Reaching safepoint: 892635 ns, Cleanup: 5348 ns, At safepoint: 172292062 ns, Total: 173190045 ns
[2025-10-15T06:05:43.337-0700][1246 ][info ][safepoint   ] Safepoint "Cleanup", Time since last: 1000077756 ns, Reaching safepoint: 1485980 ns, Cleanup: 9975 ns, At safepoint: 488366 ns, Total: 1984321 ns
[2025-10-15T06:05:45.338-0700][1246 ][info ][safepoint   ] Safepoint "Cleanup", Time since last: 2000163165 ns, Reaching safepoint: 786756 ns, Cleanup: 11136 ns, At safepoint: 227654 ns, Total: 1025546 ns
[2025-10-15T06:05:58.947-0700][1246 ][info ][gc,start    ] GC(420) Pause Young (Normal) (G1 Evacuation Pause)
[2025-10-15T06:05:58.947-0700][1246 ][info ][gc,task     ] GC(420) Using 113 workers of 113 for evacuation
[2025-10-15T06:05:58.962-0700][1246 ][debug][gc,remset   ] GC(420) Visited cards 9243904 Total dirty 57933824 (15.96%) Total old 486342656 (1.90%)
[2025-10-15T06:05:59.123-0700][1246 ][info ][gc,phases   ] GC(420)   Pre Evacuate Collection Set: 0.7ms
[2025-10-15T06:05:59.123-0700][1246 ][info ][gc,phases   ] GC(420)   Merge Heap Roots: 13.7ms
[2025-10-15T06:05:59.123-0700][1246 ][info ][gc,phases   ] GC(420)   Evacuate Collection Set: 145.2ms
[2025-10-15T06:05:59.123-0700][1246 ][info ][gc,phases   ] GC(420)   Post Evacuate Collection Set: 15.6ms
[2025-10-15T06:05:59.123-0700][1246 ][info ][gc,phases   ] GC(420)   Other: 0.2ms
[2025-10-15T06:05:59.123-0700][1246 ][debug][gc,remset   ] GC(420) Coarsening (recent): Inline->AoC 41306 (10) AoC->Howl 145 (33) Howl->Full 0 (0) Inline->AoC 454 (8) AoC->BitMap 77 (23) BitMap->Full 0 (0) 
[2025-10-15T06:05:59.123-0700][1246 ][debug][gc,remset   ] GC(420) Coarsening (all): Inline->AoC 13374982 (395) AoC->Howl 291534 (1043) Howl->Full 0 (0) Inline->AoC 1159148 (317) AoC->BitMap 306651 (832) BitMap->Full 10 (0) 
[2025-10-15T06:05:59.123-0700][1246 ][info ][gc,heap     ] GC(420) Eden regions: 3008->0(2417)
[2025-10-15T06:05:59.123-0700][1246 ][info ][gc,heap     ] GC(420) Survivor regions: 211->249(403)
[2025-10-15T06:05:59.123-0700][1246 ][info ][gc,heap     ] GC(420) Old regions: 966->966
[2025-10-15T06:05:59.123-0700][1246 ][info ][gc,heap     ] GC(420) Humongous regions: 17->0
[2025-10-15T06:05:59.123-0700][1246 ][info ][gc,metaspace] GC(420) Metaspace: 321378K(328384K)->321378K(328384K) NonClass: 283964K(287744K)->283964K(287744K) Class: 37414K(40640K)->37414K(40640K)
[2025-10-15T06:05:59.123-0700][1246 ][info ][gc          ] GC(420) Pause Young (Normal) (G1 Evacuation Pause) 134451M->38862M(184320M) 175.571ms
[2025-10-15T06:05:59.124-0700][1246 ][info ][gc,cpu      ] GC(420) User=17.89s Sys=0.23s Real=0.18s
[2025-10-15T06:05:59.125-0700][1246 ][info ][safepoint   ] Safepoint "G1CollectForAllocation", Time since last: 13607401849 ns, Reaching safepoint: 948349 ns, Cleanup: 7201 ns, At safepoint: 179019580 ns, Total: 179975130 ns
[2025-10-15T06:06:01.127-0700][1246 ][info ][safepoint   ] Safepoint "Cleanup", Time since last: 2000138378 ns, Reaching safepoint: 933376 ns, Cleanup: 13020 ns, At safepoint: 321224 ns, Total: 1267620 ns
[2025-10-15T06:06:05.438-0700][1246 ][info ][safepoint   ] Safepoint "Cleanup", Time since last: 4296296139 ns, Reaching safepoint: 12477264 ns, Cleanup: 14752 ns, At safepoint: 2334318 ns, Total: 14826334 ns
[2025-10-15T06:06:10.282-0700][1246 ][info ][gc,start    ] GC(421) Pause Young (Normal) (G1 Evacuation Pause)
[2025-10-15T06:06:10.282-0700][1246 ][info ][gc,task     ] GC(421) Using 113 workers of 113 for evacuation
[2025-10-15T06:06:10.296-0700][1246 ][debug][gc,remset   ] GC(421) Visited cards 9255424 Total dirty 57933824 (15.98%) Total old 442105856 (2.09%)
[2025-10-15T06:06:10.485-0700][1246 ][info ][gc,mmu      ] GC(421) MMU target violated: 201.0ms (200.0ms/201.0ms)
[2025-10-15T06:06:10.485-0700][1246 ][info ][gc,phases   ] GC(421)   Pre Evacuate Collection Set: 0.7ms
[2025-10-15T06:06:10.485-0700][1246 ][info ][gc,phases   ] GC(421)   Merge Heap Roots: 13.8ms
[2025-10-15T06:06:10.485-0700][1246 ][info ][gc,phases   ] GC(421)   Evacuate Collection Set: 174.4ms
[2025-10-15T06:06:10.485-0700][1246 ][info ][gc,phases   ] GC(421)   Post Evacuate Collection Set: 14.1ms
[2025-10-15T06:06:10.485-0700][1246 ][info ][gc,phases   ] GC(421)   Other: 0.2ms
[2025-10-15T06:06:10.485-0700][1246 ][debug][gc,remset   ] GC(421) Coarsening (recent): Inline->AoC 16711 (3) AoC->Howl 29 (1) Howl->Full 0 (0) Inline->AoC 125 (0) AoC->BitMap 15 (1) BitMap->Full 0 (0) 
[2025-10-15T06:06:10.485-0700][1246 ][debug][gc,remset   ] GC(421) Coarsening (all): Inline->AoC 13391693 (398) AoC->Howl 291563 (1044) Howl->Full 0 (0) Inline->AoC 1159273 (317) AoC->BitMap 306666 (833) BitMap->Full 10 (0) 
[2025-10-15T06:06:10.485-0700][1246 ][info ][gc,heap     ] GC(421) Eden regions: 2636->0(2600)
[2025-10-15T06:06:10.485-0700][1246 ][info ][gc,heap     ] GC(421) Survivor regions: 249->230(361)
[2025-10-15T06:06:10.485-0700][1246 ][info ][gc,heap     ] GC(421) Old regions: 966->1030
[2025-10-15T06:06:10.485-0700][1246 ][info ][gc,heap     ] GC(421) Humongous regions: 10->0
[2025-10-15T06:06:10.485-0700][1246 ][info ][gc,metaspace] GC(421) Metaspace: 321412K(328448K)->321412K(328448K) NonClass: 283997K(287808K)->283997K(287808K) Class: 37415K(40640K)->37415K(40640K)
[2025-10-15T06:06:10.485-0700][1246 ][info ][gc          ] GC(421) Pause Young (Normal) (G1 Evacuation Pause) 123534M->40313M(184320M) 203.380ms
[2025-10-15T06:06:10.486-0700][1246 ][info ][gc,cpu      ] GC(421) User=19.91s Sys=0.08s Real=0.20s
[2025-10-15T06:06:10.488-0700][1246 ][info ][safepoint   ] Safepoint "G1CollectForAllocation", Time since last: 4842151308 ns, Reaching safepoint: 825294 ns, Cleanup: 17466 ns, At safepoint: 207299391 ns, Total: 208142151 ns
[2025-10-15T06:06:11.490-0700][1246 ][info ][safepoint   ] Safepoint "Cleanup", Time since last: 1000086541 ns, Reaching safepoint: 983211 ns, Cleanup: 18909 ns, At safepoint: 639454 ns, Total: 1641574 ns
[2025-10-15T06:06:18.491-0700][1246 ][info ][safepoint   ] Safepoint "Cleanup", Time since last: 7000475368 ns, Reaching safepoint: 854377 ns, Cleanup: 22174 ns, At safepoint: 177387 ns, Total: 1053938 ns
[2025-10-15T06:06:21.492-0700][1246 ][info ][safepoint   ] Safepoint "Cleanup", Time since last: 3000177468 ns, Reaching safepoint: 877954 ns, Cleanup: 13099 ns, At safepoint: 224919 ns, Total: 1115972 ns
[2025-10-15T06:06:24.564-0700][1246 ][info ][gc,start    ] GC(422) Pause Young (Normal) (G1 Evacuation Pause)
[2025-10-15T06:06:24.564-0700][1246 ][info ][gc,task     ] GC(422) Using 113 workers of 113 for evacuation
[2025-10-15T06:06:24.578-0700][1246 ][debug][gc,remset   ] GC(422) Visited cards 9064448 Total dirty 61669376 (14.70%) Total old 453181440 (2.00%)
[2025-10-15T06:06:24.746-0700][1246 ][info ][gc,phases   ] GC(422)   Pre Evacuate Collection Set: 0.8ms
[2025-10-15T06:06:24.746-0700][1246 ][info ][gc,phases   ] GC(422)   Merge Heap Roots: 12.7ms
[2025-10-15T06:06:24.746-0700][1246 ][info ][gc,phases   ] GC(422)   Evacuate Collection Set: 153.8ms
[2025-10-15T06:06:24.746-0700][1246 ][info ][gc,phases   ] GC(422)   Post Evacuate Collection Set: 14.4ms
[2025-10-15T06:06:24.746-0700][1246 ][info ][gc,phases   ] GC(422)   Other: 0.2ms
[2025-10-15T06:06:24.746-0700][1246 ][debug][gc,remset   ] GC(422) Coarsening (recent): Inline->AoC 37115 (7) AoC->Howl 122 (10) Howl->Full 0 (0) Inline->AoC 352 (6) AoC->BitMap 77 (7) BitMap->Full 0 (0) 
[2025-10-15T06:06:24.746-0700][1246 ][debug][gc,remset   ] GC(422) Coarsening (all): Inline->AoC 13428808 (405) AoC->Howl 291685 (1054) Howl->Full 0 (0) Inline->AoC 1159625 (323) AoC->BitMap 306743 (840) BitMap->Full 10 (0) 
[2025-10-15T06:06:24.746-0700][1246 ][info ][gc,heap     ] GC(422) Eden regions: 2707->0(2983)
[2025-10-15T06:06:24.746-0700][1246 ][info ][gc,heap     ] GC(422) Survivor regions: 230->220(368)
[2025-10-15T06:06:24.746-0700][1246 ][info ][gc,heap     ] GC(422) Old regions: 1030->1064
[2025-10-15T06:06:24.746-0700][1246 ][info ][gc,heap     ] GC(422) Humongous regions: 11->0
[2025-10-15T06:06:24.746-0700][1246 ][info ][gc,metaspace] GC(422) Metaspace: 321463K(328448K)->321463K(328448K) NonClass: 284041K(287808K)->284041K(287808K) Class: 37422K(40640K)->37422K(40640K)
[2025-10-15T06:06:24.746-0700][1246 ][info ][gc          ] GC(422) Pause Young (Normal) (G1 Evacuation Pause) 127289M->41065M(184320M) 182.071ms
[2025-10-15T06:06:24.747-0700][1246 ][info ][gc,cpu      ] GC(422) User=17.08s Sys=0.34s Real=0.18s
[2025-10-15T06:06:24.749-0700][1246 ][info ][safepoint   ] Safepoint "G1CollectForAllocation", Time since last: 3069316638 ns, Reaching safepoint: 1079407 ns, Cleanup: 8593 ns, At safepoint: 185621300 ns, Total: 186709300 ns
[2025-10-15T06:06:27.750-0700][1246 ][info ][safepoint   ] Safepoint "Cleanup", Time since last: 3000235055 ns, Reaching safepoint: 785113 ns, Cleanup: 15874 ns, At safepoint: 94963 ns, Total: 895950 ns
[2025-10-15T06:06:36.751-0700][1246 ][info ][safepoint   ] Safepoint "Cleanup", Time since last: 9000606887 ns, Reaching safepoint: 787257 ns, Cleanup: 11036 ns, At safepoint: 132900 ns, Total: 931193 ns
[2025-10-15T06:06:37.753-0700][1246 ][info ][safepoint   ] Safepoint "Cleanup", Time since last: 1000072159 ns, Reaching safepoint: 782570 ns, Cleanup: 11898 ns, At safepoint: 588477 ns, Total: 1382945 ns
[2025-10-15T06:06:38.754-0700][1246 ][info ][safepoint   ] Safepoint "Cleanup", Time since last: 1000113050 ns, Reaching safepoint: 865855 ns, Cleanup: 12870 ns, At safepoint: 309055 ns, Total: 1187780 ns
[2025-10-15T06:06:39.757-0700][1246 ][info ][safepoint   ] Safepoint "Cleanup", Time since last: 1000126301 ns, Reaching safepoint: 1036031 ns, Cleanup: 15053 ns, At safepoint: 1624789 ns, Total: 2675873 ns
[2025-10-15T06:06:42.462-0700][1246 ][info ][gc,start    ] GC(423) Pause Young (Normal) (G1 Evacuation Pause)
[2025-10-15T06:06:42.462-0700][1246 ][info ][gc,task     ] GC(423) Using 113 workers of 113 for evacuation
[2025-10-15T06:06:42.477-0700][1246 ][debug][gc,remset   ] GC(423) Visited cards 8002560 Total dirty 62062592 (12.89%) Total old 523829248 (1.53%)
[2025-10-15T06:06:42.651-0700][1246 ][info ][gc,phases   ] GC(423)   Pre Evacuate Collection Set: 0.7ms
[2025-10-15T06:06:42.651-0700][1246 ][info ][gc,phases   ] GC(423)   Merge Heap Roots: 14.1ms
[2025-10-15T06:06:42.651-0700][1246 ][info ][gc,phases   ] GC(423)   Evacuate Collection Set: 160.6ms
[2025-10-15T06:06:42.651-0700][1246 ][info ][gc,phases   ] GC(423)   Post Evacuate Collection Set: 13.2ms
[2025-10-15T06:06:42.651-0700][1246 ][info ][gc,phases   ] GC(423)   Other: 0.2ms
[2025-10-15T06:06:42.651-0700][1246 ][debug][gc,remset   ] GC(423) Coarsening (recent): Inline->AoC 0 (0) AoC->Howl 0 (0) Howl->Full 0 (0) Inline->AoC 0 (0) AoC->BitMap 0 (0) BitMap->Full 0 (0) 
[2025-10-15T06:06:42.651-0700][1246 ][debug][gc,remset   ] GC(423) Coarsening (all): Inline->AoC 13428808 (405) AoC->Howl 291685 (1054) Howl->Full 0 (0) Inline->AoC 1159625 (323) AoC->BitMap 306743 (840) BitMap->Full 10 (0) 
[2025-10-15T06:06:42.651-0700][1246 ][info ][gc,heap     ] GC(423) Eden regions: 3236->0(1832)
[2025-10-15T06:06:42.651-0700][1246 ][info ][gc,heap     ] GC(423) Survivor regions: 220->260(432)
[2025-10-15T06:06:42.651-0700][1246 ][info ][gc,heap     ] GC(423) Old regions: 1064->1064
[2025-10-15T06:06:42.651-0700][1246 ][info ][gc,heap     ] GC(423) Humongous regions: 17->0
[2025-10-15T06:06:42.651-0700][1246 ][info ][gc,metaspace] GC(423) Metaspace: 321574K(328576K)->321574K(328576K) NonClass: 284149K(287936K)->284149K(287936K) Class: 37425K(40640K)->37425K(40640K)
[2025-10-15T06:06:42.651-0700][1246 ][info ][gc          ] GC(423) Pause Young (Normal) (G1 Evacuation Pause) 145161M->42356M(184320M) 188.852ms
[2025-10-15T06:06:42.652-0700][1246 ][info ][gc,cpu      ] GC(423) User=18.23s Sys=0.09s Real=0.19s
[2025-10-15T06:06:42.653-0700][1246 ][info ][safepoint   ] Safepoint "G1CollectForAllocation", Time since last: 2703120754 ns, Reaching safepoint: 897112 ns, Cleanup: 4547 ns, At safepoint: 192412094 ns, Total: 193313753 ns
[2025-10-15T06:06:45.655-0700][1246 ][info ][safepoint   ] Safepoint "Cleanup", Time since last: 3000198069 ns, Reaching safepoint: 924153 ns, Cleanup: 16775 ns, At safepoint: 405261 ns, Total: 1346189 ns
[2025-10-15T06:06:46.656-0700][1246 ][info ][safepoint   ] Safepoint "Cleanup", Time since last: 1000106671 ns, Reaching safepoint: 914579 ns, Cleanup: 10215 ns, At safepoint: 714637 ns, Total: 1639431 ns
[2025-10-15T06:06:51.658-0700][1246 ][info ][safepoint   ] Safepoint "Cleanup", Time since last: 5000364360 ns, Reaching safepoint: 946186 ns, Cleanup: 16125 ns, At safepoint: 309576 ns, Total: 1271887 ns
[2025-10-15T06:06:53.659-0700][1246 ][info ][safepoint   ] Safepoint "Cleanup", Time since last: 2000172020 ns, Reaching safepoint: 827026 ns, Cleanup: 26731 ns, At safepoint: 190737 ns, Total: 1044494 ns
[2025-10-15T06:06:55.660-0700][1246 ][info ][safepoint   ] Safepoint "Cleanup", Time since last: 2000117357 ns, Reaching safepoint: 786326 ns, Cleanup: 23805 ns, At safepoint: 146992 ns, Total: 957123 ns
[2025-10-15T06:06:56.662-0700][1246 ][info ][safepoint   ] Safepoint "Cleanup", Time since last: 1000101313 ns, Reaching safepoint: 885755 ns, Cleanup: 14181 ns, At safepoint: 258740 ns, Total: 1158676 ns
[2025-10-15T06:06:57.663-0700][1246 ][info ][safepoint   ] Safepoint "Cleanup", Time since last: 1000110507 ns, Reaching safepoint: 772765 ns, Cleanup: 14371 ns, At safepoint: 226291 ns, Total: 1013427 ns
[2025-10-15T06:06:57.745-0700][1246 ][info ][gc,start    ] GC(424) Pause Young (Normal) (G1 Evacuation Pause)
[2025-10-15T06:06:57.745-0700][1246 ][info ][gc,task     ] GC(424) Using 113 workers of 113 for evacuation
[2025-10-15T06:06:57.758-0700][1246 ][debug][gc,remset   ] GC(424) Visited cards 7974656 Total dirty 61865984 (12.89%) Total old 422903808 (1.89%)
[2025-10-15T06:06:57.950-0700][1246 ][info ][gc,mmu      ] GC(424) MMU target violated: 201.0ms (200.0ms/201.0ms)
[2025-10-15T06:06:57.950-0700][1246 ][info ][gc,phases   ] GC(424)   Pre Evacuate Collection Set: 0.8ms
[2025-10-15T06:06:57.950-0700][1246 ][info ][gc,phases   ] GC(424)   Merge Heap Roots: 12.1ms
[2025-10-15T06:06:57.950-0700][1246 ][info ][gc,phases   ] GC(424)   Evacuate Collection Set: 179.4ms
[2025-10-15T06:06:57.950-0700][1246 ][info ][gc,phases   ] GC(424)   Post Evacuate Collection Set: 12.6ms
[2025-10-15T06:06:57.950-0700][1246 ][info ][gc,phases   ] GC(424)   Other: 0.2ms
[2025-10-15T06:06:57.950-0700][1246 ][debug][gc,remset   ] GC(424) Coarsening (recent): Inline->AoC 3338 (0) AoC->Howl 8 (0) Howl->Full 0 (0) Inline->AoC 34 (0) AoC->BitMap 5 (0) BitMap->Full 0 (0) 
[2025-10-15T06:06:57.950-0700][1246 ][debug][gc,remset   ] GC(424) Coarsening (all): Inline->AoC 13432146 (405) AoC->Howl 291693 (1054) Howl->Full 0 (0) Inline->AoC 1159659 (323) AoC->BitMap 306748 (840) BitMap->Full 10 (0) 
[2025-10-15T06:06:57.950-0700][1246 ][info ][gc,heap     ] GC(424) Eden regions: 2430->0(3255)
[2025-10-15T06:06:57.950-0700][1246 ][info ][gc,heap     ] GC(424) Survivor regions: 260->201(337)
[2025-10-15T06:06:57.950-0700][1246 ][info ][gc,heap     ] GC(424) Old regions: 1064->1164
[2025-10-15T06:06:57.950-0700][1246 ][info ][gc,heap     ] GC(424) Humongous regions: 9->0
[2025-10-15T06:06:57.950-0700][1246 ][info ][gc,metaspace] GC(424) Metaspace: 321645K(328640K)->321645K(328640K) NonClass: 284213K(288000K)->284213K(288000K) Class: 37432K(40640K)->37432K(40640K)
[2025-10-15T06:06:57.950-0700][1246 ][info ][gc          ] GC(424) Pause Young (Normal) (G1 Evacuation Pause) 120404M->43661M(184320M) 205.168ms
[2025-10-15T06:06:57.951-0700][1246 ][info ][gc,cpu      ] GC(424) User=19.67s Sys=0.00s Real=0.21s
[2025-10-15T06:06:57.952-0700][1246 ][info ][safepoint   ] Safepoint "G1CollectForAllocation", Time since last: 79622299 ns, Reaching safepoint: 1218476 ns, Cleanup: 4818 ns, At safepoint: 208720002 ns, Total: 209943296 ns
[2025-10-15T06:07:00.954-0700][1246 ][info ][safepoint   ] Safepoint "Cleanup", Time since last: 3000220232 ns, Reaching safepoint: 863512 ns, Cleanup: 11818 ns, At safepoint: 231188 ns, Total: 1106518 ns
[2025-10-15T06:07:01.955-0700][1246 ][info ][safepoint   ] Safepoint "Cleanup", Time since last: 1000110577 ns, Reaching safepoint: 839585 ns, Cleanup: 11528 ns, At safepoint: 274263 ns, Total: 1125376 ns
[2025-10-15T06:07:05.447-0700][1246 ][info ][safepoint   ] Safepoint "Cleanup", Time since last: 3490678432 ns, Reaching safepoint: 901329 ns, Cleanup: 13200 ns, At safepoint: 329767 ns, Total: 1244296 ns
[2025-10-15T06:07:06.448-0700][1246 ][info ][safepoint   ] Safepoint "Cleanup", Time since last: 1000110885 ns, Reaching safepoint: 918545 ns, Cleanup: 11016 ns, At safepoint: 499313 ns, Total: 1428874 ns
[2025-10-15T06:07:08.450-0700][1246 ][info ][safepoint   ] Safepoint "Cleanup", Time since last: 2000173162 ns, Reaching safepoint: 867918 ns, Cleanup: 14292 ns, At safepoint: 260292 ns, Total: 1142502 ns
[2025-10-15T06:07:13.451-0700][1246 ][info ][safepoint   ] Safepoint "Cleanup", Time since last: 5000342175 ns, Reaching safepoint: 856621 ns, Cleanup: 12018 ns, At safepoint: 288215 ns, Total: 1156854 ns
[2025-10-15T06:07:15.991-0700][1246 ][info ][gc,start    ] GC(425) Pause Young (Normal) (G1 Evacuation Pause)
[2025-10-15T06:07:15.992-0700][1246 ][info ][gc,task     ] GC(425) Using 113 workers of 113 for evacuation
[2025-10-15T06:07:16.005-0700][1246 ][debug][gc,remset   ] GC(425) Visited cards 7930880 Total dirty 66781184 (11.88%) Total old 530251776 (1.50%)
[2025-10-15T06:07:16.163-0700][1246 ][info ][gc,phases   ] GC(425)   Pre Evacuate Collection Set: 0.8ms
[2025-10-15T06:07:16.163-0700][1246 ][info ][gc,phases   ] GC(425)   Merge Heap Roots: 12.8ms
[2025-10-15T06:07:16.163-0700][1246 ][info ][gc,phases   ] GC(425)   Evacuate Collection Set: 144.5ms
[2025-10-15T06:07:16.163-0700][1246 ][info ][gc,phases   ] GC(425)   Post Evacuate Collection Set: 13.5ms
[2025-10-15T06:07:16.163-0700][1246 ][info ][gc,phases   ] GC(425)   Other: 0.2ms
[2025-10-15T06:07:16.163-0700][1246 ][debug][gc,remset   ] GC(425) Coarsening (recent): Inline->AoC 22889 (0) AoC->Howl 32 (0) Howl->Full 0 (0) Inline->AoC 95 (0) AoC->BitMap 24 (0) BitMap->Full 0 (0) 
[2025-10-15T06:07:16.163-0700][1246 ][debug][gc,remset   ] GC(425) Coarsening (all): Inline->AoC 13455035 (405) AoC->Howl 291725 (1054) Howl->Full 0 (0) Inline->AoC 1159754 (323) AoC->BitMap 306772 (840) BitMap->Full 10 (0) 
[2025-10-15T06:07:16.163-0700][1246 ][info ][gc,heap     ] GC(425) Eden regions: 3255->0(3159)
[2025-10-15T06:07:16.163-0700][1246 ][info ][gc,heap     ] GC(425) Survivor regions: 201->227(432)
[2025-10-15T06:07:16.163-0700][1246 ][info ][gc,heap     ] GC(425) Old regions: 1164->1164
[2025-10-15T06:07:16.163-0700][1246 ][info ][gc,heap     ] GC(425) Humongous regions: 15->0
[2025-10-15T06:07:16.163-0700][1246 ][info ][gc,metaspace] GC(425) Metaspace: 321717K(328832K)->321717K(328832K) NonClass: 284276K(288128K)->284276K(288128K) Class: 37441K(40704K)->37441K(40704K)
[2025-10-15T06:07:16.163-0700][1246 ][info ][gc          ] GC(425) Pause Young (Normal) (G1 Evacuation Pause) 148301M->44496M(184320M) 171.887ms
[2025-10-15T06:07:16.164-0700][1246 ][info ][gc,cpu      ] GC(425) User=16.11s Sys=0.10s Real=0.17s
[2025-10-15T06:07:16.166-0700][1246 ][info ][safepoint   ] Safepoint "G1CollectForAllocation", Time since last: 2537860879 ns, Reaching safepoint: 1251076 ns, Cleanup: 6149 ns, At safepoint: 175367115 ns, Total: 176624340 ns
[2025-10-15T06:07:17.167-0700][1246 ][info ][safepoint   ] Safepoint "Cleanup", Time since last: 1000086847 ns, Reaching safepoint: 742419 ns, Cleanup: 10205 ns, At safepoint: 114352 ns, Total: 866976 ns
[2025-10-15T06:07:24.168-0700][1246 ][info ][safepoint   ] Safepoint "Cleanup", Time since last: 7000486665 ns, Reaching safepoint: 875489 ns, Cleanup: 12910 ns, At safepoint: 221724 ns, Total: 1110123 ns
[2025-10-15T06:07:28.170-0700][1246 ][info ][safepoint   ] Safepoint "Cleanup", Time since last: 4000284873 ns, Reaching safepoint: 815779 ns, Cleanup: 15644 ns, At safepoint: 186230 ns, Total: 1017653 ns
[2025-10-15T06:07:30.171-0700][1246 ][info ][safepoint   ] Safepoint "Cleanup", Time since last: 2000171360 ns, Reaching safepoint: 954138 ns, Cleanup: 15904 ns, At safepoint: 541977 ns, Total: 1512019 ns
[2025-10-15T06:07:31.173-0700][1246 ][info ][safepoint   ] Safepoint "Cleanup", Time since last: 1000118925 ns, Reaching safepoint: 899225 ns, Cleanup: 23946 ns, At safepoint: 324810 ns, Total: 1247981 ns
[2025-10-15T06:07:32.493-0700][1246 ][info ][gc,start    ] GC(426) Pause Young (Normal) (G1 Evacuation Pause)
[2025-10-15T06:07:32.493-0700][1246 ][info ][gc,task     ] GC(426) Using 113 workers of 113 for evacuation
[2025-10-15T06:07:32.507-0700][1246 ][debug][gc,remset   ] GC(426) Visited cards 7941120 Total dirty 66912256 (11.87%) Total old 530579456 (1.50%)
[2025-10-15T06:07:32.677-0700][1246 ][info ][gc,phases   ] GC(426)   Pre Evacuate Collection Set: 0.7ms
[2025-10-15T06:07:32.677-0700][1246 ][info ][gc,phases   ] GC(426)   Merge Heap Roots: 13.1ms
[2025-10-15T06:07:32.677-0700][1246 ][info ][gc,phases   ] GC(426)   Evacuate Collection Set: 158.4ms
[2025-10-15T06:07:32.677-0700][1246 ][info ][gc,phases   ] GC(426)   Post Evacuate Collection Set: 11.9ms
[2025-10-15T06:07:32.677-0700][1246 ][info ][gc,phases   ] GC(426)   Other: 0.2ms
[2025-10-15T06:07:32.677-0700][1246 ][debug][gc,remset   ] GC(426) Coarsening (recent): Inline->AoC 0 (0) AoC->Howl 0 (0) Howl->Full 0 (0) Inline->AoC 0 (0) AoC->BitMap 0 (0) BitMap->Full 0 (0) 
[2025-10-15T06:07:32.677-0700][1246 ][debug][gc,remset   ] GC(426) Coarsening (all): Inline->AoC 13455035 (405) AoC->Howl 291725 (1054) Howl->Full 0 (0) Inline->AoC 1159754 (323) AoC->BitMap 306772 (840) BitMap->Full 10 (0) 
[2025-10-15T06:07:32.677-0700][1246 ][info ][gc,heap     ] GC(426) Eden regions: 3229->0(1883)
[2025-10-15T06:07:32.677-0700][1246 ][info ][gc,heap     ] GC(426) Survivor regions: 227->273(432)
[2025-10-15T06:07:32.677-0700][1246 ][info ][gc,heap     ] GC(426) Old regions: 1164->1164
[2025-10-15T06:07:32.677-0700][1246 ][info ][gc,heap     ] GC(426) Humongous regions: 20->0
[2025-10-15T06:07:32.677-0700][1246 ][info ][gc,metaspace] GC(426) Metaspace: 321757K(328896K)->321757K(328896K) NonClass: 284312K(288192K)->284312K(288192K) Class: 37445K(40704K)->37445K(40704K)
[2025-10-15T06:07:32.677-0700][1246 ][info ][gc          ] GC(426) Pause Young (Normal) (G1 Evacuation Pause) 148464M->45964M(184320M) 184.434ms
[2025-10-15T06:07:32.679-0700][1246 ][info ][gc,cpu      ] GC(426) User=18.77s Sys=0.02s Real=0.19s
[2025-10-15T06:07:32.680-0700][1246 ][info ][safepoint   ] Safepoint "G1CollectForAllocation", Time since last: 1318284952 ns, Reaching safepoint: 891113 ns, Cleanup: 4807 ns, At safepoint: 187970880 ns, Total: 188866800 ns
[2025-10-15T06:07:34.681-0700][1246 ][info ][safepoint   ] Safepoint "Cleanup", Time since last: 2000143768 ns, Reaching safepoint: 836110 ns, Cleanup: 11848 ns, At safepoint: 132109 ns, Total: 980067 ns
[2025-10-15T06:07:44.683-0700][1246 ][info ][safepoint   ] Safepoint "Cleanup", Time since last: 10000647344 ns, Reaching safepoint: 845164 ns, Cleanup: 12669 ns, At safepoint: 250507 ns, Total: 1108340 ns
[2025-10-15T06:07:45.684-0700][1246 ][info ][safepoint   ] Safepoint "Cleanup", Time since last: 1000094559 ns, Reaching safepoint: 839615 ns, Cleanup: 22704 ns, At safepoint: 313022 ns, Total: 1175341 ns
[2025-10-15T06:07:46.380-0700][1246 ][info ][gc,start    ] GC(427) Pause Young (Normal) (G1 Evacuation Pause)
[2025-10-15T06:07:46.380-0700][1246 ][info ][gc,task     ] GC(427) Using 113 workers of 113 for evacuation
[2025-10-15T06:07:46.395-0700][1246 ][debug][gc,remset   ] GC(427) Visited cards 7919104 Total dirty 66846720 (11.85%) Total old 408813568 (1.94%)
[2025-10-15T06:07:46.569-0700][1246 ][info ][gc,phases   ] GC(427)   Pre Evacuate Collection Set: 0.7ms
[2025-10-15T06:07:46.569-0700][1246 ][info ][gc,phases   ] GC(427)   Merge Heap Roots: 13.8ms
[2025-10-15T06:07:46.569-0700][1246 ][info ][gc,phases   ] GC(427)   Evacuate Collection Set: 162.1ms
[2025-10-15T06:07:46.569-0700][1246 ][info ][gc,phases   ] GC(427)   Post Evacuate Collection Set: 12.5ms
[2025-10-15T06:07:46.569-0700][1246 ][info ][gc,phases   ] GC(427)   Other: 0.2ms
[2025-10-15T06:07:46.569-0700][1246 ][debug][gc,remset   ] GC(427) Coarsening (recent): Inline->AoC 262 (0) AoC->Howl 0 (0) Howl->Full 0 (0) Inline->AoC 0 (0) AoC->BitMap 0 (0) BitMap->Full 0 (0) 
[2025-10-15T06:07:46.569-0700][1246 ][debug][gc,remset   ] GC(427) Coarsening (all): Inline->AoC 13455297 (405) AoC->Howl 291725 (1054) Howl->Full 0 (0) Inline->AoC 1159754 (323) AoC->BitMap 306772 (840) BitMap->Full 10 (0) 
[2025-10-15T06:07:46.569-0700][1246 ][info ][gc,heap     ] GC(427) Eden regions: 2256->0(3271)
[2025-10-15T06:07:46.569-0700][1246 ][info ][gc,heap     ] GC(427) Survivor regions: 273->185(317)
[2025-10-15T06:07:46.569-0700][1246 ][info ][gc,heap     ] GC(427) Old regions: 1164->1270
[2025-10-15T06:07:46.569-0700][1246 ][info ][gc,heap     ] GC(427) Humongous regions: 16->0
[2025-10-15T06:07:46.569-0700][1246 ][info ][gc,metaspace] GC(427) Metaspace: 321804K(328960K)->321804K(328960K) NonClass: 284354K(288256K)->284354K(288256K) Class: 37450K(40704K)->37450K(40704K)
[2025-10-15T06:07:46.569-0700][1246 ][info ][gc          ] GC(427) Pause Young (Normal) (G1 Evacuation Pause) 118668M->46514M(184320M) 189.488ms
[2025-10-15T06:07:46.571-0700][1246 ][info ][gc,cpu      ] GC(427) User=19.69s Sys=0.06s Real=0.19s
[2025-10-15T06:07:46.572-0700][1246 ][info ][safepoint   ] Safepoint "G1CollectForAllocation", Time since last: 693992193 ns, Reaching safepoint: 869670 ns, Cleanup: 5328 ns, At safepoint: 192899719 ns, Total: 193774717 ns
[2025-10-15T06:07:49.573-0700][1246 ][info ][safepoint   ] Safepoint "Cleanup", Time since last: 3000233629 ns, Reaching safepoint: 776741 ns, Cleanup: 32349 ns, At safepoint: 133271 ns, Total: 942361 ns
[2025-10-15T06:07:52.508-0700][1246 ][info ][gc,start    ] GC(428) Pause Young (Concurrent Start) (G1 Humongous Allocation)
[2025-10-15T06:07:52.508-0700][1246 ][info ][gc,task     ] GC(428) Using 113 workers of 113 for evacuation
[2025-10-15T06:07:52.523-0700][1246 ][debug][gc,remset   ] GC(428) Visited cards 7818496 Total dirty 71434240 (10.95%) Total old 221446144 (3.53%)
[2025-10-15T06:07:52.650-0700][1246 ][info ][gc,phases   ] GC(428)   Pre Evacuate Collection Set: 0.9ms
[2025-10-15T06:07:52.650-0700][1246 ][info ][gc,phases   ] GC(428)   Merge Heap Roots: 13.8ms
[2025-10-15T06:07:52.650-0700][1246 ][info ][gc,phases   ] GC(428)   Evacuate Collection Set: 115.6ms
[2025-10-15T06:07:52.650-0700][1246 ][info ][gc,phases   ] GC(428)   Post Evacuate Collection Set: 10.9ms
[2025-10-15T06:07:52.650-0700][1246 ][info ][gc,phases   ] GC(428)   Other: 0.1ms
[2025-10-15T06:07:52.650-0700][1246 ][debug][gc,remset   ] GC(428) Coarsening (recent): Inline->AoC 10 (0) AoC->Howl 0 (0) Howl->Full 0 (0) Inline->AoC 0 (0) AoC->BitMap 0 (0) BitMap->Full 0 (0) 
[2025-10-15T06:07:52.650-0700][1246 ][debug][gc,remset   ] GC(428) Coarsening (all): Inline->AoC 13455307 (405) AoC->Howl 291725 (1054) Howl->Full 0 (0) Inline->AoC 1159754 (323) AoC->BitMap 306772 (840) BitMap->Full 10 (0) 
[2025-10-15T06:07:52.650-0700][1246 ][info ][gc,heap     ] GC(428) Eden regions: 867->0(3258)
[2025-10-15T06:07:52.650-0700][1246 ][info ][gc,heap     ] GC(428) Survivor regions: 185->198(432)
[2025-10-15T06:07:52.650-0700][1246 ][info ][gc,heap     ] GC(428) Old regions: 1270->1270
[2025-10-15T06:07:52.650-0700][1246 ][info ][gc,heap     ] GC(428) Humongous regions: 5->0
[2025-10-15T06:07:52.650-0700][1246 ][info ][gc,metaspace] GC(428) Metaspace: 321809K(328960K)->321809K(328960K) NonClass: 284358K(288256K)->284358K(288256K) Class: 37451K(40704K)->37451K(40704K)
[2025-10-15T06:07:52.650-0700][1246 ][info ][gc          ] GC(428) Pause Young (Concurrent Start) (G1 Humongous Allocation) 74412M->46937M(184320M) 141.480ms
[2025-10-15T06:07:52.650-0700][1085 ][info ][gc          ] GC(429) Concurrent Undo Cycle
[2025-10-15T06:07:52.650-0700][1085 ][info ][gc,marking  ] GC(429) Concurrent Clear Claimed Marks
[2025-10-15T06:07:52.651-0700][1246 ][info ][gc,cpu      ] GC(428) User=13.52s Sys=0.06s Real=0.14s
[2025-10-15T06:07:52.651-0700][1085 ][info ][gc,marking  ] GC(429) Concurrent Clear Claimed Marks 0.987ms
[2025-10-15T06:07:52.651-0700][1085 ][info ][gc,marking  ] GC(429) Concurrent Cleanup for Next Mark
[2025-10-15T06:07:52.652-0700][1246 ][info ][safepoint   ] Safepoint "G1TryInitiateConcMark", Time since last: 2933425092 ns, Reaching safepoint: 919446 ns, Cleanup: 6390 ns, At safepoint: 144908381 ns, Total: 145834217 ns
[2025-10-15T06:07:52.653-0700][1085 ][info ][gc,marking  ] GC(429) Concurrent Cleanup for Next Mark 2.233ms
[2025-10-15T06:07:52.653-0700][1085 ][info ][gc          ] GC(429) Concurrent Undo Cycle 3.511ms
[2025-10-15T06:07:54.653-0700][1246 ][info ][safepoint   ] Safepoint "Cleanup", Time since last: 2000149416 ns, Reaching safepoint: 921519 ns, Cleanup: 10396 ns, At safepoint: 160091 ns, Total: 1092006 ns
[2025-10-15T06:07:59.285-0700][1246 ][info ][gc,start    ] GC(430) Pause Young (Concurrent Start) (G1 Humongous Allocation)
[2025-10-15T06:07:59.285-0700][1246 ][info ][gc,task     ] GC(430) Using 113 workers of 113 for evacuation
[2025-10-15T06:07:59.299-0700][1246 ][debug][gc,remset   ] GC(430) Visited cards 8072960 Total dirty 72220672 (11.18%) Total old 273416192 (2.95%)
[2025-10-15T06:07:59.430-0700][1246 ][info ][gc,phases   ] GC(430)   Pre Evacuate Collection Set: 0.9ms
[2025-10-15T06:07:59.430-0700][1246 ][info ][gc,phases   ] GC(430)   Merge Heap Roots: 12.4ms
[2025-10-15T06:07:59.430-0700][1246 ][info ][gc,phases   ] GC(430)   Evacuate Collection Set: 119.8ms
[2025-10-15T06:07:59.430-0700][1246 ][info ][gc,phases   ] GC(430)   Post Evacuate Collection Set: 10.9ms
[2025-10-15T06:07:59.430-0700][1246 ][info ][gc,phases   ] GC(430)   Other: 0.2ms
[2025-10-15T06:07:59.430-0700][1246 ][debug][gc,remset   ] GC(430) Coarsening (recent): Inline->AoC 0 (0) AoC->Howl 0 (0) Howl->Full 0 (0) Inline->AoC 0 (0) AoC->BitMap 0 (0) BitMap->Full 0 (0) 
[2025-10-15T06:07:59.430-0700][1246 ][debug][gc,remset   ] GC(430) Coarsening (all): Inline->AoC 13455307 (405) AoC->Howl 291725 (1054) Howl->Full 0 (0) Inline->AoC 1159754 (323) AoC->BitMap 306772 (840) BitMap->Full 10 (0) 
[2025-10-15T06:07:59.430-0700][1246 ][info ][gc,heap     ] GC(430) Eden regions: 1248->0(3245)
[2025-10-15T06:07:59.430-0700][1246 ][info ][gc,heap     ] GC(430) Survivor regions: 198->211(432)
[2025-10-15T06:07:59.430-0700][1246 ][info ][gc,heap     ] GC(430) Old regions: 1270->1270
[2025-10-15T06:07:59.430-0700][1246 ][info ][gc,heap     ] GC(430) Humongous regions: 10->0
[2025-10-15T06:07:59.430-0700][1246 ][info ][gc,metaspace] GC(430) Metaspace: 321826K(328960K)->321826K(328960K) NonClass: 284373K(288256K)->284373K(288256K) Class: 37452K(40704K)->37452K(40704K)
[2025-10-15T06:07:59.430-0700][1246 ][info ][gc          ] GC(430) Pause Young (Concurrent Start) (G1 Humongous Allocation) 87187M->47353M(184320M) 144.304ms
[2025-10-15T06:07:59.430-0700][1085 ][info ][gc          ] GC(431) Concurrent Undo Cycle
[2025-10-15T06:07:59.430-0700][1085 ][info ][gc,marking  ] GC(431) Concurrent Clear Claimed Marks
[2025-10-15T06:07:59.431-0700][1246 ][info ][gc,cpu      ] GC(430) User=14.31s Sys=0.14s Real=0.15s
[2025-10-15T06:07:59.431-0700][1085 ][info ][gc,marking  ] GC(431) Concurrent Clear Claimed Marks 0.964ms
[2025-10-15T06:07:59.431-0700][1085 ][info ][gc,marking  ] GC(431) Concurrent Cleanup for Next Mark
[2025-10-15T06:07:59.432-0700][1246 ][info ][safepoint   ] Safepoint "G1TryInitiateConcMark", Time since last: 4630147707 ns, Reaching safepoint: 829960 ns, Cleanup: 5008 ns, At safepoint: 147925758 ns, Total: 148760726 ns
[2025-10-15T06:07:59.433-0700][1085 ][info ][gc,marking  ] GC(431) Concurrent Cleanup for Next Mark 2.234ms
[2025-10-15T06:07:59.433-0700][1085 ][info ][gc          ] GC(431) Concurrent Undo Cycle 3.584ms
[2025-10-15T06:08:05.468-0700][1246 ][info ][safepoint   ] Safepoint "Cleanup", Time since last: 6035029909 ns, Reaching safepoint: 839074 ns, Cleanup: 15053 ns, At safepoint: 225560 ns, Total: 1079687 ns
[2025-10-15T06:08:07.470-0700][1246 ][info ][safepoint   ] Safepoint "Cleanup", Time since last: 2000154935 ns, Reaching safepoint: 875850 ns, Cleanup: 11167 ns, At safepoint: 182565 ns, Total: 1069582 ns
[2025-10-15T06:08:11.472-0700][1246 ][info ][safepoint   ] Safepoint "Cleanup", Time since last: 4000297653 ns, Reaching safepoint: 957423 ns, Cleanup: 19539 ns, At safepoint: 885605 ns, Total: 1862567 ns
[2025-10-15T06:08:12.285-0700][1246 ][info ][gc,start    ] GC(432) Pause Young (Concurrent Start) (G1 Humongous Allocation)
[2025-10-15T06:08:12.285-0700][1246 ][info ][gc,task     ] GC(432) Using 113 workers of 113 for evacuation
[2025-10-15T06:08:12.300-0700][1246 ][debug][gc,remset   ] GC(432) Visited cards 8341248 Total dirty 72548352 (11.50%) Total old 418250752 (1.99%)
[2025-10-15T06:08:12.455-0700][1246 ][info ][gc,phases   ] GC(432)   Pre Evacuate Collection Set: 1.0ms
[2025-10-15T06:08:12.455-0700][1246 ][info ][gc,phases   ] GC(432)   Merge Heap Roots: 13.8ms
[2025-10-15T06:08:12.455-0700][1246 ][info ][gc,phases   ] GC(432)   Evacuate Collection Set: 143.1ms
[2025-10-15T06:08:12.455-0700][1246 ][info ][gc,phases   ] GC(432)   Post Evacuate Collection Set: 12.2ms
[2025-10-15T06:08:12.455-0700][1246 ][info ][gc,phases   ] GC(432)   Other: 0.2ms
[2025-10-15T06:08:12.455-0700][1246 ][debug][gc,remset   ] GC(432) Coarsening (recent): Inline->AoC 0 (0) AoC->Howl 0 (0) Howl->Full 0 (0) Inline->AoC 0 (0) AoC->BitMap 0 (0) BitMap->Full 0 (0) 
[2025-10-15T06:08:12.455-0700][1246 ][debug][gc,remset   ] GC(432) Coarsening (all): Inline->AoC 13455307 (405) AoC->Howl 291725 (1054) Howl->Full 0 (0) Inline->AoC 1159754 (323) AoC->BitMap 306772 (840) BitMap->Full 10 (0) 
[2025-10-15T06:08:12.455-0700][1246 ][info ][gc,heap     ] GC(432) Eden regions: 2337->0(3214)
[2025-10-15T06:08:12.455-0700][1246 ][info ][gc,heap     ] GC(432) Survivor regions: 211->242(432)
[2025-10-15T06:08:12.455-0700][1246 ][info ][gc,heap     ] GC(432) Old regions: 1270->1270
[2025-10-15T06:08:12.455-0700][1246 ][info ][gc,heap     ] GC(432) Humongous regions: 16->0
[2025-10-15T06:08:12.455-0700][1246 ][info ][gc,metaspace] GC(432) Metaspace: 321871K(329088K)->321871K(329088K) NonClass: 284414K(288320K)->284414K(288320K) Class: 37457K(40768K)->37457K(40768K)
[2025-10-15T06:08:12.455-0700][1246 ][info ][gc          ] GC(432) Pause Young (Concurrent Start) (G1 Humongous Allocation) 122630M->48351M(184320M) 170.443ms
[2025-10-15T06:08:12.455-0700][1085 ][info ][gc          ] GC(433) Concurrent Undo Cycle
[2025-10-15T06:08:12.455-0700][1085 ][info ][gc,marking  ] GC(433) Concurrent Clear Claimed Marks
[2025-10-15T06:08:12.456-0700][1246 ][info ][gc,cpu      ] GC(432) User=16.50s Sys=0.05s Real=0.17s
[2025-10-15T06:08:12.456-0700][1085 ][info ][gc,marking  ] GC(433) Concurrent Clear Claimed Marks 1.053ms
[2025-10-15T06:08:12.456-0700][1085 ][info ][gc,marking  ] GC(433) Concurrent Cleanup for Next Mark
[2025-10-15T06:08:12.457-0700][1246 ][info ][safepoint   ] Safepoint "G1TryInitiateConcMark", Time since last: 810822574 ns, Reaching safepoint: 930993 ns, Cleanup: 5629 ns, At safepoint: 173959385 ns, Total: 174896007 ns
[2025-10-15T06:08:12.459-0700][1085 ][info ][gc,marking  ] GC(433) Concurrent Cleanup for Next Mark 2.141ms
[2025-10-15T06:08:12.459-0700][1085 ][info ][gc          ] GC(433) Concurrent Undo Cycle 3.558ms
[2025-10-15T06:08:16.459-0700][1246 ][info ][safepoint   ] Safepoint "Cleanup", Time since last: 4000287771 ns, Reaching safepoint: 894578 ns, Cleanup: 15173 ns, At safepoint: 205750 ns, Total: 1115501 ns
[2025-10-15T06:08:23.460-0700][1246 ][info ][safepoint   ] Safepoint "Cleanup", Time since last: 7000421406 ns, Reaching safepoint: 877032 ns, Cleanup: 13951 ns, At safepoint: 286902 ns, Total: 1177885 ns
[2025-10-15T06:08:24.464-0700][1246 ][info ][safepoint   ] Safepoint "Cleanup", Time since last: 1000097131 ns, Reaching safepoint: 1826312 ns, Cleanup: 11077 ns, At safepoint: 1288031 ns, Total: 3125420 ns
[2025-10-15T06:08:27.167-0700][1246 ][info ][gc,start    ] GC(434) Pause Young (Normal) (G1 Evacuation Pause)
[2025-10-15T06:08:27.167-0700][1246 ][info ][gc,task     ] GC(434) Using 113 workers of 113 for evacuation
[2025-10-15T06:08:27.182-0700][1246 ][debug][gc,remset   ] GC(434) Visited cards 8527360 Total dirty 72613888 (11.74%) Total old 537264128 (1.59%)
[2025-10-15T06:08:27.362-0700][1246 ][info ][gc,phases   ] GC(434)   Pre Evacuate Collection Set: 0.7ms
[2025-10-15T06:08:27.362-0700][1246 ][info ][gc,phases   ] GC(434)   Merge Heap Roots: 13.8ms
[2025-10-15T06:08:27.362-0700][1246 ][info ][gc,phases   ] GC(434)   Evacuate Collection Set: 166.7ms
[2025-10-15T06:08:27.362-0700][1246 ][info ][gc,phases   ] GC(434)   Post Evacuate Collection Set: 13.6ms
[2025-10-15T06:08:27.362-0700][1246 ][info ][gc,phases   ] GC(434)   Other: 0.2ms
[2025-10-15T06:08:27.362-0700][1246 ][debug][gc,remset   ] GC(434) Coarsening (recent): Inline->AoC 8902 (0) AoC->Howl 16 (0) Howl->Full 0 (0) Inline->AoC 66 (0) AoC->BitMap 21 (0) BitMap->Full 0 (0) 
[2025-10-15T06:08:27.362-0700][1246 ][debug][gc,remset   ] GC(434) Coarsening (all): Inline->AoC 13464209 (405) AoC->Howl 291741 (1054) Howl->Full 0 (0) Inline->AoC 1159820 (323) AoC->BitMap 306793 (840) BitMap->Full 10 (0) 
[2025-10-15T06:08:27.362-0700][1246 ][info ][gc,heap     ] GC(434) Eden regions: 3214->0(2950)
[2025-10-15T06:08:27.362-0700][1246 ][info ][gc,heap     ] GC(434) Survivor regions: 242->256(432)
[2025-10-15T06:08:27.362-0700][1246 ][info ][gc,heap     ] GC(434) Old regions: 1270->1300
[2025-10-15T06:08:27.362-0700][1246 ][info ][gc,heap     ] GC(434) Humongous regions: 16->0
[2025-10-15T06:08:27.362-0700][1246 ][info ][gc,metaspace] GC(434) Metaspace: 321872K(329088K)->321872K(329088K) NonClass: 284414K(288320K)->284414K(288320K) Class: 37457K(40768K)->37457K(40768K)
[2025-10-15T06:08:27.362-0700][1246 ][info ][gc          ] GC(434) Pause Young (Normal) (G1 Evacuation Pause) 151711M->49754M(184320M) 195.147ms
[2025-10-15T06:08:27.363-0700][1246 ][info ][gc,cpu      ] GC(434) User=20.09s Sys=0.10s Real=0.20s
[2025-10-15T06:08:27.365-0700][1246 ][info ][safepoint   ] Safepoint "G1CollectForAllocation", Time since last: 2699587560 ns, Reaching safepoint: 2862614 ns, Cleanup: 5669 ns, At safepoint: 198512699 ns, Total: 201380982 ns
[2025-10-15T06:08:30.366-0700][1246 ][info ][safepoint   ] Safepoint "Cleanup", Time since last: 3000200245 ns, Reaching safepoint: 741117 ns, Cleanup: 16295 ns, At safepoint: 328895 ns, Total: 1086307 ns
[2025-10-15T06:08:33.367-0700][1246 ][info ][safepoint   ] Safepoint "Cleanup", Time since last: 3000222028 ns, Reaching safepoint: 856181 ns, Cleanup: 14121 ns, At safepoint: 215575 ns, Total: 1085877 ns
[2025-10-15T06:08:34.368-0700][1246 ][info ][safepoint   ] Safepoint "Cleanup", Time since last: 1000105403 ns, Reaching safepoint: 823351 ns, Cleanup: 12629 ns, At safepoint: 277678 ns, Total: 1113658 ns
[2025-10-15T06:08:45.370-0700][1246 ][info ][safepoint   ] Safepoint "Cleanup", Time since last: 11000660273 ns, Reaching safepoint: 877303 ns, Cleanup: 13911 ns, At safepoint: 234473 ns, Total: 1125687 ns
[2025-10-15T06:08:45.916-0700][1246 ][info ][gc,start    ] GC(435) Pause Young (Concurrent Start) (G1 Evacuation Pause)
[2025-10-15T06:08:45.916-0700][1246 ][info ][gc,task     ] GC(435) Using 113 workers of 113 for evacuation
[2025-10-15T06:08:45.932-0700][1246 ][debug][gc,remset   ] GC(435) Visited cards 8785920 Total dirty 75235328 (11.68%) Total old 498466816 (1.76%)
[2025-10-15T06:08:46.112-0700][1246 ][info ][gc,phases   ] GC(435)   Pre Evacuate Collection Set: 1.0ms
[2025-10-15T06:08:46.112-0700][1246 ][info ][gc,phases   ] GC(435)   Merge Heap Roots: 14.1ms
[2025-10-15T06:08:46.112-0700][1246 ][info ][gc,phases   ] GC(435)   Evacuate Collection Set: 167.1ms
[2025-10-15T06:08:46.112-0700][1246 ][info ][gc,phases   ] GC(435)   Post Evacuate Collection Set: 13.3ms
[2025-10-15T06:08:46.112-0700][1246 ][info ][gc,phases   ] GC(435)   Other: 0.2ms
[2025-10-15T06:08:46.112-0700][1246 ][debug][gc,remset   ] GC(435) Coarsening (recent): Inline->AoC 7867 (3) AoC->Howl 16 (1) Howl->Full 0 (0) Inline->AoC 45 (0) AoC->BitMap 12 (0) BitMap->Full 0 (0) 
[2025-10-15T06:08:46.112-0700][1246 ][debug][gc,remset   ] GC(435) Coarsening (all): Inline->AoC 13472076 (408) AoC->Howl 291757 (1055) Howl->Full 0 (0) Inline->AoC 1159865 (323) AoC->BitMap 306805 (840) BitMap->Full 10 (0) 
[2025-10-15T06:08:46.112-0700][1246 ][info ][gc,heap     ] GC(435) Eden regions: 2886->0(3229)
[2025-10-15T06:08:46.112-0700][1246 ][info ][gc,heap     ] GC(435) Survivor regions: 256->227(393)
[2025-10-15T06:08:46.112-0700][1246 ][info ][gc,heap     ] GC(435) Old regions: 1300->1368
[2025-10-15T06:08:46.112-0700][1246 ][info ][gc,heap     ] GC(435) Humongous regions: 22->0
[2025-10-15T06:08:46.112-0700][1246 ][info ][gc,metaspace] GC(435) Metaspace: 321902K(329152K)->321902K(329152K) NonClass: 284440K(288384K)->284440K(288384K) Class: 37461K(40768K)->37461K(40768K)
[2025-10-15T06:08:46.112-0700][1246 ][info ][gc          ] GC(435) Pause Young (Concurrent Start) (G1 Evacuation Pause) 142810M->51005M(184320M) 195.863ms
[2025-10-15T06:08:46.113-0700][1085 ][info ][gc          ] GC(436) Concurrent Mark Cycle
[2025-10-15T06:08:46.113-0700][1085 ][info ][gc,marking  ] GC(436) Concurrent Scan Root Regions
[2025-10-15T06:08:46.114-0700][1246 ][info ][gc,cpu      ] GC(435) User=20.08s Sys=0.11s Real=0.20s
[2025-10-15T06:08:46.115-0700][1246 ][info ][safepoint   ] Safepoint "G1CollectForAllocation", Time since last: 544087467 ns, Reaching safepoint: 963552 ns, Cleanup: 6520 ns, At safepoint: 199968072 ns, Total: 200938144 ns
[2025-10-15T06:08:46.210-0700][1085 ][info ][gc,marking  ] GC(436) Concurrent Scan Root Regions 97.611ms
[2025-10-15T06:08:46.210-0700][1085 ][info ][gc,marking  ] GC(436) Concurrent Mark
[2025-10-15T06:08:46.210-0700][1085 ][info ][gc,marking  ] GC(436) Concurrent Mark From Roots
[2025-10-15T06:08:46.210-0700][1085 ][info ][gc,task     ] GC(436) Using 36 workers of 36 for marking
[2025-10-15T06:08:46.358-0700][1085 ][info ][gc,marking  ] GC(436) Concurrent Mark From Roots 147.608ms
[2025-10-15T06:08:46.358-0700][1085 ][info ][gc,marking  ] GC(436) Concurrent Preclean
[2025-10-15T06:08:46.398-0700][1085 ][info ][gc,marking  ] GC(436) Concurrent Preclean 40.525ms
[2025-10-15T06:08:46.401-0700][1246 ][info ][gc,start    ] GC(436) Pause Remark
[2025-10-15T06:08:46.573-0700][1246 ][info ][gc          ] GC(436) Pause Remark 55140M->52516M(184320M) 171.755ms
[2025-10-15T06:08:46.574-0700][1246 ][info ][gc,cpu      ] GC(436) User=13.40s Sys=0.11s Real=0.17s
[2025-10-15T06:08:46.576-0700][1246 ][info ][safepoint   ] Safepoint "G1PauseRemark", Time since last: 283322777 ns, Reaching safepoint: 1070884 ns, Cleanup: 14732 ns, At safepoint: 175959590 ns, Total: 177045206 ns
[2025-10-15T06:08:46.577-0700][1085 ][info ][gc,marking  ] GC(436) Concurrent Mark 367.062ms
[2025-10-15T06:08:46.577-0700][1085 ][info ][gc,marking  ] GC(436) Concurrent Rebuild Remembered Sets and Scrub Regions
[2025-10-15T06:08:46.979-0700][1085 ][info ][gc,marking  ] GC(436) Concurrent Rebuild Remembered Sets and Scrub Regions 401.163ms
[2025-10-15T06:08:46.981-0700][1246 ][info ][gc,start    ] GC(436) Pause Cleanup
[2025-10-15T06:08:46.983-0700][1246 ][info ][gc          ] GC(436) Pause Cleanup 57251M->57251M(184320M) 1.946ms
[2025-10-15T06:08:46.983-0700][1246 ][info ][gc,cpu      ] GC(436) User=0.01s Sys=0.00s Real=0.00s
[2025-10-15T06:08:46.985-0700][1246 ][info ][safepoint   ] Safepoint "G1PauseCleanup", Time since last: 403033884 ns, Reaching safepoint: 801298 ns, Cleanup: 19259 ns, At safepoint: 5265115 ns, Total: 6085672 ns
[2025-10-15T06:08:46.985-0700][1085 ][info ][gc,marking  ] GC(436) Concurrent Clear Claimed Marks
[2025-10-15T06:08:46.986-0700][1085 ][info ][gc,marking  ] GC(436) Concurrent Clear Claimed Marks 1.074ms
[2025-10-15T06:08:46.986-0700][1085 ][info ][gc,marking  ] GC(436) Concurrent Cleanup for Next Mark
[2025-10-15T06:08:47.017-0700][1085 ][info ][gc,marking  ] GC(436) Concurrent Cleanup for Next Mark 30.891ms
[2025-10-15T06:08:47.017-0700][1085 ][info ][gc          ] GC(436) Concurrent Mark Cycle 904.245ms
[2025-10-15T06:08:49.986-0700][1246 ][info ][safepoint   ] Safepoint "Cleanup", Time since last: 3000205503 ns, Reaching safepoint: 886916 ns, Cleanup: 19540 ns, At safepoint: 323297 ns, Total: 1229753 ns
[2025-10-15T06:08:52.988-0700][1246 ][info ][safepoint   ] Safepoint "Cleanup", Time since last: 3000250050 ns, Reaching safepoint: 1208832 ns, Cleanup: 12198 ns, At safepoint: 417039 ns, Total: 1638069 ns
[2025-10-15T06:08:54.450-0700][1246 ][info ][gc,start    ] GC(437) Pause Young (Prepare Mixed) (G1 Evacuation Pause)
[2025-10-15T06:08:54.450-0700][1246 ][info ][gc,task     ] GC(437) Using 113 workers of 113 for evacuation
[2025-10-15T06:08:54.464-0700][1246 ][debug][gc,remset   ] GC(437) Visited cards 8779264 Total dirty 76808192 (11.43%) Total old 381026304 (2.30%)
[2025-10-15T06:08:54.627-0700][1246 ][info ][gc,phases   ] GC(437)   Pre Evacuate Collection Set: 0.7ms
[2025-10-15T06:08:54.627-0700][1246 ][info ][gc,phases   ] GC(437)   Merge Heap Roots: 12.9ms
[2025-10-15T06:08:54.627-0700][1246 ][info ][gc,phases   ] GC(437)   Evacuate Collection Set: 145.9ms
[2025-10-15T06:08:54.627-0700][1246 ][info ][gc,phases   ] GC(437)   Post Evacuate Collection Set: 16.8ms
[2025-10-15T06:08:54.627-0700][1246 ][info ][gc,phases   ] GC(437)   Other: 0.2ms
[2025-10-15T06:08:54.627-0700][1246 ][debug][gc,remset   ] GC(437) Coarsening (recent): Inline->AoC 173405 (1) AoC->Howl 8174 (0) Howl->Full 0 (0) Inline->AoC 35325 (0) AoC->BitMap 8521 (0) BitMap->Full 0 (0) 
[2025-10-15T06:08:54.627-0700][1246 ][debug][gc,remset   ] GC(437) Coarsening (all): Inline->AoC 13645481 (409) AoC->Howl 299931 (1055) Howl->Full 0 (0) Inline->AoC 1195190 (323) AoC->BitMap 315326 (840) BitMap->Full 10 (0) 
[2025-10-15T06:08:54.627-0700][1246 ][info ][gc,heap     ] GC(437) Eden regions: 2031->0(3295)
[2025-10-15T06:08:54.627-0700][1246 ][info ][gc,heap     ] GC(437) Survivor regions: 227->161(283)
[2025-10-15T06:08:54.627-0700][1246 ][info ][gc,heap     ] GC(437) Old regions: 1286->1363
[2025-10-15T06:08:54.627-0700][1246 ][info ][gc,heap     ] GC(437) Humongous regions: 12->0
[2025-10-15T06:08:54.627-0700][1246 ][info ][gc,metaspace] GC(437) Metaspace: 319545K(329024K)->319545K(329024K) NonClass: 282369K(288256K)->282369K(288256K) Class: 37175K(40768K)->37175K(40768K)
[2025-10-15T06:08:54.627-0700][1246 ][info ][gc          ] GC(437) Pause Young (Prepare Mixed) (G1 Evacuation Pause) 113757M->48751M(184320M) 176.746ms
[2025-10-15T06:08:54.628-0700][1246 ][info ][gc,cpu      ] GC(437) User=16.11s Sys=0.11s Real=0.17s
[2025-10-15T06:08:54.629-0700][1246 ][info ][safepoint   ] Safepoint "G1CollectForAllocation", Time since last: 1460158591 ns, Reaching safepoint: 827878 ns, Cleanup: 4466 ns, At safepoint: 180348314 ns, Total: 181180658 ns
[2025-10-15T06:08:59.631-0700][1246 ][info ][safepoint   ] Safepoint "Cleanup", Time since last: 5000322919 ns, Reaching safepoint: 874758 ns, Cleanup: 10065 ns, At safepoint: 227303 ns, Total: 1112126 ns
[2025-10-15T06:09:00.632-0700][1246 ][info ][safepoint   ] Safepoint "Cleanup", Time since last: 1000107586 ns, Reaching safepoint: 793186 ns, Cleanup: 9604 ns, At safepoint: 153942 ns, Total: 956732 ns
[2025-10-15T06:09:01.638-0700][1246 ][info ][safepoint   ] Safepoint "Cleanup", Time since last: 1000097501 ns, Reaching safepoint: 5096832 ns, Cleanup: 15423 ns, At safepoint: 931033 ns, Total: 6043288 ns
[2025-10-15T06:09:03.493-0700][1246 ][info ][safepoint   ] Safepoint "Cleanup", Time since last: 1853777707 ns, Reaching safepoint: 829850 ns, Cleanup: 41924 ns, At safepoint: 232069 ns, Total: 1103843 ns
[2025-10-15T06:09:04.494-0700][1246 ][info ][safepoint   ] Safepoint "Cleanup", Time since last: 1000094657 ns, Reaching safepoint: 804463 ns, Cleanup: 17136 ns, At safepoint: 260232 ns, Total: 1081831 ns
[2025-10-15T06:09:05.495-0700][1246 ][info ][safepoint   ] Safepoint "Cleanup", Time since last: 1000104792 ns, Reaching safepoint: 744202 ns, Cleanup: 20240 ns, At safepoint: 271099 ns, Total: 1035541 ns
[2025-10-15T06:09:06.496-0700][1246 ][info ][safepoint   ] Safepoint "Cleanup", Time since last: 1000098583 ns, Reaching safepoint: 788548 ns, Cleanup: 18558 ns, At safepoint: 296637 ns, Total: 1103743 ns
[2025-10-15T06:09:07.498-0700][1246 ][info ][safepoint   ] Safepoint "Cleanup", Time since last: 1000100746 ns, Reaching safepoint: 825264 ns, Cleanup: 12239 ns, At safepoint: 394735 ns, Total: 1232238 ns
[2025-10-15T06:09:08.499-0700][1246 ][info ][safepoint   ] Safepoint "Cleanup", Time since last: 1000120395 ns, Reaching safepoint: 905635 ns, Cleanup: 24087 ns, At safepoint: 315615 ns, Total: 1245337 ns
[2025-10-15T06:09:11.501-0700][1246 ][info ][safepoint   ] Safepoint "Cleanup", Time since last: 3000231262 ns, Reaching safepoint: 968389 ns, Cleanup: 14322 ns, At safepoint: 269887 ns, Total: 1252598 ns
[2025-10-15T06:09:12.503-0700][1246 ][info ][safepoint   ] Safepoint "Cleanup", Time since last: 1000101707 ns, Reaching safepoint: 1888627 ns, Cleanup: 15132 ns, At safepoint: 298540 ns, Total: 2202299 ns
[2025-10-15T06:09:13.489-0700][1246 ][info ][gc,start    ] GC(438) Pause Young (Mixed) (G1 Evacuation Pause)
[2025-10-15T06:09:13.489-0700][1246 ][info ][gc,task     ] GC(438) Using 113 workers of 113 for evacuation
[2025-10-15T06:09:13.506-0700][1246 ][debug][gc,remset   ] GC(438) Visited cards 12061952 Total dirty 52428800 (23.01%) Total old 580321280 (2.08%)
[2025-10-15T06:09:13.659-0700][1246 ][debug][gc,remset   ] GC(438) Visited cards 1673728 Total dirty 43778048 (3.82%) Total old 596508672 (0.28%)
[2025-10-15T06:09:13.693-0700][1246 ][info ][gc,mmu      ] GC(438) MMU target violated: 201.0ms (200.0ms/201.0ms)
[2025-10-15T06:09:13.693-0700][1246 ][info ][gc,phases   ] GC(438)   Pre Evacuate Collection Set: 0.9ms
[2025-10-15T06:09:13.693-0700][1246 ][info ][gc,phases   ] GC(438)   Merge Heap Roots: 16.1ms
[2025-10-15T06:09:13.693-0700][1246 ][info ][gc,phases   ] GC(438)   Evacuate Collection Set: 151.9ms
[2025-10-15T06:09:13.693-0700][1246 ][info ][gc,phases   ] GC(438)   Merge Optional Heap Roots: 1.0ms
[2025-10-15T06:09:13.693-0700][1246 ][info ][gc,phases   ] GC(438)   Evacuate Optional Collection Set: 14.8ms
[2025-10-15T06:09:13.693-0700][1246 ][info ][gc,phases   ] GC(438)   Post Evacuate Collection Set: 18.8ms
[2025-10-15T06:09:13.693-0700][1246 ][info ][gc,phases   ] GC(438)   Other: 0.3ms
[2025-10-15T06:09:13.693-0700][1246 ][debug][gc,remset   ] GC(438) Coarsening (recent): Inline->AoC 55524 (7) AoC->Howl 473 (33) Howl->Full 0 (0) Inline->AoC 864 (11) AoC->BitMap 451 (36) BitMap->Full 0 (0) 
[2025-10-15T06:09:13.693-0700][1246 ][debug][gc,remset   ] GC(438) Coarsening (all): Inline->AoC 13701005 (416) AoC->Howl 300404 (1088) Howl->Full 0 (0) Inline->AoC 1196054 (334) AoC->BitMap 315777 (876) BitMap->Full 10 (0) 
[2025-10-15T06:09:13.693-0700][1246 ][info ][gc,heap     ] GC(438) Eden regions: 3295->0(1997)
[2025-10-15T06:09:13.693-0700][1246 ][info ][gc,heap     ] GC(438) Survivor regions: 161->211(432)
[2025-10-15T06:09:13.693-0700][1246 ][info ][gc,heap     ] GC(438) Old regions: 1363->803
[2025-10-15T06:09:13.693-0700][1246 ][info ][gc,heap     ] GC(438) Humongous regions: 24->0
[2025-10-15T06:09:13.693-0700][1246 ][info ][gc,metaspace] GC(438) Metaspace: 319709K(329024K)->319709K(329024K) NonClass: 282515K(288256K)->282515K(288256K) Class: 37194K(40768K)->37194K(40768K)
[2025-10-15T06:09:13.693-0700][1246 ][info ][gc          ] GC(438) Pause Young (Mixed) (G1 Evacuation Pause) 154959M->32407M(184320M) 203.942ms
[2025-10-15T06:09:13.694-0700][1246 ][info ][gc,cpu      ] GC(438) User=17.88s Sys=1.10s Real=0.20s
[2025-10-15T06:09:13.695-0700][1246 ][info ][safepoint   ] Safepoint "G1CollectForAllocation", Time since last: 983599908 ns, Reaching safepoint: 1095942 ns, Cleanup: 13430 ns, At safepoint: 207510600 ns, Total: 208619972 ns
[2025-10-15T06:09:16.696-0700][1246 ][info ][safepoint   ] Safepoint "Cleanup", Time since last: 3000156123 ns, Reaching safepoint: 859675 ns, Cleanup: 27963 ns, At safepoint: 214934 ns, Total: 1102572 ns
[2025-10-15T06:09:24.698-0700][1246 ][info ][safepoint   ] Safepoint "Cleanup", Time since last: 8000518608 ns, Reaching safepoint: 939476 ns, Cleanup: 15052 ns, At safepoint: 475827 ns, Total: 1430355 ns
[2025-10-15T06:09:25.704-0700][1246 ][info ][safepoint   ] Safepoint "Cleanup", Time since last: 1000069008 ns, Reaching safepoint: 5101909 ns, Cleanup: 18277 ns, At safepoint: 612604 ns, Total: 5732790 ns
[2025-10-15T06:09:31.706-0700][1246 ][info ][safepoint   ] Safepoint "Cleanup", Time since last: 6000414144 ns, Reaching safepoint: 915990 ns, Cleanup: 13561 ns, At safepoint: 223677 ns, Total: 1153228 ns
[2025-10-15T06:09:32.715-0700][1246 ][info ][safepoint   ] Safepoint "Cleanup", Time since last: 1000104821 ns, Reaching safepoint: 7294774 ns, Cleanup: 14011 ns, At safepoint: 1572600 ns, Total: 8881385 ns
[2025-10-15T06:09:33.537-0700][1246 ][info ][gc,start    ] GC(439) Pause Young (Mixed) (G1 Evacuation Pause)
[2025-10-15T06:09:33.537-0700][1246 ][info ][gc,task     ] GC(439) Using 113 workers of 113 for evacuation
[2025-10-15T06:09:33.552-0700][1246 ][debug][gc,remset   ] GC(439) Visited cards 11735552 Total dirty 47054848 (24.94%) Total old 496304128 (2.36%)
[2025-10-15T06:09:33.718-0700][1246 ][info ][gc,phases   ] GC(439)   Pre Evacuate Collection Set: 0.8ms
[2025-10-15T06:09:33.718-0700][1246 ][info ][gc,phases   ] GC(439)   Merge Heap Roots: 14.1ms
[2025-10-15T06:09:33.718-0700][1246 ][info ][gc,phases   ] GC(439)   Evacuate Collection Set: 149.9ms
[2025-10-15T06:09:33.718-0700][1246 ][info ][gc,phases   ] GC(439)   Post Evacuate Collection Set: 16.6ms
[2025-10-15T06:09:33.718-0700][1246 ][info ][gc,phases   ] GC(439)   Other: 0.2ms
[2025-10-15T06:09:33.718-0700][1246 ][debug][gc,remset   ] GC(439) Coarsening (recent): Inline->AoC 43324 (3) AoC->Howl 195 (9) Howl->Full 0 (0) Inline->AoC 620 (3) AoC->BitMap 156 (6) BitMap->Full 0 (0) 
[2025-10-15T06:09:33.718-0700][1246 ][debug][gc,remset   ] GC(439) Coarsening (all): Inline->AoC 13744329 (419) AoC->Howl 300599 (1097) Howl->Full 0 (0) Inline->AoC 1196674 (337) AoC->BitMap 315933 (882) BitMap->Full 10 (0) 
[2025-10-15T06:09:33.718-0700][1246 ][info ][gc,heap     ] GC(439) Eden regions: 3119->0(1191)
[2025-10-15T06:09:33.718-0700][1246 ][info ][gc,heap     ] GC(439) Survivor regions: 211->243(417)
[2025-10-15T06:09:33.718-0700][1246 ][info ][gc,heap     ] GC(439) Old regions: 803->721
[2025-10-15T06:09:33.718-0700][1246 ][info ][gc,heap     ] GC(439) Humongous regions: 19->0
[2025-10-15T06:09:33.718-0700][1246 ][info ][gc,metaspace] GC(439) Metaspace: 319824K(329024K)->319824K(329024K) NonClass: 282610K(288256K)->282610K(288256K) Class: 37214K(40768K)->37214K(40768K)
[2025-10-15T06:09:33.719-0700][1246 ][info ][gc          ] GC(439) Pause Young (Mixed) (G1 Evacuation Pause) 132823M->30813M(184320M) 181.767ms
[2025-10-15T06:09:33.720-0700][1246 ][info ][gc,cpu      ] GC(439) User=18.59s Sys=0.16s Real=0.19s
[2025-10-15T06:09:33.721-0700][1246 ][info ][safepoint   ] Safepoint "G1CollectForAllocation", Time since last: 818082437 ns, Reaching safepoint: 2801742 ns, Cleanup: 14172 ns, At safepoint: 185237119 ns, Total: 188053033 ns
[2025-10-15T06:09:34.722-0700][1246 ][info ][safepoint   ] Safepoint "Cleanup", Time since last: 1000085362 ns, Reaching safepoint: 753836 ns, Cleanup: 21252 ns, At safepoint: 128484 ns, Total: 903572 ns
[2025-10-15T06:09:37.723-0700][1246 ][info ][safepoint   ] Safepoint "Cleanup", Time since last: 3000219020 ns, Reaching safepoint: 914388 ns, Cleanup: 14983 ns, At safepoint: 451130 ns, Total: 1380501 ns
[2025-10-15T06:09:41.725-0700][1246 ][info ][safepoint   ] Safepoint "Cleanup", Time since last: 4000300235 ns, Reaching safepoint: 945566 ns, Cleanup: 14672 ns, At safepoint: 324589 ns, Total: 1284827 ns
[2025-10-15T06:09:44.931-0700][1246 ][info ][gc,start    ] GC(440) Pause Young (Mixed) (G1 Evacuation Pause)
[2025-10-15T06:09:44.931-0700][1246 ][info ][gc,task     ] GC(440) Using 113 workers of 113 for evacuation
[2025-10-15T06:09:44.946-0700][1246 ][debug][gc,remset   ] GC(440) Visited cards 10199808 Total dirty 43515904 (23.44%) Total old 376635392 (2.71%)
[2025-10-15T06:09:45.116-0700][1246 ][info ][gc,phases   ] GC(440)   Pre Evacuate Collection Set: 0.7ms
[2025-10-15T06:09:45.116-0700][1246 ][info ][gc,phases   ] GC(440)   Merge Heap Roots: 14.1ms
[2025-10-15T06:09:45.116-0700][1246 ][info ][gc,phases   ] GC(440)   Evacuate Collection Set: 156.7ms
[2025-10-15T06:09:45.116-0700][1246 ][info ][gc,phases   ] GC(440)   Post Evacuate Collection Set: 12.9ms
[2025-10-15T06:09:45.116-0700][1246 ][info ][gc,phases   ] GC(440)   Other: 0.2ms
[2025-10-15T06:09:45.116-0700][1246 ][debug][gc,remset   ] GC(440) Coarsening (recent): Inline->AoC 14339 (0) AoC->Howl 58 (0) Howl->Full 0 (0) Inline->AoC 244 (0) AoC->BitMap 31 (0) BitMap->Full 0 (0) 
[2025-10-15T06:09:45.116-0700][1246 ][debug][gc,remset   ] GC(440) Coarsening (all): Inline->AoC 13758668 (419) AoC->Howl 300657 (1097) Howl->Full 0 (0) Inline->AoC 1196918 (337) AoC->BitMap 315964 (882) BitMap->Full 10 (0) 
[2025-10-15T06:09:45.116-0700][1246 ][info ][gc,heap     ] GC(440) Eden regions: 2231->0(3254)
[2025-10-15T06:09:45.116-0700][1246 ][info ][gc,heap     ] GC(440) Survivor regions: 243->202(310)
[2025-10-15T06:09:45.116-0700][1246 ][info ][gc,heap     ] GC(440) Old regions: 721->734
[2025-10-15T06:09:45.116-0700][1246 ][info ][gc,heap     ] GC(440) Humongous regions: 17->0
[2025-10-15T06:09:45.116-0700][1246 ][info ][gc,metaspace] GC(440) Metaspace: 319956K(329024K)->319956K(329024K) NonClass: 282727K(288256K)->282727K(288256K) Class: 37228K(40768K)->37228K(40768K)
[2025-10-15T06:09:45.116-0700][1246 ][info ][gc          ] GC(440) Pause Young (Mixed) (G1 Evacuation Pause) 102749M->29928M(184320M) 184.758ms
[2025-10-15T06:09:45.117-0700][1246 ][info ][gc,cpu      ] GC(440) User=18.69s Sys=0.15s Real=0.18s
[2025-10-15T06:09:45.119-0700][1246 ][info ][safepoint   ] Safepoint "G1CollectForAllocation", Time since last: 3204446680 ns, Reaching safepoint: 719454 ns, Cleanup: 5599 ns, At safepoint: 188414818 ns, Total: 189139871 ns
[2025-10-15T06:09:47.129-0700][1246 ][info ][safepoint   ] Safepoint "Cleanup", Time since last: 2000151165 ns, Reaching safepoint: 8311306 ns, Cleanup: 14041 ns, At safepoint: 1769978 ns, Total: 10095325 ns
[2025-10-15T06:09:48.131-0700][1246 ][info ][safepoint   ] Safepoint "Cleanup", Time since last: 1000108506 ns, Reaching safepoint: 923262 ns, Cleanup: 13190 ns, At safepoint: 1015130 ns, Total: 1951582 ns
[2025-10-15T06:09:54.133-0700][1246 ][info ][safepoint   ] Safepoint "Cleanup", Time since last: 6000391850 ns, Reaching safepoint: 981039 ns, Cleanup: 19279 ns, At safepoint: 272741 ns, Total: 1273059 ns
[2025-10-15T06:09:56.134-0700][1246 ][info ][safepoint   ] Safepoint "Cleanup", Time since last: 2000157013 ns, Reaching safepoint: 906847 ns, Cleanup: 17626 ns, At safepoint: 310438 ns, Total: 1234911 ns
[2025-10-15T06:09:57.187-0700][1246 ][info ][gc,start    ] GC(441) Pause Young (Normal) (G1 Evacuation Pause)
[2025-10-15T06:09:57.187-0700][1246 ][info ][gc,task     ] GC(441) Using 113 workers of 113 for evacuation
[2025-10-15T06:09:57.202-0700][1246 ][debug][gc,remset   ] GC(441) Visited cards 7814144 Total dirty 45875200 (17.03%) Total old 502267904 (1.56%)
[2025-10-15T06:09:57.352-0700][1246 ][info ][gc,phases   ] GC(441)   Pre Evacuate Collection Set: 0.7ms
[2025-10-15T06:09:57.352-0700][1246 ][info ][gc,phases   ] GC(441)   Merge Heap Roots: 14.4ms
[2025-10-15T06:09:57.352-0700][1246 ][info ][gc,phases   ] GC(441)   Evacuate Collection Set: 135.3ms
[2025-10-15T06:09:57.352-0700][1246 ][info ][gc,phases   ] GC(441)   Post Evacuate Collection Set: 14.7ms
[2025-10-15T06:09:57.352-0700][1246 ][info ][gc,phases   ] GC(441)   Other: 0.2ms
[2025-10-15T06:09:57.352-0700][1246 ][debug][gc,remset   ] GC(441) Coarsening (recent): Inline->AoC 23786 (4) AoC->Howl 136 (9) Howl->Full 0 (0) Inline->AoC 393 (7) AoC->BitMap 100 (10) BitMap->Full 0 (0) 
[2025-10-15T06:09:57.352-0700][1246 ][debug][gc,remset   ] GC(441) Coarsening (all): Inline->AoC 13782454 (423) AoC->Howl 300793 (1106) Howl->Full 0 (0) Inline->AoC 1197311 (344) AoC->BitMap 316064 (892) BitMap->Full 10 (0) 
[2025-10-15T06:09:57.352-0700][1246 ][info ][gc,heap     ] GC(441) Eden regions: 3254->0(3235)
[2025-10-15T06:09:57.352-0700][1246 ][info ][gc,heap     ] GC(441) Survivor regions: 202->221(432)
[2025-10-15T06:09:57.352-0700][1246 ][info ][gc,heap     ] GC(441) Old regions: 734->734
[2025-10-15T06:09:57.352-0700][1246 ][info ][gc,heap     ] GC(441) Humongous regions: 18->0
[2025-10-15T06:09:57.352-0700][1246 ][info ][gc,metaspace] GC(441) Metaspace: 319986K(329024K)->319986K(329024K) NonClass: 282754K(288256K)->282754K(288256K) Class: 37231K(40768K)->37231K(40768K)
[2025-10-15T06:09:57.352-0700][1246 ][info ][gc          ] GC(441) Pause Young (Normal) (G1 Evacuation Pause) 134632M->30523M(184320M) 165.464ms
[2025-10-15T06:09:57.353-0700][1246 ][info ][gc,cpu      ] GC(441) User=15.70s Sys=0.41s Real=0.17s
[2025-10-15T06:09:57.355-0700][1246 ][info ][safepoint   ] Safepoint "G1CollectForAllocation", Time since last: 1050720674 ns, Reaching safepoint: 946687 ns, Cleanup: 4647 ns, At safepoint: 168965857 ns, Total: 169917191 ns
[2025-10-15T06:10:02.282-0700][1246 ][info ][gc,start    ] GC(442) Pause Young (Normal) (G1 Evacuation Pause)
[2025-10-15T06:10:02.282-0700][1246 ][info ][gc,task     ] GC(442) Using 113 workers of 113 for evacuation
[2025-10-15T06:10:02.296-0700][1246 ][debug][gc,remset   ] GC(442) Visited cards 7418624 Total dirty 45678592 (16.24%) Total old 501350400 (1.48%)
[2025-10-15T06:10:02.474-0700][1246 ][info ][gc,phases   ] GC(442)   Pre Evacuate Collection Set: 0.7ms
[2025-10-15T06:10:02.474-0700][1246 ][info ][gc,phases   ] GC(442)   Merge Heap Roots: 13.2ms
[2025-10-15T06:10:02.474-0700][1246 ][info ][gc,phases   ] GC(442)   Evacuate Collection Set: 163.8ms
[2025-10-15T06:10:02.474-0700][1246 ][info ][gc,phases   ] GC(442)   Post Evacuate Collection Set: 13.3ms
[2025-10-15T06:10:02.474-0700][1246 ][info ][gc,phases   ] GC(442)   Other: 0.2ms
[2025-10-15T06:10:02.474-0700][1246 ][debug][gc,remset   ] GC(442) Coarsening (recent): Inline->AoC 496 (0) AoC->Howl 3 (0) Howl->Full 0 (0) Inline->AoC 12 (0) AoC->BitMap 3 (0) BitMap->Full 0 (0) 
[2025-10-15T06:10:02.474-0700][1246 ][debug][gc,remset   ] GC(442) Coarsening (all): Inline->AoC 13782950 (423) AoC->Howl 300796 (1106) Howl->Full 0 (0) Inline->AoC 1197323 (344) AoC->BitMap 316067 (892) BitMap->Full 10 (0) 
[2025-10-15T06:10:02.474-0700][1246 ][info ][gc,heap     ] GC(442) Eden regions: 3235->0(1110)
[2025-10-15T06:10:02.474-0700][1246 ][info ][gc,heap     ] GC(442) Survivor regions: 221->294(432)
[2025-10-15T06:10:02.474-0700][1246 ][info ][gc,heap     ] GC(442) Old regions: 734->734
[2025-10-15T06:10:02.474-0700][1246 ][info ][gc,heap     ] GC(442) Humongous regions: 4->0
[2025-10-15T06:10:02.474-0700][1246 ][info ][gc,metaspace] GC(442) Metaspace: 319990K(329024K)->319990K(329024K) NonClass: 282757K(288256K)->282757K(288256K) Class: 37232K(40768K)->37232K(40768K)
[2025-10-15T06:10:02.474-0700][1246 ][info ][gc          ] GC(442) Pause Young (Normal) (G1 Evacuation Pause) 134171M->32880M(184320M) 191.414ms
[2025-10-15T06:10:02.475-0700][1246 ][info ][gc,cpu      ] GC(442) User=19.41s Sys=0.15s Real=0.19s
[2025-10-15T06:10:02.476-0700][1246 ][info ][safepoint   ] Safepoint "G1CollectForAllocation", Time since last: 4925928144 ns, Reaching safepoint: 659233 ns, Cleanup: 11017 ns, At safepoint: 194967604 ns, Total: 195637854 ns
[2025-10-15T06:10:03.518-0700][1246 ][info ][safepoint   ] Safepoint "Cleanup", Time since last: 1041367128 ns, Reaching safepoint: 758703 ns, Cleanup: 16575 ns, At safepoint: 84518 ns, Total: 859796 ns
[2025-10-15T06:10:04.392-0700][1246 ][info ][gc,start    ] GC(443) Pause Young (Normal) (G1 Evacuation Pause)
[2025-10-15T06:10:04.392-0700][1246 ][info ][gc,task     ] GC(443) Using 113 workers of 113 for evacuation
[2025-10-15T06:10:04.404-0700][1246 ][debug][gc,remset   ] GC(443) Visited cards 7280896 Total dirty 45678592 (15.94%) Total old 329515008 (2.21%)
[2025-10-15T06:10:04.583-0700][1246 ][info ][gc,phases   ] GC(443)   Pre Evacuate Collection Set: 0.7ms
[2025-10-15T06:10:04.583-0700][1246 ][info ][gc,phases   ] GC(443)   Merge Heap Roots: 11.6ms
[2025-10-15T06:10:04.583-0700][1246 ][info ][gc,phases   ] GC(443)   Evacuate Collection Set: 170.8ms
[2025-10-15T06:10:04.583-0700][1246 ][info ][gc,phases   ] GC(443)   Post Evacuate Collection Set: 8.3ms
[2025-10-15T06:10:04.583-0700][1246 ][info ][gc,phases   ] GC(443)   Other: 0.1ms
[2025-10-15T06:10:04.583-0700][1246 ][debug][gc,remset   ] GC(443) Coarsening (recent): Inline->AoC 2227 (0) AoC->Howl 20 (0) Howl->Full 0 (0) Inline->AoC 89 (0) AoC->BitMap 21 (0) BitMap->Full 0 (0) 
[2025-10-15T06:10:04.583-0700][1246 ][debug][gc,remset   ] GC(443) Coarsening (all): Inline->AoC 13785177 (423) AoC->Howl 300816 (1106) Howl->Full 0 (0) Inline->AoC 1197412 (344) AoC->BitMap 316088 (892) BitMap->Full 10 (0) 
[2025-10-15T06:10:04.583-0700][1246 ][info ][gc,heap     ] GC(443) Eden regions: 1852->0(3319)
[2025-10-15T06:10:04.583-0700][1246 ][info ][gc,heap     ] GC(443) Survivor regions: 294->137(269)
[2025-10-15T06:10:04.583-0700][1246 ][info ][gc,heap     ] GC(443) Old regions: 734->920
[2025-10-15T06:10:04.583-0700][1246 ][info ][gc,heap     ] GC(443) Humongous regions: 2->0
[2025-10-15T06:10:04.583-0700][1246 ][info ][gc,metaspace] GC(443) Metaspace: 319994K(329024K)->319994K(329024K) NonClass: 282761K(288256K)->282761K(288256K) Class: 37232K(40768K)->37232K(40768K)
[2025-10-15T06:10:04.583-0700][1246 ][info ][gc          ] GC(443) Pause Young (Normal) (G1 Evacuation Pause) 92208M->33792M(184320M) 191.797ms
[2025-10-15T06:10:04.585-0700][1246 ][info ][gc,cpu      ] GC(443) User=19.66s Sys=0.04s Real=0.19s
[2025-10-15T06:10:04.586-0700][1246 ][info ][safepoint   ] Safepoint "G1CollectForAllocation", Time since last: 871116253 ns, Reaching safepoint: 801478 ns, Cleanup: 16635 ns, At safepoint: 195376821 ns, Total: 196194934 ns
[2025-10-15T06:10:07.587-0700][1246 ][info ][safepoint   ] Safepoint "Cleanup", Time since last: 3000216817 ns, Reaching safepoint: 870372 ns, Cleanup: 13039 ns, At safepoint: 108133 ns, Total: 991544 ns
[2025-10-15T06:10:07.600-0700][1246 ][info ][gc,start    ] GC(444) Pause Young (Normal) (G1 Evacuation Pause)
[2025-10-15T06:10:07.600-0700][1246 ][info ][gc,task     ] GC(444) Using 113 workers of 113 for evacuation
[2025-10-15T06:10:07.612-0700][1246 ][debug][gc,remset   ] GC(444) Visited cards 7868672 Total dirty 56098816 (14.03%) Total old 513409024 (1.53%)
[2025-10-15T06:10:07.709-0700][1246 ][info ][gc,phases   ] GC(444)   Pre Evacuate Collection Set: 0.7ms
[2025-10-15T06:10:07.709-0700][1246 ][info ][gc,phases   ] GC(444)   Merge Heap Roots: 10.8ms
[2025-10-15T06:10:07.709-0700][1246 ][info ][gc,phases   ] GC(444)   Evacuate Collection Set: 89.2ms
[2025-10-15T06:10:07.709-0700][1246 ][info ][gc,phases   ] GC(444)   Post Evacuate Collection Set: 8.1ms
[2025-10-15T06:10:07.709-0700][1246 ][info ][gc,phases   ] GC(444)   Other: 0.2ms
[2025-10-15T06:10:07.709-0700][1246 ][debug][gc,remset   ] GC(444) Coarsening (recent): Inline->AoC 0 (0) AoC->Howl 0 (0) Howl->Full 0 (0) Inline->AoC 0 (0) AoC->BitMap 0 (0) BitMap->Full 0 (0) 
[2025-10-15T06:10:07.709-0700][1246 ][debug][gc,remset   ] GC(444) Coarsening (all): Inline->AoC 13785177 (423) AoC->Howl 300816 (1106) Howl->Full 0 (0) Inline->AoC 1197412 (344) AoC->BitMap 316088 (892) BitMap->Full 10 (0) 
[2025-10-15T06:10:07.709-0700][1246 ][info ][gc,heap     ] GC(444) Eden regions: 3319->0(3315)
[2025-10-15T06:10:07.709-0700][1246 ][info ][gc,heap     ] GC(444) Survivor regions: 137->141(432)
[2025-10-15T06:10:07.709-0700][1246 ][info ][gc,heap     ] GC(444) Old regions: 920->920
[2025-10-15T06:10:07.709-0700][1246 ][info ][gc,heap     ] GC(444) Humongous regions: 2->0
[2025-10-15T06:10:07.709-0700][1246 ][info ][gc,metaspace] GC(444) Metaspace: 320065K(329024K)->320065K(329024K) NonClass: 282824K(288256K)->282824K(288256K) Class: 37241K(40768K)->37241K(40768K)
[2025-10-15T06:10:07.709-0700][1246 ][info ][gc          ] GC(444) Pause Young (Normal) (G1 Evacuation Pause) 140064M->33905M(184320M) 109.056ms
[2025-10-15T06:10:07.711-0700][1246 ][info ][gc,cpu      ] GC(444) User=9.49s Sys=0.08s Real=0.11s
[2025-10-15T06:10:07.712-0700][1246 ][info ][safepoint   ] Safepoint "G1CollectForAllocation", Time since last: 11263666 ns, Reaching safepoint: 953327 ns, Cleanup: 4436 ns, At safepoint: 112707861 ns, Total: 113665624 ns
[2025-10-15T06:10:10.713-0700][1246 ][info ][safepoint   ] Safepoint "Cleanup", Time since last: 3000208395 ns, Reaching safepoint: 934949 ns, Cleanup: 15884 ns, At safepoint: 238169 ns, Total: 1189002 ns
[2025-10-15T06:10:11.168-0700][1246 ][info ][gc,start    ] GC(445) Pause Young (Normal) (G1 Evacuation Pause)
[2025-10-15T06:10:11.168-0700][1246 ][info ][gc,task     ] GC(445) Using 113 workers of 113 for evacuation
[2025-10-15T06:10:11.180-0700][1246 ][debug][gc,remset   ] GC(445) Visited cards 8061952 Total dirty 56492032 (14.27%) Total old 513540096 (1.57%)
[2025-10-15T06:10:11.295-0700][1246 ][info ][gc,phases   ] GC(445)   Pre Evacuate Collection Set: 0.7ms
[2025-10-15T06:10:11.295-0700][1246 ][info ][gc,phases   ] GC(445)   Merge Heap Roots: 10.8ms
[2025-10-15T06:10:11.295-0700][1246 ][info ][gc,phases   ] GC(445)   Evacuate Collection Set: 106.5ms
[2025-10-15T06:10:11.295-0700][1246 ][info ][gc,phases   ] GC(445)   Post Evacuate Collection Set: 9.1ms
[2025-10-15T06:10:11.295-0700][1246 ][info ][gc,phases   ] GC(445)   Other: 0.2ms
[2025-10-15T06:10:11.295-0700][1246 ][debug][gc,remset   ] GC(445) Coarsening (recent): Inline->AoC 0 (0) AoC->Howl 0 (0) Howl->Full 0 (0) Inline->AoC 0 (0) AoC->BitMap 0 (0) BitMap->Full 0 (0) 
[2025-10-15T06:10:11.295-0700][1246 ][debug][gc,remset   ] GC(445) Coarsening (all): Inline->AoC 13785177 (423) AoC->Howl 300816 (1106) Howl->Full 0 (0) Inline->AoC 1197412 (344) AoC->BitMap 316088 (892) BitMap->Full 10 (0) 
[2025-10-15T06:10:11.296-0700][1246 ][info ][gc,heap     ] GC(445) Eden regions: 3315->0(3272)
[2025-10-15T06:10:11.296-0700][1246 ][info ][gc,heap     ] GC(445) Survivor regions: 141->184(432)
[2025-10-15T06:10:11.296-0700][1246 ][info ][gc,heap     ] GC(445) Old regions: 920->920
[2025-10-15T06:10:11.296-0700][1246 ][info ][gc,heap     ] GC(445) Humongous regions: 4->0
[2025-10-15T06:10:11.296-0700][1246 ][info ][gc,metaspace] GC(445) Metaspace: 320068K(329024K)->320068K(329024K) NonClass: 282826K(288256K)->282826K(288256K) Class: 37241K(40768K)->37241K(40768K)
[2025-10-15T06:10:11.296-0700][1246 ][info ][gc          ] GC(445) Pause Young (Normal) (G1 Evacuation Pause) 140113M->35286M(184320M) 127.453ms
[2025-10-15T06:10:11.297-0700][1246 ][info ][gc,cpu      ] GC(445) User=12.27s Sys=0.03s Real=0.13s
[2025-10-15T06:10:11.298-0700][1246 ][info ][safepoint   ] Safepoint "G1CollectForAllocation", Time since last: 452651307 ns, Reaching safepoint: 982431 ns, Cleanup: 4967 ns, At safepoint: 131135734 ns, Total: 132123132 ns
[2025-10-15T06:10:12.300-0700][1246 ][info ][safepoint   ] Safepoint "Cleanup", Time since last: 1000088467 ns, Reaching safepoint: 1478748 ns, Cleanup: 11738 ns, At safepoint: 151318 ns, Total: 1641804 ns
[2025-10-15T06:10:14.068-0700][1246 ][info ][gc,start    ] GC(446) Pause Young (Normal) (G1 Evacuation Pause)
[2025-10-15T06:10:14.068-0700][1246 ][info ][gc,task     ] GC(446) Using 113 workers of 113 for evacuation
[2025-10-15T06:10:14.081-0700][1246 ][debug][gc,remset   ] GC(446) Visited cards 8284416 Total dirty 56295424 (14.72%) Total old 513671168 (1.61%)
[2025-10-15T06:10:14.205-0700][1246 ][info ][gc,phases   ] GC(446)   Pre Evacuate Collection Set: 0.7ms
[2025-10-15T06:10:14.205-0700][1246 ][info ][gc,phases   ] GC(446)   Merge Heap Roots: 12.1ms
[2025-10-15T06:10:14.205-0700][1246 ][info ][gc,phases   ] GC(446)   Evacuate Collection Set: 114.5ms
[2025-10-15T06:10:14.205-0700][1246 ][info ][gc,phases   ] GC(446)   Post Evacuate Collection Set: 9.4ms
[2025-10-15T06:10:14.205-0700][1246 ][info ][gc,phases   ] GC(446)   Other: 0.2ms
[2025-10-15T06:10:14.205-0700][1246 ][debug][gc,remset   ] GC(446) Coarsening (recent): Inline->AoC 0 (0) AoC->Howl 0 (0) Howl->Full 0 (0) Inline->AoC 0 (0) AoC->BitMap 0 (0) BitMap->Full 0 (0) 
[2025-10-15T06:10:14.205-0700][1246 ][debug][gc,remset   ] GC(446) Coarsening (all): Inline->AoC 13785177 (423) AoC->Howl 300816 (1106) Howl->Full 0 (0) Inline->AoC 1197412 (344) AoC->BitMap 316088 (892) BitMap->Full 10 (0) 
[2025-10-15T06:10:14.205-0700][1246 ][info ][gc,heap     ] GC(446) Eden regions: 3272->0(3250)
[2025-10-15T06:10:14.205-0700][1246 ][info ][gc,heap     ] GC(446) Survivor regions: 184->206(432)
[2025-10-15T06:10:14.205-0700][1246 ][info ][gc,heap     ] GC(446) Old regions: 920->920
[2025-10-15T06:10:14.205-0700][1246 ][info ][gc,heap     ] GC(446) Humongous regions: 6->0
[2025-10-15T06:10:14.205-0700][1246 ][info ][gc,metaspace] GC(446) Metaspace: 320068K(329024K)->320068K(329024K) NonClass: 282826K(288256K)->282826K(288256K) Class: 37241K(40768K)->37241K(40768K)
[2025-10-15T06:10:14.205-0700][1246 ][info ][gc          ] GC(446) Pause Young (Normal) (G1 Evacuation Pause) 140182M->35986M(184320M) 136.955ms
[2025-10-15T06:10:14.206-0700][1246 ][info ][gc,cpu      ] GC(446) User=12.97s Sys=0.11s Real=0.14s
[2025-10-15T06:10:14.207-0700][1246 ][info ][safepoint   ] Safepoint "G1CollectForAllocation", Time since last: 1765911804 ns, Reaching safepoint: 989842 ns, Cleanup: 14662 ns, At safepoint: 140738877 ns, Total: 141743381 ns
[2025-10-15T06:10:15.209-0700][1246 ][info ][safepoint   ] Safepoint "Cleanup", Time since last: 1000091541 ns, Reaching safepoint: 930662 ns, Cleanup: 14402 ns, At safepoint: 260613 ns, Total: 1205677 ns
[2025-10-15T06:10:18.035-0700][1246 ][info ][gc,start    ] GC(447) Pause Young (Normal) (G1 Evacuation Pause)
[2025-10-15T06:10:18.035-0700][1246 ][info ][gc,task     ] GC(447) Using 113 workers of 113 for evacuation
[2025-10-15T06:10:18.048-0700][1246 ][debug][gc,remset   ] GC(447) Visited cards 8307456 Total dirty 56492032 (14.71%) Total old 513474560 (1.62%)
[2025-10-15T06:10:18.201-0700][1246 ][info ][gc,phases   ] GC(447)   Pre Evacuate Collection Set: 0.6ms
[2025-10-15T06:10:18.201-0700][1246 ][info ][gc,phases   ] GC(447)   Merge Heap Roots: 11.9ms
[2025-10-15T06:10:18.201-0700][1246 ][info ][gc,phases   ] GC(447)   Evacuate Collection Set: 143.0ms
[2025-10-15T06:10:18.201-0700][1246 ][info ][gc,phases   ] GC(447)   Post Evacuate Collection Set: 9.8ms
[2025-10-15T06:10:18.201-0700][1246 ][info ][gc,phases   ] GC(447)   Other: 0.2ms
[2025-10-15T06:10:18.201-0700][1246 ][debug][gc,remset   ] GC(447) Coarsening (recent): Inline->AoC 1852 (0) AoC->Howl 2 (0) Howl->Full 0 (0) Inline->AoC 10 (0) AoC->BitMap 1 (0) BitMap->Full 0 (0) 
[2025-10-15T06:10:18.201-0700][1246 ][debug][gc,remset   ] GC(447) Coarsening (all): Inline->AoC 13787029 (423) AoC->Howl 300818 (1106) Howl->Full 0 (0) Inline->AoC 1197422 (344) AoC->BitMap 316089 (892) BitMap->Full 10 (0) 
[2025-10-15T06:10:18.201-0700][1246 ][info ][gc,heap     ] GC(447) Eden regions: 3250->0(3203)
[2025-10-15T06:10:18.201-0700][1246 ][info ][gc,heap     ] GC(447) Survivor regions: 206->253(432)
[2025-10-15T06:10:18.201-0700][1246 ][info ][gc,heap     ] GC(447) Old regions: 920->920
[2025-10-15T06:10:18.201-0700][1246 ][info ][gc,heap     ] GC(447) Humongous regions: 3->0
[2025-10-15T06:10:18.201-0700][1246 ][info ][gc,metaspace] GC(447) Metaspace: 320203K(329024K)->320203K(329024K) NonClass: 282943K(288256K)->282943K(288256K) Class: 37259K(40768K)->37259K(40768K)
[2025-10-15T06:10:18.201-0700][1246 ][info ][gc          ] GC(447) Pause Young (Normal) (G1 Evacuation Pause) 140082M->37488M(184320M) 165.794ms
[2025-10-15T06:10:18.202-0700][1246 ][info ][gc,cpu      ] GC(447) User=16.33s Sys=0.01s Real=0.17s
[2025-10-15T06:10:18.203-0700][1246 ][info ][safepoint   ] Safepoint "G1CollectForAllocation", Time since last: 2823985269 ns, Reaching safepoint: 980248 ns, Cleanup: 13069 ns, At safepoint: 169481555 ns, Total: 170474872 ns
[2025-10-15T06:10:22.205-0700][1246 ][info ][safepoint   ] Safepoint "Cleanup", Time since last: 4000306066 ns, Reaching safepoint: 942681 ns, Cleanup: 14191 ns, At safepoint: 286722 ns, Total: 1243594 ns
[2025-10-15T06:10:24.206-0700][1246 ][info ][safepoint   ] Safepoint "Cleanup", Time since last: 2000166857 ns, Reaching safepoint: 910412 ns, Cleanup: 16495 ns, At safepoint: 228334 ns, Total: 1155241 ns
[2025-10-15T06:10:25.120-0700][1246 ][info ][gc,start    ] GC(448) Pause Young (Normal) (G1 Evacuation Pause)
[2025-10-15T06:10:25.120-0700][1246 ][info ][gc,task     ] GC(448) Using 113 workers of 113 for evacuation
[2025-10-15T06:10:25.134-0700][1246 ][debug][gc,remset   ] GC(448) Visited cards 8659200 Total dirty 56819712 (15.24%) Total old 513671168 (1.69%)
[2025-10-15T06:10:25.254-0700][1246 ][info ][gc,phases   ] GC(448)   Pre Evacuate Collection Set: 0.7ms
[2025-10-15T06:10:25.254-0700][1246 ][info ][gc,phases   ] GC(448)   Merge Heap Roots: 13.8ms
[2025-10-15T06:10:25.254-0700][1246 ][info ][gc,phases   ] GC(448)   Evacuate Collection Set: 108.0ms
[2025-10-15T06:10:25.254-0700][1246 ][info ][gc,phases   ] GC(448)   Post Evacuate Collection Set: 10.9ms
[2025-10-15T06:10:25.254-0700][1246 ][info ][gc,phases   ] GC(448)   Other: 0.2ms
[2025-10-15T06:10:25.254-0700][1246 ][debug][gc,remset   ] GC(448) Coarsening (recent): Inline->AoC 2477 (0) AoC->Howl 12 (0) Howl->Full 0 (0) Inline->AoC 44 (0) AoC->BitMap 21 (0) BitMap->Full 0 (0) 
[2025-10-15T06:10:25.254-0700][1246 ][debug][gc,remset   ] GC(448) Coarsening (all): Inline->AoC 13789506 (423) AoC->Howl 300830 (1106) Howl->Full 0 (0) Inline->AoC 1197466 (344) AoC->BitMap 316110 (892) BitMap->Full 10 (0) 
[2025-10-15T06:10:25.254-0700][1246 ][info ][gc,heap     ] GC(448) Eden regions: 3203->0(3307)
[2025-10-15T06:10:25.254-0700][1246 ][info ][gc,heap     ] GC(448) Survivor regions: 253->149(432)
[2025-10-15T06:10:25.254-0700][1246 ][info ][gc,heap     ] GC(448) Old regions: 920->940
[2025-10-15T06:10:25.254-0700][1246 ][info ][gc,heap     ] GC(448) Humongous regions: 6->0
[2025-10-15T06:10:25.254-0700][1246 ][info ][gc,metaspace] GC(448) Metaspace: 320221K(329024K)->320221K(329024K) NonClass: 282959K(288256K)->282959K(288256K) Class: 37261K(40768K)->37261K(40768K)
[2025-10-15T06:10:25.254-0700][1246 ][info ][gc          ] GC(448) Pause Young (Normal) (G1 Evacuation Pause) 140176M->34798M(184320M) 133.768ms
[2025-10-15T06:10:25.255-0700][1246 ][info ][gc,cpu      ] GC(448) User=12.23s Sys=0.08s Real=0.13s
[2025-10-15T06:10:25.256-0700][1246 ][info ][safepoint   ] Safepoint "G1CollectForAllocation", Time since last: 911675114 ns, Reaching safepoint: 953637 ns, Cleanup: 21492 ns, At safepoint: 137471704 ns, Total: 138446833 ns
[2025-10-15T06:10:26.257-0700][1246 ][info ][safepoint   ] Safepoint "Cleanup", Time since last: 1000089452 ns, Reaching safepoint: 841989 ns, Cleanup: 11047 ns, At safepoint: 335656 ns, Total: 1188692 ns
[2025-10-15T06:10:28.259-0700][1246 ][info ][safepoint   ] Safepoint "Cleanup", Time since last: 2000175310 ns, Reaching safepoint: 1032175 ns, Cleanup: 19600 ns, At safepoint: 396738 ns, Total: 1448513 ns
[2025-10-15T06:10:29.262-0700][1246 ][info ][safepoint   ] Safepoint "Cleanup", Time since last: 1000110714 ns, Reaching safepoint: 1611829 ns, Cleanup: 10436 ns, At safepoint: 882560 ns, Total: 2504825 ns
[2025-10-15T06:10:32.263-0700][1246 ][info ][safepoint   ] Safepoint "Cleanup", Time since last: 3000232434 ns, Reaching safepoint: 915670 ns, Cleanup: 11567 ns, At safepoint: 179511 ns, Total: 1106748 ns
[2025-10-15T06:10:37.265-0700][1246 ][info ][safepoint   ] Safepoint "Cleanup", Time since last: 5000352790 ns, Reaching safepoint: 968450 ns, Cleanup: 13610 ns, At safepoint: 269767 ns, Total: 1251827 ns
[2025-10-15T06:10:38.267-0700][1246 ][info ][safepoint   ] Safepoint "Cleanup", Time since last: 1000104375 ns, Reaching safepoint: 1952743 ns, Cleanup: 11047 ns, At safepoint: 447224 ns, Total: 2411014 ns
[2025-10-15T06:10:38.366-0700][1246 ][info ][gc,start    ] GC(449) Pause Young (Normal) (G1 Evacuation Pause)
[2025-10-15T06:10:38.366-0700][1246 ][info ][gc,task     ] GC(449) Using 113 workers of 113 for evacuation
[2025-10-15T06:10:38.381-0700][1246 ][debug][gc,remset   ] GC(449) Visited cards 8253696 Total dirty 56295424 (14.66%) Total old 515571712 (1.60%)
[2025-10-15T06:10:38.507-0700][1246 ][info ][gc,phases   ] GC(449)   Pre Evacuate Collection Set: 0.7ms
[2025-10-15T06:10:38.507-0700][1246 ][info ][gc,phases   ] GC(449)   Merge Heap Roots: 14.4ms
[2025-10-15T06:10:38.507-0700][1246 ][info ][gc,phases   ] GC(449)   Evacuate Collection Set: 112.2ms
[2025-10-15T06:10:38.507-0700][1246 ][info ][gc,phases   ] GC(449)   Post Evacuate Collection Set: 13.4ms
[2025-10-15T06:10:38.507-0700][1246 ][info ][gc,phases   ] GC(449)   Other: 0.2ms
[2025-10-15T06:10:38.507-0700][1246 ][debug][gc,remset   ] GC(449) Coarsening (recent): Inline->AoC 12598 (0) AoC->Howl 22 (0) Howl->Full 0 (0) Inline->AoC 104 (0) AoC->BitMap 14 (0) BitMap->Full 0 (0) 
[2025-10-15T06:10:38.507-0700][1246 ][debug][gc,remset   ] GC(449) Coarsening (all): Inline->AoC 13802104 (423) AoC->Howl 300852 (1106) Howl->Full 0 (0) Inline->AoC 1197570 (344) AoC->BitMap 316124 (892) BitMap->Full 10 (0) 
[2025-10-15T06:10:38.507-0700][1246 ][info ][gc,heap     ] GC(449) Eden regions: 3307->0(3279)
[2025-10-15T06:10:38.507-0700][1246 ][info ][gc,heap     ] GC(449) Survivor regions: 149->177(432)
[2025-10-15T06:10:38.507-0700][1246 ][info ][gc,heap     ] GC(449) Old regions: 940->940
[2025-10-15T06:10:38.507-0700][1246 ][info ][gc,heap     ] GC(449) Humongous regions: 15->0
[2025-10-15T06:10:38.507-0700][1246 ][info ][gc,metaspace] GC(449) Metaspace: 320286K(329024K)->320286K(329024K) NonClass: 283017K(288256K)->283017K(288256K) Class: 37268K(40768K)->37268K(40768K)
[2025-10-15T06:10:38.507-0700][1246 ][info ][gc          ] GC(449) Pause Young (Normal) (G1 Evacuation Pause) 141102M->35698M(184320M) 141.052ms
[2025-10-15T06:10:38.508-0700][1246 ][info ][gc,cpu      ] GC(449) User=13.27s Sys=0.16s Real=0.14s
[2025-10-15T06:10:38.509-0700][1246 ][info ][safepoint   ] Safepoint "G1CollectForAllocation", Time since last: 96582879 ns, Reaching safepoint: 935721 ns, Cleanup: 5107 ns, At safepoint: 144707188 ns, Total: 145648016 ns
[2025-10-15T06:10:39.511-0700][1246 ][info ][safepoint   ] Safepoint "Cleanup", Time since last: 1000086188 ns, Reaching safepoint: 1158456 ns, Cleanup: 14572 ns, At safepoint: 296176 ns, Total: 1469204 ns
[2025-10-15T06:10:41.512-0700][1246 ][info ][safepoint   ] Safepoint "Cleanup", Time since last: 2000167027 ns, Reaching safepoint: 909010 ns, Cleanup: 10897 ns, At safepoint: 204488 ns, Total: 1124395 ns
[2025-10-15T06:10:42.515-0700][1246 ][info ][safepoint   ] Safepoint "Cleanup", Time since last: 1000117375 ns, Reaching safepoint: 1156883 ns, Cleanup: 11748 ns, At safepoint: 1078696 ns, Total: 2247327 ns
[2025-10-15T06:10:43.517-0700][1246 ][info ][safepoint   ] Safepoint "Cleanup", Time since last: 1000122181 ns, Reaching safepoint: 974209 ns, Cleanup: 16805 ns, At safepoint: 1060638 ns, Total: 2051652 ns
[2025-10-15T06:10:48.524-0700][1246 ][info ][gc,start    ] GC(450) Pause Young (Normal) (G1 Evacuation Pause)
[2025-10-15T06:10:48.524-0700][1246 ][info ][gc,task     ] GC(450) Using 113 workers of 113 for evacuation
[2025-10-15T06:10:48.538-0700][1246 ][debug][gc,remset   ] GC(450) Visited cards 8336896 Total dirty 56557568 (14.74%) Total old 515768320 (1.62%)
[2025-10-15T06:10:48.690-0700][1246 ][info ][gc,phases   ] GC(450)   Pre Evacuate Collection Set: 0.7ms
[2025-10-15T06:10:48.690-0700][1246 ][info ][gc,phases   ] GC(450)   Merge Heap Roots: 13.7ms
[2025-10-15T06:10:48.690-0700][1246 ][info ][gc,phases   ] GC(450)   Evacuate Collection Set: 137.4ms
[2025-10-15T06:10:48.690-0700][1246 ][info ][gc,phases   ] GC(450)   Post Evacuate Collection Set: 14.3ms
[2025-10-15T06:10:48.690-0700][1246 ][info ][gc,phases   ] GC(450)   Other: 0.2ms
[2025-10-15T06:10:48.690-0700][1246 ][debug][gc,remset   ] GC(450) Coarsening (recent): Inline->AoC 19738 (0) AoC->Howl 37 (0) Howl->Full 0 (0) Inline->AoC 168 (0) AoC->BitMap 30 (0) BitMap->Full 0 (0) 
[2025-10-15T06:10:48.690-0700][1246 ][debug][gc,remset   ] GC(450) Coarsening (all): Inline->AoC 13821842 (423) AoC->Howl 300889 (1106) Howl->Full 0 (0) Inline->AoC 1197738 (344) AoC->BitMap 316154 (892) BitMap->Full 10 (0) 
[2025-10-15T06:10:48.690-0700][1246 ][info ][gc,heap     ] GC(450) Eden regions: 3279->0(3235)
[2025-10-15T06:10:48.690-0700][1246 ][info ][gc,heap     ] GC(450) Survivor regions: 177->221(432)
[2025-10-15T06:10:48.690-0700][1246 ][info ][gc,heap     ] GC(450) Old regions: 940->940
[2025-10-15T06:10:48.690-0700][1246 ][info ][gc,heap     ] GC(450) Humongous regions: 18->1
[2025-10-15T06:10:48.690-0700][1246 ][info ][gc,metaspace] GC(450) Metaspace: 320292K(329024K)->320292K(329024K) NonClass: 283023K(288256K)->283023K(288256K) Class: 37268K(40768K)->37268K(40768K)
[2025-10-15T06:10:48.690-0700][1246 ][info ][gc          ] GC(450) Pause Young (Normal) (G1 Evacuation Pause) 141202M->37140M(184320M) 166.478ms
[2025-10-15T06:10:48.691-0700][1246 ][info ][gc,cpu      ] GC(450) User=15.52s Sys=0.28s Real=0.17s
[2025-10-15T06:10:48.693-0700][1246 ][info ][safepoint   ] Safepoint "G1CollectForAllocation", Time since last: 5004046588 ns, Reaching safepoint: 1571688 ns, Cleanup: 6460 ns, At safepoint: 170126968 ns, Total: 171705116 ns
[2025-10-15T06:10:50.694-0700][1246 ][info ][safepoint   ] Safepoint "Cleanup", Time since last: 2000151244 ns, Reaching safepoint: 919485 ns, Cleanup: 15283 ns, At safepoint: 299632 ns, Total: 1234400 ns
[2025-10-15T06:10:51.695-0700][1246 ][info ][safepoint   ] Safepoint "Cleanup", Time since last: 1000107440 ns, Reaching safepoint: 883982 ns, Cleanup: 23986 ns, At safepoint: 204098 ns, Total: 1112066 ns
[2025-10-15T06:10:52.696-0700][1246 ][info ][safepoint   ] Safepoint "Cleanup", Time since last: 1000100128 ns, Reaching safepoint: 871404 ns, Cleanup: 18558 ns, At safepoint: 185389 ns, Total: 1075351 ns
[2025-10-15T06:10:54.698-0700][1246 ][info ][safepoint   ] Safepoint "Cleanup", Time since last: 2000168369 ns, Reaching safepoint: 966657 ns, Cleanup: 14862 ns, At safepoint: 488687 ns, Total: 1470206 ns
[2025-10-15T06:11:00.477-0700][1246 ][info ][gc,start    ] GC(451) Pause Young (Normal) (G1 Evacuation Pause)
[2025-10-15T06:11:00.477-0700][1246 ][info ][gc,task     ] GC(451) Using 113 workers of 113 for evacuation
[2025-10-15T06:11:00.492-0700][1246 ][debug][gc,remset   ] GC(451) Visited cards 8440064 Total dirty 56754176 (14.87%) Total old 515375104 (1.64%)
[2025-10-15T06:11:00.664-0700][1246 ][info ][gc,phases   ] GC(451)   Pre Evacuate Collection Set: 0.7ms
[2025-10-15T06:11:00.664-0700][1246 ][info ][gc,phases   ] GC(451)   Merge Heap Roots: 14.0ms
[2025-10-15T06:11:00.664-0700][1246 ][info ][gc,phases   ] GC(451)   Evacuate Collection Set: 157.2ms
[2025-10-15T06:11:00.664-0700][1246 ][info ][gc,phases   ] GC(451)   Post Evacuate Collection Set: 15.5ms
[2025-10-15T06:11:00.664-0700][1246 ][info ][gc,phases   ] GC(451)   Other: 0.2ms
[2025-10-15T06:11:00.665-0700][1246 ][debug][gc,remset   ] GC(451) Coarsening (recent): Inline->AoC 22920 (0) AoC->Howl 65 (0) Howl->Full 0 (0) Inline->AoC 298 (0) AoC->BitMap 43 (0) BitMap->Full 0 (0) 
[2025-10-15T06:11:00.665-0700][1246 ][debug][gc,remset   ] GC(451) Coarsening (all): Inline->AoC 13844762 (423) AoC->Howl 300954 (1106) Howl->Full 0 (0) Inline->AoC 1198036 (344) AoC->BitMap 316197 (892) BitMap->Full 10 (0) 
[2025-10-15T06:11:00.665-0700][1246 ][info ][gc,heap     ] GC(451) Eden regions: 3235->0(2726)
[2025-10-15T06:11:00.665-0700][1246 ][info ][gc,heap     ] GC(451) Survivor regions: 221->264(432)
[2025-10-15T06:11:00.665-0700][1246 ][info ][gc,heap     ] GC(451) Old regions: 940->940
[2025-10-15T06:11:00.665-0700][1246 ][info ][gc,heap     ] GC(451) Humongous regions: 12->0
[2025-10-15T06:11:00.665-0700][1246 ][info ][gc,metaspace] GC(451) Metaspace: 320346K(329024K)->320346K(329024K) NonClass: 283072K(288256K)->283072K(288256K) Class: 37274K(40768K)->37274K(40768K)
[2025-10-15T06:11:00.665-0700][1246 ][info ][gc          ] GC(451) Pause Young (Normal) (G1 Evacuation Pause) 141012M->38493M(184320M) 187.674ms
[2025-10-15T06:11:00.666-0700][1246 ][info ][gc,cpu      ] GC(451) User=18.17s Sys=0.12s Real=0.19s
[2025-10-15T06:11:00.667-0700][1246 ][info ][safepoint   ] Safepoint "G1CollectForAllocation", Time since last: 5776842116 ns, Reaching safepoint: 887047 ns, Cleanup: 13780 ns, At safepoint: 191315361 ns, Total: 192216188 ns
[2025-10-15T06:11:02.547-0700][1246 ][info ][safepoint   ] Safepoint "Cleanup", Time since last: 1878571131 ns, Reaching safepoint: 938724 ns, Cleanup: 13030 ns, At safepoint: 413653 ns, Total: 1365407 ns
[2025-10-15T06:11:08.548-0700][1246 ][info ][safepoint   ] Safepoint "Cleanup", Time since last: 6000389113 ns, Reaching safepoint: 876932 ns, Cleanup: 12569 ns, At safepoint: 202004 ns, Total: 1091505 ns
[2025-10-15T06:11:11.473-0700][1246 ][info ][gc,start    ] GC(452) Pause Young (Normal) (G1 Evacuation Pause)
[2025-10-15T06:11:11.473-0700][1246 ][info ][gc,task     ] GC(452) Using 113 workers of 113 for evacuation
[2025-10-15T06:11:11.488-0700][1246 ][debug][gc,remset   ] GC(452) Visited cards 8375296 Total dirty 56819712 (14.74%) Total old 451608576 (1.85%)
[2025-10-15T06:11:11.681-0700][1246 ][info ][gc,mmu      ] GC(452) MMU target violated: 201.0ms (200.0ms/201.0ms)
[2025-10-15T06:11:11.682-0700][1246 ][info ][gc,phases   ] GC(452)   Pre Evacuate Collection Set: 0.7ms
[2025-10-15T06:11:11.682-0700][1246 ][info ][gc,phases   ] GC(452)   Merge Heap Roots: 13.9ms
[2025-10-15T06:11:11.682-0700][1246 ][info ][gc,phases   ] GC(452)   Evacuate Collection Set: 178.8ms
[2025-10-15T06:11:11.682-0700][1246 ][info ][gc,phases   ] GC(452)   Post Evacuate Collection Set: 15.0ms
[2025-10-15T06:11:11.682-0700][1246 ][info ][gc,phases   ] GC(452)   Other: 0.2ms
[2025-10-15T06:11:11.682-0700][1246 ][debug][gc,remset   ] GC(452) Coarsening (recent): Inline->AoC 20368 (0) AoC->Howl 90 (0) Howl->Full 0 (0) Inline->AoC 381 (0) AoC->BitMap 92 (0) BitMap->Full 0 (0) 
[2025-10-15T06:11:11.682-0700][1246 ][debug][gc,remset   ] GC(452) Coarsening (all): Inline->AoC 13865130 (423) AoC->Howl 301044 (1106) Howl->Full 0 (0) Inline->AoC 1198417 (344) AoC->BitMap 316289 (892) BitMap->Full 10 (0) 
[2025-10-15T06:11:11.682-0700][1246 ][info ][gc,heap     ] GC(452) Eden regions: 2707->0(3240)
[2025-10-15T06:11:11.682-0700][1246 ][info ][gc,heap     ] GC(452) Survivor regions: 264->216(372)
[2025-10-15T06:11:11.682-0700][1246 ][info ][gc,heap     ] GC(452) Old regions: 940->1034
[2025-10-15T06:11:11.682-0700][1246 ][info ][gc,heap     ] GC(452) Humongous regions: 9->0
[2025-10-15T06:11:11.682-0700][1246 ][info ][gc,metaspace] GC(452) Metaspace: 320352K(329024K)->320352K(329024K) NonClass: 283076K(288256K)->283076K(288256K) Class: 37275K(40768K)->37275K(40768K)
[2025-10-15T06:11:11.682-0700][1246 ][info ][gc          ] GC(452) Pause Young (Normal) (G1 Evacuation Pause) 125405M->39953M(184320M) 208.682ms
[2025-10-15T06:11:11.683-0700][1246 ][info ][gc,cpu      ] GC(452) User=19.80s Sys=0.22s Real=0.21s
[2025-10-15T06:11:11.684-0700][1246 ][info ][safepoint   ] Safepoint "G1CollectForAllocation", Time since last: 2922406833 ns, Reaching safepoint: 959977 ns, Cleanup: 6019 ns, At safepoint: 212270653 ns, Total: 213236649 ns
[2025-10-15T06:11:19.686-0700][1246 ][info ][safepoint   ] Safepoint "Cleanup", Time since last: 8000521988 ns, Reaching safepoint: 919706 ns, Cleanup: 14512 ns, At safepoint: 234293 ns, Total: 1168511 ns
[2025-10-15T06:11:23.980-0700][1246 ][info ][gc,start    ] GC(453) Pause Young (Normal) (G1 Evacuation Pause)
[2025-10-15T06:11:23.980-0700][1246 ][info ][gc,task     ] GC(453) Using 113 workers of 113 for evacuation
[2025-10-15T06:11:23.994-0700][1246 ][debug][gc,remset   ] GC(453) Visited cards 8734464 Total dirty 62455808 (13.99%) Total old 521404416 (1.68%)
[2025-10-15T06:11:24.156-0700][1246 ][info ][gc,phases   ] GC(453)   Pre Evacuate Collection Set: 0.7ms
[2025-10-15T06:11:24.156-0700][1246 ][info ][gc,phases   ] GC(453)   Merge Heap Roots: 13.9ms
[2025-10-15T06:11:24.156-0700][1246 ][info ][gc,phases   ] GC(453)   Evacuate Collection Set: 147.7ms
[2025-10-15T06:11:24.156-0700][1246 ][info ][gc,phases   ] GC(453)   Post Evacuate Collection Set: 13.7ms
[2025-10-15T06:11:24.156-0700][1246 ][info ][gc,phases   ] GC(453)   Other: 0.2ms
[2025-10-15T06:11:24.156-0700][1246 ][debug][gc,remset   ] GC(453) Coarsening (recent): Inline->AoC 34642 (0) AoC->Howl 163 (0) Howl->Full 0 (0) Inline->AoC 484 (0) AoC->BitMap 116 (0) BitMap->Full 0 (0) 
[2025-10-15T06:11:24.156-0700][1246 ][debug][gc,remset   ] GC(453) Coarsening (all): Inline->AoC 13899772 (423) AoC->Howl 301207 (1106) Howl->Full 0 (0) Inline->AoC 1198901 (344) AoC->BitMap 316405 (892) BitMap->Full 10 (0) 
[2025-10-15T06:11:24.156-0700][1246 ][info ][gc,heap     ] GC(453) Eden regions: 3240->0(3110)
[2025-10-15T06:11:24.156-0700][1246 ][info ][gc,heap     ] GC(453) Survivor regions: 216->244(432)
[2025-10-15T06:11:24.156-0700][1246 ][info ][gc,heap     ] GC(453) Old regions: 1034->1034
[2025-10-15T06:11:24.156-0700][1246 ][info ][gc,heap     ] GC(453) Humongous regions: 10->0
[2025-10-15T06:11:24.156-0700][1246 ][info ][gc,metaspace] GC(453) Metaspace: 320481K(329024K)->320481K(329024K) NonClass: 283182K(288256K)->283182K(288256K) Class: 37298K(40768K)->37298K(40768K)
[2025-10-15T06:11:24.156-0700][1246 ][info ][gc          ] GC(453) Pause Young (Normal) (G1 Evacuation Pause) 143953M->40856M(184320M) 176.349ms
[2025-10-15T06:11:24.157-0700][1246 ][info ][gc,cpu      ] GC(453) User=16.74s Sys=0.35s Real=0.17s
[2025-10-15T06:11:24.158-0700][1246 ][info ][safepoint   ] Safepoint "G1CollectForAllocation", Time since last: 4291791690 ns, Reaching safepoint: 1020658 ns, Cleanup: 5138 ns, At safepoint: 179892446 ns, Total: 180918242 ns
[2025-10-15T06:11:27.160-0700][1246 ][info ][safepoint   ] Safepoint "Cleanup", Time since last: 3000215527 ns, Reaching safepoint: 941709 ns, Cleanup: 12930 ns, At safepoint: 237297 ns, Total: 1191936 ns
[2025-10-15T06:11:28.161-0700][1246 ][info ][safepoint   ] Safepoint "Cleanup", Time since last: 1000102596 ns, Reaching safepoint: 913506 ns, Cleanup: 11157 ns, At safepoint: 365130 ns, Total: 1289793 ns
[2025-10-15T06:11:31.181-0700][1246 ][info ][safepoint   ] Safepoint "Cleanup", Time since last: 3000224100 ns, Reaching safepoint: 16728601 ns, Cleanup: 15544 ns, At safepoint: 2901452 ns, Total: 19645597 ns
[2025-10-15T06:11:32.185-0700][1246 ][info ][safepoint   ] Safepoint "Cleanup", Time since last: 1000102696 ns, Reaching safepoint: 1273319 ns, Cleanup: 25038 ns, At safepoint: 2397262 ns, Total: 3695619 ns
[2025-10-15T06:11:33.188-0700][1246 ][info ][safepoint   ] Safepoint "Cleanup", Time since last: 1000143037 ns, Reaching safepoint: 1214300 ns, Cleanup: 12669 ns, At safepoint: 1976158 ns, Total: 3203127 ns
[2025-10-15T06:11:33.507-0700][1246 ][info ][gc,start    ] GC(454) Pause Young (Normal) (G1 Evacuation Pause)
[2025-10-15T06:11:33.507-0700][1246 ][info ][gc,task     ] GC(454) Using 113 workers of 113 for evacuation
[2025-10-15T06:11:33.522-0700][1246 ][debug][gc,remset   ] GC(454) Visited cards 8849408 Total dirty 62652416 (14.12%) Total old 485556224 (1.82%)
[2025-10-15T06:11:33.717-0700][1246 ][info ][gc,mmu      ] GC(454) MMU target violated: 201.0ms (200.0ms/201.0ms)
[2025-10-15T06:11:33.717-0700][1246 ][info ][gc,phases   ] GC(454)   Pre Evacuate Collection Set: 0.8ms
[2025-10-15T06:11:33.717-0700][1246 ][info ][gc,phases   ] GC(454)   Merge Heap Roots: 14.1ms
[2025-10-15T06:11:33.717-0700][1246 ][info ][gc,phases   ] GC(454)   Evacuate Collection Set: 178.1ms
[2025-10-15T06:11:33.717-0700][1246 ][info ][gc,phases   ] GC(454)   Post Evacuate Collection Set: 16.7ms
[2025-10-15T06:11:33.717-0700][1246 ][info ][gc,phases   ] GC(454)   Other: 0.2ms
[2025-10-15T06:11:33.717-0700][1246 ][debug][gc,remset   ] GC(454) Coarsening (recent): Inline->AoC 42983 (0) AoC->Howl 83 (0) Howl->Full 0 (0) Inline->AoC 379 (0) AoC->BitMap 50 (0) BitMap->Full 0 (0) 
[2025-10-15T06:11:33.717-0700][1246 ][debug][gc,remset   ] GC(454) Coarsening (all): Inline->AoC 13942755 (423) AoC->Howl 301290 (1106) Howl->Full 0 (0) Inline->AoC 1199280 (344) AoC->BitMap 316455 (892) BitMap->Full 10 (0) 
[2025-10-15T06:11:33.717-0700][1246 ][info ][gc,heap     ] GC(454) Eden regions: 2937->0(2221)
[2025-10-15T06:11:33.717-0700][1246 ][info ][gc,heap     ] GC(454) Survivor regions: 244->257(398)
[2025-10-15T06:11:33.717-0700][1246 ][info ][gc,heap     ] GC(454) Old regions: 1034->1074
[2025-10-15T06:11:33.717-0700][1246 ][info ][gc,heap     ] GC(454) Humongous regions: 13->0
[2025-10-15T06:11:33.717-0700][1246 ][info ][gc,metaspace] GC(454) Metaspace: 320588K(329024K)->320588K(329024K) NonClass: 283277K(288256K)->283277K(288256K) Class: 37311K(40768K)->37311K(40768K)
[2025-10-15T06:11:33.717-0700][1246 ][info ][gc          ] GC(454) Pause Young (Normal) (G1 Evacuation Pause) 135256M->42560M(184320M) 210.057ms
[2025-10-15T06:11:33.718-0700][1246 ][info ][gc,cpu      ] GC(454) User=20.21s Sys=0.36s Real=0.22s
[2025-10-15T06:11:33.720-0700][1246 ][info ][safepoint   ] Safepoint "G1CollectForAllocation", Time since last: 316755279 ns, Reaching safepoint: 983813 ns, Cleanup: 3765 ns, At safepoint: 213830222 ns, Total: 214817800 ns
[2025-10-15T06:11:41.363-0700][1246 ][info ][gc,start    ] GC(455) Pause Young (Normal) (G1 Evacuation Pause)
[2025-10-15T06:11:41.363-0700][1246 ][info ][gc,task     ] GC(455) Using 113 workers of 113 for evacuation
[2025-10-15T06:11:41.378-0700][1246 ][debug][gc,remset   ] GC(455) Visited cards 8983040 Total dirty 65208320 (13.78%) Total old 399048704 (2.25%)
[2025-10-15T06:11:41.583-0700][1246 ][info ][gc,mmu      ] GC(455) MMU target violated: 201.0ms (200.0ms/201.0ms)
[2025-10-15T06:11:41.583-0700][1246 ][info ][gc,phases   ] GC(455)   Pre Evacuate Collection Set: 0.8ms
[2025-10-15T06:11:41.583-0700][1246 ][info ][gc,phases   ] GC(455)   Merge Heap Roots: 14.0ms
[2025-10-15T06:11:41.583-0700][1246 ][info ][gc,phases   ] GC(455)   Evacuate Collection Set: 192.6ms
[2025-10-15T06:11:41.583-0700][1246 ][info ][gc,phases   ] GC(455)   Post Evacuate Collection Set: 12.9ms
[2025-10-15T06:11:41.583-0700][1246 ][info ][gc,phases   ] GC(455)   Other: 0.2ms
[2025-10-15T06:11:41.583-0700][1246 ][debug][gc,remset   ] GC(455) Coarsening (recent): Inline->AoC 31625 (0) AoC->Howl 201 (0) Howl->Full 0 (0) Inline->AoC 640 (0) AoC->BitMap 157 (0) BitMap->Full 0 (0) 
[2025-10-15T06:11:41.583-0700][1246 ][debug][gc,remset   ] GC(455) Coarsening (all): Inline->AoC 13974380 (423) AoC->Howl 301491 (1106) Howl->Full 0 (0) Inline->AoC 1199920 (344) AoC->BitMap 316612 (892) BitMap->Full 10 (0) 
[2025-10-15T06:11:41.583-0700][1246 ][info ][gc,heap     ] GC(455) Eden regions: 2245->0(3259)
[2025-10-15T06:11:41.583-0700][1246 ][info ][gc,heap     ] GC(455) Survivor regions: 257->197(313)
[2025-10-15T06:11:41.583-0700][1246 ][info ][gc,heap     ] GC(455) Old regions: 1074->1186
[2025-10-15T06:11:41.583-0700][1246 ][info ][gc,heap     ] GC(455) Humongous regions: 11->0
[2025-10-15T06:11:41.583-0700][1246 ][info ][gc,metaspace] GC(455) Metaspace: 320588K(329024K)->320588K(329024K) NonClass: 283277K(288256K)->283277K(288256K) Class: 37311K(40768K)->37311K(40768K)
[2025-10-15T06:11:41.583-0700][1246 ][info ][gc          ] GC(455) Pause Young (Normal) (G1 Evacuation Pause) 114752M->44243M(184320M) 220.587ms
[2025-10-15T06:11:41.585-0700][1246 ][info ][gc,cpu      ] GC(455) User=21.27s Sys=0.17s Real=0.22s
[2025-10-15T06:11:41.586-0700][1246 ][info ][safepoint   ] Safepoint "G1CollectForAllocation", Time since last: 7640730332 ns, Reaching safepoint: 915540 ns, Cleanup: 20691 ns, At safepoint: 224488996 ns, Total: 225425227 ns
[2025-10-15T06:11:41.712-0700][1246 ][info ][gc,start    ] GC(456) Pause Young (Concurrent Start) (G1 Humongous Allocation)
[2025-10-15T06:11:41.712-0700][1246 ][info ][gc,task     ] GC(456) Using 113 workers of 113 for evacuation
[2025-10-15T06:11:41.722-0700][1246 ][debug][gc,remset   ] GC(456) Visited cards 8153600 Total dirty 71499776 (11.40%) Total old 114163712 (7.14%)
[2025-10-15T06:11:41.851-0700][1246 ][info ][gc,phases   ] GC(456)   Pre Evacuate Collection Set: 1.0ms
[2025-10-15T06:11:41.851-0700][1246 ][info ][gc,phases   ] GC(456)   Merge Heap Roots: 9.3ms
[2025-10-15T06:11:41.851-0700][1246 ][info ][gc,phases   ] GC(456)   Evacuate Collection Set: 118.9ms
[2025-10-15T06:11:41.851-0700][1246 ][info ][gc,phases   ] GC(456)   Post Evacuate Collection Set: 9.4ms
[2025-10-15T06:11:41.851-0700][1246 ][info ][gc,phases   ] GC(456)   Other: 0.1ms
[2025-10-15T06:11:41.851-0700][1246 ][debug][gc,remset   ] GC(456) Coarsening (recent): Inline->AoC 0 (0) AoC->Howl 0 (0) Howl->Full 0 (0) Inline->AoC 0 (0) AoC->BitMap 0 (0) BitMap->Full 0 (0) 
[2025-10-15T06:11:41.851-0700][1246 ][debug][gc,remset   ] GC(456) Coarsening (all): Inline->AoC 13974380 (423) AoC->Howl 301491 (1106) Howl->Full 0 (0) Inline->AoC 1199920 (344) AoC->BitMap 316612 (892) BitMap->Full 10 (0) 
[2025-10-15T06:11:41.851-0700][1246 ][info ][gc,heap     ] GC(456) Eden regions: 81->0(847)
[2025-10-15T06:11:41.851-0700][1246 ][info ][gc,heap     ] GC(456) Survivor regions: 197->203(432)
[2025-10-15T06:11:41.851-0700][1246 ][info ][gc,heap     ] GC(456) Old regions: 1186->1186
[2025-10-15T06:11:41.851-0700][1246 ][info ][gc,heap     ] GC(456) Humongous regions: 0->0
[2025-10-15T06:11:41.851-0700][1246 ][info ][gc,metaspace] GC(456) Metaspace: 320588K(329024K)->320588K(329024K) NonClass: 283277K(288256K)->283277K(288256K) Class: 37311K(40768K)->37311K(40768K)
[2025-10-15T06:11:41.851-0700][1246 ][info ][gc          ] GC(456) Pause Young (Concurrent Start) (G1 Humongous Allocation) 46832M->44414M(184320M) 138.845ms
[2025-10-15T06:11:41.851-0700][1085 ][info ][gc          ] GC(457) Concurrent Mark Cycle
[2025-10-15T06:11:41.851-0700][1085 ][info ][gc,marking  ] GC(457) Concurrent Scan Root Regions
[2025-10-15T06:11:41.852-0700][1246 ][info ][gc,cpu      ] GC(456) User=11.66s Sys=0.06s Real=0.14s
[2025-10-15T06:11:41.854-0700][1246 ][info ][safepoint   ] Safepoint "G1TryInitiateConcMark", Time since last: 123406805 ns, Reaching safepoint: 1228431 ns, Cleanup: 13851 ns, At safepoint: 143486788 ns, Total: 144729070 ns
[2025-10-15T06:11:41.950-0700][1085 ][info ][gc,marking  ] GC(457) Concurrent Scan Root Regions 98.760ms
[2025-10-15T06:11:41.950-0700][1085 ][info ][gc,marking  ] GC(457) Concurrent Mark
[2025-10-15T06:11:41.950-0700][1085 ][info ][gc,marking  ] GC(457) Concurrent Mark From Roots
[2025-10-15T06:11:41.950-0700][1085 ][info ][gc,task     ] GC(457) Using 36 workers of 36 for marking
[2025-10-15T06:11:42.246-0700][1085 ][info ][gc,marking  ] GC(457) Concurrent Mark From Roots 295.802ms
[2025-10-15T06:11:42.246-0700][1085 ][info ][gc,marking  ] GC(457) Concurrent Preclean
[2025-10-15T06:11:42.290-0700][1085 ][info ][gc,marking  ] GC(457) Concurrent Preclean 43.991ms
[2025-10-15T06:11:42.292-0700][1246 ][info ][gc,start    ] GC(457) Pause Remark
[2025-10-15T06:11:42.473-0700][1246 ][info ][gc          ] GC(457) Pause Remark 49964M->48652M(184320M) 181.184ms
[2025-10-15T06:11:42.475-0700][1246 ][info ][gc,cpu      ] GC(457) User=14.18s Sys=0.21s Real=0.18s
[2025-10-15T06:11:42.478-0700][1246 ][info ][safepoint   ] Safepoint "G1PauseRemark", Time since last: 435719879 ns, Reaching safepoint: 1124755 ns, Cleanup: 6500 ns, At safepoint: 186762668 ns, Total: 187893923 ns
[2025-10-15T06:11:42.479-0700][1085 ][info ][gc,marking  ] GC(457) Concurrent Mark 528.722ms
[2025-10-15T06:11:42.479-0700][1085 ][info ][gc,marking  ] GC(457) Concurrent Rebuild Remembered Sets and Scrub Regions
[2025-10-15T06:11:42.952-0700][1085 ][info ][gc,marking  ] GC(457) Concurrent Rebuild Remembered Sets and Scrub Regions 473.162ms
[2025-10-15T06:11:42.955-0700][1246 ][info ][gc,start    ] GC(457) Pause Cleanup
[2025-10-15T06:11:42.957-0700][1246 ][info ][gc          ] GC(457) Pause Cleanup 55133M->55133M(184320M) 2.284ms
[2025-10-15T06:11:42.958-0700][1246 ][info ][gc,cpu      ] GC(457) User=0.02s Sys=0.00s Real=0.00s
[2025-10-15T06:11:42.959-0700][1246 ][info ][safepoint   ] Safepoint "G1PauseCleanup", Time since last: 474196427 ns, Reaching safepoint: 1496315 ns, Cleanup: 29525 ns, At safepoint: 5571927 ns, Total: 7097767 ns
[2025-10-15T06:11:42.959-0700][1085 ][info ][gc,marking  ] GC(457) Concurrent Clear Claimed Marks
[2025-10-15T06:11:42.960-0700][1085 ][info ][gc,marking  ] GC(457) Concurrent Clear Claimed Marks 1.069ms
[2025-10-15T06:11:42.960-0700][1085 ][info ][gc,marking  ] GC(457) Concurrent Cleanup for Next Mark
[2025-10-15T06:11:42.994-0700][1085 ][info ][gc,marking  ] GC(457) Concurrent Cleanup for Next Mark 33.855ms
[2025-10-15T06:11:42.994-0700][1085 ][info ][gc          ] GC(457) Concurrent Mark Cycle 1143.000ms
[2025-10-15T06:11:43.961-0700][1246 ][info ][safepoint   ] Safepoint "Cleanup", Time since last: 1000097327 ns, Reaching safepoint: 1165166 ns, Cleanup: 14172 ns, At safepoint: 455496 ns, Total: 1634834 ns
[2025-10-15T06:11:43.985-0700][1246 ][info ][gc,start    ] GC(458) Pause Young (Prepare Mixed) (G1 Evacuation Pause)
[2025-10-15T06:11:43.985-0700][1246 ][info ][gc,task     ] GC(458) Using 113 workers of 113 for evacuation
[2025-10-15T06:11:43.999-0700][1246 ][debug][gc,remset   ] GC(458) Visited cards 8905472 Total dirty 71434240 (12.47%) Total old 198705152 (4.48%)
[2025-10-15T06:11:44.121-0700][1246 ][info ][gc,phases   ] GC(458)   Pre Evacuate Collection Set: 0.7ms
[2025-10-15T06:11:44.121-0700][1246 ][info ][gc,phases   ] GC(458)   Merge Heap Roots: 12.8ms
[2025-10-15T06:11:44.121-0700][1246 ][info ][gc,phases   ] GC(458)   Evacuate Collection Set: 111.5ms
[2025-10-15T06:11:44.121-0700][1246 ][info ][gc,phases   ] GC(458)   Post Evacuate Collection Set: 10.8ms
[2025-10-15T06:11:44.121-0700][1246 ][info ][gc,phases   ] GC(458)   Other: 0.1ms
[2025-10-15T06:11:44.121-0700][1246 ][debug][gc,remset   ] GC(458) Coarsening (recent): Inline->AoC 160690 (10) AoC->Howl 10504 (19) Howl->Full 0 (0) Inline->AoC 41583 (8) AoC->BitMap 11898 (12) BitMap->Full 0 (0) 
[2025-10-15T06:11:44.121-0700][1246 ][debug][gc,remset   ] GC(458) Coarsening (all): Inline->AoC 14135070 (433) AoC->Howl 311995 (1125) Howl->Full 0 (0) Inline->AoC 1241503 (352) AoC->BitMap 328510 (904) BitMap->Full 10 (0) 
[2025-10-15T06:11:44.121-0700][1246 ][info ][gc,heap     ] GC(458) Eden regions: 739->0(1933)
[2025-10-15T06:11:44.121-0700][1246 ][info ][gc,heap     ] GC(458) Survivor regions: 203->50(118)
[2025-10-15T06:11:44.121-0700][1246 ][info ][gc,heap     ] GC(458) Old regions: 1145->1295
[2025-10-15T06:11:44.121-0700][1246 ][info ][gc,heap     ] GC(458) Humongous regions: 3->0
[2025-10-15T06:11:44.121-0700][1246 ][info ][gc,metaspace] GC(458) Metaspace: 319869K(328832K)->319869K(328832K) NonClass: 282662K(288064K)->282662K(288064K) Class: 37206K(40768K)->37206K(40768K)
[2025-10-15T06:11:44.121-0700][1246 ][info ][gc          ] GC(458) Pause Young (Prepare Mixed) (G1 Evacuation Pause) 66846M->43018M(184320M) 136.143ms
[2025-10-15T06:11:44.122-0700][1246 ][info ][gc,cpu      ] GC(458) User=12.97s Sys=0.03s Real=0.14s
[2025-10-15T06:11:44.124-0700][1246 ][info ][safepoint   ] Safepoint "G1CollectForAllocation", Time since last: 22357325 ns, Reaching safepoint: 772674 ns, Cleanup: 4236 ns, At safepoint: 139774994 ns, Total: 140551904 ns
[2025-10-15T06:11:49.898-0700][1246 ][info ][gc,start    ] GC(459) Pause Young (Mixed) (G1 Evacuation Pause)
[2025-10-15T06:11:49.898-0700][1246 ][info ][gc,task     ] GC(459) Using 113 workers of 113 for evacuation
[2025-10-15T06:11:49.913-0700][1246 ][debug][gc,remset   ] GC(459) Visited cards 11248384 Total dirty 76414976 (14.72%) Total old 379453440 (2.96%)
[2025-10-15T06:11:49.976-0700][1246 ][info ][gc,phases   ] GC(459)   Pre Evacuate Collection Set: 0.7ms
[2025-10-15T06:11:49.976-0700][1246 ][info ][gc,phases   ] GC(459)   Merge Heap Roots: 14.2ms
[2025-10-15T06:11:49.976-0700][1246 ][info ][gc,phases   ] GC(459)   Evacuate Collection Set: 52.2ms
[2025-10-15T06:11:49.976-0700][1246 ][info ][gc,phases   ] GC(459)   Post Evacuate Collection Set: 10.7ms
[2025-10-15T06:11:49.976-0700][1246 ][info ][gc,phases   ] GC(459)   Other: 0.2ms
[2025-10-15T06:11:49.976-0700][1246 ][debug][gc,remset   ] GC(459) Coarsening (recent): Inline->AoC 17426 (30) AoC->Howl 459 (92) Howl->Full 0 (0) Inline->AoC 1200 (37) AoC->BitMap 317 (70) BitMap->Full 0 (0) 
[2025-10-15T06:11:49.976-0700][1246 ][debug][gc,remset   ] GC(459) Coarsening (all): Inline->AoC 14152496 (463) AoC->Howl 312454 (1217) Howl->Full 0 (0) Inline->AoC 1242703 (389) AoC->BitMap 328827 (974) BitMap->Full 10 (0) 
[2025-10-15T06:11:49.976-0700][1246 ][info ][gc,heap     ] GC(459) Eden regions: 2161->0(2239)
[2025-10-15T06:11:49.976-0700][1246 ][info ][gc,heap     ] GC(459) Survivor regions: 50->66(277)
[2025-10-15T06:11:49.976-0700][1246 ][info ][gc,heap     ] GC(459) Old regions: 1295->1246
[2025-10-15T06:11:49.976-0700][1246 ][info ][gc,heap     ] GC(459) Humongous regions: 5->0
[2025-10-15T06:11:49.976-0700][1246 ][info ][gc,metaspace] GC(459) Metaspace: 319916K(328832K)->319916K(328832K) NonClass: 282703K(288064K)->282703K(288064K) Class: 37213K(40768K)->37213K(40768K)
[2025-10-15T06:11:49.976-0700][1246 ][info ][gc          ] GC(459) Pause Young (Mixed) (G1 Evacuation Pause) 112330M->41948M(184320M) 78.165ms
[2025-10-15T06:11:49.977-0700][1246 ][info ][gc,cpu      ] GC(459) User=7.26s Sys=0.11s Real=0.08s
[2025-10-15T06:11:49.978-0700][1246 ][info ][safepoint   ] Safepoint "G1CollectForAllocation", Time since last: 5771973807 ns, Reaching safepoint: 897543 ns, Cleanup: 6710 ns, At safepoint: 81781522 ns, Total: 82685775 ns
[2025-10-15T06:11:59.672-0700][1246 ][info ][gc,start    ] GC(460) Pause Young (Mixed) (G1 Evacuation Pause)
[2025-10-15T06:11:59.672-0700][1246 ][info ][gc,task     ] GC(460) Using 113 workers of 113 for evacuation
[2025-10-15T06:11:59.688-0700][1246 ][debug][gc,remset   ] GC(460) Visited cards 12530688 Total dirty 75366400 (16.63%) Total old 414187520 (3.03%)
[2025-10-15T06:11:59.773-0700][1246 ][info ][gc,phases   ] GC(460)   Pre Evacuate Collection Set: 0.7ms
[2025-10-15T06:11:59.773-0700][1246 ][info ][gc,phases   ] GC(460)   Merge Heap Roots: 14.7ms
[2025-10-15T06:11:59.773-0700][1246 ][info ][gc,phases   ] GC(460)   Evacuate Collection Set: 73.7ms
[2025-10-15T06:11:59.773-0700][1246 ][info ][gc,phases   ] GC(460)   Post Evacuate Collection Set: 11.8ms
[2025-10-15T06:11:59.773-0700][1246 ][info ][gc,phases   ] GC(460)   Other: 0.2ms
[2025-10-15T06:11:59.774-0700][1246 ][debug][gc,remset   ] GC(460) Coarsening (recent): Inline->AoC 17183 (1) AoC->Howl 175 (0) Howl->Full 0 (0) Inline->AoC 517 (0) AoC->BitMap 125 (0) BitMap->Full 0 (0) 
[2025-10-15T06:11:59.774-0700][1246 ][debug][gc,remset   ] GC(460) Coarsening (all): Inline->AoC 14169679 (464) AoC->Howl 312629 (1217) Howl->Full 0 (0) Inline->AoC 1243220 (389) AoC->BitMap 328952 (974) BitMap->Full 10 (0) 
[2025-10-15T06:11:59.774-0700][1246 ][info ][gc,heap     ] GC(460) Eden regions: 2432->0(2193)
[2025-10-15T06:11:59.774-0700][1246 ][info ][gc,heap     ] GC(460) Survivor regions: 66->108(313)
[2025-10-15T06:11:59.774-0700][1246 ][info ][gc,heap     ] GC(460) Old regions: 1246->1183
[2025-10-15T06:11:59.774-0700][1246 ][info ][gc,heap     ] GC(460) Humongous regions: 10->0
[2025-10-15T06:11:59.774-0700][1246 ][info ][gc,metaspace] GC(460) Metaspace: 319942K(328832K)->319942K(328832K) NonClass: 282723K(288064K)->282723K(288064K) Class: 37218K(40768K)->37218K(40768K)
[2025-10-15T06:11:59.774-0700][1246 ][info ][gc          ] GC(460) Pause Young (Mixed) (G1 Evacuation Pause) 120092M->41306M(184320M) 101.257ms
[2025-10-15T06:11:59.775-0700][1246 ][info ][gc,cpu      ] GC(460) User=10.05s Sys=0.08s Real=0.10s
[2025-10-15T06:11:59.776-0700][1246 ][info ][safepoint   ] Safepoint "G1CollectForAllocation", Time since last: 9691849155 ns, Reaching safepoint: 919435 ns, Cleanup: 5238 ns, At safepoint: 104732892 ns, Total: 105657565 ns
[2025-10-15T06:12:09.582-0700][1246 ][info ][safepoint   ] Safepoint "Cleanup", Time since last: 9804674102 ns, Reaching safepoint: 990823 ns, Cleanup: 11928 ns, At safepoint: 279221 ns, Total: 1281972 ns
[2025-10-15T06:12:13.500-0700][1246 ][info ][gc,start    ] GC(461) Pause Young (Mixed) (G1 Evacuation Pause)
[2025-10-15T06:12:13.500-0700][1246 ][info ][gc,task     ] GC(461) Using 113 workers of 113 for evacuation
[2025-10-15T06:12:13.515-0700][1246 ][debug][gc,remset   ] GC(461) Visited cards 12890112 Total dirty 72286208 (17.83%) Total old 406913024 (3.17%)
[2025-10-15T06:12:13.638-0700][1246 ][info ][gc,phases   ] GC(461)   Pre Evacuate Collection Set: 0.7ms
[2025-10-15T06:12:13.638-0700][1246 ][info ][gc,phases   ] GC(461)   Merge Heap Roots: 14.0ms
[2025-10-15T06:12:13.638-0700][1246 ][info ][gc,phases   ] GC(461)   Evacuate Collection Set: 110.5ms
[2025-10-15T06:12:13.638-0700][1246 ][info ][gc,phases   ] GC(461)   Post Evacuate Collection Set: 12.9ms
[2025-10-15T06:12:13.638-0700][1246 ][info ][gc,phases   ] GC(461)   Other: 0.2ms
[2025-10-15T06:12:13.638-0700][1246 ][debug][gc,remset   ] GC(461) Coarsening (recent): Inline->AoC 17880 (0) AoC->Howl 230 (0) Howl->Full 0 (0) Inline->AoC 1037 (0) AoC->BitMap 100 (0) BitMap->Full 0 (0) 
[2025-10-15T06:12:13.638-0700][1246 ][debug][gc,remset   ] GC(461) Coarsening (all): Inline->AoC 14187559 (464) AoC->Howl 312859 (1217) Howl->Full 0 (0) Inline->AoC 1244257 (389) AoC->BitMap 329052 (974) BitMap->Full 10 (0) 
[2025-10-15T06:12:13.638-0700][1246 ][info ][gc,heap     ] GC(461) Eden regions: 2365->0(1822)
[2025-10-15T06:12:13.638-0700][1246 ][info ][gc,heap     ] GC(461) Survivor regions: 108->163(310)
[2025-10-15T06:12:13.638-0700][1246 ][info ][gc,heap     ] GC(461) Old regions: 1183->1117
[2025-10-15T06:12:13.638-0700][1246 ][info ][gc,heap     ] GC(461) Humongous regions: 12->0
[2025-10-15T06:12:13.638-0700][1246 ][info ][gc,metaspace] GC(461) Metaspace: 319965K(328832K)->319965K(328832K) NonClass: 282743K(288064K)->282743K(288064K) Class: 37221K(40768K)->37221K(40768K)
[2025-10-15T06:12:13.638-0700][1246 ][info ][gc          ] GC(461) Pause Young (Mixed) (G1 Evacuation Pause) 117370M->40933M(184320M) 138.534ms
[2025-10-15T06:12:13.640-0700][1246 ][info ][gc,cpu      ] GC(461) User=12.61s Sys=0.04s Real=0.14s
[2025-10-15T06:12:13.641-0700][1246 ][info ][safepoint   ] Safepoint "G1CollectForAllocation", Time since last: 3915892825 ns, Reaching safepoint: 964193 ns, Cleanup: 15574 ns, At safepoint: 142040347 ns, Total: 143020114 ns
[2025-10-15T06:12:20.642-0700][1246 ][info ][safepoint   ] Safepoint "Cleanup", Time since last: 7000460999 ns, Reaching safepoint: 888068 ns, Cleanup: 18248 ns, At safepoint: 211749 ns, Total: 1118065 ns
[2025-10-15T06:12:24.683-0700][1246 ][info ][gc,start    ] GC(462) Pause Young (Mixed) (G1 Evacuation Pause)
[2025-10-15T06:12:24.683-0700][1246 ][info ][gc,task     ] GC(462) Using 113 workers of 113 for evacuation
[2025-10-15T06:12:24.698-0700][1246 ][debug][gc,remset   ] GC(462) Visited cards 13178112 Total dirty 68157440 (19.33%) Total old 366280704 (3.60%)
[2025-10-15T06:12:24.826-0700][1246 ][info ][gc,phases   ] GC(462)   Pre Evacuate Collection Set: 0.7ms
[2025-10-15T06:12:24.826-0700][1246 ][info ][gc,phases   ] GC(462)   Merge Heap Roots: 13.4ms
[2025-10-15T06:12:24.826-0700][1246 ][info ][gc,phases   ] GC(462)   Evacuate Collection Set: 116.3ms
[2025-10-15T06:12:24.826-0700][1246 ][info ][gc,phases   ] GC(462)   Post Evacuate Collection Set: 12.0ms
[2025-10-15T06:12:24.826-0700][1246 ][info ][gc,phases   ] GC(462)   Other: 0.2ms
[2025-10-15T06:12:24.826-0700][1246 ][debug][gc,remset   ] GC(462) Coarsening (recent): Inline->AoC 17547 (0) AoC->Howl 292 (0) Howl->Full 0 (0) Inline->AoC 1471 (0) AoC->BitMap 84 (0) BitMap->Full 0 (0) 
[2025-10-15T06:12:24.826-0700][1246 ][debug][gc,remset   ] GC(462) Coarsening (all): Inline->AoC 14205106 (464) AoC->Howl 313151 (1217) Howl->Full 0 (0) Inline->AoC 1245728 (389) AoC->BitMap 329136 (974) BitMap->Full 10 (0) 
[2025-10-15T06:12:24.826-0700][1246 ][info ][gc,heap     ] GC(462) Eden regions: 2033->0(1786)
[2025-10-15T06:12:24.826-0700][1246 ][info ][gc,heap     ] GC(462) Survivor regions: 163->184(275)
[2025-10-15T06:12:24.826-0700][1246 ][info ][gc,heap     ] GC(462) Old regions: 1117->1063
[2025-10-15T06:12:24.826-0700][1246 ][info ][gc,heap     ] GC(462) Humongous regions: 12->0
[2025-10-15T06:12:24.826-0700][1246 ][info ][gc,metaspace] GC(462) Metaspace: 320004K(328832K)->320004K(328832K) NonClass: 282776K(288064K)->282776K(288064K) Class: 37228K(40768K)->37228K(40768K)
[2025-10-15T06:12:24.826-0700][1246 ][info ][gc          ] GC(462) Pause Young (Mixed) (G1 Evacuation Pause) 106373M->39895M(184320M) 142.872ms
[2025-10-15T06:12:24.827-0700][1246 ][info ][gc,cpu      ] GC(462) User=14.05s Sys=0.12s Real=0.14s
[2025-10-15T06:12:24.829-0700][1246 ][info ][safepoint   ] Safepoint "G1CollectForAllocation", Time since last: 4039007540 ns, Reaching safepoint: 930483 ns, Cleanup: 18728 ns, At safepoint: 146446087 ns, Total: 147395298 ns
[2025-10-15T06:12:30.831-0700][1246 ][info ][safepoint   ] Safepoint "Cleanup", Time since last: 6000393624 ns, Reaching safepoint: 985716 ns, Cleanup: 12899 ns, At safepoint: 440804 ns, Total: 1439419 ns
[2025-10-15T06:12:34.912-0700][1246 ][info ][gc,start    ] GC(463) Pause Young (Mixed) (G1 Evacuation Pause)
[2025-10-15T06:12:34.912-0700][1246 ][info ][gc,task     ] GC(463) Using 113 workers of 113 for evacuation
[2025-10-15T06:12:34.927-0700][1246 ][debug][gc,remset   ] GC(463) Visited cards 13854464 Total dirty 64749568 (21.40%) Total old 358350848 (3.87%)
[2025-10-15T06:12:35.065-0700][1246 ][info ][gc,phases   ] GC(463)   Pre Evacuate Collection Set: 0.8ms
[2025-10-15T06:12:35.065-0700][1246 ][info ][gc,phases   ] GC(463)   Merge Heap Roots: 14.0ms
[2025-10-15T06:12:35.065-0700][1246 ][info ][gc,phases   ] GC(463)   Evacuate Collection Set: 124.6ms
[2025-10-15T06:12:35.065-0700][1246 ][info ][gc,phases   ] GC(463)   Post Evacuate Collection Set: 13.5ms
[2025-10-15T06:12:35.065-0700][1246 ][info ][gc,phases   ] GC(463)   Other: 0.2ms
[2025-10-15T06:12:35.065-0700][1246 ][debug][gc,remset   ] GC(463) Coarsening (recent): Inline->AoC 23405 (0) AoC->Howl 262 (0) Howl->Full 0 (0) Inline->AoC 1296 (0) AoC->BitMap 72 (0) BitMap->Full 0 (0) 
[2025-10-15T06:12:35.065-0700][1246 ][debug][gc,remset   ] GC(463) Coarsening (all): Inline->AoC 14228511 (464) AoC->Howl 313413 (1217) Howl->Full 0 (0) Inline->AoC 1247024 (389) AoC->BitMap 329208 (974) BitMap->Full 10 (0) 
[2025-10-15T06:12:35.065-0700][1246 ][info ][gc,heap     ] GC(463) Eden regions: 1981->0(2442)
[2025-10-15T06:12:35.065-0700][1246 ][info ][gc,heap     ] GC(463) Survivor regions: 184->144(271)
[2025-10-15T06:12:35.065-0700][1246 ][info ][gc,heap     ] GC(463) Old regions: 1063->1059
[2025-10-15T06:12:35.065-0700][1246 ][info ][gc,heap     ] GC(463) Humongous regions: 7->0
[2025-10-15T06:12:35.065-0700][1246 ][info ][gc,metaspace] GC(463) Metaspace: 320011K(328832K)->320011K(328832K) NonClass: 282782K(288064K)->282782K(288064K) Class: 37228K(40768K)->37228K(40768K)
[2025-10-15T06:12:35.065-0700][1246 ][info ][gc          ] GC(463) Pause Young (Mixed) (G1 Evacuation Pause) 103511M->38465M(184320M) 153.204ms
[2025-10-15T06:12:35.067-0700][1246 ][info ][gc,cpu      ] GC(463) User=14.88s Sys=0.15s Real=0.15s
[2025-10-15T06:12:35.068-0700][1246 ][info ][safepoint   ] Safepoint "G1CollectForAllocation", Time since last: 4079576807 ns, Reaching safepoint: 922821 ns, Cleanup: 7061 ns, At safepoint: 156835454 ns, Total: 157765336 ns
[2025-10-15T06:12:43.070-0700][1246 ][info ][safepoint   ] Safepoint "Cleanup", Time since last: 8000504255 ns, Reaching safepoint: 924013 ns, Cleanup: 12268 ns, At safepoint: 388656 ns, Total: 1324937 ns
[2025-10-15T06:12:44.071-0700][1246 ][info ][safepoint   ] Safepoint "Cleanup", Time since last: 1000111633 ns, Reaching safepoint: 898734 ns, Cleanup: 11508 ns, At safepoint: 322315 ns, Total: 1232557 ns
[2025-10-15T06:12:45.072-0700][1246 ][info ][safepoint   ] Safepoint "Cleanup", Time since last: 1000100316 ns, Reaching safepoint: 802570 ns, Cleanup: 13640 ns, At safepoint: 238410 ns, Total: 1054620 ns
[2025-10-15T06:12:46.719-0700][1246 ][info ][gc,start    ] GC(464) Pause Young (Mixed) (G1 Evacuation Pause)
[2025-10-15T06:12:46.719-0700][1246 ][info ][gc,task     ] GC(464) Using 113 workers of 113 for evacuation
[2025-10-15T06:12:46.732-0700][1246 ][debug][gc,remset   ] GC(464) Visited cards 12862464 Total dirty 64159744 (20.05%) Total old 418643968 (3.07%)
[2025-10-15T06:12:46.855-0700][1246 ][info ][gc,phases   ] GC(464)   Pre Evacuate Collection Set: 0.7ms
[2025-10-15T06:12:46.856-0700][1246 ][info ][gc,phases   ] GC(464)   Merge Heap Roots: 12.3ms
[2025-10-15T06:12:46.856-0700][1246 ][info ][gc,phases   ] GC(464)   Evacuate Collection Set: 110.2ms
[2025-10-15T06:12:46.856-0700][1246 ][info ][gc,phases   ] GC(464)   Post Evacuate Collection Set: 13.4ms
[2025-10-15T06:12:46.856-0700][1246 ][info ][gc,phases   ] GC(464)   Other: 0.2ms
[2025-10-15T06:12:46.856-0700][1246 ][debug][gc,remset   ] GC(464) Coarsening (recent): Inline->AoC 44182 (0) AoC->Howl 359 (0) Howl->Full 0 (0) Inline->AoC 1042 (0) AoC->BitMap 269 (0) BitMap->Full 0 (0) 
[2025-10-15T06:12:46.856-0700][1246 ][debug][gc,remset   ] GC(464) Coarsening (all): Inline->AoC 14272693 (464) AoC->Howl 313772 (1217) Howl->Full 0 (0) Inline->AoC 1248066 (389) AoC->BitMap 329477 (974) BitMap->Full 10 (0) 
[2025-10-15T06:12:46.856-0700][1246 ][info ][gc,heap     ] GC(464) Eden regions: 2481->0(2348)
[2025-10-15T06:12:46.856-0700][1246 ][info ][gc,heap     ] GC(464) Survivor regions: 144->167(329)
[2025-10-15T06:12:46.856-0700][1246 ][info ][gc,heap     ] GC(464) Old regions: 1059->1005
[2025-10-15T06:12:46.856-0700][1246 ][info ][gc,heap     ] GC(464) Humongous regions: 11->0
[2025-10-15T06:12:46.856-0700][1246 ][info ][gc,metaspace] GC(464) Metaspace: 320029K(328832K)->320029K(328832K) NonClass: 282799K(288064K)->282799K(288064K) Class: 37230K(40768K)->37230K(40768K)
[2025-10-15T06:12:46.856-0700][1246 ][info ][gc          ] GC(464) Pause Young (Mixed) (G1 Evacuation Pause) 118209M->37458M(184320M) 136.899ms
[2025-10-15T06:12:46.857-0700][1246 ][info ][gc,cpu      ] GC(464) User=13.15s Sys=0.27s Real=0.13s
[2025-10-15T06:12:46.858-0700][1246 ][info ][safepoint   ] Safepoint "G1CollectForAllocation", Time since last: 1644240098 ns, Reaching safepoint: 1083133 ns, Cleanup: 6660 ns, At safepoint: 140476920 ns, Total: 141566713 ns
[2025-10-15T06:12:50.859-0700][1246 ][info ][safepoint   ] Safepoint "Cleanup", Time since last: 4000248282 ns, Reaching safepoint: 841679 ns, Cleanup: 12929 ns, At safepoint: 139410 ns, Total: 994018 ns
[2025-10-15T06:12:53.861-0700][1246 ][info ][safepoint   ] Safepoint "Cleanup", Time since last: 3000228548 ns, Reaching safepoint: 1037273 ns, Cleanup: 14542 ns, At safepoint: 228955 ns, Total: 1280770 ns
[2025-10-15T06:12:54.862-0700][1246 ][info ][safepoint   ] Safepoint "Cleanup", Time since last: 1000098213 ns, Reaching safepoint: 933447 ns, Cleanup: 10325 ns, At safepoint: 204038 ns, Total: 1147810 ns
[2025-10-15T06:12:56.863-0700][1246 ][info ][safepoint   ] Safepoint "Cleanup", Time since last: 2000158618 ns, Reaching safepoint: 781377 ns, Cleanup: 12609 ns, At safepoint: 126881 ns, Total: 920867 ns
[2025-10-15T06:12:59.027-0700][1246 ][info ][gc,start    ] GC(465) Pause Young (Mixed) (G1 Evacuation Pause)
[2025-10-15T06:12:59.027-0700][1246 ][info ][gc,task     ] GC(465) Using 113 workers of 113 for evacuation
[2025-10-15T06:12:59.040-0700][1246 ][debug][gc,remset   ] GC(465) Visited cards 14019328 Total dirty 61079552 (22.95%) Total old 414318592 (3.38%)
[2025-10-15T06:12:59.200-0700][1246 ][info ][gc,phases   ] GC(465)   Pre Evacuate Collection Set: 0.8ms
[2025-10-15T06:12:59.200-0700][1246 ][info ][gc,phases   ] GC(465)   Merge Heap Roots: 12.9ms
[2025-10-15T06:12:59.200-0700][1246 ][info ][gc,phases   ] GC(465)   Evacuate Collection Set: 145.7ms
[2025-10-15T06:12:59.200-0700][1246 ][info ][gc,phases   ] GC(465)   Post Evacuate Collection Set: 13.3ms
[2025-10-15T06:12:59.200-0700][1246 ][info ][gc,phases   ] GC(465)   Other: 0.2ms
[2025-10-15T06:12:59.200-0700][1246 ][debug][gc,remset   ] GC(465) Coarsening (recent): Inline->AoC 38348 (0) AoC->Howl 180 (0) Howl->Full 0 (0) Inline->AoC 743 (0) AoC->BitMap 98 (0) BitMap->Full 0 (0) 
[2025-10-15T06:12:59.200-0700][1246 ][debug][gc,remset   ] GC(465) Coarsening (all): Inline->AoC 14311041 (464) AoC->Howl 313952 (1217) Howl->Full 0 (0) Inline->AoC 1248809 (389) AoC->BitMap 329575 (974) BitMap->Full 10 (0) 
[2025-10-15T06:12:59.200-0700][1246 ][info ][gc,heap     ] GC(465) Eden regions: 2452->0(1653)
[2025-10-15T06:12:59.200-0700][1246 ][info ][gc,heap     ] GC(465) Survivor regions: 167->210(328)
[2025-10-15T06:12:59.200-0700][1246 ][info ][gc,heap     ] GC(465) Old regions: 1005->948
[2025-10-15T06:12:59.200-0700][1246 ][info ][gc,heap     ] GC(465) Humongous regions: 11->0
[2025-10-15T06:12:59.200-0700][1246 ][info ][gc,metaspace] GC(465) Metaspace: 320047K(328832K)->320047K(328832K) NonClass: 282816K(288064K)->282816K(288064K) Class: 37230K(40768K)->37230K(40768K)
[2025-10-15T06:12:59.200-0700][1246 ][info ][gc          ] GC(465) Pause Young (Mixed) (G1 Evacuation Pause) 116274M->37056M(184320M) 172.989ms
[2025-10-15T06:12:59.201-0700][1246 ][info ][gc,cpu      ] GC(465) User=16.09s Sys=0.24s Real=0.18s
[2025-10-15T06:12:59.202-0700][1246 ][info ][safepoint   ] Safepoint "G1CollectForAllocation", Time since last: 2161240392 ns, Reaching safepoint: 1118235 ns, Cleanup: 4728 ns, At safepoint: 176604668 ns, Total: 177727631 ns
[2025-10-15T06:13:08.020-0700][1246 ][info ][gc,start    ] GC(466) Pause Young (Mixed) (G1 Evacuation Pause)
[2025-10-15T06:13:08.020-0700][1246 ][info ][gc,task     ] GC(466) Using 113 workers of 113 for evacuation
[2025-10-15T06:13:08.034-0700][1246 ][debug][gc,remset   ] GC(466) Visited cards 12870656 Total dirty 56950784 (22.60%) Total old 370802688 (3.47%)
[2025-10-15T06:13:08.194-0700][1246 ][info ][gc,phases   ] GC(466)   Pre Evacuate Collection Set: 0.7ms
[2025-10-15T06:13:08.194-0700][1246 ][info ][gc,phases   ] GC(466)   Merge Heap Roots: 12.5ms
[2025-10-15T06:13:08.194-0700][1246 ][info ][gc,phases   ] GC(466)   Evacuate Collection Set: 149.0ms
[2025-10-15T06:13:08.194-0700][1246 ][info ][gc,phases   ] GC(466)   Post Evacuate Collection Set: 11.3ms
[2025-10-15T06:13:08.194-0700][1246 ][info ][gc,phases   ] GC(466)   Other: 0.2ms
[2025-10-15T06:13:08.194-0700][1246 ][debug][gc,remset   ] GC(466) Coarsening (recent): Inline->AoC 27278 (0) AoC->Howl 134 (1) Howl->Full 0 (0) Inline->AoC 599 (0) AoC->BitMap 59 (0) BitMap->Full 0 (0) 
[2025-10-15T06:13:08.194-0700][1246 ][debug][gc,remset   ] GC(466) Coarsening (all): Inline->AoC 14338319 (464) AoC->Howl 314086 (1218) Howl->Full 0 (0) Inline->AoC 1249408 (389) AoC->BitMap 329634 (974) BitMap->Full 10 (0) 
[2025-10-15T06:13:08.194-0700][1246 ][info ][gc,heap     ] GC(466) Eden regions: 2110->0(3000)
[2025-10-15T06:13:08.194-0700][1246 ][info ][gc,heap     ] GC(466) Survivor regions: 210->157(290)
[2025-10-15T06:13:08.194-0700][1246 ][info ][gc,heap     ] GC(466) Old regions: 948->966
[2025-10-15T06:13:08.194-0700][1246 ][info ][gc,heap     ] GC(466) Humongous regions: 8->0
[2025-10-15T06:13:08.194-0700][1246 ][info ][gc,metaspace] GC(466) Metaspace: 320051K(328832K)->320051K(328832K) NonClass: 282820K(288064K)->282820K(288064K) Class: 37231K(40768K)->37231K(40768K)
[2025-10-15T06:13:08.194-0700][1246 ][info ][gc          ] GC(466) Pause Young (Mixed) (G1 Evacuation Pause) 104832M->35897M(184320M) 173.974ms
[2025-10-15T06:13:08.195-0700][1246 ][info ][gc,cpu      ] GC(466) User=16.03s Sys=0.15s Real=0.17s
[2025-10-15T06:13:08.197-0700][1246 ][info ][safepoint   ] Safepoint "G1CollectForAllocation", Time since last: 8815971944 ns, Reaching safepoint: 865414 ns, Cleanup: 6390 ns, At safepoint: 177636533 ns, Total: 178508337 ns
[2025-10-15T06:13:17.198-0700][1246 ][info ][safepoint   ] Safepoint "Cleanup", Time since last: 9000564259 ns, Reaching safepoint: 947188 ns, Cleanup: 14522 ns, At safepoint: 326402 ns, Total: 1288112 ns
[2025-10-15T06:13:18.200-0700][1246 ][info ][safepoint   ] Safepoint "Cleanup", Time since last: 1000099163 ns, Reaching safepoint: 948830 ns, Cleanup: 9635 ns, At safepoint: 450469 ns, Total: 1408934 ns
[2025-10-15T06:13:20.201-0700][1246 ][info ][safepoint   ] Safepoint "Cleanup", Time since last: 2000165839 ns, Reaching safepoint: 816891 ns, Cleanup: 20391 ns, At safepoint: 388475 ns, Total: 1225757 ns
[2025-10-15T06:13:20.891-0700][1246 ][info ][gc,start    ] GC(467) Pause Young (Normal) (G1 Evacuation Pause)
[2025-10-15T06:13:20.891-0700][1246 ][info ][gc,task     ] GC(467) Using 113 workers of 113 for evacuation
[2025-10-15T06:13:20.904-0700][1246 ][debug][gc,remset   ] GC(467) Visited cards 8595712 Total dirty 58523648 (14.69%) Total old 479920128 (1.79%)
[2025-10-15T06:13:21.030-0700][1246 ][info ][gc,phases   ] GC(467)   Pre Evacuate Collection Set: 0.7ms
[2025-10-15T06:13:21.030-0700][1246 ][info ][gc,phases   ] GC(467)   Merge Heap Roots: 12.4ms
[2025-10-15T06:13:21.030-0700][1246 ][info ][gc,phases   ] GC(467)   Evacuate Collection Set: 113.2ms
[2025-10-15T06:13:21.030-0700][1246 ][info ][gc,phases   ] GC(467)   Post Evacuate Collection Set: 12.1ms
[2025-10-15T06:13:21.030-0700][1246 ][info ][gc,phases   ] GC(467)   Other: 0.2ms
[2025-10-15T06:13:21.030-0700][1246 ][debug][gc,remset   ] GC(467) Coarsening (recent): Inline->AoC 33073 (0) AoC->Howl 73 (0) Howl->Full 0 (0) Inline->AoC 272 (0) AoC->BitMap 34 (0) BitMap->Full 0 (0) 
[2025-10-15T06:13:21.030-0700][1246 ][debug][gc,remset   ] GC(467) Coarsening (all): Inline->AoC 14371392 (464) AoC->Howl 314159 (1218) Howl->Full 0 (0) Inline->AoC 1249680 (389) AoC->BitMap 329668 (974) BitMap->Full 10 (0) 
[2025-10-15T06:13:21.030-0700][1246 ][info ][gc,heap     ] GC(467) Eden regions: 3018->0(3196)
[2025-10-15T06:13:21.030-0700][1246 ][info ][gc,heap     ] GC(467) Survivor regions: 157->168(397)
[2025-10-15T06:13:21.030-0700][1246 ][info ][gc,heap     ] GC(467) Old regions: 966->966
[2025-10-15T06:13:21.030-0700][1246 ][info ][gc,heap     ] GC(467) Humongous regions: 7->0
[2025-10-15T06:13:21.030-0700][1246 ][info ][gc,metaspace] GC(467) Metaspace: 320144K(328832K)->320144K(328832K) NonClass: 282901K(288064K)->282901K(288064K) Class: 37242K(40768K)->37242K(40768K)
[2025-10-15T06:13:21.030-0700][1246 ][info ][gc          ] GC(467) Pause Young (Normal) (G1 Evacuation Pause) 132697M->36247M(184320M) 138.842ms
[2025-10-15T06:13:21.031-0700][1246 ][info ][gc,cpu      ] GC(467) User=12.29s Sys=0.26s Real=0.14s
[2025-10-15T06:13:21.032-0700][1246 ][info ][safepoint   ] Safepoint "G1CollectForAllocation", Time since last: 668458533 ns, Reaching safepoint: 20249097 ns, Cleanup: 5899 ns, At safepoint: 142486149 ns, Total: 162741145 ns
[2025-10-15T06:13:28.034-0700][1246 ][info ][safepoint   ] Safepoint "Cleanup", Time since last: 7000461286 ns, Reaching safepoint: 925525 ns, Cleanup: 16485 ns, At safepoint: 182555 ns, Total: 1124565 ns
[2025-10-15T06:13:31.035-0700][1246 ][info ][safepoint   ] Safepoint "Cleanup", Time since last: 3000188518 ns, Reaching safepoint: 809990 ns, Cleanup: 12719 ns, At safepoint: 140282 ns, Total: 962991 ns
[2025-10-15T06:13:34.065-0700][1246 ][info ][gc,start    ] GC(468) Pause Young (Normal) (G1 Evacuation Pause)
[2025-10-15T06:13:34.065-0700][1246 ][info ][gc,task     ] GC(468) Using 113 workers of 113 for evacuation
[2025-10-15T06:13:34.078-0700][1246 ][debug][gc,remset   ] GC(468) Visited cards 8722944 Total dirty 58523648 (14.90%) Total old 514064384 (1.70%)
[2025-10-15T06:13:34.230-0700][1246 ][info ][gc,phases   ] GC(468)   Pre Evacuate Collection Set: 0.8ms
[2025-10-15T06:13:34.230-0700][1246 ][info ][gc,phases   ] GC(468)   Merge Heap Roots: 12.2ms
[2025-10-15T06:13:34.230-0700][1246 ][info ][gc,phases   ] GC(468)   Evacuate Collection Set: 139.1ms
[2025-10-15T06:13:34.230-0700][1246 ][info ][gc,phases   ] GC(468)   Post Evacuate Collection Set: 12.5ms
[2025-10-15T06:13:34.230-0700][1246 ][info ][gc,phases   ] GC(468)   Other: 0.2ms
[2025-10-15T06:13:34.230-0700][1246 ][debug][gc,remset   ] GC(468) Coarsening (recent): Inline->AoC 25638 (0) AoC->Howl 52 (0) Howl->Full 0 (0) Inline->AoC 244 (0) AoC->BitMap 29 (1) BitMap->Full 0 (0) 
[2025-10-15T06:13:34.230-0700][1246 ][debug][gc,remset   ] GC(468) Coarsening (all): Inline->AoC 14397030 (464) AoC->Howl 314211 (1218) Howl->Full 0 (0) Inline->AoC 1249924 (389) AoC->BitMap 329697 (975) BitMap->Full 10 (0) 
[2025-10-15T06:13:34.230-0700][1246 ][info ][gc,heap     ] GC(468) Eden regions: 3265->0(2813)
[2025-10-15T06:13:34.230-0700][1246 ][info ][gc,heap     ] GC(468) Survivor regions: 168->224(430)
[2025-10-15T06:13:34.230-0700][1246 ][info ][gc,heap     ] GC(468) Old regions: 966->966
[2025-10-15T06:13:34.230-0700][1246 ][info ][gc,heap     ] GC(468) Humongous regions: 12->0
[2025-10-15T06:13:34.230-0700][1246 ][info ][gc,metaspace] GC(468) Metaspace: 320144K(328832K)->320144K(328832K) NonClass: 282901K(288064K)->282901K(288064K) Class: 37242K(40768K)->37242K(40768K)
[2025-10-15T06:13:34.230-0700][1246 ][info ][gc          ] GC(468) Pause Young (Normal) (G1 Evacuation Pause) 141111M->38047M(184320M) 165.031ms
[2025-10-15T06:13:34.231-0700][1246 ][info ][gc,cpu      ] GC(468) User=15.67s Sys=0.17s Real=0.17s
[2025-10-15T06:13:34.233-0700][1246 ][info ][safepoint   ] Safepoint "G1CollectForAllocation", Time since last: 3026948680 ns, Reaching safepoint: 1688695 ns, Cleanup: 4997 ns, At safepoint: 168768941 ns, Total: 170462633 ns
[2025-10-15T06:13:42.234-0700][1246 ][info ][safepoint   ] Safepoint "Cleanup", Time since last: 8000513800 ns, Reaching safepoint: 867478 ns, Cleanup: 11337 ns, At safepoint: 199851 ns, Total: 1078666 ns
[2025-10-15T06:13:43.235-0700][1246 ][info ][safepoint   ] Safepoint "Cleanup", Time since last: 1000107694 ns, Reaching safepoint: 745053 ns, Cleanup: 15433 ns, At safepoint: 213642 ns, Total: 974128 ns
[2025-10-15T06:13:45.098-0700][1246 ][info ][gc,start    ] GC(469) Pause Young (Normal) (G1 Evacuation Pause)
[2025-10-15T06:13:45.099-0700][1246 ][info ][gc,task     ] GC(469) Using 113 workers of 113 for evacuation
[2025-10-15T06:13:45.112-0700][1246 ][debug][gc,remset   ] GC(469) Visited cards 8710912 Total dirty 58523648 (14.88%) Total old 474611712 (1.84%)
[2025-10-15T06:13:45.287-0700][1246 ][info ][gc,phases   ] GC(469)   Pre Evacuate Collection Set: 0.7ms
[2025-10-15T06:13:45.288-0700][1246 ][info ][gc,phases   ] GC(469)   Merge Heap Roots: 12.6ms
[2025-10-15T06:13:45.288-0700][1246 ][info ][gc,phases   ] GC(469)   Evacuate Collection Set: 164.0ms
[2025-10-15T06:13:45.288-0700][1246 ][info ][gc,phases   ] GC(469)   Post Evacuate Collection Set: 11.5ms
[2025-10-15T06:13:45.288-0700][1246 ][info ][gc,phases   ] GC(469)   Other: 0.2ms
[2025-10-15T06:13:45.288-0700][1246 ][debug][gc,remset   ] GC(469) Coarsening (recent): Inline->AoC 15952 (0) AoC->Howl 70 (0) Howl->Full 0 (0) Inline->AoC 288 (0) AoC->BitMap 68 (0) BitMap->Full 0 (0) 
[2025-10-15T06:13:45.288-0700][1246 ][debug][gc,remset   ] GC(469) Coarsening (all): Inline->AoC 14412982 (464) AoC->Howl 314281 (1218) Howl->Full 0 (0) Inline->AoC 1250212 (389) AoC->BitMap 329765 (975) BitMap->Full 10 (0) 
[2025-10-15T06:13:45.288-0700][1246 ][info ][gc,heap     ] GC(469) Eden regions: 2910->0(2437)
[2025-10-15T06:13:45.288-0700][1246 ][info ][gc,heap     ] GC(469) Survivor regions: 224->253(392)
[2025-10-15T06:13:45.288-0700][1246 ][info ][gc,heap     ] GC(469) Old regions: 966->986
[2025-10-15T06:13:45.288-0700][1246 ][info ][gc,heap     ] GC(469) Humongous regions: 8->0
[2025-10-15T06:13:45.288-0700][1246 ][info ][gc,metaspace] GC(469) Metaspace: 320205K(328832K)->320205K(328832K) NonClass: 282956K(288064K)->282956K(288064K) Class: 37249K(40768K)->37249K(40768K)
[2025-10-15T06:13:45.288-0700][1246 ][info ][gc          ] GC(469) Pause Young (Normal) (G1 Evacuation Pause) 131423M->39612M(184320M) 189.103ms
[2025-10-15T06:13:45.289-0700][1246 ][info ][gc,cpu      ] GC(469) User=18.74s Sys=0.16s Real=0.19s
[2025-10-15T06:13:45.290-0700][1246 ][info ][safepoint   ] Safepoint "G1CollectForAllocation", Time since last: 1861135923 ns, Reaching safepoint: 913427 ns, Cleanup: 11357 ns, At safepoint: 192616040 ns, Total: 193540824 ns
[2025-10-15T06:13:51.292-0700][1246 ][info ][safepoint   ] Safepoint "Cleanup", Time since last: 6000348077 ns, Reaching safepoint: 1215232 ns, Cleanup: 13099 ns, At safepoint: 261615 ns, Total: 1489946 ns
[2025-10-15T06:13:53.293-0700][1246 ][info ][safepoint   ] Safepoint "Cleanup", Time since last: 2000159294 ns, Reaching safepoint: 867337 ns, Cleanup: 20090 ns, At safepoint: 158970 ns, Total: 1046397 ns
[2025-10-15T06:13:57.204-0700][1246 ][info ][gc,start    ] GC(470) Pause Young (Normal) (G1 Evacuation Pause)
[2025-10-15T06:13:57.204-0700][1246 ][info ][gc,task     ] GC(470) Using 113 workers of 113 for evacuation
[2025-10-15T06:13:57.217-0700][1246 ][debug][gc,remset   ] GC(470) Visited cards 8880640 Total dirty 59899904 (14.83%) Total old 421527552 (2.11%)
[2025-10-15T06:13:57.409-0700][1246 ][info ][gc,mmu      ] GC(470) MMU target violated: 201.0ms (200.0ms/201.0ms)
[2025-10-15T06:13:57.409-0700][1246 ][info ][gc,phases   ] GC(470)   Pre Evacuate Collection Set: 0.7ms
[2025-10-15T06:13:57.409-0700][1246 ][info ][gc,phases   ] GC(470)   Merge Heap Roots: 12.3ms
[2025-10-15T06:13:57.409-0700][1246 ][info ][gc,phases   ] GC(470)   Evacuate Collection Set: 179.9ms
[2025-10-15T06:13:57.409-0700][1246 ][info ][gc,phases   ] GC(470)   Post Evacuate Collection Set: 12.6ms
[2025-10-15T06:13:57.409-0700][1246 ][info ][gc,phases   ] GC(470)   Other: 0.2ms
[2025-10-15T06:13:57.409-0700][1246 ][debug][gc,remset   ] GC(470) Coarsening (recent): Inline->AoC 28643 (0) AoC->Howl 119 (0) Howl->Full 0 (0) Inline->AoC 538 (0) AoC->BitMap 70 (0) BitMap->Full 0 (0) 
[2025-10-15T06:13:57.409-0700][1246 ][debug][gc,remset   ] GC(470) Coarsening (all): Inline->AoC 14441625 (464) AoC->Howl 314400 (1218) Howl->Full 0 (0) Inline->AoC 1250750 (389) AoC->BitMap 329835 (975) BitMap->Full 10 (0) 
[2025-10-15T06:13:57.409-0700][1246 ][info ][gc,heap     ] GC(470) Eden regions: 2463->0(2671)
[2025-10-15T06:13:57.409-0700][1246 ][info ][gc,heap     ] GC(470) Survivor regions: 253->224(340)
[2025-10-15T06:13:57.410-0700][1246 ][info ][gc,heap     ] GC(470) Old regions: 986->1063
[2025-10-15T06:13:57.410-0700][1246 ][info ][gc,heap     ] GC(470) Humongous regions: 14->0
[2025-10-15T06:13:57.410-0700][1246 ][info ][gc,metaspace] GC(470) Metaspace: 320261K(328832K)->320261K(328832K) NonClass: 283003K(288064K)->283003K(288064K) Class: 37258K(40768K)->37258K(40768K)
[2025-10-15T06:13:57.410-0700][1246 ][info ][gc          ] GC(470) Pause Young (Normal) (G1 Evacuation Pause) 118876M->41163M(184320M) 205.949ms
[2025-10-15T06:13:57.411-0700][1246 ][info ][gc,cpu      ] GC(470) User=20.08s Sys=0.19s Real=0.21s
[2025-10-15T06:13:57.412-0700][1246 ][info ][safepoint   ] Safepoint "G1CollectForAllocation", Time since last: 3908497575 ns, Reaching safepoint: 931915 ns, Cleanup: 6409 ns, At safepoint: 209451233 ns, Total: 210389557 ns
[2025-10-15T06:13:58.414-0700][1246 ][info ][safepoint   ] Safepoint "Cleanup", Time since last: 1000089356 ns, Reaching safepoint: 1997301 ns, Cleanup: 26790 ns, At safepoint: 278440 ns, Total: 2302531 ns
[2025-10-15T06:14:12.139-0700][1246 ][info ][gc,start    ] GC(471) Pause Young (Normal) (G1 Evacuation Pause)
[2025-10-15T06:14:12.139-0700][1246 ][info ][gc,task     ] GC(471) Using 113 workers of 113 for evacuation
[2025-10-15T06:14:12.153-0700][1246 ][debug][gc,remset   ] GC(471) Visited cards 8787712 Total dirty 64487424 (13.63%) Total old 451149824 (1.95%)
[2025-10-15T06:14:12.314-0700][1246 ][info ][gc,phases   ] GC(471)   Pre Evacuate Collection Set: 0.8ms
[2025-10-15T06:14:12.314-0700][1246 ][info ][gc,phases   ] GC(471)   Merge Heap Roots: 13.5ms
[2025-10-15T06:14:12.314-0700][1246 ][info ][gc,phases   ] GC(471)   Evacuate Collection Set: 148.7ms
[2025-10-15T06:14:12.314-0700][1246 ][info ][gc,phases   ] GC(471)   Post Evacuate Collection Set: 12.7ms
[2025-10-15T06:14:12.314-0700][1246 ][info ][gc,phases   ] GC(471)   Other: 0.2ms
[2025-10-15T06:14:12.314-0700][1246 ][debug][gc,remset   ] GC(471) Coarsening (recent): Inline->AoC 31634 (0) AoC->Howl 86 (0) Howl->Full 0 (0) Inline->AoC 257 (0) AoC->BitMap 52 (0) BitMap->Full 0 (0) 
[2025-10-15T06:14:12.314-0700][1246 ][debug][gc,remset   ] GC(471) Coarsening (all): Inline->AoC 14473259 (464) AoC->Howl 314486 (1218) Howl->Full 0 (0) Inline->AoC 1251007 (389) AoC->BitMap 329887 (975) BitMap->Full 10 (0) 
[2025-10-15T06:14:12.314-0700][1246 ][info ][gc,heap     ] GC(471) Eden regions: 2679->0(3290)
[2025-10-15T06:14:12.314-0700][1246 ][info ][gc,heap     ] GC(471) Survivor regions: 224->166(363)
[2025-10-15T06:14:12.314-0700][1246 ][info ][gc,heap     ] GC(471) Old regions: 1063->1139
[2025-10-15T06:14:12.314-0700][1246 ][info ][gc,heap     ] GC(471) Humongous regions: 15->0
[2025-10-15T06:14:12.314-0700][1246 ][info ][gc,metaspace] GC(471) Metaspace: 320330K(328832K)->320330K(328832K) NonClass: 283063K(288064K)->283063K(288064K) Class: 37266K(40768K)->37266K(40768K)
[2025-10-15T06:14:12.315-0700][1246 ][info ][gc          ] GC(471) Pause Young (Normal) (G1 Evacuation Pause) 127371M->41715M(184320M) 175.989ms
[2025-10-15T06:14:12.316-0700][1246 ][info ][gc,cpu      ] GC(471) User=16.23s Sys=0.29s Real=0.17s
[2025-10-15T06:14:12.317-0700][1246 ][info ][safepoint   ] Safepoint "G1CollectForAllocation", Time since last: 13722155972 ns, Reaching safepoint: 862329 ns, Cleanup: 21122 ns, At safepoint: 179560014 ns, Total: 180443465 ns
[2025-10-15T06:14:13.318-0700][1246 ][info ][safepoint   ] Safepoint "Cleanup", Time since last: 1000077939 ns, Reaching safepoint: 740786 ns, Cleanup: 13691 ns, At safepoint: 95053 ns, Total: 849530 ns
[2025-10-15T06:14:14.183-0700][1246 ][info ][gc,start    ] GC(472) Pause Young (Concurrent Start) (G1 Humongous Allocation)
[2025-10-15T06:14:14.183-0700][1246 ][info ][gc,task     ] GC(472) Using 113 workers of 113 for evacuation
[2025-10-15T06:14:14.196-0700][1246 ][debug][gc,remset   ] GC(472) Visited cards 8469760 Total dirty 69206016 (12.24%) Total old 158269440 (5.35%)
[2025-10-15T06:14:14.307-0700][1246 ][info ][gc,phases   ] GC(472)   Pre Evacuate Collection Set: 1.0ms
[2025-10-15T06:14:14.307-0700][1246 ][info ][gc,phases   ] GC(472)   Merge Heap Roots: 11.7ms
[2025-10-15T06:14:14.307-0700][1246 ][info ][gc,phases   ] GC(472)   Evacuate Collection Set: 103.1ms
[2025-10-15T06:14:14.307-0700][1246 ][info ][gc,phases   ] GC(472)   Post Evacuate Collection Set: 7.8ms
[2025-10-15T06:14:14.307-0700][1246 ][info ][gc,phases   ] GC(472)   Other: 0.1ms
[2025-10-15T06:14:14.307-0700][1246 ][debug][gc,remset   ] GC(472) Coarsening (recent): Inline->AoC 0 (0) AoC->Howl 0 (0) Howl->Full 0 (0) Inline->AoC 0 (0) AoC->BitMap 0 (0) BitMap->Full 0 (0) 
[2025-10-15T06:14:14.307-0700][1246 ][debug][gc,remset   ] GC(472) Coarsening (all): Inline->AoC 14473259 (464) AoC->Howl 314486 (1218) Howl->Full 0 (0) Inline->AoC 1251007 (389) AoC->BitMap 329887 (975) BitMap->Full 10 (0) 
[2025-10-15T06:14:14.307-0700][1246 ][info ][gc,heap     ] GC(472) Eden regions: 472->0(3278)
[2025-10-15T06:14:14.307-0700][1246 ][info ][gc,heap     ] GC(472) Survivor regions: 166->178(432)
[2025-10-15T06:14:14.307-0700][1246 ][info ][gc,heap     ] GC(472) Old regions: 1139->1139
[2025-10-15T06:14:14.307-0700][1246 ][info ][gc,heap     ] GC(472) Humongous regions: 0->0
[2025-10-15T06:14:14.307-0700][1246 ][info ][gc,metaspace] GC(472) Metaspace: 320330K(328832K)->320330K(328832K) NonClass: 283063K(288064K)->283063K(288064K) Class: 37266K(40768K)->37266K(40768K)
[2025-10-15T06:14:14.307-0700][1246 ][info ][gc          ] GC(472) Pause Young (Concurrent Start) (G1 Humongous Allocation) 56800M->42092M(184320M) 123.857ms
[2025-10-15T06:14:14.308-0700][1085 ][info ][gc          ] GC(473) Concurrent Mark Cycle
[2025-10-15T06:14:14.308-0700][1085 ][info ][gc,marking  ] GC(473) Concurrent Scan Root Regions
[2025-10-15T06:14:14.309-0700][1246 ][info ][gc,cpu      ] GC(472) User=12.19s Sys=0.04s Real=0.13s
[2025-10-15T06:14:14.310-0700][1246 ][info ][safepoint   ] Safepoint "G1TryInitiateConcMark", Time since last: 863704462 ns, Reaching safepoint: 755459 ns, Cleanup: 4086 ns, At safepoint: 127904023 ns, Total: 128663568 ns
[2025-10-15T06:14:14.365-0700][1085 ][info ][gc,marking  ] GC(473) Concurrent Scan Root Regions 57.055ms
[2025-10-15T06:14:14.365-0700][1085 ][info ][gc,marking  ] GC(473) Concurrent Mark
[2025-10-15T06:14:14.365-0700][1085 ][info ][gc,marking  ] GC(473) Concurrent Mark From Roots
[2025-10-15T06:14:14.365-0700][1085 ][info ][gc,task     ] GC(473) Using 36 workers of 36 for marking
[2025-10-15T06:14:14.584-0700][1085 ][info ][gc,marking  ] GC(473) Concurrent Mark From Roots 218.914ms
[2025-10-15T06:14:14.584-0700][1085 ][info ][gc,marking  ] GC(473) Concurrent Preclean
[2025-10-15T06:14:14.600-0700][1085 ][info ][gc,marking  ] GC(473) Concurrent Preclean 16.748ms
[2025-10-15T06:14:14.602-0700][1246 ][info ][gc,start    ] GC(473) Pause Remark
[2025-10-15T06:14:14.753-0700][1246 ][info ][gc          ] GC(473) Pause Remark 44651M->43595M(184320M) 150.934ms
[2025-10-15T06:14:14.754-0700][1246 ][info ][gc,cpu      ] GC(473) User=11.35s Sys=0.02s Real=0.15s
[2025-10-15T06:14:14.757-0700][1246 ][info ][safepoint   ] Safepoint "G1PauseRemark", Time since last: 290334842 ns, Reaching safepoint: 650360 ns, Cleanup: 3966 ns, At safepoint: 155890731 ns, Total: 156545057 ns
[2025-10-15T06:14:14.757-0700][1085 ][info ][gc,marking  ] GC(473) Concurrent Mark 392.443ms
[2025-10-15T06:14:14.757-0700][1085 ][info ][gc,marking  ] GC(473) Concurrent Rebuild Remembered Sets and Scrub Regions
[2025-10-15T06:14:15.068-0700][1085 ][info ][gc,marking  ] GC(473) Concurrent Rebuild Remembered Sets and Scrub Regions 310.911ms
[2025-10-15T06:14:15.070-0700][1246 ][info ][gc,start    ] GC(473) Pause Cleanup
[2025-10-15T06:14:15.072-0700][1246 ][info ][gc          ] GC(473) Pause Cleanup 45893M->45893M(184320M) 2.072ms
[2025-10-15T06:14:15.073-0700][1246 ][info ][gc,cpu      ] GC(473) User=0.02s Sys=0.01s Real=0.00s
[2025-10-15T06:14:15.074-0700][1246 ][info ][safepoint   ] Safepoint "G1PauseCleanup", Time since last: 311194079 ns, Reaching safepoint: 841758 ns, Cleanup: 32379 ns, At safepoint: 4487223 ns, Total: 5361360 ns
[2025-10-15T06:14:15.074-0700][1085 ][info ][gc,marking  ] GC(473) Concurrent Clear Claimed Marks
[2025-10-15T06:14:15.075-0700][1085 ][info ][gc,marking  ] GC(473) Concurrent Clear Claimed Marks 0.898ms
[2025-10-15T06:14:15.075-0700][1085 ][info ][gc,marking  ] GC(473) Concurrent Cleanup for Next Mark
[2025-10-15T06:14:15.103-0700][1085 ][info ][gc,marking  ] GC(473) Concurrent Cleanup for Next Mark 28.513ms
[2025-10-15T06:14:15.103-0700][1085 ][info ][gc          ] GC(473) Concurrent Mark Cycle 795.538ms
[2025-10-15T06:14:16.075-0700][1246 ][info ][safepoint   ] Safepoint "Cleanup", Time since last: 1000092120 ns, Reaching safepoint: 1312068 ns, Cleanup: 14592 ns, At safepoint: 261915 ns, Total: 1588575 ns
[2025-10-15T06:14:17.077-0700][1246 ][info ][safepoint   ] Safepoint "Cleanup", Time since last: 1000104139 ns, Reaching safepoint: 877913 ns, Cleanup: 10345 ns, At safepoint: 208154 ns, Total: 1096412 ns
[2025-10-15T06:14:20.078-0700][1246 ][info ][safepoint   ] Safepoint "Cleanup", Time since last: 3000220358 ns, Reaching safepoint: 775679 ns, Cleanup: 14312 ns, At safepoint: 83626 ns, Total: 873617 ns
[2025-10-15T06:14:22.079-0700][1246 ][info ][safepoint   ] Safepoint "Cleanup", Time since last: 2000161367 ns, Reaching safepoint: 851794 ns, Cleanup: 14922 ns, At safepoint: 188905 ns, Total: 1055621 ns
[2025-10-15T06:14:24.080-0700][1246 ][info ][safepoint   ] Safepoint "Cleanup", Time since last: 2000156720 ns, Reaching safepoint: 880818 ns, Cleanup: 9805 ns, At safepoint: 188193 ns, Total: 1078816 ns
[2025-10-15T06:14:25.081-0700][1246 ][info ][safepoint   ] Safepoint "Cleanup", Time since last: 1000108105 ns, Reaching safepoint: 965615 ns, Cleanup: 38488 ns, At safepoint: 323798 ns, Total: 1327901 ns
[2025-10-15T06:14:26.086-0700][1246 ][info ][safepoint   ] Safepoint "Cleanup", Time since last: 1000107144 ns, Reaching safepoint: 3994891 ns, Cleanup: 23385 ns, At safepoint: 650029 ns, Total: 4668305 ns
[2025-10-15T06:14:28.965-0700][1246 ][info ][gc,start    ] GC(474) Pause Young (Prepare Mixed) (G1 Evacuation Pause)
[2025-10-15T06:14:28.965-0700][1246 ][info ][gc,task     ] GC(474) Using 113 workers of 113 for evacuation
[2025-10-15T06:14:28.980-0700][1246 ][debug][gc,remset   ] GC(474) Visited cards 9148160 Total dirty 69468160 (13.17%) Total old 526581760 (1.74%)
[2025-10-15T06:14:29.125-0700][1246 ][info ][gc,phases   ] GC(474)   Pre Evacuate Collection Set: 0.7ms
[2025-10-15T06:14:29.125-0700][1246 ][info ][gc,phases   ] GC(474)   Merge Heap Roots: 13.6ms
[2025-10-15T06:14:29.125-0700][1246 ][info ][gc,phases   ] GC(474)   Evacuate Collection Set: 130.3ms
[2025-10-15T06:14:29.125-0700][1246 ][info ][gc,phases   ] GC(474)   Post Evacuate Collection Set: 14.9ms
[2025-10-15T06:14:29.125-0700][1246 ][info ][gc,phases   ] GC(474)   Other: 0.2ms
[2025-10-15T06:14:29.125-0700][1246 ][debug][gc,remset   ] GC(474) Coarsening (recent): Inline->AoC 163078 (0) AoC->Howl 8598 (0) Howl->Full 0 (0) Inline->AoC 35762 (0) AoC->BitMap 9517 (0) BitMap->Full 0 (0) 
[2025-10-15T06:14:29.125-0700][1246 ][debug][gc,remset   ] GC(474) Coarsening (all): Inline->AoC 14636337 (464) AoC->Howl 323084 (1218) Howl->Full 0 (0) Inline->AoC 1286769 (389) AoC->BitMap 339404 (975) BitMap->Full 10 (0) 
[2025-10-15T06:14:29.125-0700][1246 ][info ][gc,heap     ] GC(474) Eden regions: 3278->0(3038)
[2025-10-15T06:14:29.125-0700][1246 ][info ][gc,heap     ] GC(474) Survivor regions: 178->211(432)
[2025-10-15T06:14:29.125-0700][1246 ][info ][gc,heap     ] GC(474) Old regions: 1106->1106
[2025-10-15T06:14:29.125-0700][1246 ][info ][gc,heap     ] GC(474) Humongous regions: 17->0
[2025-10-15T06:14:29.125-0700][1246 ][info ][gc,metaspace] GC(474) Metaspace: 319959K(328832K)->319959K(328832K) NonClass: 282750K(288064K)->282750K(288064K) Class: 37209K(40768K)->37209K(40768K)
[2025-10-15T06:14:29.125-0700][1246 ][info ][gc          ] GC(474) Pause Young (Prepare Mixed) (G1 Evacuation Pause) 146476M->42101M(184320M) 159.861ms
[2025-10-15T06:14:29.126-0700][1246 ][info ][gc,cpu      ] GC(474) User=15.53s Sys=0.31s Real=0.16s
[2025-10-15T06:14:29.127-0700][1246 ][info ][safepoint   ] Safepoint "G1CollectForAllocation", Time since last: 2876144395 ns, Reaching safepoint: 1624698 ns, Cleanup: 5038 ns, At safepoint: 163322462 ns, Total: 164952198 ns
[2025-10-15T06:14:32.129-0700][1246 ][info ][safepoint   ] Safepoint "Cleanup", Time since last: 3000221880 ns, Reaching safepoint: 777943 ns, Cleanup: 13701 ns, At safepoint: 209395 ns, Total: 1001039 ns
[2025-10-15T06:14:53.131-0700][1246 ][info ][safepoint   ] Safepoint "Cleanup", Time since last: 21001267763 ns, Reaching safepoint: 907678 ns, Cleanup: 9774 ns, At safepoint: 333173 ns, Total: 1250625 ns
[2025-10-15T06:14:54.133-0700][1246 ][info ][safepoint   ] Safepoint "Cleanup", Time since last: 1000102970 ns, Reaching safepoint: 925545 ns, Cleanup: 12248 ns, At safepoint: 386753 ns, Total: 1324546 ns
[2025-10-15T06:14:55.022-0700][1246 ][info ][gc,start    ] GC(475) Pause Young (Mixed) (G1 Evacuation Pause)
[2025-10-15T06:14:55.022-0700][1246 ][info ][gc,task     ] GC(475) Using 113 workers of 113 for evacuation
[2025-10-15T06:14:55.036-0700][1246 ][debug][gc,remset   ] GC(475) Visited cards 9098496 Total dirty 66453504 (13.69%) Total old 530251776 (1.72%)
[2025-10-15T06:14:55.186-0700][1246 ][info ][gc,phases   ] GC(475)   Pre Evacuate Collection Set: 0.7ms
[2025-10-15T06:14:55.186-0700][1246 ][info ][gc,phases   ] GC(475)   Merge Heap Roots: 13.4ms
[2025-10-15T06:14:55.186-0700][1246 ][info ][gc,phases   ] GC(475)   Evacuate Collection Set: 136.3ms
[2025-10-15T06:14:55.186-0700][1246 ][info ][gc,phases   ] GC(475)   Post Evacuate Collection Set: 13.4ms
[2025-10-15T06:14:55.186-0700][1246 ][info ][gc,phases   ] GC(475)   Other: 0.2ms
[2025-10-15T06:14:55.186-0700][1246 ][debug][gc,remset   ] GC(475) Coarsening (recent): Inline->AoC 31601 (0) AoC->Howl 9 (0) Howl->Full 0 (0) Inline->AoC 21 (0) AoC->BitMap 6 (0) BitMap->Full 0 (0) 
[2025-10-15T06:14:55.186-0700][1246 ][debug][gc,remset   ] GC(475) Coarsening (all): Inline->AoC 14667938 (464) AoC->Howl 323093 (1218) Howl->Full 0 (0) Inline->AoC 1286790 (389) AoC->BitMap 339410 (975) BitMap->Full 10 (0) 
[2025-10-15T06:14:55.186-0700][1246 ][info ][gc,heap     ] GC(475) Eden regions: 3245->0(2625)
[2025-10-15T06:14:55.186-0700][1246 ][info ][gc,heap     ] GC(475) Survivor regions: 211->235(432)
[2025-10-15T06:14:55.186-0700][1246 ][info ][gc,heap     ] GC(475) Old regions: 1106->1041
[2025-10-15T06:14:55.186-0700][1246 ][info ][gc,heap     ] GC(475) Humongous regions: 8->0
[2025-10-15T06:14:55.186-0700][1246 ][info ][gc,metaspace] GC(475) Metaspace: 319975K(328832K)->319975K(328832K) NonClass: 282763K(288064K)->282763K(288064K) Class: 37211K(40768K)->37211K(40768K)
[2025-10-15T06:14:55.186-0700][1246 ][info ][gc          ] GC(475) Pause Young (Mixed) (G1 Evacuation Pause) 146197M->40827M(184320M) 164.149ms
[2025-10-15T06:14:55.188-0700][1246 ][info ][gc,cpu      ] GC(475) User=16.50s Sys=0.17s Real=0.16s
[2025-10-15T06:14:55.189-0700][1246 ][info ][safepoint   ] Safepoint "G1CollectForAllocation", Time since last: 887219244 ns, Reaching safepoint: 1282323 ns, Cleanup: 10696 ns, At safepoint: 167736285 ns, Total: 169029304 ns
[2025-10-15T06:14:57.190-0700][1246 ][info ][safepoint   ] Safepoint "Cleanup", Time since last: 2000143667 ns, Reaching safepoint: 896551 ns, Cleanup: 14472 ns, At safepoint: 255325 ns, Total: 1166348 ns
[2025-10-15T06:15:01.191-0700][1246 ][info ][safepoint   ] Safepoint "Cleanup", Time since last: 4000274966 ns, Reaching safepoint: 749179 ns, Cleanup: 18788 ns, At safepoint: 128544 ns, Total: 896511 ns
[2025-10-15T06:15:03.657-0700][1246 ][info ][safepoint   ] Safepoint "Cleanup", Time since last: 2464347396 ns, Reaching safepoint: 896652 ns, Cleanup: 14612 ns, At safepoint: 457379 ns, Total: 1368643 ns
[2025-10-15T06:15:05.658-0700][1246 ][info ][safepoint   ] Safepoint "Cleanup", Time since last: 2000173172 ns, Reaching safepoint: 865965 ns, Cleanup: 9514 ns, At safepoint: 175224 ns, Total: 1050703 ns
[2025-10-15T06:15:06.659-0700][1246 ][info ][safepoint   ] Safepoint "Cleanup", Time since last: 1000118454 ns, Reaching safepoint: 850862 ns, Cleanup: 10426 ns, At safepoint: 214063 ns, Total: 1075351 ns
[2025-10-15T06:15:09.661-0700][1246 ][info ][safepoint   ] Safepoint "Cleanup", Time since last: 3000226808 ns, Reaching safepoint: 925064 ns, Cleanup: 40241 ns, At safepoint: 242625 ns, Total: 1207930 ns
[2025-10-15T06:15:10.662-0700][1246 ][info ][safepoint   ] Safepoint "Cleanup", Time since last: 1000105975 ns, Reaching safepoint: 908389 ns, Cleanup: 10126 ns, At safepoint: 236035 ns, Total: 1154550 ns
[2025-10-15T06:15:15.664-0700][1246 ][info ][safepoint   ] Safepoint "Cleanup", Time since last: 5000342423 ns, Reaching safepoint: 1464768 ns, Cleanup: 16044 ns, At safepoint: 262976 ns, Total: 1743788 ns
[2025-10-15T06:15:16.411-0700][1246 ][info ][gc,start    ] GC(476) Pause Young (Mixed) (G1 Evacuation Pause)
[2025-10-15T06:15:16.411-0700][1246 ][info ][gc,task     ] GC(476) Using 113 workers of 113 for evacuation
[2025-10-15T06:15:16.424-0700][1246 ][debug][gc,remset   ] GC(476) Visited cards 9150976 Total dirty 62717952 (14.59%) Total old 509739008 (1.80%)
[2025-10-15T06:15:16.599-0700][1246 ][info ][gc,phases   ] GC(476)   Pre Evacuate Collection Set: 0.7ms
[2025-10-15T06:15:16.599-0700][1246 ][info ][gc,phases   ] GC(476)   Merge Heap Roots: 13.0ms
[2025-10-15T06:15:16.599-0700][1246 ][info ][gc,phases   ] GC(476)   Evacuate Collection Set: 157.2ms
[2025-10-15T06:15:16.599-0700][1246 ][info ][gc,phases   ] GC(476)   Post Evacuate Collection Set: 17.0ms
[2025-10-15T06:15:16.599-0700][1246 ][info ][gc,phases   ] GC(476)   Other: 0.2ms
[2025-10-15T06:15:16.599-0700][1246 ][debug][gc,remset   ] GC(476) Coarsening (recent): Inline->AoC 31235 (1) AoC->Howl 30 (0) Howl->Full 0 (0) Inline->AoC 109 (0) AoC->BitMap 13 (0) BitMap->Full 0 (0) 
[2025-10-15T06:15:16.599-0700][1246 ][debug][gc,remset   ] GC(476) Coarsening (all): Inline->AoC 14699173 (465) AoC->Howl 323123 (1218) Howl->Full 0 (0) Inline->AoC 1286899 (389) AoC->BitMap 339423 (975) BitMap->Full 10 (0) 
[2025-10-15T06:15:16.599-0700][1246 ][info ][gc,heap     ] GC(476) Eden regions: 3096->0(2845)
[2025-10-15T06:15:16.599-0700][1246 ][info ][gc,heap     ] GC(476) Survivor regions: 235->226(417)
[2025-10-15T06:15:16.599-0700][1246 ][info ][gc,heap     ] GC(476) Old regions: 1041->1012
[2025-10-15T06:15:16.599-0700][1246 ][info ][gc,heap     ] GC(476) Humongous regions: 10->0
[2025-10-15T06:15:16.599-0700][1246 ][info ][gc,metaspace] GC(476) Metaspace: 320091K(328832K)->320091K(328832K) NonClass: 282865K(288064K)->282865K(288064K) Class: 37226K(40768K)->37226K(40768K)
[2025-10-15T06:15:16.599-0700][1246 ][info ][gc          ] GC(476) Pause Young (Mixed) (G1 Evacuation Pause) 140219M->39601M(184320M) 188.232ms
[2025-10-15T06:15:16.600-0700][1246 ][info ][gc,cpu      ] GC(476) User=18.37s Sys=0.30s Real=0.19s
[2025-10-15T06:15:16.601-0700][1246 ][info ][safepoint   ] Safepoint "G1CollectForAllocation", Time since last: 744242875 ns, Reaching safepoint: 1029812 ns, Cleanup: 4798 ns, At safepoint: 191758308 ns, Total: 192792918 ns
[2025-10-15T06:15:17.661-0700][1246 ][info ][safepoint   ] Safepoint "Cleanup", Time since last: 1000093886 ns, Reaching safepoint: 59390878 ns, Cleanup: 22394 ns, At safepoint: 326011 ns, Total: 59739283 ns
[2025-10-15T06:15:18.663-0700][1246 ][info ][safepoint   ] Safepoint "Cleanup", Time since last: 1000132015 ns, Reaching safepoint: 945465 ns, Cleanup: 10025 ns, At safepoint: 406252 ns, Total: 1361742 ns
[2025-10-15T06:15:19.664-0700][1246 ][info ][safepoint   ] Safepoint "Cleanup", Time since last: 1000109570 ns, Reaching safepoint: 892936 ns, Cleanup: 14402 ns, At safepoint: 374865 ns, Total: 1282203 ns
[2025-10-15T06:15:25.352-0700][1246 ][info ][gc,start    ] GC(477) Pause Young (Mixed) (G1 Evacuation Pause)
[2025-10-15T06:15:25.352-0700][1246 ][info ][gc,task     ] GC(477) Using 113 workers of 113 for evacuation
[2025-10-15T06:15:25.367-0700][1246 ][debug][gc,remset   ] GC(477) Visited cards 10163968 Total dirty 60817408 (16.71%) Total old 490471424 (2.07%)
[2025-10-15T06:15:25.559-0700][1246 ][info ][gc,mmu      ] GC(477) MMU target violated: 201.0ms (200.0ms/201.0ms)
[2025-10-15T06:15:25.559-0700][1246 ][info ][gc,phases   ] GC(477)   Pre Evacuate Collection Set: 0.8ms
[2025-10-15T06:15:25.559-0700][1246 ][info ][gc,phases   ] GC(477)   Merge Heap Roots: 13.8ms
[2025-10-15T06:15:25.559-0700][1246 ][info ][gc,phases   ] GC(477)   Evacuate Collection Set: 175.5ms
[2025-10-15T06:15:25.559-0700][1246 ][info ][gc,phases   ] GC(477)   Post Evacuate Collection Set: 17.2ms
[2025-10-15T06:15:25.559-0700][1246 ][info ][gc,phases   ] GC(477)   Other: 0.2ms
[2025-10-15T06:15:25.559-0700][1246 ][debug][gc,remset   ] GC(477) Coarsening (recent): Inline->AoC 43845 (0) AoC->Howl 315 (0) Howl->Full 0 (0) Inline->AoC 1318 (0) AoC->BitMap 155 (0) BitMap->Full 0 (0) 
[2025-10-15T06:15:25.559-0700][1246 ][debug][gc,remset   ] GC(477) Coarsening (all): Inline->AoC 14743018 (465) AoC->Howl 323438 (1218) Howl->Full 0 (0) Inline->AoC 1288217 (389) AoC->BitMap 339578 (975) BitMap->Full 10 (0) 
[2025-10-15T06:15:25.559-0700][1246 ][info ][gc,heap     ] GC(477) Eden regions: 2971->0(1711)
[2025-10-15T06:15:25.559-0700][1246 ][info ][gc,heap     ] GC(477) Survivor regions: 226->252(400)
[2025-10-15T06:15:25.559-0700][1246 ][info ][gc,heap     ] GC(477) Old regions: 1012->978
[2025-10-15T06:15:25.559-0700][1246 ][info ][gc,heap     ] GC(477) Humongous regions: 13->0
[2025-10-15T06:15:25.559-0700][1246 ][info ][gc,metaspace] GC(477) Metaspace: 320156K(328832K)->320156K(328832K) NonClass: 282923K(288064K)->282923K(288064K) Class: 37232K(40768K)->37232K(40768K)
[2025-10-15T06:15:25.559-0700][1246 ][info ][gc          ] GC(477) Pause Young (Mixed) (G1 Evacuation Pause) 135089M->39319M(184320M) 207.809ms
[2025-10-15T06:15:25.561-0700][1246 ][info ][gc,cpu      ] GC(477) User=20.05s Sys=0.28s Real=0.21s
[2025-10-15T06:15:25.562-0700][1246 ][info ][safepoint   ] Safepoint "G1CollectForAllocation", Time since last: 5685021750 ns, Reaching safepoint: 1470957 ns, Cleanup: 35814 ns, At safepoint: 211459970 ns, Total: 212966741 ns
[2025-10-15T06:15:30.563-0700][1246 ][info ][safepoint   ] Safepoint "Cleanup", Time since last: 5000297976 ns, Reaching safepoint: 907808 ns, Cleanup: 13290 ns, At safepoint: 212250 ns, Total: 1133348 ns
[2025-10-15T06:15:34.241-0700][1246 ][info ][gc,start    ] GC(478) Pause Young (Mixed) (G1 Evacuation Pause)
[2025-10-15T06:15:34.241-0700][1246 ][info ][gc,task     ] GC(478) Using 113 workers of 113 for evacuation
[2025-10-15T06:15:34.256-0700][1246 ][debug][gc,remset   ] GC(478) Visited cards 9955328 Total dirty 58064896 (17.15%) Total old 343343104 (2.90%)
[2025-10-15T06:15:34.447-0700][1246 ][info ][gc,mmu      ] GC(478) MMU target violated: 201.0ms (200.0ms/201.0ms)
[2025-10-15T06:15:34.447-0700][1246 ][info ][gc,phases   ] GC(478)   Pre Evacuate Collection Set: 0.7ms
[2025-10-15T06:15:34.447-0700][1246 ][info ][gc,phases   ] GC(478)   Merge Heap Roots: 13.7ms
[2025-10-15T06:15:34.447-0700][1246 ][info ][gc,phases   ] GC(478)   Evacuate Collection Set: 174.3ms
[2025-10-15T06:15:34.447-0700][1246 ][info ][gc,phases   ] GC(478)   Post Evacuate Collection Set: 17.1ms
[2025-10-15T06:15:34.447-0700][1246 ][info ][gc,phases   ] GC(478)   Other: 0.2ms
[2025-10-15T06:15:34.447-0700][1246 ][debug][gc,remset   ] GC(478) Coarsening (recent): Inline->AoC 34686 (0) AoC->Howl 282 (0) Howl->Full 0 (0) Inline->AoC 1021 (0) AoC->BitMap 241 (0) BitMap->Full 0 (0) 
[2025-10-15T06:15:34.448-0700][1246 ][debug][gc,remset   ] GC(478) Coarsening (all): Inline->AoC 14777704 (465) AoC->Howl 323720 (1218) Howl->Full 0 (0) Inline->AoC 1289238 (389) AoC->BitMap 339819 (975) BitMap->Full 10 (0) 
[2025-10-15T06:15:34.448-0700][1246 ][info ][gc,heap     ] GC(478) Eden regions: 1840->0(3261)
[2025-10-15T06:15:34.448-0700][1246 ][info ][gc,heap     ] GC(478) Survivor regions: 252->186(262)
[2025-10-15T06:15:34.448-0700][1246 ][info ][gc,heap     ] GC(478) Old regions: 978->1023
[2025-10-15T06:15:34.448-0700][1246 ][info ][gc,heap     ] GC(478) Humongous regions: 12->0
[2025-10-15T06:15:34.448-0700][1246 ][info ][gc,metaspace] GC(478) Metaspace: 320164K(328832K)->320164K(328832K) NonClass: 282931K(288064K)->282931K(288064K) Class: 37233K(40768K)->37233K(40768K)
[2025-10-15T06:15:34.448-0700][1246 ][info ][gc          ] GC(478) Pause Young (Mixed) (G1 Evacuation Pause) 98583M->38667M(184320M) 206.159ms
[2025-10-15T06:15:34.449-0700][1246 ][info ][gc,cpu      ] GC(478) User=19.94s Sys=0.24s Real=0.21s
[2025-10-15T06:15:34.450-0700][1246 ][info ][safepoint   ] Safepoint "G1CollectForAllocation", Time since last: 3675933172 ns, Reaching safepoint: 1000658 ns, Cleanup: 6089 ns, At safepoint: 209738817 ns, Total: 210745564 ns
[2025-10-15T06:15:35.451-0700][1246 ][info ][safepoint   ] Safepoint "Cleanup", Time since last: 1000084993 ns, Reaching safepoint: 908039 ns, Cleanup: 12018 ns, At safepoint: 231408 ns, Total: 1151465 ns
[2025-10-15T06:15:36.452-0700][1246 ][info ][safepoint   ] Safepoint "Cleanup", Time since last: 1000105385 ns, Reaching safepoint: 739234 ns, Cleanup: 10355 ns, At safepoint: 180763 ns, Total: 930352 ns
[2025-10-15T06:15:37.454-0700][1246 ][info ][safepoint   ] Safepoint "Cleanup", Time since last: 1000102319 ns, Reaching safepoint: 901759 ns, Cleanup: 19420 ns, At safepoint: 431500 ns, Total: 1352679 ns
[2025-10-15T06:15:42.455-0700][1246 ][info ][safepoint   ] Safepoint "Cleanup", Time since last: 5000294561 ns, Reaching safepoint: 966747 ns, Cleanup: 15653 ns, At safepoint: 260553 ns, Total: 1242953 ns
[2025-10-15T06:15:43.457-0700][1246 ][info ][safepoint   ] Safepoint "Cleanup", Time since last: 1000102195 ns, Reaching safepoint: 898695 ns, Cleanup: 13941 ns, At safepoint: 295926 ns, Total: 1208562 ns
[2025-10-15T06:15:47.901-0700][1246 ][info ][gc,start    ] GC(479) Pause Young (Mixed) (G1 Evacuation Pause)
[2025-10-15T06:15:47.901-0700][1246 ][info ][gc,task     ] GC(479) Using 113 workers of 113 for evacuation
[2025-10-15T06:15:47.916-0700][1246 ][debug][gc,remset   ] GC(479) Visited cards 10873088 Total dirty 62586880 (17.37%) Total old 514457600 (2.11%)
[2025-10-15T06:15:48.044-0700][1246 ][debug][gc,remset   ] GC(479) Visited cards 1055744 Total dirty 48365568 (2.18%) Total old 529465344 (0.20%)
[2025-10-15T06:15:48.068-0700][1246 ][info ][gc,phases   ] GC(479)   Pre Evacuate Collection Set: 0.7ms
[2025-10-15T06:15:48.068-0700][1246 ][info ][gc,phases   ] GC(479)   Merge Heap Roots: 14.5ms
[2025-10-15T06:15:48.068-0700][1246 ][info ][gc,phases   ] GC(479)   Evacuate Collection Set: 126.2ms
[2025-10-15T06:15:48.068-0700][1246 ][info ][gc,phases   ] GC(479)   Merge Optional Heap Roots: 1.2ms
[2025-10-15T06:15:48.068-0700][1246 ][info ][gc,phases   ] GC(479)   Evacuate Optional Collection Set: 4.9ms
[2025-10-15T06:15:48.068-0700][1246 ][info ][gc,phases   ] GC(479)   Post Evacuate Collection Set: 18.9ms
[2025-10-15T06:15:48.068-0700][1246 ][info ][gc,phases   ] GC(479)   Other: 0.2ms
[2025-10-15T06:15:48.068-0700][1246 ][debug][gc,remset   ] GC(479) Coarsening (recent): Inline->AoC 63333 (0) AoC->Howl 485 (0) Howl->Full 0 (0) Inline->AoC 1169 (0) AoC->BitMap 444 (0) BitMap->Full 0 (0) 
[2025-10-15T06:15:48.068-0700][1246 ][debug][gc,remset   ] GC(479) Coarsening (all): Inline->AoC 14841037 (465) AoC->Howl 324205 (1218) Howl->Full 0 (0) Inline->AoC 1290407 (389) AoC->BitMap 340263 (975) BitMap->Full 10 (0) 
[2025-10-15T06:15:48.068-0700][1246 ][info ][gc,heap     ] GC(479) Eden regions: 3184->0(2981)
[2025-10-15T06:15:48.068-0700][1246 ][info ][gc,heap     ] GC(479) Survivor regions: 186->197(422)
[2025-10-15T06:15:48.068-0700][1246 ][info ][gc,heap     ] GC(479) Old regions: 1023->959
[2025-10-15T06:15:48.068-0700][1246 ][info ][gc,heap     ] GC(479) Humongous regions: 19->0
[2025-10-15T06:15:48.068-0700][1246 ][info ][gc,metaspace] GC(479) Metaspace: 320200K(328832K)->320200K(328832K) NonClass: 282963K(288064K)->282963K(288064K) Class: 37236K(40768K)->37236K(40768K)
[2025-10-15T06:15:48.068-0700][1246 ][info ][gc          ] GC(479) Pause Young (Mixed) (G1 Evacuation Pause) 141163M->36983M(184320M) 166.659ms
[2025-10-15T06:15:48.069-0700][1246 ][info ][gc,cpu      ] GC(479) User=15.66s Sys=0.42s Real=0.17s
[2025-10-15T06:15:48.070-0700][1246 ][info ][safepoint   ] Safepoint "G1CollectForAllocation", Time since last: 4442380701 ns, Reaching safepoint: 926437 ns, Cleanup: 25929 ns, At safepoint: 170201879 ns, Total: 171154245 ns
[2025-10-15T06:15:59.084-0700][1246 ][info ][safepoint   ] Safepoint "Cleanup", Time since last: 11000661938 ns, Reaching safepoint: 11360111 ns, Cleanup: 25569 ns, At safepoint: 1961326 ns, Total: 13347006 ns
[2025-10-15T06:16:00.086-0700][1246 ][info ][safepoint   ] Safepoint "Cleanup", Time since last: 1000111749 ns, Reaching safepoint: 907247 ns, Cleanup: 15994 ns, At safepoint: 951424 ns, Total: 1874665 ns
[2025-10-15T06:16:01.088-0700][1246 ][info ][safepoint   ] Safepoint "Cleanup", Time since last: 1000107583 ns, Reaching safepoint: 861499 ns, Cleanup: 17646 ns, At safepoint: 952976 ns, Total: 1832121 ns
[2025-10-15T06:16:02.109-0700][1246 ][info ][safepoint   ] Safepoint "Cleanup", Time since last: 1000064058 ns, Reaching safepoint: 18754465 ns, Cleanup: 25278 ns, At safepoint: 2358334 ns, Total: 21138077 ns
[2025-10-15T06:16:03.114-0700][1246 ][info ][gc,start    ] GC(480) Pause Young (Mixed) (G1 Evacuation Pause)
[2025-10-15T06:16:03.114-0700][1246 ][info ][gc,task     ] GC(480) Using 113 workers of 113 for evacuation
[2025-10-15T06:16:03.129-0700][1246 ][debug][gc,remset   ] GC(480) Visited cards 11236352 Total dirty 58261504 (19.29%) Total old 508428288 (2.21%)
[2025-10-15T06:16:03.299-0700][1246 ][info ][gc,phases   ] GC(480)   Pre Evacuate Collection Set: 0.7ms
[2025-10-15T06:16:03.299-0700][1246 ][info ][gc,phases   ] GC(480)   Merge Heap Roots: 14.1ms
[2025-10-15T06:16:03.299-0700][1246 ][info ][gc,phases   ] GC(480)   Evacuate Collection Set: 153.3ms
[2025-10-15T06:16:03.299-0700][1246 ][info ][gc,phases   ] GC(480)   Post Evacuate Collection Set: 16.5ms
[2025-10-15T06:16:03.299-0700][1246 ][info ][gc,phases   ] GC(480)   Other: 0.2ms
[2025-10-15T06:16:03.299-0700][1246 ][debug][gc,remset   ] GC(480) Coarsening (recent): Inline->AoC 45963 (0) AoC->Howl 300 (0) Howl->Full 0 (0) Inline->AoC 1079 (0) AoC->BitMap 248 (0) BitMap->Full 0 (0) 
[2025-10-15T06:16:03.299-0700][1246 ][debug][gc,remset   ] GC(480) Coarsening (all): Inline->AoC 14887000 (465) AoC->Howl 324505 (1218) Howl->Full 0 (0) Inline->AoC 1291486 (389) AoC->BitMap 340511 (975) BitMap->Full 10 (0) 
[2025-10-15T06:16:03.299-0700][1246 ][info ][gc,heap     ] GC(480) Eden regions: 3161->0(1254)
[2025-10-15T06:16:03.299-0700][1246 ][info ][gc,heap     ] GC(480) Survivor regions: 197->246(420)
[2025-10-15T06:16:03.299-0700][1246 ][info ][gc,heap     ] GC(480) Old regions: 959->904
[2025-10-15T06:16:03.299-0700][1246 ][info ][gc,heap     ] GC(480) Humongous regions: 18->0
[2025-10-15T06:16:03.299-0700][1246 ][info ][gc,metaspace] GC(480) Metaspace: 320316K(328832K)->320316K(328832K) NonClass: 283064K(288064K)->283064K(288064K) Class: 37252K(40768K)->37252K(40768K)
[2025-10-15T06:16:03.299-0700][1246 ][info ][gc          ] GC(480) Pause Young (Mixed) (G1 Evacuation Pause) 138711M->36799M(184320M) 184.953ms
[2025-10-15T06:16:03.300-0700][1246 ][info ][gc,cpu      ] GC(480) User=18.08s Sys=0.45s Real=0.19s
[2025-10-15T06:16:03.302-0700][1246 ][info ][safepoint   ] Safepoint "G1CollectForAllocation", Time since last: 1003147294 ns, Reaching safepoint: 774778 ns, Cleanup: 6299 ns, At safepoint: 188404493 ns, Total: 189185570 ns
[2025-10-15T06:16:06.303-0700][1246 ][info ][safepoint   ] Safepoint "Cleanup", Time since last: 3000168066 ns, Reaching safepoint: 748969 ns, Cleanup: 10095 ns, At safepoint: 82535 ns, Total: 841599 ns
[2025-10-15T06:16:10.797-0700][1246 ][info ][gc,start    ] GC(481) Pause Young (Mixed) (G1 Evacuation Pause)
[2025-10-15T06:16:10.797-0700][1246 ][info ][gc,task     ] GC(481) Using 113 workers of 113 for evacuation
[2025-10-15T06:16:10.811-0700][1246 ][debug][gc,remset   ] GC(481) Visited cards 11735552 Total dirty 54919168 (21.37%) Total old 307167232 (3.82%)
[2025-10-15T06:16:10.985-0700][1246 ][info ][gc,phases   ] GC(481)   Pre Evacuate Collection Set: 0.7ms
[2025-10-15T06:16:10.985-0700][1246 ][info ][gc,phases   ] GC(481)   Merge Heap Roots: 13.2ms
[2025-10-15T06:16:10.985-0700][1246 ][info ][gc,phases   ] GC(481)   Evacuate Collection Set: 162.1ms
[2025-10-15T06:16:10.985-0700][1246 ][info ][gc,phases   ] GC(481)   Post Evacuate Collection Set: 12.2ms
[2025-10-15T06:16:10.985-0700][1246 ][info ][gc,phases   ] GC(481)   Other: 0.1ms
[2025-10-15T06:16:10.985-0700][1246 ][debug][gc,remset   ] GC(481) Coarsening (recent): Inline->AoC 35421 (0) AoC->Howl 278 (0) Howl->Full 0 (0) Inline->AoC 1028 (0) AoC->BitMap 181 (0) BitMap->Full 0 (0) 
[2025-10-15T06:16:10.985-0700][1246 ][debug][gc,remset   ] GC(481) Coarsening (all): Inline->AoC 14922421 (465) AoC->Howl 324783 (1218) Howl->Full 0 (0) Inline->AoC 1292514 (389) AoC->BitMap 340692 (975) BitMap->Full 10 (0) 
[2025-10-15T06:16:10.985-0700][1246 ][info ][gc,heap     ] GC(481) Eden regions: 1608->0(3331)
[2025-10-15T06:16:10.985-0700][1246 ][info ][gc,heap     ] GC(481) Survivor regions: 246->125(232)
[2025-10-15T06:16:10.985-0700][1246 ][info ][gc,heap     ] GC(481) Old regions: 904->998
[2025-10-15T06:16:10.985-0700][1246 ][info ][gc,heap     ] GC(481) Humongous regions: 10->0
[2025-10-15T06:16:10.985-0700][1246 ][info ][gc,metaspace] GC(481) Metaspace: 320399K(328832K)->320399K(328832K) NonClass: 283135K(288064K)->283135K(288064K) Class: 37264K(40768K)->37264K(40768K)
[2025-10-15T06:16:10.985-0700][1246 ][info ][gc          ] GC(481) Pause Young (Mixed) (G1 Evacuation Pause) 88575M->35930M(184320M) 188.527ms
[2025-10-15T06:16:10.986-0700][1246 ][info ][gc,cpu      ] GC(481) User=18.99s Sys=0.32s Real=0.19s
[2025-10-15T06:16:10.987-0700][1246 ][info ][safepoint   ] Safepoint "G1CollectForAllocation", Time since last: 4491967733 ns, Reaching safepoint: 760096 ns, Cleanup: 8262 ns, At safepoint: 192055616 ns, Total: 192823974 ns
[2025-10-15T06:16:15.989-0700][1246 ][info ][safepoint   ] Safepoint "Cleanup", Time since last: 5000332235 ns, Reaching safepoint: 807757 ns, Cleanup: 13791 ns, At safepoint: 176386 ns, Total: 997934 ns
[2025-10-15T06:16:17.990-0700][1246 ][info ][safepoint   ] Safepoint "Cleanup", Time since last: 2000170088 ns, Reaching safepoint: 949171 ns, Cleanup: 22624 ns, At safepoint: 461976 ns, Total: 1433771 ns
[2025-10-15T06:16:21.992-0700][1246 ][info ][safepoint   ] Safepoint "Cleanup", Time since last: 4000294558 ns, Reaching safepoint: 816691 ns, Cleanup: 14161 ns, At safepoint: 354504 ns, Total: 1185356 ns
[2025-10-15T06:16:26.099-0700][1246 ][info ][gc,start    ] GC(482) Pause Young (Mixed) (G1 Evacuation Pause)
[2025-10-15T06:16:26.099-0700][1246 ][info ][gc,task     ] GC(482) Using 113 workers of 113 for evacuation
[2025-10-15T06:16:26.112-0700][1246 ][debug][gc,remset   ] GC(482) Visited cards 13918208 Total dirty 62849024 (22.15%) Total old 522518528 (2.66%)
[2025-10-15T06:16:26.249-0700][1246 ][info ][gc,phases   ] GC(482)   Pre Evacuate Collection Set: 0.7ms
[2025-10-15T06:16:26.249-0700][1246 ][info ][gc,phases   ] GC(482)   Merge Heap Roots: 12.7ms
[2025-10-15T06:16:26.249-0700][1246 ][info ][gc,phases   ] GC(482)   Evacuate Collection Set: 122.6ms
[2025-10-15T06:16:26.249-0700][1246 ][info ][gc,phases   ] GC(482)   Post Evacuate Collection Set: 14.4ms
[2025-10-15T06:16:26.249-0700][1246 ][info ][gc,phases   ] GC(482)   Other: 0.2ms
[2025-10-15T06:16:26.249-0700][1246 ][debug][gc,remset   ] GC(482) Coarsening (recent): Inline->AoC 40441 (4) AoC->Howl 293 (21) Howl->Full 0 (0) Inline->AoC 706 (5) AoC->BitMap 235 (11) BitMap->Full 0 (0) 
[2025-10-15T06:16:26.249-0700][1246 ][debug][gc,remset   ] GC(482) Coarsening (all): Inline->AoC 14962862 (469) AoC->Howl 325076 (1239) Howl->Full 0 (0) Inline->AoC 1293220 (394) AoC->BitMap 340927 (986) BitMap->Full 10 (0) 
[2025-10-15T06:16:26.249-0700][1246 ][info ][gc,heap     ] GC(482) Eden regions: 3331->0(3281)
[2025-10-15T06:16:26.249-0700][1246 ][info ][gc,heap     ] GC(482) Survivor regions: 125->175(432)
[2025-10-15T06:16:26.249-0700][1246 ][info ][gc,heap     ] GC(482) Old regions: 998->979
[2025-10-15T06:16:26.249-0700][1246 ][info ][gc,heap     ] GC(482) Humongous regions: 18->0
[2025-10-15T06:16:26.250-0700][1246 ][info ][gc,metaspace] GC(482) Metaspace: 320399K(328832K)->320399K(328832K) NonClass: 283135K(288064K)->283135K(288064K) Class: 37264K(40768K)->37264K(40768K)
[2025-10-15T06:16:26.250-0700][1246 ][info ][gc          ] GC(482) Pause Young (Mixed) (G1 Evacuation Pause) 143098M->36915M(184320M) 150.819ms
[2025-10-15T06:16:26.251-0700][1246 ][info ][gc,cpu      ] GC(482) User=14.49s Sys=0.23s Real=0.15s
[2025-10-15T06:16:26.252-0700][1246 ][info ][safepoint   ] Safepoint "G1CollectForAllocation", Time since last: 4104886407 ns, Reaching safepoint: 868499 ns, Cleanup: 5028 ns, At safepoint: 154266353 ns, Total: 155139880 ns
[2025-10-15T06:16:27.253-0700][1246 ][info ][safepoint   ] Safepoint "Cleanup", Time since last: 1000090878 ns, Reaching safepoint: 861068 ns, Cleanup: 13390 ns, At safepoint: 352712 ns, Total: 1227170 ns
[2025-10-15T06:16:34.145-0700][1246 ][info ][gc,start    ] GC(483) Pause Young (Normal) (G1 Evacuation Pause)
[2025-10-15T06:16:34.145-0700][1246 ][info ][gc,task     ] GC(483) Using 113 workers of 113 for evacuation
[2025-10-15T06:16:34.159-0700][1246 ][debug][gc,remset   ] GC(483) Visited cards 8592640 Total dirty 60751872 (14.14%) Total old 517472256 (1.66%)
[2025-10-15T06:16:34.304-0700][1246 ][info ][gc,phases   ] GC(483)   Pre Evacuate Collection Set: 0.7ms
[2025-10-15T06:16:34.304-0700][1246 ][info ][gc,phases   ] GC(483)   Merge Heap Roots: 13.0ms
[2025-10-15T06:16:34.304-0700][1246 ][info ][gc,phases   ] GC(483)   Evacuate Collection Set: 132.6ms
[2025-10-15T06:16:34.304-0700][1246 ][info ][gc,phases   ] GC(483)   Post Evacuate Collection Set: 12.0ms
[2025-10-15T06:16:34.304-0700][1246 ][info ][gc,phases   ] GC(483)   Other: 0.2ms
[2025-10-15T06:16:34.304-0700][1246 ][debug][gc,remset   ] GC(483) Coarsening (recent): Inline->AoC 15378 (1) AoC->Howl 43 (1) Howl->Full 0 (0) Inline->AoC 179 (0) AoC->BitMap 15 (0) BitMap->Full 0 (0) 
[2025-10-15T06:16:34.304-0700][1246 ][debug][gc,remset   ] GC(483) Coarsening (all): Inline->AoC 14978240 (470) AoC->Howl 325119 (1240) Howl->Full 0 (0) Inline->AoC 1293399 (394) AoC->BitMap 340942 (986) BitMap->Full 10 (0) 
[2025-10-15T06:16:34.304-0700][1246 ][info ][gc,heap     ] GC(483) Eden regions: 3281->0(3242)
[2025-10-15T06:16:34.304-0700][1246 ][info ][gc,heap     ] GC(483) Survivor regions: 175->214(432)
[2025-10-15T06:16:34.304-0700][1246 ][info ][gc,heap     ] GC(483) Old regions: 979->979
[2025-10-15T06:16:34.304-0700][1246 ][info ][gc,heap     ] GC(483) Humongous regions: 5->0
[2025-10-15T06:16:34.304-0700][1246 ][info ][gc,metaspace] GC(483) Metaspace: 320409K(328832K)->320409K(328832K) NonClass: 283142K(288064K)->283142K(288064K) Class: 37266K(40768K)->37266K(40768K)
[2025-10-15T06:16:34.304-0700][1246 ][info ][gc          ] GC(483) Pause Young (Normal) (G1 Evacuation Pause) 142067M->38163M(184320M) 158.649ms
[2025-10-15T06:16:34.305-0700][1246 ][info ][gc,cpu      ] GC(483) User=15.54s Sys=0.17s Real=0.16s
[2025-10-15T06:16:34.306-0700][1246 ][info ][safepoint   ] Safepoint "G1CollectForAllocation", Time since last: 6889742859 ns, Reaching safepoint: 1188200 ns, Cleanup: 4467 ns, At safepoint: 162229124 ns, Total: 163421791 ns
[2025-10-15T06:16:41.308-0700][1246 ][info ][safepoint   ] Safepoint "Cleanup", Time since last: 7000444056 ns, Reaching safepoint: 755779 ns, Cleanup: 23676 ns, At safepoint: 233121 ns, Total: 1012576 ns
[2025-10-15T06:16:42.320-0700][1246 ][info ][safepoint   ] Safepoint "Cleanup", Time since last: 1000110488 ns, Reaching safepoint: 10332572 ns, Cleanup: 18137 ns, At safepoint: 1814344 ns, Total: 12165053 ns
[2025-10-15T06:16:47.261-0700][1246 ][info ][gc,start    ] GC(484) Pause Young (Normal) (G1 Evacuation Pause)
[2025-10-15T06:16:47.261-0700][1246 ][info ][gc,task     ] GC(484) Using 113 workers of 113 for evacuation
[2025-10-15T06:16:47.275-0700][1246 ][debug][gc,remset   ] GC(484) Visited cards 8804608 Total dirty 60882944 (14.46%) Total old 518258688 (1.70%)
[2025-10-15T06:16:47.442-0700][1246 ][info ][gc,phases   ] GC(484)   Pre Evacuate Collection Set: 0.7ms
[2025-10-15T06:16:47.442-0700][1246 ][info ][gc,phases   ] GC(484)   Merge Heap Roots: 13.6ms
[2025-10-15T06:16:47.442-0700][1246 ][info ][gc,phases   ] GC(484)   Evacuate Collection Set: 152.5ms
[2025-10-15T06:16:47.442-0700][1246 ][info ][gc,phases   ] GC(484)   Post Evacuate Collection Set: 13.9ms
[2025-10-15T06:16:47.442-0700][1246 ][info ][gc,phases   ] GC(484)   Other: 0.2ms
[2025-10-15T06:16:47.442-0700][1246 ][debug][gc,remset   ] GC(484) Coarsening (recent): Inline->AoC 20101 (3) AoC->Howl 105 (3) Howl->Full 0 (0) Inline->AoC 417 (1) AoC->BitMap 95 (4) BitMap->Full 0 (0) 
[2025-10-15T06:16:47.442-0700][1246 ][debug][gc,remset   ] GC(484) Coarsening (all): Inline->AoC 14998341 (473) AoC->Howl 325224 (1243) Howl->Full 0 (0) Inline->AoC 1293816 (395) AoC->BitMap 341037 (990) BitMap->Full 10 (0) 
[2025-10-15T06:16:47.442-0700][1246 ][info ][gc,heap     ] GC(484) Eden regions: 3242->0(2378)
[2025-10-15T06:16:47.442-0700][1246 ][info ][gc,heap     ] GC(484) Survivor regions: 214->248(432)
[2025-10-15T06:16:47.442-0700][1246 ][info ][gc,heap     ] GC(484) Old regions: 979->979
[2025-10-15T06:16:47.442-0700][1246 ][info ][gc,heap     ] GC(484) Humongous regions: 17->0
[2025-10-15T06:16:47.442-0700][1246 ][info ][gc,metaspace] GC(484) Metaspace: 320561K(328832K)->320561K(328832K) NonClass: 283271K(288064K)->283271K(288064K) Class: 37290K(40768K)->37290K(40768K)
[2025-10-15T06:16:47.442-0700][1246 ][info ][gc          ] GC(484) Pause Young (Normal) (G1 Evacuation Pause) 142451M->39251M(184320M) 181.035ms
[2025-10-15T06:16:47.443-0700][1246 ][info ][gc,cpu      ] GC(484) User=17.80s Sys=0.26s Real=0.18s
[2025-10-15T06:16:47.444-0700][1246 ][info ][safepoint   ] Safepoint "G1CollectForAllocation", Time since last: 4938840563 ns, Reaching safepoint: 901248 ns, Cleanup: 15233 ns, At safepoint: 184675194 ns, Total: 185591675 ns
[2025-10-15T06:16:50.446-0700][1246 ][info ][safepoint   ] Safepoint "Cleanup", Time since last: 3000254630 ns, Reaching safepoint: 873417 ns, Cleanup: 14321 ns, At safepoint: 171679 ns, Total: 1059417 ns
[2025-10-15T06:16:52.447-0700][1246 ][info ][safepoint   ] Safepoint "Cleanup", Time since last: 2000158497 ns, Reaching safepoint: 963452 ns, Cleanup: 18207 ns, At safepoint: 216166 ns, Total: 1197825 ns
[2025-10-15T06:16:54.449-0700][1246 ][info ][safepoint   ] Safepoint "Cleanup", Time since last: 2000149453 ns, Reaching safepoint: 962030 ns, Cleanup: 14962 ns, At safepoint: 442858 ns, Total: 1419850 ns
[2025-10-15T06:16:57.712-0700][1246 ][info ][gc,start    ] GC(485) Pause Young (Normal) (G1 Evacuation Pause)
[2025-10-15T06:16:57.712-0700][1246 ][info ][gc,task     ] GC(485) Using 113 workers of 113 for evacuation
[2025-10-15T06:16:57.726-0700][1246 ][debug][gc,remset   ] GC(485) Visited cards 8813824 Total dirty 60882944 (14.48%) Total old 447873024 (1.97%)
[2025-10-15T06:16:57.919-0700][1246 ][info ][gc,mmu      ] GC(485) MMU target violated: 201.0ms (200.0ms/201.0ms)
[2025-10-15T06:16:57.919-0700][1246 ][info ][gc,phases   ] GC(485)   Pre Evacuate Collection Set: 0.7ms
[2025-10-15T06:16:57.919-0700][1246 ][info ][gc,phases   ] GC(485)   Merge Heap Roots: 12.7ms
[2025-10-15T06:16:57.919-0700][1246 ][info ][gc,phases   ] GC(485)   Evacuate Collection Set: 179.0ms
[2025-10-15T06:16:57.919-0700][1246 ][info ][gc,phases   ] GC(485)   Post Evacuate Collection Set: 14.4ms
[2025-10-15T06:16:57.919-0700][1246 ][info ][gc,phases   ] GC(485)   Other: 0.2ms
[2025-10-15T06:16:57.919-0700][1246 ][debug][gc,remset   ] GC(485) Coarsening (recent): Inline->AoC 22387 (3) AoC->Howl 79 (2) Howl->Full 0 (0) Inline->AoC 280 (1) AoC->BitMap 69 (2) BitMap->Full 0 (0) 
[2025-10-15T06:16:57.919-0700][1246 ][debug][gc,remset   ] GC(485) Coarsening (all): Inline->AoC 15020728 (476) AoC->Howl 325303 (1245) Howl->Full 0 (0) Inline->AoC 1294096 (396) AoC->BitMap 341106 (992) BitMap->Full 10 (0) 
[2025-10-15T06:16:57.919-0700][1246 ][info ][gc,heap     ] GC(485) Eden regions: 2673->0(3116)
[2025-10-15T06:16:57.919-0700][1246 ][info ][gc,heap     ] GC(485) Survivor regions: 248->218(366)
[2025-10-15T06:16:57.920-0700][1246 ][info ][gc,heap     ] GC(485) Old regions: 979->1050
[2025-10-15T06:16:57.920-0700][1246 ][info ][gc,heap     ] GC(485) Humongous regions: 13->0
[2025-10-15T06:16:57.920-0700][1246 ][info ][gc,metaspace] GC(485) Metaspace: 320621K(328832K)->320621K(328832K) NonClass: 283324K(288064K)->283324K(288064K) Class: 37297K(40768K)->37297K(40768K)
[2025-10-15T06:16:57.920-0700][1246 ][info ][gc          ] GC(485) Pause Young (Normal) (G1 Evacuation Pause) 125203M->40559M(184320M) 207.197ms
[2025-10-15T06:16:57.921-0700][1246 ][info ][gc,cpu      ] GC(485) User=19.99s Sys=0.22s Real=0.21s
[2025-10-15T06:16:57.922-0700][1246 ][info ][safepoint   ] Safepoint "G1CollectForAllocation", Time since last: 3261158588 ns, Reaching safepoint: 1273219 ns, Cleanup: 9925 ns, At safepoint: 210888490 ns, Total: 212171634 ns
[2025-10-15T06:16:58.940-0700][1246 ][info ][safepoint   ] Safepoint "Cleanup", Time since last: 1000106449 ns, Reaching safepoint: 15739822 ns, Cleanup: 62234 ns, At safepoint: 1968526 ns, Total: 17770582 ns
[2025-10-15T06:17:01.941-0700][1246 ][info ][safepoint   ] Safepoint "Cleanup", Time since last: 3000234450 ns, Reaching safepoint: 748128 ns, Cleanup: 13320 ns, At safepoint: 148934 ns, Total: 910382 ns
[2025-10-15T06:17:03.706-0700][1246 ][info ][safepoint   ] Safepoint "Cleanup", Time since last: 1764080765 ns, Reaching safepoint: 1068019 ns, Cleanup: 11838 ns, At safepoint: 208985 ns, Total: 1288842 ns
[2025-10-15T06:17:04.708-0700][1246 ][info ][safepoint   ] Safepoint "Cleanup", Time since last: 1000100701 ns, Reaching safepoint: 931704 ns, Cleanup: 13019 ns, At safepoint: 190548 ns, Total: 1135271 ns
[2025-10-15T06:17:05.709-0700][1246 ][info ][safepoint   ] Safepoint "Cleanup", Time since last: 1000098066 ns, Reaching safepoint: 885875 ns, Cleanup: 10206 ns, At safepoint: 184528 ns, Total: 1080609 ns
[2025-10-15T06:17:06.711-0700][1246 ][info ][safepoint   ] Safepoint "Cleanup", Time since last: 1000152298 ns, Reaching safepoint: 1294030 ns, Cleanup: 11979 ns, At safepoint: 980237 ns, Total: 2286246 ns
[2025-10-15T06:17:07.713-0700][1246 ][info ][safepoint   ] Safepoint "Cleanup", Time since last: 1000116424 ns, Reaching safepoint: 969041 ns, Cleanup: 16114 ns, At safepoint: 426383 ns, Total: 1411538 ns
[2025-10-15T06:17:12.080-0700][1246 ][info ][gc,start    ] GC(486) Pause Young (Normal) (G1 Evacuation Pause)
[2025-10-15T06:17:12.080-0700][1246 ][info ][gc,task     ] GC(486) Using 113 workers of 113 for evacuation
[2025-10-15T06:17:12.094-0700][1246 ][debug][gc,remset   ] GC(486) Visited cards 9084416 Total dirty 64749568 (14.03%) Total old 507969536 (1.79%)
[2025-10-15T06:17:12.259-0700][1246 ][info ][gc,phases   ] GC(486)   Pre Evacuate Collection Set: 0.7ms
[2025-10-15T06:17:12.259-0700][1246 ][info ][gc,phases   ] GC(486)   Merge Heap Roots: 13.0ms
[2025-10-15T06:17:12.259-0700][1246 ][info ][gc,phases   ] GC(486)   Evacuate Collection Set: 150.2ms
[2025-10-15T06:17:12.259-0700][1246 ][info ][gc,phases   ] GC(486)   Post Evacuate Collection Set: 14.8ms
[2025-10-15T06:17:12.259-0700][1246 ][info ][gc,phases   ] GC(486)   Other: 0.2ms
[2025-10-15T06:17:12.259-0700][1246 ][debug][gc,remset   ] GC(486) Coarsening (recent): Inline->AoC 32745 (1) AoC->Howl 162 (0) Howl->Full 0 (0) Inline->AoC 552 (0) AoC->BitMap 116 (0) BitMap->Full 0 (0) 
[2025-10-15T06:17:12.259-0700][1246 ][debug][gc,remset   ] GC(486) Coarsening (all): Inline->AoC 15053473 (477) AoC->Howl 325465 (1245) Howl->Full 0 (0) Inline->AoC 1294648 (396) AoC->BitMap 341222 (992) BitMap->Full 10 (0) 
[2025-10-15T06:17:12.259-0700][1246 ][info ][gc,heap     ] GC(486) Eden regions: 3124->0(2366)
[2025-10-15T06:17:12.259-0700][1246 ][info ][gc,heap     ] GC(486) Survivor regions: 218->249(418)
[2025-10-15T06:17:12.259-0700][1246 ][info ][gc,heap     ] GC(486) Old regions: 1050->1050
[2025-10-15T06:17:12.259-0700][1246 ][info ][gc,heap     ] GC(486) Humongous regions: 17->0
[2025-10-15T06:17:12.259-0700][1246 ][info ][gc,metaspace] GC(486) Metaspace: 320746K(328832K)->320746K(328832K) NonClass: 283433K(288064K)->283433K(288064K) Class: 37313K(40768K)->37313K(40768K)
[2025-10-15T06:17:12.259-0700][1246 ][info ][gc          ] GC(486) Pause Young (Normal) (G1 Evacuation Pause) 141071M->41542M(184320M) 179.201ms
[2025-10-15T06:17:12.260-0700][1246 ][info ][gc,cpu      ] GC(486) User=17.97s Sys=0.36s Real=0.18s
[2025-10-15T06:17:12.261-0700][1246 ][info ][safepoint   ] Safepoint "G1CollectForAllocation", Time since last: 4364827406 ns, Reaching safepoint: 913938 ns, Cleanup: 5428 ns, At safepoint: 182761189 ns, Total: 183680555 ns
[2025-10-15T06:17:17.263-0700][1246 ][info ][safepoint   ] Safepoint "Cleanup", Time since last: 5000323452 ns, Reaching safepoint: 942110 ns, Cleanup: 13520 ns, At safepoint: 243387 ns, Total: 1199017 ns
[2025-10-15T06:17:22.566-0700][1246 ][info ][gc,start    ] GC(487) Pause Young (Normal) (G1 Evacuation Pause)
[2025-10-15T06:17:22.567-0700][1246 ][info ][gc,task     ] GC(487) Using 113 workers of 113 for evacuation
[2025-10-15T06:17:22.580-0700][1246 ][debug][gc,remset   ] GC(487) Visited cards 8951040 Total dirty 64749568 (13.82%) Total old 430047232 (2.08%)
[2025-10-15T06:17:22.758-0700][1246 ][info ][gc,phases   ] GC(487)   Pre Evacuate Collection Set: 0.7ms
[2025-10-15T06:17:22.758-0700][1246 ][info ][gc,phases   ] GC(487)   Merge Heap Roots: 12.5ms
[2025-10-15T06:17:22.758-0700][1246 ][info ][gc,phases   ] GC(487)   Evacuate Collection Set: 165.6ms
[2025-10-15T06:17:22.758-0700][1246 ][info ][gc,phases   ] GC(487)   Post Evacuate Collection Set: 12.5ms
[2025-10-15T06:17:22.758-0700][1246 ][info ][gc,phases   ] GC(487)   Other: 0.2ms
[2025-10-15T06:17:22.758-0700][1246 ][debug][gc,remset   ] GC(487) Coarsening (recent): Inline->AoC 20985 (2) AoC->Howl 27 (0) Howl->Full 0 (0) Inline->AoC 135 (2) AoC->BitMap 17 (0) BitMap->Full 0 (0) 
[2025-10-15T06:17:22.758-0700][1246 ][debug][gc,remset   ] GC(487) Coarsening (all): Inline->AoC 15074458 (479) AoC->Howl 325492 (1245) Howl->Full 0 (0) Inline->AoC 1294783 (398) AoC->BitMap 341239 (992) BitMap->Full 10 (0) 
[2025-10-15T06:17:22.758-0700][1246 ][info ][gc,heap     ] GC(487) Eden regions: 2504->0(3251)
[2025-10-15T06:17:22.758-0700][1246 ][info ][gc,heap     ] GC(487) Survivor regions: 249->205(345)
[2025-10-15T06:17:22.758-0700][1246 ][info ][gc,heap     ] GC(487) Old regions: 1050->1130
[2025-10-15T06:17:22.758-0700][1246 ][info ][gc,heap     ] GC(487) Humongous regions: 6->0
[2025-10-15T06:17:22.758-0700][1246 ][info ][gc,metaspace] GC(487) Metaspace: 320753K(328832K)->320753K(328832K) NonClass: 283440K(288064K)->283440K(288064K) Class: 37313K(40768K)->37313K(40768K)
[2025-10-15T06:17:22.758-0700][1246 ][info ][gc          ] GC(487) Pause Young (Normal) (G1 Evacuation Pause) 121862M->42703M(184320M) 191.664ms
[2025-10-15T06:17:22.759-0700][1246 ][info ][gc,cpu      ] GC(487) User=18.86s Sys=0.15s Real=0.20s
[2025-10-15T06:17:22.761-0700][1246 ][info ][safepoint   ] Safepoint "G1CollectForAllocation", Time since last: 5301295516 ns, Reaching safepoint: 987178 ns, Cleanup: 11207 ns, At safepoint: 195493648 ns, Total: 196492033 ns
[2025-10-15T06:17:22.944-0700][1246 ][info ][gc,start    ] GC(488) Pause Young (Concurrent Start) (G1 Humongous Allocation)
[2025-10-15T06:17:22.944-0700][1246 ][info ][gc,task     ] GC(488) Using 113 workers of 113 for evacuation
[2025-10-15T06:17:22.955-0700][1246 ][debug][gc,remset   ] GC(488) Visited cards 8536576 Total dirty 69074944 (12.36%) Total old 114163712 (7.48%)
[2025-10-15T06:17:23.081-0700][1246 ][info ][gc,phases   ] GC(488)   Pre Evacuate Collection Set: 0.9ms
[2025-10-15T06:17:23.081-0700][1246 ][info ][gc,phases   ] GC(488)   Merge Heap Roots: 9.6ms
[2025-10-15T06:17:23.081-0700][1246 ][info ][gc,phases   ] GC(488)   Evacuate Collection Set: 116.8ms
[2025-10-15T06:17:23.081-0700][1246 ][info ][gc,phases   ] GC(488)   Post Evacuate Collection Set: 9.4ms
[2025-10-15T06:17:23.081-0700][1246 ][info ][gc,phases   ] GC(488)   Other: 0.1ms
[2025-10-15T06:17:23.081-0700][1246 ][debug][gc,remset   ] GC(488) Coarsening (recent): Inline->AoC 23 (0) AoC->Howl 1 (0) Howl->Full 0 (0) Inline->AoC 2 (0) AoC->BitMap 1 (0) BitMap->Full 0 (0) 
[2025-10-15T06:17:23.081-0700][1246 ][debug][gc,remset   ] GC(488) Coarsening (all): Inline->AoC 15074481 (479) AoC->Howl 325493 (1245) Howl->Full 0 (0) Inline->AoC 1294785 (398) AoC->BitMap 341240 (992) BitMap->Full 10 (0) 
[2025-10-15T06:17:23.081-0700][1246 ][info ][gc,heap     ] GC(488) Eden regions: 101->0(925)
[2025-10-15T06:17:23.081-0700][1246 ][info ][gc,heap     ] GC(488) Survivor regions: 205->207(432)
[2025-10-15T06:17:23.081-0700][1246 ][info ][gc,heap     ] GC(488) Old regions: 1130->1130
[2025-10-15T06:17:23.081-0700][1246 ][info ][gc,heap     ] GC(488) Humongous regions: 0->0
[2025-10-15T06:17:23.081-0700][1246 ][info ][gc,metaspace] GC(488) Metaspace: 320753K(328832K)->320753K(328832K) NonClass: 283440K(288064K)->283440K(288064K) Class: 37313K(40768K)->37313K(40768K)
[2025-10-15T06:17:23.081-0700][1246 ][info ][gc          ] GC(488) Pause Young (Concurrent Start) (G1 Humongous Allocation) 45928M->42774M(184320M) 136.864ms
[2025-10-15T06:17:23.082-0700][1085 ][info ][gc          ] GC(489) Concurrent Mark Cycle
[2025-10-15T06:17:23.082-0700][1085 ][info ][gc,marking  ] GC(489) Concurrent Scan Root Regions
[2025-10-15T06:17:23.083-0700][1246 ][info ][gc,cpu      ] GC(488) User=12.32s Sys=0.08s Real=0.14s
[2025-10-15T06:17:23.084-0700][1246 ][info ][safepoint   ] Safepoint "G1TryInitiateConcMark", Time since last: 181703866 ns, Reaching safepoint: 781939 ns, Cleanup: 4947 ns, At safepoint: 141194775 ns, Total: 141981661 ns
[2025-10-15T06:17:23.167-0700][1085 ][info ][gc,marking  ] GC(489) Concurrent Scan Root Regions 85.056ms
[2025-10-15T06:17:23.167-0700][1085 ][info ][gc,marking  ] GC(489) Concurrent Mark
[2025-10-15T06:17:23.167-0700][1085 ][info ][gc,marking  ] GC(489) Concurrent Mark From Roots
[2025-10-15T06:17:23.167-0700][1085 ][info ][gc,task     ] GC(489) Using 36 workers of 36 for marking
[2025-10-15T06:17:23.474-0700][1085 ][info ][gc,marking  ] GC(489) Concurrent Mark From Roots 307.392ms
[2025-10-15T06:17:23.474-0700][1085 ][info ][gc,marking  ] GC(489) Concurrent Preclean
[2025-10-15T06:17:23.497-0700][1085 ][info ][gc,marking  ] GC(489) Concurrent Preclean 23.170ms
[2025-10-15T06:17:23.500-0700][1246 ][info ][gc,start    ] GC(489) Pause Remark
[2025-10-15T06:17:23.642-0700][1246 ][info ][gc          ] GC(489) Pause Remark 49298M->48594M(184320M) 142.057ms
[2025-10-15T06:17:23.643-0700][1246 ][info ][gc,cpu      ] GC(489) User=13.09s Sys=0.07s Real=0.14s
[2025-10-15T06:17:23.648-0700][1246 ][info ][safepoint   ] Safepoint "G1PauseRemark", Time since last: 413067773 ns, Reaching safepoint: 1199108 ns, Cleanup: 5508 ns, At safepoint: 149684770 ns, Total: 150889386 ns
[2025-10-15T06:17:23.648-0700][1085 ][info ][gc,marking  ] GC(489) Concurrent Mark 481.797ms
[2025-10-15T06:17:23.649-0700][1085 ][info ][gc,marking  ] GC(489) Concurrent Rebuild Remembered Sets and Scrub Regions
[2025-10-15T06:17:24.038-0700][1085 ][info ][gc,marking  ] GC(489) Concurrent Rebuild Remembered Sets and Scrub Regions 389.396ms
[2025-10-15T06:17:24.040-0700][1246 ][info ][gc,start    ] GC(489) Pause Cleanup
[2025-10-15T06:17:24.043-0700][1246 ][info ][gc          ] GC(489) Pause Cleanup 53001M->53001M(184320M) 2.240ms
[2025-10-15T06:17:24.044-0700][1246 ][info ][gc,cpu      ] GC(489) User=0.01s Sys=0.01s Real=0.00s
[2025-10-15T06:17:24.044-0700][1246 ][info ][safepoint   ] Safepoint "G1PauseCleanup", Time since last: 389693006 ns, Reaching safepoint: 1146648 ns, Cleanup: 13180 ns, At safepoint: 5294068 ns, Total: 6453896 ns
[2025-10-15T06:17:24.044-0700][1085 ][info ][gc,marking  ] GC(489) Concurrent Clear Claimed Marks
[2025-10-15T06:17:24.046-0700][1085 ][info ][gc,marking  ] GC(489) Concurrent Clear Claimed Marks 1.226ms
[2025-10-15T06:17:24.046-0700][1085 ][info ][gc,marking  ] GC(489) Concurrent Cleanup for Next Mark
[2025-10-15T06:17:24.077-0700][1085 ][info ][gc,marking  ] GC(489) Concurrent Cleanup for Next Mark 30.965ms
[2025-10-15T06:17:24.077-0700][1085 ][info ][gc          ] GC(489) Concurrent Mark Cycle 995.255ms
[2025-10-15T06:17:25.918-0700][1246 ][info ][gc,start    ] GC(490) Pause Young (Prepare Mixed) (G1 Evacuation Pause)
[2025-10-15T06:17:25.919-0700][1246 ][info ][gc,task     ] GC(490) Using 113 workers of 113 for evacuation
[2025-10-15T06:17:25.931-0700][1246 ][debug][gc,remset   ] GC(490) Visited cards 9002752 Total dirty 69206016 (13.01%) Total old 204603392 (4.40%)
[2025-10-15T06:17:26.057-0700][1246 ][info ][gc,phases   ] GC(490)   Pre Evacuate Collection Set: 0.7ms
[2025-10-15T06:17:26.057-0700][1246 ][info ][gc,phases   ] GC(490)   Merge Heap Roots: 11.8ms
[2025-10-15T06:17:26.057-0700][1246 ][info ][gc,phases   ] GC(490)   Evacuate Collection Set: 111.1ms
[2025-10-15T06:17:26.057-0700][1246 ][info ][gc,phases   ] GC(490)   Post Evacuate Collection Set: 15.1ms
[2025-10-15T06:17:26.057-0700][1246 ][info ][gc,phases   ] GC(490)   Other: 0.1ms
[2025-10-15T06:17:26.057-0700][1246 ][debug][gc,remset   ] GC(490) Coarsening (recent): Inline->AoC 148590 (0) AoC->Howl 8811 (0) Howl->Full 0 (0) Inline->AoC 36797 (0) AoC->BitMap 10157 (0) BitMap->Full 2 (0) 
[2025-10-15T06:17:26.057-0700][1246 ][debug][gc,remset   ] GC(490) Coarsening (all): Inline->AoC 15223071 (479) AoC->Howl 334304 (1245) Howl->Full 0 (0) Inline->AoC 1331582 (398) AoC->BitMap 351397 (992) BitMap->Full 12 (0) 
[2025-10-15T06:17:26.057-0700][1246 ][info ][gc,heap     ] GC(490) Eden regions: 798->0(2339)
[2025-10-15T06:17:26.057-0700][1246 ][info ][gc,heap     ] GC(490) Survivor regions: 207->50(126)
[2025-10-15T06:17:26.057-0700][1246 ][info ][gc,heap     ] GC(490) Old regions: 1108->1260
[2025-10-15T06:17:26.057-0700][1246 ][info ][gc,heap     ] GC(490) Humongous regions: 4->0
[2025-10-15T06:17:26.057-0700][1246 ][info ][gc,metaspace] GC(490) Metaspace: 320482K(328832K)->320482K(328832K) NonClass: 283212K(288064K)->283212K(288064K) Class: 37269K(40768K)->37269K(40768K)
[2025-10-15T06:17:26.057-0700][1246 ][info ][gc          ] GC(490) Pause Young (Prepare Mixed) (G1 Evacuation Pause) 67734M->41909M(184320M) 138.972ms
[2025-10-15T06:17:26.059-0700][1246 ][info ][gc,cpu      ] GC(490) User=13.27s Sys=0.10s Real=0.14s
[2025-10-15T06:17:26.060-0700][1246 ][info ][safepoint   ] Safepoint "G1CollectForAllocation", Time since last: 1872013530 ns, Reaching safepoint: 835359 ns, Cleanup: 14161 ns, At safepoint: 142721886 ns, Total: 143571406 ns
[2025-10-15T06:17:27.061-0700][1246 ][info ][safepoint   ] Safepoint "Cleanup", Time since last: 1000081432 ns, Reaching safepoint: 1054269 ns, Cleanup: 18397 ns, At safepoint: 191609 ns, Total: 1264275 ns
[2025-10-15T06:17:31.063-0700][1246 ][info ][safepoint   ] Safepoint "Cleanup", Time since last: 4000283403 ns, Reaching safepoint: 890181 ns, Cleanup: 42134 ns, At safepoint: 273722 ns, Total: 1206037 ns
[2025-10-15T06:17:36.376-0700][1246 ][info ][gc,start    ] GC(491) Pause Young (Mixed) (G1 Evacuation Pause)
[2025-10-15T06:17:36.376-0700][1246 ][info ][gc,task     ] GC(491) Using 113 workers of 113 for evacuation
[2025-10-15T06:17:36.391-0700][1246 ][debug][gc,remset   ] GC(491) Visited cards 10947840 Total dirty 75235328 (14.55%) Total old 416219136 (2.63%)
[2025-10-15T06:17:36.481-0700][1246 ][info ][gc,phases   ] GC(491)   Pre Evacuate Collection Set: 0.8ms
[2025-10-15T06:17:36.481-0700][1246 ][info ][gc,phases   ] GC(491)   Merge Heap Roots: 14.0ms
[2025-10-15T06:17:36.481-0700][1246 ][info ][gc,phases   ] GC(491)   Evacuate Collection Set: 79.2ms
[2025-10-15T06:17:36.481-0700][1246 ][info ][gc,phases   ] GC(491)   Post Evacuate Collection Set: 11.3ms
[2025-10-15T06:17:36.481-0700][1246 ][info ][gc,phases   ] GC(491)   Other: 0.2ms
[2025-10-15T06:17:36.481-0700][1246 ][debug][gc,remset   ] GC(491) Coarsening (recent): Inline->AoC 27675 (0) AoC->Howl 983 (0) Howl->Full 0 (0) Inline->AoC 2222 (0) AoC->BitMap 950 (0) BitMap->Full 0 (0) 
[2025-10-15T06:17:36.481-0700][1246 ][debug][gc,remset   ] GC(491) Coarsening (all): Inline->AoC 15250746 (479) AoC->Howl 335287 (1245) Howl->Full 0 (0) Inline->AoC 1333804 (398) AoC->BitMap 352347 (992) BitMap->Full 12 (0) 
[2025-10-15T06:17:36.481-0700][1246 ][info ][gc,heap     ] GC(491) Eden regions: 2456->0(2030)
[2025-10-15T06:17:36.481-0700][1246 ][info ][gc,heap     ] GC(491) Survivor regions: 50->101(314)
[2025-10-15T06:17:36.481-0700][1246 ][info ][gc,heap     ] GC(491) Old regions: 1260->1212
[2025-10-15T06:17:36.481-0700][1246 ][info ][gc,heap     ] GC(491) Humongous regions: 13->0
[2025-10-15T06:17:36.481-0700][1246 ][info ][gc,metaspace] GC(491) Metaspace: 320535K(328832K)->320535K(328832K) NonClass: 283260K(288064K)->283260K(288064K) Class: 37274K(40768K)->37274K(40768K)
[2025-10-15T06:17:36.481-0700][1246 ][info ][gc          ] GC(491) Pause Young (Mixed) (G1 Evacuation Pause) 120917M->42003M(184320M) 105.545ms
[2025-10-15T06:17:36.482-0700][1246 ][info ][gc,cpu      ] GC(491) User=10.40s Sys=0.00s Real=0.11s
[2025-10-15T06:17:36.484-0700][1246 ][info ][safepoint   ] Safepoint "G1CollectForAllocation", Time since last: 5310115670 ns, Reaching safepoint: 1509335 ns, Cleanup: 6710 ns, At safepoint: 109081727 ns, Total: 110597772 ns
[2025-10-15T06:17:39.485-0700][1246 ][info ][safepoint   ] Safepoint "Cleanup", Time since last: 3000201019 ns, Reaching safepoint: 916572 ns, Cleanup: 15573 ns, At safepoint: 449157 ns, Total: 1381302 ns
[2025-10-15T06:17:40.487-0700][1246 ][info ][safepoint   ] Safepoint "Cleanup", Time since last: 1000078357 ns, Reaching safepoint: 908860 ns, Cleanup: 19810 ns, At safepoint: 615367 ns, Total: 1544037 ns
[2025-10-15T06:17:41.489-0700][1246 ][info ][safepoint   ] Safepoint "Cleanup", Time since last: 1000105338 ns, Reaching safepoint: 960427 ns, Cleanup: 13671 ns, At safepoint: 969851 ns, Total: 1943949 ns
[2025-10-15T06:17:42.491-0700][1246 ][info ][safepoint   ] Safepoint "Cleanup", Time since last: 1000109054 ns, Reaching safepoint: 926065 ns, Cleanup: 14352 ns, At safepoint: 1332779 ns, Total: 2273196 ns
[2025-10-15T06:17:46.053-0700][1246 ][info ][gc,start    ] GC(492) Pause Young (Mixed) (G1 Evacuation Pause)
[2025-10-15T06:17:46.053-0700][1246 ][info ][gc,task     ] GC(492) Using 113 workers of 113 for evacuation
[2025-10-15T06:17:46.067-0700][1246 ][debug][gc,remset   ] GC(492) Visited cards 10933504 Total dirty 72876032 (15.00%) Total old 391446528 (2.79%)
[2025-10-15T06:17:46.169-0700][1246 ][info ][gc,phases   ] GC(492)   Pre Evacuate Collection Set: 0.8ms
[2025-10-15T06:17:46.169-0700][1246 ][info ][gc,phases   ] GC(492)   Merge Heap Roots: 13.4ms
[2025-10-15T06:17:46.169-0700][1246 ][info ][gc,phases   ] GC(492)   Evacuate Collection Set: 91.3ms
[2025-10-15T06:17:46.169-0700][1246 ][info ][gc,phases   ] GC(492)   Post Evacuate Collection Set: 10.7ms
[2025-10-15T06:17:46.169-0700][1246 ][info ][gc,phases   ] GC(492)   Other: 0.2ms
[2025-10-15T06:17:46.169-0700][1246 ][debug][gc,remset   ] GC(492) Coarsening (recent): Inline->AoC 7763 (0) AoC->Howl 232 (0) Howl->Full 0 (0) Inline->AoC 724 (0) AoC->BitMap 181 (0) BitMap->Full 0 (0) 
[2025-10-15T06:17:46.169-0700][1246 ][debug][gc,remset   ] GC(492) Coarsening (all): Inline->AoC 15258509 (479) AoC->Howl 335519 (1245) Howl->Full 0 (0) Inline->AoC 1334528 (398) AoC->BitMap 352528 (992) BitMap->Full 12 (0) 
[2025-10-15T06:17:46.169-0700][1246 ][info ][gc,heap     ] GC(492) Eden regions: 2244->0(2046)
[2025-10-15T06:17:46.169-0700][1246 ][info ][gc,heap     ] GC(492) Survivor regions: 101->130(294)
[2025-10-15T06:17:46.169-0700][1246 ][info ][gc,heap     ] GC(492) Old regions: 1212->1152
[2025-10-15T06:17:46.169-0700][1246 ][info ][gc,heap     ] GC(492) Humongous regions: 5->0
[2025-10-15T06:17:46.169-0700][1246 ][info ][gc,metaspace] GC(492) Metaspace: 320597K(328832K)->320597K(328832K) NonClass: 283316K(288064K)->283316K(288064K) Class: 37280K(40768K)->37280K(40768K)
[2025-10-15T06:17:46.169-0700][1246 ][info ][gc          ] GC(492) Pause Young (Mixed) (G1 Evacuation Pause) 113971M->40991M(184320M) 116.457ms
[2025-10-15T06:17:46.171-0700][1246 ][info ][gc,cpu      ] GC(492) User=11.18s Sys=0.11s Real=0.12s
[2025-10-15T06:17:46.172-0700][1246 ][info ][safepoint   ] Safepoint "G1CollectForAllocation", Time since last: 3559703094 ns, Reaching safepoint: 911564 ns, Cleanup: 4757 ns, At safepoint: 120036517 ns, Total: 120952838 ns
[2025-10-15T06:17:50.173-0700][1246 ][info ][safepoint   ] Safepoint "Cleanup", Time since last: 4000274810 ns, Reaching safepoint: 912295 ns, Cleanup: 12949 ns, At safepoint: 252911 ns, Total: 1178155 ns
[2025-10-15T06:17:51.175-0700][1246 ][info ][safepoint   ] Safepoint "Cleanup", Time since last: 1000107111 ns, Reaching safepoint: 881278 ns, Cleanup: 14722 ns, At safepoint: 285400 ns, Total: 1181400 ns
[2025-10-15T06:17:54.176-0700][1246 ][info ][safepoint   ] Safepoint "Cleanup", Time since last: 3000215244 ns, Reaching safepoint: 806806 ns, Cleanup: 13350 ns, At safepoint: 160742 ns, Total: 980898 ns
[2025-10-15T06:17:55.852-0700][1246 ][info ][gc,start    ] GC(493) Pause Young (Mixed) (G1 Evacuation Pause)
[2025-10-15T06:17:55.852-0700][1246 ][info ][gc,task     ] GC(493) Using 113 workers of 113 for evacuation
[2025-10-15T06:17:55.865-0700][1246 ][debug][gc,remset   ] GC(493) Visited cards 10917632 Total dirty 69468160 (15.72%) Total old 382205952 (2.86%)
[2025-10-15T06:17:55.977-0700][1246 ][info ][gc,phases   ] GC(493)   Pre Evacuate Collection Set: 0.7ms
[2025-10-15T06:17:55.977-0700][1246 ][info ][gc,phases   ] GC(493)   Merge Heap Roots: 12.8ms
[2025-10-15T06:17:55.977-0700][1246 ][info ][gc,phases   ] GC(493)   Evacuate Collection Set: 100.0ms
[2025-10-15T06:17:55.977-0700][1246 ][info ][gc,phases   ] GC(493)   Post Evacuate Collection Set: 11.5ms
[2025-10-15T06:17:55.977-0700][1246 ][info ][gc,phases   ] GC(493)   Other: 0.2ms
[2025-10-15T06:17:55.977-0700][1246 ][debug][gc,remset   ] GC(493) Coarsening (recent): Inline->AoC 34180 (0) AoC->Howl 167 (0) Howl->Full 0 (0) Inline->AoC 600 (0) AoC->BitMap 130 (0) BitMap->Full 0 (0) 
[2025-10-15T06:17:55.977-0700][1246 ][debug][gc,remset   ] GC(493) Coarsening (all): Inline->AoC 15292689 (479) AoC->Howl 335686 (1245) Howl->Full 0 (0) Inline->AoC 1335128 (398) AoC->BitMap 352658 (992) BitMap->Full 12 (0) 
[2025-10-15T06:17:55.977-0700][1246 ][info ][gc,heap     ] GC(493) Eden regions: 2172->0(2106)
[2025-10-15T06:17:55.977-0700][1246 ][info ][gc,heap     ] GC(493) Survivor regions: 130->155(288)
[2025-10-15T06:17:55.977-0700][1246 ][info ][gc,heap     ] GC(493) Old regions: 1152->1088
[2025-10-15T06:17:55.977-0700][1246 ][info ][gc,heap     ] GC(493) Humongous regions: 10->0
[2025-10-15T06:17:55.977-0700][1246 ][info ][gc,metaspace] GC(493) Metaspace: 320616K(328832K)->320616K(328832K) NonClass: 283333K(288064K)->283333K(288064K) Class: 37282K(40768K)->37282K(40768K)
[2025-10-15T06:17:55.977-0700][1246 ][info ][gc          ] GC(493) Pause Young (Mixed) (G1 Evacuation Pause) 110815M->39729M(184320M) 125.364ms
[2025-10-15T06:17:55.978-0700][1246 ][info ][gc,cpu      ] GC(493) User=12.02s Sys=0.22s Real=0.13s
[2025-10-15T06:17:55.979-0700][1246 ][info ][safepoint   ] Safepoint "G1CollectForAllocation", Time since last: 1673821416 ns, Reaching safepoint: 946918 ns, Cleanup: 5267 ns, At safepoint: 128805543 ns, Total: 129757728 ns
[2025-10-15T06:18:00.981-0700][1246 ][info ][safepoint   ] Safepoint "Cleanup", Time since last: 5000352472 ns, Reaching safepoint: 1003142 ns, Cleanup: 35063 ns, At safepoint: 179520 ns, Total: 1217725 ns
[2025-10-15T06:18:02.749-0700][1246 ][info ][safepoint   ] Safepoint "Cleanup", Time since last: 1764677816 ns, Reaching safepoint: 2843746 ns, Cleanup: 12008 ns, At safepoint: 774728 ns, Total: 3630482 ns
[2025-10-15T06:18:05.436-0700][1246 ][info ][gc,start    ] GC(494) Pause Young (Mixed) (G1 Evacuation Pause)
[2025-10-15T06:18:05.436-0700][1246 ][info ][gc,task     ] GC(494) Using 113 workers of 113 for evacuation
[2025-10-15T06:18:05.449-0700][1246 ][debug][gc,remset   ] GC(494) Visited cards 11098112 Total dirty 65798144 (16.87%) Total old 389021696 (2.85%)
[2025-10-15T06:18:05.570-0700][1246 ][info ][gc,phases   ] GC(494)   Pre Evacuate Collection Set: 0.7ms
[2025-10-15T06:18:05.570-0700][1246 ][info ][gc,phases   ] GC(494)   Merge Heap Roots: 12.9ms
[2025-10-15T06:18:05.570-0700][1246 ][info ][gc,phases   ] GC(494)   Evacuate Collection Set: 109.1ms
[2025-10-15T06:18:05.570-0700][1246 ][info ][gc,phases   ] GC(494)   Post Evacuate Collection Set: 11.9ms
[2025-10-15T06:18:05.570-0700][1246 ][info ][gc,phases   ] GC(494)   Other: 0.2ms
[2025-10-15T06:18:05.570-0700][1246 ][debug][gc,remset   ] GC(494) Coarsening (recent): Inline->AoC 35357 (0) AoC->Howl 138 (0) Howl->Full 0 (0) Inline->AoC 488 (0) AoC->BitMap 89 (0) BitMap->Full 0 (0) 
[2025-10-15T06:18:05.570-0700][1246 ][debug][gc,remset   ] GC(494) Coarsening (all): Inline->AoC 15328046 (479) AoC->Howl 335824 (1245) Howl->Full 0 (0) Inline->AoC 1335616 (398) AoC->BitMap 352747 (992) BitMap->Full 12 (0) 
[2025-10-15T06:18:05.570-0700][1246 ][info ][gc,heap     ] GC(494) Eden regions: 2232->0(2163)
[2025-10-15T06:18:05.570-0700][1246 ][info ][gc,heap     ] GC(494) Survivor regions: 155->177(299)
[2025-10-15T06:18:05.570-0700][1246 ][info ][gc,heap     ] GC(494) Old regions: 1088->1024
[2025-10-15T06:18:05.570-0700][1246 ][info ][gc,heap     ] GC(494) Humongous regions: 8->0
[2025-10-15T06:18:05.570-0700][1246 ][info ][gc,metaspace] GC(494) Metaspace: 320831K(328832K)->320831K(328832K) NonClass: 283518K(288064K)->283518K(288064K) Class: 37312K(40768K)->37312K(40768K)
[2025-10-15T06:18:05.570-0700][1246 ][info ][gc          ] GC(494) Pause Young (Mixed) (G1 Evacuation Pause) 111409M->38411M(184320M) 134.978ms
[2025-10-15T06:18:05.572-0700][1246 ][info ][gc,cpu      ] GC(494) User=13.31s Sys=0.30s Real=0.14s
[2025-10-15T06:18:05.573-0700][1246 ][info ][safepoint   ] Safepoint "G1CollectForAllocation", Time since last: 2679938024 ns, Reaching safepoint: 5139106 ns, Cleanup: 7301 ns, At safepoint: 138435456 ns, Total: 143581863 ns
[2025-10-15T06:18:09.574-0700][1246 ][info ][safepoint   ] Safepoint "Cleanup", Time since last: 4000281374 ns, Reaching safepoint: 762409 ns, Cleanup: 11157 ns, At safepoint: 112479 ns, Total: 886045 ns
[2025-10-15T06:18:12.575-0700][1246 ][info ][safepoint   ] Safepoint "Cleanup", Time since last: 3000223988 ns, Reaching safepoint: 826225 ns, Cleanup: 12139 ns, At safepoint: 163356 ns, Total: 1001720 ns
[2025-10-15T06:18:14.577-0700][1246 ][info ][safepoint   ] Safepoint "Cleanup", Time since last: 2000130026 ns, Reaching safepoint: 945755 ns, Cleanup: 16635 ns, At safepoint: 316708 ns, Total: 1279098 ns
[2025-10-15T06:18:18.578-0700][1246 ][info ][safepoint   ] Safepoint "Cleanup", Time since last: 4000281364 ns, Reaching safepoint: 915700 ns, Cleanup: 11928 ns, At safepoint: 243717 ns, Total: 1171345 ns
[2025-10-15T06:18:20.007-0700][1246 ][info ][gc,start    ] GC(495) Pause Young (Mixed) (G1 Evacuation Pause)
[2025-10-15T06:18:20.007-0700][1246 ][info ][gc,task     ] GC(495) Using 113 workers of 113 for evacuation
[2025-10-15T06:18:20.021-0700][1246 ][debug][gc,remset   ] GC(495) Visited cards 11529728 Total dirty 61997056 (18.60%) Total old 390922240 (2.95%)
[2025-10-15T06:18:20.170-0700][1246 ][info ][gc,phases   ] GC(495)   Pre Evacuate Collection Set: 0.7ms
[2025-10-15T06:18:20.170-0700][1246 ][info ][gc,phases   ] GC(495)   Merge Heap Roots: 12.6ms
[2025-10-15T06:18:20.170-0700][1246 ][info ][gc,phases   ] GC(495)   Evacuate Collection Set: 134.2ms
[2025-10-15T06:18:20.170-0700][1246 ][info ][gc,phases   ] GC(495)   Post Evacuate Collection Set: 14.8ms
[2025-10-15T06:18:20.170-0700][1246 ][info ][gc,phases   ] GC(495)   Other: 0.2ms
[2025-10-15T06:18:20.170-0700][1246 ][debug][gc,remset   ] GC(495) Coarsening (recent): Inline->AoC 43636 (0) AoC->Howl 157 (0) Howl->Full 0 (0) Inline->AoC 600 (0) AoC->BitMap 100 (0) BitMap->Full 0 (0) 
[2025-10-15T06:18:20.170-0700][1246 ][debug][gc,remset   ] GC(495) Coarsening (all): Inline->AoC 15371682 (479) AoC->Howl 335981 (1245) Howl->Full 0 (0) Inline->AoC 1336216 (398) AoC->BitMap 352847 (992) BitMap->Full 12 (0) 
[2025-10-15T06:18:20.170-0700][1246 ][info ][gc,heap     ] GC(495) Eden regions: 2256->0(1838)
[2025-10-15T06:18:20.170-0700][1246 ][info ][gc,heap     ] GC(495) Survivor regions: 177->205(305)
[2025-10-15T06:18:20.170-0700][1246 ][info ][gc,heap     ] GC(495) Old regions: 1024->972
[2025-10-15T06:18:20.170-0700][1246 ][info ][gc,heap     ] GC(495) Humongous regions: 9->0
[2025-10-15T06:18:20.170-0700][1246 ][info ][gc,metaspace] GC(495) Metaspace: 320834K(328832K)->320834K(328832K) NonClass: 283522K(288064K)->283522K(288064K) Class: 37312K(40768K)->37312K(40768K)
[2025-10-15T06:18:20.170-0700][1246 ][info ][gc          ] GC(495) Pause Young (Mixed) (G1 Evacuation Pause) 110891M->37621M(184320M) 162.619ms
[2025-10-15T06:18:20.171-0700][1246 ][info ][gc,cpu      ] GC(495) User=15.83s Sys=0.27s Real=0.17s
[2025-10-15T06:18:20.172-0700][1246 ][info ][safepoint   ] Safepoint "G1CollectForAllocation", Time since last: 1427152672 ns, Reaching safepoint: 857212 ns, Cleanup: 4587 ns, At safepoint: 166099408 ns, Total: 166961207 ns
[2025-10-15T06:18:21.173-0700][1246 ][info ][safepoint   ] Safepoint "Cleanup", Time since last: 1000095364 ns, Reaching safepoint: 770592 ns, Cleanup: 13730 ns, At safepoint: 89996 ns, Total: 874318 ns
[2025-10-15T06:18:24.174-0700][1246 ][info ][safepoint   ] Safepoint "Cleanup", Time since last: 3000188765 ns, Reaching safepoint: 889400 ns, Cleanup: 11868 ns, At safepoint: 152970 ns, Total: 1054238 ns
[2025-10-15T06:18:25.176-0700][1246 ][info ][safepoint   ] Safepoint "Cleanup", Time since last: 1000103416 ns, Reaching safepoint: 1539150 ns, Cleanup: 19079 ns, At safepoint: 213061 ns, Total: 1771290 ns
[2025-10-15T06:18:31.761-0700][1246 ][info ][gc,start    ] GC(496) Pause Young (Mixed) (G1 Evacuation Pause)
[2025-10-15T06:18:31.761-0700][1246 ][info ][gc,task     ] GC(496) Using 113 workers of 113 for evacuation
[2025-10-15T06:18:31.774-0700][1246 ][debug][gc,remset   ] GC(496) Visited cards 11828736 Total dirty 58720256 (20.14%) Total old 360513536 (3.28%)
[2025-10-15T06:18:31.930-0700][1246 ][info ][gc,phases   ] GC(496)   Pre Evacuate Collection Set: 0.7ms
[2025-10-15T06:18:31.930-0700][1246 ][info ][gc,phases   ] GC(496)   Merge Heap Roots: 12.7ms
[2025-10-15T06:18:31.930-0700][1246 ][info ][gc,phases   ] GC(496)   Evacuate Collection Set: 140.9ms
[2025-10-15T06:18:31.930-0700][1246 ][info ][gc,phases   ] GC(496)   Post Evacuate Collection Set: 14.4ms
[2025-10-15T06:18:31.930-0700][1246 ][info ][gc,phases   ] GC(496)   Other: 0.2ms
[2025-10-15T06:18:31.930-0700][1246 ][debug][gc,remset   ] GC(496) Coarsening (recent): Inline->AoC 36089 (0) AoC->Howl 218 (0) Howl->Full 0 (0) Inline->AoC 903 (0) AoC->BitMap 157 (0) BitMap->Full 0 (0) 
[2025-10-15T06:18:31.930-0700][1246 ][debug][gc,remset   ] GC(496) Coarsening (all): Inline->AoC 15407771 (479) AoC->Howl 336199 (1245) Howl->Full 0 (0) Inline->AoC 1337119 (398) AoC->BitMap 353004 (992) BitMap->Full 12 (0) 
[2025-10-15T06:18:31.930-0700][1246 ][info ][gc,heap     ] GC(496) Eden regions: 2021->0(2487)
[2025-10-15T06:18:31.930-0700][1246 ][info ][gc,heap     ] GC(496) Survivor regions: 205->158(279)
[2025-10-15T06:18:31.930-0700][1246 ][info ][gc,heap     ] GC(496) Old regions: 972->989
[2025-10-15T06:18:31.930-0700][1246 ][info ][gc,heap     ] GC(496) Humongous regions: 11->0
[2025-10-15T06:18:31.930-0700][1246 ][info ][gc,metaspace] GC(496) Metaspace: 320843K(328832K)->320843K(328832K) NonClass: 283529K(288064K)->283529K(288064K) Class: 37313K(40768K)->37313K(40768K)
[2025-10-15T06:18:31.930-0700][1246 ][info ][gc          ] GC(496) Pause Young (Mixed) (G1 Evacuation Pause) 102645M->36684M(184320M) 169.057ms
[2025-10-15T06:18:31.931-0700][1246 ][info ][gc,cpu      ] GC(496) User=17.36s Sys=0.13s Real=0.17s
[2025-10-15T06:18:31.932-0700][1246 ][info ][safepoint   ] Safepoint "G1CollectForAllocation", Time since last: 6582419405 ns, Reaching safepoint: 899626 ns, Cleanup: 4897 ns, At safepoint: 172536900 ns, Total: 173441423 ns
[2025-10-15T06:18:47.976-0700][1246 ][info ][gc,start    ] GC(497) Pause Young (Mixed) (G1 Evacuation Pause)
[2025-10-15T06:18:47.976-0700][1246 ][info ][gc,task     ] GC(497) Using 113 workers of 113 for evacuation
[2025-10-15T06:18:47.990-0700][1246 ][debug][gc,remset   ] GC(497) Visited cards 14562560 Total dirty 59965440 (24.28%) Total old 421724160 (3.45%)
[2025-10-15T06:18:48.135-0700][1246 ][info ][gc,phases   ] GC(497)   Pre Evacuate Collection Set: 0.7ms
[2025-10-15T06:18:48.135-0700][1246 ][info ][gc,phases   ] GC(497)   Merge Heap Roots: 12.6ms
[2025-10-15T06:18:48.135-0700][1246 ][info ][gc,phases   ] GC(497)   Evacuate Collection Set: 131.6ms
[2025-10-15T06:18:48.135-0700][1246 ][info ][gc,phases   ] GC(497)   Post Evacuate Collection Set: 14.0ms
[2025-10-15T06:18:48.135-0700][1246 ][info ][gc,phases   ] GC(497)   Other: 0.2ms
[2025-10-15T06:18:48.135-0700][1246 ][debug][gc,remset   ] GC(497) Coarsening (recent): Inline->AoC 47491 (0) AoC->Howl 294 (1) Howl->Full 0 (0) Inline->AoC 862 (0) AoC->BitMap 236 (0) BitMap->Full 0 (0) 
[2025-10-15T06:18:48.135-0700][1246 ][debug][gc,remset   ] GC(497) Coarsening (all): Inline->AoC 15455262 (479) AoC->Howl 336493 (1246) Howl->Full 0 (0) Inline->AoC 1337981 (398) AoC->BitMap 353240 (992) BitMap->Full 12 (0) 
[2025-10-15T06:18:48.135-0700][1246 ][info ][gc,heap     ] GC(497) Eden regions: 2526->0(2211)
[2025-10-15T06:18:48.135-0700][1246 ][info ][gc,heap     ] GC(497) Survivor regions: 158->187(336)
[2025-10-15T06:18:48.135-0700][1246 ][info ][gc,heap     ] GC(497) Old regions: 989->937
[2025-10-15T06:18:48.135-0700][1246 ][info ][gc,heap     ] GC(497) Humongous regions: 12->0
[2025-10-15T06:18:48.135-0700][1246 ][info ][gc,metaspace] GC(497) Metaspace: 320851K(328832K)->320851K(328832K) NonClass: 283536K(288064K)->283536K(288064K) Class: 37314K(40768K)->37314K(40768K)
[2025-10-15T06:18:48.136-0700][1246 ][info ][gc          ] GC(497) Pause Young (Mixed) (G1 Evacuation Pause) 117900M->35933M(184320M) 159.253ms
[2025-10-15T06:18:48.137-0700][1246 ][info ][gc,cpu      ] GC(497) User=14.55s Sys=0.32s Real=0.16s
[2025-10-15T06:18:48.138-0700][1246 ][info ][safepoint   ] Safepoint "G1CollectForAllocation", Time since last: 16042074492 ns, Reaching safepoint: 912014 ns, Cleanup: 4297 ns, At safepoint: 162689189 ns, Total: 163605500 ns
[2025-10-15T06:18:57.649-0700][1246 ][info ][gc,start    ] GC(498) Pause Young (Mixed) (G1 Evacuation Pause)
[2025-10-15T06:18:57.649-0700][1246 ][info ][gc,task     ] GC(498) Using 113 workers of 113 for evacuation
[2025-10-15T06:18:57.662-0700][1246 ][debug][gc,remset   ] GC(498) Visited cards 14711552 Total dirty 56819712 (25.89%) Total old 411566080 (3.57%)
[2025-10-15T06:18:57.820-0700][1246 ][info ][gc,phases   ] GC(498)   Pre Evacuate Collection Set: 0.7ms
[2025-10-15T06:18:57.820-0700][1246 ][info ][gc,phases   ] GC(498)   Merge Heap Roots: 11.9ms
[2025-10-15T06:18:57.820-0700][1246 ][info ][gc,phases   ] GC(498)   Evacuate Collection Set: 146.2ms
[2025-10-15T06:18:57.820-0700][1246 ][info ][gc,phases   ] GC(498)   Post Evacuate Collection Set: 11.6ms
[2025-10-15T06:18:57.820-0700][1246 ][info ][gc,phases   ] GC(498)   Other: 0.1ms
[2025-10-15T06:18:57.820-0700][1246 ][debug][gc,remset   ] GC(498) Coarsening (recent): Inline->AoC 35451 (1) AoC->Howl 111 (0) Howl->Full 0 (0) Inline->AoC 484 (0) AoC->BitMap 76 (1) BitMap->Full 0 (0) 
[2025-10-15T06:18:57.820-0700][1246 ][debug][gc,remset   ] GC(498) Coarsening (all): Inline->AoC 15490713 (480) AoC->Howl 336604 (1246) Howl->Full 0 (0) Inline->AoC 1338465 (398) AoC->BitMap 353316 (993) BitMap->Full 12 (0) 
[2025-10-15T06:18:57.820-0700][1246 ][info ][gc,heap     ] GC(498) Eden regions: 2447->0(2919)
[2025-10-15T06:18:57.820-0700][1246 ][info ][gc,heap     ] GC(498) Survivor regions: 187->187(330)
[2025-10-15T06:18:57.820-0700][1246 ][info ][gc,heap     ] GC(498) Old regions: 937->914
[2025-10-15T06:18:57.820-0700][1246 ][info ][gc,heap     ] GC(498) Humongous regions: 12->0
[2025-10-15T06:18:57.820-0700][1246 ][info ][gc,metaspace] GC(498) Metaspace: 320888K(328832K)->320888K(328832K) NonClass: 283569K(288064K)->283569K(288064K) Class: 37318K(40768K)->37318K(40768K)
[2025-10-15T06:18:57.820-0700][1246 ][info ][gc          ] GC(498) Pause Young (Mixed) (G1 Evacuation Pause) 114621M->35208M(184320M) 170.785ms
[2025-10-15T06:18:57.821-0700][1246 ][info ][gc,cpu      ] GC(498) User=15.52s Sys=0.22s Real=0.17s
[2025-10-15T06:18:57.822-0700][1246 ][info ][safepoint   ] Safepoint "G1CollectForAllocation", Time since last: 9509201608 ns, Reaching safepoint: 771413 ns, Cleanup: 4517 ns, At safepoint: 174359647 ns, Total: 175135577 ns
[2025-10-15T06:18:58.823-0700][1246 ][info ][safepoint   ] Safepoint "Cleanup", Time since last: 1000115344 ns, Reaching safepoint: 830682 ns, Cleanup: 16645 ns, At safepoint: 235946 ns, Total: 1083273 ns
[2025-10-15T06:19:11.778-0700][1246 ][info ][safepoint   ] Safepoint "Cleanup", Time since last: 12953235147 ns, Reaching safepoint: 781929 ns, Cleanup: 21402 ns, At safepoint: 199080 ns, Total: 1002411 ns
[2025-10-15T06:19:14.779-0700][1246 ][info ][safepoint   ] Safepoint "Cleanup", Time since last: 3000222777 ns, Reaching safepoint: 1015631 ns, Cleanup: 13030 ns, At safepoint: 233832 ns, Total: 1262493 ns
[2025-10-15T06:19:15.184-0700][1246 ][info ][gc,start    ] GC(499) Pause Young (Normal) (G1 Evacuation Pause)
[2025-10-15T06:19:15.184-0700][1246 ][info ][gc,task     ] GC(499) Using 113 workers of 113 for evacuation
[2025-10-15T06:19:15.197-0700][1246 ][debug][gc,remset   ] GC(499) Visited cards 8592128 Total dirty 55443456 (15.50%) Total old 477167616 (1.80%)
[2025-10-15T06:19:15.349-0700][1246 ][info ][gc,phases   ] GC(499)   Pre Evacuate Collection Set: 0.7ms
[2025-10-15T06:19:15.349-0700][1246 ][info ][gc,phases   ] GC(499)   Merge Heap Roots: 12.6ms
[2025-10-15T06:19:15.349-0700][1246 ][info ][gc,phases   ] GC(499)   Evacuate Collection Set: 138.1ms
[2025-10-15T06:19:15.349-0700][1246 ][info ][gc,phases   ] GC(499)   Post Evacuate Collection Set: 13.8ms
[2025-10-15T06:19:15.349-0700][1246 ][info ][gc,phases   ] GC(499)   Other: 0.2ms
[2025-10-15T06:19:15.349-0700][1246 ][debug][gc,remset   ] GC(499) Coarsening (recent): Inline->AoC 23292 (0) AoC->Howl 95 (3) Howl->Full 0 (0) Inline->AoC 307 (0) AoC->BitMap 59 (1) BitMap->Full 0 (0) 
[2025-10-15T06:19:15.349-0700][1246 ][debug][gc,remset   ] GC(499) Coarsening (all): Inline->AoC 15514005 (480) AoC->Howl 336699 (1249) Howl->Full 0 (0) Inline->AoC 1338772 (398) AoC->BitMap 353375 (994) BitMap->Full 12 (0) 
[2025-10-15T06:19:15.349-0700][1246 ][info ][gc,heap     ] GC(499) Eden regions: 2990->0(2714)
[2025-10-15T06:19:15.349-0700][1246 ][info ][gc,heap     ] GC(499) Survivor regions: 187->221(398)
[2025-10-15T06:19:15.349-0700][1246 ][info ][gc,heap     ] GC(499) Old regions: 914->914
[2025-10-15T06:19:15.349-0700][1246 ][info ][gc,heap     ] GC(499) Humongous regions: 13->0
[2025-10-15T06:19:15.349-0700][1246 ][info ][gc,metaspace] GC(499) Metaspace: 320905K(328832K)->320905K(328832K) NonClass: 283583K(288064K)->283583K(288064K) Class: 37322K(40768K)->37322K(40768K)
[2025-10-15T06:19:15.349-0700][1246 ][info ][gc          ] GC(499) Pause Young (Normal) (G1 Evacuation Pause) 131304M->36293M(184320M) 165.454ms
[2025-10-15T06:19:15.351-0700][1246 ][info ][gc,cpu      ] GC(499) User=15.48s Sys=0.34s Real=0.17s
[2025-10-15T06:19:15.352-0700][1246 ][info ][safepoint   ] Safepoint "G1CollectForAllocation", Time since last: 402722253 ns, Reaching safepoint: 1130153 ns, Cleanup: 4757 ns, At safepoint: 168851026 ns, Total: 169985936 ns
[2025-10-15T06:19:24.353-0700][1246 ][info ][safepoint   ] Safepoint "Cleanup", Time since last: 9000556904 ns, Reaching safepoint: 840056 ns, Cleanup: 15393 ns, At safepoint: 182134 ns, Total: 1037583 ns
[2025-10-15T06:19:31.355-0700][1246 ][info ][safepoint   ] Safepoint "Cleanup", Time since last: 7000482021 ns, Reaching safepoint: 838844 ns, Cleanup: 13220 ns, At safepoint: 196756 ns, Total: 1048820 ns
[2025-10-15T06:19:37.961-0700][1246 ][info ][gc,start    ] GC(500) Pause Young (Normal) (G1 Evacuation Pause)
[2025-10-15T06:19:37.961-0700][1246 ][info ][gc,task     ] GC(500) Using 113 workers of 113 for evacuation
[2025-10-15T06:19:37.975-0700][1246 ][debug][gc,remset   ] GC(500) Visited cards 8659968 Total dirty 55377920 (15.64%) Total old 458424320 (1.89%)
[2025-10-15T06:19:38.141-0700][1246 ][info ][gc,phases   ] GC(500)   Pre Evacuate Collection Set: 0.8ms
[2025-10-15T06:19:38.141-0700][1246 ][info ][gc,phases   ] GC(500)   Merge Heap Roots: 13.2ms
[2025-10-15T06:19:38.141-0700][1246 ][info ][gc,phases   ] GC(500)   Evacuate Collection Set: 152.8ms
[2025-10-15T06:19:38.141-0700][1246 ][info ][gc,phases   ] GC(500)   Post Evacuate Collection Set: 13.1ms
[2025-10-15T06:19:38.141-0700][1246 ][info ][gc,phases   ] GC(500)   Other: 0.2ms
[2025-10-15T06:19:38.141-0700][1246 ][debug][gc,remset   ] GC(500) Coarsening (recent): Inline->AoC 18085 (1) AoC->Howl 36 (1) Howl->Full 0 (0) Inline->AoC 174 (0) AoC->BitMap 29 (1) BitMap->Full 0 (0) 
[2025-10-15T06:19:38.141-0700][1246 ][debug][gc,remset   ] GC(500) Coarsening (all): Inline->AoC 15532090 (481) AoC->Howl 336735 (1250) Howl->Full 0 (0) Inline->AoC 1338946 (398) AoC->BitMap 353404 (995) BitMap->Full 12 (0) 
[2025-10-15T06:19:38.141-0700][1246 ][info ][gc,heap     ] GC(500) Eden regions: 2814->0(2478)
[2025-10-15T06:19:38.141-0700][1246 ][info ][gc,heap     ] GC(500) Survivor regions: 221->238(380)
[2025-10-15T06:19:38.141-0700][1246 ][info ][gc,heap     ] GC(500) Old regions: 914->937
[2025-10-15T06:19:38.141-0700][1246 ][info ][gc,heap     ] GC(500) Humongous regions: 11->0
[2025-10-15T06:19:38.141-0700][1246 ][info ][gc,metaspace] GC(500) Metaspace: 321005K(328832K)->321005K(328832K) NonClass: 283670K(288064K)->283670K(288064K) Class: 37335K(40768K)->37335K(40768K)
[2025-10-15T06:19:38.141-0700][1246 ][info ][gc          ] GC(500) Pause Young (Normal) (G1 Evacuation Pause) 126693M->37586M(184320M) 180.165ms
[2025-10-15T06:19:38.142-0700][1246 ][info ][gc,cpu      ] GC(500) User=18.59s Sys=0.07s Real=0.18s
[2025-10-15T06:19:38.143-0700][1246 ][info ][safepoint   ] Safepoint "G1CollectForAllocation", Time since last: 6604113954 ns, Reaching safepoint: 707917 ns, Cleanup: 4677 ns, At safepoint: 183568516 ns, Total: 184281110 ns
[2025-10-15T06:19:41.181-0700][1246 ][info ][safepoint   ] Safepoint "Cleanup", Time since last: 3000205671 ns, Reaching safepoint: 35582096 ns, Cleanup: 19249 ns, At safepoint: 1645410 ns, Total: 37246755 ns
[2025-10-15T06:19:43.183-0700][1246 ][info ][safepoint   ] Safepoint "Cleanup", Time since last: 2000171790 ns, Reaching safepoint: 872154 ns, Cleanup: 27762 ns, At safepoint: 714227 ns, Total: 1614143 ns
[2025-10-15T06:19:47.184-0700][1246 ][info ][safepoint   ] Safepoint "Cleanup", Time since last: 4000292663 ns, Reaching safepoint: 791903 ns, Cleanup: 12158 ns, At safepoint: 140292 ns, Total: 944353 ns
[2025-10-15T06:19:51.470-0700][1246 ][info ][gc,start    ] GC(501) Pause Young (Normal) (G1 Evacuation Pause)
[2025-10-15T06:19:51.470-0700][1246 ][info ][gc,task     ] GC(501) Using 113 workers of 113 for evacuation
[2025-10-15T06:19:51.483-0700][1246 ][debug][gc,remset   ] GC(501) Visited cards 9004288 Total dirty 56819712 (15.85%) Total old 426508288 (2.11%)
[2025-10-15T06:19:51.640-0700][1246 ][info ][gc,phases   ] GC(501)   Pre Evacuate Collection Set: 0.8ms
[2025-10-15T06:19:51.641-0700][1246 ][info ][gc,phases   ] GC(501)   Merge Heap Roots: 11.6ms
[2025-10-15T06:19:51.641-0700][1246 ][info ][gc,phases   ] GC(501)   Evacuate Collection Set: 143.9ms
[2025-10-15T06:19:51.641-0700][1246 ][info ][gc,phases   ] GC(501)   Post Evacuate Collection Set: 13.6ms
[2025-10-15T06:19:51.641-0700][1246 ][info ][gc,phases   ] GC(501)   Other: 0.2ms
[2025-10-15T06:19:51.641-0700][1246 ][debug][gc,remset   ] GC(501) Coarsening (recent): Inline->AoC 25559 (0) AoC->Howl 108 (0) Howl->Full 0 (0) Inline->AoC 441 (0) AoC->BitMap 99 (0) BitMap->Full 0 (0) 
[2025-10-15T06:19:51.641-0700][1246 ][debug][gc,remset   ] GC(501) Coarsening (all): Inline->AoC 15557649 (481) AoC->Howl 336843 (1250) Howl->Full 0 (0) Inline->AoC 1339387 (398) AoC->BitMap 353503 (995) BitMap->Full 12 (0) 
[2025-10-15T06:19:51.641-0700][1246 ][info ][gc,heap     ] GC(501) Eden regions: 2542->0(3262)
[2025-10-15T06:19:51.641-0700][1246 ][info ][gc,heap     ] GC(501) Survivor regions: 238->194(348)
[2025-10-15T06:19:51.641-0700][1246 ][info ][gc,heap     ] GC(501) Old regions: 937->996
[2025-10-15T06:19:51.641-0700][1246 ][info ][gc,heap     ] GC(501) Humongous regions: 11->0
[2025-10-15T06:19:51.641-0700][1246 ][info ][gc,metaspace] GC(501) Metaspace: 321009K(328832K)->321009K(328832K) NonClass: 283674K(288064K)->283674K(288064K) Class: 37335K(40768K)->37335K(40768K)
[2025-10-15T06:19:51.641-0700][1246 ][info ][gc          ] GC(501) Pause Young (Normal) (G1 Evacuation Pause) 119282M->38038M(184320M) 170.252ms
[2025-10-15T06:19:51.642-0700][1246 ][info ][gc,cpu      ] GC(501) User=17.32s Sys=0.18s Real=0.17s
[2025-10-15T06:19:51.643-0700][1246 ][info ][safepoint   ] Safepoint "G1CollectForAllocation", Time since last: 4284550148 ns, Reaching safepoint: 907988 ns, Cleanup: 8353 ns, At safepoint: 173625871 ns, Total: 174542212 ns
[2025-10-15T06:19:56.644-0700][1246 ][info ][safepoint   ] Safepoint "Cleanup", Time since last: 5000337602 ns, Reaching safepoint: 738432 ns, Cleanup: 18548 ns, At safepoint: 144288 ns, Total: 901268 ns
[2025-10-15T06:19:57.645-0700][1246 ][info ][safepoint   ] Safepoint "Cleanup", Time since last: 1000104418 ns, Reaching safepoint: 842129 ns, Cleanup: 10476 ns, At safepoint: 254884 ns, Total: 1107489 ns
[2025-10-15T06:19:58.647-0700][1246 ][info ][safepoint   ] Safepoint "Cleanup", Time since last: 1000103546 ns, Reaching safepoint: 900838 ns, Cleanup: 9985 ns, At safepoint: 305080 ns, Total: 1215903 ns
[2025-10-15T06:20:02.648-0700][1246 ][info ][safepoint   ] Safepoint "Cleanup", Time since last: 4000280510 ns, Reaching safepoint: 947178 ns, Cleanup: 12088 ns, At safepoint: 322406 ns, Total: 1281672 ns
[2025-10-15T06:20:03.760-0700][1246 ][info ][gc,start    ] GC(502) Pause Young (Normal) (G1 Evacuation Pause)
[2025-10-15T06:20:03.760-0700][1246 ][info ][gc,task     ] GC(502) Using 113 workers of 113 for evacuation
[2025-10-15T06:20:03.773-0700][1246 ][debug][gc,remset   ] GC(502) Visited cards 9051136 Total dirty 60620800 (14.93%) Total old 519241728 (1.74%)
[2025-10-15T06:20:03.943-0700][1246 ][info ][gc,phases   ] GC(502)   Pre Evacuate Collection Set: 0.8ms
[2025-10-15T06:20:03.943-0700][1246 ][info ][gc,phases   ] GC(502)   Merge Heap Roots: 12.1ms
[2025-10-15T06:20:03.943-0700][1246 ][info ][gc,phases   ] GC(502)   Evacuate Collection Set: 156.0ms
[2025-10-15T06:20:03.943-0700][1246 ][info ][gc,phases   ] GC(502)   Post Evacuate Collection Set: 14.3ms
[2025-10-15T06:20:03.943-0700][1246 ][info ][gc,phases   ] GC(502)   Other: 0.2ms
[2025-10-15T06:20:03.943-0700][1246 ][debug][gc,remset   ] GC(502) Coarsening (recent): Inline->AoC 23181 (4) AoC->Howl 140 (7) Howl->Full 0 (0) Inline->AoC 448 (1) AoC->BitMap 93 (4) BitMap->Full 0 (0) 
[2025-10-15T06:20:03.943-0700][1246 ][debug][gc,remset   ] GC(502) Coarsening (all): Inline->AoC 15580830 (485) AoC->Howl 336983 (1257) Howl->Full 0 (0) Inline->AoC 1339835 (399) AoC->BitMap 353596 (999) BitMap->Full 12 (0) 
[2025-10-15T06:20:03.943-0700][1246 ][info ][gc,heap     ] GC(502) Eden regions: 3262->0(2085)
[2025-10-15T06:20:03.943-0700][1246 ][info ][gc,heap     ] GC(502) Survivor regions: 194->258(432)
[2025-10-15T06:20:03.943-0700][1246 ][info ][gc,heap     ] GC(502) Old regions: 996->996
[2025-10-15T06:20:03.943-0700][1246 ][info ][gc,heap     ] GC(502) Humongous regions: 15->0
[2025-10-15T06:20:03.943-0700][1246 ][info ][gc,metaspace] GC(502) Metaspace: 321045K(328832K)->321045K(328832K) NonClass: 283706K(288064K)->283706K(288064K) Class: 37338K(40768K)->37338K(40768K)
[2025-10-15T06:20:03.943-0700][1246 ][info ][gc          ] GC(502) Pause Young (Normal) (G1 Evacuation Pause) 142902M->40106M(184320M) 183.588ms
[2025-10-15T06:20:03.945-0700][1246 ][info ][gc,cpu      ] GC(502) User=18.18s Sys=0.21s Real=0.18s
[2025-10-15T06:20:03.946-0700][1246 ][info ][safepoint   ] Safepoint "G1CollectForAllocation", Time since last: 1109601489 ns, Reaching safepoint: 1008770 ns, Cleanup: 12639 ns, At safepoint: 187113659 ns, Total: 188135068 ns
[2025-10-15T06:20:04.947-0700][1246 ][info ][safepoint   ] Safepoint "Cleanup", Time since last: 1000092828 ns, Reaching safepoint: 810953 ns, Cleanup: 10936 ns, At safepoint: 234544 ns, Total: 1056433 ns
[2025-10-15T06:20:06.948-0700][1246 ][info ][safepoint   ] Safepoint "Cleanup", Time since last: 2000183984 ns, Reaching safepoint: 820076 ns, Cleanup: 26520 ns, At safepoint: 177257 ns, Total: 1023853 ns
[2025-10-15T06:20:07.950-0700][1246 ][info ][safepoint   ] Safepoint "Cleanup", Time since last: 1000099459 ns, Reaching safepoint: 900667 ns, Cleanup: 13370 ns, At safepoint: 660866 ns, Total: 1574903 ns
[2025-10-15T06:20:10.952-0700][1246 ][info ][safepoint   ] Safepoint "Cleanup", Time since last: 3000270113 ns, Reaching safepoint: 954309 ns, Cleanup: 10516 ns, At safepoint: 524550 ns, Total: 1489375 ns
[2025-10-15T06:20:12.798-0700][1246 ][info ][gc,start    ] GC(503) Pause Young (Normal) (G1 Evacuation Pause)
[2025-10-15T06:20:12.798-0700][1246 ][info ][gc,task     ] GC(503) Using 113 workers of 113 for evacuation
[2025-10-15T06:20:12.812-0700][1246 ][debug][gc,remset   ] GC(503) Visited cards 8955392 Total dirty 60620800 (14.77%) Total old 392953856 (2.28%)
[2025-10-15T06:20:12.972-0700][1246 ][info ][gc,phases   ] GC(503)   Pre Evacuate Collection Set: 0.7ms
[2025-10-15T06:20:12.972-0700][1246 ][info ][gc,phases   ] GC(503)   Merge Heap Roots: 12.6ms
[2025-10-15T06:20:12.972-0700][1246 ][info ][gc,phases   ] GC(503)   Evacuate Collection Set: 149.5ms
[2025-10-15T06:20:12.972-0700][1246 ][info ][gc,phases   ] GC(503)   Post Evacuate Collection Set: 10.9ms
[2025-10-15T06:20:12.972-0700][1246 ][info ][gc,phases   ] GC(503)   Other: 0.1ms
[2025-10-15T06:20:12.972-0700][1246 ][debug][gc,remset   ] GC(503) Coarsening (recent): Inline->AoC 17088 (1) AoC->Howl 49 (1) Howl->Full 0 (0) Inline->AoC 248 (2) AoC->BitMap 51 (1) BitMap->Full 0 (0) 
[2025-10-15T06:20:12.972-0700][1246 ][debug][gc,remset   ] GC(503) Coarsening (all): Inline->AoC 15597918 (486) AoC->Howl 337032 (1258) Howl->Full 0 (0) Inline->AoC 1340083 (401) AoC->BitMap 353647 (1000) BitMap->Full 12 (0) 
[2025-10-15T06:20:12.972-0700][1246 ][info ][gc,heap     ] GC(503) Eden regions: 2238->0(3273)
[2025-10-15T06:20:12.972-0700][1246 ][info ][gc,heap     ] GC(503) Survivor regions: 258->183(312)
[2025-10-15T06:20:12.972-0700][1246 ][info ][gc,heap     ] GC(503) Old regions: 996->1086
[2025-10-15T06:20:12.972-0700][1246 ][info ][gc,heap     ] GC(503) Humongous regions: 8->0
[2025-10-15T06:20:12.972-0700][1246 ][info ][gc,metaspace] GC(503) Metaspace: 321068K(328832K)->321068K(328832K) NonClass: 283725K(288064K)->283725K(288064K) Class: 37342K(40768K)->37342K(40768K)
[2025-10-15T06:20:12.972-0700][1246 ][info ][gc          ] GC(503) Pause Young (Normal) (G1 Evacuation Pause) 111978M->40588M(184320M) 173.968ms
[2025-10-15T06:20:12.973-0700][1246 ][info ][gc,cpu      ] GC(503) User=18.07s Sys=0.17s Real=0.17s
[2025-10-15T06:20:12.975-0700][1246 ][info ][safepoint   ] Safepoint "G1CollectForAllocation", Time since last: 1844445431 ns, Reaching safepoint: 1027389 ns, Cleanup: 6059 ns, At safepoint: 177445157 ns, Total: 178478605 ns
[2025-10-15T06:20:16.319-0700][1246 ][info ][gc,start    ] GC(504) Pause Young (Concurrent Start) (G1 Humongous Allocation)
[2025-10-15T06:20:16.319-0700][1246 ][info ][gc,task     ] GC(504) Using 113 workers of 113 for evacuation
[2025-10-15T06:20:16.331-0700][1246 ][debug][gc,remset   ] GC(504) Visited cards 8500992 Total dirty 65798144 (12.92%) Total old 186646528 (4.55%)
[2025-10-15T06:20:16.440-0700][1246 ][info ][gc,phases   ] GC(504)   Pre Evacuate Collection Set: 0.9ms
[2025-10-15T06:20:16.440-0700][1246 ][info ][gc,phases   ] GC(504)   Merge Heap Roots: 11.0ms
[2025-10-15T06:20:16.440-0700][1246 ][info ][gc,phases   ] GC(504)   Evacuate Collection Set: 100.0ms
[2025-10-15T06:20:16.440-0700][1246 ][info ][gc,phases   ] GC(504)   Post Evacuate Collection Set: 8.5ms
[2025-10-15T06:20:16.440-0700][1246 ][info ][gc,phases   ] GC(504)   Other: 0.1ms
[2025-10-15T06:20:16.440-0700][1246 ][debug][gc,remset   ] GC(504) Coarsening (recent): Inline->AoC 0 (0) AoC->Howl 0 (0) Howl->Full 0 (0) Inline->AoC 0 (0) AoC->BitMap 0 (0) BitMap->Full 0 (0) 
[2025-10-15T06:20:16.440-0700][1246 ][debug][gc,remset   ] GC(504) Coarsening (all): Inline->AoC 15597918 (486) AoC->Howl 337032 (1258) Howl->Full 0 (0) Inline->AoC 1340083 (401) AoC->BitMap 353647 (1000) BitMap->Full 12 (0) 
[2025-10-15T06:20:16.440-0700][1246 ][info ][gc,heap     ] GC(504) Eden regions: 698->0(3278)
[2025-10-15T06:20:16.440-0700][1246 ][info ][gc,heap     ] GC(504) Survivor regions: 183->178(432)
[2025-10-15T06:20:16.440-0700][1246 ][info ][gc,heap     ] GC(504) Old regions: 1086->1086
[2025-10-15T06:20:16.440-0700][1246 ][info ][gc,heap     ] GC(504) Humongous regions: 0->0
[2025-10-15T06:20:16.440-0700][1246 ][info ][gc,metaspace] GC(504) Metaspace: 321068K(328832K)->321068K(328832K) NonClass: 283725K(288064K)->283725K(288064K) Class: 37342K(40768K)->37342K(40768K)
[2025-10-15T06:20:16.440-0700][1246 ][info ][gc          ] GC(504) Pause Young (Concurrent Start) (G1 Humongous Allocation) 62905M->40416M(184320M) 120.735ms
[2025-10-15T06:20:16.440-0700][1085 ][info ][gc          ] GC(505) Concurrent Mark Cycle
[2025-10-15T06:20:16.441-0700][1085 ][info ][gc,marking  ] GC(505) Concurrent Scan Root Regions
[2025-10-15T06:20:16.442-0700][1246 ][info ][gc,cpu      ] GC(504) User=11.85s Sys=0.07s Real=0.12s
[2025-10-15T06:20:16.443-0700][1246 ][info ][safepoint   ] Safepoint "G1TryInitiateConcMark", Time since last: 3342959400 ns, Reaching safepoint: 720926 ns, Cleanup: 4056 ns, At safepoint: 125145217 ns, Total: 125870199 ns
[2025-10-15T06:20:16.504-0700][1085 ][info ][gc,marking  ] GC(505) Concurrent Scan Root Regions 63.145ms
[2025-10-15T06:20:16.504-0700][1085 ][info ][gc,marking  ] GC(505) Concurrent Mark
[2025-10-15T06:20:16.504-0700][1085 ][info ][gc,marking  ] GC(505) Concurrent Mark From Roots
[2025-10-15T06:20:16.504-0700][1085 ][info ][gc,task     ] GC(505) Using 36 workers of 36 for marking
[2025-10-15T06:20:16.718-0700][1085 ][info ][gc,marking  ] GC(505) Concurrent Mark From Roots 214.086ms
[2025-10-15T06:20:16.718-0700][1085 ][info ][gc,marking  ] GC(505) Concurrent Preclean
[2025-10-15T06:20:16.741-0700][1085 ][info ][gc,marking  ] GC(505) Concurrent Preclean 23.226ms
[2025-10-15T06:20:16.743-0700][1246 ][info ][gc,start    ] GC(505) Pause Remark
[2025-10-15T06:20:16.882-0700][1246 ][info ][gc          ] GC(505) Pause Remark 44215M->43383M(184320M) 139.070ms
[2025-10-15T06:20:16.883-0700][1246 ][info ][gc,cpu      ] GC(505) User=11.34s Sys=0.12s Real=0.14s
[2025-10-15T06:20:16.885-0700][1246 ][info ][safepoint   ] Safepoint "G1PauseRemark", Time since last: 297682346 ns, Reaching safepoint: 719545 ns, Cleanup: 19028 ns, At safepoint: 143518787 ns, Total: 144257360 ns
[2025-10-15T06:20:16.886-0700][1085 ][info ][gc,marking  ] GC(505) Concurrent Mark 382.457ms
[2025-10-15T06:20:16.886-0700][1085 ][info ][gc,marking  ] GC(505) Concurrent Rebuild Remembered Sets and Scrub Regions
[2025-10-15T06:20:17.200-0700][1085 ][info ][gc,marking  ] GC(505) Concurrent Rebuild Remembered Sets and Scrub Regions 313.400ms
[2025-10-15T06:20:17.205-0700][1246 ][info ][gc,start    ] GC(505) Pause Cleanup
[2025-10-15T06:20:17.207-0700][1246 ][info ][gc          ] GC(505) Pause Cleanup 45789M->45789M(184320M) 2.086ms
[2025-10-15T06:20:17.208-0700][1246 ][info ][gc,cpu      ] GC(505) User=0.02s Sys=0.00s Real=0.00s
[2025-10-15T06:20:17.208-0700][1246 ][info ][safepoint   ] Safepoint "G1PauseCleanup", Time since last: 314290367 ns, Reaching safepoint: 3925907 ns, Cleanup: 18518 ns, At safepoint: 4526231 ns, Total: 8470656 ns
[2025-10-15T06:20:17.208-0700][1085 ][info ][gc,marking  ] GC(505) Concurrent Clear Claimed Marks
[2025-10-15T06:20:17.209-0700][1085 ][info ][gc,marking  ] GC(505) Concurrent Clear Claimed Marks 1.166ms
[2025-10-15T06:20:17.209-0700][1085 ][info ][gc,marking  ] GC(505) Concurrent Cleanup for Next Mark
[2025-10-15T06:20:17.239-0700][1085 ][info ][gc,marking  ] GC(505) Concurrent Cleanup for Next Mark 29.155ms
[2025-10-15T06:20:17.239-0700][1085 ][info ][gc          ] GC(505) Concurrent Mark Cycle 798.229ms
[2025-10-15T06:20:26.210-0700][1246 ][info ][safepoint   ] Safepoint "Cleanup", Time since last: 9000577298 ns, Reaching safepoint: 1015671 ns, Cleanup: 13240 ns, At safepoint: 731242 ns, Total: 1760153 ns
[2025-10-15T06:20:28.455-0700][1246 ][info ][gc,start    ] GC(506) Pause Young (Prepare Mixed) (G1 Evacuation Pause)
[2025-10-15T06:20:28.455-0700][1246 ][info ][gc,task     ] GC(506) Using 113 workers of 113 for evacuation
[2025-10-15T06:20:28.469-0700][1246 ][debug][gc,remset   ] GC(506) Visited cards 9019648 Total dirty 65536000 (13.76%) Total old 523239424 (1.72%)
[2025-10-15T06:20:28.603-0700][1246 ][info ][gc,phases   ] GC(506)   Pre Evacuate Collection Set: 0.7ms
[2025-10-15T06:20:28.603-0700][1246 ][info ][gc,phases   ] GC(506)   Merge Heap Roots: 13.0ms
[2025-10-15T06:20:28.603-0700][1246 ][info ][gc,phases   ] GC(506)   Evacuate Collection Set: 121.0ms
[2025-10-15T06:20:28.603-0700][1246 ][info ][gc,phases   ] GC(506)   Post Evacuate Collection Set: 13.0ms
[2025-10-15T06:20:28.603-0700][1246 ][info ][gc,phases   ] GC(506)   Other: 0.2ms
[2025-10-15T06:20:28.603-0700][1246 ][debug][gc,remset   ] GC(506) Coarsening (recent): Inline->AoC 164258 (0) AoC->Howl 9521 (0) Howl->Full 0 (0) Inline->AoC 39264 (0) AoC->BitMap 11015 (0) BitMap->Full 0 (0) 
[2025-10-15T06:20:28.603-0700][1246 ][debug][gc,remset   ] GC(506) Coarsening (all): Inline->AoC 15762176 (486) AoC->Howl 346553 (1258) Howl->Full 0 (0) Inline->AoC 1379347 (401) AoC->BitMap 364662 (1000) BitMap->Full 12 (0) 
[2025-10-15T06:20:28.603-0700][1246 ][info ][gc,heap     ] GC(506) Eden regions: 3278->0(3259)
[2025-10-15T06:20:28.603-0700][1246 ][info ][gc,heap     ] GC(506) Survivor regions: 178->197(432)
[2025-10-15T06:20:28.603-0700][1246 ][info ][gc,heap     ] GC(506) Old regions: 1060->1060
[2025-10-15T06:20:28.603-0700][1246 ][info ][gc,heap     ] GC(506) Humongous regions: 12->0
[2025-10-15T06:20:28.603-0700][1246 ][info ][gc,metaspace] GC(506) Metaspace: 320759K(328832K)->320759K(328832K) NonClass: 283466K(288064K)->283466K(288064K) Class: 37292K(40768K)->37292K(40768K)
[2025-10-15T06:20:28.603-0700][1246 ][info ][gc          ] GC(506) Pause Young (Prepare Mixed) (G1 Evacuation Pause) 144864M->40182M(184320M) 148.030ms
[2025-10-15T06:20:28.604-0700][1246 ][info ][gc,cpu      ] GC(506) User=14.23s Sys=0.28s Real=0.15s
[2025-10-15T06:20:28.605-0700][1246 ][info ][safepoint   ] Safepoint "G1CollectForAllocation", Time since last: 2242162901 ns, Reaching safepoint: 908258 ns, Cleanup: 5088 ns, At safepoint: 151549801 ns, Total: 152463147 ns
[2025-10-15T06:20:32.606-0700][1246 ][info ][safepoint   ] Safepoint "Cleanup", Time since last: 4000272415 ns, Reaching safepoint: 787667 ns, Cleanup: 12238 ns, At safepoint: 91378 ns, Total: 891283 ns
[2025-10-15T06:20:34.628-0700][1246 ][info ][safepoint   ] Safepoint "Cleanup", Time since last: 2000156313 ns, Reaching safepoint: 18903339 ns, Cleanup: 14232 ns, At safepoint: 2339646 ns, Total: 21257217 ns
[2025-10-15T06:20:43.648-0700][1246 ][info ][gc,start    ] GC(507) Pause Young (Mixed) (G1 Evacuation Pause)
[2025-10-15T06:20:43.648-0700][1246 ][info ][gc,task     ] GC(507) Using 113 workers of 113 for evacuation
[2025-10-15T06:20:43.663-0700][1246 ][debug][gc,remset   ] GC(507) Visited cards 10108160 Total dirty 49217536 (20.54%) Total old 542441472 (1.86%)
[2025-10-15T06:20:43.822-0700][1246 ][debug][gc,remset   ] GC(507) Visited cards 1345792 Total dirty 39911424 (3.37%) Total old 560660480 (0.24%)
[2025-10-15T06:20:43.874-0700][1246 ][info ][gc,mmu      ] GC(507) MMU target violated: 201.0ms (200.0ms/201.0ms)
[2025-10-15T06:20:43.875-0700][1246 ][info ][gc,phases   ] GC(507)   Pre Evacuate Collection Set: 0.9ms
[2025-10-15T06:20:43.875-0700][1246 ][info ][gc,phases   ] GC(507)   Merge Heap Roots: 13.3ms
[2025-10-15T06:20:43.875-0700][1246 ][info ][gc,phases   ] GC(507)   Evacuate Collection Set: 158.6ms
[2025-10-15T06:20:43.875-0700][1246 ][info ][gc,phases   ] GC(507)   Merge Optional Heap Roots: 1.0ms
[2025-10-15T06:20:43.875-0700][1246 ][info ][gc,phases   ] GC(507)   Evacuate Optional Collection Set: 36.7ms
[2025-10-15T06:20:43.875-0700][1246 ][info ][gc,phases   ] GC(507)   Post Evacuate Collection Set: 15.4ms
[2025-10-15T06:20:43.875-0700][1246 ][info ][gc,phases   ] GC(507)   Other: 0.3ms
[2025-10-15T06:20:43.875-0700][1246 ][debug][gc,remset   ] GC(507) Coarsening (recent): Inline->AoC 80 (0) AoC->Howl 0 (0) Howl->Full 0 (0) Inline->AoC 0 (0) AoC->BitMap 0 (0) BitMap->Full 0 (0) 
[2025-10-15T06:20:43.875-0700][1246 ][debug][gc,remset   ] GC(507) Coarsening (all): Inline->AoC 15762256 (486) AoC->Howl 346553 (1258) Howl->Full 0 (0) Inline->AoC 1379347 (401) AoC->BitMap 364662 (1000) BitMap->Full 12 (0) 
[2025-10-15T06:20:43.875-0700][1246 ][info ][gc,heap     ] GC(507) Eden regions: 3259->0(1899)
[2025-10-15T06:20:43.875-0700][1246 ][info ][gc,heap     ] GC(507) Survivor regions: 197->237(432)
[2025-10-15T06:20:43.875-0700][1246 ][info ][gc,heap     ] GC(507) Old regions: 1060->748
[2025-10-15T06:20:43.875-0700][1246 ][info ][gc,heap     ] GC(507) Humongous regions: 15->0
[2025-10-15T06:20:43.875-0700][1246 ][info ][gc,metaspace] GC(507) Metaspace: 320786K(328832K)->320786K(328832K) NonClass: 283488K(288064K)->283488K(288064K) Class: 37297K(40768K)->37297K(40768K)
[2025-10-15T06:20:43.875-0700][1246 ][info ][gc          ] GC(507) Pause Young (Mixed) (G1 Evacuation Pause) 144950M->31500M(184320M) 226.442ms
[2025-10-15T06:20:43.876-0700][1246 ][info ][gc,cpu      ] GC(507) User=18.84s Sys=1.95s Real=0.23s
[2025-10-15T06:20:43.877-0700][1246 ][info ][safepoint   ] Safepoint "G1CollectForAllocation", Time since last: 9018151233 ns, Reaching safepoint: 1103173 ns, Cleanup: 5168 ns, At safepoint: 230135637 ns, Total: 231243978 ns
[2025-10-15T06:20:47.878-0700][1246 ][info ][safepoint   ] Safepoint "Cleanup", Time since last: 4000279346 ns, Reaching safepoint: 850752 ns, Cleanup: 32138 ns, At safepoint: 203948 ns, Total: 1086838 ns
[2025-10-15T06:20:50.880-0700][1246 ][info ][safepoint   ] Safepoint "Cleanup", Time since last: 3000229261 ns, Reaching safepoint: 929191 ns, Cleanup: 14772 ns, At safepoint: 149405 ns, Total: 1093368 ns
[2025-10-15T06:20:57.109-0700][1246 ][info ][gc,start    ] GC(508) Pause Young (Mixed) (G1 Evacuation Pause)
[2025-10-15T06:20:57.109-0700][1246 ][info ][gc,task     ] GC(508) Using 113 workers of 113 for evacuation
[2025-10-15T06:20:57.122-0700][1246 ][debug][gc,remset   ] GC(508) Visited cards 9472000 Total dirty 44302336 (21.38%) Total old 445120512 (2.13%)
[2025-10-15T06:20:57.290-0700][1246 ][info ][gc,phases   ] GC(508)   Pre Evacuate Collection Set: 0.7ms
[2025-10-15T06:20:57.290-0700][1246 ][info ][gc,phases   ] GC(508)   Merge Heap Roots: 13.0ms
[2025-10-15T06:20:57.290-0700][1246 ][info ][gc,phases   ] GC(508)   Evacuate Collection Set: 153.3ms
[2025-10-15T06:20:57.290-0700][1246 ][info ][gc,phases   ] GC(508)   Post Evacuate Collection Set: 14.0ms
[2025-10-15T06:20:57.290-0700][1246 ][info ][gc,phases   ] GC(508)   Other: 0.2ms
[2025-10-15T06:20:57.290-0700][1246 ][debug][gc,remset   ] GC(508) Coarsening (recent): Inline->AoC 20229 (0) AoC->Howl 83 (3) Howl->Full 0 (0) Inline->AoC 371 (1) AoC->BitMap 39 (4) BitMap->Full 0 (0) 
[2025-10-15T06:20:57.290-0700][1246 ][debug][gc,remset   ] GC(508) Coarsening (all): Inline->AoC 15782485 (486) AoC->Howl 346636 (1261) Howl->Full 0 (0) Inline->AoC 1379718 (402) AoC->BitMap 364701 (1004) BitMap->Full 12 (0) 
[2025-10-15T06:20:57.290-0700][1246 ][info ][gc,heap     ] GC(508) Eden regions: 2751->0(3201)
[2025-10-15T06:20:57.290-0700][1246 ][info ][gc,heap     ] GC(508) Survivor regions: 237->197(374)
[2025-10-15T06:20:57.290-0700][1246 ][info ][gc,heap     ] GC(508) Old regions: 748->743
[2025-10-15T06:20:57.290-0700][1246 ][info ][gc,heap     ] GC(508) Humongous regions: 9->0
[2025-10-15T06:20:57.290-0700][1246 ][info ][gc,metaspace] GC(508) Metaspace: 320857K(328832K)->320857K(328832K) NonClass: 283547K(288064K)->283547K(288064K) Class: 37309K(40768K)->37309K(40768K)
[2025-10-15T06:20:57.290-0700][1246 ][info ][gc          ] GC(508) Pause Young (Mixed) (G1 Evacuation Pause) 119820M->30034M(184320M) 181.398ms
[2025-10-15T06:20:57.291-0700][1246 ][info ][gc,cpu      ] GC(508) User=16.81s Sys=0.36s Real=0.18s
[2025-10-15T06:20:57.292-0700][1246 ][info ][safepoint   ] Safepoint "G1CollectForAllocation", Time since last: 6224471032 ns, Reaching safepoint: 3101815 ns, Cleanup: 23175 ns, At safepoint: 184886782 ns, Total: 188011772 ns
[2025-10-15T06:20:58.293-0700][1246 ][info ][safepoint   ] Safepoint "Cleanup", Time since last: 1000086339 ns, Reaching safepoint: 760346 ns, Cleanup: 27371 ns, At safepoint: 189005 ns, Total: 976722 ns
[2025-10-15T06:21:00.295-0700][1246 ][info ][safepoint   ] Safepoint "Cleanup", Time since last: 2000176674 ns, Reaching safepoint: 1181390 ns, Cleanup: 12479 ns, At safepoint: 260513 ns, Total: 1454382 ns
[2025-10-15T06:21:09.831-0700][1246 ][info ][safepoint   ] Safepoint "Cleanup", Time since last: 9534676338 ns, Reaching safepoint: 872865 ns, Cleanup: 15363 ns, At safepoint: 219521 ns, Total: 1107749 ns
[2025-10-15T06:21:11.875-0700][1246 ][info ][gc,start    ] GC(509) Pause Young (Mixed) (G1 Evacuation Pause)
[2025-10-15T06:21:11.875-0700][1246 ][info ][gc,task     ] GC(509) Using 113 workers of 113 for evacuation
[2025-10-15T06:21:11.889-0700][1246 ][debug][gc,remset   ] GC(509) Visited cards 10002176 Total dirty 43909120 (22.78%) Total old 506068992 (1.98%)
[2025-10-15T06:21:12.046-0700][1246 ][info ][gc,phases   ] GC(509)   Pre Evacuate Collection Set: 0.8ms
[2025-10-15T06:21:12.046-0700][1246 ][info ][gc,phases   ] GC(509)   Merge Heap Roots: 12.9ms
[2025-10-15T06:21:12.046-0700][1246 ][info ][gc,phases   ] GC(509)   Evacuate Collection Set: 144.3ms
[2025-10-15T06:21:12.046-0700][1246 ][info ][gc,phases   ] GC(509)   Post Evacuate Collection Set: 13.3ms
[2025-10-15T06:21:12.046-0700][1246 ][info ][gc,phases   ] GC(509)   Other: 0.2ms
[2025-10-15T06:21:12.046-0700][1246 ][debug][gc,remset   ] GC(509) Coarsening (recent): Inline->AoC 39813 (0) AoC->Howl 156 (0) Howl->Full 0 (0) Inline->AoC 588 (0) AoC->BitMap 107 (0) BitMap->Full 0 (0) 
[2025-10-15T06:21:12.046-0700][1246 ][debug][gc,remset   ] GC(509) Coarsening (all): Inline->AoC 15822298 (486) AoC->Howl 346792 (1261) Howl->Full 0 (0) Inline->AoC 1380306 (402) AoC->BitMap 364808 (1004) BitMap->Full 12 (0) 
[2025-10-15T06:21:12.046-0700][1246 ][info ][gc,heap     ] GC(509) Eden regions: 3259->0(2841)
[2025-10-15T06:21:12.046-0700][1246 ][info ][gc,heap     ] GC(509) Survivor regions: 197->225(432)
[2025-10-15T06:21:12.046-0700][1246 ][info ][gc,heap     ] GC(509) Old regions: 743->699
[2025-10-15T06:21:12.046-0700][1246 ][info ][gc,heap     ] GC(509) Humongous regions: 8->0
[2025-10-15T06:21:12.046-0700][1246 ][info ][gc,metaspace] GC(509) Metaspace: 320872K(328832K)->320872K(328832K) NonClass: 283561K(288064K)->283561K(288064K) Class: 37310K(40768K)->37310K(40768K)
[2025-10-15T06:21:12.046-0700][1246 ][info ][gc          ] GC(509) Pause Young (Mixed) (G1 Evacuation Pause) 134578M->29536M(184320M) 171.626ms
[2025-10-15T06:21:12.048-0700][1246 ][info ][gc,cpu      ] GC(509) User=16.88s Sys=0.26s Real=0.17s
[2025-10-15T06:21:12.049-0700][1246 ][info ][safepoint   ] Safepoint "G1CollectForAllocation", Time since last: 2041831892 ns, Reaching safepoint: 919856 ns, Cleanup: 7121 ns, At safepoint: 175300896 ns, Total: 176227873 ns
[2025-10-15T06:21:13.050-0700][1246 ][info ][safepoint   ] Safepoint "Cleanup", Time since last: 1000101121 ns, Reaching safepoint: 799285 ns, Cleanup: 14722 ns, At safepoint: 147282 ns, Total: 961289 ns
[2025-10-15T06:21:19.051-0700][1246 ][info ][safepoint   ] Safepoint "Cleanup", Time since last: 6000385623 ns, Reaching safepoint: 897302 ns, Cleanup: 12539 ns, At safepoint: 335666 ns, Total: 1245507 ns
[2025-10-15T06:21:22.058-0700][1246 ][info ][safepoint   ] Safepoint "Cleanup", Time since last: 3000187168 ns, Reaching safepoint: 5092595 ns, Cleanup: 18278 ns, At safepoint: 741317 ns, Total: 5852190 ns
[2025-10-15T06:21:27.692-0700][1246 ][info ][gc,start    ] GC(510) Pause Young (Mixed) (G1 Evacuation Pause)
[2025-10-15T06:21:27.692-0700][1246 ][info ][gc,task     ] GC(510) Using 113 workers of 113 for evacuation
[2025-10-15T06:21:27.706-0700][1246 ][debug][gc,remset   ] GC(510) Visited cards 8998144 Total dirty 42991616 (20.93%) Total old 501415936 (1.79%)
[2025-10-15T06:21:27.868-0700][1246 ][info ][gc,phases   ] GC(510)   Pre Evacuate Collection Set: 0.8ms
[2025-10-15T06:21:27.868-0700][1246 ][info ][gc,phases   ] GC(510)   Merge Heap Roots: 12.7ms
[2025-10-15T06:21:27.868-0700][1246 ][info ][gc,phases   ] GC(510)   Evacuate Collection Set: 151.5ms
[2025-10-15T06:21:27.868-0700][1246 ][info ][gc,phases   ] GC(510)   Post Evacuate Collection Set: 10.8ms
[2025-10-15T06:21:27.868-0700][1246 ][info ][gc,phases   ] GC(510)   Other: 0.2ms
[2025-10-15T06:21:27.868-0700][1246 ][debug][gc,remset   ] GC(510) Coarsening (recent): Inline->AoC 10944 (0) AoC->Howl 19 (0) Howl->Full 0 (0) Inline->AoC 110 (0) AoC->BitMap 2 (0) BitMap->Full 0 (0) 
[2025-10-15T06:21:27.868-0700][1246 ][debug][gc,remset   ] GC(510) Coarsening (all): Inline->AoC 15833242 (486) AoC->Howl 346811 (1261) Howl->Full 0 (0) Inline->AoC 1380416 (402) AoC->BitMap 364810 (1004) BitMap->Full 12 (0) 
[2025-10-15T06:21:27.868-0700][1246 ][info ][gc,heap     ] GC(510) Eden regions: 3231->0(3168)
[2025-10-15T06:21:27.868-0700][1246 ][info ][gc,heap     ] GC(510) Survivor regions: 225->251(432)
[2025-10-15T06:21:27.868-0700][1246 ][info ][gc,heap     ] GC(510) Old regions: 699->677
[2025-10-15T06:21:27.868-0700][1246 ][info ][gc,heap     ] GC(510) Humongous regions: 9->0
[2025-10-15T06:21:27.868-0700][1246 ][info ][gc,metaspace] GC(510) Metaspace: 320918K(328832K)->320918K(328832K) NonClass: 283603K(288064K)->283603K(288064K) Class: 37315K(40768K)->37315K(40768K)
[2025-10-15T06:21:27.868-0700][1246 ][info ][gc          ] GC(510) Pause Young (Mixed) (G1 Evacuation Pause) 133216M->29660M(184320M) 176.118ms
[2025-10-15T06:21:27.870-0700][1246 ][info ][gc,cpu      ] GC(510) User=17.83s Sys=0.05s Real=0.18s
[2025-10-15T06:21:27.871-0700][1246 ][info ][safepoint   ] Safepoint "G1CollectForAllocation", Time since last: 5622117015 ns, Reaching safepoint: 11522395 ns, Cleanup: 6150 ns, At safepoint: 179705914 ns, Total: 191234459 ns
[2025-10-15T06:21:28.872-0700][1246 ][info ][safepoint   ] Safepoint "Cleanup", Time since last: 1000088422 ns, Reaching safepoint: 824292 ns, Cleanup: 19099 ns, At safepoint: 197878 ns, Total: 1041269 ns
[2025-10-15T06:21:39.874-0700][1246 ][info ][safepoint   ] Safepoint "Cleanup", Time since last: 11000708624 ns, Reaching safepoint: 902750 ns, Cleanup: 12779 ns, At safepoint: 274244 ns, Total: 1189773 ns
[2025-10-15T06:21:41.899-0700][1246 ][info ][gc,start    ] GC(511) Pause Young (Normal) (G1 Evacuation Pause)
[2025-10-15T06:21:41.899-0700][1246 ][info ][gc,task     ] GC(511) Using 113 workers of 113 for evacuation
[2025-10-15T06:21:41.911-0700][1246 ][debug][gc,remset   ] GC(511) Visited cards 7424256 Total dirty 43122688 (17.22%) Total old 498270208 (1.49%)
[2025-10-15T06:21:42.104-0700][1246 ][info ][gc,mmu      ] GC(511) MMU target violated: 201.0ms (200.0ms/201.0ms)
[2025-10-15T06:21:42.104-0700][1246 ][info ][gc,phases   ] GC(511)   Pre Evacuate Collection Set: 0.8ms
[2025-10-15T06:21:42.104-0700][1246 ][info ][gc,phases   ] GC(511)   Merge Heap Roots: 11.6ms
[2025-10-15T06:21:42.104-0700][1246 ][info ][gc,phases   ] GC(511)   Evacuate Collection Set: 180.8ms
[2025-10-15T06:21:42.104-0700][1246 ][info ][gc,phases   ] GC(511)   Post Evacuate Collection Set: 12.2ms
[2025-10-15T06:21:42.104-0700][1246 ][info ][gc,phases   ] GC(511)   Other: 0.2ms
[2025-10-15T06:21:42.104-0700][1246 ][debug][gc,remset   ] GC(511) Coarsening (recent): Inline->AoC 0 (0) AoC->Howl 0 (0) Howl->Full 0 (0) Inline->AoC 0 (0) AoC->BitMap 0 (0) BitMap->Full 0 (0) 
[2025-10-15T06:21:42.104-0700][1246 ][debug][gc,remset   ] GC(511) Coarsening (all): Inline->AoC 15833242 (486) AoC->Howl 346811 (1261) Howl->Full 0 (0) Inline->AoC 1380416 (402) AoC->BitMap 364810 (1004) BitMap->Full 12 (0) 
[2025-10-15T06:21:42.104-0700][1246 ][info ][gc,heap     ] GC(511) Eden regions: 3205->0(2822)
[2025-10-15T06:21:42.104-0700][1246 ][info ][gc,heap     ] GC(511) Survivor regions: 251->249(432)
[2025-10-15T06:21:42.104-0700][1246 ][info ][gc,heap     ] GC(511) Old regions: 677->725
[2025-10-15T06:21:42.104-0700][1246 ][info ][gc,heap     ] GC(511) Humongous regions: 14->0
[2025-10-15T06:21:42.104-0700][1246 ][info ][gc,metaspace] GC(511) Metaspace: 320943K(328832K)->320943K(328832K) NonClass: 283625K(288064K)->283625K(288064K) Class: 37318K(40768K)->37318K(40768K)
[2025-10-15T06:21:42.104-0700][1246 ][info ][gc          ] GC(511) Pause Young (Normal) (G1 Evacuation Pause) 132668M->31123M(184320M) 205.809ms
[2025-10-15T06:21:42.106-0700][1246 ][info ][gc,cpu      ] GC(511) User=19.66s Sys=0.02s Real=0.20s
[2025-10-15T06:21:42.107-0700][1246 ][info ][safepoint   ] Safepoint "G1CollectForAllocation", Time since last: 2010127831 ns, Reaching safepoint: 13361827 ns, Cleanup: 7191 ns, At safepoint: 209356651 ns, Total: 222725669 ns
[2025-10-15T06:21:51.109-0700][1246 ][info ][safepoint   ] Safepoint "Cleanup", Time since last: 9000541204 ns, Reaching safepoint: 875419 ns, Cleanup: 13801 ns, At safepoint: 337759 ns, Total: 1226979 ns
[2025-10-15T06:21:54.369-0700][1246 ][info ][gc,start    ] GC(512) Pause Young (Normal) (G1 Evacuation Pause)
[2025-10-15T06:21:54.369-0700][1246 ][info ][gc,task     ] GC(512) Using 113 workers of 113 for evacuation
[2025-10-15T06:21:54.383-0700][1246 ][debug][gc,remset   ] GC(512) Visited cards 7787008 Total dirty 45678592 (17.05%) Total old 497942528 (1.56%)
[2025-10-15T06:21:54.556-0700][1246 ][info ][gc,phases   ] GC(512)   Pre Evacuate Collection Set: 0.7ms
[2025-10-15T06:21:54.556-0700][1246 ][info ][gc,phases   ] GC(512)   Merge Heap Roots: 12.4ms
[2025-10-15T06:21:54.556-0700][1246 ][info ][gc,phases   ] GC(512)   Evacuate Collection Set: 159.8ms
[2025-10-15T06:21:54.556-0700][1246 ][info ][gc,phases   ] GC(512)   Post Evacuate Collection Set: 13.3ms
[2025-10-15T06:21:54.556-0700][1246 ][info ][gc,phases   ] GC(512)   Other: 0.2ms
[2025-10-15T06:21:54.556-0700][1246 ][debug][gc,remset   ] GC(512) Coarsening (recent): Inline->AoC 20729 (2) AoC->Howl 76 (3) Howl->Full 0 (0) Inline->AoC 301 (0) AoC->BitMap 58 (4) BitMap->Full 0 (0) 
[2025-10-15T06:21:54.556-0700][1246 ][debug][gc,remset   ] GC(512) Coarsening (all): Inline->AoC 15853971 (488) AoC->Howl 346887 (1264) Howl->Full 0 (0) Inline->AoC 1380717 (402) AoC->BitMap 364868 (1008) BitMap->Full 12 (0) 
[2025-10-15T06:21:54.556-0700][1246 ][info ][gc,heap     ] GC(512) Eden regions: 3179->0(2449)
[2025-10-15T06:21:54.556-0700][1246 ][info ][gc,heap     ] GC(512) Survivor regions: 249->261(429)
[2025-10-15T06:21:54.556-0700][1246 ][info ][gc,heap     ] GC(512) Old regions: 725->739
[2025-10-15T06:21:54.556-0700][1246 ][info ][gc,heap     ] GC(512) Humongous regions: 17->0
[2025-10-15T06:21:54.556-0700][1246 ][info ][gc,metaspace] GC(512) Metaspace: 320961K(328832K)->320961K(328832K) NonClass: 283638K(288064K)->283638K(288064K) Class: 37323K(40768K)->37323K(40768K)
[2025-10-15T06:21:54.556-0700][1246 ][info ][gc          ] GC(512) Pause Young (Normal) (G1 Evacuation Pause) 133395M->31992M(184320M) 186.443ms
[2025-10-15T06:21:54.557-0700][1246 ][info ][gc,cpu      ] GC(512) User=18.45s Sys=0.19s Real=0.18s
[2025-10-15T06:21:54.558-0700][1246 ][info ][safepoint   ] Safepoint "G1CollectForAllocation", Time since last: 3258949719 ns, Reaching safepoint: 787146 ns, Cleanup: 5448 ns, At safepoint: 189945898 ns, Total: 190738492 ns
[2025-10-15T06:21:56.559-0700][1246 ][info ][safepoint   ] Safepoint "Cleanup", Time since last: 2000148631 ns, Reaching safepoint: 775349 ns, Cleanup: 13440 ns, At safepoint: 137096 ns, Total: 925885 ns
[2025-10-15T06:21:57.560-0700][1246 ][info ][safepoint   ] Safepoint "Cleanup", Time since last: 1000105098 ns, Reaching safepoint: 804933 ns, Cleanup: 13069 ns, At safepoint: 213793 ns, Total: 1031795 ns
[2025-10-15T06:21:58.562-0700][1246 ][info ][safepoint   ] Safepoint "Cleanup", Time since last: 1000105617 ns, Reaching safepoint: 898575 ns, Cleanup: 12989 ns, At safepoint: 519914 ns, Total: 1431478 ns
[2025-10-15T06:22:02.564-0700][1246 ][info ][safepoint   ] Safepoint "Cleanup", Time since last: 4000283612 ns, Reaching safepoint: 1857179 ns, Cleanup: 16875 ns, At safepoint: 239341 ns, Total: 2113395 ns
[2025-10-15T06:22:03.854-0700][1246 ][info ][safepoint   ] Safepoint "Cleanup", Time since last: 1288794871 ns, Reaching safepoint: 927688 ns, Cleanup: 26660 ns, At safepoint: 278981 ns, Total: 1233329 ns
[2025-10-15T06:22:04.390-0700][1246 ][info ][gc,start    ] GC(513) Pause Young (Normal) (G1 Evacuation Pause)
[2025-10-15T06:22:04.390-0700][1246 ][info ][gc,task     ] GC(513) Using 113 workers of 113 for evacuation
[2025-10-15T06:22:04.404-0700][1246 ][debug][gc,remset   ] GC(513) Visited cards 7784192 Total dirty 46268416 (16.82%) Total old 464125952 (1.68%)
[2025-10-15T06:22:04.605-0700][1246 ][info ][gc,mmu      ] GC(513) MMU target violated: 201.0ms (200.0ms/201.0ms)
[2025-10-15T06:22:04.606-0700][1246 ][info ][gc,phases   ] GC(513)   Pre Evacuate Collection Set: 0.8ms
[2025-10-15T06:22:04.606-0700][1246 ][info ][gc,phases   ] GC(513)   Merge Heap Roots: 12.7ms
[2025-10-15T06:22:04.606-0700][1246 ][info ][gc,phases   ] GC(513)   Evacuate Collection Set: 189.5ms
[2025-10-15T06:22:04.606-0700][1246 ][info ][gc,phases   ] GC(513)   Post Evacuate Collection Set: 12.2ms
[2025-10-15T06:22:04.606-0700][1246 ][info ][gc,phases   ] GC(513)   Other: 0.2ms
[2025-10-15T06:22:04.606-0700][1246 ][debug][gc,remset   ] GC(513) Coarsening (recent): Inline->AoC 9572 (0) AoC->Howl 15 (0) Howl->Full 0 (0) Inline->AoC 69 (0) AoC->BitMap 12 (1) BitMap->Full 0 (0) 
[2025-10-15T06:22:04.606-0700][1246 ][debug][gc,remset   ] GC(513) Coarsening (all): Inline->AoC 15863543 (488) AoC->Howl 346902 (1264) Howl->Full 0 (0) Inline->AoC 1380786 (402) AoC->BitMap 364880 (1009) BitMap->Full 12 (0) 
[2025-10-15T06:22:04.606-0700][1246 ][info ][gc,heap     ] GC(513) Eden regions: 2904->0(1402)
[2025-10-15T06:22:04.606-0700][1246 ][info ][gc,heap     ] GC(513) Survivor regions: 261->269(396)
[2025-10-15T06:22:04.606-0700][1246 ][info ][gc,heap     ] GC(513) Old regions: 739->790
[2025-10-15T06:22:04.606-0700][1246 ][info ][gc,heap     ] GC(513) Humongous regions: 13->0
[2025-10-15T06:22:04.606-0700][1246 ][info ][gc,metaspace] GC(513) Metaspace: 321002K(328832K)->321002K(328832K) NonClass: 283675K(288064K)->283675K(288064K) Class: 37327K(40768K)->37327K(40768K)
[2025-10-15T06:22:04.606-0700][1246 ][info ][gc          ] GC(513) Pause Young (Normal) (G1 Evacuation Pause) 125336M->33858M(184320M) 215.649ms
[2025-10-15T06:22:04.607-0700][1246 ][info ][gc,cpu      ] GC(513) User=22.00s Sys=0.05s Real=0.21s
[2025-10-15T06:22:04.608-0700][1246 ][info ][safepoint   ] Safepoint "G1CollectForAllocation", Time since last: 532763717 ns, Reaching safepoint: 1638339 ns, Cleanup: 4647 ns, At safepoint: 219297734 ns, Total: 220940720 ns
[2025-10-15T06:22:05.611-0700][1246 ][info ][safepoint   ] Safepoint "Cleanup", Time since last: 1000078116 ns, Reaching safepoint: 1845351 ns, Cleanup: 14572 ns, At safepoint: 613885 ns, Total: 2473808 ns
[2025-10-15T06:22:06.612-0700][1246 ][info ][safepoint   ] Safepoint "Cleanup", Time since last: 1000104416 ns, Reaching safepoint: 774478 ns, Cleanup: 27521 ns, At safepoint: 360543 ns, Total: 1162542 ns
[2025-10-15T06:22:09.688-0700][1246 ][info ][gc,start    ] GC(514) Pause Young (Normal) (G1 Evacuation Pause)
[2025-10-15T06:22:09.688-0700][1246 ][info ][gc,task     ] GC(514) Using 113 workers of 113 for evacuation
[2025-10-15T06:22:09.700-0700][1246 ][debug][gc,remset   ] GC(514) Visited cards 7806976 Total dirty 49479680 (15.78%) Total old 301662208 (2.59%)
[2025-10-15T06:22:09.869-0700][1246 ][info ][gc,phases   ] GC(514)   Pre Evacuate Collection Set: 0.7ms
[2025-10-15T06:22:09.869-0700][1246 ][info ][gc,phases   ] GC(514)   Merge Heap Roots: 11.7ms
[2025-10-15T06:22:09.869-0700][1246 ][info ][gc,phases   ] GC(514)   Evacuate Collection Set: 160.4ms
[2025-10-15T06:22:09.869-0700][1246 ][info ][gc,phases   ] GC(514)   Post Evacuate Collection Set: 8.4ms
[2025-10-15T06:22:09.869-0700][1246 ][info ][gc,phases   ] GC(514)   Other: 0.1ms
[2025-10-15T06:22:09.869-0700][1246 ][debug][gc,remset   ] GC(514) Coarsening (recent): Inline->AoC 12892 (1) AoC->Howl 65 (0) Howl->Full 0 (0) Inline->AoC 241 (1) AoC->BitMap 63 (1) BitMap->Full 0 (0) 
[2025-10-15T06:22:09.869-0700][1246 ][debug][gc,remset   ] GC(514) Coarsening (all): Inline->AoC 15876435 (489) AoC->Howl 346967 (1264) Howl->Full 0 (0) Inline->AoC 1381027 (403) AoC->BitMap 364943 (1010) BitMap->Full 12 (0) 
[2025-10-15T06:22:09.869-0700][1246 ][info ][gc,heap     ] GC(514) Eden regions: 1635->0(3323)
[2025-10-15T06:22:09.869-0700][1246 ][info ][gc,heap     ] GC(514) Survivor regions: 269->133(238)
[2025-10-15T06:22:09.869-0700][1246 ][info ][gc,heap     ] GC(514) Old regions: 790->946
[2025-10-15T06:22:09.869-0700][1246 ][info ][gc,heap     ] GC(514) Humongous regions: 5->0
[2025-10-15T06:22:09.869-0700][1246 ][info ][gc,metaspace] GC(514) Metaspace: 321005K(328832K)->321005K(328832K) NonClass: 283678K(288064K)->283678K(288064K) Class: 37327K(40768K)->37327K(40768K)
[2025-10-15T06:22:09.870-0700][1246 ][info ][gc          ] GC(514) Pause Young (Normal) (G1 Evacuation Pause) 86338M->34500M(184320M) 181.574ms
[2025-10-15T06:22:09.871-0700][1246 ][info ][gc,cpu      ] GC(514) User=18.02s Sys=0.09s Real=0.19s
[2025-10-15T06:22:09.872-0700][1246 ][info ][safepoint   ] Safepoint "G1CollectForAllocation", Time since last: 3073779590 ns, Reaching safepoint: 1055500 ns, Cleanup: 6981 ns, At safepoint: 185154726 ns, Total: 186217207 ns
[2025-10-15T06:22:11.873-0700][1246 ][info ][safepoint   ] Safepoint "Cleanup", Time since last: 2000143689 ns, Reaching safepoint: 785194 ns, Cleanup: 25238 ns, At safepoint: 148694 ns, Total: 959126 ns
[2025-10-15T06:22:12.874-0700][1246 ][info ][safepoint   ] Safepoint "Cleanup", Time since last: 1000107879 ns, Reaching safepoint: 930161 ns, Cleanup: 16716 ns, At safepoint: 271218 ns, Total: 1218095 ns
[2025-10-15T06:22:17.885-0700][1246 ][info ][safepoint   ] Safepoint "Cleanup", Time since last: 5000351861 ns, Reaching safepoint: 8312067 ns, Cleanup: 14321 ns, At safepoint: 1818641 ns, Total: 10145029 ns
[2025-10-15T06:22:18.887-0700][1246 ][info ][safepoint   ] Safepoint "Cleanup", Time since last: 1000106307 ns, Reaching safepoint: 947908 ns, Cleanup: 11778 ns, At safepoint: 1126628 ns, Total: 2086314 ns
[2025-10-15T06:22:19.844-0700][1246 ][info ][gc,start    ] GC(515) Pause Young (Normal) (G1 Evacuation Pause)
[2025-10-15T06:22:19.844-0700][1246 ][info ][gc,task     ] GC(515) Using 113 workers of 113 for evacuation
[2025-10-15T06:22:19.857-0700][1246 ][debug][gc,remset   ] GC(515) Visited cards 8261120 Total dirty 56426496 (14.64%) Total old 515833856 (1.60%)
[2025-10-15T06:22:20.007-0700][1246 ][info ][gc,phases   ] GC(515)   Pre Evacuate Collection Set: 0.7ms
[2025-10-15T06:22:20.007-0700][1246 ][info ][gc,phases   ] GC(515)   Merge Heap Roots: 12.1ms
[2025-10-15T06:22:20.007-0700][1246 ][info ][gc,phases   ] GC(515)   Evacuate Collection Set: 140.6ms
[2025-10-15T06:22:20.007-0700][1246 ][info ][gc,phases   ] GC(515)   Post Evacuate Collection Set: 9.5ms
[2025-10-15T06:22:20.007-0700][1246 ][info ][gc,phases   ] GC(515)   Other: 0.2ms
[2025-10-15T06:22:20.007-0700][1246 ][debug][gc,remset   ] GC(515) Coarsening (recent): Inline->AoC 2 (0) AoC->Howl 1 (0) Howl->Full 0 (0) Inline->AoC 2 (0) AoC->BitMap 1 (0) BitMap->Full 0 (0) 
[2025-10-15T06:22:20.007-0700][1246 ][debug][gc,remset   ] GC(515) Coarsening (all): Inline->AoC 15876437 (489) AoC->Howl 346968 (1264) Howl->Full 0 (0) Inline->AoC 1381029 (403) AoC->BitMap 364944 (1010) BitMap->Full 12 (0) 
[2025-10-15T06:22:20.007-0700][1246 ][info ][gc,heap     ] GC(515) Eden regions: 3323->0(3266)
[2025-10-15T06:22:20.007-0700][1246 ][info ][gc,heap     ] GC(515) Survivor regions: 133->190(432)
[2025-10-15T06:22:20.007-0700][1246 ][info ][gc,heap     ] GC(515) Old regions: 946->946
[2025-10-15T06:22:20.007-0700][1246 ][info ][gc,heap     ] GC(515) Humongous regions: 13->0
[2025-10-15T06:22:20.007-0700][1246 ][info ][gc,metaspace] GC(515) Metaspace: 321005K(328832K)->321005K(328832K) NonClass: 283678K(288064K)->283678K(288064K) Class: 37327K(40768K)->37327K(40768K)
[2025-10-15T06:22:20.007-0700][1246 ][info ][gc          ] GC(515) Pause Young (Normal) (G1 Evacuation Pause) 141252M->36316M(184320M) 163.333ms
[2025-10-15T06:22:20.009-0700][1246 ][info ][gc,cpu      ] GC(515) User=14.44s Sys=0.11s Real=0.17s
[2025-10-15T06:22:20.010-0700][1246 ][info ][safepoint   ] Safepoint "G1CollectForAllocation", Time since last: 954630149 ns, Reaching safepoint: 1066297 ns, Cleanup: 12599 ns, At safepoint: 167247047 ns, Total: 168325943 ns
[2025-10-15T06:22:21.033-0700][1246 ][info ][safepoint   ] Safepoint "Cleanup", Time since last: 1000095080 ns, Reaching safepoint: 20863954 ns, Cleanup: 14472 ns, At safepoint: 2270522 ns, Total: 23148948 ns
[2025-10-15T06:22:24.035-0700][1246 ][info ][safepoint   ] Safepoint "Cleanup", Time since last: 3000220550 ns, Reaching safepoint: 855389 ns, Cleanup: 25168 ns, At safepoint: 273632 ns, Total: 1154189 ns
[2025-10-15T06:22:30.279-0700][1246 ][info ][gc,start    ] GC(516) Pause Young (Normal) (G1 Evacuation Pause)
[2025-10-15T06:22:30.279-0700][1246 ][info ][gc,task     ] GC(516) Using 113 workers of 113 for evacuation
[2025-10-15T06:22:30.292-0700][1246 ][debug][gc,remset   ] GC(516) Visited cards 8048384 Total dirty 56754176 (14.18%) Total old 515899392 (1.56%)
[2025-10-15T06:22:30.440-0700][1246 ][info ][gc,phases   ] GC(516)   Pre Evacuate Collection Set: 0.7ms
[2025-10-15T06:22:30.440-0700][1246 ][info ][gc,phases   ] GC(516)   Merge Heap Roots: 12.1ms
[2025-10-15T06:22:30.440-0700][1246 ][info ][gc,phases   ] GC(516)   Evacuate Collection Set: 137.2ms
[2025-10-15T06:22:30.440-0700][1246 ][info ][gc,phases   ] GC(516)   Post Evacuate Collection Set: 10.7ms
[2025-10-15T06:22:30.440-0700][1246 ][info ][gc,phases   ] GC(516)   Other: 0.2ms
[2025-10-15T06:22:30.440-0700][1246 ][debug][gc,remset   ] GC(516) Coarsening (recent): Inline->AoC 0 (0) AoC->Howl 0 (0) Howl->Full 0 (0) Inline->AoC 0 (0) AoC->BitMap 0 (0) BitMap->Full 0 (0) 
[2025-10-15T06:22:30.440-0700][1246 ][debug][gc,remset   ] GC(516) Coarsening (all): Inline->AoC 15876437 (489) AoC->Howl 346968 (1264) Howl->Full 0 (0) Inline->AoC 1381029 (403) AoC->BitMap 364944 (1010) BitMap->Full 12 (0) 
[2025-10-15T06:22:30.440-0700][1246 ][info ][gc,heap     ] GC(516) Eden regions: 3266->0(3236)
[2025-10-15T06:22:30.440-0700][1246 ][info ][gc,heap     ] GC(516) Survivor regions: 190->220(432)
[2025-10-15T06:22:30.440-0700][1246 ][info ][gc,heap     ] GC(516) Old regions: 946->946
[2025-10-15T06:22:30.440-0700][1246 ][info ][gc,heap     ] GC(516) Humongous regions: 14->0
[2025-10-15T06:22:30.440-0700][1246 ][info ][gc,metaspace] GC(516) Metaspace: 321074K(328832K)->321074K(328832K) NonClass: 283739K(288064K)->283739K(288064K) Class: 37335K(40768K)->37335K(40768K)
[2025-10-15T06:22:30.440-0700][1246 ][info ][gc          ] GC(516) Pause Young (Normal) (G1 Evacuation Pause) 141276M->37284M(184320M) 161.060ms
[2025-10-15T06:22:30.441-0700][1246 ][info ][gc,cpu      ] GC(516) User=15.13s Sys=0.08s Real=0.16s
[2025-10-15T06:22:30.442-0700][1246 ][info ][safepoint   ] Safepoint "G1CollectForAllocation", Time since last: 6242079313 ns, Reaching safepoint: 913657 ns, Cleanup: 7021 ns, At safepoint: 164783895 ns, Total: 165704573 ns
[2025-10-15T06:22:31.444-0700][1246 ][info ][safepoint   ] Safepoint "Cleanup", Time since last: 1000085435 ns, Reaching safepoint: 883021 ns, Cleanup: 11727 ns, At safepoint: 441175 ns, Total: 1335923 ns
[2025-10-15T06:22:32.446-0700][1246 ][info ][safepoint   ] Safepoint "Cleanup", Time since last: 1000108660 ns, Reaching safepoint: 896762 ns, Cleanup: 15573 ns, At safepoint: 727036 ns, Total: 1639371 ns
[2025-10-15T06:22:34.447-0700][1246 ][info ][safepoint   ] Safepoint "Cleanup", Time since last: 2000167735 ns, Reaching safepoint: 917833 ns, Cleanup: 19559 ns, At safepoint: 371170 ns, Total: 1308562 ns
[2025-10-15T06:22:35.449-0700][1246 ][info ][safepoint   ] Safepoint "Cleanup", Time since last: 1000105284 ns, Reaching safepoint: 940868 ns, Cleanup: 13130 ns, At safepoint: 1081690 ns, Total: 2035688 ns
[2025-10-15T06:22:38.451-0700][1246 ][info ][safepoint   ] Safepoint "Cleanup", Time since last: 3000187761 ns, Reaching safepoint: 902461 ns, Cleanup: 15763 ns, At safepoint: 281975 ns, Total: 1200199 ns
[2025-10-15T06:22:40.930-0700][1246 ][info ][gc,start    ] GC(517) Pause Young (Normal) (G1 Evacuation Pause)
[2025-10-15T06:22:40.930-0700][1246 ][info ][gc,task     ] GC(517) Using 113 workers of 113 for evacuation
[2025-10-15T06:22:40.943-0700][1246 ][debug][gc,remset   ] GC(517) Visited cards 8056064 Total dirty 57016320 (14.13%) Total old 515637248 (1.56%)
[2025-10-15T06:22:41.109-0700][1246 ][info ][gc,phases   ] GC(517)   Pre Evacuate Collection Set: 0.7ms
[2025-10-15T06:22:41.109-0700][1246 ][info ][gc,phases   ] GC(517)   Merge Heap Roots: 12.4ms
[2025-10-15T06:22:41.109-0700][1246 ][info ][gc,phases   ] GC(517)   Evacuate Collection Set: 154.9ms
[2025-10-15T06:22:41.109-0700][1246 ][info ][gc,phases   ] GC(517)   Post Evacuate Collection Set: 11.2ms
[2025-10-15T06:22:41.109-0700][1246 ][info ][gc,phases   ] GC(517)   Other: 0.2ms
[2025-10-15T06:22:41.109-0700][1246 ][debug][gc,remset   ] GC(517) Coarsening (recent): Inline->AoC 0 (0) AoC->Howl 0 (0) Howl->Full 0 (0) Inline->AoC 0 (0) AoC->BitMap 0 (0) BitMap->Full 0 (0) 
[2025-10-15T06:22:41.109-0700][1246 ][debug][gc,remset   ] GC(517) Coarsening (all): Inline->AoC 15876437 (489) AoC->Howl 346968 (1264) Howl->Full 0 (0) Inline->AoC 1381029 (403) AoC->BitMap 364944 (1010) BitMap->Full 12 (0) 
[2025-10-15T06:22:41.109-0700][1246 ][info ][gc,heap     ] GC(517) Eden regions: 3236->0(2319)
[2025-10-15T06:22:41.109-0700][1246 ][info ][gc,heap     ] GC(517) Survivor regions: 220->258(432)
[2025-10-15T06:22:41.109-0700][1246 ][info ][gc,heap     ] GC(517) Old regions: 946->946
[2025-10-15T06:22:41.109-0700][1246 ][info ][gc,heap     ] GC(517) Humongous regions: 10->0
[2025-10-15T06:22:41.109-0700][1246 ][info ][gc,metaspace] GC(517) Metaspace: 321087K(328832K)->321087K(328832K) NonClass: 283750K(288064K)->283750K(288064K) Class: 37336K(40768K)->37336K(40768K)
[2025-10-15T06:22:41.109-0700][1246 ][info ][gc          ] GC(517) Pause Young (Normal) (G1 Evacuation Pause) 141156M->38500M(184320M) 179.564ms
[2025-10-15T06:22:41.111-0700][1246 ][info ][gc,cpu      ] GC(517) User=17.71s Sys=0.11s Real=0.18s
[2025-10-15T06:22:41.112-0700][1246 ][info ][safepoint   ] Safepoint "G1CollectForAllocation", Time since last: 2477234771 ns, Reaching safepoint: 882800 ns, Cleanup: 4768 ns, At safepoint: 183098827 ns, Total: 183986395 ns
[2025-10-15T06:22:49.026-0700][1246 ][info ][gc,start    ] GC(518) Pause Young (Normal) (G1 Evacuation Pause)
[2025-10-15T06:22:49.026-0700][1246 ][info ][gc,task     ] GC(518) Using 113 workers of 113 for evacuation
[2025-10-15T06:22:49.038-0700][1246 ][debug][gc,remset   ] GC(518) Visited cards 8042240 Total dirty 57016320 (14.11%) Total old 431685632 (1.86%)
[2025-10-15T06:22:49.210-0700][1246 ][info ][gc,phases   ] GC(518)   Pre Evacuate Collection Set: 0.7ms
[2025-10-15T06:22:49.210-0700][1246 ][info ][gc,phases   ] GC(518)   Merge Heap Roots: 11.8ms
[2025-10-15T06:22:49.210-0700][1246 ][info ][gc,phases   ] GC(518)   Evacuate Collection Set: 160.8ms
[2025-10-15T06:22:49.210-0700][1246 ][info ][gc,phases   ] GC(518)   Post Evacuate Collection Set: 10.9ms
[2025-10-15T06:22:49.210-0700][1246 ][info ][gc,phases   ] GC(518)   Other: 0.2ms
[2025-10-15T06:22:49.210-0700][1246 ][debug][gc,remset   ] GC(518) Coarsening (recent): Inline->AoC 0 (0) AoC->Howl 0 (0) Howl->Full 0 (0) Inline->AoC 0 (0) AoC->BitMap 0 (0) BitMap->Full 0 (0) 
[2025-10-15T06:22:49.210-0700][1246 ][debug][gc,remset   ] GC(518) Coarsening (all): Inline->AoC 15876437 (489) AoC->Howl 346968 (1264) Howl->Full 0 (0) Inline->AoC 1381029 (403) AoC->BitMap 364944 (1010) BitMap->Full 12 (0) 
[2025-10-15T06:22:49.210-0700][1246 ][info ][gc,heap     ] GC(518) Eden regions: 2558->0(3237)
[2025-10-15T06:22:49.210-0700][1246 ][info ][gc,heap     ] GC(518) Survivor regions: 258->219(352)
[2025-10-15T06:22:49.210-0700][1246 ][info ][gc,heap     ] GC(518) Old regions: 946->1011
[2025-10-15T06:22:49.210-0700][1246 ][info ][gc,heap     ] GC(518) Humongous regions: 9->0
[2025-10-15T06:22:49.210-0700][1246 ][info ][gc,metaspace] GC(518) Metaspace: 321126K(328832K)->321126K(328832K) NonClass: 283783K(288064K)->283783K(288064K) Class: 37342K(40768K)->37342K(40768K)
[2025-10-15T06:22:49.210-0700][1246 ][info ][gc          ] GC(518) Pause Young (Normal) (G1 Evacuation Pause) 120644M->39310M(184320M) 184.538ms
[2025-10-15T06:22:49.212-0700][1246 ][info ][gc,cpu      ] GC(518) User=18.81s Sys=0.20s Real=0.19s
[2025-10-15T06:22:49.213-0700][1246 ][info ][safepoint   ] Safepoint "G1CollectForAllocation", Time since last: 7911999794 ns, Reaching safepoint: 875459 ns, Cleanup: 8383 ns, At safepoint: 188049038 ns, Total: 188932880 ns
[2025-10-15T06:22:52.214-0700][1246 ][info ][safepoint   ] Safepoint "Cleanup", Time since last: 3000199569 ns, Reaching safepoint: 729759 ns, Cleanup: 12429 ns, At safepoint: 90947 ns, Total: 833135 ns
[2025-10-15T06:23:00.221-0700][1246 ][info ][safepoint   ] Safepoint "Cleanup", Time since last: 8000487894 ns, Reaching safepoint: 6160735 ns, Cleanup: 15473 ns, At safepoint: 636018 ns, Total: 6812226 ns
[2025-10-15T06:23:01.223-0700][1246 ][info ][safepoint   ] Safepoint "Cleanup", Time since last: 1000112316 ns, Reaching safepoint: 823541 ns, Cleanup: 16344 ns, At safepoint: 1369194 ns, Total: 2209079 ns
[2025-10-15T06:23:03.879-0700][1246 ][info ][safepoint   ] Safepoint "Cleanup", Time since last: 2653797708 ns, Reaching safepoint: 1076653 ns, Cleanup: 16565 ns, At safepoint: 930542 ns, Total: 2023760 ns
[2025-10-15T06:23:05.239-0700][1246 ][info ][gc,start    ] GC(519) Pause Young (Normal) (G1 Evacuation Pause)
[2025-10-15T06:23:05.239-0700][1246 ][info ][gc,task     ] GC(519) Using 113 workers of 113 for evacuation
[2025-10-15T06:23:05.253-0700][1246 ][debug][gc,remset   ] GC(519) Visited cards 8666880 Total dirty 60424192 (14.34%) Total old 520290304 (1.67%)
[2025-10-15T06:23:05.417-0700][1246 ][info ][gc,phases   ] GC(519)   Pre Evacuate Collection Set: 0.7ms
[2025-10-15T06:23:05.417-0700][1246 ][info ][gc,phases   ] GC(519)   Merge Heap Roots: 12.9ms
[2025-10-15T06:23:05.417-0700][1246 ][info ][gc,phases   ] GC(519)   Evacuate Collection Set: 151.4ms
[2025-10-15T06:23:05.417-0700][1246 ][info ][gc,phases   ] GC(519)   Post Evacuate Collection Set: 12.4ms
[2025-10-15T06:23:05.417-0700][1246 ][info ][gc,phases   ] GC(519)   Other: 0.2ms
[2025-10-15T06:23:05.417-0700][1246 ][debug][gc,remset   ] GC(519) Coarsening (recent): Inline->AoC 17405 (0) AoC->Howl 27 (1) Howl->Full 0 (0) Inline->AoC 93 (2) AoC->BitMap 18 (1) BitMap->Full 0 (0) 
[2025-10-15T06:23:05.417-0700][1246 ][debug][gc,remset   ] GC(519) Coarsening (all): Inline->AoC 15893842 (489) AoC->Howl 346995 (1265) Howl->Full 0 (0) Inline->AoC 1381122 (405) AoC->BitMap 364962 (1011) BitMap->Full 12 (0) 
[2025-10-15T06:23:05.417-0700][1246 ][info ][gc,heap     ] GC(519) Eden regions: 3237->0(3212)
[2025-10-15T06:23:05.417-0700][1246 ][info ][gc,heap     ] GC(519) Survivor regions: 219->244(432)
[2025-10-15T06:23:05.417-0700][1246 ][info ][gc,heap     ] GC(519) Old regions: 1011->1011
[2025-10-15T06:23:05.417-0700][1246 ][info ][gc,heap     ] GC(519) Humongous regions: 16->0
[2025-10-15T06:23:05.417-0700][1246 ][info ][gc,metaspace] GC(519) Metaspace: 321133K(328832K)->321133K(328832K) NonClass: 283790K(288064K)->283790K(288064K) Class: 37343K(40768K)->37343K(40768K)
[2025-10-15T06:23:05.417-0700][1246 ][info ][gc          ] GC(519) Pause Young (Normal) (G1 Evacuation Pause) 143406M->40109M(184320M) 177.807ms
[2025-10-15T06:23:05.418-0700][1246 ][info ][gc,cpu      ] GC(519) User=16.43s Sys=0.16s Real=0.17s
[2025-10-15T06:23:05.419-0700][1246 ][info ][safepoint   ] Safepoint "G1CollectForAllocation", Time since last: 1357786865 ns, Reaching safepoint: 947548 ns, Cleanup: 4427 ns, At safepoint: 181464494 ns, Total: 182416469 ns
[2025-10-15T06:23:06.420-0700][1246 ][info ][safepoint   ] Safepoint "Cleanup", Time since last: 1000085675 ns, Reaching safepoint: 777833 ns, Cleanup: 15062 ns, At safepoint: 123837 ns, Total: 916732 ns
[2025-10-15T06:23:12.422-0700][1246 ][info ][safepoint   ] Safepoint "Cleanup", Time since last: 6000401281 ns, Reaching safepoint: 854858 ns, Cleanup: 11558 ns, At safepoint: 138338 ns, Total: 1004754 ns
[2025-10-15T06:23:15.423-0700][1246 ][info ][safepoint   ] Safepoint "Cleanup", Time since last: 3000227041 ns, Reaching safepoint: 917022 ns, Cleanup: 13921 ns, At safepoint: 199410 ns, Total: 1130353 ns
[2025-10-15T06:23:16.424-0700][1246 ][info ][safepoint   ] Safepoint "Cleanup", Time since last: 1000082531 ns, Reaching safepoint: 849770 ns, Cleanup: 18568 ns, At safepoint: 213802 ns, Total: 1082140 ns
[2025-10-15T06:23:17.426-0700][1246 ][info ][safepoint   ] Safepoint "Cleanup", Time since last: 1000107128 ns, Reaching safepoint: 860036 ns, Cleanup: 13330 ns, At safepoint: 222826 ns, Total: 1096192 ns
[2025-10-15T06:23:18.233-0700][1246 ][info ][gc,start    ] GC(520) Pause Young (Normal) (G1 Evacuation Pause)
[2025-10-15T06:23:18.233-0700][1246 ][info ][gc,task     ] GC(520) Using 113 workers of 113 for evacuation
[2025-10-15T06:23:18.247-0700][1246 ][debug][gc,remset   ] GC(520) Visited cards 8875776 Total dirty 60555264 (14.66%) Total old 521076736 (1.70%)
[2025-10-15T06:23:18.479-0700][1246 ][info ][gc,mmu      ] GC(520) MMU target violated: 201.0ms (200.0ms/201.0ms)
[2025-10-15T06:23:18.479-0700][1246 ][info ][gc,phases   ] GC(520)   Pre Evacuate Collection Set: 0.7ms
[2025-10-15T06:23:18.479-0700][1246 ][info ][gc,phases   ] GC(520)   Merge Heap Roots: 12.7ms
[2025-10-15T06:23:18.479-0700][1246 ][info ][gc,phases   ] GC(520)   Evacuate Collection Set: 219.4ms
[2025-10-15T06:23:18.479-0700][1246 ][info ][gc,phases   ] GC(520)   Post Evacuate Collection Set: 12.9ms
[2025-10-15T06:23:18.479-0700][1246 ][info ][gc,phases   ] GC(520)   Other: 0.2ms
[2025-10-15T06:23:18.479-0700][1246 ][debug][gc,remset   ] GC(520) Coarsening (recent): Inline->AoC 12033 (0) AoC->Howl 25 (0) Howl->Full 0 (0) Inline->AoC 158 (0) AoC->BitMap 22 (0) BitMap->Full 0 (0) 
[2025-10-15T06:23:18.479-0700][1246 ][debug][gc,remset   ] GC(520) Coarsening (all): Inline->AoC 15905875 (489) AoC->Howl 347020 (1265) Howl->Full 0 (0) Inline->AoC 1381280 (405) AoC->BitMap 364984 (1011) BitMap->Full 12 (0) 
[2025-10-15T06:23:18.479-0700][1246 ][info ][gc,heap     ] GC(520) Eden regions: 3212->0(467)
[2025-10-15T06:23:18.479-0700][1246 ][info ][gc,heap     ] GC(520) Survivor regions: 244->294(432)
[2025-10-15T06:23:18.479-0700][1246 ][info ][gc,heap     ] GC(520) Old regions: 1011->1073
[2025-10-15T06:23:18.479-0700][1246 ][info ][gc,heap     ] GC(520) Humongous regions: 28->1
[2025-10-15T06:23:18.479-0700][1246 ][info ][gc,metaspace] GC(520) Metaspace: 321223K(328832K)->321223K(328832K) NonClass: 283867K(288064K)->283867K(288064K) Class: 37355K(40768K)->37355K(40768K)
[2025-10-15T06:23:18.479-0700][1246 ][info ][gc          ] GC(520) Pause Young (Normal) (G1 Evacuation Pause) 143789M->43753M(184320M) 246.076ms
[2025-10-15T06:23:18.480-0700][1246 ][info ][gc,cpu      ] GC(520) User=25.04s Sys=0.06s Real=0.25s
[2025-10-15T06:23:18.482-0700][1246 ][info ][safepoint   ] Safepoint "G1CollectForAllocation", Time since last: 805324591 ns, Reaching safepoint: 1005265 ns, Cleanup: 15304 ns, At safepoint: 249883969 ns, Total: 250904538 ns
[2025-10-15T06:23:19.278-0700][1246 ][info ][gc,start    ] GC(521) Pause Young (Normal) (G1 Evacuation Pause)
[2025-10-15T06:23:19.278-0700][1246 ][info ][gc,task     ] GC(521) Using 113 workers of 113 for evacuation
[2025-10-15T06:23:19.289-0700][1246 ][debug][gc,remset   ] GC(521) Visited cards 8551424 Total dirty 63111168 (13.55%) Total old 174915584 (4.89%)
[2025-10-15T06:23:19.476-0700][1246 ][info ][gc,phases   ] GC(521)   Pre Evacuate Collection Set: 0.8ms
[2025-10-15T06:23:19.477-0700][1246 ][info ][gc,phases   ] GC(521)   Merge Heap Roots: 10.4ms
[2025-10-15T06:23:19.477-0700][1246 ][info ][gc,phases   ] GC(521)   Evacuate Collection Set: 181.0ms
[2025-10-15T06:23:19.477-0700][1246 ][info ][gc,phases   ] GC(521)   Post Evacuate Collection Set: 6.6ms
[2025-10-15T06:23:19.477-0700][1246 ][info ][gc,phases   ] GC(521)   Other: 0.1ms
[2025-10-15T06:23:19.477-0700][1246 ][debug][gc,remset   ] GC(521) Coarsening (recent): Inline->AoC 4023 (5) AoC->Howl 29 (3) Howl->Full 0 (0) Inline->AoC 105 (1) AoC->BitMap 25 (3) BitMap->Full 0 (0) 
[2025-10-15T06:23:19.477-0700][1246 ][debug][gc,remset   ] GC(521) Coarsening (all): Inline->AoC 15909898 (494) AoC->Howl 347049 (1268) Howl->Full 0 (0) Inline->AoC 1381385 (406) AoC->BitMap 365009 (1014) BitMap->Full 12 (0) 
[2025-10-15T06:23:19.477-0700][1246 ][info ][gc,heap     ] GC(521) Eden regions: 503->0(3156)
[2025-10-15T06:23:19.477-0700][1246 ][info ][gc,heap     ] GC(521) Survivor regions: 294->70(100)
[2025-10-15T06:23:19.477-0700][1246 ][info ][gc,heap     ] GC(521) Old regions: 1073->1336
[2025-10-15T06:23:19.477-0700][1246 ][info ][gc,heap     ] GC(521) Humongous regions: 2->0
[2025-10-15T06:23:19.477-0700][1246 ][info ][gc,metaspace] GC(521) Metaspace: 321223K(328832K)->321223K(328832K) NonClass: 283867K(288064K)->283867K(288064K) Class: 37355K(40768K)->37355K(40768K)
[2025-10-15T06:23:19.477-0700][1246 ][info ][gc          ] GC(521) Pause Young (Normal) (G1 Evacuation Pause) 59881M->44974M(184320M) 199.022ms
[2025-10-15T06:23:19.478-0700][1246 ][info ][gc,cpu      ] GC(521) User=19.13s Sys=0.15s Real=0.20s
[2025-10-15T06:23:19.479-0700][1246 ][info ][safepoint   ] Safepoint "G1CollectForAllocation", Time since last: 792955199 ns, Reaching safepoint: 1652280 ns, Cleanup: 5038 ns, At safepoint: 203014693 ns, Total: 204672011 ns
[2025-10-15T06:23:21.685-0700][1246 ][info ][gc,start    ] GC(522) Pause Young (Concurrent Start) (G1 Humongous Allocation)
[2025-10-15T06:23:21.685-0700][1246 ][info ][gc,task     ] GC(522) Using 113 workers of 113 for evacuation
[2025-10-15T06:23:21.696-0700][1246 ][debug][gc,remset   ] GC(522) Visited cards 8537344 Total dirty 72613888 (11.76%) Total old 179830784 (4.75%)
[2025-10-15T06:23:21.736-0700][1246 ][info ][gc,phases   ] GC(522)   Pre Evacuate Collection Set: 0.9ms
[2025-10-15T06:23:21.736-0700][1246 ][info ][gc,phases   ] GC(522)   Merge Heap Roots: 10.4ms
[2025-10-15T06:23:21.736-0700][1246 ][info ][gc,phases   ] GC(522)   Evacuate Collection Set: 34.0ms
[2025-10-15T06:23:21.736-0700][1246 ][info ][gc,phases   ] GC(522)   Post Evacuate Collection Set: 5.4ms
[2025-10-15T06:23:21.736-0700][1246 ][info ][gc,phases   ] GC(522)   Other: 0.1ms
[2025-10-15T06:23:21.736-0700][1246 ][debug][gc,remset   ] GC(522) Coarsening (recent): Inline->AoC 24 (1) AoC->Howl 0 (0) Howl->Full 0 (0) Inline->AoC 0 (0) AoC->BitMap 0 (0) BitMap->Full 0 (0) 
[2025-10-15T06:23:21.736-0700][1246 ][debug][gc,remset   ] GC(522) Coarsening (all): Inline->AoC 15909922 (495) AoC->Howl 347049 (1268) Howl->Full 0 (0) Inline->AoC 1381385 (406) AoC->BitMap 365009 (1014) BitMap->Full 12 (0) 
[2025-10-15T06:23:21.736-0700][1246 ][info ][gc,heap     ] GC(522) Eden regions: 634->0(3411)
[2025-10-15T06:23:21.736-0700][1246 ][info ][gc,heap     ] GC(522) Survivor regions: 70->45(426)
[2025-10-15T06:23:21.736-0700][1246 ][info ][gc,heap     ] GC(522) Old regions: 1336->1336
[2025-10-15T06:23:21.736-0700][1246 ][info ][gc,heap     ] GC(522) Humongous regions: 0->0
[2025-10-15T06:23:21.736-0700][1246 ][info ][gc,metaspace] GC(522) Metaspace: 321223K(328832K)->321223K(328832K) NonClass: 283867K(288064K)->283867K(288064K) Class: 37355K(40768K)->37355K(40768K)
[2025-10-15T06:23:21.736-0700][1246 ][info ][gc          ] GC(522) Pause Young (Concurrent Start) (G1 Humongous Allocation) 65248M->44192M(184320M) 50.994ms
[2025-10-15T06:23:21.736-0700][1085 ][info ][gc          ] GC(523) Concurrent Mark Cycle
[2025-10-15T06:23:21.736-0700][1085 ][info ][gc,marking  ] GC(523) Concurrent Scan Root Regions
[2025-10-15T06:23:21.737-0700][1246 ][info ][gc,cpu      ] GC(522) User=4.64s Sys=0.08s Real=0.05s
[2025-10-15T06:23:21.738-0700][1246 ][info ][safepoint   ] Safepoint "G1TryInitiateConcMark", Time since last: 2203154806 ns, Reaching safepoint: 932755 ns, Cleanup: 4888 ns, At safepoint: 54945718 ns, Total: 55883361 ns
[2025-10-15T06:23:21.756-0700][1085 ][info ][gc,marking  ] GC(523) Concurrent Scan Root Regions 20.142ms
[2025-10-15T06:23:21.756-0700][1085 ][info ][gc,marking  ] GC(523) Concurrent Mark
[2025-10-15T06:23:21.756-0700][1085 ][info ][gc,marking  ] GC(523) Concurrent Mark From Roots
[2025-10-15T06:23:21.756-0700][1085 ][info ][gc,task     ] GC(523) Using 36 workers of 36 for marking
[2025-10-15T06:23:22.200-0700][1085 ][info ][gc,marking  ] GC(523) Concurrent Mark From Roots 443.503ms
[2025-10-15T06:23:22.200-0700][1085 ][info ][gc,marking  ] GC(523) Concurrent Preclean
[2025-10-15T06:23:22.221-0700][1085 ][info ][gc,marking  ] GC(523) Concurrent Preclean 21.240ms
[2025-10-15T06:23:22.223-0700][1246 ][info ][gc,start    ] GC(523) Pause Remark
[2025-10-15T06:23:22.384-0700][1246 ][info ][gc          ] GC(523) Pause Remark 49070M->47918M(184320M) 160.409ms
[2025-10-15T06:23:22.385-0700][1246 ][info ][gc,cpu      ] GC(523) User=14.00s Sys=0.18s Real=0.16s
[2025-10-15T06:23:22.390-0700][1246 ][info ][safepoint   ] Safepoint "G1PauseRemark", Time since last: 482573675 ns, Reaching safepoint: 916211 ns, Cleanup: 4577 ns, At safepoint: 167671587 ns, Total: 168592375 ns
[2025-10-15T06:23:22.390-0700][1085 ][info ][gc,marking  ] GC(523) Concurrent Mark 633.551ms
[2025-10-15T06:23:22.390-0700][1085 ][info ][gc,marking  ] GC(523) Concurrent Rebuild Remembered Sets and Scrub Regions
[2025-10-15T06:23:23.084-0700][1085 ][info ][gc,marking  ] GC(523) Concurrent Rebuild Remembered Sets and Scrub Regions 694.369ms
[2025-10-15T06:23:23.086-0700][1246 ][info ][gc,start    ] GC(523) Pause Cleanup
[2025-10-15T06:23:23.089-0700][1246 ][info ][gc          ] GC(523) Pause Cleanup 53235M->53235M(184320M) 2.254ms
[2025-10-15T06:23:23.090-0700][1246 ][info ][gc,cpu      ] GC(523) User=0.01s Sys=0.00s Real=0.01s
[2025-10-15T06:23:23.091-0700][1246 ][info ][safepoint   ] Safepoint "G1PauseCleanup", Time since last: 694608371 ns, Reaching safepoint: 898294 ns, Cleanup: 20992 ns, At safepoint: 5599769 ns, Total: 6519055 ns
[2025-10-15T06:23:23.091-0700][1085 ][info ][gc,marking  ] GC(523) Concurrent Clear Claimed Marks
[2025-10-15T06:23:23.092-0700][1085 ][info ][gc,marking  ] GC(523) Concurrent Clear Claimed Marks 1.071ms
[2025-10-15T06:23:23.092-0700][1085 ][info ][gc,marking  ] GC(523) Concurrent Cleanup for Next Mark
[2025-10-15T06:23:23.125-0700][1085 ][info ][gc,marking  ] GC(523) Concurrent Cleanup for Next Mark 32.547ms
[2025-10-15T06:23:23.125-0700][1085 ][info ][gc          ] GC(523) Concurrent Mark Cycle 1389.136ms
[2025-10-15T06:23:30.092-0700][1246 ][info ][safepoint   ] Safepoint "Cleanup", Time since last: 7000453246 ns, Reaching safepoint: 900547 ns, Cleanup: 14692 ns, At safepoint: 307123 ns, Total: 1222362 ns
[2025-10-15T06:23:35.105-0700][1246 ][info ][gc,start    ] GC(524) Pause Young (Prepare Mixed) (G1 Evacuation Pause)
[2025-10-15T06:23:35.105-0700][1246 ][info ][gc,task     ] GC(524) Using 113 workers of 113 for evacuation
[2025-10-15T06:23:35.123-0700][1246 ][debug][gc,remset   ] GC(524) Visited cards 11787264 Total dirty 80347136 (14.67%) Total old 539033600 (2.19%)
[2025-10-15T06:23:35.229-0700][1246 ][info ][gc,phases   ] GC(524)   Pre Evacuate Collection Set: 0.7ms
[2025-10-15T06:23:35.229-0700][1246 ][info ][gc,phases   ] GC(524)   Merge Heap Roots: 16.6ms
[2025-10-15T06:23:35.229-0700][1246 ][info ][gc,phases   ] GC(524)   Evacuate Collection Set: 95.5ms
[2025-10-15T06:23:35.229-0700][1246 ][info ][gc,phases   ] GC(524)   Post Evacuate Collection Set: 10.8ms
[2025-10-15T06:23:35.229-0700][1246 ][info ][gc,phases   ] GC(524)   Other: 0.2ms
[2025-10-15T06:23:35.229-0700][1246 ][debug][gc,remset   ] GC(524) Coarsening (recent): Inline->AoC 171364 (0) AoC->Howl 11771 (0) Howl->Full 0 (0) Inline->AoC 47542 (0) AoC->BitMap 15010 (0) BitMap->Full 5 (0) 
[2025-10-15T06:23:35.229-0700][1246 ][debug][gc,remset   ] GC(524) Coarsening (all): Inline->AoC 16081286 (495) AoC->Howl 358820 (1268) Howl->Full 0 (0) Inline->AoC 1428927 (406) AoC->BitMap 380019 (1014) BitMap->Full 17 (0) 
[2025-10-15T06:23:35.229-0700][1246 ][info ][gc,heap     ] GC(524) Eden regions: 3411->0(3344)
[2025-10-15T06:23:35.229-0700][1246 ][info ][gc,heap     ] GC(524) Survivor regions: 45->112(432)
[2025-10-15T06:23:35.229-0700][1246 ][info ][gc,heap     ] GC(524) Old regions: 1300->1300
[2025-10-15T06:23:35.229-0700][1246 ][info ][gc,heap     ] GC(524) Humongous regions: 13->0
[2025-10-15T06:23:35.229-0700][1246 ][info ][gc,metaspace] GC(524) Metaspace: 321042K(328832K)->321042K(328832K) NonClass: 283715K(288064K)->283715K(288064K) Class: 37327K(40768K)->37327K(40768K)
[2025-10-15T06:23:35.229-0700][1246 ][info ][gc          ] GC(524) Pause Young (Prepare Mixed) (G1 Evacuation Pause) 152608M->45178M(184320M) 123.920ms
[2025-10-15T06:23:35.230-0700][1246 ][info ][gc,cpu      ] GC(524) User=11.00s Sys=0.02s Real=0.13s
[2025-10-15T06:23:35.231-0700][1246 ][info ][safepoint   ] Safepoint "G1CollectForAllocation", Time since last: 5010495858 ns, Reaching safepoint: 988600 ns, Cleanup: 4757 ns, At safepoint: 127540156 ns, Total: 128533513 ns
[2025-10-15T06:23:47.188-0700][1246 ][info ][gc,start    ] GC(525) Pause Young (Mixed) (G1 Evacuation Pause)
[2025-10-15T06:23:47.188-0700][1246 ][info ][gc,task     ] GC(525) Using 113 workers of 113 for evacuation
[2025-10-15T06:23:47.203-0700][1246 ][debug][gc,remset   ] GC(525) Visited cards 15183616 Total dirty 63373312 (23.96%) Total old 559415296 (2.71%)
[2025-10-15T06:23:47.317-0700][1246 ][debug][gc,remset   ] GC(525) Visited cards 1550080 Total dirty 45154304 (3.43%) Total old 571801600 (0.27%)
[2025-10-15T06:23:47.339-0700][1246 ][info ][gc,phases   ] GC(525)   Pre Evacuate Collection Set: 0.8ms
[2025-10-15T06:23:47.339-0700][1246 ][info ][gc,phases   ] GC(525)   Merge Heap Roots: 14.5ms
[2025-10-15T06:23:47.339-0700][1246 ][info ][gc,phases   ] GC(525)   Evacuate Collection Set: 112.9ms
[2025-10-15T06:23:47.339-0700][1246 ][info ][gc,phases   ] GC(525)   Merge Optional Heap Roots: 1.4ms
[2025-10-15T06:23:47.339-0700][1246 ][info ][gc,phases   ] GC(525)   Evacuate Optional Collection Set: 6.1ms
[2025-10-15T06:23:47.339-0700][1246 ][info ][gc,phases   ] GC(525)   Post Evacuate Collection Set: 15.4ms
[2025-10-15T06:23:47.339-0700][1246 ][info ][gc,phases   ] GC(525)   Other: 0.2ms
[2025-10-15T06:23:47.339-0700][1246 ][debug][gc,remset   ] GC(525) Coarsening (recent): Inline->AoC 47001 (0) AoC->Howl 59 (0) Howl->Full 0 (0) Inline->AoC 337 (0) AoC->BitMap 5 (0) BitMap->Full 0 (0) 
[2025-10-15T06:23:47.339-0700][1246 ][debug][gc,remset   ] GC(525) Coarsening (all): Inline->AoC 16128287 (495) AoC->Howl 358879 (1268) Howl->Full 0 (0) Inline->AoC 1429264 (406) AoC->BitMap 380024 (1014) BitMap->Full 17 (0) 
[2025-10-15T06:23:47.339-0700][1246 ][info ][gc,heap     ] GC(525) Eden regions: 3344->0(3048)
[2025-10-15T06:23:47.339-0700][1246 ][info ][gc,heap     ] GC(525) Survivor regions: 112->155(432)
[2025-10-15T06:23:47.339-0700][1246 ][info ][gc,heap     ] GC(525) Old regions: 1300->971
[2025-10-15T06:23:47.339-0700][1246 ][info ][gc,heap     ] GC(525) Humongous regions: 15->0
[2025-10-15T06:23:47.339-0700][1246 ][info ][gc,metaspace] GC(525) Metaspace: 321044K(328832K)->321044K(328832K) NonClass: 283717K(288064K)->283717K(288064K) Class: 37327K(40768K)->37327K(40768K)
[2025-10-15T06:23:47.339-0700][1246 ][info ][gc          ] GC(525) Pause Young (Mixed) (G1 Evacuation Pause) 152666M->35997M(184320M) 151.317ms
[2025-10-15T06:23:47.340-0700][1246 ][info ][gc,cpu      ] GC(525) User=13.82s Sys=0.51s Real=0.16s
[2025-10-15T06:23:47.341-0700][1246 ][info ][safepoint   ] Safepoint "G1CollectForAllocation", Time since last: 11953884982 ns, Reaching safepoint: 1098285 ns, Cleanup: 12359 ns, At safepoint: 155009184 ns, Total: 156119828 ns
[2025-10-15T06:23:48.343-0700][1246 ][info ][safepoint   ] Safepoint "Cleanup", Time since last: 1000083512 ns, Reaching safepoint: 996982 ns, Cleanup: 18398 ns, At safepoint: 466373 ns, Total: 1481753 ns
[2025-10-15T06:23:55.345-0700][1246 ][info ][safepoint   ] Safepoint "Cleanup", Time since last: 7000480566 ns, Reaching safepoint: 964023 ns, Cleanup: 21883 ns, At safepoint: 354945 ns, Total: 1340851 ns
[2025-10-15T06:23:56.346-0700][1246 ][info ][safepoint   ] Safepoint "Cleanup", Time since last: 1000097703 ns, Reaching safepoint: 1018585 ns, Cleanup: 41423 ns, At safepoint: 512983 ns, Total: 1572991 ns
[2025-10-15T06:23:57.584-0700][1246 ][info ][gc,start    ] GC(526) Pause Young (Mixed) (G1 Evacuation Pause)
[2025-10-15T06:23:57.584-0700][1246 ][info ][gc,task     ] GC(526) Using 113 workers of 113 for evacuation
[2025-10-15T06:23:57.598-0700][1246 ][debug][gc,remset   ] GC(526) Visited cards 15809792 Total dirty 58851328 (26.86%) Total old 502005760 (3.15%)
[2025-10-15T06:23:57.762-0700][1246 ][info ][gc,phases   ] GC(526)   Pre Evacuate Collection Set: 0.8ms
[2025-10-15T06:23:57.762-0700][1246 ][info ][gc,phases   ] GC(526)   Merge Heap Roots: 13.4ms
[2025-10-15T06:23:57.762-0700][1246 ][info ][gc,phases   ] GC(526)   Evacuate Collection Set: 148.9ms
[2025-10-15T06:23:57.762-0700][1246 ][info ][gc,phases   ] GC(526)   Post Evacuate Collection Set: 15.4ms
[2025-10-15T06:23:57.762-0700][1246 ][info ][gc,phases   ] GC(526)   Other: 0.2ms
[2025-10-15T06:23:57.762-0700][1246 ][debug][gc,remset   ] GC(526) Coarsening (recent): Inline->AoC 55917 (0) AoC->Howl 232 (0) Howl->Full 0 (0) Inline->AoC 1144 (0) AoC->BitMap 77 (0) BitMap->Full 0 (0) 
[2025-10-15T06:23:57.762-0700][1246 ][debug][gc,remset   ] GC(526) Coarsening (all): Inline->AoC 16184204 (495) AoC->Howl 359111 (1268) Howl->Full 0 (0) Inline->AoC 1430408 (406) AoC->BitMap 380101 (1014) BitMap->Full 17 (0) 
[2025-10-15T06:23:57.762-0700][1246 ][info ][gc,heap     ] GC(526) Eden regions: 3145->0(1809)
[2025-10-15T06:23:57.762-0700][1246 ][info ][gc,heap     ] GC(526) Survivor regions: 155->218(413)
[2025-10-15T06:23:57.762-0700][1246 ][info ][gc,heap     ] GC(526) Old regions: 971->910
[2025-10-15T06:23:57.762-0700][1246 ][info ][gc,heap     ] GC(526) Humongous regions: 20->0
[2025-10-15T06:23:57.762-0700][1246 ][info ][gc,metaspace] GC(526) Metaspace: 321051K(328832K)->321051K(328832K) NonClass: 283722K(288064K)->283722K(288064K) Class: 37329K(40768K)->37329K(40768K)
[2025-10-15T06:23:57.763-0700][1246 ][info ][gc          ] GC(526) Pause Young (Mixed) (G1 Evacuation Pause) 137277M->36072M(184320M) 178.828ms
[2025-10-15T06:23:57.764-0700][1246 ][info ][gc,cpu      ] GC(526) User=16.74s Sys=0.41s Real=0.18s
[2025-10-15T06:23:57.765-0700][1246 ][info ][safepoint   ] Safepoint "G1CollectForAllocation", Time since last: 1215992818 ns, Reaching safepoint: 20031309 ns, Cleanup: 10576 ns, At safepoint: 182489960 ns, Total: 202531845 ns
[2025-10-15T06:23:58.766-0700][1246 ][info ][safepoint   ] Safepoint "Cleanup", Time since last: 1000080197 ns, Reaching safepoint: 929981 ns, Cleanup: 11558 ns, At safepoint: 186741 ns, Total: 1128280 ns
[2025-10-15T06:23:59.767-0700][1246 ][info ][safepoint   ] Safepoint "Cleanup", Time since last: 1000123502 ns, Reaching safepoint: 853517 ns, Cleanup: 13330 ns, At safepoint: 152079 ns, Total: 1018926 ns
[2025-10-15T06:24:00.769-0700][1246 ][info ][safepoint   ] Safepoint "Cleanup", Time since last: 1000097543 ns, Reaching safepoint: 925745 ns, Cleanup: 12008 ns, At safepoint: 377549 ns, Total: 1315302 ns
[2025-10-15T06:24:03.906-0700][1246 ][info ][safepoint   ] Safepoint "Cleanup", Time since last: 3136234687 ns, Reaching safepoint: 798774 ns, Cleanup: 13691 ns, At safepoint: 158659 ns, Total: 971124 ns
[2025-10-15T06:24:04.907-0700][1246 ][info ][safepoint   ] Safepoint "Cleanup", Time since last: 1000093447 ns, Reaching safepoint: 919205 ns, Cleanup: 10966 ns, At safepoint: 385111 ns, Total: 1315282 ns
[2025-10-15T06:24:05.931-0700][1246 ][info ][safepoint   ] Safepoint "Cleanup", Time since last: 1000119566 ns, Reaching safepoint: 20722130 ns, Cleanup: 16035 ns, At safepoint: 2531805 ns, Total: 23269970 ns
[2025-10-15T06:24:05.995-0700][1246 ][info ][gc,start    ] GC(527) Pause Young (Mixed) (G1 Evacuation Pause)
[2025-10-15T06:24:05.995-0700][1246 ][info ][gc,task     ] GC(527) Using 113 workers of 113 for evacuation
[2025-10-15T06:24:06.008-0700][1246 ][debug][gc,remset   ] GC(527) Visited cards 16482816 Total dirty 54984704 (29.98%) Total old 369491968 (4.46%)
[2025-10-15T06:24:06.184-0700][1246 ][info ][gc,phases   ] GC(527)   Pre Evacuate Collection Set: 0.7ms
[2025-10-15T06:24:06.184-0700][1246 ][info ][gc,phases   ] GC(527)   Merge Heap Roots: 12.5ms
[2025-10-15T06:24:06.184-0700][1246 ][info ][gc,phases   ] GC(527)   Evacuate Collection Set: 162.7ms
[2025-10-15T06:24:06.184-0700][1246 ][info ][gc,phases   ] GC(527)   Post Evacuate Collection Set: 12.8ms
[2025-10-15T06:24:06.184-0700][1246 ][info ][gc,phases   ] GC(527)   Other: 0.2ms
[2025-10-15T06:24:06.184-0700][1246 ][debug][gc,remset   ] GC(527) Coarsening (recent): Inline->AoC 34952 (0) AoC->Howl 230 (0) Howl->Full 0 (0) Inline->AoC 1162 (0) AoC->BitMap 79 (0) BitMap->Full 0 (0) 
[2025-10-15T06:24:06.184-0700][1246 ][debug][gc,remset   ] GC(527) Coarsening (all): Inline->AoC 16219156 (495) AoC->Howl 359341 (1268) Howl->Full 0 (0) Inline->AoC 1431570 (406) AoC->BitMap 380180 (1014) BitMap->Full 17 (0) 
[2025-10-15T06:24:06.184-0700][1246 ][info ][gc,heap     ] GC(527) Eden regions: 2103->0(1960)
[2025-10-15T06:24:06.184-0700][1246 ][info ][gc,heap     ] GC(527) Survivor regions: 218->196(291)
[2025-10-15T06:24:06.184-0700][1246 ][info ][gc,heap     ] GC(527) Old regions: 910->913
[2025-10-15T06:24:06.184-0700][1246 ][info ][gc,heap     ] GC(527) Humongous regions: 17->0
[2025-10-15T06:24:06.184-0700][1246 ][info ][gc,metaspace] GC(527) Metaspace: 321072K(328832K)->321072K(328832K) NonClass: 283740K(288064K)->283740K(288064K) Class: 37331K(40768K)->37331K(40768K)
[2025-10-15T06:24:06.184-0700][1246 ][info ][gc          ] GC(527) Pause Young (Mixed) (G1 Evacuation Pause) 103912M->35459M(184320M) 189.107ms
[2025-10-15T06:24:06.185-0700][1246 ][info ][gc,cpu      ] GC(527) User=18.32s Sys=0.11s Real=0.19s
[2025-10-15T06:24:06.186-0700][1246 ][info ][safepoint   ] Safepoint "G1CollectForAllocation", Time since last: 61579957 ns, Reaching safepoint: 1102792 ns, Cleanup: 12098 ns, At safepoint: 192764285 ns, Total: 193879175 ns
[2025-10-15T06:24:09.188-0700][1246 ][info ][safepoint   ] Safepoint "Cleanup", Time since last: 3000217425 ns, Reaching safepoint: 905084 ns, Cleanup: 22615 ns, At safepoint: 232440 ns, Total: 1160139 ns
[2025-10-15T06:24:10.189-0700][1246 ][info ][safepoint   ] Safepoint "Cleanup", Time since last: 1000098224 ns, Reaching safepoint: 965795 ns, Cleanup: 11998 ns, At safepoint: 392792 ns, Total: 1370585 ns
[2025-10-15T06:24:13.169-0700][1246 ][info ][gc,start    ] GC(528) Pause Young (Mixed) (G1 Evacuation Pause)
[2025-10-15T06:24:13.169-0700][1246 ][info ][gc,task     ] GC(528) Using 113 workers of 113 for evacuation
[2025-10-15T06:24:13.183-0700][1246 ][debug][gc,remset   ] GC(528) Visited cards 16237056 Total dirty 54329344 (29.89%) Total old 386793472 (4.20%)
[2025-10-15T06:24:13.353-0700][1246 ][info ][gc,phases   ] GC(528)   Pre Evacuate Collection Set: 0.7ms
[2025-10-15T06:24:13.353-0700][1246 ][info ][gc,phases   ] GC(528)   Merge Heap Roots: 13.1ms
[2025-10-15T06:24:13.353-0700][1246 ][info ][gc,phases   ] GC(528)   Evacuate Collection Set: 156.9ms
[2025-10-15T06:24:13.353-0700][1246 ][info ][gc,phases   ] GC(528)   Post Evacuate Collection Set: 13.7ms
[2025-10-15T06:24:13.353-0700][1246 ][info ][gc,phases   ] GC(528)   Other: 0.2ms
[2025-10-15T06:24:13.353-0700][1246 ][debug][gc,remset   ] GC(528) Coarsening (recent): Inline->AoC 35418 (0) AoC->Howl 294 (0) Howl->Full 0 (0) Inline->AoC 1172 (0) AoC->BitMap 174 (0) BitMap->Full 0 (0) 
[2025-10-15T06:24:13.353-0700][1246 ][debug][gc,remset   ] GC(528) Coarsening (all): Inline->AoC 16254574 (495) AoC->Howl 359635 (1268) Howl->Full 0 (0) Inline->AoC 1432742 (406) AoC->BitMap 380354 (1014) BitMap->Full 17 (0) 
[2025-10-15T06:24:13.353-0700][1246 ][info ][gc,heap     ] GC(528) Eden regions: 2256->0(2895)
[2025-10-15T06:24:13.353-0700][1246 ][info ][gc,heap     ] GC(528) Survivor regions: 196->188(307)
[2025-10-15T06:24:13.353-0700][1246 ][info ][gc,heap     ] GC(528) Old regions: 913->912
[2025-10-15T06:24:13.353-0700][1246 ][info ][gc,heap     ] GC(528) Humongous regions: 16->0
[2025-10-15T06:24:13.353-0700][1246 ][info ][gc,metaspace] GC(528) Metaspace: 321135K(328832K)->321135K(328832K) NonClass: 283796K(288064K)->283796K(288064K) Class: 37338K(40768K)->37338K(40768K)
[2025-10-15T06:24:13.353-0700][1246 ][info ][gc          ] GC(528) Pause Young (Mixed) (G1 Evacuation Pause) 108163M->35177M(184320M) 184.688ms
[2025-10-15T06:24:13.355-0700][1246 ][info ][gc,cpu      ] GC(528) User=17.96s Sys=0.21s Real=0.18s
[2025-10-15T06:24:13.356-0700][1246 ][info ][safepoint   ] Safepoint "G1CollectForAllocation", Time since last: 2977550555 ns, Reaching safepoint: 836571 ns, Cleanup: 6370 ns, At safepoint: 188307697 ns, Total: 189150638 ns
[2025-10-15T06:24:17.358-0700][1246 ][info ][safepoint   ] Safepoint "Cleanup", Time since last: 4000267257 ns, Reaching safepoint: 958985 ns, Cleanup: 13020 ns, At safepoint: 557931 ns, Total: 1529936 ns
[2025-10-15T06:24:19.359-0700][1246 ][info ][safepoint   ] Safepoint "Cleanup", Time since last: 2000179833 ns, Reaching safepoint: 957934 ns, Cleanup: 18738 ns, At safepoint: 264248 ns, Total: 1240920 ns
[2025-10-15T06:24:20.361-0700][1246 ][info ][safepoint   ] Safepoint "Cleanup", Time since last: 1000141119 ns, Reaching safepoint: 1004133 ns, Cleanup: 10035 ns, At safepoint: 358421 ns, Total: 1372589 ns
[2025-10-15T06:24:21.362-0700][1246 ][info ][safepoint   ] Safepoint "Cleanup", Time since last: 1000115307 ns, Reaching safepoint: 981389 ns, Cleanup: 13961 ns, At safepoint: 684572 ns, Total: 1679922 ns
[2025-10-15T06:24:22.364-0700][1246 ][info ][safepoint   ] Safepoint "Cleanup", Time since last: 1000112942 ns, Reaching safepoint: 891974 ns, Cleanup: 18538 ns, At safepoint: 331259 ns, Total: 1241771 ns
[2025-10-15T06:24:23.210-0700][1246 ][info ][gc,start    ] GC(529) Pause Young (Mixed) (G1 Evacuation Pause)
[2025-10-15T06:24:23.210-0700][1246 ][info ][gc,task     ] GC(529) Using 113 workers of 113 for evacuation
[2025-10-15T06:24:23.223-0700][1246 ][debug][gc,remset   ] GC(529) Visited cards 10579200 Total dirty 57016320 (18.55%) Total old 508362752 (2.08%)
[2025-10-15T06:24:23.382-0700][1246 ][info ][gc,phases   ] GC(529)   Pre Evacuate Collection Set: 0.7ms
[2025-10-15T06:24:23.383-0700][1246 ][info ][gc,phases   ] GC(529)   Merge Heap Roots: 12.2ms
[2025-10-15T06:24:23.383-0700][1246 ][info ][gc,phases   ] GC(529)   Evacuate Collection Set: 145.6ms
[2025-10-15T06:24:23.383-0700][1246 ][info ][gc,phases   ] GC(529)   Post Evacuate Collection Set: 13.4ms
[2025-10-15T06:24:23.383-0700][1246 ][info ][gc,phases   ] GC(529)   Other: 0.2ms
[2025-10-15T06:24:23.383-0700][1246 ][debug][gc,remset   ] GC(529) Coarsening (recent): Inline->AoC 34699 (0) AoC->Howl 164 (0) Howl->Full 0 (0) Inline->AoC 573 (0) AoC->BitMap 116 (0) BitMap->Full 0 (0) 
[2025-10-15T06:24:23.383-0700][1246 ][debug][gc,remset   ] GC(529) Coarsening (all): Inline->AoC 16289273 (495) AoC->Howl 359799 (1268) Howl->Full 0 (0) Inline->AoC 1433315 (406) AoC->BitMap 380470 (1014) BitMap->Full 17 (0) 
[2025-10-15T06:24:23.383-0700][1246 ][info ][gc,heap     ] GC(529) Eden regions: 3227->0(2184)
[2025-10-15T06:24:23.383-0700][1246 ][info ][gc,heap     ] GC(529) Survivor regions: 188->227(427)
[2025-10-15T06:24:23.383-0700][1246 ][info ][gc,heap     ] GC(529) Old regions: 912->920
[2025-10-15T06:24:23.383-0700][1246 ][info ][gc,heap     ] GC(529) Humongous regions: 13->0
[2025-10-15T06:24:23.383-0700][1246 ][info ][gc,metaspace] GC(529) Metaspace: 321145K(328832K)->321145K(328832K) NonClass: 283803K(288064K)->283803K(288064K) Class: 37341K(40768K)->37341K(40768K)
[2025-10-15T06:24:23.383-0700][1246 ][info ][gc          ] GC(529) Pause Young (Mixed) (G1 Evacuation Pause) 138857M->36701M(184320M) 172.272ms
[2025-10-15T06:24:23.384-0700][1246 ][info ][gc,cpu      ] GC(529) User=16.12s Sys=0.33s Real=0.17s
[2025-10-15T06:24:23.385-0700][1246 ][info ][safepoint   ] Safepoint "G1CollectForAllocation", Time since last: 844031495 ns, Reaching safepoint: 1442824 ns, Cleanup: 5338 ns, At safepoint: 175983021 ns, Total: 177431183 ns
[2025-10-15T06:24:24.437-0700][1246 ][info ][gc,start    ] GC(530) Pause Young (Concurrent Start) (G1 Humongous Allocation)
[2025-10-15T06:24:24.437-0700][1246 ][info ][gc,task     ] GC(530) Using 113 workers of 113 for evacuation
[2025-10-15T06:24:24.449-0700][1246 ][debug][gc,remset   ] GC(530) Visited cards 9943808 Total dirty 57147392 (17.40%) Total old 153223168 (6.49%)
[2025-10-15T06:24:24.585-0700][1246 ][info ][gc,phases   ] GC(530)   Pre Evacuate Collection Set: 1.0ms
[2025-10-15T06:24:24.585-0700][1246 ][info ][gc,phases   ] GC(530)   Merge Heap Roots: 10.2ms
[2025-10-15T06:24:24.585-0700][1246 ][info ][gc,phases   ] GC(530)   Evacuate Collection Set: 126.5ms
[2025-10-15T06:24:24.585-0700][1246 ][info ][gc,phases   ] GC(530)   Post Evacuate Collection Set: 9.8ms
[2025-10-15T06:24:24.585-0700][1246 ][info ][gc,phases   ] GC(530)   Other: 0.2ms
[2025-10-15T06:24:24.585-0700][1246 ][debug][gc,remset   ] GC(530) Coarsening (recent): Inline->AoC 0 (0) AoC->Howl 0 (0) Howl->Full 0 (0) Inline->AoC 0 (0) AoC->BitMap 0 (0) BitMap->Full 0 (0) 
[2025-10-15T06:24:24.585-0700][1246 ][debug][gc,remset   ] GC(530) Coarsening (all): Inline->AoC 16289273 (495) AoC->Howl 359799 (1268) Howl->Full 0 (0) Inline->AoC 1433315 (406) AoC->BitMap 380470 (1014) BitMap->Full 17 (0) 
[2025-10-15T06:24:24.585-0700][1246 ][info ][gc,heap     ] GC(530) Eden regions: 482->0(3290)
[2025-10-15T06:24:24.585-0700][1246 ][info ][gc,heap     ] GC(530) Survivor regions: 227->166(341)
[2025-10-15T06:24:24.585-0700][1246 ][info ][gc,heap     ] GC(530) Old regions: 920->986
[2025-10-15T06:24:24.585-0700][1246 ][info ][gc,heap     ] GC(530) Humongous regions: 0->0
[2025-10-15T06:24:24.585-0700][1246 ][info ][gc,metaspace] GC(530) Metaspace: 321145K(328832K)->321145K(328832K) NonClass: 283803K(288064K)->283803K(288064K) Class: 37341K(40768K)->37341K(40768K)
[2025-10-15T06:24:24.585-0700][1246 ][info ][gc          ] GC(530) Pause Young (Concurrent Start) (G1 Humongous Allocation) 52101M->36829M(184320M) 147.870ms
[2025-10-15T06:24:24.585-0700][1085 ][info ][gc          ] GC(531) Concurrent Mark Cycle
[2025-10-15T06:24:24.585-0700][1085 ][info ][gc,marking  ] GC(531) Concurrent Scan Root Regions
[2025-10-15T06:24:24.587-0700][1246 ][info ][gc,cpu      ] GC(530) User=13.75s Sys=0.00s Real=0.15s
[2025-10-15T06:24:24.588-0700][1246 ][info ][safepoint   ] Safepoint "G1TryInitiateConcMark", Time since last: 1049776680 ns, Reaching safepoint: 841428 ns, Cleanup: 4687 ns, At safepoint: 152717217 ns, Total: 153563332 ns
[2025-10-15T06:24:24.678-0700][1085 ][info ][gc,marking  ] GC(531) Concurrent Scan Root Regions 92.684ms
[2025-10-15T06:24:24.678-0700][1085 ][info ][gc,marking  ] GC(531) Concurrent Mark
[2025-10-15T06:24:24.678-0700][1085 ][info ][gc,marking  ] GC(531) Concurrent Mark From Roots
[2025-10-15T06:24:24.678-0700][1085 ][info ][gc,task     ] GC(531) Using 36 workers of 36 for marking
[2025-10-15T06:24:24.932-0700][1085 ][info ][gc,marking  ] GC(531) Concurrent Mark From Roots 253.962ms
[2025-10-15T06:24:24.932-0700][1085 ][info ][gc,marking  ] GC(531) Concurrent Preclean
[2025-10-15T06:24:24.943-0700][1085 ][info ][gc,marking  ] GC(531) Concurrent Preclean 11.234ms
[2025-10-15T06:24:24.946-0700][1246 ][info ][gc,start    ] GC(531) Pause Remark
[2025-10-15T06:24:25.104-0700][1246 ][info ][gc          ] GC(531) Pause Remark 41286M->40934M(184320M) 157.860ms
[2025-10-15T06:24:25.105-0700][1246 ][info ][gc,cpu      ] GC(531) User=14.54s Sys=0.07s Real=0.16s
[2025-10-15T06:24:25.108-0700][1246 ][info ][safepoint   ] Safepoint "G1PauseRemark", Time since last: 354979924 ns, Reaching safepoint: 1017413 ns, Cleanup: 4467 ns, At safepoint: 163877246 ns, Total: 164899126 ns
[2025-10-15T06:24:25.108-0700][1085 ][info ][gc,marking  ] GC(531) Concurrent Mark 430.307ms
[2025-10-15T06:24:25.108-0700][1085 ][info ][gc,marking  ] GC(531) Concurrent Rebuild Remembered Sets and Scrub Regions
[2025-10-15T06:24:25.532-0700][1085 ][info ][gc,marking  ] GC(531) Concurrent Rebuild Remembered Sets and Scrub Regions 423.144ms
[2025-10-15T06:24:25.534-0700][1246 ][info ][gc,start    ] GC(531) Pause Cleanup
[2025-10-15T06:24:25.536-0700][1246 ][info ][gc          ] GC(531) Pause Cleanup 46194M->46194M(184320M) 2.195ms
[2025-10-15T06:24:25.537-0700][1246 ][info ][gc,cpu      ] GC(531) User=0.02s Sys=0.00s Real=0.00s
[2025-10-15T06:24:25.538-0700][1246 ][info ][safepoint   ] Safepoint "G1PauseCleanup", Time since last: 423344095 ns, Reaching safepoint: 974969 ns, Cleanup: 16094 ns, At safepoint: 4882949 ns, Total: 5874012 ns
[2025-10-15T06:24:25.538-0700][1085 ][info ][gc,marking  ] GC(531) Concurrent Clear Claimed Marks
[2025-10-15T06:24:25.539-0700][1085 ][info ][gc,marking  ] GC(531) Concurrent Clear Claimed Marks 1.036ms
[2025-10-15T06:24:25.539-0700][1085 ][info ][gc,marking  ] GC(531) Concurrent Cleanup for Next Mark
[2025-10-15T06:24:25.571-0700][1085 ][info ][gc,marking  ] GC(531) Concurrent Cleanup for Next Mark 31.939ms
[2025-10-15T06:24:25.571-0700][1085 ][info ][gc          ] GC(531) Concurrent Mark Cycle 985.208ms
[2025-10-15T06:24:30.539-0700][1246 ][info ][safepoint   ] Safepoint "Cleanup", Time since last: 5000329676 ns, Reaching safepoint: 809901 ns, Cleanup: 17737 ns, At safepoint: 190978 ns, Total: 1018616 ns
[2025-10-15T06:24:34.343-0700][1246 ][info ][gc,start    ] GC(532) Pause Young (Prepare Mixed) (G1 Evacuation Pause)
[2025-10-15T06:24:34.343-0700][1246 ][info ][gc,task     ] GC(532) Using 113 workers of 113 for evacuation
[2025-10-15T06:24:34.359-0700][1246 ][debug][gc,remset   ] GC(532) Visited cards 9031424 Total dirty 56164352 (16.08%) Total old 489553920 (1.84%)
[2025-10-15T06:24:34.512-0700][1246 ][info ][gc,phases   ] GC(532)   Pre Evacuate Collection Set: 0.9ms
[2025-10-15T06:24:34.512-0700][1246 ][info ][gc,phases   ] GC(532)   Merge Heap Roots: 15.2ms
[2025-10-15T06:24:34.512-0700][1246 ][info ][gc,phases   ] GC(532)   Evacuate Collection Set: 137.8ms
[2025-10-15T06:24:34.512-0700][1246 ][info ][gc,phases   ] GC(532)   Post Evacuate Collection Set: 15.0ms
[2025-10-15T06:24:34.512-0700][1246 ][info ][gc,phases   ] GC(532)   Other: 0.2ms
[2025-10-15T06:24:34.512-0700][1246 ][debug][gc,remset   ] GC(532) Coarsening (recent): Inline->AoC 163911 (0) AoC->Howl 10116 (1) Howl->Full 0 (0) Inline->AoC 41804 (1) AoC->BitMap 11654 (0) BitMap->Full 4 (0) 
[2025-10-15T06:24:34.512-0700][1246 ][debug][gc,remset   ] GC(532) Coarsening (all): Inline->AoC 16453184 (495) AoC->Howl 369915 (1269) Howl->Full 0 (0) Inline->AoC 1475119 (407) AoC->BitMap 392124 (1014) BitMap->Full 21 (0) 
[2025-10-15T06:24:34.512-0700][1246 ][info ][gc,heap     ] GC(532) Eden regions: 3073->0(2496)
[2025-10-15T06:24:34.512-0700][1246 ][info ][gc,heap     ] GC(532) Survivor regions: 166->207(405)
[2025-10-15T06:24:34.512-0700][1246 ][info ][gc,heap     ] GC(532) Old regions: 975->975
[2025-10-15T06:24:34.512-0700][1246 ][info ][gc,heap     ] GC(532) Humongous regions: 17->0
[2025-10-15T06:24:34.512-0700][1246 ][info ][gc,metaspace] GC(532) Metaspace: 321065K(328832K)->321065K(328832K) NonClass: 283733K(288064K)->283733K(288064K) Class: 37332K(40768K)->37332K(40768K)
[2025-10-15T06:24:34.512-0700][1246 ][info ][gc          ] GC(532) Pause Young (Prepare Mixed) (G1 Evacuation Pause) 135357M->37771M(184320M) 169.291ms
[2025-10-15T06:24:34.513-0700][1246 ][info ][gc,cpu      ] GC(532) User=15.11s Sys=0.10s Real=0.17s
[2025-10-15T06:24:34.514-0700][1246 ][info ][safepoint   ] Safepoint "G1CollectForAllocation", Time since last: 3801299599 ns, Reaching safepoint: 1154190 ns, Cleanup: 6750 ns, At safepoint: 173014236 ns, Total: 174175176 ns
[2025-10-15T06:24:35.516-0700][1246 ][info ][safepoint   ] Safepoint "Cleanup", Time since last: 1000085171 ns, Reaching safepoint: 1023692 ns, Cleanup: 11658 ns, At safepoint: 377038 ns, Total: 1412388 ns
[2025-10-15T06:24:38.517-0700][1246 ][info ][safepoint   ] Safepoint "Cleanup", Time since last: 3000227685 ns, Reaching safepoint: 916271 ns, Cleanup: 15183 ns, At safepoint: 285000 ns, Total: 1216454 ns
[2025-10-15T06:24:39.519-0700][1246 ][info ][safepoint   ] Safepoint "Cleanup", Time since last: 1000105761 ns, Reaching safepoint: 889140 ns, Cleanup: 12479 ns, At safepoint: 368395 ns, Total: 1270014 ns
[2025-10-15T06:24:41.520-0700][1246 ][info ][safepoint   ] Safepoint "Cleanup", Time since last: 2000165653 ns, Reaching safepoint: 1026156 ns, Cleanup: 12118 ns, At safepoint: 457159 ns, Total: 1495433 ns
[2025-10-15T06:24:45.522-0700][1246 ][info ][safepoint   ] Safepoint "Cleanup", Time since last: 4000279198 ns, Reaching safepoint: 823401 ns, Cleanup: 23406 ns, At safepoint: 180291 ns, Total: 1027098 ns
[2025-10-15T06:24:45.537-0700][1246 ][info ][gc,start    ] GC(533) Pause Young (Mixed) (G1 Evacuation Pause)
[2025-10-15T06:24:45.537-0700][1246 ][info ][gc,task     ] GC(533) Using 113 workers of 113 for evacuation
[2025-10-15T06:24:45.552-0700][1246 ][debug][gc,remset   ] GC(533) Visited cards 8984576 Total dirty 57081856 (15.74%) Total old 482476032 (1.86%)
[2025-10-15T06:24:45.716-0700][1246 ][info ][gc,phases   ] GC(533)   Pre Evacuate Collection Set: 0.7ms
[2025-10-15T06:24:45.716-0700][1246 ][info ][gc,phases   ] GC(533)   Merge Heap Roots: 14.3ms
[2025-10-15T06:24:45.716-0700][1246 ][info ][gc,phases   ] GC(533)   Evacuate Collection Set: 148.4ms
[2025-10-15T06:24:45.716-0700][1246 ][info ][gc,phases   ] GC(533)   Post Evacuate Collection Set: 15.6ms
[2025-10-15T06:24:45.716-0700][1246 ][info ][gc,phases   ] GC(533)   Other: 0.2ms
[2025-10-15T06:24:45.716-0700][1246 ][debug][gc,remset   ] GC(533) Coarsening (recent): Inline->AoC 24051 (0) AoC->Howl 166 (0) Howl->Full 0 (0) Inline->AoC 853 (0) AoC->BitMap 81 (0) BitMap->Full 0 (0) 
[2025-10-15T06:24:45.716-0700][1246 ][debug][gc,remset   ] GC(533) Coarsening (all): Inline->AoC 16477235 (495) AoC->Howl 370081 (1269) Howl->Full 0 (0) Inline->AoC 1475972 (407) AoC->BitMap 392205 (1014) BitMap->Full 21 (0) 
[2025-10-15T06:24:45.716-0700][1246 ][info ][gc,heap     ] GC(533) Eden regions: 2955->0(1810)
[2025-10-15T06:24:45.716-0700][1246 ][info ][gc,heap     ] GC(533) Survivor regions: 207->241(396)
[2025-10-15T06:24:45.716-0700][1246 ][info ][gc,heap     ] GC(533) Old regions: 975->936
[2025-10-15T06:24:45.716-0700][1246 ][info ][gc,heap     ] GC(533) Humongous regions: 22->1
[2025-10-15T06:24:45.716-0700][1246 ][info ][gc,metaspace] GC(533) Metaspace: 321103K(328832K)->321103K(328832K) NonClass: 283769K(288064K)->283769K(288064K) Class: 37334K(40768K)->37334K(40768K)
[2025-10-15T06:24:45.716-0700][1246 ][info ][gc          ] GC(533) Pause Young (Mixed) (G1 Evacuation Pause) 133035M->37660M(184320M) 179.464ms
[2025-10-15T06:24:45.717-0700][1246 ][info ][gc,cpu      ] GC(533) User=17.01s Sys=0.22s Real=0.18s
[2025-10-15T06:24:45.719-0700][1246 ][info ][safepoint   ] Safepoint "G1CollectForAllocation", Time since last: 12805049 ns, Reaching safepoint: 978755 ns, Cleanup: 4366 ns, At safepoint: 183148680 ns, Total: 184131801 ns
[2025-10-15T06:24:46.720-0700][1246 ][info ][safepoint   ] Safepoint "Cleanup", Time since last: 1000089657 ns, Reaching safepoint: 885905 ns, Cleanup: 14042 ns, At safepoint: 153962 ns, Total: 1053909 ns
[2025-10-15T06:24:52.462-0700][1246 ][info ][gc,start    ] GC(534) Pause Young (Mixed) (G1 Evacuation Pause)
[2025-10-15T06:24:52.462-0700][1246 ][info ][gc,task     ] GC(534) Using 113 workers of 113 for evacuation
[2025-10-15T06:24:52.477-0700][1246 ][debug][gc,remset   ] GC(534) Visited cards 9069312 Total dirty 55771136 (16.26%) Total old 375980032 (2.41%)
[2025-10-15T06:24:52.654-0700][1246 ][info ][gc,phases   ] GC(534)   Pre Evacuate Collection Set: 0.7ms
[2025-10-15T06:24:52.654-0700][1246 ][info ][gc,phases   ] GC(534)   Merge Heap Roots: 13.7ms
[2025-10-15T06:24:52.654-0700][1246 ][info ][gc,phases   ] GC(534)   Evacuate Collection Set: 161.5ms
[2025-10-15T06:24:52.654-0700][1246 ][info ][gc,phases   ] GC(534)   Post Evacuate Collection Set: 16.0ms
[2025-10-15T06:24:52.654-0700][1246 ][info ][gc,phases   ] GC(534)   Other: 0.2ms
[2025-10-15T06:24:52.654-0700][1246 ][debug][gc,remset   ] GC(534) Coarsening (recent): Inline->AoC 38570 (0) AoC->Howl 135 (0) Howl->Full 0 (0) Inline->AoC 618 (0) AoC->BitMap 83 (0) BitMap->Full 0 (0) 
[2025-10-15T06:24:52.654-0700][1246 ][debug][gc,remset   ] GC(534) Coarsening (all): Inline->AoC 16515805 (495) AoC->Howl 370216 (1269) Howl->Full 0 (0) Inline->AoC 1476590 (407) AoC->BitMap 392288 (1014) BitMap->Full 21 (0) 
[2025-10-15T06:24:52.654-0700][1246 ][info ][gc,heap     ] GC(534) Eden regions: 2134->0(3074)
[2025-10-15T06:24:52.654-0700][1246 ][info ][gc,heap     ] GC(534) Survivor regions: 241->189(297)
[2025-10-15T06:24:52.654-0700][1246 ][info ][gc,heap     ] GC(534) Old regions: 936->989
[2025-10-15T06:24:52.654-0700][1246 ][info ][gc,heap     ] GC(534) Humongous regions: 10->0
[2025-10-15T06:24:52.654-0700][1246 ][info ][gc,metaspace] GC(534) Metaspace: 321105K(328832K)->321105K(328832K) NonClass: 283771K(288064K)->283771K(288064K) Class: 37334K(40768K)->37334K(40768K)
[2025-10-15T06:24:52.655-0700][1246 ][info ][gc          ] GC(534) Pause Young (Mixed) (G1 Evacuation Pause) 106236M->37648M(184320M) 192.282ms
[2025-10-15T06:24:52.656-0700][1246 ][info ][gc,cpu      ] GC(534) User=19.32s Sys=0.27s Real=0.19s
[2025-10-15T06:24:52.657-0700][1246 ][info ][safepoint   ] Safepoint "G1CollectForAllocation", Time since last: 5740377017 ns, Reaching safepoint: 906577 ns, Cleanup: 6590 ns, At safepoint: 195810352 ns, Total: 196723519 ns
[2025-10-15T06:24:56.658-0700][1246 ][info ][safepoint   ] Safepoint "Cleanup", Time since last: 4000276854 ns, Reaching safepoint: 937944 ns, Cleanup: 12289 ns, At safepoint: 208193 ns, Total: 1158426 ns
[2025-10-15T06:24:59.660-0700][1246 ][info ][safepoint   ] Safepoint "Cleanup", Time since last: 3000224114 ns, Reaching safepoint: 934688 ns, Cleanup: 11047 ns, At safepoint: 209656 ns, Total: 1155391 ns
[2025-10-15T06:25:02.661-0700][1246 ][info ][safepoint   ] Safepoint "Cleanup", Time since last: 3000222100 ns, Reaching safepoint: 889311 ns, Cleanup: 12919 ns, At safepoint: 377589 ns, Total: 1279819 ns
[2025-10-15T06:25:03.934-0700][1246 ][info ][safepoint   ] Safepoint "Cleanup", Time since last: 1270658626 ns, Reaching safepoint: 984544 ns, Cleanup: 25318 ns, At safepoint: 883612 ns, Total: 1893474 ns
[2025-10-15T06:25:04.316-0700][1246 ][info ][gc,start    ] GC(535) Pause Young (Mixed) (G1 Evacuation Pause)
