[2025-10-13T17:29:50.624-0700][1087][info][gc,init] CardTable entry size: 512
[2025-10-13T17:29:50.624-0700][1087][debug][gc,remset] Card Set container configuration: InlinePtr #cards 3 size 8 Array Of Cards #cards 256 size 528 Howl #buckets 8 coarsen threshold 58982 Howl Bitmap #cards 8192 size 1040 coarsen threshold 7372 Card regions per heap region 1 cards per card region 65536
[2025-10-13T17:29:50.625-0700][1087][info ][gc       ] Using G1
[2025-10-13T17:29:55.157-0700][1087][info ][gc,init  ] Version: 21.0.2-internal-adhoc.leochashnikov.labs-openjdk-21 (release)
[2025-10-13T17:29:55.158-0700][1087][info ][gc,init  ] CPUs: 176 total, 176 available
[2025-10-13T17:29:55.158-0700][1087][info ][gc,init  ] Memory: 251G
[2025-10-13T17:29:55.158-0700][1087][info ][gc,init  ] Large Page Support: Disabled
[2025-10-13T17:29:55.158-0700][1087][info ][gc,init  ] NUMA Support: Disabled
[2025-10-13T17:29:55.158-0700][1087][info ][gc,init  ] Compressed Oops: Disabled
[2025-10-13T17:29:55.158-0700][1087][info ][gc,init  ] Heap Region Size: 32M
[2025-10-13T17:29:55.158-0700][1087][info ][gc,init  ] Heap Min Capacity: 180G
[2025-10-13T17:29:55.158-0700][1087][info ][gc,init  ] Heap Initial Capacity: 180G
[2025-10-13T17:29:55.158-0700][1087][info ][gc,init  ] Heap Max Capacity: 180G
[2025-10-13T17:29:55.158-0700][1087][info ][gc,init  ] Pre-touch: Enabled
[2025-10-13T17:29:55.158-0700][1087][info ][gc,init  ] Parallel Workers: 113
[2025-10-13T17:29:55.158-0700][1087][info ][gc,init  ] Concurrent Workers: 36
[2025-10-13T17:29:55.158-0700][1087][info ][gc,init  ] Concurrent Refinement Workers: 113
[2025-10-13T17:29:55.158-0700][1087][info ][gc,init  ] Periodic GC: Disabled
[2025-10-13T17:29:55.158-0700][1087][info ][gc,metaspace] CDS archive(s) not mapped
[2025-10-13T17:29:55.158-0700][1087][info ][gc,metaspace] Compressed class space mapped at: 0x0000000080000000-0x00000000c0000000, reserved size: 1073741824
[2025-10-13T17:29:55.158-0700][1087][info ][gc,metaspace] Narrow klass base: 0x0000000000000000, Narrow klass shift: 0, Narrow klass range: 0xc0000000
[2025-10-13T17:29:55.444-0700][1207][info ][safepoint   ] Safepoint "ICBufferFull", Time since last: 267341183 ns, Reaching safepoint: 69004 ns, Cleanup: 155314 ns, At safepoint: 6029 ns, Total: 230347 ns
[2025-10-13T17:29:55.496-0700][1207][info ][gc,start    ] GC(0) Pause Young (Concurrent Start) (Metadata GC Threshold)
[2025-10-13T17:29:55.496-0700][1207][info ][gc,task     ] GC(0) Using 113 workers of 113 for evacuation
[2025-10-13T17:29:55.498-0700][1207][debug][gc,remset   ] GC(0) Visited cards 0 Total dirty 0 (0.00%) Total old 655360 (0.00%)
[2025-10-13T17:29:55.505-0700][1207][info ][gc,phases   ] GC(0)   Pre Evacuate Collection Set: 0.7ms
[2025-10-13T17:29:55.505-0700][1207][info ][gc,phases   ] GC(0)   Merge Heap Roots: 1.1ms
[2025-10-13T17:29:55.505-0700][1207][info ][gc,phases   ] GC(0)   Evacuate Collection Set: 5.2ms
[2025-10-13T17:29:55.505-0700][1207][info ][gc,phases   ] GC(0)   Post Evacuate Collection Set: 1.8ms
[2025-10-13T17:29:55.505-0700][1207][info ][gc,phases   ] GC(0)   Other: 0.1ms
[2025-10-13T17:29:55.505-0700][1207][debug][gc,remset   ] GC(0) Coarsening (recent): Inline->AoC 0 (0) AoC->Howl 0 (0) Howl->Full 0 (0) Inline->AoC 0 (0) AoC->BitMap 0 (0) BitMap->Full 0 (0) 
[2025-10-13T17:29:55.505-0700][1207][debug][gc,remset   ] GC(0) Coarsening (all): Inline->AoC 0 (0) AoC->Howl 0 (0) Howl->Full 0 (0) Inline->AoC 0 (0) AoC->BitMap 0 (0) BitMap->Full 0 (0) 
[2025-10-13T17:29:55.505-0700][1207][info ][gc,heap     ] GC(0) Eden regions: 5->0(287)
[2025-10-13T17:29:55.505-0700][1207][info ][gc,heap     ] GC(0) Survivor regions: 0->1(36)
[2025-10-13T17:29:55.505-0700][1207][info ][gc,heap     ] GC(0) Old regions: 0->0
[2025-10-13T17:29:55.505-0700][1207][info ][gc,heap     ] GC(0) Humongous regions: 0->0
[2025-10-13T17:29:55.505-0700][1207][info ][gc,metaspace] GC(0) Metaspace: 21330K(21504K)->21330K(21504K) NonClass: 19059K(19136K)->19059K(19136K) Class: 2271K(2368K)->2271K(2368K)
[2025-10-13T17:29:55.505-0700][1207][info ][gc          ] GC(0) Pause Young (Concurrent Start) (Metadata GC Threshold) 160M->15M(184320M) 9.154ms
[2025-10-13T17:29:55.505-0700][1090][info ][gc          ] GC(1) Concurrent Mark Cycle
[2025-10-13T17:29:55.505-0700][1207][info ][gc,cpu      ] GC(0) User=0.11s Sys=0.32s Real=0.01s
[2025-10-13T17:29:55.506-0700][1090][info ][gc,marking  ] GC(1) Concurrent Scan Root Regions
[2025-10-13T17:29:55.506-0700][1207][info ][safepoint   ] Safepoint "CollectForMetadataAllocation", Time since last: 52221800 ns, Reaching safepoint: 71518 ns, Cleanup: 71277 ns, At safepoint: 9317483 ns, Total: 9460278 ns
[2025-10-13T17:29:55.508-0700][1090][info ][gc,marking  ] GC(1) Concurrent Scan Root Regions 2.282ms
[2025-10-13T17:29:55.508-0700][1090][info ][gc,marking  ] GC(1) Concurrent Mark
[2025-10-13T17:29:55.508-0700][1090][info ][gc,marking  ] GC(1) Concurrent Mark From Roots
[2025-10-13T17:29:55.510-0700][1090][info ][gc,task     ] GC(1) Using 36 workers of 36 for marking
[2025-10-13T17:29:55.514-0700][1207][info ][safepoint   ] Safepoint "CollectForMetadataAllocation", Time since last: 7775786 ns, Reaching safepoint: 134213 ns, Cleanup: 16084 ns, At safepoint: 58619 ns, Total: 208916 ns
[2025-10-13T17:29:55.514-0700][1090][info ][gc,marking  ] GC(1) Concurrent Mark From Roots 6.008ms
[2025-10-13T17:29:55.514-0700][1090][info ][gc,marking  ] GC(1) Concurrent Preclean
[2025-10-13T17:29:55.514-0700][1090][info ][gc,marking  ] GC(1) Concurrent Preclean 0.011ms
[2025-10-13T17:29:55.514-0700][1207][info ][gc,start    ] GC(1) Pause Remark
[2025-10-13T17:29:55.516-0700][1207][info ][gc          ] GC(1) Pause Remark 79M->79M(184320M) 1.996ms
[2025-10-13T17:29:55.516-0700][1207][info ][gc,cpu      ] GC(1) User=0.02s Sys=0.05s Real=0.00s
[2025-10-13T17:29:55.516-0700][1207][info ][safepoint   ] Safepoint "G1PauseRemark", Time since last: 333623 ns, Reaching safepoint: 65179 ns, Cleanup: 530 ns, At safepoint: 2033860 ns, Total: 2099569 ns
[2025-10-13T17:29:55.516-0700][1090][info ][gc,marking  ] GC(1) Concurrent Mark 8.170ms
[2025-10-13T17:29:55.516-0700][1090][info ][gc,marking  ] GC(1) Concurrent Rebuild Remembered Sets and Scrub Regions
[2025-10-13T17:29:55.516-0700][1090][info ][gc,marking  ] GC(1) Concurrent Rebuild Remembered Sets and Scrub Regions 0.090ms
[2025-10-13T17:29:55.516-0700][1207][info ][gc,start    ] GC(1) Pause Cleanup
[2025-10-13T17:29:55.516-0700][1207][info ][gc          ] GC(1) Pause Cleanup 79M->79M(184320M) 0.009ms
[2025-10-13T17:29:55.516-0700][1207][info ][gc,cpu      ] GC(1) User=0.00s Sys=0.00s Real=0.00s
[2025-10-13T17:29:55.516-0700][1207][info ][safepoint   ] Safepoint "G1PauseCleanup", Time since last: 121844 ns, Reaching safepoint: 65749 ns, Cleanup: 1012 ns, At safepoint: 25679 ns, Total: 92440 ns
[2025-10-13T17:29:55.516-0700][1090][info ][gc,marking  ] GC(1) Concurrent Clear Claimed Marks
[2025-10-13T17:29:55.516-0700][1090][info ][gc,marking  ] GC(1) Concurrent Clear Claimed Marks 0.017ms
[2025-10-13T17:29:55.516-0700][1090][info ][gc,marking  ] GC(1) Concurrent Cleanup for Next Mark
[2025-10-13T17:29:55.541-0700][1090][info ][gc,marking  ] GC(1) Concurrent Cleanup for Next Mark 24.784ms
[2025-10-13T17:29:55.541-0700][1090][info ][gc          ] GC(1) Concurrent Mark Cycle 35.564ms
[2025-10-13T17:29:55.689-0700][1207][info ][safepoint   ] Safepoint "ICBufferFull", Time since last: 172401368 ns, Reaching safepoint: 69615 ns, Cleanup: 159040 ns, At safepoint: 4938 ns, Total: 233593 ns
[2025-10-13T17:29:55.784-0700][1207][info ][gc,start    ] GC(2) Pause Young (Concurrent Start) (Metadata GC Threshold)
[2025-10-13T17:29:55.784-0700][1207][info ][gc,task     ] GC(2) Using 113 workers of 113 for evacuation
[2025-10-13T17:29:55.786-0700][1207][debug][gc,remset   ] GC(2) Visited cards 0 Total dirty 0 (0.00%) Total old 655360 (0.00%)
[2025-10-13T17:29:55.794-0700][1207][info ][gc,phases   ] GC(2)   Pre Evacuate Collection Set: 0.7ms
[2025-10-13T17:29:55.794-0700][1207][info ][gc,phases   ] GC(2)   Merge Heap Roots: 0.8ms
[2025-10-13T17:29:55.794-0700][1207][info ][gc,phases   ] GC(2)   Evacuate Collection Set: 7.0ms
[2025-10-13T17:29:55.794-0700][1207][info ][gc,phases   ] GC(2)   Post Evacuate Collection Set: 1.7ms
[2025-10-13T17:29:55.794-0700][1207][info ][gc,phases   ] GC(2)   Other: 0.1ms
[2025-10-13T17:29:55.794-0700][1207][debug][gc,remset   ] GC(2) Coarsening (recent): Inline->AoC 0 (0) AoC->Howl 0 (0) Howl->Full 0 (0) Inline->AoC 0 (0) AoC->BitMap 0 (0) BitMap->Full 0 (0) 
[2025-10-13T17:29:55.794-0700][1207][debug][gc,remset   ] GC(2) Coarsening (all): Inline->AoC 0 (0) AoC->Howl 0 (0) Howl->Full 0 (0) Inline->AoC 0 (0) AoC->BitMap 0 (0) BitMap->Full 0 (0) 
[2025-10-13T17:29:55.794-0700][1207][info ][gc,heap     ] GC(2) Eden regions: 4->0(287)
[2025-10-13T17:29:55.794-0700][1207][info ][gc,heap     ] GC(2) Survivor regions: 1->1(36)
[2025-10-13T17:29:55.794-0700][1207][info ][gc,heap     ] GC(2) Old regions: 0->0
[2025-10-13T17:29:55.794-0700][1207][info ][gc,heap     ] GC(2) Humongous regions: 0->0
[2025-10-13T17:29:55.794-0700][1207][info ][gc,metaspace] GC(2) Metaspace: 36231K(36480K)->36231K(36480K) NonClass: 32197K(32320K)->32197K(32320K) Class: 4034K(4160K)->4034K(4160K)
[2025-10-13T17:29:55.794-0700][1207][info ][gc          ] GC(2) Pause Young (Concurrent Start) (Metadata GC Threshold) 127M->23M(184320M) 10.396ms
[2025-10-13T17:29:55.794-0700][1090][info ][gc          ] GC(3) Concurrent Mark Cycle
[2025-10-13T17:29:55.794-0700][1207][info ][gc,cpu      ] GC(2) User=0.26s Sys=0.35s Real=0.01s
[2025-10-13T17:29:55.794-0700][1090][info ][gc,marking  ] GC(3) Concurrent Scan Root Regions
[2025-10-13T17:29:55.795-0700][1207][info ][safepoint   ] Safepoint "CollectForMetadataAllocation", Time since last: 95013325 ns, Reaching safepoint: 67842 ns, Cleanup: 72309 ns, At safepoint: 10553689 ns, Total: 10693840 ns
[2025-10-13T17:29:55.799-0700][1090][info ][gc,marking  ] GC(3) Concurrent Scan Root Regions 4.874ms
[2025-10-13T17:29:55.799-0700][1090][info ][gc,marking  ] GC(3) Concurrent Mark
[2025-10-13T17:29:55.799-0700][1090][info ][gc,marking  ] GC(3) Concurrent Mark From Roots
[2025-10-13T17:29:55.799-0700][1090][info ][gc,task     ] GC(3) Using 36 workers of 36 for marking
[2025-10-13T17:29:55.803-0700][1090][info ][gc,marking  ] GC(3) Concurrent Mark From Roots 3.746ms
[2025-10-13T17:29:55.803-0700][1090][info ][gc,marking  ] GC(3) Concurrent Preclean
[2025-10-13T17:29:55.803-0700][1090][info ][gc,marking  ] GC(3) Concurrent Preclean 0.008ms
[2025-10-13T17:29:55.803-0700][1207][info ][gc,start    ] GC(3) Pause Remark
[2025-10-13T17:29:55.805-0700][1207][info ][gc          ] GC(3) Pause Remark 55M->55M(184320M) 2.079ms
[2025-10-13T17:29:55.805-0700][1207][info ][gc,cpu      ] GC(3) User=0.10s Sys=0.00s Real=0.00s
[2025-10-13T17:29:55.805-0700][1207][info ][safepoint   ] Safepoint "G1PauseRemark", Time since last: 8636876 ns, Reaching safepoint: 68063 ns, Cleanup: 18989 ns, At safepoint: 2129594 ns, Total: 2216646 ns
[2025-10-13T17:29:55.805-0700][1090][info ][gc,marking  ] GC(3) Concurrent Mark 6.014ms
[2025-10-13T17:29:55.805-0700][1090][info ][gc,marking  ] GC(3) Concurrent Rebuild Remembered Sets and Scrub Regions
[2025-10-13T17:29:55.806-0700][1090][info ][gc,marking  ] GC(3) Concurrent Rebuild Remembered Sets and Scrub Regions 0.109ms
[2025-10-13T17:29:55.806-0700][1207][info ][gc,start    ] GC(3) Pause Cleanup
[2025-10-13T17:29:55.806-0700][1207][info ][gc          ] GC(3) Pause Cleanup 55M->55M(184320M) 0.008ms
[2025-10-13T17:29:55.806-0700][1207][info ][gc,cpu      ] GC(3) User=0.00s Sys=0.00s Real=0.00s
[2025-10-13T17:29:55.806-0700][1207][info ][safepoint   ] Safepoint "G1PauseCleanup", Time since last: 141994 ns, Reaching safepoint: 315266 ns, Cleanup: 1492 ns, At safepoint: 21412 ns, Total: 338170 ns
[2025-10-13T17:29:55.806-0700][1090][info ][gc,marking  ] GC(3) Concurrent Clear Claimed Marks
[2025-10-13T17:29:55.806-0700][1090][info ][gc,marking  ] GC(3) Concurrent Clear Claimed Marks 0.029ms
[2025-10-13T17:29:55.806-0700][1090][info ][gc,marking  ] GC(3) Concurrent Cleanup for Next Mark
[2025-10-13T17:29:55.831-0700][1090][info ][gc,marking  ] GC(3) Concurrent Cleanup for Next Mark 24.690ms
[2025-10-13T17:29:55.831-0700][1090][info ][gc          ] GC(3) Concurrent Mark Cycle 36.182ms
[2025-10-13T17:29:55.921-0700][1207][info ][safepoint   ] Safepoint "ICBufferFull", Time since last: 114296931 ns, Reaching safepoint: 153912 ns, Cleanup: 193001 ns, At safepoint: 12059 ns, Total: 358972 ns
[2025-10-13T17:29:55.942-0700][1207][info ][safepoint   ] Safepoint "ICBufferFull", Time since last: 21181419 ns, Reaching safepoint: 73731 ns, Cleanup: 190718 ns, At safepoint: 12109 ns, Total: 276558 ns
[2025-10-13T17:29:55.982-0700][1207][info ][safepoint   ] Safepoint "ICBufferFull", Time since last: 39355850 ns, Reaching safepoint: 69235 ns, Cleanup: 162675 ns, At safepoint: 13100 ns, Total: 245010 ns
[2025-10-13T17:29:56.019-0700][1207][info ][safepoint   ] Safepoint "ICBufferFull", Time since last: 36932743 ns, Reaching safepoint: 69084 ns, Cleanup: 165841 ns, At safepoint: 12719 ns, Total: 247644 ns
[2025-10-13T17:29:56.074-0700][1207][info ][safepoint   ] Safepoint "ICBufferFull", Time since last: 54551455 ns, Reaching safepoint: 68193 ns, Cleanup: 176407 ns, At safepoint: 12398 ns, Total: 256998 ns
[2025-10-13T17:29:56.149-0700][1207][info ][safepoint   ] Safepoint "ICBufferFull", Time since last: 74734829 ns, Reaching safepoint: 391250 ns, Cleanup: 214063 ns, At safepoint: 16105 ns, Total: 621418 ns
[2025-10-13T17:29:56.217-0700][1207][info ][safepoint   ] Safepoint "ICBufferFull", Time since last: 67451666 ns, Reaching safepoint: 321144 ns, Cleanup: 170828 ns, At safepoint: 14061 ns, Total: 506033 ns
[2025-10-13T17:29:56.262-0700][1207][info ][safepoint   ] Safepoint "ICBufferFull", Time since last: 45002524 ns, Reaching safepoint: 258470 ns, Cleanup: 138609 ns, At safepoint: 17677 ns, Total: 414756 ns
[2025-10-13T17:29:56.319-0700][1207][info ][safepoint   ] Safepoint "ICBufferFull", Time since last: 56582471 ns, Reaching safepoint: 195014 ns, Cleanup: 139030 ns, At safepoint: 15253 ns, Total: 349297 ns
[2025-10-13T17:29:56.459-0700][1207][info ][safepoint   ] Safepoint "ICBufferFull", Time since last: 138567502 ns, Reaching safepoint: 634247 ns, Cleanup: 174844 ns, At safepoint: 14682 ns, Total: 823773 ns
[2025-10-13T17:29:56.459-0700][1207][info ][safepoint   ] Safepoint "ICBufferFull", Time since last: 42725 ns, Reaching safepoint: 66400 ns, Cleanup: 1803 ns, At safepoint: 4647 ns, Total: 72850 ns
[2025-10-13T17:29:56.497-0700][1207][info ][safepoint   ] Safepoint "ICBufferFull", Time since last: 38399317 ns, Reaching safepoint: 175274 ns, Cleanup: 124087 ns, At safepoint: 15654 ns, Total: 315015 ns
[2025-10-13T17:29:56.579-0700][1207][info ][safepoint   ] Safepoint "ICBufferFull", Time since last: 81131383 ns, Reaching safepoint: 256177 ns, Cleanup: 136826 ns, At safepoint: 10746 ns, Total: 403749 ns
[2025-10-13T17:29:56.707-0700][1207][info ][safepoint   ] Safepoint "ICBufferFull", Time since last: 127149159 ns, Reaching safepoint: 488918 ns, Cleanup: 153712 ns, At safepoint: 13490 ns, Total: 656120 ns
[2025-10-13T17:29:56.727-0700][1207][info ][safepoint   ] Safepoint "ICBufferFull", Time since last: 20006917 ns, Reaching safepoint: 363779 ns, Cleanup: 133051 ns, At safepoint: 11537 ns, Total: 508367 ns
[2025-10-13T17:29:56.745-0700][1207][info ][safepoint   ] Safepoint "ICBufferFull", Time since last: 17911845 ns, Reaching safepoint: 135605 ns, Cleanup: 118258 ns, At safepoint: 12990 ns, Total: 266853 ns
[2025-10-13T17:29:56.773-0700][1207][info ][safepoint   ] Safepoint "ICBufferFull", Time since last: 26455249 ns, Reaching safepoint: 493525 ns, Cleanup: 167172 ns, At safepoint: 13300 ns, Total: 673997 ns
[2025-10-13T17:29:56.786-0700][1207][info ][safepoint   ] Safepoint "ICBufferFull", Time since last: 12733840 ns, Reaching safepoint: 67732 ns, Cleanup: 114222 ns, At safepoint: 11838 ns, Total: 193792 ns
[2025-10-13T17:29:56.849-0700][1207][info ][safepoint   ] Safepoint "ICBufferFull", Time since last: 62646784 ns, Reaching safepoint: 507416 ns, Cleanup: 136065 ns, At safepoint: 10366 ns, Total: 653847 ns
[2025-10-13T17:29:56.933-0700][1207][info ][safepoint   ] Safepoint "ICBufferFull", Time since last: 83156139 ns, Reaching safepoint: 440325 ns, Cleanup: 214443 ns, At safepoint: 16806 ns, Total: 671574 ns
[2025-10-13T17:29:57.016-0700][1207][info ][safepoint   ] Safepoint "ICBufferFull", Time since last: 82807472 ns, Reaching safepoint: 448748 ns, Cleanup: 144017 ns, At safepoint: 13090 ns, Total: 605855 ns
[2025-10-13T17:29:57.017-0700][1207][info ][safepoint   ] Safepoint "ICBufferFull", Time since last: 44898 ns, Reaching safepoint: 555418 ns, Cleanup: 2654 ns, At safepoint: 10646 ns, Total: 568718 ns
[2025-10-13T17:29:57.096-0700][1207][info ][safepoint   ] Safepoint "ICBufferFull", Time since last: 78218997 ns, Reaching safepoint: 513235 ns, Cleanup: 164248 ns, At safepoint: 15443 ns, Total: 692926 ns
[2025-10-13T17:29:57.205-0700][1207][info ][safepoint   ] Safepoint "ICBufferFull", Time since last: 109236833 ns, Reaching safepoint: 70186 ns, Cleanup: 153041 ns, At safepoint: 13701 ns, Total: 236928 ns
[2025-10-13T17:29:57.379-0700][1207][info ][safepoint   ] Safepoint "ICBufferFull", Time since last: 174102175 ns, Reaching safepoint: 71919 ns, Cleanup: 165600 ns, At safepoint: 14682 ns, Total: 252201 ns
[2025-10-13T17:29:57.484-0700][1207][info ][safepoint   ] Safepoint "ICBufferFull", Time since last: 104721698 ns, Reaching safepoint: 152691 ns, Cleanup: 148754 ns, At safepoint: 14262 ns, Total: 315707 ns
[2025-10-13T17:29:57.574-0700][1207][info ][safepoint   ] Safepoint "ICBufferFull", Time since last: 89457339 ns, Reaching safepoint: 142225 ns, Cleanup: 176897 ns, At safepoint: 15594 ns, Total: 334716 ns
[2025-10-13T17:29:57.734-0700][1207][info ][safepoint   ] Safepoint "ICBufferFull", Time since last: 159379344 ns, Reaching safepoint: 74142 ns, Cleanup: 203126 ns, At safepoint: 15884 ns, Total: 293152 ns
[2025-10-13T17:29:57.856-0700][1207][info ][safepoint   ] Safepoint "ICBufferFull", Time since last: 121708156 ns, Reaching safepoint: 261665 ns, Cleanup: 219972 ns, At safepoint: 16605 ns, Total: 498242 ns
[2025-10-13T17:29:57.857-0700][1207][info ][safepoint   ] Safepoint "ICBufferFull", Time since last: 51508 ns, Reaching safepoint: 452693 ns, Cleanup: 2765 ns, At safepoint: 10165 ns, Total: 465623 ns
[2025-10-13T17:29:58.023-0700][1207][info ][safepoint   ] Safepoint "ICBufferFull", Time since last: 165402915 ns, Reaching safepoint: 438682 ns, Cleanup: 234514 ns, At safepoint: 18198 ns, Total: 691394 ns
[2025-10-13T17:29:58.131-0700][1207][info ][safepoint   ] Safepoint "ICBufferFull", Time since last: 107747735 ns, Reaching safepoint: 268706 ns, Cleanup: 220753 ns, At safepoint: 17997 ns, Total: 507456 ns
[2025-10-13T17:29:58.258-0700][1207][info ][safepoint   ] Safepoint "ICBufferFull", Time since last: 127030109 ns, Reaching safepoint: 204008 ns, Cleanup: 202025 ns, At safepoint: 15563 ns, Total: 421596 ns
[2025-10-13T17:29:58.259-0700][1207][info ][safepoint   ] Safepoint "ICBufferFull", Time since last: 41203 ns, Reaching safepoint: 67512 ns, Cleanup: 2413 ns, At safepoint: 12439 ns, Total: 82364 ns
[2025-10-13T17:29:58.357-0700][1207][info ][safepoint   ] Safepoint "ICBufferFull", Time since last: 98221708 ns, Reaching safepoint: 71758 ns, Cleanup: 204429 ns, At safepoint: 15693 ns, Total: 291880 ns
[2025-10-13T17:29:58.526-0700][1207][info ][safepoint   ] Safepoint "ICBufferFull", Time since last: 168212877 ns, Reaching safepoint: 72219 ns, Cleanup: 187894 ns, At safepoint: 11817 ns, Total: 271930 ns
[2025-10-13T17:29:58.580-0700][1207][info ][safepoint   ] Safepoint "ICBufferFull", Time since last: 54437244 ns, Reaching safepoint: 72299 ns, Cleanup: 142845 ns, At safepoint: 15434 ns, Total: 230578 ns
[2025-10-13T17:29:58.628-0700][1207][info ][safepoint   ] Safepoint "ICBufferFull", Time since last: 47683950 ns, Reaching safepoint: 73571 ns, Cleanup: 191739 ns, At safepoint: 14081 ns, Total: 279391 ns
[2025-10-13T17:29:58.660-0700][1207][info ][safepoint   ] Safepoint "ICBufferFull", Time since last: 31028753 ns, Reaching safepoint: 73851 ns, Cleanup: 190888 ns, At safepoint: 10055 ns, Total: 274794 ns
[2025-10-13T17:29:58.733-0700][1207][info ][safepoint   ] Safepoint "ICBufferFull", Time since last: 73156126 ns, Reaching safepoint: 72820 ns, Cleanup: 182375 ns, At safepoint: 10807 ns, Total: 266002 ns
[2025-10-13T17:29:58.795-0700][1207][info ][safepoint   ] Safepoint "ICBufferFull", Time since last: 61583068 ns, Reaching safepoint: 73711 ns, Cleanup: 177048 ns, At safepoint: 8062 ns, Total: 258821 ns
[2025-10-13T17:29:58.858-0700][1207][info ][safepoint   ] Safepoint "ICBufferFull", Time since last: 62609357 ns, Reaching safepoint: 72620 ns, Cleanup: 184879 ns, At safepoint: 9664 ns, Total: 267163 ns
[2025-10-13T17:29:58.948-0700][1207][info ][safepoint   ] Safepoint "ICBufferFull", Time since last: 90530910 ns, Reaching safepoint: 71578 ns, Cleanup: 176346 ns, At safepoint: 5288 ns, Total: 253212 ns
[2025-10-13T17:29:59.020-0700][1207][info ][gc,start    ] GC(4) Pause Young (Concurrent Start) (Metadata GC Threshold)
[2025-10-13T17:29:59.020-0700][1207][info ][gc,task     ] GC(4) Using 113 workers of 113 for evacuation
[2025-10-13T17:29:59.022-0700][1207][debug][gc,remset   ] GC(4) Visited cards 0 Total dirty 0 (0.00%) Total old 20316160 (0.00%)
[2025-10-13T17:29:59.050-0700][1207][info ][gc,phases   ] GC(4)   Pre Evacuate Collection Set: 0.7ms
[2025-10-13T17:29:59.050-0700][1207][info ][gc,phases   ] GC(4)   Merge Heap Roots: 0.7ms
[2025-10-13T17:29:59.050-0700][1207][info ][gc,phases   ] GC(4)   Evacuate Collection Set: 23.7ms
[2025-10-13T17:29:59.050-0700][1207][info ][gc,phases   ] GC(4)   Post Evacuate Collection Set: 4.3ms
[2025-10-13T17:29:59.050-0700][1207][info ][gc,phases   ] GC(4)   Other: 0.4ms
[2025-10-13T17:29:59.050-0700][1207][debug][gc,remset   ] GC(4) Coarsening (recent): Inline->AoC 0 (0) AoC->Howl 0 (0) Howl->Full 0 (0) Inline->AoC 0 (0) AoC->BitMap 0 (0) BitMap->Full 0 (0) 
[2025-10-13T17:29:59.050-0700][1207][debug][gc,remset   ] GC(4) Coarsening (all): Inline->AoC 0 (0) AoC->Howl 0 (0) Howl->Full 0 (0) Inline->AoC 0 (0) AoC->BitMap 0 (0) BitMap->Full 0 (0) 
[2025-10-13T17:29:59.050-0700][1207][info ][gc,heap     ] GC(4) Eden regions: 154->0(286)
[2025-10-13T17:29:59.050-0700][1207][info ][gc,heap     ] GC(4) Survivor regions: 1->2(36)
[2025-10-13T17:29:59.050-0700][1207][info ][gc,heap     ] GC(4) Old regions: 0->0
[2025-10-13T17:29:59.050-0700][1207][info ][gc,heap     ] GC(4) Humongous regions: 0->0
[2025-10-13T17:29:59.050-0700][1207][info ][gc,metaspace] GC(4) Metaspace: 60781K(61248K)->60781K(61248K) NonClass: 53716K(53952K)->53716K(53952K) Class: 7065K(7296K)->7065K(7296K)
[2025-10-13T17:29:59.050-0700][1207][info ][gc          ] GC(4) Pause Young (Concurrent Start) (Metadata GC Threshold) 4951M->50M(184320M) 30.002ms
[2025-10-13T17:29:59.050-0700][1090][info ][gc          ] GC(5) Concurrent Mark Cycle
[2025-10-13T17:29:59.050-0700][1207][info ][gc,cpu      ] GC(4) User=1.13s Sys=0.00s Real=0.03s
[2025-10-13T17:29:59.050-0700][1090][info ][gc,marking  ] GC(5) Concurrent Scan Root Regions
[2025-10-13T17:29:59.050-0700][1207][info ][safepoint   ] Safepoint "CollectForMetadataAllocation", Time since last: 71354036 ns, Reaching safepoint: 45920 ns, Cleanup: 37146 ns, At safepoint: 30205209 ns, Total: 30288275 ns
[2025-10-13T17:29:59.058-0700][1090][info ][gc,marking  ] GC(5) Concurrent Scan Root Regions 7.872ms
[2025-10-13T17:29:59.058-0700][1090][info ][gc,marking  ] GC(5) Concurrent Mark
[2025-10-13T17:29:59.058-0700][1090][info ][gc,marking  ] GC(5) Concurrent Mark From Roots
[2025-10-13T17:29:59.058-0700][1090][info ][gc,task     ] GC(5) Using 36 workers of 36 for marking
[2025-10-13T17:29:59.061-0700][1090][info ][gc,marking  ] GC(5) Concurrent Mark From Roots 3.493ms
[2025-10-13T17:29:59.061-0700][1090][info ][gc,marking  ] GC(5) Concurrent Preclean
[2025-10-13T17:29:59.061-0700][1090][info ][gc,marking  ] GC(5) Concurrent Preclean 0.007ms
[2025-10-13T17:29:59.062-0700][1207][info ][gc,start    ] GC(5) Pause Remark
[2025-10-13T17:29:59.066-0700][1207][info ][gc          ] GC(5) Pause Remark 178M->178M(184320M) 4.198ms
[2025-10-13T17:29:59.066-0700][1207][info ][gc,cpu      ] GC(5) User=0.28s Sys=0.00s Real=0.00s
[2025-10-13T17:29:59.066-0700][1207][info ][safepoint   ] Safepoint "G1PauseRemark", Time since last: 11359285 ns, Reaching safepoint: 72339 ns, Cleanup: 28223 ns, At safepoint: 4298357 ns, Total: 4398919 ns
[2025-10-13T17:29:59.066-0700][1090][info ][gc,marking  ] GC(5) Concurrent Mark 7.961ms
[2025-10-13T17:29:59.066-0700][1090][info ][gc,marking  ] GC(5) Concurrent Rebuild Remembered Sets and Scrub Regions
[2025-10-13T17:29:59.066-0700][1090][info ][gc,marking  ] GC(5) Concurrent Rebuild Remembered Sets and Scrub Regions 0.405ms
[2025-10-13T17:29:59.066-0700][1207][info ][gc,start    ] GC(5) Pause Cleanup
[2025-10-13T17:29:59.066-0700][1207][info ][gc          ] GC(5) Pause Cleanup 178M->178M(184320M) 0.009ms
[2025-10-13T17:29:59.066-0700][1207][info ][gc,cpu      ] GC(5) User=0.00s Sys=0.00s Real=0.00s
[2025-10-13T17:29:59.066-0700][1207][info ][safepoint   ] Safepoint "G1PauseCleanup", Time since last: 461607 ns, Reaching safepoint: 70887 ns, Cleanup: 3075 ns, At safepoint: 37236 ns, Total: 111198 ns
[2025-10-13T17:29:59.066-0700][1090][info ][gc,marking  ] GC(5) Concurrent Clear Claimed Marks
[2025-10-13T17:29:59.066-0700][1090][info ][gc,marking  ] GC(5) Concurrent Clear Claimed Marks 0.013ms
[2025-10-13T17:29:59.066-0700][1090][info ][gc,marking  ] GC(5) Concurrent Cleanup for Next Mark
[2025-10-13T17:29:59.092-0700][1090][info ][gc,marking  ] GC(5) Concurrent Cleanup for Next Mark 25.485ms
[2025-10-13T17:29:59.092-0700][1090][info ][gc          ] GC(5) Concurrent Mark Cycle 42.007ms
[2025-10-13T17:29:59.255-0700][1207][info ][safepoint   ] Safepoint "ICBufferFull", Time since last: 188417131 ns, Reaching safepoint: 76766 ns, Cleanup: 232691 ns, At safepoint: 6941 ns, Total: 316398 ns
[2025-10-13T17:29:59.328-0700][1207][info ][safepoint   ] Safepoint "ICBufferFull", Time since last: 72574427 ns, Reaching safepoint: 72710 ns, Cleanup: 147593 ns, At safepoint: 4096 ns, Total: 224399 ns
[2025-10-13T17:29:59.436-0700][1207][info ][safepoint   ] Safepoint "ICBufferFull", Time since last: 107564549 ns, Reaching safepoint: 75935 ns, Cleanup: 176236 ns, At safepoint: 9124 ns, Total: 261295 ns
[2025-10-13T17:29:59.575-0700][1207][info ][safepoint   ] Safepoint "ICBufferFull", Time since last: 138541012 ns, Reaching safepoint: 73831 ns, Cleanup: 190508 ns, At safepoint: 6159 ns, Total: 270498 ns
[2025-10-13T17:29:59.759-0700][1207][info ][safepoint   ] Safepoint "ICBufferFull", Time since last: 183928066 ns, Reaching safepoint: 74122 ns, Cleanup: 189306 ns, At safepoint: 5528 ns, Total: 268956 ns
[2025-10-13T17:29:59.889-0700][1207][info ][safepoint   ] Safepoint "ICBufferFull", Time since last: 129774771 ns, Reaching safepoint: 746988 ns, Cleanup: 138919 ns, At safepoint: 5078 ns, Total: 890985 ns
[2025-10-13T17:30:00.025-0700][1207][info ][safepoint   ] Safepoint "ICBufferFull", Time since last: 135239399 ns, Reaching safepoint: 73712 ns, Cleanup: 177738 ns, At safepoint: 9174 ns, Total: 260624 ns
[2025-10-13T17:30:01.032-0700][1207][info ][safepoint   ] Safepoint "Cleanup", Time since last: 1006894884 ns, Reaching safepoint: 9024 ns, Cleanup: 138178 ns, At safepoint: 3305 ns, Total: 150507 ns
[2025-10-13T17:30:10.019-0700][1207][info ][safepoint   ] Safepoint "Cleanup", Time since last: 8986745734 ns, Reaching safepoint: 72469 ns, Cleanup: 32099 ns, At safepoint: 3285 ns, Total: 107853 ns
[2025-10-13T17:30:10.204-0700][1207][info ][safepoint   ] Safepoint "ICBufferFull", Time since last: 185125042 ns, Reaching safepoint: 74042 ns, Cleanup: 152250 ns, At safepoint: 6309 ns, Total: 232601 ns
[2025-10-13T17:30:10.347-0700][1207][info ][safepoint   ] Safepoint "ICBufferFull", Time since last: 142893692 ns, Reaching safepoint: 77107 ns, Cleanup: 185069 ns, At safepoint: 6400 ns, Total: 268576 ns
[2025-10-13T17:30:10.506-0700][1207][info ][safepoint   ] Safepoint "ICBufferFull", Time since last: 158523612 ns, Reaching safepoint: 9324 ns, Cleanup: 207263 ns, At safepoint: 5458 ns, Total: 222045 ns
[2025-10-13T17:30:10.584-0700][1207][info ][safepoint   ] Safepoint "ICBufferFull", Time since last: 77849580 ns, Reaching safepoint: 79490 ns, Cleanup: 188554 ns, At safepoint: 10586 ns, Total: 278630 ns
[2025-10-13T17:30:10.665-0700][1207][info ][safepoint   ] Safepoint "ICBufferFull", Time since last: 80114168 ns, Reaching safepoint: 87092 ns, Cleanup: 187623 ns, At safepoint: 15733 ns, Total: 290448 ns
[2025-10-13T17:30:10.722-0700][1207][info ][safepoint   ] Safepoint "ICBufferFull", Time since last: 57072671 ns, Reaching safepoint: 86691 ns, Cleanup: 176316 ns, At safepoint: 14172 ns, Total: 277179 ns
[2025-10-13T17:30:10.977-0700][1207][info ][safepoint   ] Safepoint "ICBufferFull", Time since last: 254727715 ns, Reaching safepoint: 15253 ns, Cleanup: 187002 ns, At safepoint: 8282 ns, Total: 210537 ns
[2025-10-13T17:30:11.191-0700][1207][info ][safepoint   ] Safepoint "ICBufferFull", Time since last: 214267398 ns, Reaching safepoint: 19059 ns, Cleanup: 187463 ns, At safepoint: 8653 ns, Total: 215175 ns
[2025-10-13T17:30:11.308-0700][1207][info ][safepoint   ] Safepoint "ICBufferFull", Time since last: 116223939 ns, Reaching safepoint: 86831 ns, Cleanup: 218489 ns, At safepoint: 13120 ns, Total: 318440 ns
[2025-10-13T17:30:11.384-0700][1207][info ][gc,start    ] GC(6) Pause Young (Normal) (G1 Evacuation Pause)
[2025-10-13T17:30:11.384-0700][1207][info ][gc,task     ] GC(6) Using 113 workers of 113 for evacuation
[2025-10-13T17:30:11.385-0700][1207][debug][gc,remset   ] GC(6) Visited cards 0 Total dirty 0 (0.00%) Total old 37748736 (0.00%)
[2025-10-13T17:30:11.437-0700][1207][info ][gc,phases   ] GC(6)   Pre Evacuate Collection Set: 0.5ms
[2025-10-13T17:30:11.437-0700][1207][info ][gc,phases   ] GC(6)   Merge Heap Roots: 0.7ms
[2025-10-13T17:30:11.437-0700][1207][info ][gc,phases   ] GC(6)   Evacuate Collection Set: 45.6ms
[2025-10-13T17:30:11.437-0700][1207][info ][gc,phases   ] GC(6)   Post Evacuate Collection Set: 5.8ms
[2025-10-13T17:30:11.437-0700][1207][info ][gc,phases   ] GC(6)   Other: 0.3ms
[2025-10-13T17:30:11.437-0700][1207][debug][gc,remset   ] GC(6) Coarsening (recent): Inline->AoC 0 (0) AoC->Howl 0 (0) Howl->Full 0 (0) Inline->AoC 0 (0) AoC->BitMap 0 (0) BitMap->Full 0 (0) 
[2025-10-13T17:30:11.437-0700][1207][debug][gc,remset   ] GC(6) Coarsening (all): Inline->AoC 0 (0) AoC->Howl 0 (0) Howl->Full 0 (0) Inline->AoC 0 (0) AoC->BitMap 0 (0) BitMap->Full 0 (0) 
[2025-10-13T17:30:11.437-0700][1207][info ][gc,heap     ] GC(6) Eden regions: 286->0(284)
[2025-10-13T17:30:11.437-0700][1207][info ][gc,heap     ] GC(6) Survivor regions: 2->4(36)
[2025-10-13T17:30:11.437-0700][1207][info ][gc,heap     ] GC(6) Old regions: 0->0
[2025-10-13T17:30:11.437-0700][1207][info ][gc,heap     ] GC(6) Humongous regions: 0->0
[2025-10-13T17:30:11.437-0700][1207][info ][gc,metaspace] GC(6) Metaspace: 97685K(98752K)->97685K(98752K) NonClass: 86171K(86784K)->86171K(86784K) Class: 11513K(11968K)->11513K(11968K)
[2025-10-13T17:30:11.437-0700][1207][info ][gc          ] GC(6) Pause Young (Normal) (G1 Evacuation Pause) 9202M->110M(184320M) 53.068ms
[2025-10-13T17:30:11.437-0700][1207][info ][gc,cpu      ] GC(6) User=1.36s Sys=0.84s Real=0.05s
[2025-10-13T17:30:11.437-0700][1207][info ][safepoint   ] Safepoint "G1CollectForAllocation", Time since last: 75786045 ns, Reaching safepoint: 36606 ns, Cleanup: 122334 ns, At safepoint: 53380368 ns, Total: 53539308 ns
[2025-10-13T17:30:11.668-0700][1207][info ][safepoint   ] Safepoint "ICBufferFull", Time since last: 230282720 ns, Reaching safepoint: 43786 ns, Cleanup: 206432 ns, At safepoint: 13039 ns, Total: 263257 ns
[2025-10-13T17:30:11.770-0700][1207][info ][gc,start    ] GC(7) Pause Young (Concurrent Start) (Metadata GC Threshold)
[2025-10-13T17:30:11.770-0700][1207][info ][gc,task     ] GC(7) Using 113 workers of 113 for evacuation
[2025-10-13T17:30:11.771-0700][1207][debug][gc,remset   ] GC(7) Visited cards 0 Total dirty 0 (0.00%) Total old 8781824 (0.00%)
[2025-10-13T17:30:11.812-0700][1207][info ][gc,phases   ] GC(7)   Pre Evacuate Collection Set: 0.7ms
[2025-10-13T17:30:11.812-0700][1207][info ][gc,phases   ] GC(7)   Merge Heap Roots: 0.8ms
[2025-10-13T17:30:11.812-0700][1207][info ][gc,phases   ] GC(7)   Evacuate Collection Set: 36.0ms
[2025-10-13T17:30:11.812-0700][1207][info ][gc,phases   ] GC(7)   Post Evacuate Collection Set: 4.0ms
[2025-10-13T17:30:11.812-0700][1207][info ][gc,phases   ] GC(7)   Other: 0.4ms
[2025-10-13T17:30:11.812-0700][1207][debug][gc,remset   ] GC(7) Coarsening (recent): Inline->AoC 0 (0) AoC->Howl 0 (0) Howl->Full 0 (0) Inline->AoC 0 (0) AoC->BitMap 0 (0) BitMap->Full 0 (0) 
[2025-10-13T17:30:11.812-0700][1207][debug][gc,remset   ] GC(7) Coarsening (all): Inline->AoC 0 (0) AoC->Howl 0 (0) Howl->Full 0 (0) Inline->AoC 0 (0) AoC->BitMap 0 (0) BitMap->Full 0 (0) 
[2025-10-13T17:30:11.812-0700][1207][info ][gc,heap     ] GC(7) Eden regions: 63->0(284)
[2025-10-13T17:30:11.812-0700][1207][info ][gc,heap     ] GC(7) Survivor regions: 4->4(36)
[2025-10-13T17:30:11.812-0700][1207][info ][gc,heap     ] GC(7) Old regions: 0->0
[2025-10-13T17:30:11.812-0700][1207][info ][gc,heap     ] GC(7) Humongous regions: 0->0
[2025-10-13T17:30:11.812-0700][1207][info ][gc,metaspace] GC(7) Metaspace: 101399K(102528K)->101399K(102528K) NonClass: 89400K(90048K)->89400K(90048K) Class: 11999K(12480K)->11999K(12480K)
[2025-10-13T17:30:11.812-0700][1207][info ][gc          ] GC(7) Pause Young (Concurrent Start) (Metadata GC Threshold) 2116M->114M(184320M) 42.019ms
[2025-10-13T17:30:11.812-0700][1090][info ][gc          ] GC(8) Concurrent Mark Cycle
[2025-10-13T17:30:11.812-0700][1090][info ][gc,marking  ] GC(8) Concurrent Scan Root Regions
[2025-10-13T17:30:11.812-0700][1207][info ][gc,cpu      ] GC(7) User=0.95s Sys=1.18s Real=0.05s
[2025-10-13T17:30:11.812-0700][1207][info ][safepoint   ] Safepoint "CollectForMetadataAllocation", Time since last: 101529731 ns, Reaching safepoint: 91428 ns, Cleanup: 70106 ns, At safepoint: 42727990 ns, Total: 42889524 ns
[2025-10-13T17:30:11.821-0700][1090][info ][gc,marking  ] GC(8) Concurrent Scan Root Regions 8.789ms
[2025-10-13T17:30:11.821-0700][1090][info ][gc,marking  ] GC(8) Concurrent Mark
[2025-10-13T17:30:11.821-0700][1090][info ][gc,marking  ] GC(8) Concurrent Mark From Roots
[2025-10-13T17:30:11.821-0700][1090][info ][gc,task     ] GC(8) Using 36 workers of 36 for marking
[2025-10-13T17:30:11.824-0700][1090][info ][gc,marking  ] GC(8) Concurrent Mark From Roots 3.655ms
[2025-10-13T17:30:11.824-0700][1090][info ][gc,marking  ] GC(8) Concurrent Preclean
[2025-10-13T17:30:11.824-0700][1090][info ][gc,marking  ] GC(8) Concurrent Preclean 0.007ms
[2025-10-13T17:30:11.825-0700][1207][info ][gc,start    ] GC(8) Pause Remark
[2025-10-13T17:30:11.836-0700][1207][info ][gc          ] GC(8) Pause Remark 242M->242M(184320M) 11.084ms
[2025-10-13T17:30:11.836-0700][1207][info ][gc,cpu      ] GC(8) User=0.46s Sys=0.00s Real=0.01s
[2025-10-13T17:30:11.836-0700][1207][info ][safepoint   ] Safepoint "G1PauseRemark", Time since last: 12171591 ns, Reaching safepoint: 46680 ns, Cleanup: 28553 ns, At safepoint: 11342470 ns, Total: 11417703 ns
[2025-10-13T17:30:11.836-0700][1090][info ][gc,marking  ] GC(8) Concurrent Mark 15.119ms
[2025-10-13T17:30:11.836-0700][1090][info ][gc,marking  ] GC(8) Concurrent Rebuild Remembered Sets and Scrub Regions
[2025-10-13T17:30:11.836-0700][1090][info ][gc,marking  ] GC(8) Concurrent Rebuild Remembered Sets and Scrub Regions 0.160ms
[2025-10-13T17:30:11.836-0700][1207][info ][gc,start    ] GC(8) Pause Cleanup
[2025-10-13T17:30:11.836-0700][1207][info ][gc          ] GC(8) Pause Cleanup 242M->242M(184320M) 0.010ms
[2025-10-13T17:30:11.836-0700][1207][info ][gc,cpu      ] GC(8) User=0.00s Sys=0.00s Real=0.00s
[2025-10-13T17:30:11.836-0700][1207][info ][safepoint   ] Safepoint "G1PauseCleanup", Time since last: 200052 ns, Reaching safepoint: 41632 ns, Cleanup: 22294 ns, At safepoint: 96566 ns, Total: 160492 ns
[2025-10-13T17:30:11.836-0700][1090][info ][gc,marking  ] GC(8) Concurrent Clear Claimed Marks
[2025-10-13T17:30:11.836-0700][1090][info ][gc,marking  ] GC(8) Concurrent Clear Claimed Marks 0.041ms
[2025-10-13T17:30:11.836-0700][1090][info ][gc,marking  ] GC(8) Concurrent Cleanup for Next Mark
[2025-10-13T17:30:11.862-0700][1090][info ][gc,marking  ] GC(8) Concurrent Cleanup for Next Mark 25.274ms
[2025-10-13T17:30:11.862-0700][1090][info ][gc          ] GC(8) Concurrent Mark Cycle 49.650ms
[2025-10-13T17:30:12.080-0700][1207][info ][safepoint   ] Safepoint "ICBufferFull", Time since last: 243480379 ns, Reaching safepoint: 78108 ns, Cleanup: 237128 ns, At safepoint: 17266 ns, Total: 332502 ns
[2025-10-13T17:30:12.190-0700][1207][info ][safepoint   ] Safepoint "ICBufferFull", Time since last: 109311305 ns, Reaching safepoint: 71839 ns, Cleanup: 204549 ns, At safepoint: 15773 ns, Total: 292161 ns
[2025-10-13T17:30:12.314-0700][1207][info ][safepoint   ] Safepoint "ICBufferFull", Time since last: 122388253 ns, Reaching safepoint: 2173671 ns, Cleanup: 206782 ns, At safepoint: 23315 ns, Total: 2403768 ns
[2025-10-13T17:30:12.376-0700][1207][info ][safepoint   ] Safepoint "ICBufferFull", Time since last: 61598041 ns, Reaching safepoint: 86781 ns, Cleanup: 178049 ns, At safepoint: 29254 ns, Total: 294084 ns
[2025-10-13T17:30:12.376-0700][1207][info ][safepoint   ] Safepoint "ICBufferFull", Time since last: 55664 ns, Reaching safepoint: 32549 ns, Cleanup: 2814 ns, At safepoint: 24277 ns, Total: 59640 ns
[2025-10-13T17:30:12.377-0700][1207][info ][safepoint   ] Safepoint "ICBufferFull", Time since last: 32499 ns, Reaching safepoint: 29655 ns, Cleanup: 571 ns, At safepoint: 21753 ns, Total: 51979 ns
[2025-10-13T17:30:12.377-0700][1207][info ][safepoint   ] Safepoint "ICBufferFull", Time since last: 27731 ns, Reaching safepoint: 93381 ns, Cleanup: 661 ns, At safepoint: 23866 ns, Total: 117908 ns
[2025-10-13T17:30:12.377-0700][1207][info ][safepoint   ] Safepoint "ICBufferFull", Time since last: 22024 ns, Reaching safepoint: 93310 ns, Cleanup: 581 ns, At safepoint: 26490 ns, Total: 120381 ns
[2025-10-13T17:30:12.377-0700][1207][info ][safepoint   ] Safepoint "ICBufferFull", Time since last: 21633 ns, Reaching safepoint: 91388 ns, Cleanup: 2514 ns, At safepoint: 21422 ns, Total: 115324 ns
[2025-10-13T17:30:12.440-0700][1207][info ][safepoint   ] Safepoint "ICBufferFull", Time since last: 62718983 ns, Reaching safepoint: 80742 ns, Cleanup: 154593 ns, At safepoint: 23135 ns, Total: 258470 ns
[2025-10-13T17:30:12.708-0700][1207][info ][safepoint   ] Safepoint "ICBufferFull", Time since last: 268257576 ns, Reaching safepoint: 102164 ns, Cleanup: 198820 ns, At safepoint: 17847 ns, Total: 318831 ns
[2025-10-13T17:30:13.272-0700][1207][info ][safepoint   ] Safepoint "ICBufferFull", Time since last: 562925924 ns, Reaching safepoint: 73371 ns, Cleanup: 218910 ns, At safepoint: 12159 ns, Total: 304440 ns
[2025-10-13T17:30:13.524-0700][1207][info ][safepoint   ] Safepoint "ICBufferFull", Time since last: 252065647 ns, Reaching safepoint: 81853 ns, Cleanup: 213793 ns, At safepoint: 16605 ns, Total: 312251 ns
[2025-10-13T17:30:13.730-0700][1207][info ][safepoint   ] Safepoint "ICBufferFull", Time since last: 205542419 ns, Reaching safepoint: 87312 ns, Cleanup: 198740 ns, At safepoint: 9103 ns, Total: 295155 ns
[2025-10-13T17:30:14.039-0700][1207][info ][safepoint   ] Safepoint "ICBufferFull", Time since last: 308787218 ns, Reaching safepoint: 218350 ns, Cleanup: 215235 ns, At safepoint: 17576 ns, Total: 451161 ns
[2025-10-13T17:30:14.147-0700][1207][info ][safepoint   ] Safepoint "ICBufferFull", Time since last: 107181191 ns, Reaching safepoint: 97056 ns, Cleanup: 204349 ns, At safepoint: 17806 ns, Total: 319211 ns
[2025-10-13T17:30:14.349-0700][1207][info ][safepoint   ] Safepoint "ICBufferFull", Time since last: 202101566 ns, Reaching safepoint: 93030 ns, Cleanup: 188084 ns, At safepoint: 14302 ns, Total: 295416 ns
[2025-10-13T17:30:14.543-0700][1207][info ][safepoint   ] Safepoint "ICBufferFull", Time since last: 193329385 ns, Reaching safepoint: 94773 ns, Cleanup: 209547 ns, At safepoint: 10435 ns, Total: 314755 ns
[2025-10-13T17:30:14.774-0700][1207][info ][safepoint   ] Safepoint "ICBufferFull", Time since last: 231003849 ns, Reaching safepoint: 97487 ns, Cleanup: 202796 ns, At safepoint: 19669 ns, Total: 319952 ns
[2025-10-13T17:30:14.966-0700][1207][info ][safepoint   ] Safepoint "ICBufferFull", Time since last: 191690572 ns, Reaching safepoint: 98549 ns, Cleanup: 196717 ns, At safepoint: 20080 ns, Total: 315346 ns
[2025-10-13T17:30:15.229-0700][1207][debug][gc,jni      ] Setting _needs_gc. Thread "VM Thread" 1 locked.
[2025-10-13T17:30:15.229-0700][1207][info ][safepoint   ] Safepoint "G1CollectForAllocation", Time since last: 262416841 ns, Reaching safepoint: 83035 ns, Cleanup: 183557 ns, At safepoint: 59239 ns, Total: 325831 ns
[2025-10-13T17:30:15.229-0700][1087][debug][gc,jni      ] Performing GC after exiting critical section. Thread "main" 0 locked.
[2025-10-13T17:30:15.229-0700][2465][debug][gc,jni      ] Allocation failed. Thread stalled by JNI critical section. Thread "JVMCI CompilerThread12" 0 locked.
[2025-10-13T17:30:15.229-0700][1207][info ][gc,start    ] GC(9) Pause Young (Normal) (GCLocker Initiated GC)
[2025-10-13T17:30:15.229-0700][1207][info ][gc,task     ] GC(9) Using 113 workers of 113 for evacuation
[2025-10-13T17:30:15.230-0700][1207][debug][gc,remset   ] GC(9) Visited cards 0 Total dirty 0 (0.00%) Total old 37748736 (0.00%)
[2025-10-13T17:30:15.301-0700][1207][info ][gc,phases   ] GC(9)   Pre Evacuate Collection Set: 0.5ms
[2025-10-13T17:30:15.301-0700][1207][info ][gc,phases   ] GC(9)   Merge Heap Roots: 0.7ms
[2025-10-13T17:30:15.301-0700][1207][info ][gc,phases   ] GC(9)   Evacuate Collection Set: 63.1ms
[2025-10-13T17:30:15.301-0700][1207][info ][gc,phases   ] GC(9)   Post Evacuate Collection Set: 7.6ms
[2025-10-13T17:30:15.301-0700][1207][info ][gc,phases   ] GC(9)   Other: 0.1ms
[2025-10-13T17:30:15.301-0700][1207][debug][gc,remset   ] GC(9) Coarsening (recent): Inline->AoC 0 (0) AoC->Howl 0 (0) Howl->Full 0 (0) Inline->AoC 0 (0) AoC->BitMap 0 (0) BitMap->Full 0 (0) 
[2025-10-13T17:30:15.301-0700][1207][debug][gc,remset   ] GC(9) Coarsening (all): Inline->AoC 0 (0) AoC->Howl 0 (0) Howl->Full 0 (0) Inline->AoC 0 (0) AoC->BitMap 0 (0) BitMap->Full 0 (0) 
[2025-10-13T17:30:15.301-0700][1207][info ][gc,heap     ] GC(9) Eden regions: 284->0(277)
[2025-10-13T17:30:15.301-0700][1207][info ][gc,heap     ] GC(9) Survivor regions: 4->11(36)
[2025-10-13T17:30:15.301-0700][1207][info ][gc,heap     ] GC(9) Old regions: 0->0
[2025-10-13T17:30:15.301-0700][1207][info ][gc,heap     ] GC(9) Humongous regions: 0->0
[2025-10-13T17:30:15.301-0700][1207][info ][gc,metaspace] GC(9) Metaspace: 146837K(148672K)->146837K(148672K) NonClass: 128986K(130048K)->128986K(130048K) Class: 17850K(18624K)->17850K(18624K)
[2025-10-13T17:30:15.301-0700][1207][info ][gc          ] GC(9) Pause Young (Normal) (GCLocker Initiated GC) 9202M->321M(184320M) 72.070ms
[2025-10-13T17:30:15.302-0700][1207][info ][gc,cpu      ] GC(9) User=1.45s Sys=1.87s Real=0.08s
[2025-10-13T17:30:15.302-0700][1207][info ][safepoint   ] Safepoint "G1CollectForAllocation", Time since last: 38659 ns, Reaching safepoint: 28262 ns, Cleanup: 591 ns, At safepoint: 72731395 ns, Total: 72760248 ns
[2025-10-13T17:30:16.302-0700][1207][info ][safepoint   ] Safepoint "Cleanup", Time since last: 1000104135 ns, Reaching safepoint: 95714 ns, Cleanup: 83506 ns, At safepoint: 13601 ns, Total: 192821 ns
[2025-10-13T17:30:17.302-0700][1207][info ][safepoint   ] Safepoint "Cleanup", Time since last: 1000116744 ns, Reaching safepoint: 97567 ns, Cleanup: 19670 ns, At safepoint: 12308 ns, Total: 129545 ns
[2025-10-13T17:30:18.958-0700][1207][info ][safepoint   ] Safepoint "Cleanup", Time since last: 1655306994 ns, Reaching safepoint: 96556 ns, Cleanup: 128133 ns, At safepoint: 13070 ns, Total: 237759 ns
[2025-10-13T17:30:19.959-0700][1207][info ][safepoint   ] Safepoint "Cleanup", Time since last: 1000845514 ns, Reaching safepoint: 61252 ns, Cleanup: 155896 ns, At safepoint: 7651 ns, Total: 224799 ns
[2025-10-13T17:30:20.202-0700][1207][info ][safepoint   ] Safepoint "ICBufferFull", Time since last: 242892212 ns, Reaching safepoint: 112029 ns, Cleanup: 209977 ns, At safepoint: 16054 ns, Total: 338060 ns
[2025-10-13T17:30:20.485-0700][1207][info ][safepoint   ] Safepoint "ICBufferFull", Time since last: 282339410 ns, Reaching safepoint: 82665 ns, Cleanup: 208885 ns, At safepoint: 18778 ns, Total: 310328 ns
[2025-10-13T17:30:20.736-0700][1207][info ][safepoint   ] Safepoint "ICBufferFull", Time since last: 251131928 ns, Reaching safepoint: 108684 ns, Cleanup: 225861 ns, At safepoint: 18338 ns, Total: 352883 ns
[2025-10-13T17:30:21.002-0700][1207][info ][safepoint   ] Safepoint "ICBufferFull", Time since last: 266059198 ns, Reaching safepoint: 127963 ns, Cleanup: 193021 ns, At safepoint: 10726 ns, Total: 331710 ns
[2025-10-13T17:30:21.132-0700][1207][info ][gc,start    ] GC(10) Pause Young (Concurrent Start) (Metadata GC Threshold)
[2025-10-13T17:30:21.132-0700][1207][info ][gc,task     ] GC(10) Using 113 workers of 113 for evacuation
[2025-10-13T17:30:21.134-0700][1207][debug][gc,remset   ] GC(10) Visited cards 0 Total dirty 0 (0.00%) Total old 15990784 (0.00%)
[2025-10-13T17:30:21.212-0700][1207][info ][gc,phases   ] GC(10)   Pre Evacuate Collection Set: 0.7ms
[2025-10-13T17:30:21.212-0700][1207][info ][gc,phases   ] GC(10)   Merge Heap Roots: 0.7ms
[2025-10-13T17:30:21.212-0700][1207][info ][gc,phases   ] GC(10)   Evacuate Collection Set: 70.6ms
[2025-10-13T17:30:21.212-0700][1207][info ][gc,phases   ] GC(10)   Post Evacuate Collection Set: 7.6ms
[2025-10-13T17:30:21.212-0700][1207][info ][gc,phases   ] GC(10)   Other: 0.4ms
[2025-10-13T17:30:21.212-0700][1207][debug][gc,remset   ] GC(10) Coarsening (recent): Inline->AoC 0 (0) AoC->Howl 0 (0) Howl->Full 0 (0) Inline->AoC 0 (0) AoC->BitMap 0 (0) BitMap->Full 0 (0) 
[2025-10-13T17:30:21.212-0700][1207][debug][gc,remset   ] GC(10) Coarsening (all): Inline->AoC 0 (0) AoC->Howl 0 (0) Howl->Full 0 (0) Inline->AoC 0 (0) AoC->BitMap 0 (0) BitMap->Full 0 (0) 
[2025-10-13T17:30:21.212-0700][1207][info ][gc,heap     ] GC(10) Eden regions: 111->0(276)
[2025-10-13T17:30:21.212-0700][1207][info ][gc,heap     ] GC(10) Survivor regions: 11->12(36)
[2025-10-13T17:30:21.212-0700][1207][info ][gc,heap     ] GC(10) Old regions: 0->0
[2025-10-13T17:30:21.212-0700][1207][info ][gc,heap     ] GC(10) Humongous regions: 0->0
[2025-10-13T17:30:21.213-0700][1207][info ][gc,metaspace] GC(10) Metaspace: 169208K(171200K)->169208K(171200K) NonClass: 148600K(149760K)->148600K(149760K) Class: 20608K(21440K)->20608K(21440K)
[2025-10-13T17:30:21.213-0700][1207][info ][gc          ] GC(10) Pause Young (Concurrent Start) (Metadata GC Threshold) 3860M->358M(184320M) 80.290ms
[2025-10-13T17:30:21.213-0700][1090][info ][gc          ] GC(11) Concurrent Mark Cycle
[2025-10-13T17:30:21.213-0700][1090][info ][gc,marking  ] GC(11) Concurrent Scan Root Regions
[2025-10-13T17:30:21.213-0700][1207][info ][gc,cpu      ] GC(10) User=1.68s Sys=2.09s Real=0.08s
[2025-10-13T17:30:21.213-0700][1207][info ][safepoint   ] Safepoint "CollectForMetadataAllocation", Time since last: 129116738 ns, Reaching safepoint: 130507 ns, Cleanup: 122846 ns, At safepoint: 81243442 ns, Total: 81496795 ns
[2025-10-13T17:30:21.223-0700][1090][info ][gc,marking  ] GC(11) Concurrent Scan Root Regions 10.718ms
[2025-10-13T17:30:21.223-0700][1090][info ][gc,marking  ] GC(11) Concurrent Mark
[2025-10-13T17:30:21.223-0700][1090][info ][gc,marking  ] GC(11) Concurrent Mark From Roots
[2025-10-13T17:30:21.223-0700][1090][info ][gc,task     ] GC(11) Using 36 workers of 36 for marking
[2025-10-13T17:30:21.227-0700][1090][info ][gc,marking  ] GC(11) Concurrent Mark From Roots 3.290ms
[2025-10-13T17:30:21.227-0700][1090][info ][gc,marking  ] GC(11) Concurrent Preclean
[2025-10-13T17:30:21.227-0700][1090][info ][gc,marking  ] GC(11) Concurrent Preclean 0.008ms
[2025-10-13T17:30:21.227-0700][1207][info ][gc,start    ] GC(11) Pause Remark
[2025-10-13T17:30:21.250-0700][1207][info ][gc          ] GC(11) Pause Remark 444M->444M(184320M) 22.878ms
[2025-10-13T17:30:21.250-0700][1207][info ][gc,cpu      ] GC(11) User=0.57s Sys=0.06s Real=0.03s
[2025-10-13T17:30:21.250-0700][1207][info ][safepoint   ] Safepoint "G1PauseRemark", Time since last: 13611204 ns, Reaching safepoint: 77537 ns, Cleanup: 11547 ns, At safepoint: 23468411 ns, Total: 23557495 ns
[2025-10-13T17:30:21.250-0700][1090][info ][gc,marking  ] GC(11) Concurrent Mark 26.901ms
[2025-10-13T17:30:21.250-0700][1090][info ][gc,marking  ] GC(11) Concurrent Rebuild Remembered Sets and Scrub Regions
[2025-10-13T17:30:21.251-0700][1090][info ][gc,marking  ] GC(11) Concurrent Rebuild Remembered Sets and Scrub Regions 0.203ms
[2025-10-13T17:30:21.251-0700][1207][info ][gc,start    ] GC(11) Pause Cleanup
[2025-10-13T17:30:21.251-0700][1207][info ][gc          ] GC(11) Pause Cleanup 444M->444M(184320M) 0.011ms
[2025-10-13T17:30:21.251-0700][1207][info ][gc,cpu      ] GC(11) User=0.00s Sys=0.00s Real=0.00s
[2025-10-13T17:30:21.251-0700][1207][info ][safepoint   ] Safepoint "G1PauseCleanup", Time since last: 255015 ns, Reaching safepoint: 65759 ns, Cleanup: 53812 ns, At safepoint: 122855 ns, Total: 242426 ns
[2025-10-13T17:30:21.251-0700][1090][info ][gc,marking  ] GC(11) Concurrent Clear Claimed Marks
[2025-10-13T17:30:21.251-0700][1090][info ][gc,marking  ] GC(11) Concurrent Clear Claimed Marks 0.064ms
[2025-10-13T17:30:21.251-0700][1090][info ][gc,marking  ] GC(11) Concurrent Cleanup for Next Mark
[2025-10-13T17:30:21.276-0700][1090][info ][gc,marking  ] GC(11) Concurrent Cleanup for Next Mark 25.060ms
[2025-10-13T17:30:21.276-0700][1090][info ][gc          ] GC(11) Concurrent Mark Cycle 63.317ms
[2025-10-13T17:30:21.615-0700][1207][info ][safepoint   ] Safepoint "ICBufferFull", Time since last: 363930196 ns, Reaching safepoint: 121784 ns, Cleanup: 222586 ns, At safepoint: 15814 ns, Total: 360184 ns
[2025-10-13T17:30:21.988-0700][1207][info ][safepoint   ] Safepoint "ICBufferFull", Time since last: 372384967 ns, Reaching safepoint: 109656 ns, Cleanup: 227533 ns, At safepoint: 17196 ns, Total: 354385 ns
[2025-10-13T17:30:22.342-0700][1207][info ][safepoint   ] Safepoint "ICBufferFull", Time since last: 353902401 ns, Reaching safepoint: 127232 ns, Cleanup: 208425 ns, At safepoint: 16364 ns, Total: 352021 ns
[2025-10-13T17:30:22.852-0700][1207][info ][safepoint   ] Safepoint "ICBufferFull", Time since last: 509894303 ns, Reaching safepoint: 109565 ns, Cleanup: 197599 ns, At safepoint: 17516 ns, Total: 324680 ns
[2025-10-13T17:30:23.136-0700][1207][info ][safepoint   ] Safepoint "ICBufferFull", Time since last: 283108270 ns, Reaching safepoint: 124328 ns, Cleanup: 199030 ns, At safepoint: 18078 ns, Total: 341436 ns
[2025-10-13T17:30:23.410-0700][1207][info ][safepoint   ] Safepoint "ICBufferFull", Time since last: 274121386 ns, Reaching safepoint: 137197 ns, Cleanup: 230588 ns, At safepoint: 20491 ns, Total: 388276 ns
[2025-10-13T17:30:23.410-0700][1207][info ][safepoint   ] Safepoint "ICBufferFull", Time since last: 69294 ns, Reaching safepoint: 53071 ns, Cleanup: 5077 ns, At safepoint: 20241 ns, Total: 78389 ns
[2025-10-13T17:30:23.708-0700][1207][info ][safepoint   ] Safepoint "ICBufferFull", Time since last: 297579832 ns, Reaching safepoint: 117628 ns, Cleanup: 220813 ns, At safepoint: 18708 ns, Total: 357149 ns
[2025-10-13T17:30:23.974-0700][1207][info ][safepoint   ] Safepoint "ICBufferFull", Time since last: 265067692 ns, Reaching safepoint: 148834 ns, Cleanup: 194113 ns, At safepoint: 19790 ns, Total: 362737 ns
[2025-10-13T17:30:23.974-0700][1207][info ][safepoint   ] Safepoint "ICBufferFull", Time since last: 64648 ns, Reaching safepoint: 43876 ns, Cleanup: 2604 ns, At safepoint: 14061 ns, Total: 60541 ns
[2025-10-13T17:30:23.974-0700][1207][info ][safepoint   ] Safepoint "ICBufferFull", Time since last: 26410 ns, Reaching safepoint: 37356 ns, Cleanup: 5579 ns, At safepoint: 13160 ns, Total: 56095 ns
[2025-10-13T17:30:23.974-0700][1207][info ][safepoint   ] Safepoint "ICBufferFull", Time since last: 23245 ns, Reaching safepoint: 47091 ns, Cleanup: 3165 ns, At safepoint: 19078 ns, Total: 69334 ns
[2025-10-13T17:30:24.587-0700][1207][info ][safepoint   ] Safepoint "ICBufferFull", Time since last: 612200776 ns, Reaching safepoint: 131058 ns, Cleanup: 189035 ns, At safepoint: 9464 ns, Total: 329557 ns
[2025-10-13T17:30:24.691-0700][1207][info ][safepoint   ] Safepoint "ICBufferFull", Time since last: 104443398 ns, Reaching safepoint: 148755 ns, Cleanup: 197338 ns, At safepoint: 24717 ns, Total: 370810 ns
[2025-10-13T17:30:24.924-0700][1207][info ][safepoint   ] Safepoint "ICBufferFull", Time since last: 232091450 ns, Reaching safepoint: 149025 ns, Cleanup: 210888 ns, At safepoint: 20741 ns, Total: 380654 ns
[2025-10-13T17:30:25.563-0700][1207][info ][safepoint   ] Safepoint "ICBufferFull", Time since last: 638291335 ns, Reaching safepoint: 164738 ns, Cleanup: 195455 ns, At safepoint: 20541 ns, Total: 380734 ns
[2025-10-13T17:30:25.768-0700][1207][info ][safepoint   ] Safepoint "ICBufferFull", Time since last: 205283368 ns, Reaching safepoint: 159471 ns, Cleanup: 217508 ns, At safepoint: 27662 ns, Total: 404641 ns
[2025-10-13T17:30:25.885-0700][1207][info ][gc,start    ] GC(12) Pause Young (Normal) (G1 Evacuation Pause)
[2025-10-13T17:30:25.885-0700][1207][info ][gc,task     ] GC(12) Using 113 workers of 113 for evacuation
[2025-10-13T17:30:25.886-0700][1207][debug][gc,remset   ] GC(12) Visited cards 0 Total dirty 0 (0.00%) Total old 37748736 (0.00%)
[2025-10-13T17:30:26.006-0700][1207][info ][gc,phases   ] GC(12)   Pre Evacuate Collection Set: 0.6ms
[2025-10-13T17:30:26.006-0700][1207][info ][gc,phases   ] GC(12)   Merge Heap Roots: 0.7ms
[2025-10-13T17:30:26.006-0700][1207][info ][gc,phases   ] GC(12)   Evacuate Collection Set: 110.8ms
[2025-10-13T17:30:26.006-0700][1207][info ][gc,phases   ] GC(12)   Post Evacuate Collection Set: 9.0ms
[2025-10-13T17:30:26.006-0700][1207][info ][gc,phases   ] GC(12)   Other: 0.1ms
[2025-10-13T17:30:26.006-0700][1207][debug][gc,remset   ] GC(12) Coarsening (recent): Inline->AoC 0 (0) AoC->Howl 0 (0) Howl->Full 0 (0) Inline->AoC 0 (0) AoC->BitMap 0 (0) BitMap->Full 0 (0) 
[2025-10-13T17:30:26.006-0700][1207][debug][gc,remset   ] GC(12) Coarsening (all): Inline->AoC 0 (0) AoC->Howl 0 (0) Howl->Full 0 (0) Inline->AoC 0 (0) AoC->BitMap 0 (0) BitMap->Full 0 (0) 
[2025-10-13T17:30:26.006-0700][1207][info ][gc,heap     ] GC(12) Eden regions: 276->0(269)
[2025-10-13T17:30:26.006-0700][1207][info ][gc,heap     ] GC(12) Survivor regions: 12->19(36)
[2025-10-13T17:30:26.006-0700][1207][info ][gc,heap     ] GC(12) Old regions: 0->0
[2025-10-13T17:30:26.006-0700][1207][info ][gc,heap     ] GC(12) Humongous regions: 0->0
[2025-10-13T17:30:26.006-0700][1207][info ][gc,metaspace] GC(12) Metaspace: 194042K(196288K)->194042K(196288K) NonClass: 170726K(171968K)->170726K(171968K) Class: 23315K(24320K)->23315K(24320K)
[2025-10-13T17:30:26.006-0700][1207][info ][gc          ] GC(12) Pause Young (Normal) (G1 Evacuation Pause) 9190M->583M(184320M) 121.359ms
[2025-10-13T17:30:26.007-0700][1207][info ][gc,cpu      ] GC(12) User=1.99s Sys=2.38s Real=0.12s
[2025-10-13T17:30:26.007-0700][1207][info ][safepoint   ] Safepoint "G1CollectForAllocation", Time since last: 89565803 ns, Reaching safepoint: 26515050 ns, Cleanup: 59239 ns, At safepoint: 122332048 ns, Total: 148906337 ns
[2025-10-13T17:30:26.291-0700][1207][info ][safepoint   ] Safepoint "ICBufferFull", Time since last: 283577929 ns, Reaching safepoint: 149035 ns, Cleanup: 168455 ns, At safepoint: 24226 ns, Total: 341716 ns
[2025-10-13T17:30:27.291-0700][1207][info ][safepoint   ] Safepoint "Cleanup", Time since last: 1000103364 ns, Reaching safepoint: 143937 ns, Cleanup: 151008 ns, At safepoint: 10646 ns, Total: 305591 ns
[2025-10-13T17:30:28.582-0700][1207][info ][safepoint   ] Safepoint "Cleanup", Time since last: 1290447976 ns, Reaching safepoint: 166741 ns, Cleanup: 88043 ns, At safepoint: 19500 ns, Total: 274284 ns
[2025-10-13T17:30:29.582-0700][1207][info ][safepoint   ] Safepoint "Cleanup", Time since last: 1000131406 ns, Reaching safepoint: 169906 ns, Cleanup: 38478 ns, At safepoint: 16996 ns, Total: 225380 ns
[2025-10-13T17:30:30.583-0700][1207][info ][safepoint   ] Safepoint "Cleanup", Time since last: 1000135031 ns, Reaching safepoint: 170698 ns, Cleanup: 72209 ns, At safepoint: 17737 ns, Total: 260644 ns
[2025-10-13T17:30:30.927-0700][1207][info ][safepoint   ] Safepoint "ICBufferFull", Time since last: 344004402 ns, Reaching safepoint: 179731 ns, Cleanup: 197177 ns, At safepoint: 22134 ns, Total: 399042 ns
[2025-10-13T17:30:31.927-0700][1207][info ][safepoint   ] Safepoint "Cleanup", Time since last: 1000136514 ns, Reaching safepoint: 191739 ns, Cleanup: 60401 ns, At safepoint: 18879 ns, Total: 271019 ns
[2025-10-13T17:30:32.928-0700][1207][info ][safepoint   ] Safepoint "Cleanup", Time since last: 1000148832 ns, Reaching safepoint: 181955 ns, Cleanup: 91838 ns, At safepoint: 18949 ns, Total: 292742 ns
[2025-10-13T17:30:33.928-0700][1207][info ][safepoint   ] Safepoint "Cleanup", Time since last: 1000138016 ns, Reaching safepoint: 185560 ns, Cleanup: 74462 ns, At safepoint: 18758 ns, Total: 278780 ns
[2025-10-13T17:30:34.929-0700][1207][info ][safepoint   ] Safepoint "Cleanup", Time since last: 1000128252 ns, Reaching safepoint: 185480 ns, Cleanup: 139029 ns, At safepoint: 22054 ns, Total: 346563 ns
[2025-10-13T17:30:35.929-0700][1207][info ][safepoint   ] Safepoint "Cleanup", Time since last: 1000133319 ns, Reaching safepoint: 194864 ns, Cleanup: 173902 ns, At safepoint: 24417 ns, Total: 393183 ns
[2025-10-13T17:30:36.930-0700][1207][info ][safepoint   ] Safepoint "Cleanup", Time since last: 1000148892 ns, Reaching safepoint: 197579 ns, Cleanup: 128403 ns, At safepoint: 24187 ns, Total: 350169 ns
[2025-10-13T17:30:37.930-0700][1207][info ][safepoint   ] Safepoint "Cleanup", Time since last: 1000120760 ns, Reaching safepoint: 193912 ns, Cleanup: 86381 ns, At safepoint: 22954 ns, Total: 303247 ns
[2025-10-13T17:30:38.930-0700][1207][info ][safepoint   ] Safepoint "Cleanup", Time since last: 1000119867 ns, Reaching safepoint: 201324 ns, Cleanup: 58708 ns, At safepoint: 21162 ns, Total: 281194 ns
[2025-10-13T17:30:39.931-0700][1207][info ][safepoint   ] Safepoint "Cleanup", Time since last: 1000132932 ns, Reaching safepoint: 200162 ns, Cleanup: 70696 ns, At safepoint: 21433 ns, Total: 292291 ns
[2025-10-13T17:30:41.465-0700][1207][info ][safepoint   ] Safepoint "Cleanup", Time since last: 1534096414 ns, Reaching safepoint: 185911 ns, Cleanup: 161674 ns, At safepoint: 15784 ns, Total: 363369 ns
[2025-10-13T17:30:43.319-0700][1207][info ][gc,start    ] GC(13) Pause Young (Normal) (G1 Evacuation Pause)
[2025-10-13T17:30:43.319-0700][1207][info ][gc,task     ] GC(13) Using 113 workers of 113 for evacuation
[2025-10-13T17:30:43.321-0700][1207][debug][gc,remset   ] GC(13) Visited cards 0 Total dirty 0 (0.00%) Total old 37748736 (0.00%)
[2025-10-13T17:30:43.465-0700][1207][info ][gc,phases   ] GC(13)   Pre Evacuate Collection Set: 0.5ms
[2025-10-13T17:30:43.465-0700][1207][info ][gc,phases   ] GC(13)   Merge Heap Roots: 0.8ms
[2025-10-13T17:30:43.465-0700][1207][info ][gc,phases   ] GC(13)   Evacuate Collection Set: 132.5ms
[2025-10-13T17:30:43.465-0700][1207][info ][gc,phases   ] GC(13)   Post Evacuate Collection Set: 10.2ms
[2025-10-13T17:30:43.465-0700][1207][info ][gc,phases   ] GC(13)   Other: 1.1ms
[2025-10-13T17:30:43.465-0700][1207][debug][gc,remset   ] GC(13) Coarsening (recent): Inline->AoC 0 (0) AoC->Howl 0 (0) Howl->Full 0 (0) Inline->AoC 0 (0) AoC->BitMap 0 (0) BitMap->Full 0 (0) 
[2025-10-13T17:30:43.465-0700][1207][debug][gc,remset   ] GC(13) Coarsening (all): Inline->AoC 0 (0) AoC->Howl 0 (0) Howl->Full 0 (0) Inline->AoC 0 (0) AoC->BitMap 0 (0) BitMap->Full 0 (0) 
[2025-10-13T17:30:43.465-0700][1207][info ][gc,heap     ] GC(13) Eden regions: 269->0(267)
[2025-10-13T17:30:43.465-0700][1207][info ][gc,heap     ] GC(13) Survivor regions: 19->21(36)
[2025-10-13T17:30:43.465-0700][1207][info ][gc,heap     ] GC(13) Old regions: 0->0
[2025-10-13T17:30:43.465-0700][1207][info ][gc,heap     ] GC(13) Humongous regions: 0->0
[2025-10-13T17:30:43.465-0700][1207][info ][gc,metaspace] GC(13) Metaspace: 206421K(208768K)->206421K(208768K) NonClass: 181846K(183168K)->181846K(183168K) Class: 24574K(25600K)->24574K(25600K)
[2025-10-13T17:30:43.465-0700][1207][info ][gc          ] GC(13) Pause Young (Normal) (G1 Evacuation Pause) 9191M->670M(184320M) 145.317ms
[2025-10-13T17:30:43.465-0700][1207][info ][gc,cpu      ] GC(13) User=2.43s Sys=1.91s Real=0.15s
[2025-10-13T17:30:43.465-0700][1207][info ][safepoint   ] Safepoint "G1CollectForAllocation", Time since last: 1853014353 ns, Reaching safepoint: 207583 ns, Cleanup: 163226 ns, At safepoint: 146507097 ns, Total: 146877906 ns
[2025-10-13T17:30:44.709-0700][1207][info ][safepoint   ] Safepoint "Cleanup", Time since last: 1243609165 ns, Reaching safepoint: 201123 ns, Cleanup: 165500 ns, At safepoint: 28073 ns, Total: 394696 ns
[2025-10-13T17:30:45.710-0700][1207][info ][safepoint   ] Safepoint "Cleanup", Time since last: 1000139881 ns, Reaching safepoint: 203087 ns, Cleanup: 84297 ns, At safepoint: 24657 ns, Total: 312041 ns
[2025-10-13T17:30:46.710-0700][1207][info ][safepoint   ] Safepoint "Cleanup", Time since last: 1000115105 ns, Reaching safepoint: 198129 ns, Cleanup: 152950 ns, At safepoint: 19520 ns, Total: 370599 ns
[2025-10-13T17:30:47.711-0700][1207][info ][safepoint   ] Safepoint "Cleanup", Time since last: 1000124949 ns, Reaching safepoint: 204218 ns, Cleanup: 97638 ns, At safepoint: 17166 ns, Total: 319022 ns
[2025-10-13T17:30:48.711-0700][1207][info ][safepoint   ] Safepoint "Cleanup", Time since last: 1000116576 ns, Reaching safepoint: 185640 ns, Cleanup: 47352 ns, At safepoint: 17987 ns, Total: 250979 ns
[2025-10-13T17:30:49.711-0700][1207][info ][safepoint   ] Safepoint "Cleanup", Time since last: 1000123016 ns, Reaching safepoint: 192130 ns, Cleanup: 44708 ns, At safepoint: 16975 ns, Total: 253813 ns
[2025-10-13T17:30:51.703-0700][1207][info ][safepoint   ] Safepoint "Cleanup", Time since last: 1991649983 ns, Reaching safepoint: 203787 ns, Cleanup: 152120 ns, At safepoint: 19850 ns, Total: 375757 ns
[2025-10-13T17:30:52.704-0700][1207][info ][safepoint   ] Safepoint "Cleanup", Time since last: 1000102695 ns, Reaching safepoint: 198410 ns, Cleanup: 19980 ns, At safepoint: 18297 ns, Total: 236687 ns
[2025-10-13T17:30:53.704-0700][1207][info ][safepoint   ] Safepoint "Cleanup", Time since last: 1000100313 ns, Reaching safepoint: 191559 ns, Cleanup: 38027 ns, At safepoint: 16665 ns, Total: 246251 ns
[2025-10-13T17:30:54.704-0700][1207][info ][safepoint   ] Safepoint "Cleanup", Time since last: 1000091820 ns, Reaching safepoint: 193111 ns, Cleanup: 38268 ns, At safepoint: 19679 ns, Total: 251058 ns
[2025-10-13T17:30:55.705-0700][1207][info ][safepoint   ] Safepoint "Cleanup", Time since last: 1000102105 ns, Reaching safepoint: 227313 ns, Cleanup: 89495 ns, At safepoint: 37757 ns, Total: 354565 ns
[2025-10-13T17:30:56.705-0700][1207][info ][safepoint   ] Safepoint "Cleanup", Time since last: 1000127193 ns, Reaching safepoint: 236567 ns, Cleanup: 83887 ns, At safepoint: 27892 ns, Total: 348346 ns
[2025-10-13T17:30:57.706-0700][1207][info ][safepoint   ] Safepoint "Cleanup", Time since last: 1000132170 ns, Reaching safepoint: 229827 ns, Cleanup: 34061 ns, At safepoint: 27602 ns, Total: 291490 ns
[2025-10-13T17:30:58.706-0700][1207][info ][safepoint   ] Safepoint "Cleanup", Time since last: 1000133983 ns, Reaching safepoint: 244459 ns, Cleanup: 62464 ns, At safepoint: 30255 ns, Total: 337178 ns
[2025-10-13T17:30:59.707-0700][1207][info ][safepoint   ] Safepoint "Cleanup", Time since last: 1000133302 ns, Reaching safepoint: 237329 ns, Cleanup: 39409 ns, At safepoint: 30155 ns, Total: 306893 ns
[2025-10-13T17:31:00.444-0700][1207][info ][safepoint   ] Safepoint "ICBufferFull", Time since last: 736970844 ns, Reaching safepoint: 244969 ns, Cleanup: 127573 ns, At safepoint: 34502 ns, Total: 407044 ns
[2025-10-13T17:31:01.091-0700][1207][info ][safepoint   ] Safepoint "ICBufferFull", Time since last: 646191846 ns, Reaching safepoint: 236467 ns, Cleanup: 166030 ns, At safepoint: 30436 ns, Total: 432933 ns
[2025-10-13T17:31:02.091-0700][1207][info ][safepoint   ] Safepoint "Cleanup", Time since last: 1000108294 ns, Reaching safepoint: 243788 ns, Cleanup: 64097 ns, At safepoint: 31838 ns, Total: 339723 ns
[2025-10-13T17:31:02.955-0700][1207][info ][gc,start    ] GC(14) Pause Young (Normal) (G1 Evacuation Pause)
[2025-10-13T17:31:02.955-0700][1207][info ][gc,task     ] GC(14) Using 113 workers of 113 for evacuation
[2025-10-13T17:31:02.956-0700][1207][debug][gc,remset   ] GC(14) Visited cards 0 Total dirty 0 (0.00%) Total old 37748736 (0.00%)
[2025-10-13T17:31:03.114-0700][1207][info ][gc,phases   ] GC(14)   Pre Evacuate Collection Set: 0.6ms
[2025-10-13T17:31:03.114-0700][1207][info ][gc,phases   ] GC(14)   Merge Heap Roots: 0.7ms
[2025-10-13T17:31:03.114-0700][1207][info ][gc,phases   ] GC(14)   Evacuate Collection Set: 148.8ms
[2025-10-13T17:31:03.114-0700][1207][info ][gc,phases   ] GC(14)   Post Evacuate Collection Set: 9.0ms
[2025-10-13T17:31:03.114-0700][1207][info ][gc,phases   ] GC(14)   Other: 0.4ms
[2025-10-13T17:31:03.114-0700][1207][debug][gc,remset   ] GC(14) Coarsening (recent): Inline->AoC 0 (0) AoC->Howl 0 (0) Howl->Full 0 (0) Inline->AoC 0 (0) AoC->BitMap 0 (0) BitMap->Full 0 (0) 
[2025-10-13T17:31:03.114-0700][1207][debug][gc,remset   ] GC(14) Coarsening (all): Inline->AoC 0 (0) AoC->Howl 0 (0) Howl->Full 0 (0) Inline->AoC 0 (0) AoC->BitMap 0 (0) BitMap->Full 0 (0) 
[2025-10-13T17:31:03.114-0700][1207][info ][gc,heap     ] GC(14) Eden regions: 267->0(266)
[2025-10-13T17:31:03.114-0700][1207][info ][gc,heap     ] GC(14) Survivor regions: 21->22(36)
[2025-10-13T17:31:03.114-0700][1207][info ][gc,heap     ] GC(14) Old regions: 0->2
[2025-10-13T17:31:03.114-0700][1207][info ][gc,heap     ] GC(14) Humongous regions: 0->0
[2025-10-13T17:31:03.114-0700][1207][info ][gc,metaspace] GC(14) Metaspace: 208764K(211136K)->208764K(211136K) NonClass: 184171K(185536K)->184171K(185536K) Class: 24592K(25600K)->24592K(25600K)
[2025-10-13T17:31:03.114-0700][1207][info ][gc          ] GC(14) Pause Young (Normal) (G1 Evacuation Pause) 9214M->730M(184320M) 159.779ms
[2025-10-13T17:31:03.115-0700][1207][info ][gc,cpu      ] GC(14) User=2.29s Sys=2.47s Real=0.16s
[2025-10-13T17:31:03.115-0700][1207][info ][safepoint   ] Safepoint "G1CollectForAllocation", Time since last: 862435508 ns, Reaching safepoint: 244920 ns, Cleanup: 16905 ns, At safepoint: 161266848 ns, Total: 161528673 ns
[2025-10-13T17:31:04.116-0700][1207][info ][safepoint   ] Safepoint "Cleanup", Time since last: 1000054793 ns, Reaching safepoint: 225630 ns, Cleanup: 45269 ns, At safepoint: 40801 ns, Total: 311700 ns
[2025-10-13T17:31:05.116-0700][1207][info ][safepoint   ] Safepoint "Cleanup", Time since last: 1000114724 ns, Reaching safepoint: 258721 ns, Cleanup: 35303 ns, At safepoint: 36665 ns, Total: 330689 ns
[2025-10-13T17:31:06.116-0700][1207][info ][safepoint   ] Safepoint "Cleanup", Time since last: 1000136066 ns, Reaching safepoint: 263618 ns, Cleanup: 66370 ns, At safepoint: 34592 ns, Total: 364580 ns
[2025-10-13T17:31:07.117-0700][1207][info ][safepoint   ] Safepoint "Cleanup", Time since last: 1000132201 ns, Reaching safepoint: 250688 ns, Cleanup: 34452 ns, At safepoint: 32809 ns, Total: 317949 ns
[2025-10-13T17:31:08.117-0700][1207][info ][safepoint   ] Safepoint "Cleanup", Time since last: 1000132852 ns, Reaching safepoint: 270338 ns, Cleanup: 34151 ns, At safepoint: 34592 ns, Total: 339081 ns
[2025-10-13T17:31:09.118-0700][1207][info ][safepoint   ] Safepoint "Cleanup", Time since last: 1000134114 ns, Reaching safepoint: 263207 ns, Cleanup: 38388 ns, At safepoint: 34712 ns, Total: 336307 ns
[2025-10-13T17:31:10.118-0700][1207][info ][safepoint   ] Safepoint "Cleanup", Time since last: 1000114183 ns, Reaching safepoint: 239521 ns, Cleanup: 26280 ns, At safepoint: 21152 ns, Total: 286953 ns
[2025-10-13T17:31:11.119-0700][1207][info ][safepoint   ] Safepoint "Cleanup", Time since last: 1000120443 ns, Reaching safepoint: 260683 ns, Cleanup: 80842 ns, At safepoint: 34282 ns, Total: 375807 ns
[2025-10-13T17:31:12.119-0700][1207][info ][safepoint   ] Safepoint "Cleanup", Time since last: 1000129356 ns, Reaching safepoint: 257508 ns, Cleanup: 20742 ns, At safepoint: 45218 ns, Total: 323468 ns
[2025-10-13T17:31:13.278-0700][1207][info ][safepoint   ] Safepoint "Cleanup", Time since last: 1158639453 ns, Reaching safepoint: 225521 ns, Cleanup: 165069 ns, At safepoint: 23896 ns, Total: 414486 ns
[2025-10-13T17:31:14.279-0700][1207][info ][safepoint   ] Safepoint "Cleanup", Time since last: 1000109656 ns, Reaching safepoint: 264099 ns, Cleanup: 36865 ns, At safepoint: 33811 ns, Total: 334775 ns
[2025-10-13T17:31:15.279-0700][1207][info ][safepoint   ] Safepoint "Cleanup", Time since last: 1000131720 ns, Reaching safepoint: 261444 ns, Cleanup: 26310 ns, At safepoint: 33651 ns, Total: 321405 ns
[2025-10-13T17:31:16.280-0700][1207][info ][safepoint   ] Safepoint "Cleanup", Time since last: 1000160483 ns, Reaching safepoint: 262586 ns, Cleanup: 42865 ns, At safepoint: 36194 ns, Total: 341645 ns
[2025-10-13T17:31:17.280-0700][1207][info ][safepoint   ] Safepoint "Cleanup", Time since last: 1000138260 ns, Reaching safepoint: 264989 ns, Cleanup: 26671 ns, At safepoint: 33901 ns, Total: 325561 ns
[2025-10-13T17:31:18.281-0700][1207][info ][safepoint   ] Safepoint "Cleanup", Time since last: 1000132130 ns, Reaching safepoint: 264189 ns, Cleanup: 16545 ns, At safepoint: 34482 ns, Total: 315216 ns
[2025-10-13T17:31:19.281-0700][1207][info ][safepoint   ] Safepoint "Cleanup", Time since last: 1000133081 ns, Reaching safepoint: 271019 ns, Cleanup: 21182 ns, At safepoint: 34512 ns, Total: 326713 ns
[2025-10-13T17:31:20.281-0700][1207][info ][safepoint   ] Safepoint "Cleanup", Time since last: 1000113753 ns, Reaching safepoint: 255024 ns, Cleanup: 63066 ns, At safepoint: 31497 ns, Total: 349587 ns
[2025-10-13T17:31:21.282-0700][1207][info ][safepoint   ] Safepoint "Cleanup", Time since last: 1000129296 ns, Reaching safepoint: 273653 ns, Cleanup: 55584 ns, At safepoint: 36405 ns, Total: 365642 ns
[2025-10-13T17:31:22.282-0700][1207][info ][safepoint   ] Safepoint "Cleanup", Time since last: 1000113622 ns, Reaching safepoint: 251199 ns, Cleanup: 15944 ns, At safepoint: 20681 ns, Total: 287824 ns
[2025-10-13T17:31:23.283-0700][1207][info ][safepoint   ] Safepoint "Cleanup", Time since last: 1000123357 ns, Reaching safepoint: 273463 ns, Cleanup: 18758 ns, At safepoint: 32940 ns, Total: 325161 ns
[2025-10-13T17:31:24.283-0700][1207][info ][safepoint   ] Safepoint "Cleanup", Time since last: 1000134253 ns, Reaching safepoint: 295817 ns, Cleanup: 27481 ns, At safepoint: 34262 ns, Total: 357560 ns
[2025-10-13T17:31:25.284-0700][1207][info ][safepoint   ] Safepoint "Cleanup", Time since last: 1000133152 ns, Reaching safepoint: 275575 ns, Cleanup: 16235 ns, At safepoint: 34081 ns, Total: 325891 ns
[2025-10-13T17:31:26.284-0700][1207][info ][safepoint   ] Safepoint "Cleanup", Time since last: 1000130909 ns, Reaching safepoint: 294184 ns, Cleanup: 30005 ns, At safepoint: 37536 ns, Total: 361725 ns
[2025-10-13T17:31:27.566-0700][1207][info ][safepoint   ] Safepoint "Cleanup", Time since last: 1281497306 ns, Reaching safepoint: 278069 ns, Cleanup: 125690 ns, At safepoint: 52880 ns, Total: 456639 ns
[2025-10-13T17:31:28.567-0700][1207][info ][safepoint   ] Safepoint "Cleanup", Time since last: 1000131839 ns, Reaching safepoint: 279492 ns, Cleanup: 30656 ns, At safepoint: 34603 ns, Total: 344751 ns
[2025-10-13T17:31:29.567-0700][1207][info ][safepoint   ] Safepoint "Cleanup", Time since last: 1000138249 ns, Reaching safepoint: 275636 ns, Cleanup: 29254 ns, At safepoint: 45949 ns, Total: 350839 ns
[2025-10-13T17:31:30.568-0700][1207][info ][safepoint   ] Safepoint "Cleanup", Time since last: 1000130688 ns, Reaching safepoint: 460165 ns, Cleanup: 36785 ns, At safepoint: 38839 ns, Total: 535789 ns
[2025-10-13T17:31:31.568-0700][1207][info ][safepoint   ] Safepoint "Cleanup", Time since last: 1000132160 ns, Reaching safepoint: 300714 ns, Cleanup: 62795 ns, At safepoint: 35343 ns, Total: 398852 ns
[2025-10-13T17:31:32.569-0700][1207][info ][safepoint   ] Safepoint "Cleanup", Time since last: 1000131930 ns, Reaching safepoint: 292531 ns, Cleanup: 30306 ns, At safepoint: 36164 ns, Total: 359001 ns
[2025-10-13T17:31:33.569-0700][1207][info ][safepoint   ] Safepoint "Cleanup", Time since last: 1000134805 ns, Reaching safepoint: 306362 ns, Cleanup: 16234 ns, At safepoint: 38679 ns, Total: 361275 ns
[2025-10-13T17:31:34.570-0700][1207][info ][safepoint   ] Safepoint "Cleanup", Time since last: 1000131950 ns, Reaching safepoint: 298260 ns, Cleanup: 19149 ns, At safepoint: 39820 ns, Total: 357229 ns
[2025-10-13T17:31:35.570-0700][1207][info ][safepoint   ] Safepoint "Cleanup", Time since last: 1000135445 ns, Reaching safepoint: 308255 ns, Cleanup: 19239 ns, At safepoint: 38558 ns, Total: 366052 ns
[2025-10-13T17:31:36.571-0700][1207][info ][safepoint   ] Safepoint "Cleanup", Time since last: 1000147353 ns, Reaching safepoint: 302817 ns, Cleanup: 23185 ns, At safepoint: 39149 ns, Total: 365151 ns
[2025-10-13T17:31:37.571-0700][1207][info ][safepoint   ] Safepoint "Cleanup", Time since last: 1000128956 ns, Reaching safepoint: 313543 ns, Cleanup: 18808 ns, At safepoint: 38048 ns, Total: 370399 ns
[2025-10-13T17:31:38.572-0700][1207][info ][safepoint   ] Safepoint "Cleanup", Time since last: 1000135976 ns, Reaching safepoint: 306642 ns, Cleanup: 47141 ns, At safepoint: 40522 ns, Total: 394305 ns
[2025-10-13T17:31:39.572-0700][1207][info ][safepoint   ] Safepoint "Cleanup", Time since last: 1000136336 ns, Reaching safepoint: 321946 ns, Cleanup: 28222 ns, At safepoint: 41473 ns, Total: 391641 ns
[2025-10-13T17:31:40.573-0700][1207][info ][safepoint   ] Safepoint "Cleanup", Time since last: 1000136597 ns, Reaching safepoint: 309367 ns, Cleanup: 31748 ns, At safepoint: 40421 ns, Total: 381536 ns
[2025-10-13T17:31:41.574-0700][1207][info ][safepoint   ] Safepoint "Cleanup", Time since last: 1000141073 ns, Reaching safepoint: 324690 ns, Cleanup: 53181 ns, At safepoint: 42123 ns, Total: 419994 ns
[2025-10-13T17:31:42.574-0700][1207][info ][safepoint   ] Safepoint "Cleanup", Time since last: 1000132090 ns, Reaching safepoint: 340704 ns, Cleanup: 29325 ns, At safepoint: 40561 ns, Total: 410590 ns
[2025-10-13T17:31:42.687-0700][1207][info ][gc,start    ] GC(15) Pause Young (Normal) (G1 Evacuation Pause)
[2025-10-13T17:31:42.687-0700][1207][info ][gc,task     ] GC(15) Using 113 workers of 113 for evacuation
[2025-10-13T17:31:42.689-0700][1207][debug][gc,remset   ] GC(15) Visited cards 76032 Total dirty 131072 (58.01%) Total old 37879808 (0.20%)
[2025-10-13T17:31:42.750-0700][1207][info ][gc,phases   ] GC(15)   Pre Evacuate Collection Set: 0.7ms
[2025-10-13T17:31:42.750-0700][1207][info ][gc,phases   ] GC(15)   Merge Heap Roots: 1.1ms
[2025-10-13T17:31:42.750-0700][1207][info ][gc,phases   ] GC(15)   Evacuate Collection Set: 54.1ms
[2025-10-13T17:31:42.750-0700][1207][info ][gc,phases   ] GC(15)   Post Evacuate Collection Set: 7.4ms
[2025-10-13T17:31:42.750-0700][1207][info ][gc,phases   ] GC(15)   Other: 0.2ms
[2025-10-13T17:31:42.750-0700][1207][debug][gc,remset   ] GC(15) Coarsening (recent): Inline->AoC 0 (0) AoC->Howl 0 (0) Howl->Full 0 (0) Inline->AoC 0 (0) AoC->BitMap 0 (0) BitMap->Full 0 (0) 
[2025-10-13T17:31:42.750-0700][1207][debug][gc,remset   ] GC(15) Coarsening (all): Inline->AoC 0 (0) AoC->Howl 0 (0) Howl->Full 0 (0) Inline->AoC 0 (0) AoC->BitMap 0 (0) BitMap->Full 0 (0) 
[2025-10-13T17:31:42.750-0700][1207][info ][gc,heap     ] GC(15) Eden regions: 266->0(265)
[2025-10-13T17:31:42.750-0700][1207][info ][gc,heap     ] GC(15) Survivor regions: 22->23(36)
[2025-10-13T17:31:42.750-0700][1207][info ][gc,heap     ] GC(15) Old regions: 2->4
[2025-10-13T17:31:42.750-0700][1207][info ][gc,heap     ] GC(15) Humongous regions: 0->0
[2025-10-13T17:31:42.751-0700][1207][info ][gc,metaspace] GC(15) Metaspace: 210002K(212416K)->210002K(212416K) NonClass: 185333K(186688K)->185333K(186688K) Class: 24669K(25728K)->24669K(25728K)
[2025-10-13T17:31:42.751-0700][1207][info ][gc          ] GC(15) Pause Young (Normal) (G1 Evacuation Pause) 9242M->805M(184320M) 63.714ms
[2025-10-13T17:31:42.751-0700][1207][info ][gc,cpu      ] GC(15) User=1.57s Sys=0.99s Real=0.07s
[2025-10-13T17:31:42.751-0700][1207][info ][safepoint   ] Safepoint "G1CollectForAllocation", Time since last: 111578892 ns, Reaching safepoint: 301475 ns, Cleanup: 14192 ns, At safepoint: 65519543 ns, Total: 65835210 ns
[2025-10-13T17:31:43.752-0700][1207][info ][safepoint   ] Safepoint "Cleanup", Time since last: 1000105581 ns, Reaching safepoint: 312491 ns, Cleanup: 31478 ns, At safepoint: 42484 ns, Total: 386453 ns
[2025-10-13T17:31:44.752-0700][1207][info ][safepoint   ] Safepoint "Cleanup", Time since last: 1000126648 ns, Reaching safepoint: 322396 ns, Cleanup: 29545 ns, At safepoint: 40050 ns, Total: 391991 ns
[2025-10-13T17:31:45.753-0700][1207][info ][safepoint   ] Safepoint "Cleanup", Time since last: 1000113558 ns, Reaching safepoint: 276047 ns, Cleanup: 19249 ns, At safepoint: 25719 ns, Total: 321015 ns
[2025-10-13T17:31:46.753-0700][1207][info ][safepoint   ] Safepoint "Cleanup", Time since last: 1000139137 ns, Reaching safepoint: 322376 ns, Cleanup: 24237 ns, At safepoint: 38748 ns, Total: 385361 ns
[2025-10-13T17:31:47.754-0700][1207][info ][safepoint   ] Safepoint "Cleanup", Time since last: 1000146498 ns, Reaching safepoint: 314915 ns, Cleanup: 30356 ns, At safepoint: 43586 ns, Total: 388857 ns
[2025-10-13T17:31:48.754-0700][1207][info ][safepoint   ] Safepoint "Cleanup", Time since last: 1000110674 ns, Reaching safepoint: 304620 ns, Cleanup: 20410 ns, At safepoint: 41964 ns, Total: 366994 ns
[2025-10-13T17:31:49.755-0700][1207][info ][safepoint   ] Safepoint "Cleanup", Time since last: 1000134169 ns, Reaching safepoint: 398652 ns, Cleanup: 31227 ns, At safepoint: 44547 ns, Total: 474426 ns
[2025-10-13T17:31:51.724-0700][1207][info ][safepoint   ] Safepoint "Cleanup", Time since last: 1968247536 ns, Reaching safepoint: 310468 ns, Cleanup: 33991 ns, At safepoint: 40972 ns, Total: 385431 ns
[2025-10-13T17:31:52.724-0700][1207][info ][safepoint   ] Safepoint "Cleanup", Time since last: 1000133859 ns, Reaching safepoint: 314825 ns, Cleanup: 88113 ns, At safepoint: 42504 ns, Total: 445442 ns
[2025-10-13T17:31:53.725-0700][1207][info ][safepoint   ] Safepoint "Cleanup", Time since last: 1000126118 ns, Reaching safepoint: 316948 ns, Cleanup: 14071 ns, At safepoint: 45799 ns, Total: 376818 ns
[2025-10-13T17:31:54.725-0700][1207][info ][safepoint   ] Safepoint "Cleanup", Time since last: 1000132407 ns, Reaching safepoint: 333092 ns, Cleanup: 30226 ns, At safepoint: 45559 ns, Total: 408877 ns
[2025-10-13T17:31:55.726-0700][1207][info ][safepoint   ] Safepoint "Cleanup", Time since last: 1000138356 ns, Reaching safepoint: 370399 ns, Cleanup: 33170 ns, At safepoint: 47041 ns, Total: 450610 ns
[2025-10-13T17:31:56.726-0700][1207][info ][safepoint   ] Safepoint "Cleanup", Time since last: 1000134319 ns, Reaching safepoint: 348276 ns, Cleanup: 38077 ns, At safepoint: 49415 ns, Total: 435768 ns
[2025-10-13T17:31:57.727-0700][1207][info ][safepoint   ] Safepoint "Cleanup", Time since last: 1000130504 ns, Reaching safepoint: 344459 ns, Cleanup: 11638 ns, At safepoint: 30135 ns, Total: 386232 ns
[2025-10-13T17:31:58.728-0700][1207][info ][safepoint   ] Safepoint "Cleanup", Time since last: 1000115401 ns, Reaching safepoint: 313674 ns, Cleanup: 31918 ns, At safepoint: 42784 ns, Total: 388376 ns
[2025-10-13T17:31:59.728-0700][1207][info ][safepoint   ] Safepoint "Cleanup", Time since last: 1000121320 ns, Reaching safepoint: 311701 ns, Cleanup: 23145 ns, At safepoint: 41753 ns, Total: 376599 ns
[2025-10-13T17:32:00.728-0700][1207][info ][safepoint   ] Safepoint "Cleanup", Time since last: 1000115060 ns, Reaching safepoint: 311220 ns, Cleanup: 35594 ns, At safepoint: 28392 ns, Total: 375206 ns
[2025-10-13T17:32:01.729-0700][1207][info ][safepoint   ] Safepoint "Cleanup", Time since last: 1000126548 ns, Reaching safepoint: 348877 ns, Cleanup: 49765 ns, At safepoint: 45318 ns, Total: 443960 ns
[2025-10-13T17:32:02.730-0700][1207][info ][safepoint   ] Safepoint "Cleanup", Time since last: 1000135732 ns, Reaching safepoint: 349578 ns, Cleanup: 22103 ns, At safepoint: 44477 ns, Total: 416158 ns
[2025-10-13T17:32:03.730-0700][1207][info ][safepoint   ] Safepoint "Cleanup", Time since last: 1000130634 ns, Reaching safepoint: 339893 ns, Cleanup: 17386 ns, At safepoint: 48513 ns, Total: 405792 ns
[2025-10-13T17:32:04.731-0700][1207][info ][safepoint   ] Safepoint "Cleanup", Time since last: 1000143524 ns, Reaching safepoint: 340864 ns, Cleanup: 28503 ns, At safepoint: 45369 ns, Total: 414736 ns
[2025-10-13T17:32:05.731-0700][1207][info ][safepoint   ] Safepoint "Cleanup", Time since last: 1000132426 ns, Reaching safepoint: 356118 ns, Cleanup: 29344 ns, At safepoint: 47322 ns, Total: 432784 ns
[2025-10-13T17:32:06.732-0700][1207][info ][safepoint   ] Safepoint "Cleanup", Time since last: 1000131765 ns, Reaching safepoint: 348606 ns, Cleanup: 18138 ns, At safepoint: 45288 ns, Total: 412032 ns
[2025-10-13T17:32:08.732-0700][1207][info ][safepoint   ] Safepoint "Cleanup", Time since last: 2000232064 ns, Reaching safepoint: 333453 ns, Cleanup: 11938 ns, At safepoint: 46751 ns, Total: 392142 ns
[2025-10-13T17:32:09.733-0700][1207][info ][safepoint   ] Safepoint "Cleanup", Time since last: 1000134530 ns, Reaching safepoint: 352271 ns, Cleanup: 16405 ns, At safepoint: 45629 ns, Total: 414305 ns
[2025-10-13T17:32:10.734-0700][1207][info ][safepoint   ] Safepoint "Cleanup", Time since last: 1000132757 ns, Reaching safepoint: 379232 ns, Cleanup: 33090 ns, At safepoint: 47933 ns, Total: 460255 ns
[2025-10-13T17:32:11.734-0700][1207][info ][safepoint   ] Safepoint "Cleanup", Time since last: 1000128801 ns, Reaching safepoint: 344960 ns, Cleanup: 31658 ns, At safepoint: 47832 ns, Total: 424450 ns
[2025-10-13T17:32:12.735-0700][1207][info ][safepoint   ] Safepoint "Cleanup", Time since last: 1000115582 ns, Reaching safepoint: 315756 ns, Cleanup: 73521 ns, At safepoint: 33230 ns, Total: 422507 ns
[2025-10-13T17:32:13.735-0700][1207][info ][safepoint   ] Safepoint "Cleanup", Time since last: 1000122232 ns, Reaching safepoint: 335496 ns, Cleanup: 61112 ns, At safepoint: 49986 ns, Total: 446594 ns
[2025-10-13T17:32:14.736-0700][1207][info ][safepoint   ] Safepoint "Cleanup", Time since last: 1000130854 ns, Reaching safepoint: 354325 ns, Cleanup: 41673 ns, At safepoint: 45528 ns, Total: 441526 ns
[2025-10-13T17:32:15.736-0700][1207][info ][safepoint   ] Safepoint "Cleanup", Time since last: 1000121611 ns, Reaching safepoint: 324599 ns, Cleanup: 18538 ns, At safepoint: 47793 ns, Total: 390930 ns
[2025-10-13T17:32:16.737-0700][1207][info ][safepoint   ] Safepoint "Cleanup", Time since last: 1000114549 ns, Reaching safepoint: 351741 ns, Cleanup: 25579 ns, At safepoint: 41873 ns, Total: 419193 ns
[2025-10-13T17:32:17.737-0700][1207][info ][safepoint   ] Safepoint "Cleanup", Time since last: 1000125346 ns, Reaching safepoint: 373774 ns, Cleanup: 20050 ns, At safepoint: 46891 ns, Total: 440715 ns
[2025-10-13T17:32:19.738-0700][1207][info ][safepoint   ] Safepoint "Cleanup", Time since last: 2000215239 ns, Reaching safepoint: 363138 ns, Cleanup: 19950 ns, At safepoint: 51638 ns, Total: 434726 ns
[2025-10-13T17:32:20.739-0700][1207][info ][safepoint   ] Safepoint "Cleanup", Time since last: 1000129131 ns, Reaching safepoint: 360034 ns, Cleanup: 46139 ns, At safepoint: 50246 ns, Total: 456419 ns
[2025-10-13T17:32:21.739-0700][1207][info ][safepoint   ] Safepoint "Cleanup", Time since last: 1000131275 ns, Reaching safepoint: 366433 ns, Cleanup: 19630 ns, At safepoint: 65268 ns, Total: 451331 ns
[2025-10-13T17:32:22.740-0700][1207][info ][safepoint   ] Safepoint "Cleanup", Time since last: 1000120249 ns, Reaching safepoint: 323187 ns, Cleanup: 14482 ns, At safepoint: 28413 ns, Total: 366082 ns
[2025-10-13T17:32:24.318-0700][1207][info ][safepoint   ] Safepoint "Cleanup", Time since last: 1577813795 ns, Reaching safepoint: 358091 ns, Cleanup: 29254 ns, At safepoint: 49314 ns, Total: 436659 ns
[2025-10-13T17:32:25.319-0700][1207][info ][safepoint   ] Safepoint "Cleanup", Time since last: 1000100439 ns, Reaching safepoint: 370719 ns, Cleanup: 14372 ns, At safepoint: 49555 ns, Total: 434646 ns
[2025-10-13T17:32:26.319-0700][1207][info ][safepoint   ] Safepoint "Cleanup", Time since last: 1000103553 ns, Reaching safepoint: 346383 ns, Cleanup: 18367 ns, At safepoint: 50216 ns, Total: 414966 ns
[2025-10-13T17:32:27.320-0700][1207][info ][safepoint   ] Safepoint "Cleanup", Time since last: 1000106958 ns, Reaching safepoint: 368206 ns, Cleanup: 35794 ns, At safepoint: 52269 ns, Total: 456269 ns
[2025-10-13T17:32:28.320-0700][1207][info ][safepoint   ] Safepoint "Cleanup", Time since last: 1000139297 ns, Reaching safepoint: 362407 ns, Cleanup: 16895 ns, At safepoint: 49725 ns, Total: 429027 ns
[2025-10-13T17:32:29.321-0700][1207][info ][safepoint   ] Safepoint "Cleanup", Time since last: 1000128231 ns, Reaching safepoint: 382838 ns, Cleanup: 26309 ns, At safepoint: 50326 ns, Total: 459473 ns
[2025-10-13T17:32:30.321-0700][1207][info ][safepoint   ] Safepoint "Cleanup", Time since last: 1000115802 ns, Reaching safepoint: 386203 ns, Cleanup: 20000 ns, At safepoint: 49865 ns, Total: 456068 ns
[2025-10-13T17:32:31.322-0700][1207][info ][safepoint   ] Safepoint "Cleanup", Time since last: 1000103373 ns, Reaching safepoint: 367184 ns, Cleanup: 27121 ns, At safepoint: 49585 ns, Total: 443890 ns
[2025-10-13T17:32:32.322-0700][1207][info ][safepoint   ] Safepoint "Cleanup", Time since last: 1000118886 ns, Reaching safepoint: 378341 ns, Cleanup: 24487 ns, At safepoint: 45358 ns, Total: 448186 ns
[2025-10-13T17:32:33.323-0700][1207][info ][safepoint   ] Safepoint "Cleanup", Time since last: 1000123203 ns, Reaching safepoint: 358742 ns, Cleanup: 24406 ns, At safepoint: 48133 ns, Total: 431281 ns
[2025-10-13T17:32:34.324-0700][1207][info ][safepoint   ] Safepoint "Cleanup", Time since last: 1000115481 ns, Reaching safepoint: 384551 ns, Cleanup: 13310 ns, At safepoint: 50245 ns, Total: 448106 ns
[2025-10-13T17:32:34.610-0700][1207][info ][gc,start    ] GC(16) Pause Young (Normal) (G1 Evacuation Pause)
[2025-10-13T17:32:34.610-0700][1207][info ][gc,task     ] GC(16) Using 113 workers of 113 for evacuation
[2025-10-13T17:32:34.612-0700][1207][debug][gc,remset   ] GC(16) Visited cards 159744 Total dirty 262144 (60.94%) Total old 38010880 (0.42%)
[2025-10-13T17:32:34.667-0700][1207][info ][gc,phases   ] GC(16)   Pre Evacuate Collection Set: 0.6ms
[2025-10-13T17:32:34.667-0700][1207][info ][gc,phases   ] GC(16)   Merge Heap Roots: 1.4ms
[2025-10-13T17:32:34.667-0700][1207][info ][gc,phases   ] GC(16)   Evacuate Collection Set: 48.9ms
[2025-10-13T17:32:34.667-0700][1207][info ][gc,phases   ] GC(16)   Post Evacuate Collection Set: 6.3ms
[2025-10-13T17:32:34.667-0700][1207][info ][gc,phases   ] GC(16)   Other: 0.3ms
[2025-10-13T17:32:34.667-0700][1207][debug][gc,remset   ] GC(16) Coarsening (recent): Inline->AoC 0 (0) AoC->Howl 0 (0) Howl->Full 0 (0) Inline->AoC 0 (0) AoC->BitMap 0 (0) BitMap->Full 0 (0) 
[2025-10-13T17:32:34.667-0700][1207][debug][gc,remset   ] GC(16) Coarsening (all): Inline->AoC 0 (0) AoC->Howl 0 (0) Howl->Full 0 (0) Inline->AoC 0 (0) AoC->BitMap 0 (0) BitMap->Full 0 (0) 
[2025-10-13T17:32:34.667-0700][1207][info ][gc,heap     ] GC(16) Eden regions: 265->0(269)
[2025-10-13T17:32:34.667-0700][1207][info ][gc,heap     ] GC(16) Survivor regions: 23->19(36)
[2025-10-13T17:32:34.667-0700][1207][info ][gc,heap     ] GC(16) Old regions: 4->10
[2025-10-13T17:32:34.667-0700][1207][info ][gc,heap     ] GC(16) Humongous regions: 0->0
[2025-10-13T17:32:34.667-0700][1207][info ][gc,metaspace] GC(16) Metaspace: 210853K(213312K)->210853K(213312K) NonClass: 186166K(187584K)->186166K(187584K) Class: 24687K(25728K)->24687K(25728K)
[2025-10-13T17:32:34.668-0700][1207][info ][gc          ] GC(16) Pause Young (Normal) (G1 Evacuation Pause) 9285M->892M(184320M) 57.697ms
[2025-10-13T17:32:34.669-0700][1207][info ][gc,cpu      ] GC(16) User=1.52s Sys=0.55s Real=0.06s
[2025-10-13T17:32:34.669-0700][1207][info ][safepoint   ] Safepoint "G1CollectForAllocation", Time since last: 284912587 ns, Reaching safepoint: 389448 ns, Cleanup: 5568 ns, At safepoint: 59786465 ns, Total: 60181481 ns
[2025-10-13T17:32:35.669-0700][1207][info ][safepoint   ] Safepoint "Cleanup", Time since last: 1000092887 ns, Reaching safepoint: 381806 ns, Cleanup: 15143 ns, At safepoint: 65719 ns, Total: 462668 ns
[2025-10-13T17:32:36.670-0700][1207][info ][safepoint   ] Safepoint "Cleanup", Time since last: 1000121851 ns, Reaching safepoint: 380935 ns, Cleanup: 19719 ns, At safepoint: 52980 ns, Total: 453634 ns
[2025-10-13T17:32:37.670-0700][1207][info ][safepoint   ] Safepoint "Cleanup", Time since last: 1000121200 ns, Reaching safepoint: 342647 ns, Cleanup: 11618 ns, At safepoint: 33510 ns, Total: 387775 ns
[2025-10-13T17:32:38.671-0700][1207][info ][safepoint   ] Safepoint "Cleanup", Time since last: 1000103583 ns, Reaching safepoint: 339783 ns, Cleanup: 16705 ns, At safepoint: 32870 ns, Total: 389358 ns
[2025-10-13T17:32:39.671-0700][1207][info ][safepoint   ] Safepoint "Cleanup", Time since last: 1000123593 ns, Reaching safepoint: 393414 ns, Cleanup: 21282 ns, At safepoint: 55574 ns, Total: 470270 ns
[2025-10-13T17:32:40.672-0700][1207][info ][safepoint   ] Safepoint "Cleanup", Time since last: 1000100849 ns, Reaching safepoint: 352482 ns, Cleanup: 39219 ns, At safepoint: 35974 ns, Total: 427675 ns
[2025-10-13T17:32:41.673-0700][1207][info ][safepoint   ] Safepoint "Cleanup", Time since last: 1000113368 ns, Reaching safepoint: 410790 ns, Cleanup: 26220 ns, At safepoint: 52369 ns, Total: 489379 ns
[2025-10-13T17:32:42.673-0700][1207][info ][safepoint   ] Safepoint "Cleanup", Time since last: 1000116042 ns, Reaching safepoint: 385251 ns, Cleanup: 21953 ns, At safepoint: 52990 ns, Total: 460194 ns
[2025-10-13T17:32:43.674-0700][1207][info ][safepoint   ] Safepoint "Cleanup", Time since last: 1000123474 ns, Reaching safepoint: 386403 ns, Cleanup: 19349 ns, At safepoint: 51898 ns, Total: 457650 ns
[2025-10-13T17:32:44.674-0700][1207][info ][safepoint   ] Safepoint "Cleanup", Time since last: 1000129923 ns, Reaching safepoint: 395878 ns, Cleanup: 17776 ns, At safepoint: 57006 ns, Total: 470660 ns
[2025-10-13T17:32:45.675-0700][1207][info ][safepoint   ] Safepoint "Cleanup", Time since last: 1000133058 ns, Reaching safepoint: 391681 ns, Cleanup: 11698 ns, At safepoint: 55984 ns, Total: 459363 ns
[2025-10-13T17:32:46.675-0700][1207][info ][safepoint   ] Safepoint "Cleanup", Time since last: 1000128741 ns, Reaching safepoint: 417611 ns, Cleanup: 14622 ns, At safepoint: 53300 ns, Total: 485533 ns
[2025-10-13T17:32:47.250-0700][1207][info ][gc,start    ] GC(17) Pause Young (Concurrent Start) (CodeCache GC Threshold)
[2025-10-13T17:32:47.250-0700][1207][info ][gc,task     ] GC(17) Using 113 workers of 113 for evacuation
[2025-10-13T17:32:47.252-0700][1207][debug][gc,remset   ] GC(17) Visited cards 314624 Total dirty 655360 (48.01%) Total old 11010048 (2.86%)
[2025-10-13T17:32:47.280-0700][1207][info ][gc,phases   ] GC(17)   Pre Evacuate Collection Set: 0.8ms
[2025-10-13T17:32:47.280-0700][1207][info ][gc,phases   ] GC(17)   Merge Heap Roots: 1.6ms
[2025-10-13T17:32:47.280-0700][1207][info ][gc,phases   ] GC(17)   Evacuate Collection Set: 24.7ms
[2025-10-13T17:32:47.280-0700][1207][info ][gc,phases   ] GC(17)   Post Evacuate Collection Set: 3.3ms
[2025-10-13T17:32:47.280-0700][1207][info ][gc,phases   ] GC(17)   Other: 0.2ms
[2025-10-13T17:32:47.280-0700][1207][debug][gc,remset   ] GC(17) Coarsening (recent): Inline->AoC 0 (0) AoC->Howl 0 (0) Howl->Full 0 (0) Inline->AoC 0 (0) AoC->BitMap 0 (0) BitMap->Full 0 (0) 
[2025-10-13T17:32:47.280-0700][1207][debug][gc,remset   ] GC(17) Coarsening (all): Inline->AoC 0 (0) AoC->Howl 0 (0) Howl->Full 0 (0) Inline->AoC 0 (0) AoC->BitMap 0 (0) BitMap->Full 0 (0) 
[2025-10-13T17:32:47.280-0700][1207][info ][gc,heap     ] GC(17) Eden regions: 60->0(269)
[2025-10-13T17:32:47.280-0700][1207][info ][gc,heap     ] GC(17) Survivor regions: 19->19(36)
[2025-10-13T17:32:47.280-0700][1207][info ][gc,heap     ] GC(17) Old regions: 10->10
[2025-10-13T17:32:47.280-0700][1207][info ][gc,heap     ] GC(17) Humongous regions: 0->0
[2025-10-13T17:32:47.280-0700][1207][info ][gc,metaspace] GC(17) Metaspace: 211015K(213504K)->211015K(213504K) NonClass: 186324K(187712K)->186324K(187712K) Class: 24691K(25792K)->24691K(25792K)
[2025-10-13T17:32:47.280-0700][1207][info ][gc          ] GC(17) Pause Young (Concurrent Start) (CodeCache GC Threshold) 2797M->912M(184320M) 30.628ms
[2025-10-13T17:32:47.281-0700][1090][info ][gc          ] GC(18) Concurrent Mark Cycle
[2025-10-13T17:32:47.281-0700][1090][info ][gc,marking  ] GC(18) Concurrent Scan Root Regions
[2025-10-13T17:32:47.282-0700][1207][info ][gc,cpu      ] GC(17) User=1.24s Sys=0.30s Real=0.04s
[2025-10-13T17:32:47.282-0700][1207][info ][safepoint   ] Safepoint "G1TryInitiateConcMark", Time since last: 572935667 ns, Reaching safepoint: 406514 ns, Cleanup: 12729 ns, At safepoint: 32961382 ns, Total: 33380625 ns
[2025-10-13T17:32:47.289-0700][1090][info ][gc,marking  ] GC(18) Concurrent Scan Root Regions 8.474ms
[2025-10-13T17:32:47.289-0700][1090][info ][gc,marking  ] GC(18) Concurrent Mark
[2025-10-13T17:32:47.289-0700][1090][info ][gc,marking  ] GC(18) Concurrent Mark From Roots
[2025-10-13T17:32:47.289-0700][1090][info ][gc,task     ] GC(18) Using 36 workers of 36 for marking
[2025-10-13T17:32:47.319-0700][1090][info ][gc,marking  ] GC(18) Concurrent Mark From Roots 29.475ms
[2025-10-13T17:32:47.319-0700][1090][info ][gc,marking  ] GC(18) Concurrent Preclean
[2025-10-13T17:32:47.320-0700][1090][info ][gc,marking  ] GC(18) Concurrent Preclean 1.011ms
[2025-10-13T17:32:47.321-0700][1207][info ][gc,start    ] GC(18) Pause Remark
[2025-10-13T17:32:47.455-0700][1207][info ][gc          ] GC(18) Pause Remark 924M->924M(184320M) 133.674ms
[2025-10-13T17:32:47.456-0700][1207][info ][gc,cpu      ] GC(18) User=8.46s Sys=0.10s Real=0.13s
[2025-10-13T17:32:47.456-0700][1207][info ][safepoint   ] Safepoint "G1PauseRemark", Time since last: 37958524 ns, Reaching safepoint: 346253 ns, Cleanup: 4006 ns, At safepoint: 135795771 ns, Total: 136146030 ns
[2025-10-13T17:32:47.456-0700][1090][info ][gc,marking  ] GC(18) Concurrent Mark 166.756ms
[2025-10-13T17:32:47.456-0700][1090][info ][gc,marking  ] GC(18) Concurrent Rebuild Remembered Sets and Scrub Regions
[2025-10-13T17:32:47.465-0700][1090][info ][gc,marking  ] GC(18) Concurrent Rebuild Remembered Sets and Scrub Regions 9.206ms
[2025-10-13T17:32:47.467-0700][1207][info ][gc,start    ] GC(18) Pause Cleanup
[2025-10-13T17:32:47.467-0700][1207][info ][gc          ] GC(18) Pause Cleanup 937M->937M(184320M) 0.385ms
[2025-10-13T17:32:47.468-0700][1207][info ][gc,cpu      ] GC(18) User=0.02s Sys=0.00s Real=0.00s
[2025-10-13T17:32:47.468-0700][1207][info ][safepoint   ] Safepoint "G1PauseCleanup", Time since last: 9327236 ns, Reaching safepoint: 360104 ns, Cleanup: 78118 ns, At safepoint: 2299981 ns, Total: 2738203 ns
[2025-10-13T17:32:47.468-0700][1090][info ][gc,marking  ] GC(18) Concurrent Clear Claimed Marks
[2025-10-13T17:32:47.468-0700][1090][info ][gc,marking  ] GC(18) Concurrent Clear Claimed Marks 0.241ms
[2025-10-13T17:32:47.468-0700][1090][info ][gc,marking  ] GC(18) Concurrent Cleanup for Next Mark
[2025-10-13T17:32:47.493-0700][1090][info ][gc,marking  ] GC(18) Concurrent Cleanup for Next Mark 24.756ms
[2025-10-13T17:32:47.493-0700][1090][info ][gc          ] GC(18) Concurrent Mark Cycle 212.395ms
[2025-10-13T17:32:48.469-0700][1207][info ][safepoint   ] Safepoint "Cleanup", Time since last: 1000104407 ns, Reaching safepoint: 424430 ns, Cleanup: 26100 ns, At safepoint: 50596 ns, Total: 501126 ns
[2025-10-13T17:32:49.469-0700][1207][info ][safepoint   ] Safepoint "Cleanup", Time since last: 1000133433 ns, Reaching safepoint: 392973 ns, Cleanup: 16625 ns, At safepoint: 52669 ns, Total: 462267 ns
[2025-10-13T17:32:50.470-0700][1207][info ][safepoint   ] Safepoint "Cleanup", Time since last: 1000151311 ns, Reaching safepoint: 401645 ns, Cleanup: 39850 ns, At safepoint: 53641 ns, Total: 495136 ns
[2025-10-13T17:32:51.746-0700][1207][info ][safepoint   ] Safepoint "Cleanup", Time since last: 1275580580 ns, Reaching safepoint: 411671 ns, Cleanup: 33250 ns, At safepoint: 53340 ns, Total: 498261 ns
[2025-10-13T17:32:53.747-0700][1207][info ][safepoint   ] Safepoint "Cleanup", Time since last: 2000211273 ns, Reaching safepoint: 429958 ns, Cleanup: 11648 ns, At safepoint: 54141 ns, Total: 495747 ns
[2025-10-13T17:32:54.747-0700][1207][info ][safepoint   ] Safepoint "Cleanup", Time since last: 1000129318 ns, Reaching safepoint: 400624 ns, Cleanup: 10766 ns, At safepoint: 66831 ns, Total: 478221 ns
[2025-10-13T17:32:55.748-0700][1207][info ][safepoint   ] Safepoint "Cleanup", Time since last: 1000130138 ns, Reaching safepoint: 410719 ns, Cleanup: 37066 ns, At safepoint: 53381 ns, Total: 501166 ns
[2025-10-13T17:32:56.748-0700][1207][info ][safepoint   ] Safepoint "Cleanup", Time since last: 1000134715 ns, Reaching safepoint: 409878 ns, Cleanup: 24948 ns, At safepoint: 54311 ns, Total: 489137 ns
[2025-10-13T17:32:57.749-0700][1207][info ][safepoint   ] Safepoint "Cleanup", Time since last: 1000135347 ns, Reaching safepoint: 398130 ns, Cleanup: 17196 ns, At safepoint: 47091 ns, Total: 462417 ns
[2025-10-13T17:32:58.750-0700][1207][info ][safepoint   ] Safepoint "Cleanup", Time since last: 1000145882 ns, Reaching safepoint: 417309 ns, Cleanup: 13821 ns, At safepoint: 55974 ns, Total: 487104 ns
[2025-10-13T17:33:00.750-0700][1207][info ][safepoint   ] Safepoint "Cleanup", Time since last: 2000225725 ns, Reaching safepoint: 432202 ns, Cleanup: 29284 ns, At safepoint: 54833 ns, Total: 516319 ns
[2025-10-13T17:33:01.751-0700][1207][info ][safepoint   ] Safepoint "Cleanup", Time since last: 1000135356 ns, Reaching safepoint: 414825 ns, Cleanup: 28744 ns, At safepoint: 53801 ns, Total: 497370 ns
[2025-10-13T17:33:02.752-0700][1207][info ][safepoint   ] Safepoint "Cleanup", Time since last: 1000129016 ns, Reaching safepoint: 358000 ns, Cleanup: 12589 ns, At safepoint: 33691 ns, Total: 404280 ns
[2025-10-13T17:33:03.752-0700][1207][info ][safepoint   ] Safepoint "Cleanup", Time since last: 1000127454 ns, Reaching safepoint: 403519 ns, Cleanup: 17526 ns, At safepoint: 47572 ns, Total: 468617 ns
[2025-10-13T17:33:04.753-0700][1207][info ][safepoint   ] Safepoint "Cleanup", Time since last: 1000129928 ns, Reaching safepoint: 406202 ns, Cleanup: 14152 ns, At safepoint: 57176 ns, Total: 477530 ns
[2025-10-13T17:33:05.753-0700][1207][info ][safepoint   ] Safepoint "Cleanup", Time since last: 1000135256 ns, Reaching safepoint: 420464 ns, Cleanup: 20911 ns, At safepoint: 57057 ns, Total: 498432 ns
[2025-10-13T17:33:06.754-0700][1207][info ][safepoint   ] Safepoint "Cleanup", Time since last: 1000135316 ns, Reaching safepoint: 409187 ns, Cleanup: 12869 ns, At safepoint: 56876 ns, Total: 478932 ns
[2025-10-13T17:33:07.755-0700][1207][info ][safepoint   ] Safepoint "Cleanup", Time since last: 1000139242 ns, Reaching safepoint: 410359 ns, Cleanup: 22303 ns, At safepoint: 56706 ns, Total: 489368 ns
[2025-10-13T17:33:08.755-0700][1207][info ][safepoint   ] Safepoint "Cleanup", Time since last: 1000130509 ns, Reaching safepoint: 413834 ns, Cleanup: 19519 ns, At safepoint: 59450 ns, Total: 492803 ns
[2025-10-13T17:33:09.756-0700][1207][info ][safepoint   ] Safepoint "Cleanup", Time since last: 1000134455 ns, Reaching safepoint: 407714 ns, Cleanup: 15454 ns, At safepoint: 57506 ns, Total: 480674 ns
[2025-10-13T17:33:10.757-0700][1207][info ][safepoint   ] Safepoint "Cleanup", Time since last: 1000134305 ns, Reaching safepoint: 420724 ns, Cleanup: 18298 ns, At safepoint: 57667 ns, Total: 496689 ns
[2025-10-13T17:33:11.757-0700][1207][info ][safepoint   ] Safepoint "Cleanup", Time since last: 1000142327 ns, Reaching safepoint: 413113 ns, Cleanup: 38868 ns, At safepoint: 69856 ns, Total: 521837 ns
[2025-10-13T17:33:12.758-0700][1207][info ][safepoint   ] Safepoint "Cleanup", Time since last: 1000137469 ns, Reaching safepoint: 416558 ns, Cleanup: 30756 ns, At safepoint: 48293 ns, Total: 495607 ns
[2025-10-13T17:33:13.758-0700][1207][info ][safepoint   ] Safepoint "Cleanup", Time since last: 1000126493 ns, Reaching safepoint: 437309 ns, Cleanup: 30336 ns, At safepoint: 59790 ns, Total: 527435 ns
[2025-10-13T17:33:14.759-0700][1207][info ][safepoint   ] Safepoint "Cleanup", Time since last: 1000134395 ns, Reaching safepoint: 414365 ns, Cleanup: 12879 ns, At safepoint: 57367 ns, Total: 484611 ns
[2025-10-13T17:33:16.760-0700][1207][info ][safepoint   ] Safepoint "Cleanup", Time since last: 2000221178 ns, Reaching safepoint: 431270 ns, Cleanup: 25018 ns, At safepoint: 58007 ns, Total: 514295 ns
[2025-10-13T17:33:17.760-0700][1207][info ][safepoint   ] Safepoint "Cleanup", Time since last: 1000133133 ns, Reaching safepoint: 419282 ns, Cleanup: 26540 ns, At safepoint: 36625 ns, Total: 482447 ns
[2025-10-13T17:33:18.761-0700][1207][info ][safepoint   ] Safepoint "Cleanup", Time since last: 1000109327 ns, Reaching safepoint: 414996 ns, Cleanup: 15614 ns, At safepoint: 55383 ns, Total: 485993 ns
[2025-10-13T17:33:19.762-0700][1207][info ][safepoint   ] Safepoint "Cleanup", Time since last: 1000139663 ns, Reaching safepoint: 429608 ns, Cleanup: 21282 ns, At safepoint: 55073 ns, Total: 505963 ns
[2025-10-13T17:33:20.762-0700][1207][info ][safepoint   ] Safepoint "Cleanup", Time since last: 1000145672 ns, Reaching safepoint: 417810 ns, Cleanup: 36915 ns, At safepoint: 55023 ns, Total: 509748 ns
[2025-10-13T17:33:21.763-0700][1207][info ][safepoint   ] Safepoint "Cleanup", Time since last: 1000138491 ns, Reaching safepoint: 424731 ns, Cleanup: 24617 ns, At safepoint: 54882 ns, Total: 504230 ns
[2025-10-13T17:33:22.764-0700][1207][info ][safepoint   ] Safepoint "Cleanup", Time since last: 1000137971 ns, Reaching safepoint: 419192 ns, Cleanup: 21292 ns, At safepoint: 56535 ns, Total: 497019 ns
[2025-10-13T17:33:24.764-0700][1207][info ][safepoint   ] Safepoint "Cleanup", Time since last: 2000206415 ns, Reaching safepoint: 427695 ns, Cleanup: 15123 ns, At safepoint: 53941 ns, Total: 496759 ns
[2025-10-13T17:33:25.765-0700][1207][info ][safepoint   ] Safepoint "Cleanup", Time since last: 1000137630 ns, Reaching safepoint: 414275 ns, Cleanup: 22734 ns, At safepoint: 55564 ns, Total: 492573 ns
[2025-10-13T17:33:26.766-0700][1207][info ][safepoint   ] Safepoint "Cleanup", Time since last: 1000136638 ns, Reaching safepoint: 431020 ns, Cleanup: 35393 ns, At safepoint: 56956 ns, Total: 523369 ns
[2025-10-13T17:33:27.766-0700][1207][info ][safepoint   ] Safepoint "Cleanup", Time since last: 1000130649 ns, Reaching safepoint: 410780 ns, Cleanup: 33460 ns, At safepoint: 56655 ns, Total: 500895 ns
[2025-10-13T17:33:29.767-0700][1207][info ][safepoint   ] Safepoint "Cleanup", Time since last: 2000218124 ns, Reaching safepoint: 407494 ns, Cleanup: 11968 ns, At safepoint: 54673 ns, Total: 474135 ns
[2025-10-13T17:33:30.768-0700][1207][info ][safepoint   ] Safepoint "Cleanup", Time since last: 1000134935 ns, Reaching safepoint: 448827 ns, Cleanup: 16415 ns, At safepoint: 56345 ns, Total: 521587 ns
[2025-10-13T17:33:31.768-0700][1207][info ][safepoint   ] Safepoint "Cleanup", Time since last: 1000134885 ns, Reaching safepoint: 415156 ns, Cleanup: 36936 ns, At safepoint: 54532 ns, Total: 506624 ns
[2025-10-13T17:33:33.769-0700][1207][info ][safepoint   ] Safepoint "Cleanup", Time since last: 2000224393 ns, Reaching safepoint: 413353 ns, Cleanup: 15904 ns, At safepoint: 58869 ns, Total: 488126 ns
[2025-10-13T17:33:34.770-0700][1207][info ][safepoint   ] Safepoint "Cleanup", Time since last: 1000139432 ns, Reaching safepoint: 418992 ns, Cleanup: 14752 ns, At safepoint: 56315 ns, Total: 490059 ns
[2025-10-13T17:33:36.770-0700][1207][info ][safepoint   ] Safepoint "Cleanup", Time since last: 2000193977 ns, Reaching safepoint: 428976 ns, Cleanup: 16676 ns, At safepoint: 51507 ns, Total: 497159 ns
[2025-10-13T17:33:37.771-0700][1207][info ][safepoint   ] Safepoint "Cleanup", Time since last: 1000120244 ns, Reaching safepoint: 415506 ns, Cleanup: 17416 ns, At safepoint: 55534 ns, Total: 488456 ns
[2025-10-13T17:33:38.772-0700][1207][info ][safepoint   ] Safepoint "Cleanup", Time since last: 1000127845 ns, Reaching safepoint: 439983 ns, Cleanup: 43065 ns, At safepoint: 59730 ns, Total: 542778 ns
[2025-10-13T17:33:40.772-0700][1207][info ][safepoint   ] Safepoint "Cleanup", Time since last: 2000205475 ns, Reaching safepoint: 420003 ns, Cleanup: 68133 ns, At safepoint: 59519 ns, Total: 547655 ns
[2025-10-13T17:33:42.773-0700][1207][info ][safepoint   ] Safepoint "Cleanup", Time since last: 2000189590 ns, Reaching safepoint: 413644 ns, Cleanup: 27972 ns, At safepoint: 55514 ns, Total: 497130 ns
[2025-10-13T17:33:43.774-0700][1207][info ][safepoint   ] Safepoint "Cleanup", Time since last: 1000134024 ns, Reaching safepoint: 422918 ns, Cleanup: 13811 ns, At safepoint: 54422 ns, Total: 491151 ns
[2025-10-13T17:33:45.774-0700][1207][info ][safepoint   ] Safepoint "Cleanup", Time since last: 2000199885 ns, Reaching safepoint: 422898 ns, Cleanup: 13390 ns, At safepoint: 57267 ns, Total: 493555 ns
[2025-10-13T17:33:46.573-0700][1207][info ][safepoint   ] Safepoint "ICBufferFull", Time since last: 797737217 ns, Reaching safepoint: 452172 ns, Cleanup: 204649 ns, At safepoint: 138168 ns, Total: 794989 ns
[2025-10-13T17:33:46.573-0700][1207][info ][safepoint   ] Safepoint "ICBufferFull", Time since last: 81743 ns, Reaching safepoint: 209626 ns, Cleanup: 4487 ns, At safepoint: 113551 ns, Total: 327664 ns
[2025-10-13T17:33:46.574-0700][1207][info ][safepoint   ] Safepoint "ICBufferFull", Time since last: 35784 ns, Reaching safepoint: 131879 ns, Cleanup: 1162 ns, At safepoint: 94142 ns, Total: 227183 ns
[2025-10-13T17:33:46.574-0700][1207][info ][safepoint   ] Safepoint "ICBufferFull", Time since last: 29875 ns, Reaching safepoint: 131749 ns, Cleanup: 1181 ns, At safepoint: 103486 ns, Total: 236416 ns
[2025-10-13T17:33:46.719-0700][1207][info ][safepoint   ] Safepoint "ICBufferFull", Time since last: 144083278 ns, Reaching safepoint: 345802 ns, Cleanup: 217528 ns, At safepoint: 158308 ns, Total: 721638 ns
[2025-10-13T17:33:47.065-0700][1207][info ][safepoint   ] Safepoint "ICBufferFull", Time since last: 345252323 ns, Reaching safepoint: 435206 ns, Cleanup: 200312 ns, At safepoint: 130016 ns, Total: 765534 ns
[2025-10-13T17:33:47.065-0700][1207][info ][safepoint   ] Safepoint "ICBufferFull", Time since last: 70367 ns, Reaching safepoint: 197688 ns, Cleanup: 2443 ns, At safepoint: 99120 ns, Total: 299251 ns
[2025-10-13T17:33:47.182-0700][1207][info ][safepoint   ] Safepoint "ICBufferFull", Time since last: 115706690 ns, Reaching safepoint: 1386330 ns, Cleanup: 145760 ns, At safepoint: 108583 ns, Total: 1640673 ns
[2025-10-13T17:33:47.183-0700][1207][info ][safepoint   ] Safepoint "ICBufferFull", Time since last: 227894 ns, Reaching safepoint: 192440 ns, Cleanup: 2264 ns, At safepoint: 109825 ns, Total: 304529 ns
[2025-10-13T17:33:47.183-0700][1207][info ][safepoint   ] Safepoint "ICBufferFull", Time since last: 120903 ns, Reaching safepoint: 291008 ns, Cleanup: 1393 ns, At safepoint: 138328 ns, Total: 430729 ns
[2025-10-13T17:33:47.184-0700][1207][info ][safepoint   ] Safepoint "ICBufferFull", Time since last: 154223 ns, Reaching safepoint: 200051 ns, Cleanup: 1462 ns, At safepoint: 121073 ns, Total: 322586 ns
[2025-10-13T17:33:47.184-0700][1207][info ][safepoint   ] Safepoint "ICBufferFull", Time since last: 115644 ns, Reaching safepoint: 237038 ns, Cleanup: 5708 ns, At safepoint: 107783 ns, Total: 350529 ns
[2025-10-13T17:33:47.185-0700][1207][info ][safepoint   ] Safepoint "ICBufferFull", Time since last: 121804 ns, Reaching safepoint: 238940 ns, Cleanup: 571 ns, At safepoint: 120582 ns, Total: 360093 ns
[2025-10-13T17:33:47.185-0700][1207][info ][safepoint   ] Safepoint "ICBufferFull", Time since last: 99650 ns, Reaching safepoint: 179641 ns, Cleanup: 440 ns, At safepoint: 141143 ns, Total: 321224 ns
[2025-10-13T17:33:47.186-0700][1207][info ][safepoint   ] Safepoint "ICBufferFull", Time since last: 57797 ns, Reaching safepoint: 163897 ns, Cleanup: 1132 ns, At safepoint: 117778 ns, Total: 282807 ns
[2025-10-13T17:33:47.186-0700][1207][info ][safepoint   ] Safepoint "ICBufferFull", Time since last: 64106 ns, Reaching safepoint: 201614 ns, Cleanup: 411 ns, At safepoint: 82575 ns, Total: 284600 ns
[2025-10-13T17:33:47.651-0700][1207][info ][safepoint   ] Safepoint "ICBufferFull", Time since last: 463981910 ns, Reaching safepoint: 484381 ns, Cleanup: 150417 ns, At safepoint: 138308 ns, Total: 773106 ns
[2025-10-13T17:33:47.789-0700][1207][info ][safepoint   ] Safepoint "ICBufferFull", Time since last: 137661174 ns, Reaching safepoint: 441596 ns, Cleanup: 169476 ns, At safepoint: 115604 ns, Total: 726676 ns
[2025-10-13T17:33:47.789-0700][1207][info ][safepoint   ] Safepoint "ICBufferFull", Time since last: 67422 ns, Reaching safepoint: 174633 ns, Cleanup: 1051 ns, At safepoint: 90918 ns, Total: 266602 ns
[2025-10-13T17:33:47.790-0700][1207][info ][safepoint   ] Safepoint "ICBufferFull", Time since last: 43415 ns, Reaching safepoint: 137127 ns, Cleanup: 881 ns, At safepoint: 97277 ns, Total: 235285 ns
[2025-10-13T17:33:47.790-0700][1207][info ][safepoint   ] Safepoint "ICBufferFull", Time since last: 43515 ns, Reaching safepoint: 136306 ns, Cleanup: 3315 ns, At safepoint: 106891 ns, Total: 246512 ns
[2025-10-13T17:33:47.790-0700][1207][info ][safepoint   ] Safepoint "ICBufferFull", Time since last: 49064 ns, Reaching safepoint: 145820 ns, Cleanup: 611 ns, At safepoint: 107732 ns, Total: 254163 ns
[2025-10-13T17:33:47.791-0700][1207][info ][safepoint   ] Safepoint "ICBufferFull", Time since last: 63045 ns, Reaching safepoint: 143337 ns, Cleanup: 1121 ns, At safepoint: 124678 ns, Total: 269136 ns
[2025-10-13T17:33:47.791-0700][1207][info ][safepoint   ] Safepoint "ICBufferFull", Time since last: 53791 ns, Reaching safepoint: 140502 ns, Cleanup: 5679 ns, At safepoint: 113040 ns, Total: 259221 ns
[2025-10-13T17:33:47.791-0700][1207][info ][safepoint   ] Safepoint "ICBufferFull", Time since last: 52259 ns, Reaching safepoint: 134783 ns, Cleanup: 1052 ns, At safepoint: 129415 ns, Total: 265250 ns
[2025-10-13T17:33:47.792-0700][1207][info ][safepoint   ] Safepoint "ICBufferFull", Time since last: 41883 ns, Reaching safepoint: 141183 ns, Cleanup: 3605 ns, At safepoint: 109065 ns, Total: 253853 ns
[2025-10-13T17:33:47.792-0700][1207][info ][safepoint   ] Safepoint "ICBufferFull", Time since last: 46610 ns, Reaching safepoint: 139350 ns, Cleanup: 852 ns, At safepoint: 91628 ns, Total: 231830 ns
[2025-10-13T17:33:47.792-0700][1207][info ][safepoint   ] Safepoint "ICBufferFull", Time since last: 32038 ns, Reaching safepoint: 132920 ns, Cleanup: 1142 ns, At safepoint: 94232 ns, Total: 228294 ns
[2025-10-13T17:33:47.837-0700][1207][info ][gc,start    ] GC(19) Pause Young (Prepare Mixed) (G1 Evacuation Pause)
[2025-10-13T17:33:47.837-0700][1207][info ][gc,task     ] GC(19) Using 113 workers of 113 for evacuation
[2025-10-13T17:33:47.840-0700][1207][debug][gc,remset   ] GC(19) Visited cards 337920 Total dirty 655360 (51.56%) Total old 38404096 (0.88%)
[2025-10-13T17:33:47.881-0700][1207][info ][gc,phases   ] GC(19)   Pre Evacuate Collection Set: 0.6ms
[2025-10-13T17:33:47.881-0700][1207][info ][gc,phases   ] GC(19)   Merge Heap Roots: 2.3ms
[2025-10-13T17:33:47.881-0700][1207][info ][gc,phases   ] GC(19)   Evacuate Collection Set: 37.8ms
[2025-10-13T17:33:47.881-0700][1207][info ][gc,phases   ] GC(19)   Post Evacuate Collection Set: 3.7ms
[2025-10-13T17:33:47.881-0700][1207][info ][gc,phases   ] GC(19)   Other: 0.1ms
[2025-10-13T17:33:47.881-0700][1207][debug][gc,remset   ] GC(19) Coarsening (recent): Inline->AoC 145 (0) AoC->Howl 39 (0) Howl->Full 0 (0) Inline->AoC 225 (0) AoC->BitMap 23 (0) BitMap->Full 0 (0) 
[2025-10-13T17:33:47.881-0700][1207][debug][gc,remset   ] GC(19) Coarsening (all): Inline->AoC 145 (0) AoC->Howl 39 (0) Howl->Full 0 (0) Inline->AoC 225 (0) AoC->BitMap 23 (0) BitMap->Full 0 (0) 
[2025-10-13T17:33:47.881-0700][1207][info ][gc,heap     ] GC(19) Eden regions: 269->0(265)
[2025-10-13T17:33:47.881-0700][1207][info ][gc,heap     ] GC(19) Survivor regions: 19->23(36)
[2025-10-13T17:33:47.881-0700][1207][info ][gc,heap     ] GC(19) Old regions: 10->10
[2025-10-13T17:33:47.881-0700][1207][info ][gc,heap     ] GC(19) Humongous regions: 0->0
[2025-10-13T17:33:47.881-0700][1207][info ][gc,metaspace] GC(19) Metaspace: 217637K(220096K)->217637K(220096K) NonClass: 192033K(193408K)->192033K(193408K) Class: 25603K(26688K)->25603K(26688K)
[2025-10-13T17:33:47.881-0700][1207][info ][gc          ] GC(19) Pause Young (Prepare Mixed) (G1 Evacuation Pause) 9520M->1042M(184320M) 44.689ms
[2025-10-13T17:33:47.882-0700][1207][info ][gc,cpu      ] GC(19) User=1.51s Sys=0.00s Real=0.05s
[2025-10-13T17:33:47.883-0700][1207][info ][safepoint   ] Safepoint "G1CollectForAllocation", Time since last: 42442508 ns, Reaching safepoint: 779735 ns, Cleanup: 111168 ns, At safepoint: 47317178 ns, Total: 48208081 ns
[2025-10-13T17:33:47.935-0700][1207][info ][safepoint   ] Safepoint "ICBufferFull", Time since last: 45923857 ns, Reaching safepoint: 5853656 ns, Cleanup: 183757 ns, At safepoint: 156496 ns, Total: 6193909 ns
[2025-10-13T17:33:47.942-0700][1207][info ][safepoint   ] Safepoint "ICBufferFull", Time since last: 6578149 ns, Reaching safepoint: 297849 ns, Cleanup: 24537 ns, At safepoint: 101523 ns, Total: 423909 ns
[2025-10-13T17:33:48.012-0700][1207][info ][safepoint   ] Safepoint "ICBufferFull", Time since last: 67467833 ns, Reaching safepoint: 2461010 ns, Cleanup: 185120 ns, At safepoint: 73410 ns, Total: 2719540 ns
[2025-10-13T17:33:48.110-0700][1207][info ][safepoint   ] Safepoint "ICBufferFull", Time since last: 83671826 ns, Reaching safepoint: 13542851 ns, Cleanup: 202245 ns, At safepoint: 80962 ns, Total: 13826058 ns
[2025-10-13T17:33:48.111-0700][1207][info ][safepoint   ] Safepoint "ICBufferFull", Time since last: 742119 ns, Reaching safepoint: 272090 ns, Cleanup: 10366 ns, At safepoint: 56425 ns, Total: 338881 ns
[2025-10-13T17:33:48.118-0700][1207][info ][safepoint   ] Safepoint "ICBufferFull", Time since last: 120702 ns, Reaching safepoint: 6787034 ns, Cleanup: 13400 ns, At safepoint: 79910 ns, Total: 6880344 ns
[2025-10-13T17:33:48.121-0700][1207][info ][safepoint   ] Safepoint "ICBufferFull", Time since last: 127302 ns, Reaching safepoint: 3389761 ns, Cleanup: 4577 ns, At safepoint: 88163 ns, Total: 3482501 ns
[2025-10-13T17:33:48.125-0700][1207][info ][safepoint   ] Safepoint "ICBufferFull", Time since last: 119130 ns, Reaching safepoint: 3106825 ns, Cleanup: 2033 ns, At safepoint: 86029 ns, Total: 3194887 ns
[2025-10-13T17:33:48.127-0700][1207][info ][safepoint   ] Safepoint "ICBufferFull", Time since last: 153933 ns, Reaching safepoint: 2188550 ns, Cleanup: 951 ns, At safepoint: 53861 ns, Total: 2243362 ns
[2025-10-13T17:33:48.129-0700][1207][info ][safepoint   ] Safepoint "ICBufferFull", Time since last: 128594 ns, Reaching safepoint: 1973566 ns, Cleanup: 6179 ns, At safepoint: 48604 ns, Total: 2028349 ns
[2025-10-13T17:33:48.131-0700][1207][info ][safepoint   ] Safepoint "ICBufferFull", Time since last: 114212 ns, Reaching safepoint: 1800354 ns, Cleanup: 13441 ns, At safepoint: 51137 ns, Total: 1864932 ns
[2025-10-13T17:33:48.132-0700][1207][info ][safepoint   ] Safepoint "ICBufferFull", Time since last: 115093 ns, Reaching safepoint: 889632 ns, Cleanup: 8663 ns, At safepoint: 58378 ns, Total: 956673 ns
[2025-10-13T17:33:48.133-0700][1207][info ][safepoint   ] Safepoint "ICBufferFull", Time since last: 113481 ns, Reaching safepoint: 314274 ns, Cleanup: 3135 ns, At safepoint: 74702 ns, Total: 392111 ns
[2025-10-13T17:33:48.133-0700][1207][info ][safepoint   ] Safepoint "ICBufferFull", Time since last: 79370 ns, Reaching safepoint: 307243 ns, Cleanup: 3936 ns, At safepoint: 64638 ns, Total: 375817 ns
[2025-10-13T17:33:48.134-0700][1207][info ][safepoint   ] Safepoint "ICBufferFull", Time since last: 134573 ns, Reaching safepoint: 178439 ns, Cleanup: 3565 ns, At safepoint: 111618 ns, Total: 293622 ns
[2025-10-13T17:33:48.134-0700][1207][info ][safepoint   ] Safepoint "ICBufferFull", Time since last: 112129 ns, Reaching safepoint: 168294 ns, Cleanup: 912 ns, At safepoint: 139109 ns, Total: 308315 ns
[2025-10-13T17:33:48.134-0700][1207][info ][safepoint   ] Safepoint "ICBufferFull", Time since last: 105129 ns, Reaching safepoint: 171028 ns, Cleanup: 671 ns, At safepoint: 122805 ns, Total: 294504 ns
[2025-10-13T17:33:48.135-0700][1207][info ][safepoint   ] Safepoint "ICBufferFull", Time since last: 83766 ns, Reaching safepoint: 169726 ns, Cleanup: 1032 ns, At safepoint: 159180 ns, Total: 329938 ns
[2025-10-13T17:33:48.135-0700][1207][info ][safepoint   ] Safepoint "ICBufferFull", Time since last: 96305 ns, Reaching safepoint: 176005 ns, Cleanup: 1813 ns, At safepoint: 102164 ns, Total: 279982 ns
[2025-10-13T17:33:48.136-0700][1207][info ][safepoint   ] Safepoint "ICBufferFull", Time since last: 89986 ns, Reaching safepoint: 231339 ns, Cleanup: 791 ns, At safepoint: 99229 ns, Total: 331359 ns
[2025-10-13T17:33:48.136-0700][1207][info ][safepoint   ] Safepoint "ICBufferFull", Time since last: 100522 ns, Reaching safepoint: 162595 ns, Cleanup: 4006 ns, At safepoint: 114303 ns, Total: 280904 ns
[2025-10-13T17:33:48.136-0700][1207][info ][safepoint   ] Safepoint "ICBufferFull", Time since last: 88573 ns, Reaching safepoint: 227233 ns, Cleanup: 641 ns, At safepoint: 107402 ns, Total: 335276 ns
[2025-10-13T17:33:48.137-0700][1207][info ][safepoint   ] Safepoint "ICBufferFull", Time since last: 112469 ns, Reaching safepoint: 155855 ns, Cleanup: 491 ns, At safepoint: 90727 ns, Total: 247073 ns
[2025-10-13T17:33:48.137-0700][1207][info ][safepoint   ] Safepoint "ICBufferFull", Time since last: 82154 ns, Reaching safepoint: 282516 ns, Cleanup: 1051 ns, At safepoint: 109585 ns, Total: 393152 ns
[2025-10-13T17:33:48.139-0700][1207][info ][safepoint   ] Safepoint "ICBufferFull", Time since last: 477931 ns, Reaching safepoint: 850252 ns, Cleanup: 731 ns, At safepoint: 58669 ns, Total: 909652 ns
[2025-10-13T17:33:48.139-0700][1207][info ][safepoint   ] Safepoint "ICBufferFull", Time since last: 92770 ns, Reaching safepoint: 158639 ns, Cleanup: 1091 ns, At safepoint: 102285 ns, Total: 262015 ns
[2025-10-13T17:33:48.139-0700][1207][info ][safepoint   ] Safepoint "ICBufferFull", Time since last: 80751 ns, Reaching safepoint: 165911 ns, Cleanup: 430 ns, At safepoint: 123296 ns, Total: 289637 ns
[2025-10-13T17:33:48.140-0700][1207][info ][safepoint   ] Safepoint "ICBufferFull", Time since last: 73291 ns, Reaching safepoint: 894008 ns, Cleanup: 741 ns, At safepoint: 93251 ns, Total: 988000 ns
[2025-10-13T17:33:48.141-0700][1207][info ][safepoint   ] Safepoint "ICBufferFull", Time since last: 78698 ns, Reaching safepoint: 538943 ns, Cleanup: 3135 ns, At safepoint: 126701 ns, Total: 668779 ns
[2025-10-13T17:33:48.142-0700][1207][info ][safepoint   ] Safepoint "ICBufferFull", Time since last: 77136 ns, Reaching safepoint: 1082452 ns, Cleanup: 911 ns, At safepoint: 133902 ns, Total: 1217265 ns
[2025-10-13T17:33:48.144-0700][1207][info ][safepoint   ] Safepoint "ICBufferFull", Time since last: 76516 ns, Reaching safepoint: 1105827 ns, Cleanup: 571 ns, At safepoint: 136736 ns, Total: 1243134 ns
[2025-10-13T17:33:48.144-0700][1207][info ][safepoint   ] Safepoint "ICBufferFull", Time since last: 85910 ns, Reaching safepoint: 171168 ns, Cleanup: 6600 ns, At safepoint: 118589 ns, Total: 296357 ns
[2025-10-13T17:33:48.145-0700][1207][info ][safepoint   ] Safepoint "ICBufferFull", Time since last: 85048 ns, Reaching safepoint: 165700 ns, Cleanup: 1232 ns, At safepoint: 114482 ns, Total: 281414 ns
[2025-10-13T17:33:48.145-0700][1207][info ][safepoint   ] Safepoint "ICBufferFull", Time since last: 135515 ns, Reaching safepoint: 139209 ns, Cleanup: 1443 ns, At safepoint: 52779 ns, Total: 193431 ns
[2025-10-13T17:33:48.145-0700][1207][info ][safepoint   ] Safepoint "ICBufferFull", Time since last: 88974 ns, Reaching safepoint: 150998 ns, Cleanup: 2844 ns, At safepoint: 113051 ns, Total: 266893 ns
[2025-10-13T17:33:48.146-0700][1207][info ][safepoint   ] Safepoint "ICBufferFull", Time since last: 71448 ns, Reaching safepoint: 151127 ns, Cleanup: 1052 ns, At safepoint: 85799 ns, Total: 237978 ns
[2025-10-13T17:33:48.148-0700][1207][info ][safepoint   ] Safepoint "ICBufferFull", Time since last: 161233 ns, Reaching safepoint: 2203323 ns, Cleanup: 741 ns, At safepoint: 88103 ns, Total: 2292167 ns
[2025-10-13T17:33:48.148-0700][1207][info ][safepoint   ] Safepoint "ICBufferFull", Time since last: 78488 ns, Reaching safepoint: 162615 ns, Cleanup: 631 ns, At safepoint: 89816 ns, Total: 253062 ns
[2025-10-13T17:33:48.149-0700][1207][info ][safepoint   ] Safepoint "ICBufferFull", Time since last: 63826 ns, Reaching safepoint: 149816 ns, Cleanup: 951 ns, At safepoint: 72079 ns, Total: 222846 ns
[2025-10-13T17:33:48.149-0700][1207][info ][safepoint   ] Safepoint "ICBufferFull", Time since last: 57196 ns, Reaching safepoint: 151589 ns, Cleanup: 831 ns, At safepoint: 72509 ns, Total: 224929 ns
[2025-10-13T17:33:48.149-0700][1207][info ][safepoint   ] Safepoint "ICBufferFull", Time since last: 77537 ns, Reaching safepoint: 150087 ns, Cleanup: 901 ns, At safepoint: 70256 ns, Total: 221244 ns
[2025-10-13T17:33:48.149-0700][1207][info ][safepoint   ] Safepoint "ICBufferFull", Time since last: 134523 ns, Reaching safepoint: 139440 ns, Cleanup: 801 ns, At safepoint: 53791 ns, Total: 194032 ns
[2025-10-13T17:33:48.150-0700][1207][info ][safepoint   ] Safepoint "ICBufferFull", Time since last: 60552 ns, Reaching safepoint: 145008 ns, Cleanup: 641 ns, At safepoint: 78539 ns, Total: 224188 ns
[2025-10-13T17:33:48.150-0700][1207][info ][safepoint   ] Safepoint "ICBufferFull", Time since last: 148904 ns, Reaching safepoint: 137708 ns, Cleanup: 9674 ns, At safepoint: 53681 ns, Total: 201063 ns
[2025-10-13T17:33:48.150-0700][1207][info ][safepoint   ] Safepoint "ICBufferFull", Time since last: 122235 ns, Reaching safepoint: 141503 ns, Cleanup: 982 ns, At safepoint: 53080 ns, Total: 195565 ns
[2025-10-13T17:33:48.151-0700][1207][info ][safepoint   ] Safepoint "ICBufferFull", Time since last: 64527 ns, Reaching safepoint: 209376 ns, Cleanup: 631 ns, At safepoint: 74081 ns, Total: 284088 ns
[2025-10-13T17:33:48.158-0700][1207][info ][safepoint   ] Safepoint "ICBufferFull", Time since last: 57427 ns, Reaching safepoint: 7446869 ns, Cleanup: 3866 ns, At safepoint: 95223 ns, Total: 7545958 ns
[2025-10-13T17:33:48.159-0700][1207][info ][safepoint   ] Safepoint "ICBufferFull", Time since last: 76926 ns, Reaching safepoint: 186421 ns, Cleanup: 881 ns, At safepoint: 76265 ns, Total: 263567 ns
[2025-10-13T17:33:48.159-0700][1207][info ][safepoint   ] Safepoint "ICBufferFull", Time since last: 57207 ns, Reaching safepoint: 147182 ns, Cleanup: 791 ns, At safepoint: 70476 ns, Total: 218449 ns
[2025-10-13T17:33:48.159-0700][1207][info ][safepoint   ] Safepoint "ICBufferFull", Time since last: 88073 ns, Reaching safepoint: 147943 ns, Cleanup: 521 ns, At safepoint: 60150 ns, Total: 208614 ns
[2025-10-13T17:33:48.160-0700][1207][info ][safepoint   ] Safepoint "ICBufferFull", Time since last: 156426 ns, Reaching safepoint: 146021 ns, Cleanup: 1121 ns, At safepoint: 49295 ns, Total: 196437 ns
[2025-10-13T17:33:48.160-0700][1207][info ][safepoint   ] Safepoint "ICBufferFull", Time since last: 58398 ns, Reaching safepoint: 146511 ns, Cleanup: 981 ns, At safepoint: 75824 ns, Total: 223316 ns
[2025-10-13T17:33:48.160-0700][1207][info ][safepoint   ] Safepoint "ICBufferFull", Time since last: 82635 ns, Reaching safepoint: 131028 ns, Cleanup: 1101 ns, At safepoint: 58659 ns, Total: 190788 ns
[2025-10-13T17:33:48.161-0700][1207][info ][safepoint   ] Safepoint "ICBufferFull", Time since last: 114562 ns, Reaching safepoint: 139581 ns, Cleanup: 3145 ns, At safepoint: 53821 ns, Total: 196547 ns
[2025-10-13T17:33:48.167-0700][1207][info ][safepoint   ] Safepoint "ICBufferFull", Time since last: 60231 ns, Reaching safepoint: 6432719 ns, Cleanup: 1032 ns, At safepoint: 115614 ns, Total: 6549365 ns
[2025-10-13T17:33:48.173-0700][1207][info ][safepoint   ] Safepoint "ICBufferFull", Time since last: 63756 ns, Reaching safepoint: 5453674 ns, Cleanup: 851 ns, At safepoint: 98929 ns, Total: 5553454 ns
[2025-10-13T17:33:48.173-0700][1207][info ][safepoint   ] Safepoint "ICBufferFull", Time since last: 79119 ns, Reaching safepoint: 552884 ns, Cleanup: 2854 ns, At safepoint: 107142 ns, Total: 662880 ns
[2025-10-13T17:33:48.181-0700][1207][info ][safepoint   ] Safepoint "ICBufferFull", Time since last: 6803328 ns, Reaching safepoint: 251840 ns, Cleanup: 8653 ns, At safepoint: 71178 ns, Total: 331671 ns
[2025-10-13T17:33:48.181-0700][1207][info ][safepoint   ] Safepoint "ICBufferFull", Time since last: 75674 ns, Reaching safepoint: 332361 ns, Cleanup: 851 ns, At safepoint: 53501 ns, Total: 386713 ns
[2025-10-13T17:33:48.181-0700][1207][info ][safepoint   ] Safepoint "ICBufferFull", Time since last: 55874 ns, Reaching safepoint: 152580 ns, Cleanup: 962 ns, At safepoint: 71327 ns, Total: 224869 ns
[2025-10-13T17:33:48.182-0700][1207][info ][safepoint   ] Safepoint "ICBufferFull", Time since last: 50416 ns, Reaching safepoint: 339522 ns, Cleanup: 2864 ns, At safepoint: 107082 ns, Total: 449468 ns
[2025-10-13T17:33:48.201-0700][1207][info ][safepoint   ] Safepoint "ICBufferFull", Time since last: 49254 ns, Reaching safepoint: 19144037 ns, Cleanup: 1692 ns, At safepoint: 166932 ns, Total: 19312661 ns
[2025-10-13T17:33:48.202-0700][1207][info ][safepoint   ] Safepoint "ICBufferFull", Time since last: 62815 ns, Reaching safepoint: 224017 ns, Cleanup: 8393 ns, At safepoint: 71668 ns, Total: 304078 ns
[2025-10-13T17:33:48.202-0700][1207][info ][safepoint   ] Safepoint "ICBufferFull", Time since last: 56185 ns, Reaching safepoint: 149585 ns, Cleanup: 1222 ns, At safepoint: 66150 ns, Total: 216957 ns
[2025-10-13T17:33:48.202-0700][1207][info ][safepoint   ] Safepoint "ICBufferFull", Time since last: 68934 ns, Reaching safepoint: 135214 ns, Cleanup: 1262 ns, At safepoint: 62344 ns, Total: 198820 ns
[2025-10-13T17:33:48.202-0700][1207][info ][safepoint   ] Safepoint "ICBufferFull", Time since last: 56074 ns, Reaching safepoint: 135525 ns, Cleanup: 1262 ns, At safepoint: 70165 ns, Total: 206952 ns
[2025-10-13T17:33:48.203-0700][1207][info ][safepoint   ] Safepoint "ICBufferFull", Time since last: 122555 ns, Reaching safepoint: 136947 ns, Cleanup: 3545 ns, At safepoint: 56886 ns, Total: 197378 ns
[2025-10-13T17:33:48.203-0700][1207][info ][safepoint   ] Safepoint "ICBufferFull", Time since last: 50065 ns, Reaching safepoint: 145780 ns, Cleanup: 3796 ns, At safepoint: 70827 ns, Total: 220403 ns
[2025-10-13T17:33:48.203-0700][1207][info ][safepoint   ] Safepoint "ICBufferFull", Time since last: 34732 ns, Reaching safepoint: 138729 ns, Cleanup: 891 ns, At safepoint: 67102 ns, Total: 206722 ns
[2025-10-13T17:33:48.203-0700][1207][info ][safepoint   ] Safepoint "ICBufferFull", Time since last: 41642 ns, Reaching safepoint: 140983 ns, Cleanup: 3525 ns, At safepoint: 73000 ns, Total: 217508 ns
[2025-10-13T17:33:48.204-0700][1207][info ][safepoint   ] Safepoint "ICBufferFull", Time since last: 39400 ns, Reaching safepoint: 139660 ns, Cleanup: 1232 ns, At safepoint: 60151 ns, Total: 201043 ns
[2025-10-13T17:33:48.204-0700][1207][info ][safepoint   ] Safepoint "ICBufferFull", Time since last: 59349 ns, Reaching safepoint: 577912 ns, Cleanup: 551 ns, At safepoint: 79630 ns, Total: 658093 ns
[2025-10-13T17:33:48.205-0700][1207][info ][safepoint   ] Safepoint "ICBufferFull", Time since last: 47491 ns, Reaching safepoint: 156927 ns, Cleanup: 641 ns, At safepoint: 76816 ns, Total: 234384 ns
[2025-10-13T17:33:48.207-0700][1207][info ][safepoint   ] Safepoint "ICBufferFull", Time since last: 42324 ns, Reaching safepoint: 2201349 ns, Cleanup: 811 ns, At safepoint: 108934 ns, Total: 2311094 ns
[2025-10-13T17:33:48.214-0700][1207][info ][safepoint   ] Safepoint "ICBufferFull", Time since last: 49685 ns, Reaching safepoint: 6692321 ns, Cleanup: 4157 ns, At safepoint: 88643 ns, Total: 6785121 ns
[2025-10-13T17:33:48.214-0700][1207][info ][safepoint   ] Safepoint "ICBufferFull", Time since last: 56846 ns, Reaching safepoint: 174954 ns, Cleanup: 981 ns, At safepoint: 80602 ns, Total: 256537 ns
[2025-10-13T17:33:48.214-0700][1207][info ][safepoint   ] Safepoint "ICBufferFull", Time since last: 38939 ns, Reaching safepoint: 137176 ns, Cleanup: 3496 ns, At safepoint: 61352 ns, Total: 202024 ns
[2025-10-13T17:33:48.215-0700][1207][info ][safepoint   ] Safepoint "ICBufferFull", Time since last: 43326 ns, Reaching safepoint: 144407 ns, Cleanup: 3806 ns, At safepoint: 66080 ns, Total: 214293 ns
[2025-10-13T17:33:48.215-0700][1207][info ][safepoint   ] Safepoint "ICBufferFull", Time since last: 37096 ns, Reaching safepoint: 138909 ns, Cleanup: 1072 ns, At safepoint: 57506 ns, Total: 197487 ns
[2025-10-13T17:33:48.222-0700][1207][info ][safepoint   ] Safepoint "ICBufferFull", Time since last: 6351177 ns, Reaching safepoint: 241695 ns, Cleanup: 31106 ns, At safepoint: 58188 ns, Total: 330989 ns
[2025-10-13T17:33:48.222-0700][1207][info ][safepoint   ] Safepoint "ICBufferFull", Time since last: 45098 ns, Reaching safepoint: 171339 ns, Cleanup: 1181 ns, At safepoint: 120472 ns, Total: 292992 ns
[2025-10-13T17:33:48.222-0700][1207][info ][safepoint   ] Safepoint "ICBufferFull", Time since last: 241845 ns, Reaching safepoint: 158979 ns, Cleanup: 1242 ns, At safepoint: 59440 ns, Total: 219661 ns
[2025-10-13T17:33:48.223-0700][1207][info ][safepoint   ] Safepoint "ICBufferFull", Time since last: 31457 ns, Reaching safepoint: 135284 ns, Cleanup: 1112 ns, At safepoint: 54051 ns, Total: 190447 ns
[2025-10-13T17:33:48.223-0700][1207][info ][safepoint   ] Safepoint "ICBufferFull", Time since last: 29946 ns, Reaching safepoint: 319041 ns, Cleanup: 681 ns, At safepoint: 51127 ns, Total: 370849 ns
[2025-10-13T17:33:48.223-0700][1207][info ][safepoint   ] Safepoint "ICBufferFull", Time since last: 44046 ns, Reaching safepoint: 138980 ns, Cleanup: 951 ns, At safepoint: 56996 ns, Total: 196927 ns
[2025-10-13T17:33:48.224-0700][1207][info ][safepoint   ] Safepoint "ICBufferFull", Time since last: 31097 ns, Reaching safepoint: 132019 ns, Cleanup: 972 ns, At safepoint: 51577 ns, Total: 184568 ns
[2025-10-13T17:33:48.224-0700][1207][info ][safepoint   ] Safepoint "ICBufferFull", Time since last: 28483 ns, Reaching safepoint: 134283 ns, Cleanup: 911 ns, At safepoint: 55464 ns, Total: 190658 ns
[2025-10-13T17:33:48.224-0700][1207][info ][safepoint   ] Safepoint "ICBufferFull", Time since last: 29464 ns, Reaching safepoint: 194353 ns, Cleanup: 601 ns, At safepoint: 53431 ns, Total: 248385 ns
[2025-10-13T17:33:48.224-0700][1207][info ][safepoint   ] Safepoint "ICBufferFull", Time since last: 24517 ns, Reaching safepoint: 136986 ns, Cleanup: 491 ns, At safepoint: 55474 ns, Total: 192951 ns
[2025-10-13T17:33:48.225-0700][1207][info ][safepoint   ] Safepoint "ICBufferFull", Time since last: 80812 ns, Reaching safepoint: 140231 ns, Cleanup: 1022 ns, At safepoint: 53260 ns, Total: 194513 ns
[2025-10-13T17:33:48.225-0700][1207][info ][safepoint   ] Safepoint "ICBufferFull", Time since last: 32269 ns, Reaching safepoint: 129745 ns, Cleanup: 1202 ns, At safepoint: 52830 ns, Total: 183777 ns
[2025-10-13T17:33:48.225-0700][1207][info ][safepoint   ] Safepoint "ICBufferFull", Time since last: 24857 ns, Reaching safepoint: 136676 ns, Cleanup: 1252 ns, At safepoint: 56996 ns, Total: 194924 ns
[2025-10-13T17:33:48.225-0700][1207][info ][safepoint   ] Safepoint "ICBufferFull", Time since last: 23576 ns, Reaching safepoint: 134362 ns, Cleanup: 972 ns, At safepoint: 55754 ns, Total: 191088 ns
[2025-10-13T17:33:48.226-0700][1207][info ][safepoint   ] Safepoint "ICBufferFull", Time since last: 35363 ns, Reaching safepoint: 311109 ns, Cleanup: 1492 ns, At safepoint: 51578 ns, Total: 364179 ns
[2025-10-13T17:33:48.226-0700][1207][info ][safepoint   ] Safepoint "ICBufferFull", Time since last: 31628 ns, Reaching safepoint: 131859 ns, Cleanup: 991 ns, At safepoint: 49164 ns, Total: 182014 ns
[2025-10-13T17:33:48.226-0700][1207][info ][safepoint   ] Safepoint "ICBufferFull", Time since last: 20712 ns, Reaching safepoint: 131358 ns, Cleanup: 971 ns, At safepoint: 50246 ns, Total: 182575 ns
[2025-10-13T17:33:48.226-0700][1207][info ][safepoint   ] Safepoint "ICBufferFull", Time since last: 19740 ns, Reaching safepoint: 135173 ns, Cleanup: 822 ns, At safepoint: 62584 ns, Total: 198579 ns
[2025-10-13T17:33:48.226-0700][1207][info ][safepoint   ] Safepoint "ICBufferFull", Time since last: 19890 ns, Reaching safepoint: 204008 ns, Cleanup: 510 ns, At safepoint: 62274 ns, Total: 266792 ns
[2025-10-13T17:33:48.360-0700][1207][info ][safepoint   ] Safepoint "ICBufferFull", Time since last: 132655687 ns, Reaching safepoint: 485121 ns, Cleanup: 173612 ns, At safepoint: 94893 ns, Total: 753626 ns
[2025-10-13T17:33:48.360-0700][1207][info ][safepoint   ] Safepoint "ICBufferFull", Time since last: 96646 ns, Reaching safepoint: 162595 ns, Cleanup: 3495 ns, At safepoint: 61122 ns, Total: 227212 ns
[2025-10-13T17:33:48.361-0700][1207][info ][safepoint   ] Safepoint "ICBufferFull", Time since last: 29275 ns, Reaching safepoint: 328645 ns, Cleanup: 3185 ns, At safepoint: 62254 ns, Total: 394084 ns
[2025-10-13T17:33:48.361-0700][1207][info ][safepoint   ] Safepoint "ICBufferFull", Time since last: 26440 ns, Reaching safepoint: 137978 ns, Cleanup: 1152 ns, At safepoint: 55794 ns, Total: 194924 ns
[2025-10-13T17:33:48.361-0700][1207][info ][safepoint   ] Safepoint "ICBufferFull", Time since last: 23866 ns, Reaching safepoint: 135834 ns, Cleanup: 1232 ns, At safepoint: 55594 ns, Total: 192660 ns
[2025-10-13T17:33:48.361-0700][1207][info ][safepoint   ] Safepoint "ICBufferFull", Time since last: 18127 ns, Reaching safepoint: 139821 ns, Cleanup: 1002 ns, At safepoint: 55073 ns, Total: 195896 ns
[2025-10-13T17:33:48.362-0700][1207][info ][safepoint   ] Safepoint "ICBufferFull", Time since last: 32669 ns, Reaching safepoint: 135454 ns, Cleanup: 1433 ns, At safepoint: 54492 ns, Total: 191379 ns
[2025-10-13T17:33:48.362-0700][1207][info ][safepoint   ] Safepoint "ICBufferFull", Time since last: 23916 ns, Reaching safepoint: 132690 ns, Cleanup: 3145 ns, At safepoint: 53270 ns, Total: 189105 ns
[2025-10-13T17:33:48.362-0700][1207][info ][safepoint   ] Safepoint "ICBufferFull", Time since last: 15684 ns, Reaching safepoint: 127772 ns, Cleanup: 982 ns, At safepoint: 55443 ns, Total: 184197 ns
[2025-10-13T17:33:48.454-0700][1207][info ][safepoint   ] Safepoint "ICBufferFull", Time since last: 90823059 ns, Reaching safepoint: 786556 ns, Cleanup: 194543 ns, At safepoint: 65189 ns, Total: 1046288 ns
[2025-10-13T17:33:49.182-0700][1207][info ][safepoint   ] Safepoint "ICBufferFull", Time since last: 727754222 ns, Reaching safepoint: 484090 ns, Cleanup: 176176 ns, At safepoint: 45409 ns, Total: 705675 ns
[2025-10-13T17:33:49.183-0700][1207][info ][safepoint   ] Safepoint "ICBufferFull", Time since last: 67361 ns, Reaching safepoint: 137678 ns, Cleanup: 2875 ns, At safepoint: 41743 ns, Total: 182296 ns
[2025-10-13T17:33:49.910-0700][1207][info ][safepoint   ] Safepoint "ICBufferFull", Time since last: 726971692 ns, Reaching safepoint: 489259 ns, Cleanup: 172340 ns, At safepoint: 84177 ns, Total: 745776 ns
[2025-10-13T17:33:50.036-0700][1207][info ][safepoint   ] Safepoint "ICBufferFull", Time since last: 123938941 ns, Reaching safepoint: 921531 ns, Cleanup: 208335 ns, At safepoint: 194143 ns, Total: 1324009 ns
[2025-10-13T17:33:50.036-0700][1207][info ][safepoint   ] Safepoint "ICBufferFull", Time since last: 132660 ns, Reaching safepoint: 336037 ns, Cleanup: 2924 ns, At safepoint: 169696 ns, Total: 508657 ns
[2025-10-13T17:33:50.097-0700][1207][info ][safepoint   ] Safepoint "ICBufferFull", Time since last: 58359117 ns, Reaching safepoint: 2615388 ns, Cleanup: 165579 ns, At safepoint: 178810 ns, Total: 2959777 ns
[2025-10-13T17:33:50.138-0700][1207][info ][safepoint   ] Safepoint "ICBufferFull", Time since last: 40001492 ns, Reaching safepoint: 461666 ns, Cleanup: 187844 ns, At safepoint: 132790 ns, Total: 782300 ns
[2025-10-13T17:33:50.139-0700][1207][info ][safepoint   ] Safepoint "ICBufferFull", Time since last: 75424 ns, Reaching safepoint: 193422 ns, Cleanup: 2814 ns, At safepoint: 99320 ns, Total: 295556 ns
[2025-10-13T17:33:50.139-0700][1207][info ][safepoint   ] Safepoint "ICBufferFull", Time since last: 38027 ns, Reaching safepoint: 148755 ns, Cleanup: 1282 ns, At safepoint: 95083 ns, Total: 245120 ns
[2025-10-13T17:33:50.139-0700][1207][info ][safepoint   ] Safepoint "ICBufferFull", Time since last: 48534 ns, Reaching safepoint: 139630 ns, Cleanup: 1122 ns, At safepoint: 90497 ns, Total: 231249 ns
[2025-10-13T17:33:50.139-0700][1207][info ][safepoint   ] Safepoint "ICBufferFull", Time since last: 36014 ns, Reaching safepoint: 140272 ns, Cleanup: 3645 ns, At safepoint: 102896 ns, Total: 246813 ns
[2025-10-13T17:33:50.140-0700][1207][info ][safepoint   ] Safepoint "ICBufferFull", Time since last: 25428 ns, Reaching safepoint: 138219 ns, Cleanup: 3084 ns, At safepoint: 90056 ns, Total: 231359 ns
[2025-10-13T17:33:50.151-0700][1207][info ][gc,start    ] GC(20) Pause Young (Mixed) (G1 Evacuation Pause)
[2025-10-13T17:33:50.151-0700][1207][info ][gc,task     ] GC(20) Using 113 workers of 113 for evacuation
[2025-10-13T17:33:50.153-0700][1207][debug][gc,remset   ] GC(20) Visited cards 316672 Total dirty 589824 (53.69%) Total old 38469632 (0.82%)
[2025-10-13T17:33:50.220-0700][1207][info ][gc,phases   ] GC(20)   Pre Evacuate Collection Set: 0.7ms
[2025-10-13T17:33:50.220-0700][1207][info ][gc,phases   ] GC(20)   Merge Heap Roots: 2.1ms
[2025-10-13T17:33:50.220-0700][1207][info ][gc,phases   ] GC(20)   Evacuate Collection Set: 62.6ms
[2025-10-13T17:33:50.220-0700][1207][info ][gc,phases   ] GC(20)   Post Evacuate Collection Set: 4.0ms
[2025-10-13T17:33:50.220-0700][1207][info ][gc,phases   ] GC(20)   Other: 0.1ms
[2025-10-13T17:33:50.220-0700][1207][debug][gc,remset   ] GC(20) Coarsening (recent): Inline->AoC 0 (0) AoC->Howl 0 (0) Howl->Full 0 (0) Inline->AoC 0 (0) AoC->BitMap 0 (0) BitMap->Full 0 (0) 
[2025-10-13T17:33:50.220-0700][1207][debug][gc,remset   ] GC(20) Coarsening (all): Inline->AoC 145 (0) AoC->Howl 39 (0) Howl->Full 0 (0) Inline->AoC 225 (0) AoC->BitMap 23 (0) BitMap->Full 0 (0) 
[2025-10-13T17:33:50.220-0700][1207][info ][gc,heap     ] GC(20) Eden regions: 265->0(266)
[2025-10-13T17:33:50.220-0700][1207][info ][gc,heap     ] GC(20) Survivor regions: 23->22(36)
[2025-10-13T17:33:50.220-0700][1207][info ][gc,heap     ] GC(20) Old regions: 10->17
[2025-10-13T17:33:50.220-0700][1207][info ][gc,heap     ] GC(20) Humongous regions: 0->0
[2025-10-13T17:33:50.220-0700][1207][info ][gc,metaspace] GC(20) Metaspace: 230756K(233344K)->230756K(233344K) NonClass: 203145K(204608K)->203145K(204608K) Class: 27611K(28736K)->27611K(28736K)
[2025-10-13T17:33:50.220-0700][1207][info ][gc          ] GC(20) Pause Young (Mixed) (G1 Evacuation Pause) 9522M->1216M(184320M) 69.749ms
[2025-10-13T17:33:50.222-0700][1207][info ][gc,cpu      ] GC(20) User=1.37s Sys=0.24s Real=0.07s
[2025-10-13T17:33:50.222-0700][1207][info ][safepoint   ] Safepoint "G1CollectForAllocation", Time since last: 9133224 ns, Reaching safepoint: 375777 ns, Cleanup: 97477 ns, At safepoint: 72417645 ns, Total: 72890899 ns
[2025-10-13T17:33:50.247-0700][1207][info ][safepoint   ] Safepoint "ICBufferFull", Time since last: 23667049 ns, Reaching safepoint: 906077 ns, Cleanup: 241605 ns, At safepoint: 174814 ns, Total: 1322496 ns
[2025-10-13T17:33:50.296-0700][1207][info ][safepoint   ] Safepoint "ICBufferFull", Time since last: 48007303 ns, Reaching safepoint: 742631 ns, Cleanup: 181805 ns, At safepoint: 134713 ns, Total: 1059149 ns
[2025-10-13T17:33:50.296-0700][1207][info ][safepoint   ] Safepoint "ICBufferFull", Time since last: 67382 ns, Reaching safepoint: 473985 ns, Cleanup: 4136 ns, At safepoint: 117558 ns, Total: 595679 ns
[2025-10-13T17:33:50.339-0700][1207][info ][safepoint   ] Safepoint "ICBufferFull", Time since last: 42170094 ns, Reaching safepoint: 405592 ns, Cleanup: 173401 ns, At safepoint: 144929 ns, Total: 723922 ns
[2025-10-13T17:33:50.340-0700][1207][info ][safepoint   ] Safepoint "ICBufferFull", Time since last: 96886 ns, Reaching safepoint: 267314 ns, Cleanup: 1492 ns, At safepoint: 134633 ns, Total: 403439 ns
[2025-10-13T17:33:50.340-0700][1207][info ][safepoint   ] Safepoint "ICBufferFull", Time since last: 76526 ns, Reaching safepoint: 229406 ns, Cleanup: 7752 ns, At safepoint: 148754 ns, Total: 385912 ns
[2025-10-13T17:33:50.341-0700][1207][info ][safepoint   ] Safepoint "ICBufferFull", Time since last: 73271 ns, Reaching safepoint: 172280 ns, Cleanup: 6910 ns, At safepoint: 114323 ns, Total: 293513 ns
[2025-10-13T17:33:50.341-0700][1207][info ][safepoint   ] Safepoint "ICBufferFull", Time since last: 62885 ns, Reaching safepoint: 160262 ns, Cleanup: 3455 ns, At safepoint: 113431 ns, Total: 277148 ns
[2025-10-13T17:33:50.341-0700][1207][info ][safepoint   ] Safepoint "ICBufferFull", Time since last: 58979 ns, Reaching safepoint: 224399 ns, Cleanup: 6680 ns, At safepoint: 114022 ns, Total: 345101 ns
[2025-10-13T17:33:50.342-0700][1207][info ][safepoint   ] Safepoint "ICBufferFull", Time since last: 59009 ns, Reaching safepoint: 154984 ns, Cleanup: 7541 ns, At safepoint: 110166 ns, Total: 272691 ns
[2025-10-13T17:33:50.342-0700][1207][info ][safepoint   ] Safepoint "ICBufferFull", Time since last: 51508 ns, Reaching safepoint: 505213 ns, Cleanup: 13190 ns, At safepoint: 104537 ns, Total: 622940 ns
[2025-10-13T17:33:50.343-0700][1207][info ][safepoint   ] Safepoint "ICBufferFull", Time since last: 72109 ns, Reaching safepoint: 340123 ns, Cleanup: 9525 ns, At safepoint: 84968 ns, Total: 434616 ns
[2025-10-13T17:33:50.343-0700][1207][info ][safepoint   ] Safepoint "ICBufferFull", Time since last: 67792 ns, Reaching safepoint: 144539 ns, Cleanup: 711 ns, At safepoint: 134232 ns, Total: 279482 ns
[2025-10-13T17:33:50.344-0700][1207][info ][safepoint   ] Safepoint "ICBufferFull", Time since last: 64868 ns, Reaching safepoint: 648188 ns, Cleanup: 2855 ns, At safepoint: 100311 ns, Total: 751354 ns
[2025-10-13T17:33:50.344-0700][1207][info ][safepoint   ] Safepoint "ICBufferFull", Time since last: 43906 ns, Reaching safepoint: 162185 ns, Cleanup: 3455 ns, At safepoint: 112801 ns, Total: 278441 ns
[2025-10-13T17:33:50.345-0700][1207][info ][safepoint   ] Safepoint "ICBufferFull", Time since last: 44336 ns, Reaching safepoint: 151389 ns, Cleanup: 3265 ns, At safepoint: 124137 ns, Total: 278791 ns
[2025-10-13T17:33:50.345-0700][1207][info ][safepoint   ] Safepoint "ICBufferFull", Time since last: 37156 ns, Reaching safepoint: 149987 ns, Cleanup: 3455 ns, At safepoint: 97828 ns, Total: 251270 ns
[2025-10-13T17:33:50.345-0700][1207][info ][safepoint   ] Safepoint "ICBufferFull", Time since last: 43535 ns, Reaching safepoint: 155805 ns, Cleanup: 5819 ns, At safepoint: 94002 ns, Total: 255626 ns
[2025-10-13T17:33:50.346-0700][1207][info ][safepoint   ] Safepoint "ICBufferFull", Time since last: 39530 ns, Reaching safepoint: 147683 ns, Cleanup: 8763 ns, At safepoint: 112369 ns, Total: 268815 ns
[2025-10-13T17:33:50.346-0700][1207][info ][safepoint   ] Safepoint "ICBufferFull", Time since last: 51999 ns, Reaching safepoint: 155915 ns, Cleanup: 6450 ns, At safepoint: 107102 ns, Total: 269467 ns
[2025-10-13T17:33:50.346-0700][1207][info ][safepoint   ] Safepoint "ICBufferFull", Time since last: 31076 ns, Reaching safepoint: 169877 ns, Cleanup: 5288 ns, At safepoint: 110366 ns, Total: 285531 ns
[2025-10-13T17:33:50.347-0700][1207][info ][safepoint   ] Safepoint "ICBufferFull", Time since last: 51859 ns, Reaching safepoint: 146731 ns, Cleanup: 1222 ns, At safepoint: 103867 ns, Total: 251820 ns
[2025-10-13T17:33:50.347-0700][1207][info ][safepoint   ] Safepoint "ICBufferFull", Time since last: 39640 ns, Reaching safepoint: 142144 ns, Cleanup: 3886 ns, At safepoint: 98729 ns, Total: 244759 ns
[2025-10-13T17:33:50.347-0700][1207][info ][safepoint   ] Safepoint "ICBufferFull", Time since last: 39540 ns, Reaching safepoint: 142475 ns, Cleanup: 2754 ns, At safepoint: 85929 ns, Total: 231158 ns
[2025-10-13T17:33:50.347-0700][1207][info ][safepoint   ] Safepoint "ICBufferFull", Time since last: 36435 ns, Reaching safepoint: 147183 ns, Cleanup: 1151 ns, At safepoint: 99591 ns, Total: 247925 ns
[2025-10-13T17:33:50.348-0700][1207][info ][safepoint   ] Safepoint "ICBufferFull", Time since last: 31958 ns, Reaching safepoint: 155645 ns, Cleanup: 3535 ns, At safepoint: 94843 ns, Total: 254023 ns
[2025-10-13T17:33:50.348-0700][1207][info ][safepoint   ] Safepoint "ICBufferFull", Time since last: 30536 ns, Reaching safepoint: 155245 ns, Cleanup: 1432 ns, At safepoint: 90206 ns, Total: 246883 ns
[2025-10-13T17:33:50.348-0700][1207][info ][safepoint   ] Safepoint "ICBufferFull", Time since last: 30626 ns, Reaching safepoint: 153782 ns, Cleanup: 3465 ns, At safepoint: 138029 ns, Total: 295276 ns
[2025-10-13T17:33:50.349-0700][1207][info ][safepoint   ] Safepoint "ICBufferFull", Time since last: 41052 ns, Reaching safepoint: 148534 ns, Cleanup: 5218 ns, At safepoint: 102284 ns, Total: 256036 ns
[2025-10-13T17:33:50.349-0700][1207][info ][safepoint   ] Safepoint "ICBufferFull", Time since last: 31628 ns, Reaching safepoint: 175074 ns, Cleanup: 1022 ns, At safepoint: 99590 ns, Total: 275686 ns
[2025-10-13T17:33:50.400-0700][1207][info ][safepoint   ] Safepoint "ICBufferFull", Time since last: 50612215 ns, Reaching safepoint: 485463 ns, Cleanup: 213322 ns, At safepoint: 159470 ns, Total: 858255 ns
[2025-10-13T17:33:50.446-0700][1207][info ][safepoint   ] Safepoint "ICBufferFull", Time since last: 45084603 ns, Reaching safepoint: 504121 ns, Cleanup: 177027 ns, At safepoint: 139080 ns, Total: 820228 ns
[2025-10-13T17:33:50.447-0700][1207][info ][safepoint   ] Safepoint "ICBufferFull", Time since last: 59750 ns, Reaching safepoint: 192210 ns, Cleanup: 1242 ns, At safepoint: 102525 ns, Total: 295977 ns
[2025-10-13T17:33:50.477-0700][1207][info ][safepoint   ] Safepoint "ICBufferFull", Time since last: 27200201 ns, Reaching safepoint: 2637681 ns, Cleanup: 181504 ns, At safepoint: 122455 ns, Total: 2941640 ns
[2025-10-13T17:33:50.534-0700][1207][info ][safepoint   ] Safepoint "ICBufferFull", Time since last: 56528203 ns, Reaching safepoint: 378171 ns, Cleanup: 190548 ns, At safepoint: 76645 ns, Total: 645364 ns
[2025-10-13T17:33:50.534-0700][1207][info ][safepoint   ] Safepoint "ICBufferFull", Time since last: 57778 ns, Reaching safepoint: 167132 ns, Cleanup: 2474 ns, At safepoint: 67531 ns, Total: 237137 ns
[2025-10-13T17:33:50.534-0700][1207][info ][safepoint   ] Safepoint "ICBufferFull", Time since last: 24968 ns, Reaching safepoint: 138980 ns, Cleanup: 3335 ns, At safepoint: 70707 ns, Total: 213022 ns
[2025-10-13T17:33:50.575-0700][1207][info ][safepoint   ] Safepoint "ICBufferFull", Time since last: 40214382 ns, Reaching safepoint: 506975 ns, Cleanup: 181584 ns, At safepoint: 88965 ns, Total: 777524 ns
[2025-10-13T17:33:50.650-0700][1207][info ][safepoint   ] Safepoint "ICBufferFull", Time since last: 74094314 ns, Reaching safepoint: 371171 ns, Cleanup: 187533 ns, At safepoint: 101353 ns, Total: 660057 ns
[2025-10-13T17:33:50.651-0700][1207][info ][safepoint   ] Safepoint "ICBufferFull", Time since last: 62374 ns, Reaching safepoint: 297268 ns, Cleanup: 4788 ns, At safepoint: 72719 ns, Total: 374775 ns
[2025-10-13T17:33:50.651-0700][1207][info ][safepoint   ] Safepoint "ICBufferFull", Time since last: 37046 ns, Reaching safepoint: 163177 ns, Cleanup: 1061 ns, At safepoint: 64457 ns, Total: 228695 ns
[2025-10-13T17:33:50.651-0700][1207][info ][safepoint   ] Safepoint "ICBufferFull", Time since last: 33331 ns, Reaching safepoint: 146000 ns, Cleanup: 3365 ns, At safepoint: 74122 ns, Total: 223487 ns
[2025-10-13T17:33:50.651-0700][1207][info ][safepoint   ] Safepoint "ICBufferFull", Time since last: 32489 ns, Reaching safepoint: 142685 ns, Cleanup: 4788 ns, At safepoint: 68403 ns, Total: 215876 ns
[2025-10-13T17:33:50.652-0700][1207][info ][safepoint   ] Safepoint "ICBufferFull", Time since last: 28813 ns, Reaching safepoint: 140392 ns, Cleanup: 3255 ns, At safepoint: 69615 ns, Total: 213262 ns
[2025-10-13T17:33:50.652-0700][1207][info ][safepoint   ] Safepoint "ICBufferFull", Time since last: 27422 ns, Reaching safepoint: 209656 ns, Cleanup: 771 ns, At safepoint: 66801 ns, Total: 277228 ns
[2025-10-13T17:33:50.652-0700][1207][info ][safepoint   ] Safepoint "ICBufferFull", Time since last: 27812 ns, Reaching safepoint: 206562 ns, Cleanup: 510 ns, At safepoint: 71809 ns, Total: 278881 ns
[2025-10-13T17:33:50.653-0700][1207][info ][safepoint   ] Safepoint "ICBufferFull", Time since last: 26009 ns, Reaching safepoint: 142345 ns, Cleanup: 1252 ns, At safepoint: 67512 ns, Total: 211109 ns
[2025-10-13T17:33:50.653-0700][1207][info ][safepoint   ] Safepoint "ICBufferFull", Time since last: 27381 ns, Reaching safepoint: 139210 ns, Cleanup: 1112 ns, At safepoint: 63866 ns, Total: 204188 ns
[2025-10-13T17:33:50.653-0700][1207][info ][safepoint   ] Safepoint "ICBufferFull", Time since last: 24157 ns, Reaching safepoint: 139300 ns, Cleanup: 7061 ns, At safepoint: 65108 ns, Total: 211469 ns
[2025-10-13T17:33:50.653-0700][1207][info ][safepoint   ] Safepoint "ICBufferFull", Time since last: 25769 ns, Reaching safepoint: 139991 ns, Cleanup: 951 ns, At safepoint: 74673 ns, Total: 215615 ns
[2025-10-13T17:33:50.653-0700][1207][info ][safepoint   ] Safepoint "ICBufferFull", Time since last: 23676 ns, Reaching safepoint: 143607 ns, Cleanup: 971 ns, At safepoint: 72720 ns, Total: 217298 ns
[2025-10-13T17:33:50.704-0700][1207][info ][safepoint   ] Safepoint "ICBufferFull", Time since last: 47364123 ns, Reaching safepoint: 2526823 ns, Cleanup: 251630 ns, At safepoint: 108464 ns, Total: 2886917 ns
[2025-10-13T17:33:50.763-0700][1207][info ][safepoint   ] Safepoint "ICBufferFull", Time since last: 58574141 ns, Reaching safepoint: 454907 ns, Cleanup: 219421 ns, At safepoint: 112310 ns, Total: 786638 ns
[2025-10-13T17:33:50.816-0700][1207][info ][safepoint   ] Safepoint "ICBufferFull", Time since last: 47483383 ns, Reaching safepoint: 4597638 ns, Cleanup: 188405 ns, At safepoint: 133581 ns, Total: 4919624 ns
[2025-10-13T17:33:50.850-0700][1207][info ][safepoint   ] Safepoint "ICBufferFull", Time since last: 34149349 ns, Reaching safepoint: 442698 ns, Cleanup: 197879 ns, At safepoint: 117487 ns, Total: 758064 ns
[2025-10-13T17:33:50.851-0700][1207][info ][safepoint   ] Safepoint "ICBufferFull", Time since last: 76566 ns, Reaching safepoint: 289777 ns, Cleanup: 1643 ns, At safepoint: 80842 ns, Total: 372262 ns
[2025-10-13T17:33:50.851-0700][1207][info ][safepoint   ] Safepoint "ICBufferFull", Time since last: 36555 ns, Reaching safepoint: 236397 ns, Cleanup: 3785 ns, At safepoint: 86992 ns, Total: 327174 ns
[2025-10-13T17:33:50.883-0700][1207][info ][safepoint   ] Safepoint "ICBufferFull", Time since last: 31140187 ns, Reaching safepoint: 498372 ns, Cleanup: 214023 ns, At safepoint: 150257 ns, Total: 862652 ns
[2025-10-13T17:33:50.918-0700][1207][info ][safepoint   ] Safepoint "ICBufferFull", Time since last: 27638443 ns, Reaching safepoint: 6786923 ns, Cleanup: 163296 ns, At safepoint: 137958 ns, Total: 7088177 ns
[2025-10-13T17:33:50.932-0700][1207][info ][safepoint   ] Safepoint "ICBufferFull", Time since last: 8174818 ns, Reaching safepoint: 5716628 ns, Cleanup: 34392 ns, At safepoint: 140812 ns, Total: 5891832 ns
[2025-10-13T17:33:50.973-0700][1207][info ][safepoint   ] Safepoint "ICBufferFull", Time since last: 36725217 ns, Reaching safepoint: 3661746 ns, Cleanup: 246642 ns, At safepoint: 143227 ns, Total: 4051615 ns
[2025-10-13T17:33:51.002-0700][1207][info ][safepoint   ] Safepoint "ICBufferFull", Time since last: 28255243 ns, Reaching safepoint: 509459 ns, Cleanup: 173782 ns, At safepoint: 97668 ns, Total: 780909 ns
[2025-10-13T17:33:51.002-0700][1207][info ][safepoint   ] Safepoint "ICBufferFull", Time since last: 54562 ns, Reaching safepoint: 277879 ns, Cleanup: 1463 ns, At safepoint: 87381 ns, Total: 366723 ns
[2025-10-13T17:33:51.003-0700][1207][info ][safepoint   ] Safepoint "ICBufferFull", Time since last: 41203 ns, Reaching safepoint: 233071 ns, Cleanup: 3025 ns, At safepoint: 74773 ns, Total: 310869 ns
[2025-10-13T17:33:51.003-0700][1207][info ][safepoint   ] Safepoint "ICBufferFull", Time since last: 35914 ns, Reaching safepoint: 207423 ns, Cleanup: 5178 ns, At safepoint: 63105 ns, Total: 275706 ns
[2025-10-13T17:33:51.003-0700][1207][info ][safepoint   ] Safepoint "ICBufferFull", Time since last: 32810 ns, Reaching safepoint: 191208 ns, Cleanup: 1572 ns, At safepoint: 73481 ns, Total: 266261 ns
[2025-10-13T17:33:51.003-0700][1207][info ][safepoint   ] Safepoint "ICBufferFull", Time since last: 29695 ns, Reaching safepoint: 143967 ns, Cleanup: 3806 ns, At safepoint: 70587 ns, Total: 218360 ns
[2025-10-13T17:33:51.004-0700][1207][info ][safepoint   ] Safepoint "ICBufferFull", Time since last: 28883 ns, Reaching safepoint: 140603 ns, Cleanup: 3254 ns, At safepoint: 65710 ns, Total: 209567 ns
[2025-10-13T17:33:51.004-0700][1207][info ][safepoint   ] Safepoint "ICBufferFull", Time since last: 23655 ns, Reaching safepoint: 141284 ns, Cleanup: 3775 ns, At safepoint: 63857 ns, Total: 208916 ns
[2025-10-13T17:33:51.004-0700][1207][info ][safepoint   ] Safepoint "ICBufferFull", Time since last: 26720 ns, Reaching safepoint: 210077 ns, Cleanup: 7361 ns, At safepoint: 66541 ns, Total: 283979 ns
[2025-10-13T17:33:51.005-0700][1207][info ][safepoint   ] Safepoint "ICBufferFull", Time since last: 29214 ns, Reaching safepoint: 395386 ns, Cleanup: 962 ns, At safepoint: 68663 ns, Total: 465011 ns
[2025-10-13T17:33:51.005-0700][1207][info ][safepoint   ] Safepoint "ICBufferFull", Time since last: 25849 ns, Reaching safepoint: 139791 ns, Cleanup: 3856 ns, At safepoint: 62495 ns, Total: 206142 ns
[2025-10-13T17:33:51.005-0700][1207][info ][safepoint   ] Safepoint "ICBufferFull", Time since last: 25087 ns, Reaching safepoint: 248576 ns, Cleanup: 2634 ns, At safepoint: 73881 ns, Total: 325091 ns
[2025-10-13T17:33:51.006-0700][1207][info ][safepoint   ] Safepoint "ICBufferFull", Time since last: 25569 ns, Reaching safepoint: 146431 ns, Cleanup: 1101 ns, At safepoint: 68424 ns, Total: 215956 ns
[2025-10-13T17:33:51.042-0700][1207][info ][safepoint   ] Safepoint "ICBufferFull", Time since last: 31402974 ns, Reaching safepoint: 4624549 ns, Cleanup: 185971 ns, At safepoint: 118078 ns, Total: 4928598 ns
[2025-10-13T17:33:51.050-0700][1207][info ][safepoint   ] Safepoint "ICBufferFull", Time since last: 7389342 ns, Reaching safepoint: 760298 ns, Cleanup: 65609 ns, At safepoint: 102605 ns, Total: 928512 ns
[2025-10-13T17:33:51.051-0700][1207][info ][safepoint   ] Safepoint "ICBufferFull", Time since last: 53731 ns, Reaching safepoint: 242135 ns, Cleanup: 962 ns, At safepoint: 73661 ns, Total: 316758 ns
[2025-10-13T17:33:51.051-0700][1207][info ][safepoint   ] Safepoint "ICBufferFull", Time since last: 23916 ns, Reaching safepoint: 146751 ns, Cleanup: 1212 ns, At safepoint: 72469 ns, Total: 220432 ns
[2025-10-13T17:33:51.051-0700][1207][info ][safepoint   ] Safepoint "ICBufferFull", Time since last: 25339 ns, Reaching safepoint: 142845 ns, Cleanup: 1102 ns, At safepoint: 71137 ns, Total: 215084 ns
[2025-10-13T17:33:51.105-0700][1207][info ][safepoint   ] Safepoint "ICBufferFull", Time since last: 51520296 ns, Reaching safepoint: 2463458 ns, Cleanup: 192410 ns, At safepoint: 74483 ns, Total: 2730351 ns
[2025-10-13T17:33:51.106-0700][1207][info ][safepoint   ] Safepoint "ICBufferFull", Time since last: 65038 ns, Reaching safepoint: 177888 ns, Cleanup: 3516 ns, At safepoint: 63596 ns, Total: 245000 ns
[2025-10-13T17:33:51.106-0700][1207][info ][safepoint   ] Safepoint "ICBufferFull", Time since last: 35143 ns, Reaching safepoint: 143947 ns, Cleanup: 1102 ns, At safepoint: 58588 ns, Total: 203637 ns
[2025-10-13T17:33:51.106-0700][1207][info ][safepoint   ] Safepoint "ICBufferFull", Time since last: 37206 ns, Reaching safepoint: 138058 ns, Cleanup: 4948 ns, At safepoint: 66801 ns, Total: 209807 ns
[2025-10-13T17:33:51.106-0700][1207][info ][safepoint   ] Safepoint "ICBufferFull", Time since last: 31197 ns, Reaching safepoint: 148874 ns, Cleanup: 1022 ns, At safepoint: 64177 ns, Total: 214073 ns
[2025-10-13T17:33:51.107-0700][1207][info ][safepoint   ] Safepoint "ICBufferFull", Time since last: 31317 ns, Reaching safepoint: 139661 ns, Cleanup: 1001 ns, At safepoint: 61854 ns, Total: 202516 ns
[2025-10-13T17:33:51.107-0700][1207][info ][safepoint   ] Safepoint "ICBufferFull", Time since last: 29004 ns, Reaching safepoint: 135184 ns, Cleanup: 991 ns, At safepoint: 60882 ns, Total: 197057 ns
[2025-10-13T17:33:51.107-0700][1207][info ][safepoint   ] Safepoint "ICBufferFull", Time since last: 29605 ns, Reaching safepoint: 137287 ns, Cleanup: 5698 ns, At safepoint: 61183 ns, Total: 204168 ns
[2025-10-13T17:33:51.107-0700][1207][info ][safepoint   ] Safepoint "ICBufferFull", Time since last: 26640 ns, Reaching safepoint: 207353 ns, Cleanup: 701 ns, At safepoint: 73972 ns, Total: 282026 ns
[2025-10-13T17:33:51.108-0700][1207][info ][safepoint   ] Safepoint "ICBufferFull", Time since last: 26600 ns, Reaching safepoint: 147953 ns, Cleanup: 1052 ns, At safepoint: 66470 ns, Total: 215475 ns
[2025-10-13T17:33:51.108-0700][1207][info ][safepoint   ] Safepoint "ICBufferFull", Time since last: 22804 ns, Reaching safepoint: 139261 ns, Cleanup: 971 ns, At safepoint: 66701 ns, Total: 206933 ns
[2025-10-13T17:33:51.108-0700][1207][info ][safepoint   ] Safepoint "ICBufferFull", Time since last: 27702 ns, Reaching safepoint: 137036 ns, Cleanup: 6210 ns, At safepoint: 65238 ns, Total: 208484 ns
[2025-10-13T17:33:51.108-0700][1207][info ][safepoint   ] Safepoint "ICBufferFull", Time since last: 20371 ns, Reaching safepoint: 142355 ns, Cleanup: 881 ns, At safepoint: 68403 ns, Total: 211639 ns
[2025-10-13T17:33:51.109-0700][1207][info ][safepoint   ] Safepoint "ICBufferFull", Time since last: 22705 ns, Reaching safepoint: 139370 ns, Cleanup: 6370 ns, At safepoint: 66400 ns, Total: 212140 ns
[2025-10-13T17:33:51.109-0700][1207][info ][safepoint   ] Safepoint "ICBufferFull", Time since last: 23155 ns, Reaching safepoint: 136516 ns, Cleanup: 1182 ns, At safepoint: 66109 ns, Total: 203807 ns
[2025-10-13T17:33:51.166-0700][1207][info ][safepoint   ] Safepoint "ICBufferFull", Time since last: 54522267 ns, Reaching safepoint: 2519332 ns, Cleanup: 179561 ns, At safepoint: 107873 ns, Total: 2806766 ns
[2025-10-13T17:33:51.166-0700][1207][info ][safepoint   ] Safepoint "ICBufferFull", Time since last: 63225 ns, Reaching safepoint: 246702 ns, Cleanup: 1232 ns, At safepoint: 69355 ns, Total: 317289 ns
[2025-10-13T17:33:51.167-0700][1207][info ][safepoint   ] Safepoint "ICBufferFull", Time since last: 42684 ns, Reaching safepoint: 307104 ns, Cleanup: 5678 ns, At safepoint: 76085 ns, Total: 388867 ns
[2025-10-13T17:33:51.167-0700][1207][info ][safepoint   ] Safepoint "ICBufferFull", Time since last: 32459 ns, Reaching safepoint: 170738 ns, Cleanup: 4046 ns, At safepoint: 92790 ns, Total: 267574 ns
[2025-10-13T17:33:51.168-0700][1207][info ][safepoint   ] Safepoint "ICBufferFull", Time since last: 40421 ns, Reaching safepoint: 232431 ns, Cleanup: 3165 ns, At safepoint: 85398 ns, Total: 320994 ns
[2025-10-13T17:33:51.168-0700][1207][info ][safepoint   ] Safepoint "ICBufferFull", Time since last: 41032 ns, Reaching safepoint: 158099 ns, Cleanup: 3415 ns, At safepoint: 67502 ns, Total: 229016 ns
[2025-10-13T17:33:51.168-0700][1207][info ][safepoint   ] Safepoint "ICBufferFull", Time since last: 30897 ns, Reaching safepoint: 150216 ns, Cleanup: 2755 ns, At safepoint: 69114 ns, Total: 222085 ns
[2025-10-13T17:33:51.168-0700][1207][info ][safepoint   ] Safepoint "ICBufferFull", Time since last: 31087 ns, Reaching safepoint: 217037 ns, Cleanup: 641 ns, At safepoint: 87893 ns, Total: 305571 ns
[2025-10-13T17:33:51.169-0700][1207][info ][safepoint   ] Safepoint "ICBufferFull", Time since last: 32169 ns, Reaching safepoint: 148073 ns, Cleanup: 10045 ns, At safepoint: 81713 ns, Total: 239831 ns
[2025-10-13T17:33:51.169-0700][1207][info ][safepoint   ] Safepoint "ICBufferFull", Time since last: 27812 ns, Reaching safepoint: 210728 ns, Cleanup: 802 ns, At safepoint: 72399 ns, Total: 283929 ns
[2025-10-13T17:33:51.169-0700][1207][info ][safepoint   ] Safepoint "ICBufferFull", Time since last: 22904 ns, Reaching safepoint: 154604 ns, Cleanup: 491 ns, At safepoint: 74332 ns, Total: 229427 ns
[2025-10-13T17:33:51.283-0700][1207][info ][safepoint   ] Safepoint "ICBufferFull", Time since last: 112400547 ns, Reaching safepoint: 529139 ns, Cleanup: 193081 ns, At safepoint: 276417 ns, Total: 998637 ns
[2025-10-13T17:33:51.375-0700][1207][info ][safepoint   ] Safepoint "ICBufferFull", Time since last: 90796953 ns, Reaching safepoint: 547186 ns, Cleanup: 162235 ns, At safepoint: 598573 ns, Total: 1307994 ns
[2025-10-13T17:33:51.540-0700][1207][info ][safepoint   ] Safepoint "ICBufferFull", Time since last: 154470721 ns, Reaching safepoint: 9898469 ns, Cleanup: 227874 ns, At safepoint: 211169 ns, Total: 10337512 ns
[2025-10-13T17:33:51.558-0700][1207][info ][gc,start    ] GC(21) Pause Young (Normal) (G1 Evacuation Pause)
[2025-10-13T17:33:51.558-0700][1207][info ][gc,task     ] GC(21) Using 113 workers of 113 for evacuation
[2025-10-13T17:33:51.562-0700][1207][debug][gc,remset   ] GC(21) Visited cards 610560 Total dirty 1114112 (54.80%) Total old 38862848 (1.57%)
[2025-10-13T17:33:51.652-0700][1207][info ][gc,phases   ] GC(21)   Pre Evacuate Collection Set: 0.6ms
[2025-10-13T17:33:51.652-0700][1207][info ][gc,phases   ] GC(21)   Merge Heap Roots: 3.1ms
[2025-10-13T17:33:51.652-0700][1207][info ][gc,phases   ] GC(21)   Evacuate Collection Set: 86.4ms
[2025-10-13T17:33:51.652-0700][1207][info ][gc,phases   ] GC(21)   Post Evacuate Collection Set: 3.5ms
[2025-10-13T17:33:51.652-0700][1207][info ][gc,phases   ] GC(21)   Other: 0.1ms
[2025-10-13T17:33:51.652-0700][1207][debug][gc,remset   ] GC(21) Coarsening (recent): Inline->AoC 0 (0) AoC->Howl 0 (0) Howl->Full 0 (0) Inline->AoC 0 (0) AoC->BitMap 0 (0) BitMap->Full 0 (0) 
[2025-10-13T17:33:51.652-0700][1207][debug][gc,remset   ] GC(21) Coarsening (all): Inline->AoC 145 (0) AoC->Howl 39 (0) Howl->Full 0 (0) Inline->AoC 225 (0) AoC->BitMap 23 (0) BitMap->Full 0 (0) 
[2025-10-13T17:33:51.652-0700][1207][info ][gc,heap     ] GC(21) Eden regions: 266->0(261)
[2025-10-13T17:33:51.652-0700][1207][info ][gc,heap     ] GC(21) Survivor regions: 22->27(36)
[2025-10-13T17:33:51.652-0700][1207][info ][gc,heap     ] GC(21) Old regions: 17->20
[2025-10-13T17:33:51.652-0700][1207][info ][gc,heap     ] GC(21) Humongous regions: 0->0
[2025-10-13T17:33:51.652-0700][1207][info ][gc,metaspace] GC(21) Metaspace: 251216K(254080K)->251216K(254080K) NonClass: 220237K(221824K)->220237K(221824K) Class: 30978K(32256K)->30978K(32256K)
[2025-10-13T17:33:51.652-0700][1207][info ][gc          ] GC(21) Pause Young (Normal) (G1 Evacuation Pause) 9728M->1450M(184320M) 93.902ms
[2025-10-13T17:33:51.654-0700][1207][info ][gc,cpu      ] GC(21) User=1.68s Sys=0.11s Real=0.10s
[2025-10-13T17:33:51.654-0700][1207][info ][safepoint   ] Safepoint "G1CollectForAllocation", Time since last: 4330536 ns, Reaching safepoint: 13053120 ns, Cleanup: 7882 ns, At safepoint: 96892472 ns, Total: 109953474 ns
[2025-10-13T17:33:51.790-0700][1207][info ][safepoint   ] Safepoint "ICBufferFull", Time since last: 127244971 ns, Reaching safepoint: 9011170 ns, Cleanup: 155525 ns, At safepoint: 161974 ns, Total: 9328669 ns
[2025-10-13T17:33:51.793-0700][1207][info ][safepoint   ] Safepoint "ICBufferFull", Time since last: 77167 ns, Reaching safepoint: 2412571 ns, Cleanup: 4046 ns, At safepoint: 120071 ns, Total: 2536688 ns
[2025-10-13T17:33:51.793-0700][1207][info ][safepoint   ] Safepoint "ICBufferFull", Time since last: 58668 ns, Reaching safepoint: 286733 ns, Cleanup: 1713 ns, At safepoint: 95163 ns, Total: 383609 ns
[2025-10-13T17:33:51.794-0700][1207][info ][safepoint   ] Safepoint "ICBufferFull", Time since last: 46140 ns, Reaching safepoint: 495548 ns, Cleanup: 3806 ns, At safepoint: 102715 ns, Total: 602069 ns
[2025-10-13T17:33:51.795-0700][1207][info ][safepoint   ] Safepoint "ICBufferFull", Time since last: 123236 ns, Reaching safepoint: 233432 ns, Cleanup: 1512 ns, At safepoint: 77507 ns, Total: 312451 ns
[2025-10-13T17:33:51.795-0700][1207][info ][safepoint   ] Safepoint "ICBufferFull", Time since last: 37226 ns, Reaching safepoint: 211840 ns, Cleanup: 1162 ns, At safepoint: 86991 ns, Total: 299993 ns
[2025-10-13T17:33:51.795-0700][1207][info ][safepoint   ] Safepoint "ICBufferFull", Time since last: 36355 ns, Reaching safepoint: 196487 ns, Cleanup: 4657 ns, At safepoint: 90797 ns, Total: 291941 ns
[2025-10-13T17:33:51.796-0700][1207][info ][safepoint   ] Safepoint "ICBufferFull", Time since last: 31447 ns, Reaching safepoint: 187303 ns, Cleanup: 1282 ns, At safepoint: 84878 ns, Total: 273463 ns
[2025-10-13T17:33:51.796-0700][1207][info ][safepoint   ] Safepoint "ICBufferFull", Time since last: 33090 ns, Reaching safepoint: 180753 ns, Cleanup: 1221 ns, At safepoint: 81203 ns, Total: 263177 ns
[2025-10-13T17:33:51.796-0700][1207][info ][safepoint   ] Safepoint "ICBufferFull", Time since last: 25779 ns, Reaching safepoint: 239732 ns, Cleanup: 4787 ns, At safepoint: 98739 ns, Total: 343258 ns
[2025-10-13T17:33:51.797-0700][1207][info ][safepoint   ] Safepoint "ICBufferFull", Time since last: 24837 ns, Reaching safepoint: 196707 ns, Cleanup: 3906 ns, At safepoint: 136506 ns, Total: 337119 ns
[2025-10-13T17:33:51.797-0700][1207][info ][safepoint   ] Safepoint "ICBufferFull", Time since last: 40822 ns, Reaching safepoint: 179871 ns, Cleanup: 6019 ns, At safepoint: 82124 ns, Total: 268014 ns
[2025-10-13T17:33:51.797-0700][1207][info ][safepoint   ] Safepoint "ICBufferFull", Time since last: 24037 ns, Reaching safepoint: 238079 ns, Cleanup: 761 ns, At safepoint: 89966 ns, Total: 328806 ns
[2025-10-13T17:33:51.906-0700][1207][info ][safepoint   ] Safepoint "ICBufferFull", Time since last: 107886415 ns, Reaching safepoint: 539984 ns, Cleanup: 183558 ns, At safepoint: 309977 ns, Total: 1033519 ns
[2025-10-13T17:33:52.033-0700][1207][info ][safepoint   ] Safepoint "ICBufferFull", Time since last: 125522832 ns, Reaching safepoint: 553946 ns, Cleanup: 207063 ns, At safepoint: 94292 ns, Total: 855301 ns
[2025-10-13T17:33:52.033-0700][1207][info ][safepoint   ] Safepoint "ICBufferFull", Time since last: 57287 ns, Reaching safepoint: 221935 ns, Cleanup: 3916 ns, At safepoint: 73581 ns, Total: 299432 ns
[2025-10-13T17:33:52.115-0700][1207][info ][safepoint   ] Safepoint "ICBufferFull", Time since last: 81614073 ns, Reaching safepoint: 574457 ns, Cleanup: 162365 ns, At safepoint: 155445 ns, Total: 892267 ns
[2025-10-13T17:33:52.160-0700][1207][info ][gc,start    ] GC(22) Pause Young (Concurrent Start) (CodeCache GC Threshold)
[2025-10-13T17:33:52.160-0700][1207][info ][gc,task     ] GC(22) Using 113 workers of 113 for evacuation
[2025-10-13T17:33:52.163-0700][1207][debug][gc,remset   ] GC(22) Visited cards 647424 Total dirty 1310720 (49.39%) Total old 23330816 (2.77%)
[2025-10-13T17:33:52.253-0700][1207][info ][gc,phases   ] GC(22)   Pre Evacuate Collection Set: 0.8ms
[2025-10-13T17:33:52.253-0700][1207][info ][gc,phases   ] GC(22)   Merge Heap Roots: 2.3ms
[2025-10-13T17:33:52.253-0700][1207][info ][gc,phases   ] GC(22)   Evacuate Collection Set: 86.1ms
[2025-10-13T17:33:52.253-0700][1207][info ][gc,phases   ] GC(22)   Post Evacuate Collection Set: 3.7ms
[2025-10-13T17:33:52.253-0700][1207][info ][gc,phases   ] GC(22)   Other: 0.2ms
[2025-10-13T17:33:52.253-0700][1207][debug][gc,remset   ] GC(22) Coarsening (recent): Inline->AoC 0 (0) AoC->Howl 0 (0) Howl->Full 0 (0) Inline->AoC 0 (0) AoC->BitMap 0 (0) BitMap->Full 0 (0) 
[2025-10-13T17:33:52.253-0700][1207][debug][gc,remset   ] GC(22) Coarsening (all): Inline->AoC 145 (0) AoC->Howl 39 (0) Howl->Full 0 (0) Inline->AoC 225 (0) AoC->BitMap 23 (0) BitMap->Full 0 (0) 
[2025-10-13T17:33:52.253-0700][1207][info ][gc,heap     ] GC(22) Eden regions: 141->0(258)
[2025-10-13T17:33:52.253-0700][1207][info ][gc,heap     ] GC(22) Survivor regions: 27->30(36)
[2025-10-13T17:33:52.253-0700][1207][info ][gc,heap     ] GC(22) Old regions: 20->27
[2025-10-13T17:33:52.253-0700][1207][info ][gc,heap     ] GC(22) Humongous regions: 0->0
[2025-10-13T17:33:52.253-0700][1207][info ][gc,metaspace] GC(22) Metaspace: 257208K(260288K)->257208K(260288K) NonClass: 225250K(226944K)->225250K(226944K) Class: 31957K(33344K)->31957K(33344K)
[2025-10-13T17:33:52.253-0700][1207][info ][gc          ] GC(22) Pause Young (Concurrent Start) (CodeCache GC Threshold) 5962M->1780M(184320M) 93.233ms
[2025-10-13T17:33:52.253-0700][1090][info ][gc          ] GC(23) Concurrent Mark Cycle
[2025-10-13T17:33:52.253-0700][1090][info ][gc,marking  ] GC(23) Concurrent Scan Root Regions
[2025-10-13T17:33:52.255-0700][1207][info ][gc,cpu      ] GC(22) User=2.25s Sys=0.05s Real=0.10s
[2025-10-13T17:33:52.255-0700][1207][info ][safepoint   ] Safepoint "G1TryInitiateConcMark", Time since last: 40231518 ns, Reaching safepoint: 2608477 ns, Cleanup: 56535 ns, At safepoint: 96937561 ns, Total: 99602573 ns
[2025-10-13T17:33:52.266-0700][1090][info ][gc,marking  ] GC(23) Concurrent Scan Root Regions 13.331ms
[2025-10-13T17:33:52.267-0700][1090][info ][gc,marking  ] GC(23) Concurrent Mark
[2025-10-13T17:33:52.267-0700][1090][info ][gc,marking  ] GC(23) Concurrent Mark From Roots
[2025-10-13T17:33:52.267-0700][1090][info ][gc,task     ] GC(23) Using 36 workers of 36 for marking
[2025-10-13T17:33:52.301-0700][1090][info ][gc,marking  ] GC(23) Concurrent Mark From Roots 34.421ms
[2025-10-13T17:33:52.301-0700][1090][info ][gc,marking  ] GC(23) Concurrent Preclean
[2025-10-13T17:33:52.302-0700][1090][info ][gc,marking  ] GC(23) Concurrent Preclean 1.052ms
[2025-10-13T17:33:52.308-0700][1207][info ][gc,start    ] GC(23) Pause Remark
[2025-10-13T17:33:52.469-0700][1207][info ][gc          ] GC(23) Pause Remark 2160M->2160M(184320M) 160.788ms
[2025-10-13T17:33:52.471-0700][1207][info ][gc,cpu      ] GC(23) User=1.40s Sys=0.05s Real=0.17s
[2025-10-13T17:33:52.471-0700][1207][info ][safepoint   ] Safepoint "G1PauseRemark", Time since last: 46840553 ns, Reaching safepoint: 4839343 ns, Cleanup: 157178 ns, At safepoint: 164270220 ns, Total: 169266741 ns
[2025-10-13T17:33:52.471-0700][1090][info ][gc,marking  ] GC(23) Concurrent Mark 204.853ms
[2025-10-13T17:33:52.471-0700][1090][info ][gc,marking  ] GC(23) Concurrent Rebuild Remembered Sets and Scrub Regions
[2025-10-13T17:33:52.483-0700][1090][info ][gc,marking  ] GC(23) Concurrent Rebuild Remembered Sets and Scrub Regions 11.972ms
[2025-10-13T17:33:52.486-0700][1207][info ][gc,start    ] GC(23) Pause Cleanup
[2025-10-13T17:33:52.486-0700][1207][info ][gc          ] GC(23) Pause Cleanup 2279M->2279M(184320M) 0.346ms
[2025-10-13T17:33:52.487-0700][1207][info ][gc,cpu      ] GC(23) User=0.01s Sys=0.00s Real=0.00s
[2025-10-13T17:33:52.487-0700][1207][info ][safepoint   ] Safepoint "G1PauseCleanup", Time since last: 12678445 ns, Reaching safepoint: 472863 ns, Cleanup: 191079 ns, At safepoint: 2077155 ns, Total: 2741097 ns
[2025-10-13T17:33:52.487-0700][1090][info ][gc,marking  ] GC(23) Concurrent Clear Claimed Marks
[2025-10-13T17:33:52.487-0700][1090][info ][gc,marking  ] GC(23) Concurrent Clear Claimed Marks 0.383ms
[2025-10-13T17:33:52.487-0700][1090][info ][gc,marking  ] GC(23) Concurrent Cleanup for Next Mark
[2025-10-13T17:33:52.514-0700][1090][info ][gc,marking  ] GC(23) Concurrent Cleanup for Next Mark 26.506ms
[2025-10-13T17:33:52.514-0700][1090][info ][gc          ] GC(23) Concurrent Mark Cycle 260.622ms
[2025-10-13T17:33:52.594-0700][1207][info ][safepoint   ] Safepoint "ICBufferFull", Time since last: 106108161 ns, Reaching safepoint: 547977 ns, Cleanup: 187292 ns, At safepoint: 115755 ns, Total: 851024 ns
[2025-10-13T17:33:52.595-0700][1207][info ][safepoint   ] Safepoint "ICBufferFull", Time since last: 52519 ns, Reaching safepoint: 396128 ns, Cleanup: 6069 ns, At safepoint: 385061 ns, Total: 787258 ns
[2025-10-13T17:33:52.734-0700][1207][info ][safepoint   ] Safepoint "ICBufferFull", Time since last: 138231075 ns, Reaching safepoint: 574017 ns, Cleanup: 159771 ns, At safepoint: 134764 ns, Total: 868552 ns
[2025-10-13T17:33:52.809-0700][1207][info ][safepoint   ] Safepoint "ICBufferFull", Time since last: 68214035 ns, Reaching safepoint: 6904776 ns, Cleanup: 196346 ns, At safepoint: 163978 ns, Total: 7265100 ns
[2025-10-13T17:33:52.819-0700][1207][info ][safepoint   ] Safepoint "ICBufferFull", Time since last: 8874129 ns, Reaching safepoint: 492543 ns, Cleanup: 27762 ns, At safepoint: 108855 ns, Total: 629160 ns
[2025-10-13T17:33:52.819-0700][1207][info ][safepoint   ] Safepoint "ICBufferFull", Time since last: 48923 ns, Reaching safepoint: 324961 ns, Cleanup: 5979 ns, At safepoint: 80522 ns, Total: 411462 ns
[2025-10-13T17:33:52.880-0700][1207][info ][safepoint   ] Safepoint "ICBufferFull", Time since last: 58570905 ns, Reaching safepoint: 1639936 ns, Cleanup: 176887 ns, At safepoint: 271130 ns, Total: 2087953 ns
[2025-10-13T17:33:52.891-0700][1207][info ][safepoint   ] Safepoint "ICBufferFull", Time since last: 9167211 ns, Reaching safepoint: 1821901 ns, Cleanup: 34963 ns, At safepoint: 339152 ns, Total: 2196016 ns
[2025-10-13T17:33:53.144-0700][1207][info ][safepoint   ] Safepoint "ICBufferFull", Time since last: 251161235 ns, Reaching safepoint: 1215475 ns, Cleanup: 194604 ns, At safepoint: 246081 ns, Total: 1656160 ns
[2025-10-13T17:33:53.159-0700][1207][info ][safepoint   ] Safepoint "ICBufferFull", Time since last: 13678553 ns, Reaching safepoint: 594939 ns, Cleanup: 27731 ns, At safepoint: 291741 ns, Total: 914411 ns
[2025-10-13T17:33:53.159-0700][1207][info ][safepoint   ] Safepoint "ICBufferFull", Time since last: 55834 ns, Reaching safepoint: 324320 ns, Cleanup: 3475 ns, At safepoint: 221725 ns, Total: 549520 ns
[2025-10-13T17:33:53.273-0700][1207][info ][safepoint   ] Safepoint "ICBufferFull", Time since last: 111954468 ns, Reaching safepoint: 762772 ns, Cleanup: 177428 ns, At safepoint: 772877 ns, Total: 1713077 ns
[2025-10-13T17:33:53.275-0700][1207][info ][safepoint   ] Safepoint "ICBufferFull", Time since last: 1167323 ns, Reaching safepoint: 575599 ns, Cleanup: 5798 ns, At safepoint: 505874 ns, Total: 1087271 ns
[2025-10-13T17:33:53.278-0700][1207][info ][safepoint   ] Safepoint "ICBufferFull", Time since last: 1090186 ns, Reaching safepoint: 526495 ns, Cleanup: 7682 ns, At safepoint: 1363228 ns, Total: 1897405 ns
[2025-10-13T17:33:53.280-0700][1207][info ][safepoint   ] Safepoint "ICBufferFull", Time since last: 87032 ns, Reaching safepoint: 521156 ns, Cleanup: 6751 ns, At safepoint: 1260533 ns, Total: 1788440 ns
[2025-10-13T17:33:53.282-0700][1207][info ][safepoint   ] Safepoint "ICBufferFull", Time since last: 151258 ns, Reaching safepoint: 914721 ns, Cleanup: 3906 ns, At safepoint: 919719 ns, Total: 1838346 ns
[2025-10-13T17:33:53.291-0700][1207][info ][safepoint   ] Safepoint "ICBufferFull", Time since last: 1291881 ns, Reaching safepoint: 4773647 ns, Cleanup: 63456 ns, At safepoint: 3445302 ns, Total: 8282405 ns
[2025-10-13T17:33:53.294-0700][1207][info ][safepoint   ] Safepoint "ICBufferFull", Time since last: 240503 ns, Reaching safepoint: 852688 ns, Cleanup: 7431 ns, At safepoint: 961171 ns, Total: 1821290 ns
[2025-10-13T17:33:53.453-0700][1207][info ][safepoint   ] Safepoint "ICBufferFull", Time since last: 158451584 ns, Reaching safepoint: 752736 ns, Cleanup: 188195 ns, At safepoint: 374355 ns, Total: 1315286 ns
[2025-10-13T17:33:53.457-0700][1207][info ][safepoint   ] Safepoint "ICBufferFull", Time since last: 2368957 ns, Reaching safepoint: 511272 ns, Cleanup: 46730 ns, At safepoint: 334936 ns, Total: 892938 ns
[2025-10-13T17:33:53.460-0700][1207][info ][safepoint   ] Safepoint "ICBufferFull", Time since last: 2288205 ns, Reaching safepoint: 450470 ns, Cleanup: 6740 ns, At safepoint: 254194 ns, Total: 711404 ns
[2025-10-13T17:33:53.461-0700][1207][info ][safepoint   ] Safepoint "ICBufferFull", Time since last: 201204 ns, Reaching safepoint: 372733 ns, Cleanup: 5368 ns, At safepoint: 380054 ns, Total: 758155 ns
[2025-10-13T17:33:53.462-0700][1207][info ][safepoint   ] Safepoint "ICBufferFull", Time since last: 245290 ns, Reaching safepoint: 360664 ns, Cleanup: 3546 ns, At safepoint: 390469 ns, Total: 754679 ns
[2025-10-13T17:33:53.462-0700][1207][info ][safepoint   ] Safepoint "ICBufferFull", Time since last: 283278 ns, Reaching safepoint: 326713 ns, Cleanup: 8163 ns, At safepoint: 290629 ns, Total: 625505 ns
[2025-10-13T17:33:53.463-0700][1207][info ][safepoint   ] Safepoint "ICBufferFull", Time since last: 217618 ns, Reaching safepoint: 291841 ns, Cleanup: 16144 ns, At safepoint: 178049 ns, Total: 486034 ns
[2025-10-13T17:33:53.472-0700][1207][info ][safepoint   ] Safepoint "ICBufferFull", Time since last: 7115223 ns, Reaching safepoint: 607217 ns, Cleanup: 35824 ns, At safepoint: 693527 ns, Total: 1336568 ns
[2025-10-13T17:33:53.476-0700][1207][info ][safepoint   ] Safepoint "ICBufferFull", Time since last: 3644583 ns, Reaching safepoint: 611473 ns, Cleanup: 13671 ns, At safepoint: 597292 ns, Total: 1222436 ns
[2025-10-13T17:33:53.482-0700][1207][info ][safepoint   ] Safepoint "ICBufferFull", Time since last: 3772506 ns, Reaching safepoint: 807499 ns, Cleanup: 25449 ns, At safepoint: 676191 ns, Total: 1509139 ns
[2025-10-13T17:33:53.487-0700][1207][info ][safepoint   ] Safepoint "ICBufferFull", Time since last: 3710622 ns, Reaching safepoint: 624864 ns, Cleanup: 9093 ns, At safepoint: 517632 ns, Total: 1151589 ns
[2025-10-13T17:33:53.491-0700][1207][info ][safepoint   ] Safepoint "ICBufferFull", Time since last: 3635629 ns, Reaching safepoint: 482419 ns, Cleanup: 18137 ns, At safepoint: 400194 ns, Total: 900750 ns
[2025-10-13T17:33:53.499-0700][1207][info ][safepoint   ] Safepoint "ICBufferFull", Time since last: 6824294 ns, Reaching safepoint: 573005 ns, Cleanup: 17467 ns, At safepoint: 193602 ns, Total: 784074 ns
[2025-10-13T17:33:53.500-0700][1207][info ][safepoint   ] Safepoint "ICBufferFull", Time since last: 728881 ns, Reaching safepoint: 423619 ns, Cleanup: 7371 ns, At safepoint: 234414 ns, Total: 665404 ns
[2025-10-13T17:33:53.504-0700][1207][info ][safepoint   ] Safepoint "ICBufferFull", Time since last: 2513966 ns, Reaching safepoint: 1237228 ns, Cleanup: 36295 ns, At safepoint: 269146 ns, Total: 1542669 ns
[2025-10-13T17:33:53.506-0700][1207][info ][safepoint   ] Safepoint "ICBufferFull", Time since last: 1409689 ns, Reaching safepoint: 425723 ns, Cleanup: 12869 ns, At safepoint: 337680 ns, Total: 776272 ns
[2025-10-13T17:33:53.508-0700][1207][info ][safepoint   ] Safepoint "ICBufferFull", Time since last: 1229386 ns, Reaching safepoint: 533746 ns, Cleanup: 16725 ns, At safepoint: 224509 ns, Total: 774980 ns
[2025-10-13T17:33:53.509-0700][1207][info ][safepoint   ] Safepoint "ICBufferFull", Time since last: 186071 ns, Reaching safepoint: 367755 ns, Cleanup: 4467 ns, At safepoint: 297449 ns, Total: 669671 ns
[2025-10-13T17:33:53.510-0700][1207][info ][safepoint   ] Safepoint "ICBufferFull", Time since last: 200543 ns, Reaching safepoint: 326844 ns, Cleanup: 4547 ns, At safepoint: 182054 ns, Total: 513445 ns
[2025-10-13T17:33:53.511-0700][1207][info ][safepoint   ] Safepoint "ICBufferFull", Time since last: 252852 ns, Reaching safepoint: 550702 ns, Cleanup: 1222 ns, At safepoint: 178960 ns, Total: 730884 ns
[2025-10-13T17:33:53.515-0700][1207][info ][safepoint   ] Safepoint "ICBufferFull", Time since last: 2788780 ns, Reaching safepoint: 489009 ns, Cleanup: 9164 ns, At safepoint: 286062 ns, Total: 784235 ns
[2025-10-13T17:33:53.517-0700][1207][info ][safepoint   ] Safepoint "ICBufferFull", Time since last: 2063986 ns, Reaching safepoint: 497822 ns, Cleanup: 12118 ns, At safepoint: 263448 ns, Total: 773388 ns
[2025-10-13T17:33:53.527-0700][1207][info ][safepoint   ] Safepoint "ICBufferFull", Time since last: 1965628 ns, Reaching safepoint: 6701498 ns, Cleanup: 6750 ns, At safepoint: 563311 ns, Total: 7271559 ns
[2025-10-13T17:33:53.528-0700][1207][info ][safepoint   ] Safepoint "ICBufferFull", Time since last: 429028 ns, Reaching safepoint: 890855 ns, Cleanup: 42754 ns, At safepoint: 282046 ns, Total: 1215655 ns
[2025-10-13T17:33:53.530-0700][1207][info ][safepoint   ] Safepoint "ICBufferFull", Time since last: 464862 ns, Reaching safepoint: 698485 ns, Cleanup: 1892 ns, At safepoint: 232421 ns, Total: 932798 ns
[2025-10-13T17:33:53.531-0700][1207][info ][safepoint   ] Safepoint "ICBufferFull", Time since last: 147563 ns, Reaching safepoint: 607678 ns, Cleanup: 9464 ns, At safepoint: 211539 ns, Total: 828681 ns
[2025-10-13T17:33:53.532-0700][1207][info ][safepoint   ] Safepoint "ICBufferFull", Time since last: 169206 ns, Reaching safepoint: 692876 ns, Cleanup: 1432 ns, At safepoint: 208325 ns, Total: 902633 ns
[2025-10-13T17:33:53.533-0700][1207][info ][safepoint   ] Safepoint "ICBufferFull", Time since last: 191399 ns, Reaching safepoint: 495888 ns, Cleanup: 4297 ns, At safepoint: 199701 ns, Total: 699886 ns
[2025-10-13T17:33:53.533-0700][1207][info ][safepoint   ] Safepoint "ICBufferFull", Time since last: 152821 ns, Reaching safepoint: 371060 ns, Cleanup: 1112 ns, At safepoint: 245771 ns, Total: 617943 ns
[2025-10-13T17:33:53.534-0700][1207][info ][safepoint   ] Safepoint "ICBufferFull", Time since last: 130798 ns, Reaching safepoint: 248906 ns, Cleanup: 3675 ns, At safepoint: 184208 ns, Total: 436789 ns
[2025-10-13T17:33:53.541-0700][1207][info ][safepoint   ] Safepoint "ICBufferFull", Time since last: 5310649 ns, Reaching safepoint: 988072 ns, Cleanup: 25288 ns, At safepoint: 315406 ns, Total: 1328766 ns
[2025-10-13T17:33:53.541-0700][1207][info ][safepoint   ] Safepoint "ICBufferFull", Time since last: 289697 ns, Reaching safepoint: 327906 ns, Cleanup: 15713 ns, At safepoint: 235886 ns, Total: 579505 ns
[2025-10-13T17:33:53.546-0700][1207][info ][safepoint   ] Safepoint "ICBufferFull", Time since last: 3592134 ns, Reaching safepoint: 520997 ns, Cleanup: 10155 ns, At safepoint: 159892 ns, Total: 691044 ns
[2025-10-13T17:33:53.550-0700][1207][info ][safepoint   ] Safepoint "ICBufferFull", Time since last: 3505192 ns, Reaching safepoint: 407435 ns, Cleanup: 23866 ns, At safepoint: 143597 ns, Total: 574898 ns
[2025-10-13T17:33:53.551-0700][1207][info ][safepoint   ] Safepoint "ICBufferFull", Time since last: 481717 ns, Reaching safepoint: 319943 ns, Cleanup: 882 ns, At safepoint: 206061 ns, Total: 526886 ns
[2025-10-13T17:33:53.551-0700][1207][info ][safepoint   ] Safepoint "ICBufferFull", Time since last: 154643 ns, Reaching safepoint: 274104 ns, Cleanup: 3295 ns, At safepoint: 191950 ns, Total: 469349 ns
[2025-10-13T17:33:53.554-0700][1207][info ][safepoint   ] Safepoint "ICBufferFull", Time since last: 2298591 ns, Reaching safepoint: 382257 ns, Cleanup: 7501 ns, At safepoint: 231770 ns, Total: 621528 ns
[2025-10-13T17:33:53.555-0700][1207][info ][safepoint   ] Safepoint "ICBufferFull", Time since last: 179591 ns, Reaching safepoint: 275767 ns, Cleanup: 1382 ns, At safepoint: 286462 ns, Total: 563611 ns
[2025-10-13T17:33:53.556-0700][1207][info ][safepoint   ] Safepoint "ICBufferFull", Time since last: 549520 ns, Reaching safepoint: 389137 ns, Cleanup: 16846 ns, At safepoint: 225731 ns, Total: 631714 ns
[2025-10-13T17:33:53.557-0700][1207][info ][safepoint   ] Safepoint "ICBufferFull", Time since last: 494376 ns, Reaching safepoint: 445763 ns, Cleanup: 882 ns, At safepoint: 246512 ns, Total: 693157 ns
[2025-10-13T17:33:53.561-0700][1207][info ][safepoint   ] Safepoint "ICBufferFull", Time since last: 2522769 ns, Reaching safepoint: 517561 ns, Cleanup: 13180 ns, At safepoint: 236587 ns, Total: 767328 ns
[2025-10-13T17:33:53.562-0700][1207][info ][safepoint   ] Safepoint "ICBufferFull", Time since last: 181655 ns, Reaching safepoint: 439033 ns, Cleanup: 1562 ns, At safepoint: 200132 ns, Total: 640727 ns
[2025-10-13T17:33:53.563-0700][1207][info ][safepoint   ] Safepoint "ICBufferFull", Time since last: 127893 ns, Reaching safepoint: 740548 ns, Cleanup: 3646 ns, At safepoint: 187413 ns, Total: 931607 ns
[2025-10-13T17:33:53.565-0700][1207][info ][safepoint   ] Safepoint "ICBufferFull", Time since last: 1654468 ns, Reaching safepoint: 475408 ns, Cleanup: 5809 ns, At safepoint: 205530 ns, Total: 686747 ns
[2025-10-13T17:33:53.567-0700][1207][info ][safepoint   ] Safepoint "ICBufferFull", Time since last: 1471872 ns, Reaching safepoint: 407886 ns, Cleanup: 1412 ns, At safepoint: 321766 ns, Total: 731064 ns
[2025-10-13T17:33:53.569-0700][1207][info ][safepoint   ] Safepoint "ICBufferFull", Time since last: 1208034 ns, Reaching safepoint: 585674 ns, Cleanup: 5549 ns, At safepoint: 282026 ns, Total: 873249 ns
[2025-10-13T17:33:53.572-0700][1207][info ][safepoint   ] Safepoint "ICBufferFull", Time since last: 1530881 ns, Reaching safepoint: 473144 ns, Cleanup: 10406 ns, At safepoint: 260383 ns, Total: 743933 ns
[2025-10-13T17:33:53.572-0700][1207][info ][safepoint   ] Safepoint "ICBufferFull", Time since last: 158650 ns, Reaching safepoint: 308576 ns, Cleanup: 1913 ns, At safepoint: 218510 ns, Total: 528999 ns
[2025-10-13T17:33:53.573-0700][1207][info ][safepoint   ] Safepoint "ICBufferFull", Time since last: 132369 ns, Reaching safepoint: 277489 ns, Cleanup: 4157 ns, At safepoint: 232090 ns, Total: 513736 ns
[2025-10-13T17:33:53.575-0700][1207][info ][safepoint   ] Safepoint "ICBufferFull", Time since last: 1132991 ns, Reaching safepoint: 399313 ns, Cleanup: 7331 ns, At safepoint: 260463 ns, Total: 667107 ns
[2025-10-13T17:33:53.576-0700][1207][info ][safepoint   ] Safepoint "ICBufferFull", Time since last: 494326 ns, Reaching safepoint: 306373 ns, Cleanup: 3315 ns, At safepoint: 140222 ns, Total: 449910 ns
[2025-10-13T17:33:53.576-0700][1207][info ][safepoint   ] Safepoint "ICBufferFull", Time since last: 64177 ns, Reaching safepoint: 249576 ns, Cleanup: 1242 ns, At safepoint: 167543 ns, Total: 418361 ns
[2025-10-13T17:33:53.579-0700][1207][info ][safepoint   ] Safepoint "ICBufferFull", Time since last: 1822973 ns, Reaching safepoint: 430299 ns, Cleanup: 12509 ns, At safepoint: 209196 ns, Total: 652004 ns
[2025-10-13T17:33:53.579-0700][1207][info ][safepoint   ] Safepoint "ICBufferFull", Time since last: 200182 ns, Reaching safepoint: 297299 ns, Cleanup: 5609 ns, At safepoint: 273192 ns, Total: 576100 ns
[2025-10-13T17:33:53.583-0700][1207][info ][safepoint   ] Safepoint "ICBufferFull", Time since last: 3169175 ns, Reaching safepoint: 507657 ns, Cleanup: 22444 ns, At safepoint: 153101 ns, Total: 683202 ns
[2025-10-13T17:33:53.584-0700][1207][info ][safepoint   ] Safepoint "ICBufferFull", Time since last: 423870 ns, Reaching safepoint: 305311 ns, Cleanup: 4156 ns, At safepoint: 204449 ns, Total: 513916 ns
[2025-10-13T17:33:53.585-0700][1207][info ][safepoint   ] Safepoint "ICBufferFull", Time since last: 159110 ns, Reaching safepoint: 278040 ns, Cleanup: 3976 ns, At safepoint: 224509 ns, Total: 506525 ns
[2025-10-13T17:33:53.585-0700][1207][info ][safepoint   ] Safepoint "ICBufferFull", Time since last: 139290 ns, Reaching safepoint: 263839 ns, Cleanup: 4146 ns, At safepoint: 190838 ns, Total: 458823 ns
[2025-10-13T17:33:53.588-0700][1207][info ][safepoint   ] Safepoint "ICBufferFull", Time since last: 1657903 ns, Reaching safepoint: 391972 ns, Cleanup: 4146 ns, At safepoint: 194955 ns, Total: 591073 ns
[2025-10-13T17:33:53.588-0700][1207][info ][safepoint   ] Safepoint "ICBufferFull", Time since last: 126451 ns, Reaching safepoint: 266602 ns, Cleanup: 3265 ns, At safepoint: 183137 ns, Total: 453004 ns
[2025-10-13T17:33:53.589-0700][1207][info ][safepoint   ] Safepoint "ICBufferFull", Time since last: 111989 ns, Reaching safepoint: 260773 ns, Cleanup: 4327 ns, At safepoint: 199461 ns, Total: 464561 ns
[2025-10-13T17:33:53.589-0700][1207][info ][safepoint   ] Safepoint "ICBufferFull", Time since last: 109656 ns, Reaching safepoint: 255325 ns, Cleanup: 3716 ns, At safepoint: 250849 ns, Total: 509890 ns
[2025-10-13T17:33:53.590-0700][1207][info ][safepoint   ] Safepoint "ICBufferFull", Time since last: 177618 ns, Reaching safepoint: 255906 ns, Cleanup: 1272 ns, At safepoint: 152911 ns, Total: 410089 ns
[2025-10-13T17:33:53.591-0700][1207][info ][safepoint   ] Safepoint "ICBufferFull", Time since last: 209246 ns, Reaching safepoint: 242787 ns, Cleanup: 4316 ns, At safepoint: 144719 ns, Total: 391822 ns
[2025-10-13T17:33:53.591-0700][1207][info ][safepoint   ] Safepoint "ICBufferFull", Time since last: 75263 ns, Reaching safepoint: 231079 ns, Cleanup: 9264 ns, At safepoint: 133271 ns, Total: 373614 ns
[2025-10-13T17:33:53.592-0700][1207][info ][safepoint   ] Safepoint "ICBufferFull", Time since last: 83827 ns, Reaching safepoint: 307284 ns, Cleanup: 2594 ns, At safepoint: 210267 ns, Total: 520145 ns
[2025-10-13T17:33:53.592-0700][1207][info ][safepoint   ] Safepoint "ICBufferFull", Time since last: 144789 ns, Reaching safepoint: 239562 ns, Cleanup: 5548 ns, At safepoint: 162836 ns, Total: 407946 ns
[2025-10-13T17:33:53.593-0700][1207][info ][safepoint   ] Safepoint "ICBufferFull", Time since last: 73601 ns, Reaching safepoint: 254274 ns, Cleanup: 4647 ns, At safepoint: 224208 ns, Total: 483129 ns
[2025-10-13T17:33:53.594-0700][1207][info ][safepoint   ] Safepoint "ICBufferFull", Time since last: 950305 ns, Reaching safepoint: 334756 ns, Cleanup: 3144 ns, At safepoint: 278611 ns, Total: 616511 ns
[2025-10-13T17:33:53.595-0700][1207][info ][safepoint   ] Safepoint "ICBufferFull", Time since last: 180813 ns, Reaching safepoint: 292331 ns, Cleanup: 3185 ns, At safepoint: 214294 ns, Total: 509810 ns
[2025-10-13T17:33:53.597-0700][1207][info ][safepoint   ] Safepoint "ICBufferFull", Time since last: 1315736 ns, Reaching safepoint: 397621 ns, Cleanup: 7882 ns, At safepoint: 234013 ns, Total: 639516 ns
[2025-10-13T17:33:53.598-0700][1207][info ][safepoint   ] Safepoint "ICBufferFull", Time since last: 683572 ns, Reaching safepoint: 323068 ns, Cleanup: 3966 ns, At safepoint: 183767 ns, Total: 510801 ns
[2025-10-13T17:33:53.599-0700][1207][info ][safepoint   ] Safepoint "ICBufferFull", Time since last: 142005 ns, Reaching safepoint: 432994 ns, Cleanup: 1392 ns, At safepoint: 147753 ns, Total: 582139 ns
[2025-10-13T17:33:53.600-0700][1207][info ][safepoint   ] Safepoint "ICBufferFull", Time since last: 158259 ns, Reaching safepoint: 270879 ns, Cleanup: 1462 ns, At safepoint: 214914 ns, Total: 487255 ns
[2025-10-13T17:33:53.600-0700][1207][info ][safepoint   ] Safepoint "ICBufferFull", Time since last: 137027 ns, Reaching safepoint: 252922 ns, Cleanup: 7872 ns, At safepoint: 188094 ns, Total: 448888 ns
[2025-10-13T17:33:53.601-0700][1207][info ][safepoint   ] Safepoint "ICBufferFull", Time since last: 185530 ns, Reaching safepoint: 253243 ns, Cleanup: 4006 ns, At safepoint: 139150 ns, Total: 396399 ns
[2025-10-13T17:33:53.601-0700][1207][info ][safepoint   ] Safepoint "ICBufferFull", Time since last: 76275 ns, Reaching safepoint: 254374 ns, Cleanup: 3315 ns, At safepoint: 292241 ns, Total: 549930 ns
[2025-10-13T17:33:53.605-0700][1207][info ][safepoint   ] Safepoint "ICBufferFull", Time since last: 2597662 ns, Reaching safepoint: 476350 ns, Cleanup: 19990 ns, At safepoint: 130297 ns, Total: 626637 ns
[2025-10-13T17:33:53.606-0700][1207][info ][safepoint   ] Safepoint "ICBufferFull", Time since last: 379803 ns, Reaching safepoint: 346363 ns, Cleanup: 8162 ns, At safepoint: 250028 ns, Total: 604553 ns
[2025-10-13T17:33:53.607-0700][1207][info ][safepoint   ] Safepoint "ICBufferFull", Time since last: 848862 ns, Reaching safepoint: 376127 ns, Cleanup: 14833 ns, At safepoint: 221184 ns, Total: 612144 ns
[2025-10-13T17:33:53.608-0700][1207][info ][safepoint   ] Safepoint "ICBufferFull", Time since last: 197748 ns, Reaching safepoint: 283619 ns, Cleanup: 4897 ns, At safepoint: 177378 ns, Total: 465894 ns
[2025-10-13T17:33:53.613-0700][1207][info ][safepoint   ] Safepoint "ICBufferFull", Time since last: 3030946 ns, Reaching safepoint: 2087772 ns, Cleanup: 12830 ns, At safepoint: 149135 ns, Total: 2249737 ns
[2025-10-13T17:33:53.615-0700][1207][info ][safepoint   ] Safepoint "ICBufferFull", Time since last: 469619 ns, Reaching safepoint: 1365602 ns, Cleanup: 11127 ns, At safepoint: 287794 ns, Total: 1664523 ns
[2025-10-13T17:33:53.617-0700][1207][info ][safepoint   ] Safepoint "ICBufferFull", Time since last: 884326 ns, Reaching safepoint: 409898 ns, Cleanup: 4347 ns, At safepoint: 270388 ns, Total: 684633 ns
[2025-10-13T17:33:53.618-0700][1207][info ][safepoint   ] Safepoint "ICBufferFull", Time since last: 334646 ns, Reaching safepoint: 504161 ns, Cleanup: 3655 ns, At safepoint: 300003 ns, Total: 807819 ns
[2025-10-13T17:33:53.620-0700][1207][info ][safepoint   ] Safepoint "ICBufferFull", Time since last: 1280233 ns, Reaching safepoint: 380084 ns, Cleanup: 8773 ns, At safepoint: 263148 ns, Total: 652005 ns
[2025-10-13T17:33:53.622-0700][1207][info ][safepoint   ] Safepoint "ICBufferFull", Time since last: 1529810 ns, Reaching safepoint: 459173 ns, Cleanup: 10856 ns, At safepoint: 297650 ns, Total: 767679 ns
[2025-10-13T17:33:53.623-0700][1207][info ][safepoint   ] Safepoint "ICBufferFull", Time since last: 251980 ns, Reaching safepoint: 378291 ns, Cleanup: 2724 ns, At safepoint: 264780 ns, Total: 645795 ns
[2025-10-13T17:33:53.624-0700][1207][info ][safepoint   ] Safepoint "ICBufferFull", Time since last: 169216 ns, Reaching safepoint: 334345 ns, Cleanup: 5718 ns, At safepoint: 241154 ns, Total: 581217 ns
[2025-10-13T17:33:53.626-0700][1207][info ][safepoint   ] Safepoint "ICBufferFull", Time since last: 1762882 ns, Reaching safepoint: 409679 ns, Cleanup: 9294 ns, At safepoint: 311019 ns, Total: 729992 ns
[2025-10-13T17:33:53.630-0700][1207][info ][safepoint   ] Safepoint "ICBufferFull", Time since last: 3063836 ns, Reaching safepoint: 540827 ns, Cleanup: 8433 ns, At safepoint: 325030 ns, Total: 874290 ns
[2025-10-13T17:33:53.631-0700][1207][info ][safepoint   ] Safepoint "ICBufferFull", Time since last: 281105 ns, Reaching safepoint: 546665 ns, Cleanup: 8363 ns, At safepoint: 280083 ns, Total: 835111 ns
[2025-10-13T17:33:53.633-0700][1207][info ][safepoint   ] Safepoint "ICBufferFull", Time since last: 677222 ns, Reaching safepoint: 395688 ns, Cleanup: 5508 ns, At safepoint: 345512 ns, Total: 746708 ns
[2025-10-13T17:33:53.634-0700][1207][info ][safepoint   ] Safepoint "ICBufferFull", Time since last: 251319 ns, Reaching safepoint: 361736 ns, Cleanup: 4868 ns, At safepoint: 264469 ns, Total: 631073 ns
[2025-10-13T17:33:53.634-0700][1207][info ][safepoint   ] Safepoint "ICBufferFull", Time since last: 168124 ns, Reaching safepoint: 351280 ns, Cleanup: 3836 ns, At safepoint: 411642 ns, Total: 766758 ns
[2025-10-13T17:33:53.635-0700][1207][info ][safepoint   ] Safepoint "ICBufferFull", Time since last: 292872 ns, Reaching safepoint: 345261 ns, Cleanup: 13971 ns, At safepoint: 270108 ns, Total: 629340 ns
[2025-10-13T17:33:53.637-0700][1207][info ][safepoint   ] Safepoint "ICBufferFull", Time since last: 734038 ns, Reaching safepoint: 397831 ns, Cleanup: 5929 ns, At safepoint: 384010 ns, Total: 787770 ns
[2025-10-13T17:33:53.638-0700][1207][info ][safepoint   ] Safepoint "ICBufferFull", Time since last: 250869 ns, Reaching safepoint: 893539 ns, Cleanup: 10756 ns, At safepoint: 262546 ns, Total: 1166841 ns
[2025-10-13T17:33:53.639-0700][1207][info ][safepoint   ] Safepoint "ICBufferFull", Time since last: 286453 ns, Reaching safepoint: 340214 ns, Cleanup: 2073 ns, At safepoint: 275886 ns, Total: 618173 ns
[2025-10-13T17:33:53.640-0700][1207][info ][safepoint   ] Safepoint "ICBufferFull", Time since last: 192291 ns, Reaching safepoint: 336267 ns, Cleanup: 5228 ns, At safepoint: 313594 ns, Total: 655089 ns
[2025-10-13T17:33:53.641-0700][1207][info ][safepoint   ] Safepoint "ICBufferFull", Time since last: 217538 ns, Reaching safepoint: 367024 ns, Cleanup: 7522 ns, At safepoint: 244990 ns, Total: 619536 ns
[2025-10-13T17:33:53.642-0700][1207][info ][safepoint   ] Safepoint "ICBufferFull", Time since last: 151859 ns, Reaching safepoint: 314915 ns, Cleanup: 5709 ns, At safepoint: 269607 ns, Total: 590231 ns
[2025-10-13T17:33:53.643-0700][1207][info ][safepoint   ] Safepoint "ICBufferFull", Time since last: 866248 ns, Reaching safepoint: 372372 ns, Cleanup: 9585 ns, At safepoint: 239171 ns, Total: 621128 ns
[2025-10-13T17:33:53.646-0700][1207][info ][safepoint   ] Safepoint "ICBufferFull", Time since last: 1364170 ns, Reaching safepoint: 1105068 ns, Cleanup: 11097 ns, At safepoint: 285641 ns, Total: 1401806 ns
[2025-10-13T17:33:53.648-0700][1207][info ][safepoint   ] Safepoint "ICBufferFull", Time since last: 1672656 ns, Reaching safepoint: 471441 ns, Cleanup: 11918 ns, At safepoint: 323299 ns, Total: 806658 ns
[2025-10-13T17:33:53.651-0700][1207][info ][safepoint   ] Safepoint "ICBufferFull", Time since last: 1062183 ns, Reaching safepoint: 861181 ns, Cleanup: 13200 ns, At safepoint: 308626 ns, Total: 1183007 ns
[2025-10-13T17:33:53.652-0700][1207][info ][safepoint   ] Safepoint "ICBufferFull", Time since last: 424611 ns, Reaching safepoint: 418121 ns, Cleanup: 1292 ns, At safepoint: 242887 ns, Total: 662300 ns
[2025-10-13T17:33:53.652-0700][1207][info ][safepoint   ] Safepoint "ICBufferFull", Time since last: 114643 ns, Reaching safepoint: 362487 ns, Cleanup: 3445 ns, At safepoint: 247394 ns, Total: 613326 ns
[2025-10-13T17:33:53.654-0700][1207][info ][safepoint   ] Safepoint "ICBufferFull", Time since last: 1210728 ns, Reaching safepoint: 389879 ns, Cleanup: 6449 ns, At safepoint: 278761 ns, Total: 675089 ns
[2025-10-13T17:33:53.656-0700][1207][info ][safepoint   ] Safepoint "ICBufferFull", Time since last: 507597 ns, Reaching safepoint: 588829 ns, Cleanup: 3575 ns, At safepoint: 373033 ns, Total: 965437 ns
[2025-10-13T17:33:53.660-0700][1207][info ][safepoint   ] Safepoint "ICBufferFull", Time since last: 3587978 ns, Reaching safepoint: 584122 ns, Cleanup: 10646 ns, At safepoint: 220683 ns, Total: 815451 ns
[2025-10-13T17:33:53.664-0700][1207][info ][safepoint   ] Safepoint "ICBufferFull", Time since last: 3018137 ns, Reaching safepoint: 551813 ns, Cleanup: 19650 ns, At safepoint: 333333 ns, Total: 904796 ns
[2025-10-13T17:33:53.666-0700][1207][info ][safepoint   ] Safepoint "ICBufferFull", Time since last: 1326563 ns, Reaching safepoint: 516881 ns, Cleanup: 5919 ns, At safepoint: 432483 ns, Total: 955283 ns
[2025-10-13T17:33:53.668-0700][1207][info ][safepoint   ] Safepoint "ICBufferFull", Time since last: 358441 ns, Reaching safepoint: 452904 ns, Cleanup: 3655 ns, At safepoint: 419493 ns, Total: 876052 ns
[2025-10-13T17:33:53.669-0700][1207][info ][safepoint   ] Safepoint "ICBufferFull", Time since last: 268225 ns, Reaching safepoint: 644914 ns, Cleanup: 4757 ns, At safepoint: 215175 ns, Total: 864846 ns
[2025-10-13T17:33:53.670-0700][1207][info ][safepoint   ] Safepoint "ICBufferFull", Time since last: 885858 ns, Reaching safepoint: 560416 ns, Cleanup: 4126 ns, At safepoint: 233353 ns, Total: 797895 ns
[2025-10-13T17:33:53.672-0700][1207][info ][safepoint   ] Safepoint "ICBufferFull", Time since last: 1064126 ns, Reaching safepoint: 382257 ns, Cleanup: 6570 ns, At safepoint: 275126 ns, Total: 663953 ns
[2025-10-13T17:33:53.673-0700][1207][info ][safepoint   ] Safepoint "ICBufferFull", Time since last: 370980 ns, Reaching safepoint: 328246 ns, Cleanup: 3825 ns, At safepoint: 271110 ns, Total: 603181 ns
[2025-10-13T17:33:53.674-0700][1207][info ][safepoint   ] Safepoint "ICBufferFull", Time since last: 401436 ns, Reaching safepoint: 311049 ns, Cleanup: 5128 ns, At safepoint: 189977 ns, Total: 506154 ns
[2025-10-13T17:33:53.675-0700][1207][info ][safepoint   ] Safepoint "ICBufferFull", Time since last: 148324 ns, Reaching safepoint: 283949 ns, Cleanup: 6359 ns, At safepoint: 192261 ns, Total: 482569 ns
[2025-10-13T17:33:53.675-0700][1207][info ][safepoint   ] Safepoint "ICBufferFull", Time since last: 273232 ns, Reaching safepoint: 290759 ns, Cleanup: 1292 ns, At safepoint: 161324 ns, Total: 453375 ns
[2025-10-13T17:33:53.677-0700][1207][info ][safepoint   ] Safepoint "ICBufferFull", Time since last: 1124187 ns, Reaching safepoint: 318691 ns, Cleanup: 9404 ns, At safepoint: 268235 ns, Total: 596330 ns
[2025-10-13T17:33:53.678-0700][1207][info ][safepoint   ] Safepoint "ICBufferFull", Time since last: 523220 ns, Reaching safepoint: 304861 ns, Cleanup: 8442 ns, At safepoint: 174153 ns, Total: 487456 ns
[2025-10-13T17:33:53.680-0700][1207][info ][safepoint   ] Safepoint "ICBufferFull", Time since last: 1034913 ns, Reaching safepoint: 379153 ns, Cleanup: 3465 ns, At safepoint: 291430 ns, Total: 674048 ns
[2025-10-13T17:33:53.681-0700][1207][info ][safepoint   ] Safepoint "ICBufferFull", Time since last: 271510 ns, Reaching safepoint: 308886 ns, Cleanup: 3095 ns, At safepoint: 216707 ns, Total: 528688 ns
[2025-10-13T17:33:53.681-0700][1207][info ][safepoint   ] Safepoint "ICBufferFull", Time since last: 142375 ns, Reaching safepoint: 261655 ns, Cleanup: 1382 ns, At safepoint: 223748 ns, Total: 486785 ns
[2025-10-13T17:33:53.682-0700][1207][info ][safepoint   ] Safepoint "ICBufferFull", Time since last: 446845 ns, Reaching safepoint: 294855 ns, Cleanup: 14662 ns, At safepoint: 290539 ns, Total: 600056 ns
[2025-10-13T17:33:53.684-0700][1207][info ][safepoint   ] Safepoint "ICBufferFull", Time since last: 711394 ns, Reaching safepoint: 313553 ns, Cleanup: 5999 ns, At safepoint: 166502 ns, Total: 486054 ns
[2025-10-13T17:33:53.684-0700][1207][info ][safepoint   ] Safepoint "ICBufferFull", Time since last: 112179 ns, Reaching safepoint: 255736 ns, Cleanup: 1312 ns, At safepoint: 160513 ns, Total: 417561 ns
[2025-10-13T17:33:53.685-0700][1207][info ][safepoint   ] Safepoint "ICBufferFull", Time since last: 136566 ns, Reaching safepoint: 260533 ns, Cleanup: 1292 ns, At safepoint: 300133 ns, Total: 561958 ns
[2025-10-13T17:33:53.686-0700][1207][info ][safepoint   ] Safepoint "ICBufferFull", Time since last: 187403 ns, Reaching safepoint: 291520 ns, Cleanup: 5829 ns, At safepoint: 264580 ns, Total: 561929 ns
[2025-10-13T17:33:53.686-0700][1207][info ][safepoint   ] Safepoint "ICBufferFull", Time since last: 257218 ns, Reaching safepoint: 286192 ns, Cleanup: 5098 ns, At safepoint: 255906 ns, Total: 547196 ns
[2025-10-13T17:33:53.687-0700][1207][info ][safepoint   ] Safepoint "ICBufferFull", Time since last: 297610 ns, Reaching safepoint: 263778 ns, Cleanup: 3034 ns, At safepoint: 134303 ns, Total: 401115 ns
[2025-10-13T17:33:53.689-0700][1207][info ][safepoint   ] Safepoint "ICBufferFull", Time since last: 1079320 ns, Reaching safepoint: 324991 ns, Cleanup: 5758 ns, At safepoint: 250899 ns, Total: 581648 ns
[2025-10-13T17:33:53.689-0700][1207][info ][safepoint   ] Safepoint "ICBufferFull", Time since last: 182325 ns, Reaching safepoint: 275637 ns, Cleanup: 8202 ns, At safepoint: 182986 ns, Total: 466825 ns
[2025-10-13T17:33:53.690-0700][1207][info ][safepoint   ] Safepoint "ICBufferFull", Time since last: 160683 ns, Reaching safepoint: 281915 ns, Cleanup: 1483 ns, At safepoint: 245030 ns, Total: 528428 ns
[2025-10-13T17:33:53.691-0700][1207][info ][safepoint   ] Safepoint "ICBufferFull", Time since last: 208585 ns, Reaching safepoint: 263578 ns, Cleanup: 1261 ns, At safepoint: 133091 ns, Total: 397930 ns
[2025-10-13T17:33:53.692-0700][1207][info ][safepoint   ] Safepoint "ICBufferFull", Time since last: 1041283 ns, Reaching safepoint: 357119 ns, Cleanup: 9644 ns, At safepoint: 270329 ns, Total: 637092 ns
[2025-10-13T17:33:53.713-0700][1207][info ][safepoint   ] Safepoint "ICBufferFull", Time since last: 19286149 ns, Reaching safepoint: 760939 ns, Cleanup: 64708 ns, At safepoint: 625114 ns, Total: 1450761 ns
[2025-10-13T17:33:53.718-0700][1207][info ][safepoint   ] Safepoint "ICBufferFull", Time since last: 4154603 ns, Reaching safepoint: 508167 ns, Cleanup: 5909 ns, At safepoint: 479885 ns, Total: 993961 ns
[2025-10-13T17:33:53.726-0700][1207][info ][safepoint   ] Safepoint "ICBufferFull", Time since last: 7076064 ns, Reaching safepoint: 653797 ns, Cleanup: 18838 ns, At safepoint: 543601 ns, Total: 1216236 ns
[2025-10-13T17:33:53.729-0700][1207][info ][safepoint   ] Safepoint "ICBufferFull", Time since last: 1326403 ns, Reaching safepoint: 527156 ns, Cleanup: 26049 ns, At safepoint: 344540 ns, Total: 897745 ns
[2025-10-13T17:33:53.731-0700][1207][info ][safepoint   ] Safepoint "ICBufferFull", Time since last: 1145029 ns, Reaching safepoint: 395277 ns, Cleanup: 3255 ns, At safepoint: 344420 ns, Total: 742952 ns
[2025-10-13T17:33:53.732-0700][1207][info ][safepoint   ] Safepoint "ICBufferFull", Time since last: 642841 ns, Reaching safepoint: 353654 ns, Cleanup: 10766 ns, At safepoint: 257138 ns, Total: 621558 ns
[2025-10-13T17:33:53.734-0700][1207][info ][safepoint   ] Safepoint "ICBufferFull", Time since last: 1720017 ns, Reaching safepoint: 606045 ns, Cleanup: 16705 ns, At safepoint: 222556 ns, Total: 845306 ns
[2025-10-13T17:33:53.735-0700][1207][info ][safepoint   ] Safepoint "ICBufferFull", Time since last: 133372 ns, Reaching safepoint: 282977 ns, Cleanup: 3565 ns, At safepoint: 192832 ns, Total: 479374 ns
[2025-10-13T17:33:53.737-0700][1207][info ][safepoint   ] Safepoint "ICBufferFull", Time since last: 1743592 ns, Reaching safepoint: 350590 ns, Cleanup: 9784 ns, At safepoint: 208125 ns, Total: 568499 ns
[2025-10-13T17:33:53.739-0700][1207][info ][safepoint   ] Safepoint "ICBufferFull", Time since last: 629600 ns, Reaching safepoint: 336288 ns, Cleanup: 3085 ns, At safepoint: 201163 ns, Total: 540536 ns
[2025-10-13T17:33:53.739-0700][1207][info ][safepoint   ] Safepoint "ICBufferFull", Time since last: 352032 ns, Reaching safepoint: 283858 ns, Cleanup: 3376 ns, At safepoint: 192019 ns, Total: 479253 ns
[2025-10-13T17:33:53.740-0700][1207][info ][safepoint   ] Safepoint "ICBufferFull", Time since last: 120593 ns, Reaching safepoint: 249126 ns, Cleanup: 4006 ns, At safepoint: 154483 ns, Total: 407615 ns
[2025-10-13T17:33:53.740-0700][1207][info ][safepoint   ] Safepoint "ICBufferFull", Time since last: 98679 ns, Reaching safepoint: 243227 ns, Cleanup: 551 ns, At safepoint: 152330 ns, Total: 396108 ns
[2025-10-13T17:33:53.741-0700][1207][info ][safepoint   ] Safepoint "ICBufferFull", Time since last: 113622 ns, Reaching safepoint: 232781 ns, Cleanup: 2945 ns, At safepoint: 130907 ns, Total: 366633 ns
[2025-10-13T17:33:53.741-0700][1207][info ][safepoint   ] Safepoint "ICBufferFull", Time since last: 92710 ns, Reaching safepoint: 241455 ns, Cleanup: 2153 ns, At safepoint: 186712 ns, Total: 430320 ns
[2025-10-13T17:33:53.742-0700][1207][info ][safepoint   ] Safepoint "ICBufferFull", Time since last: 136065 ns, Reaching safepoint: 249287 ns, Cleanup: 3806 ns, At safepoint: 198449 ns, Total: 451542 ns
[2025-10-13T17:33:53.743-0700][1207][info ][safepoint   ] Safepoint "ICBufferFull", Time since last: 213222 ns, Reaching safepoint: 307174 ns, Cleanup: 7201 ns, At safepoint: 185089 ns, Total: 499464 ns
[2025-10-13T17:33:53.743-0700][1207][info ][safepoint   ] Safepoint "ICBufferFull", Time since last: 153732 ns, Reaching safepoint: 257519 ns, Cleanup: 16014 ns, At safepoint: 209296 ns, Total: 482829 ns
[2025-10-13T17:33:53.744-0700][1207][info ][safepoint   ] Safepoint "ICBufferFull", Time since last: 89656 ns, Reaching safepoint: 244048 ns, Cleanup: 2975 ns, At safepoint: 218199 ns, Total: 465222 ns
[2025-10-13T17:33:53.745-0700][1207][info ][safepoint   ] Safepoint "ICBufferFull", Time since last: 325041 ns, Reaching safepoint: 261104 ns, Cleanup: 4807 ns, At safepoint: 188285 ns, Total: 454196 ns
[2025-10-13T17:33:53.745-0700][1207][info ][safepoint   ] Safepoint "ICBufferFull", Time since last: 341636 ns, Reaching safepoint: 254494 ns, Cleanup: 2974 ns, At safepoint: 149436 ns, Total: 406904 ns
[2025-10-13T17:33:53.747-0700][1207][info ][safepoint   ] Safepoint "ICBufferFull", Time since last: 1171158 ns, Reaching safepoint: 424401 ns, Cleanup: 6800 ns, At safepoint: 260874 ns, Total: 692075 ns
[2025-10-13T17:33:53.748-0700][1207][info ][safepoint   ] Safepoint "ICBufferFull", Time since last: 265541 ns, Reaching safepoint: 307585 ns, Cleanup: 2704 ns, At safepoint: 134142 ns, Total: 444431 ns
[2025-10-13T17:33:53.748-0700][1207][info ][safepoint   ] Safepoint "ICBufferFull", Time since last: 90517 ns, Reaching safepoint: 247694 ns, Cleanup: 1102 ns, At safepoint: 169015 ns, Total: 417811 ns
[2025-10-13T17:33:53.750-0700][1207][info ][safepoint   ] Safepoint "ICBufferFull", Time since last: 837024 ns, Reaching safepoint: 383849 ns, Cleanup: 7521 ns, At safepoint: 155846 ns, Total: 547216 ns
[2025-10-13T17:33:53.750-0700][1207][info ][safepoint   ] Safepoint "ICBufferFull", Time since last: 128434 ns, Reaching safepoint: 253242 ns, Cleanup: 2985 ns, At safepoint: 164558 ns, Total: 420785 ns
[2025-10-13T17:33:53.751-0700][1207][info ][safepoint   ] Safepoint "ICBufferFull", Time since last: 396098 ns, Reaching safepoint: 247354 ns, Cleanup: 1021 ns, At safepoint: 144398 ns, Total: 392773 ns
[2025-10-13T17:33:53.752-0700][1207][info ][safepoint   ] Safepoint "ICBufferFull", Time since last: 89826 ns, Reaching safepoint: 240603 ns, Cleanup: 3025 ns, At safepoint: 157567 ns, Total: 401195 ns
[2025-10-13T17:33:53.753-0700][1207][info ][safepoint   ] Safepoint "ICBufferFull", Time since last: 797264 ns, Reaching safepoint: 246943 ns, Cleanup: 3525 ns, At safepoint: 159021 ns, Total: 409489 ns
[2025-10-13T17:33:53.753-0700][1207][info ][safepoint   ] Safepoint "ICBufferFull", Time since last: 108604 ns, Reaching safepoint: 248084 ns, Cleanup: 4307 ns, At safepoint: 173572 ns, Total: 425963 ns
[2025-10-13T17:33:53.754-0700][1207][info ][safepoint   ] Safepoint "ICBufferFull", Time since last: 468177 ns, Reaching safepoint: 249436 ns, Cleanup: 3656 ns, At safepoint: 146821 ns, Total: 399913 ns
[2025-10-13T17:33:53.755-0700][1207][info ][safepoint   ] Safepoint "ICBufferFull", Time since last: 102595 ns, Reaching safepoint: 246903 ns, Cleanup: 2364 ns, At safepoint: 173582 ns, Total: 422849 ns
[2025-10-13T17:33:53.755-0700][1207][info ][safepoint   ] Safepoint "ICBufferFull", Time since last: 189165 ns, Reaching safepoint: 236608 ns, Cleanup: 7040 ns, At safepoint: 131970 ns, Total: 375618 ns
[2025-10-13T17:33:53.756-0700][1207][info ][safepoint   ] Safepoint "ICBufferFull", Time since last: 90686 ns, Reaching safepoint: 225731 ns, Cleanup: 3235 ns, At safepoint: 139661 ns, Total: 368627 ns
[2025-10-13T17:33:53.757-0700][1207][info ][safepoint   ] Safepoint "ICBufferFull", Time since last: 916384 ns, Reaching safepoint: 243437 ns, Cleanup: 5178 ns, At safepoint: 134944 ns, Total: 383559 ns
[2025-10-13T17:33:53.758-0700][1207][info ][safepoint   ] Safepoint "ICBufferFull", Time since last: 117597 ns, Reaching safepoint: 230969 ns, Cleanup: 962 ns, At safepoint: 155795 ns, Total: 387726 ns
[2025-10-13T17:33:53.759-0700][1207][info ][safepoint   ] Safepoint "ICBufferFull", Time since last: 578063 ns, Reaching safepoint: 245030 ns, Cleanup: 5748 ns, At safepoint: 188575 ns, Total: 439353 ns
[2025-10-13T17:33:53.759-0700][1207][info ][safepoint   ] Safepoint "ICBufferFull", Time since last: 138139 ns, Reaching safepoint: 236717 ns, Cleanup: 3095 ns, At safepoint: 178980 ns, Total: 418792 ns
[2025-10-13T17:33:53.760-0700][1207][info ][safepoint   ] Safepoint "ICBufferFull", Time since last: 137998 ns, Reaching safepoint: 246382 ns, Cleanup: 5198 ns, At safepoint: 168324 ns, Total: 419904 ns
[2025-10-13T17:33:53.760-0700][1207][info ][safepoint   ] Safepoint "ICBufferFull", Time since last: 139140 ns, Reaching safepoint: 235866 ns, Cleanup: 942 ns, At safepoint: 188474 ns, Total: 425282 ns
[2025-10-13T17:33:53.761-0700][1207][info ][safepoint   ] Safepoint "ICBufferFull", Time since last: 125260 ns, Reaching safepoint: 251409 ns, Cleanup: 3606 ns, At safepoint: 226291 ns, Total: 481306 ns
[2025-10-13T17:33:53.763-0700][1207][info ][safepoint   ] Safepoint "ICBufferFull", Time since last: 1768611 ns, Reaching safepoint: 301245 ns, Cleanup: 11707 ns, At safepoint: 110808 ns, Total: 423760 ns
[2025-10-13T17:33:53.764-0700][1207][info ][safepoint   ] Safepoint "ICBufferFull", Time since last: 260353 ns, Reaching safepoint: 226792 ns, Cleanup: 1052 ns, At safepoint: 131348 ns, Total: 359192 ns
[2025-10-13T17:33:53.764-0700][1207][info ][safepoint   ] Safepoint "ICBufferFull", Time since last: 83216 ns, Reaching safepoint: 236417 ns, Cleanup: 3134 ns, At safepoint: 196617 ns, Total: 436168 ns
[2025-10-13T17:33:53.765-0700][1207][info ][safepoint   ] Safepoint "ICBufferFull", Time since last: 226422 ns, Reaching safepoint: 228215 ns, Cleanup: 4196 ns, At safepoint: 129836 ns, Total: 362247 ns
[2025-10-13T17:33:53.765-0700][1207][info ][safepoint   ] Safepoint "ICBufferFull", Time since last: 95694 ns, Reaching safepoint: 240313 ns, Cleanup: 611 ns, At safepoint: 149266 ns, Total: 390190 ns
[2025-10-13T17:33:53.766-0700][1207][info ][safepoint   ] Safepoint "ICBufferFull", Time since last: 528828 ns, Reaching safepoint: 349247 ns, Cleanup: 9194 ns, At safepoint: 235957 ns, Total: 594398 ns
[2025-10-13T17:33:53.767-0700][1207][info ][safepoint   ] Safepoint "ICBufferFull", Time since last: 249677 ns, Reaching safepoint: 263427 ns, Cleanup: 4277 ns, At safepoint: 196366 ns, Total: 464070 ns
[2025-10-13T17:33:53.768-0700][1207][info ][safepoint   ] Safepoint "ICBufferFull", Time since last: 157869 ns, Reaching safepoint: 252621 ns, Cleanup: 3085 ns, At safepoint: 182175 ns, Total: 437881 ns
[2025-10-13T17:33:53.769-0700][1207][info ][safepoint   ] Safepoint "ICBufferFull", Time since last: 161914 ns, Reaching safepoint: 273493 ns, Cleanup: 4357 ns, At safepoint: 255145 ns, Total: 532995 ns
[2025-10-13T17:33:53.769-0700][1207][info ][safepoint   ] Safepoint "ICBufferFull", Time since last: 199471 ns, Reaching safepoint: 233763 ns, Cleanup: 3295 ns, At safepoint: 139711 ns, Total: 376769 ns
[2025-10-13T17:33:53.770-0700][1207][info ][safepoint   ] Safepoint "ICBufferFull", Time since last: 733337 ns, Reaching safepoint: 272542 ns, Cleanup: 4507 ns, At safepoint: 222506 ns, Total: 499555 ns
[2025-10-13T17:33:53.771-0700][1207][info ][safepoint   ] Safepoint "ICBufferFull", Time since last: 370379 ns, Reaching safepoint: 245731 ns, Cleanup: 5779 ns, At safepoint: 184949 ns, Total: 436459 ns
[2025-10-13T17:33:53.772-0700][1207][info ][safepoint   ] Safepoint "ICBufferFull", Time since last: 298931 ns, Reaching safepoint: 262897 ns, Cleanup: 5559 ns, At safepoint: 264639 ns, Total: 533095 ns
[2025-10-13T17:33:53.773-0700][1207][info ][safepoint   ] Safepoint "ICBufferFull", Time since last: 203047 ns, Reaching safepoint: 280563 ns, Cleanup: 3135 ns, At safepoint: 232151 ns, Total: 515849 ns
[2025-10-13T17:33:53.773-0700][1207][info ][safepoint   ] Safepoint "ICBufferFull", Time since last: 169546 ns, Reaching safepoint: 248545 ns, Cleanup: 3185 ns, At safepoint: 212801 ns, Total: 464531 ns
[2025-10-13T17:33:53.775-0700][1207][info ][safepoint   ] Safepoint "ICBufferFull", Time since last: 822151 ns, Reaching safepoint: 256397 ns, Cleanup: 4087 ns, At safepoint: 147873 ns, Total: 408357 ns
[2025-10-13T17:33:53.775-0700][1207][info ][safepoint   ] Safepoint "ICBufferFull", Time since last: 94673 ns, Reaching safepoint: 243257 ns, Cleanup: 2314 ns, At safepoint: 191348 ns, Total: 436919 ns
[2025-10-13T17:33:53.776-0700][1207][info ][safepoint   ] Safepoint "ICBufferFull", Time since last: 299713 ns, Reaching safepoint: 253002 ns, Cleanup: 1042 ns, At safepoint: 198910 ns, Total: 452954 ns
[2025-10-13T17:33:53.777-0700][1207][info ][safepoint   ] Safepoint "ICBufferFull", Time since last: 486164 ns, Reaching safepoint: 248545 ns, Cleanup: 5038 ns, At safepoint: 150006 ns, Total: 403589 ns
[2025-10-13T17:33:53.777-0700][1207][info ][safepoint   ] Safepoint "ICBufferFull", Time since last: 340595 ns, Reaching safepoint: 249086 ns, Cleanup: 2884 ns, At safepoint: 183257 ns, Total: 435227 ns
[2025-10-13T17:33:53.778-0700][1207][info ][safepoint   ] Safepoint "ICBufferFull", Time since last: 107552 ns, Reaching safepoint: 245270 ns, Cleanup: 1192 ns, At safepoint: 183738 ns, Total: 430200 ns
[2025-10-13T17:33:53.779-0700][1207][info ][safepoint   ] Safepoint "ICBufferFull", Time since last: 170938 ns, Reaching safepoint: 245410 ns, Cleanup: 5979 ns, At safepoint: 173202 ns, Total: 424591 ns
[2025-10-13T17:33:53.780-0700][1207][info ][safepoint   ] Safepoint "ICBufferFull", Time since last: 481176 ns, Reaching safepoint: 252422 ns, Cleanup: 4576 ns, At safepoint: 168224 ns, Total: 425222 ns
[2025-10-13T17:33:53.780-0700][1207][info ][safepoint   ] Safepoint "ICBufferFull", Time since last: 410711 ns, Reaching safepoint: 256827 ns, Cleanup: 7171 ns, At safepoint: 187994 ns, Total: 451992 ns
[2025-10-13T17:33:53.781-0700][1207][info ][safepoint   ] Safepoint "ICBufferFull", Time since last: 122215 ns, Reaching safepoint: 234243 ns, Cleanup: 1082 ns, At safepoint: 145179 ns, Total: 380504 ns
[2025-10-13T17:33:53.782-0700][1207][info ][safepoint   ] Safepoint "ICBufferFull", Time since last: 675079 ns, Reaching safepoint: 279092 ns, Cleanup: 7281 ns, At safepoint: 241755 ns, Total: 528128 ns
[2025-10-13T17:33:53.783-0700][1207][info ][safepoint   ] Safepoint "ICBufferFull", Time since last: 245290 ns, Reaching safepoint: 272512 ns, Cleanup: 5929 ns, At safepoint: 247694 ns, Total: 526135 ns
[2025-10-13T17:33:53.783-0700][1207][info ][safepoint   ] Safepoint "ICBufferFull", Time since last: 205660 ns, Reaching safepoint: 246602 ns, Cleanup: 1573 ns, At safepoint: 145850 ns, Total: 394025 ns
[2025-10-13T17:33:53.784-0700][1207][info ][safepoint   ] Safepoint "ICBufferFull", Time since last: 85459 ns, Reaching safepoint: 248005 ns, Cleanup: 1021 ns, At safepoint: 224329 ns, Total: 473355 ns
[2025-10-13T17:33:53.785-0700][1207][info ][safepoint   ] Safepoint "ICBufferFull", Time since last: 218129 ns, Reaching safepoint: 236718 ns, Cleanup: 3425 ns, At safepoint: 156977 ns, Total: 397120 ns
[2025-10-13T17:33:53.785-0700][1207][info ][safepoint   ] Safepoint "ICBufferFull", Time since last: 175995 ns, Reaching safepoint: 245070 ns, Cleanup: 3285 ns, At safepoint: 177478 ns, Total: 425833 ns
[2025-10-13T17:33:53.786-0700][1207][info ][safepoint   ] Safepoint "ICBufferFull", Time since last: 498042 ns, Reaching safepoint: 249036 ns, Cleanup: 5759 ns, At safepoint: 147032 ns, Total: 401827 ns
[2025-10-13T17:33:53.787-0700][1207][info ][safepoint   ] Safepoint "ICBufferFull", Time since last: 427476 ns, Reaching safepoint: 247283 ns, Cleanup: 5468 ns, At safepoint: 191299 ns, Total: 444050 ns
[2025-10-13T17:33:53.788-0700][1207][info ][safepoint   ] Safepoint "ICBufferFull", Time since last: 149205 ns, Reaching safepoint: 256668 ns, Cleanup: 3175 ns, At safepoint: 173842 ns, Total: 433685 ns
[2025-10-13T17:33:53.788-0700][1207][info ][safepoint   ] Safepoint "ICBufferFull", Time since last: 107372 ns, Reaching safepoint: 233172 ns, Cleanup: 1202 ns, At safepoint: 181484 ns, Total: 415858 ns
[2025-10-13T17:33:53.789-0700][1207][info ][safepoint   ] Safepoint "ICBufferFull", Time since last: 140863 ns, Reaching safepoint: 241665 ns, Cleanup: 2534 ns, At safepoint: 167082 ns, Total: 411281 ns
[2025-10-13T17:33:53.789-0700][1207][info ][safepoint   ] Safepoint "ICBufferFull", Time since last: 130236 ns, Reaching safepoint: 246112 ns, Cleanup: 3395 ns, At safepoint: 199752 ns, Total: 449259 ns
[2025-10-13T17:33:53.790-0700][1207][info ][safepoint   ] Safepoint "ICBufferFull", Time since last: 149586 ns, Reaching safepoint: 243918 ns, Cleanup: 1062 ns, At safepoint: 139851 ns, Total: 384831 ns
[2025-10-13T17:33:53.791-0700][1207][info ][safepoint   ] Safepoint "ICBufferFull", Time since last: 374315 ns, Reaching safepoint: 288856 ns, Cleanup: 4777 ns, At safepoint: 230709 ns, Total: 524342 ns
[2025-10-13T17:33:53.791-0700][1207][info ][safepoint   ] Safepoint "ICBufferFull", Time since last: 206481 ns, Reaching safepoint: 271270 ns, Cleanup: 3235 ns, At safepoint: 243968 ns, Total: 518473 ns
[2025-10-13T17:33:53.792-0700][1207][info ][safepoint   ] Safepoint "ICBufferFull", Time since last: 293103 ns, Reaching safepoint: 257258 ns, Cleanup: 3235 ns, At safepoint: 175755 ns, Total: 436248 ns
[2025-10-13T17:33:53.793-0700][1207][info ][safepoint   ] Safepoint "ICBufferFull", Time since last: 263228 ns, Reaching safepoint: 255996 ns, Cleanup: 3285 ns, At safepoint: 185130 ns, Total: 444411 ns
[2025-10-13T17:33:53.794-0700][1207][info ][safepoint   ] Safepoint "ICBufferFull", Time since last: 206071 ns, Reaching safepoint: 258180 ns, Cleanup: 3175 ns, At safepoint: 207072 ns, Total: 468427 ns
[2025-10-13T17:33:53.794-0700][1207][info ][safepoint   ] Safepoint "ICBufferFull", Time since last: 388487 ns, Reaching safepoint: 258580 ns, Cleanup: 2494 ns, At safepoint: 199682 ns, Total: 460756 ns
[2025-10-13T17:33:53.795-0700][1207][info ][safepoint   ] Safepoint "ICBufferFull", Time since last: 117857 ns, Reaching safepoint: 236157 ns, Cleanup: 3135 ns, At safepoint: 155094 ns, Total: 394386 ns
[2025-10-13T17:33:53.795-0700][1207][info ][safepoint   ] Safepoint "ICBufferFull", Time since last: 100842 ns, Reaching safepoint: 267744 ns, Cleanup: 2184 ns, At safepoint: 217979 ns, Total: 487907 ns
[2025-10-13T17:33:53.796-0700][1207][info ][safepoint   ] Safepoint "ICBufferFull", Time since last: 207874 ns, Reaching safepoint: 270368 ns, Cleanup: 5819 ns, At safepoint: 210207 ns, Total: 486394 ns
[2025-10-13T17:33:53.797-0700][1207][info ][safepoint   ] Safepoint "ICBufferFull", Time since last: 154253 ns, Reaching safepoint: 237218 ns, Cleanup: 3145 ns, At safepoint: 163176 ns, Total: 403539 ns
[2025-10-13T17:33:53.797-0700][1207][info ][safepoint   ] Safepoint "ICBufferFull", Time since last: 114343 ns, Reaching safepoint: 261535 ns, Cleanup: 3105 ns, At safepoint: 234013 ns, Total: 498653 ns
[2025-10-13T17:33:53.798-0700][1207][info ][safepoint   ] Safepoint "ICBufferFull", Time since last: 159300 ns, Reaching safepoint: 233533 ns, Cleanup: 2784 ns, At safepoint: 140803 ns, Total: 377120 ns
[2025-10-13T17:33:53.798-0700][1207][info ][safepoint   ] Safepoint "ICBufferFull", Time since last: 76876 ns, Reaching safepoint: 266933 ns, Cleanup: 3645 ns, At safepoint: 253904 ns, Total: 524482 ns
[2025-10-13T17:33:53.799-0700][1207][info ][safepoint   ] Safepoint "ICBufferFull", Time since last: 186902 ns, Reaching safepoint: 240744 ns, Cleanup: 2954 ns, At safepoint: 134363 ns, Total: 378061 ns
[2025-10-13T17:33:53.800-0700][1207][info ][safepoint   ] Safepoint "ICBufferFull", Time since last: 67682 ns, Reaching safepoint: 248806 ns, Cleanup: 3465 ns, At safepoint: 222075 ns, Total: 474346 ns
[2025-10-13T17:33:53.800-0700][1207][info ][safepoint   ] Safepoint "ICBufferFull", Time since last: 167393 ns, Reaching safepoint: 258140 ns, Cleanup: 3145 ns, At safepoint: 232060 ns, Total: 493345 ns
[2025-10-13T17:33:53.801-0700][1207][info ][safepoint   ] Safepoint "ICBufferFull", Time since last: 184639 ns, Reaching safepoint: 462929 ns, Cleanup: 2554 ns, At safepoint: 242426 ns, Total: 707909 ns
[2025-10-13T17:33:53.802-0700][1207][info ][safepoint   ] Safepoint "ICBufferFull", Time since last: 181634 ns, Reaching safepoint: 268635 ns, Cleanup: 5369 ns, At safepoint: 196536 ns, Total: 470540 ns
[2025-10-13T17:33:53.802-0700][1207][info ][safepoint   ] Safepoint "ICBufferFull", Time since last: 157358 ns, Reaching safepoint: 255856 ns, Cleanup: 2614 ns, At safepoint: 172581 ns, Total: 431051 ns
[2025-10-13T17:33:53.803-0700][1207][info ][safepoint   ] Safepoint "ICBufferFull", Time since last: 509799 ns, Reaching safepoint: 284570 ns, Cleanup: 26971 ns, At safepoint: 217488 ns, Total: 529029 ns
[2025-10-13T17:33:53.804-0700][1207][info ][safepoint   ] Safepoint "ICBufferFull", Time since last: 215676 ns, Reaching safepoint: 247193 ns, Cleanup: 1152 ns, At safepoint: 152470 ns, Total: 400815 ns
[2025-10-13T17:33:53.805-0700][1207][info ][safepoint   ] Safepoint "ICBufferFull", Time since last: 91218 ns, Reaching safepoint: 242816 ns, Cleanup: 4227 ns, At safepoint: 162315 ns, Total: 409358 ns
[2025-10-13T17:33:53.805-0700][1207][info ][safepoint   ] Safepoint "ICBufferFull", Time since last: 316277 ns, Reaching safepoint: 259853 ns, Cleanup: 3565 ns, At safepoint: 229817 ns, Total: 493235 ns
[2025-10-13T17:33:53.806-0700][1207][info ][safepoint   ] Safepoint "ICBufferFull", Time since last: 404230 ns, Reaching safepoint: 252862 ns, Cleanup: 4717 ns, At safepoint: 166993 ns, Total: 424572 ns
[2025-10-13T17:33:53.807-0700][1207][info ][safepoint   ] Safepoint "ICBufferFull", Time since last: 322256 ns, Reaching safepoint: 249917 ns, Cleanup: 3185 ns, At safepoint: 182025 ns, Total: 435127 ns
[2025-10-13T17:33:53.808-0700][1207][info ][safepoint   ] Safepoint "ICBufferFull", Time since last: 320975 ns, Reaching safepoint: 270478 ns, Cleanup: 2554 ns, At safepoint: 196316 ns, Total: 469348 ns
[2025-10-13T17:33:53.808-0700][1207][info ][safepoint   ] Safepoint "ICBufferFull", Time since last: 157318 ns, Reaching safepoint: 242696 ns, Cleanup: 1102 ns, At safepoint: 184739 ns, Total: 428537 ns
[2025-10-13T17:33:53.809-0700][1207][info ][safepoint   ] Safepoint "ICBufferFull", Time since last: 295366 ns, Reaching safepoint: 265190 ns, Cleanup: 4878 ns, At safepoint: 197949 ns, Total: 468017 ns
[2025-10-13T17:33:53.810-0700][1207][info ][safepoint   ] Safepoint "ICBufferFull", Time since last: 169325 ns, Reaching safepoint: 243127 ns, Cleanup: 501 ns, At safepoint: 143126 ns, Total: 386754 ns
[2025-10-13T17:33:53.810-0700][1207][info ][safepoint   ] Safepoint "ICBufferFull", Time since last: 105520 ns, Reaching safepoint: 261785 ns, Cleanup: 2974 ns, At safepoint: 230879 ns, Total: 495638 ns
[2025-10-13T17:33:53.811-0700][1207][info ][safepoint   ] Safepoint "ICBufferFull", Time since last: 150757 ns, Reaching safepoint: 238921 ns, Cleanup: 5639 ns, At safepoint: 145590 ns, Total: 390150 ns
[2025-10-13T17:33:53.811-0700][1207][info ][safepoint   ] Safepoint "ICBufferFull", Time since last: 112850 ns, Reaching safepoint: 239952 ns, Cleanup: 2624 ns, At safepoint: 178079 ns, Total: 420655 ns
[2025-10-13T17:33:53.812-0700][1207][info ][safepoint   ] Safepoint "ICBufferFull", Time since last: 636161 ns, Reaching safepoint: 270057 ns, Cleanup: 4377 ns, At safepoint: 152640 ns, Total: 427074 ns
[2025-10-13T17:33:53.813-0700][1207][info ][safepoint   ] Safepoint "ICBufferFull", Time since last: 86541 ns, Reaching safepoint: 227093 ns, Cleanup: 3325 ns, At safepoint: 164659 ns, Total: 395077 ns
[2025-10-13T17:33:53.813-0700][1207][info ][safepoint   ] Safepoint "ICBufferFull", Time since last: 87502 ns, Reaching safepoint: 270468 ns, Cleanup: 4767 ns, At safepoint: 237289 ns, Total: 512524 ns
[2025-10-13T17:33:53.814-0700][1207][info ][safepoint   ] Safepoint "ICBufferFull", Time since last: 141814 ns, Reaching safepoint: 562860 ns, Cleanup: 13129 ns, At safepoint: 135585 ns, Total: 711574 ns
[2025-10-13T17:33:53.816-0700][1207][info ][safepoint   ] Safepoint "ICBufferFull", Time since last: 1089415 ns, Reaching safepoint: 276608 ns, Cleanup: 3465 ns, At safepoint: 122224 ns, Total: 402297 ns
[2025-10-13T17:33:53.817-0700][1207][info ][safepoint   ] Safepoint "ICBufferFull", Time since last: 433355 ns, Reaching safepoint: 252120 ns, Cleanup: 641 ns, At safepoint: 152360 ns, Total: 405121 ns
[2025-10-13T17:33:53.817-0700][1207][info ][safepoint   ] Safepoint "ICBufferFull", Time since last: 264710 ns, Reaching safepoint: 361466 ns, Cleanup: 2984 ns, At safepoint: 220854 ns, Total: 585304 ns
[2025-10-13T17:33:53.818-0700][1207][info ][safepoint   ] Safepoint "ICBufferFull", Time since last: 143607 ns, Reaching safepoint: 267564 ns, Cleanup: 4977 ns, At safepoint: 209196 ns, Total: 481737 ns
[2025-10-13T17:33:53.819-0700][1207][info ][safepoint   ] Safepoint "ICBufferFull", Time since last: 148725 ns, Reaching safepoint: 242045 ns, Cleanup: 2724 ns, At safepoint: 178530 ns, Total: 423299 ns
[2025-10-13T17:33:53.819-0700][1207][info ][safepoint   ] Safepoint "ICBufferFull", Time since last: 165640 ns, Reaching safepoint: 230858 ns, Cleanup: 3556 ns, At safepoint: 147342 ns, Total: 381756 ns
[2025-10-13T17:33:53.820-0700][1207][info ][safepoint   ] Safepoint "ICBufferFull", Time since last: 241655 ns, Reaching safepoint: 237599 ns, Cleanup: 3355 ns, At safepoint: 163216 ns, Total: 404170 ns
[2025-10-13T17:33:53.821-0700][1207][info ][safepoint   ] Safepoint "ICBufferFull", Time since last: 146031 ns, Reaching safepoint: 309998 ns, Cleanup: 2574 ns, At safepoint: 201324 ns, Total: 513896 ns
[2025-10-13T17:33:53.821-0700][1207][info ][safepoint   ] Safepoint "ICBufferFull", Time since last: 137888 ns, Reaching safepoint: 241885 ns, Cleanup: 942 ns, At safepoint: 165560 ns, Total: 408387 ns
[2025-10-13T17:33:53.822-0700][1207][info ][safepoint   ] Safepoint "ICBufferFull", Time since last: 326873 ns, Reaching safepoint: 240283 ns, Cleanup: 11247 ns, At safepoint: 132560 ns, Total: 384090 ns
[2025-10-13T17:33:53.822-0700][1207][info ][safepoint   ] Safepoint "ICBufferFull", Time since last: 84538 ns, Reaching safepoint: 254404 ns, Cleanup: 3065 ns, At safepoint: 205380 ns, Total: 462849 ns
[2025-10-13T17:33:53.823-0700][1207][info ][safepoint   ] Safepoint "ICBufferFull", Time since last: 452913 ns, Reaching safepoint: 295336 ns, Cleanup: 2775 ns, At safepoint: 128724 ns, Total: 426835 ns
[2025-10-13T17:33:53.824-0700][1207][info ][safepoint   ] Safepoint "ICBufferFull", Time since last: 151789 ns, Reaching safepoint: 238941 ns, Cleanup: 5588 ns, At safepoint: 185661 ns, Total: 430190 ns
[2025-10-13T17:33:53.824-0700][1207][info ][safepoint   ] Safepoint "ICBufferFull", Time since last: 142575 ns, Reaching safepoint: 256677 ns, Cleanup: 862 ns, At safepoint: 178820 ns, Total: 436359 ns
[2025-10-13T17:33:53.825-0700][1207][info ][safepoint   ] Safepoint "ICBufferFull", Time since last: 126982 ns, Reaching safepoint: 247053 ns, Cleanup: 6239 ns, At safepoint: 187663 ns, Total: 440955 ns
[2025-10-13T17:33:53.825-0700][1207][info ][safepoint   ] Safepoint "ICBufferFull", Time since last: 136937 ns, Reaching safepoint: 244369 ns, Cleanup: 1242 ns, At safepoint: 159300 ns, Total: 404911 ns
[2025-10-13T17:33:53.827-0700][1207][info ][safepoint   ] Safepoint "ICBufferFull", Time since last: 1050627 ns, Reaching safepoint: 257338 ns, Cleanup: 5709 ns, At safepoint: 110907 ns, Total: 373954 ns
[2025-10-13T17:33:53.827-0700][1207][info ][safepoint   ] Safepoint "ICBufferFull", Time since last: 153142 ns, Reaching safepoint: 235185 ns, Cleanup: 5027 ns, At safepoint: 150938 ns, Total: 391150 ns
[2025-10-13T17:33:53.828-0700][1207][info ][safepoint   ] Safepoint "ICBufferFull", Time since last: 80612 ns, Reaching safepoint: 233813 ns, Cleanup: 1312 ns, At safepoint: 183177 ns, Total: 418302 ns
[2025-10-13T17:33:53.828-0700][1207][info ][safepoint   ] Safepoint "ICBufferFull", Time since last: 120782 ns, Reaching safepoint: 246162 ns, Cleanup: 2944 ns, At safepoint: 172921 ns, Total: 422027 ns
[2025-10-13T17:33:53.829-0700][1207][info ][safepoint   ] Safepoint "ICBufferFull", Time since last: 145740 ns, Reaching safepoint: 225651 ns, Cleanup: 2754 ns, At safepoint: 143837 ns, Total: 372242 ns
[2025-10-13T17:33:53.831-0700][1207][info ][safepoint   ] Safepoint "ICBufferFull", Time since last: 1780519 ns, Reaching safepoint: 283448 ns, Cleanup: 3845 ns, At safepoint: 129606 ns, Total: 416899 ns
[2025-10-13T17:33:53.832-0700][1207][info ][safepoint   ] Safepoint "ICBufferFull", Time since last: 131348 ns, Reaching safepoint: 262787 ns, Cleanup: 1072 ns, At safepoint: 187703 ns, Total: 451562 ns
[2025-10-13T17:33:53.832-0700][1207][info ][safepoint   ] Safepoint "ICBufferFull", Time since last: 156326 ns, Reaching safepoint: 244139 ns, Cleanup: 2984 ns, At safepoint: 148815 ns, Total: 395938 ns
[2025-10-13T17:33:53.833-0700][1207][info ][safepoint   ] Safepoint "ICBufferFull", Time since last: 98589 ns, Reaching safepoint: 249276 ns, Cleanup: 3025 ns, At safepoint: 174143 ns, Total: 426444 ns
[2025-10-13T17:33:53.833-0700][1207][info ][safepoint   ] Safepoint "ICBufferFull", Time since last: 137638 ns, Reaching safepoint: 236236 ns, Cleanup: 2574 ns, At safepoint: 143587 ns, Total: 382397 ns
[2025-10-13T17:33:53.834-0700][1207][info ][safepoint   ] Safepoint "ICBufferFull", Time since last: 87272 ns, Reaching safepoint: 253272 ns, Cleanup: 5689 ns, At safepoint: 197107 ns, Total: 456068 ns
[2025-10-13T17:33:53.835-0700][1207][info ][safepoint   ] Safepoint "ICBufferFull", Time since last: 130127 ns, Reaching safepoint: 254935 ns, Cleanup: 5859 ns, At safepoint: 193472 ns, Total: 454266 ns
[2025-10-13T17:33:53.835-0700][1207][info ][safepoint   ] Safepoint "ICBufferFull", Time since last: 149025 ns, Reaching safepoint: 253152 ns, Cleanup: 2524 ns, At safepoint: 170277 ns, Total: 425953 ns
[2025-10-13T17:33:53.836-0700][1207][info ][safepoint   ] Safepoint "ICBufferFull", Time since last: 142515 ns, Reaching safepoint: 250699 ns, Cleanup: 3895 ns, At safepoint: 177188 ns, Total: 431782 ns
[2025-10-13T17:33:53.836-0700][1207][info ][safepoint   ] Safepoint "ICBufferFull", Time since last: 124578 ns, Reaching safepoint: 233382 ns, Cleanup: 3205 ns, At safepoint: 141644 ns, Total: 378231 ns
[2025-10-13T17:33:53.837-0700][1207][info ][safepoint   ] Safepoint "ICBufferFull", Time since last: 139381 ns, Reaching safepoint: 261174 ns, Cleanup: 3746 ns, At safepoint: 150647 ns, Total: 415567 ns
[2025-10-13T17:33:53.838-0700][1207][info ][safepoint   ] Safepoint "ICBufferFull", Time since last: 881221 ns, Reaching safepoint: 301555 ns, Cleanup: 8192 ns, At safepoint: 108905 ns, Total: 418652 ns
[2025-10-13T17:33:53.839-0700][1207][info ][safepoint   ] Safepoint "ICBufferFull", Time since last: 120572 ns, Reaching safepoint: 273593 ns, Cleanup: 2864 ns, At safepoint: 177368 ns, Total: 453825 ns
[2025-10-13T17:33:53.839-0700][1207][info ][safepoint   ] Safepoint "ICBufferFull", Time since last: 118960 ns, Reaching safepoint: 241134 ns, Cleanup: 1181 ns, At safepoint: 150818 ns, Total: 393133 ns
[2025-10-13T17:33:53.840-0700][1207][info ][safepoint   ] Safepoint "ICBufferFull", Time since last: 99991 ns, Reaching safepoint: 243658 ns, Cleanup: 1763 ns, At safepoint: 179120 ns, Total: 424541 ns
[2025-10-13T17:33:53.840-0700][1207][info ][safepoint   ] Safepoint "ICBufferFull", Time since last: 108153 ns, Reaching safepoint: 254104 ns, Cleanup: 5819 ns, At safepoint: 176837 ns, Total: 436760 ns
[2025-10-13T17:33:53.841-0700][1207][info ][safepoint   ] Safepoint "ICBufferFull", Time since last: 156857 ns, Reaching safepoint: 240373 ns, Cleanup: 2884 ns, At safepoint: 145039 ns, Total: 388296 ns
[2025-10-13T17:33:53.842-0700][1207][info ][safepoint   ] Safepoint "ICBufferFull", Time since last: 428427 ns, Reaching safepoint: 244449 ns, Cleanup: 3285 ns, At safepoint: 107893 ns, Total: 355627 ns
[2025-10-13T17:33:53.842-0700][1207][info ][safepoint   ] Safepoint "ICBufferFull", Time since last: 128584 ns, Reaching safepoint: 306403 ns, Cleanup: 1642 ns, At safepoint: 188425 ns, Total: 496470 ns
[2025-10-13T17:33:53.843-0700][1207][info ][safepoint   ] Safepoint "ICBufferFull", Time since last: 170237 ns, Reaching safepoint: 364650 ns, Cleanup: 6400 ns, At safepoint: 179932 ns, Total: 550982 ns
[2025-10-13T17:33:53.843-0700][1207][info ][safepoint   ] Safepoint "ICBufferFull", Time since last: 109064 ns, Reaching safepoint: 270769 ns, Cleanup: 6350 ns, At safepoint: 177998 ns, Total: 455117 ns
[2025-10-13T17:33:53.844-0700][1207][info ][safepoint   ] Safepoint "ICBufferFull", Time since last: 126922 ns, Reaching safepoint: 247444 ns, Cleanup: 3215 ns, At safepoint: 141293 ns, Total: 391952 ns
[2025-10-13T17:33:53.845-0700][1207][info ][safepoint   ] Safepoint "ICBufferFull", Time since last: 80221 ns, Reaching safepoint: 277419 ns, Cleanup: 7201 ns, At safepoint: 212591 ns, Total: 497211 ns
[2025-10-13T17:33:53.845-0700][1207][info ][safepoint   ] Safepoint "ICBufferFull", Time since last: 105499 ns, Reaching safepoint: 250468 ns, Cleanup: 3235 ns, At safepoint: 155855 ns, Total: 409558 ns
[2025-10-13T17:33:53.846-0700][1207][info ][safepoint   ] Safepoint "ICBufferFull", Time since last: 115425 ns, Reaching safepoint: 352903 ns, Cleanup: 2563 ns, At safepoint: 152200 ns, Total: 507666 ns
[2025-10-13T17:33:53.846-0700][1207][info ][safepoint   ] Safepoint "ICBufferFull", Time since last: 108314 ns, Reaching safepoint: 219281 ns, Cleanup: 3525 ns, At safepoint: 135955 ns, Total: 358761 ns
[2025-10-13T17:33:53.847-0700][1207][info ][safepoint   ] Safepoint "ICBufferFull", Time since last: 111028 ns, Reaching safepoint: 221004 ns, Cleanup: 3465 ns, At safepoint: 136686 ns, Total: 361155 ns
[2025-10-13T17:33:53.847-0700][1207][info ][safepoint   ] Safepoint "ICBufferFull", Time since last: 80863 ns, Reaching safepoint: 231038 ns, Cleanup: 1172 ns, At safepoint: 148895 ns, Total: 381105 ns
[2025-10-13T17:33:53.848-0700][1207][info ][safepoint   ] Safepoint "ICBufferFull", Time since last: 92630 ns, Reaching safepoint: 235515 ns, Cleanup: 2965 ns, At safepoint: 157438 ns, Total: 395918 ns
[2025-10-13T17:33:53.848-0700][1207][info ][safepoint   ] Safepoint "ICBufferFull", Time since last: 96345 ns, Reaching safepoint: 236327 ns, Cleanup: 5178 ns, At safepoint: 164348 ns, Total: 405853 ns
[2025-10-13T17:33:53.849-0700][1207][info ][safepoint   ] Safepoint "ICBufferFull", Time since last: 116946 ns, Reaching safepoint: 244500 ns, Cleanup: 2954 ns, At safepoint: 141684 ns, Total: 389138 ns
[2025-10-13T17:33:53.849-0700][1207][info ][safepoint   ] Safepoint "ICBufferFull", Time since last: 100291 ns, Reaching safepoint: 234284 ns, Cleanup: 3075 ns, At safepoint: 153141 ns, Total: 390500 ns
[2025-10-13T17:33:53.850-0700][1207][info ][safepoint   ] Safepoint "ICBufferFull", Time since last: 97567 ns, Reaching safepoint: 243468 ns, Cleanup: 2394 ns, At safepoint: 159781 ns, Total: 405643 ns
[2025-10-13T17:33:53.850-0700][1207][info ][safepoint   ] Safepoint "ICBufferFull", Time since last: 110066 ns, Reaching safepoint: 222125 ns, Cleanup: 2975 ns, At safepoint: 152791 ns, Total: 377891 ns
[2025-10-13T17:33:53.851-0700][1207][info ][safepoint   ] Safepoint "ICBufferFull", Time since last: 116045 ns, Reaching safepoint: 844725 ns, Cleanup: 16936 ns, At safepoint: 161654 ns, Total: 1023315 ns
[2025-10-13T17:33:53.852-0700][1207][info ][safepoint   ] Safepoint "ICBufferFull", Time since last: 128614 ns, Reaching safepoint: 367565 ns, Cleanup: 1112 ns, At safepoint: 189656 ns, Total: 558333 ns
[2025-10-13T17:33:53.853-0700][1207][info ][safepoint   ] Safepoint "ICBufferFull", Time since last: 111018 ns, Reaching safepoint: 341125 ns, Cleanup: 1262 ns, At safepoint: 204338 ns, Total: 546725 ns
[2025-10-13T17:33:53.853-0700][1207][info ][safepoint   ] Safepoint "ICBufferFull", Time since last: 115785 ns, Reaching safepoint: 331450 ns, Cleanup: 3876 ns, At safepoint: 187944 ns, Total: 523270 ns
[2025-10-13T17:33:53.854-0700][1207][info ][safepoint   ] Safepoint "ICBufferFull", Time since last: 117247 ns, Reaching safepoint: 330129 ns, Cleanup: 3194 ns, At safepoint: 216778 ns, Total: 550101 ns
[2025-10-13T17:33:53.854-0700][1207][info ][safepoint   ] Safepoint "ICBufferFull", Time since last: 103616 ns, Reaching safepoint: 327605 ns, Cleanup: 4166 ns, At safepoint: 209376 ns, Total: 541147 ns
[2025-10-13T17:33:53.855-0700][1207][info ][safepoint   ] Safepoint "ICBufferFull", Time since last: 110537 ns, Reaching safepoint: 325972 ns, Cleanup: 3335 ns, At safepoint: 200473 ns, Total: 529780 ns
[2025-10-13T17:33:53.856-0700][1207][info ][safepoint   ] Safepoint "ICBufferFull", Time since last: 96846 ns, Reaching safepoint: 318211 ns, Cleanup: 6069 ns, At safepoint: 174794 ns, Total: 499074 ns
[2025-10-13T17:33:53.856-0700][1207][info ][safepoint   ] Safepoint "ICBufferFull", Time since last: 97136 ns, Reaching safepoint: 323239 ns, Cleanup: 3655 ns, At safepoint: 228395 ns, Total: 555289 ns
[2025-10-13T17:33:53.857-0700][1207][info ][safepoint   ] Safepoint "ICBufferFull", Time since last: 103156 ns, Reaching safepoint: 324820 ns, Cleanup: 3165 ns, At safepoint: 173422 ns, Total: 501407 ns
[2025-10-13T17:33:53.858-0700][1207][info ][safepoint   ] Safepoint "ICBufferFull", Time since last: 75444 ns, Reaching safepoint: 327614 ns, Cleanup: 3676 ns, At safepoint: 192691 ns, Total: 523981 ns
[2025-10-13T17:33:53.858-0700][1207][info ][safepoint   ] Safepoint "ICBufferFull", Time since last: 98659 ns, Reaching safepoint: 312922 ns, Cleanup: 5228 ns, At safepoint: 194163 ns, Total: 512313 ns
[2025-10-13T17:33:53.859-0700][1207][info ][safepoint   ] Safepoint "ICBufferFull", Time since last: 122856 ns, Reaching safepoint: 315757 ns, Cleanup: 1402 ns, At safepoint: 184939 ns, Total: 502098 ns
[2025-10-13T17:33:53.859-0700][1207][info ][safepoint   ] Safepoint "ICBufferFull", Time since last: 81213 ns, Reaching safepoint: 321235 ns, Cleanup: 4947 ns, At safepoint: 195976 ns, Total: 522158 ns
[2025-10-13T17:33:53.860-0700][1207][info ][safepoint   ] Safepoint "ICBufferFull", Time since last: 88894 ns, Reaching safepoint: 312923 ns, Cleanup: 3875 ns, At safepoint: 171670 ns, Total: 488468 ns
[2025-10-13T17:33:53.861-0700][1207][info ][safepoint   ] Safepoint "ICBufferFull", Time since last: 80211 ns, Reaching safepoint: 325722 ns, Cleanup: 1382 ns, At safepoint: 206271 ns, Total: 533375 ns
[2025-10-13T17:33:53.861-0700][1207][info ][safepoint   ] Safepoint "ICBufferFull", Time since last: 96005 ns, Reaching safepoint: 322857 ns, Cleanup: 7342 ns, At safepoint: 217828 ns, Total: 548027 ns
[2025-10-13T17:33:53.862-0700][1207][info ][safepoint   ] Safepoint "ICBufferFull", Time since last: 87883 ns, Reaching safepoint: 316518 ns, Cleanup: 3245 ns, At safepoint: 175245 ns, Total: 495008 ns
[2025-10-13T17:33:53.862-0700][1207][info ][safepoint   ] Safepoint "ICBufferFull", Time since last: 101463 ns, Reaching safepoint: 336428 ns, Cleanup: 3715 ns, At safepoint: 217318 ns, Total: 557461 ns
[2025-10-13T17:33:53.863-0700][1207][info ][safepoint   ] Safepoint "ICBufferFull", Time since last: 89866 ns, Reaching safepoint: 322968 ns, Cleanup: 7101 ns, At safepoint: 187773 ns, Total: 517842 ns
[2025-10-13T17:33:53.864-0700][1207][info ][safepoint   ] Safepoint "ICBufferFull", Time since last: 74553 ns, Reaching safepoint: 327464 ns, Cleanup: 5518 ns, At safepoint: 198991 ns, Total: 531973 ns
[2025-10-13T17:33:53.864-0700][1207][info ][safepoint   ] Safepoint "ICBufferFull", Time since last: 111588 ns, Reaching safepoint: 331150 ns, Cleanup: 3145 ns, At safepoint: 201304 ns, Total: 535599 ns
[2025-10-13T17:33:53.865-0700][1207][info ][safepoint   ] Safepoint "ICBufferFull", Time since last: 101613 ns, Reaching safepoint: 343880 ns, Cleanup: 3335 ns, At safepoint: 187713 ns, Total: 534928 ns
[2025-10-13T17:33:53.866-0700][1207][info ][safepoint   ] Safepoint "ICBufferFull", Time since last: 95204 ns, Reaching safepoint: 332482 ns, Cleanup: 3395 ns, At safepoint: 195695 ns, Total: 531572 ns
[2025-10-13T17:33:53.866-0700][1207][info ][safepoint   ] Safepoint "ICBufferFull", Time since last: 89375 ns, Reaching safepoint: 310179 ns, Cleanup: 6029 ns, At safepoint: 189726 ns, Total: 505934 ns
[2025-10-13T17:33:53.867-0700][1207][info ][safepoint   ] Safepoint "ICBufferFull", Time since last: 76576 ns, Reaching safepoint: 318120 ns, Cleanup: 3275 ns, At safepoint: 186852 ns, Total: 508247 ns
[2025-10-13T17:33:53.867-0700][1207][info ][safepoint   ] Safepoint "ICBufferFull", Time since last: 74883 ns, Reaching safepoint: 313984 ns, Cleanup: 4267 ns, At safepoint: 194814 ns, Total: 513065 ns
[2025-10-13T17:33:53.868-0700][1207][info ][safepoint   ] Safepoint "ICBufferFull", Time since last: 92370 ns, Reaching safepoint: 317208 ns, Cleanup: 3235 ns, At safepoint: 179752 ns, Total: 500195 ns
[2025-10-13T17:33:53.869-0700][1207][info ][safepoint   ] Safepoint "ICBufferFull", Time since last: 97227 ns, Reaching safepoint: 318070 ns, Cleanup: 5318 ns, At safepoint: 195715 ns, Total: 519103 ns
[2025-10-13T17:33:53.869-0700][1207][info ][safepoint   ] Safepoint "ICBufferFull", Time since last: 91178 ns, Reaching safepoint: 314285 ns, Cleanup: 5197 ns, At safepoint: 183788 ns, Total: 503270 ns
[2025-10-13T17:33:53.870-0700][1207][info ][safepoint   ] Safepoint "ICBufferFull", Time since last: 280053 ns, Reaching safepoint: 471632 ns, Cleanup: 3355 ns, At safepoint: 227373 ns, Total: 702360 ns
[2025-10-13T17:33:53.871-0700][1207][info ][safepoint   ] Safepoint "ICBufferFull", Time since last: 132630 ns, Reaching safepoint: 329929 ns, Cleanup: 6049 ns, At safepoint: 188645 ns, Total: 524623 ns
[2025-10-13T17:33:53.871-0700][1207][info ][safepoint   ] Safepoint "ICBufferFull", Time since last: 83225 ns, Reaching safepoint: 333003 ns, Cleanup: 3846 ns, At safepoint: 188945 ns, Total: 525794 ns
[2025-10-13T17:33:53.872-0700][1207][info ][safepoint   ] Safepoint "ICBufferFull", Time since last: 75414 ns, Reaching safepoint: 325231 ns, Cleanup: 3455 ns, At safepoint: 168044 ns, Total: 496730 ns
[2025-10-13T17:33:53.873-0700][1207][info ][safepoint   ] Safepoint "ICBufferFull", Time since last: 77427 ns, Reaching safepoint: 333674 ns, Cleanup: 3175 ns, At safepoint: 196036 ns, Total: 532885 ns
[2025-10-13T17:33:53.873-0700][1207][info ][safepoint   ] Safepoint "ICBufferFull", Time since last: 92589 ns, Reaching safepoint: 338031 ns, Cleanup: 5388 ns, At safepoint: 208144 ns, Total: 551563 ns
[2025-10-13T17:33:53.874-0700][1207][info ][safepoint   ] Safepoint "ICBufferFull", Time since last: 78569 ns, Reaching safepoint: 341135 ns, Cleanup: 3946 ns, At safepoint: 184478 ns, Total: 529559 ns
[2025-10-13T17:33:53.888-0700][1207][info ][safepoint   ] Safepoint "ICBufferFull", Time since last: 13090065 ns, Reaching safepoint: 602179 ns, Cleanup: 51588 ns, At safepoint: 290388 ns, Total: 944155 ns
[2025-10-13T17:33:53.890-0700][1207][info ][safepoint   ] Safepoint "ICBufferFull", Time since last: 1932719 ns, Reaching safepoint: 349838 ns, Cleanup: 16665 ns, At safepoint: 291771 ns, Total: 658274 ns
[2025-10-13T17:33:53.895-0700][1207][info ][safepoint   ] Safepoint "ICBufferFull", Time since last: 3748389 ns, Reaching safepoint: 400415 ns, Cleanup: 9484 ns, At safepoint: 261946 ns, Total: 671845 ns
[2025-10-13T17:33:53.895-0700][1207][info ][safepoint   ] Safepoint "ICBufferFull", Time since last: 106130 ns, Reaching safepoint: 304059 ns, Cleanup: 3285 ns, At safepoint: 164048 ns, Total: 471392 ns
[2025-10-13T17:33:53.896-0700][1207][info ][safepoint   ] Safepoint "ICBufferFull", Time since last: 86310 ns, Reaching safepoint: 217638 ns, Cleanup: 2825 ns, At safepoint: 154002 ns, Total: 374465 ns
[2025-10-13T17:33:53.896-0700][1207][info ][safepoint   ] Safepoint "ICBufferFull", Time since last: 53561 ns, Reaching safepoint: 280123 ns, Cleanup: 3095 ns, At safepoint: 151509 ns, Total: 434727 ns
[2025-10-13T17:33:53.897-0700][1207][info ][safepoint   ] Safepoint "ICBufferFull", Time since last: 70306 ns, Reaching safepoint: 399263 ns, Cleanup: 3024 ns, At safepoint: 154654 ns, Total: 556941 ns
[2025-10-13T17:33:53.897-0700][1207][info ][safepoint   ] Safepoint "ICBufferFull", Time since last: 74142 ns, Reaching safepoint: 222295 ns, Cleanup: 2724 ns, At safepoint: 140252 ns, Total: 365271 ns
[2025-10-13T17:33:53.898-0700][1207][info ][safepoint   ] Safepoint "ICBufferFull", Time since last: 53230 ns, Reaching safepoint: 392303 ns, Cleanup: 3335 ns, At safepoint: 122645 ns, Total: 518283 ns
[2025-10-13T17:33:53.898-0700][1207][info ][safepoint   ] Safepoint "ICBufferFull", Time since last: 48904 ns, Reaching safepoint: 208765 ns, Cleanup: 2985 ns, At safepoint: 134443 ns, Total: 346193 ns
[2025-10-13T17:33:53.899-0700][1207][info ][safepoint   ] Safepoint "ICBufferFull", Time since last: 64647 ns, Reaching safepoint: 205010 ns, Cleanup: 1041 ns, At safepoint: 126481 ns, Total: 332532 ns
[2025-10-13T17:33:53.899-0700][1207][info ][safepoint   ] Safepoint "ICBufferFull", Time since last: 58969 ns, Reaching safepoint: 205100 ns, Cleanup: 3225 ns, At safepoint: 133642 ns, Total: 341967 ns
[2025-10-13T17:33:53.900-0700][1207][info ][safepoint   ] Safepoint "ICBufferFull", Time since last: 58388 ns, Reaching safepoint: 332842 ns, Cleanup: 2915 ns, At safepoint: 138960 ns, Total: 474717 ns
[2025-10-13T17:33:53.900-0700][1207][info ][safepoint   ] Safepoint "ICBufferFull", Time since last: 50746 ns, Reaching safepoint: 207183 ns, Cleanup: 991 ns, At safepoint: 107162 ns, Total: 315336 ns
[2025-10-13T17:33:53.901-0700][1207][info ][safepoint   ] Safepoint "ICBufferFull", Time since last: 70507 ns, Reaching safepoint: 204789 ns, Cleanup: 2644 ns, At safepoint: 120322 ns, Total: 327755 ns
[2025-10-13T17:33:53.901-0700][1207][info ][safepoint   ] Safepoint "ICBufferFull", Time since last: 50997 ns, Reaching safepoint: 197448 ns, Cleanup: 1131 ns, At safepoint: 101524 ns, Total: 300103 ns
[2025-10-13T17:33:53.901-0700][1207][info ][safepoint   ] Safepoint "ICBufferFull", Time since last: 53711 ns, Reaching safepoint: 200913 ns, Cleanup: 2704 ns, At safepoint: 122185 ns, Total: 325802 ns
[2025-10-13T17:33:53.902-0700][1207][info ][safepoint   ] Safepoint "ICBufferFull", Time since last: 59329 ns, Reaching safepoint: 203127 ns, Cleanup: 961 ns, At safepoint: 104689 ns, Total: 308777 ns
[2025-10-13T17:33:53.902-0700][1207][info ][safepoint   ] Safepoint "ICBufferFull", Time since last: 63015 ns, Reaching safepoint: 203607 ns, Cleanup: 3125 ns, At safepoint: 108744 ns, Total: 315476 ns
[2025-10-13T17:33:53.902-0700][1207][info ][safepoint   ] Safepoint "ICBufferFull", Time since last: 135184 ns, Reaching safepoint: 209547 ns, Cleanup: 3495 ns, At safepoint: 117808 ns, Total: 330850 ns
[2025-10-13T17:33:53.904-0700][1207][info ][gc,start    ] GC(24) Pause Young (Prepare Mixed) (G1 Evacuation Pause)
[2025-10-13T17:33:53.904-0700][1207][info ][gc,task     ] GC(24) Using 113 workers of 113 for evacuation
[2025-10-13T17:33:53.909-0700][1207][debug][gc,remset   ] GC(24) Visited cards 764160 Total dirty 1769472 (43.19%) Total old 39518208 (1.93%)
[2025-10-13T17:33:54.053-0700][1207][info ][gc,phases   ] GC(24)   Pre Evacuate Collection Set: 0.6ms
[2025-10-13T17:33:54.053-0700][1207][info ][gc,phases   ] GC(24)   Merge Heap Roots: 3.6ms
[2025-10-13T17:33:54.053-0700][1207][info ][gc,phases   ] GC(24)   Evacuate Collection Set: 137.4ms
[2025-10-13T17:33:54.053-0700][1207][info ][gc,phases   ] GC(24)   Post Evacuate Collection Set: 6.9ms
[2025-10-13T17:33:54.053-0700][1207][info ][gc,phases   ] GC(24)   Other: 0.2ms
[2025-10-13T17:33:54.053-0700][1207][debug][gc,remset   ] GC(24) Coarsening (recent): Inline->AoC 379 (0) AoC->Howl 57 (0) Howl->Full 0 (0) Inline->AoC 349 (0) AoC->BitMap 35 (0) BitMap->Full 0 (0) 
[2025-10-13T17:33:54.053-0700][1207][debug][gc,remset   ] GC(24) Coarsening (all): Inline->AoC 524 (0) AoC->Howl 96 (0) Howl->Full 0 (0) Inline->AoC 574 (0) AoC->BitMap 58 (0) BitMap->Full 0 (0) 
[2025-10-13T17:33:54.053-0700][1207][info ][gc,heap     ] GC(24) Eden regions: 258->0(252)
[2025-10-13T17:33:54.053-0700][1207][info ][gc,heap     ] GC(24) Survivor regions: 30->36(36)
[2025-10-13T17:33:54.053-0700][1207][info ][gc,heap     ] GC(24) Old regions: 27->68
[2025-10-13T17:33:54.053-0700][1207][info ][gc,heap     ] GC(24) Humongous regions: 0->0
[2025-10-13T17:33:54.053-0700][1207][info ][gc,metaspace] GC(24) Metaspace: 265531K(268800K)->265531K(268800K) NonClass: 232465K(234304K)->232465K(234304K) Class: 33065K(34496K)->33065K(34496K)
[2025-10-13T17:33:54.053-0700][1207][info ][gc          ] GC(24) Pause Young (Prepare Mixed) (G1 Evacuation Pause) 10036M->3326M(184320M) 148.727ms
[2025-10-13T17:33:54.055-0700][1207][info ][gc,cpu      ] GC(24) User=3.50s Sys=0.04s Real=0.15s
[2025-10-13T17:33:54.055-0700][1207][info ][safepoint   ] Safepoint "G1CollectForAllocation", Time since last: 41302 ns, Reaching safepoint: 197268 ns, Cleanup: 4767 ns, At safepoint: 152567530 ns, Total: 152769565 ns
[2025-10-13T17:33:54.057-0700][1207][info ][safepoint   ] Safepoint "ICBufferFull", Time since last: 77847 ns, Reaching safepoint: 1520716 ns, Cleanup: 10156 ns, At safepoint: 309447 ns, Total: 1840319 ns
[2025-10-13T17:33:54.061-0700][1207][info ][safepoint   ] Safepoint "ICBufferFull", Time since last: 1300333 ns, Reaching safepoint: 1812317 ns, Cleanup: 16755 ns, At safepoint: 635530 ns, Total: 2464602 ns
[2025-10-13T17:33:54.065-0700][1207][info ][safepoint   ] Safepoint "ICBufferFull", Time since last: 2408686 ns, Reaching safepoint: 852297 ns, Cleanup: 8323 ns, At safepoint: 626516 ns, Total: 1487136 ns
[2025-10-13T17:33:54.067-0700][1207][info ][safepoint   ] Safepoint "ICBufferFull", Time since last: 1110016 ns, Reaching safepoint: 441677 ns, Cleanup: 2073 ns, At safepoint: 513635 ns, Total: 957385 ns
[2025-10-13T17:33:54.073-0700][1207][info ][safepoint   ] Safepoint "ICBufferFull", Time since last: 5086991 ns, Reaching safepoint: 812958 ns, Cleanup: 24416 ns, At safepoint: 572044 ns, Total: 1409418 ns
[2025-10-13T17:33:54.082-0700][1207][info ][safepoint   ] Safepoint "ICBufferFull", Time since last: 4555098 ns, Reaching safepoint: 3760087 ns, Cleanup: 20751 ns, At safepoint: 568228 ns, Total: 4349066 ns
[2025-10-13T17:33:54.088-0700][1207][info ][safepoint   ] Safepoint "ICBufferFull", Time since last: 3856684 ns, Reaching safepoint: 926719 ns, Cleanup: 12459 ns, At safepoint: 507316 ns, Total: 1446494 ns
[2025-10-13T17:33:54.096-0700][1207][info ][safepoint   ] Safepoint "ICBufferFull", Time since last: 4263006 ns, Reaching safepoint: 3770994 ns, Cleanup: 9324 ns, At safepoint: 635860 ns, Total: 4416178 ns
[2025-10-13T17:33:54.102-0700][1207][info ][safepoint   ] Safepoint "ICBufferFull", Time since last: 2676662 ns, Reaching safepoint: 2897414 ns, Cleanup: 19440 ns, At safepoint: 566555 ns, Total: 3483409 ns
[2025-10-13T17:33:54.106-0700][1207][info ][safepoint   ] Safepoint "ICBufferFull", Time since last: 2446134 ns, Reaching safepoint: 615118 ns, Cleanup: 7111 ns, At safepoint: 526415 ns, Total: 1148644 ns
[2025-10-13T17:33:54.107-0700][1207][info ][safepoint   ] Safepoint "ICBufferFull", Time since last: 270418 ns, Reaching safepoint: 468478 ns, Cleanup: 7210 ns, At safepoint: 496009 ns, Total: 971697 ns
[2025-10-13T17:33:54.108-0700][1207][info ][safepoint   ] Safepoint "ICBufferFull", Time since last: 107513 ns, Reaching safepoint: 408036 ns, Cleanup: 2484 ns, At safepoint: 441827 ns, Total: 852347 ns
[2025-10-13T17:33:54.112-0700][1207][info ][safepoint   ] Safepoint "ICBufferFull", Time since last: 1877825 ns, Reaching safepoint: 1431351 ns, Cleanup: 7331 ns, At safepoint: 397470 ns, Total: 1836152 ns
[2025-10-13T17:33:54.116-0700][1207][info ][safepoint   ] Safepoint "ICBufferFull", Time since last: 3059089 ns, Reaching safepoint: 556741 ns, Cleanup: 14472 ns, At safepoint: 321806 ns, Total: 893019 ns
[2025-10-13T17:33:54.117-0700][1207][info ][safepoint   ] Safepoint "ICBufferFull", Time since last: 291870 ns, Reaching safepoint: 309768 ns, Cleanup: 4367 ns, At safepoint: 272922 ns, Total: 587057 ns
[2025-10-13T17:33:54.117-0700][1207][info ][safepoint   ] Safepoint "ICBufferFull", Time since last: 68844 ns, Reaching safepoint: 263407 ns, Cleanup: 1282 ns, At safepoint: 322046 ns, Total: 586735 ns
[2025-10-13T17:33:54.120-0700][1207][info ][safepoint   ] Safepoint "ICBufferFull", Time since last: 1340264 ns, Reaching safepoint: 754830 ns, Cleanup: 8723 ns, At safepoint: 363909 ns, Total: 1127462 ns
[2025-10-13T17:33:54.121-0700][1207][info ][safepoint   ] Safepoint "ICBufferFull", Time since last: 96396 ns, Reaching safepoint: 501557 ns, Cleanup: 3646 ns, At safepoint: 255385 ns, Total: 760588 ns
[2025-10-13T17:33:54.124-0700][1207][info ][safepoint   ] Safepoint "ICBufferFull", Time since last: 1668209 ns, Reaching safepoint: 700768 ns, Cleanup: 14072 ns, At safepoint: 360784 ns, Total: 1075624 ns
[2025-10-13T17:33:54.126-0700][1207][info ][safepoint   ] Safepoint "ICBufferFull", Time since last: 1262517 ns, Reaching safepoint: 539073 ns, Cleanup: 6831 ns, At safepoint: 324910 ns, Total: 870814 ns
[2025-10-13T17:33:54.127-0700][1207][info ][safepoint   ] Safepoint "ICBufferFull", Time since last: 561909 ns, Reaching safepoint: 449458 ns, Cleanup: 8303 ns, At safepoint: 249216 ns, Total: 706977 ns
[2025-10-13T17:33:54.128-0700][1207][info ][safepoint   ] Safepoint "ICBufferFull", Time since last: 138469 ns, Reaching safepoint: 399924 ns, Cleanup: 8343 ns, At safepoint: 240974 ns, Total: 649241 ns
[2025-10-13T17:33:54.253-0700][1207][info ][safepoint   ] Safepoint "ICBufferFull", Time since last: 123614133 ns, Reaching safepoint: 867129 ns, Cleanup: 182476 ns, At safepoint: 479013 ns, Total: 1528618 ns
[2025-10-13T17:33:54.259-0700][1207][info ][safepoint   ] Safepoint "ICBufferFull", Time since last: 1078488 ns, Reaching safepoint: 1750333 ns, Cleanup: 10546 ns, At safepoint: 3726537 ns, Total: 5487416 ns
[2025-10-13T17:33:54.263-0700][1207][info ][safepoint   ] Safepoint "ICBufferFull", Time since last: 920710 ns, Reaching safepoint: 1851926 ns, Cleanup: 15253 ns, At safepoint: 631443 ns, Total: 2498622 ns
[2025-10-13T17:33:54.266-0700][1207][info ][safepoint   ] Safepoint "ICBufferFull", Time since last: 990236 ns, Reaching safepoint: 1367484 ns, Cleanup: 11658 ns, At safepoint: 629490 ns, Total: 2008632 ns
[2025-10-13T17:33:54.271-0700][1207][info ][safepoint   ] Safepoint "ICBufferFull", Time since last: 3093812 ns, Reaching safepoint: 1575298 ns, Cleanup: 12008 ns, At safepoint: 546946 ns, Total: 2134252 ns
[2025-10-13T17:33:54.275-0700][1207][info ][safepoint   ] Safepoint "ICBufferFull", Time since last: 2084047 ns, Reaching safepoint: 1052990 ns, Cleanup: 22133 ns, At safepoint: 515549 ns, Total: 1590672 ns
[2025-10-13T17:33:54.277-0700][1207][info ][safepoint   ] Safepoint "ICBufferFull", Time since last: 498853 ns, Reaching safepoint: 853008 ns, Cleanup: 11317 ns, At safepoint: 462789 ns, Total: 1327114 ns
[2025-10-13T17:33:54.447-0700][1207][info ][safepoint   ] Safepoint "ICBufferFull", Time since last: 168906559 ns, Reaching safepoint: 1289357 ns, Cleanup: 145660 ns, At safepoint: 455378 ns, Total: 1890395 ns
[2025-10-13T17:33:54.450-0700][1207][info ][safepoint   ] Safepoint "ICBufferFull", Time since last: 1146941 ns, Reaching safepoint: 677303 ns, Cleanup: 12008 ns, At safepoint: 493806 ns, Total: 1183117 ns
[2025-10-13T17:33:54.453-0700][1207][info ][safepoint   ] Safepoint "ICBufferFull", Time since last: 2164418 ns, Reaching safepoint: 1005738 ns, Cleanup: 10656 ns, At safepoint: 516410 ns, Total: 1532804 ns
[2025-10-13T17:33:54.457-0700][1207][info ][safepoint   ] Safepoint "ICBufferFull", Time since last: 1929493 ns, Reaching safepoint: 950095 ns, Cleanup: 6730 ns, At safepoint: 553296 ns, Total: 1510121 ns
[2025-10-13T17:33:54.460-0700][1207][info ][safepoint   ] Safepoint "ICBufferFull", Time since last: 1129245 ns, Reaching safepoint: 1255525 ns, Cleanup: 8974 ns, At safepoint: 742411 ns, Total: 2006910 ns
[2025-10-13T17:33:54.467-0700][1207][info ][safepoint   ] Safepoint "ICBufferFull", Time since last: 2451451 ns, Reaching safepoint: 3511041 ns, Cleanup: 16285 ns, At safepoint: 924416 ns, Total: 4451742 ns
[2025-10-13T17:33:54.470-0700][1207][info ][safepoint   ] Safepoint "ICBufferFull", Time since last: 1057206 ns, Reaching safepoint: 682701 ns, Cleanup: 2574 ns, At safepoint: 1259662 ns, Total: 1944937 ns
[2025-10-13T17:33:54.474-0700][1207][info ][safepoint   ] Safepoint "ICBufferFull", Time since last: 2430860 ns, Reaching safepoint: 890364 ns, Cleanup: 10476 ns, At safepoint: 873058 ns, Total: 1773898 ns
[2025-10-13T17:33:54.477-0700][1207][info ][safepoint   ] Safepoint "ICBufferFull", Time since last: 1894170 ns, Reaching safepoint: 796373 ns, Cleanup: 9935 ns, At safepoint: 621288 ns, Total: 1427596 ns
[2025-10-13T17:33:54.480-0700][1207][info ][safepoint   ] Safepoint "ICBufferFull", Time since last: 1522799 ns, Reaching safepoint: 694198 ns, Cleanup: 21643 ns, At safepoint: 601789 ns, Total: 1317630 ns
[2025-10-13T17:33:54.485-0700][1207][info ][safepoint   ] Safepoint "ICBufferFull", Time since last: 3015162 ns, Reaching safepoint: 739316 ns, Cleanup: 7682 ns, At safepoint: 644854 ns, Total: 1391852 ns
[2025-10-13T17:33:54.488-0700][1207][info ][safepoint   ] Safepoint "ICBufferFull", Time since last: 1945036 ns, Reaching safepoint: 656482 ns, Cleanup: 6700 ns, At safepoint: 560807 ns, Total: 1223989 ns
[2025-10-13T17:33:54.495-0700][1207][info ][safepoint   ] Safepoint "ICBufferFull", Time since last: 6028342 ns, Reaching safepoint: 731785 ns, Cleanup: 9464 ns, At safepoint: 745926 ns, Total: 1487175 ns
[2025-10-13T17:33:54.499-0700][1207][info ][safepoint   ] Safepoint "ICBufferFull", Time since last: 2144107 ns, Reaching safepoint: 673718 ns, Cleanup: 7942 ns, At safepoint: 659566 ns, Total: 1341226 ns
[2025-10-13T17:33:54.504-0700][1207][info ][safepoint   ] Safepoint "ICBufferFull", Time since last: 3737713 ns, Reaching safepoint: 743753 ns, Cleanup: 12930 ns, At safepoint: 715169 ns, Total: 1471852 ns
[2025-10-13T17:33:54.512-0700][1207][info ][safepoint   ] Safepoint "ICBufferFull", Time since last: 2519735 ns, Reaching safepoint: 4092199 ns, Cleanup: 11487 ns, At safepoint: 811085 ns, Total: 4914771 ns
[2025-10-13T17:33:54.518-0700][1207][info ][safepoint   ] Safepoint "ICBufferFull", Time since last: 1945217 ns, Reaching safepoint: 3915602 ns, Cleanup: 9704 ns, At safepoint: 612656 ns, Total: 4537962 ns
[2025-10-13T17:33:54.523-0700][1207][info ][safepoint   ] Safepoint "ICBufferFull", Time since last: 150086 ns, Reaching safepoint: 4121673 ns, Cleanup: 8954 ns, At safepoint: 692145 ns, Total: 4822772 ns
[2025-10-13T17:33:54.524-0700][1207][info ][safepoint   ] Safepoint "ICBufferFull", Time since last: 181454 ns, Reaching safepoint: 652074 ns, Cleanup: 14903 ns, At safepoint: 634568 ns, Total: 1301545 ns
[2025-10-13T17:33:54.537-0700][1207][info ][safepoint   ] Safepoint "ICBufferFull", Time since last: 6827269 ns, Reaching safepoint: 4755520 ns, Cleanup: 31567 ns, At safepoint: 587548 ns, Total: 5374635 ns
[2025-10-13T17:33:54.538-0700][1207][info ][safepoint   ] Safepoint "ICBufferFull", Time since last: 155474 ns, Reaching safepoint: 632385 ns, Cleanup: 6190 ns, At safepoint: 580987 ns, Total: 1219562 ns
[2025-10-13T17:33:54.547-0700][1207][info ][safepoint   ] Safepoint "ICBufferFull", Time since last: 7251288 ns, Reaching safepoint: 820059 ns, Cleanup: 11207 ns, At safepoint: 556360 ns, Total: 1387626 ns
[2025-10-13T17:33:54.552-0700][1207][info ][safepoint   ] Safepoint "ICBufferFull", Time since last: 3553134 ns, Reaching safepoint: 759647 ns, Cleanup: 8603 ns, At safepoint: 593577 ns, Total: 1361827 ns
[2025-10-13T17:33:54.559-0700][1207][info ][safepoint   ] Safepoint "ICBufferFull", Time since last: 6639344 ns, Reaching safepoint: 784585 ns, Cleanup: 4196 ns, At safepoint: 483100 ns, Total: 1271881 ns
[2025-10-13T17:33:54.564-0700][1207][info ][safepoint   ] Safepoint "ICBufferFull", Time since last: 2546154 ns, Reaching safepoint: 745586 ns, Cleanup: 3605 ns, At safepoint: 742702 ns, Total: 1491893 ns
[2025-10-13T17:33:54.570-0700][1207][info ][safepoint   ] Safepoint "ICBufferFull", Time since last: 4722811 ns, Reaching safepoint: 798425 ns, Cleanup: 9434 ns, At safepoint: 1091869 ns, Total: 1899728 ns
[2025-10-13T17:33:54.573-0700][1207][info ][safepoint   ] Safepoint "ICBufferFull", Time since last: 1405813 ns, Reaching safepoint: 729150 ns, Cleanup: 10466 ns, At safepoint: 705295 ns, Total: 1444911 ns
[2025-10-13T17:33:54.575-0700][1207][info ][safepoint   ] Safepoint "ICBufferFull", Time since last: 332332 ns, Reaching safepoint: 597122 ns, Cleanup: 2563 ns, At safepoint: 611063 ns, Total: 1210748 ns
[2025-10-13T17:33:54.595-0700][1207][info ][safepoint   ] Safepoint "ICBufferFull", Time since last: 4070817 ns, Reaching safepoint: 15878174 ns, Cleanup: 17416 ns, At safepoint: 637593 ns, Total: 16533183 ns
[2025-10-13T17:33:54.610-0700][1207][info ][safepoint   ] Safepoint "ICBufferFull", Time since last: 4068363 ns, Reaching safepoint: 9860838 ns, Cleanup: 16185 ns, At safepoint: 579945 ns, Total: 10456968 ns
[2025-10-13T17:33:54.616-0700][1207][info ][safepoint   ] Safepoint "ICBufferFull", Time since last: 619676 ns, Reaching safepoint: 4665074 ns, Cleanup: 10976 ns, At safepoint: 609060 ns, Total: 5285110 ns
[2025-10-13T17:33:54.621-0700][1207][info ][safepoint   ] Safepoint "ICBufferFull", Time since last: 1159881 ns, Reaching safepoint: 3759116 ns, Cleanup: 9625 ns, At safepoint: 551092 ns, Total: 4319833 ns
[2025-10-13T17:33:54.623-0700][1207][info ][safepoint   ] Safepoint "ICBufferFull", Time since last: 101653 ns, Reaching safepoint: 1082374 ns, Cleanup: 7181 ns, At safepoint: 451231 ns, Total: 1540786 ns
[2025-10-13T17:33:54.624-0700][1207][info ][safepoint   ] Safepoint "ICBufferFull", Time since last: 119871 ns, Reaching safepoint: 984657 ns, Cleanup: 2384 ns, At safepoint: 485293 ns, Total: 1472334 ns
[2025-10-13T17:33:54.625-0700][1207][info ][safepoint   ] Safepoint "ICBufferFull", Time since last: 95454 ns, Reaching safepoint: 539725 ns, Cleanup: 2513 ns, At safepoint: 520196 ns, Total: 1062434 ns
[2025-10-13T17:33:54.631-0700][1207][info ][safepoint   ] Safepoint "ICBufferFull", Time since last: 720748 ns, Reaching safepoint: 3991216 ns, Cleanup: 4627 ns, At safepoint: 613136 ns, Total: 4608979 ns
[2025-10-13T17:33:55.072-0700][1207][info ][safepoint   ] Safepoint "ICBufferFull", Time since last: 438705375 ns, Reaching safepoint: 1444792 ns, Cleanup: 171168 ns, At safepoint: 829122 ns, Total: 2445082 ns
[2025-10-13T17:33:55.289-0700][1207][info ][gc,start    ] GC(25) Pause Young (Mixed) (G1 Evacuation Pause)
[2025-10-13T17:33:55.289-0700][1207][info ][gc,task     ] GC(25) Using 113 workers of 113 for evacuation
[2025-10-13T17:33:55.295-0700][1207][debug][gc,remset   ] GC(25) Visited cards 1390848 Total dirty 4390912 (31.68%) Total old 42270720 (3.29%)
[2025-10-13T17:33:55.417-0700][1207][info ][gc,phases   ] GC(25)   Pre Evacuate Collection Set: 0.7ms
[2025-10-13T17:33:55.417-0700][1207][info ][gc,phases   ] GC(25)   Merge Heap Roots: 5.2ms
[2025-10-13T17:33:55.417-0700][1207][info ][gc,phases   ] GC(25)   Evacuate Collection Set: 118.3ms
[2025-10-13T17:33:55.417-0700][1207][info ][gc,phases   ] GC(25)   Post Evacuate Collection Set: 3.9ms
[2025-10-13T17:33:55.417-0700][1207][info ][gc,phases   ] GC(25)   Other: 0.1ms
[2025-10-13T17:33:55.417-0700][1207][debug][gc,remset   ] GC(25) Coarsening (recent): Inline->AoC 1721 (0) AoC->Howl 130 (0) Howl->Full 0 (0) Inline->AoC 851 (0) AoC->BitMap 146 (0) BitMap->Full 0 (0) 
[2025-10-13T17:33:55.417-0700][1207][debug][gc,remset   ] GC(25) Coarsening (all): Inline->AoC 2245 (0) AoC->Howl 226 (0) Howl->Full 0 (0) Inline->AoC 1425 (0) AoC->BitMap 204 (0) BitMap->Full 0 (0) 
[2025-10-13T17:33:55.417-0700][1207][info ][gc,heap     ] GC(25) Eden regions: 252->0(252)
[2025-10-13T17:33:55.417-0700][1207][info ][gc,heap     ] GC(25) Survivor regions: 36->36(36)
[2025-10-13T17:33:55.417-0700][1207][info ][gc,heap     ] GC(25) Old regions: 68->119
[2025-10-13T17:33:55.417-0700][1207][info ][gc,heap     ] GC(25) Humongous regions: 0->0
[2025-10-13T17:33:55.417-0700][1207][info ][gc,metaspace] GC(25) Metaspace: 267383K(270720K)->267383K(270720K) NonClass: 234250K(236160K)->234250K(236160K) Class: 33133K(34560K)->33133K(34560K)
[2025-10-13T17:33:55.417-0700][1207][info ][gc          ] GC(25) Pause Young (Mixed) (G1 Evacuation Pause) 11390M->4949M(184320M) 128.378ms
[2025-10-13T17:33:55.419-0700][1207][info ][gc,cpu      ] GC(25) User=4.75s Sys=0.00s Real=0.13s
[2025-10-13T17:33:55.420-0700][1207][info ][safepoint   ] Safepoint "G1CollectForAllocation", Time since last: 198354363 ns, Reaching safepoint: 16625662 ns, Cleanup: 158109 ns, At safepoint: 132898652 ns, Total: 149682423 ns
[2025-10-13T17:33:55.726-0700][1207][info ][safepoint   ] Safepoint "ICBufferFull", Time since last: 302287430 ns, Reaching safepoint: 771615 ns, Cleanup: 139310 ns, At safepoint: 2501557 ns, Total: 3412482 ns
[2025-10-13T17:33:55.729-0700][1207][info ][safepoint   ] Safepoint "ICBufferFull", Time since last: 2263758 ns, Reaching safepoint: 718265 ns, Cleanup: 8462 ns, At safepoint: 549871 ns, Total: 1276598 ns
[2025-10-13T17:33:55.730-0700][1207][info ][safepoint   ] Safepoint "ICBufferFull", Time since last: 292852 ns, Reaching safepoint: 513084 ns, Cleanup: 1943 ns, At safepoint: 441647 ns, Total: 956674 ns
[2025-10-13T17:33:55.733-0700][1207][info ][safepoint   ] Safepoint "ICBufferFull", Time since last: 1153682 ns, Reaching safepoint: 542840 ns, Cleanup: 6960 ns, At safepoint: 495208 ns, Total: 1045008 ns
[2025-10-13T17:33:55.738-0700][1207][info ][safepoint   ] Safepoint "ICBufferFull", Time since last: 3656871 ns, Reaching safepoint: 892929 ns, Cleanup: 12078 ns, At safepoint: 596130 ns, Total: 1501137 ns
[2025-10-13T17:33:55.743-0700][1207][info ][safepoint   ] Safepoint "ICBufferFull", Time since last: 3894801 ns, Reaching safepoint: 736101 ns, Cleanup: 7461 ns, At safepoint: 586426 ns, Total: 1329988 ns
[2025-10-13T17:33:55.749-0700][1207][info ][safepoint   ] Safepoint "ICBufferFull", Time since last: 4171478 ns, Reaching safepoint: 760769 ns, Cleanup: 17667 ns, At safepoint: 585063 ns, Total: 1363499 ns
[2025-10-13T17:33:55.754-0700][1207][info ][safepoint   ] Safepoint "ICBufferFull", Time since last: 2388647 ns, Reaching safepoint: 2300132 ns, Cleanup: 9915 ns, At safepoint: 573737 ns, Total: 2883784 ns
[2025-10-13T17:33:55.759-0700][1207][info ][safepoint   ] Safepoint "ICBufferFull", Time since last: 3360684 ns, Reaching safepoint: 730112 ns, Cleanup: 9144 ns, At safepoint: 633927 ns, Total: 1373183 ns
[2025-10-13T17:33:55.760-0700][1207][info ][safepoint   ] Safepoint "ICBufferFull", Time since last: 307775 ns, Reaching safepoint: 567677 ns, Cleanup: 2714 ns, At safepoint: 613446 ns, Total: 1183837 ns
[2025-10-13T17:33:55.770-0700][1207][info ][safepoint   ] Safepoint "ICBufferFull", Time since last: 8151118 ns, Reaching safepoint: 829282 ns, Cleanup: 19069 ns, At safepoint: 678013 ns, Total: 1526364 ns
[2025-10-13T17:33:55.776-0700][1207][info ][safepoint   ] Safepoint "ICBufferFull", Time since last: 4457160 ns, Reaching safepoint: 727889 ns, Cleanup: 14692 ns, At safepoint: 669611 ns, Total: 1412192 ns
[2025-10-13T17:33:55.779-0700][1207][info ][safepoint   ] Safepoint "ICBufferFull", Time since last: 2575199 ns, Reaching safepoint: 631483 ns, Cleanup: 11728 ns, At safepoint: 595199 ns, Total: 1238410 ns
[2025-10-13T17:33:55.781-0700][1207][info ][safepoint   ] Safepoint "ICBufferFull", Time since last: 120672 ns, Reaching safepoint: 501267 ns, Cleanup: 6359 ns, At safepoint: 565945 ns, Total: 1073571 ns
[2025-10-13T17:33:55.782-0700][1207][info ][safepoint   ] Safepoint "ICBufferFull", Time since last: 602279 ns, Reaching safepoint: 465473 ns, Cleanup: 2414 ns, At safepoint: 570841 ns, Total: 1038728 ns
[2025-10-13T17:33:55.783-0700][1207][info ][safepoint   ] Safepoint "ICBufferFull", Time since last: 108404 ns, Reaching safepoint: 416128 ns, Cleanup: 5288 ns, At safepoint: 517261 ns, Total: 938677 ns
[2025-10-13T17:33:55.786-0700][1207][info ][safepoint   ] Safepoint "ICBufferFull", Time since last: 1290509 ns, Reaching safepoint: 451822 ns, Cleanup: 8243 ns, At safepoint: 588448 ns, Total: 1048513 ns
[2025-10-13T17:33:55.789-0700][1207][info ][safepoint   ] Safepoint "ICBufferFull", Time since last: 1899408 ns, Reaching safepoint: 492924 ns, Cleanup: 2414 ns, At safepoint: 636130 ns, Total: 1131468 ns
[2025-10-13T17:33:56.146-0700][1207][info ][safepoint   ] Safepoint "ICBufferFull", Time since last: 355229657 ns, Reaching safepoint: 941531 ns, Cleanup: 153742 ns, At safepoint: 593547 ns, Total: 1688820 ns
[2025-10-13T17:33:56.151-0700][1207][info ][safepoint   ] Safepoint "ICBufferFull", Time since last: 3613415 ns, Reaching safepoint: 761240 ns, Cleanup: 11828 ns, At safepoint: 605384 ns, Total: 1378452 ns
[2025-10-13T17:33:56.160-0700][1207][info ][safepoint   ] Safepoint "ICBufferFull", Time since last: 7510980 ns, Reaching safepoint: 838206 ns, Cleanup: 8743 ns, At safepoint: 646226 ns, Total: 1493175 ns
[2025-10-13T17:33:56.162-0700][1207][info ][safepoint   ] Safepoint "ICBufferFull", Time since last: 930054 ns, Reaching safepoint: 607077 ns, Cleanup: 2954 ns, At safepoint: 596621 ns, Total: 1206652 ns
[2025-10-13T17:33:56.167-0700][1207][info ][safepoint   ] Safepoint "ICBufferFull", Time since last: 3792516 ns, Reaching safepoint: 761801 ns, Cleanup: 8913 ns, At safepoint: 670452 ns, Total: 1441166 ns
[2025-10-13T17:33:56.172-0700][1207][info ][safepoint   ] Safepoint "ICBufferFull", Time since last: 3250428 ns, Reaching safepoint: 734139 ns, Cleanup: 8032 ns, At safepoint: 630812 ns, Total: 1372983 ns
[2025-10-13T17:33:56.173-0700][1207][info ][safepoint   ] Safepoint "ICBufferFull", Time since last: 148464 ns, Reaching safepoint: 546415 ns, Cleanup: 2454 ns, At safepoint: 476259 ns, Total: 1025128 ns
[2025-10-13T17:33:56.178-0700][1207][info ][safepoint   ] Safepoint "ICBufferFull", Time since last: 3646336 ns, Reaching safepoint: 682731 ns, Cleanup: 10485 ns, At safepoint: 467617 ns, Total: 1160833 ns
[2025-10-13T17:33:56.179-0700][1207][info ][safepoint   ] Safepoint "ICBufferFull", Time since last: 457050 ns, Reaching safepoint: 538282 ns, Cleanup: 7602 ns, At safepoint: 336047 ns, Total: 881931 ns
[2025-10-13T17:33:56.180-0700][1207][info ][safepoint   ] Safepoint "ICBufferFull", Time since last: 71007 ns, Reaching safepoint: 470341 ns, Cleanup: 2073 ns, At safepoint: 373514 ns, Total: 845928 ns
[2025-10-13T17:33:56.181-0700][1207][info ][safepoint   ] Safepoint "ICBufferFull", Time since last: 341796 ns, Reaching safepoint: 452082 ns, Cleanup: 2414 ns, At safepoint: 331110 ns, Total: 785606 ns
[2025-10-13T17:33:56.187-0700][1207][info ][safepoint   ] Safepoint "ICBufferFull", Time since last: 3921651 ns, Reaching safepoint: 1104678 ns, Cleanup: 14182 ns, At safepoint: 538593 ns, Total: 1657453 ns
[2025-10-13T17:33:56.188-0700][1207][info ][safepoint   ] Safepoint "ICBufferFull", Time since last: 527206 ns, Reaching safepoint: 592154 ns, Cleanup: 3705 ns, At safepoint: 448838 ns, Total: 1044697 ns
[2025-10-13T17:33:56.193-0700][1207][info ][safepoint   ] Safepoint "ICBufferFull", Time since last: 3754108 ns, Reaching safepoint: 560437 ns, Cleanup: 18217 ns, At safepoint: 410370 ns, Total: 989024 ns
[2025-10-13T17:33:56.195-0700][1207][info ][safepoint   ] Safepoint "ICBufferFull", Time since last: 875361 ns, Reaching safepoint: 491923 ns, Cleanup: 2524 ns, At safepoint: 396679 ns, Total: 891126 ns
[2025-10-13T17:33:56.196-0700][1207][info ][safepoint   ] Safepoint "ICBufferFull", Time since last: 425512 ns, Reaching safepoint: 801621 ns, Cleanup: 8032 ns, At safepoint: 471722 ns, Total: 1281375 ns
[2025-10-13T17:33:56.202-0700][1207][info ][safepoint   ] Safepoint "ICBufferFull", Time since last: 1008924 ns, Reaching safepoint: 3882582 ns, Cleanup: 3365 ns, At safepoint: 455327 ns, Total: 4341274 ns
[2025-10-13T17:33:56.384-0700][1207][info ][safepoint   ] Safepoint "ICBufferFull", Time since last: 181206572 ns, Reaching safepoint: 727258 ns, Cleanup: 179471 ns, At safepoint: 246752 ns, Total: 1153481 ns
[2025-10-13T17:33:56.561-0700][1207][info ][safepoint   ] Safepoint "ICBufferFull", Time since last: 175700438 ns, Reaching safepoint: 612515 ns, Cleanup: 188905 ns, At safepoint: 106591 ns, Total: 908011 ns
[2025-10-13T17:33:56.561-0700][1207][info ][safepoint   ] Safepoint "ICBufferFull", Time since last: 58568 ns, Reaching safepoint: 251250 ns, Cleanup: 961 ns, At safepoint: 84347 ns, Total: 336558 ns
[2025-10-13T17:33:56.561-0700][1207][info ][safepoint   ] Safepoint "ICBufferFull", Time since last: 37858 ns, Reaching safepoint: 214343 ns, Cleanup: 3616 ns, At safepoint: 81863 ns, Total: 299822 ns
[2025-10-13T17:33:56.562-0700][1207][info ][safepoint   ] Safepoint "ICBufferFull", Time since last: 23005 ns, Reaching safepoint: 202526 ns, Cleanup: 3335 ns, At safepoint: 80692 ns, Total: 286553 ns
[2025-10-13T17:33:56.753-0700][1207][info ][safepoint   ] Safepoint "ICBufferFull", Time since last: 190179359 ns, Reaching safepoint: 638133 ns, Cleanup: 179381 ns, At safepoint: 145951 ns, Total: 963465 ns
[2025-10-13T17:33:56.937-0700][1207][info ][safepoint   ] Safepoint "ICBufferFull", Time since last: 183562428 ns, Reaching safepoint: 729091 ns, Cleanup: 187673 ns, At safepoint: 179531 ns, Total: 1096295 ns
[2025-10-13T17:33:57.065-0700][1207][info ][gc,start    ] GC(26) Pause Young (Normal) (G1 Evacuation Pause)
[2025-10-13T17:33:57.065-0700][1207][info ][gc,task     ] GC(26) Using 113 workers of 113 for evacuation
[2025-10-13T17:33:57.072-0700][1207][debug][gc,remset   ] GC(26) Visited cards 2981632 Total dirty 7798784 (38.23%) Total old 45547520 (6.55%)
[2025-10-13T17:33:57.121-0700][1207][info ][gc,phases   ] GC(26)   Pre Evacuate Collection Set: 0.6ms
[2025-10-13T17:33:57.121-0700][1207][info ][gc,phases   ] GC(26)   Merge Heap Roots: 6.7ms
[2025-10-13T17:33:57.121-0700][1207][info ][gc,phases   ] GC(26)   Evacuate Collection Set: 43.3ms
[2025-10-13T17:33:57.121-0700][1207][info ][gc,phases   ] GC(26)   Post Evacuate Collection Set: 5.8ms
[2025-10-13T17:33:57.121-0700][1207][info ][gc,phases   ] GC(26)   Other: 0.1ms
[2025-10-13T17:33:57.121-0700][1207][debug][gc,remset   ] GC(26) Coarsening (recent): Inline->AoC 0 (0) AoC->Howl 0 (0) Howl->Full 0 (0) Inline->AoC 0 (0) AoC->BitMap 0 (0) BitMap->Full 0 (0) 
[2025-10-13T17:33:57.121-0700][1207][debug][gc,remset   ] GC(26) Coarsening (all): Inline->AoC 2245 (0) AoC->Howl 226 (0) Howl->Full 0 (0) Inline->AoC 1425 (0) AoC->BitMap 204 (0) BitMap->Full 0 (0) 
[2025-10-13T17:33:57.121-0700][1207][info ][gc,heap     ] GC(26) Eden regions: 252->0(255)
[2025-10-13T17:33:57.121-0700][1207][info ][gc,heap     ] GC(26) Survivor regions: 36->33(36)
[2025-10-13T17:33:57.121-0700][1207][info ][gc,heap     ] GC(26) Old regions: 119->136
[2025-10-13T17:33:57.121-0700][1207][info ][gc,heap     ] GC(26) Humongous regions: 0->0
[2025-10-13T17:33:57.121-0700][1207][info ][gc,metaspace] GC(26) Metaspace: 272187K(275520K)->272187K(275520K) NonClass: 238558K(240448K)->238558K(240448K) Class: 33628K(35072K)->33628K(35072K)
[2025-10-13T17:33:57.121-0700][1207][info ][gc          ] GC(26) Pause Young (Normal) (G1 Evacuation Pause) 13013M->5379M(184320M) 56.699ms
[2025-10-13T17:33:57.123-0700][1207][info ][gc,cpu      ] GC(26) User=4.61s Sys=0.10s Real=0.06s
[2025-10-13T17:33:57.124-0700][1207][info ][safepoint   ] Safepoint "G1CollectForAllocation", Time since last: 124767485 ns, Reaching safepoint: 690923 ns, Cleanup: 77968 ns, At safepoint: 60925581 ns, Total: 61694472 ns
[2025-10-13T17:33:57.469-0700][1207][info ][safepoint   ] Safepoint "ICBufferFull", Time since last: 343640518 ns, Reaching safepoint: 755651 ns, Cleanup: 146651 ns, At safepoint: 122465 ns, Total: 1024767 ns
[2025-10-13T17:33:57.897-0700][1207][info ][safepoint   ] Safepoint "ICBufferFull", Time since last: 427141855 ns, Reaching safepoint: 702371 ns, Cleanup: 164418 ns, At safepoint: 146581 ns, Total: 1013370 ns
[2025-10-13T17:33:57.897-0700][1207][info ][safepoint   ] Safepoint "ICBufferFull", Time since last: 64939 ns, Reaching safepoint: 448487 ns, Cleanup: 3164 ns, At safepoint: 108935 ns, Total: 560586 ns
[2025-10-13T17:33:57.898-0700][1207][info ][safepoint   ] Safepoint "ICBufferFull", Time since last: 34121 ns, Reaching safepoint: 351391 ns, Cleanup: 3625 ns, At safepoint: 98940 ns, Total: 453956 ns
[2025-10-13T17:33:58.546-0700][1207][info ][safepoint   ] Safepoint "ICBufferFull", Time since last: 626408495 ns, Reaching safepoint: 983776 ns, Cleanup: 166060 ns, At safepoint: 20508025 ns, Total: 21657861 ns
[2025-10-13T17:33:58.566-0700][1207][info ][safepoint   ] Safepoint "ICBufferFull", Time since last: 10589890 ns, Reaching safepoint: 994842 ns, Cleanup: 33000 ns, At safepoint: 8643571 ns, Total: 9671413 ns
[2025-10-13T17:33:58.579-0700][1207][info ][safepoint   ] Safepoint "ICBufferFull", Time since last: 10009302 ns, Reaching safepoint: 986911 ns, Cleanup: 23595 ns, At safepoint: 1579064 ns, Total: 2589570 ns
[2025-10-13T17:33:58.583-0700][1207][info ][safepoint   ] Safepoint "ICBufferFull", Time since last: 1702321 ns, Reaching safepoint: 1015864 ns, Cleanup: 11617 ns, At safepoint: 1386484 ns, Total: 2413965 ns
[2025-10-13T17:33:58.628-0700][1207][info ][safepoint   ] Safepoint "ICBufferFull", Time since last: 20297336 ns, Reaching safepoint: 20462566 ns, Cleanup: 15303 ns, At safepoint: 3858767 ns, Total: 24336636 ns
[2025-10-13T17:33:58.637-0700][1207][info ][safepoint   ] Safepoint "ICBufferFull", Time since last: 6695369 ns, Reaching safepoint: 923544 ns, Cleanup: 30697 ns, At safepoint: 1566775 ns, Total: 2521016 ns
[2025-10-13T17:33:58.643-0700][1207][info ][safepoint   ] Safepoint "ICBufferFull", Time since last: 3102966 ns, Reaching safepoint: 830624 ns, Cleanup: 12729 ns, At safepoint: 2261014 ns, Total: 3104367 ns
[2025-10-13T17:33:58.651-0700][1207][info ][safepoint   ] Safepoint "ICBufferFull", Time since last: 1348596 ns, Reaching safepoint: 3966048 ns, Cleanup: 12579 ns, At safepoint: 2528027 ns, Total: 6506654 ns
[2025-10-13T17:33:58.662-0700][1207][info ][safepoint   ] Safepoint "ICBufferFull", Time since last: 4406454 ns, Reaching safepoint: 1019549 ns, Cleanup: 16695 ns, At safepoint: 5917525 ns, Total: 6953769 ns
[2025-10-13T17:33:58.685-0700][1207][info ][safepoint   ] Safepoint "ICBufferFull", Time since last: 10057526 ns, Reaching safepoint: 5162565 ns, Cleanup: 12759 ns, At safepoint: 7219450 ns, Total: 12394774 ns
[2025-10-13T17:33:58.701-0700][1207][info ][safepoint   ] Safepoint "ICBufferFull", Time since last: 6799998 ns, Reaching safepoint: 7325120 ns, Cleanup: 4617 ns, At safepoint: 2084998 ns, Total: 9414735 ns
[2025-10-13T17:33:58.717-0700][1207][info ][safepoint   ] Safepoint "ICBufferFull", Time since last: 7521396 ns, Reaching safepoint: 7097767 ns, Cleanup: 19109 ns, At safepoint: 1793508 ns, Total: 8910384 ns
[2025-10-13T17:33:58.728-0700][1207][info ][safepoint   ] Safepoint "ICBufferFull", Time since last: 5947099 ns, Reaching safepoint: 853259 ns, Cleanup: 10015 ns, At safepoint: 4134192 ns, Total: 4997466 ns
[2025-10-13T17:33:58.738-0700][1207][info ][safepoint   ] Safepoint "ICBufferFull", Time since last: 7907920 ns, Reaching safepoint: 743132 ns, Cleanup: 10726 ns, At safepoint: 1552895 ns, Total: 2306753 ns
[2025-10-13T17:33:58.759-0700][1207][info ][safepoint   ] Safepoint "ICBufferFull", Time since last: 10109234 ns, Reaching safepoint: 8262816 ns, Cleanup: 33040 ns, At safepoint: 2067000 ns, Total: 10362856 ns
[2025-10-13T17:33:58.765-0700][1207][info ][safepoint   ] Safepoint "ICBufferFull", Time since last: 3653517 ns, Reaching safepoint: 865557 ns, Cleanup: 8322 ns, At safepoint: 1862482 ns, Total: 2736361 ns
[2025-10-13T17:33:58.783-0700][1207][info ][safepoint   ] Safepoint "ICBufferFull", Time since last: 11910404 ns, Reaching safepoint: 4073310 ns, Cleanup: 29264 ns, At safepoint: 1688179 ns, Total: 5790753 ns
[2025-10-13T17:33:58.809-0700][1207][info ][safepoint   ] Safepoint "ICBufferFull", Time since last: 14192299 ns, Reaching safepoint: 8193191 ns, Cleanup: 15683 ns, At safepoint: 3296007 ns, Total: 11504881 ns
[2025-10-13T17:33:58.847-0700][1207][info ][safepoint   ] Safepoint "ICBufferFull", Time since last: 16544050 ns, Reaching safepoint: 9448997 ns, Cleanup: 14051 ns, At safepoint: 12472171 ns, Total: 21935219 ns
[2025-10-13T17:33:58.874-0700][1207][info ][safepoint   ] Safepoint "ICBufferFull", Time since last: 17451700 ns, Reaching safepoint: 3162706 ns, Cleanup: 11507 ns, At safepoint: 5837895 ns, Total: 9012108 ns
[2025-10-13T17:33:58.900-0700][1207][info ][safepoint   ] Safepoint "ICBufferFull", Time since last: 15552422 ns, Reaching safepoint: 6264879 ns, Cleanup: 20682 ns, At safepoint: 4578272 ns, Total: 10863833 ns
[2025-10-13T17:33:58.925-0700][1207][info ][safepoint   ] Safepoint "ICBufferFull", Time since last: 11303627 ns, Reaching safepoint: 11484781 ns, Cleanup: 15253 ns, At safepoint: 1840359 ns, Total: 13340393 ns
[2025-10-13T17:33:58.933-0700][1207][info ][safepoint   ] Safepoint "ICBufferFull", Time since last: 4493785 ns, Reaching safepoint: 1043265 ns, Cleanup: 11578 ns, At safepoint: 2444741 ns, Total: 3499584 ns
[2025-10-13T17:33:58.959-0700][1207][info ][safepoint   ] Safepoint "ICBufferFull", Time since last: 9711293 ns, Reaching safepoint: 13551231 ns, Cleanup: 10686 ns, At safepoint: 2552774 ns, Total: 16114691 ns
[2025-10-13T17:33:58.965-0700][1207][info ][safepoint   ] Safepoint "ICBufferFull", Time since last: 616731 ns, Reaching safepoint: 2971046 ns, Cleanup: 8213 ns, At safepoint: 2527005 ns, Total: 5506264 ns
[2025-10-13T17:33:58.974-0700][1207][info ][safepoint   ] Safepoint "ICBufferFull", Time since last: 6078869 ns, Reaching safepoint: 884766 ns, Cleanup: 16184 ns, At safepoint: 2222556 ns, Total: 3123506 ns
[2025-10-13T17:33:59.006-0700][1207][info ][safepoint   ] Safepoint "ICBufferFull", Time since last: 8165068 ns, Reaching safepoint: 18807688 ns, Cleanup: 10125 ns, At safepoint: 5328165 ns, Total: 24145978 ns
[2025-10-13T17:33:59.016-0700][1207][info ][safepoint   ] Safepoint "ICBufferFull", Time since last: 3440424 ns, Reaching safepoint: 2388917 ns, Cleanup: 16806 ns, At safepoint: 4027130 ns, Total: 6432853 ns
[2025-10-13T17:33:59.055-0700][1207][info ][safepoint   ] Safepoint "ICBufferFull", Time since last: 228345 ns, Reaching safepoint: 32762948 ns, Cleanup: 45159 ns, At safepoint: 5590300 ns, Total: 38398407 ns
[2025-10-13T17:33:59.113-0700][1207][info ][safepoint   ] Safepoint "ICBufferFull", Time since last: 11748529 ns, Reaching safepoint: 34728927 ns, Cleanup: 12529 ns, At safepoint: 11797202 ns, Total: 46538658 ns
[2025-10-13T17:33:59.175-0700][1207][info ][safepoint   ] Safepoint "ICBufferFull", Time since last: 7242416 ns, Reaching safepoint: 19803450 ns, Cleanup: 5919 ns, At safepoint: 35070793 ns, Total: 54880162 ns
[2025-10-13T17:33:59.205-0700][1207][info ][safepoint   ] Safepoint "ICBufferFull", Time since last: 23536778 ns, Reaching safepoint: 1049485 ns, Cleanup: 38318 ns, At safepoint: 5099269 ns, Total: 6187072 ns
[2025-10-13T17:33:59.271-0700][1207][info ][safepoint   ] Safepoint "ICBufferFull", Time since last: 577642 ns, Reaching safepoint: 63737547 ns, Cleanup: 21833 ns, At safepoint: 1529920 ns, Total: 65289300 ns
[2025-10-13T17:33:59.422-0700][1207][info ][safepoint   ] Safepoint "ICBufferFull", Time since last: 8530470 ns, Reaching safepoint: 131077031 ns, Cleanup: 68634 ns, At safepoint: 11860357 ns, Total: 143006022 ns
[2025-10-13T17:33:59.620-0700][1207][info ][safepoint   ] Safepoint "ICBufferFull", Time since last: 86996635 ns, Reaching safepoint: 110303055 ns, Cleanup: 60301 ns, At safepoint: 661629 ns, Total: 111024985 ns
[2025-10-13T17:33:59.625-0700][1207][info ][safepoint   ] Safepoint "ICBufferFull", Time since last: 3534137 ns, Reaching safepoint: 549239 ns, Cleanup: 4356 ns, At safepoint: 530131 ns, Total: 1083726 ns
[2025-10-13T17:33:59.638-0700][1207][info ][gc,start    ] GC(27) Pause Young (Normal) (G1 Evacuation Pause)
[2025-10-13T17:33:59.638-0700][1207][info ][gc,task     ] GC(27) Using 113 workers of 113 for evacuation
[2025-10-13T17:33:59.649-0700][1207][debug][gc,remset   ] GC(27) Visited cards 3783168 Total dirty 8912896 (42.45%) Total old 46661632 (8.11%)
[2025-10-13T17:33:59.752-0700][1207][info ][gc,phases   ] GC(27)   Pre Evacuate Collection Set: 0.8ms
[2025-10-13T17:33:59.752-0700][1207][info ][gc,phases   ] GC(27)   Merge Heap Roots: 10.2ms
[2025-10-13T17:33:59.752-0700][1207][info ][gc,phases   ] GC(27)   Evacuate Collection Set: 97.9ms
[2025-10-13T17:33:59.752-0700][1207][info ][gc,phases   ] GC(27)   Post Evacuate Collection Set: 4.8ms
[2025-10-13T17:33:59.752-0700][1207][info ][gc,phases   ] GC(27)   Other: 0.1ms
[2025-10-13T17:33:59.752-0700][1207][debug][gc,remset   ] GC(27) Coarsening (recent): Inline->AoC 0 (0) AoC->Howl 0 (0) Howl->Full 0 (0) Inline->AoC 0 (0) AoC->BitMap 0 (0) BitMap->Full 0 (0) 
[2025-10-13T17:33:59.752-0700][1207][debug][gc,remset   ] GC(27) Coarsening (all): Inline->AoC 2245 (0) AoC->Howl 226 (0) Howl->Full 0 (0) Inline->AoC 1425 (0) AoC->BitMap 204 (0) BitMap->Full 0 (0) 
[2025-10-13T17:33:59.752-0700][1207][info ][gc,heap     ] GC(27) Eden regions: 255->0(270)
[2025-10-13T17:33:59.752-0700][1207][info ][gc,heap     ] GC(27) Survivor regions: 33->18(36)
[2025-10-13T17:33:59.752-0700][1207][info ][gc,heap     ] GC(27) Old regions: 136->158
[2025-10-13T17:33:59.752-0700][1207][info ][gc,heap     ] GC(27) Humongous regions: 0->0
[2025-10-13T17:33:59.752-0700][1207][info ][gc,metaspace] GC(27) Metaspace: 277883K(281280K)->277883K(281280K) NonClass: 243440K(245376K)->243440K(245376K) Class: 34442K(35904K)->34442K(35904K)
[2025-10-13T17:33:59.752-0700][1207][info ][gc          ] GC(27) Pause Young (Normal) (G1 Evacuation Pause) 13539M->5606M(184320M) 113.913ms
[2025-10-13T17:33:59.754-0700][1207][info ][gc,cpu      ] GC(27) User=3.68s Sys=0.14s Real=0.12s
[2025-10-13T17:33:59.757-0700][1207][info ][safepoint   ] Safepoint "G1CollectForAllocation", Time since last: 7392041 ns, Reaching safepoint: 4478011 ns, Cleanup: 2714 ns, At safepoint: 119857271 ns, Total: 124337996 ns
[2025-10-13T17:33:59.759-0700][1207][info ][safepoint   ] Safepoint "ICBufferFull", Time since last: 298401 ns, Reaching safepoint: 614438 ns, Cleanup: 2423 ns, At safepoint: 1130066 ns, Total: 1746927 ns
[2025-10-13T17:33:59.767-0700][1207][info ][safepoint   ] Safepoint "ICBufferFull", Time since last: 5640357 ns, Reaching safepoint: 852497 ns, Cleanup: 21202 ns, At safepoint: 1642250 ns, Total: 2515949 ns
[2025-10-13T17:33:59.774-0700][1207][info ][safepoint   ] Safepoint "ICBufferFull", Time since last: 4657652 ns, Reaching safepoint: 890555 ns, Cleanup: 18668 ns, At safepoint: 1298961 ns, Total: 2208184 ns
[2025-10-13T17:33:59.779-0700][1207][info ][safepoint   ] Safepoint "ICBufferFull", Time since last: 2764614 ns, Reaching safepoint: 834060 ns, Cleanup: 15223 ns, At safepoint: 1455107 ns, Total: 2304390 ns
[2025-10-13T17:33:59.786-0700][1207][info ][safepoint   ] Safepoint "ICBufferFull", Time since last: 4494406 ns, Reaching safepoint: 853068 ns, Cleanup: 9845 ns, At safepoint: 1698725 ns, Total: 2561638 ns
[2025-10-13T17:33:59.790-0700][1207][info ][safepoint   ] Safepoint "ICBufferFull", Time since last: 191439 ns, Reaching safepoint: 860749 ns, Cleanup: 11558 ns, At safepoint: 3013229 ns, Total: 3885536 ns
[2025-10-13T17:33:59.833-0700][1207][info ][safepoint   ] Safepoint "ICBufferFull", Time since last: 25560975 ns, Reaching safepoint: 1074923 ns, Cleanup: 27481 ns, At safepoint: 16028902 ns, Total: 17131306 ns
[2025-10-13T17:33:59.840-0700][1207][info ][safepoint   ] Safepoint "ICBufferFull", Time since last: 149486 ns, Reaching safepoint: 992408 ns, Cleanup: 28102 ns, At safepoint: 5898767 ns, Total: 6919277 ns
[2025-10-13T17:33:59.858-0700][1207][info ][safepoint   ] Safepoint "ICBufferFull", Time since last: 15749059 ns, Reaching safepoint: 1079630 ns, Cleanup: 18819 ns, At safepoint: 1461306 ns, Total: 2559755 ns
[2025-10-13T17:33:59.868-0700][1207][info ][safepoint   ] Safepoint "ICBufferFull", Time since last: 7442007 ns, Reaching safepoint: 1088724 ns, Cleanup: 10986 ns, At safepoint: 1460435 ns, Total: 2560145 ns
[2025-10-13T17:33:59.870-0700][1207][info ][safepoint   ] Safepoint "ICBufferFull", Time since last: 131819 ns, Reaching safepoint: 903234 ns, Cleanup: 8543 ns, At safepoint: 1284610 ns, Total: 2196387 ns
[2025-10-13T17:33:59.897-0700][1207][info ][safepoint   ] Safepoint "ICBufferFull", Time since last: 19603709 ns, Reaching safepoint: 1082214 ns, Cleanup: 15523 ns, At safepoint: 6245510 ns, Total: 7343247 ns
[2025-10-13T17:33:59.914-0700][1207][info ][safepoint   ] Safepoint "ICBufferFull", Time since last: 2626346 ns, Reaching safepoint: 1036355 ns, Cleanup: 13811 ns, At safepoint: 13254562 ns, Total: 14304728 ns
[2025-10-13T17:33:59.922-0700][1207][info ][safepoint   ] Safepoint "ICBufferFull", Time since last: 688790 ns, Reaching safepoint: 1040101 ns, Cleanup: 9855 ns, At safepoint: 5998326 ns, Total: 7048282 ns
[2025-10-13T17:33:59.946-0700][1207][info ][safepoint   ] Safepoint "ICBufferFull", Time since last: 1519395 ns, Reaching safepoint: 15319310 ns, Cleanup: 10886 ns, At safepoint: 6937355 ns, Total: 22267551 ns
[2025-10-13T17:34:00.006-0700][1207][info ][safepoint   ] Safepoint "ICBufferFull", Time since last: 56121046 ns, Reaching safepoint: 1188805 ns, Cleanup: 32189 ns, At safepoint: 2534927 ns, Total: 3755921 ns
[2025-10-13T17:34:00.055-0700][1207][info ][safepoint   ] Safepoint "ICBufferFull", Time since last: 37017362 ns, Reaching safepoint: 1177919 ns, Cleanup: 20391 ns, At safepoint: 11153390 ns, Total: 12351700 ns
[2025-10-13T17:34:00.065-0700][1207][info ][safepoint   ] Safepoint "ICBufferFull", Time since last: 7368436 ns, Reaching safepoint: 1144598 ns, Cleanup: 4557 ns, At safepoint: 1466314 ns, Total: 2615469 ns
[2025-10-13T17:34:00.088-0700][1207][info ][safepoint   ] Safepoint "ICBufferFull", Time since last: 19334402 ns, Reaching safepoint: 1253203 ns, Cleanup: 10736 ns, At safepoint: 2432643 ns, Total: 3696582 ns
[2025-10-13T17:34:00.101-0700][1207][info ][safepoint   ] Safepoint "ICBufferFull", Time since last: 3852857 ns, Reaching safepoint: 1248405 ns, Cleanup: 4517 ns, At safepoint: 8408516 ns, Total: 9661438 ns
[2025-10-13T17:34:00.120-0700][1207][info ][safepoint   ] Safepoint "ICBufferFull", Time since last: 14788759 ns, Reaching safepoint: 1252702 ns, Cleanup: 17055 ns, At safepoint: 2470350 ns, Total: 3740107 ns
[2025-10-13T17:34:00.150-0700][1207][info ][safepoint   ] Safepoint "ICBufferFull", Time since last: 3256638 ns, Reaching safepoint: 1324620 ns, Cleanup: 8853 ns, At safepoint: 25763830 ns, Total: 27097303 ns
[2025-10-13T17:34:00.186-0700][1207][info ][safepoint   ] Safepoint "ICBufferFull", Time since last: 20136694 ns, Reaching safepoint: 1257269 ns, Cleanup: 15103 ns, At safepoint: 14691352 ns, Total: 15963724 ns
[2025-10-13T17:34:00.202-0700][1207][info ][safepoint   ] Safepoint "ICBufferFull", Time since last: 3800668 ns, Reaching safepoint: 1213923 ns, Cleanup: 11558 ns, At safepoint: 10951395 ns, Total: 12176876 ns
[2025-10-13T17:34:00.208-0700][1207][info ][safepoint   ] Safepoint "ICBufferFull", Time since last: 1844685 ns, Reaching safepoint: 1179712 ns, Cleanup: 4416 ns, At safepoint: 2171469 ns, Total: 3355597 ns
[2025-10-13T17:34:00.216-0700][1207][info ][safepoint   ] Safepoint "ICBufferFull", Time since last: 4613956 ns, Reaching safepoint: 1194614 ns, Cleanup: 5108 ns, At safepoint: 2301124 ns, Total: 3500846 ns
[2025-10-13T17:34:00.226-0700][1207][info ][safepoint   ] Safepoint "ICBufferFull", Time since last: 7509128 ns, Reaching safepoint: 1087843 ns, Cleanup: 10426 ns, At safepoint: 2174663 ns, Total: 3272932 ns
[2025-10-13T17:34:00.231-0700][1207][info ][safepoint   ] Safepoint "ICBufferFull", Time since last: 1832597 ns, Reaching safepoint: 1112089 ns, Cleanup: 3335 ns, At safepoint: 1943004 ns, Total: 3058428 ns
[2025-10-13T17:34:00.238-0700][1207][info ][safepoint   ] Safepoint "ICBufferFull", Time since last: 3814229 ns, Reaching safepoint: 971567 ns, Cleanup: 3355 ns, At safepoint: 1634197 ns, Total: 2609119 ns
[2025-10-13T17:34:00.241-0700][1207][info ][safepoint   ] Safepoint "ICBufferFull", Time since last: 500676 ns, Reaching safepoint: 1045830 ns, Cleanup: 3635 ns, At safepoint: 2135434 ns, Total: 3184899 ns
[2025-10-13T17:34:00.249-0700][1207][info ][safepoint   ] Safepoint "ICBufferFull", Time since last: 3720167 ns, Reaching safepoint: 1086451 ns, Cleanup: 3094 ns, At safepoint: 2745716 ns, Total: 3835261 ns
[2025-10-13T17:34:00.256-0700][1207][info ][safepoint   ] Safepoint "ICBufferFull", Time since last: 3172731 ns, Reaching safepoint: 1092739 ns, Cleanup: 3786 ns, At safepoint: 2247073 ns, Total: 3343598 ns
[2025-10-13T17:34:01.239-0700][1207][info ][safepoint   ] Safepoint "ICBufferFull", Time since last: 815674676 ns, Reaching safepoint: 166902043 ns, Cleanup: 178960 ns, At safepoint: 1019249 ns, Total: 168100252 ns
[2025-10-13T17:34:01.334-0700][1207][info ][safepoint   ] Safepoint "ICBufferFull", Time since last: 24171516 ns, Reaching safepoint: 62820192 ns, Cleanup: 22734 ns, At safepoint: 7704423 ns, Total: 70547349 ns
[2025-10-13T17:34:01.551-0700][1207][info ][safepoint   ] Safepoint "ICBufferFull", Time since last: 16164647 ns, Reaching safepoint: 198809429 ns, Cleanup: 31698 ns, At safepoint: 1719496 ns, Total: 200560623 ns
[2025-10-13T17:34:01.606-0700][1207][info ][safepoint   ] Safepoint "ICBufferFull", Time since last: 7441145 ns, Reaching safepoint: 46555895 ns, Cleanup: 14331 ns, At safepoint: 1194864 ns, Total: 47765090 ns
[2025-10-13T17:34:01.621-0700][1207][info ][safepoint   ] Safepoint "ICBufferFull", Time since last: 12287403 ns, Reaching safepoint: 856693 ns, Cleanup: 3816 ns, At safepoint: 1440045 ns, Total: 2300554 ns
[2025-10-13T17:34:01.626-0700][1207][info ][safepoint   ] Safepoint "ICBufferFull", Time since last: 3640326 ns, Reaching safepoint: 724484 ns, Cleanup: 8132 ns, At safepoint: 1126080 ns, Total: 1858696 ns
[2025-10-13T17:34:01.636-0700][1207][info ][safepoint   ] Safepoint "ICBufferFull", Time since last: 8141243 ns, Reaching safepoint: 659145 ns, Cleanup: 2774 ns, At safepoint: 1569710 ns, Total: 2231629 ns
[2025-10-13T17:34:01.641-0700][1207][info ][safepoint   ] Safepoint "ICBufferFull", Time since last: 1215335 ns, Reaching safepoint: 651604 ns, Cleanup: 2203 ns, At safepoint: 2678455 ns, Total: 3332262 ns
[2025-10-13T17:34:01.650-0700][1207][info ][safepoint   ] Safepoint "ICBufferFull", Time since last: 7222435 ns, Reaching safepoint: 627387 ns, Cleanup: 10977 ns, At safepoint: 1440525 ns, Total: 2078889 ns
[2025-10-13T17:34:01.663-0700][1207][info ][safepoint   ] Safepoint "ICBufferFull", Time since last: 7931575 ns, Reaching safepoint: 757374 ns, Cleanup: 3265 ns, At safepoint: 4030295 ns, Total: 4790934 ns
[2025-10-13T17:34:01.734-0700][1207][info ][safepoint   ] Safepoint "ICBufferFull", Time since last: 31199458 ns, Reaching safepoint: 13120510 ns, Cleanup: 4116 ns, At safepoint: 27110654 ns, Total: 40235280 ns
[2025-10-13T17:34:01.771-0700][1207][info ][safepoint   ] Safepoint "ICBufferFull", Time since last: 9083405 ns, Reaching safepoint: 1227894 ns, Cleanup: 9795 ns, At safepoint: 26266760 ns, Total: 27504449 ns
[2025-10-13T17:34:01.785-0700][1207][info ][safepoint   ] Safepoint "ICBufferFull", Time since last: 10230076 ns, Reaching safepoint: 1111158 ns, Cleanup: 17857 ns, At safepoint: 2715710 ns, Total: 3844725 ns
[2025-10-13T17:34:01.802-0700][1207][info ][safepoint   ] Safepoint "ICBufferFull", Time since last: 6939338 ns, Reaching safepoint: 3115133 ns, Cleanup: 11297 ns, At safepoint: 7089965 ns, Total: 10216395 ns
[2025-10-13T17:34:01.824-0700][1207][info ][safepoint   ] Safepoint "ICBufferFull", Time since last: 5453765 ns, Reaching safepoint: 15357608 ns, Cleanup: 14833 ns, At safepoint: 769902 ns, Total: 16142343 ns
[2025-10-13T17:34:01.838-0700][1207][info ][safepoint   ] Safepoint "ICBufferFull", Time since last: 8343097 ns, Reaching safepoint: 5166932 ns, Cleanup: 2503 ns, At safepoint: 417150 ns, Total: 5586585 ns
[2025-10-13T17:34:01.839-0700][1207][info ][safepoint   ] Safepoint "ICBufferFull", Time since last: 665665 ns, Reaching safepoint: 403189 ns, Cleanup: 2053 ns, At safepoint: 462499 ns, Total: 867741 ns
[2025-10-13T17:34:01.848-0700][1207][info ][safepoint   ] Safepoint "ICBufferFull", Time since last: 7303517 ns, Reaching safepoint: 870945 ns, Cleanup: 3776 ns, At safepoint: 513665 ns, Total: 1388386 ns
[2025-10-13T17:34:01.856-0700][1207][info ][safepoint   ] Safepoint "ICBufferFull", Time since last: 7108644 ns, Reaching safepoint: 520395 ns, Cleanup: 2184 ns, At safepoint: 299332 ns, Total: 821911 ns
[2025-10-13T17:34:01.859-0700][1207][info ][safepoint   ] Safepoint "ICBufferFull", Time since last: 1513144 ns, Reaching safepoint: 865267 ns, Cleanup: 4206 ns, At safepoint: 378221 ns, Total: 1247694 ns
[2025-10-13T17:34:01.860-0700][1207][info ][safepoint   ] Safepoint "ICBufferFull", Time since last: 427836 ns, Reaching safepoint: 533486 ns, Cleanup: 1923 ns, At safepoint: 341876 ns, Total: 877285 ns
[2025-10-13T17:34:01.861-0700][1207][info ][safepoint   ] Safepoint "ICBufferFull", Time since last: 309167 ns, Reaching safepoint: 405732 ns, Cleanup: 1262 ns, At safepoint: 291060 ns, Total: 698054 ns
[2025-10-13T17:34:01.862-0700][1207][info ][safepoint   ] Safepoint "ICBufferFull", Time since last: 692816 ns, Reaching safepoint: 388366 ns, Cleanup: 961 ns, At safepoint: 337230 ns, Total: 726557 ns
[2025-10-13T17:34:01.865-0700][1207][info ][safepoint   ] Safepoint "ICBufferFull", Time since last: 2173461 ns, Reaching safepoint: 350359 ns, Cleanup: 6500 ns, At safepoint: 210198 ns, Total: 567057 ns
[2025-10-13T17:34:01.869-0700][1207][info ][safepoint   ] Safepoint "ICBufferFull", Time since last: 2934170 ns, Reaching safepoint: 354585 ns, Cleanup: 4176 ns, At safepoint: 316739 ns, Total: 675500 ns
[2025-10-13T17:34:01.871-0700][1207][info ][safepoint   ] Safepoint "ICBufferFull", Time since last: 1712015 ns, Reaching safepoint: 328255 ns, Cleanup: 1092 ns, At safepoint: 281785 ns, Total: 611132 ns
[2025-10-13T17:34:01.873-0700][1207][info ][safepoint   ] Safepoint "ICBufferFull", Time since last: 1159952 ns, Reaching safepoint: 333403 ns, Cleanup: 801 ns, At safepoint: 305402 ns, Total: 639606 ns
[2025-10-13T17:34:01.877-0700][1207][info ][safepoint   ] Safepoint "ICBufferFull", Time since last: 3320673 ns, Reaching safepoint: 365252 ns, Cleanup: 1843 ns, At safepoint: 279111 ns, Total: 646206 ns
[2025-10-13T17:34:01.879-0700][1207][info ][gc,start    ] GC(28) Pause Young (Normal) (G1 Evacuation Pause)
[2025-10-13T17:34:01.879-0700][1207][info ][gc,task     ] GC(28) Using 113 workers of 113 for evacuation
[2025-10-13T17:34:01.890-0700][1207][debug][gc,remset   ] GC(28) Visited cards 4165120 Total dirty 10092544 (41.27%) Total old 48103424 (8.66%)
[2025-10-13T17:34:01.997-0700][1207][info ][gc,phases   ] GC(28)   Pre Evacuate Collection Set: 0.7ms
[2025-10-13T17:34:01.997-0700][1207][info ][gc,phases   ] GC(28)   Merge Heap Roots: 9.6ms
[2025-10-13T17:34:01.997-0700][1207][info ][gc,phases   ] GC(28)   Evacuate Collection Set: 100.2ms
[2025-10-13T17:34:01.997-0700][1207][info ][gc,phases   ] GC(28)   Post Evacuate Collection Set: 7.5ms
[2025-10-13T17:34:01.997-0700][1207][info ][gc,phases   ] GC(28)   Other: 0.1ms
[2025-10-13T17:34:01.997-0700][1207][debug][gc,remset   ] GC(28) Coarsening (recent): Inline->AoC 0 (0) AoC->Howl 0 (0) Howl->Full 0 (0) Inline->AoC 0 (0) AoC->BitMap 0 (0) BitMap->Full 0 (0) 
[2025-10-13T17:34:01.997-0700][1207][debug][gc,remset   ] GC(28) Coarsening (all): Inline->AoC 2245 (0) AoC->Howl 226 (0) Howl->Full 0 (0) Inline->AoC 1425 (0) AoC->BitMap 204 (0) BitMap->Full 0 (0) 
[2025-10-13T17:34:01.997-0700][1207][info ][gc,heap     ] GC(28) Eden regions: 270->0(252)
[2025-10-13T17:34:01.998-0700][1207][info ][gc,heap     ] GC(28) Survivor regions: 18->36(36)
[2025-10-13T17:34:01.998-0700][1207][info ][gc,heap     ] GC(28) Old regions: 158->180
[2025-10-13T17:34:01.998-0700][1207][info ][gc,heap     ] GC(28) Humongous regions: 0->0
[2025-10-13T17:34:01.998-0700][1207][info ][gc,metaspace] GC(28) Metaspace: 278544K(281984K)->278544K(281984K) NonClass: 244081K(246016K)->244081K(246016K) Class: 34463K(35968K)->34463K(35968K)
[2025-10-13T17:34:01.998-0700][1207][info ][gc          ] GC(28) Pause Young (Normal) (G1 Evacuation Pause) 14246M->6894M(184320M) 118.300ms
[2025-10-13T17:34:01.999-0700][1207][info ][gc,cpu      ] GC(28) User=5.31s Sys=0.02s Real=0.12s
[2025-10-13T17:34:02.000-0700][1207][info ][safepoint   ] Safepoint "G1CollectForAllocation", Time since last: 413765 ns, Reaching safepoint: 294845 ns, Cleanup: 1412 ns, At safepoint: 122426901 ns, Total: 122723158 ns
[2025-10-13T17:34:02.003-0700][1207][info ][safepoint   ] Safepoint "ICBufferFull", Time since last: 1734048 ns, Reaching safepoint: 533255 ns, Cleanup: 2514 ns, At safepoint: 401867 ns, Total: 937636 ns
[2025-10-13T17:34:02.008-0700][1207][info ][safepoint   ] Safepoint "ICBufferFull", Time since last: 3645083 ns, Reaching safepoint: 735010 ns, Cleanup: 3445 ns, At safepoint: 881962 ns, Total: 1620417 ns
[2025-10-13T17:34:02.022-0700][1207][info ][safepoint   ] Safepoint "ICBufferFull", Time since last: 11840087 ns, Reaching safepoint: 1070797 ns, Cleanup: 14282 ns, At safepoint: 1546805 ns, Total: 2631884 ns
[2025-10-13T17:34:02.056-0700][1207][info ][safepoint   ] Safepoint "ICBufferFull", Time since last: 23694436 ns, Reaching safepoint: 1317700 ns, Cleanup: 21722 ns, At safepoint: 8412482 ns, Total: 9751904 ns
[2025-10-13T17:34:02.086-0700][1207][info ][safepoint   ] Safepoint "ICBufferFull", Time since last: 27349034 ns, Reaching safepoint: 1154293 ns, Cleanup: 14842 ns, At safepoint: 1788911 ns, Total: 2958046 ns
[2025-10-13T17:34:02.113-0700][1207][info ][safepoint   ] Safepoint "ICBufferFull", Time since last: 23077395 ns, Reaching safepoint: 1108834 ns, Cleanup: 4737 ns, At safepoint: 2722320 ns, Total: 3835891 ns
[2025-10-13T17:34:02.140-0700][1207][info ][safepoint   ] Safepoint "ICBufferFull", Time since last: 24120870 ns, Reaching safepoint: 1038618 ns, Cleanup: 35013 ns, At safepoint: 1633747 ns, Total: 2707378 ns
[2025-10-13T17:34:02.166-0700][1207][info ][safepoint   ] Safepoint "ICBufferFull", Time since last: 24295013 ns, Reaching safepoint: 974601 ns, Cleanup: 9895 ns, At safepoint: 1194694 ns, Total: 2179190 ns
[2025-10-13T17:34:02.190-0700][1207][info ][safepoint   ] Safepoint "ICBufferFull", Time since last: 21822229 ns, Reaching safepoint: 897075 ns, Cleanup: 8532 ns, At safepoint: 1246062 ns, Total: 2151669 ns
[2025-10-13T17:34:02.208-0700][1207][info ][safepoint   ] Safepoint "ICBufferFull", Time since last: 14845104 ns, Reaching safepoint: 761821 ns, Cleanup: 7551 ns, At safepoint: 1919678 ns, Total: 2689050 ns
[2025-10-13T17:34:02.229-0700][1207][info ][safepoint   ] Safepoint "ICBufferFull", Time since last: 16327984 ns, Reaching safepoint: 845847 ns, Cleanup: 9234 ns, At safepoint: 4405572 ns, Total: 5260653 ns
[2025-10-13T17:34:02.251-0700][1207][info ][safepoint   ] Safepoint "ICBufferFull", Time since last: 19719734 ns, Reaching safepoint: 897636 ns, Cleanup: 10676 ns, At safepoint: 1273393 ns, Total: 2181705 ns
[2025-10-13T17:34:02.269-0700][1207][info ][safepoint   ] Safepoint "ICBufferFull", Time since last: 15833276 ns, Reaching safepoint: 847910 ns, Cleanup: 3095 ns, At safepoint: 1196817 ns, Total: 2047822 ns
[2025-10-13T17:34:02.307-0700][1207][info ][safepoint   ] Safepoint "ICBufferFull", Time since last: 24993177 ns, Reaching safepoint: 998007 ns, Cleanup: 26740 ns, At safepoint: 12039588 ns, Total: 13064335 ns
[2025-10-13T17:34:02.334-0700][1207][info ][safepoint   ] Safepoint "ICBufferFull", Time since last: 23886947 ns, Reaching safepoint: 980190 ns, Cleanup: 9985 ns, At safepoint: 1750563 ns, Total: 2740738 ns
[2025-10-13T17:34:02.370-0700][1207][info ][safepoint   ] Safepoint "ICBufferFull", Time since last: 25932636 ns, Reaching safepoint: 1057957 ns, Cleanup: 4116 ns, At safepoint: 9391420 ns, Total: 10453493 ns
[2025-10-13T17:34:02.384-0700][1207][info ][safepoint   ] Safepoint "ICBufferFull", Time since last: 11859507 ns, Reaching safepoint: 974121 ns, Cleanup: 15843 ns, At safepoint: 1181855 ns, Total: 2171819 ns
[2025-10-13T17:34:02.510-0700][1207][info ][safepoint   ] Safepoint "ICBufferFull", Time since last: 5210046 ns, Reaching safepoint: 113909491 ns, Cleanup: 14111 ns, At safepoint: 6905817 ns, Total: 120829419 ns
[2025-10-13T17:34:02.534-0700][1207][info ][safepoint   ] Safepoint "ICBufferFull", Time since last: 1539314 ns, Reaching safepoint: 1191129 ns, Cleanup: 10516 ns, At safepoint: 21046047 ns, Total: 22247692 ns
[2025-10-13T17:34:02.552-0700][1207][info ][safepoint   ] Safepoint "ICBufferFull", Time since last: 11012077 ns, Reaching safepoint: 995433 ns, Cleanup: 8993 ns, At safepoint: 5828731 ns, Total: 6833157 ns
[2025-10-13T17:34:02.557-0700][1207][info ][safepoint   ] Safepoint "ICBufferFull", Time since last: 2220453 ns, Reaching safepoint: 796753 ns, Cleanup: 3184 ns, At safepoint: 2214454 ns, Total: 3014391 ns
[2025-10-13T17:34:02.575-0700][1207][info ][safepoint   ] Safepoint "ICBufferFull", Time since last: 15938515 ns, Reaching safepoint: 1005338 ns, Cleanup: 15193 ns, At safepoint: 1198520 ns, Total: 2219051 ns
[2025-10-13T17:34:02.597-0700][1207][info ][safepoint   ] Safepoint "ICBufferFull", Time since last: 19174872 ns, Reaching safepoint: 912377 ns, Cleanup: 3626 ns, At safepoint: 1422978 ns, Total: 2338981 ns
[2025-10-13T17:34:02.613-0700][1207][info ][safepoint   ] Safepoint "ICBufferFull", Time since last: 14254433 ns, Reaching safepoint: 815401 ns, Cleanup: 15383 ns, At safepoint: 1378672 ns, Total: 2209456 ns
[2025-10-13T17:34:02.663-0700][1207][info ][safepoint   ] Safepoint "ICBufferFull", Time since last: 23789489 ns, Reaching safepoint: 882212 ns, Cleanup: 12169 ns, At safepoint: 25174541 ns, Total: 26068922 ns
[2025-10-13T17:34:02.753-0700][1207][info ][safepoint   ] Safepoint "ICBufferFull", Time since last: 9983313 ns, Reaching safepoint: 78791877 ns, Cleanup: 19469 ns, At safepoint: 1084127 ns, Total: 79895473 ns
[2025-10-13T17:34:02.775-0700][1207][info ][safepoint   ] Safepoint "ICBufferFull", Time since last: 806057 ns, Reaching safepoint: 13879717 ns, Cleanup: 15303 ns, At safepoint: 7224228 ns, Total: 21119248 ns
[2025-10-13T17:34:02.800-0700][1207][info ][safepoint   ] Safepoint "ICBufferFull", Time since last: 17903923 ns, Reaching safepoint: 1020691 ns, Cleanup: 10486 ns, At safepoint: 5739446 ns, Total: 6770623 ns
[2025-10-13T17:34:02.823-0700][1207][info ][safepoint   ] Safepoint "ICBufferFull", Time since last: 1446043 ns, Reaching safepoint: 941982 ns, Cleanup: 3676 ns, At safepoint: 20677380 ns, Total: 21623038 ns
[2025-10-13T17:34:02.826-0700][1207][info ][safepoint   ] Safepoint "ICBufferFull", Time since last: 791636 ns, Reaching safepoint: 934831 ns, Cleanup: 18989 ns, At safepoint: 1879377 ns, Total: 2833197 ns
[2025-10-13T17:34:02.853-0700][1207][info ][safepoint   ] Safepoint "ICBufferFull", Time since last: 14761459 ns, Reaching safepoint: 861851 ns, Cleanup: 3756 ns, At safepoint: 11132789 ns, Total: 11998396 ns
[2025-10-13T17:34:02.864-0700][1207][info ][safepoint   ] Safepoint "ICBufferFull", Time since last: 8046309 ns, Reaching safepoint: 865507 ns, Cleanup: 3375 ns, At safepoint: 2071427 ns, Total: 2940309 ns
[2025-10-13T17:34:02.887-0700][1207][info ][safepoint   ] Safepoint "ICBufferFull", Time since last: 19018416 ns, Reaching safepoint: 938677 ns, Cleanup: 4096 ns, At safepoint: 2709902 ns, Total: 3652675 ns
[2025-10-13T17:34:02.909-0700][1207][info ][safepoint   ] Safepoint "ICBufferFull", Time since last: 16348515 ns, Reaching safepoint: 910264 ns, Cleanup: 9354 ns, At safepoint: 4406804 ns, Total: 5326422 ns
[2025-10-13T17:34:02.922-0700][1207][info ][safepoint   ] Safepoint "ICBufferFull", Time since last: 11760547 ns, Reaching safepoint: 848581 ns, Cleanup: 11778 ns, At safepoint: 1008703 ns, Total: 1869062 ns
[2025-10-13T17:34:02.933-0700][1207][info ][safepoint   ] Safepoint "ICBufferFull", Time since last: 8104507 ns, Reaching safepoint: 763222 ns, Cleanup: 2744 ns, At safepoint: 2362337 ns, Total: 3128303 ns
[2025-10-13T17:34:02.942-0700][1207][info ][safepoint   ] Safepoint "ICBufferFull", Time since last: 3797995 ns, Reaching safepoint: 750363 ns, Cleanup: 2784 ns, At safepoint: 4125459 ns, Total: 4878606 ns
[2025-10-13T17:34:02.967-0700][1207][info ][safepoint   ] Safepoint "ICBufferFull", Time since last: 941511 ns, Reaching safepoint: 13210467 ns, Cleanup: 9684 ns, At safepoint: 10839607 ns, Total: 24059758 ns
[2025-10-13T17:34:02.987-0700][1207][info ][safepoint   ] Safepoint "ICBufferFull", Time since last: 8280082 ns, Reaching safepoint: 1191028 ns, Cleanup: 4377 ns, At safepoint: 10759355 ns, Total: 11954760 ns
[2025-10-13T17:34:03.001-0700][1207][info ][safepoint   ] Safepoint "ICBufferFull", Time since last: 7389658 ns, Reaching safepoint: 1644913 ns, Cleanup: 4547 ns, At safepoint: 4168905 ns, Total: 5818365 ns
[2025-10-13T17:34:03.028-0700][1207][info ][safepoint   ] Safepoint "ICBufferFull", Time since last: 11978877 ns, Reaching safepoint: 1022063 ns, Cleanup: 4266 ns, At safepoint: 14863282 ns, Total: 15889611 ns
[2025-10-13T17:34:03.053-0700][1207][info ][safepoint   ] Safepoint "ICBufferFull", Time since last: 20885084 ns, Reaching safepoint: 1085740 ns, Cleanup: 16645 ns, At safepoint: 3018467 ns, Total: 4120852 ns
[2025-10-13T17:34:03.059-0700][1207][info ][safepoint   ] Safepoint "ICBufferFull", Time since last: 1156106 ns, Reaching safepoint: 963304 ns, Cleanup: 3466 ns, At safepoint: 3221484 ns, Total: 4188254 ns
[2025-10-13T17:34:03.078-0700][1207][info ][safepoint   ] Safepoint "ICBufferFull", Time since last: 14461986 ns, Reaching safepoint: 924015 ns, Cleanup: 8182 ns, At safepoint: 4049214 ns, Total: 4981411 ns
[2025-10-13T17:34:03.083-0700][1207][info ][safepoint   ] Safepoint "ICBufferFull", Time since last: 2271379 ns, Reaching safepoint: 1004026 ns, Cleanup: 9545 ns, At safepoint: 1660407 ns, Total: 2673978 ns
[2025-10-13T17:34:03.096-0700][1207][info ][safepoint   ] Safepoint "ICBufferFull", Time since last: 4071587 ns, Reaching safepoint: 902874 ns, Cleanup: 7842 ns, At safepoint: 7977575 ns, Total: 8888291 ns
[2025-10-13T17:34:03.100-0700][1207][info ][safepoint   ] Safepoint "ICBufferFull", Time since last: 1441396 ns, Reaching safepoint: 1059059 ns, Cleanup: 3956 ns, At safepoint: 1781039 ns, Total: 2844054 ns
[2025-10-13T17:34:03.106-0700][1207][info ][safepoint   ] Safepoint "ICBufferFull", Time since last: 2065108 ns, Reaching safepoint: 818707 ns, Cleanup: 6890 ns, At safepoint: 2764554 ns, Total: 3590151 ns
[2025-10-13T17:34:03.121-0700][1207][info ][safepoint   ] Safepoint "ICBufferFull", Time since last: 11966358 ns, Reaching safepoint: 897926 ns, Cleanup: 9294 ns, At safepoint: 1860409 ns, Total: 2767629 ns
[2025-10-13T17:34:03.138-0700][1207][info ][safepoint   ] Safepoint "ICBufferFull", Time since last: 13464870 ns, Reaching safepoint: 1050366 ns, Cleanup: 10256 ns, At safepoint: 3044406 ns, Total: 4105028 ns
[2025-10-13T17:34:03.154-0700][1207][info ][safepoint   ] Safepoint "ICBufferFull", Time since last: 13602529 ns, Reaching safepoint: 1200152 ns, Cleanup: 14351 ns, At safepoint: 1219291 ns, Total: 2433794 ns
[2025-10-13T17:34:03.163-0700][1207][info ][safepoint   ] Safepoint "ICBufferFull", Time since last: 3009164 ns, Reaching safepoint: 1105148 ns, Cleanup: 4157 ns, At safepoint: 4826517 ns, Total: 5935822 ns
[2025-10-13T17:34:03.221-0700][1207][info ][safepoint   ] Safepoint "ICBufferFull", Time since last: 11892847 ns, Reaching safepoint: 36446670 ns, Cleanup: 12059 ns, At safepoint: 8985407 ns, Total: 45444136 ns
[2025-10-13T17:34:03.240-0700][1207][info ][safepoint   ] Safepoint "ICBufferFull", Time since last: 16545431 ns, Reaching safepoint: 1132110 ns, Cleanup: 31047 ns, At safepoint: 1878636 ns, Total: 3041793 ns
[2025-10-13T17:34:03.245-0700][1207][info ][safepoint   ] Safepoint "ICBufferFull", Time since last: 2745826 ns, Reaching safepoint: 879888 ns, Cleanup: 3335 ns, At safepoint: 1066321 ns, Total: 1949544 ns
[2025-10-13T17:34:03.255-0700][1207][info ][safepoint   ] Safepoint "ICBufferFull", Time since last: 1211889 ns, Reaching safepoint: 703493 ns, Cleanup: 2543 ns, At safepoint: 8082504 ns, Total: 8788540 ns
[2025-10-13T17:34:03.263-0700][1207][info ][safepoint   ] Safepoint "ICBufferFull", Time since last: 925808 ns, Reaching safepoint: 925818 ns, Cleanup: 9965 ns, At safepoint: 5835250 ns, Total: 6771033 ns
[2025-10-13T17:34:03.281-0700][1207][info ][safepoint   ] Safepoint "ICBufferFull", Time since last: 5567747 ns, Reaching safepoint: 888712 ns, Cleanup: 3595 ns, At safepoint: 11977295 ns, Total: 12869602 ns
[2025-10-13T17:34:03.378-0700][1207][info ][safepoint   ] Safepoint "ICBufferFull", Time since last: 716902 ns, Reaching safepoint: 91988703 ns, Cleanup: 39529 ns, At safepoint: 4451211 ns, Total: 96479443 ns
[2025-10-13T17:34:03.404-0700][1207][info ][safepoint   ] Safepoint "ICBufferFull", Time since last: 3929012 ns, Reaching safepoint: 20897453 ns, Cleanup: 25369 ns, At safepoint: 1008803 ns, Total: 21931625 ns
[2025-10-13T17:34:03.409-0700][1207][info ][safepoint   ] Safepoint "ICBufferFull", Time since last: 2644242 ns, Reaching safepoint: 731324 ns, Cleanup: 3215 ns, At safepoint: 1698184 ns, Total: 2432723 ns
[2025-10-13T17:34:03.420-0700][1207][info ][safepoint   ] Safepoint "ICBufferFull", Time since last: 2957836 ns, Reaching safepoint: 643993 ns, Cleanup: 9324 ns, At safepoint: 7055152 ns, Total: 7708469 ns
[2025-10-13T17:34:03.489-0700][1207][info ][safepoint   ] Safepoint "ICBufferFull", Time since last: 959459 ns, Reaching safepoint: 25940137 ns, Cleanup: 19399 ns, At safepoint: 42680613 ns, Total: 68640149 ns
[2025-10-13T17:34:03.527-0700][1207][info ][safepoint   ] Safepoint "ICBufferFull", Time since last: 10142504 ns, Reaching safepoint: 1002533 ns, Cleanup: 4507 ns, At safepoint: 26782088 ns, Total: 27789128 ns
[2025-10-13T17:34:03.548-0700][1207][info ][safepoint   ] Safepoint "ICBufferFull", Time since last: 4210267 ns, Reaching safepoint: 998969 ns, Cleanup: 7982 ns, At safepoint: 15374754 ns, Total: 16381705 ns
[2025-10-13T17:34:03.564-0700][1207][info ][safepoint   ] Safepoint "ICBufferFull", Time since last: 10886908 ns, Reaching safepoint: 1178800 ns, Cleanup: 29925 ns, At safepoint: 4121372 ns, Total: 5330097 ns
[2025-10-13T17:34:03.573-0700][1207][info ][safepoint   ] Safepoint "ICBufferFull", Time since last: 6485763 ns, Reaching safepoint: 988963 ns, Cleanup: 9945 ns, At safepoint: 1147894 ns, Total: 2146802 ns
[2025-10-13T17:34:03.591-0700][1207][info ][safepoint   ] Safepoint "ICBufferFull", Time since last: 7548006 ns, Reaching safepoint: 965688 ns, Cleanup: 10757 ns, At safepoint: 9294243 ns, Total: 10270688 ns
[2025-10-13T17:34:03.595-0700][1207][info ][safepoint   ] Safepoint "ICBufferFull", Time since last: 1039930 ns, Reaching safepoint: 1014652 ns, Cleanup: 10286 ns, At safepoint: 2705104 ns, Total: 3730042 ns
[2025-10-13T17:34:03.604-0700][1207][info ][safepoint   ] Safepoint "ICBufferFull", Time since last: 902062 ns, Reaching safepoint: 909884 ns, Cleanup: 22113 ns, At safepoint: 6716732 ns, Total: 7648729 ns
[2025-10-13T17:34:03.608-0700][1207][info ][safepoint   ] Safepoint "ICBufferFull", Time since last: 1230868 ns, Reaching safepoint: 860189 ns, Cleanup: 10125 ns, At safepoint: 1953900 ns, Total: 2824214 ns
[2025-10-13T17:34:03.631-0700][1207][info ][safepoint   ] Safepoint "ICBufferFull", Time since last: 14090986 ns, Reaching safepoint: 930445 ns, Cleanup: 9755 ns, At safepoint: 8303427 ns, Total: 9243627 ns
[2025-10-13T17:34:03.642-0700][1207][info ][safepoint   ] Safepoint "ICBufferFull", Time since last: 6821780 ns, Reaching safepoint: 925257 ns, Cleanup: 9505 ns, At safepoint: 2657973 ns, Total: 3592735 ns
[2025-10-13T17:34:03.659-0700][1207][info ][safepoint   ] Safepoint "ICBufferFull", Time since last: 15164757 ns, Reaching safepoint: 997346 ns, Cleanup: 13931 ns, At safepoint: 1095344 ns, Total: 2106621 ns
[2025-10-13T17:34:03.688-0700][1207][info ][safepoint   ] Safepoint "ICBufferFull", Time since last: 3572684 ns, Reaching safepoint: 838596 ns, Cleanup: 2885 ns, At safepoint: 24663939 ns, Total: 25505420 ns
[2025-10-13T17:34:03.701-0700][1207][info ][safepoint   ] Safepoint "ICBufferFull", Time since last: 663792 ns, Reaching safepoint: 1147743 ns, Cleanup: 14592 ns, At safepoint: 11282095 ns, Total: 12444430 ns
[2025-10-13T17:34:03.708-0700][1207][info ][safepoint   ] Safepoint "ICBufferFull", Time since last: 3966169 ns, Reaching safepoint: 1088533 ns, Cleanup: 56375 ns, At safepoint: 2072319 ns, Total: 3217227 ns
[2025-10-13T17:34:03.726-0700][1207][info ][safepoint   ] Safepoint "ICBufferFull", Time since last: 15773697 ns, Reaching safepoint: 972929 ns, Cleanup: 26510 ns, At safepoint: 1162395 ns, Total: 2161834 ns
[2025-10-13T17:34:03.734-0700][1207][info ][safepoint   ] Safepoint "ICBufferFull", Time since last: 4825946 ns, Reaching safepoint: 922313 ns, Cleanup: 4016 ns, At safepoint: 2056726 ns, Total: 2983055 ns
[2025-10-13T17:34:03.784-0700][1207][info ][safepoint   ] Safepoint "ICBufferFull", Time since last: 2133070 ns, Reaching safepoint: 44300259 ns, Cleanup: 14672 ns, At safepoint: 3620246 ns, Total: 47935177 ns
[2025-10-13T17:34:03.814-0700][1207][info ][safepoint   ] Safepoint "ICBufferFull", Time since last: 3984576 ns, Reaching safepoint: 19650120 ns, Cleanup: 9664 ns, At safepoint: 6230808 ns, Total: 25890592 ns
[2025-10-13T17:34:03.819-0700][1207][info ][safepoint   ] Safepoint "ICBufferFull", Time since last: 1197278 ns, Reaching safepoint: 850554 ns, Cleanup: 4737 ns, At safepoint: 2755681 ns, Total: 3610972 ns
[2025-10-13T17:34:03.829-0700][1207][info ][safepoint   ] Safepoint "ICBufferFull", Time since last: 3281805 ns, Reaching safepoint: 958497 ns, Cleanup: 3676 ns, At safepoint: 6046890 ns, Total: 7009063 ns
[2025-10-13T17:34:03.856-0700][1207][info ][safepoint   ] Safepoint "ICBufferFull", Time since last: 446544 ns, Reaching safepoint: 939078 ns, Cleanup: 3866 ns, At safepoint: 25740235 ns, Total: 26683179 ns
[2025-10-13T17:34:03.881-0700][1207][info ][safepoint   ] Safepoint "ICBufferFull", Time since last: 14668297 ns, Reaching safepoint: 1122725 ns, Cleanup: 4938 ns, At safepoint: 9064336 ns, Total: 10191999 ns
[2025-10-13T17:34:03.896-0700][1207][info ][safepoint   ] Safepoint "ICBufferFull", Time since last: 12029794 ns, Reaching safepoint: 935502 ns, Cleanup: 3936 ns, At safepoint: 1468577 ns, Total: 2408015 ns
[2025-10-13T17:34:03.922-0700][1207][info ][safepoint   ] Safepoint "ICBufferFull", Time since last: 23562387 ns, Reaching safepoint: 947821 ns, Cleanup: 3606 ns, At safepoint: 1512113 ns, Total: 2463540 ns
[2025-10-13T17:34:03.932-0700][1207][info ][safepoint   ] Safepoint "ICBufferFull", Time since last: 3571883 ns, Reaching safepoint: 746908 ns, Cleanup: 2744 ns, At safepoint: 6181623 ns, Total: 6931275 ns
[2025-10-13T17:34:03.955-0700][1207][info ][safepoint   ] Safepoint "ICBufferFull", Time since last: 4018988 ns, Reaching safepoint: 860570 ns, Cleanup: 4176 ns, At safepoint: 17067029 ns, Total: 17931775 ns
[2025-10-13T17:34:03.979-0700][1207][info ][safepoint   ] Safepoint "ICBufferFull", Time since last: 1602400 ns, Reaching safepoint: 1202485 ns, Cleanup: 5098 ns, At safepoint: 22266830 ns, Total: 23474413 ns
[2025-10-13T17:34:03.998-0700][1207][info ][safepoint   ] Safepoint "ICBufferFull", Time since last: 16013479 ns, Reaching safepoint: 1005889 ns, Cleanup: 3595 ns, At safepoint: 1427976 ns, Total: 2437460 ns
[2025-10-13T17:34:04.019-0700][1207][info ][safepoint   ] Safepoint "ICBufferFull", Time since last: 312332 ns, Reaching safepoint: 752246 ns, Cleanup: 3605 ns, At safepoint: 19903973 ns, Total: 20659824 ns
[2025-10-13T17:34:04.039-0700][1207][info ][safepoint   ] Safepoint "ICBufferFull", Time since last: 18599944 ns, Reaching safepoint: 950825 ns, Cleanup: 4177 ns, At safepoint: 1083956 ns, Total: 2038958 ns
[2025-10-13T17:34:04.042-0700][1207][info ][safepoint   ] Safepoint "ICBufferFull", Time since last: 266032 ns, Reaching safepoint: 798425 ns, Cleanup: 2244 ns, At safepoint: 1406093 ns, Total: 2206762 ns
[2025-10-13T17:34:04.062-0700][1207][info ][safepoint   ] Safepoint "ICBufferFull", Time since last: 17878544 ns, Reaching safepoint: 803083 ns, Cleanup: 3625 ns, At safepoint: 1102165 ns, Total: 1908873 ns
[2025-10-13T17:34:04.089-0700][1207][info ][safepoint   ] Safepoint "ICBufferFull", Time since last: 8435126 ns, Reaching safepoint: 999719 ns, Cleanup: 3706 ns, At safepoint: 18263025 ns, Total: 19266450 ns
[2025-10-13T17:34:04.106-0700][1207][info ][safepoint   ] Safepoint "ICBufferFull", Time since last: 11990504 ns, Reaching safepoint: 1012469 ns, Cleanup: 3595 ns, At safepoint: 3603141 ns, Total: 4619205 ns
[2025-10-13T17:34:04.144-0700][1207][info ][safepoint   ] Safepoint "ICBufferFull", Time since last: 26132056 ns, Reaching safepoint: 915552 ns, Cleanup: 9795 ns, At safepoint: 10631803 ns, Total: 11557150 ns
[2025-10-13T17:34:04.157-0700][1207][info ][safepoint   ] Safepoint "ICBufferFull", Time since last: 8936753 ns, Reaching safepoint: 894741 ns, Cleanup: 12860 ns, At safepoint: 3861610 ns, Total: 4769211 ns
[2025-10-13T17:34:04.200-0700][1207][info ][safepoint   ] Safepoint "ICBufferFull", Time since last: 18446382 ns, Reaching safepoint: 942303 ns, Cleanup: 9845 ns, At safepoint: 23579813 ns, Total: 24531961 ns
[2025-10-13T17:34:04.214-0700][1207][info ][safepoint   ] Safepoint "ICBufferFull", Time since last: 6785405 ns, Reaching safepoint: 1014161 ns, Cleanup: 14632 ns, At safepoint: 5809602 ns, Total: 6838395 ns
[2025-10-13T17:34:04.226-0700][1207][info ][safepoint   ] Safepoint "ICBufferFull", Time since last: 397991 ns, Reaching safepoint: 979459 ns, Cleanup: 16004 ns, At safepoint: 10757202 ns, Total: 11752665 ns
[2025-10-13T17:34:04.268-0700][1207][info ][safepoint   ] Safepoint "ICBufferFull", Time since last: 17095002 ns, Reaching safepoint: 1331781 ns, Cleanup: 13119 ns, At safepoint: 23796671 ns, Total: 25141571 ns
[2025-10-13T17:34:04.308-0700][1207][info ][safepoint   ] Safepoint "ICBufferFull", Time since last: 12120621 ns, Reaching safepoint: 1033400 ns, Cleanup: 4647 ns, At safepoint: 26861287 ns, Total: 27899334 ns
[2025-10-13T17:34:04.328-0700][1207][info ][safepoint   ] Safepoint "ICBufferFull", Time since last: 12267643 ns, Reaching safepoint: 1124077 ns, Cleanup: 35033 ns, At safepoint: 6569800 ns, Total: 7728910 ns
[2025-10-13T17:34:04.335-0700][1207][info ][safepoint   ] Safepoint "ICBufferFull", Time since last: 437390 ns, Reaching safepoint: 1112570 ns, Cleanup: 17827 ns, At safepoint: 5110106 ns, Total: 6240503 ns
[2025-10-13T17:34:04.359-0700][1207][info ][safepoint   ] Safepoint "ICBufferFull", Time since last: 14400212 ns, Reaching safepoint: 1322607 ns, Cleanup: 30717 ns, At safepoint: 8751233 ns, Total: 10104557 ns
[2025-10-13T17:34:04.373-0700][1207][info ][safepoint   ] Safepoint "ICBufferFull", Time since last: 7799927 ns, Reaching safepoint: 1320063 ns, Cleanup: 18538 ns, At safepoint: 4883914 ns, Total: 6222515 ns
[2025-10-13T17:34:04.389-0700][1207][info ][safepoint   ] Safepoint "ICBufferFull", Time since last: 11933158 ns, Reaching safepoint: 1215686 ns, Cleanup: 15293 ns, At safepoint: 1999769 ns, Total: 3230748 ns
[2025-10-13T17:34:04.397-0700][1207][info ][safepoint   ] Safepoint "ICBufferFull", Time since last: 4361906 ns, Reaching safepoint: 1150537 ns, Cleanup: 3596 ns, At safepoint: 2823964 ns, Total: 3978097 ns
[2025-10-13T17:34:04.402-0700][1207][info ][safepoint   ] Safepoint "ICBufferFull", Time since last: 916944 ns, Reaching safepoint: 756002 ns, Cleanup: 3485 ns, At safepoint: 3474806 ns, Total: 4234293 ns
[2025-10-13T17:34:04.405-0700][1207][info ][safepoint   ] Safepoint "ICBufferFull", Time since last: 283118 ns, Reaching safepoint: 871936 ns, Cleanup: 2674 ns, At safepoint: 1566386 ns, Total: 2440996 ns
[2025-10-13T17:34:04.422-0700][1207][info ][safepoint   ] Safepoint "ICBufferFull", Time since last: 15383827 ns, Reaching safepoint: 859278 ns, Cleanup: 3916 ns, At safepoint: 1365782 ns, Total: 2228976 ns
[2025-10-13T17:34:04.432-0700][1207][info ][safepoint   ] Safepoint "ICBufferFull", Time since last: 6784013 ns, Reaching safepoint: 856303 ns, Cleanup: 3475 ns, At safepoint: 2373544 ns, Total: 3233322 ns
[2025-10-13T17:34:04.441-0700][1207][info ][safepoint   ] Safepoint "ICBufferFull", Time since last: 2534987 ns, Reaching safepoint: 832007 ns, Cleanup: 3825 ns, At safepoint: 5327514 ns, Total: 6163346 ns
[2025-10-13T17:34:04.462-0700][1207][info ][safepoint   ] Safepoint "ICBufferFull", Time since last: 1001673 ns, Reaching safepoint: 1000530 ns, Cleanup: 3966 ns, At safepoint: 19173861 ns, Total: 20178357 ns
[2025-10-13T17:34:04.475-0700][1207][info ][safepoint   ] Safepoint "ICBufferFull", Time since last: 3924265 ns, Reaching safepoint: 1239171 ns, Cleanup: 4176 ns, At safepoint: 7893629 ns, Total: 9136976 ns
[2025-10-13T17:34:04.486-0700][1207][info ][safepoint   ] Safepoint "ICBufferFull", Time since last: 8643260 ns, Reaching safepoint: 1033060 ns, Cleanup: 4076 ns, At safepoint: 1187603 ns, Total: 2224739 ns
[2025-10-13T17:34:04.517-0700][1207][info ][safepoint   ] Safepoint "ICBufferFull", Time since last: 418783 ns, Reaching safepoint: 762521 ns, Cleanup: 16745 ns, At safepoint: 29896190 ns, Total: 30675456 ns
[2025-10-13T17:34:04.536-0700][1207][info ][safepoint   ] Safepoint "ICBufferFull", Time since last: 8217718 ns, Reaching safepoint: 1172971 ns, Cleanup: 18828 ns, At safepoint: 9016775 ns, Total: 10208574 ns
[2025-10-13T17:34:04.544-0700][1207][info ][safepoint   ] Safepoint "ICBufferFull", Time since last: 4120882 ns, Reaching safepoint: 1357379 ns, Cleanup: 20321 ns, At safepoint: 3046980 ns, Total: 4424680 ns
[2025-10-13T17:34:04.581-0700][1207][info ][safepoint   ] Safepoint "ICBufferFull", Time since last: 12004235 ns, Reaching safepoint: 1051328 ns, Cleanup: 9825 ns, At safepoint: 23600223 ns, Total: 24661376 ns
[2025-10-13T17:34:04.601-0700][1207][info ][safepoint   ] Safepoint "ICBufferFull", Time since last: 7153832 ns, Reaching safepoint: 1172961 ns, Cleanup: 16585 ns, At safepoint: 11664903 ns, Total: 12854449 ns
[2025-10-13T17:34:04.616-0700][1207][info ][safepoint   ] Safepoint "ICBufferFull", Time since last: 8684973 ns, Reaching safepoint: 1062294 ns, Cleanup: 4286 ns, At safepoint: 5451041 ns, Total: 6517621 ns
[2025-10-13T17:34:04.637-0700][1207][info ][safepoint   ] Safepoint "ICBufferFull", Time since last: 4060871 ns, Reaching safepoint: 1085008 ns, Cleanup: 4838 ns, At safepoint: 16009152 ns, Total: 17098998 ns
[2025-10-13T17:34:04.649-0700][1207][info ][safepoint   ] Safepoint "ICBufferFull", Time since last: 264820 ns, Reaching safepoint: 1066961 ns, Cleanup: 34952 ns, At safepoint: 10274444 ns, Total: 11376357 ns
[2025-10-13T17:34:04.670-0700][1207][info ][safepoint   ] Safepoint "ICBufferFull", Time since last: 2861049 ns, Reaching safepoint: 1119180 ns, Cleanup: 14312 ns, At safepoint: 17409256 ns, Total: 18542748 ns
[2025-10-13T17:34:04.687-0700][1207][info ][safepoint   ] Safepoint "ICBufferFull", Time since last: 892017 ns, Reaching safepoint: 1123867 ns, Cleanup: 12458 ns, At safepoint: 14216085 ns, Total: 15352410 ns
[2025-10-13T17:34:04.698-0700][1207][info ][safepoint   ] Safepoint "ICBufferFull", Time since last: 574718 ns, Reaching safepoint: 1123787 ns, Cleanup: 19008 ns, At safepoint: 9247092 ns, Total: 10389887 ns
[2025-10-13T17:34:04.712-0700][1207][info ][safepoint   ] Safepoint "ICBufferFull", Time since last: 5300073 ns, Reaching safepoint: 1101072 ns, Cleanup: 3976 ns, At safepoint: 8040270 ns, Total: 9145318 ns
[2025-10-13T17:34:04.716-0700][1207][info ][safepoint   ] Safepoint "ICBufferFull", Time since last: 780278 ns, Reaching safepoint: 1196136 ns, Cleanup: 5028 ns, At safepoint: 1770163 ns, Total: 2971327 ns
[2025-10-13T17:34:04.759-0700][1207][info ][safepoint   ] Safepoint "ICBufferFull", Time since last: 15823872 ns, Reaching safepoint: 1442568 ns, Cleanup: 10656 ns, At safepoint: 25540614 ns, Total: 26993838 ns
[2025-10-13T17:34:04.772-0700][1207][info ][safepoint   ] Safepoint "ICBufferFull", Time since last: 162034 ns, Reaching safepoint: 1114814 ns, Cleanup: 12699 ns, At safepoint: 11683510 ns, Total: 12811023 ns
[2025-10-13T17:34:04.783-0700][1207][info ][safepoint   ] Safepoint "ICBufferFull", Time since last: 4877054 ns, Reaching safepoint: 1216297 ns, Cleanup: 4707 ns, At safepoint: 5244759 ns, Total: 6465763 ns
[2025-10-13T17:34:04.795-0700][1207][info ][safepoint   ] Safepoint "ICBufferFull", Time since last: 7955852 ns, Reaching safepoint: 997727 ns, Cleanup: 10045 ns, At safepoint: 2953159 ns, Total: 3960931 ns
[2025-10-13T17:34:04.807-0700][1207][info ][safepoint   ] Safepoint "ICBufferFull", Time since last: 1109946 ns, Reaching safepoint: 888722 ns, Cleanup: 7942 ns, At safepoint: 10336236 ns, Total: 11232900 ns
[2025-10-13T17:34:04.837-0700][1207][info ][safepoint   ] Safepoint "ICBufferFull", Time since last: 4005798 ns, Reaching safepoint: 9159009 ns, Cleanup: 9475 ns, At safepoint: 16831323 ns, Total: 25999807 ns
[2025-10-13T17:34:04.848-0700][1207][info ][safepoint   ] Safepoint "ICBufferFull", Time since last: 3307785 ns, Reaching safepoint: 1239331 ns, Cleanup: 27712 ns, At safepoint: 6157377 ns, Total: 7424420 ns
[2025-10-13T17:34:04.858-0700][1207][info ][safepoint   ] Safepoint "ICBufferFull", Time since last: 383969 ns, Reaching safepoint: 1005709 ns, Cleanup: 9214 ns, At safepoint: 8660266 ns, Total: 9675189 ns
[2025-10-13T17:34:04.902-0700][1207][info ][safepoint   ] Safepoint "ICBufferFull", Time since last: 14307663 ns, Reaching safepoint: 19025937 ns, Cleanup: 10165 ns, At safepoint: 10933158 ns, Total: 29969260 ns
[2025-10-13T17:34:04.963-0700][1207][info ][safepoint   ] Safepoint "ICBufferFull", Time since last: 404791 ns, Reaching safepoint: 22178167 ns, Cleanup: 4346 ns, At safepoint: 38174609 ns, Total: 60357122 ns
[2025-10-13T17:34:04.998-0700][1207][info ][safepoint   ] Safepoint "ICBufferFull", Time since last: 7173462 ns, Reaching safepoint: 4944425 ns, Cleanup: 4317 ns, At safepoint: 23313861 ns, Total: 28262603 ns
[2025-10-13T17:34:05.032-0700][1207][info ][safepoint   ] Safepoint "ICBufferFull", Time since last: 11075432 ns, Reaching safepoint: 1473445 ns, Cleanup: 10446 ns, At safepoint: 21385119 ns, Total: 22869010 ns
[2025-10-13T17:34:05.087-0700][1207][info ][safepoint   ] Safepoint "ICBufferFull", Time since last: 12795991 ns, Reaching safepoint: 19367482 ns, Cleanup: 14452 ns, At safepoint: 22201191 ns, Total: 41583125 ns
[2025-10-13T17:34:05.136-0700][1207][info ][safepoint   ] Safepoint "ICBufferFull", Time since last: 8408967 ns, Reaching safepoint: 10572764 ns, Cleanup: 4997 ns, At safepoint: 29759974 ns, Total: 40337735 ns
[2025-10-13T17:34:05.350-0700][1207][info ][gc,start    ] GC(29) Pause Young (Normal) (G1 Evacuation Pause)
[2025-10-13T17:34:05.350-0700][1207][info ][gc,task     ] GC(29) Using 113 workers of 113 for evacuation
[2025-10-13T17:34:05.362-0700][1207][debug][gc,remset   ] GC(29) Visited cards 5194752 Total dirty 11534336 (45.04%) Total old 49545216 (10.48%)
[2025-10-13T17:34:05.438-0700][1207][info ][gc,phases   ] GC(29)   Pre Evacuate Collection Set: 0.7ms
[2025-10-13T17:34:05.438-0700][1207][info ][gc,phases   ] GC(29)   Merge Heap Roots: 10.9ms
[2025-10-13T17:34:05.438-0700][1207][info ][gc,phases   ] GC(29)   Evacuate Collection Set: 71.5ms
[2025-10-13T17:34:05.438-0700][1207][info ][gc,phases   ] GC(29)   Post Evacuate Collection Set: 5.3ms
[2025-10-13T17:34:05.438-0700][1207][info ][gc,phases   ] GC(29)   Other: 0.1ms
[2025-10-13T17:34:05.438-0700][1207][debug][gc,remset   ] GC(29) Coarsening (recent): Inline->AoC 1197 (0) AoC->Howl 14 (0) Howl->Full 0 (0) Inline->AoC 30 (0) AoC->BitMap 12 (0) BitMap->Full 0 (0) 
[2025-10-13T17:34:05.438-0700][1207][debug][gc,remset   ] GC(29) Coarsening (all): Inline->AoC 3442 (0) AoC->Howl 240 (0) Howl->Full 0 (0) Inline->AoC 1455 (0) AoC->BitMap 216 (0) BitMap->Full 0 (0) 
[2025-10-13T17:34:05.438-0700][1207][info ][gc,heap     ] GC(29) Eden regions: 252->0(252)
[2025-10-13T17:34:05.439-0700][1207][info ][gc,heap     ] GC(29) Survivor regions: 36->36(36)
[2025-10-13T17:34:05.439-0700][1207][info ][gc,heap     ] GC(29) Old regions: 180->201
[2025-10-13T17:34:05.439-0700][1207][info ][gc,heap     ] GC(29) Humongous regions: 0->0
[2025-10-13T17:34:05.439-0700][1207][info ][gc,metaspace] GC(29) Metaspace: 279074K(282624K)->279074K(282624K) NonClass: 244605K(246656K)->244605K(246656K) Class: 34469K(35968K)->34469K(35968K)
[2025-10-13T17:34:05.439-0700][1207][info ][gc          ] GC(29) Pause Young (Normal) (G1 Evacuation Pause) 14958M->7584M(184320M) 88.648ms
[2025-10-13T17:34:05.440-0700][1207][info ][gc,cpu      ] GC(29) User=4.94s Sys=0.03s Real=0.10s
[2025-10-13T17:34:05.446-0700][1207][info ][safepoint   ] Safepoint "G1CollectForAllocation", Time since last: 211472680 ns, Reaching safepoint: 1023666 ns, Cleanup: 93701 ns, At safepoint: 97875591 ns, Total: 98992958 ns
[2025-10-13T17:34:06.452-0700][1207][info ][safepoint   ] Safepoint "Cleanup", Time since last: 1003190233 ns, Reaching safepoint: 1045869 ns, Cleanup: 144769 ns, At safepoint: 1774749 ns, Total: 2965387 ns
[2025-10-13T17:34:07.230-0700][1207][info ][gc,start    ] GC(30) Pause Young (Normal) (G1 Evacuation Pause)
[2025-10-13T17:34:07.230-0700][1207][info ][gc,task     ] GC(30) Using 113 workers of 113 for evacuation
[2025-10-13T17:34:07.239-0700][1207][debug][gc,remset   ] GC(30) Visited cards 5932032 Total dirty 12845056 (46.18%) Total old 50921472 (11.65%)
[2025-10-13T17:34:07.354-0700][1207][info ][gc,phases   ] GC(30)   Pre Evacuate Collection Set: 0.7ms
[2025-10-13T17:34:07.354-0700][1207][info ][gc,phases   ] GC(30)   Merge Heap Roots: 8.6ms
[2025-10-13T17:34:07.354-0700][1207][info ][gc,phases   ] GC(30)   Evacuate Collection Set: 108.6ms
[2025-10-13T17:34:07.354-0700][1207][info ][gc,phases   ] GC(30)   Post Evacuate Collection Set: 5.9ms
[2025-10-13T17:34:07.354-0700][1207][info ][gc,phases   ] GC(30)   Other: 0.1ms
[2025-10-13T17:34:07.354-0700][1207][debug][gc,remset   ] GC(30) Coarsening (recent): Inline->AoC 0 (0) AoC->Howl 0 (0) Howl->Full 0 (0) Inline->AoC 0 (0) AoC->BitMap 0 (0) BitMap->Full 0 (0) 
[2025-10-13T17:34:07.354-0700][1207][debug][gc,remset   ] GC(30) Coarsening (all): Inline->AoC 3442 (0) AoC->Howl 240 (0) Howl->Full 0 (0) Inline->AoC 1455 (0) AoC->BitMap 216 (0) BitMap->Full 0 (0) 
[2025-10-13T17:34:07.354-0700][1207][info ][gc,heap     ] GC(30) Eden regions: 252->0(252)
[2025-10-13T17:34:07.354-0700][1207][info ][gc,heap     ] GC(30) Survivor regions: 36->36(36)
[2025-10-13T17:34:07.354-0700][1207][info ][gc,heap     ] GC(30) Old regions: 201->230
[2025-10-13T17:34:07.354-0700][1207][info ][gc,heap     ] GC(30) Humongous regions: 0->0
[2025-10-13T17:34:07.354-0700][1207][info ][gc,metaspace] GC(30) Metaspace: 279283K(282816K)->279283K(282816K) NonClass: 244796K(246848K)->244796K(246848K) Class: 34486K(35968K)->34486K(35968K)
[2025-10-13T17:34:07.354-0700][1207][info ][gc          ] GC(30) Pause Young (Normal) (G1 Evacuation Pause) 15648M->8487M(184320M) 124.060ms
[2025-10-13T17:34:07.355-0700][1207][info ][gc,cpu      ] GC(30) User=5.64s Sys=0.12s Real=0.13s
[2025-10-13T17:34:07.357-0700][1207][info ][safepoint   ] Safepoint "G1CollectForAllocation", Time since last: 774802213 ns, Reaching safepoint: 873589 ns, Cleanup: 100372 ns, At safepoint: 128649386 ns, Total: 129623347 ns
[2025-10-13T17:34:07.956-0700][1207][info ][safepoint   ] Safepoint "ICBufferFull", Time since last: 597640519 ns, Reaching safepoint: 913890 ns, Cleanup: 219351 ns, At safepoint: 550351 ns, Total: 1683592 ns
[2025-10-13T17:34:07.963-0700][1207][info ][gc,start    ] GC(31) Pause Young (Normal) (G1 Evacuation Pause)
[2025-10-13T17:34:07.963-0700][1207][info ][gc,task     ] GC(31) Using 113 workers of 113 for evacuation
[2025-10-13T17:34:07.973-0700][1207][debug][gc,remset   ] GC(31) Visited cards 6806016 Total dirty 14745600 (46.16%) Total old 52822016 (12.88%)
[2025-10-13T17:34:08.054-0700][1207][info ][gc,phases   ] GC(31)   Pre Evacuate Collection Set: 0.7ms
[2025-10-13T17:34:08.054-0700][1207][info ][gc,phases   ] GC(31)   Merge Heap Roots: 9.8ms
[2025-10-13T17:34:08.054-0700][1207][info ][gc,phases   ] GC(31)   Evacuate Collection Set: 74.7ms
[2025-10-13T17:34:08.054-0700][1207][info ][gc,phases   ] GC(31)   Post Evacuate Collection Set: 5.6ms
[2025-10-13T17:34:08.054-0700][1207][info ][gc,phases   ] GC(31)   Other: 0.1ms
[2025-10-13T17:34:08.054-0700][1207][debug][gc,remset   ] GC(31) Coarsening (recent): Inline->AoC 0 (0) AoC->Howl 0 (0) Howl->Full 0 (0) Inline->AoC 0 (0) AoC->BitMap 0 (0) BitMap->Full 0 (0) 
[2025-10-13T17:34:08.054-0700][1207][debug][gc,remset   ] GC(31) Coarsening (all): Inline->AoC 3442 (0) AoC->Howl 240 (0) Howl->Full 0 (0) Inline->AoC 1455 (0) AoC->BitMap 216 (0) BitMap->Full 0 (0) 
[2025-10-13T17:34:08.054-0700][1207][info ][gc,heap     ] GC(31) Eden regions: 252->0(252)
[2025-10-13T17:34:08.054-0700][1207][info ][gc,heap     ] GC(31) Survivor regions: 36->36(36)
[2025-10-13T17:34:08.054-0700][1207][info ][gc,heap     ] GC(31) Old regions: 230->250
[2025-10-13T17:34:08.054-0700][1207][info ][gc,heap     ] GC(31) Humongous regions: 0->0
[2025-10-13T17:34:08.054-0700][1207][info ][gc,metaspace] GC(31) Metaspace: 279573K(283072K)->279573K(283072K) NonClass: 245080K(247104K)->245080K(247104K) Class: 34493K(35968K)->34493K(35968K)
[2025-10-13T17:34:08.054-0700][1207][info ][gc          ] GC(31) Pause Young (Normal) (G1 Evacuation Pause) 16551M->9122M(184320M) 91.017ms
[2025-10-13T17:34:08.056-0700][1207][info ][gc,cpu      ] GC(31) User=4.72s Sys=0.04s Real=0.09s
[2025-10-13T17:34:08.057-0700][1207][info ][safepoint   ] Safepoint "G1CollectForAllocation", Time since last: 4472183 ns, Reaching safepoint: 719506 ns, Cleanup: 12649 ns, At safepoint: 95576149 ns, Total: 96308304 ns
[2025-10-13T17:34:08.205-0700][1207][info ][safepoint   ] Safepoint "ICBufferFull", Time since last: 147599368 ns, Reaching safepoint: 748861 ns, Cleanup: 196567 ns, At safepoint: 184549 ns, Total: 1129977 ns
[2025-10-13T17:34:08.206-0700][1207][info ][safepoint   ] Safepoint "ICBufferFull", Time since last: 53300 ns, Reaching safepoint: 482869 ns, Cleanup: 1552 ns, At safepoint: 146602 ns, Total: 631023 ns
[2025-10-13T17:34:08.356-0700][1207][info ][safepoint   ] Safepoint "ICBufferFull", Time since last: 148654721 ns, Reaching safepoint: 723803 ns, Cleanup: 187043 ns, At safepoint: 146261 ns, Total: 1057107 ns
[2025-10-13T17:34:08.356-0700][1207][info ][safepoint   ] Safepoint "ICBufferFull", Time since last: 61032 ns, Reaching safepoint: 333663 ns, Cleanup: 511 ns, At safepoint: 145230 ns, Total: 479404 ns
[2025-10-13T17:34:08.471-0700][1207][info ][safepoint   ] Safepoint "ICBufferFull", Time since last: 113194961 ns, Reaching safepoint: 921081 ns, Cleanup: 162615 ns, At safepoint: 615570 ns, Total: 1699266 ns
[2025-10-13T17:34:08.566-0700][1207][info ][safepoint   ] Safepoint "ICBufferFull", Time since last: 93732155 ns, Reaching safepoint: 822181 ns, Cleanup: 144538 ns, At safepoint: 439404 ns, Total: 1406123 ns
[2025-10-13T17:34:08.678-0700][1207][info ][gc,start    ] GC(32) Pause Young (Normal) (G1 Evacuation Pause)
[2025-10-13T17:34:08.678-0700][1207][info ][gc,task     ] GC(32) Using 113 workers of 113 for evacuation
[2025-10-13T17:34:08.689-0700][1207][debug][gc,remset   ] GC(32) Visited cards 7187456 Total dirty 15925248 (45.13%) Total old 54132736 (13.28%)
[2025-10-13T17:34:08.791-0700][1207][info ][gc,phases   ] GC(32)   Pre Evacuate Collection Set: 0.6ms
[2025-10-13T17:34:08.791-0700][1207][info ][gc,phases   ] GC(32)   Merge Heap Roots: 10.1ms
[2025-10-13T17:34:08.791-0700][1207][info ][gc,phases   ] GC(32)   Evacuate Collection Set: 97.2ms
[2025-10-13T17:34:08.791-0700][1207][info ][gc,phases   ] GC(32)   Post Evacuate Collection Set: 4.9ms
[2025-10-13T17:34:08.791-0700][1207][info ][gc,phases   ] GC(32)   Other: 0.1ms
[2025-10-13T17:34:08.792-0700][1207][debug][gc,remset   ] GC(32) Coarsening (recent): Inline->AoC 0 (0) AoC->Howl 0 (0) Howl->Full 0 (0) Inline->AoC 0 (0) AoC->BitMap 0 (0) BitMap->Full 0 (0) 
[2025-10-13T17:34:08.792-0700][1207][debug][gc,remset   ] GC(32) Coarsening (all): Inline->AoC 3442 (0) AoC->Howl 240 (0) Howl->Full 0 (0) Inline->AoC 1455 (0) AoC->BitMap 216 (0) BitMap->Full 0 (0) 
[2025-10-13T17:34:08.792-0700][1207][info ][gc,heap     ] GC(32) Eden regions: 252->0(255)
[2025-10-13T17:34:08.792-0700][1207][info ][gc,heap     ] GC(32) Survivor regions: 36->33(36)
[2025-10-13T17:34:08.792-0700][1207][info ][gc,heap     ] GC(32) Old regions: 250->268
[2025-10-13T17:34:08.792-0700][1207][info ][gc,heap     ] GC(32) Humongous regions: 0->0
[2025-10-13T17:34:08.792-0700][1207][info ][gc,metaspace] GC(32) Metaspace: 280756K(284352K)->280756K(284352K) NonClass: 246206K(248256K)->246206K(248256K) Class: 34549K(36096K)->34549K(36096K)
[2025-10-13T17:34:08.792-0700][1207][info ][gc          ] GC(32) Pause Young (Normal) (G1 Evacuation Pause) 17186M->9616M(184320M) 113.130ms
[2025-10-13T17:34:08.793-0700][1207][info ][gc,cpu      ] GC(32) User=4.14s Sys=0.13s Real=0.12s
[2025-10-13T17:34:08.794-0700][1207][info ][safepoint   ] Safepoint "G1CollectForAllocation", Time since last: 109294382 ns, Reaching safepoint: 950785 ns, Cleanup: 90377 ns, At safepoint: 117648486 ns, Total: 118689648 ns
[2025-10-13T17:34:09.046-0700][1207][info ][safepoint   ] Safepoint "ICBufferFull", Time since last: 249649392 ns, Reaching safepoint: 854510 ns, Cleanup: 203027 ns, At safepoint: 980260 ns, Total: 2037797 ns
[2025-10-13T17:34:09.465-0700][1207][info ][safepoint   ] Safepoint "ICBufferFull", Time since last: 417417492 ns, Reaching safepoint: 834150 ns, Cleanup: 207513 ns, At safepoint: 877706 ns, Total: 1919369 ns
[2025-10-13T17:34:09.475-0700][1207][info ][safepoint   ] Safepoint "ICBufferFull", Time since last: 90406 ns, Reaching safepoint: 426013 ns, Cleanup: 5208 ns, At safepoint: 9306241 ns, Total: 9737462 ns
[2025-10-13T17:34:09.482-0700][1207][info ][safepoint   ] Safepoint "ICBufferFull", Time since last: 2023486 ns, Reaching safepoint: 875141 ns, Cleanup: 26650 ns, At safepoint: 4218900 ns, Total: 5120691 ns
[2025-10-13T17:34:09.504-0700][1207][info ][gc,start    ] GC(33) Pause Young (Normal) (G1 Evacuation Pause)
[2025-10-13T17:34:09.505-0700][1207][info ][gc,task     ] GC(33) Using 113 workers of 113 for evacuation
[2025-10-13T17:34:09.514-0700][1207][debug][gc,remset   ] GC(33) Visited cards 7054336 Total dirty 16908288 (41.72%) Total old 55312384 (12.75%)
[2025-10-13T17:34:09.616-0700][1207][info ][gc,phases   ] GC(33)   Pre Evacuate Collection Set: 0.7ms
[2025-10-13T17:34:09.616-0700][1207][info ][gc,phases   ] GC(33)   Merge Heap Roots: 8.7ms
[2025-10-13T17:34:09.616-0700][1207][info ][gc,phases   ] GC(33)   Evacuate Collection Set: 97.7ms
[2025-10-13T17:34:09.616-0700][1207][info ][gc,phases   ] GC(33)   Post Evacuate Collection Set: 4.0ms
[2025-10-13T17:34:09.616-0700][1207][info ][gc,phases   ] GC(33)   Other: 0.1ms
[2025-10-13T17:34:09.616-0700][1207][debug][gc,remset   ] GC(33) Coarsening (recent): Inline->AoC 0 (0) AoC->Howl 0 (0) Howl->Full 0 (0) Inline->AoC 0 (0) AoC->BitMap 0 (0) BitMap->Full 0 (0) 
[2025-10-13T17:34:09.616-0700][1207][debug][gc,remset   ] GC(33) Coarsening (all): Inline->AoC 3442 (0) AoC->Howl 240 (0) Howl->Full 0 (0) Inline->AoC 1455 (0) AoC->BitMap 216 (0) BitMap->Full 0 (0) 
[2025-10-13T17:34:09.616-0700][1207][info ][gc,heap     ] GC(33) Eden regions: 255->0(252)
[2025-10-13T17:34:09.616-0700][1207][info ][gc,heap     ] GC(33) Survivor regions: 33->36(36)
[2025-10-13T17:34:09.616-0700][1207][info ][gc,heap     ] GC(33) Old regions: 268->286
[2025-10-13T17:34:09.616-0700][1207][info ][gc,heap     ] GC(33) Humongous regions: 0->0
[2025-10-13T17:34:09.616-0700][1207][info ][gc,metaspace] GC(33) Metaspace: 281788K(285504K)->281788K(285504K) NonClass: 247165K(249280K)->247165K(249280K) Class: 34622K(36224K)->34622K(36224K)
[2025-10-13T17:34:09.616-0700][1207][info ][gc          ] GC(33) Pause Young (Normal) (G1 Evacuation Pause) 17776M->10293M(184320M) 111.422ms
[2025-10-13T17:34:09.618-0700][1207][info ][gc,cpu      ] GC(33) User=3.79s Sys=0.21s Real=0.11s
[2025-10-13T17:34:09.619-0700][1207][info ][safepoint   ] Safepoint "G1CollectForAllocation", Time since last: 19594115 ns, Reaching safepoint: 800549 ns, Cleanup: 45919 ns, At safepoint: 116399220 ns, Total: 117245688 ns
[2025-10-13T17:34:09.962-0700][1207][info ][safepoint   ] Safepoint "ICBufferFull", Time since last: 340991238 ns, Reaching safepoint: 838326 ns, Cleanup: 213963 ns, At safepoint: 803813 ns, Total: 1856102 ns
[2025-10-13T17:34:09.974-0700][1207][info ][safepoint   ] Safepoint "ICBufferFull", Time since last: 7155955 ns, Reaching safepoint: 814089 ns, Cleanup: 12739 ns, At safepoint: 4161273 ns, Total: 4988101 ns
[2025-10-13T17:34:10.273-0700][1207][info ][safepoint   ] Safepoint "ICBufferFull", Time since last: 293099527 ns, Reaching safepoint: 4879968 ns, Cleanup: 201294 ns, At safepoint: 969334 ns, Total: 6050596 ns
[2025-10-13T17:34:10.315-0700][1207][info ][gc,start    ] GC(34) Pause Young (Normal) (G1 Evacuation Pause)
[2025-10-13T17:34:10.315-0700][1207][info ][gc,task     ] GC(34) Using 113 workers of 113 for evacuation
[2025-10-13T17:34:10.325-0700][1207][debug][gc,remset   ] GC(34) Visited cards 7258624 Total dirty 17956864 (40.42%) Total old 56492032 (12.85%)
[2025-10-13T17:34:10.438-0700][1207][info ][gc,phases   ] GC(34)   Pre Evacuate Collection Set: 0.6ms
[2025-10-13T17:34:10.438-0700][1207][info ][gc,phases   ] GC(34)   Merge Heap Roots: 8.8ms
[2025-10-13T17:34:10.438-0700][1207][info ][gc,phases   ] GC(34)   Evacuate Collection Set: 108.9ms
[2025-10-13T17:34:10.438-0700][1207][info ][gc,phases   ] GC(34)   Post Evacuate Collection Set: 4.5ms
[2025-10-13T17:34:10.438-0700][1207][info ][gc,phases   ] GC(34)   Other: 0.1ms
[2025-10-13T17:34:10.438-0700][1207][debug][gc,remset   ] GC(34) Coarsening (recent): Inline->AoC 0 (0) AoC->Howl 0 (0) Howl->Full 0 (0) Inline->AoC 0 (0) AoC->BitMap 0 (0) BitMap->Full 0 (0) 
[2025-10-13T17:34:10.438-0700][1207][debug][gc,remset   ] GC(34) Coarsening (all): Inline->AoC 3442 (0) AoC->Howl 240 (0) Howl->Full 0 (0) Inline->AoC 1455 (0) AoC->BitMap 216 (0) BitMap->Full 0 (0) 
[2025-10-13T17:34:10.438-0700][1207][info ][gc,heap     ] GC(34) Eden regions: 252->0(252)
[2025-10-13T17:34:10.438-0700][1207][info ][gc,heap     ] GC(34) Survivor regions: 36->36(36)
[2025-10-13T17:34:10.438-0700][1207][info ][gc,heap     ] GC(34) Old regions: 286->306
[2025-10-13T17:34:10.438-0700][1207][info ][gc,heap     ] GC(34) Humongous regions: 0->0
[2025-10-13T17:34:10.438-0700][1207][info ][gc,metaspace] GC(34) Metaspace: 282656K(286400K)->282656K(286400K) NonClass: 248002K(250112K)->248002K(250112K) Class: 34653K(36288K)->34653K(36288K)
[2025-10-13T17:34:10.438-0700][1207][info ][gc          ] GC(34) Pause Young (Normal) (G1 Evacuation Pause) 18357M->10928M(184320M) 123.096ms
[2025-10-13T17:34:10.440-0700][1207][info ][gc,cpu      ] GC(34) User=3.70s Sys=0.07s Real=0.12s
[2025-10-13T17:34:10.442-0700][1207][info ][safepoint   ] Safepoint "G1CollectForAllocation", Time since last: 29981979 ns, Reaching safepoint: 10291479 ns, Cleanup: 26350 ns, At safepoint: 127922428 ns, Total: 138240257 ns
[2025-10-13T17:34:10.743-0700][1207][info ][safepoint   ] Safepoint "ICBufferFull", Time since last: 285228433 ns, Reaching safepoint: 14601486 ns, Cleanup: 170818 ns, At safepoint: 923254 ns, Total: 15695558 ns
[2025-10-13T17:34:10.822-0700][1207][info ][gc,start    ] GC(35) Pause Young (Concurrent Start) (CodeCache GC Threshold)
[2025-10-13T17:34:10.822-0700][1207][info ][gc,task     ] GC(35) Using 113 workers of 113 for evacuation
[2025-10-13T17:34:10.831-0700][1207][debug][gc,remset   ] GC(35) Visited cards 7333888 Total dirty 19464192 (37.68%) Total old 44826624 (16.36%)
[2025-10-13T17:34:10.923-0700][1207][info ][gc,phases   ] GC(35)   Pre Evacuate Collection Set: 1.0ms
[2025-10-13T17:34:10.923-0700][1207][info ][gc,phases   ] GC(35)   Merge Heap Roots: 8.4ms
[2025-10-13T17:34:10.923-0700][1207][info ][gc,phases   ] GC(35)   Evacuate Collection Set: 87.5ms
[2025-10-13T17:34:10.923-0700][1207][info ][gc,phases   ] GC(35)   Post Evacuate Collection Set: 4.0ms
[2025-10-13T17:34:10.923-0700][1207][info ][gc,phases   ] GC(35)   Other: 0.1ms
[2025-10-13T17:34:10.923-0700][1207][debug][gc,remset   ] GC(35) Coarsening (recent): Inline->AoC 0 (0) AoC->Howl 0 (0) Howl->Full 0 (0) Inline->AoC 0 (0) AoC->BitMap 0 (0) BitMap->Full 0 (0) 
[2025-10-13T17:34:10.923-0700][1207][debug][gc,remset   ] GC(35) Coarsening (all): Inline->AoC 3442 (0) AoC->Howl 240 (0) Howl->Full 0 (0) Inline->AoC 1455 (0) AoC->BitMap 216 (0) BitMap->Full 0 (0) 
[2025-10-13T17:34:10.923-0700][1207][info ][gc,heap     ] GC(35) Eden regions: 153->0(257)
[2025-10-13T17:34:10.923-0700][1207][info ][gc,heap     ] GC(35) Survivor regions: 36->31(36)
[2025-10-13T17:34:10.923-0700][1207][info ][gc,heap     ] GC(35) Old regions: 306->323
[2025-10-13T17:34:10.923-0700][1207][info ][gc,heap     ] GC(35) Humongous regions: 0->0
[2025-10-13T17:34:10.923-0700][1207][info ][gc,metaspace] GC(35) Metaspace: 283232K(287040K)->283232K(287040K) NonClass: 248526K(250688K)->248526K(250688K) Class: 34705K(36352K)->34705K(36352K)
[2025-10-13T17:34:10.923-0700][1207][info ][gc          ] GC(35) Pause Young (Concurrent Start) (CodeCache GC Threshold) 15823M->11273M(184320M) 101.218ms
[2025-10-13T17:34:10.923-0700][1090][info ][gc          ] GC(36) Concurrent Mark Cycle
[2025-10-13T17:34:10.923-0700][1090][info ][gc,marking  ] GC(36) Concurrent Scan Root Regions
[2025-10-13T17:34:10.925-0700][1207][info ][gc,cpu      ] GC(35) User=3.15s Sys=0.12s Real=0.10s
[2025-10-13T17:34:10.926-0700][1207][info ][safepoint   ] Safepoint "G1TryInitiateConcMark", Time since last: 76726919 ns, Reaching safepoint: 810374 ns, Cleanup: 71658 ns, At safepoint: 106293501 ns, Total: 107175533 ns
[2025-10-13T17:34:10.942-0700][1090][info ][gc,marking  ] GC(36) Concurrent Scan Root Regions 18.239ms
[2025-10-13T17:34:10.942-0700][1090][info ][gc,marking  ] GC(36) Concurrent Mark
[2025-10-13T17:34:10.942-0700][1090][info ][gc,marking  ] GC(36) Concurrent Mark From Roots
[2025-10-13T17:34:10.942-0700][1090][info ][gc,task     ] GC(36) Using 36 workers of 36 for marking
[2025-10-13T17:34:11.085-0700][1207][info ][safepoint   ] Safepoint "ICBufferFull", Time since last: 157092762 ns, Reaching safepoint: 1317209 ns, Cleanup: 211740 ns, At safepoint: 442208 ns, Total: 1971157 ns
[2025-10-13T17:34:11.108-0700][1090][info ][gc,marking  ] GC(36) Concurrent Mark From Roots 166.413ms
[2025-10-13T17:34:11.108-0700][1090][info ][gc,marking  ] GC(36) Concurrent Preclean
[2025-10-13T17:34:11.113-0700][1090][info ][gc,marking  ] GC(36) Concurrent Preclean 5.005ms
[2025-10-13T17:34:11.116-0700][1207][info ][gc,start    ] GC(36) Pause Remark
[2025-10-13T17:34:11.475-0700][1207][info ][gc,mmu      ] GC(36) MMU target violated: 201.0ms (200.0ms/201.0ms)
[2025-10-13T17:34:11.475-0700][1207][info ][gc          ] GC(36) Pause Remark 13922M->13890M(184320M) 358.871ms
[2025-10-13T17:34:11.477-0700][1207][info ][gc,cpu      ] GC(36) User=12.56s Sys=0.12s Real=0.36s
[2025-10-13T17:34:11.478-0700][1207][info ][safepoint   ] Safepoint "G1PauseRemark", Time since last: 27725392 ns, Reaching safepoint: 910094 ns, Cleanup: 37236 ns, At safepoint: 364242865 ns, Total: 365190195 ns
[2025-10-13T17:34:11.479-0700][1090][info ][gc,marking  ] GC(36) Concurrent Mark 537.275ms
[2025-10-13T17:34:11.479-0700][1090][info ][gc,marking  ] GC(36) Concurrent Rebuild Remembered Sets and Scrub Regions
[2025-10-13T17:34:11.787-0700][1207][info ][safepoint   ] Safepoint "ICBufferFull", Time since last: 306728115 ns, Reaching safepoint: 1388406 ns, Cleanup: 351881 ns, At safepoint: 398793 ns, Total: 2139080 ns
[2025-10-13T17:34:11.811-0700][1090][info ][gc,marking  ] GC(36) Concurrent Rebuild Remembered Sets and Scrub Regions 332.167ms
[2025-10-13T17:34:11.814-0700][1207][info ][gc,start    ] GC(36) Pause Cleanup
[2025-10-13T17:34:11.815-0700][1207][info ][gc          ] GC(36) Pause Cleanup 18497M->18497M(184320M) 0.987ms
[2025-10-13T17:34:11.816-0700][1207][info ][gc,cpu      ] GC(36) User=0.00s Sys=0.02s Real=0.00s
[2025-10-13T17:34:11.817-0700][1207][info ][safepoint   ] Safepoint "G1PauseCleanup", Time since last: 23954398 ns, Reaching safepoint: 834921 ns, Cleanup: 36845 ns, At safepoint: 4526875 ns, Total: 5398641 ns
[2025-10-13T17:34:11.817-0700][1090][info ][gc,marking  ] GC(36) Concurrent Clear Claimed Marks
[2025-10-13T17:34:11.817-0700][1090][info ][gc,marking  ] GC(36) Concurrent Clear Claimed Marks 0.578ms
[2025-10-13T17:34:11.817-0700][1090][info ][gc,marking  ] GC(36) Concurrent Cleanup for Next Mark
[2025-10-13T17:34:11.853-0700][1090][info ][gc,marking  ] GC(36) Concurrent Cleanup for Next Mark 35.717ms
[2025-10-13T17:34:11.853-0700][1090][info ][gc          ] GC(36) Concurrent Mark Cycle 929.717ms
[2025-10-13T17:34:11.906-0700][1207][info ][gc,start    ] GC(37) Pause Young (Prepare Mixed) (G1 Evacuation Pause)
[2025-10-13T17:34:11.906-0700][1207][info ][gc,task     ] GC(37) Using 113 workers of 113 for evacuation
[2025-10-13T17:34:11.916-0700][1207][debug][gc,remset   ] GC(37) Visited cards 7979776 Total dirty 20512768 (38.90%) Total old 59047936 (13.51%)
[2025-10-13T17:34:12.018-0700][1207][info ][gc,phases   ] GC(37)   Pre Evacuate Collection Set: 0.6ms
[2025-10-13T17:34:12.018-0700][1207][info ][gc,phases   ] GC(37)   Merge Heap Roots: 8.9ms
[2025-10-13T17:34:12.018-0700][1207][info ][gc,phases   ] GC(37)   Evacuate Collection Set: 96.8ms
[2025-10-13T17:34:12.018-0700][1207][info ][gc,phases   ] GC(37)   Post Evacuate Collection Set: 5.0ms
[2025-10-13T17:34:12.018-0700][1207][info ][gc,phases   ] GC(37)   Other: 0.1ms
[2025-10-13T17:34:12.018-0700][1207][debug][gc,remset   ] GC(37) Coarsening (recent): Inline->AoC 52424 (0) AoC->Howl 4690 (0) Howl->Full 0 (0) Inline->AoC 31168 (0) AoC->BitMap 5197 (0) BitMap->Full 0 (0) 
[2025-10-13T17:34:12.018-0700][1207][debug][gc,remset   ] GC(37) Coarsening (all): Inline->AoC 55866 (0) AoC->Howl 4930 (0) Howl->Full 0 (0) Inline->AoC 32623 (0) AoC->BitMap 5413 (0) BitMap->Full 0 (0) 
[2025-10-13T17:34:12.018-0700][1207][info ][gc,heap     ] GC(37) Eden regions: 257->0(320)
[2025-10-13T17:34:12.018-0700][1207][info ][gc,heap     ] GC(37) Survivor regions: 31->36(36)
[2025-10-13T17:34:12.018-0700][1207][info ][gc,heap     ] GC(37) Old regions: 322->347
[2025-10-13T17:34:12.018-0700][1207][info ][gc,heap     ] GC(37) Humongous regions: 3->2
[2025-10-13T17:34:12.018-0700][1207][info ][gc,metaspace] GC(37) Metaspace: 284630K(288576K)->284630K(288576K) NonClass: 249775K(252032K)->249775K(252032K) Class: 34855K(36544K)->34855K(36544K)
[2025-10-13T17:34:12.018-0700][1207][info ][gc          ] GC(37) Pause Young (Prepare Mixed) (G1 Evacuation Pause) 19561M->12316M(184320M) 111.556ms
[2025-10-13T17:34:12.019-0700][1207][info ][gc,cpu      ] GC(37) User=4.26s Sys=0.14s Real=0.11s
[2025-10-13T17:34:12.020-0700][1207][info ][safepoint   ] Safepoint "G1CollectForAllocation", Time since last: 83913420 ns, Reaching safepoint: 3897775 ns, Cleanup: 72650 ns, At safepoint: 115974508 ns, Total: 119944933 ns
[2025-10-13T17:34:12.293-0700][1207][info ][safepoint   ] Safepoint "ICBufferFull", Time since last: 270570741 ns, Reaching safepoint: 968192 ns, Cleanup: 213823 ns, At safepoint: 492654 ns, Total: 1674669 ns
[2025-10-13T17:34:12.589-0700][1207][info ][gc,start    ] GC(38) Pause Young (Mixed) (G1 Evacuation Pause)
[2025-10-13T17:34:12.589-0700][1207][info ][gc,task     ] GC(38) Using 113 workers of 113 for evacuation
[2025-10-13T17:34:12.600-0700][1207][debug][gc,remset   ] GC(38) Visited cards 8894976 Total dirty 21757952 (40.88%) Total old 62455808 (14.24%)
[2025-10-13T17:34:12.707-0700][1207][info ][gc,phases   ] GC(38)   Pre Evacuate Collection Set: 0.7ms
[2025-10-13T17:34:12.707-0700][1207][info ][gc,phases   ] GC(38)   Merge Heap Roots: 10.2ms
[2025-10-13T17:34:12.707-0700][1207][info ][gc,phases   ] GC(38)   Evacuate Collection Set: 101.1ms
[2025-10-13T17:34:12.707-0700][1207][info ][gc,phases   ] GC(38)   Post Evacuate Collection Set: 5.5ms
[2025-10-13T17:34:12.707-0700][1207][info ][gc,phases   ] GC(38)   Other: 0.1ms
[2025-10-13T17:34:12.707-0700][1207][debug][gc,remset   ] GC(38) Coarsening (recent): Inline->AoC 0 (0) AoC->Howl 0 (0) Howl->Full 0 (0) Inline->AoC 0 (0) AoC->BitMap 0 (0) BitMap->Full 0 (0) 
[2025-10-13T17:34:12.707-0700][1207][debug][gc,remset   ] GC(38) Coarsening (all): Inline->AoC 55866 (0) AoC->Howl 4930 (0) Howl->Full 0 (0) Inline->AoC 32623 (0) AoC->BitMap 5413 (0) BitMap->Full 0 (0) 
[2025-10-13T17:34:12.707-0700][1207][info ][gc,heap     ] GC(38) Eden regions: 262->0(3418)
[2025-10-13T17:34:12.707-0700][1207][info ][gc,heap     ] GC(38) Survivor regions: 36->38(38)
[2025-10-13T17:34:12.707-0700][1207][info ][gc,heap     ] GC(38) Old regions: 347->368
[2025-10-13T17:34:12.707-0700][1207][info ][gc,heap     ] GC(38) Humongous regions: 6->2
[2025-10-13T17:34:12.707-0700][1207][info ][gc,metaspace] GC(38) Metaspace: 285653K(289728K)->285653K(289728K) NonClass: 250681K(252992K)->250681K(252992K) Class: 34972K(36736K)->34972K(36736K)
[2025-10-13T17:34:12.707-0700][1207][info ][gc          ] GC(38) Pause Young (Mixed) (G1 Evacuation Pause) 20828M->13046M(184320M) 117.785ms
[2025-10-13T17:34:12.709-0700][1207][info ][gc,cpu      ] GC(38) User=4.66s Sys=0.24s Real=0.12s
[2025-10-13T17:34:12.710-0700][1207][info ][safepoint   ] Safepoint "G1CollectForAllocation", Time since last: 293673023 ns, Reaching safepoint: 935682 ns, Cleanup: 172050 ns, At safepoint: 122707534 ns, Total: 123815266 ns
[2025-10-13T17:34:13.151-0700][1207][info ][safepoint   ] Safepoint "ICBufferFull", Time since last: 424626578 ns, Reaching safepoint: 1110337 ns, Cleanup: 197748 ns, At safepoint: 14527034 ns, Total: 15835119 ns
[2025-10-13T17:34:13.681-0700][1207][info ][safepoint   ] Safepoint "ICBufferFull", Time since last: 528885768 ns, Reaching safepoint: 1029384 ns, Cleanup: 227423 ns, At safepoint: 463570 ns, Total: 1720377 ns
[2025-10-13T17:34:14.162-0700][1207][info ][safepoint   ] Safepoint "ICBufferFull", Time since last: 479073036 ns, Reaching safepoint: 1061503 ns, Cleanup: 235686 ns, At safepoint: 696411 ns, Total: 1993600 ns
[2025-10-13T17:34:14.537-0700][1207][info ][safepoint   ] Safepoint "ICBufferFull", Time since last: 367942451 ns, Reaching safepoint: 5200913 ns, Cleanup: 194053 ns, At safepoint: 965217 ns, Total: 6360183 ns
[2025-10-13T17:34:14.873-0700][1207][info ][safepoint   ] Safepoint "ICBufferFull", Time since last: 334288218 ns, Reaching safepoint: 913539 ns, Cleanup: 223768 ns, At safepoint: 823042 ns, Total: 1960349 ns
[2025-10-13T17:34:15.301-0700][1207][info ][safepoint   ] Safepoint "ICBufferFull", Time since last: 412938751 ns, Reaching safepoint: 13586194 ns, Cleanup: 230237 ns, At safepoint: 1694929 ns, Total: 15511360 ns
[2025-10-13T17:34:15.672-0700][1207][info ][safepoint   ] Safepoint "ICBufferFull", Time since last: 368383898 ns, Reaching safepoint: 1166301 ns, Cleanup: 199161 ns, At safepoint: 990345 ns, Total: 2355807 ns
[2025-10-13T17:34:15.905-0700][1207][info ][safepoint   ] Safepoint "ICBufferFull", Time since last: 231348209 ns, Reaching safepoint: 906820 ns, Cleanup: 190888 ns, At safepoint: 973059 ns, Total: 2070767 ns
[2025-10-13T17:34:16.214-0700][1207][info ][safepoint   ] Safepoint "ICBufferFull", Time since last: 306909839 ns, Reaching safepoint: 1033550 ns, Cleanup: 209807 ns, At safepoint: 563161 ns, Total: 1806518 ns
[2025-10-13T17:34:16.477-0700][1207][info ][safepoint   ] Safepoint "ICBufferFull", Time since last: 259913059 ns, Reaching safepoint: 1012128 ns, Cleanup: 229747 ns, At safepoint: 1337409 ns, Total: 2579284 ns
[2025-10-13T17:34:16.767-0700][1207][info ][safepoint   ] Safepoint "ICBufferFull", Time since last: 288347702 ns, Reaching safepoint: 1025248 ns, Cleanup: 227504 ns, At safepoint: 760638 ns, Total: 2013390 ns
[2025-10-13T17:34:17.119-0700][1207][info ][safepoint   ] Safepoint "ICBufferFull", Time since last: 348427055 ns, Reaching safepoint: 1072530 ns, Cleanup: 318481 ns, At safepoint: 2341265 ns, Total: 3732276 ns
[2025-10-13T17:34:17.125-0700][1207][info ][safepoint   ] Safepoint "ICBufferFull", Time since last: 560746 ns, Reaching safepoint: 1332372 ns, Cleanup: 13711 ns, At safepoint: 4014702 ns, Total: 5360785 ns
[2025-10-13T17:34:17.685-0700][1207][info ][safepoint   ] Safepoint "ICBufferFull", Time since last: 556468984 ns, Reaching safepoint: 949504 ns, Cleanup: 224509 ns, At safepoint: 1802862 ns, Total: 2976875 ns
[2025-10-13T17:34:18.307-0700][1207][info ][safepoint   ] Safepoint "ICBufferFull", Time since last: 555489967 ns, Reaching safepoint: 65862595 ns, Cleanup: 181864 ns, At safepoint: 678665 ns, Total: 66723124 ns
[2025-10-13T17:34:18.313-0700][1207][info ][safepoint   ] Safepoint "ICBufferFull", Time since last: 4450700 ns, Reaching safepoint: 860509 ns, Cleanup: 8583 ns, At safepoint: 463019 ns, Total: 1332111 ns
[2025-10-13T17:34:18.316-0700][1207][info ][safepoint   ] Safepoint "ICBufferFull", Time since last: 1838286 ns, Reaching safepoint: 772526 ns, Cleanup: 3486 ns, At safepoint: 759186 ns, Total: 1535198 ns
[2025-10-13T17:34:18.318-0700][1207][info ][safepoint   ] Safepoint "ICBufferFull", Time since last: 900960 ns, Reaching safepoint: 684454 ns, Cleanup: 10025 ns, At safepoint: 933169 ns, Total: 1627648 ns
[2025-10-13T17:34:18.322-0700][1207][info ][safepoint   ] Safepoint "ICBufferFull", Time since last: 1258250 ns, Reaching safepoint: 1058989 ns, Cleanup: 5027 ns, At safepoint: 695480 ns, Total: 1759496 ns
[2025-10-13T17:34:18.324-0700][1207][info ][safepoint   ] Safepoint "ICBufferFull", Time since last: 765115 ns, Reaching safepoint: 882874 ns, Cleanup: 3625 ns, At safepoint: 549299 ns, Total: 1435798 ns
[2025-10-13T17:34:18.326-0700][1207][info ][safepoint   ] Safepoint "ICBufferFull", Time since last: 679196 ns, Reaching safepoint: 755010 ns, Cleanup: 3014 ns, At safepoint: 577072 ns, Total: 1335096 ns
[2025-10-13T17:34:18.328-0700][1207][info ][safepoint   ] Safepoint "ICBufferFull", Time since last: 617632 ns, Reaching safepoint: 684704 ns, Cleanup: 2995 ns, At safepoint: 615499 ns, Total: 1303198 ns
[2025-10-13T17:34:18.330-0700][1207][info ][safepoint   ] Safepoint "ICBufferFull", Time since last: 589129 ns, Reaching safepoint: 922103 ns, Cleanup: 4126 ns, At safepoint: 1068543 ns, Total: 1994772 ns
[2025-10-13T17:34:18.333-0700][1207][info ][safepoint   ] Safepoint "ICBufferFull", Time since last: 924146 ns, Reaching safepoint: 1082324 ns, Cleanup: 8312 ns, At safepoint: 716923 ns, Total: 1807559 ns
[2025-10-13T17:34:18.335-0700][1207][info ][safepoint   ] Safepoint "ICBufferFull", Time since last: 573105 ns, Reaching safepoint: 684123 ns, Cleanup: 3215 ns, At safepoint: 820018 ns, Total: 1507356 ns
[2025-10-13T17:34:18.338-0700][1207][info ][safepoint   ] Safepoint "ICBufferFull", Time since last: 1162676 ns, Reaching safepoint: 994341 ns, Cleanup: 10576 ns, At safepoint: 934551 ns, Total: 1939468 ns
[2025-10-13T17:34:18.355-0700][1207][info ][safepoint   ] Safepoint "ICBufferFull", Time since last: 13424239 ns, Reaching safepoint: 1064287 ns, Cleanup: 4467 ns, At safepoint: 2532624 ns, Total: 3601378 ns
[2025-10-13T17:34:18.367-0700][1207][info ][safepoint   ] Safepoint "ICBufferFull", Time since last: 9308334 ns, Reaching safepoint: 1104989 ns, Cleanup: 9334 ns, At safepoint: 1518422 ns, Total: 2632745 ns
[2025-10-13T17:34:18.375-0700][1207][info ][safepoint   ] Safepoint "ICBufferFull", Time since last: 5042043 ns, Reaching safepoint: 975173 ns, Cleanup: 9965 ns, At safepoint: 1632475 ns, Total: 2617613 ns
[2025-10-13T17:34:18.378-0700][1207][info ][safepoint   ] Safepoint "ICBufferFull", Time since last: 1597081 ns, Reaching safepoint: 794750 ns, Cleanup: 3165 ns, At safepoint: 802321 ns, Total: 1600236 ns
[2025-10-13T17:34:18.381-0700][1207][info ][safepoint   ] Safepoint "ICBufferFull", Time since last: 1379483 ns, Reaching safepoint: 676121 ns, Cleanup: 6790 ns, At safepoint: 676091 ns, Total: 1359002 ns
[2025-10-13T17:34:18.382-0700][1207][info ][safepoint   ] Safepoint "ICBufferFull", Time since last: 505053 ns, Reaching safepoint: 603631 ns, Cleanup: 1993 ns, At safepoint: 596421 ns, Total: 1202045 ns
[2025-10-13T17:34:18.384-0700][1207][info ][safepoint   ] Safepoint "ICBufferFull", Time since last: 495017 ns, Reaching safepoint: 619515 ns, Cleanup: 1883 ns, At safepoint: 528588 ns, Total: 1149986 ns
[2025-10-13T17:34:18.386-0700][1207][info ][safepoint   ] Safepoint "ICBufferFull", Time since last: 661329 ns, Reaching safepoint: 629631 ns, Cleanup: 2694 ns, At safepoint: 518472 ns, Total: 1150797 ns
[2025-10-13T17:34:18.387-0700][1207][info ][safepoint   ] Safepoint "ICBufferFull", Time since last: 403470 ns, Reaching safepoint: 525743 ns, Cleanup: 2775 ns, At safepoint: 544562 ns, Total: 1073080 ns
[2025-10-13T17:34:18.389-0700][1207][info ][safepoint   ] Safepoint "ICBufferFull", Time since last: 532103 ns, Reaching safepoint: 920951 ns, Cleanup: 3826 ns, At safepoint: 619445 ns, Total: 1544222 ns
[2025-10-13T17:34:18.392-0700][1207][info ][safepoint   ] Safepoint "ICBufferFull", Time since last: 429528 ns, Reaching safepoint: 1547076 ns, Cleanup: 4257 ns, At safepoint: 457250 ns, Total: 2008583 ns
[2025-10-13T17:34:18.394-0700][1207][info ][safepoint   ] Safepoint "ICBufferFull", Time since last: 551603 ns, Reaching safepoint: 908332 ns, Cleanup: 3204 ns, At safepoint: 560827 ns, Total: 1472363 ns
[2025-10-13T17:34:18.395-0700][1207][info ][safepoint   ] Safepoint "ICBufferFull", Time since last: 405863 ns, Reaching safepoint: 752887 ns, Cleanup: 4016 ns, At safepoint: 440695 ns, Total: 1197598 ns
[2025-10-13T17:34:18.404-0700][1207][info ][safepoint   ] Safepoint "ICBufferFull", Time since last: 5781740 ns, Reaching safepoint: 1692546 ns, Cleanup: 3935 ns, At safepoint: 1011137 ns, Total: 2707618 ns
[2025-10-13T17:34:18.409-0700][1207][info ][safepoint   ] Safepoint "ICBufferFull", Time since last: 3457701 ns, Reaching safepoint: 804384 ns, Cleanup: 3315 ns, At safepoint: 1049725 ns, Total: 1857424 ns
[2025-10-13T17:34:18.416-0700][1207][info ][safepoint   ] Safepoint "ICBufferFull", Time since last: 4183527 ns, Reaching safepoint: 1155074 ns, Cleanup: 4807 ns, At safepoint: 1091579 ns, Total: 2251460 ns
[2025-10-13T17:34:18.419-0700][1207][info ][safepoint   ] Safepoint "ICBufferFull", Time since last: 1199420 ns, Reaching safepoint: 918668 ns, Cleanup: 15152 ns, At safepoint: 813949 ns, Total: 1747769 ns
[2025-10-13T17:34:18.427-0700][1207][info ][safepoint   ] Safepoint "ICBufferFull", Time since last: 6182926 ns, Reaching safepoint: 1007701 ns, Cleanup: 11067 ns, At safepoint: 1349648 ns, Total: 2368416 ns
[2025-10-13T17:34:18.453-0700][1207][info ][safepoint   ] Safepoint "ICBufferFull", Time since last: 7313502 ns, Reaching safepoint: 17718473 ns, Cleanup: 4818 ns, At safepoint: 988923 ns, Total: 18712214 ns
[2025-10-13T17:34:18.458-0700][1207][info ][safepoint   ] Safepoint "ICBufferFull", Time since last: 2298430 ns, Reaching safepoint: 1077427 ns, Cleanup: 4226 ns, At safepoint: 917135 ns, Total: 1998788 ns
[2025-10-13T17:34:18.460-0700][1207][info ][safepoint   ] Safepoint "ICBufferFull", Time since last: 752276 ns, Reaching safepoint: 789222 ns, Cleanup: 3705 ns, At safepoint: 921642 ns, Total: 1714569 ns
[2025-10-13T17:34:18.462-0700][1207][info ][safepoint   ] Safepoint "ICBufferFull", Time since last: 993820 ns, Reaching safepoint: 729091 ns, Cleanup: 3395 ns, At safepoint: 477571 ns, Total: 1210057 ns
[2025-10-13T17:34:18.464-0700][1207][info ][safepoint   ] Safepoint "ICBufferFull", Time since last: 651254 ns, Reaching safepoint: 517872 ns, Cleanup: 1652 ns, At safepoint: 322958 ns, Total: 842482 ns
[2025-10-13T17:34:18.467-0700][1207][info ][safepoint   ] Safepoint "ICBufferFull", Time since last: 740638 ns, Reaching safepoint: 1729271 ns, Cleanup: 16715 ns, At safepoint: 418021 ns, Total: 2164007 ns
[2025-10-13T17:34:18.470-0700][1207][info ][safepoint   ] Safepoint "ICBufferFull", Time since last: 1444081 ns, Reaching safepoint: 1052299 ns, Cleanup: 4727 ns, At safepoint: 814820 ns, Total: 1871846 ns
[2025-10-13T17:34:18.473-0700][1207][info ][safepoint   ] Safepoint "ICBufferFull", Time since last: 2010426 ns, Reaching safepoint: 788901 ns, Cleanup: 3745 ns, At safepoint: 655140 ns, Total: 1447786 ns
[2025-10-13T17:34:18.478-0700][1207][info ][safepoint   ] Safepoint "ICBufferFull", Time since last: 2971056 ns, Reaching safepoint: 1057606 ns, Cleanup: 9895 ns, At safepoint: 847340 ns, Total: 1914841 ns
[2025-10-13T17:34:18.483-0700][1207][info ][safepoint   ] Safepoint "ICBufferFull", Time since last: 3036815 ns, Reaching safepoint: 767529 ns, Cleanup: 3465 ns, At safepoint: 844866 ns, Total: 1615860 ns
[2025-10-13T17:34:18.487-0700][1207][info ][safepoint   ] Safepoint "ICBufferFull", Time since last: 2550551 ns, Reaching safepoint: 656791 ns, Cleanup: 3195 ns, At safepoint: 703042 ns, Total: 1363028 ns
[2025-10-13T17:34:18.489-0700][1207][info ][safepoint   ] Safepoint "ICBufferFull", Time since last: 694769 ns, Reaching safepoint: 840419 ns, Cleanup: 2704 ns, At safepoint: 413354 ns, Total: 1256477 ns
[2025-10-13T17:34:18.492-0700][1207][info ][safepoint   ] Safepoint "ICBufferFull", Time since last: 2213953 ns, Reaching safepoint: 704714 ns, Cleanup: 3575 ns, At safepoint: 584393 ns, Total: 1292682 ns
[2025-10-13T17:34:18.495-0700][1207][info ][safepoint   ] Safepoint "ICBufferFull", Time since last: 1256617 ns, Reaching safepoint: 610912 ns, Cleanup: 2614 ns, At safepoint: 451512 ns, Total: 1065038 ns
[2025-10-13T17:34:18.496-0700][1207][info ][safepoint   ] Safepoint "ICBufferFull", Time since last: 586325 ns, Reaching safepoint: 464211 ns, Cleanup: 8233 ns, At safepoint: 347074 ns, Total: 819518 ns
[2025-10-13T17:34:18.498-0700][1207][info ][safepoint   ] Safepoint "ICBufferFull", Time since last: 1224008 ns, Reaching safepoint: 566435 ns, Cleanup: 2945 ns, At safepoint: 289236 ns, Total: 858616 ns
[2025-10-13T17:34:18.501-0700][1207][info ][safepoint   ] Safepoint "ICBufferFull", Time since last: 535509 ns, Reaching safepoint: 1687768 ns, Cleanup: 5108 ns, At safepoint: 378982 ns, Total: 2071858 ns
[2025-10-13T17:34:18.502-0700][1207][info ][safepoint   ] Safepoint "ICBufferFull", Time since last: 485183 ns, Reaching safepoint: 693156 ns, Cleanup: 2945 ns, At safepoint: 391961 ns, Total: 1088062 ns
[2025-10-13T17:34:18.507-0700][1207][info ][safepoint   ] Safepoint "ICBufferFull", Time since last: 3032549 ns, Reaching safepoint: 955833 ns, Cleanup: 4507 ns, At safepoint: 319202 ns, Total: 1279542 ns
[2025-10-13T17:34:18.512-0700][1207][info ][safepoint   ] Safepoint "ICBufferFull", Time since last: 2784875 ns, Reaching safepoint: 1843474 ns, Cleanup: 3825 ns, At safepoint: 406063 ns, Total: 2253362 ns
[2025-10-13T17:34:18.519-0700][1207][info ][safepoint   ] Safepoint "ICBufferFull", Time since last: 5395868 ns, Reaching safepoint: 811355 ns, Cleanup: 4146 ns, At safepoint: 660417 ns, Total: 1475918 ns
[2025-10-13T17:34:18.522-0700][1207][info ][safepoint   ] Safepoint "ICBufferFull", Time since last: 1413705 ns, Reaching safepoint: 870594 ns, Cleanup: 3716 ns, At safepoint: 740818 ns, Total: 1615128 ns
[2025-10-13T17:34:18.531-0700][1207][info ][safepoint   ] Safepoint "ICBufferFull", Time since last: 7763652 ns, Reaching safepoint: 835252 ns, Cleanup: 10355 ns, At safepoint: 851846 ns, Total: 1697453 ns
[2025-10-13T17:34:18.534-0700][1207][info ][safepoint   ] Safepoint "ICBufferFull", Time since last: 1550251 ns, Reaching safepoint: 835772 ns, Cleanup: 4076 ns, At safepoint: 541558 ns, Total: 1381406 ns
[2025-10-13T17:34:18.537-0700][1207][info ][safepoint   ] Safepoint "ICBufferFull", Time since last: 968833 ns, Reaching safepoint: 1773467 ns, Cleanup: 4708 ns, At safepoint: 460926 ns, Total: 2239101 ns
[2025-10-13T17:34:18.541-0700][1207][info ][safepoint   ] Safepoint "ICBufferFull", Time since last: 2255986 ns, Reaching safepoint: 931987 ns, Cleanup: 8683 ns, At safepoint: 244649 ns, Total: 1185319 ns
[2025-10-13T17:34:18.542-0700][1207][info ][safepoint   ] Safepoint "ICBufferFull", Time since last: 373504 ns, Reaching safepoint: 610652 ns, Cleanup: 1823 ns, At safepoint: 345983 ns, Total: 958458 ns
[2025-10-13T17:34:18.543-0700][1207][info ][safepoint   ] Safepoint "ICBufferFull", Time since last: 246552 ns, Reaching safepoint: 492754 ns, Cleanup: 1672 ns, At safepoint: 277960 ns, Total: 772386 ns
[2025-10-13T17:34:18.544-0700][1207][info ][safepoint   ] Safepoint "ICBufferFull", Time since last: 559355 ns, Reaching safepoint: 509489 ns, Cleanup: 2404 ns, At safepoint: 290148 ns, Total: 802041 ns
[2025-10-13T17:34:18.546-0700][1207][info ][safepoint   ] Safepoint "ICBufferFull", Time since last: 645955 ns, Reaching safepoint: 805496 ns, Cleanup: 3956 ns, At safepoint: 458162 ns, Total: 1267614 ns
[2025-10-13T17:34:18.548-0700][1207][info ][safepoint   ] Safepoint "ICBufferFull", Time since last: 358181 ns, Reaching safepoint: 1339242 ns, Cleanup: 10466 ns, At safepoint: 346783 ns, Total: 1696491 ns
[2025-10-13T17:34:18.564-0700][1207][info ][safepoint   ] Safepoint "ICBufferFull", Time since last: 12563129 ns, Reaching safepoint: 3145830 ns, Cleanup: 4306 ns, At safepoint: 310930 ns, Total: 3461066 ns
[2025-10-13T17:34:18.566-0700][1207][info ][safepoint   ] Safepoint "ICBufferFull", Time since last: 617052 ns, Reaching safepoint: 611553 ns, Cleanup: 2564 ns, At safepoint: 409648 ns, Total: 1023765 ns
[2025-10-13T17:34:18.568-0700][1207][info ][safepoint   ] Safepoint "ICBufferFull", Time since last: 836984 ns, Reaching safepoint: 623261 ns, Cleanup: 2774 ns, At safepoint: 507787 ns, Total: 1133822 ns
[2025-10-13T17:34:18.578-0700][1207][info ][safepoint   ] Safepoint "ICBufferFull", Time since last: 8358220 ns, Reaching safepoint: 805466 ns, Cleanup: 3576 ns, At safepoint: 1211298 ns, Total: 2020340 ns
[2025-10-13T17:34:18.599-0700][1207][info ][safepoint   ] Safepoint "ICBufferFull", Time since last: 18935401 ns, Reaching safepoint: 936524 ns, Cleanup: 4346 ns, At safepoint: 1054963 ns, Total: 1995833 ns
[2025-10-13T17:34:18.608-0700][1207][info ][safepoint   ] Safepoint "ICBufferFull", Time since last: 7577421 ns, Reaching safepoint: 863324 ns, Cleanup: 4717 ns, At safepoint: 645695 ns, Total: 1513736 ns
[2025-10-13T17:34:18.634-0700][1207][info ][safepoint   ] Safepoint "ICBufferFull", Time since last: 24117044 ns, Reaching safepoint: 972779 ns, Cleanup: 13801 ns, At safepoint: 369608 ns, Total: 1356188 ns
[2025-10-13T17:34:18.636-0700][1207][info ][safepoint   ] Safepoint "ICBufferFull", Time since last: 971026 ns, Reaching safepoint: 738084 ns, Cleanup: 2905 ns, At safepoint: 409708 ns, Total: 1150697 ns
[2025-10-13T17:34:18.638-0700][1207][info ][safepoint   ] Safepoint "ICBufferFull", Time since last: 619315 ns, Reaching safepoint: 621148 ns, Cleanup: 2925 ns, At safepoint: 414145 ns, Total: 1038218 ns
[2025-10-13T17:34:18.640-0700][1207][info ][safepoint   ] Safepoint "ICBufferFull", Time since last: 744644 ns, Reaching safepoint: 1606926 ns, Cleanup: 3225 ns, At safepoint: 368547 ns, Total: 1978698 ns
[2025-10-13T17:34:18.643-0700][1207][info ][safepoint   ] Safepoint "ICBufferFull", Time since last: 638724 ns, Reaching safepoint: 1256037 ns, Cleanup: 32419 ns, At safepoint: 619355 ns, Total: 1907811 ns
[2025-10-13T17:34:18.645-0700][1207][info ][safepoint   ] Safepoint "ICBufferFull", Time since last: 501257 ns, Reaching safepoint: 954521 ns, Cleanup: 2403 ns, At safepoint: 571383 ns, Total: 1528307 ns
[2025-10-13T17:34:18.648-0700][1207][info ][safepoint   ] Safepoint "ICBufferFull", Time since last: 1254915 ns, Reaching safepoint: 921531 ns, Cleanup: 4066 ns, At safepoint: 656822 ns, Total: 1582419 ns
[2025-10-13T17:34:18.652-0700][1207][info ][safepoint   ] Safepoint "ICBufferFull", Time since last: 1686076 ns, Reaching safepoint: 1950215 ns, Cleanup: 4637 ns, At safepoint: 594567 ns, Total: 2549419 ns
[2025-10-13T17:34:18.654-0700][1207][info ][safepoint   ] Safepoint "ICBufferFull", Time since last: 773959 ns, Reaching safepoint: 1137247 ns, Cleanup: 4206 ns, At safepoint: 627708 ns, Total: 1769161 ns
[2025-10-13T17:34:18.656-0700][1207][info ][safepoint   ] Safepoint "ICBufferFull", Time since last: 610061 ns, Reaching safepoint: 729161 ns, Cleanup: 2855 ns, At safepoint: 428537 ns, Total: 1160553 ns
[2025-10-13T17:34:18.659-0700][1207][info ][safepoint   ] Safepoint "ICBufferFull", Time since last: 1201574 ns, Reaching safepoint: 701559 ns, Cleanup: 3746 ns, At safepoint: 549560 ns, Total: 1254865 ns
[2025-10-13T17:34:18.661-0700][1207][info ][safepoint   ] Safepoint "ICBufferFull", Time since last: 1094172 ns, Reaching safepoint: 751865 ns, Cleanup: 3555 ns, At safepoint: 496790 ns, Total: 1252210 ns
[2025-10-13T17:34:18.664-0700][1207][info ][safepoint   ] Safepoint "ICBufferFull", Time since last: 772767 ns, Reaching safepoint: 1537772 ns, Cleanup: 3335 ns, At safepoint: 400174 ns, Total: 1941281 ns
[2025-10-13T17:34:18.666-0700][1207][info ][safepoint   ] Safepoint "ICBufferFull", Time since last: 892277 ns, Reaching safepoint: 775982 ns, Cleanup: 4096 ns, At safepoint: 683412 ns, Total: 1463490 ns
[2025-10-13T17:34:18.669-0700][1207][info ][safepoint   ] Safepoint "ICBufferFull", Time since last: 1331130 ns, Reaching safepoint: 648089 ns, Cleanup: 3244 ns, At safepoint: 640528 ns, Total: 1291861 ns
[2025-10-13T17:34:18.673-0700][1207][info ][safepoint   ] Safepoint "ICBufferFull", Time since last: 2504251 ns, Reaching safepoint: 851756 ns, Cleanup: 13470 ns, At safepoint: 597562 ns, Total: 1462788 ns
[2025-10-13T17:34:18.678-0700][1207][info ][safepoint   ] Safepoint "ICBufferFull", Time since last: 3776452 ns, Reaching safepoint: 959509 ns, Cleanup: 11447 ns, At safepoint: 524673 ns, Total: 1495629 ns
[2025-10-13T17:34:18.680-0700][1207][info ][safepoint   ] Safepoint "ICBufferFull", Time since last: 715229 ns, Reaching safepoint: 788301 ns, Cleanup: 3375 ns, At safepoint: 756893 ns, Total: 1548569 ns
[2025-10-13T17:34:18.683-0700][1207][info ][safepoint   ] Safepoint "ICBufferFull", Time since last: 902132 ns, Reaching safepoint: 768370 ns, Cleanup: 3335 ns, At safepoint: 815541 ns, Total: 1587246 ns
[2025-10-13T17:34:18.690-0700][1207][info ][safepoint   ] Safepoint "ICBufferFull", Time since last: 5300193 ns, Reaching safepoint: 987591 ns, Cleanup: 4487 ns, At safepoint: 1067762 ns, Total: 2059840 ns
[2025-10-13T17:34:18.697-0700][1207][info ][safepoint   ] Safepoint "ICBufferFull", Time since last: 1242035 ns, Reaching safepoint: 5349828 ns, Cleanup: 4557 ns, At safepoint: 595299 ns, Total: 5949684 ns
[2025-10-13T17:34:18.700-0700][1207][info ][safepoint   ] Safepoint "ICBufferFull", Time since last: 851826 ns, Reaching safepoint: 978788 ns, Cleanup: 3545 ns, At safepoint: 634037 ns, Total: 1616370 ns
[2025-10-13T17:34:18.704-0700][1207][info ][safepoint   ] Safepoint "ICBufferFull", Time since last: 2770043 ns, Reaching safepoint: 955683 ns, Cleanup: 3906 ns, At safepoint: 927400 ns, Total: 1886989 ns
[2025-10-13T17:34:18.710-0700][1207][info ][safepoint   ] Safepoint "ICBufferFull", Time since last: 2957696 ns, Reaching safepoint: 1103927 ns, Cleanup: 4246 ns, At safepoint: 1073371 ns, Total: 2181544 ns
[2025-10-13T17:34:18.715-0700][1207][info ][safepoint   ] Safepoint "ICBufferFull", Time since last: 3291479 ns, Reaching safepoint: 866569 ns, Cleanup: 4116 ns, At safepoint: 802532 ns, Total: 1673217 ns
[2025-10-13T17:34:18.717-0700][1207][info ][safepoint   ] Safepoint "ICBufferFull", Time since last: 699346 ns, Reaching safepoint: 712005 ns, Cleanup: 3906 ns, At safepoint: 739757 ns, Total: 1455668 ns
[2025-10-13T17:34:18.720-0700][1207][info ][safepoint   ] Safepoint "ICBufferFull", Time since last: 1518613 ns, Reaching safepoint: 1036685 ns, Cleanup: 10986 ns, At safepoint: 789633 ns, Total: 1837304 ns
[2025-10-13T17:34:18.726-0700][1207][info ][safepoint   ] Safepoint "ICBufferFull", Time since last: 2796993 ns, Reaching safepoint: 1864485 ns, Cleanup: 4517 ns, At safepoint: 1737003 ns, Total: 3606005 ns
[2025-10-13T17:34:18.741-0700][1207][info ][safepoint   ] Safepoint "ICBufferFull", Time since last: 10807137 ns, Reaching safepoint: 1127232 ns, Cleanup: 4657 ns, At safepoint: 2477190 ns, Total: 3609079 ns
[2025-10-13T17:34:18.750-0700][1207][info ][safepoint   ] Safepoint "ICBufferFull", Time since last: 4780859 ns, Reaching safepoint: 1608799 ns, Cleanup: 4457 ns, At safepoint: 2504902 ns, Total: 4118158 ns
[2025-10-13T17:34:18.759-0700][1207][info ][safepoint   ] Safepoint "ICBufferFull", Time since last: 6781489 ns, Reaching safepoint: 1136867 ns, Cleanup: 5007 ns, At safepoint: 1303048 ns, Total: 2444922 ns
[2025-10-13T17:34:18.767-0700][1207][info ][safepoint   ] Safepoint "ICBufferFull", Time since last: 6216306 ns, Reaching safepoint: 1060311 ns, Cleanup: 10515 ns, At safepoint: 894461 ns, Total: 1965287 ns
[2025-10-13T17:34:18.803-0700][1207][info ][safepoint   ] Safepoint "ICBufferFull", Time since last: 3677743 ns, Reaching safepoint: 30910511 ns, Cleanup: 14773 ns, At safepoint: 1350559 ns, Total: 32275843 ns
[2025-10-13T17:34:18.838-0700][1207][info ][safepoint   ] Safepoint "ICBufferFull", Time since last: 11198909 ns, Reaching safepoint: 21786185 ns, Cleanup: 5628 ns, At safepoint: 1805937 ns, Total: 23597750 ns
[2025-10-13T17:34:18.918-0700][1207][info ][safepoint   ] Safepoint "ICBufferFull", Time since last: 1952708 ns, Reaching safepoint: 71879490 ns, Cleanup: 36445 ns, At safepoint: 6264819 ns, Total: 78180754 ns
[2025-10-13T17:34:18.926-0700][1207][info ][safepoint   ] Safepoint "ICBufferFull", Time since last: 5355667 ns, Reaching safepoint: 1225620 ns, Cleanup: 13110 ns, At safepoint: 1758735 ns, Total: 2997465 ns
[2025-10-13T17:34:18.955-0700][1207][info ][safepoint   ] Safepoint "ICBufferFull", Time since last: 6836783 ns, Reaching safepoint: 15572413 ns, Cleanup: 10616 ns, At safepoint: 6599384 ns, Total: 22182413 ns
[2025-10-13T17:34:19.056-0700][1207][info ][safepoint   ] Safepoint "ICBufferFull", Time since last: 90494727 ns, Reaching safepoint: 9569659 ns, Cleanup: 35794 ns, At safepoint: 956955 ns, Total: 10562408 ns
[2025-10-13T17:34:19.064-0700][1207][info ][safepoint   ] Safepoint "ICBufferFull", Time since last: 5176486 ns, Reaching safepoint: 1400084 ns, Cleanup: 9805 ns, At safepoint: 840719 ns, Total: 2250608 ns
[2025-10-13T17:34:19.084-0700][1207][info ][safepoint   ] Safepoint "ICBufferFull", Time since last: 3542519 ns, Reaching safepoint: 15762249 ns, Cleanup: 5108 ns, At safepoint: 1115975 ns, Total: 16883332 ns
[2025-10-13T17:34:19.089-0700][1207][info ][safepoint   ] Safepoint "ICBufferFull", Time since last: 2302937 ns, Reaching safepoint: 1372302 ns, Cleanup: 3846 ns, At safepoint: 1381486 ns, Total: 2757634 ns
[2025-10-13T17:34:19.094-0700][1207][info ][safepoint   ] Safepoint "ICBufferFull", Time since last: 1954891 ns, Reaching safepoint: 1168144 ns, Cleanup: 4046 ns, At safepoint: 1275165 ns, Total: 2447355 ns
[2025-10-13T17:34:19.097-0700][1207][info ][safepoint   ] Safepoint "ICBufferFull", Time since last: 870425 ns, Reaching safepoint: 1048763 ns, Cleanup: 3886 ns, At safepoint: 1234224 ns, Total: 2286873 ns
[2025-10-13T17:34:19.128-0700][1207][info ][safepoint   ] Safepoint "ICBufferFull", Time since last: 15686625 ns, Reaching safepoint: 9571862 ns, Cleanup: 13310 ns, At safepoint: 5790944 ns, Total: 15376116 ns
[2025-10-13T17:34:19.136-0700][1207][info ][safepoint   ] Safepoint "ICBufferFull", Time since last: 5360273 ns, Reaching safepoint: 1366463 ns, Cleanup: 18298 ns, At safepoint: 1529049 ns, Total: 2913810 ns
[2025-10-13T17:34:19.166-0700][1207][info ][safepoint   ] Safepoint "ICBufferFull", Time since last: 7758674 ns, Reaching safepoint: 14941130 ns, Cleanup: 6059 ns, At safepoint: 6533164 ns, Total: 21480353 ns
[2025-10-13T17:34:19.179-0700][1207][info ][safepoint   ] Safepoint "ICBufferFull", Time since last: 11175905 ns, Reaching safepoint: 1187092 ns, Cleanup: 4236 ns, At safepoint: 1372693 ns, Total: 2564021 ns
[2025-10-13T17:34:19.207-0700][1207][info ][safepoint   ] Safepoint "ICBufferFull", Time since last: 10975822 ns, Reaching safepoint: 15074341 ns, Cleanup: 6269 ns, At safepoint: 1830204 ns, Total: 16910814 ns
[2025-10-13T17:34:19.221-0700][1207][info ][safepoint   ] Safepoint "ICBufferFull", Time since last: 10897514 ns, Reaching safepoint: 1093571 ns, Cleanup: 5208 ns, At safepoint: 1385371 ns, Total: 2484150 ns
[2025-10-13T17:34:19.253-0700][1207][info ][safepoint   ] Safepoint "ICBufferFull", Time since last: 11799366 ns, Reaching safepoint: 16040179 ns, Cleanup: 11828 ns, At safepoint: 4836703 ns, Total: 20888710 ns
[2025-10-13T17:34:19.265-0700][1207][info ][safepoint   ] Safepoint "ICBufferFull", Time since last: 5604762 ns, Reaching safepoint: 1228115 ns, Cleanup: 4907 ns, At safepoint: 5183707 ns, Total: 6416729 ns
[2025-10-13T17:34:19.272-0700][1207][info ][safepoint   ] Safepoint "ICBufferFull", Time since last: 4033840 ns, Reaching safepoint: 1242897 ns, Cleanup: 4136 ns, At safepoint: 1235926 ns, Total: 2482959 ns
[2025-10-13T17:34:19.278-0700][1207][info ][safepoint   ] Safepoint "ICBufferFull", Time since last: 4333684 ns, Reaching safepoint: 1147843 ns, Cleanup: 4296 ns, At safepoint: 1227143 ns, Total: 2379282 ns
[2025-10-13T17:34:19.286-0700][1207][info ][safepoint   ] Safepoint "ICBufferFull", Time since last: 4829302 ns, Reaching safepoint: 1025448 ns, Cleanup: 17166 ns, At safepoint: 1175235 ns, Total: 2217849 ns
[2025-10-13T17:34:19.295-0700][1207][info ][safepoint   ] Safepoint "ICBufferFull", Time since last: 7214162 ns, Reaching safepoint: 1024467 ns, Cleanup: 11187 ns, At safepoint: 1128564 ns, Total: 2164218 ns
[2025-10-13T17:34:19.305-0700][1207][info ][safepoint   ] Safepoint "ICBufferFull", Time since last: 7848210 ns, Reaching safepoint: 1032359 ns, Cleanup: 5177 ns, At safepoint: 1305071 ns, Total: 2342607 ns
[2025-10-13T17:34:19.315-0700][1207][info ][safepoint   ] Safepoint "ICBufferFull", Time since last: 7637622 ns, Reaching safepoint: 1178609 ns, Cleanup: 13651 ns, At safepoint: 1187423 ns, Total: 2379683 ns
[2025-10-13T17:34:19.325-0700][1207][info ][safepoint   ] Safepoint "ICBufferFull", Time since last: 7541677 ns, Reaching safepoint: 1129215 ns, Cleanup: 5008 ns, At safepoint: 911255 ns, Total: 2045478 ns
[2025-10-13T17:34:19.328-0700][1207][info ][safepoint   ] Safepoint "ICBufferFull", Time since last: 1520226 ns, Reaching safepoint: 1024617 ns, Cleanup: 8132 ns, At safepoint: 950996 ns, Total: 1983745 ns
[2025-10-13T17:34:19.335-0700][1207][info ][safepoint   ] Safepoint "ICBufferFull", Time since last: 4337920 ns, Reaching safepoint: 1223367 ns, Cleanup: 14482 ns, At safepoint: 1509439 ns, Total: 2747288 ns
[2025-10-13T17:34:19.341-0700][1207][info ][safepoint   ] Safepoint "ICBufferFull", Time since last: 4059008 ns, Reaching safepoint: 984076 ns, Cleanup: 9735 ns, At safepoint: 739396 ns, Total: 1733207 ns
[2025-10-13T17:34:19.347-0700][1207][info ][safepoint   ] Safepoint "ICBufferFull", Time since last: 4804114 ns, Reaching safepoint: 1063536 ns, Cleanup: 10856 ns, At safepoint: 524652 ns, Total: 1599044 ns
[2025-10-13T17:34:19.351-0700][1207][info ][safepoint   ] Safepoint "ICBufferFull", Time since last: 1773308 ns, Reaching safepoint: 1003896 ns, Cleanup: 14301 ns, At safepoint: 687248 ns, Total: 1705445 ns
[2025-10-13T17:34:19.356-0700][1207][info ][safepoint   ] Safepoint "ICBufferFull", Time since last: 2918386 ns, Reaching safepoint: 1697884 ns, Cleanup: 3816 ns, At safepoint: 495678 ns, Total: 2197378 ns
[2025-10-13T17:34:19.363-0700][1207][info ][safepoint   ] Safepoint "ICBufferFull", Time since last: 5051417 ns, Reaching safepoint: 968042 ns, Cleanup: 4156 ns, At safepoint: 471773 ns, Total: 1443971 ns
[2025-10-13T17:34:19.365-0700][1207][info ][safepoint   ] Safepoint "ICBufferFull", Time since last: 1097987 ns, Reaching safepoint: 770394 ns, Cleanup: 3415 ns, At safepoint: 519815 ns, Total: 1293624 ns
[2025-10-13T17:34:19.368-0700][1207][info ][safepoint   ] Safepoint "ICBufferFull", Time since last: 1464230 ns, Reaching safepoint: 802091 ns, Cleanup: 3756 ns, At safepoint: 542069 ns, Total: 1347916 ns
[2025-10-13T17:34:19.370-0700][1207][info ][safepoint   ] Safepoint "ICBufferFull", Time since last: 643031 ns, Reaching safepoint: 665084 ns, Cleanup: 3034 ns, At safepoint: 533115 ns, Total: 1201233 ns
[2025-10-13T17:34:19.373-0700][1207][info ][safepoint   ] Safepoint "ICBufferFull", Time since last: 2351761 ns, Reaching safepoint: 860850 ns, Cleanup: 13580 ns, At safepoint: 505013 ns, Total: 1379443 ns
[2025-10-13T17:34:19.375-0700][1207][info ][safepoint   ] Safepoint "ICBufferFull", Time since last: 751915 ns, Reaching safepoint: 684484 ns, Cleanup: 3034 ns, At safepoint: 484392 ns, Total: 1171910 ns
[2025-10-13T17:34:19.377-0700][1207][info ][safepoint   ] Safepoint "ICBufferFull", Time since last: 464381 ns, Reaching safepoint: 601809 ns, Cleanup: 3104 ns, At safepoint: 485103 ns, Total: 1090016 ns
[2025-10-13T17:34:19.380-0700][1207][info ][safepoint   ] Safepoint "ICBufferFull", Time since last: 1622259 ns, Reaching safepoint: 767349 ns, Cleanup: 2053 ns, At safepoint: 451331 ns, Total: 1220733 ns
[2025-10-13T17:34:19.382-0700][1207][info ][safepoint   ] Safepoint "ICBufferFull", Time since last: 784525 ns, Reaching safepoint: 944947 ns, Cleanup: 4386 ns, At safepoint: 584443 ns, Total: 1533776 ns
[2025-10-13T17:34:19.384-0700][1207][info ][safepoint   ] Safepoint "ICBufferFull", Time since last: 794119 ns, Reaching safepoint: 805536 ns, Cleanup: 3726 ns, At safepoint: 505603 ns, Total: 1314865 ns
[2025-10-13T17:34:19.386-0700][1207][info ][safepoint   ] Safepoint "ICBufferFull", Time since last: 827990 ns, Reaching safepoint: 715410 ns, Cleanup: 3506 ns, At safepoint: 416328 ns, Total: 1135244 ns
[2025-10-13T17:34:19.388-0700][1207][info ][safepoint   ] Safepoint "ICBufferFull", Time since last: 982444 ns, Reaching safepoint: 774840 ns, Cleanup: 3325 ns, At safepoint: 504491 ns, Total: 1282656 ns
[2025-10-13T17:34:19.398-0700][1207][info ][safepoint   ] Safepoint "ICBufferFull", Time since last: 5440825 ns, Reaching safepoint: 3183737 ns, Cleanup: 10807 ns, At safepoint: 668639 ns, Total: 3863183 ns
[2025-10-13T17:34:19.406-0700][1207][info ][safepoint   ] Safepoint "ICBufferFull", Time since last: 6731364 ns, Reaching safepoint: 1070376 ns, Cleanup: 15113 ns, At safepoint: 707999 ns, Total: 1793488 ns
[2025-10-13T17:34:19.412-0700][1207][info ][safepoint   ] Safepoint "ICBufferFull", Time since last: 3745565 ns, Reaching safepoint: 1200954 ns, Cleanup: 4226 ns, At safepoint: 827760 ns, Total: 2032940 ns
[2025-10-13T17:34:19.417-0700][1207][info ][safepoint   ] Safepoint "ICBufferFull", Time since last: 3342346 ns, Reaching safepoint: 1088444 ns, Cleanup: 4667 ns, At safepoint: 737253 ns, Total: 1830364 ns
[2025-10-13T17:34:19.423-0700][1207][info ][safepoint   ] Safepoint "ICBufferFull", Time since last: 3894751 ns, Reaching safepoint: 1038147 ns, Cleanup: 4747 ns, At safepoint: 567187 ns, Total: 1610081 ns
[2025-10-13T17:34:19.429-0700][1207][info ][safepoint   ] Safepoint "ICBufferFull", Time since last: 2878666 ns, Reaching safepoint: 3024447 ns, Cleanup: 4346 ns, At safepoint: 645395 ns, Total: 3674188 ns
[2025-10-13T17:34:19.431-0700][1207][info ][safepoint   ] Safepoint "ICBufferFull", Time since last: 852797 ns, Reaching safepoint: 813739 ns, Cleanup: 3175 ns, At safepoint: 529409 ns, Total: 1346323 ns
[2025-10-13T17:34:19.436-0700][1207][info ][safepoint   ] Safepoint "ICBufferFull", Time since last: 3006379 ns, Reaching safepoint: 900911 ns, Cleanup: 11367 ns, At safepoint: 545924 ns, Total: 1458202 ns
[2025-10-13T17:34:19.441-0700][1207][info ][safepoint   ] Safepoint "ICBufferFull", Time since last: 3490010 ns, Reaching safepoint: 979398 ns, Cleanup: 4287 ns, At safepoint: 567957 ns, Total: 1551642 ns
[2025-10-13T17:34:19.444-0700][1207][info ][safepoint   ] Safepoint "ICBufferFull", Time since last: 1821380 ns, Reaching safepoint: 946049 ns, Cleanup: 4206 ns, At safepoint: 618514 ns, Total: 1568769 ns
[2025-10-13T17:34:19.449-0700][1207][info ][safepoint   ] Safepoint "ICBufferFull", Time since last: 3030055 ns, Reaching safepoint: 1045389 ns, Cleanup: 4606 ns, At safepoint: 660257 ns, Total: 1710252 ns
[2025-10-13T17:34:19.453-0700][1207][info ][safepoint   ] Safepoint "ICBufferFull", Time since last: 2032750 ns, Reaching safepoint: 962954 ns, Cleanup: 3785 ns, At safepoint: 562049 ns, Total: 1528788 ns
[2025-10-13T17:34:19.455-0700][1207][info ][safepoint   ] Safepoint "ICBufferFull", Time since last: 1071017 ns, Reaching safepoint: 1066621 ns, Cleanup: 22113 ns, At safepoint: 570852 ns, Total: 1659586 ns
[2025-10-13T17:34:19.463-0700][1207][info ][safepoint   ] Safepoint "ICBufferFull", Time since last: 5737783 ns, Reaching safepoint: 1528618 ns, Cleanup: 4737 ns, At safepoint: 337640 ns, Total: 1870995 ns
[2025-10-13T17:34:19.465-0700][1207][info ][safepoint   ] Safepoint "ICBufferFull", Time since last: 502900 ns, Reaching safepoint: 890334 ns, Cleanup: 3786 ns, At safepoint: 402557 ns, Total: 1296677 ns
[2025-10-13T17:34:19.466-0700][1207][info ][safepoint   ] Safepoint "ICBufferFull", Time since last: 673387 ns, Reaching safepoint: 576701 ns, Cleanup: 3135 ns, At safepoint: 373203 ns, Total: 953039 ns
[2025-10-13T17:34:19.469-0700][1207][info ][safepoint   ] Safepoint "ICBufferFull", Time since last: 1267384 ns, Reaching safepoint: 582509 ns, Cleanup: 3526 ns, At safepoint: 417570 ns, Total: 1003605 ns
[2025-10-13T17:34:19.471-0700][1207][info ][safepoint   ] Safepoint "ICBufferFull", Time since last: 871586 ns, Reaching safepoint: 1023946 ns, Cleanup: 3846 ns, At safepoint: 413003 ns, Total: 1440795 ns
[2025-10-13T17:34:19.473-0700][1207][info ][safepoint   ] Safepoint "ICBufferFull", Time since last: 494828 ns, Reaching safepoint: 823393 ns, Cleanup: 3715 ns, At safepoint: 445563 ns, Total: 1272671 ns
[2025-10-13T17:34:19.474-0700][1207][info ][safepoint   ] Safepoint "ICBufferFull", Time since last: 730143 ns, Reaching safepoint: 594557 ns, Cleanup: 2694 ns, At safepoint: 515168 ns, Total: 1112419 ns
[2025-10-13T17:34:19.478-0700][1207][info ][safepoint   ] Safepoint "ICBufferFull", Time since last: 2258711 ns, Reaching safepoint: 1017025 ns, Cleanup: 4076 ns, At safepoint: 579926 ns, Total: 1601027 ns
[2025-10-13T17:34:19.481-0700][1207][info ][safepoint   ] Safepoint "ICBufferFull", Time since last: 790263 ns, Reaching safepoint: 910154 ns, Cleanup: 3516 ns, At safepoint: 670202 ns, Total: 1583872 ns
[2025-10-13T17:34:19.486-0700][1207][info ][safepoint   ] Safepoint "ICBufferFull", Time since last: 3293112 ns, Reaching safepoint: 1023936 ns, Cleanup: 4326 ns, At safepoint: 674138 ns, Total: 1702400 ns
[2025-10-13T17:34:19.492-0700][1207][info ][safepoint   ] Safepoint "ICBufferFull", Time since last: 4430350 ns, Reaching safepoint: 1210578 ns, Cleanup: 9894 ns, At safepoint: 678335 ns, Total: 1898807 ns
[2025-10-13T17:34:19.499-0700][1207][info ][safepoint   ] Safepoint "ICBufferFull", Time since last: 5052729 ns, Reaching safepoint: 1121663 ns, Cleanup: 4096 ns, At safepoint: 673998 ns, Total: 1799757 ns
[2025-10-13T17:34:19.504-0700][1207][info ][safepoint   ] Safepoint "ICBufferFull", Time since last: 3006249 ns, Reaching safepoint: 1416379 ns, Cleanup: 11427 ns, At safepoint: 719146 ns, Total: 2146952 ns
[2025-10-13T17:34:19.509-0700][1207][info ][safepoint   ] Safepoint "ICBufferFull", Time since last: 2638203 ns, Reaching safepoint: 1137438 ns, Cleanup: 11948 ns, At safepoint: 732776 ns, Total: 1882162 ns
[2025-10-13T17:34:19.516-0700][1207][info ][safepoint   ] Safepoint "ICBufferFull", Time since last: 3688980 ns, Reaching safepoint: 2781049 ns, Cleanup: 13240 ns, At safepoint: 802812 ns, Total: 3597101 ns
[2025-10-13T17:34:19.518-0700][1207][info ][safepoint   ] Safepoint "ICBufferFull", Time since last: 901782 ns, Reaching safepoint: 1006289 ns, Cleanup: 3486 ns, At safepoint: 708860 ns, Total: 1718635 ns
[2025-10-13T17:34:19.522-0700][1207][info ][safepoint   ] Safepoint "ICBufferFull", Time since last: 1655690 ns, Reaching safepoint: 1080792 ns, Cleanup: 18397 ns, At safepoint: 770814 ns, Total: 1870003 ns
[2025-10-13T17:34:19.527-0700][1207][info ][safepoint   ] Safepoint "ICBufferFull", Time since last: 2979749 ns, Reaching safepoint: 1010336 ns, Cleanup: 3555 ns, At safepoint: 667107 ns, Total: 1680998 ns
[2025-10-13T17:34:19.533-0700][1207][info ][safepoint   ] Safepoint "ICBufferFull", Time since last: 4469279 ns, Reaching safepoint: 1160792 ns, Cleanup: 13240 ns, At safepoint: 635900 ns, Total: 1809932 ns
[2025-10-13T17:34:19.540-0700][1207][info ][safepoint   ] Safepoint "ICBufferFull", Time since last: 5725595 ns, Reaching safepoint: 1039730 ns, Cleanup: 13991 ns, At safepoint: 489469 ns, Total: 1543190 ns
[2025-10-13T17:34:19.542-0700][1207][info ][safepoint   ] Safepoint "ICBufferFull", Time since last: 927200 ns, Reaching safepoint: 732536 ns, Cleanup: 1983 ns, At safepoint: 255987 ns, Total: 990506 ns
[2025-10-13T17:34:19.543-0700][1207][info ][safepoint   ] Safepoint "ICBufferFull", Time since last: 215475 ns, Reaching safepoint: 538984 ns, Cleanup: 1733 ns, At safepoint: 231329 ns, Total: 772046 ns
[2025-10-13T17:34:19.544-0700][1207][info ][safepoint   ] Safepoint "ICBufferFull", Time since last: 254294 ns, Reaching safepoint: 477941 ns, Cleanup: 1373 ns, At safepoint: 153822 ns, Total: 633136 ns
[2025-10-13T17:34:19.545-0700][1207][info ][safepoint   ] Safepoint "ICBufferFull", Time since last: 81112 ns, Reaching safepoint: 395287 ns, Cleanup: 1643 ns, At safepoint: 140141 ns, Total: 537071 ns
[2025-10-13T17:34:19.545-0700][1207][info ][safepoint   ] Safepoint "ICBufferFull", Time since last: 58809 ns, Reaching safepoint: 307975 ns, Cleanup: 1392 ns, At safepoint: 116266 ns, Total: 425633 ns
[2025-10-13T17:34:19.546-0700][1207][info ][safepoint   ] Safepoint "ICBufferFull", Time since last: 92720 ns, Reaching safepoint: 270779 ns, Cleanup: 1362 ns, At safepoint: 113932 ns, Total: 386073 ns
[2025-10-13T17:34:19.546-0700][1207][info ][safepoint   ] Safepoint "ICBufferFull", Time since last: 53941 ns, Reaching safepoint: 249647 ns, Cleanup: 981 ns, At safepoint: 104007 ns, Total: 354635 ns
[2025-10-13T17:34:19.546-0700][1207][info ][safepoint   ] Safepoint "ICBufferFull", Time since last: 43987 ns, Reaching safepoint: 242716 ns, Cleanup: 842 ns, At safepoint: 110687 ns, Total: 354245 ns
[2025-10-13T17:34:19.548-0700][1207][info ][safepoint   ] Safepoint "ICBufferFull", Time since last: 63205 ns, Reaching safepoint: 1332452 ns, Cleanup: 2053 ns, At safepoint: 81123 ns, Total: 1415628 ns
[2025-10-13T17:34:19.548-0700][1207][info ][safepoint   ] Safepoint "ICBufferFull", Time since last: 55073 ns, Reaching safepoint: 238129 ns, Cleanup: 1102 ns, At safepoint: 97397 ns, Total: 336628 ns
[2025-10-13T17:34:19.549-0700][1207][info ][safepoint   ] Safepoint "ICBufferFull", Time since last: 41553 ns, Reaching safepoint: 221354 ns, Cleanup: 791 ns, At safepoint: 81884 ns, Total: 304029 ns
[2025-10-13T17:34:19.549-0700][1207][info ][safepoint   ] Safepoint "ICBufferFull", Time since last: 43496 ns, Reaching safepoint: 217889 ns, Cleanup: 981 ns, At safepoint: 84958 ns, Total: 303828 ns
[2025-10-13T17:34:19.549-0700][1207][info ][safepoint   ] Safepoint "ICBufferFull", Time since last: 41142 ns, Reaching safepoint: 221405 ns, Cleanup: 420 ns, At safepoint: 80372 ns, Total: 302197 ns
[2025-10-13T17:34:19.550-0700][1207][info ][safepoint   ] Safepoint "ICBufferFull", Time since last: 37977 ns, Reaching safepoint: 216777 ns, Cleanup: 992 ns, At safepoint: 93150 ns, Total: 310919 ns
[2025-10-13T17:34:19.550-0700][1207][info ][safepoint   ] Safepoint "ICBufferFull", Time since last: 35234 ns, Reaching safepoint: 213021 ns, Cleanup: 1042 ns, At safepoint: 78789 ns, Total: 292852 ns
[2025-10-13T17:34:19.550-0700][1207][info ][safepoint   ] Safepoint "ICBufferFull", Time since last: 39249 ns, Reaching safepoint: 220563 ns, Cleanup: 801 ns, At safepoint: 88073 ns, Total: 309437 ns
[2025-10-13T17:34:19.551-0700][1207][info ][safepoint   ] Safepoint "ICBufferFull", Time since last: 46651 ns, Reaching safepoint: 215505 ns, Cleanup: 891 ns, At safepoint: 80342 ns, Total: 296738 ns
[2025-10-13T17:34:19.553-0700][1207][info ][gc,start    ] GC(39) Pause Young (Mixed) (G1 Evacuation Pause)
[2025-10-13T17:34:19.553-0700][1207][info ][gc,task     ] GC(39) Using 113 workers of 113 for evacuation
[2025-10-13T17:34:19.569-0700][1207][debug][gc,remset   ] GC(39) Visited cards 9850624 Total dirty 22216704 (44.34%) Total old 480968704 (2.05%)
[2025-10-13T17:34:19.768-0700][1207][info ][gc,mmu      ] GC(39) MMU target violated: 201.0ms (200.0ms/201.0ms)
[2025-10-13T17:34:19.768-0700][1207][info ][gc,phases   ] GC(39)   Pre Evacuate Collection Set: 0.8ms
[2025-10-13T17:34:19.768-0700][1207][info ][gc,phases   ] GC(39)   Merge Heap Roots: 15.1ms
[2025-10-13T17:34:19.768-0700][1207][info ][gc,phases   ] GC(39)   Evacuate Collection Set: 187.6ms
[2025-10-13T17:34:19.768-0700][1207][info ][gc,phases   ] GC(39)   Post Evacuate Collection Set: 11.1ms
[2025-10-13T17:34:19.768-0700][1207][info ][gc,phases   ] GC(39)   Other: 0.5ms
[2025-10-13T17:34:19.768-0700][1207][debug][gc,remset   ] GC(39) Coarsening (recent): Inline->AoC 525 (0) AoC->Howl 2 (0) Howl->Full 0 (0) Inline->AoC 10 (0) AoC->BitMap 2 (0) BitMap->Full 0 (0) 
[2025-10-13T17:34:19.768-0700][1207][debug][gc,remset   ] GC(39) Coarsening (all): Inline->AoC 56391 (0) AoC->Howl 4932 (0) Howl->Full 0 (0) Inline->AoC 32633 (0) AoC->BitMap 5415 (0) BitMap->Full 0 (0) 
[2025-10-13T17:34:19.768-0700][1207][info ][gc,heap     ] GC(39) Eden regions: 3418->0(269)
[2025-10-13T17:34:19.768-0700][1207][info ][gc,heap     ] GC(39) Survivor regions: 38->174(432)
[2025-10-13T17:34:19.768-0700][1207][info ][gc,heap     ] GC(39) Old regions: 368->342
[2025-10-13T17:34:19.768-0700][1207][info ][gc,heap     ] GC(39) Humongous regions: 31->6
[2025-10-13T17:34:19.768-0700][1207][info ][gc,metaspace] GC(39) Metaspace: 291771K(295936K)->291771K(295936K) NonClass: 256489K(258816K)->256489K(258816K) Class: 35282K(37120K)->35282K(37120K)
[2025-10-13T17:34:19.768-0700][1207][info ][gc          ] GC(39) Pause Young (Mixed) (G1 Evacuation Pause) 123350M->16674M(184320M) 215.138ms
[2025-10-13T17:34:19.770-0700][1207][info ][gc,cpu      ] GC(39) User=13.16s Sys=0.09s Real=0.21s
[2025-10-13T17:34:19.770-0700][1207][info ][safepoint   ] Safepoint "G1CollectForAllocation", Time since last: 37947 ns, Reaching safepoint: 217048 ns, Cleanup: 1091 ns, At safepoint: 219344796 ns, Total: 219562935 ns
[2025-10-13T17:34:19.773-0700][1207][info ][safepoint   ] Safepoint "ICBufferFull", Time since last: 55053 ns, Reaching safepoint: 1739216 ns, Cleanup: 2804 ns, At safepoint: 471853 ns, Total: 2213873 ns
[2025-10-13T17:34:19.775-0700][1207][info ][safepoint   ] Safepoint "ICBufferFull", Time since last: 1197328 ns, Reaching safepoint: 798756 ns, Cleanup: 3225 ns, At safepoint: 551863 ns, Total: 1353844 ns
[2025-10-13T17:34:19.785-0700][1207][info ][safepoint   ] Safepoint "ICBufferFull", Time since last: 7735029 ns, Reaching safepoint: 1158499 ns, Cleanup: 12659 ns, At safepoint: 837565 ns, Total: 2008723 ns
[2025-10-13T17:34:19.793-0700][1207][info ][safepoint   ] Safepoint "ICBufferFull", Time since last: 2762701 ns, Reaching safepoint: 918828 ns, Cleanup: 3595 ns, At safepoint: 4680757 ns, Total: 5603180 ns
[2025-10-13T17:34:19.800-0700][1207][info ][safepoint   ] Safepoint "ICBufferFull", Time since last: 3819377 ns, Reaching safepoint: 1955533 ns, Cleanup: 18508 ns, At safepoint: 1152520 ns, Total: 3126561 ns
[2025-10-13T17:34:19.806-0700][1207][info ][safepoint   ] Safepoint "ICBufferFull", Time since last: 4074312 ns, Reaching safepoint: 1129746 ns, Cleanup: 4146 ns, At safepoint: 926218 ns, Total: 2060110 ns
[2025-10-13T17:34:19.813-0700][1207][info ][safepoint   ] Safepoint "ICBufferFull", Time since last: 5015924 ns, Reaching safepoint: 982403 ns, Cleanup: 4036 ns, At safepoint: 622861 ns, Total: 1609300 ns
[2025-10-13T17:34:19.818-0700][1207][info ][safepoint   ] Safepoint "ICBufferFull", Time since last: 3440594 ns, Reaching safepoint: 1045950 ns, Cleanup: 10185 ns, At safepoint: 608919 ns, Total: 1665054 ns
[2025-10-13T17:34:19.823-0700][1207][info ][safepoint   ] Safepoint "ICBufferFull", Time since last: 3335326 ns, Reaching safepoint: 988813 ns, Cleanup: 4027 ns, At safepoint: 612725 ns, Total: 1605565 ns
[2025-10-13T17:34:19.828-0700][1207][info ][safepoint   ] Safepoint "ICBufferFull", Time since last: 3342006 ns, Reaching safepoint: 1024537 ns, Cleanup: 4016 ns, At safepoint: 534727 ns, Total: 1563280 ns
[2025-10-13T17:34:19.833-0700][1207][info ][safepoint   ] Safepoint "ICBufferFull", Time since last: 3345021 ns, Reaching safepoint: 1267523 ns, Cleanup: 4177 ns, At safepoint: 507626 ns, Total: 1779326 ns
[2025-10-13T17:34:19.835-0700][1207][info ][safepoint   ] Safepoint "ICBufferFull", Time since last: 864616 ns, Reaching safepoint: 781820 ns, Cleanup: 2935 ns, At safepoint: 446804 ns, Total: 1231559 ns
[2025-10-13T17:34:19.837-0700][1207][info ][safepoint   ] Safepoint "ICBufferFull", Time since last: 506185 ns, Reaching safepoint: 620807 ns, Cleanup: 3205 ns, At safepoint: 479884 ns, Total: 1103896 ns
[2025-10-13T17:34:19.838-0700][1207][info ][safepoint   ] Safepoint "ICBufferFull", Time since last: 267835 ns, Reaching safepoint: 632665 ns, Cleanup: 3125 ns, At safepoint: 449258 ns, Total: 1085048 ns
[2025-10-13T17:34:19.846-0700][1207][info ][safepoint   ] Safepoint "ICBufferFull", Time since last: 3795290 ns, Reaching safepoint: 3163687 ns, Cleanup: 12549 ns, At safepoint: 852618 ns, Total: 4028854 ns
[2025-10-13T17:34:19.848-0700][1207][info ][safepoint   ] Safepoint "ICBufferFull", Time since last: 949914 ns, Reaching safepoint: 951036 ns, Cleanup: 4246 ns, At safepoint: 633126 ns, Total: 1588408 ns
[2025-10-13T17:34:19.851-0700][1207][info ][safepoint   ] Safepoint "ICBufferFull", Time since last: 1277269 ns, Reaching safepoint: 884645 ns, Cleanup: 3636 ns, At safepoint: 595739 ns, Total: 1484020 ns
[2025-10-13T17:34:20.045-0700][1207][info ][gc,start    ] GC(40) Pause Young (Normal) (G1 Evacuation Pause)
[2025-10-13T17:34:20.046-0700][1207][info ][gc,task     ] GC(40) Using 113 workers of 113 for evacuation
[2025-10-13T17:34:20.057-0700][1207][debug][gc,remset   ] GC(40) Visited cards 9466880 Total dirty 22347776 (42.36%) Total old 65142784 (14.53%)
[2025-10-13T17:34:20.215-0700][1207][info ][gc,phases   ] GC(40)   Pre Evacuate Collection Set: 0.9ms
[2025-10-13T17:34:20.215-0700][1207][info ][gc,phases   ] GC(40)   Merge Heap Roots: 10.0ms
[2025-10-13T17:34:20.215-0700][1207][info ][gc,phases   ] GC(40)   Evacuate Collection Set: 154.3ms
[2025-10-13T17:34:20.215-0700][1207][info ][gc,phases   ] GC(40)   Post Evacuate Collection Set: 3.9ms
[2025-10-13T17:34:20.215-0700][1207][info ][gc,phases   ] GC(40)   Other: 0.1ms
[2025-10-13T17:34:20.215-0700][1207][debug][gc,remset   ] GC(40) Coarsening (recent): Inline->AoC 0 (0) AoC->Howl 0 (0) Howl->Full 0 (0) Inline->AoC 0 (0) AoC->BitMap 0 (0) BitMap->Full 0 (0) 
[2025-10-13T17:34:20.215-0700][1207][debug][gc,remset   ] GC(40) Coarsening (all): Inline->AoC 56391 (0) AoC->Howl 4932 (0) Howl->Full 0 (0) Inline->AoC 32633 (0) AoC->BitMap 5415 (0) BitMap->Full 0 (0) 
[2025-10-13T17:34:20.215-0700][1207][info ][gc,heap     ] GC(40) Eden regions: 149->0(346)
[2025-10-13T17:34:20.215-0700][1207][info ][gc,heap     ] GC(40) Survivor regions: 174->40(41)
[2025-10-13T17:34:20.215-0700][1207][info ][gc,heap     ] GC(40) Old regions: 342->494
[2025-10-13T17:34:20.215-0700][1207][info ][gc,heap     ] GC(40) Humongous regions: 6->6
[2025-10-13T17:34:20.215-0700][1207][info ][gc,metaspace] GC(40) Metaspace: 291850K(296000K)->291850K(296000K) NonClass: 256568K(258880K)->256568K(258880K) Class: 35282K(37120K)->35282K(37120K)
[2025-10-13T17:34:20.215-0700][1207][info ][gc          ] GC(40) Pause Young (Normal) (G1 Evacuation Pause) 21442M->17234M(184320M) 169.430ms
[2025-10-13T17:34:20.217-0700][1207][info ][gc,cpu      ] GC(40) User=8.23s Sys=0.10s Real=0.17s
[2025-10-13T17:34:20.219-0700][1207][info ][safepoint   ] Safepoint "G1CollectForAllocation", Time since last: 191237417 ns, Reaching safepoint: 1291490 ns, Cleanup: 31327 ns, At safepoint: 174904116 ns, Total: 176226933 ns
[2025-10-13T17:34:20.620-0700][1207][info ][safepoint   ] Safepoint "ICBufferFull", Time since last: 395042919 ns, Reaching safepoint: 1234284 ns, Cleanup: 213082 ns, At safepoint: 5071497 ns, Total: 6518863 ns
[2025-10-13T17:34:20.638-0700][1207][info ][safepoint   ] Safepoint "ICBufferFull", Time since last: 439103 ns, Reaching safepoint: 1954571 ns, Cleanup: 9645 ns, At safepoint: 15734497 ns, Total: 17698713 ns
[2025-10-13T17:34:21.470-0700][1207][info ][gc,start    ] GC(41) Pause Young (Normal) (G1 Evacuation Pause)
[2025-10-13T17:34:21.470-0700][1207][info ][gc,task     ] GC(41) Using 113 workers of 113 for evacuation
[2025-10-13T17:34:21.481-0700][1207][debug][gc,remset   ] GC(41) Visited cards 9776128 Total dirty 31588352 (30.95%) Total old 85721088 (11.40%)
[2025-10-13T17:34:21.579-0700][1207][info ][gc,phases   ] GC(41)   Pre Evacuate Collection Set: 0.7ms
[2025-10-13T17:34:21.579-0700][1207][info ][gc,phases   ] GC(41)   Merge Heap Roots: 11.0ms
[2025-10-13T17:34:21.579-0700][1207][info ][gc,phases   ] GC(41)   Evacuate Collection Set: 91.1ms
[2025-10-13T17:34:21.579-0700][1207][info ][gc,phases   ] GC(41)   Post Evacuate Collection Set: 6.4ms
[2025-10-13T17:34:21.579-0700][1207][info ][gc,phases   ] GC(41)   Other: 0.1ms
[2025-10-13T17:34:21.579-0700][1207][debug][gc,remset   ] GC(41) Coarsening (recent): Inline->AoC 0 (0) AoC->Howl 0 (0) Howl->Full 0 (0) Inline->AoC 0 (0) AoC->BitMap 0 (0) BitMap->Full 0 (0) 
[2025-10-13T17:34:21.579-0700][1207][debug][gc,remset   ] GC(41) Coarsening (all): Inline->AoC 56391 (0) AoC->Howl 4932 (0) Howl->Full 0 (0) Inline->AoC 32633 (0) AoC->BitMap 5415 (0) BitMap->Full 0 (0) 
[2025-10-13T17:34:21.579-0700][1207][info ][gc,heap     ] GC(41) Eden regions: 364->0(427)
[2025-10-13T17:34:21.579-0700][1207][info ][gc,heap     ] GC(41) Survivor regions: 40->51(51)
[2025-10-13T17:34:21.579-0700][1207][info ][gc,heap     ] GC(41) Old regions: 494->516
[2025-10-13T17:34:21.579-0700][1207][info ][gc,heap     ] GC(41) Humongous regions: 6->6
[2025-10-13T17:34:21.579-0700][1207][info ][gc,metaspace] GC(41) Metaspace: 292070K(296256K)->292070K(296256K) NonClass: 256783K(259136K)->256783K(259136K) Class: 35286K(37120K)->35286K(37120K)
[2025-10-13T17:34:21.579-0700][1207][info ][gc          ] GC(41) Pause Young (Normal) (G1 Evacuation Pause) 28882M->18331M(184320M) 109.418ms
[2025-10-13T17:34:21.581-0700][1207][info ][gc,cpu      ] GC(41) User=5.29s Sys=0.08s Real=0.12s
[2025-10-13T17:34:21.585-0700][1207][info ][safepoint   ] Safepoint "G1CollectForAllocation", Time since last: 828026856 ns, Reaching safepoint: 1422258 ns, Cleanup: 122425 ns, At safepoint: 117420471 ns, Total: 118965154 ns
[2025-10-13T17:34:22.281-0700][1207][info ][gc,start    ] GC(42) Pause Young (Concurrent Start) (G1 Humongous Allocation)
[2025-10-13T17:34:22.281-0700][1207][info ][gc,task     ] GC(42) Using 113 workers of 113 for evacuation
[2025-10-13T17:34:22.293-0700][1207][debug][gc,remset   ] GC(42) Visited cards 10318848 Total dirty 33030144 (31.24%) Total old 68419584 (15.08%)
[2025-10-13T17:34:22.410-0700][1207][info ][gc,phases   ] GC(42)   Pre Evacuate Collection Set: 0.9ms
[2025-10-13T17:34:22.410-0700][1207][info ][gc,phases   ] GC(42)   Merge Heap Roots: 10.7ms
[2025-10-13T17:34:22.410-0700][1207][info ][gc,phases   ] GC(42)   Evacuate Collection Set: 111.8ms
[2025-10-13T17:34:22.410-0700][1207][info ][gc,phases   ] GC(42)   Post Evacuate Collection Set: 4.9ms
[2025-10-13T17:34:22.410-0700][1207][info ][gc,phases   ] GC(42)   Other: 0.1ms
[2025-10-13T17:34:22.410-0700][1207][debug][gc,remset   ] GC(42) Coarsening (recent): Inline->AoC 0 (0) AoC->Howl 0 (0) Howl->Full 0 (0) Inline->AoC 0 (0) AoC->BitMap 0 (0) BitMap->Full 0 (0) 
[2025-10-13T17:34:22.410-0700][1207][debug][gc,remset   ] GC(42) Coarsening (all): Inline->AoC 56391 (0) AoC->Howl 4932 (0) Howl->Full 0 (0) Inline->AoC 32633 (0) AoC->BitMap 5415 (0) BitMap->Full 0 (0) 
[2025-10-13T17:34:22.410-0700][1207][info ][gc,heap     ] GC(42) Eden regions: 210->0(947)
[2025-10-13T17:34:22.410-0700][1207][info ][gc,heap     ] GC(42) Survivor regions: 51->37(60)
[2025-10-13T17:34:22.410-0700][1207][info ][gc,heap     ] GC(42) Old regions: 516->538
[2025-10-13T17:34:22.410-0700][1207][info ][gc,heap     ] GC(42) Humongous regions: 6->6
[2025-10-13T17:34:22.410-0700][1207][info ][gc,metaspace] GC(42) Metaspace: 292147K(296320K)->292147K(296320K) NonClass: 256858K(259200K)->256858K(259200K) Class: 35288K(37120K)->35288K(37120K)
[2025-10-13T17:34:22.410-0700][1207][info ][gc          ] GC(42) Pause Young (Concurrent Start) (G1 Humongous Allocation) 25051M->18579M(184320M) 128.663ms
[2025-10-13T17:34:22.410-0700][1090][info ][gc          ] GC(43) Concurrent Mark Cycle
[2025-10-13T17:34:22.410-0700][1090][info ][gc,marking  ] GC(43) Concurrent Scan Root Regions
[2025-10-13T17:34:22.412-0700][1207][info ][gc,cpu      ] GC(42) User=4.50s Sys=0.05s Real=0.13s
[2025-10-13T17:34:22.414-0700][1207][info ][safepoint   ] Safepoint "G1TryInitiateConcMark", Time since last: 684328088 ns, Reaching safepoint: 9428215 ns, Cleanup: 138079 ns, At safepoint: 134353558 ns, Total: 143919852 ns
[2025-10-13T17:34:22.439-0700][1090][info ][gc,marking  ] GC(43) Concurrent Scan Root Regions 29.010ms
[2025-10-13T17:34:22.439-0700][1090][info ][gc,marking  ] GC(43) Concurrent Mark
[2025-10-13T17:34:22.439-0700][1090][info ][gc,marking  ] GC(43) Concurrent Mark From Roots
[2025-10-13T17:34:22.439-0700][1090][info ][gc,task     ] GC(43) Using 36 workers of 36 for marking
[2025-10-13T17:34:22.763-0700][1090][info ][gc,marking  ] GC(43) Concurrent Mark From Roots 323.873ms
[2025-10-13T17:34:22.763-0700][1090][info ][gc,marking  ] GC(43) Concurrent Preclean
[2025-10-13T17:34:22.777-0700][1090][info ][gc,marking  ] GC(43) Concurrent Preclean 13.817ms
[2025-10-13T17:34:22.780-0700][1207][info ][gc,start    ] GC(43) Pause Remark
[2025-10-13T17:34:23.141-0700][1207][info ][gc,mmu      ] GC(43) MMU target violated: 201.0ms (200.0ms/201.0ms)
[2025-10-13T17:34:23.141-0700][1207][info ][gc          ] GC(43) Pause Remark 23558M->23366M(184320M) 361.116ms
[2025-10-13T17:34:23.143-0700][1207][info ][gc,cpu      ] GC(43) User=2.49s Sys=0.07s Real=0.37s
[2025-10-13T17:34:23.145-0700][1207][info ][safepoint   ] Safepoint "G1PauseRemark", Time since last: 363338801 ns, Reaching safepoint: 924375 ns, Cleanup: 104488 ns, At safepoint: 366571792 ns, Total: 367600655 ns
[2025-10-13T17:34:23.145-0700][1090][info ][gc,marking  ] GC(43) Concurrent Mark 705.565ms
[2025-10-13T17:34:23.145-0700][1090][info ][gc,marking  ] GC(43) Concurrent Rebuild Remembered Sets and Scrub Regions
[2025-10-13T17:34:23.649-0700][1207][info ][safepoint   ] Safepoint "ICBufferFull", Time since last: 486100987 ns, Reaching safepoint: 16485841 ns, Cleanup: 358782 ns, At safepoint: 1257228 ns, Total: 18101851 ns
[2025-10-13T17:34:23.655-0700][1207][info ][safepoint   ] Safepoint "ICBufferFull", Time since last: 3723352 ns, Reaching safepoint: 1942503 ns, Cleanup: 24928 ns, At safepoint: 463209 ns, Total: 2430640 ns
[2025-10-13T17:34:23.658-0700][1207][info ][safepoint   ] Safepoint "ICBufferFull", Time since last: 1021913 ns, Reaching safepoint: 2017957 ns, Cleanup: 10957 ns, At safepoint: 410279 ns, Total: 2439193 ns
[2025-10-13T17:34:23.683-0700][1207][info ][safepoint   ] Safepoint "ICBufferFull", Time since last: 296207 ns, Reaching safepoint: 22994980 ns, Cleanup: 15444 ns, At safepoint: 1356638 ns, Total: 24367062 ns
[2025-10-13T17:34:23.689-0700][1207][info ][safepoint   ] Safepoint "ICBufferFull", Time since last: 1809101 ns, Reaching safepoint: 2641459 ns, Cleanup: 11267 ns, At safepoint: 1346503 ns, Total: 3999229 ns
[2025-10-13T17:34:23.692-0700][1207][info ][safepoint   ] Safepoint "ICBufferFull", Time since last: 226732 ns, Reaching safepoint: 2641028 ns, Cleanup: 10215 ns, At safepoint: 438693 ns, Total: 3089936 ns
[2025-10-13T17:34:23.695-0700][1207][info ][safepoint   ] Safepoint "ICBufferFull", Time since last: 723792 ns, Reaching safepoint: 1978257 ns, Cleanup: 9435 ns, At safepoint: 543460 ns, Total: 2531152 ns
[2025-10-13T17:34:23.698-0700][1207][info ][safepoint   ] Safepoint "ICBufferFull", Time since last: 216958 ns, Reaching safepoint: 2285561 ns, Cleanup: 8272 ns, At safepoint: 466104 ns, Total: 2759937 ns
[2025-10-13T17:34:23.700-0700][1207][info ][safepoint   ] Safepoint "ICBufferFull", Time since last: 149015 ns, Reaching safepoint: 1614398 ns, Cleanup: 4076 ns, At safepoint: 316718 ns, Total: 1935192 ns
[2025-10-13T17:34:23.702-0700][1207][info ][safepoint   ] Safepoint "ICBufferFull", Time since last: 108414 ns, Reaching safepoint: 1332882 ns, Cleanup: 13270 ns, At safepoint: 326944 ns, Total: 1673096 ns
[2025-10-13T17:34:23.704-0700][1207][info ][safepoint   ] Safepoint "ICBufferFull", Time since last: 186982 ns, Reaching safepoint: 1072810 ns, Cleanup: 13240 ns, At safepoint: 236627 ns, Total: 1322677 ns
[2025-10-13T17:34:23.705-0700][1207][info ][safepoint   ] Safepoint "ICBufferFull", Time since last: 93551 ns, Reaching safepoint: 1170277 ns, Cleanup: 7772 ns, At safepoint: 223588 ns, Total: 1401637 ns
[2025-10-13T17:34:23.714-0700][1090][info ][gc,marking  ] GC(43) Concurrent Rebuild Remembered Sets and Scrub Regions 568.988ms
[2025-10-13T17:34:23.717-0700][1207][info ][gc,start    ] GC(43) Pause Cleanup
[2025-10-13T17:34:23.718-0700][1207][info ][gc          ] GC(43) Pause Cleanup 32708M->32708M(184320M) 1.571ms
[2025-10-13T17:34:23.720-0700][1207][info ][gc,cpu      ] GC(43) User=0.02s Sys=0.00s Real=0.00s
[2025-10-13T17:34:23.720-0700][1207][info ][safepoint   ] Safepoint "G1PauseCleanup", Time since last: 8540956 ns, Reaching safepoint: 1031487 ns, Cleanup: 11367 ns, At safepoint: 5646305 ns, Total: 6689159 ns
[2025-10-13T17:34:23.721-0700][1090][info ][gc,marking  ] GC(43) Concurrent Clear Claimed Marks
[2025-10-13T17:34:23.722-0700][1090][info ][gc,marking  ] GC(43) Concurrent Clear Claimed Marks 1.104ms
[2025-10-13T17:34:23.722-0700][1090][info ][gc,marking  ] GC(43) Concurrent Cleanup for Next Mark
[2025-10-13T17:34:23.764-0700][1090][info ][gc,marking  ] GC(43) Concurrent Cleanup for Next Mark 41.670ms
[2025-10-13T17:34:23.764-0700][1090][info ][gc          ] GC(43) Concurrent Mark Cycle 1354.060ms
[2025-10-13T17:34:24.261-0700][1207][info ][gc,start    ] GC(44) Pause Young (Prepare Mixed) (G1 Evacuation Pause)
[2025-10-13T17:34:24.261-0700][1207][info ][gc,task     ] GC(44) Using 113 workers of 113 for evacuation
[2025-10-13T17:34:24.275-0700][1207][debug][gc,remset   ] GC(44) Visited cards 10976256 Total dirty 34799616 (31.54%) Total old 148439040 (7.39%)
[2025-10-13T17:34:24.403-0700][1207][info ][gc,phases   ] GC(44)   Pre Evacuate Collection Set: 0.8ms
[2025-10-13T17:34:24.403-0700][1207][info ][gc,phases   ] GC(44)   Merge Heap Roots: 13.0ms
[2025-10-13T17:34:24.403-0700][1207][info ][gc,phases   ] GC(44)   Evacuate Collection Set: 120.9ms
[2025-10-13T17:34:24.403-0700][1207][info ][gc,phases   ] GC(44)   Post Evacuate Collection Set: 7.9ms
[2025-10-13T17:34:24.403-0700][1207][info ][gc,phases   ] GC(44)   Other: 0.1ms
[2025-10-13T17:34:24.403-0700][1207][debug][gc,remset   ] GC(44) Coarsening (recent): Inline->AoC 106793 (0) AoC->Howl 6817 (0) Howl->Full 0 (0) Inline->AoC 38656 (0) AoC->BitMap 9167 (0) BitMap->Full 0 (0) 
[2025-10-13T17:34:24.403-0700][1207][debug][gc,remset   ] GC(44) Coarsening (all): Inline->AoC 163184 (0) AoC->Howl 11749 (0) Howl->Full 0 (0) Inline->AoC 71289 (0) AoC->BitMap 14582 (0) BitMap->Full 0 (0) 
[2025-10-13T17:34:24.403-0700][1207][info ][gc,heap     ] GC(44) Eden regions: 824->0(3356)
[2025-10-13T17:34:24.404-0700][1207][info ][gc,heap     ] GC(44) Survivor regions: 37->82(108)
[2025-10-13T17:34:24.404-0700][1207][info ][gc,heap     ] GC(44) Old regions: 538->538
[2025-10-13T17:34:24.404-0700][1207][info ][gc,heap     ] GC(44) Humongous regions: 5->0
[2025-10-13T17:34:24.404-0700][1207][info ][gc,metaspace] GC(44) Metaspace: 292682K(296960K)->292682K(296960K) NonClass: 257377K(259776K)->257377K(259776K) Class: 35305K(37184K)->35305K(37184K)
[2025-10-13T17:34:24.404-0700][1207][info ][gc          ] GC(44) Pause Young (Prepare Mixed) (G1 Evacuation Pause) 44915M->19809M(184320M) 142.857ms
[2025-10-13T17:34:24.405-0700][1207][info ][gc,cpu      ] GC(44) User=6.94s Sys=0.03s Real=0.14s
[2025-10-13T17:34:24.406-0700][1207][info ][safepoint   ] Safepoint "G1CollectForAllocation", Time since last: 535826027 ns, Reaching safepoint: 2506134 ns, Cleanup: 127362 ns, At safepoint: 147499187 ns, Total: 150132683 ns
[2025-10-13T17:34:24.887-0700][1207][info ][safepoint   ] Safepoint "ICBufferFull", Time since last: 476392208 ns, Reaching safepoint: 1150878 ns, Cleanup: 271650 ns, At safepoint: 2556770 ns, Total: 3979298 ns
[2025-10-13T17:34:25.430-0700][1207][info ][safepoint   ] Safepoint "ICBufferFull", Time since last: 540436728 ns, Reaching safepoint: 1151268 ns, Cleanup: 217749 ns, At safepoint: 1314906 ns, Total: 2683923 ns
[2025-10-13T17:34:25.435-0700][1207][info ][safepoint   ] Safepoint "ICBufferFull", Time since last: 2657482 ns, Reaching safepoint: 1163236 ns, Cleanup: 19810 ns, At safepoint: 1128584 ns, Total: 2311630 ns
[2025-10-13T17:34:25.440-0700][1207][info ][safepoint   ] Safepoint "ICBufferFull", Time since last: 2969905 ns, Reaching safepoint: 1182455 ns, Cleanup: 15543 ns, At safepoint: 979950 ns, Total: 2177948 ns
[2025-10-13T17:34:25.915-0700][1207][info ][safepoint   ] Safepoint "ICBufferFull", Time since last: 471983111 ns, Reaching safepoint: 1111879 ns, Cleanup: 184859 ns, At safepoint: 1890374 ns, Total: 3187112 ns
[2025-10-13T17:34:25.918-0700][1207][info ][safepoint   ] Safepoint "ICBufferFull", Time since last: 824425 ns, Reaching safepoint: 1616921 ns, Cleanup: 14372 ns, At safepoint: 838576 ns, Total: 2469869 ns
[2025-10-13T17:34:25.923-0700][1207][info ][safepoint   ] Safepoint "ICBufferFull", Time since last: 1837805 ns, Reaching safepoint: 887810 ns, Cleanup: 4116 ns, At safepoint: 1282577 ns, Total: 2174503 ns
[2025-10-13T17:34:25.927-0700][1207][info ][safepoint   ] Safepoint "ICBufferFull", Time since last: 1358822 ns, Reaching safepoint: 1147142 ns, Cleanup: 10065 ns, At safepoint: 1791976 ns, Total: 2949183 ns
[2025-10-13T17:34:25.931-0700][1207][info ][safepoint   ] Safepoint "ICBufferFull", Time since last: 176696 ns, Reaching safepoint: 2133432 ns, Cleanup: 12659 ns, At safepoint: 1443650 ns, Total: 3589741 ns
[2025-10-13T17:34:25.934-0700][1207][info ][safepoint   ] Safepoint "ICBufferFull", Time since last: 972278 ns, Reaching safepoint: 1086530 ns, Cleanup: 10165 ns, At safepoint: 1315036 ns, Total: 2411731 ns
[2025-10-13T17:34:25.936-0700][1207][info ][safepoint   ] Safepoint "ICBufferFull", Time since last: 356568 ns, Reaching safepoint: 966019 ns, Cleanup: 9715 ns, At safepoint: 872557 ns, Total: 1848291 ns
[2025-10-13T17:34:25.938-0700][1207][info ][safepoint   ] Safepoint "ICBufferFull", Time since last: 340715 ns, Reaching safepoint: 811294 ns, Cleanup: 6180 ns, At safepoint: 985478 ns, Total: 1802952 ns
[2025-10-13T17:34:26.436-0700][1207][info ][safepoint   ] Safepoint "ICBufferFull", Time since last: 493354399 ns, Reaching safepoint: 2452553 ns, Cleanup: 207563 ns, At safepoint: 2031407 ns, Total: 4691523 ns
[2025-10-13T17:34:26.449-0700][1207][info ][safepoint   ] Safepoint "ICBufferFull", Time since last: 3928562 ns, Reaching safepoint: 1274745 ns, Cleanup: 15573 ns, At safepoint: 6933980 ns, Total: 8224298 ns
[2025-10-13T17:34:26.458-0700][1207][info ][safepoint   ] Safepoint "ICBufferFull", Time since last: 5788169 ns, Reaching safepoint: 1128684 ns, Cleanup: 22324 ns, At safepoint: 2093261 ns, Total: 3244269 ns
[2025-10-13T17:34:26.462-0700][1207][info ][safepoint   ] Safepoint "ICBufferFull", Time since last: 283177 ns, Reaching safepoint: 1043656 ns, Cleanup: 8393 ns, At safepoint: 2846297 ns, Total: 3898346 ns
[2025-10-13T17:34:27.281-0700][1207][info ][safepoint   ] Safepoint "ICBufferFull", Time since last: 817141501 ns, Reaching safepoint: 982333 ns, Cleanup: 172621 ns, At safepoint: 674999 ns, Total: 1829953 ns
[2025-10-13T17:34:27.673-0700][1207][info ][safepoint   ] Safepoint "ICBufferFull", Time since last: 379659643 ns, Reaching safepoint: 10462817 ns, Cleanup: 159461 ns, At safepoint: 1734940 ns, Total: 12357218 ns
[2025-10-13T17:34:28.015-0700][1207][info ][safepoint   ] Safepoint "ICBufferFull", Time since last: 340647999 ns, Reaching safepoint: 900710 ns, Cleanup: 152140 ns, At safepoint: 443019 ns, Total: 1495869 ns
[2025-10-13T17:34:28.720-0700][1207][info ][safepoint   ] Safepoint "ICBufferFull", Time since last: 703879157 ns, Reaching safepoint: 850955 ns, Cleanup: 168525 ns, At safepoint: 283558 ns, Total: 1303038 ns
[2025-10-13T17:34:29.360-0700][1207][info ][safepoint   ] Safepoint "ICBufferFull", Time since last: 638647915 ns, Reaching safepoint: 836513 ns, Cleanup: 133512 ns, At safepoint: 305091 ns, Total: 1275116 ns
[2025-10-13T17:34:30.066-0700][1207][info ][safepoint   ] Safepoint "ICBufferFull", Time since last: 704796522 ns, Reaching safepoint: 856223 ns, Cleanup: 175234 ns, At safepoint: 448848 ns, Total: 1480305 ns
[2025-10-13T17:34:30.794-0700][1207][info ][safepoint   ] Safepoint "ICBufferFull", Time since last: 726962891 ns, Reaching safepoint: 837986 ns, Cleanup: 174543 ns, At safepoint: 244489 ns, Total: 1257018 ns
[2025-10-13T17:34:30.813-0700][1207][info ][gc,start    ] GC(45) Pause Young (Mixed) (G1 Evacuation Pause)
[2025-10-13T17:34:30.813-0700][1207][info ][gc,task     ] GC(45) Using 113 workers of 113 for evacuation
[2025-10-13T17:34:30.829-0700][1207][debug][gc,remset   ] GC(45) Visited cards 11867904 Total dirty 34537472 (34.36%) Total old 462094336 (2.57%)
[2025-10-13T17:34:30.932-0700][1207][info ][gc,phases   ] GC(45)   Pre Evacuate Collection Set: 0.7ms
[2025-10-13T17:34:30.932-0700][1207][info ][gc,phases   ] GC(45)   Merge Heap Roots: 15.0ms
[2025-10-13T17:34:30.932-0700][1207][info ][gc,phases   ] GC(45)   Evacuate Collection Set: 92.4ms
[2025-10-13T17:34:30.932-0700][1207][info ][gc,phases   ] GC(45)   Post Evacuate Collection Set: 10.1ms
[2025-10-13T17:34:30.932-0700][1207][info ][gc,phases   ] GC(45)   Other: 0.2ms
[2025-10-13T17:34:30.932-0700][1207][debug][gc,remset   ] GC(45) Coarsening (recent): Inline->AoC 170 (0) AoC->Howl 15 (1) Howl->Full 0 (0) Inline->AoC 79 (0) AoC->BitMap 3 (0) BitMap->Full 0 (0) 
[2025-10-13T17:34:30.932-0700][1207][debug][gc,remset   ] GC(45) Coarsening (all): Inline->AoC 163354 (0) AoC->Howl 11764 (1) Howl->Full 0 (0) Inline->AoC 71368 (0) AoC->BitMap 14585 (0) BitMap->Full 0 (0) 
[2025-10-13T17:34:30.932-0700][1207][info ][gc,heap     ] GC(45) Eden regions: 3163->0(3349)
[2025-10-13T17:34:30.932-0700][1207][info ][gc,heap     ] GC(45) Survivor regions: 82->107(406)
[2025-10-13T17:34:30.932-0700][1207][info ][gc,heap     ] GC(45) Old regions: 538->531
[2025-10-13T17:34:30.932-0700][1207][info ][gc,heap     ] GC(45) Humongous regions: 15->0
[2025-10-13T17:34:30.932-0700][1207][info ][gc,metaspace] GC(45) Metaspace: 293899K(298176K)->293899K(298176K) NonClass: 258537K(260928K)->258537K(260928K) Class: 35362K(37248K)->35362K(37248K)
[2025-10-13T17:34:30.932-0700][1207][info ][gc          ] GC(45) Pause Young (Mixed) (G1 Evacuation Pause) 121505M->20374M(184320M) 118.604ms
[2025-10-13T17:34:30.934-0700][1207][info ][gc,cpu      ] GC(45) User=9.26s Sys=0.08s Real=0.12s
[2025-10-13T17:34:30.935-0700][1207][info ][safepoint   ] Safepoint "G1CollectForAllocation", Time since last: 16295865 ns, Reaching safepoint: 830684 ns, Cleanup: 12109 ns, At safepoint: 123287520 ns, Total: 124130313 ns
[2025-10-13T17:34:31.581-0700][1207][info ][safepoint   ] Safepoint "ICBufferFull", Time since last: 644893796 ns, Reaching safepoint: 850604 ns, Cleanup: 180853 ns, At safepoint: 198710 ns, Total: 1230167 ns
[2025-10-13T17:34:32.010-0700][1207][info ][safepoint   ] Safepoint "ICBufferFull", Time since last: 426676323 ns, Reaching safepoint: 1488117 ns, Cleanup: 169987 ns, At safepoint: 1124147 ns, Total: 2782251 ns
[2025-10-13T17:34:32.013-0700][1207][info ][safepoint   ] Safepoint "ICBufferFull", Time since last: 125449 ns, Reaching safepoint: 1718575 ns, Cleanup: 6921 ns, At safepoint: 325201 ns, Total: 2050697 ns
[2025-10-13T17:34:33.061-0700][1207][info ][safepoint   ] Safepoint "ICBufferFull", Time since last: 1046095114 ns, Reaching safepoint: 1336999 ns, Cleanup: 210488 ns, At safepoint: 831866 ns, Total: 2379353 ns
[2025-10-13T17:34:33.482-0700][1207][info ][safepoint   ] Safepoint "ICBufferFull", Time since last: 409735433 ns, Reaching safepoint: 9498492 ns, Cleanup: 129976 ns, At safepoint: 1637743 ns, Total: 11266211 ns
[2025-10-13T17:34:33.487-0700][1207][info ][safepoint   ] Safepoint "ICBufferFull", Time since last: 1277980 ns, Reaching safepoint: 1361215 ns, Cleanup: 23776 ns, At safepoint: 1872227 ns, Total: 3257218 ns
[2025-10-13T17:34:33.491-0700][1207][info ][safepoint   ] Safepoint "ICBufferFull", Time since last: 980811 ns, Reaching safepoint: 1878626 ns, Cleanup: 13380 ns, At safepoint: 1306153 ns, Total: 3198159 ns
[2025-10-13T17:34:33.494-0700][1207][info ][safepoint   ] Safepoint "ICBufferFull", Time since last: 465322 ns, Reaching safepoint: 1711905 ns, Cleanup: 13240 ns, At safepoint: 1265681 ns, Total: 2990826 ns
[2025-10-13T17:34:33.498-0700][1207][info ][safepoint   ] Safepoint "ICBufferFull", Time since last: 683452 ns, Reaching safepoint: 1981992 ns, Cleanup: 11658 ns, At safepoint: 936644 ns, Total: 2930294 ns
[2025-10-13T17:34:33.511-0700][1207][info ][safepoint   ] Safepoint "ICBufferFull", Time since last: 525434 ns, Reaching safepoint: 11321564 ns, Cleanup: 12419 ns, At safepoint: 1397289 ns, Total: 12731272 ns
[2025-10-13T17:34:33.514-0700][1207][info ][safepoint   ] Safepoint "ICBufferFull", Time since last: 713277 ns, Reaching safepoint: 1537652 ns, Cleanup: 13230 ns, At safepoint: 742942 ns, Total: 2293824 ns
[2025-10-13T17:34:33.530-0700][1207][info ][safepoint   ] Safepoint "ICBufferFull", Time since last: 2117146 ns, Reaching safepoint: 12402327 ns, Cleanup: 5999 ns, At safepoint: 1228775 ns, Total: 13637101 ns
[2025-10-13T17:34:33.533-0700][1207][info ][safepoint   ] Safepoint "ICBufferFull", Time since last: 696381 ns, Reaching safepoint: 1448938 ns, Cleanup: 4006 ns, At safepoint: 579225 ns, Total: 2032169 ns
[2025-10-13T17:34:33.557-0700][1207][info ][safepoint   ] Safepoint "ICBufferFull", Time since last: 2137798 ns, Reaching safepoint: 20837682 ns, Cleanup: 23846 ns, At safepoint: 1513756 ns, Total: 22375284 ns
[2025-10-13T17:34:33.561-0700][1207][info ][safepoint   ] Safepoint "ICBufferFull", Time since last: 2244629 ns, Reaching safepoint: 906869 ns, Cleanup: 3736 ns, At safepoint: 505373 ns, Total: 1415978 ns
[2025-10-13T17:34:33.562-0700][1207][info ][safepoint   ] Safepoint "ICBufferFull", Time since last: 286402 ns, Reaching safepoint: 678935 ns, Cleanup: 2374 ns, At safepoint: 506465 ns, Total: 1187774 ns
[2025-10-13T17:34:33.564-0700][1207][info ][safepoint   ] Safepoint "ICBufferFull", Time since last: 555789 ns, Reaching safepoint: 946339 ns, Cleanup: 4767 ns, At safepoint: 628519 ns, Total: 1579625 ns
[2025-10-13T17:34:33.566-0700][1207][info ][safepoint   ] Safepoint "ICBufferFull", Time since last: 265811 ns, Reaching safepoint: 711925 ns, Cleanup: 2494 ns, At safepoint: 490140 ns, Total: 1204559 ns
[2025-10-13T17:34:33.582-0700][1207][info ][safepoint   ] Safepoint "ICBufferFull", Time since last: 375467 ns, Reaching safepoint: 14705944 ns, Cleanup: 5448 ns, At safepoint: 1456119 ns, Total: 16167511 ns
[2025-10-13T17:34:33.586-0700][1207][info ][safepoint   ] Safepoint "ICBufferFull", Time since last: 1146541 ns, Reaching safepoint: 1785205 ns, Cleanup: 5258 ns, At safepoint: 691234 ns, Total: 2481697 ns
[2025-10-13T17:34:33.588-0700][1207][info ][safepoint   ] Safepoint "ICBufferFull", Time since last: 841671 ns, Reaching safepoint: 795852 ns, Cleanup: 5678 ns, At safepoint: 615409 ns, Total: 1416939 ns
[2025-10-13T17:34:33.590-0700][1207][info ][safepoint   ] Safepoint "ICBufferFull", Time since last: 498193 ns, Reaching safepoint: 727137 ns, Cleanup: 20381 ns, At safepoint: 398702 ns, Total: 1146220 ns
[2025-10-13T17:34:33.592-0700][1207][info ][safepoint   ] Safepoint "ICBufferFull", Time since last: 463250 ns, Reaching safepoint: 636140 ns, Cleanup: 8503 ns, At safepoint: 548658 ns, Total: 1193301 ns
[2025-10-13T17:34:33.609-0700][1207][info ][safepoint   ] Safepoint "ICBufferFull", Time since last: 641088 ns, Reaching safepoint: 15245299 ns, Cleanup: 11087 ns, At safepoint: 1265000 ns, Total: 16521386 ns
[2025-10-13T17:34:33.615-0700][1207][info ][safepoint   ] Safepoint "ICBufferFull", Time since last: 1290979 ns, Reaching safepoint: 3046590 ns, Cleanup: 4667 ns, At safepoint: 1496470 ns, Total: 4547727 ns
[2025-10-13T17:34:33.618-0700][1207][info ][safepoint   ] Safepoint "ICBufferFull", Time since last: 1715590 ns, Reaching safepoint: 978497 ns, Cleanup: 11498 ns, At safepoint: 434386 ns, Total: 1424381 ns
[2025-10-13T17:34:33.619-0700][1207][info ][safepoint   ] Safepoint "ICBufferFull", Time since last: 317239 ns, Reaching safepoint: 710963 ns, Cleanup: 2083 ns, At safepoint: 373965 ns, Total: 1087011 ns
[2025-10-13T17:34:33.638-0700][1207][info ][safepoint   ] Safepoint "ICBufferFull", Time since last: 759386 ns, Reaching safepoint: 16358570 ns, Cleanup: 4867 ns, At safepoint: 1469569 ns, Total: 17833006 ns
[2025-10-13T17:34:33.641-0700][1207][info ][safepoint   ] Safepoint "ICBufferFull", Time since last: 960130 ns, Reaching safepoint: 1711194 ns, Cleanup: 4887 ns, At safepoint: 507887 ns, Total: 2223968 ns
[2025-10-13T17:34:33.643-0700][1207][info ][safepoint   ] Safepoint "ICBufferFull", Time since last: 427405 ns, Reaching safepoint: 771745 ns, Cleanup: 3155 ns, At safepoint: 481627 ns, Total: 1256527 ns
[2025-10-13T17:34:33.645-0700][1207][info ][safepoint   ] Safepoint "ICBufferFull", Time since last: 738075 ns, Reaching safepoint: 932578 ns, Cleanup: 4206 ns, At safepoint: 367826 ns, Total: 1304610 ns
[2025-10-13T17:34:33.665-0700][1207][info ][safepoint   ] Safepoint "ICBufferFull", Time since last: 535338 ns, Reaching safepoint: 18588587 ns, Cleanup: 4707 ns, At safepoint: 1466434 ns, Total: 20059728 ns
[2025-10-13T17:34:33.671-0700][1207][info ][safepoint   ] Safepoint "ICBufferFull", Time since last: 2815922 ns, Reaching safepoint: 1577762 ns, Cleanup: 12338 ns, At safepoint: 817314 ns, Total: 2407414 ns
[2025-10-13T17:34:33.674-0700][1207][info ][safepoint   ] Safepoint "ICBufferFull", Time since last: 633517 ns, Reaching safepoint: 2079530 ns, Cleanup: 11978 ns, At safepoint: 379042 ns, Total: 2470550 ns
[2025-10-13T17:34:33.701-0700][1207][info ][safepoint   ] Safepoint "ICBufferFull", Time since last: 292612 ns, Reaching safepoint: 21120319 ns, Cleanup: 4998 ns, At safepoint: 6144848 ns, Total: 27270165 ns
[2025-10-13T17:34:33.704-0700][1207][info ][safepoint   ] Safepoint "ICBufferFull", Time since last: 753397 ns, Reaching safepoint: 1936975 ns, Cleanup: 17036 ns, At safepoint: 379192 ns, Total: 2333203 ns
[2025-10-13T17:34:33.728-0700][1207][info ][safepoint   ] Safepoint "ICBufferFull", Time since last: 2281365 ns, Reaching safepoint: 20144606 ns, Cleanup: 6380 ns, At safepoint: 1519975 ns, Total: 21670961 ns
[2025-10-13T17:34:33.733-0700][1207][info ][safepoint   ] Safepoint "ICBufferFull", Time since last: 1851515 ns, Reaching safepoint: 2327735 ns, Cleanup: 9144 ns, At safepoint: 685455 ns, Total: 3022334 ns
[2025-10-13T17:34:33.736-0700][1207][info ][safepoint   ] Safepoint "ICBufferFull", Time since last: 521898 ns, Reaching safepoint: 2242836 ns, Cleanup: 4667 ns, At safepoint: 467686 ns, Total: 2715189 ns
[2025-10-13T17:34:33.759-0700][1207][info ][safepoint   ] Safepoint "ICBufferFull", Time since last: 862402 ns, Reaching safepoint: 20337988 ns, Cleanup: 4998 ns, At safepoint: 1078338 ns, Total: 21421324 ns
[2025-10-13T17:34:33.764-0700][1207][info ][safepoint   ] Safepoint "ICBufferFull", Time since last: 3124408 ns, Reaching safepoint: 1962313 ns, Cleanup: 4697 ns, At safepoint: 680607 ns, Total: 2647617 ns
[2025-10-13T17:34:33.769-0700][1207][info ][safepoint   ] Safepoint "ICBufferFull", Time since last: 1983896 ns, Reaching safepoint: 1194443 ns, Cleanup: 4427 ns, At safepoint: 981802 ns, Total: 2180672 ns
[2025-10-13T17:34:33.793-0700][1207][info ][safepoint   ] Safepoint "ICBufferFull", Time since last: 1849042 ns, Reaching safepoint: 21632433 ns, Cleanup: 15122 ns, At safepoint: 703372 ns, Total: 22350927 ns
[2025-10-13T17:34:33.797-0700][1207][info ][safepoint   ] Safepoint "ICBufferFull", Time since last: 1665125 ns, Reaching safepoint: 1454295 ns, Cleanup: 4407 ns, At safepoint: 981873 ns, Total: 2440575 ns
[2025-10-13T17:34:33.799-0700][1207][info ][safepoint   ] Safepoint "ICBufferFull", Time since last: 361585 ns, Reaching safepoint: 1593336 ns, Cleanup: 3836 ns, At safepoint: 544893 ns, Total: 2142065 ns
[2025-10-13T17:34:33.802-0700][1207][info ][safepoint   ] Safepoint "ICBufferFull", Time since last: 617442 ns, Reaching safepoint: 1535388 ns, Cleanup: 10456 ns, At safepoint: 489800 ns, Total: 2035644 ns
[2025-10-13T17:34:33.804-0700][1207][info ][safepoint   ] Safepoint "ICBufferFull", Time since last: 385151 ns, Reaching safepoint: 1419604 ns, Cleanup: 3795 ns, At safepoint: 304580 ns, Total: 1727979 ns
[2025-10-13T17:34:33.807-0700][1207][info ][safepoint   ] Safepoint "ICBufferFull", Time since last: 664033 ns, Reaching safepoint: 1551362 ns, Cleanup: 33381 ns, At safepoint: 311871 ns, Total: 1896614 ns
[2025-10-13T17:34:33.808-0700][1207][info ][safepoint   ] Safepoint "ICBufferFull", Time since last: 446674 ns, Reaching safepoint: 804004 ns, Cleanup: 3405 ns, At safepoint: 340975 ns, Total: 1148384 ns
[2025-10-13T17:34:33.810-0700][1207][info ][safepoint   ] Safepoint "ICBufferFull", Time since last: 288826 ns, Reaching safepoint: 987711 ns, Cleanup: 7572 ns, At safepoint: 384871 ns, Total: 1380154 ns
[2025-10-13T17:34:33.812-0700][1207][info ][safepoint   ] Safepoint "ICBufferFull", Time since last: 465853 ns, Reaching safepoint: 1520606 ns, Cleanup: 11277 ns, At safepoint: 284089 ns, Total: 1815972 ns
[2025-10-13T17:34:33.814-0700][1207][info ][safepoint   ] Safepoint "ICBufferFull", Time since last: 267855 ns, Reaching safepoint: 897234 ns, Cleanup: 2865 ns, At safepoint: 282997 ns, Total: 1183096 ns
[2025-10-13T17:34:33.815-0700][1207][info ][safepoint   ] Safepoint "ICBufferFull", Time since last: 321756 ns, Reaching safepoint: 990796 ns, Cleanup: 2203 ns, At safepoint: 274214 ns, Total: 1267213 ns
[2025-10-13T17:34:33.818-0700][1207][info ][safepoint   ] Safepoint "ICBufferFull", Time since last: 481457 ns, Reaching safepoint: 2083225 ns, Cleanup: 5148 ns, At safepoint: 401917 ns, Total: 2490290 ns
[2025-10-13T17:34:33.820-0700][1207][info ][safepoint   ] Safepoint "ICBufferFull", Time since last: 499134 ns, Reaching safepoint: 1100912 ns, Cleanup: 3335 ns, At safepoint: 421897 ns, Total: 1526144 ns
[2025-10-13T17:34:33.823-0700][1207][info ][safepoint   ] Safepoint "ICBufferFull", Time since last: 430550 ns, Reaching safepoint: 1355767 ns, Cleanup: 5018 ns, At safepoint: 456739 ns, Total: 1817524 ns
[2025-10-13T17:34:33.824-0700][1207][info ][safepoint   ] Safepoint "ICBufferFull", Time since last: 303959 ns, Reaching safepoint: 1128074 ns, Cleanup: 3595 ns, At safepoint: 465633 ns, Total: 1597302 ns
[2025-10-13T17:34:33.826-0700][1207][info ][safepoint   ] Safepoint "ICBufferFull", Time since last: 305662 ns, Reaching safepoint: 1137978 ns, Cleanup: 3615 ns, At safepoint: 432754 ns, Total: 1574347 ns
[2025-10-13T17:34:33.829-0700][1207][info ][safepoint   ] Safepoint "ICBufferFull", Time since last: 432683 ns, Reaching safepoint: 1142305 ns, Cleanup: 7371 ns, At safepoint: 841791 ns, Total: 1991467 ns
[2025-10-13T17:34:33.831-0700][1207][info ][safepoint   ] Safepoint "ICBufferFull", Time since last: 688600 ns, Reaching safepoint: 1005698 ns, Cleanup: 14672 ns, At safepoint: 325662 ns, Total: 1346032 ns
[2025-10-13T17:34:33.832-0700][1207][info ][safepoint   ] Safepoint "ICBufferFull", Time since last: 408376 ns, Reaching safepoint: 780439 ns, Cleanup: 2854 ns, At safepoint: 290208 ns, Total: 1073501 ns
[2025-10-13T17:34:33.834-0700][1207][info ][safepoint   ] Safepoint "ICBufferFull", Time since last: 385272 ns, Reaching safepoint: 791695 ns, Cleanup: 7492 ns, At safepoint: 305631 ns, Total: 1104818 ns
[2025-10-13T17:34:33.835-0700][1207][info ][safepoint   ] Safepoint "ICBufferFull", Time since last: 322697 ns, Reaching safepoint: 660508 ns, Cleanup: 2654 ns, At safepoint: 376268 ns, Total: 1039430 ns
[2025-10-13T17:34:33.838-0700][1207][info ][safepoint   ] Safepoint "ICBufferFull", Time since last: 567647 ns, Reaching safepoint: 1756772 ns, Cleanup: 2154 ns, At safepoint: 503460 ns, Total: 2262386 ns
[2025-10-13T17:34:33.841-0700][1207][info ][safepoint   ] Safepoint "ICBufferFull", Time since last: 839067 ns, Reaching safepoint: 1932067 ns, Cleanup: 16485 ns, At safepoint: 419664 ns, Total: 2368216 ns
[2025-10-13T17:34:33.844-0700][1207][info ][safepoint   ] Safepoint "ICBufferFull", Time since last: 1242375 ns, Reaching safepoint: 1600227 ns, Cleanup: 4376 ns, At safepoint: 533265 ns, Total: 2137868 ns
[2025-10-13T17:34:33.848-0700][1207][info ][safepoint   ] Safepoint "ICBufferFull", Time since last: 1845246 ns, Reaching safepoint: 1424732 ns, Cleanup: 5628 ns, At safepoint: 445673 ns, Total: 1876033 ns
[2025-10-13T17:34:33.850-0700][1207][info ][safepoint   ] Safepoint "ICBufferFull", Time since last: 274374 ns, Reaching safepoint: 1344470 ns, Cleanup: 11077 ns, At safepoint: 424501 ns, Total: 1780048 ns
[2025-10-13T17:34:33.852-0700][1207][info ][safepoint   ] Safepoint "ICBufferFull", Time since last: 322126 ns, Reaching safepoint: 820750 ns, Cleanup: 2834 ns, At safepoint: 338521 ns, Total: 1162105 ns
[2025-10-13T17:34:33.855-0700][1207][info ][safepoint   ] Safepoint "ICBufferFull", Time since last: 642811 ns, Reaching safepoint: 1607717 ns, Cleanup: 19239 ns, At safepoint: 521958 ns, Total: 2148914 ns
[2025-10-13T17:34:33.857-0700][1207][info ][safepoint   ] Safepoint "ICBufferFull", Time since last: 549330 ns, Reaching safepoint: 1565593 ns, Cleanup: 3115 ns, At safepoint: 447566 ns, Total: 2016274 ns
[2025-10-13T17:34:33.861-0700][1207][info ][safepoint   ] Safepoint "ICBufferFull", Time since last: 1575879 ns, Reaching safepoint: 1595439 ns, Cleanup: 4898 ns, At safepoint: 388516 ns, Total: 1988853 ns
[2025-10-13T17:34:33.862-0700][1207][info ][safepoint   ] Safepoint "ICBufferFull", Time since last: 320584 ns, Reaching safepoint: 932458 ns, Cleanup: 3335 ns, At safepoint: 427786 ns, Total: 1363579 ns
[2025-10-13T17:34:33.865-0700][1207][info ][safepoint   ] Safepoint "ICBufferFull", Time since last: 429399 ns, Reaching safepoint: 1412632 ns, Cleanup: 3976 ns, At safepoint: 442368 ns, Total: 1858976 ns
[2025-10-13T17:34:33.868-0700][1207][info ][safepoint   ] Safepoint "ICBufferFull", Time since last: 1803033 ns, Reaching safepoint: 1475738 ns, Cleanup: 4477 ns, At safepoint: 531312 ns, Total: 2011527 ns
[2025-10-13T17:34:33.873-0700][1207][info ][safepoint   ] Safepoint "ICBufferFull", Time since last: 2713938 ns, Reaching safepoint: 1139981 ns, Cleanup: 4306 ns, At safepoint: 372373 ns, Total: 1516660 ns
[2025-10-13T17:34:33.875-0700][1207][info ][safepoint   ] Safepoint "ICBufferFull", Time since last: 300113 ns, Reaching safepoint: 1229807 ns, Cleanup: 3325 ns, At safepoint: 285871 ns, Total: 1519003 ns
[2025-10-13T17:34:33.876-0700][1207][info ][safepoint   ] Safepoint "ICBufferFull", Time since last: 332623 ns, Reaching safepoint: 872677 ns, Cleanup: 3676 ns, At safepoint: 286052 ns, Total: 1162405 ns
[2025-10-13T17:34:33.878-0700][1207][info ][safepoint   ] Safepoint "ICBufferFull", Time since last: 403339 ns, Reaching safepoint: 1147502 ns, Cleanup: 3786 ns, At safepoint: 334114 ns, Total: 1485402 ns
[2025-10-13T17:34:33.880-0700][1207][info ][safepoint   ] Safepoint "ICBufferFull", Time since last: 454457 ns, Reaching safepoint: 1396919 ns, Cleanup: 3565 ns, At safepoint: 285892 ns, Total: 1686376 ns
[2025-10-13T17:34:33.882-0700][1207][info ][safepoint   ] Safepoint "ICBufferFull", Time since last: 281475 ns, Reaching safepoint: 1295486 ns, Cleanup: 4717 ns, At safepoint: 357259 ns, Total: 1657462 ns
[2025-10-13T17:34:33.884-0700][1207][info ][safepoint   ] Safepoint "ICBufferFull", Time since last: 357100 ns, Reaching safepoint: 1220593 ns, Cleanup: 4596 ns, At safepoint: 301766 ns, Total: 1526955 ns
[2025-10-13T17:34:33.885-0700][1207][info ][safepoint   ] Safepoint "ICBufferFull", Time since last: 141974 ns, Reaching safepoint: 979580 ns, Cleanup: 2884 ns, At safepoint: 235165 ns, Total: 1217629 ns
[2025-10-13T17:34:33.887-0700][1207][info ][safepoint   ] Safepoint "ICBufferFull", Time since last: 399483 ns, Reaching safepoint: 707448 ns, Cleanup: 9354 ns, At safepoint: 223628 ns, Total: 940430 ns
[2025-10-13T17:34:33.888-0700][1207][info ][safepoint   ] Safepoint "ICBufferFull", Time since last: 145991 ns, Reaching safepoint: 696952 ns, Cleanup: 2383 ns, At safepoint: 229807 ns, Total: 929142 ns
[2025-10-13T17:34:33.889-0700][1207][info ][safepoint   ] Safepoint "ICBufferFull", Time since last: 480496 ns, Reaching safepoint: 872197 ns, Cleanup: 3245 ns, At safepoint: 331070 ns, Total: 1206512 ns
[2025-10-13T17:34:33.892-0700][1207][info ][safepoint   ] Safepoint "ICBufferFull", Time since last: 1071888 ns, Reaching safepoint: 1008292 ns, Cleanup: 8593 ns, At safepoint: 398332 ns, Total: 1415217 ns
[2025-10-13T17:34:33.894-0700][1207][info ][safepoint   ] Safepoint "ICBufferFull", Time since last: 229787 ns, Reaching safepoint: 1300403 ns, Cleanup: 3165 ns, At safepoint: 361546 ns, Total: 1665114 ns
[2025-10-13T17:34:33.895-0700][1207][info ][safepoint   ] Safepoint "ICBufferFull", Time since last: 401646 ns, Reaching safepoint: 740929 ns, Cleanup: 2414 ns, At safepoint: 266272 ns, Total: 1009615 ns
[2025-10-13T17:34:33.897-0700][1207][info ][safepoint   ] Safepoint "ICBufferFull", Time since last: 219792 ns, Reaching safepoint: 1167222 ns, Cleanup: 4347 ns, At safepoint: 719035 ns, Total: 1890604 ns
[2025-10-13T17:34:33.900-0700][1207][info ][safepoint   ] Safepoint "ICBufferFull", Time since last: 124699 ns, Reaching safepoint: 2155634 ns, Cleanup: 13911 ns, At safepoint: 468708 ns, Total: 2638253 ns
[2025-10-13T17:34:33.902-0700][1207][info ][safepoint   ] Safepoint "ICBufferFull", Time since last: 166652 ns, Reaching safepoint: 1142014 ns, Cleanup: 3095 ns, At safepoint: 348696 ns, Total: 1493805 ns
[2025-10-13T17:34:33.904-0700][1207][info ][safepoint   ] Safepoint "ICBufferFull", Time since last: 491042 ns, Reaching safepoint: 1562389 ns, Cleanup: 4316 ns, At safepoint: 547447 ns, Total: 2114152 ns
[2025-10-13T17:34:33.906-0700][1207][info ][safepoint   ] Safepoint "ICBufferFull", Time since last: 602009 ns, Reaching safepoint: 1045698 ns, Cleanup: 9535 ns, At safepoint: 536039 ns, Total: 1591272 ns
[2025-10-13T17:34:33.911-0700][1207][info ][safepoint   ] Safepoint "ICBufferFull", Time since last: 2997085 ns, Reaching safepoint: 1380585 ns, Cleanup: 19930 ns, At safepoint: 543561 ns, Total: 1944076 ns
[2025-10-13T17:34:33.913-0700][1207][info ][safepoint   ] Safepoint "ICBufferFull", Time since last: 253573 ns, Reaching safepoint: 1023575 ns, Cleanup: 3415 ns, At safepoint: 367585 ns, Total: 1394575 ns
[2025-10-13T17:34:34.433-0700][1207][info ][safepoint   ] Safepoint "ICBufferFull", Time since last: 517095586 ns, Reaching safepoint: 1502659 ns, Cleanup: 173481 ns, At safepoint: 819528 ns, Total: 2495668 ns
[2025-10-13T17:34:34.826-0700][1207][info ][safepoint   ] Safepoint "ICBufferFull", Time since last: 391943360 ns, Reaching safepoint: 941581 ns, Cleanup: 178199 ns, At safepoint: 319934 ns, Total: 1439714 ns
[2025-10-13T17:34:35.072-0700][1207][info ][safepoint   ] Safepoint "ICBufferFull", Time since last: 244563823 ns, Reaching safepoint: 992959 ns, Cleanup: 154874 ns, At safepoint: 735501 ns, Total: 1883334 ns
[2025-10-13T17:34:35.075-0700][1207][info ][safepoint   ] Safepoint "ICBufferFull", Time since last: 89325 ns, Reaching safepoint: 1872937 ns, Cleanup: 3596 ns, At safepoint: 555739 ns, Total: 2432272 ns
[2025-10-13T17:34:35.517-0700][1207][info ][safepoint   ] Safepoint "ICBufferFull", Time since last: 439883574 ns, Reaching safepoint: 955112 ns, Cleanup: 203117 ns, At safepoint: 499865 ns, Total: 1658094 ns
[2025-10-13T17:34:35.912-0700][1207][info ][safepoint   ] Safepoint "ICBufferFull", Time since last: 393477806 ns, Reaching safepoint: 948853 ns, Cleanup: 168414 ns, At safepoint: 871486 ns, Total: 1988753 ns
[2025-10-13T17:34:35.915-0700][1207][info ][safepoint   ] Safepoint "ICBufferFull", Time since last: 156707 ns, Reaching safepoint: 1512844 ns, Cleanup: 11908 ns, At safepoint: 1013901 ns, Total: 2538653 ns
[2025-10-13T17:34:36.757-0700][1207][info ][safepoint   ] Safepoint "ICBufferFull", Time since last: 840431646 ns, Reaching safepoint: 1156486 ns, Cleanup: 192641 ns, At safepoint: 453975 ns, Total: 1803102 ns
[2025-10-13T17:34:36.758-0700][1207][info ][safepoint   ] Safepoint "ICBufferFull", Time since last: 73762 ns, Reaching safepoint: 652355 ns, Cleanup: 4066 ns, At safepoint: 308806 ns, Total: 965227 ns
[2025-10-13T17:34:37.320-0700][1207][info ][safepoint   ] Safepoint "ICBufferFull", Time since last: 560159277 ns, Reaching safepoint: 878216 ns, Cleanup: 160001 ns, At safepoint: 566365 ns, Total: 1604582 ns
[2025-10-13T17:34:37.321-0700][1207][info ][safepoint   ] Safepoint "ICBufferFull", Time since last: 179782 ns, Reaching safepoint: 730793 ns, Cleanup: 2805 ns, At safepoint: 540486 ns, Total: 1274084 ns
[2025-10-13T17:34:37.323-0700][1207][info ][safepoint   ] Safepoint "ICBufferFull", Time since last: 188614 ns, Reaching safepoint: 965638 ns, Cleanup: 4437 ns, At safepoint: 724895 ns, Total: 1694970 ns
[2025-10-13T17:34:37.326-0700][1207][info ][safepoint   ] Safepoint "ICBufferFull", Time since last: 161243 ns, Reaching safepoint: 1841130 ns, Cleanup: 3535 ns, At safepoint: 627137 ns, Total: 2471802 ns
[2025-10-13T17:34:37.329-0700][1207][info ][safepoint   ] Safepoint "ICBufferFull", Time since last: 1208685 ns, Reaching safepoint: 943244 ns, Cleanup: 4457 ns, At safepoint: 690713 ns, Total: 1638414 ns
[2025-10-13T17:34:37.330-0700][1207][info ][safepoint   ] Safepoint "ICBufferFull", Time since last: 178439 ns, Reaching safepoint: 935283 ns, Cleanup: 4997 ns, At safepoint: 502589 ns, Total: 1442869 ns
[2025-10-13T17:34:37.331-0700][1207][info ][safepoint   ] Safepoint "ICBufferFull", Time since last: 137828 ns, Reaching safepoint: 579976 ns, Cleanup: 2443 ns, At safepoint: 258310 ns, Total: 840729 ns
[2025-10-13T17:34:37.332-0700][1207][info ][safepoint   ] Safepoint "ICBufferFull", Time since last: 59070 ns, Reaching safepoint: 359022 ns, Cleanup: 1171 ns, At safepoint: 234775 ns, Total: 594968 ns
[2025-10-13T17:34:37.332-0700][1207][info ][safepoint   ] Safepoint "ICBufferFull", Time since last: 93331 ns, Reaching safepoint: 316277 ns, Cleanup: 732 ns, At safepoint: 193802 ns, Total: 510811 ns
[2025-10-13T17:34:37.334-0700][1207][info ][safepoint   ] Safepoint "ICBufferFull", Time since last: 54432 ns, Reaching safepoint: 872097 ns, Cleanup: 3505 ns, At safepoint: 264330 ns, Total: 1139932 ns
[2025-10-13T17:34:37.335-0700][1207][info ][safepoint   ] Safepoint "ICBufferFull", Time since last: 56735 ns, Reaching safepoint: 633046 ns, Cleanup: 1622 ns, At safepoint: 228095 ns, Total: 862763 ns
[2025-10-13T17:34:37.382-0700][1207][info ][gc,start    ] GC(46) Pause Young (Mixed) (G1 Evacuation Pause)
[2025-10-13T17:34:37.382-0700][1207][info ][gc,task     ] GC(46) Using 113 workers of 113 for evacuation
[2025-10-13T17:34:37.397-0700][1207][debug][gc,remset   ] GC(46) Visited cards 12200960 Total dirty 31784960 (38.39%) Total old 492634112 (2.48%)
[2025-10-13T17:34:37.577-0700][1207][info ][gc,phases   ] GC(46)   Pre Evacuate Collection Set: 0.8ms
[2025-10-13T17:34:37.577-0700][1207][info ][gc,phases   ] GC(46)   Merge Heap Roots: 14.8ms
[2025-10-13T17:34:37.577-0700][1207][info ][gc,phases   ] GC(46)   Evacuate Collection Set: 168.0ms
[2025-10-13T17:34:37.577-0700][1207][info ][gc,phases   ] GC(46)   Post Evacuate Collection Set: 11.3ms
[2025-10-13T17:34:37.577-0700][1207][info ][gc,phases   ] GC(46)   Other: 0.2ms
[2025-10-13T17:34:37.577-0700][1207][debug][gc,remset   ] GC(46) Coarsening (recent): Inline->AoC 12762 (0) AoC->Howl 191 (0) Howl->Full 0 (0) Inline->AoC 985 (0) AoC->BitMap 126 (0) BitMap->Full 0 (0) 
[2025-10-13T17:34:37.577-0700][1207][debug][gc,remset   ] GC(46) Coarsening (all): Inline->AoC 176116 (0) AoC->Howl 11955 (1) Howl->Full 0 (0) Inline->AoC 72353 (0) AoC->BitMap 14711 (0) BitMap->Full 0 (0) 
[2025-10-13T17:34:37.577-0700][1207][info ][gc,heap     ] GC(46) Eden regions: 3349->0(150)
[2025-10-13T17:34:37.577-0700][1207][info ][gc,heap     ] GC(46) Survivor regions: 107->181(432)
[2025-10-13T17:34:37.577-0700][1207][info ][gc,heap     ] GC(46) Old regions: 531->483
[2025-10-13T17:34:37.577-0700][1207][info ][gc,heap     ] GC(46) Humongous regions: 24->0
[2025-10-13T17:34:37.577-0700][1207][info ][gc,metaspace] GC(46) Metaspace: 295151K(299456K)->295151K(299456K) NonClass: 259735K(262144K)->259735K(262144K) Class: 35415K(37312K)->35415K(37312K)
[2025-10-13T17:34:37.577-0700][1207][info ][gc          ] GC(46) Pause Young (Mixed) (G1 Evacuation Pause) 128310M->21200M(184320M) 195.292ms
[2025-10-13T17:34:37.579-0700][1207][info ][gc,cpu      ] GC(46) User=13.68s Sys=0.08s Real=0.19s
[2025-10-13T17:34:37.580-0700][1207][info ][safepoint   ] Safepoint "G1CollectForAllocation", Time since last: 44148028 ns, Reaching safepoint: 1046561 ns, Cleanup: 4727 ns, At safepoint: 200159608 ns, Total: 201210896 ns
[2025-10-13T17:34:37.816-0700][1207][info ][gc,start    ] GC(47) Pause Young (Concurrent Start) (G1 Evacuation Pause)
[2025-10-13T17:34:37.816-0700][1207][info ][gc,task     ] GC(47) Using 113 workers of 113 for evacuation
[2025-10-13T17:34:37.826-0700][1207][debug][gc,remset   ] GC(47) Visited cards 11478016 Total dirty 31653888 (36.26%) Total old 76349440 (15.03%)
[2025-10-13T17:34:37.987-0700][1207][info ][gc,phases   ] GC(47)   Pre Evacuate Collection Set: 0.9ms
[2025-10-13T17:34:37.988-0700][1207][info ][gc,phases   ] GC(47)   Merge Heap Roots: 9.0ms
[2025-10-13T17:34:37.988-0700][1207][info ][gc,phases   ] GC(47)   Evacuate Collection Set: 158.5ms
[2025-10-13T17:34:37.988-0700][1207][info ][gc,phases   ] GC(47)   Post Evacuate Collection Set: 3.3ms
[2025-10-13T17:34:37.988-0700][1207][info ][gc,phases   ] GC(47)   Other: 0.1ms
[2025-10-13T17:34:37.988-0700][1207][debug][gc,remset   ] GC(47) Coarsening (recent): Inline->AoC 521 (0) AoC->Howl 26 (0) Howl->Full 0 (0) Inline->AoC 124 (0) AoC->BitMap 14 (0) BitMap->Full 0 (0) 
[2025-10-13T17:34:37.988-0700][1207][debug][gc,remset   ] GC(47) Coarsening (all): Inline->AoC 176637 (0) AoC->Howl 11981 (1) Howl->Full 0 (0) Inline->AoC 72477 (0) AoC->BitMap 14725 (0) BitMap->Full 0 (0) 
[2025-10-13T17:34:37.988-0700][1207][info ][gc,heap     ] GC(47) Eden regions: 160->0(2459)
[2025-10-13T17:34:37.988-0700][1207][info ][gc,heap     ] GC(47) Survivor regions: 181->43(43)
[2025-10-13T17:34:37.988-0700][1207][info ][gc,heap     ] GC(47) Old regions: 483->644
[2025-10-13T17:34:37.988-0700][1207][info ][gc,heap     ] GC(47) Humongous regions: 0->0
[2025-10-13T17:34:37.988-0700][1207][info ][gc,metaspace] GC(47) Metaspace: 295176K(299456K)->295176K(299456K) NonClass: 259760K(262144K)->259760K(262144K) Class: 35416K(37312K)->35416K(37312K)
[2025-10-13T17:34:37.988-0700][1207][info ][gc          ] GC(47) Pause Young (Concurrent Start) (G1 Evacuation Pause) 26320M->21979M(184320M) 172.023ms
[2025-10-13T17:34:37.988-0700][1090][info ][gc          ] GC(48) Concurrent Mark Cycle
[2025-10-13T17:34:37.988-0700][1090][info ][gc,marking  ] GC(48) Concurrent Scan Root Regions
[2025-10-13T17:34:37.990-0700][1207][info ][gc,cpu      ] GC(47) User=9.98s Sys=0.04s Real=0.17s
[2025-10-13T17:34:37.991-0700][1207][info ][safepoint   ] Safepoint "G1CollectForAllocation", Time since last: 232105573 ns, Reaching safepoint: 1686847 ns, Cleanup: 73361 ns, At safepoint: 177761589 ns, Total: 179521797 ns
[2025-10-13T17:34:38.083-0700][1090][info ][gc,marking  ] GC(48) Concurrent Scan Root Regions 95.007ms
[2025-10-13T17:34:38.083-0700][1090][info ][gc,marking  ] GC(48) Concurrent Mark
[2025-10-13T17:34:38.083-0700][1090][info ][gc,marking  ] GC(48) Concurrent Mark From Roots
[2025-10-13T17:34:38.083-0700][1090][info ][gc,task     ] GC(48) Using 36 workers of 36 for marking
[2025-10-13T17:34:38.278-0700][1090][info ][gc,marking  ] GC(48) Concurrent Mark From Roots 194.860ms
[2025-10-13T17:34:38.278-0700][1090][info ][gc,marking  ] GC(48) Concurrent Preclean
[2025-10-13T17:34:38.287-0700][1090][info ][gc,marking  ] GC(48) Concurrent Preclean 9.269ms
[2025-10-13T17:34:38.290-0700][1207][info ][gc,start    ] GC(48) Pause Remark
[2025-10-13T17:34:38.665-0700][1207][info ][gc,mmu      ] GC(48) MMU target violated: 201.0ms (200.0ms/201.0ms)
[2025-10-13T17:34:38.665-0700][1207][info ][gc          ] GC(48) Pause Remark 28719M->28719M(184320M) 374.986ms
[2025-10-13T17:34:38.667-0700][1207][info ][gc,cpu      ] GC(48) User=2.35s Sys=0.08s Real=0.37s
[2025-10-13T17:34:38.669-0700][1207][info ][safepoint   ] Safepoint "G1PauseRemark", Time since last: 295800716 ns, Reaching safepoint: 999058 ns, Cleanup: 125610 ns, At safepoint: 380085536 ns, Total: 381210204 ns
[2025-10-13T17:34:38.669-0700][1090][info ][gc,marking  ] GC(48) Concurrent Mark 585.808ms
[2025-10-13T17:34:38.669-0700][1090][info ][gc,marking  ] GC(48) Concurrent Rebuild Remembered Sets and Scrub Regions
[2025-10-13T17:34:39.097-0700][1207][info ][safepoint   ] Safepoint "ICBufferFull", Time since last: 425547848 ns, Reaching safepoint: 2047983 ns, Cleanup: 311410 ns, At safepoint: 361506 ns, Total: 2720899 ns
[2025-10-13T17:34:39.100-0700][1207][info ][safepoint   ] Safepoint "ICBufferFull", Time since last: 757383 ns, Reaching safepoint: 1779788 ns, Cleanup: 24847 ns, At safepoint: 243888 ns, Total: 2048523 ns
[2025-10-13T17:34:39.264-0700][1090][info ][gc,marking  ] GC(48) Concurrent Rebuild Remembered Sets and Scrub Regions 595.077ms
[2025-10-13T17:34:39.269-0700][1207][info ][gc,start    ] GC(48) Pause Cleanup
[2025-10-13T17:34:39.270-0700][1207][info ][gc          ] GC(48) Pause Cleanup 41979M->41979M(184320M) 1.746ms
[2025-10-13T17:34:39.272-0700][1207][info ][gc,cpu      ] GC(48) User=0.01s Sys=0.00s Real=0.01s
[2025-10-13T17:34:39.273-0700][1207][info ][safepoint   ] Safepoint "G1PauseCleanup", Time since last: 165757004 ns, Reaching safepoint: 1300684 ns, Cleanup: 162426 ns, At safepoint: 6318069 ns, Total: 7781179 ns
[2025-10-13T17:34:39.274-0700][1090][info ][gc,marking  ] GC(48) Concurrent Clear Claimed Marks
[2025-10-13T17:34:39.275-0700][1090][info ][gc,marking  ] GC(48) Concurrent Clear Claimed Marks 0.812ms
[2025-10-13T17:34:39.275-0700][1090][info ][gc,marking  ] GC(48) Concurrent Cleanup for Next Mark
[2025-10-13T17:34:39.312-0700][1090][info ][gc,marking  ] GC(48) Concurrent Cleanup for Next Mark 37.072ms
[2025-10-13T17:34:39.312-0700][1090][info ][gc          ] GC(48) Concurrent Mark Cycle 1323.935ms
[2025-10-13T17:34:39.793-0700][1207][info ][safepoint   ] Safepoint "ICBufferFull", Time since last: 517586397 ns, Reaching safepoint: 923324 ns, Cleanup: 184458 ns, At safepoint: 695751 ns, Total: 1803533 ns
[2025-10-13T17:34:40.584-0700][1207][info ][safepoint   ] Safepoint "ICBufferFull", Time since last: 790223668 ns, Reaching safepoint: 1044927 ns, Cleanup: 204179 ns, At safepoint: 459173 ns, Total: 1708279 ns
[2025-10-13T17:34:41.041-0700][1207][info ][safepoint   ] Safepoint "ICBufferFull", Time since last: 444496920 ns, Reaching safepoint: 10411390 ns, Cleanup: 163897 ns, At safepoint: 1392773 ns, Total: 11968060 ns
[2025-10-13T17:34:41.044-0700][1207][info ][safepoint   ] Safepoint "ICBufferFull", Time since last: 268796 ns, Reaching safepoint: 2255946 ns, Cleanup: 8873 ns, At safepoint: 937035 ns, Total: 3201854 ns
[2025-10-13T17:34:41.552-0700][1207][info ][gc,start    ] GC(49) Pause Young (Prepare Mixed) (G1 Evacuation Pause)
[2025-10-13T17:34:41.552-0700][1207][info ][gc,task     ] GC(49) Using 113 workers of 113 for evacuation
[2025-10-13T17:34:41.566-0700][1207][debug][gc,remset   ] GC(49) Visited cards 10898432 Total dirty 41549824 (26.23%) Total old 301531136 (3.61%)
[2025-10-13T17:34:41.679-0700][1207][info ][gc,phases   ] GC(49)   Pre Evacuate Collection Set: 0.7ms
[2025-10-13T17:34:41.679-0700][1207][info ][gc,phases   ] GC(49)   Merge Heap Roots: 13.8ms
[2025-10-13T17:34:41.679-0700][1207][info ][gc,phases   ] GC(49)   Evacuate Collection Set: 102.5ms
[2025-10-13T17:34:41.679-0700][1207][info ][gc,phases   ] GC(49)   Post Evacuate Collection Set: 10.2ms
[2025-10-13T17:34:41.679-0700][1207][info ][gc,phases   ] GC(49)   Other: 0.1ms
[2025-10-13T17:34:41.679-0700][1207][debug][gc,remset   ] GC(49) Coarsening (recent): Inline->AoC 136127 (0) AoC->Howl 6753 (0) Howl->Full 0 (0) Inline->AoC 33600 (0) AoC->BitMap 9756 (0) BitMap->Full 0 (0) 
[2025-10-13T17:34:41.679-0700][1207][debug][gc,remset   ] GC(49) Coarsening (all): Inline->AoC 312764 (0) AoC->Howl 18734 (1) Howl->Full 0 (0) Inline->AoC 106077 (0) AoC->BitMap 24481 (0) BitMap->Full 0 (0) 
[2025-10-13T17:34:41.679-0700][1207][info ][gc,heap     ] GC(49) Eden regions: 1928->0(3354)
[2025-10-13T17:34:41.679-0700][1207][info ][gc,heap     ] GC(49) Survivor regions: 43->102(247)
[2025-10-13T17:34:41.679-0700][1207][info ][gc,heap     ] GC(49) Old regions: 644->644
[2025-10-13T17:34:41.679-0700][1207][info ][gc,heap     ] GC(49) Humongous regions: 15->0
[2025-10-13T17:34:41.679-0700][1207][info ][gc,metaspace] GC(49) Metaspace: 296356K(300672K)->296356K(300672K) NonClass: 260886K(263232K)->260886K(263232K) Class: 35470K(37440K)->35470K(37440K)
[2025-10-13T17:34:41.679-0700][1207][info ][gc          ] GC(49) Pause Young (Prepare Mixed) (G1 Evacuation Pause) 84155M->23867M(184320M) 127.548ms
[2025-10-13T17:34:41.681-0700][1207][info ][gc,cpu      ] GC(49) User=9.09s Sys=0.12s Real=0.13s
[2025-10-13T17:34:41.682-0700][1207][info ][safepoint   ] Safepoint "G1CollectForAllocation", Time since last: 504353897 ns, Reaching safepoint: 1016755 ns, Cleanup: 142195 ns, At safepoint: 132391476 ns, Total: 133550426 ns
[2025-10-13T17:34:42.288-0700][1207][info ][safepoint   ] Safepoint "ICBufferFull", Time since last: 602659177 ns, Reaching safepoint: 1891105 ns, Cleanup: 188234 ns, At safepoint: 680358 ns, Total: 2759697 ns
[2025-10-13T17:34:42.291-0700][1207][info ][safepoint   ] Safepoint "ICBufferFull", Time since last: 415016 ns, Reaching safepoint: 1004216 ns, Cleanup: 3696 ns, At safepoint: 1673307 ns, Total: 2681219 ns
[2025-10-13T17:34:42.293-0700][1207][info ][safepoint   ] Safepoint "ICBufferFull", Time since last: 746056 ns, Reaching safepoint: 991377 ns, Cleanup: 13140 ns, At safepoint: 651804 ns, Total: 1656321 ns
[2025-10-13T17:34:42.295-0700][1207][info ][safepoint   ] Safepoint "ICBufferFull", Time since last: 787789 ns, Reaching safepoint: 755271 ns, Cleanup: 8613 ns, At safepoint: 532283 ns, Total: 1296167 ns
[2025-10-13T17:34:42.297-0700][1207][info ][safepoint   ] Safepoint "ICBufferFull", Time since last: 263298 ns, Reaching safepoint: 1017376 ns, Cleanup: 10396 ns, At safepoint: 535979 ns, Total: 1563751 ns
[2025-10-13T17:34:42.300-0700][1207][info ][safepoint   ] Safepoint "ICBufferFull", Time since last: 172460 ns, Reaching safepoint: 2101433 ns, Cleanup: 17096 ns, At safepoint: 480656 ns, Total: 2599185 ns
[2025-10-13T17:34:42.603-0700][1207][info ][safepoint   ] Safepoint "ICBufferFull", Time since last: 301517898 ns, Reaching safepoint: 856072 ns, Cleanup: 204519 ns, At safepoint: 499043 ns, Total: 1559634 ns
[2025-10-13T17:34:42.604-0700][1207][info ][safepoint   ] Safepoint "ICBufferFull", Time since last: 166792 ns, Reaching safepoint: 620517 ns, Cleanup: 2804 ns, At safepoint: 208135 ns, Total: 831456 ns
[2025-10-13T17:34:43.264-0700][1207][info ][safepoint   ] Safepoint "ICBufferFull", Time since last: 658063621 ns, Reaching safepoint: 798435 ns, Cleanup: 191910 ns, At safepoint: 602570 ns, Total: 1592915 ns
[2025-10-13T17:34:44.063-0700][1207][info ][safepoint   ] Safepoint "ICBufferFull", Time since last: 798078948 ns, Reaching safepoint: 941962 ns, Cleanup: 202506 ns, At safepoint: 480095 ns, Total: 1624563 ns
[2025-10-13T17:34:44.662-0700][1207][info ][safepoint   ] Safepoint "ICBufferFull", Time since last: 587463283 ns, Reaching safepoint: 9291819 ns, Cleanup: 190478 ns, At safepoint: 1417420 ns, Total: 10899717 ns
[2025-10-13T17:34:45.074-0700][1207][info ][safepoint   ] Safepoint "ICBufferFull", Time since last: 410092483 ns, Reaching safepoint: 1002724 ns, Cleanup: 256607 ns, At safepoint: 812868 ns, Total: 2072199 ns
[2025-10-13T17:34:45.696-0700][1207][info ][safepoint   ] Safepoint "ICBufferFull", Time since last: 620349086 ns, Reaching safepoint: 849893 ns, Cleanup: 250959 ns, At safepoint: 454477 ns, Total: 1555329 ns
[2025-10-13T17:34:46.698-0700][1207][info ][safepoint   ] Safepoint "Cleanup", Time since last: 1000123863 ns, Reaching safepoint: 982183 ns, Cleanup: 184759 ns, At safepoint: 895792 ns, Total: 2062734 ns
[2025-10-13T17:34:47.569-0700][1207][info ][safepoint   ] Safepoint "ICBufferFull", Time since last: 860403762 ns, Reaching safepoint: 8227372 ns, Cleanup: 164018 ns, At safepoint: 1829642 ns, Total: 10221032 ns
[2025-10-13T17:34:47.949-0700][1207][info ][gc,start    ] GC(50) Pause Young (Mixed) (G1 Evacuation Pause)
[2025-10-13T17:34:47.949-0700][1207][info ][gc,task     ] GC(50) Using 113 workers of 113 for evacuation
[2025-10-13T17:34:47.964-0700][1207][debug][gc,remset   ] GC(50) Visited cards 11349504 Total dirty 38338560 (29.60%) Total old 499974144 (2.27%)
[2025-10-13T17:34:48.126-0700][1207][info ][gc,phases   ] GC(50)   Pre Evacuate Collection Set: 0.7ms
[2025-10-13T17:34:48.126-0700][1207][info ][gc,phases   ] GC(50)   Merge Heap Roots: 14.7ms
[2025-10-13T17:34:48.126-0700][1207][info ][gc,phases   ] GC(50)   Evacuate Collection Set: 149.0ms
[2025-10-13T17:34:48.126-0700][1207][info ][gc,phases   ] GC(50)   Post Evacuate Collection Set: 12.4ms
[2025-10-13T17:34:48.126-0700][1207][info ][gc,phases   ] GC(50)   Other: 0.2ms
[2025-10-13T17:34:48.126-0700][1207][debug][gc,remset   ] GC(50) Coarsening (recent): Inline->AoC 18637 (0) AoC->Howl 158 (0) Howl->Full 0 (0) Inline->AoC 825 (0) AoC->BitMap 88 (0) BitMap->Full 0 (0) 
[2025-10-13T17:34:48.126-0700][1207][debug][gc,remset   ] GC(50) Coarsening (all): Inline->AoC 331401 (0) AoC->Howl 18892 (1) Howl->Full 0 (0) Inline->AoC 106902 (0) AoC->BitMap 24569 (0) BitMap->Full 0 (0) 
[2025-10-13T17:34:48.126-0700][1207][info ][gc,heap     ] GC(50) Eden regions: 3354->0(838)
[2025-10-13T17:34:48.126-0700][1207][info ][gc,heap     ] GC(50) Survivor regions: 102->159(432)
[2025-10-13T17:34:48.126-0700][1207][info ][gc,heap     ] GC(50) Old regions: 644->594
[2025-10-13T17:34:48.126-0700][1207][info ][gc,heap     ] GC(50) Humongous regions: 17->1
[2025-10-13T17:34:48.126-0700][1207][info ][gc,metaspace] GC(50) Metaspace: 297757K(302144K)->297757K(302144K) NonClass: 262197K(264640K)->262197K(264640K) Class: 35559K(37504K)->35559K(37504K)
[2025-10-13T17:34:48.126-0700][1207][info ][gc          ] GC(50) Pause Young (Mixed) (G1 Evacuation Pause) 131739M->24119M(184320M) 177.132ms
[2025-10-13T17:34:48.128-0700][1207][info ][gc,cpu      ] GC(50) User=12.77s Sys=0.05s Real=0.18s
[2025-10-13T17:34:48.129-0700][1207][info ][safepoint   ] Safepoint "G1CollectForAllocation", Time since last: 377167450 ns, Reaching safepoint: 977676 ns, Cleanup: 88294 ns, At safepoint: 181891565 ns, Total: 182957535 ns
[2025-10-13T17:34:48.360-0700][1207][info ][gc,start    ] GC(51) Pause Young (Concurrent Start) (G1 Humongous Allocation)
[2025-10-13T17:34:48.360-0700][1207][info ][gc,task     ] GC(51) Using 113 workers of 113 for evacuation
[2025-10-13T17:34:48.370-0700][1207][debug][gc,remset   ] GC(51) Visited cards 10497536 Total dirty 38666240 (27.15%) Total old 81330176 (12.91%)
[2025-10-13T17:34:48.503-0700][1207][info ][gc,phases   ] GC(51)   Pre Evacuate Collection Set: 0.9ms
[2025-10-13T17:34:48.503-0700][1207][info ][gc,phases   ] GC(51)   Merge Heap Roots: 9.9ms
[2025-10-13T17:34:48.503-0700][1207][info ][gc,phases   ] GC(51)   Evacuate Collection Set: 127.6ms
[2025-10-13T17:34:48.503-0700][1207][info ][gc,phases   ] GC(51)   Post Evacuate Collection Set: 4.5ms
[2025-10-13T17:34:48.503-0700][1207][info ][gc,phases   ] GC(51)   Other: 0.1ms
[2025-10-13T17:34:48.503-0700][1207][debug][gc,remset   ] GC(51) Coarsening (recent): Inline->AoC 4291 (0) AoC->Howl 117 (0) Howl->Full 0 (0) Inline->AoC 509 (0) AoC->BitMap 91 (0) BitMap->Full 0 (0) 
[2025-10-13T17:34:48.503-0700][1207][debug][gc,remset   ] GC(51) Coarsening (all): Inline->AoC 335692 (0) AoC->Howl 19009 (1) Howl->Full 0 (0) Inline->AoC 107411 (0) AoC->BitMap 24660 (0) BitMap->Full 0 (0) 
[2025-10-13T17:34:48.503-0700][1207][info ][gc,heap     ] GC(51) Eden regions: 164->0(1681)
[2025-10-13T17:34:48.503-0700][1207][info ][gc,heap     ] GC(51) Survivor regions: 159->38(147)
[2025-10-13T17:34:48.503-0700][1207][info ][gc,heap     ] GC(51) Old regions: 594->729
[2025-10-13T17:34:48.503-0700][1207][info ][gc,heap     ] GC(51) Humongous regions: 1->1
[2025-10-13T17:34:48.503-0700][1207][info ][gc,metaspace] GC(51) Metaspace: 297853K(302208K)->297853K(302208K) NonClass: 262293K(264704K)->262293K(264704K) Class: 35559K(37504K)->35559K(37504K)
[2025-10-13T17:34:48.503-0700][1207][info ][gc          ] GC(51) Pause Young (Concurrent Start) (G1 Humongous Allocation) 29350M->24544M(184320M) 143.180ms
[2025-10-13T17:34:48.503-0700][1090][info ][gc          ] GC(52) Concurrent Mark Cycle
[2025-10-13T17:34:48.503-0700][1090][info ][gc,marking  ] GC(52) Concurrent Scan Root Regions
[2025-10-13T17:34:48.505-0700][1207][info ][gc,cpu      ] GC(51) User=8.70s Sys=0.17s Real=0.15s
[2025-10-13T17:34:48.507-0700][1207][info ][safepoint   ] Safepoint "G1TryInitiateConcMark", Time since last: 228271574 ns, Reaching safepoint: 750534 ns, Cleanup: 49434 ns, At safepoint: 148773251 ns, Total: 149573219 ns
[2025-10-13T17:34:48.578-0700][1090][info ][gc,marking  ] GC(52) Concurrent Scan Root Regions 75.123ms
[2025-10-13T17:34:48.578-0700][1090][info ][gc,marking  ] GC(52) Concurrent Mark
[2025-10-13T17:34:48.578-0700][1090][info ][gc,marking  ] GC(52) Concurrent Mark From Roots
[2025-10-13T17:34:48.578-0700][1090][info ][gc,task     ] GC(52) Using 36 workers of 36 for marking
[2025-10-13T17:34:48.744-0700][1090][info ][gc,marking  ] GC(52) Concurrent Mark From Roots 165.728ms
[2025-10-13T17:34:48.744-0700][1090][info ][gc,marking  ] GC(52) Concurrent Preclean
[2025-10-13T17:34:48.756-0700][1090][info ][gc,marking  ] GC(52) Concurrent Preclean 11.604ms
[2025-10-13T17:34:48.759-0700][1207][info ][gc,start    ] GC(52) Pause Remark
[2025-10-13T17:34:49.259-0700][1207][info ][gc,mmu      ] GC(52) MMU target violated: 201.0ms (200.0ms/201.0ms)
[2025-10-13T17:34:49.259-0700][1207][info ][gc          ] GC(52) Pause Remark 29146M->29146M(184320M) 500.570ms
[2025-10-13T17:34:49.261-0700][1207][info ][gc,cpu      ] GC(52) User=2.48s Sys=0.06s Real=0.51s
[2025-10-13T17:34:49.263-0700][1207][info ][safepoint   ] Safepoint "G1PauseRemark", Time since last: 249193143 ns, Reaching safepoint: 942153 ns, Cleanup: 60241 ns, At safepoint: 506302959 ns, Total: 507305353 ns
[2025-10-13T17:34:49.263-0700][1090][info ][gc,marking  ] GC(52) Concurrent Mark 684.979ms
[2025-10-13T17:34:49.263-0700][1090][info ][gc,marking  ] GC(52) Concurrent Rebuild Remembered Sets and Scrub Regions
[2025-10-13T17:34:49.796-0700][1090][info ][gc,marking  ] GC(52) Concurrent Rebuild Remembered Sets and Scrub Regions 533.142ms
[2025-10-13T17:34:49.800-0700][1207][info ][gc,start    ] GC(52) Pause Cleanup
[2025-10-13T17:34:49.802-0700][1207][info ][gc          ] GC(52) Pause Cleanup 39232M->39232M(184320M) 1.757ms
[2025-10-13T17:34:49.803-0700][1207][info ][gc,cpu      ] GC(52) User=0.02s Sys=0.00s Real=0.01s
[2025-10-13T17:34:49.804-0700][1207][info ][safepoint   ] Safepoint "G1PauseCleanup", Time since last: 533463530 ns, Reaching safepoint: 1533845 ns, Cleanup: 324070 ns, At safepoint: 5290648 ns, Total: 7148563 ns
[2025-10-13T17:34:49.804-0700][1090][info ][gc,marking  ] GC(52) Concurrent Clear Claimed Marks
[2025-10-13T17:34:49.804-0700][1090][info ][gc,marking  ] GC(52) Concurrent Clear Claimed Marks 0.787ms
[2025-10-13T17:34:49.804-0700][1090][info ][gc,marking  ] GC(52) Concurrent Cleanup for Next Mark
[2025-10-13T17:34:49.835-0700][1090][info ][gc,marking  ] GC(52) Concurrent Cleanup for Next Mark 30.642ms
[2025-10-13T17:34:49.835-0700][1090][info ][gc          ] GC(52) Concurrent Mark Cycle 1332.198ms
[2025-10-13T17:34:50.575-0700][1207][info ][safepoint   ] Safepoint "ICBufferFull", Time since last: 769456261 ns, Reaching safepoint: 922924 ns, Cleanup: 243528 ns, At safepoint: 669851 ns, Total: 1836303 ns
[2025-10-13T17:34:51.885-0700][1207][info ][safepoint   ] Safepoint "Cleanup", Time since last: 1308815382 ns, Reaching safepoint: 824645 ns, Cleanup: 188625 ns, At safepoint: 543541 ns, Total: 1556811 ns
[2025-10-13T17:34:52.562-0700][1207][info ][gc,start    ] GC(53) Pause Young (Prepare Mixed) (G1 Evacuation Pause)
[2025-10-13T17:34:52.563-0700][1207][info ][gc,task     ] GC(53) Using 113 workers of 113 for evacuation
[2025-10-13T17:34:52.577-0700][1207][debug][gc,remset   ] GC(53) Visited cards 10891520 Total dirty 47185920 (23.08%) Total old 262602752 (4.15%)
[2025-10-13T17:34:52.662-0700][1207][info ][gc,phases   ] GC(53)   Pre Evacuate Collection Set: 0.7ms
[2025-10-13T17:34:52.662-0700][1207][info ][gc,phases   ] GC(53)   Merge Heap Roots: 13.2ms
[2025-10-13T17:34:52.662-0700][1207][info ][gc,phases   ] GC(53)   Evacuate Collection Set: 77.1ms
[2025-10-13T17:34:52.662-0700][1207][info ][gc,phases   ] GC(53)   Post Evacuate Collection Set: 7.9ms
[2025-10-13T17:34:52.662-0700][1207][info ][gc,phases   ] GC(53)   Other: 0.1ms
[2025-10-13T17:34:52.662-0700][1207][debug][gc,remset   ] GC(53) Coarsening (recent): Inline->AoC 118568 (0) AoC->Howl 7545 (0) Howl->Full 0 (0) Inline->AoC 34450 (0) AoC->BitMap 10374 (0) BitMap->Full 0 (0) 
[2025-10-13T17:34:52.662-0700][1207][debug][gc,remset   ] GC(53) Coarsening (all): Inline->AoC 454260 (0) AoC->Howl 26554 (1) Howl->Full 0 (0) Inline->AoC 141861 (0) AoC->BitMap 35034 (0) BitMap->Full 0 (0) 
[2025-10-13T17:34:52.662-0700][1207][info ][gc,heap     ] GC(53) Eden regions: 1592->0(2939)
[2025-10-13T17:34:52.662-0700][1207][info ][gc,heap     ] GC(53) Survivor regions: 38->75(204)
[2025-10-13T17:34:52.662-0700][1207][info ][gc,heap     ] GC(53) Old regions: 729->729
[2025-10-13T17:34:52.662-0700][1207][info ][gc,heap     ] GC(53) Humongous regions: 18->2
[2025-10-13T17:34:52.662-0700][1207][info ][gc,metaspace] GC(53) Metaspace: 298428K(302848K)->298428K(302848K) NonClass: 262850K(265280K)->262850K(265280K) Class: 35578K(37568K)->35578K(37568K)
[2025-10-13T17:34:52.662-0700][1207][info ][gc          ] GC(53) Pause Young (Prepare Mixed) (G1 Evacuation Pause) 76032M->25759M(184320M) 99.268ms
[2025-10-13T17:34:52.663-0700][1207][info ][gc,cpu      ] GC(53) User=6.78s Sys=0.08s Real=0.10s
[2025-10-13T17:34:52.665-0700][1207][info ][safepoint   ] Safepoint "G1CollectForAllocation", Time since last: 674351394 ns, Reaching safepoint: 845636 ns, Cleanup: 186482 ns, At safepoint: 103957945 ns, Total: 104990063 ns
[2025-10-13T17:34:53.024-0700][1207][info ][safepoint   ] Safepoint "ICBufferFull", Time since last: 358023434 ns, Reaching safepoint: 863464 ns, Cleanup: 278480 ns, At safepoint: 179361 ns, Total: 1321305 ns
[2025-10-13T17:34:54.026-0700][1207][info ][safepoint   ] Safepoint "Cleanup", Time since last: 1000118415 ns, Reaching safepoint: 1158609 ns, Cleanup: 184859 ns, At safepoint: 267414 ns, Total: 1610882 ns
[2025-10-13T17:34:54.818-0700][1207][info ][safepoint   ] Safepoint "ICBufferFull", Time since last: 791089185 ns, Reaching safepoint: 963515 ns, Cleanup: 198840 ns, At safepoint: 282777 ns, Total: 1445132 ns
[2025-10-13T17:34:55.798-0700][1207][info ][safepoint   ] Safepoint "ICBufferFull", Time since last: 978634276 ns, Reaching safepoint: 804965 ns, Cleanup: 217068 ns, At safepoint: 370820 ns, Total: 1392853 ns
[2025-10-13T17:34:56.801-0700][1207][info ][safepoint   ] Safepoint "Cleanup", Time since last: 1000132516 ns, Reaching safepoint: 932088 ns, Cleanup: 180622 ns, At safepoint: 1042444 ns, Total: 2155154 ns
[2025-10-13T17:34:57.802-0700][1207][info ][safepoint   ] Safepoint "Cleanup", Time since last: 1000112783 ns, Reaching safepoint: 874094 ns, Cleanup: 139171 ns, At safepoint: 666896 ns, Total: 1680161 ns
[2025-10-13T17:34:58.638-0700][1207][info ][gc,start    ] GC(54) Pause Young (Mixed) (G1 Evacuation Pause)
[2025-10-13T17:34:58.638-0700][1207][info ][gc,task     ] GC(54) Using 113 workers of 113 for evacuation
[2025-10-13T17:34:58.654-0700][1207][debug][gc,remset   ] GC(54) Visited cards 11238144 Total dirty 46399488 (24.22%) Total old 456654848 (2.46%)
[2025-10-13T17:34:58.775-0700][1207][info ][gc,phases   ] GC(54)   Pre Evacuate Collection Set: 0.9ms
[2025-10-13T17:34:58.775-0700][1207][info ][gc,phases   ] GC(54)   Merge Heap Roots: 14.6ms
[2025-10-13T17:34:58.775-0700][1207][info ][gc,phases   ] GC(54)   Evacuate Collection Set: 110.2ms
[2025-10-13T17:34:58.775-0700][1207][info ][gc,phases   ] GC(54)   Post Evacuate Collection Set: 10.6ms
[2025-10-13T17:34:58.775-0700][1207][info ][gc,phases   ] GC(54)   Other: 0.2ms
[2025-10-13T17:34:58.775-0700][1207][debug][gc,remset   ] GC(54) Coarsening (recent): Inline->AoC 10972 (0) AoC->Howl 65 (0) Howl->Full 0 (0) Inline->AoC 297 (0) AoC->BitMap 31 (0) BitMap->Full 0 (0) 
[2025-10-13T17:34:58.775-0700][1207][debug][gc,remset   ] GC(54) Coarsening (all): Inline->AoC 465232 (0) AoC->Howl 26619 (1) Howl->Full 0 (0) Inline->AoC 142158 (0) AoC->BitMap 35065 (0) BitMap->Full 0 (0) 
[2025-10-13T17:34:58.775-0700][1207][info ][gc,heap     ] GC(54) Eden regions: 3024->0(2661)
[2025-10-13T17:34:58.775-0700][1207][info ][gc,heap     ] GC(54) Survivor regions: 75->144(388)
[2025-10-13T17:34:58.775-0700][1207][info ][gc,heap     ] GC(54) Old regions: 729->718
[2025-10-13T17:34:58.775-0700][1207][info ][gc,heap     ] GC(54) Humongous regions: 25->1
[2025-10-13T17:34:58.775-0700][1207][info ][gc,metaspace] GC(54) Metaspace: 299428K(303808K)->299428K(303808K) NonClass: 263819K(266176K)->263819K(266176K) Class: 35608K(37632K)->35608K(37632K)
[2025-10-13T17:34:58.775-0700][1207][info ][gc          ] GC(54) Pause Young (Mixed) (G1 Evacuation Pause) 123263M->27565M(184320M) 136.701ms
[2025-10-13T17:34:58.777-0700][1207][info ][gc,cpu      ] GC(54) User=11.58s Sys=0.12s Real=0.14s
[2025-10-13T17:34:58.778-0700][1207][info ][safepoint   ] Safepoint "G1CollectForAllocation", Time since last: 833257962 ns, Reaching safepoint: 857088 ns, Cleanup: 214089 ns, At safepoint: 141686780 ns, Total: 142757957 ns
[2025-10-13T17:34:59.819-0700][1207][info ][safepoint   ] Safepoint "Cleanup", Time since last: 1000091008 ns, Reaching safepoint: 39375336 ns, Cleanup: 120390 ns, At safepoint: 573379 ns, Total: 40069105 ns
[2025-10-13T17:35:00.820-0700][1207][info ][safepoint   ] Safepoint "Cleanup", Time since last: 1000112912 ns, Reaching safepoint: 810403 ns, Cleanup: 133001 ns, At safepoint: 434529 ns, Total: 1377933 ns
[2025-10-13T17:35:01.822-0700][1207][info ][safepoint   ] Safepoint "Cleanup", Time since last: 1000114134 ns, Reaching safepoint: 805185 ns, Cleanup: 136356 ns, At safepoint: 571135 ns, Total: 1512676 ns
[2025-10-13T17:35:02.833-0700][1207][info ][safepoint   ] Safepoint "Cleanup", Time since last: 1000115476 ns, Reaching safepoint: 8177624 ns, Cleanup: 91405 ns, At safepoint: 2469943 ns, Total: 10738972 ns
[2025-10-13T17:35:03.835-0700][1207][info ][safepoint   ] Safepoint "Cleanup", Time since last: 1000115226 ns, Reaching safepoint: 1660530 ns, Cleanup: 128985 ns, At safepoint: 614593 ns, Total: 2404108 ns
[2025-10-13T17:35:04.837-0700][1207][info ][safepoint   ] Safepoint "Cleanup", Time since last: 1000120445 ns, Reaching safepoint: 807338 ns, Cleanup: 64543 ns, At safepoint: 893425 ns, Total: 1765306 ns
[2025-10-13T17:35:05.862-0700][1207][info ][safepoint   ] Safepoint "Cleanup", Time since last: 1000122287 ns, Reaching safepoint: 21968571 ns, Cleanup: 72535 ns, At safepoint: 2808229 ns, Total: 24849335 ns
[2025-10-13T17:35:06.446-0700][1207][info ][gc,start    ] GC(55) Pause Young (Mixed) (G1 Evacuation Pause)
[2025-10-13T17:35:06.446-0700][1207][info ][gc,task     ] GC(55) Using 113 workers of 113 for evacuation
[2025-10-13T17:35:06.461-0700][1207][debug][gc,remset   ] GC(55) Visited cards 11664384 Total dirty 45744128 (25.50%) Total old 418643968 (2.79%)
[2025-10-13T17:35:06.609-0700][1207][debug][gc,remset   ] GC(55) Visited cards 666368 Total dirty 35848192 (1.86%) Total old 433061888 (0.15%)
[2025-10-13T17:35:06.622-0700][1207][info ][gc,phases   ] GC(55)   Pre Evacuate Collection Set: 0.8ms
[2025-10-13T17:35:06.622-0700][1207][info ][gc,phases   ] GC(55)   Merge Heap Roots: 14.1ms
[2025-10-13T17:35:06.622-0700][1207][info ][gc,phases   ] GC(55)   Evacuate Collection Set: 146.8ms
[2025-10-13T17:35:06.622-0700][1207][info ][gc,phases   ] GC(55)   Merge Optional Heap Roots: 0.9ms
[2025-10-13T17:35:06.622-0700][1207][info ][gc,phases   ] GC(55)   Evacuate Optional Collection Set: 1.3ms
[2025-10-13T17:35:06.622-0700][1207][info ][gc,phases   ] GC(55)   Post Evacuate Collection Set: 12.6ms
[2025-10-13T17:35:06.622-0700][1207][info ][gc,phases   ] GC(55)   Other: 0.2ms
[2025-10-13T17:35:06.622-0700][1207][debug][gc,remset   ] GC(55) Coarsening (recent): Inline->AoC 16556 (0) AoC->Howl 252 (0) Howl->Full 0 (0) Inline->AoC 1199 (0) AoC->BitMap 168 (0) BitMap->Full 0 (0) 
[2025-10-13T17:35:06.623-0700][1207][debug][gc,remset   ] GC(55) Coarsening (all): Inline->AoC 481788 (0) AoC->Howl 26871 (1) Howl->Full 0 (0) Inline->AoC 143357 (0) AoC->BitMap 35233 (0) BitMap->Full 0 (0) 
[2025-10-13T17:35:06.623-0700][1207][info ][gc,heap     ] GC(55) Eden regions: 2662->0(2375)
[2025-10-13T17:35:06.623-0700][1207][info ][gc,heap     ] GC(55) Survivor regions: 144->211(351)
[2025-10-13T17:35:06.623-0700][1207][info ][gc,heap     ] GC(55) Old regions: 718->679
[2025-10-13T17:35:06.623-0700][1207][info ][gc,heap     ] GC(55) Humongous regions: 25->1
[2025-10-13T17:35:06.623-0700][1207][info ][gc,metaspace] GC(55) Metaspace: 299962K(304384K)->299962K(304384K) NonClass: 264328K(266752K)->264328K(266752K) Class: 35633K(37632K)->35633K(37632K)
[2025-10-13T17:35:06.623-0700][1207][info ][gc          ] GC(55) Pause Young (Mixed) (G1 Evacuation Pause) 113517M->28467M(184320M) 176.824ms
[2025-10-13T17:35:06.624-0700][1207][info ][gc,cpu      ] GC(55) User=15.26s Sys=0.08s Real=0.18s
[2025-10-13T17:35:06.626-0700][1207][info ][safepoint   ] Safepoint "G1CollectForAllocation", Time since last: 581271782 ns, Reaching safepoint: 854633 ns, Cleanup: 64152 ns, At safepoint: 181496805 ns, Total: 182415590 ns
[2025-10-13T17:35:07.627-0700][1207][info ][safepoint   ] Safepoint "Cleanup", Time since last: 1000088133 ns, Reaching safepoint: 671534 ns, Cleanup: 123606 ns, At safepoint: 92626 ns, Total: 887766 ns
[2025-10-13T17:35:08.643-0700][1207][info ][safepoint   ] Safepoint "Cleanup", Time since last: 1000111661 ns, Reaching safepoint: 14685694 ns, Cleanup: 39352 ns, At safepoint: 1757534 ns, Total: 16482580 ns
[2025-10-13T17:35:09.645-0700][1207][info ][safepoint   ] Safepoint "Cleanup", Time since last: 1000120224 ns, Reaching safepoint: 747434 ns, Cleanup: 76421 ns, At safepoint: 949284 ns, Total: 1773139 ns
[2025-10-13T17:35:10.647-0700][1207][info ][safepoint   ] Safepoint "Cleanup", Time since last: 1000104899 ns, Reaching safepoint: 844728 ns, Cleanup: 159453 ns, At safepoint: 985771 ns, Total: 1989952 ns
[2025-10-13T17:35:11.650-0700][1207][info ][safepoint   ] Safepoint "Cleanup", Time since last: 1000071693 ns, Reaching safepoint: 1136495 ns, Cleanup: 202626 ns, At safepoint: 1238369 ns, Total: 2577490 ns
[2025-10-13T17:35:12.652-0700][1207][info ][safepoint   ] Safepoint "Cleanup", Time since last: 1000077229 ns, Reaching safepoint: 815441 ns, Cleanup: 37196 ns, At safepoint: 1008863 ns, Total: 1861500 ns
[2025-10-13T17:35:13.654-0700][1207][info ][safepoint   ] Safepoint "Cleanup", Time since last: 1000115778 ns, Reaching safepoint: 821099 ns, Cleanup: 148774 ns, At safepoint: 1042704 ns, Total: 2012577 ns
[2025-10-13T17:35:14.656-0700][1207][info ][safepoint   ] Safepoint "Cleanup", Time since last: 1000128677 ns, Reaching safepoint: 805446 ns, Cleanup: 83446 ns, At safepoint: 1269636 ns, Total: 2158528 ns
[2025-10-13T17:35:14.916-0700][1207][info ][gc,start    ] GC(56) Pause Young (Mixed) (G1 Evacuation Pause)
[2025-10-13T17:35:14.916-0700][1207][info ][gc,task     ] GC(56) Using 113 workers of 113 for evacuation
[2025-10-13T17:35:14.931-0700][1207][debug][gc,remset   ] GC(56) Visited cards 11317248 Total dirty 43384832 (26.09%) Total old 388825088 (2.91%)
[2025-10-13T17:35:15.113-0700][1207][debug][gc,remset   ] GC(56) Visited cards 918016 Total dirty 37814272 (2.43%) Total old 407109632 (0.23%)
[2025-10-13T17:35:15.134-0700][1207][info ][gc,mmu      ] GC(56) MMU target violated: 201.0ms (200.0ms/201.0ms)
[2025-10-13T17:35:15.134-0700][1207][info ][gc,phases   ] GC(56)   Pre Evacuate Collection Set: 0.7ms
[2025-10-13T17:35:15.134-0700][1207][info ][gc,phases   ] GC(56)   Merge Heap Roots: 13.8ms
[2025-10-13T17:35:15.134-0700][1207][info ][gc,phases   ] GC(56)   Evacuate Collection Set: 181.7ms
[2025-10-13T17:35:15.134-0700][1207][info ][gc,phases   ] GC(56)   Merge Optional Heap Roots: 0.9ms
[2025-10-13T17:35:15.134-0700][1207][info ][gc,phases   ] GC(56)   Evacuate Optional Collection Set: 6.4ms
[2025-10-13T17:35:15.134-0700][1207][info ][gc,phases   ] GC(56)   Post Evacuate Collection Set: 14.2ms
[2025-10-13T17:35:15.134-0700][1207][info ][gc,phases   ] GC(56)   Other: 0.2ms
[2025-10-13T17:35:15.134-0700][1207][debug][gc,remset   ] GC(56) Coarsening (recent): Inline->AoC 20119 (0) AoC->Howl 325 (0) Howl->Full 0 (0) Inline->AoC 1617 (0) AoC->BitMap 219 (0) BitMap->Full 0 (0) 
[2025-10-13T17:35:15.134-0700][1207][debug][gc,remset   ] GC(56) Coarsening (all): Inline->AoC 501907 (0) AoC->Howl 27196 (1) Howl->Full 0 (0) Inline->AoC 144974 (0) AoC->BitMap 35452 (0) BitMap->Full 0 (0) 
[2025-10-13T17:35:15.134-0700][1207][info ][gc,heap     ] GC(56) Eden regions: 2386->0(1797)
[2025-10-13T17:35:15.134-0700][1207][info ][gc,heap     ] GC(56) Survivor regions: 211->225(325)
[2025-10-13T17:35:15.134-0700][1207][info ][gc,heap     ] GC(56) Old regions: 679->681
[2025-10-13T17:35:15.134-0700][1207][info ][gc,heap     ] GC(56) Humongous regions: 24->2
[2025-10-13T17:35:15.134-0700][1207][info ][gc,metaspace] GC(56) Metaspace: 300530K(305024K)->300530K(305024K) NonClass: 264874K(267328K)->264874K(267328K) Class: 35656K(37696K)->35656K(37696K)
[2025-10-13T17:35:15.134-0700][1207][info ][gc          ] GC(56) Pause Young (Mixed) (G1 Evacuation Pause) 105555M->29021M(184320M) 217.982ms
[2025-10-13T17:35:15.136-0700][1207][info ][gc,cpu      ] GC(56) User=18.33s Sys=0.32s Real=0.22s
[2025-10-13T17:35:15.137-0700][1207][info ][safepoint   ] Safepoint "G1CollectForAllocation", Time since last: 257391274 ns, Reaching safepoint: 800788 ns, Cleanup: 41733 ns, At safepoint: 222470599 ns, Total: 223313120 ns
[2025-10-13T17:35:16.138-0700][1207][info ][safepoint   ] Safepoint "Cleanup", Time since last: 1000082288 ns, Reaching safepoint: 766907 ns, Cleanup: 92409 ns, At safepoint: 308546 ns, Total: 1167862 ns
[2025-10-13T17:35:17.159-0700][1207][info ][safepoint   ] Safepoint "Cleanup", Time since last: 1000102548 ns, Reaching safepoint: 18667845 ns, Cleanup: 35533 ns, At safepoint: 2316437 ns, Total: 21019815 ns
[2025-10-13T17:35:18.161-0700][1207][info ][safepoint   ] Safepoint "Cleanup", Time since last: 1000122928 ns, Reaching safepoint: 765225 ns, Cleanup: 123226 ns, At safepoint: 889483 ns, Total: 1777934 ns
[2025-10-13T17:35:19.163-0700][1207][info ][safepoint   ] Safepoint "Cleanup", Time since last: 1000086824 ns, Reaching safepoint: 796952 ns, Cleanup: 80943 ns, At safepoint: 1061031 ns, Total: 1938926 ns
[2025-10-13T17:35:20.165-0700][1207][info ][safepoint   ] Safepoint "Cleanup", Time since last: 1000128507 ns, Reaching safepoint: 851445 ns, Cleanup: 89495 ns, At safepoint: 1051026 ns, Total: 1991966 ns
[2025-10-13T17:35:20.703-0700][1207][info ][safepoint   ] Safepoint "ICBufferFull", Time since last: 536196257 ns, Reaching safepoint: 660577 ns, Cleanup: 224989 ns, At safepoint: 384481 ns, Total: 1270047 ns
[2025-10-13T17:35:20.766-0700][1207][info ][safepoint   ] Safepoint "ICBufferFull", Time since last: 61713602 ns, Reaching safepoint: 885898 ns, Cleanup: 210287 ns, At safepoint: 902833 ns, Total: 1999018 ns
[2025-10-13T17:35:20.768-0700][1207][info ][safepoint   ] Safepoint "ICBufferFull", Time since last: 98328 ns, Reaching safepoint: 614578 ns, Cleanup: 14471 ns, At safepoint: 750593 ns, Total: 1379642 ns
[2025-10-13T17:35:20.769-0700][1207][info ][safepoint   ] Safepoint "ICBufferFull", Time since last: 97327 ns, Reaching safepoint: 832276 ns, Cleanup: 17116 ns, At safepoint: 303258 ns, Total: 1152650 ns
[2025-10-13T17:35:20.770-0700][1207][info ][safepoint   ] Safepoint "ICBufferFull", Time since last: 156766 ns, Reaching safepoint: 590361 ns, Cleanup: 1673 ns, At safepoint: 423439 ns, Total: 1015473 ns
[2025-10-13T17:35:20.772-0700][1207][info ][safepoint   ] Safepoint "ICBufferFull", Time since last: 117147 ns, Reaching safepoint: 730673 ns, Cleanup: 1842 ns, At safepoint: 369568 ns, Total: 1102083 ns
[2025-10-13T17:35:20.774-0700][1207][info ][safepoint   ] Safepoint "ICBufferFull", Time since last: 88394 ns, Reaching safepoint: 1796231 ns, Cleanup: 8863 ns, At safepoint: 595288 ns, Total: 2400382 ns
[2025-10-13T17:35:20.775-0700][1207][info ][safepoint   ] Safepoint "ICBufferFull", Time since last: 86651 ns, Reaching safepoint: 590511 ns, Cleanup: 8523 ns, At safepoint: 439644 ns, Total: 1038678 ns
[2025-10-13T17:35:20.778-0700][1207][info ][safepoint   ] Safepoint "ICBufferFull", Time since last: 1459282 ns, Reaching safepoint: 515448 ns, Cleanup: 10656 ns, At safepoint: 341125 ns, Total: 867229 ns
[2025-10-13T17:35:20.778-0700][1207][info ][safepoint   ] Safepoint "ICBufferFull", Time since last: 115134 ns, Reaching safepoint: 478582 ns, Cleanup: 1613 ns, At safepoint: 279812 ns, Total: 760007 ns
[2025-10-13T17:35:20.779-0700][1207][info ][safepoint   ] Safepoint "ICBufferFull", Time since last: 65278 ns, Reaching safepoint: 425763 ns, Cleanup: 6229 ns, At safepoint: 345592 ns, Total: 777584 ns
[2025-10-13T17:35:20.782-0700][1207][info ][safepoint   ] Safepoint "ICBufferFull", Time since last: 1043805 ns, Reaching safepoint: 792887 ns, Cleanup: 15574 ns, At safepoint: 533355 ns, Total: 1341816 ns
[2025-10-13T17:35:20.785-0700][1207][info ][safepoint   ] Safepoint "ICBufferFull", Time since last: 1630170 ns, Reaching safepoint: 1201453 ns, Cleanup: 14502 ns, At safepoint: 294214 ns, Total: 1510169 ns
[2025-10-13T17:35:20.793-0700][1207][info ][gc,start    ] GC(57) Pause Young (Mixed) (G1 Evacuation Pause)
[2025-10-13T17:35:20.793-0700][1207][info ][gc,task     ] GC(57) Using 113 workers of 113 for evacuation
[2025-10-13T17:35:20.807-0700][1207][debug][gc,remset   ] GC(57) Visited cards 10731008 Total dirty 45219840 (23.73%) Total old 339607552 (3.16%)
[2025-10-13T17:35:20.999-0700][1207][info ][gc,mmu      ] GC(57) MMU target violated: 201.0ms (200.0ms/201.0ms)
[2025-10-13T17:35:20.999-0700][1207][info ][gc,phases   ] GC(57)   Pre Evacuate Collection Set: 0.7ms
[2025-10-13T17:35:20.999-0700][1207][info ][gc,phases   ] GC(57)   Merge Heap Roots: 13.2ms
[2025-10-13T17:35:20.999-0700][1207][info ][gc,phases   ] GC(57)   Evacuate Collection Set: 179.9ms
[2025-10-13T17:35:20.999-0700][1207][info ][gc,phases   ] GC(57)   Post Evacuate Collection Set: 11.3ms
[2025-10-13T17:35:20.999-0700][1207][info ][gc,phases   ] GC(57)   Other: 0.2ms
[2025-10-13T17:35:20.999-0700][1207][debug][gc,remset   ] GC(57) Coarsening (recent): Inline->AoC 13526 (0) AoC->Howl 278 (0) Howl->Full 0 (0) Inline->AoC 1228 (0) AoC->BitMap 141 (0) BitMap->Full 0 (0) 
[2025-10-13T17:35:20.999-0700][1207][debug][gc,remset   ] GC(57) Coarsening (all): Inline->AoC 515433 (0) AoC->Howl 27474 (1) Howl->Full 0 (0) Inline->AoC 146202 (0) AoC->BitMap 35593 (0) BitMap->Full 0 (0) 
[2025-10-13T17:35:20.999-0700][1207][info ][gc,heap     ] GC(57) Eden regions: 2001->0(2770)
[2025-10-13T17:35:20.999-0700][1207][info ][gc,heap     ] GC(57) Survivor regions: 225->161(279)
[2025-10-13T17:35:20.999-0700][1207][info ][gc,heap     ] GC(57) Old regions: 681->778
[2025-10-13T17:35:20.999-0700][1207][info ][gc,heap     ] GC(57) Humongous regions: 33->1
[2025-10-13T17:35:20.999-0700][1207][info ][gc,metaspace] GC(57) Metaspace: 301336K(305792K)->301336K(305792K) NonClass: 265580K(268032K)->265580K(268032K) Class: 35755K(37760K)->35755K(37760K)
[2025-10-13T17:35:20.999-0700][1207][info ][gc          ] GC(57) Pause Young (Mixed) (G1 Evacuation Pause) 94045M->30053M(184320M) 205.383ms
[2025-10-13T17:35:21.000-0700][1207][info ][gc,cpu      ] GC(57) User=16.91s Sys=0.07s Real=0.21s
[2025-10-13T17:35:21.002-0700][1207][info ][safepoint   ] Safepoint "G1CollectForAllocation", Time since last: 6286659 ns, Reaching safepoint: 672404 ns, Cleanup: 17126 ns, At safepoint: 210001890 ns, Total: 210691420 ns
[2025-10-13T17:35:21.168-0700][1207][info ][safepoint   ] Safepoint "ICBufferFull", Time since last: 165269417 ns, Reaching safepoint: 764584 ns, Cleanup: 164268 ns, At safepoint: 541397 ns, Total: 1470249 ns
[2025-10-13T17:35:21.172-0700][1207][info ][safepoint   ] Safepoint "ICBufferFull", Time since last: 2008982 ns, Reaching safepoint: 883704 ns, Cleanup: 7782 ns, At safepoint: 671944 ns, Total: 1563430 ns
[2025-10-13T17:35:21.273-0700][1207][info ][safepoint   ] Safepoint "ICBufferFull", Time since last: 6116331 ns, Reaching safepoint: 90947495 ns, Cleanup: 70987 ns, At safepoint: 4040949 ns, Total: 95059431 ns
[2025-10-13T17:35:21.296-0700][1207][info ][safepoint   ] Safepoint "ICBufferFull", Time since last: 4097574 ns, Reaching safepoint: 18156724 ns, Cleanup: 19349 ns, At safepoint: 797664 ns, Total: 18973737 ns
[2025-10-13T17:35:21.314-0700][1207][info ][safepoint   ] Safepoint "ICBufferFull", Time since last: 6390024 ns, Reaching safepoint: 1058768 ns, Cleanup: 12699 ns, At safepoint: 10175037 ns, Total: 11246504 ns
[2025-10-13T17:35:21.326-0700][1207][info ][safepoint   ] Safepoint "ICBufferFull", Time since last: 296297 ns, Reaching safepoint: 4941158 ns, Cleanup: 9394 ns, At safepoint: 7038803 ns, Total: 11989355 ns
[2025-10-13T17:35:21.331-0700][1207][info ][safepoint   ] Safepoint "ICBufferFull", Time since last: 773007 ns, Reaching safepoint: 1297148 ns, Cleanup: 21953 ns, At safepoint: 2337388 ns, Total: 3656489 ns
[2025-10-13T17:35:21.333-0700][1207][info ][safepoint   ] Safepoint "ICBufferFull", Time since last: 122535 ns, Reaching safepoint: 811955 ns, Cleanup: 3295 ns, At safepoint: 1153811 ns, Total: 1969061 ns
[2025-10-13T17:35:21.341-0700][1207][info ][safepoint   ] Safepoint "ICBufferFull", Time since last: 3500333 ns, Reaching safepoint: 764965 ns, Cleanup: 10506 ns, At safepoint: 4198016 ns, Total: 4973487 ns
[2025-10-13T17:35:21.355-0700][1207][info ][safepoint   ] Safepoint "ICBufferFull", Time since last: 7010140 ns, Reaching safepoint: 788841 ns, Cleanup: 13620 ns, At safepoint: 6182782 ns, Total: 6985243 ns
[2025-10-13T17:35:21.364-0700][1207][info ][safepoint   ] Safepoint "ICBufferFull", Time since last: 3014760 ns, Reaching safepoint: 803653 ns, Cleanup: 4466 ns, At safepoint: 5180599 ns, Total: 5988718 ns
[2025-10-13T17:35:21.366-0700][1207][info ][safepoint   ] Safepoint "ICBufferFull", Time since last: 190468 ns, Reaching safepoint: 861400 ns, Cleanup: 3816 ns, At safepoint: 699315 ns, Total: 1564531 ns
[2025-10-13T17:35:21.374-0700][1207][info ][safepoint   ] Safepoint "ICBufferFull", Time since last: 2431410 ns, Reaching safepoint: 1235204 ns, Cleanup: 4437 ns, At safepoint: 4578891 ns, Total: 5818532 ns
[2025-10-13T17:35:21.378-0700][1207][info ][safepoint   ] Safepoint "ICBufferFull", Time since last: 2419251 ns, Reaching safepoint: 1002503 ns, Cleanup: 10836 ns, At safepoint: 783172 ns, Total: 1796511 ns
[2025-10-13T17:35:21.384-0700][1207][info ][safepoint   ] Safepoint "ICBufferFull", Time since last: 3116995 ns, Reaching safepoint: 1967850 ns, Cleanup: 12659 ns, At safepoint: 843162 ns, Total: 2823671 ns
[2025-10-13T17:35:21.391-0700][1207][info ][safepoint   ] Safepoint "ICBufferFull", Time since last: 4131987 ns, Reaching safepoint: 872567 ns, Cleanup: 13490 ns, At safepoint: 1892897 ns, Total: 2778954 ns
[2025-10-13T17:35:21.400-0700][1207][info ][safepoint   ] Safepoint "ICBufferFull", Time since last: 7286657 ns, Reaching safepoint: 778706 ns, Cleanup: 20691 ns, At safepoint: 687457 ns, Total: 1486854 ns
[2025-10-13T17:35:21.425-0700][1207][info ][safepoint   ] Safepoint "ICBufferFull", Time since last: 23515161 ns, Reaching safepoint: 1171388 ns, Cleanup: 73762 ns, At safepoint: 656841 ns, Total: 1901991 ns
[2025-10-13T17:35:21.432-0700][1207][info ][safepoint   ] Safepoint "ICBufferFull", Time since last: 4443556 ns, Reaching safepoint: 966980 ns, Cleanup: 11357 ns, At safepoint: 677773 ns, Total: 1656110 ns
[2025-10-13T17:35:21.434-0700][1207][info ][safepoint   ] Safepoint "ICBufferFull", Time since last: 949072 ns, Reaching safepoint: 850444 ns, Cleanup: 4146 ns, At safepoint: 647107 ns, Total: 1501697 ns
[2025-10-13T17:35:21.437-0700][1207][info ][safepoint   ] Safepoint "ICBufferFull", Time since last: 1759335 ns, Reaching safepoint: 774830 ns, Cleanup: 3845 ns, At safepoint: 584753 ns, Total: 1363428 ns
[2025-10-13T17:35:21.440-0700][1207][info ][safepoint   ] Safepoint "ICBufferFull", Time since last: 1762370 ns, Reaching safepoint: 764654 ns, Cleanup: 2614 ns, At safepoint: 644402 ns, Total: 1411670 ns
[2025-10-13T17:35:21.448-0700][1207][info ][safepoint   ] Safepoint "ICBufferFull", Time since last: 4252639 ns, Reaching safepoint: 827829 ns, Cleanup: 9975 ns, At safepoint: 2145368 ns, Total: 2983172 ns
[2025-10-13T17:35:21.453-0700][1207][info ][safepoint   ] Safepoint "ICBufferFull", Time since last: 714048 ns, Reaching safepoint: 635419 ns, Cleanup: 13230 ns, At safepoint: 4295313 ns, Total: 4943962 ns
[2025-10-13T17:35:21.801-0700][1207][info ][safepoint   ] Safepoint "ICBufferFull", Time since last: 346321153 ns, Reaching safepoint: 781569 ns, Cleanup: 198730 ns, At safepoint: 408066 ns, Total: 1388365 ns
[2025-10-13T17:35:22.020-0700][1207][info ][gc,start    ] GC(58) Pause Young (Concurrent Start) (CodeCache GC Threshold)
[2025-10-13T17:35:22.020-0700][1207][info ][gc,task     ] GC(58) Using 113 workers of 113 for evacuation
[2025-10-13T17:35:22.033-0700][1207][debug][gc,remset   ] GC(58) Visited cards 9844736 Total dirty 49676288 (19.82%) Total old 116785152 (8.43%)
[2025-10-13T17:35:22.160-0700][1207][info ][gc,phases   ] GC(58)   Pre Evacuate Collection Set: 0.9ms
[2025-10-13T17:35:22.160-0700][1207][info ][gc,phases   ] GC(58)   Merge Heap Roots: 11.3ms
[2025-10-13T17:35:22.160-0700][1207][info ][gc,phases   ] GC(58)   Evacuate Collection Set: 117.7ms
[2025-10-13T17:35:22.160-0700][1207][info ][gc,phases   ] GC(58)   Post Evacuate Collection Set: 9.3ms
[2025-10-13T17:35:22.160-0700][1207][info ][gc,phases   ] GC(58)   Other: 0.1ms
[2025-10-13T17:35:22.160-0700][1207][debug][gc,remset   ] GC(58) Coarsening (recent): Inline->AoC 1094 (0) AoC->Howl 11 (0) Howl->Full 0 (0) Inline->AoC 35 (0) AoC->BitMap 7 (0) BitMap->Full 0 (0) 
[2025-10-13T17:35:22.160-0700][1207][debug][gc,remset   ] GC(58) Coarsening (all): Inline->AoC 516527 (0) AoC->Howl 27485 (1) Howl->Full 0 (0) Inline->AoC 146237 (0) AoC->BitMap 35600 (0) BitMap->Full 0 (0) 
[2025-10-13T17:35:22.160-0700][1207][info ][gc,heap     ] GC(58) Eden regions: 339->0(1654)
[2025-10-13T17:35:22.160-0700][1207][info ][gc,heap     ] GC(58) Survivor regions: 161->161(396)
[2025-10-13T17:35:22.160-0700][1207][info ][gc,heap     ] GC(58) Old regions: 778->778
[2025-10-13T17:35:22.160-0700][1207][info ][gc,heap     ] GC(58) Humongous regions: 4->1
[2025-10-13T17:35:22.160-0700][1207][info ][gc,metaspace] GC(58) Metaspace: 302702K(307200K)->302702K(307200K) NonClass: 266733K(269184K)->266733K(269184K) Class: 35969K(38016K)->35969K(38016K)
[2025-10-13T17:35:22.160-0700][1207][info ][gc          ] GC(58) Pause Young (Concurrent Start) (CodeCache GC Threshold) 40973M->30059M(184320M) 139.463ms
[2025-10-13T17:35:22.160-0700][1090][info ][gc          ] GC(59) Concurrent Mark Cycle
[2025-10-13T17:35:22.160-0700][1090][info ][gc,marking  ] GC(59) Concurrent Scan Root Regions
[2025-10-13T17:35:22.162-0700][1207][info ][gc,cpu      ] GC(58) User=8.82s Sys=0.05s Real=0.14s
[2025-10-13T17:35:22.163-0700][1207][info ][safepoint   ] Safepoint "G1TryInitiateConcMark", Time since last: 216770476 ns, Reaching safepoint: 750072 ns, Cleanup: 158730 ns, At safepoint: 144611458 ns, Total: 145520260 ns
[2025-10-13T17:35:22.223-0700][1090][info ][gc,marking  ] GC(59) Concurrent Scan Root Regions 62.771ms
[2025-10-13T17:35:22.223-0700][1090][info ][gc,marking  ] GC(59) Concurrent Mark
[2025-10-13T17:35:22.223-0700][1090][info ][gc,marking  ] GC(59) Concurrent Mark From Roots
[2025-10-13T17:35:22.223-0700][1090][info ][gc,task     ] GC(59) Using 36 workers of 36 for marking
[2025-10-13T17:35:22.462-0700][1090][info ][gc,marking  ] GC(59) Concurrent Mark From Roots 238.849ms
[2025-10-13T17:35:22.462-0700][1090][info ][gc,marking  ] GC(59) Concurrent Preclean
[2025-10-13T17:35:22.477-0700][1090][info ][gc,marking  ] GC(59) Concurrent Preclean 14.834ms
[2025-10-13T17:35:22.479-0700][1207][info ][gc,start    ] GC(59) Pause Remark
[2025-10-13T17:35:22.687-0700][1207][info ][gc,mmu      ] GC(59) MMU target violated: 201.0ms (200.0ms/201.0ms)
[2025-10-13T17:35:22.687-0700][1207][info ][gc          ] GC(59) Pause Remark 35943M->35911M(184320M) 207.196ms
[2025-10-13T17:35:22.688-0700][1207][info ][gc,cpu      ] GC(59) User=2.29s Sys=0.07s Real=0.21s
[2025-10-13T17:35:22.690-0700][1207][info ][safepoint   ] Safepoint "G1PauseRemark", Time since last: 313481930 ns, Reaching safepoint: 846127 ns, Cleanup: 186321 ns, At safepoint: 212080778 ns, Total: 213113226 ns
[2025-10-13T17:35:22.690-0700][1090][info ][gc,marking  ] GC(59) Concurrent Mark 467.120ms
[2025-10-13T17:35:22.690-0700][1090][info ][gc,marking  ] GC(59) Concurrent Rebuild Remembered Sets and Scrub Regions
[2025-10-13T17:35:23.039-0700][1090][info ][gc,marking  ] GC(59) Concurrent Rebuild Remembered Sets and Scrub Regions 348.546ms
[2025-10-13T17:35:23.042-0700][1207][info ][gc,start    ] GC(59) Pause Cleanup
[2025-10-13T17:35:23.044-0700][1207][info ][gc          ] GC(59) Pause Cleanup 42584M->42584M(184320M) 1.934ms
[2025-10-13T17:35:23.045-0700][1207][info ][gc,cpu      ] GC(59) User=0.02s Sys=0.00s Real=0.00s
[2025-10-13T17:35:23.046-0700][1207][info ][safepoint   ] Safepoint "G1PauseCleanup", Time since last: 348852604 ns, Reaching safepoint: 1375085 ns, Cleanup: 281004 ns, At safepoint: 5685842 ns, Total: 7341931 ns
[2025-10-13T17:35:23.046-0700][1090][info ][gc,marking  ] GC(59) Concurrent Clear Claimed Marks
[2025-10-13T17:35:23.047-0700][1090][info ][gc,marking  ] GC(59) Concurrent Clear Claimed Marks 1.020ms
[2025-10-13T17:35:23.047-0700][1090][info ][gc,marking  ] GC(59) Concurrent Cleanup for Next Mark
[2025-10-13T17:35:23.081-0700][1090][info ][gc,marking  ] GC(59) Concurrent Cleanup for Next Mark 33.906ms
[2025-10-13T17:35:23.081-0700][1090][info ][gc          ] GC(59) Concurrent Mark Cycle 921.146ms
[2025-10-13T17:35:24.048-0700][1207][info ][safepoint   ] Safepoint "Cleanup", Time since last: 1000104080 ns, Reaching safepoint: 903093 ns, Cleanup: 207663 ns, At safepoint: 708209 ns, Total: 1818965 ns
[2025-10-13T17:35:25.049-0700][1207][info ][safepoint   ] Safepoint "Cleanup", Time since last: 1000117741 ns, Reaching safepoint: 778976 ns, Cleanup: 97386 ns, At safepoint: 222446 ns, Total: 1098808 ns
[2025-10-13T17:35:25.654-0700][1207][info ][gc,start    ] GC(60) Pause Young (Prepare Mixed) (G1 Evacuation Pause)
[2025-10-13T17:35:25.654-0700][1207][info ][gc,task     ] GC(60) Using 113 workers of 113 for evacuation
[2025-10-13T17:35:25.668-0700][1207][debug][gc,remset   ] GC(60) Visited cards 10006016 Total dirty 49741824 (20.12%) Total old 264634368 (3.78%)
[2025-10-13T17:35:25.783-0700][1207][info ][gc,phases   ] GC(60)   Pre Evacuate Collection Set: 0.7ms
[2025-10-13T17:35:25.783-0700][1207][info ][gc,phases   ] GC(60)   Merge Heap Roots: 12.6ms
[2025-10-13T17:35:25.783-0700][1207][info ][gc,phases   ] GC(60)   Evacuate Collection Set: 103.5ms
[2025-10-13T17:35:25.783-0700][1207][info ][gc,phases   ] GC(60)   Post Evacuate Collection Set: 11.6ms
[2025-10-13T17:35:25.783-0700][1207][info ][gc,phases   ] GC(60)   Other: 0.1ms
[2025-10-13T17:35:25.783-0700][1207][debug][gc,remset   ] GC(60) Coarsening (recent): Inline->AoC 108391 (1) AoC->Howl 5940 (0) Howl->Full 0 (0) Inline->AoC 27155 (0) AoC->BitMap 7212 (0) BitMap->Full 0 (0) 
[2025-10-13T17:35:25.783-0700][1207][debug][gc,remset   ] GC(60) Coarsening (all): Inline->AoC 624918 (1) AoC->Howl 33425 (1) Howl->Full 0 (0) Inline->AoC 173392 (0) AoC->BitMap 42812 (0) BitMap->Full 0 (0) 
[2025-10-13T17:35:25.783-0700][1207][info ][gc,heap     ] GC(60) Eden regions: 1459->0(3341)
[2025-10-13T17:35:25.783-0700][1207][info ][gc,heap     ] GC(60) Survivor regions: 161->115(203)
[2025-10-13T17:35:25.783-0700][1207][info ][gc,heap     ] GC(60) Old regions: 778->831
[2025-10-13T17:35:25.783-0700][1207][info ][gc,heap     ] GC(60) Humongous regions: 20->1
[2025-10-13T17:35:25.783-0700][1207][info ][gc,metaspace] GC(60) Metaspace: 302839K(307328K)->302839K(307328K) NonClass: 266859K(269312K)->266859K(269312K) Class: 35979K(38016K)->35979K(38016K)
[2025-10-13T17:35:25.783-0700][1207][info ][gc          ] GC(60) Pause Young (Prepare Mixed) (G1 Evacuation Pause) 77355M->30273M(184320M) 128.792ms
[2025-10-13T17:35:25.785-0700][1207][info ][gc,cpu      ] GC(60) User=11.35s Sys=0.16s Real=0.13s
[2025-10-13T17:35:25.786-0700][1207][info ][safepoint   ] Safepoint "G1CollectForAllocation", Time since last: 602702012 ns, Reaching safepoint: 743673 ns, Cleanup: 170637 ns, At safepoint: 133235509 ns, Total: 134149819 ns
[2025-10-13T17:35:26.788-0700][1207][info ][safepoint   ] Safepoint "Cleanup", Time since last: 1000103389 ns, Reaching safepoint: 980249 ns, Cleanup: 177919 ns, At safepoint: 855010 ns, Total: 2013178 ns
[2025-10-13T17:35:27.790-0700][1207][info ][safepoint   ] Safepoint "Cleanup", Time since last: 1000101026 ns, Reaching safepoint: 1458481 ns, Cleanup: 116215 ns, At safepoint: 483741 ns, Total: 2058437 ns
[2025-10-13T17:35:28.792-0700][1207][info ][safepoint   ] Safepoint "Cleanup", Time since last: 1000109728 ns, Reaching safepoint: 781660 ns, Cleanup: 128183 ns, At safepoint: 672325 ns, Total: 1582168 ns
[2025-10-13T17:35:29.794-0700][1207][info ][safepoint   ] Safepoint "Cleanup", Time since last: 1000169098 ns, Reaching safepoint: 917455 ns, Cleanup: 172961 ns, At safepoint: 808711 ns, Total: 1899127 ns
[2025-10-13T17:35:30.796-0700][1207][info ][safepoint   ] Safepoint "Cleanup", Time since last: 1000116749 ns, Reaching safepoint: 816092 ns, Cleanup: 59690 ns, At safepoint: 754438 ns, Total: 1630220 ns
[2025-10-13T17:35:31.798-0700][1207][info ][safepoint   ] Safepoint "Cleanup", Time since last: 1000103810 ns, Reaching safepoint: 874109 ns, Cleanup: 82805 ns, At safepoint: 1129425 ns, Total: 2086339 ns
[2025-10-13T17:35:32.800-0700][1207][info ][safepoint   ] Safepoint "Cleanup", Time since last: 1000115607 ns, Reaching safepoint: 1014361 ns, Cleanup: 63536 ns, At safepoint: 1021041 ns, Total: 2098938 ns
[2025-10-13T17:35:33.803-0700][1207][info ][safepoint   ] Safepoint "Cleanup", Time since last: 1000122138 ns, Reaching safepoint: 1128393 ns, Cleanup: 121643 ns, At safepoint: 1320674 ns, Total: 2570710 ns
[2025-10-13T17:35:33.962-0700][1207][info ][gc,start    ] GC(61) Pause Young (Mixed) (G1 Evacuation Pause)
[2025-10-13T17:35:33.963-0700][1207][info ][gc,task     ] GC(61) Using 113 workers of 113 for evacuation
[2025-10-13T17:35:33.978-0700][1207][debug][gc,remset   ] GC(61) Visited cards 9979648 Total dirty 45481984 (21.94%) Total old 517996544 (1.93%)
[2025-10-13T17:35:34.161-0700][1207][debug][gc,remset   ] GC(61) Visited cards 1107456 Total dirty 36896768 (3.00%) Total old 532938752 (0.21%)
[2025-10-13T17:35:34.179-0700][1207][info ][gc,mmu      ] GC(61) MMU target violated: 201.0ms (200.0ms/201.0ms)
[2025-10-13T17:35:34.179-0700][1207][info ][gc,phases   ] GC(61)   Pre Evacuate Collection Set: 0.9ms
[2025-10-13T17:35:34.179-0700][1207][info ][gc,phases   ] GC(61)   Merge Heap Roots: 14.0ms
[2025-10-13T17:35:34.179-0700][1207][info ][gc,phases   ] GC(61)   Evacuate Collection Set: 182.3ms
[2025-10-13T17:35:34.179-0700][1207][info ][gc,phases   ] GC(61)   Merge Optional Heap Roots: 0.7ms
[2025-10-13T17:35:34.179-0700][1207][info ][gc,phases   ] GC(61)   Evacuate Optional Collection Set: 2.7ms
[2025-10-13T17:35:34.179-0700][1207][info ][gc,phases   ] GC(61)   Post Evacuate Collection Set: 15.4ms
[2025-10-13T17:35:34.179-0700][1207][info ][gc,phases   ] GC(61)   Other: 0.3ms
[2025-10-13T17:35:34.179-0700][1207][debug][gc,remset   ] GC(61) Coarsening (recent): Inline->AoC 13627 (0) AoC->Howl 180 (0) Howl->Full 0 (0) Inline->AoC 551 (0) AoC->BitMap 137 (0) BitMap->Full 0 (0) 
[2025-10-13T17:35:34.179-0700][1207][debug][gc,remset   ] GC(61) Coarsening (all): Inline->AoC 638545 (1) AoC->Howl 33605 (1) Howl->Full 0 (0) Inline->AoC 173943 (0) AoC->BitMap 42949 (0) BitMap->Full 0 (0) 
[2025-10-13T17:35:34.179-0700][1207][info ][gc,heap     ] GC(61) Eden regions: 3341->0(2607)
[2025-10-13T17:35:34.179-0700][1207][info ][gc,heap     ] GC(61) Survivor regions: 115->203(432)
[2025-10-13T17:35:34.179-0700][1207][info ][gc,heap     ] GC(61) Old regions: 831->689
[2025-10-13T17:35:34.179-0700][1207][info ][gc,heap     ] GC(61) Humongous regions: 28->1
[2025-10-13T17:35:34.179-0700][1207][info ][gc,metaspace] GC(61) Metaspace: 303535K(308096K)->303535K(308096K) NonClass: 267495K(269952K)->267495K(269952K) Class: 36039K(38144K)->36039K(38144K)
[2025-10-13T17:35:34.179-0700][1207][info ][gc          ] GC(61) Pause Young (Mixed) (G1 Evacuation Pause) 138049M->28554M(184320M) 216.410ms
[2025-10-13T17:35:34.181-0700][1207][info ][gc,cpu      ] GC(61) User=14.40s Sys=0.04s Real=0.22s
[2025-10-13T17:35:34.182-0700][1207][info ][safepoint   ] Safepoint "G1CollectForAllocation", Time since last: 156644088 ns, Reaching safepoint: 1162004 ns, Cleanup: 16906 ns, At safepoint: 221119159 ns, Total: 222298069 ns
[2025-10-13T17:35:35.189-0700][1207][info ][safepoint   ] Safepoint "Cleanup", Time since last: 1000082738 ns, Reaching safepoint: 5961087 ns, Cleanup: 61052 ns, At safepoint: 1319882 ns, Total: 7342021 ns
[2025-10-13T17:35:36.192-0700][1207][info ][safepoint   ] Safepoint "Cleanup", Time since last: 1000121276 ns, Reaching safepoint: 1304909 ns, Cleanup: 64017 ns, At safepoint: 1095634 ns, Total: 2464560 ns
[2025-10-13T17:35:37.194-0700][1207][info ][safepoint   ] Safepoint "Cleanup", Time since last: 1000110059 ns, Reaching safepoint: 816622 ns, Cleanup: 27892 ns, At safepoint: 728289 ns, Total: 1572803 ns
[2025-10-13T17:35:38.195-0700][1207][info ][safepoint   ] Safepoint "Cleanup", Time since last: 1000104081 ns, Reaching safepoint: 856592 ns, Cleanup: 57537 ns, At safepoint: 948151 ns, Total: 1862280 ns
[2025-10-13T17:35:39.199-0700][1207][info ][safepoint   ] Safepoint "Cleanup", Time since last: 1000111401 ns, Reaching safepoint: 1231930 ns, Cleanup: 57446 ns, At safepoint: 1734528 ns, Total: 3023904 ns
[2025-10-13T17:35:40.201-0700][1207][info ][safepoint   ] Safepoint "Cleanup", Time since last: 1000116159 ns, Reaching safepoint: 925386 ns, Cleanup: 59330 ns, At safepoint: 1036925 ns, Total: 2021641 ns
[2025-10-13T17:35:40.587-0700][1207][info ][gc,start    ] GC(62) Pause Young (Mixed) (G1 Evacuation Pause)
[2025-10-13T17:35:40.587-0700][1207][info ][gc,task     ] GC(62) Using 113 workers of 113 for evacuation
[2025-10-13T17:35:40.602-0700][1207][debug][gc,remset   ] GC(62) Visited cards 9348608 Total dirty 42598400 (21.95%) Total old 424673280 (2.20%)
[2025-10-13T17:35:40.770-0700][1207][debug][gc,remset   ] GC(62) Visited cards 345344 Total dirty 28573696 (1.21%) Total old 439549952 (0.08%)
[2025-10-13T17:35:40.785-0700][1207][info ][gc,phases   ] GC(62)   Pre Evacuate Collection Set: 0.8ms
[2025-10-13T17:35:40.785-0700][1207][info ][gc,phases   ] GC(62)   Merge Heap Roots: 14.2ms
[2025-10-13T17:35:40.785-0700][1207][info ][gc,phases   ] GC(62)   Evacuate Collection Set: 166.9ms
[2025-10-13T17:35:40.785-0700][1207][info ][gc,phases   ] GC(62)   Merge Optional Heap Roots: 0.7ms
[2025-10-13T17:35:40.785-0700][1207][info ][gc,phases   ] GC(62)   Evacuate Optional Collection Set: 1.2ms
[2025-10-13T17:35:40.785-0700][1207][info ][gc,phases   ] GC(62)   Post Evacuate Collection Set: 14.3ms
[2025-10-13T17:35:40.785-0700][1207][info ][gc,phases   ] GC(62)   Other: 0.2ms
[2025-10-13T17:35:40.785-0700][1207][debug][gc,remset   ] GC(62) Coarsening (recent): Inline->AoC 33114 (0) AoC->Howl 129 (1) Howl->Full 0 (0) Inline->AoC 597 (0) AoC->BitMap 78 (0) BitMap->Full 0 (0) 
[2025-10-13T17:35:40.785-0700][1207][debug][gc,remset   ] GC(62) Coarsening (all): Inline->AoC 671659 (1) AoC->Howl 33734 (2) Howl->Full 0 (0) Inline->AoC 174540 (0) AoC->BitMap 43027 (0) BitMap->Full 0 (0) 
[2025-10-13T17:35:40.785-0700][1207][info ][gc,heap     ] GC(62) Eden regions: 2665->0(3030)
[2025-10-13T17:35:40.785-0700][1207][info ][gc,heap     ] GC(62) Survivor regions: 203->204(359)
[2025-10-13T17:35:40.785-0700][1207][info ][gc,heap     ] GC(62) Old regions: 689->665
[2025-10-13T17:35:40.785-0700][1207][info ][gc,heap     ] GC(62) Humongous regions: 20->0
[2025-10-13T17:35:40.785-0700][1207][info ][gc,metaspace] GC(62) Metaspace: 303838K(308416K)->303838K(308416K) NonClass: 267771K(270272K)->267771K(270272K) Class: 36067K(38144K)->36067K(38144K)
[2025-10-13T17:35:40.785-0700][1207][info ][gc          ] GC(62) Pause Young (Mixed) (G1 Evacuation Pause) 114442M->27777M(184320M) 198.526ms
[2025-10-13T17:35:40.787-0700][1207][info ][gc,cpu      ] GC(62) User=14.12s Sys=0.29s Real=0.20s
[2025-10-13T17:35:40.788-0700][1207][info ][safepoint   ] Safepoint "G1CollectForAllocation", Time since last: 379293948 ns, Reaching safepoint: 4972004 ns, Cleanup: 81573 ns, At safepoint: 203110139 ns, Total: 208163716 ns
[2025-10-13T17:35:41.789-0700][1207][info ][safepoint   ] Safepoint "Cleanup", Time since last: 1000090980 ns, Reaching safepoint: 737183 ns, Cleanup: 84377 ns, At safepoint: 186031 ns, Total: 1007591 ns
[2025-10-13T17:35:42.791-0700][1207][info ][safepoint   ] Safepoint "Cleanup", Time since last: 1000104601 ns, Reaching safepoint: 925116 ns, Cleanup: 85089 ns, At safepoint: 523099 ns, Total: 1533304 ns
[2025-10-13T17:35:43.799-0700][1207][info ][safepoint   ] Safepoint "Cleanup", Time since last: 1000137080 ns, Reaching safepoint: 6114569 ns, Cleanup: 71638 ns, At safepoint: 2219029 ns, Total: 8405236 ns
[2025-10-13T17:35:44.802-0700][1207][info ][safepoint   ] Safepoint "Cleanup", Time since last: 1000147055 ns, Reaching safepoint: 1395005 ns, Cleanup: 79400 ns, At safepoint: 835751 ns, Total: 2310156 ns
[2025-10-13T17:35:46.754-0700][1207][info ][safepoint   ] Safepoint "Cleanup", Time since last: 1937915434 ns, Reaching safepoint: 11338643 ns, Cleanup: 237949 ns, At safepoint: 2091757 ns, Total: 13668349 ns
[2025-10-13T17:35:47.724-0700][1207][info ][safepoint   ] Safepoint "ICBufferFull", Time since last: 968697299 ns, Reaching safepoint: 892637 ns, Cleanup: 204178 ns, At safepoint: 825616 ns, Total: 1922431 ns
[2025-10-13T17:35:47.726-0700][1207][info ][safepoint   ] Safepoint "ICBufferFull", Time since last: 232041 ns, Reaching safepoint: 664893 ns, Cleanup: 5518 ns, At safepoint: 706457 ns, Total: 1376868 ns
[2025-10-13T17:35:47.739-0700][1207][info ][gc,start    ] GC(63) Pause Young (Mixed) (G1 Evacuation Pause)
[2025-10-13T17:35:47.739-0700][1207][info ][gc,task     ] GC(63) Using 113 workers of 113 for evacuation
[2025-10-13T17:35:47.753-0700][1207][debug][gc,remset   ] GC(63) Visited cards 8883456 Total dirty 42205184 (21.05%) Total old 490471424 (1.81%)
[2025-10-13T17:35:47.962-0700][1207][info ][gc,mmu      ] GC(63) MMU target violated: 201.0ms (200.0ms/201.0ms)
[2025-10-13T17:35:47.963-0700][1207][info ][gc,phases   ] GC(63)   Pre Evacuate Collection Set: 0.8ms
[2025-10-13T17:35:47.963-0700][1207][info ][gc,phases   ] GC(63)   Merge Heap Roots: 12.4ms
[2025-10-13T17:35:47.963-0700][1207][info ][gc,phases   ] GC(63)   Evacuate Collection Set: 194.8ms
[2025-10-13T17:35:47.963-0700][1207][info ][gc,phases   ] GC(63)   Post Evacuate Collection Set: 15.0ms
[2025-10-13T17:35:47.963-0700][1207][info ][gc,phases   ] GC(63)   Other: 0.2ms
[2025-10-13T17:35:47.963-0700][1207][debug][gc,remset   ] GC(63) Coarsening (recent): Inline->AoC 30406 (0) AoC->Howl 122 (0) Howl->Full 0 (0) Inline->AoC 519 (0) AoC->BitMap 83 (0) BitMap->Full 0 (0) 
[2025-10-13T17:35:47.963-0700][1207][debug][gc,remset   ] GC(63) Coarsening (all): Inline->AoC 702065 (1) AoC->Howl 33856 (2) Howl->Full 0 (0) Inline->AoC 175059 (0) AoC->BitMap 43110 (0) BitMap->Full 0 (0) 
[2025-10-13T17:35:47.963-0700][1207][info ][gc,heap     ] GC(63) Eden regions: 3172->0(2629)
[2025-10-13T17:35:47.963-0700][1207][info ][gc,heap     ] GC(63) Survivor regions: 204->274(422)
[2025-10-13T17:35:47.963-0700][1207][info ][gc,heap     ] GC(63) Old regions: 665->634
[2025-10-13T17:35:47.963-0700][1207][info ][gc,heap     ] GC(63) Humongous regions: 32->0
[2025-10-13T17:35:47.963-0700][1207][info ][gc,metaspace] GC(63) Metaspace: 304547K(309120K)->304547K(309120K) NonClass: 268376K(270848K)->268376K(270848K) Class: 36170K(38272K)->36170K(38272K)
[2025-10-13T17:35:47.963-0700][1207][info ][gc          ] GC(63) Pause Young (Mixed) (G1 Evacuation Pause) 130305M->29015M(184320M) 223.287ms
[2025-10-13T17:35:47.964-0700][1207][info ][gc,cpu      ] GC(63) User=17.37s Sys=0.42s Real=0.23s
[2025-10-13T17:35:47.966-0700][1207][info ][safepoint   ] Safepoint "G1CollectForAllocation", Time since last: 10854532 ns, Reaching safepoint: 1015122 ns, Cleanup: 14332 ns, At safepoint: 227974325 ns, Total: 229003779 ns
[2025-10-13T17:35:48.967-0700][1207][info ][safepoint   ] Safepoint "Cleanup", Time since last: 1000088767 ns, Reaching safepoint: 879368 ns, Cleanup: 166200 ns, At safepoint: 534407 ns, Total: 1579975 ns
[2025-10-13T17:35:49.984-0700][1207][info ][safepoint   ] Safepoint "Cleanup", Time since last: 1000114746 ns, Reaching safepoint: 14524592 ns, Cleanup: 64026 ns, At safepoint: 2309947 ns, Total: 16898565 ns
[2025-10-13T17:35:51.920-0700][1207][info ][safepoint   ] Safepoint "Cleanup", Time since last: 1934050921 ns, Reaching safepoint: 957575 ns, Cleanup: 147903 ns, At safepoint: 539184 ns, Total: 1644662 ns
[2025-10-13T17:35:52.922-0700][1207][info ][safepoint   ] Safepoint "Cleanup", Time since last: 1000119413 ns, Reaching safepoint: 863884 ns, Cleanup: 50136 ns, At safepoint: 520125 ns, Total: 1434145 ns
[2025-10-13T17:35:53.923-0700][1207][info ][safepoint   ] Safepoint "Cleanup", Time since last: 1000136459 ns, Reaching safepoint: 838826 ns, Cleanup: 26079 ns, At safepoint: 323669 ns, Total: 1188574 ns
[2025-10-13T17:35:54.925-0700][1207][info ][safepoint   ] Safepoint "Cleanup", Time since last: 1000111842 ns, Reaching safepoint: 895782 ns, Cleanup: 73270 ns, At safepoint: 938987 ns, Total: 1908039 ns
[2025-10-13T17:35:56.001-0700][1207][info ][safepoint   ] Safepoint "Cleanup", Time since last: 1000110781 ns, Reaching safepoint: 75442593 ns, Cleanup: 44688 ns, At safepoint: 466864 ns, Total: 75954145 ns
[2025-10-13T17:35:56.006-0700][1207][info ][gc,start    ] GC(64) Pause Young (Mixed) (G1 Evacuation Pause)
[2025-10-13T17:35:56.006-0700][1207][info ][gc,task     ] GC(64) Using 113 workers of 113 for evacuation
[2025-10-13T17:35:56.019-0700][1207][debug][gc,remset   ] GC(64) Visited cards 8559104 Total dirty 38535168 (22.21%) Total old 448004096 (1.91%)
[2025-10-13T17:35:56.268-0700][1207][info ][gc,mmu      ] GC(64) MMU target violated: 201.0ms (200.0ms/201.0ms)
[2025-10-13T17:35:56.268-0700][1207][info ][gc,phases   ] GC(64)   Pre Evacuate Collection Set: 0.8ms
[2025-10-13T17:35:56.268-0700][1207][info ][gc,phases   ] GC(64)   Merge Heap Roots: 12.0ms
[2025-10-13T17:35:56.268-0700][1207][info ][gc,phases   ] GC(64)   Evacuate Collection Set: 234.9ms
[2025-10-13T17:35:56.268-0700][1207][info ][gc,phases   ] GC(64)   Post Evacuate Collection Set: 14.1ms
[2025-10-13T17:35:56.268-0700][1207][info ][gc,phases   ] GC(64)   Other: 0.2ms
[2025-10-13T17:35:56.268-0700][1207][debug][gc,remset   ] GC(64) Coarsening (recent): Inline->AoC 25409 (0) AoC->Howl 118 (0) Howl->Full 0 (0) Inline->AoC 606 (0) AoC->BitMap 14 (0) BitMap->Full 0 (0) 
[2025-10-13T17:35:56.268-0700][1207][debug][gc,remset   ] GC(64) Coarsening (all): Inline->AoC 727474 (1) AoC->Howl 33974 (2) Howl->Full 0 (0) Inline->AoC 175665 (0) AoC->BitMap 43124 (0) BitMap->Full 0 (0) 
[2025-10-13T17:35:56.268-0700][1207][info ][gc,heap     ] GC(64) Eden regions: 2799->0(2866)
[2025-10-13T17:35:56.268-0700][1207][info ][gc,heap     ] GC(64) Survivor regions: 274->224(385)
[2025-10-13T17:35:56.268-0700][1207][info ][gc,heap     ] GC(64) Old regions: 634->698
[2025-10-13T17:35:56.268-0700][1207][info ][gc,heap     ] GC(64) Humongous regions: 21->0
[2025-10-13T17:35:56.268-0700][1207][info ][gc,metaspace] GC(64) Metaspace: 304999K(309696K)->304999K(309696K) NonClass: 268774K(271360K)->268774K(271360K) Class: 36224K(38336K)->36224K(38336K)
[2025-10-13T17:35:56.268-0700][1207][info ][gc          ] GC(64) Pause Young (Mixed) (G1 Evacuation Pause) 119255M->29482M(184320M) 262.096ms
[2025-10-13T17:35:56.270-0700][1207][info ][gc,cpu      ] GC(64) User=19.11s Sys=0.20s Real=0.26s
[2025-10-13T17:35:56.271-0700][1207][info ][safepoint   ] Safepoint "G1CollectForAllocation", Time since last: 77868 ns, Reaching safepoint: 3259069 ns, Cleanup: 3926 ns, At safepoint: 266545289 ns, Total: 269808284 ns
[2025-10-13T17:35:57.272-0700][1207][info ][safepoint   ] Safepoint "Cleanup", Time since last: 1000083830 ns, Reaching safepoint: 1052949 ns, Cleanup: 55294 ns, At safepoint: 305971 ns, Total: 1414214 ns
[2025-10-13T17:35:58.274-0700][1207][info ][safepoint   ] Safepoint "Cleanup", Time since last: 1000102989 ns, Reaching safepoint: 863733 ns, Cleanup: 63967 ns, At safepoint: 312171 ns, Total: 1239871 ns
[2025-10-13T17:35:59.275-0700][1207][info ][safepoint   ] Safepoint "Cleanup", Time since last: 1000109008 ns, Reaching safepoint: 1100501 ns, Cleanup: 19028 ns, At safepoint: 429048 ns, Total: 1548577 ns
[2025-10-13T17:36:00.278-0700][1207][info ][safepoint   ] Safepoint "Cleanup", Time since last: 1000114085 ns, Reaching safepoint: 905377 ns, Cleanup: 49464 ns, At safepoint: 1192470 ns, Total: 2147311 ns
[2025-10-13T17:36:02.012-0700][1207][info ][safepoint   ] Safepoint "Cleanup", Time since last: 1732844598 ns, Reaching safepoint: 996754 ns, Cleanup: 124643 ns, At safepoint: 919634 ns, Total: 2041031 ns
[2025-10-13T17:36:03.014-0700][1207][info ][safepoint   ] Safepoint "Cleanup", Time since last: 1000137693 ns, Reaching safepoint: 979497 ns, Cleanup: 187219 ns, At safepoint: 412249 ns, Total: 1578965 ns
[2025-10-13T17:36:04.016-0700][1207][info ][safepoint   ] Safepoint "Cleanup", Time since last: 1000106885 ns, Reaching safepoint: 825669 ns, Cleanup: 73123 ns, At safepoint: 513495 ns, Total: 1412287 ns
[2025-10-13T17:36:04.798-0700][1207][info ][gc,start    ] GC(65) Pause Young (Mixed) (G1 Evacuation Pause)
[2025-10-13T17:36:04.798-0700][1207][info ][gc,task     ] GC(65) Using 113 workers of 113 for evacuation
[2025-10-13T17:36:04.813-0700][1207][debug][gc,remset   ] GC(65) Visited cards 8814592 Total dirty 44236800 (19.93%) Total old 484966400 (1.82%)
[2025-10-13T17:36:05.000-0700][1207][info ][gc,mmu      ] GC(65) MMU target violated: 201.0ms (200.0ms/201.0ms)
[2025-10-13T17:36:05.000-0700][1207][info ][gc,phases   ] GC(65)   Pre Evacuate Collection Set: 0.7ms
[2025-10-13T17:36:05.000-0700][1207][info ][gc,phases   ] GC(65)   Merge Heap Roots: 13.5ms
[2025-10-13T17:36:05.000-0700][1207][info ][gc,phases   ] GC(65)   Evacuate Collection Set: 172.5ms
[2025-10-13T17:36:05.000-0700][1207][info ][gc,phases   ] GC(65)   Post Evacuate Collection Set: 14.5ms
[2025-10-13T17:36:05.000-0700][1207][info ][gc,phases   ] GC(65)   Other: 0.2ms
[2025-10-13T17:36:05.000-0700][1207][debug][gc,remset   ] GC(65) Coarsening (recent): Inline->AoC 13654 (0) AoC->Howl 100 (0) Howl->Full 0 (0) Inline->AoC 280 (0) AoC->BitMap 67 (0) BitMap->Full 0 (0) 
[2025-10-13T17:36:05.000-0700][1207][debug][gc,remset   ] GC(65) Coarsening (all): Inline->AoC 741128 (1) AoC->Howl 34074 (2) Howl->Full 0 (0) Inline->AoC 175945 (0) AoC->BitMap 43191 (0) BitMap->Full 0 (0) 
[2025-10-13T17:36:05.000-0700][1207][info ][gc,heap     ] GC(65) Eden regions: 3107->0(119)
[2025-10-13T17:36:05.000-0700][1207][info ][gc,heap     ] GC(65) Survivor regions: 224->267(417)
[2025-10-13T17:36:05.000-0700][1207][info ][gc,heap     ] GC(65) Old regions: 698->695
[2025-10-13T17:36:05.000-0700][1207][info ][gc,heap     ] GC(65) Humongous regions: 24->0
[2025-10-13T17:36:05.000-0700][1207][info ][gc,metaspace] GC(65) Metaspace: 305325K(310080K)->305325K(310080K) NonClass: 269072K(271680K)->269072K(271680K) Class: 36252K(38400K)->36252K(38400K)
[2025-10-13T17:36:05.000-0700][1207][info ][gc          ] GC(65) Pause Young (Mixed) (G1 Evacuation Pause) 129674M->30767M(184320M) 201.591ms
[2025-10-13T17:36:05.001-0700][1207][info ][gc,cpu      ] GC(65) User=17.10s Sys=0.20s Real=0.21s
[2025-10-13T17:36:05.003-0700][1207][info ][safepoint   ] Safepoint "G1CollectForAllocation", Time since last: 779829982 ns, Reaching safepoint: 798877 ns, Cleanup: 117492 ns, At safepoint: 206377503 ns, Total: 207293872 ns
[2025-10-13T17:36:05.167-0700][1207][info ][gc,start    ] GC(66) Pause Young (Concurrent Start) (G1 Humongous Allocation)
[2025-10-13T17:36:05.167-0700][1207][info ][gc,task     ] GC(66) Using 113 workers of 113 for evacuation
[2025-10-13T17:36:05.178-0700][1207][debug][gc,remset   ] GC(66) Visited cards 8190720 Total dirty 43712512 (18.74%) Total old 97714176 (8.38%)
[2025-10-13T17:36:05.342-0700][1207][info ][gc,phases   ] GC(66)   Pre Evacuate Collection Set: 0.9ms
[2025-10-13T17:36:05.342-0700][1207][info ][gc,phases   ] GC(66)   Merge Heap Roots: 9.7ms
[2025-10-13T17:36:05.342-0700][1207][info ][gc,phases   ] GC(66)   Evacuate Collection Set: 160.1ms
[2025-10-13T17:36:05.342-0700][1207][info ][gc,phases   ] GC(66)   Post Evacuate Collection Set: 4.5ms
[2025-10-13T17:36:05.342-0700][1207][info ][gc,phases   ] GC(66)   Other: 0.1ms
[2025-10-13T17:36:05.342-0700][1207][debug][gc,remset   ] GC(66) Coarsening (recent): Inline->AoC 516 (0) AoC->Howl 11 (0) Howl->Full 0 (0) Inline->AoC 61 (0) AoC->BitMap 3 (0) BitMap->Full 0 (0) 
[2025-10-13T17:36:05.342-0700][1207][debug][gc,remset   ] GC(66) Coarsening (all): Inline->AoC 741644 (1) AoC->Howl 34085 (2) Howl->Full 0 (0) Inline->AoC 176006 (0) AoC->BitMap 43194 (0) BitMap->Full 0 (0) 
[2025-10-13T17:36:05.342-0700][1207][info ][gc,heap     ] GC(66) Eden regions: 131->0(1372)
[2025-10-13T17:36:05.342-0700][1207][info ][gc,heap     ] GC(66) Survivor regions: 267->48(81)
[2025-10-13T17:36:05.342-0700][1207][info ][gc,heap     ] GC(66) Old regions: 695->929
[2025-10-13T17:36:05.342-0700][1207][info ][gc,heap     ] GC(66) Humongous regions: 0->0
[2025-10-13T17:36:05.342-0700][1207][info ][gc,metaspace] GC(66) Metaspace: 305330K(310080K)->305330K(310080K) NonClass: 269077K(271680K)->269077K(271680K) Class: 36252K(38400K)->36252K(38400K)
[2025-10-13T17:36:05.342-0700][1207][info ][gc          ] GC(66) Pause Young (Concurrent Start) (G1 Humongous Allocation) 34946M->31242M(184320M) 175.648ms
[2025-10-13T17:36:05.343-0700][1090][info ][gc          ] GC(67) Concurrent Mark Cycle
[2025-10-13T17:36:05.343-0700][1090][info ][gc,marking  ] GC(67) Concurrent Scan Root Regions
[2025-10-13T17:36:05.345-0700][1207][info ][gc,cpu      ] GC(66) User=13.42s Sys=0.08s Real=0.18s
[2025-10-13T17:36:05.346-0700][1207][info ][safepoint   ] Safepoint "G1TryInitiateConcMark", Time since last: 161509932 ns, Reaching safepoint: 814571 ns, Cleanup: 43658 ns, At safepoint: 180884851 ns, Total: 181743080 ns
[2025-10-13T17:36:05.444-0700][1090][info ][gc,marking  ] GC(67) Concurrent Scan Root Regions 100.658ms
[2025-10-13T17:36:05.444-0700][1090][info ][gc,marking  ] GC(67) Concurrent Mark
[2025-10-13T17:36:05.444-0700][1090][info ][gc,marking  ] GC(67) Concurrent Mark From Roots
[2025-10-13T17:36:05.444-0700][1090][info ][gc,task     ] GC(67) Using 36 workers of 36 for marking
[2025-10-13T17:36:05.588-0700][1090][info ][gc,marking  ] GC(67) Concurrent Mark From Roots 144.435ms
[2025-10-13T17:36:05.588-0700][1090][info ][gc,marking  ] GC(67) Concurrent Preclean
[2025-10-13T17:36:05.601-0700][1090][info ][gc,marking  ] GC(67) Concurrent Preclean 13.260ms
[2025-10-13T17:36:05.604-0700][1207][info ][gc,start    ] GC(67) Pause Remark
[2025-10-13T17:36:06.314-0700][1207][info ][gc,mmu      ] GC(67) MMU target violated: 201.0ms (200.0ms/201.0ms)
[2025-10-13T17:36:06.314-0700][1207][info ][gc          ] GC(67) Pause Remark 35159M->35031M(184320M) 709.941ms
[2025-10-13T17:36:06.315-0700][1207][info ][gc,cpu      ] GC(67) User=14.75s Sys=0.05s Real=0.71s
[2025-10-13T17:36:06.318-0700][1207][info ][safepoint   ] Safepoint "G1PauseRemark", Time since last: 255266640 ns, Reaching safepoint: 769812 ns, Cleanup: 18418 ns, At safepoint: 715648698 ns, Total: 716436928 ns
[2025-10-13T17:36:06.318-0700][1090][info ][gc,marking  ] GC(67) Concurrent Mark 874.665ms
[2025-10-13T17:36:06.318-0700][1090][info ][gc,marking  ] GC(67) Concurrent Rebuild Remembered Sets and Scrub Regions
[2025-10-13T17:36:06.949-0700][1090][info ][gc,marking  ] GC(67) Concurrent Rebuild Remembered Sets and Scrub Regions 631.044ms
[2025-10-13T17:36:06.952-0700][1207][info ][gc,start    ] GC(67) Pause Cleanup
[2025-10-13T17:36:06.954-0700][1207][info ][gc          ] GC(67) Pause Cleanup 44037M->44037M(184320M) 1.721ms
[2025-10-13T17:36:06.955-0700][1207][info ][gc,cpu      ] GC(67) User=0.02s Sys=0.01s Real=0.00s
[2025-10-13T17:36:06.955-0700][1207][info ][safepoint   ] Safepoint "G1PauseCleanup", Time since last: 631590387 ns, Reaching safepoint: 694465 ns, Cleanup: 379197 ns, At safepoint: 4628346 ns, Total: 5702008 ns
[2025-10-13T17:36:06.955-0700][1090][info ][gc,marking  ] GC(67) Concurrent Clear Claimed Marks
[2025-10-13T17:36:06.956-0700][1090][info ][gc,marking  ] GC(67) Concurrent Clear Claimed Marks 0.829ms
[2025-10-13T17:36:06.956-0700][1090][info ][gc,marking  ] GC(67) Concurrent Cleanup for Next Mark
[2025-10-13T17:36:06.985-0700][1090][info ][gc,marking  ] GC(67) Concurrent Cleanup for Next Mark 29.445ms
[2025-10-13T17:36:06.985-0700][1090][info ][gc          ] GC(67) Concurrent Mark Cycle 1642.686ms
[2025-10-13T17:36:07.957-0700][1207][info ][safepoint   ] Safepoint "Cleanup", Time since last: 1000080736 ns, Reaching safepoint: 1455473 ns, Cleanup: 43197 ns, At safepoint: 216595 ns, Total: 1715265 ns
[2025-10-13T17:36:08.963-0700][1207][info ][safepoint   ] Safepoint "Cleanup", Time since last: 1000120898 ns, Reaching safepoint: 1134016 ns, Cleanup: 72622 ns, At safepoint: 4996947 ns, Total: 6203585 ns
[2025-10-13T17:36:09.288-0700][1207][info ][gc,start    ] GC(68) Pause Young (Prepare Mixed) (G1 Evacuation Pause)
[2025-10-13T17:36:09.288-0700][1207][info ][gc,task     ] GC(68) Using 113 workers of 113 for evacuation
[2025-10-13T17:36:09.303-0700][1207][debug][gc,remset   ] GC(68) Visited cards 9841152 Total dirty 57344000 (17.16%) Total old 238551040 (4.13%)
[2025-10-13T17:36:09.388-0700][1207][info ][gc,phases   ] GC(68)   Pre Evacuate Collection Set: 0.7ms
[2025-10-13T17:36:09.388-0700][1207][info ][gc,phases   ] GC(68)   Merge Heap Roots: 13.5ms
[2025-10-13T17:36:09.388-0700][1207][info ][gc,phases   ] GC(68)   Evacuate Collection Set: 76.4ms
[2025-10-13T17:36:09.388-0700][1207][info ][gc,phases   ] GC(68)   Post Evacuate Collection Set: 8.5ms
[2025-10-13T17:36:09.388-0700][1207][info ][gc,phases   ] GC(68)   Other: 0.1ms
[2025-10-13T17:36:09.388-0700][1207][debug][gc,remset   ] GC(68) Coarsening (recent): Inline->AoC 138517 (2) AoC->Howl 8582 (0) Howl->Full 0 (0) Inline->AoC 35890 (0) AoC->BitMap 12012 (0) BitMap->Full 6 (0) 
[2025-10-13T17:36:09.388-0700][1207][debug][gc,remset   ] GC(68) Coarsening (all): Inline->AoC 880161 (3) AoC->Howl 42667 (2) Howl->Full 0 (0) Inline->AoC 211896 (0) AoC->BitMap 55206 (0) BitMap->Full 6 (0) 
[2025-10-13T17:36:09.388-0700][1207][info ][gc,heap     ] GC(68) Eden regions: 1302->0(1750)
[2025-10-13T17:36:09.388-0700][1207][info ][gc,heap     ] GC(68) Survivor regions: 48->87(169)
[2025-10-13T17:36:09.388-0700][1207][info ][gc,heap     ] GC(68) Old regions: 925->925
[2025-10-13T17:36:09.388-0700][1207][info ][gc,heap     ] GC(68) Humongous regions: 15->0
[2025-10-13T17:36:09.388-0700][1207][info ][gc,metaspace] GC(68) Metaspace: 305332K(310080K)->305332K(310080K) NonClass: 269090K(271680K)->269090K(271680K) Class: 36242K(38400K)->36242K(38400K)
[2025-10-13T17:36:09.388-0700][1207][info ][gc          ] GC(68) Pause Young (Prepare Mixed) (G1 Evacuation Pause) 73258M->32346M(184320M) 99.396ms
[2025-10-13T17:36:09.389-0700][1207][info ][gc,cpu      ] GC(68) User=7.79s Sys=0.19s Real=0.10s
[2025-10-13T17:36:09.391-0700][1207][info ][safepoint   ] Safepoint "G1CollectForAllocation", Time since last: 322655120 ns, Reaching safepoint: 814641 ns, Cleanup: 18449 ns, At safepoint: 104077677 ns, Total: 104910767 ns
[2025-10-13T17:36:10.405-0700][1207][info ][safepoint   ] Safepoint "Cleanup", Time since last: 1000087917 ns, Reaching safepoint: 12381250 ns, Cleanup: 32490 ns, At safepoint: 1831707 ns, Total: 14245447 ns
[2025-10-13T17:36:11.417-0700][1207][info ][safepoint   ] Safepoint "Cleanup", Time since last: 1000097561 ns, Reaching safepoint: 9314832 ns, Cleanup: 44309 ns, At safepoint: 2147285 ns, Total: 11506426 ns
[2025-10-13T17:36:12.418-0700][1207][info ][safepoint   ] Safepoint "Cleanup", Time since last: 1000130192 ns, Reaching safepoint: 835153 ns, Cleanup: 63087 ns, At safepoint: 707215 ns, Total: 1605455 ns
[2025-10-13T17:36:13.420-0700][1207][info ][safepoint   ] Safepoint "Cleanup", Time since last: 1000114528 ns, Reaching safepoint: 856887 ns, Cleanup: 63338 ns, At safepoint: 859180 ns, Total: 1779405 ns
[2025-10-13T17:36:13.655-0700][1207][info ][gc,start    ] GC(69) Pause Young (Mixed) (G1 Evacuation Pause)
[2025-10-13T17:36:13.655-0700][1207][info ][gc,task     ] GC(69) Using 113 workers of 113 for evacuation
[2025-10-13T17:36:13.669-0700][1207][debug][gc,remset   ] GC(69) Visited cards 10140160 Total dirty 56950784 (17.81%) Total old 305725440 (3.32%)
[2025-10-13T17:36:13.765-0700][1207][info ][gc,phases   ] GC(69)   Pre Evacuate Collection Set: 0.7ms
[2025-10-13T17:36:13.765-0700][1207][info ][gc,phases   ] GC(69)   Merge Heap Roots: 13.2ms
[2025-10-13T17:36:13.765-0700][1207][info ][gc,phases   ] GC(69)   Evacuate Collection Set: 85.3ms
[2025-10-13T17:36:13.765-0700][1207][info ][gc,phases   ] GC(69)   Post Evacuate Collection Set: 10.4ms
[2025-10-13T17:36:13.765-0700][1207][info ][gc,phases   ] GC(69)   Other: 0.1ms
[2025-10-13T17:36:13.765-0700][1207][debug][gc,remset   ] GC(69) Coarsening (recent): Inline->AoC 21003 (0) AoC->Howl 117 (0) Howl->Full 0 (0) Inline->AoC 615 (0) AoC->BitMap 67 (0) BitMap->Full 0 (0) 
[2025-10-13T17:36:13.765-0700][1207][debug][gc,remset   ] GC(69) Coarsening (all): Inline->AoC 901164 (3) AoC->Howl 42784 (2) Howl->Full 0 (0) Inline->AoC 212511 (0) AoC->BitMap 55273 (0) BitMap->Full 6 (0) 
[2025-10-13T17:36:13.765-0700][1207][info ][gc,heap     ] GC(69) Eden regions: 1759->0(1863)
[2025-10-13T17:36:13.765-0700][1207][info ][gc,heap     ] GC(69) Survivor regions: 87->118(231)
[2025-10-13T17:36:13.765-0700][1207][info ][gc,heap     ] GC(69) Old regions: 925->901
[2025-10-13T17:36:13.765-0700][1207][info ][gc,heap     ] GC(69) Humongous regions: 16->0
[2025-10-13T17:36:13.765-0700][1207][info ][gc,metaspace] GC(69) Metaspace: 305545K(310272K)->305545K(310272K) NonClass: 269294K(271872K)->269294K(271872K) Class: 36250K(38400K)->36250K(38400K)
[2025-10-13T17:36:13.765-0700][1207][info ][gc          ] GC(69) Pause Young (Mixed) (G1 Evacuation Pause) 89146M->32566M(184320M) 109.910ms
[2025-10-13T17:36:13.767-0700][1207][info ][gc,cpu      ] GC(69) User=9.21s Sys=0.19s Real=0.11s
[2025-10-13T17:36:13.768-0700][1207][info ][safepoint   ] Safepoint "G1CollectForAllocation", Time since last: 232462301 ns, Reaching safepoint: 693213 ns, Cleanup: 10857 ns, At safepoint: 114435856 ns, Total: 115139926 ns
[2025-10-13T17:36:14.770-0700][1207][info ][safepoint   ] Safepoint "Cleanup", Time since last: 1000088707 ns, Reaching safepoint: 948559 ns, Cleanup: 63889 ns, At safepoint: 494505 ns, Total: 1506953 ns
[2025-10-13T17:36:16.009-0700][1207][info ][safepoint   ] Safepoint "ICBufferFull", Time since last: 1201704137 ns, Reaching safepoint: 35552548 ns, Cleanup: 211727 ns, At safepoint: 2113703 ns, Total: 37877978 ns
[2025-10-13T17:36:16.019-0700][1207][info ][safepoint   ] Safepoint "ICBufferFull", Time since last: 779828 ns, Reaching safepoint: 7573967 ns, Cleanup: 48345 ns, At safepoint: 1285019 ns, Total: 8907331 ns
[2025-10-13T17:36:16.808-0700][1207][info ][safepoint   ] Safepoint "ICBufferFull", Time since last: 786979462 ns, Reaching safepoint: 1169861 ns, Cleanup: 204106 ns, At safepoint: 694536 ns, Total: 2068503 ns
[2025-10-13T17:36:17.591-0700][1207][info ][gc,start    ] GC(70) Pause Young (Mixed) (G1 Evacuation Pause)
[2025-10-13T17:36:17.591-0700][1207][info ][gc,task     ] GC(70) Using 113 workers of 113 for evacuation
[2025-10-13T17:36:17.606-0700][1207][debug][gc,remset   ] GC(70) Visited cards 10387200 Total dirty 56164352 (18.49%) Total old 324075520 (3.21%)
[2025-10-13T17:36:17.749-0700][1207][info ][gc,phases   ] GC(70)   Pre Evacuate Collection Set: 0.7ms
[2025-10-13T17:36:17.749-0700][1207][info ][gc,phases   ] GC(70)   Merge Heap Roots: 13.9ms
[2025-10-13T17:36:17.749-0700][1207][info ][gc,phases   ] GC(70)   Evacuate Collection Set: 132.0ms
[2025-10-13T17:36:17.749-0700][1207][info ][gc,phases   ] GC(70)   Post Evacuate Collection Set: 11.2ms
[2025-10-13T17:36:17.749-0700][1207][info ][gc,phases   ] GC(70)   Other: 0.1ms
[2025-10-13T17:36:17.749-0700][1207][debug][gc,remset   ] GC(70) Coarsening (recent): Inline->AoC 15054 (0) AoC->Howl 182 (0) Howl->Full 0 (0) Inline->AoC 724 (0) AoC->BitMap 128 (0) BitMap->Full 0 (0) 
[2025-10-13T17:36:17.749-0700][1207][debug][gc,remset   ] GC(70) Coarsening (all): Inline->AoC 916218 (3) AoC->Howl 42966 (2) Howl->Full 0 (0) Inline->AoC 213235 (0) AoC->BitMap 55401 (0) BitMap->Full 6 (0) 
[2025-10-13T17:36:17.749-0700][1207][info ][gc,heap     ] GC(70) Eden regions: 1881->0(1784)
[2025-10-13T17:36:17.749-0700][1207][info ][gc,heap     ] GC(70) Survivor regions: 118->174(250)
[2025-10-13T17:36:17.749-0700][1207][info ][gc,heap     ] GC(70) Old regions: 901->871
[2025-10-13T17:36:17.749-0700][1207][info ][gc,heap     ] GC(70) Humongous regions: 14->1
[2025-10-13T17:36:17.749-0700][1207][info ][gc,metaspace] GC(70) Metaspace: 306161K(310848K)->306161K(310848K) NonClass: 269804K(272384K)->269804K(272384K) Class: 36357K(38464K)->36357K(38464K)
[2025-10-13T17:36:17.749-0700][1207][info ][gc          ] GC(70) Pause Young (Mixed) (G1 Evacuation Pause) 93206M->33450M(184320M) 158.097ms
[2025-10-13T17:36:17.751-0700][1207][info ][gc,cpu      ] GC(70) User=11.83s Sys=0.11s Real=0.16s
[2025-10-13T17:36:17.752-0700][1207][info ][safepoint   ] Safepoint "G1CollectForAllocation", Time since last: 779625385 ns, Reaching safepoint: 1591514 ns, Cleanup: 68046 ns, At safepoint: 162807231 ns, Total: 164466791 ns
[2025-10-13T17:36:18.753-0700][1207][info ][safepoint   ] Safepoint "Cleanup", Time since last: 1000088627 ns, Reaching safepoint: 885261 ns, Cleanup: 59923 ns, At safepoint: 255445 ns, Total: 1200629 ns
[2025-10-13T17:36:19.755-0700][1207][info ][safepoint   ] Safepoint "Cleanup", Time since last: 1000108724 ns, Reaching safepoint: 798165 ns, Cleanup: 24607 ns, At safepoint: 481176 ns, Total: 1303948 ns
[2025-10-13T17:36:20.770-0700][1207][info ][safepoint   ] Safepoint "Cleanup", Time since last: 1000108735 ns, Reaching safepoint: 13653541 ns, Cleanup: 57387 ns, At safepoint: 1972938 ns, Total: 15683866 ns
[2025-10-13T17:36:21.456-0700][1207][info ][gc,start    ] GC(71) Pause Young (Mixed) (G1 Evacuation Pause)
[2025-10-13T17:36:21.456-0700][1207][info ][gc,task     ] GC(71) Using 113 workers of 113 for evacuation
[2025-10-13T17:36:21.470-0700][1207][debug][gc,remset   ] GC(71) Visited cards 10445056 Total dirty 54919168 (19.02%) Total old 318242816 (3.28%)
[2025-10-13T17:36:21.610-0700][1207][debug][gc,remset   ] GC(71) Visited cards 477696 Total dirty 32571392 (1.47%) Total old 332922880 (0.14%)
[2025-10-13T17:36:21.623-0700][1207][info ][gc,phases   ] GC(71)   Pre Evacuate Collection Set: 0.8ms
[2025-10-13T17:36:21.623-0700][1207][info ][gc,phases   ] GC(71)   Merge Heap Roots: 13.6ms
[2025-10-13T17:36:21.623-0700][1207][info ][gc,phases   ] GC(71)   Evacuate Collection Set: 139.1ms
[2025-10-13T17:36:21.623-0700][1207][info ][gc,phases   ] GC(71)   Merge Optional Heap Roots: 0.8ms
[2025-10-13T17:36:21.623-0700][1207][info ][gc,phases   ] GC(71)   Evacuate Optional Collection Set: 1.8ms
[2025-10-13T17:36:21.623-0700][1207][info ][gc,phases   ] GC(71)   Post Evacuate Collection Set: 10.8ms
[2025-10-13T17:36:21.623-0700][1207][info ][gc,phases   ] GC(71)   Other: 0.2ms
[2025-10-13T17:36:21.623-0700][1207][debug][gc,remset   ] GC(71) Coarsening (recent): Inline->AoC 17525 (0) AoC->Howl 270 (0) Howl->Full 0 (0) Inline->AoC 1291 (0) AoC->BitMap 163 (0) BitMap->Full 0 (0) 
[2025-10-13T17:36:21.623-0700][1207][debug][gc,remset   ] GC(71) Coarsening (all): Inline->AoC 933743 (3) AoC->Howl 43236 (2) Howl->Full 0 (0) Inline->AoC 214526 (0) AoC->BitMap 55564 (0) BitMap->Full 6 (0) 
[2025-10-13T17:36:21.623-0700][1207][info ][gc,heap     ] GC(71) Eden regions: 1795->0(1910)
[2025-10-13T17:36:21.623-0700][1207][info ][gc,heap     ] GC(71) Survivor regions: 174->175(247)
[2025-10-13T17:36:21.623-0700][1207][info ][gc,heap     ] GC(71) Old regions: 871->873
[2025-10-13T17:36:21.623-0700][1207][info ][gc,heap     ] GC(71) Humongous regions: 14->0
[2025-10-13T17:36:21.623-0700][1207][info ][gc,metaspace] GC(71) Metaspace: 306285K(310976K)->306285K(310976K) NonClass: 269916K(272448K)->269916K(272448K) Class: 36368K(38528K)->36368K(38528K)
[2025-10-13T17:36:21.623-0700][1207][info ][gc          ] GC(71) Pause Young (Mixed) (G1 Evacuation Pause) 91306M->33502M(184320M) 167.163ms
[2025-10-13T17:36:21.625-0700][1207][info ][gc,cpu      ] GC(71) User=14.38s Sys=0.20s Real=0.17s
[2025-10-13T17:36:21.626-0700][1207][info ][safepoint   ] Safepoint "G1CollectForAllocation", Time since last: 653401352 ns, Reaching safepoint: 30344518 ns, Cleanup: 65079 ns, At safepoint: 171995075 ns, Total: 202404672 ns
[2025-10-13T17:36:22.628-0700][1207][info ][safepoint   ] Safepoint "Cleanup", Time since last: 1000090247 ns, Reaching safepoint: 954891 ns, Cleanup: 48924 ns, At safepoint: 641218 ns, Total: 1645033 ns
[2025-10-13T17:36:23.634-0700][1207][info ][safepoint   ] Safepoint "Cleanup", Time since last: 1000128545 ns, Reaching safepoint: 4047640 ns, Cleanup: 49856 ns, At safepoint: 1655889 ns, Total: 5753385 ns
[2025-10-13T17:36:24.636-0700][1207][info ][safepoint   ] Safepoint "Cleanup", Time since last: 1000115656 ns, Reaching safepoint: 882071 ns, Cleanup: 18228 ns, At safepoint: 969113 ns, Total: 1869412 ns
[2025-10-13T17:36:25.472-0700][1207][info ][gc,start    ] GC(72) Pause Young (Mixed) (G1 Evacuation Pause)
[2025-10-13T17:36:25.472-0700][1207][info ][gc,task     ] GC(72) Using 113 workers of 113 for evacuation
[2025-10-13T17:36:25.486-0700][1207][debug][gc,remset   ] GC(72) Visited cards 9991936 Total dirty 54788096 (18.24%) Total old 338296832 (2.95%)
[2025-10-13T17:36:25.621-0700][1207][info ][gc,phases   ] GC(72)   Pre Evacuate Collection Set: 0.7ms
[2025-10-13T17:36:25.621-0700][1207][info ][gc,phases   ] GC(72)   Merge Heap Roots: 13.6ms
[2025-10-13T17:36:25.621-0700][1207][info ][gc,phases   ] GC(72)   Evacuate Collection Set: 124.8ms
[2025-10-13T17:36:25.621-0700][1207][info ][gc,phases   ] GC(72)   Post Evacuate Collection Set: 10.3ms
[2025-10-13T17:36:25.621-0700][1207][info ][gc,phases   ] GC(72)   Other: 0.2ms
[2025-10-13T17:36:25.621-0700][1207][debug][gc,remset   ] GC(72) Coarsening (recent): Inline->AoC 16581 (0) AoC->Howl 135 (0) Howl->Full 0 (0) Inline->AoC 568 (0) AoC->BitMap 75 (0) BitMap->Full 0 (0) 
[2025-10-13T17:36:25.621-0700][1207][debug][gc,remset   ] GC(72) Coarsening (all): Inline->AoC 950324 (3) AoC->Howl 43371 (2) Howl->Full 0 (0) Inline->AoC 215094 (0) AoC->BitMap 55639 (0) BitMap->Full 6 (0) 
[2025-10-13T17:36:25.621-0700][1207][info ][gc,heap     ] GC(72) Eden regions: 1948->0(2143)
[2025-10-13T17:36:25.621-0700][1207][info ][gc,heap     ] GC(72) Survivor regions: 175->163(266)
[2025-10-13T17:36:25.621-0700][1207][info ][gc,heap     ] GC(72) Old regions: 873->883
[2025-10-13T17:36:25.621-0700][1207][info ][gc,heap     ] GC(72) Humongous regions: 11->1
[2025-10-13T17:36:25.621-0700][1207][info ][gc,metaspace] GC(72) Metaspace: 306356K(311104K)->306356K(311104K) NonClass: 269985K(272576K)->269985K(272576K) Class: 36371K(38528K)->36371K(38528K)
[2025-10-13T17:36:25.621-0700][1207][info ][gc          ] GC(72) Pause Young (Mixed) (G1 Evacuation Pause) 96190M->33482M(184320M) 149.818ms
[2025-10-13T17:36:25.623-0700][1207][info ][gc,cpu      ] GC(72) User=13.09s Sys=0.00s Real=0.15s
[2025-10-13T17:36:25.625-0700][1207][info ][safepoint   ] Safepoint "G1CollectForAllocation", Time since last: 833252326 ns, Reaching safepoint: 830914 ns, Cleanup: 34863 ns, At safepoint: 154653136 ns, Total: 155518913 ns
[2025-10-13T17:36:26.626-0700][1207][info ][safepoint   ] Safepoint "Cleanup", Time since last: 1000104128 ns, Reaching safepoint: 905667 ns, Cleanup: 35944 ns, At safepoint: 473996 ns, Total: 1415607 ns
[2025-10-13T17:36:27.630-0700][1207][info ][safepoint   ] Safepoint "Cleanup", Time since last: 1000143737 ns, Reaching safepoint: 2168184 ns, Cleanup: 34852 ns, At safepoint: 1242536 ns, Total: 3445572 ns
[2025-10-13T17:36:28.632-0700][1207][info ][safepoint   ] Safepoint "Cleanup", Time since last: 1000128705 ns, Reaching safepoint: 1011397 ns, Cleanup: 21342 ns, At safepoint: 851776 ns, Total: 1884515 ns
[2025-10-13T17:36:29.157-0700][1207][info ][gc,start    ] GC(73) Pause Young (Mixed) (G1 Evacuation Pause)
[2025-10-13T17:36:29.157-0700][1207][info ][gc,task     ] GC(73) Using 113 workers of 113 for evacuation
[2025-10-13T17:36:29.171-0700][1207][debug][gc,remset   ] GC(73) Visited cards 9954816 Total dirty 54919168 (18.13%) Total old 365756416 (2.72%)
[2025-10-13T17:36:29.307-0700][1207][debug][gc,remset   ] GC(73) Visited cards 119808 Total dirty 21299200 (0.56%) Total old 378273792 (0.03%)
[2025-10-13T17:36:29.318-0700][1207][info ][gc,phases   ] GC(73)   Pre Evacuate Collection Set: 0.9ms
[2025-10-13T17:36:29.318-0700][1207][info ][gc,phases   ] GC(73)   Merge Heap Roots: 12.6ms
[2025-10-13T17:36:29.318-0700][1207][info ][gc,phases   ] GC(73)   Evacuate Collection Set: 135.4ms
[2025-10-13T17:36:29.318-0700][1207][info ][gc,phases   ] GC(73)   Merge Optional Heap Roots: 0.7ms
[2025-10-13T17:36:29.318-0700][1207][info ][gc,phases   ] GC(73)   Evacuate Optional Collection Set: 0.7ms
[2025-10-13T17:36:29.318-0700][1207][info ][gc,phases   ] GC(73)   Post Evacuate Collection Set: 10.6ms
[2025-10-13T17:36:29.318-0700][1207][info ][gc,phases   ] GC(73)   Other: 0.2ms
[2025-10-13T17:36:29.318-0700][1207][debug][gc,remset   ] GC(73) Coarsening (recent): Inline->AoC 22102 (0) AoC->Howl 185 (0) Howl->Full 0 (0) Inline->AoC 731 (0) AoC->BitMap 106 (0) BitMap->Full 0 (0) 
[2025-10-13T17:36:29.318-0700][1207][debug][gc,remset   ] GC(73) Coarsening (all): Inline->AoC 972426 (3) AoC->Howl 43556 (2) Howl->Full 0 (0) Inline->AoC 215825 (0) AoC->BitMap 55745 (0) BitMap->Full 6 (0) 
[2025-10-13T17:36:29.318-0700][1207][info ][gc,heap     ] GC(73) Eden regions: 2165->0(2470)
[2025-10-13T17:36:29.318-0700][1207][info ][gc,heap     ] GC(73) Survivor regions: 163->140(291)
[2025-10-13T17:36:29.318-0700][1207][info ][gc,heap     ] GC(73) Old regions: 883->900
[2025-10-13T17:36:29.318-0700][1207][info ][gc,heap     ] GC(73) Humongous regions: 10->0
[2025-10-13T17:36:29.318-0700][1207][info ][gc,metaspace] GC(73) Metaspace: 306474K(311168K)->306474K(311168K) NonClass: 270096K(272640K)->270096K(272640K) Class: 36378K(38528K)->36378K(38528K)
[2025-10-13T17:36:29.318-0700][1207][info ][gc          ] GC(73) Pause Young (Mixed) (G1 Evacuation Pause) 103050M->33266M(184320M) 161.242ms
[2025-10-13T17:36:29.320-0700][1207][info ][gc,cpu      ] GC(73) User=11.54s Sys=0.19s Real=0.16s
[2025-10-13T17:36:29.321-0700][1207][info ][safepoint   ] Safepoint "G1CollectForAllocation", Time since last: 522374502 ns, Reaching safepoint: 897845 ns, Cleanup: 16295 ns, At safepoint: 166200077 ns, Total: 167114217 ns
[2025-10-13T17:36:30.323-0700][1207][info ][safepoint   ] Safepoint "Cleanup", Time since last: 1000086342 ns, Reaching safepoint: 811986 ns, Cleanup: 29724 ns, At safepoint: 386634 ns, Total: 1228344 ns
[2025-10-13T17:36:31.324-0700][1207][info ][safepoint   ] Safepoint "Cleanup", Time since last: 1000117478 ns, Reaching safepoint: 972198 ns, Cleanup: 54923 ns, At safepoint: 741749 ns, Total: 1768870 ns
[2025-10-13T17:36:32.326-0700][1207][info ][safepoint   ] Safepoint "Cleanup", Time since last: 1000236678 ns, Reaching safepoint: 846258 ns, Cleanup: 50236 ns, At safepoint: 514566 ns, Total: 1411060 ns
[2025-10-13T17:36:33.328-0700][1207][info ][safepoint   ] Safepoint "Cleanup", Time since last: 1000114183 ns, Reaching safepoint: 877675 ns, Cleanup: 49856 ns, At safepoint: 847769 ns, Total: 1775300 ns
[2025-10-13T17:36:34.330-0700][1207][info ][safepoint   ] Safepoint "Cleanup", Time since last: 1000119271 ns, Reaching safepoint: 1014772 ns, Cleanup: 39349 ns, At safepoint: 851065 ns, Total: 1905186 ns
[2025-10-13T17:36:34.486-0700][1207][info ][gc,start    ] GC(74) Pause Young (Mixed) (G1 Evacuation Pause)
[2025-10-13T17:36:34.486-0700][1207][info ][gc,task     ] GC(74) Using 113 workers of 113 for evacuation
[2025-10-13T17:36:34.500-0700][1207][debug][gc,remset   ] GC(74) Visited cards 10340352 Total dirty 56426496 (18.33%) Total old 405929984 (2.55%)
[2025-10-13T17:36:34.644-0700][1207][info ][gc,phases   ] GC(74)   Pre Evacuate Collection Set: 0.8ms
[2025-10-13T17:36:34.644-0700][1207][info ][gc,phases   ] GC(74)   Merge Heap Roots: 13.3ms
[2025-10-13T17:36:34.644-0700][1207][info ][gc,phases   ] GC(74)   Evacuate Collection Set: 131.7ms
[2025-10-13T17:36:34.644-0700][1207][info ][gc,phases   ] GC(74)   Post Evacuate Collection Set: 12.1ms
[2025-10-13T17:36:34.644-0700][1207][info ][gc,phases   ] GC(74)   Other: 0.2ms
[2025-10-13T17:36:34.644-0700][1207][debug][gc,remset   ] GC(74) Coarsening (recent): Inline->AoC 25876 (0) AoC->Howl 138 (0) Howl->Full 0 (0) Inline->AoC 561 (0) AoC->BitMap 70 (0) BitMap->Full 0 (0) 
[2025-10-13T17:36:34.644-0700][1207][debug][gc,remset   ] GC(74) Coarsening (all): Inline->AoC 998302 (3) AoC->Howl 43694 (2) Howl->Full 0 (0) Inline->AoC 216386 (0) AoC->BitMap 55815 (0) BitMap->Full 6 (0) 
[2025-10-13T17:36:34.644-0700][1207][info ][gc,heap     ] GC(74) Eden regions: 2485->0(2368)
[2025-10-13T17:36:34.644-0700][1207][info ][gc,heap     ] GC(74) Survivor regions: 140->183(329)
[2025-10-13T17:36:34.644-0700][1207][info ][gc,heap     ] GC(74) Old regions: 900->877
[2025-10-13T17:36:34.644-0700][1207][info ][gc,heap     ] GC(74) Humongous regions: 12->0
[2025-10-13T17:36:34.644-0700][1207][info ][gc,metaspace] GC(74) Metaspace: 306673K(311360K)->306673K(311360K) NonClass: 270290K(272832K)->270290K(272832K) Class: 36382K(38528K)->36382K(38528K)
[2025-10-13T17:36:34.644-0700][1207][info ][gc          ] GC(74) Pause Young (Mixed) (G1 Evacuation Pause) 113170M->33892M(184320M) 158.138ms
[2025-10-13T17:36:34.646-0700][1207][info ][gc,cpu      ] GC(74) User=13.19s Sys=0.15s Real=0.16s
[2025-10-13T17:36:34.647-0700][1207][info ][safepoint   ] Safepoint "G1CollectForAllocation", Time since last: 153415958 ns, Reaching safepoint: 1023345 ns, Cleanup: 15964 ns, At safepoint: 162883401 ns, Total: 163922710 ns
[2025-10-13T17:36:35.649-0700][1207][info ][safepoint   ] Safepoint "Cleanup", Time since last: 1000091489 ns, Reaching safepoint: 899297 ns, Cleanup: 28693 ns, At safepoint: 261966 ns, Total: 1189956 ns
[2025-10-13T17:36:36.656-0700][1207][info ][safepoint   ] Safepoint "Cleanup", Time since last: 1000109876 ns, Reaching safepoint: 5071607 ns, Cleanup: 21352 ns, At safepoint: 1864324 ns, Total: 6957283 ns
[2025-10-13T17:36:37.658-0700][1207][info ][safepoint   ] Safepoint "Cleanup", Time since last: 1000105780 ns, Reaching safepoint: 860650 ns, Cleanup: 36184 ns, At safepoint: 972629 ns, Total: 1869463 ns
[2025-10-13T17:36:38.660-0700][1207][info ][safepoint   ] Safepoint "Cleanup", Time since last: 1000138009 ns, Reaching safepoint: 1115794 ns, Cleanup: 27832 ns, At safepoint: 1164117 ns, Total: 2307743 ns
[2025-10-13T17:36:39.662-0700][1207][info ][safepoint   ] Safepoint "Cleanup", Time since last: 1000099541 ns, Reaching safepoint: 816002 ns, Cleanup: 14101 ns, At safepoint: 879548 ns, Total: 1709651 ns
[2025-10-13T17:36:40.664-0700][1207][info ][safepoint   ] Safepoint "Cleanup", Time since last: 1000108414 ns, Reaching safepoint: 861150 ns, Cleanup: 53000 ns, At safepoint: 800749 ns, Total: 1714899 ns
[2025-10-13T17:36:41.666-0700][1207][info ][safepoint   ] Safepoint "Cleanup", Time since last: 1000108525 ns, Reaching safepoint: 857814 ns, Cleanup: 15103 ns, At safepoint: 1399513 ns, Total: 2272430 ns
[2025-10-13T17:36:42.668-0700][1207][info ][safepoint   ] Safepoint "Cleanup", Time since last: 1000081754 ns, Reaching safepoint: 819788 ns, Cleanup: 124397 ns, At safepoint: 1249316 ns, Total: 2193501 ns
[2025-10-13T17:36:43.670-0700][1207][info ][safepoint   ] Safepoint "Cleanup", Time since last: 1000110047 ns, Reaching safepoint: 774099 ns, Cleanup: 66690 ns, At safepoint: 775150 ns, Total: 1615939 ns
[2025-10-13T17:36:44.064-0700][1207][info ][gc,start    ] GC(75) Pause Young (Mixed) (G1 Evacuation Pause)
[2025-10-13T17:36:44.064-0700][1207][info ][gc,task     ] GC(75) Using 113 workers of 113 for evacuation
[2025-10-13T17:36:44.079-0700][1207][debug][gc,remset   ] GC(75) Visited cards 10420992 Total dirty 54722560 (19.04%) Total old 399572992 (2.61%)
[2025-10-13T17:36:44.232-0700][1207][info ][gc,phases   ] GC(75)   Pre Evacuate Collection Set: 0.7ms
[2025-10-13T17:36:44.232-0700][1207][info ][gc,phases   ] GC(75)   Merge Heap Roots: 13.6ms
[2025-10-13T17:36:44.232-0700][1207][info ][gc,phases   ] GC(75)   Evacuate Collection Set: 141.4ms
[2025-10-13T17:36:44.232-0700][1207][info ][gc,phases   ] GC(75)   Post Evacuate Collection Set: 11.4ms
[2025-10-13T17:36:44.232-0700][1207][info ][gc,phases   ] GC(75)   Other: 0.1ms
[2025-10-13T17:36:44.232-0700][1207][debug][gc,remset   ] GC(75) Coarsening (recent): Inline->AoC 19819 (0) AoC->Howl 201 (0) Howl->Full 0 (0) Inline->AoC 1053 (0) AoC->BitMap 51 (0) BitMap->Full 0 (0) 
[2025-10-13T17:36:44.232-0700][1207][debug][gc,remset   ] GC(75) Coarsening (all): Inline->AoC 1018121 (3) AoC->Howl 43895 (2) Howl->Full 0 (0) Inline->AoC 217439 (0) AoC->BitMap 55866 (0) BitMap->Full 6 (0) 
[2025-10-13T17:36:44.232-0700][1207][info ][gc,heap     ] GC(75) Eden regions: 2405->0(2528)
[2025-10-13T17:36:44.232-0700][1207][info ][gc,heap     ] GC(75) Survivor regions: 183->190(324)
[2025-10-13T17:36:44.232-0700][1207][info ][gc,heap     ] GC(75) Old regions: 877->878
[2025-10-13T17:36:44.232-0700][1207][info ][gc,heap     ] GC(75) Humongous regions: 12->0
[2025-10-13T17:36:44.232-0700][1207][info ][gc,metaspace] GC(75) Metaspace: 306873K(311552K)->306873K(311552K) NonClass: 270482K(273024K)->270482K(273024K) Class: 36391K(38528K)->36391K(38528K)
[2025-10-13T17:36:44.232-0700][1207][info ][gc          ] GC(75) Pause Young (Mixed) (G1 Evacuation Pause) 111236M->34146M(184320M) 167.436ms
[2025-10-13T17:36:44.233-0700][1207][info ][gc,cpu      ] GC(75) User=13.78s Sys=0.19s Real=0.17s
[2025-10-13T17:36:44.235-0700][1207][info ][safepoint   ] Safepoint "G1CollectForAllocation", Time since last: 391633304 ns, Reaching safepoint: 813829 ns, Cleanup: 11097 ns, At safepoint: 172112943 ns, Total: 172937869 ns
[2025-10-13T17:36:45.253-0700][1207][info ][safepoint   ] Safepoint "Cleanup", Time since last: 1000087102 ns, Reaching safepoint: 15520730 ns, Cleanup: 49986 ns, At safepoint: 2280733 ns, Total: 17851449 ns
[2025-10-13T17:36:46.255-0700][1207][info ][safepoint   ] Safepoint "Cleanup", Time since last: 1000113091 ns, Reaching safepoint: 1340364 ns, Cleanup: 23755 ns, At safepoint: 886509 ns, Total: 2250628 ns
[2025-10-13T17:36:47.258-0700][1207][info ][safepoint   ] Safepoint "Cleanup", Time since last: 1000093121 ns, Reaching safepoint: 851535 ns, Cleanup: 28614 ns, At safepoint: 1886648 ns, Total: 2766797 ns
[2025-10-13T17:36:48.260-0700][1207][info ][safepoint   ] Safepoint "Cleanup", Time since last: 1000120001 ns, Reaching safepoint: 876413 ns, Cleanup: 78359 ns, At safepoint: 899147 ns, Total: 1853919 ns
[2025-10-13T17:36:49.262-0700][1207][info ][safepoint   ] Safepoint "Cleanup", Time since last: 1000116326 ns, Reaching safepoint: 880670 ns, Cleanup: 25809 ns, At safepoint: 855231 ns, Total: 1761710 ns
[2025-10-13T17:36:50.264-0700][1207][info ][safepoint   ] Safepoint "Cleanup", Time since last: 1000116777 ns, Reaching safepoint: 1679044 ns, Cleanup: 20962 ns, At safepoint: 856783 ns, Total: 2556789 ns
[2025-10-13T17:36:50.474-0700][1207][info ][gc,start    ] GC(76) Pause Young (Mixed) (G1 Evacuation Pause)
[2025-10-13T17:36:50.474-0700][1207][info ][gc,task     ] GC(76) Using 113 workers of 113 for evacuation
[2025-10-13T17:36:50.488-0700][1207][debug][gc,remset   ] GC(76) Visited cards 9963520 Total dirty 55836672 (17.84%) Total old 418643968 (2.38%)
[2025-10-13T17:36:50.652-0700][1207][info ][gc,phases   ] GC(76)   Pre Evacuate Collection Set: 0.7ms
[2025-10-13T17:36:50.652-0700][1207][info ][gc,phases   ] GC(76)   Merge Heap Roots: 12.8ms
[2025-10-13T17:36:50.652-0700][1207][info ][gc,phases   ] GC(76)   Evacuate Collection Set: 150.8ms
[2025-10-13T17:36:50.652-0700][1207][info ][gc,phases   ] GC(76)   Post Evacuate Collection Set: 13.0ms
[2025-10-13T17:36:50.652-0700][1207][info ][gc,phases   ] GC(76)   Other: 0.2ms
[2025-10-13T17:36:50.652-0700][1207][debug][gc,remset   ] GC(76) Coarsening (recent): Inline->AoC 26565 (0) AoC->Howl 162 (0) Howl->Full 0 (0) Inline->AoC 683 (0) AoC->BitMap 107 (0) BitMap->Full 0 (0) 
[2025-10-13T17:36:50.652-0700][1207][debug][gc,remset   ] GC(76) Coarsening (all): Inline->AoC 1044686 (3) AoC->Howl 44057 (2) Howl->Full 0 (0) Inline->AoC 218122 (0) AoC->BitMap 55973 (0) BitMap->Full 6 (0) 
[2025-10-13T17:36:50.652-0700][1207][info ][gc,heap     ] GC(76) Eden regions: 2546->0(1631)
[2025-10-13T17:36:50.652-0700][1207][info ][gc,heap     ] GC(76) Survivor regions: 190->204(342)
[2025-10-13T17:36:50.652-0700][1207][info ][gc,heap     ] GC(76) Old regions: 878->895
[2025-10-13T17:36:50.652-0700][1207][info ][gc,heap     ] GC(76) Humongous regions: 20->0
[2025-10-13T17:36:50.652-0700][1207][info ][gc,metaspace] GC(76) Metaspace: 306963K(311744K)->306963K(311744K) NonClass: 270565K(273152K)->270565K(273152K) Class: 36397K(38592K)->36397K(38592K)
[2025-10-13T17:36:50.652-0700][1207][info ][gc          ] GC(76) Pause Young (Mixed) (G1 Evacuation Pause) 116258M->35135M(184320M) 177.612ms
[2025-10-13T17:36:50.653-0700][1207][info ][gc,cpu      ] GC(76) User=14.76s Sys=0.18s Real=0.18s
[2025-10-13T17:36:50.655-0700][1207][info ][safepoint   ] Safepoint "G1CollectForAllocation", Time since last: 207243798 ns, Reaching safepoint: 919047 ns, Cleanup: 14332 ns, At safepoint: 182306071 ns, Total: 183239450 ns
[2025-10-13T17:36:50.766-0700][1207][info ][gc,start    ] GC(77) Pause Young (Concurrent Start) (G1 Humongous Allocation)
[2025-10-13T17:36:50.766-0700][1207][info ][gc,task     ] GC(77) Using 113 workers of 113 for evacuation
[2025-10-13T17:36:50.777-0700][1207][debug][gc,remset   ] GC(77) Visited cards 8832768 Total dirty 55771136 (15.84%) Total old 98369536 (8.98%)
[2025-10-13T17:36:50.914-0700][1207][info ][gc,phases   ] GC(77)   Pre Evacuate Collection Set: 0.9ms
[2025-10-13T17:36:50.914-0700][1207][info ][gc,phases   ] GC(77)   Merge Heap Roots: 10.0ms
[2025-10-13T17:36:50.914-0700][1207][info ][gc,phases   ] GC(77)   Evacuate Collection Set: 127.7ms
[2025-10-13T17:36:50.914-0700][1207][info ][gc,phases   ] GC(77)   Post Evacuate Collection Set: 8.7ms
[2025-10-13T17:36:50.914-0700][1207][info ][gc,phases   ] GC(77)   Other: 0.1ms
[2025-10-13T17:36:50.914-0700][1207][debug][gc,remset   ] GC(77) Coarsening (recent): Inline->AoC 0 (0) AoC->Howl 0 (0) Howl->Full 0 (0) Inline->AoC 0 (0) AoC->BitMap 0 (0) BitMap->Full 0 (0) 
[2025-10-13T17:36:50.914-0700][1207][debug][gc,remset   ] GC(77) Coarsening (all): Inline->AoC 1044686 (3) AoC->Howl 44057 (2) Howl->Full 0 (0) Inline->AoC 218122 (0) AoC->BitMap 55973 (0) BitMap->Full 6 (0) 
[2025-10-13T17:36:50.914-0700][1207][info ][gc,heap     ] GC(77) Eden regions: 99->0(1962)
[2025-10-13T17:36:50.914-0700][1207][info ][gc,heap     ] GC(77) Survivor regions: 204->140(291)
[2025-10-13T17:36:50.914-0700][1207][info ][gc,heap     ] GC(77) Old regions: 895->966
[2025-10-13T17:36:50.914-0700][1207][info ][gc,heap     ] GC(77) Humongous regions: 0->0
[2025-10-13T17:36:50.914-0700][1207][info ][gc,metaspace] GC(77) Metaspace: 306963K(311744K)->306963K(311744K) NonClass: 270565K(273152K)->270565K(273152K) Class: 36397K(38592K)->36397K(38592K)
[2025-10-13T17:36:50.914-0700][1207][info ][gc          ] GC(77) Pause Young (Concurrent Start) (G1 Humongous Allocation) 38303M->35359M(184320M) 147.683ms
[2025-10-13T17:36:50.914-0700][1090][info ][gc          ] GC(78) Concurrent Mark Cycle
[2025-10-13T17:36:50.914-0700][1090][info ][gc,marking  ] GC(78) Concurrent Scan Root Regions
[2025-10-13T17:36:50.916-0700][1207][info ][gc,cpu      ] GC(77) User=10.09s Sys=0.08s Real=0.15s
[2025-10-13T17:36:50.917-0700][1207][info ][safepoint   ] Safepoint "G1TryInitiateConcMark", Time since last: 108684261 ns, Reaching safepoint: 810453 ns, Cleanup: 12910 ns, At safepoint: 152824175 ns, Total: 153647538 ns
[2025-10-13T17:36:50.996-0700][1090][info ][gc,marking  ] GC(78) Concurrent Scan Root Regions 81.562ms
[2025-10-13T17:36:50.996-0700][1090][info ][gc,marking  ] GC(78) Concurrent Mark
[2025-10-13T17:36:50.996-0700][1090][info ][gc,marking  ] GC(78) Concurrent Mark From Roots
[2025-10-13T17:36:50.996-0700][1090][info ][gc,task     ] GC(78) Using 36 workers of 36 for marking
[2025-10-13T17:36:51.286-0700][1090][info ][gc,marking  ] GC(78) Concurrent Mark From Roots 290.791ms
[2025-10-13T17:36:51.287-0700][1090][info ][gc,marking  ] GC(78) Concurrent Preclean
[2025-10-13T17:36:51.306-0700][1090][info ][gc,marking  ] GC(78) Concurrent Preclean 19.881ms
[2025-10-13T17:36:51.325-0700][1207][info ][gc,start    ] GC(78) Pause Remark
[2025-10-13T17:36:51.718-0700][1207][info ][gc,mmu      ] GC(78) MMU target violated: 201.0ms (200.0ms/201.0ms)
[2025-10-13T17:36:51.718-0700][1207][info ][gc          ] GC(78) Pause Remark 42475M->42155M(184320M) 392.702ms
[2025-10-13T17:36:51.719-0700][1207][info ][gc,cpu      ] GC(78) User=15.06s Sys=0.17s Real=0.39s
[2025-10-13T17:36:51.723-0700][1207][info ][safepoint   ] Safepoint "G1PauseRemark", Time since last: 389295775 ns, Reaching safepoint: 16654672 ns, Cleanup: 29665 ns, At safepoint: 399805370 ns, Total: 416489707 ns
[2025-10-13T17:36:51.723-0700][1090][info ][gc,marking  ] GC(78) Concurrent Mark 727.434ms
[2025-10-13T17:36:51.723-0700][1090][info ][gc,marking  ] GC(78) Concurrent Rebuild Remembered Sets and Scrub Regions
[2025-10-13T17:36:52.222-0700][1090][info ][gc,marking  ] GC(78) Concurrent Rebuild Remembered Sets and Scrub Regions 498.439ms
[2025-10-13T17:36:52.225-0700][1207][info ][gc,start    ] GC(78) Pause Cleanup
[2025-10-13T17:36:52.227-0700][1207][info ][gc          ] GC(78) Pause Cleanup 50421M->50421M(184320M) 2.063ms
[2025-10-13T17:36:52.228-0700][1207][info ][gc,cpu      ] GC(78) User=0.02s Sys=0.00s Real=0.00s
[2025-10-13T17:36:52.230-0700][1207][info ][safepoint   ] Safepoint "G1PauseCleanup", Time since last: 498785712 ns, Reaching safepoint: 971998 ns, Cleanup: 236006 ns, At safepoint: 7060128 ns, Total: 8268132 ns
[2025-10-13T17:36:52.230-0700][1090][info ][gc,marking  ] GC(78) Concurrent Clear Claimed Marks
[2025-10-13T17:36:52.231-0700][1090][info ][gc,marking  ] GC(78) Concurrent Clear Claimed Marks 0.989ms
[2025-10-13T17:36:52.231-0700][1090][info ][gc,marking  ] GC(78) Concurrent Cleanup for Next Mark
[2025-10-13T17:36:52.264-0700][1090][info ][gc,marking  ] GC(78) Concurrent Cleanup for Next Mark 33.038ms
[2025-10-13T17:36:52.264-0700][1090][info ][gc          ] GC(78) Concurrent Mark Cycle 1350.472ms
[2025-10-13T17:36:53.232-0700][1207][info ][safepoint   ] Safepoint "Cleanup", Time since last: 1000104178 ns, Reaching safepoint: 892838 ns, Cleanup: 81743 ns, At safepoint: 774850 ns, Total: 1749431 ns
[2025-10-13T17:36:54.234-0700][1207][info ][safepoint   ] Safepoint "Cleanup", Time since last: 1000123437 ns, Reaching safepoint: 1044426 ns, Cleanup: 46951 ns, At safepoint: 1018338 ns, Total: 2109715 ns
[2025-10-13T17:36:55.147-0700][1207][info ][gc,start    ] GC(79) Pause Young (Prepare Mixed) (G1 Evacuation Pause)
[2025-10-13T17:36:55.147-0700][1207][info ][gc,task     ] GC(79) Using 113 workers of 113 for evacuation
[2025-10-13T17:36:55.162-0700][1207][debug][gc,remset   ] GC(79) Visited cards 9321216 Total dirty 59965440 (15.54%) Total old 319160320 (2.92%)
[2025-10-13T17:36:55.286-0700][1207][info ][gc,phases   ] GC(79)   Pre Evacuate Collection Set: 0.7ms
[2025-10-13T17:36:55.286-0700][1207][info ][gc,phases   ] GC(79)   Merge Heap Roots: 14.3ms
[2025-10-13T17:36:55.286-0700][1207][info ][gc,phases   ] GC(79)   Evacuate Collection Set: 112.2ms
[2025-10-13T17:36:55.286-0700][1207][info ][gc,phases   ] GC(79)   Post Evacuate Collection Set: 11.8ms
[2025-10-13T17:36:55.286-0700][1207][info ][gc,phases   ] GC(79)   Other: 0.1ms
[2025-10-13T17:36:55.286-0700][1207][debug][gc,remset   ] GC(79) Coarsening (recent): Inline->AoC 146559 (6) AoC->Howl 8750 (3) Howl->Full 0 (0) Inline->AoC 36005 (1) AoC->BitMap 10850 (0) BitMap->Full 0 (0) 
[2025-10-13T17:36:55.286-0700][1207][debug][gc,remset   ] GC(79) Coarsening (all): Inline->AoC 1191245 (9) AoC->Howl 52807 (5) Howl->Full 0 (0) Inline->AoC 254127 (1) AoC->BitMap 66823 (0) BitMap->Full 6 (0) 
[2025-10-13T17:36:55.286-0700][1207][info ][gc,heap     ] GC(79) Eden regions: 1813->0(2658)
[2025-10-13T17:36:55.286-0700][1207][info ][gc,heap     ] GC(79) Survivor regions: 140->157(245)
[2025-10-13T17:36:55.286-0700][1207][info ][gc,heap     ] GC(79) Old regions: 956->956
[2025-10-13T17:36:55.286-0700][1207][info ][gc,heap     ] GC(79) Humongous regions: 8->0
[2025-10-13T17:36:55.286-0700][1207][info ][gc,metaspace] GC(79) Metaspace: 306878K(311744K)->306878K(311744K) NonClass: 270501K(273152K)->270501K(273152K) Class: 36376K(38592K)->36376K(38592K)
[2025-10-13T17:36:55.286-0700][1207][info ][gc          ] GC(79) Pause Young (Prepare Mixed) (G1 Evacuation Pause) 93311M->35586M(184320M) 139.225ms
[2025-10-13T17:36:55.288-0700][1207][info ][gc,cpu      ] GC(79) User=11.10s Sys=0.19s Real=0.14s
[2025-10-13T17:36:55.289-0700][1207][info ][safepoint   ] Safepoint "G1CollectForAllocation", Time since last: 910154478 ns, Reaching safepoint: 858727 ns, Cleanup: 32699 ns, At safepoint: 143902277 ns, Total: 144793703 ns
[2025-10-13T17:36:56.291-0700][1207][info ][safepoint   ] Safepoint "Cleanup", Time since last: 1000088874 ns, Reaching safepoint: 1052459 ns, Cleanup: 58308 ns, At safepoint: 423930 ns, Total: 1534697 ns
[2025-10-13T17:36:57.292-0700][1207][info ][safepoint   ] Safepoint "Cleanup", Time since last: 1000112020 ns, Reaching safepoint: 801820 ns, Cleanup: 22104 ns, At safepoint: 259281 ns, Total: 1083205 ns
[2025-10-13T17:36:58.294-0700][1207][info ][safepoint   ] Safepoint "Cleanup", Time since last: 1000130568 ns, Reaching safepoint: 936854 ns, Cleanup: 47472 ns, At safepoint: 546024 ns, Total: 1530350 ns
[2025-10-13T17:36:59.295-0700][1207][info ][safepoint   ] Safepoint "Cleanup", Time since last: 1000126652 ns, Reaching safepoint: 928842 ns, Cleanup: 20641 ns, At safepoint: 666626 ns, Total: 1616109 ns
[2025-10-13T17:37:00.298-0700][1207][info ][safepoint   ] Safepoint "Cleanup", Time since last: 1000120363 ns, Reaching safepoint: 1055263 ns, Cleanup: 29294 ns, At safepoint: 1160802 ns, Total: 2245359 ns
[2025-10-13T17:37:01.206-0700][1207][info ][gc,start    ] GC(80) Pause Young (Mixed) (G1 Evacuation Pause)
[2025-10-13T17:37:01.206-0700][1207][info ][gc,task     ] GC(80) Using 113 workers of 113 for evacuation
[2025-10-13T17:37:01.220-0700][1207][debug][gc,remset   ] GC(80) Visited cards 9305600 Total dirty 58720256 (15.85%) Total old 442171392 (2.10%)
[2025-10-13T17:37:01.351-0700][1207][info ][gc,phases   ] GC(80)   Pre Evacuate Collection Set: 0.7ms
[2025-10-13T17:37:01.351-0700][1207][info ][gc,phases   ] GC(80)   Merge Heap Roots: 13.3ms
[2025-10-13T17:37:01.351-0700][1207][info ][gc,phases   ] GC(80)   Evacuate Collection Set: 117.5ms
[2025-10-13T17:37:01.351-0700][1207][info ][gc,phases   ] GC(80)   Post Evacuate Collection Set: 12.5ms
[2025-10-13T17:37:01.351-0700][1207][info ][gc,phases   ] GC(80)   Other: 0.2ms
[2025-10-13T17:37:01.351-0700][1207][debug][gc,remset   ] GC(80) Coarsening (recent): Inline->AoC 12989 (5) AoC->Howl 182 (25) Howl->Full 0 (0) Inline->AoC 828 (3) AoC->BitMap 64 (14) BitMap->Full 0 (0) 
[2025-10-13T17:37:01.351-0700][1207][debug][gc,remset   ] GC(80) Coarsening (all): Inline->AoC 1204234 (14) AoC->Howl 52989 (30) Howl->Full 0 (0) Inline->AoC 254955 (4) AoC->BitMap 66887 (14) BitMap->Full 6 (0) 
[2025-10-13T17:37:01.351-0700][1207][info ][gc,heap     ] GC(80) Eden regions: 2707->0(2699)
[2025-10-13T17:37:01.351-0700][1207][info ][gc,heap     ] GC(80) Survivor regions: 157->186(358)
[2025-10-13T17:37:01.351-0700][1207][info ][gc,heap     ] GC(80) Old regions: 956->915
[2025-10-13T17:37:01.351-0700][1207][info ][gc,heap     ] GC(80) Humongous regions: 19->0
[2025-10-13T17:37:01.351-0700][1207][info ][gc,metaspace] GC(80) Metaspace: 306970K(311744K)->306970K(311744K) NonClass: 270586K(273152K)->270586K(273152K) Class: 36383K(38592K)->36383K(38592K)
[2025-10-13T17:37:01.351-0700][1207][info ][gc          ] GC(80) Pause Young (Mixed) (G1 Evacuation Pause) 122818M->35186M(184320M) 144.399ms
[2025-10-13T17:37:01.352-0700][1207][info ][gc,cpu      ] GC(80) User=12.74s Sys=0.01s Real=0.15s
[2025-10-13T17:37:01.354-0700][1207][info ][safepoint   ] Safepoint "G1CollectForAllocation", Time since last: 906056112 ns, Reaching safepoint: 866238 ns, Cleanup: 13009 ns, At safepoint: 149003618 ns, Total: 149882865 ns
[2025-10-13T17:37:02.355-0700][1207][info ][safepoint   ] Safepoint "Cleanup", Time since last: 1000094834 ns, Reaching safepoint: 792957 ns, Cleanup: 31898 ns, At safepoint: 154914 ns, Total: 979769 ns
[2025-10-13T17:37:03.356-0700][1207][info ][safepoint   ] Safepoint "Cleanup", Time since last: 1000108444 ns, Reaching safepoint: 834009 ns, Cleanup: 33210 ns, At safepoint: 295206 ns, Total: 1162425 ns
[2025-10-13T17:37:04.358-0700][1207][info ][safepoint   ] Safepoint "Cleanup", Time since last: 1000143026 ns, Reaching safepoint: 1698584 ns, Cleanup: 19250 ns, At safepoint: 288976 ns, Total: 2006810 ns
[2025-10-13T17:37:05.359-0700][1207][info ][safepoint   ] Safepoint "Cleanup", Time since last: 1000111689 ns, Reaching safepoint: 824705 ns, Cleanup: 25939 ns, At safepoint: 441156 ns, Total: 1291800 ns
[2025-10-13T17:37:06.361-0700][1207][info ][safepoint   ] Safepoint "Cleanup", Time since last: 1000111098 ns, Reaching safepoint: 810594 ns, Cleanup: 11147 ns, At safepoint: 599124 ns, Total: 1420865 ns
[2025-10-13T17:37:07.363-0700][1207][info ][safepoint   ] Safepoint "Cleanup", Time since last: 1000110769 ns, Reaching safepoint: 845179 ns, Cleanup: 14522 ns, At safepoint: 1004311 ns, Total: 1864012 ns
[2025-10-13T17:37:08.257-0700][1207][info ][gc,start    ] GC(81) Pause Young (Mixed) (G1 Evacuation Pause)
[2025-10-13T17:37:08.257-0700][1207][info ][gc,task     ] GC(81) Using 113 workers of 113 for evacuation
[2025-10-13T17:37:08.272-0700][1207][debug][gc,remset   ] GC(81) Visited cards 9403648 Total dirty 56623104 (16.61%) Total old 447414272 (2.10%)
[2025-10-13T17:37:08.409-0700][1207][info ][gc,phases   ] GC(81)   Pre Evacuate Collection Set: 0.9ms
[2025-10-13T17:37:08.409-0700][1207][info ][gc,phases   ] GC(81)   Merge Heap Roots: 14.7ms
[2025-10-13T17:37:08.409-0700][1207][info ][gc,phases   ] GC(81)   Evacuate Collection Set: 124.4ms
[2025-10-13T17:37:08.409-0700][1207][info ][gc,phases   ] GC(81)   Post Evacuate Collection Set: 12.4ms
[2025-10-13T17:37:08.409-0700][1207][info ][gc,phases   ] GC(81)   Other: 0.2ms
[2025-10-13T17:37:08.409-0700][1207][debug][gc,remset   ] GC(81) Coarsening (recent): Inline->AoC 17937 (11) AoC->Howl 105 (10) Howl->Full 0 (0) Inline->AoC 487 (3) AoC->BitMap 27 (4) BitMap->Full 0 (0) 
[2025-10-13T17:37:08.409-0700][1207][debug][gc,remset   ] GC(81) Coarsening (all): Inline->AoC 1222171 (25) AoC->Howl 53094 (40) Howl->Full 0 (0) Inline->AoC 255442 (7) AoC->BitMap 66914 (18) BitMap->Full 6 (0) 
[2025-10-13T17:37:08.409-0700][1207][info ][gc,heap     ] GC(81) Eden regions: 2740->0(2907)
[2025-10-13T17:37:08.409-0700][1207][info ][gc,heap     ] GC(81) Survivor regions: 186->188(366)
[2025-10-13T17:37:08.409-0700][1207][info ][gc,heap     ] GC(81) Old regions: 915->872
[2025-10-13T17:37:08.409-0700][1207][info ][gc,heap     ] GC(81) Humongous regions: 16->0
[2025-10-13T17:37:08.409-0700][1207][info ][gc,metaspace] GC(81) Metaspace: 307028K(311744K)->307028K(311744K) NonClass: 270641K(273152K)->270641K(273152K) Class: 36386K(38592K)->36386K(38592K)
[2025-10-13T17:37:08.409-0700][1207][info ][gc          ] GC(81) Pause Young (Mixed) (G1 Evacuation Pause) 123378M->33915M(184320M) 152.685ms
[2025-10-13T17:37:08.411-0700][1207][info ][gc,cpu      ] GC(81) User=12.92s Sys=0.09s Real=0.16s
[2025-10-13T17:37:08.412-0700][1207][info ][safepoint   ] Safepoint "G1CollectForAllocation", Time since last: 890921445 ns, Reaching safepoint: 913453 ns, Cleanup: 48514 ns, At safepoint: 157419136 ns, Total: 158381103 ns
[2025-10-13T17:37:09.414-0700][1207][info ][safepoint   ] Safepoint "Cleanup", Time since last: 1000089784 ns, Reaching safepoint: 920654 ns, Cleanup: 39089 ns, At safepoint: 411698 ns, Total: 1371441 ns
[2025-10-13T17:37:10.416-0700][1207][info ][safepoint   ] Safepoint "Cleanup", Time since last: 1000115553 ns, Reaching safepoint: 1572137 ns, Cleanup: 19800 ns, At safepoint: 488595 ns, Total: 2080532 ns
[2025-10-13T17:37:11.418-0700][1207][info ][safepoint   ] Safepoint "Cleanup", Time since last: 1000111267 ns, Reaching safepoint: 790215 ns, Cleanup: 41022 ns, At safepoint: 701170 ns, Total: 1532407 ns
[2025-10-13T17:37:12.419-0700][1207][info ][safepoint   ] Safepoint "Cleanup", Time since last: 1000110535 ns, Reaching safepoint: 755352 ns, Cleanup: 42304 ns, At safepoint: 531771 ns, Total: 1329427 ns
[2025-10-13T17:37:13.421-0700][1207][info ][safepoint   ] Safepoint "Cleanup", Time since last: 1000105347 ns, Reaching safepoint: 812990 ns, Cleanup: 15354 ns, At safepoint: 823105 ns, Total: 1651449 ns
[2025-10-13T17:37:14.423-0700][1207][info ][safepoint   ] Safepoint "Cleanup", Time since last: 1000109674 ns, Reaching safepoint: 717644 ns, Cleanup: 29295 ns, At safepoint: 932472 ns, Total: 1679411 ns
[2025-10-13T17:37:15.434-0700][1207][info ][safepoint   ] Safepoint "Cleanup", Time since last: 1000109553 ns, Reaching safepoint: 9322656 ns, Cleanup: 46431 ns, At safepoint: 1761476 ns, Total: 11130563 ns
[2025-10-13T17:37:15.933-0700][1207][info ][gc,start    ] GC(82) Pause Young (Mixed) (G1 Evacuation Pause)
[2025-10-13T17:37:15.933-0700][1207][info ][gc,task     ] GC(82) Using 113 workers of 113 for evacuation
[2025-10-13T17:37:15.947-0700][1207][debug][gc,remset   ] GC(82) Visited cards 9718528 Total dirty 54591488 (17.80%) Total old 469172224 (2.07%)
[2025-10-13T17:37:16.126-0700][1207][info ][gc,phases   ] GC(82)   Pre Evacuate Collection Set: 0.7ms
[2025-10-13T17:37:16.126-0700][1207][info ][gc,phases   ] GC(82)   Merge Heap Roots: 13.0ms
[2025-10-13T17:37:16.126-0700][1207][info ][gc,phases   ] GC(82)   Evacuate Collection Set: 163.1ms
[2025-10-13T17:37:16.126-0700][1207][info ][gc,phases   ] GC(82)   Post Evacuate Collection Set: 15.4ms
[2025-10-13T17:37:16.126-0700][1207][info ][gc,phases   ] GC(82)   Other: 0.2ms
[2025-10-13T17:37:16.126-0700][1207][debug][gc,remset   ] GC(82) Coarsening (recent): Inline->AoC 21905 (0) AoC->Howl 198 (0) Howl->Full 0 (0) Inline->AoC 930 (0) AoC->BitMap 86 (0) BitMap->Full 0 (0) 
[2025-10-13T17:37:16.126-0700][1207][debug][gc,remset   ] GC(82) Coarsening (all): Inline->AoC 1244076 (25) AoC->Howl 53292 (40) Howl->Full 0 (0) Inline->AoC 256372 (7) AoC->BitMap 67000 (18) BitMap->Full 6 (0) 
[2025-10-13T17:37:16.126-0700][1207][info ][gc,heap     ] GC(82) Eden regions: 2922->0(2529)
[2025-10-13T17:37:16.126-0700][1207][info ][gc,heap     ] GC(82) Survivor regions: 188->240(389)
[2025-10-13T17:37:16.126-0700][1207][info ][gc,heap     ] GC(82) Old regions: 872->831
[2025-10-13T17:37:16.126-0700][1207][info ][gc,heap     ] GC(82) Humongous regions: 23->0
[2025-10-13T17:37:16.126-0700][1207][info ][gc,metaspace] GC(82) Metaspace: 307148K(311872K)->307148K(311872K) NonClass: 270753K(273280K)->270753K(273280K) Class: 36395K(38592K)->36395K(38592K)
[2025-10-13T17:37:16.126-0700][1207][info ][gc          ] GC(82) Pause Young (Mixed) (G1 Evacuation Pause) 128155M->34234M(184320M) 192.654ms
[2025-10-13T17:37:16.127-0700][1207][info ][gc,cpu      ] GC(82) User=16.37s Sys=0.09s Real=0.19s
[2025-10-13T17:37:16.129-0700][1207][info ][safepoint   ] Safepoint "G1CollectForAllocation", Time since last: 496597756 ns, Reaching safepoint: 837807 ns, Cleanup: 17967 ns, At safepoint: 197331248 ns, Total: 198187022 ns
[2025-10-13T17:37:17.130-0700][1207][info ][safepoint   ] Safepoint "Cleanup", Time since last: 1000080991 ns, Reaching safepoint: 721319 ns, Cleanup: 41514 ns, At safepoint: 139232 ns, Total: 902065 ns
[2025-10-13T17:37:18.131-0700][1207][info ][safepoint   ] Safepoint "Cleanup", Time since last: 1000103765 ns, Reaching safepoint: 794111 ns, Cleanup: 23065 ns, At safepoint: 429535 ns, Total: 1246711 ns
[2025-10-13T17:37:19.132-0700][1207][info ][safepoint   ] Safepoint "Cleanup", Time since last: 1000112989 ns, Reaching safepoint: 789063 ns, Cleanup: 25008 ns, At safepoint: 259706 ns, Total: 1073777 ns
[2025-10-13T17:37:20.135-0700][1207][info ][safepoint   ] Safepoint "Cleanup", Time since last: 1000078767 ns, Reaching safepoint: 1656576 ns, Cleanup: 32560 ns, At safepoint: 729773 ns, Total: 2418909 ns
[2025-10-13T17:37:21.136-0700][1207][info ][safepoint   ] Safepoint "Cleanup", Time since last: 1000118608 ns, Reaching safepoint: 859120 ns, Cleanup: 56576 ns, At safepoint: 766999 ns, Total: 1682695 ns
[2025-10-13T17:37:22.138-0700][1207][info ][safepoint   ] Safepoint "Cleanup", Time since last: 1000111077 ns, Reaching safepoint: 815784 ns, Cleanup: 94664 ns, At safepoint: 843987 ns, Total: 1754435 ns
[2025-10-13T17:37:22.250-0700][1207][info ][gc,start    ] GC(83) Pause Young (Mixed) (G1 Evacuation Pause)
[2025-10-13T17:37:22.251-0700][1207][info ][gc,task     ] GC(83) Using 113 workers of 113 for evacuation
[2025-10-13T17:37:22.265-0700][1207][debug][gc,remset   ] GC(83) Visited cards 9733888 Total dirty 51970048 (18.73%) Total old 424607744 (2.29%)
[2025-10-13T17:37:22.459-0700][1207][info ][gc,mmu      ] GC(83) MMU target violated: 201.0ms (200.0ms/201.0ms)
[2025-10-13T17:37:22.459-0700][1207][info ][gc,phases   ] GC(83)   Pre Evacuate Collection Set: 0.7ms
[2025-10-13T17:37:22.459-0700][1207][info ][gc,phases   ] GC(83)   Merge Heap Roots: 14.0ms
[2025-10-13T17:37:22.459-0700][1207][info ][gc,phases   ] GC(83)   Evacuate Collection Set: 178.4ms
[2025-10-13T17:37:22.459-0700][1207][info ][gc,phases   ] GC(83)   Post Evacuate Collection Set: 15.3ms
[2025-10-13T17:37:22.459-0700][1207][info ][gc,phases   ] GC(83)   Other: 0.2ms
[2025-10-13T17:37:22.459-0700][1207][debug][gc,remset   ] GC(83) Coarsening (recent): Inline->AoC 19347 (0) AoC->Howl 207 (0) Howl->Full 0 (0) Inline->AoC 956 (0) AoC->BitMap 96 (0) BitMap->Full 0 (0) 
[2025-10-13T17:37:22.459-0700][1207][debug][gc,remset   ] GC(83) Coarsening (all): Inline->AoC 1263423 (25) AoC->Howl 53499 (40) Howl->Full 0 (0) Inline->AoC 257328 (7) AoC->BitMap 67096 (18) BitMap->Full 6 (0) 
[2025-10-13T17:37:22.459-0700][1207][info ][gc,heap     ] GC(83) Eden regions: 2553->0(2650)
[2025-10-13T17:37:22.459-0700][1207][info ][gc,heap     ] GC(83) Survivor regions: 240->219(350)
[2025-10-13T17:37:22.459-0700][1207][info ][gc,heap     ] GC(83) Old regions: 831->851
[2025-10-13T17:37:22.459-0700][1207][info ][gc,heap     ] GC(83) Humongous regions: 18->0
[2025-10-13T17:37:22.459-0700][1207][info ][gc,metaspace] GC(83) Metaspace: 307305K(312064K)->307305K(312064K) NonClass: 270887K(273472K)->270887K(273472K) Class: 36418K(38592K)->36418K(38592K)
[2025-10-13T17:37:22.459-0700][1207][info ][gc          ] GC(83) Pause Young (Mixed) (G1 Evacuation Pause) 116506M->34209M(184320M) 208.778ms
[2025-10-13T17:37:22.461-0700][1207][info ][gc,cpu      ] GC(83) User=18.76s Sys=0.11s Real=0.21s
[2025-10-13T17:37:22.462-0700][1207][info ][safepoint   ] Safepoint "G1CollectForAllocation", Time since last: 109663214 ns, Reaching safepoint: 819820 ns, Cleanup: 12098 ns, At safepoint: 213479262 ns, Total: 214311180 ns
[2025-10-13T17:37:23.464-0700][1207][info ][safepoint   ] Safepoint "Cleanup", Time since last: 1000089383 ns, Reaching safepoint: 815033 ns, Cleanup: 134325 ns, At safepoint: 511350 ns, Total: 1460708 ns
[2025-10-13T17:37:24.474-0700][1207][info ][safepoint   ] Safepoint "Cleanup", Time since last: 1000120129 ns, Reaching safepoint: 8195718 ns, Cleanup: 67653 ns, At safepoint: 1812764 ns, Total: 10076135 ns
[2025-10-13T17:37:25.476-0700][1207][info ][safepoint   ] Safepoint "Cleanup", Time since last: 1000119509 ns, Reaching safepoint: 920825 ns, Cleanup: 51568 ns, At safepoint: 849175 ns, Total: 1821568 ns
[2025-10-13T17:37:26.478-0700][1207][info ][safepoint   ] Safepoint "Cleanup", Time since last: 1000111767 ns, Reaching safepoint: 816545 ns, Cleanup: 19730 ns, At safepoint: 771246 ns, Total: 1607521 ns
[2025-10-13T17:37:27.491-0700][1207][info ][safepoint   ] Safepoint "Cleanup", Time since last: 1000114983 ns, Reaching safepoint: 11395637 ns, Cleanup: 29444 ns, At safepoint: 1936934 ns, Total: 13362015 ns
[2025-10-13T17:37:28.416-0700][1207][info ][gc,start    ] GC(84) Pause Young (Mixed) (G1 Evacuation Pause)
[2025-10-13T17:37:28.416-0700][1207][info ][gc,task     ] GC(84) Using 113 workers of 113 for evacuation
[2025-10-13T17:37:28.430-0700][1207][debug][gc,remset   ] GC(84) Visited cards 10824704 Total dirty 52822016 (20.49%) Total old 433389568 (2.50%)
[2025-10-13T17:37:28.603-0700][1207][debug][gc,remset   ] GC(84) Visited cards 412416 Total dirty 36438016 (1.13%) Total old 450822144 (0.09%)
[2025-10-13T17:37:28.626-0700][1207][info ][gc,mmu      ] GC(84) MMU target violated: 201.0ms (200.0ms/201.0ms)
[2025-10-13T17:37:28.626-0700][1207][info ][gc,phases   ] GC(84)   Pre Evacuate Collection Set: 0.8ms
[2025-10-13T17:37:28.626-0700][1207][info ][gc,phases   ] GC(84)   Merge Heap Roots: 13.6ms
[2025-10-13T17:37:28.626-0700][1207][info ][gc,phases   ] GC(84)   Evacuate Collection Set: 171.5ms
[2025-10-13T17:37:28.626-0700][1207][info ][gc,phases   ] GC(84)   Merge Optional Heap Roots: 0.9ms
[2025-10-13T17:37:28.626-0700][1207][info ][gc,phases   ] GC(84)   Evacuate Optional Collection Set: 7.5ms
[2025-10-13T17:37:28.626-0700][1207][info ][gc,phases   ] GC(84)   Post Evacuate Collection Set: 15.1ms
[2025-10-13T17:37:28.626-0700][1207][info ][gc,phases   ] GC(84)   Other: 0.2ms
[2025-10-13T17:37:28.626-0700][1207][debug][gc,remset   ] GC(84) Coarsening (recent): Inline->AoC 25337 (0) AoC->Howl 361 (0) Howl->Full 0 (0) Inline->AoC 1341 (0) AoC->BitMap 296 (0) BitMap->Full 0 (0) 
[2025-10-13T17:37:28.626-0700][1207][debug][gc,remset   ] GC(84) Coarsening (all): Inline->AoC 1288760 (25) AoC->Howl 53860 (40) Howl->Full 0 (0) Inline->AoC 258669 (7) AoC->BitMap 67392 (18) BitMap->Full 6 (0) 
[2025-10-13T17:37:28.626-0700][1207][info ][gc,heap     ] GC(84) Eden regions: 2634->0(2427)
[2025-10-13T17:37:28.626-0700][1207][info ][gc,heap     ] GC(84) Survivor regions: 219->224(357)
[2025-10-13T17:37:28.626-0700][1207][info ][gc,heap     ] GC(84) Old regions: 851->843
[2025-10-13T17:37:28.626-0700][1207][info ][gc,heap     ] GC(84) Humongous regions: 12->0
[2025-10-13T17:37:28.626-0700][1207][info ][gc,metaspace] GC(84) Metaspace: 307431K(312192K)->307431K(312192K) NonClass: 271004K(273600K)->271004K(273600K) Class: 36427K(38592K)->36427K(38592K)
[2025-10-13T17:37:28.626-0700][1207][info ][gc          ] GC(84) Pause Young (Mixed) (G1 Evacuation Pause) 118881M->34108M(184320M) 209.711ms
[2025-10-13T17:37:28.627-0700][1207][info ][gc,cpu      ] GC(84) User=18.20s Sys=0.36s Real=0.21s
[2025-10-13T17:37:28.629-0700][1207][info ][safepoint   ] Safepoint "G1CollectForAllocation", Time since last: 922240913 ns, Reaching safepoint: 925762 ns, Cleanup: 4577 ns, At safepoint: 214344751 ns, Total: 215275090 ns
[2025-10-13T17:37:29.630-0700][1207][info ][safepoint   ] Safepoint "Cleanup", Time since last: 1000088402 ns, Reaching safepoint: 790515 ns, Cleanup: 18528 ns, At safepoint: 206535 ns, Total: 1015578 ns
[2025-10-13T17:37:30.631-0700][1207][info ][safepoint   ] Safepoint "Cleanup", Time since last: 1000110846 ns, Reaching safepoint: 768482 ns, Cleanup: 33251 ns, At safepoint: 337855 ns, Total: 1139588 ns
[2025-10-13T17:37:31.633-0700][1207][info ][safepoint   ] Safepoint "Cleanup", Time since last: 1000120340 ns, Reaching safepoint: 1249996 ns, Cleanup: 17627 ns, At safepoint: 361261 ns, Total: 1628884 ns
[2025-10-13T17:37:32.634-0700][1207][info ][safepoint   ] Safepoint "Cleanup", Time since last: 1000113269 ns, Reaching safepoint: 824207 ns, Cleanup: 11327 ns, At safepoint: 278305 ns, Total: 1113839 ns
[2025-10-13T17:37:33.642-0700][1207][info ][safepoint   ] Safepoint "Cleanup", Time since last: 1000107290 ns, Reaching safepoint: 6057677 ns, Cleanup: 33071 ns, At safepoint: 1683136 ns, Total: 7773884 ns
[2025-10-13T17:37:34.682-0700][1207][info ][safepoint   ] Safepoint "Cleanup", Time since last: 1000108623 ns, Reaching safepoint: 37691275 ns, Cleanup: 38508 ns, At safepoint: 2223331 ns, Total: 39953114 ns
[2025-10-13T17:37:35.684-0700][1207][info ][safepoint   ] Safepoint "Cleanup", Time since last: 1000118727 ns, Reaching safepoint: 855876 ns, Cleanup: 51338 ns, At safepoint: 1046926 ns, Total: 1954140 ns
[2025-10-13T17:37:36.686-0700][1207][info ][safepoint   ] Safepoint "Cleanup", Time since last: 1000117927 ns, Reaching safepoint: 832870 ns, Cleanup: 112541 ns, At safepoint: 898631 ns, Total: 1844042 ns
[2025-10-13T17:37:36.814-0700][1207][info ][gc,start    ] GC(85) Pause Young (Mixed) (G1 Evacuation Pause)
[2025-10-13T17:37:36.814-0700][1207][info ][gc,task     ] GC(85) Using 113 workers of 113 for evacuation
[2025-10-13T17:37:36.829-0700][1207][debug][gc,remset   ] GC(85) Visited cards 10413056 Total dirty 52363264 (19.89%) Total old 421462016 (2.47%)
[2025-10-13T17:37:36.996-0700][1207][info ][gc,phases   ] GC(85)   Pre Evacuate Collection Set: 0.8ms
[2025-10-13T17:37:36.996-0700][1207][info ][gc,phases   ] GC(85)   Merge Heap Roots: 14.0ms
[2025-10-13T17:37:36.996-0700][1207][info ][gc,phases   ] GC(85)   Evacuate Collection Set: 152.8ms
[2025-10-13T17:37:36.996-0700][1207][info ][gc,phases   ] GC(85)   Post Evacuate Collection Set: 14.1ms
[2025-10-13T17:37:36.996-0700][1207][info ][gc,phases   ] GC(85)   Other: 0.2ms
[2025-10-13T17:37:36.996-0700][1207][debug][gc,remset   ] GC(85) Coarsening (recent): Inline->AoC 22129 (0) AoC->Howl 296 (0) Howl->Full 0 (0) Inline->AoC 1234 (0) AoC->BitMap 175 (0) BitMap->Full 0 (0) 
[2025-10-13T17:37:36.996-0700][1207][debug][gc,remset   ] GC(85) Coarsening (all): Inline->AoC 1310889 (25) AoC->Howl 54156 (40) Howl->Full 0 (0) Inline->AoC 259903 (7) AoC->BitMap 67567 (18) BitMap->Full 6 (0) 
[2025-10-13T17:37:36.996-0700][1207][info ][gc,heap     ] GC(85) Eden regions: 2542->0(2489)
[2025-10-13T17:37:36.996-0700][1207][info ][gc,heap     ] GC(85) Survivor regions: 224->223(346)
[2025-10-13T17:37:36.996-0700][1207][info ][gc,heap     ] GC(85) Old regions: 843->841
[2025-10-13T17:37:36.996-0700][1207][info ][gc,heap     ] GC(85) Humongous regions: 12->0
[2025-10-13T17:37:36.996-0700][1207][info ][gc,metaspace] GC(85) Metaspace: 307537K(312320K)->307537K(312320K) NonClass: 271103K(273728K)->271103K(273728K) Class: 36434K(38592K)->36434K(38592K)
[2025-10-13T17:37:36.996-0700][1207][info ][gc          ] GC(85) Pause Young (Mixed) (G1 Evacuation Pause) 115836M->34025M(184320M) 182.122ms
[2025-10-13T17:37:36.998-0700][1207][info ][gc,cpu      ] GC(85) User=17.46s Sys=0.09s Real=0.18s
[2025-10-13T17:37:36.999-0700][1207][info ][safepoint   ] Safepoint "G1CollectForAllocation", Time since last: 125619295 ns, Reaching safepoint: 800491 ns, Cleanup: 4476 ns, At safepoint: 186615490 ns, Total: 187420457 ns
[2025-10-13T17:37:38.000-0700][1207][info ][safepoint   ] Safepoint "Cleanup", Time since last: 1000091157 ns, Reaching safepoint: 743283 ns, Cleanup: 77888 ns, At safepoint: 139060 ns, Total: 960231 ns
[2025-10-13T17:37:39.009-0700][1207][info ][safepoint   ] Safepoint "Cleanup", Time since last: 1000104418 ns, Reaching safepoint: 7068803 ns, Cleanup: 49725 ns, At safepoint: 1817086 ns, Total: 8935614 ns
[2025-10-13T17:37:40.012-0700][1207][info ][safepoint   ] Safepoint "Cleanup", Time since last: 1000092439 ns, Reaching safepoint: 1323630 ns, Cleanup: 59160 ns, At safepoint: 1001914 ns, Total: 2384704 ns
[2025-10-13T17:37:41.014-0700][1207][info ][safepoint   ] Safepoint "Cleanup", Time since last: 1000150387 ns, Reaching safepoint: 934001 ns, Cleanup: 42034 ns, At safepoint: 1229909 ns, Total: 2205944 ns
[2025-10-13T17:37:42.031-0700][1207][info ][safepoint   ] Safepoint "Cleanup", Time since last: 1000124357 ns, Reaching safepoint: 15043365 ns, Cleanup: 30416 ns, At safepoint: 1687030 ns, Total: 16760811 ns
[2025-10-13T17:37:43.033-0700][1207][info ][safepoint   ] Safepoint "Cleanup", Time since last: 1000122324 ns, Reaching safepoint: 1785749 ns, Cleanup: 16054 ns, At safepoint: 689452 ns, Total: 2491255 ns
[2025-10-13T17:37:44.035-0700][1207][info ][safepoint   ] Safepoint "Cleanup", Time since last: 1000139691 ns, Reaching safepoint: 677904 ns, Cleanup: 27702 ns, At safepoint: 676182 ns, Total: 1381788 ns
[2025-10-13T17:37:44.066-0700][1207][info ][gc,start    ] GC(86) Pause Young (Mixed) (G1 Evacuation Pause)
[2025-10-13T17:37:44.066-0700][1207][info ][gc,task     ] GC(86) Using 113 workers of 113 for evacuation
[2025-10-13T17:37:44.080-0700][1207][debug][gc,remset   ] GC(86) Visited cards 11471104 Total dirty 53280768 (21.53%) Total old 425132032 (2.70%)
[2025-10-13T17:37:44.259-0700][1207][info ][gc,phases   ] GC(86)   Pre Evacuate Collection Set: 0.8ms
[2025-10-13T17:37:44.259-0700][1207][info ][gc,phases   ] GC(86)   Merge Heap Roots: 13.6ms
[2025-10-13T17:37:44.259-0700][1207][info ][gc,phases   ] GC(86)   Evacuate Collection Set: 162.6ms
[2025-10-13T17:37:44.259-0700][1207][info ][gc,phases   ] GC(86)   Post Evacuate Collection Set: 16.0ms
[2025-10-13T17:37:44.259-0700][1207][info ][gc,phases   ] GC(86)   Other: 0.2ms
[2025-10-13T17:37:44.259-0700][1207][debug][gc,remset   ] GC(86) Coarsening (recent): Inline->AoC 27366 (0) AoC->Howl 294 (0) Howl->Full 0 (0) Inline->AoC 1180 (0) AoC->BitMap 155 (0) BitMap->Full 0 (0) 
[2025-10-13T17:37:44.259-0700][1207][debug][gc,remset   ] GC(86) Coarsening (all): Inline->AoC 1338255 (25) AoC->Howl 54450 (40) Howl->Full 0 (0) Inline->AoC 261083 (7) AoC->BitMap 67722 (18) BitMap->Full 6 (0) 
[2025-10-13T17:37:44.259-0700][1207][info ][gc,heap     ] GC(86) Eden regions: 2567->0(2682)
[2025-10-13T17:37:44.259-0700][1207][info ][gc,heap     ] GC(86) Survivor regions: 223->213(349)
[2025-10-13T17:37:44.259-0700][1207][info ][gc,heap     ] GC(86) Old regions: 841->850
[2025-10-13T17:37:44.259-0700][1207][info ][gc,heap     ] GC(86) Humongous regions: 22->0
[2025-10-13T17:37:44.259-0700][1207][info ][gc,metaspace] GC(86) Metaspace: 307832K(312704K)->307832K(312704K) NonClass: 271353K(273984K)->271353K(273984K) Class: 36478K(38720K)->36478K(38720K)
[2025-10-13T17:37:44.259-0700][1207][info ][gc          ] GC(86) Pause Young (Mixed) (G1 Evacuation Pause) 116873M->33988M(184320M) 193.359ms
[2025-10-13T17:37:44.261-0700][1207][info ][gc,cpu      ] GC(86) User=17.42s Sys=0.19s Real=0.20s
[2025-10-13T17:37:44.262-0700][1207][info ][safepoint   ] Safepoint "G1CollectForAllocation", Time since last: 28238767 ns, Reaching safepoint: 949745 ns, Cleanup: 5278 ns, At safepoint: 198173556 ns, Total: 199128579 ns
[2025-10-13T17:37:46.263-0700][1207][info ][safepoint   ] Safepoint "Cleanup", Time since last: 2000137527 ns, Reaching safepoint: 765617 ns, Cleanup: 20320 ns, At safepoint: 231320 ns, Total: 1017257 ns
[2025-10-13T17:37:47.265-0700][1207][info ][safepoint   ] Safepoint "Cleanup", Time since last: 1000100181 ns, Reaching safepoint: 888032 ns, Cleanup: 31948 ns, At safepoint: 252572 ns, Total: 1172552 ns
[2025-10-13T17:37:48.266-0700][1207][info ][safepoint   ] Safepoint "Cleanup", Time since last: 1000104367 ns, Reaching safepoint: 835974 ns, Cleanup: 30256 ns, At safepoint: 374886 ns, Total: 1241116 ns
[2025-10-13T17:37:49.267-0700][1207][info ][safepoint   ] Safepoint "Cleanup", Time since last: 1000109916 ns, Reaching safepoint: 811847 ns, Cleanup: 17045 ns, At safepoint: 410301 ns, Total: 1239193 ns
[2025-10-13T17:37:50.269-0700][1207][info ][safepoint   ] Safepoint "Cleanup", Time since last: 1000101352 ns, Reaching safepoint: 843225 ns, Cleanup: 20100 ns, At safepoint: 750715 ns, Total: 1614040 ns
[2025-10-13T17:37:52.040-0700][1207][info ][safepoint   ] Safepoint "Cleanup", Time since last: 1769715084 ns, Reaching safepoint: 940441 ns, Cleanup: 34052 ns, At safepoint: 494467 ns, Total: 1468960 ns
[2025-10-13T17:37:54.041-0700][1207][info ][safepoint   ] Safepoint "Cleanup", Time since last: 2000175114 ns, Reaching safepoint: 757795 ns, Cleanup: 20401 ns, At safepoint: 185270 ns, Total: 963466 ns
[2025-10-13T17:37:54.117-0700][1207][info ][gc,start    ] GC(87) Pause Young (Mixed) (G1 Evacuation Pause)
[2025-10-13T17:37:54.117-0700][1207][info ][gc,task     ] GC(87) Using 113 workers of 113 for evacuation
[2025-10-13T17:37:54.132-0700][1207][debug][gc,remset   ] GC(87) Visited cards 10847232 Total dirty 53411840 (20.31%) Total old 447610880 (2.42%)
[2025-10-13T17:37:54.305-0700][1207][info ][gc,phases   ] GC(87)   Pre Evacuate Collection Set: 0.7ms
[2025-10-13T17:37:54.305-0700][1207][info ][gc,phases   ] GC(87)   Merge Heap Roots: 14.0ms
[2025-10-13T17:37:54.305-0700][1207][info ][gc,phases   ] GC(87)   Evacuate Collection Set: 156.3ms
[2025-10-13T17:37:54.305-0700][1207][info ][gc,phases   ] GC(87)   Post Evacuate Collection Set: 16.1ms
[2025-10-13T17:37:54.305-0700][1207][info ][gc,phases   ] GC(87)   Other: 0.2ms
[2025-10-13T17:37:54.305-0700][1207][debug][gc,remset   ] GC(87) Coarsening (recent): Inline->AoC 36973 (0) AoC->Howl 185 (0) Howl->Full 0 (0) Inline->AoC 737 (0) AoC->BitMap 100 (0) BitMap->Full 0 (0) 
[2025-10-13T17:37:54.305-0700][1207][debug][gc,remset   ] GC(87) Coarsening (all): Inline->AoC 1375228 (25) AoC->Howl 54635 (40) Howl->Full 0 (0) Inline->AoC 261820 (7) AoC->BitMap 67822 (18) BitMap->Full 6 (0) 
[2025-10-13T17:37:54.305-0700][1207][info ][gc,heap     ] GC(87) Eden regions: 2747->0(2131)
[2025-10-13T17:37:54.305-0700][1207][info ][gc,heap     ] GC(87) Survivor regions: 213->230(370)
[2025-10-13T17:37:54.305-0700][1207][info ][gc,heap     ] GC(87) Old regions: 850->848
[2025-10-13T17:37:54.305-0700][1207][info ][gc,heap     ] GC(87) Humongous regions: 21->2
[2025-10-13T17:37:54.305-0700][1207][info ][gc,metaspace] GC(87) Metaspace: 308088K(313088K)->308088K(313088K) NonClass: 271583K(274304K)->271583K(274304K) Class: 36505K(38784K)->36505K(38784K)
[2025-10-13T17:37:54.305-0700][1207][info ][gc          ] GC(87) Pause Young (Mixed) (G1 Evacuation Pause) 122564M->34519M(184320M) 187.480ms
[2025-10-13T17:37:54.307-0700][1207][info ][gc,cpu      ] GC(87) User=17.69s Sys=0.55s Real=0.19s
[2025-10-13T17:37:54.308-0700][1207][info ][safepoint   ] Safepoint "G1CollectForAllocation", Time since last: 73372216 ns, Reaching safepoint: 795172 ns, Cleanup: 5097 ns, At safepoint: 192027087 ns, Total: 192827356 ns
[2025-10-13T17:37:54.491-0700][1207][info ][gc,start    ] GC(88) Pause Young (Concurrent Start) (G1 Humongous Allocation)
[2025-10-13T17:37:54.491-0700][1207][info ][gc,task     ] GC(88) Using 113 workers of 113 for evacuation
[2025-10-13T17:37:54.501-0700][1207][debug][gc,remset   ] GC(88) Visited cards 8914176 Total dirty 53870592 (16.55%) Total old 96468992 (9.24%)
[2025-10-13T17:37:54.632-0700][1207][info ][gc,phases   ] GC(88)   Pre Evacuate Collection Set: 0.9ms
[2025-10-13T17:37:54.632-0700][1207][info ][gc,phases   ] GC(88)   Merge Heap Roots: 9.2ms
[2025-10-13T17:37:54.632-0700][1207][info ][gc,phases   ] GC(88)   Evacuate Collection Set: 119.4ms
[2025-10-13T17:37:54.632-0700][1207][info ][gc,phases   ] GC(88)   Post Evacuate Collection Set: 11.1ms
[2025-10-13T17:37:54.632-0700][1207][info ][gc,phases   ] GC(88)   Other: 0.1ms
[2025-10-13T17:37:54.632-0700][1207][debug][gc,remset   ] GC(88) Coarsening (recent): Inline->AoC 0 (0) AoC->Howl 0 (0) Howl->Full 0 (0) Inline->AoC 0 (0) AoC->BitMap 0 (0) BitMap->Full 0 (0) 
[2025-10-13T17:37:54.632-0700][1207][debug][gc,remset   ] GC(88) Coarsening (all): Inline->AoC 1375228 (25) AoC->Howl 54635 (40) Howl->Full 0 (0) Inline->AoC 261820 (7) AoC->BitMap 67822 (18) BitMap->Full 6 (0) 
[2025-10-13T17:37:54.632-0700][1207][info ][gc,heap     ] GC(88) Eden regions: 81->0(3080)
[2025-10-13T17:37:54.632-0700][1207][info ][gc,heap     ] GC(88) Survivor regions: 230->181(373)
[2025-10-13T17:37:54.632-0700][1207][info ][gc,heap     ] GC(88) Old regions: 848->894
[2025-10-13T17:37:54.632-0700][1207][info ][gc,heap     ] GC(88) Humongous regions: 2->1
[2025-10-13T17:37:54.632-0700][1207][info ][gc,metaspace] GC(88) Metaspace: 308202K(313152K)->308202K(313152K) NonClass: 271684K(274368K)->271684K(274368K) Class: 36518K(38784K)->36518K(38784K)
[2025-10-13T17:37:54.632-0700][1207][info ][gc          ] GC(88) Pause Young (Concurrent Start) (G1 Humongous Allocation) 37085M->34404M(184320M) 140.998ms
[2025-10-13T17:37:54.632-0700][1090][info ][gc          ] GC(89) Concurrent Mark Cycle
[2025-10-13T17:37:54.632-0700][1090][info ][gc,marking  ] GC(89) Concurrent Scan Root Regions
[2025-10-13T17:37:54.634-0700][1207][info ][gc,cpu      ] GC(88) User=13.46s Sys=0.13s Real=0.14s
[2025-10-13T17:37:54.636-0700][1207][info ][safepoint   ] Safepoint "G1TryInitiateConcMark", Time since last: 180724775 ns, Reaching safepoint: 735602 ns, Cleanup: 44217 ns, At safepoint: 146325969 ns, Total: 147105788 ns
[2025-10-13T17:37:54.693-0700][1090][info ][gc,marking  ] GC(89) Concurrent Scan Root Regions 60.623ms
[2025-10-13T17:37:54.693-0700][1090][info ][gc,marking  ] GC(89) Concurrent Mark
[2025-10-13T17:37:54.693-0700][1090][info ][gc,marking  ] GC(89) Concurrent Mark From Roots
[2025-10-13T17:37:54.693-0700][1090][info ][gc,task     ] GC(89) Using 36 workers of 36 for marking
[2025-10-13T17:37:54.852-0700][1090][info ][gc,marking  ] GC(89) Concurrent Mark From Roots 158.744ms
[2025-10-13T17:37:54.852-0700][1090][info ][gc,marking  ] GC(89) Concurrent Preclean
[2025-10-13T17:37:54.872-0700][1090][info ][gc,marking  ] GC(89) Concurrent Preclean 20.752ms
[2025-10-13T17:37:54.875-0700][1207][info ][gc,start    ] GC(89) Pause Remark
[2025-10-13T17:37:55.137-0700][1207][info ][gc,mmu      ] GC(89) MMU target violated: 201.0ms (200.0ms/201.0ms)
[2025-10-13T17:37:55.137-0700][1207][info ][gc          ] GC(89) Pause Remark 37310M->37022M(184320M) 262.461ms
[2025-10-13T17:37:55.139-0700][1207][info ][gc,cpu      ] GC(89) User=14.14s Sys=0.00s Real=0.26s
[2025-10-13T17:37:55.143-0700][1207][info ][safepoint   ] Safepoint "G1PauseRemark", Time since last: 236980745 ns, Reaching safepoint: 694019 ns, Cleanup: 16705 ns, At safepoint: 269296762 ns, Total: 270007486 ns
[2025-10-13T17:37:55.143-0700][1090][info ][gc,marking  ] GC(89) Concurrent Mark 450.011ms
[2025-10-13T17:37:55.143-0700][1090][info ][gc,marking  ] GC(89) Concurrent Rebuild Remembered Sets and Scrub Regions
[2025-10-13T17:37:55.456-0700][1090][info ][gc,marking  ] GC(89) Concurrent Rebuild Remembered Sets and Scrub Regions 313.088ms
[2025-10-13T17:37:55.459-0700][1207][info ][gc,start    ] GC(89) Pause Cleanup
[2025-10-13T17:37:55.460-0700][1207][info ][gc          ] GC(89) Pause Cleanup 40513M->40513M(184320M) 1.808ms
[2025-10-13T17:37:55.461-0700][1207][info ][gc,cpu      ] GC(89) User=0.00s Sys=0.02s Real=0.01s
[2025-10-13T17:37:55.462-0700][1207][info ][safepoint   ] Safepoint "G1PauseCleanup", Time since last: 313648321 ns, Reaching safepoint: 628039 ns, Cleanup: 115665 ns, At safepoint: 4852673 ns, Total: 5596377 ns
[2025-10-13T17:37:55.462-0700][1090][info ][gc,marking  ] GC(89) Concurrent Clear Claimed Marks
[2025-10-13T17:37:55.463-0700][1090][info ][gc,marking  ] GC(89) Concurrent Clear Claimed Marks 0.733ms
[2025-10-13T17:37:55.463-0700][1090][info ][gc,marking  ] GC(89) Concurrent Cleanup for Next Mark
[2025-10-13T17:37:55.492-0700][1090][info ][gc,marking  ] GC(89) Concurrent Cleanup for Next Mark 29.833ms
[2025-10-13T17:37:55.492-0700][1090][info ][gc          ] GC(89) Concurrent Mark Cycle 860.253ms
[2025-10-13T17:37:56.463-0700][1207][info ][safepoint   ] Safepoint "Cleanup", Time since last: 1000085169 ns, Reaching safepoint: 1054814 ns, Cleanup: 17196 ns, At safepoint: 104948 ns, Total: 1176958 ns
[2025-10-13T17:37:57.464-0700][1207][info ][safepoint   ] Safepoint "Cleanup", Time since last: 1000101644 ns, Reaching safepoint: 725025 ns, Cleanup: 13751 ns, At safepoint: 137228 ns, Total: 876004 ns
[2025-10-13T17:37:58.465-0700][1207][info ][safepoint   ] Safepoint "Cleanup", Time since last: 1000101062 ns, Reaching safepoint: 799698 ns, Cleanup: 84348 ns, At safepoint: 196076 ns, Total: 1080122 ns
[2025-10-13T17:37:59.466-0700][1207][info ][safepoint   ] Safepoint "Cleanup", Time since last: 1000116105 ns, Reaching safepoint: 659647 ns, Cleanup: 23356 ns, At safepoint: 149265 ns, Total: 832268 ns
[2025-10-13T17:38:01.473-0700][1207][info ][safepoint   ] Safepoint "Cleanup", Time since last: 2000137567 ns, Reaching safepoint: 6038226 ns, Cleanup: 18217 ns, At safepoint: 1104560 ns, Total: 7161003 ns
[2025-10-13T17:38:02.476-0700][1207][info ][safepoint   ] Safepoint "Cleanup", Time since last: 1000114793 ns, Reaching safepoint: 975904 ns, Cleanup: 11207 ns, At safepoint: 991349 ns, Total: 1978460 ns
[2025-10-13T17:38:03.477-0700][1207][info ][safepoint   ] Safepoint "Cleanup", Time since last: 1000117287 ns, Reaching safepoint: 697654 ns, Cleanup: 12198 ns, At safepoint: 212371 ns, Total: 922223 ns
[2025-10-13T17:38:04.483-0700][1207][info ][safepoint   ] Safepoint "Cleanup", Time since last: 1000105890 ns, Reaching safepoint: 6051986 ns, Cleanup: 130407 ns, At safepoint: 624514 ns, Total: 6806907 ns
[2025-10-13T17:38:04.906-0700][1207][info ][gc,start    ] GC(90) Pause Young (Prepare Mixed) (G1 Evacuation Pause)
[2025-10-13T17:38:04.906-0700][1207][info ][gc,task     ] GC(90) Using 113 workers of 113 for evacuation
[2025-10-13T17:38:04.921-0700][1207][debug][gc,remset   ] GC(90) Visited cards 10048000 Total dirty 57016320 (17.62%) Total old 477364224 (2.10%)
[2025-10-13T17:38:05.093-0700][1207][info ][gc,phases   ] GC(90)   Pre Evacuate Collection Set: 0.7ms
[2025-10-13T17:38:05.093-0700][1207][info ][gc,phases   ] GC(90)   Merge Heap Roots: 14.5ms
[2025-10-13T17:38:05.093-0700][1207][info ][gc,phases   ] GC(90)   Evacuate Collection Set: 155.6ms
[2025-10-13T17:38:05.093-0700][1207][info ][gc,phases   ] GC(90)   Post Evacuate Collection Set: 16.2ms
[2025-10-13T17:38:05.093-0700][1207][info ][gc,phases   ] GC(90)   Other: 0.2ms
[2025-10-13T17:38:05.093-0700][1207][debug][gc,remset   ] GC(90) Coarsening (recent): Inline->AoC 133660 (1) AoC->Howl 6724 (0) Howl->Full 0 (0) Inline->AoC 29518 (0) AoC->BitMap 7796 (0) BitMap->Full 0 (0) 
[2025-10-13T17:38:05.093-0700][1207][debug][gc,remset   ] GC(90) Coarsening (all): Inline->AoC 1508888 (26) AoC->Howl 61359 (40) Howl->Full 0 (0) Inline->AoC 291338 (7) AoC->BitMap 75618 (18) BitMap->Full 6 (0) 
[2025-10-13T17:38:05.093-0700][1207][info ][gc,heap     ] GC(90) Eden regions: 3001->0(2714)
[2025-10-13T17:38:05.093-0700][1207][info ][gc,heap     ] GC(90) Survivor regions: 181->236(398)
[2025-10-13T17:38:05.093-0700][1207][info ][gc,heap     ] GC(90) Old regions: 885->885
[2025-10-13T17:38:05.093-0700][1207][info ][gc,heap     ] GC(90) Humongous regions: 35->2
[2025-10-13T17:38:05.093-0700][1207][info ][gc,metaspace] GC(90) Metaspace: 308527K(313472K)->308527K(313472K) NonClass: 272007K(274688K)->272007K(274688K) Class: 36519K(38784K)->36519K(38784K)
[2025-10-13T17:38:05.093-0700][1207][info ][gc          ] GC(90) Pause Young (Prepare Mixed) (G1 Evacuation Pause) 131236M->35910M(184320M) 187.305ms
[2025-10-13T17:38:05.095-0700][1207][info ][gc,cpu      ] GC(90) User=16.69s Sys=0.04s Real=0.19s
[2025-10-13T17:38:05.096-0700][1207][info ][safepoint   ] Safepoint "G1CollectForAllocation", Time since last: 420166299 ns, Reaching safepoint: 853299 ns, Cleanup: 52810 ns, At safepoint: 191841556 ns, Total: 192747665 ns
[2025-10-13T17:38:06.098-0700][1207][info ][safepoint   ] Safepoint "Cleanup", Time since last: 1000087302 ns, Reaching safepoint: 1432385 ns, Cleanup: 20080 ns, At safepoint: 317460 ns, Total: 1769925 ns
[2025-10-13T17:38:07.100-0700][1207][info ][safepoint   ] Safepoint "Cleanup", Time since last: 1000104277 ns, Reaching safepoint: 797535 ns, Cleanup: 29815 ns, At safepoint: 510412 ns, Total: 1337762 ns
[2025-10-13T17:38:08.102-0700][1207][info ][safepoint   ] Safepoint "Cleanup", Time since last: 1000113120 ns, Reaching safepoint: 920411 ns, Cleanup: 19209 ns, At safepoint: 828633 ns, Total: 1768253 ns
[2025-10-13T17:38:09.103-0700][1207][info ][safepoint   ] Safepoint "Cleanup", Time since last: 1000113080 ns, Reaching safepoint: 850616 ns, Cleanup: 27982 ns, At safepoint: 851847 ns, Total: 1730445 ns
[2025-10-13T17:38:10.111-0700][1207][info ][safepoint   ] Safepoint "Cleanup", Time since last: 1000105579 ns, Reaching safepoint: 5156624 ns, Cleanup: 38167 ns, At safepoint: 1912741 ns, Total: 7107532 ns
[2025-10-13T17:38:11.113-0700][1207][info ][safepoint   ] Safepoint "Cleanup", Time since last: 1000124958 ns, Reaching safepoint: 1071159 ns, Cleanup: 33861 ns, At safepoint: 1429771 ns, Total: 2534791 ns
[2025-10-13T17:38:12.115-0700][1207][info ][safepoint   ] Safepoint "Cleanup", Time since last: 1000146764 ns, Reaching safepoint: 919471 ns, Cleanup: 20291 ns, At safepoint: 641691 ns, Total: 1581453 ns
[2025-10-13T17:38:12.905-0700][1207][info ][gc,start    ] GC(91) Pause Young (Mixed) (G1 Evacuation Pause)
[2025-10-13T17:38:12.905-0700][1207][info ][gc,task     ] GC(91) Using 113 workers of 113 for evacuation
[2025-10-13T17:38:12.919-0700][1207][debug][gc,remset   ] GC(91) Visited cards 9936896 Total dirty 54788096 (18.14%) Total old 464322560 (2.14%)
[2025-10-13T17:38:13.113-0700][1207][info ][gc,mmu      ] GC(91) MMU target violated: 201.0ms (200.0ms/201.0ms)
[2025-10-13T17:38:13.113-0700][1207][info ][gc,phases   ] GC(91)   Pre Evacuate Collection Set: 0.8ms
[2025-10-13T17:38:13.113-0700][1207][info ][gc,phases   ] GC(91)   Merge Heap Roots: 13.3ms
[2025-10-13T17:38:13.113-0700][1207][info ][gc,phases   ] GC(91)   Evacuate Collection Set: 178.0ms
[2025-10-13T17:38:13.113-0700][1207][info ][gc,phases   ] GC(91)   Post Evacuate Collection Set: 16.2ms
[2025-10-13T17:38:13.113-0700][1207][info ][gc,phases   ] GC(91)   Other: 0.3ms
[2025-10-13T17:38:13.113-0700][1207][debug][gc,remset   ] GC(91) Coarsening (recent): Inline->AoC 19016 (0) AoC->Howl 219 (0) Howl->Full 0 (0) Inline->AoC 1148 (0) AoC->BitMap 113 (0) BitMap->Full 0 (0) 
[2025-10-13T17:38:13.113-0700][1207][debug][gc,remset   ] GC(91) Coarsening (all): Inline->AoC 1527904 (26) AoC->Howl 61578 (40) Howl->Full 0 (0) Inline->AoC 292486 (7) AoC->BitMap 75731 (18) BitMap->Full 6 (0) 
[2025-10-13T17:38:13.113-0700][1207][info ][gc,heap     ] GC(91) Eden regions: 2832->0(2612)
[2025-10-13T17:38:13.113-0700][1207][info ][gc,heap     ] GC(91) Survivor regions: 236->241(384)
[2025-10-13T17:38:13.113-0700][1207][info ][gc,heap     ] GC(91) Old regions: 885->871
[2025-10-13T17:38:13.113-0700][1207][info ][gc,heap     ] GC(91) Humongous regions: 18->0
[2025-10-13T17:38:13.113-0700][1207][info ][gc,metaspace] GC(91) Metaspace: 308925K(313920K)->308925K(313920K) NonClass: 272349K(275072K)->272349K(275072K) Class: 36576K(38848K)->36576K(38848K)
[2025-10-13T17:38:13.113-0700][1207][info ][gc          ] GC(91) Pause Young (Mixed) (G1 Evacuation Pause) 127046M->35583M(184320M) 208.738ms
[2025-10-13T17:38:13.115-0700][1207][info ][gc,cpu      ] GC(91) User=18.58s Sys=0.03s Real=0.21s
[2025-10-13T17:38:13.116-0700][1207][info ][safepoint   ] Safepoint "G1CollectForAllocation", Time since last: 786521684 ns, Reaching safepoint: 1291755 ns, Cleanup: 50095 ns, At safepoint: 213625293 ns, Total: 214967143 ns
[2025-10-13T17:38:14.118-0700][1207][info ][safepoint   ] Safepoint "Cleanup", Time since last: 1000092364 ns, Reaching safepoint: 816456 ns, Cleanup: 49034 ns, At safepoint: 274065 ns, Total: 1139555 ns
[2025-10-13T17:38:15.119-0700][1207][info ][safepoint   ] Safepoint "Cleanup", Time since last: 1000113636 ns, Reaching safepoint: 802044 ns, Cleanup: 23165 ns, At safepoint: 330440 ns, Total: 1155649 ns
[2025-10-13T17:38:16.121-0700][1207][info ][safepoint   ] Safepoint "Cleanup", Time since last: 1000142921 ns, Reaching safepoint: 952351 ns, Cleanup: 27301 ns, At safepoint: 619437 ns, Total: 1599089 ns
[2025-10-13T17:38:17.122-0700][1207][info ][safepoint   ] Safepoint "Cleanup", Time since last: 1000116742 ns, Reaching safepoint: 846200 ns, Cleanup: 38068 ns, At safepoint: 612747 ns, Total: 1497015 ns
[2025-10-13T17:38:18.124-0700][1207][info ][safepoint   ] Safepoint "Cleanup", Time since last: 1000110302 ns, Reaching safepoint: 706438 ns, Cleanup: 27983 ns, At safepoint: 481578 ns, Total: 1215999 ns
[2025-10-13T17:38:19.132-0700][1207][info ][safepoint   ] Safepoint "Cleanup", Time since last: 1000102931 ns, Reaching safepoint: 6264248 ns, Cleanup: 27582 ns, At safepoint: 1969580 ns, Total: 8261410 ns
[2025-10-13T17:38:20.069-0700][1207][info ][gc,start    ] GC(92) Pause Young (Mixed) (G1 Evacuation Pause)
[2025-10-13T17:38:20.069-0700][1207][info ][gc,task     ] GC(92) Using 113 workers of 113 for evacuation
[2025-10-13T17:38:20.084-0700][1207][debug][gc,remset   ] GC(92) Visited cards 9910016 Total dirty 54394880 (18.22%) Total old 453050368 (2.19%)
[2025-10-13T17:38:20.274-0700][1207][info ][gc,mmu      ] GC(92) MMU target violated: 201.0ms (200.0ms/201.0ms)
[2025-10-13T17:38:20.274-0700][1207][info ][gc,phases   ] GC(92)   Pre Evacuate Collection Set: 0.8ms
[2025-10-13T17:38:20.274-0700][1207][info ][gc,phases   ] GC(92)   Merge Heap Roots: 13.9ms
[2025-10-13T17:38:20.274-0700][1207][info ][gc,phases   ] GC(92)   Evacuate Collection Set: 174.1ms
[2025-10-13T17:38:20.274-0700][1207][info ][gc,phases   ] GC(92)   Post Evacuate Collection Set: 15.9ms
[2025-10-13T17:38:20.274-0700][1207][info ][gc,phases   ] GC(92)   Other: 0.2ms
[2025-10-13T17:38:20.274-0700][1207][debug][gc,remset   ] GC(92) Coarsening (recent): Inline->AoC 20975 (0) AoC->Howl 338 (0) Howl->Full 0 (0) Inline->AoC 1543 (0) AoC->BitMap 192 (0) BitMap->Full 0 (0) 
[2025-10-13T17:38:20.274-0700][1207][debug][gc,remset   ] GC(92) Coarsening (all): Inline->AoC 1548879 (26) AoC->Howl 61916 (40) Howl->Full 0 (0) Inline->AoC 294029 (7) AoC->BitMap 75923 (18) BitMap->Full 6 (0) 
[2025-10-13T17:38:20.274-0700][1207][info ][gc,heap     ] GC(92) Eden regions: 2745->0(2988)
[2025-10-13T17:38:20.274-0700][1207][info ][gc,heap     ] GC(92) Survivor regions: 241->213(374)
[2025-10-13T17:38:20.274-0700][1207][info ][gc,heap     ] GC(92) Old regions: 871->890
[2025-10-13T17:38:20.274-0700][1207][info ][gc,heap     ] GC(92) Humongous regions: 24->1
[2025-10-13T17:38:20.274-0700][1207][info ][gc,metaspace] GC(92) Metaspace: 309064K(314112K)->309064K(314112K) NonClass: 272473K(275200K)->272473K(275200K) Class: 36591K(38912K)->36591K(38912K)
[2025-10-13T17:38:20.274-0700][1207][info ][gc          ] GC(92) Pause Young (Mixed) (G1 Evacuation Pause) 124191M->35307M(184320M) 204.989ms
[2025-10-13T17:38:20.276-0700][1207][info ][gc,cpu      ] GC(92) User=18.21s Sys=0.02s Real=0.21s
[2025-10-13T17:38:20.277-0700][1207][info ][safepoint   ] Safepoint "G1CollectForAllocation", Time since last: 933940164 ns, Reaching safepoint: 1336502 ns, Cleanup: 14331 ns, At safepoint: 209747786 ns, Total: 211098619 ns
[2025-10-13T17:38:21.280-0700][1207][info ][safepoint   ] Safepoint "Cleanup", Time since last: 1000110983 ns, Reaching safepoint: 1188969 ns, Cleanup: 102785 ns, At safepoint: 1136019 ns, Total: 2427773 ns
[2025-10-13T17:38:24.281-0700][1207][info ][safepoint   ] Safepoint "Cleanup", Time since last: 3000243192 ns, Reaching safepoint: 804938 ns, Cleanup: 30366 ns, At safepoint: 209417 ns, Total: 1044721 ns
[2025-10-13T17:38:25.282-0700][1207][info ][safepoint   ] Safepoint "Cleanup", Time since last: 1000108289 ns, Reaching safepoint: 748943 ns, Cleanup: 28914 ns, At safepoint: 231730 ns, Total: 1009587 ns
[2025-10-13T17:38:26.283-0700][1207][info ][safepoint   ] Safepoint "Cleanup", Time since last: 1000101068 ns, Reaching safepoint: 803185 ns, Cleanup: 19520 ns, At safepoint: 385834 ns, Total: 1208539 ns
[2025-10-13T17:38:28.284-0700][1207][info ][safepoint   ] Safepoint "Cleanup", Time since last: 2000158549 ns, Reaching safepoint: 771177 ns, Cleanup: 20972 ns, At safepoint: 152350 ns, Total: 944499 ns
[2025-10-13T17:38:29.286-0700][1207][info ][safepoint   ] Safepoint "Cleanup", Time since last: 1000154418 ns, Reaching safepoint: 887724 ns, Cleanup: 37526 ns, At safepoint: 642693 ns, Total: 1567943 ns
[2025-10-13T17:38:29.678-0700][1207][info ][gc,start    ] GC(93) Pause Young (Mixed) (G1 Evacuation Pause)
[2025-10-13T17:38:29.678-0700][1207][info ][gc,task     ] GC(93) Using 113 workers of 113 for evacuation
[2025-10-13T17:38:29.693-0700][1207][debug][gc,remset   ] GC(93) Visited cards 10659072 Total dirty 56098816 (19.00%) Total old 485425152 (2.20%)
[2025-10-13T17:38:29.855-0700][1207][info ][gc,phases   ] GC(93)   Pre Evacuate Collection Set: 0.8ms
[2025-10-13T17:38:29.855-0700][1207][info ][gc,phases   ] GC(93)   Merge Heap Roots: 14.4ms
[2025-10-13T17:38:29.855-0700][1207][info ][gc,phases   ] GC(93)   Evacuate Collection Set: 146.3ms
[2025-10-13T17:38:29.855-0700][1207][info ][gc,phases   ] GC(93)   Post Evacuate Collection Set: 15.1ms
[2025-10-13T17:38:29.855-0700][1207][info ][gc,phases   ] GC(93)   Other: 0.2ms
[2025-10-13T17:38:29.855-0700][1207][debug][gc,remset   ] GC(93) Coarsening (recent): Inline->AoC 27702 (0) AoC->Howl 553 (0) Howl->Full 0 (0) Inline->AoC 2059 (0) AoC->BitMap 364 (0) BitMap->Full 0 (0) 
[2025-10-13T17:38:29.855-0700][1207][debug][gc,remset   ] GC(93) Coarsening (all): Inline->AoC 1576581 (26) AoC->Howl 62469 (40) Howl->Full 0 (0) Inline->AoC 296088 (7) AoC->BitMap 76287 (18) BitMap->Full 6 (0) 
[2025-10-13T17:38:29.855-0700][1207][info ][gc,heap     ] GC(93) Eden regions: 3012->0(2580)
[2025-10-13T17:38:29.855-0700][1207][info ][gc,heap     ] GC(93) Survivor regions: 213->250(404)
[2025-10-13T17:38:29.855-0700][1207][info ][gc,heap     ] GC(93) Old regions: 890->853
[2025-10-13T17:38:29.855-0700][1207][info ][gc,heap     ] GC(93) Humongous regions: 21->1
[2025-10-13T17:38:29.855-0700][1207][info ][gc,metaspace] GC(93) Metaspace: 309225K(314368K)->309225K(314368K) NonClass: 272618K(275392K)->272618K(275392K) Class: 36606K(38976K)->36606K(38976K)
[2025-10-13T17:38:29.855-0700][1207][info ][gc          ] GC(93) Pause Young (Mixed) (G1 Evacuation Pause) 132331M->35305M(184320M) 176.951ms
[2025-10-13T17:38:29.856-0700][1207][info ][gc,cpu      ] GC(93) User=17.24s Sys=0.05s Real=0.18s
[2025-10-13T17:38:29.858-0700][1207][info ][safepoint   ] Safepoint "G1CollectForAllocation", Time since last: 389155526 ns, Reaching safepoint: 770485 ns, Cleanup: 18068 ns, At safepoint: 181592656 ns, Total: 182381209 ns
[2025-10-13T17:38:30.859-0700][1207][info ][safepoint   ] Safepoint "Cleanup", Time since last: 1000090121 ns, Reaching safepoint: 727330 ns, Cleanup: 55174 ns, At safepoint: 191289 ns, Total: 973793 ns
[2025-10-13T17:38:31.861-0700][1207][info ][safepoint   ] Safepoint "Cleanup", Time since last: 1000115820 ns, Reaching safepoint: 1474982 ns, Cleanup: 28603 ns, At safepoint: 788884 ns, Total: 2292469 ns
[2025-10-13T17:38:32.864-0700][1207][info ][safepoint   ] Safepoint "Cleanup", Time since last: 1000145174 ns, Reaching safepoint: 1204463 ns, Cleanup: 13610 ns, At safepoint: 970939 ns, Total: 2189012 ns
[2025-10-13T17:38:33.866-0700][1207][info ][safepoint   ] Safepoint "Cleanup", Time since last: 1000134469 ns, Reaching safepoint: 879781 ns, Cleanup: 81253 ns, At safepoint: 928294 ns, Total: 1889328 ns
[2025-10-13T17:38:34.868-0700][1207][info ][safepoint   ] Safepoint "Cleanup", Time since last: 1000111864 ns, Reaching safepoint: 1292165 ns, Cleanup: 36265 ns, At safepoint: 1006573 ns, Total: 2335003 ns
[2025-10-13T17:38:35.870-0700][1207][info ][safepoint   ] Safepoint "Cleanup", Time since last: 1000124043 ns, Reaching safepoint: 1177010 ns, Cleanup: 41924 ns, At safepoint: 1042167 ns, Total: 2261101 ns
[2025-10-13T17:38:35.958-0700][1207][info ][gc,start    ] GC(94) Pause Young (Mixed) (G1 Evacuation Pause)
[2025-10-13T17:38:35.958-0700][1207][info ][gc,task     ] GC(94) Using 113 workers of 113 for evacuation
[2025-10-13T17:38:35.972-0700][1207][debug][gc,remset   ] GC(94) Visited cards 10320640 Total dirty 53673984 (19.23%) Total old 428867584 (2.41%)
[2025-10-13T17:38:36.158-0700][1207][debug][gc,remset   ] GC(94) Visited cards 836096 Total dirty 46661632 (1.79%) Total old 448593920 (0.19%)
[2025-10-13T17:38:36.181-0700][1207][info ][gc,mmu      ] GC(94) MMU target violated: 201.0ms (200.0ms/201.0ms)
[2025-10-13T17:38:36.181-0700][1207][info ][gc,phases   ] GC(94)   Pre Evacuate Collection Set: 0.9ms
[2025-10-13T17:38:36.181-0700][1207][info ][gc,phases   ] GC(94)   Merge Heap Roots: 12.7ms
[2025-10-13T17:38:36.181-0700][1207][info ][gc,phases   ] GC(94)   Evacuate Collection Set: 184.6ms
[2025-10-13T17:38:36.181-0700][1207][info ][gc,phases   ] GC(94)   Merge Optional Heap Roots: 1.0ms
[2025-10-13T17:38:36.181-0700][1207][info ][gc,phases   ] GC(94)   Evacuate Optional Collection Set: 6.4ms
[2025-10-13T17:38:36.181-0700][1207][info ][gc,phases   ] GC(94)   Post Evacuate Collection Set: 17.2ms
[2025-10-13T17:38:36.181-0700][1207][info ][gc,phases   ] GC(94)   Other: 0.2ms
[2025-10-13T17:38:36.181-0700][1207][debug][gc,remset   ] GC(94) Coarsening (recent): Inline->AoC 41307 (0) AoC->Howl 323 (0) Howl->Full 0 (0) Inline->AoC 1546 (0) AoC->BitMap 177 (0) BitMap->Full 0 (0) 
[2025-10-13T17:38:36.181-0700][1207][debug][gc,remset   ] GC(94) Coarsening (all): Inline->AoC 1617888 (26) AoC->Howl 62792 (40) Howl->Full 0 (0) Inline->AoC 297634 (7) AoC->BitMap 76464 (18) BitMap->Full 6 (0) 
[2025-10-13T17:38:36.181-0700][1207][info ][gc,heap     ] GC(94) Eden regions: 2555->0(2847)
[2025-10-13T17:38:36.181-0700][1207][info ][gc,heap     ] GC(94) Survivor regions: 250->229(351)
[2025-10-13T17:38:36.181-0700][1207][info ][gc,heap     ] GC(94) Old regions: 853->848
[2025-10-13T17:38:36.181-0700][1207][info ][gc,heap     ] GC(94) Humongous regions: 27->0
[2025-10-13T17:38:36.181-0700][1207][info ][gc,metaspace] GC(94) Metaspace: 309320K(314432K)->309320K(314432K) NonClass: 272707K(275456K)->272707K(275456K) Class: 36612K(38976K)->36612K(38976K)
[2025-10-13T17:38:36.181-0700][1207][info ][gc          ] GC(94) Pause Young (Mixed) (G1 Evacuation Pause) 117897M->34438M(184320M) 223.185ms
[2025-10-13T17:38:36.183-0700][1207][info ][gc,cpu      ] GC(94) User=18.58s Sys=0.39s Real=0.23s
[2025-10-13T17:38:36.184-0700][1207][info ][safepoint   ] Safepoint "G1CollectForAllocation", Time since last: 84358016 ns, Reaching safepoint: 1586961 ns, Cleanup: 12630 ns, At safepoint: 227722271 ns, Total: 229321862 ns
[2025-10-13T17:38:37.203-0700][1207][info ][safepoint   ] Safepoint "Cleanup", Time since last: 1000112495 ns, Reaching safepoint: 15803632 ns, Cleanup: 65829 ns, At safepoint: 2933659 ns, Total: 18803120 ns
[2025-10-13T17:38:38.206-0700][1207][info ][safepoint   ] Safepoint "Cleanup", Time since last: 1000128179 ns, Reaching safepoint: 1915408 ns, Cleanup: 34442 ns, At safepoint: 1072222 ns, Total: 3022072 ns
[2025-10-13T17:38:39.208-0700][1207][info ][safepoint   ] Safepoint "Cleanup", Time since last: 1000161920 ns, Reaching safepoint: 802594 ns, Cleanup: 28153 ns, At safepoint: 693709 ns, Total: 1524456 ns
[2025-10-13T17:38:40.209-0700][1207][info ][safepoint   ] Safepoint "Cleanup", Time since last: 1000118625 ns, Reaching safepoint: 803806 ns, Cleanup: 20461 ns, At safepoint: 713289 ns, Total: 1537556 ns
[2025-10-13T17:38:41.211-0700][1207][info ][safepoint   ] Safepoint "Cleanup", Time since last: 1000111934 ns, Reaching safepoint: 854093 ns, Cleanup: 37296 ns, At safepoint: 1042888 ns, Total: 1934277 ns
[2025-10-13T17:38:42.213-0700][1207][info ][safepoint   ] Safepoint "Cleanup", Time since last: 1000121438 ns, Reaching safepoint: 884749 ns, Cleanup: 30536 ns, At safepoint: 852280 ns, Total: 1767565 ns
[2025-10-13T17:38:43.215-0700][1207][info ][safepoint   ] Safepoint "Cleanup", Time since last: 1000119105 ns, Reaching safepoint: 863887 ns, Cleanup: 21613 ns, At safepoint: 903947 ns, Total: 1789447 ns
[2025-10-13T17:38:44.218-0700][1207][info ][safepoint   ] Safepoint "Cleanup", Time since last: 1000120217 ns, Reaching safepoint: 1021395 ns, Cleanup: 17707 ns, At safepoint: 1108938 ns, Total: 2148040 ns
[2025-10-13T17:38:44.644-0700][1207][info ][gc,start    ] GC(95) Pause Young (Mixed) (G1 Evacuation Pause)
[2025-10-13T17:38:44.644-0700][1207][info ][gc,task     ] GC(95) Using 113 workers of 113 for evacuation
[2025-10-13T17:38:44.658-0700][1207][debug][gc,remset   ] GC(95) Visited cards 10436608 Total dirty 53477376 (19.52%) Total old 466747392 (2.24%)
[2025-10-13T17:38:44.838-0700][1207][info ][gc,phases   ] GC(95)   Pre Evacuate Collection Set: 1.5ms
[2025-10-13T17:38:44.838-0700][1207][info ][gc,phases   ] GC(95)   Merge Heap Roots: 12.7ms
[2025-10-13T17:38:44.838-0700][1207][info ][gc,phases   ] GC(95)   Evacuate Collection Set: 163.6ms
[2025-10-13T17:38:44.838-0700][1207][info ][gc,phases   ] GC(95)   Post Evacuate Collection Set: 15.7ms
[2025-10-13T17:38:44.838-0700][1207][info ][gc,phases   ] GC(95)   Other: 0.2ms
[2025-10-13T17:38:44.838-0700][1207][debug][gc,remset   ] GC(95) Coarsening (recent): Inline->AoC 45484 (0) AoC->Howl 310 (1) Howl->Full 0 (0) Inline->AoC 1320 (0) AoC->BitMap 218 (0) BitMap->Full 0 (0) 
[2025-10-13T17:38:44.838-0700][1207][debug][gc,remset   ] GC(95) Coarsening (all): Inline->AoC 1663372 (26) AoC->Howl 63102 (41) Howl->Full 0 (0) Inline->AoC 298954 (7) AoC->BitMap 76682 (18) BitMap->Full 6 (0) 
[2025-10-13T17:38:44.838-0700][1207][info ][gc,heap     ] GC(95) Eden regions: 2875->0(2902)
[2025-10-13T17:38:44.838-0700][1207][info ][gc,heap     ] GC(95) Survivor regions: 229->220(388)
[2025-10-13T17:38:44.838-0700][1207][info ][gc,heap     ] GC(95) Old regions: 848->852
[2025-10-13T17:38:44.838-0700][1207][info ][gc,heap     ] GC(95) Humongous regions: 20->0
[2025-10-13T17:38:44.838-0700][1207][info ][gc,metaspace] GC(95) Metaspace: 309479K(314560K)->309479K(314560K) NonClass: 272851K(275584K)->272851K(275584K) Class: 36628K(38976K)->36628K(38976K)
[2025-10-13T17:38:44.838-0700][1207][info ][gc          ] GC(95) Pause Young (Mixed) (G1 Evacuation Pause) 127078M->34279M(184320M) 193.846ms
[2025-10-13T17:38:44.839-0700][1207][info ][gc,cpu      ] GC(95) User=18.29s Sys=0.18s Real=0.19s
[2025-10-13T17:38:44.841-0700][1207][info ][safepoint   ] Safepoint "G1CollectForAllocation", Time since last: 423781726 ns, Reaching safepoint: 863757 ns, Cleanup: 12119 ns, At safepoint: 198467959 ns, Total: 199343835 ns
[2025-10-13T17:38:45.856-0700][1207][info ][safepoint   ] Safepoint "Cleanup", Time since last: 1000090611 ns, Reaching safepoint: 13385393 ns, Cleanup: 14762 ns, At safepoint: 1854246 ns, Total: 15254401 ns
[2025-10-13T17:38:46.859-0700][1207][info ][safepoint   ] Safepoint "Cleanup", Time since last: 1000111593 ns, Reaching safepoint: 1594223 ns, Cleanup: 14241 ns, At safepoint: 916287 ns, Total: 2524751 ns
[2025-10-13T17:38:47.861-0700][1207][info ][safepoint   ] Safepoint "Cleanup", Time since last: 1000104753 ns, Reaching safepoint: 831227 ns, Cleanup: 26080 ns, At safepoint: 998561 ns, Total: 1855868 ns
[2025-10-13T17:38:48.863-0700][1207][info ][safepoint   ] Safepoint "Cleanup", Time since last: 1000124613 ns, Reaching safepoint: 840031 ns, Cleanup: 12749 ns, At safepoint: 989998 ns, Total: 1842778 ns
[2025-10-13T17:38:50.864-0700][1207][info ][safepoint   ] Safepoint "Cleanup", Time since last: 2000173193 ns, Reaching safepoint: 802975 ns, Cleanup: 19139 ns, At safepoint: 427096 ns, Total: 1249210 ns
[2025-10-13T17:38:52.078-0700][1207][info ][safepoint   ] Safepoint "Cleanup", Time since last: 1212653176 ns, Reaching safepoint: 828764 ns, Cleanup: 13150 ns, At safepoint: 215116 ns, Total: 1057030 ns
[2025-10-13T17:38:53.079-0700][1207][info ][safepoint   ] Safepoint "Cleanup", Time since last: 1000099445 ns, Reaching safepoint: 802083 ns, Cleanup: 61964 ns, At safepoint: 239653 ns, Total: 1103700 ns
[2025-10-13T17:38:54.080-0700][1207][info ][safepoint   ] Safepoint "Cleanup", Time since last: 1000103111 ns, Reaching safepoint: 799289 ns, Cleanup: 19359 ns, At safepoint: 381668 ns, Total: 1200316 ns
[2025-10-13T17:38:55.082-0700][1207][info ][safepoint   ] Safepoint "Cleanup", Time since last: 1000102710 ns, Reaching safepoint: 863687 ns, Cleanup: 29474 ns, At safepoint: 733981 ns, Total: 1627142 ns
[2025-10-13T17:38:55.798-0700][1207][info ][gc,start    ] GC(96) Pause Young (Mixed) (G1 Evacuation Pause)
[2025-10-13T17:38:55.798-0700][1207][info ][gc,task     ] GC(96) Using 113 workers of 113 for evacuation
[2025-10-13T17:38:55.812-0700][1207][debug][gc,remset   ] GC(96) Visited cards 11542528 Total dirty 54198272 (21.30%) Total old 474218496 (2.43%)
[2025-10-13T17:38:55.996-0700][1207][info ][gc,phases   ] GC(96)   Pre Evacuate Collection Set: 0.8ms
[2025-10-13T17:38:55.996-0700][1207][info ][gc,phases   ] GC(96)   Merge Heap Roots: 13.3ms
[2025-10-13T17:38:55.996-0700][1207][info ][gc,phases   ] GC(96)   Evacuate Collection Set: 168.0ms
[2025-10-13T17:38:55.996-0700][1207][info ][gc,phases   ] GC(96)   Post Evacuate Collection Set: 16.0ms
[2025-10-13T17:38:55.996-0700][1207][info ][gc,phases   ] GC(96)   Other: 0.2ms
[2025-10-13T17:38:55.996-0700][1207][debug][gc,remset   ] GC(96) Coarsening (recent): Inline->AoC 42383 (0) AoC->Howl 313 (0) Howl->Full 0 (0) Inline->AoC 1181 (0) AoC->BitMap 211 (0) BitMap->Full 0 (0) 
[2025-10-13T17:38:55.996-0700][1207][debug][gc,remset   ] GC(96) Coarsening (all): Inline->AoC 1705755 (26) AoC->Howl 63415 (41) Howl->Full 0 (0) Inline->AoC 300135 (7) AoC->BitMap 76893 (18) BitMap->Full 6 (0) 
[2025-10-13T17:38:55.996-0700][1207][info ][gc,heap     ] GC(96) Eden regions: 2936->0(2461)
[2025-10-13T17:38:55.996-0700][1207][info ][gc,heap     ] GC(96) Survivor regions: 220->233(395)
[2025-10-13T17:38:55.996-0700][1207][info ][gc,heap     ] GC(96) Old regions: 852->850
[2025-10-13T17:38:55.996-0700][1207][info ][gc,heap     ] GC(96) Humongous regions: 26->1
[2025-10-13T17:38:55.996-0700][1207][info ][gc,metaspace] GC(96) Metaspace: 309614K(314816K)->309614K(314816K) NonClass: 272972K(275776K)->272972K(275776K) Class: 36641K(39040K)->36641K(39040K)
[2025-10-13T17:38:55.996-0700][1207][info ][gc          ] GC(96) Pause Young (Mixed) (G1 Evacuation Pause) 129063M->34672M(184320M) 198.383ms
[2025-10-13T17:38:55.998-0700][1207][info ][gc,cpu      ] GC(96) User=18.06s Sys=0.21s Real=0.20s
[2025-10-13T17:38:55.999-0700][1207][info ][safepoint   ] Safepoint "G1CollectForAllocation", Time since last: 713062408 ns, Reaching safepoint: 875264 ns, Cleanup: 18268 ns, At safepoint: 203087699 ns, Total: 203981231 ns
[2025-10-13T17:38:57.000-0700][1207][info ][safepoint   ] Safepoint "Cleanup", Time since last: 1000090471 ns, Reaching safepoint: 881774 ns, Cleanup: 33401 ns, At safepoint: 331522 ns, Total: 1246697 ns
[2025-10-13T17:38:58.002-0700][1207][info ][safepoint   ] Safepoint "Cleanup", Time since last: 1000119796 ns, Reaching safepoint: 857808 ns, Cleanup: 37907 ns, At safepoint: 666599 ns, Total: 1562314 ns
[2025-10-13T17:38:59.004-0700][1207][info ][safepoint   ] Safepoint "Cleanup", Time since last: 1000118143 ns, Reaching safepoint: 886812 ns, Cleanup: 17707 ns, At safepoint: 705657 ns, Total: 1610176 ns
[2025-10-13T17:39:00.006-0700][1207][info ][safepoint   ] Safepoint "Cleanup", Time since last: 1000149471 ns, Reaching safepoint: 1632030 ns, Cleanup: 20120 ns, At safepoint: 671836 ns, Total: 2323986 ns
[2025-10-13T17:39:01.009-0700][1207][info ][safepoint   ] Safepoint "Cleanup", Time since last: 1000111644 ns, Reaching safepoint: 1429864 ns, Cleanup: 30946 ns, At safepoint: 923307 ns, Total: 2384117 ns
[2025-10-13T17:39:02.011-0700][1207][info ][safepoint   ] Safepoint "Cleanup", Time since last: 1000113677 ns, Reaching safepoint: 941044 ns, Cleanup: 14993 ns, At safepoint: 1196640 ns, Total: 2152677 ns
[2025-10-13T17:39:03.028-0700][1207][info ][safepoint   ] Safepoint "Cleanup", Time since last: 1000110733 ns, Reaching safepoint: 14466949 ns, Cleanup: 18818 ns, At safepoint: 2225067 ns, Total: 16710834 ns
[2025-10-13T17:39:04.060-0700][1207][info ][gc,start    ] GC(97) Pause Young (Mixed) (G1 Evacuation Pause)
[2025-10-13T17:39:04.060-0700][1207][info ][gc,task     ] GC(97) Using 113 workers of 113 for evacuation
[2025-10-13T17:39:04.074-0700][1207][debug][gc,remset   ] GC(97) Visited cards 11740160 Total dirty 53542912 (21.93%) Total old 434307072 (2.70%)
[2025-10-13T17:39:04.239-0700][1207][info ][gc,phases   ] GC(97)   Pre Evacuate Collection Set: 0.8ms
[2025-10-13T17:39:04.239-0700][1207][info ][gc,phases   ] GC(97)   Merge Heap Roots: 12.7ms
[2025-10-13T17:39:04.239-0700][1207][info ][gc,phases   ] GC(97)   Evacuate Collection Set: 148.4ms
[2025-10-13T17:39:04.239-0700][1207][info ][gc,phases   ] GC(97)   Post Evacuate Collection Set: 16.8ms
[2025-10-13T17:39:04.239-0700][1207][info ][gc,phases   ] GC(97)   Other: 0.2ms
[2025-10-13T17:39:04.239-0700][1207][debug][gc,remset   ] GC(97) Coarsening (recent): Inline->AoC 46064 (0) AoC->Howl 278 (0) Howl->Full 0 (0) Inline->AoC 1143 (0) AoC->BitMap 180 (0) BitMap->Full 0 (0) 
[2025-10-13T17:39:04.239-0700][1207][debug][gc,remset   ] GC(97) Coarsening (all): Inline->AoC 1751819 (26) AoC->Howl 63693 (41) Howl->Full 0 (0) Inline->AoC 301278 (7) AoC->BitMap 77073 (18) BitMap->Full 6 (0) 
[2025-10-13T17:39:04.239-0700][1207][info ][gc,heap     ] GC(97) Eden regions: 2622->0(3093)
[2025-10-13T17:39:04.239-0700][1207][info ][gc,heap     ] GC(97) Survivor regions: 233->211(357)
[2025-10-13T17:39:04.239-0700][1207][info ][gc,heap     ] GC(97) Old regions: 850->852
[2025-10-13T17:39:04.239-0700][1207][info ][gc,heap     ] GC(97) Humongous regions: 21->1
[2025-10-13T17:39:04.239-0700][1207][info ][gc,metaspace] GC(97) Metaspace: 309697K(314880K)->309697K(314880K) NonClass: 273051K(275840K)->273051K(275840K) Class: 36645K(39040K)->36645K(39040K)
[2025-10-13T17:39:04.239-0700][1207][info ][gc          ] GC(97) Pause Young (Mixed) (G1 Evacuation Pause) 119216M->34029M(184320M) 179.030ms
[2025-10-13T17:39:04.241-0700][1207][info ][gc,cpu      ] GC(97) User=15.99s Sys=0.46s Real=0.18s
[2025-10-13T17:39:04.242-0700][1207][info ][safepoint   ] Safepoint "G1CollectForAllocation", Time since last: 993050510 ns, Reaching safepoint: 37771830 ns, Cleanup: 14862 ns, At safepoint: 183686975 ns, Total: 221473667 ns
[2025-10-13T17:39:05.264-0700][1207][info ][safepoint   ] Safepoint "Cleanup", Time since last: 1000094448 ns, Reaching safepoint: 19866018 ns, Cleanup: 28873 ns, At safepoint: 1643547 ns, Total: 21538438 ns
[2025-10-13T17:39:06.266-0700][1207][info ][safepoint   ] Safepoint "Cleanup", Time since last: 1000107878 ns, Reaching safepoint: 887954 ns, Cleanup: 27842 ns, At safepoint: 820361 ns, Total: 1736157 ns
[2025-10-13T17:39:07.268-0700][1207][info ][safepoint   ] Safepoint "Cleanup", Time since last: 1000113566 ns, Reaching safepoint: 822705 ns, Cleanup: 16976 ns, At safepoint: 1030419 ns, Total: 1870100 ns
[2025-10-13T17:39:08.282-0700][1207][info ][safepoint   ] Safepoint "Cleanup", Time since last: 1000113977 ns, Reaching safepoint: 11327329 ns, Cleanup: 10616 ns, At safepoint: 2568226 ns, Total: 13906171 ns
[2025-10-13T17:39:09.284-0700][1207][info ][safepoint   ] Safepoint "Cleanup", Time since last: 1000127107 ns, Reaching safepoint: 930157 ns, Cleanup: 23366 ns, At safepoint: 979872 ns, Total: 1933395 ns
[2025-10-13T17:39:10.287-0700][1207][info ][safepoint   ] Safepoint "Cleanup", Time since last: 1000154879 ns, Reaching safepoint: 1187837 ns, Cleanup: 21203 ns, At safepoint: 1342841 ns, Total: 2551881 ns
[2025-10-13T17:39:11.288-0700][1207][info ][safepoint   ] Safepoint "Cleanup", Time since last: 1000184745 ns, Reaching safepoint: 785618 ns, Cleanup: 33852 ns, At safepoint: 361396 ns, Total: 1180866 ns
[2025-10-13T17:39:12.290-0700][1207][info ][safepoint   ] Safepoint "Cleanup", Time since last: 1000112265 ns, Reaching safepoint: 725878 ns, Cleanup: 29064 ns, At safepoint: 775844 ns, Total: 1530786 ns
[2025-10-13T17:39:13.292-0700][1207][info ][safepoint   ] Safepoint "Cleanup", Time since last: 1000124043 ns, Reaching safepoint: 975996 ns, Cleanup: 53782 ns, At safepoint: 966632 ns, Total: 1996410 ns
[2025-10-13T17:39:13.349-0700][1207][info ][gc,start    ] GC(98) Pause Young (Mixed) (G1 Evacuation Pause)
[2025-10-13T17:39:13.349-0700][1207][info ][gc,task     ] GC(98) Using 113 workers of 113 for evacuation
[2025-10-13T17:39:13.362-0700][1207][debug][gc,remset   ] GC(98) Visited cards 11410688 Total dirty 54919168 (20.78%) Total old 499056640 (2.29%)
[2025-10-13T17:39:13.529-0700][1207][info ][gc,phases   ] GC(98)   Pre Evacuate Collection Set: 0.7ms
[2025-10-13T17:39:13.529-0700][1207][info ][gc,phases   ] GC(98)   Merge Heap Roots: 12.3ms
[2025-10-13T17:39:13.529-0700][1207][info ][gc,phases   ] GC(98)   Evacuate Collection Set: 149.3ms
[2025-10-13T17:39:13.529-0700][1207][info ][gc,phases   ] GC(98)   Post Evacuate Collection Set: 17.3ms
[2025-10-13T17:39:13.529-0700][1207][info ][gc,phases   ] GC(98)   Other: 0.2ms
[2025-10-13T17:39:13.529-0700][1207][debug][gc,remset   ] GC(98) Coarsening (recent): Inline->AoC 47418 (0) AoC->Howl 240 (0) Howl->Full 0 (0) Inline->AoC 904 (0) AoC->BitMap 152 (0) BitMap->Full 0 (0) 
[2025-10-13T17:39:13.529-0700][1207][debug][gc,remset   ] GC(98) Coarsening (all): Inline->AoC 1799237 (26) AoC->Howl 63933 (41) Howl->Full 0 (0) Inline->AoC 302182 (7) AoC->BitMap 77225 (18) BitMap->Full 6 (0) 
[2025-10-13T17:39:13.529-0700][1207][info ][gc,heap     ] GC(98) Eden regions: 3150->0(2356)
[2025-10-13T17:39:13.529-0700][1207][info ][gc,heap     ] GC(98) Survivor regions: 211->239(421)
[2025-10-13T17:39:13.529-0700][1207][info ][gc,heap     ] GC(98) Old regions: 852->837
[2025-10-13T17:39:13.529-0700][1207][info ][gc,heap     ] GC(98) Humongous regions: 17->0
[2025-10-13T17:39:13.529-0700][1207][info ][gc,metaspace] GC(98) Metaspace: 310014K(315328K)->310014K(315328K) NonClass: 273330K(276160K)->273330K(276160K) Class: 36683K(39168K)->36683K(39168K)
[2025-10-13T17:39:13.529-0700][1207][info ][gc          ] GC(98) Pause Young (Mixed) (G1 Evacuation Pause) 135341M->34385M(184320M) 180.046ms
[2025-10-13T17:39:13.531-0700][1207][info ][gc,cpu      ] GC(98) User=15.76s Sys=0.33s Real=0.19s
[2025-10-13T17:39:13.532-0700][1207][info ][safepoint   ] Safepoint "G1CollectForAllocation", Time since last: 54724620 ns, Reaching safepoint: 980424 ns, Cleanup: 5698 ns, At safepoint: 184619546 ns, Total: 185605668 ns
[2025-10-13T17:39:13.616-0700][1207][info ][gc,start    ] GC(99) Pause Young (Concurrent Start) (G1 Humongous Allocation)
[2025-10-13T17:39:13.616-0700][1207][info ][gc,task     ] GC(99) Using 113 workers of 113 for evacuation
[2025-10-13T17:39:13.626-0700][1207][debug][gc,remset   ] GC(99) Visited cards 9397504 Total dirty 54001664 (17.40%) Total old 97320960 (9.66%)
[2025-10-13T17:39:13.782-0700][1207][info ][gc,phases   ] GC(99)   Pre Evacuate Collection Set: 1.0ms
[2025-10-13T17:39:13.782-0700][1207][info ][gc,phases   ] GC(99)   Merge Heap Roots: 8.7ms
[2025-10-13T17:39:13.782-0700][1207][info ][gc,phases   ] GC(99)   Evacuate Collection Set: 146.1ms
[2025-10-13T17:39:13.782-0700][1207][info ][gc,phases   ] GC(99)   Post Evacuate Collection Set: 9.8ms
[2025-10-13T17:39:13.782-0700][1207][info ][gc,phases   ] GC(99)   Other: 0.2ms
[2025-10-13T17:39:13.782-0700][1207][debug][gc,remset   ] GC(99) Coarsening (recent): Inline->AoC 0 (0) AoC->Howl 0 (0) Howl->Full 0 (0) Inline->AoC 0 (0) AoC->BitMap 0 (0) BitMap->Full 0 (0) 
[2025-10-13T17:39:13.782-0700][1207][debug][gc,remset   ] GC(99) Coarsening (all): Inline->AoC 1799237 (26) AoC->Howl 63933 (41) Howl->Full 0 (0) Inline->AoC 302182 (7) AoC->BitMap 77225 (18) BitMap->Full 6 (0) 
[2025-10-13T17:39:13.782-0700][1207][info ][gc,heap     ] GC(99) Eden regions: 85->0(1380)
[2025-10-13T17:39:13.782-0700][1207][info ][gc,heap     ] GC(99) Survivor regions: 239->215(405)
[2025-10-13T17:39:13.782-0700][1207][info ][gc,heap     ] GC(99) Old regions: 837->866
[2025-10-13T17:39:13.782-0700][1207][info ][gc,heap     ] GC(99) Humongous regions: 0->0
[2025-10-13T17:39:13.782-0700][1207][info ][gc,metaspace] GC(99) Metaspace: 310092K(315456K)->310092K(315456K) NonClass: 273399K(276224K)->273399K(276224K) Class: 36693K(39232K)->36693K(39232K)
[2025-10-13T17:39:13.782-0700][1207][info ][gc          ] GC(99) Pause Young (Concurrent Start) (G1 Humongous Allocation) 37105M->34567M(184320M) 165.902ms
[2025-10-13T17:39:13.782-0700][1090][info ][gc          ] GC(100) Concurrent Mark Cycle
[2025-10-13T17:39:13.782-0700][1090][info ][gc,marking  ] GC(100) Concurrent Scan Root Regions
[2025-10-13T17:39:13.784-0700][1207][info ][gc,cpu      ] GC(99) User=13.10s Sys=0.03s Real=0.17s
[2025-10-13T17:39:13.786-0700][1207][info ][safepoint   ] Safepoint "G1TryInitiateConcMark", Time since last: 81444849 ns, Reaching safepoint: 968626 ns, Cleanup: 14492 ns, At safepoint: 171724505 ns, Total: 172707623 ns
[2025-10-13T17:39:13.898-0700][1090][info ][gc,marking  ] GC(100) Concurrent Scan Root Regions 115.668ms
[2025-10-13T17:39:13.898-0700][1090][info ][gc,marking  ] GC(100) Concurrent Mark
[2025-10-13T17:39:13.898-0700][1090][info ][gc,marking  ] GC(100) Concurrent Mark From Roots
[2025-10-13T17:39:13.898-0700][1090][info ][gc,task     ] GC(100) Using 36 workers of 36 for marking
[2025-10-13T17:39:14.064-0700][1090][info ][gc,marking  ] GC(100) Concurrent Mark From Roots 165.375ms
[2025-10-13T17:39:14.064-0700][1090][info ][gc,marking  ] GC(100) Concurrent Preclean
[2025-10-13T17:39:14.084-0700][1090][info ][gc,marking  ] GC(100) Concurrent Preclean 20.165ms
[2025-10-13T17:39:14.101-0700][1207][info ][gc,start    ] GC(100) Pause Remark
[2025-10-13T17:39:14.705-0700][1207][info ][gc,mmu      ] GC(100) MMU target violated: 201.0ms (200.0ms/201.0ms)
[2025-10-13T17:39:14.705-0700][1207][info ][gc          ] GC(100) Pause Remark 39584M->39424M(184320M) 603.559ms
[2025-10-13T17:39:14.706-0700][1207][info ][gc,cpu      ] GC(100) User=14.48s Sys=0.12s Real=0.60s
[2025-10-13T17:39:14.708-0700][1207][info ][safepoint   ] Safepoint "G1PauseRemark", Time since last: 297662614 ns, Reaching safepoint: 15600894 ns, Cleanup: 38178 ns, At safepoint: 608698362 ns, Total: 624337434 ns
[2025-10-13T17:39:14.709-0700][1090][info ][gc,marking  ] GC(100) Concurrent Mark 810.570ms
[2025-10-13T17:39:14.709-0700][1090][info ][gc,marking  ] GC(100) Concurrent Rebuild Remembered Sets and Scrub Regions
[2025-10-13T17:39:15.069-0700][1090][info ][gc,marking  ] GC(100) Concurrent Rebuild Remembered Sets and Scrub Regions 360.420ms
[2025-10-13T17:39:15.072-0700][1207][info ][gc,start    ] GC(100) Pause Cleanup
[2025-10-13T17:39:15.074-0700][1207][info ][gc          ] GC(100) Pause Cleanup 46127M->46127M(184320M) 1.978ms
[2025-10-13T17:39:15.075-0700][1207][info ][gc,cpu      ] GC(100) User=0.02s Sys=0.00s Real=0.00s
[2025-10-13T17:39:15.077-0700][1207][info ][safepoint   ] Safepoint "G1PauseCleanup", Time since last: 361115440 ns, Reaching safepoint: 861063 ns, Cleanup: 204229 ns, At safepoint: 6117316 ns, Total: 7182608 ns
[2025-10-13T17:39:15.077-0700][1090][info ][gc,marking  ] GC(100) Concurrent Clear Claimed Marks
[2025-10-13T17:39:15.078-0700][1090][info ][gc,marking  ] GC(100) Concurrent Clear Claimed Marks 0.998ms
[2025-10-13T17:39:15.078-0700][1090][info ][gc,marking  ] GC(100) Concurrent Cleanup for Next Mark
[2025-10-13T17:39:15.107-0700][1090][info ][gc,marking  ] GC(100) Concurrent Cleanup for Next Mark 29.301ms
[2025-10-13T17:39:15.107-0700][1090][info ][gc          ] GC(100) Concurrent Mark Cycle 1324.563ms
[2025-10-13T17:39:16.078-0700][1207][info ][safepoint   ] Safepoint "Cleanup", Time since last: 1000112034 ns, Reaching safepoint: 798488 ns, Cleanup: 125460 ns, At safepoint: 321516 ns, Total: 1245464 ns
[2025-10-13T17:39:17.080-0700][1207][info ][safepoint   ] Safepoint "Cleanup", Time since last: 1000118834 ns, Reaching safepoint: 1279388 ns, Cleanup: 32449 ns, At safepoint: 401295 ns, Total: 1713132 ns
[2025-10-13T17:39:17.621-0700][1207][info ][gc,start    ] GC(101) Pause Young (Prepare Mixed) (G1 Evacuation Pause)
[2025-10-13T17:39:17.621-0700][1207][info ][gc,task     ] GC(101) Using 113 workers of 113 for evacuation
[2025-10-13T17:39:17.636-0700][1207][debug][gc,remset   ] GC(101) Visited cards 9686272 Total dirty 55771136 (17.37%) Total old 239206400 (4.05%)
[2025-10-13T17:39:17.769-0700][1207][info ][gc,phases   ] GC(101)   Pre Evacuate Collection Set: 0.7ms
[2025-10-13T17:39:17.769-0700][1207][info ][gc,phases   ] GC(101)   Merge Heap Roots: 13.5ms
[2025-10-13T17:39:17.769-0700][1207][info ][gc,phases   ] GC(101)   Evacuate Collection Set: 119.4ms
[2025-10-13T17:39:17.769-0700][1207][info ][gc,phases   ] GC(101)   Post Evacuate Collection Set: 14.0ms
[2025-10-13T17:39:17.769-0700][1207][info ][gc,phases   ] GC(101)   Other: 0.1ms
[2025-10-13T17:39:17.769-0700][1207][debug][gc,remset   ] GC(101) Coarsening (recent): Inline->AoC 123242 (6) AoC->Howl 6074 (16) Howl->Full 0 (0) Inline->AoC 27166 (5) AoC->BitMap 7050 (7) BitMap->Full 0 (0) 
[2025-10-13T17:39:17.769-0700][1207][debug][gc,remset   ] GC(101) Coarsening (all): Inline->AoC 1922479 (32) AoC->Howl 70007 (57) Howl->Full 0 (0) Inline->AoC 329348 (12) AoC->BitMap 84275 (25) BitMap->Full 6 (0) 
[2025-10-13T17:39:17.769-0700][1207][info ][gc,heap     ] GC(101) Eden regions: 1172->0(3114)
[2025-10-13T17:39:17.769-0700][1207][info ][gc,heap     ] GC(101) Survivor regions: 215->114(174)
[2025-10-13T17:39:17.769-0700][1207][info ][gc,heap     ] GC(101) Old regions: 861->959
[2025-10-13T17:39:17.769-0700][1207][info ][gc,heap     ] GC(101) Humongous regions: 15->0
[2025-10-13T17:39:17.769-0700][1207][info ][gc,metaspace] GC(101) Metaspace: 310004K(315712K)->310004K(315712K) NonClass: 273330K(276416K)->273330K(276416K) Class: 36674K(39296K)->36674K(39296K)
[2025-10-13T17:39:17.769-0700][1207][info ][gc          ] GC(101) Pause Young (Prepare Mixed) (G1 Evacuation Pause) 72391M->34318M(184320M) 147.905ms
[2025-10-13T17:39:17.771-0700][1207][info ][gc,cpu      ] GC(101) User=14.15s Sys=0.05s Real=0.15s
[2025-10-13T17:39:17.772-0700][1207][info ][safepoint   ] Safepoint "G1CollectForAllocation", Time since last: 531747102 ns, Reaching safepoint: 8152337 ns, Cleanup: 41723 ns, At safepoint: 152546302 ns, Total: 160740362 ns
[2025-10-13T17:39:18.774-0700][1207][info ][safepoint   ] Safepoint "Cleanup", Time since last: 1000111295 ns, Reaching safepoint: 1158126 ns, Cleanup: 14001 ns, At safepoint: 747777 ns, Total: 1919904 ns
[2025-10-13T17:39:19.775-0700][1207][info ][safepoint   ] Safepoint "Cleanup", Time since last: 1000116813 ns, Reaching safepoint: 755098 ns, Cleanup: 19359 ns, At safepoint: 365691 ns, Total: 1140148 ns
[2025-10-13T17:39:20.777-0700][1207][info ][safepoint   ] Safepoint "Cleanup", Time since last: 1000109512 ns, Reaching safepoint: 788038 ns, Cleanup: 20181 ns, At safepoint: 677481 ns, Total: 1485700 ns
[2025-10-13T17:39:23.779-0700][1207][info ][safepoint   ] Safepoint "Cleanup", Time since last: 3000220643 ns, Reaching safepoint: 862560 ns, Cleanup: 29645 ns, At safepoint: 641156 ns, Total: 1533361 ns
[2025-10-13T17:39:24.781-0700][1207][info ][safepoint   ] Safepoint "Cleanup", Time since last: 1000113318 ns, Reaching safepoint: 853246 ns, Cleanup: 14262 ns, At safepoint: 753956 ns, Total: 1621464 ns
[2025-10-13T17:39:25.782-0700][1207][info ][safepoint   ] Safepoint "Cleanup", Time since last: 1000084524 ns, Reaching safepoint: 811534 ns, Cleanup: 12769 ns, At safepoint: 969411 ns, Total: 1793714 ns
[2025-10-13T17:39:26.784-0700][1207][info ][safepoint   ] Safepoint "Cleanup", Time since last: 1000107369 ns, Reaching safepoint: 691031 ns, Cleanup: 12089 ns, At safepoint: 825764 ns, Total: 1528884 ns
[2025-10-13T17:39:27.786-0700][1207][info ][safepoint   ] Safepoint "Cleanup", Time since last: 1000135622 ns, Reaching safepoint: 747386 ns, Cleanup: 20881 ns, At safepoint: 704532 ns, Total: 1472799 ns
[2025-10-13T17:39:28.809-0700][1207][info ][safepoint   ] Safepoint "Cleanup", Time since last: 1000111836 ns, Reaching safepoint: 20792608 ns, Cleanup: 49805 ns, At safepoint: 1974336 ns, Total: 22816749 ns
[2025-10-13T17:39:29.811-0700][1207][info ][safepoint   ] Safepoint "Cleanup", Time since last: 1000120859 ns, Reaching safepoint: 826976 ns, Cleanup: 13020 ns, At safepoint: 950242 ns, Total: 1790238 ns
[2025-10-13T17:39:30.600-0700][1207][info ][gc,start    ] GC(102) Pause Young (Mixed) (G1 Evacuation Pause)
[2025-10-13T17:39:30.601-0700][1207][info ][gc,task     ] GC(102) Using 113 workers of 113 for evacuation
[2025-10-13T17:39:30.616-0700][1207][debug][gc,remset   ] GC(102) Visited cards 10713088 Total dirty 59506688 (18.00%) Total old 506920960 (2.11%)
[2025-10-13T17:39:30.733-0700][1207][info ][gc,phases   ] GC(102)   Pre Evacuate Collection Set: 0.8ms
[2025-10-13T17:39:30.734-0700][1207][info ][gc,phases   ] GC(102)   Merge Heap Roots: 14.7ms
[2025-10-13T17:39:30.734-0700][1207][info ][gc,phases   ] GC(102)   Evacuate Collection Set: 104.7ms
[2025-10-13T17:39:30.734-0700][1207][info ][gc,phases   ] GC(102)   Post Evacuate Collection Set: 12.5ms
[2025-10-13T17:39:30.734-0700][1207][info ][gc,phases   ] GC(102)   Other: 0.2ms
[2025-10-13T17:39:30.734-0700][1207][debug][gc,remset   ] GC(102) Coarsening (recent): Inline->AoC 23701 (40) AoC->Howl 742 (169) Howl->Full 0 (0) Inline->AoC 1810 (59) AoC->BitMap 632 (140) BitMap->Full 0 (0) 
[2025-10-13T17:39:30.734-0700][1207][debug][gc,remset   ] GC(102) Coarsening (all): Inline->AoC 1946180 (72) AoC->Howl 70749 (226) Howl->Full 0 (0) Inline->AoC 331158 (71) AoC->BitMap 84907 (165) BitMap->Full 6 (0) 
[2025-10-13T17:39:30.734-0700][1207][info ][gc,heap     ] GC(102) Eden regions: 3233->0(2652)
[2025-10-13T17:39:30.734-0700][1207][info ][gc,heap     ] GC(102) Survivor regions: 114->159(419)
[2025-10-13T17:39:30.734-0700][1207][info ][gc,heap     ] GC(102) Old regions: 959->927
[2025-10-13T17:39:30.734-0700][1207][info ][gc,heap     ] GC(102) Humongous regions: 36->0
[2025-10-13T17:39:30.734-0700][1207][info ][gc,metaspace] GC(102) Metaspace: 310092K(315712K)->310092K(315712K) NonClass: 273409K(276416K)->273409K(276416K) Class: 36683K(39296K)->36683K(39296K)
[2025-10-13T17:39:30.734-0700][1207][info ][gc          ] GC(102) Pause Young (Mixed) (G1 Evacuation Pause) 138926M->34727M(184320M) 133.133ms
[2025-10-13T17:39:30.735-0700][1207][info ][gc,cpu      ] GC(102) User=13.04s Sys=0.00s Real=0.13s
[2025-10-13T17:39:30.737-0700][1207][info ][safepoint   ] Safepoint "G1CollectForAllocation", Time since last: 787508327 ns, Reaching safepoint: 763060 ns, Cleanup: 16314 ns, At safepoint: 138023395 ns, Total: 138802769 ns
[2025-10-13T17:39:31.738-0700][1207][info ][safepoint   ] Safepoint "Cleanup", Time since last: 1000108771 ns, Reaching safepoint: 854337 ns, Cleanup: 18278 ns, At safepoint: 229926 ns, Total: 1102541 ns
[2025-10-13T17:39:33.739-0700][1207][info ][safepoint   ] Safepoint "Cleanup", Time since last: 2000162670 ns, Reaching safepoint: 739524 ns, Cleanup: 47492 ns, At safepoint: 173591 ns, Total: 960607 ns
[2025-10-13T17:39:34.740-0700][1207][info ][safepoint   ] Safepoint "Cleanup", Time since last: 1000112257 ns, Reaching safepoint: 826115 ns, Cleanup: 24036 ns, At safepoint: 347123 ns, Total: 1197274 ns
[2025-10-13T17:39:35.742-0700][1207][info ][safepoint   ] Safepoint "Cleanup", Time since last: 1000103293 ns, Reaching safepoint: 771382 ns, Cleanup: 12870 ns, At safepoint: 385290 ns, Total: 1169542 ns
[2025-10-13T17:39:36.764-0700][1207][info ][safepoint   ] Safepoint "Cleanup", Time since last: 1000107439 ns, Reaching safepoint: 19671709 ns, Cleanup: 19189 ns, At safepoint: 2344403 ns, Total: 22035301 ns
[2025-10-13T17:39:37.766-0700][1207][info ][safepoint   ] Safepoint "Cleanup", Time since last: 1000143524 ns, Reaching safepoint: 812454 ns, Cleanup: 15013 ns, At safepoint: 785303 ns, Total: 1612770 ns
[2025-10-13T17:39:38.768-0700][1207][info ][safepoint   ] Safepoint "Cleanup", Time since last: 1000122122 ns, Reaching safepoint: 803220 ns, Cleanup: 20311 ns, At safepoint: 1117614 ns, Total: 1941145 ns
[2025-10-13T17:39:39.770-0700][1207][info ][safepoint   ] Safepoint "Cleanup", Time since last: 1000127519 ns, Reaching safepoint: 1057544 ns, Cleanup: 32810 ns, At safepoint: 1022311 ns, Total: 2112665 ns
[2025-10-13T17:39:40.774-0700][1207][info ][safepoint   ] Safepoint "Cleanup", Time since last: 1000728234 ns, Reaching safepoint: 918585 ns, Cleanup: 109284 ns, At safepoint: 2317934 ns, Total: 3345803 ns
[2025-10-13T17:39:41.735-0700][1207][info ][gc,start    ] GC(103) Pause Young (Mixed) (G1 Evacuation Pause)
[2025-10-13T17:39:41.735-0700][1207][info ][gc,task     ] GC(103) Using 113 workers of 113 for evacuation
[2025-10-13T17:39:41.750-0700][1207][debug][gc,remset   ] GC(103) Visited cards 10444800 Total dirty 57999360 (18.01%) Total old 456785920 (2.29%)
[2025-10-13T17:39:41.894-0700][1207][info ][gc,phases   ] GC(103)   Pre Evacuate Collection Set: 0.8ms
[2025-10-13T17:39:41.894-0700][1207][info ][gc,phases   ] GC(103)   Merge Heap Roots: 14.3ms
[2025-10-13T17:39:41.894-0700][1207][info ][gc,phases   ] GC(103)   Evacuate Collection Set: 129.4ms
[2025-10-13T17:39:41.894-0700][1207][info ][gc,phases   ] GC(103)   Post Evacuate Collection Set: 13.9ms
[2025-10-13T17:39:41.894-0700][1207][info ][gc,phases   ] GC(103)   Other: 0.2ms
[2025-10-13T17:39:41.894-0700][1207][debug][gc,remset   ] GC(103) Coarsening (recent): Inline->AoC 20256 (0) AoC->Howl 227 (0) Howl->Full 0 (0) Inline->AoC 1015 (0) AoC->BitMap 140 (0) BitMap->Full 0 (0) 
[2025-10-13T17:39:41.894-0700][1207][debug][gc,remset   ] GC(103) Coarsening (all): Inline->AoC 1966436 (72) AoC->Howl 70976 (226) Howl->Full 0 (0) Inline->AoC 332173 (71) AoC->BitMap 85047 (165) BitMap->Full 6 (0) 
[2025-10-13T17:39:41.894-0700][1207][info ][gc,heap     ] GC(103) Eden regions: 2825->0(2222)
[2025-10-13T17:39:41.894-0700][1207][info ][gc,heap     ] GC(103) Survivor regions: 159->202(373)
[2025-10-13T17:39:41.894-0700][1207][info ][gc,heap     ] GC(103) Old regions: 927->885
[2025-10-13T17:39:41.894-0700][1207][info ][gc,heap     ] GC(103) Humongous regions: 29->0
[2025-10-13T17:39:41.894-0700][1207][info ][gc,metaspace] GC(103) Metaspace: 310498K(315904K)->310498K(315904K) NonClass: 273758K(276608K)->273758K(276608K) Class: 36739K(39296K)->36739K(39296K)
[2025-10-13T17:39:41.894-0700][1207][info ][gc          ] GC(103) Pause Young (Mixed) (G1 Evacuation Pause) 126055M->34752M(184320M) 158.673ms
[2025-10-13T17:39:41.896-0700][1207][info ][gc,cpu      ] GC(103) User=14.41s Sys=0.10s Real=0.16s
[2025-10-13T17:39:41.897-0700][1207][info ][safepoint   ] Safepoint "G1CollectForAllocation", Time since last: 958140938 ns, Reaching safepoint: 1333280 ns, Cleanup: 40511 ns, At safepoint: 163372429 ns, Total: 164746220 ns
[2025-10-13T17:39:42.899-0700][1207][info ][safepoint   ] Safepoint "Cleanup", Time since last: 1000092246 ns, Reaching safepoint: 990513 ns, Cleanup: 125770 ns, At safepoint: 759675 ns, Total: 1875958 ns
[2025-10-13T17:39:43.901-0700][1207][info ][safepoint   ] Safepoint "Cleanup", Time since last: 1000124745 ns, Reaching safepoint: 842289 ns, Cleanup: 35223 ns, At safepoint: 715279 ns, Total: 1592791 ns
[2025-10-13T17:39:44.902-0700][1207][info ][safepoint   ] Safepoint "Cleanup", Time since last: 1000110483 ns, Reaching safepoint: 1017864 ns, Cleanup: 15443 ns, At safepoint: 733346 ns, Total: 1766653 ns
[2025-10-13T17:39:45.904-0700][1207][info ][safepoint   ] Safepoint "Cleanup", Time since last: 1000110113 ns, Reaching safepoint: 793375 ns, Cleanup: 19109 ns, At safepoint: 558702 ns, Total: 1371186 ns
[2025-10-13T17:39:46.906-0700][1207][info ][safepoint   ] Safepoint "Cleanup", Time since last: 1000107029 ns, Reaching safepoint: 827136 ns, Cleanup: 27812 ns, At safepoint: 833617 ns, Total: 1688565 ns
[2025-10-13T17:39:47.640-0700][1207][info ][gc,start    ] GC(104) Pause Young (Mixed) (G1 Evacuation Pause)
[2025-10-13T17:39:47.640-0700][1207][info ][gc,task     ] GC(104) Using 113 workers of 113 for evacuation
[2025-10-13T17:39:47.655-0700][1207][debug][gc,remset   ] GC(104) Visited cards 10354176 Total dirty 55246848 (18.74%) Total old 410058752 (2.53%)
[2025-10-13T17:39:47.806-0700][1207][info ][gc,phases   ] GC(104)   Pre Evacuate Collection Set: 0.8ms
[2025-10-13T17:39:47.806-0700][1207][info ][gc,phases   ] GC(104)   Merge Heap Roots: 13.6ms
[2025-10-13T17:39:47.806-0700][1207][info ][gc,phases   ] GC(104)   Evacuate Collection Set: 137.5ms
[2025-10-13T17:39:47.806-0700][1207][info ][gc,phases   ] GC(104)   Post Evacuate Collection Set: 13.6ms
[2025-10-13T17:39:47.806-0700][1207][info ][gc,phases   ] GC(104)   Other: 0.2ms
[2025-10-13T17:39:47.806-0700][1207][debug][gc,remset   ] GC(104) Coarsening (recent): Inline->AoC 20344 (0) AoC->Howl 233 (0) Howl->Full 0 (0) Inline->AoC 1150 (0) AoC->BitMap 91 (0) BitMap->Full 0 (0) 
[2025-10-13T17:39:47.806-0700][1207][debug][gc,remset   ] GC(104) Coarsening (all): Inline->AoC 1986780 (72) AoC->Howl 71209 (226) Howl->Full 0 (0) Inline->AoC 333323 (71) AoC->BitMap 85138 (165) BitMap->Full 6 (0) 
[2025-10-13T17:39:47.806-0700][1207][info ][gc,heap     ] GC(104) Eden regions: 2456->0(2253)
[2025-10-13T17:39:47.806-0700][1207][info ][gc,heap     ] GC(104) Survivor regions: 202->216(333)
[2025-10-13T17:39:47.806-0700][1207][info ][gc,heap     ] GC(104) Old regions: 885->860
[2025-10-13T17:39:47.806-0700][1207][info ][gc,heap     ] GC(104) Humongous regions: 10->0
[2025-10-13T17:39:47.806-0700][1207][info ][gc,metaspace] GC(104) Metaspace: 310706K(316160K)->310706K(316160K) NonClass: 273957K(276864K)->273957K(276864K) Class: 36749K(39296K)->36749K(39296K)
[2025-10-13T17:39:47.806-0700][1207][info ][gc          ] GC(104) Pause Young (Mixed) (G1 Evacuation Pause) 113664M->34378M(184320M) 165.874ms
[2025-10-13T17:39:47.808-0700][1207][info ][gc,cpu      ] GC(104) User=15.68s Sys=0.19s Real=0.16s
[2025-10-13T17:39:47.809-0700][1207][info ][safepoint   ] Safepoint "G1CollectForAllocation", Time since last: 732057863 ns, Reaching safepoint: 708808 ns, Cleanup: 37136 ns, At safepoint: 170478159 ns, Total: 171224103 ns
[2025-10-13T17:39:48.810-0700][1207][info ][safepoint   ] Safepoint "Cleanup", Time since last: 1000088541 ns, Reaching safepoint: 1033277 ns, Cleanup: 14011 ns, At safepoint: 123687 ns, Total: 1170975 ns
[2025-10-13T17:39:50.430-0700][1207][info ][safepoint   ] Safepoint "Cleanup", Time since last: 1618053937 ns, Reaching safepoint: 775509 ns, Cleanup: 119150 ns, At safepoint: 317819 ns, Total: 1212478 ns
[2025-10-13T17:39:52.117-0700][1207][info ][safepoint   ] Safepoint "Cleanup", Time since last: 1685615895 ns, Reaching safepoint: 864062 ns, Cleanup: 69014 ns, At safepoint: 473423 ns, Total: 1406499 ns
[2025-10-13T17:39:53.118-0700][1207][info ][safepoint   ] Safepoint "Cleanup", Time since last: 1000109212 ns, Reaching safepoint: 825444 ns, Cleanup: 20711 ns, At safepoint: 914629 ns, Total: 1760784 ns
[2025-10-13T17:39:54.121-0700][1207][info ][safepoint   ] Safepoint "Cleanup", Time since last: 1000118766 ns, Reaching safepoint: 1004123 ns, Cleanup: 28774 ns, At safepoint: 912335 ns, Total: 1945232 ns
[2025-10-13T17:39:55.122-0700][1207][info ][safepoint   ] Safepoint "Cleanup", Time since last: 1000113548 ns, Reaching safepoint: 888158 ns, Cleanup: 36796 ns, At safepoint: 680776 ns, Total: 1605730 ns
[2025-10-13T17:39:55.646-0700][1207][info ][gc,start    ] GC(105) Pause Young (Mixed) (G1 Evacuation Pause)
[2025-10-13T17:39:55.646-0700][1207][info ][gc,task     ] GC(105) Using 113 workers of 113 for evacuation
[2025-10-13T17:39:55.659-0700][1207][debug][gc,remset   ] GC(105) Visited cards 10550016 Total dirty 54067200 (19.51%) Total old 411959296 (2.56%)
[2025-10-13T17:39:55.834-0700][1207][info ][gc,phases   ] GC(105)   Pre Evacuate Collection Set: 0.7ms
[2025-10-13T17:39:55.834-0700][1207][info ][gc,phases   ] GC(105)   Merge Heap Roots: 12.0ms
[2025-10-13T17:39:55.834-0700][1207][info ][gc,phases   ] GC(105)   Evacuate Collection Set: 160.8ms
[2025-10-13T17:39:55.834-0700][1207][info ][gc,phases   ] GC(105)   Post Evacuate Collection Set: 13.9ms
[2025-10-13T17:39:55.834-0700][1207][info ][gc,phases   ] GC(105)   Other: 0.2ms
[2025-10-13T17:39:55.834-0700][1207][debug][gc,remset   ] GC(105) Coarsening (recent): Inline->AoC 21632 (0) AoC->Howl 229 (0) Howl->Full 0 (0) Inline->AoC 1072 (0) AoC->BitMap 108 (0) BitMap->Full 0 (0) 
[2025-10-13T17:39:55.834-0700][1207][debug][gc,remset   ] GC(105) Coarsening (all): Inline->AoC 2008412 (72) AoC->Howl 71438 (226) Howl->Full 0 (0) Inline->AoC 334395 (71) AoC->BitMap 85246 (165) BitMap->Full 6 (0) 
[2025-10-13T17:39:55.834-0700][1207][info ][gc,heap     ] GC(105) Eden regions: 2464->0(2986)
[2025-10-13T17:39:55.834-0700][1207][info ][gc,heap     ] GC(105) Survivor regions: 216->184(335)
[2025-10-13T17:39:55.834-0700][1207][info ][gc,heap     ] GC(105) Old regions: 860->886
[2025-10-13T17:39:55.834-0700][1207][info ][gc,heap     ] GC(105) Humongous regions: 20->0
[2025-10-13T17:39:55.834-0700][1207][info ][gc,metaspace] GC(105) Metaspace: 311674K(317184K)->311674K(317184K) NonClass: 274802K(277696K)->274802K(277696K) Class: 36872K(39488K)->36872K(39488K)
[2025-10-13T17:39:55.834-0700][1207][info ][gc          ] GC(105) Pause Young (Mixed) (G1 Evacuation Pause) 113866M->34212M(184320M) 187.659ms
[2025-10-13T17:39:55.836-0700][1207][info ][gc,cpu      ] GC(105) User=16.27s Sys=0.13s Real=0.19s
[2025-10-13T17:39:55.837-0700][1207][info ][safepoint   ] Safepoint "G1CollectForAllocation", Time since last: 521406126 ns, Reaching safepoint: 919175 ns, Cleanup: 11297 ns, At safepoint: 192260199 ns, Total: 193190671 ns
[2025-10-13T17:39:56.844-0700][1207][info ][safepoint   ] Safepoint "Cleanup", Time since last: 1000092947 ns, Reaching safepoint: 5012815 ns, Cleanup: 43215 ns, At safepoint: 2077962 ns, Total: 7133992 ns
[2025-10-13T17:39:57.846-0700][1207][info ][safepoint   ] Safepoint "Cleanup", Time since last: 1000106728 ns, Reaching safepoint: 856691 ns, Cleanup: 20481 ns, At safepoint: 885955 ns, Total: 1763127 ns
[2025-10-13T17:39:58.848-0700][1207][info ][safepoint   ] Safepoint "Cleanup", Time since last: 1000103002 ns, Reaching safepoint: 818584 ns, Cleanup: 28243 ns, At safepoint: 799895 ns, Total: 1646722 ns
[2025-10-13T17:39:59.862-0700][1207][info ][safepoint   ] Safepoint "Cleanup", Time since last: 1000114650 ns, Reaching safepoint: 11515256 ns, Cleanup: 13710 ns, At safepoint: 2233567 ns, Total: 13762533 ns
[2025-10-13T17:40:00.864-0700][1207][info ][safepoint   ] Safepoint "Cleanup", Time since last: 1000119607 ns, Reaching safepoint: 923993 ns, Cleanup: 11827 ns, At safepoint: 1166529 ns, Total: 2102349 ns
[2025-10-13T17:40:01.866-0700][1207][info ][safepoint   ] Safepoint "Cleanup", Time since last: 1000119677 ns, Reaching safepoint: 1548233 ns, Cleanup: 34783 ns, At safepoint: 975240 ns, Total: 2558256 ns
[2025-10-13T17:40:02.869-0700][1207][info ][safepoint   ] Safepoint "Cleanup", Time since last: 1000121444 ns, Reaching safepoint: 952300 ns, Cleanup: 34792 ns, At safepoint: 1145225 ns, Total: 2132317 ns
[2025-10-13T17:40:03.870-0700][1207][info ][safepoint   ] Safepoint "Cleanup", Time since last: 1000115664 ns, Reaching safepoint: 822648 ns, Cleanup: 18828 ns, At safepoint: 647158 ns, Total: 1488634 ns
[2025-10-13T17:40:04.872-0700][1207][info ][safepoint   ] Safepoint "Cleanup", Time since last: 1000119901 ns, Reaching safepoint: 820925 ns, Cleanup: 21061 ns, At safepoint: 707688 ns, Total: 1549674 ns
[2025-10-13T17:40:04.897-0700][1207][info ][gc,start    ] GC(106) Pause Young (Mixed) (G1 Evacuation Pause)
[2025-10-13T17:40:04.897-0700][1207][info ][gc,task     ] GC(106) Using 113 workers of 113 for evacuation
[2025-10-13T17:40:04.911-0700][1207][debug][gc,remset   ] GC(106) Visited cards 11452672 Total dirty 55115776 (20.78%) Total old 487784448 (2.35%)
[2025-10-13T17:40:05.075-0700][1207][info ][gc,phases   ] GC(106)   Pre Evacuate Collection Set: 0.7ms
[2025-10-13T17:40:05.075-0700][1207][info ][gc,phases   ] GC(106)   Merge Heap Roots: 12.9ms
[2025-10-13T17:40:05.075-0700][1207][info ][gc,phases   ] GC(106)   Evacuate Collection Set: 147.7ms
[2025-10-13T17:40:05.075-0700][1207][info ][gc,phases   ] GC(106)   Post Evacuate Collection Set: 16.4ms
[2025-10-13T17:40:05.075-0700][1207][info ][gc,phases   ] GC(106)   Other: 0.2ms
[2025-10-13T17:40:05.075-0700][1207][debug][gc,remset   ] GC(106) Coarsening (recent): Inline->AoC 21394 (0) AoC->Howl 365 (0) Howl->Full 0 (0) Inline->AoC 1201 (0) AoC->BitMap 282 (0) BitMap->Full 0 (0) 
[2025-10-13T17:40:05.075-0700][1207][debug][gc,remset   ] GC(106) Coarsening (all): Inline->AoC 2029806 (72) AoC->Howl 71803 (226) Howl->Full 0 (0) Inline->AoC 335596 (71) AoC->BitMap 85528 (165) BitMap->Full 6 (0) 
[2025-10-13T17:40:05.075-0700][1207][info ][gc,heap     ] GC(106) Eden regions: 3064->0(1617)
[2025-10-13T17:40:05.075-0700][1207][info ][gc,heap     ] GC(106) Survivor regions: 184->252(406)
[2025-10-13T17:40:05.075-0700][1207][info ][gc,heap     ] GC(106) Old regions: 886->851
[2025-10-13T17:40:05.075-0700][1207][info ][gc,heap     ] GC(106) Humongous regions: 15->0
[2025-10-13T17:40:05.075-0700][1207][info ][gc,metaspace] GC(106) Metaspace: 311874K(317440K)->311874K(317440K) NonClass: 274985K(277952K)->274985K(277952K) Class: 36889K(39488K)->36889K(39488K)
[2025-10-13T17:40:05.075-0700][1207][info ][gc          ] GC(106) Pause Young (Mixed) (G1 Evacuation Pause) 132740M->35270M(184320M) 178.159ms
[2025-10-13T17:40:05.077-0700][1207][info ][gc,cpu      ] GC(106) User=17.25s Sys=0.05s Real=0.18s
[2025-10-13T17:40:05.078-0700][1207][info ][safepoint   ] Safepoint "G1CollectForAllocation", Time since last: 22693744 ns, Reaching safepoint: 774667 ns, Cleanup: 4266 ns, At safepoint: 182830388 ns, Total: 183609321 ns
[2025-10-13T17:40:06.079-0700][1207][info ][safepoint   ] Safepoint "Cleanup", Time since last: 1000085510 ns, Reaching safepoint: 672215 ns, Cleanup: 17997 ns, At safepoint: 206005 ns, Total: 896217 ns
[2025-10-13T17:40:07.080-0700][1207][info ][safepoint   ] Safepoint "Cleanup", Time since last: 1000103216 ns, Reaching safepoint: 773515 ns, Cleanup: 22373 ns, At safepoint: 239445 ns, Total: 1035333 ns
[2025-10-13T17:40:09.082-0700][1207][info ][safepoint   ] Safepoint "Cleanup", Time since last: 2000177249 ns, Reaching safepoint: 913752 ns, Cleanup: 17276 ns, At safepoint: 185595 ns, Total: 1116623 ns
[2025-10-13T17:40:11.083-0700][1207][info ][safepoint   ] Safepoint "Cleanup", Time since last: 2000166172 ns, Reaching safepoint: 880043 ns, Cleanup: 14131 ns, At safepoint: 702850 ns, Total: 1597024 ns
[2025-10-13T17:40:12.085-0700][1207][info ][safepoint   ] Safepoint "Cleanup", Time since last: 1000114804 ns, Reaching safepoint: 849628 ns, Cleanup: 20750 ns, At safepoint: 699926 ns, Total: 1570304 ns
[2025-10-13T17:40:12.680-0700][1207][info ][gc,start    ] GC(107) Pause Young (Mixed) (G1 Evacuation Pause)
[2025-10-13T17:40:12.680-0700][1207][info ][gc,task     ] GC(107) Using 113 workers of 113 for evacuation
[2025-10-13T17:40:12.693-0700][1207][debug][gc,remset   ] GC(107) Visited cards 11061504 Total dirty 52953088 (20.89%) Total old 330760192 (3.34%)
[2025-10-13T17:40:12.856-0700][1207][info ][gc,phases   ] GC(107)   Pre Evacuate Collection Set: 0.8ms
[2025-10-13T17:40:12.856-0700][1207][info ][gc,phases   ] GC(107)   Merge Heap Roots: 11.9ms
[2025-10-13T17:40:12.856-0700][1207][info ][gc,phases   ] GC(107)   Evacuate Collection Set: 150.7ms
[2025-10-13T17:40:12.856-0700][1207][info ][gc,phases   ] GC(107)   Post Evacuate Collection Set: 12.1ms
[2025-10-13T17:40:12.856-0700][1207][info ][gc,phases   ] GC(107)   Other: 0.2ms
[2025-10-13T17:40:12.856-0700][1207][debug][gc,remset   ] GC(107) Coarsening (recent): Inline->AoC 22613 (0) AoC->Howl 217 (0) Howl->Full 0 (0) Inline->AoC 989 (0) AoC->BitMap 144 (0) BitMap->Full 0 (0) 
[2025-10-13T17:40:12.856-0700][1207][debug][gc,remset   ] GC(107) Coarsening (all): Inline->AoC 2052419 (72) AoC->Howl 72020 (226) Howl->Full 0 (0) Inline->AoC 336585 (71) AoC->BitMap 85672 (165) BitMap->Full 6 (0) 
[2025-10-13T17:40:12.856-0700][1207][info ][gc,heap     ] GC(107) Eden regions: 1815->0(3318)
[2025-10-13T17:40:12.856-0700][1207][info ][gc,heap     ] GC(107) Survivor regions: 252->138(259)
[2025-10-13T17:40:12.856-0700][1207][info ][gc,heap     ] GC(107) Old regions: 851->931
[2025-10-13T17:40:12.856-0700][1207][info ][gc,heap     ] GC(107) Humongous regions: 16->0
[2025-10-13T17:40:12.856-0700][1207][info ][gc,metaspace] GC(107) Metaspace: 311935K(317504K)->311935K(317504K) NonClass: 275045K(278016K)->275045K(278016K) Class: 36889K(39488K)->36889K(39488K)
[2025-10-13T17:40:12.856-0700][1207][info ][gc          ] GC(107) Pause Young (Mixed) (G1 Evacuation Pause) 93862M->34177M(184320M) 175.852ms
[2025-10-13T17:40:12.858-0700][1207][info ][gc,cpu      ] GC(107) User=16.62s Sys=0.19s Real=0.17s
[2025-10-13T17:40:12.859-0700][1207][info ][safepoint   ] Safepoint "G1CollectForAllocation", Time since last: 592587511 ns, Reaching safepoint: 790671 ns, Cleanup: 16234 ns, At safepoint: 180656640 ns, Total: 181463545 ns
[2025-10-13T17:40:13.861-0700][1207][info ][safepoint   ] Safepoint "Cleanup", Time since last: 1000097818 ns, Reaching safepoint: 1056915 ns, Cleanup: 16394 ns, At safepoint: 471999 ns, Total: 1545308 ns
[2025-10-13T17:40:14.862-0700][1207][info ][safepoint   ] Safepoint "Cleanup", Time since last: 1000113692 ns, Reaching safepoint: 770400 ns, Cleanup: 41932 ns, At safepoint: 340975 ns, Total: 1153307 ns
[2025-10-13T17:40:15.864-0700][1207][info ][safepoint   ] Safepoint "Cleanup", Time since last: 1000143936 ns, Reaching safepoint: 924208 ns, Cleanup: 59639 ns, At safepoint: 1089102 ns, Total: 2072949 ns
[2025-10-13T17:40:16.866-0700][1207][info ][safepoint   ] Safepoint "Cleanup", Time since last: 1000114863 ns, Reaching safepoint: 934123 ns, Cleanup: 55693 ns, At safepoint: 1061581 ns, Total: 2051397 ns
[2025-10-13T17:40:17.868-0700][1207][info ][safepoint   ] Safepoint "Cleanup", Time since last: 1000114999 ns, Reaching safepoint: 795132 ns, Cleanup: 21512 ns, At safepoint: 1017478 ns, Total: 1834122 ns
[2025-10-13T17:40:18.870-0700][1207][info ][safepoint   ] Safepoint "Cleanup", Time since last: 1000113967 ns, Reaching safepoint: 1367797 ns, Cleanup: 56596 ns, At safepoint: 424161 ns, Total: 1848554 ns
[2025-10-13T17:40:19.872-0700][1207][info ][safepoint   ] Safepoint "Cleanup", Time since last: 1000111994 ns, Reaching safepoint: 891377 ns, Cleanup: 33671 ns, At safepoint: 582190 ns, Total: 1507238 ns
[2025-10-13T17:40:20.874-0700][1207][info ][safepoint   ] Safepoint "Cleanup", Time since last: 1000104393 ns, Reaching safepoint: 800710 ns, Cleanup: 30085 ns, At safepoint: 758607 ns, Total: 1589402 ns
[2025-10-13T17:40:21.875-0700][1207][info ][safepoint   ] Safepoint "Cleanup", Time since last: 1000108228 ns, Reaching safepoint: 811216 ns, Cleanup: 30696 ns, At safepoint: 663633 ns, Total: 1505545 ns
[2025-10-13T17:40:22.743-0700][1207][info ][gc,start    ] GC(108) Pause Young (Mixed) (G1 Evacuation Pause)
[2025-10-13T17:40:22.743-0700][1207][info ][gc,task     ] GC(108) Using 113 workers of 113 for evacuation
[2025-10-13T17:40:22.757-0700][1207][debug][gc,remset   ] GC(108) Visited cards 14764800 Total dirty 57802752 (25.54%) Total old 520880128 (2.83%)
[2025-10-13T17:40:22.894-0700][1207][debug][gc,remset   ] GC(108) Visited cards 2291712 Total dirty 51838976 (4.42%) Total old 536412160 (0.43%)
[2025-10-13T17:40:22.918-0700][1207][info ][gc,phases   ] GC(108)   Pre Evacuate Collection Set: 0.8ms
[2025-10-13T17:40:22.918-0700][1207][info ][gc,phases   ] GC(108)   Merge Heap Roots: 12.8ms
[2025-10-13T17:40:22.918-0700][1207][info ][gc,phases   ] GC(108)   Evacuate Collection Set: 135.8ms
[2025-10-13T17:40:22.918-0700][1207][info ][gc,phases   ] GC(108)   Merge Optional Heap Roots: 1.0ms
[2025-10-13T17:40:22.918-0700][1207][info ][gc,phases   ] GC(108)   Evacuate Optional Collection Set: 7.8ms
[2025-10-13T17:40:22.918-0700][1207][info ][gc,phases   ] GC(108)   Post Evacuate Collection Set: 16.3ms
[2025-10-13T17:40:22.918-0700][1207][info ][gc,phases   ] GC(108)   Other: 0.2ms
[2025-10-13T17:40:22.918-0700][1207][debug][gc,remset   ] GC(108) Coarsening (recent): Inline->AoC 44084 (0) AoC->Howl 238 (0) Howl->Full 0 (0) Inline->AoC 628 (0) AoC->BitMap 243 (0) BitMap->Full 0 (0) 
[2025-10-13T17:40:22.918-0700][1207][debug][gc,remset   ] GC(108) Coarsening (all): Inline->AoC 2096503 (72) AoC->Howl 72258 (226) Howl->Full 0 (0) Inline->AoC 337213 (71) AoC->BitMap 85915 (165) BitMap->Full 6 (0) 
[2025-10-13T17:40:22.918-0700][1207][info ][gc,heap     ] GC(108) Eden regions: 3318->0(3020)
[2025-10-13T17:40:22.918-0700][1207][info ][gc,heap     ] GC(108) Survivor regions: 138->203(432)
[2025-10-13T17:40:22.918-0700][1207][info ][gc,heap     ] GC(108) Old regions: 931->861
[2025-10-13T17:40:22.918-0700][1207][info ][gc,heap     ] GC(108) Humongous regions: 32->0
[2025-10-13T17:40:22.918-0700][1207][info ][gc,metaspace] GC(108) Metaspace: 312098K(317696K)->312098K(317696K) NonClass: 275197K(278144K)->275197K(278144K) Class: 36901K(39552K)->36901K(39552K)
[2025-10-13T17:40:22.918-0700][1207][info ][gc          ] GC(108) Pause Young (Mixed) (G1 Evacuation Pause) 141377M->34031M(184320M) 174.874ms
[2025-10-13T17:40:22.919-0700][1207][info ][gc,cpu      ] GC(108) User=16.10s Sys=0.58s Real=0.17s
[2025-10-13T17:40:22.921-0700][1207][info ][safepoint   ] Safepoint "G1CollectForAllocation", Time since last: 865072029 ns, Reaching safepoint: 782393 ns, Cleanup: 25799 ns, At safepoint: 179468299 ns, Total: 180276491 ns
[2025-10-13T17:40:23.000-0700][1207][info ][gc,start    ] GC(109) Pause Young (Concurrent Start) (G1 Humongous Allocation)
[2025-10-13T17:40:23.000-0700][1207][info ][gc,task     ] GC(109) Using 113 workers of 113 for evacuation
[2025-10-13T17:40:23.008-0700][1207][debug][gc,remset   ] GC(109) Visited cards 9069824 Total dirty 53411840 (16.98%) Total old 91029504 (9.96%)
[2025-10-13T17:40:23.129-0700][1207][info ][gc,phases   ] GC(109)   Pre Evacuate Collection Set: 0.9ms
[2025-10-13T17:40:23.129-0700][1207][info ][gc,phases   ] GC(109)   Merge Heap Roots: 6.9ms
[2025-10-13T17:40:23.129-0700][1207][info ][gc,phases   ] GC(109)   Evacuate Collection Set: 110.2ms
[2025-10-13T17:40:23.129-0700][1207][info ][gc,phases   ] GC(109)   Post Evacuate Collection Set: 10.8ms
[2025-10-13T17:40:23.129-0700][1207][info ][gc,phases   ] GC(109)   Other: 0.1ms
[2025-10-13T17:40:23.129-0700][1207][debug][gc,remset   ] GC(109) Coarsening (recent): Inline->AoC 0 (0) AoC->Howl 0 (0) Howl->Full 0 (0) Inline->AoC 0 (0) AoC->BitMap 0 (0) BitMap->Full 0 (0) 
[2025-10-13T17:40:23.129-0700][1207][debug][gc,remset   ] GC(109) Coarsening (all): Inline->AoC 2096503 (72) AoC->Howl 72258 (226) Howl->Full 0 (0) Inline->AoC 337213 (71) AoC->BitMap 85915 (165) BitMap->Full 6 (0) 
[2025-10-13T17:40:23.129-0700][1207][info ][gc,heap     ] GC(109) Eden regions: 61->0(828)
[2025-10-13T17:40:23.129-0700][1207][info ][gc,heap     ] GC(109) Survivor regions: 203->207(432)
[2025-10-13T17:40:23.129-0700][1207][info ][gc,heap     ] GC(109) Old regions: 861->861
[2025-10-13T17:40:23.129-0700][1207][info ][gc,heap     ] GC(109) Humongous regions: 0->0
[2025-10-13T17:40:23.129-0700][1207][info ][gc,metaspace] GC(109) Metaspace: 312110K(317696K)->312110K(317696K) NonClass: 275205K(278144K)->275205K(278144K) Class: 36905K(39552K)->36905K(39552K)
[2025-10-13T17:40:23.129-0700][1207][info ][gc          ] GC(109) Pause Young (Concurrent Start) (G1 Humongous Allocation) 35958M->34159M(184320M) 129.163ms
[2025-10-13T17:40:23.129-0700][1090][info ][gc          ] GC(110) Concurrent Mark Cycle
[2025-10-13T17:40:23.129-0700][1090][info ][gc,marking  ] GC(110) Concurrent Scan Root Regions
[2025-10-13T17:40:23.131-0700][1207][info ][gc,cpu      ] GC(109) User=11.78s Sys=0.10s Real=0.14s
[2025-10-13T17:40:23.133-0700][1207][info ][safepoint   ] Safepoint "G1TryInitiateConcMark", Time since last: 76958127 ns, Reaching safepoint: 609781 ns, Cleanup: 12599 ns, At safepoint: 134474270 ns, Total: 135096650 ns
[2025-10-13T17:40:23.193-0700][1090][info ][gc,marking  ] GC(110) Concurrent Scan Root Regions 63.918ms
[2025-10-13T17:40:23.193-0700][1090][info ][gc,marking  ] GC(110) Concurrent Mark
[2025-10-13T17:40:23.193-0700][1090][info ][gc,marking  ] GC(110) Concurrent Mark From Roots
[2025-10-13T17:40:23.193-0700][1090][info ][gc,task     ] GC(110) Using 36 workers of 36 for marking
[2025-10-13T17:40:23.340-0700][1090][info ][gc,marking  ] GC(110) Concurrent Mark From Roots 146.543ms
[2025-10-13T17:40:23.340-0700][1090][info ][gc,marking  ] GC(110) Concurrent Preclean
[2025-10-13T17:40:23.356-0700][1090][info ][gc,marking  ] GC(110) Concurrent Preclean 16.317ms
[2025-10-13T17:40:23.359-0700][1207][info ][gc,start    ] GC(110) Pause Remark
[2025-10-13T17:40:23.585-0700][1207][info ][gc,mmu      ] GC(110) MMU target violated: 201.0ms (200.0ms/201.0ms)
[2025-10-13T17:40:23.585-0700][1207][info ][gc          ] GC(110) Pause Remark 37354M->36650M(184320M) 226.319ms
[2025-10-13T17:40:23.587-0700][1207][info ][gc,cpu      ] GC(110) User=13.59s Sys=0.13s Real=0.23s
[2025-10-13T17:40:23.590-0700][1207][info ][safepoint   ] Safepoint "G1PauseRemark", Time since last: 223665385 ns, Reaching safepoint: 637904 ns, Cleanup: 14071 ns, At safepoint: 233280265 ns, Total: 233932240 ns
[2025-10-13T17:40:23.591-0700][1090][info ][gc,marking  ] GC(110) Concurrent Mark 397.204ms
[2025-10-13T17:40:23.591-0700][1090][info ][gc,marking  ] GC(110) Concurrent Rebuild Remembered Sets and Scrub Regions
[2025-10-13T17:40:23.926-0700][1090][info ][gc,marking  ] GC(110) Concurrent Rebuild Remembered Sets and Scrub Regions 334.840ms
[2025-10-13T17:40:23.928-0700][1207][info ][gc,start    ] GC(110) Pause Cleanup
[2025-10-13T17:40:23.930-0700][1207][info ][gc          ] GC(110) Pause Cleanup 41618M->41618M(184320M) 1.926ms
[2025-10-13T17:40:23.932-0700][1207][info ][gc,cpu      ] GC(110) User=0.01s Sys=0.00s Real=0.01s
[2025-10-13T17:40:23.933-0700][1207][info ][safepoint   ] Safepoint "G1PauseCleanup", Time since last: 335262060 ns, Reaching safepoint: 878498 ns, Cleanup: 93581 ns, At safepoint: 6887700 ns, Total: 7859779 ns
[2025-10-13T17:40:23.934-0700][1090][info ][gc,marking  ] GC(110) Concurrent Clear Claimed Marks
[2025-10-13T17:40:23.935-0700][1090][info ][gc,marking  ] GC(110) Concurrent Clear Claimed Marks 1.256ms
[2025-10-13T17:40:23.935-0700][1090][info ][gc,marking  ] GC(110) Concurrent Cleanup for Next Mark
[2025-10-13T17:40:23.967-0700][1090][info ][gc,marking  ] GC(110) Concurrent Cleanup for Next Mark 31.718ms
[2025-10-13T17:40:23.967-0700][1090][info ][gc          ] GC(110) Concurrent Mark Cycle 837.276ms
[2025-10-13T17:40:24.935-0700][1207][info ][safepoint   ] Safepoint "Cleanup", Time since last: 1000103511 ns, Reaching safepoint: 807620 ns, Cleanup: 80833 ns, At safepoint: 577783 ns, Total: 1466236 ns
[2025-10-13T17:40:24.959-0700][1207][info ][gc,start    ] GC(111) Pause Young (Prepare Mixed) (G1 Evacuation Pause)
[2025-10-13T17:40:24.959-0700][1207][info ][gc,task     ] GC(111) Using 113 workers of 113 for evacuation
[2025-10-13T17:40:24.973-0700][1207][debug][gc,remset   ] GC(111) Visited cards 9537024 Total dirty 53477376 (17.83%) Total old 184221696 (5.18%)
[2025-10-13T17:40:25.103-0700][1207][info ][gc,phases   ] GC(111)   Pre Evacuate Collection Set: 0.7ms
[2025-10-13T17:40:25.103-0700][1207][info ][gc,phases   ] GC(111)   Merge Heap Roots: 12.4ms
[2025-10-13T17:40:25.103-0700][1207][info ][gc,phases   ] GC(111)   Evacuate Collection Set: 117.0ms
[2025-10-13T17:40:25.103-0700][1207][info ][gc,phases   ] GC(111)   Post Evacuate Collection Set: 13.4ms
[2025-10-13T17:40:25.103-0700][1207][info ][gc,phases   ] GC(111)   Other: 0.1ms
[2025-10-13T17:40:25.103-0700][1207][debug][gc,remset   ] GC(111) Coarsening (recent): Inline->AoC 108978 (0) AoC->Howl 5643 (0) Howl->Full 0 (0) Inline->AoC 24939 (0) AoC->BitMap 6316 (0) BitMap->Full 0 (0) 
[2025-10-13T17:40:25.103-0700][1207][debug][gc,remset   ] GC(111) Coarsening (all): Inline->AoC 2205481 (72) AoC->Howl 77901 (226) Howl->Full 0 (0) Inline->AoC 362152 (71) AoC->BitMap 92231 (165) BitMap->Full 6 (0) 
[2025-10-13T17:40:25.103-0700][1207][info ][gc,heap     ] GC(111) Eden regions: 776->0(1793)
[2025-10-13T17:40:25.103-0700][1207][info ][gc,heap     ] GC(111) Survivor regions: 207->68(123)
[2025-10-13T17:40:25.103-0700][1207][info ][gc,heap     ] GC(111) Old regions: 839->976
[2025-10-13T17:40:25.103-0700][1207][info ][gc,heap     ] GC(111) Humongous regions: 6->0
[2025-10-13T17:40:25.103-0700][1207][info ][gc,metaspace] GC(111) Metaspace: 312030K(317760K)->312030K(317760K) NonClass: 275140K(278208K)->275140K(278208K) Class: 36890K(39552K)->36890K(39552K)
[2025-10-13T17:40:25.103-0700][1207][info ][gc          ] GC(111) Pause Young (Prepare Mixed) (G1 Evacuation Pause) 58479M->33385M(184320M) 143.859ms
[2025-10-13T17:40:25.105-0700][1207][info ][gc,cpu      ] GC(111) User=13.55s Sys=0.08s Real=0.15s
[2025-10-13T17:40:25.106-0700][1207][info ][safepoint   ] Safepoint "G1CollectForAllocation", Time since last: 22023574 ns, Reaching safepoint: 732257 ns, Cleanup: 15653 ns, At safepoint: 148602583 ns, Total: 149350493 ns
[2025-10-13T17:40:26.108-0700][1207][info ][safepoint   ] Safepoint "Cleanup", Time since last: 1000092654 ns, Reaching safepoint: 861042 ns, Cleanup: 30566 ns, At safepoint: 236337 ns, Total: 1127945 ns
[2025-10-13T17:40:27.109-0700][1207][info ][safepoint   ] Safepoint "Cleanup", Time since last: 1000101599 ns, Reaching safepoint: 774230 ns, Cleanup: 16354 ns, At safepoint: 222186 ns, Total: 1012770 ns
[2025-10-13T17:40:28.110-0700][1207][info ][safepoint   ] Safepoint "Cleanup", Time since last: 1000106806 ns, Reaching safepoint: 758837 ns, Cleanup: 18308 ns, At safepoint: 218760 ns, Total: 995905 ns
[2025-10-13T17:40:29.112-0700][1207][info ][safepoint   ] Safepoint "Cleanup", Time since last: 1000105875 ns, Reaching safepoint: 1147484 ns, Cleanup: 29876 ns, At safepoint: 886089 ns, Total: 2063449 ns
[2025-10-13T17:40:30.114-0700][1207][info ][safepoint   ] Safepoint "Cleanup", Time since last: 1000110071 ns, Reaching safepoint: 813940 ns, Cleanup: 12209 ns, At safepoint: 671034 ns, Total: 1497183 ns
[2025-10-13T17:40:31.037-0700][1207][info ][gc,start    ] GC(112) Pause Young (Mixed) (G1 Evacuation Pause)
[2025-10-13T17:40:31.037-0700][1207][info ][gc,task     ] GC(112) Using 113 workers of 113 for evacuation
[2025-10-13T17:40:31.052-0700][1207][debug][gc,remset   ] GC(112) Visited cards 11008000 Total dirty 60030976 (18.34%) Total old 325910528 (3.38%)
[2025-10-13T17:40:31.148-0700][1207][info ][gc,phases   ] GC(112)   Pre Evacuate Collection Set: 0.8ms
[2025-10-13T17:40:31.148-0700][1207][info ][gc,phases   ] GC(112)   Merge Heap Roots: 14.3ms
[2025-10-13T17:40:31.148-0700][1207][info ][gc,phases   ] GC(112)   Evacuate Collection Set: 85.1ms
[2025-10-13T17:40:31.148-0700][1207][info ][gc,phases   ] GC(112)   Post Evacuate Collection Set: 11.1ms
[2025-10-13T17:40:31.148-0700][1207][info ][gc,phases   ] GC(112)   Other: 0.1ms
[2025-10-13T17:40:31.148-0700][1207][debug][gc,remset   ] GC(112) Coarsening (recent): Inline->AoC 26937 (0) AoC->Howl 806 (1) Howl->Full 0 (0) Inline->AoC 2033 (1) AoC->BitMap 719 (0) BitMap->Full 0 (0) 
[2025-10-13T17:40:31.148-0700][1207][debug][gc,remset   ] GC(112) Coarsening (all): Inline->AoC 2232418 (72) AoC->Howl 78707 (227) Howl->Full 0 (0) Inline->AoC 364185 (72) AoC->BitMap 92950 (165) BitMap->Full 6 (0) 
[2025-10-13T17:40:31.148-0700][1207][info ][gc,heap     ] GC(112) Eden regions: 1900->0(1838)
[2025-10-13T17:40:31.148-0700][1207][info ][gc,heap     ] GC(112) Survivor regions: 68->101(246)
[2025-10-13T17:40:31.148-0700][1207][info ][gc,heap     ] GC(112) Old regions: 976->949
[2025-10-13T17:40:31.148-0700][1207][info ][gc,heap     ] GC(112) Humongous regions: 16->0
[2025-10-13T17:40:31.148-0700][1207][info ][gc,metaspace] GC(112) Metaspace: 312120K(317760K)->312120K(317760K) NonClass: 275221K(278208K)->275221K(278208K) Class: 36898K(39552K)->36898K(39552K)
[2025-10-13T17:40:31.148-0700][1207][info ][gc          ] GC(112) Pause Young (Mixed) (G1 Evacuation Pause) 94697M->33590M(184320M) 111.595ms
[2025-10-13T17:40:31.150-0700][1207][info ][gc,cpu      ] GC(112) User=9.30s Sys=0.15s Real=0.12s
[2025-10-13T17:40:31.152-0700][1207][info ][safepoint   ] Safepoint "G1CollectForAllocation", Time since last: 907233507 ns, Reaching safepoint: 14408005 ns, Cleanup: 19639 ns, At safepoint: 116257680 ns, Total: 130685324 ns
[2025-10-13T17:40:32.153-0700][1207][info ][safepoint   ] Safepoint "Cleanup", Time since last: 1000105274 ns, Reaching safepoint: 783644 ns, Cleanup: 31908 ns, At safepoint: 174805 ns, Total: 990357 ns
[2025-10-13T17:40:33.154-0700][1207][info ][safepoint   ] Safepoint "Cleanup", Time since last: 1000107587 ns, Reaching safepoint: 883325 ns, Cleanup: 43376 ns, At safepoint: 359914 ns, Total: 1286615 ns
[2025-10-13T17:40:34.163-0700][1207][info ][safepoint   ] Safepoint "Cleanup", Time since last: 1000114998 ns, Reaching safepoint: 6061481 ns, Cleanup: 21362 ns, At safepoint: 2304403 ns, Total: 8387246 ns
[2025-10-13T17:40:35.165-0700][1207][info ][safepoint   ] Safepoint "Cleanup", Time since last: 1000113546 ns, Reaching safepoint: 1357221 ns, Cleanup: 18438 ns, At safepoint: 822253 ns, Total: 2197912 ns
[2025-10-13T17:40:36.167-0700][1207][info ][safepoint   ] Safepoint "Cleanup", Time since last: 1000124383 ns, Reaching safepoint: 876424 ns, Cleanup: 47222 ns, At safepoint: 1090237 ns, Total: 2013883 ns
[2025-10-13T17:40:36.293-0700][1207][info ][gc,start    ] GC(113) Pause Young (Mixed) (G1 Evacuation Pause)
[2025-10-13T17:40:36.293-0700][1207][info ][gc,task     ] GC(113) Using 113 workers of 113 for evacuation
[2025-10-13T17:40:36.307-0700][1207][debug][gc,remset   ] GC(113) Visited cards 11073536 Total dirty 58916864 (18.80%) Total old 338952192 (3.27%)
[2025-10-13T17:40:36.427-0700][1207][info ][gc,phases   ] GC(113)   Pre Evacuate Collection Set: 0.8ms
[2025-10-13T17:40:36.427-0700][1207][info ][gc,phases   ] GC(113)   Merge Heap Roots: 13.5ms
[2025-10-13T17:40:36.427-0700][1207][info ][gc,phases   ] GC(113)   Evacuate Collection Set: 108.6ms
[2025-10-13T17:40:36.427-0700][1207][info ][gc,phases   ] GC(113)   Post Evacuate Collection Set: 11.6ms
[2025-10-13T17:40:36.427-0700][1207][info ][gc,phases   ] GC(113)   Other: 0.1ms
[2025-10-13T17:40:36.427-0700][1207][debug][gc,remset   ] GC(113) Coarsening (recent): Inline->AoC 12579 (0) AoC->Howl 208 (0) Howl->Full 0 (0) Inline->AoC 706 (0) AoC->BitMap 164 (0) BitMap->Full 0 (0) 
[2025-10-13T17:40:36.427-0700][1207][debug][gc,remset   ] GC(113) Coarsening (all): Inline->AoC 2244997 (72) AoC->Howl 78915 (227) Howl->Full 0 (0) Inline->AoC 364891 (72) AoC->BitMap 93114 (165) BitMap->Full 6 (0) 
[2025-10-13T17:40:36.427-0700][1207][info ][gc,heap     ] GC(113) Eden regions: 1981->0(1760)
[2025-10-13T17:40:36.427-0700][1207][info ][gc,heap     ] GC(113) Survivor regions: 101->145(261)
[2025-10-13T17:40:36.427-0700][1207][info ][gc,heap     ] GC(113) Old regions: 949->909
[2025-10-13T17:40:36.427-0700][1207][info ][gc,heap     ] GC(113) Humongous regions: 14->0
[2025-10-13T17:40:36.427-0700][1207][info ][gc,metaspace] GC(113) Metaspace: 312282K(317824K)->312282K(317824K) NonClass: 275364K(278272K)->275364K(278272K) Class: 36918K(39552K)->36918K(39552K)
[2025-10-13T17:40:36.427-0700][1207][info ][gc          ] GC(113) Pause Young (Mixed) (G1 Evacuation Pause) 97430M->33690M(184320M) 134.769ms
[2025-10-13T17:40:36.429-0700][1207][info ][gc,cpu      ] GC(113) User=11.05s Sys=0.05s Real=0.13s
[2025-10-13T17:40:36.431-0700][1207][info ][safepoint   ] Safepoint "G1CollectForAllocation", Time since last: 123158529 ns, Reaching safepoint: 896876 ns, Cleanup: 4617 ns, At safepoint: 139572996 ns, Total: 140474489 ns
[2025-10-13T17:40:37.432-0700][1207][info ][safepoint   ] Safepoint "Cleanup", Time since last: 1000097261 ns, Reaching safepoint: 863095 ns, Cleanup: 12899 ns, At safepoint: 305252 ns, Total: 1181246 ns
[2025-10-13T17:40:38.433-0700][1207][info ][safepoint   ] Safepoint "Cleanup", Time since last: 1000119054 ns, Reaching safepoint: 849494 ns, Cleanup: 23396 ns, At safepoint: 408998 ns, Total: 1281888 ns
[2025-10-13T17:40:39.435-0700][1207][info ][safepoint   ] Safepoint "Cleanup", Time since last: 1000108629 ns, Reaching safepoint: 787610 ns, Cleanup: 31387 ns, At safepoint: 581469 ns, Total: 1400466 ns
[2025-10-13T17:40:40.436-0700][1207][info ][safepoint   ] Safepoint "Cleanup", Time since last: 1000108599 ns, Reaching safepoint: 802303 ns, Cleanup: 31748 ns, At safepoint: 696312 ns, Total: 1530363 ns
[2025-10-13T17:40:41.381-0700][1207][info ][gc,start    ] GC(114) Pause Young (Mixed) (G1 Evacuation Pause)
[2025-10-13T17:40:41.381-0700][1207][info ][gc,task     ] GC(114) Using 113 workers of 113 for evacuation
[2025-10-13T17:40:41.395-0700][1207][debug][gc,remset   ] GC(114) Visited cards 11235328 Total dirty 56492032 (19.89%) Total old 329908224 (3.41%)
[2025-10-13T17:40:41.527-0700][1207][info ][gc,phases   ] GC(114)   Pre Evacuate Collection Set: 0.7ms
[2025-10-13T17:40:41.527-0700][1207][info ][gc,phases   ] GC(114)   Merge Heap Roots: 13.7ms
[2025-10-13T17:40:41.527-0700][1207][info ][gc,phases   ] GC(114)   Evacuate Collection Set: 119.3ms
[2025-10-13T17:40:41.527-0700][1207][info ][gc,phases   ] GC(114)   Post Evacuate Collection Set: 12.7ms
[2025-10-13T17:40:41.528-0700][1207][info ][gc,phases   ] GC(114)   Other: 0.1ms
[2025-10-13T17:40:41.528-0700][1207][debug][gc,remset   ] GC(114) Coarsening (recent): Inline->AoC 21211 (0) AoC->Howl 200 (0) Howl->Full 0 (0) Inline->AoC 871 (0) AoC->BitMap 113 (0) BitMap->Full 0 (0) 
[2025-10-13T17:40:41.528-0700][1207][debug][gc,remset   ] GC(114) Coarsening (all): Inline->AoC 2266208 (72) AoC->Howl 79115 (227) Howl->Full 0 (0) Inline->AoC 365762 (72) AoC->BitMap 93227 (165) BitMap->Full 6 (0) 
[2025-10-13T17:40:41.528-0700][1207][info ][gc,heap     ] GC(114) Eden regions: 1889->0(2087)
[2025-10-13T17:40:41.528-0700][1207][info ][gc,heap     ] GC(114) Survivor regions: 145->145(255)
[2025-10-13T17:40:41.528-0700][1207][info ][gc,heap     ] GC(114) Old regions: 909->889
[2025-10-13T17:40:41.528-0700][1207][info ][gc,heap     ] GC(114) Humongous regions: 12->0
[2025-10-13T17:40:41.528-0700][1207][info ][gc,metaspace] GC(114) Metaspace: 312347K(317888K)->312347K(317888K) NonClass: 275419K(278336K)->275419K(278336K) Class: 36927K(39552K)->36927K(39552K)
[2025-10-13T17:40:41.528-0700][1207][info ][gc          ] GC(114) Pause Young (Mixed) (G1 Evacuation Pause) 94522M->33070M(184320M) 146.743ms
[2025-10-13T17:40:41.529-0700][1207][info ][gc,cpu      ] GC(114) User=11.81s Sys=0.15s Real=0.14s
[2025-10-13T17:40:41.530-0700][1207][info ][safepoint   ] Safepoint "G1CollectForAllocation", Time since last: 941902022 ns, Reaching safepoint: 798907 ns, Cleanup: 22584 ns, At safepoint: 151316594 ns, Total: 152138085 ns
[2025-10-13T17:40:42.533-0700][1207][info ][safepoint   ] Safepoint "Cleanup", Time since last: 1000087858 ns, Reaching safepoint: 1620098 ns, Cleanup: 24147 ns, At safepoint: 780790 ns, Total: 2425035 ns
[2025-10-13T17:40:43.535-0700][1207][info ][safepoint   ] Safepoint "Cleanup", Time since last: 1000107197 ns, Reaching safepoint: 822933 ns, Cleanup: 15954 ns, At safepoint: 639807 ns, Total: 1478694 ns
[2025-10-13T17:40:44.537-0700][1207][info ][safepoint   ] Safepoint "Cleanup", Time since last: 1000109801 ns, Reaching safepoint: 801892 ns, Cleanup: 17827 ns, At safepoint: 1076817 ns, Total: 1896536 ns
[2025-10-13T17:40:45.539-0700][1207][info ][safepoint   ] Safepoint "Cleanup", Time since last: 1000114098 ns, Reaching safepoint: 991398 ns, Cleanup: 22013 ns, At safepoint: 1239073 ns, Total: 2252484 ns
[2025-10-13T17:40:46.541-0700][1207][info ][safepoint   ] Safepoint "Cleanup", Time since last: 1000116941 ns, Reaching safepoint: 955574 ns, Cleanup: 15464 ns, At safepoint: 785467 ns, Total: 1756505 ns
[2025-10-13T17:40:47.543-0700][1207][info ][safepoint   ] Safepoint "Cleanup", Time since last: 1000101068 ns, Reaching safepoint: 824966 ns, Cleanup: 46481 ns, At safepoint: 1266343 ns, Total: 2137790 ns
[2025-10-13T17:40:48.355-0700][1207][info ][gc,start    ] GC(115) Pause Young (Mixed) (G1 Evacuation Pause)
[2025-10-13T17:40:48.355-0700][1207][info ][gc,task     ] GC(115) Using 113 workers of 113 for evacuation
[2025-10-13T17:40:48.369-0700][1207][debug][gc,remset   ] GC(115) Visited cards 10986496 Total dirty 54984704 (19.98%) Total old 366477312 (3.00%)
[2025-10-13T17:40:48.518-0700][1207][info ][gc,phases   ] GC(115)   Pre Evacuate Collection Set: 0.8ms
[2025-10-13T17:40:48.518-0700][1207][info ][gc,phases   ] GC(115)   Merge Heap Roots: 13.5ms
[2025-10-13T17:40:48.518-0700][1207][info ][gc,phases   ] GC(115)   Evacuate Collection Set: 135.6ms
[2025-10-13T17:40:48.518-0700][1207][info ][gc,phases   ] GC(115)   Post Evacuate Collection Set: 13.4ms
[2025-10-13T17:40:48.518-0700][1207][info ][gc,phases   ] GC(115)   Other: 0.2ms
[2025-10-13T17:40:48.518-0700][1207][debug][gc,remset   ] GC(115) Coarsening (recent): Inline->AoC 21930 (0) AoC->Howl 220 (0) Howl->Full 0 (0) Inline->AoC 970 (0) AoC->BitMap 124 (0) BitMap->Full 0 (0) 
[2025-10-13T17:40:48.518-0700][1207][debug][gc,remset   ] GC(115) Coarsening (all): Inline->AoC 2288138 (72) AoC->Howl 79335 (227) Howl->Full 0 (0) Inline->AoC 366732 (72) AoC->BitMap 93351 (165) BitMap->Full 6 (0) 
[2025-10-13T17:40:48.518-0700][1207][info ][gc,heap     ] GC(115) Eden regions: 2179->0(1908)
[2025-10-13T17:40:48.518-0700][1207][info ][gc,heap     ] GC(115) Survivor regions: 145->188(291)
[2025-10-13T17:40:48.519-0700][1207][info ][gc,heap     ] GC(115) Old regions: 889->849
[2025-10-13T17:40:48.519-0700][1207][info ][gc,heap     ] GC(115) Humongous regions: 10->0
[2025-10-13T17:40:48.519-0700][1207][info ][gc,metaspace] GC(115) Metaspace: 312409K(317952K)->312409K(317952K) NonClass: 275476K(278400K)->275476K(278400K) Class: 36932K(39552K)->36932K(39552K)
[2025-10-13T17:40:48.519-0700][1207][info ][gc          ] GC(115) Pause Young (Mixed) (G1 Evacuation Pause) 103118M->33169M(184320M) 163.633ms
[2025-10-13T17:40:48.520-0700][1207][info ][gc,cpu      ] GC(115) User=13.62s Sys=0.12s Real=0.17s
[2025-10-13T17:40:48.522-0700][1207][info ][safepoint   ] Safepoint "G1CollectForAllocation", Time since last: 791401021 ns, Reaching safepoint: 18795585 ns, Cleanup: 18679 ns, At safepoint: 168308864 ns, Total: 187123128 ns
[2025-10-13T17:40:49.523-0700][1207][info ][safepoint   ] Safepoint "Cleanup", Time since last: 1000094578 ns, Reaching safepoint: 897055 ns, Cleanup: 17417 ns, At safepoint: 233122 ns, Total: 1147594 ns
[2025-10-13T17:40:50.524-0700][1207][info ][safepoint   ] Safepoint "Cleanup", Time since last: 1000110772 ns, Reaching safepoint: 799188 ns, Cleanup: 13000 ns, At safepoint: 216427 ns, Total: 1028615 ns
[2025-10-13T17:40:52.154-0700][1207][info ][safepoint   ] Safepoint "Cleanup", Time since last: 1628577290 ns, Reaching safepoint: 809724 ns, Cleanup: 20251 ns, At safepoint: 173912 ns, Total: 1003887 ns
[2025-10-13T17:40:53.155-0700][1207][info ][safepoint   ] Safepoint "Cleanup", Time since last: 1000105725 ns, Reaching safepoint: 792007 ns, Cleanup: 31638 ns, At safepoint: 137127 ns, Total: 960772 ns
[2025-10-13T17:40:54.180-0700][1207][info ][safepoint   ] Safepoint "Cleanup", Time since last: 1000104022 ns, Reaching safepoint: 23975654 ns, Cleanup: 68123 ns, At safepoint: 1086502 ns, Total: 25130279 ns
[2025-10-13T17:40:55.181-0700][1207][info ][safepoint   ] Safepoint "Cleanup", Time since last: 1000114468 ns, Reaching safepoint: 837576 ns, Cleanup: 19069 ns, At safepoint: 680148 ns, Total: 1536793 ns
[2025-10-13T17:40:55.928-0700][1207][info ][gc,start    ] GC(116) Pause Young (Mixed) (G1 Evacuation Pause)
[2025-10-13T17:40:55.928-0700][1207][info ][gc,task     ] GC(116) Using 113 workers of 113 for evacuation
[2025-10-13T17:40:55.942-0700][1207][debug][gc,remset   ] GC(116) Visited cards 11671040 Total dirty 53018624 (22.01%) Total old 343801856 (3.39%)
[2025-10-13T17:40:56.101-0700][1207][info ][gc,phases   ] GC(116)   Pre Evacuate Collection Set: 0.8ms
[2025-10-13T17:40:56.101-0700][1207][info ][gc,phases   ] GC(116)   Merge Heap Roots: 13.5ms
[2025-10-13T17:40:56.101-0700][1207][info ][gc,phases   ] GC(116)   Evacuate Collection Set: 144.6ms
[2025-10-13T17:40:56.101-0700][1207][info ][gc,phases   ] GC(116)   Post Evacuate Collection Set: 13.7ms
[2025-10-13T17:40:56.101-0700][1207][info ][gc,phases   ] GC(116)   Other: 0.1ms
[2025-10-13T17:40:56.101-0700][1207][debug][gc,remset   ] GC(116) Coarsening (recent): Inline->AoC 30783 (0) AoC->Howl 180 (0) Howl->Full 0 (0) Inline->AoC 811 (0) AoC->BitMap 78 (0) BitMap->Full 0 (0) 
[2025-10-13T17:40:56.101-0700][1207][debug][gc,remset   ] GC(116) Coarsening (all): Inline->AoC 2318921 (72) AoC->Howl 79515 (227) Howl->Full 0 (0) Inline->AoC 367543 (72) AoC->BitMap 93429 (165) BitMap->Full 6 (0) 
[2025-10-13T17:40:56.101-0700][1207][info ][gc,heap     ] GC(116) Eden regions: 1982->0(2329)
[2025-10-13T17:40:56.101-0700][1207][info ][gc,heap     ] GC(116) Survivor regions: 188->150(272)
[2025-10-13T17:40:56.101-0700][1207][info ][gc,heap     ] GC(116) Old regions: 849->877
[2025-10-13T17:40:56.101-0700][1207][info ][gc,heap     ] GC(116) Humongous regions: 12->0
[2025-10-13T17:40:56.101-0700][1207][info ][gc,metaspace] GC(116) Metaspace: 312465K(318016K)->312465K(318016K) NonClass: 275527K(278464K)->275527K(278464K) Class: 36938K(39552K)->36938K(39552K)
[2025-10-13T17:40:56.101-0700][1207][info ][gc          ] GC(116) Pause Young (Mixed) (G1 Evacuation Pause) 96977M->32858M(184320M) 172.936ms
[2025-10-13T17:40:56.103-0700][1207][info ][gc,cpu      ] GC(116) User=15.16s Sys=0.20s Real=0.18s
[2025-10-13T17:40:56.104-0700][1207][info ][safepoint   ] Safepoint "G1CollectForAllocation", Time since last: 744065152 ns, Reaching safepoint: 823374 ns, Cleanup: 38057 ns, At safepoint: 177425713 ns, Total: 178287144 ns
[2025-10-13T17:40:57.105-0700][1207][info ][safepoint   ] Safepoint "Cleanup", Time since last: 1000093306 ns, Reaching safepoint: 902674 ns, Cleanup: 43536 ns, At safepoint: 157177 ns, Total: 1103387 ns
[2025-10-13T17:40:58.106-0700][1207][info ][safepoint   ] Safepoint "Cleanup", Time since last: 1000104143 ns, Reaching safepoint: 789613 ns, Cleanup: 55283 ns, At safepoint: 219753 ns, Total: 1064649 ns
[2025-10-13T17:40:59.108-0700][1207][info ][safepoint   ] Safepoint "Cleanup", Time since last: 1000105133 ns, Reaching safepoint: 837135 ns, Cleanup: 23636 ns, At safepoint: 654109 ns, Total: 1514880 ns
[2025-10-13T17:41:00.110-0700][1207][info ][safepoint   ] Safepoint "Cleanup", Time since last: 1000115209 ns, Reaching safepoint: 1413065 ns, Cleanup: 33591 ns, At safepoint: 456119 ns, Total: 1902775 ns
[2025-10-13T17:41:01.112-0700][1207][info ][safepoint   ] Safepoint "Cleanup", Time since last: 1000099646 ns, Reaching safepoint: 826058 ns, Cleanup: 24878 ns, At safepoint: 773529 ns, Total: 1624465 ns
[2025-10-13T17:41:03.114-0700][1207][info ][safepoint   ] Safepoint "Cleanup", Time since last: 2000170557 ns, Reaching safepoint: 911027 ns, Cleanup: 27472 ns, At safepoint: 858267 ns, Total: 1796766 ns
[2025-10-13T17:41:04.115-0700][1207][info ][safepoint   ] Safepoint "Cleanup", Time since last: 1000112595 ns, Reaching safepoint: 809173 ns, Cleanup: 16705 ns, At safepoint: 982725 ns, Total: 1808603 ns
[2025-10-13T17:41:04.545-0700][1207][info ][gc,start    ] GC(117) Pause Young (Mixed) (G1 Evacuation Pause)
[2025-10-13T17:41:04.545-0700][1207][info ][gc,task     ] GC(117) Using 113 workers of 113 for evacuation
[2025-10-13T17:41:04.557-0700][1207][debug][gc,remset   ] GC(117) Visited cards 12886784 Total dirty 54853632 (23.49%) Total old 393084928 (3.28%)
[2025-10-13T17:41:04.700-0700][1207][info ][gc,phases   ] GC(117)   Pre Evacuate Collection Set: 0.7ms
[2025-10-13T17:41:04.700-0700][1207][info ][gc,phases   ] GC(117)   Merge Heap Roots: 11.6ms
[2025-10-13T17:41:04.700-0700][1207][info ][gc,phases   ] GC(117)   Evacuate Collection Set: 129.4ms
[2025-10-13T17:41:04.700-0700][1207][info ][gc,phases   ] GC(117)   Post Evacuate Collection Set: 13.3ms
[2025-10-13T17:41:04.700-0700][1207][info ][gc,phases   ] GC(117)   Other: 0.2ms
[2025-10-13T17:41:04.700-0700][1207][debug][gc,remset   ] GC(117) Coarsening (recent): Inline->AoC 34859 (0) AoC->Howl 331 (0) Howl->Full 0 (0) Inline->AoC 1159 (0) AoC->BitMap 246 (0) BitMap->Full 0 (0) 
[2025-10-13T17:41:04.700-0700][1207][debug][gc,remset   ] GC(117) Coarsening (all): Inline->AoC 2353780 (72) AoC->Howl 79846 (227) Howl->Full 0 (0) Inline->AoC 368702 (72) AoC->BitMap 93675 (165) BitMap->Full 6 (0) 
[2025-10-13T17:41:04.700-0700][1207][info ][gc,heap     ] GC(117) Eden regions: 2381->0(2135)
[2025-10-13T17:41:04.700-0700][1207][info ][gc,heap     ] GC(117) Survivor regions: 150->192(317)
[2025-10-13T17:41:04.700-0700][1207][info ][gc,heap     ] GC(117) Old regions: 877->844
[2025-10-13T17:41:04.700-0700][1207][info ][gc,heap     ] GC(117) Humongous regions: 14->0
[2025-10-13T17:41:04.700-0700][1207][info ][gc,metaspace] GC(117) Metaspace: 312506K(318080K)->312506K(318080K) NonClass: 275564K(278528K)->275564K(278528K) Class: 36941K(39552K)->36941K(39552K)
[2025-10-13T17:41:04.700-0700][1207][info ][gc          ] GC(117) Pause Young (Mixed) (G1 Evacuation Pause) 109498M->33133M(184320M) 155.414ms
[2025-10-13T17:41:04.702-0700][1207][info ][gc,cpu      ] GC(117) User=13.91s Sys=0.28s Real=0.16s
[2025-10-13T17:41:04.703-0700][1207][info ][safepoint   ] Safepoint "G1CollectForAllocation", Time since last: 426936557 ns, Reaching safepoint: 830495 ns, Cleanup: 12379 ns, At safepoint: 160134991 ns, Total: 160977865 ns
[2025-10-13T17:41:05.704-0700][1207][info ][safepoint   ] Safepoint "Cleanup", Time since last: 1000084933 ns, Reaching safepoint: 673568 ns, Cleanup: 44307 ns, At safepoint: 174344 ns, Total: 892219 ns
[2025-10-13T17:41:06.705-0700][1207][info ][safepoint   ] Safepoint "Cleanup", Time since last: 1000103401 ns, Reaching safepoint: 683293 ns, Cleanup: 27401 ns, At safepoint: 228466 ns, Total: 939160 ns
[2025-10-13T17:41:07.707-0700][1207][info ][safepoint   ] Safepoint "Cleanup", Time since last: 1000101363 ns, Reaching safepoint: 835173 ns, Cleanup: 25879 ns, At safepoint: 431221 ns, Total: 1292273 ns
[2025-10-13T17:41:08.709-0700][1207][info ][safepoint   ] Safepoint "Cleanup", Time since last: 1000114053 ns, Reaching safepoint: 855643 ns, Cleanup: 25799 ns, At safepoint: 810035 ns, Total: 1691477 ns
[2025-10-13T17:41:09.710-0700][1207][info ][safepoint   ] Safepoint "Cleanup", Time since last: 1000110728 ns, Reaching safepoint: 874201 ns, Cleanup: 24938 ns, At safepoint: 746668 ns, Total: 1645807 ns
[2025-10-13T17:41:10.714-0700][1207][info ][safepoint   ] Safepoint "Cleanup", Time since last: 1000110417 ns, Reaching safepoint: 2786722 ns, Cleanup: 18198 ns, At safepoint: 1145682 ns, Total: 3950602 ns
[2025-10-13T17:41:10.977-0700][1207][info ][gc,start    ] GC(118) Pause Young (Mixed) (G1 Evacuation Pause)
[2025-10-13T17:41:10.977-0700][1207][info ][gc,task     ] GC(118) Using 113 workers of 113 for evacuation
[2025-10-13T17:41:10.990-0700][1207][debug][gc,remset   ] GC(118) Visited cards 12787456 Total dirty 53215232 (24.03%) Total old 373948416 (3.42%)
[2025-10-13T17:41:11.150-0700][1207][info ][gc,phases   ] GC(118)   Pre Evacuate Collection Set: 0.7ms
[2025-10-13T17:41:11.150-0700][1207][info ][gc,phases   ] GC(118)   Merge Heap Roots: 11.8ms
[2025-10-13T17:41:11.150-0700][1207][info ][gc,phases   ] GC(118)   Evacuate Collection Set: 146.9ms
[2025-10-13T17:41:11.150-0700][1207][info ][gc,phases   ] GC(118)   Post Evacuate Collection Set: 13.5ms
[2025-10-13T17:41:11.150-0700][1207][info ][gc,phases   ] GC(118)   Other: 0.2ms
[2025-10-13T17:41:11.150-0700][1207][debug][gc,remset   ] GC(118) Coarsening (recent): Inline->AoC 32565 (0) AoC->Howl 171 (0) Howl->Full 0 (0) Inline->AoC 884 (0) AoC->BitMap 61 (0) BitMap->Full 0 (0) 
[2025-10-13T17:41:11.150-0700][1207][debug][gc,remset   ] GC(118) Coarsening (all): Inline->AoC 2386345 (72) AoC->Howl 80017 (227) Howl->Full 0 (0) Inline->AoC 369586 (72) AoC->BitMap 93736 (165) BitMap->Full 6 (0) 
[2025-10-13T17:41:11.150-0700][1207][info ][gc,heap     ] GC(118) Eden regions: 2207->0(2148)
[2025-10-13T17:41:11.150-0700][1207][info ][gc,heap     ] GC(118) Survivor regions: 192->203(300)
[2025-10-13T17:41:11.150-0700][1207][info ][gc,heap     ] GC(118) Old regions: 844->835
[2025-10-13T17:41:11.150-0700][1207][info ][gc,heap     ] GC(118) Humongous regions: 19->0
[2025-10-13T17:41:11.150-0700][1207][info ][gc,metaspace] GC(118) Metaspace: 312744K(318400K)->312744K(318400K) NonClass: 275792K(278784K)->275792K(278784K) Class: 36951K(39616K)->36951K(39616K)
[2025-10-13T17:41:11.150-0700][1207][info ][gc          ] GC(118) Pause Young (Mixed) (G1 Evacuation Pause) 104365M->33206M(184320M) 173.186ms
[2025-10-13T17:41:11.152-0700][1207][info ][gc,cpu      ] GC(118) User=15.62s Sys=0.24s Real=0.18s
[2025-10-13T17:41:11.153-0700][1207][info ][safepoint   ] Safepoint "G1CollectForAllocation", Time since last: 259855075 ns, Reaching safepoint: 1321377 ns, Cleanup: 13040 ns, At safepoint: 177792383 ns, Total: 179126800 ns
[2025-10-13T17:41:12.155-0700][1207][info ][safepoint   ] Safepoint "Cleanup", Time since last: 1000081723 ns, Reaching safepoint: 873100 ns, Cleanup: 17617 ns, At safepoint: 533686 ns, Total: 1424403 ns
[2025-10-13T17:41:13.157-0700][1207][info ][safepoint   ] Safepoint "Cleanup", Time since last: 1000115265 ns, Reaching safepoint: 824165 ns, Cleanup: 27963 ns, At safepoint: 795732 ns, Total: 1647860 ns
[2025-10-13T17:41:14.158-0700][1207][info ][safepoint   ] Safepoint "Cleanup", Time since last: 1000114324 ns, Reaching safepoint: 816414 ns, Cleanup: 12188 ns, At safepoint: 556401 ns, Total: 1385003 ns
[2025-10-13T17:41:15.161-0700][1207][info ][safepoint   ] Safepoint "Cleanup", Time since last: 1000118519 ns, Reaching safepoint: 1744838 ns, Cleanup: 10305 ns, At safepoint: 848202 ns, Total: 2603345 ns
[2025-10-13T17:41:16.162-0700][1207][info ][safepoint   ] Safepoint "Cleanup", Time since last: 1000100002 ns, Reaching safepoint: 813049 ns, Cleanup: 13760 ns, At safepoint: 608881 ns, Total: 1435690 ns
[2025-10-13T17:41:17.164-0700][1207][info ][safepoint   ] Safepoint "Cleanup", Time since last: 1000106691 ns, Reaching safepoint: 841322 ns, Cleanup: 15664 ns, At safepoint: 779638 ns, Total: 1636624 ns
[2025-10-13T17:41:18.243-0700][1207][info ][gc,start    ] GC(119) Pause Young (Mixed) (G1 Evacuation Pause)
[2025-10-13T17:41:18.244-0700][1207][info ][gc,task     ] GC(119) Using 113 workers of 113 for evacuation
[2025-10-13T17:41:18.257-0700][1207][debug][gc,remset   ] GC(119) Visited cards 13192704 Total dirty 52690944 (25.04%) Total old 383123456 (3.44%)
[2025-10-13T17:41:18.439-0700][1207][info ][gc,phases   ] GC(119)   Pre Evacuate Collection Set: 0.7ms
[2025-10-13T17:41:18.439-0700][1207][info ][gc,phases   ] GC(119)   Merge Heap Roots: 12.1ms
[2025-10-13T17:41:18.439-0700][1207][info ][gc,phases   ] GC(119)   Evacuate Collection Set: 169.5ms
[2025-10-13T17:41:18.439-0700][1207][info ][gc,phases   ] GC(119)   Post Evacuate Collection Set: 13.3ms
[2025-10-13T17:41:18.439-0700][1207][info ][gc,phases   ] GC(119)   Other: 0.1ms
[2025-10-13T17:41:18.439-0700][1207][debug][gc,remset   ] GC(119) Coarsening (recent): Inline->AoC 26651 (1) AoC->Howl 148 (0) Howl->Full 0 (0) Inline->AoC 664 (0) AoC->BitMap 81 (0) BitMap->Full 0 (0) 
[2025-10-13T17:41:18.439-0700][1207][debug][gc,remset   ] GC(119) Coarsening (all): Inline->AoC 2412996 (73) AoC->Howl 80165 (227) Howl->Full 0 (0) Inline->AoC 370250 (72) AoC->BitMap 93817 (165) BitMap->Full 6 (0) 
[2025-10-13T17:41:18.439-0700][1207][info ][gc,heap     ] GC(119) Eden regions: 2272->0(2395)
[2025-10-13T17:41:18.439-0700][1207][info ][gc,heap     ] GC(119) Survivor regions: 203->210(310)
[2025-10-13T17:41:18.439-0700][1207][info ][gc,heap     ] GC(119) Old regions: 835->843
[2025-10-13T17:41:18.439-0700][1207][info ][gc,heap     ] GC(119) Humongous regions: 19->0
[2025-10-13T17:41:18.439-0700][1207][info ][gc,metaspace] GC(119) Metaspace: 312901K(318528K)->312901K(318528K) NonClass: 275929K(278912K)->275929K(278912K) Class: 36972K(39616K)->36972K(39616K)
[2025-10-13T17:41:18.439-0700][1207][info ][gc          ] GC(119) Pause Young (Mixed) (G1 Evacuation Pause) 106518M->33662M(184320M) 195.966ms
[2025-10-13T17:41:18.441-0700][1207][info ][gc,cpu      ] GC(119) User=17.39s Sys=0.23s Real=0.20s
[2025-10-13T17:41:18.442-0700][1207][info ][safepoint   ] Safepoint "G1CollectForAllocation", Time since last: 1076891477 ns, Reaching safepoint: 777866 ns, Cleanup: 4477 ns, At safepoint: 200607787 ns, Total: 201390130 ns
[2025-10-13T17:41:18.602-0700][1207][info ][gc,start    ] GC(120) Pause Young (Concurrent Start) (G1 Humongous Allocation)
[2025-10-13T17:41:18.602-0700][1207][info ][gc,task     ] GC(120) Using 113 workers of 113 for evacuation
[2025-10-13T17:41:18.613-0700][1207][debug][gc,remset   ] GC(120) Visited cards 9043968 Total dirty 52822016 (17.12%) Total old 98500608 (9.18%)
[2025-10-13T17:41:18.746-0700][1207][info ][gc,phases   ] GC(120)   Pre Evacuate Collection Set: 0.9ms
[2025-10-13T17:41:18.746-0700][1207][info ][gc,phases   ] GC(120)   Merge Heap Roots: 9.9ms
[2025-10-13T17:41:18.746-0700][1207][info ][gc,phases   ] GC(120)   Evacuate Collection Set: 123.5ms
[2025-10-13T17:41:18.746-0700][1207][info ][gc,phases   ] GC(120)   Post Evacuate Collection Set: 9.9ms
[2025-10-13T17:41:18.746-0700][1207][info ][gc,phases   ] GC(120)   Other: 0.1ms
[2025-10-13T17:41:18.746-0700][1207][debug][gc,remset   ] GC(120) Coarsening (recent): Inline->AoC 0 (0) AoC->Howl 0 (0) Howl->Full 0 (0) Inline->AoC 0 (0) AoC->BitMap 0 (0) BitMap->Full 0 (0) 
[2025-10-13T17:41:18.746-0700][1207][debug][gc,remset   ] GC(120) Coarsening (all): Inline->AoC 2412996 (73) AoC->Howl 80165 (227) Howl->Full 0 (0) Inline->AoC 370250 (72) AoC->BitMap 93817 (165) BitMap->Full 6 (0) 
[2025-10-13T17:41:18.746-0700][1207][info ][gc,heap     ] GC(120) Eden regions: 120->0(1202)
[2025-10-13T17:41:18.746-0700][1207][info ][gc,heap     ] GC(120) Survivor regions: 210->183(345)
[2025-10-13T17:41:18.746-0700][1207][info ][gc,heap     ] GC(120) Old regions: 843->878
[2025-10-13T17:41:18.746-0700][1207][info ][gc,heap     ] GC(120) Humongous regions: 0->0
[2025-10-13T17:41:18.746-0700][1207][info ][gc,metaspace] GC(120) Metaspace: 312901K(318528K)->312901K(318528K) NonClass: 275929K(278912K)->275929K(278912K) Class: 36972K(39616K)->36972K(39616K)
[2025-10-13T17:41:18.746-0700][1207][info ][gc          ] GC(120) Pause Young (Concurrent Start) (G1 Humongous Allocation) 37496M->33931M(184320M) 144.378ms
[2025-10-13T17:41:18.746-0700][1090][info ][gc          ] GC(121) Concurrent Mark Cycle
[2025-10-13T17:41:18.746-0700][1090][info ][gc,marking  ] GC(121) Concurrent Scan Root Regions
[2025-10-13T17:41:18.748-0700][1207][info ][gc,cpu      ] GC(120) User=12.07s Sys=0.04s Real=0.14s
[2025-10-13T17:41:18.750-0700][1207][info ][safepoint   ] Safepoint "G1TryInitiateConcMark", Time since last: 155968717 ns, Reaching safepoint: 1643945 ns, Cleanup: 12989 ns, At safepoint: 149895749 ns, Total: 151552683 ns
[2025-10-13T17:41:18.844-0700][1090][info ][gc,marking  ] GC(121) Concurrent Scan Root Regions 97.324ms
[2025-10-13T17:41:18.844-0700][1090][info ][gc,marking  ] GC(121) Concurrent Mark
[2025-10-13T17:41:18.844-0700][1090][info ][gc,marking  ] GC(121) Concurrent Mark From Roots
[2025-10-13T17:41:18.844-0700][1090][info ][gc,task     ] GC(121) Using 36 workers of 36 for marking
[2025-10-13T17:41:19.057-0700][1090][info ][gc,marking  ] GC(121) Concurrent Mark From Roots 212.942ms
[2025-10-13T17:41:19.057-0700][1090][info ][gc,marking  ] GC(121) Concurrent Preclean
[2025-10-13T17:41:19.078-0700][1090][info ][gc,marking  ] GC(121) Concurrent Preclean 20.931ms
[2025-10-13T17:41:19.081-0700][1207][info ][gc,start    ] GC(121) Pause Remark
[2025-10-13T17:41:19.412-0700][1207][info ][gc,mmu      ] GC(121) MMU target violated: 201.0ms (200.0ms/201.0ms)
[2025-10-13T17:41:19.412-0700][1207][info ][gc          ] GC(121) Pause Remark 39440M->39152M(184320M) 331.032ms
[2025-10-13T17:41:19.413-0700][1207][info ][gc,cpu      ] GC(121) User=14.20s Sys=0.07s Real=0.33s
[2025-10-13T17:41:19.415-0700][1207][info ][safepoint   ] Safepoint "G1PauseRemark", Time since last: 327913181 ns, Reaching safepoint: 979190 ns, Cleanup: 5228 ns, At safepoint: 336504507 ns, Total: 337488925 ns
[2025-10-13T17:41:19.416-0700][1090][info ][gc,marking  ] GC(121) Concurrent Mark 571.963ms
[2025-10-13T17:41:19.416-0700][1090][info ][gc,marking  ] GC(121) Concurrent Rebuild Remembered Sets and Scrub Regions
[2025-10-13T17:41:19.835-0700][1090][info ][gc,marking  ] GC(121) Concurrent Rebuild Remembered Sets and Scrub Regions 419.282ms
[2025-10-13T17:41:19.854-0700][1207][info ][gc,start    ] GC(121) Pause Cleanup
[2025-10-13T17:41:19.856-0700][1207][info ][gc          ] GC(121) Pause Cleanup 44917M->44917M(184320M) 1.906ms
[2025-10-13T17:41:19.857-0700][1207][info ][gc,cpu      ] GC(121) User=0.00s Sys=0.02s Real=0.00s
[2025-10-13T17:41:19.858-0700][1207][info ][safepoint   ] Safepoint "G1PauseCleanup", Time since last: 419919263 ns, Reaching safepoint: 16675393 ns, Cleanup: 103887 ns, At safepoint: 5849472 ns, Total: 22628752 ns
[2025-10-13T17:41:19.858-0700][1090][info ][gc,marking  ] GC(121) Concurrent Clear Claimed Marks
[2025-10-13T17:41:19.859-0700][1090][info ][gc,marking  ] GC(121) Concurrent Clear Claimed Marks 1.091ms
[2025-10-13T17:41:19.859-0700][1090][info ][gc,marking  ] GC(121) Concurrent Cleanup for Next Mark
[2025-10-13T17:41:19.890-0700][1090][info ][gc,marking  ] GC(121) Concurrent Cleanup for Next Mark 30.412ms
[2025-10-13T17:41:19.890-0700][1090][info ][gc          ] GC(121) Concurrent Mark Cycle 1143.126ms
[2025-10-13T17:41:20.859-0700][1207][info ][safepoint   ] Safepoint "Cleanup", Time since last: 1000100031 ns, Reaching safepoint: 802693 ns, Cleanup: 9395 ns, At safepoint: 417621 ns, Total: 1229709 ns
[2025-10-13T17:41:21.860-0700][1207][info ][safepoint   ] Safepoint "Cleanup", Time since last: 1000114093 ns, Reaching safepoint: 710283 ns, Cleanup: 22284 ns, At safepoint: 405102 ns, Total: 1137669 ns
[2025-10-13T17:41:22.862-0700][1207][info ][safepoint   ] Safepoint "Cleanup", Time since last: 1000114904 ns, Reaching safepoint: 703514 ns, Cleanup: 10556 ns, At safepoint: 391021 ns, Total: 1105091 ns
[2025-10-13T17:41:23.232-0700][1207][info ][gc,start    ] GC(122) Pause Young (Prepare Mixed) (G1 Evacuation Pause)
[2025-10-13T17:41:23.232-0700][1207][info ][gc,task     ] GC(122) Using 113 workers of 113 for evacuation
[2025-10-13T17:41:23.246-0700][1207][debug][gc,remset   ] GC(122) Visited cards 9208320 Total dirty 54919168 (16.77%) Total old 229376000 (4.01%)
[2025-10-13T17:41:23.375-0700][1207][info ][gc,phases   ] GC(122)   Pre Evacuate Collection Set: 0.9ms
[2025-10-13T17:41:23.375-0700][1207][info ][gc,phases   ] GC(122)   Merge Heap Roots: 13.1ms
[2025-10-13T17:41:23.375-0700][1207][info ][gc,phases   ] GC(122)   Evacuate Collection Set: 116.1ms
[2025-10-13T17:41:23.375-0700][1207][info ][gc,phases   ] GC(122)   Post Evacuate Collection Set: 11.9ms
[2025-10-13T17:41:23.375-0700][1207][info ][gc,phases   ] GC(122)   Other: 0.1ms
[2025-10-13T17:41:23.375-0700][1207][debug][gc,remset   ] GC(122) Coarsening (recent): Inline->AoC 128588 (3) AoC->Howl 6483 (12) Howl->Full 0 (0) Inline->AoC 28892 (3) AoC->BitMap 7678 (13) BitMap->Full 1 (0) 
[2025-10-13T17:41:23.375-0700][1207][debug][gc,remset   ] GC(122) Coarsening (all): Inline->AoC 2541584 (76) AoC->Howl 86648 (239) Howl->Full 0 (0) Inline->AoC 399142 (75) AoC->BitMap 101495 (178) BitMap->Full 7 (0) 
[2025-10-13T17:41:23.375-0700][1207][info ][gc,heap     ] GC(122) Eden regions: 1128->0(1786)
[2025-10-13T17:41:23.375-0700][1207][info ][gc,heap     ] GC(122) Survivor regions: 183->116(164)
[2025-10-13T17:41:23.375-0700][1207][info ][gc,heap     ] GC(122) Old regions: 869->950
[2025-10-13T17:41:23.375-0700][1207][info ][gc,heap     ] GC(122) Humongous regions: 9->0
[2025-10-13T17:41:23.375-0700][1207][info ][gc,metaspace] GC(122) Metaspace: 312681K(318528K)->312681K(318528K) NonClass: 275745K(278912K)->275745K(278912K) Class: 36936K(39616K)->36936K(39616K)
[2025-10-13T17:41:23.375-0700][1207][info ][gc          ] GC(122) Pause Young (Prepare Mixed) (G1 Evacuation Pause) 70027M->34101M(184320M) 142.303ms
[2025-10-13T17:41:23.376-0700][1207][info ][gc,cpu      ] GC(122) User=13.28s Sys=0.07s Real=0.14s
[2025-10-13T17:41:23.378-0700][1207][info ][safepoint   ] Safepoint "G1CollectForAllocation", Time since last: 368172580 ns, Reaching safepoint: 795423 ns, Cleanup: 19329 ns, At safepoint: 146997318 ns, Total: 147812070 ns
[2025-10-13T17:41:24.379-0700][1207][info ][safepoint   ] Safepoint "Cleanup", Time since last: 1000077718 ns, Reaching safepoint: 855272 ns, Cleanup: 12870 ns, At safepoint: 186271 ns, Total: 1054413 ns
[2025-10-13T17:41:25.380-0700][1207][info ][safepoint   ] Safepoint "Cleanup", Time since last: 1000110648 ns, Reaching safepoint: 824847 ns, Cleanup: 23285 ns, At safepoint: 207764 ns, Total: 1055896 ns
[2025-10-13T17:41:26.381-0700][1207][info ][safepoint   ] Safepoint "Cleanup", Time since last: 1000128555 ns, Reaching safepoint: 795933 ns, Cleanup: 19449 ns, At safepoint: 266873 ns, Total: 1082255 ns
[2025-10-13T17:41:27.383-0700][1207][info ][safepoint   ] Safepoint "Cleanup", Time since last: 1000097117 ns, Reaching safepoint: 839630 ns, Cleanup: 13881 ns, At safepoint: 363399 ns, Total: 1216910 ns
[2025-10-13T17:41:28.384-0700][1207][info ][safepoint   ] Safepoint "Cleanup", Time since last: 1000103907 ns, Reaching safepoint: 929455 ns, Cleanup: 21563 ns, At safepoint: 602380 ns, Total: 1553398 ns
[2025-10-13T17:41:29.386-0700][1207][info ][safepoint   ] Safepoint "Cleanup", Time since last: 1000151480 ns, Reaching safepoint: 884236 ns, Cleanup: 16455 ns, At safepoint: 750174 ns, Total: 1650865 ns
[2025-10-13T17:41:30.388-0700][1207][info ][safepoint   ] Safepoint "Cleanup", Time since last: 1000115815 ns, Reaching safepoint: 1013562 ns, Cleanup: 15293 ns, At safepoint: 1051119 ns, Total: 2079974 ns
[2025-10-13T17:41:30.582-0700][1207][info ][gc,start    ] GC(123) Pause Young (Mixed) (G1 Evacuation Pause)
[2025-10-13T17:41:30.583-0700][1207][info ][gc,task     ] GC(123) Using 113 workers of 113 for evacuation
[2025-10-13T17:41:30.597-0700][1207][debug][gc,remset   ] GC(123) Visited cards 9865984 Total dirty 58392576 (16.90%) Total old 331153408 (2.98%)
[2025-10-13T17:41:30.698-0700][1207][info ][gc,phases   ] GC(123)   Pre Evacuate Collection Set: 0.8ms
[2025-10-13T17:41:30.698-0700][1207][info ][gc,phases   ] GC(123)   Merge Heap Roots: 14.1ms
[2025-10-13T17:41:30.698-0700][1207][info ][gc,phases   ] GC(123)   Evacuate Collection Set: 88.5ms
[2025-10-13T17:41:30.698-0700][1207][info ][gc,phases   ] GC(123)   Post Evacuate Collection Set: 12.0ms
[2025-10-13T17:41:30.698-0700][1207][info ][gc,phases   ] GC(123)   Other: 0.1ms
[2025-10-13T17:41:30.698-0700][1207][debug][gc,remset   ] GC(123) Coarsening (recent): Inline->AoC 15846 (2) AoC->Howl 421 (41) Howl->Full 0 (0) Inline->AoC 1145 (9) AoC->BitMap 317 (25) BitMap->Full 0 (0) 
[2025-10-13T17:41:30.698-0700][1207][debug][gc,remset   ] GC(123) Coarsening (all): Inline->AoC 2557430 (78) AoC->Howl 87069 (280) Howl->Full 0 (0) Inline->AoC 400287 (84) AoC->BitMap 101812 (203) BitMap->Full 7 (0) 
[2025-10-13T17:41:30.698-0700][1207][info ][gc,heap     ] GC(123) Eden regions: 1909->0(1926)
[2025-10-13T17:41:30.698-0700][1207][info ][gc,heap     ] GC(123) Survivor regions: 116->140(254)
[2025-10-13T17:41:30.698-0700][1207][info ][gc,heap     ] GC(123) Old regions: 950->920
[2025-10-13T17:41:30.698-0700][1207][info ][gc,heap     ] GC(123) Humongous regions: 11->0
[2025-10-13T17:41:30.698-0700][1207][info ][gc,metaspace] GC(123) Metaspace: 312718K(318528K)->312718K(318528K) NonClass: 275779K(278912K)->275779K(278912K) Class: 36939K(39616K)->36939K(39616K)
[2025-10-13T17:41:30.698-0700][1207][info ][gc          ] GC(123) Pause Young (Mixed) (G1 Evacuation Pause) 95541M->33898M(184320M) 115.678ms
[2025-10-13T17:41:30.700-0700][1207][info ][gc,cpu      ] GC(123) User=10.86s Sys=0.04s Real=0.11s
[2025-10-13T17:41:30.701-0700][1207][info ][safepoint   ] Safepoint "G1CollectForAllocation", Time since last: 188632977 ns, Reaching safepoint: 3996070 ns, Cleanup: 5979 ns, At safepoint: 120295550 ns, Total: 124297599 ns
[2025-10-13T17:41:33.702-0700][1207][info ][safepoint   ] Safepoint "Cleanup", Time since last: 3000216649 ns, Reaching safepoint: 672005 ns, Cleanup: 17266 ns, At safepoint: 132741 ns, Total: 822012 ns
[2025-10-13T17:41:34.703-0700][1207][info ][safepoint   ] Safepoint "Cleanup", Time since last: 1000054723 ns, Reaching safepoint: 796063 ns, Cleanup: 38639 ns, At safepoint: 180613 ns, Total: 1015315 ns
[2025-10-13T17:41:35.705-0700][1207][info ][safepoint   ] Safepoint "Cleanup", Time since last: 1000108715 ns, Reaching safepoint: 835472 ns, Cleanup: 10747 ns, At safepoint: 497792 ns, Total: 1344011 ns
[2025-10-13T17:41:36.707-0700][1207][info ][safepoint   ] Safepoint "Cleanup", Time since last: 1000121674 ns, Reaching safepoint: 1575091 ns, Cleanup: 38448 ns, At safepoint: 410801 ns, Total: 2024340 ns
[2025-10-13T17:41:37.710-0700][1207][info ][safepoint   ] Safepoint "Cleanup", Time since last: 1000110587 ns, Reaching safepoint: 1826111 ns, Cleanup: 27181 ns, At safepoint: 874081 ns, Total: 2727373 ns
[2025-10-13T17:41:38.160-0700][1207][info ][gc,start    ] GC(124) Pause Young (Mixed) (G1 Evacuation Pause)
[2025-10-13T17:41:38.161-0700][1207][info ][gc,task     ] GC(124) Using 113 workers of 113 for evacuation
[2025-10-13T17:41:38.175-0700][1207][debug][gc,remset   ] GC(124) Visited cards 9839616 Total dirty 57081856 (17.24%) Total old 350552064 (2.81%)
[2025-10-13T17:41:38.293-0700][1207][info ][gc,phases   ] GC(124)   Pre Evacuate Collection Set: 0.7ms
[2025-10-13T17:41:38.293-0700][1207][info ][gc,phases   ] GC(124)   Merge Heap Roots: 13.2ms
[2025-10-13T17:41:38.293-0700][1207][info ][gc,phases   ] GC(124)   Evacuate Collection Set: 106.8ms
[2025-10-13T17:41:38.293-0700][1207][info ][gc,phases   ] GC(124)   Post Evacuate Collection Set: 11.8ms
[2025-10-13T17:41:38.293-0700][1207][info ][gc,phases   ] GC(124)   Other: 0.2ms
[2025-10-13T17:41:38.293-0700][1207][debug][gc,remset   ] GC(124) Coarsening (recent): Inline->AoC 16638 (0) AoC->Howl 191 (0) Howl->Full 0 (0) Inline->AoC 755 (0) AoC->BitMap 131 (0) BitMap->Full 0 (0) 
[2025-10-13T17:41:38.293-0700][1207][debug][gc,remset   ] GC(124) Coarsening (all): Inline->AoC 2574068 (78) AoC->Howl 87260 (280) Howl->Full 0 (0) Inline->AoC 401042 (84) AoC->BitMap 101943 (203) BitMap->Full 7 (0) 
[2025-10-13T17:41:38.293-0700][1207][info ][gc,heap     ] GC(124) Eden regions: 2049->0(2059)
[2025-10-13T17:41:38.293-0700][1207][info ][gc,heap     ] GC(124) Survivor regions: 140->163(274)
[2025-10-13T17:41:38.293-0700][1207][info ][gc,heap     ] GC(124) Old regions: 920->882
[2025-10-13T17:41:38.293-0700][1207][info ][gc,heap     ] GC(124) Humongous regions: 9->0
[2025-10-13T17:41:38.293-0700][1207][info ][gc,metaspace] GC(124) Metaspace: 312826K(318528K)->312826K(318528K) NonClass: 275880K(278912K)->275880K(278912K) Class: 36946K(39616K)->36946K(39616K)
[2025-10-13T17:41:38.293-0700][1207][info ][gc          ] GC(124) Pause Young (Mixed) (G1 Evacuation Pause) 99754M->33406M(184320M) 132.898ms
[2025-10-13T17:41:38.295-0700][1207][info ][gc,cpu      ] GC(124) User=11.95s Sys=0.04s Real=0.13s
[2025-10-13T17:41:38.296-0700][1207][info ][safepoint   ] Safepoint "G1CollectForAllocation", Time since last: 448068018 ns, Reaching safepoint: 1042365 ns, Cleanup: 22274 ns, At safepoint: 137498080 ns, Total: 138562719 ns
[2025-10-13T17:41:39.301-0700][1207][info ][safepoint   ] Safepoint "Cleanup", Time since last: 1000087623 ns, Reaching safepoint: 3898893 ns, Cleanup: 12399 ns, At safepoint: 695651 ns, Total: 4606943 ns
[2025-10-13T17:41:41.303-0700][1207][info ][safepoint   ] Safepoint "Cleanup", Time since last: 2000167985 ns, Reaching safepoint: 1013301 ns, Cleanup: 54693 ns, At safepoint: 541519 ns, Total: 1609513 ns
[2025-10-13T17:41:42.305-0700][1207][info ][safepoint   ] Safepoint "Cleanup", Time since last: 1000113461 ns, Reaching safepoint: 864487 ns, Cleanup: 10967 ns, At safepoint: 794851 ns, Total: 1670305 ns
[2025-10-13T17:41:44.306-0700][1207][info ][safepoint   ] Safepoint "Cleanup", Time since last: 2000181846 ns, Reaching safepoint: 834391 ns, Cleanup: 12389 ns, At safepoint: 670653 ns, Total: 1517433 ns
[2025-10-13T17:41:46.030-0700][1207][info ][gc,start    ] GC(125) Pause Young (Mixed) (G1 Evacuation Pause)
[2025-10-13T17:41:46.030-0700][1207][info ][gc,task     ] GC(125) Using 113 workers of 113 for evacuation
[2025-10-13T17:41:46.043-0700][1207][debug][gc,remset   ] GC(125) Visited cards 9783296 Total dirty 55181312 (17.73%) Total old 364642304 (2.68%)
[2025-10-13T17:41:46.181-0700][1207][info ][gc,phases   ] GC(125)   Pre Evacuate Collection Set: 0.8ms
[2025-10-13T17:41:46.181-0700][1207][info ][gc,phases   ] GC(125)   Merge Heap Roots: 12.6ms
[2025-10-13T17:41:46.181-0700][1207][info ][gc,phases   ] GC(125)   Evacuate Collection Set: 124.7ms
[2025-10-13T17:41:46.181-0700][1207][info ][gc,phases   ] GC(125)   Post Evacuate Collection Set: 12.4ms
[2025-10-13T17:41:46.181-0700][1207][info ][gc,phases   ] GC(125)   Other: 0.2ms
[2025-10-13T17:41:46.181-0700][1207][debug][gc,remset   ] GC(125) Coarsening (recent): Inline->AoC 18296 (0) AoC->Howl 226 (0) Howl->Full 0 (0) Inline->AoC 1045 (0) AoC->BitMap 112 (0) BitMap->Full 0 (0) 
[2025-10-13T17:41:46.181-0700][1207][debug][gc,remset   ] GC(125) Coarsening (all): Inline->AoC 2592364 (78) AoC->Howl 87486 (280) Howl->Full 0 (0) Inline->AoC 402087 (84) AoC->BitMap 102055 (203) BitMap->Full 7 (0) 
[2025-10-13T17:41:46.181-0700][1207][info ][gc,heap     ] GC(125) Eden regions: 2149->0(2281)
[2025-10-13T17:41:46.181-0700][1207][info ][gc,heap     ] GC(125) Survivor regions: 163->161(289)
[2025-10-13T17:41:46.181-0700][1207][info ][gc,heap     ] GC(125) Old regions: 882->883
[2025-10-13T17:41:46.181-0700][1207][info ][gc,heap     ] GC(125) Humongous regions: 16->0
[2025-10-13T17:41:46.181-0700][1207][info ][gc,metaspace] GC(125) Metaspace: 312976K(318592K)->312976K(318592K) NonClass: 276009K(278976K)->276009K(278976K) Class: 36966K(39616K)->36966K(39616K)
[2025-10-13T17:41:46.181-0700][1207][info ][gc          ] GC(125) Pause Young (Mixed) (G1 Evacuation Pause) 102686M->33377M(184320M) 150.833ms
[2025-10-13T17:41:46.182-0700][1207][info ][gc,cpu      ] GC(125) User=13.91s Sys=0.05s Real=0.16s
[2025-10-13T17:41:46.184-0700][1207][info ][safepoint   ] Safepoint "G1CollectForAllocation", Time since last: 1721124417 ns, Reaching safepoint: 812278 ns, Cleanup: 24307 ns, At safepoint: 155709275 ns, Total: 156545860 ns
[2025-10-13T17:41:47.186-0700][1207][info ][safepoint   ] Safepoint "Cleanup", Time since last: 1000108665 ns, Reaching safepoint: 927311 ns, Cleanup: 12710 ns, At safepoint: 731966 ns, Total: 1671987 ns
[2025-10-13T17:41:48.187-0700][1207][info ][safepoint   ] Safepoint "Cleanup", Time since last: 1000122035 ns, Reaching safepoint: 777164 ns, Cleanup: 12249 ns, At safepoint: 333484 ns, Total: 1122897 ns
[2025-10-13T17:41:50.188-0700][1207][info ][safepoint   ] Safepoint "Cleanup", Time since last: 2000158020 ns, Reaching safepoint: 825227 ns, Cleanup: 16405 ns, At safepoint: 242536 ns, Total: 1084168 ns
[2025-10-13T17:41:52.186-0700][1207][info ][safepoint   ] Safepoint "Cleanup", Time since last: 1996404727 ns, Reaching safepoint: 700629 ns, Cleanup: 34422 ns, At safepoint: 419554 ns, Total: 1154605 ns
[2025-10-13T17:41:53.187-0700][1207][info ][safepoint   ] Safepoint "Cleanup", Time since last: 1000118790 ns, Reaching safepoint: 771667 ns, Cleanup: 28182 ns, At safepoint: 191760 ns, Total: 991609 ns
[2025-10-13T17:41:53.894-0700][1207][info ][gc,start    ] GC(126) Pause Young (Mixed) (G1 Evacuation Pause)
[2025-10-13T17:41:53.894-0700][1207][info ][gc,task     ] GC(126) Using 113 workers of 113 for evacuation
[2025-10-13T17:41:53.908-0700][1207][debug][gc,remset   ] GC(126) Visited cards 10172160 Total dirty 54657024 (18.61%) Total old 388890624 (2.62%)
[2025-10-13T17:41:54.046-0700][1207][info ][gc,phases   ] GC(126)   Pre Evacuate Collection Set: 0.7ms
[2025-10-13T17:41:54.046-0700][1207][info ][gc,phases   ] GC(126)   Merge Heap Roots: 12.6ms
[2025-10-13T17:41:54.046-0700][1207][info ][gc,phases   ] GC(126)   Evacuate Collection Set: 124.8ms
[2025-10-13T17:41:54.046-0700][1207][info ][gc,phases   ] GC(126)   Post Evacuate Collection Set: 12.9ms
[2025-10-13T17:41:54.046-0700][1207][info ][gc,phases   ] GC(126)   Other: 0.2ms
[2025-10-13T17:41:54.046-0700][1207][debug][gc,remset   ] GC(126) Coarsening (recent): Inline->AoC 19248 (0) AoC->Howl 319 (0) Howl->Full 0 (0) Inline->AoC 1313 (0) AoC->BitMap 180 (0) BitMap->Full 0 (0) 
[2025-10-13T17:41:54.046-0700][1207][debug][gc,remset   ] GC(126) Coarsening (all): Inline->AoC 2611612 (78) AoC->Howl 87805 (280) Howl->Full 0 (0) Inline->AoC 403400 (84) AoC->BitMap 102235 (203) BitMap->Full 7 (0) 
[2025-10-13T17:41:54.046-0700][1207][info ][gc,heap     ] GC(126) Eden regions: 2335->0(2059)
[2025-10-13T17:41:54.046-0700][1207][info ][gc,heap     ] GC(126) Survivor regions: 161->204(312)
[2025-10-13T17:41:54.046-0700][1207][info ][gc,heap     ] GC(126) Old regions: 883->847
[2025-10-13T17:41:54.046-0700][1207][info ][gc,heap     ] GC(126) Humongous regions: 17->0
[2025-10-13T17:41:54.046-0700][1207][info ][gc,metaspace] GC(126) Metaspace: 313068K(318656K)->313068K(318656K) NonClass: 276086K(279040K)->276086K(279040K) Class: 36982K(39616K)->36982K(39616K)
[2025-10-13T17:41:54.046-0700][1207][info ][gc          ] GC(126) Pause Young (Mixed) (G1 Evacuation Pause) 108641M->33607M(184320M) 151.467ms
[2025-10-13T17:41:54.047-0700][1207][info ][gc,cpu      ] GC(126) User=14.42s Sys=0.08s Real=0.15s
[2025-10-13T17:41:54.049-0700][1207][info ][safepoint   ] Safepoint "G1CollectForAllocation", Time since last: 704594302 ns, Reaching safepoint: 1028034 ns, Cleanup: 15013 ns, At safepoint: 156090842 ns, Total: 157133889 ns
[2025-10-13T17:41:55.050-0700][1207][info ][safepoint   ] Safepoint "Cleanup", Time since last: 1000090838 ns, Reaching safepoint: 823755 ns, Cleanup: 45208 ns, At safepoint: 305241 ns, Total: 1174204 ns
[2025-10-13T17:41:56.051-0700][1207][info ][safepoint   ] Safepoint "Cleanup", Time since last: 1000105280 ns, Reaching safepoint: 904367 ns, Cleanup: 20471 ns, At safepoint: 319833 ns, Total: 1244671 ns
[2025-10-13T17:41:57.053-0700][1207][info ][safepoint   ] Safepoint "Cleanup", Time since last: 1000110518 ns, Reaching safepoint: 725055 ns, Cleanup: 17877 ns, At safepoint: 723254 ns, Total: 1466186 ns
[2025-10-13T17:41:58.054-0700][1207][info ][safepoint   ] Safepoint "Cleanup", Time since last: 1000111969 ns, Reaching safepoint: 850345 ns, Cleanup: 13611 ns, At safepoint: 669632 ns, Total: 1533588 ns
[2025-10-13T17:41:59.056-0700][1207][info ][safepoint   ] Safepoint "Cleanup", Time since last: 1000107814 ns, Reaching safepoint: 981323 ns, Cleanup: 13190 ns, At safepoint: 778046 ns, Total: 1772559 ns
[2025-10-13T17:42:00.058-0700][1207][info ][safepoint   ] Safepoint "Cleanup", Time since last: 1000103967 ns, Reaching safepoint: 704425 ns, Cleanup: 31928 ns, At safepoint: 664735 ns, Total: 1401088 ns
[2025-10-13T17:42:01.059-0700][1207][info ][safepoint   ] Safepoint "Cleanup", Time since last: 1000103847 ns, Reaching safepoint: 681250 ns, Cleanup: 11638 ns, At safepoint: 539805 ns, Total: 1232693 ns
[2025-10-13T17:42:02.046-0700][1207][info ][gc,start    ] GC(127) Pause Young (Mixed) (G1 Evacuation Pause)
[2025-10-13T17:42:02.046-0700][1207][info ][gc,task     ] GC(127) Using 113 workers of 113 for evacuation
[2025-10-13T17:42:02.060-0700][1207][debug][gc,remset   ] GC(127) Visited cards 10698752 Total dirty 53149696 (20.13%) Total old 363266048 (2.95%)
[2025-10-13T17:42:02.226-0700][1207][info ][gc,phases   ] GC(127)   Pre Evacuate Collection Set: 0.7ms
[2025-10-13T17:42:02.226-0700][1207][info ][gc,phases   ] GC(127)   Merge Heap Roots: 12.6ms
[2025-10-13T17:42:02.226-0700][1207][info ][gc,phases   ] GC(127)   Evacuate Collection Set: 151.6ms
[2025-10-13T17:42:02.226-0700][1207][info ][gc,phases   ] GC(127)   Post Evacuate Collection Set: 14.6ms
[2025-10-13T17:42:02.226-0700][1207][info ][gc,phases   ] GC(127)   Other: 0.2ms
[2025-10-13T17:42:02.226-0700][1207][debug][gc,remset   ] GC(127) Coarsening (recent): Inline->AoC 23442 (0) AoC->Howl 200 (0) Howl->Full 0 (0) Inline->AoC 994 (0) AoC->BitMap 90 (0) BitMap->Full 0 (0) 
[2025-10-13T17:42:02.226-0700][1207][debug][gc,remset   ] GC(127) Coarsening (all): Inline->AoC 2635054 (78) AoC->Howl 88005 (280) Howl->Full 0 (0) Inline->AoC 404394 (84) AoC->BitMap 102325 (203) BitMap->Full 7 (0) 
[2025-10-13T17:42:02.226-0700][1207][info ][gc,heap     ] GC(127) Eden regions: 2117->0(2267)
[2025-10-13T17:42:02.226-0700][1207][info ][gc,heap     ] GC(127) Survivor regions: 204->188(291)
[2025-10-13T17:42:02.226-0700][1207][info ][gc,heap     ] GC(127) Old regions: 847->858
[2025-10-13T17:42:02.226-0700][1207][info ][gc,heap     ] GC(127) Humongous regions: 12->0
[2025-10-13T17:42:02.226-0700][1207][info ][gc,metaspace] GC(127) Metaspace: 313157K(318784K)->313157K(318784K) NonClass: 276169K(279168K)->276169K(279168K) Class: 36988K(39616K)->36988K(39616K)
[2025-10-13T17:42:02.226-0700][1207][info ][gc          ] GC(127) Pause Young (Mixed) (G1 Evacuation Pause) 101735M->33458M(184320M) 179.854ms
[2025-10-13T17:42:02.228-0700][1207][info ][gc,cpu      ] GC(127) User=16.63s Sys=0.21s Real=0.18s
[2025-10-13T17:42:02.229-0700][1207][info ][safepoint   ] Safepoint "G1CollectForAllocation", Time since last: 984528997 ns, Reaching safepoint: 902204 ns, Cleanup: 42955 ns, At safepoint: 184551358 ns, Total: 185496517 ns
[2025-10-13T17:42:04.230-0700][1207][info ][safepoint   ] Safepoint "Cleanup", Time since last: 2000169678 ns, Reaching safepoint: 772978 ns, Cleanup: 15974 ns, At safepoint: 185070 ns, Total: 974022 ns
[2025-10-13T17:42:06.233-0700][1207][info ][safepoint   ] Safepoint "Cleanup", Time since last: 2000162506 ns, Reaching safepoint: 1785579 ns, Cleanup: 13951 ns, At safepoint: 529801 ns, Total: 2329331 ns
[2025-10-13T17:42:07.234-0700][1207][info ][safepoint   ] Safepoint "Cleanup", Time since last: 1000120633 ns, Reaching safepoint: 844436 ns, Cleanup: 16635 ns, At safepoint: 482259 ns, Total: 1343330 ns
[2025-10-13T17:42:08.236-0700][1207][info ][safepoint   ] Safepoint "Cleanup", Time since last: 1000099721 ns, Reaching safepoint: 796764 ns, Cleanup: 13691 ns, At safepoint: 572175 ns, Total: 1382630 ns
[2025-10-13T17:42:09.237-0700][1207][info ][safepoint   ] Safepoint "Cleanup", Time since last: 1000110167 ns, Reaching safepoint: 912499 ns, Cleanup: 31167 ns, At safepoint: 594459 ns, Total: 1538125 ns
[2025-10-13T17:42:10.800-0700][1207][info ][gc,start    ] GC(128) Pause Young (Mixed) (G1 Evacuation Pause)
[2025-10-13T17:42:10.800-0700][1207][info ][gc,task     ] GC(128) Using 113 workers of 113 for evacuation
[2025-10-13T17:42:10.814-0700][1207][debug][gc,remset   ] GC(128) Visited cards 11298560 Total dirty 53870592 (20.97%) Total old 381550592 (2.96%)
[2025-10-13T17:42:10.953-0700][1207][debug][gc,remset   ] GC(128) Visited cards 91392 Total dirty 6356992 (1.44%) Total old 396427264 (0.02%)
[2025-10-13T17:42:10.974-0700][1207][info ][gc,phases   ] GC(128)   Pre Evacuate Collection Set: 0.7ms
[2025-10-13T17:42:10.974-0700][1207][info ][gc,phases   ] GC(128)   Merge Heap Roots: 13.4ms
[2025-10-13T17:42:10.974-0700][1207][info ][gc,phases   ] GC(128)   Evacuate Collection Set: 137.5ms
[2025-10-13T17:42:10.974-0700][1207][info ][gc,phases   ] GC(128)   Merge Optional Heap Roots: 0.8ms
[2025-10-13T17:42:10.974-0700][1207][info ][gc,phases   ] GC(128)   Evacuate Optional Collection Set: 5.3ms
[2025-10-13T17:42:10.974-0700][1207][info ][gc,phases   ] GC(128)   Post Evacuate Collection Set: 15.6ms
[2025-10-13T17:42:10.974-0700][1207][info ][gc,phases   ] GC(128)   Other: 0.2ms
[2025-10-13T17:42:10.974-0700][1207][debug][gc,remset   ] GC(128) Coarsening (recent): Inline->AoC 37178 (0) AoC->Howl 290 (0) Howl->Full 0 (0) Inline->AoC 1104 (0) AoC->BitMap 167 (0) BitMap->Full 0 (0) 
[2025-10-13T17:42:10.974-0700][1207][debug][gc,remset   ] GC(128) Coarsening (all): Inline->AoC 2672232 (78) AoC->Howl 88295 (280) Howl->Full 0 (0) Inline->AoC 405498 (84) AoC->BitMap 102492 (203) BitMap->Full 7 (0) 
[2025-10-13T17:42:10.974-0700][1207][info ][gc,heap     ] GC(128) Eden regions: 2266->0(2280)
[2025-10-13T17:42:10.974-0700][1207][info ][gc,heap     ] GC(128) Survivor regions: 188->194(307)
[2025-10-13T17:42:10.974-0700][1207][info ][gc,heap     ] GC(128) Old regions: 858->845
[2025-10-13T17:42:10.974-0700][1207][info ][gc,heap     ] GC(128) Humongous regions: 14->0
[2025-10-13T17:42:10.974-0700][1207][info ][gc,metaspace] GC(128) Metaspace: 313198K(318848K)->313198K(318848K) NonClass: 276209K(279232K)->276209K(279232K) Class: 36989K(39616K)->36989K(39616K)
[2025-10-13T17:42:10.974-0700][1207][info ][gc          ] GC(128) Pause Young (Mixed) (G1 Evacuation Pause) 106418M->33209M(184320M) 173.732ms
[2025-10-13T17:42:10.976-0700][1207][info ][gc,cpu      ] GC(128) User=16.05s Sys=0.31s Real=0.18s
[2025-10-13T17:42:10.977-0700][1207][info ][safepoint   ] Safepoint "G1CollectForAllocation", Time since last: 1560083313 ns, Reaching safepoint: 962645 ns, Cleanup: 6159 ns, At safepoint: 178318508 ns, Total: 179287312 ns
[2025-10-13T17:42:11.978-0700][1207][info ][safepoint   ] Safepoint "Cleanup", Time since last: 1000113448 ns, Reaching safepoint: 848685 ns, Cleanup: 33791 ns, At safepoint: 344432 ns, Total: 1226908 ns
[2025-10-13T17:42:12.990-0700][1207][info ][safepoint   ] Safepoint "Cleanup", Time since last: 1000108008 ns, Reaching safepoint: 10311592 ns, Cleanup: 16545 ns, At safepoint: 1823942 ns, Total: 12152079 ns
[2025-10-13T17:42:13.992-0700][1207][info ][safepoint   ] Safepoint "Cleanup", Time since last: 1000104202 ns, Reaching safepoint: 793762 ns, Cleanup: 33570 ns, At safepoint: 845801 ns, Total: 1673133 ns
[2025-10-13T17:42:15.993-0700][1207][info ][safepoint   ] Safepoint "Cleanup", Time since last: 2000126441 ns, Reaching safepoint: 793261 ns, Cleanup: 15002 ns, At safepoint: 358754 ns, Total: 1167017 ns
[2025-10-13T17:42:16.995-0700][1207][info ][safepoint   ] Safepoint "Cleanup", Time since last: 1000116801 ns, Reaching safepoint: 857348 ns, Cleanup: 31988 ns, At safepoint: 1049449 ns, Total: 1938785 ns
[2025-10-13T17:42:18.010-0700][1207][info ][safepoint   ] Safepoint "Cleanup", Time since last: 1000118494 ns, Reaching safepoint: 11449125 ns, Cleanup: 15774 ns, At safepoint: 2587277 ns, Total: 14052176 ns
[2025-10-13T17:42:19.012-0700][1207][info ][safepoint   ] Safepoint "Cleanup", Time since last: 1000126155 ns, Reaching safepoint: 1175450 ns, Cleanup: 21873 ns, At safepoint: 1170372 ns, Total: 2367695 ns
[2025-10-13T17:42:19.790-0700][1207][info ][gc,start    ] GC(129) Pause Young (Mixed) (G1 Evacuation Pause)
[2025-10-13T17:42:19.790-0700][1207][info ][gc,task     ] GC(129) Using 113 workers of 113 for evacuation
[2025-10-13T17:42:19.805-0700][1207][debug][gc,remset   ] GC(129) Visited cards 11110912 Total dirty 53542912 (20.75%) Total old 387514368 (2.87%)
[2025-10-13T17:42:19.953-0700][1207][info ][gc,phases   ] GC(129)   Pre Evacuate Collection Set: 0.8ms
[2025-10-13T17:42:19.953-0700][1207][info ][gc,phases   ] GC(129)   Merge Heap Roots: 13.8ms
[2025-10-13T17:42:19.953-0700][1207][info ][gc,phases   ] GC(129)   Evacuate Collection Set: 132.5ms
[2025-10-13T17:42:19.953-0700][1207][info ][gc,phases   ] GC(129)   Post Evacuate Collection Set: 15.3ms
[2025-10-13T17:42:19.953-0700][1207][info ][gc,phases   ] GC(129)   Other: 0.2ms
[2025-10-13T17:42:19.953-0700][1207][debug][gc,remset   ] GC(129) Coarsening (recent): Inline->AoC 40827 (0) AoC->Howl 202 (0) Howl->Full 0 (0) Inline->AoC 870 (0) AoC->BitMap 103 (0) BitMap->Full 0 (0) 
[2025-10-13T17:42:19.953-0700][1207][debug][gc,remset   ] GC(129) Coarsening (all): Inline->AoC 2713059 (78) AoC->Howl 88497 (280) Howl->Full 0 (0) Inline->AoC 406368 (84) AoC->BitMap 102595 (203) BitMap->Full 7 (0) 
[2025-10-13T17:42:19.953-0700][1207][info ][gc,heap     ] GC(129) Eden regions: 2309->0(2455)
[2025-10-13T17:42:19.953-0700][1207][info ][gc,heap     ] GC(129) Survivor regions: 194->183(313)
[2025-10-13T17:42:19.953-0700][1207][info ][gc,heap     ] GC(129) Old regions: 845->841
[2025-10-13T17:42:19.953-0700][1207][info ][gc,heap     ] GC(129) Humongous regions: 20->0
[2025-10-13T17:42:19.953-0700][1207][info ][gc,metaspace] GC(129) Metaspace: 313255K(318848K)->313255K(318848K) NonClass: 276266K(279232K)->276266K(279232K) Class: 36989K(39616K)->36989K(39616K)
[2025-10-13T17:42:19.953-0700][1207][info ][gc          ] GC(129) Pause Young (Mixed) (G1 Evacuation Pause) 107737M->32715M(184320M) 162.801ms
[2025-10-13T17:42:19.954-0700][1207][info ][gc,cpu      ] GC(129) User=14.69s Sys=0.22s Real=0.17s
[2025-10-13T17:42:19.956-0700][1207][info ][safepoint   ] Safepoint "G1CollectForAllocation", Time since last: 775231958 ns, Reaching safepoint: 782154 ns, Cleanup: 15924 ns, At safepoint: 167474703 ns, Total: 168272781 ns
[2025-10-13T17:42:20.957-0700][1207][info ][safepoint   ] Safepoint "Cleanup", Time since last: 1000102630 ns, Reaching safepoint: 853092 ns, Cleanup: 19669 ns, At safepoint: 387898 ns, Total: 1260659 ns
[2025-10-13T17:42:21.959-0700][1207][info ][safepoint   ] Safepoint "Cleanup", Time since last: 1000107267 ns, Reaching safepoint: 805219 ns, Cleanup: 18418 ns, At safepoint: 684406 ns, Total: 1508043 ns
[2025-10-13T17:42:23.960-0700][1207][info ][safepoint   ] Safepoint "Cleanup", Time since last: 2000187944 ns, Reaching safepoint: 818399 ns, Cleanup: 11437 ns, At safepoint: 284300 ns, Total: 1114136 ns
[2025-10-13T17:42:24.962-0700][1207][info ][safepoint   ] Safepoint "Cleanup", Time since last: 1000105254 ns, Reaching safepoint: 825550 ns, Cleanup: 27362 ns, At safepoint: 669914 ns, Total: 1522826 ns
[2025-10-13T17:42:25.964-0700][1207][info ][safepoint   ] Safepoint "Cleanup", Time since last: 1000116891 ns, Reaching safepoint: 921436 ns, Cleanup: 32439 ns, At safepoint: 1114697 ns, Total: 2068572 ns
[2025-10-13T17:42:26.327-0700][1207][info ][gc,start    ] GC(130) Pause Young (Mixed) (G1 Evacuation Pause)
[2025-10-13T17:42:26.327-0700][1207][info ][gc,task     ] GC(130) Using 113 workers of 113 for evacuation
[2025-10-13T17:42:26.341-0700][1207][debug][gc,remset   ] GC(130) Visited cards 11334656 Total dirty 53542912 (21.17%) Total old 413663232 (2.74%)
[2025-10-13T17:42:26.505-0700][1207][info ][gc,phases   ] GC(130)   Pre Evacuate Collection Set: 0.8ms
[2025-10-13T17:42:26.505-0700][1207][info ][gc,phases   ] GC(130)   Merge Heap Roots: 12.9ms
[2025-10-13T17:42:26.505-0700][1207][info ][gc,phases   ] GC(130)   Evacuate Collection Set: 148.5ms
[2025-10-13T17:42:26.505-0700][1207][info ][gc,phases   ] GC(130)   Post Evacuate Collection Set: 15.7ms
[2025-10-13T17:42:26.505-0700][1207][info ][gc,phases   ] GC(130)   Other: 0.2ms
[2025-10-13T17:42:26.505-0700][1207][debug][gc,remset   ] GC(130) Coarsening (recent): Inline->AoC 29187 (1) AoC->Howl 217 (1) Howl->Full 0 (0) Inline->AoC 865 (0) AoC->BitMap 119 (1) BitMap->Full 0 (0) 
[2025-10-13T17:42:26.505-0700][1207][debug][gc,remset   ] GC(130) Coarsening (all): Inline->AoC 2742246 (79) AoC->Howl 88714 (281) Howl->Full 0 (0) Inline->AoC 407233 (84) AoC->BitMap 102714 (204) BitMap->Full 7 (0) 
[2025-10-13T17:42:26.505-0700][1207][info ][gc,heap     ] GC(130) Eden regions: 2521->0(2369)
[2025-10-13T17:42:26.505-0700][1207][info ][gc,heap     ] GC(130) Survivor regions: 183->240(338)
[2025-10-13T17:42:26.505-0700][1207][info ][gc,heap     ] GC(130) Old regions: 841->809
[2025-10-13T17:42:26.505-0700][1207][info ][gc,heap     ] GC(130) Humongous regions: 23->0
[2025-10-13T17:42:26.505-0700][1207][info ][gc,metaspace] GC(130) Metaspace: 313503K(319168K)->313503K(319168K) NonClass: 276488K(279488K)->276488K(279488K) Class: 37014K(39680K)->37014K(39680K)
[2025-10-13T17:42:26.505-0700][1207][info ][gc          ] GC(130) Pause Young (Mixed) (G1 Evacuation Pause) 114123M->33524M(184320M) 178.160ms
[2025-10-13T17:42:26.507-0700][1207][info ][gc,cpu      ] GC(130) User=16.84s Sys=0.36s Real=0.18s
[2025-10-13T17:42:26.508-0700][1207][info ][safepoint   ] Safepoint "G1CollectForAllocation", Time since last: 357093953 ns, Reaching safepoint: 4824144 ns, Cleanup: 3816 ns, At safepoint: 182726284 ns, Total: 187554244 ns
[2025-10-13T17:42:26.755-0700][1207][info ][gc,start    ] GC(131) Pause Young (Concurrent Start) (G1 Humongous Allocation)
[2025-10-13T17:42:26.755-0700][1207][info ][gc,task     ] GC(131) Using 113 workers of 113 for evacuation
[2025-10-13T17:42:26.766-0700][1207][debug][gc,remset   ] GC(131) Visited cards 8974336 Total dirty 50855936 (17.65%) Total old 108068864 (8.30%)
[2025-10-13T17:42:26.911-0700][1207][info ][gc,phases   ] GC(131)   Pre Evacuate Collection Set: 0.9ms
[2025-10-13T17:42:26.911-0700][1207][info ][gc,phases   ] GC(131)   Merge Heap Roots: 9.5ms
[2025-10-13T17:42:26.911-0700][1207][info ][gc,phases   ] GC(131)   Evacuate Collection Set: 135.6ms
[2025-10-13T17:42:26.911-0700][1207][info ][gc,phases   ] GC(131)   Post Evacuate Collection Set: 9.5ms
[2025-10-13T17:42:26.911-0700][1207][info ][gc,phases   ] GC(131)   Other: 0.1ms
[2025-10-13T17:42:26.911-0700][1207][debug][gc,remset   ] GC(131) Coarsening (recent): Inline->AoC 0 (0) AoC->Howl 0 (0) Howl->Full 0 (0) Inline->AoC 0 (0) AoC->BitMap 0 (0) BitMap->Full 0 (0) 
[2025-10-13T17:42:26.911-0700][1207][debug][gc,remset   ] GC(131) Coarsening (all): Inline->AoC 2742246 (79) AoC->Howl 88714 (281) Howl->Full 0 (0) Inline->AoC 407233 (84) AoC->BitMap 102714 (204) BitMap->Full 7 (0) 
[2025-10-13T17:42:26.911-0700][1207][info ][gc,heap     ] GC(131) Eden regions: 180->0(2709)
[2025-10-13T17:42:26.911-0700][1207][info ][gc,heap     ] GC(131) Survivor regions: 240->175(347)
[2025-10-13T17:42:26.911-0700][1207][info ][gc,heap     ] GC(131) Old regions: 809->876
[2025-10-13T17:42:26.911-0700][1207][info ][gc,heap     ] GC(131) Humongous regions: 0->0
[2025-10-13T17:42:26.911-0700][1207][info ][gc,metaspace] GC(131) Metaspace: 313503K(319232K)->313503K(319232K) NonClass: 276489K(279552K)->276489K(279552K) Class: 37014K(39680K)->37014K(39680K)
[2025-10-13T17:42:26.911-0700][1207][info ][gc          ] GC(131) Pause Young (Concurrent Start) (G1 Humongous Allocation) 39278M->33623M(184320M) 155.833ms
[2025-10-13T17:42:26.911-0700][1090][info ][gc          ] GC(132) Concurrent Mark Cycle
[2025-10-13T17:42:26.911-0700][1090][info ][gc,marking  ] GC(132) Concurrent Scan Root Regions
[2025-10-13T17:42:26.913-0700][1207][info ][gc,cpu      ] GC(131) User=14.06s Sys=0.05s Real=0.16s
[2025-10-13T17:42:26.915-0700][1207][info ][safepoint   ] Safepoint "G1TryInitiateConcMark", Time since last: 237201381 ns, Reaching safepoint: 8044740 ns, Cleanup: 4987 ns, At safepoint: 161018788 ns, Total: 169068515 ns
[2025-10-13T17:42:27.000-0700][1090][info ][gc,marking  ] GC(132) Concurrent Scan Root Regions 88.479ms
[2025-10-13T17:42:27.000-0700][1090][info ][gc,marking  ] GC(132) Concurrent Mark
[2025-10-13T17:42:27.000-0700][1090][info ][gc,marking  ] GC(132) Concurrent Mark From Roots
[2025-10-13T17:42:27.000-0700][1090][info ][gc,task     ] GC(132) Using 36 workers of 36 for marking
[2025-10-13T17:42:27.192-0700][1090][info ][gc,marking  ] GC(132) Concurrent Mark From Roots 192.310ms
[2025-10-13T17:42:27.192-0700][1090][info ][gc,marking  ] GC(132) Concurrent Preclean
[2025-10-13T17:42:27.203-0700][1090][info ][gc,marking  ] GC(132) Concurrent Preclean 11.036ms
[2025-10-13T17:42:27.206-0700][1207][info ][gc,start    ] GC(132) Pause Remark
[2025-10-13T17:42:27.397-0700][1207][info ][gc          ] GC(132) Pause Remark 40439M->40023M(184320M) 190.968ms
[2025-10-13T17:42:27.399-0700][1207][info ][gc,cpu      ] GC(132) User=14.07s Sys=0.00s Real=0.19s
[2025-10-13T17:42:27.400-0700][1207][info ][safepoint   ] Safepoint "G1PauseRemark", Time since last: 288791551 ns, Reaching safepoint: 822184 ns, Cleanup: 14983 ns, At safepoint: 195740628 ns, Total: 196577795 ns
[2025-10-13T17:42:27.400-0700][1090][info ][gc,marking  ] GC(132) Concurrent Mark 400.066ms
[2025-10-13T17:42:27.400-0700][1090][info ][gc,marking  ] GC(132) Concurrent Rebuild Remembered Sets and Scrub Regions
[2025-10-13T17:42:27.814-0700][1090][info ][gc,marking  ] GC(132) Concurrent Rebuild Remembered Sets and Scrub Regions 413.660ms
[2025-10-13T17:42:27.817-0700][1207][info ][gc,start    ] GC(132) Pause Cleanup
[2025-10-13T17:42:27.819-0700][1207][info ][gc          ] GC(132) Pause Cleanup 50151M->50151M(184320M) 1.883ms
[2025-10-13T17:42:27.820-0700][1207][info ][gc,cpu      ] GC(132) User=0.02s Sys=0.01s Real=0.01s
[2025-10-13T17:42:27.821-0700][1207][info ][safepoint   ] Safepoint "G1PauseCleanup", Time since last: 413852277 ns, Reaching safepoint: 1156471 ns, Cleanup: 71989 ns, At safepoint: 6056239 ns, Total: 7284699 ns
[2025-10-13T17:42:27.821-0700][1090][info ][gc,marking  ] GC(132) Concurrent Clear Claimed Marks
[2025-10-13T17:42:27.822-0700][1090][info ][gc,marking  ] GC(132) Concurrent Clear Claimed Marks 1.196ms
[2025-10-13T17:42:27.823-0700][1090][info ][gc,marking  ] GC(132) Concurrent Cleanup for Next Mark
[2025-10-13T17:42:27.859-0700][1090][info ][gc,marking  ] GC(132) Concurrent Cleanup for Next Mark 36.425ms
[2025-10-13T17:42:27.859-0700][1090][info ][gc          ] GC(132) Concurrent Mark Cycle 947.588ms
[2025-10-13T17:42:28.822-0700][1207][info ][safepoint   ] Safepoint "Cleanup", Time since last: 1000104793 ns, Reaching safepoint: 754563 ns, Cleanup: 9354 ns, At safepoint: 448239 ns, Total: 1212156 ns
[2025-10-13T17:42:29.824-0700][1207][info ][safepoint   ] Safepoint "Cleanup", Time since last: 1000110872 ns, Reaching safepoint: 781934 ns, Cleanup: 33100 ns, At safepoint: 312663 ns, Total: 1127697 ns
[2025-10-13T17:42:30.825-0700][1207][info ][safepoint   ] Safepoint "Cleanup", Time since last: 1000111925 ns, Reaching safepoint: 893132 ns, Cleanup: 37246 ns, At safepoint: 282728 ns, Total: 1213106 ns
[2025-10-13T17:42:31.826-0700][1207][info ][safepoint   ] Safepoint "Cleanup", Time since last: 1000102640 ns, Reaching safepoint: 720571 ns, Cleanup: 9845 ns, At safepoint: 251641 ns, Total: 982057 ns
[2025-10-13T17:42:32.474-0700][1207][info ][gc,start    ] GC(133) Pause Young (Prepare Mixed) (G1 Evacuation Pause)
[2025-10-13T17:42:32.474-0700][1207][info ][gc,task     ] GC(133) Using 113 workers of 113 for evacuation
[2025-10-13T17:42:32.489-0700][1207][debug][gc,remset   ] GC(133) Visited cards 9421824 Total dirty 55246848 (17.05%) Total old 427032576 (2.21%)
[2025-10-13T17:42:32.628-0700][1207][info ][gc,phases   ] GC(133)   Pre Evacuate Collection Set: 0.8ms
[2025-10-13T17:42:32.628-0700][1207][info ][gc,phases   ] GC(133)   Merge Heap Roots: 14.0ms
[2025-10-13T17:42:32.628-0700][1207][info ][gc,phases   ] GC(133)   Evacuate Collection Set: 124.9ms
[2025-10-13T17:42:32.628-0700][1207][info ][gc,phases   ] GC(133)   Post Evacuate Collection Set: 14.6ms
[2025-10-13T17:42:32.628-0700][1207][info ][gc,phases   ] GC(133)   Other: 0.2ms
[2025-10-13T17:42:32.629-0700][1207][debug][gc,remset   ] GC(133) Coarsening (recent): Inline->AoC 135809 (1) AoC->Howl 7205 (0) Howl->Full 0 (0) Inline->AoC 32051 (0) AoC->BitMap 8503 (0) BitMap->Full 1 (0) 
[2025-10-13T17:42:32.629-0700][1207][debug][gc,remset   ] GC(133) Coarsening (all): Inline->AoC 2878055 (80) AoC->Howl 95919 (281) Howl->Full 0 (0) Inline->AoC 439284 (84) AoC->BitMap 111217 (204) BitMap->Full 8 (0) 
[2025-10-13T17:42:32.629-0700][1207][info ][gc,heap     ] GC(133) Eden regions: 2641->0(2409)
[2025-10-13T17:42:32.629-0700][1207][info ][gc,heap     ] GC(133) Survivor regions: 175->207(352)
[2025-10-13T17:42:32.629-0700][1207][info ][gc,heap     ] GC(133) Old regions: 863->863
[2025-10-13T17:42:32.629-0700][1207][info ][gc,heap     ] GC(133) Humongous regions: 21->0
[2025-10-13T17:42:32.629-0700][1207][info ][gc,metaspace] GC(133) Metaspace: 313137K(319232K)->313137K(319232K) NonClass: 276178K(279552K)->276178K(279552K) Class: 36958K(39680K)->36958K(39680K)
[2025-10-13T17:42:32.629-0700][1207][info ][gc          ] GC(133) Pause Young (Prepare Mixed) (G1 Evacuation Pause) 118391M->34217M(184320M) 154.638ms
[2025-10-13T17:42:32.630-0700][1207][info ][gc,cpu      ] GC(133) User=14.84s Sys=0.08s Real=0.16s
[2025-10-13T17:42:32.632-0700][1207][info ][safepoint   ] Safepoint "G1CollectForAllocation", Time since last: 645165403 ns, Reaching safepoint: 928526 ns, Cleanup: 19419 ns, At safepoint: 159259374 ns, Total: 160207319 ns
[2025-10-13T17:42:34.633-0700][1207][info ][safepoint   ] Safepoint "Cleanup", Time since last: 2000147453 ns, Reaching safepoint: 763216 ns, Cleanup: 23876 ns, At safepoint: 170588 ns, Total: 957680 ns
[2025-10-13T17:42:35.634-0700][1207][info ][safepoint   ] Safepoint "Cleanup", Time since last: 1000102470 ns, Reaching safepoint: 834123 ns, Cleanup: 23455 ns, At safepoint: 398153 ns, Total: 1255731 ns
[2025-10-13T17:42:37.635-0700][1207][info ][safepoint   ] Safepoint "Cleanup", Time since last: 2000169536 ns, Reaching safepoint: 823827 ns, Cleanup: 17457 ns, At safepoint: 215065 ns, Total: 1056349 ns
[2025-10-13T17:42:39.637-0700][1207][info ][safepoint   ] Safepoint "Cleanup", Time since last: 2000165039 ns, Reaching safepoint: 905712 ns, Cleanup: 16394 ns, At safepoint: 214365 ns, Total: 1136471 ns
[2025-10-13T17:42:40.638-0700][1207][info ][safepoint   ] Safepoint "Cleanup", Time since last: 1000101638 ns, Reaching safepoint: 904820 ns, Cleanup: 26020 ns, At safepoint: 822405 ns, Total: 1753245 ns
[2025-10-13T17:42:42.004-0700][1207][info ][gc,start    ] GC(134) Pause Young (Mixed) (G1 Evacuation Pause)
[2025-10-13T17:42:42.004-0700][1207][info ][gc,task     ] GC(134) Using 113 workers of 113 for evacuation
[2025-10-13T17:42:42.019-0700][1207][debug][gc,remset   ] GC(134) Visited cards 9306624 Total dirty 53477376 (17.40%) Total old 419430400 (2.22%)
[2025-10-13T17:42:42.181-0700][1207][info ][gc,phases   ] GC(134)   Pre Evacuate Collection Set: 0.8ms
[2025-10-13T17:42:42.181-0700][1207][info ][gc,phases   ] GC(134)   Merge Heap Roots: 14.5ms
[2025-10-13T17:42:42.181-0700][1207][info ][gc,phases   ] GC(134)   Evacuate Collection Set: 147.7ms
[2025-10-13T17:42:42.181-0700][1207][info ][gc,phases   ] GC(134)   Post Evacuate Collection Set: 13.5ms
[2025-10-13T17:42:42.181-0700][1207][info ][gc,phases   ] GC(134)   Other: 0.2ms
[2025-10-13T17:42:42.181-0700][1207][debug][gc,remset   ] GC(134) Coarsening (recent): Inline->AoC 18308 (0) AoC->Howl 186 (0) Howl->Full 0 (0) Inline->AoC 954 (0) AoC->BitMap 71 (0) BitMap->Full 0 (0) 
[2025-10-13T17:42:42.181-0700][1207][debug][gc,remset   ] GC(134) Coarsening (all): Inline->AoC 2896363 (80) AoC->Howl 96105 (281) Howl->Full 0 (0) Inline->AoC 440238 (84) AoC->BitMap 111288 (204) BitMap->Full 8 (0) 
[2025-10-13T17:42:42.181-0700][1207][info ][gc,heap     ] GC(134) Eden regions: 2525->0(2225)
[2025-10-13T17:42:42.181-0700][1207][info ][gc,heap     ] GC(134) Survivor regions: 207->228(342)
[2025-10-13T17:42:42.181-0700][1207][info ][gc,heap     ] GC(134) Old regions: 863->839
[2025-10-13T17:42:42.181-0700][1207][info ][gc,heap     ] GC(134) Humongous regions: 33->0
[2025-10-13T17:42:42.181-0700][1207][info ][gc,metaspace] GC(134) Metaspace: 313150K(319232K)->313150K(319232K) NonClass: 276191K(279552K)->276191K(279552K) Class: 36959K(39680K)->36959K(39680K)
[2025-10-13T17:42:42.181-0700][1207][info ][gc          ] GC(134) Pause Young (Mixed) (G1 Evacuation Pause) 116073M->34101M(184320M) 176.847ms
[2025-10-13T17:42:42.182-0700][1207][info ][gc,cpu      ] GC(134) User=16.91s Sys=0.02s Real=0.18s
[2025-10-13T17:42:42.184-0700][1207][info ][safepoint   ] Safepoint "G1CollectForAllocation", Time since last: 1362966358 ns, Reaching safepoint: 878570 ns, Cleanup: 4437 ns, At safepoint: 181546237 ns, Total: 182429244 ns
[2025-10-13T17:42:45.185-0700][1207][info ][safepoint   ] Safepoint "Cleanup", Time since last: 3000217273 ns, Reaching safepoint: 840883 ns, Cleanup: 14933 ns, At safepoint: 154283 ns, Total: 1010099 ns
[2025-10-13T17:42:47.201-0700][1207][info ][safepoint   ] Safepoint "Cleanup", Time since last: 2000164188 ns, Reaching safepoint: 13419147 ns, Cleanup: 15253 ns, At safepoint: 2386233 ns, Total: 15820633 ns
[2025-10-13T17:42:48.203-0700][1207][info ][safepoint   ] Safepoint "Cleanup", Time since last: 1000168460 ns, Reaching safepoint: 991721 ns, Cleanup: 14072 ns, At safepoint: 1031962 ns, Total: 2037755 ns
[2025-10-13T17:42:49.205-0700][1207][info ][safepoint   ] Safepoint "Cleanup", Time since last: 1000129671 ns, Reaching safepoint: 824638 ns, Cleanup: 14422 ns, At safepoint: 801384 ns, Total: 1640444 ns
[2025-10-13T17:42:50.207-0700][1207][info ][safepoint   ] Safepoint "Cleanup", Time since last: 1000122009 ns, Reaching safepoint: 852691 ns, Cleanup: 38198 ns, At safepoint: 858419 ns, Total: 1749308 ns
[2025-10-13T17:42:50.509-0700][1207][info ][gc,start    ] GC(135) Pause Young (Mixed) (G1 Evacuation Pause)
[2025-10-13T17:42:50.509-0700][1207][info ][gc,task     ] GC(135) Using 113 workers of 113 for evacuation
[2025-10-13T17:42:50.524-0700][1207][debug][gc,remset   ] GC(135) Visited cards 9486336 Total dirty 52363264 (18.12%) Total old 405143552 (2.34%)
[2025-10-13T17:42:50.674-0700][1207][info ][gc,phases   ] GC(135)   Pre Evacuate Collection Set: 0.7ms
[2025-10-13T17:42:50.674-0700][1207][info ][gc,phases   ] GC(135)   Merge Heap Roots: 14.3ms
[2025-10-13T17:42:50.674-0700][1207][info ][gc,phases   ] GC(135)   Evacuate Collection Set: 135.8ms
[2025-10-13T17:42:50.674-0700][1207][info ][gc,phases   ] GC(135)   Post Evacuate Collection Set: 14.3ms
[2025-10-13T17:42:50.674-0700][1207][info ][gc,phases   ] GC(135)   Other: 0.2ms
[2025-10-13T17:42:50.674-0700][1207][debug][gc,remset   ] GC(135) Coarsening (recent): Inline->AoC 16340 (0) AoC->Howl 231 (0) Howl->Full 0 (0) Inline->AoC 1200 (0) AoC->BitMap 80 (0) BitMap->Full 0 (0) 
[2025-10-13T17:42:50.674-0700][1207][debug][gc,remset   ] GC(135) Coarsening (all): Inline->AoC 2912703 (80) AoC->Howl 96336 (281) Howl->Full 0 (0) Inline->AoC 441438 (84) AoC->BitMap 111368 (204) BitMap->Full 8 (0) 
[2025-10-13T17:42:50.674-0700][1207][info ][gc,heap     ] GC(135) Eden regions: 2411->0(2734)
[2025-10-13T17:42:50.674-0700][1207][info ][gc,heap     ] GC(135) Survivor regions: 228->189(330)
[2025-10-13T17:42:50.674-0700][1207][info ][gc,heap     ] GC(135) Old regions: 839->836
[2025-10-13T17:42:50.674-0700][1207][info ][gc,heap     ] GC(135) Humongous regions: 25->0
[2025-10-13T17:42:50.674-0700][1207][info ][gc,metaspace] GC(135) Metaspace: 313381K(319232K)->313381K(319232K) NonClass: 276400K(279552K)->276400K(279552K) Class: 36980K(39680K)->36980K(39680K)
[2025-10-13T17:42:50.674-0700][1207][info ][gc          ] GC(135) Pause Young (Mixed) (G1 Evacuation Pause) 112053M->32764M(184320M) 165.538ms
[2025-10-13T17:42:50.676-0700][1207][info ][gc,cpu      ] GC(135) User=15.92s Sys=0.10s Real=0.17s
[2025-10-13T17:42:50.677-0700][1207][info ][safepoint   ] Safepoint "G1CollectForAllocation", Time since last: 299328544 ns, Reaching safepoint: 848665 ns, Cleanup: 10546 ns, At safepoint: 170206328 ns, Total: 171065539 ns
[2025-10-13T17:42:52.227-0700][1207][info ][safepoint   ] Safepoint "Cleanup", Time since last: 1548402896 ns, Reaching safepoint: 848845 ns, Cleanup: 24297 ns, At safepoint: 232352 ns, Total: 1105494 ns
[2025-10-13T17:42:53.228-0700][1207][info ][safepoint   ] Safepoint "Cleanup", Time since last: 1000100166 ns, Reaching safepoint: 709324 ns, Cleanup: 15864 ns, At safepoint: 195235 ns, Total: 920423 ns
[2025-10-13T17:42:54.229-0700][1207][info ][safepoint   ] Safepoint "Cleanup", Time since last: 1000096541 ns, Reaching safepoint: 807373 ns, Cleanup: 9844 ns, At safepoint: 229278 ns, Total: 1046495 ns
[2025-10-13T17:42:55.240-0700][1207][info ][safepoint   ] Safepoint "Cleanup", Time since last: 1000104593 ns, Reaching safepoint: 10309538 ns, Cleanup: 13020 ns, At safepoint: 940254 ns, Total: 11262812 ns
[2025-10-13T17:42:56.242-0700][1207][info ][safepoint   ] Safepoint "Cleanup", Time since last: 1000118213 ns, Reaching safepoint: 894815 ns, Cleanup: 23956 ns, At safepoint: 730707 ns, Total: 1649478 ns
[2025-10-13T17:42:57.244-0700][1207][info ][safepoint   ] Safepoint "Cleanup", Time since last: 1000117072 ns, Reaching safepoint: 850187 ns, Cleanup: 12308 ns, At safepoint: 870158 ns, Total: 1732653 ns
[2025-10-13T17:42:58.246-0700][1207][info ][safepoint   ] Safepoint "Cleanup", Time since last: 1000113606 ns, Reaching safepoint: 880964 ns, Cleanup: 13691 ns, At safepoint: 685918 ns, Total: 1580573 ns
[2025-10-13T17:42:59.247-0700][1207][info ][safepoint   ] Safepoint "Cleanup", Time since last: 1000113016 ns, Reaching safepoint: 776476 ns, Cleanup: 13520 ns, At safepoint: 643444 ns, Total: 1433440 ns
[2025-10-13T17:43:00.249-0700][1207][info ][safepoint   ] Safepoint "Cleanup", Time since last: 1000100457 ns, Reaching safepoint: 736946 ns, Cleanup: 25579 ns, At safepoint: 946753 ns, Total: 1709278 ns
[2025-10-13T17:43:01.043-0700][1207][info ][gc,start    ] GC(136) Pause Young (Mixed) (G1 Evacuation Pause)
[2025-10-13T17:43:01.043-0700][1207][info ][gc,task     ] GC(136) Using 113 workers of 113 for evacuation
[2025-10-13T17:43:01.057-0700][1207][debug][gc,remset   ] GC(136) Visited cards 9958912 Total dirty 53215232 (18.71%) Total old 449773568 (2.21%)
[2025-10-13T17:43:01.223-0700][1207][info ][gc,phases   ] GC(136)   Pre Evacuate Collection Set: 0.7ms
[2025-10-13T17:43:01.223-0700][1207][info ][gc,phases   ] GC(136)   Merge Heap Roots: 13.6ms
[2025-10-13T17:43:01.223-0700][1207][info ][gc,phases   ] GC(136)   Evacuate Collection Set: 150.7ms
[2025-10-13T17:43:01.223-0700][1207][info ][gc,phases   ] GC(136)   Post Evacuate Collection Set: 14.7ms
[2025-10-13T17:43:01.223-0700][1207][info ][gc,phases   ] GC(136)   Other: 0.2ms
[2025-10-13T17:43:01.223-0700][1207][debug][gc,remset   ] GC(136) Coarsening (recent): Inline->AoC 21347 (0) AoC->Howl 301 (0) Howl->Full 0 (0) Inline->AoC 1188 (0) AoC->BitMap 202 (0) BitMap->Full 0 (0) 
[2025-10-13T17:43:01.223-0700][1207][debug][gc,remset   ] GC(136) Coarsening (all): Inline->AoC 2934050 (80) AoC->Howl 96637 (281) Howl->Full 0 (0) Inline->AoC 442626 (84) AoC->BitMap 111570 (204) BitMap->Full 8 (0) 
[2025-10-13T17:43:01.223-0700][1207][info ][gc,heap     ] GC(136) Eden regions: 2790->0(2425)
[2025-10-13T17:43:01.223-0700][1207][info ][gc,heap     ] GC(136) Survivor regions: 189->231(373)
[2025-10-13T17:43:01.223-0700][1207][info ][gc,heap     ] GC(136) Old regions: 836->802
[2025-10-13T17:43:01.223-0700][1207][info ][gc,heap     ] GC(136) Humongous regions: 29->0
[2025-10-13T17:43:01.223-0700][1207][info ][gc,metaspace] GC(136) Metaspace: 313508K(319232K)->313508K(319232K) NonClass: 276516K(279552K)->276516K(279552K) Class: 36992K(39680K)->36992K(39680K)
[2025-10-13T17:43:01.223-0700][1207][info ][gc          ] GC(136) Pause Young (Mixed) (G1 Evacuation Pause) 122972M->33027M(184320M) 180.089ms
[2025-10-13T17:43:01.225-0700][1207][info ][gc,cpu      ] GC(136) User=16.35s Sys=0.14s Real=0.18s
[2025-10-13T17:43:01.226-0700][1207][info ][safepoint   ] Safepoint "G1CollectForAllocation", Time since last: 791423332 ns, Reaching safepoint: 955918 ns, Cleanup: 13971 ns, At safepoint: 184606430 ns, Total: 185576319 ns
[2025-10-13T17:43:02.227-0700][1207][info ][safepoint   ] Safepoint "Cleanup", Time since last: 1000084252 ns, Reaching safepoint: 828915 ns, Cleanup: 29585 ns, At safepoint: 315318 ns, Total: 1173818 ns
[2025-10-13T17:43:03.229-0700][1207][info ][safepoint   ] Safepoint "Cleanup", Time since last: 1000123671 ns, Reaching safepoint: 809105 ns, Cleanup: 20211 ns, At safepoint: 511204 ns, Total: 1340520 ns
[2025-10-13T17:43:04.230-0700][1207][info ][safepoint   ] Safepoint "Cleanup", Time since last: 1000115700 ns, Reaching safepoint: 883167 ns, Cleanup: 13330 ns, At safepoint: 726420 ns, Total: 1622917 ns
[2025-10-13T17:43:06.239-0700][1207][info ][safepoint   ] Safepoint "Cleanup", Time since last: 2000170487 ns, Reaching safepoint: 7229145 ns, Cleanup: 15103 ns, At safepoint: 1360480 ns, Total: 8604728 ns
[2025-10-13T17:43:07.241-0700][1207][info ][safepoint   ] Safepoint "Cleanup", Time since last: 1000111994 ns, Reaching safepoint: 954345 ns, Cleanup: 14632 ns, At safepoint: 1033014 ns, Total: 2001991 ns
[2025-10-13T17:43:08.011-0700][1207][info ][gc,start    ] GC(137) Pause Young (Mixed) (G1 Evacuation Pause)
[2025-10-13T17:43:08.011-0700][1207][info ][gc,task     ] GC(137) Using 113 workers of 113 for evacuation
[2025-10-13T17:43:08.025-0700][1207][debug][gc,remset   ] GC(137) Visited cards 10053120 Total dirty 51118080 (19.67%) Total old 406847488 (2.47%)
[2025-10-13T17:43:08.179-0700][1207][debug][gc,remset   ] GC(137) Visited cards 229120 Total dirty 25559040 (0.90%) Total old 423493632 (0.05%)
[2025-10-13T17:43:08.197-0700][1207][info ][gc,phases   ] GC(137)   Pre Evacuate Collection Set: 0.8ms
[2025-10-13T17:43:08.197-0700][1207][info ][gc,phases   ] GC(137)   Merge Heap Roots: 13.1ms
[2025-10-13T17:43:08.197-0700][1207][info ][gc,phases   ] GC(137)   Evacuate Collection Set: 153.5ms
[2025-10-13T17:43:08.197-0700][1207][info ][gc,phases   ] GC(137)   Merge Optional Heap Roots: 0.9ms
[2025-10-13T17:43:08.197-0700][1207][info ][gc,phases   ] GC(137)   Evacuate Optional Collection Set: 1.6ms
[2025-10-13T17:43:08.197-0700][1207][info ][gc,phases   ] GC(137)   Post Evacuate Collection Set: 16.6ms
[2025-10-13T17:43:08.197-0700][1207][info ][gc,phases   ] GC(137)   Other: 0.2ms
[2025-10-13T17:43:08.197-0700][1207][debug][gc,remset   ] GC(137) Coarsening (recent): Inline->AoC 33122 (0) AoC->Howl 279 (0) Howl->Full 0 (0) Inline->AoC 1255 (0) AoC->BitMap 125 (0) BitMap->Full 0 (0) 
[2025-10-13T17:43:08.197-0700][1207][debug][gc,remset   ] GC(137) Coarsening (all): Inline->AoC 2967172 (80) AoC->Howl 96916 (281) Howl->Full 0 (0) Inline->AoC 443881 (84) AoC->BitMap 111695 (204) BitMap->Full 8 (0) 
[2025-10-13T17:43:08.197-0700][1207][info ][gc,heap     ] GC(137) Eden regions: 2439->0(2981)
[2025-10-13T17:43:08.198-0700][1207][info ][gc,heap     ] GC(137) Survivor regions: 231->170(334)
[2025-10-13T17:43:08.198-0700][1207][info ][gc,heap     ] GC(137) Old regions: 802->840
[2025-10-13T17:43:08.198-0700][1207][info ][gc,heap     ] GC(137) Humongous regions: 26->0
[2025-10-13T17:43:08.198-0700][1207][info ][gc,metaspace] GC(137) Metaspace: 313551K(319232K)->313551K(319232K) NonClass: 276554K(279552K)->276554K(279552K) Class: 36997K(39680K)->36997K(39680K)
[2025-10-13T17:43:08.198-0700][1207][info ][gc          ] GC(137) Pause Young (Mixed) (G1 Evacuation Pause) 111907M->32304M(184320M) 186.730ms
[2025-10-13T17:43:08.199-0700][1207][info ][gc,cpu      ] GC(137) User=17.20s Sys=0.24s Real=0.18s
[2025-10-13T17:43:08.201-0700][1207][info ][safepoint   ] Safepoint "G1CollectForAllocation", Time since last: 766939193 ns, Reaching safepoint: 890869 ns, Cleanup: 20701 ns, At safepoint: 191424613 ns, Total: 192336183 ns
[2025-10-13T17:43:10.202-0700][1207][info ][safepoint   ] Safepoint "Cleanup", Time since last: 2000145880 ns, Reaching safepoint: 823938 ns, Cleanup: 22173 ns, At safepoint: 411934 ns, Total: 1258045 ns
[2025-10-13T17:43:11.203-0700][1207][info ][safepoint   ] Safepoint "Cleanup", Time since last: 1000108439 ns, Reaching safepoint: 783616 ns, Cleanup: 23656 ns, At safepoint: 279744 ns, Total: 1087016 ns
[2025-10-13T17:43:12.205-0700][1207][info ][safepoint   ] Safepoint "Cleanup", Time since last: 1000123216 ns, Reaching safepoint: 971889 ns, Cleanup: 31317 ns, At safepoint: 676853 ns, Total: 1680059 ns
[2025-10-13T17:43:13.207-0700][1207][info ][safepoint   ] Safepoint "Cleanup", Time since last: 1000127645 ns, Reaching safepoint: 913421 ns, Cleanup: 23645 ns, At safepoint: 812959 ns, Total: 1750025 ns
[2025-10-13T17:43:14.209-0700][1207][info ][safepoint   ] Safepoint "Cleanup", Time since last: 1000124830 ns, Reaching safepoint: 1330431 ns, Cleanup: 11648 ns, At safepoint: 1137830 ns, Total: 2479909 ns
[2025-10-13T17:43:14.916-0700][1207][info ][gc,start    ] GC(138) Pause Young (Mixed) (G1 Evacuation Pause)
[2025-10-13T17:43:14.916-0700][1207][info ][gc,task     ] GC(138) Using 113 workers of 113 for evacuation
[2025-10-13T17:43:14.930-0700][1207][debug][gc,remset   ] GC(138) Visited cards 11492096 Total dirty 53739520 (21.38%) Total old 469237760 (2.45%)
[2025-10-13T17:43:15.070-0700][1207][debug][gc,remset   ] GC(138) Visited cards 1250816 Total dirty 48562176 (2.58%) Total old 483983360 (0.26%)
[2025-10-13T17:43:15.095-0700][1207][info ][gc,phases   ] GC(138)   Pre Evacuate Collection Set: 0.9ms
[2025-10-13T17:43:15.095-0700][1207][info ][gc,phases   ] GC(138)   Merge Heap Roots: 12.7ms
[2025-10-13T17:43:15.095-0700][1207][info ][gc,phases   ] GC(138)   Evacuate Collection Set: 139.0ms
[2025-10-13T17:43:15.095-0700][1207][info ][gc,phases   ] GC(138)   Merge Optional Heap Roots: 1.0ms
[2025-10-13T17:43:15.095-0700][1207][info ][gc,phases   ] GC(138)   Evacuate Optional Collection Set: 7.1ms
[2025-10-13T17:43:15.095-0700][1207][info ][gc,phases   ] GC(138)   Post Evacuate Collection Set: 17.9ms
[2025-10-13T17:43:15.095-0700][1207][info ][gc,phases   ] GC(138)   Other: 0.2ms
[2025-10-13T17:43:15.095-0700][1207][debug][gc,remset   ] GC(138) Coarsening (recent): Inline->AoC 51975 (0) AoC->Howl 311 (0) Howl->Full 0 (0) Inline->AoC 1104 (0) AoC->BitMap 239 (0) BitMap->Full 0 (0) 
[2025-10-13T17:43:15.095-0700][1207][debug][gc,remset   ] GC(138) Coarsening (all): Inline->AoC 3019147 (80) AoC->Howl 97227 (281) Howl->Full 0 (0) Inline->AoC 444985 (84) AoC->BitMap 111934 (204) BitMap->Full 8 (0) 
[2025-10-13T17:43:15.095-0700][1207][info ][gc,heap     ] GC(138) Eden regions: 2952->0(2754)
[2025-10-13T17:43:15.095-0700][1207][info ][gc,heap     ] GC(138) Survivor regions: 170->202(391)
[2025-10-13T17:43:15.095-0700][1207][info ][gc,heap     ] GC(138) Old regions: 840->799
[2025-10-13T17:43:15.095-0700][1207][info ][gc,heap     ] GC(138) Humongous regions: 31->1
[2025-10-13T17:43:15.095-0700][1207][info ][gc,metaspace] GC(138) Metaspace: 313646K(319296K)->313646K(319296K) NonClass: 276639K(279616K)->276639K(279616K) Class: 37007K(39680K)->37007K(39680K)
[2025-10-13T17:43:15.095-0700][1207][info ][gc          ] GC(138) Pause Young (Mixed) (G1 Evacuation Pause) 127760M->32063M(184320M) 179.043ms
[2025-10-13T17:43:15.097-0700][1207][info ][gc,cpu      ] GC(138) User=15.47s Sys=0.62s Real=0.18s
[2025-10-13T17:43:15.098-0700][1207][info ][safepoint   ] Safepoint "G1CollectForAllocation", Time since last: 703727551 ns, Reaching safepoint: 1068255 ns, Cleanup: 34902 ns, At safepoint: 183753862 ns, Total: 184857019 ns
[2025-10-13T17:43:17.099-0700][1207][info ][safepoint   ] Safepoint "Cleanup", Time since last: 2000149469 ns, Reaching safepoint: 641264 ns, Cleanup: 14662 ns, At safepoint: 88795 ns, Total: 744721 ns
[2025-10-13T17:43:18.609-0700][1207][info ][safepoint   ] Safepoint "Cleanup", Time since last: 1508866097 ns, Reaching safepoint: 940257 ns, Cleanup: 62615 ns, At safepoint: 545990 ns, Total: 1548862 ns
[2025-10-13T17:43:19.611-0700][1207][info ][safepoint   ] Safepoint "Cleanup", Time since last: 1000118301 ns, Reaching safepoint: 865264 ns, Cleanup: 25900 ns, At safepoint: 341388 ns, Total: 1232552 ns
[2025-10-13T17:43:20.612-0700][1207][info ][safepoint   ] Safepoint "Cleanup", Time since last: 1000114045 ns, Reaching safepoint: 832475 ns, Cleanup: 15603 ns, At safepoint: 285364 ns, Total: 1133442 ns
[2025-10-13T17:43:22.613-0700][1207][info ][safepoint   ] Safepoint "Cleanup", Time since last: 2000166657 ns, Reaching safepoint: 843080 ns, Cleanup: 15554 ns, At safepoint: 168846 ns, Total: 1027480 ns
[2025-10-13T17:43:25.615-0700][1207][info ][safepoint   ] Safepoint "Cleanup", Time since last: 3000211438 ns, Reaching safepoint: 1433957 ns, Cleanup: 186393 ns, At safepoint: 410053 ns, Total: 2030403 ns
[2025-10-13T17:43:27.655-0700][1207][info ][gc,start    ] GC(139) Pause Young (Mixed) (G1 Evacuation Pause)
[2025-10-13T17:43:27.655-0700][1207][info ][gc,task     ] GC(139) Using 113 workers of 113 for evacuation
[2025-10-13T17:43:27.670-0700][1207][debug][gc,remset   ] GC(139) Visited cards 10768640 Total dirty 50855936 (21.17%) Total old 452067328 (2.38%)
[2025-10-13T17:43:27.828-0700][1207][info ][gc,phases   ] GC(139)   Pre Evacuate Collection Set: 0.8ms
[2025-10-13T17:43:27.828-0700][1207][info ][gc,phases   ] GC(139)   Merge Heap Roots: 13.9ms
[2025-10-13T17:43:27.828-0700][1207][info ][gc,phases   ] GC(139)   Evacuate Collection Set: 140.9ms
[2025-10-13T17:43:27.828-0700][1207][info ][gc,phases   ] GC(139)   Post Evacuate Collection Set: 17.2ms
[2025-10-13T17:43:27.828-0700][1207][info ][gc,phases   ] GC(139)   Other: 0.2ms
[2025-10-13T17:43:27.828-0700][1207][debug][gc,remset   ] GC(139) Coarsening (recent): Inline->AoC 39306 (0) AoC->Howl 193 (0) Howl->Full 0 (0) Inline->AoC 929 (0) AoC->BitMap 88 (0) BitMap->Full 0 (0) 
[2025-10-13T17:43:27.828-0700][1207][debug][gc,remset   ] GC(139) Coarsening (all): Inline->AoC 3058453 (80) AoC->Howl 97420 (281) Howl->Full 0 (0) Inline->AoC 445914 (84) AoC->BitMap 112022 (204) BitMap->Full 8 (0) 
[2025-10-13T17:43:27.828-0700][1207][info ][gc,heap     ] GC(139) Eden regions: 2817->0(2506)
[2025-10-13T17:43:27.828-0700][1207][info ][gc,heap     ] GC(139) Survivor regions: 202->231(378)
[2025-10-13T17:43:27.828-0700][1207][info ][gc,heap     ] GC(139) Old regions: 799->765
[2025-10-13T17:43:27.828-0700][1207][info ][gc,heap     ] GC(139) Humongous regions: 21->0
[2025-10-13T17:43:27.828-0700][1207][info ][gc,metaspace] GC(139) Metaspace: 313817K(319488K)->313817K(319488K) NonClass: 276790K(279808K)->276790K(279808K) Class: 37027K(39680K)->37027K(39680K)
[2025-10-13T17:43:27.828-0700][1207][info ][gc          ] GC(139) Pause Young (Mixed) (G1 Evacuation Pause) 122847M->31836M(184320M) 173.173ms
[2025-10-13T17:43:27.830-0700][1207][info ][gc,cpu      ] GC(139) User=16.23s Sys=0.32s Real=0.17s
[2025-10-13T17:43:27.831-0700][1207][info ][safepoint   ] Safepoint "G1CollectForAllocation", Time since last: 2036881490 ns, Reaching safepoint: 808257 ns, Cleanup: 11988 ns, At safepoint: 177793013 ns, Total: 178613258 ns
[2025-10-13T17:43:28.836-0700][1207][info ][safepoint   ] Safepoint "Cleanup", Time since last: 1000078592 ns, Reaching safepoint: 3939201 ns, Cleanup: 68715 ns, At safepoint: 836590 ns, Total: 4844506 ns
[2025-10-13T17:43:30.838-0700][1207][info ][safepoint   ] Safepoint "Cleanup", Time since last: 2000175541 ns, Reaching safepoint: 990113 ns, Cleanup: 17327 ns, At safepoint: 551037 ns, Total: 1558477 ns
[2025-10-13T17:43:31.840-0700][1207][info ][safepoint   ] Safepoint "Cleanup", Time since last: 1000116709 ns, Reaching safepoint: 958005 ns, Cleanup: 27321 ns, At safepoint: 1107101 ns, Total: 2092427 ns
[2025-10-13T17:43:32.842-0700][1207][info ][safepoint   ] Safepoint "Cleanup", Time since last: 1000113184 ns, Reaching safepoint: 822720 ns, Cleanup: 40742 ns, At safepoint: 1115333 ns, Total: 1978795 ns
[2025-10-13T17:43:33.844-0700][1207][info ][safepoint   ] Safepoint "Cleanup", Time since last: 1000109649 ns, Reaching safepoint: 889190 ns, Cleanup: 56486 ns, At safepoint: 971866 ns, Total: 1917542 ns
[2025-10-13T17:43:34.846-0700][1207][info ][safepoint   ] Safepoint "Cleanup", Time since last: 1000120305 ns, Reaching safepoint: 862740 ns, Cleanup: 17827 ns, At safepoint: 958095 ns, Total: 1838662 ns
[2025-10-13T17:43:35.848-0700][1207][info ][safepoint   ] Safepoint "Cleanup", Time since last: 1000115868 ns, Reaching safepoint: 1440307 ns, Cleanup: 20481 ns, At safepoint: 658079 ns, Total: 2118867 ns
[2025-10-13T17:43:36.007-0700][1207][info ][gc,start    ] GC(140) Pause Young (Mixed) (G1 Evacuation Pause)
[2025-10-13T17:43:36.007-0700][1207][info ][gc,task     ] GC(140) Using 113 workers of 113 for evacuation
[2025-10-13T17:43:36.020-0700][1207][debug][gc,remset   ] GC(140) Visited cards 10991104 Total dirty 48955392 (22.45%) Total old 432734208 (2.54%)
[2025-10-13T17:43:36.195-0700][1207][info ][gc,phases   ] GC(140)   Pre Evacuate Collection Set: 0.7ms
[2025-10-13T17:43:36.195-0700][1207][info ][gc,phases   ] GC(140)   Merge Heap Roots: 12.7ms
[2025-10-13T17:43:36.195-0700][1207][info ][gc,phases   ] GC(140)   Evacuate Collection Set: 159.2ms
[2025-10-13T17:43:36.195-0700][1207][info ][gc,phases   ] GC(140)   Post Evacuate Collection Set: 15.8ms
[2025-10-13T17:43:36.195-0700][1207][info ][gc,phases   ] GC(140)   Other: 0.2ms
[2025-10-13T17:43:36.195-0700][1207][debug][gc,remset   ] GC(140) Coarsening (recent): Inline->AoC 35084 (0) AoC->Howl 173 (0) Howl->Full 0 (0) Inline->AoC 823 (0) AoC->BitMap 111 (0) BitMap->Full 0 (0) 
[2025-10-13T17:43:36.195-0700][1207][debug][gc,remset   ] GC(140) Coarsening (all): Inline->AoC 3093537 (80) AoC->Howl 97593 (281) Howl->Full 0 (0) Inline->AoC 446737 (84) AoC->BitMap 112133 (204) BitMap->Full 8 (0) 
[2025-10-13T17:43:36.195-0700][1207][info ][gc,heap     ] GC(140) Eden regions: 2655->0(2866)
[2025-10-13T17:43:36.195-0700][1207][info ][gc,heap     ] GC(140) Survivor regions: 231->213(361)
[2025-10-13T17:43:36.195-0700][1207][info ][gc,heap     ] GC(140) Old regions: 765->782
[2025-10-13T17:43:36.195-0700][1207][info ][gc,heap     ] GC(140) Humongous regions: 26->0
[2025-10-13T17:43:36.195-0700][1207][info ][gc,metaspace] GC(140) Metaspace: 313831K(319488K)->313831K(319488K) NonClass: 276804K(279808K)->276804K(279808K) Class: 37027K(39680K)->37027K(39680K)
[2025-10-13T17:43:36.195-0700][1207][info ][gc          ] GC(140) Pause Young (Mixed) (G1 Evacuation Pause) 117628M->31805M(184320M) 188.817ms
[2025-10-13T17:43:36.197-0700][1207][info ][gc,cpu      ] GC(140) User=17.74s Sys=0.32s Real=0.19s
[2025-10-13T17:43:36.198-0700][1207][info ][safepoint   ] Safepoint "G1CollectForAllocation", Time since last: 156095956 ns, Reaching safepoint: 840205 ns, Cleanup: 12750 ns, At safepoint: 193483028 ns, Total: 194335983 ns
[2025-10-13T17:43:37.202-0700][1207][info ][safepoint   ] Safepoint "Cleanup", Time since last: 1000088957 ns, Reaching safepoint: 2899704 ns, Cleanup: 29915 ns, At safepoint: 897232 ns, Total: 3826851 ns
[2025-10-13T17:43:38.204-0700][1207][info ][safepoint   ] Safepoint "Cleanup", Time since last: 1000107336 ns, Reaching safepoint: 832744 ns, Cleanup: 14632 ns, At safepoint: 543205 ns, Total: 1390581 ns
[2025-10-13T17:43:41.206-0700][1207][info ][safepoint   ] Safepoint "Cleanup", Time since last: 3000335787 ns, Reaching safepoint: 894759 ns, Cleanup: 10876 ns, At safepoint: 823170 ns, Total: 1728805 ns
[2025-10-13T17:43:42.209-0700][1207][info ][safepoint   ] Safepoint "Cleanup", Time since last: 1000126865 ns, Reaching safepoint: 1148454 ns, Cleanup: 26861 ns, At safepoint: 1306133 ns, Total: 2481448 ns
[2025-10-13T17:43:43.118-0700][1207][info ][gc,start    ] GC(141) Pause Young (Mixed) (G1 Evacuation Pause)
[2025-10-13T17:43:43.118-0700][1207][info ][gc,task     ] GC(141) Using 113 workers of 113 for evacuation
[2025-10-13T17:43:43.132-0700][1207][debug][gc,remset   ] GC(141) Visited cards 10139392 Total dirty 50266112 (20.17%) Total old 471334912 (2.15%)
[2025-10-13T17:43:43.297-0700][1207][info ][gc,phases   ] GC(141)   Pre Evacuate Collection Set: 0.7ms
[2025-10-13T17:43:43.297-0700][1207][info ][gc,phases   ] GC(141)   Merge Heap Roots: 13.0ms
[2025-10-13T17:43:43.297-0700][1207][info ][gc,phases   ] GC(141)   Evacuate Collection Set: 149.5ms
[2025-10-13T17:43:43.297-0700][1207][info ][gc,phases   ] GC(141)   Post Evacuate Collection Set: 15.2ms
[2025-10-13T17:43:43.297-0700][1207][info ][gc,phases   ] GC(141)   Other: 0.2ms
[2025-10-13T17:43:43.297-0700][1207][debug][gc,remset   ] GC(141) Coarsening (recent): Inline->AoC 30191 (1) AoC->Howl 161 (3) Howl->Full 0 (0) Inline->AoC 668 (1) AoC->BitMap 92 (4) BitMap->Full 0 (0) 
[2025-10-13T17:43:43.297-0700][1207][debug][gc,remset   ] GC(141) Coarsening (all): Inline->AoC 3123728 (81) AoC->Howl 97754 (284) Howl->Full 0 (0) Inline->AoC 447405 (85) AoC->BitMap 112225 (208) BitMap->Full 8 (0) 
[2025-10-13T17:43:43.297-0700][1207][info ][gc,heap     ] GC(141) Eden regions: 2970->0(2822)
[2025-10-13T17:43:43.297-0700][1207][info ][gc,heap     ] GC(141) Survivor regions: 213->248(398)
[2025-10-13T17:43:43.297-0700][1207][info ][gc,heap     ] GC(141) Old regions: 782->770
[2025-10-13T17:43:43.297-0700][1207][info ][gc,heap     ] GC(141) Humongous regions: 23->0
[2025-10-13T17:43:43.297-0700][1207][info ][gc,metaspace] GC(141) Metaspace: 313890K(319616K)->313890K(319616K) NonClass: 276859K(279936K)->276859K(279936K) Class: 37031K(39680K)->37031K(39680K)
[2025-10-13T17:43:43.297-0700][1207][info ][gc          ] GC(141) Pause Young (Mixed) (G1 Evacuation Pause) 127581M->32541M(184320M) 178.805ms
[2025-10-13T17:43:43.299-0700][1207][info ][gc,cpu      ] GC(141) User=17.24s Sys=0.28s Real=0.18s
[2025-10-13T17:43:43.300-0700][1207][info ][safepoint   ] Safepoint "G1CollectForAllocation", Time since last: 907122866 ns, Reaching safepoint: 970084 ns, Cleanup: 14622 ns, At safepoint: 183506639 ns, Total: 184491345 ns
[2025-10-13T17:43:43.529-0700][1207][info ][gc,start    ] GC(142) Pause Young (Concurrent Start) (G1 Humongous Allocation)
[2025-10-13T17:43:43.529-0700][1207][info ][gc,task     ] GC(142) Using 113 workers of 113 for evacuation
[2025-10-13T17:43:43.540-0700][1207][debug][gc,remset   ] GC(142) Visited cards 8732160 Total dirty 48693248 (17.93%) Total old 96075776 (9.09%)
[2025-10-13T17:43:43.682-0700][1207][info ][gc,phases   ] GC(142)   Pre Evacuate Collection Set: 1.0ms
[2025-10-13T17:43:43.682-0700][1207][info ][gc,phases   ] GC(142)   Merge Heap Roots: 9.4ms
[2025-10-13T17:43:43.682-0700][1207][info ][gc,phases   ] GC(142)   Evacuate Collection Set: 130.8ms
[2025-10-13T17:43:43.682-0700][1207][info ][gc,phases   ] GC(142)   Post Evacuate Collection Set: 11.2ms
[2025-10-13T17:43:43.682-0700][1207][info ][gc,phases   ] GC(142)   Other: 0.1ms
[2025-10-13T17:43:43.682-0700][1207][debug][gc,remset   ] GC(142) Coarsening (recent): Inline->AoC 0 (0) AoC->Howl 0 (0) Howl->Full 0 (0) Inline->AoC 0 (0) AoC->BitMap 0 (0) BitMap->Full 0 (0) 
[2025-10-13T17:43:43.682-0700][1207][debug][gc,remset   ] GC(142) Coarsening (all): Inline->AoC 3123728 (81) AoC->Howl 97754 (284) Howl->Full 0 (0) Inline->AoC 447405 (85) AoC->BitMap 112225 (208) BitMap->Full 8 (0) 
[2025-10-13T17:43:43.682-0700][1207][info ][gc,heap     ] GC(142) Eden regions: 100->0(1425)
[2025-10-13T17:43:43.682-0700][1207][info ][gc,heap     ] GC(142) Survivor regions: 248->219(416)
[2025-10-13T17:43:43.682-0700][1207][info ][gc,heap     ] GC(142) Old regions: 770->796
[2025-10-13T17:43:43.682-0700][1207][info ][gc,heap     ] GC(142) Humongous regions: 0->0
[2025-10-13T17:43:43.682-0700][1207][info ][gc,metaspace] GC(142) Metaspace: 313890K(319616K)->313890K(319616K) NonClass: 276859K(279936K)->276859K(279936K) Class: 37031K(39680K)->37031K(39680K)
[2025-10-13T17:43:43.682-0700][1207][info ][gc          ] GC(142) Pause Young (Concurrent Start) (G1 Humongous Allocation) 35741M->32449M(184320M) 152.752ms
[2025-10-13T17:43:43.682-0700][1090][info ][gc          ] GC(143) Concurrent Mark Cycle
[2025-10-13T17:43:43.683-0700][1090][info ][gc,marking  ] GC(143) Concurrent Scan Root Regions
[2025-10-13T17:43:43.684-0700][1207][info ][gc,cpu      ] GC(142) User=14.73s Sys=0.10s Real=0.16s
[2025-10-13T17:43:43.686-0700][1207][info ][safepoint   ] Safepoint "G1TryInitiateConcMark", Time since last: 213085955 ns, Reaching safepoint: 14503344 ns, Cleanup: 14973 ns, At safepoint: 158062701 ns, Total: 172581018 ns
[2025-10-13T17:43:43.768-0700][1090][info ][gc,marking  ] GC(143) Concurrent Scan Root Regions 85.960ms
[2025-10-13T17:43:43.769-0700][1090][info ][gc,marking  ] GC(143) Concurrent Mark
[2025-10-13T17:43:43.769-0700][1090][info ][gc,marking  ] GC(143) Concurrent Mark From Roots
[2025-10-13T17:43:43.769-0700][1090][info ][gc,task     ] GC(143) Using 36 workers of 36 for marking
[2025-10-13T17:43:43.912-0700][1090][info ][gc,marking  ] GC(143) Concurrent Mark From Roots 143.256ms
[2025-10-13T17:43:43.912-0700][1090][info ][gc,marking  ] GC(143) Concurrent Preclean
[2025-10-13T17:43:43.926-0700][1090][info ][gc,marking  ] GC(143) Concurrent Preclean 14.610ms
[2025-10-13T17:43:43.929-0700][1207][info ][gc,start    ] GC(143) Pause Remark
[2025-10-13T17:43:44.103-0700][1207][info ][gc          ] GC(143) Pause Remark 36092M->35740M(184320M) 174.201ms
[2025-10-13T17:43:44.105-0700][1207][info ][gc,cpu      ] GC(143) User=14.20s Sys=0.00s Real=0.18s
[2025-10-13T17:43:44.108-0700][1207][info ][safepoint   ] Safepoint "G1PauseRemark", Time since last: 240678136 ns, Reaching safepoint: 783830 ns, Cleanup: 7091 ns, At safepoint: 181033914 ns, Total: 181824835 ns
[2025-10-13T17:43:44.108-0700][1090][info ][gc,marking  ] GC(143) Concurrent Mark 339.883ms
[2025-10-13T17:43:44.108-0700][1090][info ][gc,marking  ] GC(143) Concurrent Rebuild Remembered Sets and Scrub Regions
[2025-10-13T17:43:44.385-0700][1090][info ][gc,marking  ] GC(143) Concurrent Rebuild Remembered Sets and Scrub Regions 276.963ms
[2025-10-13T17:43:44.388-0700][1207][info ][gc,start    ] GC(143) Pause Cleanup
[2025-10-13T17:43:44.390-0700][1207][info ][gc          ] GC(143) Pause Cleanup 39425M->39425M(184320M) 1.849ms
[2025-10-13T17:43:44.391-0700][1207][info ][gc,cpu      ] GC(143) User=0.02s Sys=0.00s Real=0.01s
[2025-10-13T17:43:44.391-0700][1207][info ][safepoint   ] Safepoint "G1PauseCleanup", Time since last: 277176058 ns, Reaching safepoint: 714384 ns, Cleanup: 51018 ns, At safepoint: 4569589 ns, Total: 5334991 ns
[2025-10-13T17:43:44.391-0700][1090][info ][gc,marking  ] GC(143) Concurrent Clear Claimed Marks
[2025-10-13T17:43:44.392-0700][1090][info ][gc,marking  ] GC(143) Concurrent Clear Claimed Marks 0.895ms
[2025-10-13T17:43:44.392-0700][1090][info ][gc,marking  ] GC(143) Concurrent Cleanup for Next Mark
[2025-10-13T17:43:44.421-0700][1090][info ][gc,marking  ] GC(143) Concurrent Cleanup for Next Mark 29.174ms
[2025-10-13T17:43:44.421-0700][1090][info ][gc          ] GC(143) Concurrent Mark Cycle 738.532ms
[2025-10-13T17:43:45.392-0700][1207][info ][safepoint   ] Safepoint "Cleanup", Time since last: 1000077580 ns, Reaching safepoint: 802078 ns, Cleanup: 20962 ns, At safepoint: 185561 ns, Total: 1008601 ns
[2025-10-13T17:43:46.393-0700][1207][info ][safepoint   ] Safepoint "Cleanup", Time since last: 1000103677 ns, Reaching safepoint: 828392 ns, Cleanup: 18508 ns, At safepoint: 201074 ns, Total: 1047974 ns
[2025-10-13T17:43:47.394-0700][1207][info ][safepoint   ] Safepoint "Cleanup", Time since last: 1000119286 ns, Reaching safepoint: 834903 ns, Cleanup: 34211 ns, At safepoint: 357070 ns, Total: 1226184 ns
[2025-10-13T17:43:48.291-0700][1207][info ][gc,start    ] GC(144) Pause Young (Prepare Mixed) (G1 Evacuation Pause)
[2025-10-13T17:43:48.291-0700][1207][info ][gc,task     ] GC(144) Using 113 workers of 113 for evacuation
[2025-10-13T17:43:48.305-0700][1207][debug][gc,remset   ] GC(144) Visited cards 9285376 Total dirty 50135040 (18.52%) Total old 257294336 (3.61%)
[2025-10-13T17:43:48.442-0700][1207][info ][gc,phases   ] GC(144)   Pre Evacuate Collection Set: 0.7ms
[2025-10-13T17:43:48.442-0700][1207][info ][gc,phases   ] GC(144)   Merge Heap Roots: 13.5ms
[2025-10-13T17:43:48.442-0700][1207][info ][gc,phases   ] GC(144)   Evacuate Collection Set: 123.9ms
[2025-10-13T17:43:48.442-0700][1207][info ][gc,phases   ] GC(144)   Post Evacuate Collection Set: 12.9ms
[2025-10-13T17:43:48.442-0700][1207][info ][gc,phases   ] GC(144)   Other: 0.2ms
[2025-10-13T17:43:48.442-0700][1207][debug][gc,remset   ] GC(144) Coarsening (recent): Inline->AoC 116156 (0) AoC->Howl 5605 (0) Howl->Full 0 (0) Inline->AoC 26294 (0) AoC->BitMap 6014 (0) BitMap->Full 0 (0) 
[2025-10-13T17:43:48.442-0700][1207][debug][gc,remset   ] GC(144) Coarsening (all): Inline->AoC 3239884 (81) AoC->Howl 103359 (284) Howl->Full 0 (0) Inline->AoC 473699 (85) AoC->BitMap 118239 (208) BitMap->Full 8 (0) 
[2025-10-13T17:43:48.442-0700][1207][info ][gc,heap     ] GC(144) Eden regions: 1344->0(2490)
[2025-10-13T17:43:48.442-0700][1207][info ][gc,heap     ] GC(144) Survivor regions: 219->122(196)
[2025-10-13T17:43:48.442-0700][1207][info ][gc,heap     ] GC(144) Old regions: 785->887
[2025-10-13T17:43:48.442-0700][1207][info ][gc,heap     ] GC(144) Humongous regions: 15->0
[2025-10-13T17:43:48.442-0700][1207][info ][gc,metaspace] GC(144) Metaspace: 313816K(319616K)->313816K(319616K) NonClass: 276798K(279936K)->276798K(279936K) Class: 37017K(39680K)->37017K(39680K)
[2025-10-13T17:43:48.442-0700][1207][info ][gc          ] GC(144) Pause Young (Prepare Mixed) (G1 Evacuation Pause) 75585M->32255M(184320M) 151.422ms
[2025-10-13T17:43:48.444-0700][1207][info ][gc,cpu      ] GC(144) User=15.11s Sys=0.05s Real=0.15s
[2025-10-13T17:43:48.445-0700][1207][info ][safepoint   ] Safepoint "G1CollectForAllocation", Time since last: 893684992 ns, Reaching safepoint: 815083 ns, Cleanup: 6650 ns, At safepoint: 156076003 ns, Total: 156897736 ns
[2025-10-13T17:43:49.465-0700][1207][info ][safepoint   ] Safepoint "Cleanup", Time since last: 1000083181 ns, Reaching safepoint: 17782795 ns, Cleanup: 36385 ns, At safepoint: 2060797 ns, Total: 19879977 ns
[2025-10-13T17:43:50.467-0700][1207][info ][safepoint   ] Safepoint "Cleanup", Time since last: 1000127648 ns, Reaching safepoint: 937928 ns, Cleanup: 23556 ns, At safepoint: 952150 ns, Total: 1913634 ns
[2025-10-13T17:43:52.267-0700][1207][info ][safepoint   ] Safepoint "Cleanup", Time since last: 1795396993 ns, Reaching safepoint: 3218207 ns, Cleanup: 15373 ns, At safepoint: 1245134 ns, Total: 4478714 ns
[2025-10-13T17:43:53.268-0700][1207][info ][safepoint   ] Safepoint "Cleanup", Time since last: 1000119315 ns, Reaching safepoint: 832920 ns, Cleanup: 24697 ns, At safepoint: 631385 ns, Total: 1489002 ns
[2025-10-13T17:43:54.071-0700][1207][info ][gc,start    ] GC(145) Pause Young (Mixed) (G1 Evacuation Pause)
[2025-10-13T17:43:54.071-0700][1207][info ][gc,task     ] GC(145) Using 113 workers of 113 for evacuation
[2025-10-13T17:43:54.085-0700][1207][debug][gc,remset   ] GC(145) Visited cards 10586112 Total dirty 54919168 (19.28%) Total old 417595392 (2.54%)
[2025-10-13T17:43:54.203-0700][1207][info ][gc,phases   ] GC(145)   Pre Evacuate Collection Set: 0.8ms
[2025-10-13T17:43:54.203-0700][1207][info ][gc,phases   ] GC(145)   Merge Heap Roots: 13.6ms
[2025-10-13T17:43:54.203-0700][1207][info ][gc,phases   ] GC(145)   Evacuate Collection Set: 104.7ms
[2025-10-13T17:43:54.203-0700][1207][info ][gc,phases   ] GC(145)   Post Evacuate Collection Set: 13.2ms
[2025-10-13T17:43:54.203-0700][1207][info ][gc,phases   ] GC(145)   Other: 0.2ms
[2025-10-13T17:43:54.203-0700][1207][debug][gc,remset   ] GC(145) Coarsening (recent): Inline->AoC 24365 (0) AoC->Howl 585 (0) Howl->Full 0 (0) Inline->AoC 1782 (0) AoC->BitMap 450 (0) BitMap->Full 0 (0) 
[2025-10-13T17:43:54.203-0700][1207][debug][gc,remset   ] GC(145) Coarsening (all): Inline->AoC 3264249 (81) AoC->Howl 103944 (284) Howl->Full 0 (0) Inline->AoC 475481 (85) AoC->BitMap 118689 (208) BitMap->Full 8 (0) 
[2025-10-13T17:43:54.203-0700][1207][info ][gc,heap     ] GC(145) Eden regions: 2592->0(2452)
[2025-10-13T17:43:54.203-0700][1207][info ][gc,heap     ] GC(145) Survivor regions: 122->159(340)
[2025-10-13T17:43:54.203-0700][1207][info ][gc,heap     ] GC(145) Old regions: 887->863
[2025-10-13T17:43:54.203-0700][1207][info ][gc,heap     ] GC(145) Humongous regions: 19->0
[2025-10-13T17:43:54.203-0700][1207][info ][gc,metaspace] GC(145) Metaspace: 313932K(319616K)->313932K(319616K) NonClass: 276904K(279936K)->276904K(279936K) Class: 37027K(39680K)->37027K(39680K)
[2025-10-13T17:43:54.203-0700][1207][info ][gc          ] GC(145) Pause Young (Mixed) (G1 Evacuation Pause) 115807M->32671M(184320M) 132.645ms
[2025-10-13T17:43:54.205-0700][1207][info ][gc,cpu      ] GC(145) User=11.99s Sys=0.07s Real=0.13s
[2025-10-13T17:43:54.206-0700][1207][info ][safepoint   ] Safepoint "G1CollectForAllocation", Time since last: 799499263 ns, Reaching safepoint: 861943 ns, Cleanup: 14582 ns, At safepoint: 137473749 ns, Total: 138350274 ns
[2025-10-13T17:43:55.208-0700][1207][info ][safepoint   ] Safepoint "Cleanup", Time since last: 1000083922 ns, Reaching safepoint: 939751 ns, Cleanup: 55624 ns, At safepoint: 520497 ns, Total: 1515872 ns
[2025-10-13T17:43:56.209-0700][1207][info ][safepoint   ] Safepoint "Cleanup", Time since last: 1000117483 ns, Reaching safepoint: 814612 ns, Cleanup: 12169 ns, At safepoint: 449800 ns, Total: 1276581 ns
[2025-10-13T17:43:57.211-0700][1207][info ][safepoint   ] Safepoint "Cleanup", Time since last: 1000062679 ns, Reaching safepoint: 809595 ns, Cleanup: 10326 ns, At safepoint: 726729 ns, Total: 1546650 ns
[2025-10-13T17:43:58.218-0700][1207][info ][safepoint   ] Safepoint "Cleanup", Time since last: 1000113897 ns, Reaching safepoint: 5108907 ns, Cleanup: 21773 ns, At safepoint: 1674092 ns, Total: 6804772 ns
[2025-10-13T17:43:59.220-0700][1207][info ][safepoint   ] Safepoint "Cleanup", Time since last: 1000117913 ns, Reaching safepoint: 957228 ns, Cleanup: 15183 ns, At safepoint: 1363682 ns, Total: 2336093 ns
[2025-10-13T17:44:00.222-0700][1207][info ][safepoint   ] Safepoint "Cleanup", Time since last: 1000106576 ns, Reaching safepoint: 855674 ns, Cleanup: 10406 ns, At safepoint: 819009 ns, Total: 1685089 ns
[2025-10-13T17:44:01.224-0700][1207][info ][safepoint   ] Safepoint "Cleanup", Time since last: 1000088749 ns, Reaching safepoint: 825238 ns, Cleanup: 13210 ns, At safepoint: 897547 ns, Total: 1735995 ns
[2025-10-13T17:44:02.226-0700][1207][info ][safepoint   ] Safepoint "Cleanup", Time since last: 1000110603 ns, Reaching safepoint: 882124 ns, Cleanup: 18788 ns, At safepoint: 994564 ns, Total: 1895476 ns
[2025-10-13T17:44:03.028-0700][1207][info ][gc,start    ] GC(146) Pause Young (Mixed) (G1 Evacuation Pause)
[2025-10-13T17:44:03.028-0700][1207][info ][gc,task     ] GC(146) Using 113 workers of 113 for evacuation
[2025-10-13T17:44:03.042-0700][1207][debug][gc,remset   ] GC(146) Visited cards 10211328 Total dirty 54067200 (18.89%) Total old 419823616 (2.43%)
[2025-10-13T17:44:03.179-0700][1207][info ][gc,phases   ] GC(146)   Pre Evacuate Collection Set: 0.7ms
[2025-10-13T17:44:03.179-0700][1207][info ][gc,phases   ] GC(146)   Merge Heap Roots: 13.5ms
[2025-10-13T17:44:03.179-0700][1207][info ][gc,phases   ] GC(146)   Evacuate Collection Set: 122.6ms
[2025-10-13T17:44:03.179-0700][1207][info ][gc,phases   ] GC(146)   Post Evacuate Collection Set: 14.2ms
[2025-10-13T17:44:03.179-0700][1207][info ][gc,phases   ] GC(146)   Other: 0.2ms
[2025-10-13T17:44:03.179-0700][1207][debug][gc,remset   ] GC(146) Coarsening (recent): Inline->AoC 18081 (0) AoC->Howl 256 (0) Howl->Full 0 (0) Inline->AoC 1103 (0) AoC->BitMap 149 (0) BitMap->Full 0 (0) 
[2025-10-13T17:44:03.179-0700][1207][debug][gc,remset   ] GC(146) Coarsening (all): Inline->AoC 3282330 (81) AoC->Howl 104200 (284) Howl->Full 0 (0) Inline->AoC 476584 (85) AoC->BitMap 118838 (208) BitMap->Full 8 (0) 
[2025-10-13T17:44:03.179-0700][1207][info ][gc,heap     ] GC(146) Eden regions: 2580->0(2362)
[2025-10-13T17:44:03.179-0700][1207][info ][gc,heap     ] GC(146) Survivor regions: 159->191(343)
[2025-10-13T17:44:03.179-0700][1207][info ][gc,heap     ] GC(146) Old regions: 863->829
[2025-10-13T17:44:03.179-0700][1207][info ][gc,heap     ] GC(146) Humongous regions: 27->0
[2025-10-13T17:44:03.179-0700][1207][info ][gc,metaspace] GC(146) Metaspace: 313969K(319616K)->313969K(319616K) NonClass: 276941K(279936K)->276941K(279936K) Class: 37027K(39680K)->37027K(39680K)
[2025-10-13T17:44:03.179-0700][1207][info ][gc          ] GC(146) Pause Young (Mixed) (G1 Evacuation Pause) 116095M->32620M(184320M) 151.312ms
[2025-10-13T17:44:03.181-0700][1207][info ][gc,cpu      ] GC(146) User=13.85s Sys=0.08s Real=0.16s
[2025-10-13T17:44:03.182-0700][1207][info ][safepoint   ] Safepoint "G1CollectForAllocation", Time since last: 799661238 ns, Reaching safepoint: 852329 ns, Cleanup: 18398 ns, At safepoint: 155960979 ns, Total: 156831706 ns
[2025-10-13T17:44:04.184-0700][1207][info ][safepoint   ] Safepoint "Cleanup", Time since last: 1000090502 ns, Reaching safepoint: 816715 ns, Cleanup: 12769 ns, At safepoint: 200794 ns, Total: 1030278 ns
[2025-10-13T17:44:05.186-0700][1207][info ][safepoint   ] Safepoint "Cleanup", Time since last: 1000100898 ns, Reaching safepoint: 926521 ns, Cleanup: 18157 ns, At safepoint: 961014 ns, Total: 1905692 ns
[2025-10-13T17:44:06.187-0700][1207][info ][safepoint   ] Safepoint "Cleanup", Time since last: 1000124273 ns, Reaching safepoint: 851878 ns, Cleanup: 23646 ns, At safepoint: 544323 ns, Total: 1419847 ns
[2025-10-13T17:44:07.188-0700][1207][info ][safepoint   ] Safepoint "Cleanup", Time since last: 1000088719 ns, Reaching safepoint: 685126 ns, Cleanup: 18348 ns, At safepoint: 446586 ns, Total: 1150060 ns
[2025-10-13T17:44:09.212-0700][1207][info ][safepoint   ] Safepoint "Cleanup", Time since last: 2000169476 ns, Reaching safepoint: 21835825 ns, Cleanup: 18638 ns, At safepoint: 1997020 ns, Total: 23851483 ns
[2025-10-13T17:44:10.215-0700][1207][info ][safepoint   ] Safepoint "Cleanup", Time since last: 1000125145 ns, Reaching safepoint: 918499 ns, Cleanup: 13841 ns, At safepoint: 1174326 ns, Total: 2106666 ns
[2025-10-13T17:44:11.217-0700][1207][info ][safepoint   ] Safepoint "Cleanup", Time since last: 1000117302 ns, Reaching safepoint: 817647 ns, Cleanup: 18147 ns, At safepoint: 1069067 ns, Total: 1904861 ns
[2025-10-13T17:44:12.146-0700][1207][info ][gc,start    ] GC(147) Pause Young (Mixed) (G1 Evacuation Pause)
[2025-10-13T17:44:12.146-0700][1207][info ][gc,task     ] GC(147) Using 113 workers of 113 for evacuation
[2025-10-13T17:44:12.160-0700][1207][debug][gc,remset   ] GC(147) Visited cards 10368768 Total dirty 51642368 (20.08%) Total old 404619264 (2.56%)
[2025-10-13T17:44:12.312-0700][1207][info ][gc,phases   ] GC(147)   Pre Evacuate Collection Set: 0.7ms
[2025-10-13T17:44:12.312-0700][1207][info ][gc,phases   ] GC(147)   Merge Heap Roots: 13.5ms
[2025-10-13T17:44:12.312-0700][1207][info ][gc,phases   ] GC(147)   Evacuate Collection Set: 136.3ms
[2025-10-13T17:44:12.312-0700][1207][info ][gc,phases   ] GC(147)   Post Evacuate Collection Set: 15.3ms
[2025-10-13T17:44:12.312-0700][1207][info ][gc,phases   ] GC(147)   Other: 0.2ms
[2025-10-13T17:44:12.312-0700][1207][debug][gc,remset   ] GC(147) Coarsening (recent): Inline->AoC 26232 (0) AoC->Howl 214 (0) Howl->Full 0 (0) Inline->AoC 976 (0) AoC->BitMap 125 (0) BitMap->Full 0 (0) 
[2025-10-13T17:44:12.312-0700][1207][debug][gc,remset   ] GC(147) Coarsening (all): Inline->AoC 3308562 (81) AoC->Howl 104414 (284) Howl->Full 0 (0) Inline->AoC 477560 (85) AoC->BitMap 118963 (208) BitMap->Full 8 (0) 
[2025-10-13T17:44:12.312-0700][1207][info ][gc,heap     ] GC(147) Eden regions: 2451->0(2343)
[2025-10-13T17:44:12.312-0700][1207][info ][gc,heap     ] GC(147) Survivor regions: 191->209(331)
[2025-10-13T17:44:12.312-0700][1207][info ][gc,heap     ] GC(147) Old regions: 829->813
[2025-10-13T17:44:12.312-0700][1207][info ][gc,heap     ] GC(147) Humongous regions: 23->0
[2025-10-13T17:44:12.312-0700][1207][info ][gc,metaspace] GC(147) Metaspace: 313987K(319616K)->313987K(319616K) NonClass: 276958K(279936K)->276958K(279936K) Class: 37028K(39680K)->37028K(39680K)
[2025-10-13T17:44:12.312-0700][1207][info ][gc          ] GC(147) Pause Young (Mixed) (G1 Evacuation Pause) 111788M->32660M(184320M) 166.128ms
[2025-10-13T17:44:12.313-0700][1207][info ][gc,cpu      ] GC(147) User=15.88s Sys=0.14s Real=0.17s
[2025-10-13T17:44:12.315-0700][1207][info ][safepoint   ] Safepoint "G1CollectForAllocation", Time since last: 926504759 ns, Reaching safepoint: 790996 ns, Cleanup: 4607 ns, At safepoint: 170601763 ns, Total: 171397366 ns
[2025-10-13T17:44:13.316-0700][1207][info ][safepoint   ] Safepoint "Cleanup", Time since last: 1000079324 ns, Reaching safepoint: 785929 ns, Cleanup: 157649 ns, At safepoint: 229216 ns, Total: 1172794 ns
[2025-10-13T17:44:14.317-0700][1207][info ][safepoint   ] Safepoint "Cleanup", Time since last: 1000097893 ns, Reaching safepoint: 841573 ns, Cleanup: 13571 ns, At safepoint: 403870 ns, Total: 1259014 ns
[2025-10-13T17:44:15.319-0700][1207][info ][safepoint   ] Safepoint "Cleanup", Time since last: 1000085605 ns, Reaching safepoint: 1038130 ns, Cleanup: 24577 ns, At safepoint: 1063198 ns, Total: 2125905 ns
[2025-10-13T17:44:16.355-0700][1207][info ][safepoint   ] Safepoint "Cleanup", Time since last: 1000115990 ns, Reaching safepoint: 33560889 ns, Cleanup: 32459 ns, At safepoint: 2299568 ns, Total: 35892916 ns
[2025-10-13T17:44:18.357-0700][1207][info ][safepoint   ] Safepoint "Cleanup", Time since last: 2000202115 ns, Reaching safepoint: 829485 ns, Cleanup: 22714 ns, At safepoint: 643614 ns, Total: 1495813 ns
[2025-10-13T17:44:19.359-0700][1207][info ][safepoint   ] Safepoint "Cleanup", Time since last: 1000107938 ns, Reaching safepoint: 1455241 ns, Cleanup: 12519 ns, At safepoint: 451462 ns, Total: 1919222 ns
[2025-10-13T17:44:20.360-0700][1207][info ][safepoint   ] Safepoint "Cleanup", Time since last: 1000126661 ns, Reaching safepoint: 743737 ns, Cleanup: 15713 ns, At safepoint: 205151 ns, Total: 964601 ns
[2025-10-13T17:44:20.969-0700][1207][info ][gc,start    ] GC(148) Pause Young (Mixed) (G1 Evacuation Pause)
[2025-10-13T17:44:20.969-0700][1207][info ][gc,task     ] GC(148) Using 113 workers of 113 for evacuation
[2025-10-13T17:44:20.983-0700][1207][debug][gc,remset   ] GC(148) Visited cards 10058240 Total dirty 50987008 (19.73%) Total old 404226048 (2.49%)
[2025-10-13T17:44:21.146-0700][1207][info ][gc,phases   ] GC(148)   Pre Evacuate Collection Set: 0.7ms
[2025-10-13T17:44:21.146-0700][1207][info ][gc,phases   ] GC(148)   Merge Heap Roots: 13.3ms
[2025-10-13T17:44:21.146-0700][1207][info ][gc,phases   ] GC(148)   Evacuate Collection Set: 147.4ms
[2025-10-13T17:44:21.146-0700][1207][info ][gc,phases   ] GC(148)   Post Evacuate Collection Set: 15.0ms
[2025-10-13T17:44:21.146-0700][1207][info ][gc,phases   ] GC(148)   Other: 0.2ms
[2025-10-13T17:44:21.146-0700][1207][debug][gc,remset   ] GC(148) Coarsening (recent): Inline->AoC 26713 (0) AoC->Howl 199 (0) Howl->Full 0 (0) Inline->AoC 833 (0) AoC->BitMap 169 (0) BitMap->Full 0 (0) 
[2025-10-13T17:44:21.146-0700][1207][debug][gc,remset   ] GC(148) Coarsening (all): Inline->AoC 3335275 (81) AoC->Howl 104613 (284) Howl->Full 0 (0) Inline->AoC 478393 (85) AoC->BitMap 119132 (208) BitMap->Full 8 (0) 
[2025-10-13T17:44:21.146-0700][1207][info ][gc,heap     ] GC(148) Eden regions: 2437->0(2127)
[2025-10-13T17:44:21.146-0700][1207][info ][gc,heap     ] GC(148) Survivor regions: 209->226(331)
[2025-10-13T17:44:21.146-0700][1207][info ][gc,heap     ] GC(148) Old regions: 813->800
[2025-10-13T17:44:21.146-0700][1207][info ][gc,heap     ] GC(148) Humongous regions: 25->0
[2025-10-13T17:44:21.146-0700][1207][info ][gc,metaspace] GC(148) Metaspace: 314056K(319744K)->314056K(319744K) NonClass: 277020K(280064K)->277020K(280064K) Class: 37036K(39680K)->37036K(39680K)
[2025-10-13T17:44:21.146-0700][1207][info ][gc          ] GC(148) Pause Young (Mixed) (G1 Evacuation Pause) 111444M->32816M(184320M) 176.772ms
[2025-10-13T17:44:21.147-0700][1207][info ][gc,cpu      ] GC(148) User=17.09s Sys=0.15s Real=0.18s
[2025-10-13T17:44:21.149-0700][1207][info ][safepoint   ] Safepoint "G1CollectForAllocation", Time since last: 606222081 ns, Reaching safepoint: 802887 ns, Cleanup: 21672 ns, At safepoint: 181428679 ns, Total: 182253238 ns
[2025-10-13T17:44:22.150-0700][1207][info ][safepoint   ] Safepoint "Cleanup", Time since last: 1000088082 ns, Reaching safepoint: 850729 ns, Cleanup: 13401 ns, At safepoint: 226262 ns, Total: 1090392 ns
[2025-10-13T17:44:23.151-0700][1207][info ][safepoint   ] Safepoint "Cleanup", Time since last: 1000104828 ns, Reaching safepoint: 884871 ns, Cleanup: 14111 ns, At safepoint: 569743 ns, Total: 1468725 ns
[2025-10-13T17:44:23.987-0700][1207][info ][safepoint   ] Safepoint "ICBufferFull", Time since last: 833743228 ns, Reaching safepoint: 993516 ns, Cleanup: 128725 ns, At safepoint: 444874 ns, Total: 1567115 ns
[2025-10-13T17:44:24.988-0700][1207][info ][safepoint   ] Safepoint "Cleanup", Time since last: 1000120551 ns, Reaching safepoint: 843829 ns, Cleanup: 138570 ns, At safepoint: 417933 ns, Total: 1400332 ns
[2025-10-13T17:44:26.003-0700][1207][info ][safepoint   ] Safepoint "Cleanup", Time since last: 1000110436 ns, Reaching safepoint: 13461216 ns, Cleanup: 51939 ns, At safepoint: 1203303 ns, Total: 14716458 ns
[2025-10-13T17:44:27.005-0700][1207][info ][safepoint   ] Safepoint "Cleanup", Time since last: 1000102053 ns, Reaching safepoint: 841115 ns, Cleanup: 29244 ns, At safepoint: 484184 ns, Total: 1354543 ns
[2025-10-13T17:44:28.006-0700][1207][info ][safepoint   ] Safepoint "Cleanup", Time since last: 1000109164 ns, Reaching safepoint: 875667 ns, Cleanup: 39309 ns, At safepoint: 339424 ns, Total: 1254400 ns
[2025-10-13T17:44:28.608-0700][1207][info ][gc,start    ] GC(149) Pause Young (Mixed) (G1 Evacuation Pause)
[2025-10-13T17:44:28.609-0700][1207][info ][gc,task     ] GC(149) Using 113 workers of 113 for evacuation
[2025-10-13T17:44:28.623-0700][1207][debug][gc,remset   ] GC(149) Visited cards 10244864 Total dirty 50003968 (20.49%) Total old 369426432 (2.77%)
[2025-10-13T17:44:28.787-0700][1207][info ][gc,phases   ] GC(149)   Pre Evacuate Collection Set: 0.9ms
[2025-10-13T17:44:28.787-0700][1207][info ][gc,phases   ] GC(149)   Merge Heap Roots: 13.8ms
[2025-10-13T17:44:28.787-0700][1207][info ][gc,phases   ] GC(149)   Evacuate Collection Set: 149.6ms
[2025-10-13T17:44:28.787-0700][1207][info ][gc,phases   ] GC(149)   Post Evacuate Collection Set: 13.8ms
[2025-10-13T17:44:28.787-0700][1207][info ][gc,phases   ] GC(149)   Other: 0.2ms
[2025-10-13T17:44:28.787-0700][1207][debug][gc,remset   ] GC(149) Coarsening (recent): Inline->AoC 37073 (0) AoC->Howl 190 (0) Howl->Full 0 (0) Inline->AoC 791 (0) AoC->BitMap 113 (0) BitMap->Full 0 (0) 
[2025-10-13T17:44:28.787-0700][1207][debug][gc,remset   ] GC(149) Coarsening (all): Inline->AoC 3372348 (81) AoC->Howl 104803 (284) Howl->Full 0 (0) Inline->AoC 479184 (85) AoC->BitMap 119245 (208) BitMap->Full 8 (0) 
[2025-10-13T17:44:28.787-0700][1207][info ][gc,heap     ] GC(149) Eden regions: 2166->0(2755)
[2025-10-13T17:44:28.787-0700][1207][info ][gc,heap     ] GC(149) Survivor regions: 226->183(299)
[2025-10-13T17:44:28.787-0700][1207][info ][gc,heap     ] GC(149) Old regions: 800->834
[2025-10-13T17:44:28.787-0700][1207][info ][gc,heap     ] GC(149) Humongous regions: 15->0
[2025-10-13T17:44:28.787-0700][1207][info ][gc,metaspace] GC(149) Metaspace: 314198K(319808K)->314198K(319808K) NonClass: 277140K(280128K)->277140K(280128K) Class: 37057K(39680K)->37057K(39680K)
[2025-10-13T17:44:28.787-0700][1207][info ][gc          ] GC(149) Pause Young (Mixed) (G1 Evacuation Pause) 102608M->32521M(184320M) 178.409ms
[2025-10-13T17:44:28.789-0700][1207][info ][gc,cpu      ] GC(149) User=16.87s Sys=0.18s Real=0.18s
[2025-10-13T17:44:28.790-0700][1207][info ][safepoint   ] Safepoint "G1CollectForAllocation", Time since last: 593663443 ns, Reaching safepoint: 7186458 ns, Cleanup: 21022 ns, At safepoint: 183166682 ns, Total: 190374162 ns
[2025-10-13T17:44:29.791-0700][1207][info ][safepoint   ] Safepoint "Cleanup", Time since last: 1000095954 ns, Reaching safepoint: 836648 ns, Cleanup: 40511 ns, At safepoint: 344833 ns, Total: 1221992 ns
[2025-10-13T17:44:30.792-0700][1207][info ][safepoint   ] Safepoint "Cleanup", Time since last: 1000113971 ns, Reaching safepoint: 787543 ns, Cleanup: 19720 ns, At safepoint: 319504 ns, Total: 1126767 ns
[2025-10-13T17:44:31.794-0700][1207][info ][safepoint   ] Safepoint "Cleanup", Time since last: 1000107392 ns, Reaching safepoint: 793021 ns, Cleanup: 22785 ns, At safepoint: 326284 ns, Total: 1142090 ns
[2025-10-13T17:44:32.795-0700][1207][info ][safepoint   ] Safepoint "Cleanup", Time since last: 1000110807 ns, Reaching safepoint: 885131 ns, Cleanup: 16966 ns, At safepoint: 755895 ns, Total: 1657992 ns
[2025-10-13T17:44:33.798-0700][1207][info ][safepoint   ] Safepoint "Cleanup", Time since last: 1000116285 ns, Reaching safepoint: 1218566 ns, Cleanup: 16315 ns, At safepoint: 703175 ns, Total: 1938056 ns
[2025-10-13T17:44:34.800-0700][1207][info ][safepoint   ] Safepoint "Cleanup", Time since last: 1000101823 ns, Reaching safepoint: 965673 ns, Cleanup: 36806 ns, At safepoint: 959354 ns, Total: 1961833 ns
[2025-10-13T17:44:35.801-0700][1207][info ][safepoint   ] Safepoint "Cleanup", Time since last: 1000110876 ns, Reaching safepoint: 829477 ns, Cleanup: 28714 ns, At safepoint: 840653 ns, Total: 1698844 ns
[2025-10-13T17:44:36.803-0700][1207][info ][safepoint   ] Safepoint "Cleanup", Time since last: 1000111909 ns, Reaching safepoint: 833442 ns, Cleanup: 19400 ns, At safepoint: 974767 ns, Total: 1827609 ns
[2025-10-13T17:44:37.805-0700][1207][info ][safepoint   ] Safepoint "Cleanup", Time since last: 1000111207 ns, Reaching safepoint: 881015 ns, Cleanup: 23025 ns, At safepoint: 1043621 ns, Total: 1947661 ns
[2025-10-13T17:44:37.950-0700][1207][info ][gc,start    ] GC(150) Pause Young (Mixed) (G1 Evacuation Pause)
[2025-10-13T17:44:37.950-0700][1207][info ][gc,task     ] GC(150) Using 113 workers of 113 for evacuation
[2025-10-13T17:44:37.964-0700][1207][debug][gc,remset   ] GC(150) Visited cards 12142592 Total dirty 52756480 (23.02%) Total old 441188352 (2.75%)
[2025-10-13T17:44:38.098-0700][1207][debug][gc,remset   ] GC(150) Visited cards 371968 Total dirty 33030144 (1.13%) Total old 456130560 (0.08%)
[2025-10-13T17:44:38.115-0700][1207][info ][gc,phases   ] GC(150)   Pre Evacuate Collection Set: 0.7ms
[2025-10-13T17:44:38.115-0700][1207][info ][gc,phases   ] GC(150)   Merge Heap Roots: 13.7ms
[2025-10-13T17:44:38.115-0700][1207][info ][gc,phases   ] GC(150)   Evacuate Collection Set: 133.0ms
[2025-10-13T17:44:38.115-0700][1207][info ][gc,phases   ] GC(150)   Merge Optional Heap Roots: 0.9ms
[2025-10-13T17:44:38.115-0700][1207][info ][gc,phases   ] GC(150)   Evacuate Optional Collection Set: 1.4ms
[2025-10-13T17:44:38.115-0700][1207][info ][gc,phases   ] GC(150)   Post Evacuate Collection Set: 15.7ms
[2025-10-13T17:44:38.115-0700][1207][info ][gc,phases   ] GC(150)   Other: 0.2ms
[2025-10-13T17:44:38.115-0700][1207][debug][gc,remset   ] GC(150) Coarsening (recent): Inline->AoC 46582 (0) AoC->Howl 276 (0) Howl->Full 0 (0) Inline->AoC 1000 (0) AoC->BitMap 165 (0) BitMap->Full 0 (0) 
[2025-10-13T17:44:38.115-0700][1207][debug][gc,remset   ] GC(150) Coarsening (all): Inline->AoC 3418930 (81) AoC->Howl 105079 (284) Howl->Full 0 (0) Inline->AoC 480184 (85) AoC->BitMap 119410 (208) BitMap->Full 8 (0) 
[2025-10-13T17:44:38.115-0700][1207][info ][gc,heap     ] GC(150) Eden regions: 2737->0(2558)
[2025-10-13T17:44:38.115-0700][1207][info ][gc,heap     ] GC(150) Survivor regions: 183->212(365)
[2025-10-13T17:44:38.115-0700][1207][info ][gc,heap     ] GC(150) Old regions: 834->802
[2025-10-13T17:44:38.115-0700][1207][info ][gc,heap     ] GC(150) Humongous regions: 20->0
[2025-10-13T17:44:38.115-0700][1207][info ][gc,metaspace] GC(150) Metaspace: 314261K(319936K)->314261K(319936K) NonClass: 277198K(280256K)->277198K(280256K) Class: 37063K(39680K)->37063K(39680K)
[2025-10-13T17:44:38.115-0700][1207][info ][gc          ] GC(150) Pause Young (Mixed) (G1 Evacuation Pause) 120745M->32438M(184320M) 165.771ms
[2025-10-13T17:44:38.117-0700][1207][info ][gc,cpu      ] GC(150) User=15.27s Sys=0.28s Real=0.17s
[2025-10-13T17:44:38.118-0700][1207][info ][safepoint   ] Safepoint "G1CollectForAllocation", Time since last: 141486218 ns, Reaching safepoint: 996350 ns, Cleanup: 5038 ns, At safepoint: 170522433 ns, Total: 171523821 ns
[2025-10-13T17:44:39.120-0700][1207][info ][safepoint   ] Safepoint "Cleanup", Time since last: 1000090606 ns, Reaching safepoint: 822306 ns, Cleanup: 21292 ns, At safepoint: 194886 ns, Total: 1038484 ns
[2025-10-13T17:44:40.135-0700][1207][info ][safepoint   ] Safepoint "Cleanup", Time since last: 1000099118 ns, Reaching safepoint: 13484021 ns, Cleanup: 28804 ns, At safepoint: 2042374 ns, Total: 15555199 ns
[2025-10-13T17:44:41.138-0700][1207][info ][safepoint   ] Safepoint "Cleanup", Time since last: 1000081973 ns, Reaching safepoint: 1118014 ns, Cleanup: 22795 ns, At safepoint: 1278016 ns, Total: 2418825 ns
[2025-10-13T17:44:42.140-0700][1207][info ][safepoint   ] Safepoint "Cleanup", Time since last: 1000123486 ns, Reaching safepoint: 884560 ns, Cleanup: 36476 ns, At safepoint: 943479 ns, Total: 1864515 ns
[2025-10-13T17:44:43.141-0700][1207][info ][safepoint   ] Safepoint "Cleanup", Time since last: 1000117367 ns, Reaching safepoint: 745419 ns, Cleanup: 23806 ns, At safepoint: 859352 ns, Total: 1628577 ns
[2025-10-13T17:44:45.143-0700][1207][info ][safepoint   ] Safepoint "Cleanup", Time since last: 2000178748 ns, Reaching safepoint: 682624 ns, Cleanup: 10366 ns, At safepoint: 237210 ns, Total: 930200 ns
[2025-10-13T17:44:46.144-0700][1207][info ][safepoint   ] Safepoint "Cleanup", Time since last: 1000105438 ns, Reaching safepoint: 707071 ns, Cleanup: 38268 ns, At safepoint: 516663 ns, Total: 1262002 ns
[2025-10-13T17:44:47.146-0700][1207][info ][safepoint   ] Safepoint "Cleanup", Time since last: 1000110897 ns, Reaching safepoint: 874926 ns, Cleanup: 14912 ns, At safepoint: 659079 ns, Total: 1548917 ns
[2025-10-13T17:44:48.239-0700][1207][info ][gc,start    ] GC(151) Pause Young (Mixed) (G1 Evacuation Pause)
[2025-10-13T17:44:48.239-0700][1207][info ][gc,task     ] GC(151) Using 113 workers of 113 for evacuation
[2025-10-13T17:44:48.254-0700][1207][debug][gc,remset   ] GC(151) Visited cards 11215872 Total dirty 50790400 (22.08%) Total old 428277760 (2.62%)
[2025-10-13T17:44:48.424-0700][1207][info ][gc,phases   ] GC(151)   Pre Evacuate Collection Set: 0.8ms
[2025-10-13T17:44:48.424-0700][1207][info ][gc,phases   ] GC(151)   Merge Heap Roots: 13.6ms
[2025-10-13T17:44:48.424-0700][1207][info ][gc,phases   ] GC(151)   Evacuate Collection Set: 155.4ms
[2025-10-13T17:44:48.424-0700][1207][info ][gc,phases   ] GC(151)   Post Evacuate Collection Set: 14.7ms
[2025-10-13T17:44:48.424-0700][1207][info ][gc,phases   ] GC(151)   Other: 0.2ms
[2025-10-13T17:44:48.424-0700][1207][debug][gc,remset   ] GC(151) Coarsening (recent): Inline->AoC 40530 (0) AoC->Howl 226 (0) Howl->Full 0 (0) Inline->AoC 1012 (0) AoC->BitMap 126 (0) BitMap->Full 0 (0) 
[2025-10-13T17:44:48.424-0700][1207][debug][gc,remset   ] GC(151) Coarsening (all): Inline->AoC 3459460 (81) AoC->Howl 105305 (284) Howl->Full 0 (0) Inline->AoC 481196 (85) AoC->BitMap 119536 (208) BitMap->Full 8 (0) 
[2025-10-13T17:44:48.424-0700][1207][info ][gc,heap     ] GC(151) Eden regions: 2626->0(2684)
[2025-10-13T17:44:48.424-0700][1207][info ][gc,heap     ] GC(151) Survivor regions: 212->211(355)
[2025-10-13T17:44:48.424-0700][1207][info ][gc,heap     ] GC(151) Old regions: 802->804
[2025-10-13T17:44:48.424-0700][1207][info ][gc,heap     ] GC(151) Humongous regions: 19->0
[2025-10-13T17:44:48.424-0700][1207][info ][gc,metaspace] GC(151) Metaspace: 314343K(320000K)->314343K(320000K) NonClass: 277273K(280320K)->277273K(280320K) Class: 37069K(39680K)->37069K(39680K)
[2025-10-13T17:44:48.424-0700][1207][info ][gc          ] GC(151) Pause Young (Mixed) (G1 Evacuation Pause) 117078M->32433M(184320M) 184.884ms
[2025-10-13T17:44:48.426-0700][1207][info ][gc,cpu      ] GC(151) User=17.04s Sys=0.33s Real=0.19s
[2025-10-13T17:44:48.427-0700][1207][info ][safepoint   ] Safepoint "G1CollectForAllocation", Time since last: 1088683631 ns, Reaching safepoint: 2942468 ns, Cleanup: 5499 ns, At safepoint: 189700762 ns, Total: 192648729 ns
[2025-10-13T17:44:49.429-0700][1207][info ][safepoint   ] Safepoint "Cleanup", Time since last: 1000097527 ns, Reaching safepoint: 1228071 ns, Cleanup: 11557 ns, At safepoint: 574240 ns, Total: 1813868 ns
[2025-10-13T17:44:50.431-0700][1207][info ][safepoint   ] Safepoint "Cleanup", Time since last: 1000116225 ns, Reaching safepoint: 898201 ns, Cleanup: 22284 ns, At safepoint: 810738 ns, Total: 1731223 ns
[2025-10-13T17:44:52.327-0700][1207][info ][safepoint   ] Safepoint "Cleanup", Time since last: 1894838544 ns, Reaching safepoint: 949616 ns, Cleanup: 53191 ns, At safepoint: 477782 ns, Total: 1480589 ns
[2025-10-13T17:44:53.329-0700][1207][info ][safepoint   ] Safepoint "Cleanup", Time since last: 1000109790 ns, Reaching safepoint: 1754765 ns, Cleanup: 15513 ns, At safepoint: 244320 ns, Total: 2014598 ns
[2025-10-13T17:44:54.333-0700][1207][info ][safepoint   ] Safepoint "Cleanup", Time since last: 1000094506 ns, Reaching safepoint: 2858595 ns, Cleanup: 22904 ns, At safepoint: 949106 ns, Total: 3830605 ns
[2025-10-13T17:44:56.335-0700][1207][info ][safepoint   ] Safepoint "Cleanup", Time since last: 2000167291 ns, Reaching safepoint: 837677 ns, Cleanup: 26991 ns, At safepoint: 476030 ns, Total: 1340698 ns
[2025-10-13T17:44:57.132-0700][1207][info ][gc,start    ] GC(152) Pause Young (Mixed) (G1 Evacuation Pause)
[2025-10-13T17:44:57.132-0700][1207][info ][gc,task     ] GC(152) Using 113 workers of 113 for evacuation
[2025-10-13T17:44:57.146-0700][1207][debug][gc,remset   ] GC(152) Visited cards 11010560 Total dirty 51576832 (21.35%) Total old 454492160 (2.42%)
[2025-10-13T17:44:57.325-0700][1207][info ][gc,phases   ] GC(152)   Pre Evacuate Collection Set: 0.8ms
[2025-10-13T17:44:57.325-0700][1207][info ][gc,phases   ] GC(152)   Merge Heap Roots: 12.9ms
[2025-10-13T17:44:57.325-0700][1207][info ][gc,phases   ] GC(152)   Evacuate Collection Set: 163.8ms
[2025-10-13T17:44:57.325-0700][1207][info ][gc,phases   ] GC(152)   Post Evacuate Collection Set: 14.7ms
[2025-10-13T17:44:57.325-0700][1207][info ][gc,phases   ] GC(152)   Other: 0.2ms
[2025-10-13T17:44:57.325-0700][1207][debug][gc,remset   ] GC(152) Coarsening (recent): Inline->AoC 33381 (0) AoC->Howl 118 (1) Howl->Full 0 (0) Inline->AoC 481 (0) AoC->BitMap 52 (0) BitMap->Full 0 (0) 
[2025-10-13T17:44:57.325-0700][1207][debug][gc,remset   ] GC(152) Coarsening (all): Inline->AoC 3492841 (81) AoC->Howl 105423 (285) Howl->Full 0 (0) Inline->AoC 481677 (85) AoC->BitMap 119588 (208) BitMap->Full 8 (0) 
[2025-10-13T17:44:57.325-0700][1207][info ][gc,heap     ] GC(152) Eden regions: 2829->0(2519)
[2025-10-13T17:44:57.325-0700][1207][info ][gc,heap     ] GC(152) Survivor regions: 211->251(380)
[2025-10-13T17:44:57.325-0700][1207][info ][gc,heap     ] GC(152) Old regions: 804->783
[2025-10-13T17:44:57.325-0700][1207][info ][gc,heap     ] GC(152) Humongous regions: 24->1
[2025-10-13T17:44:57.325-0700][1207][info ][gc,metaspace] GC(152) Metaspace: 314475K(320128K)->314475K(320128K) NonClass: 277390K(280448K)->277390K(280448K) Class: 37085K(39680K)->37085K(39680K)
[2025-10-13T17:44:57.325-0700][1207][info ][gc          ] GC(152) Pause Young (Mixed) (G1 Evacuation Pause) 123729M->33107M(184320M) 192.547ms
[2025-10-13T17:44:57.327-0700][1207][info ][gc,cpu      ] GC(152) User=17.32s Sys=0.44s Real=0.19s
[2025-10-13T17:44:57.328-0700][1207][info ][safepoint   ] Safepoint "G1CollectForAllocation", Time since last: 792617066 ns, Reaching safepoint: 3398321 ns, Cleanup: 6430 ns, At safepoint: 197298672 ns, Total: 200703423 ns
[2025-10-13T17:44:57.498-0700][1207][info ][gc,start    ] GC(153) Pause Young (Concurrent Start) (G1 Humongous Allocation)
[2025-10-13T17:44:57.498-0700][1207][info ][gc,task     ] GC(153) Using 113 workers of 113 for evacuation
[2025-10-13T17:44:57.508-0700][1207][debug][gc,remset   ] GC(153) Visited cards 9064960 Total dirty 49479680 (18.32%) Total old 100532224 (9.02%)
[2025-10-13T17:44:57.658-0700][1207][info ][gc,phases   ] GC(153)   Pre Evacuate Collection Set: 0.9ms
[2025-10-13T17:44:57.658-0700][1207][info ][gc,phases   ] GC(153)   Merge Heap Roots: 9.2ms
[2025-10-13T17:44:57.658-0700][1207][info ][gc,phases   ] GC(153)   Evacuate Collection Set: 139.8ms
[2025-10-13T17:44:57.658-0700][1207][info ][gc,phases   ] GC(153)   Post Evacuate Collection Set: 9.9ms
[2025-10-13T17:44:57.658-0700][1207][info ][gc,phases   ] GC(153)   Other: 0.1ms
[2025-10-13T17:44:57.658-0700][1207][debug][gc,remset   ] GC(153) Coarsening (recent): Inline->AoC 0 (0) AoC->Howl 0 (0) Howl->Full 0 (0) Inline->AoC 0 (0) AoC->BitMap 0 (0) BitMap->Full 0 (0) 
[2025-10-13T17:44:57.658-0700][1207][debug][gc,remset   ] GC(153) Coarsening (all): Inline->AoC 3492841 (81) AoC->Howl 105423 (285) Howl->Full 0 (0) Inline->AoC 481677 (85) AoC->BitMap 119588 (208) BitMap->Full 8 (0) 
[2025-10-13T17:44:57.658-0700][1207][info ][gc,heap     ] GC(153) Eden regions: 124->0(1128)
[2025-10-13T17:44:57.658-0700][1207][info ][gc,heap     ] GC(153) Survivor regions: 251->214(391)
[2025-10-13T17:44:57.658-0700][1207][info ][gc,heap     ] GC(153) Old regions: 783->820
[2025-10-13T17:44:57.658-0700][1207][info ][gc,heap     ] GC(153) Humongous regions: 1->1
[2025-10-13T17:44:57.658-0700][1207][info ][gc,metaspace] GC(153) Metaspace: 314475K(320128K)->314475K(320128K) NonClass: 277390K(280448K)->277390K(280448K) Class: 37085K(39680K)->37085K(39680K)
[2025-10-13T17:44:57.658-0700][1207][info ][gc          ] GC(153) Pause Young (Concurrent Start) (G1 Humongous Allocation) 37044M->33089M(184320M) 160.093ms
[2025-10-13T17:44:57.658-0700][1090][info ][gc          ] GC(154) Concurrent Mark Cycle
[2025-10-13T17:44:57.658-0700][1090][info ][gc,marking  ] GC(154) Concurrent Scan Root Regions
[2025-10-13T17:44:57.660-0700][1207][info ][gc,cpu      ] GC(153) User=14.21s Sys=0.04s Real=0.16s
[2025-10-13T17:44:57.662-0700][1207][info ][safepoint   ] Safepoint "G1TryInitiateConcMark", Time since last: 153745067 ns, Reaching safepoint: 14487846 ns, Cleanup: 16706 ns, At safepoint: 165715585 ns, Total: 180220137 ns
[2025-10-13T17:44:57.761-0700][1090][info ][gc,marking  ] GC(154) Concurrent Scan Root Regions 102.558ms
[2025-10-13T17:44:57.761-0700][1090][info ][gc,marking  ] GC(154) Concurrent Mark
[2025-10-13T17:44:57.761-0700][1090][info ][gc,marking  ] GC(154) Concurrent Mark From Roots
[2025-10-13T17:44:57.761-0700][1090][info ][gc,task     ] GC(154) Using 36 workers of 36 for marking
[2025-10-13T17:44:57.946-0700][1090][info ][gc,marking  ] GC(154) Concurrent Mark From Roots 184.876ms
[2025-10-13T17:44:57.946-0700][1090][info ][gc,marking  ] GC(154) Concurrent Preclean
[2025-10-13T17:44:57.965-0700][1090][info ][gc,marking  ] GC(154) Concurrent Preclean 19.228ms
[2025-10-13T17:44:57.968-0700][1207][info ][gc,start    ] GC(154) Pause Remark
[2025-10-13T17:44:58.305-0700][1207][info ][gc,mmu      ] GC(154) MMU target violated: 201.0ms (200.0ms/201.0ms)
[2025-10-13T17:44:58.305-0700][1207][info ][gc          ] GC(154) Pause Remark 38388M->37972M(184320M) 336.679ms
[2025-10-13T17:44:58.307-0700][1207][info ][gc,cpu      ] GC(154) User=13.60s Sys=0.00s Real=0.34s
[2025-10-13T17:44:58.308-0700][1207][info ][safepoint   ] Safepoint "G1PauseRemark", Time since last: 303278733 ns, Reaching safepoint: 1198593 ns, Cleanup: 10907 ns, At safepoint: 341840847 ns, Total: 343050347 ns
[2025-10-13T17:44:58.309-0700][1090][info ][gc,marking  ] GC(154) Concurrent Mark 547.811ms
[2025-10-13T17:44:58.309-0700][1090][info ][gc,marking  ] GC(154) Concurrent Rebuild Remembered Sets and Scrub Regions
[2025-10-13T17:44:58.667-0700][1090][info ][gc,marking  ] GC(154) Concurrent Rebuild Remembered Sets and Scrub Regions 357.961ms
[2025-10-13T17:44:58.670-0700][1207][info ][gc,start    ] GC(154) Pause Cleanup
[2025-10-13T17:44:58.672-0700][1207][info ][gc          ] GC(154) Pause Cleanup 45045M->45045M(184320M) 2.110ms
[2025-10-13T17:44:58.674-0700][1207][info ][gc,cpu      ] GC(154) User=0.02s Sys=0.00s Real=0.01s
[2025-10-13T17:44:58.675-0700][1207][info ][safepoint   ] Safepoint "G1PauseCleanup", Time since last: 358755625 ns, Reaching safepoint: 1136299 ns, Cleanup: 120753 ns, At safepoint: 6558962 ns, Total: 7816014 ns
[2025-10-13T17:44:58.675-0700][1090][info ][gc,marking  ] GC(154) Concurrent Clear Claimed Marks
[2025-10-13T17:44:58.676-0700][1090][info ][gc,marking  ] GC(154) Concurrent Clear Claimed Marks 1.288ms
[2025-10-13T17:44:58.676-0700][1090][info ][gc,marking  ] GC(154) Concurrent Cleanup for Next Mark
[2025-10-13T17:44:58.715-0700][1090][info ][gc,marking  ] GC(154) Concurrent Cleanup for Next Mark 38.877ms
[2025-10-13T17:44:58.715-0700][1090][info ][gc          ] GC(154) Concurrent Mark Cycle 1056.878ms
[2025-10-13T17:44:59.676-0700][1207][info ][safepoint   ] Safepoint "Cleanup", Time since last: 1000095729 ns, Reaching safepoint: 856766 ns, Cleanup: 13380 ns, At safepoint: 396700 ns, Total: 1266846 ns
[2025-10-13T17:45:00.653-0700][1207][info ][gc,start    ] GC(155) Pause Young (Prepare Mixed) (G1 Evacuation Pause)
[2025-10-13T17:45:00.653-0700][1207][info ][gc,task     ] GC(155) Using 113 workers of 113 for evacuation
[2025-10-13T17:45:00.666-0700][1207][debug][gc,remset   ] GC(155) Visited cards 9532928 Total dirty 51904512 (18.37%) Total old 219676672 (4.34%)
[2025-10-13T17:45:00.795-0700][1207][info ][gc,phases   ] GC(155)   Pre Evacuate Collection Set: 0.7ms
[2025-10-13T17:45:00.795-0700][1207][info ][gc,phases   ] GC(155)   Merge Heap Roots: 13.0ms
[2025-10-13T17:45:00.795-0700][1207][info ][gc,phases   ] GC(155)   Evacuate Collection Set: 117.6ms
[2025-10-13T17:45:00.795-0700][1207][info ][gc,phases   ] GC(155)   Post Evacuate Collection Set: 10.8ms
[2025-10-13T17:45:00.795-0700][1207][info ][gc,phases   ] GC(155)   Other: 0.1ms
[2025-10-13T17:45:00.795-0700][1207][debug][gc,remset   ] GC(155) Coarsening (recent): Inline->AoC 122880 (8) AoC->Howl 5730 (5) Howl->Full 0 (0) Inline->AoC 26756 (0) AoC->BitMap 6082 (2) BitMap->Full 0 (0) 
[2025-10-13T17:45:00.795-0700][1207][debug][gc,remset   ] GC(155) Coarsening (all): Inline->AoC 3615721 (89) AoC->Howl 111153 (290) Howl->Full 0 (0) Inline->AoC 508433 (85) AoC->BitMap 125670 (210) BitMap->Full 8 (0) 
[2025-10-13T17:45:00.795-0700][1207][info ][gc,heap     ] GC(155) Eden regions: 1053->0(2411)
[2025-10-13T17:45:00.795-0700][1207][info ][gc,heap     ] GC(155) Survivor regions: 214->59(159)
[2025-10-13T17:45:00.795-0700][1207][info ][gc,heap     ] GC(155) Old regions: 807->952
[2025-10-13T17:45:00.795-0700][1207][info ][gc,heap     ] GC(155) Humongous regions: 11->1
[2025-10-13T17:45:00.795-0700][1207][info ][gc,metaspace] GC(155) Metaspace: 314400K(320128K)->314400K(320128K) NonClass: 277332K(280448K)->277332K(280448K) Class: 37068K(39680K)->37068K(39680K)
[2025-10-13T17:45:00.795-0700][1207][info ][gc          ] GC(155) Pause Young (Prepare Mixed) (G1 Evacuation Pause) 66689M->32354M(184320M) 142.372ms
[2025-10-13T17:45:00.797-0700][1207][info ][gc,cpu      ] GC(155) User=12.86s Sys=0.06s Real=0.14s
[2025-10-13T17:45:00.798-0700][1207][info ][safepoint   ] Safepoint "G1CollectForAllocation", Time since last: 973971810 ns, Reaching safepoint: 859740 ns, Cleanup: 24778 ns, At safepoint: 147072533 ns, Total: 147957051 ns
[2025-10-13T17:45:01.799-0700][1207][info ][safepoint   ] Safepoint "Cleanup", Time since last: 1000085853 ns, Reaching safepoint: 826370 ns, Cleanup: 31528 ns, At safepoint: 203258 ns, Total: 1061156 ns
[2025-10-13T17:45:02.801-0700][1207][info ][safepoint   ] Safepoint "Cleanup", Time since last: 1000114707 ns, Reaching safepoint: 835794 ns, Cleanup: 15353 ns, At safepoint: 394728 ns, Total: 1245875 ns
[2025-10-13T17:45:04.802-0700][1207][info ][safepoint   ] Safepoint "Cleanup", Time since last: 2000168312 ns, Reaching safepoint: 815593 ns, Cleanup: 23266 ns, At safepoint: 224309 ns, Total: 1063168 ns
[2025-10-13T17:45:05.803-0700][1207][info ][safepoint   ] Safepoint "Cleanup", Time since last: 1000105123 ns, Reaching safepoint: 898289 ns, Cleanup: 34412 ns, At safepoint: 517372 ns, Total: 1450073 ns
[2025-10-13T17:45:06.818-0700][1207][info ][safepoint   ] Safepoint "Cleanup", Time since last: 1000146596 ns, Reaching safepoint: 12526619 ns, Cleanup: 15804 ns, At safepoint: 1884231 ns, Total: 14426654 ns
[2025-10-13T17:45:07.820-0700][1207][info ][safepoint   ] Safepoint "Cleanup", Time since last: 1000127406 ns, Reaching safepoint: 1007905 ns, Cleanup: 18307 ns, At safepoint: 958360 ns, Total: 1984572 ns
[2025-10-13T17:45:08.213-0700][1207][info ][gc,start    ] GC(156) Pause Young (Mixed) (G1 Evacuation Pause)
[2025-10-13T17:45:08.213-0700][1207][info ][gc,task     ] GC(156) Using 113 workers of 113 for evacuation
[2025-10-13T17:45:08.226-0700][1207][debug][gc,remset   ] GC(156) Visited cards 11102720 Total dirty 58523648 (18.97%) Total old 401866752 (2.76%)
[2025-10-13T17:45:08.323-0700][1207][info ][gc,phases   ] GC(156)   Pre Evacuate Collection Set: 0.7ms
[2025-10-13T17:45:08.323-0700][1207][info ][gc,phases   ] GC(156)   Merge Heap Roots: 12.8ms
[2025-10-13T17:45:08.323-0700][1207][info ][gc,phases   ] GC(156)   Evacuate Collection Set: 83.7ms
[2025-10-13T17:45:08.323-0700][1207][info ][gc,phases   ] GC(156)   Post Evacuate Collection Set: 13.0ms
[2025-10-13T17:45:08.323-0700][1207][info ][gc,phases   ] GC(156)   Other: 0.2ms
[2025-10-13T17:45:08.323-0700][1207][debug][gc,remset   ] GC(156) Coarsening (recent): Inline->AoC 30137 (29) AoC->Howl 547 (114) Howl->Full 0 (0) Inline->AoC 1192 (40) AoC->BitMap 503 (112) BitMap->Full 0 (0) 
[2025-10-13T17:45:08.323-0700][1207][debug][gc,remset   ] GC(156) Coarsening (all): Inline->AoC 3645858 (118) AoC->Howl 111700 (404) Howl->Full 0 (0) Inline->AoC 509625 (125) AoC->BitMap 126173 (322) BitMap->Full 8 (0) 
[2025-10-13T17:45:08.323-0700][1207][info ][gc,heap     ] GC(156) Eden regions: 2500->0(2433)
[2025-10-13T17:45:08.323-0700][1207][info ][gc,heap     ] GC(156) Survivor regions: 59->98(320)
[2025-10-13T17:45:08.323-0700][1207][info ][gc,heap     ] GC(156) Old regions: 952->931
[2025-10-13T17:45:08.323-0700][1207][info ][gc,heap     ] GC(156) Humongous regions: 23->0
[2025-10-13T17:45:08.323-0700][1207][info ][gc,metaspace] GC(156) Metaspace: 314558K(320128K)->314558K(320128K) NonClass: 277462K(280448K)->277462K(280448K) Class: 37096K(39680K)->37096K(39680K)
[2025-10-13T17:45:08.323-0700][1207][info ][gc          ] GC(156) Pause Young (Mixed) (G1 Evacuation Pause) 113058M->32917M(184320M) 110.541ms
[2025-10-13T17:45:08.325-0700][1207][info ][gc,cpu      ] GC(156) User=8.88s Sys=0.08s Real=0.11s
[2025-10-13T17:45:08.326-0700][1207][info ][safepoint   ] Safepoint "G1CollectForAllocation", Time since last: 389908732 ns, Reaching safepoint: 947273 ns, Cleanup: 5288 ns, At safepoint: 115560473 ns, Total: 116513034 ns
[2025-10-13T17:45:09.329-0700][1207][info ][safepoint   ] Safepoint "Cleanup", Time since last: 1000123892 ns, Reaching safepoint: 1340217 ns, Cleanup: 25158 ns, At safepoint: 878369 ns, Total: 2243744 ns
[2025-10-13T17:45:11.330-0700][1207][info ][safepoint   ] Safepoint "Cleanup", Time since last: 2000187511 ns, Reaching safepoint: 885700 ns, Cleanup: 12759 ns, At safepoint: 590764 ns, Total: 1489223 ns
[2025-10-13T17:45:12.333-0700][1207][info ][safepoint   ] Safepoint "Cleanup", Time since last: 1000674293 ns, Reaching safepoint: 905921 ns, Cleanup: 18227 ns, At safepoint: 529531 ns, Total: 1453679 ns
[2025-10-13T17:45:13.536-0700][1207][info ][gc,start    ] GC(157) Pause Young (Mixed) (G1 Evacuation Pause)
[2025-10-13T17:45:13.536-0700][1207][info ][gc,task     ] GC(157) Using 113 workers of 113 for evacuation
[2025-10-13T17:45:13.549-0700][1207][debug][gc,remset   ] GC(157) Visited cards 11319296 Total dirty 57737216 (19.60%) Total old 412483584 (2.74%)
[2025-10-13T17:45:13.656-0700][1207][info ][gc,phases   ] GC(157)   Pre Evacuate Collection Set: 0.8ms
[2025-10-13T17:45:13.656-0700][1207][info ][gc,phases   ] GC(157)   Merge Heap Roots: 12.6ms
[2025-10-13T17:45:13.656-0700][1207][info ][gc,phases   ] GC(157)   Evacuate Collection Set: 95.9ms
[2025-10-13T17:45:13.656-0700][1207][info ][gc,phases   ] GC(157)   Post Evacuate Collection Set: 11.2ms
[2025-10-13T17:45:13.656-0700][1207][info ][gc,phases   ] GC(157)   Other: 0.2ms
[2025-10-13T17:45:13.656-0700][1207][debug][gc,remset   ] GC(157) Coarsening (recent): Inline->AoC 10724 (0) AoC->Howl 182 (0) Howl->Full 0 (0) Inline->AoC 659 (0) AoC->BitMap 139 (0) BitMap->Full 0 (0) 
[2025-10-13T17:45:13.656-0700][1207][debug][gc,remset   ] GC(157) Coarsening (all): Inline->AoC 3656582 (118) AoC->Howl 111882 (404) Howl->Full 0 (0) Inline->AoC 510284 (125) AoC->BitMap 126312 (322) BitMap->Full 8 (0) 
[2025-10-13T17:45:13.656-0700][1207][info ][gc,heap     ] GC(157) Eden regions: 2560->0(2521)
[2025-10-13T17:45:13.656-0700][1207][info ][gc,heap     ] GC(157) Survivor regions: 98->130(333)
[2025-10-13T17:45:13.656-0700][1207][info ][gc,heap     ] GC(157) Old regions: 931->898
[2025-10-13T17:45:13.656-0700][1207][info ][gc,heap     ] GC(157) Humongous regions: 8->0
[2025-10-13T17:45:13.656-0700][1207][info ][gc,metaspace] GC(157) Metaspace: 314562K(320128K)->314562K(320128K) NonClass: 277466K(280448K)->277466K(280448K) Class: 37096K(39680K)->37096K(39680K)
[2025-10-13T17:45:13.656-0700][1207][info ][gc          ] GC(157) Pause Young (Mixed) (G1 Evacuation Pause) 115093M->32874M(184320M) 120.917ms
[2025-10-13T17:45:13.658-0700][1207][info ][gc,cpu      ] GC(157) User=10.57s Sys=0.02s Real=0.12s
[2025-10-13T17:45:13.660-0700][1207][info ][safepoint   ] Safepoint "G1CollectForAllocation", Time since last: 1193371736 ns, Reaching safepoint: 7845759 ns, Cleanup: 6339 ns, At safepoint: 125873615 ns, Total: 133725713 ns
[2025-10-13T17:45:14.661-0700][1207][info ][safepoint   ] Safepoint "Cleanup", Time since last: 1000098082 ns, Reaching safepoint: 875604 ns, Cleanup: 25649 ns, At safepoint: 362068 ns, Total: 1263321 ns
[2025-10-13T17:45:16.662-0700][1207][info ][safepoint   ] Safepoint "Cleanup", Time since last: 2000145187 ns, Reaching safepoint: 849655 ns, Cleanup: 10887 ns, At safepoint: 214094 ns, Total: 1074636 ns
[2025-10-13T17:45:20.664-0700][1207][info ][safepoint   ] Safepoint "Cleanup", Time since last: 4000295862 ns, Reaching safepoint: 849505 ns, Cleanup: 83567 ns, At safepoint: 215586 ns, Total: 1148658 ns
[2025-10-13T17:45:21.026-0700][1207][info ][gc,start    ] GC(158) Pause Young (Mixed) (G1 Evacuation Pause)
[2025-10-13T17:45:21.026-0700][1207][info ][gc,task     ] GC(158) Using 113 workers of 113 for evacuation
[2025-10-13T17:45:21.041-0700][1207][debug][gc,remset   ] GC(158) Visited cards 11315200 Total dirty 55771136 (20.29%) Total old 420020224 (2.69%)
[2025-10-13T17:45:21.147-0700][1207][info ][gc,phases   ] GC(158)   Pre Evacuate Collection Set: 0.8ms
[2025-10-13T17:45:21.147-0700][1207][info ][gc,phases   ] GC(158)   Merge Heap Roots: 14.1ms
[2025-10-13T17:45:21.147-0700][1207][info ][gc,phases   ] GC(158)   Evacuate Collection Set: 93.7ms
[2025-10-13T17:45:21.147-0700][1207][info ][gc,phases   ] GC(158)   Post Evacuate Collection Set: 12.6ms
[2025-10-13T17:45:21.147-0700][1207][info ][gc,phases   ] GC(158)   Other: 0.2ms
[2025-10-13T17:45:21.147-0700][1207][debug][gc,remset   ] GC(158) Coarsening (recent): Inline->AoC 24302 (0) AoC->Howl 150 (0) Howl->Full 0 (0) Inline->AoC 667 (0) AoC->BitMap 73 (0) BitMap->Full 0 (0) 
[2025-10-13T17:45:21.147-0700][1207][debug][gc,remset   ] GC(158) Coarsening (all): Inline->AoC 3680884 (118) AoC->Howl 112032 (404) Howl->Full 0 (0) Inline->AoC 510951 (125) AoC->BitMap 126385 (322) BitMap->Full 8 (0) 
[2025-10-13T17:45:21.147-0700][1207][info ][gc,heap     ] GC(158) Eden regions: 2600->0(2705)
[2025-10-13T17:45:21.147-0700][1207][info ][gc,heap     ] GC(158) Survivor regions: 130->149(342)
[2025-10-13T17:45:21.147-0700][1207][info ][gc,heap     ] GC(158) Old regions: 898->861
[2025-10-13T17:45:21.147-0700][1207][info ][gc,heap     ] GC(158) Humongous regions: 12->0
[2025-10-13T17:45:21.147-0700][1207][info ][gc,metaspace] GC(158) Metaspace: 314610K(320192K)->314610K(320192K) NonClass: 277509K(280512K)->277509K(280512K) Class: 37101K(39680K)->37101K(39680K)
[2025-10-13T17:45:21.147-0700][1207][info ][gc          ] GC(158) Pause Young (Mixed) (G1 Evacuation Pause) 116458M->32294M(184320M) 121.580ms
[2025-10-13T17:45:21.149-0700][1207][info ][gc,cpu      ] GC(158) User=11.07s Sys=0.14s Real=0.12s
[2025-10-13T17:45:21.150-0700][1207][info ][safepoint   ] Safepoint "G1CollectForAllocation", Time since last: 359357115 ns, Reaching safepoint: 921945 ns, Cleanup: 10445 ns, At safepoint: 126406731 ns, Total: 127339121 ns
[2025-10-13T17:45:22.161-0700][1207][info ][safepoint   ] Safepoint "Cleanup", Time since last: 1000086825 ns, Reaching safepoint: 8201447 ns, Cleanup: 19119 ns, At safepoint: 2200258 ns, Total: 10420824 ns
[2025-10-13T17:45:23.164-0700][1207][info ][safepoint   ] Safepoint "Cleanup", Time since last: 1000124963 ns, Reaching safepoint: 1193556 ns, Cleanup: 24036 ns, At safepoint: 1369472 ns, Total: 2587064 ns
[2025-10-13T17:45:24.166-0700][1207][info ][safepoint   ] Safepoint "Cleanup", Time since last: 1000116169 ns, Reaching safepoint: 832790 ns, Cleanup: 39840 ns, At safepoint: 1019192 ns, Total: 1891822 ns
[2025-10-13T17:45:25.168-0700][1207][info ][safepoint   ] Safepoint "Cleanup", Time since last: 1000115798 ns, Reaching safepoint: 968467 ns, Cleanup: 10856 ns, At safepoint: 1234180 ns, Total: 2213503 ns
[2025-10-13T17:45:26.170-0700][1207][info ][safepoint   ] Safepoint "Cleanup", Time since last: 1000125240 ns, Reaching safepoint: 1035189 ns, Cleanup: 95965 ns, At safepoint: 1045594 ns, Total: 2176748 ns
[2025-10-13T17:45:27.172-0700][1207][info ][safepoint   ] Safepoint "Cleanup", Time since last: 1000119111 ns, Reaching safepoint: 888846 ns, Cleanup: 109747 ns, At safepoint: 684176 ns, Total: 1682769 ns
[2025-10-13T17:45:28.174-0700][1207][info ][safepoint   ] Safepoint "Cleanup", Time since last: 1000121805 ns, Reaching safepoint: 976309 ns, Cleanup: 69305 ns, At safepoint: 1203624 ns, Total: 2249238 ns
[2025-10-13T17:45:29.176-0700][1207][info ][safepoint   ] Safepoint "Cleanup", Time since last: 1000124148 ns, Reaching safepoint: 904370 ns, Cleanup: 62255 ns, At safepoint: 770377 ns, Total: 1737002 ns
[2025-10-13T17:45:30.014-0700][1207][info ][gc,start    ] GC(159) Pause Young (Mixed) (G1 Evacuation Pause)
[2025-10-13T17:45:30.014-0700][1207][info ][gc,task     ] GC(159) Using 113 workers of 113 for evacuation
[2025-10-13T17:45:30.028-0700][1207][debug][gc,remset   ] GC(159) Visited cards 11057152 Total dirty 53739520 (20.58%) Total old 445448192 (2.48%)
[2025-10-13T17:45:30.159-0700][1207][info ][gc,phases   ] GC(159)   Pre Evacuate Collection Set: 0.7ms
[2025-10-13T17:45:30.159-0700][1207][info ][gc,phases   ] GC(159)   Merge Heap Roots: 13.5ms
[2025-10-13T17:45:30.159-0700][1207][info ][gc,phases   ] GC(159)   Evacuate Collection Set: 118.1ms
[2025-10-13T17:45:30.159-0700][1207][info ][gc,phases   ] GC(159)   Post Evacuate Collection Set: 12.5ms
[2025-10-13T17:45:30.159-0700][1207][info ][gc,phases   ] GC(159)   Other: 0.2ms
[2025-10-13T17:45:30.159-0700][1207][debug][gc,remset   ] GC(159) Coarsening (recent): Inline->AoC 13579 (0) AoC->Howl 255 (0) Howl->Full 0 (0) Inline->AoC 1268 (0) AoC->BitMap 112 (0) BitMap->Full 0 (0) 
[2025-10-13T17:45:30.159-0700][1207][debug][gc,remset   ] GC(159) Coarsening (all): Inline->AoC 3694463 (118) AoC->Howl 112287 (404) Howl->Full 0 (0) Inline->AoC 512219 (125) AoC->BitMap 126497 (322) BitMap->Full 8 (0) 
[2025-10-13T17:45:30.159-0700][1207][info ][gc,heap     ] GC(159) Eden regions: 2793->0(2543)
[2025-10-13T17:45:30.159-0700][1207][info ][gc,heap     ] GC(159) Survivor regions: 149->189(368)
[2025-10-13T17:45:30.159-0700][1207][info ][gc,heap     ] GC(159) Old regions: 861->824
[2025-10-13T17:45:30.159-0700][1207][info ][gc,heap     ] GC(159) Humongous regions: 13->0
[2025-10-13T17:45:30.159-0700][1207][info ][gc,metaspace] GC(159) Metaspace: 314706K(320256K)->314706K(320256K) NonClass: 277600K(280576K)->277600K(280576K) Class: 37106K(39680K)->37106K(39680K)
[2025-10-13T17:45:30.159-0700][1207][info ][gc          ] GC(159) Pause Young (Mixed) (G1 Evacuation Pause) 122086M->32392M(184320M) 145.163ms
[2025-10-13T17:45:30.161-0700][1207][info ][gc,cpu      ] GC(159) User=13.66s Sys=0.22s Real=0.15s
[2025-10-13T17:45:30.162-0700][1207][info ][safepoint   ] Safepoint "G1CollectForAllocation", Time since last: 835173596 ns, Reaching safepoint: 878741 ns, Cleanup: 66130 ns, At safepoint: 149960075 ns, Total: 150904946 ns
[2025-10-13T17:45:31.179-0700][1207][info ][safepoint   ] Safepoint "Cleanup", Time since last: 1000090958 ns, Reaching safepoint: 14568569 ns, Cleanup: 20311 ns, At safepoint: 1850844 ns, Total: 16439724 ns
[2025-10-13T17:45:32.181-0700][1207][info ][safepoint   ] Safepoint "Cleanup", Time since last: 1000115165 ns, Reaching safepoint: 878260 ns, Cleanup: 17637 ns, At safepoint: 932753 ns, Total: 1828650 ns
[2025-10-13T17:45:33.183-0700][1207][info ][safepoint   ] Safepoint "Cleanup", Time since last: 1000120914 ns, Reaching safepoint: 953474 ns, Cleanup: 30646 ns, At safepoint: 1337657 ns, Total: 2321777 ns
[2025-10-13T17:45:34.186-0700][1207][info ][safepoint   ] Safepoint "Cleanup", Time since last: 1000120653 ns, Reaching safepoint: 926353 ns, Cleanup: 101915 ns, At safepoint: 1247410 ns, Total: 2275678 ns
[2025-10-13T17:45:35.188-0700][1207][info ][safepoint   ] Safepoint "Cleanup", Time since last: 1000116887 ns, Reaching safepoint: 1103231 ns, Cleanup: 143939 ns, At safepoint: 1245066 ns, Total: 2492236 ns
[2025-10-13T17:45:36.191-0700][1207][info ][safepoint   ] Safepoint "Cleanup", Time since last: 1000159502 ns, Reaching safepoint: 1595557 ns, Cleanup: 76766 ns, At safepoint: 902878 ns, Total: 2575201 ns
[2025-10-13T17:45:37.193-0700][1207][info ][safepoint   ] Safepoint "Cleanup", Time since last: 1000116657 ns, Reaching safepoint: 802626 ns, Cleanup: 53872 ns, At safepoint: 886433 ns, Total: 1742931 ns
[2025-10-13T17:45:39.214-0700][1207][info ][safepoint   ] Safepoint "Cleanup", Time since last: 2000171701 ns, Reaching safepoint: 18766919 ns, Cleanup: 21402 ns, At safepoint: 2053761 ns, Total: 20842082 ns
[2025-10-13T17:45:40.216-0700][1207][info ][safepoint   ] Safepoint "Cleanup", Time since last: 1000074985 ns, Reaching safepoint: 875155 ns, Cleanup: 31708 ns, At safepoint: 798780 ns, Total: 1705643 ns
[2025-10-13T17:45:40.338-0700][1207][info ][gc,start    ] GC(160) Pause Young (Mixed) (G1 Evacuation Pause)
[2025-10-13T17:45:40.338-0700][1207][info ][gc,task     ] GC(160) Using 113 workers of 113 for evacuation
[2025-10-13T17:45:40.352-0700][1207][debug][gc,remset   ] GC(160) Visited cards 11631872 Total dirty 51970048 (22.38%) Total old 421593088 (2.76%)
[2025-10-13T17:45:40.515-0700][1207][info ][gc,phases   ] GC(160)   Pre Evacuate Collection Set: 0.7ms
[2025-10-13T17:45:40.515-0700][1207][info ][gc,phases   ] GC(160)   Merge Heap Roots: 13.3ms
[2025-10-13T17:45:40.515-0700][1207][info ][gc,phases   ] GC(160)   Evacuate Collection Set: 146.6ms
[2025-10-13T17:45:40.515-0700][1207][info ][gc,phases   ] GC(160)   Post Evacuate Collection Set: 16.4ms
[2025-10-13T17:45:40.515-0700][1207][info ][gc,phases   ] GC(160)   Other: 0.2ms
[2025-10-13T17:45:40.515-0700][1207][debug][gc,remset   ] GC(160) Coarsening (recent): Inline->AoC 31470 (0) AoC->Howl 245 (0) Howl->Full 0 (0) Inline->AoC 1206 (0) AoC->BitMap 95 (0) BitMap->Full 0 (0) 
[2025-10-13T17:45:40.515-0700][1207][debug][gc,remset   ] GC(160) Coarsening (all): Inline->AoC 3725933 (118) AoC->Howl 112532 (404) Howl->Full 0 (0) Inline->AoC 513425 (125) AoC->BitMap 126592 (322) BitMap->Full 8 (0) 
[2025-10-13T17:45:40.515-0700][1207][info ][gc,heap     ] GC(160) Eden regions: 2586->0(1879)
[2025-10-13T17:45:40.515-0700][1207][info ][gc,heap     ] GC(160) Survivor regions: 189->236(347)
[2025-10-13T17:45:40.515-0700][1207][info ][gc,heap     ] GC(160) Old regions: 824->788
[2025-10-13T17:45:40.515-0700][1207][info ][gc,heap     ] GC(160) Humongous regions: 20->0
[2025-10-13T17:45:40.515-0700][1207][info ][gc,metaspace] GC(160) Metaspace: 314849K(320512K)->314849K(320512K) NonClass: 277723K(280768K)->277723K(280768K) Class: 37126K(39744K)->37126K(39744K)
[2025-10-13T17:45:40.515-0700][1207][info ][gc          ] GC(160) Pause Young (Mixed) (G1 Evacuation Pause) 115784M->32738M(184320M) 177.323ms
[2025-10-13T17:45:40.517-0700][1207][info ][gc,cpu      ] GC(160) User=16.38s Sys=0.23s Real=0.18s
[2025-10-13T17:45:40.518-0700][1207][info ][safepoint   ] Safepoint "G1CollectForAllocation", Time since last: 119594165 ns, Reaching safepoint: 723677 ns, Cleanup: 4516 ns, At safepoint: 182038628 ns, Total: 182766821 ns
[2025-10-13T17:45:41.519-0700][1207][info ][safepoint   ] Safepoint "Cleanup", Time since last: 1000082546 ns, Reaching safepoint: 895757 ns, Cleanup: 14932 ns, At safepoint: 323230 ns, Total: 1233919 ns
[2025-10-13T17:45:42.522-0700][1207][info ][safepoint   ] Safepoint "Cleanup", Time since last: 1000118010 ns, Reaching safepoint: 1822000 ns, Cleanup: 22934 ns, At safepoint: 560800 ns, Total: 2405734 ns
[2025-10-13T17:45:43.524-0700][1207][info ][safepoint   ] Safepoint "Cleanup", Time since last: 1000113583 ns, Reaching safepoint: 1120317 ns, Cleanup: 38528 ns, At safepoint: 620210 ns, Total: 1779055 ns
[2025-10-13T17:45:44.532-0700][1207][info ][safepoint   ] Safepoint "Cleanup", Time since last: 1000109586 ns, Reaching safepoint: 6266152 ns, Cleanup: 44267 ns, At safepoint: 1449035 ns, Total: 7759454 ns
[2025-10-13T17:45:45.534-0700][1207][info ][safepoint   ] Safepoint "Cleanup", Time since last: 1000115286 ns, Reaching safepoint: 1128419 ns, Cleanup: 23977 ns, At safepoint: 1510077 ns, Total: 2662473 ns
[2025-10-13T17:45:46.257-0700][1207][info ][gc,start    ] GC(161) Pause Young (Mixed) (G1 Evacuation Pause)
[2025-10-13T17:45:46.257-0700][1207][info ][gc,task     ] GC(161) Using 113 workers of 113 for evacuation
[2025-10-13T17:45:46.270-0700][1207][debug][gc,remset   ] GC(161) Visited cards 11103744 Total dirty 48955392 (22.68%) Total old 353107968 (3.14%)
[2025-10-13T17:45:46.428-0700][1207][info ][gc,phases   ] GC(161)   Pre Evacuate Collection Set: 0.7ms
[2025-10-13T17:45:46.428-0700][1207][info ][gc,phases   ] GC(161)   Merge Heap Roots: 12.4ms
[2025-10-13T17:45:46.428-0700][1207][info ][gc,phases   ] GC(161)   Evacuate Collection Set: 143.1ms
[2025-10-13T17:45:46.428-0700][1207][info ][gc,phases   ] GC(161)   Post Evacuate Collection Set: 14.5ms
[2025-10-13T17:45:46.428-0700][1207][info ][gc,phases   ] GC(161)   Other: 0.2ms
[2025-10-13T17:45:46.428-0700][1207][debug][gc,remset   ] GC(161) Coarsening (recent): Inline->AoC 25663 (0) AoC->Howl 282 (0) Howl->Full 0 (0) Inline->AoC 1253 (0) AoC->BitMap 143 (0) BitMap->Full 0 (0) 
[2025-10-13T17:45:46.428-0700][1207][debug][gc,remset   ] GC(161) Coarsening (all): Inline->AoC 3751596 (118) AoC->Howl 112814 (404) Howl->Full 0 (0) Inline->AoC 514678 (125) AoC->BitMap 126735 (322) BitMap->Full 8 (0) 
[2025-10-13T17:45:46.428-0700][1207][info ][gc,heap     ] GC(161) Eden regions: 2040->0(2830)
[2025-10-13T17:45:46.428-0700][1207][info ][gc,heap     ] GC(161) Survivor regions: 236->175(285)
[2025-10-13T17:45:46.428-0700][1207][info ][gc,heap     ] GC(161) Old regions: 788->829
[2025-10-13T17:45:46.428-0700][1207][info ][gc,heap     ] GC(161) Humongous regions: 9->0
[2025-10-13T17:45:46.428-0700][1207][info ][gc,metaspace] GC(161) Metaspace: 314880K(320512K)->314880K(320512K) NonClass: 277750K(280768K)->277750K(280768K) Class: 37129K(39744K)->37129K(39744K)
[2025-10-13T17:45:46.428-0700][1207][info ][gc          ] GC(161) Pause Young (Mixed) (G1 Evacuation Pause) 98306M->32103M(184320M) 171.114ms
[2025-10-13T17:45:46.430-0700][1207][info ][gc,cpu      ] GC(161) User=16.87s Sys=0.14s Real=0.17s
[2025-10-13T17:45:46.431-0700][1207][info ][safepoint   ] Safepoint "G1CollectForAllocation", Time since last: 720068051 ns, Reaching safepoint: 806151 ns, Cleanup: 21743 ns, At safepoint: 175700437 ns, Total: 176528331 ns
[2025-10-13T17:45:47.438-0700][1207][info ][safepoint   ] Safepoint "Cleanup", Time since last: 1000083056 ns, Reaching safepoint: 5174699 ns, Cleanup: 17296 ns, At safepoint: 1345669 ns, Total: 6537664 ns
[2025-10-13T17:45:48.441-0700][1207][info ][safepoint   ] Safepoint "Cleanup", Time since last: 1000104178 ns, Reaching safepoint: 1573864 ns, Cleanup: 12129 ns, At safepoint: 1169051 ns, Total: 2755044 ns
[2025-10-13T17:45:51.372-0700][1207][info ][safepoint   ] Safepoint "Cleanup", Time since last: 2929773250 ns, Reaching safepoint: 1180128 ns, Cleanup: 20761 ns, At safepoint: 430753 ns, Total: 1631642 ns
[2025-10-13T17:45:52.373-0700][1207][info ][safepoint   ] Safepoint "Cleanup", Time since last: 1000134144 ns, Reaching safepoint: 791038 ns, Cleanup: 10256 ns, At safepoint: 213533 ns, Total: 1014827 ns
[2025-10-13T17:45:53.379-0700][1207][info ][safepoint   ] Safepoint "Cleanup", Time since last: 1000096221 ns, Reaching safepoint: 4941526 ns, Cleanup: 23306 ns, At safepoint: 517022 ns, Total: 5481854 ns
[2025-10-13T17:45:55.380-0700][1207][info ][safepoint   ] Safepoint "Cleanup", Time since last: 2000162410 ns, Reaching safepoint: 739108 ns, Cleanup: 12179 ns, At safepoint: 185130 ns, Total: 936417 ns
[2025-10-13T17:45:57.899-0700][1207][info ][gc,start    ] GC(162) Pause Young (Mixed) (G1 Evacuation Pause)
[2025-10-13T17:45:57.899-0700][1207][info ][gc,task     ] GC(162) Using 113 workers of 113 for evacuation
[2025-10-13T17:45:57.913-0700][1207][debug][gc,remset   ] GC(162) Visited cards 11041024 Total dirty 52035584 (21.22%) Total old 453967872 (2.43%)
[2025-10-13T17:45:58.048-0700][1207][info ][gc,phases   ] GC(162)   Pre Evacuate Collection Set: 0.8ms
[2025-10-13T17:45:58.048-0700][1207][info ][gc,phases   ] GC(162)   Merge Heap Roots: 13.1ms
[2025-10-13T17:45:58.048-0700][1207][info ][gc,phases   ] GC(162)   Evacuate Collection Set: 119.3ms
[2025-10-13T17:45:58.048-0700][1207][info ][gc,phases   ] GC(162)   Post Evacuate Collection Set: 15.1ms
[2025-10-13T17:45:58.048-0700][1207][info ][gc,phases   ] GC(162)   Other: 0.2ms
[2025-10-13T17:45:58.048-0700][1207][debug][gc,remset   ] GC(162) Coarsening (recent): Inline->AoC 43824 (0) AoC->Howl 224 (0) Howl->Full 0 (0) Inline->AoC 900 (0) AoC->BitMap 134 (0) BitMap->Full 0 (0) 
[2025-10-13T17:45:58.048-0700][1207][debug][gc,remset   ] GC(162) Coarsening (all): Inline->AoC 3795420 (118) AoC->Howl 113038 (404) Howl->Full 0 (0) Inline->AoC 515578 (125) AoC->BitMap 126869 (322) BitMap->Full 8 (0) 
[2025-10-13T17:45:58.048-0700][1207][info ][gc,heap     ] GC(162) Eden regions: 2845->0(2875)
[2025-10-13T17:45:58.048-0700][1207][info ][gc,heap     ] GC(162) Survivor regions: 175->193(378)
[2025-10-13T17:45:58.048-0700][1207][info ][gc,heap     ] GC(162) Old regions: 829->803
[2025-10-13T17:45:58.048-0700][1207][info ][gc,heap     ] GC(162) Humongous regions: 19->0
[2025-10-13T17:45:58.048-0700][1207][info ][gc,metaspace] GC(162) Metaspace: 314949K(320576K)->314949K(320576K) NonClass: 277815K(280832K)->277815K(280832K) Class: 37134K(39744K)->37134K(39744K)
[2025-10-13T17:45:58.048-0700][1207][info ][gc          ] GC(162) Pause Young (Mixed) (G1 Evacuation Pause) 123751M->31830M(184320M) 148.603ms
[2025-10-13T17:45:58.050-0700][1207][info ][gc,cpu      ] GC(162) User=13.74s Sys=0.32s Real=0.15s
[2025-10-13T17:45:58.051-0700][1207][info ][safepoint   ] Safepoint "G1CollectForAllocation", Time since last: 2516966820 ns, Reaching safepoint: 826330 ns, Cleanup: 12760 ns, At safepoint: 153108235 ns, Total: 153947325 ns
[2025-10-13T17:45:59.052-0700][1207][info ][safepoint   ] Safepoint "Cleanup", Time since last: 1000089918 ns, Reaching safepoint: 802484 ns, Cleanup: 12119 ns, At safepoint: 384502 ns, Total: 1199105 ns
[2025-10-13T17:46:00.053-0700][1207][info ][safepoint   ] Safepoint "Cleanup", Time since last: 1000114515 ns, Reaching safepoint: 796765 ns, Cleanup: 10897 ns, At safepoint: 265732 ns, Total: 1073394 ns
[2025-10-13T17:46:02.055-0700][1207][info ][safepoint   ] Safepoint "Cleanup", Time since last: 2000123191 ns, Reaching safepoint: 1161697 ns, Cleanup: 10937 ns, At safepoint: 295867 ns, Total: 1468501 ns
[2025-10-13T17:46:05.056-0700][1207][info ][safepoint   ] Safepoint "Cleanup", Time since last: 3000228432 ns, Reaching safepoint: 812940 ns, Cleanup: 26911 ns, At safepoint: 234204 ns, Total: 1074055 ns
[2025-10-13T17:46:06.057-0700][1207][info ][safepoint   ] Safepoint "Cleanup", Time since last: 1000108877 ns, Reaching safepoint: 886411 ns, Cleanup: 31137 ns, At safepoint: 372103 ns, Total: 1289651 ns
[2025-10-13T17:46:07.072-0700][1207][info ][safepoint   ] Safepoint "Cleanup", Time since last: 1000128457 ns, Reaching safepoint: 12427332 ns, Cleanup: 29795 ns, At safepoint: 1865032 ns, Total: 14322159 ns
[2025-10-13T17:46:08.074-0700][1207][info ][safepoint   ] Safepoint "Cleanup", Time since last: 1000118742 ns, Reaching safepoint: 874523 ns, Cleanup: 43265 ns, At safepoint: 1122579 ns, Total: 2040367 ns
[2025-10-13T17:46:10.076-0700][1207][info ][safepoint   ] Safepoint "Cleanup", Time since last: 2000158504 ns, Reaching safepoint: 767030 ns, Cleanup: 21172 ns, At safepoint: 720831 ns, Total: 1509033 ns
[2025-10-13T17:46:10.298-0700][1207][info ][gc,start    ] GC(163) Pause Young (Mixed) (G1 Evacuation Pause)
[2025-10-13T17:46:10.298-0700][1207][info ][gc,task     ] GC(163) Using 113 workers of 113 for evacuation
[2025-10-13T17:46:10.311-0700][1207][debug][gc,remset   ] GC(163) Visited cards 11395840 Total dirty 50921472 (22.38%) Total old 460324864 (2.48%)
[2025-10-13T17:46:10.481-0700][1207][info ][gc,phases   ] GC(163)   Pre Evacuate Collection Set: 0.7ms
[2025-10-13T17:46:10.481-0700][1207][info ][gc,phases   ] GC(163)   Merge Heap Roots: 11.7ms
[2025-10-13T17:46:10.481-0700][1207][info ][gc,phases   ] GC(163)   Evacuate Collection Set: 155.3ms
[2025-10-13T17:46:10.481-0700][1207][info ][gc,phases   ] GC(163)   Post Evacuate Collection Set: 15.3ms
[2025-10-13T17:46:10.481-0700][1207][info ][gc,phases   ] GC(163)   Other: 0.2ms
[2025-10-13T17:46:10.481-0700][1207][debug][gc,remset   ] GC(163) Coarsening (recent): Inline->AoC 47317 (0) AoC->Howl 170 (0) Howl->Full 0 (0) Inline->AoC 855 (0) AoC->BitMap 55 (0) BitMap->Full 0 (0) 
[2025-10-13T17:46:10.481-0700][1207][debug][gc,remset   ] GC(163) Coarsening (all): Inline->AoC 3842737 (118) AoC->Howl 113208 (404) Howl->Full 0 (0) Inline->AoC 516433 (125) AoC->BitMap 126924 (322) BitMap->Full 8 (0) 
[2025-10-13T17:46:10.481-0700][1207][info ][gc,heap     ] GC(163) Eden regions: 2891->0(2526)
[2025-10-13T17:46:10.481-0700][1207][info ][gc,heap     ] GC(163) Survivor regions: 193->259(386)
[2025-10-13T17:46:10.481-0700][1207][info ][gc,heap     ] GC(163) Old regions: 803->772
[2025-10-13T17:46:10.481-0700][1207][info ][gc,heap     ] GC(163) Humongous regions: 16->0
[2025-10-13T17:46:10.481-0700][1207][info ][gc,metaspace] GC(163) Metaspace: 315181K(320832K)->315181K(320832K) NonClass: 278034K(281088K)->278034K(281088K) Class: 37146K(39744K)->37146K(39744K)
[2025-10-13T17:46:10.481-0700][1207][info ][gc          ] GC(163) Pause Young (Mixed) (G1 Evacuation Pause) 124854M->32966M(184320M) 183.311ms
[2025-10-13T17:46:10.483-0700][1207][info ][gc,cpu      ] GC(163) User=17.71s Sys=0.35s Real=0.19s
[2025-10-13T17:46:10.484-0700][1207][info ][safepoint   ] Safepoint "G1CollectForAllocation", Time since last: 219847639 ns, Reaching safepoint: 787782 ns, Cleanup: 16314 ns, At safepoint: 187874626 ns, Total: 188678722 ns
[2025-10-13T17:46:10.582-0700][1207][info ][gc,start    ] GC(164) Pause Young (Concurrent Start) (G1 Humongous Allocation)
[2025-10-13T17:46:10.582-0700][1207][info ][gc,task     ] GC(164) Using 113 workers of 113 for evacuation
[2025-10-13T17:46:10.591-0700][1207][debug][gc,remset   ] GC(164) Visited cards 8985856 Total dirty 47906816 (18.76%) Total old 94633984 (9.50%)
[2025-10-13T17:46:10.741-0700][1207][info ][gc,phases   ] GC(164)   Pre Evacuate Collection Set: 0.9ms
[2025-10-13T17:46:10.741-0700][1207][info ][gc,phases   ] GC(164)   Merge Heap Roots: 8.3ms
[2025-10-13T17:46:10.741-0700][1207][info ][gc,phases   ] GC(164)   Evacuate Collection Set: 140.4ms
[2025-10-13T17:46:10.741-0700][1207][info ][gc,phases   ] GC(164)   Post Evacuate Collection Set: 9.9ms
[2025-10-13T17:46:10.741-0700][1207][info ][gc,phases   ] GC(164)   Other: 0.1ms
[2025-10-13T17:46:10.741-0700][1207][debug][gc,remset   ] GC(164) Coarsening (recent): Inline->AoC 0 (0) AoC->Howl 0 (0) Howl->Full 0 (0) Inline->AoC 0 (0) AoC->BitMap 0 (0) BitMap->Full 0 (0) 
[2025-10-13T17:46:10.741-0700][1207][debug][gc,remset   ] GC(164) Coarsening (all): Inline->AoC 3842737 (118) AoC->Howl 113208 (404) Howl->Full 0 (0) Inline->AoC 516433 (125) AoC->BitMap 126924 (322) BitMap->Full 8 (0) 
[2025-10-13T17:46:10.741-0700][1207][info ][gc,heap     ] GC(164) Eden regions: 77->0(1535)
[2025-10-13T17:46:10.741-0700][1207][info ][gc,heap     ] GC(164) Survivor regions: 259->201(389)
[2025-10-13T17:46:10.741-0700][1207][info ][gc,heap     ] GC(164) Old regions: 772->829
[2025-10-13T17:46:10.741-0700][1207][info ][gc,heap     ] GC(164) Humongous regions: 0->0
[2025-10-13T17:46:10.741-0700][1207][info ][gc,metaspace] GC(164) Metaspace: 315209K(320960K)->315209K(320960K) NonClass: 278058K(281152K)->278058K(281152K) Class: 37151K(39808K)->37151K(39808K)
[2025-10-13T17:46:10.741-0700][1207][info ][gc          ] GC(164) Pause Young (Concurrent Start) (G1 Humongous Allocation) 35430M->32947M(184320M) 159.828ms
[2025-10-13T17:46:10.742-0700][1090][info ][gc          ] GC(165) Concurrent Mark Cycle
[2025-10-13T17:46:10.742-0700][1090][info ][gc,marking  ] GC(165) Concurrent Scan Root Regions
[2025-10-13T17:46:10.744-0700][1207][info ][gc,cpu      ] GC(164) User=14.56s Sys=0.21s Real=0.16s
[2025-10-13T17:46:10.745-0700][1207][info ][safepoint   ] Safepoint "G1TryInitiateConcMark", Time since last: 94711834 ns, Reaching safepoint: 872460 ns, Cleanup: 13771 ns, At safepoint: 165296355 ns, Total: 166182586 ns
[2025-10-13T17:46:10.827-0700][1090][info ][gc,marking  ] GC(165) Concurrent Scan Root Regions 85.490ms
[2025-10-13T17:46:10.827-0700][1090][info ][gc,marking  ] GC(165) Concurrent Mark
[2025-10-13T17:46:10.827-0700][1090][info ][gc,marking  ] GC(165) Concurrent Mark From Roots
[2025-10-13T17:46:10.827-0700][1090][info ][gc,task     ] GC(165) Using 36 workers of 36 for marking
[2025-10-13T17:46:10.985-0700][1090][info ][gc,marking  ] GC(165) Concurrent Mark From Roots 157.720ms
[2025-10-13T17:46:10.985-0700][1090][info ][gc,marking  ] GC(165) Concurrent Preclean
[2025-10-13T17:46:10.996-0700][1090][info ][gc,marking  ] GC(165) Concurrent Preclean 11.068ms
[2025-10-13T17:46:10.999-0700][1207][info ][gc,start    ] GC(165) Pause Remark
[2025-10-13T17:46:11.180-0700][1207][info ][gc          ] GC(165) Pause Remark 36596M->36148M(184320M) 181.780ms
[2025-10-13T17:46:11.182-0700][1207][info ][gc,cpu      ] GC(165) User=14.16s Sys=0.02s Real=0.19s
[2025-10-13T17:46:11.186-0700][1207][info ][safepoint   ] Safepoint "G1PauseRemark", Time since last: 251028484 ns, Reaching safepoint: 846241 ns, Cleanup: 4597 ns, At safepoint: 189354624 ns, Total: 190205462 ns
[2025-10-13T17:46:11.187-0700][1090][info ][gc,marking  ] GC(165) Concurrent Mark 359.256ms
[2025-10-13T17:46:11.187-0700][1090][info ][gc,marking  ] GC(165) Concurrent Rebuild Remembered Sets and Scrub Regions
[2025-10-13T17:46:11.539-0700][1090][info ][gc,marking  ] GC(165) Concurrent Rebuild Remembered Sets and Scrub Regions 352.670ms
[2025-10-13T17:46:11.542-0700][1207][info ][gc,start    ] GC(165) Pause Cleanup
[2025-10-13T17:46:11.544-0700][1207][info ][gc          ] GC(165) Pause Cleanup 40952M->40952M(184320M) 2.022ms
[2025-10-13T17:46:11.546-0700][1207][info ][gc,cpu      ] GC(165) User=0.02s Sys=0.01s Real=0.00s
[2025-10-13T17:46:11.546-0700][1207][info ][safepoint   ] Safepoint "G1PauseCleanup", Time since last: 352947463 ns, Reaching safepoint: 811317 ns, Cleanup: 96026 ns, At safepoint: 5659252 ns, Total: 6566595 ns
[2025-10-13T17:46:11.546-0700][1090][info ][gc,marking  ] GC(165) Concurrent Clear Claimed Marks
[2025-10-13T17:46:11.547-0700][1090][info ][gc,marking  ] GC(165) Concurrent Clear Claimed Marks 0.885ms
[2025-10-13T17:46:11.547-0700][1090][info ][gc,marking  ] GC(165) Concurrent Cleanup for Next Mark
[2025-10-13T17:46:11.582-0700][1090][info ][gc,marking  ] GC(165) Concurrent Cleanup for Next Mark 35.480ms
[2025-10-13T17:46:11.582-0700][1090][info ][gc          ] GC(165) Concurrent Mark Cycle 840.683ms
[2025-10-13T17:46:12.547-0700][1207][info ][safepoint   ] Safepoint "Cleanup", Time since last: 1000084930 ns, Reaching safepoint: 850728 ns, Cleanup: 126501 ns, At safepoint: 262167 ns, Total: 1239396 ns
[2025-10-13T17:46:13.548-0700][1207][info ][safepoint   ] Safepoint "Cleanup", Time since last: 1000120454 ns, Reaching safepoint: 815203 ns, Cleanup: 94844 ns, At safepoint: 248746 ns, Total: 1158793 ns
[2025-10-13T17:46:14.550-0700][1207][info ][safepoint   ] Safepoint "Cleanup", Time since last: 1000114906 ns, Reaching safepoint: 955916 ns, Cleanup: 42505 ns, At safepoint: 694260 ns, Total: 1692681 ns
[2025-10-13T17:46:15.558-0700][1207][info ][gc,start    ] GC(166) Pause Young (Prepare Mixed) (G1 Evacuation Pause)
[2025-10-13T17:46:15.558-0700][1207][info ][gc,task     ] GC(166) Using 113 workers of 113 for evacuation
[2025-10-13T17:46:15.572-0700][1207][debug][gc,remset   ] GC(166) Visited cards 9465088 Total dirty 51052544 (18.54%) Total old 267386880 (3.54%)
[2025-10-13T17:46:15.705-0700][1207][info ][gc,phases   ] GC(166)   Pre Evacuate Collection Set: 0.8ms
[2025-10-13T17:46:15.705-0700][1207][info ][gc,phases   ] GC(166)   Merge Heap Roots: 13.7ms
[2025-10-13T17:46:15.705-0700][1207][info ][gc,phases   ] GC(166)   Evacuate Collection Set: 121.0ms
[2025-10-13T17:46:15.705-0700][1207][info ][gc,phases   ] GC(166)   Post Evacuate Collection Set: 12.3ms
[2025-10-13T17:46:15.705-0700][1207][info ][gc,phases   ] GC(166)   Other: 0.1ms
[2025-10-13T17:46:15.706-0700][1207][debug][gc,remset   ] GC(166) Coarsening (recent): Inline->AoC 120186 (8) AoC->Howl 6828 (7) Howl->Full 0 (0) Inline->AoC 31326 (1) AoC->BitMap 8194 (8) BitMap->Full 0 (0) 
[2025-10-13T17:46:15.706-0700][1207][debug][gc,remset   ] GC(166) Coarsening (all): Inline->AoC 3962923 (126) AoC->Howl 120036 (411) Howl->Full 0 (0) Inline->AoC 547759 (126) AoC->BitMap 135118 (330) BitMap->Full 8 (0) 
[2025-10-13T17:46:15.706-0700][1207][info ][gc,heap     ] GC(166) Eden regions: 1424->0(2245)
[2025-10-13T17:46:15.706-0700][1207][info ][gc,heap     ] GC(166) Survivor regions: 201->124(204)
[2025-10-13T17:46:15.706-0700][1207][info ][gc,heap     ] GC(166) Old regions: 815->894
[2025-10-13T17:46:15.706-0700][1207][info ][gc,heap     ] GC(166) Humongous regions: 15->0
[2025-10-13T17:46:15.706-0700][1207][info ][gc,metaspace] GC(166) Metaspace: 315246K(320960K)->315246K(320960K) NonClass: 278088K(281152K)->278088K(281152K) Class: 37157K(39808K)->37157K(39808K)
[2025-10-13T17:46:15.706-0700][1207][info ][gc          ] GC(166) Pause Young (Prepare Mixed) (G1 Evacuation Pause) 78547M->32576M(184320M) 148.042ms
[2025-10-13T17:46:15.707-0700][1207][info ][gc,cpu      ] GC(166) User=13.45s Sys=0.01s Real=0.15s
[2025-10-13T17:46:15.709-0700][1207][info ][safepoint   ] Safepoint "G1CollectForAllocation", Time since last: 1000349251 ns, Reaching safepoint: 5153937 ns, Cleanup: 6170 ns, At safepoint: 152790384 ns, Total: 157950491 ns
[2025-10-13T17:46:16.710-0700][1207][info ][safepoint   ] Safepoint "Cleanup", Time since last: 1000091471 ns, Reaching safepoint: 840792 ns, Cleanup: 34352 ns, At safepoint: 203157 ns, Total: 1078301 ns
[2025-10-13T17:46:17.711-0700][1207][info ][safepoint   ] Safepoint "Cleanup", Time since last: 1000108787 ns, Reaching safepoint: 813381 ns, Cleanup: 27020 ns, At safepoint: 468659 ns, Total: 1309060 ns
[2025-10-13T17:46:18.721-0700][1207][info ][safepoint   ] Safepoint "Cleanup", Time since last: 1000129148 ns, Reaching safepoint: 8276612 ns, Cleanup: 26140 ns, At safepoint: 1845562 ns, Total: 10148314 ns
[2025-10-13T17:46:19.724-0700][1207][info ][safepoint   ] Safepoint "Cleanup", Time since last: 1000128717 ns, Reaching safepoint: 921875 ns, Cleanup: 12759 ns, At safepoint: 1716607 ns, Total: 2651241 ns
[2025-10-13T17:46:20.726-0700][1207][info ][safepoint   ] Safepoint "Cleanup", Time since last: 1000126313 ns, Reaching safepoint: 904609 ns, Cleanup: 40571 ns, At safepoint: 810266 ns, Total: 1755446 ns
[2025-10-13T17:46:21.728-0700][1207][info ][safepoint   ] Safepoint "Cleanup", Time since last: 1000081135 ns, Reaching safepoint: 705337 ns, Cleanup: 26801 ns, At safepoint: 903517 ns, Total: 1635655 ns
[2025-10-13T17:46:22.730-0700][1207][info ][safepoint   ] Safepoint "Cleanup", Time since last: 1000124580 ns, Reaching safepoint: 999763 ns, Cleanup: 30767 ns, At safepoint: 1017459 ns, Total: 2047989 ns
[2025-10-13T17:46:23.519-0700][1207][info ][gc,start    ] GC(167) Pause Young (Mixed) (G1 Evacuation Pause)
[2025-10-13T17:46:23.519-0700][1207][info ][gc,task     ] GC(167) Using 113 workers of 113 for evacuation
[2025-10-13T17:46:23.534-0700][1207][debug][gc,remset   ] GC(167) Visited cards 9957376 Total dirty 54788096 (18.17%) Total old 389677056 (2.56%)
[2025-10-13T17:46:23.649-0700][1207][info ][gc,phases   ] GC(167)   Pre Evacuate Collection Set: 0.7ms
[2025-10-13T17:46:23.649-0700][1207][info ][gc,phases   ] GC(167)   Merge Heap Roots: 13.7ms
[2025-10-13T17:46:23.649-0700][1207][info ][gc,phases   ] GC(167)   Evacuate Collection Set: 103.3ms
[2025-10-13T17:46:23.649-0700][1207][info ][gc,phases   ] GC(167)   Post Evacuate Collection Set: 12.0ms
[2025-10-13T17:46:23.649-0700][1207][info ][gc,phases   ] GC(167)   Other: 0.2ms
[2025-10-13T17:46:23.649-0700][1207][debug][gc,remset   ] GC(167) Coarsening (recent): Inline->AoC 16977 (11) AoC->Howl 363 (70) Howl->Full 0 (0) Inline->AoC 897 (24) AoC->BitMap 293 (63) BitMap->Full 0 (0) 
[2025-10-13T17:46:23.649-0700][1207][debug][gc,remset   ] GC(167) Coarsening (all): Inline->AoC 3979900 (137) AoC->Howl 120399 (481) Howl->Full 0 (0) Inline->AoC 548656 (150) AoC->BitMap 135411 (393) BitMap->Full 8 (0) 
[2025-10-13T17:46:23.649-0700][1207][info ][gc,heap     ] GC(167) Eden regions: 2381->0(2275)
[2025-10-13T17:46:23.649-0700][1207][info ][gc,heap     ] GC(167) Survivor regions: 124->152(314)
[2025-10-13T17:46:23.649-0700][1207][info ][gc,heap     ] GC(167) Old regions: 894->872
[2025-10-13T17:46:23.649-0700][1207][info ][gc,heap     ] GC(167) Humongous regions: 8->0
[2025-10-13T17:46:23.649-0700][1207][info ][gc,metaspace] GC(167) Metaspace: 315341K(321088K)->315341K(321088K) NonClass: 278171K(281280K)->278171K(281280K) Class: 37169K(39808K)->37169K(39808K)
[2025-10-13T17:46:23.649-0700][1207][info ][gc          ] GC(167) Pause Young (Mixed) (G1 Evacuation Pause) 109023M->32746M(184320M) 130.015ms
[2025-10-13T17:46:23.651-0700][1207][info ][gc,cpu      ] GC(167) User=11.66s Sys=0.10s Real=0.14s
[2025-10-13T17:46:23.652-0700][1207][info ][safepoint   ] Safepoint "G1CollectForAllocation", Time since last: 786671446 ns, Reaching safepoint: 992051 ns, Cleanup: 37948 ns, At safepoint: 134591420 ns, Total: 135621419 ns
[2025-10-13T17:46:24.654-0700][1207][info ][safepoint   ] Safepoint "Cleanup", Time since last: 1000093453 ns, Reaching safepoint: 912020 ns, Cleanup: 43316 ns, At safepoint: 422739 ns, Total: 1378075 ns
[2025-10-13T17:46:25.656-0700][1207][info ][safepoint   ] Safepoint "Cleanup", Time since last: 1000158452 ns, Reaching safepoint: 980183 ns, Cleanup: 72841 ns, At safepoint: 772929 ns, Total: 1825953 ns
[2025-10-13T17:46:26.657-0700][1207][info ][safepoint   ] Safepoint "Cleanup", Time since last: 1000117219 ns, Reaching safepoint: 769965 ns, Cleanup: 37297 ns, At safepoint: 531594 ns, Total: 1338856 ns
[2025-10-13T17:46:28.658-0700][1207][info ][safepoint   ] Safepoint "Cleanup", Time since last: 2000271129 ns, Reaching safepoint: 788943 ns, Cleanup: 18689 ns, At safepoint: 194895 ns, Total: 1002527 ns
[2025-10-13T17:46:29.357-0700][1207][info ][gc,start    ] GC(168) Pause Young (Mixed) (G1 Evacuation Pause)
[2025-10-13T17:46:29.357-0700][1207][info ][gc,task     ] GC(168) Using 113 workers of 113 for evacuation
[2025-10-13T17:46:29.371-0700][1207][debug][gc,remset   ] GC(168) Visited cards 9861120 Total dirty 54132736 (18.22%) Total old 400556032 (2.46%)
[2025-10-13T17:46:29.503-0700][1207][info ][gc,phases   ] GC(168)   Pre Evacuate Collection Set: 0.7ms
[2025-10-13T17:46:29.503-0700][1207][info ][gc,phases   ] GC(168)   Merge Heap Roots: 13.2ms
[2025-10-13T17:46:29.503-0700][1207][info ][gc,phases   ] GC(168)   Evacuate Collection Set: 120.2ms
[2025-10-13T17:46:29.503-0700][1207][info ][gc,phases   ] GC(168)   Post Evacuate Collection Set: 11.9ms
[2025-10-13T17:46:29.503-0700][1207][info ][gc,phases   ] GC(168)   Other: 0.2ms
[2025-10-13T17:46:29.503-0700][1207][debug][gc,remset   ] GC(168) Coarsening (recent): Inline->AoC 16127 (0) AoC->Howl 167 (0) Howl->Full 0 (0) Inline->AoC 655 (0) AoC->BitMap 100 (0) BitMap->Full 0 (0) 
[2025-10-13T17:46:29.503-0700][1207][debug][gc,remset   ] GC(168) Coarsening (all): Inline->AoC 3996027 (137) AoC->Howl 120566 (481) Howl->Full 0 (0) Inline->AoC 549311 (150) AoC->BitMap 135511 (393) BitMap->Full 8 (0) 
[2025-10-13T17:46:29.503-0700][1207][info ][gc,heap     ] GC(168) Eden regions: 2442->0(2188)
[2025-10-13T17:46:29.503-0700][1207][info ][gc,heap     ] GC(168) Survivor regions: 152->188(325)
[2025-10-13T17:46:29.503-0700][1207][info ][gc,heap     ] GC(168) Old regions: 872->841
[2025-10-13T17:46:29.503-0700][1207][info ][gc,heap     ] GC(168) Humongous regions: 18->0
[2025-10-13T17:46:29.503-0700][1207][info ][gc,metaspace] GC(168) Metaspace: 315396K(321216K)->315396K(321216K) NonClass: 278219K(281344K)->278219K(281344K) Class: 37176K(39872K)->37176K(39872K)
[2025-10-13T17:46:29.503-0700][1207][info ][gc          ] GC(168) Pause Young (Mixed) (G1 Evacuation Pause) 111466M->32898M(184320M) 146.335ms
[2025-10-13T17:46:29.505-0700][1207][info ][gc,cpu      ] GC(168) User=13.24s Sys=0.08s Real=0.15s
[2025-10-13T17:46:29.506-0700][1207][info ][safepoint   ] Safepoint "G1CollectForAllocation", Time since last: 695486929 ns, Reaching safepoint: 935095 ns, Cleanup: 48253 ns, At safepoint: 150922297 ns, Total: 151905645 ns
[2025-10-13T17:46:30.507-0700][1207][info ][safepoint   ] Safepoint "Cleanup", Time since last: 1000087564 ns, Reaching safepoint: 801974 ns, Cleanup: 13019 ns, At safepoint: 187785 ns, Total: 1002778 ns
[2025-10-13T17:46:31.509-0700][1207][info ][safepoint   ] Safepoint "Cleanup", Time since last: 1000089076 ns, Reaching safepoint: 877818 ns, Cleanup: 9956 ns, At safepoint: 559146 ns, Total: 1446920 ns
[2025-10-13T17:46:33.510-0700][1207][info ][safepoint   ] Safepoint "Cleanup", Time since last: 2000184111 ns, Reaching safepoint: 884429 ns, Cleanup: 11708 ns, At safepoint: 483041 ns, Total: 1379178 ns
[2025-10-13T17:46:34.511-0700][1207][info ][safepoint   ] Safepoint "Cleanup", Time since last: 1000105671 ns, Reaching safepoint: 805980 ns, Cleanup: 10636 ns, At safepoint: 473296 ns, Total: 1289912 ns
[2025-10-13T17:46:36.072-0700][1207][info ][gc,start    ] GC(169) Pause Young (Mixed) (G1 Evacuation Pause)
[2025-10-13T17:46:36.072-0700][1207][info ][gc,task     ] GC(169) Using 113 workers of 113 for evacuation
[2025-10-13T17:46:36.086-0700][1207][debug][gc,remset   ] GC(169) Visited cards 9792000 Total dirty 52822016 (18.54%) Total old 393281536 (2.49%)
[2025-10-13T17:46:36.228-0700][1207][info ][gc,phases   ] GC(169)   Pre Evacuate Collection Set: 0.8ms
[2025-10-13T17:46:36.228-0700][1207][info ][gc,phases   ] GC(169)   Merge Heap Roots: 13.5ms
[2025-10-13T17:46:36.228-0700][1207][info ][gc,phases   ] GC(169)   Evacuate Collection Set: 128.4ms
[2025-10-13T17:46:36.228-0700][1207][info ][gc,phases   ] GC(169)   Post Evacuate Collection Set: 13.1ms
[2025-10-13T17:46:36.228-0700][1207][info ][gc,phases   ] GC(169)   Other: 0.2ms
[2025-10-13T17:46:36.228-0700][1207][debug][gc,remset   ] GC(169) Coarsening (recent): Inline->AoC 16400 (0) AoC->Howl 186 (0) Howl->Full 0 (0) Inline->AoC 834 (0) AoC->BitMap 89 (0) BitMap->Full 0 (0) 
[2025-10-13T17:46:36.228-0700][1207][debug][gc,remset   ] GC(169) Coarsening (all): Inline->AoC 4012427 (137) AoC->Howl 120752 (481) Howl->Full 0 (0) Inline->AoC 550145 (150) AoC->BitMap 135600 (393) BitMap->Full 8 (0) 
[2025-10-13T17:46:36.228-0700][1207][info ][gc,heap     ] GC(169) Eden regions: 2368->0(2514)
[2025-10-13T17:46:36.228-0700][1207][info ][gc,heap     ] GC(169) Survivor regions: 188->182(320)
[2025-10-13T17:46:36.228-0700][1207][info ][gc,heap     ] GC(169) Old regions: 841->840
[2025-10-13T17:46:36.228-0700][1207][info ][gc,heap     ] GC(169) Humongous regions: 14->0
[2025-10-13T17:46:36.228-0700][1207][info ][gc,metaspace] GC(169) Metaspace: 315420K(321216K)->315420K(321216K) NonClass: 278240K(281344K)->278240K(281344K) Class: 37179K(39872K)->37179K(39872K)
[2025-10-13T17:46:36.228-0700][1207][info ][gc          ] GC(169) Pause Young (Mixed) (G1 Evacuation Pause) 109122M->32681M(184320M) 156.097ms
[2025-10-13T17:46:36.230-0700][1207][info ][gc,cpu      ] GC(169) User=14.89s Sys=0.08s Real=0.15s
[2025-10-13T17:46:36.231-0700][1207][info ][safepoint   ] Safepoint "G1CollectForAllocation", Time since last: 1557948278 ns, Reaching safepoint: 802765 ns, Cleanup: 4787 ns, At safepoint: 160817682 ns, Total: 161625234 ns
[2025-10-13T17:46:37.233-0700][1207][info ][safepoint   ] Safepoint "Cleanup", Time since last: 1000078500 ns, Reaching safepoint: 896217 ns, Cleanup: 20511 ns, At safepoint: 557694 ns, Total: 1474422 ns
[2025-10-13T17:46:38.234-0700][1207][info ][safepoint   ] Safepoint "Cleanup", Time since last: 1000115897 ns, Reaching safepoint: 833521 ns, Cleanup: 11357 ns, At safepoint: 663294 ns, Total: 1508172 ns
[2025-10-13T17:46:39.236-0700][1207][info ][safepoint   ] Safepoint "Cleanup", Time since last: 1000111661 ns, Reaching safepoint: 832680 ns, Cleanup: 40171 ns, At safepoint: 673238 ns, Total: 1546089 ns
[2025-10-13T17:46:40.238-0700][1207][info ][safepoint   ] Safepoint "Cleanup", Time since last: 1000152272 ns, Reaching safepoint: 842485 ns, Cleanup: 22775 ns, At safepoint: 712037 ns, Total: 1577297 ns
[2025-10-13T17:46:41.249-0700][1207][info ][safepoint   ] Safepoint "Cleanup", Time since last: 1000104440 ns, Reaching safepoint: 9250930 ns, Cleanup: 11247 ns, At safepoint: 2356476 ns, Total: 11618653 ns
[2025-10-13T17:46:42.252-0700][1207][info ][safepoint   ] Safepoint "Cleanup", Time since last: 1000119292 ns, Reaching safepoint: 868054 ns, Cleanup: 15353 ns, At safepoint: 1409683 ns, Total: 2293090 ns
[2025-10-13T17:46:44.254-0700][1207][info ][safepoint   ] Safepoint "Cleanup", Time since last: 2000156991 ns, Reaching safepoint: 812249 ns, Cleanup: 11988 ns, At safepoint: 1371766 ns, Total: 2196003 ns
[2025-10-13T17:46:45.256-0700][1207][info ][safepoint   ] Safepoint "Cleanup", Time since last: 1000117820 ns, Reaching safepoint: 834693 ns, Cleanup: 17617 ns, At safepoint: 1009738 ns, Total: 1862048 ns
[2025-10-13T17:46:48.257-0700][1207][info ][safepoint   ] Safepoint "Cleanup", Time since last: 3000198385 ns, Reaching safepoint: 791037 ns, Cleanup: 11958 ns, At safepoint: 348167 ns, Total: 1151162 ns
[2025-10-13T17:46:49.007-0700][1207][info ][gc,start    ] GC(170) Pause Young (Mixed) (G1 Evacuation Pause)
[2025-10-13T17:46:49.007-0700][1207][info ][gc,task     ] GC(170) Using 113 workers of 113 for evacuation
[2025-10-13T17:46:49.022-0700][1207][debug][gc,remset   ] GC(170) Visited cards 10732032 Total dirty 53805056 (19.95%) Total old 422903808 (2.54%)
[2025-10-13T17:46:49.155-0700][1207][info ][gc,phases   ] GC(170)   Pre Evacuate Collection Set: 0.7ms
[2025-10-13T17:46:49.155-0700][1207][info ][gc,phases   ] GC(170)   Merge Heap Roots: 14.0ms
[2025-10-13T17:46:49.155-0700][1207][info ][gc,phases   ] GC(170)   Evacuate Collection Set: 120.3ms
[2025-10-13T17:46:49.155-0700][1207][info ][gc,phases   ] GC(170)   Post Evacuate Collection Set: 12.7ms
[2025-10-13T17:46:49.155-0700][1207][info ][gc,phases   ] GC(170)   Other: 0.2ms
[2025-10-13T17:46:49.155-0700][1207][debug][gc,remset   ] GC(170) Coarsening (recent): Inline->AoC 17585 (0) AoC->Howl 301 (0) Howl->Full 0 (0) Inline->AoC 1234 (0) AoC->BitMap 205 (0) BitMap->Full 0 (0) 
[2025-10-13T17:46:49.155-0700][1207][debug][gc,remset   ] GC(170) Coarsening (all): Inline->AoC 4030012 (137) AoC->Howl 121053 (481) Howl->Full 0 (0) Inline->AoC 551379 (150) AoC->BitMap 135805 (393) BitMap->Full 8 (0) 
[2025-10-13T17:46:49.155-0700][1207][info ][gc,heap     ] GC(170) Eden regions: 2594->0(2470)
[2025-10-13T17:46:49.156-0700][1207][info ][gc,heap     ] GC(170) Survivor regions: 182->202(347)
[2025-10-13T17:46:49.156-0700][1207][info ][gc,heap     ] GC(170) Old regions: 840->812
[2025-10-13T17:46:49.156-0700][1207][info ][gc,heap     ] GC(170) Humongous regions: 27->0
[2025-10-13T17:46:49.156-0700][1207][info ][gc,metaspace] GC(170) Metaspace: 315463K(321344K)->315463K(321344K) NonClass: 278282K(281472K)->278282K(281472K) Class: 37180K(39872K)->37180K(39872K)
[2025-10-13T17:46:49.156-0700][1207][info ][gc          ] GC(170) Pause Young (Mixed) (G1 Evacuation Pause) 116553M->32418M(184320M) 148.115ms
[2025-10-13T17:46:49.157-0700][1207][info ][gc,cpu      ] GC(170) User=15.06s Sys=0.08s Real=0.15s
[2025-10-13T17:46:49.158-0700][1207][info ][safepoint   ] Safepoint "G1CollectForAllocation", Time since last: 747531420 ns, Reaching safepoint: 756936 ns, Cleanup: 4356 ns, At safepoint: 152771295 ns, Total: 153532587 ns
[2025-10-13T17:46:50.160-0700][1207][info ][safepoint   ] Safepoint "Cleanup", Time since last: 1000084249 ns, Reaching safepoint: 1006624 ns, Cleanup: 33370 ns, At safepoint: 445765 ns, Total: 1485759 ns
[2025-10-13T17:46:54.408-0700][1207][info ][safepoint   ] Safepoint "Cleanup", Time since last: 4247274988 ns, Reaching safepoint: 826691 ns, Cleanup: 18457 ns, At safepoint: 257130 ns, Total: 1102278 ns
[2025-10-13T17:46:58.410-0700][1207][info ][safepoint   ] Safepoint "Cleanup", Time since last: 4000296695 ns, Reaching safepoint: 799349 ns, Cleanup: 14873 ns, At safepoint: 206643 ns, Total: 1020865 ns
[2025-10-13T17:46:59.411-0700][1207][info ][safepoint   ] Safepoint "Cleanup", Time since last: 1000102707 ns, Reaching safepoint: 810246 ns, Cleanup: 16144 ns, At safepoint: 237850 ns, Total: 1064240 ns
[2025-10-13T17:47:03.412-0700][1207][info ][safepoint   ] Safepoint "Cleanup", Time since last: 4000288493 ns, Reaching safepoint: 795574 ns, Cleanup: 15383 ns, At safepoint: 262507 ns, Total: 1073464 ns
[2025-10-13T17:47:09.423-0700][1207][info ][safepoint   ] Safepoint "Cleanup", Time since last: 6000416530 ns, Reaching safepoint: 9383901 ns, Cleanup: 12229 ns, At safepoint: 865780 ns, Total: 10261910 ns
[2025-10-13T17:47:11.424-0700][1207][info ][safepoint   ] Safepoint "Cleanup", Time since last: 2000171092 ns, Reaching safepoint: 814583 ns, Cleanup: 10556 ns, At safepoint: 455980 ns, Total: 1281119 ns
[2025-10-13T17:47:11.630-0700][1207][info ][gc,start    ] GC(171) Pause Young (Mixed) (G1 Evacuation Pause)
[2025-10-13T17:47:11.630-0700][1207][info ][gc,task     ] GC(171) Using 113 workers of 113 for evacuation
[2025-10-13T17:47:11.645-0700][1207][debug][gc,remset   ] GC(171) Visited cards 10780672 Total dirty 50921472 (21.17%) Total old 410058752 (2.63%)
[2025-10-13T17:47:11.786-0700][1207][debug][gc,remset   ] GC(171) Visited cards 26624 Total dirty 8192000 (0.33%) Total old 425721856 (0.01%)
[2025-10-13T17:47:11.804-0700][1207][info ][gc,phases   ] GC(171)   Pre Evacuate Collection Set: 0.8ms
[2025-10-13T17:47:11.804-0700][1207][info ][gc,phases   ] GC(171)   Merge Heap Roots: 14.1ms
[2025-10-13T17:47:11.804-0700][1207][info ][gc,phases   ] GC(171)   Evacuate Collection Set: 139.5ms
[2025-10-13T17:47:11.804-0700][1207][info ][gc,phases   ] GC(171)   Merge Optional Heap Roots: 0.7ms
[2025-10-13T17:47:11.804-0700][1207][info ][gc,phases   ] GC(171)   Evacuate Optional Collection Set: 4.4ms
[2025-10-13T17:47:11.804-0700][1207][info ][gc,phases   ] GC(171)   Post Evacuate Collection Set: 14.0ms
[2025-10-13T17:47:11.804-0700][1207][info ][gc,phases   ] GC(171)   Other: 0.2ms
[2025-10-13T17:47:11.804-0700][1207][debug][gc,remset   ] GC(171) Coarsening (recent): Inline->AoC 27716 (0) AoC->Howl 319 (0) Howl->Full 0 (0) Inline->AoC 1532 (0) AoC->BitMap 157 (0) BitMap->Full 0 (0) 
[2025-10-13T17:47:11.804-0700][1207][debug][gc,remset   ] GC(171) Coarsening (all): Inline->AoC 4057728 (137) AoC->Howl 121372 (481) Howl->Full 0 (0) Inline->AoC 552911 (150) AoC->BitMap 135962 (393) BitMap->Full 8 (0) 
[2025-10-13T17:47:11.804-0700][1207][info ][gc,heap     ] GC(171) Eden regions: 2498->0(2442)
[2025-10-13T17:47:11.804-0700][1207][info ][gc,heap     ] GC(171) Survivor regions: 202->212(338)
[2025-10-13T17:47:11.804-0700][1207][info ][gc,heap     ] GC(171) Old regions: 812->803
[2025-10-13T17:47:11.804-0700][1207][info ][gc,heap     ] GC(171) Humongous regions: 11->0
[2025-10-13T17:47:11.804-0700][1207][info ][gc,metaspace] GC(171) Metaspace: 315514K(321408K)->315514K(321408K) NonClass: 278324K(281536K)->278324K(281536K) Class: 37189K(39872K)->37189K(39872K)
[2025-10-13T17:47:11.804-0700][1207][info ][gc          ] GC(171) Pause Young (Mixed) (G1 Evacuation Pause) 112706M->32457M(184320M) 173.860ms
[2025-10-13T17:47:11.806-0700][1207][info ][gc,cpu      ] GC(171) User=16.69s Sys=0.54s Real=0.17s
[2025-10-13T17:47:11.807-0700][1207][info ][safepoint   ] Safepoint "G1CollectForAllocation", Time since last: 203347864 ns, Reaching safepoint: 804658 ns, Cleanup: 4757 ns, At safepoint: 178429185 ns, Total: 179238600 ns
[2025-10-13T17:47:14.815-0700][1207][info ][safepoint   ] Safepoint "Cleanup", Time since last: 3000207478 ns, Reaching safepoint: 6989087 ns, Cleanup: 22915 ns, At safepoint: 1255089 ns, Total: 8267091 ns
[2025-10-13T17:47:15.817-0700][1207][info ][safepoint   ] Safepoint "Cleanup", Time since last: 1000104540 ns, Reaching safepoint: 876046 ns, Cleanup: 11277 ns, At safepoint: 873211 ns, Total: 1760534 ns
[2025-10-13T17:47:16.820-0700][1207][info ][safepoint   ] Safepoint "Cleanup", Time since last: 1000111691 ns, Reaching safepoint: 1127095 ns, Cleanup: 17417 ns, At safepoint: 1090300 ns, Total: 2234812 ns
[2025-10-13T17:47:19.704-0700][1207][info ][gc,start    ] GC(172) Pause Young (Mixed) (G1 Evacuation Pause)
[2025-10-13T17:47:19.704-0700][1207][info ][gc,task     ] GC(172) Using 113 workers of 113 for evacuation
[2025-10-13T17:47:19.718-0700][1207][debug][gc,remset   ] GC(172) Visited cards 10471168 Total dirty 51249152 (20.43%) Total old 408092672 (2.57%)
[2025-10-13T17:47:19.880-0700][1207][debug][gc,remset   ] GC(172) Visited cards 270848 Total dirty 31850496 (0.85%) Total old 425590784 (0.06%)
[2025-10-13T17:47:19.897-0700][1207][info ][gc,phases   ] GC(172)   Pre Evacuate Collection Set: 0.8ms
[2025-10-13T17:47:19.897-0700][1207][info ][gc,phases   ] GC(172)   Merge Heap Roots: 13.4ms
[2025-10-13T17:47:19.897-0700][1207][info ][gc,phases   ] GC(172)   Evacuate Collection Set: 160.4ms
[2025-10-13T17:47:19.897-0700][1207][info ][gc,phases   ] GC(172)   Merge Optional Heap Roots: 1.5ms
[2025-10-13T17:47:19.897-0700][1207][info ][gc,phases   ] GC(172)   Evacuate Optional Collection Set: 0.9ms
[2025-10-13T17:47:19.897-0700][1207][info ][gc,phases   ] GC(172)   Post Evacuate Collection Set: 15.7ms
[2025-10-13T17:47:19.897-0700][1207][info ][gc,phases   ] GC(172)   Other: 0.2ms
[2025-10-13T17:47:19.897-0700][1207][debug][gc,remset   ] GC(172) Coarsening (recent): Inline->AoC 39756 (0) AoC->Howl 261 (0) Howl->Full 0 (0) Inline->AoC 1145 (0) AoC->BitMap 183 (0) BitMap->Full 0 (0) 
[2025-10-13T17:47:19.897-0700][1207][debug][gc,remset   ] GC(172) Coarsening (all): Inline->AoC 4097484 (137) AoC->Howl 121633 (481) Howl->Full 0 (0) Inline->AoC 554056 (150) AoC->BitMap 136145 (393) BitMap->Full 8 (0) 
[2025-10-13T17:47:19.897-0700][1207][info ][gc,heap     ] GC(172) Eden regions: 2472->0(2229)
[2025-10-13T17:47:19.897-0700][1207][info ][gc,heap     ] GC(172) Survivor regions: 212->224(336)
[2025-10-13T17:47:19.897-0700][1207][info ][gc,heap     ] GC(172) Old regions: 803->808
[2025-10-13T17:47:19.897-0700][1207][info ][gc,heap     ] GC(172) Humongous regions: 22->1
[2025-10-13T17:47:19.897-0700][1207][info ][gc,metaspace] GC(172) Metaspace: 315533K(321408K)->315533K(321408K) NonClass: 278344K(281536K)->278344K(281536K) Class: 37189K(39872K)->37189K(39872K)
[2025-10-13T17:47:19.897-0700][1207][info ][gc          ] GC(172) Pause Young (Mixed) (G1 Evacuation Pause) 112265M->33031M(184320M) 192.973ms
[2025-10-13T17:47:19.899-0700][1207][info ][gc,cpu      ] GC(172) User=17.67s Sys=0.32s Real=0.19s
[2025-10-13T17:47:19.900-0700][1207][info ][safepoint   ] Safepoint "G1CollectForAllocation", Time since last: 2881856353 ns, Reaching safepoint: 882305 ns, Cleanup: 20371 ns, At safepoint: 197767851 ns, Total: 198670527 ns
[2025-10-13T17:47:21.901-0700][1207][info ][safepoint   ] Safepoint "Cleanup", Time since last: 2000154547 ns, Reaching safepoint: 779479 ns, Cleanup: 14071 ns, At safepoint: 198761 ns, Total: 992311 ns
[2025-10-13T17:47:24.903-0700][1207][info ][safepoint   ] Safepoint "Cleanup", Time since last: 3000224992 ns, Reaching safepoint: 804407 ns, Cleanup: 16535 ns, At safepoint: 296839 ns, Total: 1117781 ns
[2025-10-13T17:47:26.854-0700][1207][info ][gc,start    ] GC(173) Pause Young (Mixed) (G1 Evacuation Pause)
[2025-10-13T17:47:26.854-0700][1207][info ][gc,task     ] GC(173) Using 113 workers of 113 for evacuation
[2025-10-13T17:47:26.869-0700][1207][debug][gc,remset   ] GC(173) Visited cards 11107328 Total dirty 50724864 (21.90%) Total old 388300800 (2.86%)
[2025-10-13T17:47:27.040-0700][1207][info ][gc,phases   ] GC(173)   Pre Evacuate Collection Set: 0.7ms
[2025-10-13T17:47:27.040-0700][1207][info ][gc,phases   ] GC(173)   Merge Heap Roots: 13.4ms
[2025-10-13T17:47:27.040-0700][1207][info ][gc,phases   ] GC(173)   Evacuate Collection Set: 155.3ms
[2025-10-13T17:47:27.040-0700][1207][info ][gc,phases   ] GC(173)   Post Evacuate Collection Set: 15.8ms
[2025-10-13T17:47:27.040-0700][1207][info ][gc,phases   ] GC(173)   Other: 0.2ms
[2025-10-13T17:47:27.040-0700][1207][debug][gc,remset   ] GC(173) Coarsening (recent): Inline->AoC 41422 (0) AoC->Howl 312 (0) Howl->Full 0 (0) Inline->AoC 1258 (0) AoC->BitMap 193 (0) BitMap->Full 0 (0) 
[2025-10-13T17:47:27.040-0700][1207][debug][gc,remset   ] GC(173) Coarsening (all): Inline->AoC 4138906 (137) AoC->Howl 121945 (481) Howl->Full 0 (0) Inline->AoC 555314 (150) AoC->BitMap 136338 (393) BitMap->Full 8 (0) 
[2025-10-13T17:47:27.040-0700][1207][info ][gc,heap     ] GC(173) Eden regions: 2310->0(2506)
[2025-10-13T17:47:27.040-0700][1207][info ][gc,heap     ] GC(173) Survivor regions: 224->206(317)
[2025-10-13T17:47:27.040-0700][1207][info ][gc,heap     ] GC(173) Old regions: 808->839
[2025-10-13T17:47:27.040-0700][1207][info ][gc,heap     ] GC(173) Humongous regions: 15->0
[2025-10-13T17:47:27.040-0700][1207][info ][gc,metaspace] GC(173) Metaspace: 315596K(321472K)->315596K(321472K) NonClass: 278398K(281600K)->278398K(281600K) Class: 37198K(39872K)->37198K(39872K)
[2025-10-13T17:47:27.040-0700][1207][info ][gc          ] GC(173) Pause Young (Mixed) (G1 Evacuation Pause) 107399M->33417M(184320M) 185.601ms
[2025-10-13T17:47:27.042-0700][1207][info ][gc,cpu      ] GC(173) User=18.41s Sys=0.34s Real=0.19s
[2025-10-13T17:47:27.043-0700][1207][info ][safepoint   ] Safepoint "G1CollectForAllocation", Time since last: 1949001029 ns, Reaching safepoint: 882785 ns, Cleanup: 5308 ns, At safepoint: 190201488 ns, Total: 191089581 ns
[2025-10-13T17:47:28.044-0700][1207][info ][safepoint   ] Safepoint "Cleanup", Time since last: 1000087748 ns, Reaching safepoint: 747531 ns, Cleanup: 12359 ns, At safepoint: 184409 ns, Total: 944299 ns
[2025-10-13T17:47:29.045-0700][1207][info ][safepoint   ] Safepoint "Cleanup", Time since last: 1000105255 ns, Reaching safepoint: 842765 ns, Cleanup: 17997 ns, At safepoint: 223498 ns, Total: 1084260 ns
[2025-10-13T17:47:30.047-0700][1207][info ][safepoint   ] Safepoint "Cleanup", Time since last: 1000109591 ns, Reaching safepoint: 1617408 ns, Cleanup: 14091 ns, At safepoint: 614199 ns, Total: 2245698 ns
[2025-10-13T17:47:31.049-0700][1207][info ][safepoint   ] Safepoint "Cleanup", Time since last: 1000106807 ns, Reaching safepoint: 873832 ns, Cleanup: 16555 ns, At safepoint: 689153 ns, Total: 1579540 ns
[2025-10-13T17:47:32.056-0700][1207][info ][safepoint   ] Safepoint "Cleanup", Time since last: 1000104273 ns, Reaching safepoint: 5091654 ns, Cleanup: 11467 ns, At safepoint: 1571107 ns, Total: 6674228 ns
[2025-10-13T17:47:34.058-0700][1207][info ][safepoint   ] Safepoint "Cleanup", Time since last: 2000165821 ns, Reaching safepoint: 931179 ns, Cleanup: 12459 ns, At safepoint: 850607 ns, Total: 1794245 ns
[2025-10-13T17:47:35.995-0700][1207][info ][gc,start    ] GC(174) Pause Young (Mixed) (G1 Evacuation Pause)
[2025-10-13T17:47:35.995-0700][1207][info ][gc,task     ] GC(174) Using 113 workers of 113 for evacuation
[2025-10-13T17:47:36.008-0700][1207][debug][gc,remset   ] GC(174) Visited cards 11995392 Total dirty 53477376 (22.43%) Total old 419102720 (2.86%)
[2025-10-13T17:47:36.179-0700][1207][info ][gc,phases   ] GC(174)   Pre Evacuate Collection Set: 0.7ms
[2025-10-13T17:47:36.179-0700][1207][info ][gc,phases   ] GC(174)   Merge Heap Roots: 12.5ms
[2025-10-13T17:47:36.179-0700][1207][info ][gc,phases   ] GC(174)   Evacuate Collection Set: 154.9ms
[2025-10-13T17:47:36.179-0700][1207][info ][gc,phases   ] GC(174)   Post Evacuate Collection Set: 15.8ms
[2025-10-13T17:47:36.179-0700][1207][info ][gc,phases   ] GC(174)   Other: 0.2ms
[2025-10-13T17:47:36.179-0700][1207][debug][gc,remset   ] GC(174) Coarsening (recent): Inline->AoC 45236 (0) AoC->Howl 288 (0) Howl->Full 0 (0) Inline->AoC 1140 (0) AoC->BitMap 189 (0) BitMap->Full 0 (0) 
[2025-10-13T17:47:36.179-0700][1207][debug][gc,remset   ] GC(174) Coarsening (all): Inline->AoC 4184142 (137) AoC->Howl 122233 (481) Howl->Full 0 (0) Inline->AoC 556454 (150) AoC->BitMap 136527 (393) BitMap->Full 8 (0) 
[2025-10-13T17:47:36.179-0700][1207][info ][gc,heap     ] GC(174) Eden regions: 2550->0(2722)
[2025-10-13T17:47:36.179-0700][1207][info ][gc,heap     ] GC(174) Survivor regions: 206->230(345)
[2025-10-13T17:47:36.179-0700][1207][info ][gc,heap     ] GC(174) Old regions: 839->854
[2025-10-13T17:47:36.179-0700][1207][info ][gc,heap     ] GC(174) Humongous regions: 16->1
[2025-10-13T17:47:36.179-0700][1207][info ][gc,metaspace] GC(174) Metaspace: 315607K(321472K)->315607K(321472K) NonClass: 278409K(281600K)->278409K(281600K) Class: 37198K(39872K)->37198K(39872K)
[2025-10-13T17:47:36.179-0700][1207][info ][gc          ] GC(174) Pause Young (Mixed) (G1 Evacuation Pause) 115529M->34697M(184320M) 184.216ms
[2025-10-13T17:47:36.181-0700][1207][info ][gc,cpu      ] GC(174) User=18.06s Sys=0.21s Real=0.19s
[2025-10-13T17:47:36.182-0700][1207][info ][safepoint   ] Safepoint "G1CollectForAllocation", Time since last: 1934619431 ns, Reaching safepoint: 810207 ns, Cleanup: 5158 ns, At safepoint: 188931487 ns, Total: 189746852 ns
[2025-10-13T17:47:36.345-0700][1207][info ][gc,start    ] GC(175) Pause Young (Concurrent Start) (G1 Humongous Allocation)
[2025-10-13T17:47:36.345-0700][1207][info ][gc,task     ] GC(175) Using 113 workers of 113 for evacuation
[2025-10-13T17:47:36.356-0700][1207][debug][gc,remset   ] GC(175) Visited cards 8748032 Total dirty 53805056 (16.26%) Total old 99942400 (8.75%)
[2025-10-13T17:47:36.490-0700][1207][info ][gc,phases   ] GC(175)   Pre Evacuate Collection Set: 0.9ms
[2025-10-13T17:47:36.490-0700][1207][info ][gc,phases   ] GC(175)   Merge Heap Roots: 9.8ms
[2025-10-13T17:47:36.490-0700][1207][info ][gc,phases   ] GC(175)   Evacuate Collection Set: 124.6ms
[2025-10-13T17:47:36.490-0700][1207][info ][gc,phases   ] GC(175)   Post Evacuate Collection Set: 9.2ms
[2025-10-13T17:47:36.490-0700][1207][info ][gc,phases   ] GC(175)   Other: 0.1ms
[2025-10-13T17:47:36.490-0700][1207][debug][gc,remset   ] GC(175) Coarsening (recent): Inline->AoC 0 (0) AoC->Howl 0 (0) Howl->Full 0 (0) Inline->AoC 0 (0) AoC->BitMap 0 (0) BitMap->Full 0 (0) 
[2025-10-13T17:47:36.490-0700][1207][debug][gc,remset   ] GC(175) Coarsening (all): Inline->AoC 4184142 (137) AoC->Howl 122233 (481) Howl->Full 0 (0) Inline->AoC 556454 (150) AoC->BitMap 136527 (393) BitMap->Full 8 (0) 
[2025-10-13T17:47:36.490-0700][1207][info ][gc,heap     ] GC(175) Eden regions: 105->0(1545)
[2025-10-13T17:47:36.490-0700][1207][info ][gc,heap     ] GC(175) Survivor regions: 230->198(392)
[2025-10-13T17:47:36.490-0700][1207][info ][gc,heap     ] GC(175) Old regions: 854->887
[2025-10-13T17:47:36.490-0700][1207][info ][gc,heap     ] GC(175) Humongous regions: 1->0
[2025-10-13T17:47:36.490-0700][1207][info ][gc,metaspace] GC(175) Metaspace: 315610K(321472K)->315610K(321472K) NonClass: 278412K(281600K)->278412K(281600K) Class: 37198K(39872K)->37198K(39872K)
[2025-10-13T17:47:36.490-0700][1207][info ][gc          ] GC(175) Pause Young (Concurrent Start) (G1 Humongous Allocation) 38052M->34678M(184320M) 144.812ms
[2025-10-13T17:47:36.490-0700][1090][info ][gc          ] GC(176) Concurrent Mark Cycle
[2025-10-13T17:47:36.490-0700][1090][info ][gc,marking  ] GC(176) Concurrent Scan Root Regions
[2025-10-13T17:47:36.492-0700][1207][info ][gc,cpu      ] GC(175) User=12.79s Sys=0.11s Real=0.15s
[2025-10-13T17:47:36.494-0700][1207][info ][safepoint   ] Safepoint "G1TryInitiateConcMark", Time since last: 160294363 ns, Reaching safepoint: 846681 ns, Cleanup: 10597 ns, At safepoint: 150360668 ns, Total: 151217946 ns
[2025-10-13T17:47:36.577-0700][1090][info ][gc,marking  ] GC(176) Concurrent Scan Root Regions 86.506ms
[2025-10-13T17:47:36.577-0700][1090][info ][gc,marking  ] GC(176) Concurrent Mark
[2025-10-13T17:47:36.577-0700][1090][info ][gc,marking  ] GC(176) Concurrent Mark From Roots
[2025-10-13T17:47:36.577-0700][1090][info ][gc,task     ] GC(176) Using 36 workers of 36 for marking
[2025-10-13T17:47:36.735-0700][1090][info ][gc,marking  ] GC(176) Concurrent Mark From Roots 158.434ms
[2025-10-13T17:47:36.735-0700][1090][info ][gc,marking  ] GC(176) Concurrent Preclean
[2025-10-13T17:47:36.757-0700][1090][info ][gc,marking  ] GC(176) Concurrent Preclean 21.653ms
[2025-10-13T17:47:36.760-0700][1207][info ][gc,start    ] GC(176) Pause Remark
[2025-10-13T17:47:36.956-0700][1207][info ][gc          ] GC(176) Pause Remark 39772M->39356M(184320M) 196.803ms
[2025-10-13T17:47:36.958-0700][1207][info ][gc,cpu      ] GC(176) User=14.37s Sys=0.00s Real=0.20s
[2025-10-13T17:47:36.961-0700][1207][info ][safepoint   ] Safepoint "G1PauseRemark", Time since last: 263305125 ns, Reaching safepoint: 893172 ns, Cleanup: 14362 ns, At safepoint: 202899237 ns, Total: 203806771 ns
[2025-10-13T17:47:36.962-0700][1090][info ][gc,marking  ] GC(176) Concurrent Mark 384.868ms
[2025-10-13T17:47:36.962-0700][1090][info ][gc,marking  ] GC(176) Concurrent Rebuild Remembered Sets and Scrub Regions
[2025-10-13T17:47:37.298-0700][1090][info ][gc,marking  ] GC(176) Concurrent Rebuild Remembered Sets and Scrub Regions 336.286ms
[2025-10-13T17:47:37.301-0700][1207][info ][gc,start    ] GC(176) Pause Cleanup
[2025-10-13T17:47:37.303-0700][1207][info ][gc          ] GC(176) Pause Cleanup 45396M->45396M(184320M) 1.884ms
[2025-10-13T17:47:37.305-0700][1207][info ][gc,cpu      ] GC(176) User=0.02s Sys=0.00s Real=0.00s
[2025-10-13T17:47:37.306-0700][1207][info ][safepoint   ] Safepoint "G1PauseCleanup", Time since last: 337269825 ns, Reaching safepoint: 1447280 ns, Cleanup: 72300 ns, At safepoint: 6187585 ns, Total: 7707165 ns
[2025-10-13T17:47:37.306-0700][1090][info ][gc,marking  ] GC(176) Concurrent Clear Claimed Marks
[2025-10-13T17:47:37.307-0700][1090][info ][gc,marking  ] GC(176) Concurrent Clear Claimed Marks 1.099ms
[2025-10-13T17:47:37.307-0700][1090][info ][gc,marking  ] GC(176) Concurrent Cleanup for Next Mark
[2025-10-13T17:47:37.343-0700][1090][info ][gc,marking  ] GC(176) Concurrent Cleanup for Next Mark 35.699ms
[2025-10-13T17:47:37.343-0700][1090][info ][gc          ] GC(176) Concurrent Mark Cycle 852.629ms
[2025-10-13T17:47:39.307-0700][1207][info ][safepoint   ] Safepoint "Cleanup", Time since last: 2000154802 ns, Reaching safepoint: 804538 ns, Cleanup: 10496 ns, At safepoint: 230799 ns, Total: 1045833 ns
[2025-10-13T17:47:40.083-0700][1207][info ][gc,start    ] GC(177) Pause Young (Prepare Mixed) (G1 Evacuation Pause)
[2025-10-13T17:47:40.083-0700][1207][info ][gc,task     ] GC(177) Using 113 workers of 113 for evacuation
[2025-10-13T17:47:40.096-0700][1207][debug][gc,remset   ] GC(177) Visited cards 9649408 Total dirty 56033280 (17.22%) Total old 271712256 (3.55%)
[2025-10-13T17:47:40.241-0700][1207][info ][gc,phases   ] GC(177)   Pre Evacuate Collection Set: 0.7ms
[2025-10-13T17:47:40.241-0700][1207][info ][gc,phases   ] GC(177)   Merge Heap Roots: 13.1ms
[2025-10-13T17:47:40.241-0700][1207][info ][gc,phases   ] GC(177)   Evacuate Collection Set: 131.4ms
[2025-10-13T17:47:40.241-0700][1207][info ][gc,phases   ] GC(177)   Post Evacuate Collection Set: 13.1ms
[2025-10-13T17:47:40.241-0700][1207][info ][gc,phases   ] GC(177)   Other: 0.1ms
[2025-10-13T17:47:40.241-0700][1207][debug][gc,remset   ] GC(177) Coarsening (recent): Inline->AoC 132457 (0) AoC->Howl 5665 (0) Howl->Full 0 (0) Inline->AoC 25681 (0) AoC->BitMap 6149 (0) BitMap->Full 0 (0) 
[2025-10-13T17:47:40.241-0700][1207][debug][gc,remset   ] GC(177) Coarsening (all): Inline->AoC 4316599 (137) AoC->Howl 127898 (481) Howl->Full 0 (0) Inline->AoC 582135 (150) AoC->BitMap 142676 (393) BitMap->Full 8 (0) 
[2025-10-13T17:47:40.241-0700][1207][info ][gc,heap     ] GC(177) Eden regions: 1430->0(1886)
[2025-10-13T17:47:40.241-0700][1207][info ][gc,heap     ] GC(177) Survivor regions: 198->143(204)
[2025-10-13T17:47:40.241-0700][1207][info ][gc,heap     ] GC(177) Old regions: 874->952
[2025-10-13T17:47:40.241-0700][1207][info ][gc,heap     ] GC(177) Humongous regions: 16->0
[2025-10-13T17:47:40.241-0700][1207][info ][gc,metaspace] GC(177) Metaspace: 315530K(321472K)->315530K(321472K) NonClass: 278350K(281600K)->278350K(281600K) Class: 37179K(39872K)->37179K(39872K)
[2025-10-13T17:47:40.241-0700][1207][info ][gc          ] GC(177) Pause Young (Prepare Mixed) (G1 Evacuation Pause) 80534M->34999M(184320M) 158.573ms
[2025-10-13T17:47:40.243-0700][1207][info ][gc,cpu      ] GC(177) User=15.13s Sys=0.00s Real=0.16s
[2025-10-13T17:47:40.244-0700][1207][info ][safepoint   ] Safepoint "G1CollectForAllocation", Time since last: 773079954 ns, Reaching safepoint: 820602 ns, Cleanup: 14342 ns, At safepoint: 163433214 ns, Total: 164268158 ns
[2025-10-13T17:47:42.246-0700][1207][info ][safepoint   ] Safepoint "Cleanup", Time since last: 2000156996 ns, Reaching safepoint: 777156 ns, Cleanup: 11487 ns, At safepoint: 262498 ns, Total: 1051141 ns
[2025-10-13T17:47:43.248-0700][1207][info ][safepoint   ] Safepoint "Cleanup", Time since last: 1000113500 ns, Reaching safepoint: 1184874 ns, Cleanup: 14752 ns, At safepoint: 830727 ns, Total: 2030353 ns
[2025-10-13T17:47:44.458-0700][1207][info ][gc,start    ] GC(178) Pause Young (Mixed) (G1 Evacuation Pause)
[2025-10-13T17:47:44.458-0700][1207][info ][gc,task     ] GC(178) Using 113 workers of 113 for evacuation
[2025-10-13T17:47:44.472-0700][1207][debug][gc,remset   ] GC(178) Visited cards 10213632 Total dirty 58785792 (17.37%) Total old 349044736 (2.93%)
[2025-10-13T17:47:44.598-0700][1207][info ][gc,phases   ] GC(178)   Pre Evacuate Collection Set: 0.7ms
[2025-10-13T17:47:44.598-0700][1207][info ][gc,phases   ] GC(178)   Merge Heap Roots: 12.9ms
[2025-10-13T17:47:44.598-0700][1207][info ][gc,phases   ] GC(178)   Evacuate Collection Set: 113.5ms
[2025-10-13T17:47:44.598-0700][1207][info ][gc,phases   ] GC(178)   Post Evacuate Collection Set: 12.2ms
[2025-10-13T17:47:44.598-0700][1207][info ][gc,phases   ] GC(178)   Other: 0.2ms
[2025-10-13T17:47:44.598-0700][1207][debug][gc,remset   ] GC(178) Coarsening (recent): Inline->AoC 25293 (0) AoC->Howl 461 (0) Howl->Full 0 (0) Inline->AoC 1464 (0) AoC->BitMap 331 (0) BitMap->Full 0 (0) 
[2025-10-13T17:47:44.598-0700][1207][debug][gc,remset   ] GC(178) Coarsening (all): Inline->AoC 4341892 (137) AoC->Howl 128359 (481) Howl->Full 0 (0) Inline->AoC 583599 (150) AoC->BitMap 143007 (393) BitMap->Full 8 (0) 
[2025-10-13T17:47:44.598-0700][1207][info ][gc,heap     ] GC(178) Eden regions: 2018->0(1969)
[2025-10-13T17:47:44.598-0700][1207][info ][gc,heap     ] GC(178) Survivor regions: 143->171(271)
[2025-10-13T17:47:44.598-0700][1207][info ][gc,heap     ] GC(178) Old regions: 952->916
[2025-10-13T17:47:44.598-0700][1207][info ][gc,heap     ] GC(178) Humongous regions: 5->0
[2025-10-13T17:47:44.598-0700][1207][info ][gc,metaspace] GC(178) Metaspace: 315533K(321472K)->315533K(321472K) NonClass: 278353K(281600K)->278353K(281600K) Class: 37179K(39872K)->37179K(39872K)
[2025-10-13T17:47:44.598-0700][1207][info ][gc          ] GC(178) Pause Young (Mixed) (G1 Evacuation Pause) 99735M->34755M(184320M) 139.636ms
[2025-10-13T17:47:44.600-0700][1207][info ][gc,cpu      ] GC(178) User=12.23s Sys=0.06s Real=0.14s
[2025-10-13T17:47:44.601-0700][1207][info ][safepoint   ] Safepoint "G1CollectForAllocation", Time since last: 1207802268 ns, Reaching safepoint: 959973 ns, Cleanup: 5168 ns, At safepoint: 144472095 ns, Total: 145437236 ns
[2025-10-13T17:47:45.602-0700][1207][info ][safepoint   ] Safepoint "Cleanup", Time since last: 1000087522 ns, Reaching safepoint: 809745 ns, Cleanup: 17907 ns, At safepoint: 228096 ns, Total: 1055748 ns
[2025-10-13T17:47:46.605-0700][1207][info ][safepoint   ] Safepoint "Cleanup", Time since last: 1000127261 ns, Reaching safepoint: 1735898 ns, Cleanup: 14201 ns, At safepoint: 1253527 ns, Total: 3003626 ns
[2025-10-13T17:47:47.607-0700][1207][info ][safepoint   ] Safepoint "Cleanup", Time since last: 1000158629 ns, Reaching safepoint: 849526 ns, Cleanup: 25459 ns, At safepoint: 576823 ns, Total: 1451808 ns
[2025-10-13T17:47:48.608-0700][1207][info ][safepoint   ] Safepoint "Cleanup", Time since last: 1000114742 ns, Reaching safepoint: 765619 ns, Cleanup: 12539 ns, At safepoint: 617765 ns, Total: 1395923 ns
[2025-10-13T17:47:49.150-0700][1207][info ][gc,start    ] GC(179) Pause Young (Mixed) (G1 Evacuation Pause)
[2025-10-13T17:47:49.150-0700][1207][info ][gc,task     ] GC(179) Using 113 workers of 113 for evacuation
[2025-10-13T17:47:49.165-0700][1207][debug][gc,remset   ] GC(179) Visited cards 10163712 Total dirty 56688640 (17.93%) Total old 363462656 (2.80%)
[2025-10-13T17:47:49.305-0700][1207][info ][gc,phases   ] GC(179)   Pre Evacuate Collection Set: 0.7ms
[2025-10-13T17:47:49.305-0700][1207][info ][gc,phases   ] GC(179)   Merge Heap Roots: 13.6ms
[2025-10-13T17:47:49.305-0700][1207][info ][gc,phases   ] GC(179)   Evacuate Collection Set: 126.7ms
[2025-10-13T17:47:49.305-0700][1207][info ][gc,phases   ] GC(179)   Post Evacuate Collection Set: 13.9ms
[2025-10-13T17:47:49.305-0700][1207][info ][gc,phases   ] GC(179)   Other: 0.2ms
[2025-10-13T17:47:49.305-0700][1207][debug][gc,remset   ] GC(179) Coarsening (recent): Inline->AoC 17475 (0) AoC->Howl 187 (0) Howl->Full 0 (0) Inline->AoC 873 (0) AoC->BitMap 90 (0) BitMap->Full 0 (0) 
[2025-10-13T17:47:49.305-0700][1207][debug][gc,remset   ] GC(179) Coarsening (all): Inline->AoC 4359367 (137) AoC->Howl 128546 (481) Howl->Full 0 (0) Inline->AoC 584472 (150) AoC->BitMap 143097 (393) BitMap->Full 8 (0) 
[2025-10-13T17:47:49.305-0700][1207][info ][gc,heap     ] GC(179) Eden regions: 2114->0(2195)
[2025-10-13T17:47:49.305-0700][1207][info ][gc,heap     ] GC(179) Survivor regions: 171->172(286)
[2025-10-13T17:47:49.305-0700][1207][info ][gc,heap     ] GC(179) Old regions: 916->910
[2025-10-13T17:47:49.305-0700][1207][info ][gc,heap     ] GC(179) Humongous regions: 13->0
[2025-10-13T17:47:49.305-0700][1207][info ][gc,metaspace] GC(179) Metaspace: 315556K(321472K)->315556K(321472K) NonClass: 278375K(281600K)->278375K(281600K) Class: 37181K(39872K)->37181K(39872K)
[2025-10-13T17:47:49.305-0700][1207][info ][gc          ] GC(179) Pause Young (Mixed) (G1 Evacuation Pause) 102819M->34604M(184320M) 155.372ms
[2025-10-13T17:47:49.307-0700][1207][info ][gc,cpu      ] GC(179) User=14.28s Sys=0.10s Real=0.16s
[2025-10-13T17:47:49.309-0700][1207][info ][safepoint   ] Safepoint "G1CollectForAllocation", Time since last: 538570883 ns, Reaching safepoint: 1529135 ns, Cleanup: 4637 ns, At safepoint: 160180090 ns, Total: 161713862 ns
[2025-10-13T17:47:50.310-0700][1207][info ][safepoint   ] Safepoint "Cleanup", Time since last: 1000096756 ns, Reaching safepoint: 1376233 ns, Cleanup: 81843 ns, At safepoint: 331973 ns, Total: 1790049 ns
[2025-10-13T17:47:52.438-0700][1207][info ][safepoint   ] Safepoint "Cleanup", Time since last: 2126261330 ns, Reaching safepoint: 884800 ns, Cleanup: 23836 ns, At safepoint: 598916 ns, Total: 1507552 ns
[2025-10-13T17:47:53.440-0700][1207][info ][safepoint   ] Safepoint "Cleanup", Time since last: 1000101913 ns, Reaching safepoint: 893072 ns, Cleanup: 76366 ns, At safepoint: 630254 ns, Total: 1599692 ns
[2025-10-13T17:47:54.438-0700][1207][info ][gc,start    ] GC(180) Pause Young (Mixed) (G1 Evacuation Pause)
[2025-10-13T17:47:54.438-0700][1207][info ][gc,task     ] GC(180) Using 113 workers of 113 for evacuation
[2025-10-13T17:47:54.453-0700][1207][debug][gc,remset   ] GC(180) Visited cards 10733568 Total dirty 56950784 (18.85%) Total old 388431872 (2.76%)
[2025-10-13T17:47:54.590-0700][1207][info ][gc,phases   ] GC(180)   Pre Evacuate Collection Set: 0.7ms
[2025-10-13T17:47:54.590-0700][1207][info ][gc,phases   ] GC(180)   Merge Heap Roots: 13.7ms
[2025-10-13T17:47:54.590-0700][1207][info ][gc,phases   ] GC(180)   Evacuate Collection Set: 124.8ms
[2025-10-13T17:47:54.590-0700][1207][info ][gc,phases   ] GC(180)   Post Evacuate Collection Set: 12.4ms
[2025-10-13T17:47:54.590-0700][1207][info ][gc,phases   ] GC(180)   Other: 0.2ms
[2025-10-13T17:47:54.590-0700][1207][debug][gc,remset   ] GC(180) Coarsening (recent): Inline->AoC 19481 (0) AoC->Howl 387 (0) Howl->Full 0 (0) Inline->AoC 1270 (0) AoC->BitMap 342 (0) BitMap->Full 0 (0) 
[2025-10-13T17:47:54.590-0700][1207][debug][gc,remset   ] GC(180) Coarsening (all): Inline->AoC 4378848 (137) AoC->Howl 128933 (481) Howl->Full 0 (0) Inline->AoC 585742 (150) AoC->BitMap 143439 (393) BitMap->Full 8 (0) 
[2025-10-13T17:47:54.590-0700][1207][info ][gc,heap     ] GC(180) Eden regions: 2304->0(2131)
[2025-10-13T17:47:54.590-0700][1207][info ][gc,heap     ] GC(180) Survivor regions: 172->203(310)
[2025-10-13T17:47:54.590-0700][1207][info ][gc,heap     ] GC(180) Old regions: 910->870
[2025-10-13T17:47:54.590-0700][1207][info ][gc,heap     ] GC(180) Humongous regions: 18->0
[2025-10-13T17:47:54.590-0700][1207][info ][gc,metaspace] GC(180) Metaspace: 315601K(321472K)->315601K(321472K) NonClass: 278413K(281600K)->278413K(281600K) Class: 37188K(39872K)->37188K(39872K)
[2025-10-13T17:47:54.590-0700][1207][info ][gc          ] GC(180) Pause Young (Mixed) (G1 Evacuation Pause) 108908M->34299M(184320M) 151.966ms
[2025-10-13T17:47:54.592-0700][1207][info ][gc,cpu      ] GC(180) User=14.15s Sys=0.07s Real=0.16s
[2025-10-13T17:47:54.593-0700][1207][info ][safepoint   ] Safepoint "G1CollectForAllocation", Time since last: 995495320 ns, Reaching safepoint: 901114 ns, Cleanup: 25829 ns, At safepoint: 156765633 ns, Total: 157692576 ns
[2025-10-13T17:47:55.594-0700][1207][info ][safepoint   ] Safepoint "Cleanup", Time since last: 1000089885 ns, Reaching safepoint: 769444 ns, Cleanup: 43566 ns, At safepoint: 180213 ns, Total: 993223 ns
[2025-10-13T17:47:56.596-0700][1207][info ][safepoint   ] Safepoint "Cleanup", Time since last: 1000108543 ns, Reaching safepoint: 777387 ns, Cleanup: 38588 ns, At safepoint: 577995 ns, Total: 1393970 ns
[2025-10-13T17:47:57.598-0700][1207][info ][safepoint   ] Safepoint "Cleanup", Time since last: 1000121292 ns, Reaching safepoint: 920374 ns, Cleanup: 22083 ns, At safepoint: 746400 ns, Total: 1688857 ns
[2025-10-13T17:47:58.599-0700][1207][info ][safepoint   ] Safepoint "Cleanup", Time since last: 1000119940 ns, Reaching safepoint: 906402 ns, Cleanup: 67642 ns, At safepoint: 827994 ns, Total: 1802038 ns
[2025-10-13T17:47:59.499-0700][1207][info ][gc,start    ] GC(181) Pause Young (Mixed) (G1 Evacuation Pause)
[2025-10-13T17:47:59.499-0700][1207][info ][gc,task     ] GC(181) Using 113 workers of 113 for evacuation
[2025-10-13T17:47:59.513-0700][1207][debug][gc,remset   ] GC(181) Visited cards 10770944 Total dirty 54460416 (19.78%) Total old 379322368 (2.84%)
[2025-10-13T17:47:59.684-0700][1207][info ][gc,phases   ] GC(181)   Pre Evacuate Collection Set: 0.8ms
[2025-10-13T17:47:59.684-0700][1207][info ][gc,phases   ] GC(181)   Merge Heap Roots: 13.2ms
[2025-10-13T17:47:59.684-0700][1207][info ][gc,phases   ] GC(181)   Evacuate Collection Set: 157.7ms
[2025-10-13T17:47:59.684-0700][1207][info ][gc,phases   ] GC(181)   Post Evacuate Collection Set: 13.8ms
[2025-10-13T17:47:59.684-0700][1207][info ][gc,phases   ] GC(181)   Other: 0.2ms
[2025-10-13T17:47:59.684-0700][1207][debug][gc,remset   ] GC(181) Coarsening (recent): Inline->AoC 25106 (0) AoC->Howl 210 (0) Howl->Full 0 (0) Inline->AoC 1000 (0) AoC->BitMap 90 (0) BitMap->Full 0 (0) 
[2025-10-13T17:47:59.684-0700][1207][debug][gc,remset   ] GC(181) Coarsening (all): Inline->AoC 4403954 (137) AoC->Howl 129143 (481) Howl->Full 0 (0) Inline->AoC 586742 (150) AoC->BitMap 143529 (393) BitMap->Full 8 (0) 
[2025-10-13T17:47:59.684-0700][1207][info ][gc,heap     ] GC(181) Eden regions: 2223->0(2396)
[2025-10-13T17:47:59.684-0700][1207][info ][gc,heap     ] GC(181) Survivor regions: 203->185(304)
[2025-10-13T17:47:59.684-0700][1207][info ][gc,heap     ] GC(181) Old regions: 870->892
[2025-10-13T17:47:59.684-0700][1207][info ][gc,heap     ] GC(181) Humongous regions: 19->1
[2025-10-13T17:47:59.684-0700][1207][info ][gc,metaspace] GC(181) Metaspace: 315756K(321600K)->315756K(321600K) NonClass: 278549K(281728K)->278549K(281728K) Class: 37206K(39872K)->37206K(39872K)
[2025-10-13T17:47:59.684-0700][1207][info ][gc          ] GC(181) Pause Young (Mixed) (G1 Evacuation Pause) 106043M->34465M(184320M) 185.789ms
[2025-10-13T17:47:59.686-0700][1207][info ][gc,cpu      ] GC(181) User=17.03s Sys=0.26s Real=0.19s
[2025-10-13T17:47:59.687-0700][1207][info ][safepoint   ] Safepoint "G1CollectForAllocation", Time since last: 896312442 ns, Reaching safepoint: 960774 ns, Cleanup: 78019 ns, At safepoint: 190681936 ns, Total: 191720729 ns
[2025-10-13T17:48:00.689-0700][1207][info ][safepoint   ] Safepoint "Cleanup", Time since last: 1000092479 ns, Reaching safepoint: 802555 ns, Cleanup: 45749 ns, At safepoint: 173232 ns, Total: 1021536 ns
[2025-10-13T17:48:01.690-0700][1207][info ][safepoint   ] Safepoint "Cleanup", Time since last: 1000104747 ns, Reaching safepoint: 886953 ns, Cleanup: 26009 ns, At safepoint: 419064 ns, Total: 1332026 ns
[2025-10-13T17:48:02.692-0700][1207][info ][safepoint   ] Safepoint "Cleanup", Time since last: 1000110807 ns, Reaching safepoint: 836506 ns, Cleanup: 19119 ns, At safepoint: 518194 ns, Total: 1373819 ns
[2025-10-13T17:48:03.693-0700][1207][info ][safepoint   ] Safepoint "Cleanup", Time since last: 1000106971 ns, Reaching safepoint: 804147 ns, Cleanup: 31258 ns, At safepoint: 323690 ns, Total: 1159095 ns
[2025-10-13T17:48:04.694-0700][1207][info ][safepoint   ] Safepoint "Cleanup", Time since last: 1000106329 ns, Reaching safepoint: 838900 ns, Cleanup: 83587 ns, At safepoint: 520988 ns, Total: 1443475 ns
[2025-10-13T17:48:05.697-0700][1207][info ][safepoint   ] Safepoint "Cleanup", Time since last: 1000110657 ns, Reaching safepoint: 1152233 ns, Cleanup: 16185 ns, At safepoint: 911990 ns, Total: 2080408 ns
[2025-10-13T17:48:05.742-0700][1207][info ][gc,start    ] GC(182) Pause Young (Mixed) (G1 Evacuation Pause)
[2025-10-13T17:48:05.742-0700][1207][info ][gc,task     ] GC(182) Using 113 workers of 113 for evacuation
[2025-10-13T17:48:05.756-0700][1207][debug][gc,remset   ] GC(182) Visited cards 10841600 Total dirty 55181312 (19.65%) Total old 410320896 (2.64%)
[2025-10-13T17:48:05.906-0700][1207][info ][gc,phases   ] GC(182)   Pre Evacuate Collection Set: 0.7ms
[2025-10-13T17:48:05.906-0700][1207][info ][gc,phases   ] GC(182)   Merge Heap Roots: 13.3ms
[2025-10-13T17:48:05.906-0700][1207][info ][gc,phases   ] GC(182)   Evacuate Collection Set: 135.9ms
[2025-10-13T17:48:05.906-0700][1207][info ][gc,phases   ] GC(182)   Post Evacuate Collection Set: 14.6ms
[2025-10-13T17:48:05.906-0700][1207][info ][gc,phases   ] GC(182)   Other: 0.2ms
[2025-10-13T17:48:05.906-0700][1207][debug][gc,remset   ] GC(182) Coarsening (recent): Inline->AoC 29135 (0) AoC->Howl 304 (0) Howl->Full 0 (0) Inline->AoC 1004 (0) AoC->BitMap 238 (0) BitMap->Full 0 (0) 
[2025-10-13T17:48:05.906-0700][1207][debug][gc,remset   ] GC(182) Coarsening (all): Inline->AoC 4433089 (137) AoC->Howl 129447 (481) Howl->Full 0 (0) Inline->AoC 587746 (150) AoC->BitMap 143767 (393) BitMap->Full 8 (0) 
[2025-10-13T17:48:05.906-0700][1207][info ][gc,heap     ] GC(182) Eden regions: 2470->0(2472)
[2025-10-13T17:48:05.907-0700][1207][info ][gc,heap     ] GC(182) Survivor regions: 185->187(332)
[2025-10-13T17:48:05.907-0700][1207][info ][gc,heap     ] GC(182) Old regions: 892->891
[2025-10-13T17:48:05.907-0700][1207][info ][gc,heap     ] GC(182) Humongous regions: 12->0
[2025-10-13T17:48:05.907-0700][1207][info ][gc,metaspace] GC(182) Metaspace: 315867K(321792K)->315867K(321792K) NonClass: 278646K(281856K)->278646K(281856K) Class: 37221K(39936K)->37221K(39936K)
[2025-10-13T17:48:05.907-0700][1207][info ][gc          ] GC(182) Pause Young (Mixed) (G1 Evacuation Pause) 113857M->34450M(184320M) 164.843ms
[2025-10-13T17:48:05.908-0700][1207][info ][gc,cpu      ] GC(182) User=15.88s Sys=0.20s Real=0.16s
[2025-10-13T17:48:05.909-0700][1207][info ][safepoint   ] Safepoint "G1CollectForAllocation", Time since last: 42128073 ns, Reaching safepoint: 1302872 ns, Cleanup: 5258 ns, At safepoint: 169550623 ns, Total: 170858753 ns
[2025-10-13T17:48:06.911-0700][1207][info ][safepoint   ] Safepoint "Cleanup", Time since last: 1000105589 ns, Reaching safepoint: 833011 ns, Cleanup: 53431 ns, At safepoint: 653659 ns, Total: 1540101 ns
[2025-10-13T17:48:07.914-0700][1207][info ][safepoint   ] Safepoint "Cleanup", Time since last: 1000137046 ns, Reaching safepoint: 1616036 ns, Cleanup: 20001 ns, At safepoint: 590924 ns, Total: 2226961 ns
[2025-10-13T17:48:08.915-0700][1207][info ][safepoint   ] Safepoint "Cleanup", Time since last: 1000123235 ns, Reaching safepoint: 844308 ns, Cleanup: 16105 ns, At safepoint: 543252 ns, Total: 1403665 ns
[2025-10-13T17:48:09.917-0700][1207][info ][safepoint   ] Safepoint "Cleanup", Time since last: 1000115073 ns, Reaching safepoint: 732388 ns, Cleanup: 11288 ns, At safepoint: 737015 ns, Total: 1480691 ns
[2025-10-13T17:48:10.919-0700][1207][info ][safepoint   ] Safepoint "Cleanup", Time since last: 1000396098 ns, Reaching safepoint: 1064632 ns, Cleanup: 34682 ns, At safepoint: 1158043 ns, Total: 2257357 ns
[2025-10-13T17:48:11.814-0700][1207][info ][gc,start    ] GC(183) Pause Young (Mixed) (G1 Evacuation Pause)
[2025-10-13T17:48:11.814-0700][1207][info ][gc,task     ] GC(183) Using 113 workers of 113 for evacuation
[2025-10-13T17:48:11.827-0700][1207][debug][gc,remset   ] GC(183) Visited cards 11302656 Total dirty 55705600 (20.29%) Total old 418775040 (2.70%)
[2025-10-13T17:48:11.979-0700][1207][info ][gc,phases   ] GC(183)   Pre Evacuate Collection Set: 0.7ms
[2025-10-13T17:48:11.979-0700][1207][info ][gc,phases   ] GC(183)   Merge Heap Roots: 12.9ms
[2025-10-13T17:48:11.979-0700][1207][info ][gc,phases   ] GC(183)   Evacuate Collection Set: 137.2ms
[2025-10-13T17:48:11.979-0700][1207][info ][gc,phases   ] GC(183)   Post Evacuate Collection Set: 14.4ms
[2025-10-13T17:48:11.979-0700][1207][info ][gc,phases   ] GC(183)   Other: 0.2ms
[2025-10-13T17:48:11.979-0700][1207][debug][gc,remset   ] GC(183) Coarsening (recent): Inline->AoC 29976 (0) AoC->Howl 242 (0) Howl->Full 0 (0) Inline->AoC 919 (0) AoC->BitMap 182 (0) BitMap->Full 0 (0) 
[2025-10-13T17:48:11.979-0700][1207][debug][gc,remset   ] GC(183) Coarsening (all): Inline->AoC 4463065 (137) AoC->Howl 129689 (481) Howl->Full 0 (0) Inline->AoC 588665 (150) AoC->BitMap 143949 (393) BitMap->Full 8 (0) 
[2025-10-13T17:48:11.979-0700][1207][info ][gc,heap     ] GC(183) Eden regions: 2534->0(2229)
[2025-10-13T17:48:11.979-0700][1207][info ][gc,heap     ] GC(183) Survivor regions: 187->218(341)
[2025-10-13T17:48:11.979-0700][1207][info ][gc,heap     ] GC(183) Old regions: 891->853
[2025-10-13T17:48:11.979-0700][1207][info ][gc,heap     ] GC(183) Humongous regions: 10->0
[2025-10-13T17:48:11.979-0700][1207][info ][gc,metaspace] GC(183) Metaspace: 315892K(321792K)->315892K(321792K) NonClass: 278670K(281856K)->278670K(281856K) Class: 37222K(39936K)->37222K(39936K)
[2025-10-13T17:48:11.979-0700][1207][info ][gc          ] GC(183) Pause Young (Mixed) (G1 Evacuation Pause) 115858M->34236M(184320M) 165.628ms
[2025-10-13T17:48:11.981-0700][1207][info ][gc,cpu      ] GC(183) User=15.14s Sys=0.25s Real=0.17s
[2025-10-13T17:48:11.982-0700][1207][info ][safepoint   ] Safepoint "G1CollectForAllocation", Time since last: 891866253 ns, Reaching safepoint: 764968 ns, Cleanup: 4076 ns, At safepoint: 170376403 ns, Total: 171145447 ns
[2025-10-13T17:48:12.984-0700][1207][info ][safepoint   ] Safepoint "Cleanup", Time since last: 1000082955 ns, Reaching safepoint: 1233857 ns, Cleanup: 17146 ns, At safepoint: 221826 ns, Total: 1472829 ns
[2025-10-13T17:48:14.986-0700][1207][info ][safepoint   ] Safepoint "Cleanup", Time since last: 2000163515 ns, Reaching safepoint: 1130030 ns, Cleanup: 10146 ns, At safepoint: 391773 ns, Total: 1531949 ns
[2025-10-13T17:48:15.987-0700][1207][info ][safepoint   ] Safepoint "Cleanup", Time since last: 1000117597 ns, Reaching safepoint: 857778 ns, Cleanup: 18047 ns, At safepoint: 464944 ns, Total: 1340769 ns
[2025-10-13T17:48:16.989-0700][1207][info ][safepoint   ] Safepoint "Cleanup", Time since last: 1000111518 ns, Reaching safepoint: 919812 ns, Cleanup: 28783 ns, At safepoint: 800712 ns, Total: 1749307 ns
[2025-10-13T17:48:17.505-0700][1207][info ][gc,start    ] GC(184) Pause Young (Mixed) (G1 Evacuation Pause)
[2025-10-13T17:48:17.506-0700][1207][info ][gc,task     ] GC(184) Using 113 workers of 113 for evacuation
[2025-10-13T17:48:17.519-0700][1207][debug][gc,remset   ] GC(184) Visited cards 12143616 Total dirty 53477376 (22.71%) Total old 393871360 (3.08%)
[2025-10-13T17:48:17.696-0700][1207][info ][gc,phases   ] GC(184)   Pre Evacuate Collection Set: 0.8ms
[2025-10-13T17:48:17.696-0700][1207][info ][gc,phases   ] GC(184)   Merge Heap Roots: 13.0ms
[2025-10-13T17:48:17.696-0700][1207][info ][gc,phases   ] GC(184)   Evacuate Collection Set: 162.2ms
[2025-10-13T17:48:17.696-0700][1207][info ][gc,phases   ] GC(184)   Post Evacuate Collection Set: 14.4ms
[2025-10-13T17:48:17.696-0700][1207][info ][gc,phases   ] GC(184)   Other: 0.2ms
[2025-10-13T17:48:17.696-0700][1207][debug][gc,remset   ] GC(184) Coarsening (recent): Inline->AoC 34403 (0) AoC->Howl 185 (0) Howl->Full 0 (0) Inline->AoC 844 (0) AoC->BitMap 89 (0) BitMap->Full 0 (0) 
[2025-10-13T17:48:17.696-0700][1207][debug][gc,remset   ] GC(184) Coarsening (all): Inline->AoC 4497468 (137) AoC->Howl 129874 (481) Howl->Full 0 (0) Inline->AoC 589509 (150) AoC->BitMap 144038 (393) BitMap->Full 8 (0) 
[2025-10-13T17:48:17.696-0700][1207][info ][gc,heap     ] GC(184) Eden regions: 2328->0(2347)
[2025-10-13T17:48:17.696-0700][1207][info ][gc,heap     ] GC(184) Survivor regions: 218->218(319)
[2025-10-13T17:48:17.696-0700][1207][info ][gc,heap     ] GC(184) Old regions: 853->849
[2025-10-13T17:48:17.696-0700][1207][info ][gc,heap     ] GC(184) Humongous regions: 18->1
[2025-10-13T17:48:17.696-0700][1207][info ][gc,metaspace] GC(184) Metaspace: 315935K(321856K)->315935K(321856K) NonClass: 278705K(281920K)->278705K(281920K) Class: 37229K(39936K)->37229K(39936K)
[2025-10-13T17:48:17.696-0700][1207][info ][gc          ] GC(184) Pause Young (Mixed) (G1 Evacuation Pause) 109308M->34140M(184320M) 190.749ms
[2025-10-13T17:48:17.698-0700][1207][info ][gc,cpu      ] GC(184) User=17.19s Sys=0.18s Real=0.19s
[2025-10-13T17:48:17.699-0700][1207][info ][safepoint   ] Safepoint "G1CollectForAllocation", Time since last: 494982461 ns, Reaching safepoint: 19942433 ns, Cleanup: 27282 ns, At safepoint: 195493879 ns, Total: 215463594 ns
[2025-10-13T17:48:18.701-0700][1207][info ][safepoint   ] Safepoint "Cleanup", Time since last: 1000115584 ns, Reaching safepoint: 864038 ns, Cleanup: 19269 ns, At safepoint: 342038 ns, Total: 1225345 ns
[2025-10-13T17:48:19.703-0700][1207][info ][safepoint   ] Safepoint "Cleanup", Time since last: 1000124547 ns, Reaching safepoint: 1021907 ns, Cleanup: 13991 ns, At safepoint: 744176 ns, Total: 1780074 ns
[2025-10-13T17:48:21.704-0700][1207][info ][safepoint   ] Safepoint "Cleanup", Time since last: 2000173321 ns, Reaching safepoint: 859821 ns, Cleanup: 10616 ns, At safepoint: 330149 ns, Total: 1200586 ns
[2025-10-13T17:48:22.815-0700][1207][info ][gc,start    ] GC(185) Pause Young (Mixed) (G1 Evacuation Pause)
[2025-10-13T17:48:22.815-0700][1207][info ][gc,task     ] GC(185) Using 113 workers of 113 for evacuation
[2025-10-13T17:48:22.828-0700][1207][debug][gc,remset   ] GC(185) Visited cards 11201024 Total dirty 53215232 (21.05%) Total old 414187520 (2.70%)
[2025-10-13T17:48:22.990-0700][1207][info ][gc,phases   ] GC(185)   Pre Evacuate Collection Set: 0.7ms
[2025-10-13T17:48:22.990-0700][1207][info ][gc,phases   ] GC(185)   Merge Heap Roots: 12.8ms
[2025-10-13T17:48:22.990-0700][1207][info ][gc,phases   ] GC(185)   Evacuate Collection Set: 148.8ms
[2025-10-13T17:48:22.990-0700][1207][info ][gc,phases   ] GC(185)   Post Evacuate Collection Set: 13.2ms
[2025-10-13T17:48:22.990-0700][1207][info ][gc,phases   ] GC(185)   Other: 0.2ms
[2025-10-13T17:48:22.990-0700][1207][debug][gc,remset   ] GC(185) Coarsening (recent): Inline->AoC 30173 (0) AoC->Howl 151 (0) Howl->Full 0 (0) Inline->AoC 598 (0) AoC->BitMap 96 (0) BitMap->Full 0 (0) 
[2025-10-13T17:48:22.990-0700][1207][debug][gc,remset   ] GC(185) Coarsening (all): Inline->AoC 4527641 (137) AoC->Howl 130025 (481) Howl->Full 0 (0) Inline->AoC 590107 (150) AoC->BitMap 144134 (393) BitMap->Full 8 (0) 
[2025-10-13T17:48:22.990-0700][1207][info ][gc,heap     ] GC(185) Eden regions: 2487->0(2855)
[2025-10-13T17:48:22.990-0700][1207][info ][gc,heap     ] GC(185) Survivor regions: 218->205(339)
[2025-10-13T17:48:22.990-0700][1207][info ][gc,heap     ] GC(185) Old regions: 849->847
[2025-10-13T17:48:22.990-0700][1207][info ][gc,heap     ] GC(185) Humongous regions: 15->0
[2025-10-13T17:48:22.990-0700][1207][info ][gc,metaspace] GC(185) Metaspace: 315943K(321856K)->315943K(321856K) NonClass: 278713K(281920K)->278713K(281920K) Class: 37230K(39936K)->37230K(39936K)
[2025-10-13T17:48:22.990-0700][1207][info ][gc          ] GC(185) Pause Young (Mixed) (G1 Evacuation Pause) 114172M->33630M(184320M) 175.838ms
[2025-10-13T17:48:22.992-0700][1207][info ][gc,cpu      ] GC(185) User=15.90s Sys=0.22s Real=0.18s
[2025-10-13T17:48:22.994-0700][1207][info ][safepoint   ] Safepoint "G1CollectForAllocation", Time since last: 1108154268 ns, Reaching safepoint: 899261 ns, Cleanup: 7421 ns, At safepoint: 180794255 ns, Total: 181700937 ns
[2025-10-13T17:48:23.241-0700][1207][info ][gc,start    ] GC(186) Pause Young (Concurrent Start) (G1 Humongous Allocation)
[2025-10-13T17:48:23.241-0700][1207][info ][gc,task     ] GC(186) Using 113 workers of 113 for evacuation
[2025-10-13T17:48:23.253-0700][1207][debug][gc,remset   ] GC(186) Visited cards 8659200 Total dirty 53084160 (16.31%) Total old 104923136 (8.25%)
[2025-10-13T17:48:23.382-0700][1207][info ][gc,phases   ] GC(186)   Pre Evacuate Collection Set: 1.0ms
[2025-10-13T17:48:23.382-0700][1207][info ][gc,phases   ] GC(186)   Merge Heap Roots: 10.8ms
[2025-10-13T17:48:23.382-0700][1207][info ][gc,phases   ] GC(186)   Evacuate Collection Set: 118.7ms
[2025-10-13T17:48:23.382-0700][1207][info ][gc,phases   ] GC(186)   Post Evacuate Collection Set: 9.6ms
[2025-10-13T17:48:23.382-0700][1207][info ][gc,phases   ] GC(186)   Other: 0.2ms
[2025-10-13T17:48:23.382-0700][1207][debug][gc,remset   ] GC(186) Coarsening (recent): Inline->AoC 0 (0) AoC->Howl 0 (0) Howl->Full 0 (0) Inline->AoC 0 (0) AoC->BitMap 0 (0) BitMap->Full 0 (0) 
[2025-10-13T17:48:23.382-0700][1207][debug][gc,remset   ] GC(186) Coarsening (all): Inline->AoC 4527641 (137) AoC->Howl 130025 (481) Howl->Full 0 (0) Inline->AoC 590107 (150) AoC->BitMap 144134 (393) BitMap->Full 8 (0) 
[2025-10-13T17:48:23.382-0700][1207][info ][gc,heap     ] GC(186) Eden regions: 172->0(1824)
[2025-10-13T17:48:23.382-0700][1207][info ][gc,heap     ] GC(186) Survivor regions: 205->208(406)
[2025-10-13T17:48:23.382-0700][1207][info ][gc,heap     ] GC(186) Old regions: 847->847
[2025-10-13T17:48:23.382-0700][1207][info ][gc,heap     ] GC(186) Humongous regions: 0->0
[2025-10-13T17:48:23.382-0700][1207][info ][gc,metaspace] GC(186) Metaspace: 315943K(321856K)->315943K(321856K) NonClass: 278713K(281920K)->278713K(281920K) Class: 37230K(39936K)->37230K(39936K)
[2025-10-13T17:48:23.382-0700][1207][info ][gc          ] GC(186) Pause Young (Concurrent Start) (G1 Humongous Allocation) 39130M->33721M(184320M) 140.471ms
[2025-10-13T17:48:23.382-0700][1090][info ][gc          ] GC(187) Concurrent Mark Cycle
[2025-10-13T17:48:23.382-0700][1090][info ][gc,marking  ] GC(187) Concurrent Scan Root Regions
[2025-10-13T17:48:23.384-0700][1207][info ][gc,cpu      ] GC(186) User=12.28s Sys=0.00s Real=0.14s
[2025-10-13T17:48:23.386-0700][1207][info ][safepoint   ] Safepoint "G1TryInitiateConcMark", Time since last: 244693389 ns, Reaching safepoint: 961004 ns, Cleanup: 5338 ns, At safepoint: 146377860 ns, Total: 147344202 ns
[2025-10-13T17:48:23.453-0700][1090][info ][gc,marking  ] GC(187) Concurrent Scan Root Regions 71.053ms
[2025-10-13T17:48:23.453-0700][1090][info ][gc,marking  ] GC(187) Concurrent Mark
[2025-10-13T17:48:23.453-0700][1090][info ][gc,marking  ] GC(187) Concurrent Mark From Roots
[2025-10-13T17:48:23.453-0700][1090][info ][gc,task     ] GC(187) Using 36 workers of 36 for marking
[2025-10-13T17:48:23.695-0700][1090][info ][gc,marking  ] GC(187) Concurrent Mark From Roots 242.193ms
[2025-10-13T17:48:23.695-0700][1090][info ][gc,marking  ] GC(187) Concurrent Preclean
[2025-10-13T17:48:23.713-0700][1090][info ][gc,marking  ] GC(187) Concurrent Preclean 17.088ms
[2025-10-13T17:48:23.716-0700][1207][info ][gc,start    ] GC(187) Pause Remark
[2025-10-13T17:48:23.878-0700][1207][info ][gc          ] GC(187) Pause Remark 40763M->40539M(184320M) 162.182ms
[2025-10-13T17:48:23.880-0700][1207][info ][gc,cpu      ] GC(187) User=13.40s Sys=0.04s Real=0.16s
[2025-10-13T17:48:23.884-0700][1207][info ][safepoint   ] Safepoint "G1PauseRemark", Time since last: 326759771 ns, Reaching safepoint: 1058101 ns, Cleanup: 7472 ns, At safepoint: 170190130 ns, Total: 171255703 ns
[2025-10-13T17:48:23.884-0700][1090][info ][gc,marking  ] GC(187) Concurrent Mark 430.796ms
[2025-10-13T17:48:23.884-0700][1090][info ][gc,marking  ] GC(187) Concurrent Rebuild Remembered Sets and Scrub Regions
[2025-10-13T17:48:24.223-0700][1090][info ][gc,marking  ] GC(187) Concurrent Rebuild Remembered Sets and Scrub Regions 338.654ms
[2025-10-13T17:48:24.225-0700][1207][info ][gc,start    ] GC(187) Pause Cleanup
[2025-10-13T17:48:24.227-0700][1207][info ][gc          ] GC(187) Pause Cleanup 45183M->45183M(184320M) 1.945ms
[2025-10-13T17:48:24.229-0700][1207][info ][gc,cpu      ] GC(187) User=0.02s Sys=0.00s Real=0.00s
[2025-10-13T17:48:24.230-0700][1207][info ][safepoint   ] Safepoint "G1PauseCleanup", Time since last: 338924066 ns, Reaching safepoint: 871449 ns, Cleanup: 53441 ns, At safepoint: 5825334 ns, Total: 6750224 ns
[2025-10-13T17:48:24.230-0700][1090][info ][gc,marking  ] GC(187) Concurrent Clear Claimed Marks
[2025-10-13T17:48:24.231-0700][1090][info ][gc,marking  ] GC(187) Concurrent Clear Claimed Marks 1.106ms
[2025-10-13T17:48:24.231-0700][1090][info ][gc,marking  ] GC(187) Concurrent Cleanup for Next Mark
[2025-10-13T17:48:24.260-0700][1090][info ][gc,marking  ] GC(187) Concurrent Cleanup for Next Mark 28.941ms
[2025-10-13T17:48:24.260-0700][1090][info ][gc          ] GC(187) Concurrent Mark Cycle 878.033ms
[2025-10-13T17:48:25.231-0700][1207][info ][safepoint   ] Safepoint "Cleanup", Time since last: 1000101356 ns, Reaching safepoint: 799810 ns, Cleanup: 11698 ns, At safepoint: 253694 ns, Total: 1065202 ns
[2025-10-13T17:48:26.232-0700][1207][info ][safepoint   ] Safepoint "Cleanup", Time since last: 1000112593 ns, Reaching safepoint: 847572 ns, Cleanup: 14743 ns, At safepoint: 299613 ns, Total: 1161928 ns
[2025-10-13T17:48:27.234-0700][1207][info ][safepoint   ] Safepoint "Cleanup", Time since last: 1000120415 ns, Reaching safepoint: 891078 ns, Cleanup: 13611 ns, At safepoint: 582130 ns, Total: 1486819 ns
[2025-10-13T17:48:27.615-0700][1207][info ][gc,start    ] GC(188) Pause Young (Prepare Mixed) (G1 Evacuation Pause)
[2025-10-13T17:48:27.616-0700][1207][info ][gc,task     ] GC(188) Using 113 workers of 113 for evacuation
[2025-10-13T17:48:27.630-0700][1207][debug][gc,remset   ] GC(188) Visited cards 9144832 Total dirty 53215232 (17.18%) Total old 304873472 (3.00%)
[2025-10-13T17:48:27.777-0700][1207][info ][gc,phases   ] GC(188)   Pre Evacuate Collection Set: 0.7ms
[2025-10-13T17:48:27.777-0700][1207][info ][gc,phases   ] GC(188)   Merge Heap Roots: 13.4ms
[2025-10-13T17:48:27.777-0700][1207][info ][gc,phases   ] GC(188)   Evacuate Collection Set: 134.0ms
[2025-10-13T17:48:27.777-0700][1207][info ][gc,phases   ] GC(188)   Post Evacuate Collection Set: 13.6ms
[2025-10-13T17:48:27.777-0700][1207][info ][gc,phases   ] GC(188)   Other: 0.1ms
[2025-10-13T17:48:27.777-0700][1207][debug][gc,remset   ] GC(188) Coarsening (recent): Inline->AoC 134029 (1) AoC->Howl 5860 (1) Howl->Full 0 (0) Inline->AoC 27009 (0) AoC->BitMap 6443 (0) BitMap->Full 0 (0) 
[2025-10-13T17:48:27.777-0700][1207][debug][gc,remset   ] GC(188) Coarsening (all): Inline->AoC 4661670 (138) AoC->Howl 135885 (482) Howl->Full 0 (0) Inline->AoC 617116 (150) AoC->BitMap 150577 (393) BitMap->Full 8 (0) 
[2025-10-13T17:48:27.777-0700][1207][info ][gc,heap     ] GC(188) Eden regions: 1692->0(2415)
[2025-10-13T17:48:27.777-0700][1207][info ][gc,heap     ] GC(188) Survivor regions: 208->156(238)
[2025-10-13T17:48:27.777-0700][1207][info ][gc,heap     ] GC(188) Old regions: 840->904
[2025-10-13T17:48:27.777-0700][1207][info ][gc,heap     ] GC(188) Humongous regions: 12->0
[2025-10-13T17:48:27.777-0700][1207][info ][gc,metaspace] GC(188) Metaspace: 315945K(321920K)->315945K(321920K) NonClass: 278717K(281984K)->278717K(281984K) Class: 37227K(39936K)->37227K(39936K)
[2025-10-13T17:48:27.777-0700][1207][info ][gc          ] GC(188) Pause Young (Prepare Mixed) (G1 Evacuation Pause) 88025M->33908M(184320M) 162.014ms
[2025-10-13T17:48:27.779-0700][1207][info ][gc,cpu      ] GC(188) User=14.66s Sys=0.01s Real=0.16s
[2025-10-13T17:48:27.781-0700][1207][info ][safepoint   ] Safepoint "G1CollectForAllocation", Time since last: 379052765 ns, Reaching safepoint: 934123 ns, Cleanup: 7301 ns, At safepoint: 167146425 ns, Total: 168087849 ns
[2025-10-13T17:48:28.782-0700][1207][info ][safepoint   ] Safepoint "Cleanup", Time since last: 1000092673 ns, Reaching safepoint: 830927 ns, Cleanup: 15393 ns, At safepoint: 200754 ns, Total: 1047074 ns
[2025-10-13T17:48:29.783-0700][1207][info ][safepoint   ] Safepoint "Cleanup", Time since last: 1000102598 ns, Reaching safepoint: 943247 ns, Cleanup: 13240 ns, At safepoint: 463171 ns, Total: 1419658 ns
[2025-10-13T17:48:30.785-0700][1207][info ][safepoint   ] Safepoint "Cleanup", Time since last: 1000114065 ns, Reaching safepoint: 943358 ns, Cleanup: 11727 ns, At safepoint: 418784 ns, Total: 1373869 ns
[2025-10-13T17:48:32.786-0700][1207][info ][safepoint   ] Safepoint "Cleanup", Time since last: 2000162010 ns, Reaching safepoint: 944459 ns, Cleanup: 16886 ns, At safepoint: 268796 ns, Total: 1230141 ns
[2025-10-13T17:48:33.788-0700][1207][info ][safepoint   ] Safepoint "Cleanup", Time since last: 1000109979 ns, Reaching safepoint: 951750 ns, Cleanup: 10086 ns, At safepoint: 768562 ns, Total: 1730398 ns
[2025-10-13T17:48:34.471-0700][1207][info ][gc,start    ] GC(189) Pause Young (Mixed) (G1 Evacuation Pause)
[2025-10-13T17:48:34.471-0700][1207][info ][gc,task     ] GC(189) Using 113 workers of 113 for evacuation
[2025-10-13T17:48:34.485-0700][1207][debug][gc,remset   ] GC(189) Visited cards 9687296 Total dirty 55377920 (17.49%) Total old 414515200 (2.34%)
[2025-10-13T17:48:34.614-0700][1207][info ][gc,phases   ] GC(189)   Pre Evacuate Collection Set: 0.7ms
[2025-10-13T17:48:34.614-0700][1207][info ][gc,phases   ] GC(189)   Merge Heap Roots: 13.4ms
[2025-10-13T17:48:34.614-0700][1207][info ][gc,phases   ] GC(189)   Evacuate Collection Set: 115.7ms
[2025-10-13T17:48:34.614-0700][1207][info ][gc,phases   ] GC(189)   Post Evacuate Collection Set: 13.3ms
[2025-10-13T17:48:34.614-0700][1207][info ][gc,phases   ] GC(189)   Other: 0.2ms
[2025-10-13T17:48:34.614-0700][1207][debug][gc,remset   ] GC(189) Coarsening (recent): Inline->AoC 23756 (1) AoC->Howl 402 (0) Howl->Full 0 (0) Inline->AoC 1490 (0) AoC->BitMap 284 (0) BitMap->Full 0 (0) 
[2025-10-13T17:48:34.614-0700][1207][debug][gc,remset   ] GC(189) Coarsening (all): Inline->AoC 4685426 (139) AoC->Howl 136287 (482) Howl->Full 0 (0) Inline->AoC 618606 (150) AoC->BitMap 150861 (393) BitMap->Full 8 (0) 
[2025-10-13T17:48:34.614-0700][1207][info ][gc,heap     ] GC(189) Eden regions: 2524->0(2355)
[2025-10-13T17:48:34.614-0700][1207][info ][gc,heap     ] GC(189) Survivor regions: 156->188(335)
[2025-10-13T17:48:34.614-0700][1207][info ][gc,heap     ] GC(189) Old regions: 904->871
[2025-10-13T17:48:34.614-0700][1207][info ][gc,heap     ] GC(189) Humongous regions: 18->0
[2025-10-13T17:48:34.614-0700][1207][info ][gc,metaspace] GC(189) Metaspace: 315965K(321920K)->315965K(321920K) NonClass: 278737K(281984K)->278737K(281984K) Class: 37228K(39936K)->37228K(39936K)
[2025-10-13T17:48:34.614-0700][1207][info ][gc          ] GC(189) Pause Young (Mixed) (G1 Evacuation Pause) 115252M->33854M(184320M) 143.479ms
[2025-10-13T17:48:34.616-0700][1207][info ][gc,cpu      ] GC(189) User=13.52s Sys=0.08s Real=0.14s
[2025-10-13T17:48:34.617-0700][1207][info ][safepoint   ] Safepoint "G1CollectForAllocation", Time since last: 679898025 ns, Reaching safepoint: 914534 ns, Cleanup: 7531 ns, At safepoint: 148474012 ns, Total: 149396077 ns
[2025-10-13T17:48:36.619-0700][1207][info ][safepoint   ] Safepoint "Cleanup", Time since last: 2000180719 ns, Reaching safepoint: 934524 ns, Cleanup: 12669 ns, At safepoint: 718978 ns, Total: 1666171 ns
[2025-10-13T17:48:37.620-0700][1207][info ][safepoint   ] Safepoint "Cleanup", Time since last: 1000120751 ns, Reaching safepoint: 790716 ns, Cleanup: 9885 ns, At safepoint: 264651 ns, Total: 1065252 ns
[2025-10-13T17:48:40.622-0700][1207][info ][safepoint   ] Safepoint "Cleanup", Time since last: 3000222046 ns, Reaching safepoint: 894153 ns, Cleanup: 24387 ns, At safepoint: 380195 ns, Total: 1298735 ns
[2025-10-13T17:48:40.995-0700][1207][info ][gc,start    ] GC(190) Pause Young (Mixed) (G1 Evacuation Pause)
[2025-10-13T17:48:40.996-0700][1207][info ][gc,task     ] GC(190) Using 113 workers of 113 for evacuation
[2025-10-13T17:48:41.010-0700][1207][debug][gc,remset   ] GC(190) Visited cards 9643264 Total dirty 53673984 (17.97%) Total old 415629312 (2.32%)
[2025-10-13T17:48:41.149-0700][1207][info ][gc,phases   ] GC(190)   Pre Evacuate Collection Set: 0.7ms
[2025-10-13T17:48:41.149-0700][1207][info ][gc,phases   ] GC(190)   Merge Heap Roots: 13.4ms
[2025-10-13T17:48:41.149-0700][1207][info ][gc,phases   ] GC(190)   Evacuate Collection Set: 126.3ms
[2025-10-13T17:48:41.149-0700][1207][info ][gc,phases   ] GC(190)   Post Evacuate Collection Set: 12.5ms
[2025-10-13T17:48:41.149-0700][1207][info ][gc,phases   ] GC(190)   Other: 0.2ms
[2025-10-13T17:48:41.149-0700][1207][debug][gc,remset   ] GC(190) Coarsening (recent): Inline->AoC 14060 (0) AoC->Howl 250 (0) Howl->Full 0 (0) Inline->AoC 1152 (0) AoC->BitMap 125 (0) BitMap->Full 0 (0) 
[2025-10-13T17:48:41.149-0700][1207][debug][gc,remset   ] GC(190) Coarsening (all): Inline->AoC 4699486 (139) AoC->Howl 136537 (482) Howl->Full 0 (0) Inline->AoC 619758 (150) AoC->BitMap 150986 (393) BitMap->Full 8 (0) 
[2025-10-13T17:48:41.149-0700][1207][info ][gc,heap     ] GC(190) Eden regions: 2519->0(2592)
[2025-10-13T17:48:41.149-0700][1207][info ][gc,heap     ] GC(190) Survivor regions: 188->191(339)
[2025-10-13T17:48:41.149-0700][1207][info ][gc,heap     ] GC(190) Old regions: 871->846
[2025-10-13T17:48:41.149-0700][1207][info ][gc,heap     ] GC(190) Humongous regions: 14->0
[2025-10-13T17:48:41.149-0700][1207][info ][gc,metaspace] GC(190) Metaspace: 316080K(321984K)->316080K(321984K) NonClass: 278842K(282048K)->278842K(282048K) Class: 37237K(39936K)->37237K(39936K)
[2025-10-13T17:48:41.149-0700][1207][info ][gc          ] GC(190) Pause Young (Mixed) (G1 Evacuation Pause) 114910M->33176M(184320M) 153.253ms
[2025-10-13T17:48:41.151-0700][1207][info ][gc,cpu      ] GC(190) User=14.45s Sys=0.07s Real=0.16s
[2025-10-13T17:48:41.152-0700][1207][info ][safepoint   ] Safepoint "G1CollectForAllocation", Time since last: 370887216 ns, Reaching safepoint: 912722 ns, Cleanup: 11377 ns, At safepoint: 158162860 ns, Total: 159086959 ns
[2025-10-13T17:48:42.153-0700][1207][info ][safepoint   ] Safepoint "Cleanup", Time since last: 1000115655 ns, Reaching safepoint: 829646 ns, Cleanup: 20361 ns, At safepoint: 255056 ns, Total: 1105063 ns
[2025-10-13T17:48:43.154-0700][1207][info ][safepoint   ] Safepoint "Cleanup", Time since last: 1000072109 ns, Reaching safepoint: 799891 ns, Cleanup: 12188 ns, At safepoint: 292332 ns, Total: 1104411 ns
[2025-10-13T17:48:45.156-0700][1207][info ][safepoint   ] Safepoint "Cleanup", Time since last: 2000164940 ns, Reaching safepoint: 845460 ns, Cleanup: 22584 ns, At safepoint: 279523 ns, Total: 1147567 ns
[2025-10-13T17:48:46.157-0700][1207][info ][safepoint   ] Safepoint "Cleanup", Time since last: 1000115985 ns, Reaching safepoint: 842636 ns, Cleanup: 18037 ns, At safepoint: 378593 ns, Total: 1239266 ns
[2025-10-13T17:48:47.158-0700][1207][info ][safepoint   ] Safepoint "Cleanup", Time since last: 1000115765 ns, Reaching safepoint: 842796 ns, Cleanup: 23155 ns, At safepoint: 517944 ns, Total: 1383895 ns
[2025-10-13T17:48:47.789-0700][1207][info ][gc,start    ] GC(191) Pause Young (Mixed) (G1 Evacuation Pause)
[2025-10-13T17:48:47.789-0700][1207][info ][gc,task     ] GC(191) Using 113 workers of 113 for evacuation
[2025-10-13T17:48:47.803-0700][1207][debug][gc,remset   ] GC(191) Visited cards 9800448 Total dirty 52363264 (18.72%) Total old 433782784 (2.26%)
[2025-10-13T17:48:47.941-0700][1207][info ][gc,phases   ] GC(191)   Pre Evacuate Collection Set: 0.9ms
[2025-10-13T17:48:47.941-0700][1207][info ][gc,phases   ] GC(191)   Merge Heap Roots: 12.8ms
[2025-10-13T17:48:47.941-0700][1207][info ][gc,phases   ] GC(191)   Evacuate Collection Set: 125.2ms
[2025-10-13T17:48:47.941-0700][1207][info ][gc,phases   ] GC(191)   Post Evacuate Collection Set: 12.6ms
[2025-10-13T17:48:47.941-0700][1207][info ][gc,phases   ] GC(191)   Other: 0.2ms
[2025-10-13T17:48:47.941-0700][1207][debug][gc,remset   ] GC(191) Coarsening (recent): Inline->AoC 20220 (0) AoC->Howl 261 (0) Howl->Full 0 (0) Inline->AoC 1193 (0) AoC->BitMap 178 (0) BitMap->Full 0 (0) 
[2025-10-13T17:48:47.941-0700][1207][debug][gc,remset   ] GC(191) Coarsening (all): Inline->AoC 4719706 (139) AoC->Howl 136798 (482) Howl->Full 0 (0) Inline->AoC 620951 (150) AoC->BitMap 151164 (393) BitMap->Full 8 (0) 
[2025-10-13T17:48:47.941-0700][1207][info ][gc,heap     ] GC(191) Eden regions: 2667->0(2612)
[2025-10-13T17:48:47.941-0700][1207][info ][gc,heap     ] GC(191) Survivor regions: 191->211(358)
[2025-10-13T17:48:47.941-0700][1207][info ][gc,heap     ] GC(191) Old regions: 846->807
[2025-10-13T17:48:47.941-0700][1207][info ][gc,heap     ] GC(191) Humongous regions: 14->0
[2025-10-13T17:48:47.941-0700][1207][info ][gc,metaspace] GC(191) Metaspace: 316139K(322048K)->316139K(322048K) NonClass: 278898K(282112K)->278898K(282112K) Class: 37241K(39936K)->37241K(39936K)
[2025-10-13T17:48:47.941-0700][1207][info ][gc          ] GC(191) Pause Young (Mixed) (G1 Evacuation Pause) 118968M->32557M(184320M) 151.808ms
[2025-10-13T17:48:47.943-0700][1207][info ][gc,cpu      ] GC(191) User=14.55s Sys=0.17s Real=0.16s
[2025-10-13T17:48:47.944-0700][1207][info ][safepoint   ] Safepoint "G1CollectForAllocation", Time since last: 628074072 ns, Reaching safepoint: 925040 ns, Cleanup: 23846 ns, At safepoint: 156614206 ns, Total: 157563092 ns
[2025-10-13T17:48:48.945-0700][1207][info ][safepoint   ] Safepoint "Cleanup", Time since last: 1000098228 ns, Reaching safepoint: 767051 ns, Cleanup: 29986 ns, At safepoint: 447908 ns, Total: 1244945 ns
[2025-10-13T17:48:49.947-0700][1207][info ][safepoint   ] Safepoint "Cleanup", Time since last: 1000117037 ns, Reaching safepoint: 831669 ns, Cleanup: 17386 ns, At safepoint: 435299 ns, Total: 1284354 ns
[2025-10-13T17:48:50.964-0700][1207][info ][safepoint   ] Safepoint "Cleanup", Time since last: 1000110647 ns, Reaching safepoint: 15003971 ns, Cleanup: 19359 ns, At safepoint: 1902660 ns, Total: 16925990 ns
[2025-10-13T17:48:53.478-0700][1207][info ][safepoint   ] Safepoint "Cleanup", Time since last: 2512953912 ns, Reaching safepoint: 945411 ns, Cleanup: 24567 ns, At safepoint: 577214 ns, Total: 1547192 ns
[2025-10-13T17:48:54.239-0700][1207][info ][gc,start    ] GC(192) Pause Young (Mixed) (G1 Evacuation Pause)
[2025-10-13T17:48:54.239-0700][1207][info ][gc,task     ] GC(192) Using 113 workers of 113 for evacuation
[2025-10-13T17:48:54.254-0700][1207][debug][gc,remset   ] GC(192) Visited cards 9726976 Total dirty 49610752 (19.61%) Total old 437387264 (2.22%)
[2025-10-13T17:48:54.394-0700][1207][info ][gc,phases   ] GC(192)   Pre Evacuate Collection Set: 0.8ms
[2025-10-13T17:48:54.394-0700][1207][info ][gc,phases   ] GC(192)   Merge Heap Roots: 13.2ms
[2025-10-13T17:48:54.394-0700][1207][info ][gc,phases   ] GC(192)   Evacuate Collection Set: 126.5ms
[2025-10-13T17:48:54.394-0700][1207][info ][gc,phases   ] GC(192)   Post Evacuate Collection Set: 14.2ms
[2025-10-13T17:48:54.394-0700][1207][info ][gc,phases   ] GC(192)   Other: 0.2ms
[2025-10-13T17:48:54.394-0700][1207][debug][gc,remset   ] GC(192) Coarsening (recent): Inline->AoC 21066 (0) AoC->Howl 170 (0) Howl->Full 0 (0) Inline->AoC 837 (0) AoC->BitMap 72 (0) BitMap->Full 0 (0) 
[2025-10-13T17:48:54.394-0700][1207][debug][gc,remset   ] GC(192) Coarsening (all): Inline->AoC 4740772 (139) AoC->Howl 136968 (482) Howl->Full 0 (0) Inline->AoC 621788 (150) AoC->BitMap 151236 (393) BitMap->Full 8 (0) 
[2025-10-13T17:48:54.394-0700][1207][info ][gc,heap     ] GC(192) Eden regions: 2696->0(2919)
[2025-10-13T17:48:54.394-0700][1207][info ][gc,heap     ] GC(192) Survivor regions: 211->198(364)
[2025-10-13T17:48:54.394-0700][1207][info ][gc,heap     ] GC(192) Old regions: 807->775
[2025-10-13T17:48:54.394-0700][1207][info ][gc,heap     ] GC(192) Humongous regions: 10->1
[2025-10-13T17:48:54.394-0700][1207][info ][gc,metaspace] GC(192) Metaspace: 316255K(322240K)->316255K(322240K) NonClass: 279002K(282240K)->279002K(282240K) Class: 37253K(40000K)->37253K(40000K)
[2025-10-13T17:48:54.394-0700][1207][info ][gc          ] GC(192) Pause Young (Mixed) (G1 Evacuation Pause) 119149M->31166M(184320M) 155.024ms
[2025-10-13T17:48:54.396-0700][1207][info ][gc,cpu      ] GC(192) User=14.10s Sys=0.17s Real=0.16s
[2025-10-13T17:48:54.398-0700][1207][info ][safepoint   ] Safepoint "G1CollectForAllocation", Time since last: 758436482 ns, Reaching safepoint: 899862 ns, Cleanup: 16395 ns, At safepoint: 159778365 ns, Total: 160694622 ns
[2025-10-13T17:48:55.399-0700][1207][info ][safepoint   ] Safepoint "Cleanup", Time since last: 1000100041 ns, Reaching safepoint: 839942 ns, Cleanup: 11187 ns, At safepoint: 94823 ns, Total: 945952 ns
[2025-10-13T17:48:57.400-0700][1207][info ][safepoint   ] Safepoint "Cleanup", Time since last: 2000161925 ns, Reaching safepoint: 809846 ns, Cleanup: 10776 ns, At safepoint: 309418 ns, Total: 1130040 ns
[2025-10-13T17:48:59.403-0700][1207][info ][safepoint   ] Safepoint "Cleanup", Time since last: 2000189497 ns, Reaching safepoint: 2059678 ns, Cleanup: 16965 ns, At safepoint: 834954 ns, Total: 2911597 ns
[2025-10-13T17:49:00.405-0700][1207][info ][safepoint   ] Safepoint "Cleanup", Time since last: 1000126532 ns, Reaching safepoint: 893252 ns, Cleanup: 33971 ns, At safepoint: 621681 ns, Total: 1548904 ns
[2025-10-13T17:49:01.406-0700][1207][info ][safepoint   ] Safepoint "Cleanup", Time since last: 1000112300 ns, Reaching safepoint: 825479 ns, Cleanup: 20011 ns, At safepoint: 512515 ns, Total: 1358005 ns
[2025-10-13T17:49:02.392-0700][1207][info ][gc,start    ] GC(193) Pause Young (Mixed) (G1 Evacuation Pause)
[2025-10-13T17:49:02.392-0700][1207][info ][gc,task     ] GC(193) Using 113 workers of 113 for evacuation
[2025-10-13T17:49:02.406-0700][1207][debug][gc,remset   ] GC(193) Visited cards 9846272 Total dirty 48037888 (20.50%) Total old 470089728 (2.09%)
[2025-10-13T17:49:02.548-0700][1207][info ][gc,phases   ] GC(193)   Pre Evacuate Collection Set: 0.8ms
[2025-10-13T17:49:02.548-0700][1207][info ][gc,phases   ] GC(193)   Merge Heap Roots: 13.3ms
[2025-10-13T17:49:02.548-0700][1207][info ][gc,phases   ] GC(193)   Evacuate Collection Set: 127.4ms
[2025-10-13T17:49:02.548-0700][1207][info ][gc,phases   ] GC(193)   Post Evacuate Collection Set: 13.9ms
[2025-10-13T17:49:02.548-0700][1207][info ][gc,phases   ] GC(193)   Other: 0.2ms
[2025-10-13T17:49:02.548-0700][1207][debug][gc,remset   ] GC(193) Coarsening (recent): Inline->AoC 23197 (0) AoC->Howl 171 (0) Howl->Full 0 (0) Inline->AoC 791 (0) AoC->BitMap 80 (0) BitMap->Full 0 (0) 
[2025-10-13T17:49:02.548-0700][1207][debug][gc,remset   ] GC(193) Coarsening (all): Inline->AoC 4763969 (139) AoC->Howl 137139 (482) Howl->Full 0 (0) Inline->AoC 622579 (150) AoC->BitMap 151316 (393) BitMap->Full 8 (0) 
[2025-10-13T17:49:02.548-0700][1207][info ][gc,heap     ] GC(193) Eden regions: 2972->0(2969)
[2025-10-13T17:49:02.548-0700][1207][info ][gc,heap     ] GC(193) Survivor regions: 198->212(397)
[2025-10-13T17:49:02.548-0700][1207][info ][gc,heap     ] GC(193) Old regions: 775->737
[2025-10-13T17:49:02.548-0700][1207][info ][gc,heap     ] GC(193) Humongous regions: 15->0
[2025-10-13T17:49:02.548-0700][1207][info ][gc,metaspace] GC(193) Metaspace: 316361K(322304K)->316361K(322304K) NonClass: 279086K(282304K)->279086K(282304K) Class: 37275K(40000K)->37275K(40000K)
[2025-10-13T17:49:02.548-0700][1207][info ][gc          ] GC(193) Pause Young (Mixed) (G1 Evacuation Pause) 126718M->30334M(184320M) 155.824ms
[2025-10-13T17:49:02.549-0700][1207][info ][gc,cpu      ] GC(193) User=14.81s Sys=0.12s Real=0.15s
[2025-10-13T17:49:02.551-0700][1207][info ][safepoint   ] Safepoint "G1CollectForAllocation", Time since last: 983298791 ns, Reaching safepoint: 805279 ns, Cleanup: 5027 ns, At safepoint: 160599458 ns, Total: 161409764 ns
[2025-10-13T17:49:03.552-0700][1207][info ][safepoint   ] Safepoint "Cleanup", Time since last: 1000088264 ns, Reaching safepoint: 869726 ns, Cleanup: 13992 ns, At safepoint: 613208 ns, Total: 1496926 ns
[2025-10-13T17:49:04.555-0700][1207][info ][safepoint   ] Safepoint "Cleanup", Time since last: 1000126801 ns, Reaching safepoint: 1000234 ns, Cleanup: 16946 ns, At safepoint: 1075167 ns, Total: 2092347 ns
[2025-10-13T17:49:05.557-0700][1207][info ][safepoint   ] Safepoint "Cleanup", Time since last: 1000114934 ns, Reaching safepoint: 972042 ns, Cleanup: 13690 ns, At safepoint: 964931 ns, Total: 1950663 ns
[2025-10-13T17:49:06.559-0700][1207][info ][safepoint   ] Safepoint "Cleanup", Time since last: 1000123076 ns, Reaching safepoint: 1204363 ns, Cleanup: 22754 ns, At safepoint: 953404 ns, Total: 2180521 ns
[2025-10-13T17:49:07.561-0700][1207][info ][safepoint   ] Safepoint "Cleanup", Time since last: 1000109826 ns, Reaching safepoint: 869325 ns, Cleanup: 12229 ns, At safepoint: 848494 ns, Total: 1730048 ns
[2025-10-13T17:49:08.562-0700][1207][info ][safepoint   ] Safepoint "Cleanup", Time since last: 1000089065 ns, Reaching safepoint: 688572 ns, Cleanup: 9875 ns, At safepoint: 877629 ns, Total: 1576076 ns
[2025-10-13T17:49:09.565-0700][1207][info ][safepoint   ] Safepoint "Cleanup", Time since last: 1000113171 ns, Reaching safepoint: 966833 ns, Cleanup: 17166 ns, At safepoint: 980244 ns, Total: 1964243 ns
[2025-10-13T17:49:10.098-0700][1207][info ][gc,start    ] GC(194) Pause Young (Mixed) (G1 Evacuation Pause)
[2025-10-13T17:49:10.098-0700][1207][info ][gc,task     ] GC(194) Using 113 workers of 113 for evacuation
[2025-10-13T17:49:10.112-0700][1207][debug][gc,remset   ] GC(194) Visited cards 9927936 Total dirty 45219840 (21.95%) Total old 471728128 (2.10%)
[2025-10-13T17:49:10.267-0700][1207][info ][gc,phases   ] GC(194)   Pre Evacuate Collection Set: 0.8ms
[2025-10-13T17:49:10.267-0700][1207][info ][gc,phases   ] GC(194)   Merge Heap Roots: 13.5ms
[2025-10-13T17:49:10.267-0700][1207][info ][gc,phases   ] GC(194)   Evacuate Collection Set: 138.6ms
[2025-10-13T17:49:10.267-0700][1207][info ][gc,phases   ] GC(194)   Post Evacuate Collection Set: 15.6ms
[2025-10-13T17:49:10.267-0700][1207][info ][gc,phases   ] GC(194)   Other: 0.2ms
[2025-10-13T17:49:10.267-0700][1207][debug][gc,remset   ] GC(194) Coarsening (recent): Inline->AoC 31078 (0) AoC->Howl 145 (0) Howl->Full 0 (0) Inline->AoC 809 (0) AoC->BitMap 70 (0) BitMap->Full 0 (0) 
[2025-10-13T17:49:10.267-0700][1207][debug][gc,remset   ] GC(194) Coarsening (all): Inline->AoC 4795047 (139) AoC->Howl 137284 (482) Howl->Full 0 (0) Inline->AoC 623388 (150) AoC->BitMap 151386 (393) BitMap->Full 8 (0) 
[2025-10-13T17:49:10.267-0700][1207][info ][gc,heap     ] GC(194) Eden regions: 2993->0(2940)
[2025-10-13T17:49:10.267-0700][1207][info ][gc,heap     ] GC(194) Survivor regions: 212->229(401)
[2025-10-13T17:49:10.267-0700][1207][info ][gc,heap     ] GC(194) Old regions: 737->698
[2025-10-13T17:49:10.267-0700][1207][info ][gc,heap     ] GC(194) Humongous regions: 8->0
[2025-10-13T17:49:10.267-0700][1207][info ][gc,metaspace] GC(194) Metaspace: 316393K(322368K)->316393K(322368K) NonClass: 279117K(282368K)->279117K(282368K) Class: 37276K(40000K)->37276K(40000K)
[2025-10-13T17:49:10.267-0700][1207][info ][gc          ] GC(194) Pause Young (Mixed) (G1 Evacuation Pause) 126366M->29628M(184320M) 168.851ms
[2025-10-13T17:49:10.268-0700][1207][info ][gc,cpu      ] GC(194) User=15.29s Sys=0.21s Real=0.17s
[2025-10-13T17:49:10.270-0700][1207][info ][safepoint   ] Safepoint "G1CollectForAllocation", Time since last: 530814977 ns, Reaching safepoint: 821634 ns, Cleanup: 10636 ns, At safepoint: 173489519 ns, Total: 174321789 ns
[2025-10-13T17:49:11.271-0700][1207][info ][safepoint   ] Safepoint "Cleanup", Time since last: 1000105459 ns, Reaching safepoint: 882957 ns, Cleanup: 39600 ns, At safepoint: 363280 ns, Total: 1285837 ns
[2025-10-13T17:49:12.273-0700][1207][info ][safepoint   ] Safepoint "Cleanup", Time since last: 1000106451 ns, Reaching safepoint: 903397 ns, Cleanup: 17907 ns, At safepoint: 758979 ns, Total: 1680283 ns
[2025-10-13T17:49:13.275-0700][1207][info ][safepoint   ] Safepoint "Cleanup", Time since last: 1000122045 ns, Reaching safepoint: 1088497 ns, Cleanup: 19750 ns, At safepoint: 792249 ns, Total: 1900496 ns
[2025-10-13T17:49:14.277-0700][1207][info ][safepoint   ] Safepoint "Cleanup", Time since last: 1000115755 ns, Reaching safepoint: 846391 ns, Cleanup: 30507 ns, At safepoint: 766630 ns, Total: 1643528 ns
[2025-10-13T17:49:15.279-0700][1207][info ][safepoint   ] Safepoint "Cleanup", Time since last: 1000112260 ns, Reaching safepoint: 931770 ns, Cleanup: 11868 ns, At safepoint: 947675 ns, Total: 1891313 ns
[2025-10-13T17:49:17.033-0700][1207][info ][gc,start    ] GC(195) Pause Young (Mixed) (G1 Evacuation Pause)
[2025-10-13T17:49:17.033-0700][1207][info ][gc,task     ] GC(195) Using 113 workers of 113 for evacuation
[2025-10-13T17:49:17.047-0700][1207][debug][gc,remset   ] GC(195) Visited cards 9839872 Total dirty 42860544 (22.96%) Total old 473956352 (2.08%)
[2025-10-13T17:49:17.216-0700][1207][info ][gc,phases   ] GC(195)   Pre Evacuate Collection Set: 0.7ms
[2025-10-13T17:49:17.216-0700][1207][info ][gc,phases   ] GC(195)   Merge Heap Roots: 13.2ms
[2025-10-13T17:49:17.216-0700][1207][info ][gc,phases   ] GC(195)   Evacuate Collection Set: 152.8ms
[2025-10-13T17:49:17.216-0700][1207][info ][gc,phases   ] GC(195)   Post Evacuate Collection Set: 15.5ms
[2025-10-13T17:49:17.216-0700][1207][info ][gc,phases   ] GC(195)   Other: 0.2ms
[2025-10-13T17:49:17.216-0700][1207][debug][gc,remset   ] GC(195) Coarsening (recent): Inline->AoC 27669 (0) AoC->Howl 182 (0) Howl->Full 0 (0) Inline->AoC 857 (0) AoC->BitMap 67 (0) BitMap->Full 0 (0) 
[2025-10-13T17:49:17.216-0700][1207][debug][gc,remset   ] GC(195) Coarsening (all): Inline->AoC 4822716 (139) AoC->Howl 137466 (482) Howl->Full 0 (0) Inline->AoC 624245 (150) AoC->BitMap 151453 (393) BitMap->Full 8 (0) 
[2025-10-13T17:49:17.216-0700][1207][info ][gc,heap     ] GC(195) Eden regions: 3009->0(2612)
[2025-10-13T17:49:17.216-0700][1207][info ][gc,heap     ] GC(195) Survivor regions: 229->249(405)
[2025-10-13T17:49:17.216-0700][1207][info ][gc,heap     ] GC(195) Old regions: 698->671
[2025-10-13T17:49:17.216-0700][1207][info ][gc,heap     ] GC(195) Humongous regions: 15->0
[2025-10-13T17:49:17.216-0700][1207][info ][gc,metaspace] GC(195) Metaspace: 316444K(322432K)->316444K(322432K) NonClass: 279166K(282432K)->279166K(282432K) Class: 37278K(40000K)->37278K(40000K)
[2025-10-13T17:49:17.216-0700][1207][info ][gc          ] GC(195) Pause Young (Mixed) (G1 Evacuation Pause) 126396M->29400M(184320M) 182.575ms
[2025-10-13T17:49:17.218-0700][1207][info ][gc,cpu      ] GC(195) User=17.80s Sys=0.19s Real=0.18s
[2025-10-13T17:49:17.219-0700][1207][info ][safepoint   ] Safepoint "G1CollectForAllocation", Time since last: 1752037165 ns, Reaching safepoint: 819240 ns, Cleanup: 7061 ns, At safepoint: 187328506 ns, Total: 188154807 ns
[2025-10-13T17:49:23.530-0700][1207][info ][gc,start    ] GC(196) Pause Young (Mixed) (G1 Evacuation Pause)
[2025-10-13T17:49:23.530-0700][1207][info ][gc,task     ] GC(196) Using 113 workers of 113 for evacuation
[2025-10-13T17:49:23.544-0700][1207][debug][gc,remset   ] GC(196) Visited cards 10096128 Total dirty 41549824 (24.30%) Total old 433782784 (2.33%)
[2025-10-13T17:49:23.725-0700][1207][info ][gc,phases   ] GC(196)   Pre Evacuate Collection Set: 0.8ms
[2025-10-13T17:49:23.725-0700][1207][info ][gc,phases   ] GC(196)   Merge Heap Roots: 13.0ms
[2025-10-13T17:49:23.725-0700][1207][info ][gc,phases   ] GC(196)   Evacuate Collection Set: 167.4ms
[2025-10-13T17:49:23.725-0700][1207][info ][gc,phases   ] GC(196)   Post Evacuate Collection Set: 13.7ms
[2025-10-13T17:49:23.725-0700][1207][info ][gc,phases   ] GC(196)   Other: 0.2ms
[2025-10-13T17:49:23.725-0700][1207][debug][gc,remset   ] GC(196) Coarsening (recent): Inline->AoC 32473 (0) AoC->Howl 227 (0) Howl->Full 0 (0) Inline->AoC 1101 (0) AoC->BitMap 111 (0) BitMap->Full 0 (0) 
[2025-10-13T17:49:23.725-0700][1207][debug][gc,remset   ] GC(196) Coarsening (all): Inline->AoC 4855189 (139) AoC->Howl 137693 (482) Howl->Full 0 (0) Inline->AoC 625346 (150) AoC->BitMap 151564 (393) BitMap->Full 8 (0) 
[2025-10-13T17:49:23.725-0700][1207][info ][gc,heap     ] GC(196) Eden regions: 2695->0(3091)
[2025-10-13T17:49:23.725-0700][1207][info ][gc,heap     ] GC(196) Survivor regions: 249->235(368)
[2025-10-13T17:49:23.725-0700][1207][info ][gc,heap     ] GC(196) Old regions: 671->685
[2025-10-13T17:49:23.725-0700][1207][info ][gc,heap     ] GC(196) Humongous regions: 17->0
[2025-10-13T17:49:23.725-0700][1207][info ][gc,metaspace] GC(196) Metaspace: 316493K(322496K)->316493K(322496K) NonClass: 279207K(282432K)->279207K(282432K) Class: 37285K(40064K)->37285K(40064K)
[2025-10-13T17:49:23.725-0700][1207][info ][gc          ] GC(196) Pause Young (Mixed) (G1 Evacuation Pause) 116184M->29403M(184320M) 195.320ms
[2025-10-13T17:49:23.727-0700][1207][info ][gc,cpu      ] GC(196) User=19.15s Sys=0.19s Real=0.20s
[2025-10-13T17:49:23.728-0700][1207][info ][safepoint   ] Safepoint "G1CollectForAllocation", Time since last: 6308503445 ns, Reaching safepoint: 865610 ns, Cleanup: 6300 ns, At safepoint: 200134054 ns, Total: 201005964 ns
[2025-10-13T17:49:23.843-0700][1207][info ][gc,start    ] GC(197) Pause Young (Concurrent Start) (G1 Humongous Allocation)
[2025-10-13T17:49:23.843-0700][1207][info ][gc,task     ] GC(197) Using 113 workers of 113 for evacuation
[2025-10-13T17:49:23.853-0700][1207][debug][gc,remset   ] GC(197) Visited cards 8225024 Total dirty 42860544 (19.19%) Total old 85524480 (9.62%)
[2025-10-13T17:49:23.990-0700][1207][info ][gc,phases   ] GC(197)   Pre Evacuate Collection Set: 1.0ms
[2025-10-13T17:49:23.990-0700][1207][info ][gc,phases   ] GC(197)   Merge Heap Roots: 9.8ms
[2025-10-13T17:49:23.990-0700][1207][info ][gc,phases   ] GC(197)   Evacuate Collection Set: 126.9ms
[2025-10-13T17:49:23.990-0700][1207][info ][gc,phases   ] GC(197)   Post Evacuate Collection Set: 9.4ms
[2025-10-13T17:49:23.990-0700][1207][info ][gc,phases   ] GC(197)   Other: 0.1ms
[2025-10-13T17:49:23.990-0700][1207][debug][gc,remset   ] GC(197) Coarsening (recent): Inline->AoC 0 (0) AoC->Howl 0 (0) Howl->Full 0 (0) Inline->AoC 0 (0) AoC->BitMap 0 (0) BitMap->Full 0 (0) 
[2025-10-13T17:49:23.990-0700][1207][debug][gc,remset   ] GC(197) Coarsening (all): Inline->AoC 4855189 (139) AoC->Howl 137693 (482) Howl->Full 0 (0) Inline->AoC 625346 (150) AoC->BitMap 151564 (393) BitMap->Full 8 (0) 
[2025-10-13T17:49:23.990-0700][1207][info ][gc,heap     ] GC(197) Eden regions: 75->0(1053)
[2025-10-13T17:49:23.990-0700][1207][info ][gc,heap     ] GC(197) Survivor regions: 235->227(432)
[2025-10-13T17:49:23.990-0700][1207][info ][gc,heap     ] GC(197) Old regions: 685->685
[2025-10-13T17:49:23.990-0700][1207][info ][gc,heap     ] GC(197) Humongous regions: 0->0
[2025-10-13T17:49:23.990-0700][1207][info ][gc,metaspace] GC(197) Metaspace: 316493K(322496K)->316493K(322496K) NonClass: 279207K(282432K)->279207K(282432K) Class: 37285K(40064K)->37285K(40064K)
[2025-10-13T17:49:23.990-0700][1207][info ][gc          ] GC(197) Pause Young (Concurrent Start) (G1 Humongous Allocation) 31793M->29158M(184320M) 147.250ms
[2025-10-13T17:49:23.990-0700][1090][info ][gc          ] GC(198) Concurrent Mark Cycle
[2025-10-13T17:49:23.990-0700][1090][info ][gc,marking  ] GC(198) Concurrent Scan Root Regions
[2025-10-13T17:49:23.992-0700][1207][info ][gc,cpu      ] GC(197) User=12.84s Sys=0.15s Real=0.15s
[2025-10-13T17:49:23.994-0700][1207][info ][safepoint   ] Safepoint "G1TryInitiateConcMark", Time since last: 109507351 ns, Reaching safepoint: 3004897 ns, Cleanup: 5148 ns, At safepoint: 153089278 ns, Total: 156099323 ns
[2025-10-13T17:49:24.070-0700][1090][info ][gc,marking  ] GC(198) Concurrent Scan Root Regions 79.940ms
[2025-10-13T17:49:24.070-0700][1090][info ][gc,marking  ] GC(198) Concurrent Mark
[2025-10-13T17:49:24.070-0700][1090][info ][gc,marking  ] GC(198) Concurrent Mark From Roots
[2025-10-13T17:49:24.070-0700][1090][info ][gc,task     ] GC(198) Using 36 workers of 36 for marking
[2025-10-13T17:49:24.237-0700][1090][info ][gc,marking  ] GC(198) Concurrent Mark From Roots 166.933ms
[2025-10-13T17:49:24.237-0700][1090][info ][gc,marking  ] GC(198) Concurrent Preclean
[2025-10-13T17:49:24.246-0700][1090][info ][gc,marking  ] GC(198) Concurrent Preclean 8.623ms
[2025-10-13T17:49:24.272-0700][1207][info ][gc,start    ] GC(198) Pause Remark
[2025-10-13T17:49:24.478-0700][1207][info ][gc,mmu      ] GC(198) MMU target violated: 201.0ms (200.0ms/201.0ms)
[2025-10-13T17:49:24.478-0700][1207][info ][gc          ] GC(198) Pause Remark 32866M->32371M(184320M) 206.376ms
[2025-10-13T17:49:24.480-0700][1207][info ][gc,cpu      ] GC(198) User=14.21s Sys=0.00s Real=0.20s
[2025-10-13T17:49:24.482-0700][1207][info ][safepoint   ] Safepoint "G1PauseRemark", Time since last: 251911080 ns, Reaching safepoint: 24122401 ns, Cleanup: 6220 ns, At safepoint: 212382497 ns, Total: 236511118 ns
[2025-10-13T17:49:24.483-0700][1090][info ][gc,marking  ] GC(198) Concurrent Mark 413.008ms
[2025-10-13T17:49:24.483-0700][1090][info ][gc,marking  ] GC(198) Concurrent Rebuild Remembered Sets and Scrub Regions
[2025-10-13T17:49:24.746-0700][1090][info ][gc,marking  ] GC(198) Concurrent Rebuild Remembered Sets and Scrub Regions 262.534ms
[2025-10-13T17:49:24.748-0700][1207][info ][gc,start    ] GC(198) Pause Cleanup
[2025-10-13T17:49:24.750-0700][1207][info ][gc          ] GC(198) Pause Cleanup 35636M->35636M(184320M) 1.688ms
[2025-10-13T17:49:24.751-0700][1207][info ][gc,cpu      ] GC(198) User=0.02s Sys=0.01s Real=0.01s
[2025-10-13T17:49:24.751-0700][1207][info ][safepoint   ] Safepoint "G1PauseCleanup", Time since last: 263492656 ns, Reaching safepoint: 714401 ns, Cleanup: 41533 ns, At safepoint: 4832913 ns, Total: 5588847 ns
[2025-10-13T17:49:24.752-0700][1090][info ][gc,marking  ] GC(198) Concurrent Clear Claimed Marks
[2025-10-13T17:49:24.753-0700][1090][info ][gc,marking  ] GC(198) Concurrent Clear Claimed Marks 1.081ms
[2025-10-13T17:49:24.753-0700][1090][info ][gc,marking  ] GC(198) Concurrent Cleanup for Next Mark
[2025-10-13T17:49:24.781-0700][1090][info ][gc,marking  ] GC(198) Concurrent Cleanup for Next Mark 28.647ms
[2025-10-13T17:49:24.782-0700][1090][info ][gc          ] GC(198) Concurrent Mark Cycle 791.374ms
[2025-10-13T17:49:25.753-0700][1207][info ][safepoint   ] Safepoint "Cleanup", Time since last: 1000087337 ns, Reaching safepoint: 825720 ns, Cleanup: 9915 ns, At safepoint: 224960 ns, Total: 1060595 ns
[2025-10-13T17:49:27.374-0700][1207][info ][gc,start    ] GC(199) Pause Young (Prepare Mixed) (G1 Evacuation Pause)
[2025-10-13T17:49:27.374-0700][1207][info ][gc,task     ] GC(199) Using 113 workers of 113 for evacuation
[2025-10-13T17:49:27.387-0700][1207][debug][gc,remset   ] GC(199) Visited cards 8783360 Total dirty 42991616 (20.43%) Total old 204144640 (4.30%)
[2025-10-13T17:49:27.508-0700][1207][info ][gc,phases   ] GC(199)   Pre Evacuate Collection Set: 0.7ms
[2025-10-13T17:49:27.508-0700][1207][info ][gc,phases   ] GC(199)   Merge Heap Roots: 11.8ms
[2025-10-13T17:49:27.508-0700][1207][info ][gc,phases   ] GC(199)   Evacuate Collection Set: 111.6ms
[2025-10-13T17:49:27.508-0700][1207][info ][gc,phases   ] GC(199)   Post Evacuate Collection Set: 9.8ms
[2025-10-13T17:49:27.508-0700][1207][info ][gc,phases   ] GC(199)   Other: 0.1ms
[2025-10-13T17:49:27.508-0700][1207][debug][gc,remset   ] GC(199) Coarsening (recent): Inline->AoC 108939 (5) AoC->Howl 4903 (2) Howl->Full 0 (0) Inline->AoC 24406 (2) AoC->BitMap 4964 (3) BitMap->Full 0 (0) 
[2025-10-13T17:49:27.508-0700][1207][debug][gc,remset   ] GC(199) Coarsening (all): Inline->AoC 4964128 (144) AoC->Howl 142596 (484) Howl->Full 0 (0) Inline->AoC 649752 (152) AoC->BitMap 156528 (396) BitMap->Full 8 (0) 
[2025-10-13T17:49:27.508-0700][1207][info ][gc,heap     ] GC(199) Eden regions: 993->0(2192)
[2025-10-13T17:49:27.508-0700][1207][info ][gc,heap     ] GC(199) Survivor regions: 227->97(153)
[2025-10-13T17:49:27.508-0700][1207][info ][gc,heap     ] GC(199) Old regions: 669->761
[2025-10-13T17:49:27.508-0700][1207][info ][gc,heap     ] GC(199) Humongous regions: 6->0
[2025-10-13T17:49:27.508-0700][1207][info ][gc,metaspace] GC(199) Metaspace: 316437K(322496K)->316437K(322496K) NonClass: 279164K(282432K)->279164K(282432K) Class: 37272K(40064K)->37272K(40064K)
[2025-10-13T17:49:27.509-0700][1207][info ][gc          ] GC(199) Pause Young (Prepare Mixed) (G1 Evacuation Pause) 60632M->27441M(184320M) 134.177ms
[2025-10-13T17:49:27.510-0700][1207][info ][gc,cpu      ] GC(199) User=12.15s Sys=0.07s Real=0.14s
[2025-10-13T17:49:27.512-0700][1207][info ][safepoint   ] Safepoint "G1CollectForAllocation", Time since last: 1619073991 ns, Reaching safepoint: 934213 ns, Cleanup: 6750 ns, At safepoint: 139119830 ns, Total: 140060793 ns
[2025-10-13T17:49:28.513-0700][1207][info ][safepoint   ] Safepoint "Cleanup", Time since last: 1000091134 ns, Reaching safepoint: 881123 ns, Cleanup: 15443 ns, At safepoint: 569332 ns, Total: 1465898 ns
[2025-10-13T17:49:29.515-0700][1207][info ][safepoint   ] Safepoint "Cleanup", Time since last: 1000130733 ns, Reaching safepoint: 946322 ns, Cleanup: 49004 ns, At safepoint: 1016959 ns, Total: 2012285 ns
[2025-10-13T17:49:30.517-0700][1207][info ][safepoint   ] Safepoint "Cleanup", Time since last: 1000117203 ns, Reaching safepoint: 837287 ns, Cleanup: 15924 ns, At safepoint: 443941 ns, Total: 1297152 ns
[2025-10-13T17:49:31.519-0700][1207][info ][safepoint   ] Safepoint "Cleanup", Time since last: 1000109341 ns, Reaching safepoint: 837638 ns, Cleanup: 23566 ns, At safepoint: 1147566 ns, Total: 2008770 ns
[2025-10-13T17:49:33.523-0700][1207][info ][safepoint   ] Safepoint "Cleanup", Time since last: 2000216018 ns, Reaching safepoint: 1262400 ns, Cleanup: 29515 ns, At safepoint: 2389475 ns, Total: 3681390 ns
[2025-10-13T17:49:34.336-0700][1207][info ][gc,start    ] GC(200) Pause Young (Mixed) (G1 Evacuation Pause)
[2025-10-13T17:49:34.336-0700][1207][info ][gc,task     ] GC(200) Using 113 workers of 113 for evacuation
[2025-10-13T17:49:34.350-0700][1207][debug][gc,remset   ] GC(200) Visited cards 10198528 Total dirty 47841280 (21.32%) Total old 363921408 (2.80%)
[2025-10-13T17:49:34.460-0700][1207][info ][gc,phases   ] GC(200)   Pre Evacuate Collection Set: 0.7ms
[2025-10-13T17:49:34.460-0700][1207][info ][gc,phases   ] GC(200)   Merge Heap Roots: 13.3ms
[2025-10-13T17:49:34.461-0700][1207][info ][gc,phases   ] GC(200)   Evacuate Collection Set: 99.7ms
[2025-10-13T17:49:34.461-0700][1207][info ][gc,phases   ] GC(200)   Post Evacuate Collection Set: 10.9ms
[2025-10-13T17:49:34.461-0700][1207][info ][gc,phases   ] GC(200)   Other: 0.2ms
[2025-10-13T17:49:34.461-0700][1207][debug][gc,remset   ] GC(200) Coarsening (recent): Inline->AoC 18683 (2) AoC->Howl 291 (11) Howl->Full 0 (0) Inline->AoC 1046 (2) AoC->BitMap 194 (10) BitMap->Full 0 (0) 
[2025-10-13T17:49:34.461-0700][1207][debug][gc,remset   ] GC(200) Coarsening (all): Inline->AoC 4982811 (146) AoC->Howl 142887 (495) Howl->Full 0 (0) Inline->AoC 650798 (154) AoC->BitMap 156722 (406) BitMap->Full 8 (0) 
[2025-10-13T17:49:34.461-0700][1207][info ][gc,heap     ] GC(200) Eden regions: 2277->0(1842)
[2025-10-13T17:49:34.461-0700][1207][info ][gc,heap     ] GC(200) Survivor regions: 97->153(297)
[2025-10-13T17:49:34.461-0700][1207][info ][gc,heap     ] GC(200) Old regions: 761->748
[2025-10-13T17:49:34.461-0700][1207][info ][gc,heap     ] GC(200) Humongous regions: 20->0
[2025-10-13T17:49:34.461-0700][1207][info ][gc,metaspace] GC(200) Metaspace: 316547K(322560K)->316547K(322560K) NonClass: 279260K(282496K)->279260K(282496K) Class: 37287K(40064K)->37287K(40064K)
[2025-10-13T17:49:34.461-0700][1207][info ][gc          ] GC(200) Pause Young (Mixed) (G1 Evacuation Pause) 100945M->28811M(184320M) 125.010ms
[2025-10-13T17:49:34.462-0700][1207][info ][gc,cpu      ] GC(200) User=12.18s Sys=0.05s Real=0.13s
[2025-10-13T17:49:34.464-0700][1207][info ][safepoint   ] Safepoint "G1CollectForAllocation", Time since last: 810254431 ns, Reaching safepoint: 707971 ns, Cleanup: 14763 ns, At safepoint: 129857755 ns, Total: 130580489 ns
[2025-10-13T17:49:35.466-0700][1207][info ][safepoint   ] Safepoint "Cleanup", Time since last: 1000102921 ns, Reaching safepoint: 1062588 ns, Cleanup: 17296 ns, At safepoint: 694391 ns, Total: 1774275 ns
[2025-10-13T17:49:36.467-0700][1207][info ][safepoint   ] Safepoint "Cleanup", Time since last: 1000120177 ns, Reaching safepoint: 858479 ns, Cleanup: 13290 ns, At safepoint: 436490 ns, Total: 1308259 ns
[2025-10-13T17:49:37.469-0700][1207][info ][safepoint   ] Safepoint "Cleanup", Time since last: 1000111434 ns, Reaching safepoint: 934264 ns, Cleanup: 11828 ns, At safepoint: 771768 ns, Total: 1717860 ns
[2025-10-13T17:49:38.471-0700][1207][info ][safepoint   ] Safepoint "Cleanup", Time since last: 1000112205 ns, Reaching safepoint: 890738 ns, Cleanup: 13751 ns, At safepoint: 861623 ns, Total: 1766112 ns
[2025-10-13T17:49:39.473-0700][1207][info ][safepoint   ] Safepoint "Cleanup", Time since last: 1000105916 ns, Reaching safepoint: 941745 ns, Cleanup: 13821 ns, At safepoint: 992031 ns, Total: 1947597 ns
[2025-10-13T17:49:39.546-0700][1207][info ][gc,start    ] GC(201) Pause Young (Mixed) (G1 Evacuation Pause)
[2025-10-13T17:49:39.546-0700][1207][info ][gc,task     ] GC(201) Using 113 workers of 113 for evacuation
[2025-10-13T17:49:39.561-0700][1207][debug][gc,remset   ] GC(201) Visited cards 9982464 Total dirty 47054848 (21.21%) Total old 330170368 (3.02%)
[2025-10-13T17:49:39.690-0700][1207][info ][gc,phases   ] GC(201)   Pre Evacuate Collection Set: 0.7ms
[2025-10-13T17:49:39.690-0700][1207][info ][gc,phases   ] GC(201)   Merge Heap Roots: 13.4ms
[2025-10-13T17:49:39.690-0700][1207][info ][gc,phases   ] GC(201)   Evacuate Collection Set: 117.2ms
[2025-10-13T17:49:39.690-0700][1207][info ][gc,phases   ] GC(201)   Post Evacuate Collection Set: 11.8ms
[2025-10-13T17:49:39.690-0700][1207][info ][gc,phases   ] GC(201)   Other: 0.2ms
[2025-10-13T17:49:39.690-0700][1207][debug][gc,remset   ] GC(201) Coarsening (recent): Inline->AoC 12696 (0) AoC->Howl 90 (0) Howl->Full 0 (0) Inline->AoC 324 (0) AoC->BitMap 54 (0) BitMap->Full 0 (0) 
[2025-10-13T17:49:39.690-0700][1207][debug][gc,remset   ] GC(201) Coarsening (all): Inline->AoC 4995507 (146) AoC->Howl 142977 (495) Howl->Full 0 (0) Inline->AoC 651122 (154) AoC->BitMap 156776 (406) BitMap->Full 8 (0) 
[2025-10-13T17:49:39.690-0700][1207][info ][gc,heap     ] GC(201) Eden regions: 1973->0(2124)
[2025-10-13T17:49:39.690-0700][1207][info ][gc,heap     ] GC(201) Survivor regions: 153->153(266)
[2025-10-13T17:49:39.690-0700][1207][info ][gc,heap     ] GC(201) Old regions: 748->757
[2025-10-13T17:49:39.690-0700][1207][info ][gc,heap     ] GC(201) Humongous regions: 14->0
[2025-10-13T17:49:39.690-0700][1207][info ][gc,metaspace] GC(201) Metaspace: 316579K(322624K)->316579K(322624K) NonClass: 279291K(282560K)->279291K(282560K) Class: 37287K(40064K)->37287K(40064K)
[2025-10-13T17:49:39.690-0700][1207][info ][gc          ] GC(201) Pause Young (Mixed) (G1 Evacuation Pause) 92395M->29091M(184320M) 143.493ms
[2025-10-13T17:49:39.692-0700][1207][info ][gc,cpu      ] GC(201) User=13.32s Sys=0.01s Real=0.15s
[2025-10-13T17:49:39.693-0700][1207][info ][safepoint   ] Safepoint "G1CollectForAllocation", Time since last: 70735183 ns, Reaching safepoint: 1022207 ns, Cleanup: 6099 ns, At safepoint: 148473704 ns, Total: 149502010 ns
[2025-10-13T17:49:40.694-0700][1207][info ][safepoint   ] Safepoint "Cleanup", Time since last: 1000096912 ns, Reaching safepoint: 881394 ns, Cleanup: 19620 ns, At safepoint: 246252 ns, Total: 1147266 ns
[2025-10-13T17:49:41.696-0700][1207][info ][safepoint   ] Safepoint "Cleanup", Time since last: 1000106667 ns, Reaching safepoint: 855485 ns, Cleanup: 24977 ns, At safepoint: 282888 ns, Total: 1163350 ns
[2025-10-13T17:49:43.697-0700][1207][info ][safepoint   ] Safepoint "Cleanup", Time since last: 2000181380 ns, Reaching safepoint: 878810 ns, Cleanup: 13240 ns, At safepoint: 289979 ns, Total: 1182029 ns
[2025-10-13T17:49:44.707-0700][1207][info ][safepoint   ] Safepoint "Cleanup", Time since last: 1000118288 ns, Reaching safepoint: 8210226 ns, Cleanup: 12620 ns, At safepoint: 2143003 ns, Total: 10365849 ns
[2025-10-13T17:49:45.395-0700][1207][info ][gc,start    ] GC(202) Pause Young (Mixed) (G1 Evacuation Pause)
[2025-10-13T17:49:45.395-0700][1207][info ][gc,task     ] GC(202) Using 113 workers of 113 for evacuation
[2025-10-13T17:49:45.408-0700][1207][debug][gc,remset   ] GC(202) Visited cards 10032128 Total dirty 47775744 (21.00%) Total old 362086400 (2.77%)
[2025-10-13T17:49:45.538-0700][1207][info ][gc,phases   ] GC(202)   Pre Evacuate Collection Set: 0.7ms
[2025-10-13T17:49:45.538-0700][1207][info ][gc,phases   ] GC(202)   Merge Heap Roots: 12.7ms
[2025-10-13T17:49:45.538-0700][1207][info ][gc,phases   ] GC(202)   Evacuate Collection Set: 117.7ms
[2025-10-13T17:49:45.538-0700][1207][info ][gc,phases   ] GC(202)   Post Evacuate Collection Set: 12.1ms
[2025-10-13T17:49:45.538-0700][1207][info ][gc,phases   ] GC(202)   Other: 0.2ms
[2025-10-13T17:49:45.538-0700][1207][debug][gc,remset   ] GC(202) Coarsening (recent): Inline->AoC 15189 (0) AoC->Howl 304 (0) Howl->Full 0 (0) Inline->AoC 1025 (0) AoC->BitMap 254 (0) BitMap->Full 0 (0) 
[2025-10-13T17:49:45.538-0700][1207][debug][gc,remset   ] GC(202) Coarsening (all): Inline->AoC 5010696 (146) AoC->Howl 143281 (495) Howl->Full 0 (0) Inline->AoC 652147 (154) AoC->BitMap 157030 (406) BitMap->Full 8 (0) 
[2025-10-13T17:49:45.538-0700][1207][info ][gc,heap     ] GC(202) Eden regions: 2214->0(1969)
[2025-10-13T17:49:45.538-0700][1207][info ][gc,heap     ] GC(202) Survivor regions: 153->193(296)
[2025-10-13T17:49:45.538-0700][1207][info ][gc,heap     ] GC(202) Old regions: 757->739
[2025-10-13T17:49:45.538-0700][1207][info ][gc,heap     ] GC(202) Humongous regions: 10->0
[2025-10-13T17:49:45.538-0700][1207][info ][gc,metaspace] GC(202) Metaspace: 316585K(322624K)->316585K(322624K) NonClass: 279297K(282560K)->279297K(282560K) Class: 37287K(40064K)->37287K(40064K)
[2025-10-13T17:49:45.538-0700][1207][info ][gc          ] GC(202) Pause Young (Mixed) (G1 Evacuation Pause) 100259M->29807M(184320M) 143.502ms
[2025-10-13T17:49:45.540-0700][1207][info ][gc,cpu      ] GC(202) User=13.70s Sys=0.01s Real=0.14s
[2025-10-13T17:49:45.541-0700][1207][info ][safepoint   ] Safepoint "G1CollectForAllocation", Time since last: 684899605 ns, Reaching safepoint: 851939 ns, Cleanup: 4797 ns, At safepoint: 148232470 ns, Total: 149089206 ns
[2025-10-13T17:49:46.543-0700][1207][info ][safepoint   ] Safepoint "Cleanup", Time since last: 1000091618 ns, Reaching safepoint: 908735 ns, Cleanup: 15594 ns, At safepoint: 331361 ns, Total: 1255690 ns
[2025-10-13T17:49:47.545-0700][1207][info ][safepoint   ] Safepoint "Cleanup", Time since last: 1000121523 ns, Reaching safepoint: 1646061 ns, Cleanup: 14212 ns, At safepoint: 900413 ns, Total: 2560686 ns
[2025-10-13T17:49:48.547-0700][1207][info ][safepoint   ] Safepoint "Cleanup", Time since last: 1000113931 ns, Reaching safepoint: 1127146 ns, Cleanup: 18227 ns, At safepoint: 820913 ns, Total: 1966286 ns
[2025-10-13T17:49:49.550-0700][1207][info ][safepoint   ] Safepoint "Cleanup", Time since last: 1000109885 ns, Reaching safepoint: 1414621 ns, Cleanup: 36535 ns, At safepoint: 1006604 ns, Total: 2457760 ns
[2025-10-13T17:49:50.559-0700][1207][info ][safepoint   ] Safepoint "Cleanup", Time since last: 1000104627 ns, Reaching safepoint: 7180588 ns, Cleanup: 13891 ns, At safepoint: 1964022 ns, Total: 9158501 ns
[2025-10-13T17:49:51.927-0700][1207][info ][gc,start    ] GC(203) Pause Young (Mixed) (G1 Evacuation Pause)
[2025-10-13T17:49:51.927-0700][1207][info ][gc,task     ] GC(203) Using 113 workers of 113 for evacuation
[2025-10-13T17:49:51.941-0700][1207][debug][gc,remset   ] GC(203) Visited cards 9946368 Total dirty 46071808 (21.59%) Total old 346226688 (2.87%)
[2025-10-13T17:49:52.073-0700][1207][info ][gc,phases   ] GC(203)   Pre Evacuate Collection Set: 0.7ms
[2025-10-13T17:49:52.073-0700][1207][info ][gc,phases   ] GC(203)   Merge Heap Roots: 13.6ms
[2025-10-13T17:49:52.073-0700][1207][info ][gc,phases   ] GC(203)   Evacuate Collection Set: 119.3ms
[2025-10-13T17:49:52.073-0700][1207][info ][gc,phases   ] GC(203)   Post Evacuate Collection Set: 12.3ms
[2025-10-13T17:49:52.073-0700][1207][info ][gc,phases   ] GC(203)   Other: 0.1ms
[2025-10-13T17:49:52.073-0700][1207][debug][gc,remset   ] GC(203) Coarsening (recent): Inline->AoC 16516 (0) AoC->Howl 140 (0) Howl->Full 0 (0) Inline->AoC 693 (0) AoC->BitMap 41 (0) BitMap->Full 0 (0) 
[2025-10-13T17:49:52.073-0700][1207][debug][gc,remset   ] GC(203) Coarsening (all): Inline->AoC 5027212 (146) AoC->Howl 143421 (495) Howl->Full 0 (0) Inline->AoC 652840 (154) AoC->BitMap 157071 (406) BitMap->Full 8 (0) 
[2025-10-13T17:49:52.073-0700][1207][info ][gc,heap     ] GC(203) Eden regions: 2061->0(2558)
[2025-10-13T17:49:52.073-0700][1207][info ][gc,heap     ] GC(203) Survivor regions: 193->153(282)
[2025-10-13T17:49:52.073-0700][1207][info ][gc,heap     ] GC(203) Old regions: 739->769
[2025-10-13T17:49:52.073-0700][1207][info ][gc,heap     ] GC(203) Humongous regions: 12->0
[2025-10-13T17:49:52.073-0700][1207][info ][gc,metaspace] GC(203) Metaspace: 316639K(322688K)->316639K(322688K) NonClass: 279351K(282624K)->279351K(282624K) Class: 37287K(40064K)->37287K(40064K)
[2025-10-13T17:49:52.073-0700][1207][info ][gc          ] GC(203) Pause Young (Mixed) (G1 Evacuation Pause) 96143M->29497M(184320M) 146.196ms
[2025-10-13T17:49:52.075-0700][1207][info ][gc,cpu      ] GC(203) User=13.96s Sys=0.08s Real=0.15s
[2025-10-13T17:49:52.076-0700][1207][info ][safepoint   ] Safepoint "G1CollectForAllocation", Time since last: 1365053147 ns, Reaching safepoint: 871599 ns, Cleanup: 16355 ns, At safepoint: 150888870 ns, Total: 151776824 ns
[2025-10-13T17:49:56.078-0700][1207][info ][safepoint   ] Safepoint "Cleanup", Time since last: 4000226418 ns, Reaching safepoint: 859491 ns, Cleanup: 14462 ns, At safepoint: 248716 ns, Total: 1122669 ns
[2025-10-13T17:49:57.079-0700][1207][info ][safepoint   ] Safepoint "Cleanup", Time since last: 1000114012 ns, Reaching safepoint: 863707 ns, Cleanup: 16144 ns, At safepoint: 251170 ns, Total: 1131021 ns
[2025-10-13T17:49:58.080-0700][1207][info ][safepoint   ] Safepoint "Cleanup", Time since last: 1000103155 ns, Reaching safepoint: 943338 ns, Cleanup: 15754 ns, At safepoint: 208045 ns, Total: 1167137 ns
[2025-10-13T17:49:59.081-0700][1207][info ][safepoint   ] Safepoint "Cleanup", Time since last: 1000103005 ns, Reaching safepoint: 854413 ns, Cleanup: 47972 ns, At safepoint: 260795 ns, Total: 1163180 ns
[2025-10-13T17:49:59.713-0700][1207][info ][gc,start    ] GC(204) Pause Young (Mixed) (G1 Evacuation Pause)
[2025-10-13T17:49:59.713-0700][1207][info ][gc,task     ] GC(204) Using 113 workers of 113 for evacuation
[2025-10-13T17:49:59.728-0700][1207][debug][gc,remset   ] GC(204) Visited cards 11587584 Total dirty 49414144 (23.45%) Total old 413794304 (2.80%)
[2025-10-13T17:49:59.872-0700][1207][info ][gc,phases   ] GC(204)   Pre Evacuate Collection Set: 0.7ms
[2025-10-13T17:49:59.872-0700][1207][info ][gc,phases   ] GC(204)   Merge Heap Roots: 14.0ms
[2025-10-13T17:49:59.872-0700][1207][info ][gc,phases   ] GC(204)   Evacuate Collection Set: 131.6ms
[2025-10-13T17:49:59.872-0700][1207][info ][gc,phases   ] GC(204)   Post Evacuate Collection Set: 12.9ms
[2025-10-13T17:49:59.872-0700][1207][info ][gc,phases   ] GC(204)   Other: 0.2ms
[2025-10-13T17:49:59.873-0700][1207][debug][gc,remset   ] GC(204) Coarsening (recent): Inline->AoC 23104 (0) AoC->Howl 188 (0) Howl->Full 0 (0) Inline->AoC 801 (0) AoC->BitMap 102 (0) BitMap->Full 0 (0) 
[2025-10-13T17:49:59.873-0700][1207][debug][gc,remset   ] GC(204) Coarsening (all): Inline->AoC 5050316 (146) AoC->Howl 143609 (495) Howl->Full 0 (0) Inline->AoC 653641 (154) AoC->BitMap 157173 (406) BitMap->Full 8 (0) 
[2025-10-13T17:49:59.873-0700][1207][info ][gc,heap     ] GC(204) Eden regions: 2595->0(2172)
[2025-10-13T17:49:59.873-0700][1207][info ][gc,heap     ] GC(204) Survivor regions: 153->212(344)
[2025-10-13T17:49:59.873-0700][1207][info ][gc,heap     ] GC(204) Old regions: 769->753
[2025-10-13T17:49:59.873-0700][1207][info ][gc,heap     ] GC(204) Humongous regions: 25->0
[2025-10-13T17:49:59.873-0700][1207][info ][gc,metaspace] GC(204) Metaspace: 316643K(322688K)->316643K(322688K) NonClass: 279355K(282624K)->279355K(282624K) Class: 37288K(40064K)->37288K(40064K)
[2025-10-13T17:49:59.873-0700][1207][info ][gc          ] GC(204) Pause Young (Mixed) (G1 Evacuation Pause) 113337M->30877M(184320M) 159.543ms
[2025-10-13T17:49:59.874-0700][1207][info ][gc,cpu      ] GC(204) User=14.61s Sys=0.20s Real=0.16s
[2025-10-13T17:49:59.876-0700][1207][info ][safepoint   ] Safepoint "G1CollectForAllocation", Time since last: 629099862 ns, Reaching safepoint: 858179 ns, Cleanup: 33821 ns, At safepoint: 164447171 ns, Total: 165339171 ns
[2025-10-13T17:50:00.877-0700][1207][info ][safepoint   ] Safepoint "Cleanup", Time since last: 1000090726 ns, Reaching safepoint: 905540 ns, Cleanup: 18869 ns, At safepoint: 591285 ns, Total: 1515694 ns
[2025-10-13T17:50:01.880-0700][1207][info ][safepoint   ] Safepoint "Cleanup", Time since last: 1000118408 ns, Reaching safepoint: 1168418 ns, Cleanup: 33711 ns, At safepoint: 885671 ns, Total: 2087800 ns
[2025-10-13T17:50:04.881-0700][1207][info ][safepoint   ] Safepoint "Cleanup", Time since last: 3000238017 ns, Reaching safepoint: 855024 ns, Cleanup: 10125 ns, At safepoint: 253634 ns, Total: 1118783 ns
[2025-10-13T17:50:05.882-0700][1207][info ][safepoint   ] Safepoint "Cleanup", Time since last: 1000106881 ns, Reaching safepoint: 780020 ns, Cleanup: 16054 ns, At safepoint: 221255 ns, Total: 1017329 ns
[2025-10-13T17:50:06.111-0700][1207][info ][gc,start    ] GC(205) Pause Young (Mixed) (G1 Evacuation Pause)
[2025-10-13T17:50:06.112-0700][1207][info ][gc,task     ] GC(205) Using 113 workers of 113 for evacuation
[2025-10-13T17:50:06.126-0700][1207][debug][gc,remset   ] GC(205) Visited cards 10635520 Total dirty 47513600 (22.38%) Total old 365166592 (2.91%)
[2025-10-13T17:50:06.276-0700][1207][debug][gc,remset   ] GC(205) Visited cards 574464 Total dirty 32374784 (1.77%) Total old 381288448 (0.15%)
[2025-10-13T17:50:06.294-0700][1207][info ][gc,phases   ] GC(205)   Pre Evacuate Collection Set: 0.8ms
[2025-10-13T17:50:06.294-0700][1207][info ][gc,phases   ] GC(205)   Merge Heap Roots: 13.2ms
[2025-10-13T17:50:06.294-0700][1207][info ][gc,phases   ] GC(205)   Evacuate Collection Set: 149.8ms
[2025-10-13T17:50:06.294-0700][1207][info ][gc,phases   ] GC(205)   Merge Optional Heap Roots: 0.9ms
[2025-10-13T17:50:06.294-0700][1207][info ][gc,phases   ] GC(205)   Evacuate Optional Collection Set: 3.1ms
[2025-10-13T17:50:06.294-0700][1207][info ][gc,phases   ] GC(205)   Post Evacuate Collection Set: 14.4ms
[2025-10-13T17:50:06.294-0700][1207][info ][gc,phases   ] GC(205)   Other: 0.2ms
[2025-10-13T17:50:06.294-0700][1207][debug][gc,remset   ] GC(205) Coarsening (recent): Inline->AoC 35746 (0) AoC->Howl 153 (0) Howl->Full 0 (0) Inline->AoC 757 (0) AoC->BitMap 53 (0) BitMap->Full 0 (0) 
[2025-10-13T17:50:06.294-0700][1207][debug][gc,remset   ] GC(205) Coarsening (all): Inline->AoC 5086062 (146) AoC->Howl 143762 (495) Howl->Full 0 (0) Inline->AoC 654398 (154) AoC->BitMap 157226 (406) BitMap->Full 8 (0) 
[2025-10-13T17:50:06.294-0700][1207][info ][gc,heap     ] GC(205) Eden regions: 2179->0(2635)
[2025-10-13T17:50:06.294-0700][1207][info ][gc,heap     ] GC(205) Survivor regions: 212->170(299)
[2025-10-13T17:50:06.294-0700][1207][info ][gc,heap     ] GC(205) Old regions: 753->798
[2025-10-13T17:50:06.294-0700][1207][info ][gc,heap     ] GC(205) Humongous regions: 13->0
[2025-10-13T17:50:06.294-0700][1207][info ][gc,metaspace] GC(205) Metaspace: 316670K(322688K)->316670K(322688K) NonClass: 279380K(282624K)->279380K(282624K) Class: 37289K(40064K)->37289K(40064K)
[2025-10-13T17:50:06.294-0700][1207][info ][gc          ] GC(205) Pause Young (Mixed) (G1 Evacuation Pause) 101021M->30932M(184320M) 182.486ms
[2025-10-13T17:50:06.296-0700][1207][info ][gc,cpu      ] GC(205) User=16.52s Sys=0.27s Real=0.18s
[2025-10-13T17:50:06.297-0700][1207][info ][safepoint   ] Safepoint "G1CollectForAllocation", Time since last: 226751649 ns, Reaching safepoint: 945791 ns, Cleanup: 4797 ns, At safepoint: 187370536 ns, Total: 188321124 ns
[2025-10-13T17:50:08.298-0700][1207][info ][safepoint   ] Safepoint "Cleanup", Time since last: 2000104515 ns, Reaching safepoint: 780592 ns, Cleanup: 20811 ns, At safepoint: 235717 ns, Total: 1037120 ns
[2025-10-13T17:50:11.300-0700][1207][info ][safepoint   ] Safepoint "Cleanup", Time since last: 3000230055 ns, Reaching safepoint: 922156 ns, Cleanup: 19369 ns, At safepoint: 225191 ns, Total: 1166716 ns
[2025-10-13T17:50:12.301-0700][1207][info ][safepoint   ] Safepoint "Cleanup", Time since last: 1000112920 ns, Reaching safepoint: 810086 ns, Cleanup: 17656 ns, At safepoint: 201996 ns, Total: 1029738 ns
[2025-10-13T17:50:13.302-0700][1207][info ][safepoint   ] Safepoint "Cleanup", Time since last: 1000099339 ns, Reaching safepoint: 862305 ns, Cleanup: 19890 ns, At safepoint: 262578 ns, Total: 1144773 ns
[2025-10-13T17:50:14.198-0700][1207][info ][gc,start    ] GC(206) Pause Young (Mixed) (G1 Evacuation Pause)
[2025-10-13T17:50:14.198-0700][1207][info ][gc,task     ] GC(206) Using 113 workers of 113 for evacuation
[2025-10-13T17:50:14.213-0700][1207][debug][gc,remset   ] GC(206) Visited cards 11668224 Total dirty 51314688 (22.74%) Total old 425459712 (2.74%)
[2025-10-13T17:50:14.358-0700][1207][info ][gc,phases   ] GC(206)   Pre Evacuate Collection Set: 0.8ms
[2025-10-13T17:50:14.358-0700][1207][info ][gc,phases   ] GC(206)   Merge Heap Roots: 13.7ms
[2025-10-13T17:50:14.358-0700][1207][info ][gc,phases   ] GC(206)   Evacuate Collection Set: 130.1ms
[2025-10-13T17:50:14.358-0700][1207][info ][gc,phases   ] GC(206)   Post Evacuate Collection Set: 15.1ms
[2025-10-13T17:50:14.358-0700][1207][info ][gc,phases   ] GC(206)   Other: 0.2ms
[2025-10-13T17:50:14.358-0700][1207][debug][gc,remset   ] GC(206) Coarsening (recent): Inline->AoC 39631 (0) AoC->Howl 160 (0) Howl->Full 0 (0) Inline->AoC 684 (0) AoC->BitMap 79 (0) BitMap->Full 0 (0) 
[2025-10-13T17:50:14.358-0700][1207][debug][gc,remset   ] GC(206) Coarsening (all): Inline->AoC 5125693 (146) AoC->Howl 143922 (495) Howl->Full 0 (0) Inline->AoC 655082 (154) AoC->BitMap 157305 (406) BitMap->Full 8 (0) 
[2025-10-13T17:50:14.358-0700][1207][info ][gc,heap     ] GC(206) Eden regions: 2655->0(2378)
[2025-10-13T17:50:14.358-0700][1207][info ][gc,heap     ] GC(206) Survivor regions: 170->213(354)
[2025-10-13T17:50:14.358-0700][1207][info ][gc,heap     ] GC(206) Old regions: 798->785
[2025-10-13T17:50:14.358-0700][1207][info ][gc,heap     ] GC(206) Humongous regions: 20->0
[2025-10-13T17:50:14.358-0700][1207][info ][gc,metaspace] GC(206) Metaspace: 316675K(322688K)->316675K(322688K) NonClass: 279384K(282624K)->279384K(282624K) Class: 37290K(40064K)->37290K(40064K)
[2025-10-13T17:50:14.358-0700][1207][info ][gc          ] GC(206) Pause Young (Mixed) (G1 Evacuation Pause) 116532M->31911M(184320M) 160.016ms
[2025-10-13T17:50:14.360-0700][1207][info ][gc,cpu      ] GC(206) User=15.32s Sys=0.23s Real=0.16s
[2025-10-13T17:50:14.361-0700][1207][info ][safepoint   ] Safepoint "G1CollectForAllocation", Time since last: 893293098 ns, Reaching safepoint: 943067 ns, Cleanup: 19189 ns, At safepoint: 164801447 ns, Total: 165763703 ns
[2025-10-13T17:50:15.363-0700][1207][info ][safepoint   ] Safepoint "Cleanup", Time since last: 1000089955 ns, Reaching safepoint: 878320 ns, Cleanup: 16384 ns, At safepoint: 471995 ns, Total: 1366699 ns
[2025-10-13T17:50:16.364-0700][1207][info ][safepoint   ] Safepoint "Cleanup", Time since last: 1000107221 ns, Reaching safepoint: 888825 ns, Cleanup: 25449 ns, At safepoint: 536472 ns, Total: 1450746 ns
[2025-10-13T17:50:18.374-0700][1207][info ][safepoint   ] Safepoint "Cleanup", Time since last: 2000170125 ns, Reaching safepoint: 7094728 ns, Cleanup: 13851 ns, At safepoint: 2514736 ns, Total: 9623315 ns
[2025-10-13T17:50:19.376-0700][1207][info ][safepoint   ] Safepoint "Cleanup", Time since last: 1000140181 ns, Reaching safepoint: 738067 ns, Cleanup: 11988 ns, At safepoint: 1442723 ns, Total: 2192778 ns
[2025-10-13T17:50:20.378-0700][1207][info ][safepoint   ] Safepoint "Cleanup", Time since last: 1000123797 ns, Reaching safepoint: 865109 ns, Cleanup: 10907 ns, At safepoint: 905570 ns, Total: 1781586 ns
[2025-10-13T17:50:21.380-0700][1207][info ][safepoint   ] Safepoint "Cleanup", Time since last: 1000083205 ns, Reaching safepoint: 964049 ns, Cleanup: 22694 ns, At safepoint: 1010730 ns, Total: 1997473 ns
[2025-10-13T17:50:22.382-0700][1207][info ][safepoint   ] Safepoint "Cleanup", Time since last: 1000113981 ns, Reaching safepoint: 856927 ns, Cleanup: 33191 ns, At safepoint: 756004 ns, Total: 1646122 ns
[2025-10-13T17:50:23.980-0700][1207][info ][gc,start    ] GC(207) Pause Young (Mixed) (G1 Evacuation Pause)
[2025-10-13T17:50:23.980-0700][1207][info ][gc,task     ] GC(207) Using 113 workers of 113 for evacuation
[2025-10-13T17:50:23.995-0700][1207][debug][gc,remset   ] GC(207) Visited cards 10968320 Total dirty 50921472 (21.54%) Total old 397017088 (2.76%)
[2025-10-13T17:50:24.160-0700][1207][info ][gc,phases   ] GC(207)   Pre Evacuate Collection Set: 0.8ms
[2025-10-13T17:50:24.160-0700][1207][info ][gc,phases   ] GC(207)   Merge Heap Roots: 13.6ms
[2025-10-13T17:50:24.160-0700][1207][info ][gc,phases   ] GC(207)   Evacuate Collection Set: 151.2ms
[2025-10-13T17:50:24.161-0700][1207][info ][gc,phases   ] GC(207)   Post Evacuate Collection Set: 14.6ms
[2025-10-13T17:50:24.161-0700][1207][info ][gc,phases   ] GC(207)   Other: 0.1ms
[2025-10-13T17:50:24.161-0700][1207][debug][gc,remset   ] GC(207) Coarsening (recent): Inline->AoC 39645 (0) AoC->Howl 195 (0) Howl->Full 0 (0) Inline->AoC 1003 (0) AoC->BitMap 119 (0) BitMap->Full 0 (0) 
[2025-10-13T17:50:24.161-0700][1207][debug][gc,remset   ] GC(207) Coarsening (all): Inline->AoC 5165338 (146) AoC->Howl 144117 (495) Howl->Full 0 (0) Inline->AoC 656085 (154) AoC->BitMap 157424 (406) BitMap->Full 8 (0) 
[2025-10-13T17:50:24.161-0700][1207][info ][gc,heap     ] GC(207) Eden regions: 2405->0(2713)
[2025-10-13T17:50:24.161-0700][1207][info ][gc,heap     ] GC(207) Survivor regions: 213->224(328)
[2025-10-13T17:50:24.161-0700][1207][info ][gc,heap     ] GC(207) Old regions: 785->807
[2025-10-13T17:50:24.161-0700][1207][info ][gc,heap     ] GC(207) Humongous regions: 22->0
[2025-10-13T17:50:24.161-0700][1207][info ][gc,metaspace] GC(207) Metaspace: 316694K(322752K)->316694K(322752K) NonClass: 279401K(282688K)->279401K(282688K) Class: 37292K(40064K)->37292K(40064K)
[2025-10-13T17:50:24.161-0700][1207][info ][gc          ] GC(207) Pause Young (Mixed) (G1 Evacuation Pause) 109575M->32985M(184320M) 180.577ms
[2025-10-13T17:50:24.162-0700][1207][info ][gc,cpu      ] GC(207) User=17.44s Sys=0.18s Real=0.19s
[2025-10-13T17:50:24.164-0700][1207][info ][safepoint   ] Safepoint "G1CollectForAllocation", Time since last: 1595444453 ns, Reaching safepoint: 872651 ns, Cleanup: 17486 ns, At safepoint: 185212339 ns, Total: 186102476 ns
[2025-10-13T17:50:25.004-0700][1207][info ][gc,start    ] GC(208) Pause Young (Concurrent Start) (G1 Humongous Allocation)
[2025-10-13T17:50:25.005-0700][1207][info ][gc,task     ] GC(208) Using 113 workers of 113 for evacuation
[2025-10-13T17:50:25.017-0700][1207][debug][gc,remset   ] GC(208) Visited cards 9808896 Total dirty 50855936 (19.29%) Total old 122093568 (8.03%)
[2025-10-13T17:50:25.158-0700][1207][info ][gc,phases   ] GC(208)   Pre Evacuate Collection Set: 0.9ms
[2025-10-13T17:50:25.158-0700][1207][info ][gc,phases   ] GC(208)   Merge Heap Roots: 11.1ms
[2025-10-13T17:50:25.158-0700][1207][info ][gc,phases   ] GC(208)   Evacuate Collection Set: 131.8ms
[2025-10-13T17:50:25.158-0700][1207][info ][gc,phases   ] GC(208)   Post Evacuate Collection Set: 9.1ms
[2025-10-13T17:50:25.158-0700][1207][info ][gc,phases   ] GC(208)   Other: 0.1ms
[2025-10-13T17:50:25.158-0700][1207][debug][gc,remset   ] GC(208) Coarsening (recent): Inline->AoC 0 (0) AoC->Howl 0 (0) Howl->Full 0 (0) Inline->AoC 0 (0) AoC->BitMap 0 (0) BitMap->Full 0 (0) 
[2025-10-13T17:50:25.158-0700][1207][debug][gc,remset   ] GC(208) Coarsening (all): Inline->AoC 5165338 (146) AoC->Howl 144117 (495) Howl->Full 0 (0) Inline->AoC 656085 (154) AoC->BitMap 157424 (406) BitMap->Full 8 (0) 
[2025-10-13T17:50:25.158-0700][1207][info ][gc,heap     ] GC(208) Eden regions: 304->0(3216)
[2025-10-13T17:50:25.158-0700][1207][info ][gc,heap     ] GC(208) Survivor regions: 224->182(380)
[2025-10-13T17:50:25.158-0700][1207][info ][gc,heap     ] GC(208) Old regions: 807->854
[2025-10-13T17:50:25.158-0700][1207][info ][gc,heap     ] GC(208) Humongous regions: 0->0
[2025-10-13T17:50:25.158-0700][1207][info ][gc,metaspace] GC(208) Metaspace: 316695K(322752K)->316695K(322752K) NonClass: 279403K(282688K)->279403K(282688K) Class: 37292K(40064K)->37292K(40064K)
[2025-10-13T17:50:25.158-0700][1207][info ][gc          ] GC(208) Pause Young (Concurrent Start) (G1 Humongous Allocation) 42713M->33147M(184320M) 153.217ms
[2025-10-13T17:50:25.158-0700][1090][info ][gc          ] GC(209) Concurrent Mark Cycle
[2025-10-13T17:50:25.158-0700][1090][info ][gc,marking  ] GC(209) Concurrent Scan Root Regions
[2025-10-13T17:50:25.161-0700][1207][info ][gc,cpu      ] GC(208) User=13.85s Sys=0.06s Real=0.16s
[2025-10-13T17:50:25.163-0700][1207][info ][safepoint   ] Safepoint "G1TryInitiateConcMark", Time since last: 838200365 ns, Reaching safepoint: 989668 ns, Cleanup: 28584 ns, At safepoint: 159904274 ns, Total: 160922526 ns
[2025-10-13T17:50:25.256-0700][1090][info ][gc,marking  ] GC(209) Concurrent Scan Root Regions 97.692ms
[2025-10-13T17:50:25.256-0700][1090][info ][gc,marking  ] GC(209) Concurrent Mark
[2025-10-13T17:50:25.256-0700][1090][info ][gc,marking  ] GC(209) Concurrent Mark From Roots
[2025-10-13T17:50:25.256-0700][1090][info ][gc,task     ] GC(209) Using 36 workers of 36 for marking
[2025-10-13T17:50:25.448-0700][1090][info ][gc,marking  ] GC(209) Concurrent Mark From Roots 192.371ms
[2025-10-13T17:50:25.448-0700][1090][info ][gc,marking  ] GC(209) Concurrent Preclean
[2025-10-13T17:50:25.458-0700][1090][info ][gc,marking  ] GC(209) Concurrent Preclean 9.482ms
[2025-10-13T17:50:25.460-0700][1207][info ][gc,start    ] GC(209) Pause Remark
[2025-10-13T17:50:25.608-0700][1207][info ][gc          ] GC(209) Pause Remark 37928M->37576M(184320M) 147.507ms
[2025-10-13T17:50:25.610-0700][1207][info ][gc,cpu      ] GC(209) User=12.99s Sys=0.00s Real=0.14s
[2025-10-13T17:50:25.613-0700][1207][info ][safepoint   ] Safepoint "G1PauseRemark", Time since last: 295143249 ns, Reaching safepoint: 873412 ns, Cleanup: 15193 ns, At safepoint: 153920178 ns, Total: 154808783 ns
[2025-10-13T17:50:25.613-0700][1090][info ][gc,marking  ] GC(209) Concurrent Mark 357.228ms
[2025-10-13T17:50:25.613-0700][1090][info ][gc,marking  ] GC(209) Concurrent Rebuild Remembered Sets and Scrub Regions
[2025-10-13T17:50:25.940-0700][1090][info ][gc,marking  ] GC(209) Concurrent Rebuild Remembered Sets and Scrub Regions 326.776ms
[2025-10-13T17:50:25.943-0700][1207][info ][gc,start    ] GC(209) Pause Cleanup
[2025-10-13T17:50:25.945-0700][1207][info ][gc          ] GC(209) Pause Cleanup 40347M->40347M(184320M) 1.913ms
[2025-10-13T17:50:25.946-0700][1207][info ][gc,cpu      ] GC(209) User=0.02s Sys=0.00s Real=0.00s
[2025-10-13T17:50:25.947-0700][1207][info ][safepoint   ] Safepoint "G1PauseCleanup", Time since last: 327351677 ns, Reaching safepoint: 978511 ns, Cleanup: 21042 ns, At safepoint: 5587626 ns, Total: 6587179 ns
[2025-10-13T17:50:25.947-0700][1090][info ][gc,marking  ] GC(209) Concurrent Clear Claimed Marks
[2025-10-13T17:50:25.948-0700][1090][info ][gc,marking  ] GC(209) Concurrent Clear Claimed Marks 1.039ms
[2025-10-13T17:50:25.948-0700][1090][info ][gc,marking  ] GC(209) Concurrent Cleanup for Next Mark
[2025-10-13T17:50:25.979-0700][1090][info ][gc,marking  ] GC(209) Concurrent Cleanup for Next Mark 31.325ms
[2025-10-13T17:50:25.979-0700][1090][info ][gc          ] GC(209) Concurrent Mark Cycle 820.953ms
[2025-10-13T17:50:28.948-0700][1207][info ][safepoint   ] Safepoint "Cleanup", Time since last: 3000208352 ns, Reaching safepoint: 1143521 ns, Cleanup: 13100 ns, At safepoint: 233674 ns, Total: 1390295 ns
[2025-10-13T17:50:30.949-0700][1207][info ][safepoint   ] Safepoint "Cleanup", Time since last: 2000141612 ns, Reaching safepoint: 698056 ns, Cleanup: 12699 ns, At safepoint: 102486 ns, Total: 813241 ns
[2025-10-13T17:50:31.950-0700][1207][info ][safepoint   ] Safepoint "Cleanup", Time since last: 1000117086 ns, Reaching safepoint: 799550 ns, Cleanup: 12208 ns, At safepoint: 246203 ns, Total: 1057961 ns
[2025-10-13T17:50:33.726-0700][1207][info ][gc,start    ] GC(210) Pause Young (Prepare Mixed) (G1 Evacuation Pause)
[2025-10-13T17:50:33.727-0700][1207][info ][gc,task     ] GC(210) Using 113 workers of 113 for evacuation
[2025-10-13T17:50:33.740-0700][1207][debug][gc,remset   ] GC(210) Visited cards 9796096 Total dirty 53805056 (18.21%) Total old 482738176 (2.03%)
[2025-10-13T17:50:33.879-0700][1207][info ][gc,phases   ] GC(210)   Pre Evacuate Collection Set: 0.7ms
[2025-10-13T17:50:33.879-0700][1207][info ][gc,phases   ] GC(210)   Merge Heap Roots: 12.3ms
[2025-10-13T17:50:33.879-0700][1207][info ][gc,phases   ] GC(210)   Evacuate Collection Set: 125.1ms
[2025-10-13T17:50:33.879-0700][1207][info ][gc,phases   ] GC(210)   Post Evacuate Collection Set: 14.4ms
[2025-10-13T17:50:33.879-0700][1207][info ][gc,phases   ] GC(210)   Other: 0.2ms
[2025-10-13T17:50:33.879-0700][1207][debug][gc,remset   ] GC(210) Coarsening (recent): Inline->AoC 145530 (0) AoC->Howl 6408 (0) Howl->Full 0 (0) Inline->AoC 29103 (0) AoC->BitMap 7168 (0) BitMap->Full 0 (0) 
[2025-10-13T17:50:33.879-0700][1207][debug][gc,remset   ] GC(210) Coarsening (all): Inline->AoC 5310868 (146) AoC->Howl 150525 (495) Howl->Full 0 (0) Inline->AoC 685188 (154) AoC->BitMap 164592 (406) BitMap->Full 8 (0) 
[2025-10-13T17:50:33.879-0700][1207][info ][gc,heap     ] GC(210) Eden regions: 3068->0(3065)
[2025-10-13T17:50:33.879-0700][1207][info ][gc,heap     ] GC(210) Survivor regions: 182->192(407)
[2025-10-13T17:50:33.879-0700][1207][info ][gc,heap     ] GC(210) Old regions: 843->843
[2025-10-13T17:50:33.879-0700][1207][info ][gc,heap     ] GC(210) Humongous regions: 23->0
[2025-10-13T17:50:33.879-0700][1207][info ][gc,metaspace] GC(210) Metaspace: 316644K(322752K)->316644K(322752K) NonClass: 279361K(282688K)->279361K(282688K) Class: 37283K(40064K)->37283K(40064K)
[2025-10-13T17:50:33.879-0700][1207][info ][gc          ] GC(210) Pause Young (Prepare Mixed) (G1 Evacuation Pause) 131707M->33099M(184320M) 152.855ms
[2025-10-13T17:50:33.881-0700][1207][info ][gc,cpu      ] GC(210) User=13.60s Sys=0.00s Real=0.16s
[2025-10-13T17:50:33.882-0700][1207][info ][safepoint   ] Safepoint "G1CollectForAllocation", Time since last: 1769463341 ns, Reaching safepoint: 5078656 ns, Cleanup: 4898 ns, At safepoint: 157490642 ns, Total: 162574196 ns
[2025-10-13T17:50:34.887-0700][1207][info ][safepoint   ] Safepoint "Cleanup", Time since last: 1000083264 ns, Reaching safepoint: 2992670 ns, Cleanup: 15954 ns, At safepoint: 1286267 ns, Total: 4294891 ns
[2025-10-13T17:50:35.888-0700][1207][info ][safepoint   ] Safepoint "Cleanup", Time since last: 1000110516 ns, Reaching safepoint: 703845 ns, Cleanup: 19660 ns, At safepoint: 279463 ns, Total: 1002968 ns
[2025-10-13T17:50:36.889-0700][1207][info ][safepoint   ] Safepoint "Cleanup", Time since last: 1000091247 ns, Reaching safepoint: 708692 ns, Cleanup: 15864 ns, At safepoint: 510503 ns, Total: 1235059 ns
[2025-10-13T17:50:38.890-0700][1207][info ][safepoint   ] Safepoint "Cleanup", Time since last: 2000154281 ns, Reaching safepoint: 840002 ns, Cleanup: 10305 ns, At safepoint: 384452 ns, Total: 1234759 ns
[2025-10-13T17:50:40.892-0700][1207][info ][safepoint   ] Safepoint "Cleanup", Time since last: 2000163796 ns, Reaching safepoint: 893802 ns, Cleanup: 16115 ns, At safepoint: 823947 ns, Total: 1733864 ns
[2025-10-13T17:50:41.895-0700][1207][info ][safepoint   ] Safepoint "Cleanup", Time since last: 1000115877 ns, Reaching safepoint: 967084 ns, Cleanup: 15082 ns, At safepoint: 1071462 ns, Total: 2053628 ns
[2025-10-13T17:50:42.914-0700][1207][info ][safepoint   ] Safepoint "Cleanup", Time since last: 1000129949 ns, Reaching safepoint: 16829206 ns, Cleanup: 24106 ns, At safepoint: 2055100 ns, Total: 18908412 ns
[2025-10-13T17:50:43.916-0700][1207][info ][safepoint   ] Safepoint "Cleanup", Time since last: 1000117991 ns, Reaching safepoint: 866461 ns, Cleanup: 12449 ns, At safepoint: 1149720 ns, Total: 2028630 ns
[2025-10-13T17:50:43.958-0700][1207][info ][gc,start    ] GC(211) Pause Young (Mixed) (G1 Evacuation Pause)
[2025-10-13T17:50:43.958-0700][1207][info ][gc,task     ] GC(211) Using 113 workers of 113 for evacuation
[2025-10-13T17:50:43.973-0700][1207][debug][gc,remset   ] GC(211) Visited cards 9472256 Total dirty 51970048 (18.23%) Total old 500826112 (1.89%)
[2025-10-13T17:50:44.133-0700][1207][info ][gc,phases   ] GC(211)   Pre Evacuate Collection Set: 0.8ms
[2025-10-13T17:50:44.133-0700][1207][info ][gc,phases   ] GC(211)   Merge Heap Roots: 13.6ms
[2025-10-13T17:50:44.133-0700][1207][info ][gc,phases   ] GC(211)   Evacuate Collection Set: 146.4ms
[2025-10-13T17:50:44.133-0700][1207][info ][gc,phases   ] GC(211)   Post Evacuate Collection Set: 13.4ms
[2025-10-13T17:50:44.133-0700][1207][info ][gc,phases   ] GC(211)   Other: 0.2ms
[2025-10-13T17:50:44.133-0700][1207][debug][gc,remset   ] GC(211) Coarsening (recent): Inline->AoC 17958 (0) AoC->Howl 149 (0) Howl->Full 0 (0) Inline->AoC 832 (0) AoC->BitMap 32 (0) BitMap->Full 0 (0) 
[2025-10-13T17:50:44.133-0700][1207][debug][gc,remset   ] GC(211) Coarsening (all): Inline->AoC 5328826 (146) AoC->Howl 150674 (495) Howl->Full 0 (0) Inline->AoC 686020 (154) AoC->BitMap 164624 (406) BitMap->Full 8 (0) 
[2025-10-13T17:50:44.133-0700][1207][info ][gc,heap     ] GC(211) Eden regions: 3178->0(2597)
[2025-10-13T17:50:44.133-0700][1207][info ][gc,heap     ] GC(211) Survivor regions: 192->232(422)
[2025-10-13T17:50:44.133-0700][1207][info ][gc,heap     ] GC(211) Old regions: 843->808
[2025-10-13T17:50:44.133-0700][1207][info ][gc,heap     ] GC(211) Humongous regions: 22->0
[2025-10-13T17:50:44.133-0700][1207][info ][gc,metaspace] GC(211) Metaspace: 316710K(322752K)->316710K(322752K) NonClass: 279420K(282688K)->279420K(282688K) Class: 37289K(40064K)->37289K(40064K)
[2025-10-13T17:50:44.133-0700][1207][info ][gc          ] GC(211) Pause Young (Mixed) (G1 Evacuation Pause) 135499M->33259M(184320M) 174.508ms
[2025-10-13T17:50:44.134-0700][1207][info ][gc,cpu      ] GC(211) User=16.59s Sys=0.02s Real=0.18s
[2025-10-13T17:50:44.136-0700][1207][info ][safepoint   ] Safepoint "G1CollectForAllocation", Time since last: 39641005 ns, Reaching safepoint: 963569 ns, Cleanup: 5228 ns, At safepoint: 179331338 ns, Total: 180300135 ns
[2025-10-13T17:50:45.137-0700][1207][info ][safepoint   ] Safepoint "Cleanup", Time since last: 1000078811 ns, Reaching safepoint: 805950 ns, Cleanup: 10105 ns, At safepoint: 100923 ns, Total: 916978 ns
[2025-10-13T17:50:47.139-0700][1207][info ][safepoint   ] Safepoint "Cleanup", Time since last: 2000164063 ns, Reaching safepoint: 1413529 ns, Cleanup: 14672 ns, At safepoint: 239432 ns, Total: 1667633 ns
[2025-10-13T17:50:48.140-0700][1207][info ][safepoint   ] Safepoint "Cleanup", Time since last: 1000106961 ns, Reaching safepoint: 905340 ns, Cleanup: 16244 ns, At safepoint: 713971 ns, Total: 1635555 ns
[2025-10-13T17:50:50.142-0700][1207][info ][safepoint   ] Safepoint "Cleanup", Time since last: 2000176090 ns, Reaching safepoint: 859411 ns, Cleanup: 17116 ns, At safepoint: 400937 ns, Total: 1277464 ns
[2025-10-13T17:50:51.143-0700][1207][info ][safepoint   ] Safepoint "Cleanup", Time since last: 1000113584 ns, Reaching safepoint: 866601 ns, Cleanup: 15474 ns, At safepoint: 671746 ns, Total: 1553821 ns
[2025-10-13T17:50:51.709-0700][1207][info ][gc,start    ] GC(212) Pause Young (Mixed) (G1 Evacuation Pause)
[2025-10-13T17:50:51.709-0700][1207][info ][gc,task     ] GC(212) Using 113 workers of 113 for evacuation
[2025-10-13T17:50:51.724-0700][1207][debug][gc,remset   ] GC(212) Visited cards 9581056 Total dirty 49872896 (19.21%) Total old 440139776 (2.18%)
[2025-10-13T17:50:51.877-0700][1207][info ][gc,phases   ] GC(212)   Pre Evacuate Collection Set: 0.8ms
[2025-10-13T17:50:51.877-0700][1207][info ][gc,phases   ] GC(212)   Merge Heap Roots: 13.5ms
[2025-10-13T17:50:51.877-0700][1207][info ][gc,phases   ] GC(212)   Evacuate Collection Set: 138.6ms
[2025-10-13T17:50:51.877-0700][1207][info ][gc,phases   ] GC(212)   Post Evacuate Collection Set: 14.6ms
[2025-10-13T17:50:51.877-0700][1207][info ][gc,phases   ] GC(212)   Other: 0.2ms
[2025-10-13T17:50:51.877-0700][1207][debug][gc,remset   ] GC(212) Coarsening (recent): Inline->AoC 28014 (0) AoC->Howl 98 (0) Howl->Full 0 (0) Inline->AoC 558 (0) AoC->BitMap 35 (0) BitMap->Full 0 (0) 
[2025-10-13T17:50:51.877-0700][1207][debug][gc,remset   ] GC(212) Coarsening (all): Inline->AoC 5356840 (146) AoC->Howl 150772 (495) Howl->Full 0 (0) Inline->AoC 686578 (154) AoC->BitMap 164659 (406) BitMap->Full 8 (0) 
[2025-10-13T17:50:51.877-0700][1207][info ][gc,heap     ] GC(212) Eden regions: 2695->0(3116)
[2025-10-13T17:50:51.877-0700][1207][info ][gc,heap     ] GC(212) Survivor regions: 232->198(366)
[2025-10-13T17:50:51.877-0700][1207][info ][gc,heap     ] GC(212) Old regions: 808->806
[2025-10-13T17:50:51.877-0700][1207][info ][gc,heap     ] GC(212) Humongous regions: 17->0
[2025-10-13T17:50:51.877-0700][1207][info ][gc,metaspace] GC(212) Metaspace: 316724K(322752K)->316724K(322752K) NonClass: 279435K(282688K)->279435K(282688K) Class: 37289K(40064K)->37289K(40064K)
[2025-10-13T17:50:51.877-0700][1207][info ][gc          ] GC(212) Pause Young (Mixed) (G1 Evacuation Pause) 120043M->32080M(184320M) 167.893ms
[2025-10-13T17:50:51.879-0700][1207][info ][gc,cpu      ] GC(212) User=15.72s Sys=0.28s Real=0.17s
[2025-10-13T17:50:51.880-0700][1207][info ][safepoint   ] Safepoint "G1CollectForAllocation", Time since last: 563351322 ns, Reaching safepoint: 905581 ns, Cleanup: 5028 ns, At safepoint: 172559766 ns, Total: 173470375 ns
[2025-10-13T17:50:53.881-0700][1207][info ][safepoint   ] Safepoint "Cleanup", Time since last: 2000144282 ns, Reaching safepoint: 898089 ns, Cleanup: 14292 ns, At safepoint: 208836 ns, Total: 1121217 ns
[2025-10-13T17:50:55.883-0700][1207][info ][safepoint   ] Safepoint "Cleanup", Time since last: 2000160947 ns, Reaching safepoint: 826772 ns, Cleanup: 13370 ns, At safepoint: 180813 ns, Total: 1020955 ns
[2025-10-13T17:50:56.884-0700][1207][info ][safepoint   ] Safepoint "Cleanup", Time since last: 1000100795 ns, Reaching safepoint: 878069 ns, Cleanup: 12148 ns, At safepoint: 374517 ns, Total: 1264734 ns
[2025-10-13T17:51:02.885-0700][1207][info ][safepoint   ] Safepoint "Cleanup", Time since last: 6000418065 ns, Reaching safepoint: 794963 ns, Cleanup: 19770 ns, At safepoint: 180163 ns, Total: 994896 ns
[2025-10-13T17:51:04.489-0700][1207][info ][gc,start    ] GC(213) Pause Young (Mixed) (G1 Evacuation Pause)
[2025-10-13T17:51:04.489-0700][1207][info ][gc,task     ] GC(213) Using 113 workers of 113 for evacuation
[2025-10-13T17:51:04.504-0700][1207][debug][gc,remset   ] GC(213) Visited cards 10085376 Total dirty 50462720 (19.99%) Total old 492175360 (2.05%)
[2025-10-13T17:51:04.661-0700][1207][info ][gc,phases   ] GC(213)   Pre Evacuate Collection Set: 0.7ms
[2025-10-13T17:51:04.661-0700][1207][info ][gc,phases   ] GC(213)   Merge Heap Roots: 14.1ms
[2025-10-13T17:51:04.661-0700][1207][info ][gc,phases   ] GC(213)   Evacuate Collection Set: 141.2ms
[2025-10-13T17:51:04.661-0700][1207][info ][gc,phases   ] GC(213)   Post Evacuate Collection Set: 15.9ms
[2025-10-13T17:51:04.661-0700][1207][info ][gc,phases   ] GC(213)   Other: 0.2ms
[2025-10-13T17:51:04.661-0700][1207][debug][gc,remset   ] GC(213) Coarsening (recent): Inline->AoC 41198 (0) AoC->Howl 192 (0) Howl->Full 0 (0) Inline->AoC 960 (0) AoC->BitMap 101 (0) BitMap->Full 0 (0) 
[2025-10-13T17:51:04.661-0700][1207][debug][gc,remset   ] GC(213) Coarsening (all): Inline->AoC 5398038 (146) AoC->Howl 150964 (495) Howl->Full 0 (0) Inline->AoC 687538 (154) AoC->BitMap 164760 (406) BitMap->Full 8 (0) 
[2025-10-13T17:51:04.661-0700][1207][info ][gc,heap     ] GC(213) Eden regions: 3124->0(2916)
[2025-10-13T17:51:04.661-0700][1207][info ][gc,heap     ] GC(213) Survivor regions: 198->223(416)
[2025-10-13T17:51:04.661-0700][1207][info ][gc,heap     ] GC(213) Old regions: 806->774
[2025-10-13T17:51:04.661-0700][1207][info ][gc,heap     ] GC(213) Humongous regions: 23->0
[2025-10-13T17:51:04.661-0700][1207][info ][gc,metaspace] GC(213) Metaspace: 316759K(322752K)->316759K(322752K) NonClass: 279465K(282688K)->279465K(282688K) Class: 37294K(40064K)->37294K(40064K)
[2025-10-13T17:51:04.661-0700][1207][info ][gc          ] GC(213) Pause Young (Mixed) (G1 Evacuation Pause) 132784M->31878M(184320M) 172.429ms
[2025-10-13T17:51:04.663-0700][1207][info ][gc,cpu      ] GC(213) User=16.09s Sys=0.24s Real=0.18s
[2025-10-13T17:51:04.664-0700][1207][info ][safepoint   ] Safepoint "G1CollectForAllocation", Time since last: 1600711308 ns, Reaching safepoint: 883477 ns, Cleanup: 22193 ns, At safepoint: 177105366 ns, Total: 178011036 ns
[2025-10-13T17:51:05.666-0700][1207][info ][safepoint   ] Safepoint "Cleanup", Time since last: 1000051730 ns, Reaching safepoint: 1548584 ns, Cleanup: 41964 ns, At safepoint: 440947 ns, Total: 2031495 ns
[2025-10-13T17:51:08.668-0700][1207][info ][safepoint   ] Safepoint "Cleanup", Time since last: 3000226839 ns, Reaching safepoint: 963719 ns, Cleanup: 23946 ns, At safepoint: 271231 ns, Total: 1258896 ns
[2025-10-13T17:51:09.669-0700][1207][info ][safepoint   ] Safepoint "Cleanup", Time since last: 1000106633 ns, Reaching safepoint: 846912 ns, Cleanup: 37316 ns, At safepoint: 482981 ns, Total: 1367209 ns
[2025-10-13T17:51:10.671-0700][1207][info ][safepoint   ] Safepoint "Cleanup", Time since last: 1000107835 ns, Reaching safepoint: 1269792 ns, Cleanup: 19800 ns, At safepoint: 388268 ns, Total: 1677860 ns
[2025-10-13T17:51:11.675-0700][1207][info ][safepoint   ] Safepoint "Cleanup", Time since last: 1000102086 ns, Reaching safepoint: 2902824 ns, Cleanup: 16204 ns, At safepoint: 1108728 ns, Total: 4027756 ns
[2025-10-13T17:51:12.452-0700][1207][info ][gc,start    ] GC(214) Pause Young (Mixed) (G1 Evacuation Pause)
[2025-10-13T17:51:12.452-0700][1207][info ][gc,task     ] GC(214) Using 113 workers of 113 for evacuation
[2025-10-13T17:51:12.467-0700][1207][debug][gc,remset   ] GC(214) Visited cards 10071808 Total dirty 49086464 (20.52%) Total old 471138304 (2.14%)
[2025-10-13T17:51:12.659-0700][1207][info ][gc,mmu      ] GC(214) MMU target violated: 201.0ms (200.0ms/201.0ms)
[2025-10-13T17:51:12.659-0700][1207][info ][gc,phases   ] GC(214)   Pre Evacuate Collection Set: 0.7ms
[2025-10-13T17:51:12.659-0700][1207][info ][gc,phases   ] GC(214)   Merge Heap Roots: 13.5ms
[2025-10-13T17:51:12.659-0700][1207][info ][gc,phases   ] GC(214)   Evacuate Collection Set: 177.5ms
[2025-10-13T17:51:12.659-0700][1207][info ][gc,phases   ] GC(214)   Post Evacuate Collection Set: 15.1ms
[2025-10-13T17:51:12.659-0700][1207][info ][gc,phases   ] GC(214)   Other: 0.2ms
[2025-10-13T17:51:12.659-0700][1207][debug][gc,remset   ] GC(214) Coarsening (recent): Inline->AoC 37062 (0) AoC->Howl 180 (2) Howl->Full 0 (0) Inline->AoC 894 (1) AoC->BitMap 65 (0) BitMap->Full 0 (0) 
[2025-10-13T17:51:12.659-0700][1207][debug][gc,remset   ] GC(214) Coarsening (all): Inline->AoC 5435100 (146) AoC->Howl 151144 (497) Howl->Full 0 (0) Inline->AoC 688432 (155) AoC->BitMap 164825 (406) BitMap->Full 8 (0) 
[2025-10-13T17:51:12.659-0700][1207][info ][gc,heap     ] GC(214) Eden regions: 2954->0(1643)
[2025-10-13T17:51:12.659-0700][1207][info ][gc,heap     ] GC(214) Survivor regions: 223->265(398)
[2025-10-13T17:51:12.659-0700][1207][info ][gc,heap     ] GC(214) Old regions: 774->753
[2025-10-13T17:51:12.659-0700][1207][info ][gc,heap     ] GC(214) Humongous regions: 24->0
[2025-10-13T17:51:12.659-0700][1207][info ][gc,metaspace] GC(214) Metaspace: 316819K(322816K)->316819K(322816K) NonClass: 279519K(282752K)->279519K(282752K) Class: 37299K(40064K)->37299K(40064K)
[2025-10-13T17:51:12.659-0700][1207][info ][gc          ] GC(214) Pause Young (Mixed) (G1 Evacuation Pause) 127174M->32548M(184320M) 207.198ms
[2025-10-13T17:51:12.661-0700][1207][info ][gc,cpu      ] GC(214) User=19.43s Sys=0.31s Real=0.21s
[2025-10-13T17:51:12.663-0700][1207][info ][safepoint   ] Safepoint "G1CollectForAllocation", Time since last: 774252367 ns, Reaching safepoint: 1094697 ns, Cleanup: 14712 ns, At safepoint: 212030484 ns, Total: 213139893 ns
[2025-10-13T17:51:13.664-0700][1207][info ][safepoint   ] Safepoint "Cleanup", Time since last: 1000088336 ns, Reaching safepoint: 1626962 ns, Cleanup: 14352 ns, At safepoint: 223248 ns, Total: 1864562 ns
[2025-10-13T17:51:15.666-0700][1207][info ][safepoint   ] Safepoint "Cleanup", Time since last: 2000172255 ns, Reaching safepoint: 809295 ns, Cleanup: 13220 ns, At safepoint: 312803 ns, Total: 1135318 ns
[2025-10-13T17:51:17.405-0700][1207][info ][gc,start    ] GC(215) Pause Young (Mixed) (G1 Evacuation Pause)
[2025-10-13T17:51:17.405-0700][1207][info ][gc,task     ] GC(215) Using 113 workers of 113 for evacuation
[2025-10-13T17:51:17.418-0700][1207][debug][gc,remset   ] GC(215) Visited cards 10054912 Total dirty 47316992 (21.25%) Total old 327483392 (3.07%)
[2025-10-13T17:51:17.595-0700][1207][info ][gc,phases   ] GC(215)   Pre Evacuate Collection Set: 0.7ms
[2025-10-13T17:51:17.595-0700][1207][info ][gc,phases   ] GC(215)   Merge Heap Roots: 12.9ms
[2025-10-13T17:51:17.595-0700][1207][info ][gc,phases   ] GC(215)   Evacuate Collection Set: 163.9ms
[2025-10-13T17:51:17.595-0700][1207][info ][gc,phases   ] GC(215)   Post Evacuate Collection Set: 12.4ms
[2025-10-13T17:51:17.595-0700][1207][info ][gc,phases   ] GC(215)   Other: 0.1ms
[2025-10-13T17:51:17.595-0700][1207][debug][gc,remset   ] GC(215) Coarsening (recent): Inline->AoC 29375 (1) AoC->Howl 219 (0) Howl->Full 0 (0) Inline->AoC 1101 (0) AoC->BitMap 87 (0) BitMap->Full 0 (0) 
[2025-10-13T17:51:17.595-0700][1207][debug][gc,remset   ] GC(215) Coarsening (all): Inline->AoC 5464475 (147) AoC->Howl 151363 (497) Howl->Full 0 (0) Inline->AoC 689533 (155) AoC->BitMap 164912 (406) BitMap->Full 8 (0) 
[2025-10-13T17:51:17.595-0700][1207][info ][gc,heap     ] GC(215) Eden regions: 1828->0(3308)
[2025-10-13T17:51:17.595-0700][1207][info ][gc,heap     ] GC(215) Survivor regions: 265->148(262)
[2025-10-13T17:51:17.595-0700][1207][info ][gc,heap     ] GC(215) Old regions: 753->852
[2025-10-13T17:51:17.595-0700][1207][info ][gc,heap     ] GC(215) Humongous regions: 21->0
[2025-10-13T17:51:17.595-0700][1207][info ][gc,metaspace] GC(215) Metaspace: 316878K(322880K)->316878K(322880K) NonClass: 279568K(282816K)->279568K(282816K) Class: 37309K(40064K)->37309K(40064K)
[2025-10-13T17:51:17.595-0700][1207][info ][gc          ] GC(215) Pause Young (Mixed) (G1 Evacuation Pause) 91716M->31993M(184320M) 190.330ms
[2025-10-13T17:51:17.597-0700][1207][info ][gc,cpu      ] GC(215) User=18.31s Sys=0.22s Real=0.19s
[2025-10-13T17:51:17.598-0700][1207][info ][safepoint   ] Safepoint "G1CollectForAllocation", Time since last: 1736496867 ns, Reaching safepoint: 715062 ns, Cleanup: 17476 ns, At safepoint: 195053791 ns, Total: 195786329 ns
[2025-10-13T17:51:19.599-0700][1207][info ][safepoint   ] Safepoint "Cleanup", Time since last: 2000161608 ns, Reaching safepoint: 754682 ns, Cleanup: 15774 ns, At safepoint: 182036 ns, Total: 952492 ns
[2025-10-13T17:51:20.601-0700][1207][info ][safepoint   ] Safepoint "Cleanup", Time since last: 1000116298 ns, Reaching safepoint: 1351605 ns, Cleanup: 13891 ns, At safepoint: 177118 ns, Total: 1542614 ns
[2025-10-13T17:51:21.602-0700][1207][info ][safepoint   ] Safepoint "Cleanup", Time since last: 1000104641 ns, Reaching safepoint: 869305 ns, Cleanup: 16265 ns, At safepoint: 564024 ns, Total: 1449594 ns
[2025-10-13T17:51:24.604-0700][1207][info ][safepoint   ] Safepoint "Cleanup", Time since last: 3000236544 ns, Reaching safepoint: 1054055 ns, Cleanup: 13320 ns, At safepoint: 175105 ns, Total: 1242480 ns
[2025-10-13T17:51:26.605-0700][1207][info ][safepoint   ] Safepoint "Cleanup", Time since last: 2000172745 ns, Reaching safepoint: 870318 ns, Cleanup: 9844 ns, At safepoint: 231351 ns, Total: 1111513 ns
[2025-10-13T17:51:27.629-0700][1207][info ][gc,start    ] GC(216) Pause Young (Mixed) (G1 Evacuation Pause)
[2025-10-13T17:51:27.629-0700][1207][info ][gc,task     ] GC(216) Using 113 workers of 113 for evacuation
[2025-10-13T17:51:27.643-0700][1207][debug][gc,remset   ] GC(216) Visited cards 11911168 Total dirty 52297728 (22.78%) Total old 514916352 (2.31%)
[2025-10-13T17:51:27.779-0700][1207][debug][gc,remset   ] GC(216) Visited cards 2310400 Total dirty 49414144 (4.68%) Total old 530907136 (0.44%)
[2025-10-13T17:51:27.809-0700][1207][info ][gc,phases   ] GC(216)   Pre Evacuate Collection Set: 0.8ms
[2025-10-13T17:51:27.809-0700][1207][info ][gc,phases   ] GC(216)   Merge Heap Roots: 13.2ms
[2025-10-13T17:51:27.809-0700][1207][info ][gc,phases   ] GC(216)   Evacuate Collection Set: 135.3ms
[2025-10-13T17:51:27.809-0700][1207][info ][gc,phases   ] GC(216)   Merge Optional Heap Roots: 1.0ms
[2025-10-13T17:51:27.809-0700][1207][info ][gc,phases   ] GC(216)   Evacuate Optional Collection Set: 12.2ms
[2025-10-13T17:51:27.809-0700][1207][info ][gc,phases   ] GC(216)   Post Evacuate Collection Set: 17.2ms
[2025-10-13T17:51:27.809-0700][1207][info ][gc,phases   ] GC(216)   Other: 0.2ms
[2025-10-13T17:51:27.809-0700][1207][debug][gc,remset   ] GC(216) Coarsening (recent): Inline->AoC 47154 (0) AoC->Howl 281 (0) Howl->Full 0 (0) Inline->AoC 898 (0) AoC->BitMap 222 (0) BitMap->Full 0 (0) 
[2025-10-13T17:51:27.809-0700][1207][debug][gc,remset   ] GC(216) Coarsening (all): Inline->AoC 5511629 (147) AoC->Howl 151644 (497) Howl->Full 0 (0) Inline->AoC 690431 (155) AoC->BitMap 165134 (406) BitMap->Full 8 (0) 
[2025-10-13T17:51:27.809-0700][1207][info ][gc,heap     ] GC(216) Eden regions: 3308->0(2822)
[2025-10-13T17:51:27.809-0700][1207][info ][gc,heap     ] GC(216) Survivor regions: 148->204(432)
[2025-10-13T17:51:27.809-0700][1207][info ][gc,heap     ] GC(216) Old regions: 852->796
[2025-10-13T17:51:27.809-0700][1207][info ][gc,heap     ] GC(216) Humongous regions: 25->0
[2025-10-13T17:51:27.809-0700][1207][info ][gc,metaspace] GC(216) Metaspace: 316917K(322944K)->316917K(322944K) NonClass: 279607K(282880K)->279607K(282880K) Class: 37309K(40064K)->37309K(40064K)
[2025-10-13T17:51:27.809-0700][1207][info ][gc          ] GC(216) Pause Young (Mixed) (G1 Evacuation Pause) 138649M->31972M(184320M) 180.055ms
[2025-10-13T17:51:27.811-0700][1207][info ][gc,cpu      ] GC(216) User=16.53s Sys=0.82s Real=0.19s
[2025-10-13T17:51:27.812-0700][1207][info ][safepoint   ] Safepoint "G1CollectForAllocation", Time since last: 1020848565 ns, Reaching safepoint: 1094747 ns, Cleanup: 7331 ns, At safepoint: 184709585 ns, Total: 185811663 ns
[2025-10-13T17:51:30.814-0700][1207][info ][safepoint   ] Safepoint "Cleanup", Time since last: 3000215462 ns, Reaching safepoint: 871128 ns, Cleanup: 14002 ns, At safepoint: 781432 ns, Total: 1666562 ns
[2025-10-13T17:51:33.815-0700][1207][info ][safepoint   ] Safepoint "Cleanup", Time since last: 3000238267 ns, Reaching safepoint: 919421 ns, Cleanup: 10526 ns, At safepoint: 486997 ns, Total: 1416944 ns
[2025-10-13T17:51:34.837-0700][1207][info ][safepoint   ] Safepoint "Cleanup", Time since last: 1000123439 ns, Reaching safepoint: 19892737 ns, Cleanup: 17777 ns, At safepoint: 1802558 ns, Total: 21713072 ns
[2025-10-13T17:51:36.839-0700][1207][info ][safepoint   ] Safepoint "Cleanup", Time since last: 2000168820 ns, Reaching safepoint: 836506 ns, Cleanup: 27241 ns, At safepoint: 391553 ns, Total: 1255300 ns
[2025-10-13T17:51:37.840-0700][1207][info ][safepoint   ] Safepoint "Cleanup", Time since last: 1000106072 ns, Reaching safepoint: 703295 ns, Cleanup: 12759 ns, At safepoint: 429400 ns, Total: 1145454 ns
[2025-10-13T17:51:38.634-0700][1207][info ][gc,start    ] GC(217) Pause Young (Mixed) (G1 Evacuation Pause)
[2025-10-13T17:51:38.634-0700][1207][info ][gc,task     ] GC(217) Using 113 workers of 113 for evacuation
[2025-10-13T17:51:38.648-0700][1207][debug][gc,remset   ] GC(217) Visited cards 10319104 Total dirty 50790400 (20.32%) Total old 476577792 (2.17%)
[2025-10-13T17:51:38.806-0700][1207][info ][gc,phases   ] GC(217)   Pre Evacuate Collection Set: 0.8ms
[2025-10-13T17:51:38.806-0700][1207][info ][gc,phases   ] GC(217)   Merge Heap Roots: 13.1ms
[2025-10-13T17:51:38.806-0700][1207][info ][gc,phases   ] GC(217)   Evacuate Collection Set: 141.2ms
[2025-10-13T17:51:38.806-0700][1207][info ][gc,phases   ] GC(217)   Post Evacuate Collection Set: 16.1ms
[2025-10-13T17:51:38.806-0700][1207][info ][gc,phases   ] GC(217)   Other: 0.2ms
[2025-10-13T17:51:38.806-0700][1207][debug][gc,remset   ] GC(217) Coarsening (recent): Inline->AoC 34097 (0) AoC->Howl 159 (0) Howl->Full 0 (0) Inline->AoC 768 (0) AoC->BitMap 82 (0) BitMap->Full 0 (0) 
[2025-10-13T17:51:38.806-0700][1207][debug][gc,remset   ] GC(217) Coarsening (all): Inline->AoC 5545726 (147) AoC->Howl 151803 (497) Howl->Full 0 (0) Inline->AoC 691199 (155) AoC->BitMap 165216 (406) BitMap->Full 8 (0) 
[2025-10-13T17:51:38.806-0700][1207][info ][gc,heap     ] GC(217) Eden regions: 3016->0(3115)
[2025-10-13T17:51:38.806-0700][1207][info ][gc,heap     ] GC(217) Survivor regions: 204->239(403)
[2025-10-13T17:51:38.806-0700][1207][info ][gc,heap     ] GC(217) Old regions: 796->784
[2025-10-13T17:51:38.806-0700][1207][info ][gc,heap     ] GC(217) Humongous regions: 15->0
[2025-10-13T17:51:38.806-0700][1207][info ][gc,metaspace] GC(217) Metaspace: 316942K(322944K)->316942K(322944K) NonClass: 279632K(282880K)->279632K(282880K) Class: 37309K(40064K)->37309K(40064K)
[2025-10-13T17:51:38.806-0700][1207][info ][gc          ] GC(217) Pause Young (Mixed) (G1 Evacuation Pause) 128964M->32727M(184320M) 171.531ms
[2025-10-13T17:51:38.808-0700][1207][info ][gc,cpu      ] GC(217) User=17.14s Sys=0.37s Real=0.17s
[2025-10-13T17:51:38.809-0700][1207][info ][safepoint   ] Safepoint "G1CollectForAllocation", Time since last: 791993938 ns, Reaching safepoint: 821113 ns, Cleanup: 11487 ns, At safepoint: 176176020 ns, Total: 177008620 ns
[2025-10-13T17:51:38.941-0700][1207][info ][gc,start    ] GC(218) Pause Young (Concurrent Start) (G1 Humongous Allocation)
[2025-10-13T17:51:38.941-0700][1207][info ][gc,task     ] GC(218) Using 113 workers of 113 for evacuation
[2025-10-13T17:51:38.950-0700][1207][debug][gc,remset   ] GC(218) Visited cards 8391424 Total dirty 49741824 (16.87%) Total old 93585408 (8.97%)
[2025-10-13T17:51:39.090-0700][1207][info ][gc,phases   ] GC(218)   Pre Evacuate Collection Set: 0.9ms
[2025-10-13T17:51:39.090-0700][1207][info ][gc,phases   ] GC(218)   Merge Heap Roots: 7.8ms
[2025-10-13T17:51:39.090-0700][1207][info ][gc,phases   ] GC(218)   Evacuate Collection Set: 128.8ms
[2025-10-13T17:51:39.090-0700][1207][info ][gc,phases   ] GC(218)   Post Evacuate Collection Set: 10.8ms
[2025-10-13T17:51:39.090-0700][1207][info ][gc,phases   ] GC(218)   Other: 0.1ms
[2025-10-13T17:51:39.090-0700][1207][debug][gc,remset   ] GC(218) Coarsening (recent): Inline->AoC 0 (0) AoC->Howl 0 (0) Howl->Full 0 (0) Inline->AoC 0 (0) AoC->BitMap 0 (0) BitMap->Full 0 (0) 
[2025-10-13T17:51:39.090-0700][1207][debug][gc,remset   ] GC(218) Coarsening (all): Inline->AoC 5545726 (147) AoC->Howl 151803 (497) Howl->Full 0 (0) Inline->AoC 691199 (155) AoC->BitMap 165216 (406) BitMap->Full 8 (0) 
[2025-10-13T17:51:39.090-0700][1207][info ][gc,heap     ] GC(218) Eden regions: 83->0(1845)
[2025-10-13T17:51:39.090-0700][1207][info ][gc,heap     ] GC(218) Survivor regions: 239->191(432)
[2025-10-13T17:51:39.090-0700][1207][info ][gc,heap     ] GC(218) Old regions: 784->838
[2025-10-13T17:51:39.090-0700][1207][info ][gc,heap     ] GC(218) Humongous regions: 0->0
[2025-10-13T17:51:39.090-0700][1207][info ][gc,metaspace] GC(218) Metaspace: 316942K(322944K)->316942K(322944K) NonClass: 279632K(282880K)->279632K(282880K) Class: 37309K(40064K)->37309K(40064K)
[2025-10-13T17:51:39.090-0700][1207][info ][gc          ] GC(218) Pause Young (Concurrent Start) (G1 Humongous Allocation) 35382M->32890M(184320M) 148.615ms
[2025-10-13T17:51:39.090-0700][1090][info ][gc          ] GC(219) Concurrent Mark Cycle
[2025-10-13T17:51:39.090-0700][1090][info ][gc,marking  ] GC(219) Concurrent Scan Root Regions
[2025-10-13T17:51:39.092-0700][1207][info ][gc,cpu      ] GC(218) User=14.17s Sys=0.04s Real=0.15s
[2025-10-13T17:51:39.094-0700][1207][info ][safepoint   ] Safepoint "G1TryInitiateConcMark", Time since last: 129952560 ns, Reaching safepoint: 853372 ns, Cleanup: 4948 ns, At safepoint: 154106086 ns, Total: 154964406 ns
[2025-10-13T17:51:39.166-0700][1090][info ][gc,marking  ] GC(219) Concurrent Scan Root Regions 75.320ms
[2025-10-13T17:51:39.166-0700][1090][info ][gc,marking  ] GC(219) Concurrent Mark
[2025-10-13T17:51:39.166-0700][1090][info ][gc,marking  ] GC(219) Concurrent Mark From Roots
[2025-10-13T17:51:39.166-0700][1090][info ][gc,task     ] GC(219) Using 36 workers of 36 for marking
[2025-10-13T17:51:39.316-0700][1090][info ][gc,marking  ] GC(219) Concurrent Mark From Roots 150.228ms
[2025-10-13T17:51:39.316-0700][1090][info ][gc,marking  ] GC(219) Concurrent Preclean
[2025-10-13T17:51:39.325-0700][1090][info ][gc,marking  ] GC(219) Concurrent Preclean 9.263ms
[2025-10-13T17:51:39.328-0700][1207][info ][gc,start    ] GC(219) Pause Remark
[2025-10-13T17:51:39.549-0700][1207][info ][gc,mmu      ] GC(219) MMU target violated: 201.0ms (200.0ms/201.0ms)
[2025-10-13T17:51:39.549-0700][1207][info ][gc          ] GC(219) Pause Remark 37480M->37288M(184320M) 221.132ms
[2025-10-13T17:51:39.551-0700][1207][info ][gc,cpu      ] GC(219) User=14.44s Sys=0.00s Real=0.23s
[2025-10-13T17:51:39.554-0700][1207][info ][safepoint   ] Safepoint "G1PauseRemark", Time since last: 231602326 ns, Reaching safepoint: 808264 ns, Cleanup: 19469 ns, At safepoint: 227405464 ns, Total: 228233197 ns
[2025-10-13T17:51:39.554-0700][1090][info ][gc,marking  ] GC(219) Concurrent Mark 387.939ms
[2025-10-13T17:51:39.554-0700][1090][info ][gc,marking  ] GC(219) Concurrent Rebuild Remembered Sets and Scrub Regions
[2025-10-13T17:51:39.875-0700][1090][info ][gc,marking  ] GC(219) Concurrent Rebuild Remembered Sets and Scrub Regions 320.952ms
[2025-10-13T17:51:39.878-0700][1207][info ][gc,start    ] GC(219) Pause Cleanup
[2025-10-13T17:51:39.879-0700][1207][info ][gc          ] GC(219) Pause Cleanup 40709M->40709M(184320M) 1.817ms
[2025-10-13T17:51:39.880-0700][1207][info ][gc,cpu      ] GC(219) User=0.02s Sys=0.00s Real=0.01s
[2025-10-13T17:51:39.881-0700][1207][info ][safepoint   ] Safepoint "G1PauseCleanup", Time since last: 321189044 ns, Reaching safepoint: 949517 ns, Cleanup: 38738 ns, At safepoint: 5466763 ns, Total: 6455018 ns
[2025-10-13T17:51:39.881-0700][1090][info ][gc,marking  ] GC(219) Concurrent Clear Claimed Marks
[2025-10-13T17:51:39.882-0700][1090][info ][gc,marking  ] GC(219) Concurrent Clear Claimed Marks 1.022ms
[2025-10-13T17:51:39.882-0700][1090][info ][gc,marking  ] GC(219) Concurrent Cleanup for Next Mark
[2025-10-13T17:51:39.918-0700][1090][info ][gc,marking  ] GC(219) Concurrent Cleanup for Next Mark 35.161ms
[2025-10-13T17:51:39.918-0700][1090][info ][gc          ] GC(219) Concurrent Mark Cycle 827.320ms
[2025-10-13T17:51:40.884-0700][1207][info ][safepoint   ] Safepoint "Cleanup", Time since last: 1000324366 ns, Reaching safepoint: 1406568 ns, Cleanup: 17807 ns, At safepoint: 1314450 ns, Total: 2738825 ns
[2025-10-13T17:51:41.886-0700][1207][info ][safepoint   ] Safepoint "Cleanup", Time since last: 1000132014 ns, Reaching safepoint: 994035 ns, Cleanup: 11747 ns, At safepoint: 440237 ns, Total: 1446019 ns
[2025-10-13T17:51:42.583-0700][1207][info ][gc,start    ] GC(220) Pause Young (Prepare Mixed) (G1 Evacuation Pause)
[2025-10-13T17:51:42.583-0700][1207][info ][gc,task     ] GC(220) Using 113 workers of 113 for evacuation
[2025-10-13T17:51:42.598-0700][1207][debug][gc,remset   ] GC(220) Visited cards 9739264 Total dirty 52756480 (18.46%) Total old 306118656 (3.18%)
[2025-10-13T17:51:42.730-0700][1207][info ][gc,phases   ] GC(220)   Pre Evacuate Collection Set: 0.7ms
[2025-10-13T17:51:42.730-0700][1207][info ][gc,phases   ] GC(220)   Merge Heap Roots: 13.7ms
[2025-10-13T17:51:42.730-0700][1207][info ][gc,phases   ] GC(220)   Evacuate Collection Set: 121.0ms
[2025-10-13T17:51:42.730-0700][1207][info ][gc,phases   ] GC(220)   Post Evacuate Collection Set: 11.3ms
[2025-10-13T17:51:42.730-0700][1207][info ][gc,phases   ] GC(220)   Other: 0.2ms
[2025-10-13T17:51:42.730-0700][1207][debug][gc,remset   ] GC(220) Coarsening (recent): Inline->AoC 129576 (0) AoC->Howl 6590 (1) Howl->Full 0 (0) Inline->AoC 29775 (1) AoC->BitMap 7730 (0) BitMap->Full 0 (0) 
[2025-10-13T17:51:42.730-0700][1207][debug][gc,remset   ] GC(220) Coarsening (all): Inline->AoC 5675302 (147) AoC->Howl 158393 (498) Howl->Full 0 (0) Inline->AoC 720974 (156) AoC->BitMap 172946 (406) BitMap->Full 8 (0) 
[2025-10-13T17:51:42.730-0700][1207][info ][gc,heap     ] GC(220) Eden regions: 1721->0(2525)
[2025-10-13T17:51:42.730-0700][1207][info ][gc,heap     ] GC(220) Survivor regions: 191->123(239)
[2025-10-13T17:51:42.730-0700][1207][info ][gc,heap     ] GC(220) Old regions: 832->932
[2025-10-13T17:51:42.730-0700][1207][info ][gc,heap     ] GC(220) Humongous regions: 15->0
[2025-10-13T17:51:42.730-0700][1207][info ][gc,metaspace] GC(220) Metaspace: 316888K(323008K)->316888K(323008K) NonClass: 279592K(282944K)->279592K(282944K) Class: 37295K(40064K)->37295K(40064K)
[2025-10-13T17:51:42.730-0700][1207][info ][gc          ] GC(220) Pause Young (Prepare Mixed) (G1 Evacuation Pause) 88250M->33717M(184320M) 147.065ms
[2025-10-13T17:51:42.732-0700][1207][info ][gc,cpu      ] GC(220) User=14.78s Sys=0.17s Real=0.15s
[2025-10-13T17:51:42.733-0700][1207][info ][safepoint   ] Safepoint "G1CollectForAllocation", Time since last: 694634836 ns, Reaching safepoint: 790586 ns, Cleanup: 17747 ns, At safepoint: 151610277 ns, Total: 152418610 ns
[2025-10-13T17:51:43.742-0700][1207][info ][safepoint   ] Safepoint "Cleanup", Time since last: 1000085524 ns, Reaching safepoint: 7218444 ns, Cleanup: 22724 ns, At safepoint: 1511968 ns, Total: 8753136 ns
[2025-10-13T17:51:44.744-0700][1207][info ][safepoint   ] Safepoint "Cleanup", Time since last: 1000120788 ns, Reaching safepoint: 1040204 ns, Cleanup: 26530 ns, At safepoint: 1237433 ns, Total: 2304167 ns
[2025-10-13T17:51:45.746-0700][1207][info ][safepoint   ] Safepoint "Cleanup", Time since last: 1000113847 ns, Reaching safepoint: 873221 ns, Cleanup: 25349 ns, At safepoint: 1015937 ns, Total: 1914507 ns
[2025-10-13T17:51:46.748-0700][1207][info ][safepoint   ] Safepoint "Cleanup", Time since last: 1000113357 ns, Reaching safepoint: 892420 ns, Cleanup: 9815 ns, At safepoint: 1079934 ns, Total: 1982169 ns
[2025-10-13T17:51:47.750-0700][1207][info ][safepoint   ] Safepoint "Cleanup", Time since last: 1000111534 ns, Reaching safepoint: 917829 ns, Cleanup: 12870 ns, At safepoint: 925330 ns, Total: 1856029 ns
[2025-10-13T17:51:48.752-0700][1207][info ][safepoint   ] Safepoint "Cleanup", Time since last: 1000103171 ns, Reaching safepoint: 860452 ns, Cleanup: 11818 ns, At safepoint: 609432 ns, Total: 1481702 ns
[2025-10-13T17:51:50.754-0700][1207][info ][safepoint   ] Safepoint "Cleanup", Time since last: 2000177399 ns, Reaching safepoint: 1380729 ns, Cleanup: 13480 ns, At safepoint: 599978 ns, Total: 1994187 ns
[2025-10-13T17:51:52.001-0700][1207][info ][gc,start    ] GC(221) Pause Young (Mixed) (G1 Evacuation Pause)
[2025-10-13T17:51:52.001-0700][1207][info ][gc,task     ] GC(221) Using 113 workers of 113 for evacuation
[2025-10-13T17:51:52.015-0700][1207][debug][gc,remset   ] GC(221) Visited cards 10533888 Total dirty 57081856 (18.45%) Total old 434176000 (2.43%)
[2025-10-13T17:51:52.170-0700][1207][info ][gc,phases   ] GC(221)   Pre Evacuate Collection Set: 0.8ms
[2025-10-13T17:51:52.170-0700][1207][info ][gc,phases   ] GC(221)   Merge Heap Roots: 13.0ms
[2025-10-13T17:51:52.170-0700][1207][info ][gc,phases   ] GC(221)   Evacuate Collection Set: 141.3ms
[2025-10-13T17:51:52.170-0700][1207][info ][gc,phases   ] GC(221)   Post Evacuate Collection Set: 13.2ms
[2025-10-13T17:51:52.170-0700][1207][info ][gc,phases   ] GC(221)   Other: 0.2ms
[2025-10-13T17:51:52.170-0700][1207][debug][gc,remset   ] GC(221) Coarsening (recent): Inline->AoC 19618 (0) AoC->Howl 521 (0) Howl->Full 0 (0) Inline->AoC 1622 (0) AoC->BitMap 429 (0) BitMap->Full 0 (0) 
[2025-10-13T17:51:52.170-0700][1207][debug][gc,remset   ] GC(221) Coarsening (all): Inline->AoC 5694920 (147) AoC->Howl 158914 (498) Howl->Full 0 (0) Inline->AoC 722596 (156) AoC->BitMap 173375 (406) BitMap->Full 8 (0) 
[2025-10-13T17:51:52.170-0700][1207][info ][gc,heap     ] GC(221) Eden regions: 2688->0(1529)
[2025-10-13T17:51:52.170-0700][1207][info ][gc,heap     ] GC(221) Survivor regions: 123->201(352)
[2025-10-13T17:51:52.170-0700][1207][info ][gc,heap     ] GC(221) Old regions: 932->908
[2025-10-13T17:51:52.170-0700][1207][info ][gc,heap     ] GC(221) Humongous regions: 34->0
[2025-10-13T17:51:52.170-0700][1207][info ][gc,metaspace] GC(221) Metaspace: 316922K(323008K)->316922K(323008K) NonClass: 279626K(282944K)->279626K(282944K) Class: 37296K(40064K)->37296K(40064K)
[2025-10-13T17:51:52.170-0700][1207][info ][gc          ] GC(221) Pause Young (Mixed) (G1 Evacuation Pause) 120821M->35460M(184320M) 168.709ms
[2025-10-13T17:51:52.172-0700][1207][info ][gc,cpu      ] GC(221) User=15.00s Sys=0.03s Real=0.17s
[2025-10-13T17:51:52.173-0700][1207][info ][safepoint   ] Safepoint "G1CollectForAllocation", Time since last: 1235499108 ns, Reaching safepoint: 9748732 ns, Cleanup: 13681 ns, At safepoint: 173640314 ns, Total: 183402727 ns
[2025-10-13T17:51:53.175-0700][1207][info ][safepoint   ] Safepoint "Cleanup", Time since last: 1000104151 ns, Reaching safepoint: 1305446 ns, Cleanup: 20831 ns, At safepoint: 930188 ns, Total: 2256465 ns
[2025-10-13T17:51:54.632-0700][1207][info ][gc,start    ] GC(222) Pause Young (Mixed) (G1 Evacuation Pause)
[2025-10-13T17:51:54.632-0700][1207][info ][gc,task     ] GC(222) Using 113 workers of 113 for evacuation
[2025-10-13T17:51:54.645-0700][1207][debug][gc,remset   ] GC(222) Visited cards 10168064 Total dirty 56492032 (18.00%) Total old 313065472 (3.25%)
[2025-10-13T17:51:54.788-0700][1207][info ][gc,phases   ] GC(222)   Pre Evacuate Collection Set: 0.8ms
[2025-10-13T17:51:54.789-0700][1207][info ][gc,phases   ] GC(222)   Merge Heap Roots: 12.0ms
[2025-10-13T17:51:54.789-0700][1207][info ][gc,phases   ] GC(222)   Evacuate Collection Set: 130.8ms
[2025-10-13T17:51:54.789-0700][1207][info ][gc,phases   ] GC(222)   Post Evacuate Collection Set: 12.9ms
[2025-10-13T17:51:54.789-0700][1207][info ][gc,phases   ] GC(222)   Other: 0.1ms
[2025-10-13T17:51:54.789-0700][1207][debug][gc,remset   ] GC(222) Coarsening (recent): Inline->AoC 17062 (0) AoC->Howl 160 (0) Howl->Full 0 (0) Inline->AoC 581 (0) AoC->BitMap 106 (0) BitMap->Full 0 (0) 
[2025-10-13T17:51:54.789-0700][1207][debug][gc,remset   ] GC(222) Coarsening (all): Inline->AoC 5711982 (147) AoC->Howl 159074 (498) Howl->Full 0 (0) Inline->AoC 723177 (156) AoC->BitMap 173481 (406) BitMap->Full 8 (0) 
[2025-10-13T17:51:54.789-0700][1207][info ][gc,heap     ] GC(222) Eden regions: 1714->0(2803)
[2025-10-13T17:51:54.789-0700][1207][info ][gc,heap     ] GC(222) Survivor regions: 201->139(240)
[2025-10-13T17:51:54.789-0700][1207][info ][gc,heap     ] GC(222) Old regions: 908->948
[2025-10-13T17:51:54.789-0700][1207][info ][gc,heap     ] GC(222) Humongous regions: 2->1
[2025-10-13T17:51:54.789-0700][1207][info ][gc,metaspace] GC(222) Metaspace: 316924K(323008K)->316924K(323008K) NonClass: 279628K(282944K)->279628K(282944K) Class: 37296K(40064K)->37296K(40064K)
[2025-10-13T17:51:54.789-0700][1207][info ][gc          ] GC(222) Pause Young (Mixed) (G1 Evacuation Pause) 90372M->34816M(184320M) 156.764ms
[2025-10-13T17:51:54.790-0700][1207][info ][gc,cpu      ] GC(222) User=14.38s Sys=0.15s Real=0.16s
[2025-10-13T17:51:54.792-0700][1207][info ][safepoint   ] Safepoint "G1CollectForAllocation", Time since last: 1453022566 ns, Reaching safepoint: 1534573 ns, Cleanup: 6960 ns, At safepoint: 161998838 ns, Total: 163540371 ns
[2025-10-13T17:51:55.794-0700][1207][info ][safepoint   ] Safepoint "Cleanup", Time since last: 1000105566 ns, Reaching safepoint: 1073215 ns, Cleanup: 33140 ns, At safepoint: 610924 ns, Total: 1717279 ns
[2025-10-13T17:51:56.797-0700][1207][info ][safepoint   ] Safepoint "Cleanup", Time since last: 1000180530 ns, Reaching safepoint: 2630170 ns, Cleanup: 37657 ns, At safepoint: 882756 ns, Total: 3550583 ns
[2025-10-13T17:51:57.801-0700][1207][info ][safepoint   ] Safepoint "Cleanup", Time since last: 1000145847 ns, Reaching safepoint: 1514092 ns, Cleanup: 32098 ns, At safepoint: 2263606 ns, Total: 3809796 ns
[2025-10-13T17:51:58.907-0700][1207][info ][gc,start    ] GC(223) Pause Young (Mixed) (G1 Evacuation Pause)
[2025-10-13T17:51:58.907-0700][1207][info ][gc,task     ] GC(223) Using 113 workers of 113 for evacuation
[2025-10-13T17:51:58.921-0700][1207][debug][gc,remset   ] GC(223) Visited cards 11209984 Total dirty 60227584 (18.61%) Total old 460128256 (2.44%)
[2025-10-13T17:51:59.049-0700][1207][info ][gc,phases   ] GC(223)   Pre Evacuate Collection Set: 1.5ms
[2025-10-13T17:51:59.049-0700][1207][info ][gc,phases   ] GC(223)   Merge Heap Roots: 13.0ms
[2025-10-13T17:51:59.049-0700][1207][info ][gc,phases   ] GC(223)   Evacuate Collection Set: 115.2ms
[2025-10-13T17:51:59.049-0700][1207][info ][gc,phases   ] GC(223)   Post Evacuate Collection Set: 12.4ms
[2025-10-13T17:51:59.049-0700][1207][info ][gc,phases   ] GC(223)   Other: 0.2ms
[2025-10-13T17:51:59.049-0700][1207][debug][gc,remset   ] GC(223) Coarsening (recent): Inline->AoC 30800 (0) AoC->Howl 353 (0) Howl->Full 0 (0) Inline->AoC 1037 (0) AoC->BitMap 319 (0) BitMap->Full 0 (0) 
[2025-10-13T17:51:59.049-0700][1207][debug][gc,remset   ] GC(223) Coarsening (all): Inline->AoC 5742782 (147) AoC->Howl 159427 (498) Howl->Full 0 (0) Inline->AoC 724214 (156) AoC->BitMap 173800 (406) BitMap->Full 8 (0) 
[2025-10-13T17:51:59.049-0700][1207][info ][gc,heap     ] GC(223) Eden regions: 2870->0(2901)
[2025-10-13T17:51:59.049-0700][1207][info ][gc,heap     ] GC(223) Survivor regions: 139->165(377)
[2025-10-13T17:51:59.049-0700][1207][info ][gc,heap     ] GC(223) Old regions: 948->923
[2025-10-13T17:51:59.049-0700][1207][info ][gc,heap     ] GC(223) Humongous regions: 18->2
[2025-10-13T17:51:59.049-0700][1207][info ][gc,metaspace] GC(223) Metaspace: 316935K(323008K)->316935K(323008K) NonClass: 279638K(282944K)->279638K(282944K) Class: 37296K(40064K)->37296K(40064K)
[2025-10-13T17:51:59.049-0700][1207][info ][gc          ] GC(223) Pause Young (Mixed) (G1 Evacuation Pause) 127199M->34859M(184320M) 142.437ms
[2025-10-13T17:51:59.051-0700][1207][info ][gc,cpu      ] GC(223) User=12.28s Sys=0.17s Real=0.15s
[2025-10-13T17:51:59.052-0700][1207][info ][safepoint   ] Safepoint "G1CollectForAllocation", Time since last: 1102056014 ns, Reaching safepoint: 1265755 ns, Cleanup: 5599 ns, At safepoint: 147430089 ns, Total: 148701443 ns
[2025-10-13T17:52:08.054-0700][1207][info ][safepoint   ] Safepoint "Cleanup", Time since last: 9000586102 ns, Reaching safepoint: 1034135 ns, Cleanup: 15654 ns, At safepoint: 697566 ns, Total: 1747355 ns
[2025-10-13T17:52:08.525-0700][1207][info ][gc,start    ] GC(224) Pause Young (Mixed) (G1 Evacuation Pause)
[2025-10-13T17:52:08.525-0700][1207][info ][gc,task     ] GC(224) Using 113 workers of 113 for evacuation
[2025-10-13T17:52:08.539-0700][1207][debug][gc,remset   ] GC(224) Visited cards 10814464 Total dirty 58720256 (18.42%) Total old 478150656 (2.26%)
[2025-10-13T17:52:08.677-0700][1207][info ][gc,phases   ] GC(224)   Pre Evacuate Collection Set: 0.7ms
[2025-10-13T17:52:08.677-0700][1207][info ][gc,phases   ] GC(224)   Merge Heap Roots: 13.9ms
[2025-10-13T17:52:08.677-0700][1207][info ][gc,phases   ] GC(224)   Evacuate Collection Set: 125.1ms
[2025-10-13T17:52:08.677-0700][1207][info ][gc,phases   ] GC(224)   Post Evacuate Collection Set: 12.5ms
[2025-10-13T17:52:08.677-0700][1207][info ][gc,phases   ] GC(224)   Other: 0.2ms
[2025-10-13T17:52:08.677-0700][1207][debug][gc,remset   ] GC(224) Coarsening (recent): Inline->AoC 21820 (0) AoC->Howl 225 (0) Howl->Full 0 (0) Inline->AoC 1025 (0) AoC->BitMap 86 (0) BitMap->Full 0 (0) 
[2025-10-13T17:52:08.677-0700][1207][debug][gc,remset   ] GC(224) Coarsening (all): Inline->AoC 5764602 (147) AoC->Howl 159652 (498) Howl->Full 0 (0) Inline->AoC 725239 (156) AoC->BitMap 173886 (406) BitMap->Full 8 (0) 
[2025-10-13T17:52:08.677-0700][1207][info ][gc,heap     ] GC(224) Eden regions: 2995->0(2849)
[2025-10-13T17:52:08.677-0700][1207][info ][gc,heap     ] GC(224) Survivor regions: 165->193(395)
[2025-10-13T17:52:08.677-0700][1207][info ][gc,heap     ] GC(224) Old regions: 923->890
[2025-10-13T17:52:08.677-0700][1207][info ][gc,heap     ] GC(224) Humongous regions: 16->0
[2025-10-13T17:52:08.677-0700][1207][info ][gc,metaspace] GC(224) Metaspace: 316948K(323008K)->316948K(323008K) NonClass: 279651K(282944K)->279651K(282944K) Class: 37297K(40064K)->37297K(40064K)
[2025-10-13T17:52:08.677-0700][1207][info ][gc          ] GC(224) Pause Young (Mixed) (G1 Evacuation Pause) 131147M->34626M(184320M) 152.573ms
[2025-10-13T17:52:08.679-0700][1207][info ][gc,cpu      ] GC(224) User=13.98s Sys=0.13s Real=0.15s
[2025-10-13T17:52:08.680-0700][1207][info ][safepoint   ] Safepoint "G1CollectForAllocation", Time since last: 467266187 ns, Reaching safepoint: 1010880 ns, Cleanup: 11267 ns, At safepoint: 157322951 ns, Total: 158345098 ns
[2025-10-13T17:52:09.682-0700][1207][info ][safepoint   ] Safepoint "Cleanup", Time since last: 1000090313 ns, Reaching safepoint: 1043529 ns, Cleanup: 23165 ns, At safepoint: 590945 ns, Total: 1657639 ns
[2025-10-13T17:52:15.684-0700][1207][info ][safepoint   ] Safepoint "Cleanup", Time since last: 6000425330 ns, Reaching safepoint: 943649 ns, Cleanup: 17085 ns, At safepoint: 386445 ns, Total: 1347179 ns
[2025-10-13T17:52:16.685-0700][1207][info ][safepoint   ] Safepoint "Cleanup", Time since last: 1000118726 ns, Reaching safepoint: 948245 ns, Cleanup: 14352 ns, At safepoint: 710966 ns, Total: 1673563 ns
[2025-10-13T17:52:17.167-0700][1207][info ][gc,start    ] GC(225) Pause Young (Mixed) (G1 Evacuation Pause)
[2025-10-13T17:52:17.168-0700][1207][info ][gc,task     ] GC(225) Using 113 workers of 113 for evacuation
[2025-10-13T17:52:17.182-0700][1207][debug][gc,remset   ] GC(225) Visited cards 11195136 Total dirty 55967744 (20.00%) Total old 476250112 (2.35%)
[2025-10-13T17:52:17.333-0700][1207][info ][gc,phases   ] GC(225)   Pre Evacuate Collection Set: 0.7ms
[2025-10-13T17:52:17.333-0700][1207][info ][gc,phases   ] GC(225)   Merge Heap Roots: 13.8ms
[2025-10-13T17:52:17.333-0700][1207][info ][gc,phases   ] GC(225)   Evacuate Collection Set: 135.6ms
[2025-10-13T17:52:17.333-0700][1207][info ][gc,phases   ] GC(225)   Post Evacuate Collection Set: 15.0ms
[2025-10-13T17:52:17.333-0700][1207][info ][gc,phases   ] GC(225)   Other: 0.2ms
[2025-10-13T17:52:17.333-0700][1207][debug][gc,remset   ] GC(225) Coarsening (recent): Inline->AoC 24118 (0) AoC->Howl 211 (0) Howl->Full 0 (0) Inline->AoC 944 (0) AoC->BitMap 100 (0) BitMap->Full 0 (0) 
[2025-10-13T17:52:17.333-0700][1207][debug][gc,remset   ] GC(225) Coarsening (all): Inline->AoC 5788720 (147) AoC->Howl 159863 (498) Howl->Full 0 (0) Inline->AoC 726183 (156) AoC->BitMap 173986 (406) BitMap->Full 8 (0) 
[2025-10-13T17:52:17.333-0700][1207][info ][gc,heap     ] GC(225) Eden regions: 2970->0(2241)
[2025-10-13T17:52:17.333-0700][1207][info ][gc,heap     ] GC(225) Survivor regions: 193->228(396)
[2025-10-13T17:52:17.333-0700][1207][info ][gc,heap     ] GC(225) Old regions: 890->857
[2025-10-13T17:52:17.333-0700][1207][info ][gc,heap     ] GC(225) Humongous regions: 14->0
[2025-10-13T17:52:17.333-0700][1207][info ][gc,metaspace] GC(225) Metaspace: 316956K(323008K)->316956K(323008K) NonClass: 279657K(282944K)->279657K(282944K) Class: 37298K(40064K)->37298K(40064K)
[2025-10-13T17:52:17.333-0700][1207][info ][gc          ] GC(225) Pause Young (Mixed) (G1 Evacuation Pause) 130114M->34691M(184320M) 165.451ms
[2025-10-13T17:52:17.335-0700][1207][info ][gc,cpu      ] GC(225) User=16.38s Sys=0.12s Real=0.17s
[2025-10-13T17:52:17.336-0700][1207][info ][safepoint   ] Safepoint "G1CollectForAllocation", Time since last: 479406070 ns, Reaching safepoint: 876977 ns, Cleanup: 5559 ns, At safepoint: 170280402 ns, Total: 171162938 ns
[2025-10-13T17:52:19.338-0700][1207][info ][safepoint   ] Safepoint "Cleanup", Time since last: 2000171281 ns, Reaching safepoint: 1228550 ns, Cleanup: 19789 ns, At safepoint: 987755 ns, Total: 2236094 ns
[2025-10-13T17:52:22.514-0700][1207][info ][gc,start    ] GC(226) Pause Young (Mixed) (G1 Evacuation Pause)
[2025-10-13T17:52:22.514-0700][1207][info ][gc,task     ] GC(226) Using 113 workers of 113 for evacuation
[2025-10-13T17:52:22.528-0700][1207][debug][gc,remset   ] GC(226) Visited cards 10983168 Total dirty 53673984 (20.46%) Total old 408158208 (2.69%)
[2025-10-13T17:52:22.694-0700][1207][info ][gc,phases   ] GC(226)   Pre Evacuate Collection Set: 0.7ms
[2025-10-13T17:52:22.694-0700][1207][info ][gc,phases   ] GC(226)   Merge Heap Roots: 13.0ms
[2025-10-13T17:52:22.694-0700][1207][info ][gc,phases   ] GC(226)   Evacuate Collection Set: 152.7ms
[2025-10-13T17:52:22.694-0700][1207][info ][gc,phases   ] GC(226)   Post Evacuate Collection Set: 14.0ms
[2025-10-13T17:52:22.694-0700][1207][info ][gc,phases   ] GC(226)   Other: 0.2ms
[2025-10-13T17:52:22.694-0700][1207][debug][gc,remset   ] GC(226) Coarsening (recent): Inline->AoC 29129 (0) AoC->Howl 202 (0) Howl->Full 0 (0) Inline->AoC 872 (0) AoC->BitMap 81 (0) BitMap->Full 0 (0) 
[2025-10-13T17:52:22.694-0700][1207][debug][gc,remset   ] GC(226) Coarsening (all): Inline->AoC 5817849 (147) AoC->Howl 160065 (498) Howl->Full 0 (0) Inline->AoC 727055 (156) AoC->BitMap 174067 (406) BitMap->Full 8 (0) 
[2025-10-13T17:52:22.694-0700][1207][info ][gc,heap     ] GC(226) Eden regions: 2434->0(3076)
[2025-10-13T17:52:22.694-0700][1207][info ][gc,heap     ] GC(226) Survivor regions: 228->193(333)
[2025-10-13T17:52:22.694-0700][1207][info ][gc,heap     ] GC(226) Old regions: 857->894
[2025-10-13T17:52:22.694-0700][1207][info ][gc,heap     ] GC(226) Humongous regions: 10->0
[2025-10-13T17:52:22.694-0700][1207][info ][gc,metaspace] GC(226) Metaspace: 316962K(323008K)->316962K(323008K) NonClass: 279663K(282944K)->279663K(282944K) Class: 37298K(40064K)->37298K(40064K)
[2025-10-13T17:52:22.694-0700][1207][info ][gc          ] GC(226) Pause Young (Mixed) (G1 Evacuation Pause) 112899M->34732M(184320M) 180.754ms
[2025-10-13T17:52:22.696-0700][1207][info ][gc,cpu      ] GC(226) User=17.76s Sys=0.27s Real=0.18s
[2025-10-13T17:52:22.698-0700][1207][info ][safepoint   ] Safepoint "G1CollectForAllocation", Time since last: 3172667764 ns, Reaching safepoint: 897729 ns, Cleanup: 7201 ns, At safepoint: 185613307 ns, Total: 186518237 ns
[2025-10-13T17:52:28.700-0700][1207][info ][safepoint   ] Safepoint "Cleanup", Time since last: 6000431811 ns, Reaching safepoint: 1843570 ns, Cleanup: 9865 ns, At safepoint: 148725 ns, Total: 2002160 ns
[2025-10-13T17:52:32.701-0700][1207][info ][safepoint   ] Safepoint "Cleanup", Time since last: 4000267569 ns, Reaching safepoint: 831699 ns, Cleanup: 11397 ns, At safepoint: 186563 ns, Total: 1029659 ns
[2025-10-13T17:52:33.702-0700][1207][info ][safepoint   ] Safepoint "Cleanup", Time since last: 1000105726 ns, Reaching safepoint: 859070 ns, Cleanup: 12699 ns, At safepoint: 200694 ns, Total: 1072463 ns
[2025-10-13T17:52:34.704-0700][1207][info ][safepoint   ] Safepoint "Cleanup", Time since last: 1000103243 ns, Reaching safepoint: 746169 ns, Cleanup: 15323 ns, At safepoint: 171409 ns, Total: 932901 ns
[2025-10-13T17:52:35.705-0700][1207][info ][safepoint   ] Safepoint "Cleanup", Time since last: 1000106969 ns, Reaching safepoint: 902786 ns, Cleanup: 13420 ns, At safepoint: 211841 ns, Total: 1128047 ns
[2025-10-13T17:52:36.706-0700][1207][info ][safepoint   ] Safepoint "Cleanup", Time since last: 1000109041 ns, Reaching safepoint: 860763 ns, Cleanup: 28763 ns, At safepoint: 244871 ns, Total: 1134397 ns
[2025-10-13T17:52:36.967-0700][1207][info ][gc,start    ] GC(227) Pause Young (Mixed) (G1 Evacuation Pause)
[2025-10-13T17:52:36.967-0700][1207][info ][gc,task     ] GC(227) Using 113 workers of 113 for evacuation
[2025-10-13T17:52:36.981-0700][1207][debug][gc,remset   ] GC(227) Visited cards 11369472 Total dirty 55967744 (20.31%) Total old 503513088 (2.26%)
[2025-10-13T17:52:37.125-0700][1207][info ][gc,phases   ] GC(227)   Pre Evacuate Collection Set: 0.8ms
[2025-10-13T17:52:37.125-0700][1207][info ][gc,phases   ] GC(227)   Merge Heap Roots: 14.0ms
[2025-10-13T17:52:37.125-0700][1207][info ][gc,phases   ] GC(227)   Evacuate Collection Set: 128.0ms
[2025-10-13T17:52:37.125-0700][1207][info ][gc,phases   ] GC(227)   Post Evacuate Collection Set: 15.6ms
[2025-10-13T17:52:37.125-0700][1207][info ][gc,phases   ] GC(227)   Other: 0.2ms
[2025-10-13T17:52:37.125-0700][1207][debug][gc,remset   ] GC(227) Coarsening (recent): Inline->AoC 28598 (0) AoC->Howl 221 (0) Howl->Full 0 (0) Inline->AoC 867 (0) AoC->BitMap 113 (0) BitMap->Full 0 (0) 
[2025-10-13T17:52:37.125-0700][1207][debug][gc,remset   ] GC(227) Coarsening (all): Inline->AoC 5846447 (147) AoC->Howl 160286 (498) Howl->Full 0 (0) Inline->AoC 727922 (156) AoC->BitMap 174180 (406) BitMap->Full 8 (0) 
[2025-10-13T17:52:37.125-0700][1207][info ][gc,heap     ] GC(227) Eden regions: 3176->0(3172)
[2025-10-13T17:52:37.125-0700][1207][info ][gc,heap     ] GC(227) Survivor regions: 193->206(422)
[2025-10-13T17:52:37.125-0700][1207][info ][gc,heap     ] GC(227) Old regions: 894->869
[2025-10-13T17:52:37.125-0700][1207][info ][gc,heap     ] GC(227) Humongous regions: 14->0
[2025-10-13T17:52:37.125-0700][1207][info ][gc,metaspace] GC(227) Metaspace: 316969K(323008K)->316969K(323008K) NonClass: 279670K(282944K)->279670K(282944K) Class: 37299K(40064K)->37299K(40064K)
[2025-10-13T17:52:37.125-0700][1207][info ][gc          ] GC(227) Pause Young (Mixed) (G1 Evacuation Pause) 136812M->34375M(184320M) 158.646ms
[2025-10-13T17:52:37.127-0700][1207][info ][gc,cpu      ] GC(227) User=14.84s Sys=0.17s Real=0.16s
[2025-10-13T17:52:37.128-0700][1207][info ][safepoint   ] Safepoint "G1CollectForAllocation", Time since last: 257878668 ns, Reaching safepoint: 887173 ns, Cleanup: 4677 ns, At safepoint: 163374540 ns, Total: 164266390 ns
[2025-10-13T17:52:38.129-0700][1207][info ][safepoint   ] Safepoint "Cleanup", Time since last: 1000074729 ns, Reaching safepoint: 850828 ns, Cleanup: 16485 ns, At safepoint: 352744 ns, Total: 1220057 ns
[2025-10-13T17:52:42.131-0700][1207][info ][safepoint   ] Safepoint "Cleanup", Time since last: 4000297745 ns, Reaching safepoint: 987845 ns, Cleanup: 21943 ns, At safepoint: 724617 ns, Total: 1734405 ns
[2025-10-13T17:52:44.133-0700][1207][info ][safepoint   ] Safepoint "Cleanup", Time since last: 2000179554 ns, Reaching safepoint: 759570 ns, Cleanup: 12028 ns, At safepoint: 482089 ns, Total: 1253687 ns
[2025-10-13T17:52:45.323-0700][1207][info ][gc,start    ] GC(228) Pause Young (Mixed) (G1 Evacuation Pause)
[2025-10-13T17:52:45.323-0700][1207][info ][gc,task     ] GC(228) Using 113 workers of 113 for evacuation
[2025-10-13T17:52:45.337-0700][1207][debug][gc,remset   ] GC(228) Visited cards 11394304 Total dirty 55508992 (20.53%) Total old 505282560 (2.26%)
[2025-10-13T17:52:45.517-0700][1207][info ][gc,phases   ] GC(228)   Pre Evacuate Collection Set: 0.9ms
[2025-10-13T17:52:45.517-0700][1207][info ][gc,phases   ] GC(228)   Merge Heap Roots: 12.7ms
[2025-10-13T17:52:45.517-0700][1207][info ][gc,phases   ] GC(228)   Evacuate Collection Set: 163.1ms
[2025-10-13T17:52:45.517-0700][1207][info ][gc,phases   ] GC(228)   Post Evacuate Collection Set: 17.1ms
[2025-10-13T17:52:45.517-0700][1207][info ][gc,phases   ] GC(228)   Other: 0.2ms
[2025-10-13T17:52:45.517-0700][1207][debug][gc,remset   ] GC(228) Coarsening (recent): Inline->AoC 45045 (0) AoC->Howl 193 (0) Howl->Full 0 (0) Inline->AoC 945 (0) AoC->BitMap 93 (0) BitMap->Full 0 (0) 
[2025-10-13T17:52:45.517-0700][1207][debug][gc,remset   ] GC(228) Coarsening (all): Inline->AoC 5891492 (147) AoC->Howl 160479 (498) Howl->Full 0 (0) Inline->AoC 728867 (156) AoC->BitMap 174273 (406) BitMap->Full 8 (0) 
[2025-10-13T17:52:45.517-0700][1207][info ][gc,heap     ] GC(228) Eden regions: 3190->0(2848)
[2025-10-13T17:52:45.517-0700][1207][info ][gc,heap     ] GC(228) Survivor regions: 206->254(425)
[2025-10-13T17:52:45.517-0700][1207][info ][gc,heap     ] GC(228) Old regions: 869->844
[2025-10-13T17:52:45.517-0700][1207][info ][gc,heap     ] GC(228) Humongous regions: 17->1
[2025-10-13T17:52:45.517-0700][1207][info ][gc,metaspace] GC(228) Metaspace: 317005K(323008K)->317005K(323008K) NonClass: 279699K(282944K)->279699K(282944K) Class: 37305K(40064K)->37305K(40064K)
[2025-10-13T17:52:45.517-0700][1207][info ][gc          ] GC(228) Pause Young (Mixed) (G1 Evacuation Pause) 136999M->35161M(184320M) 194.205ms
[2025-10-13T17:52:45.519-0700][1207][info ][gc,cpu      ] GC(228) User=17.12s Sys=0.27s Real=0.19s
[2025-10-13T17:52:45.520-0700][1207][info ][safepoint   ] Safepoint "G1CollectForAllocation", Time since last: 1186828573 ns, Reaching safepoint: 1318386 ns, Cleanup: 8633 ns, At safepoint: 199451831 ns, Total: 200778850 ns
[2025-10-13T17:52:45.709-0700][1207][info ][gc,start    ] GC(229) Pause Young (Concurrent Start) (G1 Humongous Allocation)
[2025-10-13T17:52:45.709-0700][1207][info ][gc,task     ] GC(229) Using 113 workers of 113 for evacuation
[2025-10-13T17:52:45.720-0700][1207][debug][gc,remset   ] GC(229) Visited cards 8661760 Total dirty 52035584 (16.65%) Total old 109379584 (7.92%)
[2025-10-13T17:52:45.883-0700][1207][info ][gc,phases   ] GC(229)   Pre Evacuate Collection Set: 0.9ms
[2025-10-13T17:52:45.883-0700][1207][info ][gc,phases   ] GC(229)   Merge Heap Roots: 10.2ms
[2025-10-13T17:52:45.883-0700][1207][info ][gc,phases   ] GC(229)   Evacuate Collection Set: 151.1ms
[2025-10-13T17:52:45.883-0700][1207][info ][gc,phases   ] GC(229)   Post Evacuate Collection Set: 12.0ms
[2025-10-13T17:52:45.883-0700][1207][info ][gc,phases   ] GC(229)   Other: 0.1ms
[2025-10-13T17:52:45.883-0700][1207][debug][gc,remset   ] GC(229) Coarsening (recent): Inline->AoC 0 (0) AoC->Howl 0 (0) Howl->Full 0 (0) Inline->AoC 0 (0) AoC->BitMap 0 (0) BitMap->Full 0 (0) 
[2025-10-13T17:52:45.883-0700][1207][debug][gc,remset   ] GC(229) Coarsening (all): Inline->AoC 5891492 (147) AoC->Howl 160479 (498) Howl->Full 0 (0) Inline->AoC 728867 (156) AoC->BitMap 174273 (406) BitMap->Full 8 (0) 
[2025-10-13T17:52:45.883-0700][1207][info ][gc,heap     ] GC(229) Eden regions: 158->0(1354)
[2025-10-13T17:52:45.883-0700][1207][info ][gc,heap     ] GC(229) Survivor regions: 254->218(432)
[2025-10-13T17:52:45.883-0700][1207][info ][gc,heap     ] GC(229) Old regions: 844->885
[2025-10-13T17:52:45.883-0700][1207][info ][gc,heap     ] GC(229) Humongous regions: 1->0
[2025-10-13T17:52:45.883-0700][1207][info ][gc,metaspace] GC(229) Metaspace: 317005K(323008K)->317005K(323008K) NonClass: 279699K(282944K)->279699K(282944K) Class: 37305K(40064K)->37305K(40064K)
[2025-10-13T17:52:45.883-0700][1207][info ][gc          ] GC(229) Pause Young (Concurrent Start) (G1 Humongous Allocation) 40217M->35270M(184320M) 174.465ms
[2025-10-13T17:52:45.883-0700][1090][info ][gc          ] GC(230) Concurrent Mark Cycle
[2025-10-13T17:52:45.884-0700][1090][info ][gc,marking  ] GC(230) Concurrent Scan Root Regions
[2025-10-13T17:52:45.886-0700][1207][info ][gc,cpu      ] GC(229) User=15.11s Sys=0.00s Real=0.18s
[2025-10-13T17:52:45.887-0700][1207][info ][safepoint   ] Safepoint "G1TryInitiateConcMark", Time since last: 184894570 ns, Reaching safepoint: 1371015 ns, Cleanup: 14532 ns, At safepoint: 180385846 ns, Total: 181771393 ns
[2025-10-13T17:52:46.010-0700][1090][info ][gc,marking  ] GC(230) Concurrent Scan Root Regions 126.369ms
[2025-10-13T17:52:46.010-0700][1090][info ][gc,marking  ] GC(230) Concurrent Mark
[2025-10-13T17:52:46.010-0700][1090][info ][gc,marking  ] GC(230) Concurrent Mark From Roots
[2025-10-13T17:52:46.010-0700][1090][info ][gc,task     ] GC(230) Using 36 workers of 36 for marking
[2025-10-13T17:52:46.306-0700][1090][info ][gc,marking  ] GC(230) Concurrent Mark From Roots 296.448ms
[2025-10-13T17:52:46.307-0700][1090][info ][gc,marking  ] GC(230) Concurrent Preclean
[2025-10-13T17:52:46.326-0700][1090][info ][gc,marking  ] GC(230) Concurrent Preclean 19.346ms
[2025-10-13T17:52:46.329-0700][1207][info ][gc,start    ] GC(230) Pause Remark
[2025-10-13T17:52:46.487-0700][1207][info ][gc          ] GC(230) Pause Remark 45343M->45055M(184320M) 158.276ms
[2025-10-13T17:52:46.489-0700][1207][info ][gc,cpu      ] GC(230) User=13.60s Sys=0.00s Real=0.16s
[2025-10-13T17:52:46.492-0700][1207][info ][safepoint   ] Safepoint "G1PauseRemark", Time since last: 438786434 ns, Reaching safepoint: 1167097 ns, Cleanup: 19930 ns, At safepoint: 165215847 ns, Total: 166402874 ns
[2025-10-13T17:52:46.492-0700][1090][info ][gc,marking  ] GC(230) Concurrent Mark 482.479ms
[2025-10-13T17:52:46.493-0700][1090][info ][gc,marking  ] GC(230) Concurrent Rebuild Remembered Sets and Scrub Regions
[2025-10-13T17:52:46.973-0700][1090][info ][gc,marking  ] GC(230) Concurrent Rebuild Remembered Sets and Scrub Regions 480.001ms
[2025-10-13T17:52:46.976-0700][1207][info ][gc,start    ] GC(230) Pause Cleanup
[2025-10-13T17:52:46.978-0700][1207][info ][gc          ] GC(230) Pause Cleanup 55229M->55229M(184320M) 2.041ms
[2025-10-13T17:52:46.980-0700][1207][info ][gc,cpu      ] GC(230) User=0.01s Sys=0.01s Real=0.00s
[2025-10-13T17:52:46.981-0700][1207][info ][safepoint   ] Safepoint "G1PauseCleanup", Time since last: 480314124 ns, Reaching safepoint: 1567482 ns, Cleanup: 28033 ns, At safepoint: 6592998 ns, Total: 8188513 ns
[2025-10-13T17:52:46.981-0700][1090][info ][gc,marking  ] GC(230) Concurrent Clear Claimed Marks
[2025-10-13T17:52:46.983-0700][1090][info ][gc,marking  ] GC(230) Concurrent Clear Claimed Marks 1.538ms
[2025-10-13T17:52:46.983-0700][1090][info ][gc,marking  ] GC(230) Concurrent Cleanup for Next Mark
[2025-10-13T17:52:47.024-0700][1090][info ][gc,marking  ] GC(230) Concurrent Cleanup for Next Mark 41.575ms
[2025-10-13T17:52:47.024-0700][1090][info ][gc          ] GC(230) Concurrent Mark Cycle 1140.938ms
[2025-10-13T17:52:47.814-0700][1207][info ][gc,start    ] GC(231) Pause Young (Prepare Mixed) (G1 Evacuation Pause)
[2025-10-13T17:52:47.814-0700][1207][info ][gc,task     ] GC(231) Using 113 workers of 113 for evacuation
[2025-10-13T17:52:47.827-0700][1207][debug][gc,remset   ] GC(231) Visited cards 9503232 Total dirty 54525952 (17.43%) Total old 242352128 (3.92%)
[2025-10-13T17:52:47.981-0700][1207][info ][gc,phases   ] GC(231)   Pre Evacuate Collection Set: 0.9ms
[2025-10-13T17:52:47.981-0700][1207][info ][gc,phases   ] GC(231)   Merge Heap Roots: 12.3ms
[2025-10-13T17:52:47.981-0700][1207][info ][gc,phases   ] GC(231)   Evacuate Collection Set: 140.8ms
[2025-10-13T17:52:47.981-0700][1207][info ][gc,phases   ] GC(231)   Post Evacuate Collection Set: 12.6ms
[2025-10-13T17:52:47.981-0700][1207][info ][gc,phases   ] GC(231)   Other: 0.2ms
[2025-10-13T17:52:47.981-0700][1207][debug][gc,remset   ] GC(231) Coarsening (recent): Inline->AoC 143129 (10) AoC->Howl 6113 (22) Howl->Full 0 (0) Inline->AoC 29242 (4) AoC->BitMap 7311 (11) BitMap->Full 0 (0) 
[2025-10-13T17:52:47.981-0700][1207][debug][gc,remset   ] GC(231) Coarsening (all): Inline->AoC 6034621 (157) AoC->Howl 166592 (520) Howl->Full 0 (0) Inline->AoC 758109 (160) AoC->BitMap 181584 (417) BitMap->Full 8 (0) 
[2025-10-13T17:52:47.981-0700][1207][info ][gc,heap     ] GC(231) Eden regions: 1191->0(2393)
[2025-10-13T17:52:47.981-0700][1207][info ][gc,heap     ] GC(231) Survivor regions: 218->122(177)
[2025-10-13T17:52:47.981-0700][1207][info ][gc,heap     ] GC(231) Old regions: 876->983
[2025-10-13T17:52:47.981-0700][1207][info ][gc,heap     ] GC(231) Humongous regions: 4->0
[2025-10-13T17:52:47.981-0700][1207][info ][gc,metaspace] GC(231) Metaspace: 316894K(323072K)->316894K(323072K) NonClass: 279611K(283008K)->279611K(283008K) Class: 37282K(40064K)->37282K(40064K)
[2025-10-13T17:52:47.981-0700][1207][info ][gc          ] GC(231) Pause Young (Prepare Mixed) (G1 Evacuation Pause) 73222M->35333M(184320M) 166.953ms
[2025-10-13T17:52:47.982-0700][1207][info ][gc,cpu      ] GC(231) User=14.07s Sys=0.08s Real=0.17s
[2025-10-13T17:52:47.984-0700][1207][info ][safepoint   ] Safepoint "G1CollectForAllocation", Time since last: 829638261 ns, Reaching safepoint: 1324154 ns, Cleanup: 14813 ns, At safepoint: 172078703 ns, Total: 173417670 ns
[2025-10-13T17:52:49.991-0700][1207][info ][safepoint   ] Safepoint "Cleanup", Time since last: 2000182198 ns, Reaching safepoint: 3230189 ns, Cleanup: 15674 ns, At safepoint: 4129730 ns, Total: 7375593 ns
[2025-10-13T17:52:50.999-0700][1207][info ][safepoint   ] Safepoint "Cleanup", Time since last: 1000163003 ns, Reaching safepoint: 1789739 ns, Cleanup: 13119 ns, At safepoint: 5459002 ns, Total: 7261860 ns
[2025-10-13T17:52:51.348-0700][1207][info ][gc,start    ] GC(232) Pause Young (Mixed) (G1 Evacuation Pause)
[2025-10-13T17:52:51.348-0700][1207][info ][gc,task     ] GC(232) Using 113 workers of 113 for evacuation
[2025-10-13T17:52:51.362-0700][1207][debug][gc,remset   ] GC(232) Visited cards 10356480 Total dirty 59375616 (17.44%) Total old 412352512 (2.51%)
[2025-10-13T17:52:51.477-0700][1207][info ][gc,phases   ] GC(232)   Pre Evacuate Collection Set: 1.0ms
[2025-10-13T17:52:51.477-0700][1207][info ][gc,phases   ] GC(232)   Merge Heap Roots: 13.2ms
[2025-10-13T17:52:51.477-0700][1207][info ][gc,phases   ] GC(232)   Evacuate Collection Set: 102.4ms
[2025-10-13T17:52:51.477-0700][1207][info ][gc,phases   ] GC(232)   Post Evacuate Collection Set: 12.5ms
[2025-10-13T17:52:51.477-0700][1207][info ][gc,phases   ] GC(232)   Other: 0.2ms
[2025-10-13T17:52:51.477-0700][1207][debug][gc,remset   ] GC(232) Coarsening (recent): Inline->AoC 25939 (19) AoC->Howl 543 (106) Howl->Full 0 (0) Inline->AoC 1304 (25) AoC->BitMap 441 (80) BitMap->Full 0 (0) 
[2025-10-13T17:52:51.477-0700][1207][debug][gc,remset   ] GC(232) Coarsening (all): Inline->AoC 6060560 (176) AoC->Howl 167135 (626) Howl->Full 0 (0) Inline->AoC 759413 (185) AoC->BitMap 182025 (497) BitMap->Full 8 (0) 
[2025-10-13T17:52:51.477-0700][1207][info ][gc,heap     ] GC(232) Eden regions: 2504->0(2699)
[2025-10-13T17:52:51.477-0700][1207][info ][gc,heap     ] GC(232) Survivor regions: 122->138(329)
[2025-10-13T17:52:51.477-0700][1207][info ][gc,heap     ] GC(232) Old regions: 983->956
[2025-10-13T17:52:51.477-0700][1207][info ][gc,heap     ] GC(232) Humongous regions: 15->0
[2025-10-13T17:52:51.477-0700][1207][info ][gc,metaspace] GC(232) Metaspace: 316942K(323072K)->316942K(323072K) NonClass: 279652K(283008K)->279652K(283008K) Class: 37289K(40064K)->37289K(40064K)
[2025-10-13T17:52:51.477-0700][1207][info ][gc          ] GC(232) Pause Young (Mixed) (G1 Evacuation Pause) 115941M->34972M(184320M) 129.518ms
[2025-10-13T17:52:51.479-0700][1207][info ][gc,cpu      ] GC(232) User=10.62s Sys=0.08s Real=0.13s
[2025-10-13T17:52:51.481-0700][1207][info ][safepoint   ] Safepoint "G1CollectForAllocation", Time since last: 346167019 ns, Reaching safepoint: 888234 ns, Cleanup: 4367 ns, At safepoint: 134715015 ns, Total: 135607616 ns
[2025-10-13T17:52:52.677-0700][1207][info ][safepoint   ] Safepoint "Cleanup", Time since last: 1194413573 ns, Reaching safepoint: 914664 ns, Cleanup: 9534 ns, At safepoint: 552256 ns, Total: 1476454 ns
[2025-10-13T17:52:54.678-0700][1207][info ][safepoint   ] Safepoint "Cleanup", Time since last: 2000175534 ns, Reaching safepoint: 805459 ns, Cleanup: 20261 ns, At safepoint: 421537 ns, Total: 1247257 ns
[2025-10-13T17:52:55.679-0700][1207][info ][safepoint   ] Safepoint "Cleanup", Time since last: 1000115054 ns, Reaching safepoint: 864438 ns, Cleanup: 28443 ns, At safepoint: 348447 ns, Total: 1241328 ns
[2025-10-13T17:52:56.681-0700][1207][info ][safepoint   ] Safepoint "Cleanup", Time since last: 1000115819 ns, Reaching safepoint: 1169170 ns, Cleanup: 37637 ns, At safepoint: 779249 ns, Total: 1986056 ns
[2025-10-13T17:52:56.846-0700][1207][info ][gc,start    ] GC(233) Pause Young (Mixed) (G1 Evacuation Pause)
[2025-10-13T17:52:56.846-0700][1207][info ][gc,task     ] GC(233) Using 113 workers of 113 for evacuation
[2025-10-13T17:52:56.862-0700][1207][debug][gc,remset   ] GC(233) Visited cards 10211328 Total dirty 58523648 (17.45%) Total old 457768960 (2.23%)
[2025-10-13T17:52:56.982-0700][1207][info ][gc,phases   ] GC(233)   Pre Evacuate Collection Set: 0.8ms
[2025-10-13T17:52:56.982-0700][1207][info ][gc,phases   ] GC(233)   Merge Heap Roots: 14.9ms
[2025-10-13T17:52:56.982-0700][1207][info ][gc,phases   ] GC(233)   Evacuate Collection Set: 106.4ms
[2025-10-13T17:52:56.982-0700][1207][info ][gc,phases   ] GC(233)   Post Evacuate Collection Set: 13.1ms
[2025-10-13T17:52:56.982-0700][1207][info ][gc,phases   ] GC(233)   Other: 0.2ms
[2025-10-13T17:52:56.982-0700][1207][debug][gc,remset   ] GC(233) Coarsening (recent): Inline->AoC 17700 (4) AoC->Howl 167 (20) Howl->Full 0 (0) Inline->AoC 516 (3) AoC->BitMap 138 (21) BitMap->Full 0 (0) 
[2025-10-13T17:52:56.982-0700][1207][debug][gc,remset   ] GC(233) Coarsening (all): Inline->AoC 6078260 (180) AoC->Howl 167302 (646) Howl->Full 0 (0) Inline->AoC 759929 (188) AoC->BitMap 182163 (518) BitMap->Full 8 (0) 
[2025-10-13T17:52:56.982-0700][1207][info ][gc,heap     ] GC(233) Eden regions: 2846->0(2794)
[2025-10-13T17:52:56.982-0700][1207][info ][gc,heap     ] GC(233) Survivor regions: 138->163(373)
[2025-10-13T17:52:56.982-0700][1207][info ][gc,heap     ] GC(233) Old regions: 956->918
[2025-10-13T17:52:56.982-0700][1207][info ][gc,heap     ] GC(233) Humongous regions: 19->0
[2025-10-13T17:52:56.982-0700][1207][info ][gc,metaspace] GC(233) Metaspace: 316955K(323072K)->316955K(323072K) NonClass: 279666K(283008K)->279666K(283008K) Class: 37289K(40064K)->37289K(40064K)
[2025-10-13T17:52:56.982-0700][1207][info ][gc          ] GC(233) Pause Young (Mixed) (G1 Evacuation Pause) 126652M->34555M(184320M) 135.598ms
[2025-10-13T17:52:56.984-0700][1207][info ][gc,cpu      ] GC(233) User=12.10s Sys=0.15s Real=0.14s
[2025-10-13T17:52:56.985-0700][1207][info ][safepoint   ] Safepoint "G1CollectForAllocation", Time since last: 161906328 ns, Reaching safepoint: 945741 ns, Cleanup: 4918 ns, At safepoint: 140601877 ns, Total: 141552536 ns
[2025-10-13T17:52:58.986-0700][1207][info ][safepoint   ] Safepoint "Cleanup", Time since last: 2000142612 ns, Reaching safepoint: 886832 ns, Cleanup: 10957 ns, At safepoint: 266984 ns, Total: 1164773 ns
[2025-10-13T17:52:59.988-0700][1207][info ][safepoint   ] Safepoint "Cleanup", Time since last: 1000112263 ns, Reaching safepoint: 808033 ns, Cleanup: 13100 ns, At safepoint: 487457 ns, Total: 1308590 ns
[2025-10-13T17:53:00.992-0700][1207][info ][safepoint   ] Safepoint "Cleanup", Time since last: 1000119194 ns, Reaching safepoint: 3006019 ns, Cleanup: 34102 ns, At safepoint: 1146775 ns, Total: 4186896 ns
[2025-10-13T17:53:01.994-0700][1207][info ][safepoint   ] Safepoint "Cleanup", Time since last: 1000112884 ns, Reaching safepoint: 905160 ns, Cleanup: 16465 ns, At safepoint: 941755 ns, Total: 1863380 ns
[2025-10-13T17:53:02.997-0700][1207][info ][safepoint   ] Safepoint "Cleanup", Time since last: 1000118693 ns, Reaching safepoint: 1232535 ns, Cleanup: 15924 ns, At safepoint: 1336312 ns, Total: 2584771 ns
[2025-10-13T17:53:04.107-0700][1207][info ][gc,start    ] GC(234) Pause Young (Mixed) (G1 Evacuation Pause)
[2025-10-13T17:53:04.107-0700][1207][info ][gc,task     ] GC(234) Using 113 workers of 113 for evacuation
[2025-10-13T17:53:04.121-0700][1207][debug][gc,remset   ] GC(234) Visited cards 9868544 Total dirty 56688640 (17.41%) Total old 471203840 (2.09%)
[2025-10-13T17:53:04.254-0700][1207][info ][gc,phases   ] GC(234)   Pre Evacuate Collection Set: 0.7ms
[2025-10-13T17:53:04.254-0700][1207][info ][gc,phases   ] GC(234)   Merge Heap Roots: 13.4ms
[2025-10-13T17:53:04.254-0700][1207][info ][gc,phases   ] GC(234)   Evacuate Collection Set: 119.7ms
[2025-10-13T17:53:04.254-0700][1207][info ][gc,phases   ] GC(234)   Post Evacuate Collection Set: 13.3ms
[2025-10-13T17:53:04.254-0700][1207][info ][gc,phases   ] GC(234)   Other: 0.2ms
[2025-10-13T17:53:04.254-0700][1207][debug][gc,remset   ] GC(234) Coarsening (recent): Inline->AoC 17734 (0) AoC->Howl 204 (1) Howl->Full 0 (0) Inline->AoC 773 (0) AoC->BitMap 152 (1) BitMap->Full 0 (0) 
[2025-10-13T17:53:04.254-0700][1207][debug][gc,remset   ] GC(234) Coarsening (all): Inline->AoC 6095994 (180) AoC->Howl 167506 (647) Howl->Full 0 (0) Inline->AoC 760702 (188) AoC->BitMap 182315 (519) BitMap->Full 8 (0) 
[2025-10-13T17:53:04.254-0700][1207][info ][gc,heap     ] GC(234) Eden regions: 2939->0(2732)
[2025-10-13T17:53:04.254-0700][1207][info ][gc,heap     ] GC(234) Survivor regions: 163->197(388)
[2025-10-13T17:53:04.254-0700][1207][info ][gc,heap     ] GC(234) Old regions: 918->878
[2025-10-13T17:53:04.254-0700][1207][info ][gc,heap     ] GC(234) Humongous regions: 26->1
[2025-10-13T17:53:04.254-0700][1207][info ][gc,metaspace] GC(234) Metaspace: 317026K(323072K)->317026K(323072K) NonClass: 279728K(283008K)->279728K(283008K) Class: 37297K(40064K)->37297K(40064K)
[2025-10-13T17:53:04.254-0700][1207][info ][gc          ] GC(234) Pause Young (Mixed) (G1 Evacuation Pause) 129435M->34408M(184320M) 147.533ms
[2025-10-13T17:53:04.256-0700][1207][info ][gc,cpu      ] GC(234) User=13.33s Sys=0.14s Real=0.15s
[2025-10-13T17:53:04.257-0700][1207][info ][safepoint   ] Safepoint "G1CollectForAllocation", Time since last: 1107398113 ns, Reaching safepoint: 877027 ns, Cleanup: 7141 ns, At safepoint: 152466452 ns, Total: 153350620 ns
[2025-10-13T17:53:06.259-0700][1207][info ][safepoint   ] Safepoint "Cleanup", Time since last: 2000158376 ns, Reaching safepoint: 838619 ns, Cleanup: 11728 ns, At safepoint: 152871 ns, Total: 1003218 ns
[2025-10-13T17:53:08.263-0700][1207][info ][safepoint   ] Safepoint "Cleanup", Time since last: 2000343346 ns, Reaching safepoint: 1168769 ns, Cleanup: 20711 ns, At safepoint: 2469327 ns, Total: 3658807 ns
[2025-10-13T17:53:09.049-0700][1207][info ][gc,start    ] GC(235) Pause Young (Mixed) (G1 Evacuation Pause)
[2025-10-13T17:53:09.049-0700][1207][info ][gc,task     ] GC(235) Using 113 workers of 113 for evacuation
[2025-10-13T17:53:09.062-0700][1207][debug][gc,remset   ] GC(235) Visited cards 10137600 Total dirty 55377920 (18.31%) Total old 466026496 (2.18%)
[2025-10-13T17:53:09.215-0700][1207][info ][gc,phases   ] GC(235)   Pre Evacuate Collection Set: 0.8ms
[2025-10-13T17:53:09.215-0700][1207][info ][gc,phases   ] GC(235)   Merge Heap Roots: 12.8ms
[2025-10-13T17:53:09.215-0700][1207][info ][gc,phases   ] GC(235)   Evacuate Collection Set: 139.1ms
[2025-10-13T17:53:09.215-0700][1207][info ][gc,phases   ] GC(235)   Post Evacuate Collection Set: 13.3ms
[2025-10-13T17:53:09.215-0700][1207][info ][gc,phases   ] GC(235)   Other: 0.2ms
[2025-10-13T17:53:09.215-0700][1207][debug][gc,remset   ] GC(235) Coarsening (recent): Inline->AoC 17392 (0) AoC->Howl 180 (0) Howl->Full 0 (0) Inline->AoC 770 (0) AoC->BitMap 111 (0) BitMap->Full 0 (0) 
[2025-10-13T17:53:09.215-0700][1207][debug][gc,remset   ] GC(235) Coarsening (all): Inline->AoC 6113386 (180) AoC->Howl 167686 (647) Howl->Full 0 (0) Inline->AoC 761472 (188) AoC->BitMap 182426 (519) BitMap->Full 8 (0) 
[2025-10-13T17:53:09.215-0700][1207][info ][gc,heap     ] GC(235) Eden regions: 2890->0(2684)
[2025-10-13T17:53:09.215-0700][1207][info ][gc,heap     ] GC(235) Survivor regions: 197->215(386)
[2025-10-13T17:53:09.215-0700][1207][info ][gc,heap     ] GC(235) Old regions: 878->838
[2025-10-13T17:53:09.215-0700][1207][info ][gc,heap     ] GC(235) Humongous regions: 17->1
[2025-10-13T17:53:09.215-0700][1207][info ][gc,metaspace] GC(235) Metaspace: 317054K(323072K)->317054K(323072K) NonClass: 279753K(283008K)->279753K(283008K) Class: 37301K(40064K)->37301K(40064K)
[2025-10-13T17:53:09.215-0700][1207][info ][gc          ] GC(235) Pause Young (Mixed) (G1 Evacuation Pause) 127400M->33706M(184320M) 166.334ms
[2025-10-13T17:53:09.217-0700][1207][info ][gc,cpu      ] GC(235) User=15.26s Sys=0.13s Real=0.17s
[2025-10-13T17:53:09.218-0700][1207][info ][safepoint   ] Safepoint "G1CollectForAllocation", Time since last: 783435219 ns, Reaching safepoint: 989868 ns, Cleanup: 17576 ns, At safepoint: 171012038 ns, Total: 172019482 ns
[2025-10-13T17:53:11.220-0700][1207][info ][safepoint   ] Safepoint "Cleanup", Time since last: 2000174661 ns, Reaching safepoint: 1078122 ns, Cleanup: 13570 ns, At safepoint: 636624 ns, Total: 1728316 ns
[2025-10-13T17:53:12.221-0700][1207][info ][safepoint   ] Safepoint "Cleanup", Time since last: 1000117340 ns, Reaching safepoint: 858339 ns, Cleanup: 13250 ns, At safepoint: 252953 ns, Total: 1124542 ns
[2025-10-13T17:53:13.222-0700][1207][info ][safepoint   ] Safepoint "Cleanup", Time since last: 1000076589 ns, Reaching safepoint: 829886 ns, Cleanup: 11267 ns, At safepoint: 254956 ns, Total: 1096109 ns
[2025-10-13T17:53:15.126-0700][1207][info ][gc,start    ] GC(236) Pause Young (Mixed) (G1 Evacuation Pause)
[2025-10-13T17:53:15.126-0700][1207][info ][gc,task     ] GC(236) Using 113 workers of 113 for evacuation
[2025-10-13T17:53:15.140-0700][1207][debug][gc,remset   ] GC(236) Visited cards 10209280 Total dirty 51314688 (19.90%) Total old 451543040 (2.26%)
[2025-10-13T17:53:15.292-0700][1207][info ][gc,phases   ] GC(236)   Pre Evacuate Collection Set: 0.7ms
[2025-10-13T17:53:15.292-0700][1207][info ][gc,phases   ] GC(236)   Merge Heap Roots: 13.2ms
[2025-10-13T17:53:15.292-0700][1207][info ][gc,phases   ] GC(236)   Evacuate Collection Set: 138.3ms
[2025-10-13T17:53:15.292-0700][1207][info ][gc,phases   ] GC(236)   Post Evacuate Collection Set: 14.0ms
[2025-10-13T17:53:15.292-0700][1207][info ][gc,phases   ] GC(236)   Other: 0.2ms
[2025-10-13T17:53:15.292-0700][1207][debug][gc,remset   ] GC(236) Coarsening (recent): Inline->AoC 24581 (0) AoC->Howl 197 (0) Howl->Full 0 (0) Inline->AoC 975 (0) AoC->BitMap 101 (0) BitMap->Full 0 (0) 
[2025-10-13T17:53:15.292-0700][1207][debug][gc,remset   ] GC(236) Coarsening (all): Inline->AoC 6137967 (180) AoC->Howl 167883 (647) Howl->Full 0 (0) Inline->AoC 762447 (188) AoC->BitMap 182527 (519) BitMap->Full 8 (0) 
[2025-10-13T17:53:15.292-0700][1207][info ][gc,heap     ] GC(236) Eden regions: 2784->0(3016)
[2025-10-13T17:53:15.292-0700][1207][info ][gc,heap     ] GC(236) Survivor regions: 215->206(375)
[2025-10-13T17:53:15.292-0700][1207][info ][gc,heap     ] GC(236) Old regions: 838->822
[2025-10-13T17:53:15.292-0700][1207][info ][gc,heap     ] GC(236) Humongous regions: 12->0
[2025-10-13T17:53:15.292-0700][1207][info ][gc,metaspace] GC(236) Metaspace: 317063K(323072K)->317063K(323072K) NonClass: 279762K(283008K)->279762K(283008K) Class: 37301K(40064K)->37301K(40064K)
[2025-10-13T17:53:15.292-0700][1207][info ][gc          ] GC(236) Pause Young (Mixed) (G1 Evacuation Pause) 123146M->32890M(184320M) 166.527ms
[2025-10-13T17:53:15.294-0700][1207][info ][gc,cpu      ] GC(236) User=15.88s Sys=0.16s Real=0.17s
[2025-10-13T17:53:15.295-0700][1207][info ][safepoint   ] Safepoint "G1CollectForAllocation", Time since last: 1900712792 ns, Reaching safepoint: 910477 ns, Cleanup: 8513 ns, At safepoint: 171292563 ns, Total: 172211553 ns
[2025-10-13T17:53:16.296-0700][1207][info ][safepoint   ] Safepoint "Cleanup", Time since last: 1000098001 ns, Reaching safepoint: 850998 ns, Cleanup: 45269 ns, At safepoint: 167323 ns, Total: 1063590 ns
[2025-10-13T17:53:18.298-0700][1207][info ][safepoint   ] Safepoint "Cleanup", Time since last: 2000163233 ns, Reaching safepoint: 806451 ns, Cleanup: 13120 ns, At safepoint: 247394 ns, Total: 1066965 ns
[2025-10-13T17:53:23.090-0700][1207][info ][gc,start    ] GC(237) Pause Young (Mixed) (G1 Evacuation Pause)
[2025-10-13T17:53:23.090-0700][1207][info ][gc,task     ] GC(237) Using 113 workers of 113 for evacuation
[2025-10-13T17:53:23.105-0700][1207][debug][gc,remset   ] GC(237) Visited cards 10445824 Total dirty 51445760 (20.30%) Total old 492437504 (2.12%)
[2025-10-13T17:53:23.267-0700][1207][info ][gc,phases   ] GC(237)   Pre Evacuate Collection Set: 1.1ms
[2025-10-13T17:53:23.267-0700][1207][info ][gc,phases   ] GC(237)   Merge Heap Roots: 13.8ms
[2025-10-13T17:53:23.267-0700][1207][info ][gc,phases   ] GC(237)   Evacuate Collection Set: 146.9ms
[2025-10-13T17:53:23.267-0700][1207][info ][gc,phases   ] GC(237)   Post Evacuate Collection Set: 14.7ms
[2025-10-13T17:53:23.267-0700][1207][info ][gc,phases   ] GC(237)   Other: 0.2ms
[2025-10-13T17:53:23.267-0700][1207][debug][gc,remset   ] GC(237) Coarsening (recent): Inline->AoC 16363 (0) AoC->Howl 222 (0) Howl->Full 0 (0) Inline->AoC 1002 (0) AoC->BitMap 114 (0) BitMap->Full 0 (0) 
[2025-10-13T17:53:23.267-0700][1207][debug][gc,remset   ] GC(237) Coarsening (all): Inline->AoC 6154330 (180) AoC->Howl 168105 (647) Howl->Full 0 (0) Inline->AoC 763449 (188) AoC->BitMap 182641 (519) BitMap->Full 8 (0) 
[2025-10-13T17:53:23.267-0700][1207][info ][gc,heap     ] GC(237) Eden regions: 3104->0(2804)
[2025-10-13T17:53:23.267-0700][1207][info ][gc,heap     ] GC(237) Survivor regions: 206->227(414)
[2025-10-13T17:53:23.267-0700][1207][info ][gc,heap     ] GC(237) Old regions: 822->787
[2025-10-13T17:53:23.267-0700][1207][info ][gc,heap     ] GC(237) Humongous regions: 30->1
[2025-10-13T17:53:23.267-0700][1207][info ][gc,metaspace] GC(237) Metaspace: 317063K(323072K)->317063K(323072K) NonClass: 279762K(283008K)->279762K(283008K) Class: 37301K(40064K)->37301K(40064K)
[2025-10-13T17:53:23.267-0700][1207][info ][gc          ] GC(237) Pause Young (Mixed) (G1 Evacuation Pause) 133178M->32459M(184320M) 176.892ms
[2025-10-13T17:53:23.269-0700][1207][info ][gc,cpu      ] GC(237) User=16.19s Sys=0.06s Real=0.17s
[2025-10-13T17:53:23.271-0700][1207][info ][safepoint   ] Safepoint "G1CollectForAllocation", Time since last: 4789413388 ns, Reaching safepoint: 1473670 ns, Cleanup: 17937 ns, At safepoint: 182001679 ns, Total: 183493286 ns
[2025-10-13T17:53:24.272-0700][1207][info ][safepoint   ] Safepoint "Cleanup", Time since last: 1000102429 ns, Reaching safepoint: 929406 ns, Cleanup: 18338 ns, At safepoint: 430652 ns, Total: 1378396 ns
[2025-10-13T17:53:25.274-0700][1207][info ][safepoint   ] Safepoint "Cleanup", Time since last: 1000128858 ns, Reaching safepoint: 1026303 ns, Cleanup: 43856 ns, At safepoint: 555621 ns, Total: 1625780 ns
[2025-10-13T17:53:26.275-0700][1207][info ][safepoint   ] Safepoint "Cleanup", Time since last: 1000124482 ns, Reaching safepoint: 1012602 ns, Cleanup: 15914 ns, At safepoint: 351752 ns, Total: 1380268 ns
[2025-10-13T17:53:27.284-0700][1207][info ][safepoint   ] Safepoint "Cleanup", Time since last: 1000112103 ns, Reaching safepoint: 6973894 ns, Cleanup: 12228 ns, At safepoint: 1494322 ns, Total: 8480444 ns
[2025-10-13T17:53:29.184-0700][1207][info ][gc,start    ] GC(238) Pause Young (Mixed) (G1 Evacuation Pause)
[2025-10-13T17:53:29.184-0700][1207][info ][gc,task     ] GC(238) Using 113 workers of 113 for evacuation
[2025-10-13T17:53:29.198-0700][1207][debug][gc,remset   ] GC(238) Visited cards 10745856 Total dirty 48758784 (22.04%) Total old 451215360 (2.38%)
[2025-10-13T17:53:29.348-0700][1207][debug][gc,remset   ] GC(238) Visited cards 683776 Total dirty 36175872 (1.89%) Total old 467730432 (0.15%)
[2025-10-13T17:53:29.367-0700][1207][info ][gc,phases   ] GC(238)   Pre Evacuate Collection Set: 0.7ms
[2025-10-13T17:53:29.367-0700][1207][info ][gc,phases   ] GC(238)   Merge Heap Roots: 13.6ms
[2025-10-13T17:53:29.367-0700][1207][info ][gc,phases   ] GC(238)   Evacuate Collection Set: 148.4ms
[2025-10-13T17:53:29.367-0700][1207][info ][gc,phases   ] GC(238)   Merge Optional Heap Roots: 1.0ms
[2025-10-13T17:53:29.367-0700][1207][info ][gc,phases   ] GC(238)   Evacuate Optional Collection Set: 3.3ms
[2025-10-13T17:53:29.367-0700][1207][info ][gc,phases   ] GC(238)   Post Evacuate Collection Set: 16.4ms
[2025-10-13T17:53:29.367-0700][1207][info ][gc,phases   ] GC(238)   Other: 0.2ms
[2025-10-13T17:53:29.367-0700][1207][debug][gc,remset   ] GC(238) Coarsening (recent): Inline->AoC 38883 (0) AoC->Howl 192 (0) Howl->Full 0 (0) Inline->AoC 1006 (0) AoC->BitMap 48 (0) BitMap->Full 0 (0) 
[2025-10-13T17:53:29.367-0700][1207][debug][gc,remset   ] GC(238) Coarsening (all): Inline->AoC 6193213 (180) AoC->Howl 168297 (647) Howl->Full 0 (0) Inline->AoC 764455 (188) AoC->BitMap 182689 (519) BitMap->Full 8 (0) 
[2025-10-13T17:53:29.367-0700][1207][info ][gc,heap     ] GC(238) Eden regions: 2792->0(3029)
[2025-10-13T17:53:29.367-0700][1207][info ][gc,heap     ] GC(238) Survivor regions: 227->215(378)
[2025-10-13T17:53:29.367-0700][1207][info ][gc,heap     ] GC(238) Old regions: 787->773
[2025-10-13T17:53:29.367-0700][1207][info ][gc,heap     ] GC(238) Humongous regions: 18->0
[2025-10-13T17:53:29.367-0700][1207][info ][gc,metaspace] GC(238) Metaspace: 317104K(323072K)->317104K(323072K) NonClass: 279798K(283008K)->279798K(283008K) Class: 37305K(40064K)->37305K(40064K)
[2025-10-13T17:53:29.367-0700][1207][info ][gc          ] GC(238) Pause Young (Mixed) (G1 Evacuation Pause) 122347M->31595M(184320M) 183.806ms
[2025-10-13T17:53:29.369-0700][1207][info ][gc,cpu      ] GC(238) User=16.87s Sys=0.42s Real=0.18s
[2025-10-13T17:53:29.370-0700][1207][info ][safepoint   ] Safepoint "G1CollectForAllocation", Time since last: 1897076779 ns, Reaching safepoint: 938681 ns, Cleanup: 12649 ns, At safepoint: 188514545 ns, Total: 189465875 ns
[2025-10-13T17:53:34.372-0700][1207][info ][safepoint   ] Safepoint "Cleanup", Time since last: 5000340290 ns, Reaching safepoint: 904579 ns, Cleanup: 10025 ns, At safepoint: 492295 ns, Total: 1406899 ns
[2025-10-13T17:53:35.373-0700][1207][info ][safepoint   ] Safepoint "Cleanup", Time since last: 1000163191 ns, Reaching safepoint: 835744 ns, Cleanup: 12199 ns, At safepoint: 311561 ns, Total: 1159504 ns
[2025-10-13T17:53:36.375-0700][1207][info ][safepoint   ] Safepoint "Cleanup", Time since last: 1000107156 ns, Reaching safepoint: 903817 ns, Cleanup: 14923 ns, At safepoint: 424643 ns, Total: 1343383 ns
[2025-10-13T17:53:37.812-0700][1207][info ][gc,start    ] GC(239) Pause Young (Mixed) (G1 Evacuation Pause)
[2025-10-13T17:53:37.812-0700][1207][info ][gc,task     ] GC(239) Using 113 workers of 113 for evacuation
[2025-10-13T17:53:37.825-0700][1207][debug][gc,remset   ] GC(239) Visited cards 10840832 Total dirty 47710208 (22.72%) Total old 490930176 (2.21%)
[2025-10-13T17:53:37.996-0700][1207][info ][gc,phases   ] GC(239)   Pre Evacuate Collection Set: 0.7ms
[2025-10-13T17:53:37.996-0700][1207][info ][gc,phases   ] GC(239)   Merge Heap Roots: 13.0ms
[2025-10-13T17:53:37.996-0700][1207][info ][gc,phases   ] GC(239)   Evacuate Collection Set: 154.0ms
[2025-10-13T17:53:37.996-0700][1207][info ][gc,phases   ] GC(239)   Post Evacuate Collection Set: 16.8ms
[2025-10-13T17:53:37.996-0700][1207][info ][gc,phases   ] GC(239)   Other: 0.2ms
[2025-10-13T17:53:37.996-0700][1207][debug][gc,remset   ] GC(239) Coarsening (recent): Inline->AoC 31763 (0) AoC->Howl 201 (0) Howl->Full 0 (0) Inline->AoC 827 (0) AoC->BitMap 119 (0) BitMap->Full 0 (0) 
[2025-10-13T17:53:37.996-0700][1207][debug][gc,remset   ] GC(239) Coarsening (all): Inline->AoC 6224976 (180) AoC->Howl 168498 (647) Howl->Full 0 (0) Inline->AoC 765282 (188) AoC->BitMap 182808 (519) BitMap->Full 8 (0) 
[2025-10-13T17:53:37.996-0700][1207][info ][gc,heap     ] GC(239) Eden regions: 3118->0(3083)
[2025-10-13T17:53:37.996-0700][1207][info ][gc,heap     ] GC(239) Survivor regions: 215->256(417)
[2025-10-13T17:53:37.996-0700][1207][info ][gc,heap     ] GC(239) Old regions: 773->745
[2025-10-13T17:53:37.996-0700][1207][info ][gc,heap     ] GC(239) Humongous regions: 16->0
[2025-10-13T17:53:37.996-0700][1207][info ][gc,metaspace] GC(239) Metaspace: 317106K(323072K)->317106K(323072K) NonClass: 279799K(283008K)->279799K(283008K) Class: 37306K(40064K)->37306K(40064K)
[2025-10-13T17:53:37.996-0700][1207][info ][gc          ] GC(239) Pause Young (Mixed) (G1 Evacuation Pause) 131883M->32023M(184320M) 184.864ms
[2025-10-13T17:53:37.998-0700][1207][info ][gc,cpu      ] GC(239) User=17.85s Sys=0.25s Real=0.18s
[2025-10-13T17:53:38.000-0700][1207][info ][safepoint   ] Safepoint "G1CollectForAllocation", Time since last: 1433864905 ns, Reaching safepoint: 919481 ns, Cleanup: 6210 ns, At safepoint: 189883236 ns, Total: 190808927 ns
[2025-10-13T17:53:38.094-0700][1207][info ][gc,start    ] GC(240) Pause Young (Concurrent Start) (G1 Humongous Allocation)
[2025-10-13T17:53:38.094-0700][1207][info ][gc,task     ] GC(240) Using 113 workers of 113 for evacuation
[2025-10-13T17:53:38.104-0700][1207][debug][gc,remset   ] GC(240) Visited cards 8372224 Total dirty 45744128 (18.30%) Total old 92340224 (9.07%)
[2025-10-13T17:53:38.255-0700][1207][info ][gc,phases   ] GC(240)   Pre Evacuate Collection Set: 0.9ms
[2025-10-13T17:53:38.255-0700][1207][info ][gc,phases   ] GC(240)   Merge Heap Roots: 8.6ms
[2025-10-13T17:53:38.255-0700][1207][info ][gc,phases   ] GC(240)   Evacuate Collection Set: 140.4ms
[2025-10-13T17:53:38.255-0700][1207][info ][gc,phases   ] GC(240)   Post Evacuate Collection Set: 10.8ms
[2025-10-13T17:53:38.255-0700][1207][info ][gc,phases   ] GC(240)   Other: 0.1ms
[2025-10-13T17:53:38.255-0700][1207][debug][gc,remset   ] GC(240) Coarsening (recent): Inline->AoC 0 (0) AoC->Howl 0 (0) Howl->Full 0 (0) Inline->AoC 0 (0) AoC->BitMap 0 (0) BitMap->Full 0 (0) 
[2025-10-13T17:53:38.255-0700][1207][debug][gc,remset   ] GC(240) Coarsening (all): Inline->AoC 6224976 (180) AoC->Howl 168498 (647) Howl->Full 0 (0) Inline->AoC 765282 (188) AoC->BitMap 182808 (519) BitMap->Full 8 (0) 
[2025-10-13T17:53:38.255-0700][1207][info ][gc,heap     ] GC(240) Eden regions: 76->0(2241)
[2025-10-13T17:53:38.255-0700][1207][info ][gc,heap     ] GC(240) Survivor regions: 256->228(432)
[2025-10-13T17:53:38.255-0700][1207][info ][gc,heap     ] GC(240) Old regions: 745->776
[2025-10-13T17:53:38.255-0700][1207][info ][gc,heap     ] GC(240) Humongous regions: 0->0
[2025-10-13T17:53:38.255-0700][1207][info ][gc,metaspace] GC(240) Metaspace: 317106K(323072K)->317106K(323072K) NonClass: 279799K(283008K)->279799K(283008K) Class: 37306K(40064K)->37306K(40064K)
[2025-10-13T17:53:38.255-0700][1207][info ][gc          ] GC(240) Pause Young (Concurrent Start) (G1 Humongous Allocation) 34455M->32124M(184320M) 161.024ms
[2025-10-13T17:53:38.255-0700][1090][info ][gc          ] GC(241) Concurrent Mark Cycle
[2025-10-13T17:53:38.255-0700][1090][info ][gc,marking  ] GC(241) Concurrent Scan Root Regions
[2025-10-13T17:53:38.257-0700][1207][info ][gc,cpu      ] GC(240) User=14.62s Sys=0.00s Real=0.16s
[2025-10-13T17:53:38.259-0700][1207][info ][safepoint   ] Safepoint "G1TryInitiateConcMark", Time since last: 91558319 ns, Reaching safepoint: 928615 ns, Cleanup: 5538 ns, At safepoint: 166782157 ns, Total: 167716310 ns
[2025-10-13T17:53:38.356-0700][1090][info ][gc,marking  ] GC(241) Concurrent Scan Root Regions 100.403ms
[2025-10-13T17:53:38.356-0700][1090][info ][gc,marking  ] GC(241) Concurrent Mark
[2025-10-13T17:53:38.356-0700][1090][info ][gc,marking  ] GC(241) Concurrent Mark From Roots
[2025-10-13T17:53:38.356-0700][1090][info ][gc,task     ] GC(241) Using 36 workers of 36 for marking
[2025-10-13T17:53:38.541-0700][1090][info ][gc,marking  ] GC(241) Concurrent Mark From Roots 185.611ms
[2025-10-13T17:53:38.541-0700][1090][info ][gc,marking  ] GC(241) Concurrent Preclean
[2025-10-13T17:53:38.552-0700][1090][info ][gc,marking  ] GC(241) Concurrent Preclean 10.831ms
[2025-10-13T17:53:38.555-0700][1207][info ][gc,start    ] GC(241) Pause Remark
[2025-10-13T17:53:38.706-0700][1207][info ][gc          ] GC(241) Pause Remark 37884M->37596M(184320M) 151.358ms
[2025-10-13T17:53:38.708-0700][1207][info ][gc,cpu      ] GC(241) User=14.15s Sys=0.00s Real=0.15s
[2025-10-13T17:53:38.710-0700][1207][info ][safepoint   ] Safepoint "G1PauseRemark", Time since last: 293424519 ns, Reaching safepoint: 855335 ns, Cleanup: 7050 ns, At safepoint: 157126175 ns, Total: 157988560 ns
[2025-10-13T17:53:38.711-0700][1090][info ][gc,marking  ] GC(241) Concurrent Mark 355.381ms
[2025-10-13T17:53:38.711-0700][1090][info ][gc,marking  ] GC(241) Concurrent Rebuild Remembered Sets and Scrub Regions
[2025-10-13T17:53:39.094-0700][1090][info ][gc,marking  ] GC(241) Concurrent Rebuild Remembered Sets and Scrub Regions 382.802ms
[2025-10-13T17:53:39.097-0700][1207][info ][gc,start    ] GC(241) Pause Cleanup
[2025-10-13T17:53:39.099-0700][1207][info ][gc          ] GC(241) Pause Cleanup 45169M->45169M(184320M) 2.059ms
[2025-10-13T17:53:39.101-0700][1207][info ][gc,cpu      ] GC(241) User=0.02s Sys=0.01s Real=0.01s
[2025-10-13T17:53:39.101-0700][1207][info ][safepoint   ] Safepoint "G1PauseCleanup", Time since last: 383850393 ns, Reaching safepoint: 1021556 ns, Cleanup: 49305 ns, At safepoint: 6285982 ns, Total: 7356843 ns
[2025-10-13T17:53:39.102-0700][1090][info ][gc,marking  ] GC(241) Concurrent Clear Claimed Marks
[2025-10-13T17:53:39.103-0700][1090][info ][gc,marking  ] GC(241) Concurrent Clear Claimed Marks 1.357ms
[2025-10-13T17:53:39.103-0700][1090][info ][gc,marking  ] GC(241) Concurrent Cleanup for Next Mark
[2025-10-13T17:53:39.145-0700][1090][info ][gc,marking  ] GC(241) Concurrent Cleanup for Next Mark 42.207ms
[2025-10-13T17:53:39.145-0700][1090][info ][gc          ] GC(241) Concurrent Mark Cycle 889.977ms
[2025-10-13T17:53:40.103-0700][1207][info ][safepoint   ] Safepoint "Cleanup", Time since last: 1000090020 ns, Reaching safepoint: 928625 ns, Cleanup: 10746 ns, At safepoint: 600219 ns, Total: 1539590 ns
[2025-10-13T17:53:41.105-0700][1207][info ][safepoint   ] Safepoint "Cleanup", Time since last: 1000080865 ns, Reaching safepoint: 857568 ns, Cleanup: 13771 ns, At safepoint: 549241 ns, Total: 1420580 ns
[2025-10-13T17:53:42.486-0700][1207][info ][gc,start    ] GC(242) Pause Young (Prepare Mixed) (G1 Evacuation Pause)
[2025-10-13T17:53:42.487-0700][1207][info ][gc,task     ] GC(242) Using 113 workers of 113 for evacuation
[2025-10-13T17:53:42.501-0700][1207][debug][gc,remset   ] GC(242) Visited cards 9093888 Total dirty 47775744 (19.03%) Total old 355139584 (2.56%)
[2025-10-13T17:53:42.650-0700][1207][info ][gc,phases   ] GC(242)   Pre Evacuate Collection Set: 0.8ms
[2025-10-13T17:53:42.650-0700][1207][info ][gc,phases   ] GC(242)   Merge Heap Roots: 13.7ms
[2025-10-13T17:53:42.650-0700][1207][info ][gc,phases   ] GC(242)   Evacuate Collection Set: 135.3ms
[2025-10-13T17:53:42.650-0700][1207][info ][gc,phases   ] GC(242)   Post Evacuate Collection Set: 13.1ms
[2025-10-13T17:53:42.650-0700][1207][info ][gc,phases   ] GC(242)   Other: 0.2ms
[2025-10-13T17:53:42.650-0700][1207][debug][gc,remset   ] GC(242) Coarsening (recent): Inline->AoC 123044 (4) AoC->Howl 5818 (6) Howl->Full 0 (0) Inline->AoC 29653 (0) AoC->BitMap 6673 (4) BitMap->Full 0 (0) 
[2025-10-13T17:53:42.650-0700][1207][debug][gc,remset   ] GC(242) Coarsening (all): Inline->AoC 6348020 (184) AoC->Howl 174316 (653) Howl->Full 0 (0) Inline->AoC 794935 (188) AoC->BitMap 189481 (523) BitMap->Full 8 (0) 
[2025-10-13T17:53:42.650-0700][1207][info ][gc,heap     ] GC(242) Eden regions: 2092->0(2868)
[2025-10-13T17:53:42.650-0700][1207][info ][gc,heap     ] GC(242) Survivor regions: 228->167(290)
[2025-10-13T17:53:42.650-0700][1207][info ][gc,heap     ] GC(242) Old regions: 767->833
[2025-10-13T17:53:42.650-0700][1207][info ][gc,heap     ] GC(242) Humongous regions: 12->0
[2025-10-13T17:53:42.650-0700][1207][info ][gc,metaspace] GC(242) Metaspace: 317062K(323072K)->317062K(323072K) NonClass: 279766K(283008K)->279766K(283008K) Class: 37296K(40064K)->37296K(40064K)
[2025-10-13T17:53:42.650-0700][1207][info ][gc          ] GC(242) Pause Young (Prepare Mixed) (G1 Evacuation Pause) 99161M->31989M(184320M) 163.315ms
[2025-10-13T17:53:42.652-0700][1207][info ][gc,cpu      ] GC(242) User=15.49s Sys=0.01s Real=0.17s
[2025-10-13T17:53:42.653-0700][1207][info ][safepoint   ] Safepoint "G1CollectForAllocation", Time since last: 1377172811 ns, Reaching safepoint: 2961101 ns, Cleanup: 7031 ns, At safepoint: 168416500 ns, Total: 171384632 ns
[2025-10-13T17:53:43.654-0700][1207][info ][safepoint   ] Safepoint "Cleanup", Time since last: 1000104702 ns, Reaching safepoint: 883257 ns, Cleanup: 31638 ns, At safepoint: 249197 ns, Total: 1164092 ns
[2025-10-13T17:53:44.656-0700][1207][info ][safepoint   ] Safepoint "Cleanup", Time since last: 1000109198 ns, Reaching safepoint: 995316 ns, Cleanup: 22114 ns, At safepoint: 702863 ns, Total: 1720293 ns
[2025-10-13T17:53:46.659-0700][1207][info ][safepoint   ] Safepoint "Cleanup", Time since last: 2000186449 ns, Reaching safepoint: 1543315 ns, Cleanup: 13411 ns, At safepoint: 519716 ns, Total: 2076442 ns
[2025-10-13T17:53:47.660-0700][1207][info ][safepoint   ] Safepoint "Cleanup", Time since last: 1000107456 ns, Reaching safepoint: 893803 ns, Cleanup: 18578 ns, At safepoint: 539917 ns, Total: 1452298 ns
[2025-10-13T17:53:48.666-0700][1207][info ][safepoint   ] Safepoint "Cleanup", Time since last: 1000109188 ns, Reaching safepoint: 4284424 ns, Cleanup: 25569 ns, At safepoint: 1488362 ns, Total: 5798355 ns
[2025-10-13T17:53:49.138-0700][1207][info ][gc,start    ] GC(243) Pause Young (Mixed) (G1 Evacuation Pause)
[2025-10-13T17:53:49.139-0700][1207][info ][gc,task     ] GC(243) Using 113 workers of 113 for evacuation
[2025-10-13T17:53:49.153-0700][1207][debug][gc,remset   ] GC(243) Visited cards 9839872 Total dirty 50987008 (19.30%) Total old 472383488 (2.08%)
[2025-10-13T17:53:49.304-0700][1207][info ][gc,phases   ] GC(243)   Pre Evacuate Collection Set: 0.7ms
[2025-10-13T17:53:49.304-0700][1207][info ][gc,phases   ] GC(243)   Merge Heap Roots: 13.3ms
[2025-10-13T17:53:49.304-0700][1207][info ][gc,phases   ] GC(243)   Evacuate Collection Set: 138.2ms
[2025-10-13T17:53:49.304-0700][1207][info ][gc,phases   ] GC(243)   Post Evacuate Collection Set: 13.4ms
[2025-10-13T17:53:49.304-0700][1207][info ][gc,phases   ] GC(243)   Other: 0.2ms
[2025-10-13T17:53:49.304-0700][1207][debug][gc,remset   ] GC(243) Coarsening (recent): Inline->AoC 17887 (1) AoC->Howl 406 (1) Howl->Full 0 (0) Inline->AoC 1428 (1) AoC->BitMap 287 (1) BitMap->Full 0 (0) 
[2025-10-13T17:53:49.304-0700][1207][debug][gc,remset   ] GC(243) Coarsening (all): Inline->AoC 6365907 (185) AoC->Howl 174722 (654) Howl->Full 0 (0) Inline->AoC 796363 (189) AoC->BitMap 189768 (524) BitMap->Full 8 (0) 
[2025-10-13T17:53:49.304-0700][1207][info ][gc,heap     ] GC(243) Eden regions: 2996->0(2527)
[2025-10-13T17:53:49.304-0700][1207][info ][gc,heap     ] GC(243) Survivor regions: 167->207(396)
[2025-10-13T17:53:49.304-0700][1207][info ][gc,heap     ] GC(243) Old regions: 833->814
[2025-10-13T17:53:49.304-0700][1207][info ][gc,heap     ] GC(243) Humongous regions: 20->0
[2025-10-13T17:53:49.304-0700][1207][info ][gc,metaspace] GC(243) Metaspace: 317095K(323072K)->317095K(323072K) NonClass: 279796K(283008K)->279796K(283008K) Class: 37298K(40064K)->37298K(40064K)
[2025-10-13T17:53:49.304-0700][1207][info ][gc          ] GC(243) Pause Young (Mixed) (G1 Evacuation Pause) 128501M->32651M(184320M) 165.996ms
[2025-10-13T17:53:49.306-0700][1207][info ][gc,cpu      ] GC(243) User=15.02s Sys=0.00s Real=0.17s
[2025-10-13T17:53:49.307-0700][1207][info ][safepoint   ] Safepoint "G1CollectForAllocation", Time since last: 469590287 ns, Reaching safepoint: 1056538 ns, Cleanup: 16265 ns, At safepoint: 170795511 ns, Total: 171868314 ns
[2025-10-13T17:53:50.309-0700][1207][info ][safepoint   ] Safepoint "Cleanup", Time since last: 1000090389 ns, Reaching safepoint: 840583 ns, Cleanup: 54662 ns, At safepoint: 631316 ns, Total: 1526561 ns
[2025-10-13T17:53:51.311-0700][1207][info ][safepoint   ] Safepoint "Cleanup", Time since last: 1000140656 ns, Reaching safepoint: 1019432 ns, Cleanup: 25359 ns, At safepoint: 1025001 ns, Total: 2069792 ns
[2025-10-13T17:53:52.726-0700][1207][info ][safepoint   ] Safepoint "Cleanup", Time since last: 1413460897 ns, Reaching safepoint: 839541 ns, Cleanup: 24126 ns, At safepoint: 392614 ns, Total: 1256281 ns
[2025-10-13T17:53:53.728-0700][1207][info ][safepoint   ] Safepoint "Cleanup", Time since last: 1000108177 ns, Reaching safepoint: 1046454 ns, Cleanup: 13090 ns, At safepoint: 1059844 ns, Total: 2119388 ns
[2025-10-13T17:53:54.730-0700][1207][info ][safepoint   ] Safepoint "Cleanup", Time since last: 1000112503 ns, Reaching safepoint: 937649 ns, Cleanup: 18578 ns, At safepoint: 991190 ns, Total: 1947417 ns
[2025-10-13T17:53:54.833-0700][1207][info ][gc,start    ] GC(244) Pause Young (Mixed) (G1 Evacuation Pause)
[2025-10-13T17:53:54.833-0700][1207][info ][gc,task     ] GC(244) Using 113 workers of 113 for evacuation
[2025-10-13T17:53:54.848-0700][1207][debug][gc,remset   ] GC(244) Visited cards 9737216 Total dirty 49807360 (19.55%) Total old 436994048 (2.23%)
[2025-10-13T17:53:55.011-0700][1207][info ][gc,phases   ] GC(244)   Pre Evacuate Collection Set: 0.9ms
[2025-10-13T17:53:55.011-0700][1207][info ][gc,phases   ] GC(244)   Merge Heap Roots: 14.3ms
[2025-10-13T17:53:55.011-0700][1207][info ][gc,phases   ] GC(244)   Evacuate Collection Set: 148.6ms
[2025-10-13T17:53:55.011-0700][1207][info ][gc,phases   ] GC(244)   Post Evacuate Collection Set: 14.6ms
[2025-10-13T17:53:55.011-0700][1207][info ][gc,phases   ] GC(244)   Other: 0.2ms
[2025-10-13T17:53:55.011-0700][1207][debug][gc,remset   ] GC(244) Coarsening (recent): Inline->AoC 18682 (0) AoC->Howl 198 (0) Howl->Full 0 (0) Inline->AoC 945 (0) AoC->BitMap 75 (0) BitMap->Full 0 (0) 
[2025-10-13T17:53:55.011-0700][1207][debug][gc,remset   ] GC(244) Coarsening (all): Inline->AoC 6384589 (185) AoC->Howl 174920 (654) Howl->Full 0 (0) Inline->AoC 797308 (189) AoC->BitMap 189843 (524) BitMap->Full 8 (0) 
[2025-10-13T17:53:55.011-0700][1207][info ][gc,heap     ] GC(244) Eden regions: 2695->0(2597)
[2025-10-13T17:53:55.011-0700][1207][info ][gc,heap     ] GC(244) Survivor regions: 207->218(363)
[2025-10-13T17:53:55.011-0700][1207][info ][gc,heap     ] GC(244) Old regions: 814->797
[2025-10-13T17:53:55.011-0700][1207][info ][gc,heap     ] GC(244) Humongous regions: 21->0
[2025-10-13T17:53:55.012-0700][1207][info ][gc,metaspace] GC(244) Metaspace: 317167K(323136K)->317167K(323136K) NonClass: 279864K(283072K)->279864K(283072K) Class: 37302K(40064K)->37302K(40064K)
[2025-10-13T17:53:55.012-0700][1207][info ][gc          ] GC(244) Pause Young (Mixed) (G1 Evacuation Pause) 119563M->32432M(184320M) 178.732ms
[2025-10-13T17:53:55.013-0700][1207][info ][gc,cpu      ] GC(244) User=16.02s Sys=0.10s Real=0.18s
[2025-10-13T17:53:55.015-0700][1207][info ][safepoint   ] Safepoint "G1CollectForAllocation", Time since last: 95467945 ns, Reaching safepoint: 5159638 ns, Cleanup: 5859 ns, At safepoint: 183821243 ns, Total: 188986740 ns
[2025-10-13T17:53:56.016-0700][1207][info ][safepoint   ] Safepoint "Cleanup", Time since last: 1000093334 ns, Reaching safepoint: 877097 ns, Cleanup: 26651 ns, At safepoint: 335027 ns, Total: 1238775 ns
[2025-10-13T17:53:57.017-0700][1207][info ][safepoint   ] Safepoint "Cleanup", Time since last: 1000121958 ns, Reaching safepoint: 871829 ns, Cleanup: 20661 ns, At safepoint: 360516 ns, Total: 1253006 ns
[2025-10-13T17:53:58.037-0700][1207][info ][safepoint   ] Safepoint "Cleanup", Time since last: 1000106264 ns, Reaching safepoint: 16625299 ns, Cleanup: 18158 ns, At safepoint: 2636049 ns, Total: 19279506 ns
[2025-10-13T17:53:59.040-0700][1207][info ][safepoint   ] Safepoint "Cleanup", Time since last: 1000114266 ns, Reaching safepoint: 944349 ns, Cleanup: 13100 ns, At safepoint: 1732952 ns, Total: 2690401 ns
[2025-10-13T17:54:00.042-0700][1207][info ][safepoint   ] Safepoint "Cleanup", Time since last: 1000122148 ns, Reaching safepoint: 989939 ns, Cleanup: 16805 ns, At safepoint: 886281 ns, Total: 1893025 ns
[2025-10-13T17:54:01.044-0700][1207][info ][safepoint   ] Safepoint "Cleanup", Time since last: 1000122048 ns, Reaching safepoint: 994705 ns, Cleanup: 16185 ns, At safepoint: 1024751 ns, Total: 2035641 ns
[2025-10-13T17:54:02.046-0700][1207][info ][safepoint   ] Safepoint "Cleanup", Time since last: 1000120958 ns, Reaching safepoint: 923858 ns, Cleanup: 53100 ns, At safepoint: 721212 ns, Total: 1698170 ns
[2025-10-13T17:54:03.049-0700][1207][info ][safepoint   ] Safepoint "Cleanup", Time since last: 1000121751 ns, Reaching safepoint: 1485708 ns, Cleanup: 20942 ns, At safepoint: 1242180 ns, Total: 2748830 ns
[2025-10-13T17:54:03.410-0700][1207][info ][gc,start    ] GC(245) Pause Young (Mixed) (G1 Evacuation Pause)
[2025-10-13T17:54:03.410-0700][1207][info ][gc,task     ] GC(245) Using 113 workers of 113 for evacuation
[2025-10-13T17:54:03.424-0700][1207][debug][gc,remset   ] GC(245) Visited cards 9724928 Total dirty 50069504 (19.42%) Total old 442105856 (2.20%)
[2025-10-13T17:54:03.594-0700][1207][info ][gc,phases   ] GC(245)   Pre Evacuate Collection Set: 0.7ms
[2025-10-13T17:54:03.594-0700][1207][info ][gc,phases   ] GC(245)   Merge Heap Roots: 13.2ms
[2025-10-13T17:54:03.594-0700][1207][info ][gc,phases   ] GC(245)   Evacuate Collection Set: 155.1ms
[2025-10-13T17:54:03.594-0700][1207][info ][gc,phases   ] GC(245)   Post Evacuate Collection Set: 14.9ms
[2025-10-13T17:54:03.594-0700][1207][info ][gc,phases   ] GC(245)   Other: 0.2ms
[2025-10-13T17:54:03.594-0700][1207][debug][gc,remset   ] GC(245) Coarsening (recent): Inline->AoC 22469 (0) AoC->Howl 211 (0) Howl->Full 0 (0) Inline->AoC 854 (0) AoC->BitMap 107 (0) BitMap->Full 0 (0) 
[2025-10-13T17:54:03.594-0700][1207][debug][gc,remset   ] GC(245) Coarsening (all): Inline->AoC 6407058 (185) AoC->Howl 175131 (654) Howl->Full 0 (0) Inline->AoC 798162 (189) AoC->BitMap 189950 (524) BitMap->Full 8 (0) 
[2025-10-13T17:54:03.594-0700][1207][info ][gc,heap     ] GC(245) Eden regions: 2732->0(2554)
[2025-10-13T17:54:03.594-0700][1207][info ][gc,heap     ] GC(245) Survivor regions: 218->227(369)
[2025-10-13T17:54:03.594-0700][1207][info ][gc,heap     ] GC(245) Old regions: 797->786
[2025-10-13T17:54:03.594-0700][1207][info ][gc,heap     ] GC(245) Humongous regions: 20->0
[2025-10-13T17:54:03.594-0700][1207][info ][gc,metaspace] GC(245) Metaspace: 317236K(323200K)->317236K(323200K) NonClass: 279925K(283136K)->279925K(283136K) Class: 37310K(40064K)->37310K(40064K)
[2025-10-13T17:54:03.594-0700][1207][info ][gc          ] GC(245) Pause Young (Mixed) (G1 Evacuation Pause) 120496M->32392M(184320M) 184.357ms
[2025-10-13T17:54:03.596-0700][1207][info ][gc,cpu      ] GC(245) User=16.95s Sys=0.16s Real=0.19s
[2025-10-13T17:54:03.597-0700][1207][info ][safepoint   ] Safepoint "G1CollectForAllocation", Time since last: 358378618 ns, Reaching safepoint: 1034295 ns, Cleanup: 5478 ns, At safepoint: 189504710 ns, Total: 190544483 ns
[2025-10-13T17:54:04.600-0700][1207][info ][safepoint   ] Safepoint "Cleanup", Time since last: 1000096543 ns, Reaching safepoint: 1498528 ns, Cleanup: 28162 ns, At safepoint: 619017 ns, Total: 2145707 ns
[2025-10-13T17:54:05.601-0700][1207][info ][safepoint   ] Safepoint "Cleanup", Time since last: 1000117534 ns, Reaching safepoint: 1088087 ns, Cleanup: 26610 ns, At safepoint: 383460 ns, Total: 1498157 ns
[2025-10-13T17:54:06.603-0700][1207][info ][safepoint   ] Safepoint "Cleanup", Time since last: 1000117675 ns, Reaching safepoint: 908034 ns, Cleanup: 19670 ns, At safepoint: 542471 ns, Total: 1470175 ns
[2025-10-13T17:54:07.605-0700][1207][info ][safepoint   ] Safepoint "Cleanup", Time since last: 1000109422 ns, Reaching safepoint: 951550 ns, Cleanup: 15223 ns, At safepoint: 843046 ns, Total: 1809819 ns
[2025-10-13T17:54:08.606-0700][1207][info ][safepoint   ] Safepoint "Cleanup", Time since last: 1000108550 ns, Reaching safepoint: 894524 ns, Cleanup: 18368 ns, At safepoint: 644265 ns, Total: 1557157 ns
[2025-10-13T17:54:09.303-0700][1207][info ][gc,start    ] GC(246) Pause Young (Mixed) (G1 Evacuation Pause)
[2025-10-13T17:54:09.304-0700][1207][info ][gc,task     ] GC(246) Using 113 workers of 113 for evacuation
[2025-10-13T17:54:09.317-0700][1207][debug][gc,remset   ] GC(246) Visited cards 9959936 Total dirty 49479680 (20.13%) Total old 438173696 (2.27%)
[2025-10-13T17:54:09.469-0700][1207][info ][gc,phases   ] GC(246)   Pre Evacuate Collection Set: 0.7ms
[2025-10-13T17:54:09.469-0700][1207][info ][gc,phases   ] GC(246)   Merge Heap Roots: 12.9ms
[2025-10-13T17:54:09.469-0700][1207][info ][gc,phases   ] GC(246)   Evacuate Collection Set: 137.8ms
[2025-10-13T17:54:09.469-0700][1207][info ][gc,phases   ] GC(246)   Post Evacuate Collection Set: 13.8ms
[2025-10-13T17:54:09.469-0700][1207][info ][gc,phases   ] GC(246)   Other: 0.2ms
[2025-10-13T17:54:09.469-0700][1207][debug][gc,remset   ] GC(246) Coarsening (recent): Inline->AoC 23142 (0) AoC->Howl 161 (0) Howl->Full 0 (0) Inline->AoC 722 (0) AoC->BitMap 110 (0) BitMap->Full 0 (0) 
[2025-10-13T17:54:09.469-0700][1207][debug][gc,remset   ] GC(246) Coarsening (all): Inline->AoC 6430200 (185) AoC->Howl 175292 (654) Howl->Full 0 (0) Inline->AoC 798884 (189) AoC->BitMap 190060 (524) BitMap->Full 8 (0) 
[2025-10-13T17:54:09.469-0700][1207][info ][gc,heap     ] GC(246) Eden regions: 2700->0(3278)
[2025-10-13T17:54:09.469-0700][1207][info ][gc,heap     ] GC(246) Survivor regions: 227->178(366)
[2025-10-13T17:54:09.469-0700][1207][info ][gc,heap     ] GC(246) Old regions: 786->818
[2025-10-13T17:54:09.469-0700][1207][info ][gc,heap     ] GC(246) Humongous regions: 17->0
[2025-10-13T17:54:09.469-0700][1207][info ][gc,metaspace] GC(246) Metaspace: 317273K(323264K)->317273K(323264K) NonClass: 279963K(283200K)->279963K(283200K) Class: 37310K(40064K)->37310K(40064K)
[2025-10-13T17:54:09.469-0700][1207][info ][gc          ] GC(246) Pause Young (Mixed) (G1 Evacuation Pause) 119336M->31854M(184320M) 165.547ms
[2025-10-13T17:54:09.471-0700][1207][info ][gc,cpu      ] GC(246) User=16.41s Sys=0.09s Real=0.17s
[2025-10-13T17:54:09.472-0700][1207][info ][safepoint   ] Safepoint "G1CollectForAllocation", Time since last: 694320431 ns, Reaching safepoint: 884979 ns, Cleanup: 15013 ns, At safepoint: 170353037 ns, Total: 171253029 ns
[2025-10-13T17:54:10.474-0700][1207][info ][safepoint   ] Safepoint "Cleanup", Time since last: 1000086467 ns, Reaching safepoint: 1797490 ns, Cleanup: 17216 ns, At safepoint: 433687 ns, Total: 2248393 ns
[2025-10-13T17:54:11.476-0700][1207][info ][safepoint   ] Safepoint "Cleanup", Time since last: 1000146868 ns, Reaching safepoint: 916838 ns, Cleanup: 37186 ns, At safepoint: 724116 ns, Total: 1678140 ns
[2025-10-13T17:54:12.478-0700][1207][info ][safepoint   ] Safepoint "Cleanup", Time since last: 1000187720 ns, Reaching safepoint: 972041 ns, Cleanup: 16145 ns, At safepoint: 1018301 ns, Total: 2006487 ns
[2025-10-13T17:54:14.481-0700][1207][info ][safepoint   ] Safepoint "Cleanup", Time since last: 2000190281 ns, Reaching safepoint: 926892 ns, Cleanup: 14622 ns, At safepoint: 976518 ns, Total: 1918032 ns
[2025-10-13T17:54:15.482-0700][1207][info ][safepoint   ] Safepoint "Cleanup", Time since last: 1000103243 ns, Reaching safepoint: 861874 ns, Cleanup: 13551 ns, At safepoint: 902856 ns, Total: 1778281 ns
[2025-10-13T17:54:15.500-0700][1207][info ][gc,start    ] GC(247) Pause Young (Mixed) (G1 Evacuation Pause)
[2025-10-13T17:54:15.500-0700][1207][info ][gc,task     ] GC(247) Using 113 workers of 113 for evacuation
[2025-10-13T17:54:15.514-0700][1207][debug][gc,remset   ] GC(247) Visited cards 10406912 Total dirty 51314688 (20.28%) Total old 510066688 (2.04%)
[2025-10-13T17:54:15.669-0700][1207][debug][gc,remset   ] GC(247) Visited cards 824320 Total dirty 42467328 (1.94%) Total old 526516224 (0.16%)
[2025-10-13T17:54:15.692-0700][1207][info ][gc,phases   ] GC(247)   Pre Evacuate Collection Set: 0.8ms
[2025-10-13T17:54:15.692-0700][1207][info ][gc,phases   ] GC(247)   Merge Heap Roots: 13.1ms
[2025-10-13T17:54:15.692-0700][1207][info ][gc,phases   ] GC(247)   Evacuate Collection Set: 153.9ms
[2025-10-13T17:54:15.692-0700][1207][info ][gc,phases   ] GC(247)   Merge Optional Heap Roots: 0.8ms
[2025-10-13T17:54:15.692-0700][1207][info ][gc,phases   ] GC(247)   Evacuate Optional Collection Set: 8.3ms
[2025-10-13T17:54:15.692-0700][1207][info ][gc,phases   ] GC(247)   Post Evacuate Collection Set: 14.3ms
[2025-10-13T17:54:15.692-0700][1207][info ][gc,phases   ] GC(247)   Other: 0.2ms
[2025-10-13T17:54:15.692-0700][1207][debug][gc,remset   ] GC(247) Coarsening (recent): Inline->AoC 26177 (0) AoC->Howl 235 (0) Howl->Full 0 (0) Inline->AoC 1067 (0) AoC->BitMap 113 (0) BitMap->Full 0 (0) 
[2025-10-13T17:54:15.692-0700][1207][debug][gc,remset   ] GC(247) Coarsening (all): Inline->AoC 6456377 (185) AoC->Howl 175527 (654) Howl->Full 0 (0) Inline->AoC 799951 (189) AoC->BitMap 190173 (524) BitMap->Full 8 (0) 
[2025-10-13T17:54:15.692-0700][1207][info ][gc,heap     ] GC(247) Eden regions: 3278->0(2544)
[2025-10-13T17:54:15.692-0700][1207][info ][gc,heap     ] GC(247) Survivor regions: 178->233(432)
[2025-10-13T17:54:15.692-0700][1207][info ][gc,heap     ] GC(247) Old regions: 818->784
[2025-10-13T17:54:15.692-0700][1207][info ][gc,heap     ] GC(247) Humongous regions: 18->0
[2025-10-13T17:54:15.692-0700][1207][info ][gc,metaspace] GC(247) Metaspace: 317427K(323392K)->317427K(323392K) NonClass: 280113K(283328K)->280113K(283328K) Class: 37313K(40064K)->37313K(40064K)
[2025-10-13T17:54:15.692-0700][1207][info ][gc          ] GC(247) Pause Young (Mixed) (G1 Evacuation Pause) 137326M->32502M(184320M) 191.483ms
[2025-10-13T17:54:15.693-0700][1207][info ][gc,cpu      ] GC(247) User=16.87s Sys=0.29s Real=0.19s
[2025-10-13T17:54:15.695-0700][1207][info ][safepoint   ] Safepoint "G1CollectForAllocation", Time since last: 15020482 ns, Reaching safepoint: 1025562 ns, Cleanup: 5137 ns, At safepoint: 196470642 ns, Total: 197501341 ns
[2025-10-13T17:54:16.697-0700][1207][info ][safepoint   ] Safepoint "Cleanup", Time since last: 1000119978 ns, Reaching safepoint: 947544 ns, Cleanup: 11668 ns, At safepoint: 534659 ns, Total: 1493871 ns
[2025-10-13T17:54:17.698-0700][1207][info ][safepoint   ] Safepoint "Cleanup", Time since last: 1000116813 ns, Reaching safepoint: 908445 ns, Cleanup: 10196 ns, At safepoint: 451964 ns, Total: 1370605 ns
[2025-10-13T17:54:18.699-0700][1207][info ][safepoint   ] Safepoint "Cleanup", Time since last: 1000107459 ns, Reaching safepoint: 822574 ns, Cleanup: 14963 ns, At safepoint: 532225 ns, Total: 1369762 ns
[2025-10-13T17:54:20.701-0700][1207][info ][safepoint   ] Safepoint "Cleanup", Time since last: 2000190982 ns, Reaching safepoint: 830878 ns, Cleanup: 16154 ns, At safepoint: 313645 ns, Total: 1160677 ns
[2025-10-13T17:54:21.702-0700][1207][info ][safepoint   ] Safepoint "Cleanup", Time since last: 1000110413 ns, Reaching safepoint: 866091 ns, Cleanup: 14081 ns, At safepoint: 443531 ns, Total: 1323703 ns
[2025-10-13T17:54:22.069-0700][1207][info ][gc,start    ] GC(248) Pause Young (Mixed) (G1 Evacuation Pause)
[2025-10-13T17:54:22.069-0700][1207][info ][gc,task     ] GC(248) Using 113 workers of 113 for evacuation
[2025-10-13T17:54:22.083-0700][1207][debug][gc,remset   ] GC(248) Visited cards 10465280 Total dirty 50397184 (20.77%) Total old 448659456 (2.33%)
[2025-10-13T17:54:22.241-0700][1207][info ][gc,phases   ] GC(248)   Pre Evacuate Collection Set: 0.8ms
[2025-10-13T17:54:22.241-0700][1207][info ][gc,phases   ] GC(248)   Merge Heap Roots: 12.9ms
[2025-10-13T17:54:22.241-0700][1207][info ][gc,phases   ] GC(248)   Evacuate Collection Set: 145.0ms
[2025-10-13T17:54:22.241-0700][1207][info ][gc,phases   ] GC(248)   Post Evacuate Collection Set: 12.6ms
[2025-10-13T17:54:22.241-0700][1207][info ][gc,phases   ] GC(248)   Other: 0.2ms
[2025-10-13T17:54:22.241-0700][1207][debug][gc,remset   ] GC(248) Coarsening (recent): Inline->AoC 17538 (0) AoC->Howl 156 (0) Howl->Full 0 (0) Inline->AoC 702 (0) AoC->BitMap 69 (0) BitMap->Full 0 (0) 
[2025-10-13T17:54:22.241-0700][1207][debug][gc,remset   ] GC(248) Coarsening (all): Inline->AoC 6473915 (185) AoC->Howl 175683 (654) Howl->Full 0 (0) Inline->AoC 800653 (189) AoC->BitMap 190242 (524) BitMap->Full 8 (0) 
[2025-10-13T17:54:22.241-0700][1207][info ][gc,heap     ] GC(248) Eden regions: 2773->0(3238)
[2025-10-13T17:54:22.241-0700][1207][info ][gc,heap     ] GC(248) Survivor regions: 233->202(376)
[2025-10-13T17:54:22.241-0700][1207][info ][gc,heap     ] GC(248) Old regions: 784->797
[2025-10-13T17:54:22.241-0700][1207][info ][gc,heap     ] GC(248) Humongous regions: 21->0
[2025-10-13T17:54:22.241-0700][1207][info ][gc,metaspace] GC(248) Metaspace: 317464K(323456K)->317464K(323456K) NonClass: 280149K(283392K)->280149K(283392K) Class: 37314K(40064K)->37314K(40064K)
[2025-10-13T17:54:22.241-0700][1207][info ][gc          ] GC(248) Pause Young (Mixed) (G1 Evacuation Pause) 121910M->31933M(184320M) 171.559ms
[2025-10-13T17:54:22.242-0700][1207][info ][gc,cpu      ] GC(248) User=16.49s Sys=0.00s Real=0.18s
[2025-10-13T17:54:22.244-0700][1207][info ][safepoint   ] Safepoint "G1CollectForAllocation", Time since last: 355733786 ns, Reaching safepoint: 9350130 ns, Cleanup: 12259 ns, At safepoint: 176495132 ns, Total: 185857521 ns
[2025-10-13T17:54:23.245-0700][1207][info ][safepoint   ] Safepoint "Cleanup", Time since last: 1000110643 ns, Reaching safepoint: 953573 ns, Cleanup: 28464 ns, At safepoint: 480066 ns, Total: 1462103 ns
[2025-10-13T17:54:24.247-0700][1207][info ][safepoint   ] Safepoint "Cleanup", Time since last: 1000117144 ns, Reaching safepoint: 918530 ns, Cleanup: 24387 ns, At safepoint: 418613 ns, Total: 1361530 ns
[2025-10-13T17:54:25.249-0700][1207][info ][safepoint   ] Safepoint "Cleanup", Time since last: 1000110273 ns, Reaching safepoint: 908616 ns, Cleanup: 11166 ns, At safepoint: 650114 ns, Total: 1569896 ns
[2025-10-13T17:54:26.251-0700][1207][info ][safepoint   ] Safepoint "Cleanup", Time since last: 1000113428 ns, Reaching safepoint: 943638 ns, Cleanup: 11999 ns, At safepoint: 1076839 ns, Total: 2032476 ns
[2025-10-13T17:54:27.253-0700][1207][info ][safepoint   ] Safepoint "Cleanup", Time since last: 1000118286 ns, Reaching safepoint: 1039663 ns, Cleanup: 18558 ns, At safepoint: 1069509 ns, Total: 2127730 ns
[2025-10-13T17:54:28.255-0700][1207][info ][safepoint   ] Safepoint "Cleanup", Time since last: 1000119537 ns, Reaching safepoint: 1043479 ns, Cleanup: 16405 ns, At safepoint: 1201188 ns, Total: 2261072 ns
[2025-10-13T17:54:29.258-0700][1207][info ][safepoint   ] Safepoint "Cleanup", Time since last: 1000130714 ns, Reaching safepoint: 1007034 ns, Cleanup: 27802 ns, At safepoint: 1169981 ns, Total: 2204817 ns
[2025-10-13T17:54:30.260-0700][1207][info ][safepoint   ] Safepoint "Cleanup", Time since last: 1000091304 ns, Reaching safepoint: 986243 ns, Cleanup: 16925 ns, At safepoint: 970108 ns, Total: 1973276 ns
[2025-10-13T17:54:30.539-0700][1207][info ][gc,start    ] GC(249) Pause Young (Mixed) (G1 Evacuation Pause)
[2025-10-13T17:54:30.539-0700][1207][info ][gc,task     ] GC(249) Using 113 workers of 113 for evacuation
[2025-10-13T17:54:30.553-0700][1207][debug][gc,remset   ] GC(249) Visited cards 10761984 Total dirty 51118080 (21.05%) Total old 508493824 (2.12%)
[2025-10-13T17:54:30.707-0700][1207][info ][gc,phases   ] GC(249)   Pre Evacuate Collection Set: 0.8ms
[2025-10-13T17:54:30.707-0700][1207][info ][gc,phases   ] GC(249)   Merge Heap Roots: 13.4ms
[2025-10-13T17:54:30.707-0700][1207][info ][gc,phases   ] GC(249)   Evacuate Collection Set: 139.7ms
[2025-10-13T17:54:30.707-0700][1207][info ][gc,phases   ] GC(249)   Post Evacuate Collection Set: 13.7ms
[2025-10-13T17:54:30.707-0700][1207][info ][gc,phases   ] GC(249)   Other: 0.2ms
[2025-10-13T17:54:30.707-0700][1207][debug][gc,remset   ] GC(249) Coarsening (recent): Inline->AoC 26719 (0) AoC->Howl 109 (0) Howl->Full 0 (0) Inline->AoC 452 (0) AoC->BitMap 73 (0) BitMap->Full 0 (0) 
[2025-10-13T17:54:30.707-0700][1207][debug][gc,remset   ] GC(249) Coarsening (all): Inline->AoC 6500634 (185) AoC->Howl 175792 (654) Howl->Full 0 (0) Inline->AoC 801105 (189) AoC->BitMap 190315 (524) BitMap->Full 8 (0) 
[2025-10-13T17:54:30.707-0700][1207][info ][gc,heap     ] GC(249) Eden regions: 3254->0(3236)
[2025-10-13T17:54:30.707-0700][1207][info ][gc,heap     ] GC(249) Survivor regions: 202->220(432)
[2025-10-13T17:54:30.707-0700][1207][info ][gc,heap     ] GC(249) Old regions: 797->776
[2025-10-13T17:54:30.707-0700][1207][info ][gc,heap     ] GC(249) Humongous regions: 21->0
[2025-10-13T17:54:30.707-0700][1207][info ][gc,metaspace] GC(249) Metaspace: 317635K(323712K)->317635K(323712K) NonClass: 280314K(283648K)->280314K(283648K) Class: 37321K(40064K)->37321K(40064K)
[2025-10-13T17:54:30.707-0700][1207][info ][gc          ] GC(249) Pause Young (Mixed) (G1 Evacuation Pause) 136733M->31831M(184320M) 167.931ms
[2025-10-13T17:54:30.709-0700][1207][info ][gc,cpu      ] GC(249) User=15.34s Sys=0.24s Real=0.17s
[2025-10-13T17:54:30.710-0700][1207][info ][safepoint   ] Safepoint "G1CollectForAllocation", Time since last: 269074198 ns, Reaching safepoint: 8313892 ns, Cleanup: 13711 ns, At safepoint: 172663363 ns, Total: 180990966 ns
[2025-10-13T17:54:31.711-0700][1207][info ][safepoint   ] Safepoint "Cleanup", Time since last: 1000102041 ns, Reaching safepoint: 1047255 ns, Cleanup: 18608 ns, At safepoint: 491123 ns, Total: 1556986 ns
[2025-10-13T17:54:36.717-0700][1207][info ][safepoint   ] Safepoint "Cleanup", Time since last: 5000388640 ns, Reaching safepoint: 4114627 ns, Cleanup: 11137 ns, At safepoint: 1305165 ns, Total: 5430929 ns
[2025-10-13T17:54:38.685-0700][1207][info ][gc,start    ] GC(250) Pause Young (Mixed) (G1 Evacuation Pause)
[2025-10-13T17:54:38.685-0700][1207][info ][gc,task     ] GC(250) Using 113 workers of 113 for evacuation
[2025-10-13T17:54:38.699-0700][1207][debug][gc,remset   ] GC(250) Visited cards 10437632 Total dirty 49283072 (21.18%) Total old 505282560 (2.07%)
[2025-10-13T17:54:38.853-0700][1207][info ][gc,phases   ] GC(250)   Pre Evacuate Collection Set: 0.7ms
[2025-10-13T17:54:38.853-0700][1207][info ][gc,phases   ] GC(250)   Merge Heap Roots: 12.8ms
[2025-10-13T17:54:38.853-0700][1207][info ][gc,phases   ] GC(250)   Evacuate Collection Set: 140.3ms
[2025-10-13T17:54:38.853-0700][1207][info ][gc,phases   ] GC(250)   Post Evacuate Collection Set: 13.9ms
[2025-10-13T17:54:38.853-0700][1207][info ][gc,phases   ] GC(250)   Other: 0.2ms
[2025-10-13T17:54:38.853-0700][1207][debug][gc,remset   ] GC(250) Coarsening (recent): Inline->AoC 43191 (0) AoC->Howl 89 (0) Howl->Full 0 (0) Inline->AoC 508 (0) AoC->BitMap 31 (0) BitMap->Full 0 (0) 
[2025-10-13T17:54:38.853-0700][1207][debug][gc,remset   ] GC(250) Coarsening (all): Inline->AoC 6543825 (185) AoC->Howl 175881 (654) Howl->Full 0 (0) Inline->AoC 801613 (189) AoC->BitMap 190346 (524) BitMap->Full 8 (0) 
[2025-10-13T17:54:38.853-0700][1207][info ][gc,heap     ] GC(250) Eden regions: 3236->0(3224)
[2025-10-13T17:54:38.853-0700][1207][info ][gc,heap     ] GC(250) Survivor regions: 220->232(432)
[2025-10-13T17:54:38.853-0700][1207][info ][gc,heap     ] GC(250) Old regions: 776->766
[2025-10-13T17:54:38.853-0700][1207][info ][gc,heap     ] GC(250) Humongous regions: 9->0
[2025-10-13T17:54:38.853-0700][1207][info ][gc,metaspace] GC(250) Metaspace: 317695K(323712K)->317695K(323712K) NonClass: 280367K(283648K)->280367K(283648K) Class: 37328K(40064K)->37328K(40064K)
[2025-10-13T17:54:38.854-0700][1207][info ][gc          ] GC(250) Pause Young (Mixed) (G1 Evacuation Pause) 135671M->31910M(184320M) 168.124ms
[2025-10-13T17:54:38.855-0700][1207][info ][gc,cpu      ] GC(250) User=16.01s Sys=0.36s Real=0.17s
[2025-10-13T17:54:38.857-0700][1207][info ][safepoint   ] Safepoint "G1CollectForAllocation", Time since last: 1964722044 ns, Reaching safepoint: 1471527 ns, Cleanup: 4958 ns, At safepoint: 173280326 ns, Total: 174756811 ns
[2025-10-13T17:54:39.062-0700][1207][info ][gc,start    ] GC(251) Pause Young (Concurrent Start) (G1 Humongous Allocation)
[2025-10-13T17:54:39.062-0700][1207][info ][gc,task     ] GC(251) Using 113 workers of 113 for evacuation
[2025-10-13T17:54:39.073-0700][1207][debug][gc,remset   ] GC(251) Visited cards 8763904 Total dirty 47775744 (18.34%) Total old 93585408 (9.36%)
[2025-10-13T17:54:39.205-0700][1207][info ][gc,phases   ] GC(251)   Pre Evacuate Collection Set: 0.9ms
[2025-10-13T17:54:39.205-0700][1207][info ][gc,phases   ] GC(251)   Merge Heap Roots: 9.6ms
[2025-10-13T17:54:39.205-0700][1207][info ][gc,phases   ] GC(251)   Evacuate Collection Set: 122.2ms
[2025-10-13T17:54:39.206-0700][1207][info ][gc,phases   ] GC(251)   Post Evacuate Collection Set: 10.6ms
[2025-10-13T17:54:39.206-0700][1207][info ][gc,phases   ] GC(251)   Other: 0.1ms
[2025-10-13T17:54:39.206-0700][1207][debug][gc,remset   ] GC(251) Coarsening (recent): Inline->AoC 0 (0) AoC->Howl 0 (0) Howl->Full 0 (0) Inline->AoC 0 (0) AoC->BitMap 0 (0) BitMap->Full 0 (0) 
[2025-10-13T17:54:39.206-0700][1207][debug][gc,remset   ] GC(251) Coarsening (all): Inline->AoC 6543825 (185) AoC->Howl 175881 (654) Howl->Full 0 (0) Inline->AoC 801613 (189) AoC->BitMap 190346 (524) BitMap->Full 8 (0) 
[2025-10-13T17:54:39.206-0700][1207][info ][gc,heap     ] GC(251) Eden regions: 99->0(1620)
[2025-10-13T17:54:39.206-0700][1207][info ][gc,heap     ] GC(251) Survivor regions: 232->223(432)
[2025-10-13T17:54:39.206-0700][1207][info ][gc,heap     ] GC(251) Old regions: 766->766
[2025-10-13T17:54:39.206-0700][1207][info ][gc,heap     ] GC(251) Humongous regions: 0->0
[2025-10-13T17:54:39.206-0700][1207][info ][gc,metaspace] GC(251) Metaspace: 317695K(323712K)->317695K(323712K) NonClass: 280367K(283648K)->280367K(283648K) Class: 37328K(40064K)->37328K(40064K)
[2025-10-13T17:54:39.206-0700][1207][info ][gc          ] GC(251) Pause Young (Concurrent Start) (G1 Humongous Allocation) 35069M->31623M(184320M) 143.619ms
[2025-10-13T17:54:39.206-0700][1090][info ][gc          ] GC(252) Concurrent Mark Cycle
[2025-10-13T17:54:39.206-0700][1090][info ][gc,marking  ] GC(252) Concurrent Scan Root Regions
[2025-10-13T17:54:39.208-0700][1207][info ][gc,cpu      ] GC(251) User=13.29s Sys=0.00s Real=0.14s
[2025-10-13T17:54:39.210-0700][1207][info ][safepoint   ] Safepoint "G1TryInitiateConcMark", Time since last: 202525826 ns, Reaching safepoint: 865630 ns, Cleanup: 13240 ns, At safepoint: 149394619 ns, Total: 150273489 ns
[2025-10-13T17:54:39.281-0700][1090][info ][gc,marking  ] GC(252) Concurrent Scan Root Regions 75.016ms
[2025-10-13T17:54:39.281-0700][1090][info ][gc,marking  ] GC(252) Concurrent Mark
[2025-10-13T17:54:39.281-0700][1090][info ][gc,marking  ] GC(252) Concurrent Mark From Roots
[2025-10-13T17:54:39.281-0700][1090][info ][gc,task     ] GC(252) Using 36 workers of 36 for marking
[2025-10-13T17:54:39.432-0700][1090][info ][gc,marking  ] GC(252) Concurrent Mark From Roots 150.570ms
[2025-10-13T17:54:39.432-0700][1090][info ][gc,marking  ] GC(252) Concurrent Preclean
[2025-10-13T17:54:39.442-0700][1090][info ][gc,marking  ] GC(252) Concurrent Preclean 10.780ms
[2025-10-13T17:54:39.445-0700][1207][info ][gc,start    ] GC(252) Pause Remark
[2025-10-13T17:54:39.592-0700][1207][info ][gc          ] GC(252) Pause Remark 34734M->34542M(184320M) 146.542ms
[2025-10-13T17:54:39.593-0700][1207][info ][gc,cpu      ] GC(252) User=13.96s Sys=0.02s Real=0.15s
[2025-10-13T17:54:39.597-0700][1207][info ][safepoint   ] Safepoint "G1PauseRemark", Time since last: 232876497 ns, Reaching safepoint: 811228 ns, Cleanup: 6340 ns, At safepoint: 153264515 ns, Total: 154082083 ns
[2025-10-13T17:54:39.597-0700][1090][info ][gc,marking  ] GC(252) Concurrent Mark 315.759ms
[2025-10-13T17:54:39.597-0700][1090][info ][gc,marking  ] GC(252) Concurrent Rebuild Remembered Sets and Scrub Regions
[2025-10-13T17:54:39.885-0700][1090][info ][gc,marking  ] GC(252) Concurrent Rebuild Remembered Sets and Scrub Regions 287.741ms
[2025-10-13T17:54:39.889-0700][1207][info ][gc,start    ] GC(252) Pause Cleanup
[2025-10-13T17:54:39.890-0700][1207][info ][gc          ] GC(252) Pause Cleanup 37443M->37443M(184320M) 1.864ms
[2025-10-13T17:54:39.892-0700][1207][info ][gc,cpu      ] GC(252) User=0.02s Sys=0.00s Real=0.01s
[2025-10-13T17:54:39.893-0700][1207][info ][safepoint   ] Safepoint "G1PauseCleanup", Time since last: 288085649 ns, Reaching safepoint: 2116153 ns, Cleanup: 32579 ns, At safepoint: 5815241 ns, Total: 7963973 ns
[2025-10-13T17:54:39.893-0700][1090][info ][gc,marking  ] GC(252) Concurrent Clear Claimed Marks
[2025-10-13T17:54:39.894-0700][1090][info ][gc,marking  ] GC(252) Concurrent Clear Claimed Marks 1.117ms
[2025-10-13T17:54:39.894-0700][1090][info ][gc,marking  ] GC(252) Concurrent Cleanup for Next Mark
[2025-10-13T17:54:39.931-0700][1090][info ][gc,marking  ] GC(252) Concurrent Cleanup for Next Mark 37.346ms
[2025-10-13T17:54:39.931-0700][1090][info ][gc          ] GC(252) Concurrent Mark Cycle 725.324ms
[2025-10-13T17:54:40.893-0700][1207][info ][safepoint   ] Safepoint "Cleanup", Time since last: 1000092406 ns, Reaching safepoint: 662462 ns, Cleanup: 10697 ns, At safepoint: 127332 ns, Total: 800491 ns
[2025-10-13T17:54:41.895-0700][1207][info ][safepoint   ] Safepoint "Cleanup", Time since last: 1000117174 ns, Reaching safepoint: 874463 ns, Cleanup: 15434 ns, At safepoint: 425874 ns, Total: 1315771 ns
[2025-10-13T17:54:42.897-0700][1207][info ][safepoint   ] Safepoint "Cleanup", Time since last: 1000125737 ns, Reaching safepoint: 1358125 ns, Cleanup: 11768 ns, At safepoint: 1031531 ns, Total: 2401424 ns
[2025-10-13T17:54:43.612-0700][1207][info ][gc,start    ] GC(253) Pause Young (Prepare Mixed) (G1 Evacuation Pause)
[2025-10-13T17:54:43.612-0700][1207][info ][gc,task     ] GC(253) Using 113 workers of 113 for evacuation
[2025-10-13T17:54:43.626-0700][1207][debug][gc,remset   ] GC(253) Visited cards 9125632 Total dirty 47710208 (19.13%) Total old 278921216 (3.27%)
[2025-10-13T17:54:43.761-0700][1207][info ][gc,phases   ] GC(253)   Pre Evacuate Collection Set: 0.8ms
[2025-10-13T17:54:43.761-0700][1207][info ][gc,phases   ] GC(253)   Merge Heap Roots: 13.4ms
[2025-10-13T17:54:43.761-0700][1207][info ][gc,phases   ] GC(253)   Evacuate Collection Set: 122.5ms
[2025-10-13T17:54:43.761-0700][1207][info ][gc,phases   ] GC(253)   Post Evacuate Collection Set: 12.3ms
[2025-10-13T17:54:43.761-0700][1207][info ][gc,phases   ] GC(253)   Other: 0.1ms
[2025-10-13T17:54:43.761-0700][1207][debug][gc,remset   ] GC(253) Coarsening (recent): Inline->AoC 118758 (2) AoC->Howl 5162 (0) Howl->Full 0 (0) Inline->AoC 25644 (0) AoC->BitMap 5449 (0) BitMap->Full 0 (0) 
[2025-10-13T17:54:43.761-0700][1207][debug][gc,remset   ] GC(253) Coarsening (all): Inline->AoC 6662583 (187) AoC->Howl 181043 (654) Howl->Full 0 (0) Inline->AoC 827257 (189) AoC->BitMap 195795 (524) BitMap->Full 8 (0) 
[2025-10-13T17:54:43.761-0700][1207][info ][gc,heap     ] GC(253) Eden regions: 1521->0(2553)
[2025-10-13T17:54:43.761-0700][1207][info ][gc,heap     ] GC(253) Survivor regions: 223->121(218)
[2025-10-13T17:54:43.761-0700][1207][info ][gc,heap     ] GC(253) Old regions: 760->846
[2025-10-13T17:54:43.761-0700][1207][info ][gc,heap     ] GC(253) Humongous regions: 8->0
[2025-10-13T17:54:43.761-0700][1207][info ][gc,metaspace] GC(253) Metaspace: 317645K(323712K)->317645K(323712K) NonClass: 280327K(283648K)->280327K(283648K) Class: 37318K(40064K)->37318K(40064K)
[2025-10-13T17:54:43.761-0700][1207][info ][gc          ] GC(253) Pause Young (Prepare Mixed) (G1 Evacuation Pause) 80359M->30905M(184320M) 149.314ms
[2025-10-13T17:54:43.763-0700][1207][info ][gc,cpu      ] GC(253) User=14.22s Sys=0.04s Real=0.15s
[2025-10-13T17:54:43.764-0700][1207][info ][safepoint   ] Safepoint "G1CollectForAllocation", Time since last: 711417746 ns, Reaching safepoint: 910478 ns, Cleanup: 7711 ns, At safepoint: 154146150 ns, Total: 155064339 ns
[2025-10-13T17:54:45.767-0700][1207][info ][safepoint   ] Safepoint "Cleanup", Time since last: 2000146955 ns, Reaching safepoint: 2035220 ns, Cleanup: 16324 ns, At safepoint: 379435 ns, Total: 2430979 ns
[2025-10-13T17:54:46.768-0700][1207][info ][safepoint   ] Safepoint "Cleanup", Time since last: 1000118686 ns, Reaching safepoint: 948455 ns, Cleanup: 14031 ns, At safepoint: 777527 ns, Total: 1740013 ns
[2025-10-13T17:54:47.770-0700][1207][info ][safepoint   ] Safepoint "Cleanup", Time since last: 1000115501 ns, Reaching safepoint: 964750 ns, Cleanup: 11157 ns, At safepoint: 833862 ns, Total: 1809769 ns
[2025-10-13T17:54:49.296-0700][1207][info ][gc,start    ] GC(254) Pause Young (Mixed) (G1 Evacuation Pause)
[2025-10-13T17:54:49.296-0700][1207][info ][gc,task     ] GC(254) Using 113 workers of 113 for evacuation
[2025-10-13T17:54:49.310-0700][1207][debug][gc,remset   ] GC(254) Visited cards 10471424 Total dirty 51576832 (20.30%) Total old 418250752 (2.50%)
[2025-10-13T17:54:49.420-0700][1207][info ][gc,phases   ] GC(254)   Pre Evacuate Collection Set: 0.8ms
[2025-10-13T17:54:49.420-0700][1207][info ][gc,phases   ] GC(254)   Merge Heap Roots: 13.3ms
[2025-10-13T17:54:49.420-0700][1207][info ][gc,phases   ] GC(254)   Evacuate Collection Set: 98.1ms
[2025-10-13T17:54:49.420-0700][1207][info ][gc,phases   ] GC(254)   Post Evacuate Collection Set: 11.5ms
[2025-10-13T17:54:49.420-0700][1207][info ][gc,phases   ] GC(254)   Other: 0.2ms
[2025-10-13T17:54:49.420-0700][1207][debug][gc,remset   ] GC(254) Coarsening (recent): Inline->AoC 22795 (4) AoC->Howl 383 (0) Howl->Full 0 (0) Inline->AoC 1577 (0) AoC->BitMap 201 (0) BitMap->Full 0 (0) 
[2025-10-13T17:54:49.420-0700][1207][debug][gc,remset   ] GC(254) Coarsening (all): Inline->AoC 6685378 (191) AoC->Howl 181426 (654) Howl->Full 0 (0) Inline->AoC 828834 (189) AoC->BitMap 195996 (524) BitMap->Full 8 (0) 
[2025-10-13T17:54:49.420-0700][1207][info ][gc,heap     ] GC(254) Eden regions: 2628->0(2885)
[2025-10-13T17:54:49.420-0700][1207][info ][gc,heap     ] GC(254) Survivor regions: 121->136(344)
[2025-10-13T17:54:49.420-0700][1207][info ][gc,heap     ] GC(254) Old regions: 846->824
[2025-10-13T17:54:49.420-0700][1207][info ][gc,heap     ] GC(254) Humongous regions: 5->1
[2025-10-13T17:54:49.420-0700][1207][info ][gc,metaspace] GC(254) Metaspace: 317664K(323712K)->317664K(323712K) NonClass: 280346K(283648K)->280346K(283648K) Class: 37318K(40064K)->37318K(40064K)
[2025-10-13T17:54:49.420-0700][1207][info ][gc          ] GC(254) Pause Young (Mixed) (G1 Evacuation Pause) 115161M->30726M(184320M) 124.141ms
[2025-10-13T17:54:49.421-0700][1207][info ][gc,cpu      ] GC(254) User=10.41s Sys=0.00s Real=0.13s
[2025-10-13T17:54:49.423-0700][1207][info ][safepoint   ] Safepoint "G1CollectForAllocation", Time since last: 1505596178 ns, Reaching safepoint: 17899409 ns, Cleanup: 7181 ns, At safepoint: 129098193 ns, Total: 147004783 ns
[2025-10-13T17:54:50.424-0700][1207][info ][safepoint   ] Safepoint "Cleanup", Time since last: 1000091154 ns, Reaching safepoint: 1158723 ns, Cleanup: 12730 ns, At safepoint: 323209 ns, Total: 1494662 ns
[2025-10-13T17:54:52.767-0700][1207][info ][safepoint   ] Safepoint "Cleanup", Time since last: 2341316880 ns, Reaching safepoint: 869586 ns, Cleanup: 10035 ns, At safepoint: 641401 ns, Total: 1521022 ns
[2025-10-13T17:54:53.769-0700][1207][info ][safepoint   ] Safepoint "Cleanup", Time since last: 1000126027 ns, Reaching safepoint: 878800 ns, Cleanup: 11457 ns, At safepoint: 270390 ns, Total: 1160647 ns
[2025-10-13T17:54:55.770-0700][1207][info ][safepoint   ] Safepoint "Cleanup", Time since last: 2000165112 ns, Reaching safepoint: 835795 ns, Cleanup: 14742 ns, At safepoint: 211580 ns, Total: 1062117 ns
[2025-10-13T17:54:56.772-0700][1207][info ][safepoint   ] Safepoint "Cleanup", Time since last: 1000105787 ns, Reaching safepoint: 876837 ns, Cleanup: 29004 ns, At safepoint: 798528 ns, Total: 1704369 ns
[2025-10-13T17:54:57.773-0700][1207][info ][safepoint   ] Safepoint "Cleanup", Time since last: 1000115832 ns, Reaching safepoint: 974505 ns, Cleanup: 11397 ns, At safepoint: 304200 ns, Total: 1290102 ns
[2025-10-13T17:54:58.775-0700][1207][info ][safepoint   ] Safepoint "Cleanup", Time since last: 1000104895 ns, Reaching safepoint: 935857 ns, Cleanup: 14812 ns, At safepoint: 419004 ns, Total: 1369673 ns
[2025-10-13T17:54:59.776-0700][1207][info ][safepoint   ] Safepoint "Cleanup", Time since last: 1000106368 ns, Reaching safepoint: 884979 ns, Cleanup: 19539 ns, At safepoint: 618837 ns, Total: 1523355 ns
[2025-10-13T17:55:00.409-0700][1207][info ][gc,start    ] GC(255) Pause Young (Mixed) (G1 Evacuation Pause)
[2025-10-13T17:55:00.410-0700][1207][info ][gc,task     ] GC(255) Using 113 workers of 113 for evacuation
[2025-10-13T17:55:00.425-0700][1207][debug][gc,remset   ] GC(255) Visited cards 10087936 Total dirty 50462720 (19.99%) Total old 459800576 (2.19%)
[2025-10-13T17:55:00.546-0700][1207][info ][gc,phases   ] GC(255)   Pre Evacuate Collection Set: 0.8ms
[2025-10-13T17:55:00.546-0700][1207][info ][gc,phases   ] GC(255)   Merge Heap Roots: 14.2ms
[2025-10-13T17:55:00.546-0700][1207][info ][gc,phases   ] GC(255)   Evacuate Collection Set: 108.6ms
[2025-10-13T17:55:00.546-0700][1207][info ][gc,phases   ] GC(255)   Post Evacuate Collection Set: 12.5ms
[2025-10-13T17:55:00.546-0700][1207][info ][gc,phases   ] GC(255)   Other: 0.2ms
[2025-10-13T17:55:00.546-0700][1207][debug][gc,remset   ] GC(255) Coarsening (recent): Inline->AoC 26915 (0) AoC->Howl 185 (0) Howl->Full 0 (0) Inline->AoC 920 (0) AoC->BitMap 85 (0) BitMap->Full 0 (0) 
[2025-10-13T17:55:00.546-0700][1207][debug][gc,remset   ] GC(255) Coarsening (all): Inline->AoC 6712293 (191) AoC->Howl 181611 (654) Howl->Full 0 (0) Inline->AoC 829754 (189) AoC->BitMap 196081 (524) BitMap->Full 8 (0) 
[2025-10-13T17:55:00.546-0700][1207][info ][gc,heap     ] GC(255) Eden regions: 2937->0(2908)
[2025-10-13T17:55:00.546-0700][1207][info ][gc,heap     ] GC(255) Survivor regions: 136->168(385)
[2025-10-13T17:55:00.546-0700][1207][info ][gc,heap     ] GC(255) Old regions: 824->794
[2025-10-13T17:55:00.546-0700][1207][info ][gc,heap     ] GC(255) Humongous regions: 13->0
[2025-10-13T17:55:00.546-0700][1207][info ][gc,metaspace] GC(255) Metaspace: 317776K(323904K)->317776K(323904K) NonClass: 280444K(283776K)->280444K(283776K) Class: 37331K(40128K)->37331K(40128K)
[2025-10-13T17:55:00.546-0700][1207][info ][gc          ] GC(255) Pause Young (Mixed) (G1 Evacuation Pause) 125094M->30752M(184320M) 136.530ms
[2025-10-13T17:55:00.548-0700][1207][info ][gc,cpu      ] GC(255) User=12.41s Sys=0.20s Real=0.14s
[2025-10-13T17:55:00.549-0700][1207][info ][safepoint   ] Safepoint "G1CollectForAllocation", Time since last: 614850394 ns, Reaching safepoint: 16655686 ns, Cleanup: 31267 ns, At safepoint: 141417116 ns, Total: 158104069 ns
[2025-10-13T17:55:05.550-0700][1207][info ][safepoint   ] Safepoint "Cleanup", Time since last: 5000277442 ns, Reaching safepoint: 830767 ns, Cleanup: 12519 ns, At safepoint: 197870 ns, Total: 1041156 ns
[2025-10-13T17:55:07.553-0700][1207][info ][safepoint   ] Safepoint "Cleanup", Time since last: 2000162472 ns, Reaching safepoint: 1749469 ns, Cleanup: 39029 ns, At safepoint: 215967 ns, Total: 2004465 ns
[2025-10-13T17:55:08.554-0700][1207][info ][safepoint   ] Safepoint "Cleanup", Time since last: 1000115700 ns, Reaching safepoint: 827493 ns, Cleanup: 22133 ns, At safepoint: 234696 ns, Total: 1084322 ns
[2025-10-13T17:55:09.555-0700][1207][info ][safepoint   ] Safepoint "Cleanup", Time since last: 1000103892 ns, Reaching safepoint: 838229 ns, Cleanup: 17537 ns, At safepoint: 337981 ns, Total: 1193747 ns
[2025-10-13T17:55:10.556-0700][1207][info ][safepoint   ] Safepoint "Cleanup", Time since last: 1000108109 ns, Reaching safepoint: 862606 ns, Cleanup: 24627 ns, At safepoint: 291552 ns, Total: 1178785 ns
[2025-10-13T17:55:11.274-0700][1207][info ][gc,start    ] GC(256) Pause Young (Mixed) (G1 Evacuation Pause)
[2025-10-13T17:55:11.274-0700][1207][info ][gc,task     ] GC(256) Using 113 workers of 113 for evacuation
[2025-10-13T17:55:11.288-0700][1207][debug][gc,remset   ] GC(256) Visited cards 10220032 Total dirty 49348608 (20.71%) Total old 466681856 (2.19%)
[2025-10-13T17:55:11.425-0700][1207][info ][gc,phases   ] GC(256)   Pre Evacuate Collection Set: 0.7ms
[2025-10-13T17:55:11.425-0700][1207][info ][gc,phases   ] GC(256)   Merge Heap Roots: 14.0ms
[2025-10-13T17:55:11.425-0700][1207][info ][gc,phases   ] GC(256)   Evacuate Collection Set: 123.5ms
[2025-10-13T17:55:11.425-0700][1207][info ][gc,phases   ] GC(256)   Post Evacuate Collection Set: 13.1ms
[2025-10-13T17:55:11.425-0700][1207][info ][gc,phases   ] GC(256)   Other: 0.2ms
[2025-10-13T17:55:11.425-0700][1207][debug][gc,remset   ] GC(256) Coarsening (recent): Inline->AoC 24418 (0) AoC->Howl 232 (0) Howl->Full 0 (0) Inline->AoC 1149 (0) AoC->BitMap 87 (0) BitMap->Full 0 (0) 
[2025-10-13T17:55:11.425-0700][1207][debug][gc,remset   ] GC(256) Coarsening (all): Inline->AoC 6736711 (191) AoC->Howl 181843 (654) Howl->Full 0 (0) Inline->AoC 830903 (189) AoC->BitMap 196168 (524) BitMap->Full 8 (0) 
[2025-10-13T17:55:11.425-0700][1207][info ][gc,heap     ] GC(256) Eden regions: 2970->0(2710)
[2025-10-13T17:55:11.425-0700][1207][info ][gc,heap     ] GC(256) Survivor regions: 168->198(393)
[2025-10-13T17:55:11.425-0700][1207][info ][gc,heap     ] GC(256) Old regions: 794->763
[2025-10-13T17:55:11.425-0700][1207][info ][gc,heap     ] GC(256) Humongous regions: 18->0
[2025-10-13T17:55:11.425-0700][1207][info ][gc,metaspace] GC(256) Metaspace: 317786K(323904K)->317786K(323904K) NonClass: 280454K(283776K)->280454K(283776K) Class: 37332K(40128K)->37332K(40128K)
[2025-10-13T17:55:11.425-0700][1207][info ][gc          ] GC(256) Pause Young (Mixed) (G1 Evacuation Pause) 126368M->30705M(184320M) 151.631ms
[2025-10-13T17:55:11.427-0700][1207][info ][gc,cpu      ] GC(256) User=14.63s Sys=0.09s Real=0.15s
[2025-10-13T17:55:11.428-0700][1207][info ][safepoint   ] Safepoint "G1CollectForAllocation", Time since last: 714512455 ns, Reaching safepoint: 880303 ns, Cleanup: 10616 ns, At safepoint: 156492306 ns, Total: 157383225 ns
[2025-10-13T17:55:12.430-0700][1207][info ][safepoint   ] Safepoint "Cleanup", Time since last: 1000086086 ns, Reaching safepoint: 878870 ns, Cleanup: 11367 ns, At safepoint: 397041 ns, Total: 1287278 ns
[2025-10-13T17:55:13.431-0700][1207][info ][safepoint   ] Safepoint "Cleanup", Time since last: 1000112596 ns, Reaching safepoint: 878069 ns, Cleanup: 13411 ns, At safepoint: 633999 ns, Total: 1525479 ns
[2025-10-13T17:55:14.436-0700][1207][info ][safepoint   ] Safepoint "Cleanup", Time since last: 1000110633 ns, Reaching safepoint: 2976506 ns, Cleanup: 17126 ns, At safepoint: 1239346 ns, Total: 4232978 ns
[2025-10-13T17:55:15.438-0700][1207][info ][safepoint   ] Safepoint "Cleanup", Time since last: 1000060266 ns, Reaching safepoint: 955877 ns, Cleanup: 24858 ns, At safepoint: 1469124 ns, Total: 2449859 ns
[2025-10-13T17:55:16.441-0700][1207][info ][safepoint   ] Safepoint "Cleanup", Time since last: 1000065945 ns, Reaching safepoint: 925911 ns, Cleanup: 16646 ns, At safepoint: 1370785 ns, Total: 2313342 ns
[2025-10-13T17:55:17.443-0700][1207][info ][safepoint   ] Safepoint "Cleanup", Time since last: 1000110873 ns, Reaching safepoint: 1006223 ns, Cleanup: 12609 ns, At safepoint: 1218384 ns, Total: 2237216 ns
[2025-10-13T17:55:19.445-0700][1207][info ][safepoint   ] Safepoint "Cleanup", Time since last: 2000262158 ns, Reaching safepoint: 902846 ns, Cleanup: 21653 ns, At safepoint: 971521 ns, Total: 1896020 ns
[2025-10-13T17:55:20.755-0700][1207][info ][gc,start    ] GC(257) Pause Young (Mixed) (G1 Evacuation Pause)
[2025-10-13T17:55:20.755-0700][1207][info ][gc,task     ] GC(257) Using 113 workers of 113 for evacuation
[2025-10-13T17:55:20.769-0700][1207][debug][gc,remset   ] GC(257) Visited cards 10743808 Total dirty 47185920 (22.77%) Total old 450166784 (2.39%)
[2025-10-13T17:55:20.938-0700][1207][info ][gc,phases   ] GC(257)   Pre Evacuate Collection Set: 0.7ms
[2025-10-13T17:55:20.938-0700][1207][info ][gc,phases   ] GC(257)   Merge Heap Roots: 13.8ms
[2025-10-13T17:55:20.938-0700][1207][info ][gc,phases   ] GC(257)   Evacuate Collection Set: 155.5ms
[2025-10-13T17:55:20.938-0700][1207][info ][gc,phases   ] GC(257)   Post Evacuate Collection Set: 12.6ms
[2025-10-13T17:55:20.938-0700][1207][info ][gc,phases   ] GC(257)   Other: 0.2ms
[2025-10-13T17:55:20.938-0700][1207][debug][gc,remset   ] GC(257) Coarsening (recent): Inline->AoC 16240 (0) AoC->Howl 224 (0) Howl->Full 0 (0) Inline->AoC 1214 (0) AoC->BitMap 80 (0) BitMap->Full 0 (0) 
[2025-10-13T17:55:20.938-0700][1207][debug][gc,remset   ] GC(257) Coarsening (all): Inline->AoC 6752951 (191) AoC->Howl 182067 (654) Howl->Full 0 (0) Inline->AoC 832117 (189) AoC->BitMap 196248 (524) BitMap->Full 8 (0) 
[2025-10-13T17:55:20.938-0700][1207][info ][gc,heap     ] GC(257) Eden regions: 2828->0(1706)
[2025-10-13T17:55:20.938-0700][1207][info ][gc,heap     ] GC(257) Survivor regions: 198->249(379)
[2025-10-13T17:55:20.938-0700][1207][info ][gc,heap     ] GC(257) Old regions: 763->733
[2025-10-13T17:55:20.938-0700][1207][info ][gc,heap     ] GC(257) Humongous regions: 21->0
[2025-10-13T17:55:20.938-0700][1207][info ][gc,metaspace] GC(257) Metaspace: 317792K(323904K)->317792K(323904K) NonClass: 280460K(283776K)->280460K(283776K) Class: 37332K(40128K)->37332K(40128K)
[2025-10-13T17:55:20.938-0700][1207][info ][gc          ] GC(257) Pause Young (Mixed) (G1 Evacuation Pause) 121873M->31381M(184320M) 182.910ms
[2025-10-13T17:55:20.939-0700][1207][info ][gc,cpu      ] GC(257) User=17.80s Sys=0.00s Real=0.18s
[2025-10-13T17:55:20.941-0700][1207][info ][safepoint   ] Safepoint "G1CollectForAllocation", Time since last: 1306928551 ns, Reaching safepoint: 1009628 ns, Cleanup: 4978 ns, At safepoint: 187674557 ns, Total: 188689163 ns
[2025-10-13T17:55:21.942-0700][1207][info ][safepoint   ] Safepoint "Cleanup", Time since last: 1000097193 ns, Reaching safepoint: 863527 ns, Cleanup: 30817 ns, At safepoint: 307675 ns, Total: 1202019 ns
[2025-10-13T17:55:22.946-0700][1207][info ][safepoint   ] Safepoint "Cleanup", Time since last: 1000125225 ns, Reaching safepoint: 3125301 ns, Cleanup: 9595 ns, At safepoint: 888865 ns, Total: 4023761 ns
[2025-10-13T17:55:23.947-0700][1207][info ][safepoint   ] Safepoint "Cleanup", Time since last: 1000108339 ns, Reaching safepoint: 841434 ns, Cleanup: 11307 ns, At safepoint: 429571 ns, Total: 1282312 ns
[2025-10-13T17:55:27.633-0700][1207][info ][gc,start    ] GC(258) Pause Young (Mixed) (G1 Evacuation Pause)
[2025-10-13T17:55:27.633-0700][1207][info ][gc,task     ] GC(258) Using 113 workers of 113 for evacuation
[2025-10-13T17:55:27.645-0700][1207][debug][gc,remset   ] GC(258) Visited cards 10054912 Total dirty 45154304 (22.27%) Total old 315752448 (3.18%)
[2025-10-13T17:55:27.807-0700][1207][info ][gc,phases   ] GC(258)   Pre Evacuate Collection Set: 0.8ms
[2025-10-13T17:55:27.807-0700][1207][info ][gc,phases   ] GC(258)   Merge Heap Roots: 12.0ms
[2025-10-13T17:55:27.807-0700][1207][info ][gc,phases   ] GC(258)   Evacuate Collection Set: 150.1ms
[2025-10-13T17:55:27.807-0700][1207][info ][gc,phases   ] GC(258)   Post Evacuate Collection Set: 11.3ms
[2025-10-13T17:55:27.807-0700][1207][info ][gc,phases   ] GC(258)   Other: 0.2ms
[2025-10-13T17:55:27.807-0700][1207][debug][gc,remset   ] GC(258) Coarsening (recent): Inline->AoC 26495 (0) AoC->Howl 214 (0) Howl->Full 0 (0) Inline->AoC 1051 (0) AoC->BitMap 102 (0) BitMap->Full 0 (0) 
[2025-10-13T17:55:27.807-0700][1207][debug][gc,remset   ] GC(258) Coarsening (all): Inline->AoC 6779446 (191) AoC->Howl 182281 (654) Howl->Full 0 (0) Inline->AoC 833168 (189) AoC->BitMap 196350 (524) BitMap->Full 8 (0) 
[2025-10-13T17:55:27.807-0700][1207][info ][gc,heap     ] GC(258) Eden regions: 1772->0(3327)
[2025-10-13T17:55:27.807-0700][1207][info ][gc,heap     ] GC(258) Survivor regions: 249->129(253)
[2025-10-13T17:55:27.807-0700][1207][info ][gc,heap     ] GC(258) Old regions: 733->837
[2025-10-13T17:55:27.807-0700][1207][info ][gc,heap     ] GC(258) Humongous regions: 10->0
[2025-10-13T17:55:27.807-0700][1207][info ][gc,metaspace] GC(258) Metaspace: 317792K(323904K)->317792K(323904K) NonClass: 280460K(283776K)->280460K(283776K) Class: 37332K(40128K)->37332K(40128K)
[2025-10-13T17:55:27.807-0700][1207][info ][gc          ] GC(258) Pause Young (Mixed) (G1 Evacuation Pause) 88405M->30862M(184320M) 174.569ms
[2025-10-13T17:55:27.809-0700][1207][info ][gc,cpu      ] GC(258) User=17.07s Sys=0.08s Real=0.17s
[2025-10-13T17:55:27.810-0700][1207][info ][safepoint   ] Safepoint "G1CollectForAllocation", Time since last: 3682583459 ns, Reaching safepoint: 865190 ns, Cleanup: 4467 ns, At safepoint: 179244717 ns, Total: 180114374 ns
[2025-10-13T17:55:30.811-0700][1207][info ][safepoint   ] Safepoint "Cleanup", Time since last: 3000231146 ns, Reaching safepoint: 878119 ns, Cleanup: 37046 ns, At safepoint: 133603 ns, Total: 1048768 ns
[2025-10-13T17:55:32.813-0700][1207][info ][safepoint   ] Safepoint "Cleanup", Time since last: 2000164599 ns, Reaching safepoint: 883928 ns, Cleanup: 18639 ns, At safepoint: 312092 ns, Total: 1214659 ns
[2025-10-13T17:55:36.658-0700][1207][info ][gc,start    ] GC(259) Pause Young (Mixed) (G1 Evacuation Pause)
[2025-10-13T17:55:36.658-0700][1207][info ][gc,task     ] GC(259) Using 113 workers of 113 for evacuation
[2025-10-13T17:55:36.671-0700][1207][debug][gc,remset   ] GC(259) Visited cards 12915200 Total dirty 50462720 (25.59%) Total old 512950272 (2.52%)
[2025-10-13T17:55:36.783-0700][1207][debug][gc,remset   ] GC(259) Visited cards 3182848 Total dirty 49414144 (6.44%) Total old 525729792 (0.61%)
[2025-10-13T17:55:36.811-0700][1207][info ][gc,phases   ] GC(259)   Pre Evacuate Collection Set: 0.8ms
[2025-10-13T17:55:36.811-0700][1207][info ][gc,phases   ] GC(259)   Merge Heap Roots: 12.5ms
[2025-10-13T17:55:36.811-0700][1207][info ][gc,phases   ] GC(259)   Evacuate Collection Set: 111.0ms
[2025-10-13T17:55:36.811-0700][1207][info ][gc,phases   ] GC(259)   Merge Optional Heap Roots: 1.0ms
[2025-10-13T17:55:36.811-0700][1207][info ][gc,phases   ] GC(259)   Evacuate Optional Collection Set: 12.0ms
[2025-10-13T17:55:36.811-0700][1207][info ][gc,phases   ] GC(259)   Post Evacuate Collection Set: 16.0ms
[2025-10-13T17:55:36.811-0700][1207][info ][gc,phases   ] GC(259)   Other: 0.2ms
[2025-10-13T17:55:36.811-0700][1207][debug][gc,remset   ] GC(259) Coarsening (recent): Inline->AoC 47555 (0) AoC->Howl 268 (0) Howl->Full 0 (0) Inline->AoC 862 (0) AoC->BitMap 184 (0) BitMap->Full 0 (0) 
[2025-10-13T17:55:36.811-0700][1207][debug][gc,remset   ] GC(259) Coarsening (all): Inline->AoC 6827001 (191) AoC->Howl 182549 (654) Howl->Full 0 (0) Inline->AoC 834030 (189) AoC->BitMap 196534 (524) BitMap->Full 8 (0) 
[2025-10-13T17:55:36.811-0700][1207][info ][gc,heap     ] GC(259) Eden regions: 3327->0(3296)
[2025-10-13T17:55:36.811-0700][1207][info ][gc,heap     ] GC(259) Survivor regions: 129->160(432)
[2025-10-13T17:55:36.811-0700][1207][info ][gc,heap     ] GC(259) Old regions: 837->782
[2025-10-13T17:55:36.811-0700][1207][info ][gc,heap     ] GC(259) Humongous regions: 17->0
[2025-10-13T17:55:36.811-0700][1207][info ][gc,metaspace] GC(259) Metaspace: 317792K(323904K)->317792K(323904K) NonClass: 280460K(283776K)->280460K(283776K) Class: 37332K(40128K)->37332K(40128K)
[2025-10-13T17:55:36.811-0700][1207][info ][gc          ] GC(259) Pause Young (Mixed) (G1 Evacuation Pause) 137870M->30113M(184320M) 153.536ms
[2025-10-13T17:55:36.813-0700][1207][info ][gc,cpu      ] GC(259) User=13.19s Sys=0.60s Real=0.16s
[2025-10-13T17:55:36.814-0700][1207][info ][safepoint   ] Safepoint "G1CollectForAllocation", Time since last: 3841890147 ns, Reaching safepoint: 968826 ns, Cleanup: 7632 ns, At safepoint: 158571764 ns, Total: 159548222 ns
[2025-10-13T17:55:39.816-0700][1207][info ][safepoint   ] Safepoint "Cleanup", Time since last: 3000229643 ns, Reaching safepoint: 964390 ns, Cleanup: 17647 ns, At safepoint: 554399 ns, Total: 1536436 ns
[2025-10-13T17:55:42.817-0700][1207][info ][safepoint   ] Safepoint "Cleanup", Time since last: 3000242463 ns, Reaching safepoint: 944630 ns, Cleanup: 9705 ns, At safepoint: 220644 ns, Total: 1174979 ns
[2025-10-13T17:55:46.426-0700][1207][info ][gc,start    ] GC(260) Pause Young (Mixed) (G1 Evacuation Pause)
[2025-10-13T17:55:46.426-0700][1207][info ][gc,task     ] GC(260) Using 113 workers of 113 for evacuation
[2025-10-13T17:55:46.440-0700][1207][debug][gc,remset   ] GC(260) Visited cards 10423808 Total dirty 49348608 (21.12%) Total old 506462208 (2.06%)
[2025-10-13T17:55:46.555-0700][1207][info ][gc,phases   ] GC(260)   Pre Evacuate Collection Set: 0.7ms
[2025-10-13T17:55:46.555-0700][1207][info ][gc,phases   ] GC(260)   Merge Heap Roots: 13.3ms
[2025-10-13T17:55:46.555-0700][1207][info ][gc,phases   ] GC(260)   Evacuate Collection Set: 102.1ms
[2025-10-13T17:55:46.555-0700][1207][info ][gc,phases   ] GC(260)   Post Evacuate Collection Set: 12.7ms
[2025-10-13T17:55:46.555-0700][1207][info ][gc,phases   ] GC(260)   Other: 0.2ms
[2025-10-13T17:55:46.555-0700][1207][debug][gc,remset   ] GC(260) Coarsening (recent): Inline->AoC 36835 (0) AoC->Howl 108 (0) Howl->Full 0 (0) Inline->AoC 610 (0) AoC->BitMap 23 (0) BitMap->Full 0 (0) 
[2025-10-13T17:55:46.555-0700][1207][debug][gc,remset   ] GC(260) Coarsening (all): Inline->AoC 6863836 (191) AoC->Howl 182657 (654) Howl->Full 0 (0) Inline->AoC 834640 (189) AoC->BitMap 196557 (524) BitMap->Full 8 (0) 
[2025-10-13T17:55:46.555-0700][1207][info ][gc,heap     ] GC(260) Eden regions: 3296->0(3288)
[2025-10-13T17:55:46.555-0700][1207][info ][gc,heap     ] GC(260) Survivor regions: 160->168(432)
[2025-10-13T17:55:46.555-0700][1207][info ][gc,heap     ] GC(260) Old regions: 782->769
[2025-10-13T17:55:46.555-0700][1207][info ][gc,heap     ] GC(260) Humongous regions: 13->0
[2025-10-13T17:55:46.555-0700][1207][info ][gc,metaspace] GC(260) Metaspace: 317793K(323904K)->317793K(323904K) NonClass: 280461K(283776K)->280461K(283776K) Class: 37332K(40128K)->37332K(40128K)
[2025-10-13T17:55:46.555-0700][1207][info ][gc          ] GC(260) Pause Young (Mixed) (G1 Evacuation Pause) 136001M->29954M(184320M) 129.131ms
[2025-10-13T17:55:46.557-0700][1207][info ][gc,cpu      ] GC(260) User=12.81s Sys=0.25s Real=0.13s
[2025-10-13T17:55:46.558-0700][1207][info ][safepoint   ] Safepoint "G1CollectForAllocation", Time since last: 3606152584 ns, Reaching safepoint: 723696 ns, Cleanup: 4306 ns, At safepoint: 133877885 ns, Total: 134605887 ns
[2025-10-13T17:55:47.228-0700][1207][info ][gc,start    ] GC(261) Pause Young (Concurrent Start) (G1 Humongous Allocation)
[2025-10-13T17:55:47.228-0700][1207][info ][gc,task     ] GC(261) Using 113 workers of 113 for evacuation
[2025-10-13T17:55:47.239-0700][1207][debug][gc,remset   ] GC(261) Visited cards 8403968 Total dirty 47513600 (17.69%) Total old 96534528 (8.71%)
[2025-10-13T17:55:47.346-0700][1207][info ][gc,phases   ] GC(261)   Pre Evacuate Collection Set: 0.9ms
[2025-10-13T17:55:47.346-0700][1207][info ][gc,phases   ] GC(261)   Merge Heap Roots: 9.2ms
[2025-10-13T17:55:47.346-0700][1207][info ][gc,phases   ] GC(261)   Evacuate Collection Set: 98.2ms
[2025-10-13T17:55:47.346-0700][1207][info ][gc,phases   ] GC(261)   Post Evacuate Collection Set: 8.7ms
[2025-10-13T17:55:47.346-0700][1207][info ][gc,phases   ] GC(261)   Other: 0.1ms
[2025-10-13T17:55:47.346-0700][1207][debug][gc,remset   ] GC(261) Coarsening (recent): Inline->AoC 0 (0) AoC->Howl 0 (0) Howl->Full 0 (0) Inline->AoC 0 (0) AoC->BitMap 0 (0) BitMap->Full 0 (0) 
[2025-10-13T17:55:47.346-0700][1207][debug][gc,remset   ] GC(261) Coarsening (all): Inline->AoC 6863836 (191) AoC->Howl 182657 (654) Howl->Full 0 (0) Inline->AoC 834640 (189) AoC->BitMap 196557 (524) BitMap->Full 8 (0) 
[2025-10-13T17:55:47.346-0700][1207][info ][gc,heap     ] GC(261) Eden regions: 184->0(3288)
[2025-10-13T17:55:47.346-0700][1207][info ][gc,heap     ] GC(261) Survivor regions: 168->168(432)
[2025-10-13T17:55:47.346-0700][1207][info ][gc,heap     ] GC(261) Old regions: 769->769
[2025-10-13T17:55:47.346-0700][1207][info ][gc,heap     ] GC(261) Humongous regions: 0->0
[2025-10-13T17:55:47.346-0700][1207][info ][gc,metaspace] GC(261) Metaspace: 317793K(323904K)->317793K(323904K) NonClass: 280461K(283776K)->280461K(283776K) Class: 37332K(40128K)->37332K(40128K)
[2025-10-13T17:55:47.346-0700][1207][info ][gc          ] GC(261) Pause Young (Concurrent Start) (G1 Humongous Allocation) 35816M->29954M(184320M) 117.294ms
[2025-10-13T17:55:47.346-0700][1090][info ][gc          ] GC(262) Concurrent Mark Cycle
[2025-10-13T17:55:47.346-0700][1090][info ][gc,marking  ] GC(262) Concurrent Scan Root Regions
[2025-10-13T17:55:47.348-0700][1207][info ][gc,cpu      ] GC(261) User=11.07s Sys=0.00s Real=0.12s
[2025-10-13T17:55:47.349-0700][1207][info ][safepoint   ] Safepoint "G1TryInitiateConcMark", Time since last: 667532671 ns, Reaching safepoint: 876927 ns, Cleanup: 4597 ns, At safepoint: 122709018 ns, Total: 123590542 ns
[2025-10-13T17:55:47.398-0700][1090][info ][gc,marking  ] GC(262) Concurrent Scan Root Regions 52.087ms
[2025-10-13T17:55:47.398-0700][1090][info ][gc,marking  ] GC(262) Concurrent Mark
[2025-10-13T17:55:47.398-0700][1090][info ][gc,marking  ] GC(262) Concurrent Mark From Roots
[2025-10-13T17:55:47.398-0700][1090][info ][gc,task     ] GC(262) Using 36 workers of 36 for marking
[2025-10-13T17:55:47.579-0700][1090][info ][gc,marking  ] GC(262) Concurrent Mark From Roots 180.856ms
[2025-10-13T17:55:47.579-0700][1090][info ][gc,marking  ] GC(262) Concurrent Preclean
[2025-10-13T17:55:47.587-0700][1090][info ][gc,marking  ] GC(262) Concurrent Preclean 7.730ms
[2025-10-13T17:55:47.589-0700][1207][info ][gc,start    ] GC(262) Pause Remark
[2025-10-13T17:55:47.736-0700][1207][info ][gc          ] GC(262) Pause Remark 32279M->31895M(184320M) 146.933ms
[2025-10-13T17:55:47.738-0700][1207][info ][gc,cpu      ] GC(262) User=13.05s Sys=0.00s Real=0.15s
[2025-10-13T17:55:47.741-0700][1207][info ][safepoint   ] Safepoint "G1PauseRemark", Time since last: 237522273 ns, Reaching safepoint: 855746 ns, Cleanup: 4827 ns, At safepoint: 153586147 ns, Total: 154446720 ns
[2025-10-13T17:55:47.743-0700][1090][info ][gc,marking  ] GC(262) Concurrent Mark 344.434ms
[2025-10-13T17:55:47.743-0700][1090][info ][gc,marking  ] GC(262) Concurrent Rebuild Remembered Sets and Scrub Regions
[2025-10-13T17:55:48.069-0700][1090][info ][gc,marking  ] GC(262) Concurrent Rebuild Remembered Sets and Scrub Regions 326.587ms
[2025-10-13T17:55:48.072-0700][1207][info ][gc,start    ] GC(262) Pause Cleanup
[2025-10-13T17:55:48.074-0700][1207][info ][gc          ] GC(262) Pause Cleanup 34850M->34850M(184320M) 1.964ms
[2025-10-13T17:55:48.075-0700][1207][info ][gc,cpu      ] GC(262) User=0.02s Sys=0.00s Real=0.00s
[2025-10-13T17:55:48.076-0700][1207][info ][safepoint   ] Safepoint "G1PauseCleanup", Time since last: 328004639 ns, Reaching safepoint: 819671 ns, Cleanup: 18608 ns, At safepoint: 5364851 ns, Total: 6203130 ns
[2025-10-13T17:55:48.076-0700][1090][info ][gc,marking  ] GC(262) Concurrent Clear Claimed Marks
[2025-10-13T17:55:48.076-0700][1090][info ][gc,marking  ] GC(262) Concurrent Clear Claimed Marks 0.945ms
[2025-10-13T17:55:48.076-0700][1090][info ][gc,marking  ] GC(262) Concurrent Cleanup for Next Mark
[2025-10-13T17:55:48.104-0700][1090][info ][gc,marking  ] GC(262) Concurrent Cleanup for Next Mark 27.021ms
[2025-10-13T17:55:48.104-0700][1090][info ][gc          ] GC(262) Concurrent Mark Cycle 757.588ms
[2025-10-13T17:56:16.424-0700][1207][info ][gc,start    ] GC(263) Pause Young (Prepare Mixed) (G1 Evacuation Pause)
[2025-10-13T17:56:16.424-0700][1207][info ][gc,task     ] GC(263) Using 113 workers of 113 for evacuation
[2025-10-13T17:56:16.439-0700][1207][debug][gc,remset   ] GC(263) Visited cards 9097472 Total dirty 47644672 (19.09%) Total old 503316480 (1.81%)
[2025-10-13T17:56:16.550-0700][1207][info ][gc,phases   ] GC(263)   Pre Evacuate Collection Set: 0.8ms
[2025-10-13T17:56:16.550-0700][1207][info ][gc,phases   ] GC(263)   Merge Heap Roots: 13.8ms
[2025-10-13T17:56:16.550-0700][1207][info ][gc,phases   ] GC(263)   Evacuate Collection Set: 99.4ms
[2025-10-13T17:56:16.550-0700][1207][info ][gc,phases   ] GC(263)   Post Evacuate Collection Set: 11.0ms
[2025-10-13T17:56:16.550-0700][1207][info ][gc,phases   ] GC(263)   Other: 0.2ms
[2025-10-13T17:56:16.550-0700][1207][debug][gc,remset   ] GC(263) Coarsening (recent): Inline->AoC 126833 (0) AoC->Howl 5779 (0) Howl->Full 0 (0) Inline->AoC 28382 (0) AoC->BitMap 6570 (0) BitMap->Full 0 (0) 
[2025-10-13T17:56:16.550-0700][1207][debug][gc,remset   ] GC(263) Coarsening (all): Inline->AoC 6990669 (191) AoC->Howl 188436 (654) Howl->Full 0 (0) Inline->AoC 863022 (189) AoC->BitMap 203127 (524) BitMap->Full 8 (0) 
[2025-10-13T17:56:16.550-0700][1207][info ][gc,heap     ] GC(263) Eden regions: 3288->0(3295)
[2025-10-13T17:56:16.550-0700][1207][info ][gc,heap     ] GC(263) Survivor regions: 168->161(432)
[2025-10-13T17:56:16.550-0700][1207][info ][gc,heap     ] GC(263) Old regions: 757->757
[2025-10-13T17:56:16.550-0700][1207][info ][gc,heap     ] GC(263) Humongous regions: 11->0
[2025-10-13T17:56:16.550-0700][1207][info ][gc,metaspace] GC(263) Metaspace: 317750K(323904K)->317750K(323904K) NonClass: 280427K(283776K)->280427K(283776K) Class: 37322K(40128K)->37322K(40128K)
[2025-10-13T17:56:16.550-0700][1207][info ][gc          ] GC(263) Pause Young (Prepare Mixed) (G1 Evacuation Pause) 135138M->29340M(184320M) 125.359ms
[2025-10-13T17:56:16.551-0700][1207][info ][gc,cpu      ] GC(263) User=11.86s Sys=0.11s Real=0.13s
[2025-10-13T17:56:16.553-0700][1207][info ][safepoint   ] Safepoint "G1CollectForAllocation", Time since last: 28345739602 ns, Reaching safepoint: 1375753 ns, Cleanup: 5448 ns, At safepoint: 130039978 ns, Total: 131421179 ns
[2025-10-13T17:56:17.554-0700][1207][info ][safepoint   ] Safepoint "Cleanup", Time since last: 1000095173 ns, Reaching safepoint: 884639 ns, Cleanup: 10415 ns, At safepoint: 189537 ns, Total: 1084591 ns
[2025-10-13T17:56:24.555-0700][1207][info ][safepoint   ] Safepoint "Cleanup", Time since last: 7000469771 ns, Reaching safepoint: 932351 ns, Cleanup: 23395 ns, At safepoint: 147444 ns, Total: 1103190 ns
[2025-10-13T17:56:25.556-0700][1207][info ][safepoint   ] Safepoint "Cleanup", Time since last: 1000132509 ns, Reaching safepoint: 768343 ns, Cleanup: 35553 ns, At safepoint: 109406 ns, Total: 913302 ns
[2025-10-13T17:56:26.557-0700][1207][info ][safepoint   ] Safepoint "Cleanup", Time since last: 1000121703 ns, Reaching safepoint: 782164 ns, Cleanup: 24857 ns, At safepoint: 81674 ns, Total: 888695 ns
[2025-10-13T17:56:27.559-0700][1207][info ][safepoint   ] Safepoint "Cleanup", Time since last: 1000130065 ns, Reaching safepoint: 786902 ns, Cleanup: 15062 ns, At safepoint: 111639 ns, Total: 913603 ns
[2025-10-13T17:56:31.560-0700][1207][info ][safepoint   ] Safepoint "Cleanup", Time since last: 4000384857 ns, Reaching safepoint: 764777 ns, Cleanup: 19800 ns, At safepoint: 110327 ns, Total: 894904 ns
[2025-10-13T17:56:32.561-0700][1207][info ][safepoint   ] Safepoint "Cleanup", Time since last: 1000120141 ns, Reaching safepoint: 738027 ns, Cleanup: 11968 ns, At safepoint: 68484 ns, Total: 818479 ns
[2025-10-13T17:56:34.562-0700][1207][info ][safepoint   ] Safepoint "Cleanup", Time since last: 2000206179 ns, Reaching safepoint: 749915 ns, Cleanup: 12118 ns, At safepoint: 67082 ns, Total: 829115 ns
[2025-10-13T17:56:37.563-0700][1207][info ][safepoint   ] Safepoint "Cleanup", Time since last: 3000289123 ns, Reaching safepoint: 775984 ns, Cleanup: 15514 ns, At safepoint: 110417 ns, Total: 901915 ns
[2025-10-13T17:56:39.564-0700][1207][info ][safepoint   ] Safepoint "Cleanup", Time since last: 2000223295 ns, Reaching safepoint: 725158 ns, Cleanup: 16084 ns, At safepoint: 107713 ns, Total: 848955 ns
[2025-10-13T17:56:40.565-0700][1207][info ][safepoint   ] Safepoint "Cleanup", Time since last: 1000131147 ns, Reaching safepoint: 640249 ns, Cleanup: 15814 ns, At safepoint: 65820 ns, Total: 721883 ns
[2025-10-13T17:56:41.566-0700][1207][info ][safepoint   ] Safepoint "Cleanup", Time since last: 1000101772 ns, Reaching safepoint: 593489 ns, Cleanup: 12358 ns, At safepoint: 65950 ns, Total: 671797 ns
[2025-10-13T17:56:43.567-0700][1207][info ][safepoint   ] Safepoint "Cleanup", Time since last: 2000200711 ns, Reaching safepoint: 746730 ns, Cleanup: 14602 ns, At safepoint: 107623 ns, Total: 868955 ns
[2025-10-13T17:56:44.568-0700][1207][info ][safepoint   ] Safepoint "Cleanup", Time since last: 1000118919 ns, Reaching safepoint: 728623 ns, Cleanup: 13300 ns, At safepoint: 107242 ns, Total: 849165 ns
[2025-10-13T17:56:48.569-0700][1207][info ][safepoint   ] Safepoint "Cleanup", Time since last: 4000356844 ns, Reaching safepoint: 636584 ns, Cleanup: 18628 ns, At safepoint: 65058 ns, Total: 720270 ns
[2025-10-13T17:57:12.822-0700][1207][info ][safepoint   ] Safepoint "Cleanup", Time since last: 24252600930 ns, Reaching safepoint: 633940 ns, Cleanup: 19619 ns, At safepoint: 72130 ns, Total: 725689 ns
[2025-10-13T17:57:13.823-0700][1207][info ][safepoint   ] Safepoint "Cleanup", Time since last: 1000088941 ns, Reaching safepoint: 618206 ns, Cleanup: 15133 ns, At safepoint: 66981 ns, Total: 700320 ns
[2025-10-13T17:57:24.825-0700][1207][info ][safepoint   ] Safepoint "Cleanup", Time since last: 11000871319 ns, Reaching safepoint: 665397 ns, Cleanup: 10035 ns, At safepoint: 69635 ns, Total: 745067 ns
[2025-10-13T17:57:25.005-0700][1207][info ][gc,start    ] GC(264) Pause Young (Mixed) (G1 Evacuation Pause)
[2025-10-13T17:57:25.005-0700][1207][info ][gc,task     ] GC(264) Using 113 workers of 113 for evacuation
[2025-10-13T17:57:25.019-0700][1207][debug][gc,remset   ] GC(264) Visited cards 9560576 Total dirty 41680896 (22.94%) Total old 510590976 (1.87%)
[2025-10-13T17:57:25.125-0700][1207][debug][gc,remset   ] GC(264) Visited cards 749056 Total dirty 34930688 (2.14%) Total old 523829248 (0.14%)
[2025-10-13T17:57:25.145-0700][1207][info ][gc,phases   ] GC(264)   Pre Evacuate Collection Set: 0.8ms
[2025-10-13T17:57:25.145-0700][1207][info ][gc,phases   ] GC(264)   Merge Heap Roots: 13.3ms
[2025-10-13T17:57:25.145-0700][1207][info ][gc,phases   ] GC(264)   Evacuate Collection Set: 104.3ms
[2025-10-13T17:57:25.145-0700][1207][info ][gc,phases   ] GC(264)   Merge Optional Heap Roots: 0.9ms
[2025-10-13T17:57:25.145-0700][1207][info ][gc,phases   ] GC(264)   Evacuate Optional Collection Set: 8.5ms
[2025-10-13T17:57:25.145-0700][1207][info ][gc,phases   ] GC(264)   Post Evacuate Collection Set: 11.6ms
[2025-10-13T17:57:25.145-0700][1207][info ][gc,phases   ] GC(264)   Other: 0.2ms
[2025-10-13T17:57:25.145-0700][1207][debug][gc,remset   ] GC(264) Coarsening (recent): Inline->AoC 17342 (0) AoC->Howl 110 (0) Howl->Full 0 (0) Inline->AoC 651 (0) AoC->BitMap 42 (0) BitMap->Full 0 (0) 
[2025-10-13T17:57:25.145-0700][1207][debug][gc,remset   ] GC(264) Coarsening (all): Inline->AoC 7008011 (191) AoC->Howl 188546 (654) Howl->Full 0 (0) Inline->AoC 863673 (189) AoC->BitMap 203169 (524) BitMap->Full 8 (0) 
[2025-10-13T17:57:25.145-0700][1207][info ][gc,heap     ] GC(264) Eden regions: 3295->0(3278)
[2025-10-13T17:57:25.145-0700][1207][info ][gc,heap     ] GC(264) Survivor regions: 161->178(432)
[2025-10-13T17:57:25.145-0700][1207][info ][gc,heap     ] GC(264) Old regions: 757->635
[2025-10-13T17:57:25.145-0700][1207][info ][gc,heap     ] GC(264) Humongous regions: 7->0
[2025-10-13T17:57:25.145-0700][1207][info ][gc,metaspace] GC(264) Metaspace: 317762K(323904K)->317762K(323904K) NonClass: 280438K(283776K)->280438K(283776K) Class: 37323K(40128K)->37323K(40128K)
[2025-10-13T17:57:25.145-0700][1207][info ][gc          ] GC(264) Pause Young (Mixed) (G1 Evacuation Pause) 135004M->25987M(184320M) 139.871ms
[2025-10-13T17:57:25.146-0700][1207][info ][gc,cpu      ] GC(264) User=13.80s Sys=0.43s Real=0.14s
[2025-10-13T17:57:25.148-0700][1207][info ][safepoint   ] Safepoint "G1CollectForAllocation", Time since last: 178056835 ns, Reaching safepoint: 748784 ns, Cleanup: 4206 ns, At safepoint: 144283874 ns, Total: 145036864 ns
[2025-10-13T17:57:29.149-0700][1207][info ][safepoint   ] Safepoint "Cleanup", Time since last: 4000272802 ns, Reaching safepoint: 772078 ns, Cleanup: 10857 ns, At safepoint: 238611 ns, Total: 1021546 ns
[2025-10-13T17:57:31.150-0700][1207][info ][safepoint   ] Safepoint "Cleanup", Time since last: 2000174654 ns, Reaching safepoint: 800141 ns, Cleanup: 11537 ns, At safepoint: 206383 ns, Total: 1018061 ns
[2025-10-13T17:57:39.152-0700][1207][info ][safepoint   ] Safepoint "Cleanup", Time since last: 8000491000 ns, Reaching safepoint: 770306 ns, Cleanup: 16074 ns, At safepoint: 203819 ns, Total: 990199 ns
[2025-10-13T17:57:40.153-0700][1207][info ][safepoint   ] Safepoint "Cleanup", Time since last: 1000107216 ns, Reaching safepoint: 751919 ns, Cleanup: 11868 ns, At safepoint: 250208 ns, Total: 1013995 ns
[2025-10-13T17:57:44.906-0700][1207][info ][gc,start    ] GC(265) Pause Young (Mixed) (G1 Evacuation Pause)
[2025-10-13T17:57:44.906-0700][1207][info ][gc,task     ] GC(265) Using 113 workers of 113 for evacuation
[2025-10-13T17:57:44.918-0700][1207][debug][gc,remset   ] GC(265) Visited cards 9553152 Total dirty 36175872 (26.41%) Total old 500105216 (1.91%)
[2025-10-13T17:57:45.040-0700][1207][debug][gc,remset   ] GC(265) Visited cards 882944 Total dirty 31588352 (2.80%) Total old 513146880 (0.17%)
[2025-10-13T17:57:45.064-0700][1207][info ][gc,phases   ] GC(265)   Pre Evacuate Collection Set: 0.7ms
[2025-10-13T17:57:45.064-0700][1207][info ][gc,phases   ] GC(265)   Merge Heap Roots: 10.6ms
[2025-10-13T17:57:45.064-0700][1207][info ][gc,phases   ] GC(265)   Evacuate Collection Set: 121.8ms
[2025-10-13T17:57:45.064-0700][1207][info ][gc,phases   ] GC(265)   Merge Optional Heap Roots: 0.8ms
[2025-10-13T17:57:45.064-0700][1207][info ][gc,phases   ] GC(265)   Evacuate Optional Collection Set: 11.5ms
[2025-10-13T17:57:45.064-0700][1207][info ][gc,phases   ] GC(265)   Post Evacuate Collection Set: 11.9ms
[2025-10-13T17:57:45.064-0700][1207][info ][gc,phases   ] GC(265)   Other: 0.2ms
[2025-10-13T17:57:45.064-0700][1207][debug][gc,remset   ] GC(265) Coarsening (recent): Inline->AoC 19540 (0) AoC->Howl 129 (0) Howl->Full 0 (0) Inline->AoC 651 (0) AoC->BitMap 95 (0) BitMap->Full 0 (0) 
[2025-10-13T17:57:45.064-0700][1207][debug][gc,remset   ] GC(265) Coarsening (all): Inline->AoC 7027551 (191) AoC->Howl 188675 (654) Howl->Full 0 (0) Inline->AoC 864324 (189) AoC->BitMap 203264 (524) BitMap->Full 8 (0) 
[2025-10-13T17:57:45.064-0700][1207][info ][gc,heap     ] GC(265) Eden regions: 3278->0(3285)
[2025-10-13T17:57:45.064-0700][1207][info ][gc,heap     ] GC(265) Survivor regions: 178->171(432)
[2025-10-13T17:57:45.064-0700][1207][info ][gc,heap     ] GC(265) Old regions: 635->573
[2025-10-13T17:57:45.064-0700][1207][info ][gc,heap     ] GC(265) Humongous regions: 2->0
[2025-10-13T17:57:45.064-0700][1207][info ][gc,metaspace] GC(265) Metaspace: 317784K(323904K)->317784K(323904K) NonClass: 280460K(283776K)->280460K(283776K) Class: 37323K(40128K)->37323K(40128K)
[2025-10-13T17:57:45.064-0700][1207][info ][gc          ] GC(265) Pause Young (Mixed) (G1 Evacuation Pause) 130947M->23780M(184320M) 157.702ms
[2025-10-13T17:57:45.066-0700][1207][info ][gc,cpu      ] GC(265) User=13.19s Sys=0.22s Real=0.16s
[2025-10-13T17:57:45.067-0700][1207][info ][safepoint   ] Safepoint "G1CollectForAllocation", Time since last: 4751049190 ns, Reaching safepoint: 771378 ns, Cleanup: 4407 ns, At safepoint: 162019179 ns, Total: 162794964 ns
[2025-10-13T17:57:47.068-0700][1207][info ][safepoint   ] Safepoint "Cleanup", Time since last: 2000143977 ns, Reaching safepoint: 805399 ns, Cleanup: 11157 ns, At safepoint: 245061 ns, Total: 1061617 ns
[2025-10-13T17:58:32.846-0700][1207][info ][safepoint   ] Safepoint "Cleanup", Time since last: 45777845391 ns, Reaching safepoint: 717405 ns, Cleanup: 23306 ns, At safepoint: 101253 ns, Total: 841964 ns
[2025-10-13T17:58:33.847-0700][1207][info ][safepoint   ] Safepoint "Cleanup", Time since last: 1000134308 ns, Reaching safepoint: 734501 ns, Cleanup: 14582 ns, At safepoint: 65359 ns, Total: 814442 ns
[2025-10-13T17:58:37.849-0700][1207][info ][safepoint   ] Safepoint "Cleanup", Time since last: 4000326592 ns, Reaching safepoint: 715363 ns, Cleanup: 12038 ns, At safepoint: 65860 ns, Total: 793261 ns
[2025-10-13T17:58:40.821-0700][1207][info ][gc,start    ] GC(266) Pause Young (Concurrent Start) (G1 Humongous Allocation)
[2025-10-13T17:58:40.821-0700][1207][info ][gc,task     ] GC(266) Using 113 workers of 113 for evacuation
[2025-10-13T17:58:40.834-0700][1207][debug][gc,remset   ] GC(266) Visited cards 8200192 Total dirty 36110336 (22.71%) Total old 297336832 (2.76%)
[2025-10-13T17:58:40.934-0700][1207][info ][gc,phases   ] GC(266)   Pre Evacuate Collection Set: 1.1ms
[2025-10-13T17:58:40.934-0700][1207][info ][gc,phases   ] GC(266)   Merge Heap Roots: 11.7ms
[2025-10-13T17:58:40.934-0700][1207][info ][gc,phases   ] GC(266)   Evacuate Collection Set: 91.5ms
[2025-10-13T17:58:40.934-0700][1207][info ][gc,phases   ] GC(266)   Post Evacuate Collection Set: 8.4ms
[2025-10-13T17:58:40.934-0700][1207][info ][gc,phases   ] GC(266)   Other: 0.2ms
[2025-10-13T17:58:40.934-0700][1207][debug][gc,remset   ] GC(266) Coarsening (recent): Inline->AoC 0 (0) AoC->Howl 0 (0) Howl->Full 0 (0) Inline->AoC 0 (0) AoC->BitMap 0 (0) BitMap->Full 0 (0) 
[2025-10-13T17:58:40.934-0700][1207][debug][gc,remset   ] GC(266) Coarsening (all): Inline->AoC 7027551 (191) AoC->Howl 188675 (654) Howl->Full 0 (0) Inline->AoC 864324 (189) AoC->BitMap 203264 (524) BitMap->Full 8 (0) 
[2025-10-13T17:58:40.934-0700][1207][info ][gc,heap     ] GC(266) Eden regions: 1811->0(3289)
[2025-10-13T17:58:40.934-0700][1207][info ][gc,heap     ] GC(266) Survivor regions: 171->167(432)
[2025-10-13T17:58:40.934-0700][1207][info ][gc,heap     ] GC(266) Old regions: 573->573
[2025-10-13T17:58:40.934-0700][1207][info ][gc,heap     ] GC(266) Humongous regions: 0->0
[2025-10-13T17:58:40.934-0700][1207][info ][gc,metaspace] GC(266) Metaspace: 317793K(323904K)->317793K(323904K) NonClass: 280466K(283776K)->280466K(283776K) Class: 37327K(40128K)->37327K(40128K)
[2025-10-13T17:58:40.934-0700][1207][info ][gc          ] GC(266) Pause Young (Concurrent Start) (G1 Humongous Allocation) 81732M->23637M(184320M) 113.080ms
[2025-10-13T17:58:40.934-0700][1090][info ][gc          ] GC(267) Concurrent Mark Cycle
[2025-10-13T17:58:40.934-0700][1090][info ][gc,marking  ] GC(267) Concurrent Scan Root Regions
[2025-10-13T17:58:40.936-0700][1207][info ][gc,cpu      ] GC(266) User=11.66s Sys=0.13s Real=0.11s
[2025-10-13T17:58:40.937-0700][1207][info ][safepoint   ] Safepoint "G1TryInitiateConcMark", Time since last: 2969880429 ns, Reaching safepoint: 680299 ns, Cleanup: 14382 ns, At safepoint: 117993486 ns, Total: 118688167 ns
[2025-10-13T17:58:40.975-0700][1090][info ][gc,marking  ] GC(267) Concurrent Scan Root Regions 41.321ms
[2025-10-13T17:58:40.976-0700][1090][info ][gc,marking  ] GC(267) Concurrent Mark
[2025-10-13T17:58:40.976-0700][1090][info ][gc,marking  ] GC(267) Concurrent Mark From Roots
[2025-10-13T17:58:40.976-0700][1090][info ][gc,task     ] GC(267) Using 36 workers of 36 for marking
[2025-10-13T17:58:41.073-0700][1090][info ][gc,marking  ] GC(267) Concurrent Mark From Roots 97.438ms
[2025-10-13T17:58:41.073-0700][1090][info ][gc,marking  ] GC(267) Concurrent Preclean
[2025-10-13T17:58:41.076-0700][1090][info ][gc,marking  ] GC(267) Concurrent Preclean 3.258ms
[2025-10-13T17:58:41.079-0700][1207][info ][gc,start    ] GC(267) Pause Remark
[2025-10-13T17:58:41.112-0700][1207][info ][gc          ] GC(267) Pause Remark 24994M->24994M(184320M) 32.861ms
[2025-10-13T17:58:41.113-0700][1207][info ][gc,cpu      ] GC(267) User=1.42s Sys=0.00s Real=0.04s
[2025-10-13T17:58:41.113-0700][1207][info ][safepoint   ] Safepoint "G1PauseRemark", Time since last: 139244489 ns, Reaching safepoint: 643104 ns, Cleanup: 6840 ns, At safepoint: 36410706 ns, Total: 37060650 ns
[2025-10-13T17:58:41.113-0700][1090][info ][gc,marking  ] GC(267) Concurrent Mark 137.928ms
[2025-10-13T17:58:41.114-0700][1090][info ][gc,marking  ] GC(267) Concurrent Rebuild Remembered Sets and Scrub Regions
[2025-10-13T17:58:41.327-0700][1090][info ][gc,marking  ] GC(267) Concurrent Rebuild Remembered Sets and Scrub Regions 213.229ms
[2025-10-13T17:58:41.329-0700][1207][info ][gc,start    ] GC(267) Pause Cleanup
[2025-10-13T17:58:41.331-0700][1207][info ][gc          ] GC(267) Pause Cleanup 25359M->25359M(184320M) 1.851ms
[2025-10-13T17:58:41.331-0700][1207][info ][gc,cpu      ] GC(267) User=0.02s Sys=0.00s Real=0.01s
[2025-10-13T17:58:41.331-0700][1207][info ][safepoint   ] Safepoint "G1PauseCleanup", Time since last: 213445067 ns, Reaching safepoint: 605296 ns, Cleanup: 25218 ns, At safepoint: 4041557 ns, Total: 4672071 ns
[2025-10-13T17:58:41.332-0700][1090][info ][gc,marking  ] GC(267) Concurrent Clear Claimed Marks
[2025-10-13T17:58:41.332-0700][1090][info ][gc,marking  ] GC(267) Concurrent Clear Claimed Marks 0.848ms
[2025-10-13T17:58:41.332-0700][1090][info ][gc,marking  ] GC(267) Concurrent Cleanup for Next Mark
[2025-10-13T17:58:41.358-0700][1090][info ][gc,marking  ] GC(267) Concurrent Cleanup for Next Mark 25.438ms
[2025-10-13T17:58:41.358-0700][1090][info ][gc          ] GC(267) Concurrent Mark Cycle 423.766ms
[2025-10-13T17:58:50.333-0700][1207][info ][safepoint   ] Safepoint "Cleanup", Time since last: 9000718276 ns, Reaching safepoint: 702634 ns, Cleanup: 13110 ns, At safepoint: 101974 ns, Total: 817718 ns
[2025-10-13T17:58:52.865-0700][1207][info ][safepoint   ] Safepoint "Cleanup", Time since last: 2531212119 ns, Reaching safepoint: 706088 ns, Cleanup: 15965 ns, At safepoint: 99640 ns, Total: 821693 ns
[2025-10-13T17:58:54.866-0700][1207][info ][safepoint   ] Safepoint "Cleanup", Time since last: 2000180012 ns, Reaching safepoint: 648311 ns, Cleanup: 12238 ns, At safepoint: 96316 ns, Total: 756865 ns
[2025-10-13T17:58:55.867-0700][1207][info ][safepoint   ] Safepoint "Cleanup", Time since last: 1000133066 ns, Reaching safepoint: 669844 ns, Cleanup: 13170 ns, At safepoint: 60501 ns, Total: 743515 ns
[2025-10-13T17:59:11.869-0700][1207][info ][safepoint   ] Safepoint "Cleanup", Time since last: 16001206136 ns, Reaching safepoint: 697025 ns, Cleanup: 11648 ns, At safepoint: 80441 ns, Total: 789114 ns
[2025-10-13T17:59:23.870-0700][1207][info ][safepoint   ] Safepoint "Cleanup", Time since last: 12000810961 ns, Reaching safepoint: 598425 ns, Cleanup: 12409 ns, At safepoint: 58819 ns, Total: 669653 ns
[2025-10-13T17:59:46.873-0700][1207][info ][safepoint   ] Safepoint "Cleanup", Time since last: 23001722481 ns, Reaching safepoint: 634620 ns, Cleanup: 13010 ns, At safepoint: 58939 ns, Total: 706569 ns
[2025-10-13T17:59:49.874-0700][1207][info ][safepoint   ] Safepoint "Cleanup", Time since last: 3000285149 ns, Reaching safepoint: 719398 ns, Cleanup: 20892 ns, At safepoint: 98098 ns, Total: 838388 ns
[2025-10-13T17:59:59.887-0700][1207][info ][safepoint   ] Safepoint "Cleanup", Time since last: 10012387941 ns, Reaching safepoint: 668572 ns, Cleanup: 12479 ns, At safepoint: 245662 ns, Total: 926713 ns
[2025-10-13T18:00:18.892-0700][1207][info ][gc,start    ] GC(268) Pause Young (Prepare Mixed) (G1 Evacuation Pause)
[2025-10-13T18:00:18.892-0700][1207][info ][gc,task     ] GC(268) Using 113 workers of 113 for evacuation
[2025-10-13T18:00:18.905-0700][1207][debug][gc,remset   ] GC(268) Visited cards 8222464 Total dirty 36110336 (22.77%) Total old 490602496 (1.68%)
[2025-10-13T18:00:19.010-0700][1207][info ][gc,phases   ] GC(268)   Pre Evacuate Collection Set: 0.9ms
[2025-10-13T18:00:19.010-0700][1207][info ][gc,phases   ] GC(268)   Merge Heap Roots: 12.7ms
[2025-10-13T18:00:19.010-0700][1207][info ][gc,phases   ] GC(268)   Evacuate Collection Set: 96.3ms
[2025-10-13T18:00:19.010-0700][1207][info ][gc,phases   ] GC(268)   Post Evacuate Collection Set: 8.4ms
[2025-10-13T18:00:19.010-0700][1207][info ][gc,phases   ] GC(268)   Other: 0.2ms
[2025-10-13T18:00:19.010-0700][1207][debug][gc,remset   ] GC(268) Coarsening (recent): Inline->AoC 77536 (0) AoC->Howl 3989 (0) Howl->Full 0 (0) Inline->AoC 21448 (0) AoC->BitMap 4516 (0) BitMap->Full 0 (0) 
[2025-10-13T18:00:19.010-0700][1207][debug][gc,remset   ] GC(268) Coarsening (all): Inline->AoC 7105087 (191) AoC->Howl 192664 (654) Howl->Full 0 (0) Inline->AoC 885772 (189) AoC->BitMap 207780 (524) BitMap->Full 8 (0) 
[2025-10-13T18:00:19.010-0700][1207][info ][gc,heap     ] GC(268) Eden regions: 3289->0(3288)
[2025-10-13T18:00:19.010-0700][1207][info ][gc,heap     ] GC(268) Survivor regions: 167->168(432)
[2025-10-13T18:00:19.010-0700][1207][info ][gc,heap     ] GC(268) Old regions: 573->573
[2025-10-13T18:00:19.010-0700][1207][info ][gc,heap     ] GC(268) Humongous regions: 1->0
[2025-10-13T18:00:19.010-0700][1207][info ][gc,metaspace] GC(268) Metaspace: 317877K(323904K)->317877K(323904K) NonClass: 280549K(283776K)->280549K(283776K) Class: 37327K(40128K)->37327K(40128K)
[2025-10-13T18:00:19.010-0700][1207][info ][gc          ] GC(268) Pause Young (Prepare Mixed) (G1 Evacuation Pause) 128917M->23684M(184320M) 118.614ms
[2025-10-13T18:00:19.012-0700][1207][info ][gc,cpu      ] GC(268) User=11.94s Sys=0.00s Real=0.12s
[2025-10-13T18:00:19.013-0700][1207][info ][safepoint   ] Safepoint "G1CollectForAllocation", Time since last: 19002383346 ns, Reaching safepoint: 692989 ns, Cleanup: 4927 ns, At safepoint: 122658686 ns, Total: 123356602 ns
[2025-10-13T18:00:37.015-0700][1207][info ][safepoint   ] Safepoint "Cleanup", Time since last: 18001176840 ns, Reaching safepoint: 674048 ns, Cleanup: 25439 ns, At safepoint: 65348 ns, Total: 764835 ns
[2025-10-13T18:00:48.016-0700][1207][info ][safepoint   ] Safepoint "Cleanup", Time since last: 11000726436 ns, Reaching safepoint: 673948 ns, Cleanup: 10776 ns, At safepoint: 101043 ns, Total: 785767 ns
[2025-10-13T18:00:50.017-0700][1207][info ][safepoint   ] Safepoint "Cleanup", Time since last: 2000172745 ns, Reaching safepoint: 702471 ns, Cleanup: 18959 ns, At safepoint: 102975 ns, Total: 824405 ns
[2025-10-13T18:01:12.908-0700][1207][info ][safepoint   ] Safepoint "Cleanup", Time since last: 22890304627 ns, Reaching safepoint: 575579 ns, Cleanup: 13601 ns, At safepoint: 59069 ns, Total: 648249 ns
[2025-10-13T18:01:21.910-0700][1207][info ][safepoint   ] Safepoint "Cleanup", Time since last: 9000751409 ns, Reaching safepoint: 650573 ns, Cleanup: 11216 ns, At safepoint: 94663 ns, Total: 756452 ns
[2025-10-13T18:01:53.929-0700][1207][info ][safepoint   ] Safepoint "Cleanup", Time since last: 32018131208 ns, Reaching safepoint: 574777 ns, Cleanup: 17597 ns, At safepoint: 59530 ns, Total: 651904 ns
[2025-10-13T18:01:54.929-0700][1207][info ][safepoint   ] Safepoint "Cleanup", Time since last: 1000107303 ns, Reaching safepoint: 580467 ns, Cleanup: 23024 ns, At safepoint: 57697 ns, Total: 661188 ns
[2025-10-13T18:01:58.931-0700][1207][info ][safepoint   ] Safepoint "Cleanup", Time since last: 4000338238 ns, Reaching safepoint: 658103 ns, Cleanup: 34222 ns, At safepoint: 59850 ns, Total: 752175 ns
[2025-10-13T18:01:59.931-0700][1207][info ][safepoint   ] Safepoint "Cleanup", Time since last: 1000115136 ns, Reaching safepoint: 668228 ns, Cleanup: 41022 ns, At safepoint: 95224 ns, Total: 804474 ns
[2025-10-13T18:02:00.932-0700][1207][info ][safepoint   ] Safepoint "Cleanup", Time since last: 1000134595 ns, Reaching safepoint: 665945 ns, Cleanup: 23426 ns, At safepoint: 97326 ns, Total: 786697 ns
[2025-10-13T18:02:01.933-0700][1207][info ][safepoint   ] Safepoint "Cleanup", Time since last: 1000135767 ns, Reaching safepoint: 626125 ns, Cleanup: 17116 ns, At safepoint: 69445 ns, Total: 712686 ns
[2025-10-13T18:02:02.934-0700][1207][info ][safepoint   ] Safepoint "Cleanup", Time since last: 1000109978 ns, Reaching safepoint: 654478 ns, Cleanup: 23265 ns, At safepoint: 95935 ns, Total: 773678 ns
[2025-10-13T18:02:03.935-0700][1207][info ][safepoint   ] Safepoint "Cleanup", Time since last: 1000133403 ns, Reaching safepoint: 645123 ns, Cleanup: 27051 ns, At safepoint: 92300 ns, Total: 764474 ns
[2025-10-13T18:02:04.936-0700][1207][info ][safepoint   ] Safepoint "Cleanup", Time since last: 1000151450 ns, Reaching safepoint: 663061 ns, Cleanup: 29174 ns, At safepoint: 92930 ns, Total: 785165 ns
[2025-10-13T18:02:05.937-0700][1207][info ][safepoint   ] Safepoint "Cleanup", Time since last: 1000144320 ns, Reaching safepoint: 661348 ns, Cleanup: 34172 ns, At safepoint: 93230 ns, Total: 788750 ns
[2025-10-13T18:02:06.938-0700][1207][info ][safepoint   ] Safepoint "Cleanup", Time since last: 1000138952 ns, Reaching safepoint: 660337 ns, Cleanup: 16645 ns, At safepoint: 57036 ns, Total: 734018 ns
[2025-10-13T18:02:07.939-0700][1207][info ][safepoint   ] Safepoint "Cleanup", Time since last: 1000132381 ns, Reaching safepoint: 665385 ns, Cleanup: 22764 ns, At safepoint: 94022 ns, Total: 782171 ns
[2025-10-13T18:02:08.939-0700][1207][info ][safepoint   ] Safepoint "Cleanup", Time since last: 1000112802 ns, Reaching safepoint: 577332 ns, Cleanup: 90236 ns, At safepoint: 65238 ns, Total: 732806 ns
[2025-10-13T18:02:09.940-0700][1207][info ][safepoint   ] Safepoint "Cleanup", Time since last: 1000128125 ns, Reaching safepoint: 640227 ns, Cleanup: 69976 ns, At safepoint: 61042 ns, Total: 771245 ns
[2025-10-13T18:02:10.941-0700][1207][info ][safepoint   ] Safepoint "Cleanup", Time since last: 1000129276 ns, Reaching safepoint: 647698 ns, Cleanup: 44027 ns, At safepoint: 109815 ns, Total: 801540 ns
[2025-10-13T18:02:11.942-0700][1207][info ][safepoint   ] Safepoint "Cleanup", Time since last: 1000139152 ns, Reaching safepoint: 648609 ns, Cleanup: 28213 ns, At safepoint: 83316 ns, Total: 760138 ns
[2025-10-13T18:02:12.943-0700][1207][info ][safepoint   ] Safepoint "Cleanup", Time since last: 1000126302 ns, Reaching safepoint: 650011 ns, Cleanup: 30977 ns, At safepoint: 97978 ns, Total: 778966 ns
[2025-10-13T18:02:13.944-0700][1207][info ][safepoint   ] Safepoint "Cleanup", Time since last: 1000116698 ns, Reaching safepoint: 565463 ns, Cleanup: 12940 ns, At safepoint: 59209 ns, Total: 637612 ns
[2025-10-13T18:02:14.945-0700][1207][info ][safepoint   ] Safepoint "Cleanup", Time since last: 1000128055 ns, Reaching safepoint: 657052 ns, Cleanup: 14923 ns, At safepoint: 77907 ns, Total: 749882 ns
[2025-10-13T18:02:16.946-0700][1207][info ][safepoint   ] Safepoint "Cleanup", Time since last: 2000190171 ns, Reaching safepoint: 581137 ns, Cleanup: 19880 ns, At safepoint: 59810 ns, Total: 660827 ns
[2025-10-13T18:02:21.947-0700][1207][info ][safepoint   ] Safepoint "Cleanup", Time since last: 5000430068 ns, Reaching safepoint: 682180 ns, Cleanup: 14772 ns, At safepoint: 93080 ns, Total: 790032 ns
[2025-10-13T18:02:23.948-0700][1207][info ][safepoint   ] Safepoint "Cleanup", Time since last: 2000185884 ns, Reaching safepoint: 608849 ns, Cleanup: 19991 ns, At safepoint: 94332 ns, Total: 723172 ns
[2025-10-13T18:02:25.949-0700][1207][info ][safepoint   ] Safepoint "Cleanup", Time since last: 2000180636 ns, Reaching safepoint: 650862 ns, Cleanup: 13631 ns, At safepoint: 58759 ns, Total: 723252 ns
[2025-10-13T18:02:28.950-0700][1207][info ][safepoint   ] Safepoint "Cleanup", Time since last: 3000302491 ns, Reaching safepoint: 658945 ns, Cleanup: 15203 ns, At safepoint: 91919 ns, Total: 766067 ns
[2025-10-13T18:02:29.950-0700][1207][info ][safepoint   ] Safepoint "Cleanup", Time since last: 1000116367 ns, Reaching safepoint: 573346 ns, Cleanup: 12288 ns, At safepoint: 59770 ns, Total: 645404 ns
[2025-10-13T18:02:30.951-0700][1207][info ][safepoint   ] Safepoint "Cleanup", Time since last: 1000132031 ns, Reaching safepoint: 640587 ns, Cleanup: 14472 ns, At safepoint: 58218 ns, Total: 713277 ns
[2025-10-13T18:02:31.952-0700][1207][info ][safepoint   ] Safepoint "Cleanup", Time since last: 1000133553 ns, Reaching safepoint: 646156 ns, Cleanup: 15864 ns, At safepoint: 106440 ns, Total: 768460 ns
[2025-10-13T18:02:35.953-0700][1207][info ][safepoint   ] Safepoint "Cleanup", Time since last: 4000354372 ns, Reaching safepoint: 566996 ns, Cleanup: 12028 ns, At safepoint: 65239 ns, Total: 644263 ns
[2025-10-13T18:02:40.954-0700][1207][info ][safepoint   ] Safepoint "Cleanup", Time since last: 5000398545 ns, Reaching safepoint: 661801 ns, Cleanup: 14772 ns, At safepoint: 60941 ns, Total: 737514 ns
[2025-10-13T18:02:42.955-0700][1207][info ][safepoint   ] Safepoint "Cleanup", Time since last: 2000174289 ns, Reaching safepoint: 645357 ns, Cleanup: 23184 ns, At safepoint: 83325 ns, Total: 751866 ns
[2025-10-13T18:02:44.956-0700][1207][info ][safepoint   ] Safepoint "Cleanup", Time since last: 2000213648 ns, Reaching safepoint: 648411 ns, Cleanup: 15763 ns, At safepoint: 108943 ns, Total: 773117 ns
[2025-10-13T18:02:46.957-0700][1207][info ][safepoint   ] Safepoint "Cleanup", Time since last: 2000216102 ns, Reaching safepoint: 650484 ns, Cleanup: 14131 ns, At safepoint: 109734 ns, Total: 774349 ns
[2025-10-13T18:02:47.958-0700][1207][info ][safepoint   ] Safepoint "Cleanup", Time since last: 1000123474 ns, Reaching safepoint: 619898 ns, Cleanup: 17236 ns, At safepoint: 61923 ns, Total: 699057 ns
[2025-10-13T18:02:50.959-0700][1207][info ][safepoint   ] Safepoint "Cleanup", Time since last: 3000298684 ns, Reaching safepoint: 647670 ns, Cleanup: 19459 ns, At safepoint: 93310 ns, Total: 760439 ns
[2025-10-13T18:02:52.951-0700][1207][info ][safepoint   ] Safepoint "Cleanup", Time since last: 1990895244 ns, Reaching safepoint: 673839 ns, Cleanup: 14532 ns, At safepoint: 94882 ns, Total: 783253 ns
[2025-10-13T18:02:55.952-0700][1207][info ][safepoint   ] Safepoint "Cleanup", Time since last: 3000307477 ns, Reaching safepoint: 667660 ns, Cleanup: 18939 ns, At safepoint: 73259 ns, Total: 759858 ns
[2025-10-13T18:02:59.953-0700][1207][info ][safepoint   ] Safepoint "Cleanup", Time since last: 4000377331 ns, Reaching safepoint: 643524 ns, Cleanup: 11927 ns, At safepoint: 61302 ns, Total: 716753 ns
[2025-10-13T18:03:00.954-0700][1207][info ][safepoint   ] Safepoint "Cleanup", Time since last: 1000118767 ns, Reaching safepoint: 662993 ns, Cleanup: 15172 ns, At safepoint: 94011 ns, Total: 772176 ns
[2025-10-13T18:03:05.955-0700][1207][info ][safepoint   ] Safepoint "Cleanup", Time since last: 5000445282 ns, Reaching safepoint: 639207 ns, Cleanup: 11938 ns, At safepoint: 59979 ns, Total: 711124 ns
[2025-10-13T18:03:20.957-0700][1207][info ][safepoint   ] Safepoint "Cleanup", Time since last: 15001190626 ns, Reaching safepoint: 566796 ns, Cleanup: 14422 ns, At safepoint: 57607 ns, Total: 638825 ns
[2025-10-13T18:03:22.958-0700][1207][info ][safepoint   ] Safepoint "Cleanup", Time since last: 2000187563 ns, Reaching safepoint: 672867 ns, Cleanup: 13550 ns, At safepoint: 59661 ns, Total: 746078 ns
[2025-10-13T18:03:30.959-0700][1207][info ][safepoint   ] Safepoint "Cleanup", Time since last: 8000632022 ns, Reaching safepoint: 562300 ns, Cleanup: 13180 ns, At safepoint: 56826 ns, Total: 632306 ns
[2025-10-13T18:03:35.960-0700][1207][info ][safepoint   ] Safepoint "Cleanup", Time since last: 5000428291 ns, Reaching safepoint: 643322 ns, Cleanup: 13260 ns, At safepoint: 121594 ns, Total: 778176 ns
[2025-10-13T18:03:36.961-0700][1207][info ][safepoint   ] Safepoint "Cleanup", Time since last: 1000115810 ns, Reaching safepoint: 645395 ns, Cleanup: 10716 ns, At safepoint: 60822 ns, Total: 716933 ns
[2025-10-13T18:03:39.962-0700][1207][info ][safepoint   ] Safepoint "Cleanup", Time since last: 3000263032 ns, Reaching safepoint: 635019 ns, Cleanup: 11448 ns, At safepoint: 98619 ns, Total: 745086 ns
[2025-10-13T18:03:40.963-0700][1207][info ][safepoint   ] Safepoint "Cleanup", Time since last: 1000124482 ns, Reaching safepoint: 563442 ns, Cleanup: 13761 ns, At safepoint: 69555 ns, Total: 646758 ns
[2025-10-13T18:03:47.964-0700][1207][info ][safepoint   ] Safepoint "Cleanup", Time since last: 7000452445 ns, Reaching safepoint: 665806 ns, Cleanup: 15744 ns, At safepoint: 126751 ns, Total: 808301 ns
[2025-10-13T18:03:50.985-0700][1207][info ][safepoint   ] Safepoint "Cleanup", Time since last: 3000283098 ns, Reaching safepoint: 20650861 ns, Cleanup: 23626 ns, At safepoint: 136646 ns, Total: 20811133 ns
[2025-10-13T18:03:52.973-0700][1207][info ][safepoint   ] Safepoint "Cleanup", Time since last: 1987523400 ns, Reaching safepoint: 655831 ns, Cleanup: 19830 ns, At safepoint: 59720 ns, Total: 735381 ns
[2025-10-13T18:03:55.975-0700][1207][info ][safepoint   ] Safepoint "Cleanup", Time since last: 3000306453 ns, Reaching safepoint: 668761 ns, Cleanup: 53921 ns, At safepoint: 95164 ns, Total: 817846 ns
[2025-10-13T18:04:18.977-0700][1207][info ][safepoint   ] Safepoint "Cleanup", Time since last: 23001923279 ns, Reaching safepoint: 672696 ns, Cleanup: 35133 ns, At safepoint: 94683 ns, Total: 802512 ns
[2025-10-13T18:04:25.979-0700][1207][info ][safepoint   ] Safepoint "Cleanup", Time since last: 7000618856 ns, Reaching safepoint: 641149 ns, Cleanup: 15012 ns, At safepoint: 58198 ns, Total: 714359 ns
[2025-10-13T18:04:29.980-0700][1207][info ][safepoint   ] Safepoint "Cleanup", Time since last: 4000372103 ns, Reaching safepoint: 646497 ns, Cleanup: 13170 ns, At safepoint: 59339 ns, Total: 719006 ns
[2025-10-13T18:04:37.981-0700][1207][info ][safepoint   ] Safepoint "Cleanup", Time since last: 8000727851 ns, Reaching safepoint: 597062 ns, Cleanup: 13500 ns, At safepoint: 59761 ns, Total: 670323 ns
[2025-10-13T18:04:49.983-0700][1207][info ][safepoint   ] Safepoint "Cleanup", Time since last: 12001055557 ns, Reaching safepoint: 586369 ns, Cleanup: 12279 ns, At safepoint: 61994 ns, Total: 660642 ns
[2025-10-13T18:04:56.997-0700][1207][info ][safepoint   ] Safepoint "Cleanup", Time since last: 7013062412 ns, Reaching safepoint: 586509 ns, Cleanup: 17316 ns, At safepoint: 67653 ns, Total: 671478 ns
[2025-10-13T18:04:58.998-0700][1207][info ][safepoint   ] Safepoint "Cleanup", Time since last: 2000230340 ns, Reaching safepoint: 672610 ns, Cleanup: 16154 ns, At safepoint: 93902 ns, Total: 782666 ns
[2025-10-13T18:05:03.999-0700][1207][info ][safepoint   ] Safepoint "Cleanup", Time since last: 5000451112 ns, Reaching safepoint: 616074 ns, Cleanup: 15453 ns, At safepoint: 59300 ns, Total: 690827 ns
[2025-10-13T18:05:15.000-0700][1207][info ][safepoint   ] Safepoint "Cleanup", Time since last: 11000937672 ns, Reaching safepoint: 641884 ns, Cleanup: 19449 ns, At safepoint: 60602 ns, Total: 721935 ns
[2025-10-13T18:05:20.002-0700][1207][info ][safepoint   ] Safepoint "Cleanup", Time since last: 5000481007 ns, Reaching safepoint: 677657 ns, Cleanup: 12950 ns, At safepoint: 90026 ns, Total: 780633 ns
[2025-10-13T18:05:41.004-0700][1207][info ][safepoint   ] Safepoint "Cleanup", Time since last: 21001598480 ns, Reaching safepoint: 641783 ns, Cleanup: 18367 ns, At safepoint: 59521 ns, Total: 719671 ns
[2025-10-13T18:05:49.005-0700][1207][info ][safepoint   ] Safepoint "Cleanup", Time since last: 8000643359 ns, Reaching safepoint: 581442 ns, Cleanup: 12679 ns, At safepoint: 63326 ns, Total: 657447 ns
[2025-10-13T18:05:50.006-0700][1207][info ][safepoint   ] Safepoint "Cleanup", Time since last: 1000115531 ns, Reaching safepoint: 639048 ns, Cleanup: 14583 ns, At safepoint: 95164 ns, Total: 748795 ns
[2025-10-13T18:06:20.021-0700][1207][info ][safepoint   ] Safepoint "Cleanup", Time since last: 30013806848 ns, Reaching safepoint: 586016 ns, Cleanup: 19029 ns, At safepoint: 61574 ns, Total: 666619 ns
[2025-10-13T18:06:28.022-0700][1207][info ][safepoint   ] Safepoint "Cleanup", Time since last: 8000569156 ns, Reaching safepoint: 561990 ns, Cleanup: 12870 ns, At safepoint: 60092 ns, Total: 634952 ns
[2025-10-13T18:06:30.023-0700][1207][info ][safepoint   ] Safepoint "Cleanup", Time since last: 2000167748 ns, Reaching safepoint: 581980 ns, Cleanup: 14191 ns, At safepoint: 56777 ns, Total: 652948 ns
[2025-10-13T18:06:56.041-0700][1207][info ][safepoint   ] Safepoint "Cleanup", Time since last: 26017958119 ns, Reaching safepoint: 583413 ns, Cleanup: 12539 ns, At safepoint: 62895 ns, Total: 658847 ns
[2025-10-13T18:07:43.045-0700][1207][info ][safepoint   ] Safepoint "Cleanup", Time since last: 47003088753 ns, Reaching safepoint: 566909 ns, Cleanup: 13951 ns, At safepoint: 59300 ns, Total: 640160 ns
[2025-10-13T18:07:52.046-0700][1207][info ][safepoint   ] Safepoint "Cleanup", Time since last: 9000640362 ns, Reaching safepoint: 575622 ns, Cleanup: 12770 ns, At safepoint: 59820 ns, Total: 648212 ns
[2025-10-13T18:08:02.064-0700][1207][info ][safepoint   ] Safepoint "Cleanup", Time since last: 10016561239 ns, Reaching safepoint: 652439 ns, Cleanup: 14381 ns, At safepoint: 92921 ns, Total: 759741 ns
[2025-10-13T18:08:53.086-0700][1207][info ][safepoint   ] Safepoint "Cleanup", Time since last: 51022072205 ns, Reaching safepoint: 566850 ns, Cleanup: 16154 ns, At safepoint: 58960 ns, Total: 641964 ns
[2025-10-13T18:09:47.091-0700][1207][info ][safepoint   ] Safepoint "Cleanup", Time since last: 54003720508 ns, Reaching safepoint: 576714 ns, Cleanup: 15173 ns, At safepoint: 61363 ns, Total: 653250 ns
[2025-10-13T18:09:48.091-0700][1207][info ][safepoint   ] Safepoint "Cleanup", Time since last: 1000109812 ns, Reaching safepoint: 572648 ns, Cleanup: 24968 ns, At safepoint: 60462 ns, Total: 658078 ns
[2025-10-13T18:10:13.112-0700][1207][info ][safepoint   ] Safepoint "Cleanup", Time since last: 25019539140 ns, Reaching safepoint: 577755 ns, Cleanup: 16224 ns, At safepoint: 60452 ns, Total: 654431 ns
[2025-10-13T18:10:38.114-0700][1207][info ][safepoint   ] Safepoint "Cleanup", Time since last: 25001679841 ns, Reaching safepoint: 562121 ns, Cleanup: 14011 ns, At safepoint: 59460 ns, Total: 635592 ns
[2025-10-13T18:10:48.115-0700][1207][info ][safepoint   ] Safepoint "Cleanup", Time since last: 10000700047 ns, Reaching safepoint: 576943 ns, Cleanup: 13300 ns, At safepoint: 71589 ns, Total: 661832 ns
[2025-10-13T18:10:50.116-0700][1207][info ][safepoint   ] Safepoint "Cleanup", Time since last: 2000175106 ns, Reaching safepoint: 559268 ns, Cleanup: 16384 ns, At safepoint: 59751 ns, Total: 635403 ns
[2025-10-13T18:11:17.135-0700][1207][info ][safepoint   ] Safepoint "Cleanup", Time since last: 27017992439 ns, Reaching safepoint: 514999 ns, Cleanup: 13371 ns, At safepoint: 58258 ns, Total: 586628 ns
[2025-10-13T18:11:41.137-0700][1207][info ][safepoint   ] Safepoint "Cleanup", Time since last: 24001605288 ns, Reaching safepoint: 560198 ns, Cleanup: 13470 ns, At safepoint: 59801 ns, Total: 633469 ns
[2025-10-13T18:12:31.158-0700][1207][info ][safepoint   ] Safepoint "Cleanup", Time since last: 50020510783 ns, Reaching safepoint: 574660 ns, Cleanup: 14522 ns, At safepoint: 57908 ns, Total: 647090 ns
[2025-10-13T18:12:41.159-0700][1207][info ][safepoint   ] Safepoint "Cleanup", Time since last: 10000702154 ns, Reaching safepoint: 582662 ns, Cleanup: 16365 ns, At safepoint: 58969 ns, Total: 657996 ns
[2025-10-13T18:12:50.161-0700][1207][info ][safepoint   ] Safepoint "Cleanup", Time since last: 9000631447 ns, Reaching safepoint: 580940 ns, Cleanup: 22033 ns, At safepoint: 56316 ns, Total: 659289 ns
[2025-10-13T18:12:51.162-0700][1207][info ][safepoint   ] Safepoint "Cleanup", Time since last: 1000111518 ns, Reaching safepoint: 572286 ns, Cleanup: 15033 ns, At safepoint: 61142 ns, Total: 648461 ns
[2025-10-13T18:13:02.179-0700][1207][info ][safepoint   ] Safepoint "Cleanup", Time since last: 11016553860 ns, Reaching safepoint: 584977 ns, Cleanup: 13670 ns, At safepoint: 57397 ns, Total: 656044 ns
[2025-10-13T18:13:11.180-0700][1207][info ][safepoint   ] Safepoint "Cleanup", Time since last: 9000635532 ns, Reaching safepoint: 561451 ns, Cleanup: 14292 ns, At safepoint: 57457 ns, Total: 633200 ns
[2025-10-13T18:13:13.181-0700][1207][info ][safepoint   ] Safepoint "Cleanup", Time since last: 2000178125 ns, Reaching safepoint: 555181 ns, Cleanup: 14743 ns, At safepoint: 61783 ns, Total: 631707 ns
[2025-10-13T18:13:39.939-0700][1207][info ][safepoint   ] Safepoint "Cleanup", Time since last: 26758229889 ns, Reaching safepoint: 350591 ns, Cleanup: 9174 ns, At safepoint: 58609 ns, Total: 418374 ns
[2025-10-13T18:13:40.940-0700][1207][info ][safepoint   ] Safepoint "Cleanup", Time since last: 1000101817 ns, Reaching safepoint: 558636 ns, Cleanup: 35324 ns, At safepoint: 78328 ns, Total: 672288 ns
[2025-10-13T18:13:41.941-0700][1207][info ][safepoint   ] Safepoint "Cleanup", Time since last: 1000109830 ns, Reaching safepoint: 573929 ns, Cleanup: 13811 ns, At safepoint: 59490 ns, Total: 647230 ns
[2025-10-13T18:13:42.942-0700][1207][info ][safepoint   ] Safepoint "Cleanup", Time since last: 1000127076 ns, Reaching safepoint: 578416 ns, Cleanup: 13150 ns, At safepoint: 60061 ns, Total: 651627 ns
[2025-10-13T18:13:44.943-0700][1207][info ][safepoint   ] Safepoint "Cleanup", Time since last: 2000167910 ns, Reaching safepoint: 580900 ns, Cleanup: 11407 ns, At safepoint: 59090 ns, Total: 651397 ns
[2025-10-13T18:13:45.943-0700][1207][info ][safepoint   ] Safepoint "Cleanup", Time since last: 1000104041 ns, Reaching safepoint: 571806 ns, Cleanup: 11327 ns, At safepoint: 60011 ns, Total: 643144 ns
[2025-10-13T18:13:47.944-0700][1207][info ][safepoint   ] Safepoint "Cleanup", Time since last: 2000165176 ns, Reaching safepoint: 557114 ns, Cleanup: 10766 ns, At safepoint: 63046 ns, Total: 630926 ns
[2025-10-13T18:13:50.945-0700][1207][info ][safepoint   ] Safepoint "Cleanup", Time since last: 3000240974 ns, Reaching safepoint: 559207 ns, Cleanup: 14482 ns, At safepoint: 58499 ns, Total: 632188 ns
[2025-10-13T18:13:52.201-0700][1207][info ][safepoint   ] Safepoint "Cleanup", Time since last: 1255460890 ns, Reaching safepoint: 297210 ns, Cleanup: 11728 ns, At safepoint: 56445 ns, Total: 365383 ns
[2025-10-13T18:13:53.202-0700][1207][info ][safepoint   ] Safepoint "Cleanup", Time since last: 1000118613 ns, Reaching safepoint: 573729 ns, Cleanup: 39029 ns, At safepoint: 58949 ns, Total: 671707 ns
[2025-10-13T18:13:54.202-0700][1207][info ][safepoint   ] Safepoint "Cleanup", Time since last: 1000106565 ns, Reaching safepoint: 577264 ns, Cleanup: 11878 ns, At safepoint: 60171 ns, Total: 649313 ns
[2025-10-13T18:13:55.203-0700][1207][info ][safepoint   ] Safepoint "Cleanup", Time since last: 1000100145 ns, Reaching safepoint: 605187 ns, Cleanup: 9845 ns, At safepoint: 117247 ns, Total: 732279 ns
[2025-10-13T18:13:56.204-0700][1207][info ][safepoint   ] Safepoint "Cleanup", Time since last: 1000102759 ns, Reaching safepoint: 560269 ns, Cleanup: 52059 ns, At safepoint: 57056 ns, Total: 669384 ns
[2025-10-13T18:13:57.205-0700][1207][info ][safepoint   ] Safepoint "Cleanup", Time since last: 1000097881 ns, Reaching safepoint: 571837 ns, Cleanup: 21722 ns, At safepoint: 59320 ns, Total: 652879 ns
[2025-10-13T18:13:59.206-0700][1207][info ][safepoint   ] Safepoint "Cleanup", Time since last: 2000167570 ns, Reaching safepoint: 575883 ns, Cleanup: 12879 ns, At safepoint: 58889 ns, Total: 647651 ns
[2025-10-13T18:14:01.206-0700][1207][info ][safepoint   ] Safepoint "Cleanup", Time since last: 2000162663 ns, Reaching safepoint: 608372 ns, Cleanup: 13550 ns, At safepoint: 105380 ns, Total: 727302 ns
[2025-10-13T18:14:02.207-0700][1207][info ][safepoint   ] Safepoint "Cleanup", Time since last: 1000101697 ns, Reaching safepoint: 577234 ns, Cleanup: 19840 ns, At safepoint: 72841 ns, Total: 669915 ns
[2025-10-13T18:14:03.208-0700][1207][info ][safepoint   ] Safepoint "Cleanup", Time since last: 1000103800 ns, Reaching safepoint: 586719 ns, Cleanup: 17666 ns, At safepoint: 59991 ns, Total: 664376 ns
[2025-10-13T18:14:07.209-0700][1207][info ][safepoint   ] Safepoint "Cleanup", Time since last: 4000284133 ns, Reaching safepoint: 564285 ns, Cleanup: 13590 ns, At safepoint: 60172 ns, Total: 638047 ns
[2025-10-13T18:14:10.210-0700][1207][info ][safepoint   ] Safepoint "Cleanup", Time since last: 3000225683 ns, Reaching safepoint: 583554 ns, Cleanup: 12599 ns, At safepoint: 60762 ns, Total: 656915 ns
[2025-10-13T18:14:11.211-0700][1207][info ][safepoint   ] Safepoint "Cleanup", Time since last: 1000106819 ns, Reaching safepoint: 581391 ns, Cleanup: 12879 ns, At safepoint: 61343 ns, Total: 655613 ns
[2025-10-13T18:14:13.211-0700][1207][info ][safepoint   ] Safepoint "Cleanup", Time since last: 2000171163 ns, Reaching safepoint: 575322 ns, Cleanup: 15464 ns, At safepoint: 61333 ns, Total: 652119 ns
[2025-10-13T18:14:15.212-0700][1207][info ][safepoint   ] Safepoint "Cleanup", Time since last: 2000172084 ns, Reaching safepoint: 561240 ns, Cleanup: 16225 ns, At safepoint: 75174 ns, Total: 652639 ns
[2025-10-13T18:14:29.214-0700][1207][info ][safepoint   ] Safepoint "Cleanup", Time since last: 14000932919 ns, Reaching safepoint: 573619 ns, Cleanup: 12329 ns, At safepoint: 61062 ns, Total: 647010 ns
[2025-10-13T18:14:31.215-0700][1207][info ][safepoint   ] Safepoint "Cleanup", Time since last: 2000172537 ns, Reaching safepoint: 576633 ns, Cleanup: 17347 ns, At safepoint: 58649 ns, Total: 652629 ns
[2025-10-13T18:14:35.215-0700][1207][info ][safepoint   ] Safepoint "Cleanup", Time since last: 4000282423 ns, Reaching safepoint: 292083 ns, Cleanup: 80361 ns, At safepoint: 41493 ns, Total: 413937 ns
[2025-10-13T18:14:36.216-0700][1207][info ][safepoint   ] Safepoint "Cleanup", Time since last: 1000122700 ns, Reaching safepoint: 412224 ns, Cleanup: 87283 ns, At safepoint: 69014 ns, Total: 568521 ns
[2025-10-13T18:14:37.217-0700][1207][info ][safepoint   ] Safepoint "Cleanup", Time since last: 1000134408 ns, Reaching safepoint: 312653 ns, Cleanup: 20531 ns, At safepoint: 46901 ns, Total: 380085 ns
[2025-10-13T18:14:38.029-0700][25120][info ][gc,heap,exit] Heap
[2025-10-13T18:14:38.029-0700][25120][info ][gc,heap,exit]  garbage-first heap   total 188743680K, used 94147820K [0x00007f93c6000000, 0x00007fc0c6000000)
[2025-10-13T18:14:38.029-0700][25120][info ][gc,heap,exit]   region size 32768K, 2301 young (75399168K), 168 survivors (5505024K)
[2025-10-13T18:14:38.029-0700][25120][info ][gc,heap,exit]  Metaspace       used 318813K, committed 324800K, reserved 1376256K
[2025-10-13T18:14:38.029-0700][25120][info ][gc,heap,exit]   class space    used 37403K, committed 40128K, reserved 1048576K
