[2025-10-13T23:16:23.561-0700][1081][info][gc,init] CardTable entry size: 512
[2025-10-13T23:16:23.561-0700][1081][debug][gc,remset] Card Set container configuration: InlinePtr #cards 3 size 8 Array Of Cards #cards 256 size 528 Howl #buckets 8 coarsen threshold 58982 Howl Bitmap #cards 8192 size 1040 coarsen threshold 7372 Card regions per heap region 1 cards per card region 65536
[2025-10-13T23:16:23.561-0700][1081][info ][gc       ] Using G1
[2025-10-13T23:16:27.830-0700][1081][info ][gc,init  ] Version: 21.0.2-internal-adhoc.leochashnikov.labs-openjdk-21 (release)
[2025-10-13T23:16:27.830-0700][1081][info ][gc,init  ] CPUs: 176 total, 176 available
[2025-10-13T23:16:27.830-0700][1081][info ][gc,init  ] Memory: 251G
[2025-10-13T23:16:27.830-0700][1081][info ][gc,init  ] Large Page Support: Disabled
[2025-10-13T23:16:27.830-0700][1081][info ][gc,init  ] NUMA Support: Disabled
[2025-10-13T23:16:27.830-0700][1081][info ][gc,init  ] Compressed Oops: Disabled
[2025-10-13T23:16:27.830-0700][1081][info ][gc,init  ] Heap Region Size: 32M
[2025-10-13T23:16:27.830-0700][1081][info ][gc,init  ] Heap Min Capacity: 180G
[2025-10-13T23:16:27.830-0700][1081][info ][gc,init  ] Heap Initial Capacity: 180G
[2025-10-13T23:16:27.830-0700][1081][info ][gc,init  ] Heap Max Capacity: 180G
[2025-10-13T23:16:27.830-0700][1081][info ][gc,init  ] Pre-touch: Enabled
[2025-10-13T23:16:27.830-0700][1081][info ][gc,init  ] Parallel Workers: 113
[2025-10-13T23:16:27.830-0700][1081][info ][gc,init  ] Concurrent Workers: 36
[2025-10-13T23:16:27.830-0700][1081][info ][gc,init  ] Concurrent Refinement Workers: 113
[2025-10-13T23:16:27.830-0700][1081][info ][gc,init  ] Periodic GC: Disabled
[2025-10-13T23:16:27.830-0700][1081][info ][gc,metaspace] CDS archive(s) not mapped
[2025-10-13T23:16:27.830-0700][1081][info ][gc,metaspace] Compressed class space mapped at: 0x0000000080000000-0x00000000c0000000, reserved size: 1073741824
[2025-10-13T23:16:27.830-0700][1081][info ][gc,metaspace] Narrow klass base: 0x0000000000000000, Narrow klass shift: 0, Narrow klass range: 0xc0000000
[2025-10-13T23:16:28.218-0700][1201][info ][safepoint   ] Safepoint "ICBufferFull", Time since last: 356737525 ns, Reaching safepoint: 70125 ns, Cleanup: 160462 ns, At safepoint: 5579 ns, Total: 236166 ns
[2025-10-13T23:16:28.266-0700][1201][info ][gc,start    ] GC(0) Pause Young (Concurrent Start) (Metadata GC Threshold)
[2025-10-13T23:16:28.266-0700][1201][info ][gc,task     ] GC(0) Using 113 workers of 113 for evacuation
[2025-10-13T23:16:28.267-0700][1201][debug][gc,remset   ] GC(0) Visited cards 0 Total dirty 0 (0.00%) Total old 524288 (0.00%)
[2025-10-13T23:16:28.275-0700][1201][info ][gc,phases   ] GC(0)   Pre Evacuate Collection Set: 0.6ms
[2025-10-13T23:16:28.275-0700][1201][info ][gc,phases   ] GC(0)   Merge Heap Roots: 1.1ms
[2025-10-13T23:16:28.275-0700][1201][info ][gc,phases   ] GC(0)   Evacuate Collection Set: 5.3ms
[2025-10-13T23:16:28.275-0700][1201][info ][gc,phases   ] GC(0)   Post Evacuate Collection Set: 1.8ms
[2025-10-13T23:16:28.275-0700][1201][info ][gc,phases   ] GC(0)   Other: 0.1ms
[2025-10-13T23:16:28.275-0700][1201][debug][gc,remset   ] GC(0) Coarsening (recent): Inline->AoC 0 (0) AoC->Howl 0 (0) Howl->Full 0 (0) Inline->AoC 0 (0) AoC->BitMap 0 (0) BitMap->Full 0 (0) 
[2025-10-13T23:16:28.275-0700][1201][debug][gc,remset   ] GC(0) Coarsening (all): Inline->AoC 0 (0) AoC->Howl 0 (0) Howl->Full 0 (0) Inline->AoC 0 (0) AoC->BitMap 0 (0) BitMap->Full 0 (0) 
[2025-10-13T23:16:28.275-0700][1201][info ][gc,heap     ] GC(0) Eden regions: 4->0(287)
[2025-10-13T23:16:28.275-0700][1201][info ][gc,heap     ] GC(0) Survivor regions: 0->1(36)
[2025-10-13T23:16:28.275-0700][1201][info ][gc,heap     ] GC(0) Old regions: 0->0
[2025-10-13T23:16:28.275-0700][1201][info ][gc,heap     ] GC(0) Humongous regions: 0->0
[2025-10-13T23:16:28.275-0700][1201][info ][gc,metaspace] GC(0) Metaspace: 21338K(21504K)->21338K(21504K) NonClass: 19069K(19136K)->19069K(19136K) Class: 2269K(2368K)->2269K(2368K)
[2025-10-13T23:16:28.275-0700][1201][info ][gc          ] GC(0) Pause Young (Concurrent Start) (Metadata GC Threshold) 128M->15M(184320M) 9.133ms
[2025-10-13T23:16:28.275-0700][1084][info ][gc          ] GC(1) Concurrent Mark Cycle
[2025-10-13T23:16:28.275-0700][1201][info ][gc,cpu      ] GC(0) User=0.18s Sys=0.29s Real=0.01s
[2025-10-13T23:16:28.275-0700][1084][info ][gc,marking  ] GC(1) Concurrent Scan Root Regions
[2025-10-13T23:16:28.275-0700][1201][info ][safepoint   ] Safepoint "CollectForMetadataAllocation", Time since last: 47659825 ns, Reaching safepoint: 67101 ns, Cleanup: 51318 ns, At safepoint: 9277960 ns, Total: 9396379 ns
[2025-10-13T23:16:28.277-0700][1084][info ][gc,marking  ] GC(1) Concurrent Scan Root Regions 2.436ms
[2025-10-13T23:16:28.277-0700][1084][info ][gc,marking  ] GC(1) Concurrent Mark
[2025-10-13T23:16:28.277-0700][1084][info ][gc,marking  ] GC(1) Concurrent Mark From Roots
[2025-10-13T23:16:28.279-0700][1084][info ][gc,task     ] GC(1) Using 36 workers of 36 for marking
[2025-10-13T23:16:28.283-0700][1084][info ][gc,marking  ] GC(1) Concurrent Mark From Roots 5.312ms
[2025-10-13T23:16:28.283-0700][1084][info ][gc,marking  ] GC(1) Concurrent Preclean
[2025-10-13T23:16:28.283-0700][1084][info ][gc,marking  ] GC(1) Concurrent Preclean 0.008ms
[2025-10-13T23:16:28.283-0700][1201][info ][gc,start    ] GC(1) Pause Remark
[2025-10-13T23:16:28.284-0700][1201][info ][gc          ] GC(1) Pause Remark 79M->79M(184320M) 1.766ms
[2025-10-13T23:16:28.284-0700][1201][info ][gc,cpu      ] GC(1) User=0.02s Sys=0.05s Real=0.00s
[2025-10-13T23:16:28.284-0700][1201][info ][safepoint   ] Safepoint "G1PauseRemark", Time since last: 7768115 ns, Reaching safepoint: 65749 ns, Cleanup: 6270 ns, At safepoint: 1800713 ns, Total: 1872732 ns
[2025-10-13T23:16:28.284-0700][1084][info ][gc,marking  ] GC(1) Concurrent Mark 7.237ms
[2025-10-13T23:16:28.285-0700][1084][info ][gc,marking  ] GC(1) Concurrent Rebuild Remembered Sets and Scrub Regions
[2025-10-13T23:16:28.285-0700][1084][info ][gc,marking  ] GC(1) Concurrent Rebuild Remembered Sets and Scrub Regions 0.102ms
[2025-10-13T23:16:28.285-0700][1201][info ][gc,start    ] GC(1) Pause Cleanup
[2025-10-13T23:16:28.285-0700][1201][info ][gc          ] GC(1) Pause Cleanup 79M->79M(184320M) 0.009ms
[2025-10-13T23:16:28.285-0700][1201][info ][gc,cpu      ] GC(1) User=0.00s Sys=0.00s Real=0.00s
[2025-10-13T23:16:28.285-0700][1201][info ][safepoint   ] Safepoint "G1PauseCleanup", Time since last: 131789 ns, Reaching safepoint: 65388 ns, Cleanup: 791 ns, At safepoint: 21243 ns, Total: 87422 ns
[2025-10-13T23:16:28.285-0700][1084][info ][gc,marking  ] GC(1) Concurrent Clear Claimed Marks
[2025-10-13T23:16:28.285-0700][1084][info ][gc,marking  ] GC(1) Concurrent Clear Claimed Marks 0.019ms
[2025-10-13T23:16:28.285-0700][1084][info ][gc,marking  ] GC(1) Concurrent Cleanup for Next Mark
[2025-10-13T23:16:28.309-0700][1084][info ][gc,marking  ] GC(1) Concurrent Cleanup for Next Mark 24.475ms
[2025-10-13T23:16:28.309-0700][1084][info ][gc          ] GC(1) Concurrent Mark Cycle 34.481ms
[2025-10-13T23:16:28.475-0700][1201][info ][safepoint   ] Safepoint "ICBufferFull", Time since last: 189939788 ns, Reaching safepoint: 131107 ns, Cleanup: 170577 ns, At safepoint: 3556 ns, Total: 305240 ns
[2025-10-13T23:16:28.592-0700][1201][info ][gc,start    ] GC(2) Pause Young (Concurrent Start) (Metadata GC Threshold)
[2025-10-13T23:16:28.592-0700][1201][info ][gc,task     ] GC(2) Using 113 workers of 113 for evacuation
[2025-10-13T23:16:28.594-0700][1201][debug][gc,remset   ] GC(2) Visited cards 0 Total dirty 0 (0.00%) Total old 655360 (0.00%)
[2025-10-13T23:16:28.603-0700][1201][info ][gc,phases   ] GC(2)   Pre Evacuate Collection Set: 0.6ms
[2025-10-13T23:16:28.603-0700][1201][info ][gc,phases   ] GC(2)   Merge Heap Roots: 0.8ms
[2025-10-13T23:16:28.603-0700][1201][info ][gc,phases   ] GC(2)   Evacuate Collection Set: 8.0ms
[2025-10-13T23:16:28.603-0700][1201][info ][gc,phases   ] GC(2)   Post Evacuate Collection Set: 1.7ms
[2025-10-13T23:16:28.603-0700][1201][info ][gc,phases   ] GC(2)   Other: 0.2ms
[2025-10-13T23:16:28.603-0700][1201][debug][gc,remset   ] GC(2) Coarsening (recent): Inline->AoC 0 (0) AoC->Howl 0 (0) Howl->Full 0 (0) Inline->AoC 0 (0) AoC->BitMap 0 (0) BitMap->Full 0 (0) 
[2025-10-13T23:16:28.603-0700][1201][debug][gc,remset   ] GC(2) Coarsening (all): Inline->AoC 0 (0) AoC->Howl 0 (0) Howl->Full 0 (0) Inline->AoC 0 (0) AoC->BitMap 0 (0) BitMap->Full 0 (0) 
[2025-10-13T23:16:28.603-0700][1201][info ][gc,heap     ] GC(2) Eden regions: 4->0(287)
[2025-10-13T23:16:28.604-0700][1201][info ][gc,heap     ] GC(2) Survivor regions: 1->1(36)
[2025-10-13T23:16:28.604-0700][1201][info ][gc,heap     ] GC(2) Old regions: 0->0
[2025-10-13T23:16:28.604-0700][1201][info ][gc,heap     ] GC(2) Humongous regions: 0->0
[2025-10-13T23:16:28.604-0700][1201][info ][gc,metaspace] GC(2) Metaspace: 36144K(36416K)->36144K(36416K) NonClass: 32120K(32256K)->32120K(32256K) Class: 4023K(4160K)->4023K(4160K)
[2025-10-13T23:16:28.604-0700][1201][info ][gc          ] GC(2) Pause Young (Concurrent Start) (Metadata GC Threshold) 142M->23M(184320M) 11.452ms
[2025-10-13T23:16:28.604-0700][1084][info ][gc          ] GC(3) Concurrent Mark Cycle
[2025-10-13T23:16:28.604-0700][1201][info ][gc,cpu      ] GC(2) User=0.31s Sys=0.40s Real=0.01s
[2025-10-13T23:16:28.604-0700][1084][info ][gc,marking  ] GC(3) Concurrent Scan Root Regions
[2025-10-13T23:16:28.604-0700][1201][info ][safepoint   ] Safepoint "CollectForMetadataAllocation", Time since last: 116951136 ns, Reaching safepoint: 66520 ns, Cleanup: 74192 ns, At safepoint: 11591446 ns, Total: 11732158 ns
[2025-10-13T23:16:28.608-0700][1084][info ][gc,marking  ] GC(3) Concurrent Scan Root Regions 4.799ms
[2025-10-13T23:16:28.608-0700][1084][info ][gc,marking  ] GC(3) Concurrent Mark
[2025-10-13T23:16:28.608-0700][1084][info ][gc,marking  ] GC(3) Concurrent Mark From Roots
[2025-10-13T23:16:28.608-0700][1084][info ][gc,task     ] GC(3) Using 36 workers of 36 for marking
[2025-10-13T23:16:28.611-0700][1201][info ][safepoint   ] Safepoint "CollectForMetadataAllocation", Time since last: 7141321 ns, Reaching safepoint: 99210 ns, Cleanup: 8022 ns, At safepoint: 55003 ns, Total: 162235 ns
[2025-10-13T23:16:28.612-0700][1084][info ][gc,marking  ] GC(3) Concurrent Mark From Roots 3.689ms
[2025-10-13T23:16:28.612-0700][1084][info ][gc,marking  ] GC(3) Concurrent Preclean
[2025-10-13T23:16:28.612-0700][1084][info ][gc,marking  ] GC(3) Concurrent Preclean 0.008ms
[2025-10-13T23:16:28.612-0700][1201][info ][gc,start    ] GC(3) Pause Remark
[2025-10-13T23:16:28.614-0700][1201][info ][gc          ] GC(3) Pause Remark 55M->55M(184320M) 2.087ms
[2025-10-13T23:16:28.614-0700][1201][info ][gc,cpu      ] GC(3) User=0.10s Sys=0.00s Real=0.00s
[2025-10-13T23:16:28.614-0700][1201][info ][safepoint   ] Safepoint "G1PauseRemark", Time since last: 1204234 ns, Reaching safepoint: 65879 ns, Cleanup: 591 ns, At safepoint: 2134086 ns, Total: 2200556 ns
[2025-10-13T23:16:28.614-0700][1084][info ][gc,marking  ] GC(3) Concurrent Mark 5.939ms
[2025-10-13T23:16:28.614-0700][1084][info ][gc,marking  ] GC(3) Concurrent Rebuild Remembered Sets and Scrub Regions
[2025-10-13T23:16:28.614-0700][1084][info ][gc,marking  ] GC(3) Concurrent Rebuild Remembered Sets and Scrub Regions 0.096ms
[2025-10-13T23:16:28.615-0700][1201][info ][gc,start    ] GC(3) Pause Cleanup
[2025-10-13T23:16:28.615-0700][1201][info ][gc          ] GC(3) Pause Cleanup 55M->55M(184320M) 0.008ms
[2025-10-13T23:16:28.615-0700][1201][info ][gc,cpu      ] GC(3) User=0.00s Sys=0.00s Real=0.00s
[2025-10-13T23:16:28.615-0700][1201][info ][safepoint   ] Safepoint "G1PauseCleanup", Time since last: 129155 ns, Reaching safepoint: 66109 ns, Cleanup: 1192 ns, At safepoint: 21012 ns, Total: 88313 ns
[2025-10-13T23:16:28.615-0700][1084][info ][gc,marking  ] GC(3) Concurrent Clear Claimed Marks
[2025-10-13T23:16:28.615-0700][1084][info ][gc,marking  ] GC(3) Concurrent Clear Claimed Marks 0.026ms
[2025-10-13T23:16:28.615-0700][1084][info ][gc,marking  ] GC(3) Concurrent Cleanup for Next Mark
[2025-10-13T23:16:28.639-0700][1084][info ][gc,marking  ] GC(3) Concurrent Cleanup for Next Mark 24.508ms
[2025-10-13T23:16:28.639-0700][1084][info ][gc          ] GC(3) Concurrent Mark Cycle 35.580ms
[2025-10-13T23:16:28.729-0700][1201][info ][safepoint   ] Safepoint "ICBufferFull", Time since last: 114568195 ns, Reaching safepoint: 72199 ns, Cleanup: 218049 ns, At safepoint: 14111 ns, Total: 304359 ns
[2025-10-13T23:16:28.760-0700][1201][info ][safepoint   ] Safepoint "ICBufferFull", Time since last: 29974076 ns, Reaching safepoint: 72659 ns, Cleanup: 185189 ns, At safepoint: 14012 ns, Total: 271860 ns
[2025-10-13T23:16:28.804-0700][1201][info ][safepoint   ] Safepoint "ICBufferFull", Time since last: 43943545 ns, Reaching safepoint: 74252 ns, Cleanup: 206692 ns, At safepoint: 14972 ns, Total: 295916 ns
[2025-10-13T23:16:28.863-0700][1201][info ][safepoint   ] Safepoint "ICBufferFull", Time since last: 58463986 ns, Reaching safepoint: 265650 ns, Cleanup: 209666 ns, At safepoint: 15003 ns, Total: 490319 ns
[2025-10-13T23:16:28.924-0700][1201][info ][safepoint   ] Safepoint "ICBufferFull", Time since last: 60484560 ns, Reaching safepoint: 392772 ns, Cleanup: 212470 ns, At safepoint: 15894 ns, Total: 621136 ns
[2025-10-13T23:16:28.924-0700][1201][info ][safepoint   ] Safepoint "ICBufferFull", Time since last: 81523 ns, Reaching safepoint: 302666 ns, Cleanup: 2434 ns, At safepoint: 9574 ns, Total: 314674 ns
[2025-10-13T23:16:29.020-0700][1201][info ][safepoint   ] Safepoint "ICBufferFull", Time since last: 95094312 ns, Reaching safepoint: 332641 ns, Cleanup: 200402 ns, At safepoint: 16124 ns, Total: 549167 ns
[2025-10-13T23:16:29.054-0700][1201][info ][safepoint   ] Safepoint "ICBufferFull", Time since last: 34221436 ns, Reaching safepoint: 77547 ns, Cleanup: 153141 ns, At safepoint: 15824 ns, Total: 246512 ns
[2025-10-13T23:16:29.084-0700][1201][info ][safepoint   ] Safepoint "ICBufferFull", Time since last: 28710381 ns, Reaching safepoint: 490660 ns, Cleanup: 160271 ns, At safepoint: 15914 ns, Total: 666845 ns
[2025-10-13T23:16:29.232-0700][1201][info ][safepoint   ] Safepoint "ICBufferFull", Time since last: 148121916 ns, Reaching safepoint: 75413 ns, Cleanup: 209356 ns, At safepoint: 17166 ns, Total: 301935 ns
[2025-10-13T23:16:29.278-0700][1201][info ][safepoint   ] Safepoint "ICBufferFull", Time since last: 45256704 ns, Reaching safepoint: 329737 ns, Cleanup: 159350 ns, At safepoint: 15303 ns, Total: 504390 ns
[2025-10-13T23:16:29.388-0700][1201][info ][safepoint   ] Safepoint "ICBufferFull", Time since last: 109398205 ns, Reaching safepoint: 384259 ns, Cleanup: 156076 ns, At safepoint: 13931 ns, Total: 554266 ns
[2025-10-13T23:16:29.475-0700][1201][info ][safepoint   ] Safepoint "ICBufferFull", Time since last: 86620563 ns, Reaching safepoint: 70165 ns, Cleanup: 145640 ns, At safepoint: 14221 ns, Total: 230026 ns
[2025-10-13T23:16:29.540-0700][1201][info ][safepoint   ] Safepoint "ICBufferFull", Time since last: 64057434 ns, Reaching safepoint: 458792 ns, Cleanup: 155043 ns, At safepoint: 15013 ns, Total: 628848 ns
[2025-10-13T23:16:29.620-0700][1201][info ][safepoint   ] Safepoint "ICBufferFull", Time since last: 80065095 ns, Reaching safepoint: 138008 ns, Cleanup: 186861 ns, At safepoint: 14703 ns, Total: 339572 ns
[2025-10-13T23:16:29.621-0700][1201][info ][safepoint   ] Safepoint "ICBufferFull", Time since last: 53190 ns, Reaching safepoint: 557430 ns, Cleanup: 2964 ns, At safepoint: 10386 ns, Total: 570780 ns
[2025-10-13T23:16:29.664-0700][1201][info ][safepoint   ] Safepoint "ICBufferFull", Time since last: 43201928 ns, Reaching safepoint: 525201 ns, Cleanup: 137978 ns, At safepoint: 11848 ns, Total: 675027 ns
[2025-10-13T23:16:29.669-0700][1201][info ][safepoint   ] Safepoint "ICBufferFull", Time since last: 4182693 ns, Reaching safepoint: 387434 ns, Cleanup: 124647 ns, At safepoint: 11137 ns, Total: 523218 ns
[2025-10-13T23:16:29.670-0700][1201][info ][safepoint   ] Safepoint "ICBufferFull", Time since last: 29695 ns, Reaching safepoint: 500855 ns, Cleanup: 2604 ns, At safepoint: 8282 ns, Total: 511741 ns
[2025-10-13T23:16:29.676-0700][1201][info ][safepoint   ] Safepoint "ICBufferFull", Time since last: 5913761 ns, Reaching safepoint: 134853 ns, Cleanup: 142575 ns, At safepoint: 12349 ns, Total: 289777 ns
[2025-10-13T23:16:29.696-0700][1201][info ][safepoint   ] Safepoint "ICBufferFull", Time since last: 19505191 ns, Reaching safepoint: 394024 ns, Cleanup: 166240 ns, At safepoint: 14482 ns, Total: 574746 ns
[2025-10-13T23:16:29.726-0700][1201][info ][safepoint   ] Safepoint "ICBufferFull", Time since last: 29436216 ns, Reaching safepoint: 393773 ns, Cleanup: 182445 ns, At safepoint: 13851 ns, Total: 590069 ns
[2025-10-13T23:16:29.726-0700][1201][info ][safepoint   ] Safepoint "ICBufferFull", Time since last: 43004 ns, Reaching safepoint: 68544 ns, Cleanup: 410 ns, At safepoint: 6540 ns, Total: 75494 ns
[2025-10-13T23:16:29.748-0700][1201][info ][safepoint   ] Safepoint "ICBufferFull", Time since last: 21281618 ns, Reaching safepoint: 139861 ns, Cleanup: 201173 ns, At safepoint: 15173 ns, Total: 356207 ns
[2025-10-13T23:16:29.790-0700][1201][info ][safepoint   ] Safepoint "ICBufferFull", Time since last: 42265177 ns, Reaching safepoint: 75313 ns, Cleanup: 218129 ns, At safepoint: 16294 ns, Total: 309736 ns
[2025-10-13T23:16:29.868-0700][1201][info ][safepoint   ] Safepoint "ICBufferFull", Time since last: 76901178 ns, Reaching safepoint: 137177 ns, Cleanup: 179981 ns, At safepoint: 12929 ns, Total: 330087 ns
[2025-10-13T23:16:29.959-0700][1201][info ][safepoint   ] Safepoint "ICBufferFull", Time since last: 91250009 ns, Reaching safepoint: 421505 ns, Cleanup: 189976 ns, At safepoint: 15123 ns, Total: 626604 ns
[2025-10-13T23:16:30.069-0700][1201][info ][safepoint   ] Safepoint "ICBufferFull", Time since last: 109119856 ns, Reaching safepoint: 139190 ns, Cleanup: 184708 ns, At safepoint: 14402 ns, Total: 338300 ns
[2025-10-13T23:16:30.148-0700][1201][info ][safepoint   ] Safepoint "ICBufferFull", Time since last: 78743784 ns, Reaching safepoint: 267092 ns, Cleanup: 186281 ns, At safepoint: 15043 ns, Total: 468416 ns
[2025-10-13T23:16:30.256-0700][1201][info ][safepoint   ] Safepoint "ICBufferFull", Time since last: 107547897 ns, Reaching safepoint: 394664 ns, Cleanup: 205290 ns, At safepoint: 16675 ns, Total: 616629 ns
[2025-10-13T23:16:30.407-0700][1201][info ][safepoint   ] Safepoint "ICBufferFull", Time since last: 150545928 ns, Reaching safepoint: 333733 ns, Cleanup: 213011 ns, At safepoint: 16354 ns, Total: 563098 ns
[2025-10-13T23:16:30.575-0700][1201][info ][safepoint   ] Safepoint "ICBufferFull", Time since last: 167118891 ns, Reaching safepoint: 331630 ns, Cleanup: 226912 ns, At safepoint: 15413 ns, Total: 573955 ns
[2025-10-13T23:16:30.721-0700][1201][info ][safepoint   ] Safepoint "ICBufferFull", Time since last: 145259192 ns, Reaching safepoint: 205389 ns, Cleanup: 218319 ns, At safepoint: 15834 ns, Total: 439542 ns
[2025-10-13T23:16:30.829-0700][1201][info ][safepoint   ] Safepoint "ICBufferFull", Time since last: 107662680 ns, Reaching safepoint: 332441 ns, Cleanup: 221154 ns, At safepoint: 15533 ns, Total: 569128 ns
[2025-10-13T23:16:30.946-0700][1201][info ][safepoint   ] Safepoint "ICBufferFull", Time since last: 117014031 ns, Reaching safepoint: 76886 ns, Cleanup: 246461 ns, At safepoint: 16625 ns, Total: 339972 ns
[2025-10-13T23:16:31.068-0700][1201][info ][safepoint   ] Safepoint "ICBufferFull", Time since last: 121170264 ns, Reaching safepoint: 205450 ns, Cleanup: 222565 ns, At safepoint: 15243 ns, Total: 443258 ns
[2025-10-13T23:16:31.068-0700][1201][info ][safepoint   ] Safepoint "ICBufferFull", Time since last: 53420 ns, Reaching safepoint: 69054 ns, Cleanup: 2514 ns, At safepoint: 9695 ns, Total: 81263 ns
[2025-10-13T23:16:31.155-0700][1201][info ][safepoint   ] Safepoint "ICBufferFull", Time since last: 86137916 ns, Reaching safepoint: 78308 ns, Cleanup: 224137 ns, At safepoint: 14372 ns, Total: 316817 ns
[2025-10-13T23:16:31.308-0700][1201][info ][safepoint   ] Safepoint "ICBufferFull", Time since last: 152697019 ns, Reaching safepoint: 79911 ns, Cleanup: 238960 ns, At safepoint: 11728 ns, Total: 330599 ns
[2025-10-13T23:16:31.308-0700][1201][info ][safepoint   ] Safepoint "ICBufferFull", Time since last: 55353 ns, Reaching safepoint: 68934 ns, Cleanup: 3926 ns, At safepoint: 9023 ns, Total: 81883 ns
[2025-10-13T23:16:31.359-0700][1201][info ][safepoint   ] Safepoint "ICBufferFull", Time since last: 51194342 ns, Reaching safepoint: 76996 ns, Cleanup: 222485 ns, At safepoint: 20932 ns, Total: 320413 ns
[2025-10-13T23:16:31.384-0700][1201][info ][safepoint   ] Safepoint "ICBufferFull", Time since last: 24233025 ns, Reaching safepoint: 75404 ns, Cleanup: 219020 ns, At safepoint: 13850 ns, Total: 308274 ns
[2025-10-13T23:16:31.415-0700][1201][info ][safepoint   ] Safepoint "ICBufferFull", Time since last: 31458413 ns, Reaching safepoint: 74242 ns, Cleanup: 170968 ns, At safepoint: 10816 ns, Total: 256026 ns
[2025-10-13T23:16:31.516-0700][1201][info ][safepoint   ] Safepoint "ICBufferFull", Time since last: 100116379 ns, Reaching safepoint: 76635 ns, Cleanup: 211189 ns, At safepoint: 13500 ns, Total: 301324 ns
[2025-10-13T23:16:31.516-0700][1201][info ][safepoint   ] Safepoint "ICBufferFull", Time since last: 55644 ns, Reaching safepoint: 70526 ns, Cleanup: 2684 ns, At safepoint: 8152 ns, Total: 81362 ns
[2025-10-13T23:16:31.577-0700][1201][info ][safepoint   ] Safepoint "ICBufferFull", Time since last: 60868629 ns, Reaching safepoint: 76776 ns, Cleanup: 225290 ns, At safepoint: 17556 ns, Total: 319622 ns
[2025-10-13T23:16:31.662-0700][1201][info ][safepoint   ] Safepoint "ICBufferFull", Time since last: 84433638 ns, Reaching safepoint: 268885 ns, Cleanup: 204218 ns, At safepoint: 9544 ns, Total: 482647 ns
[2025-10-13T23:16:31.767-0700][1201][info ][gc,start    ] GC(4) Pause Young (Concurrent Start) (Metadata GC Threshold)
[2025-10-13T23:16:31.767-0700][1201][info ][gc,task     ] GC(4) Using 113 workers of 113 for evacuation
[2025-10-13T23:16:31.768-0700][1201][debug][gc,remset   ] GC(4) Visited cards 0 Total dirty 0 (0.00%) Total old 21233664 (0.00%)
[2025-10-13T23:16:31.796-0700][1201][info ][gc,phases   ] GC(4)   Pre Evacuate Collection Set: 0.6ms
[2025-10-13T23:16:31.796-0700][1201][info ][gc,phases   ] GC(4)   Merge Heap Roots: 0.7ms
[2025-10-13T23:16:31.796-0700][1201][info ][gc,phases   ] GC(4)   Evacuate Collection Set: 23.2ms
[2025-10-13T23:16:31.796-0700][1201][info ][gc,phases   ] GC(4)   Post Evacuate Collection Set: 5.0ms
[2025-10-13T23:16:31.796-0700][1201][info ][gc,phases   ] GC(4)   Other: 0.1ms
[2025-10-13T23:16:31.796-0700][1201][debug][gc,remset   ] GC(4) Coarsening (recent): Inline->AoC 0 (0) AoC->Howl 0 (0) Howl->Full 0 (0) Inline->AoC 0 (0) AoC->BitMap 0 (0) BitMap->Full 0 (0) 
[2025-10-13T23:16:31.796-0700][1201][debug][gc,remset   ] GC(4) Coarsening (all): Inline->AoC 0 (0) AoC->Howl 0 (0) Howl->Full 0 (0) Inline->AoC 0 (0) AoC->BitMap 0 (0) BitMap->Full 0 (0) 
[2025-10-13T23:16:31.796-0700][1201][info ][gc,heap     ] GC(4) Eden regions: 161->0(286)
[2025-10-13T23:16:31.796-0700][1201][info ][gc,heap     ] GC(4) Survivor regions: 1->2(36)
[2025-10-13T23:16:31.796-0700][1201][info ][gc,heap     ] GC(4) Old regions: 0->0
[2025-10-13T23:16:31.796-0700][1201][info ][gc,heap     ] GC(4) Humongous regions: 0->0
[2025-10-13T23:16:31.796-0700][1201][info ][gc,metaspace] GC(4) Metaspace: 60933K(61376K)->60933K(61376K) NonClass: 53867K(54080K)->53867K(54080K) Class: 7065K(7296K)->7065K(7296K)
[2025-10-13T23:16:31.796-0700][1201][info ][gc          ] GC(4) Pause Young (Concurrent Start) (Metadata GC Threshold) 5175M->51M(184320M) 29.795ms
[2025-10-13T23:16:31.796-0700][1084][info ][gc          ] GC(5) Concurrent Mark Cycle
[2025-10-13T23:16:31.796-0700][1201][info ][gc,cpu      ] GC(4) User=0.87s Sys=0.22s Real=0.03s
[2025-10-13T23:16:31.796-0700][1084][info ][gc,marking  ] GC(5) Concurrent Scan Root Regions
[2025-10-13T23:16:31.796-0700][1201][info ][safepoint   ] Safepoint "CollectForMetadataAllocation", Time since last: 104210889 ns, Reaching safepoint: 73070 ns, Cleanup: 72449 ns, At safepoint: 29953836 ns, Total: 30099355 ns
[2025-10-13T23:16:31.804-0700][1084][info ][gc,marking  ] GC(5) Concurrent Scan Root Regions 7.909ms
[2025-10-13T23:16:31.804-0700][1084][info ][gc,marking  ] GC(5) Concurrent Mark
[2025-10-13T23:16:31.804-0700][1084][info ][gc,marking  ] GC(5) Concurrent Mark From Roots
[2025-10-13T23:16:31.804-0700][1084][info ][gc,task     ] GC(5) Using 36 workers of 36 for marking
[2025-10-13T23:16:31.808-0700][1084][info ][gc,marking  ] GC(5) Concurrent Mark From Roots 3.406ms
[2025-10-13T23:16:31.808-0700][1084][info ][gc,marking  ] GC(5) Concurrent Preclean
[2025-10-13T23:16:31.808-0700][1084][info ][gc,marking  ] GC(5) Concurrent Preclean 0.008ms
[2025-10-13T23:16:31.808-0700][1201][info ][gc,start    ] GC(5) Pause Remark
[2025-10-13T23:16:31.812-0700][1201][info ][gc          ] GC(5) Pause Remark 179M->179M(184320M) 4.276ms
[2025-10-13T23:16:31.812-0700][1201][info ][gc,cpu      ] GC(5) User=0.24s Sys=0.04s Real=0.01s
[2025-10-13T23:16:31.812-0700][1201][info ][safepoint   ] Safepoint "G1PauseRemark", Time since last: 11322501 ns, Reaching safepoint: 138979 ns, Cleanup: 18248 ns, At safepoint: 4344406 ns, Total: 4501633 ns
[2025-10-13T23:16:31.812-0700][1084][info ][gc,marking  ] GC(5) Concurrent Mark 7.964ms
[2025-10-13T23:16:31.812-0700][1084][info ][gc,marking  ] GC(5) Concurrent Rebuild Remembered Sets and Scrub Regions
[2025-10-13T23:16:31.812-0700][1084][info ][gc,marking  ] GC(5) Concurrent Rebuild Remembered Sets and Scrub Regions 0.099ms
[2025-10-13T23:16:31.812-0700][1201][info ][gc,start    ] GC(5) Pause Cleanup
[2025-10-13T23:16:31.813-0700][1201][info ][gc          ] GC(5) Pause Cleanup 179M->179M(184320M) 0.008ms
[2025-10-13T23:16:31.813-0700][1201][info ][gc,cpu      ] GC(5) User=0.00s Sys=0.00s Real=0.00s
[2025-10-13T23:16:31.813-0700][1201][info ][safepoint   ] Safepoint "G1PauseCleanup", Time since last: 137097 ns, Reaching safepoint: 68723 ns, Cleanup: 2003 ns, At safepoint: 25078 ns, Total: 95804 ns
[2025-10-13T23:16:31.813-0700][1084][info ][gc,marking  ] GC(5) Concurrent Clear Claimed Marks
[2025-10-13T23:16:31.813-0700][1084][info ][gc,marking  ] GC(5) Concurrent Clear Claimed Marks 0.058ms
[2025-10-13T23:16:31.813-0700][1084][info ][gc,marking  ] GC(5) Concurrent Cleanup for Next Mark
[2025-10-13T23:16:31.838-0700][1084][info ][gc,marking  ] GC(5) Concurrent Cleanup for Next Mark 25.084ms
[2025-10-13T23:16:31.838-0700][1084][info ][gc          ] GC(5) Concurrent Mark Cycle 41.337ms
[2025-10-13T23:16:31.997-0700][1201][info ][safepoint   ] Safepoint "ICBufferFull", Time since last: 184234221 ns, Reaching safepoint: 77787 ns, Cleanup: 224188 ns, At safepoint: 14892 ns, Total: 316867 ns
[2025-10-13T23:16:32.070-0700][1201][info ][safepoint   ] Safepoint "ICBufferFull", Time since last: 73048052 ns, Reaching safepoint: 74021 ns, Cleanup: 166371 ns, At safepoint: 5198 ns, Total: 245590 ns
[2025-10-13T23:16:32.188-0700][1201][info ][safepoint   ] Safepoint "ICBufferFull", Time since last: 116878497 ns, Reaching safepoint: 79770 ns, Cleanup: 192320 ns, At safepoint: 11477 ns, Total: 283567 ns
[2025-10-13T23:16:32.349-0700][1201][info ][safepoint   ] Safepoint "ICBufferFull", Time since last: 161469949 ns, Reaching safepoint: 10676 ns, Cleanup: 230056 ns, At safepoint: 7692 ns, Total: 248424 ns
[2025-10-13T23:16:32.548-0700][1201][info ][safepoint   ] Safepoint "ICBufferFull", Time since last: 198139063 ns, Reaching safepoint: 76425 ns, Cleanup: 203888 ns, At safepoint: 9985 ns, Total: 290298 ns
[2025-10-13T23:16:32.674-0700][1201][info ][safepoint   ] Safepoint "ICBufferFull", Time since last: 125799819 ns, Reaching safepoint: 6540 ns, Cleanup: 184819 ns, At safepoint: 4316 ns, Total: 195675 ns
[2025-10-13T23:16:32.790-0700][1201][info ][safepoint   ] Safepoint "ICBufferFull", Time since last: 115633882 ns, Reaching safepoint: 78568 ns, Cleanup: 202675 ns, At safepoint: 12419 ns, Total: 293662 ns
[2025-10-13T23:16:33.793-0700][1201][info ][safepoint   ] Safepoint "Cleanup", Time since last: 1003223574 ns, Reaching safepoint: 8483 ns, Cleanup: 147342 ns, At safepoint: 3605 ns, Total: 159430 ns
[2025-10-13T23:16:37.793-0700][1201][info ][safepoint   ] Safepoint "Cleanup", Time since last: 4000404175 ns, Reaching safepoint: 8383 ns, Cleanup: 18588 ns, At safepoint: 3625 ns, Total: 30596 ns
[2025-10-13T23:16:42.780-0700][1201][info ][safepoint   ] Safepoint "Cleanup", Time since last: 4986627332 ns, Reaching safepoint: 73831 ns, Cleanup: 29014 ns, At safepoint: 4847 ns, Total: 107692 ns
[2025-10-13T23:16:43.012-0700][1201][info ][safepoint   ] Safepoint "ICBufferFull", Time since last: 231227452 ns, Reaching safepoint: 72639 ns, Cleanup: 143086 ns, At safepoint: 3756 ns, Total: 219481 ns
[2025-10-13T23:16:43.133-0700][1201][info ][safepoint   ] Safepoint "ICBufferFull", Time since last: 120738212 ns, Reaching safepoint: 76245 ns, Cleanup: 216156 ns, At safepoint: 5308 ns, Total: 297709 ns
[2025-10-13T23:16:43.296-0700][1201][info ][safepoint   ] Safepoint "ICBufferFull", Time since last: 163181578 ns, Reaching safepoint: 142945 ns, Cleanup: 206552 ns, At safepoint: 13420 ns, Total: 362917 ns
[2025-10-13T23:16:43.384-0700][1201][info ][safepoint   ] Safepoint "ICBufferFull", Time since last: 87151793 ns, Reaching safepoint: 13100 ns, Cleanup: 183827 ns, At safepoint: 5268 ns, Total: 202195 ns
[2025-10-13T23:16:43.458-0700][1201][info ][safepoint   ] Safepoint "ICBufferFull", Time since last: 74140087 ns, Reaching safepoint: 19419 ns, Cleanup: 191008 ns, At safepoint: 11938 ns, Total: 222365 ns
[2025-10-13T23:16:43.458-0700][1201][info ][safepoint   ] Safepoint "ICBufferFull", Time since last: 52459 ns, Reaching safepoint: 74613 ns, Cleanup: 741 ns, At safepoint: 8823 ns, Total: 84177 ns
[2025-10-13T23:16:43.514-0700][1201][info ][safepoint   ] Safepoint "ICBufferFull", Time since last: 55526740 ns, Reaching safepoint: 19499 ns, Cleanup: 172700 ns, At safepoint: 13531 ns, Total: 205730 ns
[2025-10-13T23:16:43.859-0700][1201][info ][safepoint   ] Safepoint "ICBufferFull", Time since last: 344546665 ns, Reaching safepoint: 20711 ns, Cleanup: 200823 ns, At safepoint: 12279 ns, Total: 233813 ns
[2025-10-13T23:16:43.989-0700][1201][info ][safepoint   ] Safepoint "ICBufferFull", Time since last: 130429465 ns, Reaching safepoint: 86911 ns, Cleanup: 220212 ns, At safepoint: 13931 ns, Total: 321054 ns
[2025-10-13T23:16:44.120-0700][1201][info ][gc,start    ] GC(6) Pause Young (Normal) (G1 Evacuation Pause)
[2025-10-13T23:16:44.120-0700][1201][info ][gc,task     ] GC(6) Using 113 workers of 113 for evacuation
[2025-10-13T23:16:44.121-0700][1201][debug][gc,remset   ] GC(6) Visited cards 0 Total dirty 0 (0.00%) Total old 37748736 (0.00%)
[2025-10-13T23:16:44.177-0700][1201][info ][gc,phases   ] GC(6)   Pre Evacuate Collection Set: 0.5ms
[2025-10-13T23:16:44.177-0700][1201][info ][gc,phases   ] GC(6)   Merge Heap Roots: 0.8ms
[2025-10-13T23:16:44.177-0700][1201][info ][gc,phases   ] GC(6)   Evacuate Collection Set: 50.3ms
[2025-10-13T23:16:44.178-0700][1201][info ][gc,phases   ] GC(6)   Post Evacuate Collection Set: 5.9ms
[2025-10-13T23:16:44.178-0700][1201][info ][gc,phases   ] GC(6)   Other: 0.1ms
[2025-10-13T23:16:44.178-0700][1201][debug][gc,remset   ] GC(6) Coarsening (recent): Inline->AoC 0 (0) AoC->Howl 0 (0) Howl->Full 0 (0) Inline->AoC 0 (0) AoC->BitMap 0 (0) BitMap->Full 0 (0) 
[2025-10-13T23:16:44.178-0700][1201][debug][gc,remset   ] GC(6) Coarsening (all): Inline->AoC 0 (0) AoC->Howl 0 (0) Howl->Full 0 (0) Inline->AoC 0 (0) AoC->BitMap 0 (0) BitMap->Full 0 (0) 
[2025-10-13T23:16:44.178-0700][1201][info ][gc,heap     ] GC(6) Eden regions: 286->0(284)
[2025-10-13T23:16:44.178-0700][1201][info ][gc,heap     ] GC(6) Survivor regions: 2->4(36)
[2025-10-13T23:16:44.178-0700][1201][info ][gc,heap     ] GC(6) Old regions: 0->0
[2025-10-13T23:16:44.178-0700][1201][info ][gc,heap     ] GC(6) Humongous regions: 0->0
[2025-10-13T23:16:44.178-0700][1201][info ][gc,metaspace] GC(6) Metaspace: 97694K(98816K)->97694K(98816K) NonClass: 86179K(86784K)->86179K(86784K) Class: 11515K(12032K)->11515K(12032K)
[2025-10-13T23:16:44.178-0700][1201][info ][gc          ] GC(6) Pause Young (Normal) (G1 Evacuation Pause) 9203M->108M(184320M) 57.782ms
[2025-10-13T23:16:44.178-0700][1201][info ][gc,cpu      ] GC(6) User=1.23s Sys=1.21s Real=0.05s
[2025-10-13T23:16:44.178-0700][1201][info ][safepoint   ] Safepoint "G1CollectForAllocation", Time since last: 130191487 ns, Reaching safepoint: 46491 ns, Cleanup: 155564 ns, At safepoint: 57979856 ns, Total: 58181911 ns
[2025-10-13T23:16:44.392-0700][1201][info ][safepoint   ] Safepoint "ICBufferFull", Time since last: 214040394 ns, Reaching safepoint: 53270 ns, Cleanup: 196657 ns, At safepoint: 12278 ns, Total: 262205 ns
[2025-10-13T23:16:44.521-0700][1201][info ][gc,start    ] GC(7) Pause Young (Concurrent Start) (Metadata GC Threshold)
[2025-10-13T23:16:44.521-0700][1201][info ][gc,task     ] GC(7) Using 113 workers of 113 for evacuation
[2025-10-13T23:16:44.522-0700][1201][debug][gc,remset   ] GC(7) Visited cards 0 Total dirty 0 (0.00%) Total old 9961472 (0.00%)
[2025-10-13T23:16:44.569-0700][1201][info ][gc,phases   ] GC(7)   Pre Evacuate Collection Set: 0.7ms
[2025-10-13T23:16:44.569-0700][1201][info ][gc,phases   ] GC(7)   Merge Heap Roots: 0.7ms
[2025-10-13T23:16:44.569-0700][1201][info ][gc,phases   ] GC(7)   Evacuate Collection Set: 41.3ms
[2025-10-13T23:16:44.569-0700][1201][info ][gc,phases   ] GC(7)   Post Evacuate Collection Set: 5.4ms
[2025-10-13T23:16:44.569-0700][1201][info ][gc,phases   ] GC(7)   Other: 0.1ms
[2025-10-13T23:16:44.569-0700][1201][debug][gc,remset   ] GC(7) Coarsening (recent): Inline->AoC 0 (0) AoC->Howl 0 (0) Howl->Full 0 (0) Inline->AoC 0 (0) AoC->BitMap 0 (0) BitMap->Full 0 (0) 
[2025-10-13T23:16:44.569-0700][1201][debug][gc,remset   ] GC(7) Coarsening (all): Inline->AoC 0 (0) AoC->Howl 0 (0) Howl->Full 0 (0) Inline->AoC 0 (0) AoC->BitMap 0 (0) BitMap->Full 0 (0) 
[2025-10-13T23:16:44.569-0700][1201][info ][gc,heap     ] GC(7) Eden regions: 72->0(284)
[2025-10-13T23:16:44.569-0700][1201][info ][gc,heap     ] GC(7) Survivor regions: 4->4(36)
[2025-10-13T23:16:44.569-0700][1201][info ][gc,heap     ] GC(7) Old regions: 0->0
[2025-10-13T23:16:44.569-0700][1201][info ][gc,heap     ] GC(7) Humongous regions: 0->0
[2025-10-13T23:16:44.569-0700][1201][info ][gc,metaspace] GC(7) Metaspace: 101574K(102656K)->101574K(102656K) NonClass: 89548K(90176K)->89548K(90176K) Class: 12025K(12480K)->12025K(12480K)
[2025-10-13T23:16:44.569-0700][1201][info ][gc          ] GC(7) Pause Young (Concurrent Start) (Metadata GC Threshold) 2404M->116M(184320M) 48.331ms
[2025-10-13T23:16:44.569-0700][1084][info ][gc          ] GC(8) Concurrent Mark Cycle
[2025-10-13T23:16:44.569-0700][1084][info ][gc,marking  ] GC(8) Concurrent Scan Root Regions
[2025-10-13T23:16:44.569-0700][1201][info ][gc,cpu      ] GC(7) User=1.04s Sys=1.40s Real=0.05s
[2025-10-13T23:16:44.569-0700][1201][info ][safepoint   ] Safepoint "CollectForMetadataAllocation", Time since last: 128504345 ns, Reaching safepoint: 63255 ns, Cleanup: 88043 ns, At safepoint: 48819002 ns, Total: 48970300 ns
[2025-10-13T23:16:44.577-0700][1201][info ][safepoint   ] Safepoint "CollectForMetadataAllocation", Time since last: 4946193 ns, Reaching safepoint: 2148939 ns, Cleanup: 9073 ns, At safepoint: 45939 ns, Total: 2203951 ns
[2025-10-13T23:16:44.579-0700][1084][info ][gc,marking  ] GC(8) Concurrent Scan Root Regions 9.679ms
[2025-10-13T23:16:44.579-0700][1084][info ][gc,marking  ] GC(8) Concurrent Mark
[2025-10-13T23:16:44.579-0700][1084][info ][gc,marking  ] GC(8) Concurrent Mark From Roots
[2025-10-13T23:16:44.579-0700][1084][info ][gc,task     ] GC(8) Using 36 workers of 36 for marking
[2025-10-13T23:16:44.582-0700][1084][info ][gc,marking  ] GC(8) Concurrent Mark From Roots 3.316ms
[2025-10-13T23:16:44.582-0700][1084][info ][gc,marking  ] GC(8) Concurrent Preclean
[2025-10-13T23:16:44.582-0700][1084][info ][gc,marking  ] GC(8) Concurrent Preclean 0.008ms
[2025-10-13T23:16:44.583-0700][1201][info ][gc,start    ] GC(8) Pause Remark
[2025-10-13T23:16:44.593-0700][1201][info ][gc          ] GC(8) Pause Remark 297M->297M(184320M) 10.761ms
[2025-10-13T23:16:44.593-0700][1201][info ][gc,cpu      ] GC(8) User=0.36s Sys=0.11s Real=0.01s
[2025-10-13T23:16:44.593-0700][1201][info ][safepoint   ] Safepoint "G1PauseRemark", Time since last: 5711487 ns, Reaching safepoint: 44397 ns, Cleanup: 10185 ns, At safepoint: 11100647 ns, Total: 11155229 ns
[2025-10-13T23:16:44.593-0700][1084][info ][gc,marking  ] GC(8) Concurrent Mark 14.527ms
[2025-10-13T23:16:44.594-0700][1084][info ][gc,marking  ] GC(8) Concurrent Rebuild Remembered Sets and Scrub Regions
[2025-10-13T23:16:44.594-0700][1084][info ][gc,marking  ] GC(8) Concurrent Rebuild Remembered Sets and Scrub Regions 0.150ms
[2025-10-13T23:16:44.594-0700][1201][info ][gc,start    ] GC(8) Pause Cleanup
[2025-10-13T23:16:44.594-0700][1201][info ][gc          ] GC(8) Pause Cleanup 297M->297M(184320M) 0.012ms
[2025-10-13T23:16:44.594-0700][1201][info ][gc,cpu      ] GC(8) User=0.00s Sys=0.00s Real=0.00s
[2025-10-13T23:16:44.594-0700][1201][info ][safepoint   ] Safepoint "G1PauseCleanup", Time since last: 220632 ns, Reaching safepoint: 40742 ns, Cleanup: 21542 ns, At safepoint: 54923 ns, Total: 117207 ns
[2025-10-13T23:16:44.594-0700][1084][info ][gc,marking  ] GC(8) Concurrent Clear Claimed Marks
[2025-10-13T23:16:44.594-0700][1084][info ][gc,marking  ] GC(8) Concurrent Clear Claimed Marks 0.140ms
[2025-10-13T23:16:44.594-0700][1084][info ][gc,marking  ] GC(8) Concurrent Cleanup for Next Mark
[2025-10-13T23:16:44.619-0700][1084][info ][gc,marking  ] GC(8) Concurrent Cleanup for Next Mark 25.058ms
[2025-10-13T23:16:44.619-0700][1084][info ][gc          ] GC(8) Concurrent Mark Cycle 49.840ms
[2025-10-13T23:16:44.831-0700][1201][info ][safepoint   ] Safepoint "ICBufferFull", Time since last: 237333072 ns, Reaching safepoint: 157127 ns, Cleanup: 188073 ns, At safepoint: 9895 ns, Total: 355095 ns
[2025-10-13T23:16:44.927-0700][1201][info ][safepoint   ] Safepoint "ICBufferFull", Time since last: 94901601 ns, Reaching safepoint: 79791 ns, Cleanup: 202845 ns, At safepoint: 15193 ns, Total: 297829 ns
[2025-10-13T23:16:45.019-0700][1201][info ][safepoint   ] Safepoint "ICBufferFull", Time since last: 92551170 ns, Reaching safepoint: 66179 ns, Cleanup: 163366 ns, At safepoint: 16325 ns, Total: 245870 ns
[2025-10-13T23:16:45.020-0700][1201][info ][safepoint   ] Safepoint "ICBufferFull", Time since last: 44287 ns, Reaching safepoint: 84617 ns, Cleanup: 2314 ns, At safepoint: 12408 ns, Total: 99339 ns
[2025-10-13T23:16:45.080-0700][1201][info ][safepoint   ] Safepoint "ICBufferFull", Time since last: 59981433 ns, Reaching safepoint: 142905 ns, Cleanup: 183116 ns, At safepoint: 17606 ns, Total: 343627 ns
[2025-10-13T23:16:45.109-0700][1201][info ][safepoint   ] Safepoint "ICBufferFull", Time since last: 28356599 ns, Reaching safepoint: 85138 ns, Cleanup: 144588 ns, At safepoint: 28303 ns, Total: 258029 ns
[2025-10-13T23:16:45.217-0700][1201][info ][safepoint   ] Safepoint "ICBufferFull", Time since last: 107990194 ns, Reaching safepoint: 93631 ns, Cleanup: 194613 ns, At safepoint: 16975 ns, Total: 305219 ns
[2025-10-13T23:16:45.587-0700][1201][info ][safepoint   ] Safepoint "ICBufferFull", Time since last: 370215214 ns, Reaching safepoint: 93661 ns, Cleanup: 204418 ns, At safepoint: 13711 ns, Total: 311790 ns
[2025-10-13T23:16:46.215-0700][1201][info ][safepoint   ] Safepoint "ICBufferFull", Time since last: 627035871 ns, Reaching safepoint: 90215 ns, Cleanup: 214654 ns, At safepoint: 12499 ns, Total: 317368 ns
[2025-10-13T23:16:46.370-0700][1201][info ][safepoint   ] Safepoint "ICBufferFull", Time since last: 155156906 ns, Reaching safepoint: 80040 ns, Cleanup: 205340 ns, At safepoint: 13761 ns, Total: 299141 ns
[2025-10-13T23:16:46.727-0700][1201][info ][safepoint   ] Safepoint "ICBufferFull", Time since last: 356768381 ns, Reaching safepoint: 87482 ns, Cleanup: 193041 ns, At safepoint: 6810 ns, Total: 287333 ns
[2025-10-13T23:16:46.884-0700][1201][info ][safepoint   ] Safepoint "ICBufferFull", Time since last: 156060067 ns, Reaching safepoint: 88153 ns, Cleanup: 218730 ns, At safepoint: 12538 ns, Total: 319421 ns
[2025-10-13T23:16:47.117-0700][1201][info ][safepoint   ] Safepoint "ICBufferFull", Time since last: 233279935 ns, Reaching safepoint: 93982 ns, Cleanup: 158058 ns, At safepoint: 12949 ns, Total: 264989 ns
[2025-10-13T23:16:47.410-0700][1201][info ][safepoint   ] Safepoint "ICBufferFull", Time since last: 292285567 ns, Reaching safepoint: 88153 ns, Cleanup: 175054 ns, At safepoint: 14231 ns, Total: 277438 ns
[2025-10-13T23:16:47.590-0700][1201][info ][safepoint   ] Safepoint "ICBufferFull", Time since last: 179980161 ns, Reaching safepoint: 97647 ns, Cleanup: 200762 ns, At safepoint: 12840 ns, Total: 311249 ns
[2025-10-13T23:16:47.799-0700][1201][info ][safepoint   ] Safepoint "ICBufferFull", Time since last: 208804594 ns, Reaching safepoint: 97888 ns, Cleanup: 200271 ns, At safepoint: 18248 ns, Total: 316407 ns
[2025-10-13T23:16:48.009-0700][1201][info ][gc,start    ] GC(9) Pause Young (Normal) (G1 Evacuation Pause)
[2025-10-13T23:16:48.009-0700][1201][info ][gc,task     ] GC(9) Using 113 workers of 113 for evacuation
[2025-10-13T23:16:48.010-0700][1201][debug][gc,remset   ] GC(9) Visited cards 0 Total dirty 0 (0.00%) Total old 37748736 (0.00%)
[2025-10-13T23:16:48.092-0700][1201][info ][gc,phases   ] GC(9)   Pre Evacuate Collection Set: 0.5ms
[2025-10-13T23:16:48.092-0700][1201][info ][gc,phases   ] GC(9)   Merge Heap Roots: 0.8ms
[2025-10-13T23:16:48.092-0700][1201][info ][gc,phases   ] GC(9)   Evacuate Collection Set: 74.7ms
[2025-10-13T23:16:48.092-0700][1201][info ][gc,phases   ] GC(9)   Post Evacuate Collection Set: 7.3ms
[2025-10-13T23:16:48.092-0700][1201][info ][gc,phases   ] GC(9)   Other: 0.1ms
[2025-10-13T23:16:48.092-0700][1201][debug][gc,remset   ] GC(9) Coarsening (recent): Inline->AoC 0 (0) AoC->Howl 0 (0) Howl->Full 0 (0) Inline->AoC 0 (0) AoC->BitMap 0 (0) BitMap->Full 0 (0) 
[2025-10-13T23:16:48.092-0700][1201][debug][gc,remset   ] GC(9) Coarsening (all): Inline->AoC 0 (0) AoC->Howl 0 (0) Howl->Full 0 (0) Inline->AoC 0 (0) AoC->BitMap 0 (0) BitMap->Full 0 (0) 
[2025-10-13T23:16:48.092-0700][1201][info ][gc,heap     ] GC(9) Eden regions: 284->0(278)
[2025-10-13T23:16:48.092-0700][1201][info ][gc,heap     ] GC(9) Survivor regions: 4->10(36)
[2025-10-13T23:16:48.092-0700][1201][info ][gc,heap     ] GC(9) Old regions: 0->0
[2025-10-13T23:16:48.092-0700][1201][info ][gc,heap     ] GC(9) Humongous regions: 0->0
[2025-10-13T23:16:48.092-0700][1201][info ][gc,metaspace] GC(9) Metaspace: 145969K(147712K)->145969K(147712K) NonClass: 128183K(129216K)->128183K(129216K) Class: 17785K(18496K)->17785K(18496K)
[2025-10-13T23:16:48.092-0700][1201][info ][gc          ] GC(9) Pause Young (Normal) (G1 Evacuation Pause) 9204M->311M(184320M) 83.428ms
[2025-10-13T23:16:48.092-0700][1201][info ][gc,cpu      ] GC(9) User=1.69s Sys=1.62s Real=0.08s
[2025-10-13T23:16:48.092-0700][1201][info ][safepoint   ] Safepoint "G1CollectForAllocation", Time since last: 208933669 ns, Reaching safepoint: 90546 ns, Cleanup: 162225 ns, At safepoint: 83851009 ns, Total: 84103780 ns
[2025-10-13T23:16:48.528-0700][1201][info ][safepoint   ] Safepoint "ICBufferFull", Time since last: 435621791 ns, Reaching safepoint: 93241 ns, Cleanup: 187082 ns, At safepoint: 17426 ns, Total: 297749 ns
[2025-10-13T23:16:49.528-0700][1201][info ][safepoint   ] Safepoint "Cleanup", Time since last: 1000135611 ns, Reaching safepoint: 94833 ns, Cleanup: 51447 ns, At safepoint: 11227 ns, Total: 157507 ns
[2025-10-13T23:16:50.529-0700][1201][info ][safepoint   ] Safepoint "Cleanup", Time since last: 1000139457 ns, Reaching safepoint: 95043 ns, Cleanup: 21322 ns, At safepoint: 10816 ns, Total: 127181 ns
[2025-10-13T23:16:51.529-0700][1201][info ][safepoint   ] Safepoint "Cleanup", Time since last: 1000127178 ns, Reaching safepoint: 96466 ns, Cleanup: 34191 ns, At safepoint: 10937 ns, Total: 141594 ns
[2025-10-13T23:16:52.575-0700][1201][info ][safepoint   ] Safepoint "Cleanup", Time since last: 1046271950 ns, Reaching safepoint: 52109 ns, Cleanup: 20861 ns, At safepoint: 5819 ns, Total: 78789 ns
[2025-10-13T23:16:53.022-0700][1201][info ][safepoint   ] Safepoint "ICBufferFull", Time since last: 446496187 ns, Reaching safepoint: 114743 ns, Cleanup: 226741 ns, At safepoint: 16796 ns, Total: 358280 ns
[2025-10-13T23:16:53.210-0700][1201][info ][safepoint   ] Safepoint "ICBufferFull", Time since last: 187818481 ns, Reaching safepoint: 110337 ns, Cleanup: 198649 ns, At safepoint: 17967 ns, Total: 326953 ns
[2025-10-13T23:16:53.757-0700][1201][info ][safepoint   ] Safepoint "ICBufferFull", Time since last: 546491383 ns, Reaching safepoint: 122895 ns, Cleanup: 220292 ns, At safepoint: 13531 ns, Total: 356718 ns
[2025-10-13T23:16:53.968-0700][1201][info ][safepoint   ] Safepoint "ICBufferFull", Time since last: 210623415 ns, Reaching safepoint: 119229 ns, Cleanup: 220683 ns, At safepoint: 11658 ns, Total: 351570 ns
[2025-10-13T23:16:54.221-0700][1201][info ][gc,start    ] GC(10) Pause Young (Concurrent Start) (Metadata GC Threshold)
[2025-10-13T23:16:54.221-0700][1201][info ][gc,task     ] GC(10) Using 113 workers of 113 for evacuation
[2025-10-13T23:16:54.223-0700][1201][debug][gc,remset   ] GC(10) Visited cards 0 Total dirty 0 (0.00%) Total old 19267584 (0.00%)
[2025-10-13T23:16:54.306-0700][1201][info ][gc,phases   ] GC(10)   Pre Evacuate Collection Set: 0.7ms
[2025-10-13T23:16:54.306-0700][1201][info ][gc,phases   ] GC(10)   Merge Heap Roots: 0.7ms
[2025-10-13T23:16:54.306-0700][1201][info ][gc,phases   ] GC(10)   Evacuate Collection Set: 74.8ms
[2025-10-13T23:16:54.306-0700][1201][info ][gc,phases   ] GC(10)   Post Evacuate Collection Set: 8.2ms
[2025-10-13T23:16:54.306-0700][1201][info ][gc,phases   ] GC(10)   Other: 0.1ms
[2025-10-13T23:16:54.306-0700][1201][debug][gc,remset   ] GC(10) Coarsening (recent): Inline->AoC 0 (0) AoC->Howl 0 (0) Howl->Full 0 (0) Inline->AoC 0 (0) AoC->BitMap 0 (0) BitMap->Full 0 (0) 
[2025-10-13T23:16:54.306-0700][1201][debug][gc,remset   ] GC(10) Coarsening (all): Inline->AoC 0 (0) AoC->Howl 0 (0) Howl->Full 0 (0) Inline->AoC 0 (0) AoC->BitMap 0 (0) BitMap->Full 0 (0) 
[2025-10-13T23:16:54.306-0700][1201][info ][gc,heap     ] GC(10) Eden regions: 137->0(276)
[2025-10-13T23:16:54.306-0700][1201][info ][gc,heap     ] GC(10) Survivor regions: 10->12(36)
[2025-10-13T23:16:54.306-0700][1201][info ][gc,heap     ] GC(10) Old regions: 0->0
[2025-10-13T23:16:54.306-0700][1201][info ][gc,heap     ] GC(10) Humongous regions: 0->0
[2025-10-13T23:16:54.306-0700][1201][info ][gc,metaspace] GC(10) Metaspace: 170054K(171968K)->170054K(171968K) NonClass: 149357K(150464K)->149357K(150464K) Class: 20697K(21504K)->20697K(21504K)
[2025-10-13T23:16:54.306-0700][1201][info ][gc          ] GC(10) Pause Young (Concurrent Start) (Metadata GC Threshold) 4669M->364M(184320M) 84.734ms
[2025-10-13T23:16:54.306-0700][1084][info ][gc          ] GC(11) Concurrent Mark Cycle
[2025-10-13T23:16:54.306-0700][1084][info ][gc,marking  ] GC(11) Concurrent Scan Root Regions
[2025-10-13T23:16:54.306-0700][1201][info ][gc,cpu      ] GC(10) User=1.62s Sys=2.25s Real=0.08s
[2025-10-13T23:16:54.306-0700][1201][info ][safepoint   ] Safepoint "CollectForMetadataAllocation", Time since last: 252263960 ns, Reaching safepoint: 109014 ns, Cleanup: 201344 ns, At safepoint: 85430750 ns, Total: 85741108 ns
[2025-10-13T23:16:54.314-0700][1084][info ][gc,marking  ] GC(11) Concurrent Scan Root Regions 8.667ms
[2025-10-13T23:16:54.315-0700][1084][info ][gc,marking  ] GC(11) Concurrent Mark
[2025-10-13T23:16:54.315-0700][1084][info ][gc,marking  ] GC(11) Concurrent Mark From Roots
[2025-10-13T23:16:54.315-0700][1084][info ][gc,task     ] GC(11) Using 36 workers of 36 for marking
[2025-10-13T23:16:54.318-0700][1084][info ][gc,marking  ] GC(11) Concurrent Mark From Roots 3.542ms
[2025-10-13T23:16:54.318-0700][1084][info ][gc,marking  ] GC(11) Concurrent Preclean
[2025-10-13T23:16:54.318-0700][1084][info ][gc,marking  ] GC(11) Concurrent Preclean 0.008ms
[2025-10-13T23:16:54.318-0700][1201][info ][gc,start    ] GC(11) Pause Remark
[2025-10-13T23:16:54.341-0700][1201][info ][gc          ] GC(11) Pause Remark 473M->473M(184320M) 22.845ms
[2025-10-13T23:16:54.341-0700][1201][info ][gc,cpu      ] GC(11) User=0.63s Sys=0.00s Real=0.02s
[2025-10-13T23:16:54.341-0700][1201][info ][safepoint   ] Safepoint "G1PauseRemark", Time since last: 11966782 ns, Reaching safepoint: 89915 ns, Cleanup: 19770 ns, At safepoint: 23289814 ns, Total: 23399499 ns
[2025-10-13T23:16:54.342-0700][1084][info ][gc,marking  ] GC(11) Concurrent Mark 27.006ms
[2025-10-13T23:16:54.342-0700][1084][info ][gc,marking  ] GC(11) Concurrent Rebuild Remembered Sets and Scrub Regions
[2025-10-13T23:16:54.342-0700][1084][info ][gc,marking  ] GC(11) Concurrent Rebuild Remembered Sets and Scrub Regions 0.263ms
[2025-10-13T23:16:54.342-0700][1201][info ][gc,start    ] GC(11) Pause Cleanup
[2025-10-13T23:16:54.342-0700][1201][info ][gc          ] GC(11) Pause Cleanup 487M->487M(184320M) 0.013ms
[2025-10-13T23:16:54.342-0700][1201][info ][gc,cpu      ] GC(11) User=0.00s Sys=0.00s Real=0.00s
[2025-10-13T23:16:54.342-0700][1201][info ][safepoint   ] Safepoint "G1PauseCleanup", Time since last: 326512 ns, Reaching safepoint: 128243 ns, Cleanup: 53120 ns, At safepoint: 78328 ns, Total: 259691 ns
[2025-10-13T23:16:54.342-0700][1084][info ][gc,marking  ] GC(11) Concurrent Clear Claimed Marks
[2025-10-13T23:16:54.342-0700][1084][info ][gc,marking  ] GC(11) Concurrent Clear Claimed Marks 0.254ms
[2025-10-13T23:16:54.342-0700][1084][info ][gc,marking  ] GC(11) Concurrent Cleanup for Next Mark
[2025-10-13T23:16:54.367-0700][1084][info ][gc,marking  ] GC(11) Concurrent Cleanup for Next Mark 24.870ms
[2025-10-13T23:16:54.367-0700][1084][info ][gc          ] GC(11) Concurrent Mark Cycle 61.499ms
[2025-10-13T23:16:54.732-0700][1201][info ][safepoint   ] Safepoint "ICBufferFull", Time since last: 389258980 ns, Reaching safepoint: 121223 ns, Cleanup: 213071 ns, At safepoint: 13770 ns, Total: 348064 ns
[2025-10-13T23:16:55.108-0700][1201][info ][safepoint   ] Safepoint "ICBufferFull", Time since last: 375800360 ns, Reaching safepoint: 101032 ns, Cleanup: 189055 ns, At safepoint: 15774 ns, Total: 305861 ns
[2025-10-13T23:16:55.350-0700][1201][info ][safepoint   ] Safepoint "ICBufferFull", Time since last: 241601754 ns, Reaching safepoint: 123516 ns, Cleanup: 202806 ns, At safepoint: 19369 ns, Total: 345691 ns
[2025-10-13T23:16:55.999-0700][1201][info ][safepoint   ] Safepoint "ICBufferFull", Time since last: 648944073 ns, Reaching safepoint: 129275 ns, Cleanup: 209736 ns, At safepoint: 17837 ns, Total: 356848 ns
[2025-10-13T23:16:56.315-0700][1201][info ][safepoint   ] Safepoint "ICBufferFull", Time since last: 315839608 ns, Reaching safepoint: 124157 ns, Cleanup: 200522 ns, At safepoint: 17447 ns, Total: 342126 ns
[2025-10-13T23:16:56.692-0700][1201][info ][safepoint   ] Safepoint "ICBufferFull", Time since last: 376477910 ns, Reaching safepoint: 137618 ns, Cleanup: 206441 ns, At safepoint: 17696 ns, Total: 361755 ns
[2025-10-13T23:16:57.041-0700][1201][info ][safepoint   ] Safepoint "ICBufferFull", Time since last: 348424659 ns, Reaching safepoint: 135905 ns, Cleanup: 176686 ns, At safepoint: 18148 ns, Total: 330739 ns
[2025-10-13T23:16:57.325-0700][1201][info ][safepoint   ] Safepoint "ICBufferFull", Time since last: 283778806 ns, Reaching safepoint: 138548 ns, Cleanup: 187753 ns, At safepoint: 18999 ns, Total: 345300 ns
[2025-10-13T23:16:57.545-0700][1201][info ][safepoint   ] Safepoint "ICBufferFull", Time since last: 220149996 ns, Reaching safepoint: 157077 ns, Cleanup: 187803 ns, At safepoint: 16845 ns, Total: 361725 ns
[2025-10-13T23:16:58.250-0700][1201][info ][safepoint   ] Safepoint "ICBufferFull", Time since last: 703900644 ns, Reaching safepoint: 147121 ns, Cleanup: 204869 ns, At safepoint: 17406 ns, Total: 369396 ns
[2025-10-13T23:16:58.477-0700][1201][info ][safepoint   ] Safepoint "ICBufferFull", Time since last: 227165378 ns, Reaching safepoint: 146691 ns, Cleanup: 224238 ns, At safepoint: 17977 ns, Total: 388906 ns
[2025-10-13T23:16:58.703-0700][1201][info ][gc,start    ] GC(12) Pause Young (Normal) (G1 Evacuation Pause)
[2025-10-13T23:16:58.703-0700][1201][info ][gc,task     ] GC(12) Using 113 workers of 113 for evacuation
[2025-10-13T23:16:58.704-0700][1201][debug][gc,remset   ] GC(12) Visited cards 0 Total dirty 0 (0.00%) Total old 37748736 (0.00%)
[2025-10-13T23:16:58.828-0700][1201][info ][gc,phases   ] GC(12)   Pre Evacuate Collection Set: 0.6ms
[2025-10-13T23:16:58.828-0700][1201][info ][gc,phases   ] GC(12)   Merge Heap Roots: 0.7ms
[2025-10-13T23:16:58.828-0700][1201][info ][gc,phases   ] GC(12)   Evacuate Collection Set: 100.7ms
[2025-10-13T23:16:58.828-0700][1201][info ][gc,phases   ] GC(12)   Post Evacuate Collection Set: 22.7ms
[2025-10-13T23:16:58.828-0700][1201][info ][gc,phases   ] GC(12)   Other: 0.1ms
[2025-10-13T23:16:58.828-0700][1201][debug][gc,remset   ] GC(12) Coarsening (recent): Inline->AoC 0 (0) AoC->Howl 0 (0) Howl->Full 0 (0) Inline->AoC 0 (0) AoC->BitMap 0 (0) BitMap->Full 0 (0) 
[2025-10-13T23:16:58.828-0700][1201][debug][gc,remset   ] GC(12) Coarsening (all): Inline->AoC 0 (0) AoC->Howl 0 (0) Howl->Full 0 (0) Inline->AoC 0 (0) AoC->BitMap 0 (0) BitMap->Full 0 (0) 
[2025-10-13T23:16:58.828-0700][1201][info ][gc,heap     ] GC(12) Eden regions: 276->0(270)
[2025-10-13T23:16:58.828-0700][1201][info ][gc,heap     ] GC(12) Survivor regions: 12->18(36)
[2025-10-13T23:16:58.828-0700][1201][info ][gc,heap     ] GC(12) Old regions: 0->0
[2025-10-13T23:16:58.828-0700][1201][info ][gc,heap     ] GC(12) Humongous regions: 0->0
[2025-10-13T23:16:58.828-0700][1201][info ][gc,metaspace] GC(12) Metaspace: 193624K(195904K)->193624K(195904K) NonClass: 170298K(171584K)->170298K(171584K) Class: 23326K(24320K)->23326K(24320K)
[2025-10-13T23:16:58.828-0700][1201][info ][gc          ] GC(12) Pause Young (Normal) (G1 Evacuation Pause) 9196M->568M(184320M) 124.992ms
[2025-10-13T23:16:58.828-0700][1201][info ][gc,cpu      ] GC(12) User=2.30s Sys=2.01s Real=0.12s
[2025-10-13T23:16:58.828-0700][1201][info ][safepoint   ] Safepoint "G1CollectForAllocation", Time since last: 224894555 ns, Reaching safepoint: 163897 ns, Cleanup: 198510 ns, At safepoint: 125640413 ns, Total: 126002820 ns
[2025-10-13T23:16:58.979-0700][1201][info ][safepoint   ] Safepoint "ICBufferFull", Time since last: 150106660 ns, Reaching safepoint: 147993 ns, Cleanup: 208935 ns, At safepoint: 25248 ns, Total: 382176 ns
[2025-10-13T23:17:00.050-0700][1201][info ][safepoint   ] Safepoint "Cleanup", Time since last: 1070978069 ns, Reaching safepoint: 152740 ns, Cleanup: 149956 ns, At safepoint: 12008 ns, Total: 314704 ns
[2025-10-13T23:17:01.407-0700][1201][info ][safepoint   ] Safepoint "Cleanup", Time since last: 1356567494 ns, Reaching safepoint: 162425 ns, Cleanup: 154052 ns, At safepoint: 17977 ns, Total: 334454 ns
[2025-10-13T23:17:02.407-0700][1201][info ][safepoint   ] Safepoint "Cleanup", Time since last: 1000119014 ns, Reaching safepoint: 166131 ns, Cleanup: 47912 ns, At safepoint: 17256 ns, Total: 231299 ns
[2025-10-13T23:17:03.408-0700][1201][info ][safepoint   ] Safepoint "Cleanup", Time since last: 1000124673 ns, Reaching safepoint: 163736 ns, Cleanup: 138810 ns, At safepoint: 19459 ns, Total: 322005 ns
[2025-10-13T23:17:04.408-0700][1201][info ][safepoint   ] Safepoint "Cleanup", Time since last: 1000099254 ns, Reaching safepoint: 170097 ns, Cleanup: 65849 ns, At safepoint: 17727 ns, Total: 253673 ns
[2025-10-13T23:17:05.408-0700][1201][info ][safepoint   ] Safepoint "Cleanup", Time since last: 1000109049 ns, Reaching safepoint: 157798 ns, Cleanup: 56104 ns, At safepoint: 12008 ns, Total: 225910 ns
[2025-10-13T23:17:06.409-0700][1201][info ][safepoint   ] Safepoint "Cleanup", Time since last: 1000105865 ns, Reaching safepoint: 174673 ns, Cleanup: 42784 ns, At safepoint: 19349 ns, Total: 236806 ns
[2025-10-13T23:17:07.409-0700][1201][info ][safepoint   ] Safepoint "Cleanup", Time since last: 1000124803 ns, Reaching safepoint: 168855 ns, Cleanup: 44787 ns, At safepoint: 20311 ns, Total: 233953 ns
[2025-10-13T23:17:08.409-0700][1201][info ][safepoint   ] Safepoint "Cleanup", Time since last: 1000126856 ns, Reaching safepoint: 181023 ns, Cleanup: 51437 ns, At safepoint: 21192 ns, Total: 253652 ns
[2025-10-13T23:17:09.410-0700][1201][info ][safepoint   ] Safepoint "ICBufferFull", Time since last: 1000290723 ns, Reaching safepoint: 303217 ns, Cleanup: 201444 ns, At safepoint: 31968 ns, Total: 536629 ns
[2025-10-13T23:17:09.410-0700][1201][info ][safepoint   ] Safepoint "ICBufferFull", Time since last: 68052 ns, Reaching safepoint: 100962 ns, Cleanup: 7602 ns, At safepoint: 20461 ns, Total: 129025 ns
[2025-10-13T23:17:09.411-0700][1201][info ][safepoint   ] Safepoint "ICBufferFull", Time since last: 39179 ns, Reaching safepoint: 44337 ns, Cleanup: 901 ns, At safepoint: 25458 ns, Total: 70696 ns
[2025-10-13T23:17:09.411-0700][1201][info ][safepoint   ] Safepoint "ICBufferFull", Time since last: 51578 ns, Reaching safepoint: 44567 ns, Cleanup: 2634 ns, At safepoint: 24407 ns, Total: 71608 ns
[2025-10-13T23:17:09.411-0700][1201][info ][safepoint   ] Safepoint "ICBufferFull", Time since last: 39890 ns, Reaching safepoint: 214543 ns, Cleanup: 601 ns, At safepoint: 22985 ns, Total: 238129 ns
[2025-10-13T23:17:09.411-0700][1201][info ][safepoint   ] Safepoint "ICBufferFull", Time since last: 38398 ns, Reaching safepoint: 376667 ns, Cleanup: 4747 ns, At safepoint: 27662 ns, Total: 409076 ns
[2025-10-13T23:17:09.412-0700][1201][info ][safepoint   ] Safepoint "ICBufferFull", Time since last: 65709 ns, Reaching safepoint: 698332 ns, Cleanup: 1342 ns, At safepoint: 20802 ns, Total: 720476 ns
[2025-10-13T23:17:09.414-0700][1201][info ][safepoint   ] Safepoint "ICBufferFull", Time since last: 73060 ns, Reaching safepoint: 1304576 ns, Cleanup: 3505 ns, At safepoint: 19589 ns, Total: 1327670 ns
[2025-10-13T23:17:09.414-0700][1201][info ][safepoint   ] Safepoint "ICBufferFull", Time since last: 69195 ns, Reaching safepoint: 54472 ns, Cleanup: 741 ns, At safepoint: 30997 ns, Total: 86210 ns
[2025-10-13T23:17:09.414-0700][1201][info ][safepoint   ] Safepoint "ICBufferFull", Time since last: 47331 ns, Reaching safepoint: 106961 ns, Cleanup: 591 ns, At safepoint: 20992 ns, Total: 128544 ns
[2025-10-13T23:17:09.414-0700][1201][info ][safepoint   ] Safepoint "ICBufferFull", Time since last: 27982 ns, Reaching safepoint: 42183 ns, Cleanup: 611 ns, At safepoint: 25278 ns, Total: 68072 ns
[2025-10-13T23:17:09.414-0700][1201][info ][safepoint   ] Safepoint "ICBufferFull", Time since last: 27211 ns, Reaching safepoint: 42795 ns, Cleanup: 611 ns, At safepoint: 25699 ns, Total: 69105 ns
[2025-10-13T23:17:09.414-0700][1201][info ][safepoint   ] Safepoint "ICBufferFull", Time since last: 30816 ns, Reaching safepoint: 40251 ns, Cleanup: 661 ns, At safepoint: 23545 ns, Total: 64457 ns
[2025-10-13T23:17:09.414-0700][1201][info ][safepoint   ] Safepoint "ICBufferFull", Time since last: 29404 ns, Reaching safepoint: 40902 ns, Cleanup: 791 ns, At safepoint: 25008 ns, Total: 66701 ns
[2025-10-13T23:17:09.414-0700][1201][info ][safepoint   ] Safepoint "ICBufferFull", Time since last: 25088 ns, Reaching safepoint: 44657 ns, Cleanup: 761 ns, At safepoint: 28002 ns, Total: 73420 ns
[2025-10-13T23:17:09.414-0700][1201][info ][safepoint   ] Safepoint "ICBufferFull", Time since last: 22124 ns, Reaching safepoint: 40210 ns, Cleanup: 3225 ns, At safepoint: 25479 ns, Total: 68914 ns
[2025-10-13T23:17:09.415-0700][1201][info ][safepoint   ] Safepoint "ICBufferFull", Time since last: 22263 ns, Reaching safepoint: 40782 ns, Cleanup: 2684 ns, At safepoint: 25518 ns, Total: 68984 ns
[2025-10-13T23:17:09.415-0700][1201][info ][safepoint   ] Safepoint "ICBufferFull", Time since last: 27331 ns, Reaching safepoint: 39940 ns, Cleanup: 711 ns, At safepoint: 26150 ns, Total: 66801 ns
[2025-10-13T23:17:09.415-0700][1201][info ][safepoint   ] Safepoint "ICBufferFull", Time since last: 22384 ns, Reaching safepoint: 40961 ns, Cleanup: 711 ns, At safepoint: 26550 ns, Total: 68222 ns
[2025-10-13T23:17:09.415-0700][1201][info ][safepoint   ] Safepoint "ICBufferFull", Time since last: 21333 ns, Reaching safepoint: 166130 ns, Cleanup: 481 ns, At safepoint: 30325 ns, Total: 196936 ns
[2025-10-13T23:17:09.415-0700][1201][info ][safepoint   ] Safepoint "ICBufferFull", Time since last: 22805 ns, Reaching safepoint: 43545 ns, Cleanup: 681 ns, At safepoint: 29715 ns, Total: 73941 ns
[2025-10-13T23:17:09.415-0700][1201][info ][safepoint   ] Safepoint "ICBufferFull", Time since last: 26500 ns, Reaching safepoint: 42704 ns, Cleanup: 691 ns, At safepoint: 29154 ns, Total: 72549 ns
[2025-10-13T23:17:09.415-0700][1201][info ][safepoint   ] Safepoint "ICBufferFull", Time since last: 25278 ns, Reaching safepoint: 49205 ns, Cleanup: 2954 ns, At safepoint: 29404 ns, Total: 81563 ns
[2025-10-13T23:17:09.415-0700][1201][info ][safepoint   ] Safepoint "ICBufferFull", Time since last: 38829 ns, Reaching safepoint: 49214 ns, Cleanup: 511 ns, At safepoint: 29855 ns, Total: 79580 ns
[2025-10-13T23:17:09.416-0700][1201][info ][safepoint   ] Safepoint "ICBufferFull", Time since last: 36194 ns, Reaching safepoint: 50356 ns, Cleanup: 982 ns, At safepoint: 35383 ns, Total: 86721 ns
[2025-10-13T23:17:09.416-0700][1201][info ][safepoint   ] Safepoint "ICBufferFull", Time since last: 38768 ns, Reaching safepoint: 52910 ns, Cleanup: 521 ns, At safepoint: 32259 ns, Total: 85690 ns
[2025-10-13T23:17:09.416-0700][1201][info ][safepoint   ] Safepoint "ICBufferFull", Time since last: 43225 ns, Reaching safepoint: 111748 ns, Cleanup: 2714 ns, At safepoint: 37016 ns, Total: 151478 ns
[2025-10-13T23:17:09.418-0700][1201][info ][safepoint   ] Safepoint "ICBufferFull", Time since last: 23415 ns, Reaching safepoint: 1762456 ns, Cleanup: 5278 ns, At safepoint: 22924 ns, Total: 1790658 ns
[2025-10-13T23:17:09.418-0700][1201][info ][safepoint   ] Safepoint "ICBufferFull", Time since last: 30256 ns, Reaching safepoint: 116446 ns, Cleanup: 3595 ns, At safepoint: 23686 ns, Total: 143727 ns
[2025-10-13T23:17:10.418-0700][1201][info ][safepoint   ] Safepoint "Cleanup", Time since last: 1000080716 ns, Reaching safepoint: 193301 ns, Cleanup: 52099 ns, At safepoint: 21893 ns, Total: 267293 ns
[2025-10-13T23:17:12.088-0700][1201][info ][safepoint   ] Safepoint "Cleanup", Time since last: 1669349614 ns, Reaching safepoint: 186221 ns, Cleanup: 142224 ns, At safepoint: 23335 ns, Total: 351780 ns
[2025-10-13T23:17:13.088-0700][1201][info ][safepoint   ] Safepoint "Cleanup", Time since last: 1000125344 ns, Reaching safepoint: 186461 ns, Cleanup: 78478 ns, At safepoint: 22144 ns, Total: 287083 ns
[2025-10-13T23:17:14.089-0700][1201][info ][safepoint   ] Safepoint "Cleanup", Time since last: 1000124522 ns, Reaching safepoint: 187352 ns, Cleanup: 78459 ns, At safepoint: 22283 ns, Total: 288094 ns
[2025-10-13T23:17:15.089-0700][1201][info ][safepoint   ] Safepoint "Cleanup", Time since last: 1000135880 ns, Reaching safepoint: 189195 ns, Cleanup: 61312 ns, At safepoint: 24467 ns, Total: 274974 ns
[2025-10-13T23:17:16.146-0700][1201][info ][safepoint   ] Safepoint "Cleanup", Time since last: 1056717400 ns, Reaching safepoint: 199401 ns, Cleanup: 69415 ns, At safepoint: 27902 ns, Total: 296718 ns
[2025-10-13T23:17:16.677-0700][1201][info ][safepoint   ] Safepoint "ICBufferFull", Time since last: 530943700 ns, Reaching safepoint: 227663 ns, Cleanup: 106661 ns, At safepoint: 21342 ns, Total: 355666 ns
[2025-10-13T23:17:16.905-0700][1201][info ][safepoint   ] Safepoint "ICBufferFull", Time since last: 227189914 ns, Reaching safepoint: 193562 ns, Cleanup: 153832 ns, At safepoint: 28122 ns, Total: 375516 ns
[2025-10-13T23:17:17.905-0700][1201][info ][safepoint   ] Safepoint "Cleanup", Time since last: 1000114868 ns, Reaching safepoint: 233612 ns, Cleanup: 109796 ns, At safepoint: 24326 ns, Total: 367734 ns
[2025-10-13T23:17:18.624-0700][1201][info ][gc,start    ] GC(13) Pause Young (Normal) (G1 Evacuation Pause)
[2025-10-13T23:17:18.624-0700][1201][info ][gc,task     ] GC(13) Using 113 workers of 113 for evacuation
[2025-10-13T23:17:18.625-0700][1201][debug][gc,remset   ] GC(13) Visited cards 0 Total dirty 0 (0.00%) Total old 37748736 (0.00%)
[2025-10-13T23:17:18.729-0700][1201][info ][gc,phases   ] GC(13)   Pre Evacuate Collection Set: 0.5ms
[2025-10-13T23:17:18.729-0700][1201][info ][gc,phases   ] GC(13)   Merge Heap Roots: 0.7ms
[2025-10-13T23:17:18.729-0700][1201][info ][gc,phases   ] GC(13)   Evacuate Collection Set: 95.4ms
[2025-10-13T23:17:18.729-0700][1201][info ][gc,phases   ] GC(13)   Post Evacuate Collection Set: 8.5ms
[2025-10-13T23:17:18.729-0700][1201][info ][gc,phases   ] GC(13)   Other: 0.2ms
[2025-10-13T23:17:18.729-0700][1201][debug][gc,remset   ] GC(13) Coarsening (recent): Inline->AoC 0 (0) AoC->Howl 0 (0) Howl->Full 0 (0) Inline->AoC 0 (0) AoC->BitMap 0 (0) BitMap->Full 0 (0) 
[2025-10-13T23:17:18.729-0700][1201][debug][gc,remset   ] GC(13) Coarsening (all): Inline->AoC 0 (0) AoC->Howl 0 (0) Howl->Full 0 (0) Inline->AoC 0 (0) AoC->BitMap 0 (0) BitMap->Full 0 (0) 
[2025-10-13T23:17:18.729-0700][1201][info ][gc,heap     ] GC(13) Eden regions: 270->0(267)
[2025-10-13T23:17:18.729-0700][1201][info ][gc,heap     ] GC(13) Survivor regions: 18->21(36)
[2025-10-13T23:17:18.729-0700][1201][info ][gc,heap     ] GC(13) Old regions: 0->0
[2025-10-13T23:17:18.729-0700][1201][info ][gc,heap     ] GC(13) Humongous regions: 0->0
[2025-10-13T23:17:18.729-0700][1201][info ][gc,metaspace] GC(13) Metaspace: 205202K(207552K)->205202K(207552K) NonClass: 180620K(181952K)->180620K(181952K) Class: 24581K(25600K)->24581K(25600K)
[2025-10-13T23:17:18.730-0700][1201][info ][gc          ] GC(13) Pause Young (Normal) (G1 Evacuation Pause) 9208M->660M(184320M) 105.600ms
[2025-10-13T23:17:18.730-0700][1201][info ][gc,cpu      ] GC(13) User=2.31s Sys=2.26s Real=0.11s
[2025-10-13T23:17:18.730-0700][1201][info ][safepoint   ] Safepoint "G1CollectForAllocation", Time since last: 717656722 ns, Reaching safepoint: 215855 ns, Cleanup: 176917 ns, At safepoint: 106452339 ns, Total: 106845111 ns
[2025-10-13T23:17:19.192-0700][1201][info ][safepoint   ] Safepoint "ICBufferFull", Time since last: 461815123 ns, Reaching safepoint: 206011 ns, Cleanup: 244728 ns, At safepoint: 28684 ns, Total: 479423 ns
[2025-10-13T23:17:20.193-0700][1201][info ][safepoint   ] Safepoint "Cleanup", Time since last: 1000121688 ns, Reaching safepoint: 182915 ns, Cleanup: 112630 ns, At safepoint: 27942 ns, Total: 323487 ns
[2025-10-13T23:17:21.193-0700][1201][info ][safepoint   ] Safepoint "Cleanup", Time since last: 1000126936 ns, Reaching safepoint: 205851 ns, Cleanup: 108143 ns, At safepoint: 26890 ns, Total: 340884 ns
[2025-10-13T23:17:22.194-0700][1201][info ][safepoint   ] Safepoint "Cleanup", Time since last: 1000161058 ns, Reaching safepoint: 206871 ns, Cleanup: 127623 ns, At safepoint: 26570 ns, Total: 361064 ns
[2025-10-13T23:17:23.194-0700][1201][info ][safepoint   ] Safepoint "Cleanup", Time since last: 1000134147 ns, Reaching safepoint: 217467 ns, Cleanup: 150577 ns, At safepoint: 31107 ns, Total: 399151 ns
[2025-10-13T23:17:24.385-0700][1201][info ][safepoint   ] Safepoint "ICBufferFull", Time since last: 1190091407 ns, Reaching safepoint: 219631 ns, Cleanup: 193472 ns, At safepoint: 28312 ns, Total: 441415 ns
[2025-10-13T23:17:25.385-0700][1201][info ][safepoint   ] Safepoint "Cleanup", Time since last: 1000124282 ns, Reaching safepoint: 218039 ns, Cleanup: 34973 ns, At safepoint: 26249 ns, Total: 279261 ns
[2025-10-13T23:17:26.386-0700][1201][info ][safepoint   ] Safepoint "Cleanup", Time since last: 1000148299 ns, Reaching safepoint: 218208 ns, Cleanup: 50426 ns, At safepoint: 26751 ns, Total: 295385 ns
[2025-10-13T23:17:27.386-0700][1201][info ][safepoint   ] Safepoint "Cleanup", Time since last: 1000123140 ns, Reaching safepoint: 218680 ns, Cleanup: 27781 ns, At safepoint: 29134 ns, Total: 275595 ns
[2025-10-13T23:17:28.387-0700][1201][info ][safepoint   ] Safepoint "Cleanup", Time since last: 1000124413 ns, Reaching safepoint: 265600 ns, Cleanup: 66290 ns, At safepoint: 30315 ns, Total: 362205 ns
[2025-10-13T23:17:29.387-0700][1201][info ][safepoint   ] Safepoint "Cleanup", Time since last: 1000117432 ns, Reaching safepoint: 224669 ns, Cleanup: 134082 ns, At safepoint: 30426 ns, Total: 389177 ns
[2025-10-13T23:17:30.387-0700][1201][info ][safepoint   ] Safepoint "Cleanup", Time since last: 1000123190 ns, Reaching safepoint: 238389 ns, Cleanup: 35454 ns, At safepoint: 28353 ns, Total: 302196 ns
[2025-10-13T23:17:31.388-0700][1201][info ][safepoint   ] Safepoint "Cleanup", Time since last: 1000132985 ns, Reaching safepoint: 227322 ns, Cleanup: 31658 ns, At safepoint: 31087 ns, Total: 290067 ns
[2025-10-13T23:17:32.388-0700][1201][info ][safepoint   ] Safepoint "Cleanup", Time since last: 1000122710 ns, Reaching safepoint: 245309 ns, Cleanup: 30667 ns, At safepoint: 31257 ns, Total: 307233 ns
[2025-10-13T23:17:33.389-0700][1201][info ][safepoint   ] Safepoint "Cleanup", Time since last: 1000120015 ns, Reaching safepoint: 238370 ns, Cleanup: 74151 ns, At safepoint: 32289 ns, Total: 344810 ns
[2025-10-13T23:17:34.389-0700][1201][info ][safepoint   ] Safepoint "Cleanup", Time since last: 1000153807 ns, Reaching safepoint: 234032 ns, Cleanup: 118889 ns, At safepoint: 33911 ns, Total: 386832 ns
[2025-10-13T23:17:35.390-0700][1201][info ][safepoint   ] Safepoint "Cleanup", Time since last: 1000141959 ns, Reaching safepoint: 238460 ns, Cleanup: 106610 ns, At safepoint: 34212 ns, Total: 379282 ns
[2025-10-13T23:17:36.390-0700][1201][info ][safepoint   ] Safepoint "Cleanup", Time since last: 1000135879 ns, Reaching safepoint: 239171 ns, Cleanup: 57797 ns, At safepoint: 32329 ns, Total: 329297 ns
[2025-10-13T23:17:37.391-0700][1201][info ][safepoint   ] Safepoint "Cleanup", Time since last: 1000138163 ns, Reaching safepoint: 240162 ns, Cleanup: 49354 ns, At safepoint: 32739 ns, Total: 322255 ns
[2025-10-13T23:17:38.391-0700][1201][info ][safepoint   ] Safepoint "Cleanup", Time since last: 1000139115 ns, Reaching safepoint: 243567 ns, Cleanup: 45368 ns, At safepoint: 33981 ns, Total: 322916 ns
[2025-10-13T23:17:39.392-0700][1201][info ][safepoint   ] Safepoint "Cleanup", Time since last: 1000137452 ns, Reaching safepoint: 242275 ns, Cleanup: 47652 ns, At safepoint: 33280 ns, Total: 323207 ns
[2025-10-13T23:17:40.392-0700][1201][info ][safepoint   ] Safepoint "Cleanup", Time since last: 1000129160 ns, Reaching safepoint: 244388 ns, Cleanup: 22604 ns, At safepoint: 33120 ns, Total: 300112 ns
[2025-10-13T23:17:41.393-0700][1201][info ][safepoint   ] Safepoint "Cleanup", Time since last: 1000125544 ns, Reaching safepoint: 214764 ns, Cleanup: 35263 ns, At safepoint: 21492 ns, Total: 271519 ns
[2025-10-13T23:17:42.393-0700][1201][info ][safepoint   ] Safepoint "Cleanup", Time since last: 1000149200 ns, Reaching safepoint: 245380 ns, Cleanup: 29324 ns, At safepoint: 33490 ns, Total: 308194 ns
[2025-10-13T23:17:43.393-0700][1201][info ][safepoint   ] Safepoint "Cleanup", Time since last: 1000133116 ns, Reaching safepoint: 267403 ns, Cleanup: 52960 ns, At safepoint: 32959 ns, Total: 353322 ns
[2025-10-13T23:17:44.394-0700][1201][info ][safepoint   ] Safepoint "Cleanup", Time since last: 1000112855 ns, Reaching safepoint: 218670 ns, Cleanup: 51287 ns, At safepoint: 20661 ns, Total: 290618 ns
[2025-10-13T23:17:44.813-0700][1201][info ][gc,start    ] GC(14) Pause Young (Normal) (G1 Evacuation Pause)
[2025-10-13T23:17:44.813-0700][1201][info ][gc,task     ] GC(14) Using 113 workers of 113 for evacuation
[2025-10-13T23:17:44.814-0700][1201][debug][gc,remset   ] GC(14) Visited cards 0 Total dirty 0 (0.00%) Total old 37748736 (0.00%)
[2025-10-13T23:17:44.972-0700][1201][info ][gc,phases   ] GC(14)   Pre Evacuate Collection Set: 0.6ms
[2025-10-13T23:17:44.972-0700][1201][info ][gc,phases   ] GC(14)   Merge Heap Roots: 0.7ms
[2025-10-13T23:17:44.972-0700][1201][info ][gc,phases   ] GC(14)   Evacuate Collection Set: 145.3ms
[2025-10-13T23:17:44.972-0700][1201][info ][gc,phases   ] GC(14)   Post Evacuate Collection Set: 11.6ms
[2025-10-13T23:17:44.972-0700][1201][info ][gc,phases   ] GC(14)   Other: 0.5ms
[2025-10-13T23:17:44.972-0700][1201][debug][gc,remset   ] GC(14) Coarsening (recent): Inline->AoC 0 (0) AoC->Howl 0 (0) Howl->Full 0 (0) Inline->AoC 0 (0) AoC->BitMap 0 (0) BitMap->Full 0 (0) 
[2025-10-13T23:17:44.972-0700][1201][debug][gc,remset   ] GC(14) Coarsening (all): Inline->AoC 0 (0) AoC->Howl 0 (0) Howl->Full 0 (0) Inline->AoC 0 (0) AoC->BitMap 0 (0) BitMap->Full 0 (0) 
[2025-10-13T23:17:44.972-0700][1201][info ][gc,heap     ] GC(14) Eden regions: 267->0(266)
[2025-10-13T23:17:44.972-0700][1201][info ][gc,heap     ] GC(14) Survivor regions: 21->22(36)
[2025-10-13T23:17:44.972-0700][1201][info ][gc,heap     ] GC(14) Old regions: 0->1
[2025-10-13T23:17:44.972-0700][1201][info ][gc,heap     ] GC(14) Humongous regions: 0->0
[2025-10-13T23:17:44.972-0700][1201][info ][gc,metaspace] GC(14) Metaspace: 208818K(211200K)->208818K(211200K) NonClass: 184218K(185600K)->184218K(185600K) Class: 24600K(25600K)->24600K(25600K)
[2025-10-13T23:17:44.972-0700][1201][info ][gc          ] GC(14) Pause Young (Normal) (G1 Evacuation Pause) 9204M->709M(184320M) 158.901ms
[2025-10-13T23:17:44.972-0700][1201][info ][gc,cpu      ] GC(14) User=2.34s Sys=2.48s Real=0.16s
[2025-10-13T23:17:44.972-0700][1201][info ][safepoint   ] Safepoint "G1CollectForAllocation", Time since last: 418262996 ns, Reaching safepoint: 259741 ns, Cleanup: 25439 ns, At safepoint: 159925906 ns, Total: 160211086 ns
[2025-10-13T23:17:46.019-0700][1201][info ][safepoint   ] Safepoint "Cleanup", Time since last: 1046082575 ns, Reaching safepoint: 218960 ns, Cleanup: 129706 ns, At safepoint: 34622 ns, Total: 383288 ns
[2025-10-13T23:17:47.019-0700][1201][info ][safepoint   ] Safepoint "Cleanup", Time since last: 1000126225 ns, Reaching safepoint: 251259 ns, Cleanup: 21542 ns, At safepoint: 33891 ns, Total: 306692 ns
[2025-10-13T23:17:48.020-0700][1201][info ][safepoint   ] Safepoint "Cleanup", Time since last: 1000130922 ns, Reaching safepoint: 226832 ns, Cleanup: 32479 ns, At safepoint: 21703 ns, Total: 281014 ns
[2025-10-13T23:17:49.020-0700][1201][info ][safepoint   ] Safepoint "Cleanup", Time since last: 1000100346 ns, Reaching safepoint: 255925 ns, Cleanup: 36525 ns, At safepoint: 33130 ns, Total: 325580 ns
[2025-10-13T23:17:50.021-0700][1201][info ][safepoint   ] Safepoint "Cleanup", Time since last: 1000126936 ns, Reaching safepoint: 265891 ns, Cleanup: 46681 ns, At safepoint: 35233 ns, Total: 347805 ns
[2025-10-13T23:17:51.021-0700][1201][info ][safepoint   ] Safepoint "Cleanup", Time since last: 1000070100 ns, Reaching safepoint: 233352 ns, Cleanup: 32999 ns, At safepoint: 28153 ns, Total: 294504 ns
[2025-10-13T23:17:52.021-0700][1201][info ][safepoint   ] Safepoint "Cleanup", Time since last: 1000121241 ns, Reaching safepoint: 273061 ns, Cleanup: 49284 ns, At safepoint: 38078 ns, Total: 360423 ns
[2025-10-13T23:17:53.022-0700][1201][info ][safepoint   ] Safepoint "Cleanup", Time since last: 1000131329 ns, Reaching safepoint: 264148 ns, Cleanup: 72249 ns, At safepoint: 38748 ns, Total: 375145 ns
[2025-10-13T23:17:54.022-0700][1201][info ][safepoint   ] Safepoint "Cleanup", Time since last: 1000097408 ns, Reaching safepoint: 289196 ns, Cleanup: 77316 ns, At safepoint: 35193 ns, Total: 401705 ns
[2025-10-13T23:17:55.023-0700][1201][info ][safepoint   ] Safepoint "Cleanup", Time since last: 1000098499 ns, Reaching safepoint: 278250 ns, Cleanup: 66210 ns, At safepoint: 38868 ns, Total: 383328 ns
[2025-10-13T23:17:56.023-0700][1201][info ][safepoint   ] Safepoint "Cleanup", Time since last: 1000101925 ns, Reaching safepoint: 302055 ns, Cleanup: 35393 ns, At safepoint: 36595 ns, Total: 374043 ns
[2025-10-13T23:17:57.024-0700][1201][info ][safepoint   ] Safepoint "Cleanup", Time since last: 1000126151 ns, Reaching safepoint: 275736 ns, Cleanup: 21883 ns, At safepoint: 37406 ns, Total: 335025 ns
[2025-10-13T23:17:58.024-0700][1201][info ][safepoint   ] Safepoint "Cleanup", Time since last: 1000131650 ns, Reaching safepoint: 270227 ns, Cleanup: 45979 ns, At safepoint: 36705 ns, Total: 352911 ns
[2025-10-13T23:17:59.025-0700][1201][info ][safepoint   ] Safepoint "Cleanup", Time since last: 1000106932 ns, Reaching safepoint: 229857 ns, Cleanup: 45358 ns, At safepoint: 22103 ns, Total: 297318 ns
[2025-10-13T23:18:00.326-0700][1201][info ][safepoint   ] Safepoint "Cleanup", Time since last: 1301220460 ns, Reaching safepoint: 252280 ns, Cleanup: 145028 ns, At safepoint: 22655 ns, Total: 419963 ns
[2025-10-13T23:18:01.327-0700][1201][info ][safepoint   ] Safepoint "Cleanup", Time since last: 1000103767 ns, Reaching safepoint: 254964 ns, Cleanup: 33190 ns, At safepoint: 24447 ns, Total: 312601 ns
[2025-10-13T23:18:02.327-0700][1201][info ][safepoint   ] Safepoint "Cleanup", Time since last: 1000095062 ns, Reaching safepoint: 261995 ns, Cleanup: 17406 ns, At safepoint: 22915 ns, Total: 302316 ns
[2025-10-13T23:18:03.328-0700][1201][info ][safepoint   ] Safepoint "Cleanup", Time since last: 1000096747 ns, Reaching safepoint: 256196 ns, Cleanup: 21442 ns, At safepoint: 22654 ns, Total: 300292 ns
[2025-10-13T23:18:04.328-0700][1201][info ][safepoint   ] Safepoint "Cleanup", Time since last: 1000106432 ns, Reaching safepoint: 255455 ns, Cleanup: 29324 ns, At safepoint: 24036 ns, Total: 308815 ns
[2025-10-13T23:18:05.328-0700][1201][info ][safepoint   ] Safepoint "Cleanup", Time since last: 1000150208 ns, Reaching safepoint: 264118 ns, Cleanup: 21012 ns, At safepoint: 23315 ns, Total: 308445 ns
[2025-10-13T23:18:06.329-0700][1201][info ][safepoint   ] Safepoint "Cleanup", Time since last: 1000108014 ns, Reaching safepoint: 291299 ns, Cleanup: 38718 ns, At safepoint: 37317 ns, Total: 367334 ns
[2025-10-13T23:18:07.329-0700][1201][info ][safepoint   ] Safepoint "Cleanup", Time since last: 1000121013 ns, Reaching safepoint: 296227 ns, Cleanup: 16004 ns, At safepoint: 37727 ns, Total: 349958 ns
[2025-10-13T23:18:08.330-0700][1201][info ][safepoint   ] Safepoint "Cleanup", Time since last: 1000131429 ns, Reaching safepoint: 297909 ns, Cleanup: 36525 ns, At safepoint: 37827 ns, Total: 372261 ns
[2025-10-13T23:18:09.330-0700][1201][info ][safepoint   ] Safepoint "Cleanup", Time since last: 1000129787 ns, Reaching safepoint: 306292 ns, Cleanup: 34482 ns, At safepoint: 40961 ns, Total: 381735 ns
[2025-10-13T23:18:10.331-0700][1201][info ][safepoint   ] Safepoint "Cleanup", Time since last: 1000132792 ns, Reaching safepoint: 301935 ns, Cleanup: 28963 ns, At safepoint: 38418 ns, Total: 369316 ns
[2025-10-13T23:18:11.331-0700][1201][info ][safepoint   ] Safepoint "Cleanup", Time since last: 1000130799 ns, Reaching safepoint: 306402 ns, Cleanup: 46560 ns, At safepoint: 40511 ns, Total: 393473 ns
[2025-10-13T23:18:12.332-0700][1201][info ][safepoint   ] Safepoint "Cleanup", Time since last: 1000131419 ns, Reaching safepoint: 299291 ns, Cleanup: 25469 ns, At safepoint: 38217 ns, Total: 362977 ns
[2025-10-13T23:18:13.332-0700][1201][info ][safepoint   ] Safepoint "Cleanup", Time since last: 1000132501 ns, Reaching safepoint: 316046 ns, Cleanup: 18118 ns, At safepoint: 38978 ns, Total: 373142 ns
[2025-10-13T23:18:14.333-0700][1201][info ][safepoint   ] Safepoint "Cleanup", Time since last: 1000128345 ns, Reaching safepoint: 302306 ns, Cleanup: 33350 ns, At safepoint: 38688 ns, Total: 374344 ns
[2025-10-13T23:18:15.333-0700][1201][info ][safepoint   ] Safepoint "Cleanup", Time since last: 1000127574 ns, Reaching safepoint: 321054 ns, Cleanup: 42644 ns, At safepoint: 39309 ns, Total: 403007 ns
[2025-10-13T23:18:16.334-0700][1201][info ][safepoint   ] Safepoint "Cleanup", Time since last: 1000131800 ns, Reaching safepoint: 308705 ns, Cleanup: 26530 ns, At safepoint: 41803 ns, Total: 377038 ns
[2025-10-13T23:18:17.334-0700][1201][info ][safepoint   ] Safepoint "Cleanup", Time since last: 1000130799 ns, Reaching safepoint: 319622 ns, Cleanup: 16014 ns, At safepoint: 41642 ns, Total: 377278 ns
[2025-10-13T23:18:18.335-0700][1201][info ][safepoint   ] Safepoint "Cleanup", Time since last: 1000123959 ns, Reaching safepoint: 309125 ns, Cleanup: 24357 ns, At safepoint: 41733 ns, Total: 375215 ns
[2025-10-13T23:18:19.336-0700][1201][info ][safepoint   ] Safepoint "Cleanup", Time since last: 1000133352 ns, Reaching safepoint: 327724 ns, Cleanup: 51828 ns, At safepoint: 39460 ns, Total: 419012 ns
[2025-10-13T23:18:20.336-0700][1201][info ][safepoint   ] Safepoint "Cleanup", Time since last: 1000129657 ns, Reaching safepoint: 312721 ns, Cleanup: 18057 ns, At safepoint: 42534 ns, Total: 373312 ns
[2025-10-13T23:18:22.337-0700][1201][info ][safepoint   ] Safepoint "Cleanup", Time since last: 2000224211 ns, Reaching safepoint: 325420 ns, Cleanup: 31488 ns, At safepoint: 45298 ns, Total: 402206 ns
[2025-10-13T23:18:23.337-0700][1201][info ][safepoint   ] Safepoint "Cleanup", Time since last: 1000131810 ns, Reaching safepoint: 321194 ns, Cleanup: 27261 ns, At safepoint: 43205 ns, Total: 391660 ns
[2025-10-13T23:18:24.668-0700][1201][info ][safepoint   ] Safepoint "Cleanup", Time since last: 1330457952 ns, Reaching safepoint: 281364 ns, Cleanup: 46120 ns, At safepoint: 25118 ns, Total: 352602 ns
[2025-10-13T23:18:25.668-0700][1201][info ][safepoint   ] Safepoint "Cleanup", Time since last: 1000105680 ns, Reaching safepoint: 290678 ns, Cleanup: 14672 ns, At safepoint: 27332 ns, Total: 332682 ns
[2025-10-13T23:18:26.669-0700][1201][info ][safepoint   ] Safepoint "Cleanup", Time since last: 1000126782 ns, Reaching safepoint: 281244 ns, Cleanup: 19159 ns, At safepoint: 25638 ns, Total: 326041 ns
[2025-10-13T23:18:27.669-0700][1201][info ][safepoint   ] Safepoint "Cleanup", Time since last: 1000126693 ns, Reaching safepoint: 331179 ns, Cleanup: 19830 ns, At safepoint: 42193 ns, Total: 393202 ns
[2025-10-13T23:18:28.670-0700][1201][info ][safepoint   ] Safepoint "Cleanup", Time since last: 1000127934 ns, Reaching safepoint: 318801 ns, Cleanup: 19539 ns, At safepoint: 43696 ns, Total: 382036 ns
[2025-10-13T23:18:29.053-0700][1201][info ][gc,start    ] GC(15) Pause Young (Normal) (G1 Evacuation Pause)
[2025-10-13T23:18:29.053-0700][1201][info ][gc,task     ] GC(15) Using 113 workers of 113 for evacuation
[2025-10-13T23:18:29.055-0700][1201][debug][gc,remset   ] GC(15) Visited cards 38656 Total dirty 65536 (58.98%) Total old 37814272 (0.10%)
[2025-10-13T23:18:29.136-0700][1201][info ][gc,phases   ] GC(15)   Pre Evacuate Collection Set: 0.6ms
[2025-10-13T23:18:29.136-0700][1201][info ][gc,phases   ] GC(15)   Merge Heap Roots: 1.1ms
[2025-10-13T23:18:29.136-0700][1201][info ][gc,phases   ] GC(15)   Evacuate Collection Set: 72.7ms
[2025-10-13T23:18:29.136-0700][1201][info ][gc,phases   ] GC(15)   Post Evacuate Collection Set: 7.8ms
[2025-10-13T23:18:29.136-0700][1201][info ][gc,phases   ] GC(15)   Other: 0.7ms
[2025-10-13T23:18:29.136-0700][1201][debug][gc,remset   ] GC(15) Coarsening (recent): Inline->AoC 0 (0) AoC->Howl 0 (0) Howl->Full 0 (0) Inline->AoC 0 (0) AoC->BitMap 0 (0) BitMap->Full 0 (0) 
[2025-10-13T23:18:29.136-0700][1201][debug][gc,remset   ] GC(15) Coarsening (all): Inline->AoC 0 (0) AoC->Howl 0 (0) Howl->Full 0 (0) Inline->AoC 0 (0) AoC->BitMap 0 (0) BitMap->Full 0 (0) 
[2025-10-13T23:18:29.136-0700][1201][info ][gc,heap     ] GC(15) Eden regions: 266->0(265)
[2025-10-13T23:18:29.136-0700][1201][info ][gc,heap     ] GC(15) Survivor regions: 22->23(36)
[2025-10-13T23:18:29.136-0700][1201][info ][gc,heap     ] GC(15) Old regions: 1->4
[2025-10-13T23:18:29.136-0700][1201][info ][gc,heap     ] GC(15) Humongous regions: 0->0
[2025-10-13T23:18:29.136-0700][1201][info ][gc,metaspace] GC(15) Metaspace: 210264K(212736K)->210264K(212736K) NonClass: 185599K(187008K)->185599K(187008K) Class: 24664K(25728K)->24664K(25728K)
[2025-10-13T23:18:29.136-0700][1201][info ][gc          ] GC(15) Pause Young (Normal) (G1 Evacuation Pause) 9221M->815M(184320M) 83.073ms
[2025-10-13T23:18:29.137-0700][1201][info ][gc,cpu      ] GC(15) User=1.81s Sys=1.45s Real=0.08s
[2025-10-13T23:18:29.137-0700][1201][info ][safepoint   ] Safepoint "G1CollectForAllocation", Time since last: 382135121 ns, Reaching safepoint: 367914 ns, Cleanup: 52299 ns, At safepoint: 84340008 ns, Total: 84760221 ns
[2025-10-13T23:18:30.137-0700][1201][info ][safepoint   ] Safepoint "Cleanup", Time since last: 1000085580 ns, Reaching safepoint: 332301 ns, Cleanup: 48183 ns, At safepoint: 48212 ns, Total: 428696 ns
[2025-10-13T23:18:31.138-0700][1201][info ][safepoint   ] Safepoint "Cleanup", Time since last: 1000113513 ns, Reaching safepoint: 334604 ns, Cleanup: 20411 ns, At safepoint: 44777 ns, Total: 399792 ns
[2025-10-13T23:18:33.138-0700][1201][info ][safepoint   ] Safepoint "Cleanup", Time since last: 2000215768 ns, Reaching safepoint: 345481 ns, Cleanup: 35333 ns, At safepoint: 46109 ns, Total: 426923 ns
[2025-10-13T23:18:34.139-0700][1201][info ][safepoint   ] Safepoint "Cleanup", Time since last: 1000126593 ns, Reaching safepoint: 336296 ns, Cleanup: 25349 ns, At safepoint: 44627 ns, Total: 406272 ns
[2025-10-13T23:18:35.140-0700][1201][info ][safepoint   ] Safepoint "Cleanup", Time since last: 1000109056 ns, Reaching safepoint: 328665 ns, Cleanup: 22874 ns, At safepoint: 44848 ns, Total: 396387 ns
[2025-10-13T23:18:36.140-0700][1201][info ][safepoint   ] Safepoint "Cleanup", Time since last: 1000130658 ns, Reaching safepoint: 339652 ns, Cleanup: 18598 ns, At safepoint: 42835 ns, Total: 401085 ns
[2025-10-13T23:18:37.141-0700][1201][info ][safepoint   ] Safepoint "Cleanup", Time since last: 1000154814 ns, Reaching safepoint: 349757 ns, Cleanup: 33080 ns, At safepoint: 43826 ns, Total: 426663 ns
[2025-10-13T23:18:38.141-0700][1201][info ][safepoint   ] Safepoint "Cleanup", Time since last: 1000138100 ns, Reaching safepoint: 341324 ns, Cleanup: 23405 ns, At safepoint: 44778 ns, Total: 409507 ns
[2025-10-13T23:18:39.142-0700][1201][info ][safepoint   ] Safepoint "Cleanup", Time since last: 1000090337 ns, Reaching safepoint: 346613 ns, Cleanup: 34251 ns, At safepoint: 43526 ns, Total: 424390 ns
[2025-10-13T23:18:41.142-0700][1201][info ][safepoint   ] Safepoint "Cleanup", Time since last: 2000221296 ns, Reaching safepoint: 356227 ns, Cleanup: 15353 ns, At safepoint: 47171 ns, Total: 418751 ns
[2025-10-13T23:18:42.143-0700][1201][info ][safepoint   ] Safepoint "Cleanup", Time since last: 1000138069 ns, Reaching safepoint: 347334 ns, Cleanup: 13610 ns, At safepoint: 47502 ns, Total: 408446 ns
[2025-10-13T23:18:44.144-0700][1201][info ][safepoint   ] Safepoint "Cleanup", Time since last: 2000208607 ns, Reaching safepoint: 374665 ns, Cleanup: 29584 ns, At safepoint: 45559 ns, Total: 449808 ns
[2025-10-13T23:18:45.144-0700][1201][info ][safepoint   ] Safepoint "Cleanup", Time since last: 1000116527 ns, Reaching safepoint: 351550 ns, Cleanup: 48042 ns, At safepoint: 45338 ns, Total: 444930 ns
[2025-10-13T23:18:46.145-0700][1201][info ][safepoint   ] Safepoint "Cleanup", Time since last: 1000131310 ns, Reaching safepoint: 358850 ns, Cleanup: 45379 ns, At safepoint: 47581 ns, Total: 451810 ns
[2025-10-13T23:18:47.145-0700][1201][info ][safepoint   ] Safepoint "Cleanup", Time since last: 1000133553 ns, Reaching safepoint: 349266 ns, Cleanup: 31307 ns, At safepoint: 45078 ns, Total: 425651 ns
[2025-10-13T23:18:48.146-0700][1201][info ][safepoint   ] Safepoint "Cleanup", Time since last: 1000148586 ns, Reaching safepoint: 313953 ns, Cleanup: 21753 ns, At safepoint: 28462 ns, Total: 364168 ns
[2025-10-13T23:18:49.146-0700][1201][info ][safepoint   ] Safepoint "Cleanup", Time since last: 1000123939 ns, Reaching safepoint: 352070 ns, Cleanup: 46721 ns, At safepoint: 50425 ns, Total: 449216 ns
[2025-10-13T23:18:50.147-0700][1201][info ][safepoint   ] Safepoint "Cleanup", Time since last: 1000135606 ns, Reaching safepoint: 364439 ns, Cleanup: 35023 ns, At safepoint: 48503 ns, Total: 447965 ns
[2025-10-13T23:18:51.147-0700][1201][info ][safepoint   ] Safepoint "Cleanup", Time since last: 1000134524 ns, Reaching safepoint: 366813 ns, Cleanup: 22574 ns, At safepoint: 50066 ns, Total: 439453 ns
[2025-10-13T23:18:53.148-0700][1201][info ][safepoint   ] Safepoint "Cleanup", Time since last: 2000194425 ns, Reaching safepoint: 321315 ns, Cleanup: 18347 ns, At safepoint: 30726 ns, Total: 370388 ns
[2025-10-13T23:18:54.149-0700][1201][info ][safepoint   ] Safepoint "Cleanup", Time since last: 1000126342 ns, Reaching safepoint: 374565 ns, Cleanup: 37937 ns, At safepoint: 45699 ns, Total: 458201 ns
[2025-10-13T23:18:55.149-0700][1201][info ][safepoint   ] Safepoint "Cleanup", Time since last: 1000131119 ns, Reaching safepoint: 362516 ns, Cleanup: 27521 ns, At safepoint: 48213 ns, Total: 438250 ns
[2025-10-13T23:18:56.150-0700][1201][info ][safepoint   ] Safepoint "Cleanup", Time since last: 1000138610 ns, Reaching safepoint: 320924 ns, Cleanup: 11217 ns, At safepoint: 31337 ns, Total: 363478 ns
[2025-10-13T23:18:57.186-0700][1201][info ][safepoint   ] Safepoint "Cleanup", Time since last: 1036391097 ns, Reaching safepoint: 321825 ns, Cleanup: 14853 ns, At safepoint: 32449 ns, Total: 369127 ns
[2025-10-13T23:18:58.187-0700][1201][info ][safepoint   ] Safepoint "Cleanup", Time since last: 1000110267 ns, Reaching safepoint: 361575 ns, Cleanup: 14382 ns, At safepoint: 46219 ns, Total: 422176 ns
[2025-10-13T23:18:59.188-0700][1201][info ][safepoint   ] Safepoint "Cleanup", Time since last: 1000119652 ns, Reaching safepoint: 372541 ns, Cleanup: 17367 ns, At safepoint: 50956 ns, Total: 440864 ns
[2025-10-13T23:19:00.188-0700][1201][info ][safepoint   ] Safepoint "Cleanup", Time since last: 1000116207 ns, Reaching safepoint: 360353 ns, Cleanup: 25929 ns, At safepoint: 50736 ns, Total: 437018 ns
[2025-10-13T23:19:02.189-0700][1201][info ][safepoint   ] Safepoint "Cleanup", Time since last: 2000164762 ns, Reaching safepoint: 320442 ns, Cleanup: 14773 ns, At safepoint: 30486 ns, Total: 365701 ns
[2025-10-13T23:19:03.189-0700][1201][info ][safepoint   ] Safepoint "Cleanup", Time since last: 1000127934 ns, Reaching safepoint: 367203 ns, Cleanup: 14712 ns, At safepoint: 50376 ns, Total: 432291 ns
[2025-10-13T23:19:04.190-0700][1201][info ][safepoint   ] Safepoint "Cleanup", Time since last: 1000142937 ns, Reaching safepoint: 372000 ns, Cleanup: 21713 ns, At safepoint: 50226 ns, Total: 443939 ns
[2025-10-13T23:19:05.190-0700][1201][info ][safepoint   ] Safepoint "Cleanup", Time since last: 1000103077 ns, Reaching safepoint: 398510 ns, Cleanup: 32139 ns, At safepoint: 51507 ns, Total: 482156 ns
[2025-10-13T23:19:07.191-0700][1201][info ][safepoint   ] Safepoint "Cleanup", Time since last: 2000190757 ns, Reaching safepoint: 370578 ns, Cleanup: 16535 ns, At safepoint: 48633 ns, Total: 435746 ns
[2025-10-13T23:19:08.192-0700][1201][info ][safepoint   ] Safepoint "Cleanup", Time since last: 1000135244 ns, Reaching safepoint: 385181 ns, Cleanup: 17696 ns, At safepoint: 50366 ns, Total: 453243 ns
[2025-10-13T23:19:09.192-0700][1201][info ][safepoint   ] Safepoint "Cleanup", Time since last: 1000126722 ns, Reaching safepoint: 346001 ns, Cleanup: 16865 ns, At safepoint: 51468 ns, Total: 414334 ns
[2025-10-13T23:19:10.193-0700][1201][info ][safepoint   ] Safepoint "Cleanup", Time since last: 1000139761 ns, Reaching safepoint: 378069 ns, Cleanup: 20722 ns, At safepoint: 53260 ns, Total: 452051 ns
[2025-10-13T23:19:11.193-0700][1201][info ][safepoint   ] Safepoint "Cleanup", Time since last: 1000135034 ns, Reaching safepoint: 374384 ns, Cleanup: 43966 ns, At safepoint: 52840 ns, Total: 471190 ns
[2025-10-13T23:19:12.194-0700][1201][info ][safepoint   ] Safepoint "Cleanup", Time since last: 1000138369 ns, Reaching safepoint: 378540 ns, Cleanup: 26169 ns, At safepoint: 54442 ns, Total: 459151 ns
[2025-10-13T23:19:13.194-0700][1201][info ][safepoint   ] Safepoint "Cleanup", Time since last: 1000111329 ns, Reaching safepoint: 399532 ns, Cleanup: 13179 ns, At safepoint: 54803 ns, Total: 467514 ns
[2025-10-13T23:19:14.195-0700][1201][info ][safepoint   ] Safepoint "Cleanup", Time since last: 1000123757 ns, Reaching safepoint: 383027 ns, Cleanup: 29444 ns, At safepoint: 50757 ns, Total: 463228 ns
[2025-10-13T23:19:15.196-0700][1201][info ][safepoint   ] Safepoint "Cleanup", Time since last: 1000142525 ns, Reaching safepoint: 404179 ns, Cleanup: 33270 ns, At safepoint: 55494 ns, Total: 492943 ns
[2025-10-13T23:19:16.196-0700][1201][info ][safepoint   ] Safepoint "Cleanup", Time since last: 1000134763 ns, Reaching safepoint: 394374 ns, Cleanup: 21803 ns, At safepoint: 55944 ns, Total: 472121 ns
[2025-10-13T23:19:17.197-0700][1201][info ][safepoint   ] Safepoint "Cleanup", Time since last: 1000111379 ns, Reaching safepoint: 330187 ns, Cleanup: 16485 ns, At safepoint: 36175 ns, Total: 382847 ns
[2025-10-13T23:19:18.197-0700][1201][info ][safepoint   ] Safepoint "Cleanup", Time since last: 1000116215 ns, Reaching safepoint: 343027 ns, Cleanup: 84006 ns, At safepoint: 32820 ns, Total: 459853 ns
[2025-10-13T23:19:18.478-0700][1201][info ][gc,start    ] GC(16) Pause Young (Concurrent Start) (CodeCache GC Threshold)
[2025-10-13T23:19:18.478-0700][1201][info ][gc,task     ] GC(16) Using 113 workers of 113 for evacuation
[2025-10-13T23:19:18.480-0700][1201][debug][gc,remset   ] GC(16) Visited cards 156672 Total dirty 262144 (59.77%) Total old 26345472 (0.59%)
[2025-10-13T23:19:18.536-0700][1201][info ][gc,phases   ] GC(16)   Pre Evacuate Collection Set: 0.7ms
[2025-10-13T23:19:18.536-0700][1201][info ][gc,phases   ] GC(16)   Merge Heap Roots: 1.3ms
[2025-10-13T23:19:18.536-0700][1201][info ][gc,phases   ] GC(16)   Evacuate Collection Set: 49.8ms
[2025-10-13T23:19:18.536-0700][1201][info ][gc,phases   ] GC(16)   Post Evacuate Collection Set: 6.2ms
[2025-10-13T23:19:18.536-0700][1201][info ][gc,phases   ] GC(16)   Other: 0.2ms
[2025-10-13T23:19:18.536-0700][1201][debug][gc,remset   ] GC(16) Coarsening (recent): Inline->AoC 0 (0) AoC->Howl 0 (0) Howl->Full 0 (0) Inline->AoC 0 (0) AoC->BitMap 0 (0) BitMap->Full 0 (0) 
[2025-10-13T23:19:18.536-0700][1201][debug][gc,remset   ] GC(16) Coarsening (all): Inline->AoC 0 (0) AoC->Howl 0 (0) Howl->Full 0 (0) Inline->AoC 0 (0) AoC->BitMap 0 (0) BitMap->Full 0 (0) 
[2025-10-13T23:19:18.536-0700][1201][info ][gc,heap     ] GC(16) Eden regions: 176->0(269)
[2025-10-13T23:19:18.536-0700][1201][info ][gc,heap     ] GC(16) Survivor regions: 23->19(36)
[2025-10-13T23:19:18.536-0700][1201][info ][gc,heap     ] GC(16) Old regions: 4->10
[2025-10-13T23:19:18.536-0700][1201][info ][gc,heap     ] GC(16) Humongous regions: 0->0
[2025-10-13T23:19:18.536-0700][1201][info ][gc,metaspace] GC(16) Metaspace: 211019K(213440K)->211019K(213440K) NonClass: 186327K(187648K)->186327K(187648K) Class: 24691K(25792K)->24691K(25792K)
[2025-10-13T23:19:18.536-0700][1201][info ][gc          ] GC(16) Pause Young (Concurrent Start) (CodeCache GC Threshold) 6437M->890M(184320M) 58.362ms
[2025-10-13T23:19:18.536-0700][1084][info ][gc          ] GC(17) Concurrent Mark Cycle
[2025-10-13T23:19:18.536-0700][1084][info ][gc,marking  ] GC(17) Concurrent Scan Root Regions
[2025-10-13T23:19:18.537-0700][1201][info ][gc,cpu      ] GC(16) User=1.56s Sys=0.27s Real=0.06s
[2025-10-13T23:19:18.537-0700][1201][info ][safepoint   ] Safepoint "G1TryInitiateConcMark", Time since last: 279231064 ns, Reaching safepoint: 399662 ns, Cleanup: 52339 ns, At safepoint: 60113300 ns, Total: 60565301 ns
[2025-10-13T23:19:18.549-0700][1084][info ][gc,marking  ] GC(17) Concurrent Scan Root Regions 12.728ms
[2025-10-13T23:19:18.549-0700][1084][info ][gc,marking  ] GC(17) Concurrent Mark
[2025-10-13T23:19:18.549-0700][1084][info ][gc,marking  ] GC(17) Concurrent Mark From Roots
[2025-10-13T23:19:18.549-0700][1084][info ][gc,task     ] GC(17) Using 36 workers of 36 for marking
[2025-10-13T23:19:18.575-0700][1084][info ][gc,marking  ] GC(17) Concurrent Mark From Roots 25.693ms
[2025-10-13T23:19:18.575-0700][1084][info ][gc,marking  ] GC(17) Concurrent Preclean
[2025-10-13T23:19:18.575-0700][1084][info ][gc,marking  ] GC(17) Concurrent Preclean 0.281ms
[2025-10-13T23:19:18.576-0700][1201][info ][gc,start    ] GC(17) Pause Remark
[2025-10-13T23:19:18.704-0700][1201][info ][gc          ] GC(17) Pause Remark 968M->968M(184320M) 127.603ms
[2025-10-13T23:19:18.704-0700][1201][info ][gc,cpu      ] GC(17) User=7.98s Sys=0.10s Real=0.13s
[2025-10-13T23:19:18.704-0700][1201][info ][safepoint   ] Safepoint "G1PauseRemark", Time since last: 37996895 ns, Reaching safepoint: 343598 ns, Cleanup: 22944 ns, At safepoint: 128926331 ns, Total: 129292873 ns
[2025-10-13T23:19:18.705-0700][1084][info ][gc,marking  ] GC(17) Concurrent Mark 155.402ms
[2025-10-13T23:19:18.705-0700][1084][info ][gc,marking  ] GC(17) Concurrent Rebuild Remembered Sets and Scrub Regions
[2025-10-13T23:19:18.716-0700][1084][info ][gc,marking  ] GC(17) Concurrent Rebuild Remembered Sets and Scrub Regions 11.407ms
[2025-10-13T23:19:18.717-0700][1201][info ][gc,start    ] GC(17) Pause Cleanup
[2025-10-13T23:19:18.717-0700][1201][info ][gc          ] GC(17) Pause Cleanup 1017M->1017M(184320M) 0.385ms
[2025-10-13T23:19:18.718-0700][1201][info ][gc,cpu      ] GC(17) User=0.02s Sys=0.00s Real=0.00s
[2025-10-13T23:19:18.718-0700][1201][info ][safepoint   ] Safepoint "G1PauseCleanup", Time since last: 11569062 ns, Reaching safepoint: 328555 ns, Cleanup: 107432 ns, At safepoint: 1153729 ns, Total: 1589716 ns
[2025-10-13T23:19:18.718-0700][1084][info ][gc,marking  ] GC(17) Concurrent Clear Claimed Marks
[2025-10-13T23:19:18.718-0700][1084][info ][gc,marking  ] GC(17) Concurrent Clear Claimed Marks 0.293ms
[2025-10-13T23:19:18.718-0700][1084][info ][gc,marking  ] GC(17) Concurrent Cleanup for Next Mark
[2025-10-13T23:19:18.743-0700][1084][info ][gc,marking  ] GC(17) Concurrent Cleanup for Next Mark 24.709ms
[2025-10-13T23:19:18.743-0700][1084][info ][gc          ] GC(17) Concurrent Mark Cycle 206.397ms
[2025-10-13T23:19:19.718-0700][1201][info ][safepoint   ] Safepoint "Cleanup", Time since last: 1000079730 ns, Reaching safepoint: 349967 ns, Cleanup: 27231 ns, At safepoint: 34072 ns, Total: 411270 ns
[2025-10-13T23:19:20.719-0700][1201][info ][safepoint   ] Safepoint "Cleanup", Time since last: 1000108554 ns, Reaching safepoint: 380894 ns, Cleanup: 23345 ns, At safepoint: 53611 ns, Total: 457850 ns
[2025-10-13T23:19:21.719-0700][1201][info ][safepoint   ] Safepoint "Cleanup", Time since last: 1000118428 ns, Reaching safepoint: 398932 ns, Cleanup: 16995 ns, At safepoint: 67732 ns, Total: 483659 ns
[2025-10-13T23:19:22.720-0700][1201][info ][safepoint   ] Safepoint "Cleanup", Time since last: 1000108995 ns, Reaching safepoint: 395245 ns, Cleanup: 29885 ns, At safepoint: 55234 ns, Total: 480364 ns
[2025-10-13T23:19:24.689-0700][1201][info ][safepoint   ] Safepoint "Cleanup", Time since last: 1968869872 ns, Reaching safepoint: 390549 ns, Cleanup: 51658 ns, At safepoint: 65679 ns, Total: 507886 ns
[2025-10-13T23:19:26.690-0700][1201][info ][safepoint   ] Safepoint "Cleanup", Time since last: 2000174874 ns, Reaching safepoint: 391550 ns, Cleanup: 19780 ns, At safepoint: 54632 ns, Total: 465962 ns
[2025-10-13T23:19:27.690-0700][1201][info ][safepoint   ] Safepoint "Cleanup", Time since last: 1000115494 ns, Reaching safepoint: 400904 ns, Cleanup: 14542 ns, At safepoint: 55724 ns, Total: 471170 ns
[2025-10-13T23:19:28.691-0700][1201][info ][safepoint   ] Safepoint "Cleanup", Time since last: 1000129095 ns, Reaching safepoint: 398831 ns, Cleanup: 15253 ns, At safepoint: 52960 ns, Total: 467044 ns
[2025-10-13T23:19:29.692-0700][1201][info ][safepoint   ] Safepoint "Cleanup", Time since last: 1000111158 ns, Reaching safepoint: 385010 ns, Cleanup: 18768 ns, At safepoint: 57447 ns, Total: 461225 ns
[2025-10-13T23:19:30.692-0700][1201][info ][safepoint   ] Safepoint "Cleanup", Time since last: 1000132500 ns, Reaching safepoint: 398660 ns, Cleanup: 20161 ns, At safepoint: 69264 ns, Total: 488085 ns
[2025-10-13T23:19:31.693-0700][1201][info ][safepoint   ] Safepoint "Cleanup", Time since last: 1000135685 ns, Reaching safepoint: 402567 ns, Cleanup: 14982 ns, At safepoint: 55764 ns, Total: 473313 ns
[2025-10-13T23:19:32.694-0700][1201][info ][safepoint   ] Safepoint "Cleanup", Time since last: 1000129896 ns, Reaching safepoint: 406433 ns, Cleanup: 29244 ns, At safepoint: 56044 ns, Total: 491721 ns
[2025-10-13T23:19:33.694-0700][1201][info ][safepoint   ] Safepoint "Cleanup", Time since last: 1000137097 ns, Reaching safepoint: 402867 ns, Cleanup: 18798 ns, At safepoint: 57597 ns, Total: 479262 ns
[2025-10-13T23:19:35.695-0700][1201][info ][safepoint   ] Safepoint "Cleanup", Time since last: 2000222126 ns, Reaching safepoint: 402576 ns, Cleanup: 27091 ns, At safepoint: 54823 ns, Total: 484490 ns
[2025-10-13T23:19:36.695-0700][1201][info ][safepoint   ] Safepoint "Cleanup", Time since last: 1000135384 ns, Reaching safepoint: 429147 ns, Cleanup: 15162 ns, At safepoint: 57687 ns, Total: 501996 ns
[2025-10-13T23:19:37.696-0700][1201][info ][safepoint   ] Safepoint "Cleanup", Time since last: 1000161304 ns, Reaching safepoint: 400513 ns, Cleanup: 20181 ns, At safepoint: 56715 ns, Total: 477409 ns
[2025-10-13T23:19:38.697-0700][1201][info ][safepoint   ] Safepoint "Cleanup", Time since last: 1000134353 ns, Reaching safepoint: 401735 ns, Cleanup: 24537 ns, At safepoint: 57276 ns, Total: 483548 ns
[2025-10-13T23:19:39.697-0700][1201][info ][safepoint   ] Safepoint "Cleanup", Time since last: 1000126682 ns, Reaching safepoint: 421024 ns, Cleanup: 22524 ns, At safepoint: 57637 ns, Total: 501185 ns
[2025-10-13T23:19:40.698-0700][1201][info ][safepoint   ] Safepoint "Cleanup", Time since last: 1000123576 ns, Reaching safepoint: 405642 ns, Cleanup: 20130 ns, At safepoint: 59259 ns, Total: 485031 ns
[2025-10-13T23:19:41.699-0700][1201][info ][safepoint   ] Safepoint "Cleanup", Time since last: 1000102805 ns, Reaching safepoint: 376888 ns, Cleanup: 161884 ns, At safepoint: 100842 ns, Total: 639614 ns
[2025-10-13T23:19:41.763-0700][1201][info ][safepoint   ] Safepoint "ICBufferFull", Time since last: 63599173 ns, Reaching safepoint: 363668 ns, Cleanup: 183437 ns, At safepoint: 84938 ns, Total: 632043 ns
[2025-10-13T23:19:41.939-0700][1201][info ][safepoint   ] Safepoint "ICBufferFull", Time since last: 173118750 ns, Reaching safepoint: 2960171 ns, Cleanup: 187893 ns, At safepoint: 63596 ns, Total: 3211660 ns
[2025-10-13T23:19:42.183-0700][1201][info ][safepoint   ] Safepoint "ICBufferFull", Time since last: 242959479 ns, Reaching safepoint: 450619 ns, Cleanup: 157116 ns, At safepoint: 126711 ns, Total: 734446 ns
[2025-10-13T23:19:42.183-0700][1201][info ][safepoint   ] Safepoint "ICBufferFull", Time since last: 67141 ns, Reaching safepoint: 140202 ns, Cleanup: 8072 ns, At safepoint: 106881 ns, Total: 255155 ns
[2025-10-13T23:19:42.184-0700][1201][info ][safepoint   ] Safepoint "ICBufferFull", Time since last: 42764 ns, Reaching safepoint: 191389 ns, Cleanup: 4687 ns, At safepoint: 107321 ns, Total: 303397 ns
[2025-10-13T23:19:42.184-0700][1201][info ][safepoint   ] Safepoint "ICBufferFull", Time since last: 51628 ns, Reaching safepoint: 131749 ns, Cleanup: 1071 ns, At safepoint: 97447 ns, Total: 230267 ns
[2025-10-13T23:19:42.184-0700][1201][info ][safepoint   ] Safepoint "ICBufferFull", Time since last: 35133 ns, Reaching safepoint: 127192 ns, Cleanup: 2934 ns, At safepoint: 82615 ns, Total: 212741 ns
[2025-10-13T23:19:42.184-0700][1201][info ][safepoint   ] Safepoint "ICBufferFull", Time since last: 31457 ns, Reaching safepoint: 134222 ns, Cleanup: 822 ns, At safepoint: 96024 ns, Total: 231068 ns
[2025-10-13T23:19:42.185-0700][1201][info ][safepoint   ] Safepoint "ICBufferFull", Time since last: 29284 ns, Reaching safepoint: 125830 ns, Cleanup: 5358 ns, At safepoint: 91919 ns, Total: 223107 ns
[2025-10-13T23:19:42.185-0700][1201][info ][safepoint   ] Safepoint "ICBufferFull", Time since last: 26580 ns, Reaching safepoint: 120421 ns, Cleanup: 4978 ns, At safepoint: 75363 ns, Total: 200762 ns
[2025-10-13T23:19:42.185-0700][1201][info ][safepoint   ] Safepoint "ICBufferFull", Time since last: 25939 ns, Reaching safepoint: 190067 ns, Cleanup: 4326 ns, At safepoint: 66180 ns, Total: 260573 ns
[2025-10-13T23:19:42.185-0700][1201][info ][safepoint   ] Safepoint "ICBufferFull", Time since last: 28683 ns, Reaching safepoint: 133942 ns, Cleanup: 6410 ns, At safepoint: 68182 ns, Total: 208534 ns
[2025-10-13T23:19:42.186-0700][1201][info ][safepoint   ] Safepoint "ICBufferFull", Time since last: 27832 ns, Reaching safepoint: 123546 ns, Cleanup: 1082 ns, At safepoint: 69044 ns, Total: 193672 ns
[2025-10-13T23:19:42.186-0700][1201][info ][safepoint   ] Safepoint "ICBufferFull", Time since last: 26430 ns, Reaching safepoint: 120992 ns, Cleanup: 6811 ns, At safepoint: 68162 ns, Total: 195965 ns
[2025-10-13T23:19:42.186-0700][1201][info ][safepoint   ] Safepoint "ICBufferFull", Time since last: 23476 ns, Reaching safepoint: 119780 ns, Cleanup: 3165 ns, At safepoint: 69865 ns, Total: 192810 ns
[2025-10-13T23:19:42.516-0700][1201][info ][safepoint   ] Safepoint "ICBufferFull", Time since last: 329361792 ns, Reaching safepoint: 717902 ns, Cleanup: 180282 ns, At safepoint: 111067 ns, Total: 1009251 ns
[2025-10-13T23:19:42.662-0700][1201][info ][safepoint   ] Safepoint "ICBufferFull", Time since last: 144560058 ns, Reaching safepoint: 764652 ns, Cleanup: 148073 ns, At safepoint: 95724 ns, Total: 1008449 ns
[2025-10-13T23:19:42.662-0700][1201][info ][safepoint   ] Safepoint "ICBufferFull", Time since last: 85169 ns, Reaching safepoint: 161142 ns, Cleanup: 3786 ns, At safepoint: 96816 ns, Total: 261744 ns
[2025-10-13T23:19:42.795-0700][1201][info ][safepoint   ] Safepoint "ICBufferFull", Time since last: 132120413 ns, Reaching safepoint: 446543 ns, Cleanup: 151298 ns, At safepoint: 96906 ns, Total: 694747 ns
[2025-10-13T23:19:42.796-0700][1201][info ][safepoint   ] Safepoint "ICBufferFull", Time since last: 78208 ns, Reaching safepoint: 161463 ns, Cleanup: 1222 ns, At safepoint: 86761 ns, Total: 249446 ns
[2025-10-13T23:19:42.796-0700][1201][info ][safepoint   ] Safepoint "ICBufferFull", Time since last: 61072 ns, Reaching safepoint: 147582 ns, Cleanup: 3465 ns, At safepoint: 80992 ns, Total: 232039 ns
[2025-10-13T23:19:42.796-0700][1201][info ][safepoint   ] Safepoint "ICBufferFull", Time since last: 43746 ns, Reaching safepoint: 142675 ns, Cleanup: 3826 ns, At safepoint: 78949 ns, Total: 225450 ns
[2025-10-13T23:19:42.796-0700][1201][info ][safepoint   ] Safepoint "ICBufferFull", Time since last: 39580 ns, Reaching safepoint: 156435 ns, Cleanup: 3445 ns, At safepoint: 101463 ns, Total: 261343 ns
[2025-10-13T23:19:42.797-0700][1201][info ][safepoint   ] Safepoint "ICBufferFull", Time since last: 39179 ns, Reaching safepoint: 141013 ns, Cleanup: 2794 ns, At safepoint: 88223 ns, Total: 232030 ns
[2025-10-13T23:19:42.797-0700][1201][info ][safepoint   ] Safepoint "ICBufferFull", Time since last: 33601 ns, Reaching safepoint: 149805 ns, Cleanup: 3105 ns, At safepoint: 93311 ns, Total: 246221 ns
[2025-10-13T23:19:42.797-0700][1201][info ][safepoint   ] Safepoint "ICBufferFull", Time since last: 36064 ns, Reaching safepoint: 138969 ns, Cleanup: 782 ns, At safepoint: 88733 ns, Total: 228484 ns
[2025-10-13T23:19:42.797-0700][1201][info ][safepoint   ] Safepoint "ICBufferFull", Time since last: 33421 ns, Reaching safepoint: 141813 ns, Cleanup: 3075 ns, At safepoint: 93591 ns, Total: 238479 ns
[2025-10-13T23:19:42.798-0700][1201][info ][safepoint   ] Safepoint "ICBufferFull", Time since last: 33881 ns, Reaching safepoint: 136596 ns, Cleanup: 651 ns, At safepoint: 87271 ns, Total: 224518 ns
[2025-10-13T23:19:42.798-0700][1201][info ][safepoint   ] Safepoint "ICBufferFull", Time since last: 23296 ns, Reaching safepoint: 131738 ns, Cleanup: 2934 ns, At safepoint: 79580 ns, Total: 214252 ns
[2025-10-13T23:19:42.798-0700][1201][info ][safepoint   ] Safepoint "ICBufferFull", Time since last: 30376 ns, Reaching safepoint: 135394 ns, Cleanup: 3105 ns, At safepoint: 84938 ns, Total: 223437 ns
[2025-10-13T23:19:42.865-0700][1201][info ][safepoint   ] Safepoint "ICBufferFull", Time since last: 65801502 ns, Reaching safepoint: 434695 ns, Cleanup: 169295 ns, At safepoint: 121483 ns, Total: 725473 ns
[2025-10-13T23:19:42.865-0700][1201][info ][safepoint   ] Safepoint "ICBufferFull", Time since last: 59830 ns, Reaching safepoint: 145739 ns, Cleanup: 7171 ns, At safepoint: 88183 ns, Total: 241093 ns
[2025-10-13T23:19:42.895-0700][1201][info ][gc,start    ] GC(18) Pause Young (Normal) (G1 Evacuation Pause)
[2025-10-13T23:19:42.895-0700][1201][info ][gc,task     ] GC(18) Using 113 workers of 113 for evacuation
[2025-10-13T23:19:42.898-0700][1201][debug][gc,remset   ] GC(18) Visited cards 312576 Total dirty 655360 (47.70%) Total old 38404096 (0.81%)
[2025-10-13T23:19:42.941-0700][1201][info ][gc,phases   ] GC(18)   Pre Evacuate Collection Set: 0.5ms
[2025-10-13T23:19:42.941-0700][1201][info ][gc,phases   ] GC(18)   Merge Heap Roots: 2.0ms
[2025-10-13T23:19:42.941-0700][1201][info ][gc,phases   ] GC(18)   Evacuate Collection Set: 39.9ms
[2025-10-13T23:19:42.941-0700][1201][info ][gc,phases   ] GC(18)   Post Evacuate Collection Set: 3.7ms
[2025-10-13T23:19:42.941-0700][1201][info ][gc,phases   ] GC(18)   Other: 0.2ms
[2025-10-13T23:19:42.941-0700][1201][debug][gc,remset   ] GC(18) Coarsening (recent): Inline->AoC 175 (0) AoC->Howl 32 (0) Howl->Full 0 (0) Inline->AoC 171 (0) AoC->BitMap 17 (0) BitMap->Full 0 (0) 
[2025-10-13T23:19:42.941-0700][1201][debug][gc,remset   ] GC(18) Coarsening (all): Inline->AoC 175 (0) AoC->Howl 32 (0) Howl->Full 0 (0) Inline->AoC 171 (0) AoC->BitMap 17 (0) BitMap->Full 0 (0) 
[2025-10-13T23:19:42.941-0700][1201][info ][gc,heap     ] GC(18) Eden regions: 269->0(266)
[2025-10-13T23:19:42.941-0700][1201][info ][gc,heap     ] GC(18) Survivor regions: 19->22(36)
[2025-10-13T23:19:42.941-0700][1201][info ][gc,heap     ] GC(18) Old regions: 10->10
[2025-10-13T23:19:42.941-0700][1201][info ][gc,heap     ] GC(18) Humongous regions: 0->0
[2025-10-13T23:19:42.941-0700][1201][info ][gc,metaspace] GC(18) Metaspace: 218614K(221056K)->218614K(221056K) NonClass: 192903K(194304K)->192903K(194304K) Class: 25710K(26752K)->25710K(26752K)
[2025-10-13T23:19:42.941-0700][1201][info ][gc          ] GC(18) Pause Young (Normal) (G1 Evacuation Pause) 9498M->966M(184320M) 46.477ms
[2025-10-13T23:19:42.942-0700][1201][info ][gc,cpu      ] GC(18) User=1.30s Sys=0.09s Real=0.05s
[2025-10-13T23:19:42.942-0700][1201][info ][safepoint   ] Safepoint "G1CollectForAllocation", Time since last: 28631072 ns, Reaching safepoint: 383338 ns, Cleanup: 107532 ns, At safepoint: 48144686 ns, Total: 48635556 ns
[2025-10-13T23:19:42.975-0700][1201][info ][safepoint   ] Safepoint "ICBufferFull", Time since last: 31759316 ns, Reaching safepoint: 488646 ns, Cleanup: 189335 ns, At safepoint: 146721 ns, Total: 824702 ns
[2025-10-13T23:19:43.074-0700][1201][info ][safepoint   ] Safepoint "ICBufferFull", Time since last: 94278001 ns, Reaching safepoint: 4662446 ns, Cleanup: 194613 ns, At safepoint: 72690 ns, Total: 4929749 ns
[2025-10-13T23:19:43.150-0700][1201][info ][safepoint   ] Safepoint "ICBufferFull", Time since last: 68561781 ns, Reaching safepoint: 7379279 ns, Cleanup: 175865 ns, At safepoint: 83866 ns, Total: 7639010 ns
[2025-10-13T23:19:43.156-0700][1201][info ][safepoint   ] Safepoint "ICBufferFull", Time since last: 117257 ns, Reaching safepoint: 5581310 ns, Cleanup: 29795 ns, At safepoint: 61172 ns, Total: 5672277 ns
[2025-10-13T23:19:43.161-0700][1201][info ][safepoint   ] Safepoint "ICBufferFull", Time since last: 114262 ns, Reaching safepoint: 4310866 ns, Cleanup: 3455 ns, At safepoint: 55153 ns, Total: 4369474 ns
[2025-10-13T23:19:43.164-0700][1201][info ][safepoint   ] Safepoint "ICBufferFull", Time since last: 104959 ns, Reaching safepoint: 2913490 ns, Cleanup: 12539 ns, At safepoint: 54081 ns, Total: 2980110 ns
[2025-10-13T23:19:43.166-0700][1201][info ][safepoint   ] Safepoint "ICBufferFull", Time since last: 100301 ns, Reaching safepoint: 2080245 ns, Cleanup: 7151 ns, At safepoint: 50375 ns, Total: 2137771 ns
[2025-10-13T23:19:43.167-0700][1201][info ][safepoint   ] Safepoint "ICBufferFull", Time since last: 87312 ns, Reaching safepoint: 1461532 ns, Cleanup: 3476 ns, At safepoint: 52258 ns, Total: 1517266 ns
[2025-10-13T23:19:43.169-0700][1201][info ][safepoint   ] Safepoint "ICBufferFull", Time since last: 86110 ns, Reaching safepoint: 997523 ns, Cleanup: 6951 ns, At safepoint: 48723 ns, Total: 1053197 ns
[2025-10-13T23:19:43.169-0700][1201][info ][safepoint   ] Safepoint "ICBufferFull", Time since last: 81353 ns, Reaching safepoint: 476277 ns, Cleanup: 3546 ns, At safepoint: 60010 ns, Total: 539833 ns
[2025-10-13T23:19:43.170-0700][1201][info ][safepoint   ] Safepoint "ICBufferFull", Time since last: 80772 ns, Reaching safepoint: 349156 ns, Cleanup: 3225 ns, At safepoint: 58137 ns, Total: 410518 ns
[2025-10-13T23:19:43.170-0700][1201][info ][safepoint   ] Safepoint "ICBufferFull", Time since last: 94192 ns, Reaching safepoint: 164388 ns, Cleanup: 5448 ns, At safepoint: 96946 ns, Total: 266782 ns
[2025-10-13T23:19:43.170-0700][1201][info ][safepoint   ] Safepoint "ICBufferFull", Time since last: 74482 ns, Reaching safepoint: 156496 ns, Cleanup: 681 ns, At safepoint: 64858 ns, Total: 222035 ns
[2025-10-13T23:19:43.171-0700][1201][info ][safepoint   ] Safepoint "ICBufferFull", Time since last: 116015 ns, Reaching safepoint: 165810 ns, Cleanup: 6199 ns, At safepoint: 75804 ns, Total: 247813 ns
[2025-10-13T23:19:43.171-0700][1201][info ][safepoint   ] Safepoint "ICBufferFull", Time since last: 84468 ns, Reaching safepoint: 230877 ns, Cleanup: 4077 ns, At safepoint: 53620 ns, Total: 288574 ns
[2025-10-13T23:19:43.172-0700][1201][info ][safepoint   ] Safepoint "ICBufferFull", Time since last: 158960 ns, Reaching safepoint: 251609 ns, Cleanup: 5218 ns, At safepoint: 50726 ns, Total: 307553 ns
[2025-10-13T23:19:43.172-0700][1201][info ][safepoint   ] Safepoint "ICBufferFull", Time since last: 69655 ns, Reaching safepoint: 194283 ns, Cleanup: 2364 ns, At safepoint: 54992 ns, Total: 251639 ns
[2025-10-13T23:19:43.172-0700][1201][info ][safepoint   ] Safepoint "ICBufferFull", Time since last: 72990 ns, Reaching safepoint: 169947 ns, Cleanup: 4196 ns, At safepoint: 70837 ns, Total: 244980 ns
[2025-10-13T23:19:43.173-0700][1201][info ][safepoint   ] Safepoint "ICBufferFull", Time since last: 92369 ns, Reaching safepoint: 153581 ns, Cleanup: 1092 ns, At safepoint: 78899 ns, Total: 233572 ns
[2025-10-13T23:19:43.173-0700][1201][info ][safepoint   ] Safepoint "ICBufferFull", Time since last: 55874 ns, Reaching safepoint: 147993 ns, Cleanup: 3726 ns, At safepoint: 58087 ns, Total: 209806 ns
[2025-10-13T23:19:43.173-0700][1201][info ][safepoint   ] Safepoint "ICBufferFull", Time since last: 61262 ns, Reaching safepoint: 156857 ns, Cleanup: 2794 ns, At safepoint: 64647 ns, Total: 224298 ns
[2025-10-13T23:19:43.173-0700][1201][info ][safepoint   ] Safepoint "ICBufferFull", Time since last: 133481 ns, Reaching safepoint: 138780 ns, Cleanup: 3345 ns, At safepoint: 54111 ns, Total: 196236 ns
[2025-10-13T23:19:43.174-0700][1201][info ][safepoint   ] Safepoint "ICBufferFull", Time since last: 65008 ns, Reaching safepoint: 148294 ns, Cleanup: 12338 ns, At safepoint: 66130 ns, Total: 226762 ns
[2025-10-13T23:19:43.174-0700][1201][info ][safepoint   ] Safepoint "ICBufferFull", Time since last: 70897 ns, Reaching safepoint: 331489 ns, Cleanup: 4847 ns, At safepoint: 80221 ns, Total: 416557 ns
[2025-10-13T23:19:43.175-0700][1201][info ][safepoint   ] Safepoint "ICBufferFull", Time since last: 48624 ns, Reaching safepoint: 150296 ns, Cleanup: 2694 ns, At safepoint: 63876 ns, Total: 216866 ns
[2025-10-13T23:19:43.175-0700][1201][info ][safepoint   ] Safepoint "ICBufferFull", Time since last: 80742 ns, Reaching safepoint: 144918 ns, Cleanup: 2935 ns, At safepoint: 63876 ns, Total: 211729 ns
[2025-10-13T23:19:43.175-0700][1201][info ][safepoint   ] Safepoint "ICBufferFull", Time since last: 56295 ns, Reaching safepoint: 133451 ns, Cleanup: 1012 ns, At safepoint: 55774 ns, Total: 190237 ns
[2025-10-13T23:19:43.175-0700][1201][info ][safepoint   ] Safepoint "ICBufferFull", Time since last: 51187 ns, Reaching safepoint: 225349 ns, Cleanup: 2414 ns, At safepoint: 95864 ns, Total: 323627 ns
[2025-10-13T23:19:43.176-0700][1201][info ][safepoint   ] Safepoint "ICBufferFull", Time since last: 86200 ns, Reaching safepoint: 144368 ns, Cleanup: 3255 ns, At safepoint: 56865 ns, Total: 204488 ns
[2025-10-13T23:19:43.176-0700][1201][info ][safepoint   ] Safepoint "ICBufferFull", Time since last: 64448 ns, Reaching safepoint: 137857 ns, Cleanup: 4006 ns, At safepoint: 58899 ns, Total: 200762 ns
[2025-10-13T23:19:43.176-0700][1201][info ][safepoint   ] Safepoint "ICBufferFull", Time since last: 49865 ns, Reaching safepoint: 135474 ns, Cleanup: 1012 ns, At safepoint: 54412 ns, Total: 190898 ns
[2025-10-13T23:19:43.176-0700][1201][info ][safepoint   ] Safepoint "ICBufferFull", Time since last: 56064 ns, Reaching safepoint: 138259 ns, Cleanup: 2624 ns, At safepoint: 60701 ns, Total: 201584 ns
[2025-10-13T23:19:43.177-0700][1201][info ][safepoint   ] Safepoint "ICBufferFull", Time since last: 46330 ns, Reaching safepoint: 354644 ns, Cleanup: 2634 ns, At safepoint: 111518 ns, Total: 468796 ns
[2025-10-13T23:19:43.177-0700][1201][info ][safepoint   ] Safepoint "ICBufferFull", Time since last: 54963 ns, Reaching safepoint: 155354 ns, Cleanup: 3395 ns, At safepoint: 74372 ns, Total: 233121 ns
[2025-10-13T23:19:43.178-0700][1201][info ][safepoint   ] Safepoint "ICBufferFull", Time since last: 43927 ns, Reaching safepoint: 143185 ns, Cleanup: 1112 ns, At safepoint: 61072 ns, Total: 205369 ns
[2025-10-13T23:19:43.178-0700][1201][info ][safepoint   ] Safepoint "ICBufferFull", Time since last: 40341 ns, Reaching safepoint: 144618 ns, Cleanup: 901 ns, At safepoint: 65529 ns, Total: 211048 ns
[2025-10-13T23:19:43.178-0700][1201][info ][safepoint   ] Safepoint "ICBufferFull", Time since last: 42664 ns, Reaching safepoint: 142365 ns, Cleanup: 2734 ns, At safepoint: 57466 ns, Total: 202565 ns
[2025-10-13T23:19:43.178-0700][1201][info ][safepoint   ] Safepoint "ICBufferFull", Time since last: 89655 ns, Reaching safepoint: 143517 ns, Cleanup: 440 ns, At safepoint: 54943 ns, Total: 198900 ns
[2025-10-13T23:19:43.179-0700][1201][info ][safepoint   ] Safepoint "ICBufferFull", Time since last: 55474 ns, Reaching safepoint: 229846 ns, Cleanup: 6940 ns, At safepoint: 128003 ns, Total: 364789 ns
[2025-10-13T23:19:43.179-0700][1201][info ][safepoint   ] Safepoint "ICBufferFull", Time since last: 114733 ns, Reaching safepoint: 159581 ns, Cleanup: 1312 ns, At safepoint: 66139 ns, Total: 227032 ns
[2025-10-13T23:19:43.179-0700][1201][info ][safepoint   ] Safepoint "ICBufferFull", Time since last: 33921 ns, Reaching safepoint: 148204 ns, Cleanup: 2644 ns, At safepoint: 56154 ns, Total: 207002 ns
[2025-10-13T23:19:43.180-0700][1201][info ][safepoint   ] Safepoint "ICBufferFull", Time since last: 51107 ns, Reaching safepoint: 137708 ns, Cleanup: 981 ns, At safepoint: 63135 ns, Total: 201824 ns
[2025-10-13T23:19:43.180-0700][1201][info ][safepoint   ] Safepoint "ICBufferFull", Time since last: 46320 ns, Reaching safepoint: 136907 ns, Cleanup: 3174 ns, At safepoint: 55524 ns, Total: 195605 ns
[2025-10-13T23:19:43.180-0700][1201][info ][safepoint   ] Safepoint "ICBufferFull", Time since last: 43746 ns, Reaching safepoint: 139360 ns, Cleanup: 2744 ns, At safepoint: 58849 ns, Total: 200953 ns
[2025-10-13T23:19:43.180-0700][1201][info ][safepoint   ] Safepoint "ICBufferFull", Time since last: 36485 ns, Reaching safepoint: 146200 ns, Cleanup: 701 ns, At safepoint: 62014 ns, Total: 208915 ns
[2025-10-13T23:19:43.181-0700][1201][info ][safepoint   ] Safepoint "ICBufferFull", Time since last: 42013 ns, Reaching safepoint: 156085 ns, Cleanup: 7271 ns, At safepoint: 61643 ns, Total: 224999 ns
[2025-10-13T23:19:43.181-0700][1201][info ][safepoint   ] Safepoint "ICBufferFull", Time since last: 40240 ns, Reaching safepoint: 279542 ns, Cleanup: 3034 ns, At safepoint: 61513 ns, Total: 344089 ns
[2025-10-13T23:19:43.181-0700][1201][info ][safepoint   ] Safepoint "ICBufferFull", Time since last: 41963 ns, Reaching safepoint: 155464 ns, Cleanup: 1242 ns, At safepoint: 61122 ns, Total: 217828 ns
[2025-10-13T23:19:43.181-0700][1201][info ][safepoint   ] Safepoint "ICBufferFull", Time since last: 43937 ns, Reaching safepoint: 151488 ns, Cleanup: 1112 ns, At safepoint: 58167 ns, Total: 210767 ns
[2025-10-13T23:19:43.182-0700][1201][info ][safepoint   ] Safepoint "ICBufferFull", Time since last: 40702 ns, Reaching safepoint: 151147 ns, Cleanup: 1382 ns, At safepoint: 60952 ns, Total: 213481 ns
[2025-10-13T23:19:43.182-0700][1201][info ][safepoint   ] Safepoint "ICBufferFull", Time since last: 35874 ns, Reaching safepoint: 136546 ns, Cleanup: 1032 ns, At safepoint: 55433 ns, Total: 193011 ns
[2025-10-13T23:19:43.182-0700][1201][info ][safepoint   ] Safepoint "ICBufferFull", Time since last: 34041 ns, Reaching safepoint: 134463 ns, Cleanup: 3365 ns, At safepoint: 55003 ns, Total: 192831 ns
[2025-10-13T23:19:43.183-0700][1201][info ][safepoint   ] Safepoint "ICBufferFull", Time since last: 32890 ns, Reaching safepoint: 1150473 ns, Cleanup: 801 ns, At safepoint: 56245 ns, Total: 1207519 ns
[2025-10-13T23:19:43.184-0700][1201][info ][safepoint   ] Safepoint "ICBufferFull", Time since last: 77397 ns, Reaching safepoint: 136085 ns, Cleanup: 911 ns, At safepoint: 47902 ns, Total: 184898 ns
[2025-10-13T23:19:43.184-0700][1201][info ][safepoint   ] Safepoint "ICBufferFull", Time since last: 32119 ns, Reaching safepoint: 132259 ns, Cleanup: 941 ns, At safepoint: 55144 ns, Total: 188344 ns
[2025-10-13T23:19:43.184-0700][1201][info ][safepoint   ] Safepoint "ICBufferFull", Time since last: 23154 ns, Reaching safepoint: 128564 ns, Cleanup: 791 ns, At safepoint: 50677 ns, Total: 180032 ns
[2025-10-13T23:19:43.184-0700][1201][info ][safepoint   ] Safepoint "ICBufferFull", Time since last: 33120 ns, Reaching safepoint: 136666 ns, Cleanup: 3375 ns, At safepoint: 57096 ns, Total: 197137 ns
[2025-10-13T23:19:43.185-0700][1201][info ][safepoint   ] Safepoint "ICBufferFull", Time since last: 33751 ns, Reaching safepoint: 927707 ns, Cleanup: 1342 ns, At safepoint: 65269 ns, Total: 994318 ns
[2025-10-13T23:19:43.186-0700][1201][info ][safepoint   ] Safepoint "ICBufferFull", Time since last: 33510 ns, Reaching safepoint: 650701 ns, Cleanup: 841 ns, At safepoint: 58959 ns, Total: 710501 ns
[2025-10-13T23:19:43.187-0700][1201][info ][safepoint   ] Safepoint "ICBufferFull", Time since last: 32549 ns, Reaching safepoint: 1024754 ns, Cleanup: 1132 ns, At safepoint: 61733 ns, Total: 1087619 ns
[2025-10-13T23:19:43.190-0700][1201][info ][safepoint   ] Safepoint "ICBufferFull", Time since last: 39019 ns, Reaching safepoint: 2215828 ns, Cleanup: 2955 ns, At safepoint: 83856 ns, Total: 2302639 ns
[2025-10-13T23:19:43.190-0700][1201][info ][safepoint   ] Safepoint "ICBufferFull", Time since last: 60351 ns, Reaching safepoint: 228815 ns, Cleanup: 1382 ns, At safepoint: 154543 ns, Total: 384740 ns
[2025-10-13T23:19:43.191-0700][1201][info ][safepoint   ] Safepoint "ICBufferFull", Time since last: 112299 ns, Reaching safepoint: 318871 ns, Cleanup: 5238 ns, At safepoint: 59018 ns, Total: 383127 ns
[2025-10-13T23:19:43.191-0700][1201][info ][safepoint   ] Safepoint "ICBufferFull", Time since last: 35704 ns, Reaching safepoint: 143987 ns, Cleanup: 1102 ns, At safepoint: 67191 ns, Total: 212280 ns
[2025-10-13T23:19:43.191-0700][1201][info ][safepoint   ] Safepoint "ICBufferFull", Time since last: 29134 ns, Reaching safepoint: 145159 ns, Cleanup: 1081 ns, At safepoint: 68424 ns, Total: 214664 ns
[2025-10-13T23:19:43.191-0700][1201][info ][safepoint   ] Safepoint "ICBufferFull", Time since last: 48513 ns, Reaching safepoint: 252750 ns, Cleanup: 591 ns, At safepoint: 63476 ns, Total: 316817 ns
[2025-10-13T23:19:43.192-0700][1201][info ][safepoint   ] Safepoint "ICBufferFull", Time since last: 49525 ns, Reaching safepoint: 145930 ns, Cleanup: 1181 ns, At safepoint: 64528 ns, Total: 211639 ns
[2025-10-13T23:19:43.192-0700][1201][info ][safepoint   ] Safepoint "ICBufferFull", Time since last: 26740 ns, Reaching safepoint: 144688 ns, Cleanup: 3846 ns, At safepoint: 64447 ns, Total: 212981 ns
[2025-10-13T23:19:43.192-0700][1201][info ][safepoint   ] Safepoint "ICBufferFull", Time since last: 24687 ns, Reaching safepoint: 146180 ns, Cleanup: 1392 ns, At safepoint: 66300 ns, Total: 213872 ns
[2025-10-13T23:19:43.333-0700][1201][info ][safepoint   ] Safepoint "ICBufferFull", Time since last: 139902419 ns, Reaching safepoint: 488076 ns, Cleanup: 135925 ns, At safepoint: 79059 ns, Total: 703060 ns
[2025-10-13T23:19:43.454-0700][1201][info ][safepoint   ] Safepoint "ICBufferFull", Time since last: 120385370 ns, Reaching safepoint: 486363 ns, Cleanup: 214884 ns, At safepoint: 74853 ns, Total: 776100 ns
[2025-10-13T23:19:44.179-0700][1201][info ][safepoint   ] Safepoint "ICBufferFull", Time since last: 724142079 ns, Reaching safepoint: 524520 ns, Cleanup: 194453 ns, At safepoint: 75744 ns, Total: 794717 ns
[2025-10-13T23:19:44.949-0700][1201][info ][safepoint   ] Safepoint "ICBufferFull", Time since last: 769003899 ns, Reaching safepoint: 495416 ns, Cleanup: 163737 ns, At safepoint: 75454 ns, Total: 734607 ns
[2025-10-13T23:19:44.949-0700][1201][info ][safepoint   ] Safepoint "ICBufferFull", Time since last: 75574 ns, Reaching safepoint: 184007 ns, Cleanup: 7832 ns, At safepoint: 76515 ns, Total: 268354 ns
[2025-10-13T23:19:44.949-0700][1201][info ][safepoint   ] Safepoint "ICBufferFull", Time since last: 45028 ns, Reaching safepoint: 164618 ns, Cleanup: 6930 ns, At safepoint: 76636 ns, Total: 248184 ns
[2025-10-13T23:19:44.949-0700][1201][info ][safepoint   ] Safepoint "ICBufferFull", Time since last: 40771 ns, Reaching safepoint: 168444 ns, Cleanup: 4757 ns, At safepoint: 75334 ns, Total: 248535 ns
[2025-10-13T23:19:44.950-0700][1201][info ][safepoint   ] Safepoint "ICBufferFull", Time since last: 60311 ns, Reaching safepoint: 155874 ns, Cleanup: 2905 ns, At safepoint: 78428 ns, Total: 237207 ns
[2025-10-13T23:19:44.950-0700][1201][info ][safepoint   ] Safepoint "ICBufferFull", Time since last: 65298 ns, Reaching safepoint: 154052 ns, Cleanup: 1272 ns, At safepoint: 62495 ns, Total: 217819 ns
[2025-10-13T23:19:44.950-0700][1201][info ][safepoint   ] Safepoint "ICBufferFull", Time since last: 49194 ns, Reaching safepoint: 156105 ns, Cleanup: 411 ns, At safepoint: 75523 ns, Total: 232039 ns
[2025-10-13T23:19:44.951-0700][1201][info ][safepoint   ] Safepoint "ICBufferFull", Time since last: 120452 ns, Reaching safepoint: 146240 ns, Cleanup: 1122 ns, At safepoint: 60030 ns, Total: 207392 ns
[2025-10-13T23:19:44.951-0700][1201][info ][safepoint   ] Safepoint "ICBufferFull", Time since last: 59500 ns, Reaching safepoint: 342025 ns, Cleanup: 551 ns, At safepoint: 73621 ns, Total: 416197 ns
[2025-10-13T23:19:44.951-0700][1201][info ][safepoint   ] Safepoint "ICBufferFull", Time since last: 43916 ns, Reaching safepoint: 159040 ns, Cleanup: 2904 ns, At safepoint: 66831 ns, Total: 228775 ns
[2025-10-13T23:19:44.952-0700][1201][info ][safepoint   ] Safepoint "ICBufferFull", Time since last: 43516 ns, Reaching safepoint: 149525 ns, Cleanup: 681 ns, At safepoint: 71578 ns, Total: 221784 ns
[2025-10-13T23:19:44.952-0700][1201][info ][safepoint   ] Safepoint "ICBufferFull", Time since last: 64527 ns, Reaching safepoint: 208214 ns, Cleanup: 2854 ns, At safepoint: 64117 ns, Total: 275185 ns
[2025-10-13T23:19:44.952-0700][1201][info ][safepoint   ] Safepoint "ICBufferFull", Time since last: 43756 ns, Reaching safepoint: 145168 ns, Cleanup: 952 ns, At safepoint: 80060 ns, Total: 226180 ns
[2025-10-13T23:19:44.953-0700][1201][info ][safepoint   ] Safepoint "ICBufferFull", Time since last: 49285 ns, Reaching safepoint: 146831 ns, Cleanup: 3675 ns, At safepoint: 68384 ns, Total: 218890 ns
[2025-10-13T23:19:44.953-0700][1201][info ][safepoint   ] Safepoint "ICBufferFull", Time since last: 38818 ns, Reaching safepoint: 150026 ns, Cleanup: 6089 ns, At safepoint: 72349 ns, Total: 228464 ns
[2025-10-13T23:19:44.953-0700][1201][info ][safepoint   ] Safepoint "ICBufferFull", Time since last: 45889 ns, Reaching safepoint: 143016 ns, Cleanup: 1252 ns, At safepoint: 66670 ns, Total: 210938 ns
[2025-10-13T23:19:44.953-0700][1201][info ][safepoint   ] Safepoint "ICBufferFull", Time since last: 42434 ns, Reaching safepoint: 155184 ns, Cleanup: 511 ns, At safepoint: 78819 ns, Total: 234514 ns
[2025-10-13T23:19:44.954-0700][1201][info ][safepoint   ] Safepoint "ICBufferFull", Time since last: 34582 ns, Reaching safepoint: 152159 ns, Cleanup: 1212 ns, At safepoint: 73260 ns, Total: 226631 ns
[2025-10-13T23:19:44.954-0700][1201][info ][safepoint   ] Safepoint "ICBufferFull", Time since last: 28794 ns, Reaching safepoint: 149174 ns, Cleanup: 3015 ns, At safepoint: 71438 ns, Total: 223627 ns
[2025-10-13T23:19:44.954-0700][1201][info ][safepoint   ] Safepoint "ICBufferFull", Time since last: 40240 ns, Reaching safepoint: 148193 ns, Cleanup: 1222 ns, At safepoint: 73090 ns, Total: 222505 ns
[2025-10-13T23:19:44.954-0700][1201][info ][safepoint   ] Safepoint "ICBufferFull", Time since last: 36165 ns, Reaching safepoint: 152610 ns, Cleanup: 841 ns, At safepoint: 79189 ns, Total: 232640 ns
[2025-10-13T23:19:44.955-0700][1201][info ][safepoint   ] Safepoint "ICBufferFull", Time since last: 69075 ns, Reaching safepoint: 150046 ns, Cleanup: 1061 ns, At safepoint: 88013 ns, Total: 239120 ns
[2025-10-13T23:19:44.955-0700][1201][info ][safepoint   ] Safepoint "ICBufferFull", Time since last: 40902 ns, Reaching safepoint: 217347 ns, Cleanup: 721 ns, At safepoint: 85299 ns, Total: 303367 ns
[2025-10-13T23:19:44.955-0700][1201][info ][safepoint   ] Safepoint "ICBufferFull", Time since last: 33600 ns, Reaching safepoint: 217258 ns, Cleanup: 2654 ns, At safepoint: 84056 ns, Total: 303968 ns
[2025-10-13T23:19:44.956-0700][1201][info ][safepoint   ] Safepoint "ICBufferFull", Time since last: 46791 ns, Reaching safepoint: 151208 ns, Cleanup: 1031 ns, At safepoint: 72469 ns, Total: 224708 ns
[2025-10-13T23:19:44.956-0700][1201][info ][safepoint   ] Safepoint "ICBufferFull", Time since last: 29485 ns, Reaching safepoint: 146511 ns, Cleanup: 1101 ns, At safepoint: 84347 ns, Total: 231959 ns
[2025-10-13T23:19:44.956-0700][1201][info ][safepoint   ] Safepoint "ICBufferFull", Time since last: 28383 ns, Reaching safepoint: 150898 ns, Cleanup: 550 ns, At safepoint: 79700 ns, Total: 231148 ns
[2025-10-13T23:19:44.956-0700][1201][info ][safepoint   ] Safepoint "ICBufferFull", Time since last: 40151 ns, Reaching safepoint: 179050 ns, Cleanup: 1001 ns, At safepoint: 83797 ns, Total: 263848 ns
[2025-10-13T23:19:44.957-0700][1201][info ][safepoint   ] Safepoint "ICBufferFull", Time since last: 42464 ns, Reaching safepoint: 169996 ns, Cleanup: 1131 ns, At safepoint: 103536 ns, Total: 274663 ns
[2025-10-13T23:19:44.957-0700][1201][info ][safepoint   ] Safepoint "ICBufferFull", Time since last: 43486 ns, Reaching safepoint: 364409 ns, Cleanup: 811 ns, At safepoint: 106381 ns, Total: 471601 ns
[2025-10-13T23:19:44.958-0700][1201][info ][safepoint   ] Safepoint "ICBufferFull", Time since last: 61642 ns, Reaching safepoint: 176757 ns, Cleanup: 3585 ns, At safepoint: 92880 ns, Total: 273222 ns
[2025-10-13T23:19:44.958-0700][1201][info ][safepoint   ] Safepoint "ICBufferFull", Time since last: 35073 ns, Reaching safepoint: 246321 ns, Cleanup: 741 ns, At safepoint: 95955 ns, Total: 343017 ns
[2025-10-13T23:19:44.959-0700][1201][info ][safepoint   ] Safepoint "ICBufferFull", Time since last: 208855 ns, Reaching safepoint: 182685 ns, Cleanup: 5468 ns, At safepoint: 98198 ns, Total: 286351 ns
[2025-10-13T23:19:44.959-0700][1201][info ][safepoint   ] Safepoint "ICBufferFull", Time since last: 49955 ns, Reaching safepoint: 169576 ns, Cleanup: 941 ns, At safepoint: 93371 ns, Total: 263888 ns
[2025-10-13T23:19:44.959-0700][1201][info ][safepoint   ] Safepoint "ICBufferFull", Time since last: 45128 ns, Reaching safepoint: 168854 ns, Cleanup: 1052 ns, At safepoint: 98809 ns, Total: 268715 ns
[2025-10-13T23:19:44.960-0700][1201][info ][safepoint   ] Safepoint "ICBufferFull", Time since last: 274574 ns, Reaching safepoint: 172419 ns, Cleanup: 962 ns, At safepoint: 94632 ns, Total: 268013 ns
[2025-10-13T23:19:44.960-0700][1201][info ][safepoint   ] Safepoint "ICBufferFull", Time since last: 58428 ns, Reaching safepoint: 168094 ns, Cleanup: 1081 ns, At safepoint: 90106 ns, Total: 259281 ns
[2025-10-13T23:19:44.961-0700][1201][info ][safepoint   ] Safepoint "ICBufferFull", Time since last: 31798 ns, Reaching safepoint: 374014 ns, Cleanup: 651 ns, At safepoint: 97226 ns, Total: 471891 ns
[2025-10-13T23:19:45.044-0700][1201][info ][safepoint   ] Safepoint "ICBufferFull", Time since last: 82964814 ns, Reaching safepoint: 497490 ns, Cleanup: 158529 ns, At safepoint: 187833 ns, Total: 843852 ns
[2025-10-13T23:19:45.105-0700][1201][info ][safepoint   ] Safepoint "ICBufferFull", Time since last: 59700608 ns, Reaching safepoint: 538662 ns, Cleanup: 175865 ns, At safepoint: 160041 ns, Total: 874568 ns
[2025-10-13T23:19:45.143-0700][1201][info ][safepoint   ] Safepoint "ICBufferFull", Time since last: 32574254 ns, Reaching safepoint: 4733412 ns, Cleanup: 178349 ns, At safepoint: 189786 ns, Total: 5101547 ns
[2025-10-13T23:19:45.168-0700][1201][info ][safepoint   ] Safepoint "ICBufferFull", Time since last: 24387248 ns, Reaching safepoint: 524189 ns, Cleanup: 168644 ns, At safepoint: 143236 ns, Total: 836069 ns
[2025-10-13T23:19:45.198-0700][1201][info ][safepoint   ] Safepoint "ICBufferFull", Time since last: 28816181 ns, Reaching safepoint: 997864 ns, Cleanup: 205590 ns, At safepoint: 148584 ns, Total: 1352038 ns
[2025-10-13T23:19:45.222-0700][1201][info ][safepoint   ] Safepoint "ICBufferFull", Time since last: 22275545 ns, Reaching safepoint: 992245 ns, Cleanup: 203447 ns, At safepoint: 140652 ns, Total: 1336344 ns
[2025-10-13T23:19:45.229-0700][1201][info ][safepoint   ] Safepoint "ICBufferFull", Time since last: 7115802 ns, Reaching safepoint: 352541 ns, Cleanup: 51999 ns, At safepoint: 107762 ns, Total: 512302 ns
[2025-10-13T23:19:45.235-0700][1201][info ][safepoint   ] Safepoint "ICBufferFull", Time since last: 48934 ns, Reaching safepoint: 5513338 ns, Cleanup: 4446 ns, At safepoint: 117067 ns, Total: 5634851 ns
[2025-10-13T23:19:45.257-0700][1201][info ][safepoint   ] Safepoint "ICBufferFull", Time since last: 19231578 ns, Reaching safepoint: 2603984 ns, Cleanup: 165049 ns, At safepoint: 138839 ns, Total: 2907872 ns
[2025-10-13T23:19:45.257-0700][1201][info ][safepoint   ] Safepoint "ICBufferFull", Time since last: 65178 ns, Reaching safepoint: 287934 ns, Cleanup: 3956 ns, At safepoint: 105259 ns, Total: 397149 ns
[2025-10-13T23:19:45.292-0700][1201][info ][safepoint   ] Safepoint "ICBufferFull", Time since last: 33926601 ns, Reaching safepoint: 472622 ns, Cleanup: 226802 ns, At safepoint: 160001 ns, Total: 859425 ns
[2025-10-13T23:19:45.367-0700][1201][info ][safepoint   ] Safepoint "ICBufferFull", Time since last: 73586052 ns, Reaching safepoint: 532412 ns, Cleanup: 243848 ns, At safepoint: 172409 ns, Total: 948669 ns
[2025-10-13T23:19:45.367-0700][1201][info ][safepoint   ] Safepoint "ICBufferFull", Time since last: 62665 ns, Reaching safepoint: 185489 ns, Cleanup: 3215 ns, At safepoint: 85108 ns, Total: 273812 ns
[2025-10-13T23:19:45.367-0700][1201][info ][safepoint   ] Safepoint "ICBufferFull", Time since last: 29014 ns, Reaching safepoint: 154523 ns, Cleanup: 2884 ns, At safepoint: 93621 ns, Total: 251028 ns
[2025-10-13T23:19:45.428-0700][1201][info ][safepoint   ] Safepoint "ICBufferFull", Time since last: 59726538 ns, Reaching safepoint: 520505 ns, Cleanup: 184928 ns, At safepoint: 135825 ns, Total: 841258 ns
[2025-10-13T23:19:45.480-0700][1201][info ][safepoint   ] Safepoint "ICBufferFull", Time since last: 50760808 ns, Reaching safepoint: 533574 ns, Cleanup: 204708 ns, At safepoint: 132019 ns, Total: 870301 ns
[2025-10-13T23:19:45.480-0700][1201][info ][safepoint   ] Safepoint "ICBufferFull", Time since last: 49445 ns, Reaching safepoint: 296847 ns, Cleanup: 5779 ns, At safepoint: 94412 ns, Total: 397038 ns
[2025-10-13T23:19:45.518-0700][1201][info ][gc,start    ] GC(19) Pause Young (Normal) (G1 Evacuation Pause)
[2025-10-13T23:19:45.518-0700][1201][info ][gc,task     ] GC(19) Using 113 workers of 113 for evacuation
[2025-10-13T23:19:45.521-0700][1201][debug][gc,remset   ] GC(19) Visited cards 316160 Total dirty 655360 (48.24%) Total old 38404096 (0.82%)
[2025-10-13T23:19:45.614-0700][1201][info ][gc,phases   ] GC(19)   Pre Evacuate Collection Set: 0.6ms
[2025-10-13T23:19:45.614-0700][1201][info ][gc,phases   ] GC(19)   Merge Heap Roots: 2.4ms
[2025-10-13T23:19:45.614-0700][1201][info ][gc,phases   ] GC(19)   Evacuate Collection Set: 88.1ms
[2025-10-13T23:19:45.614-0700][1201][info ][gc,phases   ] GC(19)   Post Evacuate Collection Set: 4.2ms
[2025-10-13T23:19:45.614-0700][1201][info ][gc,phases   ] GC(19)   Other: 0.1ms
[2025-10-13T23:19:45.614-0700][1201][debug][gc,remset   ] GC(19) Coarsening (recent): Inline->AoC 0 (0) AoC->Howl 0 (0) Howl->Full 0 (0) Inline->AoC 0 (0) AoC->BitMap 0 (0) BitMap->Full 0 (0) 
[2025-10-13T23:19:45.614-0700][1201][debug][gc,remset   ] GC(19) Coarsening (all): Inline->AoC 175 (0) AoC->Howl 32 (0) Howl->Full 0 (0) Inline->AoC 171 (0) AoC->BitMap 17 (0) BitMap->Full 0 (0) 
[2025-10-13T23:19:45.614-0700][1201][info ][gc,heap     ] GC(19) Eden regions: 266->0(260)
[2025-10-13T23:19:45.614-0700][1201][info ][gc,heap     ] GC(19) Survivor regions: 22->28(36)
[2025-10-13T23:19:45.614-0700][1201][info ][gc,heap     ] GC(19) Old regions: 10->11
[2025-10-13T23:19:45.614-0700][1201][info ][gc,heap     ] GC(19) Humongous regions: 0->0
[2025-10-13T23:19:45.614-0700][1201][info ][gc,metaspace] GC(19) Metaspace: 235845K(238528K)->235845K(238528K) NonClass: 207510K(209024K)->207510K(209024K) Class: 28334K(29504K)->28334K(29504K)
[2025-10-13T23:19:45.614-0700][1201][info ][gc          ] GC(19) Pause Young (Normal) (G1 Evacuation Pause) 9478M->1210M(184320M) 95.493ms
[2025-10-13T23:19:45.614-0700][1201][info ][gc,cpu      ] GC(19) User=1.46s Sys=0.13s Real=0.10s
[2025-10-13T23:19:45.615-0700][1201][info ][safepoint   ] Safepoint "G1CollectForAllocation", Time since last: 36555783 ns, Reaching safepoint: 556158 ns, Cleanup: 171058 ns, At safepoint: 97344892 ns, Total: 98072108 ns
[2025-10-13T23:19:45.673-0700][1201][info ][safepoint   ] Safepoint "ICBufferFull", Time since last: 54138628 ns, Reaching safepoint: 3684011 ns, Cleanup: 195164 ns, At safepoint: 132370 ns, Total: 4011545 ns
[2025-10-13T23:19:45.704-0700][1201][info ][safepoint   ] Safepoint "ICBufferFull", Time since last: 30525256 ns, Reaching safepoint: 472783 ns, Cleanup: 179901 ns, At safepoint: 107472 ns, Total: 760156 ns
[2025-10-13T23:19:45.710-0700][1201][info ][safepoint   ] Safepoint "ICBufferFull", Time since last: 73621 ns, Reaching safepoint: 5552096 ns, Cleanup: 5568 ns, At safepoint: 108924 ns, Total: 5666588 ns
[2025-10-13T23:19:45.710-0700][1201][info ][safepoint   ] Safepoint "ICBufferFull", Time since last: 90867 ns, Reaching safepoint: 284919 ns, Cleanup: 4307 ns, At safepoint: 81743 ns, Total: 370969 ns
[2025-10-13T23:19:45.711-0700][1201][info ][safepoint   ] Safepoint "ICBufferFull", Time since last: 79420 ns, Reaching safepoint: 237067 ns, Cleanup: 9064 ns, At safepoint: 87922 ns, Total: 334053 ns
[2025-10-13T23:19:45.711-0700][1201][info ][safepoint   ] Safepoint "ICBufferFull", Time since last: 139180 ns, Reaching safepoint: 224538 ns, Cleanup: 9595 ns, At safepoint: 73761 ns, Total: 307894 ns
[2025-10-13T23:19:45.712-0700][1201][info ][safepoint   ] Safepoint "ICBufferFull", Time since last: 52359 ns, Reaching safepoint: 194973 ns, Cleanup: 4337 ns, At safepoint: 78328 ns, Total: 277638 ns
[2025-10-13T23:19:45.712-0700][1201][info ][safepoint   ] Safepoint "ICBufferFull", Time since last: 38658 ns, Reaching safepoint: 190357 ns, Cleanup: 1332 ns, At safepoint: 77076 ns, Total: 268765 ns
[2025-10-13T23:19:45.712-0700][1201][info ][safepoint   ] Safepoint "ICBufferFull", Time since last: 35033 ns, Reaching safepoint: 181654 ns, Cleanup: 8152 ns, At safepoint: 77867 ns, Total: 267673 ns
[2025-10-13T23:19:45.712-0700][1201][info ][safepoint   ] Safepoint "ICBufferFull", Time since last: 31858 ns, Reaching safepoint: 187072 ns, Cleanup: 1052 ns, At safepoint: 74843 ns, Total: 262967 ns
[2025-10-13T23:19:45.713-0700][1201][info ][safepoint   ] Safepoint "ICBufferFull", Time since last: 35002 ns, Reaching safepoint: 172210 ns, Cleanup: 1142 ns, At safepoint: 76935 ns, Total: 250287 ns
[2025-10-13T23:19:45.713-0700][1201][info ][safepoint   ] Safepoint "ICBufferFull", Time since last: 29224 ns, Reaching safepoint: 167443 ns, Cleanup: 3956 ns, At safepoint: 76836 ns, Total: 248235 ns
[2025-10-13T23:19:45.713-0700][1201][info ][safepoint   ] Safepoint "ICBufferFull", Time since last: 37456 ns, Reaching safepoint: 170417 ns, Cleanup: 1141 ns, At safepoint: 86331 ns, Total: 257889 ns
[2025-10-13T23:19:45.714-0700][1201][info ][safepoint   ] Safepoint "ICBufferFull", Time since last: 44937 ns, Reaching safepoint: 168084 ns, Cleanup: 4046 ns, At safepoint: 79740 ns, Total: 251870 ns
[2025-10-13T23:19:45.714-0700][1201][info ][safepoint   ] Safepoint "ICBufferFull", Time since last: 52879 ns, Reaching safepoint: 350879 ns, Cleanup: 6650 ns, At safepoint: 75834 ns, Total: 433363 ns
[2025-10-13T23:19:45.714-0700][1201][info ][safepoint   ] Safepoint "ICBufferFull", Time since last: 41653 ns, Reaching safepoint: 173922 ns, Cleanup: 11047 ns, At safepoint: 75514 ns, Total: 260483 ns
[2025-10-13T23:19:45.715-0700][1201][info ][safepoint   ] Safepoint "ICBufferFull", Time since last: 42474 ns, Reaching safepoint: 788187 ns, Cleanup: 7331 ns, At safepoint: 88995 ns, Total: 884513 ns
[2025-10-13T23:19:45.762-0700][1201][info ][safepoint   ] Safepoint "ICBufferFull", Time since last: 46077921 ns, Reaching safepoint: 718583 ns, Cleanup: 190066 ns, At safepoint: 122575 ns, Total: 1031224 ns
[2025-10-13T23:19:45.763-0700][1201][info ][safepoint   ] Safepoint "ICBufferFull", Time since last: 59850 ns, Reaching safepoint: 334344 ns, Cleanup: 7992 ns, At safepoint: 88584 ns, Total: 430920 ns
[2025-10-13T23:19:45.774-0700][1201][info ][safepoint   ] Safepoint "ICBufferFull", Time since last: 9937904 ns, Reaching safepoint: 491841 ns, Cleanup: 70366 ns, At safepoint: 110257 ns, Total: 672464 ns
[2025-10-13T23:19:45.798-0700][1201][info ][safepoint   ] Safepoint "ICBufferFull", Time since last: 23306959 ns, Reaching safepoint: 476168 ns, Cleanup: 144538 ns, At safepoint: 109845 ns, Total: 730551 ns
[2025-10-13T23:19:45.804-0700][1201][info ][safepoint   ] Safepoint "ICBufferFull", Time since last: 54232 ns, Reaching safepoint: 6592393 ns, Cleanup: 4097 ns, At safepoint: 120842 ns, Total: 6717332 ns
[2025-10-13T23:19:45.805-0700][1201][info ][safepoint   ] Safepoint "ICBufferFull", Time since last: 58318 ns, Reaching safepoint: 253722 ns, Cleanup: 7802 ns, At safepoint: 79089 ns, Total: 340613 ns
[2025-10-13T23:19:45.805-0700][1201][info ][safepoint   ] Safepoint "ICBufferFull", Time since last: 36294 ns, Reaching safepoint: 217418 ns, Cleanup: 7381 ns, At safepoint: 80982 ns, Total: 305781 ns
[2025-10-13T23:19:45.815-0700][1201][info ][safepoint   ] Safepoint "ICBufferFull", Time since last: 8897097 ns, Reaching safepoint: 471590 ns, Cleanup: 107883 ns, At safepoint: 116435 ns, Total: 695908 ns
[2025-10-13T23:19:45.852-0700][1201][info ][safepoint   ] Safepoint "ICBufferFull", Time since last: 31885667 ns, Reaching safepoint: 4673301 ns, Cleanup: 205440 ns, At safepoint: 154373 ns, Total: 5033114 ns
[2025-10-13T23:19:45.899-0700][1201][info ][safepoint   ] Safepoint "ICBufferFull", Time since last: 46237151 ns, Reaching safepoint: 491691 ns, Cleanup: 242365 ns, At safepoint: 117557 ns, Total: 851613 ns
[2025-10-13T23:19:45.958-0700][1201][info ][safepoint   ] Safepoint "ICBufferFull", Time since last: 58740843 ns, Reaching safepoint: 434274 ns, Cleanup: 240853 ns, At safepoint: 88153 ns, Total: 763280 ns
[2025-10-13T23:19:46.021-0700][1201][info ][safepoint   ] Safepoint "ICBufferFull", Time since last: 62283641 ns, Reaching safepoint: 519943 ns, Cleanup: 205780 ns, At safepoint: 140242 ns, Total: 865965 ns
[2025-10-13T23:19:46.093-0700][1201][info ][safepoint   ] Safepoint "ICBufferFull", Time since last: 71326727 ns, Reaching safepoint: 500765 ns, Cleanup: 217057 ns, At safepoint: 91508 ns, Total: 809330 ns
[2025-10-13T23:19:46.094-0700][1201][info ][safepoint   ] Safepoint "ICBufferFull", Time since last: 71037 ns, Reaching safepoint: 306582 ns, Cleanup: 9093 ns, At safepoint: 76716 ns, Total: 392391 ns
[2025-10-13T23:19:46.094-0700][1201][info ][safepoint   ] Safepoint "ICBufferFull", Time since last: 50236 ns, Reaching safepoint: 252740 ns, Cleanup: 22995 ns, At safepoint: 65929 ns, Total: 341664 ns
[2025-10-13T23:19:46.095-0700][1201][info ][safepoint   ] Safepoint "ICBufferFull", Time since last: 47402 ns, Reaching safepoint: 229466 ns, Cleanup: 4076 ns, At safepoint: 66800 ns, Total: 300342 ns
[2025-10-13T23:19:46.095-0700][1201][info ][safepoint   ] Safepoint "ICBufferFull", Time since last: 42565 ns, Reaching safepoint: 213191 ns, Cleanup: 6399 ns, At safepoint: 62885 ns, Total: 282475 ns
[2025-10-13T23:19:46.095-0700][1201][info ][safepoint   ] Safepoint "ICBufferFull", Time since last: 35303 ns, Reaching safepoint: 203998 ns, Cleanup: 10856 ns, At safepoint: 66560 ns, Total: 281414 ns
[2025-10-13T23:19:46.096-0700][1201][info ][safepoint   ] Safepoint "ICBufferFull", Time since last: 82094 ns, Reaching safepoint: 197988 ns, Cleanup: 6701 ns, At safepoint: 65158 ns, Total: 269847 ns
[2025-10-13T23:19:46.096-0700][1201][info ][safepoint   ] Safepoint "ICBufferFull", Time since last: 37536 ns, Reaching safepoint: 256527 ns, Cleanup: 1142 ns, At safepoint: 66289 ns, Total: 323958 ns
[2025-10-13T23:19:46.096-0700][1201][info ][safepoint   ] Safepoint "ICBufferFull", Time since last: 33401 ns, Reaching safepoint: 194182 ns, Cleanup: 691 ns, At safepoint: 68183 ns, Total: 263056 ns
[2025-10-13T23:19:46.097-0700][1201][info ][safepoint   ] Safepoint "ICBufferFull", Time since last: 35153 ns, Reaching safepoint: 201884 ns, Cleanup: 1442 ns, At safepoint: 67252 ns, Total: 270578 ns
[2025-10-13T23:19:46.097-0700][1201][info ][safepoint   ] Safepoint "ICBufferFull", Time since last: 34702 ns, Reaching safepoint: 181664 ns, Cleanup: 5658 ns, At safepoint: 71889 ns, Total: 259211 ns
[2025-10-13T23:19:46.097-0700][1201][info ][safepoint   ] Safepoint "ICBufferFull", Time since last: 35623 ns, Reaching safepoint: 177858 ns, Cleanup: 5228 ns, At safepoint: 74973 ns, Total: 258059 ns
[2025-10-13T23:19:46.098-0700][1201][info ][safepoint   ] Safepoint "ICBufferFull", Time since last: 33030 ns, Reaching safepoint: 179260 ns, Cleanup: 9875 ns, At safepoint: 76105 ns, Total: 265240 ns
[2025-10-13T23:19:46.098-0700][1201][info ][safepoint   ] Safepoint "ICBufferFull", Time since last: 43525 ns, Reaching safepoint: 172580 ns, Cleanup: 6971 ns, At safepoint: 68713 ns, Total: 248264 ns
[2025-10-13T23:19:46.098-0700][1201][info ][safepoint   ] Safepoint "ICBufferFull", Time since last: 30276 ns, Reaching safepoint: 165129 ns, Cleanup: 5668 ns, At safepoint: 61213 ns, Total: 232010 ns
[2025-10-13T23:19:46.138-0700][1201][info ][safepoint   ] Safepoint "ICBufferFull", Time since last: 36678448 ns, Reaching safepoint: 2674670 ns, Cleanup: 202766 ns, At safepoint: 123095 ns, Total: 3000531 ns
[2025-10-13T23:19:46.189-0700][1201][info ][safepoint   ] Safepoint "ICBufferFull", Time since last: 46417644 ns, Reaching safepoint: 4680632 ns, Cleanup: 205390 ns, At safepoint: 116285 ns, Total: 5002307 ns
[2025-10-13T23:19:46.197-0700][1201][info ][safepoint   ] Safepoint "ICBufferFull", Time since last: 7261973 ns, Reaching safepoint: 344679 ns, Cleanup: 50326 ns, At safepoint: 83556 ns, Total: 478561 ns
[2025-10-13T23:19:46.204-0700][1201][info ][safepoint   ] Safepoint "ICBufferFull", Time since last: 35273 ns, Reaching safepoint: 6581948 ns, Cleanup: 3205 ns, At safepoint: 99850 ns, Total: 6685003 ns
[2025-10-13T23:19:46.211-0700][1201][info ][safepoint   ] Safepoint "ICBufferFull", Time since last: 6573515 ns, Reaching safepoint: 386583 ns, Cleanup: 24076 ns, At safepoint: 102084 ns, Total: 512743 ns
[2025-10-13T23:19:46.211-0700][1201][info ][safepoint   ] Safepoint "ICBufferFull", Time since last: 40341 ns, Reaching safepoint: 552412 ns, Cleanup: 1002 ns, At safepoint: 77216 ns, Total: 630630 ns
[2025-10-13T23:19:46.260-0700][1201][info ][safepoint   ] Safepoint "ICBufferFull", Time since last: 41959456 ns, Reaching safepoint: 6671823 ns, Cleanup: 171609 ns, At safepoint: 107251 ns, Total: 6950683 ns
[2025-10-13T23:19:46.261-0700][1201][info ][safepoint   ] Safepoint "ICBufferFull", Time since last: 75764 ns, Reaching safepoint: 200222 ns, Cleanup: 1032 ns, At safepoint: 71187 ns, Total: 272441 ns
[2025-10-13T23:19:46.261-0700][1201][info ][safepoint   ] Safepoint "ICBufferFull", Time since last: 32028 ns, Reaching safepoint: 217338 ns, Cleanup: 5708 ns, At safepoint: 67672 ns, Total: 290718 ns
[2025-10-13T23:19:46.261-0700][1201][info ][safepoint   ] Safepoint "ICBufferFull", Time since last: 32369 ns, Reaching safepoint: 215845 ns, Cleanup: 6951 ns, At safepoint: 78188 ns, Total: 300984 ns
[2025-10-13T23:19:46.262-0700][1201][info ][safepoint   ] Safepoint "ICBufferFull", Time since last: 28663 ns, Reaching safepoint: 151298 ns, Cleanup: 1111 ns, At safepoint: 70376 ns, Total: 222785 ns
[2025-10-13T23:19:46.262-0700][1201][info ][safepoint   ] Safepoint "ICBufferFull", Time since last: 28624 ns, Reaching safepoint: 153060 ns, Cleanup: 7822 ns, At safepoint: 67271 ns, Total: 228153 ns
[2025-10-13T23:19:46.308-0700][1201][info ][safepoint   ] Safepoint "ICBufferFull", Time since last: 45014209 ns, Reaching safepoint: 450068 ns, Cleanup: 206501 ns, At safepoint: 86931 ns, Total: 743500 ns
[2025-10-13T23:19:46.361-0700][1201][info ][safepoint   ] Safepoint "ICBufferFull", Time since last: 46646218 ns, Reaching safepoint: 6744203 ns, Cleanup: 180952 ns, At safepoint: 116816 ns, Total: 7041971 ns
[2025-10-13T23:19:46.400-0700][1201][info ][safepoint   ] Safepoint "ICBufferFull", Time since last: 36268952 ns, Reaching safepoint: 2527087 ns, Cleanup: 202566 ns, At safepoint: 83375 ns, Total: 2813028 ns
[2025-10-13T23:19:46.401-0700][1201][info ][safepoint   ] Safepoint "ICBufferFull", Time since last: 58629 ns, Reaching safepoint: 210337 ns, Cleanup: 1242 ns, At safepoint: 72549 ns, Total: 284128 ns
[2025-10-13T23:19:46.401-0700][1201][info ][safepoint   ] Safepoint "ICBufferFull", Time since last: 33621 ns, Reaching safepoint: 151568 ns, Cleanup: 1051 ns, At safepoint: 63777 ns, Total: 216396 ns
[2025-10-13T23:19:46.401-0700][1201][info ][safepoint   ] Safepoint "ICBufferFull", Time since last: 53841 ns, Reaching safepoint: 152820 ns, Cleanup: 1222 ns, At safepoint: 63756 ns, Total: 217798 ns
[2025-10-13T23:19:46.402-0700][1201][info ][safepoint   ] Safepoint "ICBufferFull", Time since last: 67532 ns, Reaching safepoint: 342065 ns, Cleanup: 811 ns, At safepoint: 67953 ns, Total: 410829 ns
[2025-10-13T23:19:46.402-0700][1201][info ][safepoint   ] Safepoint "ICBufferFull", Time since last: 39700 ns, Reaching safepoint: 150767 ns, Cleanup: 991 ns, At safepoint: 72600 ns, Total: 224358 ns
[2025-10-13T23:19:46.402-0700][1201][info ][safepoint   ] Safepoint "ICBufferFull", Time since last: 24917 ns, Reaching safepoint: 150407 ns, Cleanup: 971 ns, At safepoint: 72910 ns, Total: 224288 ns
[2025-10-13T23:19:46.402-0700][1201][info ][safepoint   ] Safepoint "ICBufferFull", Time since last: 41202 ns, Reaching safepoint: 170497 ns, Cleanup: 1002 ns, At safepoint: 78868 ns, Total: 250367 ns
[2025-10-13T23:19:46.403-0700][1201][info ][safepoint   ] Safepoint "ICBufferFull", Time since last: 30296 ns, Reaching safepoint: 151769 ns, Cleanup: 701 ns, At safepoint: 73571 ns, Total: 226041 ns
[2025-10-13T23:19:46.403-0700][1201][info ][safepoint   ] Safepoint "ICBufferFull", Time since last: 27331 ns, Reaching safepoint: 151889 ns, Cleanup: 901 ns, At safepoint: 86961 ns, Total: 239751 ns
[2025-10-13T23:19:46.403-0700][1201][info ][safepoint   ] Safepoint "ICBufferFull", Time since last: 43125 ns, Reaching safepoint: 154944 ns, Cleanup: 5939 ns, At safepoint: 82133 ns, Total: 243016 ns
[2025-10-13T23:19:46.404-0700][1201][info ][safepoint   ] Safepoint "ICBufferFull", Time since last: 25739 ns, Reaching safepoint: 154152 ns, Cleanup: 1162 ns, At safepoint: 73701 ns, Total: 229015 ns
[2025-10-13T23:19:46.404-0700][1201][info ][safepoint   ] Safepoint "ICBufferFull", Time since last: 19770 ns, Reaching safepoint: 149766 ns, Cleanup: 1061 ns, At safepoint: 72550 ns, Total: 223377 ns
[2025-10-13T23:19:46.465-0700][1201][info ][safepoint   ] Safepoint "ICBufferFull", Time since last: 60331829 ns, Reaching safepoint: 1064064 ns, Cleanup: 186160 ns, At safepoint: 71168 ns, Total: 1321392 ns
[2025-10-13T23:19:46.472-0700][1201][info ][safepoint   ] Safepoint "ICBufferFull", Time since last: 71417 ns, Reaching safepoint: 6510540 ns, Cleanup: 842 ns, At safepoint: 94983 ns, Total: 6606365 ns
[2025-10-13T23:19:46.472-0700][1201][info ][safepoint   ] Safepoint "ICBufferFull", Time since last: 80000 ns, Reaching safepoint: 229316 ns, Cleanup: 5408 ns, At safepoint: 76235 ns, Total: 310959 ns
[2025-10-13T23:19:46.473-0700][1201][info ][safepoint   ] Safepoint "ICBufferFull", Time since last: 43636 ns, Reaching safepoint: 160612 ns, Cleanup: 3555 ns, At safepoint: 64577 ns, Total: 228744 ns
[2025-10-13T23:19:46.493-0700][1201][info ][safepoint   ] Safepoint "ICBufferFull", Time since last: 7546231 ns, Reaching safepoint: 13022563 ns, Cleanup: 34522 ns, At safepoint: 120161 ns, Total: 13177246 ns
[2025-10-13T23:19:46.496-0700][1201][info ][safepoint   ] Safepoint "ICBufferFull", Time since last: 79069 ns, Reaching safepoint: 2280487 ns, Cleanup: 1141 ns, At safepoint: 82244 ns, Total: 2363872 ns
[2025-10-13T23:19:46.496-0700][1201][info ][safepoint   ] Safepoint "ICBufferFull", Time since last: 75925 ns, Reaching safepoint: 340973 ns, Cleanup: 762 ns, At safepoint: 74352 ns, Total: 416087 ns
[2025-10-13T23:19:46.497-0700][1201][info ][safepoint   ] Safepoint "ICBufferFull", Time since last: 50676 ns, Reaching safepoint: 158719 ns, Cleanup: 2904 ns, At safepoint: 66300 ns, Total: 227923 ns
[2025-10-13T23:19:46.497-0700][1201][info ][safepoint   ] Safepoint "ICBufferFull", Time since last: 68914 ns, Reaching safepoint: 155815 ns, Cleanup: 3405 ns, At safepoint: 75364 ns, Total: 234584 ns
[2025-10-13T23:19:46.497-0700][1201][info ][safepoint   ] Safepoint "ICBufferFull", Time since last: 33250 ns, Reaching safepoint: 150837 ns, Cleanup: 1032 ns, At safepoint: 75263 ns, Total: 227132 ns
[2025-10-13T23:19:46.498-0700][1201][info ][safepoint   ] Safepoint "ICBufferFull", Time since last: 109245 ns, Reaching safepoint: 152860 ns, Cleanup: 3686 ns, At safepoint: 66189 ns, Total: 222735 ns
[2025-10-13T23:19:46.498-0700][1201][info ][safepoint   ] Safepoint "ICBufferFull", Time since last: 53631 ns, Reaching safepoint: 156045 ns, Cleanup: 8854 ns, At safepoint: 70446 ns, Total: 235345 ns
[2025-10-13T23:19:46.498-0700][1201][info ][safepoint   ] Safepoint "ICBufferFull", Time since last: 40751 ns, Reaching safepoint: 223737 ns, Cleanup: 681 ns, At safepoint: 62695 ns, Total: 287113 ns
[2025-10-13T23:19:46.499-0700][1201][info ][safepoint   ] Safepoint "ICBufferFull", Time since last: 47401 ns, Reaching safepoint: 214684 ns, Cleanup: 611 ns, At safepoint: 63635 ns, Total: 278930 ns
[2025-10-13T23:19:46.499-0700][1201][info ][safepoint   ] Safepoint "ICBufferFull", Time since last: 36245 ns, Reaching safepoint: 149986 ns, Cleanup: 871 ns, At safepoint: 61213 ns, Total: 212070 ns
[2025-10-13T23:19:46.499-0700][1201][info ][safepoint   ] Safepoint "ICBufferFull", Time since last: 40210 ns, Reaching safepoint: 148674 ns, Cleanup: 832 ns, At safepoint: 59239 ns, Total: 208745 ns
[2025-10-13T23:19:46.499-0700][1201][info ][safepoint   ] Safepoint "ICBufferFull", Time since last: 31367 ns, Reaching safepoint: 156195 ns, Cleanup: 802 ns, At safepoint: 70406 ns, Total: 227403 ns
[2025-10-13T23:19:46.500-0700][1201][info ][safepoint   ] Safepoint "ICBufferFull", Time since last: 32819 ns, Reaching safepoint: 213312 ns, Cleanup: 711 ns, At safepoint: 66840 ns, Total: 280863 ns
[2025-10-13T23:19:46.500-0700][1201][info ][safepoint   ] Safepoint "ICBufferFull", Time since last: 28904 ns, Reaching safepoint: 210778 ns, Cleanup: 901 ns, At safepoint: 70426 ns, Total: 282105 ns
[2025-10-13T23:19:46.500-0700][1201][info ][safepoint   ] Safepoint "ICBufferFull", Time since last: 27331 ns, Reaching safepoint: 149245 ns, Cleanup: 3385 ns, At safepoint: 63376 ns, Total: 216006 ns
[2025-10-13T23:19:46.500-0700][1201][info ][safepoint   ] Safepoint "ICBufferFull", Time since last: 25398 ns, Reaching safepoint: 157207 ns, Cleanup: 2984 ns, At safepoint: 65199 ns, Total: 225390 ns
[2025-10-13T23:19:46.501-0700][1201][info ][safepoint   ] Safepoint "ICBufferFull", Time since last: 25778 ns, Reaching safepoint: 149826 ns, Cleanup: 922 ns, At safepoint: 63375 ns, Total: 214123 ns
[2025-10-13T23:19:46.501-0700][1201][info ][safepoint   ] Safepoint "ICBufferFull", Time since last: 24367 ns, Reaching safepoint: 209345 ns, Cleanup: 892 ns, At safepoint: 66640 ns, Total: 276877 ns
[2025-10-13T23:19:46.501-0700][1201][info ][safepoint   ] Safepoint "ICBufferFull", Time since last: 23606 ns, Reaching safepoint: 148083 ns, Cleanup: 861 ns, At safepoint: 62825 ns, Total: 211769 ns
[2025-10-13T23:19:46.501-0700][1201][info ][safepoint   ] Safepoint "ICBufferFull", Time since last: 20611 ns, Reaching safepoint: 150827 ns, Cleanup: 751 ns, At safepoint: 63906 ns, Total: 215484 ns
[2025-10-13T23:19:46.502-0700][1201][info ][safepoint   ] Safepoint "ICBufferFull", Time since last: 25729 ns, Reaching safepoint: 145439 ns, Cleanup: 1112 ns, At safepoint: 64327 ns, Total: 210878 ns
[2025-10-13T23:19:46.502-0700][1201][info ][safepoint   ] Safepoint "ICBufferFull", Time since last: 20311 ns, Reaching safepoint: 146971 ns, Cleanup: 851 ns, At safepoint: 60411 ns, Total: 208233 ns
[2025-10-13T23:19:46.502-0700][1201][info ][safepoint   ] Safepoint "ICBufferFull", Time since last: 20301 ns, Reaching safepoint: 150136 ns, Cleanup: 1092 ns, At safepoint: 63455 ns, Total: 214683 ns
[2025-10-13T23:19:46.502-0700][1201][info ][safepoint   ] Safepoint "ICBufferFull", Time since last: 22004 ns, Reaching safepoint: 155644 ns, Cleanup: 871 ns, At safepoint: 64898 ns, Total: 221413 ns
[2025-10-13T23:19:46.599-0700][1201][info ][safepoint   ] Safepoint "ICBufferFull", Time since last: 95800876 ns, Reaching safepoint: 539403 ns, Cleanup: 194483 ns, At safepoint: 109405 ns, Total: 843291 ns
[2025-10-13T23:19:46.655-0700][1201][info ][safepoint   ] Safepoint "ICBufferFull", Time since last: 55317273 ns, Reaching safepoint: 505031 ns, Cleanup: 180743 ns, At safepoint: 106750 ns, Total: 792524 ns
[2025-10-13T23:19:46.656-0700][1201][info ][safepoint   ] Safepoint "ICBufferFull", Time since last: 47061 ns, Reaching safepoint: 302907 ns, Cleanup: 1522 ns, At safepoint: 61142 ns, Total: 365571 ns
[2025-10-13T23:19:46.676-0700][1201][info ][safepoint   ] Safepoint "ICBufferFull", Time since last: 20348482 ns, Reaching safepoint: 380714 ns, Cleanup: 131688 ns, At safepoint: 62695 ns, Total: 575097 ns
[2025-10-13T23:19:46.688-0700][1201][info ][gc,start    ] GC(20) Pause Young (Normal) (G1 Evacuation Pause)
[2025-10-13T23:19:46.688-0700][1201][info ][gc,task     ] GC(20) Using 113 workers of 113 for evacuation
[2025-10-13T23:19:46.690-0700][1201][debug][gc,remset   ] GC(20) Visited cards 372992 Total dirty 720896 (51.74%) Total old 38469632 (0.97%)
[2025-10-13T23:19:46.802-0700][1201][info ][gc,phases   ] GC(20)   Pre Evacuate Collection Set: 0.5ms
[2025-10-13T23:19:46.802-0700][1201][info ][gc,phases   ] GC(20)   Merge Heap Roots: 1.7ms
[2025-10-13T23:19:46.802-0700][1201][info ][gc,phases   ] GC(20)   Evacuate Collection Set: 108.3ms
[2025-10-13T23:19:46.803-0700][1201][info ][gc,phases   ] GC(20)   Post Evacuate Collection Set: 4.1ms
[2025-10-13T23:19:46.803-0700][1201][info ][gc,phases   ] GC(20)   Other: 0.1ms
[2025-10-13T23:19:46.803-0700][1201][debug][gc,remset   ] GC(20) Coarsening (recent): Inline->AoC 0 (0) AoC->Howl 0 (0) Howl->Full 0 (0) Inline->AoC 0 (0) AoC->BitMap 0 (0) BitMap->Full 0 (0) 
[2025-10-13T23:19:46.803-0700][1201][debug][gc,remset   ] GC(20) Coarsening (all): Inline->AoC 175 (0) AoC->Howl 32 (0) Howl->Full 0 (0) Inline->AoC 171 (0) AoC->BitMap 17 (0) BitMap->Full 0 (0) 
[2025-10-13T23:19:46.803-0700][1201][info ][gc,heap     ] GC(20) Eden regions: 260->0(262)
[2025-10-13T23:19:46.803-0700][1201][info ][gc,heap     ] GC(20) Survivor regions: 28->26(36)
[2025-10-13T23:19:46.803-0700][1201][info ][gc,heap     ] GC(20) Old regions: 11->20
[2025-10-13T23:19:46.803-0700][1201][info ][gc,heap     ] GC(20) Humongous regions: 0->0
[2025-10-13T23:19:46.803-0700][1201][info ][gc,metaspace] GC(20) Metaspace: 248491K(251520K)->248491K(251520K) NonClass: 218508K(220224K)->218508K(220224K) Class: 29982K(31296K)->29982K(31296K)
[2025-10-13T23:19:46.803-0700][1201][info ][gc          ] GC(20) Pause Young (Normal) (G1 Evacuation Pause) 9530M->1429M(184320M) 114.724ms
[2025-10-13T23:19:46.803-0700][1201][info ][gc,cpu      ] GC(20) User=1.63s Sys=0.25s Real=0.12s
[2025-10-13T23:19:46.804-0700][1201][info ][safepoint   ] Safepoint "G1CollectForAllocation", Time since last: 10233289 ns, Reaching safepoint: 298310 ns, Cleanup: 30175 ns, At safepoint: 116576852 ns, Total: 116905337 ns
[2025-10-13T23:19:46.842-0700][1201][info ][safepoint   ] Safepoint "ICBufferFull", Time since last: 37969824 ns, Reaching safepoint: 474164 ns, Cleanup: 216106 ns, At safepoint: 72770 ns, Total: 763040 ns
[2025-10-13T23:19:46.843-0700][1201][info ][safepoint   ] Safepoint "ICBufferFull", Time since last: 51527 ns, Reaching safepoint: 182586 ns, Cleanup: 3555 ns, At safepoint: 59930 ns, Total: 246071 ns
[2025-10-13T23:19:46.848-0700][1201][info ][gc,start    ] GC(21) Pause Young (Concurrent Start) (CodeCache GC Threshold)
[2025-10-13T23:19:46.848-0700][1201][info ][gc,task     ] GC(21) Using 113 workers of 113 for evacuation
[2025-10-13T23:19:46.850-0700][1201][debug][gc,remset   ] GC(21) Visited cards 564736 Total dirty 1310720 (43.09%) Total old 6553600 (8.62%)
[2025-10-13T23:19:46.940-0700][1201][info ][gc,phases   ] GC(21)   Pre Evacuate Collection Set: 0.7ms
[2025-10-13T23:19:46.940-0700][1201][info ][gc,phases   ] GC(21)   Merge Heap Roots: 1.3ms
[2025-10-13T23:19:46.940-0700][1201][info ][gc,phases   ] GC(21)   Evacuate Collection Set: 86.3ms
[2025-10-13T23:19:46.940-0700][1201][info ][gc,phases   ] GC(21)   Post Evacuate Collection Set: 3.3ms
[2025-10-13T23:19:46.940-0700][1201][info ][gc,phases   ] GC(21)   Other: 0.2ms
[2025-10-13T23:19:46.940-0700][1201][debug][gc,remset   ] GC(21) Coarsening (recent): Inline->AoC 0 (0) AoC->Howl 0 (0) Howl->Full 0 (0) Inline->AoC 0 (0) AoC->BitMap 0 (0) BitMap->Full 0 (0) 
[2025-10-13T23:19:46.940-0700][1201][debug][gc,remset   ] GC(21) Coarsening (all): Inline->AoC 175 (0) AoC->Howl 32 (0) Howl->Full 0 (0) Inline->AoC 171 (0) AoC->BitMap 17 (0) BitMap->Full 0 (0) 
[2025-10-13T23:19:46.940-0700][1201][info ][gc,heap     ] GC(21) Eden regions: 14->0(268)
[2025-10-13T23:19:46.940-0700][1201][info ][gc,heap     ] GC(21) Survivor regions: 26->20(36)
[2025-10-13T23:19:46.940-0700][1201][info ][gc,heap     ] GC(21) Old regions: 20->27
[2025-10-13T23:19:46.940-0700][1201][info ][gc,heap     ] GC(21) Humongous regions: 0->0
[2025-10-13T23:19:46.940-0700][1201][info ][gc,metaspace] GC(21) Metaspace: 249091K(252096K)->249091K(252096K) NonClass: 219051K(220736K)->219051K(220736K) Class: 30039K(31360K)->30039K(31360K)
[2025-10-13T23:19:46.940-0700][1201][info ][gc          ] GC(21) Pause Young (Concurrent Start) (CodeCache GC Threshold) 1856M->1483M(184320M) 91.836ms
[2025-10-13T23:19:46.940-0700][1084][info ][gc          ] GC(22) Concurrent Mark Cycle
[2025-10-13T23:19:46.940-0700][1084][info ][gc,marking  ] GC(22) Concurrent Scan Root Regions
[2025-10-13T23:19:46.941-0700][1201][info ][gc,cpu      ] GC(21) User=1.44s Sys=0.28s Real=0.09s
[2025-10-13T23:19:46.941-0700][1201][info ][safepoint   ] Safepoint "G1TryInitiateConcMark", Time since last: 4487552 ns, Reaching safepoint: 318410 ns, Cleanup: 13330 ns, At safepoint: 93865539 ns, Total: 94197279 ns
[2025-10-13T23:19:46.951-0700][1084][info ][gc,marking  ] GC(22) Concurrent Scan Root Regions 10.836ms
[2025-10-13T23:19:46.951-0700][1084][info ][gc,marking  ] GC(22) Concurrent Mark
[2025-10-13T23:19:46.951-0700][1084][info ][gc,marking  ] GC(22) Concurrent Mark From Roots
[2025-10-13T23:19:46.951-0700][1084][info ][gc,task     ] GC(22) Using 36 workers of 36 for marking
[2025-10-13T23:19:46.985-0700][1084][info ][gc,marking  ] GC(22) Concurrent Mark From Roots 33.323ms
[2025-10-13T23:19:46.985-0700][1084][info ][gc,marking  ] GC(22) Concurrent Preclean
[2025-10-13T23:19:46.986-0700][1084][info ][gc,marking  ] GC(22) Concurrent Preclean 1.036ms
[2025-10-13T23:19:46.987-0700][1201][info ][gc,start    ] GC(22) Pause Remark
[2025-10-13T23:19:47.220-0700][1201][info ][gc,mmu      ] GC(22) MMU target violated: 201.0ms (200.0ms/201.0ms)
[2025-10-13T23:19:47.220-0700][1201][info ][gc          ] GC(22) Pause Remark 1889M->1889M(184320M) 232.518ms
[2025-10-13T23:19:47.220-0700][1201][info ][gc,cpu      ] GC(22) User=9.41s Sys=0.00s Real=0.24s
[2025-10-13T23:19:47.221-0700][1201][info ][safepoint   ] Safepoint "G1PauseRemark", Time since last: 44340144 ns, Reaching safepoint: 472692 ns, Cleanup: 147963 ns, At safepoint: 234280571 ns, Total: 234901226 ns
[2025-10-13T23:19:47.221-0700][1084][info ][gc,marking  ] GC(22) Concurrent Mark 269.389ms
[2025-10-13T23:19:47.221-0700][1084][info ][gc,marking  ] GC(22) Concurrent Rebuild Remembered Sets and Scrub Regions
[2025-10-13T23:19:47.233-0700][1084][info ][gc,marking  ] GC(22) Concurrent Rebuild Remembered Sets and Scrub Regions 12.223ms
[2025-10-13T23:19:47.234-0700][1201][info ][gc,start    ] GC(22) Pause Cleanup
[2025-10-13T23:19:47.235-0700][1201][info ][gc          ] GC(22) Pause Cleanup 2010M->2010M(184320M) 0.378ms
[2025-10-13T23:19:47.235-0700][1201][info ][gc,cpu      ] GC(22) User=0.02s Sys=0.00s Real=0.00s
[2025-10-13T23:19:47.236-0700][1201][info ][safepoint   ] Safepoint "G1PauseCleanup", Time since last: 12386634 ns, Reaching safepoint: 526724 ns, Cleanup: 155745 ns, At safepoint: 1965852 ns, Total: 2648321 ns
[2025-10-13T23:19:47.236-0700][1084][info ][gc,marking  ] GC(22) Concurrent Clear Claimed Marks
[2025-10-13T23:19:47.236-0700][1084][info ][gc,marking  ] GC(22) Concurrent Clear Claimed Marks 0.363ms
[2025-10-13T23:19:47.236-0700][1084][info ][gc,marking  ] GC(22) Concurrent Cleanup for Next Mark
[2025-10-13T23:19:47.264-0700][1084][info ][gc,marking  ] GC(22) Concurrent Cleanup for Next Mark 27.827ms
[2025-10-13T23:19:47.264-0700][1084][info ][gc          ] GC(22) Concurrent Mark Cycle 323.552ms
[2025-10-13T23:19:47.399-0700][1201][info ][safepoint   ] Safepoint "ICBufferFull", Time since last: 162905751 ns, Reaching safepoint: 501887 ns, Cleanup: 232820 ns, At safepoint: 108754 ns, Total: 843461 ns
[2025-10-13T23:19:47.485-0700][1201][info ][safepoint   ] Safepoint "ICBufferFull", Time since last: 83750338 ns, Reaching safepoint: 1445127 ns, Cleanup: 161163 ns, At safepoint: 86911 ns, Total: 1693201 ns
[2025-10-13T23:19:47.493-0700][1201][info ][safepoint   ] Safepoint "ICBufferFull", Time since last: 7282634 ns, Reaching safepoint: 1002120 ns, Cleanup: 33120 ns, At safepoint: 66370 ns, Total: 1101610 ns
[2025-10-13T23:19:47.493-0700][1201][info ][safepoint   ] Safepoint "ICBufferFull", Time since last: 38999 ns, Reaching safepoint: 168303 ns, Cleanup: 4847 ns, At safepoint: 62064 ns, Total: 235214 ns
[2025-10-13T23:19:47.598-0700][1201][info ][safepoint   ] Safepoint "ICBufferFull", Time since last: 103788181 ns, Reaching safepoint: 411490 ns, Cleanup: 189376 ns, At safepoint: 62043 ns, Total: 662909 ns
[2025-10-13T23:19:47.751-0700][1201][info ][safepoint   ] Safepoint "ICBufferFull", Time since last: 151114925 ns, Reaching safepoint: 1342923 ns, Cleanup: 176827 ns, At safepoint: 97306 ns, Total: 1617056 ns
[2025-10-13T23:19:47.836-0700][1201][info ][safepoint   ] Safepoint "ICBufferFull", Time since last: 84046003 ns, Reaching safepoint: 529388 ns, Cleanup: 228284 ns, At safepoint: 110296 ns, Total: 867968 ns
[2025-10-13T23:19:47.904-0700][1201][info ][safepoint   ] Safepoint "ICBufferFull", Time since last: 67690318 ns, Reaching safepoint: 508206 ns, Cleanup: 219981 ns, At safepoint: 91468 ns, Total: 819655 ns
[2025-10-13T23:19:47.992-0700][1201][info ][safepoint   ] Safepoint "ICBufferFull", Time since last: 86684479 ns, Reaching safepoint: 1075270 ns, Cleanup: 172270 ns, At safepoint: 81643 ns, Total: 1329183 ns
[2025-10-13T23:19:48.042-0700][1201][info ][safepoint   ] Safepoint "ICBufferFull", Time since last: 49523974 ns, Reaching safepoint: 485682 ns, Cleanup: 186050 ns, At safepoint: 98719 ns, Total: 770451 ns
[2025-10-13T23:19:48.043-0700][1201][info ][safepoint   ] Safepoint "ICBufferFull", Time since last: 65549 ns, Reaching safepoint: 251639 ns, Cleanup: 4647 ns, At safepoint: 92850 ns, Total: 349136 ns
[2025-10-13T23:19:48.043-0700][1201][info ][safepoint   ] Safepoint "ICBufferFull", Time since last: 30095 ns, Reaching safepoint: 161153 ns, Cleanup: 8232 ns, At safepoint: 63847 ns, Total: 233232 ns
[2025-10-13T23:19:48.043-0700][1201][info ][safepoint   ] Safepoint "ICBufferFull", Time since last: 22183 ns, Reaching safepoint: 145559 ns, Cleanup: 4657 ns, At safepoint: 68393 ns, Total: 218609 ns
[2025-10-13T23:19:48.044-0700][1201][info ][safepoint   ] Safepoint "ICBufferFull", Time since last: 22104 ns, Reaching safepoint: 147602 ns, Cleanup: 1082 ns, At safepoint: 67461 ns, Total: 216145 ns
[2025-10-13T23:19:48.094-0700][1201][info ][safepoint   ] Safepoint "ICBufferFull", Time since last: 49406968 ns, Reaching safepoint: 395436 ns, Cleanup: 145489 ns, At safepoint: 64047 ns, Total: 604972 ns
[2025-10-13T23:19:48.126-0700][1201][info ][safepoint   ] Safepoint "ICBufferFull", Time since last: 31297410 ns, Reaching safepoint: 504280 ns, Cleanup: 202495 ns, At safepoint: 96495 ns, Total: 803270 ns
[2025-10-13T23:19:48.133-0700][1201][info ][gc,start    ] GC(23) Pause Young (Prepare Mixed) (G1 Evacuation Pause)
[2025-10-13T23:19:48.133-0700][1201][info ][gc,task     ] GC(23) Using 113 workers of 113 for evacuation
[2025-10-13T23:19:48.136-0700][1201][debug][gc,remset   ] GC(23) Visited cards 669440 Total dirty 1769472 (37.83%) Total old 39518208 (1.69%)
[2025-10-13T23:19:48.233-0700][1201][info ][gc,phases   ] GC(23)   Pre Evacuate Collection Set: 0.5ms
[2025-10-13T23:19:48.233-0700][1201][info ][gc,phases   ] GC(23)   Merge Heap Roots: 2.7ms
[2025-10-13T23:19:48.233-0700][1201][info ][gc,phases   ] GC(23)   Evacuate Collection Set: 93.3ms
[2025-10-13T23:19:48.233-0700][1201][info ][gc,phases   ] GC(23)   Post Evacuate Collection Set: 4.0ms
[2025-10-13T23:19:48.233-0700][1201][info ][gc,phases   ] GC(23)   Other: 0.2ms
[2025-10-13T23:19:48.233-0700][1201][debug][gc,remset   ] GC(23) Coarsening (recent): Inline->AoC 347 (0) AoC->Howl 59 (0) Howl->Full 0 (0) Inline->AoC 363 (0) AoC->BitMap 41 (0) BitMap->Full 0 (0) 
[2025-10-13T23:19:48.233-0700][1201][debug][gc,remset   ] GC(23) Coarsening (all): Inline->AoC 522 (0) AoC->Howl 91 (0) Howl->Full 0 (0) Inline->AoC 534 (0) AoC->BitMap 58 (0) BitMap->Full 0 (0) 
[2025-10-13T23:19:48.233-0700][1201][info ][gc,heap     ] GC(23) Eden regions: 268->0(252)
[2025-10-13T23:19:48.233-0700][1201][info ][gc,heap     ] GC(23) Survivor regions: 20->36(36)
[2025-10-13T23:19:48.233-0700][1201][info ][gc,heap     ] GC(23) Old regions: 27->33
[2025-10-13T23:19:48.233-0700][1201][info ][gc,heap     ] GC(23) Humongous regions: 0->0
[2025-10-13T23:19:48.233-0700][1201][info ][gc,metaspace] GC(23) Metaspace: 259873K(262912K)->259873K(262912K) NonClass: 228408K(230080K)->228408K(230080K) Class: 31464K(32832K)->31464K(32832K)
[2025-10-13T23:19:48.233-0700][1201][info ][gc          ] GC(23) Pause Young (Prepare Mixed) (G1 Evacuation Pause) 10059M->2192M(184320M) 100.913ms
[2025-10-13T23:19:48.234-0700][1201][info ][gc,cpu      ] GC(23) User=2.36s Sys=0.11s Real=0.10s
[2025-10-13T23:19:48.235-0700][1201][info ][safepoint   ] Safepoint "G1CollectForAllocation", Time since last: 5672007 ns, Reaching safepoint: 367824 ns, Cleanup: 61994 ns, At safepoint: 102902686 ns, Total: 103332504 ns
[2025-10-13T23:19:48.264-0700][1201][info ][safepoint   ] Safepoint "ICBufferFull", Time since last: 23069352 ns, Reaching safepoint: 5990677 ns, Cleanup: 180432 ns, At safepoint: 88593 ns, Total: 6259702 ns
[2025-10-13T23:19:48.303-0700][1201][info ][safepoint   ] Safepoint "ICBufferFull", Time since last: 35319180 ns, Reaching safepoint: 3610280 ns, Cleanup: 187303 ns, At safepoint: 93621 ns, Total: 3891204 ns
[2025-10-13T23:19:48.310-0700][1201][info ][safepoint   ] Safepoint "ICBufferFull", Time since last: 6706856 ns, Reaching safepoint: 296326 ns, Cleanup: 20611 ns, At safepoint: 68073 ns, Total: 385010 ns
[2025-10-13T23:19:48.354-0700][1201][info ][safepoint   ] Safepoint "ICBufferFull", Time since last: 42616286 ns, Reaching safepoint: 539172 ns, Cleanup: 223697 ns, At safepoint: 98709 ns, Total: 861578 ns
[2025-10-13T23:19:48.354-0700][1201][info ][safepoint   ] Safepoint "ICBufferFull", Time since last: 68854 ns, Reaching safepoint: 476578 ns, Cleanup: 5067 ns, At safepoint: 61203 ns, Total: 542848 ns
[2025-10-13T23:19:48.412-0700][1201][info ][safepoint   ] Safepoint "ICBufferFull", Time since last: 56131951 ns, Reaching safepoint: 1701273 ns, Cleanup: 211539 ns, At safepoint: 76826 ns, Total: 1989638 ns
[2025-10-13T23:19:48.414-0700][1201][info ][safepoint   ] Safepoint "ICBufferFull", Time since last: 57186 ns, Reaching safepoint: 1317866 ns, Cleanup: 15603 ns, At safepoint: 73481 ns, Total: 1406950 ns
[2025-10-13T23:19:48.416-0700][1201][info ][safepoint   ] Safepoint "ICBufferFull", Time since last: 36956 ns, Reaching safepoint: 1677768 ns, Cleanup: 15363 ns, At safepoint: 74552 ns, Total: 1767683 ns
[2025-10-13T23:19:48.417-0700][1201][info ][safepoint   ] Safepoint "ICBufferFull", Time since last: 58078 ns, Reaching safepoint: 1481833 ns, Cleanup: 15042 ns, At safepoint: 85770 ns, Total: 1582645 ns
[2025-10-13T23:19:48.419-0700][1201][info ][safepoint   ] Safepoint "ICBufferFull", Time since last: 47311 ns, Reaching safepoint: 1794354 ns, Cleanup: 18658 ns, At safepoint: 130667 ns, Total: 1943679 ns
[2025-10-13T23:19:48.422-0700][1201][info ][safepoint   ] Safepoint "ICBufferFull", Time since last: 47111 ns, Reaching safepoint: 2124992 ns, Cleanup: 8883 ns, At safepoint: 102505 ns, Total: 2236380 ns
[2025-10-13T23:19:48.500-0700][1201][info ][safepoint   ] Safepoint "ICBufferFull", Time since last: 76001080 ns, Reaching safepoint: 1912001 ns, Cleanup: 186041 ns, At safepoint: 129835 ns, Total: 2227877 ns
[2025-10-13T23:19:48.502-0700][1201][info ][safepoint   ] Safepoint "ICBufferFull", Time since last: 55464 ns, Reaching safepoint: 1932241 ns, Cleanup: 14883 ns, At safepoint: 112550 ns, Total: 2059674 ns
[2025-10-13T23:19:48.588-0700][1201][info ][safepoint   ] Safepoint "ICBufferFull", Time since last: 81915733 ns, Reaching safepoint: 3303598 ns, Cleanup: 183136 ns, At safepoint: 140151 ns, Total: 3626885 ns
[2025-10-13T23:19:48.592-0700][1201][info ][safepoint   ] Safepoint "ICBufferFull", Time since last: 74722 ns, Reaching safepoint: 3689229 ns, Cleanup: 33240 ns, At safepoint: 174794 ns, Total: 3897263 ns
[2025-10-13T23:19:48.596-0700][1201][info ][safepoint   ] Safepoint "ICBufferFull", Time since last: 72429 ns, Reaching safepoint: 4051505 ns, Cleanup: 20321 ns, At safepoint: 168543 ns, Total: 4240369 ns
[2025-10-13T23:19:48.597-0700][1201][info ][safepoint   ] Safepoint "ICBufferFull", Time since last: 83356 ns, Reaching safepoint: 1171696 ns, Cleanup: 4536 ns, At safepoint: 173031 ns, Total: 1349263 ns
[2025-10-13T23:19:48.598-0700][1201][info ][safepoint   ] Safepoint "ICBufferFull", Time since last: 163236 ns, Reaching safepoint: 910762 ns, Cleanup: 4938 ns, At safepoint: 121293 ns, Total: 1036993 ns
[2025-10-13T23:19:48.599-0700][1201][info ][safepoint   ] Safepoint "ICBufferFull", Time since last: 66320 ns, Reaching safepoint: 849930 ns, Cleanup: 1503 ns, At safepoint: 110676 ns, Total: 962109 ns
[2025-10-13T23:19:48.601-0700][1201][info ][safepoint   ] Safepoint "ICBufferFull", Time since last: 72680 ns, Reaching safepoint: 795298 ns, Cleanup: 1913 ns, At safepoint: 130687 ns, Total: 927898 ns
[2025-10-13T23:19:48.601-0700][1201][info ][safepoint   ] Safepoint "ICBufferFull", Time since last: 126821 ns, Reaching safepoint: 325611 ns, Cleanup: 1803 ns, At safepoint: 141793 ns, Total: 469207 ns
[2025-10-13T23:19:48.602-0700][1201][info ][safepoint   ] Safepoint "ICBufferFull", Time since last: 71638 ns, Reaching safepoint: 804933 ns, Cleanup: 2143 ns, At safepoint: 137257 ns, Total: 944333 ns
[2025-10-13T23:19:48.603-0700][1201][info ][safepoint   ] Safepoint "ICBufferFull", Time since last: 52449 ns, Reaching safepoint: 810151 ns, Cleanup: 8142 ns, At safepoint: 146391 ns, Total: 964684 ns
[2025-10-13T23:19:48.604-0700][1201][info ][safepoint   ] Safepoint "ICBufferFull", Time since last: 85549 ns, Reaching safepoint: 556538 ns, Cleanup: 2184 ns, At safepoint: 139960 ns, Total: 698682 ns
[2025-10-13T23:19:48.604-0700][1201][info ][safepoint   ] Safepoint "ICBufferFull", Time since last: 57707 ns, Reaching safepoint: 355536 ns, Cleanup: 1192 ns, At safepoint: 120622 ns, Total: 477350 ns
[2025-10-13T23:19:48.605-0700][1201][info ][safepoint   ] Safepoint "ICBufferFull", Time since last: 42594 ns, Reaching safepoint: 322596 ns, Cleanup: 1442 ns, At safepoint: 103446 ns, Total: 427484 ns
[2025-10-13T23:19:48.605-0700][1201][info ][safepoint   ] Safepoint "ICBufferFull", Time since last: 44247 ns, Reaching safepoint: 283537 ns, Cleanup: 951 ns, At safepoint: 123066 ns, Total: 407554 ns
[2025-10-13T23:19:48.606-0700][1201][info ][safepoint   ] Safepoint "ICBufferFull", Time since last: 31447 ns, Reaching safepoint: 263828 ns, Cleanup: 1352 ns, At safepoint: 113310 ns, Total: 378490 ns
[2025-10-13T23:19:48.606-0700][1201][info ][safepoint   ] Safepoint "ICBufferFull", Time since last: 32049 ns, Reaching safepoint: 255365 ns, Cleanup: 5918 ns, At safepoint: 106481 ns, Total: 367764 ns
[2025-10-13T23:19:48.727-0700][1201][info ][safepoint   ] Safepoint "ICBufferFull", Time since last: 119523181 ns, Reaching safepoint: 650691 ns, Cleanup: 206691 ns, At safepoint: 145670 ns, Total: 1003052 ns
[2025-10-13T23:19:48.808-0700][1201][info ][safepoint   ] Safepoint "ICBufferFull", Time since last: 76726383 ns, Reaching safepoint: 3778984 ns, Cleanup: 218570 ns, At safepoint: 213972 ns, Total: 4211526 ns
[2025-10-13T23:19:48.902-0700][1201][info ][safepoint   ] Safepoint "ICBufferFull", Time since last: 92928698 ns, Reaching safepoint: 668167 ns, Cleanup: 183817 ns, At safepoint: 168133 ns, Total: 1020117 ns
[2025-10-13T23:19:48.902-0700][1201][info ][safepoint   ] Safepoint "ICBufferFull", Time since last: 51498 ns, Reaching safepoint: 432431 ns, Cleanup: 6360 ns, At safepoint: 118098 ns, Total: 556889 ns
[2025-10-13T23:19:48.984-0700][1201][info ][safepoint   ] Safepoint "ICBufferFull", Time since last: 80555513 ns, Reaching safepoint: 683550 ns, Cleanup: 185440 ns, At safepoint: 168594 ns, Total: 1037584 ns
[2025-10-13T23:19:49.085-0700][1201][info ][safepoint   ] Safepoint "ICBufferFull", Time since last: 100580948 ns, Reaching safepoint: 670551 ns, Cleanup: 188804 ns, At safepoint: 157477 ns, Total: 1016832 ns
[2025-10-13T23:19:49.086-0700][1201][info ][safepoint   ] Safepoint "ICBufferFull", Time since last: 67432 ns, Reaching safepoint: 443488 ns, Cleanup: 1523 ns, At safepoint: 120962 ns, Total: 565973 ns
[2025-10-13T23:19:49.087-0700][1201][info ][safepoint   ] Safepoint "ICBufferFull", Time since last: 33090 ns, Reaching safepoint: 370999 ns, Cleanup: 7271 ns, At safepoint: 114262 ns, Total: 492532 ns
[2025-10-13T23:19:49.201-0700][1201][info ][safepoint   ] Safepoint "ICBufferFull", Time since last: 108426801 ns, Reaching safepoint: 5666108 ns, Cleanup: 182054 ns, At safepoint: 144838 ns, Total: 5993000 ns
[2025-10-13T23:19:49.205-0700][1201][info ][safepoint   ] Safepoint "ICBufferFull", Time since last: 94462 ns, Reaching safepoint: 3872956 ns, Cleanup: 5439 ns, At safepoint: 110516 ns, Total: 3988911 ns
[2025-10-13T23:19:49.206-0700][1201][info ][safepoint   ] Safepoint "ICBufferFull", Time since last: 70366 ns, Reaching safepoint: 365160 ns, Cleanup: 1372 ns, At safepoint: 106130 ns, Total: 472662 ns
[2025-10-13T23:19:49.206-0700][1201][info ][safepoint   ] Safepoint "ICBufferFull", Time since last: 40722 ns, Reaching safepoint: 305300 ns, Cleanup: 1141 ns, At safepoint: 85599 ns, Total: 392040 ns
[2025-10-13T23:19:49.206-0700][1201][info ][safepoint   ] Safepoint "ICBufferFull", Time since last: 41633 ns, Reaching safepoint: 281404 ns, Cleanup: 1052 ns, At safepoint: 86440 ns, Total: 368896 ns
[2025-10-13T23:19:49.207-0700][1201][info ][safepoint   ] Safepoint "ICBufferFull", Time since last: 38909 ns, Reaching safepoint: 213632 ns, Cleanup: 941 ns, At safepoint: 81713 ns, Total: 296286 ns
[2025-10-13T23:19:49.207-0700][1201][info ][safepoint   ] Safepoint "ICBufferFull", Time since last: 37226 ns, Reaching safepoint: 194764 ns, Cleanup: 3605 ns, At safepoint: 80311 ns, Total: 278680 ns
[2025-10-13T23:19:49.207-0700][1201][info ][safepoint   ] Safepoint "ICBufferFull", Time since last: 37867 ns, Reaching safepoint: 221254 ns, Cleanup: 3916 ns, At safepoint: 116415 ns, Total: 341585 ns
[2025-10-13T23:19:49.208-0700][1201][info ][safepoint   ] Safepoint "ICBufferFull", Time since last: 82154 ns, Reaching safepoint: 213431 ns, Cleanup: 8894 ns, At safepoint: 100431 ns, Total: 322756 ns
[2025-10-13T23:19:49.208-0700][1201][info ][safepoint   ] Safepoint "ICBufferFull", Time since last: 38037 ns, Reaching safepoint: 207323 ns, Cleanup: 3585 ns, At safepoint: 85329 ns, Total: 296237 ns
[2025-10-13T23:19:49.209-0700][1201][info ][safepoint   ] Safepoint "ICBufferFull", Time since last: 48663 ns, Reaching safepoint: 217578 ns, Cleanup: 1382 ns, At safepoint: 86971 ns, Total: 305931 ns
[2025-10-13T23:19:49.209-0700][1201][info ][safepoint   ] Safepoint "ICBufferFull", Time since last: 96485 ns, Reaching safepoint: 219802 ns, Cleanup: 4306 ns, At safepoint: 80862 ns, Total: 304970 ns
[2025-10-13T23:19:49.209-0700][1201][info ][safepoint   ] Safepoint "ICBufferFull", Time since last: 89345 ns, Reaching safepoint: 216606 ns, Cleanup: 1122 ns, At safepoint: 83656 ns, Total: 301384 ns
[2025-10-13T23:19:49.210-0700][1201][info ][safepoint   ] Safepoint "ICBufferFull", Time since last: 33701 ns, Reaching safepoint: 203556 ns, Cleanup: 1092 ns, At safepoint: 85819 ns, Total: 290467 ns
[2025-10-13T23:19:49.210-0700][1201][info ][safepoint   ] Safepoint "ICBufferFull", Time since last: 30065 ns, Reaching safepoint: 205150 ns, Cleanup: 1161 ns, At safepoint: 83086 ns, Total: 289397 ns
[2025-10-13T23:19:49.210-0700][1201][info ][safepoint   ] Safepoint "ICBufferFull", Time since last: 32398 ns, Reaching safepoint: 219581 ns, Cleanup: 511 ns, At safepoint: 91748 ns, Total: 311840 ns
[2025-10-13T23:19:49.211-0700][1201][info ][safepoint   ] Safepoint "ICBufferFull", Time since last: 38859 ns, Reaching safepoint: 214313 ns, Cleanup: 1372 ns, At safepoint: 88613 ns, Total: 304298 ns
[2025-10-13T23:19:49.211-0700][1201][info ][safepoint   ] Safepoint "ICBufferFull", Time since last: 37807 ns, Reaching safepoint: 216076 ns, Cleanup: 1202 ns, At safepoint: 85148 ns, Total: 302426 ns
[2025-10-13T23:19:49.211-0700][1201][info ][safepoint   ] Safepoint "ICBufferFull", Time since last: 50236 ns, Reaching safepoint: 223306 ns, Cleanup: 5168 ns, At safepoint: 86811 ns, Total: 315285 ns
[2025-10-13T23:19:49.212-0700][1201][info ][safepoint   ] Safepoint "ICBufferFull", Time since last: 42464 ns, Reaching safepoint: 217908 ns, Cleanup: 1272 ns, At safepoint: 86611 ns, Total: 305791 ns
[2025-10-13T23:19:49.212-0700][1201][info ][safepoint   ] Safepoint "ICBufferFull", Time since last: 28833 ns, Reaching safepoint: 215024 ns, Cleanup: 1162 ns, At safepoint: 84988 ns, Total: 301174 ns
[2025-10-13T23:19:49.212-0700][1201][info ][safepoint   ] Safepoint "ICBufferFull", Time since last: 32639 ns, Reaching safepoint: 218239 ns, Cleanup: 6410 ns, At safepoint: 87451 ns, Total: 312100 ns
[2025-10-13T23:19:49.213-0700][1201][info ][safepoint   ] Safepoint "ICBufferFull", Time since last: 28173 ns, Reaching safepoint: 211428 ns, Cleanup: 1342 ns, At safepoint: 81713 ns, Total: 294483 ns
[2025-10-13T23:19:49.213-0700][1201][info ][safepoint   ] Safepoint "ICBufferFull", Time since last: 26851 ns, Reaching safepoint: 214133 ns, Cleanup: 1081 ns, At safepoint: 85249 ns, Total: 300463 ns
[2025-10-13T23:19:49.312-0700][1201][info ][safepoint   ] Safepoint "ICBufferFull", Time since last: 91262927 ns, Reaching safepoint: 7069924 ns, Cleanup: 187592 ns, At safepoint: 234954 ns, Total: 7492470 ns
[2025-10-13T23:19:49.313-0700][1201][info ][safepoint   ] Safepoint "ICBufferFull", Time since last: 88263 ns, Reaching safepoint: 788428 ns, Cleanup: 10727 ns, At safepoint: 129635 ns, Total: 928790 ns
[2025-10-13T23:19:49.313-0700][1201][info ][safepoint   ] Safepoint "ICBufferFull", Time since last: 50276 ns, Reaching safepoint: 367303 ns, Cleanup: 821 ns, At safepoint: 111679 ns, Total: 479803 ns
[2025-10-13T23:19:49.314-0700][1201][info ][safepoint   ] Safepoint "ICBufferFull", Time since last: 37216 ns, Reaching safepoint: 304529 ns, Cleanup: 3385 ns, At safepoint: 103355 ns, Total: 411269 ns
[2025-10-13T23:19:49.314-0700][1201][info ][safepoint   ] Safepoint "ICBufferFull", Time since last: 34542 ns, Reaching safepoint: 275345 ns, Cleanup: 1292 ns, At safepoint: 123587 ns, Total: 400224 ns
[2025-10-13T23:19:49.315-0700][1201][info ][safepoint   ] Safepoint "ICBufferFull", Time since last: 29314 ns, Reaching safepoint: 259491 ns, Cleanup: 3545 ns, At safepoint: 104337 ns, Total: 367373 ns
[2025-10-13T23:19:49.315-0700][1201][info ][safepoint   ] Safepoint "ICBufferFull", Time since last: 36265 ns, Reaching safepoint: 245971 ns, Cleanup: 10045 ns, At safepoint: 98608 ns, Total: 354624 ns
[2025-10-13T23:19:49.327-0700][1201][info ][safepoint   ] Safepoint "ICBufferFull", Time since last: 11568272 ns, Reaching safepoint: 628937 ns, Cleanup: 35594 ns, At safepoint: 128554 ns, Total: 793085 ns
[2025-10-13T23:19:49.328-0700][1201][info ][safepoint   ] Safepoint "ICBufferFull", Time since last: 49985 ns, Reaching safepoint: 412562 ns, Cleanup: 1602 ns, At safepoint: 91758 ns, Total: 505922 ns
[2025-10-13T23:19:49.328-0700][1201][info ][safepoint   ] Safepoint "ICBufferFull", Time since last: 32129 ns, Reaching safepoint: 339441 ns, Cleanup: 8092 ns, At safepoint: 83737 ns, Total: 431270 ns
[2025-10-13T23:19:49.330-0700][1201][info ][gc,start    ] GC(24) Pause Young (Mixed) (G1 Evacuation Pause)
[2025-10-13T23:19:49.330-0700][1201][info ][gc,task     ] GC(24) Using 113 workers of 113 for evacuation
[2025-10-13T23:19:49.335-0700][1201][debug][gc,remset   ] GC(24) Visited cards 930816 Total dirty 2097152 (44.38%) Total old 39976960 (2.33%)
[2025-10-13T23:19:49.504-0700][1201][info ][gc,phases   ] GC(24)   Pre Evacuate Collection Set: 0.6ms
[2025-10-13T23:19:49.504-0700][1201][info ][gc,phases   ] GC(24)   Merge Heap Roots: 4.2ms
[2025-10-13T23:19:49.504-0700][1201][info ][gc,phases   ] GC(24)   Evacuate Collection Set: 165.9ms
[2025-10-13T23:19:49.504-0700][1201][info ][gc,phases   ] GC(24)   Post Evacuate Collection Set: 3.5ms
[2025-10-13T23:19:49.504-0700][1201][info ][gc,phases   ] GC(24)   Other: 0.2ms
[2025-10-13T23:19:49.504-0700][1201][debug][gc,remset   ] GC(24) Coarsening (recent): Inline->AoC 0 (0) AoC->Howl 0 (0) Howl->Full 0 (0) Inline->AoC 0 (0) AoC->BitMap 0 (0) BitMap->Full 0 (0) 
[2025-10-13T23:19:49.504-0700][1201][debug][gc,remset   ] GC(24) Coarsening (all): Inline->AoC 522 (0) AoC->Howl 91 (0) Howl->Full 0 (0) Inline->AoC 534 (0) AoC->BitMap 58 (0) BitMap->Full 0 (0) 
[2025-10-13T23:19:49.504-0700][1201][info ][gc,heap     ] GC(24) Eden regions: 252->0(256)
[2025-10-13T23:19:49.504-0700][1201][info ][gc,heap     ] GC(24) Survivor regions: 36->32(36)
[2025-10-13T23:19:49.504-0700][1201][info ][gc,heap     ] GC(24) Old regions: 33->67
[2025-10-13T23:19:49.504-0700][1201][info ][gc,heap     ] GC(24) Humongous regions: 0->0
[2025-10-13T23:19:49.504-0700][1201][info ][gc,metaspace] GC(24) Metaspace: 268586K(271936K)->268586K(271936K) NonClass: 236436K(238336K)->236436K(238336K) Class: 32150K(33600K)->32150K(33600K)
[2025-10-13T23:19:49.504-0700][1201][info ][gc          ] GC(24) Pause Young (Mixed) (G1 Evacuation Pause) 10256M->3122M(184320M) 174.584ms
[2025-10-13T23:19:49.505-0700][1201][info ][gc,cpu      ] GC(24) User=3.26s Sys=0.17s Real=0.17s
[2025-10-13T23:19:49.506-0700][1201][info ][safepoint   ] Safepoint "G1CollectForAllocation", Time since last: 28833 ns, Reaching safepoint: 295405 ns, Cleanup: 4697 ns, At safepoint: 176959388 ns, Total: 177259490 ns
[2025-10-13T23:19:49.509-0700][1201][info ][safepoint   ] Safepoint "ICBufferFull", Time since last: 42644 ns, Reaching safepoint: 2930756 ns, Cleanup: 58809 ns, At safepoint: 156125 ns, Total: 3145690 ns
[2025-10-13T23:19:49.510-0700][1201][info ][safepoint   ] Safepoint "ICBufferFull", Time since last: 58088 ns, Reaching safepoint: 718853 ns, Cleanup: 8353 ns, At safepoint: 150226 ns, Total: 877432 ns
[2025-10-13T23:19:49.578-0700][1201][info ][safepoint   ] Safepoint "ICBufferFull", Time since last: 67183554 ns, Reaching safepoint: 631792 ns, Cleanup: 183997 ns, At safepoint: 135835 ns, Total: 951624 ns
[2025-10-13T23:19:49.578-0700][1201][info ][safepoint   ] Safepoint "ICBufferFull", Time since last: 70016 ns, Reaching safepoint: 314834 ns, Cleanup: 3375 ns, At safepoint: 110487 ns, Total: 428696 ns
[2025-10-13T23:19:49.579-0700][1201][info ][safepoint   ] Safepoint "ICBufferFull", Time since last: 41472 ns, Reaching safepoint: 232941 ns, Cleanup: 1082 ns, At safepoint: 108954 ns, Total: 342977 ns
[2025-10-13T23:19:49.579-0700][1201][info ][safepoint   ] Safepoint "ICBufferFull", Time since last: 33290 ns, Reaching safepoint: 212090 ns, Cleanup: 10876 ns, At safepoint: 96856 ns, Total: 319822 ns
[2025-10-13T23:19:49.580-0700][1201][info ][safepoint   ] Safepoint "ICBufferFull", Time since last: 37336 ns, Reaching safepoint: 198880 ns, Cleanup: 3896 ns, At safepoint: 94202 ns, Total: 296978 ns
[2025-10-13T23:19:49.580-0700][1201][info ][safepoint   ] Safepoint "ICBufferFull", Time since last: 32619 ns, Reaching safepoint: 200993 ns, Cleanup: 1081 ns, At safepoint: 95044 ns, Total: 297118 ns
[2025-10-13T23:19:49.580-0700][1201][info ][safepoint   ] Safepoint "ICBufferFull", Time since last: 29033 ns, Reaching safepoint: 199421 ns, Cleanup: 931 ns, At safepoint: 92359 ns, Total: 292711 ns
[2025-10-13T23:19:49.581-0700][1201][info ][safepoint   ] Safepoint "ICBufferFull", Time since last: 30727 ns, Reaching safepoint: 209065 ns, Cleanup: 3765 ns, At safepoint: 92079 ns, Total: 304909 ns
[2025-10-13T23:19:49.581-0700][1201][info ][safepoint   ] Safepoint "ICBufferFull", Time since last: 25759 ns, Reaching safepoint: 199971 ns, Cleanup: 1012 ns, At safepoint: 88313 ns, Total: 289296 ns
[2025-10-13T23:19:49.581-0700][1201][info ][safepoint   ] Safepoint "ICBufferFull", Time since last: 29665 ns, Reaching safepoint: 200301 ns, Cleanup: 902 ns, At safepoint: 90436 ns, Total: 291639 ns
[2025-10-13T23:19:49.581-0700][1201][info ][safepoint   ] Safepoint "ICBufferFull", Time since last: 21072 ns, Reaching safepoint: 206070 ns, Cleanup: 1022 ns, At safepoint: 94642 ns, Total: 301734 ns
[2025-10-13T23:19:49.689-0700][1201][info ][safepoint   ] Safepoint "ICBufferFull", Time since last: 106096310 ns, Reaching safepoint: 843791 ns, Cleanup: 188935 ns, At safepoint: 353803 ns, Total: 1386529 ns
[2025-10-13T23:19:49.690-0700][1201][info ][safepoint   ] Safepoint "ICBufferFull", Time since last: 107642 ns, Reaching safepoint: 569007 ns, Cleanup: 5569 ns, At safepoint: 276216 ns, Total: 850792 ns
[2025-10-13T23:19:49.692-0700][1201][info ][safepoint   ] Safepoint "ICBufferFull", Time since last: 642148 ns, Reaching safepoint: 819384 ns, Cleanup: 9465 ns, At safepoint: 313232 ns, Total: 1142081 ns
[2025-10-13T23:19:49.693-0700][1201][info ][safepoint   ] Safepoint "ICBufferFull", Time since last: 149325 ns, Reaching safepoint: 491901 ns, Cleanup: 6800 ns, At safepoint: 264509 ns, Total: 763210 ns
[2025-10-13T23:19:49.693-0700][1201][info ][safepoint   ] Safepoint "ICBufferFull", Time since last: 59219 ns, Reaching safepoint: 378400 ns, Cleanup: 6770 ns, At safepoint: 182205 ns, Total: 567375 ns
[2025-10-13T23:19:49.694-0700][1201][info ][safepoint   ] Safepoint "ICBufferFull", Time since last: 41392 ns, Reaching safepoint: 256847 ns, Cleanup: 1392 ns, At safepoint: 161564 ns, Total: 419803 ns
[2025-10-13T23:19:49.945-0700][1201][info ][safepoint   ] Safepoint "ICBufferFull", Time since last: 249585012 ns, Reaching safepoint: 837252 ns, Cleanup: 190427 ns, At safepoint: 475276 ns, Total: 1502955 ns
[2025-10-13T23:19:49.949-0700][1201][info ][safepoint   ] Safepoint "ICBufferFull", Time since last: 3239772 ns, Reaching safepoint: 697571 ns, Cleanup: 18097 ns, At safepoint: 397098 ns, Total: 1112766 ns
[2025-10-13T23:19:49.954-0700][1201][info ][safepoint   ] Safepoint "ICBufferFull", Time since last: 4170985 ns, Reaching safepoint: 697191 ns, Cleanup: 22163 ns, At safepoint: 419713 ns, Total: 1139067 ns
[2025-10-13T23:19:49.960-0700][1201][info ][safepoint   ] Safepoint "ICBufferFull", Time since last: 4640833 ns, Reaching safepoint: 820856 ns, Cleanup: 29124 ns, At safepoint: 514666 ns, Total: 1364646 ns
[2025-10-13T23:19:49.967-0700][1201][info ][safepoint   ] Safepoint "ICBufferFull", Time since last: 4784069 ns, Reaching safepoint: 856200 ns, Cleanup: 14962 ns, At safepoint: 554836 ns, Total: 1425998 ns
[2025-10-13T23:19:49.973-0700][1201][info ][safepoint   ] Safepoint "ICBufferFull", Time since last: 4593923 ns, Reaching safepoint: 860917 ns, Cleanup: 10706 ns, At safepoint: 586674 ns, Total: 1458297 ns
[2025-10-13T23:19:49.979-0700][1201][info ][safepoint   ] Safepoint "ICBufferFull", Time since last: 5088868 ns, Reaching safepoint: 837592 ns, Cleanup: 11718 ns, At safepoint: 575347 ns, Total: 1424657 ns
[2025-10-13T23:19:49.985-0700][1201][info ][safepoint   ] Safepoint "ICBufferFull", Time since last: 4604228 ns, Reaching safepoint: 789619 ns, Cleanup: 3946 ns, At safepoint: 454115 ns, Total: 1247680 ns
[2025-10-13T23:19:49.992-0700][1201][info ][safepoint   ] Safepoint "ICBufferFull", Time since last: 5907531 ns, Reaching safepoint: 821969 ns, Cleanup: 9204 ns, At safepoint: 532392 ns, Total: 1363565 ns
[2025-10-13T23:19:49.998-0700][1201][info ][safepoint   ] Safepoint "ICBufferFull", Time since last: 4370586 ns, Reaching safepoint: 793565 ns, Cleanup: 15374 ns, At safepoint: 581486 ns, Total: 1390425 ns
[2025-10-13T23:19:50.006-0700][1201][info ][safepoint   ] Safepoint "ICBufferFull", Time since last: 6452813 ns, Reaching safepoint: 814107 ns, Cleanup: 19018 ns, At safepoint: 624872 ns, Total: 1457997 ns
[2025-10-13T23:19:50.012-0700][1201][info ][safepoint   ] Safepoint "ICBufferFull", Time since last: 4222653 ns, Reaching safepoint: 835469 ns, Cleanup: 15283 ns, At safepoint: 575597 ns, Total: 1426349 ns
[2025-10-13T23:19:50.025-0700][1201][info ][safepoint   ] Safepoint "ICBufferFull", Time since last: 11580510 ns, Reaching safepoint: 794727 ns, Cleanup: 19199 ns, At safepoint: 741147 ns, Total: 1555073 ns
[2025-10-13T23:19:50.033-0700][1201][info ][safepoint   ] Safepoint "ICBufferFull", Time since last: 7236494 ns, Reaching safepoint: 825234 ns, Cleanup: 8983 ns, At safepoint: 535648 ns, Total: 1369865 ns
[2025-10-13T23:19:50.043-0700][1201][info ][safepoint   ] Safepoint "ICBufferFull", Time since last: 7817730 ns, Reaching safepoint: 798312 ns, Cleanup: 26601 ns, At safepoint: 534705 ns, Total: 1359618 ns
[2025-10-13T23:19:50.068-0700][1201][info ][safepoint   ] Safepoint "ICBufferFull", Time since last: 6438672 ns, Reaching safepoint: 17793492 ns, Cleanup: 12879 ns, At safepoint: 932646 ns, Total: 18739017 ns
[2025-10-13T23:19:50.084-0700][1201][info ][safepoint   ] Safepoint "ICBufferFull", Time since last: 14477535 ns, Reaching safepoint: 813886 ns, Cleanup: 3636 ns, At safepoint: 618241 ns, Total: 1435763 ns
[2025-10-13T23:19:50.097-0700][1201][info ][safepoint   ] Safepoint "ICBufferFull", Time since last: 11564416 ns, Reaching safepoint: 735979 ns, Cleanup: 34101 ns, At safepoint: 644431 ns, Total: 1414511 ns
[2025-10-13T23:19:50.110-0700][1201][info ][safepoint   ] Safepoint "ICBufferFull", Time since last: 11696856 ns, Reaching safepoint: 689338 ns, Cleanup: 10716 ns, At safepoint: 674517 ns, Total: 1374571 ns
[2025-10-13T23:19:50.120-0700][1201][info ][safepoint   ] Safepoint "ICBufferFull", Time since last: 7592150 ns, Reaching safepoint: 918404 ns, Cleanup: 9504 ns, At safepoint: 1943919 ns, Total: 2871827 ns
[2025-10-13T23:19:50.137-0700][1201][info ][safepoint   ] Safepoint "ICBufferFull", Time since last: 15361998 ns, Reaching safepoint: 916041 ns, Cleanup: 13330 ns, At safepoint: 765263 ns, Total: 1694634 ns
[2025-10-13T23:19:50.153-0700][1201][info ][safepoint   ] Safepoint "ICBufferFull", Time since last: 10992774 ns, Reaching safepoint: 1234050 ns, Cleanup: 33971 ns, At safepoint: 3688798 ns, Total: 4956819 ns
[2025-10-13T23:19:50.171-0700][1201][info ][safepoint   ] Safepoint "ICBufferFull", Time since last: 13067631 ns, Reaching safepoint: 4175632 ns, Cleanup: 26770 ns, At safepoint: 782940 ns, Total: 4985342 ns
[2025-10-13T23:19:50.197-0700][1201][info ][safepoint   ] Safepoint "ICBufferFull", Time since last: 15990685 ns, Reaching safepoint: 2405024 ns, Cleanup: 36255 ns, At safepoint: 7631329 ns, Total: 10072608 ns
[2025-10-13T23:19:50.211-0700][1201][info ][safepoint   ] Safepoint "ICBufferFull", Time since last: 7904010 ns, Reaching safepoint: 4392298 ns, Cleanup: 55143 ns, At safepoint: 1306249 ns, Total: 5753690 ns
[2025-10-13T23:19:50.216-0700][1201][info ][safepoint   ] Safepoint "ICBufferFull", Time since last: 3584721 ns, Reaching safepoint: 885695 ns, Cleanup: 14191 ns, At safepoint: 878274 ns, Total: 1778160 ns
[2025-10-13T23:19:50.239-0700][1201][info ][safepoint   ] Safepoint "ICBufferFull", Time since last: 10905973 ns, Reaching safepoint: 927137 ns, Cleanup: 20431 ns, At safepoint: 10818822 ns, Total: 11766390 ns
[2025-10-13T23:19:50.263-0700][1201][info ][safepoint   ] Safepoint "ICBufferFull", Time since last: 11230462 ns, Reaching safepoint: 1046768 ns, Cleanup: 8432 ns, At safepoint: 11939671 ns, Total: 12994871 ns
[2025-10-13T23:19:50.288-0700][1201][info ][safepoint   ] Safepoint "ICBufferFull", Time since last: 13302034 ns, Reaching safepoint: 3176186 ns, Cleanup: 17977 ns, At safepoint: 8495772 ns, Total: 11689935 ns
[2025-10-13T23:19:50.295-0700][1201][info ][safepoint   ] Safepoint "ICBufferFull", Time since last: 1296874 ns, Reaching safepoint: 4055732 ns, Cleanup: 3104 ns, At safepoint: 1217585 ns, Total: 5276421 ns
[2025-10-13T23:19:50.311-0700][1201][info ][safepoint   ] Safepoint "ICBufferFull", Time since last: 12436570 ns, Reaching safepoint: 3037026 ns, Cleanup: 8403 ns, At safepoint: 1079136 ns, Total: 4124565 ns
[2025-10-13T23:19:50.325-0700][1201][info ][safepoint   ] Safepoint "ICBufferFull", Time since last: 3913587 ns, Reaching safepoint: 8995104 ns, Cleanup: 2804 ns, At safepoint: 1123163 ns, Total: 10121071 ns
[2025-10-13T23:19:50.340-0700][1201][info ][safepoint   ] Safepoint "ICBufferFull", Time since last: 12066652 ns, Reaching safepoint: 1133738 ns, Cleanup: 13040 ns, At safepoint: 1043532 ns, Total: 2190310 ns
[2025-10-13T23:19:50.368-0700][1201][info ][safepoint   ] Safepoint "ICBufferFull", Time since last: 21614870 ns, Reaching safepoint: 5178994 ns, Cleanup: 10606 ns, At safepoint: 1259468 ns, Total: 6449068 ns
[2025-10-13T23:19:50.392-0700][1201][info ][safepoint   ] Safepoint "ICBufferFull", Time since last: 10539902 ns, Reaching safepoint: 12409789 ns, Cleanup: 18658 ns, At safepoint: 1193619 ns, Total: 13622066 ns
[2025-10-13T23:19:50.443-0700][1201][info ][safepoint   ] Safepoint "ICBufferFull", Time since last: 9372773 ns, Reaching safepoint: 40314718 ns, Cleanup: 13650 ns, At safepoint: 1611378 ns, Total: 41939746 ns
[2025-10-13T23:19:50.448-0700][1201][info ][safepoint   ] Safepoint "ICBufferFull", Time since last: 2101477 ns, Reaching safepoint: 1434852 ns, Cleanup: 2684 ns, At safepoint: 1056923 ns, Total: 2494459 ns
[2025-10-13T23:19:50.469-0700][1201][info ][safepoint   ] Safepoint "ICBufferFull", Time since last: 15467747 ns, Reaching safepoint: 4267560 ns, Cleanup: 20481 ns, At safepoint: 1308822 ns, Total: 5596863 ns
[2025-10-13T23:19:50.505-0700][1201][info ][safepoint   ] Safepoint "ICBufferFull", Time since last: 18919899 ns, Reaching safepoint: 12606737 ns, Cleanup: 9244 ns, At safepoint: 4847824 ns, Total: 17463805 ns
[2025-10-13T23:19:50.520-0700][1201][info ][safepoint   ] Safepoint "ICBufferFull", Time since last: 6148645 ns, Reaching safepoint: 3074834 ns, Cleanup: 7631 ns, At safepoint: 5763375 ns, Total: 8845840 ns
[2025-10-13T23:19:50.556-0700][1201][info ][safepoint   ] Safepoint "ICBufferFull", Time since last: 25032670 ns, Reaching safepoint: 9463419 ns, Cleanup: 27622 ns, At safepoint: 1283003 ns, Total: 10774044 ns
[2025-10-13T23:19:50.572-0700][1201][info ][safepoint   ] Safepoint "ICBufferFull", Time since last: 4194060 ns, Reaching safepoint: 1095611 ns, Cleanup: 2393 ns, At safepoint: 10615606 ns, Total: 11713610 ns
[2025-10-13T23:19:50.621-0700][1201][info ][safepoint   ] Safepoint "ICBufferFull", Time since last: 10344177 ns, Reaching safepoint: 29928588 ns, Cleanup: 22373 ns, At safepoint: 9041434 ns, Total: 38992395 ns
[2025-10-13T23:19:50.666-0700][1201][info ][safepoint   ] Safepoint "ICBufferFull", Time since last: 9004829 ns, Reaching safepoint: 31416910 ns, Cleanup: 24817 ns, At safepoint: 3762760 ns, Total: 35204487 ns
[2025-10-13T23:19:50.676-0700][1201][info ][safepoint   ] Safepoint "ICBufferFull", Time since last: 7744660 ns, Reaching safepoint: 1046056 ns, Cleanup: 12229 ns, At safepoint: 1564036 ns, Total: 2622321 ns
[2025-10-13T23:19:50.724-0700][1201][info ][safepoint   ] Safepoint "ICBufferFull", Time since last: 27377053 ns, Reaching safepoint: 12593877 ns, Cleanup: 33300 ns, At safepoint: 7803609 ns, Total: 20430786 ns
[2025-10-13T23:19:50.784-0700][1201][info ][safepoint   ] Safepoint "ICBufferFull", Time since last: 10655326 ns, Reaching safepoint: 35841797 ns, Cleanup: 34272 ns, At safepoint: 13348183 ns, Total: 49224252 ns
[2025-10-13T23:19:50.871-0700][1201][info ][safepoint   ] Safepoint "ICBufferFull", Time since last: 17877639 ns, Reaching safepoint: 68788512 ns, Cleanup: 60942 ns, At safepoint: 765163 ns, Total: 69614617 ns
[2025-10-13T23:19:50.931-0700][1201][info ][safepoint   ] Safepoint "ICBufferFull", Time since last: 12237710 ns, Reaching safepoint: 46831958 ns, Cleanup: 16715 ns, At safepoint: 976962 ns, Total: 47825635 ns
[2025-10-13T23:19:50.952-0700][1201][info ][safepoint   ] Safepoint "ICBufferFull", Time since last: 6569239 ns, Reaching safepoint: 14038964 ns, Cleanup: 16335 ns, At safepoint: 568857 ns, Total: 14624156 ns
[2025-10-13T23:19:50.955-0700][1201][info ][safepoint   ] Safepoint "ICBufferFull", Time since last: 1049452 ns, Reaching safepoint: 565121 ns, Cleanup: 2834 ns, At safepoint: 651051 ns, Total: 1219006 ns
[2025-10-13T23:19:50.960-0700][1201][info ][safepoint   ] Safepoint "ICBufferFull", Time since last: 4307511 ns, Reaching safepoint: 711232 ns, Cleanup: 3145 ns, At safepoint: 435336 ns, Total: 1149713 ns
[2025-10-13T23:19:50.965-0700][1201][info ][safepoint   ] Safepoint "ICBufferFull", Time since last: 3715859 ns, Reaching safepoint: 638352 ns, Cleanup: 9314 ns, At safepoint: 389016 ns, Total: 1036682 ns
[2025-10-13T23:19:50.969-0700][1201][info ][safepoint   ] Safepoint "ICBufferFull", Time since last: 2371784 ns, Reaching safepoint: 897833 ns, Cleanup: 11627 ns, At safepoint: 470078 ns, Total: 1379538 ns
[2025-10-13T23:19:50.972-0700][1201][info ][safepoint   ] Safepoint "ICBufferFull", Time since last: 2644035 ns, Reaching safepoint: 606083 ns, Cleanup: 15533 ns, At safepoint: 407695 ns, Total: 1029311 ns
[2025-10-13T23:19:50.975-0700][1201][info ][safepoint   ] Safepoint "ICBufferFull", Time since last: 2149068 ns, Reaching safepoint: 639874 ns, Cleanup: 14161 ns, At safepoint: 408716 ns, Total: 1062751 ns
[2025-10-13T23:19:50.977-0700][1201][info ][safepoint   ] Safepoint "ICBufferFull", Time since last: 981619 ns, Reaching safepoint: 479423 ns, Cleanup: 2694 ns, At safepoint: 364219 ns, Total: 846336 ns
[2025-10-13T23:19:50.986-0700][1201][info ][safepoint   ] Safepoint "ICBufferFull", Time since last: 7671169 ns, Reaching safepoint: 1073798 ns, Cleanup: 22614 ns, At safepoint: 401585 ns, Total: 1497997 ns
[2025-10-13T23:19:50.990-0700][1201][info ][safepoint   ] Safepoint "ICBufferFull", Time since last: 2771346 ns, Reaching safepoint: 758042 ns, Cleanup: 14923 ns, At safepoint: 425941 ns, Total: 1198906 ns
[2025-10-13T23:19:50.993-0700][1201][info ][safepoint   ] Safepoint "ICBufferFull", Time since last: 1393580 ns, Reaching safepoint: 643891 ns, Cleanup: 3815 ns, At safepoint: 479052 ns, Total: 1126758 ns
[2025-10-13T23:19:50.996-0700][1201][info ][safepoint   ] Safepoint "ICBufferFull", Time since last: 746385 ns, Reaching safepoint: 1675034 ns, Cleanup: 9534 ns, At safepoint: 416758 ns, Total: 2101326 ns
[2025-10-13T23:19:50.997-0700][1201][info ][safepoint   ] Safepoint "ICBufferFull", Time since last: 767036 ns, Reaching safepoint: 539383 ns, Cleanup: 1833 ns, At safepoint: 419572 ns, Total: 960788 ns
[2025-10-13T23:19:51.000-0700][1201][info ][safepoint   ] Safepoint "ICBufferFull", Time since last: 1163102 ns, Reaching safepoint: 551662 ns, Cleanup: 11737 ns, At safepoint: 420574 ns, Total: 983973 ns
[2025-10-13T23:19:51.002-0700][1201][info ][safepoint   ] Safepoint "ICBufferFull", Time since last: 1032596 ns, Reaching safepoint: 797201 ns, Cleanup: 7942 ns, At safepoint: 395256 ns, Total: 1200399 ns
[2025-10-13T23:19:51.007-0700][1201][info ][safepoint   ] Safepoint "ICBufferFull", Time since last: 3544971 ns, Reaching safepoint: 848519 ns, Cleanup: 15744 ns, At safepoint: 428235 ns, Total: 1292498 ns
[2025-10-13T23:19:51.008-0700][1201][info ][safepoint   ] Safepoint "ICBufferFull", Time since last: 612413 ns, Reaching safepoint: 585061 ns, Cleanup: 8393 ns, At safepoint: 429157 ns, Total: 1022611 ns
[2025-10-13T23:19:51.014-0700][1201][info ][safepoint   ] Safepoint "ICBufferFull", Time since last: 4043923 ns, Reaching safepoint: 787547 ns, Cleanup: 23425 ns, At safepoint: 472713 ns, Total: 1283685 ns
[2025-10-13T23:19:51.019-0700][1201][info ][safepoint   ] Safepoint "ICBufferFull", Time since last: 3597280 ns, Reaching safepoint: 752344 ns, Cleanup: 23695 ns, At safepoint: 459483 ns, Total: 1235522 ns
[2025-10-13T23:19:51.025-0700][1201][info ][safepoint   ] Safepoint "ICBufferFull", Time since last: 1919162 ns, Reaching safepoint: 3784803 ns, Cleanup: 16655 ns, At safepoint: 360263 ns, Total: 4161721 ns
[2025-10-13T23:19:51.030-0700][1201][info ][safepoint   ] Safepoint "ICBufferFull", Time since last: 3706074 ns, Reaching safepoint: 1026707 ns, Cleanup: 14051 ns, At safepoint: 518462 ns, Total: 1559220 ns
[2025-10-13T23:19:51.032-0700][1201][info ][safepoint   ] Safepoint "ICBufferFull", Time since last: 605602 ns, Reaching safepoint: 610089 ns, Cleanup: 7432 ns, At safepoint: 471640 ns, Total: 1089161 ns
[2025-10-13T23:19:51.034-0700][1201][info ][safepoint   ] Safepoint "ICBufferFull", Time since last: 871784 ns, Reaching safepoint: 1413460 ns, Cleanup: 29965 ns, At safepoint: 594285 ns, Total: 2037710 ns
[2025-10-13T23:19:51.044-0700][1201][info ][safepoint   ] Safepoint "ICBufferFull", Time since last: 3279041 ns, Reaching safepoint: 5570214 ns, Cleanup: 32308 ns, At safepoint: 371811 ns, Total: 5974333 ns
[2025-10-13T23:19:51.050-0700][1201][info ][safepoint   ] Safepoint "ICBufferFull", Time since last: 4825441 ns, Reaching safepoint: 783801 ns, Cleanup: 15613 ns, At safepoint: 460434 ns, Total: 1259848 ns
[2025-10-13T23:19:51.055-0700][1201][info ][safepoint   ] Safepoint "ICBufferFull", Time since last: 3714507 ns, Reaching safepoint: 814598 ns, Cleanup: 12218 ns, At safepoint: 459032 ns, Total: 1285848 ns
[2025-10-13T23:19:51.058-0700][1201][info ][safepoint   ] Safepoint "ICBufferFull", Time since last: 1693522 ns, Reaching safepoint: 712253 ns, Cleanup: 9795 ns, At safepoint: 456538 ns, Total: 1178586 ns
[2025-10-13T23:19:51.062-0700][1201][info ][safepoint   ] Safepoint "ICBufferFull", Time since last: 3458511 ns, Reaching safepoint: 699404 ns, Cleanup: 30356 ns, At safepoint: 402366 ns, Total: 1132126 ns
[2025-10-13T23:19:51.065-0700][1201][info ][safepoint   ] Safepoint "ICBufferFull", Time since last: 1588163 ns, Reaching safepoint: 519553 ns, Cleanup: 18227 ns, At safepoint: 377359 ns, Total: 915139 ns
[2025-10-13T23:19:51.071-0700][1201][info ][safepoint   ] Safepoint "ICBufferFull", Time since last: 5261648 ns, Reaching safepoint: 668828 ns, Cleanup: 8523 ns, At safepoint: 259421 ns, Total: 936772 ns
[2025-10-13T23:19:51.072-0700][1201][info ][safepoint   ] Safepoint "ICBufferFull", Time since last: 578662 ns, Reaching safepoint: 376157 ns, Cleanup: 1372 ns, At safepoint: 292000 ns, Total: 669529 ns
[2025-10-13T23:19:51.075-0700][1201][info ][safepoint   ] Safepoint "ICBufferFull", Time since last: 1751168 ns, Reaching safepoint: 571141 ns, Cleanup: 8092 ns, At safepoint: 390479 ns, Total: 969712 ns
[2025-10-13T23:19:51.079-0700][1201][info ][safepoint   ] Safepoint "ICBufferFull", Time since last: 2926449 ns, Reaching safepoint: 676490 ns, Cleanup: 3926 ns, At safepoint: 419572 ns, Total: 1099988 ns
[2025-10-13T23:19:51.081-0700][1201][info ][safepoint   ] Safepoint "ICBufferFull", Time since last: 1537006 ns, Reaching safepoint: 487795 ns, Cleanup: 2874 ns, At safepoint: 391510 ns, Total: 882179 ns
[2025-10-13T23:19:51.086-0700][1201][info ][safepoint   ] Safepoint "ICBufferFull", Time since last: 3310949 ns, Reaching safepoint: 589058 ns, Cleanup: 8002 ns, At safepoint: 388275 ns, Total: 985335 ns
[2025-10-13T23:19:51.091-0700][1201][info ][safepoint   ] Safepoint "ICBufferFull", Time since last: 3653906 ns, Reaching safepoint: 1057653 ns, Cleanup: 21903 ns, At safepoint: 547455 ns, Total: 1627011 ns
[2025-10-13T23:19:51.094-0700][1201][info ][safepoint   ] Safepoint "ICBufferFull", Time since last: 1965081 ns, Reaching safepoint: 657641 ns, Cleanup: 12489 ns, At safepoint: 461826 ns, Total: 1131956 ns
[2025-10-13T23:19:51.109-0700][1201][info ][safepoint   ] Safepoint "ICBufferFull", Time since last: 8723214 ns, Reaching safepoint: 5758998 ns, Cleanup: 38739 ns, At safepoint: 300552 ns, Total: 6098289 ns
[2025-10-13T23:19:51.110-0700][1201][info ][safepoint   ] Safepoint "ICBufferFull", Time since last: 453704 ns, Reaching safepoint: 591051 ns, Cleanup: 14241 ns, At safepoint: 391740 ns, Total: 997032 ns
[2025-10-13T23:19:51.111-0700][1201][info ][safepoint   ] Safepoint "ICBufferFull", Time since last: 370008 ns, Reaching safepoint: 491841 ns, Cleanup: 9825 ns, At safepoint: 286442 ns, Total: 788108 ns
[2025-10-13T23:19:51.112-0700][1201][info ][safepoint   ] Safepoint "ICBufferFull", Time since last: 185970 ns, Reaching safepoint: 408365 ns, Cleanup: 1302 ns, At safepoint: 253041 ns, Total: 662708 ns
[2025-10-13T23:19:51.113-0700][1201][info ][safepoint   ] Safepoint "ICBufferFull", Time since last: 220743 ns, Reaching safepoint: 390528 ns, Cleanup: 1683 ns, At safepoint: 256647 ns, Total: 648858 ns
[2025-10-13T23:19:51.114-0700][1201][info ][safepoint   ] Safepoint "ICBufferFull", Time since last: 185810 ns, Reaching safepoint: 369176 ns, Cleanup: 2474 ns, At safepoint: 186471 ns, Total: 558121 ns
[2025-10-13T23:19:51.115-0700][1201][info ][safepoint   ] Safepoint "ICBufferFull", Time since last: 749559 ns, Reaching safepoint: 304519 ns, Cleanup: 12479 ns, At safepoint: 79880 ns, Total: 396878 ns
[2025-10-13T23:19:51.116-0700][1201][info ][safepoint   ] Safepoint "ICBufferFull", Time since last: 219531 ns, Reaching safepoint: 287914 ns, Cleanup: 1512 ns, At safepoint: 172700 ns, Total: 462126 ns
[2025-10-13T23:19:51.116-0700][1201][info ][safepoint   ] Safepoint "ICBufferFull", Time since last: 144919 ns, Reaching safepoint: 264588 ns, Cleanup: 1172 ns, At safepoint: 106511 ns, Total: 372271 ns
[2025-10-13T23:19:51.117-0700][1201][info ][safepoint   ] Safepoint "ICBufferFull", Time since last: 75163 ns, Reaching safepoint: 310999 ns, Cleanup: 681 ns, At safepoint: 131788 ns, Total: 443468 ns
[2025-10-13T23:19:51.117-0700][1201][info ][safepoint   ] Safepoint "ICBufferFull", Time since last: 98489 ns, Reaching safepoint: 247793 ns, Cleanup: 1242 ns, At safepoint: 117497 ns, Total: 366532 ns
[2025-10-13T23:19:51.118-0700][1201][info ][safepoint   ] Safepoint "ICBufferFull", Time since last: 123836 ns, Reaching safepoint: 244679 ns, Cleanup: 962 ns, At safepoint: 108283 ns, Total: 353924 ns
[2025-10-13T23:19:51.118-0700][1201][info ][safepoint   ] Safepoint "ICBufferFull", Time since last: 152840 ns, Reaching safepoint: 241915 ns, Cleanup: 1111 ns, At safepoint: 118869 ns, Total: 361895 ns
[2025-10-13T23:19:51.119-0700][1201][info ][safepoint   ] Safepoint "ICBufferFull", Time since last: 89545 ns, Reaching safepoint: 221053 ns, Cleanup: 1162 ns, At safepoint: 91618 ns, Total: 313833 ns
[2025-10-13T23:19:51.119-0700][1201][info ][safepoint   ] Safepoint "ICBufferFull", Time since last: 77928 ns, Reaching safepoint: 251989 ns, Cleanup: 892 ns, At safepoint: 147262 ns, Total: 400143 ns
[2025-10-13T23:19:51.120-0700][1201][info ][safepoint   ] Safepoint "ICBufferFull", Time since last: 142725 ns, Reaching safepoint: 224037 ns, Cleanup: 1052 ns, At safepoint: 91538 ns, Total: 316627 ns
[2025-10-13T23:19:51.120-0700][1201][info ][safepoint   ] Safepoint "ICBufferFull", Time since last: 276506 ns, Reaching safepoint: 219341 ns, Cleanup: 3966 ns, At safepoint: 78208 ns, Total: 301515 ns
[2025-10-13T23:19:51.121-0700][1201][info ][safepoint   ] Safepoint "ICBufferFull", Time since last: 130176 ns, Reaching safepoint: 241664 ns, Cleanup: 1252 ns, At safepoint: 135784 ns, Total: 378700 ns
[2025-10-13T23:19:51.121-0700][1201][info ][safepoint   ] Safepoint "ICBufferFull", Time since last: 158760 ns, Reaching safepoint: 264268 ns, Cleanup: 911 ns, At safepoint: 146491 ns, Total: 411670 ns
[2025-10-13T23:19:51.122-0700][1201][info ][safepoint   ] Safepoint "ICBufferFull", Time since last: 207513 ns, Reaching safepoint: 235435 ns, Cleanup: 1171 ns, At safepoint: 95845 ns, Total: 332451 ns
[2025-10-13T23:19:51.122-0700][1201][info ][safepoint   ] Safepoint "ICBufferFull", Time since last: 324569 ns, Reaching safepoint: 241003 ns, Cleanup: 12008 ns, At safepoint: 67031 ns, Total: 320042 ns
[2025-10-13T23:19:51.123-0700][1201][info ][safepoint   ] Safepoint "ICBufferFull", Time since last: 134252 ns, Reaching safepoint: 242686 ns, Cleanup: 1132 ns, At safepoint: 117657 ns, Total: 361475 ns
[2025-10-13T23:19:51.123-0700][1201][info ][safepoint   ] Safepoint "ICBufferFull", Time since last: 174553 ns, Reaching safepoint: 243046 ns, Cleanup: 1052 ns, At safepoint: 90446 ns, Total: 334544 ns
[2025-10-13T23:19:51.124-0700][1201][info ][safepoint   ] Safepoint "ICBufferFull", Time since last: 95614 ns, Reaching safepoint: 239852 ns, Cleanup: 991 ns, At safepoint: 127352 ns, Total: 368195 ns
[2025-10-13T23:19:51.124-0700][1201][info ][safepoint   ] Safepoint "ICBufferFull", Time since last: 127562 ns, Reaching safepoint: 252280 ns, Cleanup: 1082 ns, At safepoint: 109625 ns, Total: 362987 ns
[2025-10-13T23:19:51.125-0700][1201][info ][safepoint   ] Safepoint "ICBufferFull", Time since last: 112940 ns, Reaching safepoint: 235014 ns, Cleanup: 1072 ns, At safepoint: 101844 ns, Total: 337930 ns
[2025-10-13T23:19:51.125-0700][1201][info ][safepoint   ] Safepoint "ICBufferFull", Time since last: 243456 ns, Reaching safepoint: 264269 ns, Cleanup: 4657 ns, At safepoint: 75814 ns, Total: 344740 ns
[2025-10-13T23:19:51.126-0700][1201][info ][safepoint   ] Safepoint "ICBufferFull", Time since last: 448295 ns, Reaching safepoint: 259251 ns, Cleanup: 4927 ns, At safepoint: 85319 ns, Total: 349497 ns
[2025-10-13T23:19:51.127-0700][1201][info ][safepoint   ] Safepoint "ICBufferFull", Time since last: 140371 ns, Reaching safepoint: 234814 ns, Cleanup: 1102 ns, At safepoint: 109405 ns, Total: 345321 ns
[2025-10-13T23:19:51.127-0700][1201][info ][safepoint   ] Safepoint "ICBufferFull", Time since last: 208194 ns, Reaching safepoint: 218679 ns, Cleanup: 941 ns, At safepoint: 68524 ns, Total: 288144 ns
[2025-10-13T23:19:51.128-0700][1201][info ][safepoint   ] Safepoint "ICBufferFull", Time since last: 134362 ns, Reaching safepoint: 241464 ns, Cleanup: 1042 ns, At safepoint: 118638 ns, Total: 361144 ns
[2025-10-13T23:19:51.128-0700][1201][info ][safepoint   ] Safepoint "ICBufferFull", Time since last: 108424 ns, Reaching safepoint: 350097 ns, Cleanup: 521 ns, At safepoint: 117317 ns, Total: 467935 ns
[2025-10-13T23:19:51.129-0700][1201][info ][safepoint   ] Safepoint "ICBufferFull", Time since last: 161413 ns, Reaching safepoint: 292120 ns, Cleanup: 812 ns, At safepoint: 91598 ns, Total: 384530 ns
[2025-10-13T23:19:51.129-0700][1201][info ][safepoint   ] Safepoint "ICBufferFull", Time since last: 242956 ns, Reaching safepoint: 225559 ns, Cleanup: 912 ns, At safepoint: 80661 ns, Total: 307132 ns
[2025-10-13T23:19:51.130-0700][1201][info ][safepoint   ] Safepoint "ICBufferFull", Time since last: 158800 ns, Reaching safepoint: 234143 ns, Cleanup: 941 ns, At safepoint: 113060 ns, Total: 348144 ns
[2025-10-13T23:19:51.130-0700][1201][info ][safepoint   ] Safepoint "ICBufferFull", Time since last: 268986 ns, Reaching safepoint: 224227 ns, Cleanup: 671 ns, At safepoint: 67662 ns, Total: 292560 ns
[2025-10-13T23:19:51.131-0700][1201][info ][safepoint   ] Safepoint "ICBufferFull", Time since last: 130367 ns, Reaching safepoint: 236376 ns, Cleanup: 1052 ns, At safepoint: 108453 ns, Total: 345881 ns
[2025-10-13T23:19:51.131-0700][1201][info ][safepoint   ] Safepoint "ICBufferFull", Time since last: 194974 ns, Reaching safepoint: 219200 ns, Cleanup: 1032 ns, At safepoint: 71568 ns, Total: 291800 ns
[2025-10-13T23:19:51.132-0700][1201][info ][safepoint   ] Safepoint "ICBufferFull", Time since last: 121342 ns, Reaching safepoint: 265450 ns, Cleanup: 1102 ns, At safepoint: 129715 ns, Total: 396267 ns
[2025-10-13T23:19:51.132-0700][1201][info ][safepoint   ] Safepoint "ICBufferFull", Time since last: 155405 ns, Reaching safepoint: 257478 ns, Cleanup: 1101 ns, At safepoint: 121604 ns, Total: 380183 ns
[2025-10-13T23:19:51.133-0700][1201][info ][safepoint   ] Safepoint "ICBufferFull", Time since last: 129184 ns, Reaching safepoint: 230788 ns, Cleanup: 891 ns, At safepoint: 96806 ns, Total: 328485 ns
[2025-10-13T23:19:51.133-0700][1201][info ][safepoint   ] Safepoint "ICBufferFull", Time since last: 215024 ns, Reaching safepoint: 245480 ns, Cleanup: 861 ns, At safepoint: 103216 ns, Total: 349557 ns
[2025-10-13T23:19:51.134-0700][1201][info ][safepoint   ] Safepoint "ICBufferFull", Time since last: 158739 ns, Reaching safepoint: 241534 ns, Cleanup: 1112 ns, At safepoint: 91818 ns, Total: 334464 ns
[2025-10-13T23:19:51.134-0700][1201][info ][safepoint   ] Safepoint "ICBufferFull", Time since last: 121774 ns, Reaching safepoint: 247142 ns, Cleanup: 1052 ns, At safepoint: 94872 ns, Total: 343066 ns
[2025-10-13T23:19:51.135-0700][1201][info ][safepoint   ] Safepoint "ICBufferFull", Time since last: 229376 ns, Reaching safepoint: 228224 ns, Cleanup: 1072 ns, At safepoint: 79880 ns, Total: 309176 ns
[2025-10-13T23:19:51.135-0700][1201][info ][safepoint   ] Safepoint "ICBufferFull", Time since last: 110657 ns, Reaching safepoint: 249826 ns, Cleanup: 942 ns, At safepoint: 136335 ns, Total: 387103 ns
[2025-10-13T23:19:51.136-0700][1201][info ][safepoint   ] Safepoint "ICBufferFull", Time since last: 109044 ns, Reaching safepoint: 266772 ns, Cleanup: 1042 ns, At safepoint: 112169 ns, Total: 379983 ns
[2025-10-13T23:19:51.136-0700][1201][info ][safepoint   ] Safepoint "ICBufferFull", Time since last: 95614 ns, Reaching safepoint: 233842 ns, Cleanup: 1392 ns, At safepoint: 98930 ns, Total: 334164 ns
[2025-10-13T23:19:51.137-0700][1201][info ][safepoint   ] Safepoint "ICBufferFull", Time since last: 217477 ns, Reaching safepoint: 229817 ns, Cleanup: 1041 ns, At safepoint: 99149 ns, Total: 330007 ns
[2025-10-13T23:19:51.137-0700][1201][info ][safepoint   ] Safepoint "ICBufferFull", Time since last: 155415 ns, Reaching safepoint: 226401 ns, Cleanup: 1122 ns, At safepoint: 117957 ns, Total: 345480 ns
[2025-10-13T23:19:51.138-0700][1201][info ][safepoint   ] Safepoint "ICBufferFull", Time since last: 100602 ns, Reaching safepoint: 257568 ns, Cleanup: 1212 ns, At safepoint: 137247 ns, Total: 396027 ns
[2025-10-13T23:19:51.138-0700][1201][info ][safepoint   ] Safepoint "ICBufferFull", Time since last: 96886 ns, Reaching safepoint: 248925 ns, Cleanup: 1201 ns, At safepoint: 126561 ns, Total: 376687 ns
[2025-10-13T23:19:51.139-0700][1201][info ][safepoint   ] Safepoint "ICBufferFull", Time since last: 83526 ns, Reaching safepoint: 246051 ns, Cleanup: 1001 ns, At safepoint: 127062 ns, Total: 374114 ns
[2025-10-13T23:19:51.139-0700][1201][info ][safepoint   ] Safepoint "ICBufferFull", Time since last: 283357 ns, Reaching safepoint: 241544 ns, Cleanup: 1382 ns, At safepoint: 88042 ns, Total: 330968 ns
[2025-10-13T23:19:51.140-0700][1201][info ][safepoint   ] Safepoint "ICBufferFull", Time since last: 103356 ns, Reaching safepoint: 278259 ns, Cleanup: 1062 ns, At safepoint: 132860 ns, Total: 412181 ns
[2025-10-13T23:19:51.140-0700][1201][info ][safepoint   ] Safepoint "ICBufferFull", Time since last: 108153 ns, Reaching safepoint: 242285 ns, Cleanup: 982 ns, At safepoint: 105128 ns, Total: 348395 ns
[2025-10-13T23:19:51.141-0700][1201][info ][safepoint   ] Safepoint "ICBufferFull", Time since last: 196256 ns, Reaching safepoint: 248625 ns, Cleanup: 1021 ns, At safepoint: 93671 ns, Total: 343317 ns
[2025-10-13T23:19:51.142-0700][1201][info ][safepoint   ] Safepoint "ICBufferFull", Time since last: 241524 ns, Reaching safepoint: 225480 ns, Cleanup: 1242 ns, At safepoint: 78077 ns, Total: 304799 ns
[2025-10-13T23:19:51.142-0700][1201][info ][safepoint   ] Safepoint "ICBufferFull", Time since last: 233202 ns, Reaching safepoint: 220292 ns, Cleanup: 1272 ns, At safepoint: 83816 ns, Total: 305380 ns
[2025-10-13T23:19:51.143-0700][1201][info ][safepoint   ] Safepoint "ICBufferFull", Time since last: 467545 ns, Reaching safepoint: 242575 ns, Cleanup: 942 ns, At safepoint: 72519 ns, Total: 316036 ns
[2025-10-13T23:19:51.143-0700][1201][info ][safepoint   ] Safepoint "ICBufferFull", Time since last: 186381 ns, Reaching safepoint: 218809 ns, Cleanup: 681 ns, At safepoint: 71939 ns, Total: 291429 ns
[2025-10-13T23:19:51.144-0700][1201][info ][safepoint   ] Safepoint "ICBufferFull", Time since last: 180602 ns, Reaching safepoint: 227473 ns, Cleanup: 1011 ns, At safepoint: 81733 ns, Total: 310217 ns
[2025-10-13T23:19:51.144-0700][1201][info ][safepoint   ] Safepoint "ICBufferFull", Time since last: 99540 ns, Reaching safepoint: 238560 ns, Cleanup: 1121 ns, At safepoint: 123547 ns, Total: 363228 ns
[2025-10-13T23:19:51.145-0700][1201][info ][safepoint   ] Safepoint "ICBufferFull", Time since last: 133951 ns, Reaching safepoint: 248495 ns, Cleanup: 1222 ns, At safepoint: 73220 ns, Total: 322937 ns
[2025-10-13T23:19:51.145-0700][1201][info ][safepoint   ] Safepoint "ICBufferFull", Time since last: 198439 ns, Reaching safepoint: 244238 ns, Cleanup: 1322 ns, At safepoint: 85098 ns, Total: 330658 ns
[2025-10-13T23:19:51.146-0700][1201][info ][safepoint   ] Safepoint "ICBufferFull", Time since last: 110948 ns, Reaching safepoint: 239921 ns, Cleanup: 1132 ns, At safepoint: 95073 ns, Total: 336126 ns
[2025-10-13T23:19:51.146-0700][1201][info ][safepoint   ] Safepoint "ICBufferFull", Time since last: 134913 ns, Reaching safepoint: 224489 ns, Cleanup: 1101 ns, At safepoint: 71378 ns, Total: 296968 ns
[2025-10-13T23:19:51.147-0700][1201][info ][safepoint   ] Safepoint "ICBufferFull", Time since last: 104517 ns, Reaching safepoint: 240423 ns, Cleanup: 1131 ns, At safepoint: 107582 ns, Total: 349136 ns
[2025-10-13T23:19:51.147-0700][1201][info ][safepoint   ] Safepoint "ICBufferFull", Time since last: 166020 ns, Reaching safepoint: 220623 ns, Cleanup: 911 ns, At safepoint: 78028 ns, Total: 299562 ns
[2025-10-13T23:19:51.148-0700][1201][info ][safepoint   ] Safepoint "ICBufferFull", Time since last: 104888 ns, Reaching safepoint: 230287 ns, Cleanup: 1142 ns, At safepoint: 89625 ns, Total: 321054 ns
[2025-10-13T23:19:51.148-0700][1201][info ][safepoint   ] Safepoint "ICBufferFull", Time since last: 73621 ns, Reaching safepoint: 216726 ns, Cleanup: 912 ns, At safepoint: 85148 ns, Total: 302786 ns
[2025-10-13T23:19:51.148-0700][1201][info ][safepoint   ] Safepoint "ICBufferFull", Time since last: 167172 ns, Reaching safepoint: 216326 ns, Cleanup: 460 ns, At safepoint: 67152 ns, Total: 283938 ns
[2025-10-13T23:19:51.149-0700][1201][info ][safepoint   ] Safepoint "ICBufferFull", Time since last: 93050 ns, Reaching safepoint: 225339 ns, Cleanup: 1012 ns, At safepoint: 94232 ns, Total: 320583 ns
[2025-10-13T23:19:51.149-0700][1201][info ][safepoint   ] Safepoint "ICBufferFull", Time since last: 72649 ns, Reaching safepoint: 222746 ns, Cleanup: 771 ns, At safepoint: 77707 ns, Total: 301224 ns
[2025-10-13T23:19:51.150-0700][1201][info ][safepoint   ] Safepoint "ICBufferFull", Time since last: 74342 ns, Reaching safepoint: 225300 ns, Cleanup: 901 ns, At safepoint: 81082 ns, Total: 307283 ns
[2025-10-13T23:19:51.150-0700][1201][info ][safepoint   ] Safepoint "ICBufferFull", Time since last: 71148 ns, Reaching safepoint: 215524 ns, Cleanup: 892 ns, At safepoint: 88783 ns, Total: 305199 ns
[2025-10-13T23:19:51.150-0700][1201][info ][safepoint   ] Safepoint "ICBufferFull", Time since last: 70306 ns, Reaching safepoint: 220693 ns, Cleanup: 1202 ns, At safepoint: 99189 ns, Total: 321084 ns
[2025-10-13T23:19:51.152-0700][1201][info ][gc,start    ] GC(25) Pause Young (Normal) (G1 Evacuation Pause)
[2025-10-13T23:19:51.152-0700][1201][info ][gc,task     ] GC(25) Using 113 workers of 113 for evacuation
[2025-10-13T23:19:51.156-0700][1201][debug][gc,remset   ] GC(25) Visited cards 911104 Total dirty 4390912 (20.75%) Total old 42139648 (2.16%)
[2025-10-13T23:19:51.285-0700][1201][info ][gc,phases   ] GC(25)   Pre Evacuate Collection Set: 0.6ms
[2025-10-13T23:19:51.285-0700][1201][info ][gc,phases   ] GC(25)   Merge Heap Roots: 3.7ms
[2025-10-13T23:19:51.285-0700][1201][info ][gc,phases   ] GC(25)   Evacuate Collection Set: 123.6ms
[2025-10-13T23:19:51.285-0700][1201][info ][gc,phases   ] GC(25)   Post Evacuate Collection Set: 5.4ms
[2025-10-13T23:19:51.285-0700][1201][info ][gc,phases   ] GC(25)   Other: 0.1ms
[2025-10-13T23:19:51.285-0700][1201][debug][gc,remset   ] GC(25) Coarsening (recent): Inline->AoC 0 (0) AoC->Howl 0 (0) Howl->Full 0 (0) Inline->AoC 0 (0) AoC->BitMap 0 (0) BitMap->Full 0 (0) 
[2025-10-13T23:19:51.285-0700][1201][debug][gc,remset   ] GC(25) Coarsening (all): Inline->AoC 522 (0) AoC->Howl 91 (0) Howl->Full 0 (0) Inline->AoC 534 (0) AoC->BitMap 58 (0) BitMap->Full 0 (0) 
[2025-10-13T23:19:51.285-0700][1201][info ][gc,heap     ] GC(25) Eden regions: 256->0(252)
[2025-10-13T23:19:51.285-0700][1201][info ][gc,heap     ] GC(25) Survivor regions: 32->36(36)
[2025-10-13T23:19:51.285-0700][1201][info ][gc,heap     ] GC(25) Old regions: 67->129
[2025-10-13T23:19:51.285-0700][1201][info ][gc,heap     ] GC(25) Humongous regions: 0->0
[2025-10-13T23:19:51.285-0700][1201][info ][gc,metaspace] GC(25) Metaspace: 270243K(273664K)->270243K(273664K) NonClass: 237939K(239872K)->237939K(239872K) Class: 32304K(33792K)->32304K(33792K)
[2025-10-13T23:19:51.285-0700][1201][info ][gc          ] GC(25) Pause Young (Normal) (G1 Evacuation Pause) 11314M->5260M(184320M) 133.494ms
[2025-10-13T23:19:51.286-0700][1201][info ][gc,cpu      ] GC(25) User=4.42s Sys=0.01s Real=0.13s
[2025-10-13T23:19:51.287-0700][1201][info ][safepoint   ] Safepoint "G1CollectForAllocation", Time since last: 87803 ns, Reaching safepoint: 212179 ns, Cleanup: 1312 ns, At safepoint: 136429206 ns, Total: 136642697 ns
[2025-10-13T23:19:51.291-0700][1201][info ][safepoint   ] Safepoint "ICBufferFull", Time since last: 3277609 ns, Reaching safepoint: 565912 ns, Cleanup: 7391 ns, At safepoint: 216637 ns, Total: 789940 ns
[2025-10-13T23:19:51.292-0700][1201][info ][safepoint   ] Safepoint "ICBufferFull", Time since last: 138909 ns, Reaching safepoint: 333142 ns, Cleanup: 1633 ns, At safepoint: 324589 ns, Total: 659364 ns
[2025-10-13T23:19:51.294-0700][1201][info ][safepoint   ] Safepoint "ICBufferFull", Time since last: 1359799 ns, Reaching safepoint: 614836 ns, Cleanup: 36796 ns, At safepoint: 423939 ns, Total: 1075571 ns
[2025-10-13T23:19:51.298-0700][1201][info ][safepoint   ] Safepoint "ICBufferFull", Time since last: 1755004 ns, Reaching safepoint: 869801 ns, Cleanup: 9724 ns, At safepoint: 890502 ns, Total: 1770027 ns
[2025-10-13T23:19:51.311-0700][1201][info ][safepoint   ] Safepoint "ICBufferFull", Time since last: 10444048 ns, Reaching safepoint: 1758479 ns, Cleanup: 24577 ns, At safepoint: 641106 ns, Total: 2424162 ns
[2025-10-13T23:19:51.317-0700][1201][info ][safepoint   ] Safepoint "ICBufferFull", Time since last: 4554543 ns, Reaching safepoint: 767777 ns, Cleanup: 11227 ns, At safepoint: 557460 ns, Total: 1336464 ns
[2025-10-13T23:19:51.324-0700][1201][info ][safepoint   ] Safepoint "ICBufferFull", Time since last: 5932589 ns, Reaching safepoint: 827047 ns, Cleanup: 14612 ns, At safepoint: 597210 ns, Total: 1438869 ns
[2025-10-13T23:19:51.328-0700][1201][info ][safepoint   ] Safepoint "ICBufferFull", Time since last: 2513507 ns, Reaching safepoint: 789169 ns, Cleanup: 3886 ns, At safepoint: 607275 ns, Total: 1400330 ns
[2025-10-13T23:19:51.337-0700][1201][info ][safepoint   ] Safepoint "ICBufferFull", Time since last: 7226519 ns, Reaching safepoint: 947658 ns, Cleanup: 19009 ns, At safepoint: 549868 ns, Total: 1516535 ns
[2025-10-13T23:19:51.345-0700][1201][info ][safepoint   ] Safepoint "ICBufferFull", Time since last: 7284176 ns, Reaching safepoint: 835529 ns, Cleanup: 12649 ns, At safepoint: 496879 ns, Total: 1345057 ns
[2025-10-13T23:19:51.351-0700][1201][info ][safepoint   ] Safepoint "ICBufferFull", Time since last: 4009442 ns, Reaching safepoint: 820446 ns, Cleanup: 11577 ns, At safepoint: 662539 ns, Total: 1494562 ns
[2025-10-13T23:19:51.356-0700][1201][info ][safepoint   ] Safepoint "ICBufferFull", Time since last: 3548276 ns, Reaching safepoint: 795759 ns, Cleanup: 13581 ns, At safepoint: 505852 ns, Total: 1315192 ns
[2025-10-13T23:19:51.362-0700][1201][info ][safepoint   ] Safepoint "ICBufferFull", Time since last: 5260387 ns, Reaching safepoint: 861217 ns, Cleanup: 18869 ns, At safepoint: 484700 ns, Total: 1364786 ns
[2025-10-13T23:19:51.371-0700][1201][info ][safepoint   ] Safepoint "ICBufferFull", Time since last: 7076203 ns, Reaching safepoint: 865955 ns, Cleanup: 3826 ns, At safepoint: 598431 ns, Total: 1468212 ns
[2025-10-13T23:19:51.378-0700][1201][info ][safepoint   ] Safepoint "ICBufferFull", Time since last: 5811467 ns, Reaching safepoint: 771733 ns, Cleanup: 12198 ns, At safepoint: 349807 ns, Total: 1133738 ns
[2025-10-13T23:19:51.384-0700][1201][info ][safepoint   ] Safepoint "ICBufferFull", Time since last: 5136360 ns, Reaching safepoint: 774257 ns, Cleanup: 9484 ns, At safepoint: 385541 ns, Total: 1169282 ns
[2025-10-13T23:19:51.387-0700][1201][info ][safepoint   ] Safepoint "ICBufferFull", Time since last: 1445298 ns, Reaching safepoint: 616278 ns, Cleanup: 3215 ns, At safepoint: 427484 ns, Total: 1046977 ns
[2025-10-13T23:19:51.401-0700][1201][info ][safepoint   ] Safepoint "ICBufferFull", Time since last: 4100149 ns, Reaching safepoint: 9597792 ns, Cleanup: 9885 ns, At safepoint: 471250 ns, Total: 10078927 ns
[2025-10-13T23:19:51.406-0700][1201][info ][safepoint   ] Safepoint "ICBufferFull", Time since last: 4155572 ns, Reaching safepoint: 835829 ns, Cleanup: 10346 ns, At safepoint: 647896 ns, Total: 1494071 ns
[2025-10-13T23:19:51.415-0700][1201][info ][safepoint   ] Safepoint "ICBufferFull", Time since last: 4173038 ns, Reaching safepoint: 4195562 ns, Cleanup: 24537 ns, At safepoint: 549899 ns, Total: 4769998 ns
[2025-10-13T23:19:51.419-0700][1201][info ][safepoint   ] Safepoint "ICBufferFull", Time since last: 262545 ns, Reaching safepoint: 3319232 ns, Cleanup: 12398 ns, At safepoint: 474295 ns, Total: 3805925 ns
[2025-10-13T23:19:51.425-0700][1201][info ][safepoint   ] Safepoint "ICBufferFull", Time since last: 2472946 ns, Reaching safepoint: 2465215 ns, Cleanup: 11347 ns, At safepoint: 797752 ns, Total: 3274314 ns
[2025-10-13T23:19:51.438-0700][1201][info ][safepoint   ] Safepoint "ICBufferFull", Time since last: 2082879 ns, Reaching safepoint: 10163985 ns, Cleanup: 13270 ns, At safepoint: 386082 ns, Total: 10563337 ns
[2025-10-13T23:19:51.442-0700][1201][info ][safepoint   ] Safepoint "ICBufferFull", Time since last: 988519 ns, Reaching safepoint: 3085340 ns, Cleanup: 9484 ns, At safepoint: 464470 ns, Total: 3559294 ns
[2025-10-13T23:19:51.446-0700][1201][info ][safepoint   ] Safepoint "ICBufferFull", Time since last: 592583 ns, Reaching safepoint: 2212784 ns, Cleanup: 4757 ns, At safepoint: 458110 ns, Total: 2675651 ns
[2025-10-13T23:19:51.450-0700][1201][info ][safepoint   ] Safepoint "ICBufferFull", Time since last: 333643 ns, Reaching safepoint: 4022371 ns, Cleanup: 4066 ns, At safepoint: 485011 ns, Total: 4511448 ns
[2025-10-13T23:19:51.460-0700][1201][info ][safepoint   ] Safepoint "ICBufferFull", Time since last: 3824323 ns, Reaching safepoint: 5641991 ns, Cleanup: 11698 ns, At safepoint: 433994 ns, Total: 6087683 ns
[2025-10-13T23:19:51.472-0700][1201][info ][safepoint   ] Safepoint "ICBufferFull", Time since last: 2490623 ns, Reaching safepoint: 8297292 ns, Cleanup: 40201 ns, At safepoint: 426823 ns, Total: 8764316 ns
[2025-10-13T23:19:51.489-0700][1201][info ][safepoint   ] Safepoint "ICBufferFull", Time since last: 4665921 ns, Reaching safepoint: 12122466 ns, Cleanup: 12970 ns, At safepoint: 406472 ns, Total: 12541908 ns
[2025-10-13T23:19:51.491-0700][1201][info ][safepoint   ] Safepoint "ICBufferFull", Time since last: 737201 ns, Reaching safepoint: 863191 ns, Cleanup: 2694 ns, At safepoint: 691993 ns, Total: 1557878 ns
[2025-10-13T23:19:51.509-0700][1201][info ][safepoint   ] Safepoint "ICBufferFull", Time since last: 7166378 ns, Reaching safepoint: 10113409 ns, Cleanup: 16355 ns, At safepoint: 566754 ns, Total: 10696518 ns
[2025-10-13T23:19:51.520-0700][1201][info ][safepoint   ] Safepoint "ICBufferFull", Time since last: 1022961 ns, Reaching safepoint: 9033302 ns, Cleanup: 10736 ns, At safepoint: 1408803 ns, Total: 10452841 ns
[2025-10-13T23:19:51.526-0700][1201][info ][safepoint   ] Safepoint "ICBufferFull", Time since last: 924153 ns, Reaching safepoint: 4612179 ns, Cleanup: 4357 ns, At safepoint: 409076 ns, Total: 5025612 ns
[2025-10-13T23:19:51.536-0700][1201][info ][safepoint   ] Safepoint "ICBufferFull", Time since last: 2380017 ns, Reaching safepoint: 7060959 ns, Cleanup: 22074 ns, At safepoint: 493143 ns, Total: 7576176 ns
[2025-10-13T23:19:51.545-0700][1201][info ][safepoint   ] Safepoint "ICBufferFull", Time since last: 4260720 ns, Reaching safepoint: 3466353 ns, Cleanup: 4557 ns, At safepoint: 468476 ns, Total: 3939386 ns
[2025-10-13T23:19:51.553-0700][1201][info ][safepoint   ] Safepoint "ICBufferFull", Time since last: 3707687 ns, Reaching safepoint: 4680232 ns, Cleanup: 10876 ns, At safepoint: 472482 ns, Total: 5163590 ns
[2025-10-13T23:19:51.560-0700][1201][info ][safepoint   ] Safepoint "ICBufferFull", Time since last: 1615855 ns, Reaching safepoint: 4801445 ns, Cleanup: 21182 ns, At safepoint: 456498 ns, Total: 5279125 ns
[2025-10-13T23:19:51.569-0700][1201][info ][safepoint   ] Safepoint "ICBufferFull", Time since last: 4154410 ns, Reaching safepoint: 4121651 ns, Cleanup: 11236 ns, At safepoint: 536869 ns, Total: 4669756 ns
[2025-10-13T23:19:51.574-0700][1201][info ][safepoint   ] Safepoint "ICBufferFull", Time since last: 3725094 ns, Reaching safepoint: 742889 ns, Cleanup: 9334 ns, At safepoint: 443218 ns, Total: 1195441 ns
[2025-10-13T23:19:51.575-0700][1201][info ][safepoint   ] Safepoint "ICBufferFull", Time since last: 427774 ns, Reaching safepoint: 575428 ns, Cleanup: 2213 ns, At safepoint: 425862 ns, Total: 1003503 ns
[2025-10-13T23:19:51.581-0700][1201][info ][safepoint   ] Safepoint "ICBufferFull", Time since last: 3887087 ns, Reaching safepoint: 1498958 ns, Cleanup: 24247 ns, At safepoint: 416187 ns, Total: 1939392 ns
[2025-10-13T23:19:51.604-0700][1201][info ][safepoint   ] Safepoint "ICBufferFull", Time since last: 3697572 ns, Reaching safepoint: 18548189 ns, Cleanup: 21422 ns, At safepoint: 524310 ns, Total: 19093921 ns
[2025-10-13T23:19:51.611-0700][1201][info ][safepoint   ] Safepoint "ICBufferFull", Time since last: 1738750 ns, Reaching safepoint: 4711910 ns, Cleanup: 4176 ns, At safepoint: 523840 ns, Total: 5239926 ns
[2025-10-13T23:19:51.620-0700][1201][info ][safepoint   ] Safepoint "ICBufferFull", Time since last: 740385 ns, Reaching safepoint: 8005553 ns, Cleanup: 18428 ns, At safepoint: 448406 ns, Total: 8472387 ns
[2025-10-13T23:19:51.622-0700][1201][info ][safepoint   ] Safepoint "ICBufferFull", Time since last: 711392 ns, Reaching safepoint: 568296 ns, Cleanup: 11177 ns, At safepoint: 436898 ns, Total: 1016371 ns
[2025-10-13T23:19:51.623-0700][1201][info ][safepoint   ] Safepoint "ICBufferFull", Time since last: 321134 ns, Reaching safepoint: 455777 ns, Cleanup: 2093 ns, At safepoint: 385451 ns, Total: 843321 ns
[2025-10-13T23:19:51.625-0700][1201][info ][safepoint   ] Safepoint "ICBufferFull", Time since last: 1080869 ns, Reaching safepoint: 516848 ns, Cleanup: 2504 ns, At safepoint: 393633 ns, Total: 912985 ns
[2025-10-13T23:19:51.631-0700][1201][info ][safepoint   ] Safepoint "ICBufferFull", Time since last: 4063093 ns, Reaching safepoint: 1109592 ns, Cleanup: 7912 ns, At safepoint: 424950 ns, Total: 1542454 ns
[2025-10-13T23:19:51.636-0700][1201][info ][safepoint   ] Safepoint "ICBufferFull", Time since last: 3457780 ns, Reaching safepoint: 904804 ns, Cleanup: 14241 ns, At safepoint: 436097 ns, Total: 1355142 ns
[2025-10-13T23:19:51.642-0700][1201][info ][safepoint   ] Safepoint "ICBufferFull", Time since last: 3918404 ns, Reaching safepoint: 1750288 ns, Cleanup: 16455 ns, At safepoint: 416908 ns, Total: 2183651 ns
[2025-10-13T23:19:51.654-0700][1201][info ][safepoint   ] Safepoint "ICBufferFull", Time since last: 3541697 ns, Reaching safepoint: 8153365 ns, Cleanup: 4387 ns, At safepoint: 430288 ns, Total: 8588040 ns
[2025-10-13T23:19:51.658-0700][1201][info ][safepoint   ] Safepoint "ICBufferFull", Time since last: 816130 ns, Reaching safepoint: 2694430 ns, Cleanup: 10686 ns, At safepoint: 477299 ns, Total: 3182415 ns
[2025-10-13T23:19:51.663-0700][1201][info ][safepoint   ] Safepoint "ICBufferFull", Time since last: 3834308 ns, Reaching safepoint: 762359 ns, Cleanup: 3515 ns, At safepoint: 440674 ns, Total: 1206548 ns
[2025-10-13T23:19:51.672-0700][1201][info ][safepoint   ] Safepoint "ICBufferFull", Time since last: 2264252 ns, Reaching safepoint: 6374636 ns, Cleanup: 14221 ns, At safepoint: 385080 ns, Total: 6773937 ns
[2025-10-13T23:19:51.685-0700][1201][info ][safepoint   ] Safepoint "ICBufferFull", Time since last: 1582995 ns, Reaching safepoint: 10713864 ns, Cleanup: 27732 ns, At safepoint: 466503 ns, Total: 11208099 ns
[2025-10-13T23:19:51.690-0700][1201][info ][safepoint   ] Safepoint "ICBufferFull", Time since last: 912425 ns, Reaching safepoint: 3406964 ns, Cleanup: 9504 ns, At safepoint: 477890 ns, Total: 3894358 ns
[2025-10-13T23:19:51.708-0700][1201][info ][safepoint   ] Safepoint "ICBufferFull", Time since last: 1686782 ns, Reaching safepoint: 16520644 ns, Cleanup: 27611 ns, At safepoint: 555157 ns, Total: 17103412 ns
[2025-10-13T23:19:51.720-0700][1201][info ][safepoint   ] Safepoint "ICBufferFull", Time since last: 3048453 ns, Reaching safepoint: 8553118 ns, Cleanup: 17026 ns, At safepoint: 485852 ns, Total: 9055996 ns
[2025-10-13T23:19:51.732-0700][1201][info ][safepoint   ] Safepoint "ICBufferFull", Time since last: 5502912 ns, Reaching safepoint: 5891878 ns, Cleanup: 12529 ns, At safepoint: 488496 ns, Total: 6392903 ns
[2025-10-13T23:19:51.742-0700][1201][info ][safepoint   ] Safepoint "ICBufferFull", Time since last: 1269393 ns, Reaching safepoint: 7562926 ns, Cleanup: 15844 ns, At safepoint: 463328 ns, Total: 8042098 ns
[2025-10-13T23:19:51.745-0700][1201][info ][safepoint   ] Safepoint "ICBufferFull", Time since last: 1961375 ns, Reaching safepoint: 710231 ns, Cleanup: 7771 ns, At safepoint: 460024 ns, Total: 1178026 ns
[2025-10-13T23:19:51.747-0700][1201][info ][safepoint   ] Safepoint "ICBufferFull", Time since last: 1008840 ns, Reaching safepoint: 630860 ns, Cleanup: 3265 ns, At safepoint: 449698 ns, Total: 1083823 ns
[2025-10-13T23:19:51.752-0700][1201][info ][safepoint   ] Safepoint "ICBufferFull", Time since last: 1831069 ns, Reaching safepoint: 3295496 ns, Cleanup: 9173 ns, At safepoint: 506153 ns, Total: 3810822 ns
[2025-10-13T23:19:51.768-0700][1201][info ][safepoint   ] Safepoint "ICBufferFull", Time since last: 3770922 ns, Reaching safepoint: 10999955 ns, Cleanup: 16365 ns, At safepoint: 476308 ns, Total: 11492628 ns
[2025-10-13T23:19:51.784-0700][1201][info ][safepoint   ] Safepoint "ICBufferFull", Time since last: 3505442 ns, Reaching safepoint: 11701873 ns, Cleanup: 15473 ns, At safepoint: 548306 ns, Total: 12265652 ns
[2025-10-13T23:19:51.812-0700][1201][info ][safepoint   ] Safepoint "ICBufferFull", Time since last: 3635558 ns, Reaching safepoint: 24579437 ns, Cleanup: 15774 ns, At safepoint: 681327 ns, Total: 25276538 ns
[2025-10-13T23:19:51.832-0700][1201][info ][safepoint   ] Safepoint "ICBufferFull", Time since last: 125369 ns, Reaching safepoint: 18977566 ns, Cleanup: 33250 ns, At safepoint: 553323 ns, Total: 19564139 ns
[2025-10-13T23:19:51.845-0700][1201][info ][safepoint   ] Safepoint "ICBufferFull", Time since last: 335145 ns, Reaching safepoint: 11889105 ns, Cleanup: 18458 ns, At safepoint: 571601 ns, Total: 12479164 ns
[2025-10-13T23:19:51.879-0700][1201][info ][safepoint   ] Safepoint "ICBufferFull", Time since last: 2762593 ns, Reaching safepoint: 30754863 ns, Cleanup: 11076 ns, At safepoint: 513865 ns, Total: 31279804 ns
[2025-10-13T23:19:51.927-0700][1201][info ][safepoint   ] Safepoint "ICBufferFull", Time since last: 211248 ns, Reaching safepoint: 46795873 ns, Cleanup: 23686 ns, At safepoint: 619253 ns, Total: 47438812 ns
[2025-10-13T23:19:51.954-0700][1201][info ][safepoint   ] Safepoint "ICBufferFull", Time since last: 1013417 ns, Reaching safepoint: 25568668 ns, Cleanup: 32939 ns, At safepoint: 530320 ns, Total: 26131927 ns
[2025-10-13T23:19:51.972-0700][1201][info ][safepoint   ] Safepoint "ICBufferFull", Time since last: 295395 ns, Reaching safepoint: 17503945 ns, Cleanup: 18778 ns, At safepoint: 499673 ns, Total: 18022396 ns
[2025-10-13T23:19:52.474-0700][1201][info ][safepoint   ] Safepoint "ICBufferFull", Time since last: 475830366 ns, Reaching safepoint: 24816915 ns, Cleanup: 187783 ns, At safepoint: 761347 ns, Total: 25766045 ns
[2025-10-13T23:19:52.502-0700][1201][info ][safepoint   ] Safepoint "ICBufferFull", Time since last: 15574879 ns, Reaching safepoint: 11871228 ns, Cleanup: 20891 ns, At safepoint: 703891 ns, Total: 12596010 ns
[2025-10-13T23:19:52.554-0700][1201][info ][safepoint   ] Safepoint "ICBufferFull", Time since last: 3393403 ns, Reaching safepoint: 47570841 ns, Cleanup: 28664 ns, At safepoint: 726865 ns, Total: 48326370 ns
[2025-10-13T23:19:52.785-0700][1201][info ][gc,start    ] GC(26) Pause Young (Normal) (G1 Evacuation Pause)
[2025-10-13T23:19:52.785-0700][1201][info ][gc,task     ] GC(26) Using 113 workers of 113 for evacuation
[2025-10-13T23:19:52.793-0700][1201][debug][gc,remset   ] GC(26) Visited cards 3716096 Total dirty 8454144 (43.96%) Total old 46202880 (8.04%)
[2025-10-13T23:19:52.912-0700][1201][info ][gc,phases   ] GC(26)   Pre Evacuate Collection Set: 0.5ms
[2025-10-13T23:19:52.912-0700][1201][info ][gc,phases   ] GC(26)   Merge Heap Roots: 7.3ms
[2025-10-13T23:19:52.912-0700][1201][info ][gc,phases   ] GC(26)   Evacuate Collection Set: 113.0ms
[2025-10-13T23:19:52.912-0700][1201][info ][gc,phases   ] GC(26)   Post Evacuate Collection Set: 5.3ms
[2025-10-13T23:19:52.912-0700][1201][info ][gc,phases   ] GC(26)   Other: 0.1ms
[2025-10-13T23:19:52.912-0700][1201][debug][gc,remset   ] GC(26) Coarsening (recent): Inline->AoC 5763 (1) AoC->Howl 221 (5) Howl->Full 0 (0) Inline->AoC 1349 (0) AoC->BitMap 181 (5) BitMap->Full 0 (0) 
[2025-10-13T23:19:52.912-0700][1201][debug][gc,remset   ] GC(26) Coarsening (all): Inline->AoC 6285 (1) AoC->Howl 312 (5) Howl->Full 0 (0) Inline->AoC 1883 (0) AoC->BitMap 239 (5) BitMap->Full 0 (0) 
[2025-10-13T23:19:52.912-0700][1201][info ][gc,heap     ] GC(26) Eden regions: 252->0(252)
[2025-10-13T23:19:52.912-0700][1201][info ][gc,heap     ] GC(26) Survivor regions: 36->36(36)
[2025-10-13T23:19:52.912-0700][1201][info ][gc,heap     ] GC(26) Old regions: 129->175
[2025-10-13T23:19:52.912-0700][1201][info ][gc,heap     ] GC(26) Humongous regions: 0->0
[2025-10-13T23:19:52.912-0700][1201][info ][gc,metaspace] GC(26) Metaspace: 271660K(275072K)->271660K(275072K) NonClass: 239281K(241216K)->239281K(241216K) Class: 32378K(33856K)->32378K(33856K)
[2025-10-13T23:19:52.912-0700][1201][info ][gc          ] GC(26) Pause Young (Normal) (G1 Evacuation Pause) 13324M->6732M(184320M) 126.451ms
[2025-10-13T23:19:52.913-0700][1201][info ][gc,cpu      ] GC(26) User=5.42s Sys=0.10s Real=0.13s
[2025-10-13T23:19:52.914-0700][1201][info ][safepoint   ] Safepoint "G1CollectForAllocation", Time since last: 228086347 ns, Reaching safepoint: 2373246 ns, Cleanup: 42384 ns, At safepoint: 129779015 ns, Total: 132194645 ns
[2025-10-13T23:19:53.919-0700][1201][info ][safepoint   ] Safepoint "Cleanup", Time since last: 1003261885 ns, Reaching safepoint: 1085116 ns, Cleanup: 194633 ns, At safepoint: 687796 ns, Total: 1967545 ns
[2025-10-13T23:19:54.962-0700][1201][info ][safepoint   ] Safepoint "Cleanup", Time since last: 1009153954 ns, Reaching safepoint: 12833298 ns, Cleanup: 141423 ns, At safepoint: 21116979 ns, Total: 34091700 ns
[2025-10-13T23:19:55.340-0700][1201][info ][gc,start    ] GC(27) Pause Young (Normal) (G1 Evacuation Pause)
[2025-10-13T23:19:55.340-0700][1201][info ][gc,task     ] GC(27) Using 113 workers of 113 for evacuation
[2025-10-13T23:19:55.350-0700][1201][debug][gc,remset   ] GC(27) Visited cards 5781504 Total dirty 11468800 (50.41%) Total old 49217536 (11.75%)
[2025-10-13T23:19:55.453-0700][1201][info ][gc,phases   ] GC(27)   Pre Evacuate Collection Set: 0.6ms
[2025-10-13T23:19:55.453-0700][1201][info ][gc,phases   ] GC(27)   Merge Heap Roots: 9.7ms
[2025-10-13T23:19:55.453-0700][1201][info ][gc,phases   ] GC(27)   Evacuate Collection Set: 96.4ms
[2025-10-13T23:19:55.453-0700][1201][info ][gc,phases   ] GC(27)   Post Evacuate Collection Set: 6.2ms
[2025-10-13T23:19:55.453-0700][1201][info ][gc,phases   ] GC(27)   Other: 0.1ms
[2025-10-13T23:19:55.453-0700][1201][debug][gc,remset   ] GC(27) Coarsening (recent): Inline->AoC 0 (0) AoC->Howl 0 (0) Howl->Full 0 (0) Inline->AoC 0 (0) AoC->BitMap 0 (0) BitMap->Full 0 (0) 
[2025-10-13T23:19:55.453-0700][1201][debug][gc,remset   ] GC(27) Coarsening (all): Inline->AoC 6285 (1) AoC->Howl 312 (5) Howl->Full 0 (0) Inline->AoC 1883 (0) AoC->BitMap 239 (5) BitMap->Full 0 (0) 
[2025-10-13T23:19:55.453-0700][1201][info ][gc,heap     ] GC(27) Eden regions: 252->0(252)
[2025-10-13T23:19:55.453-0700][1201][info ][gc,heap     ] GC(27) Survivor regions: 36->36(36)
[2025-10-13T23:19:55.453-0700][1201][info ][gc,heap     ] GC(27) Old regions: 175->195
[2025-10-13T23:19:55.453-0700][1201][info ][gc,heap     ] GC(27) Humongous regions: 0->0
[2025-10-13T23:19:55.453-0700][1201][info ][gc,metaspace] GC(27) Metaspace: 273190K(276608K)->273190K(276608K) NonClass: 240751K(242688K)->240751K(242688K) Class: 32439K(33920K)->32439K(33920K)
[2025-10-13T23:19:55.453-0700][1201][info ][gc          ] GC(27) Pause Young (Normal) (G1 Evacuation Pause) 14796M->7366M(184320M) 113.219ms
[2025-10-13T23:19:55.454-0700][1201][info ][gc,cpu      ] GC(27) User=5.02s Sys=0.06s Real=0.11s
[2025-10-13T23:19:55.455-0700][1201][info ][safepoint   ] Safepoint "G1CollectForAllocation", Time since last: 375028485 ns, Reaching safepoint: 934127 ns, Cleanup: 96085 ns, At safepoint: 116344061 ns, Total: 117374273 ns
[2025-10-13T23:19:55.895-0700][1201][info ][safepoint   ] Safepoint "ICBufferFull", Time since last: 438588468 ns, Reaching safepoint: 797342 ns, Cleanup: 206190 ns, At safepoint: 174774 ns, Total: 1178306 ns
[2025-10-13T23:19:56.194-0700][1201][info ][safepoint   ] Safepoint "ICBufferFull", Time since last: 295643124 ns, Reaching safepoint: 2882443 ns, Cleanup: 219871 ns, At safepoint: 374745 ns, Total: 3477059 ns
[2025-10-13T23:19:56.530-0700][1201][info ][safepoint   ] Safepoint "ICBufferFull", Time since last: 335213250 ns, Reaching safepoint: 719063 ns, Cleanup: 111128 ns, At safepoint: 315525 ns, Total: 1145716 ns
[2025-10-13T23:19:56.745-0700][1201][info ][gc,start    ] GC(28) Pause Young (Normal) (G1 Evacuation Pause)
[2025-10-13T23:19:56.745-0700][1201][info ][gc,task     ] GC(28) Using 113 workers of 113 for evacuation
[2025-10-13T23:19:56.755-0700][1201][debug][gc,remset   ] GC(28) Visited cards 6206464 Total dirty 12779520 (48.57%) Total old 50528256 (12.28%)
[2025-10-13T23:19:56.842-0700][1201][info ][gc,phases   ] GC(28)   Pre Evacuate Collection Set: 0.6ms
[2025-10-13T23:19:56.842-0700][1201][info ][gc,phases   ] GC(28)   Merge Heap Roots: 9.4ms
[2025-10-13T23:19:56.842-0700][1201][info ][gc,phases   ] GC(28)   Evacuate Collection Set: 81.4ms
[2025-10-13T23:19:56.842-0700][1201][info ][gc,phases   ] GC(28)   Post Evacuate Collection Set: 5.3ms
[2025-10-13T23:19:56.842-0700][1201][info ][gc,phases   ] GC(28)   Other: 0.1ms
[2025-10-13T23:19:56.842-0700][1201][debug][gc,remset   ] GC(28) Coarsening (recent): Inline->AoC 0 (0) AoC->Howl 0 (0) Howl->Full 0 (0) Inline->AoC 0 (0) AoC->BitMap 0 (0) BitMap->Full 0 (0) 
[2025-10-13T23:19:56.842-0700][1201][debug][gc,remset   ] GC(28) Coarsening (all): Inline->AoC 6285 (1) AoC->Howl 312 (5) Howl->Full 0 (0) Inline->AoC 1883 (0) AoC->BitMap 239 (5) BitMap->Full 0 (0) 
[2025-10-13T23:19:56.842-0700][1201][info ][gc,heap     ] GC(28) Eden regions: 252->0(256)
[2025-10-13T23:19:56.842-0700][1201][info ][gc,heap     ] GC(28) Survivor regions: 36->32(36)
[2025-10-13T23:19:56.842-0700][1201][info ][gc,heap     ] GC(28) Old regions: 195->209
[2025-10-13T23:19:56.842-0700][1201][info ][gc,heap     ] GC(28) Humongous regions: 0->0
[2025-10-13T23:19:56.842-0700][1201][info ][gc,metaspace] GC(28) Metaspace: 277087K(280576K)->277087K(280576K) NonClass: 244161K(246144K)->244161K(246144K) Class: 32926K(34432K)->32926K(34432K)
[2025-10-13T23:19:56.842-0700][1201][info ][gc          ] GC(28) Pause Young (Normal) (G1 Evacuation Pause) 15430M->7681M(184320M) 96.882ms
[2025-10-13T23:19:56.843-0700][1201][info ][gc,cpu      ] GC(28) User=4.32s Sys=0.12s Real=0.10s
[2025-10-13T23:19:56.844-0700][1201][info ][safepoint   ] Safepoint "G1CollectForAllocation", Time since last: 212886764 ns, Reaching safepoint: 893046 ns, Cleanup: 24056 ns, At safepoint: 100401799 ns, Total: 101318901 ns
[2025-10-13T23:19:57.085-0700][1201][info ][safepoint   ] Safepoint "ICBufferFull", Time since last: 239011269 ns, Reaching safepoint: 1171205 ns, Cleanup: 124367 ns, At safepoint: 522447 ns, Total: 1818019 ns
[2025-10-13T23:19:57.090-0700][1201][info ][safepoint   ] Safepoint "ICBufferFull", Time since last: 2970477 ns, Reaching safepoint: 988389 ns, Cleanup: 20541 ns, At safepoint: 894357 ns, Total: 1903287 ns
[2025-10-13T23:19:57.479-0700][1201][info ][safepoint   ] Safepoint "ICBufferFull", Time since last: 375670672 ns, Reaching safepoint: 1460281 ns, Cleanup: 183146 ns, At safepoint: 11479998 ns, Total: 13123425 ns
[2025-10-13T23:19:57.833-0700][1201][info ][safepoint   ] Safepoint "ICBufferFull", Time since last: 3575448 ns, Reaching safepoint: 275980676 ns, Cleanup: 85559 ns, At safepoint: 74923867 ns, Total: 350990102 ns
[2025-10-13T23:19:58.854-0700][1201][info ][safepoint   ] Safepoint "Cleanup", Time since last: 1000099481 ns, Reaching safepoint: 1257855 ns, Cleanup: 114072 ns, At safepoint: 19508726 ns, Total: 20880653 ns
[2025-10-13T23:19:58.920-0700][1201][info ][gc,start    ] GC(29) Pause Young (Normal) (G1 Evacuation Pause)
[2025-10-13T23:19:58.920-0700][1201][info ][gc,task     ] GC(29) Using 113 workers of 113 for evacuation
[2025-10-13T23:19:58.932-0700][1201][debug][gc,remset   ] GC(29) Visited cards 6494720 Total dirty 13631488 (47.64%) Total old 51445760 (12.62%)
[2025-10-13T23:19:59.073-0700][1201][info ][gc,phases   ] GC(29)   Pre Evacuate Collection Set: 0.9ms
[2025-10-13T23:19:59.073-0700][1201][info ][gc,phases   ] GC(29)   Merge Heap Roots: 11.1ms
[2025-10-13T23:19:59.073-0700][1201][info ][gc,phases   ] GC(29)   Evacuate Collection Set: 131.9ms
[2025-10-13T23:19:59.073-0700][1201][info ][gc,phases   ] GC(29)   Post Evacuate Collection Set: 9.0ms
[2025-10-13T23:19:59.073-0700][1201][info ][gc,phases   ] GC(29)   Other: 0.1ms
[2025-10-13T23:19:59.073-0700][1201][debug][gc,remset   ] GC(29) Coarsening (recent): Inline->AoC 0 (0) AoC->Howl 0 (0) Howl->Full 0 (0) Inline->AoC 0 (0) AoC->BitMap 0 (0) BitMap->Full 0 (0) 
[2025-10-13T23:19:59.073-0700][1201][debug][gc,remset   ] GC(29) Coarsening (all): Inline->AoC 6285 (1) AoC->Howl 312 (5) Howl->Full 0 (0) Inline->AoC 1883 (0) AoC->BitMap 239 (5) BitMap->Full 0 (0) 
[2025-10-13T23:19:59.073-0700][1201][info ][gc,heap     ] GC(29) Eden regions: 256->0(252)
[2025-10-13T23:19:59.073-0700][1201][info ][gc,heap     ] GC(29) Survivor regions: 32->36(36)
[2025-10-13T23:19:59.073-0700][1201][info ][gc,heap     ] GC(29) Old regions: 209->246
[2025-10-13T23:19:59.073-0700][1201][info ][gc,heap     ] GC(29) Humongous regions: 0->0
[2025-10-13T23:19:59.073-0700][1201][info ][gc,metaspace] GC(29) Metaspace: 278699K(282240K)->278699K(282240K) NonClass: 245513K(247488K)->245513K(247488K) Class: 33186K(34752K)->33186K(34752K)
[2025-10-13T23:19:59.073-0700][1201][info ][gc          ] GC(29) Pause Young (Normal) (G1 Evacuation Pause) 15873M->9015M(184320M) 153.173ms
[2025-10-13T23:19:59.074-0700][1201][info ][gc,cpu      ] GC(29) User=6.20s Sys=0.06s Real=0.15s
[2025-10-13T23:19:59.077-0700][1201][info ][safepoint   ] Safepoint "G1CollectForAllocation", Time since last: 63019179 ns, Reaching safepoint: 1501923 ns, Cleanup: 41253 ns, At safepoint: 157965437 ns, Total: 159508613 ns
[2025-10-13T23:19:59.223-0700][1201][info ][safepoint   ] Safepoint "ICBufferFull", Time since last: 133605641 ns, Reaching safepoint: 4834985 ns, Cleanup: 102605 ns, At safepoint: 8164392 ns, Total: 13101982 ns
[2025-10-13T23:20:00.199-0700][1201][info ][safepoint   ] Safepoint "ICBufferFull", Time since last: 785198221 ns, Reaching safepoint: 137321240 ns, Cleanup: 160451 ns, At safepoint: 53104009 ns, Total: 190585700 ns
[2025-10-13T23:20:00.349-0700][1201][info ][safepoint   ] Safepoint "ICBufferFull", Time since last: 18767119 ns, Reaching safepoint: 109297443 ns, Cleanup: 37456 ns, At safepoint: 21902564 ns, Total: 131237463 ns
[2025-10-13T23:20:00.399-0700][1201][info ][safepoint   ] Safepoint "ICBufferFull", Time since last: 8015497 ns, Reaching safepoint: 16193191 ns, Cleanup: 10786 ns, At safepoint: 25965305 ns, Total: 42169282 ns
[2025-10-13T23:20:00.458-0700][1201][info ][safepoint   ] Safepoint "ICBufferFull", Time since last: 3850753 ns, Reaching safepoint: 29055982 ns, Cleanup: 15013 ns, At safepoint: 25785695 ns, Total: 54856690 ns
[2025-10-13T23:20:00.543-0700][1201][info ][safepoint   ] Safepoint "ICBufferFull", Time since last: 8101347 ns, Reaching safepoint: 46506778 ns, Cleanup: 25849 ns, At safepoint: 30369231 ns, Total: 76901858 ns
[2025-10-13T23:20:00.588-0700][1201][info ][safepoint   ] Safepoint "ICBufferFull", Time since last: 2054596 ns, Reaching safepoint: 14158645 ns, Cleanup: 13189 ns, At safepoint: 28947610 ns, Total: 43119444 ns
[2025-10-13T23:20:00.657-0700][1201][info ][safepoint   ] Safepoint "ICBufferFull", Time since last: 10930810 ns, Reaching safepoint: 33867874 ns, Cleanup: 10505 ns, At safepoint: 24155368 ns, Total: 58033747 ns
[2025-10-13T23:20:00.703-0700][1201][info ][safepoint   ] Safepoint "ICBufferFull", Time since last: 3982161 ns, Reaching safepoint: 12927690 ns, Cleanup: 14231 ns, At safepoint: 29217987 ns, Total: 42159908 ns
[2025-10-13T23:20:00.761-0700][1201][info ][safepoint   ] Safepoint "ICBufferFull", Time since last: 11836696 ns, Reaching safepoint: 17091444 ns, Cleanup: 11697 ns, At safepoint: 28884845 ns, Total: 45987986 ns
[2025-10-13T23:20:00.810-0700][1201][info ][safepoint   ] Safepoint "ICBufferFull", Time since last: 3981890 ns, Reaching safepoint: 12010718 ns, Cleanup: 13751 ns, At safepoint: 32988077 ns, Total: 45012546 ns
[2025-10-13T23:20:00.859-0700][1201][info ][safepoint   ] Safepoint "ICBufferFull", Time since last: 7996690 ns, Reaching safepoint: 32972203 ns, Cleanup: 25398 ns, At safepoint: 8009359 ns, Total: 41006960 ns
[2025-10-13T23:20:00.917-0700][1201][info ][safepoint   ] Safepoint "ICBufferFull", Time since last: 15995353 ns, Reaching safepoint: 32997141 ns, Cleanup: 16384 ns, At safepoint: 9002656 ns, Total: 42016181 ns
[2025-10-13T23:20:00.980-0700][1201][info ][safepoint   ] Safepoint "ICBufferFull", Time since last: 19990873 ns, Reaching safepoint: 24992349 ns, Cleanup: 12088 ns, At safepoint: 18121466 ns, Total: 43125903 ns
[2025-10-13T23:20:00.990-0700][1201][info ][gc,start    ] GC(30) Pause Young (Normal) (G1 Evacuation Pause)
[2025-10-13T23:20:00.990-0700][1201][info ][gc,task     ] GC(30) Using 113 workers of 113 for evacuation
[2025-10-13T23:20:01.004-0700][1201][debug][gc,remset   ] GC(30) Visited cards 8148224 Total dirty 16121856 (50.54%) Total old 53870592 (15.13%)
[2025-10-13T23:20:01.128-0700][1201][info ][gc,phases   ] GC(30)   Pre Evacuate Collection Set: 0.7ms
[2025-10-13T23:20:01.128-0700][1201][info ][gc,phases   ] GC(30)   Merge Heap Roots: 12.8ms
[2025-10-13T23:20:01.128-0700][1201][info ][gc,phases   ] GC(30)   Evacuate Collection Set: 116.3ms
[2025-10-13T23:20:01.128-0700][1201][info ][gc,phases   ] GC(30)   Post Evacuate Collection Set: 7.6ms
[2025-10-13T23:20:01.128-0700][1201][info ][gc,phases   ] GC(30)   Other: 0.1ms
[2025-10-13T23:20:01.128-0700][1201][debug][gc,remset   ] GC(30) Coarsening (recent): Inline->AoC 6877 (7) AoC->Howl 319 (21) Howl->Full 0 (0) Inline->AoC 1361 (4) AoC->BitMap 212 (23) BitMap->Full 0 (0) 
[2025-10-13T23:20:01.128-0700][1201][debug][gc,remset   ] GC(30) Coarsening (all): Inline->AoC 13162 (8) AoC->Howl 631 (26) Howl->Full 0 (0) Inline->AoC 3244 (4) AoC->BitMap 451 (28) BitMap->Full 0 (0) 
[2025-10-13T23:20:01.128-0700][1201][info ][gc,heap     ] GC(30) Eden regions: 252->0(252)
[2025-10-13T23:20:01.128-0700][1201][info ][gc,heap     ] GC(30) Survivor regions: 36->36(36)
[2025-10-13T23:20:01.128-0700][1201][info ][gc,heap     ] GC(30) Old regions: 246->287
[2025-10-13T23:20:01.128-0700][1201][info ][gc,heap     ] GC(30) Humongous regions: 0->0
[2025-10-13T23:20:01.128-0700][1201][info ][gc,metaspace] GC(30) Metaspace: 279025K(282496K)->279025K(282496K) NonClass: 245828K(247744K)->245828K(247744K) Class: 33196K(34752K)->33196K(34752K)
[2025-10-13T23:20:01.128-0700][1201][info ][gc          ] GC(30) Pause Young (Normal) (G1 Evacuation Pause) 17079M->10323M(184320M) 137.679ms
[2025-10-13T23:20:01.129-0700][1201][info ][gc,cpu      ] GC(30) User=6.65s Sys=0.14s Real=0.14s
[2025-10-13T23:20:01.130-0700][1201][info ][safepoint   ] Safepoint "G1CollectForAllocation", Time since last: 2837726 ns, Reaching safepoint: 5945369 ns, Cleanup: 8683 ns, At safepoint: 140997569 ns, Total: 146951621 ns
[2025-10-13T23:20:01.148-0700][1201][info ][safepoint   ] Safepoint "ICBufferFull", Time since last: 9920128 ns, Reaching safepoint: 7332509 ns, Cleanup: 4066 ns, At safepoint: 822219 ns, Total: 8158794 ns
[2025-10-13T23:20:01.173-0700][1201][info ][safepoint   ] Safepoint "ICBufferFull", Time since last: 7985763 ns, Reaching safepoint: 1009141 ns, Cleanup: 12499 ns, At safepoint: 15442499 ns, Total: 16464139 ns
[2025-10-13T23:20:01.292-0700][1201][info ][safepoint   ] Safepoint "ICBufferFull", Time since last: 4538318 ns, Reaching safepoint: 110778154 ns, Cleanup: 17206 ns, At safepoint: 4214891 ns, Total: 115010251 ns
[2025-10-13T23:20:01.310-0700][1201][info ][safepoint   ] Safepoint "ICBufferFull", Time since last: 3993678 ns, Reaching safepoint: 13735227 ns, Cleanup: 6970 ns, At safepoint: 357910 ns, Total: 14100107 ns
[2025-10-13T23:20:01.316-0700][1201][info ][safepoint   ] Safepoint "ICBufferFull", Time since last: 1547802 ns, Reaching safepoint: 3569669 ns, Cleanup: 2253 ns, At safepoint: 299652 ns, Total: 3871574 ns
[2025-10-13T23:20:01.318-0700][1201][info ][safepoint   ] Safepoint "ICBufferFull", Time since last: 1233999 ns, Reaching safepoint: 980668 ns, Cleanup: 4176 ns, At safepoint: 415005 ns, Total: 1399849 ns
[2025-10-13T23:20:01.320-0700][1201][info ][safepoint   ] Safepoint "ICBufferFull", Time since last: 1066748 ns, Reaching safepoint: 382476 ns, Cleanup: 1262 ns, At safepoint: 297558 ns, Total: 681296 ns
[2025-10-13T23:20:01.336-0700][1201][info ][safepoint   ] Safepoint "ICBufferFull", Time since last: 799595 ns, Reaching safepoint: 14449804 ns, Cleanup: 9113 ns, At safepoint: 460494 ns, Total: 14919411 ns
[2025-10-13T23:20:01.338-0700][1201][info ][safepoint   ] Safepoint "ICBufferFull", Time since last: 641407 ns, Reaching safepoint: 972455 ns, Cleanup: 1222 ns, At safepoint: 322446 ns, Total: 1296123 ns
[2025-10-13T23:20:01.354-0700][1201][info ][safepoint   ] Safepoint "ICBufferFull", Time since last: 3517049 ns, Reaching safepoint: 11973763 ns, Cleanup: 6670 ns, At safepoint: 438471 ns, Total: 12418904 ns
[2025-10-13T23:20:01.358-0700][1201][info ][safepoint   ] Safepoint "ICBufferFull", Time since last: 3596479 ns, Reaching safepoint: 454725 ns, Cleanup: 4837 ns, At safepoint: 276938 ns, Total: 736500 ns
[2025-10-13T23:20:01.375-0700][1201][info ][safepoint   ] Safepoint "ICBufferFull", Time since last: 3208604 ns, Reaching safepoint: 12946479 ns, Cleanup: 1903 ns, At safepoint: 381114 ns, Total: 13329496 ns
[2025-10-13T23:20:01.376-0700][1201][info ][safepoint   ] Safepoint "ICBufferFull", Time since last: 828839 ns, Reaching safepoint: 678172 ns, Cleanup: 991 ns, At safepoint: 233021 ns, Total: 912184 ns
[2025-10-13T23:20:01.377-0700][1201][info ][safepoint   ] Safepoint "ICBufferFull", Time since last: 156246 ns, Reaching safepoint: 306972 ns, Cleanup: 882 ns, At safepoint: 239460 ns, Total: 547314 ns
[2025-10-13T23:20:01.396-0700][1201][info ][safepoint   ] Safepoint "ICBufferFull", Time since last: 3200353 ns, Reaching safepoint: 15031660 ns, Cleanup: 1232 ns, At safepoint: 352411 ns, Total: 15385303 ns
[2025-10-13T23:20:01.398-0700][1201][info ][safepoint   ] Safepoint "ICBufferFull", Time since last: 708167 ns, Reaching safepoint: 1581783 ns, Cleanup: 852 ns, At safepoint: 240412 ns, Total: 1823047 ns
[2025-10-13T23:20:01.399-0700][1201][info ][safepoint   ] Safepoint "ICBufferFull", Time since last: 167923 ns, Reaching safepoint: 306051 ns, Cleanup: 5248 ns, At safepoint: 224879 ns, Total: 536178 ns
[2025-10-13T23:20:01.400-0700][1201][info ][gc,start    ] GC(31) Pause Young (Concurrent Start) (CodeCache GC Threshold)
[2025-10-13T23:20:01.400-0700][1201][info ][gc,task     ] GC(31) Using 113 workers of 113 for evacuation
[2025-10-13T23:20:01.410-0700][1201][debug][gc,remset   ] GC(31) Visited cards 8733184 Total dirty 18743296 (46.59%) Total old 25100288 (34.79%)
[2025-10-13T23:20:01.510-0700][1201][info ][gc,phases   ] GC(31)   Pre Evacuate Collection Set: 0.7ms
[2025-10-13T23:20:01.510-0700][1201][info ][gc,phases   ] GC(31)   Merge Heap Roots: 8.9ms
[2025-10-13T23:20:01.510-0700][1201][info ][gc,phases   ] GC(31)   Evacuate Collection Set: 97.3ms
[2025-10-13T23:20:01.510-0700][1201][info ][gc,phases   ] GC(31)   Post Evacuate Collection Set: 2.4ms
[2025-10-13T23:20:01.510-0700][1201][info ][gc,phases   ] GC(31)   Other: 0.1ms
[2025-10-13T23:20:01.510-0700][1201][debug][gc,remset   ] GC(31) Coarsening (recent): Inline->AoC 490 (2) AoC->Howl 28 (7) Howl->Full 0 (0) Inline->AoC 57 (5) AoC->BitMap 22 (6) BitMap->Full 0 (0) 
[2025-10-13T23:20:01.510-0700][1201][debug][gc,remset   ] GC(31) Coarsening (all): Inline->AoC 13652 (10) AoC->Howl 659 (33) Howl->Full 0 (0) Inline->AoC 3301 (9) AoC->BitMap 473 (34) BitMap->Full 0 (0) 
[2025-10-13T23:20:01.510-0700][1201][info ][gc,heap     ] GC(31) Eden regions: 12->0(280)
[2025-10-13T23:20:01.510-0700][1201][info ][gc,heap     ] GC(31) Survivor regions: 36->8(36)
[2025-10-13T23:20:01.510-0700][1201][info ][gc,heap     ] GC(31) Old regions: 287->327
[2025-10-13T23:20:01.510-0700][1201][info ][gc,heap     ] GC(31) Humongous regions: 0->0
[2025-10-13T23:20:01.510-0700][1201][info ][gc,metaspace] GC(31) Metaspace: 279034K(282496K)->279034K(282496K) NonClass: 245837K(247744K)->245837K(247744K) Class: 33196K(34752K)->33196K(34752K)
[2025-10-13T23:20:01.510-0700][1201][info ][gc          ] GC(31) Pause Young (Concurrent Start) (CodeCache GC Threshold) 10707M->10671M(184320M) 109.585ms
[2025-10-13T23:20:01.510-0700][1084][info ][gc          ] GC(32) Concurrent Mark Cycle
[2025-10-13T23:20:01.510-0700][1084][info ][gc,marking  ] GC(32) Concurrent Scan Root Regions
[2025-10-13T23:20:01.512-0700][1201][info ][gc,cpu      ] GC(31) User=2.99s Sys=0.05s Real=0.11s
[2025-10-13T23:20:01.512-0700][1201][info ][safepoint   ] Safepoint "G1TryInitiateConcMark", Time since last: 102164 ns, Reaching safepoint: 309566 ns, Cleanup: 781 ns, At safepoint: 112932971 ns, Total: 113243318 ns
[2025-10-13T23:20:01.516-0700][1201][info ][safepoint   ] Safepoint "ICBufferFull", Time since last: 3104558 ns, Reaching safepoint: 583159 ns, Cleanup: 2454 ns, At safepoint: 259120 ns, Total: 844733 ns
[2025-10-13T23:20:01.518-0700][1201][info ][safepoint   ] Safepoint "ICBufferFull", Time since last: 532292 ns, Reaching safepoint: 529398 ns, Cleanup: 1612 ns, At safepoint: 475637 ns, Total: 1006647 ns
[2025-10-13T23:20:01.533-0700][1084][info ][gc,marking  ] GC(32) Concurrent Scan Root Regions 23.078ms
[2025-10-13T23:20:01.534-0700][1084][info ][gc,marking  ] GC(32) Concurrent Mark
[2025-10-13T23:20:01.534-0700][1084][info ][gc,marking  ] GC(32) Concurrent Mark From Roots
[2025-10-13T23:20:01.534-0700][1084][info ][gc,task     ] GC(32) Using 36 workers of 36 for marking
[2025-10-13T23:20:01.535-0700][1201][info ][safepoint   ] Safepoint "ICBufferFull", Time since last: 15535189 ns, Reaching safepoint: 834297 ns, Cleanup: 3425 ns, At safepoint: 839876 ns, Total: 1677598 ns
[2025-10-13T23:20:01.562-0700][1201][info ][safepoint   ] Safepoint "ICBufferFull", Time since last: 10330706 ns, Reaching safepoint: 12933709 ns, Cleanup: 22214 ns, At safepoint: 3946797 ns, Total: 16902720 ns
[2025-10-13T23:20:01.605-0700][1201][info ][safepoint   ] Safepoint "ICBufferFull", Time since last: 12110288 ns, Reaching safepoint: 19922680 ns, Cleanup: 10286 ns, At safepoint: 11097912 ns, Total: 31030878 ns
[2025-10-13T23:20:01.777-0700][1201][info ][safepoint   ] Safepoint "ICBufferFull", Time since last: 7940996 ns, Reaching safepoint: 162042801 ns, Cleanup: 41062 ns, At safepoint: 1470255 ns, Total: 163554118 ns
[2025-10-13T23:20:01.869-0700][1201][info ][safepoint   ] Safepoint "ICBufferFull", Time since last: 20467942 ns, Reaching safepoint: 35623849 ns, Cleanup: 22174 ns, At safepoint: 36436814 ns, Total: 72082837 ns
[2025-10-13T23:20:02.032-0700][1201][info ][safepoint   ] Safepoint "ICBufferFull", Time since last: 6914969 ns, Reaching safepoint: 138198743 ns, Cleanup: 31026 ns, At safepoint: 17822696 ns, Total: 156052465 ns
[2025-10-13T23:20:02.107-0700][1201][info ][safepoint   ] Safepoint "ICBufferFull", Time since last: 12935061 ns, Reaching safepoint: 32272970 ns, Cleanup: 13080 ns, At safepoint: 29768796 ns, Total: 62054846 ns
[2025-10-13T23:20:02.185-0700][1201][info ][safepoint   ] Safepoint "ICBufferFull", Time since last: 3953708 ns, Reaching safepoint: 34398132 ns, Cleanup: 14432 ns, At safepoint: 39635113 ns, Total: 74047677 ns
[2025-10-13T23:20:02.265-0700][1201][info ][safepoint   ] Safepoint "ICBufferFull", Time since last: 30950297 ns, Reaching safepoint: 31967539 ns, Cleanup: 36736 ns, At safepoint: 17026997 ns, Total: 49031272 ns
[2025-10-13T23:20:02.356-0700][1201][info ][safepoint   ] Safepoint "ICBufferFull", Time since last: 7965923 ns, Reaching safepoint: 62257912 ns, Cleanup: 23475 ns, At safepoint: 20753683 ns, Total: 83035070 ns
[2025-10-13T23:20:02.423-0700][1201][info ][safepoint   ] Safepoint "ICBufferFull", Time since last: 4961155 ns, Reaching safepoint: 23332038 ns, Cleanup: 5117 ns, At safepoint: 38807807 ns, Total: 62144962 ns
[2025-10-13T23:20:02.510-0700][1201][info ][safepoint   ] Safepoint "ICBufferFull", Time since last: 2883285 ns, Reaching safepoint: 70617048 ns, Cleanup: 22383 ns, At safepoint: 13364899 ns, Total: 84004330 ns
[2025-10-13T23:20:02.572-0700][1201][info ][safepoint   ] Safepoint "ICBufferFull", Time since last: 10035612 ns, Reaching safepoint: 30003190 ns, Cleanup: 4396 ns, At safepoint: 21911617 ns, Total: 51919203 ns
[2025-10-13T23:20:02.597-0700][1201][info ][safepoint   ] Safepoint "ICBufferFull", Time since last: 2247267 ns, Reaching safepoint: 3592313 ns, Cleanup: 10866 ns, At safepoint: 19218279 ns, Total: 22821458 ns
[2025-10-13T23:20:02.642-0700][1201][info ][safepoint   ] Safepoint "ICBufferFull", Time since last: 7410797 ns, Reaching safepoint: 35660364 ns, Cleanup: 12008 ns, At safepoint: 1122682 ns, Total: 36795054 ns
[2025-10-13T23:20:02.678-0700][1201][info ][safepoint   ] Safepoint "ICBufferFull", Time since last: 4074870 ns, Reaching safepoint: 22586924 ns, Cleanup: 11978 ns, At safepoint: 10159249 ns, Total: 32758151 ns
[2025-10-13T23:20:02.719-0700][1201][info ][safepoint   ] Safepoint "ICBufferFull", Time since last: 3934098 ns, Reaching safepoint: 25491621 ns, Cleanup: 11017 ns, At safepoint: 11516633 ns, Total: 37019271 ns
[2025-10-13T23:20:02.780-0700][1201][info ][safepoint   ] Safepoint "ICBufferFull", Time since last: 16186280 ns, Reaching safepoint: 17149442 ns, Cleanup: 17576 ns, At safepoint: 27471846 ns, Total: 44638864 ns
[2025-10-13T23:20:02.965-0700][1201][info ][safepoint   ] Safepoint "ICBufferFull", Time since last: 4501523 ns, Reaching safepoint: 152855287 ns, Cleanup: 24777 ns, At safepoint: 27834682 ns, Total: 180714746 ns
[2025-10-13T23:20:03.060-0700][1201][info ][safepoint   ] Safepoint "ICBufferFull", Time since last: 2963626 ns, Reaching safepoint: 63861789 ns, Cleanup: 22864 ns, At safepoint: 28099671 ns, Total: 91984324 ns
[2025-10-13T23:20:03.126-0700][1201][info ][safepoint   ] Safepoint "ICBufferFull", Time since last: 5963817 ns, Reaching safepoint: 24328539 ns, Cleanup: 33921 ns, At safepoint: 35678241 ns, Total: 60040701 ns
[2025-10-13T23:20:03.200-0700][1201][info ][safepoint   ] Safepoint "ICBufferFull", Time since last: 4950880 ns, Reaching safepoint: 35058447 ns, Cleanup: 10516 ns, At safepoint: 33988125 ns, Total: 69057088 ns
[2025-10-13T23:20:03.251-0700][1201][info ][safepoint   ] Safepoint "ICBufferFull", Time since last: 4947164 ns, Reaching safepoint: 17264905 ns, Cleanup: 10466 ns, At safepoint: 28865225 ns, Total: 46140596 ns
[2025-10-13T23:20:03.375-0700][1201][info ][safepoint   ] Safepoint "ICBufferFull", Time since last: 16870591 ns, Reaching safepoint: 81802463 ns, Cleanup: 14081 ns, At safepoint: 25229637 ns, Total: 107046181 ns
[2025-10-13T23:20:03.412-0700][1201][info ][safepoint   ] Safepoint "ICBufferFull", Time since last: 3944654 ns, Reaching safepoint: 10049683 ns, Cleanup: 13400 ns, At safepoint: 22194664 ns, Total: 32257747 ns
[2025-10-13T23:20:03.507-0700][1201][info ][safepoint   ] Safepoint "ICBufferFull", Time since last: 7741635 ns, Reaching safepoint: 82346011 ns, Cleanup: 18468 ns, At safepoint: 5689303 ns, Total: 88053782 ns
[2025-10-13T23:20:03.515-0700][1201][info ][safepoint   ] Safepoint "ICBufferFull", Time since last: 446383 ns, Reaching safepoint: 2839869 ns, Cleanup: 10195 ns, At safepoint: 4689867 ns, Total: 7539931 ns
[2025-10-13T23:20:03.571-0700][1201][info ][safepoint   ] Safepoint "ICBufferFull", Time since last: 7965042 ns, Reaching safepoint: 31983814 ns, Cleanup: 29875 ns, At safepoint: 15722421 ns, Total: 47736110 ns
[2025-10-13T23:20:03.606-0700][1201][info ][safepoint   ] Safepoint "ICBufferFull", Time since last: 4272138 ns, Reaching safepoint: 16993416 ns, Cleanup: 24296 ns, At safepoint: 14010742 ns, Total: 31028454 ns
[2025-10-13T23:20:03.652-0700][1201][info ][safepoint   ] Safepoint "ICBufferFull", Time since last: 5378044 ns, Reaching safepoint: 24580058 ns, Cleanup: 13741 ns, At safepoint: 15718084 ns, Total: 40311883 ns
[2025-10-13T23:20:03.679-0700][1201][info ][safepoint   ] Safepoint "ICBufferFull", Time since last: 1486831 ns, Reaching safepoint: 13713554 ns, Cleanup: 11837 ns, At safepoint: 12294426 ns, Total: 26019817 ns
[2025-10-13T23:20:03.752-0700][1201][info ][safepoint   ] Safepoint "ICBufferFull", Time since last: 11762384 ns, Reaching safepoint: 52090632 ns, Cleanup: 13290 ns, At safepoint: 8888383 ns, Total: 60992305 ns
[2025-10-13T23:20:03.783-0700][1201][info ][safepoint   ] Safepoint "ICBufferFull", Time since last: 16561986 ns, Reaching safepoint: 10276535 ns, Cleanup: 9925 ns, At safepoint: 4163844 ns, Total: 14450304 ns
[2025-10-13T23:20:03.789-0700][1201][info ][gc,start    ] GC(33) Pause Young (Normal) (G1 Evacuation Pause)
[2025-10-13T23:20:03.789-0700][1201][info ][gc,task     ] GC(33) Using 113 workers of 113 for evacuation
[2025-10-13T23:20:03.800-0700][1201][debug][gc,remset   ] GC(33) Visited cards 10258176 Total dirty 21364736 (48.01%) Total old 59179008 (17.33%)
[2025-10-13T23:20:03.915-0700][1201][info ][gc,phases   ] GC(33)   Pre Evacuate Collection Set: 0.6ms
[2025-10-13T23:20:03.915-0700][1201][info ][gc,phases   ] GC(33)   Merge Heap Roots: 9.8ms
[2025-10-13T23:20:03.915-0700][1201][info ][gc,phases   ] GC(33)   Evacuate Collection Set: 107.6ms
[2025-10-13T23:20:03.915-0700][1201][info ][gc,phases   ] GC(33)   Post Evacuate Collection Set: 7.5ms
[2025-10-13T23:20:03.915-0700][1201][info ][gc,phases   ] GC(33)   Other: 0.1ms
[2025-10-13T23:20:03.915-0700][1201][debug][gc,remset   ] GC(33) Coarsening (recent): Inline->AoC 0 (0) AoC->Howl 0 (0) Howl->Full 0 (0) Inline->AoC 0 (0) AoC->BitMap 0 (0) BitMap->Full 0 (0) 
[2025-10-13T23:20:03.915-0700][1201][debug][gc,remset   ] GC(33) Coarsening (all): Inline->AoC 13652 (10) AoC->Howl 659 (33) Howl->Full 0 (0) Inline->AoC 3301 (9) AoC->BitMap 473 (34) BitMap->Full 0 (0) 
[2025-10-13T23:20:03.915-0700][1201][info ][gc,heap     ] GC(33) Eden regions: 280->0(252)
[2025-10-13T23:20:03.915-0700][1201][info ][gc,heap     ] GC(33) Survivor regions: 8->36(36)
[2025-10-13T23:20:03.915-0700][1201][info ][gc,heap     ] GC(33) Old regions: 327->345
[2025-10-13T23:20:03.915-0700][1201][info ][gc,heap     ] GC(33) Humongous regions: 0->0
[2025-10-13T23:20:03.915-0700][1201][info ][gc,metaspace] GC(33) Metaspace: 279348K(282944K)->279348K(282944K) NonClass: 246149K(248192K)->246149K(248192K) Class: 33199K(34752K)->33199K(34752K)
[2025-10-13T23:20:03.915-0700][1201][info ][gc          ] GC(33) Pause Young (Normal) (G1 Evacuation Pause) 19631M->12171M(184320M) 125.719ms
[2025-10-13T23:20:03.916-0700][1201][info ][gc,cpu      ] GC(33) User=5.63s Sys=0.03s Real=0.12s
[2025-10-13T23:20:03.920-0700][1201][info ][safepoint   ] Safepoint "G1CollectForAllocation", Time since last: 4020448 ns, Reaching safepoint: 565392 ns, Cleanup: 1923 ns, At safepoint: 132452684 ns, Total: 133019999 ns
[2025-10-13T23:20:03.940-0700][1201][info ][safepoint   ] Safepoint "ICBufferFull", Time since last: 9145120 ns, Reaching safepoint: 7706943 ns, Cleanup: 9515 ns, At safepoint: 2372494 ns, Total: 10088952 ns
[2025-10-13T23:20:04.290-0700][1201][info ][safepoint   ] Safepoint "ICBufferFull", Time since last: 18820580 ns, Reaching safepoint: 312266352 ns, Cleanup: 39940 ns, At safepoint: 19625933 ns, Total: 331932225 ns
[2025-10-13T23:20:04.726-0700][1201][info ][safepoint   ] Safepoint "ICBufferFull", Time since last: 9203619 ns, Reaching safepoint: 410262055 ns, Cleanup: 37116 ns, At safepoint: 16496497 ns, Total: 426795668 ns
[2025-10-13T23:20:04.737-0700][1201][info ][safepoint   ] Safepoint "ICBufferFull", Time since last: 1001620 ns, Reaching safepoint: 2022207 ns, Cleanup: 16094 ns, At safepoint: 7805952 ns, Total: 9844253 ns
[2025-10-13T23:20:04.804-0700][1201][info ][safepoint   ] Safepoint "ICBufferFull", Time since last: 610971 ns, Reaching safepoint: 48361462 ns, Cleanup: 16405 ns, At safepoint: 18164581 ns, Total: 66542448 ns
[2025-10-13T23:20:04.816-0700][1201][info ][safepoint   ] Safepoint "ICBufferFull", Time since last: 408105 ns, Reaching safepoint: 2754010 ns, Cleanup: 5278 ns, At safepoint: 8674170 ns, Total: 11433458 ns
[2025-10-13T23:20:04.842-0700][1201][info ][safepoint   ] Safepoint "ICBufferFull", Time since last: 12142687 ns, Reaching safepoint: 11071243 ns, Cleanup: 10866 ns, At safepoint: 2339515 ns, Total: 13421624 ns
[2025-10-13T23:20:04.870-0700][1201][info ][safepoint   ] Safepoint "ICBufferFull", Time since last: 3793987 ns, Reaching safepoint: 14779931 ns, Cleanup: 10957 ns, At safepoint: 10013298 ns, Total: 24804186 ns
[2025-10-13T23:20:04.914-0700][1201][info ][safepoint   ] Safepoint "ICBufferFull", Time since last: 11253307 ns, Reaching safepoint: 23714393 ns, Cleanup: 5158 ns, At safepoint: 9032981 ns, Total: 32752532 ns
[2025-10-13T23:20:04.929-0700][1201][info ][safepoint   ] Safepoint "ICBufferFull", Time since last: 1853143 ns, Reaching safepoint: 5770004 ns, Cleanup: 14232 ns, At safepoint: 7365027 ns, Total: 13149263 ns
[2025-10-13T23:20:04.975-0700][1201][info ][safepoint   ] Safepoint "ICBufferFull", Time since last: 20649586 ns, Reaching safepoint: 16494324 ns, Cleanup: 18328 ns, At safepoint: 8730725 ns, Total: 25243377 ns
[2025-10-13T23:20:05.049-0700][1201][info ][safepoint   ] Safepoint "ICBufferFull", Time since last: 4070544 ns, Reaching safepoint: 13989279 ns, Cleanup: 11177 ns, At safepoint: 55992872 ns, Total: 69993328 ns
[2025-10-13T23:20:05.071-0700][1201][info ][safepoint   ] Safepoint "ICBufferFull", Time since last: 1342683 ns, Reaching safepoint: 18734049 ns, Cleanup: 24727 ns, At safepoint: 1495774 ns, Total: 20254550 ns
[2025-10-13T23:20:05.125-0700][1201][info ][safepoint   ] Safepoint "ICBufferFull", Time since last: 28412533 ns, Reaching safepoint: 23984521 ns, Cleanup: 17566 ns, At safepoint: 1481523 ns, Total: 25483610 ns
[2025-10-13T23:20:05.146-0700][1201][info ][safepoint   ] Safepoint "ICBufferFull", Time since last: 3511040 ns, Reaching safepoint: 7898522 ns, Cleanup: 3746 ns, At safepoint: 9501837 ns, Total: 17404105 ns
[2025-10-13T23:20:05.166-0700][1201][info ][safepoint   ] Safepoint "ICBufferFull", Time since last: 7624279 ns, Reaching safepoint: 9452153 ns, Cleanup: 16044 ns, At safepoint: 2912689 ns, Total: 12380886 ns
[2025-10-13T23:20:05.177-0700][1201][info ][safepoint   ] Safepoint "ICBufferFull", Time since last: 3847307 ns, Reaching safepoint: 5726399 ns, Cleanup: 8863 ns, At safepoint: 1311206 ns, Total: 7046468 ns
[2025-10-13T23:20:05.227-0700][1201][info ][safepoint   ] Safepoint "ICBufferFull", Time since last: 25839606 ns, Reaching safepoint: 20950018 ns, Cleanup: 14802 ns, At safepoint: 3855710 ns, Total: 24820530 ns
[2025-10-13T23:20:05.265-0700][1201][info ][safepoint   ] Safepoint "ICBufferFull", Time since last: 21032132 ns, Reaching safepoint: 8759269 ns, Cleanup: 26299 ns, At safepoint: 2425815 ns, Total: 11211383 ns
[2025-10-13T23:20:05.300-0700][1201][info ][safepoint   ] Safepoint "ICBufferFull", Time since last: 20793302 ns, Reaching safepoint: 5415210 ns, Cleanup: 10716 ns, At safepoint: 9467837 ns, Total: 14893763 ns
[2025-10-13T23:20:05.349-0700][1201][info ][safepoint   ] Safepoint "ICBufferFull", Time since last: 28091639 ns, Reaching safepoint: 18184922 ns, Cleanup: 14431 ns, At safepoint: 7728536 ns, Total: 25927889 ns
[2025-10-13T23:20:05.391-0700][1201][info ][safepoint   ] Safepoint "ICBufferFull", Time since last: 15095897 ns, Reaching safepoint: 24105092 ns, Cleanup: 18148 ns, At safepoint: 2986580 ns, Total: 27109820 ns
[2025-10-13T23:20:05.426-0700][1201][info ][safepoint   ] Safepoint "ICBufferFull", Time since last: 7533582 ns, Reaching safepoint: 22517029 ns, Cleanup: 18688 ns, At safepoint: 4242483 ns, Total: 26778200 ns
[2025-10-13T23:20:05.447-0700][1201][info ][safepoint   ] Safepoint "ICBufferFull", Time since last: 3624982 ns, Reaching safepoint: 15024369 ns, Cleanup: 4667 ns, At safepoint: 2482191 ns, Total: 17511227 ns
[2025-10-13T23:20:05.484-0700][1201][info ][safepoint   ] Safepoint "ICBufferFull", Time since last: 5460017 ns, Reaching safepoint: 22258229 ns, Cleanup: 10907 ns, At safepoint: 9735209 ns, Total: 32004345 ns
[2025-10-13T23:20:05.531-0700][1201][info ][safepoint   ] Safepoint "ICBufferFull", Time since last: 11979792 ns, Reaching safepoint: 27040094 ns, Cleanup: 5048 ns, At safepoint: 7693373 ns, Total: 34738515 ns
[2025-10-13T23:20:05.574-0700][1201][info ][safepoint   ] Safepoint "ICBufferFull", Time since last: 6256227 ns, Reaching safepoint: 26284716 ns, Cleanup: 24898 ns, At safepoint: 10725451 ns, Total: 37035065 ns
[2025-10-13T23:20:05.600-0700][1201][info ][safepoint   ] Safepoint "ICBufferFull", Time since last: 3957744 ns, Reaching safepoint: 19225279 ns, Cleanup: 31638 ns, At safepoint: 2507789 ns, Total: 21764706 ns
[2025-10-13T23:20:05.631-0700][1201][info ][safepoint   ] Safepoint "ICBufferFull", Time since last: 5994522 ns, Reaching safepoint: 17620161 ns, Cleanup: 11738 ns, At safepoint: 7599170 ns, Total: 25231069 ns
[2025-10-13T23:20:05.643-0700][1201][info ][safepoint   ] Safepoint "ICBufferFull", Time since last: 199291 ns, Reaching safepoint: 9004097 ns, Cleanup: 17897 ns, At safepoint: 2627289 ns, Total: 11649283 ns
[2025-10-13T23:20:05.652-0700][1201][info ][safepoint   ] Safepoint "ICBufferFull", Time since last: 296166 ns, Reaching safepoint: 3824423 ns, Cleanup: 10266 ns, At safepoint: 4925031 ns, Total: 8759720 ns
[2025-10-13T23:20:05.662-0700][1201][info ][safepoint   ] Safepoint "ICBufferFull", Time since last: 1188441 ns, Reaching safepoint: 4324636 ns, Cleanup: 9444 ns, At safepoint: 4348282 ns, Total: 8682362 ns
[2025-10-13T23:20:05.673-0700][1201][info ][safepoint   ] Safepoint "ICBufferFull", Time since last: 3865405 ns, Reaching safepoint: 5586227 ns, Cleanup: 4908 ns, At safepoint: 1891800 ns, Total: 7482935 ns
[2025-10-13T23:20:05.707-0700][1201][info ][safepoint   ] Safepoint "ICBufferFull", Time since last: 15889323 ns, Reaching safepoint: 13566362 ns, Cleanup: 9975 ns, At safepoint: 4438418 ns, Total: 18014755 ns
[2025-10-13T23:20:05.713-0700][1201][info ][safepoint   ] Safepoint "ICBufferFull", Time since last: 2837085 ns, Reaching safepoint: 1037463 ns, Cleanup: 9344 ns, At safepoint: 1891020 ns, Total: 2937827 ns
[2025-10-13T23:20:05.741-0700][1201][info ][safepoint   ] Safepoint "ICBufferFull", Time since last: 8218233 ns, Reaching safepoint: 16536268 ns, Cleanup: 15022 ns, At safepoint: 3239041 ns, Total: 19790331 ns
[2025-10-13T23:20:05.783-0700][1201][info ][safepoint   ] Safepoint "ICBufferFull", Time since last: 513374 ns, Reaching safepoint: 11846901 ns, Cleanup: 10736 ns, At safepoint: 29125918 ns, Total: 40983555 ns
[2025-10-13T23:20:05.830-0700][1201][info ][safepoint   ] Safepoint "ICBufferFull", Time since last: 3655388 ns, Reaching safepoint: 1359048 ns, Cleanup: 9154 ns, At safepoint: 42331386 ns, Total: 43699588 ns
[2025-10-13T23:20:05.861-0700][1201][info ][safepoint   ] Safepoint "ICBufferFull", Time since last: 4987185 ns, Reaching safepoint: 13845452 ns, Cleanup: 16575 ns, At safepoint: 12067023 ns, Total: 25929050 ns
[2025-10-13T23:20:05.869-0700][1201][info ][safepoint   ] Safepoint "ICBufferFull", Time since last: 3426113 ns, Reaching safepoint: 1790298 ns, Cleanup: 9604 ns, At safepoint: 3069395 ns, Total: 4869297 ns
[2025-10-13T23:20:05.921-0700][1201][info ][safepoint   ] Safepoint "ICBufferFull", Time since last: 13779574 ns, Reaching safepoint: 17394750 ns, Cleanup: 13801 ns, At safepoint: 20932402 ns, Total: 38340953 ns
[2025-10-13T23:20:06.001-0700][1201][info ][safepoint   ] Safepoint "ICBufferFull", Time since last: 48010774 ns, Reaching safepoint: 1641163 ns, Cleanup: 11047 ns, At safepoint: 29681685 ns, Total: 31333895 ns
[2025-10-13T23:20:06.105-0700][1201][info ][safepoint   ] Safepoint "ICBufferFull", Time since last: 42670167 ns, Reaching safepoint: 2325854 ns, Cleanup: 10726 ns, At safepoint: 59007144 ns, Total: 61343724 ns
[2025-10-13T23:20:06.170-0700][1201][info ][safepoint   ] Safepoint "ICBufferFull", Time since last: 46655252 ns, Reaching safepoint: 11049369 ns, Cleanup: 10706 ns, At safepoint: 7696047 ns, Total: 18756122 ns
[2025-10-13T23:20:06.233-0700][1201][info ][safepoint   ] Safepoint "ICBufferFull", Time since last: 47241174 ns, Reaching safepoint: 9078160 ns, Cleanup: 13901 ns, At safepoint: 6845615 ns, Total: 15937676 ns
[2025-10-13T23:20:06.245-0700][1201][info ][safepoint   ] Safepoint "ICBufferFull", Time since last: 189345 ns, Reaching safepoint: 1363184 ns, Cleanup: 9154 ns, At safepoint: 9753968 ns, Total: 11126306 ns
[2025-10-13T23:20:06.286-0700][1201][info ][safepoint   ] Safepoint "ICBufferFull", Time since last: 452201 ns, Reaching safepoint: 1909918 ns, Cleanup: 9174 ns, At safepoint: 39470525 ns, Total: 41389617 ns
[2025-10-13T23:20:06.319-0700][1201][info ][safepoint   ] Safepoint "ICBufferFull", Time since last: 12986468 ns, Reaching safepoint: 4907846 ns, Cleanup: 10506 ns, At safepoint: 14653580 ns, Total: 19571932 ns
[2025-10-13T23:20:06.345-0700][1201][info ][safepoint   ] Safepoint "ICBufferFull", Time since last: 4347020 ns, Reaching safepoint: 10072518 ns, Cleanup: 13280 ns, At safepoint: 11615402 ns, Total: 21701200 ns
[2025-10-13T23:20:06.361-0700][1201][info ][safepoint   ] Safepoint "ICBufferFull", Time since last: 118839 ns, Reaching safepoint: 1100449 ns, Cleanup: 11968 ns, At safepoint: 14625558 ns, Total: 15737975 ns
[2025-10-13T23:20:06.393-0700][1201][info ][safepoint   ] Safepoint "ICBufferFull", Time since last: 21161467 ns, Reaching safepoint: 8689133 ns, Cleanup: 11918 ns, At safepoint: 2454198 ns, Total: 11155249 ns
[2025-10-13T23:20:06.509-0700][1201][info ][safepoint   ] Safepoint "ICBufferFull", Time since last: 110126391 ns, Reaching safepoint: 4818581 ns, Cleanup: 12880 ns, At safepoint: 1371807 ns, Total: 6203268 ns
[2025-10-13T23:20:06.517-0700][1201][info ][safepoint   ] Safepoint "ICBufferFull", Time since last: 3798333 ns, Reaching safepoint: 2658626 ns, Cleanup: 6370 ns, At safepoint: 609729 ns, Total: 3274725 ns
[2025-10-13T23:20:06.529-0700][1201][info ][safepoint   ] Safepoint "ICBufferFull", Time since last: 11721222 ns, Reaching safepoint: 902389 ns, Cleanup: 3746 ns, At safepoint: 346843 ns, Total: 1252978 ns
[2025-10-13T23:20:06.532-0700][1201][info ][gc,start    ] GC(34) Pause Young (Normal) (G1 Evacuation Pause)
[2025-10-13T23:20:06.532-0700][1201][info ][gc,task     ] GC(34) Using 113 workers of 113 for evacuation
[2025-10-13T23:20:06.546-0700][1201][debug][gc,remset   ] GC(34) Visited cards 11660544 Total dirty 22609920 (51.57%) Total old 60358656 (19.32%)
[2025-10-13T23:20:06.668-0700][1201][info ][gc,phases   ] GC(34)   Pre Evacuate Collection Set: 0.6ms
[2025-10-13T23:20:06.668-0700][1201][info ][gc,phases   ] GC(34)   Merge Heap Roots: 13.4ms
[2025-10-13T23:20:06.668-0700][1201][info ][gc,phases   ] GC(34)   Evacuate Collection Set: 114.3ms
[2025-10-13T23:20:06.668-0700][1201][info ][gc,phases   ] GC(34)   Post Evacuate Collection Set: 7.4ms
[2025-10-13T23:20:06.668-0700][1201][info ][gc,phases   ] GC(34)   Other: 0.1ms
[2025-10-13T23:20:06.668-0700][1201][debug][gc,remset   ] GC(34) Coarsening (recent): Inline->AoC 1027 (0) AoC->Howl 24 (0) Howl->Full 0 (0) Inline->AoC 74 (0) AoC->BitMap 18 (0) BitMap->Full 0 (0) 
[2025-10-13T23:20:06.668-0700][1201][debug][gc,remset   ] GC(34) Coarsening (all): Inline->AoC 14679 (10) AoC->Howl 683 (33) Howl->Full 0 (0) Inline->AoC 3375 (9) AoC->BitMap 491 (34) BitMap->Full 0 (0) 
[2025-10-13T23:20:06.668-0700][1201][info ][gc,heap     ] GC(34) Eden regions: 252->0(252)
[2025-10-13T23:20:06.668-0700][1201][info ][gc,heap     ] GC(34) Survivor regions: 36->36(36)
[2025-10-13T23:20:06.668-0700][1201][info ][gc,heap     ] GC(34) Old regions: 345->387
[2025-10-13T23:20:06.668-0700][1201][info ][gc,heap     ] GC(34) Humongous regions: 0->0
[2025-10-13T23:20:06.668-0700][1201][info ][gc,metaspace] GC(34) Metaspace: 279494K(283136K)->279494K(283136K) NonClass: 246292K(248384K)->246292K(248384K) Class: 33201K(34752K)->33201K(34752K)
[2025-10-13T23:20:06.668-0700][1201][info ][gc          ] GC(34) Pause Young (Normal) (G1 Evacuation Pause) 20235M->13522M(184320M) 136.024ms
[2025-10-13T23:20:06.669-0700][1201][info ][gc,cpu      ] GC(34) User=7.10s Sys=0.09s Real=0.14s
[2025-10-13T23:20:06.676-0700][1201][info ][safepoint   ] Safepoint "G1CollectForAllocation", Time since last: 302185 ns, Reaching safepoint: 808698 ns, Cleanup: 5318 ns, At safepoint: 145790672 ns, Total: 146604688 ns
[2025-10-13T23:20:06.682-0700][1201][info ][safepoint   ] Safepoint "ICBufferFull", Time since last: 94473 ns, Reaching safepoint: 4926783 ns, Cleanup: 3636 ns, At safepoint: 783921 ns, Total: 5714340 ns
[2025-10-13T23:20:06.731-0700][1201][info ][safepoint   ] Safepoint "ICBufferFull", Time since last: 30041167 ns, Reaching safepoint: 7213550 ns, Cleanup: 21792 ns, At safepoint: 11428551 ns, Total: 18663893 ns
[2025-10-13T23:20:06.839-0700][1201][info ][safepoint   ] Safepoint "ICBufferFull", Time since last: 566905 ns, Reaching safepoint: 2826048 ns, Cleanup: 10265 ns, At safepoint: 105088010 ns, Total: 107924323 ns
[2025-10-13T23:20:06.898-0700][1201][info ][safepoint   ] Safepoint "ICBufferFull", Time since last: 32963511 ns, Reaching safepoint: 16354513 ns, Cleanup: 10796 ns, At safepoint: 8794282 ns, Total: 25159591 ns
[2025-10-13T23:20:06.972-0700][1084][info ][gc,marking  ] GC(32) Concurrent Mark From Roots 5438.730ms
[2025-10-13T23:20:06.972-0700][1084][info ][gc,marking  ] GC(32) Concurrent Preclean
[2025-10-13T23:20:06.984-0700][1084][info ][gc,marking  ] GC(32) Concurrent Preclean 11.543ms
[2025-10-13T23:20:06.991-0700][1201][info ][gc,start    ] GC(32) Pause Remark
[2025-10-13T23:20:07.337-0700][1201][info ][gc,mmu      ] GC(32) MMU target violated: 201.0ms (200.0ms/201.0ms)
[2025-10-13T23:20:07.337-0700][1201][info ][gc          ] GC(32) Pause Remark 14674M->14674M(184320M) 346.536ms
[2025-10-13T23:20:07.338-0700][1201][info ][gc,cpu      ] GC(32) User=12.81s Sys=0.16s Real=0.35s
[2025-10-13T23:20:07.341-0700][1201][info ][safepoint   ] Safepoint "G1PauseRemark", Time since last: 90866771 ns, Reaching safepoint: 984854 ns, Cleanup: 14131 ns, At safepoint: 351892783 ns, Total: 352891768 ns
[2025-10-13T23:20:07.350-0700][1084][info ][gc,marking  ] GC(32) Concurrent Mark 5816.754ms
[2025-10-13T23:20:07.350-0700][1084][info ][gc,marking  ] GC(32) Concurrent Rebuild Remembered Sets and Scrub Regions
[2025-10-13T23:20:08.510-0700][1201][info ][safepoint   ] Safepoint "Cleanup", Time since last: 1129406484 ns, Reaching safepoint: 22400093 ns, Cleanup: 211549 ns, At safepoint: 17013626 ns, Total: 39625268 ns
[2025-10-13T23:20:08.700-0700][1084][info ][gc,marking  ] GC(32) Concurrent Rebuild Remembered Sets and Scrub Regions 1349.765ms
[2025-10-13T23:20:08.706-0700][1201][info ][gc,start    ] GC(32) Pause Cleanup
[2025-10-13T23:20:08.706-0700][1201][info ][gc          ] GC(32) Pause Cleanup 18258M->18258M(184320M) 0.954ms
[2025-10-13T23:20:08.708-0700][1201][info ][gc,cpu      ] GC(32) User=0.01s Sys=0.01s Real=0.00s
[2025-10-13T23:20:08.728-0700][1201][info ][safepoint   ] Safepoint "G1PauseCleanup", Time since last: 192928180 ns, Reaching safepoint: 1028260 ns, Cleanup: 20531 ns, At safepoint: 23970729 ns, Total: 25019520 ns
[2025-10-13T23:20:08.728-0700][1084][info ][gc,marking  ] GC(32) Concurrent Clear Claimed Marks
[2025-10-13T23:20:08.729-0700][1084][info ][gc,marking  ] GC(32) Concurrent Clear Claimed Marks 0.494ms
[2025-10-13T23:20:08.729-0700][1084][info ][gc,marking  ] GC(32) Concurrent Cleanup for Next Mark
[2025-10-13T23:20:08.769-0700][1084][info ][gc,marking  ] GC(32) Concurrent Cleanup for Next Mark 40.394ms
[2025-10-13T23:20:08.769-0700][1084][info ][gc          ] GC(32) Concurrent Mark Cycle 7258.949ms
[2025-10-13T23:20:09.772-0700][1201][info ][safepoint   ] Safepoint "Cleanup", Time since last: 1011996758 ns, Reaching safepoint: 1252107 ns, Cleanup: 42273 ns, At safepoint: 30530555 ns, Total: 31824935 ns
[2025-10-13T23:20:10.203-0700][1201][info ][gc,start    ] GC(35) Pause Young (Prepare Mixed) (G1 Evacuation Pause)
[2025-10-13T23:20:10.203-0700][1201][info ][gc,task     ] GC(35) Using 113 workers of 113 for evacuation
[2025-10-13T23:20:10.217-0700][1201][debug][gc,remset   ] GC(35) Visited cards 12664832 Total dirty 25100288 (50.46%) Total old 63111168 (20.07%)
[2025-10-13T23:20:10.292-0700][1201][info ][gc,phases   ] GC(35)   Pre Evacuate Collection Set: 0.8ms
[2025-10-13T23:20:10.292-0700][1201][info ][gc,phases   ] GC(35)   Merge Heap Roots: 12.8ms
[2025-10-13T23:20:10.292-0700][1201][info ][gc,phases   ] GC(35)   Evacuate Collection Set: 69.1ms
[2025-10-13T23:20:10.292-0700][1201][info ][gc,phases   ] GC(35)   Post Evacuate Collection Set: 5.6ms
[2025-10-13T23:20:10.292-0700][1201][info ][gc,phases   ] GC(35)   Other: 0.1ms
[2025-10-13T23:20:10.292-0700][1201][debug][gc,remset   ] GC(35) Coarsening (recent): Inline->AoC 64424 (0) AoC->Howl 6215 (0) Howl->Full 0 (0) Inline->AoC 42363 (0) AoC->BitMap 6349 (0) BitMap->Full 0 (0) 
[2025-10-13T23:20:10.292-0700][1201][debug][gc,remset   ] GC(35) Coarsening (all): Inline->AoC 79103 (10) AoC->Howl 6898 (33) Howl->Full 0 (0) Inline->AoC 45738 (9) AoC->BitMap 6840 (34) BitMap->Full 0 (0) 
[2025-10-13T23:20:10.292-0700][1201][info ][gc,heap     ] GC(35) Eden regions: 252->0(252)
[2025-10-13T23:20:10.292-0700][1201][info ][gc,heap     ] GC(35) Survivor regions: 36->36(36)
[2025-10-13T23:20:10.292-0700][1201][info ][gc,heap     ] GC(35) Old regions: 387->423
[2025-10-13T23:20:10.292-0700][1201][info ][gc,heap     ] GC(35) Humongous regions: 0->0
[2025-10-13T23:20:10.292-0700][1201][info ][gc,metaspace] GC(35) Metaspace: 279502K(283264K)->279502K(283264K) NonClass: 246331K(248512K)->246331K(248512K) Class: 33171K(34752K)->33171K(34752K)
[2025-10-13T23:20:10.292-0700][1201][info ][gc          ] GC(35) Pause Young (Prepare Mixed) (G1 Evacuation Pause) 21586M->14688M(184320M) 88.559ms
[2025-10-13T23:20:10.293-0700][1201][info ][gc,cpu      ] GC(35) User=6.17s Sys=0.15s Real=0.09s
[2025-10-13T23:20:10.304-0700][1201][info ][safepoint   ] Safepoint "G1CollectForAllocation", Time since last: 415262039 ns, Reaching safepoint: 14672359 ns, Cleanup: 38999 ns, At safepoint: 101824971 ns, Total: 116536329 ns
[2025-10-13T23:20:11.348-0700][1201][info ][safepoint   ] Safepoint "Cleanup", Time since last: 1004450190 ns, Reaching safepoint: 3199410 ns, Cleanup: 26671 ns, At safepoint: 36675170 ns, Total: 39901251 ns
[2025-10-13T23:20:12.378-0700][1201][info ][safepoint   ] Safepoint "Cleanup", Time since last: 1008018486 ns, Reaching safepoint: 1092086 ns, Cleanup: 61913 ns, At safepoint: 20835905 ns, Total: 21989904 ns
[2025-10-13T23:20:13.362-0700][1201][info ][gc,start    ] GC(36) Pause Young (Mixed) (G1 Evacuation Pause)
[2025-10-13T23:20:13.362-0700][1201][info ][gc,task     ] GC(36) Using 113 workers of 113 for evacuation
[2025-10-13T23:20:13.373-0700][1201][debug][gc,remset   ] GC(36) Visited cards 12995840 Total dirty 27131904 (47.90%) Total old 65732608 (19.77%)
[2025-10-13T23:20:13.485-0700][1201][info ][gc,phases   ] GC(36)   Pre Evacuate Collection Set: 0.7ms
[2025-10-13T23:20:13.485-0700][1201][info ][gc,phases   ] GC(36)   Merge Heap Roots: 10.5ms
[2025-10-13T23:20:13.485-0700][1201][info ][gc,phases   ] GC(36)   Evacuate Collection Set: 106.3ms
[2025-10-13T23:20:13.485-0700][1201][info ][gc,phases   ] GC(36)   Post Evacuate Collection Set: 5.6ms
[2025-10-13T23:20:13.485-0700][1201][info ][gc,phases   ] GC(36)   Other: 0.1ms
[2025-10-13T23:20:13.485-0700][1201][debug][gc,remset   ] GC(36) Coarsening (recent): Inline->AoC 0 (0) AoC->Howl 0 (0) Howl->Full 0 (0) Inline->AoC 0 (0) AoC->BitMap 0 (0) BitMap->Full 0 (0) 
[2025-10-13T23:20:13.485-0700][1201][debug][gc,remset   ] GC(36) Coarsening (all): Inline->AoC 79103 (10) AoC->Howl 6898 (33) Howl->Full 0 (0) Inline->AoC 45738 (9) AoC->BitMap 6840 (34) BitMap->Full 0 (0) 
[2025-10-13T23:20:13.485-0700][1201][info ][gc,heap     ] GC(36) Eden regions: 252->0(252)
[2025-10-13T23:20:13.485-0700][1201][info ][gc,heap     ] GC(36) Survivor regions: 36->36(36)
[2025-10-13T23:20:13.485-0700][1201][info ][gc,heap     ] GC(36) Old regions: 423->457
[2025-10-13T23:20:13.485-0700][1201][info ][gc,heap     ] GC(36) Humongous regions: 0->0
[2025-10-13T23:20:13.485-0700][1201][info ][gc,metaspace] GC(36) Metaspace: 279556K(283264K)->279556K(283264K) NonClass: 246377K(248512K)->246377K(248512K) Class: 33179K(34752K)->33179K(34752K)
[2025-10-13T23:20:13.485-0700][1201][info ][gc          ] GC(36) Pause Young (Mixed) (G1 Evacuation Pause) 22751M->15776M(184320M) 123.351ms
[2025-10-13T23:20:13.486-0700][1201][info ][gc,cpu      ] GC(36) User=6.02s Sys=0.08s Real=0.12s
[2025-10-13T23:20:13.487-0700][1201][info ][safepoint   ] Safepoint "G1CollectForAllocation", Time since last: 980905493 ns, Reaching safepoint: 983052 ns, Cleanup: 44296 ns, At safepoint: 127096594 ns, Total: 128123942 ns
[2025-10-13T23:20:14.262-0700][1201][info ][gc,start    ] GC(37) Pause Young (Mixed) (G1 Evacuation Pause)
[2025-10-13T23:20:14.262-0700][1201][info ][gc,task     ] GC(37) Using 113 workers of 113 for evacuation
[2025-10-13T23:20:14.272-0700][1201][debug][gc,remset   ] GC(37) Visited cards 14173184 Total dirty 29556736 (47.95%) Total old 67960832 (20.85%)
[2025-10-13T23:20:14.387-0700][1201][info ][gc,phases   ] GC(37)   Pre Evacuate Collection Set: 0.6ms
[2025-10-13T23:20:14.387-0700][1201][info ][gc,phases   ] GC(37)   Merge Heap Roots: 10.3ms
[2025-10-13T23:20:14.387-0700][1201][info ][gc,phases   ] GC(37)   Evacuate Collection Set: 109.9ms
[2025-10-13T23:20:14.387-0700][1201][info ][gc,phases   ] GC(37)   Post Evacuate Collection Set: 4.2ms
[2025-10-13T23:20:14.387-0700][1201][info ][gc,phases   ] GC(37)   Other: 0.1ms
[2025-10-13T23:20:14.387-0700][1201][debug][gc,remset   ] GC(37) Coarsening (recent): Inline->AoC 0 (0) AoC->Howl 0 (0) Howl->Full 0 (0) Inline->AoC 0 (0) AoC->BitMap 0 (0) BitMap->Full 0 (0) 
[2025-10-13T23:20:14.387-0700][1201][debug][gc,remset   ] GC(37) Coarsening (all): Inline->AoC 79103 (10) AoC->Howl 6898 (33) Howl->Full 0 (0) Inline->AoC 45738 (9) AoC->BitMap 6840 (34) BitMap->Full 0 (0) 
[2025-10-13T23:20:14.387-0700][1201][info ][gc,heap     ] GC(37) Eden regions: 252->0(2098)
[2025-10-13T23:20:14.387-0700][1201][info ][gc,heap     ] GC(37) Survivor regions: 36->36(36)
[2025-10-13T23:20:14.387-0700][1201][info ][gc,heap     ] GC(37) Old regions: 457->509
[2025-10-13T23:20:14.387-0700][1201][info ][gc,heap     ] GC(37) Humongous regions: 0->0
[2025-10-13T23:20:14.387-0700][1201][info ][gc,metaspace] GC(37) Metaspace: 279584K(283264K)->279584K(283264K) NonClass: 246404K(248512K)->246404K(248512K) Class: 33179K(34752K)->33179K(34752K)
[2025-10-13T23:20:14.387-0700][1201][info ][gc          ] GC(37) Pause Young (Mixed) (G1 Evacuation Pause) 23839M->17438M(184320M) 125.252ms
[2025-10-13T23:20:14.388-0700][1201][info ][gc,cpu      ] GC(37) User=5.91s Sys=0.08s Real=0.12s
[2025-10-13T23:20:14.389-0700][1201][info ][safepoint   ] Safepoint "G1CollectForAllocation", Time since last: 771824750 ns, Reaching safepoint: 937002 ns, Cleanup: 96986 ns, At safepoint: 128988995 ns, Total: 130022983 ns
[2025-10-13T23:20:15.132-0700][1201][info ][safepoint   ] Safepoint "ICBufferFull", Time since last: 727131338 ns, Reaching safepoint: 1077984 ns, Cleanup: 148864 ns, At safepoint: 14436963 ns, Total: 15663811 ns
[2025-10-13T23:20:15.136-0700][1201][info ][safepoint   ] Safepoint "ICBufferFull", Time since last: 2345525 ns, Reaching safepoint: 1026807 ns, Cleanup: 41843 ns, At safepoint: 671752 ns, Total: 1740402 ns
[2025-10-13T23:20:15.148-0700][1201][info ][safepoint   ] Safepoint "ICBufferFull", Time since last: 3245270 ns, Reaching safepoint: 5199023 ns, Cleanup: 15604 ns, At safepoint: 3480634 ns, Total: 8695261 ns
[2025-10-13T23:20:15.155-0700][1201][info ][safepoint   ] Safepoint "ICBufferFull", Time since last: 1339288 ns, Reaching safepoint: 973637 ns, Cleanup: 12149 ns, At safepoint: 4424316 ns, Total: 5410102 ns
[2025-10-13T23:20:16.007-0700][1201][info ][safepoint   ] Safepoint "ICBufferFull", Time since last: 849302070 ns, Reaching safepoint: 1709796 ns, Cleanup: 199220 ns, At safepoint: 706154 ns, Total: 2615170 ns
[2025-10-13T23:20:16.511-0700][1201][info ][safepoint   ] Safepoint "ICBufferFull", Time since last: 500483185 ns, Reaching safepoint: 3368476 ns, Cleanup: 191839 ns, At safepoint: 545902 ns, Total: 4106217 ns
[2025-10-13T23:20:16.514-0700][1201][info ][safepoint   ] Safepoint "ICBufferFull", Time since last: 1117895 ns, Reaching safepoint: 865464 ns, Cleanup: 9654 ns, At safepoint: 550680 ns, Total: 1425798 ns
[2025-10-13T23:20:16.516-0700][1201][info ][safepoint   ] Safepoint "ICBufferFull", Time since last: 413784 ns, Reaching safepoint: 939395 ns, Cleanup: 8453 ns, At safepoint: 403438 ns, Total: 1351286 ns
[2025-10-13T23:20:16.517-0700][1201][info ][safepoint   ] Safepoint "ICBufferFull", Time since last: 391409 ns, Reaching safepoint: 1042531 ns, Cleanup: 11528 ns, At safepoint: 249736 ns, Total: 1303795 ns
[2025-10-13T23:20:16.519-0700][1201][info ][safepoint   ] Safepoint "ICBufferFull", Time since last: 323087 ns, Reaching safepoint: 791322 ns, Cleanup: 12098 ns, At safepoint: 297769 ns, Total: 1101189 ns
[2025-10-13T23:20:16.521-0700][1201][info ][safepoint   ] Safepoint "ICBufferFull", Time since last: 230317 ns, Reaching safepoint: 1764118 ns, Cleanup: 9815 ns, At safepoint: 293923 ns, Total: 2067856 ns
[2025-10-13T23:20:16.522-0700][1201][info ][safepoint   ] Safepoint "ICBufferFull", Time since last: 249265 ns, Reaching safepoint: 689980 ns, Cleanup: 1672 ns, At safepoint: 213142 ns, Total: 904794 ns
[2025-10-13T23:20:16.523-0700][1201][info ][safepoint   ] Safepoint "ICBufferFull", Time since last: 381905 ns, Reaching safepoint: 564340 ns, Cleanup: 7582 ns, At safepoint: 340252 ns, Total: 912174 ns
[2025-10-13T23:20:16.525-0700][1201][info ][safepoint   ] Safepoint "ICBufferFull", Time since last: 400404 ns, Reaching safepoint: 718883 ns, Cleanup: 2614 ns, At safepoint: 372511 ns, Total: 1094008 ns
[2025-10-13T23:20:16.526-0700][1201][info ][safepoint   ] Safepoint "ICBufferFull", Time since last: 322776 ns, Reaching safepoint: 706044 ns, Cleanup: 7401 ns, At safepoint: 187323 ns, Total: 900768 ns
[2025-10-13T23:20:16.528-0700][1201][info ][safepoint   ] Safepoint "ICBufferFull", Time since last: 527995 ns, Reaching safepoint: 735629 ns, Cleanup: 2233 ns, At safepoint: 284919 ns, Total: 1022781 ns
[2025-10-13T23:20:16.529-0700][1201][info ][safepoint   ] Safepoint "ICBufferFull", Time since last: 188875 ns, Reaching safepoint: 546904 ns, Cleanup: 7211 ns, At safepoint: 246882 ns, Total: 800997 ns
[2025-10-13T23:20:16.530-0700][1201][info ][safepoint   ] Safepoint "ICBufferFull", Time since last: 195665 ns, Reaching safepoint: 730280 ns, Cleanup: 2424 ns, At safepoint: 255695 ns, Total: 988399 ns
[2025-10-13T23:20:16.532-0700][1201][info ][safepoint   ] Safepoint "ICBufferFull", Time since last: 517430 ns, Reaching safepoint: 1109291 ns, Cleanup: 13250 ns, At safepoint: 204458 ns, Total: 1326999 ns
[2025-10-13T23:20:16.533-0700][1201][info ][safepoint   ] Safepoint "ICBufferFull", Time since last: 186912 ns, Reaching safepoint: 637711 ns, Cleanup: 1101 ns, At safepoint: 208615 ns, Total: 847427 ns
[2025-10-13T23:20:16.534-0700][1201][info ][safepoint   ] Safepoint "ICBufferFull", Time since last: 468676 ns, Reaching safepoint: 754336 ns, Cleanup: 6700 ns, At safepoint: 225570 ns, Total: 986606 ns
[2025-10-13T23:20:16.535-0700][1201][info ][safepoint   ] Safepoint "ICBufferFull", Time since last: 347754 ns, Reaching safepoint: 708298 ns, Cleanup: 7180 ns, At safepoint: 252070 ns, Total: 967548 ns
[2025-10-13T23:20:16.538-0700][1201][info ][safepoint   ] Safepoint "ICBufferFull", Time since last: 545402 ns, Reaching safepoint: 1285597 ns, Cleanup: 2283 ns, At safepoint: 331179 ns, Total: 1619059 ns
[2025-10-13T23:20:16.540-0700][1201][info ][safepoint   ] Safepoint "ICBufferFull", Time since last: 749039 ns, Reaching safepoint: 897843 ns, Cleanup: 2824 ns, At safepoint: 326142 ns, Total: 1226809 ns
[2025-10-13T23:20:16.542-0700][1201][info ][safepoint   ] Safepoint "ICBufferFull", Time since last: 1269763 ns, Reaching safepoint: 902460 ns, Cleanup: 8953 ns, At safepoint: 298971 ns, Total: 1210384 ns
[2025-10-13T23:20:16.544-0700][1201][info ][safepoint   ] Safepoint "ICBufferFull", Time since last: 446743 ns, Reaching safepoint: 1606050 ns, Cleanup: 15553 ns, At safepoint: 322997 ns, Total: 1944600 ns
[2025-10-13T23:20:16.546-0700][1201][info ][safepoint   ] Safepoint "ICBufferFull", Time since last: 182365 ns, Reaching safepoint: 633103 ns, Cleanup: 21182 ns, At safepoint: 274925 ns, Total: 929210 ns
[2025-10-13T23:20:16.547-0700][1201][info ][safepoint   ] Safepoint "ICBufferFull", Time since last: 395766 ns, Reaching safepoint: 1024864 ns, Cleanup: 7301 ns, At safepoint: 249536 ns, Total: 1281701 ns
[2025-10-13T23:20:16.548-0700][1201][info ][safepoint   ] Safepoint "ICBufferFull", Time since last: 199981 ns, Reaching safepoint: 575788 ns, Cleanup: 5739 ns, At safepoint: 307553 ns, Total: 889080 ns
[2025-10-13T23:20:16.551-0700][1201][info ][safepoint   ] Safepoint "ICBufferFull", Time since last: 672593 ns, Reaching safepoint: 1286088 ns, Cleanup: 10546 ns, At safepoint: 213882 ns, Total: 1510516 ns
[2025-10-13T23:20:16.552-0700][1201][info ][safepoint   ] Safepoint "ICBufferFull", Time since last: 272181 ns, Reaching safepoint: 874718 ns, Cleanup: 2483 ns, At safepoint: 229746 ns, Total: 1106947 ns
[2025-10-13T23:20:16.554-0700][1201][info ][safepoint   ] Safepoint "ICBufferFull", Time since last: 848118 ns, Reaching safepoint: 779895 ns, Cleanup: 7892 ns, At safepoint: 298480 ns, Total: 1086267 ns
[2025-10-13T23:20:16.556-0700][1201][info ][safepoint   ] Safepoint "ICBufferFull", Time since last: 1262663 ns, Reaching safepoint: 867367 ns, Cleanup: 8903 ns, At safepoint: 290988 ns, Total: 1167258 ns
[2025-10-13T23:20:16.558-0700][1201][info ][safepoint   ] Safepoint "ICBufferFull", Time since last: 525863 ns, Reaching safepoint: 1284465 ns, Cleanup: 7912 ns, At safepoint: 284749 ns, Total: 1577126 ns
[2025-10-13T23:20:16.560-0700][1201][info ][safepoint   ] Safepoint "ICBufferFull", Time since last: 147322 ns, Reaching safepoint: 838914 ns, Cleanup: 9825 ns, At safepoint: 259160 ns, Total: 1107899 ns
[2025-10-13T23:20:16.561-0700][1201][info ][safepoint   ] Safepoint "ICBufferFull", Time since last: 262746 ns, Reaching safepoint: 867728 ns, Cleanup: 2594 ns, At safepoint: 339742 ns, Total: 1210064 ns
[2025-10-13T23:20:16.564-0700][1201][info ][safepoint   ] Safepoint "ICBufferFull", Time since last: 965905 ns, Reaching safepoint: 1199167 ns, Cleanup: 8993 ns, At safepoint: 261895 ns, Total: 1470055 ns
[2025-10-13T23:20:16.565-0700][1201][info ][safepoint   ] Safepoint "ICBufferFull", Time since last: 284839 ns, Reaching safepoint: 863912 ns, Cleanup: 4206 ns, At safepoint: 292591 ns, Total: 1160709 ns
[2025-10-13T23:20:16.568-0700][1201][info ][safepoint   ] Safepoint "ICBufferFull", Time since last: 1669536 ns, Reaching safepoint: 1051083 ns, Cleanup: 9074 ns, At safepoint: 376758 ns, Total: 1436915 ns
[2025-10-13T23:20:16.570-0700][1201][info ][safepoint   ] Safepoint "ICBufferFull", Time since last: 499783 ns, Reaching safepoint: 941178 ns, Cleanup: 1632 ns, At safepoint: 422086 ns, Total: 1364896 ns
[2025-10-13T23:20:16.573-0700][1201][info ][safepoint   ] Safepoint "ICBufferFull", Time since last: 932445 ns, Reaching safepoint: 1518088 ns, Cleanup: 14622 ns, At safepoint: 448916 ns, Total: 1981626 ns
[2025-10-13T23:20:16.575-0700][1201][info ][safepoint   ] Safepoint "ICBufferFull", Time since last: 602298 ns, Reaching safepoint: 1214570 ns, Cleanup: 12008 ns, At safepoint: 378791 ns, Total: 1605369 ns
[2025-10-13T23:20:16.577-0700][1201][info ][safepoint   ] Safepoint "ICBufferFull", Time since last: 567765 ns, Reaching safepoint: 746254 ns, Cleanup: 8283 ns, At safepoint: 416598 ns, Total: 1171135 ns
[2025-10-13T23:20:16.580-0700][1201][info ][safepoint   ] Safepoint "ICBufferFull", Time since last: 1352578 ns, Reaching safepoint: 976771 ns, Cleanup: 9915 ns, At safepoint: 414465 ns, Total: 1401151 ns
[2025-10-13T23:20:16.582-0700][1201][info ][safepoint   ] Safepoint "ICBufferFull", Time since last: 827066 ns, Reaching safepoint: 876000 ns, Cleanup: 8523 ns, At safepoint: 462767 ns, Total: 1347290 ns
[2025-10-13T23:20:16.585-0700][1201][info ][safepoint   ] Safepoint "ICBufferFull", Time since last: 829260 ns, Reaching safepoint: 1713141 ns, Cleanup: 11637 ns, At safepoint: 557340 ns, Total: 2282118 ns
[2025-10-13T23:20:16.587-0700][1201][info ][safepoint   ] Safepoint "ICBufferFull", Time since last: 383087 ns, Reaching safepoint: 1336033 ns, Cleanup: 3966 ns, At safepoint: 444951 ns, Total: 1784950 ns
[2025-10-13T23:20:16.590-0700][1201][info ][safepoint   ] Safepoint "ICBufferFull", Time since last: 1000848 ns, Reaching safepoint: 922870 ns, Cleanup: 4297 ns, At safepoint: 535617 ns, Total: 1462784 ns
[2025-10-13T23:20:16.592-0700][1201][info ][safepoint   ] Safepoint "ICBufferFull", Time since last: 572042 ns, Reaching safepoint: 1700803 ns, Cleanup: 10365 ns, At safepoint: 379612 ns, Total: 2090780 ns
[2025-10-13T23:20:16.595-0700][1201][info ][safepoint   ] Safepoint "ICBufferFull", Time since last: 649359 ns, Reaching safepoint: 1382042 ns, Cleanup: 8603 ns, At safepoint: 398771 ns, Total: 1789416 ns
[2025-10-13T23:20:16.597-0700][1201][info ][safepoint   ] Safepoint "ICBufferFull", Time since last: 424940 ns, Reaching safepoint: 1567352 ns, Cleanup: 11146 ns, At safepoint: 449468 ns, Total: 2027966 ns
[2025-10-13T23:20:16.599-0700][1201][info ][safepoint   ] Safepoint "ICBufferFull", Time since last: 781647 ns, Reaching safepoint: 1211486 ns, Cleanup: 3886 ns, At safepoint: 342556 ns, Total: 1557928 ns
[2025-10-13T23:20:16.602-0700][1201][info ][safepoint   ] Safepoint "ICBufferFull", Time since last: 333042 ns, Reaching safepoint: 1505959 ns, Cleanup: 8843 ns, At safepoint: 313252 ns, Total: 1828054 ns
[2025-10-13T23:20:16.604-0700][1201][info ][safepoint   ] Safepoint "ICBufferFull", Time since last: 282656 ns, Reaching safepoint: 1528964 ns, Cleanup: 8382 ns, At safepoint: 329357 ns, Total: 1866703 ns
[2025-10-13T23:20:16.605-0700][1201][info ][safepoint   ] Safepoint "ICBufferFull", Time since last: 344999 ns, Reaching safepoint: 897643 ns, Cleanup: 8192 ns, At safepoint: 338801 ns, Total: 1244636 ns
[2025-10-13T23:20:16.608-0700][1201][info ][safepoint   ] Safepoint "ICBufferFull", Time since last: 379251 ns, Reaching safepoint: 2119474 ns, Cleanup: 9734 ns, At safepoint: 351360 ns, Total: 2480568 ns
[2025-10-13T23:20:16.610-0700][1201][info ][safepoint   ] Safepoint "ICBufferFull", Time since last: 312300 ns, Reaching safepoint: 1515945 ns, Cleanup: 4757 ns, At safepoint: 341384 ns, Total: 1862086 ns
[2025-10-13T23:20:16.613-0700][1201][info ][safepoint   ] Safepoint "ICBufferFull", Time since last: 997513 ns, Reaching safepoint: 1635855 ns, Cleanup: 16114 ns, At safepoint: 344650 ns, Total: 1996619 ns
[2025-10-13T23:20:16.615-0700][1201][info ][safepoint   ] Safepoint "ICBufferFull", Time since last: 688847 ns, Reaching safepoint: 1104705 ns, Cleanup: 8723 ns, At safepoint: 278049 ns, Total: 1391477 ns
[2025-10-13T23:20:16.618-0700][1201][info ][safepoint   ] Safepoint "ICBufferFull", Time since last: 579393 ns, Reaching safepoint: 1272157 ns, Cleanup: 8893 ns, At safepoint: 329056 ns, Total: 1610106 ns
[2025-10-13T23:20:16.619-0700][1201][info ][safepoint   ] Safepoint "ICBufferFull", Time since last: 194133 ns, Reaching safepoint: 1200799 ns, Cleanup: 8503 ns, At safepoint: 389757 ns, Total: 1599059 ns
[2025-10-13T23:20:16.622-0700][1201][info ][safepoint   ] Safepoint "ICBufferFull", Time since last: 1016051 ns, Reaching safepoint: 905424 ns, Cleanup: 3626 ns, At safepoint: 368154 ns, Total: 1277204 ns
[2025-10-13T23:20:16.624-0700][1201][info ][safepoint   ] Safepoint "ICBufferFull", Time since last: 708137 ns, Reaching safepoint: 1311426 ns, Cleanup: 11247 ns, At safepoint: 485983 ns, Total: 1808656 ns
[2025-10-13T23:20:16.627-0700][1201][info ][safepoint   ] Safepoint "ICBufferFull", Time since last: 269786 ns, Reaching safepoint: 1693722 ns, Cleanup: 9795 ns, At safepoint: 570630 ns, Total: 2274147 ns
[2025-10-13T23:20:16.629-0700][1201][info ][safepoint   ] Safepoint "ICBufferFull", Time since last: 215895 ns, Reaching safepoint: 2042467 ns, Cleanup: 9024 ns, At safepoint: 417089 ns, Total: 2468580 ns
[2025-10-13T23:20:17.033-0700][1201][info ][safepoint   ] Safepoint "ICBufferFull", Time since last: 401023103 ns, Reaching safepoint: 1512198 ns, Cleanup: 200482 ns, At safepoint: 711002 ns, Total: 2423682 ns
[2025-10-13T23:20:17.697-0700][1201][info ][safepoint   ] Safepoint "ICBufferFull", Time since last: 662673266 ns, Reaching safepoint: 915439 ns, Cleanup: 194663 ns, At safepoint: 244098 ns, Total: 1354200 ns
[2025-10-13T23:20:17.698-0700][1201][info ][safepoint   ] Safepoint "ICBufferFull", Time since last: 219871 ns, Reaching safepoint: 441826 ns, Cleanup: 2133 ns, At safepoint: 169225 ns, Total: 613184 ns
[2025-10-13T23:20:17.698-0700][1201][info ][safepoint   ] Safepoint "ICBufferFull", Time since last: 51388 ns, Reaching safepoint: 333512 ns, Cleanup: 4046 ns, At safepoint: 172941 ns, Total: 510499 ns
[2025-10-13T23:20:17.699-0700][1201][info ][safepoint   ] Safepoint "ICBufferFull", Time since last: 67171 ns, Reaching safepoint: 285650 ns, Cleanup: 1042 ns, At safepoint: 152310 ns, Total: 439002 ns
[2025-10-13T23:20:17.701-0700][1201][info ][safepoint   ] Safepoint "ICBufferFull", Time since last: 34802 ns, Reaching safepoint: 1572730 ns, Cleanup: 2994 ns, At safepoint: 165019 ns, Total: 1740743 ns
[2025-10-13T23:20:17.701-0700][1201][info ][safepoint   ] Safepoint "ICBufferFull", Time since last: 71528 ns, Reaching safepoint: 332210 ns, Cleanup: 1022 ns, At safepoint: 141233 ns, Total: 474465 ns
[2025-10-13T23:20:17.702-0700][1201][info ][safepoint   ] Safepoint "ICBufferFull", Time since last: 49073 ns, Reaching safepoint: 283928 ns, Cleanup: 791 ns, At safepoint: 137177 ns, Total: 421896 ns
[2025-10-13T23:20:17.702-0700][1201][info ][safepoint   ] Safepoint "ICBufferFull", Time since last: 142865 ns, Reaching safepoint: 271640 ns, Cleanup: 1212 ns, At safepoint: 146100 ns, Total: 418952 ns
[2025-10-13T23:20:17.703-0700][1201][info ][safepoint   ] Safepoint "ICBufferFull", Time since last: 27191 ns, Reaching safepoint: 296967 ns, Cleanup: 511 ns, At safepoint: 158959 ns, Total: 456437 ns
[2025-10-13T23:20:17.704-0700][1201][info ][safepoint   ] Safepoint "ICBufferFull", Time since last: 561206 ns, Reaching safepoint: 923712 ns, Cleanup: 3505 ns, At safepoint: 244518 ns, Total: 1171735 ns
[2025-10-13T23:20:17.705-0700][1201][info ][safepoint   ] Safepoint "ICBufferFull", Time since last: 69726 ns, Reaching safepoint: 398390 ns, Cleanup: 1592 ns, At safepoint: 168114 ns, Total: 568096 ns
[2025-10-13T23:20:17.978-0700][1201][info ][safepoint   ] Safepoint "ICBufferFull", Time since last: 271041002 ns, Reaching safepoint: 890652 ns, Cleanup: 195855 ns, At safepoint: 435516 ns, Total: 1522023 ns
[2025-10-13T23:20:18.586-0700][1201][info ][safepoint   ] Safepoint "ICBufferFull", Time since last: 606005692 ns, Reaching safepoint: 1229753 ns, Cleanup: 179821 ns, At safepoint: 581326 ns, Total: 1990900 ns
[2025-10-13T23:20:18.588-0700][1201][info ][safepoint   ] Safepoint "ICBufferFull", Time since last: 882990 ns, Reaching safepoint: 1103242 ns, Cleanup: 23155 ns, At safepoint: 668377 ns, Total: 1794774 ns
[2025-10-13T23:20:18.594-0700][1201][info ][safepoint   ] Safepoint "ICBufferFull", Time since last: 3443218 ns, Reaching safepoint: 965986 ns, Cleanup: 32018 ns, At safepoint: 1091345 ns, Total: 2089349 ns
[2025-10-13T23:20:18.596-0700][1201][info ][safepoint   ] Safepoint "ICBufferFull", Time since last: 302335 ns, Reaching safepoint: 906286 ns, Cleanup: 11597 ns, At safepoint: 596439 ns, Total: 1514322 ns
[2025-10-13T23:20:18.598-0700][1201][info ][safepoint   ] Safepoint "ICBufferFull", Time since last: 550429 ns, Reaching safepoint: 715078 ns, Cleanup: 6900 ns, At safepoint: 880987 ns, Total: 1602965 ns
[2025-10-13T23:20:18.604-0700][1201][info ][safepoint   ] Safepoint "ICBufferFull", Time since last: 3489999 ns, Reaching safepoint: 2094786 ns, Cleanup: 10286 ns, At safepoint: 621046 ns, Total: 2726118 ns
[2025-10-13T23:20:18.606-0700][1201][info ][safepoint   ] Safepoint "ICBufferFull", Time since last: 731121 ns, Reaching safepoint: 521686 ns, Cleanup: 2464 ns, At safepoint: 995039 ns, Total: 1519189 ns
[2025-10-13T23:20:18.610-0700][1201][info ][safepoint   ] Safepoint "ICBufferFull", Time since last: 1809397 ns, Reaching safepoint: 949200 ns, Cleanup: 10265 ns, At safepoint: 653164 ns, Total: 1612629 ns
[2025-10-13T23:20:18.613-0700][1201][info ][safepoint   ] Safepoint "ICBufferFull", Time since last: 1886252 ns, Reaching safepoint: 577360 ns, Cleanup: 3065 ns, At safepoint: 500384 ns, Total: 1080809 ns
[2025-10-13T23:20:18.615-0700][1201][info ][safepoint   ] Safepoint "ICBufferFull", Time since last: 1163513 ns, Reaching safepoint: 826576 ns, Cleanup: 4546 ns, At safepoint: 459312 ns, Total: 1290434 ns
[2025-10-13T23:20:18.618-0700][1201][info ][safepoint   ] Safepoint "ICBufferFull", Time since last: 1361913 ns, Reaching safepoint: 774597 ns, Cleanup: 2914 ns, At safepoint: 522067 ns, Total: 1299578 ns
[2025-10-13T23:20:18.622-0700][1201][info ][safepoint   ] Safepoint "ICBufferFull", Time since last: 2999730 ns, Reaching safepoint: 760626 ns, Cleanup: 3345 ns, At safepoint: 637490 ns, Total: 1401461 ns
[2025-10-13T23:20:18.628-0700][1201][info ][safepoint   ] Safepoint "ICBufferFull", Time since last: 3809410 ns, Reaching safepoint: 841298 ns, Cleanup: 3856 ns, At safepoint: 852374 ns, Total: 1697528 ns
[2025-10-13T23:20:18.630-0700][1201][info ][safepoint   ] Safepoint "ICBufferFull", Time since last: 1004093 ns, Reaching safepoint: 834888 ns, Cleanup: 14321 ns, At safepoint: 471891 ns, Total: 1321100 ns
[2025-10-13T23:20:18.631-0700][1201][info ][safepoint   ] Safepoint "ICBufferFull", Time since last: 160502 ns, Reaching safepoint: 660355 ns, Cleanup: 1532 ns, At safepoint: 419633 ns, Total: 1081520 ns
[2025-10-13T23:20:18.633-0700][1201][info ][safepoint   ] Safepoint "ICBufferFull", Time since last: 694536 ns, Reaching safepoint: 950953 ns, Cleanup: 4006 ns, At safepoint: 515597 ns, Total: 1470556 ns
[2025-10-13T23:20:18.639-0700][1201][info ][safepoint   ] Safepoint "ICBufferFull", Time since last: 4032826 ns, Reaching safepoint: 985696 ns, Cleanup: 4296 ns, At safepoint: 531391 ns, Total: 1521383 ns
[2025-10-13T23:20:18.644-0700][1201][info ][safepoint   ] Safepoint "ICBufferFull", Time since last: 3515877 ns, Reaching safepoint: 737241 ns, Cleanup: 37397 ns, At safepoint: 671882 ns, Total: 1446520 ns
[2025-10-13T23:20:18.650-0700][1201][info ][safepoint   ] Safepoint "ICBufferFull", Time since last: 4626431 ns, Reaching safepoint: 877893 ns, Cleanup: 3575 ns, At safepoint: 523489 ns, Total: 1404957 ns
[2025-10-13T23:20:18.655-0700][1201][info ][safepoint   ] Safepoint "ICBufferFull", Time since last: 3647215 ns, Reaching safepoint: 818263 ns, Cleanup: 20241 ns, At safepoint: 542317 ns, Total: 1380821 ns
[2025-10-13T23:20:18.656-0700][1201][info ][safepoint   ] Safepoint "ICBufferFull", Time since last: 360463 ns, Reaching safepoint: 467795 ns, Cleanup: 2003 ns, At safepoint: 636068 ns, Total: 1105866 ns
[2025-10-13T23:20:18.661-0700][1201][info ][safepoint   ] Safepoint "ICBufferFull", Time since last: 3331260 ns, Reaching safepoint: 624741 ns, Cleanup: 2333 ns, At safepoint: 527325 ns, Total: 1154399 ns
[2025-10-13T23:20:18.663-0700][1201][info ][safepoint   ] Safepoint "ICBufferFull", Time since last: 796330 ns, Reaching safepoint: 496638 ns, Cleanup: 13300 ns, At safepoint: 531431 ns, Total: 1041369 ns
[2025-10-13T23:20:18.666-0700][1201][info ][safepoint   ] Safepoint "ICBufferFull", Time since last: 2053805 ns, Reaching safepoint: 560304 ns, Cleanup: 9815 ns, At safepoint: 484409 ns, Total: 1054528 ns
[2025-10-13T23:20:18.670-0700][1201][info ][safepoint   ] Safepoint "ICBufferFull", Time since last: 2523593 ns, Reaching safepoint: 670580 ns, Cleanup: 11728 ns, At safepoint: 496458 ns, Total: 1178766 ns
[2025-10-13T23:20:18.673-0700][1201][info ][safepoint   ] Safepoint "ICBufferFull", Time since last: 1971611 ns, Reaching safepoint: 967147 ns, Cleanup: 4507 ns, At safepoint: 538782 ns, Total: 1510436 ns
[2025-10-13T23:20:18.680-0700][1201][info ][safepoint   ] Safepoint "ICBufferFull", Time since last: 4227269 ns, Reaching safepoint: 2374548 ns, Cleanup: 11848 ns, At safepoint: 505181 ns, Total: 2891577 ns
[2025-10-13T23:20:18.683-0700][1201][info ][safepoint   ] Safepoint "ICBufferFull", Time since last: 1913703 ns, Reaching safepoint: 730010 ns, Cleanup: 9394 ns, At safepoint: 362166 ns, Total: 1101570 ns
[2025-10-13T23:20:18.685-0700][1201][info ][safepoint   ] Safepoint "ICBufferFull", Time since last: 692534 ns, Reaching safepoint: 986576 ns, Cleanup: 16826 ns, At safepoint: 484930 ns, Total: 1488332 ns
[2025-10-13T23:20:18.686-0700][1201][info ][safepoint   ] Safepoint "ICBufferFull", Time since last: 90406 ns, Reaching safepoint: 415487 ns, Cleanup: 9314 ns, At safepoint: 362726 ns, Total: 787527 ns
[2025-10-13T23:20:18.692-0700][1201][info ][safepoint   ] Safepoint "ICBufferFull", Time since last: 4058405 ns, Reaching safepoint: 844432 ns, Cleanup: 10596 ns, At safepoint: 479583 ns, Total: 1334611 ns
[2025-10-13T23:20:18.693-0700][1201][info ][safepoint   ] Safepoint "ICBufferFull", Time since last: 151618 ns, Reaching safepoint: 465021 ns, Cleanup: 15323 ns, At safepoint: 416037 ns, Total: 896381 ns
[2025-10-13T23:20:18.694-0700][1201][info ][safepoint   ] Safepoint "ICBufferFull", Time since last: 499513 ns, Reaching safepoint: 524570 ns, Cleanup: 5829 ns, At safepoint: 482787 ns, Total: 1013186 ns
[2025-10-13T23:20:18.697-0700][1201][info ][safepoint   ] Safepoint "ICBufferFull", Time since last: 1942808 ns, Reaching safepoint: 744131 ns, Cleanup: 12048 ns, At safepoint: 579213 ns, Total: 1335392 ns
[2025-10-13T23:20:19.107-0700][1201][info ][safepoint   ] Safepoint "ICBufferFull", Time since last: 407367432 ns, Reaching safepoint: 1101250 ns, Cleanup: 230147 ns, At safepoint: 614766 ns, Total: 1946163 ns
[2025-10-13T23:20:19.533-0700][1201][info ][safepoint   ] Safepoint "ICBufferFull", Time since last: 423494141 ns, Reaching safepoint: 1376645 ns, Cleanup: 202645 ns, At safepoint: 1204024 ns, Total: 2783314 ns
[2025-10-13T23:20:19.814-0700][1201][info ][gc,start    ] GC(38) Pause Young (Mixed) (G1 Evacuation Pause)
[2025-10-13T23:20:19.814-0700][1201][info ][gc,task     ] GC(38) Using 113 workers of 113 for evacuation
[2025-10-13T23:20:19.829-0700][1201][debug][gc,remset   ] GC(38) Visited cards 17056768 Total dirty 31981568 (53.33%) Total old 249692160 (6.83%)
[2025-10-13T23:20:19.959-0700][1201][info ][gc,phases   ] GC(38)   Pre Evacuate Collection Set: 1.1ms
[2025-10-13T23:20:19.959-0700][1201][info ][gc,phases   ] GC(38)   Merge Heap Roots: 13.7ms
[2025-10-13T23:20:19.959-0700][1201][info ][gc,phases   ] GC(38)   Evacuate Collection Set: 120.2ms
[2025-10-13T23:20:19.959-0700][1201][info ][gc,phases   ] GC(38)   Post Evacuate Collection Set: 9.8ms
[2025-10-13T23:20:19.959-0700][1201][info ][gc,phases   ] GC(38)   Other: 0.3ms
[2025-10-13T23:20:19.959-0700][1201][debug][gc,remset   ] GC(38) Coarsening (recent): Inline->AoC 71635 (32) AoC->Howl 138 (23) Howl->Full 0 (0) Inline->AoC 580 (4) AoC->BitMap 22 (4) BitMap->Full 0 (0) 
[2025-10-13T23:20:19.959-0700][1201][debug][gc,remset   ] GC(38) Coarsening (all): Inline->AoC 150738 (42) AoC->Howl 7036 (56) Howl->Full 0 (0) Inline->AoC 46318 (13) AoC->BitMap 6862 (38) BitMap->Full 0 (0) 
[2025-10-13T23:20:19.959-0700][1201][info ][gc,heap     ] GC(38) Eden regions: 1604->0(189)
[2025-10-13T23:20:19.959-0700][1201][info ][gc,heap     ] GC(38) Survivor regions: 36->99(205)
[2025-10-13T23:20:19.959-0700][1201][info ][gc,heap     ] GC(38) Old regions: 509->497
[2025-10-13T23:20:19.959-0700][1201][info ][gc,heap     ] GC(38) Humongous regions: 0->0
[2025-10-13T23:20:19.959-0700][1201][info ][gc,metaspace] GC(38) Metaspace: 283369K(287232K)->283369K(287232K) NonClass: 249835K(252032K)->249835K(252032K) Class: 33534K(35200K)->33534K(35200K)
[2025-10-13T23:20:19.959-0700][1201][info ][gc          ] GC(38) Pause Young (Mixed) (G1 Evacuation Pause) 68766M->19038M(184320M) 145.275ms
[2025-10-13T23:20:19.961-0700][1201][info ][gc,cpu      ] GC(38) User=9.75s Sys=0.07s Real=0.15s
[2025-10-13T23:20:19.962-0700][1201][info ][safepoint   ] Safepoint "G1CollectForAllocation", Time since last: 278687203 ns, Reaching safepoint: 1011024 ns, Cleanup: 68743 ns, At safepoint: 149017163 ns, Total: 150096930 ns
[2025-10-13T23:20:20.508-0700][1201][info ][gc,start    ] GC(39) Pause Young (Normal) (G1 Evacuation Pause)
[2025-10-13T23:20:20.508-0700][1201][info ][gc,task     ] GC(39) Using 113 workers of 113 for evacuation
[2025-10-13T23:20:20.519-0700][1201][debug][gc,remset   ] GC(39) Visited cards 15294720 Total dirty 32309248 (47.34%) Total old 70385664 (21.73%)
[2025-10-13T23:20:20.643-0700][1201][info ][gc,phases   ] GC(39)   Pre Evacuate Collection Set: 0.7ms
[2025-10-13T23:20:20.643-0700][1201][info ][gc,phases   ] GC(39)   Merge Heap Roots: 10.1ms
[2025-10-13T23:20:20.643-0700][1201][info ][gc,phases   ] GC(39)   Evacuate Collection Set: 119.4ms
[2025-10-13T23:20:20.643-0700][1201][info ][gc,phases   ] GC(39)   Post Evacuate Collection Set: 4.2ms
[2025-10-13T23:20:20.643-0700][1201][info ][gc,phases   ] GC(39)   Other: 0.1ms
[2025-10-13T23:20:20.643-0700][1201][debug][gc,remset   ] GC(39) Coarsening (recent): Inline->AoC 7372 (5) AoC->Howl 254 (36) Howl->Full 0 (0) Inline->AoC 1267 (5) AoC->BitMap 67 (16) BitMap->Full 0 (0) 
[2025-10-13T23:20:20.643-0700][1201][debug][gc,remset   ] GC(39) Coarsening (all): Inline->AoC 158110 (47) AoC->Howl 7290 (92) Howl->Full 0 (0) Inline->AoC 47585 (18) AoC->BitMap 6929 (54) BitMap->Full 0 (0) 
[2025-10-13T23:20:20.643-0700][1201][info ][gc,heap     ] GC(39) Eden regions: 189->0(256)
[2025-10-13T23:20:20.643-0700][1201][info ][gc,heap     ] GC(39) Survivor regions: 99->32(36)
[2025-10-13T23:20:20.643-0700][1201][info ][gc,heap     ] GC(39) Old regions: 497->568
[2025-10-13T23:20:20.643-0700][1201][info ][gc,heap     ] GC(39) Humongous regions: 1->0
[2025-10-13T23:20:20.643-0700][1201][info ][gc,metaspace] GC(39) Metaspace: 283532K(287360K)->283532K(287360K) NonClass: 249992K(252160K)->249992K(252160K) Class: 33539K(35200K)->33539K(35200K)
[2025-10-13T23:20:20.643-0700][1201][info ][gc          ] GC(39) Pause Young (Normal) (G1 Evacuation Pause) 25118M->19168M(184320M) 134.801ms
[2025-10-13T23:20:20.644-0700][1201][info ][gc,cpu      ] GC(39) User=6.48s Sys=0.15s Real=0.14s
[2025-10-13T23:20:20.645-0700][1201][info ][safepoint   ] Safepoint "G1CollectForAllocation", Time since last: 544072353 ns, Reaching safepoint: 867607 ns, Cleanup: 148845 ns, At safepoint: 138516820 ns, Total: 139533272 ns
[2025-10-13T23:20:21.486-0700][1201][info ][gc,start    ] GC(40) Pause Young (Normal) (G1 Evacuation Pause)
[2025-10-13T23:20:21.486-0700][1201][info ][gc,task     ] GC(40) Using 113 workers of 113 for evacuation
[2025-10-13T23:20:21.495-0700][1201][debug][gc,remset   ] GC(40) Visited cards 12197120 Total dirty 35061760 (34.79%) Total old 74973184 (16.27%)
[2025-10-13T23:20:21.573-0700][1201][info ][gc,phases   ] GC(40)   Pre Evacuate Collection Set: 0.6ms
[2025-10-13T23:20:21.573-0700][1201][info ][gc,phases   ] GC(40)   Merge Heap Roots: 8.9ms
[2025-10-13T23:20:21.573-0700][1201][info ][gc,phases   ] GC(40)   Evacuate Collection Set: 73.0ms
[2025-10-13T23:20:21.573-0700][1201][info ][gc,phases   ] GC(40)   Post Evacuate Collection Set: 4.7ms
[2025-10-13T23:20:21.573-0700][1201][info ][gc,phases   ] GC(40)   Other: 0.1ms
[2025-10-13T23:20:21.573-0700][1201][debug][gc,remset   ] GC(40) Coarsening (recent): Inline->AoC 0 (0) AoC->Howl 0 (0) Howl->Full 0 (0) Inline->AoC 0 (0) AoC->BitMap 0 (0) BitMap->Full 0 (0) 
[2025-10-13T23:20:21.573-0700][1201][debug][gc,remset   ] GC(40) Coarsening (all): Inline->AoC 158110 (47) AoC->Howl 7290 (92) Howl->Full 0 (0) Inline->AoC 47585 (18) AoC->BitMap 6929 (54) BitMap->Full 0 (0) 
[2025-10-13T23:20:21.573-0700][1201][info ][gc,heap     ] GC(40) Eden regions: 256->0(253)
[2025-10-13T23:20:21.573-0700][1201][info ][gc,heap     ] GC(40) Survivor regions: 32->35(36)
[2025-10-13T23:20:21.573-0700][1201][info ][gc,heap     ] GC(40) Old regions: 568->580
[2025-10-13T23:20:21.573-0700][1201][info ][gc,heap     ] GC(40) Humongous regions: 0->0
[2025-10-13T23:20:21.573-0700][1201][info ][gc,metaspace] GC(40) Metaspace: 283839K(287680K)->283839K(287680K) NonClass: 250294K(252480K)->250294K(252480K) Class: 33545K(35200K)->33545K(35200K)
[2025-10-13T23:20:21.573-0700][1201][info ][gc          ] GC(40) Pause Young (Normal) (G1 Evacuation Pause) 27360M->19635M(184320M) 87.467ms
[2025-10-13T23:20:21.574-0700][1201][info ][gc,cpu      ] GC(40) User=3.67s Sys=0.27s Real=0.09s
[2025-10-13T23:20:21.575-0700][1201][info ][safepoint   ] Safepoint "G1CollectForAllocation", Time since last: 837711225 ns, Reaching safepoint: 886246 ns, Cleanup: 142164 ns, At safepoint: 91243792 ns, Total: 92272202 ns
[2025-10-13T23:20:22.197-0700][1201][info ][safepoint   ] Safepoint "ICBufferFull", Time since last: 616705363 ns, Reaching safepoint: 939646 ns, Cleanup: 220382 ns, At safepoint: 3974208 ns, Total: 5134236 ns
[2025-10-13T23:20:23.075-0700][1201][info ][gc,start    ] GC(41) Pause Young (Normal) (G1 Evacuation Pause)
[2025-10-13T23:20:23.075-0700][1201][info ][gc,task     ] GC(41) Using 113 workers of 113 for evacuation
[2025-10-13T23:20:23.085-0700][1201][debug][gc,remset   ] GC(41) Visited cards 12860416 Total dirty 35717120 (36.01%) Total old 101580800 (12.66%)
[2025-10-13T23:20:23.180-0700][1201][info ][gc,phases   ] GC(41)   Pre Evacuate Collection Set: 0.7ms
[2025-10-13T23:20:23.180-0700][1201][info ][gc,phases   ] GC(41)   Merge Heap Roots: 9.9ms
[2025-10-13T23:20:23.180-0700][1201][info ][gc,phases   ] GC(41)   Evacuate Collection Set: 88.6ms
[2025-10-13T23:20:23.180-0700][1201][info ][gc,phases   ] GC(41)   Post Evacuate Collection Set: 5.9ms
[2025-10-13T23:20:23.180-0700][1201][info ][gc,phases   ] GC(41)   Other: 0.1ms
[2025-10-13T23:20:23.180-0700][1201][debug][gc,remset   ] GC(41) Coarsening (recent): Inline->AoC 0 (0) AoC->Howl 0 (0) Howl->Full 0 (0) Inline->AoC 0 (0) AoC->BitMap 0 (0) BitMap->Full 0 (0) 
[2025-10-13T23:20:23.180-0700][1201][debug][gc,remset   ] GC(41) Coarsening (all): Inline->AoC 158110 (47) AoC->Howl 7290 (92) Howl->Full 0 (0) Inline->AoC 47585 (18) AoC->BitMap 6929 (54) BitMap->Full 0 (0) 
[2025-10-13T23:20:23.180-0700][1201][info ][gc,heap     ] GC(41) Eden regions: 446->0(492)
[2025-10-13T23:20:23.180-0700][1201][info ][gc,heap     ] GC(41) Survivor regions: 35->50(61)
[2025-10-13T23:20:23.180-0700][1201][info ][gc,heap     ] GC(41) Old regions: 580->580
[2025-10-13T23:20:23.180-0700][1201][info ][gc,heap     ] GC(41) Humongous regions: 8->0
[2025-10-13T23:20:23.180-0700][1201][info ][gc,metaspace] GC(41) Metaspace: 285182K(289344K)->285182K(289344K) NonClass: 251461K(253824K)->251461K(253824K) Class: 33721K(35520K)->33721K(35520K)
[2025-10-13T23:20:23.180-0700][1201][info ][gc          ] GC(41) Pause Young (Normal) (G1 Evacuation Pause) 34163M->20137M(184320M) 105.333ms
[2025-10-13T23:20:23.181-0700][1201][info ][gc,cpu      ] GC(41) User=4.19s Sys=0.18s Real=0.11s
[2025-10-13T23:20:23.182-0700][1201][info ][safepoint   ] Safepoint "G1CollectForAllocation", Time since last: 875035244 ns, Reaching safepoint: 1005334 ns, Cleanup: 168705 ns, At safepoint: 108959305 ns, Total: 110133344 ns
[2025-10-13T23:20:24.430-0700][1201][info ][safepoint   ] Safepoint "ICBufferFull", Time since last: 1245785172 ns, Reaching safepoint: 1094579 ns, Cleanup: 234063 ns, At safepoint: 271709 ns, Total: 1600351 ns
[2025-10-13T23:20:24.832-0700][1201][info ][safepoint   ] Safepoint "ICBufferFull", Time since last: 400247284 ns, Reaching safepoint: 973958 ns, Cleanup: 164167 ns, At safepoint: 383839 ns, Total: 1521964 ns
[2025-10-13T23:20:25.035-0700][1201][info ][gc,start    ] GC(42) Pause Young (Normal) (G1 Evacuation Pause)
[2025-10-13T23:20:25.035-0700][1201][info ][gc,task     ] GC(42) Using 113 workers of 113 for evacuation
[2025-10-13T23:20:25.047-0700][1201][debug][gc,remset   ] GC(42) Visited cards 13577216 Total dirty 35979264 (37.74%) Total old 135790592 (10.00%)
[2025-10-13T23:20:25.152-0700][1201][info ][gc,phases   ] GC(42)   Pre Evacuate Collection Set: 0.6ms
[2025-10-13T23:20:25.152-0700][1201][info ][gc,phases   ] GC(42)   Merge Heap Roots: 10.9ms
[2025-10-13T23:20:25.152-0700][1201][info ][gc,phases   ] GC(42)   Evacuate Collection Set: 97.6ms
[2025-10-13T23:20:25.152-0700][1201][info ][gc,phases   ] GC(42)   Post Evacuate Collection Set: 7.1ms
[2025-10-13T23:20:25.152-0700][1201][info ][gc,phases   ] GC(42)   Other: 0.1ms
[2025-10-13T23:20:25.152-0700][1201][debug][gc,remset   ] GC(42) Coarsening (recent): Inline->AoC 0 (0) AoC->Howl 0 (0) Howl->Full 0 (0) Inline->AoC 0 (0) AoC->BitMap 0 (0) BitMap->Full 0 (0) 
[2025-10-13T23:20:25.152-0700][1201][debug][gc,remset   ] GC(42) Coarsening (all): Inline->AoC 158110 (47) AoC->Howl 7290 (92) Howl->Full 0 (0) Inline->AoC 47585 (18) AoC->BitMap 6929 (54) BitMap->Full 0 (0) 
[2025-10-13T23:20:25.152-0700][1201][info ][gc,heap     ] GC(42) Eden regions: 693->0(953)
[2025-10-13T23:20:25.152-0700][1201][info ][gc,heap     ] GC(42) Survivor regions: 50->67(93)
[2025-10-13T23:20:25.152-0700][1201][info ][gc,heap     ] GC(42) Old regions: 580->580
[2025-10-13T23:20:25.152-0700][1201][info ][gc,heap     ] GC(42) Humongous regions: 6->0
[2025-10-13T23:20:25.152-0700][1201][info ][gc,metaspace] GC(42) Metaspace: 285702K(289792K)->285702K(289792K) NonClass: 251967K(254272K)->251967K(254272K) Class: 33735K(35520K)->33735K(35520K)
[2025-10-13T23:20:25.152-0700][1201][info ][gc          ] GC(42) Pause Young (Normal) (G1 Evacuation Pause) 42505M->20679M(184320M) 116.466ms
[2025-10-13T23:20:25.153-0700][1201][info ][gc,cpu      ] GC(42) User=5.73s Sys=0.11s Real=0.12s
[2025-10-13T23:20:25.154-0700][1201][info ][safepoint   ] Safepoint "G1CollectForAllocation", Time since last: 200713756 ns, Reaching safepoint: 1745300 ns, Cleanup: 112279 ns, At safepoint: 120128734 ns, Total: 121986313 ns
[2025-10-13T23:20:25.798-0700][1201][info ][safepoint   ] Safepoint "ICBufferFull", Time since last: 641887607 ns, Reaching safepoint: 961409 ns, Cleanup: 203356 ns, At safepoint: 431931 ns, Total: 1596696 ns
[2025-10-13T23:20:25.799-0700][1201][info ][safepoint   ] Safepoint "ICBufferFull", Time since last: 297488 ns, Reaching safepoint: 833256 ns, Cleanup: 3165 ns, At safepoint: 310648 ns, Total: 1147069 ns
[2025-10-13T23:20:25.801-0700][1201][info ][safepoint   ] Safepoint "ICBufferFull", Time since last: 455887 ns, Reaching safepoint: 1611999 ns, Cleanup: 3525 ns, At safepoint: 159761 ns, Total: 1775285 ns
[2025-10-13T23:20:25.802-0700][1201][info ][safepoint   ] Safepoint "ICBufferFull", Time since last: 112910 ns, Reaching safepoint: 406582 ns, Cleanup: 751 ns, At safepoint: 212701 ns, Total: 620034 ns
[2025-10-13T23:20:25.803-0700][1201][info ][safepoint   ] Safepoint "ICBufferFull", Time since last: 97847 ns, Reaching safepoint: 440234 ns, Cleanup: 1792 ns, At safepoint: 199882 ns, Total: 641908 ns
[2025-10-13T23:20:25.804-0700][1201][info ][safepoint   ] Safepoint "ICBufferFull", Time since last: 234613 ns, Reaching safepoint: 418180 ns, Cleanup: 1823 ns, At safepoint: 146521 ns, Total: 566524 ns
[2025-10-13T23:20:25.804-0700][1201][info ][safepoint   ] Safepoint "ICBufferFull", Time since last: 143706 ns, Reaching safepoint: 396037 ns, Cleanup: 651 ns, At safepoint: 137627 ns, Total: 534315 ns
[2025-10-13T23:20:25.805-0700][1201][info ][safepoint   ] Safepoint "ICBufferFull", Time since last: 69675 ns, Reaching safepoint: 302887 ns, Cleanup: 661 ns, At safepoint: 124607 ns, Total: 428155 ns
[2025-10-13T23:20:25.805-0700][1201][info ][safepoint   ] Safepoint "ICBufferFull", Time since last: 96916 ns, Reaching safepoint: 351180 ns, Cleanup: 1452 ns, At safepoint: 150797 ns, Total: 503429 ns
[2025-10-13T23:20:25.806-0700][1201][info ][safepoint   ] Safepoint "ICBufferFull", Time since last: 69455 ns, Reaching safepoint: 294533 ns, Cleanup: 1052 ns, At safepoint: 130497 ns, Total: 426082 ns
[2025-10-13T23:20:25.807-0700][1201][info ][safepoint   ] Safepoint "ICBufferFull", Time since last: 136075 ns, Reaching safepoint: 324088 ns, Cleanup: 471 ns, At safepoint: 132359 ns, Total: 456918 ns
[2025-10-13T23:20:25.808-0700][1201][info ][safepoint   ] Safepoint "ICBufferFull", Time since last: 202846 ns, Reaching safepoint: 819014 ns, Cleanup: 3385 ns, At safepoint: 173361 ns, Total: 995760 ns
[2025-10-13T23:20:25.809-0700][1201][info ][safepoint   ] Safepoint "ICBufferFull", Time since last: 135434 ns, Reaching safepoint: 442707 ns, Cleanup: 1623 ns, At safepoint: 186070 ns, Total: 630400 ns
[2025-10-13T23:20:25.809-0700][1201][info ][safepoint   ] Safepoint "ICBufferFull", Time since last: 53661 ns, Reaching safepoint: 327293 ns, Cleanup: 1092 ns, At safepoint: 127902 ns, Total: 456287 ns
[2025-10-13T23:20:25.810-0700][1201][info ][safepoint   ] Safepoint "ICBufferFull", Time since last: 53711 ns, Reaching safepoint: 295926 ns, Cleanup: 882 ns, At safepoint: 141032 ns, Total: 437840 ns
[2025-10-13T23:20:25.810-0700][1201][info ][safepoint   ] Safepoint "ICBufferFull", Time since last: 41042 ns, Reaching safepoint: 278820 ns, Cleanup: 771 ns, At safepoint: 134543 ns, Total: 414134 ns
[2025-10-13T23:20:25.810-0700][1201][info ][safepoint   ] Safepoint "ICBufferFull", Time since last: 62134 ns, Reaching safepoint: 305910 ns, Cleanup: 982 ns, At safepoint: 131047 ns, Total: 437939 ns
[2025-10-13T23:20:25.811-0700][1201][info ][safepoint   ] Safepoint "ICBufferFull", Time since last: 94102 ns, Reaching safepoint: 301685 ns, Cleanup: 1312 ns, At safepoint: 154052 ns, Total: 457049 ns
[2025-10-13T23:20:25.813-0700][1201][info ][safepoint   ] Safepoint "ICBufferFull", Time since last: 94102 ns, Reaching safepoint: 1610596 ns, Cleanup: 10056 ns, At safepoint: 140782 ns, Total: 1761434 ns
[2025-10-13T23:20:25.813-0700][1201][info ][safepoint   ] Safepoint "ICBufferFull", Time since last: 74292 ns, Reaching safepoint: 344128 ns, Cleanup: 1172 ns, At safepoint: 146901 ns, Total: 492201 ns
[2025-10-13T23:20:25.814-0700][1201][info ][safepoint   ] Safepoint "ICBufferFull", Time since last: 76045 ns, Reaching safepoint: 324909 ns, Cleanup: 992 ns, At safepoint: 140792 ns, Total: 466693 ns
[2025-10-13T23:20:25.815-0700][1201][info ][safepoint   ] Safepoint "ICBufferFull", Time since last: 76275 ns, Reaching safepoint: 326632 ns, Cleanup: 1733 ns, At safepoint: 142414 ns, Total: 470779 ns
[2025-10-13T23:20:25.815-0700][1201][info ][safepoint   ] Safepoint "ICBufferFull", Time since last: 48113 ns, Reaching safepoint: 289766 ns, Cleanup: 1753 ns, At safepoint: 128804 ns, Total: 420323 ns
[2025-10-13T23:20:25.815-0700][1201][info ][safepoint   ] Safepoint "ICBufferFull", Time since last: 40481 ns, Reaching safepoint: 292561 ns, Cleanup: 1102 ns, At safepoint: 136095 ns, Total: 429758 ns
[2025-10-13T23:20:25.816-0700][1201][info ][safepoint   ] Safepoint "ICBufferFull", Time since last: 44417 ns, Reaching safepoint: 271198 ns, Cleanup: 801 ns, At safepoint: 124849 ns, Total: 396848 ns
[2025-10-13T23:20:25.816-0700][1201][info ][safepoint   ] Safepoint "ICBufferFull", Time since last: 37426 ns, Reaching safepoint: 275555 ns, Cleanup: 411 ns, At safepoint: 132580 ns, Total: 408546 ns
[2025-10-13T23:20:25.817-0700][1201][info ][safepoint   ] Safepoint "ICBufferFull", Time since last: 31257 ns, Reaching safepoint: 257768 ns, Cleanup: 981 ns, At safepoint: 119120 ns, Total: 377869 ns
[2025-10-13T23:20:25.817-0700][1201][info ][safepoint   ] Safepoint "ICBufferFull", Time since last: 26600 ns, Reaching safepoint: 254253 ns, Cleanup: 1042 ns, At safepoint: 128884 ns, Total: 384179 ns
[2025-10-13T23:20:25.818-0700][1201][info ][safepoint   ] Safepoint "ICBufferFull", Time since last: 34392 ns, Reaching safepoint: 260823 ns, Cleanup: 751 ns, At safepoint: 126290 ns, Total: 387864 ns
[2025-10-13T23:20:25.818-0700][1201][info ][safepoint   ] Safepoint "ICBufferFull", Time since last: 37897 ns, Reaching safepoint: 263337 ns, Cleanup: 561 ns, At safepoint: 122735 ns, Total: 386633 ns
[2025-10-13T23:20:25.818-0700][1201][info ][safepoint   ] Safepoint "ICBufferFull", Time since last: 34582 ns, Reaching safepoint: 267213 ns, Cleanup: 1091 ns, At safepoint: 130156 ns, Total: 398460 ns
[2025-10-13T23:20:25.819-0700][1201][info ][safepoint   ] Safepoint "ICBufferFull", Time since last: 42244 ns, Reaching safepoint: 262546 ns, Cleanup: 1011 ns, At safepoint: 137617 ns, Total: 401174 ns
[2025-10-13T23:20:25.819-0700][1201][info ][safepoint   ] Safepoint "ICBufferFull", Time since last: 66210 ns, Reaching safepoint: 292421 ns, Cleanup: 531 ns, At safepoint: 151568 ns, Total: 444520 ns
[2025-10-13T23:20:25.820-0700][1201][info ][safepoint   ] Safepoint "ICBufferFull", Time since last: 56094 ns, Reaching safepoint: 290258 ns, Cleanup: 971 ns, At safepoint: 157017 ns, Total: 448246 ns
[2025-10-13T23:20:26.336-0700][1201][info ][safepoint   ] Safepoint "ICBufferFull", Time since last: 514357270 ns, Reaching safepoint: 1165536 ns, Cleanup: 212210 ns, At safepoint: 420614 ns, Total: 1798360 ns
[2025-10-13T23:20:26.337-0700][1201][info ][safepoint   ] Safepoint "ICBufferFull", Time since last: 204558 ns, Reaching safepoint: 614456 ns, Cleanup: 9664 ns, At safepoint: 451831 ns, Total: 1075951 ns
[2025-10-13T23:20:26.728-0700][1201][info ][safepoint   ] Safepoint "ICBufferFull", Time since last: 389729036 ns, Reaching safepoint: 834728 ns, Cleanup: 154903 ns, At safepoint: 256707 ns, Total: 1246338 ns
[2025-10-13T23:20:27.074-0700][1201][info ][safepoint   ] Safepoint "ICBufferFull", Time since last: 339029975 ns, Reaching safepoint: 5904076 ns, Cleanup: 162334 ns, At safepoint: 447785 ns, Total: 6514195 ns
[2025-10-13T23:20:27.601-0700][1201][info ][safepoint   ] Safepoint "ICBufferFull", Time since last: 525499839 ns, Reaching safepoint: 980708 ns, Cleanup: 187342 ns, At safepoint: 558792 ns, Total: 1726842 ns
[2025-10-13T23:20:27.649-0700][1201][info ][gc,start    ] GC(43) Pause Young (Normal) (G1 Evacuation Pause)
[2025-10-13T23:20:27.649-0700][1201][info ][gc,task     ] GC(43) Using 113 workers of 113 for evacuation
[2025-10-13T23:20:27.661-0700][1201][debug][gc,remset   ] GC(43) Visited cards 13454848 Total dirty 36044800 (37.33%) Total old 182779904 (7.36%)
[2025-10-13T23:20:27.772-0700][1201][info ][gc,phases   ] GC(43)   Pre Evacuate Collection Set: 0.7ms
[2025-10-13T23:20:27.772-0700][1201][info ][gc,phases   ] GC(43)   Merge Heap Roots: 11.5ms
[2025-10-13T23:20:27.772-0700][1201][info ][gc,phases   ] GC(43)   Evacuate Collection Set: 103.3ms
[2025-10-13T23:20:27.772-0700][1201][info ][gc,phases   ] GC(43)   Post Evacuate Collection Set: 7.6ms
[2025-10-13T23:20:27.772-0700][1201][info ][gc,phases   ] GC(43)   Other: 0.1ms
[2025-10-13T23:20:27.772-0700][1201][debug][gc,remset   ] GC(43) Coarsening (recent): Inline->AoC 0 (0) AoC->Howl 0 (0) Howl->Full 0 (0) Inline->AoC 0 (0) AoC->BitMap 0 (0) BitMap->Full 0 (0) 
[2025-10-13T23:20:27.772-0700][1201][debug][gc,remset   ] GC(43) Coarsening (all): Inline->AoC 158110 (47) AoC->Howl 7290 (92) Howl->Full 0 (0) Inline->AoC 47585 (18) AoC->BitMap 6929 (54) BitMap->Full 0 (0) 
[2025-10-13T23:20:27.772-0700][1201][info ][gc,heap     ] GC(43) Eden regions: 1032->0(1118)
[2025-10-13T23:20:27.772-0700][1201][info ][gc,heap     ] GC(43) Survivor regions: 67->96(138)
[2025-10-13T23:20:27.772-0700][1201][info ][gc,heap     ] GC(43) Old regions: 580->580
[2025-10-13T23:20:27.772-0700][1201][info ][gc,heap     ] GC(43) Humongous regions: 11->0
[2025-10-13T23:20:27.772-0700][1201][info ][gc,metaspace] GC(43) Metaspace: 286840K(290944K)->286840K(290944K) NonClass: 253083K(255360K)->253083K(255360K) Class: 33756K(35584K)->33756K(35584K)
[2025-10-13T23:20:27.772-0700][1201][info ][gc          ] GC(43) Pause Young (Normal) (G1 Evacuation Pause) 54055M->21612M(184320M) 123.322ms
[2025-10-13T23:20:27.774-0700][1201][info ][gc,cpu      ] GC(43) User=7.43s Sys=0.03s Real=0.12s
[2025-10-13T23:20:27.775-0700][1201][info ][safepoint   ] Safepoint "G1CollectForAllocation", Time since last: 42685797 ns, Reaching safepoint: 4102321 ns, Cleanup: 21002 ns, At safepoint: 126864864 ns, Total: 130988187 ns
[2025-10-13T23:20:28.321-0700][1201][info ][safepoint   ] Safepoint "ICBufferFull", Time since last: 544830816 ns, Reaching safepoint: 781648 ns, Cleanup: 149045 ns, At safepoint: 169115 ns, Total: 1099808 ns
[2025-10-13T23:20:28.684-0700][1201][info ][safepoint   ] Safepoint "ICBufferFull", Time since last: 361912022 ns, Reaching safepoint: 1081670 ns, Cleanup: 168153 ns, At safepoint: 269967 ns, Total: 1519790 ns
[2025-10-13T23:20:29.223-0700][1201][info ][safepoint   ] Safepoint "ICBufferFull", Time since last: 537347501 ns, Reaching safepoint: 954097 ns, Cleanup: 161073 ns, At safepoint: 435636 ns, Total: 1550806 ns
[2025-10-13T23:20:29.816-0700][1201][info ][safepoint   ] Safepoint "ICBufferFull", Time since last: 591338042 ns, Reaching safepoint: 945885 ns, Cleanup: 184458 ns, At safepoint: 318490 ns, Total: 1448833 ns
[2025-10-13T23:20:30.141-0700][1201][info ][gc,start    ] GC(44) Pause Young (Normal) (G1 Evacuation Pause)
[2025-10-13T23:20:30.141-0700][1201][info ][gc,task     ] GC(44) Using 113 workers of 113 for evacuation
[2025-10-13T23:20:30.154-0700][1201][debug][gc,remset   ] GC(44) Visited cards 13567744 Total dirty 35979264 (37.71%) Total old 198180864 (6.85%)
[2025-10-13T23:20:30.304-0700][1201][info ][gc,phases   ] GC(44)   Pre Evacuate Collection Set: 0.8ms
[2025-10-13T23:20:30.304-0700][1201][info ][gc,phases   ] GC(44)   Merge Heap Roots: 12.3ms
[2025-10-13T23:20:30.304-0700][1201][info ][gc,phases   ] GC(44)   Evacuate Collection Set: 141.5ms
[2025-10-13T23:20:30.304-0700][1201][info ][gc,phases   ] GC(44)   Post Evacuate Collection Set: 8.8ms
[2025-10-13T23:20:30.304-0700][1201][info ][gc,phases   ] GC(44)   Other: 0.1ms
[2025-10-13T23:20:30.304-0700][1201][debug][gc,remset   ] GC(44) Coarsening (recent): Inline->AoC 0 (0) AoC->Howl 0 (0) Howl->Full 0 (0) Inline->AoC 0 (0) AoC->BitMap 0 (0) BitMap->Full 0 (0) 
[2025-10-13T23:20:30.304-0700][1201][debug][gc,remset   ] GC(44) Coarsening (all): Inline->AoC 158110 (47) AoC->Howl 7290 (92) Howl->Full 0 (0) Inline->AoC 47585 (18) AoC->BitMap 6929 (54) BitMap->Full 0 (0) 
[2025-10-13T23:20:30.304-0700][1201][info ][gc,heap     ] GC(44) Eden regions: 1122->0(1718)
[2025-10-13T23:20:30.304-0700][1201][info ][gc,heap     ] GC(44) Survivor regions: 96->116(153)
[2025-10-13T23:20:30.304-0700][1201][info ][gc,heap     ] GC(44) Old regions: 580->596
[2025-10-13T23:20:30.304-0700][1201][info ][gc,heap     ] GC(44) Humongous regions: 8->0
[2025-10-13T23:20:30.304-0700][1201][info ][gc,metaspace] GC(44) Metaspace: 287493K(291584K)->287493K(291584K) NonClass: 253723K(256000K)->253723K(256000K) Class: 33769K(35584K)->33769K(35584K)
[2025-10-13T23:20:30.304-0700][1201][info ][gc          ] GC(44) Pause Young (Normal) (G1 Evacuation Pause) 57772M->22774M(184320M) 163.670ms
[2025-10-13T23:20:30.305-0700][1201][info ][gc,cpu      ] GC(44) User=8.23s Sys=0.14s Real=0.16s
[2025-10-13T23:20:30.307-0700][1201][info ][safepoint   ] Safepoint "G1CollectForAllocation", Time since last: 322141948 ns, Reaching safepoint: 1147009 ns, Cleanup: 145088 ns, At safepoint: 167536406 ns, Total: 168828503 ns
[2025-10-13T23:20:30.586-0700][1201][info ][safepoint   ] Safepoint "ICBufferFull", Time since last: 277238481 ns, Reaching safepoint: 1087959 ns, Cleanup: 212600 ns, At safepoint: 526043 ns, Total: 1826602 ns
[2025-10-13T23:20:31.182-0700][1201][info ][safepoint   ] Safepoint "ICBufferFull", Time since last: 579173041 ns, Reaching safepoint: 14738768 ns, Cleanup: 147793 ns, At safepoint: 1858290 ns, Total: 16744851 ns
[2025-10-13T23:20:31.753-0700][1201][info ][safepoint   ] Safepoint "ICBufferFull", Time since last: 568827693 ns, Reaching safepoint: 1310826 ns, Cleanup: 202064 ns, At safepoint: 924383 ns, Total: 2437273 ns
[2025-10-13T23:20:32.633-0700][1201][info ][safepoint   ] Safepoint "ICBufferFull", Time since last: 878281614 ns, Reaching safepoint: 962411 ns, Cleanup: 167842 ns, At safepoint: 343398 ns, Total: 1473651 ns
[2025-10-13T23:20:33.178-0700][1201][info ][safepoint   ] Safepoint "ICBufferFull", Time since last: 542200413 ns, Reaching safepoint: 1251315 ns, Cleanup: 186942 ns, At safepoint: 1072285 ns, Total: 2510542 ns
[2025-10-13T23:20:33.451-0700][1201][info ][gc,start    ] GC(45) Pause Young (Normal) (G1 Evacuation Pause)
[2025-10-13T23:20:33.451-0700][1201][info ][gc,task     ] GC(45) Using 113 workers of 113 for evacuation
[2025-10-13T23:20:33.466-0700][1201][debug][gc,remset   ] GC(45) Visited cards 13379840 Total dirty 36962304 (36.20%) Total old 291962880 (4.58%)
[2025-10-13T23:20:33.587-0700][1201][info ][gc,phases   ] GC(45)   Pre Evacuate Collection Set: 0.6ms
[2025-10-13T23:20:33.587-0700][1201][info ][gc,phases   ] GC(45)   Merge Heap Roots: 14.0ms
[2025-10-13T23:20:33.587-0700][1201][info ][gc,phases   ] GC(45)   Evacuate Collection Set: 112.6ms
[2025-10-13T23:20:33.587-0700][1201][info ][gc,phases   ] GC(45)   Post Evacuate Collection Set: 8.3ms
[2025-10-13T23:20:33.587-0700][1201][info ][gc,phases   ] GC(45)   Other: 0.2ms
[2025-10-13T23:20:33.587-0700][1201][debug][gc,remset   ] GC(45) Coarsening (recent): Inline->AoC 0 (0) AoC->Howl 0 (0) Howl->Full 0 (0) Inline->AoC 0 (0) AoC->BitMap 0 (0) BitMap->Full 0 (0) 
[2025-10-13T23:20:33.587-0700][1201][debug][gc,remset   ] GC(45) Coarsening (all): Inline->AoC 158110 (47) AoC->Howl 7290 (92) Howl->Full 0 (0) Inline->AoC 47585 (18) AoC->BitMap 6929 (54) BitMap->Full 0 (0) 
[2025-10-13T23:20:33.587-0700][1201][info ][gc,heap     ] GC(45) Eden regions: 1810->0(1776)
[2025-10-13T23:20:33.587-0700][1201][info ][gc,heap     ] GC(45) Survivor regions: 116->150(241)
[2025-10-13T23:20:33.587-0700][1201][info ][gc,heap     ] GC(45) Old regions: 596->596
[2025-10-13T23:20:33.587-0700][1201][info ][gc,heap     ] GC(45) Humongous regions: 7->0
[2025-10-13T23:20:33.587-0700][1201][info ][gc,metaspace] GC(45) Metaspace: 288404K(292544K)->288404K(292544K) NonClass: 254617K(256960K)->254617K(256960K) Class: 33787K(35584K)->33787K(35584K)
[2025-10-13T23:20:33.587-0700][1201][info ][gc          ] GC(45) Pause Young (Normal) (G1 Evacuation Pause) 80918M->23841M(184320M) 135.819ms
[2025-10-13T23:20:33.588-0700][1201][info ][gc,cpu      ] GC(45) User=9.94s Sys=0.14s Real=0.13s
[2025-10-13T23:20:33.589-0700][1201][info ][safepoint   ] Safepoint "G1CollectForAllocation", Time since last: 271230719 ns, Reaching safepoint: 774476 ns, Cleanup: 149926 ns, At safepoint: 139375525 ns, Total: 140299927 ns
[2025-10-13T23:20:34.080-0700][1201][info ][safepoint   ] Safepoint "ICBufferFull", Time since last: 488716145 ns, Reaching safepoint: 935610 ns, Cleanup: 198679 ns, At safepoint: 603660 ns, Total: 1737949 ns
[2025-10-13T23:20:34.522-0700][1201][info ][safepoint   ] Safepoint "ICBufferFull", Time since last: 440352443 ns, Reaching safepoint: 845624 ns, Cleanup: 156536 ns, At safepoint: 1148460 ns, Total: 2150620 ns
[2025-10-13T23:20:34.615-0700][1201][info ][gc,start    ] GC(46) Pause Young (Concurrent Start) (CodeCache GC Threshold)
[2025-10-13T23:20:34.615-0700][1201][info ][gc,task     ] GC(46) Using 113 workers of 113 for evacuation
[2025-10-13T23:20:34.627-0700][1201][debug][gc,remset   ] GC(46) Visited cards 13384448 Total dirty 36896768 (36.28%) Total old 122683392 (10.91%)
[2025-10-13T23:20:34.801-0700][1201][info ][gc,phases   ] GC(46)   Pre Evacuate Collection Set: 0.9ms
[2025-10-13T23:20:34.801-0700][1201][info ][gc,phases   ] GC(46)   Merge Heap Roots: 10.7ms
[2025-10-13T23:20:34.801-0700][1201][info ][gc,phases   ] GC(46)   Evacuate Collection Set: 164.6ms
[2025-10-13T23:20:34.801-0700][1201][info ][gc,phases   ] GC(46)   Post Evacuate Collection Set: 9.7ms
[2025-10-13T23:20:34.801-0700][1201][info ][gc,phases   ] GC(46)   Other: 0.1ms
[2025-10-13T23:20:34.801-0700][1201][debug][gc,remset   ] GC(46) Coarsening (recent): Inline->AoC 0 (0) AoC->Howl 0 (0) Howl->Full 0 (0) Inline->AoC 0 (0) AoC->BitMap 0 (0) BitMap->Full 0 (0) 
[2025-10-13T23:20:34.801-0700][1201][debug][gc,remset   ] GC(46) Coarsening (all): Inline->AoC 158110 (47) AoC->Howl 7290 (92) Howl->Full 0 (0) Inline->AoC 47585 (18) AoC->BitMap 6929 (54) BitMap->Full 0 (0) 
[2025-10-13T23:20:34.801-0700][1201][info ][gc,heap     ] GC(46) Eden regions: 487->0(1657)
[2025-10-13T23:20:34.801-0700][1201][info ][gc,heap     ] GC(46) Survivor regions: 150->181(284)
[2025-10-13T23:20:34.801-0700][1201][info ][gc,heap     ] GC(46) Old regions: 596->596
[2025-10-13T23:20:34.801-0700][1201][info ][gc,heap     ] GC(46) Humongous regions: 2->0
[2025-10-13T23:20:34.801-0700][1201][info ][gc,metaspace] GC(46) Metaspace: 288501K(292608K)->288501K(292608K) NonClass: 254709K(257024K)->254709K(257024K) Class: 33791K(35584K)->33791K(35584K)
[2025-10-13T23:20:34.801-0700][1201][info ][gc          ] GC(46) Pause Young (Concurrent Start) (CodeCache GC Threshold) 39489M->24854M(184320M) 186.206ms
[2025-10-13T23:20:34.801-0700][1084][info ][gc          ] GC(47) Concurrent Mark Cycle
[2025-10-13T23:20:34.801-0700][1084][info ][gc,marking  ] GC(47) Concurrent Scan Root Regions
[2025-10-13T23:20:34.803-0700][1201][info ][gc,cpu      ] GC(46) User=9.20s Sys=0.07s Real=0.19s
[2025-10-13T23:20:34.804-0700][1201][info ][safepoint   ] Safepoint "G1TryInitiateConcMark", Time since last: 77669850 ns, Reaching safepoint: 13817079 ns, Cleanup: 64347 ns, At safepoint: 190753739 ns, Total: 204635165 ns
[2025-10-13T23:20:34.871-0700][1084][info ][gc,marking  ] GC(47) Concurrent Scan Root Regions 69.182ms
[2025-10-13T23:20:34.871-0700][1084][info ][gc,marking  ] GC(47) Concurrent Mark
[2025-10-13T23:20:34.871-0700][1084][info ][gc,marking  ] GC(47) Concurrent Mark From Roots
[2025-10-13T23:20:34.871-0700][1084][info ][gc,task     ] GC(47) Using 36 workers of 36 for marking
[2025-10-13T23:20:35.115-0700][1084][info ][gc,marking  ] GC(47) Concurrent Mark From Roots 243.904ms
[2025-10-13T23:20:35.115-0700][1084][info ][gc,marking  ] GC(47) Concurrent Preclean
[2025-10-13T23:20:35.125-0700][1084][info ][gc,marking  ] GC(47) Concurrent Preclean 10.024ms
[2025-10-13T23:20:35.127-0700][1201][info ][gc,start    ] GC(47) Pause Remark
[2025-10-13T23:20:35.505-0700][1201][info ][gc,mmu      ] GC(47) MMU target violated: 201.0ms (200.0ms/201.0ms)
[2025-10-13T23:20:35.505-0700][1201][info ][gc          ] GC(47) Pause Remark 29372M->29180M(184320M) 378.422ms
[2025-10-13T23:20:35.507-0700][1201][info ][gc,cpu      ] GC(47) User=2.35s Sys=0.10s Real=0.38s
[2025-10-13T23:20:35.509-0700][1201][info ][safepoint   ] Safepoint "G1PauseRemark", Time since last: 320385442 ns, Reaching safepoint: 964964 ns, Cleanup: 53560 ns, At safepoint: 383471298 ns, Total: 384489822 ns
[2025-10-13T23:20:35.509-0700][1084][info ][gc,marking  ] GC(47) Concurrent Mark 638.624ms
[2025-10-13T23:20:35.509-0700][1084][info ][gc,marking  ] GC(47) Concurrent Rebuild Remembered Sets and Scrub Regions
[2025-10-13T23:20:35.973-0700][1084][info ][gc,marking  ] GC(47) Concurrent Rebuild Remembered Sets and Scrub Regions 464.071ms
[2025-10-13T23:20:35.976-0700][1201][info ][gc,start    ] GC(47) Pause Cleanup
[2025-10-13T23:20:35.978-0700][1201][info ][gc          ] GC(47) Pause Cleanup 38646M->38646M(184320M) 1.566ms
[2025-10-13T23:20:35.979-0700][1201][info ][gc,cpu      ] GC(47) User=0.02s Sys=0.01s Real=0.01s
[2025-10-13T23:20:35.980-0700][1201][info ][safepoint   ] Safepoint "G1PauseCleanup", Time since last: 464221768 ns, Reaching safepoint: 1052576 ns, Cleanup: 296917 ns, At safepoint: 4745731 ns, Total: 6095224 ns
[2025-10-13T23:20:35.980-0700][1084][info ][gc,marking  ] GC(47) Concurrent Clear Claimed Marks
[2025-10-13T23:20:35.981-0700][1084][info ][gc,marking  ] GC(47) Concurrent Clear Claimed Marks 0.831ms
[2025-10-13T23:20:35.981-0700][1084][info ][gc,marking  ] GC(47) Concurrent Cleanup for Next Mark
[2025-10-13T23:20:36.017-0700][1084][info ][gc,marking  ] GC(47) Concurrent Cleanup for Next Mark 36.652ms
[2025-10-13T23:20:36.017-0700][1084][info ][gc          ] GC(47) Concurrent Mark Cycle 1216.018ms
[2025-10-13T23:20:36.502-0700][1201][info ][gc,start    ] GC(48) Pause Young (Prepare Mixed) (G1 Evacuation Pause)
[2025-10-13T23:20:36.502-0700][1201][info ][gc,task     ] GC(48) Using 113 workers of 113 for evacuation
[2025-10-13T23:20:36.514-0700][1201][debug][gc,remset   ] GC(48) Visited cards 13686784 Total dirty 37027840 (36.96%) Total old 159383552 (8.59%)
[2025-10-13T23:20:36.660-0700][1201][info ][gc,phases   ] GC(48)   Pre Evacuate Collection Set: 0.8ms
[2025-10-13T23:20:36.660-0700][1201][info ][gc,phases   ] GC(48)   Merge Heap Roots: 11.7ms
[2025-10-13T23:20:36.660-0700][1201][info ][gc,phases   ] GC(48)   Evacuate Collection Set: 138.7ms
[2025-10-13T23:20:36.660-0700][1201][info ][gc,phases   ] GC(48)   Post Evacuate Collection Set: 6.6ms
[2025-10-13T23:20:36.660-0700][1201][info ][gc,phases   ] GC(48)   Other: 0.1ms
[2025-10-13T23:20:36.660-0700][1201][debug][gc,remset   ] GC(48) Coarsening (recent): Inline->AoC 97591 (0) AoC->Howl 3507 (0) Howl->Full 0 (0) Inline->AoC 22620 (0) AoC->BitMap 4632 (0) BitMap->Full 0 (0) 
[2025-10-13T23:20:36.660-0700][1201][debug][gc,remset   ] GC(48) Coarsening (all): Inline->AoC 255701 (47) AoC->Howl 10797 (92) Howl->Full 0 (0) Inline->AoC 70205 (18) AoC->BitMap 11561 (54) BitMap->Full 0 (0) 
[2025-10-13T23:20:36.660-0700][1201][info ][gc,heap     ] GC(48) Eden regions: 739->0(3369)
[2025-10-13T23:20:36.660-0700][1201][info ][gc,heap     ] GC(48) Survivor regions: 181->87(115)
[2025-10-13T23:20:36.660-0700][1201][info ][gc,heap     ] GC(48) Old regions: 590->700
[2025-10-13T23:20:36.660-0700][1201][info ][gc,heap     ] GC(48) Humongous regions: 2->0
[2025-10-13T23:20:36.660-0700][1201][info ][gc,metaspace] GC(48) Metaspace: 288875K(292992K)->288875K(292992K) NonClass: 255062K(257344K)->255062K(257344K) Class: 33812K(35648K)->33812K(35648K)
[2025-10-13T23:20:36.660-0700][1201][info ][gc          ] GC(48) Pause Young (Prepare Mixed) (G1 Evacuation Pause) 48374M->25163M(184320M) 158.066ms
[2025-10-13T23:20:36.661-0700][1201][info ][gc,cpu      ] GC(48) User=10.03s Sys=0.06s Real=0.16s
[2025-10-13T23:20:36.662-0700][1201][info ][safepoint   ] Safepoint "G1CollectForAllocation", Time since last: 519576143 ns, Reaching safepoint: 1302643 ns, Cleanup: 166821 ns, At safepoint: 161814936 ns, Total: 163284400 ns
[2025-10-13T23:20:37.525-0700][1201][info ][safepoint   ] Safepoint "ICBufferFull", Time since last: 861089140 ns, Reaching safepoint: 814998 ns, Cleanup: 178449 ns, At safepoint: 233722 ns, Total: 1227169 ns
[2025-10-13T23:20:38.526-0700][1201][info ][safepoint   ] Safepoint "Cleanup", Time since last: 1000100005 ns, Reaching safepoint: 774296 ns, Cleanup: 156706 ns, At safepoint: 216266 ns, Total: 1147268 ns
[2025-10-13T23:20:39.026-0700][1201][info ][safepoint   ] Safepoint "ICBufferFull", Time since last: 498607950 ns, Reaching safepoint: 755328 ns, Cleanup: 156196 ns, At safepoint: 193681 ns, Total: 1105205 ns
[2025-10-13T23:20:39.521-0700][1201][info ][safepoint   ] Safepoint "ICBufferFull", Time since last: 494374371 ns, Reaching safepoint: 913116 ns, Cleanup: 190978 ns, At safepoint: 330167 ns, Total: 1434261 ns
[2025-10-13T23:20:39.853-0700][1201][info ][safepoint   ] Safepoint "ICBufferFull", Time since last: 330262805 ns, Reaching safepoint: 822870 ns, Cleanup: 188153 ns, At safepoint: 300854 ns, Total: 1311877 ns
[2025-10-13T23:20:40.102-0700][1201][info ][safepoint   ] Safepoint "ICBufferFull", Time since last: 247037104 ns, Reaching safepoint: 1021239 ns, Cleanup: 227533 ns, At safepoint: 199670 ns, Total: 1448442 ns
[2025-10-13T23:20:40.215-0700][1201][info ][safepoint   ] Safepoint "ICBufferFull", Time since last: 110594499 ns, Reaching safepoint: 1162201 ns, Cleanup: 143797 ns, At safepoint: 1249663 ns, Total: 2555661 ns
[2025-10-13T23:20:40.466-0700][1201][info ][safepoint   ] Safepoint "ICBufferFull", Time since last: 250095312 ns, Reaching safepoint: 782840 ns, Cleanup: 206140 ns, At safepoint: 229536 ns, Total: 1218516 ns
[2025-10-13T23:20:40.844-0700][1201][info ][safepoint   ] Safepoint "ICBufferFull", Time since last: 376343297 ns, Reaching safepoint: 931263 ns, Cleanup: 196246 ns, At safepoint: 663610 ns, Total: 1791119 ns
[2025-10-13T23:20:41.695-0700][1201][info ][safepoint   ] Safepoint "ICBufferFull", Time since last: 847663911 ns, Reaching safepoint: 1402143 ns, Cleanup: 233161 ns, At safepoint: 1822917 ns, Total: 3458221 ns
[2025-10-13T23:20:41.699-0700][1201][info ][safepoint   ] Safepoint "ICBufferFull", Time since last: 945815 ns, Reaching safepoint: 973186 ns, Cleanup: 11307 ns, At safepoint: 1619891 ns, Total: 2604384 ns
[2025-10-13T23:20:41.703-0700][1201][info ][safepoint   ] Safepoint "ICBufferFull", Time since last: 981359 ns, Reaching safepoint: 1109451 ns, Cleanup: 13100 ns, At safepoint: 2081577 ns, Total: 3204128 ns
[2025-10-13T23:20:41.707-0700][1201][info ][safepoint   ] Safepoint "ICBufferFull", Time since last: 1576896 ns, Reaching safepoint: 1025745 ns, Cleanup: 14943 ns, At safepoint: 979205 ns, Total: 2019893 ns
[2025-10-13T23:20:41.710-0700][1201][info ][safepoint   ] Safepoint "ICBufferFull", Time since last: 1139517 ns, Reaching safepoint: 914278 ns, Cleanup: 10906 ns, At safepoint: 1285667 ns, Total: 2210851 ns
[2025-10-13T23:20:41.712-0700][1201][info ][safepoint   ] Safepoint "ICBufferFull", Time since last: 461656 ns, Reaching safepoint: 723480 ns, Cleanup: 10205 ns, At safepoint: 657301 ns, Total: 1390986 ns
[2025-10-13T23:20:41.714-0700][1201][info ][safepoint   ] Safepoint "ICBufferFull", Time since last: 284799 ns, Reaching safepoint: 807266 ns, Cleanup: 8112 ns, At safepoint: 768418 ns, Total: 1583796 ns
[2025-10-13T23:20:41.715-0700][1201][info ][safepoint   ] Safepoint "ICBufferFull", Time since last: 236857 ns, Reaching safepoint: 590390 ns, Cleanup: 6960 ns, At safepoint: 644401 ns, Total: 1241751 ns
[2025-10-13T23:20:41.717-0700][1201][info ][safepoint   ] Safepoint "ICBufferFull", Time since last: 347734 ns, Reaching safepoint: 841909 ns, Cleanup: 7090 ns, At safepoint: 592523 ns, Total: 1441522 ns
[2025-10-13T23:20:41.719-0700][1201][info ][safepoint   ] Safepoint "ICBufferFull", Time since last: 539433 ns, Reaching safepoint: 633144 ns, Cleanup: 6510 ns, At safepoint: 554916 ns, Total: 1194570 ns
[2025-10-13T23:20:41.720-0700][1201][info ][safepoint   ] Safepoint "ICBufferFull", Time since last: 223226 ns, Reaching safepoint: 603329 ns, Cleanup: 5659 ns, At safepoint: 528786 ns, Total: 1137774 ns
[2025-10-13T23:20:41.721-0700][1201][info ][safepoint   ] Safepoint "ICBufferFull", Time since last: 327444 ns, Reaching safepoint: 522838 ns, Cleanup: 5278 ns, At safepoint: 383377 ns, Total: 911493 ns
[2025-10-13T23:20:41.722-0700][1201][info ][safepoint   ] Safepoint "ICBufferFull", Time since last: 159170 ns, Reaching safepoint: 410158 ns, Cleanup: 1713 ns, At safepoint: 369727 ns, Total: 781598 ns
[2025-10-13T23:20:41.724-0700][1201][info ][safepoint   ] Safepoint "ICBufferFull", Time since last: 232160 ns, Reaching safepoint: 930291 ns, Cleanup: 12709 ns, At safepoint: 503649 ns, Total: 1446649 ns
[2025-10-13T23:20:41.725-0700][1201][info ][safepoint   ] Safepoint "ICBufferFull", Time since last: 560475 ns, Reaching safepoint: 584310 ns, Cleanup: 7261 ns, At safepoint: 439492 ns, Total: 1031063 ns
[2025-10-13T23:20:41.727-0700][1201][info ][safepoint   ] Safepoint "ICBufferFull", Time since last: 243557 ns, Reaching safepoint: 540695 ns, Cleanup: 5609 ns, At safepoint: 414895 ns, Total: 961199 ns
[2025-10-13T23:20:41.729-0700][1201][info ][safepoint   ] Safepoint "ICBufferFull", Time since last: 273962 ns, Reaching safepoint: 957193 ns, Cleanup: 4336 ns, At safepoint: 681227 ns, Total: 1642756 ns
[2025-10-13T23:20:41.730-0700][1201][info ][safepoint   ] Safepoint "ICBufferFull", Time since last: 303257 ns, Reaching safepoint: 626113 ns, Cleanup: 8122 ns, At safepoint: 497780 ns, Total: 1132015 ns
[2025-10-13T23:20:41.732-0700][1201][info ][safepoint   ] Safepoint "ICBufferFull", Time since last: 420784 ns, Reaching safepoint: 892866 ns, Cleanup: 7831 ns, At safepoint: 592353 ns, Total: 1493050 ns
[2025-10-13T23:20:41.734-0700][1201][info ][safepoint   ] Safepoint "ICBufferFull", Time since last: 499503 ns, Reaching safepoint: 936531 ns, Cleanup: 10766 ns, At safepoint: 617360 ns, Total: 1564657 ns
[2025-10-13T23:20:41.735-0700][1201][info ][safepoint   ] Safepoint "ICBufferFull", Time since last: 256246 ns, Reaching safepoint: 580815 ns, Cleanup: 6350 ns, At safepoint: 457980 ns, Total: 1045145 ns
[2025-10-13T23:20:41.736-0700][1201][info ][safepoint   ] Safepoint "ICBufferFull", Time since last: 170557 ns, Reaching safepoint: 492963 ns, Cleanup: 5097 ns, At safepoint: 334434 ns, Total: 832494 ns
[2025-10-13T23:20:41.737-0700][1201][info ][safepoint   ] Safepoint "ICBufferFull", Time since last: 216086 ns, Reaching safepoint: 424920 ns, Cleanup: 4016 ns, At safepoint: 238169 ns, Total: 667105 ns
[2025-10-13T23:20:41.738-0700][1201][info ][safepoint   ] Safepoint "ICBufferFull", Time since last: 127662 ns, Reaching safepoint: 367544 ns, Cleanup: 3085 ns, At safepoint: 230587 ns, Total: 601216 ns
[2025-10-13T23:20:41.739-0700][1201][info ][safepoint   ] Safepoint "ICBufferFull", Time since last: 166802 ns, Reaching safepoint: 380503 ns, Cleanup: 4216 ns, At safepoint: 264509 ns, Total: 649228 ns
[2025-10-13T23:20:41.740-0700][1201][info ][safepoint   ] Safepoint "ICBufferFull", Time since last: 486223 ns, Reaching safepoint: 495326 ns, Cleanup: 4967 ns, At safepoint: 275666 ns, Total: 775959 ns
[2025-10-13T23:20:41.741-0700][1201][info ][safepoint   ] Safepoint "ICBufferFull", Time since last: 200051 ns, Reaching safepoint: 459262 ns, Cleanup: 5208 ns, At safepoint: 258009 ns, Total: 722479 ns
[2025-10-13T23:20:41.742-0700][1201][info ][safepoint   ] Safepoint "ICBufferFull", Time since last: 103095 ns, Reaching safepoint: 380664 ns, Cleanup: 3615 ns, At safepoint: 370729 ns, Total: 755008 ns
[2025-10-13T23:20:41.743-0700][1201][info ][safepoint   ] Safepoint "ICBufferFull", Time since last: 225920 ns, Reaching safepoint: 507445 ns, Cleanup: 2223 ns, At safepoint: 381244 ns, Total: 890912 ns
[2025-10-13T23:20:41.744-0700][1201][info ][safepoint   ] Safepoint "ICBufferFull", Time since last: 190237 ns, Reaching safepoint: 503098 ns, Cleanup: 7201 ns, At safepoint: 364319 ns, Total: 874618 ns
[2025-10-13T23:20:41.746-0700][1201][info ][safepoint   ] Safepoint "ICBufferFull", Time since last: 368746 ns, Reaching safepoint: 854978 ns, Cleanup: 8412 ns, At safepoint: 564161 ns, Total: 1427551 ns
[2025-10-13T23:20:41.747-0700][1201][info ][safepoint   ] Safepoint "ICBufferFull", Time since last: 302275 ns, Reaching safepoint: 543689 ns, Cleanup: 3756 ns, At safepoint: 329957 ns, Total: 877402 ns
[2025-10-13T23:20:41.748-0700][1201][info ][safepoint   ] Safepoint "ICBufferFull", Time since last: 142034 ns, Reaching safepoint: 461666 ns, Cleanup: 5438 ns, At safepoint: 267964 ns, Total: 735068 ns
[2025-10-13T23:20:41.749-0700][1201][info ][safepoint   ] Safepoint "ICBufferFull", Time since last: 146881 ns, Reaching safepoint: 417649 ns, Cleanup: 4837 ns, At safepoint: 263007 ns, Total: 685493 ns
[2025-10-13T23:20:41.750-0700][1201][info ][safepoint   ] Safepoint "ICBufferFull", Time since last: 223496 ns, Reaching safepoint: 436829 ns, Cleanup: 4847 ns, At safepoint: 226892 ns, Total: 668568 ns
[2025-10-13T23:20:41.751-0700][1201][info ][safepoint   ] Safepoint "ICBufferFull", Time since last: 268304 ns, Reaching safepoint: 918764 ns, Cleanup: 8053 ns, At safepoint: 352961 ns, Total: 1279778 ns
[2025-10-13T23:20:41.752-0700][1201][info ][safepoint   ] Safepoint "ICBufferFull", Time since last: 281975 ns, Reaching safepoint: 475317 ns, Cleanup: 1983 ns, At safepoint: 292771 ns, Total: 770071 ns
[2025-10-13T23:20:41.753-0700][1201][info ][safepoint   ] Safepoint "ICBufferFull", Time since last: 340172 ns, Reaching safepoint: 498291 ns, Cleanup: 6289 ns, At safepoint: 383248 ns, Total: 887828 ns
[2025-10-13T23:20:41.755-0700][1201][info ][safepoint   ] Safepoint "ICBufferFull", Time since last: 449567 ns, Reaching safepoint: 596499 ns, Cleanup: 5579 ns, At safepoint: 440263 ns, Total: 1042341 ns
[2025-10-13T23:20:41.756-0700][1201][info ][safepoint   ] Safepoint "ICBufferFull", Time since last: 174883 ns, Reaching safepoint: 507375 ns, Cleanup: 5208 ns, At safepoint: 339531 ns, Total: 852114 ns
[2025-10-13T23:20:41.758-0700][1201][info ][safepoint   ] Safepoint "ICBufferFull", Time since last: 628067 ns, Reaching safepoint: 654215 ns, Cleanup: 6260 ns, At safepoint: 463578 ns, Total: 1124053 ns
[2025-10-13T23:20:41.759-0700][1201][info ][safepoint   ] Safepoint "ICBufferFull", Time since last: 749850 ns, Reaching safepoint: 595708 ns, Cleanup: 7301 ns, At safepoint: 410889 ns, Total: 1013898 ns
[2025-10-13T23:20:41.760-0700][1201][info ][safepoint   ] Safepoint "ICBufferFull", Time since last: 116676 ns, Reaching safepoint: 489287 ns, Cleanup: 5859 ns, At safepoint: 323467 ns, Total: 818613 ns
[2025-10-13T23:20:41.761-0700][1201][info ][safepoint   ] Safepoint "ICBufferFull", Time since last: 338490 ns, Reaching safepoint: 439162 ns, Cleanup: 5638 ns, At safepoint: 216537 ns, Total: 661337 ns
[2025-10-13T23:20:41.762-0700][1201][info ][safepoint   ] Safepoint "ICBufferFull", Time since last: 92018 ns, Reaching safepoint: 369347 ns, Cleanup: 1362 ns, At safepoint: 200502 ns, Total: 571211 ns
[2025-10-13T23:20:41.763-0700][1201][info ][safepoint   ] Safepoint "ICBufferFull", Time since last: 577099 ns, Reaching safepoint: 510840 ns, Cleanup: 7792 ns, At safepoint: 287012 ns, Total: 805644 ns
[2025-10-13T23:20:41.764-0700][1201][info ][safepoint   ] Safepoint "ICBufferFull", Time since last: 336547 ns, Reaching safepoint: 437279 ns, Cleanup: 5278 ns, At safepoint: 275425 ns, Total: 717982 ns
[2025-10-13T23:20:41.766-0700][1201][info ][safepoint   ] Safepoint "ICBufferFull", Time since last: 404940 ns, Reaching safepoint: 650821 ns, Cleanup: 5949 ns, At safepoint: 264428 ns, Total: 921198 ns
[2025-10-13T23:20:41.768-0700][1201][info ][safepoint   ] Safepoint "ICBufferFull", Time since last: 255686 ns, Reaching safepoint: 1090933 ns, Cleanup: 11518 ns, At safepoint: 482557 ns, Total: 1585008 ns
[2025-10-13T23:20:41.769-0700][1201][info ][safepoint   ] Safepoint "ICBufferFull", Time since last: 292350 ns, Reaching safepoint: 660496 ns, Cleanup: 7471 ns, At safepoint: 329697 ns, Total: 997664 ns
[2025-10-13T23:20:41.770-0700][1201][info ][safepoint   ] Safepoint "ICBufferFull", Time since last: 194933 ns, Reaching safepoint: 485973 ns, Cleanup: 4456 ns, At safepoint: 316037 ns, Total: 806466 ns
[2025-10-13T23:20:41.772-0700][1201][info ][safepoint   ] Safepoint "ICBufferFull", Time since last: 446182 ns, Reaching safepoint: 884422 ns, Cleanup: 9144 ns, At safepoint: 448907 ns, Total: 1342473 ns
[2025-10-13T23:20:41.773-0700][1201][info ][safepoint   ] Safepoint "ICBufferFull", Time since last: 215715 ns, Reaching safepoint: 479392 ns, Cleanup: 5098 ns, At safepoint: 377909 ns, Total: 862399 ns
[2025-10-13T23:20:41.774-0700][1201][info ][safepoint   ] Safepoint "ICBufferFull", Time since last: 235034 ns, Reaching safepoint: 453503 ns, Cleanup: 4858 ns, At safepoint: 322315 ns, Total: 780676 ns
[2025-10-13T23:20:41.781-0700][1201][info ][safepoint   ] Safepoint "ICBufferFull", Time since last: 455787 ns, Reaching safepoint: 5808642 ns, Cleanup: 6701 ns, At safepoint: 919635 ns, Total: 6734978 ns
[2025-10-13T23:20:41.783-0700][1201][info ][safepoint   ] Safepoint "ICBufferFull", Time since last: 405942 ns, Reaching safepoint: 694647 ns, Cleanup: 3304 ns, At safepoint: 521546 ns, Total: 1219497 ns
[2025-10-13T23:20:41.784-0700][1201][info ][safepoint   ] Safepoint "ICBufferFull", Time since last: 346633 ns, Reaching safepoint: 482607 ns, Cleanup: 6480 ns, At safepoint: 375105 ns, Total: 864192 ns
[2025-10-13T23:20:41.785-0700][1201][info ][safepoint   ] Safepoint "ICBufferFull", Time since last: 164968 ns, Reaching safepoint: 451701 ns, Cleanup: 4657 ns, At safepoint: 463368 ns, Total: 919726 ns
[2025-10-13T23:20:41.787-0700][1201][info ][safepoint   ] Safepoint "ICBufferFull", Time since last: 469708 ns, Reaching safepoint: 1445748 ns, Cleanup: 5609 ns, At safepoint: 521345 ns, Total: 1972702 ns
[2025-10-13T23:20:41.789-0700][1201][info ][safepoint   ] Safepoint "ICBufferFull", Time since last: 180021 ns, Reaching safepoint: 1244185 ns, Cleanup: 11397 ns, At safepoint: 734617 ns, Total: 1990199 ns
[2025-10-13T23:20:41.791-0700][1201][info ][safepoint   ] Safepoint "ICBufferFull", Time since last: 177518 ns, Reaching safepoint: 579252 ns, Cleanup: 6721 ns, At safepoint: 538932 ns, Total: 1124905 ns
[2025-10-13T23:20:41.801-0700][1201][info ][safepoint   ] Safepoint "ICBufferFull", Time since last: 755628 ns, Reaching safepoint: 7958381 ns, Cleanup: 11558 ns, At safepoint: 1264405 ns, Total: 9234344 ns
[2025-10-13T23:20:41.803-0700][1201][info ][safepoint   ] Safepoint "ICBufferFull", Time since last: 724792 ns, Reaching safepoint: 904383 ns, Cleanup: 9484 ns, At safepoint: 569228 ns, Total: 1483095 ns
[2025-10-13T23:20:42.805-0700][1201][info ][safepoint   ] Safepoint "Cleanup", Time since last: 1000100876 ns, Reaching safepoint: 947538 ns, Cleanup: 145770 ns, At safepoint: 826885 ns, Total: 1920193 ns
[2025-10-13T23:20:43.757-0700][1201][info ][gc,start    ] GC(49) Pause Young (Mixed) (G1 Evacuation Pause)
[2025-10-13T23:20:43.757-0700][1201][info ][gc,task     ] GC(49) Using 113 workers of 113 for evacuation
[2025-10-13T23:20:43.771-0700][1201][debug][gc,remset   ] GC(49) Visited cards 13544704 Total dirty 43843584 (30.89%) Total old 500826112 (2.70%)
[2025-10-13T23:20:43.889-0700][1201][info ][gc,phases   ] GC(49)   Pre Evacuate Collection Set: 0.7ms
[2025-10-13T23:20:43.889-0700][1201][info ][gc,phases   ] GC(49)   Merge Heap Roots: 13.2ms
[2025-10-13T23:20:43.889-0700][1201][info ][gc,phases   ] GC(49)   Evacuate Collection Set: 107.0ms
[2025-10-13T23:20:43.889-0700][1201][info ][gc,phases   ] GC(49)   Post Evacuate Collection Set: 10.7ms
[2025-10-13T23:20:43.889-0700][1201][info ][gc,phases   ] GC(49)   Other: 0.3ms
[2025-10-13T23:20:43.889-0700][1201][debug][gc,remset   ] GC(49) Coarsening (recent): Inline->AoC 0 (0) AoC->Howl 0 (0) Howl->Full 0 (0) Inline->AoC 0 (0) AoC->BitMap 0 (0) BitMap->Full 0 (0) 
[2025-10-13T23:20:43.889-0700][1201][debug][gc,remset   ] GC(49) Coarsening (all): Inline->AoC 255701 (47) AoC->Howl 10797 (92) Howl->Full 0 (0) Inline->AoC 70205 (18) AoC->BitMap 11561 (54) BitMap->Full 0 (0) 
[2025-10-13T23:20:43.889-0700][1201][info ][gc,heap     ] GC(49) Eden regions: 3369->0(3324)
[2025-10-13T23:20:43.889-0700][1201][info ][gc,heap     ] GC(49) Survivor regions: 87->132(432)
[2025-10-13T23:20:43.889-0700][1201][info ][gc,heap     ] GC(49) Old regions: 700->687
[2025-10-13T23:20:43.889-0700][1201][info ][gc,heap     ] GC(49) Humongous regions: 13->0
[2025-10-13T23:20:43.889-0700][1201][info ][gc,metaspace] GC(49) Metaspace: 290013K(294144K)->290013K(294144K) NonClass: 256172K(258496K)->256172K(258496K) Class: 33840K(35648K)->33840K(35648K)
[2025-10-13T23:20:43.889-0700][1201][info ][gc          ] GC(49) Pause Young (Mixed) (G1 Evacuation Pause) 133387M->26177M(184320M) 132.065ms
[2025-10-13T23:20:43.890-0700][1201][info ][gc,cpu      ] GC(49) User=10.39s Sys=0.08s Real=0.14s
[2025-10-13T23:20:43.891-0700][1201][info ][safepoint   ] Safepoint "G1CollectForAllocation", Time since last: 949574536 ns, Reaching safepoint: 889961 ns, Cleanup: 118839 ns, At safepoint: 135779687 ns, Total: 136788487 ns
[2025-10-13T23:20:44.898-0700][1201][info ][safepoint   ] Safepoint "Cleanup", Time since last: 1000098382 ns, Reaching safepoint: 5052774 ns, Cleanup: 99189 ns, At safepoint: 899926 ns, Total: 6051889 ns
[2025-10-13T23:20:45.678-0700][1201][info ][safepoint   ] Safepoint "ICBufferFull", Time since last: 779257840 ns, Reaching safepoint: 950582 ns, Cleanup: 186171 ns, At safepoint: 564761 ns, Total: 1701514 ns
[2025-10-13T23:20:46.337-0700][1201][info ][safepoint   ] Safepoint "ICBufferFull", Time since last: 657018415 ns, Reaching safepoint: 980568 ns, Cleanup: 200251 ns, At safepoint: 285330 ns, Total: 1466149 ns
[2025-10-13T23:20:47.010-0700][1201][info ][safepoint   ] Safepoint "ICBufferFull", Time since last: 672095303 ns, Reaching safepoint: 849660 ns, Cleanup: 177077 ns, At safepoint: 251369 ns, Total: 1278106 ns
[2025-10-13T23:20:47.550-0700][1201][info ][safepoint   ] Safepoint "ICBufferFull", Time since last: 538317672 ns, Reaching safepoint: 749409 ns, Cleanup: 193963 ns, At safepoint: 294303 ns, Total: 1237675 ns
[2025-10-13T23:20:48.181-0700][1201][info ][safepoint   ] Safepoint "ICBufferFull", Time since last: 624894853 ns, Reaching safepoint: 4365858 ns, Cleanup: 302116 ns, At safepoint: 1408442 ns, Total: 6076416 ns
[2025-10-13T23:20:49.183-0700][1201][info ][safepoint   ] Safepoint "Cleanup", Time since last: 1000117741 ns, Reaching safepoint: 1088601 ns, Cleanup: 186120 ns, At safepoint: 712564 ns, Total: 1987285 ns
[2025-10-13T23:20:50.185-0700][1201][info ][safepoint   ] Safepoint "Cleanup", Time since last: 1000111222 ns, Reaching safepoint: 814096 ns, Cleanup: 176536 ns, At safepoint: 953437 ns, Total: 1944069 ns
[2025-10-13T23:20:50.807-0700][1201][info ][safepoint   ] Safepoint "ICBufferFull", Time since last: 619567065 ns, Reaching safepoint: 1028140 ns, Cleanup: 213752 ns, At safepoint: 1245987 ns, Total: 2487879 ns
[2025-10-13T23:20:51.357-0700][1201][info ][safepoint   ] Safepoint "ICBufferFull", Time since last: 536350228 ns, Reaching safepoint: 10361432 ns, Cleanup: 224068 ns, At safepoint: 2964777 ns, Total: 13550277 ns
[2025-10-13T23:20:51.458-0700][1201][info ][gc,start    ] GC(50) Pause Young (Mixed) (G1 Evacuation Pause)
[2025-10-13T23:20:51.458-0700][1201][info ][gc,task     ] GC(50) Using 113 workers of 113 for evacuation
[2025-10-13T23:20:51.473-0700][1201][debug][gc,remset   ] GC(50) Visited cards 13524480 Total dirty 38076416 (35.52%) Total old 507183104 (2.67%)
[2025-10-13T23:20:51.663-0700][1201][info ][gc,mmu      ] GC(50) MMU target violated: 201.0ms (200.0ms/201.0ms)
[2025-10-13T23:20:51.663-0700][1201][info ][gc,phases   ] GC(50)   Pre Evacuate Collection Set: 0.9ms
[2025-10-13T23:20:51.663-0700][1201][info ][gc,phases   ] GC(50)   Merge Heap Roots: 13.9ms
[2025-10-13T23:20:51.663-0700][1201][info ][gc,phases   ] GC(50)   Evacuate Collection Set: 176.4ms
[2025-10-13T23:20:51.663-0700][1201][info ][gc,phases   ] GC(50)   Post Evacuate Collection Set: 12.9ms
[2025-10-13T23:20:51.663-0700][1201][info ][gc,phases   ] GC(50)   Other: 0.2ms
[2025-10-13T23:20:51.663-0700][1201][debug][gc,remset   ] GC(50) Coarsening (recent): Inline->AoC 10013 (0) AoC->Howl 40 (0) Howl->Full 0 (0) Inline->AoC 236 (0) AoC->BitMap 8 (0) BitMap->Full 0 (0) 
[2025-10-13T23:20:51.663-0700][1201][debug][gc,remset   ] GC(50) Coarsening (all): Inline->AoC 265714 (47) AoC->Howl 10837 (92) Howl->Full 0 (0) Inline->AoC 70441 (18) AoC->BitMap 11569 (54) BitMap->Full 0 (0) 
[2025-10-13T23:20:51.663-0700][1201][info ][gc,heap     ] GC(50) Eden regions: 3324->0(1625)
[2025-10-13T23:20:51.663-0700][1201][info ][gc,heap     ] GC(50) Survivor regions: 132->188(432)
[2025-10-13T23:20:51.663-0700][1201][info ][gc,heap     ] GC(50) Old regions: 687->574
[2025-10-13T23:20:51.663-0700][1201][info ][gc,heap     ] GC(50) Humongous regions: 23->0
[2025-10-13T23:20:51.663-0700][1201][info ][gc,metaspace] GC(50) Metaspace: 291779K(296064K)->291779K(296064K) NonClass: 257849K(260224K)->257849K(260224K) Class: 33930K(35840K)->33930K(35840K)
[2025-10-13T23:20:51.663-0700][1201][info ][gc          ] GC(50) Pause Young (Mixed) (G1 Evacuation Pause) 133281M->24346M(184320M) 204.436ms
[2025-10-13T23:20:51.664-0700][1201][info ][gc,cpu      ] GC(50) User=12.96s Sys=0.14s Real=0.20s
[2025-10-13T23:20:51.665-0700][1201][info ][safepoint   ] Safepoint "G1CollectForAllocation", Time since last: 99083374 ns, Reaching safepoint: 892315 ns, Cleanup: 156496 ns, At safepoint: 208097932 ns, Total: 209146743 ns
[2025-10-13T23:20:52.667-0700][1201][info ][safepoint   ] Safepoint "Cleanup", Time since last: 1000102419 ns, Reaching safepoint: 827336 ns, Cleanup: 185890 ns, At safepoint: 608507 ns, Total: 1621733 ns
[2025-10-13T23:20:53.668-0700][1201][info ][safepoint   ] Safepoint "Cleanup", Time since last: 1000117962 ns, Reaching safepoint: 753345 ns, Cleanup: 42815 ns, At safepoint: 569598 ns, Total: 1365758 ns
[2025-10-13T23:20:54.670-0700][1201][info ][safepoint   ] Safepoint "Cleanup", Time since last: 1000101558 ns, Reaching safepoint: 722028 ns, Cleanup: 69424 ns, At safepoint: 459863 ns, Total: 1251315 ns
[2025-10-13T23:20:55.672-0700][1201][info ][safepoint   ] Safepoint "Cleanup", Time since last: 1000101658 ns, Reaching safepoint: 1079526 ns, Cleanup: 98969 ns, At safepoint: 1183774 ns, Total: 2362269 ns
[2025-10-13T23:20:56.387-0700][1201][info ][gc,start    ] GC(51) Pause Young (Normal) (G1 Evacuation Pause)
[2025-10-13T23:20:56.387-0700][1201][info ][gc,task     ] GC(51) Using 113 workers of 113 for evacuation
[2025-10-13T23:20:56.400-0700][1201][debug][gc,remset   ] GC(51) Visited cards 12825600 Total dirty 37355520 (34.33%) Total old 324337664 (3.95%)
[2025-10-13T23:20:56.552-0700][1201][info ][gc,phases   ] GC(51)   Pre Evacuate Collection Set: 0.7ms
[2025-10-13T23:20:56.552-0700][1201][info ][gc,phases   ] GC(51)   Merge Heap Roots: 12.1ms
[2025-10-13T23:20:56.552-0700][1201][info ][gc,phases   ] GC(51)   Evacuate Collection Set: 143.9ms
[2025-10-13T23:20:56.552-0700][1201][info ][gc,phases   ] GC(51)   Post Evacuate Collection Set: 8.8ms
[2025-10-13T23:20:56.552-0700][1201][info ][gc,phases   ] GC(51)   Other: 0.1ms
[2025-10-13T23:20:56.552-0700][1201][debug][gc,remset   ] GC(51) Coarsening (recent): Inline->AoC 1849 (0) AoC->Howl 54 (0) Howl->Full 0 (0) Inline->AoC 229 (0) AoC->BitMap 89 (0) BitMap->Full 0 (0) 
[2025-10-13T23:20:56.552-0700][1201][debug][gc,remset   ] GC(51) Coarsening (all): Inline->AoC 267563 (47) AoC->Howl 10891 (92) Howl->Full 0 (0) Inline->AoC 70670 (18) AoC->BitMap 11658 (54) BitMap->Full 0 (0) 
[2025-10-13T23:20:56.552-0700][1201][info ][gc,heap     ] GC(51) Eden regions: 1997->0(3338)
[2025-10-13T23:20:56.552-0700][1201][info ][gc,heap     ] GC(51) Survivor regions: 188->118(274)
[2025-10-13T23:20:56.552-0700][1201][info ][gc,heap     ] GC(51) Old regions: 574->658
[2025-10-13T23:20:56.552-0700][1201][info ][gc,heap     ] GC(51) Humongous regions: 5->1
[2025-10-13T23:20:56.552-0700][1201][info ][gc,metaspace] GC(51) Metaspace: 291836K(296128K)->291836K(296128K) NonClass: 257903K(260288K)->257903K(260288K) Class: 33933K(35840K)->33933K(35840K)
[2025-10-13T23:20:56.552-0700][1201][info ][gc          ] GC(51) Pause Young (Normal) (G1 Evacuation Pause) 88410M->24824M(184320M) 165.747ms
[2025-10-13T23:20:56.554-0700][1201][info ][gc,cpu      ] GC(51) User=12.14s Sys=0.04s Real=0.17s
[2025-10-13T23:20:56.555-0700][1201][info ][safepoint   ] Safepoint "G1CollectForAllocation", Time since last: 712581836 ns, Reaching safepoint: 738853 ns, Cleanup: 38618 ns, At safepoint: 169142526 ns, Total: 169919997 ns
[2025-10-13T23:20:57.556-0700][1201][info ][safepoint   ] Safepoint "Cleanup", Time since last: 1000081087 ns, Reaching safepoint: 1217755 ns, Cleanup: 61743 ns, At safepoint: 180021 ns, Total: 1459519 ns
[2025-10-13T23:20:58.557-0700][1201][info ][safepoint   ] Safepoint "Cleanup", Time since last: 1000097772 ns, Reaching safepoint: 675117 ns, Cleanup: 84337 ns, At safepoint: 248394 ns, Total: 1007848 ns
[2025-10-13T23:20:59.461-0700][1201][info ][safepoint   ] Safepoint "ICBufferFull", Time since last: 901429383 ns, Reaching safepoint: 800746 ns, Cleanup: 238039 ns, At safepoint: 721457 ns, Total: 1760242 ns
[2025-10-13T23:21:00.462-0700][1201][info ][safepoint   ] Safepoint "Cleanup", Time since last: 1000108158 ns, Reaching safepoint: 692082 ns, Cleanup: 165049 ns, At safepoint: 573624 ns, Total: 1430755 ns
[2025-10-13T23:21:00.979-0700][1201][info ][gc,start    ] GC(52) Pause Young (Concurrent Start) (CodeCache GC Threshold)
[2025-10-13T23:21:00.979-0700][1201][info ][gc,task     ] GC(52) Using 113 workers of 113 for evacuation
[2025-10-13T23:21:00.992-0700][1201][debug][gc,remset   ] GC(52) Visited cards 12928000 Total dirty 42139648 (30.68%) Total old 245235712 (5.27%)
[2025-10-13T23:21:01.113-0700][1201][info ][gc,phases   ] GC(52)   Pre Evacuate Collection Set: 0.9ms
[2025-10-13T23:21:01.113-0700][1201][info ][gc,phases   ] GC(52)   Merge Heap Roots: 12.6ms
[2025-10-13T23:21:01.113-0700][1201][info ][gc,phases   ] GC(52)   Evacuate Collection Set: 111.6ms
[2025-10-13T23:21:01.113-0700][1201][info ][gc,phases   ] GC(52)   Post Evacuate Collection Set: 8.6ms
[2025-10-13T23:21:01.113-0700][1201][info ][gc,phases   ] GC(52)   Other: 0.1ms
[2025-10-13T23:21:01.113-0700][1201][debug][gc,remset   ] GC(52) Coarsening (recent): Inline->AoC 3676 (0) AoC->Howl 18 (0) Howl->Full 0 (0) Inline->AoC 69 (0) AoC->BitMap 9 (0) BitMap->Full 0 (0) 
[2025-10-13T23:21:01.113-0700][1201][debug][gc,remset   ] GC(52) Coarsening (all): Inline->AoC 271239 (47) AoC->Howl 10909 (92) Howl->Full 0 (0) Inline->AoC 70739 (18) AoC->BitMap 11667 (54) BitMap->Full 0 (0) 
[2025-10-13T23:21:01.113-0700][1201][info ][gc,heap     ] GC(52) Eden regions: 1418->0(3313)
[2025-10-13T23:21:01.113-0700][1201][info ][gc,heap     ] GC(52) Survivor regions: 118->143(432)
[2025-10-13T23:21:01.113-0700][1201][info ][gc,heap     ] GC(52) Old regions: 658->658
[2025-10-13T23:21:01.113-0700][1201][info ][gc,heap     ] GC(52) Humongous regions: 12->0
[2025-10-13T23:21:01.113-0700][1201][info ][gc,metaspace] GC(52) Metaspace: 292137K(296384K)->292137K(296384K) NonClass: 258197K(260544K)->258197K(260544K) Class: 33940K(35840K)->33940K(35840K)
[2025-10-13T23:21:01.113-0700][1201][info ][gc          ] GC(52) Pause Young (Concurrent Start) (CodeCache GC Threshold) 70533M->25615M(184320M) 133.979ms
[2025-10-13T23:21:01.113-0700][1084][info ][gc          ] GC(53) Concurrent Mark Cycle
[2025-10-13T23:21:01.113-0700][1084][info ][gc,marking  ] GC(53) Concurrent Scan Root Regions
[2025-10-13T23:21:01.114-0700][1201][info ][gc,cpu      ] GC(52) User=9.76s Sys=0.06s Real=0.13s
[2025-10-13T23:21:01.116-0700][1201][info ][safepoint   ] Safepoint "G1TryInitiateConcMark", Time since last: 513988335 ns, Reaching safepoint: 1443004 ns, Cleanup: 139640 ns, At safepoint: 137889636 ns, Total: 139472280 ns
[2025-10-13T23:21:01.167-0700][1084][info ][gc,marking  ] GC(53) Concurrent Scan Root Regions 54.370ms
[2025-10-13T23:21:01.167-0700][1084][info ][gc,marking  ] GC(53) Concurrent Mark
[2025-10-13T23:21:01.167-0700][1084][info ][gc,marking  ] GC(53) Concurrent Mark From Roots
[2025-10-13T23:21:01.167-0700][1084][info ][gc,task     ] GC(53) Using 36 workers of 36 for marking
[2025-10-13T23:21:01.378-0700][1084][info ][gc,marking  ] GC(53) Concurrent Mark From Roots 210.257ms
[2025-10-13T23:21:01.378-0700][1084][info ][gc,marking  ] GC(53) Concurrent Preclean
[2025-10-13T23:21:01.388-0700][1084][info ][gc,marking  ] GC(53) Concurrent Preclean 9.814ms
[2025-10-13T23:21:01.390-0700][1201][info ][gc,start    ] GC(53) Pause Remark
[2025-10-13T23:21:01.902-0700][1201][info ][gc,mmu      ] GC(53) MMU target violated: 201.0ms (200.0ms/201.0ms)
[2025-10-13T23:21:01.902-0700][1201][info ][gc          ] GC(53) Pause Remark 28757M->28725M(184320M) 512.117ms
[2025-10-13T23:21:01.903-0700][1201][info ][gc,cpu      ] GC(53) User=2.48s Sys=0.10s Real=0.51s
[2025-10-13T23:21:01.906-0700][1201][info ][safepoint   ] Safepoint "G1PauseRemark", Time since last: 272058425 ns, Reaching safepoint: 712494 ns, Cleanup: 33711 ns, At safepoint: 517699275 ns, Total: 518445480 ns
[2025-10-13T23:21:01.906-0700][1084][info ][gc,marking  ] GC(53) Concurrent Mark 738.784ms
[2025-10-13T23:21:01.906-0700][1084][info ][gc,marking  ] GC(53) Concurrent Rebuild Remembered Sets and Scrub Regions
[2025-10-13T23:21:02.476-0700][1201][info ][safepoint   ] Safepoint "ICBufferFull", Time since last: 567916691 ns, Reaching safepoint: 1176503 ns, Cleanup: 428806 ns, At safepoint: 138659 ns, Total: 1743968 ns
[2025-10-13T23:21:02.477-0700][1201][info ][safepoint   ] Safepoint "ICBufferFull", Time since last: 48833 ns, Reaching safepoint: 1368582 ns, Cleanup: 4147 ns, At safepoint: 125599 ns, Total: 1498328 ns
[2025-10-13T23:21:02.514-0700][1084][info ][gc,marking  ] GC(53) Concurrent Rebuild Remembered Sets and Scrub Regions 607.490ms
[2025-10-13T23:21:02.527-0700][1201][info ][gc,start    ] GC(53) Pause Cleanup
[2025-10-13T23:21:02.528-0700][1201][info ][gc          ] GC(53) Pause Cleanup 37135M->37135M(184320M) 1.575ms
[2025-10-13T23:21:02.529-0700][1201][info ][gc,cpu      ] GC(53) User=0.01s Sys=0.00s Real=0.01s
[2025-10-13T23:21:02.529-0700][1201][info ][safepoint   ] Safepoint "G1PauseCleanup", Time since last: 47955607 ns, Reaching safepoint: 598893 ns, Cleanup: 57106 ns, At safepoint: 3397469 ns, Total: 4053468 ns
[2025-10-13T23:21:02.529-0700][1084][info ][gc,marking  ] GC(53) Concurrent Clear Claimed Marks
[2025-10-13T23:21:02.530-0700][1084][info ][gc,marking  ] GC(53) Concurrent Clear Claimed Marks 0.597ms
[2025-10-13T23:21:02.530-0700][1084][info ][gc,marking  ] GC(53) Concurrent Cleanup for Next Mark
[2025-10-13T23:21:02.562-0700][1084][info ][gc,marking  ] GC(53) Concurrent Cleanup for Next Mark 32.402ms
[2025-10-13T23:21:02.562-0700][1084][info ][gc          ] GC(53) Concurrent Mark Cycle 1449.398ms
[2025-10-13T23:21:02.644-0700][1201][info ][safepoint   ] Safepoint "ICBufferFull", Time since last: 113134957 ns, Reaching safepoint: 682578 ns, Cleanup: 191078 ns, At safepoint: 668667 ns, Total: 1542323 ns
[2025-10-13T23:21:02.683-0700][1201][info ][safepoint   ] Safepoint "ICBufferFull", Time since last: 37734116 ns, Reaching safepoint: 658252 ns, Cleanup: 205880 ns, At safepoint: 257749 ns, Total: 1121881 ns
[2025-10-13T23:21:02.795-0700][1201][info ][safepoint   ] Safepoint "ICBufferFull", Time since last: 111320142 ns, Reaching safepoint: 667636 ns, Cleanup: 119790 ns, At safepoint: 556259 ns, Total: 1343685 ns
[2025-10-13T23:21:02.805-0700][1201][info ][safepoint   ] Safepoint "ICBufferFull", Time since last: 318029 ns, Reaching safepoint: 7750828 ns, Cleanup: 5989 ns, At safepoint: 1028610 ns, Total: 8785427 ns
[2025-10-13T23:21:02.807-0700][1201][info ][safepoint   ] Safepoint "ICBufferFull", Time since last: 688407 ns, Reaching safepoint: 836992 ns, Cleanup: 6079 ns, At safepoint: 447144 ns, Total: 1290215 ns
[2025-10-13T23:21:02.808-0700][1201][info ][safepoint   ] Safepoint "ICBufferFull", Time since last: 470719 ns, Reaching safepoint: 408956 ns, Cleanup: 1833 ns, At safepoint: 535276 ns, Total: 946065 ns
[2025-10-13T23:21:02.809-0700][1201][info ][safepoint   ] Safepoint "ICBufferFull", Time since last: 533124 ns, Reaching safepoint: 392691 ns, Cleanup: 4577 ns, At safepoint: 370839 ns, Total: 768107 ns
[2025-10-13T23:21:02.810-0700][1201][info ][safepoint   ] Safepoint "ICBufferFull", Time since last: 264799 ns, Reaching safepoint: 320142 ns, Cleanup: 3826 ns, At safepoint: 375125 ns, Total: 699093 ns
[2025-10-13T23:21:02.811-0700][1201][info ][safepoint   ] Safepoint "ICBufferFull", Time since last: 343969 ns, Reaching safepoint: 353482 ns, Cleanup: 5629 ns, At safepoint: 465571 ns, Total: 824682 ns
[2025-10-13T23:21:02.813-0700][1201][info ][safepoint   ] Safepoint "ICBufferFull", Time since last: 639814 ns, Reaching safepoint: 353753 ns, Cleanup: 4657 ns, At safepoint: 391120 ns, Total: 749530 ns
[2025-10-13T23:21:02.814-0700][1201][info ][safepoint   ] Safepoint "ICBufferFull", Time since last: 268664 ns, Reaching safepoint: 355356 ns, Cleanup: 4727 ns, At safepoint: 283297 ns, Total: 643380 ns
[2025-10-13T23:21:02.815-0700][1201][info ][safepoint   ] Safepoint "ICBufferFull", Time since last: 227362 ns, Reaching safepoint: 318050 ns, Cleanup: 971 ns, At safepoint: 346793 ns, Total: 665814 ns
[2025-10-13T23:21:02.816-0700][1201][info ][safepoint   ] Safepoint "ICBufferFull", Time since last: 331289 ns, Reaching safepoint: 315345 ns, Cleanup: 3105 ns, At safepoint: 326612 ns, Total: 645062 ns
[2025-10-13T23:21:02.817-0700][1201][info ][safepoint   ] Safepoint "ICBufferFull", Time since last: 254353 ns, Reaching safepoint: 1182371 ns, Cleanup: 3896 ns, At safepoint: 130567 ns, Total: 1316834 ns
[2025-10-13T23:21:02.819-0700][1201][info ][safepoint   ] Safepoint "ICBufferFull", Time since last: 1153889 ns, Reaching safepoint: 331339 ns, Cleanup: 3685 ns, At safepoint: 109265 ns, Total: 444289 ns
[2025-10-13T23:21:02.820-0700][1201][info ][safepoint   ] Safepoint "ICBufferFull", Time since last: 342967 ns, Reaching safepoint: 298860 ns, Cleanup: 1633 ns, At safepoint: 294313 ns, Total: 594806 ns
[2025-10-13T23:21:02.821-0700][1201][info ][safepoint   ] Safepoint "ICBufferFull", Time since last: 427094 ns, Reaching safepoint: 733625 ns, Cleanup: 9214 ns, At safepoint: 275475 ns, Total: 1018314 ns
[2025-10-13T23:21:02.822-0700][1201][info ][safepoint   ] Safepoint "ICBufferFull", Time since last: 220212 ns, Reaching safepoint: 312861 ns, Cleanup: 3566 ns, At safepoint: 260302 ns, Total: 576729 ns
[2025-10-13T23:21:02.823-0700][1201][info ][safepoint   ] Safepoint "ICBufferFull", Time since last: 242024 ns, Reaching safepoint: 310939 ns, Cleanup: 3736 ns, At safepoint: 246491 ns, Total: 561166 ns
[2025-10-13T23:21:02.824-0700][1201][info ][safepoint   ] Safepoint "ICBufferFull", Time since last: 166952 ns, Reaching safepoint: 646444 ns, Cleanup: 10916 ns, At safepoint: 276897 ns, Total: 934257 ns
[2025-10-13T23:21:02.825-0700][1201][info ][safepoint   ] Safepoint "ICBufferFull", Time since last: 200853 ns, Reaching safepoint: 306101 ns, Cleanup: 4627 ns, At safepoint: 287483 ns, Total: 598211 ns
[2025-10-13T23:21:02.826-0700][1201][info ][safepoint   ] Safepoint "ICBufferFull", Time since last: 308365 ns, Reaching safepoint: 318299 ns, Cleanup: 5168 ns, At safepoint: 237228 ns, Total: 560695 ns
[2025-10-13T23:21:02.826-0700][1201][info ][safepoint   ] Safepoint "ICBufferFull", Time since last: 240592 ns, Reaching safepoint: 256757 ns, Cleanup: 4176 ns, At safepoint: 169646 ns, Total: 430579 ns
[2025-10-13T23:21:02.827-0700][1201][info ][safepoint   ] Safepoint "ICBufferFull", Time since last: 252470 ns, Reaching safepoint: 238890 ns, Cleanup: 4177 ns, At safepoint: 166300 ns, Total: 409367 ns
[2025-10-13T23:21:02.828-0700][1201][info ][safepoint   ] Safepoint "ICBufferFull", Time since last: 331279 ns, Reaching safepoint: 1006597 ns, Cleanup: 5028 ns, At safepoint: 156676 ns, Total: 1168301 ns
[2025-10-13T23:21:02.829-0700][1201][info ][safepoint   ] Safepoint "ICBufferFull", Time since last: 151408 ns, Reaching safepoint: 267062 ns, Cleanup: 1082 ns, At safepoint: 187573 ns, Total: 455717 ns
[2025-10-13T23:21:02.830-0700][1201][info ][safepoint   ] Safepoint "ICBufferFull", Time since last: 507294 ns, Reaching safepoint: 396037 ns, Cleanup: 5888 ns, At safepoint: 315756 ns, Total: 717681 ns
[2025-10-13T23:21:02.831-0700][1201][info ][safepoint   ] Safepoint "ICBufferFull", Time since last: 268385 ns, Reaching safepoint: 409076 ns, Cleanup: 4677 ns, At safepoint: 212951 ns, Total: 626704 ns
[2025-10-13T23:21:02.832-0700][1201][info ][safepoint   ] Safepoint "ICBufferFull", Time since last: 251309 ns, Reaching safepoint: 275425 ns, Cleanup: 2473 ns, At safepoint: 199891 ns, Total: 477789 ns
[2025-10-13T23:21:02.832-0700][1201][info ][safepoint   ] Safepoint "ICBufferFull", Time since last: 126872 ns, Reaching safepoint: 256106 ns, Cleanup: 5087 ns, At safepoint: 201934 ns, Total: 463127 ns
[2025-10-13T23:21:02.833-0700][1201][info ][safepoint   ] Safepoint "ICBufferFull", Time since last: 296307 ns, Reaching safepoint: 260923 ns, Cleanup: 1683 ns, At safepoint: 195775 ns, Total: 458381 ns
[2025-10-13T23:21:02.834-0700][1201][info ][safepoint   ] Safepoint "ICBufferFull", Time since last: 153180 ns, Reaching safepoint: 256487 ns, Cleanup: 4667 ns, At safepoint: 224248 ns, Total: 485402 ns
[2025-10-13T23:21:02.834-0700][1201][info ][safepoint   ] Safepoint "ICBufferFull", Time since last: 153231 ns, Reaching safepoint: 254884 ns, Cleanup: 3735 ns, At safepoint: 233743 ns, Total: 492362 ns
[2025-10-13T23:21:02.835-0700][1201][info ][safepoint   ] Safepoint "ICBufferFull", Time since last: 140041 ns, Reaching safepoint: 260802 ns, Cleanup: 4567 ns, At safepoint: 204879 ns, Total: 470248 ns
[2025-10-13T23:21:02.836-0700][1201][info ][safepoint   ] Safepoint "ICBufferFull", Time since last: 148774 ns, Reaching safepoint: 267874 ns, Cleanup: 1081 ns, At safepoint: 220663 ns, Total: 489618 ns
[2025-10-13T23:21:02.836-0700][1201][info ][safepoint   ] Safepoint "ICBufferFull", Time since last: 326191 ns, Reaching safepoint: 265791 ns, Cleanup: 3285 ns, At safepoint: 218940 ns, Total: 488016 ns
[2025-10-13T23:21:02.837-0700][1201][info ][safepoint   ] Safepoint "ICBufferFull", Time since last: 137367 ns, Reaching safepoint: 243477 ns, Cleanup: 3635 ns, At safepoint: 162795 ns, Total: 409907 ns
[2025-10-13T23:21:02.838-0700][1201][info ][safepoint   ] Safepoint "ICBufferFull", Time since last: 122555 ns, Reaching safepoint: 246822 ns, Cleanup: 3766 ns, At safepoint: 161152 ns, Total: 411740 ns
[2025-10-13T23:21:02.838-0700][1201][info ][safepoint   ] Safepoint "ICBufferFull", Time since last: 86311 ns, Reaching safepoint: 253281 ns, Cleanup: 1122 ns, At safepoint: 200392 ns, Total: 454795 ns
[2025-10-13T23:21:02.840-0700][1201][info ][safepoint   ] Safepoint "ICBufferFull", Time since last: 154903 ns, Reaching safepoint: 1300520 ns, Cleanup: 7100 ns, At safepoint: 121774 ns, Total: 1429394 ns
[2025-10-13T23:21:02.840-0700][1201][info ][safepoint   ] Safepoint "ICBufferFull", Time since last: 172300 ns, Reaching safepoint: 277898 ns, Cleanup: 4016 ns, At safepoint: 150377 ns, Total: 432291 ns
[2025-10-13T23:21:02.841-0700][1201][info ][safepoint   ] Safepoint "ICBufferFull", Time since last: 114322 ns, Reaching safepoint: 263808 ns, Cleanup: 1392 ns, At safepoint: 209425 ns, Total: 474625 ns
[2025-10-13T23:21:02.841-0700][1201][info ][safepoint   ] Safepoint "ICBufferFull", Time since last: 110296 ns, Reaching safepoint: 254804 ns, Cleanup: 3205 ns, At safepoint: 165510 ns, Total: 423519 ns
[2025-10-13T23:21:02.843-0700][1201][info ][safepoint   ] Safepoint "ICBufferFull", Time since last: 951854 ns, Reaching safepoint: 319171 ns, Cleanup: 4306 ns, At safepoint: 134303 ns, Total: 457780 ns
[2025-10-13T23:21:02.844-0700][1201][info ][safepoint   ] Safepoint "ICBufferFull", Time since last: 167061 ns, Reaching safepoint: 286502 ns, Cleanup: 3495 ns, At safepoint: 215795 ns, Total: 505792 ns
[2025-10-13T23:21:02.844-0700][1201][info ][safepoint   ] Safepoint "ICBufferFull", Time since last: 145540 ns, Reaching safepoint: 270127 ns, Cleanup: 1101 ns, At safepoint: 168044 ns, Total: 439272 ns
[2025-10-13T23:21:02.845-0700][1201][info ][safepoint   ] Safepoint "ICBufferFull", Time since last: 151708 ns, Reaching safepoint: 267734 ns, Cleanup: 3675 ns, At safepoint: 216707 ns, Total: 488116 ns
[2025-10-13T23:21:02.845-0700][1201][info ][safepoint   ] Safepoint "ICBufferFull", Time since last: 160792 ns, Reaching safepoint: 258920 ns, Cleanup: 1222 ns, At safepoint: 197287 ns, Total: 457429 ns
[2025-10-13T23:21:02.846-0700][1201][info ][safepoint   ] Safepoint "ICBufferFull", Time since last: 211248 ns, Reaching safepoint: 257198 ns, Cleanup: 3545 ns, At safepoint: 178099 ns, Total: 438842 ns
[2025-10-13T23:21:02.847-0700][1201][info ][safepoint   ] Safepoint "ICBufferFull", Time since last: 525912 ns, Reaching safepoint: 466433 ns, Cleanup: 3495 ns, At safepoint: 288715 ns, Total: 758643 ns
[2025-10-13T23:21:02.848-0700][1201][info ][safepoint   ] Safepoint "ICBufferFull", Time since last: 287794 ns, Reaching safepoint: 269085 ns, Cleanup: 4437 ns, At safepoint: 196085 ns, Total: 469607 ns
[2025-10-13T23:21:02.849-0700][1201][info ][safepoint   ] Safepoint "ICBufferFull", Time since last: 221083 ns, Reaching safepoint: 272842 ns, Cleanup: 3535 ns, At safepoint: 213712 ns, Total: 490089 ns
[2025-10-13T23:21:02.849-0700][1201][info ][safepoint   ] Safepoint "ICBufferFull", Time since last: 129135 ns, Reaching safepoint: 281984 ns, Cleanup: 3556 ns, At safepoint: 256757 ns, Total: 542297 ns
[2025-10-13T23:21:02.851-0700][1201][info ][safepoint   ] Safepoint "ICBufferFull", Time since last: 458450 ns, Reaching safepoint: 1059847 ns, Cleanup: 13150 ns, At safepoint: 253112 ns, Total: 1326109 ns
[2025-10-13T23:21:02.853-0700][1201][info ][safepoint   ] Safepoint "ICBufferFull", Time since last: 754086 ns, Reaching safepoint: 737862 ns, Cleanup: 4436 ns, At safepoint: 431560 ns, Total: 1173858 ns
[2025-10-13T23:21:02.854-0700][1201][info ][safepoint   ] Safepoint "ICBufferFull", Time since last: 453474 ns, Reaching safepoint: 465521 ns, Cleanup: 8954 ns, At safepoint: 291759 ns, Total: 766234 ns
[2025-10-13T23:21:02.857-0700][1201][info ][safepoint   ] Safepoint "ICBufferFull", Time since last: 1503416 ns, Reaching safepoint: 543679 ns, Cleanup: 13480 ns, At safepoint: 270828 ns, Total: 827987 ns
[2025-10-13T23:21:02.859-0700][1201][info ][safepoint   ] Safepoint "ICBufferFull", Time since last: 1239518 ns, Reaching safepoint: 438561 ns, Cleanup: 6309 ns, At safepoint: 160722 ns, Total: 605592 ns
[2025-10-13T23:21:02.859-0700][1201][info ][safepoint   ] Safepoint "ICBufferFull", Time since last: 179821 ns, Reaching safepoint: 341114 ns, Cleanup: 1653 ns, At safepoint: 279491 ns, Total: 622258 ns
[2025-10-13T23:21:02.861-0700][1201][info ][safepoint   ] Safepoint "ICBufferFull", Time since last: 637761 ns, Reaching safepoint: 340012 ns, Cleanup: 8964 ns, At safepoint: 253331 ns, Total: 602307 ns
[2025-10-13T23:21:02.862-0700][1201][info ][safepoint   ] Safepoint "ICBufferFull", Time since last: 307023 ns, Reaching safepoint: 1010072 ns, Cleanup: 18608 ns, At safepoint: 143957 ns, Total: 1172637 ns
[2025-10-13T23:21:02.863-0700][1201][info ][safepoint   ] Safepoint "ICBufferFull", Time since last: 488816 ns, Reaching safepoint: 285991 ns, Cleanup: 6189 ns, At safepoint: 206802 ns, Total: 498982 ns
[2025-10-13T23:21:02.864-0700][1201][info ][safepoint   ] Safepoint "ICBufferFull", Time since last: 147112 ns, Reaching safepoint: 409707 ns, Cleanup: 3175 ns, At safepoint: 265149 ns, Total: 678031 ns
[2025-10-13T23:21:02.865-0700][1201][info ][safepoint   ] Safepoint "ICBufferFull", Time since last: 470640 ns, Reaching safepoint: 311759 ns, Cleanup: 4788 ns, At safepoint: 216916 ns, Total: 533463 ns
[2025-10-13T23:21:02.866-0700][1201][info ][safepoint   ] Safepoint "ICBufferFull", Time since last: 188204 ns, Reaching safepoint: 276066 ns, Cleanup: 3615 ns, At safepoint: 187823 ns, Total: 467504 ns
[2025-10-13T23:21:02.866-0700][1201][info ][safepoint   ] Safepoint "ICBufferFull", Time since last: 131609 ns, Reaching safepoint: 262014 ns, Cleanup: 3396 ns, At safepoint: 212810 ns, Total: 478220 ns
[2025-10-13T23:21:02.867-0700][1201][info ][safepoint   ] Safepoint "ICBufferFull", Time since last: 511130 ns, Reaching safepoint: 290538 ns, Cleanup: 3956 ns, At safepoint: 218219 ns, Total: 512713 ns
[2025-10-13T23:21:02.868-0700][1201][info ][safepoint   ] Safepoint "ICBufferFull", Time since last: 142374 ns, Reaching safepoint: 257458 ns, Cleanup: 3676 ns, At safepoint: 218429 ns, Total: 479563 ns
[2025-10-13T23:21:02.869-0700][1201][info ][safepoint   ] Safepoint "ICBufferFull", Time since last: 388626 ns, Reaching safepoint: 318399 ns, Cleanup: 3836 ns, At safepoint: 218349 ns, Total: 540584 ns
[2025-10-13T23:21:02.870-0700][1201][info ][safepoint   ] Safepoint "ICBufferFull", Time since last: 259962 ns, Reaching safepoint: 303277 ns, Cleanup: 3645 ns, At safepoint: 227273 ns, Total: 534195 ns
[2025-10-13T23:21:02.871-0700][1201][info ][safepoint   ] Safepoint "ICBufferFull", Time since last: 502617 ns, Reaching safepoint: 306442 ns, Cleanup: 4727 ns, At safepoint: 230237 ns, Total: 541406 ns
[2025-10-13T23:21:02.873-0700][1201][info ][safepoint   ] Safepoint "ICBufferFull", Time since last: 1565168 ns, Reaching safepoint: 1050082 ns, Cleanup: 16916 ns, At safepoint: 194803 ns, Total: 1261801 ns
[2025-10-13T23:21:02.874-0700][1201][info ][safepoint   ] Safepoint "ICBufferFull", Time since last: 200512 ns, Reaching safepoint: 316497 ns, Cleanup: 4838 ns, At safepoint: 233872 ns, Total: 555207 ns
[2025-10-13T23:21:02.875-0700][1201][info ][safepoint   ] Safepoint "ICBufferFull", Time since last: 530960 ns, Reaching safepoint: 320142 ns, Cleanup: 11247 ns, At safepoint: 260593 ns, Total: 591982 ns
[2025-10-13T23:21:02.877-0700][1201][info ][safepoint   ] Safepoint "ICBufferFull", Time since last: 579553 ns, Reaching safepoint: 338030 ns, Cleanup: 8472 ns, At safepoint: 318110 ns, Total: 664612 ns
[2025-10-13T23:21:02.878-0700][1201][info ][safepoint   ] Safepoint "ICBufferFull", Time since last: 501085 ns, Reaching safepoint: 371189 ns, Cleanup: 1342 ns, At safepoint: 272030 ns, Total: 644561 ns
[2025-10-13T23:21:02.879-0700][1201][info ][safepoint   ] Safepoint "ICBufferFull", Time since last: 403548 ns, Reaching safepoint: 897672 ns, Cleanup: 5939 ns, At safepoint: 429267 ns, Total: 1332878 ns
[2025-10-13T23:21:02.881-0700][1201][info ][safepoint   ] Safepoint "ICBufferFull", Time since last: 641206 ns, Reaching safepoint: 381325 ns, Cleanup: 2504 ns, At safepoint: 302055 ns, Total: 685884 ns
[2025-10-13T23:21:02.883-0700][1201][info ][safepoint   ] Safepoint "ICBufferFull", Time since last: 1289643 ns, Reaching safepoint: 372902 ns, Cleanup: 9785 ns, At safepoint: 320643 ns, Total: 703330 ns
[2025-10-13T23:21:02.887-0700][1201][info ][safepoint   ] Safepoint "ICBufferFull", Time since last: 3590209 ns, Reaching safepoint: 587886 ns, Cleanup: 27812 ns, At safepoint: 432662 ns, Total: 1048360 ns
[2025-10-13T23:21:02.888-0700][1201][info ][safepoint   ] Safepoint "ICBufferFull", Time since last: 165629 ns, Reaching safepoint: 367214 ns, Cleanup: 4116 ns, At safepoint: 258910 ns, Total: 630240 ns
[2025-10-13T23:21:02.889-0700][1201][info ][safepoint   ] Safepoint "ICBufferFull", Time since last: 654106 ns, Reaching safepoint: 346682 ns, Cleanup: 5018 ns, At safepoint: 305790 ns, Total: 657490 ns
[2025-10-13T23:21:02.891-0700][1201][info ][safepoint   ] Safepoint "ICBufferFull", Time since last: 825875 ns, Reaching safepoint: 373693 ns, Cleanup: 5268 ns, At safepoint: 317789 ns, Total: 696750 ns
[2025-10-13T23:21:02.893-0700][1201][info ][safepoint   ] Safepoint "ICBufferFull", Time since last: 1027418 ns, Reaching safepoint: 467023 ns, Cleanup: 7141 ns, At safepoint: 408876 ns, Total: 883040 ns
[2025-10-13T23:21:02.897-0700][1201][info ][safepoint   ] Safepoint "ICBufferFull", Time since last: 3374665 ns, Reaching safepoint: 538141 ns, Cleanup: 9925 ns, At safepoint: 295615 ns, Total: 843681 ns
[2025-10-13T23:21:02.898-0700][1201][info ][safepoint   ] Safepoint "ICBufferFull", Time since last: 273332 ns, Reaching safepoint: 365090 ns, Cleanup: 1683 ns, At safepoint: 291960 ns, Total: 658733 ns
[2025-10-13T23:21:02.899-0700][1201][info ][safepoint   ] Safepoint "ICBufferFull", Time since last: 630480 ns, Reaching safepoint: 419311 ns, Cleanup: 6480 ns, At safepoint: 314935 ns, Total: 740726 ns
[2025-10-13T23:21:02.901-0700][1201][info ][safepoint   ] Safepoint "ICBufferFull", Time since last: 961468 ns, Reaching safepoint: 468306 ns, Cleanup: 2594 ns, At safepoint: 300973 ns, Total: 771873 ns
[2025-10-13T23:21:02.902-0700][1201][info ][safepoint   ] Safepoint "ICBufferFull", Time since last: 491962 ns, Reaching safepoint: 361835 ns, Cleanup: 6760 ns, At safepoint: 369076 ns, Total: 737671 ns
[2025-10-13T23:21:02.904-0700][1201][info ][safepoint   ] Safepoint "ICBufferFull", Time since last: 364179 ns, Reaching safepoint: 551100 ns, Cleanup: 4016 ns, At safepoint: 356257 ns, Total: 911373 ns
[2025-10-13T23:21:02.906-0700][1201][info ][safepoint   ] Safepoint "ICBufferFull", Time since last: 475837 ns, Reaching safepoint: 494946 ns, Cleanup: 2263 ns, At safepoint: 879395 ns, Total: 1376604 ns
[2025-10-13T23:21:02.909-0700][1201][info ][safepoint   ] Safepoint "ICBufferFull", Time since last: 1826352 ns, Reaching safepoint: 718092 ns, Cleanup: 14322 ns, At safepoint: 749659 ns, Total: 1482073 ns
[2025-10-13T23:21:02.911-0700][1201][info ][safepoint   ] Safepoint "ICBufferFull", Time since last: 678252 ns, Reaching safepoint: 570169 ns, Cleanup: 3455 ns, At safepoint: 449117 ns, Total: 1022741 ns
[2025-10-13T23:21:02.914-0700][1201][info ][safepoint   ] Safepoint "ICBufferFull", Time since last: 1849267 ns, Reaching safepoint: 636198 ns, Cleanup: 9254 ns, At safepoint: 542848 ns, Total: 1188300 ns
[2025-10-13T23:21:02.915-0700][1201][info ][safepoint   ] Safepoint "ICBufferFull", Time since last: 427324 ns, Reaching safepoint: 682759 ns, Cleanup: 9163 ns, At safepoint: 563580 ns, Total: 1255502 ns
[2025-10-13T23:21:02.920-0700][1201][info ][safepoint   ] Safepoint "ICBufferFull", Time since last: 3046180 ns, Reaching safepoint: 775428 ns, Cleanup: 10636 ns, At safepoint: 562758 ns, Total: 1348822 ns
[2025-10-13T23:21:02.923-0700][1201][info ][safepoint   ] Safepoint "ICBufferFull", Time since last: 1789937 ns, Reaching safepoint: 656299 ns, Cleanup: 8583 ns, At safepoint: 626353 ns, Total: 1291235 ns
[2025-10-13T23:21:02.928-0700][1201][info ][safepoint   ] Safepoint "ICBufferFull", Time since last: 3631392 ns, Reaching safepoint: 762249 ns, Cleanup: 11096 ns, At safepoint: 615107 ns, Total: 1388452 ns
[2025-10-13T23:21:02.932-0700][1201][info ][safepoint   ] Safepoint "ICBufferFull", Time since last: 2598365 ns, Reaching safepoint: 939195 ns, Cleanup: 13651 ns, At safepoint: 334274 ns, Total: 1287120 ns
[2025-10-13T23:21:02.934-0700][1201][info ][safepoint   ] Safepoint "ICBufferFull", Time since last: 400313 ns, Reaching safepoint: 1017062 ns, Cleanup: 2554 ns, At safepoint: 582708 ns, Total: 1602324 ns
[2025-10-13T23:21:02.941-0700][1201][info ][safepoint   ] Safepoint "ICBufferFull", Time since last: 3488827 ns, Reaching safepoint: 2884075 ns, Cleanup: 14452 ns, At safepoint: 543559 ns, Total: 3442086 ns
[2025-10-13T23:21:02.943-0700][1201][info ][safepoint   ] Safepoint "ICBufferFull", Time since last: 1145146 ns, Reaching safepoint: 682758 ns, Cleanup: 10096 ns, At safepoint: 503148 ns, Total: 1196002 ns
[2025-10-13T23:21:02.947-0700][1201][info ][safepoint   ] Safepoint "ICBufferFull", Time since last: 3389727 ns, Reaching safepoint: 706855 ns, Cleanup: 13250 ns, At safepoint: 440584 ns, Total: 1160689 ns
[2025-10-13T23:21:02.949-0700][1201][info ][safepoint   ] Safepoint "ICBufferFull", Time since last: 703510 ns, Reaching safepoint: 808098 ns, Cleanup: 11407 ns, At safepoint: 511411 ns, Total: 1330916 ns
[2025-10-13T23:21:02.951-0700][1201][info ][safepoint   ] Safepoint "ICBufferFull", Time since last: 526343 ns, Reaching safepoint: 438340 ns, Cleanup: 6340 ns, At safepoint: 450558 ns, Total: 895238 ns
[2025-10-13T23:21:02.952-0700][1201][info ][safepoint   ] Safepoint "ICBufferFull", Time since last: 526614 ns, Reaching safepoint: 384760 ns, Cleanup: 5728 ns, At safepoint: 464220 ns, Total: 854708 ns
[2025-10-13T23:21:02.956-0700][1201][info ][safepoint   ] Safepoint "ICBufferFull", Time since last: 2441649 ns, Reaching safepoint: 761187 ns, Cleanup: 9404 ns, At safepoint: 554415 ns, Total: 1325006 ns
[2025-10-13T23:21:02.961-0700][1201][info ][safepoint   ] Safepoint "ICBufferFull", Time since last: 3240433 ns, Reaching safepoint: 721457 ns, Cleanup: 9965 ns, At safepoint: 591351 ns, Total: 1322773 ns
[2025-10-13T23:21:02.963-0700][1201][info ][safepoint   ] Safepoint "ICBufferFull", Time since last: 1319919 ns, Reaching safepoint: 543038 ns, Cleanup: 6610 ns, At safepoint: 466963 ns, Total: 1016611 ns
[2025-10-13T23:21:02.969-0700][1201][info ][safepoint   ] Safepoint "ICBufferFull", Time since last: 5113595 ns, Reaching safepoint: 698292 ns, Cleanup: 10276 ns, At safepoint: 421084 ns, Total: 1129652 ns
[2025-10-13T23:21:02.972-0700][1201][info ][safepoint   ] Safepoint "ICBufferFull", Time since last: 1758761 ns, Reaching safepoint: 567374 ns, Cleanup: 17276 ns, At safepoint: 489919 ns, Total: 1074569 ns
[2025-10-13T23:21:02.974-0700][1201][info ][safepoint   ] Safepoint "ICBufferFull", Time since last: 1388271 ns, Reaching safepoint: 473554 ns, Cleanup: 18918 ns, At safepoint: 400163 ns, Total: 892635 ns
[2025-10-13T23:21:02.976-0700][1201][info ][safepoint   ] Safepoint "ICBufferFull", Time since last: 751973 ns, Reaching safepoint: 441365 ns, Cleanup: 1593 ns, At safepoint: 475997 ns, Total: 918955 ns
[2025-10-13T23:21:02.978-0700][1201][info ][safepoint   ] Safepoint "ICBufferFull", Time since last: 718783 ns, Reaching safepoint: 806615 ns, Cleanup: 12269 ns, At safepoint: 512732 ns, Total: 1331616 ns
[2025-10-13T23:21:02.983-0700][1201][info ][safepoint   ] Safepoint "ICBufferFull", Time since last: 3236627 ns, Reaching safepoint: 1096132 ns, Cleanup: 8953 ns, At safepoint: 536739 ns, Total: 1641824 ns
[2025-10-13T23:21:02.984-0700][1201][info ][safepoint   ] Safepoint "ICBufferFull", Time since last: 466423 ns, Reaching safepoint: 418340 ns, Cleanup: 1873 ns, At safepoint: 465572 ns, Total: 885785 ns
[2025-10-13T23:21:02.986-0700][1201][info ][safepoint   ] Safepoint "ICBufferFull", Time since last: 689809 ns, Reaching safepoint: 468195 ns, Cleanup: 8033 ns, At safepoint: 457168 ns, Total: 933396 ns
[2025-10-13T23:21:02.988-0700][1201][info ][safepoint   ] Safepoint "ICBufferFull", Time since last: 917333 ns, Reaching safepoint: 427073 ns, Cleanup: 2213 ns, At safepoint: 467975 ns, Total: 897261 ns
[2025-10-13T23:21:02.992-0700][1201][info ][safepoint   ] Safepoint "ICBufferFull", Time since last: 3586044 ns, Reaching safepoint: 698312 ns, Cleanup: 3635 ns, At safepoint: 514365 ns, Total: 1216312 ns
[2025-10-13T23:21:02.995-0700][1201][info ][safepoint   ] Safepoint "ICBufferFull", Time since last: 1781925 ns, Reaching safepoint: 589188 ns, Cleanup: 12799 ns, At safepoint: 420734 ns, Total: 1022721 ns
[2025-10-13T23:21:02.997-0700][1201][info ][safepoint   ] Safepoint "ICBufferFull", Time since last: 1266228 ns, Reaching safepoint: 473894 ns, Cleanup: 6871 ns, At safepoint: 442456 ns, Total: 923221 ns
[2025-10-13T23:21:03.002-0700][1201][info ][safepoint   ] Safepoint "ICBufferFull", Time since last: 3377509 ns, Reaching safepoint: 805304 ns, Cleanup: 10345 ns, At safepoint: 584191 ns, Total: 1399840 ns
[2025-10-13T23:21:03.004-0700][1201][info ][safepoint   ] Safepoint "ICBufferFull", Time since last: 512983 ns, Reaching safepoint: 418090 ns, Cleanup: 4927 ns, At safepoint: 436508 ns, Total: 859525 ns
[2025-10-13T23:21:03.005-0700][1201][info ][safepoint   ] Safepoint "ICBufferFull", Time since last: 792213 ns, Reaching safepoint: 381916 ns, Cleanup: 5328 ns, At safepoint: 498090 ns, Total: 885334 ns
[2025-10-13T23:21:03.011-0700][1201][info ][safepoint   ] Safepoint "ICBufferFull", Time since last: 4272378 ns, Reaching safepoint: 578732 ns, Cleanup: 11137 ns, At safepoint: 525131 ns, Total: 1115000 ns
[2025-10-13T23:21:03.017-0700][1201][info ][safepoint   ] Safepoint "ICBufferFull", Time since last: 4580101 ns, Reaching safepoint: 788578 ns, Cleanup: 29014 ns, At safepoint: 799384 ns, Total: 1616976 ns
[2025-10-13T23:21:03.022-0700][1201][info ][safepoint   ] Safepoint "ICBufferFull", Time since last: 2902413 ns, Reaching safepoint: 951684 ns, Cleanup: 12669 ns, At safepoint: 791733 ns, Total: 1756086 ns
[2025-10-13T23:21:03.104-0700][1201][info ][safepoint   ] Safepoint "ICBufferFull", Time since last: 10826533 ns, Reaching safepoint: 56002382 ns, Cleanup: 42644 ns, At safepoint: 15815160 ns, Total: 71860186 ns
[2025-10-13T23:21:03.107-0700][1201][info ][safepoint   ] Safepoint "ICBufferFull", Time since last: 1020177 ns, Reaching safepoint: 774067 ns, Cleanup: 16725 ns, At safepoint: 678782 ns, Total: 1469574 ns
[2025-10-13T23:21:03.113-0700][1201][info ][safepoint   ] Safepoint "ICBufferFull", Time since last: 4933554 ns, Reaching safepoint: 642498 ns, Cleanup: 10556 ns, At safepoint: 351810 ns, Total: 1004864 ns
[2025-10-13T23:21:03.115-0700][1201][info ][safepoint   ] Safepoint "ICBufferFull", Time since last: 920157 ns, Reaching safepoint: 513393 ns, Cleanup: 6500 ns, At safepoint: 390048 ns, Total: 909941 ns
[2025-10-13T23:21:03.116-0700][1201][info ][safepoint   ] Safepoint "ICBufferFull", Time since last: 276636 ns, Reaching safepoint: 436518 ns, Cleanup: 1793 ns, At safepoint: 449457 ns, Total: 887768 ns
[2025-10-13T23:21:03.117-0700][1201][info ][safepoint   ] Safepoint "ICBufferFull", Time since last: 660365 ns, Reaching safepoint: 504450 ns, Cleanup: 16085 ns, At safepoint: 361154 ns, Total: 881689 ns
[2025-10-13T23:21:03.119-0700][1201][info ][safepoint   ] Safepoint "ICBufferFull", Time since last: 909650 ns, Reaching safepoint: 593294 ns, Cleanup: 7842 ns, At safepoint: 407124 ns, Total: 1008260 ns
[2025-10-13T23:21:03.124-0700][1201][info ][safepoint   ] Safepoint "ICBufferFull", Time since last: 4183333 ns, Reaching safepoint: 664361 ns, Cleanup: 14291 ns, At safepoint: 369547 ns, Total: 1048199 ns
[2025-10-13T23:21:03.128-0700][1201][info ][safepoint   ] Safepoint "ICBufferFull", Time since last: 2907181 ns, Reaching safepoint: 625422 ns, Cleanup: 3675 ns, At safepoint: 428166 ns, Total: 1057263 ns
[2025-10-13T23:21:03.132-0700][1201][info ][safepoint   ] Safepoint "ICBufferFull", Time since last: 2195157 ns, Reaching safepoint: 983652 ns, Cleanup: 10466 ns, At safepoint: 480093 ns, Total: 1474211 ns
[2025-10-13T23:21:03.134-0700][1201][info ][safepoint   ] Safepoint "ICBufferFull", Time since last: 818133 ns, Reaching safepoint: 575397 ns, Cleanup: 7231 ns, At safepoint: 496688 ns, Total: 1079316 ns
[2025-10-13T23:21:03.137-0700][1201][info ][safepoint   ] Safepoint "ICBufferFull", Time since last: 2501109 ns, Reaching safepoint: 561857 ns, Cleanup: 7711 ns, At safepoint: 409828 ns, Total: 979396 ns
[2025-10-13T23:21:03.143-0700][1201][info ][safepoint   ] Safepoint "ICBufferFull", Time since last: 4647743 ns, Reaching safepoint: 512882 ns, Cleanup: 6490 ns, At safepoint: 339241 ns, Total: 858613 ns
[2025-10-13T23:21:03.145-0700][1201][info ][safepoint   ] Safepoint "ICBufferFull", Time since last: 996492 ns, Reaching safepoint: 419312 ns, Cleanup: 5508 ns, At safepoint: 353242 ns, Total: 778062 ns
[2025-10-13T23:21:03.147-0700][1201][info ][safepoint   ] Safepoint "ICBufferFull", Time since last: 1564347 ns, Reaching safepoint: 403649 ns, Cleanup: 2283 ns, At safepoint: 331590 ns, Total: 737522 ns
[2025-10-13T23:21:03.149-0700][1201][info ][safepoint   ] Safepoint "ICBufferFull", Time since last: 1526049 ns, Reaching safepoint: 422006 ns, Cleanup: 5969 ns, At safepoint: 292911 ns, Total: 720886 ns
[2025-10-13T23:21:03.154-0700][1201][info ][safepoint   ] Safepoint "ICBufferFull", Time since last: 3147613 ns, Reaching safepoint: 774357 ns, Cleanup: 4386 ns, At safepoint: 388856 ns, Total: 1167599 ns
[2025-10-13T23:21:03.156-0700][1201][info ][safepoint   ] Safepoint "ICBufferFull", Time since last: 1442734 ns, Reaching safepoint: 475897 ns, Cleanup: 2784 ns, At safepoint: 305340 ns, Total: 784021 ns
[2025-10-13T23:21:03.161-0700][1201][info ][safepoint   ] Safepoint "ICBufferFull", Time since last: 3124088 ns, Reaching safepoint: 1612599 ns, Cleanup: 10256 ns, At safepoint: 339371 ns, Total: 1962226 ns
[2025-10-13T23:21:03.162-0700][1201][info ][safepoint   ] Safepoint "ICBufferFull", Time since last: 269737 ns, Reaching safepoint: 439612 ns, Cleanup: 1933 ns, At safepoint: 395335 ns, Total: 836880 ns
[2025-10-13T23:21:03.166-0700][1201][info ][safepoint   ] Safepoint "ICBufferFull", Time since last: 3438932 ns, Reaching safepoint: 709219 ns, Cleanup: 8352 ns, At safepoint: 391260 ns, Total: 1108831 ns
[2025-10-13T23:21:03.172-0700][1201][info ][safepoint   ] Safepoint "ICBufferFull", Time since last: 3827807 ns, Reaching safepoint: 1315673 ns, Cleanup: 9294 ns, At safepoint: 335395 ns, Total: 1660362 ns
[2025-10-13T23:21:03.174-0700][1201][info ][safepoint   ] Safepoint "ICBufferFull", Time since last: 964183 ns, Reaching safepoint: 482397 ns, Cleanup: 3315 ns, At safepoint: 315014 ns, Total: 800726 ns
[2025-10-13T23:21:03.176-0700][1201][info ][safepoint   ] Safepoint "ICBufferFull", Time since last: 676650 ns, Reaching safepoint: 862059 ns, Cleanup: 8893 ns, At safepoint: 290338 ns, Total: 1161290 ns
[2025-10-13T23:21:03.177-0700][1201][info ][safepoint   ] Safepoint "ICBufferFull", Time since last: 901328 ns, Reaching safepoint: 435296 ns, Cleanup: 6229 ns, At safepoint: 344209 ns, Total: 785734 ns
[2025-10-13T23:21:03.200-0700][1201][info ][safepoint   ] Safepoint "ICBufferFull", Time since last: 21405663 ns, Reaching safepoint: 721707 ns, Cleanup: 11758 ns, At safepoint: 300873 ns, Total: 1034338 ns
[2025-10-13T23:21:03.206-0700][1201][info ][safepoint   ] Safepoint "ICBufferFull", Time since last: 3778033 ns, Reaching safepoint: 1721964 ns, Cleanup: 19079 ns, At safepoint: 425531 ns, Total: 2166574 ns
[2025-10-13T23:21:03.208-0700][1201][info ][safepoint   ] Safepoint "ICBufferFull", Time since last: 784422 ns, Reaching safepoint: 567375 ns, Cleanup: 2734 ns, At safepoint: 554726 ns, Total: 1124835 ns
[2025-10-13T23:21:03.213-0700][1201][info ][safepoint   ] Safepoint "ICBufferFull", Time since last: 3859516 ns, Reaching safepoint: 697751 ns, Cleanup: 10285 ns, At safepoint: 392792 ns, Total: 1100828 ns
[2025-10-13T23:21:03.215-0700][1201][info ][safepoint   ] Safepoint "ICBufferFull", Time since last: 1122071 ns, Reaching safepoint: 551190 ns, Cleanup: 13310 ns, At safepoint: 393123 ns, Total: 957623 ns
[2025-10-13T23:21:03.218-0700][1201][info ][safepoint   ] Safepoint "ICBufferFull", Time since last: 1355642 ns, Reaching safepoint: 1309473 ns, Cleanup: 8924 ns, At safepoint: 358380 ns, Total: 1676777 ns
[2025-10-13T23:21:03.219-0700][1201][info ][safepoint   ] Safepoint "ICBufferFull", Time since last: 198950 ns, Reaching safepoint: 442687 ns, Cleanup: 5268 ns, At safepoint: 351890 ns, Total: 799845 ns
[2025-10-13T23:21:03.221-0700][1201][info ][safepoint   ] Safepoint "ICBufferFull", Time since last: 1609505 ns, Reaching safepoint: 566864 ns, Cleanup: 12158 ns, At safepoint: 333994 ns, Total: 913016 ns
[2025-10-13T23:21:03.222-0700][1201][info ][safepoint   ] Safepoint "ICBufferFull", Time since last: 388795 ns, Reaching safepoint: 425952 ns, Cleanup: 5679 ns, At safepoint: 359992 ns, Total: 791623 ns
[2025-10-13T23:21:03.224-0700][1201][info ][safepoint   ] Safepoint "ICBufferFull", Time since last: 590170 ns, Reaching safepoint: 434534 ns, Cleanup: 2274 ns, At safepoint: 295825 ns, Total: 732633 ns
[2025-10-13T23:21:03.225-0700][1201][info ][safepoint   ] Safepoint "ICBufferFull", Time since last: 880637 ns, Reaching safepoint: 463929 ns, Cleanup: 7442 ns, At safepoint: 312771 ns, Total: 784142 ns
[2025-10-13T23:21:03.227-0700][1201][info ][safepoint   ] Safepoint "ICBufferFull", Time since last: 527465 ns, Reaching safepoint: 457569 ns, Cleanup: 9524 ns, At safepoint: 315536 ns, Total: 782629 ns
[2025-10-13T23:21:03.229-0700][1201][info ][safepoint   ] Safepoint "ICBufferFull", Time since last: 869650 ns, Reaching safepoint: 823050 ns, Cleanup: 8273 ns, At safepoint: 350908 ns, Total: 1182231 ns
[2025-10-13T23:21:03.230-0700][1201][info ][safepoint   ] Safepoint "ICBufferFull", Time since last: 809801 ns, Reaching safepoint: 487765 ns, Cleanup: 6650 ns, At safepoint: 448415 ns, Total: 942830 ns
[2025-10-13T23:21:03.231-0700][1201][info ][safepoint   ] Safepoint "ICBufferFull", Time since last: 201384 ns, Reaching safepoint: 347323 ns, Cleanup: 1432 ns, At safepoint: 379913 ns, Total: 728668 ns
[2025-10-13T23:21:03.234-0700][1201][info ][safepoint   ] Safepoint "ICBufferFull", Time since last: 1597156 ns, Reaching safepoint: 485632 ns, Cleanup: 7311 ns, At safepoint: 246551 ns, Total: 739494 ns
[2025-10-13T23:21:03.236-0700][1201][info ][safepoint   ] Safepoint "ICBufferFull", Time since last: 990733 ns, Reaching safepoint: 526103 ns, Cleanup: 7091 ns, At safepoint: 358590 ns, Total: 891784 ns
[2025-10-13T23:21:03.237-0700][1201][info ][safepoint   ] Safepoint "ICBufferFull", Time since last: 695438 ns, Reaching safepoint: 735738 ns, Cleanup: 7502 ns, At safepoint: 391129 ns, Total: 1134369 ns
[2025-10-13T23:21:03.248-0700][1201][info ][safepoint   ] Safepoint "ICBufferFull", Time since last: 908539 ns, Reaching safepoint: 9430860 ns, Cleanup: 15994 ns, At safepoint: 553384 ns, Total: 10000238 ns
[2025-10-13T23:21:03.250-0700][1201][info ][safepoint   ] Safepoint "ICBufferFull", Time since last: 638922 ns, Reaching safepoint: 505242 ns, Cleanup: 6840 ns, At safepoint: 430479 ns, Total: 942561 ns
[2025-10-13T23:21:03.252-0700][1201][info ][safepoint   ] Safepoint "ICBufferFull", Time since last: 1519800 ns, Reaching safepoint: 621456 ns, Cleanup: 12329 ns, At safepoint: 380333 ns, Total: 1014118 ns
[2025-10-13T23:21:03.253-0700][1201][info ][safepoint   ] Safepoint "ICBufferFull", Time since last: 101753 ns, Reaching safepoint: 366512 ns, Cleanup: 1743 ns, At safepoint: 276767 ns, Total: 645022 ns
[2025-10-13T23:21:03.256-0700][1201][info ][safepoint   ] Safepoint "ICBufferFull", Time since last: 1475764 ns, Reaching safepoint: 654295 ns, Cleanup: 15434 ns, At safepoint: 315826 ns, Total: 985555 ns
[2025-10-13T23:21:03.256-0700][1201][info ][safepoint   ] Safepoint "ICBufferFull", Time since last: 113420 ns, Reaching safepoint: 362957 ns, Cleanup: 22765 ns, At safepoint: 286431 ns, Total: 672153 ns
[2025-10-13T23:21:03.258-0700][1201][info ][safepoint   ] Safepoint "ICBufferFull", Time since last: 931624 ns, Reaching safepoint: 710771 ns, Cleanup: 43015 ns, At safepoint: 259501 ns, Total: 1013287 ns
[2025-10-13T23:21:03.259-0700][1201][info ][safepoint   ] Safepoint "ICBufferFull", Time since last: 359021 ns, Reaching safepoint: 363988 ns, Cleanup: 2163 ns, At safepoint: 270057 ns, Total: 636208 ns
[2025-10-13T23:21:03.261-0700][1201][info ][safepoint   ] Safepoint "ICBufferFull", Time since last: 613455 ns, Reaching safepoint: 377629 ns, Cleanup: 9544 ns, At safepoint: 197477 ns, Total: 584650 ns
[2025-10-13T23:21:03.521-0700][1201][info ][safepoint   ] Safepoint "ICBufferFull", Time since last: 259604851 ns, Reaching safepoint: 529107 ns, Cleanup: 199000 ns, At safepoint: 107292 ns, Total: 835399 ns
[2025-10-13T23:21:04.139-0700][1201][info ][safepoint   ] Safepoint "ICBufferFull", Time since last: 616574957 ns, Reaching safepoint: 803140 ns, Cleanup: 210427 ns, At safepoint: 207853 ns, Total: 1221420 ns
[2025-10-13T23:21:05.140-0700][1201][info ][safepoint   ] Safepoint "Cleanup", Time since last: 1000105724 ns, Reaching safepoint: 662558 ns, Cleanup: 170417 ns, At safepoint: 200132 ns, Total: 1033107 ns
[2025-10-13T23:21:06.141-0700][1201][info ][safepoint   ] Safepoint "Cleanup", Time since last: 1000102348 ns, Reaching safepoint: 772104 ns, Cleanup: 102644 ns, At safepoint: 299992 ns, Total: 1174740 ns
[2025-10-13T23:21:07.160-0700][1201][info ][safepoint   ] Safepoint "Cleanup", Time since last: 1000125434 ns, Reaching safepoint: 16725811 ns, Cleanup: 193392 ns, At safepoint: 1600862 ns, Total: 18520065 ns
[2025-10-13T23:21:08.166-0700][1201][info ][safepoint   ] Safepoint "Cleanup", Time since last: 1003390042 ns, Reaching safepoint: 899475 ns, Cleanup: 355236 ns, At safepoint: 1789756 ns, Total: 3044467 ns
[2025-10-13T23:21:09.169-0700][1201][info ][safepoint   ] Safepoint "Cleanup", Time since last: 1000131593 ns, Reaching safepoint: 855068 ns, Cleanup: 85589 ns, At safepoint: 1651629 ns, Total: 2592286 ns
[2025-10-13T23:21:09.908-0700][1201][info ][gc,start    ] GC(54) Pause Young (Prepare Mixed) (G1 Evacuation Pause)
[2025-10-13T23:21:09.908-0700][1201][info ][gc,task     ] GC(54) Using 113 workers of 113 for evacuation
[2025-10-13T23:21:09.922-0700][1201][debug][gc,remset   ] GC(54) Visited cards 13532672 Total dirty 42336256 (31.96%) Total old 497287168 (2.72%)
[2025-10-13T23:21:10.103-0700][1201][info ][gc,phases   ] GC(54)   Pre Evacuate Collection Set: 0.8ms
[2025-10-13T23:21:10.103-0700][1201][info ][gc,phases   ] GC(54)   Merge Heap Roots: 13.4ms
[2025-10-13T23:21:10.103-0700][1201][info ][gc,phases   ] GC(54)   Evacuate Collection Set: 168.1ms
[2025-10-13T23:21:10.103-0700][1201][info ][gc,phases   ] GC(54)   Post Evacuate Collection Set: 13.2ms
[2025-10-13T23:21:10.103-0700][1201][info ][gc,phases   ] GC(54)   Other: 0.2ms
[2025-10-13T23:21:10.103-0700][1201][debug][gc,remset   ] GC(54) Coarsening (recent): Inline->AoC 123086 (0) AoC->Howl 6689 (0) Howl->Full 0 (0) Inline->AoC 33908 (0) AoC->BitMap 9384 (0) BitMap->Full 0 (0) 
[2025-10-13T23:21:10.103-0700][1201][debug][gc,remset   ] GC(54) Coarsening (all): Inline->AoC 394325 (47) AoC->Howl 17598 (92) Howl->Full 0 (0) Inline->AoC 104647 (18) AoC->BitMap 21051 (54) BitMap->Full 0 (0) 
[2025-10-13T23:21:10.103-0700][1201][info ][gc,heap     ] GC(54) Eden regions: 3313->0(3260)
[2025-10-13T23:21:10.103-0700][1201][info ][gc,heap     ] GC(54) Survivor regions: 143->196(432)
[2025-10-13T23:21:10.103-0700][1201][info ][gc,heap     ] GC(54) Old regions: 657->657
[2025-10-13T23:21:10.103-0700][1201][info ][gc,heap     ] GC(54) Humongous regions: 19->0
[2025-10-13T23:21:10.103-0700][1201][info ][gc,metaspace] GC(54) Metaspace: 294803K(299072K)->294803K(299072K) NonClass: 260544K(262912K)->260544K(262912K) Class: 34258K(36160K)->34258K(36160K)
[2025-10-13T23:21:10.103-0700][1201][info ][gc          ] GC(54) Pause Young (Prepare Mixed) (G1 Evacuation Pause) 132207M->27280M(184320M) 195.839ms
[2025-10-13T23:21:10.104-0700][1201][info ][gc,cpu      ] GC(54) User=13.16s Sys=0.21s Real=0.20s
[2025-10-13T23:21:10.106-0700][1201][info ][safepoint   ] Safepoint "G1CollectForAllocation", Time since last: 736355998 ns, Reaching safepoint: 898774 ns, Cleanup: 151678 ns, At safepoint: 199206205 ns, Total: 200256657 ns
[2025-10-13T23:21:11.107-0700][1201][info ][safepoint   ] Safepoint "Cleanup", Time since last: 1000088468 ns, Reaching safepoint: 877612 ns, Cleanup: 103726 ns, At safepoint: 134333 ns, Total: 1115671 ns
[2025-10-13T23:21:12.108-0700][1201][info ][safepoint   ] Safepoint "Cleanup", Time since last: 1000101707 ns, Reaching safepoint: 768849 ns, Cleanup: 63476 ns, At safepoint: 240872 ns, Total: 1073197 ns
[2025-10-13T23:21:13.123-0700][1201][info ][safepoint   ] Safepoint "Cleanup", Time since last: 1000103371 ns, Reaching safepoint: 12222656 ns, Cleanup: 43836 ns, At safepoint: 2664615 ns, Total: 14931107 ns
[2025-10-13T23:21:14.125-0700][1201][info ][safepoint   ] Safepoint "Cleanup", Time since last: 1000107016 ns, Reaching safepoint: 694406 ns, Cleanup: 77747 ns, At safepoint: 889260 ns, Total: 1661413 ns
[2025-10-13T23:21:15.127-0700][1201][info ][safepoint   ] Safepoint "Cleanup", Time since last: 1000112750 ns, Reaching safepoint: 667144 ns, Cleanup: 60642 ns, At safepoint: 1081068 ns, Total: 1808854 ns
[2025-10-13T23:21:16.147-0700][1201][info ][safepoint   ] Safepoint "Cleanup", Time since last: 1000105827 ns, Reaching safepoint: 17510315 ns, Cleanup: 47652 ns, At safepoint: 2555890 ns, Total: 20113857 ns
[2025-10-13T23:21:17.150-0700][1201][info ][safepoint   ] Safepoint "Cleanup", Time since last: 1000118926 ns, Reaching safepoint: 742238 ns, Cleanup: 23866 ns, At safepoint: 1872350 ns, Total: 2638454 ns
[2025-10-13T23:21:18.152-0700][1201][info ][safepoint   ] Safepoint "Cleanup", Time since last: 1000140329 ns, Reaching safepoint: 943101 ns, Cleanup: 29744 ns, At safepoint: 1178105 ns, Total: 2150950 ns
[2025-10-13T23:21:19.154-0700][1201][info ][safepoint   ] Safepoint "Cleanup", Time since last: 1000117324 ns, Reaching safepoint: 957803 ns, Cleanup: 98648 ns, At safepoint: 1279037 ns, Total: 2335488 ns
[2025-10-13T23:21:19.387-0700][1201][info ][gc,start    ] GC(55) Pause Young (Mixed) (G1 Evacuation Pause)
[2025-10-13T23:21:19.387-0700][1201][info ][gc,task     ] GC(55) Using 113 workers of 113 for evacuation
[2025-10-13T23:21:19.401-0700][1201][debug][gc,remset   ] GC(55) Visited cards 12647424 Total dirty 35389440 (35.74%) Total old 504299520 (2.51%)
[2025-10-13T23:21:19.622-0700][1201][info ][gc,mmu      ] GC(55) MMU target violated: 201.0ms (200.0ms/201.0ms)
[2025-10-13T23:21:19.622-0700][1201][info ][gc,phases   ] GC(55)   Pre Evacuate Collection Set: 0.8ms
[2025-10-13T23:21:19.622-0700][1201][info ][gc,phases   ] GC(55)   Merge Heap Roots: 13.4ms
[2025-10-13T23:21:19.622-0700][1201][info ][gc,phases   ] GC(55)   Evacuate Collection Set: 208.6ms
[2025-10-13T23:21:19.622-0700][1201][info ][gc,phases   ] GC(55)   Post Evacuate Collection Set: 12.1ms
[2025-10-13T23:21:19.622-0700][1201][info ][gc,phases   ] GC(55)   Other: 0.2ms
[2025-10-13T23:21:19.622-0700][1201][debug][gc,remset   ] GC(55) Coarsening (recent): Inline->AoC 6504 (0) AoC->Howl 21 (0) Howl->Full 0 (0) Inline->AoC 116 (0) AoC->BitMap 1 (0) BitMap->Full 0 (0) 
[2025-10-13T23:21:19.622-0700][1201][debug][gc,remset   ] GC(55) Coarsening (all): Inline->AoC 400829 (47) AoC->Howl 17619 (92) Howl->Full 0 (0) Inline->AoC 104763 (18) AoC->BitMap 21052 (54) BitMap->Full 0 (0) 
[2025-10-13T23:21:19.622-0700][1201][info ][gc,heap     ] GC(55) Eden regions: 3260->0(2650)
[2025-10-13T23:21:19.622-0700][1201][info ][gc,heap     ] GC(55) Survivor regions: 196->241(432)
[2025-10-13T23:21:19.622-0700][1201][info ][gc,heap     ] GC(55) Old regions: 657->545
[2025-10-13T23:21:19.622-0700][1201][info ][gc,heap     ] GC(55) Humongous regions: 12->0
[2025-10-13T23:21:19.622-0700][1201][info ][gc,metaspace] GC(55) Metaspace: 295480K(299840K)->295480K(299840K) NonClass: 261201K(263616K)->261201K(263616K) Class: 34279K(36224K)->34279K(36224K)
[2025-10-13T23:21:19.622-0700][1201][info ][gc          ] GC(55) Pause Young (Mixed) (G1 Evacuation Pause) 131984M->25135M(184320M) 235.168ms
[2025-10-13T23:21:19.623-0700][1201][info ][gc,cpu      ] GC(55) User=15.32s Sys=0.11s Real=0.24s
[2025-10-13T23:21:19.624-0700][1201][info ][safepoint   ] Safepoint "G1CollectForAllocation", Time since last: 230338083 ns, Reaching safepoint: 764872 ns, Cleanup: 31397 ns, At safepoint: 238399766 ns, Total: 239196035 ns
[2025-10-13T23:21:20.685-0700][1201][info ][safepoint   ] Safepoint "Cleanup", Time since last: 1059791060 ns, Reaching safepoint: 779894 ns, Cleanup: 123937 ns, At safepoint: 698662 ns, Total: 1602493 ns
[2025-10-13T23:21:21.687-0700][1201][info ][safepoint   ] Safepoint "Cleanup", Time since last: 1000115442 ns, Reaching safepoint: 736669 ns, Cleanup: 35203 ns, At safepoint: 291339 ns, Total: 1063211 ns
[2025-10-13T23:21:22.688-0700][1201][info ][safepoint   ] Safepoint "Cleanup", Time since last: 1000107139 ns, Reaching safepoint: 680445 ns, Cleanup: 63866 ns, At safepoint: 339311 ns, Total: 1083622 ns
[2025-10-13T23:21:23.689-0700][1201][info ][safepoint   ] Safepoint "Cleanup", Time since last: 1000112997 ns, Reaching safepoint: 644411 ns, Cleanup: 65379 ns, At safepoint: 233271 ns, Total: 943061 ns
[2025-10-13T23:21:24.880-0700][1201][info ][safepoint   ] Safepoint "Cleanup", Time since last: 1189658185 ns, Reaching safepoint: 676639 ns, Cleanup: 292641 ns, At safepoint: 344479 ns, Total: 1313759 ns
[2025-10-13T23:21:25.882-0700][1201][info ][safepoint   ] Safepoint "Cleanup", Time since last: 1000109041 ns, Reaching safepoint: 980377 ns, Cleanup: 110376 ns, At safepoint: 1188170 ns, Total: 2278923 ns
[2025-10-13T23:21:26.884-0700][1201][info ][safepoint   ] Safepoint "Cleanup", Time since last: 1000132898 ns, Reaching safepoint: 885143 ns, Cleanup: 139089 ns, At safepoint: 856901 ns, Total: 1881133 ns
[2025-10-13T23:21:27.858-0700][1201][info ][gc,start    ] GC(56) Pause Young (Normal) (G1 Evacuation Pause)
[2025-10-13T23:21:27.858-0700][1201][info ][gc,task     ] GC(56) Using 113 workers of 113 for evacuation
[2025-10-13T23:21:27.874-0700][1201][debug][gc,remset   ] GC(56) Visited cards 11858432 Total dirty 35192832 (33.70%) Total old 489881600 (2.42%)
[2025-10-13T23:21:28.111-0700][1201][info ][gc,mmu      ] GC(56) MMU target violated: 201.0ms (200.0ms/201.0ms)
[2025-10-13T23:21:28.111-0700][1201][info ][gc,phases   ] GC(56)   Pre Evacuate Collection Set: 0.9ms
[2025-10-13T23:21:28.111-0700][1201][info ][gc,phases   ] GC(56)   Merge Heap Roots: 14.7ms
[2025-10-13T23:21:28.111-0700][1201][info ][gc,phases   ] GC(56)   Evacuate Collection Set: 225.1ms
[2025-10-13T23:21:28.111-0700][1201][info ][gc,phases   ] GC(56)   Post Evacuate Collection Set: 12.3ms
[2025-10-13T23:21:28.111-0700][1201][info ][gc,phases   ] GC(56)   Other: 0.2ms
[2025-10-13T23:21:28.111-0700][1201][debug][gc,remset   ] GC(56) Coarsening (recent): Inline->AoC 9532 (0) AoC->Howl 85 (0) Howl->Full 0 (0) Inline->AoC 399 (0) AoC->BitMap 49 (0) BitMap->Full 0 (0) 
[2025-10-13T23:21:28.111-0700][1201][debug][gc,remset   ] GC(56) Coarsening (all): Inline->AoC 410361 (47) AoC->Howl 17704 (92) Howl->Full 0 (0) Inline->AoC 105162 (18) AoC->BitMap 21101 (54) BitMap->Full 0 (0) 
[2025-10-13T23:21:28.111-0700][1201][info ][gc,heap     ] GC(56) Eden regions: 3215->0(1203)
[2025-10-13T23:21:28.111-0700][1201][info ][gc,heap     ] GC(56) Survivor regions: 241->242(432)
[2025-10-13T23:21:28.111-0700][1201][info ][gc,heap     ] GC(56) Old regions: 545->585
[2025-10-13T23:21:28.111-0700][1201][info ][gc,heap     ] GC(56) Humongous regions: 18->0
[2025-10-13T23:21:28.111-0700][1201][info ][gc,metaspace] GC(56) Metaspace: 296333K(300736K)->296333K(300736K) NonClass: 261993K(264448K)->261993K(264448K) Class: 34340K(36288K)->34340K(36288K)
[2025-10-13T23:21:28.111-0700][1201][info ][gc          ] GC(56) Pause Young (Normal) (G1 Evacuation Pause) 128591M->26433M(184320M) 253.308ms
[2025-10-13T23:21:28.112-0700][1201][info ][gc,cpu      ] GC(56) User=17.23s Sys=0.13s Real=0.26s
[2025-10-13T23:21:28.113-0700][1201][info ][safepoint   ] Safepoint "G1CollectForAllocation", Time since last: 971060977 ns, Reaching safepoint: 1202201 ns, Cleanup: 142615 ns, At safepoint: 256785069 ns, Total: 258129885 ns
[2025-10-13T23:21:29.115-0700][1201][info ][safepoint   ] Safepoint "Cleanup", Time since last: 1000088050 ns, Reaching safepoint: 733245 ns, Cleanup: 206481 ns, At safepoint: 393502 ns, Total: 1333228 ns
[2025-10-13T23:21:30.116-0700][1201][info ][safepoint   ] Safepoint "Cleanup", Time since last: 1000110704 ns, Reaching safepoint: 744702 ns, Cleanup: 74332 ns, At safepoint: 244749 ns, Total: 1063783 ns
[2025-10-13T23:21:31.117-0700][1201][info ][safepoint   ] Safepoint "Cleanup", Time since last: 1000102171 ns, Reaching safepoint: 816310 ns, Cleanup: 90486 ns, At safepoint: 184027 ns, Total: 1090823 ns
[2025-10-13T23:21:32.118-0700][1201][info ][safepoint   ] Safepoint "Cleanup", Time since last: 1000085186 ns, Reaching safepoint: 753825 ns, Cleanup: 77417 ns, At safepoint: 399612 ns, Total: 1230854 ns
[2025-10-13T23:21:32.246-0700][1201][info ][gc,start    ] GC(57) Pause Young (Normal) (G1 Evacuation Pause)
[2025-10-13T23:21:32.246-0700][1201][info ][gc,task     ] GC(57) Using 113 workers of 113 for evacuation
[2025-10-13T23:21:32.260-0700][1201][debug][gc,remset   ] GC(57) Visited cards 11651328 Total dirty 37683200 (30.92%) Total old 264437760 (4.41%)
[2025-10-13T23:21:32.446-0700][1201][info ][gc,phases   ] GC(57)   Pre Evacuate Collection Set: 0.8ms
[2025-10-13T23:21:32.446-0700][1201][info ][gc,phases   ] GC(57)   Merge Heap Roots: 12.5ms
[2025-10-13T23:21:32.446-0700][1201][info ][gc,phases   ] GC(57)   Evacuate Collection Set: 175.1ms
[2025-10-13T23:21:32.446-0700][1201][info ][gc,phases   ] GC(57)   Post Evacuate Collection Set: 11.2ms
[2025-10-13T23:21:32.446-0700][1201][info ][gc,phases   ] GC(57)   Other: 0.1ms
[2025-10-13T23:21:32.446-0700][1201][debug][gc,remset   ] GC(57) Coarsening (recent): Inline->AoC 31360 (0) AoC->Howl 188 (0) Howl->Full 0 (0) Inline->AoC 1008 (0) AoC->BitMap 108 (0) BitMap->Full 0 (0) 
[2025-10-13T23:21:32.446-0700][1201][debug][gc,remset   ] GC(57) Coarsening (all): Inline->AoC 441721 (47) AoC->Howl 17892 (92) Howl->Full 0 (0) Inline->AoC 106170 (18) AoC->BitMap 21209 (54) BitMap->Full 0 (0) 
[2025-10-13T23:21:32.446-0700][1201][info ][gc,heap     ] GC(57) Eden regions: 1479->0(3331)
[2025-10-13T23:21:32.446-0700][1201][info ][gc,heap     ] GC(57) Survivor regions: 242->125(216)
[2025-10-13T23:21:32.446-0700][1201][info ][gc,heap     ] GC(57) Old regions: 585->727
[2025-10-13T23:21:32.446-0700][1201][info ][gc,heap     ] GC(57) Humongous regions: 8->0
[2025-10-13T23:21:32.446-0700][1201][info ][gc,metaspace] GC(57) Metaspace: 296548K(300864K)->296548K(300864K) NonClass: 262193K(264576K)->262193K(264576K) Class: 34354K(36288K)->34354K(36288K)
[2025-10-13T23:21:32.446-0700][1201][info ][gc          ] GC(57) Pause Young (Normal) (G1 Evacuation Pause) 74017M->27217M(184320M) 199.970ms
[2025-10-13T23:21:32.447-0700][1201][info ][gc,cpu      ] GC(57) User=15.13s Sys=0.21s Real=0.20s
[2025-10-13T23:21:32.449-0700][1201][info ][safepoint   ] Safepoint "G1CollectForAllocation", Time since last: 125757535 ns, Reaching safepoint: 939455 ns, Cleanup: 22504 ns, At safepoint: 203349852 ns, Total: 204311811 ns
[2025-10-13T23:21:33.451-0700][1201][info ][safepoint   ] Safepoint "Cleanup", Time since last: 1000090213 ns, Reaching safepoint: 1822996 ns, Cleanup: 55002 ns, At safepoint: 598121 ns, Total: 2476119 ns
[2025-10-13T23:21:34.464-0700][1201][info ][safepoint   ] Safepoint "Cleanup", Time since last: 1000102162 ns, Reaching safepoint: 10177550 ns, Cleanup: 28803 ns, At safepoint: 2577212 ns, Total: 12783565 ns
[2025-10-13T23:21:35.466-0700][1201][info ][safepoint   ] Safepoint "Cleanup", Time since last: 1000132027 ns, Reaching safepoint: 829920 ns, Cleanup: 32599 ns, At safepoint: 1026406 ns, Total: 1888925 ns
[2025-10-13T23:21:36.468-0700][1201][info ][safepoint   ] Safepoint "Cleanup", Time since last: 1000128622 ns, Reaching safepoint: 803781 ns, Cleanup: 26159 ns, At safepoint: 867677 ns, Total: 1697617 ns
[2025-10-13T23:21:37.470-0700][1201][info ][safepoint   ] Safepoint "Cleanup", Time since last: 1000138066 ns, Reaching safepoint: 941268 ns, Cleanup: 37196 ns, At safepoint: 1014147 ns, Total: 1992611 ns
[2025-10-13T23:21:38.472-0700][1201][info ][safepoint   ] Safepoint "Cleanup", Time since last: 1000112187 ns, Reaching safepoint: 763950 ns, Cleanup: 25859 ns, At safepoint: 810041 ns, Total: 1599850 ns
[2025-10-13T23:21:39.473-0700][1201][info ][safepoint   ] Safepoint "Cleanup", Time since last: 1000107189 ns, Reaching safepoint: 699814 ns, Cleanup: 18187 ns, At safepoint: 844362 ns, Total: 1562363 ns
[2025-10-13T23:21:40.475-0700][1201][info ][safepoint   ] Safepoint "Cleanup", Time since last: 1000114820 ns, Reaching safepoint: 685463 ns, Cleanup: 24537 ns, At safepoint: 763259 ns, Total: 1473259 ns
[2025-10-13T23:21:41.477-0700][1201][info ][safepoint   ] Safepoint "Cleanup", Time since last: 1000110274 ns, Reaching safepoint: 840045 ns, Cleanup: 24547 ns, At safepoint: 1100518 ns, Total: 1965110 ns
[2025-10-13T23:21:42.479-0700][1201][info ][safepoint   ] Safepoint "Cleanup", Time since last: 1000112646 ns, Reaching safepoint: 738002 ns, Cleanup: 61112 ns, At safepoint: 1321871 ns, Total: 2120985 ns
[2025-10-13T23:21:43.218-0700][1201][info ][gc,start    ] GC(58) Pause Young (Normal) (G1 Evacuation Pause)
[2025-10-13T23:21:43.219-0700][1201][info ][gc,task     ] GC(58) Using 113 workers of 113 for evacuation
[2025-10-13T23:21:43.233-0700][1201][debug][gc,remset   ] GC(58) Visited cards 11543808 Total dirty 45875200 (25.16%) Total old 501874688 (2.30%)
[2025-10-13T23:21:43.357-0700][1201][info ][gc,phases   ] GC(58)   Pre Evacuate Collection Set: 0.7ms
[2025-10-13T23:21:43.357-0700][1201][info ][gc,phases   ] GC(58)   Merge Heap Roots: 14.1ms
[2025-10-13T23:21:43.357-0700][1201][info ][gc,phases   ] GC(58)   Evacuate Collection Set: 110.1ms
[2025-10-13T23:21:43.357-0700][1201][info ][gc,phases   ] GC(58)   Post Evacuate Collection Set: 13.8ms
[2025-10-13T23:21:43.357-0700][1201][info ][gc,phases   ] GC(58)   Other: 0.2ms
[2025-10-13T23:21:43.357-0700][1201][debug][gc,remset   ] GC(58) Coarsening (recent): Inline->AoC 30395 (0) AoC->Howl 94 (0) Howl->Full 0 (0) Inline->AoC 301 (0) AoC->BitMap 66 (0) BitMap->Full 0 (0) 
[2025-10-13T23:21:43.357-0700][1201][debug][gc,remset   ] GC(58) Coarsening (all): Inline->AoC 472116 (47) AoC->Howl 17986 (92) Howl->Full 0 (0) Inline->AoC 106471 (18) AoC->BitMap 21275 (54) BitMap->Full 0 (0) 
[2025-10-13T23:21:43.357-0700][1201][info ][gc,heap     ] GC(58) Eden regions: 3331->0(3289)
[2025-10-13T23:21:43.357-0700][1201][info ][gc,heap     ] GC(58) Survivor regions: 125->167(432)
[2025-10-13T23:21:43.357-0700][1201][info ][gc,heap     ] GC(58) Old regions: 727->727
[2025-10-13T23:21:43.357-0700][1201][info ][gc,heap     ] GC(58) Humongous regions: 19->0
[2025-10-13T23:21:43.357-0700][1201][info ][gc,metaspace] GC(58) Metaspace: 296850K(301184K)->296850K(301184K) NonClass: 262493K(264896K)->262493K(264896K) Class: 34357K(36288K)->34357K(36288K)
[2025-10-13T23:21:43.357-0700][1201][info ][gc          ] GC(58) Pause Young (Normal) (G1 Evacuation Pause) 134417M->28578M(184320M) 139.034ms
[2025-10-13T23:21:43.359-0700][1201][info ][gc,cpu      ] GC(58) User=12.53s Sys=0.34s Real=0.14s
[2025-10-13T23:21:43.360-0700][1201][info ][safepoint   ] Safepoint "G1CollectForAllocation", Time since last: 737403484 ns, Reaching safepoint: 700996 ns, Cleanup: 30887 ns, At safepoint: 142219873 ns, Total: 142951756 ns
[2025-10-13T23:21:44.361-0700][1201][info ][safepoint   ] Safepoint "Cleanup", Time since last: 1000079697 ns, Reaching safepoint: 728287 ns, Cleanup: 43756 ns, At safepoint: 205620 ns, Total: 977663 ns
[2025-10-13T23:21:45.362-0700][1201][info ][safepoint   ] Safepoint "Cleanup", Time since last: 1000091765 ns, Reaching safepoint: 746615 ns, Cleanup: 23455 ns, At safepoint: 304729 ns, Total: 1074799 ns
[2025-10-13T23:21:46.363-0700][1201][info ][safepoint   ] Safepoint "Cleanup", Time since last: 1000096182 ns, Reaching safepoint: 782449 ns, Cleanup: 26480 ns, At safepoint: 366111 ns, Total: 1175040 ns
[2025-10-13T23:21:47.365-0700][1201][info ][safepoint   ] Safepoint "Cleanup", Time since last: 1000095061 ns, Reaching safepoint: 1772870 ns, Cleanup: 26520 ns, At safepoint: 458731 ns, Total: 2258121 ns
[2025-10-13T23:21:48.379-0700][1201][info ][safepoint   ] Safepoint "Cleanup", Time since last: 1000093218 ns, Reaching safepoint: 11167581 ns, Cleanup: 17096 ns, At safepoint: 2072782 ns, Total: 13257459 ns
[2025-10-13T23:21:49.381-0700][1201][info ][safepoint   ] Safepoint "Cleanup", Time since last: 1000078345 ns, Reaching safepoint: 701998 ns, Cleanup: 82444 ns, At safepoint: 898163 ns, Total: 1682605 ns
[2025-10-13T23:21:50.386-0700][1201][info ][safepoint   ] Safepoint "Cleanup", Time since last: 1000106567 ns, Reaching safepoint: 974418 ns, Cleanup: 140862 ns, At safepoint: 4499197 ns, Total: 5614477 ns
[2025-10-13T23:21:51.390-0700][1201][info ][safepoint   ] Safepoint "Cleanup", Time since last: 1000162803 ns, Reaching safepoint: 2893248 ns, Cleanup: 34071 ns, At safepoint: 531411 ns, Total: 3458730 ns
[2025-10-13T23:21:52.391-0700][1201][info ][safepoint   ] Safepoint "Cleanup", Time since last: 1000124555 ns, Reaching safepoint: 805884 ns, Cleanup: 57136 ns, At safepoint: 566513 ns, Total: 1429533 ns
[2025-10-13T23:21:53.393-0700][1201][info ][safepoint   ] Safepoint "Cleanup", Time since last: 1000120599 ns, Reaching safepoint: 795688 ns, Cleanup: 49735 ns, At safepoint: 552422 ns, Total: 1397845 ns
[2025-10-13T23:21:54.394-0700][1201][info ][safepoint   ] Safepoint "Cleanup", Time since last: 1000117054 ns, Reaching safepoint: 808107 ns, Cleanup: 61903 ns, At safepoint: 367214 ns, Total: 1237224 ns
[2025-10-13T23:21:55.396-0700][1201][info ][safepoint   ] Safepoint "Cleanup", Time since last: 1000105846 ns, Reaching safepoint: 675548 ns, Cleanup: 70406 ns, At safepoint: 365140 ns, Total: 1111094 ns
[2025-10-13T23:21:55.752-0700][1201][info ][gc,start    ] GC(59) Pause Young (Normal) (G1 Evacuation Pause)
[2025-10-13T23:21:55.752-0700][1201][info ][gc,task     ] GC(59) Using 113 workers of 113 for evacuation
[2025-10-13T23:21:55.767-0700][1201][debug][gc,remset   ] GC(59) Visited cards 11601664 Total dirty 45940736 (25.25%) Total old 502071296 (2.31%)
[2025-10-13T23:21:55.951-0700][1201][info ][gc,phases   ] GC(59)   Pre Evacuate Collection Set: 0.7ms
[2025-10-13T23:21:55.951-0700][1201][info ][gc,phases   ] GC(59)   Merge Heap Roots: 14.7ms
[2025-10-13T23:21:55.951-0700][1201][info ][gc,phases   ] GC(59)   Evacuate Collection Set: 169.4ms
[2025-10-13T23:21:55.951-0700][1201][info ][gc,phases   ] GC(59)   Post Evacuate Collection Set: 14.4ms
[2025-10-13T23:21:55.951-0700][1201][info ][gc,phases   ] GC(59)   Other: 0.2ms
[2025-10-13T23:21:55.951-0700][1201][debug][gc,remset   ] GC(59) Coarsening (recent): Inline->AoC 42658 (0) AoC->Howl 111 (0) Howl->Full 0 (0) Inline->AoC 564 (0) AoC->BitMap 39 (0) BitMap->Full 0 (0) 
[2025-10-13T23:21:55.951-0700][1201][debug][gc,remset   ] GC(59) Coarsening (all): Inline->AoC 514774 (47) AoC->Howl 18097 (92) Howl->Full 0 (0) Inline->AoC 107035 (18) AoC->BitMap 21314 (54) BitMap->Full 0 (0) 
[2025-10-13T23:21:55.951-0700][1201][info ][gc,heap     ] GC(59) Eden regions: 3289->0(2693)
[2025-10-13T23:21:55.951-0700][1201][info ][gc,heap     ] GC(59) Survivor regions: 167->222(432)
[2025-10-13T23:21:55.951-0700][1201][info ][gc,heap     ] GC(59) Old regions: 727->727
[2025-10-13T23:21:55.951-0700][1201][info ][gc,heap     ] GC(59) Humongous regions: 22->0
[2025-10-13T23:21:55.951-0700][1201][info ][gc,metaspace] GC(59) Metaspace: 297516K(301952K)->297516K(301952K) NonClass: 263125K(265600K)->263125K(265600K) Class: 34390K(36352K)->34390K(36352K)
[2025-10-13T23:21:55.951-0700][1201][info ][gc          ] GC(59) Pause Young (Normal) (G1 Evacuation Pause) 134530M->30340M(184320M) 199.537ms
[2025-10-13T23:21:55.952-0700][1201][info ][gc,cpu      ] GC(59) User=14.97s Sys=0.35s Real=0.20s
[2025-10-13T23:21:55.953-0700][1201][info ][safepoint   ] Safepoint "G1CollectForAllocation", Time since last: 354348187 ns, Reaching safepoint: 715778 ns, Cleanup: 22093 ns, At safepoint: 202829988 ns, Total: 203567859 ns
[2025-10-13T23:21:56.956-0700][1201][info ][safepoint   ] Safepoint "Cleanup", Time since last: 1000096984 ns, Reaching safepoint: 1431736 ns, Cleanup: 116516 ns, At safepoint: 1127678 ns, Total: 2675930 ns
[2025-10-13T23:21:57.957-0700][1201][info ][safepoint   ] Safepoint "Cleanup", Time since last: 1000106107 ns, Reaching safepoint: 706845 ns, Cleanup: 26780 ns, At safepoint: 297228 ns, Total: 1030853 ns
[2025-10-13T23:21:58.959-0700][1201][info ][safepoint   ] Safepoint "Cleanup", Time since last: 1000108581 ns, Reaching safepoint: 662708 ns, Cleanup: 47502 ns, At safepoint: 666043 ns, Total: 1376253 ns
[2025-10-13T23:21:59.960-0700][1201][info ][safepoint   ] Safepoint "Cleanup", Time since last: 1000108971 ns, Reaching safepoint: 687215 ns, Cleanup: 30897 ns, At safepoint: 740155 ns, Total: 1458267 ns
[2025-10-13T23:22:00.962-0700][1201][info ][safepoint   ] Safepoint "Cleanup", Time since last: 1000099557 ns, Reaching safepoint: 831152 ns, Cleanup: 46440 ns, At safepoint: 1070693 ns, Total: 1948285 ns
[2025-10-13T23:22:01.735-0700][1201][info ][gc,start    ] GC(60) Pause Young (Concurrent Start) (CodeCache GC Threshold)
[2025-10-13T23:22:01.735-0700][1201][info ][gc,task     ] GC(60) Using 113 workers of 113 for evacuation
[2025-10-13T23:22:01.748-0700][1201][debug][gc,remset   ] GC(60) Visited cards 11621120 Total dirty 46071808 (25.22%) Total old 272236544 (4.27%)
[2025-10-13T23:22:01.932-0700][1201][info ][gc,phases   ] GC(60)   Pre Evacuate Collection Set: 1.0ms
[2025-10-13T23:22:01.932-0700][1201][info ][gc,phases   ] GC(60)   Merge Heap Roots: 11.8ms
[2025-10-13T23:22:01.932-0700][1201][info ][gc,phases   ] GC(60)   Evacuate Collection Set: 174.2ms
[2025-10-13T23:22:01.932-0700][1201][info ][gc,phases   ] GC(60)   Post Evacuate Collection Set: 9.9ms
[2025-10-13T23:22:01.932-0700][1201][info ][gc,phases   ] GC(60)   Other: 0.1ms
[2025-10-13T23:22:01.932-0700][1201][debug][gc,remset   ] GC(60) Coarsening (recent): Inline->AoC 0 (0) AoC->Howl 0 (0) Howl->Full 0 (0) Inline->AoC 0 (0) AoC->BitMap 0 (0) BitMap->Full 0 (0) 
[2025-10-13T23:22:01.932-0700][1201][debug][gc,remset   ] GC(60) Coarsening (all): Inline->AoC 514774 (47) AoC->Howl 18097 (92) Howl->Full 0 (0) Inline->AoC 107035 (18) AoC->BitMap 21314 (54) BitMap->Full 0 (0) 
[2025-10-13T23:22:01.932-0700][1201][info ][gc,heap     ] GC(60) Eden regions: 1488->0(2949)
[2025-10-13T23:22:01.932-0700][1201][info ][gc,heap     ] GC(60) Survivor regions: 222->244(421)
[2025-10-13T23:22:01.932-0700][1201][info ][gc,heap     ] GC(60) Old regions: 727->727
[2025-10-13T23:22:01.932-0700][1201][info ][gc,heap     ] GC(60) Humongous regions: 7->0
[2025-10-13T23:22:01.932-0700][1201][info ][gc,metaspace] GC(60) Metaspace: 297962K(302400K)->297962K(302400K) NonClass: 263553K(265984K)->263553K(265984K) Class: 34409K(36416K)->34409K(36416K)
[2025-10-13T23:22:01.932-0700][1201][info ][gc          ] GC(60) Pause Young (Concurrent Start) (CodeCache GC Threshold) 78158M->31039M(184320M) 197.259ms
[2025-10-13T23:22:01.932-0700][1084][info ][gc          ] GC(61) Concurrent Mark Cycle
[2025-10-13T23:22:01.932-0700][1084][info ][gc,marking  ] GC(61) Concurrent Scan Root Regions
[2025-10-13T23:22:01.933-0700][1201][info ][gc,cpu      ] GC(60) User=13.06s Sys=0.03s Real=0.20s
[2025-10-13T23:22:01.935-0700][1201][info ][safepoint   ] Safepoint "G1TryInitiateConcMark", Time since last: 770296390 ns, Reaching safepoint: 716739 ns, Cleanup: 81012 ns, At safepoint: 201156538 ns, Total: 201954289 ns
[2025-10-13T23:22:02.022-0700][1084][info ][gc,marking  ] GC(61) Concurrent Scan Root Regions 89.974ms
[2025-10-13T23:22:02.022-0700][1084][info ][gc,marking  ] GC(61) Concurrent Mark
[2025-10-13T23:22:02.022-0700][1084][info ][gc,marking  ] GC(61) Concurrent Mark From Roots
[2025-10-13T23:22:02.022-0700][1084][info ][gc,task     ] GC(61) Using 36 workers of 36 for marking
[2025-10-13T23:22:02.208-0700][1084][info ][gc,marking  ] GC(61) Concurrent Mark From Roots 186.171ms
[2025-10-13T23:22:02.208-0700][1084][info ][gc,marking  ] GC(61) Concurrent Preclean
[2025-10-13T23:22:02.224-0700][1084][info ][gc,marking  ] GC(61) Concurrent Preclean 15.783ms
[2025-10-13T23:22:02.230-0700][1201][info ][gc,start    ] GC(61) Pause Remark
[2025-10-13T23:22:02.917-0700][1201][info ][gc,mmu      ] GC(61) MMU target violated: 201.0ms (200.0ms/201.0ms)
[2025-10-13T23:22:02.917-0700][1201][info ][gc          ] GC(61) Pause Remark 35381M->35285M(184320M) 687.014ms
[2025-10-13T23:22:02.918-0700][1201][info ][gc,cpu      ] GC(61) User=11.41s Sys=0.12s Real=0.69s
[2025-10-13T23:22:02.920-0700][1201][info ][safepoint   ] Safepoint "G1PauseRemark", Time since last: 289607459 ns, Reaching safepoint: 4879400 ns, Cleanup: 41012 ns, At safepoint: 690736215 ns, Total: 695656627 ns
[2025-10-13T23:22:02.921-0700][1084][info ][gc,marking  ] GC(61) Concurrent Mark 899.075ms
[2025-10-13T23:22:02.921-0700][1084][info ][gc,marking  ] GC(61) Concurrent Rebuild Remembered Sets and Scrub Regions
[2025-10-13T23:22:03.298-0700][1084][info ][gc,marking  ] GC(61) Concurrent Rebuild Remembered Sets and Scrub Regions 376.540ms
[2025-10-13T23:22:03.300-0700][1201][info ][gc,start    ] GC(61) Pause Cleanup
[2025-10-13T23:22:03.302-0700][1201][info ][gc          ] GC(61) Pause Cleanup 43991M->43991M(184320M) 2.169ms
[2025-10-13T23:22:03.303-0700][1201][info ][gc,cpu      ] GC(61) User=0.02s Sys=0.00s Real=0.00s
[2025-10-13T23:22:03.304-0700][1201][info ][safepoint   ] Safepoint "G1PauseCleanup", Time since last: 378014430 ns, Reaching safepoint: 746946 ns, Cleanup: 347323 ns, At safepoint: 4567232 ns, Total: 5661501 ns
[2025-10-13T23:22:03.304-0700][1084][info ][gc,marking  ] GC(61) Concurrent Clear Claimed Marks
[2025-10-13T23:22:03.305-0700][1084][info ][gc,marking  ] GC(61) Concurrent Clear Claimed Marks 1.018ms
[2025-10-13T23:22:03.305-0700][1084][info ][gc,marking  ] GC(61) Concurrent Cleanup for Next Mark
[2025-10-13T23:22:03.340-0700][1084][info ][gc,marking  ] GC(61) Concurrent Cleanup for Next Mark 35.204ms
[2025-10-13T23:22:03.340-0700][1084][info ][gc          ] GC(61) Concurrent Mark Cycle 1407.829ms
[2025-10-13T23:22:04.305-0700][1201][info ][safepoint   ] Safepoint "Cleanup", Time since last: 1000162626 ns, Reaching safepoint: 674577 ns, Cleanup: 61032 ns, At safepoint: 108614 ns, Total: 844223 ns
[2025-10-13T23:22:05.306-0700][1201][info ][safepoint   ] Safepoint "Cleanup", Time since last: 1000124819 ns, Reaching safepoint: 904833 ns, Cleanup: 49715 ns, At safepoint: 513594 ns, Total: 1468142 ns
[2025-10-13T23:22:06.307-0700][1201][info ][safepoint   ] Safepoint "Cleanup", Time since last: 1000119371 ns, Reaching safepoint: 647476 ns, Cleanup: 43866 ns, At safepoint: 190557 ns, Total: 881899 ns
[2025-10-13T23:22:07.309-0700][1201][info ][safepoint   ] Safepoint "Cleanup", Time since last: 1000110538 ns, Reaching safepoint: 827517 ns, Cleanup: 53801 ns, At safepoint: 285210 ns, Total: 1166528 ns
[2025-10-13T23:22:07.711-0700][1201][info ][gc,start    ] GC(62) Pause Young (Prepare Mixed) (G1 Evacuation Pause)
[2025-10-13T23:22:07.711-0700][1201][info ][gc,task     ] GC(62) Using 113 workers of 113 for evacuation
[2025-10-13T23:22:07.724-0700][1201][debug][gc,remset   ] GC(62) Visited cards 11909632 Total dirty 46006272 (25.89%) Total old 371130368 (3.21%)
[2025-10-13T23:22:07.900-0700][1201][info ][gc,phases   ] GC(62)   Pre Evacuate Collection Set: 0.8ms
[2025-10-13T23:22:07.900-0700][1201][info ][gc,phases   ] GC(62)   Merge Heap Roots: 12.1ms
[2025-10-13T23:22:07.900-0700][1201][info ][gc,phases   ] GC(62)   Evacuate Collection Set: 162.8ms
[2025-10-13T23:22:07.900-0700][1201][info ][gc,phases   ] GC(62)   Post Evacuate Collection Set: 13.5ms
[2025-10-13T23:22:07.900-0700][1201][info ][gc,phases   ] GC(62)   Other: 0.2ms
[2025-10-13T23:22:07.900-0700][1201][debug][gc,remset   ] GC(62) Coarsening (recent): Inline->AoC 114750 (0) AoC->Howl 4075 (0) Howl->Full 0 (0) Inline->AoC 17607 (0) AoC->BitMap 4921 (0) BitMap->Full 0 (0) 
[2025-10-13T23:22:07.900-0700][1201][debug][gc,remset   ] GC(62) Coarsening (all): Inline->AoC 629524 (47) AoC->Howl 22172 (92) Howl->Full 0 (0) Inline->AoC 124642 (18) AoC->BitMap 26235 (54) BitMap->Full 0 (0) 
[2025-10-13T23:22:07.900-0700][1201][info ][gc,heap     ] GC(62) Eden regions: 2219->0(3298)
[2025-10-13T23:22:07.900-0700][1201][info ][gc,heap     ] GC(62) Survivor regions: 244->158(308)
[2025-10-13T23:22:07.900-0700][1201][info ][gc,heap     ] GC(62) Old regions: 724->816
[2025-10-13T23:22:07.900-0700][1201][info ][gc,heap     ] GC(62) Humongous regions: 13->0
[2025-10-13T23:22:07.900-0700][1201][info ][gc,metaspace] GC(62) Metaspace: 298461K(302848K)->298461K(302848K) NonClass: 264048K(266432K)->264048K(266432K) Class: 34412K(36416K)->34412K(36416K)
[2025-10-13T23:22:07.900-0700][1201][info ][gc          ] GC(62) Pause Young (Prepare Mixed) (G1 Evacuation Pause) 102367M->31135M(184320M) 189.596ms
[2025-10-13T23:22:07.901-0700][1201][info ][gc,cpu      ] GC(62) User=15.58s Sys=0.19s Real=0.19s
[2025-10-13T23:22:07.903-0700][1201][info ][safepoint   ] Safepoint "G1CollectForAllocation", Time since last: 400201522 ns, Reaching safepoint: 709359 ns, Cleanup: 31317 ns, At safepoint: 193017914 ns, Total: 193758590 ns
[2025-10-13T23:22:08.908-0700][1201][info ][safepoint   ] Safepoint "Cleanup", Time since last: 1000086351 ns, Reaching safepoint: 3992767 ns, Cleanup: 32298 ns, At safepoint: 1169803 ns, Total: 5194868 ns
[2025-10-13T23:22:09.909-0700][1201][info ][safepoint   ] Safepoint "Cleanup", Time since last: 1000116797 ns, Reaching safepoint: 727917 ns, Cleanup: 42434 ns, At safepoint: 760366 ns, Total: 1530717 ns
[2025-10-13T23:22:10.911-0700][1201][info ][safepoint   ] Safepoint "Cleanup", Time since last: 1000113643 ns, Reaching safepoint: 737651 ns, Cleanup: 46801 ns, At safepoint: 632152 ns, Total: 1416604 ns
[2025-10-13T23:22:11.918-0700][1201][info ][safepoint   ] Safepoint "Cleanup", Time since last: 1000117799 ns, Reaching safepoint: 5194417 ns, Cleanup: 74783 ns, At safepoint: 1582554 ns, Total: 6851754 ns
[2025-10-13T23:22:12.920-0700][1201][info ][safepoint   ] Safepoint "Cleanup", Time since last: 1000113663 ns, Reaching safepoint: 897683 ns, Cleanup: 32429 ns, At safepoint: 1227509 ns, Total: 2157621 ns
[2025-10-13T23:22:13.922-0700][1201][info ][safepoint   ] Safepoint "Cleanup", Time since last: 1000164279 ns, Reaching safepoint: 691612 ns, Cleanup: 14813 ns, At safepoint: 713835 ns, Total: 1420260 ns
[2025-10-13T23:22:14.940-0700][1201][info ][safepoint   ] Safepoint "Cleanup", Time since last: 1000117999 ns, Reaching safepoint: 15651144 ns, Cleanup: 172920 ns, At safepoint: 2357903 ns, Total: 18181967 ns
[2025-10-13T23:22:15.942-0700][1201][info ][safepoint   ] Safepoint "Cleanup", Time since last: 1000109306 ns, Reaching safepoint: 738533 ns, Cleanup: 97137 ns, At safepoint: 1058164 ns, Total: 1893834 ns
[2025-10-13T23:22:16.572-0700][1201][info ][gc,start    ] GC(63) Pause Young (Mixed) (G1 Evacuation Pause)
[2025-10-13T23:22:16.573-0700][1201][info ][gc,task     ] GC(63) Using 113 workers of 113 for evacuation
[2025-10-13T23:22:16.588-0700][1201][debug][gc,remset   ] GC(63) Visited cards 11195392 Total dirty 37355520 (29.97%) Total old 524091392 (2.14%)
[2025-10-13T23:22:16.773-0700][1201][info ][gc,mmu      ] GC(63) MMU target violated: 200.3ms (200.0ms/201.0ms)
[2025-10-13T23:22:16.773-0700][1201][info ][gc,phases   ] GC(63)   Pre Evacuate Collection Set: 0.8ms
[2025-10-13T23:22:16.773-0700][1201][info ][gc,phases   ] GC(63)   Merge Heap Roots: 14.7ms
[2025-10-13T23:22:16.773-0700][1201][info ][gc,phases   ] GC(63)   Evacuate Collection Set: 171.0ms
[2025-10-13T23:22:16.773-0700][1201][info ][gc,phases   ] GC(63)   Post Evacuate Collection Set: 13.7ms
[2025-10-13T23:22:16.773-0700][1201][info ][gc,phases   ] GC(63)   Other: 0.2ms
[2025-10-13T23:22:16.773-0700][1201][debug][gc,remset   ] GC(63) Coarsening (recent): Inline->AoC 28930 (0) AoC->Howl 127 (0) Howl->Full 0 (0) Inline->AoC 340 (0) AoC->BitMap 95 (0) BitMap->Full 0 (0) 
[2025-10-13T23:22:16.773-0700][1201][debug][gc,remset   ] GC(63) Coarsening (all): Inline->AoC 658454 (47) AoC->Howl 22299 (92) Howl->Full 0 (0) Inline->AoC 124982 (18) AoC->BitMap 26330 (54) BitMap->Full 0 (0) 
[2025-10-13T23:22:16.773-0700][1201][info ][gc,heap     ] GC(63) Eden regions: 3298->0(3249)
[2025-10-13T23:22:16.773-0700][1201][info ][gc,heap     ] GC(63) Survivor regions: 158->207(432)
[2025-10-13T23:22:16.773-0700][1201][info ][gc,heap     ] GC(63) Old regions: 816->586
[2025-10-13T23:22:16.773-0700][1201][info ][gc,heap     ] GC(63) Humongous regions: 23->1
[2025-10-13T23:22:16.773-0700][1201][info ][gc,metaspace] GC(63) Metaspace: 298835K(303296K)->298835K(303296K) NonClass: 264402K(266816K)->264402K(266816K) Class: 34433K(36480K)->34433K(36480K)
[2025-10-13T23:22:16.773-0700][1201][info ][gc          ] GC(63) Pause Young (Mixed) (G1 Evacuation Pause) 137407M->25356M(184320M) 200.541ms
[2025-10-13T23:22:16.774-0700][1201][info ][gc,cpu      ] GC(63) User=14.49s Sys=0.34s Real=0.20s
[2025-10-13T23:22:16.775-0700][1201][info ][safepoint   ] Safepoint "G1CollectForAllocation", Time since last: 628346566 ns, Reaching safepoint: 879716 ns, Cleanup: 42544 ns, At safepoint: 203832900 ns, Total: 204755160 ns
[2025-10-13T23:22:17.796-0700][1201][info ][safepoint   ] Safepoint "Cleanup", Time since last: 1000101884 ns, Reaching safepoint: 18909984 ns, Cleanup: 143877 ns, At safepoint: 2090160 ns, Total: 21144021 ns
[2025-10-13T23:22:18.799-0700][1201][info ][safepoint   ] Safepoint "Cleanup", Time since last: 1000153723 ns, Reaching safepoint: 1017813 ns, Cleanup: 61293 ns, At safepoint: 1098645 ns, Total: 2177751 ns
[2025-10-13T23:22:19.801-0700][1201][info ][safepoint   ] Safepoint "Cleanup", Time since last: 1000116827 ns, Reaching safepoint: 845653 ns, Cleanup: 64847 ns, At safepoint: 1114208 ns, Total: 2024708 ns
[2025-10-13T23:22:20.803-0700][1201][info ][safepoint   ] Safepoint "Cleanup", Time since last: 1000128399 ns, Reaching safepoint: 876369 ns, Cleanup: 72419 ns, At safepoint: 1075900 ns, Total: 2024688 ns
[2025-10-13T23:22:21.806-0700][1201][info ][safepoint   ] Safepoint "Cleanup", Time since last: 1000380008 ns, Reaching safepoint: 1335781 ns, Cleanup: 77176 ns, At safepoint: 1222801 ns, Total: 2635758 ns
[2025-10-13T23:22:22.808-0700][1201][info ][safepoint   ] Safepoint "Cleanup", Time since last: 1000118774 ns, Reaching safepoint: 818102 ns, Cleanup: 33570 ns, At safepoint: 602007 ns, Total: 1453679 ns
[2025-10-13T23:22:23.809-0700][1201][info ][safepoint   ] Safepoint "Cleanup", Time since last: 1000128308 ns, Reaching safepoint: 776609 ns, Cleanup: 43035 ns, At safepoint: 760455 ns, Total: 1580099 ns
[2025-10-13T23:22:24.914-0700][1201][info ][safepoint   ] Safepoint "Cleanup", Time since last: 1103835935 ns, Reaching safepoint: 866885 ns, Cleanup: 36806 ns, At safepoint: 288925 ns, Total: 1192616 ns
[2025-10-13T23:22:25.088-0700][1201][info ][gc,start    ] GC(64) Pause Young (Normal) (G1 Evacuation Pause)
[2025-10-13T23:22:25.088-0700][1201][info ][gc,task     ] GC(64) Using 113 workers of 113 for evacuation
[2025-10-13T23:22:25.101-0700][1201][debug][gc,remset   ] GC(64) Visited cards 9222656 Total dirty 37355520 (24.69%) Total old 492699648 (1.87%)
[2025-10-13T23:22:25.278-0700][1201][info ][gc,phases   ] GC(64)   Pre Evacuate Collection Set: 0.7ms
[2025-10-13T23:22:25.278-0700][1201][info ][gc,phases   ] GC(64)   Merge Heap Roots: 12.3ms
[2025-10-13T23:22:25.278-0700][1201][info ][gc,phases   ] GC(64)   Evacuate Collection Set: 163.8ms
[2025-10-13T23:22:25.278-0700][1201][info ][gc,phases   ] GC(64)   Post Evacuate Collection Set: 13.1ms
[2025-10-13T23:22:25.278-0700][1201][info ][gc,phases   ] GC(64)   Other: 0.2ms
[2025-10-13T23:22:25.278-0700][1201][debug][gc,remset   ] GC(64) Coarsening (recent): Inline->AoC 4382 (0) AoC->Howl 7 (1) Howl->Full 0 (0) Inline->AoC 32 (2) AoC->BitMap 2 (0) BitMap->Full 0 (0) 
[2025-10-13T23:22:25.278-0700][1201][debug][gc,remset   ] GC(64) Coarsening (all): Inline->AoC 662836 (47) AoC->Howl 22306 (93) Howl->Full 0 (0) Inline->AoC 125014 (20) AoC->BitMap 26332 (54) BitMap->Full 0 (0) 
[2025-10-13T23:22:25.278-0700][1201][info ][gc,heap     ] GC(64) Eden regions: 3249->0(2805)
[2025-10-13T23:22:25.278-0700][1201][info ][gc,heap     ] GC(64) Survivor regions: 207->249(432)
[2025-10-13T23:22:25.278-0700][1201][info ][gc,heap     ] GC(64) Old regions: 586->586
[2025-10-13T23:22:25.278-0700][1201][info ][gc,heap     ] GC(64) Humongous regions: 20->0
[2025-10-13T23:22:25.278-0700][1201][info ][gc,metaspace] GC(64) Metaspace: 299069K(303552K)->299069K(303552K) NonClass: 264624K(267072K)->264624K(267072K) Class: 34444K(36480K)->34444K(36480K)
[2025-10-13T23:22:25.278-0700][1201][info ][gc          ] GC(64) Pause Young (Normal) (G1 Evacuation Pause) 129932M->26691M(184320M) 190.213ms
[2025-10-13T23:22:25.279-0700][1201][info ][gc,cpu      ] GC(64) User=16.39s Sys=0.04s Real=0.20s
[2025-10-13T23:22:25.280-0700][1201][info ][safepoint   ] Safepoint "G1CollectForAllocation", Time since last: 171560993 ns, Reaching safepoint: 899304 ns, Cleanup: 16304 ns, At safepoint: 193576989 ns, Total: 194492597 ns
[2025-10-13T23:22:26.282-0700][1201][info ][safepoint   ] Safepoint "Cleanup", Time since last: 1000083491 ns, Reaching safepoint: 1568762 ns, Cleanup: 18828 ns, At safepoint: 242936 ns, Total: 1830526 ns
[2025-10-13T23:22:27.284-0700][1201][info ][safepoint   ] Safepoint "Cleanup", Time since last: 1000097773 ns, Reaching safepoint: 740885 ns, Cleanup: 50907 ns, At safepoint: 286081 ns, Total: 1077873 ns
[2025-10-13T23:22:28.285-0700][1201][info ][safepoint   ] Safepoint "Cleanup", Time since last: 1000095248 ns, Reaching safepoint: 788337 ns, Cleanup: 32299 ns, At safepoint: 492221 ns, Total: 1312857 ns
[2025-10-13T23:22:29.286-0700][1201][info ][safepoint   ] Safepoint "Cleanup", Time since last: 1000099926 ns, Reaching safepoint: 673003 ns, Cleanup: 43486 ns, At safepoint: 552842 ns, Total: 1269331 ns
[2025-10-13T23:22:30.288-0700][1201][info ][safepoint   ] Safepoint "Cleanup", Time since last: 1000093126 ns, Reaching safepoint: 840084 ns, Cleanup: 23916 ns, At safepoint: 889920 ns, Total: 1753920 ns
[2025-10-13T23:22:31.290-0700][1201][info ][safepoint   ] Safepoint "Cleanup", Time since last: 1000068899 ns, Reaching safepoint: 762278 ns, Cleanup: 30446 ns, At safepoint: 678862 ns, Total: 1471586 ns
[2025-10-13T23:22:32.292-0700][1201][info ][safepoint   ] Safepoint "Cleanup", Time since last: 1000104623 ns, Reaching safepoint: 865172 ns, Cleanup: 63095 ns, At safepoint: 1156922 ns, Total: 2085189 ns
[2025-10-13T23:22:33.537-0700][1201][info ][safepoint   ] Safepoint "Cleanup", Time since last: 1243702010 ns, Reaching safepoint: 739453 ns, Cleanup: 96015 ns, At safepoint: 205910 ns, Total: 1041378 ns
[2025-10-13T23:22:34.076-0700][1201][info ][safepoint   ] Safepoint "ICBufferFull", Time since last: 537801855 ns, Reaching safepoint: 845593 ns, Cleanup: 199911 ns, At safepoint: 727816 ns, Total: 1773320 ns
[2025-10-13T23:22:35.077-0700][1201][info ][safepoint   ] Safepoint "Cleanup", Time since last: 1000120397 ns, Reaching safepoint: 632672 ns, Cleanup: 141633 ns, At safepoint: 211649 ns, Total: 985954 ns
[2025-10-13T23:22:35.524-0700][1201][info ][gc,start    ] GC(65) Pause Young (Normal) (G1 Evacuation Pause)
[2025-10-13T23:22:35.524-0700][1201][info ][gc,task     ] GC(65) Using 113 workers of 113 for evacuation
[2025-10-13T23:22:35.538-0700][1201][debug][gc,remset   ] GC(65) Visited cards 9295104 Total dirty 37421056 (24.84%) Total old 492896256 (1.89%)
[2025-10-13T23:22:35.752-0700][1201][info ][gc,mmu      ] GC(65) MMU target violated: 201.0ms (200.0ms/201.0ms)
[2025-10-13T23:22:35.752-0700][1201][info ][gc,phases   ] GC(65)   Pre Evacuate Collection Set: 0.7ms
[2025-10-13T23:22:35.752-0700][1201][info ][gc,phases   ] GC(65)   Merge Heap Roots: 12.6ms
[2025-10-13T23:22:35.752-0700][1201][info ][gc,phases   ] GC(65)   Evacuate Collection Set: 201.3ms
[2025-10-13T23:22:35.752-0700][1201][info ][gc,phases   ] GC(65)   Post Evacuate Collection Set: 12.8ms
[2025-10-13T23:22:35.752-0700][1201][info ][gc,phases   ] GC(65)   Other: 0.2ms
[2025-10-13T23:22:35.752-0700][1201][debug][gc,remset   ] GC(65) Coarsening (recent): Inline->AoC 0 (0) AoC->Howl 0 (0) Howl->Full 0 (0) Inline->AoC 0 (0) AoC->BitMap 0 (0) BitMap->Full 0 (0) 
[2025-10-13T23:22:35.752-0700][1201][debug][gc,remset   ] GC(65) Coarsening (all): Inline->AoC 662836 (47) AoC->Howl 22306 (93) Howl->Full 0 (0) Inline->AoC 125014 (20) AoC->BitMap 26332 (54) BitMap->Full 0 (0) 
[2025-10-13T23:22:35.752-0700][1201][info ][gc,heap     ] GC(65) Eden regions: 3207->0(2692)
[2025-10-13T23:22:35.752-0700][1201][info ][gc,heap     ] GC(65) Survivor regions: 249->268(432)
[2025-10-13T23:22:35.752-0700][1201][info ][gc,heap     ] GC(65) Old regions: 586->601
[2025-10-13T23:22:35.752-0700][1201][info ][gc,heap     ] GC(65) Humongous regions: 23->0
[2025-10-13T23:22:35.752-0700][1201][info ][gc,metaspace] GC(65) Metaspace: 300093K(304768K)->300093K(304768K) NonClass: 265498K(268032K)->265498K(268032K) Class: 34594K(36736K)->34594K(36736K)
[2025-10-13T23:22:35.752-0700][1201][info ][gc          ] GC(65) Pause Young (Normal) (G1 Evacuation Pause) 130051M->27778M(184320M) 227.790ms
[2025-10-13T23:22:35.753-0700][1201][info ][gc,cpu      ] GC(65) User=17.27s Sys=0.09s Real=0.23s
[2025-10-13T23:22:35.754-0700][1201][info ][safepoint   ] Safepoint "G1CollectForAllocation", Time since last: 444832956 ns, Reaching safepoint: 741356 ns, Cleanup: 38919 ns, At safepoint: 231359733 ns, Total: 232140008 ns
[2025-10-13T23:22:36.755-0700][1201][info ][safepoint   ] Safepoint "Cleanup", Time since last: 1000078413 ns, Reaching safepoint: 661205 ns, Cleanup: 76976 ns, At safepoint: 83005 ns, Total: 821186 ns
[2025-10-13T23:22:37.760-0700][1201][info ][safepoint   ] Safepoint "Cleanup", Time since last: 1000111293 ns, Reaching safepoint: 3794353 ns, Cleanup: 140251 ns, At safepoint: 603238 ns, Total: 4537842 ns
[2025-10-13T23:22:38.761-0700][1201][info ][safepoint   ] Safepoint "Cleanup", Time since last: 1000114298 ns, Reaching safepoint: 755327 ns, Cleanup: 135274 ns, At safepoint: 612552 ns, Total: 1503153 ns
[2025-10-13T23:22:39.763-0700][1201][info ][safepoint   ] Safepoint "Cleanup", Time since last: 1000106796 ns, Reaching safepoint: 862108 ns, Cleanup: 39079 ns, At safepoint: 913105 ns, Total: 1814292 ns
[2025-10-13T23:22:40.766-0700][1201][info ][safepoint   ] Safepoint "Cleanup", Time since last: 1000107196 ns, Reaching safepoint: 901948 ns, Cleanup: 60181 ns, At safepoint: 1187518 ns, Total: 2149647 ns
[2025-10-13T23:22:41.706-0700][1201][info ][safepoint   ] Safepoint "ICBufferFull", Time since last: 938903802 ns, Reaching safepoint: 737761 ns, Cleanup: 143436 ns, At safepoint: 130536 ns, Total: 1011733 ns
[2025-10-13T23:22:42.707-0700][1201][info ][safepoint   ] Safepoint "Cleanup", Time since last: 1000109901 ns, Reaching safepoint: 777331 ns, Cleanup: 62554 ns, At safepoint: 377678 ns, Total: 1217563 ns
[2025-10-13T23:22:43.291-0700][1201][info ][gc,start    ] GC(66) Pause Young (Normal) (G1 Evacuation Pause)
[2025-10-13T23:22:43.291-0700][1201][info ][gc,task     ] GC(66) Using 113 workers of 113 for evacuation
[2025-10-13T23:22:43.304-0700][1201][debug][gc,remset   ] GC(66) Visited cards 9218560 Total dirty 37748736 (24.42%) Total old 484704256 (1.90%)
[2025-10-13T23:22:43.503-0700][1201][info ][gc,mmu      ] GC(66) MMU target violated: 201.0ms (200.0ms/201.0ms)
[2025-10-13T23:22:43.503-0700][1201][info ][gc,phases   ] GC(66)   Pre Evacuate Collection Set: 0.8ms
[2025-10-13T23:22:43.503-0700][1201][info ][gc,phases   ] GC(66)   Merge Heap Roots: 12.0ms
[2025-10-13T23:22:43.503-0700][1201][info ][gc,phases   ] GC(66)   Evacuate Collection Set: 186.8ms
[2025-10-13T23:22:43.503-0700][1201][info ][gc,phases   ] GC(66)   Post Evacuate Collection Set: 12.8ms
[2025-10-13T23:22:43.503-0700][1201][info ][gc,phases   ] GC(66)   Other: 0.2ms
[2025-10-13T23:22:43.503-0700][1201][debug][gc,remset   ] GC(66) Coarsening (recent): Inline->AoC 5095 (0) AoC->Howl 18 (0) Howl->Full 0 (0) Inline->AoC 88 (0) AoC->BitMap 5 (0) BitMap->Full 0 (0) 
[2025-10-13T23:22:43.503-0700][1201][debug][gc,remset   ] GC(66) Coarsening (all): Inline->AoC 667931 (47) AoC->Howl 22324 (93) Howl->Full 0 (0) Inline->AoC 125102 (20) AoC->BitMap 26337 (54) BitMap->Full 0 (0) 
[2025-10-13T23:22:43.503-0700][1201][info ][gc,heap     ] GC(66) Eden regions: 3120->0(2911)
[2025-10-13T23:22:43.503-0700][1201][info ][gc,heap     ] GC(66) Survivor regions: 268->234(424)
[2025-10-13T23:22:43.503-0700][1201][info ][gc,heap     ] GC(66) Old regions: 601->677
[2025-10-13T23:22:43.503-0700][1201][info ][gc,heap     ] GC(66) Humongous regions: 19->0
[2025-10-13T23:22:43.503-0700][1201][info ][gc,metaspace] GC(66) Metaspace: 300298K(304960K)->300298K(304960K) NonClass: 265682K(268224K)->265682K(268224K) Class: 34615K(36736K)->34615K(36736K)
[2025-10-13T23:22:43.503-0700][1201][info ][gc          ] GC(66) Pause Young (Normal) (G1 Evacuation Pause) 128226M->29130M(184320M) 212.776ms
[2025-10-13T23:22:43.505-0700][1201][info ][gc,cpu      ] GC(66) User=19.55s Sys=0.07s Real=0.21s
[2025-10-13T23:22:43.506-0700][1201][info ][safepoint   ] Safepoint "G1CollectForAllocation", Time since last: 574713317 ns, Reaching safepoint: 8022288 ns, Cleanup: 31478 ns, At safepoint: 216338998 ns, Total: 224392764 ns
[2025-10-13T23:22:44.507-0700][1201][info ][safepoint   ] Safepoint "Cleanup", Time since last: 1000081879 ns, Reaching safepoint: 1008828 ns, Cleanup: 33090 ns, At safepoint: 204889 ns, Total: 1246807 ns
[2025-10-13T23:22:45.508-0700][1201][info ][safepoint   ] Safepoint "Cleanup", Time since last: 1000093336 ns, Reaching safepoint: 640945 ns, Cleanup: 58888 ns, At safepoint: 252430 ns, Total: 952263 ns
[2025-10-13T23:22:46.510-0700][1201][info ][safepoint   ] Safepoint "Cleanup", Time since last: 1000104233 ns, Reaching safepoint: 1193446 ns, Cleanup: 37197 ns, At safepoint: 325209 ns, Total: 1555852 ns
[2025-10-13T23:22:47.511-0700][1201][info ][safepoint   ] Safepoint "Cleanup", Time since last: 1000103201 ns, Reaching safepoint: 771922 ns, Cleanup: 28203 ns, At safepoint: 507373 ns, Total: 1307498 ns
[2025-10-13T23:22:48.516-0700][1201][info ][safepoint   ] Safepoint "Cleanup", Time since last: 1000108990 ns, Reaching safepoint: 1148609 ns, Cleanup: 21723 ns, At safepoint: 3237224 ns, Total: 4407556 ns
[2025-10-13T23:22:49.518-0700][1201][info ][safepoint   ] Safepoint "Cleanup", Time since last: 1000115189 ns, Reaching safepoint: 771892 ns, Cleanup: 49074 ns, At safepoint: 789869 ns, Total: 1610835 ns
[2025-10-13T23:22:50.520-0700][1201][info ][safepoint   ] Safepoint "Cleanup", Time since last: 1000116881 ns, Reaching safepoint: 802118 ns, Cleanup: 25038 ns, At safepoint: 1032264 ns, Total: 1859420 ns
[2025-10-13T23:22:51.521-0700][1201][info ][safepoint   ] Safepoint "Cleanup", Time since last: 1000105584 ns, Reaching safepoint: 718171 ns, Cleanup: 31478 ns, At safepoint: 770970 ns, Total: 1520619 ns
[2025-10-13T23:22:52.524-0700][1201][info ][safepoint   ] Safepoint "Cleanup", Time since last: 1000109100 ns, Reaching safepoint: 1086005 ns, Cleanup: 35914 ns, At safepoint: 1658818 ns, Total: 2780737 ns
[2025-10-13T23:22:52.897-0700][1201][info ][gc,start    ] GC(67) Pause Young (Normal) (G1 Evacuation Pause)
[2025-10-13T23:22:52.897-0700][1201][info ][gc,task     ] GC(67) Using 113 workers of 113 for evacuation
[2025-10-13T23:22:52.910-0700][1201][debug][gc,remset   ] GC(67) Visited cards 9759232 Total dirty 42598400 (22.91%) Total old 479002624 (2.04%)
[2025-10-13T23:22:53.108-0700][1201][info ][gc,mmu      ] GC(67) MMU target violated: 201.0ms (200.0ms/201.0ms)
[2025-10-13T23:22:53.108-0700][1201][info ][gc,phases   ] GC(67)   Pre Evacuate Collection Set: 0.7ms
[2025-10-13T23:22:53.108-0700][1201][info ][gc,phases   ] GC(67)   Merge Heap Roots: 12.6ms
[2025-10-13T23:22:53.108-0700][1201][info ][gc,phases   ] GC(67)   Evacuate Collection Set: 186.4ms
[2025-10-13T23:22:53.108-0700][1201][info ][gc,phases   ] GC(67)   Post Evacuate Collection Set: 11.5ms
[2025-10-13T23:22:53.108-0700][1201][info ][gc,phases   ] GC(67)   Other: 0.2ms
[2025-10-13T23:22:53.108-0700][1201][debug][gc,remset   ] GC(67) Coarsening (recent): Inline->AoC 15180 (0) AoC->Howl 64 (0) Howl->Full 0 (0) Inline->AoC 239 (0) AoC->BitMap 34 (1) BitMap->Full 0 (0) 
[2025-10-13T23:22:53.108-0700][1201][debug][gc,remset   ] GC(67) Coarsening (all): Inline->AoC 683111 (47) AoC->Howl 22388 (93) Howl->Full 0 (0) Inline->AoC 125341 (20) AoC->BitMap 26371 (55) BitMap->Full 0 (0) 
[2025-10-13T23:22:53.108-0700][1201][info ][gc,heap     ] GC(67) Eden regions: 3077->0(3013)
[2025-10-13T23:22:53.108-0700][1201][info ][gc,heap     ] GC(67) Survivor regions: 234->225(414)
[2025-10-13T23:22:53.108-0700][1201][info ][gc,heap     ] GC(67) Old regions: 677->735
[2025-10-13T23:22:53.108-0700][1201][info ][gc,heap     ] GC(67) Humongous regions: 10->0
[2025-10-13T23:22:53.108-0700][1201][info ][gc,metaspace] GC(67) Metaspace: 300671K(305344K)->300671K(305344K) NonClass: 266031K(268544K)->266031K(268544K) Class: 34640K(36800K)->34640K(36800K)
[2025-10-13T23:22:53.108-0700][1201][info ][gc          ] GC(67) Pause Young (Normal) (G1 Evacuation Pause) 127914M->30720M(184320M) 211.597ms
[2025-10-13T23:22:53.109-0700][1201][info ][gc,cpu      ] GC(67) User=18.06s Sys=0.28s Real=0.22s
[2025-10-13T23:22:53.111-0700][1201][info ][safepoint   ] Safepoint "G1CollectForAllocation", Time since last: 370289327 ns, Reaching safepoint: 923200 ns, Cleanup: 7682 ns, At safepoint: 215209287 ns, Total: 216140169 ns
[2025-10-13T23:22:54.111-0700][1201][info ][safepoint   ] Safepoint "Cleanup", Time since last: 1000089119 ns, Reaching safepoint: 673494 ns, Cleanup: 29495 ns, At safepoint: 103285 ns, Total: 806274 ns
[2025-10-13T23:22:55.097-0700][1201][info ][safepoint   ] Safepoint "ICBufferFull", Time since last: 984695540 ns, Reaching safepoint: 738883 ns, Cleanup: 260943 ns, At safepoint: 143496 ns, Total: 1143322 ns
[2025-10-13T23:22:56.099-0700][1201][info ][safepoint   ] Safepoint "Cleanup", Time since last: 1000105959 ns, Reaching safepoint: 804893 ns, Cleanup: 173982 ns, At safepoint: 292681 ns, Total: 1271556 ns
[2025-10-13T23:22:57.100-0700][1201][info ][safepoint   ] Safepoint "Cleanup", Time since last: 1000108173 ns, Reaching safepoint: 731011 ns, Cleanup: 128764 ns, At safepoint: 157878 ns, Total: 1017653 ns
[2025-10-13T23:22:58.102-0700][1201][info ][safepoint   ] Safepoint "Cleanup", Time since last: 1000136004 ns, Reaching safepoint: 994248 ns, Cleanup: 62975 ns, At safepoint: 1014178 ns, Total: 2071401 ns
[2025-10-13T23:22:59.103-0700][1201][info ][safepoint   ] Safepoint "Cleanup", Time since last: 1000118038 ns, Reaching safepoint: 861958 ns, Cleanup: 47923 ns, At safepoint: 289326 ns, Total: 1199207 ns
[2025-10-13T23:23:00.105-0700][1201][info ][safepoint   ] Safepoint "Cleanup", Time since last: 1000118708 ns, Reaching safepoint: 772083 ns, Cleanup: 27081 ns, At safepoint: 417088 ns, Total: 1216252 ns
[2025-10-13T23:23:01.109-0700][1201][info ][safepoint   ] Safepoint "Cleanup", Time since last: 1000106470 ns, Reaching safepoint: 2988113 ns, Cleanup: 29294 ns, At safepoint: 1143573 ns, Total: 4160980 ns
[2025-10-13T23:23:01.177-0700][1201][info ][gc,start    ] GC(68) Pause Young (Normal) (G1 Evacuation Pause)
[2025-10-13T23:23:01.177-0700][1201][info ][gc,task     ] GC(68) Using 113 workers of 113 for evacuation
[2025-10-13T23:23:01.190-0700][1201][debug][gc,remset   ] GC(68) Visited cards 9917696 Total dirty 46006272 (21.56%) Total old 498204672 (1.99%)
[2025-10-13T23:23:01.370-0700][1201][info ][gc,phases   ] GC(68)   Pre Evacuate Collection Set: 0.8ms
[2025-10-13T23:23:01.370-0700][1201][info ][gc,phases   ] GC(68)   Merge Heap Roots: 12.3ms
[2025-10-13T23:23:01.370-0700][1201][info ][gc,phases   ] GC(68)   Evacuate Collection Set: 167.5ms
[2025-10-13T23:23:01.370-0700][1201][info ][gc,phases   ] GC(68)   Post Evacuate Collection Set: 12.2ms
[2025-10-13T23:23:01.370-0700][1201][info ][gc,phases   ] GC(68)   Other: 0.2ms
[2025-10-13T23:23:01.370-0700][1201][debug][gc,remset   ] GC(68) Coarsening (recent): Inline->AoC 12710 (0) AoC->Howl 40 (0) Howl->Full 0 (0) Inline->AoC 164 (0) AoC->BitMap 24 (1) BitMap->Full 0 (0) 
[2025-10-13T23:23:01.370-0700][1201][debug][gc,remset   ] GC(68) Coarsening (all): Inline->AoC 695821 (47) AoC->Howl 22428 (93) Howl->Full 0 (0) Inline->AoC 125505 (20) AoC->BitMap 26395 (56) BitMap->Full 0 (0) 
[2025-10-13T23:23:01.370-0700][1201][info ][gc,heap     ] GC(68) Eden regions: 3197->0(2868)
[2025-10-13T23:23:01.370-0700][1201][info ][gc,heap     ] GC(68) Survivor regions: 225->251(428)
[2025-10-13T23:23:01.370-0700][1201][info ][gc,heap     ] GC(68) Old regions: 735->735
[2025-10-13T23:23:01.370-0700][1201][info ][gc,heap     ] GC(68) Humongous regions: 23->1
[2025-10-13T23:23:01.370-0700][1201][info ][gc,metaspace] GC(68) Metaspace: 302104K(306816K)->302104K(306816K) NonClass: 267288K(269824K)->267288K(269824K) Class: 34815K(36992K)->34815K(36992K)
[2025-10-13T23:23:01.370-0700][1201][info ][gc          ] GC(68) Pause Young (Normal) (G1 Evacuation Pause) 133759M->31584M(184320M) 193.118ms
[2025-10-13T23:23:01.371-0700][1201][info ][gc,cpu      ] GC(68) User=15.57s Sys=0.08s Real=0.20s
[2025-10-13T23:23:01.372-0700][1201][info ][safepoint   ] Safepoint "G1CollectForAllocation", Time since last: 56191637 ns, Reaching safepoint: 10500492 ns, Cleanup: 6960 ns, At safepoint: 196372316 ns, Total: 206879768 ns
[2025-10-13T23:23:03.132-0700][1201][info ][safepoint   ] Safepoint "Cleanup", Time since last: 1759325300 ns, Reaching safepoint: 694557 ns, Cleanup: 85258 ns, At safepoint: 205430 ns, Total: 985245 ns
[2025-10-13T23:23:04.134-0700][1201][info ][safepoint   ] Safepoint "Cleanup", Time since last: 1000112338 ns, Reaching safepoint: 903121 ns, Cleanup: 61763 ns, At safepoint: 193171 ns, Total: 1158055 ns
[2025-10-13T23:23:05.135-0700][1201][info ][safepoint   ] Safepoint "Cleanup", Time since last: 1000103225 ns, Reaching safepoint: 801968 ns, Cleanup: 19520 ns, At safepoint: 344018 ns, Total: 1165506 ns
[2025-10-13T23:23:07.136-0700][1201][info ][safepoint   ] Safepoint "Cleanup", Time since last: 2000172779 ns, Reaching safepoint: 763551 ns, Cleanup: 16304 ns, At safepoint: 139400 ns, Total: 919255 ns
[2025-10-13T23:23:08.137-0700][1201][info ][safepoint   ] Safepoint "Cleanup", Time since last: 1000099099 ns, Reaching safepoint: 786085 ns, Cleanup: 12639 ns, At safepoint: 257558 ns, Total: 1056282 ns
[2025-10-13T23:23:09.138-0700][1201][info ][safepoint   ] Safepoint "Cleanup", Time since last: 1000112449 ns, Reaching safepoint: 775528 ns, Cleanup: 19429 ns, At safepoint: 366523 ns, Total: 1161480 ns
[2025-10-13T23:23:10.140-0700][1201][info ][safepoint   ] Safepoint "Cleanup", Time since last: 1000131928 ns, Reaching safepoint: 792183 ns, Cleanup: 40892 ns, At safepoint: 290408 ns, Total: 1123483 ns
[2025-10-13T23:23:11.141-0700][1201][info ][safepoint   ] Safepoint "Cleanup", Time since last: 1000143595 ns, Reaching safepoint: 700155 ns, Cleanup: 54783 ns, At safepoint: 404459 ns, Total: 1159397 ns
[2025-10-13T23:23:12.143-0700][1201][info ][safepoint   ] Safepoint "Cleanup", Time since last: 1000115123 ns, Reaching safepoint: 842099 ns, Cleanup: 32859 ns, At safepoint: 685213 ns, Total: 1560171 ns
[2025-10-13T23:23:13.144-0700][1201][info ][safepoint   ] Safepoint "Cleanup", Time since last: 1000130215 ns, Reaching safepoint: 762029 ns, Cleanup: 38157 ns, At safepoint: 810942 ns, Total: 1611128 ns
[2025-10-13T23:23:14.003-0700][1201][info ][gc,start    ] GC(69) Pause Young (Normal) (G1 Evacuation Pause)
[2025-10-13T23:23:14.003-0700][1201][info ][gc,task     ] GC(69) Using 113 workers of 113 for evacuation
[2025-10-13T23:23:14.017-0700][1201][debug][gc,remset   ] GC(69) Visited cards 9922304 Total dirty 46006272 (21.57%) Total old 489750528 (2.03%)
[2025-10-13T23:23:14.194-0700][1201][info ][gc,phases   ] GC(69)   Pre Evacuate Collection Set: 0.7ms
[2025-10-13T23:23:14.194-0700][1201][info ][gc,phases   ] GC(69)   Merge Heap Roots: 12.7ms
[2025-10-13T23:23:14.194-0700][1201][info ][gc,phases   ] GC(69)   Evacuate Collection Set: 165.2ms
[2025-10-13T23:23:14.194-0700][1201][info ][gc,phases   ] GC(69)   Post Evacuate Collection Set: 12.4ms
[2025-10-13T23:23:14.194-0700][1201][info ][gc,phases   ] GC(69)   Other: 0.2ms
[2025-10-13T23:23:14.194-0700][1201][debug][gc,remset   ] GC(69) Coarsening (recent): Inline->AoC 6409 (0) AoC->Howl 16 (0) Howl->Full 0 (0) Inline->AoC 83 (0) AoC->BitMap 15 (0) BitMap->Full 0 (0) 
[2025-10-13T23:23:14.194-0700][1201][debug][gc,remset   ] GC(69) Coarsening (all): Inline->AoC 702230 (47) AoC->Howl 22444 (93) Howl->Full 0 (0) Inline->AoC 125588 (20) AoC->BitMap 26410 (56) BitMap->Full 0 (0) 
[2025-10-13T23:23:14.194-0700][1201][info ][gc,heap     ] GC(69) Eden regions: 3110->0(3163)
[2025-10-13T23:23:14.194-0700][1201][info ][gc,heap     ] GC(69) Survivor regions: 251->240(421)
[2025-10-13T23:23:14.194-0700][1201][info ][gc,heap     ] GC(69) Old regions: 735->782
[2025-10-13T23:23:14.194-0700][1201][info ][gc,heap     ] GC(69) Humongous regions: 16->0
[2025-10-13T23:23:14.194-0700][1201][info ][gc,metaspace] GC(69) Metaspace: 302915K(307648K)->302915K(307648K) NonClass: 268004K(270528K)->268004K(270528K) Class: 34911K(37120K)->34911K(37120K)
[2025-10-13T23:23:14.194-0700][1201][info ][gc          ] GC(69) Pause Young (Normal) (G1 Evacuation Pause) 131584M->32685M(184320M) 191.257ms
[2025-10-13T23:23:14.196-0700][1201][info ][gc,cpu      ] GC(69) User=18.35s Sys=0.05s Real=0.19s
[2025-10-13T23:23:14.197-0700][1201][info ][safepoint   ] Safepoint "G1CollectForAllocation", Time since last: 856893132 ns, Reaching safepoint: 730210 ns, Cleanup: 39049 ns, At safepoint: 194560065 ns, Total: 195329324 ns
[2025-10-13T23:23:15.210-0700][1201][info ][safepoint   ] Safepoint "Cleanup", Time since last: 1000081272 ns, Reaching safepoint: 11411464 ns, Cleanup: 29965 ns, At safepoint: 1739241 ns, Total: 13180670 ns
[2025-10-13T23:23:16.211-0700][1201][info ][safepoint   ] Safepoint "Cleanup", Time since last: 1000105789 ns, Reaching safepoint: 720876 ns, Cleanup: 53861 ns, At safepoint: 633865 ns, Total: 1408602 ns
[2025-10-13T23:23:17.213-0700][1201][info ][safepoint   ] Safepoint "Cleanup", Time since last: 1000099520 ns, Reaching safepoint: 682949 ns, Cleanup: 30806 ns, At safepoint: 758343 ns, Total: 1472098 ns
[2025-10-13T23:23:18.214-0700][1201][info ][safepoint   ] Safepoint "Cleanup", Time since last: 1000103335 ns, Reaching safepoint: 725323 ns, Cleanup: 12498 ns, At safepoint: 673525 ns, Total: 1411346 ns
[2025-10-13T23:23:19.887-0700][1201][info ][safepoint   ] Safepoint "Cleanup", Time since last: 1671391996 ns, Reaching safepoint: 669939 ns, Cleanup: 81583 ns, At safepoint: 101423 ns, Total: 852945 ns
[2025-10-13T23:23:20.888-0700][1201][info ][safepoint   ] Safepoint "Cleanup", Time since last: 1000100070 ns, Reaching safepoint: 688337 ns, Cleanup: 49725 ns, At safepoint: 103366 ns, Total: 841428 ns
[2025-10-13T23:23:21.889-0700][1201][info ][safepoint   ] Safepoint "Cleanup", Time since last: 1000108763 ns, Reaching safepoint: 653365 ns, Cleanup: 44567 ns, At safepoint: 127953 ns, Total: 825885 ns
[2025-10-13T23:23:22.890-0700][1201][info ][safepoint   ] Safepoint "Cleanup", Time since last: 1000105728 ns, Reaching safepoint: 668388 ns, Cleanup: 18317 ns, At safepoint: 151869 ns, Total: 838574 ns
[2025-10-13T23:23:23.891-0700][1201][info ][safepoint   ] Safepoint "Cleanup", Time since last: 1000097877 ns, Reaching safepoint: 818784 ns, Cleanup: 18618 ns, At safepoint: 271068 ns, Total: 1108470 ns
[2025-10-13T23:23:25.227-0700][1201][info ][safepoint   ] Safepoint "Cleanup", Time since last: 1335341858 ns, Reaching safepoint: 705602 ns, Cleanup: 69504 ns, At safepoint: 618712 ns, Total: 1393818 ns
[2025-10-13T23:23:26.249-0700][1201][info ][safepoint   ] Safepoint "Cleanup", Time since last: 1000115596 ns, Reaching safepoint: 18806516 ns, Cleanup: 98518 ns, At safepoint: 2445401 ns, Total: 21350435 ns
[2025-10-13T23:23:27.251-0700][1201][info ][safepoint   ] Safepoint "Cleanup", Time since last: 1000125051 ns, Reaching safepoint: 1026835 ns, Cleanup: 33741 ns, At safepoint: 1015338 ns, Total: 2075914 ns
[2025-10-13T23:23:27.488-0700][1201][info ][gc,start    ] GC(70) Pause Young (Normal) (G1 Evacuation Pause)
[2025-10-13T23:23:27.488-0700][1201][info ][gc,task     ] GC(70) Using 113 workers of 113 for evacuation
[2025-10-13T23:23:27.501-0700][1201][debug][gc,remset   ] GC(70) Visited cards 10128896 Total dirty 48955392 (20.69%) Total old 505675776 (2.00%)
[2025-10-13T23:23:27.683-0700][1201][info ][gc,phases   ] GC(70)   Pre Evacuate Collection Set: 0.7ms
[2025-10-13T23:23:27.683-0700][1201][info ][gc,phases   ] GC(70)   Merge Heap Roots: 12.6ms
[2025-10-13T23:23:27.683-0700][1201][info ][gc,phases   ] GC(70)   Evacuate Collection Set: 169.2ms
[2025-10-13T23:23:27.683-0700][1201][info ][gc,phases   ] GC(70)   Post Evacuate Collection Set: 12.3ms
[2025-10-13T23:23:27.683-0700][1201][info ][gc,phases   ] GC(70)   Other: 0.2ms
[2025-10-13T23:23:27.683-0700][1201][debug][gc,remset   ] GC(70) Coarsening (recent): Inline->AoC 17107 (0) AoC->Howl 78 (0) Howl->Full 0 (0) Inline->AoC 297 (0) AoC->BitMap 58 (0) BitMap->Full 0 (0) 
[2025-10-13T23:23:27.683-0700][1201][debug][gc,remset   ] GC(70) Coarsening (all): Inline->AoC 719337 (47) AoC->Howl 22522 (93) Howl->Full 0 (0) Inline->AoC 125885 (20) AoC->BitMap 26468 (56) BitMap->Full 0 (0) 
[2025-10-13T23:23:27.683-0700][1201][info ][gc,heap     ] GC(70) Eden regions: 3216->0(3227)
[2025-10-13T23:23:27.683-0700][1201][info ][gc,heap     ] GC(70) Survivor regions: 240->229(432)
[2025-10-13T23:23:27.683-0700][1201][info ][gc,heap     ] GC(70) Old regions: 782->828
[2025-10-13T23:23:27.683-0700][1201][info ][gc,heap     ] GC(70) Humongous regions: 22->0
[2025-10-13T23:23:27.683-0700][1201][info ][gc,metaspace] GC(70) Metaspace: 303656K(308352K)->303656K(308352K) NonClass: 268648K(271168K)->268648K(271168K) Class: 35007K(37184K)->35007K(37184K)
[2025-10-13T23:23:27.683-0700][1201][info ][gc          ] GC(70) Pause Young (Normal) (G1 Evacuation Pause) 136301M->33778M(184320M) 195.085ms
[2025-10-13T23:23:27.684-0700][1201][info ][gc,cpu      ] GC(70) User=16.60s Sys=0.16s Real=0.20s
[2025-10-13T23:23:27.685-0700][1201][info ][safepoint   ] Safepoint "G1CollectForAllocation", Time since last: 234781698 ns, Reaching safepoint: 623378 ns, Cleanup: 26010 ns, At safepoint: 198409064 ns, Total: 199058452 ns
[2025-10-13T23:23:28.694-0700][1201][info ][safepoint   ] Safepoint "Cleanup", Time since last: 1000078530 ns, Reaching safepoint: 7169732 ns, Cleanup: 82834 ns, At safepoint: 2143567 ns, Total: 9396133 ns
[2025-10-13T23:23:29.696-0700][1201][info ][safepoint   ] Safepoint "Cleanup", Time since last: 1000114605 ns, Reaching safepoint: 763649 ns, Cleanup: 43886 ns, At safepoint: 860105 ns, Total: 1667640 ns
[2025-10-13T23:23:30.698-0700][1201][info ][safepoint   ] Safepoint "Cleanup", Time since last: 1000132552 ns, Reaching safepoint: 775337 ns, Cleanup: 10325 ns, At safepoint: 988108 ns, Total: 1773770 ns
[2025-10-13T23:23:31.700-0700][1201][info ][safepoint   ] Safepoint "Cleanup", Time since last: 1000106533 ns, Reaching safepoint: 783699 ns, Cleanup: 20581 ns, At safepoint: 1231223 ns, Total: 2035503 ns
[2025-10-13T23:23:32.703-0700][1201][info ][safepoint   ] Safepoint "Cleanup", Time since last: 1000122407 ns, Reaching safepoint: 881557 ns, Cleanup: 32259 ns, At safepoint: 1950135 ns, Total: 2863951 ns
[2025-10-13T23:23:33.705-0700][1201][info ][safepoint   ] Safepoint "Cleanup", Time since last: 1000129367 ns, Reaching safepoint: 775487 ns, Cleanup: 10296 ns, At safepoint: 729588 ns, Total: 1515371 ns
[2025-10-13T23:23:34.708-0700][1201][info ][safepoint   ] Safepoint "Cleanup", Time since last: 1000110399 ns, Reaching safepoint: 1517494 ns, Cleanup: 24036 ns, At safepoint: 1804245 ns, Total: 3345775 ns
[2025-10-13T23:23:35.711-0700][1201][info ][safepoint   ] Safepoint "Cleanup", Time since last: 1000119162 ns, Reaching safepoint: 1906400 ns, Cleanup: 84227 ns, At safepoint: 719973 ns, Total: 2710600 ns
[2025-10-13T23:23:36.344-0700][1201][info ][gc,start    ] GC(71) Pause Young (Normal) (G1 Evacuation Pause)
[2025-10-13T23:23:36.344-0700][1201][info ][gc,task     ] GC(71) Using 113 workers of 113 for evacuation
[2025-10-13T23:23:36.359-0700][1201][debug][gc,remset   ] GC(71) Visited cards 10905088 Total dirty 51707904 (21.09%) Total old 508690432 (2.14%)
[2025-10-13T23:23:36.571-0700][1201][info ][gc,mmu      ] GC(71) MMU target violated: 201.0ms (200.0ms/201.0ms)
[2025-10-13T23:23:36.571-0700][1201][info ][gc,phases   ] GC(71)   Pre Evacuate Collection Set: 1.0ms
[2025-10-13T23:23:36.571-0700][1201][info ][gc,phases   ] GC(71)   Merge Heap Roots: 14.1ms
[2025-10-13T23:23:36.571-0700][1201][info ][gc,phases   ] GC(71)   Evacuate Collection Set: 196.1ms
[2025-10-13T23:23:36.571-0700][1201][info ][gc,phases   ] GC(71)   Post Evacuate Collection Set: 16.1ms
[2025-10-13T23:23:36.571-0700][1201][info ][gc,phases   ] GC(71)   Other: 0.2ms
[2025-10-13T23:23:36.571-0700][1201][debug][gc,remset   ] GC(71) Coarsening (recent): Inline->AoC 24551 (2) AoC->Howl 83 (0) Howl->Full 0 (0) Inline->AoC 315 (0) AoC->BitMap 56 (0) BitMap->Full 0 (0) 
[2025-10-13T23:23:36.571-0700][1201][debug][gc,remset   ] GC(71) Coarsening (all): Inline->AoC 743888 (49) AoC->Howl 22605 (93) Howl->Full 0 (0) Inline->AoC 126200 (20) AoC->BitMap 26524 (56) BitMap->Full 0 (0) 
[2025-10-13T23:23:36.571-0700][1201][info ][gc,heap     ] GC(71) Eden regions: 3227->0(2573)
[2025-10-13T23:23:36.571-0700][1201][info ][gc,heap     ] GC(71) Survivor regions: 229->273(432)
[2025-10-13T23:23:36.571-0700][1201][info ][gc,heap     ] GC(71) Old regions: 828->828
[2025-10-13T23:23:36.571-0700][1201][info ][gc,heap     ] GC(71) Humongous regions: 22->0
[2025-10-13T23:23:36.571-0700][1201][info ][gc,metaspace] GC(71) Metaspace: 303839K(308608K)->303839K(308608K) NonClass: 268806K(271360K)->268806K(271360K) Class: 35032K(37248K)->35032K(37248K)
[2025-10-13T23:23:36.571-0700][1201][info ][gc          ] GC(71) Pause Young (Normal) (G1 Evacuation Pause) 137746M->35202M(184320M) 227.566ms
[2025-10-13T23:23:36.572-0700][1201][info ][gc,cpu      ] GC(71) User=17.66s Sys=0.22s Real=0.23s
[2025-10-13T23:23:36.574-0700][1201][info ][safepoint   ] Safepoint "G1CollectForAllocation", Time since last: 630206570 ns, Reaching safepoint: 887485 ns, Cleanup: 33040 ns, At safepoint: 231277083 ns, Total: 232197608 ns
[2025-10-13T23:23:37.574-0700][1201][info ][safepoint   ] Safepoint "Cleanup", Time since last: 1000089167 ns, Reaching safepoint: 659323 ns, Cleanup: 26880 ns, At safepoint: 92509 ns, Total: 778712 ns
[2025-10-13T23:23:39.576-0700][1201][info ][safepoint   ] Safepoint "Cleanup", Time since last: 2000163001 ns, Reaching safepoint: 765022 ns, Cleanup: 12749 ns, At safepoint: 220051 ns, Total: 997822 ns
[2025-10-13T23:23:40.577-0700][1201][info ][safepoint   ] Safepoint "Cleanup", Time since last: 1000110689 ns, Reaching safepoint: 832784 ns, Cleanup: 11437 ns, At safepoint: 269285 ns, Total: 1113506 ns
[2025-10-13T23:23:41.578-0700][1201][info ][safepoint   ] Safepoint "Cleanup", Time since last: 1000132482 ns, Reaching safepoint: 838062 ns, Cleanup: 15263 ns, At safepoint: 353792 ns, Total: 1207117 ns
[2025-10-13T23:23:42.580-0700][1201][info ][safepoint   ] Safepoint "Cleanup", Time since last: 1000159172 ns, Reaching safepoint: 851141 ns, Cleanup: 57397 ns, At safepoint: 265640 ns, Total: 1174178 ns
[2025-10-13T23:23:43.581-0700][1201][info ][safepoint   ] Safepoint "Cleanup", Time since last: 1000109828 ns, Reaching safepoint: 709708 ns, Cleanup: 16495 ns, At safepoint: 238428 ns, Total: 964631 ns
[2025-10-13T23:23:44.069-0700][1201][info ][gc,start    ] GC(72) Pause Young (Normal) (G1 Evacuation Pause)
[2025-10-13T23:23:44.069-0700][1201][info ][gc,task     ] GC(72) Using 113 workers of 113 for evacuation
[2025-10-13T23:23:44.083-0700][1201][debug][gc,remset   ] GC(72) Visited cards 10904576 Total dirty 51642368 (21.12%) Total old 430440448 (2.53%)
[2025-10-13T23:23:44.267-0700][1201][info ][gc,phases   ] GC(72)   Pre Evacuate Collection Set: 0.7ms
[2025-10-13T23:23:44.267-0700][1201][info ][gc,phases   ] GC(72)   Merge Heap Roots: 13.3ms
[2025-10-13T23:23:44.267-0700][1201][info ][gc,phases   ] GC(72)   Evacuate Collection Set: 169.7ms
[2025-10-13T23:23:44.267-0700][1201][info ][gc,phases   ] GC(72)   Post Evacuate Collection Set: 14.3ms
[2025-10-13T23:23:44.267-0700][1201][info ][gc,phases   ] GC(72)   Other: 0.2ms
[2025-10-13T23:23:44.267-0700][1201][debug][gc,remset   ] GC(72) Coarsening (recent): Inline->AoC 23115 (0) AoC->Howl 91 (0) Howl->Full 0 (0) Inline->AoC 429 (0) AoC->BitMap 47 (0) BitMap->Full 0 (0) 
[2025-10-13T23:23:44.267-0700][1201][debug][gc,remset   ] GC(72) Coarsening (all): Inline->AoC 767003 (49) AoC->Howl 22696 (93) Howl->Full 0 (0) Inline->AoC 126629 (20) AoC->BitMap 26571 (56) BitMap->Full 0 (0) 
[2025-10-13T23:23:44.267-0700][1201][info ][gc,heap     ] GC(72) Eden regions: 2593->0(3246)
[2025-10-13T23:23:44.267-0700][1201][info ][gc,heap     ] GC(72) Survivor regions: 273->210(359)
[2025-10-13T23:23:44.267-0700][1201][info ][gc,heap     ] GC(72) Old regions: 828->909
[2025-10-13T23:23:44.267-0700][1201][info ][gc,heap     ] GC(72) Humongous regions: 8->0
[2025-10-13T23:23:44.267-0700][1201][info ][gc,metaspace] GC(72) Metaspace: 303990K(308736K)->303990K(308736K) NonClass: 268957K(271488K)->268957K(271488K) Class: 35032K(37248K)->35032K(37248K)
[2025-10-13T23:23:44.267-0700][1201][info ][gc          ] GC(72) Pause Young (Normal) (G1 Evacuation Pause) 118434M->35761M(184320M) 198.384ms
[2025-10-13T23:23:44.269-0700][1201][info ][gc,cpu      ] GC(72) User=17.80s Sys=0.35s Real=0.20s
[2025-10-13T23:23:44.270-0700][1201][info ][safepoint   ] Safepoint "G1CollectForAllocation", Time since last: 486633108 ns, Reaching safepoint: 768467 ns, Cleanup: 16395 ns, At safepoint: 201668519 ns, Total: 202453381 ns
[2025-10-13T23:23:45.271-0700][1201][info ][safepoint   ] Safepoint "Cleanup", Time since last: 1000089838 ns, Reaching safepoint: 720785 ns, Cleanup: 48373 ns, At safepoint: 148383 ns, Total: 917541 ns
[2025-10-13T23:23:46.272-0700][1201][info ][safepoint   ] Safepoint "Cleanup", Time since last: 1000108026 ns, Reaching safepoint: 711090 ns, Cleanup: 30326 ns, At safepoint: 111537 ns, Total: 852953 ns
[2025-10-13T23:23:47.273-0700][1201][info ][safepoint   ] Safepoint "Cleanup", Time since last: 1000101005 ns, Reaching safepoint: 760845 ns, Cleanup: 40391 ns, At safepoint: 240492 ns, Total: 1041728 ns
[2025-10-13T23:23:48.274-0700][1201][info ][safepoint   ] Safepoint "Cleanup", Time since last: 1000104862 ns, Reaching safepoint: 765473 ns, Cleanup: 50656 ns, At safepoint: 327364 ns, Total: 1143493 ns
[2025-10-13T23:23:49.276-0700][1201][info ][safepoint   ] Safepoint "Cleanup", Time since last: 1000103517 ns, Reaching safepoint: 860516 ns, Cleanup: 25198 ns, At safepoint: 795819 ns, Total: 1681533 ns
[2025-10-13T23:23:50.278-0700][1201][info ][safepoint   ] Safepoint "Cleanup", Time since last: 1000237619 ns, Reaching safepoint: 978424 ns, Cleanup: 18358 ns, At safepoint: 982690 ns, Total: 1979472 ns
[2025-10-13T23:23:51.280-0700][1201][info ][safepoint   ] Safepoint "Cleanup", Time since last: 1000135466 ns, Reaching safepoint: 692323 ns, Cleanup: 17706 ns, At safepoint: 829210 ns, Total: 1539239 ns
[2025-10-13T23:23:52.282-0700][1201][info ][safepoint   ] Safepoint "Cleanup", Time since last: 1000104568 ns, Reaching safepoint: 890292 ns, Cleanup: 26930 ns, At safepoint: 988449 ns, Total: 1905671 ns
[2025-10-13T23:23:53.284-0700][1201][info ][safepoint   ] Safepoint "Cleanup", Time since last: 1000111650 ns, Reaching safepoint: 1059887 ns, Cleanup: 27451 ns, At safepoint: 1330074 ns, Total: 2417412 ns
[2025-10-13T23:23:54.286-0700][1201][info ][safepoint   ] Safepoint "Cleanup", Time since last: 1000111158 ns, Reaching safepoint: 979817 ns, Cleanup: 17256 ns, At safepoint: 1044103 ns, Total: 2041176 ns
[2025-10-13T23:23:54.798-0700][1201][info ][gc,start    ] GC(73) Pause Young (Normal) (G1 Evacuation Pause)
[2025-10-13T23:23:54.798-0700][1201][info ][gc,task     ] GC(73) Using 113 workers of 113 for evacuation
[2025-10-13T23:23:54.812-0700][1201][debug][gc,remset   ] GC(73) Visited cards 10481152 Total dirty 56557568 (18.53%) Total old 513474560 (2.04%)
[2025-10-13T23:23:54.981-0700][1201][info ][gc,phases   ] GC(73)   Pre Evacuate Collection Set: 0.8ms
[2025-10-13T23:23:54.981-0700][1201][info ][gc,phases   ] GC(73)   Merge Heap Roots: 13.1ms
[2025-10-13T23:23:54.981-0700][1201][info ][gc,phases   ] GC(73)   Evacuate Collection Set: 153.7ms
[2025-10-13T23:23:54.981-0700][1201][info ][gc,phases   ] GC(73)   Post Evacuate Collection Set: 15.5ms
[2025-10-13T23:23:54.981-0700][1201][info ][gc,phases   ] GC(73)   Other: 0.2ms
[2025-10-13T23:23:54.981-0700][1201][debug][gc,remset   ] GC(73) Coarsening (recent): Inline->AoC 26691 (0) AoC->Howl 110 (0) Howl->Full 0 (0) Inline->AoC 440 (0) AoC->BitMap 54 (0) BitMap->Full 0 (0) 
[2025-10-13T23:23:54.981-0700][1201][debug][gc,remset   ] GC(73) Coarsening (all): Inline->AoC 793694 (49) AoC->Howl 22806 (93) Howl->Full 0 (0) Inline->AoC 127069 (20) AoC->BitMap 26625 (56) BitMap->Full 0 (0) 
[2025-10-13T23:23:54.981-0700][1201][info ][gc,heap     ] GC(73) Eden regions: 3246->0(3226)
[2025-10-13T23:23:54.981-0700][1201][info ][gc,heap     ] GC(73) Survivor regions: 210->230(432)
[2025-10-13T23:23:54.981-0700][1201][info ][gc,heap     ] GC(73) Old regions: 909->909
[2025-10-13T23:23:54.981-0700][1201][info ][gc,heap     ] GC(73) Humongous regions: 14->0
[2025-10-13T23:23:54.981-0700][1201][info ][gc,metaspace] GC(73) Metaspace: 304188K(308928K)->304188K(308928K) NonClass: 269151K(271680K)->269151K(271680K) Class: 35036K(37248K)->35036K(37248K)
[2025-10-13T23:23:54.981-0700][1201][info ][gc          ] GC(73) Pause Young (Normal) (G1 Evacuation Pause) 140081M->36399M(184320M) 183.377ms
[2025-10-13T23:23:54.983-0700][1201][info ][gc,cpu      ] GC(73) User=15.41s Sys=0.18s Real=0.19s
[2025-10-13T23:23:54.984-0700][1201][info ][safepoint   ] Safepoint "G1CollectForAllocation", Time since last: 509307367 ns, Reaching safepoint: 1087739 ns, Cleanup: 12459 ns, At safepoint: 186898752 ns, Total: 187998950 ns
[2025-10-13T23:23:55.985-0700][1201][info ][safepoint   ] Safepoint "Cleanup", Time since last: 1000081474 ns, Reaching safepoint: 996742 ns, Cleanup: 16184 ns, At safepoint: 121583 ns, Total: 1134509 ns
[2025-10-13T23:23:56.986-0700][1201][info ][safepoint   ] Safepoint "Cleanup", Time since last: 1000103658 ns, Reaching safepoint: 680936 ns, Cleanup: 11958 ns, At safepoint: 103936 ns, Total: 796830 ns
[2025-10-13T23:23:57.987-0700][1201][info ][safepoint   ] Safepoint "Cleanup", Time since last: 1000101745 ns, Reaching safepoint: 682558 ns, Cleanup: 21823 ns, At safepoint: 93981 ns, Total: 798362 ns
[2025-10-13T23:23:58.988-0700][1201][info ][safepoint   ] Safepoint "Cleanup", Time since last: 1000095496 ns, Reaching safepoint: 687756 ns, Cleanup: 14411 ns, At safepoint: 107012 ns, Total: 809179 ns
[2025-10-13T23:23:59.989-0700][1201][info ][safepoint   ] Safepoint "Cleanup", Time since last: 1000101784 ns, Reaching safepoint: 711442 ns, Cleanup: 40080 ns, At safepoint: 190648 ns, Total: 942170 ns
[2025-10-13T23:24:00.999-0700][1201][info ][safepoint   ] Safepoint "Cleanup", Time since last: 1000129195 ns, Reaching safepoint: 8312774 ns, Cleanup: 30426 ns, At safepoint: 1609755 ns, Total: 9952955 ns
[2025-10-13T23:24:02.000-0700][1201][info ][safepoint   ] Safepoint "Cleanup", Time since last: 1000119752 ns, Reaching safepoint: 680675 ns, Cleanup: 16836 ns, At safepoint: 544930 ns, Total: 1242441 ns
[2025-10-13T23:24:03.003-0700][1201][info ][safepoint   ] Safepoint "Cleanup", Time since last: 1000106001 ns, Reaching safepoint: 813616 ns, Cleanup: 71157 ns, At safepoint: 1648664 ns, Total: 2533437 ns
[2025-10-13T23:24:04.005-0700][1201][info ][safepoint   ] Safepoint "Cleanup", Time since last: 1000120683 ns, Reaching safepoint: 823831 ns, Cleanup: 145640 ns, At safepoint: 1519609 ns, Total: 2489080 ns
[2025-10-13T23:24:04.945-0700][1201][info ][gc,start    ] GC(74) Pause Young (Normal) (G1 Evacuation Pause)
[2025-10-13T23:24:04.945-0700][1201][info ][gc,task     ] GC(74) Using 113 workers of 113 for evacuation
[2025-10-13T23:24:04.959-0700][1201][debug][gc,remset   ] GC(74) Visited cards 10506752 Total dirty 56688640 (18.53%) Total old 513867776 (2.04%)
[2025-10-13T23:24:05.150-0700][1201][info ][gc,mmu      ] GC(74) MMU target violated: 201.0ms (200.0ms/201.0ms)
[2025-10-13T23:24:05.150-0700][1201][info ][gc,phases   ] GC(74)   Pre Evacuate Collection Set: 0.8ms
[2025-10-13T23:24:05.150-0700][1201][info ][gc,phases   ] GC(74)   Merge Heap Roots: 13.1ms
[2025-10-13T23:24:05.150-0700][1201][info ][gc,phases   ] GC(74)   Evacuate Collection Set: 175.4ms
[2025-10-13T23:24:05.150-0700][1201][info ][gc,phases   ] GC(74)   Post Evacuate Collection Set: 16.2ms
[2025-10-13T23:24:05.150-0700][1201][info ][gc,phases   ] GC(74)   Other: 0.2ms
[2025-10-13T23:24:05.150-0700][1201][debug][gc,remset   ] GC(74) Coarsening (recent): Inline->AoC 25099 (0) AoC->Howl 55 (0) Howl->Full 0 (0) Inline->AoC 301 (0) AoC->BitMap 28 (0) BitMap->Full 0 (0) 
[2025-10-13T23:24:05.150-0700][1201][debug][gc,remset   ] GC(74) Coarsening (all): Inline->AoC 818793 (49) AoC->Howl 22861 (93) Howl->Full 0 (0) Inline->AoC 127370 (20) AoC->BitMap 26653 (56) BitMap->Full 0 (0) 
[2025-10-13T23:24:05.150-0700][1201][info ][gc,heap     ] GC(74) Eden regions: 3226->0(3196)
[2025-10-13T23:24:05.150-0700][1201][info ][gc,heap     ] GC(74) Survivor regions: 230->260(432)
[2025-10-13T23:24:05.150-0700][1201][info ][gc,heap     ] GC(74) Old regions: 909->909
[2025-10-13T23:24:05.150-0700][1201][info ][gc,heap     ] GC(74) Humongous regions: 20->0
[2025-10-13T23:24:05.150-0700][1201][info ][gc,metaspace] GC(74) Metaspace: 304392K(309248K)->304392K(309248K) NonClass: 269339K(271936K)->269339K(271936K) Class: 35053K(37312K)->35053K(37312K)
[2025-10-13T23:24:05.150-0700][1201][info ][gc          ] GC(74) Pause Young (Normal) (G1 Evacuation Pause) 140271M->37375M(184320M) 205.771ms
[2025-10-13T23:24:05.152-0700][1201][info ][gc,cpu      ] GC(74) User=16.60s Sys=0.31s Real=0.21s
[2025-10-13T23:24:05.153-0700][1201][info ][safepoint   ] Safepoint "G1CollectForAllocation", Time since last: 937187181 ns, Reaching safepoint: 972314 ns, Cleanup: 65359 ns, At safepoint: 209092528 ns, Total: 210130201 ns
[2025-10-13T23:24:06.154-0700][1201][info ][safepoint   ] Safepoint "Cleanup", Time since last: 1000080984 ns, Reaching safepoint: 661727 ns, Cleanup: 16985 ns, At safepoint: 198289 ns, Total: 877001 ns
[2025-10-13T23:24:07.155-0700][1201][info ][safepoint   ] Safepoint "Cleanup", Time since last: 1000108324 ns, Reaching safepoint: 673655 ns, Cleanup: 51438 ns, At safepoint: 154673 ns, Total: 879766 ns
[2025-10-13T23:24:08.156-0700][1201][info ][safepoint   ] Safepoint "Cleanup", Time since last: 1000095004 ns, Reaching safepoint: 827817 ns, Cleanup: 10346 ns, At safepoint: 533383 ns, Total: 1371546 ns
[2025-10-13T23:24:09.158-0700][1201][info ][safepoint   ] Safepoint "Cleanup", Time since last: 1000101955 ns, Reaching safepoint: 814397 ns, Cleanup: 20902 ns, At safepoint: 897542 ns, Total: 1732841 ns
[2025-10-13T23:24:10.159-0700][1201][info ][safepoint   ] Safepoint "Cleanup", Time since last: 1000124288 ns, Reaching safepoint: 795419 ns, Cleanup: 26409 ns, At safepoint: 595327 ns, Total: 1417155 ns
[2025-10-13T23:24:12.028-0700][1201][info ][safepoint   ] Safepoint "Cleanup", Time since last: 1867581497 ns, Reaching safepoint: 783881 ns, Cleanup: 158619 ns, At safepoint: 394615 ns, Total: 1337115 ns
[2025-10-13T23:24:13.045-0700][1201][info ][safepoint   ] Safepoint "Cleanup", Time since last: 1000123377 ns, Reaching safepoint: 15588164 ns, Cleanup: 58078 ns, At safepoint: 962530 ns, Total: 16608772 ns
[2025-10-13T23:24:15.047-0700][1201][info ][safepoint   ] Safepoint "Cleanup", Time since last: 2000162968 ns, Reaching safepoint: 809549 ns, Cleanup: 22885 ns, At safepoint: 425200 ns, Total: 1257634 ns
[2025-10-13T23:24:15.863-0700][1201][info ][gc,start    ] GC(75) Pause Young (Normal) (G1 Evacuation Pause)
[2025-10-13T23:24:15.863-0700][1201][info ][gc,task     ] GC(75) Using 113 workers of 113 for evacuation
[2025-10-13T23:24:15.878-0700][1201][debug][gc,remset   ] GC(75) Visited cards 10542592 Total dirty 56623104 (18.62%) Total old 513998848 (2.05%)
[2025-10-13T23:24:16.066-0700][1201][info ][gc,mmu      ] GC(75) MMU target violated: 201.0ms (200.0ms/201.0ms)
[2025-10-13T23:24:16.066-0700][1201][info ][gc,phases   ] GC(75)   Pre Evacuate Collection Set: 0.7ms
[2025-10-13T23:24:16.066-0700][1201][info ][gc,phases   ] GC(75)   Merge Heap Roots: 13.3ms
[2025-10-13T23:24:16.066-0700][1201][info ][gc,phases   ] GC(75)   Evacuate Collection Set: 173.8ms
[2025-10-13T23:24:16.066-0700][1201][info ][gc,phases   ] GC(75)   Post Evacuate Collection Set: 14.4ms
[2025-10-13T23:24:16.066-0700][1201][info ][gc,phases   ] GC(75)   Other: 0.2ms
[2025-10-13T23:24:16.066-0700][1201][debug][gc,remset   ] GC(75) Coarsening (recent): Inline->AoC 18321 (0) AoC->Howl 103 (0) Howl->Full 0 (0) Inline->AoC 570 (0) AoC->BitMap 76 (0) BitMap->Full 0 (0) 
[2025-10-13T23:24:16.066-0700][1201][debug][gc,remset   ] GC(75) Coarsening (all): Inline->AoC 837114 (49) AoC->Howl 22964 (93) Howl->Full 0 (0) Inline->AoC 127940 (20) AoC->BitMap 26729 (56) BitMap->Full 0 (0) 
[2025-10-13T23:24:16.066-0700][1201][info ][gc,heap     ] GC(75) Eden regions: 3196->0(2970)
[2025-10-13T23:24:16.066-0700][1201][info ][gc,heap     ] GC(75) Survivor regions: 260->264(432)
[2025-10-13T23:24:16.066-0700][1201][info ][gc,heap     ] GC(75) Old regions: 909->937
[2025-10-13T23:24:16.066-0700][1201][info ][gc,heap     ] GC(75) Humongous regions: 22->0
[2025-10-13T23:24:16.066-0700][1201][info ][gc,metaspace] GC(75) Metaspace: 304863K(309760K)->304863K(309760K) NonClass: 269741K(272320K)->269741K(272320K) Class: 35121K(37440K)->35121K(37440K)
[2025-10-13T23:24:16.066-0700][1201][info ][gc          ] GC(75) Pause Young (Normal) (G1 Evacuation Pause) 140351M->38422M(184320M) 202.532ms
[2025-10-13T23:24:16.067-0700][1201][info ][gc,cpu      ] GC(75) User=18.76s Sys=0.31s Real=0.20s
[2025-10-13T23:24:16.068-0700][1201][info ][safepoint   ] Safepoint "G1CollectForAllocation", Time since last: 799204693 ns, Reaching safepoint: 16518266 ns, Cleanup: 37016 ns, At safepoint: 205966869 ns, Total: 222522151 ns
[2025-10-13T23:24:17.069-0700][1201][info ][safepoint   ] Safepoint "Cleanup", Time since last: 1000078319 ns, Reaching safepoint: 669129 ns, Cleanup: 13690 ns, At safepoint: 202776 ns, Total: 885595 ns
[2025-10-13T23:24:18.070-0700][1201][info ][safepoint   ] Safepoint "Cleanup", Time since last: 1000098319 ns, Reaching safepoint: 756900 ns, Cleanup: 21613 ns, At safepoint: 256406 ns, Total: 1034919 ns
[2025-10-13T23:24:19.071-0700][1201][info ][safepoint   ] Safepoint "Cleanup", Time since last: 1000097088 ns, Reaching safepoint: 699634 ns, Cleanup: 33280 ns, At safepoint: 254804 ns, Total: 987718 ns
[2025-10-13T23:24:20.073-0700][1201][info ][safepoint   ] Safepoint "Cleanup", Time since last: 1000096887 ns, Reaching safepoint: 1253428 ns, Cleanup: 28814 ns, At safepoint: 595377 ns, Total: 1877619 ns
[2025-10-13T23:24:21.075-0700][1201][info ][safepoint   ] Safepoint "Cleanup", Time since last: 1000131258 ns, Reaching safepoint: 716049 ns, Cleanup: 17957 ns, At safepoint: 620776 ns, Total: 1354782 ns
[2025-10-13T23:24:22.077-0700][1201][info ][safepoint   ] Safepoint "Cleanup", Time since last: 1000104769 ns, Reaching safepoint: 805593 ns, Cleanup: 15904 ns, At safepoint: 719023 ns, Total: 1540520 ns
[2025-10-13T23:24:23.080-0700][1201][info ][safepoint   ] Safepoint "Cleanup", Time since last: 1000120032 ns, Reaching safepoint: 1531768 ns, Cleanup: 37947 ns, At safepoint: 1263063 ns, Total: 2832778 ns
[2025-10-13T23:24:23.874-0700][1201][info ][gc,start    ] GC(76) Pause Young (Concurrent Start) (CodeCache GC Threshold)
[2025-10-13T23:24:23.874-0700][1201][info ][gc,task     ] GC(76) Using 113 workers of 113 for evacuation
[2025-10-13T23:24:23.890-0700][1201][debug][gc,remset   ] GC(76) Visited cards 10660096 Total dirty 58195968 (18.32%) Total old 350289920 (3.04%)
[2025-10-13T23:24:24.091-0700][1201][info ][gc,mmu      ] GC(76) MMU target violated: 201.0ms (200.0ms/201.0ms)
[2025-10-13T23:24:24.091-0700][1201][info ][gc,phases   ] GC(76)   Pre Evacuate Collection Set: 1.0ms
[2025-10-13T23:24:24.091-0700][1201][info ][gc,phases   ] GC(76)   Merge Heap Roots: 14.3ms
[2025-10-13T23:24:24.091-0700][1201][info ][gc,phases   ] GC(76)   Evacuate Collection Set: 189.2ms
[2025-10-13T23:24:24.091-0700][1201][info ][gc,phases   ] GC(76)   Post Evacuate Collection Set: 11.8ms
[2025-10-13T23:24:24.091-0700][1201][info ][gc,phases   ] GC(76)   Other: 0.2ms
[2025-10-13T23:24:24.091-0700][1201][debug][gc,remset   ] GC(76) Coarsening (recent): Inline->AoC 2 (0) AoC->Howl 0 (0) Howl->Full 0 (0) Inline->AoC 0 (0) AoC->BitMap 0 (0) BitMap->Full 0 (0) 
[2025-10-13T23:24:24.091-0700][1201][debug][gc,remset   ] GC(76) Coarsening (all): Inline->AoC 837116 (49) AoC->Howl 22964 (93) Howl->Full 0 (0) Inline->AoC 127940 (20) AoC->BitMap 26729 (56) BitMap->Full 0 (0) 
[2025-10-13T23:24:24.091-0700][1201][info ][gc,heap     ] GC(76) Eden regions: 1931->0(3060)
[2025-10-13T23:24:24.091-0700][1201][info ][gc,heap     ] GC(76) Survivor regions: 264->263(432)
[2025-10-13T23:24:24.091-0700][1201][info ][gc,heap     ] GC(76) Old regions: 937->966
[2025-10-13T23:24:24.091-0700][1201][info ][gc,heap     ] GC(76) Humongous regions: 18->0
[2025-10-13T23:24:24.091-0700][1201][info ][gc,metaspace] GC(76) Metaspace: 304993K(309888K)->304993K(309888K) NonClass: 269857K(272448K)->269857K(272448K) Class: 35136K(37440K)->35136K(37440K)
[2025-10-13T23:24:24.091-0700][1201][info ][gc          ] GC(76) Pause Young (Concurrent Start) (CodeCache GC Threshold) 100786M->39300M(184320M) 216.666ms
[2025-10-13T23:24:24.091-0700][1084][info ][gc          ] GC(77) Concurrent Mark Cycle
[2025-10-13T23:24:24.091-0700][1084][info ][gc,marking  ] GC(77) Concurrent Scan Root Regions
[2025-10-13T23:24:24.093-0700][1201][info ][gc,cpu      ] GC(76) User=16.46s Sys=0.03s Real=0.22s
[2025-10-13T23:24:24.094-0700][1201][info ][safepoint   ] Safepoint "G1TryInitiateConcMark", Time since last: 792825853 ns, Reaching safepoint: 686274 ns, Cleanup: 40942 ns, At safepoint: 220896732 ns, Total: 221623948 ns
[2025-10-13T23:24:24.191-0700][1084][info ][gc,marking  ] GC(77) Concurrent Scan Root Regions 99.696ms
[2025-10-13T23:24:24.191-0700][1084][info ][gc,marking  ] GC(77) Concurrent Mark
[2025-10-13T23:24:24.191-0700][1084][info ][gc,marking  ] GC(77) Concurrent Mark From Roots
[2025-10-13T23:24:24.191-0700][1084][info ][gc,task     ] GC(77) Using 36 workers of 36 for marking
[2025-10-13T23:24:24.346-0700][1084][info ][gc,marking  ] GC(77) Concurrent Mark From Roots 154.596ms
[2025-10-13T23:24:24.346-0700][1084][info ][gc,marking  ] GC(77) Concurrent Preclean
[2025-10-13T23:24:24.366-0700][1084][info ][gc,marking  ] GC(77) Concurrent Preclean 19.962ms
[2025-10-13T23:24:24.372-0700][1201][info ][gc,start    ] GC(77) Pause Remark
[2025-10-13T23:24:24.881-0700][1201][info ][gc,mmu      ] GC(77) MMU target violated: 201.0ms (200.0ms/201.0ms)
[2025-10-13T23:24:24.881-0700][1201][info ][gc          ] GC(77) Pause Remark 42808M->42424M(184320M) 508.636ms
[2025-10-13T23:24:24.882-0700][1201][info ][gc,cpu      ] GC(77) User=11.57s Sys=0.13s Real=0.51s
[2025-10-13T23:24:24.884-0700][1201][info ][safepoint   ] Safepoint "G1PauseRemark", Time since last: 271742724 ns, Reaching safepoint: 5366976 ns, Cleanup: 14181 ns, At safepoint: 512882464 ns, Total: 518263621 ns
[2025-10-13T23:24:24.885-0700][1084][info ][gc,marking  ] GC(77) Concurrent Mark 693.716ms
[2025-10-13T23:24:24.885-0700][1084][info ][gc,marking  ] GC(77) Concurrent Rebuild Remembered Sets and Scrub Regions
[2025-10-13T23:24:25.255-0700][1084][info ][gc,marking  ] GC(77) Concurrent Rebuild Remembered Sets and Scrub Regions 370.317ms
[2025-10-13T23:24:25.258-0700][1201][info ][gc,start    ] GC(77) Pause Cleanup
[2025-10-13T23:24:25.260-0700][1201][info ][gc          ] GC(77) Pause Cleanup 48419M->48419M(184320M) 2.006ms
[2025-10-13T23:24:25.261-0700][1201][info ][gc,cpu      ] GC(77) User=0.02s Sys=0.01s Real=0.01s
[2025-10-13T23:24:25.262-0700][1201][info ][safepoint   ] Safepoint "G1PauseCleanup", Time since last: 371221093 ns, Reaching safepoint: 958334 ns, Cleanup: 356898 ns, At safepoint: 5776613 ns, Total: 7091845 ns
[2025-10-13T23:24:25.263-0700][1084][info ][gc,marking  ] GC(77) Concurrent Clear Claimed Marks
[2025-10-13T23:24:25.264-0700][1084][info ][gc,marking  ] GC(77) Concurrent Clear Claimed Marks 1.076ms
[2025-10-13T23:24:25.264-0700][1084][info ][gc,marking  ] GC(77) Concurrent Cleanup for Next Mark
[2025-10-13T23:24:25.299-0700][1084][info ][gc,marking  ] GC(77) Concurrent Cleanup for Next Mark 35.158ms
[2025-10-13T23:24:25.299-0700][1084][info ][gc          ] GC(77) Concurrent Mark Cycle 1207.585ms
[2025-10-13T23:24:26.263-0700][1201][info ][safepoint   ] Safepoint "Cleanup", Time since last: 1000140512 ns, Reaching safepoint: 693936 ns, Cleanup: 50246 ns, At safepoint: 250317 ns, Total: 994499 ns
[2025-10-13T23:24:27.265-0700][1201][info ][safepoint   ] Safepoint "Cleanup", Time since last: 1000137378 ns, Reaching safepoint: 785704 ns, Cleanup: 17406 ns, At safepoint: 370959 ns, Total: 1174069 ns
[2025-10-13T23:24:28.267-0700][1201][info ][safepoint   ] Safepoint "Cleanup", Time since last: 1000109756 ns, Reaching safepoint: 890512 ns, Cleanup: 21673 ns, At safepoint: 994668 ns, Total: 1906853 ns
[2025-10-13T23:24:29.268-0700][1201][info ][safepoint   ] Safepoint "Cleanup", Time since last: 1000119012 ns, Reaching safepoint: 835118 ns, Cleanup: 18688 ns, At safepoint: 476548 ns, Total: 1330354 ns
[2025-10-13T23:24:31.189-0700][1201][info ][gc,start    ] GC(78) Pause Young (Prepare Mixed) (G1 Evacuation Pause)
[2025-10-13T23:24:31.189-0700][1201][info ][gc,task     ] GC(78) Using 113 workers of 113 for evacuation
[2025-10-13T23:24:31.203-0700][1201][debug][gc,remset   ] GC(78) Visited cards 10730240 Total dirty 59965440 (17.89%) Total old 335872000 (3.19%)
[2025-10-13T23:24:31.375-0700][1201][info ][gc,phases   ] GC(78)   Pre Evacuate Collection Set: 0.8ms
[2025-10-13T23:24:31.375-0700][1201][info ][gc,phases   ] GC(78)   Merge Heap Roots: 13.1ms
[2025-10-13T23:24:31.375-0700][1201][info ][gc,phases   ] GC(78)   Evacuate Collection Set: 157.6ms
[2025-10-13T23:24:31.375-0700][1201][info ][gc,phases   ] GC(78)   Post Evacuate Collection Set: 14.1ms
[2025-10-13T23:24:31.375-0700][1201][info ][gc,phases   ] GC(78)   Other: 0.2ms
[2025-10-13T23:24:31.375-0700][1201][debug][gc,remset   ] GC(78) Coarsening (recent): Inline->AoC 132103 (0) AoC->Howl 4568 (0) Howl->Full 0 (0) Inline->AoC 21286 (0) AoC->BitMap 5502 (0) BitMap->Full 0 (0) 
[2025-10-13T23:24:31.375-0700][1201][debug][gc,remset   ] GC(78) Coarsening (all): Inline->AoC 969219 (49) AoC->Howl 27532 (93) Howl->Full 0 (0) Inline->AoC 149226 (20) AoC->BitMap 32231 (56) BitMap->Full 0 (0) 
[2025-10-13T23:24:31.375-0700][1201][info ][gc,heap     ] GC(78) Eden regions: 1819->0(3289)
[2025-10-13T23:24:31.375-0700][1201][info ][gc,heap     ] GC(78) Survivor regions: 263->167(261)
[2025-10-13T23:24:31.375-0700][1201][info ][gc,heap     ] GC(78) Old regions: 954->1036
[2025-10-13T23:24:31.375-0700][1201][info ][gc,heap     ] GC(78) Humongous regions: 7->0
[2025-10-13T23:24:31.375-0700][1201][info ][gc,metaspace] GC(78) Metaspace: 304992K(309888K)->304992K(309888K) NonClass: 269861K(272448K)->269861K(272448K) Class: 35131K(37440K)->35131K(37440K)
[2025-10-13T23:24:31.375-0700][1201][info ][gc          ] GC(78) Pause Young (Prepare Mixed) (G1 Evacuation Pause) 97348M->38483M(184320M) 185.949ms
[2025-10-13T23:24:31.376-0700][1201][info ][gc,cpu      ] GC(78) User=16.52s Sys=0.22s Real=0.18s
[2025-10-13T23:24:31.378-0700][1201][info ][safepoint   ] Safepoint "G1CollectForAllocation", Time since last: 1919316339 ns, Reaching safepoint: 764261 ns, Cleanup: 14612 ns, At safepoint: 189219336 ns, Total: 189998209 ns
[2025-10-13T23:24:32.379-0700][1201][info ][safepoint   ] Safepoint "Cleanup", Time since last: 1000088687 ns, Reaching safepoint: 993197 ns, Cleanup: 37706 ns, At safepoint: 130737 ns, Total: 1161640 ns
[2025-10-13T23:24:33.380-0700][1201][info ][safepoint   ] Safepoint "Cleanup", Time since last: 1000099063 ns, Reaching safepoint: 800736 ns, Cleanup: 20221 ns, At safepoint: 228654 ns, Total: 1049611 ns
[2025-10-13T23:24:37.382-0700][1201][info ][safepoint   ] Safepoint "Cleanup", Time since last: 4000287398 ns, Reaching safepoint: 896631 ns, Cleanup: 12779 ns, At safepoint: 458751 ns, Total: 1368161 ns
[2025-10-13T23:24:38.383-0700][1201][info ][safepoint   ] Safepoint "Cleanup", Time since last: 1000112253 ns, Reaching safepoint: 798393 ns, Cleanup: 14391 ns, At safepoint: 304309 ns, Total: 1117093 ns
[2025-10-13T23:24:40.384-0700][1201][info ][safepoint   ] Safepoint "Cleanup", Time since last: 2000162802 ns, Reaching safepoint: 771112 ns, Cleanup: 22113 ns, At safepoint: 422597 ns, Total: 1215822 ns
[2025-10-13T23:24:41.385-0700][1201][info ][safepoint   ] Safepoint "Cleanup", Time since last: 1000121827 ns, Reaching safepoint: 787246 ns, Cleanup: 11597 ns, At safepoint: 315165 ns, Total: 1114008 ns
[2025-10-13T23:24:42.387-0700][1201][info ][safepoint   ] Safepoint "Cleanup", Time since last: 1000098432 ns, Reaching safepoint: 916491 ns, Cleanup: 15363 ns, At safepoint: 669128 ns, Total: 1600982 ns
[2025-10-13T23:24:43.389-0700][1201][info ][safepoint   ] Safepoint "Cleanup", Time since last: 1000111962 ns, Reaching safepoint: 816881 ns, Cleanup: 47011 ns, At safepoint: 1235411 ns, Total: 2099303 ns
[2025-10-13T23:24:44.310-0700][1201][info ][gc,start    ] GC(79) Pause Young (Mixed) (G1 Evacuation Pause)
[2025-10-13T23:24:44.310-0700][1201][info ][gc,task     ] GC(79) Using 113 workers of 113 for evacuation
[2025-10-13T23:24:44.324-0700][1201][debug][gc,remset   ] GC(79) Visited cards 12390912 Total dirty 46661632 (26.55%) Total old 543293440 (2.28%)
[2025-10-13T23:24:44.487-0700][1201][debug][gc,remset   ] GC(79) Visited cards 2035712 Total dirty 42139648 (4.83%) Total old 560463872 (0.36%)
[2025-10-13T23:24:44.517-0700][1201][info ][gc,mmu      ] GC(79) MMU target violated: 201.0ms (200.0ms/201.0ms)
[2025-10-13T23:24:44.517-0700][1201][info ][gc,phases   ] GC(79)   Pre Evacuate Collection Set: 0.8ms
[2025-10-13T23:24:44.517-0700][1201][info ][gc,phases   ] GC(79)   Merge Heap Roots: 12.7ms
[2025-10-13T23:24:44.517-0700][1201][info ][gc,phases   ] GC(79)   Evacuate Collection Set: 162.5ms
[2025-10-13T23:24:44.517-0700][1201][info ][gc,phases   ] GC(79)   Merge Optional Heap Roots: 0.8ms
[2025-10-13T23:24:44.517-0700][1201][info ][gc,phases   ] GC(79)   Evacuate Optional Collection Set: 13.6ms
[2025-10-13T23:24:44.517-0700][1201][info ][gc,phases   ] GC(79)   Post Evacuate Collection Set: 16.4ms
[2025-10-13T23:24:44.517-0700][1201][info ][gc,phases   ] GC(79)   Other: 0.3ms
[2025-10-13T23:24:44.517-0700][1201][debug][gc,remset   ] GC(79) Coarsening (recent): Inline->AoC 48915 (0) AoC->Howl 454 (0) Howl->Full 0 (0) Inline->AoC 1222 (0) AoC->BitMap 399 (0) BitMap->Full 0 (0) 
[2025-10-13T23:24:44.517-0700][1201][debug][gc,remset   ] GC(79) Coarsening (all): Inline->AoC 1018134 (49) AoC->Howl 27986 (93) Howl->Full 0 (0) Inline->AoC 150448 (20) AoC->BitMap 32630 (56) BitMap->Full 0 (0) 
[2025-10-13T23:24:44.517-0700][1201][info ][gc,heap     ] GC(79) Eden regions: 3289->0(3258)
[2025-10-13T23:24:44.517-0700][1201][info ][gc,heap     ] GC(79) Survivor regions: 167->198(432)
[2025-10-13T23:24:44.517-0700][1201][info ][gc,heap     ] GC(79) Old regions: 1036->684
[2025-10-13T23:24:44.517-0700][1201][info ][gc,heap     ] GC(79) Humongous regions: 20->0
[2025-10-13T23:24:44.517-0700][1201][info ][gc,metaspace] GC(79) Metaspace: 305210K(310080K)->305210K(310080K) NonClass: 270067K(272640K)->270067K(272640K) Class: 35143K(37440K)->35143K(37440K)
[2025-10-13T23:24:44.517-0700][1201][info ][gc          ] GC(79) Pause Young (Mixed) (G1 Evacuation Pause) 144371M->28173M(184320M) 207.135ms
[2025-10-13T23:24:44.518-0700][1201][info ][gc,cpu      ] GC(79) User=15.49s Sys=0.70s Real=0.20s
[2025-10-13T23:24:44.519-0700][1201][info ][safepoint   ] Safepoint "G1CollectForAllocation", Time since last: 918914930 ns, Reaching safepoint: 657931 ns, Cleanup: 12940 ns, At safepoint: 210414255 ns, Total: 211085126 ns
[2025-10-13T23:24:45.520-0700][1201][info ][safepoint   ] Safepoint "Cleanup", Time since last: 1000084161 ns, Reaching safepoint: 650129 ns, Cleanup: 24928 ns, At safepoint: 78688 ns, Total: 753745 ns
[2025-10-13T23:24:46.521-0700][1201][info ][safepoint   ] Safepoint "Cleanup", Time since last: 1000061667 ns, Reaching safepoint: 702889 ns, Cleanup: 22704 ns, At safepoint: 94713 ns, Total: 820306 ns
[2025-10-13T23:24:47.528-0700][1201][info ][safepoint   ] Safepoint "Cleanup", Time since last: 1000097190 ns, Reaching safepoint: 5920248 ns, Cleanup: 15684 ns, At safepoint: 1272437 ns, Total: 7208369 ns
[2025-10-13T23:24:48.530-0700][1201][info ][safepoint   ] Safepoint "Cleanup", Time since last: 1000106574 ns, Reaching safepoint: 712854 ns, Cleanup: 70176 ns, At safepoint: 1148540 ns, Total: 1931570 ns
[2025-10-13T23:24:49.532-0700][1201][info ][safepoint   ] Safepoint "Cleanup", Time since last: 1000105002 ns, Reaching safepoint: 776059 ns, Cleanup: 15914 ns, At safepoint: 1040578 ns, Total: 1832551 ns
[2025-10-13T23:24:50.535-0700][1201][info ][safepoint   ] Safepoint "Cleanup", Time since last: 1000115617 ns, Reaching safepoint: 818503 ns, Cleanup: 27482 ns, At safepoint: 1590997 ns, Total: 2436982 ns
[2025-10-13T23:24:51.537-0700][1201][info ][safepoint   ] Safepoint "Cleanup", Time since last: 1000128196 ns, Reaching safepoint: 831823 ns, Cleanup: 96756 ns, At safepoint: 961979 ns, Total: 1890558 ns
[2025-10-13T23:24:52.539-0700][1201][info ][safepoint   ] Safepoint "Cleanup", Time since last: 1000109479 ns, Reaching safepoint: 832724 ns, Cleanup: 34863 ns, At safepoint: 714496 ns, Total: 1582083 ns
[2025-10-13T23:24:53.541-0700][1201][info ][safepoint   ] Safepoint "Cleanup", Time since last: 1000108658 ns, Reaching safepoint: 924172 ns, Cleanup: 50646 ns, At safepoint: 1593170 ns, Total: 2567988 ns
[2025-10-13T23:24:54.543-0700][1201][info ][safepoint   ] Safepoint "Cleanup", Time since last: 1000121397 ns, Reaching safepoint: 737701 ns, Cleanup: 27472 ns, At safepoint: 611200 ns, Total: 1376373 ns
[2025-10-13T23:24:55.547-0700][1201][info ][safepoint   ] Safepoint "Cleanup", Time since last: 1000116840 ns, Reaching safepoint: 2905147 ns, Cleanup: 51107 ns, At safepoint: 1029861 ns, Total: 3986115 ns
[2025-10-13T23:24:56.549-0700][1201][info ][safepoint   ] Safepoint "Cleanup", Time since last: 1000119153 ns, Reaching safepoint: 987057 ns, Cleanup: 53821 ns, At safepoint: 956301 ns, Total: 1997179 ns
[2025-10-13T23:24:56.604-0700][1201][info ][gc,start    ] GC(80) Pause Young (Mixed) (G1 Evacuation Pause)
[2025-10-13T23:24:56.604-0700][1201][info ][gc,task     ] GC(80) Using 113 workers of 113 for evacuation
[2025-10-13T23:24:56.619-0700][1201][debug][gc,remset   ] GC(80) Visited cards 11334656 Total dirty 40828928 (27.76%) Total old 503709696 (2.25%)
[2025-10-13T23:24:56.794-0700][1201][debug][gc,remset   ] GC(80) Visited cards 1051648 Total dirty 33685504 (3.12%) Total old 522190848 (0.20%)
[2025-10-13T23:24:56.816-0700][1201][info ][gc,mmu      ] GC(80) MMU target violated: 201.0ms (200.0ms/201.0ms)
[2025-10-13T23:24:56.816-0700][1201][info ][gc,phases   ] GC(80)   Pre Evacuate Collection Set: 0.8ms
[2025-10-13T23:24:56.816-0700][1201][info ][gc,phases   ] GC(80)   Merge Heap Roots: 13.4ms
[2025-10-13T23:24:56.816-0700][1201][info ][gc,phases   ] GC(80)   Evacuate Collection Set: 173.8ms
[2025-10-13T23:24:56.816-0700][1201][info ][gc,phases   ] GC(80)   Merge Optional Heap Roots: 1.0ms
[2025-10-13T23:24:56.816-0700][1201][info ][gc,phases   ] GC(80)   Evacuate Optional Collection Set: 7.5ms
[2025-10-13T23:24:56.816-0700][1201][info ][gc,phases   ] GC(80)   Post Evacuate Collection Set: 14.6ms
[2025-10-13T23:24:56.816-0700][1201][info ][gc,phases   ] GC(80)   Other: 0.2ms
[2025-10-13T23:24:56.816-0700][1201][debug][gc,remset   ] GC(80) Coarsening (recent): Inline->AoC 26463 (0) AoC->Howl 145 (7) Howl->Full 0 (0) Inline->AoC 486 (5) AoC->BitMap 104 (6) BitMap->Full 0 (0) 
[2025-10-13T23:24:56.816-0700][1201][debug][gc,remset   ] GC(80) Coarsening (all): Inline->AoC 1044597 (49) AoC->Howl 28131 (100) Howl->Full 0 (0) Inline->AoC 150934 (25) AoC->BitMap 32734 (62) BitMap->Full 0 (0) 
[2025-10-13T23:24:56.816-0700][1201][info ][gc,heap     ] GC(80) Eden regions: 3258->0(1744)
[2025-10-13T23:24:56.816-0700][1201][info ][gc,heap     ] GC(80) Survivor regions: 198->256(432)
[2025-10-13T23:24:56.816-0700][1201][info ][gc,heap     ] GC(80) Old regions: 684->609
[2025-10-13T23:24:56.816-0700][1201][info ][gc,heap     ] GC(80) Humongous regions: 20->0
[2025-10-13T23:24:56.816-0700][1201][info ][gc,metaspace] GC(80) Metaspace: 305747K(310720K)->305747K(310720K) NonClass: 270535K(273152K)->270535K(273152K) Class: 35211K(37568K)->35211K(37568K)
[2025-10-13T23:24:56.816-0700][1201][info ][gc          ] GC(80) Pause Young (Mixed) (G1 Evacuation Pause) 133069M->27643M(184320M) 211.554ms
[2025-10-13T23:24:56.817-0700][1201][info ][gc,cpu      ] GC(80) User=17.74s Sys=0.40s Real=0.21s
[2025-10-13T23:24:56.818-0700][1201][info ][safepoint   ] Safepoint "G1CollectForAllocation", Time since last: 53192994 ns, Reaching safepoint: 1074950 ns, Cleanup: 10365 ns, At safepoint: 214880174 ns, Total: 215965489 ns
[2025-10-13T23:24:57.819-0700][1201][info ][safepoint   ] Safepoint "Cleanup", Time since last: 1000080625 ns, Reaching safepoint: 693094 ns, Cleanup: 19810 ns, At safepoint: 117517 ns, Total: 830421 ns
[2025-10-13T23:24:58.820-0700][1201][info ][safepoint   ] Safepoint "Cleanup", Time since last: 1000101647 ns, Reaching safepoint: 769028 ns, Cleanup: 42674 ns, At safepoint: 220603 ns, Total: 1032305 ns
[2025-10-13T23:24:59.822-0700][1201][info ][safepoint   ] Safepoint "Cleanup", Time since last: 1000110650 ns, Reaching safepoint: 783090 ns, Cleanup: 25618 ns, At safepoint: 456658 ns, Total: 1265366 ns
[2025-10-13T23:25:00.823-0700][1201][info ][safepoint   ] Safepoint "Cleanup", Time since last: 1000112453 ns, Reaching safepoint: 785764 ns, Cleanup: 33711 ns, At safepoint: 751722 ns, Total: 1571197 ns
[2025-10-13T23:25:01.826-0700][1201][info ][safepoint   ] Safepoint "Cleanup", Time since last: 1000105583 ns, Reaching safepoint: 745964 ns, Cleanup: 32689 ns, At safepoint: 1482724 ns, Total: 2261377 ns
[2025-10-13T23:25:02.828-0700][1201][info ][safepoint   ] Safepoint "Cleanup", Time since last: 1000109008 ns, Reaching safepoint: 806324 ns, Cleanup: 35333 ns, At safepoint: 1118876 ns, Total: 1960533 ns
[2025-10-13T23:25:03.829-0700][1201][info ][safepoint   ] Safepoint "Cleanup", Time since last: 1000114316 ns, Reaching safepoint: 729699 ns, Cleanup: 23506 ns, At safepoint: 867677 ns, Total: 1620882 ns
[2025-10-13T23:25:04.831-0700][1201][info ][safepoint   ] Safepoint "Cleanup", Time since last: 1000110450 ns, Reaching safepoint: 722138 ns, Cleanup: 27201 ns, At safepoint: 891192 ns, Total: 1640531 ns
[2025-10-13T23:25:05.293-0700][1201][debug][gc,jni      ] Setting _needs_gc. Thread "VM Thread" 1 locked.
[2025-10-13T23:25:05.293-0700][2137][debug][gc,jni      ] Performing GC after exiting critical section. Thread "http-worker-1051" 0 locked.
[2025-10-13T23:25:05.293-0700][1201][info ][safepoint   ] Safepoint "G1CollectForAllocation", Time since last: 460974731 ns, Reaching safepoint: 855579 ns, Cleanup: 4998 ns, At safepoint: 449937 ns, Total: 1310514 ns
[2025-10-13T23:25:05.294-0700][1850][debug][gc,jni      ] Allocation failed. Thread stalled by JNI critical section. Thread "http-worker-764" 0 locked.
[2025-10-13T23:25:05.294-0700][8570][debug][gc,jni      ] Allocation failed. Thread stalled by JNI critical section. Thread "task-event-loop-74" 0 locked.
[2025-10-13T23:25:05.294-0700][8472][debug][gc,jni      ] Allocation failed. Thread stalled by JNI critical section. Thread "task-event-loop-44" 0 locked.
[2025-10-13T23:25:05.294-0700][8521][debug][gc,jni      ] Allocation failed. Thread stalled by JNI critical section. Thread "task-event-loop-63" 0 locked.
[2025-10-13T23:25:05.295-0700][1201][info ][gc,start    ] GC(81) Pause Young (Mixed) (GCLocker Initiated GC)
[2025-10-13T23:25:05.295-0700][1201][info ][gc,task     ] GC(81) Using 113 workers of 113 for evacuation
[2025-10-13T23:25:05.308-0700][1201][debug][gc,remset   ] GC(81) Visited cards 11025152 Total dirty 38535168 (28.61%) Total old 425394176 (2.59%)
[2025-10-13T23:25:05.490-0700][1201][info ][gc,phases   ] GC(81)   Pre Evacuate Collection Set: 0.7ms
[2025-10-13T23:25:05.490-0700][1201][info ][gc,phases   ] GC(81)   Merge Heap Roots: 12.3ms
[2025-10-13T23:25:05.490-0700][1201][info ][gc,phases   ] GC(81)   Evacuate Collection Set: 169.0ms
[2025-10-13T23:25:05.490-0700][1201][info ][gc,phases   ] GC(81)   Post Evacuate Collection Set: 12.5ms
[2025-10-13T23:25:05.490-0700][1201][info ][gc,phases   ] GC(81)   Other: 0.2ms
[2025-10-13T23:25:05.490-0700][1201][debug][gc,remset   ] GC(81) Coarsening (recent): Inline->AoC 9025 (0) AoC->Howl 68 (0) Howl->Full 0 (0) Inline->AoC 308 (0) AoC->BitMap 50 (0) BitMap->Full 0 (0) 
[2025-10-13T23:25:05.490-0700][1201][debug][gc,remset   ] GC(81) Coarsening (all): Inline->AoC 1053622 (49) AoC->Howl 28199 (100) Howl->Full 0 (0) Inline->AoC 151242 (25) AoC->BitMap 32784 (62) BitMap->Full 0 (0) 
[2025-10-13T23:25:05.490-0700][1201][info ][gc,heap     ] GC(81) Eden regions: 2663->0(3240)
[2025-10-13T23:25:05.490-0700][1201][info ][gc,heap     ] GC(81) Survivor regions: 256->216(365)
[2025-10-13T23:25:05.490-0700][1201][info ][gc,heap     ] GC(81) Old regions: 609->633
[2025-10-13T23:25:05.490-0700][1201][info ][gc,heap     ] GC(81) Humongous regions: 15->0
[2025-10-13T23:25:05.490-0700][1201][info ][gc,metaspace] GC(81) Metaspace: 305958K(310912K)->305958K(310912K) NonClass: 270730K(273344K)->270730K(273344K) Class: 35227K(37568K)->35227K(37568K)
[2025-10-13T23:25:05.490-0700][1201][info ][gc          ] GC(81) Pause Young (Mixed) (GCLocker Initiated GC) 113339M->27156M(184320M) 194.828ms
[2025-10-13T23:25:05.491-0700][1201][info ][gc,cpu      ] GC(81) User=17.37s Sys=0.09s Real=0.20s
[2025-10-13T23:25:05.492-0700][8512][debug][gc,jni      ] Allocation failed. Thread stalled by JNI critical section. Thread "task-event-loop-59" 0 locked.
[2025-10-13T23:25:05.492-0700][9445][debug][gc,jni      ] Allocation failed. Thread stalled by JNI critical section. Thread "task-event-loop-451" 0 locked.
[2025-10-13T23:25:05.492-0700][1201][info ][safepoint   ] Safepoint "G1CollectForAllocation", Time since last: 142996 ns, Reaching safepoint: 558291 ns, Cleanup: 3265 ns, At safepoint: 198181317 ns, Total: 198742873 ns
[2025-10-13T23:25:06.494-0700][1201][info ][safepoint   ] Safepoint "Cleanup", Time since last: 1000090870 ns, Reaching safepoint: 833566 ns, Cleanup: 54152 ns, At safepoint: 280602 ns, Total: 1168320 ns
[2025-10-13T23:25:07.504-0700][1201][info ][safepoint   ] Safepoint "Cleanup", Time since last: 1000108788 ns, Reaching safepoint: 8042796 ns, Cleanup: 65038 ns, At safepoint: 2532876 ns, Total: 10640710 ns
[2025-10-13T23:25:08.506-0700][1201][info ][safepoint   ] Safepoint "Cleanup", Time since last: 1000111972 ns, Reaching safepoint: 701797 ns, Cleanup: 21082 ns, At safepoint: 1114790 ns, Total: 1837669 ns
[2025-10-13T23:25:09.509-0700][1201][info ][safepoint   ] Safepoint "Cleanup", Time since last: 1000113885 ns, Reaching safepoint: 756710 ns, Cleanup: 24386 ns, At safepoint: 1336524 ns, Total: 2117620 ns
[2025-10-13T23:25:10.511-0700][1201][info ][safepoint   ] Safepoint "Cleanup", Time since last: 1000283961 ns, Reaching safepoint: 978284 ns, Cleanup: 19399 ns, At safepoint: 1064043 ns, Total: 2061726 ns
[2025-10-13T23:25:11.513-0700][1201][info ][safepoint   ] Safepoint "Cleanup", Time since last: 1000121707 ns, Reaching safepoint: 768258 ns, Cleanup: 21963 ns, At safepoint: 1083492 ns, Total: 1873713 ns
[2025-10-13T23:25:12.515-0700][1201][info ][safepoint   ] Safepoint "Cleanup", Time since last: 1000115598 ns, Reaching safepoint: 860506 ns, Cleanup: 26250 ns, At safepoint: 1092586 ns, Total: 1979342 ns
[2025-10-13T23:25:13.517-0700][1201][info ][safepoint   ] Safepoint "Cleanup", Time since last: 1000116699 ns, Reaching safepoint: 767076 ns, Cleanup: 17145 ns, At safepoint: 989551 ns, Total: 1773772 ns
[2025-10-13T23:25:14.519-0700][1201][info ][safepoint   ] Safepoint "Cleanup", Time since last: 1000120676 ns, Reaching safepoint: 792654 ns, Cleanup: 19970 ns, At safepoint: 923351 ns, Total: 1735975 ns
[2025-10-13T23:25:15.520-0700][1201][info ][safepoint   ] Safepoint "Cleanup", Time since last: 1000108377 ns, Reaching safepoint: 783650 ns, Cleanup: 19800 ns, At safepoint: 757832 ns, Total: 1561282 ns
[2025-10-13T23:25:16.523-0700][1201][info ][safepoint   ] Safepoint "Cleanup", Time since last: 1000109909 ns, Reaching safepoint: 855268 ns, Cleanup: 17487 ns, At safepoint: 1171675 ns, Total: 2044430 ns
[2025-10-13T23:25:17.525-0700][1201][info ][safepoint   ] Safepoint "Cleanup", Time since last: 1000116379 ns, Reaching safepoint: 839675 ns, Cleanup: 12909 ns, At safepoint: 1017393 ns, Total: 1869977 ns
[2025-10-13T23:25:18.506-0700][1201][info ][gc,start    ] GC(82) Pause Young (Normal) (G1 Evacuation Pause)
[2025-10-13T23:25:18.506-0700][1201][info ][gc,task     ] GC(82) Using 113 workers of 113 for evacuation
[2025-10-13T23:25:18.520-0700][1201][debug][gc,remset   ] GC(82) Visited cards 9855232 Total dirty 40108032 (24.57%) Total old 496107520 (1.99%)
[2025-10-13T23:25:18.680-0700][1201][info ][gc,phases   ] GC(82)   Pre Evacuate Collection Set: 0.7ms
[2025-10-13T23:25:18.680-0700][1201][info ][gc,phases   ] GC(82)   Merge Heap Roots: 13.0ms
[2025-10-13T23:25:18.680-0700][1201][info ][gc,phases   ] GC(82)   Evacuate Collection Set: 146.0ms
[2025-10-13T23:25:18.680-0700][1201][info ][gc,phases   ] GC(82)   Post Evacuate Collection Set: 13.5ms
[2025-10-13T23:25:18.680-0700][1201][info ][gc,phases   ] GC(82)   Other: 0.2ms
[2025-10-13T23:25:18.680-0700][1201][debug][gc,remset   ] GC(82) Coarsening (recent): Inline->AoC 7321 (0) AoC->Howl 81 (0) Howl->Full 0 (0) Inline->AoC 294 (0) AoC->BitMap 52 (0) BitMap->Full 0 (0) 
[2025-10-13T23:25:18.680-0700][1201][debug][gc,remset   ] GC(82) Coarsening (all): Inline->AoC 1060943 (49) AoC->Howl 28280 (100) Howl->Full 0 (0) Inline->AoC 151536 (25) AoC->BitMap 32836 (62) BitMap->Full 0 (0) 
[2025-10-13T23:25:18.680-0700][1201][info ][gc,heap     ] GC(82) Eden regions: 3240->0(3215)
[2025-10-13T23:25:18.680-0700][1201][info ][gc,heap     ] GC(82) Survivor regions: 216->241(432)
[2025-10-13T23:25:18.680-0700][1201][info ][gc,heap     ] GC(82) Old regions: 633->633
[2025-10-13T23:25:18.680-0700][1201][info ][gc,heap     ] GC(82) Humongous regions: 25->0
[2025-10-13T23:25:18.680-0700][1201][info ][gc,metaspace] GC(82) Metaspace: 306035K(310976K)->306035K(310976K) NonClass: 270805K(273408K)->270805K(273408K) Class: 35229K(37568K)->35229K(37568K)
[2025-10-13T23:25:18.680-0700][1201][info ][gc          ] GC(82) Pause Young (Normal) (G1 Evacuation Pause) 131636M->27943M(184320M) 173.638ms
[2025-10-13T23:25:18.681-0700][1201][info ][gc,cpu      ] GC(82) User=16.36s Sys=0.16s Real=0.18s
[2025-10-13T23:25:18.682-0700][1201][info ][safepoint   ] Safepoint "G1CollectForAllocation", Time since last: 979520592 ns, Reaching safepoint: 888438 ns, Cleanup: 12860 ns, At safepoint: 177089071 ns, Total: 177990369 ns
[2025-10-13T23:25:19.683-0700][1201][info ][safepoint   ] Safepoint "Cleanup", Time since last: 1000085523 ns, Reaching safepoint: 648577 ns, Cleanup: 26850 ns, At safepoint: 173241 ns, Total: 848668 ns
[2025-10-13T23:25:20.684-0700][1201][info ][safepoint   ] Safepoint "Cleanup", Time since last: 1000115878 ns, Reaching safepoint: 701317 ns, Cleanup: 22554 ns, At safepoint: 215855 ns, Total: 939726 ns
[2025-10-13T23:25:21.687-0700][1201][info ][safepoint   ] Safepoint "Cleanup", Time since last: 1000098853 ns, Reaching safepoint: 1719911 ns, Cleanup: 30295 ns, At safepoint: 1046397 ns, Total: 2796603 ns
[2025-10-13T23:25:22.689-0700][1201][info ][safepoint   ] Safepoint "Cleanup", Time since last: 1000158452 ns, Reaching safepoint: 1458597 ns, Cleanup: 27392 ns, At safepoint: 681697 ns, Total: 2167686 ns
[2025-10-13T23:25:23.691-0700][1201][info ][safepoint   ] Safepoint "Cleanup", Time since last: 1000122237 ns, Reaching safepoint: 824502 ns, Cleanup: 41914 ns, At safepoint: 938854 ns, Total: 1805270 ns
[2025-10-13T23:25:25.151-0700][1201][info ][safepoint   ] Safepoint "Cleanup", Time since last: 1457860052 ns, Reaching safepoint: 784061 ns, Cleanup: 55414 ns, At safepoint: 819665 ns, Total: 1659140 ns
[2025-10-13T23:25:26.152-0700][1201][info ][safepoint   ] Safepoint "Cleanup", Time since last: 1000117681 ns, Reaching safepoint: 664481 ns, Cleanup: 47321 ns, At safepoint: 217377 ns, Total: 929179 ns
[2025-10-13T23:25:27.157-0700][1201][info ][safepoint   ] Safepoint "Cleanup", Time since last: 1000100055 ns, Reaching safepoint: 3928398 ns, Cleanup: 22083 ns, At safepoint: 806305 ns, Total: 4756786 ns
[2025-10-13T23:25:29.158-0700][1201][info ][safepoint   ] Safepoint "Cleanup", Time since last: 2000165096 ns, Reaching safepoint: 740555 ns, Cleanup: 20031 ns, At safepoint: 573153 ns, Total: 1333739 ns
[2025-10-13T23:25:29.648-0700][1201][info ][gc,start    ] GC(83) Pause Young (Normal) (G1 Evacuation Pause)
[2025-10-13T23:25:29.648-0700][1201][info ][gc,task     ] GC(83) Using 113 workers of 113 for evacuation
[2025-10-13T23:25:29.661-0700][1201][debug][gc,remset   ] GC(83) Visited cards 9877248 Total dirty 40173568 (24.59%) Total old 496107520 (1.99%)
[2025-10-13T23:25:29.852-0700][1201][info ][gc,mmu      ] GC(83) MMU target violated: 201.0ms (200.0ms/201.0ms)
[2025-10-13T23:25:29.852-0700][1201][info ][gc,phases   ] GC(83)   Pre Evacuate Collection Set: 0.7ms
[2025-10-13T23:25:29.852-0700][1201][info ][gc,phases   ] GC(83)   Merge Heap Roots: 12.6ms
[2025-10-13T23:25:29.852-0700][1201][info ][gc,phases   ] GC(83)   Evacuate Collection Set: 177.3ms
[2025-10-13T23:25:29.852-0700][1201][info ][gc,phases   ] GC(83)   Post Evacuate Collection Set: 13.4ms
[2025-10-13T23:25:29.852-0700][1201][info ][gc,phases   ] GC(83)   Other: 0.2ms
[2025-10-13T23:25:29.852-0700][1201][debug][gc,remset   ] GC(83) Coarsening (recent): Inline->AoC 12952 (1) AoC->Howl 41 (0) Howl->Full 0 (0) Inline->AoC 275 (0) AoC->BitMap 10 (0) BitMap->Full 0 (0) 
[2025-10-13T23:25:29.852-0700][1201][debug][gc,remset   ] GC(83) Coarsening (all): Inline->AoC 1073895 (50) AoC->Howl 28321 (100) Howl->Full 0 (0) Inline->AoC 151811 (25) AoC->BitMap 32846 (62) BitMap->Full 0 (0) 
[2025-10-13T23:25:29.852-0700][1201][info ][gc,heap     ] GC(83) Eden regions: 3215->0(3218)
[2025-10-13T23:25:29.852-0700][1201][info ][gc,heap     ] GC(83) Survivor regions: 241->238(432)
[2025-10-13T23:25:29.852-0700][1201][info ][gc,heap     ] GC(83) Old regions: 633->670
[2025-10-13T23:25:29.852-0700][1201][info ][gc,heap     ] GC(83) Humongous regions: 25->1
[2025-10-13T23:25:29.852-0700][1201][info ][gc,metaspace] GC(83) Metaspace: 306183K(311232K)->306183K(311232K) NonClass: 270943K(273600K)->270943K(273600K) Class: 35240K(37632K)->35240K(37632K)
[2025-10-13T23:25:29.852-0700][1201][info ][gc          ] GC(83) Pause Young (Normal) (G1 Evacuation Pause) 131623M->29053M(184320M) 204.453ms
[2025-10-13T23:25:29.853-0700][1201][info ][gc,cpu      ] GC(83) User=17.81s Sys=0.16s Real=0.21s
[2025-10-13T23:25:29.854-0700][1201][info ][safepoint   ] Safepoint "G1CollectForAllocation", Time since last: 487444748 ns, Reaching safepoint: 897582 ns, Cleanup: 22624 ns, At safepoint: 207734779 ns, Total: 208654985 ns
[2025-10-13T23:25:30.855-0700][1201][info ][safepoint   ] Safepoint "Cleanup", Time since last: 1000109669 ns, Reaching safepoint: 647696 ns, Cleanup: 28753 ns, At safepoint: 103215 ns, Total: 779664 ns
[2025-10-13T23:25:31.856-0700][1201][info ][safepoint   ] Safepoint "Cleanup", Time since last: 1000108187 ns, Reaching safepoint: 820406 ns, Cleanup: 20611 ns, At safepoint: 296617 ns, Total: 1137634 ns
[2025-10-13T23:25:33.857-0700][1201][info ][safepoint   ] Safepoint "Cleanup", Time since last: 2000131595 ns, Reaching safepoint: 664952 ns, Cleanup: 42594 ns, At safepoint: 133621 ns, Total: 841167 ns
[2025-10-13T23:25:34.859-0700][1201][info ][safepoint   ] Safepoint "Cleanup", Time since last: 1000105116 ns, Reaching safepoint: 1109652 ns, Cleanup: 48343 ns, At safepoint: 473593 ns, Total: 1631588 ns
[2025-10-13T23:25:35.870-0700][1201][info ][safepoint   ] Safepoint "Cleanup", Time since last: 1000107597 ns, Reaching safepoint: 8122487 ns, Cleanup: 55544 ns, At safepoint: 2167415 ns, Total: 10345446 ns
[2025-10-13T23:25:36.872-0700][1201][info ][safepoint   ] Safepoint "Cleanup", Time since last: 1000111603 ns, Reaching safepoint: 1085956 ns, Cleanup: 31117 ns, At safepoint: 1229663 ns, Total: 2346736 ns
[2025-10-13T23:25:37.874-0700][1201][info ][safepoint   ] Safepoint "Cleanup", Time since last: 1000120426 ns, Reaching safepoint: 714566 ns, Cleanup: 27912 ns, At safepoint: 1349744 ns, Total: 2092222 ns
[2025-10-13T23:25:38.876-0700][1201][info ][safepoint   ] Safepoint "Cleanup", Time since last: 1000129990 ns, Reaching safepoint: 670981 ns, Cleanup: 41092 ns, At safepoint: 700986 ns, Total: 1413059 ns
[2025-10-13T23:25:39.207-0700][1201][info ][gc,start    ] GC(84) Pause Young (Normal) (G1 Evacuation Pause)
[2025-10-13T23:25:39.207-0700][1201][info ][gc,task     ] GC(84) Using 113 workers of 113 for evacuation
[2025-10-13T23:25:39.221-0700][1201][debug][gc,remset   ] GC(84) Visited cards 9908736 Total dirty 42467328 (23.33%) Total old 498401280 (1.99%)
[2025-10-13T23:25:39.413-0700][1201][info ][gc,mmu      ] GC(84) MMU target violated: 201.0ms (200.0ms/201.0ms)
[2025-10-13T23:25:39.413-0700][1201][info ][gc,phases   ] GC(84)   Pre Evacuate Collection Set: 0.7ms
[2025-10-13T23:25:39.413-0700][1201][info ][gc,phases   ] GC(84)   Merge Heap Roots: 12.9ms
[2025-10-13T23:25:39.413-0700][1201][info ][gc,phases   ] GC(84)   Evacuate Collection Set: 178.6ms
[2025-10-13T23:25:39.413-0700][1201][info ][gc,phases   ] GC(84)   Post Evacuate Collection Set: 13.6ms
[2025-10-13T23:25:39.413-0700][1201][info ][gc,phases   ] GC(84)   Other: 0.2ms
[2025-10-13T23:25:39.413-0700][1201][debug][gc,remset   ] GC(84) Coarsening (recent): Inline->AoC 7042 (1) AoC->Howl 58 (2) Howl->Full 0 (0) Inline->AoC 214 (0) AoC->BitMap 34 (0) BitMap->Full 0 (0) 
[2025-10-13T23:25:39.413-0700][1201][debug][gc,remset   ] GC(84) Coarsening (all): Inline->AoC 1080937 (51) AoC->Howl 28379 (102) Howl->Full 0 (0) Inline->AoC 152025 (25) AoC->BitMap 32880 (62) BitMap->Full 0 (0) 
[2025-10-13T23:25:39.413-0700][1201][info ][gc,heap     ] GC(84) Eden regions: 3218->0(2575)
[2025-10-13T23:25:39.413-0700][1201][info ][gc,heap     ] GC(84) Survivor regions: 238->274(432)
[2025-10-13T23:25:39.413-0700][1201][info ][gc,heap     ] GC(84) Old regions: 670->670
[2025-10-13T23:25:39.413-0700][1201][info ][gc,heap     ] GC(84) Humongous regions: 23->0
[2025-10-13T23:25:39.413-0700][1201][info ][gc,metaspace] GC(84) Metaspace: 306468K(311488K)->306468K(311488K) NonClass: 271215K(273856K)->271215K(273856K) Class: 35252K(37632K)->35252K(37632K)
[2025-10-13T23:25:39.413-0700][1201][info ][gc          ] GC(84) Pause Young (Normal) (G1 Evacuation Pause) 132733M->30177M(184320M) 206.152ms
[2025-10-13T23:25:39.414-0700][1201][info ][gc,cpu      ] GC(84) User=17.38s Sys=0.07s Real=0.21s
[2025-10-13T23:25:39.415-0700][1201][info ][safepoint   ] Safepoint "G1CollectForAllocation", Time since last: 329050546 ns, Reaching safepoint: 873045 ns, Cleanup: 18368 ns, At safepoint: 209657869 ns, Total: 210549282 ns
[2025-10-13T23:25:40.416-0700][1201][info ][safepoint   ] Safepoint "Cleanup", Time since last: 1000080436 ns, Reaching safepoint: 731772 ns, Cleanup: 18588 ns, At safepoint: 189005 ns, Total: 939365 ns
[2025-10-13T23:25:41.418-0700][1201][info ][safepoint   ] Safepoint "Cleanup", Time since last: 1000110771 ns, Reaching safepoint: 680796 ns, Cleanup: 21913 ns, At safepoint: 500514 ns, Total: 1203223 ns
[2025-10-13T23:25:42.419-0700][1201][info ][safepoint   ] Safepoint "Cleanup", Time since last: 1000114918 ns, Reaching safepoint: 781818 ns, Cleanup: 10786 ns, At safepoint: 454745 ns, Total: 1247349 ns
[2025-10-13T23:25:44.427-0700][1201][info ][safepoint   ] Safepoint "Cleanup", Time since last: 2000179790 ns, Reaching safepoint: 6013660 ns, Cleanup: 56205 ns, At safepoint: 2213675 ns, Total: 8283540 ns
[2025-10-13T23:25:45.429-0700][1201][info ][safepoint   ] Safepoint "Cleanup", Time since last: 1000075448 ns, Reaching safepoint: 722088 ns, Cleanup: 19409 ns, At safepoint: 965144 ns, Total: 1706641 ns
[2025-10-13T23:25:46.431-0700][1201][info ][safepoint   ] Safepoint "Cleanup", Time since last: 1000108147 ns, Reaching safepoint: 763771 ns, Cleanup: 20902 ns, At safepoint: 864442 ns, Total: 1649115 ns
[2025-10-13T23:25:47.433-0700][1201][info ][safepoint   ] Safepoint "Cleanup", Time since last: 1000106244 ns, Reaching safepoint: 797362 ns, Cleanup: 24346 ns, At safepoint: 1335963 ns, Total: 2157671 ns
[2025-10-13T23:25:48.436-0700][1201][info ][safepoint   ] Safepoint "Cleanup", Time since last: 1000125904 ns, Reaching safepoint: 978134 ns, Cleanup: 17587 ns, At safepoint: 1242171 ns, Total: 2237892 ns
[2025-10-13T23:25:49.438-0700][1201][info ][safepoint   ] Safepoint "Cleanup", Time since last: 1000144963 ns, Reaching safepoint: 668036 ns, Cleanup: 24167 ns, At safepoint: 1054959 ns, Total: 1747162 ns
[2025-10-13T23:25:50.439-0700][1201][info ][safepoint   ] Safepoint "Cleanup", Time since last: 1000111122 ns, Reaching safepoint: 695668 ns, Cleanup: 8723 ns, At safepoint: 832494 ns, Total: 1536885 ns
[2025-10-13T23:25:50.685-0700][1201][info ][gc,start    ] GC(85) Pause Young (Normal) (G1 Evacuation Pause)
[2025-10-13T23:25:50.685-0700][1201][info ][gc,task     ] GC(85) Using 113 workers of 113 for evacuation
[2025-10-13T23:25:50.698-0700][1201][debug][gc,remset   ] GC(85) Visited cards 9918464 Total dirty 42467328 (23.36%) Total old 477757440 (2.08%)
[2025-10-13T23:25:50.898-0700][1201][info ][gc,mmu      ] GC(85) MMU target violated: 201.0ms (200.0ms/201.0ms)
[2025-10-13T23:25:50.898-0700][1201][info ][gc,phases   ] GC(85)   Pre Evacuate Collection Set: 0.7ms
[2025-10-13T23:25:50.898-0700][1201][info ][gc,phases   ] GC(85)   Merge Heap Roots: 12.5ms
[2025-10-13T23:25:50.898-0700][1201][info ][gc,phases   ] GC(85)   Evacuate Collection Set: 186.5ms
[2025-10-13T23:25:50.898-0700][1201][info ][gc,phases   ] GC(85)   Post Evacuate Collection Set: 13.4ms
[2025-10-13T23:25:50.898-0700][1201][info ][gc,phases   ] GC(85)   Other: 0.2ms
[2025-10-13T23:25:50.898-0700][1201][debug][gc,remset   ] GC(85) Coarsening (recent): Inline->AoC 6581 (0) AoC->Howl 12 (0) Howl->Full 0 (0) Inline->AoC 72 (0) AoC->BitMap 6 (0) BitMap->Full 0 (0) 
[2025-10-13T23:25:50.898-0700][1201][debug][gc,remset   ] GC(85) Coarsening (all): Inline->AoC 1087518 (51) AoC->Howl 28391 (102) Howl->Full 0 (0) Inline->AoC 152097 (25) AoC->BitMap 32886 (62) BitMap->Full 0 (0) 
[2025-10-13T23:25:50.898-0700][1201][info ][gc,heap     ] GC(85) Eden regions: 3023->0(2687)
[2025-10-13T23:25:50.898-0700][1201][info ][gc,heap     ] GC(85) Survivor regions: 274->257(413)
[2025-10-13T23:25:50.898-0700][1201][info ][gc,heap     ] GC(85) Old regions: 670->718
[2025-10-13T23:25:50.898-0700][1201][info ][gc,heap     ] GC(85) Humongous regions: 26->0
[2025-10-13T23:25:50.898-0700][1201][info ][gc,metaspace] GC(85) Metaspace: 306645K(311808K)->306645K(311808K) NonClass: 271376K(274112K)->271376K(274112K) Class: 35269K(37696K)->35269K(37696K)
[2025-10-13T23:25:50.898-0700][1201][info ][gc          ] GC(85) Pause Young (Normal) (G1 Evacuation Pause) 127745M->31195M(184320M) 213.510ms
[2025-10-13T23:25:50.899-0700][1201][info ][gc,cpu      ] GC(85) User=19.93s Sys=0.09s Real=0.22s
[2025-10-13T23:25:50.900-0700][1201][info ][safepoint   ] Safepoint "G1CollectForAllocation", Time since last: 243581219 ns, Reaching safepoint: 663980 ns, Cleanup: 9915 ns, At safepoint: 216884637 ns, Total: 217558532 ns
[2025-10-13T23:25:51.901-0700][1201][info ][safepoint   ] Safepoint "Cleanup", Time since last: 1000085033 ns, Reaching safepoint: 595437 ns, Cleanup: 33490 ns, At safepoint: 115925 ns, Total: 744852 ns
[2025-10-13T23:25:52.917-0700][1201][info ][safepoint   ] Safepoint "Cleanup", Time since last: 1000085153 ns, Reaching safepoint: 13102069 ns, Cleanup: 55524 ns, At safepoint: 2305223 ns, Total: 15462816 ns
[2025-10-13T23:25:53.919-0700][1201][info ][safepoint   ] Safepoint "Cleanup", Time since last: 1000114637 ns, Reaching safepoint: 885384 ns, Cleanup: 12018 ns, At safepoint: 1135661 ns, Total: 2033063 ns
[2025-10-13T23:25:54.921-0700][1201][info ][safepoint   ] Safepoint "Cleanup", Time since last: 1000114557 ns, Reaching safepoint: 729459 ns, Cleanup: 12940 ns, At safepoint: 829559 ns, Total: 1571958 ns
[2025-10-13T23:25:55.922-0700][1201][info ][safepoint   ] Safepoint "Cleanup", Time since last: 1000107397 ns, Reaching safepoint: 730350 ns, Cleanup: 16585 ns, At safepoint: 644020 ns, Total: 1390955 ns
[2025-10-13T23:25:56.924-0700][1201][info ][safepoint   ] Safepoint "Cleanup", Time since last: 1000119244 ns, Reaching safepoint: 818704 ns, Cleanup: 17386 ns, At safepoint: 932916 ns, Total: 1769006 ns
[2025-10-13T23:25:57.926-0700][1201][info ][safepoint   ] Safepoint "Cleanup", Time since last: 1000114336 ns, Reaching safepoint: 775348 ns, Cleanup: 24227 ns, At safepoint: 1289202 ns, Total: 2088777 ns
[2025-10-13T23:25:58.928-0700][1201][info ][safepoint   ] Safepoint "Cleanup", Time since last: 1000109890 ns, Reaching safepoint: 767226 ns, Cleanup: 29194 ns, At safepoint: 784482 ns, Total: 1580902 ns
[2025-10-13T23:25:59.930-0700][1201][info ][safepoint   ] Safepoint "Cleanup", Time since last: 1000112043 ns, Reaching safepoint: 797682 ns, Cleanup: 63576 ns, At safepoint: 1248601 ns, Total: 2109859 ns
[2025-10-13T23:26:00.932-0700][1201][info ][safepoint   ] Safepoint "Cleanup", Time since last: 1000120015 ns, Reaching safepoint: 772805 ns, Cleanup: 25869 ns, At safepoint: 1219867 ns, Total: 2018541 ns
[2025-10-13T23:26:01.409-0700][1201][info ][gc,start    ] GC(86) Pause Young (Normal) (G1 Evacuation Pause)
[2025-10-13T23:26:01.409-0700][1201][info ][gc,task     ] GC(86) Using 113 workers of 113 for evacuation
[2025-10-13T23:26:01.422-0700][1201][debug][gc,remset   ] GC(86) Visited cards 10045184 Total dirty 45547520 (22.05%) Total old 480051200 (2.09%)
[2025-10-13T23:26:01.602-0700][1201][info ][gc,phases   ] GC(86)   Pre Evacuate Collection Set: 0.7ms
[2025-10-13T23:26:01.602-0700][1201][info ][gc,phases   ] GC(86)   Merge Heap Roots: 12.4ms
[2025-10-13T23:26:01.602-0700][1201][info ][gc,phases   ] GC(86)   Evacuate Collection Set: 166.7ms
[2025-10-13T23:26:01.602-0700][1201][info ][gc,phases   ] GC(86)   Post Evacuate Collection Set: 13.2ms
[2025-10-13T23:26:01.602-0700][1201][info ][gc,phases   ] GC(86)   Other: 0.2ms
[2025-10-13T23:26:01.602-0700][1201][debug][gc,remset   ] GC(86) Coarsening (recent): Inline->AoC 5571 (0) AoC->Howl 44 (0) Howl->Full 0 (0) Inline->AoC 200 (0) AoC->BitMap 43 (0) BitMap->Full 0 (0) 
[2025-10-13T23:26:01.602-0700][1201][debug][gc,remset   ] GC(86) Coarsening (all): Inline->AoC 1093089 (51) AoC->Howl 28435 (102) Howl->Full 0 (0) Inline->AoC 152297 (25) AoC->BitMap 32929 (62) BitMap->Full 0 (0) 
[2025-10-13T23:26:01.602-0700][1201][info ][gc,heap     ] GC(86) Eden regions: 3033->0(3221)
[2025-10-13T23:26:01.602-0700][1201][info ][gc,heap     ] GC(86) Survivor regions: 257->235(412)
[2025-10-13T23:26:01.602-0700][1201][info ][gc,heap     ] GC(86) Old regions: 718->766
[2025-10-13T23:26:01.602-0700][1201][info ][gc,heap     ] GC(86) Humongous regions: 27->0
[2025-10-13T23:26:01.602-0700][1201][info ][gc,metaspace] GC(86) Metaspace: 306727K(311872K)->306727K(311872K) NonClass: 271451K(274176K)->271451K(274176K) Class: 35275K(37696K)->35275K(37696K)
[2025-10-13T23:26:01.602-0700][1201][info ][gc          ] GC(86) Pause Young (Normal) (G1 Evacuation Pause) 129115M->32029M(184320M) 193.390ms
[2025-10-13T23:26:01.603-0700][1201][info ][gc,cpu      ] GC(86) User=18.91s Sys=0.02s Real=0.19s
[2025-10-13T23:26:01.605-0700][1201][info ][safepoint   ] Safepoint "G1CollectForAllocation", Time since last: 475003558 ns, Reaching safepoint: 748267 ns, Cleanup: 10957 ns, At safepoint: 196672215 ns, Total: 197431439 ns
[2025-10-13T23:26:02.605-0700][1201][info ][safepoint   ] Safepoint "Cleanup", Time since last: 1000081087 ns, Reaching safepoint: 664801 ns, Cleanup: 20922 ns, At safepoint: 114783 ns, Total: 800506 ns
[2025-10-13T23:26:03.607-0700][1201][info ][safepoint   ] Safepoint "Cleanup", Time since last: 1000103921 ns, Reaching safepoint: 789970 ns, Cleanup: 10516 ns, At safepoint: 221404 ns, Total: 1021890 ns
[2025-10-13T23:26:04.608-0700][1201][info ][safepoint   ] Safepoint "Cleanup", Time since last: 1000101216 ns, Reaching safepoint: 789500 ns, Cleanup: 20160 ns, At safepoint: 953026 ns, Total: 1762686 ns
[2025-10-13T23:26:05.610-0700][1201][info ][safepoint   ] Safepoint "Cleanup", Time since last: 1000108448 ns, Reaching safepoint: 786295 ns, Cleanup: 32739 ns, At safepoint: 669879 ns, Total: 1488913 ns
[2025-10-13T23:26:06.612-0700][1201][info ][safepoint   ] Safepoint "Cleanup", Time since last: 1000109309 ns, Reaching safepoint: 1002250 ns, Cleanup: 52219 ns, At safepoint: 1193939 ns, Total: 2248408 ns
[2025-10-13T23:26:07.614-0700][1201][info ][safepoint   ] Safepoint "Cleanup", Time since last: 1000110631 ns, Reaching safepoint: 784812 ns, Cleanup: 13721 ns, At safepoint: 671412 ns, Total: 1469945 ns
[2025-10-13T23:26:08.616-0700][1201][info ][safepoint   ] Safepoint "Cleanup", Time since last: 1000100916 ns, Reaching safepoint: 788288 ns, Cleanup: 26890 ns, At safepoint: 883491 ns, Total: 1698669 ns
[2025-10-13T23:26:09.618-0700][1201][info ][safepoint   ] Safepoint "Cleanup", Time since last: 1000104512 ns, Reaching safepoint: 858554 ns, Cleanup: 12879 ns, At safepoint: 1325066 ns, Total: 2196499 ns
[2025-10-13T23:26:10.620-0700][1201][info ][safepoint   ] Safepoint "Cleanup", Time since last: 1000112504 ns, Reaching safepoint: 848539 ns, Cleanup: 17226 ns, At safepoint: 1057062 ns, Total: 1922827 ns
[2025-10-13T23:26:11.337-0700][1201][info ][gc,start    ] GC(87) Pause Young (Normal) (G1 Evacuation Pause)
[2025-10-13T23:26:11.337-0700][1201][info ][gc,task     ] GC(87) Using 113 workers of 113 for evacuation
[2025-10-13T23:26:11.351-0700][1201][debug][gc,remset   ] GC(87) Visited cards 10236416 Total dirty 48168960 (21.25%) Total old 505151488 (2.03%)
[2025-10-13T23:26:11.552-0700][1201][info ][gc,mmu      ] GC(87) MMU target violated: 201.0ms (200.0ms/201.0ms)
[2025-10-13T23:26:11.552-0700][1201][info ][gc,phases   ] GC(87)   Pre Evacuate Collection Set: 0.7ms
[2025-10-13T23:26:11.552-0700][1201][info ][gc,phases   ] GC(87)   Merge Heap Roots: 12.6ms
[2025-10-13T23:26:11.552-0700][1201][info ][gc,phases   ] GC(87)   Evacuate Collection Set: 186.8ms
[2025-10-13T23:26:11.552-0700][1201][info ][gc,phases   ] GC(87)   Post Evacuate Collection Set: 14.2ms
[2025-10-13T23:26:11.552-0700][1201][info ][gc,phases   ] GC(87)   Other: 0.2ms
[2025-10-13T23:26:11.552-0700][1201][debug][gc,remset   ] GC(87) Coarsening (recent): Inline->AoC 12474 (1) AoC->Howl 49 (0) Howl->Full 0 (0) Inline->AoC 224 (0) AoC->BitMap 22 (0) BitMap->Full 0 (0) 
[2025-10-13T23:26:11.552-0700][1201][debug][gc,remset   ] GC(87) Coarsening (all): Inline->AoC 1105563 (52) AoC->Howl 28484 (102) Howl->Full 0 (0) Inline->AoC 152521 (25) AoC->BitMap 32951 (62) BitMap->Full 0 (0) 
[2025-10-13T23:26:11.552-0700][1201][info ][gc,heap     ] GC(87) Eden regions: 3221->0(2141)
[2025-10-13T23:26:11.552-0700][1201][info ][gc,heap     ] GC(87) Survivor regions: 235->278(432)
[2025-10-13T23:26:11.552-0700][1201][info ][gc,heap     ] GC(87) Old regions: 766->766
[2025-10-13T23:26:11.552-0700][1201][info ][gc,heap     ] GC(87) Humongous regions: 30->0
[2025-10-13T23:26:11.552-0700][1201][info ][gc,metaspace] GC(87) Metaspace: 306874K(312064K)->306874K(312064K) NonClass: 271592K(274368K)->271592K(274368K) Class: 35282K(37696K)->35282K(37696K)
[2025-10-13T23:26:11.552-0700][1201][info ][gc          ] GC(87) Pause Young (Normal) (G1 Evacuation Pause) 136061M->33388M(184320M) 214.621ms
[2025-10-13T23:26:11.553-0700][1201][info ][gc,cpu      ] GC(87) User=18.37s Sys=0.11s Real=0.22s
[2025-10-13T23:26:11.554-0700][1201][info ][safepoint   ] Safepoint "G1CollectForAllocation", Time since last: 715143181 ns, Reaching safepoint: 812604 ns, Cleanup: 15013 ns, At safepoint: 217905455 ns, Total: 218733072 ns
[2025-10-13T23:26:12.555-0700][1201][info ][safepoint   ] Safepoint "Cleanup", Time since last: 1000077311 ns, Reaching safepoint: 843050 ns, Cleanup: 28403 ns, At safepoint: 237267 ns, Total: 1108720 ns
[2025-10-13T23:26:15.562-0700][1201][info ][safepoint   ] Safepoint "Cleanup", Time since last: 3000231713 ns, Reaching safepoint: 5011871 ns, Cleanup: 19569 ns, At safepoint: 1453741 ns, Total: 6485181 ns
[2025-10-13T23:26:16.564-0700][1201][info ][safepoint   ] Safepoint "Cleanup", Time since last: 1000102348 ns, Reaching safepoint: 822860 ns, Cleanup: 25869 ns, At safepoint: 821337 ns, Total: 1670066 ns
[2025-10-13T23:26:17.566-0700][1201][info ][safepoint   ] Safepoint "Cleanup", Time since last: 1000099254 ns, Reaching safepoint: 977012 ns, Cleanup: 15223 ns, At safepoint: 877713 ns, Total: 1869948 ns
[2025-10-13T23:26:19.221-0700][1201][info ][gc,start    ] GC(88) Pause Young (Normal) (G1 Evacuation Pause)
[2025-10-13T23:26:19.221-0700][1201][info ][gc,task     ] GC(88) Using 113 workers of 113 for evacuation
[2025-10-13T23:26:19.234-0700][1201][debug][gc,remset   ] GC(88) Visited cards 10243840 Total dirty 48168960 (21.27%) Total old 397737984 (2.58%)
[2025-10-13T23:26:19.442-0700][1201][info ][gc,mmu      ] GC(88) MMU target violated: 201.0ms (200.0ms/201.0ms)
[2025-10-13T23:26:19.442-0700][1201][info ][gc,phases   ] GC(88)   Pre Evacuate Collection Set: 0.8ms
[2025-10-13T23:26:19.442-0700][1201][info ][gc,phases   ] GC(88)   Merge Heap Roots: 12.3ms
[2025-10-13T23:26:19.442-0700][1201][info ][gc,phases   ] GC(88)   Evacuate Collection Set: 196.4ms
[2025-10-13T23:26:19.442-0700][1201][info ][gc,phases   ] GC(88)   Post Evacuate Collection Set: 12.1ms
[2025-10-13T23:26:19.442-0700][1201][info ][gc,phases   ] GC(88)   Other: 0.2ms
[2025-10-13T23:26:19.443-0700][1201][debug][gc,remset   ] GC(88) Coarsening (recent): Inline->AoC 1247 (0) AoC->Howl 14 (0) Howl->Full 0 (0) Inline->AoC 81 (0) AoC->BitMap 11 (0) BitMap->Full 0 (0) 
[2025-10-13T23:26:19.443-0700][1201][debug][gc,remset   ] GC(88) Coarsening (all): Inline->AoC 1106810 (52) AoC->Howl 28498 (102) Howl->Full 0 (0) Inline->AoC 152602 (25) AoC->BitMap 32962 (62) BitMap->Full 0 (0) 
[2025-10-13T23:26:19.443-0700][1201][info ][gc,heap     ] GC(88) Eden regions: 2365->0(3240)
[2025-10-13T23:26:19.443-0700][1201][info ][gc,heap     ] GC(88) Survivor regions: 278->216(331)
[2025-10-13T23:26:19.443-0700][1201][info ][gc,heap     ] GC(88) Old regions: 766->879
[2025-10-13T23:26:19.443-0700][1201][info ][gc,heap     ] GC(88) Humongous regions: 17->0
[2025-10-13T23:26:19.443-0700][1201][info ][gc,metaspace] GC(88) Metaspace: 307001K(312256K)->307001K(312256K) NonClass: 271706K(274496K)->271706K(274496K) Class: 35294K(37760K)->35294K(37760K)
[2025-10-13T23:26:19.443-0700][1201][info ][gc          ] GC(88) Pause Young (Normal) (G1 Evacuation Pause) 109612M->35029M(184320M) 221.960ms
[2025-10-13T23:26:19.444-0700][1201][info ][gc,cpu      ] GC(88) User=20.51s Sys=0.08s Real=0.22s
[2025-10-13T23:26:19.445-0700][1201][info ][safepoint   ] Safepoint "G1CollectForAllocation", Time since last: 1652995854 ns, Reaching safepoint: 806605 ns, Cleanup: 18208 ns, At safepoint: 225352815 ns, Total: 226177628 ns
[2025-10-13T23:26:20.446-0700][1201][info ][safepoint   ] Safepoint "Cleanup", Time since last: 1000091622 ns, Reaching safepoint: 869531 ns, Cleanup: 40140 ns, At safepoint: 591481 ns, Total: 1501152 ns
[2025-10-13T23:26:21.448-0700][1201][info ][safepoint   ] Safepoint "Cleanup", Time since last: 1000111272 ns, Reaching safepoint: 796320 ns, Cleanup: 35333 ns, At safepoint: 767777 ns, Total: 1599430 ns
[2025-10-13T23:26:22.450-0700][1201][info ][safepoint   ] Safepoint "Cleanup", Time since last: 1000088468 ns, Reaching safepoint: 798252 ns, Cleanup: 14803 ns, At safepoint: 724541 ns, Total: 1537596 ns
[2025-10-13T23:26:24.182-0700][1201][info ][safepoint   ] Safepoint "Cleanup", Time since last: 1723720748 ns, Reaching safepoint: 6999486 ns, Cleanup: 22964 ns, At safepoint: 1424436 ns, Total: 8446886 ns
[2025-10-13T23:26:25.184-0700][1201][info ][safepoint   ] Safepoint "Cleanup", Time since last: 1000134437 ns, Reaching safepoint: 829099 ns, Cleanup: 11578 ns, At safepoint: 1183914 ns, Total: 2024591 ns
[2025-10-13T23:26:26.186-0700][1201][info ][safepoint   ] Safepoint "Cleanup", Time since last: 1000124882 ns, Reaching safepoint: 879055 ns, Cleanup: 20310 ns, At safepoint: 767436 ns, Total: 1666801 ns
[2025-10-13T23:26:27.190-0700][1201][info ][safepoint   ] Safepoint "Cleanup", Time since last: 1000108719 ns, Reaching safepoint: 2975773 ns, Cleanup: 24166 ns, At safepoint: 1036021 ns, Total: 4035960 ns
[2025-10-13T23:26:28.192-0700][1201][info ][safepoint   ] Safepoint "Cleanup", Time since last: 1000108388 ns, Reaching safepoint: 872875 ns, Cleanup: 37757 ns, At safepoint: 1281150 ns, Total: 2191782 ns
[2025-10-13T23:26:29.194-0700][1201][info ][safepoint   ] Safepoint "Cleanup", Time since last: 1000114457 ns, Reaching safepoint: 786695 ns, Cleanup: 18508 ns, At safepoint: 765073 ns, Total: 1570276 ns
[2025-10-13T23:26:30.196-0700][1201][info ][safepoint   ] Safepoint "Cleanup", Time since last: 1000112313 ns, Reaching safepoint: 862169 ns, Cleanup: 20762 ns, At safepoint: 893065 ns, Total: 1775996 ns
[2025-10-13T23:26:30.764-0700][1201][info ][gc,start    ] GC(89) Pause Young (Normal) (G1 Evacuation Pause)
[2025-10-13T23:26:30.764-0700][1201][info ][gc,task     ] GC(89) Using 113 workers of 113 for evacuation
[2025-10-13T23:26:30.778-0700][1201][debug][gc,remset   ] GC(89) Visited cards 10658816 Total dirty 55115776 (19.34%) Total old 512491520 (2.08%)
[2025-10-13T23:26:30.969-0700][1201][info ][gc,mmu      ] GC(89) MMU target violated: 201.0ms (200.0ms/201.0ms)
[2025-10-13T23:26:30.969-0700][1201][info ][gc,phases   ] GC(89)   Pre Evacuate Collection Set: 0.9ms
[2025-10-13T23:26:30.969-0700][1201][info ][gc,phases   ] GC(89)   Merge Heap Roots: 13.7ms
[2025-10-13T23:26:30.969-0700][1201][info ][gc,phases   ] GC(89)   Evacuate Collection Set: 176.4ms
[2025-10-13T23:26:30.969-0700][1201][info ][gc,phases   ] GC(89)   Post Evacuate Collection Set: 14.3ms
[2025-10-13T23:26:30.969-0700][1201][info ][gc,phases   ] GC(89)   Other: 0.2ms
[2025-10-13T23:26:30.969-0700][1201][debug][gc,remset   ] GC(89) Coarsening (recent): Inline->AoC 8120 (1) AoC->Howl 27 (0) Howl->Full 0 (0) Inline->AoC 140 (0) AoC->BitMap 7 (0) BitMap->Full 0 (0) 
[2025-10-13T23:26:30.969-0700][1201][debug][gc,remset   ] GC(89) Coarsening (all): Inline->AoC 1114930 (53) AoC->Howl 28525 (102) Howl->Full 0 (0) Inline->AoC 152742 (25) AoC->BitMap 32969 (62) BitMap->Full 0 (0) 
[2025-10-13T23:26:30.969-0700][1201][info ][gc,heap     ] GC(89) Eden regions: 3240->0(2346)
[2025-10-13T23:26:30.969-0700][1201][info ][gc,heap     ] GC(89) Survivor regions: 216->259(432)
[2025-10-13T23:26:30.969-0700][1201][info ][gc,heap     ] GC(89) Old regions: 879->879
[2025-10-13T23:26:30.969-0700][1201][info ][gc,heap     ] GC(89) Humongous regions: 29->0
[2025-10-13T23:26:30.969-0700][1201][info ][gc,metaspace] GC(89) Metaspace: 307215K(312448K)->307215K(312448K) NonClass: 271904K(274688K)->271904K(274688K) Class: 35310K(37760K)->35310K(37760K)
[2025-10-13T23:26:30.969-0700][1201][info ][gc          ] GC(89) Pause Young (Normal) (G1 Evacuation Pause) 139637M->36407M(184320M) 205.666ms
[2025-10-13T23:26:30.970-0700][1201][info ][gc,cpu      ] GC(89) User=16.81s Sys=0.09s Real=0.21s
[2025-10-13T23:26:30.972-0700][1201][info ][safepoint   ] Safepoint "G1CollectForAllocation", Time since last: 565446208 ns, Reaching safepoint: 937152 ns, Cleanup: 17096 ns, At safepoint: 209315734 ns, Total: 210269982 ns
[2025-10-13T23:26:31.973-0700][1201][info ][safepoint   ] Safepoint "Cleanup", Time since last: 1000095669 ns, Reaching safepoint: 718442 ns, Cleanup: 44036 ns, At safepoint: 149235 ns, Total: 911713 ns
[2025-10-13T23:26:32.976-0700][1201][info ][safepoint   ] Safepoint "Cleanup", Time since last: 1000104482 ns, Reaching safepoint: 2860610 ns, Cleanup: 24717 ns, At safepoint: 560214 ns, Total: 3445541 ns
[2025-10-13T23:26:33.978-0700][1201][info ][safepoint   ] Safepoint "Cleanup", Time since last: 1000113856 ns, Reaching safepoint: 728187 ns, Cleanup: 23686 ns, At safepoint: 455776 ns, Total: 1207649 ns
[2025-10-13T23:26:34.980-0700][1201][info ][safepoint   ] Safepoint "Cleanup", Time since last: 1000107417 ns, Reaching safepoint: 1570436 ns, Cleanup: 62384 ns, At safepoint: 319621 ns, Total: 1952441 ns
[2025-10-13T23:26:35.981-0700][1201][info ][safepoint   ] Safepoint "Cleanup", Time since last: 1000103831 ns, Reaching safepoint: 799164 ns, Cleanup: 10005 ns, At safepoint: 402497 ns, Total: 1211666 ns
[2025-10-13T23:26:36.983-0700][1201][info ][safepoint   ] Safepoint "Cleanup", Time since last: 1000103140 ns, Reaching safepoint: 1665919 ns, Cleanup: 25899 ns, At safepoint: 720716 ns, Total: 2412534 ns
[2025-10-13T23:26:37.985-0700][1201][info ][safepoint   ] Safepoint "Cleanup", Time since last: 1000111583 ns, Reaching safepoint: 798733 ns, Cleanup: 24317 ns, At safepoint: 396257 ns, Total: 1219307 ns
[2025-10-13T23:26:38.011-0700][1201][info ][gc,start    ] GC(90) Pause Young (Normal) (G1 Evacuation Pause)
[2025-10-13T23:26:38.011-0700][1201][info ][gc,task     ] GC(90) Using 113 workers of 113 for evacuation
[2025-10-13T23:26:38.025-0700][1201][debug][gc,remset   ] GC(90) Visited cards 10700800 Total dirty 55181312 (19.39%) Total old 417398784 (2.56%)
[2025-10-13T23:26:38.214-0700][1201][info ][gc,mmu      ] GC(90) MMU target violated: 201.0ms (200.0ms/201.0ms)
[2025-10-13T23:26:38.214-0700][1201][info ][gc,phases   ] GC(90)   Pre Evacuate Collection Set: 0.7ms
[2025-10-13T23:26:38.214-0700][1201][info ][gc,phases   ] GC(90)   Merge Heap Roots: 13.2ms
[2025-10-13T23:26:38.214-0700][1201][info ][gc,phases   ] GC(90)   Evacuate Collection Set: 176.3ms
[2025-10-13T23:26:38.214-0700][1201][info ][gc,phases   ] GC(90)   Post Evacuate Collection Set: 12.5ms
[2025-10-13T23:26:38.214-0700][1201][info ][gc,phases   ] GC(90)   Other: 0.2ms
[2025-10-13T23:26:38.214-0700][1201][debug][gc,remset   ] GC(90) Coarsening (recent): Inline->AoC 6831 (0) AoC->Howl 21 (0) Howl->Full 0 (0) Inline->AoC 116 (0) AoC->BitMap 7 (0) BitMap->Full 0 (0) 
[2025-10-13T23:26:38.214-0700][1201][debug][gc,remset   ] GC(90) Coarsening (all): Inline->AoC 1121761 (53) AoC->Howl 28546 (102) Howl->Full 0 (0) Inline->AoC 152858 (25) AoC->BitMap 32976 (62) BitMap->Full 0 (0) 
[2025-10-13T23:26:38.214-0700][1201][info ][gc,heap     ] GC(90) Eden regions: 2477->0(3264)
[2025-10-13T23:26:38.214-0700][1201][info ][gc,heap     ] GC(90) Survivor regions: 259->192(342)
[2025-10-13T23:26:38.214-0700][1201][info ][gc,heap     ] GC(90) Old regions: 879->983
[2025-10-13T23:26:38.214-0700][1201][info ][gc,heap     ] GC(90) Humongous regions: 18->0
[2025-10-13T23:26:38.214-0700][1201][info ][gc,metaspace] GC(90) Metaspace: 307357K(312704K)->307357K(312704K) NonClass: 272036K(274880K)->272036K(274880K) Class: 35321K(37824K)->35321K(37824K)
[2025-10-13T23:26:38.214-0700][1201][info ][gc          ] GC(90) Pause Young (Normal) (G1 Evacuation Pause) 116247M->37573M(184320M) 203.090ms
[2025-10-13T23:26:38.215-0700][1201][info ][gc,cpu      ] GC(90) User=18.96s Sys=0.07s Real=0.20s
[2025-10-13T23:26:38.216-0700][1201][info ][safepoint   ] Safepoint "G1CollectForAllocation", Time since last: 24296635 ns, Reaching safepoint: 696349 ns, Cleanup: 3996 ns, At safepoint: 206517829 ns, Total: 207218174 ns
[2025-10-13T23:26:39.234-0700][1201][info ][safepoint   ] Safepoint "Cleanup", Time since last: 1000084002 ns, Reaching safepoint: 15501226 ns, Cleanup: 17366 ns, At safepoint: 2279096 ns, Total: 17797688 ns
[2025-10-13T23:26:40.237-0700][1201][info ][safepoint   ] Safepoint "Cleanup", Time since last: 1000118813 ns, Reaching safepoint: 832945 ns, Cleanup: 21613 ns, At safepoint: 1661705 ns, Total: 2516263 ns
[2025-10-13T23:26:41.239-0700][1201][info ][safepoint   ] Safepoint "Cleanup", Time since last: 1000109739 ns, Reaching safepoint: 1529866 ns, Cleanup: 37316 ns, At safepoint: 816481 ns, Total: 2383663 ns
[2025-10-13T23:26:42.243-0700][1201][info ][safepoint   ] Safepoint "Cleanup", Time since last: 1000133575 ns, Reaching safepoint: 2175399 ns, Cleanup: 25589 ns, At safepoint: 1354191 ns, Total: 3555179 ns
[2025-10-13T23:26:43.246-0700][1201][info ][safepoint   ] Safepoint "Cleanup", Time since last: 1000179234 ns, Reaching safepoint: 1226990 ns, Cleanup: 17206 ns, At safepoint: 1595895 ns, Total: 2840091 ns
[2025-10-13T23:26:44.248-0700][1201][info ][safepoint   ] Safepoint "Cleanup", Time since last: 1000128638 ns, Reaching safepoint: 916181 ns, Cleanup: 22564 ns, At safepoint: 814237 ns, Total: 1752982 ns
[2025-10-13T23:26:45.263-0700][1201][info ][safepoint   ] Safepoint "Cleanup", Time since last: 1000135569 ns, Reaching safepoint: 13467741 ns, Cleanup: 14011 ns, At safepoint: 1648004 ns, Total: 15129756 ns
[2025-10-13T23:26:46.204-0700][1201][info ][gc,start    ] GC(91) Pause Young (Normal) (G1 Evacuation Pause)
[2025-10-13T23:26:46.204-0700][1201][info ][gc,task     ] GC(91) Using 113 workers of 113 for evacuation
[2025-10-13T23:26:46.218-0700][1201][debug][gc,remset   ] GC(91) Visited cards 10767616 Total dirty 60358656 (17.84%) Total old 518979584 (2.07%)
[2025-10-13T23:26:46.412-0700][1201][info ][gc,mmu      ] GC(91) MMU target violated: 201.0ms (200.0ms/201.0ms)
[2025-10-13T23:26:46.412-0700][1201][info ][gc,phases   ] GC(91)   Pre Evacuate Collection Set: 0.8ms
[2025-10-13T23:26:46.412-0700][1201][info ][gc,phases   ] GC(91)   Merge Heap Roots: 13.3ms
[2025-10-13T23:26:46.412-0700][1201][info ][gc,phases   ] GC(91)   Evacuate Collection Set: 180.1ms
[2025-10-13T23:26:46.412-0700][1201][info ][gc,phases   ] GC(91)   Post Evacuate Collection Set: 13.6ms
[2025-10-13T23:26:46.412-0700][1201][info ][gc,phases   ] GC(91)   Other: 0.2ms
[2025-10-13T23:26:46.412-0700][1201][debug][gc,remset   ] GC(91) Coarsening (recent): Inline->AoC 9591 (2) AoC->Howl 80 (6) Howl->Full 0 (0) Inline->AoC 302 (1) AoC->BitMap 45 (6) BitMap->Full 0 (0) 
[2025-10-13T23:26:46.412-0700][1201][debug][gc,remset   ] GC(91) Coarsening (all): Inline->AoC 1131352 (55) AoC->Howl 28626 (108) Howl->Full 0 (0) Inline->AoC 153160 (26) AoC->BitMap 33021 (68) BitMap->Full 0 (0) 
[2025-10-13T23:26:46.412-0700][1201][info ][gc,heap     ] GC(91) Eden regions: 3264->0(2119)
[2025-10-13T23:26:46.412-0700][1201][info ][gc,heap     ] GC(91) Survivor regions: 192->267(432)
[2025-10-13T23:26:46.412-0700][1201][info ][gc,heap     ] GC(91) Old regions: 983->983
[2025-10-13T23:26:46.412-0700][1201][info ][gc,heap     ] GC(91) Humongous regions: 24->0
[2025-10-13T23:26:46.412-0700][1201][info ][gc,metaspace] GC(91) Metaspace: 307444K(312768K)->307444K(312768K) NonClass: 272119K(274944K)->272119K(274944K) Class: 35324K(37824K)->35324K(37824K)
[2025-10-13T23:26:46.412-0700][1201][info ][gc          ] GC(91) Pause Young (Normal) (G1 Evacuation Pause) 142789M->39973M(184320M) 208.058ms
[2025-10-13T23:26:46.413-0700][1201][info ][gc,cpu      ] GC(91) User=17.86s Sys=0.07s Real=0.21s
[2025-10-13T23:26:46.414-0700][1201][info ][safepoint   ] Safepoint "G1CollectForAllocation", Time since last: 938235291 ns, Reaching safepoint: 1008259 ns, Cleanup: 189085 ns, At safepoint: 211723379 ns, Total: 212920723 ns
[2025-10-13T23:26:47.416-0700][1201][info ][safepoint   ] Safepoint "Cleanup", Time since last: 1000084151 ns, Reaching safepoint: 815729 ns, Cleanup: 27151 ns, At safepoint: 392221 ns, Total: 1235101 ns
[2025-10-13T23:26:48.429-0700][1201][info ][safepoint   ] Safepoint "Cleanup", Time since last: 1000115258 ns, Reaching safepoint: 11300103 ns, Cleanup: 12229 ns, At safepoint: 1737188 ns, Total: 13049520 ns
[2025-10-13T23:26:49.431-0700][1201][info ][safepoint   ] Safepoint "Cleanup", Time since last: 1000103781 ns, Reaching safepoint: 812374 ns, Cleanup: 10656 ns, At safepoint: 895630 ns, Total: 1718660 ns
[2025-10-13T23:26:50.433-0700][1201][info ][safepoint   ] Safepoint "Cleanup", Time since last: 1000110180 ns, Reaching safepoint: 813667 ns, Cleanup: 18127 ns, At safepoint: 1055040 ns, Total: 1886834 ns
[2025-10-13T23:26:51.435-0700][1201][info ][safepoint   ] Safepoint "Cleanup", Time since last: 1000116370 ns, Reaching safepoint: 911734 ns, Cleanup: 30326 ns, At safepoint: 1154370 ns, Total: 2096430 ns
[2025-10-13T23:26:52.437-0700][1201][info ][safepoint   ] Safepoint "Cleanup", Time since last: 1000117541 ns, Reaching safepoint: 867097 ns, Cleanup: 23856 ns, At safepoint: 1289984 ns, Total: 2180937 ns
[2025-10-13T23:26:53.439-0700][1201][info ][safepoint   ] Safepoint "Cleanup", Time since last: 1000108177 ns, Reaching safepoint: 836741 ns, Cleanup: 24227 ns, At safepoint: 1251597 ns, Total: 2112565 ns
[2025-10-13T23:26:53.537-0700][1201][info ][gc,start    ] GC(92) Pause Young (Normal) (G1 Evacuation Pause)
[2025-10-13T23:26:53.537-0700][1201][info ][gc,task     ] GC(92) Using 113 workers of 113 for evacuation
[2025-10-13T23:26:53.550-0700][1201][debug][gc,remset   ] GC(92) Visited cards 10804736 Total dirty 60424192 (17.88%) Total old 388169728 (2.78%)
[2025-10-13T23:26:53.729-0700][1201][info ][gc,phases   ] GC(92)   Pre Evacuate Collection Set: 0.7ms
[2025-10-13T23:26:53.730-0700][1201][info ][gc,phases   ] GC(92)   Merge Heap Roots: 12.5ms
[2025-10-13T23:26:53.730-0700][1201][info ][gc,phases   ] GC(92)   Evacuate Collection Set: 168.0ms
[2025-10-13T23:26:53.730-0700][1201][info ][gc,phases   ] GC(92)   Post Evacuate Collection Set: 11.4ms
[2025-10-13T23:26:53.730-0700][1201][info ][gc,phases   ] GC(92)   Other: 0.1ms
[2025-10-13T23:26:53.730-0700][1201][debug][gc,remset   ] GC(92) Coarsening (recent): Inline->AoC 11024 (0) AoC->Howl 38 (0) Howl->Full 0 (0) Inline->AoC 200 (0) AoC->BitMap 18 (0) BitMap->Full 0 (0) 
[2025-10-13T23:26:53.730-0700][1201][debug][gc,remset   ] GC(92) Coarsening (all): Inline->AoC 1142376 (55) AoC->Howl 28664 (108) Howl->Full 0 (0) Inline->AoC 153360 (26) AoC->BitMap 33039 (68) BitMap->Full 0 (0) 
[2025-10-13T23:26:53.730-0700][1201][info ][gc,heap     ] GC(92) Eden regions: 2193->0(3302)
[2025-10-13T23:26:53.730-0700][1201][info ][gc,heap     ] GC(92) Survivor regions: 267->154(308)
[2025-10-13T23:26:53.730-0700][1201][info ][gc,heap     ] GC(92) Old regions: 983->1117
[2025-10-13T23:26:53.730-0700][1201][info ][gc,heap     ] GC(92) Humongous regions: 20->0
[2025-10-13T23:26:53.730-0700][1201][info ][gc,metaspace] GC(92) Metaspace: 307498K(312832K)->307498K(312832K) NonClass: 272173K(275008K)->272173K(275008K) Class: 35325K(37824K)->35325K(37824K)
[2025-10-13T23:26:53.730-0700][1201][info ][gc          ] GC(92) Pause Young (Normal) (G1 Evacuation Pause) 110789M->40658M(184320M) 192.941ms
[2025-10-13T23:26:53.731-0700][1201][info ][gc,cpu      ] GC(92) User=17.48s Sys=0.11s Real=0.20s
[2025-10-13T23:26:53.732-0700][1201][info ][safepoint   ] Safepoint "G1CollectForAllocation", Time since last: 95446274 ns, Reaching safepoint: 739925 ns, Cleanup: 42464 ns, At safepoint: 196418488 ns, Total: 197200877 ns
[2025-10-13T23:26:54.733-0700][1201][info ][safepoint   ] Safepoint "Cleanup", Time since last: 1000084381 ns, Reaching safepoint: 814468 ns, Cleanup: 13420 ns, At safepoint: 244058 ns, Total: 1071946 ns
[2025-10-13T23:26:55.734-0700][1201][info ][safepoint   ] Safepoint "Cleanup", Time since last: 1000101937 ns, Reaching safepoint: 730652 ns, Cleanup: 21242 ns, At safepoint: 187653 ns, Total: 939547 ns
[2025-10-13T23:26:56.737-0700][1201][info ][safepoint   ] Safepoint "Cleanup", Time since last: 1000102498 ns, Reaching safepoint: 1478288 ns, Cleanup: 12439 ns, At safepoint: 980128 ns, Total: 2470855 ns
[2025-10-13T23:26:57.738-0700][1201][info ][safepoint   ] Safepoint "Cleanup", Time since last: 1000117631 ns, Reaching safepoint: 650460 ns, Cleanup: 17727 ns, At safepoint: 607916 ns, Total: 1276103 ns
[2025-10-13T23:26:58.740-0700][1201][info ][safepoint   ] Safepoint "Cleanup", Time since last: 1000109990 ns, Reaching safepoint: 683110 ns, Cleanup: 41462 ns, At safepoint: 605363 ns, Total: 1329935 ns
[2025-10-13T23:26:59.741-0700][1201][info ][safepoint   ] Safepoint "Cleanup", Time since last: 1000120325 ns, Reaching safepoint: 812745 ns, Cleanup: 32679 ns, At safepoint: 912796 ns, Total: 1758220 ns
[2025-10-13T23:27:02.077-0700][1201][info ][gc,start    ] GC(93) Pause Young (Normal) (G1 Evacuation Pause)
[2025-10-13T23:27:02.077-0700][1201][info ][gc,task     ] GC(93) Using 113 workers of 113 for evacuation
[2025-10-13T23:27:02.090-0700][1201][debug][gc,remset   ] GC(93) Visited cards 11132416 Total dirty 67895296 (16.40%) Total old 527826944 (2.11%)
[2025-10-13T23:27:02.239-0700][1201][info ][gc,phases   ] GC(93)   Pre Evacuate Collection Set: 0.7ms
[2025-10-13T23:27:02.239-0700][1201][info ][gc,phases   ] GC(93)   Merge Heap Roots: 12.9ms
[2025-10-13T23:27:02.239-0700][1201][info ][gc,phases   ] GC(93)   Evacuate Collection Set: 136.3ms
[2025-10-13T23:27:02.239-0700][1201][info ][gc,phases   ] GC(93)   Post Evacuate Collection Set: 12.4ms
[2025-10-13T23:27:02.239-0700][1201][info ][gc,phases   ] GC(93)   Other: 0.2ms
[2025-10-13T23:27:02.239-0700][1201][debug][gc,remset   ] GC(93) Coarsening (recent): Inline->AoC 8708 (0) AoC->Howl 52 (0) Howl->Full 0 (0) Inline->AoC 142 (0) AoC->BitMap 43 (0) BitMap->Full 0 (0) 
[2025-10-13T23:27:02.239-0700][1201][debug][gc,remset   ] GC(93) Coarsening (all): Inline->AoC 1151084 (55) AoC->Howl 28716 (108) Howl->Full 0 (0) Inline->AoC 153502 (26) AoC->BitMap 33082 (68) BitMap->Full 0 (0) 
[2025-10-13T23:27:02.239-0700][1201][info ][gc,heap     ] GC(93) Eden regions: 3302->0(3251)
[2025-10-13T23:27:02.239-0700][1201][info ][gc,heap     ] GC(93) Survivor regions: 154->205(432)
[2025-10-13T23:27:02.239-0700][1201][info ][gc,heap     ] GC(93) Old regions: 1117->1117
[2025-10-13T23:27:02.239-0700][1201][info ][gc,heap     ] GC(93) Humongous regions: 25->0
[2025-10-13T23:27:02.239-0700][1201][info ][gc,metaspace] GC(93) Metaspace: 307533K(312832K)->307533K(312832K) NonClass: 272207K(275008K)->272207K(275008K) Class: 35325K(37824K)->35325K(37824K)
[2025-10-13T23:27:02.239-0700][1201][info ][gc          ] GC(93) Pause Young (Normal) (G1 Evacuation Pause) 147122M->42290M(184320M) 162.623ms
[2025-10-13T23:27:02.240-0700][1201][info ][gc,cpu      ] GC(93) User=14.51s Sys=0.12s Real=0.17s
[2025-10-13T23:27:02.242-0700][1201][info ][safepoint   ] Safepoint "G1CollectForAllocation", Time since last: 2333318196 ns, Reaching safepoint: 798634 ns, Cleanup: 6259 ns, At safepoint: 165975569 ns, Total: 166780462 ns
[2025-10-13T23:27:03.246-0700][1201][info ][safepoint   ] Safepoint "Cleanup", Time since last: 1000086905 ns, Reaching safepoint: 3105391 ns, Cleanup: 10115 ns, At safepoint: 1295393 ns, Total: 4410899 ns
[2025-10-13T23:27:04.247-0700][1201][info ][safepoint   ] Safepoint "Cleanup", Time since last: 1000108277 ns, Reaching safepoint: 702138 ns, Cleanup: 11648 ns, At safepoint: 436468 ns, Total: 1150254 ns
[2025-10-13T23:27:05.249-0700][1201][info ][safepoint   ] Safepoint "Cleanup", Time since last: 1000100185 ns, Reaching safepoint: 983943 ns, Cleanup: 25468 ns, At safepoint: 811994 ns, Total: 1821405 ns
[2025-10-13T23:27:06.251-0700][1201][info ][safepoint   ] Safepoint "Cleanup", Time since last: 1000120265 ns, Reaching safepoint: 1143975 ns, Cleanup: 13090 ns, At safepoint: 905525 ns, Total: 2062590 ns
[2025-10-13T23:27:07.253-0700][1201][info ][safepoint   ] Safepoint "Cleanup", Time since last: 1000101707 ns, Reaching safepoint: 855970 ns, Cleanup: 11497 ns, At safepoint: 769550 ns, Total: 1637017 ns
[2025-10-13T23:27:08.255-0700][1201][info ][safepoint   ] Safepoint "Cleanup", Time since last: 1000107366 ns, Reaching safepoint: 819716 ns, Cleanup: 18878 ns, At safepoint: 1137585 ns, Total: 1976179 ns
[2025-10-13T23:27:09.257-0700][1201][info ][safepoint   ] Safepoint "Cleanup", Time since last: 1000136750 ns, Reaching safepoint: 726335 ns, Cleanup: 21893 ns, At safepoint: 1376755 ns, Total: 2124983 ns
[2025-10-13T23:27:10.259-0700][1201][info ][safepoint   ] Safepoint "Cleanup", Time since last: 1000121477 ns, Reaching safepoint: 820096 ns, Cleanup: 17987 ns, At safepoint: 1024104 ns, Total: 1862187 ns
[2025-10-13T23:27:11.262-0700][1201][info ][safepoint   ] Safepoint "Cleanup", Time since last: 1000149439 ns, Reaching safepoint: 761758 ns, Cleanup: 23425 ns, At safepoint: 1162743 ns, Total: 1947926 ns
[2025-10-13T23:27:12.263-0700][1201][info ][safepoint   ] Safepoint "Cleanup", Time since last: 1000117010 ns, Reaching safepoint: 669800 ns, Cleanup: 19640 ns, At safepoint: 595457 ns, Total: 1284897 ns
[2025-10-13T23:27:13.265-0700][1201][info ][safepoint   ] Safepoint "Cleanup", Time since last: 1000113785 ns, Reaching safepoint: 785835 ns, Cleanup: 15934 ns, At safepoint: 1182643 ns, Total: 1984412 ns
[2025-10-13T23:27:14.285-0700][1201][info ][safepoint   ] Safepoint "Cleanup", Time since last: 1000116099 ns, Reaching safepoint: 17589534 ns, Cleanup: 21272 ns, At safepoint: 2414029 ns, Total: 20024835 ns
[2025-10-13T23:27:14.419-0700][1201][info ][gc,start    ] GC(94) Pause Young (Normal) (G1 Evacuation Pause)
[2025-10-13T23:27:14.419-0700][1201][info ][gc,task     ] GC(94) Using 113 workers of 113 for evacuation
[2025-10-13T23:27:14.433-0700][1201][debug][gc,remset   ] GC(94) Visited cards 11187968 Total dirty 67960832 (16.46%) Total old 527368192 (2.12%)
[2025-10-13T23:27:14.608-0700][1201][info ][gc,phases   ] GC(94)   Pre Evacuate Collection Set: 0.7ms
[2025-10-13T23:27:14.608-0700][1201][info ][gc,phases   ] GC(94)   Merge Heap Roots: 13.0ms
[2025-10-13T23:27:14.608-0700][1201][info ][gc,phases   ] GC(94)   Evacuate Collection Set: 161.0ms
[2025-10-13T23:27:14.608-0700][1201][info ][gc,phases   ] GC(94)   Post Evacuate Collection Set: 14.2ms
[2025-10-13T23:27:14.608-0700][1201][info ][gc,phases   ] GC(94)   Other: 0.2ms
[2025-10-13T23:27:14.608-0700][1201][debug][gc,remset   ] GC(94) Coarsening (recent): Inline->AoC 24115 (0) AoC->Howl 32 (0) Howl->Full 0 (0) Inline->AoC 172 (0) AoC->BitMap 5 (0) BitMap->Full 0 (0) 
[2025-10-13T23:27:14.608-0700][1201][debug][gc,remset   ] GC(94) Coarsening (all): Inline->AoC 1175199 (55) AoC->Howl 28748 (108) Howl->Full 0 (0) Inline->AoC 153674 (26) AoC->BitMap 33087 (68) BitMap->Full 0 (0) 
[2025-10-13T23:27:14.608-0700][1201][info ][gc,heap     ] GC(94) Eden regions: 3251->0(2685)
[2025-10-13T23:27:14.608-0700][1201][info ][gc,heap     ] GC(94) Survivor regions: 205->256(432)
[2025-10-13T23:27:14.608-0700][1201][info ][gc,heap     ] GC(94) Old regions: 1117->1117
[2025-10-13T23:27:14.608-0700][1201][info ][gc,heap     ] GC(94) Humongous regions: 18->0
[2025-10-13T23:27:14.608-0700][1201][info ][gc,metaspace] GC(94) Metaspace: 307634K(312960K)->307634K(312960K) NonClass: 272301K(275136K)->272301K(275136K) Class: 35333K(37824K)->35333K(37824K)
[2025-10-13T23:27:14.608-0700][1201][info ][gc          ] GC(94) Pause Young (Normal) (G1 Evacuation Pause) 146898M->43906M(184320M) 189.208ms
[2025-10-13T23:27:14.609-0700][1201][info ][gc,cpu      ] GC(94) User=16.85s Sys=0.19s Real=0.19s
[2025-10-13T23:27:14.611-0700][1201][info ][safepoint   ] Safepoint "G1CollectForAllocation", Time since last: 132049569 ns, Reaching safepoint: 711553 ns, Cleanup: 10736 ns, At safepoint: 192607553 ns, Total: 193329842 ns
[2025-10-13T23:27:15.613-0700][1201][info ][safepoint   ] Safepoint "Cleanup", Time since last: 1000083789 ns, Reaching safepoint: 1586601 ns, Cleanup: 32919 ns, At safepoint: 284018 ns, Total: 1903538 ns
[2025-10-13T23:27:17.614-0700][1201][info ][safepoint   ] Safepoint "Cleanup", Time since last: 2000162988 ns, Reaching safepoint: 711001 ns, Cleanup: 10026 ns, At safepoint: 211899 ns, Total: 932926 ns
[2025-10-13T23:27:18.615-0700][1201][info ][safepoint   ] Safepoint "Cleanup", Time since last: 1000103883 ns, Reaching safepoint: 794236 ns, Cleanup: 17697 ns, At safepoint: 200772 ns, Total: 1012705 ns
[2025-10-13T23:27:19.616-0700][1201][info ][safepoint   ] Safepoint "Cleanup", Time since last: 1000106698 ns, Reaching safepoint: 753274 ns, Cleanup: 47482 ns, At safepoint: 551982 ns, Total: 1352738 ns
[2025-10-13T23:27:21.618-0700][1201][info ][safepoint   ] Safepoint "Cleanup", Time since last: 2000145371 ns, Reaching safepoint: 1055991 ns, Cleanup: 22785 ns, At safepoint: 465751 ns, Total: 1544527 ns
[2025-10-13T23:27:22.632-0700][1201][info ][safepoint   ] Safepoint "Cleanup", Time since last: 1000103012 ns, Reaching safepoint: 11353976 ns, Cleanup: 12709 ns, At safepoint: 2405634 ns, Total: 13772319 ns
[2025-10-13T23:27:24.213-0700][1201][info ][safepoint   ] Safepoint "Cleanup", Time since last: 1580476126 ns, Reaching safepoint: 670029 ns, Cleanup: 11768 ns, At safepoint: 241724 ns, Total: 923521 ns
[2025-10-13T23:27:24.927-0700][1201][info ][gc,start    ] GC(95) Pause Young (Normal) (G1 Evacuation Pause)
[2025-10-13T23:27:24.927-0700][1201][info ][gc,task     ] GC(95) Using 113 workers of 113 for evacuation
[2025-10-13T23:27:24.940-0700][1201][debug][gc,remset   ] GC(95) Visited cards 11212800 Total dirty 68026368 (16.48%) Total old 473890816 (2.37%)
[2025-10-13T23:27:25.118-0700][1201][info ][gc,phases   ] GC(95)   Pre Evacuate Collection Set: 0.7ms
[2025-10-13T23:27:25.118-0700][1201][info ][gc,phases   ] GC(95)   Merge Heap Roots: 12.6ms
[2025-10-13T23:27:25.118-0700][1201][info ][gc,phases   ] GC(95)   Evacuate Collection Set: 165.4ms
[2025-10-13T23:27:25.118-0700][1201][info ][gc,phases   ] GC(95)   Post Evacuate Collection Set: 12.6ms
[2025-10-13T23:27:25.118-0700][1201][info ][gc,phases   ] GC(95)   Other: 0.2ms
[2025-10-13T23:27:25.118-0700][1201][debug][gc,remset   ] GC(95) Coarsening (recent): Inline->AoC 6874 (0) AoC->Howl 66 (0) Howl->Full 0 (0) Inline->AoC 276 (0) AoC->BitMap 60 (0) BitMap->Full 0 (0) 
[2025-10-13T23:27:25.118-0700][1201][debug][gc,remset   ] GC(95) Coarsening (all): Inline->AoC 1182073 (55) AoC->Howl 28814 (108) Howl->Full 0 (0) Inline->AoC 153950 (26) AoC->BitMap 33147 (68) BitMap->Full 0 (0) 
[2025-10-13T23:27:25.118-0700][1201][info ][gc,heap     ] GC(95) Eden regions: 2792->0(3220)
[2025-10-13T23:27:25.118-0700][1201][info ][gc,heap     ] GC(95) Survivor regions: 256->236(381)
[2025-10-13T23:27:25.118-0700][1201][info ][gc,heap     ] GC(95) Old regions: 1117->1164
[2025-10-13T23:27:25.118-0700][1201][info ][gc,heap     ] GC(95) Humongous regions: 18->0
[2025-10-13T23:27:25.118-0700][1201][info ][gc,metaspace] GC(95) Metaspace: 307718K(313024K)->307718K(313024K) NonClass: 272380K(275200K)->272380K(275200K) Class: 35337K(37824K)->35337K(37824K)
[2025-10-13T23:27:25.118-0700][1201][info ][gc          ] GC(95) Pause Young (Normal) (G1 Evacuation Pause) 133826M->44761M(184320M) 191.604ms
[2025-10-13T23:27:25.119-0700][1201][info ][gc,cpu      ] GC(95) User=17.93s Sys=0.12s Real=0.20s
[2025-10-13T23:27:25.121-0700][1201][info ][safepoint   ] Safepoint "G1CollectForAllocation", Time since last: 711651639 ns, Reaching safepoint: 677601 ns, Cleanup: 17356 ns, At safepoint: 195135152 ns, Total: 195830109 ns
[2025-10-13T23:27:27.122-0700][1201][info ][safepoint   ] Safepoint "Cleanup", Time since last: 2000145431 ns, Reaching safepoint: 662999 ns, Cleanup: 10326 ns, At safepoint: 113972 ns, Total: 787297 ns
[2025-10-13T23:27:28.143-0700][1201][info ][safepoint   ] Safepoint "Cleanup", Time since last: 1000102470 ns, Reaching safepoint: 18883410 ns, Cleanup: 15373 ns, At safepoint: 1950108 ns, Total: 20848891 ns
[2025-10-13T23:27:29.144-0700][1201][info ][safepoint   ] Safepoint "Cleanup", Time since last: 1000116572 ns, Reaching safepoint: 814938 ns, Cleanup: 16775 ns, At safepoint: 698242 ns, Total: 1529955 ns
[2025-10-13T23:27:30.146-0700][1201][info ][safepoint   ] Safepoint "Cleanup", Time since last: 1000118906 ns, Reaching safepoint: 781648 ns, Cleanup: 10976 ns, At safepoint: 747957 ns, Total: 1540581 ns
[2025-10-13T23:27:31.148-0700][1201][info ][safepoint   ] Safepoint "Cleanup", Time since last: 1000109151 ns, Reaching safepoint: 758362 ns, Cleanup: 9925 ns, At safepoint: 1027358 ns, Total: 1795645 ns
[2025-10-13T23:27:33.150-0700][1201][info ][safepoint   ] Safepoint "Cleanup", Time since last: 2000170530 ns, Reaching safepoint: 827737 ns, Cleanup: 30205 ns, At safepoint: 687486 ns, Total: 1545428 ns
[2025-10-13T23:27:34.152-0700][1201][info ][safepoint   ] Safepoint "Cleanup", Time since last: 1000136111 ns, Reaching safepoint: 906036 ns, Cleanup: 32358 ns, At safepoint: 1421232 ns, Total: 2359626 ns
[2025-10-13T23:27:35.154-0700][1201][info ][safepoint   ] Safepoint "Cleanup", Time since last: 1000081929 ns, Reaching safepoint: 741017 ns, Cleanup: 21692 ns, At safepoint: 1201210 ns, Total: 1963919 ns
[2025-10-13T23:27:36.156-0700][1201][info ][safepoint   ] Safepoint "Cleanup", Time since last: 1000128670 ns, Reaching safepoint: 752304 ns, Cleanup: 26550 ns, At safepoint: 762669 ns, Total: 1541523 ns
[2025-10-13T23:27:37.585-0700][1201][info ][gc,start    ] GC(96) Pause Young (Normal) (G1 Evacuation Pause)
[2025-10-13T23:27:37.585-0700][1201][info ][gc,task     ] GC(96) Using 113 workers of 113 for evacuation
[2025-10-13T23:27:37.599-0700][1201][debug][gc,remset   ] GC(96) Visited cards 11229952 Total dirty 70909952 (15.84%) Total old 530841600 (2.12%)
[2025-10-13T23:27:37.773-0700][1201][info ][gc,phases   ] GC(96)   Pre Evacuate Collection Set: 0.7ms
[2025-10-13T23:27:37.773-0700][1201][info ][gc,phases   ] GC(96)   Merge Heap Roots: 12.7ms
[2025-10-13T23:27:37.773-0700][1201][info ][gc,phases   ] GC(96)   Evacuate Collection Set: 159.6ms
[2025-10-13T23:27:37.773-0700][1201][info ][gc,phases   ] GC(96)   Post Evacuate Collection Set: 14.7ms
[2025-10-13T23:27:37.773-0700][1201][info ][gc,phases   ] GC(96)   Other: 0.2ms
[2025-10-13T23:27:37.773-0700][1201][debug][gc,remset   ] GC(96) Coarsening (recent): Inline->AoC 22444 (0) AoC->Howl 79 (0) Howl->Full 0 (0) Inline->AoC 326 (0) AoC->BitMap 42 (0) BitMap->Full 0 (0) 
[2025-10-13T23:27:37.773-0700][1201][debug][gc,remset   ] GC(96) Coarsening (all): Inline->AoC 1204517 (55) AoC->Howl 28893 (108) Howl->Full 0 (0) Inline->AoC 154276 (26) AoC->BitMap 33189 (68) BitMap->Full 0 (0) 
[2025-10-13T23:27:37.773-0700][1201][info ][gc,heap     ] GC(96) Eden regions: 3220->0(2681)
[2025-10-13T23:27:37.773-0700][1201][info ][gc,heap     ] GC(96) Survivor regions: 236->258(432)
[2025-10-13T23:27:37.773-0700][1201][info ][gc,heap     ] GC(96) Old regions: 1164->1164
[2025-10-13T23:27:37.773-0700][1201][info ][gc,heap     ] GC(96) Humongous regions: 24->0
[2025-10-13T23:27:37.773-0700][1201][info ][gc,metaspace] GC(96) Metaspace: 307806K(313216K)->307806K(313216K) NonClass: 272461K(275328K)->272461K(275328K) Class: 35344K(37888K)->35344K(37888K)
[2025-10-13T23:27:37.773-0700][1201][info ][gc          ] GC(96) Pause Young (Normal) (G1 Evacuation Pause) 148569M->45472M(184320M) 188.058ms
[2025-10-13T23:27:37.774-0700][1201][info ][gc,cpu      ] GC(96) User=17.28s Sys=0.39s Real=0.19s
[2025-10-13T23:27:37.775-0700][1201][info ][safepoint   ] Safepoint "G1CollectForAllocation", Time since last: 1427538358 ns, Reaching safepoint: 813476 ns, Cleanup: 6309 ns, At safepoint: 191283910 ns, Total: 192103695 ns
[2025-10-13T23:27:38.777-0700][1201][info ][safepoint   ] Safepoint "Cleanup", Time since last: 1000084844 ns, Reaching safepoint: 825894 ns, Cleanup: 15864 ns, At safepoint: 232871 ns, Total: 1074629 ns
[2025-10-13T23:27:41.785-0700][1201][info ][safepoint   ] Safepoint "Cleanup", Time since last: 3000225118 ns, Reaching safepoint: 6014662 ns, Cleanup: 33841 ns, At safepoint: 1946743 ns, Total: 7995246 ns
[2025-10-13T23:27:42.787-0700][1201][info ][safepoint   ] Safepoint "Cleanup", Time since last: 1000105105 ns, Reaching safepoint: 1704628 ns, Cleanup: 12048 ns, At safepoint: 851573 ns, Total: 2568249 ns
[2025-10-13T23:27:43.790-0700][1201][info ][safepoint   ] Safepoint "Cleanup", Time since last: 1000111531 ns, Reaching safepoint: 870272 ns, Cleanup: 11327 ns, At safepoint: 1648465 ns, Total: 2530064 ns
[2025-10-13T23:27:44.793-0700][1201][info ][safepoint   ] Safepoint "Cleanup", Time since last: 1000306754 ns, Reaching safepoint: 1110914 ns, Cleanup: 18939 ns, At safepoint: 1407732 ns, Total: 2537585 ns
[2025-10-13T23:27:45.796-0700][1201][info ][safepoint   ] Safepoint "Cleanup", Time since last: 1000120292 ns, Reaching safepoint: 1602526 ns, Cleanup: 10285 ns, At safepoint: 878835 ns, Total: 2491646 ns
[2025-10-13T23:27:48.757-0700][1201][info ][gc,start    ] GC(97) Pause Young (Normal) (G1 Evacuation Pause)
[2025-10-13T23:27:48.757-0700][1201][info ][gc,task     ] GC(97) Using 113 workers of 113 for evacuation
[2025-10-13T23:27:48.771-0700][1201][debug][gc,remset   ] GC(97) Visited cards 11220736 Total dirty 70909952 (15.82%) Total old 484048896 (2.32%)
[2025-10-13T23:27:49.000-0700][1201][info ][gc,mmu      ] GC(97) MMU target violated: 201.0ms (200.0ms/201.0ms)
[2025-10-13T23:27:49.000-0700][1201][info ][gc,phases   ] GC(97)   Pre Evacuate Collection Set: 0.8ms
[2025-10-13T23:27:49.000-0700][1201][info ][gc,phases   ] GC(97)   Merge Heap Roots: 13.1ms
[2025-10-13T23:27:49.000-0700][1201][info ][gc,phases   ] GC(97)   Evacuate Collection Set: 215.4ms
[2025-10-13T23:27:49.000-0700][1201][info ][gc,phases   ] GC(97)   Post Evacuate Collection Set: 13.1ms
[2025-10-13T23:27:49.000-0700][1201][info ][gc,phases   ] GC(97)   Other: 0.2ms
[2025-10-13T23:27:49.000-0700][1201][debug][gc,remset   ] GC(97) Coarsening (recent): Inline->AoC 8179 (0) AoC->Howl 48 (2) Howl->Full 0 (0) Inline->AoC 225 (0) AoC->BitMap 21 (1) BitMap->Full 0 (0) 
[2025-10-13T23:27:49.000-0700][1201][debug][gc,remset   ] GC(97) Coarsening (all): Inline->AoC 1212696 (55) AoC->Howl 28941 (110) Howl->Full 0 (0) Inline->AoC 154501 (26) AoC->BitMap 33210 (69) BitMap->Full 0 (0) 
[2025-10-13T23:27:49.000-0700][1201][info ][gc,heap     ] GC(97) Eden regions: 2844->0(2553)
[2025-10-13T23:27:49.000-0700][1201][info ][gc,heap     ] GC(97) Survivor regions: 258->253(388)
[2025-10-13T23:27:49.000-0700][1201][info ][gc,heap     ] GC(97) Old regions: 1164->1221
[2025-10-13T23:27:49.000-0700][1201][info ][gc,heap     ] GC(97) Humongous regions: 18->0
[2025-10-13T23:27:49.000-0700][1201][info ][gc,metaspace] GC(97) Metaspace: 307971K(313344K)->307971K(313344K) NonClass: 272603K(275456K)->272603K(275456K) Class: 35367K(37888K)->35367K(37888K)
[2025-10-13T23:27:49.000-0700][1201][info ][gc          ] GC(97) Pause Young (Normal) (G1 Evacuation Pause) 137056M->47144M(184320M) 242.906ms
[2025-10-13T23:27:49.001-0700][1201][info ][gc,cpu      ] GC(97) User=20.16s Sys=0.13s Real=0.25s
[2025-10-13T23:27:49.002-0700][1201][info ][safepoint   ] Safepoint "G1CollectForAllocation", Time since last: 2957923678 ns, Reaching safepoint: 2239296 ns, Cleanup: 5268 ns, At safepoint: 246736238 ns, Total: 248980802 ns
[2025-10-13T23:27:50.014-0700][1201][info ][safepoint   ] Safepoint "Cleanup", Time since last: 1000081464 ns, Reaching safepoint: 10131162 ns, Cleanup: 10465 ns, At safepoint: 1726913 ns, Total: 11868540 ns
[2025-10-13T23:27:51.017-0700][1201][info ][safepoint   ] Safepoint "Cleanup", Time since last: 1000104810 ns, Reaching safepoint: 835309 ns, Cleanup: 20100 ns, At safepoint: 1594103 ns, Total: 2449512 ns
[2025-10-13T23:27:52.019-0700][1201][info ][safepoint   ] Safepoint "Cleanup", Time since last: 1000112381 ns, Reaching safepoint: 897663 ns, Cleanup: 14622 ns, At safepoint: 1448784 ns, Total: 2361069 ns
[2025-10-13T23:27:54.021-0700][1201][info ][safepoint   ] Safepoint "Cleanup", Time since last: 2000167825 ns, Reaching safepoint: 697952 ns, Cleanup: 9805 ns, At safepoint: 850482 ns, Total: 1558239 ns
[2025-10-13T23:27:55.023-0700][1201][info ][safepoint   ] Safepoint "Cleanup", Time since last: 1000107774 ns, Reaching safepoint: 709579 ns, Cleanup: 15985 ns, At safepoint: 623099 ns, Total: 1348663 ns
[2025-10-13T23:27:56.025-0700][1201][info ][safepoint   ] Safepoint "Cleanup", Time since last: 1000115525 ns, Reaching safepoint: 789220 ns, Cleanup: 19549 ns, At safepoint: 1679943 ns, Total: 2488712 ns
[2025-10-13T23:27:57.027-0700][1201][info ][safepoint   ] Safepoint "Cleanup", Time since last: 1000129596 ns, Reaching safepoint: 835460 ns, Cleanup: 34101 ns, At safepoint: 1041570 ns, Total: 1911131 ns
[2025-10-13T23:27:57.549-0700][1201][info ][gc,start    ] GC(98) Pause Young (Normal) (G1 Evacuation Pause)
[2025-10-13T23:27:57.549-0700][1201][info ][gc,task     ] GC(98) Using 113 workers of 113 for evacuation
[2025-10-13T23:27:57.563-0700][1201][debug][gc,remset   ] GC(98) Visited cards 11379200 Total dirty 73793536 (15.42%) Total old 444923904 (2.56%)
[2025-10-13T23:27:57.750-0700][1201][info ][gc,mmu      ] GC(98) MMU target violated: 201.0ms (200.0ms/201.0ms)
[2025-10-13T23:27:57.750-0700][1201][info ][gc,phases   ] GC(98)   Pre Evacuate Collection Set: 0.7ms
[2025-10-13T23:27:57.750-0700][1201][info ][gc,phases   ] GC(98)   Merge Heap Roots: 12.6ms
[2025-10-13T23:27:57.750-0700][1201][info ][gc,phases   ] GC(98)   Evacuate Collection Set: 174.4ms
[2025-10-13T23:27:57.750-0700][1201][info ][gc,phases   ] GC(98)   Post Evacuate Collection Set: 13.3ms
[2025-10-13T23:27:57.750-0700][1201][info ][gc,phases   ] GC(98)   Other: 0.2ms
[2025-10-13T23:27:57.750-0700][1201][debug][gc,remset   ] GC(98) Coarsening (recent): Inline->AoC 19056 (0) AoC->Howl 90 (0) Howl->Full 0 (0) Inline->AoC 304 (0) AoC->BitMap 59 (0) BitMap->Full 0 (0) 
[2025-10-13T23:27:57.750-0700][1201][debug][gc,remset   ] GC(98) Coarsening (all): Inline->AoC 1231752 (55) AoC->Howl 29031 (110) Howl->Full 0 (0) Inline->AoC 154805 (26) AoC->BitMap 33269 (69) BitMap->Full 0 (0) 
[2025-10-13T23:27:57.750-0700][1201][info ][gc,heap     ] GC(98) Eden regions: 2521->0(3262)
[2025-10-13T23:27:57.750-0700][1201][info ][gc,heap     ] GC(98) Survivor regions: 253->194(347)
[2025-10-13T23:27:57.750-0700][1201][info ][gc,heap     ] GC(98) Old regions: 1221->1313
[2025-10-13T23:27:57.750-0700][1201][info ][gc,heap     ] GC(98) Humongous regions: 20->0
[2025-10-13T23:27:57.750-0700][1201][info ][gc,metaspace] GC(98) Metaspace: 307999K(313344K)->307999K(313344K) NonClass: 272625K(275456K)->272625K(275456K) Class: 35374K(37888K)->35374K(37888K)
[2025-10-13T23:27:57.750-0700][1201][info ][gc          ] GC(98) Pause Young (Normal) (G1 Evacuation Pause) 128456M->48223M(184320M) 201.341ms
[2025-10-13T23:27:57.751-0700][1201][info ][gc,cpu      ] GC(98) User=18.31s Sys=0.12s Real=0.20s
[2025-10-13T23:27:57.753-0700][1201][info ][safepoint   ] Safepoint "G1CollectForAllocation", Time since last: 519909737 ns, Reaching safepoint: 875831 ns, Cleanup: 23385 ns, At safepoint: 204664269 ns, Total: 205563485 ns
[2025-10-13T23:27:58.756-0700][1201][info ][safepoint   ] Safepoint "Cleanup", Time since last: 1000092371 ns, Reaching safepoint: 1711930 ns, Cleanup: 39399 ns, At safepoint: 1030454 ns, Total: 2781783 ns
[2025-10-13T23:27:59.760-0700][1201][info ][safepoint   ] Safepoint "Cleanup", Time since last: 1000116897 ns, Reaching safepoint: 935460 ns, Cleanup: 74413 ns, At safepoint: 2902355 ns, Total: 3912228 ns
[2025-10-13T23:28:00.762-0700][1201][info ][safepoint   ] Safepoint "Cleanup", Time since last: 1000390079 ns, Reaching safepoint: 954148 ns, Cleanup: 20080 ns, At safepoint: 1294161 ns, Total: 2268389 ns
[2025-10-13T23:28:01.764-0700][1201][info ][safepoint   ] Safepoint "Cleanup", Time since last: 1000120753 ns, Reaching safepoint: 835650 ns, Cleanup: 35634 ns, At safepoint: 899726 ns, Total: 1771010 ns
[2025-10-13T23:28:02.766-0700][1201][info ][safepoint   ] Safepoint "Cleanup", Time since last: 1000107563 ns, Reaching safepoint: 792625 ns, Cleanup: 20491 ns, At safepoint: 724803 ns, Total: 1537919 ns
[2025-10-13T23:28:03.768-0700][1201][info ][safepoint   ] Safepoint "Cleanup", Time since last: 1000107723 ns, Reaching safepoint: 884754 ns, Cleanup: 14622 ns, At safepoint: 1117084 ns, Total: 2016460 ns
[2025-10-13T23:28:04.770-0700][1201][info ][safepoint   ] Safepoint "Cleanup", Time since last: 1000115625 ns, Reaching safepoint: 781238 ns, Cleanup: 14242 ns, At safepoint: 1236634 ns, Total: 2032114 ns
[2025-10-13T23:28:05.772-0700][1201][info ][safepoint   ] Safepoint "Cleanup", Time since last: 1000110818 ns, Reaching safepoint: 790932 ns, Cleanup: 14212 ns, At safepoint: 1085506 ns, Total: 1890650 ns
[2025-10-13T23:28:06.750-0700][1201][info ][gc,start    ] GC(99) Pause Young (Concurrent Start) (G1 Humongous Allocation)
[2025-10-13T23:28:06.750-0700][1201][info ][gc,task     ] GC(99) Using 113 workers of 113 for evacuation
[2025-10-13T23:28:06.764-0700][1201][debug][gc,remset   ] GC(99) Visited cards 11509504 Total dirty 78249984 (14.71%) Total old 528809984 (2.18%)
[2025-10-13T23:28:06.953-0700][1201][info ][gc,mmu      ] GC(99) MMU target violated: 201.0ms (200.0ms/201.0ms)
[2025-10-13T23:28:06.953-0700][1201][info ][gc,phases   ] GC(99)   Pre Evacuate Collection Set: 1.1ms
[2025-10-13T23:28:06.953-0700][1201][info ][gc,phases   ] GC(99)   Merge Heap Roots: 13.3ms
[2025-10-13T23:28:06.953-0700][1201][info ][gc,phases   ] GC(99)   Evacuate Collection Set: 175.0ms
[2025-10-13T23:28:06.953-0700][1201][info ][gc,phases   ] GC(99)   Post Evacuate Collection Set: 13.8ms
[2025-10-13T23:28:06.953-0700][1201][info ][gc,phases   ] GC(99)   Other: 0.3ms
[2025-10-13T23:28:06.953-0700][1201][debug][gc,remset   ] GC(99) Coarsening (recent): Inline->AoC 11464 (0) AoC->Howl 54 (0) Howl->Full 0 (0) Inline->AoC 183 (0) AoC->BitMap 36 (0) BitMap->Full 0 (0) 
[2025-10-13T23:28:06.953-0700][1201][debug][gc,remset   ] GC(99) Coarsening (all): Inline->AoC 1243216 (55) AoC->Howl 29085 (110) Howl->Full 0 (0) Inline->AoC 154988 (26) AoC->BitMap 33305 (69) BitMap->Full 0 (0) 
[2025-10-13T23:28:06.953-0700][1201][info ][gc,heap     ] GC(99) Eden regions: 3172->0(2132)
[2025-10-13T23:28:06.953-0700][1201][info ][gc,heap     ] GC(99) Survivor regions: 194->264(432)
[2025-10-13T23:28:06.953-0700][1201][info ][gc,heap     ] GC(99) Old regions: 1313->1313
[2025-10-13T23:28:06.953-0700][1201][info ][gc,heap     ] GC(99) Humongous regions: 24->0
[2025-10-13T23:28:06.953-0700][1201][info ][gc,metaspace] GC(99) Metaspace: 308032K(313408K)->308032K(313408K) NonClass: 272657K(275520K)->272657K(275520K) Class: 35375K(37888K)->35375K(37888K)
[2025-10-13T23:28:06.953-0700][1201][info ][gc          ] GC(99) Pause Young (Concurrent Start) (G1 Humongous Allocation) 150489M->50447M(184320M) 203.502ms
[2025-10-13T23:28:06.953-0700][1084][info ][gc          ] GC(100) Concurrent Undo Cycle
[2025-10-13T23:28:06.953-0700][1084][info ][gc,marking  ] GC(100) Concurrent Clear Claimed Marks
[2025-10-13T23:28:06.954-0700][1084][info ][gc,marking  ] GC(100) Concurrent Clear Claimed Marks 0.776ms
[2025-10-13T23:28:06.954-0700][1084][info ][gc,marking  ] GC(100) Concurrent Cleanup for Next Mark
[2025-10-13T23:28:06.954-0700][1201][info ][gc,cpu      ] GC(99) User=17.33s Sys=0.13s Real=0.20s
[2025-10-13T23:28:06.956-0700][1201][info ][safepoint   ] Safepoint "G1TryInitiateConcMark", Time since last: 975244315 ns, Reaching safepoint: 962751 ns, Cleanup: 19930 ns, At safepoint: 207331930 ns, Total: 208314611 ns
[2025-10-13T23:28:06.957-0700][1084][info ][gc,marking  ] GC(100) Concurrent Cleanup for Next Mark 2.837ms
[2025-10-13T23:28:06.957-0700][1084][info ][gc          ] GC(100) Concurrent Undo Cycle 3.996ms
[2025-10-13T23:28:09.957-0700][1201][info ][safepoint   ] Safepoint "Cleanup", Time since last: 3000208849 ns, Reaching safepoint: 687476 ns, Cleanup: 29004 ns, At safepoint: 134232 ns, Total: 850712 ns
[2025-10-13T23:28:10.958-0700][1201][info ][safepoint   ] Safepoint "Cleanup", Time since last: 1000100162 ns, Reaching safepoint: 677472 ns, Cleanup: 15233 ns, At safepoint: 148884 ns, Total: 841589 ns
[2025-10-13T23:28:11.959-0700][1201][info ][safepoint   ] Safepoint "Cleanup", Time since last: 1000094914 ns, Reaching safepoint: 818404 ns, Cleanup: 26620 ns, At safepoint: 371791 ns, Total: 1216815 ns
[2025-10-13T23:28:13.960-0700][1201][info ][safepoint   ] Safepoint "Cleanup", Time since last: 2000160307 ns, Reaching safepoint: 692764 ns, Cleanup: 22093 ns, At safepoint: 100011 ns, Total: 814868 ns
[2025-10-13T23:28:15.263-0700][1201][info ][gc,start    ] GC(101) Pause Young (Normal) (G1 Evacuation Pause)
[2025-10-13T23:28:15.263-0700][1201][info ][gc,task     ] GC(101) Using 113 workers of 113 for evacuation
[2025-10-13T23:28:15.277-0700][1201][debug][gc,remset   ] GC(101) Visited cards 11504640 Total dirty 78381056 (14.68%) Total old 407371776 (2.82%)
[2025-10-13T23:28:15.457-0700][1201][info ][gc,phases   ] GC(101)   Pre Evacuate Collection Set: 0.7ms
[2025-10-13T23:28:15.457-0700][1201][info ][gc,phases   ] GC(101)   Merge Heap Roots: 12.7ms
[2025-10-13T23:28:15.457-0700][1201][info ][gc,phases   ] GC(101)   Evacuate Collection Set: 169.4ms
[2025-10-13T23:28:15.457-0700][1201][info ][gc,phases   ] GC(101)   Post Evacuate Collection Set: 10.1ms
[2025-10-13T23:28:15.457-0700][1201][info ][gc,phases   ] GC(101)   Other: 0.1ms
[2025-10-13T23:28:15.457-0700][1201][debug][gc,remset   ] GC(101) Coarsening (recent): Inline->AoC 15250 (0) AoC->Howl 40 (0) Howl->Full 0 (0) Inline->AoC 206 (0) AoC->BitMap 17 (0) BitMap->Full 0 (0) 
[2025-10-13T23:28:15.457-0700][1201][debug][gc,remset   ] GC(101) Coarsening (all): Inline->AoC 1258466 (55) AoC->Howl 29125 (110) Howl->Full 0 (0) Inline->AoC 155194 (26) AoC->BitMap 33322 (69) BitMap->Full 0 (0) 
[2025-10-13T23:28:15.457-0700][1201][info ][gc,heap     ] GC(101) Eden regions: 2181->0(3297)
[2025-10-13T23:28:15.457-0700][1201][info ][gc,heap     ] GC(101) Survivor regions: 264->159(306)
[2025-10-13T23:28:15.457-0700][1201][info ][gc,heap     ] GC(101) Old regions: 1313->1435
[2025-10-13T23:28:15.457-0700][1201][info ][gc,heap     ] GC(101) Humongous regions: 13->0
[2025-10-13T23:28:15.457-0700][1201][info ][gc,metaspace] GC(101) Metaspace: 308067K(313472K)->308067K(313472K) NonClass: 272689K(275584K)->272689K(275584K) Class: 35378K(37888K)->35378K(37888K)
[2025-10-13T23:28:15.457-0700][1201][info ][gc          ] GC(101) Pause Young (Normal) (G1 Evacuation Pause) 120655M->50988M(184320M) 193.309ms
[2025-10-13T23:28:15.458-0700][1201][info ][gc,cpu      ] GC(101) User=17.65s Sys=0.10s Real=0.19s
[2025-10-13T23:28:15.459-0700][1201][info ][safepoint   ] Safepoint "G1CollectForAllocation", Time since last: 1301530588 ns, Reaching safepoint: 811332 ns, Cleanup: 3966 ns, At safepoint: 196779086 ns, Total: 197594384 ns
[2025-10-13T23:28:15.539-0700][1201][info ][gc,start    ] GC(102) Pause Young (Concurrent Start) (G1 Humongous Allocation)
[2025-10-13T23:28:15.539-0700][1201][info ][gc,task     ] GC(102) Using 113 workers of 113 for evacuation
[2025-10-13T23:28:15.548-0700][1201][debug][gc,remset   ] GC(102) Visited cards 10574592 Total dirty 83951616 (12.60%) Total old 121307136 (8.72%)
[2025-10-13T23:28:15.643-0700][1201][info ][gc,phases   ] GC(102)   Pre Evacuate Collection Set: 0.9ms
[2025-10-13T23:28:15.643-0700][1201][info ][gc,phases   ] GC(102)   Merge Heap Roots: 7.9ms
[2025-10-13T23:28:15.643-0700][1201][info ][gc,phases   ] GC(102)   Evacuate Collection Set: 88.2ms
[2025-10-13T23:28:15.643-0700][1201][info ][gc,phases   ] GC(102)   Post Evacuate Collection Set: 7.3ms
[2025-10-13T23:28:15.643-0700][1201][info ][gc,phases   ] GC(102)   Other: 0.1ms
[2025-10-13T23:28:15.643-0700][1201][debug][gc,remset   ] GC(102) Coarsening (recent): Inline->AoC 18 (0) AoC->Howl 0 (0) Howl->Full 0 (0) Inline->AoC 0 (0) AoC->BitMap 0 (0) BitMap->Full 0 (0) 
[2025-10-13T23:28:15.643-0700][1201][debug][gc,remset   ] GC(102) Coarsening (all): Inline->AoC 1258484 (55) AoC->Howl 29125 (110) Howl->Full 0 (0) Inline->AoC 155194 (26) AoC->BitMap 33322 (69) BitMap->Full 0 (0) 
[2025-10-13T23:28:15.643-0700][1201][info ][gc,heap     ] GC(102) Eden regions: 49->0(3019)
[2025-10-13T23:28:15.643-0700][1201][info ][gc,heap     ] GC(102) Survivor regions: 159->154(432)
[2025-10-13T23:28:15.643-0700][1201][info ][gc,heap     ] GC(102) Old regions: 1435->1435
[2025-10-13T23:28:15.643-0700][1201][info ][gc,heap     ] GC(102) Humongous regions: 0->0
[2025-10-13T23:28:15.643-0700][1201][info ][gc,metaspace] GC(102) Metaspace: 308068K(313472K)->308068K(313472K) NonClass: 272690K(275584K)->272690K(275584K) Class: 35378K(37888K)->35378K(37888K)
[2025-10-13T23:28:15.643-0700][1201][info ][gc          ] GC(102) Pause Young (Concurrent Start) (G1 Humongous Allocation) 52556M->50843M(184320M) 104.505ms
[2025-10-13T23:28:15.644-0700][1084][info ][gc          ] GC(103) Concurrent Mark Cycle
[2025-10-13T23:28:15.644-0700][1084][info ][gc,marking  ] GC(103) Concurrent Scan Root Regions
[2025-10-13T23:28:15.645-0700][1201][info ][gc,cpu      ] GC(102) User=8.10s Sys=0.07s Real=0.10s
[2025-10-13T23:28:15.646-0700][1201][info ][safepoint   ] Safepoint "G1TryInitiateConcMark", Time since last: 78069026 ns, Reaching safepoint: 661838 ns, Cleanup: 4086 ns, At safepoint: 108627698 ns, Total: 109293622 ns
[2025-10-13T23:28:15.698-0700][1084][info ][gc,marking  ] GC(103) Concurrent Scan Root Regions 54.085ms
[2025-10-13T23:28:15.698-0700][1084][info ][gc,marking  ] GC(103) Concurrent Mark
[2025-10-13T23:28:15.698-0700][1084][info ][gc,marking  ] GC(103) Concurrent Mark From Roots
[2025-10-13T23:28:15.698-0700][1084][info ][gc,task     ] GC(103) Using 36 workers of 36 for marking
[2025-10-13T23:28:15.937-0700][1084][info ][gc,marking  ] GC(103) Concurrent Mark From Roots 239.176ms
[2025-10-13T23:28:15.937-0700][1084][info ][gc,marking  ] GC(103) Concurrent Preclean
[2025-10-13T23:28:15.998-0700][1084][info ][gc,marking  ] GC(103) Concurrent Preclean 60.907ms
[2025-10-13T23:28:16.000-0700][1201][info ][gc,start    ] GC(103) Pause Remark
[2025-10-13T23:28:16.843-0700][1201][info ][gc,mmu      ] GC(103) MMU target violated: 201.0ms (200.0ms/201.0ms)
[2025-10-13T23:28:16.843-0700][1201][info ][gc          ] GC(103) Pause Remark 55358M->53406M(184320M) 843.425ms
[2025-10-13T23:28:16.844-0700][1201][info ][gc,cpu      ] GC(103) User=11.97s Sys=0.11s Real=0.84s
[2025-10-13T23:28:16.846-0700][1201][info ][safepoint   ] Safepoint "G1PauseRemark", Time since last: 351626624 ns, Reaching safepoint: 703440 ns, Cleanup: 4276 ns, At safepoint: 847258339 ns, Total: 847966055 ns
[2025-10-13T23:28:16.846-0700][1084][info ][gc,marking  ] GC(103) Concurrent Mark 1148.237ms
[2025-10-13T23:28:16.846-0700][1084][info ][gc,marking  ] GC(103) Concurrent Rebuild Remembered Sets and Scrub Regions
[2025-10-13T23:28:17.373-0700][1084][info ][gc,marking  ] GC(103) Concurrent Rebuild Remembered Sets and Scrub Regions 526.504ms
[2025-10-13T23:28:17.375-0700][1201][info ][gc,start    ] GC(103) Pause Cleanup
[2025-10-13T23:28:17.377-0700][1201][info ][gc          ] GC(103) Pause Cleanup 62888M->62888M(184320M) 2.070ms
[2025-10-13T23:28:17.378-0700][1201][info ][gc,cpu      ] GC(103) User=0.01s Sys=0.00s Real=0.00s
[2025-10-13T23:28:17.379-0700][1201][info ][safepoint   ] Safepoint "G1PauseCleanup", Time since last: 526714668 ns, Reaching safepoint: 864272 ns, Cleanup: 312331 ns, At safepoint: 4640261 ns, Total: 5816864 ns
[2025-10-13T23:28:17.379-0700][1084][info ][gc,marking  ] GC(103) Concurrent Clear Claimed Marks
[2025-10-13T23:28:17.380-0700][1084][info ][gc,marking  ] GC(103) Concurrent Clear Claimed Marks 0.988ms
[2025-10-13T23:28:17.380-0700][1084][info ][gc,marking  ] GC(103) Concurrent Cleanup for Next Mark
[2025-10-13T23:28:17.409-0700][1084][info ][gc,marking  ] GC(103) Concurrent Cleanup for Next Mark 29.658ms
[2025-10-13T23:28:17.409-0700][1084][info ][gc          ] GC(103) Concurrent Mark Cycle 1765.772ms
[2025-10-13T23:28:18.380-0700][1201][info ][safepoint   ] Safepoint "Cleanup", Time since last: 1000088007 ns, Reaching safepoint: 737922 ns, Cleanup: 21222 ns, At safepoint: 279060 ns, Total: 1038204 ns
[2025-10-13T23:28:19.381-0700][1201][info ][safepoint   ] Safepoint "Cleanup", Time since last: 1000111182 ns, Reaching safepoint: 684982 ns, Cleanup: 14251 ns, At safepoint: 129756 ns, Total: 828989 ns
[2025-10-13T23:28:20.400-0700][1201][info ][safepoint   ] Safepoint "Cleanup", Time since last: 1000096249 ns, Reaching safepoint: 18607205 ns, Cleanup: 17286 ns, At safepoint: 1021700 ns, Total: 19646191 ns
[2025-10-13T23:28:21.402-0700][1201][info ][safepoint   ] Safepoint "Cleanup", Time since last: 1000111351 ns, Reaching safepoint: 1428322 ns, Cleanup: 28513 ns, At safepoint: 119681 ns, Total: 1576516 ns
[2025-10-13T23:28:22.403-0700][1201][info ][safepoint   ] Safepoint "Cleanup", Time since last: 1000096689 ns, Reaching safepoint: 797893 ns, Cleanup: 9404 ns, At safepoint: 224798 ns, Total: 1032095 ns
[2025-10-13T23:28:23.280-0700][1201][info ][gc,start    ] GC(104) Pause Young (Prepare Mixed) (G1 Evacuation Pause)
[2025-10-13T23:28:23.280-0700][1201][info ][gc,task     ] GC(104) Using 113 workers of 113 for evacuation
[2025-10-13T23:28:23.296-0700][1201][debug][gc,remset   ] GC(104) Visited cards 12043520 Total dirty 85000192 (14.17%) Total old 431882240 (2.79%)
[2025-10-13T23:28:23.416-0700][1201][info ][gc,phases   ] GC(104)   Pre Evacuate Collection Set: 0.8ms
[2025-10-13T23:28:23.416-0700][1201][info ][gc,phases   ] GC(104)   Merge Heap Roots: 15.1ms
[2025-10-13T23:28:23.416-0700][1201][info ][gc,phases   ] GC(104)   Evacuate Collection Set: 107.3ms
[2025-10-13T23:28:23.416-0700][1201][info ][gc,phases   ] GC(104)   Post Evacuate Collection Set: 12.2ms
[2025-10-13T23:28:23.416-0700][1201][info ][gc,phases   ] GC(104)   Other: 0.2ms
[2025-10-13T23:28:23.416-0700][1201][debug][gc,remset   ] GC(104) Coarsening (recent): Inline->AoC 165279 (7) AoC->Howl 7708 (2) Howl->Full 0 (0) Inline->AoC 29052 (1) AoC->BitMap 9270 (2) BitMap->Full 1 (0) 
[2025-10-13T23:28:23.416-0700][1201][debug][gc,remset   ] GC(104) Coarsening (all): Inline->AoC 1423763 (62) AoC->Howl 36833 (112) Howl->Full 0 (0) Inline->AoC 184246 (27) AoC->BitMap 42592 (71) BitMap->Full 1 (0) 
[2025-10-13T23:28:23.416-0700][1201][info ][gc,heap     ] GC(104) Eden regions: 2449->0(2372)
[2025-10-13T23:28:23.416-0700][1201][info ][gc,heap     ] GC(104) Survivor regions: 154->176(326)
[2025-10-13T23:28:23.416-0700][1201][info ][gc,heap     ] GC(104) Old regions: 1374->1374
[2025-10-13T23:28:23.416-0700][1201][info ][gc,heap     ] GC(104) Humongous regions: 10->0
[2025-10-13T23:28:23.416-0700][1201][info ][gc,metaspace] GC(104) Metaspace: 307868K(313472K)->307868K(313472K) NonClass: 272527K(275584K)->272527K(275584K) Class: 35340K(37888K)->35340K(37888K)
[2025-10-13T23:28:23.416-0700][1201][info ][gc          ] GC(104) Pause Young (Prepare Mixed) (G1 Evacuation Pause) 127579M->49576M(184320M) 135.678ms
[2025-10-13T23:28:23.417-0700][1201][info ][gc,cpu      ] GC(104) User=12.85s Sys=0.07s Real=0.13s
[2025-10-13T23:28:23.418-0700][1201][info ][safepoint   ] Safepoint "G1CollectForAllocation", Time since last: 857543446 ns, Reaching safepoint: 18603710 ns, Cleanup: 7702 ns, At safepoint: 138914712 ns, Total: 157526124 ns
[2025-10-13T23:28:27.241-0700][1201][info ][safepoint   ] Safepoint "Cleanup", Time since last: 3821534352 ns, Reaching safepoint: 689419 ns, Cleanup: 24637 ns, At safepoint: 215415 ns, Total: 929471 ns
[2025-10-13T23:28:30.242-0700][1201][info ][safepoint   ] Safepoint "Cleanup", Time since last: 3000234605 ns, Reaching safepoint: 782810 ns, Cleanup: 10616 ns, At safepoint: 149004 ns, Total: 942430 ns
[2025-10-13T23:28:31.243-0700][1201][info ][safepoint   ] Safepoint "Cleanup", Time since last: 1000100556 ns, Reaching safepoint: 848178 ns, Cleanup: 19389 ns, At safepoint: 192059 ns, Total: 1059626 ns
[2025-10-13T23:28:32.244-0700][1201][info ][safepoint   ] Safepoint "Cleanup", Time since last: 1000096740 ns, Reaching safepoint: 865464 ns, Cleanup: 17256 ns, At safepoint: 279962 ns, Total: 1162682 ns
[2025-10-13T23:28:33.074-0700][1201][info ][gc,start    ] GC(105) Pause Young (Mixed) (G1 Evacuation Pause)
[2025-10-13T23:28:33.074-0700][1201][info ][gc,task     ] GC(105) Using 113 workers of 113 for evacuation
[2025-10-13T23:28:33.088-0700][1201][debug][gc,remset   ] GC(105) Visited cards 11701504 Total dirty 80543744 (14.53%) Total old 471465984 (2.48%)
[2025-10-13T23:28:33.239-0700][1201][info ][gc,phases   ] GC(105)   Pre Evacuate Collection Set: 0.7ms
[2025-10-13T23:28:33.239-0700][1201][info ][gc,phases   ] GC(105)   Merge Heap Roots: 13.4ms
[2025-10-13T23:28:33.239-0700][1201][info ][gc,phases   ] GC(105)   Evacuate Collection Set: 137.6ms
[2025-10-13T23:28:33.239-0700][1201][info ][gc,phases   ] GC(105)   Post Evacuate Collection Set: 13.0ms
[2025-10-13T23:28:33.239-0700][1201][info ][gc,phases   ] GC(105)   Other: 0.2ms
[2025-10-13T23:28:33.239-0700][1201][debug][gc,remset   ] GC(105) Coarsening (recent): Inline->AoC 18070 (0) AoC->Howl 59 (0) Howl->Full 0 (0) Inline->AoC 246 (0) AoC->BitMap 19 (0) BitMap->Full 0 (0) 
[2025-10-13T23:28:33.239-0700][1201][debug][gc,remset   ] GC(105) Coarsening (all): Inline->AoC 1441833 (62) AoC->Howl 36892 (112) Howl->Full 0 (0) Inline->AoC 184492 (27) AoC->BitMap 42611 (71) BitMap->Full 1 (0) 
[2025-10-13T23:28:33.239-0700][1201][info ][gc,heap     ] GC(105) Eden regions: 2673->0(2697)
[2025-10-13T23:28:33.239-0700][1201][info ][gc,heap     ] GC(105) Survivor regions: 176->191(357)
[2025-10-13T23:28:33.239-0700][1201][info ][gc,heap     ] GC(105) Old regions: 1374->1268
[2025-10-13T23:28:33.239-0700][1201][info ][gc,heap     ] GC(105) Humongous regions: 14->0
[2025-10-13T23:28:33.239-0700][1201][info ][gc,metaspace] GC(105) Metaspace: 307908K(313472K)->307908K(313472K) NonClass: 272563K(275584K)->272563K(275584K) Class: 35344K(37888K)->35344K(37888K)
[2025-10-13T23:28:33.239-0700][1201][info ][gc          ] GC(105) Pause Young (Mixed) (G1 Evacuation Pause) 135560M->46633M(184320M) 165.232ms
[2025-10-13T23:28:33.240-0700][1201][info ][gc,cpu      ] GC(105) User=13.52s Sys=0.11s Real=0.17s
[2025-10-13T23:28:33.241-0700][1201][info ][safepoint   ] Safepoint "G1CollectForAllocation", Time since last: 827581171 ns, Reaching safepoint: 897573 ns, Cleanup: 12729 ns, At safepoint: 168629132 ns, Total: 169539434 ns
[2025-10-13T23:28:34.243-0700][1201][info ][safepoint   ] Safepoint "Cleanup", Time since last: 1000091713 ns, Reaching safepoint: 991944 ns, Cleanup: 19550 ns, At safepoint: 242415 ns, Total: 1253909 ns
[2025-10-13T23:28:35.244-0700][1201][info ][safepoint   ] Safepoint "Cleanup", Time since last: 1000149249 ns, Reaching safepoint: 951363 ns, Cleanup: 13861 ns, At safepoint: 579233 ns, Total: 1544457 ns
[2025-10-13T23:28:36.246-0700][1201][info ][safepoint   ] Safepoint "Cleanup", Time since last: 1000112363 ns, Reaching safepoint: 748157 ns, Cleanup: 10897 ns, At safepoint: 529047 ns, Total: 1288101 ns
[2025-10-13T23:28:37.248-0700][1201][info ][safepoint   ] Safepoint "Cleanup", Time since last: 1000113936 ns, Reaching safepoint: 854237 ns, Cleanup: 24317 ns, At safepoint: 777711 ns, Total: 1656265 ns
[2025-10-13T23:28:38.250-0700][1201][info ][safepoint   ] Safepoint "Cleanup", Time since last: 1000112875 ns, Reaching safepoint: 856891 ns, Cleanup: 17226 ns, At safepoint: 1163273 ns, Total: 2037390 ns
[2025-10-13T23:28:41.149-0700][1201][info ][gc,start    ] GC(106) Pause Young (Mixed) (G1 Evacuation Pause)
[2025-10-13T23:28:41.149-0700][1201][info ][gc,task     ] GC(106) Using 113 workers of 113 for evacuation
[2025-10-13T23:28:41.164-0700][1201][debug][gc,remset   ] GC(106) Visited cards 11930624 Total dirty 74907648 (15.93%) Total old 508493824 (2.35%)
[2025-10-13T23:28:41.330-0700][1201][info ][gc,phases   ] GC(106)   Pre Evacuate Collection Set: 0.8ms
[2025-10-13T23:28:41.330-0700][1201][info ][gc,phases   ] GC(106)   Merge Heap Roots: 14.1ms
[2025-10-13T23:28:41.330-0700][1201][info ][gc,phases   ] GC(106)   Evacuate Collection Set: 151.5ms
[2025-10-13T23:28:41.330-0700][1201][info ][gc,phases   ] GC(106)   Post Evacuate Collection Set: 14.6ms
[2025-10-13T23:28:41.330-0700][1201][info ][gc,phases   ] GC(106)   Other: 0.2ms
[2025-10-13T23:28:41.330-0700][1201][debug][gc,remset   ] GC(106) Coarsening (recent): Inline->AoC 13175 (0) AoC->Howl 96 (0) Howl->Full 0 (0) Inline->AoC 460 (0) AoC->BitMap 38 (0) BitMap->Full 0 (0) 
[2025-10-13T23:28:41.330-0700][1201][debug][gc,remset   ] GC(106) Coarsening (all): Inline->AoC 1455008 (62) AoC->Howl 36988 (112) Howl->Full 0 (0) Inline->AoC 184952 (27) AoC->BitMap 42649 (71) BitMap->Full 1 (0) 
[2025-10-13T23:28:41.330-0700][1201][info ][gc,heap     ] GC(106) Eden regions: 2994->0(2582)
[2025-10-13T23:28:41.330-0700][1201][info ][gc,heap     ] GC(106) Survivor regions: 191->214(399)
[2025-10-13T23:28:41.330-0700][1201][info ][gc,heap     ] GC(106) Old regions: 1268->1160
[2025-10-13T23:28:41.330-0700][1201][info ][gc,heap     ] GC(106) Humongous regions: 13->0
[2025-10-13T23:28:41.330-0700][1201][info ][gc,metaspace] GC(106) Metaspace: 307925K(313472K)->307925K(313472K) NonClass: 272580K(275584K)->272580K(275584K) Class: 35345K(37888K)->35345K(37888K)
[2025-10-13T23:28:41.330-0700][1201][info ][gc          ] GC(106) Pause Young (Mixed) (G1 Evacuation Pause) 142857M->43948M(184320M) 181.362ms
[2025-10-13T23:28:41.331-0700][1201][info ][gc,cpu      ] GC(106) User=15.34s Sys=0.08s Real=0.18s
[2025-10-13T23:28:41.333-0700][1201][info ][safepoint   ] Safepoint "G1CollectForAllocation", Time since last: 2897100524 ns, Reaching safepoint: 973347 ns, Cleanup: 7561 ns, At safepoint: 184946638 ns, Total: 185927546 ns
[2025-10-13T23:28:42.334-0700][1201][info ][safepoint   ] Safepoint "Cleanup", Time since last: 1000091202 ns, Reaching safepoint: 1334791 ns, Cleanup: 10576 ns, At safepoint: 221363 ns, Total: 1566730 ns
[2025-10-13T23:28:43.336-0700][1201][info ][safepoint   ] Safepoint "Cleanup", Time since last: 1000103069 ns, Reaching safepoint: 777492 ns, Cleanup: 9384 ns, At safepoint: 216196 ns, Total: 1003072 ns
[2025-10-13T23:28:45.337-0700][1201][info ][safepoint   ] Safepoint "Cleanup", Time since last: 2000157825 ns, Reaching safepoint: 774107 ns, Cleanup: 15673 ns, At safepoint: 147603 ns, Total: 937383 ns
[2025-10-13T23:28:47.338-0700][1201][info ][safepoint   ] Safepoint "Cleanup", Time since last: 2000161541 ns, Reaching safepoint: 795499 ns, Cleanup: 10275 ns, At safepoint: 187082 ns, Total: 992856 ns
[2025-10-13T23:28:50.793-0700][1201][info ][gc,start    ] GC(107) Pause Young (Mixed) (G1 Evacuation Pause)
[2025-10-13T23:28:50.793-0700][1201][info ][gc,task     ] GC(107) Using 113 workers of 113 for evacuation
[2025-10-13T23:28:50.808-0700][1201][debug][gc,remset   ] GC(107) Visited cards 11936256 Total dirty 68550656 (17.41%) Total old 475791360 (2.51%)
[2025-10-13T23:28:50.994-0700][1201][info ][gc,mmu      ] GC(107) MMU target violated: 201.0ms (200.0ms/201.0ms)
[2025-10-13T23:28:50.994-0700][1201][info ][gc,phases   ] GC(107)   Pre Evacuate Collection Set: 0.8ms
[2025-10-13T23:28:50.994-0700][1201][info ][gc,phases   ] GC(107)   Merge Heap Roots: 14.8ms
[2025-10-13T23:28:50.994-0700][1201][info ][gc,phases   ] GC(107)   Evacuate Collection Set: 169.7ms
[2025-10-13T23:28:50.994-0700][1201][info ][gc,phases   ] GC(107)   Post Evacuate Collection Set: 15.9ms
[2025-10-13T23:28:50.994-0700][1201][info ][gc,phases   ] GC(107)   Other: 0.2ms
[2025-10-13T23:28:50.994-0700][1201][debug][gc,remset   ] GC(107) Coarsening (recent): Inline->AoC 15479 (0) AoC->Howl 169 (0) Howl->Full 0 (0) Inline->AoC 842 (0) AoC->BitMap 75 (0) BitMap->Full 0 (0) 
[2025-10-13T23:28:50.994-0700][1201][debug][gc,remset   ] GC(107) Coarsening (all): Inline->AoC 1470487 (62) AoC->Howl 37157 (112) Howl->Full 0 (0) Inline->AoC 185794 (27) AoC->BitMap 42724 (71) BitMap->Full 1 (0) 
[2025-10-13T23:28:50.994-0700][1201][info ][gc,heap     ] GC(107) Eden regions: 2775->0(2210)
[2025-10-13T23:28:50.994-0700][1201][info ][gc,heap     ] GC(107) Survivor regions: 214->224(374)
[2025-10-13T23:28:50.994-0700][1201][info ][gc,heap     ] GC(107) Old regions: 1160->1087
[2025-10-13T23:28:50.994-0700][1201][info ][gc,heap     ] GC(107) Humongous regions: 14->0
[2025-10-13T23:28:50.994-0700][1201][info ][gc,metaspace] GC(107) Metaspace: 307937K(313472K)->307937K(313472K) NonClass: 272591K(275584K)->272591K(275584K) Class: 35345K(37888K)->35345K(37888K)
[2025-10-13T23:28:50.994-0700][1201][info ][gc          ] GC(107) Pause Young (Mixed) (G1 Evacuation Pause) 133196M->41911M(184320M) 201.581ms
[2025-10-13T23:28:50.995-0700][1201][info ][gc,cpu      ] GC(107) User=18.25s Sys=0.10s Real=0.20s
[2025-10-13T23:28:50.996-0700][1201][info ][safepoint   ] Safepoint "G1CollectForAllocation", Time since last: 3452799005 ns, Reaching safepoint: 851443 ns, Cleanup: 6680 ns, At safepoint: 204969125 ns, Total: 205827248 ns
[2025-10-13T23:28:51.998-0700][1201][info ][safepoint   ] Safepoint "Cleanup", Time since last: 1000093929 ns, Reaching safepoint: 1008080 ns, Cleanup: 20140 ns, At safepoint: 604170 ns, Total: 1632390 ns
[2025-10-13T23:28:53.999-0700][1201][info ][safepoint   ] Safepoint "Cleanup", Time since last: 2000156522 ns, Reaching safepoint: 742399 ns, Cleanup: 50636 ns, At safepoint: 86771 ns, Total: 879806 ns
[2025-10-13T23:28:55.001-0700][1201][info ][safepoint   ] Safepoint "Cleanup", Time since last: 1000112748 ns, Reaching safepoint: 875690 ns, Cleanup: 16124 ns, At safepoint: 415907 ns, Total: 1307721 ns
[2025-10-13T23:28:56.002-0700][1201][info ][safepoint   ] Safepoint "Cleanup", Time since last: 1000110164 ns, Reaching safepoint: 679334 ns, Cleanup: 11798 ns, At safepoint: 204768 ns, Total: 895900 ns
[2025-10-13T23:28:57.004-0700][1201][info ][safepoint   ] Safepoint "Cleanup", Time since last: 1000122323 ns, Reaching safepoint: 875880 ns, Cleanup: 12008 ns, At safepoint: 1003943 ns, Total: 1891831 ns
[2025-10-13T23:28:59.008-0700][1201][info ][safepoint   ] Safepoint "Cleanup", Time since last: 2000178044 ns, Reaching safepoint: 2980823 ns, Cleanup: 14332 ns, At safepoint: 1262602 ns, Total: 4257757 ns
[2025-10-13T23:28:59.928-0700][1201][info ][gc,start    ] GC(108) Pause Young (Mixed) (G1 Evacuation Pause)
[2025-10-13T23:28:59.928-0700][1201][info ][gc,task     ] GC(108) Using 113 workers of 113 for evacuation
[2025-10-13T23:28:59.943-0700][1201][debug][gc,remset   ] GC(108) Visited cards 12287232 Total dirty 64159744 (19.15%) Total old 418447360 (2.94%)
[2025-10-13T23:29:00.119-0700][1201][info ][gc,phases   ] GC(108)   Pre Evacuate Collection Set: 0.8ms
[2025-10-13T23:29:00.119-0700][1201][info ][gc,phases   ] GC(108)   Merge Heap Roots: 14.4ms
[2025-10-13T23:29:00.119-0700][1201][info ][gc,phases   ] GC(108)   Evacuate Collection Set: 159.0ms
[2025-10-13T23:29:00.119-0700][1201][info ][gc,phases   ] GC(108)   Post Evacuate Collection Set: 16.5ms
[2025-10-13T23:29:00.119-0700][1201][info ][gc,phases   ] GC(108)   Other: 0.2ms
[2025-10-13T23:29:00.119-0700][1201][debug][gc,remset   ] GC(108) Coarsening (recent): Inline->AoC 18520 (0) AoC->Howl 382 (0) Howl->Full 0 (0) Inline->AoC 1703 (0) AoC->BitMap 267 (0) BitMap->Full 0 (0) 
[2025-10-13T23:29:00.119-0700][1201][debug][gc,remset   ] GC(108) Coarsening (all): Inline->AoC 1489007 (62) AoC->Howl 37539 (112) Howl->Full 0 (0) Inline->AoC 187497 (27) AoC->BitMap 42991 (71) BitMap->Full 1 (0) 
[2025-10-13T23:29:00.119-0700][1201][info ][gc,heap     ] GC(108) Eden regions: 2363->0(2610)
[2025-10-13T23:29:00.119-0700][1201][info ][gc,heap     ] GC(108) Survivor regions: 224->200(324)
[2025-10-13T23:29:00.119-0700][1201][info ][gc,heap     ] GC(108) Old regions: 1087->1039
[2025-10-13T23:29:00.119-0700][1201][info ][gc,heap     ] GC(108) Humongous regions: 16->0
[2025-10-13T23:29:00.119-0700][1201][info ][gc,metaspace] GC(108) Metaspace: 307984K(313472K)->307984K(313472K) NonClass: 272635K(275584K)->272635K(275584K) Class: 35349K(37888K)->35349K(37888K)
[2025-10-13T23:29:00.119-0700][1201][info ][gc          ] GC(108) Pause Young (Mixed) (G1 Evacuation Pause) 118039M->39627M(184320M) 191.004ms
[2025-10-13T23:29:00.120-0700][1201][info ][gc,cpu      ] GC(108) User=18.22s Sys=0.11s Real=0.20s
[2025-10-13T23:29:00.121-0700][1201][info ][safepoint   ] Safepoint "G1CollectForAllocation", Time since last: 917835496 ns, Reaching safepoint: 797131 ns, Cleanup: 14983 ns, At safepoint: 194391563 ns, Total: 195203677 ns
[2025-10-13T23:29:01.122-0700][1201][info ][safepoint   ] Safepoint "Cleanup", Time since last: 1000085106 ns, Reaching safepoint: 796451 ns, Cleanup: 12078 ns, At safepoint: 268204 ns, Total: 1076733 ns
[2025-10-13T23:29:02.130-0700][1201][info ][safepoint   ] Safepoint "Cleanup", Time since last: 1000105357 ns, Reaching safepoint: 6670423 ns, Cleanup: 8132 ns, At safepoint: 1396645 ns, Total: 8075200 ns
[2025-10-13T23:29:03.132-0700][1201][info ][safepoint   ] Safepoint "Cleanup", Time since last: 1000105707 ns, Reaching safepoint: 804773 ns, Cleanup: 9805 ns, At safepoint: 934769 ns, Total: 1749347 ns
[2025-10-13T23:29:04.134-0700][1201][info ][safepoint   ] Safepoint "Cleanup", Time since last: 1000112938 ns, Reaching safepoint: 890562 ns, Cleanup: 15213 ns, At safepoint: 731723 ns, Total: 1637498 ns
[2025-10-13T23:29:05.136-0700][1201][info ][safepoint   ] Safepoint "Cleanup", Time since last: 1000114250 ns, Reaching safepoint: 803581 ns, Cleanup: 12279 ns, At safepoint: 1013698 ns, Total: 1829558 ns
[2025-10-13T23:29:06.138-0700][1201][info ][safepoint   ] Safepoint "Cleanup", Time since last: 1000110855 ns, Reaching safepoint: 751713 ns, Cleanup: 19549 ns, At safepoint: 776731 ns, Total: 1547993 ns
[2025-10-13T23:29:07.139-0700][1201][info ][safepoint   ] Safepoint "Cleanup", Time since last: 1000126278 ns, Reaching safepoint: 720716 ns, Cleanup: 19159 ns, At safepoint: 877432 ns, Total: 1617307 ns
[2025-10-13T23:29:08.142-0700][1201][info ][safepoint   ] Safepoint "Cleanup", Time since last: 1000087450 ns, Reaching safepoint: 1119137 ns, Cleanup: 13931 ns, At safepoint: 1160599 ns, Total: 2293667 ns
[2025-10-13T23:29:09.351-0700][1201][info ][gc,start    ] GC(109) Pause Young (Mixed) (G1 Evacuation Pause)
[2025-10-13T23:29:09.351-0700][1201][info ][gc,task     ] GC(109) Using 113 workers of 113 for evacuation
[2025-10-13T23:29:09.366-0700][1201][debug][gc,remset   ] GC(109) Visited cards 13279232 Total dirty 60555264 (21.93%) Total old 430768128 (3.08%)
[2025-10-13T23:29:09.524-0700][1201][debug][gc,remset   ] GC(109) Visited cards 1351424 Total dirty 54132736 (2.50%) Total old 448069632 (0.30%)
[2025-10-13T23:29:09.543-0700][1201][info ][gc,phases   ] GC(109)   Pre Evacuate Collection Set: 0.7ms
[2025-10-13T23:29:09.543-0700][1201][info ][gc,phases   ] GC(109)   Merge Heap Roots: 14.2ms
[2025-10-13T23:29:09.543-0700][1201][info ][gc,phases   ] GC(109)   Evacuate Collection Set: 157.1ms
[2025-10-13T23:29:09.543-0700][1201][info ][gc,phases   ] GC(109)   Merge Optional Heap Roots: 1.1ms
[2025-10-13T23:29:09.543-0700][1201][info ][gc,phases   ] GC(109)   Evacuate Optional Collection Set: 3.8ms
[2025-10-13T23:29:09.543-0700][1201][info ][gc,phases   ] GC(109)   Post Evacuate Collection Set: 15.3ms
[2025-10-13T23:29:09.543-0700][1201][info ][gc,phases   ] GC(109)   Other: 0.2ms
[2025-10-13T23:29:09.543-0700][1201][debug][gc,remset   ] GC(109) Coarsening (recent): Inline->AoC 39678 (0) AoC->Howl 537 (0) Howl->Full 0 (0) Inline->AoC 1730 (0) AoC->BitMap 466 (0) BitMap->Full 0 (0) 
[2025-10-13T23:29:09.543-0700][1201][debug][gc,remset   ] GC(109) Coarsening (all): Inline->AoC 1528685 (62) AoC->Howl 38076 (112) Howl->Full 0 (0) Inline->AoC 189227 (27) AoC->BitMap 43457 (71) BitMap->Full 1 (0) 
[2025-10-13T23:29:09.543-0700][1201][info ][gc,heap     ] GC(109) Eden regions: 2505->0(2200)
[2025-10-13T23:29:09.543-0700][1201][info ][gc,heap     ] GC(109) Survivor regions: 200->206(339)
[2025-10-13T23:29:09.543-0700][1201][info ][gc,heap     ] GC(109) Old regions: 1039->943
[2025-10-13T23:29:09.543-0700][1201][info ][gc,heap     ] GC(109) Humongous regions: 16->0
[2025-10-13T23:29:09.543-0700][1201][info ][gc,metaspace] GC(109) Metaspace: 308047K(313472K)->308047K(313472K) NonClass: 272696K(275584K)->272696K(275584K) Class: 35351K(37888K)->35351K(37888K)
[2025-10-13T23:29:09.543-0700][1201][info ][gc          ] GC(109) Pause Young (Mixed) (G1 Evacuation Pause) 120299M->36741M(184320M) 192.666ms
[2025-10-13T23:29:09.544-0700][1201][info ][gc,cpu      ] GC(109) User=17.05s Sys=0.27s Real=0.19s
[2025-10-13T23:29:09.545-0700][1201][info ][safepoint   ] Safepoint "G1CollectForAllocation", Time since last: 1206795105 ns, Reaching safepoint: 833366 ns, Cleanup: 4937 ns, At safepoint: 196040338 ns, Total: 196878641 ns
[2025-10-13T23:29:10.546-0700][1201][info ][safepoint   ] Safepoint "Cleanup", Time since last: 1000080920 ns, Reaching safepoint: 674837 ns, Cleanup: 15884 ns, At safepoint: 92950 ns, Total: 783671 ns
[2025-10-13T23:29:11.547-0700][1201][info ][safepoint   ] Safepoint "Cleanup", Time since last: 1000102783 ns, Reaching safepoint: 763080 ns, Cleanup: 13370 ns, At safepoint: 161283 ns, Total: 937733 ns
[2025-10-13T23:29:12.548-0700][1201][info ][safepoint   ] Safepoint "Cleanup", Time since last: 1000109864 ns, Reaching safepoint: 700996 ns, Cleanup: 12409 ns, At safepoint: 126150 ns, Total: 839555 ns
[2025-10-13T23:29:13.549-0700][1201][info ][safepoint   ] Safepoint "Cleanup", Time since last: 1000096604 ns, Reaching safepoint: 673415 ns, Cleanup: 13250 ns, At safepoint: 191198 ns, Total: 877863 ns
[2025-10-13T23:29:14.551-0700][1201][info ][safepoint   ] Safepoint "Cleanup", Time since last: 1000098086 ns, Reaching safepoint: 780426 ns, Cleanup: 30075 ns, At safepoint: 314214 ns, Total: 1124715 ns
[2025-10-13T23:29:15.552-0700][1201][info ][safepoint   ] Safepoint "Cleanup", Time since last: 1000118351 ns, Reaching safepoint: 821468 ns, Cleanup: 9895 ns, At safepoint: 498601 ns, Total: 1329964 ns
[2025-10-13T23:29:16.554-0700][1201][info ][safepoint   ] Safepoint "Cleanup", Time since last: 1000103943 ns, Reaching safepoint: 797141 ns, Cleanup: 12198 ns, At safepoint: 643189 ns, Total: 1452528 ns
[2025-10-13T23:29:17.555-0700][1201][info ][safepoint   ] Safepoint "Cleanup", Time since last: 1000100998 ns, Reaching safepoint: 704752 ns, Cleanup: 16605 ns, At safepoint: 681357 ns, Total: 1402714 ns
[2025-10-13T23:29:18.557-0700][1201][info ][safepoint   ] Safepoint "Cleanup", Time since last: 1000105384 ns, Reaching safepoint: 797132 ns, Cleanup: 23385 ns, At safepoint: 966466 ns, Total: 1786983 ns
[2025-10-13T23:29:18.608-0700][1201][info ][gc,start    ] GC(110) Pause Young (Mixed) (G1 Evacuation Pause)
[2025-10-13T23:29:18.608-0700][1201][info ][gc,task     ] GC(110) Using 113 workers of 113 for evacuation
[2025-10-13T23:29:18.621-0700][1201][debug][gc,remset   ] GC(110) Visited cards 13152768 Total dirty 54853632 (23.98%) Total old 413859840 (3.18%)
[2025-10-13T23:29:18.803-0700][1201][info ][gc,phases   ] GC(110)   Pre Evacuate Collection Set: 0.8ms
[2025-10-13T23:29:18.803-0700][1201][info ][gc,phases   ] GC(110)   Merge Heap Roots: 12.6ms
[2025-10-13T23:29:18.803-0700][1201][info ][gc,phases   ] GC(110)   Evacuate Collection Set: 166.5ms
[2025-10-13T23:29:18.803-0700][1201][info ][gc,phases   ] GC(110)   Post Evacuate Collection Set: 15.0ms
[2025-10-13T23:29:18.803-0700][1201][info ][gc,phases   ] GC(110)   Other: 0.2ms
[2025-10-13T23:29:18.803-0700][1201][debug][gc,remset   ] GC(110) Coarsening (recent): Inline->AoC 43576 (0) AoC->Howl 346 (0) Howl->Full 0 (0) Inline->AoC 1232 (0) AoC->BitMap 242 (0) BitMap->Full 0 (0) 
[2025-10-13T23:29:18.803-0700][1201][debug][gc,remset   ] GC(110) Coarsening (all): Inline->AoC 1572261 (62) AoC->Howl 38422 (112) Howl->Full 0 (0) Inline->AoC 190459 (27) AoC->BitMap 43699 (71) BitMap->Full 1 (0) 
[2025-10-13T23:29:18.803-0700][1201][info ][gc,heap     ] GC(110) Eden regions: 2418->0(1396)
[2025-10-13T23:29:18.803-0700][1201][info ][gc,heap     ] GC(110) Survivor regions: 206->225(328)
[2025-10-13T23:29:18.803-0700][1201][info ][gc,heap     ] GC(110) Old regions: 943->879
[2025-10-13T23:29:18.803-0700][1201][info ][gc,heap     ] GC(110) Humongous regions: 16->0
[2025-10-13T23:29:18.803-0700][1201][info ][gc,metaspace] GC(110) Metaspace: 308092K(313472K)->308092K(313472K) NonClass: 272736K(275584K)->272736K(275584K) Class: 35355K(37888K)->35355K(37888K)
[2025-10-13T23:29:18.803-0700][1201][info ][gc          ] GC(110) Pause Young (Mixed) (G1 Evacuation Pause) 114629M->35304M(184320M) 195.253ms
[2025-10-13T23:29:18.804-0700][1201][info ][gc,cpu      ] GC(110) User=18.28s Sys=0.22s Real=0.20s
[2025-10-13T23:29:18.805-0700][1201][info ][safepoint   ] Safepoint "G1CollectForAllocation", Time since last: 42860740 ns, Reaching safepoint: 6936792 ns, Cleanup: 4727 ns, At safepoint: 198651265 ns, Total: 205592784 ns
[2025-10-13T23:29:19.807-0700][1201][info ][safepoint   ] Safepoint "Cleanup", Time since last: 1000082330 ns, Reaching safepoint: 746404 ns, Cleanup: 26550 ns, At safepoint: 357639 ns, Total: 1130593 ns
[2025-10-13T23:29:20.809-0700][1201][info ][safepoint   ] Safepoint "Cleanup", Time since last: 1000110172 ns, Reaching safepoint: 840797 ns, Cleanup: 22965 ns, At safepoint: 971553 ns, Total: 1835315 ns
[2025-10-13T23:29:21.813-0700][1201][info ][safepoint   ] Safepoint "Cleanup", Time since last: 1000110773 ns, Reaching safepoint: 2977316 ns, Cleanup: 19039 ns, At safepoint: 1720062 ns, Total: 4716417 ns
[2025-10-13T23:29:22.816-0700][1201][info ][safepoint   ] Safepoint "Cleanup", Time since last: 1000115469 ns, Reaching safepoint: 1026167 ns, Cleanup: 11196 ns, At safepoint: 1443525 ns, Total: 2480888 ns
[2025-10-13T23:29:23.817-0700][1201][info ][safepoint   ] Safepoint "Cleanup", Time since last: 1000115861 ns, Reaching safepoint: 710751 ns, Cleanup: 15904 ns, At safepoint: 611321 ns, Total: 1337976 ns
[2025-10-13T23:29:24.082-0700][1201][info ][gc,start    ] GC(111) Pause Young (Mixed) (G1 Evacuation Pause)
[2025-10-13T23:29:24.082-0700][1201][info ][gc,task     ] GC(111) Using 113 workers of 113 for evacuation
[2025-10-13T23:29:24.095-0700][1201][debug][gc,remset   ] GC(111) Visited cards 13738752 Total dirty 50528256 (27.19%) Total old 328663040 (4.18%)
[2025-10-13T23:29:24.299-0700][1201][info ][gc,mmu      ] GC(111) MMU target violated: 201.0ms (200.0ms/201.0ms)
[2025-10-13T23:29:24.299-0700][1201][info ][gc,phases   ] GC(111)   Pre Evacuate Collection Set: 0.8ms
[2025-10-13T23:29:24.299-0700][1201][info ][gc,phases   ] GC(111)   Merge Heap Roots: 12.1ms
[2025-10-13T23:29:24.299-0700][1201][info ][gc,phases   ] GC(111)   Evacuate Collection Set: 192.1ms
[2025-10-13T23:29:24.299-0700][1201][info ][gc,phases   ] GC(111)   Post Evacuate Collection Set: 12.2ms
[2025-10-13T23:29:24.299-0700][1201][info ][gc,phases   ] GC(111)   Other: 0.2ms
[2025-10-13T23:29:24.299-0700][1201][debug][gc,remset   ] GC(111) Coarsening (recent): Inline->AoC 38961 (0) AoC->Howl 236 (0) Howl->Full 0 (0) Inline->AoC 796 (0) AoC->BitMap 199 (0) BitMap->Full 0 (0) 
[2025-10-13T23:29:24.299-0700][1201][debug][gc,remset   ] GC(111) Coarsening (all): Inline->AoC 1611222 (62) AoC->Howl 38658 (112) Howl->Full 0 (0) Inline->AoC 191255 (27) AoC->BitMap 43898 (71) BitMap->Full 1 (0) 
[2025-10-13T23:29:24.299-0700][1201][info ][gc,heap     ] GC(111) Eden regions: 1783->0(3244)
[2025-10-13T23:29:24.299-0700][1201][info ][gc,heap     ] GC(111) Survivor regions: 225->143(251)
[2025-10-13T23:29:24.299-0700][1201][info ][gc,heap     ] GC(111) Old regions: 879->909
[2025-10-13T23:29:24.299-0700][1201][info ][gc,heap     ] GC(111) Humongous regions: 12->0
[2025-10-13T23:29:24.299-0700][1201][info ][gc,metaspace] GC(111) Metaspace: 308166K(313472K)->308166K(313472K) NonClass: 272810K(275584K)->272810K(275584K) Class: 35356K(37888K)->35356K(37888K)
[2025-10-13T23:29:24.299-0700][1201][info ][gc          ] GC(111) Pause Young (Mixed) (G1 Evacuation Pause) 92744M->33640M(184320M) 217.504ms
[2025-10-13T23:29:24.300-0700][1201][info ][gc,cpu      ] GC(111) User=18.13s Sys=0.21s Real=0.22s
[2025-10-13T23:29:24.302-0700][1201][info ][safepoint   ] Safepoint "G1CollectForAllocation", Time since last: 262655913 ns, Reaching safepoint: 741317 ns, Cleanup: 4757 ns, At safepoint: 221008331 ns, Total: 221754405 ns
[2025-10-13T23:29:25.317-0700][1201][info ][safepoint   ] Safepoint "Cleanup", Time since last: 1012396024 ns, Reaching safepoint: 1728374 ns, Cleanup: 15373 ns, At safepoint: 615868 ns, Total: 2359615 ns
[2025-10-13T23:29:26.318-0700][1201][info ][safepoint   ] Safepoint "Cleanup", Time since last: 1000117473 ns, Reaching safepoint: 831242 ns, Cleanup: 22334 ns, At safepoint: 598341 ns, Total: 1451917 ns
[2025-10-13T23:29:27.320-0700][1201][info ][safepoint   ] Safepoint "Cleanup", Time since last: 1000118084 ns, Reaching safepoint: 976952 ns, Cleanup: 26280 ns, At safepoint: 744972 ns, Total: 1748204 ns
[2025-10-13T23:29:31.323-0700][1201][info ][safepoint   ] Safepoint "Cleanup", Time since last: 4000308769 ns, Reaching safepoint: 1820583 ns, Cleanup: 11477 ns, At safepoint: 373163 ns, Total: 2205223 ns
[2025-10-13T23:29:32.325-0700][1201][info ][safepoint   ] Safepoint "Cleanup", Time since last: 1000119435 ns, Reaching safepoint: 1220609 ns, Cleanup: 17517 ns, At safepoint: 1160899 ns, Total: 2399025 ns
[2025-10-13T23:29:33.335-0700][1201][info ][safepoint   ] Safepoint "Cleanup", Time since last: 1000109791 ns, Reaching safepoint: 8203030 ns, Cleanup: 12799 ns, At safepoint: 1549575 ns, Total: 9765404 ns
[2025-10-13T23:29:34.289-0700][1201][info ][gc,start    ] GC(112) Pause Young (Mixed) (G1 Evacuation Pause)
[2025-10-13T23:29:34.290-0700][1201][info ][gc,task     ] GC(112) Using 113 workers of 113 for evacuation
[2025-10-13T23:29:34.304-0700][1201][debug][gc,remset   ] GC(112) Visited cards 13988096 Total dirty 55115776 (25.38%) Total old 519634944 (2.69%)
[2025-10-13T23:29:34.470-0700][1201][info ][gc,phases   ] GC(112)   Pre Evacuate Collection Set: 0.8ms
[2025-10-13T23:29:34.470-0700][1201][info ][gc,phases   ] GC(112)   Merge Heap Roots: 13.4ms
[2025-10-13T23:29:34.470-0700][1201][info ][gc,phases   ] GC(112)   Evacuate Collection Set: 152.6ms
[2025-10-13T23:29:34.470-0700][1201][info ][gc,phases   ] GC(112)   Post Evacuate Collection Set: 13.5ms
[2025-10-13T23:29:34.470-0700][1201][info ][gc,phases   ] GC(112)   Other: 0.2ms
[2025-10-13T23:29:34.470-0700][1201][debug][gc,remset   ] GC(112) Coarsening (recent): Inline->AoC 46793 (0) AoC->Howl 214 (0) Howl->Full 0 (0) Inline->AoC 613 (0) AoC->BitMap 167 (0) BitMap->Full 0 (0) 
[2025-10-13T23:29:34.470-0700][1201][debug][gc,remset   ] GC(112) Coarsening (all): Inline->AoC 1658015 (62) AoC->Howl 38872 (112) Howl->Full 0 (0) Inline->AoC 191868 (27) AoC->BitMap 44065 (71) BitMap->Full 1 (0) 
[2025-10-13T23:29:34.470-0700][1201][info ][gc,heap     ] GC(112) Eden regions: 3313->0(3275)
[2025-10-13T23:29:34.470-0700][1201][info ][gc,heap     ] GC(112) Survivor regions: 143->181(432)
[2025-10-13T23:29:34.470-0700][1201][info ][gc,heap     ] GC(112) Old regions: 909->854
[2025-10-13T23:29:34.470-0700][1201][info ][gc,heap     ] GC(112) Humongous regions: 26->0
[2025-10-13T23:29:34.470-0700][1201][info ][gc,metaspace] GC(112) Metaspace: 308230K(313536K)->308230K(313536K) NonClass: 272867K(275648K)->272867K(275648K) Class: 35363K(37888K)->35363K(37888K)
[2025-10-13T23:29:34.470-0700][1201][info ][gc          ] GC(112) Pause Young (Mixed) (G1 Evacuation Pause) 140488M->33099M(184320M) 180.614ms
[2025-10-13T23:29:34.471-0700][1201][info ][gc,cpu      ] GC(112) User=13.89s Sys=0.38s Real=0.18s
[2025-10-13T23:29:34.472-0700][1201][info ][safepoint   ] Safepoint "G1CollectForAllocation", Time since last: 952577252 ns, Reaching safepoint: 843301 ns, Cleanup: 19620 ns, At safepoint: 184125298 ns, Total: 184988219 ns
[2025-10-13T23:29:35.475-0700][1201][info ][safepoint   ] Safepoint "Cleanup", Time since last: 1000092355 ns, Reaching safepoint: 1516385 ns, Cleanup: 35313 ns, At safepoint: 509498 ns, Total: 2061196 ns
[2025-10-13T23:29:37.476-0700][1201][info ][safepoint   ] Safepoint "Cleanup", Time since last: 2000167133 ns, Reaching safepoint: 714957 ns, Cleanup: 12129 ns, At safepoint: 160501 ns, Total: 887587 ns
[2025-10-13T23:29:40.477-0700][1201][info ][safepoint   ] Safepoint "Cleanup", Time since last: 3000215883 ns, Reaching safepoint: 785013 ns, Cleanup: 11347 ns, At safepoint: 211008 ns, Total: 1007368 ns
[2025-10-13T23:29:42.478-0700][1201][info ][safepoint   ] Safepoint "Cleanup", Time since last: 2000163668 ns, Reaching safepoint: 780897 ns, Cleanup: 32839 ns, At safepoint: 163447 ns, Total: 977183 ns
[2025-10-13T23:29:43.480-0700][1201][info ][safepoint   ] Safepoint "Cleanup", Time since last: 1000099495 ns, Reaching safepoint: 775339 ns, Cleanup: 15513 ns, At safepoint: 610370 ns, Total: 1401222 ns
[2025-10-13T23:29:44.482-0700][1201][info ][safepoint   ] Safepoint "Cleanup", Time since last: 1000106536 ns, Reaching safepoint: 950572 ns, Cleanup: 19239 ns, At safepoint: 1130404 ns, Total: 2100215 ns
[2025-10-13T23:29:45.483-0700][1201][info ][safepoint   ] Safepoint "Cleanup", Time since last: 1000114628 ns, Reaching safepoint: 832855 ns, Cleanup: 19429 ns, At safepoint: 575878 ns, Total: 1428162 ns
[2025-10-13T23:29:46.486-0700][1201][info ][safepoint   ] Safepoint "Cleanup", Time since last: 1000133867 ns, Reaching safepoint: 1371237 ns, Cleanup: 17816 ns, At safepoint: 839776 ns, Total: 2228829 ns
[2025-10-13T23:29:46.673-0700][1201][info ][gc,start    ] GC(113) Pause Young (Normal) (G1 Evacuation Pause)
[2025-10-13T23:29:46.673-0700][1201][info ][gc,task     ] GC(113) Using 113 workers of 113 for evacuation
[2025-10-13T23:29:46.687-0700][1201][debug][gc,remset   ] GC(113) Visited cards 10141440 Total dirty 54460416 (18.62%) Total old 511639552 (1.98%)
[2025-10-13T23:29:46.864-0700][1201][info ][gc,phases   ] GC(113)   Pre Evacuate Collection Set: 0.7ms
[2025-10-13T23:29:46.864-0700][1201][info ][gc,phases   ] GC(113)   Merge Heap Roots: 12.9ms
[2025-10-13T23:29:46.864-0700][1201][info ][gc,phases   ] GC(113)   Evacuate Collection Set: 162.3ms
[2025-10-13T23:29:46.864-0700][1201][info ][gc,phases   ] GC(113)   Post Evacuate Collection Set: 14.3ms
[2025-10-13T23:29:46.864-0700][1201][info ][gc,phases   ] GC(113)   Other: 0.2ms
[2025-10-13T23:29:46.864-0700][1201][debug][gc,remset   ] GC(113) Coarsening (recent): Inline->AoC 19046 (0) AoC->Howl 61 (2) Howl->Full 0 (0) Inline->AoC 267 (0) AoC->BitMap 34 (0) BitMap->Full 0 (0) 
[2025-10-13T23:29:46.864-0700][1201][debug][gc,remset   ] GC(113) Coarsening (all): Inline->AoC 1677061 (62) AoC->Howl 38933 (114) Howl->Full 0 (0) Inline->AoC 192135 (27) AoC->BitMap 44099 (71) BitMap->Full 1 (0) 
[2025-10-13T23:29:46.864-0700][1201][info ][gc,heap     ] GC(113) Eden regions: 3275->0(2619)
[2025-10-13T23:29:46.864-0700][1201][info ][gc,heap     ] GC(113) Survivor regions: 181->244(432)
[2025-10-13T23:29:46.864-0700][1201][info ][gc,heap     ] GC(113) Old regions: 854->854
[2025-10-13T23:29:46.864-0700][1201][info ][gc,heap     ] GC(113) Humongous regions: 41->1
[2025-10-13T23:29:46.864-0700][1201][info ][gc,metaspace] GC(113) Metaspace: 308404K(313792K)->308404K(313792K) NonClass: 273015K(275904K)->273015K(275904K) Class: 35388K(37888K)->35388K(37888K)
[2025-10-13T23:29:46.864-0700][1201][info ][gc          ] GC(113) Pause Young (Normal) (G1 Evacuation Pause) 139211M->35131M(184320M) 190.503ms
[2025-10-13T23:29:46.865-0700][1201][info ][gc,cpu      ] GC(113) User=16.83s Sys=0.24s Real=0.19s
[2025-10-13T23:29:46.866-0700][1201][info ][safepoint   ] Safepoint "G1CollectForAllocation", Time since last: 185692589 ns, Reaching safepoint: 913026 ns, Cleanup: 16685 ns, At safepoint: 193940688 ns, Total: 194870399 ns
[2025-10-13T23:29:47.867-0700][1201][info ][safepoint   ] Safepoint "Cleanup", Time since last: 1000096431 ns, Reaching safepoint: 731963 ns, Cleanup: 40841 ns, At safepoint: 208635 ns, Total: 981439 ns
[2025-10-13T23:29:48.868-0700][1201][info ][safepoint   ] Safepoint "Cleanup", Time since last: 1000110101 ns, Reaching safepoint: 767707 ns, Cleanup: 22344 ns, At safepoint: 152139 ns, Total: 942190 ns
[2025-10-13T23:29:49.872-0700][1201][info ][safepoint   ] Safepoint "Cleanup", Time since last: 1000100507 ns, Reaching safepoint: 2842263 ns, Cleanup: 19069 ns, At safepoint: 985294 ns, Total: 3846626 ns
[2025-10-13T23:29:50.874-0700][1201][info ][safepoint   ] Safepoint "Cleanup", Time since last: 1000109942 ns, Reaching safepoint: 775528 ns, Cleanup: 15874 ns, At safepoint: 770160 ns, Total: 1561562 ns
[2025-10-13T23:29:51.876-0700][1201][info ][safepoint   ] Safepoint "Cleanup", Time since last: 1000070973 ns, Reaching safepoint: 809219 ns, Cleanup: 18428 ns, At safepoint: 883291 ns, Total: 1710938 ns
[2025-10-13T23:29:52.880-0700][1201][info ][safepoint   ] Safepoint "Cleanup", Time since last: 1000104946 ns, Reaching safepoint: 2817185 ns, Cleanup: 17166 ns, At safepoint: 1316133 ns, Total: 4150484 ns
[2025-10-13T23:29:53.882-0700][1201][info ][safepoint   ] Safepoint "Cleanup", Time since last: 1000108430 ns, Reaching safepoint: 1609535 ns, Cleanup: 12209 ns, At safepoint: 166951 ns, Total: 1788695 ns
[2025-10-13T23:29:54.883-0700][1201][info ][safepoint   ] Safepoint "Cleanup", Time since last: 1000104624 ns, Reaching safepoint: 793806 ns, Cleanup: 14071 ns, At safepoint: 249496 ns, Total: 1057373 ns
[2025-10-13T23:29:56.724-0700][1201][info ][gc,start    ] GC(114) Pause Young (Normal) (G1 Evacuation Pause)
[2025-10-13T23:29:56.724-0700][1201][info ][gc,task     ] GC(114) Using 113 workers of 113 for evacuation
[2025-10-13T23:29:56.738-0700][1201][debug][gc,remset   ] GC(114) Visited cards 10139904 Total dirty 54460416 (18.62%) Total old 475070464 (2.13%)
[2025-10-13T23:29:56.950-0700][1201][info ][gc,mmu      ] GC(114) MMU target violated: 201.0ms (200.0ms/201.0ms)
[2025-10-13T23:29:56.950-0700][1201][info ][gc,phases   ] GC(114)   Pre Evacuate Collection Set: 0.8ms
[2025-10-13T23:29:56.950-0700][1201][info ][gc,phases   ] GC(114)   Merge Heap Roots: 12.9ms
[2025-10-13T23:29:56.950-0700][1201][info ][gc,phases   ] GC(114)   Evacuate Collection Set: 197.5ms
[2025-10-13T23:29:56.950-0700][1201][info ][gc,phases   ] GC(114)   Post Evacuate Collection Set: 14.4ms
[2025-10-13T23:29:56.950-0700][1201][info ][gc,phases   ] GC(114)   Other: 0.2ms
[2025-10-13T23:29:56.950-0700][1201][debug][gc,remset   ] GC(114) Coarsening (recent): Inline->AoC 9087 (0) AoC->Howl 44 (0) Howl->Full 0 (0) Inline->AoC 178 (0) AoC->BitMap 27 (0) BitMap->Full 0 (0) 
[2025-10-13T23:29:56.950-0700][1201][debug][gc,remset   ] GC(114) Coarsening (all): Inline->AoC 1686148 (62) AoC->Howl 38977 (114) Howl->Full 0 (0) Inline->AoC 192313 (27) AoC->BitMap 44126 (71) BitMap->Full 1 (0) 
[2025-10-13T23:29:56.950-0700][1201][info ][gc,heap     ] GC(114) Eden regions: 2941->0(2322)
[2025-10-13T23:29:56.950-0700][1201][info ][gc,heap     ] GC(114) Survivor regions: 244->249(399)
[2025-10-13T23:29:56.950-0700][1201][info ][gc,heap     ] GC(114) Old regions: 854->908
[2025-10-13T23:29:56.950-0700][1201][info ][gc,heap     ] GC(114) Humongous regions: 25->0
[2025-10-13T23:29:56.950-0700][1201][info ][gc,metaspace] GC(114) Metaspace: 308477K(313856K)->308477K(313856K) NonClass: 273088K(275968K)->273088K(275968K) Class: 35389K(37888K)->35389K(37888K)
[2025-10-13T23:29:56.950-0700][1201][info ][gc          ] GC(114) Pause Young (Normal) (G1 Evacuation Pause) 130011M->36978M(184320M) 226.011ms
[2025-10-13T23:29:56.951-0700][1201][info ][gc,cpu      ] GC(114) User=19.58s Sys=0.11s Real=0.23s
[2025-10-13T23:29:56.952-0700][1201][info ][safepoint   ] Safepoint "G1CollectForAllocation", Time since last: 1838541596 ns, Reaching safepoint: 1061019 ns, Cleanup: 13991 ns, At safepoint: 229482954 ns, Total: 230557964 ns
[2025-10-13T23:29:57.953-0700][1201][info ][safepoint   ] Safepoint "Cleanup", Time since last: 1000083141 ns, Reaching safepoint: 673965 ns, Cleanup: 28023 ns, At safepoint: 320352 ns, Total: 1022340 ns
[2025-10-13T23:29:58.954-0700][1201][info ][safepoint   ] Safepoint "Cleanup", Time since last: 1000112656 ns, Reaching safepoint: 710931 ns, Cleanup: 13090 ns, At safepoint: 240192 ns, Total: 964213 ns
[2025-10-13T23:29:59.956-0700][1201][info ][safepoint   ] Safepoint "Cleanup", Time since last: 1000116281 ns, Reaching safepoint: 915149 ns, Cleanup: 21322 ns, At safepoint: 387154 ns, Total: 1323625 ns
[2025-10-13T23:30:01.957-0700][1201][info ][safepoint   ] Safepoint "Cleanup", Time since last: 2000169487 ns, Reaching safepoint: 920326 ns, Cleanup: 17547 ns, At safepoint: 226221 ns, Total: 1164094 ns
[2025-10-13T23:30:02.959-0700][1201][info ][safepoint   ] Safepoint "Cleanup", Time since last: 1000144724 ns, Reaching safepoint: 980658 ns, Cleanup: 22423 ns, At safepoint: 672874 ns, Total: 1675955 ns
[2025-10-13T23:30:03.994-0700][1201][info ][gc,start    ] GC(115) Pause Young (Normal) (G1 Evacuation Pause)
[2025-10-13T23:30:03.995-0700][1201][info ][gc,task     ] GC(115) Using 113 workers of 113 for evacuation
[2025-10-13T23:30:04.007-0700][1201][debug][gc,remset   ] GC(115) Visited cards 10464000 Total dirty 57671680 (18.14%) Total old 415629312 (2.52%)
[2025-10-13T23:30:04.185-0700][1201][info ][gc,phases   ] GC(115)   Pre Evacuate Collection Set: 0.8ms
[2025-10-13T23:30:04.185-0700][1201][info ][gc,phases   ] GC(115)   Merge Heap Roots: 12.1ms
[2025-10-13T23:30:04.185-0700][1201][info ][gc,phases   ] GC(115)   Evacuate Collection Set: 163.8ms
[2025-10-13T23:30:04.185-0700][1201][info ][gc,phases   ] GC(115)   Post Evacuate Collection Set: 13.7ms
[2025-10-13T23:30:04.185-0700][1201][info ][gc,phases   ] GC(115)   Other: 0.1ms
[2025-10-13T23:30:04.185-0700][1201][debug][gc,remset   ] GC(115) Coarsening (recent): Inline->AoC 22453 (0) AoC->Howl 88 (0) Howl->Full 0 (0) Inline->AoC 320 (0) AoC->BitMap 53 (0) BitMap->Full 0 (0) 
[2025-10-13T23:30:04.185-0700][1201][debug][gc,remset   ] GC(115) Coarsening (all): Inline->AoC 1708601 (62) AoC->Howl 39065 (114) Howl->Full 0 (0) Inline->AoC 192633 (27) AoC->BitMap 44179 (71) BitMap->Full 1 (0) 
[2025-10-13T23:30:04.185-0700][1201][info ][gc,heap     ] GC(115) Eden regions: 2462->0(3256)
[2025-10-13T23:30:04.185-0700][1201][info ][gc,heap     ] GC(115) Survivor regions: 249->200(339)
[2025-10-13T23:30:04.185-0700][1201][info ][gc,heap     ] GC(115) Old regions: 908->990
[2025-10-13T23:30:04.185-0700][1201][info ][gc,heap     ] GC(115) Humongous regions: 12->0
[2025-10-13T23:30:04.185-0700][1201][info ][gc,metaspace] GC(115) Metaspace: 308483K(313856K)->308483K(313856K) NonClass: 273094K(275968K)->273094K(275968K) Class: 35389K(37888K)->35389K(37888K)
[2025-10-13T23:30:04.185-0700][1201][info ][gc          ] GC(115) Pause Young (Normal) (G1 Evacuation Pause) 116146M->38046M(184320M) 190.669ms
[2025-10-13T23:30:04.186-0700][1201][info ][gc,cpu      ] GC(115) User=17.52s Sys=0.24s Real=0.19s
[2025-10-13T23:30:04.188-0700][1201][info ][safepoint   ] Safepoint "G1CollectForAllocation", Time since last: 1033618076 ns, Reaching safepoint: 831773 ns, Cleanup: 3997 ns, At safepoint: 194125452 ns, Total: 194961222 ns
[2025-10-13T23:30:05.189-0700][1201][info ][safepoint   ] Safepoint "Cleanup", Time since last: 1000085084 ns, Reaching safepoint: 709930 ns, Cleanup: 12869 ns, At safepoint: 203567 ns, Total: 926366 ns
[2025-10-13T23:30:07.190-0700][1201][info ][safepoint   ] Safepoint "Cleanup", Time since last: 2000175036 ns, Reaching safepoint: 704792 ns, Cleanup: 21923 ns, At safepoint: 251589 ns, Total: 978304 ns
[2025-10-13T23:30:08.191-0700][1201][info ][safepoint   ] Safepoint "Cleanup", Time since last: 1000098614 ns, Reaching safepoint: 688778 ns, Cleanup: 15774 ns, At safepoint: 156856 ns, Total: 861408 ns
[2025-10-13T23:30:10.210-0700][1201][info ][safepoint   ] Safepoint "Cleanup", Time since last: 2000159212 ns, Reaching safepoint: 17544368 ns, Cleanup: 24367 ns, At safepoint: 1983148 ns, Total: 19551883 ns
[2025-10-13T23:30:11.212-0700][1201][info ][safepoint   ] Safepoint "Cleanup", Time since last: 1000107238 ns, Reaching safepoint: 841347 ns, Cleanup: 24738 ns, At safepoint: 1068390 ns, Total: 1934475 ns
[2025-10-13T23:30:12.215-0700][1201][info ][safepoint   ] Safepoint "Cleanup", Time since last: 1000108389 ns, Reaching safepoint: 890732 ns, Cleanup: 13791 ns, At safepoint: 1711769 ns, Total: 2616292 ns
[2025-10-13T23:30:14.217-0700][1201][info ][safepoint   ] Safepoint "Cleanup", Time since last: 2000185121 ns, Reaching safepoint: 893416 ns, Cleanup: 14142 ns, At safepoint: 1092987 ns, Total: 2000545 ns
[2025-10-13T23:30:16.220-0700][1201][info ][safepoint   ] Safepoint "Cleanup", Time since last: 2000177759 ns, Reaching safepoint: 1105997 ns, Cleanup: 16525 ns, At safepoint: 1483545 ns, Total: 2606067 ns
[2025-10-13T23:30:16.851-0700][1201][info ][gc,start    ] GC(116) Pause Young (Normal) (G1 Evacuation Pause)
[2025-10-13T23:30:16.851-0700][1201][info ][gc,task     ] GC(116) Using 113 workers of 113 for evacuation
[2025-10-13T23:30:16.865-0700][1201][debug][gc,remset   ] GC(116) Visited cards 10449408 Total dirty 62652416 (16.68%) Total old 518651904 (2.01%)
[2025-10-13T23:30:17.029-0700][1201][info ][gc,phases   ] GC(116)   Pre Evacuate Collection Set: 0.7ms
[2025-10-13T23:30:17.029-0700][1201][info ][gc,phases   ] GC(116)   Merge Heap Roots: 12.7ms
[2025-10-13T23:30:17.029-0700][1201][info ][gc,phases   ] GC(116)   Evacuate Collection Set: 149.4ms
[2025-10-13T23:30:17.029-0700][1201][info ][gc,phases   ] GC(116)   Post Evacuate Collection Set: 14.5ms
[2025-10-13T23:30:17.029-0700][1201][info ][gc,phases   ] GC(116)   Other: 0.2ms
[2025-10-13T23:30:17.029-0700][1201][debug][gc,remset   ] GC(116) Coarsening (recent): Inline->AoC 31621 (0) AoC->Howl 121 (0) Howl->Full 0 (0) Inline->AoC 477 (0) AoC->BitMap 63 (0) BitMap->Full 0 (0) 
[2025-10-13T23:30:17.029-0700][1201][debug][gc,remset   ] GC(116) Coarsening (all): Inline->AoC 1740222 (62) AoC->Howl 39186 (114) Howl->Full 0 (0) Inline->AoC 193110 (27) AoC->BitMap 44242 (71) BitMap->Full 1 (0) 
[2025-10-13T23:30:17.029-0700][1201][info ][gc,heap     ] GC(116) Eden regions: 3256->0(2728)
[2025-10-13T23:30:17.029-0700][1201][info ][gc,heap     ] GC(116) Survivor regions: 200->243(432)
[2025-10-13T23:30:17.029-0700][1201][info ][gc,heap     ] GC(116) Old regions: 990->990
[2025-10-13T23:30:17.029-0700][1201][info ][gc,heap     ] GC(116) Humongous regions: 12->0
[2025-10-13T23:30:17.029-0700][1201][info ][gc,metaspace] GC(116) Metaspace: 308514K(313856K)->308514K(313856K) NonClass: 273122K(275968K)->273122K(275968K) Class: 35392K(37888K)->35392K(37888K)
[2025-10-13T23:30:17.029-0700][1201][info ][gc          ] GC(116) Pause Young (Normal) (G1 Evacuation Pause) 142622M->39431M(184320M) 177.529ms
[2025-10-13T23:30:17.030-0700][1201][info ][gc,cpu      ] GC(116) User=16.54s Sys=0.22s Real=0.18s
[2025-10-13T23:30:17.031-0700][1201][info ][safepoint   ] Safepoint "G1CollectForAllocation", Time since last: 629425648 ns, Reaching safepoint: 681868 ns, Cleanup: 5208 ns, At safepoint: 180935656 ns, Total: 181622732 ns
[2025-10-13T23:30:18.032-0700][1201][info ][safepoint   ] Safepoint "Cleanup", Time since last: 1000110833 ns, Reaching safepoint: 772444 ns, Cleanup: 30316 ns, At safepoint: 155634 ns, Total: 958394 ns
[2025-10-13T23:30:19.033-0700][1201][info ][safepoint   ] Safepoint "Cleanup", Time since last: 1000122080 ns, Reaching safepoint: 694657 ns, Cleanup: 16194 ns, At safepoint: 116806 ns, Total: 827657 ns
[2025-10-13T23:30:21.035-0700][1201][info ][safepoint   ] Safepoint "Cleanup", Time since last: 2000153153 ns, Reaching safepoint: 1075080 ns, Cleanup: 14201 ns, At safepoint: 205920 ns, Total: 1295201 ns
[2025-10-13T23:30:22.036-0700][1201][info ][safepoint   ] Safepoint "Cleanup", Time since last: 1000104815 ns, Reaching safepoint: 770601 ns, Cleanup: 15183 ns, At safepoint: 222094 ns, Total: 1007878 ns
[2025-10-13T23:30:23.037-0700][1201][info ][safepoint   ] Safepoint "Cleanup", Time since last: 1000106355 ns, Reaching safepoint: 805334 ns, Cleanup: 11397 ns, At safepoint: 295535 ns, Total: 1112266 ns
[2025-10-13T23:30:24.360-0700][1201][info ][safepoint   ] Safepoint "Cleanup", Time since last: 1322407975 ns, Reaching safepoint: 696860 ns, Cleanup: 16214 ns, At safepoint: 247573 ns, Total: 960647 ns
[2025-10-13T23:30:25.362-0700][1201][info ][safepoint   ] Safepoint "Cleanup", Time since last: 1000123230 ns, Reaching safepoint: 733225 ns, Cleanup: 11117 ns, At safepoint: 358410 ns, Total: 1102752 ns
[2025-10-13T23:30:26.368-0700][1201][info ][safepoint   ] Safepoint "Cleanup", Time since last: 1000115799 ns, Reaching safepoint: 5930706 ns, Cleanup: 21322 ns, At safepoint: 861218 ns, Total: 6813246 ns
[2025-10-13T23:30:27.370-0700][1201][info ][safepoint   ] Safepoint "Cleanup", Time since last: 1000106836 ns, Reaching safepoint: 765183 ns, Cleanup: 50285 ns, At safepoint: 906176 ns, Total: 1721644 ns
[2025-10-13T23:30:28.372-0700][1201][info ][safepoint   ] Safepoint "Cleanup", Time since last: 1000117662 ns, Reaching safepoint: 753154 ns, Cleanup: 29976 ns, At safepoint: 595847 ns, Total: 1378977 ns
[2025-10-13T23:30:28.666-0700][1201][info ][gc,start    ] GC(117) Pause Young (Normal) (G1 Evacuation Pause)
[2025-10-13T23:30:28.666-0700][1201][info ][gc,task     ] GC(117) Using 113 workers of 113 for evacuation
[2025-10-13T23:30:28.680-0700][1201][debug][gc,remset   ] GC(117) Visited cards 10488064 Total dirty 62652416 (16.74%) Total old 486080512 (2.16%)
[2025-10-13T23:30:28.861-0700][1201][info ][gc,phases   ] GC(117)   Pre Evacuate Collection Set: 0.8ms
[2025-10-13T23:30:28.861-0700][1201][info ][gc,phases   ] GC(117)   Merge Heap Roots: 13.5ms
[2025-10-13T23:30:28.861-0700][1201][info ][gc,phases   ] GC(117)   Evacuate Collection Set: 167.1ms
[2025-10-13T23:30:28.861-0700][1201][info ][gc,phases   ] GC(117)   Post Evacuate Collection Set: 13.7ms
[2025-10-13T23:30:28.861-0700][1201][info ][gc,phases   ] GC(117)   Other: 0.2ms
[2025-10-13T23:30:28.861-0700][1201][debug][gc,remset   ] GC(117) Coarsening (recent): Inline->AoC 15925 (1) AoC->Howl 41 (2) Howl->Full 0 (0) Inline->AoC 192 (1) AoC->BitMap 14 (0) BitMap->Full 0 (0) 
[2025-10-13T23:30:28.861-0700][1201][debug][gc,remset   ] GC(117) Coarsening (all): Inline->AoC 1756147 (63) AoC->Howl 39227 (116) Howl->Full 0 (0) Inline->AoC 193302 (28) AoC->BitMap 44256 (71) BitMap->Full 1 (0) 
[2025-10-13T23:30:28.861-0700][1201][info ][gc,heap     ] GC(117) Eden regions: 2960->0(3240)
[2025-10-13T23:30:28.861-0700][1201][info ][gc,heap     ] GC(117) Survivor regions: 243->216(401)
[2025-10-13T23:30:28.861-0700][1201][info ][gc,heap     ] GC(117) Old regions: 990->1033
[2025-10-13T23:30:28.861-0700][1201][info ][gc,heap     ] GC(117) Humongous regions: 21->0
[2025-10-13T23:30:28.861-0700][1201][info ][gc,metaspace] GC(117) Metaspace: 308606K(313984K)->308606K(313984K) NonClass: 273200K(276032K)->273200K(276032K) Class: 35406K(37952K)->35406K(37952K)
[2025-10-13T23:30:28.861-0700][1201][info ][gc          ] GC(117) Pause Young (Normal) (G1 Evacuation Pause) 134823M->39946M(184320M) 195.463ms
[2025-10-13T23:30:28.862-0700][1201][info ][gc,cpu      ] GC(117) User=17.31s Sys=0.15s Real=0.20s
[2025-10-13T23:30:28.864-0700][1201][info ][safepoint   ] Safepoint "G1CollectForAllocation", Time since last: 292110960 ns, Reaching safepoint: 872705 ns, Cleanup: 22163 ns, At safepoint: 198842347 ns, Total: 199737215 ns
[2025-10-13T23:30:29.865-0700][1201][info ][safepoint   ] Safepoint "Cleanup", Time since last: 1000084031 ns, Reaching safepoint: 805464 ns, Cleanup: 20521 ns, At safepoint: 199861 ns, Total: 1025846 ns
[2025-10-13T23:30:31.866-0700][1201][info ][safepoint   ] Safepoint "Cleanup", Time since last: 2000155674 ns, Reaching safepoint: 710020 ns, Cleanup: 17486 ns, At safepoint: 130827 ns, Total: 858333 ns
[2025-10-13T23:30:32.867-0700][1201][info ][safepoint   ] Safepoint "Cleanup", Time since last: 1000098042 ns, Reaching safepoint: 841739 ns, Cleanup: 30496 ns, At safepoint: 371970 ns, Total: 1244205 ns
[2025-10-13T23:30:33.868-0700][1201][info ][safepoint   ] Safepoint "Cleanup", Time since last: 1000111803 ns, Reaching safepoint: 822750 ns, Cleanup: 17697 ns, At safepoint: 335705 ns, Total: 1176152 ns
[2025-10-13T23:30:34.871-0700][1201][info ][safepoint   ] Safepoint "Cleanup", Time since last: 1000108458 ns, Reaching safepoint: 897613 ns, Cleanup: 27141 ns, At safepoint: 1090573 ns, Total: 2015327 ns
[2025-10-13T23:30:37.872-0700][1201][info ][safepoint   ] Safepoint "Cleanup", Time since last: 3000231563 ns, Reaching safepoint: 690400 ns, Cleanup: 17046 ns, At safepoint: 141683 ns, Total: 849129 ns
[2025-10-13T23:30:38.873-0700][1201][info ][safepoint   ] Safepoint "Cleanup", Time since last: 1000106886 ns, Reaching safepoint: 820847 ns, Cleanup: 23014 ns, At safepoint: 943192 ns, Total: 1787053 ns
[2025-10-13T23:30:40.875-0700][1201][info ][safepoint   ] Safepoint "Cleanup", Time since last: 2000149745 ns, Reaching safepoint: 982470 ns, Cleanup: 24797 ns, At safepoint: 759084 ns, Total: 1766351 ns
[2025-10-13T23:30:41.661-0700][1201][info ][gc,start    ] GC(118) Pause Young (Normal) (G1 Evacuation Pause)
[2025-10-13T23:30:41.661-0700][1201][info ][gc,task     ] GC(118) Using 113 workers of 113 for evacuation
[2025-10-13T23:30:41.674-0700][1201][debug][gc,remset   ] GC(118) Visited cards 10561024 Total dirty 64552960 (16.36%) Total old 522125312 (2.02%)
[2025-10-13T23:30:41.855-0700][1201][info ][gc,phases   ] GC(118)   Pre Evacuate Collection Set: 0.8ms
[2025-10-13T23:30:41.855-0700][1201][info ][gc,phases   ] GC(118)   Merge Heap Roots: 12.2ms
[2025-10-13T23:30:41.855-0700][1201][info ][gc,phases   ] GC(118)   Evacuate Collection Set: 164.1ms
[2025-10-13T23:30:41.855-0700][1201][info ][gc,phases   ] GC(118)   Post Evacuate Collection Set: 16.5ms
[2025-10-13T23:30:41.855-0700][1201][info ][gc,phases   ] GC(118)   Other: 0.2ms
[2025-10-13T23:30:41.855-0700][1201][debug][gc,remset   ] GC(118) Coarsening (recent): Inline->AoC 23279 (0) AoC->Howl 115 (0) Howl->Full 0 (0) Inline->AoC 452 (0) AoC->BitMap 59 (0) BitMap->Full 0 (0) 
[2025-10-13T23:30:41.855-0700][1201][debug][gc,remset   ] GC(118) Coarsening (all): Inline->AoC 1779426 (63) AoC->Howl 39342 (116) Howl->Full 0 (0) Inline->AoC 193754 (28) AoC->BitMap 44315 (71) BitMap->Full 1 (0) 
[2025-10-13T23:30:41.855-0700][1201][info ][gc,heap     ] GC(118) Eden regions: 3240->0(2124)
[2025-10-13T23:30:41.855-0700][1201][info ][gc,heap     ] GC(118) Survivor regions: 216->267(432)
[2025-10-13T23:30:41.855-0700][1201][info ][gc,heap     ] GC(118) Old regions: 1033->1033
[2025-10-13T23:30:41.855-0700][1201][info ][gc,heap     ] GC(118) Humongous regions: 22->0
[2025-10-13T23:30:41.855-0700][1201][info ][gc,metaspace] GC(118) Metaspace: 308627K(314048K)->308627K(314048K) NonClass: 273218K(276096K)->273218K(276096K) Class: 35409K(37952K)->35409K(37952K)
[2025-10-13T23:30:41.855-0700][1201][info ][gc          ] GC(118) Pause Young (Normal) (G1 Evacuation Pause) 144330M->41593M(184320M) 193.914ms
[2025-10-13T23:30:41.856-0700][1201][info ][gc,cpu      ] GC(118) User=18.02s Sys=0.47s Real=0.19s
[2025-10-13T23:30:41.857-0700][1201][info ][safepoint   ] Safepoint "G1CollectForAllocation", Time since last: 783734756 ns, Reaching safepoint: 776109 ns, Cleanup: 30837 ns, At safepoint: 197343288 ns, Total: 198150234 ns
[2025-10-13T23:30:42.858-0700][1201][info ][safepoint   ] Safepoint "Cleanup", Time since last: 1000087306 ns, Reaching safepoint: 766235 ns, Cleanup: 18768 ns, At safepoint: 286401 ns, Total: 1071404 ns
[2025-10-13T23:30:43.871-0700][1201][info ][safepoint   ] Safepoint "Cleanup", Time since last: 1000114948 ns, Reaching safepoint: 10365889 ns, Cleanup: 12439 ns, At safepoint: 2519025 ns, Total: 12897353 ns
[2025-10-13T23:30:44.875-0700][1201][info ][safepoint   ] Safepoint "Cleanup", Time since last: 1000140026 ns, Reaching safepoint: 1071484 ns, Cleanup: 24087 ns, At safepoint: 2095117 ns, Total: 3190688 ns
[2025-10-13T23:30:45.877-0700][1201][info ][safepoint   ] Safepoint "Cleanup", Time since last: 1000158833 ns, Reaching safepoint: 1108581 ns, Cleanup: 10275 ns, At safepoint: 1254170 ns, Total: 2373026 ns
[2025-10-13T23:30:46.882-0700][1201][info ][safepoint   ] Safepoint "Cleanup", Time since last: 1000119605 ns, Reaching safepoint: 2972849 ns, Cleanup: 17557 ns, At safepoint: 1629455 ns, Total: 4619861 ns
[2025-10-13T23:30:47.884-0700][1201][info ][safepoint   ] Safepoint "Cleanup", Time since last: 1000124572 ns, Reaching safepoint: 1157184 ns, Cleanup: 10045 ns, At safepoint: 519833 ns, Total: 1687062 ns
[2025-10-13T23:30:48.885-0700][1201][info ][safepoint   ] Safepoint "Cleanup", Time since last: 1000112605 ns, Reaching safepoint: 816981 ns, Cleanup: 17606 ns, At safepoint: 405151 ns, Total: 1239738 ns
[2025-10-13T23:30:49.866-0700][1201][info ][gc,start    ] GC(119) Pause Young (Normal) (G1 Evacuation Pause)
[2025-10-13T23:30:49.866-0700][1201][info ][gc,task     ] GC(119) Using 113 workers of 113 for evacuation
[2025-10-13T23:30:49.880-0700][1201][debug][gc,remset   ] GC(119) Visited cards 10596608 Total dirty 64552960 (16.42%) Total old 404488192 (2.62%)
[2025-10-13T23:30:50.077-0700][1201][info ][gc,mmu      ] GC(119) MMU target violated: 201.0ms (200.0ms/201.0ms)
[2025-10-13T23:30:50.077-0700][1201][info ][gc,phases   ] GC(119)   Pre Evacuate Collection Set: 0.7ms
[2025-10-13T23:30:50.077-0700][1201][info ][gc,phases   ] GC(119)   Merge Heap Roots: 13.8ms
[2025-10-13T23:30:50.077-0700][1201][info ][gc,phases   ] GC(119)   Evacuate Collection Set: 183.3ms
[2025-10-13T23:30:50.077-0700][1201][info ][gc,phases   ] GC(119)   Post Evacuate Collection Set: 12.9ms
[2025-10-13T23:30:50.077-0700][1201][info ][gc,phases   ] GC(119)   Other: 0.2ms
[2025-10-13T23:30:50.077-0700][1201][debug][gc,remset   ] GC(119) Coarsening (recent): Inline->AoC 21251 (0) AoC->Howl 57 (0) Howl->Full 0 (0) Inline->AoC 288 (0) AoC->BitMap 20 (0) BitMap->Full 0 (0) 
[2025-10-13T23:30:50.077-0700][1201][debug][gc,remset   ] GC(119) Coarsening (all): Inline->AoC 1800677 (63) AoC->Howl 39399 (116) Howl->Full 0 (0) Inline->AoC 194042 (28) AoC->BitMap 44335 (71) BitMap->Full 1 (0) 
[2025-10-13T23:30:50.077-0700][1201][info ][gc,heap     ] GC(119) Eden regions: 2294->0(3273)
[2025-10-13T23:30:50.077-0700][1201][info ][gc,heap     ] GC(119) Survivor regions: 267->183(321)
[2025-10-13T23:30:50.077-0700][1201][info ][gc,heap     ] GC(119) Old regions: 1033->1146
[2025-10-13T23:30:50.077-0700][1201][info ][gc,heap     ] GC(119) Humongous regions: 17->0
[2025-10-13T23:30:50.077-0700][1201][info ][gc,metaspace] GC(119) Metaspace: 308681K(314048K)->308681K(314048K) NonClass: 273266K(276096K)->273266K(276096K) Class: 35414K(37952K)->35414K(37952K)
[2025-10-13T23:30:50.077-0700][1201][info ][gc          ] GC(119) Pause Young (Normal) (G1 Evacuation Pause) 115545M->42516M(184320M) 211.068ms
[2025-10-13T23:30:50.078-0700][1201][info ][gc,cpu      ] GC(119) User=18.13s Sys=0.23s Real=0.21s
[2025-10-13T23:30:50.079-0700][1201][info ][safepoint   ] Safepoint "G1CollectForAllocation", Time since last: 978461190 ns, Reaching safepoint: 945986 ns, Cleanup: 4627 ns, At safepoint: 214503564 ns, Total: 215454177 ns
[2025-10-13T23:30:51.081-0700][1201][info ][safepoint   ] Safepoint "Cleanup", Time since last: 1000096029 ns, Reaching safepoint: 1137875 ns, Cleanup: 20471 ns, At safepoint: 244088 ns, Total: 1402434 ns
[2025-10-13T23:30:53.082-0700][1201][info ][safepoint   ] Safepoint "Cleanup", Time since last: 2000166159 ns, Reaching safepoint: 839195 ns, Cleanup: 13400 ns, At safepoint: 292040 ns, Total: 1144635 ns
[2025-10-13T23:30:54.083-0700][1201][info ][safepoint   ] Safepoint "Cleanup", Time since last: 1000106405 ns, Reaching safepoint: 827386 ns, Cleanup: 21623 ns, At safepoint: 373863 ns, Total: 1222872 ns
[2025-10-13T23:30:55.085-0700][1201][info ][safepoint   ] Safepoint "Cleanup", Time since last: 1000112094 ns, Reaching safepoint: 822289 ns, Cleanup: 40191 ns, At safepoint: 447664 ns, Total: 1310144 ns
[2025-10-13T23:30:56.086-0700][1201][info ][safepoint   ] Safepoint "Cleanup", Time since last: 1000103160 ns, Reaching safepoint: 1015270 ns, Cleanup: 15683 ns, At safepoint: 587325 ns, Total: 1618278 ns
[2025-10-13T23:30:58.088-0700][1201][info ][safepoint   ] Safepoint "Cleanup", Time since last: 2000164003 ns, Reaching safepoint: 823170 ns, Cleanup: 11898 ns, At safepoint: 548366 ns, Total: 1383434 ns
[2025-10-13T23:30:59.090-0700][1201][info ][safepoint   ] Safepoint "Cleanup", Time since last: 1000104380 ns, Reaching safepoint: 1385668 ns, Cleanup: 21923 ns, At safepoint: 419672 ns, Total: 1827263 ns
[2025-10-13T23:31:00.091-0700][1201][info ][safepoint   ] Safepoint "Cleanup", Time since last: 1000096889 ns, Reaching safepoint: 857532 ns, Cleanup: 12369 ns, At safepoint: 632443 ns, Total: 1502344 ns
[2025-10-13T23:31:01.107-0700][1201][info ][safepoint   ] Safepoint "Cleanup", Time since last: 1000093323 ns, Reaching safepoint: 13631479 ns, Cleanup: 29274 ns, At safepoint: 2012443 ns, Total: 15673196 ns
[2025-10-13T23:31:01.392-0700][1201][info ][gc,start    ] GC(120) Pause Young (Normal) (G1 Evacuation Pause)
[2025-10-13T23:31:01.392-0700][1201][info ][gc,task     ] GC(120) Using 113 workers of 113 for evacuation
[2025-10-13T23:31:01.406-0700][1201][debug][gc,remset   ] GC(120) Visited cards 11192832 Total dirty 71368704 (15.68%) Total old 529596416 (2.11%)
[2025-10-13T23:31:01.564-0700][1201][info ][gc,phases   ] GC(120)   Pre Evacuate Collection Set: 0.8ms
[2025-10-13T23:31:01.564-0700][1201][info ][gc,phases   ] GC(120)   Merge Heap Roots: 13.2ms
[2025-10-13T23:31:01.564-0700][1201][info ][gc,phases   ] GC(120)   Evacuate Collection Set: 141.8ms
[2025-10-13T23:31:01.564-0700][1201][info ][gc,phases   ] GC(120)   Post Evacuate Collection Set: 15.6ms
[2025-10-13T23:31:01.564-0700][1201][info ][gc,phases   ] GC(120)   Other: 0.2ms
[2025-10-13T23:31:01.564-0700][1201][debug][gc,remset   ] GC(120) Coarsening (recent): Inline->AoC 31625 (0) AoC->Howl 116 (0) Howl->Full 0 (0) Inline->AoC 379 (0) AoC->BitMap 76 (0) BitMap->Full 0 (0) 
[2025-10-13T23:31:01.564-0700][1201][debug][gc,remset   ] GC(120) Coarsening (all): Inline->AoC 1832302 (63) AoC->Howl 39515 (116) Howl->Full 0 (0) Inline->AoC 194421 (28) AoC->BitMap 44411 (71) BitMap->Full 1 (0) 
[2025-10-13T23:31:01.564-0700][1201][info ][gc,heap     ] GC(120) Eden regions: 3273->0(3235)
[2025-10-13T23:31:01.564-0700][1201][info ][gc,heap     ] GC(120) Survivor regions: 183->221(432)
[2025-10-13T23:31:01.564-0700][1201][info ][gc,heap     ] GC(120) Old regions: 1146->1146
[2025-10-13T23:31:01.564-0700][1201][info ][gc,heap     ] GC(120) Humongous regions: 23->0
[2025-10-13T23:31:01.564-0700][1201][info ][gc,metaspace] GC(120) Metaspace: 308781K(314176K)->308781K(314176K) NonClass: 273360K(276224K)->273360K(276224K) Class: 35421K(37952K)->35421K(37952K)
[2025-10-13T23:31:01.564-0700][1201][info ][gc          ] GC(120) Pause Young (Normal) (G1 Evacuation Pause) 147988M->43716M(184320M) 171.683ms
[2025-10-13T23:31:01.565-0700][1201][info ][gc,cpu      ] GC(120) User=15.54s Sys=0.34s Real=0.17s
[2025-10-13T23:31:01.566-0700][1201][info ][safepoint   ] Safepoint "G1CollectForAllocation", Time since last: 282903471 ns, Reaching safepoint: 806926 ns, Cleanup: 16004 ns, At safepoint: 175100807 ns, Total: 175923737 ns
[2025-10-13T23:31:02.567-0700][1201][info ][safepoint   ] Safepoint "Cleanup", Time since last: 1000090959 ns, Reaching safepoint: 786495 ns, Cleanup: 13731 ns, At safepoint: 157207 ns, Total: 957433 ns
[2025-10-13T23:31:03.568-0700][1201][info ][safepoint   ] Safepoint "Cleanup", Time since last: 1000102227 ns, Reaching safepoint: 803911 ns, Cleanup: 35754 ns, At safepoint: 377509 ns, Total: 1217174 ns
[2025-10-13T23:31:04.570-0700][1201][info ][safepoint   ] Safepoint "Cleanup", Time since last: 1000107985 ns, Reaching safepoint: 834467 ns, Cleanup: 12719 ns, At safepoint: 298620 ns, Total: 1145806 ns
[2025-10-13T23:31:06.571-0700][1201][info ][safepoint   ] Safepoint "Cleanup", Time since last: 2000161138 ns, Reaching safepoint: 866055 ns, Cleanup: 15123 ns, At safepoint: 389396 ns, Total: 1270574 ns
[2025-10-13T23:31:08.573-0700][1201][info ][safepoint   ] Safepoint "Cleanup", Time since last: 2000162650 ns, Reaching safepoint: 1435083 ns, Cleanup: 12539 ns, At safepoint: 525381 ns, Total: 1973003 ns
[2025-10-13T23:31:10.575-0700][1201][info ][safepoint   ] Safepoint "Cleanup", Time since last: 2000141438 ns, Reaching safepoint: 945064 ns, Cleanup: 18368 ns, At safepoint: 926476 ns, Total: 1889908 ns
[2025-10-13T23:31:11.577-0700][1201][info ][safepoint   ] Safepoint "Cleanup", Time since last: 1000113383 ns, Reaching safepoint: 942551 ns, Cleanup: 13530 ns, At safepoint: 854908 ns, Total: 1810989 ns
[2025-10-13T23:31:12.390-0700][1201][info ][gc,start    ] GC(121) Pause Young (Normal) (G1 Evacuation Pause)
[2025-10-13T23:31:12.390-0700][1201][info ][gc,task     ] GC(121) Using 113 workers of 113 for evacuation
[2025-10-13T23:31:12.404-0700][1201][debug][gc,remset   ] GC(121) Visited cards 11220736 Total dirty 71565312 (15.68%) Total old 529530880 (2.12%)
[2025-10-13T23:31:12.583-0700][1201][info ][gc,phases   ] GC(121)   Pre Evacuate Collection Set: 0.8ms
[2025-10-13T23:31:12.583-0700][1201][info ][gc,phases   ] GC(121)   Merge Heap Roots: 13.1ms
[2025-10-13T23:31:12.583-0700][1201][info ][gc,phases   ] GC(121)   Evacuate Collection Set: 162.5ms
[2025-10-13T23:31:12.583-0700][1201][info ][gc,phases   ] GC(121)   Post Evacuate Collection Set: 15.7ms
[2025-10-13T23:31:12.583-0700][1201][info ][gc,phases   ] GC(121)   Other: 0.2ms
[2025-10-13T23:31:12.583-0700][1201][debug][gc,remset   ] GC(121) Coarsening (recent): Inline->AoC 34566 (0) AoC->Howl 45 (0) Howl->Full 0 (0) Inline->AoC 255 (0) AoC->BitMap 11 (0) BitMap->Full 0 (0) 
[2025-10-13T23:31:12.583-0700][1201][debug][gc,remset   ] GC(121) Coarsening (all): Inline->AoC 1866868 (63) AoC->Howl 39560 (116) Howl->Full 0 (0) Inline->AoC 194676 (28) AoC->BitMap 44422 (71) BitMap->Full 1 (0) 
[2025-10-13T23:31:12.583-0700][1201][info ][gc,heap     ] GC(121) Eden regions: 3235->0(3004)
[2025-10-13T23:31:12.583-0700][1201][info ][gc,heap     ] GC(121) Survivor regions: 221->247(432)
[2025-10-13T23:31:12.583-0700][1201][info ][gc,heap     ] GC(121) Old regions: 1146->1146
[2025-10-13T23:31:12.583-0700][1201][info ][gc,heap     ] GC(121) Humongous regions: 22->0
[2025-10-13T23:31:12.583-0700][1201][info ][gc,metaspace] GC(121) Metaspace: 308876K(314240K)->308876K(314240K) NonClass: 273448K(276288K)->273448K(276288K) Class: 35427K(37952K)->35427K(37952K)
[2025-10-13T23:31:12.583-0700][1201][info ][gc          ] GC(121) Pause Young (Normal) (G1 Evacuation Pause) 147940M->44564M(184320M) 192.588ms
[2025-10-13T23:31:12.584-0700][1201][info ][gc,cpu      ] GC(121) User=17.19s Sys=0.29s Real=0.19s
[2025-10-13T23:31:12.585-0700][1201][info ][safepoint   ] Safepoint "G1CollectForAllocation", Time since last: 810320819 ns, Reaching safepoint: 1419139 ns, Cleanup: 39940 ns, At safepoint: 196356885 ns, Total: 197815964 ns
[2025-10-13T23:31:13.587-0700][1201][info ][safepoint   ] Safepoint "Cleanup", Time since last: 1000097339 ns, Reaching safepoint: 825043 ns, Cleanup: 24828 ns, At safepoint: 277958 ns, Total: 1127829 ns
[2025-10-13T23:31:14.588-0700][1201][info ][safepoint   ] Safepoint "Cleanup", Time since last: 1000110179 ns, Reaching safepoint: 791803 ns, Cleanup: 24096 ns, At safepoint: 300443 ns, Total: 1116342 ns
[2025-10-13T23:31:15.592-0700][1201][info ][safepoint   ] Safepoint "Cleanup", Time since last: 1000103108 ns, Reaching safepoint: 2926349 ns, Cleanup: 17246 ns, At safepoint: 1114840 ns, Total: 4058435 ns
[2025-10-13T23:31:16.594-0700][1201][info ][safepoint   ] Safepoint "Cleanup", Time since last: 1000101896 ns, Reaching safepoint: 850461 ns, Cleanup: 22705 ns, At safepoint: 1336954 ns, Total: 2210120 ns
[2025-10-13T23:31:17.597-0700][1201][info ][safepoint   ] Safepoint "Cleanup", Time since last: 1000076798 ns, Reaching safepoint: 934018 ns, Cleanup: 16555 ns, At safepoint: 1352327 ns, Total: 2302900 ns
[2025-10-13T23:31:18.605-0700][1201][info ][safepoint   ] Safepoint "Cleanup", Time since last: 1000070850 ns, Reaching safepoint: 6088293 ns, Cleanup: 23806 ns, At safepoint: 1966193 ns, Total: 8078292 ns
[2025-10-13T23:31:19.607-0700][1201][info ][safepoint   ] Safepoint "Cleanup", Time since last: 1000120113 ns, Reaching safepoint: 797993 ns, Cleanup: 16735 ns, At safepoint: 1510836 ns, Total: 2325564 ns
[2025-10-13T23:31:20.609-0700][1201][info ][safepoint   ] Safepoint "Cleanup", Time since last: 1000154205 ns, Reaching safepoint: 764762 ns, Cleanup: 12229 ns, At safepoint: 783200 ns, Total: 1560191 ns
[2025-10-13T23:31:21.611-0700][1201][info ][safepoint   ] Safepoint "Cleanup", Time since last: 1000110809 ns, Reaching safepoint: 1045606 ns, Cleanup: 12018 ns, At safepoint: 1249473 ns, Total: 2307097 ns
[2025-10-13T23:31:22.614-0700][1201][info ][safepoint   ] Safepoint "Cleanup", Time since last: 1000119512 ns, Reaching safepoint: 906737 ns, Cleanup: 22714 ns, At safepoint: 1075691 ns, Total: 2005142 ns
[2025-10-13T23:31:23.132-0700][1201][info ][gc,start    ] GC(122) Pause Young (Normal) (G1 Evacuation Pause)
[2025-10-13T23:31:23.132-0700][1201][info ][gc,task     ] GC(122) Using 113 workers of 113 for evacuation
[2025-10-13T23:31:23.147-0700][1201][debug][gc,remset   ] GC(122) Visited cards 11262464 Total dirty 71499776 (15.75%) Total old 522846208 (2.15%)
[2025-10-13T23:31:23.349-0700][1201][info ][gc,mmu      ] GC(122) MMU target violated: 201.0ms (200.0ms/201.0ms)
[2025-10-13T23:31:23.349-0700][1201][info ][gc,phases   ] GC(122)   Pre Evacuate Collection Set: 1.0ms
[2025-10-13T23:31:23.349-0700][1201][info ][gc,phases   ] GC(122)   Merge Heap Roots: 13.5ms
[2025-10-13T23:31:23.349-0700][1201][info ][gc,phases   ] GC(122)   Evacuate Collection Set: 186.9ms
[2025-10-13T23:31:23.349-0700][1201][info ][gc,phases   ] GC(122)   Post Evacuate Collection Set: 15.7ms
[2025-10-13T23:31:23.349-0700][1201][info ][gc,phases   ] GC(122)   Other: 0.2ms
[2025-10-13T23:31:23.349-0700][1201][debug][gc,remset   ] GC(122) Coarsening (recent): Inline->AoC 20979 (0) AoC->Howl 117 (0) Howl->Full 0 (0) Inline->AoC 563 (0) AoC->BitMap 73 (0) BitMap->Full 0 (0) 
[2025-10-13T23:31:23.349-0700][1201][debug][gc,remset   ] GC(122) Coarsening (all): Inline->AoC 1887847 (63) AoC->Howl 39677 (116) Howl->Full 0 (0) Inline->AoC 195239 (28) AoC->BitMap 44495 (71) BitMap->Full 1 (0) 
[2025-10-13T23:31:23.350-0700][1201][info ][gc,heap     ] GC(122) Eden regions: 3154->0(2537)
[2025-10-13T23:31:23.350-0700][1201][info ][gc,heap     ] GC(122) Survivor regions: 247->254(426)
[2025-10-13T23:31:23.350-0700][1201][info ][gc,heap     ] GC(122) Old regions: 1146->1176
[2025-10-13T23:31:23.350-0700][1201][info ][gc,heap     ] GC(122) Humongous regions: 30->1
[2025-10-13T23:31:23.350-0700][1201][info ][gc,metaspace] GC(122) Metaspace: 308913K(314304K)->308913K(314304K) NonClass: 273482K(276352K)->273482K(276352K) Class: 35431K(37952K)->35431K(37952K)
[2025-10-13T23:31:23.350-0700][1201][info ][gc          ] GC(122) Pause Young (Normal) (G1 Evacuation Pause) 146452M->45764M(184320M) 217.482ms
[2025-10-13T23:31:23.351-0700][1201][info ][gc,cpu      ] GC(122) User=19.19s Sys=0.33s Real=0.22s
[2025-10-13T23:31:23.352-0700][1201][info ][safepoint   ] Safepoint "G1CollectForAllocation", Time since last: 515769677 ns, Reaching safepoint: 1543416 ns, Cleanup: 14762 ns, At safepoint: 220938454 ns, Total: 222496632 ns
[2025-10-13T23:31:24.353-0700][1201][info ][safepoint   ] Safepoint "Cleanup", Time since last: 1000085061 ns, Reaching safepoint: 752704 ns, Cleanup: 10455 ns, At safepoint: 131519 ns, Total: 894678 ns
[2025-10-13T23:31:25.390-0700][1201][info ][safepoint   ] Safepoint "Cleanup", Time since last: 1036435282 ns, Reaching safepoint: 693475 ns, Cleanup: 14081 ns, At safepoint: 103566 ns, Total: 811122 ns
[2025-10-13T23:31:26.391-0700][1201][info ][safepoint   ] Safepoint "Cleanup", Time since last: 1000097199 ns, Reaching safepoint: 795408 ns, Cleanup: 10196 ns, At safepoint: 174733 ns, Total: 980337 ns
[2025-10-13T23:31:29.404-0700][1201][info ][safepoint   ] Safepoint "Cleanup", Time since last: 3000199338 ns, Reaching safepoint: 11265545 ns, Cleanup: 16374 ns, At safepoint: 1017493 ns, Total: 12299412 ns
[2025-10-13T23:31:30.405-0700][1201][info ][safepoint   ] Safepoint "Cleanup", Time since last: 1000098752 ns, Reaching safepoint: 863631 ns, Cleanup: 144788 ns, At safepoint: 454715 ns, Total: 1463134 ns
[2025-10-13T23:31:31.408-0700][1201][info ][safepoint   ] Safepoint "Cleanup", Time since last: 1000231351 ns, Reaching safepoint: 1239268 ns, Cleanup: 35693 ns, At safepoint: 1161641 ns, Total: 2436602 ns
[2025-10-13T23:31:31.833-0700][1201][info ][gc,start    ] GC(123) Pause Young (Normal) (G1 Evacuation Pause)
[2025-10-13T23:31:31.833-0700][1201][info ][gc,task     ] GC(123) Using 113 workers of 113 for evacuation
[2025-10-13T23:31:31.847-0700][1201][debug][gc,remset   ] GC(123) Visited cards 11040256 Total dirty 73269248 (15.07%) Total old 458293248 (2.41%)
[2025-10-13T23:31:32.027-0700][1201][info ][gc,phases   ] GC(123)   Pre Evacuate Collection Set: 0.7ms
[2025-10-13T23:31:32.027-0700][1201][info ][gc,phases   ] GC(123)   Merge Heap Roots: 12.9ms
[2025-10-13T23:31:32.027-0700][1201][info ][gc,phases   ] GC(123)   Evacuate Collection Set: 164.5ms
[2025-10-13T23:31:32.027-0700][1201][info ][gc,phases   ] GC(123)   Post Evacuate Collection Set: 15.2ms
[2025-10-13T23:31:32.027-0700][1201][info ][gc,phases   ] GC(123)   Other: 0.2ms
[2025-10-13T23:31:32.027-0700][1201][debug][gc,remset   ] GC(123) Coarsening (recent): Inline->AoC 25155 (1) AoC->Howl 98 (5) Howl->Full 0 (0) Inline->AoC 420 (0) AoC->BitMap 65 (4) BitMap->Full 0 (0) 
[2025-10-13T23:31:32.027-0700][1201][debug][gc,remset   ] GC(123) Coarsening (all): Inline->AoC 1913002 (64) AoC->Howl 39775 (121) Howl->Full 0 (0) Inline->AoC 195659 (28) AoC->BitMap 44560 (75) BitMap->Full 1 (0) 
[2025-10-13T23:31:32.027-0700][1201][info ][gc,heap     ] GC(123) Eden regions: 2645->0(3249)
[2025-10-13T23:31:32.027-0700][1201][info ][gc,heap     ] GC(123) Survivor regions: 254->207(363)
[2025-10-13T23:31:32.027-0700][1201][info ][gc,heap     ] GC(123) Old regions: 1176->1246
[2025-10-13T23:31:32.027-0700][1201][info ][gc,heap     ] GC(123) Humongous regions: 19->0
[2025-10-13T23:31:32.027-0700][1201][info ][gc,metaspace] GC(123) Metaspace: 308968K(314432K)->308968K(314432K) NonClass: 273530K(276416K)->273530K(276416K) Class: 35438K(38016K)->35438K(38016K)
[2025-10-13T23:31:32.027-0700][1201][info ][gc          ] GC(123) Pause Young (Normal) (G1 Evacuation Pause) 130980M->46471M(184320M) 193.692ms
[2025-10-13T23:31:32.028-0700][1201][info ][gc,cpu      ] GC(123) User=18.24s Sys=0.23s Real=0.19s
[2025-10-13T23:31:32.029-0700][1201][info ][safepoint   ] Safepoint "G1CollectForAllocation", Time since last: 423295970 ns, Reaching safepoint: 823281 ns, Cleanup: 17396 ns, At safepoint: 197163210 ns, Total: 198003887 ns
[2025-10-13T23:31:33.032-0700][1201][info ][safepoint   ] Safepoint "Cleanup", Time since last: 1000087725 ns, Reaching safepoint: 1643146 ns, Cleanup: 62344 ns, At safepoint: 1015460 ns, Total: 2720950 ns
[2025-10-13T23:31:34.033-0700][1201][info ][safepoint   ] Safepoint "Cleanup", Time since last: 1000124269 ns, Reaching safepoint: 826496 ns, Cleanup: 44777 ns, At safepoint: 343508 ns, Total: 1214781 ns
[2025-10-13T23:31:35.036-0700][1201][info ][safepoint   ] Safepoint "Cleanup", Time since last: 1000110709 ns, Reaching safepoint: 877572 ns, Cleanup: 23215 ns, At safepoint: 1341882 ns, Total: 2242669 ns
[2025-10-13T23:31:37.038-0700][1201][info ][safepoint   ] Safepoint "Cleanup", Time since last: 2000178915 ns, Reaching safepoint: 1320299 ns, Cleanup: 11367 ns, At safepoint: 648848 ns, Total: 1980514 ns
[2025-10-13T23:31:38.041-0700][1201][info ][safepoint   ] Safepoint "Cleanup", Time since last: 1000110749 ns, Reaching safepoint: 936542 ns, Cleanup: 25518 ns, At safepoint: 1648844 ns, Total: 2610904 ns
[2025-10-13T23:31:40.042-0700][1201][info ][safepoint   ] Safepoint "Cleanup", Time since last: 2000179726 ns, Reaching safepoint: 891243 ns, Cleanup: 15764 ns, At safepoint: 700906 ns, Total: 1607913 ns
[2025-10-13T23:31:41.064-0700][1201][info ][safepoint   ] Safepoint "Cleanup", Time since last: 1000109337 ns, Reaching safepoint: 19822298 ns, Cleanup: 13270 ns, At safepoint: 1818670 ns, Total: 21654238 ns
[2025-10-13T23:31:41.433-0700][1201][info ][gc,start    ] GC(124) Pause Young (Normal) (G1 Evacuation Pause)
[2025-10-13T23:31:41.433-0700][1201][info ][gc,task     ] GC(124) Using 113 workers of 113 for evacuation
[2025-10-13T23:31:41.447-0700][1201][debug][gc,remset   ] GC(124) Visited cards 11056896 Total dirty 76677120 (14.42%) Total old 537001984 (2.06%)
[2025-10-13T23:31:41.646-0700][1201][info ][gc,mmu      ] GC(124) MMU target violated: 201.0ms (200.0ms/201.0ms)
[2025-10-13T23:31:41.646-0700][1201][info ][gc,phases   ] GC(124)   Pre Evacuate Collection Set: 0.8ms
[2025-10-13T23:31:41.646-0700][1201][info ][gc,phases   ] GC(124)   Merge Heap Roots: 12.9ms
[2025-10-13T23:31:41.646-0700][1201][info ][gc,phases   ] GC(124)   Evacuate Collection Set: 182.8ms
[2025-10-13T23:31:41.646-0700][1201][info ][gc,phases   ] GC(124)   Post Evacuate Collection Set: 16.0ms
[2025-10-13T23:31:41.646-0700][1201][info ][gc,phases   ] GC(124)   Other: 0.2ms
[2025-10-13T23:31:41.646-0700][1201][debug][gc,remset   ] GC(124) Coarsening (recent): Inline->AoC 25767 (0) AoC->Howl 71 (0) Howl->Full 0 (0) Inline->AoC 239 (0) AoC->BitMap 44 (0) BitMap->Full 0 (0) 
[2025-10-13T23:31:41.646-0700][1201][debug][gc,remset   ] GC(124) Coarsening (all): Inline->AoC 1938769 (64) AoC->Howl 39846 (121) Howl->Full 0 (0) Inline->AoC 195898 (28) AoC->BitMap 44604 (75) BitMap->Full 1 (0) 
[2025-10-13T23:31:41.646-0700][1201][info ][gc,heap     ] GC(124) Eden regions: 3249->0(2332)
[2025-10-13T23:31:41.646-0700][1201][info ][gc,heap     ] GC(124) Survivor regions: 207->266(432)
[2025-10-13T23:31:41.646-0700][1201][info ][gc,heap     ] GC(124) Old regions: 1246->1246
[2025-10-13T23:31:41.646-0700][1201][info ][gc,heap     ] GC(124) Humongous regions: 36->0
[2025-10-13T23:31:41.646-0700][1201][info ][gc,metaspace] GC(124) Metaspace: 309001K(314432K)->309001K(314432K) NonClass: 273561K(276416K)->273561K(276416K) Class: 35440K(38016K)->35440K(38016K)
[2025-10-13T23:31:41.646-0700][1201][info ][gc          ] GC(124) Pause Young (Normal) (G1 Evacuation Pause) 151591M->48357M(184320M) 212.771ms
[2025-10-13T23:31:41.647-0700][1201][info ][gc,cpu      ] GC(124) User=18.00s Sys=0.34s Real=0.21s
[2025-10-13T23:31:41.648-0700][1201][info ][safepoint   ] Safepoint "G1CollectForAllocation", Time since last: 366771491 ns, Reaching safepoint: 861569 ns, Cleanup: 21672 ns, At safepoint: 216347116 ns, Total: 217230357 ns
[2025-10-13T23:31:42.650-0700][1201][info ][safepoint   ] Safepoint "Cleanup", Time since last: 1000085572 ns, Reaching safepoint: 1749305 ns, Cleanup: 21022 ns, At safepoint: 411590 ns, Total: 2181917 ns
[2025-10-13T23:31:43.652-0700][1201][info ][safepoint   ] Safepoint "Cleanup", Time since last: 1000107855 ns, Reaching safepoint: 777101 ns, Cleanup: 76686 ns, At safepoint: 356797 ns, Total: 1210584 ns
[2025-10-13T23:31:44.653-0700][1201][info ][safepoint   ] Safepoint "Cleanup", Time since last: 1000120024 ns, Reaching safepoint: 832554 ns, Cleanup: 40271 ns, At safepoint: 598892 ns, Total: 1471717 ns
[2025-10-13T23:31:45.655-0700][1201][info ][safepoint   ] Safepoint "Cleanup", Time since last: 1000106143 ns, Reaching safepoint: 732694 ns, Cleanup: 26520 ns, At safepoint: 674576 ns, Total: 1433790 ns
[2025-10-13T23:31:46.669-0700][1201][info ][safepoint   ] Safepoint "Cleanup", Time since last: 1000107324 ns, Reaching safepoint: 11397544 ns, Cleanup: 15994 ns, At safepoint: 2434398 ns, Total: 13847936 ns
[2025-10-13T23:31:47.671-0700][1201][info ][safepoint   ] Safepoint "Cleanup", Time since last: 1000123428 ns, Reaching safepoint: 855740 ns, Cleanup: 14892 ns, At safepoint: 1694804 ns, Total: 2565436 ns
[2025-10-13T23:31:48.674-0700][1201][info ][safepoint   ] Safepoint "Cleanup", Time since last: 1000114254 ns, Reaching safepoint: 935590 ns, Cleanup: 18248 ns, At safepoint: 1074719 ns, Total: 2028557 ns
[2025-10-13T23:31:49.585-0700][1201][info ][gc,start    ] GC(125) Pause Young (Normal) (G1 Evacuation Pause)
[2025-10-13T23:31:49.585-0700][1201][info ][gc,task     ] GC(125) Using 113 workers of 113 for evacuation
[2025-10-13T23:31:49.599-0700][1201][debug][gc,remset   ] GC(125) Visited cards 11135232 Total dirty 76742656 (14.51%) Total old 432275456 (2.58%)
[2025-10-13T23:31:49.796-0700][1201][info ][gc,mmu      ] GC(125) MMU target violated: 201.0ms (200.0ms/201.0ms)
[2025-10-13T23:31:49.796-0700][1201][info ][gc,phases   ] GC(125)   Pre Evacuate Collection Set: 0.8ms
[2025-10-13T23:31:49.796-0700][1201][info ][gc,phases   ] GC(125)   Merge Heap Roots: 12.9ms
[2025-10-13T23:31:49.796-0700][1201][info ][gc,phases   ] GC(125)   Evacuate Collection Set: 183.0ms
[2025-10-13T23:31:49.796-0700][1201][info ][gc,phases   ] GC(125)   Post Evacuate Collection Set: 14.1ms
[2025-10-13T23:31:49.796-0700][1201][info ][gc,phases   ] GC(125)   Other: 0.2ms
[2025-10-13T23:31:49.796-0700][1201][debug][gc,remset   ] GC(125) Coarsening (recent): Inline->AoC 26754 (0) AoC->Howl 79 (0) Howl->Full 0 (0) Inline->AoC 387 (0) AoC->BitMap 25 (0) BitMap->Full 0 (0) 
[2025-10-13T23:31:49.796-0700][1201][debug][gc,remset   ] GC(125) Coarsening (all): Inline->AoC 1965523 (64) AoC->Howl 39925 (121) Howl->Full 0 (0) Inline->AoC 196285 (28) AoC->BitMap 44629 (75) BitMap->Full 1 (0) 
[2025-10-13T23:31:49.796-0700][1201][info ][gc,heap     ] GC(125) Eden regions: 2401->0(3241)
[2025-10-13T23:31:49.796-0700][1201][info ][gc,heap     ] GC(125) Survivor regions: 266->215(334)
[2025-10-13T23:31:49.796-0700][1201][info ][gc,heap     ] GC(125) Old regions: 1246->1340
[2025-10-13T23:31:49.796-0700][1201][info ][gc,heap     ] GC(125) Humongous regions: 16->0
[2025-10-13T23:31:49.796-0700][1201][info ][gc,metaspace] GC(125) Metaspace: 309058K(314496K)->309058K(314496K) NonClass: 273611K(276480K)->273611K(276480K) Class: 35446K(38016K)->35446K(38016K)
[2025-10-13T23:31:49.796-0700][1201][info ][gc          ] GC(125) Pause Young (Normal) (G1 Evacuation Pause) 125701M->49733M(184320M) 211.086ms
[2025-10-13T23:31:49.797-0700][1201][info ][gc,cpu      ] GC(125) User=20.05s Sys=0.21s Real=0.21s
[2025-10-13T23:31:49.798-0700][1201][info ][safepoint   ] Safepoint "G1CollectForAllocation", Time since last: 907477152 ns, Reaching safepoint: 2811576 ns, Cleanup: 16094 ns, At safepoint: 214518351 ns, Total: 217346021 ns
[2025-10-13T23:31:50.799-0700][1201][info ][safepoint   ] Safepoint "Cleanup", Time since last: 1000110599 ns, Reaching safepoint: 747706 ns, Cleanup: 19950 ns, At safepoint: 104568 ns, Total: 872224 ns
[2025-10-13T23:31:51.801-0700][1201][info ][safepoint   ] Safepoint "Cleanup", Time since last: 1000105231 ns, Reaching safepoint: 804663 ns, Cleanup: 22083 ns, At safepoint: 278900 ns, Total: 1105646 ns
[2025-10-13T23:31:52.725-0700][1201][info ][gc,start    ] GC(126) Pause Young (Concurrent Start) (G1 Humongous Allocation)
[2025-10-13T23:31:52.725-0700][1201][info ][gc,task     ] GC(126) Using 113 workers of 113 for evacuation
[2025-10-13T23:31:52.739-0700][1201][debug][gc,remset   ] GC(126) Visited cards 11227392 Total dirty 81657856 (13.75%) Total old 237961216 (4.72%)
[2025-10-13T23:31:52.906-0700][1201][info ][gc,phases   ] GC(126)   Pre Evacuate Collection Set: 0.9ms
[2025-10-13T23:31:52.906-0700][1201][info ][gc,phases   ] GC(126)   Merge Heap Roots: 12.5ms
[2025-10-13T23:31:52.906-0700][1201][info ][gc,phases   ] GC(126)   Evacuate Collection Set: 155.9ms
[2025-10-13T23:31:52.906-0700][1201][info ][gc,phases   ] GC(126)   Post Evacuate Collection Set: 11.6ms
[2025-10-13T23:31:52.906-0700][1201][info ][gc,phases   ] GC(126)   Other: 0.1ms
[2025-10-13T23:31:52.906-0700][1201][debug][gc,remset   ] GC(126) Coarsening (recent): Inline->AoC 0 (0) AoC->Howl 0 (0) Howl->Full 0 (0) Inline->AoC 0 (0) AoC->BitMap 0 (0) BitMap->Full 0 (0) 
[2025-10-13T23:31:52.906-0700][1201][debug][gc,remset   ] GC(126) Coarsening (all): Inline->AoC 1965523 (64) AoC->Howl 39925 (121) Howl->Full 0 (0) Inline->AoC 196285 (28) AoC->BitMap 44629 (75) BitMap->Full 1 (0) 
[2025-10-13T23:31:52.906-0700][1201][info ][gc,heap     ] GC(126) Eden regions: 924->0(2668)
[2025-10-13T23:31:52.906-0700][1201][info ][gc,heap     ] GC(126) Survivor regions: 215->237(432)
[2025-10-13T23:31:52.906-0700][1201][info ][gc,heap     ] GC(126) Old regions: 1340->1340
[2025-10-13T23:31:52.906-0700][1201][info ][gc,heap     ] GC(126) Humongous regions: 13->0
[2025-10-13T23:31:52.906-0700][1201][info ][gc,metaspace] GC(126) Metaspace: 309197K(314624K)->309197K(314624K) NonClass: 273738K(276608K)->273738K(276608K) Class: 35458K(38016K)->35458K(38016K)
[2025-10-13T23:31:52.906-0700][1201][info ][gc          ] GC(126) Pause Young (Concurrent Start) (G1 Humongous Allocation) 79694M->50424M(184320M) 181.230ms
[2025-10-13T23:31:52.906-0700][1084][info ][gc          ] GC(127) Concurrent Undo Cycle
[2025-10-13T23:31:52.907-0700][1084][info ][gc,marking  ] GC(127) Concurrent Clear Claimed Marks
[2025-10-13T23:31:52.908-0700][1201][info ][gc,cpu      ] GC(126) User=14.28s Sys=0.15s Real=0.18s
[2025-10-13T23:31:52.908-0700][1084][info ][gc,marking  ] GC(127) Concurrent Clear Claimed Marks 0.814ms
[2025-10-13T23:31:52.908-0700][1084][info ][gc,marking  ] GC(127) Concurrent Cleanup for Next Mark
[2025-10-13T23:31:52.909-0700][1201][info ][safepoint   ] Safepoint "G1TryInitiateConcMark", Time since last: 922608812 ns, Reaching safepoint: 870892 ns, Cleanup: 11487 ns, At safepoint: 184774103 ns, Total: 185656482 ns
[2025-10-13T23:31:52.910-0700][1084][info ][gc,marking  ] GC(127) Concurrent Cleanup for Next Mark 2.534ms
[2025-10-13T23:31:52.910-0700][1084][info ][gc          ] GC(127) Concurrent Undo Cycle 3.716ms
[2025-10-13T23:31:53.910-0700][1201][info ][safepoint   ] Safepoint "Cleanup", Time since last: 1000088225 ns, Reaching safepoint: 745123 ns, Cleanup: 17376 ns, At safepoint: 299702 ns, Total: 1062201 ns
[2025-10-13T23:31:55.911-0700][1201][info ][safepoint   ] Safepoint "Cleanup", Time since last: 2000172284 ns, Reaching safepoint: 858784 ns, Cleanup: 23275 ns, At safepoint: 380674 ns, Total: 1262733 ns
[2025-10-13T23:31:57.912-0700][1201][info ][safepoint   ] Safepoint "Cleanup", Time since last: 2000170101 ns, Reaching safepoint: 701387 ns, Cleanup: 16815 ns, At safepoint: 101904 ns, Total: 820106 ns
[2025-10-13T23:31:58.914-0700][1201][info ][safepoint   ] Safepoint "Cleanup", Time since last: 1000099893 ns, Reaching safepoint: 898574 ns, Cleanup: 13370 ns, At safepoint: 269947 ns, Total: 1181891 ns
[2025-10-13T23:32:00.915-0700][1201][info ][safepoint   ] Safepoint "Cleanup", Time since last: 2000173676 ns, Reaching safepoint: 951424 ns, Cleanup: 24667 ns, At safepoint: 284018 ns, Total: 1260109 ns
[2025-10-13T23:32:02.917-0700][1201][info ][safepoint   ] Safepoint "Cleanup", Time since last: 2000167580 ns, Reaching safepoint: 1197485 ns, Cleanup: 16595 ns, At safepoint: 318119 ns, Total: 1532199 ns
[2025-10-13T23:32:03.555-0700][1201][info ][gc,start    ] GC(128) Pause Young (Normal) (G1 Evacuation Pause)
[2025-10-13T23:32:03.555-0700][1201][info ][gc,task     ] GC(128) Using 113 workers of 113 for evacuation
[2025-10-13T23:32:03.569-0700][1201][debug][gc,remset   ] GC(128) Visited cards 11492608 Total dirty 81854464 (14.04%) Total old 487325696 (2.36%)
[2025-10-13T23:32:03.761-0700][1201][info ][gc,mmu      ] GC(128) MMU target violated: 201.0ms (200.0ms/201.0ms)
[2025-10-13T23:32:03.762-0700][1201][info ][gc,phases   ] GC(128)   Pre Evacuate Collection Set: 0.8ms
[2025-10-13T23:32:03.762-0700][1201][info ][gc,phases   ] GC(128)   Merge Heap Roots: 12.8ms
[2025-10-13T23:32:03.762-0700][1201][info ][gc,phases   ] GC(128)   Evacuate Collection Set: 178.6ms
[2025-10-13T23:32:03.762-0700][1201][info ][gc,phases   ] GC(128)   Post Evacuate Collection Set: 14.2ms
[2025-10-13T23:32:03.762-0700][1201][info ][gc,phases   ] GC(128)   Other: 0.2ms
[2025-10-13T23:32:03.762-0700][1201][debug][gc,remset   ] GC(128) Coarsening (recent): Inline->AoC 17991 (0) AoC->Howl 33 (1) Howl->Full 0 (0) Inline->AoC 159 (0) AoC->BitMap 8 (0) BitMap->Full 0 (0) 
[2025-10-13T23:32:03.762-0700][1201][debug][gc,remset   ] GC(128) Coarsening (all): Inline->AoC 1983514 (64) AoC->Howl 39958 (122) Howl->Full 0 (0) Inline->AoC 196444 (28) AoC->BitMap 44637 (75) BitMap->Full 1 (0) 
[2025-10-13T23:32:03.762-0700][1201][info ][gc,heap     ] GC(128) Eden regions: 2801->0(2572)
[2025-10-13T23:32:03.762-0700][1201][info ][gc,heap     ] GC(128) Survivor regions: 237->247(380)
[2025-10-13T23:32:03.762-0700][1201][info ][gc,heap     ] GC(128) Old regions: 1340->1373
[2025-10-13T23:32:03.762-0700][1201][info ][gc,heap     ] GC(128) Humongous regions: 20->0
[2025-10-13T23:32:03.762-0700][1201][info ][gc,metaspace] GC(128) Metaspace: 309212K(314688K)->309212K(314688K) NonClass: 273753K(276672K)->273753K(276672K) Class: 35459K(38016K)->35459K(38016K)
[2025-10-13T23:32:03.762-0700][1201][info ][gc          ] GC(128) Pause Young (Normal) (G1 Evacuation Pause) 140696M->51817M(184320M) 206.790ms
[2025-10-13T23:32:03.763-0700][1201][info ][gc,cpu      ] GC(128) User=18.01s Sys=0.08s Real=0.21s
[2025-10-13T23:32:03.764-0700][1201][info ][safepoint   ] Safepoint "G1CollectForAllocation", Time since last: 635938519 ns, Reaching safepoint: 928199 ns, Cleanup: 4336 ns, At safepoint: 210366443 ns, Total: 211298978 ns
[2025-10-13T23:32:04.765-0700][1201][info ][safepoint   ] Safepoint "Cleanup", Time since last: 1000085312 ns, Reaching safepoint: 872184 ns, Cleanup: 35734 ns, At safepoint: 232770 ns, Total: 1140688 ns
[2025-10-13T23:32:05.767-0700][1201][info ][safepoint   ] Safepoint "Cleanup", Time since last: 1000106585 ns, Reaching safepoint: 874657 ns, Cleanup: 11137 ns, At safepoint: 355666 ns, Total: 1241460 ns
[2025-10-13T23:32:06.768-0700][1201][info ][safepoint   ] Safepoint "Cleanup", Time since last: 1000114797 ns, Reaching safepoint: 966326 ns, Cleanup: 17756 ns, At safepoint: 587476 ns, Total: 1571558 ns
[2025-10-13T23:32:09.770-0700][1201][info ][safepoint   ] Safepoint "Cleanup", Time since last: 3000224048 ns, Reaching safepoint: 1336614 ns, Cleanup: 17116 ns, At safepoint: 152069 ns, Total: 1505799 ns
[2025-10-13T23:32:10.771-0700][1201][info ][safepoint   ] Safepoint "Cleanup", Time since last: 1000097720 ns, Reaching safepoint: 717421 ns, Cleanup: 11648 ns, At safepoint: 365831 ns, Total: 1094900 ns
[2025-10-13T23:32:11.390-0700][1201][info ][gc,start    ] GC(129) Pause Young (Normal) (G1 Evacuation Pause)
[2025-10-13T23:32:11.390-0700][1201][info ][gc,task     ] GC(129) Using 113 workers of 113 for evacuation
[2025-10-13T23:32:11.404-0700][1201][debug][gc,remset   ] GC(129) Visited cards 11646720 Total dirty 83492864 (13.95%) Total old 466419712 (2.50%)
[2025-10-13T23:32:11.581-0700][1201][info ][gc,phases   ] GC(129)   Pre Evacuate Collection Set: 0.7ms
[2025-10-13T23:32:11.581-0700][1201][info ][gc,phases   ] GC(129)   Merge Heap Roots: 13.0ms
[2025-10-13T23:32:11.581-0700][1201][info ][gc,phases   ] GC(129)   Evacuate Collection Set: 163.1ms
[2025-10-13T23:32:11.581-0700][1201][info ][gc,phases   ] GC(129)   Post Evacuate Collection Set: 13.4ms
[2025-10-13T23:32:11.581-0700][1201][info ][gc,phases   ] GC(129)   Other: 0.2ms
[2025-10-13T23:32:11.581-0700][1201][debug][gc,remset   ] GC(129) Coarsening (recent): Inline->AoC 19590 (0) AoC->Howl 69 (0) Howl->Full 0 (0) Inline->AoC 248 (0) AoC->BitMap 46 (0) BitMap->Full 0 (0) 
[2025-10-13T23:32:11.581-0700][1201][debug][gc,remset   ] GC(129) Coarsening (all): Inline->AoC 2003104 (64) AoC->Howl 40027 (122) Howl->Full 0 (0) Inline->AoC 196692 (28) AoC->BitMap 44683 (75) BitMap->Full 1 (0) 
[2025-10-13T23:32:11.581-0700][1201][info ][gc,heap     ] GC(129) Eden regions: 2620->0(3250)
[2025-10-13T23:32:11.581-0700][1201][info ][gc,heap     ] GC(129) Survivor regions: 247->206(359)
[2025-10-13T23:32:11.581-0700][1201][info ][gc,heap     ] GC(129) Old regions: 1373->1437
[2025-10-13T23:32:11.581-0700][1201][info ][gc,heap     ] GC(129) Humongous regions: 10->0
[2025-10-13T23:32:11.581-0700][1201][info ][gc,metaspace] GC(129) Metaspace: 309246K(314688K)->309246K(314688K) NonClass: 273785K(276672K)->273785K(276672K) Class: 35461K(38016K)->35461K(38016K)
[2025-10-13T23:32:11.581-0700][1201][info ][gc          ] GC(129) Pause Young (Normal) (G1 Evacuation Pause) 135977M->52538M(184320M) 190.624ms
[2025-10-13T23:32:11.582-0700][1201][info ][gc,cpu      ] GC(129) User=17.00s Sys=0.19s Real=0.19s
[2025-10-13T23:32:11.583-0700][1201][info ][safepoint   ] Safepoint "G1CollectForAllocation", Time since last: 616866192 ns, Reaching safepoint: 870411 ns, Cleanup: 17126 ns, At safepoint: 194123428 ns, Total: 195010965 ns
[2025-10-13T23:32:11.917-0700][1201][info ][gc,start    ] GC(130) Pause Young (Concurrent Start) (G1 Humongous Allocation)
[2025-10-13T23:32:11.917-0700][1201][info ][gc,task     ] GC(130) Using 113 workers of 113 for evacuation
[2025-10-13T23:32:11.928-0700][1201][debug][gc,remset   ] GC(130) Visited cards 11036928 Total dirty 86704128 (12.73%) Total old 142802944 (7.73%)
[2025-10-13T23:32:12.058-0700][1201][info ][gc,phases   ] GC(130)   Pre Evacuate Collection Set: 0.9ms
[2025-10-13T23:32:12.058-0700][1201][info ][gc,phases   ] GC(130)   Merge Heap Roots: 9.7ms
[2025-10-13T23:32:12.058-0700][1201][info ][gc,phases   ] GC(130)   Evacuate Collection Set: 121.9ms
[2025-10-13T23:32:12.058-0700][1201][info ][gc,phases   ] GC(130)   Post Evacuate Collection Set: 8.3ms
[2025-10-13T23:32:12.058-0700][1201][info ][gc,phases   ] GC(130)   Other: 0.1ms
[2025-10-13T23:32:12.058-0700][1201][debug][gc,remset   ] GC(130) Coarsening (recent): Inline->AoC 0 (0) AoC->Howl 0 (0) Howl->Full 0 (0) Inline->AoC 0 (0) AoC->BitMap 0 (0) BitMap->Full 0 (0) 
[2025-10-13T23:32:12.058-0700][1201][debug][gc,remset   ] GC(130) Coarsening (all): Inline->AoC 2003104 (64) AoC->Howl 40027 (122) Howl->Full 0 (0) Inline->AoC 196692 (28) AoC->BitMap 44683 (75) BitMap->Full 1 (0) 
[2025-10-13T23:32:12.058-0700][1201][info ][gc,heap     ] GC(130) Eden regions: 165->0(1828)
[2025-10-13T23:32:12.058-0700][1201][info ][gc,heap     ] GC(130) Survivor regions: 206->206(432)
[2025-10-13T23:32:12.058-0700][1201][info ][gc,heap     ] GC(130) Old regions: 1437->1437
[2025-10-13T23:32:12.058-0700][1201][info ][gc,heap     ] GC(130) Humongous regions: 0->0
[2025-10-13T23:32:12.058-0700][1201][info ][gc,metaspace] GC(130) Metaspace: 309253K(314688K)->309253K(314688K) NonClass: 273791K(276672K)->273791K(276672K) Class: 35461K(38016K)->35461K(38016K)
[2025-10-13T23:32:12.058-0700][1201][info ][gc          ] GC(130) Pause Young (Concurrent Start) (G1 Humongous Allocation) 57812M->52557M(184320M) 141.006ms
[2025-10-13T23:32:12.058-0700][1084][info ][gc          ] GC(131) Concurrent Mark Cycle
[2025-10-13T23:32:12.058-0700][1084][info ][gc,marking  ] GC(131) Concurrent Scan Root Regions
[2025-10-13T23:32:12.060-0700][1201][info ][gc,cpu      ] GC(130) User=11.26s Sys=0.06s Real=0.15s
[2025-10-13T23:32:12.061-0700][1201][info ][safepoint   ] Safepoint "G1TryInitiateConcMark", Time since last: 331780034 ns, Reaching safepoint: 748899 ns, Cleanup: 19649 ns, At safepoint: 145477741 ns, Total: 146246289 ns
[2025-10-13T23:32:12.134-0700][1084][info ][gc,marking  ] GC(131) Concurrent Scan Root Regions 75.601ms
[2025-10-13T23:32:12.134-0700][1084][info ][gc,marking  ] GC(131) Concurrent Mark
[2025-10-13T23:32:12.134-0700][1084][info ][gc,marking  ] GC(131) Concurrent Mark From Roots
[2025-10-13T23:32:12.134-0700][1084][info ][gc,task     ] GC(131) Using 36 workers of 36 for marking
[2025-10-13T23:32:12.337-0700][1084][info ][gc,marking  ] GC(131) Concurrent Mark From Roots 202.704ms
[2025-10-13T23:32:12.337-0700][1084][info ][gc,marking  ] GC(131) Concurrent Preclean
[2025-10-13T23:32:12.383-0700][1084][info ][gc,marking  ] GC(131) Concurrent Preclean 46.338ms
[2025-10-13T23:32:12.385-0700][1201][info ][gc,start    ] GC(131) Pause Remark
[2025-10-13T23:32:12.781-0700][1201][info ][gc,mmu      ] GC(131) MMU target violated: 201.0ms (200.0ms/201.0ms)
[2025-10-13T23:32:12.781-0700][1201][info ][gc          ] GC(131) Pause Remark 57339M->55931M(184320M) 395.967ms
[2025-10-13T23:32:12.782-0700][1201][info ][gc,cpu      ] GC(131) User=12.83s Sys=0.05s Real=0.40s
[2025-10-13T23:32:12.784-0700][1201][info ][safepoint   ] Safepoint "G1PauseRemark", Time since last: 321837152 ns, Reaching safepoint: 854277 ns, Cleanup: 15314 ns, At safepoint: 399850159 ns, Total: 400719750 ns
[2025-10-13T23:32:12.784-0700][1084][info ][gc,marking  ] GC(131) Concurrent Mark 650.305ms
[2025-10-13T23:32:12.784-0700][1084][info ][gc,marking  ] GC(131) Concurrent Rebuild Remembered Sets and Scrub Regions
[2025-10-13T23:32:13.162-0700][1084][info ][gc,marking  ] GC(131) Concurrent Rebuild Remembered Sets and Scrub Regions 377.314ms
[2025-10-13T23:32:13.172-0700][1201][info ][gc,start    ] GC(131) Pause Cleanup
[2025-10-13T23:32:13.174-0700][1201][info ][gc          ] GC(131) Pause Cleanup 60514M->60514M(184320M) 2.096ms
[2025-10-13T23:32:13.175-0700][1201][info ][gc,cpu      ] GC(131) User=0.02s Sys=0.01s Real=0.00s
[2025-10-13T23:32:13.176-0700][1201][info ][safepoint   ] Safepoint "G1PauseCleanup", Time since last: 377911574 ns, Reaching safepoint: 9302937 ns, Cleanup: 204488 ns, At safepoint: 5214287 ns, Total: 14721712 ns
[2025-10-13T23:32:13.176-0700][1084][info ][gc,marking  ] GC(131) Concurrent Clear Claimed Marks
[2025-10-13T23:32:13.178-0700][1084][info ][gc,marking  ] GC(131) Concurrent Clear Claimed Marks 1.181ms
[2025-10-13T23:32:13.178-0700][1084][info ][gc,marking  ] GC(131) Concurrent Cleanup for Next Mark
[2025-10-13T23:32:13.209-0700][1084][info ][gc,marking  ] GC(131) Concurrent Cleanup for Next Mark 31.745ms
[2025-10-13T23:32:13.209-0700][1084][info ][gc          ] GC(131) Concurrent Mark Cycle 1151.282ms
[2025-10-13T23:32:14.178-0700][1201][info ][safepoint   ] Safepoint "Cleanup", Time since last: 1000095357 ns, Reaching safepoint: 971674 ns, Cleanup: 23886 ns, At safepoint: 521536 ns, Total: 1517096 ns
[2025-10-13T23:32:15.180-0700][1201][info ][safepoint   ] Safepoint "Cleanup", Time since last: 1000109438 ns, Reaching safepoint: 699715 ns, Cleanup: 11988 ns, At safepoint: 735438 ns, Total: 1447141 ns
[2025-10-13T23:32:16.223-0700][1201][info ][gc,start    ] GC(132) Pause Young (Prepare Mixed) (G1 Evacuation Pause)
[2025-10-13T23:32:16.223-0700][1201][info ][gc,task     ] GC(132) Using 113 workers of 113 for evacuation
[2025-10-13T23:32:16.237-0700][1201][debug][gc,remset   ] GC(132) Visited cards 11727104 Total dirty 86638592 (13.54%) Total old 324599808 (3.61%)
[2025-10-13T23:32:16.420-0700][1201][info ][gc,phases   ] GC(132)   Pre Evacuate Collection Set: 0.9ms
[2025-10-13T23:32:16.420-0700][1201][info ][gc,phases   ] GC(132)   Merge Heap Roots: 13.5ms
[2025-10-13T23:32:16.420-0700][1201][info ][gc,phases   ] GC(132)   Evacuate Collection Set: 165.3ms
[2025-10-13T23:32:16.420-0700][1201][info ][gc,phases   ] GC(132)   Post Evacuate Collection Set: 17.7ms
[2025-10-13T23:32:16.420-0700][1201][info ][gc,phases   ] GC(132)   Other: 0.2ms
[2025-10-13T23:32:16.420-0700][1201][debug][gc,remset   ] GC(132) Coarsening (recent): Inline->AoC 152247 (3) AoC->Howl 5620 (3) Howl->Full 0 (0) Inline->AoC 22732 (1) AoC->BitMap 6548 (1) BitMap->Full 1 (0) 
[2025-10-13T23:32:16.420-0700][1201][debug][gc,remset   ] GC(132) Coarsening (all): Inline->AoC 2155351 (67) AoC->Howl 45647 (125) Howl->Full 0 (0) Inline->AoC 219424 (29) AoC->BitMap 51231 (76) BitMap->Full 2 (0) 
[2025-10-13T23:32:16.420-0700][1201][info ][gc,heap     ] GC(132) Eden regions: 1567->0(2116)
[2025-10-13T23:32:16.420-0700][1201][info ][gc,heap     ] GC(132) Survivor regions: 206->140(222)
[2025-10-13T23:32:16.420-0700][1201][info ][gc,heap     ] GC(132) Old regions: 1393->1509
[2025-10-13T23:32:16.420-0700][1201][info ][gc,heap     ] GC(132) Humongous regions: 14->0
[2025-10-13T23:32:16.420-0700][1201][info ][gc,metaspace] GC(132) Metaspace: 309143K(314688K)->309143K(314688K) NonClass: 273704K(276672K)->273704K(276672K) Class: 35439K(38016K)->35439K(38016K)
[2025-10-13T23:32:16.420-0700][1201][info ][gc          ] GC(132) Pause Young (Prepare Mixed) (G1 Evacuation Pause) 101741M->52752M(184320M) 197.676ms
[2025-10-13T23:32:16.421-0700][1201][info ][gc,cpu      ] GC(132) User=16.54s Sys=0.15s Real=0.20s
[2025-10-13T23:32:16.423-0700][1201][info ][safepoint   ] Safepoint "G1CollectForAllocation", Time since last: 1040486657 ns, Reaching safepoint: 1263244 ns, Cleanup: 5338 ns, At safepoint: 201287783 ns, Total: 202556365 ns
[2025-10-13T23:32:17.424-0700][1201][info ][safepoint   ] Safepoint "Cleanup", Time since last: 1000095257 ns, Reaching safepoint: 1295001 ns, Cleanup: 17426 ns, At safepoint: 361325 ns, Total: 1673752 ns
[2025-10-13T23:32:23.426-0700][1201][info ][safepoint   ] Safepoint "Cleanup", Time since last: 6000405061 ns, Reaching safepoint: 840837 ns, Cleanup: 25809 ns, At safepoint: 452272 ns, Total: 1318918 ns
[2025-10-13T23:32:25.116-0700][1201][info ][gc,start    ] GC(133) Pause Young (Mixed) (G1 Evacuation Pause)
[2025-10-13T23:32:25.116-0700][1201][info ][gc,task     ] GC(133) Using 113 workers of 113 for evacuation
[2025-10-13T23:32:25.131-0700][1201][debug][gc,remset   ] GC(133) Visited cards 12802304 Total dirty 88342528 (14.49%) Total old 432275456 (2.96%)
[2025-10-13T23:32:25.249-0700][1201][info ][gc,phases   ] GC(133)   Pre Evacuate Collection Set: 0.7ms
[2025-10-13T23:32:25.249-0700][1201][info ][gc,phases   ] GC(133)   Merge Heap Roots: 14.1ms
[2025-10-13T23:32:25.249-0700][1201][info ][gc,phases   ] GC(133)   Evacuate Collection Set: 105.0ms
[2025-10-13T23:32:25.249-0700][1201][info ][gc,phases   ] GC(133)   Post Evacuate Collection Set: 13.5ms
[2025-10-13T23:32:25.249-0700][1201][info ][gc,phases   ] GC(133)   Other: 0.2ms
[2025-10-13T23:32:25.249-0700][1201][debug][gc,remset   ] GC(133) Coarsening (recent): Inline->AoC 31406 (32) AoC->Howl 1494 (240) Howl->Full 0 (0) Inline->AoC 2802 (99) AoC->BitMap 1429 (242) BitMap->Full 0 (0) 
[2025-10-13T23:32:25.249-0700][1201][debug][gc,remset   ] GC(133) Coarsening (all): Inline->AoC 2186757 (99) AoC->Howl 47141 (365) Howl->Full 0 (0) Inline->AoC 222226 (128) AoC->BitMap 52660 (318) BitMap->Full 2 (0) 
[2025-10-13T23:32:25.249-0700][1201][info ][gc,heap     ] GC(133) Eden regions: 2341->0(2098)
[2025-10-13T23:32:25.249-0700][1201][info ][gc,heap     ] GC(133) Survivor regions: 140->170(311)
[2025-10-13T23:32:25.249-0700][1201][info ][gc,heap     ] GC(133) Old regions: 1509->1409
[2025-10-13T23:32:25.249-0700][1201][info ][gc,heap     ] GC(133) Humongous regions: 9->0
[2025-10-13T23:32:25.249-0700][1201][info ][gc,metaspace] GC(133) Metaspace: 309184K(314688K)->309184K(314688K) NonClass: 273740K(276672K)->273740K(276672K) Class: 35443K(38016K)->35443K(38016K)
[2025-10-13T23:32:25.249-0700][1201][info ][gc          ] GC(133) Pause Young (Mixed) (G1 Evacuation Pause) 127952M->50510M(184320M) 133.695ms
[2025-10-13T23:32:25.251-0700][1201][info ][gc,cpu      ] GC(133) User=12.76s Sys=0.03s Real=0.14s
[2025-10-13T23:32:25.252-0700][1201][info ][safepoint   ] Safepoint "G1CollectForAllocation", Time since last: 1687739143 ns, Reaching safepoint: 844994 ns, Cleanup: 13009 ns, At safepoint: 137089832 ns, Total: 137947835 ns
[2025-10-13T23:32:28.253-0700][1201][info ][safepoint   ] Safepoint "Cleanup", Time since last: 3000210748 ns, Reaching safepoint: 876771 ns, Cleanup: 11518 ns, At safepoint: 174753 ns, Total: 1063042 ns
[2025-10-13T23:32:29.254-0700][1201][info ][safepoint   ] Safepoint "Cleanup", Time since last: 1000114426 ns, Reaching safepoint: 884232 ns, Cleanup: 14042 ns, At safepoint: 289536 ns, Total: 1187810 ns
[2025-10-13T23:32:33.600-0700][1201][info ][gc,start    ] GC(134) Pause Young (Mixed) (G1 Evacuation Pause)
[2025-10-13T23:32:33.600-0700][1201][info ][gc,task     ] GC(134) Using 113 workers of 113 for evacuation
[2025-10-13T23:32:33.615-0700][1201][debug][gc,remset   ] GC(134) Visited cards 12723968 Total dirty 82575360 (15.41%) Total old 439615488 (2.89%)
[2025-10-13T23:32:33.761-0700][1201][info ][gc,phases   ] GC(134)   Pre Evacuate Collection Set: 0.7ms
[2025-10-13T23:32:33.761-0700][1201][info ][gc,phases   ] GC(134)   Merge Heap Roots: 14.3ms
[2025-10-13T23:32:33.761-0700][1201][info ][gc,phases   ] GC(134)   Evacuate Collection Set: 133.0ms
[2025-10-13T23:32:33.761-0700][1201][info ][gc,phases   ] GC(134)   Post Evacuate Collection Set: 13.0ms
[2025-10-13T23:32:33.761-0700][1201][info ][gc,phases   ] GC(134)   Other: 0.2ms
[2025-10-13T23:32:33.761-0700][1201][debug][gc,remset   ] GC(134) Coarsening (recent): Inline->AoC 13138 (0) AoC->Howl 231 (0) Howl->Full 0 (0) Inline->AoC 848 (0) AoC->BitMap 163 (0) BitMap->Full 0 (0) 
[2025-10-13T23:32:33.761-0700][1201][debug][gc,remset   ] GC(134) Coarsening (all): Inline->AoC 2199895 (99) AoC->Howl 47372 (365) Howl->Full 0 (0) Inline->AoC 223074 (128) AoC->BitMap 52823 (318) BitMap->Full 2 (0) 
[2025-10-13T23:32:33.761-0700][1201][info ][gc,heap     ] GC(134) Eden regions: 2412->0(1253)
[2025-10-13T23:32:33.761-0700][1201][info ][gc,heap     ] GC(134) Survivor regions: 170->240(323)
[2025-10-13T23:32:33.761-0700][1201][info ][gc,heap     ] GC(134) Old regions: 1409->1297
[2025-10-13T23:32:33.761-0700][1201][info ][gc,heap     ] GC(134) Humongous regions: 19->0
[2025-10-13T23:32:33.761-0700][1201][info ][gc,metaspace] GC(134) Metaspace: 309195K(314688K)->309195K(314688K) NonClass: 273751K(276672K)->273751K(276672K) Class: 35443K(38016K)->35443K(38016K)
[2025-10-13T23:32:33.761-0700][1201][info ][gc          ] GC(134) Pause Young (Mixed) (G1 Evacuation Pause) 128302M->49171M(184320M) 161.432ms
[2025-10-13T23:32:33.762-0700][1201][info ][gc,cpu      ] GC(134) User=15.68s Sys=0.01s Real=0.16s
[2025-10-13T23:32:33.763-0700][1201][info ][safepoint   ] Safepoint "G1CollectForAllocation", Time since last: 4343416201 ns, Reaching safepoint: 748137 ns, Cleanup: 4627 ns, At safepoint: 164717621 ns, Total: 165470385 ns
[2025-10-13T23:32:34.764-0700][1201][info ][safepoint   ] Safepoint "Cleanup", Time since last: 1000031220 ns, Reaching safepoint: 670300 ns, Cleanup: 12098 ns, At safepoint: 127943 ns, Total: 810341 ns
[2025-10-13T23:32:35.765-0700][1201][info ][safepoint   ] Safepoint "Cleanup", Time since last: 1000098292 ns, Reaching safepoint: 696730 ns, Cleanup: 9634 ns, At safepoint: 166511 ns, Total: 872875 ns
[2025-10-13T23:32:36.766-0700][1201][info ][safepoint   ] Safepoint "Cleanup", Time since last: 1000104561 ns, Reaching safepoint: 710791 ns, Cleanup: 13611 ns, At safepoint: 133331 ns, Total: 857733 ns
[2025-10-13T23:32:37.767-0700][1201][info ][safepoint   ] Safepoint "Cleanup", Time since last: 1000099273 ns, Reaching safepoint: 695057 ns, Cleanup: 23535 ns, At safepoint: 232791 ns, Total: 951383 ns
[2025-10-13T23:32:38.768-0700][1201][info ][safepoint   ] Safepoint "Cleanup", Time since last: 1000105993 ns, Reaching safepoint: 698713 ns, Cleanup: 20962 ns, At safepoint: 265750 ns, Total: 985425 ns
[2025-10-13T23:32:39.598-0700][1201][info ][gc,start    ] GC(135) Pause Young (Mixed) (G1 Evacuation Pause)
[2025-10-13T23:32:39.598-0700][1201][info ][gc,task     ] GC(135) Using 113 workers of 113 for evacuation
[2025-10-13T23:32:39.613-0700][1201][debug][gc,remset   ] GC(135) Visited cards 12961280 Total dirty 75825152 (17.09%) Total old 330104832 (3.93%)
[2025-10-13T23:32:39.800-0700][1201][info ][gc,mmu      ] GC(135) MMU target violated: 201.0ms (200.0ms/201.0ms)
[2025-10-13T23:32:39.800-0700][1201][info ][gc,phases   ] GC(135)   Pre Evacuate Collection Set: 0.8ms
[2025-10-13T23:32:39.800-0700][1201][info ][gc,phases   ] GC(135)   Merge Heap Roots: 13.8ms
[2025-10-13T23:32:39.800-0700][1201][info ][gc,phases   ] GC(135)   Evacuate Collection Set: 171.1ms
[2025-10-13T23:32:39.800-0700][1201][info ][gc,phases   ] GC(135)   Post Evacuate Collection Set: 16.2ms
[2025-10-13T23:32:39.800-0700][1201][info ][gc,phases   ] GC(135)   Other: 0.2ms
[2025-10-13T23:32:39.800-0700][1201][debug][gc,remset   ] GC(135) Coarsening (recent): Inline->AoC 27806 (0) AoC->Howl 201 (0) Howl->Full 0 (0) Inline->AoC 763 (0) AoC->BitMap 118 (0) BitMap->Full 0 (0) 
[2025-10-13T23:32:39.800-0700][1201][debug][gc,remset   ] GC(135) Coarsening (all): Inline->AoC 2227701 (99) AoC->Howl 47573 (365) Howl->Full 0 (0) Inline->AoC 223837 (128) AoC->BitMap 52941 (318) BitMap->Full 2 (0) 
[2025-10-13T23:32:39.800-0700][1201][info ][gc,heap     ] GC(135) Eden regions: 1566->0(2693)
[2025-10-13T23:32:39.800-0700][1201][info ][gc,heap     ] GC(135) Survivor regions: 240->141(226)
[2025-10-13T23:32:39.800-0700][1201][info ][gc,heap     ] GC(135) Old regions: 1297->1305
[2025-10-13T23:32:39.800-0700][1201][info ][gc,heap     ] GC(135) Humongous regions: 12->0
[2025-10-13T23:32:39.800-0700][1201][info ][gc,metaspace] GC(135) Metaspace: 309213K(314688K)->309213K(314688K) NonClass: 273767K(276672K)->273767K(276672K) Class: 35445K(38016K)->35445K(38016K)
[2025-10-13T23:32:39.801-0700][1201][info ][gc          ] GC(135) Pause Young (Mixed) (G1 Evacuation Pause) 99667M->46232M(184320M) 202.353ms
[2025-10-13T23:32:39.802-0700][1201][info ][gc,cpu      ] GC(135) User=17.12s Sys=0.12s Real=0.21s
[2025-10-13T23:32:39.803-0700][1201][info ][safepoint   ] Safepoint "G1CollectForAllocation", Time since last: 827709082 ns, Reaching safepoint: 1078976 ns, Cleanup: 24777 ns, At safepoint: 205848275 ns, Total: 206952028 ns
[2025-10-13T23:32:40.804-0700][1201][info ][safepoint   ] Safepoint "Cleanup", Time since last: 1000084992 ns, Reaching safepoint: 763981 ns, Cleanup: 70306 ns, At safepoint: 214823 ns, Total: 1049110 ns
[2025-10-13T23:32:42.520-0700][1201][info ][safepoint   ] Safepoint "Cleanup", Time since last: 1714877004 ns, Reaching safepoint: 712514 ns, Cleanup: 50626 ns, At safepoint: 228695 ns, Total: 991835 ns
[2025-10-13T23:32:43.521-0700][1201][info ][safepoint   ] Safepoint "Cleanup", Time since last: 1000110059 ns, Reaching safepoint: 805754 ns, Cleanup: 28093 ns, At safepoint: 302996 ns, Total: 1136843 ns
[2025-10-13T23:32:44.523-0700][1201][info ][safepoint   ] Safepoint "Cleanup", Time since last: 1000123971 ns, Reaching safepoint: 1536024 ns, Cleanup: 20581 ns, At safepoint: 662648 ns, Total: 2219253 ns
[2025-10-13T23:32:45.573-0700][1201][info ][gc,start    ] GC(136) Pause Young (Mixed) (G1 Evacuation Pause)
[2025-10-13T23:32:45.573-0700][1201][info ][gc,task     ] GC(136) Using 113 workers of 113 for evacuation
[2025-10-13T23:32:45.588-0700][1201][debug][gc,remset   ] GC(136) Visited cards 13792768 Total dirty 77463552 (17.81%) Total old 476643328 (2.89%)
[2025-10-13T23:32:45.754-0700][1201][info ][gc,phases   ] GC(136)   Pre Evacuate Collection Set: 0.8ms
[2025-10-13T23:32:45.754-0700][1201][info ][gc,phases   ] GC(136)   Merge Heap Roots: 14.0ms
[2025-10-13T23:32:45.754-0700][1201][info ][gc,phases   ] GC(136)   Evacuate Collection Set: 152.0ms
[2025-10-13T23:32:45.754-0700][1201][info ][gc,phases   ] GC(136)   Post Evacuate Collection Set: 14.6ms
[2025-10-13T23:32:45.754-0700][1201][info ][gc,phases   ] GC(136)   Other: 0.2ms
[2025-10-13T23:32:45.754-0700][1201][debug][gc,remset   ] GC(136) Coarsening (recent): Inline->AoC 49501 (0) AoC->Howl 596 (0) Howl->Full 0 (0) Inline->AoC 1417 (0) AoC->BitMap 531 (0) BitMap->Full 0 (0) 
[2025-10-13T23:32:45.754-0700][1201][debug][gc,remset   ] GC(136) Coarsening (all): Inline->AoC 2277202 (99) AoC->Howl 48169 (365) Howl->Full 0 (0) Inline->AoC 225254 (128) AoC->BitMap 53472 (318) BitMap->Full 2 (0) 
[2025-10-13T23:32:45.754-0700][1201][info ][gc,heap     ] GC(136) Eden regions: 2776->0(1622)
[2025-10-13T23:32:45.754-0700][1201][info ][gc,heap     ] GC(136) Survivor regions: 141->214(365)
[2025-10-13T23:32:45.754-0700][1201][info ][gc,heap     ] GC(136) Old regions: 1305->1205
[2025-10-13T23:32:45.754-0700][1201][info ][gc,heap     ] GC(136) Humongous regions: 18->0
[2025-10-13T23:32:45.754-0700][1201][info ][gc,metaspace] GC(136) Metaspace: 309258K(314688K)->309258K(314688K) NonClass: 273807K(276672K)->273807K(276672K) Class: 35451K(38016K)->35451K(38016K)
[2025-10-13T23:32:45.755-0700][1201][info ][gc          ] GC(136) Pause Young (Mixed) (G1 Evacuation Pause) 135640M->45369M(184320M) 181.793ms
[2025-10-13T23:32:45.756-0700][1201][info ][gc,cpu      ] GC(136) User=15.99s Sys=0.31s Real=0.18s
[2025-10-13T23:32:45.757-0700][1201][info ][safepoint   ] Safepoint "G1CollectForAllocation", Time since last: 1046715433 ns, Reaching safepoint: 1516846 ns, Cleanup: 7371 ns, At safepoint: 185185170 ns, Total: 186709387 ns
[2025-10-13T23:32:47.758-0700][1201][info ][safepoint   ] Safepoint "Cleanup", Time since last: 2000148531 ns, Reaching safepoint: 898343 ns, Cleanup: 14342 ns, At safepoint: 260533 ns, Total: 1173218 ns
[2025-10-13T23:32:50.759-0700][1201][info ][safepoint   ] Safepoint "Cleanup", Time since last: 3000235435 ns, Reaching safepoint: 916711 ns, Cleanup: 13411 ns, At safepoint: 185689 ns, Total: 1115811 ns
[2025-10-13T23:32:51.628-0700][1201][info ][gc,start    ] GC(137) Pause Young (Mixed) (G1 Evacuation Pause)
[2025-10-13T23:32:51.628-0700][1201][info ][gc,task     ] GC(137) Using 113 workers of 113 for evacuation
[2025-10-13T23:32:51.642-0700][1201][debug][gc,remset   ] GC(137) Visited cards 13768960 Total dirty 70647808 (19.49%) Total old 356057088 (3.87%)
[2025-10-13T23:32:51.788-0700][1201][info ][gc,phases   ] GC(137)   Pre Evacuate Collection Set: 0.8ms
[2025-10-13T23:32:51.788-0700][1201][info ][gc,phases   ] GC(137)   Merge Heap Roots: 13.5ms
[2025-10-13T23:32:51.788-0700][1201][info ][gc,phases   ] GC(137)   Evacuate Collection Set: 130.3ms
[2025-10-13T23:32:51.788-0700][1201][info ][gc,phases   ] GC(137)   Post Evacuate Collection Set: 15.6ms
[2025-10-13T23:32:51.788-0700][1201][info ][gc,phases   ] GC(137)   Other: 0.2ms
[2025-10-13T23:32:51.788-0700][1201][debug][gc,remset   ] GC(137) Coarsening (recent): Inline->AoC 37284 (0) AoC->Howl 259 (0) Howl->Full 0 (0) Inline->AoC 972 (0) AoC->BitMap 151 (0) BitMap->Full 0 (0) 
[2025-10-13T23:32:51.788-0700][1201][debug][gc,remset   ] GC(137) Coarsening (all): Inline->AoC 2314486 (99) AoC->Howl 48428 (365) Howl->Full 0 (0) Inline->AoC 226226 (128) AoC->BitMap 53623 (318) BitMap->Full 2 (0) 
[2025-10-13T23:32:51.788-0700][1201][info ][gc,heap     ] GC(137) Eden regions: 1837->0(2798)
[2025-10-13T23:32:51.788-0700][1201][info ][gc,heap     ] GC(137) Survivor regions: 214->140(257)
[2025-10-13T23:32:51.788-0700][1201][info ][gc,heap     ] GC(137) Old regions: 1205->1174
[2025-10-13T23:32:51.788-0700][1201][info ][gc,heap     ] GC(137) Humongous regions: 10->0
[2025-10-13T23:32:51.788-0700][1201][info ][gc,metaspace] GC(137) Metaspace: 309278K(314688K)->309278K(314688K) NonClass: 273825K(276672K)->273825K(276672K) Class: 35453K(38016K)->35453K(38016K)
[2025-10-13T23:32:51.788-0700][1201][info ][gc          ] GC(137) Pause Young (Mixed) (G1 Evacuation Pause) 104473M->42015M(184320M) 160.485ms
[2025-10-13T23:32:51.789-0700][1201][info ][gc,cpu      ] GC(137) User=14.87s Sys=0.24s Real=0.17s
[2025-10-13T23:32:51.791-0700][1201][info ][safepoint   ] Safepoint "G1CollectForAllocation", Time since last: 866523476 ns, Reaching safepoint: 704061 ns, Cleanup: 21593 ns, At safepoint: 163813278 ns, Total: 164538932 ns
[2025-10-13T23:32:52.792-0700][1201][info ][safepoint   ] Safepoint "Cleanup", Time since last: 1000078892 ns, Reaching safepoint: 922690 ns, Cleanup: 16846 ns, At safepoint: 259180 ns, Total: 1198716 ns
[2025-10-13T23:32:53.793-0700][1201][info ][safepoint   ] Safepoint "Cleanup", Time since last: 1000110630 ns, Reaching safepoint: 722950 ns, Cleanup: 25799 ns, At safepoint: 226701 ns, Total: 975450 ns
[2025-10-13T23:32:56.794-0700][1201][info ][safepoint   ] Safepoint "Cleanup", Time since last: 3000227474 ns, Reaching safepoint: 873596 ns, Cleanup: 12378 ns, At safepoint: 316097 ns, Total: 1202071 ns
[2025-10-13T23:32:57.796-0700][1201][info ][safepoint   ] Safepoint "Cleanup", Time since last: 1000135497 ns, Reaching safepoint: 1378347 ns, Cleanup: 17236 ns, At safepoint: 284799 ns, Total: 1680382 ns
[2025-10-13T23:32:58.798-0700][1201][info ][safepoint   ] Safepoint "Cleanup", Time since last: 1000091241 ns, Reaching safepoint: 828829 ns, Cleanup: 21042 ns, At safepoint: 499272 ns, Total: 1349143 ns
[2025-10-13T23:32:59.800-0700][1201][info ][safepoint   ] Safepoint "Cleanup", Time since last: 1000117521 ns, Reaching safepoint: 1126307 ns, Cleanup: 13130 ns, At safepoint: 1448342 ns, Total: 2587779 ns
[2025-10-13T23:33:00.364-0700][1201][info ][gc,start    ] GC(138) Pause Young (Mixed) (G1 Evacuation Pause)
[2025-10-13T23:33:00.364-0700][1201][info ][gc,task     ] GC(138) Using 113 workers of 113 for evacuation
[2025-10-13T23:33:00.378-0700][1201][debug][gc,remset   ] GC(138) Visited cards 15239168 Total dirty 69402624 (21.96%) Total old 483393536 (3.15%)
[2025-10-13T23:33:00.544-0700][1201][info ][gc,phases   ] GC(138)   Pre Evacuate Collection Set: 0.8ms
[2025-10-13T23:33:00.544-0700][1201][info ][gc,phases   ] GC(138)   Merge Heap Roots: 13.4ms
[2025-10-13T23:33:00.544-0700][1201][info ][gc,phases   ] GC(138)   Evacuate Collection Set: 148.6ms
[2025-10-13T23:33:00.544-0700][1201][info ][gc,phases   ] GC(138)   Post Evacuate Collection Set: 17.7ms
[2025-10-13T23:33:00.544-0700][1201][info ][gc,phases   ] GC(138)   Other: 0.2ms
[2025-10-13T23:33:00.544-0700][1201][debug][gc,remset   ] GC(138) Coarsening (recent): Inline->AoC 50382 (0) AoC->Howl 386 (0) Howl->Full 0 (0) Inline->AoC 1035 (0) AoC->BitMap 311 (0) BitMap->Full 0 (0) 
[2025-10-13T23:33:00.544-0700][1201][debug][gc,remset   ] GC(138) Coarsening (all): Inline->AoC 2364868 (99) AoC->Howl 48814 (365) Howl->Full 0 (0) Inline->AoC 227261 (128) AoC->BitMap 53934 (318) BitMap->Full 2 (0) 
[2025-10-13T23:33:00.544-0700][1201][info ][gc,heap     ] GC(138) Eden regions: 2894->0(1862)
[2025-10-13T23:33:00.544-0700][1201][info ][gc,heap     ] GC(138) Survivor regions: 140->203(380)
[2025-10-13T23:33:00.544-0700][1201][info ][gc,heap     ] GC(138) Old regions: 1174->1073
[2025-10-13T23:33:00.544-0700][1201][info ][gc,heap     ] GC(138) Humongous regions: 18->0
[2025-10-13T23:33:00.544-0700][1201][info ][gc,metaspace] GC(138) Metaspace: 309352K(314752K)->309352K(314752K) NonClass: 273891K(276736K)->273891K(276736K) Class: 35461K(38016K)->35461K(38016K)
[2025-10-13T23:33:00.544-0700][1201][info ][gc          ] GC(138) Pause Young (Mixed) (G1 Evacuation Pause) 135199M->40794M(184320M) 180.885ms
[2025-10-13T23:33:00.546-0700][1201][info ][gc,cpu      ] GC(138) User=14.92s Sys=0.38s Real=0.18s
[2025-10-13T23:33:00.547-0700][1201][info ][safepoint   ] Safepoint "G1CollectForAllocation", Time since last: 560084345 ns, Reaching safepoint: 2031681 ns, Cleanup: 6049 ns, At safepoint: 184298685 ns, Total: 186336415 ns
[2025-10-13T23:33:01.548-0700][1201][info ][safepoint   ] Safepoint "Cleanup", Time since last: 1000082688 ns, Reaching safepoint: 1045555 ns, Cleanup: 14302 ns, At safepoint: 243547 ns, Total: 1303404 ns
[2025-10-13T23:33:02.549-0700][1201][info ][safepoint   ] Safepoint "Cleanup", Time since last: 1000140916 ns, Reaching safepoint: 818222 ns, Cleanup: 13901 ns, At safepoint: 211830 ns, Total: 1043953 ns
[2025-10-13T23:33:07.551-0700][1201][info ][safepoint   ] Safepoint "Cleanup", Time since last: 5000343762 ns, Reaching safepoint: 897663 ns, Cleanup: 20972 ns, At safepoint: 457439 ns, Total: 1376074 ns
[2025-10-13T23:33:07.985-0700][1201][info ][gc,start    ] GC(139) Pause Young (Mixed) (G1 Evacuation Pause)
[2025-10-13T23:33:07.985-0700][1201][info ][gc,task     ] GC(139) Using 113 workers of 113 for evacuation
[2025-10-13T23:33:07.999-0700][1201][debug][gc,remset   ] GC(139) Visited cards 15771904 Total dirty 62717952 (25.15%) Total old 390725632 (4.04%)
[2025-10-13T23:33:08.178-0700][1201][info ][gc,phases   ] GC(139)   Pre Evacuate Collection Set: 0.7ms
[2025-10-13T23:33:08.178-0700][1201][info ][gc,phases   ] GC(139)   Merge Heap Roots: 13.3ms
[2025-10-13T23:33:08.178-0700][1201][info ][gc,phases   ] GC(139)   Evacuate Collection Set: 165.1ms
[2025-10-13T23:33:08.178-0700][1201][info ][gc,phases   ] GC(139)   Post Evacuate Collection Set: 14.6ms
[2025-10-13T23:33:08.178-0700][1201][info ][gc,phases   ] GC(139)   Other: 0.2ms
[2025-10-13T23:33:08.178-0700][1201][debug][gc,remset   ] GC(139) Coarsening (recent): Inline->AoC 35807 (0) AoC->Howl 206 (0) Howl->Full 0 (0) Inline->AoC 756 (0) AoC->BitMap 136 (0) BitMap->Full 0 (0) 
[2025-10-13T23:33:08.179-0700][1201][debug][gc,remset   ] GC(139) Coarsening (all): Inline->AoC 2400675 (99) AoC->Howl 49020 (365) Howl->Full 0 (0) Inline->AoC 228017 (128) AoC->BitMap 54070 (318) BitMap->Full 2 (0) 
[2025-10-13T23:33:08.179-0700][1201][info ][gc,heap     ] GC(139) Eden regions: 2178->0(2306)
[2025-10-13T23:33:08.179-0700][1201][info ][gc,heap     ] GC(139) Survivor regions: 203->172(298)
[2025-10-13T23:33:08.179-0700][1201][info ][gc,heap     ] GC(139) Old regions: 1073->1030
[2025-10-13T23:33:08.179-0700][1201][info ][gc,heap     ] GC(139) Humongous regions: 11->0
[2025-10-13T23:33:08.179-0700][1201][info ][gc,metaspace] GC(139) Metaspace: 309362K(314752K)->309362K(314752K) NonClass: 273901K(276736K)->273901K(276736K) Class: 35461K(38016K)->35461K(38016K)
[2025-10-13T23:33:08.179-0700][1201][info ][gc          ] GC(139) Pause Young (Mixed) (G1 Evacuation Pause) 110842M->38421M(184320M) 194.003ms
[2025-10-13T23:33:08.180-0700][1201][info ][gc,cpu      ] GC(139) User=16.27s Sys=0.17s Real=0.20s
[2025-10-13T23:33:08.181-0700][1201][info ][safepoint   ] Safepoint "G1CollectForAllocation", Time since last: 431555010 ns, Reaching safepoint: 871764 ns, Cleanup: 7210 ns, At safepoint: 197422749 ns, Total: 198301723 ns
[2025-10-13T23:33:12.182-0700][1201][info ][safepoint   ] Safepoint "Cleanup", Time since last: 4000269741 ns, Reaching safepoint: 698833 ns, Cleanup: 11788 ns, At safepoint: 494355 ns, Total: 1204976 ns
[2025-10-13T23:33:13.183-0700][1201][info ][safepoint   ] Safepoint "Cleanup", Time since last: 1000109706 ns, Reaching safepoint: 641877 ns, Cleanup: 21162 ns, At safepoint: 182034 ns, Total: 845073 ns
[2025-10-13T23:33:14.184-0700][1201][info ][safepoint   ] Safepoint "Cleanup", Time since last: 1000099131 ns, Reaching safepoint: 690831 ns, Cleanup: 10786 ns, At safepoint: 148974 ns, Total: 850591 ns
[2025-10-13T23:33:15.186-0700][1201][info ][safepoint   ] Safepoint "Cleanup", Time since last: 1000097618 ns, Reaching safepoint: 827397 ns, Cleanup: 18899 ns, At safepoint: 631962 ns, Total: 1478258 ns
[2025-10-13T23:33:16.187-0700][1201][info ][safepoint   ] Safepoint "Cleanup", Time since last: 1000110417 ns, Reaching safepoint: 808338 ns, Cleanup: 25819 ns, At safepoint: 302416 ns, Total: 1136573 ns
[2025-10-13T23:33:17.192-0700][1201][info ][safepoint   ] Safepoint "Cleanup", Time since last: 1000103076 ns, Reaching safepoint: 3986947 ns, Cleanup: 25449 ns, At safepoint: 1287069 ns, Total: 5299465 ns
[2025-10-13T23:33:17.757-0700][1201][info ][gc,start    ] GC(140) Pause Young (Mixed) (G1 Evacuation Pause)
[2025-10-13T23:33:17.757-0700][1201][info ][gc,task     ] GC(140) Using 113 workers of 113 for evacuation
[2025-10-13T23:33:17.773-0700][1201][debug][gc,remset   ] GC(140) Visited cards 17840640 Total dirty 61079552 (29.21%) Total old 429850624 (4.15%)
[2025-10-13T23:33:17.941-0700][1201][info ][gc,phases   ] GC(140)   Pre Evacuate Collection Set: 0.8ms
[2025-10-13T23:33:17.941-0700][1201][info ][gc,phases   ] GC(140)   Merge Heap Roots: 14.3ms
[2025-10-13T23:33:17.941-0700][1201][info ][gc,phases   ] GC(140)   Evacuate Collection Set: 153.5ms
[2025-10-13T23:33:17.941-0700][1201][info ][gc,phases   ] GC(140)   Post Evacuate Collection Set: 14.5ms
[2025-10-13T23:33:17.941-0700][1201][info ][gc,phases   ] GC(140)   Other: 0.2ms
[2025-10-13T23:33:17.941-0700][1201][debug][gc,remset   ] GC(140) Coarsening (recent): Inline->AoC 49087 (0) AoC->Howl 344 (0) Howl->Full 0 (0) Inline->AoC 1108 (0) AoC->BitMap 256 (0) BitMap->Full 0 (0) 
[2025-10-13T23:33:17.941-0700][1201][debug][gc,remset   ] GC(140) Coarsening (all): Inline->AoC 2449762 (99) AoC->Howl 49364 (365) Howl->Full 0 (0) Inline->AoC 229125 (128) AoC->BitMap 54326 (318) BitMap->Full 2 (0) 
[2025-10-13T23:33:17.941-0700][1201][info ][gc,heap     ] GC(140) Eden regions: 2528->0(3069)
[2025-10-13T23:33:17.941-0700][1201][info ][gc,heap     ] GC(140) Survivor regions: 172->211(338)
[2025-10-13T23:33:17.941-0700][1201][info ][gc,heap     ] GC(140) Old regions: 1030->943
[2025-10-13T23:33:17.941-0700][1201][info ][gc,heap     ] GC(140) Humongous regions: 20->0
[2025-10-13T23:33:17.941-0700][1201][info ][gc,metaspace] GC(140) Metaspace: 309415K(314816K)->309415K(314816K) NonClass: 273953K(276800K)->273953K(276800K) Class: 35462K(38016K)->35462K(38016K)
[2025-10-13T23:33:17.941-0700][1201][info ][gc          ] GC(140) Pause Young (Mixed) (G1 Evacuation Pause) 119957M->36915M(184320M) 183.471ms
[2025-10-13T23:33:17.942-0700][1201][info ][gc,cpu      ] GC(140) User=15.74s Sys=0.29s Real=0.19s
[2025-10-13T23:33:17.943-0700][1201][info ][safepoint   ] Safepoint "G1CollectForAllocation", Time since last: 563020047 ns, Reaching safepoint: 699374 ns, Cleanup: 16034 ns, At safepoint: 186847665 ns, Total: 187563073 ns
[2025-10-13T23:33:18.944-0700][1201][info ][safepoint   ] Safepoint "Cleanup", Time since last: 1000083466 ns, Reaching safepoint: 783671 ns, Cleanup: 15574 ns, At safepoint: 142715 ns, Total: 941960 ns
[2025-10-13T23:33:21.946-0700][1201][info ][safepoint   ] Safepoint "Cleanup", Time since last: 3000219283 ns, Reaching safepoint: 831623 ns, Cleanup: 20391 ns, At safepoint: 390949 ns, Total: 1242963 ns
[2025-10-13T23:33:22.947-0700][1201][info ][safepoint   ] Safepoint "Cleanup", Time since last: 1000107163 ns, Reaching safepoint: 872474 ns, Cleanup: 15584 ns, At safepoint: 642648 ns, Total: 1530706 ns
[2025-10-13T23:33:23.949-0700][1201][info ][safepoint   ] Safepoint "Cleanup", Time since last: 1000125150 ns, Reaching safepoint: 834978 ns, Cleanup: 15293 ns, At safepoint: 505792 ns, Total: 1356063 ns
[2025-10-13T23:33:25.446-0700][1201][info ][safepoint   ] Safepoint "Cleanup", Time since last: 1492924200 ns, Reaching safepoint: 3953787 ns, Cleanup: 26230 ns, At safepoint: 587245 ns, Total: 4567262 ns
[2025-10-13T23:33:26.448-0700][1201][info ][safepoint   ] Safepoint "Cleanup", Time since last: 1000094313 ns, Reaching safepoint: 773445 ns, Cleanup: 28423 ns, At safepoint: 769640 ns, Total: 1571508 ns
[2025-10-13T23:33:27.450-0700][1201][info ][safepoint   ] Safepoint "Cleanup", Time since last: 1000109135 ns, Reaching safepoint: 763981 ns, Cleanup: 18348 ns, At safepoint: 816841 ns, Total: 1599170 ns
[2025-10-13T23:33:28.435-0700][1201][info ][gc,start    ] GC(141) Pause Young (Normal) (G1 Evacuation Pause)
[2025-10-13T23:33:28.435-0700][1201][info ][gc,task     ] GC(141) Using 113 workers of 113 for evacuation
[2025-10-13T23:33:28.450-0700][1201][debug][gc,remset   ] GC(141) Visited cards 10453760 Total dirty 57802752 (18.09%) Total old 500170752 (2.09%)
[2025-10-13T23:33:28.632-0700][1201][info ][gc,phases   ] GC(141)   Pre Evacuate Collection Set: 0.8ms
[2025-10-13T23:33:28.632-0700][1201][info ][gc,phases   ] GC(141)   Merge Heap Roots: 14.0ms
[2025-10-13T23:33:28.632-0700][1201][info ][gc,phases   ] GC(141)   Evacuate Collection Set: 166.9ms
[2025-10-13T23:33:28.632-0700][1201][info ][gc,phases   ] GC(141)   Post Evacuate Collection Set: 15.5ms
[2025-10-13T23:33:28.632-0700][1201][info ][gc,phases   ] GC(141)   Other: 0.2ms
[2025-10-13T23:33:28.632-0700][1201][debug][gc,remset   ] GC(141) Coarsening (recent): Inline->AoC 33049 (7) AoC->Howl 91 (5) Howl->Full 0 (0) Inline->AoC 403 (1) AoC->BitMap 42 (2) BitMap->Full 1 (0) 
[2025-10-13T23:33:28.632-0700][1201][debug][gc,remset   ] GC(141) Coarsening (all): Inline->AoC 2482811 (106) AoC->Howl 49455 (370) Howl->Full 0 (0) Inline->AoC 229528 (129) AoC->BitMap 54368 (320) BitMap->Full 3 (0) 
[2025-10-13T23:33:28.632-0700][1201][info ][gc,heap     ] GC(141) Eden regions: 3127->0(2421)
[2025-10-13T23:33:28.632-0700][1201][info ][gc,heap     ] GC(141) Survivor regions: 211->266(418)
[2025-10-13T23:33:28.632-0700][1201][info ][gc,heap     ] GC(141) Old regions: 943->943
[2025-10-13T23:33:28.632-0700][1201][info ][gc,heap     ] GC(141) Humongous regions: 13->0
[2025-10-13T23:33:28.632-0700][1201][info ][gc,metaspace] GC(141) Metaspace: 309545K(314944K)->309545K(314944K) NonClass: 274064K(276928K)->274064K(276928K) Class: 35480K(38016K)->35480K(38016K)
[2025-10-13T23:33:28.632-0700][1201][info ][gc          ] GC(141) Pause Young (Normal) (G1 Evacuation Pause) 137395M->38671M(184320M) 197.530ms
[2025-10-13T23:33:28.634-0700][1201][info ][gc,cpu      ] GC(141) User=16.95s Sys=0.16s Real=0.20s
[2025-10-13T23:33:28.635-0700][1201][info ][safepoint   ] Safepoint "G1CollectForAllocation", Time since last: 970476095 ns, Reaching safepoint: 13838361 ns, Cleanup: 18588 ns, At safepoint: 200991416 ns, Total: 214848365 ns
[2025-10-13T23:33:29.637-0700][1201][info ][safepoint   ] Safepoint "Cleanup", Time since last: 1000083567 ns, Reaching safepoint: 1134109 ns, Cleanup: 39329 ns, At safepoint: 693365 ns, Total: 1866803 ns
[2025-10-13T23:33:30.638-0700][1201][info ][safepoint   ] Safepoint "Cleanup", Time since last: 1000119211 ns, Reaching safepoint: 816630 ns, Cleanup: 28413 ns, At safepoint: 319632 ns, Total: 1164675 ns
[2025-10-13T23:33:32.639-0700][1201][info ][safepoint   ] Safepoint "Cleanup", Time since last: 2000159733 ns, Reaching safepoint: 869650 ns, Cleanup: 27692 ns, At safepoint: 281454 ns, Total: 1178796 ns
[2025-10-13T23:33:34.642-0700][1201][info ][safepoint   ] Safepoint "Cleanup", Time since last: 2000185441 ns, Reaching safepoint: 1023212 ns, Cleanup: 21202 ns, At safepoint: 941358 ns, Total: 1985772 ns
[2025-10-13T23:33:34.670-0700][1201][info ][gc,start    ] GC(142) Pause Young (Normal) (G1 Evacuation Pause)
[2025-10-13T23:33:34.671-0700][1201][info ][gc,task     ] GC(142) Using 113 workers of 113 for evacuation
[2025-10-13T23:33:34.685-0700][1201][debug][gc,remset   ] GC(142) Visited cards 10482944 Total dirty 57802752 (18.14%) Total old 429326336 (2.44%)
[2025-10-13T23:33:34.889-0700][1201][info ][gc,mmu      ] GC(142) MMU target violated: 201.0ms (200.0ms/201.0ms)
[2025-10-13T23:33:34.889-0700][1201][info ][gc,phases   ] GC(142)   Pre Evacuate Collection Set: 0.9ms
[2025-10-13T23:33:34.889-0700][1201][info ][gc,phases   ] GC(142)   Merge Heap Roots: 13.6ms
[2025-10-13T23:33:34.890-0700][1201][info ][gc,phases   ] GC(142)   Evacuate Collection Set: 190.2ms
[2025-10-13T23:33:34.890-0700][1201][info ][gc,phases   ] GC(142)   Post Evacuate Collection Set: 14.1ms
[2025-10-13T23:33:34.890-0700][1201][info ][gc,phases   ] GC(142)   Other: 0.2ms
[2025-10-13T23:33:34.890-0700][1201][debug][gc,remset   ] GC(142) Coarsening (recent): Inline->AoC 25387 (1) AoC->Howl 155 (1) Howl->Full 0 (0) Inline->AoC 718 (0) AoC->BitMap 106 (2) BitMap->Full 0 (0) 
[2025-10-13T23:33:34.890-0700][1201][debug][gc,remset   ] GC(142) Coarsening (all): Inline->AoC 2508198 (107) AoC->Howl 49610 (371) Howl->Full 0 (0) Inline->AoC 230246 (129) AoC->BitMap 54474 (322) BitMap->Full 3 (0) 
[2025-10-13T23:33:34.890-0700][1201][info ][gc,heap     ] GC(142) Eden regions: 2527->0(2682)
[2025-10-13T23:33:34.890-0700][1201][info ][gc,heap     ] GC(142) Survivor regions: 266->236(350)
[2025-10-13T23:33:34.890-0700][1201][info ][gc,heap     ] GC(142) Old regions: 943->1030
[2025-10-13T23:33:34.890-0700][1201][info ][gc,heap     ] GC(142) Humongous regions: 22->0
[2025-10-13T23:33:34.890-0700][1201][info ][gc,metaspace] GC(142) Metaspace: 309561K(314944K)->309561K(314944K) NonClass: 274079K(276928K)->274079K(276928K) Class: 35481K(38016K)->35481K(38016K)
[2025-10-13T23:33:34.890-0700][1201][info ][gc          ] GC(142) Pause Young (Normal) (G1 Evacuation Pause) 120239M->40474M(184320M) 219.102ms
[2025-10-13T23:33:34.891-0700][1201][info ][gc,cpu      ] GC(142) User=20.01s Sys=0.31s Real=0.22s
[2025-10-13T23:33:34.892-0700][1201][info ][safepoint   ] Safepoint "G1CollectForAllocation", Time since last: 26879521 ns, Reaching safepoint: 810031 ns, Cleanup: 4577 ns, At safepoint: 222653115 ns, Total: 223467723 ns
[2025-10-13T23:33:35.893-0700][1201][info ][safepoint   ] Safepoint "Cleanup", Time since last: 1000102625 ns, Reaching safepoint: 784392 ns, Cleanup: 22444 ns, At safepoint: 164778 ns, Total: 971614 ns
[2025-10-13T23:33:36.894-0700][1201][info ][safepoint   ] Safepoint "Cleanup", Time since last: 1000115035 ns, Reaching safepoint: 766865 ns, Cleanup: 14442 ns, At safepoint: 199451 ns, Total: 980758 ns
[2025-10-13T23:33:37.895-0700][1201][info ][safepoint   ] Safepoint "Cleanup", Time since last: 1000098249 ns, Reaching safepoint: 803510 ns, Cleanup: 22735 ns, At safepoint: 310397 ns, Total: 1136642 ns
[2025-10-13T23:33:39.898-0700][1201][info ][safepoint   ] Safepoint "Cleanup", Time since last: 2000143278 ns, Reaching safepoint: 1218286 ns, Cleanup: 14792 ns, At safepoint: 904523 ns, Total: 2137601 ns
[2025-10-13T23:33:40.899-0700][1201][info ][safepoint   ] Safepoint "Cleanup", Time since last: 1000113062 ns, Reaching safepoint: 1020467 ns, Cleanup: 11217 ns, At safepoint: 663570 ns, Total: 1695254 ns
[2025-10-13T23:33:42.424-0700][1201][info ][gc,start    ] GC(143) Pause Young (Normal) (G1 Evacuation Pause)
[2025-10-13T23:33:42.424-0700][1201][info ][gc,task     ] GC(143) Using 113 workers of 113 for evacuation
[2025-10-13T23:33:42.438-0700][1201][debug][gc,remset   ] GC(143) Visited cards 10289664 Total dirty 63176704 (16.29%) Total old 457244672 (2.25%)
[2025-10-13T23:33:42.625-0700][1201][info ][gc,mmu      ] GC(143) MMU target violated: 201.0ms (200.0ms/201.0ms)
[2025-10-13T23:33:42.625-0700][1201][info ][gc,phases   ] GC(143)   Pre Evacuate Collection Set: 0.9ms
[2025-10-13T23:33:42.625-0700][1201][info ][gc,phases   ] GC(143)   Merge Heap Roots: 13.2ms
[2025-10-13T23:33:42.625-0700][1201][info ][gc,phases   ] GC(143)   Evacuate Collection Set: 172.6ms
[2025-10-13T23:33:42.625-0700][1201][info ][gc,phases   ] GC(143)   Post Evacuate Collection Set: 14.7ms
[2025-10-13T23:33:42.625-0700][1201][info ][gc,phases   ] GC(143)   Other: 0.2ms
[2025-10-13T23:33:42.625-0700][1201][debug][gc,remset   ] GC(143) Coarsening (recent): Inline->AoC 36332 (1) AoC->Howl 147 (5) Howl->Full 0 (0) Inline->AoC 591 (1) AoC->BitMap 79 (3) BitMap->Full 0 (0) 
[2025-10-13T23:33:42.625-0700][1201][debug][gc,remset   ] GC(143) Coarsening (all): Inline->AoC 2544530 (108) AoC->Howl 49757 (376) Howl->Full 0 (0) Inline->AoC 230837 (130) AoC->BitMap 54553 (325) BitMap->Full 3 (0) 
[2025-10-13T23:33:42.625-0700][1201][info ][gc,heap     ] GC(143) Eden regions: 2730->0(3082)
[2025-10-13T23:33:42.625-0700][1201][info ][gc,heap     ] GC(143) Survivor regions: 236->215(371)
[2025-10-13T23:33:42.626-0700][1201][info ][gc,heap     ] GC(143) Old regions: 1030->1100
[2025-10-13T23:33:42.626-0700][1201][info ][gc,heap     ] GC(143) Humongous regions: 15->0
[2025-10-13T23:33:42.626-0700][1201][info ][gc,metaspace] GC(143) Metaspace: 309567K(315008K)->309567K(315008K) NonClass: 274085K(276992K)->274085K(276992K) Class: 35481K(38016K)->35481K(38016K)
[2025-10-13T23:33:42.626-0700][1201][info ][gc          ] GC(143) Pause Young (Normal) (G1 Evacuation Pause) 128314M->42061M(184320M) 201.749ms
[2025-10-13T23:33:42.627-0700][1201][info ][gc,cpu      ] GC(143) User=17.71s Sys=0.33s Real=0.20s
[2025-10-13T23:33:42.628-0700][1201][info ][safepoint   ] Safepoint "G1CollectForAllocation", Time since last: 1522261915 ns, Reaching safepoint: 956431 ns, Cleanup: 15013 ns, At safepoint: 205252286 ns, Total: 206223730 ns
[2025-10-13T23:33:43.629-0700][1201][info ][safepoint   ] Safepoint "Cleanup", Time since last: 1000081814 ns, Reaching safepoint: 704221 ns, Cleanup: 11688 ns, At safepoint: 192560 ns, Total: 908469 ns
[2025-10-13T23:33:44.630-0700][1201][info ][safepoint   ] Safepoint "Cleanup", Time since last: 1000107162 ns, Reaching safepoint: 716931 ns, Cleanup: 169154 ns, At safepoint: 153782 ns, Total: 1039867 ns
[2025-10-13T23:33:45.633-0700][1201][info ][safepoint   ] Safepoint "Cleanup", Time since last: 1000107403 ns, Reaching safepoint: 1031124 ns, Cleanup: 60711 ns, At safepoint: 1538809 ns, Total: 2630644 ns
[2025-10-13T23:33:46.635-0700][1201][info ][safepoint   ] Safepoint "Cleanup", Time since last: 1000114604 ns, Reaching safepoint: 855639 ns, Cleanup: 24697 ns, At safepoint: 746264 ns, Total: 1626600 ns
[2025-10-13T23:33:47.636-0700][1201][info ][safepoint   ] Safepoint "Cleanup", Time since last: 1000141415 ns, Reaching safepoint: 776289 ns, Cleanup: 32930 ns, At safepoint: 468786 ns, Total: 1278005 ns
[2025-10-13T23:33:48.637-0700][1201][info ][safepoint   ] Safepoint "Cleanup", Time since last: 1000106522 ns, Reaching safepoint: 695778 ns, Cleanup: 11968 ns, At safepoint: 536118 ns, Total: 1243864 ns
[2025-10-13T23:33:49.640-0700][1201][info ][safepoint   ] Safepoint "Cleanup", Time since last: 1000128915 ns, Reaching safepoint: 994439 ns, Cleanup: 15864 ns, At safepoint: 1562985 ns, Total: 2573288 ns
[2025-10-13T23:33:50.642-0700][1201][info ][safepoint   ] Safepoint "Cleanup", Time since last: 1000120282 ns, Reaching safepoint: 843952 ns, Cleanup: 11357 ns, At safepoint: 912274 ns, Total: 1767583 ns
[2025-10-13T23:33:50.820-0700][1201][info ][gc,start    ] GC(144) Pause Young (Normal) (G1 Evacuation Pause)
[2025-10-13T23:33:50.820-0700][1201][info ][gc,task     ] GC(144) Using 113 workers of 113 for evacuation
[2025-10-13T23:33:50.834-0700][1201][debug][gc,remset   ] GC(144) Visited cards 10196992 Total dirty 67567616 (15.09%) Total old 520945664 (1.96%)
[2025-10-13T23:33:51.027-0700][1201][info ][gc,mmu      ] GC(144) MMU target violated: 201.0ms (200.0ms/201.0ms)
[2025-10-13T23:33:51.027-0700][1201][info ][gc,phases   ] GC(144)   Pre Evacuate Collection Set: 0.9ms
[2025-10-13T23:33:51.027-0700][1201][info ][gc,phases   ] GC(144)   Merge Heap Roots: 12.7ms
[2025-10-13T23:33:51.027-0700][1201][info ][gc,phases   ] GC(144)   Evacuate Collection Set: 178.6ms
[2025-10-13T23:33:51.027-0700][1201][info ][gc,phases   ] GC(144)   Post Evacuate Collection Set: 14.1ms
[2025-10-13T23:33:51.027-0700][1201][info ][gc,phases   ] GC(144)   Other: 0.2ms
[2025-10-13T23:33:51.027-0700][1201][debug][gc,remset   ] GC(144) Coarsening (recent): Inline->AoC 28446 (0) AoC->Howl 99 (0) Howl->Full 0 (0) Inline->AoC 399 (0) AoC->BitMap 48 (0) BitMap->Full 0 (0) 
[2025-10-13T23:33:51.027-0700][1201][debug][gc,remset   ] GC(144) Coarsening (all): Inline->AoC 2572976 (108) AoC->Howl 49856 (376) Howl->Full 0 (0) Inline->AoC 231236 (130) AoC->BitMap 54601 (325) BitMap->Full 3 (0) 
[2025-10-13T23:33:51.027-0700][1201][info ][gc,heap     ] GC(144) Eden regions: 3200->0(1952)
[2025-10-13T23:33:51.027-0700][1201][info ][gc,heap     ] GC(144) Survivor regions: 215->283(427)
[2025-10-13T23:33:51.027-0700][1201][info ][gc,heap     ] GC(144) Old regions: 1100->1100
[2025-10-13T23:33:51.027-0700][1201][info ][gc,heap     ] GC(144) Humongous regions: 19->0
[2025-10-13T23:33:51.027-0700][1201][info ][gc,metaspace] GC(144) Metaspace: 309973K(315392K)->309973K(315392K) NonClass: 274437K(277312K)->274437K(277312K) Class: 35536K(38080K)->35536K(38080K)
[2025-10-13T23:33:51.027-0700][1201][info ][gc          ] GC(144) Pause Young (Normal) (G1 Evacuation Pause) 145069M->44224M(184320M) 206.643ms
[2025-10-13T23:33:51.028-0700][1201][info ][gc,cpu      ] GC(144) User=18.73s Sys=0.40s Real=0.20s
[2025-10-13T23:33:51.029-0700][1201][info ][safepoint   ] Safepoint "G1CollectForAllocation", Time since last: 176037627 ns, Reaching safepoint: 964213 ns, Cleanup: 4597 ns, At safepoint: 210221103 ns, Total: 211189913 ns
[2025-10-13T23:33:52.031-0700][1201][info ][safepoint   ] Safepoint "Cleanup", Time since last: 1000085580 ns, Reaching safepoint: 1596725 ns, Cleanup: 25829 ns, At safepoint: 248715 ns, Total: 1871269 ns
[2025-10-13T23:33:53.032-0700][1201][info ][safepoint   ] Safepoint "Cleanup", Time since last: 1000110468 ns, Reaching safepoint: 717991 ns, Cleanup: 13881 ns, At safepoint: 187082 ns, Total: 918954 ns
[2025-10-13T23:33:54.033-0700][1201][info ][safepoint   ] Safepoint "Cleanup", Time since last: 1000107473 ns, Reaching safepoint: 787447 ns, Cleanup: 14612 ns, At safepoint: 160411 ns, Total: 962470 ns
[2025-10-13T23:33:56.034-0700][1201][info ][safepoint   ] Safepoint "Cleanup", Time since last: 2000090459 ns, Reaching safepoint: 845764 ns, Cleanup: 13841 ns, At safepoint: 303618 ns, Total: 1163223 ns
[2025-10-13T23:33:57.036-0700][1201][info ][safepoint   ] Safepoint "Cleanup", Time since last: 1000126341 ns, Reaching safepoint: 827497 ns, Cleanup: 15854 ns, At safepoint: 397118 ns, Total: 1240469 ns
[2025-10-13T23:33:57.996-0700][1201][info ][gc,start    ] GC(145) Pause Young (Normal) (G1 Evacuation Pause)
[2025-10-13T23:33:57.996-0700][1201][info ][gc,task     ] GC(145) Using 113 workers of 113 for evacuation
[2025-10-13T23:33:58.009-0700][1201][debug][gc,remset   ] GC(145) Visited cards 10210816 Total dirty 67567616 (15.11%) Total old 374800384 (2.72%)
[2025-10-13T23:33:58.196-0700][1201][info ][gc,mmu      ] GC(145) MMU target violated: 200.6ms (200.0ms/201.0ms)
[2025-10-13T23:33:58.196-0700][1201][info ][gc,phases   ] GC(145)   Pre Evacuate Collection Set: 0.7ms
[2025-10-13T23:33:58.196-0700][1201][info ][gc,phases   ] GC(145)   Merge Heap Roots: 12.2ms
[2025-10-13T23:33:58.196-0700][1201][info ][gc,phases   ] GC(145)   Evacuate Collection Set: 175.8ms
[2025-10-13T23:33:58.196-0700][1201][info ][gc,phases   ] GC(145)   Post Evacuate Collection Set: 11.8ms
[2025-10-13T23:33:58.196-0700][1201][info ][gc,phases   ] GC(145)   Other: 0.2ms
[2025-10-13T23:33:58.196-0700][1201][debug][gc,remset   ] GC(145) Coarsening (recent): Inline->AoC 23051 (0) AoC->Howl 87 (0) Howl->Full 0 (0) Inline->AoC 400 (0) AoC->BitMap 27 (0) BitMap->Full 0 (0) 
[2025-10-13T23:33:58.196-0700][1201][debug][gc,remset   ] GC(145) Coarsening (all): Inline->AoC 2596027 (108) AoC->Howl 49943 (376) Howl->Full 0 (0) Inline->AoC 231636 (130) AoC->BitMap 54628 (325) BitMap->Full 3 (0) 
[2025-10-13T23:33:58.196-0700][1201][info ][gc,heap     ] GC(145) Eden regions: 2019->0(3312)
[2025-10-13T23:33:58.197-0700][1201][info ][gc,heap     ] GC(145) Survivor regions: 283->144(288)
[2025-10-13T23:33:58.197-0700][1201][info ][gc,heap     ] GC(145) Old regions: 1100->1254
[2025-10-13T23:33:58.197-0700][1201][info ][gc,heap     ] GC(145) Humongous regions: 15->0
[2025-10-13T23:33:58.197-0700][1201][info ][gc,metaspace] GC(145) Metaspace: 310013K(315520K)->310013K(315520K) NonClass: 274473K(277376K)->274473K(277376K) Class: 35540K(38144K)->35540K(38144K)
[2025-10-13T23:33:58.197-0700][1201][info ][gc          ] GC(145) Pause Young (Normal) (G1 Evacuation Pause) 109312M->44697M(184320M) 200.799ms
[2025-10-13T23:33:58.198-0700][1201][info ][gc,cpu      ] GC(145) User=17.95s Sys=0.30s Real=0.20s
[2025-10-13T23:33:58.199-0700][1201][info ][safepoint   ] Safepoint "G1CollectForAllocation", Time since last: 956361508 ns, Reaching safepoint: 2312244 ns, Cleanup: 18979 ns, At safepoint: 204362936 ns, Total: 206694159 ns
[2025-10-13T23:34:05.200-0700][1201][info ][safepoint   ] Safepoint "Cleanup", Time since last: 7000454252 ns, Reaching safepoint: 816109 ns, Cleanup: 15614 ns, At safepoint: 282305 ns, Total: 1114028 ns
[2025-10-13T23:34:07.202-0700][1201][info ][safepoint   ] Safepoint "Cleanup", Time since last: 2000168466 ns, Reaching safepoint: 849590 ns, Cleanup: 16545 ns, At safepoint: 202345 ns, Total: 1068480 ns
[2025-10-13T23:34:09.203-0700][1201][info ][safepoint   ] Safepoint "Cleanup", Time since last: 2000163709 ns, Reaching safepoint: 811873 ns, Cleanup: 11498 ns, At safepoint: 182825 ns, Total: 1006196 ns
[2025-10-13T23:34:10.204-0700][1201][info ][safepoint   ] Safepoint "Cleanup", Time since last: 1000099721 ns, Reaching safepoint: 715348 ns, Cleanup: 32319 ns, At safepoint: 251208 ns, Total: 998875 ns
[2025-10-13T23:34:10.223-0700][1201][info ][gc,start    ] GC(146) Pause Young (Normal) (G1 Evacuation Pause)
[2025-10-13T23:34:10.224-0700][1201][info ][gc,task     ] GC(146) Using 113 workers of 113 for evacuation
[2025-10-13T23:34:10.237-0700][1201][debug][gc,remset   ] GC(146) Visited cards 10714112 Total dirty 76546048 (14.00%) Total old 536870912 (2.00%)
[2025-10-13T23:34:10.386-0700][1201][info ][gc,phases   ] GC(146)   Pre Evacuate Collection Set: 0.7ms
[2025-10-13T23:34:10.386-0700][1201][info ][gc,phases   ] GC(146)   Merge Heap Roots: 13.1ms
[2025-10-13T23:34:10.387-0700][1201][info ][gc,phases   ] GC(146)   Evacuate Collection Set: 134.2ms
[2025-10-13T23:34:10.387-0700][1201][info ][gc,phases   ] GC(146)   Post Evacuate Collection Set: 14.7ms
[2025-10-13T23:34:10.387-0700][1201][info ][gc,phases   ] GC(146)   Other: 0.2ms
[2025-10-13T23:34:10.387-0700][1201][debug][gc,remset   ] GC(146) Coarsening (recent): Inline->AoC 42399 (2) AoC->Howl 119 (1) Howl->Full 0 (0) Inline->AoC 392 (0) AoC->BitMap 69 (0) BitMap->Full 0 (0) 
[2025-10-13T23:34:10.387-0700][1201][debug][gc,remset   ] GC(146) Coarsening (all): Inline->AoC 2638426 (110) AoC->Howl 50062 (377) Howl->Full 0 (0) Inline->AoC 232028 (130) AoC->BitMap 54697 (325) BitMap->Full 3 (0) 
[2025-10-13T23:34:10.387-0700][1201][info ][gc,heap     ] GC(146) Eden regions: 3312->0(3270)
[2025-10-13T23:34:10.387-0700][1201][info ][gc,heap     ] GC(146) Survivor regions: 144->186(432)
[2025-10-13T23:34:10.387-0700][1201][info ][gc,heap     ] GC(146) Old regions: 1254->1254
[2025-10-13T23:34:10.387-0700][1201][info ][gc,heap     ] GC(146) Humongous regions: 26->0
[2025-10-13T23:34:10.387-0700][1201][info ][gc,metaspace] GC(146) Metaspace: 310059K(315584K)->310059K(315584K) NonClass: 274513K(277440K)->274513K(277440K) Class: 35546K(38144K)->35546K(38144K)
[2025-10-13T23:34:10.387-0700][1201][info ][gc          ] GC(146) Pause Young (Normal) (G1 Evacuation Pause) 151513M->46035M(184320M) 163.113ms
[2025-10-13T23:34:10.388-0700][1201][info ][gc,cpu      ] GC(146) User=13.58s Sys=0.29s Real=0.16s
[2025-10-13T23:34:10.389-0700][1201][info ][safepoint   ] Safepoint "G1CollectForAllocation", Time since last: 17610756 ns, Reaching safepoint: 741427 ns, Cleanup: 4717 ns, At safepoint: 166547457 ns, Total: 167293601 ns
[2025-10-13T23:34:11.390-0700][1201][info ][safepoint   ] Safepoint "Cleanup", Time since last: 1000084228 ns, Reaching safepoint: 1145406 ns, Cleanup: 15663 ns, At safepoint: 207753 ns, Total: 1368822 ns
[2025-10-13T23:34:12.392-0700][1201][info ][safepoint   ] Safepoint "Cleanup", Time since last: 1000103567 ns, Reaching safepoint: 910021 ns, Cleanup: 15854 ns, At safepoint: 272621 ns, Total: 1198496 ns
[2025-10-13T23:34:15.393-0700][1201][info ][safepoint   ] Safepoint "Cleanup", Time since last: 3000218951 ns, Reaching safepoint: 1223343 ns, Cleanup: 12739 ns, At safepoint: 190337 ns, Total: 1426419 ns
[2025-10-13T23:34:16.395-0700][1201][info ][safepoint   ] Safepoint "Cleanup", Time since last: 1000103086 ns, Reaching safepoint: 814737 ns, Cleanup: 15724 ns, At safepoint: 923401 ns, Total: 1753862 ns
[2025-10-13T23:34:17.397-0700][1201][info ][safepoint   ] Safepoint "Cleanup", Time since last: 1000112841 ns, Reaching safepoint: 840436 ns, Cleanup: 12459 ns, At safepoint: 468856 ns, Total: 1321751 ns
[2025-10-13T23:34:18.399-0700][1201][info ][safepoint   ] Safepoint "Cleanup", Time since last: 1000109646 ns, Reaching safepoint: 1004754 ns, Cleanup: 18898 ns, At safepoint: 1189993 ns, Total: 2213645 ns
[2025-10-13T23:34:19.401-0700][1201][info ][safepoint   ] Safepoint "Cleanup", Time since last: 1000111238 ns, Reaching safepoint: 1033508 ns, Cleanup: 12158 ns, At safepoint: 825394 ns, Total: 1871060 ns
[2025-10-13T23:34:20.403-0700][1201][info ][safepoint   ] Safepoint "Cleanup", Time since last: 1000114623 ns, Reaching safepoint: 957072 ns, Cleanup: 23415 ns, At safepoint: 1029852 ns, Total: 2010339 ns
[2025-10-13T23:34:20.408-0700][1201][info ][gc,start    ] GC(147) Pause Young (Normal) (G1 Evacuation Pause)
[2025-10-13T23:34:20.409-0700][1201][info ][gc,task     ] GC(147) Using 113 workers of 113 for evacuation
[2025-10-13T23:34:20.424-0700][1201][debug][gc,remset   ] GC(147) Visited cards 10690304 Total dirty 76546048 (13.97%) Total old 536412160 (1.99%)
[2025-10-13T23:34:20.625-0700][1201][info ][gc,mmu      ] GC(147) MMU target violated: 201.0ms (200.0ms/201.0ms)
[2025-10-13T23:34:20.625-0700][1201][info ][gc,phases   ] GC(147)   Pre Evacuate Collection Set: 0.8ms
[2025-10-13T23:34:20.625-0700][1201][info ][gc,phases   ] GC(147)   Merge Heap Roots: 14.5ms
[2025-10-13T23:34:20.625-0700][1201][info ][gc,phases   ] GC(147)   Evacuate Collection Set: 185.3ms
[2025-10-13T23:34:20.626-0700][1201][info ][gc,phases   ] GC(147)   Post Evacuate Collection Set: 16.1ms
[2025-10-13T23:34:20.626-0700][1201][info ][gc,phases   ] GC(147)   Other: 0.2ms
[2025-10-13T23:34:20.626-0700][1201][debug][gc,remset   ] GC(147) Coarsening (recent): Inline->AoC 37584 (1) AoC->Howl 65 (1) Howl->Full 0 (0) Inline->AoC 300 (0) AoC->BitMap 22 (0) BitMap->Full 0 (0) 
[2025-10-13T23:34:20.626-0700][1201][debug][gc,remset   ] GC(147) Coarsening (all): Inline->AoC 2676010 (111) AoC->Howl 50127 (378) Howl->Full 0 (0) Inline->AoC 232328 (130) AoC->BitMap 54719 (325) BitMap->Full 3 (0) 
[2025-10-13T23:34:20.626-0700][1201][info ][gc,heap     ] GC(147) Eden regions: 3270->0(1564)
[2025-10-13T23:34:20.626-0700][1201][info ][gc,heap     ] GC(147) Survivor regions: 186->274(432)
[2025-10-13T23:34:20.626-0700][1201][info ][gc,heap     ] GC(147) Old regions: 1254->1254
[2025-10-13T23:34:20.626-0700][1201][info ][gc,heap     ] GC(147) Humongous regions: 19->0
[2025-10-13T23:34:20.626-0700][1201][info ][gc,metaspace] GC(147) Metaspace: 310090K(315584K)->310090K(315584K) NonClass: 274544K(277440K)->274544K(277440K) Class: 35546K(38144K)->35546K(38144K)
[2025-10-13T23:34:20.626-0700][1201][info ][gc          ] GC(147) Pause Young (Normal) (G1 Evacuation Pause) 151283M->48875M(184320M) 217.090ms
[2025-10-13T23:34:20.627-0700][1201][info ][gc,cpu      ] GC(147) User=18.85s Sys=0.29s Real=0.21s
[2025-10-13T23:34:20.628-0700][1201][info ][safepoint   ] Safepoint "G1CollectForAllocation", Time since last: 3201334 ns, Reaching safepoint: 1124203 ns, Cleanup: 4898 ns, At safepoint: 220580332 ns, Total: 221709433 ns
[2025-10-13T23:34:21.630-0700][1201][info ][safepoint   ] Safepoint "Cleanup", Time since last: 1000097877 ns, Reaching safepoint: 1373860 ns, Cleanup: 16756 ns, At safepoint: 805944 ns, Total: 2196560 ns
[2025-10-13T23:34:22.632-0700][1201][info ][safepoint   ] Safepoint "Cleanup", Time since last: 1000089005 ns, Reaching safepoint: 848658 ns, Cleanup: 23255 ns, At safepoint: 377439 ns, Total: 1249352 ns
[2025-10-13T23:34:23.633-0700][1201][info ][safepoint   ] Safepoint "Cleanup", Time since last: 1000112210 ns, Reaching safepoint: 898003 ns, Cleanup: 9824 ns, At safepoint: 697682 ns, Total: 1605509 ns
[2025-10-13T23:34:24.569-0700][1201][info ][gc,start    ] GC(148) Pause Young (Normal) (G1 Evacuation Pause)
[2025-10-13T23:34:24.569-0700][1201][info ][gc,task     ] GC(148) Using 113 workers of 113 for evacuation
[2025-10-13T23:34:24.583-0700][1201][debug][gc,remset   ] GC(148) Visited cards 10572800 Total dirty 76546048 (13.81%) Total old 345636864 (3.06%)
[2025-10-13T23:34:24.751-0700][1201][info ][gc,phases   ] GC(148)   Pre Evacuate Collection Set: 0.7ms
[2025-10-13T23:34:24.751-0700][1201][info ][gc,phases   ] GC(148)   Merge Heap Roots: 12.7ms
[2025-10-13T23:34:24.751-0700][1201][info ][gc,phases   ] GC(148)   Evacuate Collection Set: 156.8ms
[2025-10-13T23:34:24.751-0700][1201][info ][gc,phases   ] GC(148)   Post Evacuate Collection Set: 11.3ms
[2025-10-13T23:34:24.751-0700][1201][info ][gc,phases   ] GC(148)   Other: 0.1ms
[2025-10-13T23:34:24.751-0700][1201][debug][gc,remset   ] GC(148) Coarsening (recent): Inline->AoC 21446 (0) AoC->Howl 131 (0) Howl->Full 0 (0) Inline->AoC 529 (0) AoC->BitMap 73 (0) BitMap->Full 0 (0) 
[2025-10-13T23:34:24.751-0700][1201][debug][gc,remset   ] GC(148) Coarsening (all): Inline->AoC 2697456 (111) AoC->Howl 50258 (378) Howl->Full 0 (0) Inline->AoC 232857 (130) AoC->BitMap 54792 (325) BitMap->Full 3 (0) 
[2025-10-13T23:34:24.751-0700][1201][info ][gc,heap     ] GC(148) Eden regions: 1735->0(3307)
[2025-10-13T23:34:24.751-0700][1201][info ][gc,heap     ] GC(148) Survivor regions: 274->149(252)
[2025-10-13T23:34:24.751-0700][1201][info ][gc,heap     ] GC(148) Old regions: 1254->1386
[2025-10-13T23:34:24.751-0700][1201][info ][gc,heap     ] GC(148) Humongous regions: 2->0
[2025-10-13T23:34:24.751-0700][1201][info ][gc,metaspace] GC(148) Metaspace: 310127K(315712K)->310127K(315712K) NonClass: 274577K(277568K)->274577K(277568K) Class: 35550K(38144K)->35550K(38144K)
[2025-10-13T23:34:24.751-0700][1201][info ][gc          ] GC(148) Pause Young (Normal) (G1 Evacuation Pause) 104459M->49089M(184320M) 181.750ms
[2025-10-13T23:34:24.752-0700][1201][info ][gc,cpu      ] GC(148) User=17.03s Sys=0.20s Real=0.18s
[2025-10-13T23:34:24.753-0700][1201][info ][safepoint   ] Safepoint "G1CollectForAllocation", Time since last: 933985893 ns, Reaching safepoint: 840276 ns, Cleanup: 7100 ns, At safepoint: 185182536 ns, Total: 186029912 ns
[2025-10-13T23:34:24.897-0700][1201][info ][gc,start    ] GC(149) Pause Young (Concurrent Start) (G1 Humongous Allocation)
[2025-10-13T23:34:24.897-0700][1201][info ][gc,task     ] GC(149) Using 113 workers of 113 for evacuation
[2025-10-13T23:34:24.906-0700][1201][debug][gc,remset   ] GC(149) Visited cards 9739776 Total dirty 82771968 (11.77%) Total old 123863040 (7.86%)
[2025-10-13T23:34:25.010-0700][1201][info ][gc,phases   ] GC(149)   Pre Evacuate Collection Set: 0.9ms
[2025-10-13T23:34:25.010-0700][1201][info ][gc,phases   ] GC(149)   Merge Heap Roots: 8.7ms
[2025-10-13T23:34:25.010-0700][1201][info ][gc,phases   ] GC(149)   Evacuate Collection Set: 95.9ms
[2025-10-13T23:34:25.010-0700][1201][info ][gc,phases   ] GC(149)   Post Evacuate Collection Set: 7.5ms
[2025-10-13T23:34:25.010-0700][1201][info ][gc,phases   ] GC(149)   Other: 0.1ms
[2025-10-13T23:34:25.010-0700][1201][debug][gc,remset   ] GC(149) Coarsening (recent): Inline->AoC 0 (0) AoC->Howl 0 (0) Howl->Full 0 (0) Inline->AoC 0 (0) AoC->BitMap 0 (0) BitMap->Full 0 (0) 
[2025-10-13T23:34:25.010-0700][1201][debug][gc,remset   ] GC(149) Coarsening (all): Inline->AoC 2697456 (111) AoC->Howl 50258 (378) Howl->Full 0 (0) Inline->AoC 232857 (130) AoC->BitMap 54792 (325) BitMap->Full 3 (0) 
[2025-10-13T23:34:25.010-0700][1201][info ][gc,heap     ] GC(149) Eden regions: 103->0(2449)
[2025-10-13T23:34:25.010-0700][1201][info ][gc,heap     ] GC(149) Survivor regions: 149->144(432)
[2025-10-13T23:34:25.010-0700][1201][info ][gc,heap     ] GC(149) Old regions: 1386->1386
[2025-10-13T23:34:25.010-0700][1201][info ][gc,heap     ] GC(149) Humongous regions: 0->0
[2025-10-13T23:34:25.010-0700][1201][info ][gc,metaspace] GC(149) Metaspace: 310127K(315712K)->310127K(315712K) NonClass: 274577K(277568K)->274577K(277568K) Class: 35550K(38144K)->35550K(38144K)
[2025-10-13T23:34:25.010-0700][1201][info ][gc          ] GC(149) Pause Young (Concurrent Start) (G1 Humongous Allocation) 52367M->48912M(184320M) 113.292ms
[2025-10-13T23:34:25.010-0700][1084][info ][gc          ] GC(150) Concurrent Mark Cycle
[2025-10-13T23:34:25.010-0700][1084][info ][gc,marking  ] GC(150) Concurrent Scan Root Regions
[2025-10-13T23:34:25.011-0700][1201][info ][gc,cpu      ] GC(149) User=7.82s Sys=0.04s Real=0.12s
[2025-10-13T23:34:25.013-0700][1201][info ][safepoint   ] Safepoint "G1TryInitiateConcMark", Time since last: 141466647 ns, Reaching safepoint: 716930 ns, Cleanup: 4406 ns, At safepoint: 117471031 ns, Total: 118192367 ns
[2025-10-13T23:34:25.062-0700][1084][info ][gc,marking  ] GC(150) Concurrent Scan Root Regions 51.841ms
[2025-10-13T23:34:25.062-0700][1084][info ][gc,marking  ] GC(150) Concurrent Mark
[2025-10-13T23:34:25.062-0700][1084][info ][gc,marking  ] GC(150) Concurrent Mark From Roots
[2025-10-13T23:34:25.062-0700][1084][info ][gc,task     ] GC(150) Using 36 workers of 36 for marking
[2025-10-13T23:34:25.354-0700][1084][info ][gc,marking  ] GC(150) Concurrent Mark From Roots 291.684ms
[2025-10-13T23:34:25.354-0700][1084][info ][gc,marking  ] GC(150) Concurrent Preclean
[2025-10-13T23:34:25.387-0700][1084][info ][gc,marking  ] GC(150) Concurrent Preclean 32.800ms
[2025-10-13T23:34:25.389-0700][1201][info ][gc,start    ] GC(150) Pause Remark
[2025-10-13T23:34:25.677-0700][1201][info ][gc,mmu      ] GC(150) MMU target violated: 201.0ms (200.0ms/201.0ms)
[2025-10-13T23:34:25.677-0700][1201][info ][gc          ] GC(150) Pause Remark 54443M->53227M(184320M) 288.176ms
[2025-10-13T23:34:25.678-0700][1201][info ][gc,cpu      ] GC(150) User=14.18s Sys=0.11s Real=0.28s
[2025-10-13T23:34:25.679-0700][1201][info ][safepoint   ] Safepoint "G1PauseRemark", Time since last: 373739075 ns, Reaching safepoint: 771272 ns, Cleanup: 14713 ns, At safepoint: 291789837 ns, Total: 292575822 ns
[2025-10-13T23:34:25.680-0700][1084][info ][gc,marking  ] GC(150) Concurrent Mark 617.719ms
[2025-10-13T23:34:25.680-0700][1084][info ][gc,marking  ] GC(150) Concurrent Rebuild Remembered Sets and Scrub Regions
[2025-10-13T23:34:26.246-0700][1084][info ][gc,marking  ] GC(150) Concurrent Rebuild Remembered Sets and Scrub Regions 565.726ms
[2025-10-13T23:34:26.248-0700][1201][info ][gc,start    ] GC(150) Pause Cleanup
[2025-10-13T23:34:26.250-0700][1201][info ][gc          ] GC(150) Pause Cleanup 61634M->61634M(184320M) 2.185ms
[2025-10-13T23:34:26.251-0700][1201][info ][gc,cpu      ] GC(150) User=0.00s Sys=0.01s Real=0.01s
[2025-10-13T23:34:26.252-0700][1201][info ][safepoint   ] Safepoint "G1PauseCleanup", Time since last: 566391496 ns, Reaching safepoint: 836871 ns, Cleanup: 113682 ns, At safepoint: 5153134 ns, Total: 6103687 ns
[2025-10-13T23:34:26.252-0700][1084][info ][gc,marking  ] GC(150) Concurrent Clear Claimed Marks
[2025-10-13T23:34:26.253-0700][1084][info ][gc,marking  ] GC(150) Concurrent Clear Claimed Marks 0.981ms
[2025-10-13T23:34:26.253-0700][1084][info ][gc,marking  ] GC(150) Concurrent Cleanup for Next Mark
[2025-10-13T23:34:26.284-0700][1084][info ][gc,marking  ] GC(150) Concurrent Cleanup for Next Mark 30.893ms
[2025-10-13T23:34:26.284-0700][1084][info ][gc          ] GC(150) Concurrent Mark Cycle 1273.749ms
[2025-10-13T23:34:27.253-0700][1201][info ][safepoint   ] Safepoint "Cleanup", Time since last: 1000067562 ns, Reaching safepoint: 765343 ns, Cleanup: 15083 ns, At safepoint: 411640 ns, Total: 1192066 ns
[2025-10-13T23:34:28.264-0700][1201][info ][safepoint   ] Safepoint "Cleanup", Time since last: 1000117598 ns, Reaching safepoint: 8429271 ns, Cleanup: 20361 ns, At safepoint: 2361468 ns, Total: 10811100 ns
[2025-10-13T23:34:29.266-0700][1201][info ][safepoint   ] Safepoint "Cleanup", Time since last: 1000122324 ns, Reaching safepoint: 956241 ns, Cleanup: 41082 ns, At safepoint: 1224305 ns, Total: 2221628 ns
[2025-10-13T23:34:30.269-0700][1201][info ][safepoint   ] Safepoint "Cleanup", Time since last: 1000197558 ns, Reaching safepoint: 1068119 ns, Cleanup: 19049 ns, At safepoint: 1061089 ns, Total: 2148257 ns
[2025-10-13T23:34:30.435-0700][1201][info ][gc,start    ] GC(151) Pause Young (Prepare Mixed) (G1 Evacuation Pause)
[2025-10-13T23:34:30.435-0700][1201][info ][gc,task     ] GC(151) Using 113 workers of 113 for evacuation
[2025-10-13T23:34:30.450-0700][1201][debug][gc,remset   ] GC(151) Visited cards 10671616 Total dirty 83165184 (12.83%) Total old 398655488 (2.68%)
[2025-10-13T23:34:30.581-0700][1201][info ][gc,phases   ] GC(151)   Pre Evacuate Collection Set: 0.8ms
[2025-10-13T23:34:30.581-0700][1201][info ][gc,phases   ] GC(151)   Merge Heap Roots: 14.2ms
[2025-10-13T23:34:30.581-0700][1201][info ][gc,phases   ] GC(151)   Evacuate Collection Set: 118.3ms
[2025-10-13T23:34:30.581-0700][1201][info ][gc,phases   ] GC(151)   Post Evacuate Collection Set: 12.6ms
[2025-10-13T23:34:30.581-0700][1201][info ][gc,phases   ] GC(151)   Other: 0.2ms
[2025-10-13T23:34:30.581-0700][1201][debug][gc,remset   ] GC(151) Coarsening (recent): Inline->AoC 171413 (1) AoC->Howl 8205 (6) Howl->Full 0 (0) Inline->AoC 29926 (1) AoC->BitMap 9951 (2) BitMap->Full 0 (0) 
[2025-10-13T23:34:30.581-0700][1201][debug][gc,remset   ] GC(151) Coarsening (all): Inline->AoC 2868869 (112) AoC->Howl 58463 (384) Howl->Full 0 (0) Inline->AoC 262783 (131) AoC->BitMap 64743 (327) BitMap->Full 3 (0) 
[2025-10-13T23:34:30.581-0700][1201][info ][gc,heap     ] GC(151) Eden regions: 2216->0(2201)
[2025-10-13T23:34:30.581-0700][1201][info ][gc,heap     ] GC(151) Survivor regions: 144->171(295)
[2025-10-13T23:34:30.581-0700][1201][info ][gc,heap     ] GC(151) Old regions: 1348->1348
[2025-10-13T23:34:30.581-0700][1201][info ][gc,heap     ] GC(151) Humongous regions: 15->0
[2025-10-13T23:34:30.581-0700][1201][info ][gc,metaspace] GC(151) Metaspace: 310149K(315712K)->310149K(315712K) NonClass: 274600K(277568K)->274600K(277568K) Class: 35548K(38144K)->35548K(38144K)
[2025-10-13T23:34:30.581-0700][1201][info ][gc          ] GC(151) Pause Young (Prepare Mixed) (G1 Evacuation Pause) 119088M->48559M(184320M) 146.335ms
[2025-10-13T23:34:30.582-0700][1201][info ][gc,cpu      ] GC(151) User=11.61s Sys=0.15s Real=0.15s
[2025-10-13T23:34:30.584-0700][1201][info ][safepoint   ] Safepoint "G1CollectForAllocation", Time since last: 164142153 ns, Reaching safepoint: 870972 ns, Cleanup: 5058 ns, At safepoint: 149963879 ns, Total: 150839909 ns
[2025-10-13T23:34:31.585-0700][1201][info ][safepoint   ] Safepoint "Cleanup", Time since last: 1000088995 ns, Reaching safepoint: 1242222 ns, Cleanup: 21222 ns, At safepoint: 224728 ns, Total: 1488172 ns
[2025-10-13T23:34:32.587-0700][1201][info ][safepoint   ] Safepoint "Cleanup", Time since last: 1000112009 ns, Reaching safepoint: 926336 ns, Cleanup: 15844 ns, At safepoint: 463138 ns, Total: 1405318 ns
[2025-10-13T23:34:34.588-0700][1201][info ][safepoint   ] Safepoint "Cleanup", Time since last: 2000174263 ns, Reaching safepoint: 861949 ns, Cleanup: 15684 ns, At safepoint: 371439 ns, Total: 1249072 ns
[2025-10-13T23:34:35.598-0700][1201][info ][gc,start    ] GC(152) Pause Young (Mixed) (G1 Evacuation Pause)
[2025-10-13T23:34:35.598-0700][1201][info ][gc,task     ] GC(152) Using 113 workers of 113 for evacuation
[2025-10-13T23:34:35.612-0700][1201][debug][gc,remset   ] GC(152) Visited cards 10613504 Total dirty 78774272 (13.47%) Total old 472776704 (2.24%)
[2025-10-13T23:34:35.769-0700][1201][info ][gc,phases   ] GC(152)   Pre Evacuate Collection Set: 0.8ms
[2025-10-13T23:34:35.769-0700][1201][info ][gc,phases   ] GC(152)   Merge Heap Roots: 13.0ms
[2025-10-13T23:34:35.769-0700][1201][info ][gc,phases   ] GC(152)   Evacuate Collection Set: 144.6ms
[2025-10-13T23:34:35.769-0700][1201][info ][gc,phases   ] GC(152)   Post Evacuate Collection Set: 13.1ms
[2025-10-13T23:34:35.769-0700][1201][info ][gc,phases   ] GC(152)   Other: 0.2ms
[2025-10-13T23:34:35.769-0700][1201][debug][gc,remset   ] GC(152) Coarsening (recent): Inline->AoC 13516 (3) AoC->Howl 55 (8) Howl->Full 0 (0) Inline->AoC 213 (0) AoC->BitMap 14 (1) BitMap->Full 0 (0) 
[2025-10-13T23:34:35.769-0700][1201][debug][gc,remset   ] GC(152) Coarsening (all): Inline->AoC 2882385 (115) AoC->Howl 58518 (392) Howl->Full 0 (0) Inline->AoC 262996 (131) AoC->BitMap 64757 (328) BitMap->Full 3 (0) 
[2025-10-13T23:34:35.769-0700][1201][info ][gc,heap     ] GC(152) Eden regions: 2708->0(1955)
[2025-10-13T23:34:35.769-0700][1201][info ][gc,heap     ] GC(152) Survivor regions: 171->211(360)
[2025-10-13T23:34:35.769-0700][1201][info ][gc,heap     ] GC(152) Old regions: 1348->1252
[2025-10-13T23:34:35.769-0700][1201][info ][gc,heap     ] GC(152) Humongous regions: 11->0
[2025-10-13T23:34:35.769-0700][1201][info ][gc,metaspace] GC(152) Metaspace: 310161K(315712K)->310161K(315712K) NonClass: 274612K(277568K)->274612K(277568K) Class: 35549K(38144K)->35549K(38144K)
[2025-10-13T23:34:35.769-0700][1201][info ][gc          ] GC(152) Pause Young (Mixed) (G1 Evacuation Pause) 135567M->46783M(184320M) 171.913ms
[2025-10-13T23:34:35.771-0700][1201][info ][gc,cpu      ] GC(152) User=14.14s Sys=0.07s Real=0.18s
[2025-10-13T23:34:35.772-0700][1201][info ][safepoint   ] Safepoint "G1CollectForAllocation", Time since last: 1007389505 ns, Reaching safepoint: 914047 ns, Cleanup: 6510 ns, At safepoint: 175481248 ns, Total: 176401805 ns
[2025-10-13T23:34:36.774-0700][1201][info ][safepoint   ] Safepoint "Cleanup", Time since last: 1000095454 ns, Reaching safepoint: 988520 ns, Cleanup: 21382 ns, At safepoint: 564150 ns, Total: 1574052 ns
[2025-10-13T23:34:37.775-0700][1201][info ][safepoint   ] Safepoint "Cleanup", Time since last: 1000116005 ns, Reaching safepoint: 850111 ns, Cleanup: 16365 ns, At safepoint: 353412 ns, Total: 1219888 ns
[2025-10-13T23:34:38.776-0700][1201][info ][safepoint   ] Safepoint "Cleanup", Time since last: 1000110387 ns, Reaching safepoint: 862450 ns, Cleanup: 19439 ns, At safepoint: 531311 ns, Total: 1413200 ns
[2025-10-13T23:34:40.750-0700][1201][info ][gc,start    ] GC(153) Pause Young (Mixed) (G1 Evacuation Pause)
[2025-10-13T23:34:40.750-0700][1201][info ][gc,task     ] GC(153) Using 113 workers of 113 for evacuation
[2025-10-13T23:34:40.764-0700][1201][debug][gc,remset   ] GC(153) Visited cards 11045632 Total dirty 73859072 (14.96%) Total old 433979392 (2.55%)
[2025-10-13T23:34:40.936-0700][1201][info ][gc,phases   ] GC(153)   Pre Evacuate Collection Set: 0.8ms
[2025-10-13T23:34:40.936-0700][1201][info ][gc,phases   ] GC(153)   Merge Heap Roots: 13.4ms
[2025-10-13T23:34:40.936-0700][1201][info ][gc,phases   ] GC(153)   Evacuate Collection Set: 157.6ms
[2025-10-13T23:34:40.936-0700][1201][info ][gc,phases   ] GC(153)   Post Evacuate Collection Set: 14.2ms
[2025-10-13T23:34:40.936-0700][1201][info ][gc,phases   ] GC(153)   Other: 0.2ms
[2025-10-13T23:34:40.936-0700][1201][debug][gc,remset   ] GC(153) Coarsening (recent): Inline->AoC 17056 (11) AoC->Howl 119 (13) Howl->Full 0 (0) Inline->AoC 526 (1) AoC->BitMap 45 (8) BitMap->Full 0 (0) 
[2025-10-13T23:34:40.936-0700][1201][debug][gc,remset   ] GC(153) Coarsening (all): Inline->AoC 2899441 (126) AoC->Howl 58637 (405) Howl->Full 0 (0) Inline->AoC 263522 (132) AoC->BitMap 64802 (336) BitMap->Full 3 (0) 
[2025-10-13T23:34:40.936-0700][1201][info ][gc,heap     ] GC(153) Eden regions: 2421->0(2375)
[2025-10-13T23:34:40.936-0700][1201][info ][gc,heap     ] GC(153) Survivor regions: 211->193(329)
[2025-10-13T23:34:40.936-0700][1201][info ][gc,heap     ] GC(153) Old regions: 1252->1213
[2025-10-13T23:34:40.936-0700][1201][info ][gc,heap     ] GC(153) Humongous regions: 9->0
[2025-10-13T23:34:40.936-0700][1201][info ][gc,metaspace] GC(153) Metaspace: 310256K(315776K)->310256K(315776K) NonClass: 274697K(277632K)->274697K(277632K) Class: 35559K(38144K)->35559K(38144K)
[2025-10-13T23:34:40.936-0700][1201][info ][gc          ] GC(153) Pause Young (Mixed) (G1 Evacuation Pause) 124543M->44939M(184320M) 186.334ms
[2025-10-13T23:34:40.937-0700][1201][info ][gc,cpu      ] GC(153) User=16.32s Sys=0.12s Real=0.18s
[2025-10-13T23:34:40.938-0700][1201][info ][safepoint   ] Safepoint "G1CollectForAllocation", Time since last: 1971310212 ns, Reaching safepoint: 853075 ns, Cleanup: 11157 ns, At safepoint: 189864350 ns, Total: 190728582 ns
[2025-10-13T23:34:42.940-0700][1201][info ][safepoint   ] Safepoint "Cleanup", Time since last: 2000141885 ns, Reaching safepoint: 1264154 ns, Cleanup: 33170 ns, At safepoint: 370368 ns, Total: 1667692 ns
[2025-10-13T23:34:43.941-0700][1201][info ][safepoint   ] Safepoint "Cleanup", Time since last: 1000104478 ns, Reaching safepoint: 693195 ns, Cleanup: 13941 ns, At safepoint: 174803 ns, Total: 881939 ns
[2025-10-13T23:34:44.942-0700][1201][info ][safepoint   ] Safepoint "Cleanup", Time since last: 1000098849 ns, Reaching safepoint: 689760 ns, Cleanup: 32949 ns, At safepoint: 203146 ns, Total: 925855 ns
[2025-10-13T23:34:45.944-0700][1201][info ][safepoint   ] Safepoint "Cleanup", Time since last: 1000109386 ns, Reaching safepoint: 794096 ns, Cleanup: 22454 ns, At safepoint: 725603 ns, Total: 1542153 ns
[2025-10-13T23:34:46.946-0700][1201][info ][safepoint   ] Safepoint "Cleanup", Time since last: 1000117558 ns, Reaching safepoint: 1035430 ns, Cleanup: 13801 ns, At safepoint: 949170 ns, Total: 1998401 ns
[2025-10-13T23:34:47.948-0700][1201][info ][safepoint   ] Safepoint "Cleanup", Time since last: 1000119250 ns, Reaching safepoint: 755639 ns, Cleanup: 27341 ns, At safepoint: 646213 ns, Total: 1429193 ns
[2025-10-13T23:34:48.228-0700][1201][info ][gc,start    ] GC(154) Pause Young (Mixed) (G1 Evacuation Pause)
[2025-10-13T23:34:48.228-0700][1201][info ][gc,task     ] GC(154) Using 113 workers of 113 for evacuation
[2025-10-13T23:34:48.242-0700][1201][debug][gc,remset   ] GC(154) Visited cards 12122880 Total dirty 73596928 (16.47%) Total old 470482944 (2.58%)
[2025-10-13T23:34:48.398-0700][1201][info ][gc,phases   ] GC(154)   Pre Evacuate Collection Set: 0.7ms
[2025-10-13T23:34:48.398-0700][1201][info ][gc,phases   ] GC(154)   Merge Heap Roots: 13.7ms
[2025-10-13T23:34:48.398-0700][1201][info ][gc,phases   ] GC(154)   Evacuate Collection Set: 140.9ms
[2025-10-13T23:34:48.398-0700][1201][info ][gc,phases   ] GC(154)   Post Evacuate Collection Set: 15.3ms
[2025-10-13T23:34:48.398-0700][1201][info ][gc,phases   ] GC(154)   Other: 0.2ms
[2025-10-13T23:34:48.398-0700][1201][debug][gc,remset   ] GC(154) Coarsening (recent): Inline->AoC 20217 (8) AoC->Howl 380 (35) Howl->Full 0 (0) Inline->AoC 1201 (10) AoC->BitMap 299 (27) BitMap->Full 0 (0) 
[2025-10-13T23:34:48.398-0700][1201][debug][gc,remset   ] GC(154) Coarsening (all): Inline->AoC 2919658 (134) AoC->Howl 59017 (440) Howl->Full 0 (0) Inline->AoC 264723 (142) AoC->BitMap 65101 (363) BitMap->Full 3 (0) 
[2025-10-13T23:34:48.398-0700][1201][info ][gc,heap     ] GC(154) Eden regions: 2733->0(2092)
[2025-10-13T23:34:48.398-0700][1201][info ][gc,heap     ] GC(154) Survivor regions: 193->224(366)
[2025-10-13T23:34:48.398-0700][1201][info ][gc,heap     ] GC(154) Old regions: 1213->1126
[2025-10-13T23:34:48.398-0700][1201][info ][gc,heap     ] GC(154) Humongous regions: 17->0
[2025-10-13T23:34:48.398-0700][1201][info ][gc,metaspace] GC(154) Metaspace: 310392K(315904K)->310392K(315904K) NonClass: 274821K(277760K)->274821K(277760K) Class: 35570K(38144K)->35570K(38144K)
[2025-10-13T23:34:48.398-0700][1201][info ][gc          ] GC(154) Pause Young (Mixed) (G1 Evacuation Pause) 132939M->43183M(184320M) 170.937ms
[2025-10-13T23:34:48.400-0700][1201][info ][gc,cpu      ] GC(154) User=15.71s Sys=0.02s Real=0.18s
[2025-10-13T23:34:48.401-0700][1201][info ][safepoint   ] Safepoint "G1CollectForAllocation", Time since last: 278109925 ns, Reaching safepoint: 693025 ns, Cleanup: 4727 ns, At safepoint: 174290264 ns, Total: 174988016 ns
[2025-10-13T23:34:49.402-0700][1201][info ][safepoint   ] Safepoint "Cleanup", Time since last: 1000086871 ns, Reaching safepoint: 951954 ns, Cleanup: 13140 ns, At safepoint: 288805 ns, Total: 1253899 ns
[2025-10-13T23:34:50.403-0700][1201][info ][safepoint   ] Safepoint "Cleanup", Time since last: 1000119320 ns, Reaching safepoint: 879726 ns, Cleanup: 10816 ns, At safepoint: 285761 ns, Total: 1176303 ns
[2025-10-13T23:34:52.404-0700][1201][info ][safepoint   ] Safepoint "Cleanup", Time since last: 2000162936 ns, Reaching safepoint: 697932 ns, Cleanup: 19920 ns, At safepoint: 86891 ns, Total: 804743 ns
[2025-10-13T23:34:53.405-0700][1201][info ][safepoint   ] Safepoint "Cleanup", Time since last: 1000079660 ns, Reaching safepoint: 832995 ns, Cleanup: 10836 ns, At safepoint: 264138 ns, Total: 1107969 ns
[2025-10-13T23:34:54.407-0700][1201][info ][safepoint   ] Safepoint "Cleanup", Time since last: 1000125800 ns, Reaching safepoint: 1007839 ns, Cleanup: 11237 ns, At safepoint: 481596 ns, Total: 1500672 ns
[2025-10-13T23:34:55.738-0700][1201][info ][gc,start    ] GC(155) Pause Young (Mixed) (G1 Evacuation Pause)
[2025-10-13T23:34:55.738-0700][1201][info ][gc,task     ] GC(155) Using 113 workers of 113 for evacuation
[2025-10-13T23:34:55.754-0700][1201][debug][gc,remset   ] GC(155) Visited cards 11773952 Total dirty 66584576 (17.68%) Total old 433192960 (2.72%)
[2025-10-13T23:34:55.939-0700][1201][info ][gc,mmu      ] GC(155) MMU target violated: 200.3ms (200.0ms/201.0ms)
[2025-10-13T23:34:55.939-0700][1201][info ][gc,phases   ] GC(155)   Pre Evacuate Collection Set: 0.8ms
[2025-10-13T23:34:55.939-0700][1201][info ][gc,phases   ] GC(155)   Merge Heap Roots: 14.4ms
[2025-10-13T23:34:55.939-0700][1201][info ][gc,phases   ] GC(155)   Evacuate Collection Set: 169.0ms
[2025-10-13T23:34:55.939-0700][1201][info ][gc,phases   ] GC(155)   Post Evacuate Collection Set: 16.0ms
[2025-10-13T23:34:55.939-0700][1201][info ][gc,phases   ] GC(155)   Other: 0.2ms
[2025-10-13T23:34:55.939-0700][1201][debug][gc,remset   ] GC(155) Coarsening (recent): Inline->AoC 20500 (0) AoC->Howl 261 (0) Howl->Full 0 (0) Inline->AoC 1025 (0) AoC->BitMap 162 (0) BitMap->Full 0 (0) 
[2025-10-13T23:34:55.939-0700][1201][debug][gc,remset   ] GC(155) Coarsening (all): Inline->AoC 2940158 (134) AoC->Howl 59278 (440) Howl->Full 0 (0) Inline->AoC 265748 (142) AoC->BitMap 65263 (363) BitMap->Full 3 (0) 
[2025-10-13T23:34:55.939-0700][1201][info ][gc,heap     ] GC(155) Eden regions: 2465->0(2543)
[2025-10-13T23:34:55.939-0700][1201][info ][gc,heap     ] GC(155) Survivor regions: 224->196(337)
[2025-10-13T23:34:55.939-0700][1201][info ][gc,heap     ] GC(155) Old regions: 1126->1096
[2025-10-13T23:34:55.939-0700][1201][info ][gc,heap     ] GC(155) Humongous regions: 9->1
[2025-10-13T23:34:55.939-0700][1201][info ][gc,metaspace] GC(155) Metaspace: 310409K(315968K)->310409K(315968K) NonClass: 274837K(277824K)->274837K(277824K) Class: 35572K(38144K)->35572K(38144K)
[2025-10-13T23:34:55.939-0700][1201][info ][gc          ] GC(155) Pause Young (Mixed) (G1 Evacuation Pause) 122351M->41353M(184320M) 200.609ms
[2025-10-13T23:34:55.940-0700][1201][info ][gc,cpu      ] GC(155) User=17.92s Sys=0.10s Real=0.21s
[2025-10-13T23:34:55.941-0700][1201][info ][safepoint   ] Safepoint "G1CollectForAllocation", Time since last: 1329061657 ns, Reaching safepoint: 849440 ns, Cleanup: 11598 ns, At safepoint: 204087140 ns, Total: 204948178 ns
[2025-10-13T23:34:56.943-0700][1201][info ][safepoint   ] Safepoint "Cleanup", Time since last: 1000082876 ns, Reaching safepoint: 1288992 ns, Cleanup: 63215 ns, At safepoint: 444139 ns, Total: 1796346 ns
[2025-10-13T23:34:57.944-0700][1201][info ][safepoint   ] Safepoint "Cleanup", Time since last: 1000113763 ns, Reaching safepoint: 698313 ns, Cleanup: 86280 ns, At safepoint: 168123 ns, Total: 952716 ns
[2025-10-13T23:34:58.945-0700][1201][info ][safepoint   ] Safepoint "Cleanup", Time since last: 1000104498 ns, Reaching safepoint: 728838 ns, Cleanup: 26510 ns, At safepoint: 151989 ns, Total: 907337 ns
[2025-10-13T23:34:59.946-0700][1201][info ][safepoint   ] Safepoint "Cleanup", Time since last: 1000103446 ns, Reaching safepoint: 702809 ns, Cleanup: 12449 ns, At safepoint: 428736 ns, Total: 1143994 ns
[2025-10-13T23:35:00.948-0700][1201][info ][safepoint   ] Safepoint "Cleanup", Time since last: 1000107523 ns, Reaching safepoint: 908679 ns, Cleanup: 39229 ns, At safepoint: 436968 ns, Total: 1384876 ns
[2025-10-13T23:35:01.967-0700][1201][info ][safepoint   ] Safepoint "Cleanup", Time since last: 1000100062 ns, Reaching safepoint: 16489485 ns, Cleanup: 13931 ns, At safepoint: 2353927 ns, Total: 18857343 ns
[2025-10-13T23:35:02.971-0700][1201][info ][safepoint   ] Safepoint "Cleanup", Time since last: 1000127102 ns, Reaching safepoint: 975430 ns, Cleanup: 16294 ns, At safepoint: 3413654 ns, Total: 4405378 ns
[2025-10-13T23:35:03.974-0700][1201][info ][safepoint   ] Safepoint "Cleanup", Time since last: 1000149495 ns, Reaching safepoint: 1143023 ns, Cleanup: 15363 ns, At safepoint: 1090373 ns, Total: 2248759 ns
[2025-10-13T23:35:04.312-0700][1201][info ][gc,start    ] GC(156) Pause Young (Mixed) (G1 Evacuation Pause)
[2025-10-13T23:35:04.312-0700][1201][info ][gc,task     ] GC(156) Using 113 workers of 113 for evacuation
[2025-10-13T23:35:04.326-0700][1201][debug][gc,remset   ] GC(156) Visited cards 12920832 Total dirty 66584576 (19.41%) Total old 467206144 (2.77%)
[2025-10-13T23:35:04.492-0700][1201][info ][gc,phases   ] GC(156)   Pre Evacuate Collection Set: 0.7ms
[2025-10-13T23:35:04.492-0700][1201][info ][gc,phases   ] GC(156)   Merge Heap Roots: 13.5ms
[2025-10-13T23:35:04.492-0700][1201][info ][gc,phases   ] GC(156)   Evacuate Collection Set: 151.1ms
[2025-10-13T23:35:04.492-0700][1201][info ][gc,phases   ] GC(156)   Post Evacuate Collection Set: 15.0ms
[2025-10-13T23:35:04.492-0700][1201][info ][gc,phases   ] GC(156)   Other: 0.2ms
[2025-10-13T23:35:04.492-0700][1201][debug][gc,remset   ] GC(156) Coarsening (recent): Inline->AoC 32344 (0) AoC->Howl 479 (0) Howl->Full 0 (0) Inline->AoC 1535 (0) AoC->BitMap 357 (0) BitMap->Full 0 (0) 
[2025-10-13T23:35:04.492-0700][1201][debug][gc,remset   ] GC(156) Coarsening (all): Inline->AoC 2972502 (134) AoC->Howl 59757 (440) Howl->Full 0 (0) Inline->AoC 267283 (142) AoC->BitMap 65620 (363) BitMap->Full 3 (0) 
[2025-10-13T23:35:04.492-0700][1201][info ][gc,heap     ] GC(156) Eden regions: 2760->0(1512)
[2025-10-13T23:35:04.492-0700][1201][info ][gc,heap     ] GC(156) Survivor regions: 196->245(370)
[2025-10-13T23:35:04.492-0700][1201][info ][gc,heap     ] GC(156) Old regions: 1096->1016
[2025-10-13T23:35:04.492-0700][1201][info ][gc,heap     ] GC(156) Humongous regions: 24->0
[2025-10-13T23:35:04.492-0700][1201][info ][gc,metaspace] GC(156) Metaspace: 310480K(316096K)->310480K(316096K) NonClass: 274897K(277888K)->274897K(277888K) Class: 35582K(38208K)->35582K(38208K)
[2025-10-13T23:35:04.492-0700][1201][info ][gc          ] GC(156) Pause Young (Mixed) (G1 Evacuation Pause) 130409M->40301M(184320M) 180.683ms
[2025-10-13T23:35:04.494-0700][1201][info ][gc,cpu      ] GC(156) User=17.11s Sys=0.21s Real=0.18s
[2025-10-13T23:35:04.495-0700][1201][info ][safepoint   ] Safepoint "G1CollectForAllocation", Time since last: 336138280 ns, Reaching safepoint: 708447 ns, Cleanup: 4747 ns, At safepoint: 184323642 ns, Total: 185036836 ns
[2025-10-13T23:35:06.496-0700][1201][info ][safepoint   ] Safepoint "Cleanup", Time since last: 2000154243 ns, Reaching safepoint: 869971 ns, Cleanup: 20110 ns, At safepoint: 150908 ns, Total: 1040989 ns
[2025-10-13T23:35:07.497-0700][1201][info ][safepoint   ] Safepoint "Cleanup", Time since last: 1000100361 ns, Reaching safepoint: 891293 ns, Cleanup: 19399 ns, At safepoint: 236046 ns, Total: 1146738 ns
[2025-10-13T23:35:08.499-0700][1201][info ][safepoint   ] Safepoint "Cleanup", Time since last: 1000107042 ns, Reaching safepoint: 1010793 ns, Cleanup: 16395 ns, At safepoint: 527805 ns, Total: 1554993 ns
[2025-10-13T23:35:09.501-0700][1201][info ][safepoint   ] Safepoint "Cleanup", Time since last: 1000108273 ns, Reaching safepoint: 897072 ns, Cleanup: 12609 ns, At safepoint: 535647 ns, Total: 1445328 ns
[2025-10-13T23:35:10.146-0700][1201][info ][gc,start    ] GC(157) Pause Young (Mixed) (G1 Evacuation Pause)
[2025-10-13T23:35:10.146-0700][1201][info ][gc,task     ] GC(157) Using 113 workers of 113 for evacuation
[2025-10-13T23:35:10.160-0700][1201][debug][gc,remset   ] GC(157) Visited cards 12901120 Total dirty 59899904 (21.54%) Total old 365363200 (3.53%)
[2025-10-13T23:35:10.363-0700][1201][info ][gc,mmu      ] GC(157) MMU target violated: 201.0ms (200.0ms/201.0ms)
[2025-10-13T23:35:10.363-0700][1201][info ][gc,phases   ] GC(157)   Pre Evacuate Collection Set: 0.8ms
[2025-10-13T23:35:10.363-0700][1201][info ][gc,phases   ] GC(157)   Merge Heap Roots: 12.7ms
[2025-10-13T23:35:10.363-0700][1201][info ][gc,phases   ] GC(157)   Evacuate Collection Set: 189.8ms
[2025-10-13T23:35:10.363-0700][1201][info ][gc,phases   ] GC(157)   Post Evacuate Collection Set: 13.2ms
[2025-10-13T23:35:10.363-0700][1201][info ][gc,phases   ] GC(157)   Other: 0.2ms
[2025-10-13T23:35:10.363-0700][1201][debug][gc,remset   ] GC(157) Coarsening (recent): Inline->AoC 21656 (0) AoC->Howl 289 (0) Howl->Full 0 (0) Inline->AoC 1238 (0) AoC->BitMap 168 (0) BitMap->Full 0 (0) 
[2025-10-13T23:35:10.363-0700][1201][debug][gc,remset   ] GC(157) Coarsening (all): Inline->AoC 2994158 (134) AoC->Howl 60046 (440) Howl->Full 0 (0) Inline->AoC 268521 (142) AoC->BitMap 65788 (363) BitMap->Full 3 (0) 
[2025-10-13T23:35:10.363-0700][1201][info ][gc,heap     ] GC(157) Eden regions: 1980->0(1351)
[2025-10-13T23:35:10.363-0700][1201][info ][gc,heap     ] GC(157) Survivor regions: 245->219(279)
[2025-10-13T23:35:10.363-0700][1201][info ][gc,heap     ] GC(157) Old regions: 1016->1041
[2025-10-13T23:35:10.363-0700][1201][info ][gc,heap     ] GC(157) Humongous regions: 12->0
[2025-10-13T23:35:10.363-0700][1201][info ][gc,metaspace] GC(157) Metaspace: 310492K(316096K)->310492K(316096K) NonClass: 274908K(277888K)->274908K(277888K) Class: 35584K(38208K)->35584K(38208K)
[2025-10-13T23:35:10.363-0700][1201][info ][gc          ] GC(157) Pause Young (Mixed) (G1 Evacuation Pause) 104045M->40299M(184320M) 216.824ms
[2025-10-13T23:35:10.364-0700][1201][info ][gc,cpu      ] GC(157) User=20.61s Sys=0.13s Real=0.22s
[2025-10-13T23:35:10.365-0700][1201][info ][safepoint   ] Safepoint "G1CollectForAllocation", Time since last: 643449855 ns, Reaching safepoint: 794928 ns, Cleanup: 4807 ns, At safepoint: 220531848 ns, Total: 221331583 ns
[2025-10-13T23:35:12.366-0700][1201][info ][safepoint   ] Safepoint "Cleanup", Time since last: 2000161144 ns, Reaching safepoint: 822870 ns, Cleanup: 21202 ns, At safepoint: 175114 ns, Total: 1019186 ns
[2025-10-13T23:35:16.383-0700][1201][info ][safepoint   ] Safepoint "Cleanup", Time since last: 4000281866 ns, Reaching safepoint: 13451949 ns, Cleanup: 22624 ns, At safepoint: 2770665 ns, Total: 16245238 ns
[2025-10-13T23:35:17.005-0700][1201][info ][gc,start    ] GC(158) Pause Young (Mixed) (G1 Evacuation Pause)
[2025-10-13T23:35:17.005-0700][1201][info ][gc,task     ] GC(158) Using 113 workers of 113 for evacuation
[2025-10-13T23:35:17.019-0700][1201][debug][gc,remset   ] GC(158) Visited cards 14064128 Total dirty 61538304 (22.85%) Total old 333905920 (4.21%)
[2025-10-13T23:35:17.171-0700][1201][info ][gc,phases   ] GC(158)   Pre Evacuate Collection Set: 0.7ms
[2025-10-13T23:35:17.171-0700][1201][info ][gc,phases   ] GC(158)   Merge Heap Roots: 13.1ms
[2025-10-13T23:35:17.171-0700][1201][info ][gc,phases   ] GC(158)   Evacuate Collection Set: 140.5ms
[2025-10-13T23:35:17.171-0700][1201][info ][gc,phases   ] GC(158)   Post Evacuate Collection Set: 11.5ms
[2025-10-13T23:35:17.171-0700][1201][info ][gc,phases   ] GC(158)   Other: 0.2ms
[2025-10-13T23:35:17.171-0700][1201][debug][gc,remset   ] GC(158) Coarsening (recent): Inline->AoC 34697 (0) AoC->Howl 309 (0) Howl->Full 0 (0) Inline->AoC 1023 (0) AoC->BitMap 237 (0) BitMap->Full 0 (0) 
[2025-10-13T23:35:17.171-0700][1201][debug][gc,remset   ] GC(158) Coarsening (all): Inline->AoC 3028855 (134) AoC->Howl 60355 (440) Howl->Full 0 (0) Inline->AoC 269544 (142) AoC->BitMap 66025 (363) BitMap->Full 3 (0) 
[2025-10-13T23:35:17.171-0700][1201][info ][gc,heap     ] GC(158) Eden regions: 1755->0(3340)
[2025-10-13T23:35:17.171-0700][1201][info ][gc,heap     ] GC(158) Survivor regions: 219->116(247)
[2025-10-13T23:35:17.171-0700][1201][info ][gc,heap     ] GC(158) Old regions: 1041->1055
[2025-10-13T23:35:17.171-0700][1201][info ][gc,heap     ] GC(158) Humongous regions: 9->0
[2025-10-13T23:35:17.171-0700][1201][info ][gc,metaspace] GC(158) Metaspace: 310506K(316096K)->310506K(316096K) NonClass: 274921K(277888K)->274921K(277888K) Class: 35585K(38208K)->35585K(38208K)
[2025-10-13T23:35:17.171-0700][1201][info ][gc          ] GC(158) Pause Young (Mixed) (G1 Evacuation Pause) 96747M->37472M(184320M) 166.102ms
[2025-10-13T23:35:17.172-0700][1201][info ][gc,cpu      ] GC(158) User=14.38s Sys=0.15s Real=0.17s
[2025-10-13T23:35:17.173-0700][1201][info ][safepoint   ] Safepoint "G1CollectForAllocation", Time since last: 619553869 ns, Reaching safepoint: 894077 ns, Cleanup: 4908 ns, At safepoint: 169572214 ns, Total: 170471199 ns
[2025-10-13T23:35:18.175-0700][1201][info ][safepoint   ] Safepoint "Cleanup", Time since last: 1000086942 ns, Reaching safepoint: 1596876 ns, Cleanup: 15053 ns, At safepoint: 403728 ns, Total: 2015657 ns
[2025-10-13T23:35:19.179-0700][1201][info ][safepoint   ] Safepoint "Cleanup", Time since last: 1000102185 ns, Reaching safepoint: 2795251 ns, Cleanup: 18719 ns, At safepoint: 789219 ns, Total: 3603189 ns
[2025-10-13T23:35:20.180-0700][1201][info ][safepoint   ] Safepoint "Cleanup", Time since last: 1000102905 ns, Reaching safepoint: 813025 ns, Cleanup: 9715 ns, At safepoint: 438551 ns, Total: 1261291 ns
[2025-10-13T23:35:21.182-0700][1201][info ][safepoint   ] Safepoint "Cleanup", Time since last: 1000109345 ns, Reaching safepoint: 720636 ns, Cleanup: 11908 ns, At safepoint: 463709 ns, Total: 1196253 ns
[2025-10-13T23:35:23.183-0700][1201][info ][safepoint   ] Safepoint "Cleanup", Time since last: 2000160432 ns, Reaching safepoint: 843852 ns, Cleanup: 16935 ns, At safepoint: 418601 ns, Total: 1279388 ns
[2025-10-13T23:35:27.525-0700][1201][info ][safepoint   ] Safepoint "Cleanup", Time since last: 4341202713 ns, Reaching safepoint: 833115 ns, Cleanup: 42745 ns, At safepoint: 233822 ns, Total: 1109682 ns
[2025-10-13T23:35:28.527-0700][1201][info ][safepoint   ] Safepoint "Cleanup", Time since last: 1000106561 ns, Reaching safepoint: 1021670 ns, Cleanup: 17155 ns, At safepoint: 336067 ns, Total: 1374892 ns
[2025-10-13T23:35:32.196-0700][1201][info ][gc,start    ] GC(159) Pause Young (Mixed) (G1 Evacuation Pause)
[2025-10-13T23:35:32.196-0700][1201][info ][gc,task     ] GC(159) Using 113 workers of 113 for evacuation
[2025-10-13T23:35:32.211-0700][1201][debug][gc,remset   ] GC(159) Visited cards 15751680 Total dirty 63897600 (24.65%) Total old 529072128 (2.98%)
[2025-10-13T23:35:32.375-0700][1201][info ][gc,phases   ] GC(159)   Pre Evacuate Collection Set: 0.8ms
[2025-10-13T23:35:32.375-0700][1201][info ][gc,phases   ] GC(159)   Merge Heap Roots: 13.4ms
[2025-10-13T23:35:32.375-0700][1201][info ][gc,phases   ] GC(159)   Evacuate Collection Set: 152.1ms
[2025-10-13T23:35:32.375-0700][1201][info ][gc,phases   ] GC(159)   Post Evacuate Collection Set: 12.2ms
[2025-10-13T23:35:32.375-0700][1201][info ][gc,phases   ] GC(159)   Other: 0.2ms
[2025-10-13T23:35:32.375-0700][1201][debug][gc,remset   ] GC(159) Coarsening (recent): Inline->AoC 53878 (0) AoC->Howl 155 (0) Howl->Full 0 (0) Inline->AoC 558 (0) AoC->BitMap 113 (0) BitMap->Full 0 (0) 
[2025-10-13T23:35:32.375-0700][1201][debug][gc,remset   ] GC(159) Coarsening (all): Inline->AoC 3082733 (134) AoC->Howl 60510 (440) Howl->Full 0 (0) Inline->AoC 270102 (142) AoC->BitMap 66138 (363) BitMap->Full 3 (0) 
[2025-10-13T23:35:32.375-0700][1201][info ][gc,heap     ] GC(159) Eden regions: 3340->0(3304)
[2025-10-13T23:35:32.375-0700][1201][info ][gc,heap     ] GC(159) Survivor regions: 116->152(432)
[2025-10-13T23:35:32.375-0700][1201][info ][gc,heap     ] GC(159) Old regions: 1055->994
[2025-10-13T23:35:32.375-0700][1201][info ][gc,heap     ] GC(159) Humongous regions: 15->0
[2025-10-13T23:35:32.375-0700][1201][info ][gc,metaspace] GC(159) Metaspace: 310553K(316160K)->310553K(316160K) NonClass: 274962K(277952K)->274962K(277952K) Class: 35590K(38208K)->35590K(38208K)
[2025-10-13T23:35:32.375-0700][1201][info ][gc          ] GC(159) Pause Young (Mixed) (G1 Evacuation Pause) 144832M->36656M(184320M) 178.914ms
[2025-10-13T23:35:32.376-0700][1201][info ][gc,cpu      ] GC(159) User=12.44s Sys=0.40s Real=0.18s
[2025-10-13T23:35:32.377-0700][1201][info ][safepoint   ] Safepoint "G1CollectForAllocation", Time since last: 3667642289 ns, Reaching safepoint: 811342 ns, Cleanup: 7201 ns, At safepoint: 182273793 ns, Total: 183092336 ns
[2025-10-13T23:35:34.378-0700][1201][info ][safepoint   ] Safepoint "Cleanup", Time since last: 2000156126 ns, Reaching safepoint: 718353 ns, Cleanup: 15303 ns, At safepoint: 90686 ns, Total: 824342 ns
[2025-10-13T23:35:35.380-0700][1201][info ][safepoint   ] Safepoint "Cleanup", Time since last: 1000101684 ns, Reaching safepoint: 867577 ns, Cleanup: 19209 ns, At safepoint: 268044 ns, Total: 1154830 ns
[2025-10-13T23:35:36.381-0700][1201][info ][safepoint   ] Safepoint "Cleanup", Time since last: 1000103336 ns, Reaching safepoint: 1084675 ns, Cleanup: 19048 ns, At safepoint: 192250 ns, Total: 1295973 ns
[2025-10-13T23:35:37.382-0700][1201][info ][safepoint   ] Safepoint "Cleanup", Time since last: 1000098850 ns, Reaching safepoint: 890802 ns, Cleanup: 15463 ns, At safepoint: 331279 ns, Total: 1237544 ns
[2025-10-13T23:35:38.384-0700][1201][info ][safepoint   ] Safepoint "Cleanup", Time since last: 1000107683 ns, Reaching safepoint: 843851 ns, Cleanup: 13641 ns, At safepoint: 340583 ns, Total: 1198075 ns
[2025-10-13T23:35:39.385-0700][1201][info ][safepoint   ] Safepoint "Cleanup", Time since last: 1000099210 ns, Reaching safepoint: 708027 ns, Cleanup: 12499 ns, At safepoint: 455356 ns, Total: 1175882 ns
[2025-10-13T23:35:40.388-0700][1201][info ][safepoint   ] Safepoint "Cleanup", Time since last: 1000116526 ns, Reaching safepoint: 1686742 ns, Cleanup: 10445 ns, At safepoint: 732624 ns, Total: 2429811 ns
[2025-10-13T23:35:43.390-0700][1201][info ][safepoint   ] Safepoint "Cleanup", Time since last: 3000223689 ns, Reaching safepoint: 940437 ns, Cleanup: 20170 ns, At safepoint: 966036 ns, Total: 1926643 ns
[2025-10-13T23:35:45.392-0700][1201][info ][safepoint   ] Safepoint "Cleanup", Time since last: 2000178270 ns, Reaching safepoint: 969921 ns, Cleanup: 15123 ns, At safepoint: 1502664 ns, Total: 2487708 ns
[2025-10-13T23:35:46.395-0700][1201][info ][safepoint   ] Safepoint "Cleanup", Time since last: 1000120732 ns, Reaching safepoint: 878945 ns, Cleanup: 18347 ns, At safepoint: 1261621 ns, Total: 2158913 ns
[2025-10-13T23:35:46.442-0700][1201][info ][gc,start    ] GC(160) Pause Young (Normal) (G1 Evacuation Pause)
[2025-10-13T23:35:46.442-0700][1201][info ][gc,task     ] GC(160) Using 113 workers of 113 for evacuation
[2025-10-13T23:35:46.455-0700][1201][debug][gc,remset   ] GC(160) Visited cards 9382912 Total dirty 61407232 (15.28%) Total old 519766016 (1.81%)
[2025-10-13T23:35:46.605-0700][1201][info ][gc,phases   ] GC(160)   Pre Evacuate Collection Set: 0.7ms
[2025-10-13T23:35:46.605-0700][1201][info ][gc,phases   ] GC(160)   Merge Heap Roots: 12.8ms
[2025-10-13T23:35:46.605-0700][1201][info ][gc,phases   ] GC(160)   Evacuate Collection Set: 136.1ms
[2025-10-13T23:35:46.605-0700][1201][info ][gc,phases   ] GC(160)   Post Evacuate Collection Set: 13.1ms
[2025-10-13T23:35:46.605-0700][1201][info ][gc,phases   ] GC(160)   Other: 0.2ms
[2025-10-13T23:35:46.605-0700][1201][debug][gc,remset   ] GC(160) Coarsening (recent): Inline->AoC 45795 (0) AoC->Howl 97 (0) Howl->Full 0 (0) Inline->AoC 359 (0) AoC->BitMap 44 (0) BitMap->Full 0 (0) 
[2025-10-13T23:35:46.605-0700][1201][debug][gc,remset   ] GC(160) Coarsening (all): Inline->AoC 3128528 (134) AoC->Howl 60607 (440) Howl->Full 0 (0) Inline->AoC 270461 (142) AoC->BitMap 66182 (363) BitMap->Full 3 (0) 
[2025-10-13T23:35:46.605-0700][1201][info ][gc,heap     ] GC(160) Eden regions: 3304->0(3254)
[2025-10-13T23:35:46.605-0700][1201][info ][gc,heap     ] GC(160) Survivor regions: 152->202(432)
[2025-10-13T23:35:46.605-0700][1201][info ][gc,heap     ] GC(160) Old regions: 994->994
[2025-10-13T23:35:46.605-0700][1201][info ][gc,heap     ] GC(160) Humongous regions: 25->1
[2025-10-13T23:35:46.605-0700][1201][info ][gc,metaspace] GC(160) Metaspace: 310572K(316160K)->310572K(316160K) NonClass: 274980K(277952K)->274980K(277952K) Class: 35591K(38208K)->35591K(38208K)
[2025-10-13T23:35:46.605-0700][1201][info ][gc          ] GC(160) Pause Young (Normal) (G1 Evacuation Pause) 143184M->38286M(184320M) 163.116ms
[2025-10-13T23:35:46.606-0700][1201][info ][gc,cpu      ] GC(160) User=13.53s Sys=0.47s Real=0.16s
[2025-10-13T23:35:46.607-0700][1201][info ][safepoint   ] Safepoint "G1CollectForAllocation", Time since last: 45075158 ns, Reaching safepoint: 884963 ns, Cleanup: 5028 ns, At safepoint: 166510421 ns, Total: 167400412 ns
[2025-10-13T23:35:47.617-0700][1201][info ][safepoint   ] Safepoint "Cleanup", Time since last: 1000093301 ns, Reaching safepoint: 7038055 ns, Cleanup: 15543 ns, At safepoint: 2424964 ns, Total: 9478562 ns
[2025-10-13T23:35:48.619-0700][1201][info ][safepoint   ] Safepoint "Cleanup", Time since last: 1000119090 ns, Reaching safepoint: 818033 ns, Cleanup: 30376 ns, At safepoint: 1180048 ns, Total: 2028457 ns
[2025-10-13T23:35:50.621-0700][1201][info ][safepoint   ] Safepoint "Cleanup", Time since last: 2000128935 ns, Reaching safepoint: 910292 ns, Cleanup: 21933 ns, At safepoint: 1246969 ns, Total: 2179194 ns
[2025-10-13T23:35:51.624-0700][1201][info ][safepoint   ] Safepoint "Cleanup", Time since last: 1000127492 ns, Reaching safepoint: 997543 ns, Cleanup: 18398 ns, At safepoint: 1575354 ns, Total: 2591295 ns
[2025-10-13T23:35:52.626-0700][1201][info ][safepoint   ] Safepoint "Cleanup", Time since last: 1000085179 ns, Reaching safepoint: 802348 ns, Cleanup: 10266 ns, At safepoint: 854588 ns, Total: 1667202 ns
[2025-10-13T23:35:53.628-0700][1201][info ][safepoint   ] Safepoint "Cleanup", Time since last: 1000107562 ns, Reaching safepoint: 1074710 ns, Cleanup: 11136 ns, At safepoint: 851533 ns, Total: 1937379 ns
[2025-10-13T23:35:55.631-0700][1201][info ][safepoint   ] Safepoint "Cleanup", Time since last: 2000178280 ns, Reaching safepoint: 1270885 ns, Cleanup: 13641 ns, At safepoint: 2008636 ns, Total: 3293162 ns
[2025-10-13T23:35:56.517-0700][1201][info ][gc,start    ] GC(161) Pause Young (Normal) (G1 Evacuation Pause)
[2025-10-13T23:35:56.518-0700][1201][info ][gc,task     ] GC(161) Using 113 workers of 113 for evacuation
[2025-10-13T23:35:56.531-0700][1201][debug][gc,remset   ] GC(161) Visited cards 9411584 Total dirty 61407232 (15.33%) Total old 519569408 (1.81%)
[2025-10-13T23:35:56.694-0700][1201][info ][gc,phases   ] GC(161)   Pre Evacuate Collection Set: 0.9ms
[2025-10-13T23:35:56.694-0700][1201][info ][gc,phases   ] GC(161)   Merge Heap Roots: 12.3ms
[2025-10-13T23:35:56.694-0700][1201][info ][gc,phases   ] GC(161)   Evacuate Collection Set: 149.6ms
[2025-10-13T23:35:56.694-0700][1201][info ][gc,phases   ] GC(161)   Post Evacuate Collection Set: 13.2ms
[2025-10-13T23:35:56.694-0700][1201][info ][gc,phases   ] GC(161)   Other: 0.2ms
[2025-10-13T23:35:56.694-0700][1201][debug][gc,remset   ] GC(161) Coarsening (recent): Inline->AoC 21034 (1) AoC->Howl 93 (6) Howl->Full 0 (0) Inline->AoC 347 (3) AoC->BitMap 61 (2) BitMap->Full 0 (0) 
[2025-10-13T23:35:56.694-0700][1201][debug][gc,remset   ] GC(161) Coarsening (all): Inline->AoC 3149562 (135) AoC->Howl 60700 (446) Howl->Full 0 (0) Inline->AoC 270808 (145) AoC->BitMap 66243 (365) BitMap->Full 3 (0) 
[2025-10-13T23:35:56.694-0700][1201][info ][gc,heap     ] GC(161) Eden regions: 3254->0(3041)
[2025-10-13T23:35:56.694-0700][1201][info ][gc,heap     ] GC(161) Survivor regions: 202->247(432)
[2025-10-13T23:35:56.694-0700][1201][info ][gc,heap     ] GC(161) Old regions: 994->994
[2025-10-13T23:35:56.694-0700][1201][info ][gc,heap     ] GC(161) Humongous regions: 22->0
[2025-10-13T23:35:56.694-0700][1201][info ][gc,metaspace] GC(161) Metaspace: 310633K(316224K)->310633K(316224K) NonClass: 275040K(278016K)->275040K(278016K) Class: 35592K(38208K)->35592K(38208K)
[2025-10-13T23:35:56.694-0700][1201][info ][gc          ] GC(161) Pause Young (Normal) (G1 Evacuation Pause) 143086M->39673M(184320M) 176.429ms
[2025-10-13T23:35:56.695-0700][1201][info ][gc,cpu      ] GC(161) User=15.99s Sys=0.21s Real=0.18s
[2025-10-13T23:35:56.696-0700][1201][info ][safepoint   ] Safepoint "G1CollectForAllocation", Time since last: 883444439 ns, Reaching safepoint: 1724599 ns, Cleanup: 11307 ns, At safepoint: 179945935 ns, Total: 181681841 ns
[2025-10-13T23:35:57.698-0700][1201][info ][safepoint   ] Safepoint "Cleanup", Time since last: 1000092701 ns, Reaching safepoint: 900707 ns, Cleanup: 28493 ns, At safepoint: 534785 ns, Total: 1463985 ns
[2025-10-13T23:35:58.700-0700][1201][info ][safepoint   ] Safepoint "Cleanup", Time since last: 1000119141 ns, Reaching safepoint: 911152 ns, Cleanup: 12840 ns, At safepoint: 677120 ns, Total: 1601112 ns
[2025-10-13T23:36:03.701-0700][1201][info ][safepoint   ] Safepoint "Cleanup", Time since last: 5000353185 ns, Reaching safepoint: 906025 ns, Cleanup: 14582 ns, At safepoint: 357449 ns, Total: 1278056 ns
[2025-10-13T23:36:04.713-0700][1201][info ][safepoint   ] Safepoint "Cleanup", Time since last: 1000129686 ns, Reaching safepoint: 9238950 ns, Cleanup: 24587 ns, At safepoint: 2301138 ns, Total: 11564675 ns
[2025-10-13T23:36:05.716-0700][1201][info ][safepoint   ] Safepoint "Cleanup", Time since last: 1000113181 ns, Reaching safepoint: 1001609 ns, Cleanup: 12068 ns, At safepoint: 1969147 ns, Total: 2982824 ns
[2025-10-13T23:36:06.718-0700][1201][info ][safepoint   ] Safepoint "Cleanup", Time since last: 1000117498 ns, Reaching safepoint: 872544 ns, Cleanup: 13641 ns, At safepoint: 1330094 ns, Total: 2216279 ns
[2025-10-13T23:36:07.721-0700][1201][info ][safepoint   ] Safepoint "Cleanup", Time since last: 1000115555 ns, Reaching safepoint: 977132 ns, Cleanup: 14202 ns, At safepoint: 1064133 ns, Total: 2055467 ns
[2025-10-13T23:36:08.723-0700][1201][info ][safepoint   ] Safepoint "Cleanup", Time since last: 1000125630 ns, Reaching safepoint: 1130573 ns, Cleanup: 15053 ns, At safepoint: 1257264 ns, Total: 2402890 ns
[2025-10-13T23:36:09.377-0700][1201][info ][gc,start    ] GC(162) Pause Young (Normal) (G1 Evacuation Pause)
[2025-10-13T23:36:09.377-0700][1201][info ][gc,task     ] GC(162) Using 113 workers of 113 for evacuation
[2025-10-13T23:36:09.390-0700][1201][debug][gc,remset   ] GC(162) Visited cards 9502720 Total dirty 61145088 (15.54%) Total old 509214720 (1.87%)
[2025-10-13T23:36:09.588-0700][1201][info ][gc,mmu      ] GC(162) MMU target violated: 201.0ms (200.0ms/201.0ms)
[2025-10-13T23:36:09.588-0700][1201][info ][gc,phases   ] GC(162)   Pre Evacuate Collection Set: 0.8ms
[2025-10-13T23:36:09.588-0700][1201][info ][gc,phases   ] GC(162)   Merge Heap Roots: 12.4ms
[2025-10-13T23:36:09.588-0700][1201][info ][gc,phases   ] GC(162)   Evacuate Collection Set: 182.3ms
[2025-10-13T23:36:09.588-0700][1201][info ][gc,phases   ] GC(162)   Post Evacuate Collection Set: 15.0ms
[2025-10-13T23:36:09.588-0700][1201][info ][gc,phases   ] GC(162)   Other: 0.2ms
[2025-10-13T23:36:09.588-0700][1201][debug][gc,remset   ] GC(162) Coarsening (recent): Inline->AoC 30287 (0) AoC->Howl 99 (0) Howl->Full 0 (0) Inline->AoC 466 (0) AoC->BitMap 47 (0) BitMap->Full 0 (0) 
[2025-10-13T23:36:09.588-0700][1201][debug][gc,remset   ] GC(162) Coarsening (all): Inline->AoC 3179849 (135) AoC->Howl 60799 (446) Howl->Full 0 (0) Inline->AoC 271274 (145) AoC->BitMap 66290 (365) BitMap->Full 3 (0) 
[2025-10-13T23:36:09.588-0700][1201][info ][gc,heap     ] GC(162) Eden regions: 3133->0(2785)
[2025-10-13T23:36:09.588-0700][1201][info ][gc,heap     ] GC(162) Survivor regions: 247->255(423)
[2025-10-13T23:36:09.588-0700][1201][info ][gc,heap     ] GC(162) Old regions: 994->1018
[2025-10-13T23:36:09.588-0700][1201][info ][gc,heap     ] GC(162) Humongous regions: 16->0
[2025-10-13T23:36:09.588-0700][1201][info ][gc,metaspace] GC(162) Metaspace: 310727K(316352K)->310727K(316352K) NonClass: 275127K(278144K)->275127K(278144K) Class: 35600K(38208K)->35600K(38208K)
[2025-10-13T23:36:09.588-0700][1201][info ][gc          ] GC(162) Pause Young (Normal) (G1 Evacuation Pause) 140441M->40697M(184320M) 210.940ms
[2025-10-13T23:36:09.589-0700][1201][info ][gc,cpu      ] GC(162) User=18.44s Sys=0.24s Real=0.22s
[2025-10-13T23:36:09.590-0700][1201][info ][safepoint   ] Safepoint "G1CollectForAllocation", Time since last: 652018646 ns, Reaching safepoint: 890672 ns, Cleanup: 4397 ns, At safepoint: 214523966 ns, Total: 215419035 ns
[2025-10-13T23:36:10.592-0700][1201][info ][safepoint   ] Safepoint "Cleanup", Time since last: 1000083687 ns, Reaching safepoint: 878674 ns, Cleanup: 12378 ns, At safepoint: 368065 ns, Total: 1259117 ns
[2025-10-13T23:36:11.593-0700][1201][info ][safepoint   ] Safepoint "Cleanup", Time since last: 1000109736 ns, Reaching safepoint: 733585 ns, Cleanup: 11337 ns, At safepoint: 322356 ns, Total: 1067278 ns
[2025-10-13T23:36:15.607-0700][1201][info ][safepoint   ] Safepoint "Cleanup", Time since last: 4000272623 ns, Reaching safepoint: 11263521 ns, Cleanup: 30426 ns, At safepoint: 2223210 ns, Total: 13517157 ns
[2025-10-13T23:36:16.610-0700][1201][info ][safepoint   ] Safepoint "Cleanup", Time since last: 1000115655 ns, Reaching safepoint: 1508994 ns, Cleanup: 39569 ns, At safepoint: 1273930 ns, Total: 2822493 ns
[2025-10-13T23:36:17.611-0700][1201][info ][safepoint   ] Safepoint "Cleanup", Time since last: 1000111578 ns, Reaching safepoint: 768879 ns, Cleanup: 9775 ns, At safepoint: 791202 ns, Total: 1569856 ns
[2025-10-13T23:36:18.616-0700][1201][info ][safepoint   ] Safepoint "Cleanup", Time since last: 1000112059 ns, Reaching safepoint: 2840851 ns, Cleanup: 15062 ns, At safepoint: 2062468 ns, Total: 4918381 ns
[2025-10-13T23:36:19.618-0700][1201][info ][safepoint   ] Safepoint "Cleanup", Time since last: 1000117511 ns, Reaching safepoint: 828308 ns, Cleanup: 15473 ns, At safepoint: 941589 ns, Total: 1785370 ns
[2025-10-13T23:36:20.621-0700][1201][info ][safepoint   ] Safepoint "Cleanup", Time since last: 1000110643 ns, Reaching safepoint: 1085525 ns, Cleanup: 41713 ns, At safepoint: 1059467 ns, Total: 2186705 ns
[2025-10-13T23:36:21.625-0700][1201][info ][safepoint   ] Safepoint "Cleanup", Time since last: 1000112365 ns, Reaching safepoint: 3041763 ns, Cleanup: 17166 ns, At safepoint: 1204605 ns, Total: 4263534 ns
[2025-10-13T23:36:21.929-0700][1201][info ][gc,start    ] GC(163) Pause Young (Normal) (G1 Evacuation Pause)
[2025-10-13T23:36:21.929-0700][1201][info ][gc,task     ] GC(163) Using 113 workers of 113 for evacuation
[2025-10-13T23:36:21.943-0700][1201][debug][gc,remset   ] GC(163) Visited cards 9482240 Total dirty 62259200 (15.23%) Total old 479330304 (1.98%)
[2025-10-13T23:36:22.138-0700][1201][info ][gc,mmu      ] GC(163) MMU target violated: 201.0ms (200.0ms/201.0ms)
[2025-10-13T23:36:22.138-0700][1201][info ][gc,phases   ] GC(163)   Pre Evacuate Collection Set: 0.7ms
[2025-10-13T23:36:22.138-0700][1201][info ][gc,phases   ] GC(163)   Merge Heap Roots: 13.3ms
[2025-10-13T23:36:22.138-0700][1201][info ][gc,phases   ] GC(163)   Evacuate Collection Set: 179.4ms
[2025-10-13T23:36:22.138-0700][1201][info ][gc,phases   ] GC(163)   Post Evacuate Collection Set: 15.1ms
[2025-10-13T23:36:22.138-0700][1201][info ][gc,phases   ] GC(163)   Other: 0.2ms
[2025-10-13T23:36:22.138-0700][1201][debug][gc,remset   ] GC(163) Coarsening (recent): Inline->AoC 26481 (0) AoC->Howl 130 (0) Howl->Full 0 (0) Inline->AoC 566 (0) AoC->BitMap 70 (0) BitMap->Full 0 (0) 
[2025-10-13T23:36:22.138-0700][1201][debug][gc,remset   ] GC(163) Coarsening (all): Inline->AoC 3206330 (135) AoC->Howl 60929 (446) Howl->Full 0 (0) Inline->AoC 271840 (145) AoC->BitMap 66360 (365) BitMap->Full 3 (0) 
[2025-10-13T23:36:22.138-0700][1201][info ][gc,heap     ] GC(163) Eden regions: 2883->0(3181)
[2025-10-13T23:36:22.138-0700][1201][info ][gc,heap     ] GC(163) Survivor regions: 255->230(393)
[2025-10-13T23:36:22.138-0700][1201][info ][gc,heap     ] GC(163) Old regions: 1018->1085
[2025-10-13T23:36:22.138-0700][1201][info ][gc,heap     ] GC(163) Humongous regions: 20->0
[2025-10-13T23:36:22.138-0700][1201][info ][gc,metaspace] GC(163) Metaspace: 310780K(316352K)->310780K(316352K) NonClass: 275174K(278144K)->275174K(278144K) Class: 35605K(38208K)->35605K(38208K)
[2025-10-13T23:36:22.138-0700][1201][info ][gc          ] GC(163) Pause Young (Normal) (G1 Evacuation Pause) 133593M->42060M(184320M) 208.797ms
[2025-10-13T23:36:22.139-0700][1201][info ][gc,cpu      ] GC(163) User=19.13s Sys=0.33s Real=0.21s
[2025-10-13T23:36:22.140-0700][1201][info ][safepoint   ] Safepoint "G1CollectForAllocation", Time since last: 302030022 ns, Reaching safepoint: 852043 ns, Cleanup: 4748 ns, At safepoint: 212071674 ns, Total: 212928465 ns
[2025-10-13T23:36:23.141-0700][1201][info ][safepoint   ] Safepoint "Cleanup", Time since last: 1000090092 ns, Reaching safepoint: 718663 ns, Cleanup: 11136 ns, At safepoint: 234323 ns, Total: 964122 ns
[2025-10-13T23:36:25.569-0700][1201][info ][safepoint   ] Safepoint "Cleanup", Time since last: 2426166409 ns, Reaching safepoint: 1181831 ns, Cleanup: 20281 ns, At safepoint: 182254 ns, Total: 1384366 ns
[2025-10-13T23:36:27.570-0700][1201][info ][safepoint   ] Safepoint "Cleanup", Time since last: 2000156608 ns, Reaching safepoint: 821107 ns, Cleanup: 21753 ns, At safepoint: 151068 ns, Total: 993928 ns
[2025-10-13T23:36:28.571-0700][1201][info ][safepoint   ] Safepoint "Cleanup", Time since last: 1000099806 ns, Reaching safepoint: 787887 ns, Cleanup: 31037 ns, At safepoint: 250197 ns, Total: 1069121 ns
[2025-10-13T23:36:29.588-0700][1201][info ][safepoint   ] Safepoint "Cleanup", Time since last: 1000104754 ns, Reaching safepoint: 15516620 ns, Cleanup: 36515 ns, At safepoint: 1164624 ns, Total: 16717759 ns
[2025-10-13T23:36:30.590-0700][1201][info ][safepoint   ] Safepoint "Cleanup", Time since last: 1000090763 ns, Reaching safepoint: 885204 ns, Cleanup: 18618 ns, At safepoint: 815619 ns, Total: 1719441 ns
[2025-10-13T23:36:31.591-0700][1201][info ][safepoint   ] Safepoint "Cleanup", Time since last: 1000120537 ns, Reaching safepoint: 1239258 ns, Cleanup: 15423 ns, At safepoint: 576849 ns, Total: 1831530 ns
[2025-10-13T23:36:32.593-0700][1201][info ][safepoint   ] Safepoint "Cleanup", Time since last: 1000113677 ns, Reaching safepoint: 1079627 ns, Cleanup: 23255 ns, At safepoint: 387364 ns, Total: 1490246 ns
[2025-10-13T23:36:32.846-0700][1201][info ][gc,start    ] GC(164) Pause Young (Normal) (G1 Evacuation Pause)
[2025-10-13T23:36:32.846-0700][1201][info ][gc,task     ] GC(164) Using 113 workers of 113 for evacuation
[2025-10-13T23:36:32.860-0700][1201][debug][gc,remset   ] GC(164) Visited cards 9800448 Total dirty 66256896 (14.79%) Total old 513867776 (1.91%)
[2025-10-13T23:36:33.049-0700][1201][info ][gc,mmu      ] GC(164) MMU target violated: 201.0ms (200.0ms/201.0ms)
[2025-10-13T23:36:33.049-0700][1201][info ][gc,phases   ] GC(164)   Pre Evacuate Collection Set: 0.7ms
[2025-10-13T23:36:33.049-0700][1201][info ][gc,phases   ] GC(164)   Merge Heap Roots: 13.3ms
[2025-10-13T23:36:33.049-0700][1201][info ][gc,phases   ] GC(164)   Evacuate Collection Set: 172.9ms
[2025-10-13T23:36:33.049-0700][1201][info ][gc,phases   ] GC(164)   Post Evacuate Collection Set: 16.0ms
[2025-10-13T23:36:33.049-0700][1201][info ][gc,phases   ] GC(164)   Other: 0.2ms
[2025-10-13T23:36:33.049-0700][1201][debug][gc,remset   ] GC(164) Coarsening (recent): Inline->AoC 44321 (0) AoC->Howl 112 (0) Howl->Full 0 (0) Inline->AoC 461 (0) AoC->BitMap 72 (0) BitMap->Full 0 (0) 
[2025-10-13T23:36:33.049-0700][1201][debug][gc,remset   ] GC(164) Coarsening (all): Inline->AoC 3250651 (135) AoC->Howl 61041 (446) Howl->Full 0 (0) Inline->AoC 272301 (145) AoC->BitMap 66432 (365) BitMap->Full 3 (0) 
[2025-10-13T23:36:33.049-0700][1201][info ][gc,heap     ] GC(164) Eden regions: 3139->0(2239)
[2025-10-13T23:36:33.049-0700][1201][info ][gc,heap     ] GC(164) Survivor regions: 230->267(422)
[2025-10-13T23:36:33.049-0700][1201][info ][gc,heap     ] GC(164) Old regions: 1085->1085
[2025-10-13T23:36:33.049-0700][1201][info ][gc,heap     ] GC(164) Humongous regions: 18->0
[2025-10-13T23:36:33.049-0700][1201][info ][gc,metaspace] GC(164) Metaspace: 310827K(316416K)->310827K(316416K) NonClass: 275219K(278208K)->275219K(278208K) Class: 35608K(38208K)->35608K(38208K)
[2025-10-13T23:36:33.049-0700][1201][info ][gc          ] GC(164) Pause Young (Normal) (G1 Evacuation Pause) 143084M->43259M(184320M) 203.316ms
[2025-10-13T23:36:33.050-0700][1201][info ][gc,cpu      ] GC(164) User=17.67s Sys=0.35s Real=0.21s
[2025-10-13T23:36:33.051-0700][1201][info ][safepoint   ] Safepoint "G1CollectForAllocation", Time since last: 250354918 ns, Reaching safepoint: 978475 ns, Cleanup: 5188 ns, At safepoint: 206747071 ns, Total: 207730734 ns
[2025-10-13T23:36:35.064-0700][1201][info ][safepoint   ] Safepoint "Cleanup", Time since last: 2000150679 ns, Reaching safepoint: 10275683 ns, Cleanup: 30516 ns, At safepoint: 2319175 ns, Total: 12625374 ns
[2025-10-13T23:36:36.067-0700][1201][info ][safepoint   ] Safepoint "Cleanup", Time since last: 1000123762 ns, Reaching safepoint: 1285417 ns, Cleanup: 19329 ns, At safepoint: 1173208 ns, Total: 2477954 ns
[2025-10-13T23:36:38.069-0700][1201][info ][safepoint   ] Safepoint "Cleanup", Time since last: 2000174574 ns, Reaching safepoint: 860908 ns, Cleanup: 64867 ns, At safepoint: 905515 ns, Total: 1831290 ns
[2025-10-13T23:36:39.071-0700][1201][info ][safepoint   ] Safepoint "Cleanup", Time since last: 1000110121 ns, Reaching safepoint: 1283414 ns, Cleanup: 34883 ns, At safepoint: 982981 ns, Total: 2301278 ns
[2025-10-13T23:36:40.073-0700][1201][info ][safepoint   ] Safepoint "Cleanup", Time since last: 1000112365 ns, Reaching safepoint: 823361 ns, Cleanup: 19449 ns, At safepoint: 1407170 ns, Total: 2249980 ns
[2025-10-13T23:36:41.075-0700][1201][info ][safepoint   ] Safepoint "Cleanup", Time since last: 1000117784 ns, Reaching safepoint: 1078585 ns, Cleanup: 10906 ns, At safepoint: 974238 ns, Total: 2063729 ns
[2025-10-13T23:36:42.077-0700][1201][info ][safepoint   ] Safepoint "Cleanup", Time since last: 1000110443 ns, Reaching safepoint: 817231 ns, Cleanup: 13150 ns, At safepoint: 884903 ns, Total: 1715284 ns
[2025-10-13T23:36:42.151-0700][1201][info ][gc,start    ] GC(165) Pause Young (Normal) (G1 Evacuation Pause)
[2025-10-13T23:36:42.151-0700][1201][info ][gc,task     ] GC(165) Using 113 workers of 113 for evacuation
[2025-10-13T23:36:42.164-0700][1201][debug][gc,remset   ] GC(165) Visited cards 9820928 Total dirty 66060288 (14.87%) Total old 419692544 (2.34%)
[2025-10-13T23:36:42.340-0700][1201][info ][gc,phases   ] GC(165)   Pre Evacuate Collection Set: 0.8ms
[2025-10-13T23:36:42.340-0700][1201][info ][gc,phases   ] GC(165)   Merge Heap Roots: 12.6ms
[2025-10-13T23:36:42.340-0700][1201][info ][gc,phases   ] GC(165)   Evacuate Collection Set: 160.8ms
[2025-10-13T23:36:42.340-0700][1201][info ][gc,phases   ] GC(165)   Post Evacuate Collection Set: 14.2ms
[2025-10-13T23:36:42.340-0700][1201][info ][gc,phases   ] GC(165)   Other: 0.2ms
[2025-10-13T23:36:42.340-0700][1201][debug][gc,remset   ] GC(165) Coarsening (recent): Inline->AoC 32418 (0) AoC->Howl 98 (0) Howl->Full 0 (0) Inline->AoC 425 (0) AoC->BitMap 47 (0) BitMap->Full 0 (0) 
[2025-10-13T23:36:42.340-0700][1201][debug][gc,remset   ] GC(165) Coarsening (all): Inline->AoC 3283069 (135) AoC->Howl 61139 (446) Howl->Full 0 (0) Inline->AoC 272726 (145) AoC->BitMap 66479 (365) BitMap->Full 3 (0) 
[2025-10-13T23:36:42.340-0700][1201][info ][gc,heap     ] GC(165) Eden regions: 2384->0(3248)
[2025-10-13T23:36:42.340-0700][1201][info ][gc,heap     ] GC(165) Survivor regions: 267->208(332)
[2025-10-13T23:36:42.340-0700][1201][info ][gc,heap     ] GC(165) Old regions: 1085->1171
[2025-10-13T23:36:42.340-0700][1201][info ][gc,heap     ] GC(165) Humongous regions: 17->0
[2025-10-13T23:36:42.340-0700][1201][info ][gc,metaspace] GC(165) Metaspace: 310904K(316608K)->310904K(316608K) NonClass: 275284K(278336K)->275284K(278336K) Class: 35619K(38272K)->35619K(38272K)
[2025-10-13T23:36:42.340-0700][1201][info ][gc          ] GC(165) Pause Young (Normal) (G1 Evacuation Pause) 120091M->44101M(184320M) 188.717ms
[2025-10-13T23:36:42.341-0700][1201][info ][gc,cpu      ] GC(165) User=18.76s Sys=0.19s Real=0.19s
[2025-10-13T23:36:42.342-0700][1201][info ][safepoint   ] Safepoint "G1CollectForAllocation", Time since last: 71801108 ns, Reaching safepoint: 780627 ns, Cleanup: 4496 ns, At safepoint: 192033121 ns, Total: 192818244 ns
[2025-10-13T23:36:43.345-0700][1201][info ][safepoint   ] Safepoint "Cleanup", Time since last: 1000085204 ns, Reaching safepoint: 1772231 ns, Cleanup: 17296 ns, At safepoint: 901378 ns, Total: 2690905 ns
[2025-10-13T23:36:45.346-0700][1201][info ][safepoint   ] Safepoint "Cleanup", Time since last: 2000168095 ns, Reaching safepoint: 857692 ns, Cleanup: 18138 ns, At safepoint: 625332 ns, Total: 1501162 ns
[2025-10-13T23:36:48.348-0700][1201][info ][safepoint   ] Safepoint "Cleanup", Time since last: 3000220570 ns, Reaching safepoint: 872925 ns, Cleanup: 15233 ns, At safepoint: 312331 ns, Total: 1200489 ns
[2025-10-13T23:36:49.350-0700][1201][info ][safepoint   ] Safepoint "Cleanup", Time since last: 1000110432 ns, Reaching safepoint: 987358 ns, Cleanup: 12268 ns, At safepoint: 935971 ns, Total: 1935597 ns
[2025-10-13T23:36:50.352-0700][1201][info ][safepoint   ] Safepoint "Cleanup", Time since last: 1000109230 ns, Reaching safepoint: 992806 ns, Cleanup: 24437 ns, At safepoint: 1430836 ns, Total: 2448079 ns
[2025-10-13T23:36:51.355-0700][1201][info ][safepoint   ] Safepoint "Cleanup", Time since last: 1000111834 ns, Reaching safepoint: 1001940 ns, Cleanup: 35664 ns, At safepoint: 1240318 ns, Total: 2277922 ns
[2025-10-13T23:36:52.357-0700][1201][info ][safepoint   ] Safepoint "Cleanup", Time since last: 1000116622 ns, Reaching safepoint: 1175311 ns, Cleanup: 13721 ns, At safepoint: 1268110 ns, Total: 2457142 ns
[2025-10-13T23:36:52.671-0700][1201][info ][gc,start    ] GC(166) Pause Young (Normal) (G1 Evacuation Pause)
[2025-10-13T23:36:52.671-0700][1201][info ][gc,task     ] GC(166) Using 113 workers of 113 for evacuation
[2025-10-13T23:36:52.685-0700][1201][debug][gc,remset   ] GC(166) Visited cards 9952256 Total dirty 71172096 (13.98%) Total old 530579456 (1.88%)
[2025-10-13T23:36:52.863-0700][1201][info ][gc,phases   ] GC(166)   Pre Evacuate Collection Set: 0.7ms
[2025-10-13T23:36:52.863-0700][1201][info ][gc,phases   ] GC(166)   Merge Heap Roots: 13.3ms
[2025-10-13T23:36:52.863-0700][1201][info ][gc,phases   ] GC(166)   Evacuate Collection Set: 162.9ms
[2025-10-13T23:36:52.863-0700][1201][info ][gc,phases   ] GC(166)   Post Evacuate Collection Set: 14.7ms
[2025-10-13T23:36:52.863-0700][1201][info ][gc,phases   ] GC(166)   Other: 0.2ms
[2025-10-13T23:36:52.863-0700][1201][debug][gc,remset   ] GC(166) Coarsening (recent): Inline->AoC 40307 (0) AoC->Howl 117 (2) Howl->Full 0 (0) Inline->AoC 373 (0) AoC->BitMap 69 (1) BitMap->Full 0 (0) 
[2025-10-13T23:36:52.863-0700][1201][debug][gc,remset   ] GC(166) Coarsening (all): Inline->AoC 3323376 (135) AoC->Howl 61256 (448) Howl->Full 0 (0) Inline->AoC 273099 (145) AoC->BitMap 66548 (366) BitMap->Full 3 (0) 
[2025-10-13T23:36:52.863-0700][1201][info ][gc,heap     ] GC(166) Eden regions: 3248->0(2625)
[2025-10-13T23:36:52.863-0700][1201][info ][gc,heap     ] GC(166) Survivor regions: 208->255(432)
[2025-10-13T23:36:52.863-0700][1201][info ][gc,heap     ] GC(166) Old regions: 1171->1171
[2025-10-13T23:36:52.863-0700][1201][info ][gc,heap     ] GC(166) Humongous regions: 13->0
[2025-10-13T23:36:52.863-0700][1201][info ][gc,metaspace] GC(166) Metaspace: 310937K(316608K)->310937K(316608K) NonClass: 275312K(278336K)->275312K(278336K) Class: 35624K(38272K)->35624K(38272K)
[2025-10-13T23:36:52.863-0700][1201][info ][gc          ] GC(166) Pause Young (Normal) (G1 Evacuation Pause) 148453M->45603M(184320M) 192.062ms
[2025-10-13T23:36:52.864-0700][1201][info ][gc,cpu      ] GC(166) User=17.29s Sys=0.40s Real=0.19s
[2025-10-13T23:36:52.866-0700][1201][info ][safepoint   ] Safepoint "G1CollectForAllocation", Time since last: 311810829 ns, Reaching safepoint: 891343 ns, Cleanup: 4848 ns, At safepoint: 195452453 ns, Total: 196348644 ns
[2025-10-13T23:36:53.867-0700][1201][info ][safepoint   ] Safepoint "Cleanup", Time since last: 1000092385 ns, Reaching safepoint: 933506 ns, Cleanup: 15304 ns, At safepoint: 470939 ns, Total: 1419749 ns
[2025-10-13T23:36:54.879-0700][1201][info ][safepoint   ] Safepoint "Cleanup", Time since last: 1000110823 ns, Reaching safepoint: 9238340 ns, Cleanup: 34172 ns, At safepoint: 2085772 ns, Total: 11358284 ns
[2025-10-13T23:36:55.881-0700][1201][info ][safepoint   ] Safepoint "Cleanup", Time since last: 1000114809 ns, Reaching safepoint: 1028780 ns, Cleanup: 12890 ns, At safepoint: 890502 ns, Total: 1932172 ns
[2025-10-13T23:36:56.882-0700][1201][info ][safepoint   ] Safepoint "Cleanup", Time since last: 1000109601 ns, Reaching safepoint: 874377 ns, Cleanup: 18077 ns, At safepoint: 907097 ns, Total: 1799551 ns
[2025-10-13T23:36:57.884-0700][1201][info ][safepoint   ] Safepoint "Cleanup", Time since last: 1000106687 ns, Reaching safepoint: 906766 ns, Cleanup: 13080 ns, At safepoint: 811663 ns, Total: 1731509 ns
[2025-10-13T23:36:58.887-0700][1201][info ][safepoint   ] Safepoint "Cleanup", Time since last: 1000107287 ns, Reaching safepoint: 1054739 ns, Cleanup: 11518 ns, At safepoint: 1109201 ns, Total: 2175458 ns
[2025-10-13T23:36:59.889-0700][1201][info ][safepoint   ] Safepoint "Cleanup", Time since last: 1000118815 ns, Reaching safepoint: 913406 ns, Cleanup: 13441 ns, At safepoint: 1288050 ns, Total: 2214897 ns
[2025-10-13T23:37:00.891-0700][1201][info ][safepoint   ] Safepoint "Cleanup", Time since last: 1000118505 ns, Reaching safepoint: 1084684 ns, Cleanup: 33100 ns, At safepoint: 1285948 ns, Total: 2403732 ns
[2025-10-13T23:37:01.893-0700][1201][info ][safepoint   ] Safepoint "Cleanup", Time since last: 1000117112 ns, Reaching safepoint: 893797 ns, Cleanup: 10976 ns, At safepoint: 873897 ns, Total: 1778670 ns
[2025-10-13T23:37:02.895-0700][1201][info ][safepoint   ] Safepoint "Cleanup", Time since last: 1000112435 ns, Reaching safepoint: 779184 ns, Cleanup: 82154 ns, At safepoint: 833296 ns, Total: 1694634 ns
[2025-10-13T23:37:03.553-0700][1201][info ][gc,start    ] GC(167) Pause Young (Normal) (G1 Evacuation Pause)
[2025-10-13T23:37:03.553-0700][1201][info ][gc,task     ] GC(167) Using 113 workers of 113 for evacuation
[2025-10-13T23:37:03.566-0700][1201][debug][gc,remset   ] GC(167) Visited cards 9994496 Total dirty 71499776 (13.98%) Total old 475332608 (2.10%)
[2025-10-13T23:37:03.733-0700][1201][info ][gc,phases   ] GC(167)   Pre Evacuate Collection Set: 0.8ms
[2025-10-13T23:37:03.733-0700][1201][info ][gc,phases   ] GC(167)   Merge Heap Roots: 12.2ms
[2025-10-13T23:37:03.733-0700][1201][info ][gc,phases   ] GC(167)   Evacuate Collection Set: 153.2ms
[2025-10-13T23:37:03.733-0700][1201][info ][gc,phases   ] GC(167)   Post Evacuate Collection Set: 13.6ms
[2025-10-13T23:37:03.733-0700][1201][info ][gc,phases   ] GC(167)   Other: 0.2ms
[2025-10-13T23:37:03.733-0700][1201][debug][gc,remset   ] GC(167) Coarsening (recent): Inline->AoC 31247 (0) AoC->Howl 77 (0) Howl->Full 0 (0) Inline->AoC 376 (0) AoC->BitMap 31 (0) BitMap->Full 0 (0) 
[2025-10-13T23:37:03.733-0700][1201][debug][gc,remset   ] GC(167) Coarsening (all): Inline->AoC 3354623 (135) AoC->Howl 61333 (448) Howl->Full 0 (0) Inline->AoC 273475 (145) AoC->BitMap 66579 (366) BitMap->Full 3 (0) 
[2025-10-13T23:37:03.733-0700][1201][info ][gc,heap     ] GC(167) Eden regions: 2778->0(3259)
[2025-10-13T23:37:03.733-0700][1201][info ][gc,heap     ] GC(167) Survivor regions: 255->197(380)
[2025-10-13T23:37:03.733-0700][1201][info ][gc,heap     ] GC(167) Old regions: 1171->1245
[2025-10-13T23:37:03.733-0700][1201][info ][gc,heap     ] GC(167) Humongous regions: 16->0
[2025-10-13T23:37:03.733-0700][1201][info ][gc,metaspace] GC(167) Metaspace: 311037K(316736K)->311037K(316736K) NonClass: 275409K(278464K)->275409K(278464K) Class: 35627K(38272K)->35627K(38272K)
[2025-10-13T23:37:03.733-0700][1201][info ][gc          ] GC(167) Pause Young (Normal) (G1 Evacuation Pause) 135011M->46122M(184320M) 180.140ms
[2025-10-13T23:37:03.734-0700][1201][info ][gc,cpu      ] GC(167) User=17.41s Sys=0.21s Real=0.18s
[2025-10-13T23:37:03.735-0700][1201][info ][safepoint   ] Safepoint "G1CollectForAllocation", Time since last: 655421593 ns, Reaching safepoint: 794778 ns, Cleanup: 16675 ns, At safepoint: 183530089 ns, Total: 184341542 ns
[2025-10-13T23:37:04.736-0700][1201][info ][safepoint   ] Safepoint "Cleanup", Time since last: 1000071103 ns, Reaching safepoint: 740776 ns, Cleanup: 76225 ns, At safepoint: 284589 ns, Total: 1101590 ns
[2025-10-13T23:37:07.737-0700][1201][info ][safepoint   ] Safepoint "Cleanup", Time since last: 3000212928 ns, Reaching safepoint: 738373 ns, Cleanup: 20170 ns, At safepoint: 260532 ns, Total: 1019075 ns
[2025-10-13T23:37:09.739-0700][1201][info ][safepoint   ] Safepoint "Cleanup", Time since last: 2000167274 ns, Reaching safepoint: 912044 ns, Cleanup: 28984 ns, At safepoint: 255465 ns, Total: 1196493 ns
[2025-10-13T23:37:10.740-0700][1201][info ][safepoint   ] Safepoint "Cleanup", Time since last: 1000102110 ns, Reaching safepoint: 865784 ns, Cleanup: 17927 ns, At safepoint: 389447 ns, Total: 1273158 ns
[2025-10-13T23:37:11.754-0700][1201][info ][safepoint   ] Safepoint "Cleanup", Time since last: 1000107839 ns, Reaching safepoint: 11342450 ns, Cleanup: 44147 ns, At safepoint: 2006333 ns, Total: 13392930 ns
[2025-10-13T23:37:12.919-0700][1201][info ][gc,start    ] GC(168) Pause Young (Normal) (G1 Evacuation Pause)
[2025-10-13T23:37:12.920-0700][1201][info ][gc,task     ] GC(168) Using 113 workers of 113 for evacuation
[2025-10-13T23:37:12.933-0700][1201][debug][gc,remset   ] GC(168) Visited cards 10051840 Total dirty 76152832 (13.20%) Total old 535494656 (1.88%)
[2025-10-13T23:37:13.084-0700][1201][info ][gc,phases   ] GC(168)   Pre Evacuate Collection Set: 0.7ms
[2025-10-13T23:37:13.084-0700][1201][info ][gc,phases   ] GC(168)   Merge Heap Roots: 12.6ms
[2025-10-13T23:37:13.084-0700][1201][info ][gc,phases   ] GC(168)   Evacuate Collection Set: 136.3ms
[2025-10-13T23:37:13.084-0700][1201][info ][gc,phases   ] GC(168)   Post Evacuate Collection Set: 15.1ms
[2025-10-13T23:37:13.084-0700][1201][info ][gc,phases   ] GC(168)   Other: 0.2ms
[2025-10-13T23:37:13.084-0700][1201][debug][gc,remset   ] GC(168) Coarsening (recent): Inline->AoC 27134 (0) AoC->Howl 108 (0) Howl->Full 0 (0) Inline->AoC 386 (0) AoC->BitMap 64 (0) BitMap->Full 0 (0) 
[2025-10-13T23:37:13.084-0700][1201][debug][gc,remset   ] GC(168) Coarsening (all): Inline->AoC 3381757 (135) AoC->Howl 61441 (448) Howl->Full 0 (0) Inline->AoC 273861 (145) AoC->BitMap 66643 (366) BitMap->Full 3 (0) 
[2025-10-13T23:37:13.085-0700][1201][info ][gc,heap     ] GC(168) Eden regions: 3259->0(3224)
[2025-10-13T23:37:13.085-0700][1201][info ][gc,heap     ] GC(168) Survivor regions: 197->232(432)
[2025-10-13T23:37:13.085-0700][1201][info ][gc,heap     ] GC(168) Old regions: 1245->1245
[2025-10-13T23:37:13.085-0700][1201][info ][gc,heap     ] GC(168) Humongous regions: 14->0
[2025-10-13T23:37:13.085-0700][1201][info ][gc,metaspace] GC(168) Metaspace: 311101K(316864K)->311101K(316864K) NonClass: 275465K(278528K)->275465K(278528K) Class: 35636K(38336K)->35636K(38336K)
[2025-10-13T23:37:13.085-0700][1201][info ][gc          ] GC(168) Pause Young (Normal) (G1 Evacuation Pause) 150858M->47261M(184320M) 165.090ms
[2025-10-13T23:37:13.086-0700][1201][info ][gc,cpu      ] GC(168) User=15.52s Sys=0.39s Real=0.16s
[2025-10-13T23:37:13.087-0700][1201][info ][safepoint   ] Safepoint "G1CollectForAllocation", Time since last: 1163906155 ns, Reaching safepoint: 850332 ns, Cleanup: 4647 ns, At safepoint: 168518930 ns, Total: 169373909 ns
[2025-10-13T23:37:14.088-0700][1201][info ][safepoint   ] Safepoint "Cleanup", Time since last: 1000081639 ns, Reaching safepoint: 818433 ns, Cleanup: 49505 ns, At safepoint: 205399 ns, Total: 1073337 ns
[2025-10-13T23:37:15.090-0700][1201][info ][safepoint   ] Safepoint "Cleanup", Time since last: 1000106346 ns, Reaching safepoint: 962030 ns, Cleanup: 57226 ns, At safepoint: 571181 ns, Total: 1590437 ns
[2025-10-13T23:37:16.091-0700][1201][info ][safepoint   ] Safepoint "Cleanup", Time since last: 1000109000 ns, Reaching safepoint: 842319 ns, Cleanup: 15363 ns, At safepoint: 375866 ns, Total: 1233548 ns
[2025-10-13T23:37:17.094-0700][1201][info ][safepoint   ] Safepoint "Cleanup", Time since last: 1000102441 ns, Reaching safepoint: 1000958 ns, Cleanup: 19459 ns, At safepoint: 1371587 ns, Total: 2392004 ns
[2025-10-13T23:37:18.095-0700][1201][info ][safepoint   ] Safepoint "Cleanup", Time since last: 1000119936 ns, Reaching safepoint: 939306 ns, Cleanup: 14772 ns, At safepoint: 806605 ns, Total: 1760683 ns
[2025-10-13T23:37:19.098-0700][1201][info ][safepoint   ] Safepoint "Cleanup", Time since last: 1000123953 ns, Reaching safepoint: 954428 ns, Cleanup: 40842 ns, At safepoint: 1389764 ns, Total: 2385034 ns
[2025-10-13T23:37:20.100-0700][1201][info ][safepoint   ] Safepoint "Cleanup", Time since last: 1000121569 ns, Reaching safepoint: 1072596 ns, Cleanup: 27912 ns, At safepoint: 1169913 ns, Total: 2270421 ns
[2025-10-13T23:37:21.102-0700][1201][info ][safepoint   ] Safepoint "Cleanup", Time since last: 1000119566 ns, Reaching safepoint: 1023832 ns, Cleanup: 27682 ns, At safepoint: 916251 ns, Total: 1967765 ns
[2025-10-13T23:37:22.105-0700][1201][info ][safepoint   ] Safepoint "Cleanup", Time since last: 1000116842 ns, Reaching safepoint: 1099837 ns, Cleanup: 19319 ns, At safepoint: 946737 ns, Total: 2065893 ns
[2025-10-13T23:37:22.216-0700][1201][info ][gc,start    ] GC(169) Pause Young (Normal) (G1 Evacuation Pause)
[2025-10-13T23:37:22.216-0700][1201][info ][gc,task     ] GC(169) Using 113 workers of 113 for evacuation
[2025-10-13T23:37:22.231-0700][1201][debug][gc,remset   ] GC(169) Visited cards 10194176 Total dirty 76283904 (13.36%) Total old 536150016 (1.90%)
[2025-10-13T23:37:22.440-0700][1201][info ][gc,mmu      ] GC(169) MMU target violated: 201.0ms (200.0ms/201.0ms)
[2025-10-13T23:37:22.440-0700][1201][info ][gc,phases   ] GC(169)   Pre Evacuate Collection Set: 1.0ms
[2025-10-13T23:37:22.440-0700][1201][info ][gc,phases   ] GC(169)   Merge Heap Roots: 14.0ms
[2025-10-13T23:37:22.440-0700][1201][info ][gc,phases   ] GC(169)   Evacuate Collection Set: 190.6ms
[2025-10-13T23:37:22.440-0700][1201][info ][gc,phases   ] GC(169)   Post Evacuate Collection Set: 17.8ms
[2025-10-13T23:37:22.440-0700][1201][info ][gc,phases   ] GC(169)   Other: 0.2ms
[2025-10-13T23:37:22.440-0700][1201][debug][gc,remset   ] GC(169) Coarsening (recent): Inline->AoC 34297 (0) AoC->Howl 57 (0) Howl->Full 0 (0) Inline->AoC 257 (0) AoC->BitMap 13 (0) BitMap->Full 0 (0) 
[2025-10-13T23:37:22.440-0700][1201][debug][gc,remset   ] GC(169) Coarsening (all): Inline->AoC 3416054 (135) AoC->Howl 61498 (448) Howl->Full 0 (0) Inline->AoC 274118 (145) AoC->BitMap 66656 (366) BitMap->Full 3 (0) 
[2025-10-13T23:37:22.440-0700][1201][info ][gc,heap     ] GC(169) Eden regions: 3224->0(1620)
[2025-10-13T23:37:22.440-0700][1201][info ][gc,heap     ] GC(169) Survivor regions: 232->288(432)
[2025-10-13T23:37:22.440-0700][1201][info ][gc,heap     ] GC(169) Old regions: 1245->1245
[2025-10-13T23:37:22.440-0700][1201][info ][gc,heap     ] GC(169) Humongous regions: 24->0
[2025-10-13T23:37:22.440-0700][1201][info ][gc,metaspace] GC(169) Metaspace: 311503K(317248K)->311503K(317248K) NonClass: 275843K(278912K)->275843K(278912K) Class: 35660K(38336K)->35660K(38336K)
[2025-10-13T23:37:22.440-0700][1201][info ][gc          ] GC(169) Pause Young (Normal) (G1 Evacuation Pause) 151197M->49037M(184320M) 223.832ms
[2025-10-13T23:37:22.441-0700][1201][info ][gc,cpu      ] GC(169) User=19.68s Sys=0.44s Real=0.23s
[2025-10-13T23:37:22.442-0700][1201][info ][safepoint   ] Safepoint "G1CollectForAllocation", Time since last: 108531082 ns, Reaching safepoint: 1531467 ns, Cleanup: 5969 ns, At safepoint: 227366310 ns, Total: 228903746 ns
[2025-10-13T23:37:23.449-0700][1201][info ][safepoint   ] Safepoint "Cleanup", Time since last: 1000080537 ns, Reaching safepoint: 5063560 ns, Cleanup: 20671 ns, At safepoint: 1325337 ns, Total: 6409568 ns
[2025-10-13T23:37:24.450-0700][1201][info ][safepoint   ] Safepoint "Cleanup", Time since last: 1000106987 ns, Reaching safepoint: 907157 ns, Cleanup: 14402 ns, At safepoint: 919526 ns, Total: 1841085 ns
[2025-10-13T23:37:25.600-0700][1201][info ][safepoint   ] Safepoint "Cleanup", Time since last: 1148381683 ns, Reaching safepoint: 895459 ns, Cleanup: 13070 ns, At safepoint: 283918 ns, Total: 1192447 ns
[2025-10-13T23:37:26.602-0700][1201][info ][safepoint   ] Safepoint "Cleanup", Time since last: 1000092680 ns, Reaching safepoint: 941268 ns, Cleanup: 11117 ns, At safepoint: 628377 ns, Total: 1580762 ns
[2025-10-13T23:37:27.603-0700][1201][info ][safepoint   ] Safepoint "Cleanup", Time since last: 1000111348 ns, Reaching safepoint: 923161 ns, Cleanup: 13730 ns, At safepoint: 661367 ns, Total: 1598258 ns
[2025-10-13T23:37:28.459-0700][1201][info ][gc,start    ] GC(170) Pause Young (Normal) (G1 Evacuation Pause)
[2025-10-13T23:37:28.459-0700][1201][info ][gc,task     ] GC(170) Using 113 workers of 113 for evacuation
[2025-10-13T23:37:28.473-0700][1201][debug][gc,remset   ] GC(170) Visited cards 10156032 Total dirty 76283904 (13.31%) Total old 352256000 (2.88%)
[2025-10-13T23:37:28.670-0700][1201][info ][gc,mmu      ] GC(170) MMU target violated: 201.0ms (200.0ms/201.0ms)
[2025-10-13T23:37:28.670-0700][1201][info ][gc,phases   ] GC(170)   Pre Evacuate Collection Set: 0.7ms
[2025-10-13T23:37:28.670-0700][1201][info ][gc,phases   ] GC(170)   Merge Heap Roots: 12.9ms
[2025-10-13T23:37:28.670-0700][1201][info ][gc,phases   ] GC(170)   Evacuate Collection Set: 185.1ms
[2025-10-13T23:37:28.670-0700][1201][info ][gc,phases   ] GC(170)   Post Evacuate Collection Set: 12.7ms
[2025-10-13T23:37:28.670-0700][1201][info ][gc,phases   ] GC(170)   Other: 0.2ms
[2025-10-13T23:37:28.670-0700][1201][debug][gc,remset   ] GC(170) Coarsening (recent): Inline->AoC 24016 (0) AoC->Howl 103 (0) Howl->Full 0 (0) Inline->AoC 428 (0) AoC->BitMap 55 (0) BitMap->Full 0 (0) 
[2025-10-13T23:37:28.670-0700][1201][debug][gc,remset   ] GC(170) Coarsening (all): Inline->AoC 3440070 (135) AoC->Howl 61601 (448) Howl->Full 0 (0) Inline->AoC 274546 (145) AoC->BitMap 66711 (366) BitMap->Full 3 (0) 
[2025-10-13T23:37:28.670-0700][1201][info ][gc,heap     ] GC(170) Eden regions: 1770->0(3284)
[2025-10-13T23:37:28.670-0700][1201][info ][gc,heap     ] GC(170) Survivor regions: 288->172(258)
[2025-10-13T23:37:28.670-0700][1201][info ][gc,heap     ] GC(170) Old regions: 1245->1408
[2025-10-13T23:37:28.670-0700][1201][info ][gc,heap     ] GC(170) Humongous regions: 14->0
[2025-10-13T23:37:28.670-0700][1201][info ][gc,metaspace] GC(170) Metaspace: 311540K(317248K)->311540K(317248K) NonClass: 275878K(278912K)->275878K(278912K) Class: 35661K(38336K)->35661K(38336K)
[2025-10-13T23:37:28.671-0700][1201][info ][gc          ] GC(170) Pause Young (Normal) (G1 Evacuation Pause) 106125M->50554M(184320M) 211.764ms
[2025-10-13T23:37:28.672-0700][1201][info ][gc,cpu      ] GC(170) User=20.07s Sys=0.22s Real=0.21s
[2025-10-13T23:37:28.673-0700][1201][info ][safepoint   ] Safepoint "G1CollectForAllocation", Time since last: 853261052 ns, Reaching safepoint: 890312 ns, Cleanup: 43525 ns, At safepoint: 215216976 ns, Total: 216150813 ns
[2025-10-13T23:37:28.826-0700][1201][info ][gc,start    ] GC(171) Pause Young (Concurrent Start) (G1 Humongous Allocation)
[2025-10-13T23:37:28.826-0700][1201][info ][gc,task     ] GC(171) Using 113 workers of 113 for evacuation
[2025-10-13T23:37:28.836-0700][1201][debug][gc,remset   ] GC(171) Visited cards 9607424 Total dirty 84213760 (11.41%) Total old 126484480 (7.60%)
[2025-10-13T23:37:28.951-0700][1201][info ][gc,phases   ] GC(171)   Pre Evacuate Collection Set: 1.0ms
[2025-10-13T23:37:28.951-0700][1201][info ][gc,phases   ] GC(171)   Merge Heap Roots: 9.1ms
[2025-10-13T23:37:28.951-0700][1201][info ][gc,phases   ] GC(171)   Evacuate Collection Set: 106.4ms
[2025-10-13T23:37:28.951-0700][1201][info ][gc,phases   ] GC(171)   Post Evacuate Collection Set: 8.4ms
[2025-10-13T23:37:28.951-0700][1201][info ][gc,phases   ] GC(171)   Other: 0.1ms
[2025-10-13T23:37:28.951-0700][1201][debug][gc,remset   ] GC(171) Coarsening (recent): Inline->AoC 0 (0) AoC->Howl 0 (0) Howl->Full 0 (0) Inline->AoC 0 (0) AoC->BitMap 0 (0) BitMap->Full 0 (0) 
[2025-10-13T23:37:28.951-0700][1201][debug][gc,remset   ] GC(171) Coarsening (all): Inline->AoC 3440070 (135) AoC->Howl 61601 (448) Howl->Full 0 (0) Inline->AoC 274546 (145) AoC->BitMap 66711 (366) BitMap->Full 3 (0) 
[2025-10-13T23:37:28.951-0700][1201][info ][gc,heap     ] GC(171) Eden regions: 89->0(3259)
[2025-10-13T23:37:28.951-0700][1201][info ][gc,heap     ] GC(171) Survivor regions: 172->155(432)
[2025-10-13T23:37:28.951-0700][1201][info ][gc,heap     ] GC(171) Old regions: 1408->1408
[2025-10-13T23:37:28.951-0700][1201][info ][gc,heap     ] GC(171) Humongous regions: 0->0
[2025-10-13T23:37:28.951-0700][1201][info ][gc,metaspace] GC(171) Metaspace: 311540K(317248K)->311540K(317248K) NonClass: 275879K(278912K)->275879K(278912K) Class: 35661K(38336K)->35661K(38336K)
[2025-10-13T23:37:28.951-0700][1201][info ][gc          ] GC(171) Pause Young (Concurrent Start) (G1 Humongous Allocation) 53385M->49997M(184320M) 125.196ms
[2025-10-13T23:37:28.952-0700][1084][info ][gc          ] GC(172) Concurrent Mark Cycle
[2025-10-13T23:37:28.952-0700][1084][info ][gc,marking  ] GC(172) Concurrent Scan Root Regions
[2025-10-13T23:37:28.953-0700][1201][info ][gc,cpu      ] GC(171) User=8.16s Sys=0.10s Real=0.13s
[2025-10-13T23:37:28.954-0700][1201][info ][safepoint   ] Safepoint "G1TryInitiateConcMark", Time since last: 151427554 ns, Reaching safepoint: 738953 ns, Cleanup: 22404 ns, At safepoint: 129260510 ns, Total: 130021867 ns
[2025-10-13T23:37:28.999-0700][1084][info ][gc,marking  ] GC(172) Concurrent Scan Root Regions 47.517ms
[2025-10-13T23:37:28.999-0700][1084][info ][gc,marking  ] GC(172) Concurrent Mark
[2025-10-13T23:37:28.999-0700][1084][info ][gc,marking  ] GC(172) Concurrent Mark From Roots
[2025-10-13T23:37:28.999-0700][1084][info ][gc,task     ] GC(172) Using 36 workers of 36 for marking
[2025-10-13T23:37:29.218-0700][1084][info ][gc,marking  ] GC(172) Concurrent Mark From Roots 218.914ms
[2025-10-13T23:37:29.218-0700][1084][info ][gc,marking  ] GC(172) Concurrent Preclean
[2025-10-13T23:37:29.248-0700][1084][info ][gc,marking  ] GC(172) Concurrent Preclean 29.685ms
[2025-10-13T23:37:29.258-0700][1201][info ][gc,start    ] GC(172) Pause Remark
[2025-10-13T23:37:29.496-0700][1201][info ][gc,mmu      ] GC(172) MMU target violated: 201.0ms (200.0ms/201.0ms)
[2025-10-13T23:37:29.496-0700][1201][info ][gc          ] GC(172) Pause Remark 53654M->52822M(184320M) 237.664ms
[2025-10-13T23:37:29.497-0700][1201][info ][gc,cpu      ] GC(172) User=14.10s Sys=0.10s Real=0.23s
[2025-10-13T23:37:29.500-0700][1201][info ][safepoint   ] Safepoint "G1PauseRemark", Time since last: 293718749 ns, Reaching safepoint: 9202777 ns, Cleanup: 12529 ns, At safepoint: 242390253 ns, Total: 251605559 ns
[2025-10-13T23:37:29.500-0700][1084][info ][gc,marking  ] GC(172) Concurrent Mark 500.534ms
[2025-10-13T23:37:29.500-0700][1084][info ][gc,marking  ] GC(172) Concurrent Rebuild Remembered Sets and Scrub Regions
[2025-10-13T23:37:29.993-0700][1084][info ][gc,marking  ] GC(172) Concurrent Rebuild Remembered Sets and Scrub Regions 493.084ms
[2025-10-13T23:37:29.995-0700][1201][info ][gc,start    ] GC(172) Pause Cleanup
[2025-10-13T23:37:29.997-0700][1201][info ][gc          ] GC(172) Pause Cleanup 57712M->57712M(184320M) 2.292ms
[2025-10-13T23:37:29.998-0700][1201][info ][gc,cpu      ] GC(172) User=0.02s Sys=0.00s Real=0.01s
[2025-10-13T23:37:29.999-0700][1201][info ][safepoint   ] Safepoint "G1PauseCleanup", Time since last: 493436710 ns, Reaching safepoint: 858093 ns, Cleanup: 61703 ns, At safepoint: 5292465 ns, Total: 6212261 ns
[2025-10-13T23:37:29.999-0700][1084][info ][gc,marking  ] GC(172) Concurrent Clear Claimed Marks
[2025-10-13T23:37:30.000-0700][1084][info ][gc,marking  ] GC(172) Concurrent Clear Claimed Marks 0.909ms
[2025-10-13T23:37:30.000-0700][1084][info ][gc,marking  ] GC(172) Concurrent Cleanup for Next Mark
[2025-10-13T23:37:30.029-0700][1084][info ][gc,marking  ] GC(172) Concurrent Cleanup for Next Mark 28.460ms
[2025-10-13T23:37:30.029-0700][1084][info ][gc          ] GC(172) Concurrent Mark Cycle 1077.030ms
[2025-10-13T23:37:31.001-0700][1201][info ][safepoint   ] Safepoint "Cleanup", Time since last: 1000097537 ns, Reaching safepoint: 896852 ns, Cleanup: 15333 ns, At safepoint: 671261 ns, Total: 1583446 ns
[2025-10-13T23:37:32.003-0700][1201][info ][safepoint   ] Safepoint "Cleanup", Time since last: 1000114333 ns, Reaching safepoint: 792855 ns, Cleanup: 15623 ns, At safepoint: 724211 ns, Total: 1532689 ns
[2025-10-13T23:37:33.004-0700][1201][info ][safepoint   ] Safepoint "Cleanup", Time since last: 1000112781 ns, Reaching safepoint: 836750 ns, Cleanup: 13300 ns, At safepoint: 847548 ns, Total: 1697598 ns
[2025-10-13T23:37:34.006-0700][1201][info ][safepoint   ] Safepoint "Cleanup", Time since last: 1000111237 ns, Reaching safepoint: 859856 ns, Cleanup: 15113 ns, At safepoint: 725914 ns, Total: 1600883 ns
[2025-10-13T23:37:35.009-0700][1201][info ][safepoint   ] Safepoint "Cleanup", Time since last: 1000112339 ns, Reaching safepoint: 1624588 ns, Cleanup: 22895 ns, At safepoint: 1027648 ns, Total: 2675131 ns
[2025-10-13T23:37:36.011-0700][1201][info ][safepoint   ] Safepoint "Cleanup", Time since last: 1000108594 ns, Reaching safepoint: 903371 ns, Cleanup: 9394 ns, At safepoint: 703010 ns, Total: 1615775 ns
[2025-10-13T23:37:36.875-0700][1201][info ][gc,start    ] GC(173) Pause Young (Prepare Mixed) (G1 Evacuation Pause)
[2025-10-13T23:37:36.876-0700][1201][info ][gc,task     ] GC(173) Using 113 workers of 113 for evacuation
[2025-10-13T23:37:36.892-0700][1201][debug][gc,remset   ] GC(173) Visited cards 10565888 Total dirty 84738048 (12.47%) Total old 496893952 (2.13%)
[2025-10-13T23:37:37.048-0700][1201][info ][gc,phases   ] GC(173)   Pre Evacuate Collection Set: 0.9ms
[2025-10-13T23:37:37.048-0700][1201][info ][gc,phases   ] GC(173)   Merge Heap Roots: 15.1ms
[2025-10-13T23:37:37.048-0700][1201][info ][gc,phases   ] GC(173)   Evacuate Collection Set: 141.9ms
[2025-10-13T23:37:37.048-0700][1201][info ][gc,phases   ] GC(173)   Post Evacuate Collection Set: 14.7ms
[2025-10-13T23:37:37.048-0700][1201][info ][gc,phases   ] GC(173)   Other: 0.2ms
[2025-10-13T23:37:37.048-0700][1201][debug][gc,remset   ] GC(173) Coarsening (recent): Inline->AoC 161128 (7) AoC->Howl 7004 (0) Howl->Full 0 (0) Inline->AoC 26532 (0) AoC->BitMap 8566 (0) BitMap->Full 2 (0) 
[2025-10-13T23:37:37.048-0700][1201][debug][gc,remset   ] GC(173) Coarsening (all): Inline->AoC 3601198 (142) AoC->Howl 68605 (448) Howl->Full 0 (0) Inline->AoC 301078 (145) AoC->BitMap 75277 (366) BitMap->Full 5 (0) 
[2025-10-13T23:37:37.048-0700][1201][info ][gc,heap     ] GC(173) Eden regions: 2935->0(2551)
[2025-10-13T23:37:37.048-0700][1201][info ][gc,heap     ] GC(173) Survivor regions: 155->197(387)
[2025-10-13T23:37:37.048-0700][1201][info ][gc,heap     ] GC(173) Old regions: 1382->1382
[2025-10-13T23:37:37.048-0700][1201][info ][gc,heap     ] GC(173) Humongous regions: 20->0
[2025-10-13T23:37:37.048-0700][1201][info ][gc,metaspace] GC(173) Metaspace: 311321K(317248K)->311321K(317248K) NonClass: 275699K(278912K)->275699K(278912K) Class: 35621K(38336K)->35621K(38336K)
[2025-10-13T23:37:37.048-0700][1201][info ][gc          ] GC(173) Pause Young (Prepare Mixed) (G1 Evacuation Pause) 143725M->50513M(184320M) 173.002ms
[2025-10-13T23:37:37.050-0700][1201][info ][gc,cpu      ] GC(173) User=14.66s Sys=0.10s Real=0.18s
[2025-10-13T23:37:37.051-0700][1201][info ][safepoint   ] Safepoint "G1CollectForAllocation", Time since last: 862637491 ns, Reaching safepoint: 1015390 ns, Cleanup: 4847 ns, At safepoint: 176678123 ns, Total: 177698360 ns
[2025-10-13T23:37:38.056-0700][1201][info ][safepoint   ] Safepoint "Cleanup", Time since last: 1000080932 ns, Reaching safepoint: 3882621 ns, Cleanup: 12629 ns, At safepoint: 959015 ns, Total: 4854265 ns
[2025-10-13T23:37:40.058-0700][1201][info ][safepoint   ] Safepoint "Cleanup", Time since last: 2000168664 ns, Reaching safepoint: 908459 ns, Cleanup: 53310 ns, At safepoint: 919766 ns, Total: 1881535 ns
[2025-10-13T23:37:41.065-0700][1201][info ][safepoint   ] Safepoint "Cleanup", Time since last: 1000119461 ns, Reaching safepoint: 5124972 ns, Cleanup: 18428 ns, At safepoint: 1708515 ns, Total: 6851915 ns
[2025-10-13T23:37:43.067-0700][1201][info ][safepoint   ] Safepoint "Cleanup", Time since last: 2000178849 ns, Reaching safepoint: 880687 ns, Cleanup: 19400 ns, At safepoint: 677681 ns, Total: 1577768 ns
[2025-10-13T23:37:44.070-0700][1201][info ][safepoint   ] Safepoint "Cleanup", Time since last: 1000109695 ns, Reaching safepoint: 1506390 ns, Cleanup: 40631 ns, At safepoint: 1930009 ns, Total: 3477030 ns
[2025-10-13T23:37:45.073-0700][1201][info ][safepoint   ] Safepoint "Cleanup", Time since last: 1000138679 ns, Reaching safepoint: 1101299 ns, Cleanup: 27221 ns, At safepoint: 1413971 ns, Total: 2542491 ns
[2025-10-13T23:37:46.075-0700][1201][info ][safepoint   ] Safepoint "Cleanup", Time since last: 1000116736 ns, Reaching safepoint: 815058 ns, Cleanup: 19069 ns, At safepoint: 866285 ns, Total: 1700412 ns
[2025-10-13T23:37:46.244-0700][1201][info ][gc,start    ] GC(174) Pause Young (Mixed) (G1 Evacuation Pause)
[2025-10-13T23:37:46.244-0700][1201][info ][gc,task     ] GC(174) Using 113 workers of 113 for evacuation
[2025-10-13T23:37:46.259-0700][1201][debug][gc,remset   ] GC(174) Visited cards 10292736 Total dirty 80281600 (12.82%) Total old 531628032 (1.94%)
[2025-10-13T23:37:46.438-0700][1201][info ][gc,phases   ] GC(174)   Pre Evacuate Collection Set: 0.7ms
[2025-10-13T23:37:46.438-0700][1201][info ][gc,phases   ] GC(174)   Merge Heap Roots: 14.2ms
[2025-10-13T23:37:46.438-0700][1201][info ][gc,phases   ] GC(174)   Evacuate Collection Set: 164.3ms
[2025-10-13T23:37:46.438-0700][1201][info ][gc,phases   ] GC(174)   Post Evacuate Collection Set: 14.7ms
[2025-10-13T23:37:46.438-0700][1201][info ][gc,phases   ] GC(174)   Other: 0.2ms
[2025-10-13T23:37:46.438-0700][1201][debug][gc,remset   ] GC(174) Coarsening (recent): Inline->AoC 17389 (3) AoC->Howl 98 (12) Howl->Full 0 (0) Inline->AoC 384 (4) AoC->BitMap 40 (9) BitMap->Full 0 (0) 
[2025-10-13T23:37:46.438-0700][1201][debug][gc,remset   ] GC(174) Coarsening (all): Inline->AoC 3618587 (145) AoC->Howl 68703 (460) Howl->Full 0 (0) Inline->AoC 301462 (149) AoC->BitMap 75317 (375) BitMap->Full 5 (0) 
[2025-10-13T23:37:46.438-0700][1201][info ][gc,heap     ] GC(174) Eden regions: 3102->0(1610)
[2025-10-13T23:37:46.438-0700][1201][info ][gc,heap     ] GC(174) Survivor regions: 197->245(413)
[2025-10-13T23:37:46.438-0700][1201][info ][gc,heap     ] GC(174) Old regions: 1382->1279
[2025-10-13T23:37:46.438-0700][1201][info ][gc,heap     ] GC(174) Humongous regions: 27->0
[2025-10-13T23:37:46.438-0700][1201][info ][gc,metaspace] GC(174) Metaspace: 311421K(317312K)->311421K(317312K) NonClass: 275784K(278976K)->275784K(278976K) Class: 35637K(38336K)->35637K(38336K)
[2025-10-13T23:37:46.438-0700][1201][info ][gc          ] GC(174) Pause Young (Mixed) (G1 Evacuation Pause) 150641M->48718M(184320M) 194.342ms
[2025-10-13T23:37:46.439-0700][1201][info ][gc,cpu      ] GC(174) User=17.00s Sys=0.07s Real=0.20s
[2025-10-13T23:37:46.440-0700][1201][info ][safepoint   ] Safepoint "G1CollectForAllocation", Time since last: 166897655 ns, Reaching safepoint: 784903 ns, Cleanup: 4456 ns, At safepoint: 197974474 ns, Total: 198763833 ns
[2025-10-13T23:37:50.451-0700][1201][info ][safepoint   ] Safepoint "Cleanup", Time since last: 4000257439 ns, Reaching safepoint: 9425172 ns, Cleanup: 13741 ns, At safepoint: 729008 ns, Total: 10167921 ns
[2025-10-13T23:37:52.475-0700][1201][info ][safepoint   ] Safepoint "Cleanup", Time since last: 2000171018 ns, Reaching safepoint: 21841823 ns, Cleanup: 13691 ns, At safepoint: 1925321 ns, Total: 23780835 ns
[2025-10-13T23:37:53.478-0700][1201][info ][safepoint   ] Safepoint "Cleanup", Time since last: 1000121173 ns, Reaching safepoint: 1062000 ns, Cleanup: 11157 ns, At safepoint: 2041306 ns, Total: 3114463 ns
[2025-10-13T23:37:53.748-0700][1201][info ][gc,start    ] GC(175) Pause Young (Mixed) (G1 Evacuation Pause)
[2025-10-13T23:37:53.748-0700][1201][info ][gc,task     ] GC(175) Using 113 workers of 113 for evacuation
[2025-10-13T23:37:53.763-0700][1201][debug][gc,remset   ] GC(175) Visited cards 10273536 Total dirty 74055680 (13.87%) Total old 401080320 (2.56%)
[2025-10-13T23:37:53.957-0700][1201][info ][gc,mmu      ] GC(175) MMU target violated: 201.0ms (200.0ms/201.0ms)
[2025-10-13T23:37:53.957-0700][1201][info ][gc,phases   ] GC(175)   Pre Evacuate Collection Set: 0.8ms
[2025-10-13T23:37:53.957-0700][1201][info ][gc,phases   ] GC(175)   Merge Heap Roots: 14.0ms
[2025-10-13T23:37:53.957-0700][1201][info ][gc,phases   ] GC(175)   Evacuate Collection Set: 176.2ms
[2025-10-13T23:37:53.957-0700][1201][info ][gc,phases   ] GC(175)   Post Evacuate Collection Set: 17.4ms
[2025-10-13T23:37:53.957-0700][1201][info ][gc,phases   ] GC(175)   Other: 0.2ms
[2025-10-13T23:37:53.957-0700][1201][debug][gc,remset   ] GC(175) Coarsening (recent): Inline->AoC 19870 (2) AoC->Howl 117 (0) Howl->Full 0 (0) Inline->AoC 576 (0) AoC->BitMap 34 (0) BitMap->Full 0 (0) 
[2025-10-13T23:37:53.957-0700][1201][debug][gc,remset   ] GC(175) Coarsening (all): Inline->AoC 3638457 (147) AoC->Howl 68820 (460) Howl->Full 0 (0) Inline->AoC 302038 (149) AoC->BitMap 75351 (375) BitMap->Full 5 (0) 
[2025-10-13T23:37:53.957-0700][1201][info ][gc,heap     ] GC(175) Eden regions: 2116->0(3311)
[2025-10-13T23:37:53.957-0700][1201][info ][gc,heap     ] GC(175) Survivor regions: 245->145(296)
[2025-10-13T23:37:53.957-0700][1201][info ][gc,heap     ] GC(175) Old regions: 1279->1303
[2025-10-13T23:37:53.957-0700][1201][info ][gc,heap     ] GC(175) Humongous regions: 14->0
[2025-10-13T23:37:53.957-0700][1201][info ][gc,metaspace] GC(175) Metaspace: 311429K(317312K)->311429K(317312K) NonClass: 275790K(278976K)->275790K(278976K) Class: 35638K(38336K)->35638K(38336K)
[2025-10-13T23:37:53.957-0700][1201][info ][gc          ] GC(175) Pause Young (Mixed) (G1 Evacuation Pause) 116878M->46322M(184320M) 208.715ms
[2025-10-13T23:37:53.958-0700][1201][info ][gc,cpu      ] GC(175) User=17.79s Sys=0.09s Real=0.21s
[2025-10-13T23:37:53.959-0700][1201][info ][safepoint   ] Safepoint "G1CollectForAllocation", Time since last: 267961967 ns, Reaching safepoint: 949741 ns, Cleanup: 5238 ns, At safepoint: 212233730 ns, Total: 213188709 ns
[2025-10-13T23:37:54.962-0700][1201][info ][safepoint   ] Safepoint "Cleanup", Time since last: 1000080382 ns, Reaching safepoint: 1746381 ns, Cleanup: 10756 ns, At safepoint: 920498 ns, Total: 2677635 ns
[2025-10-13T23:37:55.963-0700][1201][info ][safepoint   ] Safepoint "Cleanup", Time since last: 1000112409 ns, Reaching safepoint: 923021 ns, Cleanup: 12789 ns, At safepoint: 519974 ns, Total: 1455784 ns
[2025-10-13T23:37:58.965-0700][1201][info ][safepoint   ] Safepoint "Cleanup", Time since last: 3000247253 ns, Reaching safepoint: 1129542 ns, Cleanup: 11186 ns, At safepoint: 237488 ns, Total: 1378216 ns
[2025-10-13T23:37:59.966-0700][1201][info ][safepoint   ] Safepoint "Cleanup", Time since last: 1000112790 ns, Reaching safepoint: 825514 ns, Cleanup: 10236 ns, At safepoint: 231839 ns, Total: 1067589 ns
[2025-10-13T23:38:00.968-0700][1201][info ][safepoint   ] Safepoint "Cleanup", Time since last: 1000111548 ns, Reaching safepoint: 848289 ns, Cleanup: 10225 ns, At safepoint: 609368 ns, Total: 1467882 ns
[2025-10-13T23:38:01.970-0700][1201][info ][safepoint   ] Safepoint "Cleanup", Time since last: 1000103426 ns, Reaching safepoint: 872896 ns, Cleanup: 11046 ns, At safepoint: 763220 ns, Total: 1647162 ns
[2025-10-13T23:38:02.973-0700][1201][info ][safepoint   ] Safepoint "Cleanup", Time since last: 1000113031 ns, Reaching safepoint: 1536084 ns, Cleanup: 16405 ns, At safepoint: 1278887 ns, Total: 2831376 ns
[2025-10-13T23:38:03.975-0700][1201][info ][safepoint   ] Safepoint "Cleanup", Time since last: 1000086220 ns, Reaching safepoint: 803882 ns, Cleanup: 17826 ns, At safepoint: 1140920 ns, Total: 1962628 ns
[2025-10-13T23:38:05.749-0700][1201][info ][gc,start    ] GC(176) Pause Young (Mixed) (G1 Evacuation Pause)
[2025-10-13T23:38:05.749-0700][1201][info ][gc,task     ] GC(176) Using 113 workers of 113 for evacuation
[2025-10-13T23:38:05.764-0700][1201][debug][gc,remset   ] GC(176) Visited cards 12649984 Total dirty 71434240 (17.71%) Total old 553058304 (2.29%)
[2025-10-13T23:38:05.902-0700][1201][debug][gc,remset   ] GC(176) Visited cards 1658624 Total dirty 63766528 (2.60%) Total old 569769984 (0.29%)
[2025-10-13T23:38:05.927-0700][1201][info ][gc,phases   ] GC(176)   Pre Evacuate Collection Set: 0.8ms
[2025-10-13T23:38:05.927-0700][1201][info ][gc,phases   ] GC(176)   Merge Heap Roots: 14.2ms
[2025-10-13T23:38:05.927-0700][1201][info ][gc,phases   ] GC(176)   Evacuate Collection Set: 136.6ms
[2025-10-13T23:38:05.927-0700][1201][info ][gc,phases   ] GC(176)   Merge Optional Heap Roots: 1.0ms
[2025-10-13T23:38:05.927-0700][1201][info ][gc,phases   ] GC(176)   Evacuate Optional Collection Set: 7.5ms
[2025-10-13T23:38:05.927-0700][1201][info ][gc,phases   ] GC(176)   Post Evacuate Collection Set: 17.1ms
[2025-10-13T23:38:05.927-0700][1201][info ][gc,phases   ] GC(176)   Other: 0.2ms
[2025-10-13T23:38:05.927-0700][1201][debug][gc,remset   ] GC(176) Coarsening (recent): Inline->AoC 39882 (0) AoC->Howl 873 (0) Howl->Full 0 (0) Inline->AoC 2175 (0) AoC->BitMap 797 (0) BitMap->Full 0 (0) 
[2025-10-13T23:38:05.927-0700][1201][debug][gc,remset   ] GC(176) Coarsening (all): Inline->AoC 3678339 (147) AoC->Howl 69693 (460) Howl->Full 0 (0) Inline->AoC 304213 (149) AoC->BitMap 76148 (375) BitMap->Full 5 (0) 
[2025-10-13T23:38:05.927-0700][1201][info ][gc,heap     ] GC(176) Eden regions: 3311->0(2238)
[2025-10-13T23:38:05.927-0700][1201][info ][gc,heap     ] GC(176) Survivor regions: 145->203(432)
[2025-10-13T23:38:05.927-0700][1201][info ][gc,heap     ] GC(176) Old regions: 1303->1087
[2025-10-13T23:38:05.927-0700][1201][info ][gc,heap     ] GC(176) Humongous regions: 23->1
[2025-10-13T23:38:05.927-0700][1201][info ][gc,metaspace] GC(176) Metaspace: 311512K(317312K)->311512K(317312K) NonClass: 275870K(278976K)->275870K(278976K) Class: 35641K(38336K)->35641K(38336K)
[2025-10-13T23:38:05.927-0700][1201][info ][gc          ] GC(176) Pause Young (Mixed) (G1 Evacuation Pause) 153010M->41306M(184320M) 177.590ms
[2025-10-13T23:38:05.928-0700][1201][info ][gc,cpu      ] GC(176) User=15.86s Sys=0.19s Real=0.17s
[2025-10-13T23:38:05.929-0700][1201][info ][safepoint   ] Safepoint "G1CollectForAllocation", Time since last: 1772588358 ns, Reaching safepoint: 746815 ns, Cleanup: 5408 ns, At safepoint: 180939865 ns, Total: 181692088 ns
[2025-10-13T23:38:06.930-0700][1201][info ][safepoint   ] Safepoint "Cleanup", Time since last: 1000102755 ns, Reaching safepoint: 897683 ns, Cleanup: 11026 ns, At safepoint: 104688 ns, Total: 1013397 ns
[2025-10-13T23:38:07.931-0700][1201][info ][safepoint   ] Safepoint "Cleanup", Time since last: 1000110547 ns, Reaching safepoint: 747316 ns, Cleanup: 11707 ns, At safepoint: 135044 ns, Total: 894067 ns
[2025-10-13T23:38:08.932-0700][1201][info ][safepoint   ] Safepoint "Cleanup", Time since last: 1000104247 ns, Reaching safepoint: 754207 ns, Cleanup: 10355 ns, At safepoint: 136967 ns, Total: 901529 ns
[2025-10-13T23:38:10.933-0700][1201][info ][safepoint   ] Safepoint "Cleanup", Time since last: 2000157317 ns, Reaching safepoint: 781027 ns, Cleanup: 10115 ns, At safepoint: 160352 ns, Total: 951494 ns
[2025-10-13T23:38:15.740-0700][1201][info ][gc,start    ] GC(177) Pause Young (Mixed) (G1 Evacuation Pause)
[2025-10-13T23:38:15.740-0700][1201][info ][gc,task     ] GC(177) Using 113 workers of 113 for evacuation
[2025-10-13T23:38:15.756-0700][1201][debug][gc,remset   ] GC(177) Visited cards 12058624 Total dirty 64552960 (18.68%) Total old 446103552 (2.70%)
[2025-10-13T23:38:15.937-0700][1201][info ][gc,phases   ] GC(177)   Pre Evacuate Collection Set: 0.9ms
[2025-10-13T23:38:15.937-0700][1201][info ][gc,phases   ] GC(177)   Merge Heap Roots: 14.2ms
[2025-10-13T23:38:15.937-0700][1201][info ][gc,phases   ] GC(177)   Evacuate Collection Set: 165.4ms
[2025-10-13T23:38:15.937-0700][1201][info ][gc,phases   ] GC(177)   Post Evacuate Collection Set: 15.6ms
[2025-10-13T23:38:15.937-0700][1201][info ][gc,phases   ] GC(177)   Other: 0.2ms
[2025-10-13T23:38:15.937-0700][1201][debug][gc,remset   ] GC(177) Coarsening (recent): Inline->AoC 26192 (0) AoC->Howl 297 (0) Howl->Full 0 (0) Inline->AoC 1182 (0) AoC->BitMap 203 (0) BitMap->Full 0 (0) 
[2025-10-13T23:38:15.937-0700][1201][debug][gc,remset   ] GC(177) Coarsening (all): Inline->AoC 3704531 (147) AoC->Howl 69990 (460) Howl->Full 0 (0) Inline->AoC 305395 (149) AoC->BitMap 76351 (375) BitMap->Full 5 (0) 
[2025-10-13T23:38:15.937-0700][1201][info ][gc,heap     ] GC(177) Eden regions: 2595->0(2552)
[2025-10-13T23:38:15.937-0700][1201][info ][gc,heap     ] GC(177) Survivor regions: 203->188(350)
[2025-10-13T23:38:15.937-0700][1201][info ][gc,heap     ] GC(177) Old regions: 1087->1043
[2025-10-13T23:38:15.937-0700][1201][info ][gc,heap     ] GC(177) Humongous regions: 19->0
[2025-10-13T23:38:15.937-0700][1201][info ][gc,metaspace] GC(177) Metaspace: 311552K(317312K)->311552K(317312K) NonClass: 275908K(278976K)->275908K(278976K) Class: 35643K(38336K)->35643K(38336K)
[2025-10-13T23:38:15.937-0700][1201][info ][gc          ] GC(177) Pause Young (Mixed) (G1 Evacuation Pause) 124922M->39371M(184320M) 196.535ms
[2025-10-13T23:38:15.938-0700][1201][info ][gc,cpu      ] GC(177) User=17.32s Sys=0.00s Real=0.19s
[2025-10-13T23:38:15.939-0700][1201][info ][safepoint   ] Safepoint "G1CollectForAllocation", Time since last: 4804910581 ns, Reaching safepoint: 988739 ns, Cleanup: 17236 ns, At safepoint: 200102788 ns, Total: 201108763 ns
[2025-10-13T23:38:16.940-0700][1201][info ][safepoint   ] Safepoint "Cleanup", Time since last: 1000088247 ns, Reaching safepoint: 850001 ns, Cleanup: 11908 ns, At safepoint: 193501 ns, Total: 1055410 ns
[2025-10-13T23:38:17.942-0700][1201][info ][safepoint   ] Safepoint "Cleanup", Time since last: 1000105533 ns, Reaching safepoint: 841739 ns, Cleanup: 11637 ns, At safepoint: 274894 ns, Total: 1128270 ns
[2025-10-13T23:38:21.943-0700][1201][info ][safepoint   ] Safepoint "Cleanup", Time since last: 4000281921 ns, Reaching safepoint: 720146 ns, Cleanup: 36975 ns, At safepoint: 110457 ns, Total: 867578 ns
[2025-10-13T23:38:22.944-0700][1201][info ][safepoint   ] Safepoint "Cleanup", Time since last: 1000100105 ns, Reaching safepoint: 745112 ns, Cleanup: 24016 ns, At safepoint: 164018 ns, Total: 933146 ns
[2025-10-13T23:38:23.945-0700][1201][info ][safepoint   ] Safepoint "Cleanup", Time since last: 1000099474 ns, Reaching safepoint: 889159 ns, Cleanup: 18618 ns, At safepoint: 413934 ns, Total: 1321711 ns
[2025-10-13T23:38:25.648-0700][1201][info ][safepoint   ] Safepoint "Cleanup", Time since last: 1680620759 ns, Reaching safepoint: 19911462 ns, Cleanup: 22263 ns, At safepoint: 1831981 ns, Total: 21765706 ns
[2025-10-13T23:38:26.649-0700][1201][info ][safepoint   ] Safepoint "Cleanup", Time since last: 1000135598 ns, Reaching safepoint: 734126 ns, Cleanup: 19359 ns, At safepoint: 988620 ns, Total: 1742105 ns
[2025-10-13T23:38:27.651-0700][1201][info ][safepoint   ] Safepoint "Cleanup", Time since last: 1000071652 ns, Reaching safepoint: 723260 ns, Cleanup: 12579 ns, At safepoint: 1198886 ns, Total: 1934725 ns
[2025-10-13T23:38:28.051-0700][1201][info ][gc,start    ] GC(178) Pause Young (Mixed) (G1 Evacuation Pause)
[2025-10-13T23:38:28.052-0700][1201][info ][gc,task     ] GC(178) Using 113 workers of 113 for evacuation
[2025-10-13T23:38:28.066-0700][1201][debug][gc,remset   ] GC(178) Visited cards 13123584 Total dirty 60424192 (21.72%) Total old 458948608 (2.86%)
[2025-10-13T23:38:28.234-0700][1201][info ][gc,phases   ] GC(178)   Pre Evacuate Collection Set: 0.8ms
[2025-10-13T23:38:28.234-0700][1201][info ][gc,phases   ] GC(178)   Merge Heap Roots: 13.9ms
[2025-10-13T23:38:28.234-0700][1201][info ][gc,phases   ] GC(178)   Evacuate Collection Set: 151.4ms
[2025-10-13T23:38:28.234-0700][1201][info ][gc,phases   ] GC(178)   Post Evacuate Collection Set: 16.1ms
[2025-10-13T23:38:28.234-0700][1201][info ][gc,phases   ] GC(178)   Other: 0.2ms
[2025-10-13T23:38:28.234-0700][1201][debug][gc,remset   ] GC(178) Coarsening (recent): Inline->AoC 47345 (0) AoC->Howl 351 (0) Howl->Full 0 (0) Inline->AoC 1008 (0) AoC->BitMap 294 (0) BitMap->Full 0 (0) 
[2025-10-13T23:38:28.234-0700][1201][debug][gc,remset   ] GC(178) Coarsening (all): Inline->AoC 3751876 (147) AoC->Howl 70341 (460) Howl->Full 0 (0) Inline->AoC 306403 (149) AoC->BitMap 76645 (375) BitMap->Full 5 (0) 
[2025-10-13T23:38:28.234-0700][1201][info ][gc,heap     ] GC(178) Eden regions: 2731->0(1663)
[2025-10-13T23:38:28.234-0700][1201][info ][gc,heap     ] GC(178) Survivor regions: 188->226(365)
[2025-10-13T23:38:28.234-0700][1201][info ][gc,heap     ] GC(178) Old regions: 1043->955
[2025-10-13T23:38:28.234-0700][1201][info ][gc,heap     ] GC(178) Humongous regions: 17->0
[2025-10-13T23:38:28.234-0700][1201][info ][gc,metaspace] GC(178) Metaspace: 311619K(317312K)->311619K(317312K) NonClass: 275972K(278976K)->275972K(278976K) Class: 35646K(38336K)->35646K(38336K)
[2025-10-13T23:38:28.234-0700][1201][info ][gc          ] GC(178) Pause Young (Mixed) (G1 Evacuation Pause) 127307M->37760M(184320M) 182.549ms
[2025-10-13T23:38:28.235-0700][1201][info ][gc,cpu      ] GC(178) User=15.73s Sys=0.35s Real=0.18s
[2025-10-13T23:38:28.236-0700][1201][info ][safepoint   ] Safepoint "G1CollectForAllocation", Time since last: 398079522 ns, Reaching safepoint: 839645 ns, Cleanup: 3916 ns, At safepoint: 185984346 ns, Total: 186827907 ns
[2025-10-13T23:38:33.238-0700][1201][info ][safepoint   ] Safepoint "Cleanup", Time since last: 5000335811 ns, Reaching safepoint: 831533 ns, Cleanup: 13180 ns, At safepoint: 291359 ns, Total: 1136072 ns
[2025-10-13T23:38:33.845-0700][1201][info ][gc,start    ] GC(179) Pause Young (Mixed) (G1 Evacuation Pause)
[2025-10-13T23:38:33.845-0700][1201][info ][gc,task     ] GC(179) Using 113 workers of 113 for evacuation
[2025-10-13T23:38:33.859-0700][1201][debug][gc,remset   ] GC(179) Visited cards 12713984 Total dirty 55377920 (22.96%) Total old 368246784 (3.45%)
[2025-10-13T23:38:34.051-0700][1201][info ][gc,mmu      ] GC(179) MMU target violated: 201.0ms (200.0ms/201.0ms)
[2025-10-13T23:38:34.052-0700][1201][info ][gc,phases   ] GC(179)   Pre Evacuate Collection Set: 0.8ms
[2025-10-13T23:38:34.052-0700][1201][info ][gc,phases   ] GC(179)   Merge Heap Roots: 12.6ms
[2025-10-13T23:38:34.052-0700][1201][info ][gc,phases   ] GC(179)   Evacuate Collection Set: 178.6ms
[2025-10-13T23:38:34.052-0700][1201][info ][gc,phases   ] GC(179)   Post Evacuate Collection Set: 14.2ms
[2025-10-13T23:38:34.052-0700][1201][info ][gc,phases   ] GC(179)   Other: 0.2ms
[2025-10-13T23:38:34.052-0700][1201][debug][gc,remset   ] GC(179) Coarsening (recent): Inline->AoC 38055 (0) AoC->Howl 234 (0) Howl->Full 0 (0) Inline->AoC 958 (0) AoC->BitMap 118 (0) BitMap->Full 0 (0) 
[2025-10-13T23:38:34.052-0700][1201][debug][gc,remset   ] GC(179) Coarsening (all): Inline->AoC 3789931 (147) AoC->Howl 70575 (460) Howl->Full 0 (0) Inline->AoC 307361 (149) AoC->BitMap 76763 (375) BitMap->Full 5 (0) 
[2025-10-13T23:38:34.052-0700][1201][info ][gc,heap     ] GC(179) Eden regions: 2048->0(3302)
[2025-10-13T23:38:34.052-0700][1201][info ][gc,heap     ] GC(179) Survivor regions: 226->154(285)
[2025-10-13T23:38:34.052-0700][1201][info ][gc,heap     ] GC(179) Old regions: 955->958
[2025-10-13T23:38:34.052-0700][1201][info ][gc,heap     ] GC(179) Humongous regions: 11->0
[2025-10-13T23:38:34.052-0700][1201][info ][gc,metaspace] GC(179) Metaspace: 311666K(317376K)->311666K(317376K) NonClass: 276018K(279040K)->276018K(279040K) Class: 35647K(38336K)->35647K(38336K)
[2025-10-13T23:38:34.052-0700][1201][info ][gc          ] GC(179) Pause Young (Mixed) (G1 Evacuation Pause) 103648M->35573M(184320M) 206.544ms
[2025-10-13T23:38:34.053-0700][1201][info ][gc,cpu      ] GC(179) User=16.74s Sys=0.20s Real=0.21s
[2025-10-13T23:38:34.054-0700][1201][info ][safepoint   ] Safepoint "G1CollectForAllocation", Time since last: 605174002 ns, Reaching safepoint: 880757 ns, Cleanup: 20411 ns, At safepoint: 210100961 ns, Total: 211002129 ns
[2025-10-13T23:38:35.056-0700][1201][info ][safepoint   ] Safepoint "Cleanup", Time since last: 1000079811 ns, Reaching safepoint: 1399329 ns, Cleanup: 44257 ns, At safepoint: 305370 ns, Total: 1748956 ns
[2025-10-13T23:38:36.057-0700][1201][info ][safepoint   ] Safepoint "Cleanup", Time since last: 1000104899 ns, Reaching safepoint: 709580 ns, Cleanup: 20831 ns, At safepoint: 297178 ns, Total: 1027589 ns
[2025-10-13T23:38:37.075-0700][1201][info ][safepoint   ] Safepoint "Cleanup", Time since last: 1000103066 ns, Reaching safepoint: 15478196 ns, Cleanup: 23606 ns, At safepoint: 2022258 ns, Total: 17524060 ns
[2025-10-13T23:38:38.077-0700][1201][info ][safepoint   ] Safepoint "Cleanup", Time since last: 1000107503 ns, Reaching safepoint: 869330 ns, Cleanup: 62083 ns, At safepoint: 1688836 ns, Total: 2620249 ns
[2025-10-13T23:38:39.079-0700][1201][info ][safepoint   ] Safepoint "Cleanup", Time since last: 1000126391 ns, Reaching safepoint: 795689 ns, Cleanup: 286883 ns, At safepoint: 918243 ns, Total: 2000815 ns
[2025-10-13T23:38:40.082-0700][1201][info ][safepoint   ] Safepoint "Cleanup", Time since last: 1000110648 ns, Reaching safepoint: 857022 ns, Cleanup: 27792 ns, At safepoint: 1205617 ns, Total: 2090431 ns
[2025-10-13T23:38:42.084-0700][1201][info ][safepoint   ] Safepoint "Cleanup", Time since last: 2000175847 ns, Reaching safepoint: 857382 ns, Cleanup: 25148 ns, At safepoint: 1007979 ns, Total: 1890509 ns
[2025-10-13T23:38:43.085-0700][1201][info ][safepoint   ] Safepoint "Cleanup", Time since last: 1000115224 ns, Reaching safepoint: 781709 ns, Cleanup: 30035 ns, At safepoint: 840066 ns, Total: 1651810 ns
[2025-10-13T23:38:44.088-0700][1201][info ][safepoint   ] Safepoint "Cleanup", Time since last: 1000117858 ns, Reaching safepoint: 1057324 ns, Cleanup: 18418 ns, At safepoint: 983041 ns, Total: 2058783 ns
[2025-10-13T23:38:44.474-0700][1201][info ][gc,start    ] GC(180) Pause Young (Mixed) (G1 Evacuation Pause)
[2025-10-13T23:38:44.474-0700][1201][info ][gc,task     ] GC(180) Using 113 workers of 113 for evacuation
[2025-10-13T23:38:44.487-0700][1201][debug][gc,remset   ] GC(180) Visited cards 14673408 Total dirty 58195968 (25.21%) Total old 522387456 (2.81%)
[2025-10-13T23:38:44.658-0700][1201][info ][gc,phases   ] GC(180)   Pre Evacuate Collection Set: 0.7ms
[2025-10-13T23:38:44.658-0700][1201][info ][gc,phases   ] GC(180)   Merge Heap Roots: 12.9ms
[2025-10-13T23:38:44.658-0700][1201][info ][gc,phases   ] GC(180)   Evacuate Collection Set: 154.4ms
[2025-10-13T23:38:44.658-0700][1201][info ][gc,phases   ] GC(180)   Post Evacuate Collection Set: 16.3ms
[2025-10-13T23:38:44.658-0700][1201][info ][gc,phases   ] GC(180)   Other: 0.2ms
[2025-10-13T23:38:44.658-0700][1201][debug][gc,remset   ] GC(180) Coarsening (recent): Inline->AoC 51326 (0) AoC->Howl 361 (0) Howl->Full 0 (0) Inline->AoC 1068 (0) AoC->BitMap 282 (0) BitMap->Full 0 (0) 
[2025-10-13T23:38:44.658-0700][1201][debug][gc,remset   ] GC(180) Coarsening (all): Inline->AoC 3841257 (147) AoC->Howl 70936 (460) Howl->Full 0 (0) Inline->AoC 308429 (149) AoC->BitMap 77045 (375) BitMap->Full 5 (0) 
[2025-10-13T23:38:44.658-0700][1201][info ][gc,heap     ] GC(180) Eden regions: 3302->0(3247)
[2025-10-13T23:38:44.658-0700][1201][info ][gc,heap     ] GC(180) Survivor regions: 154->209(432)
[2025-10-13T23:38:44.658-0700][1201][info ][gc,heap     ] GC(180) Old regions: 958->902
[2025-10-13T23:38:44.658-0700][1201][info ][gc,heap     ] GC(180) Humongous regions: 21->0
[2025-10-13T23:38:44.658-0700][1201][info ][gc,metaspace] GC(180) Metaspace: 311853K(317568K)->311853K(317568K) NonClass: 276182K(279232K)->276182K(279232K) Class: 35670K(38336K)->35670K(38336K)
[2025-10-13T23:38:44.658-0700][1201][info ][gc          ] GC(180) Pause Young (Mixed) (G1 Evacuation Pause) 141909M->35514M(184320M) 184.728ms
[2025-10-13T23:38:44.659-0700][1201][info ][gc,cpu      ] GC(180) User=16.03s Sys=0.41s Real=0.19s
[2025-10-13T23:38:44.661-0700][1201][info ][safepoint   ] Safepoint "G1CollectForAllocation", Time since last: 383735515 ns, Reaching safepoint: 1029802 ns, Cleanup: 8403 ns, At safepoint: 188147216 ns, Total: 189185421 ns
[2025-10-13T23:38:45.666-0700][1201][info ][safepoint   ] Safepoint "Cleanup", Time since last: 1000082405 ns, Reaching safepoint: 3920738 ns, Cleanup: 21142 ns, At safepoint: 1296905 ns, Total: 5238785 ns
[2025-10-13T23:38:47.667-0700][1201][info ][safepoint   ] Safepoint "Cleanup", Time since last: 2000163599 ns, Reaching safepoint: 857382 ns, Cleanup: 19369 ns, At safepoint: 432381 ns, Total: 1309132 ns
[2025-10-13T23:38:55.400-0700][1201][info ][gc,start    ] GC(181) Pause Young (Normal) (G1 Evacuation Pause)
[2025-10-13T23:38:55.400-0700][1201][info ][gc,task     ] GC(181) Using 113 workers of 113 for evacuation
[2025-10-13T23:38:55.413-0700][1201][debug][gc,remset   ] GC(181) Visited cards 9058304 Total dirty 54067200 (16.75%) Total old 513081344 (1.77%)
[2025-10-13T23:38:55.576-0700][1201][info ][gc,phases   ] GC(181)   Pre Evacuate Collection Set: 0.7ms
[2025-10-13T23:38:55.576-0700][1201][info ][gc,phases   ] GC(181)   Merge Heap Roots: 12.9ms
[2025-10-13T23:38:55.576-0700][1201][info ][gc,phases   ] GC(181)   Evacuate Collection Set: 146.2ms
[2025-10-13T23:38:55.576-0700][1201][info ][gc,phases   ] GC(181)   Post Evacuate Collection Set: 16.2ms
[2025-10-13T23:38:55.576-0700][1201][info ][gc,phases   ] GC(181)   Other: 0.2ms
[2025-10-13T23:38:55.576-0700][1201][debug][gc,remset   ] GC(181) Coarsening (recent): Inline->AoC 31696 (0) AoC->Howl 68 (0) Howl->Full 0 (0) Inline->AoC 326 (1) AoC->BitMap 32 (0) BitMap->Full 0 (0) 
[2025-10-13T23:38:55.576-0700][1201][debug][gc,remset   ] GC(181) Coarsening (all): Inline->AoC 3872953 (147) AoC->Howl 71004 (460) Howl->Full 0 (0) Inline->AoC 308755 (150) AoC->BitMap 77077 (375) BitMap->Full 5 (0) 
[2025-10-13T23:38:55.576-0700][1201][info ][gc,heap     ] GC(181) Eden regions: 3247->0(2558)
[2025-10-13T23:38:55.576-0700][1201][info ][gc,heap     ] GC(181) Survivor regions: 209->250(432)
[2025-10-13T23:38:55.576-0700][1201][info ][gc,heap     ] GC(181) Old regions: 902->902
[2025-10-13T23:38:55.576-0700][1201][info ][gc,heap     ] GC(181) Humongous regions: 15->0
[2025-10-13T23:38:55.576-0700][1201][info ][gc,metaspace] GC(181) Metaspace: 311861K(317568K)->311861K(317568K) NonClass: 276190K(279232K)->276190K(279232K) Class: 35671K(38336K)->35671K(38336K)
[2025-10-13T23:38:55.576-0700][1201][info ][gc          ] GC(181) Pause Young (Normal) (G1 Evacuation Pause) 139898M->36834M(184320M) 176.322ms
[2025-10-13T23:38:55.577-0700][1201][info ][gc,cpu      ] GC(181) User=16.90s Sys=0.26s Real=0.17s
[2025-10-13T23:38:55.578-0700][1201][info ][safepoint   ] Safepoint "G1CollectForAllocation", Time since last: 7730306860 ns, Reaching safepoint: 717421 ns, Cleanup: 9855 ns, At safepoint: 179704142 ns, Total: 180431418 ns
[2025-10-13T23:39:00.579-0700][1201][info ][safepoint   ] Safepoint "Cleanup", Time since last: 5000291174 ns, Reaching safepoint: 700305 ns, Cleanup: 18829 ns, At safepoint: 156856 ns, Total: 875990 ns
[2025-10-13T23:39:01.580-0700][1201][info ][safepoint   ] Safepoint "Cleanup", Time since last: 1000121434 ns, Reaching safepoint: 697782 ns, Cleanup: 20290 ns, At safepoint: 178580 ns, Total: 896652 ns
[2025-10-13T23:39:02.581-0700][1201][info ][safepoint   ] Safepoint "Cleanup", Time since last: 1000097558 ns, Reaching safepoint: 694416 ns, Cleanup: 12779 ns, At safepoint: 371060 ns, Total: 1078255 ns
[2025-10-13T23:39:05.255-0700][1201][info ][gc,start    ] GC(182) Pause Young (Normal) (G1 Evacuation Pause)
[2025-10-13T23:39:05.255-0700][1201][info ][gc,task     ] GC(182) Using 113 workers of 113 for evacuation
[2025-10-13T23:39:05.267-0700][1201][debug][gc,remset   ] GC(182) Visited cards 9069312 Total dirty 54132736 (16.75%) Total old 454754304 (1.99%)
[2025-10-13T23:39:05.453-0700][1201][info ][gc,phases   ] GC(182)   Pre Evacuate Collection Set: 0.7ms
[2025-10-13T23:39:05.453-0700][1201][info ][gc,phases   ] GC(182)   Merge Heap Roots: 11.8ms
[2025-10-13T23:39:05.453-0700][1201][info ][gc,phases   ] GC(182)   Evacuate Collection Set: 170.8ms
[2025-10-13T23:39:05.453-0700][1201][info ][gc,phases   ] GC(182)   Post Evacuate Collection Set: 14.7ms
[2025-10-13T23:39:05.453-0700][1201][info ][gc,phases   ] GC(182)   Other: 0.2ms
[2025-10-13T23:39:05.453-0700][1201][debug][gc,remset   ] GC(182) Coarsening (recent): Inline->AoC 24650 (0) AoC->Howl 123 (0) Howl->Full 0 (0) Inline->AoC 559 (0) AoC->BitMap 85 (0) BitMap->Full 0 (0) 
[2025-10-13T23:39:05.453-0700][1201][debug][gc,remset   ] GC(182) Coarsening (all): Inline->AoC 3897603 (147) AoC->Howl 71127 (460) Howl->Full 0 (0) Inline->AoC 309314 (150) AoC->BitMap 77162 (375) BitMap->Full 5 (0) 
[2025-10-13T23:39:05.453-0700][1201][info ][gc,heap     ] GC(182) Eden regions: 2761->0(3241)
[2025-10-13T23:39:05.453-0700][1201][info ][gc,heap     ] GC(182) Survivor regions: 250->215(377)
[2025-10-13T23:39:05.453-0700][1201][info ][gc,heap     ] GC(182) Old regions: 902->971
[2025-10-13T23:39:05.453-0700][1201][info ][gc,heap     ] GC(182) Humongous regions: 15->0
[2025-10-13T23:39:05.453-0700][1201][info ][gc,metaspace] GC(182) Metaspace: 311873K(317632K)->311873K(317632K) NonClass: 276199K(279232K)->276199K(279232K) Class: 35673K(38400K)->35673K(38400K)
[2025-10-13T23:39:05.453-0700][1201][info ][gc          ] GC(182) Pause Young (Normal) (G1 Evacuation Pause) 125666M->37900M(184320M) 198.182ms
[2025-10-13T23:39:05.454-0700][1201][info ][gc,cpu      ] GC(182) User=18.14s Sys=0.23s Real=0.20s
[2025-10-13T23:39:05.455-0700][1201][info ][safepoint   ] Safepoint "G1CollectForAllocation", Time since last: 2671460690 ns, Reaching safepoint: 712214 ns, Cleanup: 11257 ns, At safepoint: 201551646 ns, Total: 202275117 ns
[2025-10-13T23:39:06.457-0700][1201][info ][safepoint   ] Safepoint "Cleanup", Time since last: 1000082336 ns, Reaching safepoint: 872084 ns, Cleanup: 37156 ns, At safepoint: 373463 ns, Total: 1282703 ns
[2025-10-13T23:39:07.458-0700][1201][info ][safepoint   ] Safepoint "Cleanup", Time since last: 1000111583 ns, Reaching safepoint: 889820 ns, Cleanup: 16165 ns, At safepoint: 487094 ns, Total: 1393079 ns
[2025-10-13T23:39:08.460-0700][1201][info ][safepoint   ] Safepoint "Cleanup", Time since last: 1000135964 ns, Reaching safepoint: 817462 ns, Cleanup: 17967 ns, At safepoint: 586473 ns, Total: 1421902 ns
[2025-10-13T23:39:09.462-0700][1201][info ][safepoint   ] Safepoint "Cleanup", Time since last: 1000104337 ns, Reaching safepoint: 854087 ns, Cleanup: 10275 ns, At safepoint: 960618 ns, Total: 1824980 ns
[2025-10-13T23:39:10.464-0700][1201][info ][safepoint   ] Safepoint "Cleanup", Time since last: 1000186911 ns, Reaching safepoint: 854197 ns, Cleanup: 35453 ns, At safepoint: 1067709 ns, Total: 1957359 ns
[2025-10-13T23:39:14.973-0700][1201][info ][gc,start    ] GC(183) Pause Young (Normal) (G1 Evacuation Pause)
[2025-10-13T23:39:14.973-0700][1201][info ][gc,task     ] GC(183) Using 113 workers of 113 for evacuation
[2025-10-13T23:39:14.987-0700][1201][debug][gc,remset   ] GC(183) Visited cards 9185792 Total dirty 58327040 (15.75%) Total old 517472256 (1.78%)
[2025-10-13T23:39:15.157-0700][1201][info ][gc,phases   ] GC(183)   Pre Evacuate Collection Set: 1.2ms
[2025-10-13T23:39:15.157-0700][1201][info ][gc,phases   ] GC(183)   Merge Heap Roots: 12.1ms
[2025-10-13T23:39:15.157-0700][1201][info ][gc,phases   ] GC(183)   Evacuate Collection Set: 155.0ms
[2025-10-13T23:39:15.157-0700][1201][info ][gc,phases   ] GC(183)   Post Evacuate Collection Set: 15.4ms
[2025-10-13T23:39:15.157-0700][1201][info ][gc,phases   ] GC(183)   Other: 0.2ms
[2025-10-13T23:39:15.157-0700][1201][debug][gc,remset   ] GC(183) Coarsening (recent): Inline->AoC 25834 (0) AoC->Howl 112 (0) Howl->Full 0 (0) Inline->AoC 401 (0) AoC->BitMap 57 (0) BitMap->Full 0 (0) 
[2025-10-13T23:39:15.157-0700][1201][debug][gc,remset   ] GC(183) Coarsening (all): Inline->AoC 3923437 (147) AoC->Howl 71239 (460) Howl->Full 0 (0) Inline->AoC 309715 (150) AoC->BitMap 77219 (375) BitMap->Full 5 (0) 
[2025-10-13T23:39:15.157-0700][1201][info ][gc,heap     ] GC(183) Eden regions: 3241->0(3053)
[2025-10-13T23:39:15.157-0700][1201][info ][gc,heap     ] GC(183) Survivor regions: 215->248(432)
[2025-10-13T23:39:15.157-0700][1201][info ][gc,heap     ] GC(183) Old regions: 971->971
[2025-10-13T23:39:15.157-0700][1201][info ][gc,heap     ] GC(183) Humongous regions: 13->0
[2025-10-13T23:39:15.157-0700][1201][info ][gc,metaspace] GC(183) Metaspace: 311973K(317760K)->311973K(317760K) NonClass: 276287K(279360K)->276287K(279360K) Class: 35685K(38400K)->35685K(38400K)
[2025-10-13T23:39:15.157-0700][1201][info ][gc          ] GC(183) Pause Young (Normal) (G1 Evacuation Pause) 142028M->38976M(184320M) 183.998ms
[2025-10-13T23:39:15.158-0700][1201][info ][gc,cpu      ] GC(183) User=16.10s Sys=0.35s Real=0.19s
[2025-10-13T23:39:15.160-0700][1201][info ][safepoint   ] Safepoint "G1CollectForAllocation", Time since last: 4507779129 ns, Reaching safepoint: 697110 ns, Cleanup: 25809 ns, At safepoint: 187503657 ns, Total: 188226576 ns
[2025-10-13T23:39:16.161-0700][1201][info ][safepoint   ] Safepoint "Cleanup", Time since last: 1000090315 ns, Reaching safepoint: 830311 ns, Cleanup: 22955 ns, At safepoint: 218119 ns, Total: 1071385 ns
[2025-10-13T23:39:17.162-0700][1201][info ][safepoint   ] Safepoint "Cleanup", Time since last: 1000097676 ns, Reaching safepoint: 796210 ns, Cleanup: 36375 ns, At safepoint: 263817 ns, Total: 1096402 ns
[2025-10-13T23:39:19.163-0700][1201][info ][safepoint   ] Safepoint "Cleanup", Time since last: 2000167431 ns, Reaching safepoint: 765233 ns, Cleanup: 12329 ns, At safepoint: 481285 ns, Total: 1258847 ns
[2025-10-13T23:39:22.165-0700][1201][info ][safepoint   ] Safepoint "Cleanup", Time since last: 3000241101 ns, Reaching safepoint: 717221 ns, Cleanup: 18488 ns, At safepoint: 221454 ns, Total: 957163 ns
[2025-10-13T23:39:24.479-0700][1201][info ][gc,start    ] GC(184) Pause Young (Normal) (G1 Evacuation Pause)
[2025-10-13T23:39:24.479-0700][1201][info ][gc,task     ] GC(184) Using 113 workers of 113 for evacuation
[2025-10-13T23:39:24.494-0700][1201][debug][gc,remset   ] GC(184) Visited cards 9239552 Total dirty 58392576 (15.82%) Total old 517603328 (1.79%)
[2025-10-13T23:39:24.687-0700][1201][info ][gc,mmu      ] GC(184) MMU target violated: 201.0ms (200.0ms/201.0ms)
[2025-10-13T23:39:24.687-0700][1201][info ][gc,phases   ] GC(184)   Pre Evacuate Collection Set: 0.9ms
[2025-10-13T23:39:24.687-0700][1201][info ][gc,phases   ] GC(184)   Merge Heap Roots: 14.2ms
[2025-10-13T23:39:24.687-0700][1201][info ][gc,phases   ] GC(184)   Evacuate Collection Set: 177.4ms
[2025-10-13T23:39:24.687-0700][1201][info ][gc,phases   ] GC(184)   Post Evacuate Collection Set: 15.4ms
[2025-10-13T23:39:24.687-0700][1201][info ][gc,phases   ] GC(184)   Other: 0.2ms
[2025-10-13T23:39:24.687-0700][1201][debug][gc,remset   ] GC(184) Coarsening (recent): Inline->AoC 15347 (1) AoC->Howl 40 (0) Howl->Full 0 (0) Inline->AoC 213 (0) AoC->BitMap 13 (0) BitMap->Full 0 (0) 
[2025-10-13T23:39:24.687-0700][1201][debug][gc,remset   ] GC(184) Coarsening (all): Inline->AoC 3938784 (148) AoC->Howl 71279 (460) Howl->Full 0 (0) Inline->AoC 309928 (150) AoC->BitMap 77232 (375) BitMap->Full 5 (0) 
[2025-10-13T23:39:24.687-0700][1201][info ][gc,heap     ] GC(184) Eden regions: 3208->0(2641)
[2025-10-13T23:39:24.687-0700][1201][info ][gc,heap     ] GC(184) Survivor regions: 248->256(432)
[2025-10-13T23:39:24.687-0700][1201][info ][gc,heap     ] GC(184) Old regions: 971->996
[2025-10-13T23:39:24.687-0700][1201][info ][gc,heap     ] GC(184) Humongous regions: 15->0
[2025-10-13T23:39:24.687-0700][1201][info ][gc,metaspace] GC(184) Metaspace: 311986K(317760K)->311986K(317760K) NonClass: 276300K(279360K)->276300K(279360K) Class: 35685K(38400K)->35685K(38400K)
[2025-10-13T23:39:24.687-0700][1201][info ][gc          ] GC(184) Pause Young (Normal) (G1 Evacuation Pause) 142112M->40022M(184320M) 208.278ms
[2025-10-13T23:39:24.688-0700][1201][info ][gc,cpu      ] GC(184) User=18.81s Sys=0.22s Real=0.20s
[2025-10-13T23:39:24.689-0700][1201][info ][safepoint   ] Safepoint "G1CollectForAllocation", Time since last: 2311497466 ns, Reaching safepoint: 1342683 ns, Cleanup: 5459 ns, At safepoint: 211868819 ns, Total: 213216961 ns
[2025-10-13T23:39:28.712-0700][1201][info ][safepoint   ] Safepoint "Cleanup", Time since last: 4017545244 ns, Reaching safepoint: 3998155 ns, Cleanup: 10726 ns, At safepoint: 727747 ns, Total: 4736628 ns
[2025-10-13T23:39:29.713-0700][1201][info ][safepoint   ] Safepoint "Cleanup", Time since last: 1000109374 ns, Reaching safepoint: 864763 ns, Cleanup: 19269 ns, At safepoint: 616369 ns, Total: 1500401 ns
[2025-10-13T23:39:30.715-0700][1201][info ][safepoint   ] Safepoint "Cleanup", Time since last: 1000113580 ns, Reaching safepoint: 859765 ns, Cleanup: 11438 ns, At safepoint: 725944 ns, Total: 1597147 ns
[2025-10-13T23:39:34.724-0700][1201][info ][safepoint   ] Safepoint "Cleanup", Time since last: 4000269317 ns, Reaching safepoint: 6990495 ns, Cleanup: 12629 ns, At safepoint: 1958802 ns, Total: 8961926 ns
[2025-10-13T23:39:34.744-0700][1201][info ][gc,start    ] GC(185) Pause Young (Normal) (G1 Evacuation Pause)
[2025-10-13T23:39:34.744-0700][1201][info ][gc,task     ] GC(185) Using 113 workers of 113 for evacuation
[2025-10-13T23:39:34.758-0700][1201][debug][gc,remset   ] GC(185) Visited cards 9431040 Total dirty 59899904 (15.74%) Total old 456785920 (2.06%)
[2025-10-13T23:39:34.947-0700][1201][info ][gc,mmu      ] GC(185) MMU target violated: 201.0ms (200.0ms/201.0ms)
[2025-10-13T23:39:34.947-0700][1201][info ][gc,phases   ] GC(185)   Pre Evacuate Collection Set: 0.7ms
[2025-10-13T23:39:34.947-0700][1201][info ][gc,phases   ] GC(185)   Merge Heap Roots: 13.1ms
[2025-10-13T23:39:34.947-0700][1201][info ][gc,phases   ] GC(185)   Evacuate Collection Set: 171.6ms
[2025-10-13T23:39:34.947-0700][1201][info ][gc,phases   ] GC(185)   Post Evacuate Collection Set: 17.2ms
[2025-10-13T23:39:34.947-0700][1201][info ][gc,phases   ] GC(185)   Other: 0.2ms
[2025-10-13T23:39:34.947-0700][1201][debug][gc,remset   ] GC(185) Coarsening (recent): Inline->AoC 26648 (0) AoC->Howl 108 (0) Howl->Full 0 (0) Inline->AoC 421 (0) AoC->BitMap 80 (0) BitMap->Full 0 (0) 
[2025-10-13T23:39:34.947-0700][1201][debug][gc,remset   ] GC(185) Coarsening (all): Inline->AoC 3965432 (148) AoC->Howl 71387 (460) Howl->Full 0 (0) Inline->AoC 310349 (150) AoC->BitMap 77312 (375) BitMap->Full 5 (0) 
[2025-10-13T23:39:34.947-0700][1201][info ][gc,heap     ] GC(185) Eden regions: 2724->0(3151)
[2025-10-13T23:39:34.947-0700][1201][info ][gc,heap     ] GC(185) Survivor regions: 256->239(373)
[2025-10-13T23:39:34.947-0700][1201][info ][gc,heap     ] GC(185) Old regions: 996->1047
[2025-10-13T23:39:34.947-0700][1201][info ][gc,heap     ] GC(185) Humongous regions: 14->1
[2025-10-13T23:39:34.947-0700][1201][info ][gc,metaspace] GC(185) Metaspace: 312024K(317824K)->312024K(317824K) NonClass: 276334K(279424K)->276334K(279424K) Class: 35689K(38400K)->35689K(38400K)
[2025-10-13T23:39:34.947-0700][1201][info ][gc          ] GC(185) Pause Young (Normal) (G1 Evacuation Pause) 127638M->41152M(184320M) 202.950ms
[2025-10-13T23:39:34.948-0700][1201][info ][gc,cpu      ] GC(185) User=18.45s Sys=0.25s Real=0.21s
[2025-10-13T23:39:34.950-0700][1201][info ][safepoint   ] Safepoint "G1CollectForAllocation", Time since last: 9571285 ns, Reaching safepoint: 9425314 ns, Cleanup: 5709 ns, At safepoint: 206435852 ns, Total: 215866875 ns
[2025-10-13T23:39:39.951-0700][1201][info ][safepoint   ] Safepoint "Cleanup", Time since last: 5000324523 ns, Reaching safepoint: 832976 ns, Cleanup: 11247 ns, At safepoint: 225650 ns, Total: 1069873 ns
[2025-10-13T23:39:40.952-0700][1201][info ][safepoint   ] Safepoint "Cleanup", Time since last: 1000103669 ns, Reaching safepoint: 878935 ns, Cleanup: 28963 ns, At safepoint: 304970 ns, Total: 1212868 ns
[2025-10-13T23:39:41.954-0700][1201][info ][safepoint   ] Safepoint "Cleanup", Time since last: 1000101967 ns, Reaching safepoint: 852424 ns, Cleanup: 18708 ns, At safepoint: 339722 ns, Total: 1210854 ns
[2025-10-13T23:39:42.956-0700][1201][info ][safepoint   ] Safepoint "Cleanup", Time since last: 1000105623 ns, Reaching safepoint: 1245316 ns, Cleanup: 14172 ns, At safepoint: 990262 ns, Total: 2249750 ns
[2025-10-13T23:39:43.961-0700][1201][info ][safepoint   ] Safepoint "Cleanup", Time since last: 1000121446 ns, Reaching safepoint: 2949675 ns, Cleanup: 33240 ns, At safepoint: 1988838 ns, Total: 4971753 ns
[2025-10-13T23:39:44.653-0700][1201][info ][gc,start    ] GC(186) Pause Young (Normal) (G1 Evacuation Pause)
[2025-10-13T23:39:44.653-0700][1201][info ][gc,task     ] GC(186) Using 113 workers of 113 for evacuation
[2025-10-13T23:39:44.667-0700][1201][debug][gc,remset   ] GC(186) Visited cards 9915904 Total dirty 63111168 (15.71%) Total old 500891648 (1.98%)
[2025-10-13T23:39:44.850-0700][1201][info ][gc,phases   ] GC(186)   Pre Evacuate Collection Set: 0.7ms
[2025-10-13T23:39:44.850-0700][1201][info ][gc,phases   ] GC(186)   Merge Heap Roots: 13.0ms
[2025-10-13T23:39:44.850-0700][1201][info ][gc,phases   ] GC(186)   Evacuate Collection Set: 166.9ms
[2025-10-13T23:39:44.850-0700][1201][info ][gc,phases   ] GC(186)   Post Evacuate Collection Set: 16.7ms
[2025-10-13T23:39:44.850-0700][1201][info ][gc,phases   ] GC(186)   Other: 0.2ms
[2025-10-13T23:39:44.850-0700][1201][debug][gc,remset   ] GC(186) Coarsening (recent): Inline->AoC 40915 (0) AoC->Howl 120 (0) Howl->Full 0 (0) Inline->AoC 505 (0) AoC->BitMap 68 (0) BitMap->Full 0 (0) 
[2025-10-13T23:39:44.850-0700][1201][debug][gc,remset   ] GC(186) Coarsening (all): Inline->AoC 4006347 (148) AoC->Howl 71507 (460) Howl->Full 0 (0) Inline->AoC 310854 (150) AoC->BitMap 77380 (375) BitMap->Full 5 (0) 
[2025-10-13T23:39:44.850-0700][1201][info ][gc,heap     ] GC(186) Eden regions: 3051->0(3012)
[2025-10-13T23:39:44.850-0700][1201][info ][gc,heap     ] GC(186) Survivor regions: 239->240(412)
[2025-10-13T23:39:44.850-0700][1201][info ][gc,heap     ] GC(186) Old regions: 1047->1089
[2025-10-13T23:39:44.850-0700][1201][info ][gc,heap     ] GC(186) Humongous regions: 16->0
[2025-10-13T23:39:44.850-0700][1201][info ][gc,metaspace] GC(186) Metaspace: 312037K(317824K)->312037K(317824K) NonClass: 276346K(279424K)->276346K(279424K) Class: 35690K(38400K)->35690K(38400K)
[2025-10-13T23:39:44.850-0700][1201][info ][gc          ] GC(186) Pause Young (Normal) (G1 Evacuation Pause) 139264M->42512M(184320M) 197.657ms
[2025-10-13T23:39:44.852-0700][1201][info ][gc,cpu      ] GC(186) User=18.63s Sys=0.26s Real=0.20s
[2025-10-13T23:39:44.853-0700][1201][info ][safepoint   ] Safepoint "G1CollectForAllocation", Time since last: 689705900 ns, Reaching safepoint: 843030 ns, Cleanup: 21443 ns, At safepoint: 201111928 ns, Total: 201976401 ns
[2025-10-13T23:39:45.854-0700][1201][info ][safepoint   ] Safepoint "Cleanup", Time since last: 1000086433 ns, Reaching safepoint: 862480 ns, Cleanup: 12128 ns, At safepoint: 289076 ns, Total: 1163684 ns
[2025-10-13T23:39:46.867-0700][1201][info ][safepoint   ] Safepoint "Cleanup", Time since last: 1000104801 ns, Reaching safepoint: 10245250 ns, Cleanup: 11888 ns, At safepoint: 2644335 ns, Total: 12901473 ns
[2025-10-13T23:39:47.869-0700][1201][info ][safepoint   ] Safepoint "Cleanup", Time since last: 1000138222 ns, Reaching safepoint: 780796 ns, Cleanup: 20131 ns, At safepoint: 1175932 ns, Total: 1976859 ns
[2025-10-13T23:39:48.871-0700][1201][info ][safepoint   ] Safepoint "Cleanup", Time since last: 1000076158 ns, Reaching safepoint: 757361 ns, Cleanup: 20871 ns, At safepoint: 1186939 ns, Total: 1965171 ns
[2025-10-13T23:39:49.882-0700][1201][info ][safepoint   ] Safepoint "Cleanup", Time since last: 1000128707 ns, Reaching safepoint: 9117120 ns, Cleanup: 16746 ns, At safepoint: 1784839 ns, Total: 10918705 ns
[2025-10-13T23:39:50.884-0700][1201][info ][safepoint   ] Safepoint "Cleanup", Time since last: 1000111251 ns, Reaching safepoint: 812334 ns, Cleanup: 13911 ns, At safepoint: 589869 ns, Total: 1416114 ns
[2025-10-13T23:39:51.886-0700][1201][info ][safepoint   ] Safepoint "Cleanup", Time since last: 1000111852 ns, Reaching safepoint: 838774 ns, Cleanup: 9604 ns, At safepoint: 1005395 ns, Total: 1853773 ns
[2025-10-13T23:39:52.889-0700][1201][info ][safepoint   ] Safepoint "Cleanup", Time since last: 1000119774 ns, Reaching safepoint: 1035761 ns, Cleanup: 10686 ns, At safepoint: 1630848 ns, Total: 2677295 ns
[2025-10-13T23:39:55.220-0700][1201][info ][gc,start    ] GC(187) Pause Young (Normal) (G1 Evacuation Pause)
[2025-10-13T23:39:55.220-0700][1201][info ][gc,task     ] GC(187) Using 113 workers of 113 for evacuation
[2025-10-13T23:39:55.235-0700][1201][debug][gc,remset   ] GC(187) Visited cards 9655552 Total dirty 65667072 (14.70%) Total old 497483776 (1.94%)
[2025-10-13T23:39:55.423-0700][1201][info ][gc,mmu      ] GC(187) MMU target violated: 201.0ms (200.0ms/201.0ms)
[2025-10-13T23:39:55.423-0700][1201][info ][gc,phases   ] GC(187)   Pre Evacuate Collection Set: 0.8ms
[2025-10-13T23:39:55.423-0700][1201][info ][gc,phases   ] GC(187)   Merge Heap Roots: 13.8ms
[2025-10-13T23:39:55.423-0700][1201][info ][gc,phases   ] GC(187)   Evacuate Collection Set: 171.7ms
[2025-10-13T23:39:55.423-0700][1201][info ][gc,phases   ] GC(187)   Post Evacuate Collection Set: 16.7ms
[2025-10-13T23:39:55.423-0700][1201][info ][gc,phases   ] GC(187)   Other: 0.2ms
[2025-10-13T23:39:55.423-0700][1201][debug][gc,remset   ] GC(187) Coarsening (recent): Inline->AoC 38592 (0) AoC->Howl 108 (0) Howl->Full 0 (0) Inline->AoC 456 (0) AoC->BitMap 58 (0) BitMap->Full 0 (0) 
[2025-10-13T23:39:55.423-0700][1201][debug][gc,remset   ] GC(187) Coarsening (all): Inline->AoC 4044939 (148) AoC->Howl 71615 (460) Howl->Full 0 (0) Inline->AoC 311310 (150) AoC->BitMap 77438 (375) BitMap->Full 5 (0) 
[2025-10-13T23:39:55.423-0700][1201][info ][gc,heap     ] GC(187) Eden regions: 3005->0(3226)
[2025-10-13T23:39:55.423-0700][1201][info ][gc,heap     ] GC(187) Survivor regions: 240->230(406)
[2025-10-13T23:39:55.423-0700][1201][info ][gc,heap     ] GC(187) Old regions: 1089->1128
[2025-10-13T23:39:55.423-0700][1201][info ][gc,heap     ] GC(187) Humongous regions: 12->0
[2025-10-13T23:39:55.423-0700][1201][info ][gc,metaspace] GC(187) Metaspace: 312166K(317952K)->312166K(317952K) NonClass: 276472K(279552K)->276472K(279552K) Class: 35693K(38400K)->35693K(38400K)
[2025-10-13T23:39:55.423-0700][1201][info ][gc          ] GC(187) Pause Young (Normal) (G1 Evacuation Pause) 139056M->43454M(184320M) 203.217ms
[2025-10-13T23:39:55.424-0700][1201][info ][gc,cpu      ] GC(187) User=17.36s Sys=0.27s Real=0.20s
[2025-10-13T23:39:55.425-0700][1201][info ][safepoint   ] Safepoint "G1CollectForAllocation", Time since last: 2328957415 ns, Reaching safepoint: 1022692 ns, Cleanup: 7351 ns, At safepoint: 206916816 ns, Total: 207946859 ns
[2025-10-13T23:39:56.427-0700][1201][info ][safepoint   ] Safepoint "Cleanup", Time since last: 1000080364 ns, Reaching safepoint: 871223 ns, Cleanup: 10576 ns, At safepoint: 153512 ns, Total: 1035311 ns
[2025-10-13T23:39:57.428-0700][1201][info ][safepoint   ] Safepoint "Cleanup", Time since last: 1000103348 ns, Reaching safepoint: 821619 ns, Cleanup: 15763 ns, At safepoint: 387915 ns, Total: 1225297 ns
[2025-10-13T23:40:04.432-0700][1201][info ][safepoint   ] Safepoint "Cleanup", Time since last: 7000477881 ns, Reaching safepoint: 2847581 ns, Cleanup: 28583 ns, At safepoint: 455307 ns, Total: 3331471 ns
[2025-10-13T23:40:07.213-0700][1201][info ][gc,start    ] GC(188) Pause Young (Normal) (G1 Evacuation Pause)
[2025-10-13T23:40:07.213-0700][1201][info ][gc,task     ] GC(188) Using 113 workers of 113 for evacuation
[2025-10-13T23:40:07.225-0700][1201][debug][gc,remset   ] GC(188) Visited cards 9901056 Total dirty 68157440 (14.53%) Total old 527826944 (1.88%)
[2025-10-13T23:40:07.402-0700][1201][info ][gc,phases   ] GC(188)   Pre Evacuate Collection Set: 0.8ms
[2025-10-13T23:40:07.402-0700][1201][info ][gc,phases   ] GC(188)   Merge Heap Roots: 11.1ms
[2025-10-13T23:40:07.402-0700][1201][info ][gc,phases   ] GC(188)   Evacuate Collection Set: 159.7ms
[2025-10-13T23:40:07.402-0700][1201][info ][gc,phases   ] GC(188)   Post Evacuate Collection Set: 17.4ms
[2025-10-13T23:40:07.402-0700][1201][info ][gc,phases   ] GC(188)   Other: 0.2ms
[2025-10-13T23:40:07.402-0700][1201][debug][gc,remset   ] GC(188) Coarsening (recent): Inline->AoC 31266 (0) AoC->Howl 143 (0) Howl->Full 0 (0) Inline->AoC 488 (0) AoC->BitMap 79 (0) BitMap->Full 0 (0) 
[2025-10-13T23:40:07.402-0700][1201][debug][gc,remset   ] GC(188) Coarsening (all): Inline->AoC 4076205 (148) AoC->Howl 71758 (460) Howl->Full 0 (0) Inline->AoC 311798 (150) AoC->BitMap 77517 (375) BitMap->Full 5 (0) 
[2025-10-13T23:40:07.402-0700][1201][info ][gc,heap     ] GC(188) Eden regions: 3226->0(2971)
[2025-10-13T23:40:07.402-0700][1201][info ][gc,heap     ] GC(188) Survivor regions: 230->264(432)
[2025-10-13T23:40:07.402-0700][1201][info ][gc,heap     ] GC(188) Old regions: 1128->1128
[2025-10-13T23:40:07.402-0700][1201][info ][gc,heap     ] GC(188) Humongous regions: 14->0
[2025-10-13T23:40:07.402-0700][1201][info ][gc,metaspace] GC(188) Metaspace: 312190K(317952K)->312190K(317952K) NonClass: 276496K(279552K)->276496K(279552K) Class: 35693K(38400K)->35693K(38400K)
[2025-10-13T23:40:07.402-0700][1201][info ][gc          ] GC(188) Pause Young (Normal) (G1 Evacuation Pause) 147134M->44542M(184320M) 189.323ms
[2025-10-13T23:40:07.403-0700][1201][info ][gc,cpu      ] GC(188) User=16.77s Sys=0.27s Real=0.19s
[2025-10-13T23:40:07.404-0700][1201][info ][safepoint   ] Safepoint "G1CollectForAllocation", Time since last: 2779011144 ns, Reaching safepoint: 902400 ns, Cleanup: 11418 ns, At safepoint: 192671678 ns, Total: 193585496 ns
[2025-10-13T23:40:08.405-0700][1201][info ][safepoint   ] Safepoint "Cleanup", Time since last: 1000083929 ns, Reaching safepoint: 818965 ns, Cleanup: 34702 ns, At safepoint: 166371 ns, Total: 1020038 ns
[2025-10-13T23:40:09.407-0700][1201][info ][safepoint   ] Safepoint "Cleanup", Time since last: 1000102057 ns, Reaching safepoint: 793956 ns, Cleanup: 13370 ns, At safepoint: 498792 ns, Total: 1306118 ns
[2025-10-13T23:40:12.408-0700][1201][info ][safepoint   ] Safepoint "Cleanup", Time since last: 3000237210 ns, Reaching safepoint: 853826 ns, Cleanup: 12980 ns, At safepoint: 250698 ns, Total: 1117504 ns
[2025-10-13T23:40:13.410-0700][1201][info ][safepoint   ] Safepoint "Cleanup", Time since last: 1000095911 ns, Reaching safepoint: 939345 ns, Cleanup: 14712 ns, At safepoint: 718834 ns, Total: 1672891 ns
[2025-10-13T23:40:17.393-0700][1201][info ][gc,start    ] GC(189) Pause Young (Normal) (G1 Evacuation Pause)
[2025-10-13T23:40:17.394-0700][1201][info ][gc,task     ] GC(189) Using 113 workers of 113 for evacuation
[2025-10-13T23:40:17.407-0700][1201][debug][gc,remset   ] GC(189) Visited cards 9969152 Total dirty 68222976 (14.61%) Total old 512557056 (1.94%)
[2025-10-13T23:40:17.600-0700][1201][info ][gc,mmu      ] GC(189) MMU target violated: 201.0ms (200.0ms/201.0ms)
[2025-10-13T23:40:17.600-0700][1201][info ][gc,phases   ] GC(189)   Pre Evacuate Collection Set: 0.7ms
[2025-10-13T23:40:17.600-0700][1201][info ][gc,phases   ] GC(189)   Merge Heap Roots: 13.0ms
[2025-10-13T23:40:17.600-0700][1201][info ][gc,phases   ] GC(189)   Evacuate Collection Set: 175.7ms
[2025-10-13T23:40:17.600-0700][1201][info ][gc,phases   ] GC(189)   Post Evacuate Collection Set: 17.1ms
[2025-10-13T23:40:17.600-0700][1201][info ][gc,phases   ] GC(189)   Other: 0.2ms
[2025-10-13T23:40:17.600-0700][1201][debug][gc,remset   ] GC(189) Coarsening (recent): Inline->AoC 27528 (0) AoC->Howl 63 (0) Howl->Full 0 (0) Inline->AoC 310 (0) AoC->BitMap 21 (0) BitMap->Full 0 (0) 
[2025-10-13T23:40:17.600-0700][1201][debug][gc,remset   ] GC(189) Coarsening (all): Inline->AoC 4103733 (148) AoC->Howl 71821 (460) Howl->Full 0 (0) Inline->AoC 312108 (150) AoC->BitMap 77538 (375) BitMap->Full 5 (0) 
[2025-10-13T23:40:17.600-0700][1201][info ][gc,heap     ] GC(189) Eden regions: 3076->0(3032)
[2025-10-13T23:40:17.600-0700][1201][info ][gc,heap     ] GC(189) Survivor regions: 264->259(418)
[2025-10-13T23:40:17.600-0700][1201][info ][gc,heap     ] GC(189) Old regions: 1128->1163
[2025-10-13T23:40:17.600-0700][1201][info ][gc,heap     ] GC(189) Humongous regions: 13->0
[2025-10-13T23:40:17.600-0700][1201][info ][gc,metaspace] GC(189) Metaspace: 312212K(318016K)->312212K(318016K) NonClass: 276517K(279616K)->276517K(279616K) Class: 35694K(38400K)->35694K(38400K)
[2025-10-13T23:40:17.600-0700][1201][info ][gc          ] GC(189) Pause Young (Normal) (G1 Evacuation Pause) 143390M->45497M(184320M) 206.776ms
[2025-10-13T23:40:17.601-0700][1201][info ][gc,cpu      ] GC(189) User=18.98s Sys=0.23s Real=0.21s
[2025-10-13T23:40:17.603-0700][1201][info ][safepoint   ] Safepoint "G1CollectForAllocation", Time since last: 3981342223 ns, Reaching safepoint: 1042881 ns, Cleanup: 6630 ns, At safepoint: 210260827 ns, Total: 211310338 ns
[2025-10-13T23:40:21.604-0700][1201][info ][safepoint   ] Safepoint "Cleanup", Time since last: 4000255482 ns, Reaching safepoint: 680876 ns, Cleanup: 13831 ns, At safepoint: 125009 ns, Total: 819716 ns
[2025-10-13T23:40:22.605-0700][1201][info ][safepoint   ] Safepoint "Cleanup", Time since last: 1000098765 ns, Reaching safepoint: 768538 ns, Cleanup: 15193 ns, At safepoint: 154543 ns, Total: 938274 ns
[2025-10-13T23:40:23.606-0700][1201][info ][safepoint   ] Safepoint "Cleanup", Time since last: 1000098916 ns, Reaching safepoint: 741908 ns, Cleanup: 16535 ns, At safepoint: 155254 ns, Total: 913697 ns
[2025-10-13T23:40:24.624-0700][1201][info ][safepoint   ] Safepoint "Cleanup", Time since last: 1000097484 ns, Reaching safepoint: 16535546 ns, Cleanup: 18528 ns, At safepoint: 1563285 ns, Total: 18117359 ns
[2025-10-13T23:40:25.732-0700][1201][info ][safepoint   ] Safepoint "Cleanup", Time since last: 1106798454 ns, Reaching safepoint: 848058 ns, Cleanup: 12288 ns, At safepoint: 237859 ns, Total: 1098205 ns
[2025-10-13T23:40:26.733-0700][1201][info ][safepoint   ] Safepoint "Cleanup", Time since last: 1000104204 ns, Reaching safepoint: 719263 ns, Cleanup: 16014 ns, At safepoint: 160372 ns, Total: 895649 ns
[2025-10-13T23:40:27.734-0700][1201][info ][safepoint   ] Safepoint "Cleanup", Time since last: 1000104404 ns, Reaching safepoint: 705704 ns, Cleanup: 22043 ns, At safepoint: 190737 ns, Total: 918484 ns
[2025-10-13T23:40:30.736-0700][1201][info ][safepoint   ] Safepoint "Cleanup", Time since last: 3000234224 ns, Reaching safepoint: 1008830 ns, Cleanup: 15613 ns, At safepoint: 396147 ns, Total: 1420590 ns
[2025-10-13T23:40:30.744-0700][1201][info ][gc,start    ] GC(190) Pause Young (Normal) (G1 Evacuation Pause)
[2025-10-13T23:40:30.744-0700][1201][info ][gc,task     ] GC(190) Using 113 workers of 113 for evacuation
[2025-10-13T23:40:30.759-0700][1201][debug][gc,remset   ] GC(190) Visited cards 9964288 Total dirty 70254592 (14.18%) Total old 524484608 (1.90%)
[2025-10-13T23:40:30.953-0700][1201][info ][gc,mmu      ] GC(190) MMU target violated: 201.0ms (200.0ms/201.0ms)
[2025-10-13T23:40:30.953-0700][1201][info ][gc,phases   ] GC(190)   Pre Evacuate Collection Set: 0.7ms
[2025-10-13T23:40:30.953-0700][1201][info ][gc,phases   ] GC(190)   Merge Heap Roots: 14.0ms
[2025-10-13T23:40:30.953-0700][1201][info ][gc,phases   ] GC(190)   Evacuate Collection Set: 177.3ms
[2025-10-13T23:40:30.953-0700][1201][info ][gc,phases   ] GC(190)   Post Evacuate Collection Set: 16.8ms
[2025-10-13T23:40:30.953-0700][1201][info ][gc,phases   ] GC(190)   Other: 0.2ms
[2025-10-13T23:40:30.953-0700][1201][debug][gc,remset   ] GC(190) Coarsening (recent): Inline->AoC 25538 (0) AoC->Howl 96 (0) Howl->Full 0 (0) Inline->AoC 384 (0) AoC->BitMap 55 (0) BitMap->Full 0 (0) 
[2025-10-13T23:40:30.953-0700][1201][debug][gc,remset   ] GC(190) Coarsening (all): Inline->AoC 4129271 (148) AoC->Howl 71917 (460) Howl->Full 0 (0) Inline->AoC 312492 (150) AoC->BitMap 77593 (375) BitMap->Full 5 (0) 
[2025-10-13T23:40:30.953-0700][1201][info ][gc,heap     ] GC(190) Eden regions: 3154->0(2950)
[2025-10-13T23:40:30.953-0700][1201][info ][gc,heap     ] GC(190) Survivor regions: 259->265(427)
[2025-10-13T23:40:30.953-0700][1201][info ][gc,heap     ] GC(190) Old regions: 1163->1189
[2025-10-13T23:40:30.953-0700][1201][info ][gc,heap     ] GC(190) Humongous regions: 14->1
[2025-10-13T23:40:30.953-0700][1201][info ][gc,metaspace] GC(190) Metaspace: 312243K(318016K)->312243K(318016K) NonClass: 276548K(279616K)->276548K(279616K) Class: 35694K(38400K)->35694K(38400K)
[2025-10-13T23:40:30.953-0700][1201][info ][gc          ] GC(190) Pause Young (Normal) (G1 Evacuation Pause) 146873M->46522M(184320M) 209.180ms
[2025-10-13T23:40:30.954-0700][1201][info ][gc,cpu      ] GC(190) User=18.37s Sys=0.13s Real=0.21s
[2025-10-13T23:40:30.955-0700][1201][info ][safepoint   ] Safepoint "G1CollectForAllocation", Time since last: 5932760 ns, Reaching safepoint: 1048069 ns, Cleanup: 5629 ns, At safepoint: 212602915 ns, Total: 213656613 ns
[2025-10-13T23:40:31.957-0700][1201][info ][safepoint   ] Safepoint "Cleanup", Time since last: 1000087880 ns, Reaching safepoint: 1283243 ns, Cleanup: 12349 ns, At safepoint: 393964 ns, Total: 1689556 ns
[2025-10-13T23:40:32.974-0700][1201][info ][safepoint   ] Safepoint "Cleanup", Time since last: 1000105716 ns, Reaching safepoint: 14590966 ns, Cleanup: 15483 ns, At safepoint: 2175278 ns, Total: 16781727 ns
[2025-10-13T23:40:33.975-0700][1201][info ][safepoint   ] Safepoint "Cleanup", Time since last: 1000106868 ns, Reaching safepoint: 757051 ns, Cleanup: 20310 ns, At safepoint: 821839 ns, Total: 1599200 ns
[2025-10-13T23:40:35.977-0700][1201][info ][safepoint   ] Safepoint "Cleanup", Time since last: 2000171742 ns, Reaching safepoint: 744472 ns, Cleanup: 10005 ns, At safepoint: 333022 ns, Total: 1087499 ns
[2025-10-13T23:40:38.978-0700][1201][info ][safepoint   ] Safepoint "Cleanup", Time since last: 3000223076 ns, Reaching safepoint: 698552 ns, Cleanup: 16605 ns, At safepoint: 324259 ns, Total: 1039416 ns
[2025-10-13T23:40:40.979-0700][1201][info ][safepoint   ] Safepoint "Cleanup", Time since last: 2000158395 ns, Reaching safepoint: 927197 ns, Cleanup: 16025 ns, At safepoint: 327924 ns, Total: 1271146 ns
[2025-10-13T23:40:40.987-0700][1201][info ][gc,start    ] GC(191) Pause Young (Normal) (G1 Evacuation Pause)
[2025-10-13T23:40:40.987-0700][1201][info ][gc,task     ] GC(191) Using 113 workers of 113 for evacuation
[2025-10-13T23:40:41.001-0700][1201][debug][gc,remset   ] GC(191) Visited cards 9927168 Total dirty 71630848 (13.86%) Total old 481624064 (2.06%)
[2025-10-13T23:40:41.193-0700][1201][info ][gc,mmu      ] GC(191) MMU target violated: 201.0ms (200.0ms/201.0ms)
[2025-10-13T23:40:41.193-0700][1201][info ][gc,phases   ] GC(191)   Pre Evacuate Collection Set: 0.7ms
[2025-10-13T23:40:41.193-0700][1201][info ][gc,phases   ] GC(191)   Merge Heap Roots: 13.3ms
[2025-10-13T23:40:41.193-0700][1201][info ][gc,phases   ] GC(191)   Evacuate Collection Set: 174.4ms
[2025-10-13T23:40:41.193-0700][1201][info ][gc,phases   ] GC(191)   Post Evacuate Collection Set: 17.2ms
[2025-10-13T23:40:41.193-0700][1201][info ][gc,phases   ] GC(191)   Other: 0.2ms
[2025-10-13T23:40:41.193-0700][1201][debug][gc,remset   ] GC(191) Coarsening (recent): Inline->AoC 46587 (1) AoC->Howl 103 (2) Howl->Full 0 (0) Inline->AoC 434 (1) AoC->BitMap 49 (0) BitMap->Full 0 (0) 
[2025-10-13T23:40:41.193-0700][1201][debug][gc,remset   ] GC(191) Coarsening (all): Inline->AoC 4175858 (149) AoC->Howl 72020 (462) Howl->Full 0 (0) Inline->AoC 312926 (151) AoC->BitMap 77642 (375) BitMap->Full 5 (0) 
[2025-10-13T23:40:41.193-0700][1201][info ][gc,heap     ] GC(191) Eden regions: 2808->0(3234)
[2025-10-13T23:40:41.193-0700][1201][info ][gc,heap     ] GC(191) Survivor regions: 265->222(385)
[2025-10-13T23:40:41.193-0700][1201][info ][gc,heap     ] GC(191) Old regions: 1189->1242
[2025-10-13T23:40:41.193-0700][1201][info ][gc,heap     ] GC(191) Humongous regions: 14->0
[2025-10-13T23:40:41.193-0700][1201][info ][gc,metaspace] GC(191) Metaspace: 312276K(318080K)->312276K(318080K) NonClass: 276578K(279680K)->276578K(279680K) Class: 35698K(38400K)->35698K(38400K)
[2025-10-13T23:40:41.193-0700][1201][info ][gc          ] GC(191) Pause Young (Normal) (G1 Evacuation Pause) 136794M->46827M(184320M) 206.014ms
[2025-10-13T23:40:41.194-0700][1201][info ][gc,cpu      ] GC(191) User=18.24s Sys=0.44s Real=0.21s
[2025-10-13T23:40:41.195-0700][1201][info ][safepoint   ] Safepoint "G1CollectForAllocation", Time since last: 5472507 ns, Reaching safepoint: 894729 ns, Cleanup: 4036 ns, At safepoint: 209554807 ns, Total: 210453572 ns
[2025-10-13T23:40:42.196-0700][1201][info ][safepoint   ] Safepoint "Cleanup", Time since last: 1000085828 ns, Reaching safepoint: 680185 ns, Cleanup: 16465 ns, At safepoint: 122765 ns, Total: 819415 ns
[2025-10-13T23:40:43.197-0700][1201][info ][safepoint   ] Safepoint "Cleanup", Time since last: 1000097405 ns, Reaching safepoint: 681517 ns, Cleanup: 12689 ns, At safepoint: 131178 ns, Total: 825384 ns
[2025-10-13T23:40:44.198-0700][1201][info ][safepoint   ] Safepoint "Cleanup", Time since last: 1000073508 ns, Reaching safepoint: 700206 ns, Cleanup: 10405 ns, At safepoint: 160542 ns, Total: 871153 ns
[2025-10-13T23:40:45.199-0700][1201][info ][safepoint   ] Safepoint "Cleanup", Time since last: 1000096494 ns, Reaching safepoint: 694116 ns, Cleanup: 9835 ns, At safepoint: 148904 ns, Total: 852855 ns
[2025-10-13T23:40:48.200-0700][1201][info ][safepoint   ] Safepoint "Cleanup", Time since last: 3000179014 ns, Reaching safepoint: 850342 ns, Cleanup: 11227 ns, At safepoint: 154212 ns, Total: 1015781 ns
[2025-10-13T23:40:49.201-0700][1201][info ][safepoint   ] Safepoint "Cleanup", Time since last: 1000104916 ns, Reaching safepoint: 758413 ns, Cleanup: 11107 ns, At safepoint: 149215 ns, Total: 918735 ns
[2025-10-13T23:40:50.202-0700][1201][info ][safepoint   ] Safepoint "Cleanup", Time since last: 1000105227 ns, Reaching safepoint: 832674 ns, Cleanup: 28804 ns, At safepoint: 239531 ns, Total: 1101009 ns
[2025-10-13T23:40:51.204-0700][1201][info ][safepoint   ] Safepoint "Cleanup", Time since last: 1000109313 ns, Reaching safepoint: 714366 ns, Cleanup: 9975 ns, At safepoint: 202085 ns, Total: 926426 ns
[2025-10-13T23:40:54.205-0700][1201][info ][safepoint   ] Safepoint "Cleanup", Time since last: 3000228188 ns, Reaching safepoint: 814678 ns, Cleanup: 17646 ns, At safepoint: 92069 ns, Total: 924393 ns
[2025-10-13T23:40:55.207-0700][1201][info ][safepoint   ] Safepoint "Cleanup", Time since last: 1000097004 ns, Reaching safepoint: 882330 ns, Cleanup: 18768 ns, At safepoint: 937333 ns, Total: 1838431 ns
[2025-10-13T23:40:57.208-0700][1201][info ][safepoint   ] Safepoint "Cleanup", Time since last: 2000165285 ns, Reaching safepoint: 756050 ns, Cleanup: 15573 ns, At safepoint: 846766 ns, Total: 1618389 ns
[2025-10-13T23:40:57.731-0700][1201][info ][gc,start    ] GC(192) Pause Young (Normal) (G1 Evacuation Pause)
[2025-10-13T23:40:57.731-0700][1201][info ][gc,task     ] GC(192) Using 113 workers of 113 for evacuation
[2025-10-13T23:40:57.746-0700][1201][debug][gc,remset   ] GC(192) Visited cards 10266624 Total dirty 74383360 (13.80%) Total old 535363584 (1.92%)
[2025-10-13T23:40:57.920-0700][1201][info ][gc,phases   ] GC(192)   Pre Evacuate Collection Set: 0.7ms
[2025-10-13T23:40:57.920-0700][1201][info ][gc,phases   ] GC(192)   Merge Heap Roots: 14.2ms
[2025-10-13T23:40:57.920-0700][1201][info ][gc,phases   ] GC(192)   Evacuate Collection Set: 156.4ms
[2025-10-13T23:40:57.920-0700][1201][info ][gc,phases   ] GC(192)   Post Evacuate Collection Set: 17.0ms
[2025-10-13T23:40:57.920-0700][1201][info ][gc,phases   ] GC(192)   Other: 0.2ms
[2025-10-13T23:40:57.920-0700][1201][debug][gc,remset   ] GC(192) Coarsening (recent): Inline->AoC 42613 (0) AoC->Howl 154 (0) Howl->Full 0 (0) Inline->AoC 528 (0) AoC->BitMap 100 (0) BitMap->Full 0 (0) 
[2025-10-13T23:40:57.920-0700][1201][debug][gc,remset   ] GC(192) Coarsening (all): Inline->AoC 4218471 (149) AoC->Howl 72174 (462) Howl->Full 0 (0) Inline->AoC 313454 (151) AoC->BitMap 77742 (375) BitMap->Full 5 (0) 
[2025-10-13T23:40:57.920-0700][1201][info ][gc,heap     ] GC(192) Eden regions: 3234->0(2459)
[2025-10-13T23:40:57.920-0700][1201][info ][gc,heap     ] GC(192) Survivor regions: 222->268(432)
[2025-10-13T23:40:57.920-0700][1201][info ][gc,heap     ] GC(192) Old regions: 1242->1242
[2025-10-13T23:40:57.920-0700][1201][info ][gc,heap     ] GC(192) Humongous regions: 15->0
[2025-10-13T23:40:57.920-0700][1201][info ][gc,metaspace] GC(192) Metaspace: 312308K(318144K)->312308K(318144K) NonClass: 276606K(279680K)->276606K(279680K) Class: 35701K(38464K)->35701K(38464K)
[2025-10-13T23:40:57.920-0700][1201][info ][gc          ] GC(192) Pause Young (Normal) (G1 Evacuation Pause) 150795M->48284M(184320M) 188.677ms
[2025-10-13T23:40:57.921-0700][1201][info ][gc,cpu      ] GC(192) User=17.74s Sys=0.49s Real=0.19s
[2025-10-13T23:40:57.922-0700][1201][info ][safepoint   ] Safepoint "G1CollectForAllocation", Time since last: 520913213 ns, Reaching safepoint: 822669 ns, Cleanup: 18328 ns, At safepoint: 191985279 ns, Total: 192826276 ns
[2025-10-13T23:40:58.930-0700][1201][info ][safepoint   ] Safepoint "Cleanup", Time since last: 1000086668 ns, Reaching safepoint: 6007144 ns, Cleanup: 11858 ns, At safepoint: 1789727 ns, Total: 7808729 ns
[2025-10-13T23:41:00.932-0700][1201][info ][safepoint   ] Safepoint "Cleanup", Time since last: 2000165836 ns, Reaching safepoint: 760005 ns, Cleanup: 21433 ns, At safepoint: 523609 ns, Total: 1305047 ns
[2025-10-13T23:41:01.934-0700][1201][info ][safepoint   ] Safepoint "Cleanup", Time since last: 1000101591 ns, Reaching safepoint: 913877 ns, Cleanup: 10115 ns, At safepoint: 1260841 ns, Total: 2184833 ns
[2025-10-13T23:41:02.936-0700][1201][info ][safepoint   ] Safepoint "Cleanup", Time since last: 1000111496 ns, Reaching safepoint: 855139 ns, Cleanup: 9804 ns, At safepoint: 1205097 ns, Total: 2070040 ns
[2025-10-13T23:41:04.937-0700][1201][info ][safepoint   ] Safepoint "Cleanup", Time since last: 2000173477 ns, Reaching safepoint: 757081 ns, Cleanup: 10476 ns, At safepoint: 545182 ns, Total: 1312739 ns
[2025-10-13T23:41:05.939-0700][1201][info ][safepoint   ] Safepoint "Cleanup", Time since last: 1000083132 ns, Reaching safepoint: 861208 ns, Cleanup: 14181 ns, At safepoint: 787587 ns, Total: 1662976 ns
[2025-10-13T23:41:08.941-0700][1201][info ][safepoint   ] Safepoint "Cleanup", Time since last: 3000232120 ns, Reaching safepoint: 1063833 ns, Cleanup: 11828 ns, At safepoint: 399713 ns, Total: 1475374 ns
[2025-10-13T23:41:09.282-0700][1201][info ][gc,start    ] GC(193) Pause Young (Normal) (G1 Evacuation Pause)
[2025-10-13T23:41:09.282-0700][1201][info ][gc,task     ] GC(193) Using 113 workers of 113 for evacuation
[2025-10-13T23:41:09.297-0700][1201][debug][gc,remset   ] GC(193) Visited cards 10208256 Total dirty 74448896 (13.71%) Total old 453967872 (2.25%)
[2025-10-13T23:41:09.505-0700][1201][info ][gc,mmu      ] GC(193) MMU target violated: 201.0ms (200.0ms/201.0ms)
[2025-10-13T23:41:09.505-0700][1201][info ][gc,phases   ] GC(193)   Pre Evacuate Collection Set: 0.9ms
[2025-10-13T23:41:09.505-0700][1201][info ][gc,phases   ] GC(193)   Merge Heap Roots: 14.1ms
[2025-10-13T23:41:09.505-0700][1201][info ][gc,phases   ] GC(193)   Evacuate Collection Set: 192.1ms
[2025-10-13T23:41:09.505-0700][1201][info ][gc,phases   ] GC(193)   Post Evacuate Collection Set: 15.9ms
[2025-10-13T23:41:09.505-0700][1201][info ][gc,phases   ] GC(193)   Other: 0.2ms
[2025-10-13T23:41:09.505-0700][1201][debug][gc,remset   ] GC(193) Coarsening (recent): Inline->AoC 41034 (1) AoC->Howl 73 (1) Howl->Full 0 (0) Inline->AoC 330 (0) AoC->BitMap 26 (2) BitMap->Full 0 (0) 
[2025-10-13T23:41:09.505-0700][1201][debug][gc,remset   ] GC(193) Coarsening (all): Inline->AoC 4259505 (150) AoC->Howl 72247 (463) Howl->Full 0 (0) Inline->AoC 313784 (151) AoC->BitMap 77768 (377) BitMap->Full 5 (0) 
[2025-10-13T23:41:09.505-0700][1201][info ][gc,heap     ] GC(193) Eden regions: 2567->0(3254)
[2025-10-13T23:41:09.505-0700][1201][info ][gc,heap     ] GC(193) Survivor regions: 268->202(355)
[2025-10-13T23:41:09.505-0700][1201][info ][gc,heap     ] GC(193) Old regions: 1242->1336
[2025-10-13T23:41:09.505-0700][1201][info ][gc,heap     ] GC(193) Humongous regions: 15->0
[2025-10-13T23:41:09.505-0700][1201][info ][gc,metaspace] GC(193) Metaspace: 312363K(318208K)->312363K(318208K) NonClass: 276653K(279744K)->276653K(279744K) Class: 35709K(38464K)->35709K(38464K)
[2025-10-13T23:41:09.505-0700][1201][info ][gc          ] GC(193) Pause Young (Normal) (G1 Evacuation Pause) 130908M->49170M(184320M) 223.305ms
[2025-10-13T23:41:09.506-0700][1201][info ][gc,cpu      ] GC(193) User=19.06s Sys=0.25s Real=0.22s
[2025-10-13T23:41:09.508-0700][1201][info ][safepoint   ] Safepoint "G1CollectForAllocation", Time since last: 338344486 ns, Reaching safepoint: 1218396 ns, Cleanup: 5568 ns, At safepoint: 227143924 ns, Total: 228367888 ns
[2025-10-13T23:41:10.526-0700][1201][info ][safepoint   ] Safepoint "Cleanup", Time since last: 1000088589 ns, Reaching safepoint: 15633197 ns, Cleanup: 18268 ns, At safepoint: 2526807 ns, Total: 18178272 ns
[2025-10-13T23:41:11.528-0700][1201][info ][safepoint   ] Safepoint "Cleanup", Time since last: 1000117284 ns, Reaching safepoint: 1273479 ns, Cleanup: 13650 ns, At safepoint: 964864 ns, Total: 2251993 ns
[2025-10-13T23:41:17.530-0700][1201][info ][safepoint   ] Safepoint "Cleanup", Time since last: 6000409686 ns, Reaching safepoint: 734757 ns, Cleanup: 12859 ns, At safepoint: 517600 ns, Total: 1265216 ns
[2025-10-13T23:41:18.531-0700][1201][info ][safepoint   ] Safepoint "Cleanup", Time since last: 1000104644 ns, Reaching safepoint: 720205 ns, Cleanup: 12529 ns, At safepoint: 702148 ns, Total: 1434882 ns
[2025-10-13T23:41:21.535-0700][1201][info ][safepoint   ] Safepoint "Cleanup", Time since last: 3000223026 ns, Reaching safepoint: 1793853 ns, Cleanup: 13720 ns, At safepoint: 1039997 ns, Total: 2847570 ns
[2025-10-13T23:41:22.537-0700][1201][info ][safepoint   ] Safepoint "Cleanup", Time since last: 1000106097 ns, Reaching safepoint: 930912 ns, Cleanup: 130667 ns, At safepoint: 994589 ns, Total: 2056168 ns
[2025-10-13T23:41:23.203-0700][1201][info ][gc,start    ] GC(194) Pause Young (Normal) (G1 Evacuation Pause)
[2025-10-13T23:41:23.203-0700][1201][info ][gc,task     ] GC(194) Using 113 workers of 113 for evacuation
[2025-10-13T23:41:23.218-0700][1201][debug][gc,remset   ] GC(194) Visited cards 10457344 Total dirty 79298560 (13.19%) Total old 541720576 (1.93%)
[2025-10-13T23:41:23.383-0700][1201][info ][gc,phases   ] GC(194)   Pre Evacuate Collection Set: 0.7ms
[2025-10-13T23:41:23.383-0700][1201][info ][gc,phases   ] GC(194)   Merge Heap Roots: 14.0ms
[2025-10-13T23:41:23.383-0700][1201][info ][gc,phases   ] GC(194)   Evacuate Collection Set: 147.7ms
[2025-10-13T23:41:23.383-0700][1201][info ][gc,phases   ] GC(194)   Post Evacuate Collection Set: 17.3ms
[2025-10-13T23:41:23.383-0700][1201][info ][gc,phases   ] GC(194)   Other: 0.2ms
[2025-10-13T23:41:23.383-0700][1201][debug][gc,remset   ] GC(194) Coarsening (recent): Inline->AoC 33905 (1) AoC->Howl 209 (0) Howl->Full 0 (0) Inline->AoC 618 (0) AoC->BitMap 144 (0) BitMap->Full 0 (0) 
[2025-10-13T23:41:23.383-0700][1201][debug][gc,remset   ] GC(194) Coarsening (all): Inline->AoC 4293410 (151) AoC->Howl 72456 (463) Howl->Full 0 (0) Inline->AoC 314402 (151) AoC->BitMap 77912 (377) BitMap->Full 5 (0) 
[2025-10-13T23:41:23.383-0700][1201][info ][gc,heap     ] GC(194) Eden regions: 3254->0(3229)
[2025-10-13T23:41:23.383-0700][1201][info ][gc,heap     ] GC(194) Survivor regions: 202->227(432)
[2025-10-13T23:41:23.383-0700][1201][info ][gc,heap     ] GC(194) Old regions: 1336->1336
[2025-10-13T23:41:23.383-0700][1201][info ][gc,heap     ] GC(194) Humongous regions: 18->0
[2025-10-13T23:41:23.383-0700][1201][info ][gc,metaspace] GC(194) Metaspace: 312398K(318272K)->312398K(318272K) NonClass: 276683K(279808K)->276683K(279808K) Class: 35714K(38464K)->35714K(38464K)
[2025-10-13T23:41:23.383-0700][1201][info ][gc          ] GC(194) Pause Young (Normal) (G1 Evacuation Pause) 153874M->49967M(184320M) 180.035ms
[2025-10-13T23:41:23.384-0700][1201][info ][gc,cpu      ] GC(194) User=15.56s Sys=0.41s Real=0.18s
[2025-10-13T23:41:23.386-0700][1201][info ][safepoint   ] Safepoint "G1CollectForAllocation", Time since last: 664398223 ns, Reaching safepoint: 868759 ns, Cleanup: 26470 ns, At safepoint: 183508781 ns, Total: 184404010 ns
[2025-10-13T23:41:24.387-0700][1201][info ][safepoint   ] Safepoint "Cleanup", Time since last: 1000080668 ns, Reaching safepoint: 1363735 ns, Cleanup: 25909 ns, At safepoint: 293813 ns, Total: 1683457 ns
[2025-10-13T23:41:25.755-0700][1201][info ][safepoint   ] Safepoint "Cleanup", Time since last: 1366524596 ns, Reaching safepoint: 711532 ns, Cleanup: 31678 ns, At safepoint: 116686 ns, Total: 859896 ns
[2025-10-13T23:41:27.756-0700][1201][info ][safepoint   ] Safepoint "Cleanup", Time since last: 2000154095 ns, Reaching safepoint: 716139 ns, Cleanup: 12358 ns, At safepoint: 96265 ns, Total: 824762 ns
[2025-10-13T23:41:29.763-0700][1201][info ][safepoint   ] Safepoint "Cleanup", Time since last: 2000158162 ns, Reaching safepoint: 6160573 ns, Cleanup: 15273 ns, At safepoint: 930782 ns, Total: 7106628 ns
[2025-10-13T23:41:31.764-0700][1201][info ][safepoint   ] Safepoint "Cleanup", Time since last: 2000174686 ns, Reaching safepoint: 741768 ns, Cleanup: 15143 ns, At safepoint: 281694 ns, Total: 1038605 ns
[2025-10-13T23:41:33.765-0700][1201][info ][safepoint   ] Safepoint "Cleanup", Time since last: 2000134135 ns, Reaching safepoint: 776320 ns, Cleanup: 21893 ns, At safepoint: 137277 ns, Total: 935490 ns
[2025-10-13T23:41:34.766-0700][1201][info ][safepoint   ] Safepoint "Cleanup", Time since last: 1000111174 ns, Reaching safepoint: 797371 ns, Cleanup: 19440 ns, At safepoint: 252861 ns, Total: 1069672 ns
[2025-10-13T23:41:40.768-0700][1201][info ][safepoint   ] Safepoint "Cleanup", Time since last: 6000410757 ns, Reaching safepoint: 809620 ns, Cleanup: 13039 ns, At safepoint: 179831 ns, Total: 1002490 ns
[2025-10-13T23:41:41.445-0700][1201][info ][gc,start    ] GC(195) Pause Young (Normal) (G1 Evacuation Pause)
[2025-10-13T23:41:41.445-0700][1201][info ][gc,task     ] GC(195) Using 113 workers of 113 for evacuation
[2025-10-13T23:41:41.460-0700][1201][debug][gc,remset   ] GC(195) Visited cards 10532864 Total dirty 79429632 (13.26%) Total old 540803072 (1.95%)
[2025-10-13T23:41:41.644-0700][1201][info ][gc,phases   ] GC(195)   Pre Evacuate Collection Set: 0.8ms
[2025-10-13T23:41:41.644-0700][1201][info ][gc,phases   ] GC(195)   Merge Heap Roots: 14.1ms
[2025-10-13T23:41:41.644-0700][1201][info ][gc,phases   ] GC(195)   Evacuate Collection Set: 165.2ms
[2025-10-13T23:41:41.644-0700][1201][info ][gc,phases   ] GC(195)   Post Evacuate Collection Set: 18.3ms
[2025-10-13T23:41:41.644-0700][1201][info ][gc,phases   ] GC(195)   Other: 0.2ms
[2025-10-13T23:41:41.644-0700][1201][debug][gc,remset   ] GC(195) Coarsening (recent): Inline->AoC 78851 (0) AoC->Howl 100 (0) Howl->Full 0 (0) Inline->AoC 418 (0) AoC->BitMap 48 (0) BitMap->Full 0 (0) 
[2025-10-13T23:41:41.644-0700][1201][debug][gc,remset   ] GC(195) Coarsening (all): Inline->AoC 4372261 (151) AoC->Howl 72556 (463) Howl->Full 0 (0) Inline->AoC 314820 (151) AoC->BitMap 77960 (377) BitMap->Full 5 (0) 
[2025-10-13T23:41:41.644-0700][1201][info ][gc,heap     ] GC(195) Eden regions: 3218->0(2075)
[2025-10-13T23:41:41.644-0700][1201][info ][gc,heap     ] GC(195) Survivor regions: 227->269(431)
[2025-10-13T23:41:41.644-0700][1201][info ][gc,heap     ] GC(195) Old regions: 1336->1336
[2025-10-13T23:41:41.644-0700][1201][info ][gc,heap     ] GC(195) Humongous regions: 26->0
[2025-10-13T23:41:41.644-0700][1201][info ][gc,metaspace] GC(195) Metaspace: 312420K(318272K)->312420K(318272K) NonClass: 276703K(279808K)->276703K(279808K) Class: 35717K(38464K)->35717K(38464K)
[2025-10-13T23:41:41.644-0700][1201][info ][gc          ] GC(195) Pause Young (Normal) (G1 Evacuation Pause) 153775M->51332M(184320M) 198.789ms
[2025-10-13T23:41:41.645-0700][1201][info ][gc,cpu      ] GC(195) User=18.12s Sys=0.40s Real=0.20s
[2025-10-13T23:41:41.646-0700][1201][info ][safepoint   ] Safepoint "G1CollectForAllocation", Time since last: 675177746 ns, Reaching safepoint: 1020688 ns, Cleanup: 5188 ns, At safepoint: 202324855 ns, Total: 203350731 ns
[2025-10-13T23:41:43.648-0700][1201][info ][safepoint   ] Safepoint "Cleanup", Time since last: 2000145529 ns, Reaching safepoint: 1248872 ns, Cleanup: 14892 ns, At safepoint: 325371 ns, Total: 1589135 ns
[2025-10-13T23:41:44.649-0700][1201][info ][safepoint   ] Safepoint "Cleanup", Time since last: 1000118173 ns, Reaching safepoint: 814537 ns, Cleanup: 10626 ns, At safepoint: 198329 ns, Total: 1023492 ns
[2025-10-13T23:41:45.651-0700][1201][info ][safepoint   ] Safepoint "Cleanup", Time since last: 1000068138 ns, Reaching safepoint: 880096 ns, Cleanup: 25919 ns, At safepoint: 537070 ns, Total: 1443085 ns
[2025-10-13T23:41:50.653-0700][1201][info ][safepoint   ] Safepoint "Cleanup", Time since last: 5000351325 ns, Reaching safepoint: 1631539 ns, Cleanup: 14031 ns, At safepoint: 126931 ns, Total: 1772501 ns
[2025-10-13T23:41:51.654-0700][1201][info ][safepoint   ] Safepoint "Cleanup", Time since last: 1000096331 ns, Reaching safepoint: 774196 ns, Cleanup: 10737 ns, At safepoint: 159500 ns, Total: 944433 ns
[2025-10-13T23:41:53.386-0700][1201][info ][gc,start    ] GC(196) Pause Young (Normal) (G1 Evacuation Pause)
[2025-10-13T23:41:53.387-0700][1201][info ][gc,task     ] GC(196) Using 113 workers of 113 for evacuation
[2025-10-13T23:41:53.401-0700][1201][debug][gc,remset   ] GC(196) Visited cards 10542336 Total dirty 79429632 (13.27%) Total old 435093504 (2.42%)
[2025-10-13T23:41:53.593-0700][1201][info ][gc,mmu      ] GC(196) MMU target violated: 201.0ms (200.0ms/201.0ms)
[2025-10-13T23:41:53.593-0700][1201][info ][gc,phases   ] GC(196)   Pre Evacuate Collection Set: 0.7ms
[2025-10-13T23:41:53.593-0700][1201][info ][gc,phases   ] GC(196)   Merge Heap Roots: 13.4ms
[2025-10-13T23:41:53.593-0700][1201][info ][gc,phases   ] GC(196)   Evacuate Collection Set: 177.1ms
[2025-10-13T23:41:53.593-0700][1201][info ][gc,phases   ] GC(196)   Post Evacuate Collection Set: 15.2ms
[2025-10-13T23:41:53.593-0700][1201][info ][gc,phases   ] GC(196)   Other: 0.2ms
[2025-10-13T23:41:53.593-0700][1201][debug][gc,remset   ] GC(196) Coarsening (recent): Inline->AoC 35746 (0) AoC->Howl 184 (0) Howl->Full 0 (0) Inline->AoC 810 (0) AoC->BitMap 71 (0) BitMap->Full 0 (0) 
[2025-10-13T23:41:53.593-0700][1201][debug][gc,remset   ] GC(196) Coarsening (all): Inline->AoC 4408007 (151) AoC->Howl 72740 (463) Howl->Full 0 (0) Inline->AoC 315630 (151) AoC->BitMap 78031 (377) BitMap->Full 5 (0) 
[2025-10-13T23:41:53.593-0700][1201][info ][gc,heap     ] GC(196) Eden regions: 2373->0(3243)
[2025-10-13T23:41:53.593-0700][1201][info ][gc,heap     ] GC(196) Survivor regions: 269->213(331)
[2025-10-13T23:41:53.593-0700][1201][info ][gc,heap     ] GC(196) Old regions: 1336->1421
[2025-10-13T23:41:53.593-0700][1201][info ][gc,heap     ] GC(196) Humongous regions: 19->0
[2025-10-13T23:41:53.593-0700][1201][info ][gc,metaspace] GC(196) Metaspace: 312457K(318336K)->312457K(318336K) NonClass: 276734K(279872K)->276734K(279872K) Class: 35723K(38464K)->35723K(38464K)
[2025-10-13T23:41:53.593-0700][1201][info ][gc          ] GC(196) Pause Young (Normal) (G1 Evacuation Pause) 127876M->52254M(184320M) 206.665ms
[2025-10-13T23:41:53.594-0700][1201][info ][gc,cpu      ] GC(196) User=18.88s Sys=0.39s Real=0.21s
[2025-10-13T23:41:53.595-0700][1201][info ][safepoint   ] Safepoint "G1CollectForAllocation", Time since last: 1730740330 ns, Reaching safepoint: 732824 ns, Cleanup: 16595 ns, At safepoint: 210073488 ns, Total: 210822907 ns
[2025-10-13T23:41:53.842-0700][1201][info ][gc,start    ] GC(197) Pause Young (Concurrent Start) (G1 Humongous Allocation)
[2025-10-13T23:41:53.842-0700][1201][info ][gc,task     ] GC(197) Using 113 workers of 113 for evacuation
[2025-10-13T23:41:53.854-0700][1201][debug][gc,remset   ] GC(197) Visited cards 9949696 Total dirty 82247680 (12.10%) Total old 138739712 (7.17%)
[2025-10-13T23:41:53.991-0700][1201][info ][gc,phases   ] GC(197)   Pre Evacuate Collection Set: 0.9ms
[2025-10-13T23:41:53.991-0700][1201][info ][gc,phases   ] GC(197)   Merge Heap Roots: 10.7ms
[2025-10-13T23:41:53.991-0700][1201][info ][gc,phases   ] GC(197)   Evacuate Collection Set: 127.5ms
[2025-10-13T23:41:53.991-0700][1201][info ][gc,phases   ] GC(197)   Post Evacuate Collection Set: 9.9ms
[2025-10-13T23:41:53.991-0700][1201][info ][gc,phases   ] GC(197)   Other: 0.1ms
[2025-10-13T23:41:53.991-0700][1201][debug][gc,remset   ] GC(197) Coarsening (recent): Inline->AoC 15 (0) AoC->Howl 0 (0) Howl->Full 0 (0) Inline->AoC 0 (0) AoC->BitMap 0 (0) BitMap->Full 0 (0) 
[2025-10-13T23:41:53.991-0700][1201][debug][gc,remset   ] GC(197) Coarsening (all): Inline->AoC 4408022 (151) AoC->Howl 72740 (463) Howl->Full 0 (0) Inline->AoC 315630 (151) AoC->BitMap 78031 (377) BitMap->Full 5 (0) 
[2025-10-13T23:41:53.991-0700][1201][info ][gc,heap     ] GC(197) Eden regions: 135->0(1012)
[2025-10-13T23:41:53.991-0700][1201][info ][gc,heap     ] GC(197) Survivor regions: 213->219(432)
[2025-10-13T23:41:53.991-0700][1201][info ][gc,heap     ] GC(197) Old regions: 1421->1421
[2025-10-13T23:41:53.991-0700][1201][info ][gc,heap     ] GC(197) Humongous regions: 0->0
[2025-10-13T23:41:53.991-0700][1201][info ][gc,metaspace] GC(197) Metaspace: 312468K(318336K)->312468K(318336K) NonClass: 276745K(279872K)->276745K(279872K) Class: 35723K(38464K)->35723K(38464K)
[2025-10-13T23:41:53.991-0700][1201][info ][gc          ] GC(197) Pause Young (Concurrent Start) (G1 Humongous Allocation) 56548M->52442M(184320M) 149.294ms
[2025-10-13T23:41:53.992-0700][1084][info ][gc          ] GC(198) Concurrent Mark Cycle
[2025-10-13T23:41:53.992-0700][1084][info ][gc,marking  ] GC(198) Concurrent Scan Root Regions
[2025-10-13T23:41:53.993-0700][1201][info ][gc,cpu      ] GC(197) User=12.99s Sys=0.02s Real=0.15s
[2025-10-13T23:41:53.994-0700][1201][info ][safepoint   ] Safepoint "G1TryInitiateConcMark", Time since last: 243750098 ns, Reaching safepoint: 1627342 ns, Cleanup: 19519 ns, At safepoint: 153596999 ns, Total: 155243860 ns
[2025-10-13T23:41:54.064-0700][1084][info ][gc,marking  ] GC(198) Concurrent Scan Root Regions 72.341ms
[2025-10-13T23:41:54.064-0700][1084][info ][gc,marking  ] GC(198) Concurrent Mark
[2025-10-13T23:41:54.064-0700][1084][info ][gc,marking  ] GC(198) Concurrent Mark From Roots
[2025-10-13T23:41:54.064-0700][1084][info ][gc,task     ] GC(198) Using 36 workers of 36 for marking
[2025-10-13T23:41:54.211-0700][1084][info ][gc,marking  ] GC(198) Concurrent Mark From Roots 146.693ms
[2025-10-13T23:41:54.211-0700][1084][info ][gc,marking  ] GC(198) Concurrent Preclean
[2025-10-13T23:41:54.254-0700][1084][info ][gc,marking  ] GC(198) Concurrent Preclean 43.155ms
[2025-10-13T23:41:54.256-0700][1201][info ][gc,start    ] GC(198) Pause Remark
[2025-10-13T23:41:55.008-0700][1201][info ][gc,mmu      ] GC(198) MMU target violated: 201.0ms (200.0ms/201.0ms)
[2025-10-13T23:41:55.008-0700][1201][info ][gc          ] GC(198) Pause Remark 55030M->53042M(184320M) 751.848ms
[2025-10-13T23:41:55.009-0700][1201][info ][gc,cpu      ] GC(198) User=14.34s Sys=0.26s Real=0.76s
[2025-10-13T23:41:55.010-0700][1201][info ][safepoint   ] Safepoint "G1PauseRemark", Time since last: 259521535 ns, Reaching safepoint: 732233 ns, Cleanup: 15804 ns, At safepoint: 755791156 ns, Total: 756539193 ns
[2025-10-13T23:41:55.011-0700][1084][info ][gc,marking  ] GC(198) Concurrent Mark 947.264ms
[2025-10-13T23:41:55.011-0700][1084][info ][gc,marking  ] GC(198) Concurrent Rebuild Remembered Sets and Scrub Regions
[2025-10-13T23:41:55.478-0700][1084][info ][gc,marking  ] GC(198) Concurrent Rebuild Remembered Sets and Scrub Regions 466.728ms
[2025-10-13T23:41:55.483-0700][1201][info ][gc,start    ] GC(198) Pause Cleanup
[2025-10-13T23:41:55.486-0700][1201][info ][gc          ] GC(198) Pause Cleanup 59634M->59634M(184320M) 2.175ms
[2025-10-13T23:41:55.487-0700][1201][info ][gc,cpu      ] GC(198) User=0.02s Sys=0.00s Real=0.00s
[2025-10-13T23:41:55.487-0700][1201][info ][safepoint   ] Safepoint "G1PauseCleanup", Time since last: 467612205 ns, Reaching safepoint: 4074711 ns, Cleanup: 190617 ns, At safepoint: 4818752 ns, Total: 9084080 ns
[2025-10-13T23:41:55.487-0700][1084][info ][gc,marking  ] GC(198) Concurrent Clear Claimed Marks
[2025-10-13T23:41:55.488-0700][1084][info ][gc,marking  ] GC(198) Concurrent Clear Claimed Marks 1.109ms
[2025-10-13T23:41:55.488-0700][1084][info ][gc,marking  ] GC(198) Concurrent Cleanup for Next Mark
[2025-10-13T23:41:55.516-0700][1084][info ][gc,marking  ] GC(198) Concurrent Cleanup for Next Mark 27.699ms
[2025-10-13T23:41:55.516-0700][1084][info ][gc          ] GC(198) Concurrent Mark Cycle 1524.617ms
[2025-10-13T23:41:56.488-0700][1201][info ][safepoint   ] Safepoint "Cleanup", Time since last: 1000070841 ns, Reaching safepoint: 757682 ns, Cleanup: 21553 ns, At safepoint: 234704 ns, Total: 1013939 ns
[2025-10-13T23:41:57.490-0700][1201][info ][safepoint   ] Safepoint "Cleanup", Time since last: 1000108879 ns, Reaching safepoint: 755148 ns, Cleanup: 12358 ns, At safepoint: 554636 ns, Total: 1322142 ns
[2025-10-13T23:41:58.491-0700][1201][info ][safepoint   ] Safepoint "Cleanup", Time since last: 1000116601 ns, Reaching safepoint: 760716 ns, Cleanup: 10406 ns, At safepoint: 184358 ns, Total: 955480 ns
[2025-10-13T23:41:59.031-0700][1201][info ][gc,start    ] GC(199) Pause Young (Prepare Mixed) (G1 Evacuation Pause)
[2025-10-13T23:41:59.031-0700][1201][info ][gc,task     ] GC(199) Using 113 workers of 113 for evacuation
[2025-10-13T23:41:59.046-0700][1201][debug][gc,remset   ] GC(199) Visited cards 10524928 Total dirty 82378752 (12.78%) Total old 238747648 (4.41%)
[2025-10-13T23:41:59.192-0700][1201][info ][gc,phases   ] GC(199)   Pre Evacuate Collection Set: 0.7ms
[2025-10-13T23:41:59.192-0700][1201][info ][gc,phases   ] GC(199)   Merge Heap Roots: 14.1ms
[2025-10-13T23:41:59.192-0700][1201][info ][gc,phases   ] GC(199)   Evacuate Collection Set: 125.5ms
[2025-10-13T23:41:59.192-0700][1201][info ][gc,phases   ] GC(199)   Post Evacuate Collection Set: 20.6ms
[2025-10-13T23:41:59.192-0700][1201][info ][gc,phases   ] GC(199)   Other: 0.1ms
[2025-10-13T23:41:59.193-0700][1201][debug][gc,remset   ] GC(199) Coarsening (recent): Inline->AoC 145573 (0) AoC->Howl 4403 (0) Howl->Full 0 (0) Inline->AoC 19387 (0) AoC->BitMap 4760 (0) BitMap->Full 0 (0) 
[2025-10-13T23:41:59.193-0700][1201][debug][gc,remset   ] GC(199) Coarsening (all): Inline->AoC 4553595 (151) AoC->Howl 77143 (463) Howl->Full 0 (0) Inline->AoC 335017 (151) AoC->BitMap 82791 (377) BitMap->Full 5 (0) 
[2025-10-13T23:41:59.193-0700][1201][info ][gc,heap     ] GC(199) Eden regions: 917->0(2295)
[2025-10-13T23:41:59.193-0700][1201][info ][gc,heap     ] GC(199) Survivor regions: 219->70(142)
[2025-10-13T23:41:59.193-0700][1201][info ][gc,heap     ] GC(199) Old regions: 1358->1501
[2025-10-13T23:41:59.193-0700][1201][info ][gc,heap     ] GC(199) Humongous regions: 13->0
[2025-10-13T23:41:59.193-0700][1201][info ][gc,metaspace] GC(199) Metaspace: 312154K(318272K)->312154K(318272K) NonClass: 276490K(279808K)->276490K(279808K) Class: 35664K(38464K)->35664K(38464K)
[2025-10-13T23:41:59.193-0700][1201][info ][gc          ] GC(199) Pause Young (Prepare Mixed) (G1 Evacuation Pause) 80214M->50232M(184320M) 161.176ms
[2025-10-13T23:41:59.194-0700][1201][info ][gc,cpu      ] GC(199) User=14.86s Sys=0.17s Real=0.16s
[2025-10-13T23:41:59.195-0700][1201][info ][safepoint   ] Safepoint "G1CollectForAllocation", Time since last: 538413812 ns, Reaching safepoint: 980627 ns, Cleanup: 13441 ns, At safepoint: 164693761 ns, Total: 165687829 ns
[2025-10-13T23:42:00.196-0700][1201][info ][safepoint   ] Safepoint "Cleanup", Time since last: 1000082379 ns, Reaching safepoint: 1144986 ns, Cleanup: 32939 ns, At safepoint: 365541 ns, Total: 1543466 ns
[2025-10-13T23:42:01.198-0700][1201][info ][safepoint   ] Safepoint "Cleanup", Time since last: 1000106626 ns, Reaching safepoint: 1004253 ns, Cleanup: 15073 ns, At safepoint: 407985 ns, Total: 1427311 ns
[2025-10-13T23:42:03.199-0700][1201][info ][safepoint   ] Safepoint "Cleanup", Time since last: 2000169175 ns, Reaching safepoint: 698643 ns, Cleanup: 10115 ns, At safepoint: 123657 ns, Total: 832415 ns
[2025-10-13T23:42:04.200-0700][1201][info ][safepoint   ] Safepoint "Cleanup", Time since last: 1000103361 ns, Reaching safepoint: 733956 ns, Cleanup: 10445 ns, At safepoint: 470009 ns, Total: 1214410 ns
[2025-10-13T23:42:05.203-0700][1201][info ][safepoint   ] Safepoint "Cleanup", Time since last: 1000109049 ns, Reaching safepoint: 957523 ns, Cleanup: 16305 ns, At safepoint: 1416875 ns, Total: 2390703 ns
[2025-10-13T23:42:08.204-0700][1201][info ][safepoint   ] Safepoint "Cleanup", Time since last: 3000233007 ns, Reaching safepoint: 749880 ns, Cleanup: 12438 ns, At safepoint: 194343 ns, Total: 956661 ns
[2025-10-13T23:42:10.205-0700][1201][info ][safepoint   ] Safepoint "Cleanup", Time since last: 2000160913 ns, Reaching safepoint: 742679 ns, Cleanup: 16175 ns, At safepoint: 210317 ns, Total: 969171 ns
[2025-10-13T23:42:10.230-0700][1201][info ][gc,start    ] GC(200) Pause Young (Mixed) (G1 Evacuation Pause)
[2025-10-13T23:42:10.230-0700][1201][info ][gc,task     ] GC(200) Using 113 workers of 113 for evacuation
[2025-10-13T23:42:10.246-0700][1201][debug][gc,remset   ] GC(200) Visited cards 11603968 Total dirty 86507520 (13.41%) Total old 447479808 (2.59%)
[2025-10-13T23:42:10.355-0700][1201][info ][gc,phases   ] GC(200)   Pre Evacuate Collection Set: 0.8ms
[2025-10-13T23:42:10.355-0700][1201][info ][gc,phases   ] GC(200)   Merge Heap Roots: 14.5ms
[2025-10-13T23:42:10.355-0700][1201][info ][gc,phases   ] GC(200)   Evacuate Collection Set: 97.5ms
[2025-10-13T23:42:10.355-0700][1201][info ][gc,phases   ] GC(200)   Post Evacuate Collection Set: 12.2ms
[2025-10-13T23:42:10.355-0700][1201][info ][gc,phases   ] GC(200)   Other: 0.2ms
[2025-10-13T23:42:10.355-0700][1201][debug][gc,remset   ] GC(200) Coarsening (recent): Inline->AoC 36399 (0) AoC->Howl 1752 (0) Howl->Full 0 (0) Inline->AoC 4403 (0) AoC->BitMap 1796 (0) BitMap->Full 0 (0) 
[2025-10-13T23:42:10.355-0700][1201][debug][gc,remset   ] GC(200) Coarsening (all): Inline->AoC 4589994 (151) AoC->Howl 78895 (463) Howl->Full 0 (0) Inline->AoC 339420 (151) AoC->BitMap 84587 (377) BitMap->Full 5 (0) 
[2025-10-13T23:42:10.355-0700][1201][info ][gc,heap     ] GC(200) Eden regions: 2529->0(2105)
[2025-10-13T23:42:10.356-0700][1201][info ][gc,heap     ] GC(200) Survivor regions: 70->114(325)
[2025-10-13T23:42:10.356-0700][1201][info ][gc,heap     ] GC(200) Old regions: 1501->1410
[2025-10-13T23:42:10.356-0700][1201][info ][gc,heap     ] GC(200) Humongous regions: 21->0
[2025-10-13T23:42:10.356-0700][1201][info ][gc,metaspace] GC(200) Metaspace: 312200K(318272K)->312200K(318272K) NonClass: 276530K(279808K)->276530K(279808K) Class: 35669K(38464K)->35669K(38464K)
[2025-10-13T23:42:10.356-0700][1201][info ][gc          ] GC(200) Pause Young (Mixed) (G1 Evacuation Pause) 131832M->48745M(184320M) 125.357ms
[2025-10-13T23:42:10.357-0700][1201][info ][gc,cpu      ] GC(200) User=10.36s Sys=0.07s Real=0.12s
[2025-10-13T23:42:10.358-0700][1201][info ][safepoint   ] Safepoint "G1CollectForAllocation", Time since last: 22892518 ns, Reaching safepoint: 999877 ns, Cleanup: 4947 ns, At safepoint: 128873251 ns, Total: 129878075 ns
[2025-10-13T23:42:11.372-0700][1201][info ][safepoint   ] Safepoint "Cleanup", Time since last: 1000083521 ns, Reaching safepoint: 11218095 ns, Cleanup: 11968 ns, At safepoint: 2563954 ns, Total: 13794017 ns
[2025-10-13T23:42:15.373-0700][1201][info ][safepoint   ] Safepoint "Cleanup", Time since last: 4000296568 ns, Reaching safepoint: 702318 ns, Cleanup: 15233 ns, At safepoint: 530810 ns, Total: 1248361 ns
[2025-10-13T23:42:16.375-0700][1201][info ][safepoint   ] Safepoint "Cleanup", Time since last: 1000105825 ns, Reaching safepoint: 697921 ns, Cleanup: 10386 ns, At safepoint: 587035 ns, Total: 1295342 ns
[2025-10-13T23:42:20.376-0700][1201][info ][safepoint   ] Safepoint "Cleanup", Time since last: 4000298803 ns, Reaching safepoint: 688747 ns, Cleanup: 10526 ns, At safepoint: 99871 ns, Total: 799144 ns
[2025-10-13T23:42:21.377-0700][1201][info ][safepoint   ] Safepoint "Cleanup", Time since last: 1000101193 ns, Reaching safepoint: 797212 ns, Cleanup: 11046 ns, At safepoint: 178519 ns, Total: 986777 ns
[2025-10-13T23:42:22.115-0700][1201][info ][gc,start    ] GC(201) Pause Young (Mixed) (G1 Evacuation Pause)
[2025-10-13T23:42:22.115-0700][1201][info ][gc,task     ] GC(201) Using 113 workers of 113 for evacuation
[2025-10-13T23:42:22.129-0700][1201][debug][gc,remset   ] GC(201) Visited cards 11588608 Total dirty 81723392 (14.18%) Total old 423231488 (2.74%)
[2025-10-13T23:42:22.239-0700][1201][info ][gc,phases   ] GC(201)   Pre Evacuate Collection Set: 0.8ms
[2025-10-13T23:42:22.239-0700][1201][info ][gc,phases   ] GC(201)   Merge Heap Roots: 13.8ms
[2025-10-13T23:42:22.239-0700][1201][info ][gc,phases   ] GC(201)   Evacuate Collection Set: 95.5ms
[2025-10-13T23:42:22.239-0700][1201][info ][gc,phases   ] GC(201)   Post Evacuate Collection Set: 14.3ms
[2025-10-13T23:42:22.239-0700][1201][info ][gc,phases   ] GC(201)   Other: 0.2ms
[2025-10-13T23:42:22.239-0700][1201][debug][gc,remset   ] GC(201) Coarsening (recent): Inline->AoC 30103 (0) AoC->Howl 192 (0) Howl->Full 0 (0) Inline->AoC 667 (0) AoC->BitMap 136 (0) BitMap->Full 0 (0) 
[2025-10-13T23:42:22.239-0700][1201][debug][gc,remset   ] GC(201) Coarsening (all): Inline->AoC 4620097 (151) AoC->Howl 79087 (463) Howl->Full 0 (0) Inline->AoC 340087 (151) AoC->BitMap 84723 (377) BitMap->Full 5 (0) 
[2025-10-13T23:42:22.239-0700][1201][info ][gc,heap     ] GC(201) Eden regions: 2348->0(2042)
[2025-10-13T23:42:22.239-0700][1201][info ][gc,heap     ] GC(201) Survivor regions: 114->150(308)
[2025-10-13T23:42:22.239-0700][1201][info ][gc,heap     ] GC(201) Old regions: 1410->1308
[2025-10-13T23:42:22.239-0700][1201][info ][gc,heap     ] GC(201) Humongous regions: 16->0
[2025-10-13T23:42:22.239-0700][1201][info ][gc,metaspace] GC(201) Metaspace: 312278K(318272K)->312278K(318272K) NonClass: 276600K(279808K)->276600K(279808K) Class: 35678K(38464K)->35678K(38464K)
[2025-10-13T23:42:22.239-0700][1201][info ][gc          ] GC(201) Pause Young (Mixed) (G1 Evacuation Pause) 124393M->46598M(184320M) 124.677ms
[2025-10-13T23:42:22.241-0700][1201][info ][gc,cpu      ] GC(201) User=11.90s Sys=0.22s Real=0.13s
[2025-10-13T23:42:22.242-0700][1201][info ][safepoint   ] Safepoint "G1CollectForAllocation", Time since last: 728476140 ns, Reaching safepoint: 8193426 ns, Cleanup: 5088 ns, At safepoint: 128069494 ns, Total: 136268008 ns
[2025-10-13T23:42:23.243-0700][1201][info ][safepoint   ] Safepoint "Cleanup", Time since last: 1000086131 ns, Reaching safepoint: 805624 ns, Cleanup: 34592 ns, At safepoint: 162615 ns, Total: 1002831 ns
[2025-10-13T23:42:24.244-0700][1201][info ][safepoint   ] Safepoint "Cleanup", Time since last: 1000107814 ns, Reaching safepoint: 751001 ns, Cleanup: 28393 ns, At safepoint: 223937 ns, Total: 1003331 ns
[2025-10-13T23:42:27.780-0700][1201][info ][safepoint   ] Safepoint "Cleanup", Time since last: 3533420760 ns, Reaching safepoint: 2926450 ns, Cleanup: 15693 ns, At safepoint: 219701 ns, Total: 3161844 ns
[2025-10-13T23:42:29.782-0700][1201][info ][safepoint   ] Safepoint "Cleanup", Time since last: 2000166623 ns, Reaching safepoint: 727597 ns, Cleanup: 11487 ns, At safepoint: 192500 ns, Total: 931584 ns
[2025-10-13T23:42:30.783-0700][1201][info ][safepoint   ] Safepoint "Cleanup", Time since last: 1000100933 ns, Reaching safepoint: 748538 ns, Cleanup: 13431 ns, At safepoint: 182164 ns, Total: 944133 ns
[2025-10-13T23:42:31.379-0700][1201][info ][gc,start    ] GC(202) Pause Young (Mixed) (G1 Evacuation Pause)
[2025-10-13T23:42:31.379-0700][1201][info ][gc,task     ] GC(202) Using 113 workers of 113 for evacuation
[2025-10-13T23:42:31.393-0700][1201][debug][gc,remset   ] GC(202) Visited cards 11555328 Total dirty 75956224 (15.21%) Total old 402063360 (2.87%)
[2025-10-13T23:42:31.530-0700][1201][info ][gc,phases   ] GC(202)   Pre Evacuate Collection Set: 0.8ms
[2025-10-13T23:42:31.530-0700][1201][info ][gc,phases   ] GC(202)   Merge Heap Roots: 12.8ms
[2025-10-13T23:42:31.530-0700][1201][info ][gc,phases   ] GC(202)   Evacuate Collection Set: 121.8ms
[2025-10-13T23:42:31.530-0700][1201][info ][gc,phases   ] GC(202)   Post Evacuate Collection Set: 15.6ms
[2025-10-13T23:42:31.530-0700][1201][info ][gc,phases   ] GC(202)   Other: 0.2ms
[2025-10-13T23:42:31.530-0700][1201][debug][gc,remset   ] GC(202) Coarsening (recent): Inline->AoC 50245 (0) AoC->Howl 187 (0) Howl->Full 0 (0) Inline->AoC 727 (0) AoC->BitMap 141 (0) BitMap->Full 0 (0) 
[2025-10-13T23:42:31.530-0700][1201][debug][gc,remset   ] GC(202) Coarsening (all): Inline->AoC 4670342 (151) AoC->Howl 79274 (463) Howl->Full 0 (0) Inline->AoC 340814 (151) AoC->BitMap 84864 (377) BitMap->Full 5 (0) 
[2025-10-13T23:42:31.530-0700][1201][info ][gc,heap     ] GC(202) Eden regions: 2200->0(1538)
[2025-10-13T23:42:31.530-0700][1201][info ][gc,heap     ] GC(202) Survivor regions: 150->201(294)
[2025-10-13T23:42:31.530-0700][1201][info ][gc,heap     ] GC(202) Old regions: 1308->1201
[2025-10-13T23:42:31.530-0700][1201][info ][gc,heap     ] GC(202) Humongous regions: 19->0
[2025-10-13T23:42:31.530-0700][1201][info ][gc,metaspace] GC(202) Metaspace: 312331K(318272K)->312331K(318272K) NonClass: 276649K(279808K)->276649K(279808K) Class: 35682K(38464K)->35682K(38464K)
[2025-10-13T23:42:31.530-0700][1201][info ][gc          ] GC(202) Pause Young (Mixed) (G1 Evacuation Pause) 117606M->44860M(184320M) 151.310ms
[2025-10-13T23:42:31.531-0700][1201][info ][gc,cpu      ] GC(202) User=14.43s Sys=0.28s Real=0.15s
[2025-10-13T23:42:31.533-0700][1201][info ][safepoint   ] Safepoint "G1CollectForAllocation", Time since last: 594415658 ns, Reaching safepoint: 722579 ns, Cleanup: 18407 ns, At safepoint: 154917972 ns, Total: 155658958 ns
[2025-10-13T23:42:33.534-0700][1201][info ][safepoint   ] Safepoint "Cleanup", Time since last: 2000138621 ns, Reaching safepoint: 804101 ns, Cleanup: 10657 ns, At safepoint: 211729 ns, Total: 1026487 ns
[2025-10-13T23:42:35.535-0700][1201][info ][safepoint   ] Safepoint "Cleanup", Time since last: 2000163087 ns, Reaching safepoint: 721197 ns, Cleanup: 10466 ns, At safepoint: 176726 ns, Total: 908389 ns
[2025-10-13T23:42:36.536-0700][1201][info ][safepoint   ] Safepoint "Cleanup", Time since last: 1000093763 ns, Reaching safepoint: 840366 ns, Cleanup: 10666 ns, At safepoint: 327674 ns, Total: 1178706 ns
[2025-10-13T23:42:37.810-0700][1201][info ][gc,start    ] GC(203) Pause Young (Mixed) (G1 Evacuation Pause)
[2025-10-13T23:42:37.810-0700][1201][info ][gc,task     ] GC(203) Using 113 workers of 113 for evacuation
[2025-10-13T23:42:37.824-0700][1201][debug][gc,remset   ] GC(203) Visited cards 11923968 Total dirty 69140480 (17.25%) Total old 344588288 (3.46%)
[2025-10-13T23:42:37.997-0700][1201][info ][gc,phases   ] GC(203)   Pre Evacuate Collection Set: 0.7ms
[2025-10-13T23:42:37.997-0700][1201][info ][gc,phases   ] GC(203)   Merge Heap Roots: 13.3ms
[2025-10-13T23:42:37.997-0700][1201][info ][gc,phases   ] GC(203)   Evacuate Collection Set: 156.1ms
[2025-10-13T23:42:37.997-0700][1201][info ][gc,phases   ] GC(203)   Post Evacuate Collection Set: 16.2ms
[2025-10-13T23:42:37.997-0700][1201][info ][gc,phases   ] GC(203)   Other: 0.2ms
[2025-10-13T23:42:37.997-0700][1201][debug][gc,remset   ] GC(203) Coarsening (recent): Inline->AoC 32507 (0) AoC->Howl 163 (0) Howl->Full 0 (0) Inline->AoC 692 (0) AoC->BitMap 85 (0) BitMap->Full 0 (0) 
[2025-10-13T23:42:37.997-0700][1201][debug][gc,remset   ] GC(203) Coarsening (all): Inline->AoC 4702849 (151) AoC->Howl 79437 (463) Howl->Full 0 (0) Inline->AoC 341506 (151) AoC->BitMap 84949 (377) BitMap->Full 5 (0) 
[2025-10-13T23:42:37.997-0700][1201][info ][gc,heap     ] GC(203) Eden regions: 1770->0(1303)
[2025-10-13T23:42:37.997-0700][1201][info ][gc,heap     ] GC(203) Survivor regions: 201->200(247)
[2025-10-13T23:42:37.997-0700][1201][info ][gc,heap     ] GC(203) Old regions: 1201->1161
[2025-10-13T23:42:37.997-0700][1201][info ][gc,heap     ] GC(203) Humongous regions: 7->0
[2025-10-13T23:42:37.997-0700][1201][info ][gc,metaspace] GC(203) Metaspace: 312333K(318272K)->312333K(318272K) NonClass: 276651K(279808K)->276651K(279808K) Class: 35682K(38464K)->35682K(38464K)
[2025-10-13T23:42:37.997-0700][1201][info ][gc          ] GC(203) Pause Young (Mixed) (G1 Evacuation Pause) 101724M->43536M(184320M) 186.685ms
[2025-10-13T23:42:37.998-0700][1201][info ][gc,cpu      ] GC(203) User=18.61s Sys=0.23s Real=0.18s
[2025-10-13T23:42:37.999-0700][1201][info ][safepoint   ] Safepoint "G1CollectForAllocation", Time since last: 1271806548 ns, Reaching safepoint: 879576 ns, Cleanup: 7070 ns, At safepoint: 190178144 ns, Total: 191064790 ns
[2025-10-13T23:42:40.000-0700][1201][info ][safepoint   ] Safepoint "Cleanup", Time since last: 2000171851 ns, Reaching safepoint: 754357 ns, Cleanup: 11838 ns, At safepoint: 105479 ns, Total: 871674 ns
[2025-10-13T23:42:41.001-0700][1201][info ][safepoint   ] Safepoint "Cleanup", Time since last: 1000097408 ns, Reaching safepoint: 728247 ns, Cleanup: 12749 ns, At safepoint: 101693 ns, Total: 842689 ns
[2025-10-13T23:42:42.002-0700][1201][info ][safepoint   ] Safepoint "Cleanup", Time since last: 1000101935 ns, Reaching safepoint: 786675 ns, Cleanup: 15344 ns, At safepoint: 97917 ns, Total: 899936 ns
[2025-10-13T23:42:43.003-0700][1201][info ][safepoint   ] Safepoint "Cleanup", Time since last: 1000101434 ns, Reaching safepoint: 718242 ns, Cleanup: 9735 ns, At safepoint: 121143 ns, Total: 849120 ns
[2025-10-13T23:42:44.004-0700][1201][info ][safepoint   ] Safepoint "Cleanup", Time since last: 1000102575 ns, Reaching safepoint: 719715 ns, Cleanup: 10025 ns, At safepoint: 155915 ns, Total: 885655 ns
[2025-10-13T23:42:45.005-0700][1201][info ][safepoint   ] Safepoint "Cleanup", Time since last: 1000095394 ns, Reaching safepoint: 740416 ns, Cleanup: 22875 ns, At safepoint: 158629 ns, Total: 921920 ns
[2025-10-13T23:42:45.232-0700][1201][info ][gc,start    ] GC(204) Pause Young (Mixed) (G1 Evacuation Pause)
[2025-10-13T23:42:45.232-0700][1201][info ][gc,task     ] GC(204) Using 113 workers of 113 for evacuation
[2025-10-13T23:42:45.247-0700][1201][debug][gc,remset   ] GC(204) Visited cards 13756672 Total dirty 66781184 (20.60%) Total old 303497216 (4.53%)
[2025-10-13T23:42:45.404-0700][1201][info ][gc,phases   ] GC(204)   Pre Evacuate Collection Set: 0.8ms
[2025-10-13T23:42:45.404-0700][1201][info ][gc,phases   ] GC(204)   Merge Heap Roots: 13.7ms
[2025-10-13T23:42:45.404-0700][1201][info ][gc,phases   ] GC(204)   Evacuate Collection Set: 143.2ms
[2025-10-13T23:42:45.404-0700][1201][info ][gc,phases   ] GC(204)   Post Evacuate Collection Set: 13.9ms
[2025-10-13T23:42:45.404-0700][1201][info ][gc,phases   ] GC(204)   Other: 0.2ms
[2025-10-13T23:42:45.404-0700][1201][debug][gc,remset   ] GC(204) Coarsening (recent): Inline->AoC 35190 (1) AoC->Howl 481 (0) Howl->Full 0 (0) Inline->AoC 1824 (0) AoC->BitMap 335 (0) BitMap->Full 0 (0) 
[2025-10-13T23:42:45.404-0700][1201][debug][gc,remset   ] GC(204) Coarsening (all): Inline->AoC 4738039 (152) AoC->Howl 79918 (463) Howl->Full 0 (0) Inline->AoC 343330 (151) AoC->BitMap 85284 (377) BitMap->Full 5 (0) 
[2025-10-13T23:42:45.404-0700][1201][info ][gc,heap     ] GC(204) Eden regions: 1475->0(2432)
[2025-10-13T23:42:45.404-0700][1201][info ][gc,heap     ] GC(204) Survivor regions: 200->140(210)
[2025-10-13T23:42:45.404-0700][1201][info ][gc,heap     ] GC(204) Old regions: 1161->1144
[2025-10-13T23:42:45.404-0700][1201][info ][gc,heap     ] GC(204) Humongous regions: 12->0
[2025-10-13T23:42:45.404-0700][1201][info ][gc,metaspace] GC(204) Metaspace: 312395K(318272K)->312395K(318272K) NonClass: 276703K(279808K)->276703K(279808K) Class: 35691K(38464K)->35691K(38464K)
[2025-10-13T23:42:45.404-0700][1201][info ][gc          ] GC(204) Pause Young (Mixed) (G1 Evacuation Pause) 91120M->41047M(184320M) 171.873ms
[2025-10-13T23:42:45.405-0700][1201][info ][gc,cpu      ] GC(204) User=15.17s Sys=0.17s Real=0.17s
[2025-10-13T23:42:45.406-0700][1201][info ][safepoint   ] Safepoint "G1CollectForAllocation", Time since last: 225075910 ns, Reaching safepoint: 717722 ns, Cleanup: 39840 ns, At safepoint: 175477131 ns, Total: 176234693 ns
[2025-10-13T23:42:46.407-0700][1201][info ][safepoint   ] Safepoint "Cleanup", Time since last: 1000105470 ns, Reaching safepoint: 725143 ns, Cleanup: 15032 ns, At safepoint: 95224 ns, Total: 835399 ns
[2025-10-13T23:42:47.408-0700][1201][info ][safepoint   ] Safepoint "Cleanup", Time since last: 1000097314 ns, Reaching safepoint: 743620 ns, Cleanup: 17607 ns, At safepoint: 153932 ns, Total: 915159 ns
[2025-10-13T23:42:49.409-0700][1201][info ][safepoint   ] Safepoint "Cleanup", Time since last: 2000155439 ns, Reaching safepoint: 845694 ns, Cleanup: 12259 ns, At safepoint: 199420 ns, Total: 1057373 ns
[2025-10-13T23:42:52.411-0700][1201][info ][safepoint   ] Safepoint "Cleanup", Time since last: 3000240891 ns, Reaching safepoint: 970702 ns, Cleanup: 19299 ns, At safepoint: 346753 ns, Total: 1336754 ns
[2025-10-13T23:42:54.412-0700][1201][info ][safepoint   ] Safepoint "Cleanup", Time since last: 2000172254 ns, Reaching safepoint: 851273 ns, Cleanup: 25609 ns, At safepoint: 201744 ns, Total: 1078626 ns
[2025-10-13T23:42:55.416-0700][1201][info ][safepoint   ] Safepoint "Cleanup", Time since last: 1000094294 ns, Reaching safepoint: 2828472 ns, Cleanup: 32019 ns, At safepoint: 1046437 ns, Total: 3906928 ns
[2025-10-13T23:42:55.655-0700][1201][info ][gc,start    ] GC(205) Pause Young (Mixed) (G1 Evacuation Pause)
[2025-10-13T23:42:55.655-0700][1201][info ][gc,task     ] GC(205) Using 113 workers of 113 for evacuation
[2025-10-13T23:42:55.670-0700][1201][debug][gc,remset   ] GC(205) Visited cards 14093312 Total dirty 65994752 (21.36%) Total old 430702592 (3.27%)
[2025-10-13T23:42:55.811-0700][1201][info ][gc,phases   ] GC(205)   Pre Evacuate Collection Set: 0.8ms
[2025-10-13T23:42:55.811-0700][1201][info ][gc,phases   ] GC(205)   Merge Heap Roots: 14.0ms
[2025-10-13T23:42:55.811-0700][1201][info ][gc,phases   ] GC(205)   Evacuate Collection Set: 124.8ms
[2025-10-13T23:42:55.811-0700][1201][info ][gc,phases   ] GC(205)   Post Evacuate Collection Set: 16.0ms
[2025-10-13T23:42:55.811-0700][1201][info ][gc,phases   ] GC(205)   Other: 0.2ms
[2025-10-13T23:42:55.811-0700][1201][debug][gc,remset   ] GC(205) Coarsening (recent): Inline->AoC 60420 (0) AoC->Howl 452 (0) Howl->Full 0 (0) Inline->AoC 1610 (0) AoC->BitMap 311 (0) BitMap->Full 0 (0) 
[2025-10-13T23:42:55.811-0700][1201][debug][gc,remset   ] GC(205) Coarsening (all): Inline->AoC 4798459 (152) AoC->Howl 80370 (463) Howl->Full 0 (0) Inline->AoC 344940 (151) AoC->BitMap 85595 (377) BitMap->Full 5 (0) 
[2025-10-13T23:42:55.811-0700][1201][info ][gc,heap     ] GC(205) Eden regions: 2514->0(1679)
[2025-10-13T23:42:55.811-0700][1201][info ][gc,heap     ] GC(205) Survivor regions: 140->191(332)
[2025-10-13T23:42:55.811-0700][1201][info ][gc,heap     ] GC(205) Old regions: 1144->1053
[2025-10-13T23:42:55.811-0700][1201][info ][gc,heap     ] GC(205) Humongous regions: 12->0
[2025-10-13T23:42:55.811-0700][1201][info ][gc,metaspace] GC(205) Metaspace: 312444K(318272K)->312444K(318272K) NonClass: 276750K(279808K)->276750K(279808K) Class: 35694K(38464K)->35694K(38464K)
[2025-10-13T23:42:55.811-0700][1201][info ][gc          ] GC(205) Pause Young (Mixed) (G1 Evacuation Pause) 121879M->39791M(184320M) 155.905ms
[2025-10-13T23:42:55.812-0700][1201][info ][gc,cpu      ] GC(205) User=14.50s Sys=0.32s Real=0.16s
[2025-10-13T23:42:55.814-0700][1201][info ][safepoint   ] Safepoint "G1CollectForAllocation", Time since last: 217874651 ns, Reaching safepoint: 19931715 ns, Cleanup: 5809 ns, At safepoint: 159449972 ns, Total: 179387496 ns
[2025-10-13T23:42:56.814-0700][1201][info ][safepoint   ] Safepoint "Cleanup", Time since last: 1000083338 ns, Reaching safepoint: 718633 ns, Cleanup: 11016 ns, At safepoint: 91488 ns, Total: 821137 ns
[2025-10-13T23:42:57.816-0700][1201][info ][safepoint   ] Safepoint "Cleanup", Time since last: 1000098952 ns, Reaching safepoint: 852274 ns, Cleanup: 15363 ns, At safepoint: 200112 ns, Total: 1067749 ns
[2025-10-13T23:42:59.817-0700][1201][info ][safepoint   ] Safepoint "Cleanup", Time since last: 2000163000 ns, Reaching safepoint: 798934 ns, Cleanup: 17967 ns, At safepoint: 198249 ns, Total: 1015150 ns
[2025-10-13T23:43:00.819-0700][1201][info ][safepoint   ] Safepoint "Cleanup", Time since last: 1000134075 ns, Reaching safepoint: 984543 ns, Cleanup: 18017 ns, At safepoint: 865364 ns, Total: 1867924 ns
[2025-10-13T23:43:02.820-0700][1201][info ][safepoint   ] Safepoint "Cleanup", Time since last: 2000177172 ns, Reaching safepoint: 765995 ns, Cleanup: 15303 ns, At safepoint: 333723 ns, Total: 1115021 ns
[2025-10-13T23:43:03.293-0700][1201][info ][gc,start    ] GC(206) Pause Young (Mixed) (G1 Evacuation Pause)
[2025-10-13T23:43:03.294-0700][1201][info ][gc,task     ] GC(206) Using 113 workers of 113 for evacuation
[2025-10-13T23:43:03.308-0700][1201][debug][gc,remset   ] GC(206) Visited cards 15553792 Total dirty 60882944 (25.55%) Total old 365494272 (4.26%)
[2025-10-13T23:43:03.462-0700][1201][info ][gc,phases   ] GC(206)   Pre Evacuate Collection Set: 0.7ms
[2025-10-13T23:43:03.462-0700][1201][info ][gc,phases   ] GC(206)   Merge Heap Roots: 13.6ms
[2025-10-13T23:43:03.462-0700][1201][info ][gc,phases   ] GC(206)   Evacuate Collection Set: 138.2ms
[2025-10-13T23:43:03.462-0700][1201][info ][gc,phases   ] GC(206)   Post Evacuate Collection Set: 15.7ms
[2025-10-13T23:43:03.462-0700][1201][info ][gc,phases   ] GC(206)   Other: 0.2ms
[2025-10-13T23:43:03.462-0700][1201][debug][gc,remset   ] GC(206) Coarsening (recent): Inline->AoC 41289 (0) AoC->Howl 201 (0) Howl->Full 0 (0) Inline->AoC 831 (0) AoC->BitMap 123 (0) BitMap->Full 0 (0) 
[2025-10-13T23:43:03.462-0700][1201][debug][gc,remset   ] GC(206) Coarsening (all): Inline->AoC 4839748 (152) AoC->Howl 80571 (463) Howl->Full 0 (0) Inline->AoC 345771 (151) AoC->BitMap 85718 (377) BitMap->Full 5 (0) 
[2025-10-13T23:43:03.462-0700][1201][info ][gc,heap     ] GC(206) Eden regions: 2011->0(2147)
[2025-10-13T23:43:03.462-0700][1201][info ][gc,heap     ] GC(206) Survivor regions: 191->164(276)
[2025-10-13T23:43:03.462-0700][1201][info ][gc,heap     ] GC(206) Old regions: 1053->1012
[2025-10-13T23:43:03.462-0700][1201][info ][gc,heap     ] GC(206) Humongous regions: 12->0
[2025-10-13T23:43:03.462-0700][1201][info ][gc,metaspace] GC(206) Metaspace: 312514K(318336K)->312514K(318336K) NonClass: 276814K(279872K)->276814K(279872K) Class: 35699K(38464K)->35699K(38464K)
[2025-10-13T23:43:03.462-0700][1201][info ][gc          ] GC(206) Pause Young (Mixed) (G1 Evacuation Pause) 104527M->37609M(184320M) 168.572ms
[2025-10-13T23:43:03.463-0700][1201][info ][gc,cpu      ] GC(206) User=16.19s Sys=0.28s Real=0.17s
[2025-10-13T23:43:03.464-0700][1201][info ][safepoint   ] Safepoint "G1CollectForAllocation", Time since last: 471494226 ns, Reaching safepoint: 715478 ns, Cleanup: 4637 ns, At safepoint: 172041677 ns, Total: 172761792 ns
[2025-10-13T23:43:05.466-0700][1201][info ][safepoint   ] Safepoint "Cleanup", Time since last: 2000139625 ns, Reaching safepoint: 913136 ns, Cleanup: 13330 ns, At safepoint: 191268 ns, Total: 1117734 ns
[2025-10-13T23:43:07.467-0700][1201][info ][safepoint   ] Safepoint "Cleanup", Time since last: 2000155950 ns, Reaching safepoint: 736250 ns, Cleanup: 12128 ns, At safepoint: 94172 ns, Total: 842550 ns
[2025-10-13T23:43:08.468-0700][1201][info ][safepoint   ] Safepoint "Cleanup", Time since last: 1000095166 ns, Reaching safepoint: 713815 ns, Cleanup: 10146 ns, At safepoint: 126330 ns, Total: 850291 ns
[2025-10-13T23:43:14.469-0700][1201][info ][safepoint   ] Safepoint "Cleanup", Time since last: 6000407589 ns, Reaching safepoint: 801277 ns, Cleanup: 14863 ns, At safepoint: 163386 ns, Total: 979526 ns
[2025-10-13T23:43:15.502-0700][1201][info ][gc,start    ] GC(207) Pause Young (Mixed) (G1 Evacuation Pause)
[2025-10-13T23:43:15.502-0700][1201][info ][gc,task     ] GC(207) Using 113 workers of 113 for evacuation
[2025-10-13T23:43:15.517-0700][1201][debug][gc,remset   ] GC(207) Visited cards 22219520 Total dirty 59113472 (37.59%) Total old 410910720 (5.41%)
[2025-10-13T23:43:15.687-0700][1201][info ][gc,phases   ] GC(207)   Pre Evacuate Collection Set: 0.8ms
[2025-10-13T23:43:15.687-0700][1201][info ][gc,phases   ] GC(207)   Merge Heap Roots: 13.6ms
[2025-10-13T23:43:15.687-0700][1201][info ][gc,phases   ] GC(207)   Evacuate Collection Set: 156.3ms
[2025-10-13T23:43:15.687-0700][1201][info ][gc,phases   ] GC(207)   Post Evacuate Collection Set: 13.6ms
[2025-10-13T23:43:15.687-0700][1201][info ][gc,phases   ] GC(207)   Other: 0.2ms
[2025-10-13T23:43:15.687-0700][1201][debug][gc,remset   ] GC(207) Coarsening (recent): Inline->AoC 42202 (0) AoC->Howl 253 (0) Howl->Full 0 (0) Inline->AoC 1020 (0) AoC->BitMap 145 (0) BitMap->Full 0 (0) 
[2025-10-13T23:43:15.687-0700][1201][debug][gc,remset   ] GC(207) Coarsening (all): Inline->AoC 4881950 (152) AoC->Howl 80824 (463) Howl->Full 0 (0) Inline->AoC 346791 (151) AoC->BitMap 85863 (377) BitMap->Full 5 (0) 
[2025-10-13T23:43:15.687-0700][1201][info ][gc,heap     ] GC(207) Eden regions: 2405->0(2651)
[2025-10-13T23:43:15.687-0700][1201][info ][gc,heap     ] GC(207) Survivor regions: 164->203(322)
[2025-10-13T23:43:15.687-0700][1201][info ][gc,heap     ] GC(207) Old regions: 1012->923
[2025-10-13T23:43:15.687-0700][1201][info ][gc,heap     ] GC(207) Humongous regions: 12->0
[2025-10-13T23:43:15.687-0700][1201][info ][gc,metaspace] GC(207) Metaspace: 312519K(318336K)->312519K(318336K) NonClass: 276818K(279872K)->276818K(279872K) Class: 35700K(38464K)->35700K(38464K)
[2025-10-13T23:43:15.687-0700][1201][info ][gc          ] GC(207) Pause Young (Mixed) (G1 Evacuation Pause) 114953M->36022M(184320M) 184.656ms
[2025-10-13T23:43:15.688-0700][1201][info ][gc,cpu      ] GC(207) User=15.41s Sys=0.29s Real=0.18s
[2025-10-13T23:43:15.689-0700][1201][info ][safepoint   ] Safepoint "G1CollectForAllocation", Time since last: 1029858886 ns, Reaching safepoint: 1976979 ns, Cleanup: 5409 ns, At safepoint: 188076809 ns, Total: 190059197 ns
[2025-10-13T23:43:17.690-0700][1201][info ][safepoint   ] Safepoint "Cleanup", Time since last: 2000144443 ns, Reaching safepoint: 831393 ns, Cleanup: 15122 ns, At safepoint: 162876 ns, Total: 1009391 ns
[2025-10-13T23:43:26.811-0700][1201][info ][safepoint   ] Safepoint "Cleanup", Time since last: 9119756691 ns, Reaching safepoint: 840387 ns, Cleanup: 28493 ns, At safepoint: 240712 ns, Total: 1109592 ns
[2025-10-13T23:43:28.812-0700][1201][info ][safepoint   ] Safepoint "Cleanup", Time since last: 2000160828 ns, Reaching safepoint: 967938 ns, Cleanup: 10085 ns, At safepoint: 211930 ns, Total: 1189953 ns
[2025-10-13T23:43:29.379-0700][1201][info ][gc,start    ] GC(208) Pause Young (Normal) (G1 Evacuation Pause)
[2025-10-13T23:43:29.379-0700][1201][info ][gc,task     ] GC(208) Using 113 workers of 113 for evacuation
[2025-10-13T23:43:29.394-0700][1201][debug][gc,remset   ] GC(208) Visited cards 9528576 Total dirty 54460416 (17.50%) Total old 444268544 (2.14%)
[2025-10-13T23:43:29.548-0700][1201][info ][gc,phases   ] GC(208)   Pre Evacuate Collection Set: 0.7ms
[2025-10-13T23:43:29.548-0700][1201][info ][gc,phases   ] GC(208)   Merge Heap Roots: 13.9ms
[2025-10-13T23:43:29.548-0700][1201][info ][gc,phases   ] GC(208)   Evacuate Collection Set: 139.8ms
[2025-10-13T23:43:29.548-0700][1201][info ][gc,phases   ] GC(208)   Post Evacuate Collection Set: 14.1ms
[2025-10-13T23:43:29.548-0700][1201][info ][gc,phases   ] GC(208)   Other: 0.2ms
[2025-10-13T23:43:29.548-0700][1201][debug][gc,remset   ] GC(208) Coarsening (recent): Inline->AoC 46224 (0) AoC->Howl 91 (2) Howl->Full 0 (0) Inline->AoC 440 (1) AoC->BitMap 51 (1) BitMap->Full 0 (0) 
[2025-10-13T23:43:29.548-0700][1201][debug][gc,remset   ] GC(208) Coarsening (all): Inline->AoC 4928174 (152) AoC->Howl 80915 (465) Howl->Full 0 (0) Inline->AoC 347231 (152) AoC->BitMap 85914 (378) BitMap->Full 5 (0) 
[2025-10-13T23:43:29.548-0700][1201][info ][gc,heap     ] GC(208) Eden regions: 2716->0(2699)
[2025-10-13T23:43:29.548-0700][1201][info ][gc,heap     ] GC(208) Survivor regions: 203->207(365)
[2025-10-13T23:43:29.548-0700][1201][info ][gc,heap     ] GC(208) Old regions: 923->964
[2025-10-13T23:43:29.548-0700][1201][info ][gc,heap     ] GC(208) Humongous regions: 18->0
[2025-10-13T23:43:29.548-0700][1201][info ][gc,metaspace] GC(208) Metaspace: 312596K(318400K)->312596K(318400K) NonClass: 276885K(279936K)->276885K(279936K) Class: 35711K(38464K)->35711K(38464K)
[2025-10-13T23:43:29.548-0700][1201][info ][gc          ] GC(208) Pause Young (Normal) (G1 Evacuation Pause) 123510M->37438M(184320M) 168.830ms
[2025-10-13T23:43:29.549-0700][1201][info ][gc,cpu      ] GC(208) User=16.70s Sys=0.32s Real=0.17s
[2025-10-13T23:43:29.550-0700][1201][info ][safepoint   ] Safepoint "G1CollectForAllocation", Time since last: 564614357 ns, Reaching safepoint: 866226 ns, Cleanup: 4546 ns, At safepoint: 172210852 ns, Total: 173081624 ns
[2025-10-13T23:43:31.551-0700][1201][info ][safepoint   ] Safepoint "Cleanup", Time since last: 2000139535 ns, Reaching safepoint: 829420 ns, Cleanup: 13180 ns, At safepoint: 185469 ns, Total: 1028069 ns
[2025-10-13T23:43:32.570-0700][1201][info ][safepoint   ] Safepoint "Cleanup", Time since last: 1000101967 ns, Reaching safepoint: 15621269 ns, Cleanup: 13300 ns, At safepoint: 2892889 ns, Total: 18527458 ns
[2025-10-13T23:43:33.572-0700][1201][info ][safepoint   ] Safepoint "Cleanup", Time since last: 1000118381 ns, Reaching safepoint: 867798 ns, Cleanup: 11317 ns, At safepoint: 1152386 ns, Total: 2031501 ns
[2025-10-13T23:43:35.574-0700][1201][info ][safepoint   ] Safepoint "Cleanup", Time since last: 2000163762 ns, Reaching safepoint: 798293 ns, Cleanup: 15714 ns, At safepoint: 884482 ns, Total: 1698489 ns
[2025-10-13T23:43:36.576-0700][1201][info ][safepoint   ] Safepoint "Cleanup", Time since last: 1000110339 ns, Reaching safepoint: 1146478 ns, Cleanup: 12198 ns, At safepoint: 737512 ns, Total: 1896188 ns
[2025-10-13T23:43:37.578-0700][1201][info ][safepoint   ] Safepoint "Cleanup", Time since last: 1000112391 ns, Reaching safepoint: 736480 ns, Cleanup: 15163 ns, At safepoint: 1075881 ns, Total: 1827524 ns
[2025-10-13T23:43:38.580-0700][1201][info ][safepoint   ] Safepoint "Cleanup", Time since last: 1000112352 ns, Reaching safepoint: 848499 ns, Cleanup: 10826 ns, At safepoint: 1087188 ns, Total: 1946513 ns
[2025-10-13T23:43:39.582-0700][1201][info ][safepoint   ] Safepoint "Cleanup", Time since last: 1000122327 ns, Reaching safepoint: 908329 ns, Cleanup: 20380 ns, At safepoint: 1613051 ns, Total: 2541760 ns
[2025-10-13T23:43:44.211-0700][1201][info ][gc,start    ] GC(209) Pause Young (Normal) (G1 Evacuation Pause)
[2025-10-13T23:43:44.211-0700][1201][info ][gc,task     ] GC(209) Using 113 workers of 113 for evacuation
[2025-10-13T23:43:44.225-0700][1201][debug][gc,remset   ] GC(209) Visited cards 9657856 Total dirty 56098816 (17.22%) Total old 456065024 (2.12%)
[2025-10-13T23:43:44.391-0700][1201][info ][gc,phases   ] GC(209)   Pre Evacuate Collection Set: 0.8ms
[2025-10-13T23:43:44.391-0700][1201][info ][gc,phases   ] GC(209)   Merge Heap Roots: 13.2ms
[2025-10-13T23:43:44.391-0700][1201][info ][gc,phases   ] GC(209)   Evacuate Collection Set: 149.3ms
[2025-10-13T23:43:44.391-0700][1201][info ][gc,phases   ] GC(209)   Post Evacuate Collection Set: 16.7ms
[2025-10-13T23:43:44.391-0700][1201][info ][gc,phases   ] GC(209)   Other: 0.2ms
[2025-10-13T23:43:44.391-0700][1201][debug][gc,remset   ] GC(209) Coarsening (recent): Inline->AoC 40104 (0) AoC->Howl 157 (0) Howl->Full 0 (0) Inline->AoC 701 (0) AoC->BitMap 89 (0) BitMap->Full 0 (0) 
[2025-10-13T23:43:44.391-0700][1201][debug][gc,remset   ] GC(209) Coarsening (all): Inline->AoC 4968278 (152) AoC->Howl 81072 (465) Howl->Full 0 (0) Inline->AoC 347932 (152) AoC->BitMap 86003 (378) BitMap->Full 5 (0) 
[2025-10-13T23:43:44.391-0700][1201][info ][gc,heap     ] GC(209) Eden regions: 2781->0(1998)
[2025-10-13T23:43:44.391-0700][1201][info ][gc,heap     ] GC(209) Survivor regions: 207->249(374)
[2025-10-13T23:43:44.391-0700][1201][info ][gc,heap     ] GC(209) Old regions: 964->964
[2025-10-13T23:43:44.391-0700][1201][info ][gc,heap     ] GC(209) Humongous regions: 19->0
[2025-10-13T23:43:44.391-0700][1201][info ][gc,metaspace] GC(209) Metaspace: 312743K(318528K)->312743K(318528K) NonClass: 277024K(280064K)->277024K(280064K) Class: 35719K(38464K)->35719K(38464K)
[2025-10-13T23:43:44.391-0700][1201][info ][gc          ] GC(209) Pause Young (Normal) (G1 Evacuation Pause) 127038M->38789M(184320M) 180.418ms
[2025-10-13T23:43:44.392-0700][1201][info ][gc,cpu      ] GC(209) User=16.86s Sys=0.42s Real=0.18s
[2025-10-13T23:43:44.394-0700][1201][info ][safepoint   ] Safepoint "G1CollectForAllocation", Time since last: 4626413572 ns, Reaching safepoint: 942660 ns, Cleanup: 6189 ns, At safepoint: 183770992 ns, Total: 184719841 ns
[2025-10-13T23:43:48.395-0700][1201][info ][safepoint   ] Safepoint "Cleanup", Time since last: 4000248394 ns, Reaching safepoint: 856951 ns, Cleanup: 16295 ns, At safepoint: 252711 ns, Total: 1125957 ns
[2025-10-13T23:43:51.397-0700][1201][info ][safepoint   ] Safepoint "Cleanup", Time since last: 3000224716 ns, Reaching safepoint: 880416 ns, Cleanup: 12279 ns, At safepoint: 514215 ns, Total: 1406910 ns
[2025-10-13T23:43:53.398-0700][1201][info ][safepoint   ] Safepoint "Cleanup", Time since last: 2000176795 ns, Reaching safepoint: 860337 ns, Cleanup: 13079 ns, At safepoint: 326322 ns, Total: 1199738 ns
[2025-10-13T23:43:53.869-0700][1201][info ][gc,start    ] GC(210) Pause Young (Normal) (G1 Evacuation Pause)
[2025-10-13T23:43:53.869-0700][1201][info ][gc,task     ] GC(210) Using 113 workers of 113 for evacuation
[2025-10-13T23:43:53.883-0700][1201][debug][gc,remset   ] GC(210) Visited cards 9619968 Total dirty 56098816 (17.15%) Total old 383844352 (2.51%)
[2025-10-13T23:43:54.043-0700][1201][info ][gc,phases   ] GC(210)   Pre Evacuate Collection Set: 0.8ms
[2025-10-13T23:43:54.043-0700][1201][info ][gc,phases   ] GC(210)   Merge Heap Roots: 13.5ms
[2025-10-13T23:43:54.043-0700][1201][info ][gc,phases   ] GC(210)   Evacuate Collection Set: 145.1ms
[2025-10-13T23:43:54.043-0700][1201][info ][gc,phases   ] GC(210)   Post Evacuate Collection Set: 14.1ms
[2025-10-13T23:43:54.043-0700][1201][info ][gc,phases   ] GC(210)   Other: 0.1ms
[2025-10-13T23:43:54.043-0700][1201][debug][gc,remset   ] GC(210) Coarsening (recent): Inline->AoC 33572 (0) AoC->Howl 136 (1) Howl->Full 0 (0) Inline->AoC 690 (0) AoC->BitMap 61 (0) BitMap->Full 0 (0) 
[2025-10-13T23:43:54.043-0700][1201][debug][gc,remset   ] GC(210) Coarsening (all): Inline->AoC 5001850 (152) AoC->Howl 81208 (466) Howl->Full 0 (0) Inline->AoC 348622 (152) AoC->BitMap 86064 (378) BitMap->Full 5 (0) 
[2025-10-13T23:43:54.043-0700][1201][info ][gc,heap     ] GC(210) Eden regions: 2190->0(3303)
[2025-10-13T23:43:54.043-0700][1201][info ][gc,heap     ] GC(210) Survivor regions: 249->153(305)
[2025-10-13T23:43:54.043-0700][1201][info ][gc,heap     ] GC(210) Old regions: 964->1070
[2025-10-13T23:43:54.043-0700][1201][info ][gc,heap     ] GC(210) Humongous regions: 15->0
[2025-10-13T23:43:54.043-0700][1201][info ][gc,metaspace] GC(210) Metaspace: 312785K(318592K)->312785K(318592K) NonClass: 277064K(280128K)->277064K(280128K) Class: 35720K(38464K)->35720K(38464K)
[2025-10-13T23:43:54.043-0700][1201][info ][gc          ] GC(210) Pause Young (Normal) (G1 Evacuation Pause) 109349M->39111M(184320M) 173.766ms
[2025-10-13T23:43:54.044-0700][1201][info ][gc,cpu      ] GC(210) User=17.00s Sys=0.25s Real=0.17s
[2025-10-13T23:43:54.045-0700][1201][info ][safepoint   ] Safepoint "G1CollectForAllocation", Time since last: 469292673 ns, Reaching safepoint: 718593 ns, Cleanup: 17045 ns, At safepoint: 177277498 ns, Total: 178013136 ns
[2025-10-13T23:43:55.047-0700][1201][info ][safepoint   ] Safepoint "Cleanup", Time since last: 1000086181 ns, Reaching safepoint: 987438 ns, Cleanup: 9314 ns, At safepoint: 243507 ns, Total: 1240259 ns
[2025-10-13T23:43:56.048-0700][1201][info ][safepoint   ] Safepoint "Cleanup", Time since last: 1000103106 ns, Reaching safepoint: 805714 ns, Cleanup: 13250 ns, At safepoint: 186461 ns, Total: 1005425 ns
[2025-10-13T23:44:00.049-0700][1201][info ][safepoint   ] Safepoint "Cleanup", Time since last: 4000283149 ns, Reaching safepoint: 843311 ns, Cleanup: 11047 ns, At safepoint: 192290 ns, Total: 1046648 ns
[2025-10-13T23:44:02.050-0700][1201][info ][safepoint   ] Safepoint "Cleanup", Time since last: 2000157919 ns, Reaching safepoint: 830341 ns, Cleanup: 12649 ns, At safepoint: 170247 ns, Total: 1013237 ns
[2025-10-13T23:44:05.068-0700][1201][info ][safepoint   ] Safepoint "Cleanup", Time since last: 3000260415 ns, Reaching safepoint: 15614088 ns, Cleanup: 13791 ns, At safepoint: 2067806 ns, Total: 17695685 ns
[2025-10-13T23:44:10.070-0700][1201][info ][safepoint   ] Safepoint "Cleanup", Time since last: 5000351704 ns, Reaching safepoint: 852594 ns, Cleanup: 10957 ns, At safepoint: 267703 ns, Total: 1131254 ns
[2025-10-13T23:44:11.071-0700][1201][info ][safepoint   ] Safepoint "Cleanup", Time since last: 1000098259 ns, Reaching safepoint: 828208 ns, Cleanup: 12028 ns, At safepoint: 249286 ns, Total: 1089522 ns
[2025-10-13T23:44:16.130-0700][1201][info ][gc,start    ] GC(211) Pause Young (Normal) (G1 Evacuation Pause)
[2025-10-13T23:44:16.130-0700][1201][info ][gc,task     ] GC(211) Using 113 workers of 113 for evacuation
[2025-10-13T23:44:16.144-0700][1201][debug][gc,remset   ] GC(211) Visited cards 9946112 Total dirty 62914560 (15.81%) Total old 524943360 (1.89%)
[2025-10-13T23:44:16.286-0700][1201][info ][gc,phases   ] GC(211)   Pre Evacuate Collection Set: 0.7ms
[2025-10-13T23:44:16.286-0700][1201][info ][gc,phases   ] GC(211)   Merge Heap Roots: 13.2ms
[2025-10-13T23:44:16.286-0700][1201][info ][gc,phases   ] GC(211)   Evacuate Collection Set: 125.5ms
[2025-10-13T23:44:16.286-0700][1201][info ][gc,phases   ] GC(211)   Post Evacuate Collection Set: 15.5ms
[2025-10-13T23:44:16.286-0700][1201][info ][gc,phases   ] GC(211)   Other: 0.2ms
[2025-10-13T23:44:16.286-0700][1201][debug][gc,remset   ] GC(211) Coarsening (recent): Inline->AoC 56047 (0) AoC->Howl 160 (0) Howl->Full 0 (0) Inline->AoC 561 (0) AoC->BitMap 91 (0) BitMap->Full 0 (0) 
[2025-10-13T23:44:16.286-0700][1201][debug][gc,remset   ] GC(211) Coarsening (all): Inline->AoC 5057897 (152) AoC->Howl 81368 (466) Howl->Full 0 (0) Inline->AoC 349183 (152) AoC->BitMap 86155 (378) BitMap->Full 5 (0) 
[2025-10-13T23:44:16.286-0700][1201][info ][gc,heap     ] GC(211) Eden regions: 3303->0(3085)
[2025-10-13T23:44:16.286-0700][1201][info ][gc,heap     ] GC(211) Survivor regions: 153->208(432)
[2025-10-13T23:44:16.286-0700][1201][info ][gc,heap     ] GC(211) Old regions: 1070->1070
[2025-10-13T23:44:16.286-0700][1201][info ][gc,heap     ] GC(211) Humongous regions: 28->0
[2025-10-13T23:44:16.286-0700][1201][info ][gc,metaspace] GC(211) Metaspace: 312823K(318592K)->312823K(318592K) NonClass: 277102K(280128K)->277102K(280128K) Class: 35721K(38464K)->35721K(38464K)
[2025-10-13T23:44:16.286-0700][1201][info ][gc          ] GC(211) Pause Young (Normal) (G1 Evacuation Pause) 145703M->40891M(184320M) 155.265ms
[2025-10-13T23:44:16.287-0700][1201][info ][gc,cpu      ] GC(211) User=14.96s Sys=0.34s Real=0.15s
[2025-10-13T23:44:16.288-0700][1201][info ][safepoint   ] Safepoint "G1CollectForAllocation", Time since last: 5057588063 ns, Reaching safepoint: 843651 ns, Cleanup: 4437 ns, At safepoint: 158549496 ns, Total: 159397584 ns
[2025-10-13T23:44:26.834-0700][1201][info ][safepoint   ] Safepoint "Cleanup", Time since last: 10545384302 ns, Reaching safepoint: 851554 ns, Cleanup: 13270 ns, At safepoint: 230978 ns, Total: 1095802 ns
[2025-10-13T23:44:27.835-0700][1201][info ][safepoint   ] Safepoint "Cleanup", Time since last: 1000091649 ns, Reaching safepoint: 715528 ns, Cleanup: 13140 ns, At safepoint: 157677 ns, Total: 886345 ns
[2025-10-13T23:44:28.836-0700][1201][info ][safepoint   ] Safepoint "Cleanup", Time since last: 1000094193 ns, Reaching safepoint: 706344 ns, Cleanup: 17346 ns, At safepoint: 209256 ns, Total: 932946 ns
[2025-10-13T23:44:31.848-0700][1201][info ][safepoint   ] Safepoint "Cleanup", Time since last: 3000220935 ns, Reaching safepoint: 11078384 ns, Cleanup: 14411 ns, At safepoint: 877473 ns, Total: 11970268 ns
[2025-10-13T23:44:31.963-0700][1201][info ][gc,start    ] GC(212) Pause Young (Normal) (G1 Evacuation Pause)
[2025-10-13T23:44:31.963-0700][1201][info ][gc,task     ] GC(212) Using 113 workers of 113 for evacuation
[2025-10-13T23:44:31.978-0700][1201][debug][gc,remset   ] GC(212) Visited cards 9990400 Total dirty 63045632 (15.85%) Total old 512229376 (1.95%)
[2025-10-13T23:44:32.133-0700][1201][info ][gc,phases   ] GC(212)   Pre Evacuate Collection Set: 0.9ms
[2025-10-13T23:44:32.133-0700][1201][info ][gc,phases   ] GC(212)   Merge Heap Roots: 13.5ms
[2025-10-13T23:44:32.133-0700][1201][info ][gc,phases   ] GC(212)   Evacuate Collection Set: 139.6ms
[2025-10-13T23:44:32.133-0700][1201][info ][gc,phases   ] GC(212)   Post Evacuate Collection Set: 15.6ms
[2025-10-13T23:44:32.133-0700][1201][info ][gc,phases   ] GC(212)   Other: 0.2ms
[2025-10-13T23:44:32.133-0700][1201][debug][gc,remset   ] GC(212) Coarsening (recent): Inline->AoC 41349 (0) AoC->Howl 156 (0) Howl->Full 0 (0) Inline->AoC 780 (0) AoC->BitMap 92 (0) BitMap->Full 0 (0) 
[2025-10-13T23:44:32.133-0700][1201][debug][gc,remset   ] GC(212) Coarsening (all): Inline->AoC 5099246 (152) AoC->Howl 81524 (466) Howl->Full 0 (0) Inline->AoC 349963 (152) AoC->BitMap 86247 (378) BitMap->Full 5 (0) 
[2025-10-13T23:44:32.133-0700][1201][info ][gc,heap     ] GC(212) Eden regions: 3157->0(2707)
[2025-10-13T23:44:32.133-0700][1201][info ][gc,heap     ] GC(212) Survivor regions: 208->237(421)
[2025-10-13T23:44:32.133-0700][1201][info ][gc,heap     ] GC(212) Old regions: 1070->1070
[2025-10-13T23:44:32.133-0700][1201][info ][gc,heap     ] GC(212) Humongous regions: 16->0
[2025-10-13T23:44:32.133-0700][1201][info ][gc,metaspace] GC(212) Metaspace: 312837K(318656K)->312837K(318656K) NonClass: 277113K(280192K)->277113K(280192K) Class: 35723K(38464K)->35723K(38464K)
[2025-10-13T23:44:32.133-0700][1201][info ][gc          ] GC(212) Pause Young (Normal) (G1 Evacuation Pause) 142427M->41819M(184320M) 170.037ms
[2025-10-13T23:44:32.134-0700][1201][info ][gc,cpu      ] GC(212) User=16.69s Sys=0.35s Real=0.17s
[2025-10-13T23:44:32.135-0700][1201][info ][safepoint   ] Safepoint "G1CollectForAllocation", Time since last: 96730682 ns, Reaching safepoint: 16752785 ns, Cleanup: 9905 ns, At safepoint: 173522079 ns, Total: 190284769 ns
[2025-10-13T23:44:41.137-0700][1201][info ][safepoint   ] Safepoint "Cleanup", Time since last: 9000569204 ns, Reaching safepoint: 886095 ns, Cleanup: 14672 ns, At safepoint: 204709 ns, Total: 1105476 ns
[2025-10-13T23:44:46.348-0700][1201][info ][gc,start    ] GC(213) Pause Young (Normal) (G1 Evacuation Pause)
[2025-10-13T23:44:46.348-0700][1201][info ][gc,task     ] GC(213) Using 113 workers of 113 for evacuation
[2025-10-13T23:44:46.363-0700][1201][debug][gc,remset   ] GC(213) Visited cards 10024448 Total dirty 63111168 (15.88%) Total old 468385792 (2.14%)
[2025-10-13T23:44:46.546-0700][1201][info ][gc,phases   ] GC(213)   Pre Evacuate Collection Set: 0.7ms
[2025-10-13T23:44:46.546-0700][1201][info ][gc,phases   ] GC(213)   Merge Heap Roots: 13.8ms
[2025-10-13T23:44:46.546-0700][1201][info ][gc,phases   ] GC(213)   Evacuate Collection Set: 166.7ms
[2025-10-13T23:44:46.546-0700][1201][info ][gc,phases   ] GC(213)   Post Evacuate Collection Set: 15.9ms
[2025-10-13T23:44:46.546-0700][1201][info ][gc,phases   ] GC(213)   Other: 0.2ms
[2025-10-13T23:44:46.546-0700][1201][debug][gc,remset   ] GC(213) Coarsening (recent): Inline->AoC 38395 (0) AoC->Howl 165 (0) Howl->Full 0 (0) Inline->AoC 781 (0) AoC->BitMap 123 (0) BitMap->Full 0 (0) 
[2025-10-13T23:44:46.546-0700][1201][debug][gc,remset   ] GC(213) Coarsening (all): Inline->AoC 5137641 (152) AoC->Howl 81689 (466) Howl->Full 0 (0) Inline->AoC 350744 (152) AoC->BitMap 86370 (378) BitMap->Full 5 (0) 
[2025-10-13T23:44:46.546-0700][1201][info ][gc,heap     ] GC(213) Eden regions: 2793->0(3003)
[2025-10-13T23:44:46.546-0700][1201][info ][gc,heap     ] GC(213) Survivor regions: 237->220(379)
[2025-10-13T23:44:46.546-0700][1201][info ][gc,heap     ] GC(213) Old regions: 1070->1126
[2025-10-13T23:44:46.546-0700][1201][info ][gc,heap     ] GC(213) Humongous regions: 17->0
[2025-10-13T23:44:46.546-0700][1201][info ][gc,metaspace] GC(213) Metaspace: 312837K(318656K)->312837K(318656K) NonClass: 277113K(280192K)->277113K(280192K) Class: 35723K(38464K)->35723K(38464K)
[2025-10-13T23:44:46.546-0700][1201][info ][gc          ] GC(213) Pause Young (Normal) (G1 Evacuation Pause) 131739M->43055M(184320M) 197.529ms
[2025-10-13T23:44:46.547-0700][1201][info ][gc,cpu      ] GC(213) User=18.56s Sys=0.44s Real=0.20s
[2025-10-13T23:44:46.548-0700][1201][info ][safepoint   ] Safepoint "G1CollectForAllocation", Time since last: 5208931531 ns, Reaching safepoint: 904212 ns, Cleanup: 6590 ns, At safepoint: 200979604 ns, Total: 201890406 ns
[2025-10-13T23:44:47.549-0700][1201][info ][safepoint   ] Safepoint "Cleanup", Time since last: 1000076296 ns, Reaching safepoint: 844252 ns, Cleanup: 36145 ns, At safepoint: 248074 ns, Total: 1128471 ns
[2025-10-13T23:44:48.551-0700][1201][info ][safepoint   ] Safepoint "Cleanup", Time since last: 1000120071 ns, Reaching safepoint: 956792 ns, Cleanup: 16705 ns, At safepoint: 359582 ns, Total: 1333079 ns
[2025-10-13T23:44:51.555-0700][1201][info ][safepoint   ] Safepoint "Cleanup", Time since last: 3000225252 ns, Reaching safepoint: 2970226 ns, Cleanup: 12218 ns, At safepoint: 667315 ns, Total: 3649759 ns
[2025-10-13T23:44:53.556-0700][1201][info ][safepoint   ] Safepoint "Cleanup", Time since last: 2000170789 ns, Reaching safepoint: 822470 ns, Cleanup: 10576 ns, At safepoint: 257828 ns, Total: 1090874 ns
[2025-10-13T23:44:57.557-0700][1201][info ][safepoint   ] Safepoint "Cleanup", Time since last: 4000277625 ns, Reaching safepoint: 930833 ns, Cleanup: 11337 ns, At safepoint: 177568 ns, Total: 1119738 ns
[2025-10-13T23:44:58.558-0700][1201][info ][safepoint   ] Safepoint "Cleanup", Time since last: 1000067728 ns, Reaching safepoint: 814898 ns, Cleanup: 21763 ns, At safepoint: 265200 ns, Total: 1101861 ns
[2025-10-13T23:44:58.801-0700][1201][info ][gc,start    ] GC(214) Pause Young (Normal) (G1 Evacuation Pause)
[2025-10-13T23:44:58.802-0700][1201][info ][gc,task     ] GC(214) Using 113 workers of 113 for evacuation
[2025-10-13T23:44:58.816-0700][1201][debug][gc,remset   ] GC(214) Visited cards 10002688 Total dirty 65798144 (15.20%) Total old 493420544 (2.03%)
[2025-10-13T23:44:58.989-0700][1201][info ][gc,phases   ] GC(214)   Pre Evacuate Collection Set: 0.7ms
[2025-10-13T23:44:58.989-0700][1201][info ][gc,phases   ] GC(214)   Merge Heap Roots: 13.7ms
[2025-10-13T23:44:58.989-0700][1201][info ][gc,phases   ] GC(214)   Evacuate Collection Set: 155.0ms
[2025-10-13T23:44:58.989-0700][1201][info ][gc,phases   ] GC(214)   Post Evacuate Collection Set: 17.6ms
[2025-10-13T23:44:58.989-0700][1201][info ][gc,phases   ] GC(214)   Other: 0.2ms
[2025-10-13T23:44:58.989-0700][1201][debug][gc,remset   ] GC(214) Coarsening (recent): Inline->AoC 50440 (2) AoC->Howl 165 (13) Howl->Full 0 (0) Inline->AoC 554 (4) AoC->BitMap 103 (7) BitMap->Full 0 (0) 
[2025-10-13T23:44:58.989-0700][1201][debug][gc,remset   ] GC(214) Coarsening (all): Inline->AoC 5188081 (154) AoC->Howl 81854 (479) Howl->Full 0 (0) Inline->AoC 351298 (156) AoC->BitMap 86473 (385) BitMap->Full 5 (0) 
[2025-10-13T23:44:58.989-0700][1201][info ][gc,heap     ] GC(214) Eden regions: 2972->0(3120)
[2025-10-13T23:44:58.989-0700][1201][info ][gc,heap     ] GC(214) Survivor regions: 220->221(399)
[2025-10-13T23:44:58.989-0700][1201][info ][gc,heap     ] GC(214) Old regions: 1126->1157
[2025-10-13T23:44:58.989-0700][1201][info ][gc,heap     ] GC(214) Humongous regions: 19->0
[2025-10-13T23:44:58.989-0700][1201][info ][gc,metaspace] GC(214) Metaspace: 312869K(318656K)->312869K(318656K) NonClass: 277145K(280192K)->277145K(280192K) Class: 35724K(38464K)->35724K(38464K)
[2025-10-13T23:44:58.989-0700][1201][info ][gc          ] GC(214) Pause Young (Normal) (G1 Evacuation Pause) 138767M->44079M(184320M) 187.428ms
[2025-10-13T23:44:58.990-0700][1201][info ][gc,cpu      ] GC(214) User=17.13s Sys=0.32s Real=0.19s
[2025-10-13T23:44:58.991-0700][1201][info ][safepoint   ] Safepoint "G1CollectForAllocation", Time since last: 240911596 ns, Reaching safepoint: 1034279 ns, Cleanup: 7251 ns, At safepoint: 190816578 ns, Total: 191858108 ns
[2025-10-13T23:44:59.993-0700][1201][info ][safepoint   ] Safepoint "Cleanup", Time since last: 1000077374 ns, Reaching safepoint: 1225656 ns, Cleanup: 10046 ns, At safepoint: 142504 ns, Total: 1378206 ns
[2025-10-13T23:45:01.994-0700][1201][info ][safepoint   ] Safepoint "Cleanup", Time since last: 2000171281 ns, Reaching safepoint: 735569 ns, Cleanup: 11778 ns, At safepoint: 173761 ns, Total: 921108 ns
[2025-10-13T23:45:02.995-0700][1201][info ][safepoint   ] Safepoint "Cleanup", Time since last: 1000099457 ns, Reaching safepoint: 763030 ns, Cleanup: 13009 ns, At safepoint: 256547 ns, Total: 1032586 ns
[2025-10-13T23:45:08.996-0700][1201][info ][safepoint   ] Safepoint "Cleanup", Time since last: 6000362285 ns, Reaching safepoint: 861468 ns, Cleanup: 13460 ns, At safepoint: 252521 ns, Total: 1127449 ns
[2025-10-13T23:45:09.999-0700][1201][info ][safepoint   ] Safepoint "Cleanup", Time since last: 1000100978 ns, Reaching safepoint: 924714 ns, Cleanup: 14301 ns, At safepoint: 1179417 ns, Total: 2118432 ns
[2025-10-13T23:45:11.250-0700][1201][debug][gc,jni      ] Setting _needs_gc. Thread "VM Thread" 1 locked.
[2025-10-13T23:45:11.250-0700][1839][debug][gc,jni      ] Performing GC after exiting critical section. Thread "http-worker-753" 0 locked.
[2025-10-13T23:45:11.250-0700][1201][info ][safepoint   ] Safepoint "G1CollectForAllocation", Time since last: 1250050044 ns, Reaching safepoint: 1189522 ns, Cleanup: 13040 ns, At safepoint: 637390 ns, Total: 1839952 ns
[2025-10-13T23:45:11.250-0700][22844][debug][gc,jni      ] Allocation failed. Thread stalled by JNI critical section. Thread "Query-20251014_064351_03631_vzdri-14931" 0 locked.
[2025-10-13T23:45:11.250-0700][8852 ][debug][gc,jni      ] Allocation failed. Thread stalled by JNI critical section. Thread "task-event-loop-155" 0 locked.
[2025-10-13T23:45:11.251-0700][8884 ][debug][gc,jni      ] Allocation failed. Thread stalled by JNI critical section. Thread "task-event-loop-171" 0 locked.
[2025-10-13T23:45:11.251-0700][11491][debug][gc,jni      ] Allocation failed. Thread stalled by JNI critical section. Thread "thrift-offloop-679" 0 locked.
[2025-10-13T23:45:11.251-0700][9365 ][debug][gc,jni      ] Allocation failed. Thread stalled by JNI critical section. Thread "event-loop-epoll-187" 0 locked.
[2025-10-13T23:45:11.251-0700][3430 ][debug][gc,jni      ] Allocation failed. Thread stalled by JNI critical section. Thread "drift-client-45" 0 locked.
[2025-10-13T23:45:11.251-0700][9156 ][debug][gc,jni      ] Allocation failed. Thread stalled by JNI critical section. Thread "event-loop-epoll-139" 0 locked.
[2025-10-13T23:45:11.251-0700][22828][debug][gc,jni      ] Allocation failed. Thread stalled by JNI critical section. Thread "Query-20251014_064509_03793_vzdri-14914" 0 locked.
[2025-10-13T23:45:11.253-0700][1201 ][info ][gc,start    ] GC(215) Pause Young (Normal) (GCLocker Initiated GC)
[2025-10-13T23:45:11.253-0700][1201 ][info ][gc,task     ] GC(215) Using 113 workers of 113 for evacuation
[2025-10-13T23:45:11.267-0700][1201 ][debug][gc,remset   ] GC(215) Visited cards 10144512 Total dirty 67567616 (15.01%) Total old 517210112 (1.96%)
[2025-10-13T23:45:11.464-0700][1201 ][info ][gc,mmu      ] GC(215) MMU target violated: 201.0ms (200.0ms/201.0ms)
[2025-10-13T23:45:11.464-0700][1201 ][info ][gc,phases   ] GC(215)   Pre Evacuate Collection Set: 0.7ms
[2025-10-13T23:45:11.464-0700][1201 ][info ][gc,phases   ] GC(215)   Merge Heap Roots: 13.5ms
[2025-10-13T23:45:11.464-0700][1201 ][info ][gc,phases   ] GC(215)   Evacuate Collection Set: 180.1ms
[2025-10-13T23:45:11.464-0700][1201 ][info ][gc,phases   ] GC(215)   Post Evacuate Collection Set: 16.5ms
[2025-10-13T23:45:11.464-0700][1201 ][info ][gc,phases   ] GC(215)   Other: 0.2ms
[2025-10-13T23:45:11.464-0700][1201 ][debug][gc,remset   ] GC(215) Coarsening (recent): Inline->AoC 49370 (6) AoC->Howl 129 (11) Howl->Full 0 (0) Inline->AoC 435 (3) AoC->BitMap 72 (5) BitMap->Full 0 (0) 
[2025-10-13T23:45:11.464-0700][1201 ][debug][gc,remset   ] GC(215) Coarsening (all): Inline->AoC 5237451 (160) AoC->Howl 81983 (490) Howl->Full 0 (0) Inline->AoC 351733 (159) AoC->BitMap 86545 (390) BitMap->Full 5 (0) 
[2025-10-13T23:45:11.464-0700][1201 ][info ][gc,heap     ] GC(215) Eden regions: 3135->0(1890)
[2025-10-13T23:45:11.464-0700][1201 ][info ][gc,heap     ] GC(215) Survivor regions: 221->275(420)
[2025-10-13T23:45:11.464-0700][1201 ][info ][gc,heap     ] GC(215) Old regions: 1157->1157
[2025-10-13T23:45:11.464-0700][1201 ][info ][gc,heap     ] GC(215) Humongous regions: 23->0
[2025-10-13T23:45:11.464-0700][1201 ][info ][gc,metaspace] GC(215) Metaspace: 312881K(318656K)->312881K(318656K) NonClass: 277156K(280192K)->277156K(280192K) Class: 35725K(38464K)->35725K(38464K)
[2025-10-13T23:45:11.464-0700][1201 ][info ][gc          ] GC(215) Pause Young (Normal) (GCLocker Initiated GC) 145135M->45803M(184320M) 211.147ms
[2025-10-13T23:45:11.465-0700][1201 ][info ][gc,cpu      ] GC(215) User=19.00s Sys=0.24s Real=0.21s
[2025-10-13T23:45:11.466-0700][1201 ][info ][safepoint   ] Safepoint "G1CollectForAllocation", Time since last: 214544 ns, Reaching safepoint: 907657 ns, Cleanup: 4768 ns, At safepoint: 214623443 ns, Total: 215535868 ns
[2025-10-13T23:45:13.467-0700][1201 ][info ][safepoint   ] Safepoint "Cleanup", Time since last: 2000096679 ns, Reaching safepoint: 847857 ns, Cleanup: 11818 ns, At safepoint: 223807 ns, Total: 1083482 ns
[2025-10-13T23:45:14.468-0700][1201 ][info ][safepoint   ] Safepoint "Cleanup", Time since last: 1000102792 ns, Reaching safepoint: 761517 ns, Cleanup: 10696 ns, At safepoint: 270057 ns, Total: 1042270 ns
[2025-10-13T23:45:16.470-0700][1201 ][info ][safepoint   ] Safepoint "Cleanup", Time since last: 2000171922 ns, Reaching safepoint: 875740 ns, Cleanup: 14882 ns, At safepoint: 370889 ns, Total: 1261511 ns
[2025-10-13T23:45:17.472-0700][1201 ][info ][safepoint   ] Safepoint "Cleanup", Time since last: 1000111394 ns, Reaching safepoint: 906056 ns, Cleanup: 12729 ns, At safepoint: 720065 ns, Total: 1638850 ns
[2025-10-13T23:45:18.304-0700][1201 ][info ][gc,start    ] GC(216) Pause Young (Normal) (G1 Evacuation Pause)
[2025-10-13T23:45:18.304-0700][1201 ][info ][gc,task     ] GC(216) Using 113 workers of 113 for evacuation
[2025-10-13T23:45:18.318-0700][1201 ][debug][gc,remset   ] GC(216) Visited cards 10115328 Total dirty 67829760 (14.91%) Total old 378929152 (2.67%)
[2025-10-13T23:45:18.503-0700][1201 ][info ][gc,phases   ] GC(216)   Pre Evacuate Collection Set: 0.7ms
[2025-10-13T23:45:18.503-0700][1201 ][info ][gc,phases   ] GC(216)   Merge Heap Roots: 13.4ms
[2025-10-13T23:45:18.503-0700][1201 ][info ][gc,phases   ] GC(216)   Evacuate Collection Set: 171.6ms
[2025-10-13T23:45:18.504-0700][1201 ][info ][gc,phases   ] GC(216)   Post Evacuate Collection Set: 14.1ms
[2025-10-13T23:45:18.504-0700][1201 ][info ][gc,phases   ] GC(216)   Other: 0.1ms
[2025-10-13T23:45:18.504-0700][1201 ][debug][gc,remset   ] GC(216) Coarsening (recent): Inline->AoC 37733 (1) AoC->Howl 143 (0) Howl->Full 0 (0) Inline->AoC 663 (0) AoC->BitMap 86 (1) BitMap->Full 0 (0) 
[2025-10-13T23:45:18.504-0700][1201 ][debug][gc,remset   ] GC(216) Coarsening (all): Inline->AoC 5275184 (161) AoC->Howl 82126 (490) Howl->Full 0 (0) Inline->AoC 352396 (159) AoC->BitMap 86631 (391) BitMap->Full 5 (0) 
[2025-10-13T23:45:18.504-0700][1201 ][info ][gc,heap     ] GC(216) Eden regions: 2032->0(3293)
[2025-10-13T23:45:18.504-0700][1201 ][info ][gc,heap     ] GC(216) Survivor regions: 275->163(289)
[2025-10-13T23:45:18.504-0700][1201 ][info ][gc,heap     ] GC(216) Old regions: 1157->1301
[2025-10-13T23:45:18.504-0700][1201 ][info ][gc,heap     ] GC(216) Humongous regions: 11->0
[2025-10-13T23:45:18.504-0700][1201 ][info ][gc,metaspace] GC(216) Metaspace: 312883K(318656K)->312883K(318656K) NonClass: 277158K(280192K)->277158K(280192K) Class: 35725K(38464K)->35725K(38464K)
[2025-10-13T23:45:18.504-0700][1201 ][info ][gc          ] GC(216) Pause Young (Normal) (G1 Evacuation Pause) 111179M->46823M(184320M) 200.032ms
[2025-10-13T23:45:18.505-0700][1201 ][info ][gc,cpu      ] GC(216) User=19.50s Sys=0.33s Real=0.20s
[2025-10-13T23:45:18.506-0700][1201 ][info ][safepoint   ] Safepoint "G1CollectForAllocation", Time since last: 829911813 ns, Reaching safepoint: 803851 ns, Cleanup: 6300 ns, At safepoint: 203590447 ns, Total: 204400598 ns
[2025-10-13T23:45:19.507-0700][1201 ][info ][safepoint   ] Safepoint "Cleanup", Time since last: 1000098525 ns, Reaching safepoint: 894028 ns, Cleanup: 13640 ns, At safepoint: 190938 ns, Total: 1098606 ns
[2025-10-13T23:45:21.508-0700][1201 ][info ][safepoint   ] Safepoint "Cleanup", Time since last: 2000141105 ns, Reaching safepoint: 739395 ns, Cleanup: 13861 ns, At safepoint: 148734 ns, Total: 901990 ns
[2025-10-13T23:45:22.532-0700][1201 ][info ][safepoint   ] Safepoint "Cleanup", Time since last: 1000109461 ns, Reaching safepoint: 20858281 ns, Cleanup: 13751 ns, At safepoint: 2717405 ns, Total: 23589437 ns
[2025-10-13T23:45:23.535-0700][1201 ][info ][safepoint   ] Safepoint "Cleanup", Time since last: 1000109982 ns, Reaching safepoint: 917122 ns, Cleanup: 32329 ns, At safepoint: 1638118 ns, Total: 2587569 ns
[2025-10-13T23:45:30.411-0700][1201 ][info ][gc,start    ] GC(217) Pause Young (Normal) (G1 Evacuation Pause)
[2025-10-13T23:45:30.411-0700][1201 ][info ][gc,task     ] GC(217) Using 113 workers of 113 for evacuation
[2025-10-13T23:45:30.425-0700][1201 ][debug][gc,remset   ] GC(217) Visited cards 10146048 Total dirty 73728000 (13.76%) Total old 539492352 (1.88%)
[2025-10-13T23:45:30.573-0700][1201 ][info ][gc,phases   ] GC(217)   Pre Evacuate Collection Set: 0.7ms
[2025-10-13T23:45:30.573-0700][1201 ][info ][gc,phases   ] GC(217)   Merge Heap Roots: 13.4ms
[2025-10-13T23:45:30.573-0700][1201 ][info ][gc,phases   ] GC(217)   Evacuate Collection Set: 131.3ms
[2025-10-13T23:45:30.573-0700][1201 ][info ][gc,phases   ] GC(217)   Post Evacuate Collection Set: 16.4ms
[2025-10-13T23:45:30.573-0700][1201 ][info ][gc,phases   ] GC(217)   Other: 0.2ms
[2025-10-13T23:45:30.573-0700][1201 ][debug][gc,remset   ] GC(217) Coarsening (recent): Inline->AoC 45038 (0) AoC->Howl 128 (0) Howl->Full 0 (0) Inline->AoC 271 (0) AoC->BitMap 103 (0) BitMap->Full 0 (0) 
[2025-10-13T23:45:30.573-0700][1201 ][debug][gc,remset   ] GC(217) Coarsening (all): Inline->AoC 5320222 (161) AoC->Howl 82254 (490) Howl->Full 0 (0) Inline->AoC 352667 (159) AoC->BitMap 86734 (391) BitMap->Full 5 (0) 
[2025-10-13T23:45:30.573-0700][1201 ][info ][gc,heap     ] GC(217) Eden regions: 3293->0(3251)
[2025-10-13T23:45:30.573-0700][1201 ][info ][gc,heap     ] GC(217) Survivor regions: 163->205(432)
[2025-10-13T23:45:30.573-0700][1201 ][info ][gc,heap     ] GC(217) Old regions: 1301->1301
[2025-10-13T23:45:30.573-0700][1201 ][info ][gc,heap     ] GC(217) Humongous regions: 19->0
[2025-10-13T23:45:30.573-0700][1201 ][info ][gc,metaspace] GC(217) Metaspace: 312890K(318720K)->312890K(318720K) NonClass: 277164K(280256K)->277164K(280256K) Class: 35726K(38464K)->35726K(38464K)
[2025-10-13T23:45:30.573-0700][1201 ][info ][gc          ] GC(217) Pause Young (Normal) (G1 Evacuation Pause) 152807M->48162M(184320M) 162.141ms
[2025-10-13T23:45:30.574-0700][1201 ][info ][gc,cpu      ] GC(217) User=14.72s Sys=0.43s Real=0.16s
[2025-10-13T23:45:30.575-0700][1201 ][info ][safepoint   ] Safepoint "G1CollectForAllocation", Time since last: 6874319329 ns, Reaching safepoint: 859996 ns, Cleanup: 5949 ns, At safepoint: 165664157 ns, Total: 166530102 ns
[2025-10-13T23:45:34.577-0700][1201 ][info ][safepoint   ] Safepoint "Cleanup", Time since last: 4000272997 ns, Reaching safepoint: 900697 ns, Cleanup: 12820 ns, At safepoint: 319451 ns, Total: 1232968 ns
[2025-10-13T23:45:37.578-0700][1201 ][info ][safepoint   ] Safepoint "Cleanup", Time since last: 3000225199 ns, Reaching safepoint: 904833 ns, Cleanup: 12389 ns, At safepoint: 189375 ns, Total: 1106597 ns
[2025-10-13T23:45:39.579-0700][1201 ][info ][safepoint   ] Safepoint "Cleanup", Time since last: 2000157421 ns, Reaching safepoint: 694536 ns, Cleanup: 12128 ns, At safepoint: 95234 ns, Total: 801898 ns
[2025-10-13T23:45:43.581-0700][1201 ][info ][safepoint   ] Safepoint "Cleanup", Time since last: 4000273127 ns, Reaching safepoint: 913777 ns, Cleanup: 13721 ns, At safepoint: 384509 ns, Total: 1312007 ns
[2025-10-13T23:45:48.189-0700][1201 ][info ][gc,start    ] GC(218) Pause Young (Normal) (G1 Evacuation Pause)
[2025-10-13T23:45:48.189-0700][1201 ][info ][gc,task     ] GC(218) Using 113 workers of 113 for evacuation
[2025-10-13T23:45:48.204-0700][1201 ][debug][gc,remset   ] GC(218) Visited cards 10189312 Total dirty 73859072 (13.80%) Total old 539492352 (1.89%)
[2025-10-13T23:45:48.389-0700][1201 ][info ][gc,phases   ] GC(218)   Pre Evacuate Collection Set: 0.8ms
[2025-10-13T23:45:48.389-0700][1201 ][info ][gc,phases   ] GC(218)   Merge Heap Roots: 13.7ms
[2025-10-13T23:45:48.389-0700][1201 ][info ][gc,phases   ] GC(218)   Evacuate Collection Set: 167.6ms
[2025-10-13T23:45:48.389-0700][1201 ][info ][gc,phases   ] GC(218)   Post Evacuate Collection Set: 17.1ms
[2025-10-13T23:45:48.389-0700][1201 ][info ][gc,phases   ] GC(218)   Other: 0.2ms
[2025-10-13T23:45:48.389-0700][1201 ][debug][gc,remset   ] GC(218) Coarsening (recent): Inline->AoC 69604 (0) AoC->Howl 106 (0) Howl->Full 0 (0) Inline->AoC 447 (0) AoC->BitMap 41 (0) BitMap->Full 0 (0) 
[2025-10-13T23:45:48.389-0700][1201 ][debug][gc,remset   ] GC(218) Coarsening (all): Inline->AoC 5389826 (161) AoC->Howl 82360 (490) Howl->Full 0 (0) Inline->AoC 353114 (159) AoC->BitMap 86775 (391) BitMap->Full 5 (0) 
[2025-10-13T23:45:48.389-0700][1201 ][info ][gc,heap     ] GC(218) Eden regions: 3251->0(2140)
[2025-10-13T23:45:48.389-0700][1201 ][info ][gc,heap     ] GC(218) Survivor regions: 205->263(432)
[2025-10-13T23:45:48.389-0700][1201 ][info ][gc,heap     ] GC(218) Old regions: 1301->1301
[2025-10-13T23:45:48.389-0700][1201 ][info ][gc,heap     ] GC(218) Humongous regions: 19->0
[2025-10-13T23:45:48.389-0700][1201 ][info ][gc,metaspace] GC(218) Metaspace: 312897K(318720K)->312897K(318720K) NonClass: 277170K(280256K)->277170K(280256K) Class: 35727K(38464K)->35727K(38464K)
[2025-10-13T23:45:48.389-0700][1201 ][info ][gc          ] GC(218) Pause Young (Normal) (G1 Evacuation Pause) 152802M->50041M(184320M) 199.467ms
[2025-10-13T23:45:48.390-0700][1201 ][info ][gc,cpu      ] GC(218) User=18.17s Sys=0.47s Real=0.20s
[2025-10-13T23:45:48.391-0700][1201 ][info ][safepoint   ] Safepoint "G1CollectForAllocation", Time since last: 4606349606 ns, Reaching safepoint: 939646 ns, Cleanup: 4898 ns, At safepoint: 202931565 ns, Total: 203876109 ns
[2025-10-13T23:45:49.392-0700][1201 ][info ][safepoint   ] Safepoint "Cleanup", Time since last: 1000082270 ns, Reaching safepoint: 780426 ns, Cleanup: 13781 ns, At safepoint: 235254 ns, Total: 1029461 ns
[2025-10-13T23:45:50.400-0700][1201 ][info ][safepoint   ] Safepoint "Cleanup", Time since last: 1000071675 ns, Reaching safepoint: 5962414 ns, Cleanup: 10897 ns, At safepoint: 1905161 ns, Total: 7878472 ns
[2025-10-13T23:45:51.402-0700][1201 ][info ][safepoint   ] Safepoint "Cleanup", Time since last: 1000082561 ns, Reaching safepoint: 931303 ns, Cleanup: 10426 ns, At safepoint: 1282402 ns, Total: 2224131 ns
[2025-10-13T23:45:55.404-0700][1201 ][info ][safepoint   ] Safepoint "Cleanup", Time since last: 4000294079 ns, Reaching safepoint: 796150 ns, Cleanup: 18428 ns, At safepoint: 329526 ns, Total: 1144104 ns
[2025-10-13T23:45:59.406-0700][1201 ][info ][safepoint   ] Safepoint "Cleanup", Time since last: 4000289212 ns, Reaching safepoint: 912455 ns, Cleanup: 88764 ns, At safepoint: 365230 ns, Total: 1366449 ns
[2025-10-13T23:45:59.700-0700][1201 ][info ][gc,start    ] GC(219) Pause Young (Normal) (G1 Evacuation Pause)
[2025-10-13T23:45:59.700-0700][1201 ][info ][gc,task     ] GC(219) Using 113 workers of 113 for evacuation
[2025-10-13T23:45:59.713-0700][1201 ][debug][gc,remset   ] GC(219) Visited cards 10175488 Total dirty 73924608 (13.76%) Total old 432472064 (2.35%)
[2025-10-13T23:45:59.907-0700][1201 ][info ][gc,mmu      ] GC(219) MMU target violated: 201.0ms (200.0ms/201.0ms)
[2025-10-13T23:45:59.907-0700][1201 ][info ][gc,phases   ] GC(219)   Pre Evacuate Collection Set: 0.8ms
[2025-10-13T23:45:59.907-0700][1201 ][info ][gc,phases   ] GC(219)   Merge Heap Roots: 12.7ms
[2025-10-13T23:45:59.907-0700][1201 ][info ][gc,phases   ] GC(219)   Evacuate Collection Set: 178.3ms
[2025-10-13T23:45:59.907-0700][1201 ][info ][gc,phases   ] GC(219)   Post Evacuate Collection Set: 15.1ms
[2025-10-13T23:45:59.907-0700][1201 ][info ][gc,phases   ] GC(219)   Other: 0.2ms
[2025-10-13T23:45:59.907-0700][1201 ][debug][gc,remset   ] GC(219) Coarsening (recent): Inline->AoC 27264 (0) AoC->Howl 119 (0) Howl->Full 0 (0) Inline->AoC 451 (0) AoC->BitMap 58 (0) BitMap->Full 0 (0) 
[2025-10-13T23:45:59.907-0700][1201 ][debug][gc,remset   ] GC(219) Coarsening (all): Inline->AoC 5417090 (161) AoC->Howl 82479 (490) Howl->Full 0 (0) Inline->AoC 353565 (159) AoC->BitMap 86833 (391) BitMap->Full 5 (0) 
[2025-10-13T23:45:59.907-0700][1201 ][info ][gc,heap     ] GC(219) Eden regions: 2376->0(3109)
[2025-10-13T23:45:59.907-0700][1201 ][info ][gc,heap     ] GC(219) Survivor regions: 263->210(330)
[2025-10-13T23:45:59.907-0700][1201 ][info ][gc,heap     ] GC(219) Old regions: 1301->1391
[2025-10-13T23:45:59.907-0700][1201 ][info ][gc,heap     ] GC(219) Humongous regions: 20->0
[2025-10-13T23:45:59.907-0700][1201 ][info ][gc,metaspace] GC(219) Metaspace: 312966K(318784K)->312966K(318784K) NonClass: 277235K(280320K)->277235K(280320K) Class: 35731K(38464K)->35731K(38464K)
[2025-10-13T23:45:59.907-0700][1201 ][info ][gc          ] GC(219) Pause Young (Normal) (G1 Evacuation Pause) 126713M->51186M(184320M) 207.173ms
[2025-10-13T23:45:59.908-0700][1201 ][info ][gc,cpu      ] GC(219) User=19.41s Sys=0.25s Real=0.20s
[2025-10-13T23:45:59.909-0700][1201 ][info ][safepoint   ] Safepoint "G1CollectForAllocation", Time since last: 292105169 ns, Reaching safepoint: 802319 ns, Cleanup: 22224 ns, At safepoint: 210695013 ns, Total: 211519556 ns
[2025-10-13T23:46:00.910-0700][1201 ][info ][safepoint   ] Safepoint "Cleanup", Time since last: 1000093518 ns, Reaching safepoint: 764792 ns, Cleanup: 41352 ns, At safepoint: 136376 ns, Total: 942520 ns
[2025-10-13T23:46:01.912-0700][1201 ][info ][safepoint   ] Safepoint "Cleanup", Time since last: 1000066304 ns, Reaching safepoint: 1090003 ns, Cleanup: 43926 ns, At safepoint: 249506 ns, Total: 1383435 ns
[2025-10-13T23:46:02.913-0700][1201 ][info ][safepoint   ] Safepoint "Cleanup", Time since last: 1000109009 ns, Reaching safepoint: 802268 ns, Cleanup: 16676 ns, At safepoint: 216987 ns, Total: 1035931 ns
[2025-10-13T23:46:03.916-0700][1201 ][info ][safepoint   ] Safepoint "Cleanup", Time since last: 1000111772 ns, Reaching safepoint: 1588043 ns, Cleanup: 47822 ns, At safepoint: 1407601 ns, Total: 3043466 ns
[2025-10-13T23:46:04.917-0700][1201 ][info ][safepoint   ] Safepoint "Cleanup", Time since last: 1000109990 ns, Reaching safepoint: 754197 ns, Cleanup: 11046 ns, At safepoint: 549228 ns, Total: 1314471 ns
[2025-10-13T23:46:06.920-0700][1201 ][info ][safepoint   ] Safepoint "Cleanup", Time since last: 2000171457 ns, Reaching safepoint: 955379 ns, Cleanup: 12449 ns, At safepoint: 1003212 ns, Total: 1971040 ns
[2025-10-13T23:46:11.921-0700][1201 ][info ][safepoint   ] Safepoint "Cleanup", Time since last: 5000337710 ns, Reaching safepoint: 782920 ns, Cleanup: 11807 ns, At safepoint: 278330 ns, Total: 1073057 ns
[2025-10-13T23:46:13.096-0700][1201 ][info ][gc,start    ] GC(220) Pause Young (Normal) (G1 Evacuation Pause)
[2025-10-13T23:46:13.096-0700][1201 ][info ][gc,task     ] GC(220) Using 113 workers of 113 for evacuation
[2025-10-13T23:46:13.111-0700][1201 ][debug][gc,remset   ] GC(220) Visited cards 10593792 Total dirty 79101952 (13.39%) Total old 518258688 (2.04%)
[2025-10-13T23:46:13.278-0700][1201 ][info ][gc,phases   ] GC(220)   Pre Evacuate Collection Set: 0.7ms
[2025-10-13T23:46:13.278-0700][1201 ][info ][gc,phases   ] GC(220)   Merge Heap Roots: 13.5ms
[2025-10-13T23:46:13.278-0700][1201 ][info ][gc,phases   ] GC(220)   Evacuate Collection Set: 149.7ms
[2025-10-13T23:46:13.278-0700][1201 ][info ][gc,phases   ] GC(220)   Post Evacuate Collection Set: 17.1ms
[2025-10-13T23:46:13.278-0700][1201 ][info ][gc,phases   ] GC(220)   Other: 0.2ms
[2025-10-13T23:46:13.278-0700][1201 ][debug][gc,remset   ] GC(220) Coarsening (recent): Inline->AoC 57266 (0) AoC->Howl 162 (0) Howl->Full 0 (0) Inline->AoC 481 (0) AoC->BitMap 110 (0) BitMap->Full 0 (0) 
[2025-10-13T23:46:13.278-0700][1201 ][debug][gc,remset   ] GC(220) Coarsening (all): Inline->AoC 5474356 (161) AoC->Howl 82641 (490) Howl->Full 0 (0) Inline->AoC 354046 (159) AoC->BitMap 86943 (391) BitMap->Full 5 (0) 
[2025-10-13T23:46:13.278-0700][1201 ][info ][gc,heap     ] GC(220) Eden regions: 3040->0(2050)
[2025-10-13T23:46:13.278-0700][1201 ][info ][gc,heap     ] GC(220) Survivor regions: 210->254(407)
[2025-10-13T23:46:13.278-0700][1201 ][info ][gc,heap     ] GC(220) Old regions: 1391->1391
[2025-10-13T23:46:13.278-0700][1201 ][info ][gc,heap     ] GC(220) Humongous regions: 17->0
[2025-10-13T23:46:13.278-0700][1201 ][info ][gc,metaspace] GC(220) Metaspace: 312985K(318784K)->312985K(318784K) NonClass: 277253K(280320K)->277253K(280320K) Class: 35732K(38464K)->35732K(38464K)
[2025-10-13T23:46:13.278-0700][1201 ][info ][gc          ] GC(220) Pause Young (Normal) (G1 Evacuation Pause) 149010M->52609M(184320M) 181.391ms
[2025-10-13T23:46:13.279-0700][1201 ][info ][gc,cpu      ] GC(220) User=17.82s Sys=0.41s Real=0.19s
[2025-10-13T23:46:13.280-0700][1201 ][info ][safepoint   ] Safepoint "G1CollectForAllocation", Time since last: 1173628332 ns, Reaching safepoint: 723129 ns, Cleanup: 4457 ns, At safepoint: 184892662 ns, Total: 185620248 ns
[2025-10-13T23:46:19.282-0700][1201 ][info ][safepoint   ] Safepoint "Cleanup", Time since last: 6000410353 ns, Reaching safepoint: 772835 ns, Cleanup: 29595 ns, At safepoint: 393372 ns, Total: 1195802 ns
[2025-10-13T23:46:22.283-0700][1201 ][info ][safepoint   ] Safepoint "Cleanup", Time since last: 3000230821 ns, Reaching safepoint: 769610 ns, Cleanup: 12709 ns, At safepoint: 335826 ns, Total: 1118145 ns
[2025-10-13T23:46:23.524-0700][1201 ][info ][gc,start    ] GC(221) Pause Young (Normal) (G1 Evacuation Pause)
[2025-10-13T23:46:23.524-0700][1201 ][info ][gc,task     ] GC(221) Using 113 workers of 113 for evacuation
[2025-10-13T23:46:23.538-0700][1201 ][debug][gc,remset   ] GC(221) Visited cards 10530304 Total dirty 79167488 (13.30%) Total old 415694848 (2.53%)
[2025-10-13T23:46:23.729-0700][1201 ][info ][gc,mmu      ] GC(221) MMU target violated: 201.0ms (200.0ms/201.0ms)
[2025-10-13T23:46:23.729-0700][1201 ][info ][gc,phases   ] GC(221)   Pre Evacuate Collection Set: 0.7ms
[2025-10-13T23:46:23.729-0700][1201 ][info ][gc,phases   ] GC(221)   Merge Heap Roots: 14.0ms
[2025-10-13T23:46:23.729-0700][1201 ][info ][gc,phases   ] GC(221)   Evacuate Collection Set: 175.9ms
[2025-10-13T23:46:23.729-0700][1201 ][info ][gc,phases   ] GC(221)   Post Evacuate Collection Set: 14.3ms
[2025-10-13T23:46:23.729-0700][1201 ][info ][gc,phases   ] GC(221)   Other: 0.2ms
[2025-10-13T23:46:23.729-0700][1201 ][debug][gc,remset   ] GC(221) Coarsening (recent): Inline->AoC 40651 (0) AoC->Howl 93 (0) Howl->Full 0 (0) Inline->AoC 400 (0) AoC->BitMap 35 (0) BitMap->Full 0 (0) 
[2025-10-13T23:46:23.729-0700][1201 ][debug][gc,remset   ] GC(221) Coarsening (all): Inline->AoC 5515007 (161) AoC->Howl 82734 (490) Howl->Full 0 (0) Inline->AoC 354446 (159) AoC->BitMap 86978 (391) BitMap->Full 5 (0) 
[2025-10-13T23:46:23.729-0700][1201 ][info ][gc,heap     ] GC(221) Eden regions: 2216->0(3262)
[2025-10-13T23:46:23.729-0700][1201 ][info ][gc,heap     ] GC(221) Survivor regions: 254->194(309)
[2025-10-13T23:46:23.729-0700][1201 ][info ][gc,heap     ] GC(221) Old regions: 1391->1504
[2025-10-13T23:46:23.729-0700][1201 ][info ][gc,heap     ] GC(221) Humongous regions: 12->0
[2025-10-13T23:46:23.729-0700][1201 ][info ][gc,metaspace] GC(221) Metaspace: 313068K(318912K)->313068K(318912K) NonClass: 277332K(280448K)->277332K(280448K) Class: 35735K(38464K)->35735K(38464K)
[2025-10-13T23:46:23.729-0700][1201 ][info ][gc          ] GC(221) Pause Young (Normal) (G1 Evacuation Pause) 123905M->54322M(184320M) 205.202ms
[2025-10-13T23:46:23.730-0700][1201 ][info ][gc,cpu      ] GC(221) User=20.00s Sys=0.36s Real=0.21s
[2025-10-13T23:46:23.731-0700][1201 ][info ][safepoint   ] Safepoint "G1CollectForAllocation", Time since last: 1238676201 ns, Reaching safepoint: 713986 ns, Cleanup: 3736 ns, At safepoint: 208703882 ns, Total: 209421604 ns
[2025-10-13T23:46:23.824-0700][1201 ][info ][gc,start    ] GC(222) Pause Young (Concurrent Start) (G1 Humongous Allocation)
[2025-10-13T23:46:23.824-0700][1201 ][info ][gc,task     ] GC(222) Using 113 workers of 113 for evacuation
[2025-10-13T23:46:23.835-0700][1201 ][debug][gc,remset   ] GC(222) Visited cards 9614080 Total dirty 85196800 (11.28%) Total old 134348800 (7.16%)
[2025-10-13T23:46:23.957-0700][1201 ][info ][gc,phases   ] GC(222)   Pre Evacuate Collection Set: 0.9ms
[2025-10-13T23:46:23.957-0700][1201 ][info ][gc,phases   ] GC(222)   Merge Heap Roots: 10.1ms
[2025-10-13T23:46:23.957-0700][1201 ][info ][gc,phases   ] GC(222)   Evacuate Collection Set: 112.6ms
[2025-10-13T23:46:23.957-0700][1201 ][info ][gc,phases   ] GC(222)   Post Evacuate Collection Set: 9.9ms
[2025-10-13T23:46:23.957-0700][1201 ][info ][gc,phases   ] GC(222)   Other: 0.1ms
[2025-10-13T23:46:23.957-0700][1201 ][debug][gc,remset   ] GC(222) Coarsening (recent): Inline->AoC 5 (0) AoC->Howl 1 (0) Howl->Full 0 (0) Inline->AoC 2 (0) AoC->BitMap 1 (0) BitMap->Full 0 (0) 
[2025-10-13T23:46:23.957-0700][1201 ][debug][gc,remset   ] GC(222) Coarsening (all): Inline->AoC 5515012 (161) AoC->Howl 82735 (490) Howl->Full 0 (0) Inline->AoC 354448 (159) AoC->BitMap 86979 (391) BitMap->Full 5 (0) 
[2025-10-13T23:46:23.957-0700][1201 ][info ][gc,heap     ] GC(222) Eden regions: 79->0(999)
[2025-10-13T23:46:23.957-0700][1201 ][info ][gc,heap     ] GC(222) Survivor regions: 194->196(432)
[2025-10-13T23:46:23.957-0700][1201 ][info ][gc,heap     ] GC(222) Old regions: 1504->1504
[2025-10-13T23:46:23.957-0700][1201 ][info ][gc,heap     ] GC(222) Humongous regions: 0->0
[2025-10-13T23:46:23.957-0700][1201 ][info ][gc,metaspace] GC(222) Metaspace: 313068K(318912K)->313068K(318912K) NonClass: 277332K(280448K)->277332K(280448K) Class: 35735K(38464K)->35735K(38464K)
[2025-10-13T23:46:23.957-0700][1201 ][info ][gc          ] GC(222) Pause Young (Concurrent Start) (G1 Humongous Allocation) 56839M->54368M(184320M) 133.804ms
[2025-10-13T23:46:23.958-0700][1084 ][info ][gc          ] GC(223) Concurrent Mark Cycle
[2025-10-13T23:46:23.958-0700][1084 ][info ][gc,marking  ] GC(223) Concurrent Scan Root Regions
[2025-10-13T23:46:23.959-0700][1201 ][info ][gc,cpu      ] GC(222) User=11.03s Sys=0.09s Real=0.14s
[2025-10-13T23:46:23.961-0700][1201 ][info ][safepoint   ] Safepoint "G1TryInitiateConcMark", Time since last: 90264398 ns, Reaching safepoint: 949061 ns, Cleanup: 4687 ns, At safepoint: 138443638 ns, Total: 139397386 ns
[2025-10-13T23:46:24.039-0700][1084 ][info ][gc,marking  ] GC(223) Concurrent Scan Root Regions 80.738ms
[2025-10-13T23:46:24.039-0700][1084 ][info ][gc,marking  ] GC(223) Concurrent Mark
[2025-10-13T23:46:24.039-0700][1084 ][info ][gc,marking  ] GC(223) Concurrent Mark From Roots
[2025-10-13T23:46:24.039-0700][1084 ][info ][gc,task     ] GC(223) Using 36 workers of 36 for marking
[2025-10-13T23:46:24.330-0700][1084 ][info ][gc,marking  ] GC(223) Concurrent Mark From Roots 290.887ms
[2025-10-13T23:46:24.330-0700][1084 ][info ][gc,marking  ] GC(223) Concurrent Preclean
[2025-10-13T23:46:24.372-0700][1084 ][info ][gc,marking  ] GC(223) Concurrent Preclean 42.773ms
[2025-10-13T23:46:24.374-0700][1201 ][info ][gc,start    ] GC(223) Pause Remark
[2025-10-13T23:46:24.602-0700][1201 ][info ][gc,mmu      ] GC(223) MMU target violated: 201.0ms (200.0ms/201.0ms)
[2025-10-13T23:46:24.602-0700][1201 ][info ][gc          ] GC(223) Pause Remark 60617M->57257M(184320M) 227.827ms
[2025-10-13T23:46:24.603-0700][1201 ][info ][gc,cpu      ] GC(223) User=13.87s Sys=0.07s Real=0.23s
[2025-10-13T23:46:24.605-0700][1201 ][info ][safepoint   ] Safepoint "G1PauseRemark", Time since last: 411504079 ns, Reaching safepoint: 730241 ns, Cleanup: 4987 ns, At safepoint: 231868269 ns, Total: 232603497 ns
[2025-10-13T23:46:24.605-0700][1084 ][info ][gc,marking  ] GC(223) Concurrent Mark 566.743ms
[2025-10-13T23:46:24.605-0700][1084 ][info ][gc,marking  ] GC(223) Concurrent Rebuild Remembered Sets and Scrub Regions
[2025-10-13T23:46:25.109-0700][1084 ][info ][gc,marking  ] GC(223) Concurrent Rebuild Remembered Sets and Scrub Regions 503.798ms
[2025-10-13T23:46:25.112-0700][1201 ][info ][gc,start    ] GC(223) Pause Cleanup
[2025-10-13T23:46:25.114-0700][1201 ][info ][gc          ] GC(223) Pause Cleanup 63509M->63509M(184320M) 2.182ms
[2025-10-13T23:46:25.115-0700][1201 ][info ][gc,cpu      ] GC(223) User=0.02s Sys=0.00s Real=0.00s
[2025-10-13T23:46:25.115-0700][1201 ][info ][safepoint   ] Safepoint "G1PauseCleanup", Time since last: 504285269 ns, Reaching safepoint: 1131946 ns, Cleanup: 76705 ns, At safepoint: 4893194 ns, Total: 6101845 ns
[2025-10-13T23:46:25.115-0700][1084 ][info ][gc,marking  ] GC(223) Concurrent Clear Claimed Marks
[2025-10-13T23:46:25.116-0700][1084 ][info ][gc,marking  ] GC(223) Concurrent Clear Claimed Marks 0.999ms
[2025-10-13T23:46:25.116-0700][1084 ][info ][gc,marking  ] GC(223) Concurrent Cleanup for Next Mark
[2025-10-13T23:46:25.148-0700][1084 ][info ][gc,marking  ] GC(223) Concurrent Cleanup for Next Mark 31.823ms
[2025-10-13T23:46:25.148-0700][1084 ][info ][gc          ] GC(223) Concurrent Mark Cycle 1190.569ms
[2025-10-13T23:46:26.686-0700][1201 ][info ][gc,start    ] GC(224) Pause Young (Prepare Mixed) (G1 Evacuation Pause)
[2025-10-13T23:46:26.686-0700][1201 ][info ][gc,task     ] GC(224) Using 113 workers of 113 for evacuation
[2025-10-13T23:46:26.700-0700][1201 ][debug][gc,remset   ] GC(224) Visited cards 10420480 Total dirty 85590016 (12.17%) Total old 237043712 (4.40%)
[2025-10-13T23:46:26.823-0700][1201 ][info ][gc,phases   ] GC(224)   Pre Evacuate Collection Set: 0.7ms
[2025-10-13T23:46:26.823-0700][1201 ][info ][gc,phases   ] GC(224)   Merge Heap Roots: 13.1ms
[2025-10-13T23:46:26.823-0700][1201 ][info ][gc,phases   ] GC(224)   Evacuate Collection Set: 107.2ms
[2025-10-13T23:46:26.823-0700][1201 ][info ][gc,phases   ] GC(224)   Post Evacuate Collection Set: 15.6ms
[2025-10-13T23:46:26.823-0700][1201 ][info ][gc,phases   ] GC(224)   Other: 0.1ms
[2025-10-13T23:46:26.823-0700][1201 ][debug][gc,remset   ] GC(224) Coarsening (recent): Inline->AoC 160156 (0) AoC->Howl 7470 (0) Howl->Full 0 (0) Inline->AoC 28558 (0) AoC->BitMap 8701 (0) BitMap->Full 0 (0) 
[2025-10-13T23:46:26.823-0700][1201 ][debug][gc,remset   ] GC(224) Coarsening (all): Inline->AoC 5675168 (161) AoC->Howl 90205 (490) Howl->Full 0 (0) Inline->AoC 383006 (159) AoC->BitMap 95680 (391) BitMap->Full 5 (0) 
[2025-10-13T23:46:26.823-0700][1201 ][info ][gc,heap     ] GC(224) Eden regions: 908->0(2237)
[2025-10-13T23:46:26.823-0700][1201 ][info ][gc,heap     ] GC(224) Survivor regions: 196->64(138)
[2025-10-13T23:46:26.823-0700][1201 ][info ][gc,heap     ] GC(224) Old regions: 1399->1534
[2025-10-13T23:46:26.823-0700][1201 ][info ][gc,heap     ] GC(224) Humongous regions: 10->0
[2025-10-13T23:46:26.823-0700][1201 ][info ][gc,metaspace] GC(224) Metaspace: 313008K(318912K)->313008K(318912K) NonClass: 277286K(280448K)->277286K(280448K) Class: 35722K(38464K)->35722K(38464K)
[2025-10-13T23:46:26.823-0700][1201 ][info ][gc          ] GC(224) Pause Young (Prepare Mixed) (G1 Evacuation Pause) 80384M->51100M(184320M) 136.870ms
[2025-10-13T23:46:26.824-0700][1201 ][info ][gc,cpu      ] GC(224) User=13.65s Sys=0.14s Real=0.14s
[2025-10-13T23:46:26.825-0700][1201 ][info ][safepoint   ] Safepoint "G1CollectForAllocation", Time since last: 1568550414 ns, Reaching safepoint: 960928 ns, Cleanup: 4416 ns, At safepoint: 140358985 ns, Total: 141324329 ns
[2025-10-13T23:46:27.826-0700][1201 ][info ][safepoint   ] Safepoint "Cleanup", Time since last: 1000080365 ns, Reaching safepoint: 771874 ns, Cleanup: 34532 ns, At safepoint: 230517 ns, Total: 1036923 ns
[2025-10-13T23:46:28.827-0700][1201 ][info ][safepoint   ] Safepoint "Cleanup", Time since last: 1000102629 ns, Reaching safepoint: 691181 ns, Cleanup: 13010 ns, At safepoint: 164658 ns, Total: 868849 ns
[2025-10-13T23:46:29.846-0700][1201 ][info ][safepoint   ] Safepoint "Cleanup", Time since last: 1000098372 ns, Reaching safepoint: 15436261 ns, Cleanup: 12289 ns, At safepoint: 2871637 ns, Total: 18320187 ns
[2025-10-13T23:46:34.847-0700][1201 ][info ][safepoint   ] Safepoint "Cleanup", Time since last: 5000376528 ns, Reaching safepoint: 966216 ns, Cleanup: 13010 ns, At safepoint: 372221 ns, Total: 1351447 ns
[2025-10-13T23:46:35.849-0700][1201 ][info ][safepoint   ] Safepoint "Cleanup", Time since last: 1000106344 ns, Reaching safepoint: 1011795 ns, Cleanup: 27341 ns, At safepoint: 651632 ns, Total: 1690768 ns
[2025-10-13T23:46:36.605-0700][1201 ][info ][gc,start    ] GC(225) Pause Young (Mixed) (G1 Evacuation Pause)
[2025-10-13T23:46:36.605-0700][1201 ][info ][gc,task     ] GC(225) Using 113 workers of 113 for evacuation
[2025-10-13T23:46:36.620-0700][1201 ][debug][gc,remset   ] GC(225) Visited cards 11724800 Total dirty 88080384 (13.31%) Total old 440532992 (2.66%)
[2025-10-13T23:46:36.720-0700][1201 ][info ][gc,phases   ] GC(225)   Pre Evacuate Collection Set: 0.7ms
[2025-10-13T23:46:36.720-0700][1201 ][info ][gc,phases   ] GC(225)   Merge Heap Roots: 14.4ms
[2025-10-13T23:46:36.720-0700][1201 ][info ][gc,phases   ] GC(225)   Evacuate Collection Set: 86.6ms
[2025-10-13T23:46:36.720-0700][1201 ][info ][gc,phases   ] GC(225)   Post Evacuate Collection Set: 12.9ms
[2025-10-13T23:46:36.720-0700][1201 ][info ][gc,phases   ] GC(225)   Other: 0.2ms
[2025-10-13T23:46:36.720-0700][1201 ][debug][gc,remset   ] GC(225) Coarsening (recent): Inline->AoC 38614 (0) AoC->Howl 960 (0) Howl->Full 0 (0) Inline->AoC 1844 (0) AoC->BitMap 947 (0) BitMap->Full 0 (0) 
[2025-10-13T23:46:36.720-0700][1201 ][debug][gc,remset   ] GC(225) Coarsening (all): Inline->AoC 5713782 (161) AoC->Howl 91165 (490) Howl->Full 0 (0) Inline->AoC 384850 (159) AoC->BitMap 96627 (391) BitMap->Full 5 (0) 
[2025-10-13T23:46:36.720-0700][1201 ][info ][gc,heap     ] GC(225) Eden regions: 2469->0(2101)
[2025-10-13T23:46:36.720-0700][1201 ][info ][gc,heap     ] GC(225) Survivor regions: 64->109(317)
[2025-10-13T23:46:36.720-0700][1201 ][info ][gc,heap     ] GC(225) Old regions: 1534->1448
[2025-10-13T23:46:36.720-0700][1201 ][info ][gc,heap     ] GC(225) Humongous regions: 18->0
[2025-10-13T23:46:36.720-0700][1201 ][info ][gc,metaspace] GC(225) Metaspace: 313012K(318912K)->313012K(318912K) NonClass: 277289K(280448K)->277289K(280448K) Class: 35723K(38464K)->35723K(38464K)
[2025-10-13T23:46:36.720-0700][1201 ][info ][gc          ] GC(225) Pause Young (Mixed) (G1 Evacuation Pause) 130684M->49792M(184320M) 114.940ms
[2025-10-13T23:46:36.721-0700][1201 ][info ][gc,cpu      ] GC(225) User=9.72s Sys=0.02s Real=0.12s
[2025-10-13T23:46:36.722-0700][1201 ][info ][safepoint   ] Safepoint "G1CollectForAllocation", Time since last: 753696213 ns, Reaching safepoint: 929400 ns, Cleanup: 6360 ns, At safepoint: 118546506 ns, Total: 119482266 ns
[2025-10-13T23:46:37.724-0700][1201 ][info ][safepoint   ] Safepoint "Cleanup", Time since last: 1000081507 ns, Reaching safepoint: 889580 ns, Cleanup: 13791 ns, At safepoint: 266171 ns, Total: 1169542 ns
[2025-10-13T23:46:38.725-0700][1201 ][info ][safepoint   ] Safepoint "Cleanup", Time since last: 1000095218 ns, Reaching safepoint: 750130 ns, Cleanup: 30837 ns, At safepoint: 272901 ns, Total: 1053868 ns
[2025-10-13T23:46:39.726-0700][1201 ][info ][safepoint   ] Safepoint "Cleanup", Time since last: 1000104171 ns, Reaching safepoint: 885825 ns, Cleanup: 13320 ns, At safepoint: 542097 ns, Total: 1441242 ns
[2025-10-13T23:46:43.733-0700][1201 ][info ][safepoint   ] Safepoint "Cleanup", Time since last: 4000283103 ns, Reaching safepoint: 4033348 ns, Cleanup: 12299 ns, At safepoint: 1783277 ns, Total: 5828924 ns
[2025-10-13T23:46:46.096-0700][1201 ][info ][gc,start    ] GC(226) Pause Young (Mixed) (G1 Evacuation Pause)
[2025-10-13T23:46:46.096-0700][1201 ][info ][gc,task     ] GC(226) Using 113 workers of 113 for evacuation
[2025-10-13T23:46:46.111-0700][1201 ][debug][gc,remset   ] GC(226) Visited cards 12045824 Total dirty 84606976 (14.24%) Total old 428277760 (2.81%)
[2025-10-13T23:46:46.234-0700][1201 ][info ][gc,phases   ] GC(226)   Pre Evacuate Collection Set: 0.7ms
[2025-10-13T23:46:46.234-0700][1201 ][info ][gc,phases   ] GC(226)   Merge Heap Roots: 14.4ms
[2025-10-13T23:46:46.235-0700][1201 ][info ][gc,phases   ] GC(226)   Evacuate Collection Set: 109.9ms
[2025-10-13T23:46:46.235-0700][1201 ][info ][gc,phases   ] GC(226)   Post Evacuate Collection Set: 13.3ms
[2025-10-13T23:46:46.235-0700][1201 ][info ][gc,phases   ] GC(226)   Other: 0.2ms
[2025-10-13T23:46:46.235-0700][1201 ][debug][gc,remset   ] GC(226) Coarsening (recent): Inline->AoC 17943 (0) AoC->Howl 206 (0) Howl->Full 0 (0) Inline->AoC 698 (0) AoC->BitMap 130 (0) BitMap->Full 0 (0) 
[2025-10-13T23:46:46.235-0700][1201 ][debug][gc,remset   ] GC(226) Coarsening (all): Inline->AoC 5731725 (161) AoC->Howl 91371 (490) Howl->Full 0 (0) Inline->AoC 385548 (159) AoC->BitMap 96757 (391) BitMap->Full 5 (0) 
[2025-10-13T23:46:46.235-0700][1201 ][info ][gc,heap     ] GC(226) Eden regions: 2374->0(1716)
[2025-10-13T23:46:46.235-0700][1201 ][info ][gc,heap     ] GC(226) Survivor regions: 109->162(311)
[2025-10-13T23:46:46.235-0700][1201 ][info ][gc,heap     ] GC(226) Old regions: 1448->1349
[2025-10-13T23:46:46.235-0700][1201 ][info ][gc,heap     ] GC(226) Humongous regions: 17->0
[2025-10-13T23:46:46.235-0700][1201 ][info ][gc,metaspace] GC(226) Metaspace: 313088K(318912K)->313088K(318912K) NonClass: 277354K(280448K)->277354K(280448K) Class: 35734K(38464K)->35734K(38464K)
[2025-10-13T23:46:46.235-0700][1201 ][info ][gc          ] GC(226) Pause Young (Mixed) (G1 Evacuation Pause) 126304M->48341M(184320M) 138.739ms
[2025-10-13T23:46:46.236-0700][1201 ][info ][gc,cpu      ] GC(226) User=12.86s Sys=0.10s Real=0.14s
[2025-10-13T23:46:46.237-0700][1201 ][info ][safepoint   ] Safepoint "G1CollectForAllocation", Time since last: 2361294607 ns, Reaching safepoint: 874508 ns, Cleanup: 6280 ns, At safepoint: 142256434 ns, Total: 143137222 ns
[2025-10-13T23:46:54.238-0700][1201 ][info ][safepoint   ] Safepoint "Cleanup", Time since last: 8000482730 ns, Reaching safepoint: 857553 ns, Cleanup: 13410 ns, At safepoint: 190998 ns, Total: 1061961 ns
[2025-10-13T23:46:55.240-0700][1201 ][info ][safepoint   ] Safepoint "Cleanup", Time since last: 1000103049 ns, Reaching safepoint: 924003 ns, Cleanup: 21382 ns, At safepoint: 272591 ns, Total: 1217976 ns
[2025-10-13T23:46:55.384-0700][1201 ][info ][gc,start    ] GC(227) Pause Young (Mixed) (G1 Evacuation Pause)
[2025-10-13T23:46:55.385-0700][1201 ][info ][gc,task     ] GC(227) Using 113 workers of 113 for evacuation
[2025-10-13T23:46:55.398-0700][1201 ][debug][gc,remset   ] GC(227) Visited cards 12321280 Total dirty 79560704 (15.49%) Total old 375914496 (3.28%)
[2025-10-13T23:46:55.544-0700][1201 ][info ][gc,phases   ] GC(227)   Pre Evacuate Collection Set: 0.7ms
[2025-10-13T23:46:55.544-0700][1201 ][info ][gc,phases   ] GC(227)   Merge Heap Roots: 12.2ms
[2025-10-13T23:46:55.544-0700][1201 ][info ][gc,phases   ] GC(227)   Evacuate Collection Set: 132.5ms
[2025-10-13T23:46:55.545-0700][1201 ][info ][gc,phases   ] GC(227)   Post Evacuate Collection Set: 14.4ms
[2025-10-13T23:46:55.545-0700][1201 ][info ][gc,phases   ] GC(227)   Other: 0.2ms
[2025-10-13T23:46:55.545-0700][1201 ][debug][gc,remset   ] GC(227) Coarsening (recent): Inline->AoC 20711 (0) AoC->Howl 217 (0) Howl->Full 0 (0) Inline->AoC 836 (0) AoC->BitMap 140 (0) BitMap->Full 0 (0) 
[2025-10-13T23:46:55.545-0700][1201 ][debug][gc,remset   ] GC(227) Coarsening (all): Inline->AoC 5752436 (161) AoC->Howl 91588 (490) Howl->Full 0 (0) Inline->AoC 386384 (159) AoC->BitMap 96897 (391) BitMap->Full 5 (0) 
[2025-10-13T23:46:55.545-0700][1201 ][info ][gc,heap     ] GC(227) Eden regions: 1971->0(1453)
[2025-10-13T23:46:55.545-0700][1201 ][info ][gc,heap     ] GC(227) Survivor regions: 162->197(267)
[2025-10-13T23:46:55.545-0700][1201 ][info ][gc,heap     ] GC(227) Old regions: 1349->1262
[2025-10-13T23:46:55.545-0700][1201 ][info ][gc,heap     ] GC(227) Humongous regions: 17->0
[2025-10-13T23:46:55.545-0700][1201 ][info ][gc,metaspace] GC(227) Metaspace: 313102K(318912K)->313102K(318912K) NonClass: 277364K(280448K)->277364K(280448K) Class: 35737K(38464K)->35737K(38464K)
[2025-10-13T23:46:55.545-0700][1201 ][info ][gc          ] GC(227) Pause Young (Mixed) (G1 Evacuation Pause) 111957M->46686M(184320M) 160.113ms
[2025-10-13T23:46:55.546-0700][1201 ][info ][gc,cpu      ] GC(227) User=14.97s Sys=0.15s Real=0.16s
[2025-10-13T23:46:55.547-0700][1201 ][info ][safepoint   ] Safepoint "G1CollectForAllocation", Time since last: 142522174 ns, Reaching safepoint: 931934 ns, Cleanup: 4667 ns, At safepoint: 163661139 ns, Total: 164597740 ns
[2025-10-13T23:46:56.549-0700][1201 ][info ][safepoint   ] Safepoint "Cleanup", Time since last: 1000089379 ns, Reaching safepoint: 1624888 ns, Cleanup: 9875 ns, At safepoint: 529949 ns, Total: 2164712 ns
[2025-10-13T23:46:59.551-0700][1201 ][info ][safepoint   ] Safepoint "Cleanup", Time since last: 3000199473 ns, Reaching safepoint: 892384 ns, Cleanup: 17927 ns, At safepoint: 214714 ns, Total: 1125025 ns
[2025-10-13T23:47:01.552-0700][1201 ][info ][safepoint   ] Safepoint "Cleanup", Time since last: 2000166950 ns, Reaching safepoint: 1014348 ns, Cleanup: 11918 ns, At safepoint: 157327 ns, Total: 1183593 ns
[2025-10-13T23:47:03.164-0700][1201 ][info ][gc,start    ] GC(228) Pause Young (Mixed) (G1 Evacuation Pause)
[2025-10-13T23:47:03.164-0700][1201 ][info ][gc,task     ] GC(228) Using 113 workers of 113 for evacuation
[2025-10-13T23:47:03.178-0700][1201 ][debug][gc,remset   ] GC(228) Visited cards 12642560 Total dirty 73662464 (17.16%) Total old 333381632 (3.79%)
[2025-10-13T23:47:03.317-0700][1201 ][info ][gc,phases   ] GC(228)   Pre Evacuate Collection Set: 0.8ms
[2025-10-13T23:47:03.317-0700][1201 ][info ][gc,phases   ] GC(228)   Merge Heap Roots: 12.9ms
[2025-10-13T23:47:03.317-0700][1201 ][info ][gc,phases   ] GC(228)   Evacuate Collection Set: 124.4ms
[2025-10-13T23:47:03.317-0700][1201 ][info ][gc,phases   ] GC(228)   Post Evacuate Collection Set: 14.8ms
[2025-10-13T23:47:03.317-0700][1201 ][info ][gc,phases   ] GC(228)   Other: 0.1ms
[2025-10-13T23:47:03.317-0700][1201 ][debug][gc,remset   ] GC(228) Coarsening (recent): Inline->AoC 27922 (0) AoC->Howl 251 (0) Howl->Full 0 (0) Inline->AoC 1031 (0) AoC->BitMap 176 (0) BitMap->Full 0 (0) 
[2025-10-13T23:47:03.317-0700][1201 ][debug][gc,remset   ] GC(228) Coarsening (all): Inline->AoC 5780358 (161) AoC->Howl 91839 (490) Howl->Full 0 (0) Inline->AoC 387415 (159) AoC->BitMap 97073 (391) BitMap->Full 5 (0) 
[2025-10-13T23:47:03.317-0700][1201 ][info ][gc,heap     ] GC(228) Eden regions: 1658->0(2657)
[2025-10-13T23:47:03.317-0700][1201 ][info ][gc,heap     ] GC(228) Survivor regions: 197->111(232)
[2025-10-13T23:47:03.317-0700][1201 ][info ][gc,heap     ] GC(228) Old regions: 1262->1262
[2025-10-13T23:47:03.317-0700][1201 ][info ][gc,heap     ] GC(228) Humongous regions: 11->0
[2025-10-13T23:47:03.317-0700][1201 ][info ][gc,metaspace] GC(228) Metaspace: 313102K(318912K)->313102K(318912K) NonClass: 277365K(280448K)->277365K(280448K) Class: 35737K(38464K)->35737K(38464K)
[2025-10-13T23:47:03.317-0700][1201 ][info ][gc          ] GC(228) Pause Young (Mixed) (G1 Evacuation Pause) 100094M->43905M(184320M) 153.176ms
[2025-10-13T23:47:03.319-0700][1201 ][info ][gc,cpu      ] GC(228) User=15.07s Sys=0.26s Real=0.16s
[2025-10-13T23:47:03.320-0700][1201 ][info ][safepoint   ] Safepoint "G1CollectForAllocation", Time since last: 1610432145 ns, Reaching safepoint: 775048 ns, Cleanup: 4557 ns, At safepoint: 156696503 ns, Total: 157476108 ns
[2025-10-13T23:47:04.321-0700][1201 ][info ][safepoint   ] Safepoint "Cleanup", Time since last: 1000086104 ns, Reaching safepoint: 769580 ns, Cleanup: 12789 ns, At safepoint: 161664 ns, Total: 944033 ns
[2025-10-13T23:47:05.322-0700][1201 ][info ][safepoint   ] Safepoint "Cleanup", Time since last: 1000104341 ns, Reaching safepoint: 766636 ns, Cleanup: 11076 ns, At safepoint: 223207 ns, Total: 1000919 ns
[2025-10-13T23:47:06.323-0700][1201 ][info ][safepoint   ] Safepoint "Cleanup", Time since last: 1000095377 ns, Reaching safepoint: 912485 ns, Cleanup: 16234 ns, At safepoint: 518602 ns, Total: 1447321 ns
[2025-10-13T23:47:09.325-0700][1201 ][info ][safepoint   ] Safepoint "Cleanup", Time since last: 3000225521 ns, Reaching safepoint: 944623 ns, Cleanup: 20972 ns, At safepoint: 190587 ns, Total: 1156182 ns
[2025-10-13T23:47:14.326-0700][1201 ][info ][safepoint   ] Safepoint "Cleanup", Time since last: 5000357948 ns, Reaching safepoint: 934258 ns, Cleanup: 18087 ns, At safepoint: 264979 ns, Total: 1217324 ns
[2025-10-13T23:47:16.333-0700][1201 ][info ][safepoint   ] Safepoint "Cleanup", Time since last: 2000175812 ns, Reaching safepoint: 5193587 ns, Cleanup: 25328 ns, At safepoint: 1009731 ns, Total: 6228646 ns
[2025-10-13T23:47:16.486-0700][1201 ][info ][gc,start    ] GC(229) Pause Young (Mixed) (G1 Evacuation Pause)
[2025-10-13T23:47:16.486-0700][1201 ][info ][gc,task     ] GC(229) Using 113 workers of 113 for evacuation
[2025-10-13T23:47:16.501-0700][1201 ][debug][gc,remset   ] GC(229) Visited cards 14280192 Total dirty 75366400 (18.95%) Total old 462028800 (3.09%)
[2025-10-13T23:47:16.625-0700][1201 ][info ][gc,phases   ] GC(229)   Pre Evacuate Collection Set: 0.8ms
[2025-10-13T23:47:16.625-0700][1201 ][info ][gc,phases   ] GC(229)   Merge Heap Roots: 13.8ms
[2025-10-13T23:47:16.625-0700][1201 ][info ][gc,phases   ] GC(229)   Evacuate Collection Set: 107.4ms
[2025-10-13T23:47:16.625-0700][1201 ][info ][gc,phases   ] GC(229)   Post Evacuate Collection Set: 16.1ms
[2025-10-13T23:47:16.625-0700][1201 ][info ][gc,phases   ] GC(229)   Other: 0.2ms
[2025-10-13T23:47:16.625-0700][1201 ][debug][gc,remset   ] GC(229) Coarsening (recent): Inline->AoC 46311 (0) AoC->Howl 462 (0) Howl->Full 0 (0) Inline->AoC 1183 (0) AoC->BitMap 402 (0) BitMap->Full 0 (0) 
[2025-10-13T23:47:16.625-0700][1201 ][debug][gc,remset   ] GC(229) Coarsening (all): Inline->AoC 5826669 (161) AoC->Howl 92301 (490) Howl->Full 0 (0) Inline->AoC 388598 (159) AoC->BitMap 97475 (391) BitMap->Full 5 (0) 
[2025-10-13T23:47:16.625-0700][1201 ][info ][gc,heap     ] GC(229) Eden regions: 2715->0(2254)
[2025-10-13T23:47:16.625-0700][1201 ][info ][gc,heap     ] GC(229) Survivor regions: 111->158(354)
[2025-10-13T23:47:16.625-0700][1201 ][info ][gc,heap     ] GC(229) Old regions: 1262->1173
[2025-10-13T23:47:16.625-0700][1201 ][info ][gc,heap     ] GC(229) Humongous regions: 32->0
[2025-10-13T23:47:16.625-0700][1201 ][info ][gc,metaspace] GC(229) Metaspace: 313191K(318976K)->313191K(318976K) NonClass: 277447K(280512K)->277447K(280512K) Class: 35743K(38464K)->35743K(38464K)
[2025-10-13T23:47:16.625-0700][1201 ][info ][gc          ] GC(229) Pause Young (Mixed) (G1 Evacuation Pause) 131809M->42568M(184320M) 138.467ms
[2025-10-13T23:47:16.626-0700][1201 ][info ][gc,cpu      ] GC(229) User=13.09s Sys=0.30s Real=0.14s
[2025-10-13T23:47:16.627-0700][1201 ][info ][safepoint   ] Safepoint "G1CollectForAllocation", Time since last: 151385691 ns, Reaching safepoint: 843541 ns, Cleanup: 14562 ns, At safepoint: 141937764 ns, Total: 142795867 ns
[2025-10-13T23:47:17.629-0700][1201 ][info ][safepoint   ] Safepoint "Cleanup", Time since last: 1000082668 ns, Reaching safepoint: 1492088 ns, Cleanup: 14081 ns, At safepoint: 350248 ns, Total: 1856417 ns
[2025-10-13T23:47:18.630-0700][1201 ][info ][safepoint   ] Safepoint "Cleanup", Time since last: 1000100435 ns, Reaching safepoint: 786055 ns, Cleanup: 17846 ns, At safepoint: 386112 ns, Total: 1190013 ns
[2025-10-13T23:47:19.632-0700][1201 ][info ][safepoint   ] Safepoint "Cleanup", Time since last: 1000110761 ns, Reaching safepoint: 855779 ns, Cleanup: 15364 ns, At safepoint: 934928 ns, Total: 1806071 ns
[2025-10-13T23:47:20.634-0700][1201 ][info ][safepoint   ] Safepoint "Cleanup", Time since last: 1000108077 ns, Reaching safepoint: 828398 ns, Cleanup: 10877 ns, At safepoint: 945514 ns, Total: 1784789 ns
[2025-10-13T23:47:21.636-0700][1201 ][info ][safepoint   ] Safepoint "Cleanup", Time since last: 1000103230 ns, Reaching safepoint: 965204 ns, Cleanup: 23836 ns, At safepoint: 1044664 ns, Total: 2033704 ns
[2025-10-13T23:47:22.639-0700][1201 ][info ][safepoint   ] Safepoint "Cleanup", Time since last: 1000074696 ns, Reaching safepoint: 897312 ns, Cleanup: 11247 ns, At safepoint: 1449284 ns, Total: 2357843 ns
[2025-10-13T23:47:23.642-0700][1201 ][info ][safepoint   ] Safepoint "Cleanup", Time since last: 1000114496 ns, Reaching safepoint: 1297516 ns, Cleanup: 16154 ns, At safepoint: 1929457 ns, Total: 3243127 ns
[2025-10-13T23:47:25.051-0700][1201 ][info ][gc,start    ] GC(230) Pause Young (Mixed) (G1 Evacuation Pause)
[2025-10-13T23:47:25.051-0700][1201 ][info ][gc,task     ] GC(230) Using 113 workers of 113 for evacuation
[2025-10-13T23:47:25.065-0700][1201 ][debug][gc,remset   ] GC(230) Visited cards 15026688 Total dirty 69074944 (21.75%) Total old 421658624 (3.56%)
[2025-10-13T23:47:25.215-0700][1201 ][info ][gc,phases   ] GC(230)   Pre Evacuate Collection Set: 0.8ms
[2025-10-13T23:47:25.215-0700][1201 ][info ][gc,phases   ] GC(230)   Merge Heap Roots: 13.4ms
[2025-10-13T23:47:25.215-0700][1201 ][info ][gc,phases   ] GC(230)   Evacuate Collection Set: 133.4ms
[2025-10-13T23:47:25.215-0700][1201 ][info ][gc,phases   ] GC(230)   Post Evacuate Collection Set: 16.2ms
[2025-10-13T23:47:25.215-0700][1201 ][info ][gc,phases   ] GC(230)   Other: 0.2ms
[2025-10-13T23:47:25.215-0700][1201 ][debug][gc,remset   ] GC(230) Coarsening (recent): Inline->AoC 40465 (0) AoC->Howl 228 (0) Howl->Full 0 (0) Inline->AoC 911 (0) AoC->BitMap 146 (0) BitMap->Full 0 (0) 
[2025-10-13T23:47:25.215-0700][1201 ][debug][gc,remset   ] GC(230) Coarsening (all): Inline->AoC 5867134 (161) AoC->Howl 92529 (490) Howl->Full 0 (0) Inline->AoC 389509 (159) AoC->BitMap 97621 (391) BitMap->Full 5 (0) 
[2025-10-13T23:47:25.215-0700][1201 ][info ][gc,heap     ] GC(230) Eden regions: 2412->0(1328)
[2025-10-13T23:47:25.215-0700][1201 ][info ][gc,heap     ] GC(230) Survivor regions: 158->212(322)
[2025-10-13T23:47:25.215-0700][1201 ][info ][gc,heap     ] GC(230) Old regions: 1173->1077
[2025-10-13T23:47:25.215-0700][1201 ][info ][gc,heap     ] GC(230) Humongous regions: 17->0
[2025-10-13T23:47:25.215-0700][1201 ][info ][gc,metaspace] GC(230) Metaspace: 313231K(319104K)->313231K(319104K) NonClass: 277482K(280576K)->277482K(280576K) Class: 35749K(38528K)->35749K(38528K)
[2025-10-13T23:47:25.215-0700][1201 ][info ][gc          ] GC(230) Pause Young (Mixed) (G1 Evacuation Pause) 120296M->41241M(184320M) 164.174ms
[2025-10-13T23:47:25.216-0700][1201 ][info ][gc,cpu      ] GC(230) User=15.61s Sys=0.37s Real=0.16s
[2025-10-13T23:47:25.217-0700][1201 ][info ][safepoint   ] Safepoint "G1CollectForAllocation", Time since last: 1406902579 ns, Reaching safepoint: 870422 ns, Cleanup: 4987 ns, At safepoint: 167642318 ns, Total: 168517727 ns
[2025-10-13T23:47:26.218-0700][1201 ][info ][safepoint   ] Safepoint "Cleanup", Time since last: 1000086744 ns, Reaching safepoint: 744592 ns, Cleanup: 16124 ns, At safepoint: 102334 ns, Total: 863050 ns
[2025-10-13T23:47:27.219-0700][1201 ][info ][safepoint   ] Safepoint "Cleanup", Time since last: 1000093004 ns, Reaching safepoint: 771723 ns, Cleanup: 12809 ns, At safepoint: 191259 ns, Total: 975791 ns
[2025-10-13T23:47:28.220-0700][1201 ][info ][safepoint   ] Safepoint "Cleanup", Time since last: 1000108306 ns, Reaching safepoint: 765764 ns, Cleanup: 9985 ns, At safepoint: 182706 ns, Total: 958455 ns
[2025-10-13T23:47:29.221-0700][1201 ][info ][safepoint   ] Safepoint "Cleanup", Time since last: 1000107996 ns, Reaching safepoint: 747316 ns, Cleanup: 13130 ns, At safepoint: 145900 ns, Total: 906346 ns
[2025-10-13T23:47:34.223-0700][1201 ][info ][safepoint   ] Safepoint "Cleanup", Time since last: 5000343045 ns, Reaching safepoint: 878504 ns, Cleanup: 16104 ns, At safepoint: 244368 ns, Total: 1138976 ns
[2025-10-13T23:47:34.920-0700][1201 ][info ][gc,start    ] GC(231) Pause Young (Mixed) (G1 Evacuation Pause)
[2025-10-13T23:47:34.920-0700][1201 ][info ][gc,task     ] GC(231) Using 113 workers of 113 for evacuation
[2025-10-13T23:47:34.933-0700][1201 ][debug][gc,remset   ] GC(231) Visited cards 14207488 Total dirty 62390272 (22.77%) Total old 320536576 (4.43%)
[2025-10-13T23:47:35.100-0700][1201 ][info ][gc,phases   ] GC(231)   Pre Evacuate Collection Set: 0.8ms
[2025-10-13T23:47:35.100-0700][1201 ][info ][gc,phases   ] GC(231)   Merge Heap Roots: 11.7ms
[2025-10-13T23:47:35.100-0700][1201 ][info ][gc,phases   ] GC(231)   Evacuate Collection Set: 153.1ms
[2025-10-13T23:47:35.100-0700][1201 ][info ][gc,phases   ] GC(231)   Post Evacuate Collection Set: 14.6ms
[2025-10-13T23:47:35.100-0700][1201 ][info ][gc,phases   ] GC(231)   Other: 0.2ms
[2025-10-13T23:47:35.100-0700][1201 ][debug][gc,remset   ] GC(231) Coarsening (recent): Inline->AoC 39592 (0) AoC->Howl 237 (0) Howl->Full 0 (0) Inline->AoC 898 (0) AoC->BitMap 172 (0) BitMap->Full 0 (0) 
[2025-10-13T23:47:35.100-0700][1201 ][debug][gc,remset   ] GC(231) Coarsening (all): Inline->AoC 5906726 (161) AoC->Howl 92766 (490) Howl->Full 0 (0) Inline->AoC 390407 (159) AoC->BitMap 97793 (391) BitMap->Full 5 (0) 
[2025-10-13T23:47:35.100-0700][1201 ][info ][gc,heap     ] GC(231) Eden regions: 1635->0(2624)
[2025-10-13T23:47:35.100-0700][1201 ][info ][gc,heap     ] GC(231) Survivor regions: 212->121(231)
[2025-10-13T23:47:35.100-0700][1201 ][info ][gc,heap     ] GC(231) Old regions: 1077->1103
[2025-10-13T23:47:35.100-0700][1201 ][info ][gc,heap     ] GC(231) Humongous regions: 16->0
[2025-10-13T23:47:35.100-0700][1201 ][info ][gc,metaspace] GC(231) Metaspace: 313233K(319104K)->313233K(319104K) NonClass: 277484K(280576K)->277484K(280576K) Class: 35749K(38528K)->35749K(38528K)
[2025-10-13T23:47:35.100-0700][1201 ][info ][gc          ] GC(231) Pause Young (Mixed) (G1 Evacuation Pause) 94073M->39148M(184320M) 180.481ms
[2025-10-13T23:47:35.102-0700][1201 ][info ][gc,cpu      ] GC(231) User=16.74s Sys=0.15s Real=0.18s
[2025-10-13T23:47:35.103-0700][1201 ][info ][safepoint   ] Safepoint "G1CollectForAllocation", Time since last: 694890700 ns, Reaching safepoint: 851843 ns, Cleanup: 13941 ns, At safepoint: 184188932 ns, Total: 185054716 ns
[2025-10-13T23:47:37.104-0700][1201 ][info ][safepoint   ] Safepoint "Cleanup", Time since last: 2000149662 ns, Reaching safepoint: 880197 ns, Cleanup: 12208 ns, At safepoint: 213311 ns, Total: 1105716 ns
[2025-10-13T23:47:38.105-0700][1201 ][info ][safepoint   ] Safepoint "Cleanup", Time since last: 1000098813 ns, Reaching safepoint: 782459 ns, Cleanup: 55734 ns, At safepoint: 201454 ns, Total: 1039647 ns
[2025-10-13T23:47:39.106-0700][1201 ][info ][safepoint   ] Safepoint "Cleanup", Time since last: 1000101506 ns, Reaching safepoint: 788508 ns, Cleanup: 10366 ns, At safepoint: 216737 ns, Total: 1015611 ns
[2025-10-13T23:47:40.108-0700][1201 ][info ][safepoint   ] Safepoint "Cleanup", Time since last: 1000102117 ns, Reaching safepoint: 844383 ns, Cleanup: 12178 ns, At safepoint: 289797 ns, Total: 1146358 ns
[2025-10-13T23:47:41.109-0700][1201 ][info ][safepoint   ] Safepoint "Cleanup", Time since last: 1000098702 ns, Reaching safepoint: 755498 ns, Cleanup: 20371 ns, At safepoint: 365451 ns, Total: 1141320 ns
[2025-10-13T23:47:42.111-0700][1201 ][info ][safepoint   ] Safepoint "Cleanup", Time since last: 1000102668 ns, Reaching safepoint: 925134 ns, Cleanup: 10786 ns, At safepoint: 685584 ns, Total: 1621504 ns
[2025-10-13T23:47:43.112-0700][1201 ][info ][safepoint   ] Safepoint "Cleanup", Time since last: 1000110970 ns, Reaching safepoint: 842510 ns, Cleanup: 11647 ns, At safepoint: 714778 ns, Total: 1568935 ns
[2025-10-13T23:47:44.114-0700][1201 ][info ][safepoint   ] Safepoint "Cleanup", Time since last: 1000101616 ns, Reaching safepoint: 748028 ns, Cleanup: 11927 ns, At safepoint: 1025165 ns, Total: 1785120 ns
[2025-10-13T23:47:45.116-0700][1201 ][info ][safepoint   ] Safepoint "Cleanup", Time since last: 1000119264 ns, Reaching safepoint: 879024 ns, Cleanup: 21553 ns, At safepoint: 899986 ns, Total: 1800563 ns
[2025-10-13T23:47:46.118-0700][1201 ][info ][safepoint   ] Safepoint "Cleanup", Time since last: 1000108607 ns, Reaching safepoint: 817412 ns, Cleanup: 24317 ns, At safepoint: 887136 ns, Total: 1728865 ns
[2025-10-13T23:47:47.120-0700][1201 ][info ][safepoint   ] Safepoint "Cleanup", Time since last: 1000109890 ns, Reaching safepoint: 775388 ns, Cleanup: 42364 ns, At safepoint: 665613 ns, Total: 1483365 ns
[2025-10-13T23:47:48.118-0700][1201 ][info ][gc,start    ] GC(232) Pause Young (Mixed) (G1 Evacuation Pause)
[2025-10-13T23:47:48.118-0700][1201 ][info ][gc,task     ] GC(232) Using 113 workers of 113 for evacuation
[2025-10-13T23:47:48.133-0700][1201 ][debug][gc,remset   ] GC(232) Visited cards 16594688 Total dirty 65732608 (25.25%) Total old 448856064 (3.70%)
[2025-10-13T23:47:48.286-0700][1201 ][info ][gc,phases   ] GC(232)   Pre Evacuate Collection Set: 0.7ms
[2025-10-13T23:47:48.286-0700][1201 ][info ][gc,phases   ] GC(232)   Merge Heap Roots: 13.6ms
[2025-10-13T23:47:48.286-0700][1201 ][info ][gc,phases   ] GC(232)   Evacuate Collection Set: 140.5ms
[2025-10-13T23:47:48.286-0700][1201 ][info ][gc,phases   ] GC(232)   Post Evacuate Collection Set: 13.2ms
[2025-10-13T23:47:48.286-0700][1201 ][info ][gc,phases   ] GC(232)   Other: 0.2ms
[2025-10-13T23:47:48.286-0700][1201 ][debug][gc,remset   ] GC(232) Coarsening (recent): Inline->AoC 62283 (0) AoC->Howl 320 (0) Howl->Full 0 (0) Inline->AoC 863 (1) AoC->BitMap 251 (0) BitMap->Full 0 (0) 
[2025-10-13T23:47:48.286-0700][1201 ][debug][gc,remset   ] GC(232) Coarsening (all): Inline->AoC 5969009 (161) AoC->Howl 93086 (490) Howl->Full 0 (0) Inline->AoC 391270 (160) AoC->BitMap 98044 (391) BitMap->Full 5 (0) 
[2025-10-13T23:47:48.286-0700][1201 ][info ][gc,heap     ] GC(232) Eden regions: 2694->0(2941)
[2025-10-13T23:47:48.286-0700][1201 ][info ][gc,heap     ] GC(232) Survivor regions: 121->168(352)
[2025-10-13T23:47:48.286-0700][1201 ][info ][gc,heap     ] GC(232) Old regions: 1103->1029
[2025-10-13T23:47:48.286-0700][1201 ][info ][gc,heap     ] GC(232) Humongous regions: 15->0
[2025-10-13T23:47:48.286-0700][1201 ][info ][gc,metaspace] GC(232) Metaspace: 313263K(319168K)->313263K(319168K) NonClass: 277511K(280640K)->277511K(280640K) Class: 35752K(38528K)->35752K(38528K)
[2025-10-13T23:47:48.286-0700][1201 ][info ][gc          ] GC(232) Pause Young (Mixed) (G1 Evacuation Pause) 125836M->38278M(184320M) 168.473ms
[2025-10-13T23:47:48.288-0700][1201 ][info ][gc,cpu      ] GC(232) User=14.26s Sys=0.38s Real=0.17s
[2025-10-13T23:47:48.289-0700][1201 ][info ][safepoint   ] Safepoint "G1CollectForAllocation", Time since last: 996565138 ns, Reaching safepoint: 695618 ns, Cleanup: 28092 ns, At safepoint: 171839552 ns, Total: 172563262 ns
[2025-10-13T23:47:49.301-0700][1201 ][info ][safepoint   ] Safepoint "Cleanup", Time since last: 1000456953 ns, Reaching safepoint: 9321306 ns, Cleanup: 20671 ns, At safepoint: 2693959 ns, Total: 12035936 ns
[2025-10-13T23:47:50.303-0700][1201 ][info ][safepoint   ] Safepoint "Cleanup", Time since last: 1000137741 ns, Reaching safepoint: 672334 ns, Cleanup: 18548 ns, At safepoint: 570139 ns, Total: 1261021 ns
[2025-10-13T23:47:52.304-0700][1201 ][info ][safepoint   ] Safepoint "Cleanup", Time since last: 2000167319 ns, Reaching safepoint: 731372 ns, Cleanup: 12359 ns, At safepoint: 184898 ns, Total: 928629 ns
[2025-10-13T23:47:55.305-0700][1201 ][info ][safepoint   ] Safepoint "Cleanup", Time since last: 3000217669 ns, Reaching safepoint: 746976 ns, Cleanup: 13650 ns, At safepoint: 235906 ns, Total: 996532 ns
[2025-10-13T23:47:56.306-0700][1201 ][info ][safepoint   ] Safepoint "Cleanup", Time since last: 1000096619 ns, Reaching safepoint: 740396 ns, Cleanup: 15513 ns, At safepoint: 374505 ns, Total: 1130414 ns
[2025-10-13T23:47:57.322-0700][1201 ][info ][safepoint   ] Safepoint "Cleanup", Time since last: 1000092753 ns, Reaching safepoint: 13541035 ns, Cleanup: 19199 ns, At safepoint: 2068427 ns, Total: 15628661 ns
[2025-10-13T23:47:59.324-0700][1201 ][info ][safepoint   ] Safepoint "Cleanup", Time since last: 2000180078 ns, Reaching safepoint: 963492 ns, Cleanup: 11387 ns, At safepoint: 1119707 ns, Total: 2094586 ns
[2025-10-13T23:48:00.342-0700][1201 ][info ][safepoint   ] Safepoint "Cleanup", Time since last: 1000135038 ns, Reaching safepoint: 14336854 ns, Cleanup: 16304 ns, At safepoint: 2921823 ns, Total: 17274981 ns
[2025-10-13T23:48:01.286-0700][1201 ][info ][gc,start    ] GC(233) Pause Young (Normal) (G1 Evacuation Pause)
[2025-10-13T23:48:01.286-0700][1201 ][info ][gc,task     ] GC(233) Using 113 workers of 113 for evacuation
[2025-10-13T23:48:01.300-0700][1201 ][debug][gc,remset   ] GC(233) Visited cards 9615104 Total dirty 61997056 (15.51%) Total old 486604800 (1.98%)
[2025-10-13T23:48:01.446-0700][1201 ][info ][gc,phases   ] GC(233)   Pre Evacuate Collection Set: 0.7ms
[2025-10-13T23:48:01.446-0700][1201 ][info ][gc,phases   ] GC(233)   Merge Heap Roots: 12.8ms
[2025-10-13T23:48:01.446-0700][1201 ][info ][gc,phases   ] GC(233)   Evacuate Collection Set: 132.9ms
[2025-10-13T23:48:01.446-0700][1201 ][info ][gc,phases   ] GC(233)   Post Evacuate Collection Set: 13.4ms
[2025-10-13T23:48:01.446-0700][1201 ][info ][gc,phases   ] GC(233)   Other: 0.2ms
[2025-10-13T23:48:01.446-0700][1201 ][debug][gc,remset   ] GC(233) Coarsening (recent): Inline->AoC 31659 (1) AoC->Howl 68 (2) Howl->Full 0 (0) Inline->AoC 313 (2) AoC->BitMap 22 (1) BitMap->Full 0 (0) 
[2025-10-13T23:48:01.446-0700][1201 ][debug][gc,remset   ] GC(233) Coarsening (all): Inline->AoC 6000668 (162) AoC->Howl 93154 (492) Howl->Full 0 (0) Inline->AoC 391583 (162) AoC->BitMap 98066 (392) BitMap->Full 5 (0) 
[2025-10-13T23:48:01.446-0700][1201 ][info ][gc,heap     ] GC(233) Eden regions: 3016->0(2513)
[2025-10-13T23:48:01.446-0700][1201 ][info ][gc,heap     ] GC(233) Survivor regions: 168->221(398)
[2025-10-13T23:48:01.446-0700][1201 ][info ][gc,heap     ] GC(233) Old regions: 1029->1029
[2025-10-13T23:48:01.446-0700][1201 ][info ][gc,heap     ] GC(233) Humongous regions: 28->0
[2025-10-13T23:48:01.446-0700][1201 ][info ][gc,metaspace] GC(233) Metaspace: 313380K(319232K)->313380K(319232K) NonClass: 277600K(280704K)->277600K(280704K) Class: 35780K(38528K)->35780K(38528K)
[2025-10-13T23:48:01.447-0700][1201 ][info ][gc          ] GC(233) Pause Young (Normal) (G1 Evacuation Pause) 135686M->39983M(184320M) 160.113ms
[2025-10-13T23:48:01.448-0700][1201 ][info ][gc,cpu      ] GC(233) User=15.59s Sys=0.24s Real=0.16s
[2025-10-13T23:48:01.449-0700][1201 ][info ][safepoint   ] Safepoint "G1CollectForAllocation", Time since last: 942757376 ns, Reaching safepoint: 1000788 ns, Cleanup: 15603 ns, At safepoint: 163587508 ns, Total: 164603899 ns
[2025-10-13T23:48:02.450-0700][1201 ][info ][safepoint   ] Safepoint "Cleanup", Time since last: 1000086904 ns, Reaching safepoint: 827647 ns, Cleanup: 39159 ns, At safepoint: 226171 ns, Total: 1092977 ns
[2025-10-13T23:48:03.451-0700][1201 ][info ][safepoint   ] Safepoint "Cleanup", Time since last: 1000102428 ns, Reaching safepoint: 777712 ns, Cleanup: 22223 ns, At safepoint: 537801 ns, Total: 1337736 ns
[2025-10-13T23:48:04.453-0700][1201 ][info ][safepoint   ] Safepoint "Cleanup", Time since last: 1000112323 ns, Reaching safepoint: 709669 ns, Cleanup: 49465 ns, At safepoint: 289055 ns, Total: 1048189 ns
[2025-10-13T23:48:05.454-0700][1201 ][info ][safepoint   ] Safepoint "Cleanup", Time since last: 1000105192 ns, Reaching safepoint: 753075 ns, Cleanup: 19850 ns, At safepoint: 953096 ns, Total: 1726021 ns
[2025-10-13T23:48:06.456-0700][1201 ][info ][safepoint   ] Safepoint "Cleanup", Time since last: 1000110110 ns, Reaching safepoint: 714296 ns, Cleanup: 12729 ns, At safepoint: 448967 ns, Total: 1175992 ns
[2025-10-13T23:48:07.457-0700][1201 ][info ][safepoint   ] Safepoint "Cleanup", Time since last: 1000110330 ns, Reaching safepoint: 730571 ns, Cleanup: 16304 ns, At safepoint: 618392 ns, Total: 1365267 ns
[2025-10-13T23:48:08.475-0700][1201 ][info ][safepoint   ] Safepoint "Cleanup", Time since last: 1000112734 ns, Reaching safepoint: 15612246 ns, Cleanup: 14561 ns, At safepoint: 1904991 ns, Total: 17531798 ns
[2025-10-13T23:48:09.477-0700][1201 ][info ][safepoint   ] Safepoint "Cleanup", Time since last: 1000117851 ns, Reaching safepoint: 967198 ns, Cleanup: 17616 ns, At safepoint: 1207069 ns, Total: 2191883 ns
[2025-10-13T23:48:10.482-0700][1201 ][info ][safepoint   ] Safepoint "Cleanup", Time since last: 1000133765 ns, Reaching safepoint: 2854902 ns, Cleanup: 11217 ns, At safepoint: 2111502 ns, Total: 4977621 ns
[2025-10-13T23:48:11.517-0700][1201 ][info ][safepoint   ] Safepoint "Cleanup", Time since last: 1000121663 ns, Reaching safepoint: 32572293 ns, Cleanup: 25849 ns, At safepoint: 2361118 ns, Total: 34959260 ns
[2025-10-13T23:48:12.157-0700][1201 ][info ][gc,start    ] GC(234) Pause Young (Normal) (G1 Evacuation Pause)
[2025-10-13T23:48:12.157-0700][1201 ][info ][gc,task     ] GC(234) Using 113 workers of 113 for evacuation
[2025-10-13T23:48:12.170-0700][1201 ][debug][gc,remset   ] GC(234) Visited cards 9664512 Total dirty 61997056 (15.59%) Total old 439222272 (2.20%)
[2025-10-13T23:48:12.346-0700][1201 ][info ][gc,phases   ] GC(234)   Pre Evacuate Collection Set: 0.7ms
[2025-10-13T23:48:12.346-0700][1201 ][info ][gc,phases   ] GC(234)   Merge Heap Roots: 13.0ms
[2025-10-13T23:48:12.346-0700][1201 ][info ][gc,phases   ] GC(234)   Evacuate Collection Set: 160.0ms
[2025-10-13T23:48:12.346-0700][1201 ][info ][gc,phases   ] GC(234)   Post Evacuate Collection Set: 15.0ms
[2025-10-13T23:48:12.346-0700][1201 ][info ][gc,phases   ] GC(234)   Other: 0.2ms
[2025-10-13T23:48:12.346-0700][1201 ][debug][gc,remset   ] GC(234) Coarsening (recent): Inline->AoC 26226 (0) AoC->Howl 83 (0) Howl->Full 0 (0) Inline->AoC 403 (0) AoC->BitMap 58 (0) BitMap->Full 0 (0) 
[2025-10-13T23:48:12.346-0700][1201 ][debug][gc,remset   ] GC(234) Coarsening (all): Inline->AoC 6026894 (162) AoC->Howl 93237 (492) Howl->Full 0 (0) Inline->AoC 391986 (162) AoC->BitMap 98124 (392) BitMap->Full 5 (0) 
[2025-10-13T23:48:12.346-0700][1201 ][info ][gc,heap     ] GC(234) Eden regions: 2606->0(2138)
[2025-10-13T23:48:12.346-0700][1201 ][info ][gc,heap     ] GC(234) Survivor regions: 221->238(354)
[2025-10-13T23:48:12.346-0700][1201 ][info ][gc,heap     ] GC(234) Old regions: 1029->1064
[2025-10-13T23:48:12.346-0700][1201 ][info ][gc,heap     ] GC(234) Humongous regions: 19->0
[2025-10-13T23:48:12.346-0700][1201 ][info ][gc,metaspace] GC(234) Metaspace: 313788K(319744K)->313788K(319744K) NonClass: 277955K(281088K)->277955K(281088K) Class: 35833K(38656K)->35833K(38656K)
[2025-10-13T23:48:12.346-0700][1201 ][info ][gc          ] GC(234) Pause Young (Normal) (G1 Evacuation Pause) 123983M->41652M(184320M) 189.081ms
[2025-10-13T23:48:12.347-0700][1201 ][info ][gc,cpu      ] GC(234) User=18.20s Sys=0.19s Real=0.19s
[2025-10-13T23:48:12.348-0700][1201 ][info ][safepoint   ] Safepoint "G1CollectForAllocation", Time since last: 637109447 ns, Reaching safepoint: 930152 ns, Cleanup: 38858 ns, At safepoint: 192532313 ns, Total: 193501323 ns
[2025-10-13T23:48:13.349-0700][1201 ][info ][safepoint   ] Safepoint "Cleanup", Time since last: 1000087782 ns, Reaching safepoint: 754738 ns, Cleanup: 43866 ns, At safepoint: 137797 ns, Total: 936401 ns
[2025-10-13T23:48:14.350-0700][1201 ][info ][safepoint   ] Safepoint "Cleanup", Time since last: 1000104878 ns, Reaching safepoint: 694207 ns, Cleanup: 36675 ns, At safepoint: 130737 ns, Total: 861619 ns
[2025-10-13T23:48:15.853-0700][1201 ][info ][safepoint   ] Safepoint "Cleanup", Time since last: 1502052533 ns, Reaching safepoint: 658272 ns, Cleanup: 100361 ns, At safepoint: 318309 ns, Total: 1076942 ns
[2025-10-13T23:48:16.854-0700][1201 ][info ][safepoint   ] Safepoint "Cleanup", Time since last: 1000104157 ns, Reaching safepoint: 704051 ns, Cleanup: 64377 ns, At safepoint: 394224 ns, Total: 1162652 ns
[2025-10-13T23:48:17.857-0700][1201 ][info ][safepoint   ] Safepoint "Cleanup", Time since last: 1000106240 ns, Reaching safepoint: 1086367 ns, Cleanup: 41473 ns, At safepoint: 1237455 ns, Total: 2365295 ns
[2025-10-13T23:48:18.859-0700][1201 ][info ][safepoint   ] Safepoint "Cleanup", Time since last: 1000112860 ns, Reaching safepoint: 843701 ns, Cleanup: 22935 ns, At safepoint: 974067 ns, Total: 1840703 ns
[2025-10-13T23:48:19.002-0700][1201 ][info ][gc,start    ] GC(235) Pause Young (Normal) (G1 Evacuation Pause)
[2025-10-13T23:48:19.002-0700][1201 ][info ][gc,task     ] GC(235) Using 113 workers of 113 for evacuation
[2025-10-13T23:48:19.016-0700][1201 ][debug][gc,remset   ] GC(235) Visited cards 9671168 Total dirty 63373312 (15.26%) Total old 394526720 (2.45%)
[2025-10-13T23:48:19.181-0700][1201 ][info ][gc,phases   ] GC(235)   Pre Evacuate Collection Set: 0.7ms
[2025-10-13T23:48:19.181-0700][1201 ][info ][gc,phases   ] GC(235)   Merge Heap Roots: 12.8ms
[2025-10-13T23:48:19.182-0700][1201 ][info ][gc,phases   ] GC(235)   Evacuate Collection Set: 151.9ms
[2025-10-13T23:48:19.182-0700][1201 ][info ][gc,phases   ] GC(235)   Post Evacuate Collection Set: 13.5ms
[2025-10-13T23:48:19.182-0700][1201 ][info ][gc,phases   ] GC(235)   Other: 0.2ms
[2025-10-13T23:48:19.182-0700][1201 ][debug][gc,remset   ] GC(235) Coarsening (recent): Inline->AoC 29412 (2) AoC->Howl 185 (2) Howl->Full 0 (0) Inline->AoC 672 (0) AoC->BitMap 111 (1) BitMap->Full 0 (0) 
[2025-10-13T23:48:19.182-0700][1201 ][debug][gc,remset   ] GC(235) Coarsening (all): Inline->AoC 6056306 (164) AoC->Howl 93422 (494) Howl->Full 0 (0) Inline->AoC 392658 (162) AoC->BitMap 98235 (393) BitMap->Full 5 (0) 
[2025-10-13T23:48:19.182-0700][1201 ][info ][gc,heap     ] GC(235) Eden regions: 2235->0(3182)
[2025-10-13T23:48:19.182-0700][1201 ][info ][gc,heap     ] GC(235) Survivor regions: 238->183(310)
[2025-10-13T23:48:19.182-0700][1201 ][info ][gc,heap     ] GC(235) Old regions: 1064->1149
[2025-10-13T23:48:19.182-0700][1201 ][info ][gc,heap     ] GC(235) Humongous regions: 10->0
[2025-10-13T23:48:19.182-0700][1201 ][info ][gc,metaspace] GC(235) Metaspace: 319838K(325824K)->319838K(325824K) NonClass: 283293K(286464K)->283293K(286464K) Class: 36545K(39360K)->36545K(39360K)
[2025-10-13T23:48:19.182-0700][1201 ][info ][gc          ] GC(235) Pause Young (Normal) (G1 Evacuation Pause) 113492M->42589M(184320M) 179.234ms
[2025-10-13T23:48:19.183-0700][1201 ][info ][gc,cpu      ] GC(235) User=17.82s Sys=0.18s Real=0.18s
[2025-10-13T23:48:19.184-0700][1201 ][info ][safepoint   ] Safepoint "G1CollectForAllocation", Time since last: 141392973 ns, Reaching safepoint: 1010502 ns, Cleanup: 23155 ns, At safepoint: 182669521 ns, Total: 183703178 ns
[2025-10-13T23:48:20.185-0700][1201 ][info ][safepoint   ] Safepoint "Cleanup", Time since last: 1000079961 ns, Reaching safepoint: 874768 ns, Cleanup: 19709 ns, At safepoint: 194664 ns, Total: 1089141 ns
[2025-10-13T23:48:21.187-0700][1201 ][info ][safepoint   ] Safepoint "Cleanup", Time since last: 1000100081 ns, Reaching safepoint: 899415 ns, Cleanup: 15804 ns, At safepoint: 468185 ns, Total: 1383404 ns
[2025-10-13T23:48:22.202-0700][1201 ][info ][safepoint   ] Safepoint "Cleanup", Time since last: 1000108824 ns, Reaching safepoint: 12303170 ns, Cleanup: 30385 ns, At safepoint: 2809724 ns, Total: 15143279 ns
[2025-10-13T23:48:23.204-0700][1201 ][info ][safepoint   ] Safepoint "Cleanup", Time since last: 1000116906 ns, Reaching safepoint: 884273 ns, Cleanup: 35013 ns, At safepoint: 1092095 ns, Total: 2011381 ns
[2025-10-13T23:48:24.206-0700][1201 ][info ][safepoint   ] Safepoint "Cleanup", Time since last: 1000111058 ns, Reaching safepoint: 829339 ns, Cleanup: 22995 ns, At safepoint: 845935 ns, Total: 1698269 ns
[2025-10-13T23:48:25.942-0700][1201 ][info ][safepoint   ] Safepoint "Cleanup", Time since last: 1735271626 ns, Reaching safepoint: 711121 ns, Cleanup: 60792 ns, At safepoint: 209085 ns, Total: 980998 ns
[2025-10-13T23:48:26.943-0700][1201 ][info ][safepoint   ] Safepoint "Cleanup", Time since last: 1000103255 ns, Reaching safepoint: 905665 ns, Cleanup: 38688 ns, At safepoint: 278019 ns, Total: 1222372 ns
[2025-10-13T23:48:27.945-0700][1201 ][info ][safepoint   ] Safepoint "Cleanup", Time since last: 1000104908 ns, Reaching safepoint: 1028000 ns, Cleanup: 25428 ns, At safepoint: 383297 ns, Total: 1436725 ns
[2025-10-13T23:48:28.947-0700][1201 ][info ][safepoint   ] Safepoint "Cleanup", Time since last: 1000105019 ns, Reaching safepoint: 1053417 ns, Cleanup: 35954 ns, At safepoint: 706835 ns, Total: 1796206 ns
[2025-10-13T23:48:30.286-0700][1201 ][info ][gc,start    ] GC(236) Pause Young (Normal) (G1 Evacuation Pause)
[2025-10-13T23:48:30.286-0700][1201 ][info ][gc,task     ] GC(236) Using 113 workers of 113 for evacuation
[2025-10-13T23:48:30.300-0700][1201 ][debug][gc,remset   ] GC(236) Visited cards 9915136 Total dirty 68354048 (14.51%) Total old 518914048 (1.91%)
[2025-10-13T23:48:30.446-0700][1201 ][info ][gc,phases   ] GC(236)   Pre Evacuate Collection Set: 0.8ms
[2025-10-13T23:48:30.446-0700][1201 ][info ][gc,phases   ] GC(236)   Merge Heap Roots: 12.7ms
[2025-10-13T23:48:30.446-0700][1201 ][info ][gc,phases   ] GC(236)   Evacuate Collection Set: 130.6ms
[2025-10-13T23:48:30.446-0700][1201 ][info ][gc,phases   ] GC(236)   Post Evacuate Collection Set: 15.2ms
[2025-10-13T23:48:30.446-0700][1201 ][info ][gc,phases   ] GC(236)   Other: 0.2ms
[2025-10-13T23:48:30.446-0700][1201 ][debug][gc,remset   ] GC(236) Coarsening (recent): Inline->AoC 40955 (0) AoC->Howl 168 (0) Howl->Full 0 (0) Inline->AoC 593 (0) AoC->BitMap 91 (0) BitMap->Full 0 (0) 
[2025-10-13T23:48:30.446-0700][1201 ][debug][gc,remset   ] GC(236) Coarsening (all): Inline->AoC 6097261 (164) AoC->Howl 93590 (494) Howl->Full 0 (0) Inline->AoC 393251 (162) AoC->BitMap 98326 (393) BitMap->Full 5 (0) 
[2025-10-13T23:48:30.446-0700][1201 ][info ][gc,heap     ] GC(236) Eden regions: 3189->0(2825)
[2025-10-13T23:48:30.446-0700][1201 ][info ][gc,heap     ] GC(236) Survivor regions: 183->220(422)
[2025-10-13T23:48:30.446-0700][1201 ][info ][gc,heap     ] GC(236) Old regions: 1149->1149
[2025-10-13T23:48:30.446-0700][1201 ][info ][gc,heap     ] GC(236) Humongous regions: 25->0
[2025-10-13T23:48:30.446-0700][1201 ][info ][gc,metaspace] GC(236) Metaspace: 320279K(326272K)->320279K(326272K) NonClass: 283724K(286912K)->283724K(286912K) Class: 36554K(39360K)->36554K(39360K)
[2025-10-13T23:48:30.446-0700][1201 ][info ][gc          ] GC(236) Pause Young (Normal) (G1 Evacuation Pause) 145437M->43793M(184320M) 159.657ms
[2025-10-13T23:48:30.447-0700][1201 ][info ][gc,cpu      ] GC(236) User=15.38s Sys=0.37s Real=0.16s
[2025-10-13T23:48:30.448-0700][1201 ][info ][safepoint   ] Safepoint "G1CollectForAllocation", Time since last: 1328053848 ns, Reaching safepoint: 10281213 ns, Cleanup: 11948 ns, At safepoint: 163023296 ns, Total: 173316457 ns
[2025-10-13T23:48:31.450-0700][1201 ][info ][safepoint   ] Safepoint "Cleanup", Time since last: 1000091398 ns, Reaching safepoint: 808468 ns, Cleanup: 30396 ns, At safepoint: 615888 ns, Total: 1454752 ns
[2025-10-13T23:48:32.451-0700][1201 ][info ][safepoint   ] Safepoint "Cleanup", Time since last: 1000114352 ns, Reaching safepoint: 651462 ns, Cleanup: 20350 ns, At safepoint: 181274 ns, Total: 853086 ns
[2025-10-13T23:48:33.452-0700][1201 ][info ][safepoint   ] Safepoint "Cleanup", Time since last: 1000098708 ns, Reaching safepoint: 737772 ns, Cleanup: 10456 ns, At safepoint: 238950 ns, Total: 987178 ns
[2025-10-13T23:48:35.188-0700][1201 ][info ][safepoint   ] Safepoint "Cleanup", Time since last: 1735379338 ns, Reaching safepoint: 747967 ns, Cleanup: 17106 ns, At safepoint: 327053 ns, Total: 1092126 ns
[2025-10-13T23:48:36.189-0700][1201 ][info ][safepoint   ] Safepoint "Cleanup", Time since last: 1000107272 ns, Reaching safepoint: 732363 ns, Cleanup: 10256 ns, At safepoint: 266591 ns, Total: 1009210 ns
[2025-10-13T23:48:37.309-0700][1201 ][debug][gc,jni      ] Setting _needs_gc. Thread "VM Thread" 1 locked.
[2025-10-13T23:48:37.310-0700][2201 ][debug][gc,jni      ] Performing GC after exiting critical section. Thread "http-worker-1115" 0 locked.
[2025-10-13T23:48:37.310-0700][1201 ][info ][safepoint   ] Safepoint "G1CollectForAllocation", Time since last: 1119326170 ns, Reaching safepoint: 756851 ns, Cleanup: 4346 ns, At safepoint: 276086 ns, Total: 1037283 ns
[2025-10-13T23:48:37.310-0700][8872 ][debug][gc,jni      ] Allocation failed. Thread stalled by JNI critical section. Thread "event-loop-epoll-87" 0 locked.
[2025-10-13T23:48:37.311-0700][1201 ][info ][gc,start    ] GC(237) Pause Young (Normal) (GCLocker Initiated GC)
[2025-10-13T23:48:37.311-0700][1201 ][info ][gc,task     ] GC(237) Using 113 workers of 113 for evacuation
[2025-10-13T23:48:37.325-0700][1201 ][debug][gc,remset   ] GC(237) Visited cards 9936128 Total dirty 68222976 (14.56%) Total old 483328000 (2.06%)
[2025-10-13T23:48:37.519-0700][1201 ][info ][gc,mmu      ] GC(237) MMU target violated: 201.0ms (200.0ms/201.0ms)
[2025-10-13T23:48:37.519-0700][1201 ][info ][gc,phases   ] GC(237)   Pre Evacuate Collection Set: 0.8ms
[2025-10-13T23:48:37.519-0700][1201 ][info ][gc,phases   ] GC(237)   Merge Heap Roots: 12.5ms
[2025-10-13T23:48:37.519-0700][1201 ][info ][gc,phases   ] GC(237)   Evacuate Collection Set: 179.9ms
[2025-10-13T23:48:37.519-0700][1201 ][info ][gc,phases   ] GC(237)   Post Evacuate Collection Set: 14.3ms
[2025-10-13T23:48:37.519-0700][1201 ][info ][gc,phases   ] GC(237)   Other: 0.2ms
[2025-10-13T23:48:37.519-0700][1201 ][debug][gc,remset   ] GC(237) Coarsening (recent): Inline->AoC 36657 (1) AoC->Howl 98 (5) Howl->Full 0 (0) Inline->AoC 423 (0) AoC->BitMap 48 (4) BitMap->Full 0 (0) 
[2025-10-13T23:48:37.519-0700][1201 ][debug][gc,remset   ] GC(237) Coarsening (all): Inline->AoC 6133918 (165) AoC->Howl 93688 (499) Howl->Full 0 (0) Inline->AoC 393674 (162) AoC->BitMap 98374 (397) BitMap->Full 5 (0) 
[2025-10-13T23:48:37.519-0700][1201 ][info ][gc,heap     ] GC(237) Eden regions: 2888->0(2144)
[2025-10-13T23:48:37.519-0700][1201 ][info ][gc,heap     ] GC(237) Survivor regions: 220->238(389)
[2025-10-13T23:48:37.519-0700][1201 ][info ][gc,heap     ] GC(237) Old regions: 1149->1204
[2025-10-13T23:48:37.519-0700][1201 ][info ][gc,heap     ] GC(237) Humongous regions: 10->1
[2025-10-13T23:48:37.519-0700][1201 ][info ][gc,metaspace] GC(237) Metaspace: 320302K(326272K)->320302K(326272K) NonClass: 283743K(286912K)->283743K(286912K) Class: 36558K(39360K)->36558K(39360K)
[2025-10-13T23:48:37.519-0700][1201 ][info ][gc          ] GC(237) Pause Young (Normal) (GCLocker Initiated GC) 136529M->46144M(184320M) 207.769ms
[2025-10-13T23:48:37.520-0700][1201 ][info ][gc,cpu      ] GC(237) User=19.77s Sys=0.29s Real=0.21s
[2025-10-13T23:48:37.521-0700][1201 ][info ][safepoint   ] Safepoint "G1CollectForAllocation", Time since last: 48894 ns, Reaching safepoint: 378110 ns, Cleanup: 1382 ns, At safepoint: 211333885 ns, Total: 211713377 ns
[2025-10-13T23:48:38.523-0700][1201 ][info ][safepoint   ] Safepoint "Cleanup", Time since last: 1000084757 ns, Reaching safepoint: 1305958 ns, Cleanup: 10747 ns, At safepoint: 224027 ns, Total: 1540732 ns
[2025-10-13T23:48:39.541-0700][1201 ][info ][safepoint   ] Safepoint "Cleanup", Time since last: 1000103236 ns, Reaching safepoint: 15382860 ns, Cleanup: 20360 ns, At safepoint: 2419436 ns, Total: 17822656 ns
[2025-10-13T23:48:41.543-0700][1201 ][info ][safepoint   ] Safepoint "Cleanup", Time since last: 2000178719 ns, Reaching safepoint: 768238 ns, Cleanup: 17627 ns, At safepoint: 1035220 ns, Total: 1821085 ns
[2025-10-13T23:48:42.565-0700][1201 ][info ][safepoint   ] Safepoint "Cleanup", Time since last: 1000112459 ns, Reaching safepoint: 18898979 ns, Cleanup: 14061 ns, At safepoint: 2492636 ns, Total: 21405676 ns
[2025-10-13T23:48:44.085-0700][1201 ][info ][gc,start    ] GC(238) Pause Young (Normal) (G1 Evacuation Pause)
[2025-10-13T23:48:44.085-0700][1201 ][info ][gc,task     ] GC(238) Using 113 workers of 113 for evacuation
[2025-10-13T23:48:44.098-0700][1201 ][debug][gc,remset   ] GC(238) Visited cards 10278400 Total dirty 71630848 (14.35%) Total old 398589952 (2.58%)
[2025-10-13T23:48:44.259-0700][1201 ][info ][gc,phases   ] GC(238)   Pre Evacuate Collection Set: 0.7ms
[2025-10-13T23:48:44.259-0700][1201 ][info ][gc,phases   ] GC(238)   Merge Heap Roots: 12.6ms
[2025-10-13T23:48:44.259-0700][1201 ][info ][gc,phases   ] GC(238)   Evacuate Collection Set: 147.2ms
[2025-10-13T23:48:44.259-0700][1201 ][info ][gc,phases   ] GC(238)   Post Evacuate Collection Set: 13.4ms
[2025-10-13T23:48:44.259-0700][1201 ][info ][gc,phases   ] GC(238)   Other: 0.1ms
[2025-10-13T23:48:44.259-0700][1201 ][debug][gc,remset   ] GC(238) Coarsening (recent): Inline->AoC 36246 (0) AoC->Howl 164 (0) Howl->Full 0 (0) Inline->AoC 532 (0) AoC->BitMap 108 (0) BitMap->Full 0 (0) 
[2025-10-13T23:48:44.259-0700][1201 ][debug][gc,remset   ] GC(238) Coarsening (all): Inline->AoC 6170164 (165) AoC->Howl 93852 (499) Howl->Full 0 (0) Inline->AoC 394206 (162) AoC->BitMap 98482 (397) BitMap->Full 5 (0) 
[2025-10-13T23:48:44.259-0700][1201 ][info ][gc,heap     ] GC(238) Eden regions: 2193->0(3288)
[2025-10-13T23:48:44.259-0700][1201 ][info ][gc,heap     ] GC(238) Survivor regions: 238->168(304)
[2025-10-13T23:48:44.259-0700][1201 ][info ][gc,heap     ] GC(238) Old regions: 1204->1283
[2025-10-13T23:48:44.259-0700][1201 ][info ][gc,heap     ] GC(238) Humongous regions: 16->0
[2025-10-13T23:48:44.259-0700][1201 ][info ][gc,metaspace] GC(238) Metaspace: 320328K(326336K)->320328K(326336K) NonClass: 283767K(286976K)->283767K(286976K) Class: 36561K(39360K)->36561K(39360K)
[2025-10-13T23:48:44.259-0700][1201 ][info ][gc          ] GC(238) Pause Young (Normal) (G1 Evacuation Pause) 116800M->46391M(184320M) 174.222ms
[2025-10-13T23:48:44.260-0700][1201 ][info ][gc,cpu      ] GC(238) User=15.86s Sys=0.27s Real=0.18s
[2025-10-13T23:48:44.262-0700][1201 ][info ][safepoint   ] Safepoint "G1CollectForAllocation", Time since last: 1518654660 ns, Reaching safepoint: 708818 ns, Cleanup: 13871 ns, At safepoint: 177670779 ns, Total: 178393468 ns
[2025-10-13T23:48:45.262-0700][1201 ][info ][safepoint   ] Safepoint "Cleanup", Time since last: 1000081232 ns, Reaching safepoint: 722378 ns, Cleanup: 14903 ns, At safepoint: 90857 ns, Total: 828138 ns
[2025-10-13T23:48:46.263-0700][1201 ][info ][safepoint   ] Safepoint "Cleanup", Time since last: 1000098899 ns, Reaching safepoint: 653795 ns, Cleanup: 11728 ns, At safepoint: 87552 ns, Total: 753075 ns
[2025-10-13T23:48:48.265-0700][1201 ][info ][safepoint   ] Safepoint "Cleanup", Time since last: 2000210166 ns, Reaching safepoint: 1506290 ns, Cleanup: 10946 ns, At safepoint: 122275 ns, Total: 1639511 ns
[2025-10-13T23:48:49.266-0700][1201 ][info ][safepoint   ] Safepoint "Cleanup", Time since last: 1000063696 ns, Reaching safepoint: 737160 ns, Cleanup: 10827 ns, At safepoint: 297488 ns, Total: 1045475 ns
[2025-10-13T23:48:52.267-0700][1201 ][info ][safepoint   ] Safepoint "Cleanup", Time since last: 3000225149 ns, Reaching safepoint: 722829 ns, Cleanup: 11357 ns, At safepoint: 148334 ns, Total: 882520 ns
[2025-10-13T23:48:53.268-0700][1201 ][info ][safepoint   ] Safepoint "Cleanup", Time since last: 1000105699 ns, Reaching safepoint: 729319 ns, Cleanup: 11357 ns, At safepoint: 107933 ns, Total: 848609 ns
[2025-10-13T23:48:55.270-0700][1201 ][info ][safepoint   ] Safepoint "Cleanup", Time since last: 2000155124 ns, Reaching safepoint: 869119 ns, Cleanup: 19830 ns, At safepoint: 116646 ns, Total: 1005595 ns
[2025-10-13T23:48:56.271-0700][1201 ][info ][safepoint   ] Safepoint "Cleanup", Time since last: 1000101262 ns, Reaching safepoint: 909090 ns, Cleanup: 10566 ns, At safepoint: 375897 ns, Total: 1295553 ns
[2025-10-13T23:48:57.273-0700][1201 ][info ][safepoint   ] Safepoint "Cleanup", Time since last: 1000107251 ns, Reaching safepoint: 1277345 ns, Cleanup: 11037 ns, At safepoint: 633094 ns, Total: 1921476 ns
[2025-10-13T23:48:58.796-0700][1201 ][info ][gc,start    ] GC(239) Pause Young (Normal) (G1 Evacuation Pause)
[2025-10-13T23:48:58.796-0700][1201 ][info ][gc,task     ] GC(239) Using 113 workers of 113 for evacuation
[2025-10-13T23:48:58.810-0700][1201 ][debug][gc,remset   ] GC(239) Visited cards 10150912 Total dirty 77398016 (13.12%) Total old 538705920 (1.88%)
[2025-10-13T23:48:58.972-0700][1201 ][info ][gc,phases   ] GC(239)   Pre Evacuate Collection Set: 0.7ms
[2025-10-13T23:48:58.972-0700][1201 ][info ][gc,phases   ] GC(239)   Merge Heap Roots: 12.9ms
[2025-10-13T23:48:58.972-0700][1201 ][info ][gc,phases   ] GC(239)   Evacuate Collection Set: 147.5ms
[2025-10-13T23:48:58.972-0700][1201 ][info ][gc,phases   ] GC(239)   Post Evacuate Collection Set: 14.6ms
[2025-10-13T23:48:58.972-0700][1201 ][info ][gc,phases   ] GC(239)   Other: 0.2ms
[2025-10-13T23:48:58.972-0700][1201 ][debug][gc,remset   ] GC(239) Coarsening (recent): Inline->AoC 58608 (0) AoC->Howl 162 (0) Howl->Full 0 (0) Inline->AoC 477 (0) AoC->BitMap 109 (0) BitMap->Full 0 (0) 
[2025-10-13T23:48:58.972-0700][1201 ][debug][gc,remset   ] GC(239) Coarsening (all): Inline->AoC 6228772 (165) AoC->Howl 94014 (499) Howl->Full 0 (0) Inline->AoC 394683 (162) AoC->BitMap 98591 (397) BitMap->Full 5 (0) 
[2025-10-13T23:48:58.972-0700][1201 ][info ][gc,heap     ] GC(239) Eden regions: 3288->0(2553)
[2025-10-13T23:48:58.972-0700][1201 ][info ][gc,heap     ] GC(239) Survivor regions: 168->234(432)
[2025-10-13T23:48:58.972-0700][1201 ][info ][gc,heap     ] GC(239) Old regions: 1283->1283
[2025-10-13T23:48:58.972-0700][1201 ][info ][gc,heap     ] GC(239) Humongous regions: 25->0
[2025-10-13T23:48:58.972-0700][1201 ][info ][gc,metaspace] GC(239) Metaspace: 320336K(326336K)->320336K(326336K) NonClass: 283774K(286976K)->283774K(286976K) Class: 36561K(39360K)->36561K(39360K)
[2025-10-13T23:48:58.972-0700][1201 ][info ][gc          ] GC(239) Pause Young (Normal) (G1 Evacuation Pause) 152407M->48501M(184320M) 175.996ms
[2025-10-13T23:48:58.973-0700][1201 ][info ][gc,cpu      ] GC(239) User=16.71s Sys=0.37s Real=0.18s
[2025-10-13T23:48:58.975-0700][1201 ][info ][safepoint   ] Safepoint "G1CollectForAllocation", Time since last: 1521258414 ns, Reaching safepoint: 850191 ns, Cleanup: 17025 ns, At safepoint: 179526936 ns, Total: 180394152 ns
[2025-10-13T23:48:59.976-0700][1201 ][info ][safepoint   ] Safepoint "Cleanup", Time since last: 1000087001 ns, Reaching safepoint: 734617 ns, Cleanup: 17216 ns, At safepoint: 201974 ns, Total: 953807 ns
[2025-10-13T23:49:00.977-0700][1201 ][info ][safepoint   ] Safepoint "Cleanup", Time since last: 1000103496 ns, Reaching safepoint: 738353 ns, Cleanup: 12779 ns, At safepoint: 170737 ns, Total: 921869 ns
[2025-10-13T23:49:03.979-0700][1201 ][info ][safepoint   ] Safepoint "Cleanup", Time since last: 3000222465 ns, Reaching safepoint: 1567162 ns, Cleanup: 12178 ns, At safepoint: 97767 ns, Total: 1677107 ns
[2025-10-13T23:49:06.980-0700][1201 ][info ][safepoint   ] Safepoint "Cleanup", Time since last: 3000203928 ns, Reaching safepoint: 753916 ns, Cleanup: 16805 ns, At safepoint: 189185 ns, Total: 959906 ns
[2025-10-13T23:49:07.982-0700][1201 ][info ][safepoint   ] Safepoint "Cleanup", Time since last: 1000108323 ns, Reaching safepoint: 1128270 ns, Cleanup: 19600 ns, At safepoint: 842870 ns, Total: 1990740 ns
[2025-10-13T23:49:09.189-0700][1201 ][info ][gc,start    ] GC(240) Pause Young (Normal) (G1 Evacuation Pause)
[2025-10-13T23:49:09.189-0700][1201 ][info ][gc,task     ] GC(240) Using 113 workers of 113 for evacuation
[2025-10-13T23:49:09.203-0700][1201 ][debug][gc,remset   ] GC(240) Visited cards 10188544 Total dirty 77463552 (13.15%) Total old 474284032 (2.15%)
[2025-10-13T23:49:09.371-0700][1201 ][info ][gc,phases   ] GC(240)   Pre Evacuate Collection Set: 0.7ms
[2025-10-13T23:49:09.371-0700][1201 ][info ][gc,phases   ] GC(240)   Merge Heap Roots: 12.5ms
[2025-10-13T23:49:09.371-0700][1201 ][info ][gc,phases   ] GC(240)   Evacuate Collection Set: 154.6ms
[2025-10-13T23:49:09.371-0700][1201 ][info ][gc,phases   ] GC(240)   Post Evacuate Collection Set: 14.2ms
[2025-10-13T23:49:09.371-0700][1201 ][info ][gc,phases   ] GC(240)   Other: 0.2ms
[2025-10-13T23:49:09.371-0700][1201 ][debug][gc,remset   ] GC(240) Coarsening (recent): Inline->AoC 28818 (0) AoC->Howl 73 (1) Howl->Full 0 (0) Inline->AoC 303 (0) AoC->BitMap 24 (1) BitMap->Full 0 (0) 
[2025-10-13T23:49:09.371-0700][1201 ][debug][gc,remset   ] GC(240) Coarsening (all): Inline->AoC 6257590 (165) AoC->Howl 94087 (500) Howl->Full 0 (0) Inline->AoC 394986 (162) AoC->BitMap 98615 (398) BitMap->Full 5 (0) 
[2025-10-13T23:49:09.371-0700][1201 ][info ][gc,heap     ] GC(240) Eden regions: 2735->0(3246)
[2025-10-13T23:49:09.371-0700][1201 ][info ][gc,heap     ] GC(240) Survivor regions: 234->210(372)
[2025-10-13T23:49:09.371-0700][1201 ][info ][gc,heap     ] GC(240) Old regions: 1283->1328
[2025-10-13T23:49:09.371-0700][1201 ][info ][gc,heap     ] GC(240) Humongous regions: 16->0
[2025-10-13T23:49:09.371-0700][1201 ][info ][gc,metaspace] GC(240) Metaspace: 320339K(326336K)->320339K(326336K) NonClass: 283777K(286976K)->283777K(286976K) Class: 36561K(39360K)->36561K(39360K)
[2025-10-13T23:49:09.372-0700][1201 ][info ][gc          ] GC(240) Pause Young (Normal) (G1 Evacuation Pause) 136533M->49211M(184320M) 182.370ms
[2025-10-13T23:49:09.373-0700][1201 ][info ][gc,cpu      ] GC(240) User=17.02s Sys=0.19s Real=0.18s
[2025-10-13T23:49:09.374-0700][1201 ][info ][safepoint   ] Safepoint "G1CollectForAllocation", Time since last: 1205073731 ns, Reaching safepoint: 1007539 ns, Cleanup: 6630 ns, At safepoint: 186170576 ns, Total: 187184745 ns
[2025-10-13T23:49:09.531-0700][1201 ][info ][gc,start    ] GC(241) Pause Young (Concurrent Start) (G1 Humongous Allocation)
[2025-10-13T23:49:09.531-0700][1201 ][info ][gc,task     ] GC(241) Using 113 workers of 113 for evacuation
[2025-10-13T23:49:09.542-0700][1201 ][debug][gc,remset   ] GC(241) Visited cards 9985792 Total dirty 79429632 (12.57%) Total old 128057344 (7.80%)
[2025-10-13T23:49:09.680-0700][1201 ][info ][gc,phases   ] GC(241)   Pre Evacuate Collection Set: 0.9ms
[2025-10-13T23:49:09.680-0700][1201 ][info ][gc,phases   ] GC(241)   Merge Heap Roots: 9.8ms
[2025-10-13T23:49:09.680-0700][1201 ][info ][gc,phases   ] GC(241)   Evacuate Collection Set: 128.1ms
[2025-10-13T23:49:09.680-0700][1201 ][info ][gc,phases   ] GC(241)   Post Evacuate Collection Set: 10.3ms
[2025-10-13T23:49:09.680-0700][1201 ][info ][gc,phases   ] GC(241)   Other: 0.1ms
[2025-10-13T23:49:09.680-0700][1201 ][debug][gc,remset   ] GC(241) Coarsening (recent): Inline->AoC 39 (0) AoC->Howl 0 (0) Howl->Full 0 (0) Inline->AoC 0 (0) AoC->BitMap 0 (0) BitMap->Full 0 (0) 
[2025-10-13T23:49:09.680-0700][1201 ][debug][gc,remset   ] GC(241) Coarsening (all): Inline->AoC 6257629 (165) AoC->Howl 94087 (500) Howl->Full 0 (0) Inline->AoC 394986 (162) AoC->BitMap 98615 (398) BitMap->Full 5 (0) 
[2025-10-13T23:49:09.680-0700][1201 ][info ][gc,heap     ] GC(241) Eden regions: 103->0(980)
[2025-10-13T23:49:09.681-0700][1201 ][info ][gc,heap     ] GC(241) Survivor regions: 210->209(432)
[2025-10-13T23:49:09.681-0700][1201 ][info ][gc,heap     ] GC(241) Old regions: 1328->1328
[2025-10-13T23:49:09.681-0700][1201 ][info ][gc,heap     ] GC(241) Humongous regions: 0->0
[2025-10-13T23:49:09.681-0700][1201 ][info ][gc,metaspace] GC(241) Metaspace: 320339K(326336K)->320339K(326336K) NonClass: 283777K(286976K)->283777K(286976K) Class: 36561K(39360K)->36561K(39360K)
[2025-10-13T23:49:09.681-0700][1201 ][info ][gc          ] GC(241) Pause Young (Concurrent Start) (G1 Humongous Allocation) 52498M->49184M(184320M) 149.496ms
[2025-10-13T23:49:09.681-0700][1084 ][info ][gc          ] GC(242) Concurrent Mark Cycle
[2025-10-13T23:49:09.681-0700][1084 ][info ][gc,marking  ] GC(242) Concurrent Scan Root Regions
[2025-10-13T23:49:09.682-0700][1201 ][info ][gc,cpu      ] GC(241) User=12.60s Sys=0.01s Real=0.15s
[2025-10-13T23:49:09.684-0700][1201 ][info ][safepoint   ] Safepoint "G1TryInitiateConcMark", Time since last: 154880367 ns, Reaching safepoint: 894497 ns, Cleanup: 5258 ns, At safepoint: 153984186 ns, Total: 154883941 ns
[2025-10-13T23:49:09.776-0700][1084 ][info ][gc,marking  ] GC(242) Concurrent Scan Root Regions 95.398ms
[2025-10-13T23:49:09.776-0700][1084 ][info ][gc,marking  ] GC(242) Concurrent Mark
[2025-10-13T23:49:09.776-0700][1084 ][info ][gc,marking  ] GC(242) Concurrent Mark From Roots
[2025-10-13T23:49:09.776-0700][1084 ][info ][gc,task     ] GC(242) Using 36 workers of 36 for marking
[2025-10-13T23:49:10.036-0700][1084 ][info ][gc,marking  ] GC(242) Concurrent Mark From Roots 259.493ms
[2025-10-13T23:49:10.036-0700][1084 ][info ][gc,marking  ] GC(242) Concurrent Preclean
[2025-10-13T23:49:10.080-0700][1084 ][info ][gc,marking  ] GC(242) Concurrent Preclean 43.970ms
[2025-10-13T23:49:10.082-0700][1201 ][info ][gc,start    ] GC(242) Pause Remark
[2025-10-13T23:49:10.369-0700][1201 ][info ][gc,mmu      ] GC(242) MMU target violated: 201.0ms (200.0ms/201.0ms)
[2025-10-13T23:49:10.369-0700][1201 ][info ][gc          ] GC(242) Pause Remark 55794M->54770M(184320M) 287.441ms
[2025-10-13T23:49:10.371-0700][1201 ][info ][gc,cpu      ] GC(242) User=11.66s Sys=0.18s Real=0.29s
[2025-10-13T23:49:10.372-0700][1201 ][info ][safepoint   ] Safepoint "G1PauseRemark", Time since last: 396144953 ns, Reaching safepoint: 846075 ns, Cleanup: 4787 ns, At safepoint: 291286003 ns, Total: 292136865 ns
[2025-10-13T23:49:10.372-0700][1084 ][info ][gc,marking  ] GC(242) Concurrent Mark 595.888ms
[2025-10-13T23:49:10.372-0700][1084 ][info ][gc,marking  ] GC(242) Concurrent Rebuild Remembered Sets and Scrub Regions
[2025-10-13T23:49:10.911-0700][1084 ][info ][gc,marking  ] GC(242) Concurrent Rebuild Remembered Sets and Scrub Regions 538.577ms
[2025-10-13T23:49:10.914-0700][1201 ][info ][gc,start    ] GC(242) Pause Cleanup
[2025-10-13T23:49:10.916-0700][1201 ][info ][gc          ] GC(242) Pause Cleanup 64543M->64543M(184320M) 2.294ms
[2025-10-13T23:49:10.917-0700][1201 ][info ][gc,cpu      ] GC(242) User=0.01s Sys=0.00s Real=0.00s
[2025-10-13T23:49:10.918-0700][1201 ][info ][safepoint   ] Safepoint "G1PauseCleanup", Time since last: 538941030 ns, Reaching safepoint: 1377405 ns, Cleanup: 66160 ns, At safepoint: 5839099 ns, Total: 7282664 ns
[2025-10-13T23:49:10.918-0700][1084 ][info ][gc,marking  ] GC(242) Concurrent Clear Claimed Marks
[2025-10-13T23:49:10.920-0700][1084 ][info ][gc,marking  ] GC(242) Concurrent Clear Claimed Marks 1.269ms
[2025-10-13T23:49:10.920-0700][1084 ][info ][gc,marking  ] GC(242) Concurrent Cleanup for Next Mark
[2025-10-13T23:49:10.958-0700][1084 ][info ][gc,marking  ] GC(242) Concurrent Cleanup for Next Mark 38.606ms
[2025-10-13T23:49:10.958-0700][1084 ][info ][gc          ] GC(242) Concurrent Mark Cycle 1277.495ms
[2025-10-13T23:49:11.611-0700][1201 ][info ][gc,start    ] GC(243) Pause Young (Prepare Mixed) (G1 Evacuation Pause)
[2025-10-13T23:49:11.611-0700][1201 ][info ][gc,task     ] GC(243) Using 113 workers of 113 for evacuation
[2025-10-13T23:49:11.624-0700][1201 ][debug][gc,remset   ] GC(243) Visited cards 10431232 Total dirty 78970880 (13.21%) Total old 226689024 (4.60%)
[2025-10-13T23:49:11.774-0700][1201 ][info ][gc,phases   ] GC(243)   Pre Evacuate Collection Set: 0.7ms
[2025-10-13T23:49:11.774-0700][1201 ][info ][gc,phases   ] GC(243)   Merge Heap Roots: 12.1ms
[2025-10-13T23:49:11.774-0700][1201 ][info ][gc,phases   ] GC(243)   Evacuate Collection Set: 130.8ms
[2025-10-13T23:49:11.774-0700][1201 ][info ][gc,phases   ] GC(243)   Post Evacuate Collection Set: 19.2ms
[2025-10-13T23:49:11.774-0700][1201 ][info ][gc,phases   ] GC(243)   Other: 0.1ms
[2025-10-13T23:49:11.774-0700][1201 ][debug][gc,remset   ] GC(243) Coarsening (recent): Inline->AoC 158785 (9) AoC->Howl 5944 (2) Howl->Full 0 (0) Inline->AoC 24673 (1) AoC->BitMap 6850 (2) BitMap->Full 0 (0) 
[2025-10-13T23:49:11.774-0700][1201 ][debug][gc,remset   ] GC(243) Coarsening (all): Inline->AoC 6416414 (174) AoC->Howl 100031 (502) Howl->Full 0 (0) Inline->AoC 419659 (163) AoC->BitMap 105465 (400) BitMap->Full 5 (0) 
[2025-10-13T23:49:11.774-0700][1201 ][info ][gc,heap     ] GC(243) Eden regions: 868->0(2118)
[2025-10-13T23:49:11.774-0700][1201 ][info ][gc,heap     ] GC(243) Survivor regions: 209->64(135)
[2025-10-13T23:49:11.774-0700][1201 ][info ][gc,heap     ] GC(243) Old regions: 1296->1454
[2025-10-13T23:49:11.774-0700][1201 ][info ][gc,heap     ] GC(243) Humongous regions: 9->1
[2025-10-13T23:49:11.774-0700][1201 ][info ][gc,metaspace] GC(243) Metaspace: 320191K(326336K)->320191K(326336K) NonClass: 283656K(286976K)->283656K(286976K) Class: 36534K(39360K)->36534K(39360K)
[2025-10-13T23:49:11.774-0700][1201 ][info ][gc          ] GC(243) Pause Young (Prepare Mixed) (G1 Evacuation Pause) 76224M->48604M(184320M) 163.141ms
[2025-10-13T23:49:11.775-0700][1201 ][info ][gc,cpu      ] GC(243) User=15.18s Sys=0.02s Real=0.16s
[2025-10-13T23:49:11.777-0700][1201 ][info ][safepoint   ] Safepoint "G1CollectForAllocation", Time since last: 690736667 ns, Reaching safepoint: 857392 ns, Cleanup: 6650 ns, At safepoint: 166991556 ns, Total: 167855598 ns
[2025-10-13T23:49:12.778-0700][1201 ][info ][safepoint   ] Safepoint "Cleanup", Time since last: 1000085919 ns, Reaching safepoint: 1212808 ns, Cleanup: 10306 ns, At safepoint: 136165 ns, Total: 1359279 ns
[2025-10-13T23:49:14.779-0700][1201 ][info ][safepoint   ] Safepoint "Cleanup", Time since last: 2000155364 ns, Reaching safepoint: 726194 ns, Cleanup: 19029 ns, At safepoint: 102184 ns, Total: 847407 ns
[2025-10-13T23:49:19.160-0700][1201 ][info ][gc,start    ] GC(244) Pause Young (Mixed) (G1 Evacuation Pause)
[2025-10-13T23:49:19.160-0700][1201 ][info ][gc,task     ] GC(244) Using 113 workers of 113 for evacuation
[2025-10-13T23:49:19.175-0700][1201 ][debug][gc,remset   ] GC(244) Visited cards 11886592 Total dirty 83623936 (14.21%) Total old 420216832 (2.83%)
[2025-10-13T23:49:19.268-0700][1201 ][info ][gc,phases   ] GC(244)   Pre Evacuate Collection Set: 0.8ms
[2025-10-13T23:49:19.268-0700][1201 ][info ][gc,phases   ] GC(244)   Merge Heap Roots: 14.2ms
[2025-10-13T23:49:19.268-0700][1201 ][info ][gc,phases   ] GC(244)   Evacuate Collection Set: 81.7ms
[2025-10-13T23:49:19.268-0700][1201 ][info ][gc,phases   ] GC(244)   Post Evacuate Collection Set: 11.3ms
[2025-10-13T23:49:19.268-0700][1201 ][info ][gc,phases   ] GC(244)   Other: 0.2ms
[2025-10-13T23:49:19.268-0700][1201 ][debug][gc,remset   ] GC(244) Coarsening (recent): Inline->AoC 39427 (92) AoC->Howl 2188 (634) Howl->Full 0 (0) Inline->AoC 3567 (299) AoC->BitMap 2232 (644) BitMap->Full 0 (0) 
[2025-10-13T23:49:19.268-0700][1201 ][debug][gc,remset   ] GC(244) Coarsening (all): Inline->AoC 6455841 (266) AoC->Howl 102219 (1136) Howl->Full 0 (0) Inline->AoC 423226 (462) AoC->BitMap 107697 (1044) BitMap->Full 5 (0) 
[2025-10-13T23:49:19.268-0700][1201 ][info ][gc,heap     ] GC(244) Eden regions: 2359->0(2180)
[2025-10-13T23:49:19.268-0700][1201 ][info ][gc,heap     ] GC(244) Survivor regions: 64->87(303)
[2025-10-13T23:49:19.268-0700][1201 ][info ][gc,heap     ] GC(244) Old regions: 1454->1380
[2025-10-13T23:49:19.268-0700][1201 ][info ][gc,heap     ] GC(244) Humongous regions: 16->0
[2025-10-13T23:49:19.268-0700][1201 ][info ][gc,metaspace] GC(244) Metaspace: 320234K(326336K)->320234K(326336K) NonClass: 283696K(286976K)->283696K(286976K) Class: 36538K(39360K)->36538K(39360K)
[2025-10-13T23:49:19.268-0700][1201 ][info ][gc          ] GC(244) Pause Young (Mixed) (G1 Evacuation Pause) 124572M->46935M(184320M) 108.394ms
[2025-10-13T23:49:19.269-0700][1201 ][info ][gc,cpu      ] GC(244) User=9.06s Sys=0.04s Real=0.11s
[2025-10-13T23:49:19.271-0700][1201 ][info ][safepoint   ] Safepoint "G1CollectForAllocation", Time since last: 4378304357 ns, Reaching safepoint: 836741 ns, Cleanup: 7130 ns, At safepoint: 112174283 ns, Total: 113018154 ns
[2025-10-13T23:49:21.272-0700][1201 ][info ][safepoint   ] Safepoint "Cleanup", Time since last: 2000152239 ns, Reaching safepoint: 816660 ns, Cleanup: 11187 ns, At safepoint: 473093 ns, Total: 1300940 ns
[2025-10-13T23:49:23.288-0700][1201 ][info ][safepoint   ] Safepoint "Cleanup", Time since last: 2000154792 ns, Reaching safepoint: 13589869 ns, Cleanup: 19990 ns, At safepoint: 2458004 ns, Total: 16067863 ns
[2025-10-13T23:49:24.196-0700][1201 ][info ][gc,start    ] GC(245) Pause Young (Mixed) (G1 Evacuation Pause)
[2025-10-13T23:49:24.196-0700][1201 ][info ][gc,task     ] GC(245) Using 113 workers of 113 for evacuation
[2025-10-13T23:49:24.210-0700][1201 ][debug][gc,remset   ] GC(245) Visited cards 11985152 Total dirty 80609280 (14.87%) Total old 430964736 (2.78%)
[2025-10-13T23:49:24.329-0700][1201 ][info ][gc,phases   ] GC(245)   Pre Evacuate Collection Set: 0.8ms
[2025-10-13T23:49:24.329-0700][1201 ][info ][gc,phases   ] GC(245)   Merge Heap Roots: 13.8ms
[2025-10-13T23:49:24.329-0700][1201 ][info ][gc,phases   ] GC(245)   Evacuate Collection Set: 107.8ms
[2025-10-13T23:49:24.329-0700][1201 ][info ][gc,phases   ] GC(245)   Post Evacuate Collection Set: 10.9ms
[2025-10-13T23:49:24.329-0700][1201 ][info ][gc,phases   ] GC(245)   Other: 0.2ms
[2025-10-13T23:49:24.329-0700][1201 ][debug][gc,remset   ] GC(245) Coarsening (recent): Inline->AoC 14627 (0) AoC->Howl 234 (0) Howl->Full 0 (0) Inline->AoC 784 (0) AoC->BitMap 190 (0) BitMap->Full 0 (0) 
[2025-10-13T23:49:24.329-0700][1201 ][debug][gc,remset   ] GC(245) Coarsening (all): Inline->AoC 6470468 (266) AoC->Howl 102453 (1136) Howl->Full 0 (0) Inline->AoC 424010 (462) AoC->BitMap 107887 (1044) BitMap->Full 5 (0) 
[2025-10-13T23:49:24.329-0700][1201 ][info ][gc,heap     ] GC(245) Eden regions: 2459->0(1784)
[2025-10-13T23:49:24.329-0700][1201 ][info ][gc,heap     ] GC(245) Survivor regions: 87->149(319)
[2025-10-13T23:49:24.329-0700][1201 ][info ][gc,heap     ] GC(245) Old regions: 1380->1290
[2025-10-13T23:49:24.329-0700][1201 ][info ][gc,heap     ] GC(245) Humongous regions: 8->0
[2025-10-13T23:49:24.329-0700][1201 ][info ][gc,metaspace] GC(245) Metaspace: 320243K(326336K)->320243K(326336K) NonClass: 283703K(286976K)->283703K(286976K) Class: 36539K(39360K)->36539K(39360K)
[2025-10-13T23:49:24.329-0700][1201 ][info ][gc          ] GC(245) Pause Young (Mixed) (G1 Evacuation Pause) 125879M->46003M(184320M) 133.726ms
[2025-10-13T23:49:24.331-0700][1201 ][info ][gc,cpu      ] GC(245) User=12.01s Sys=0.09s Real=0.14s
[2025-10-13T23:49:24.332-0700][1201 ][info ][safepoint   ] Safepoint "G1CollectForAllocation", Time since last: 905279918 ns, Reaching safepoint: 913596 ns, Cleanup: 5138 ns, At safepoint: 137364752 ns, Total: 138283486 ns
[2025-10-13T23:49:27.969-0700][1201 ][info ][safepoint   ] Safepoint "Cleanup", Time since last: 3635512850 ns, Reaching safepoint: 1029371 ns, Cleanup: 12279 ns, At safepoint: 160121 ns, Total: 1201771 ns
[2025-10-13T23:49:32.970-0700][1201 ][info ][safepoint   ] Safepoint "Cleanup", Time since last: 5000340180 ns, Reaching safepoint: 705102 ns, Cleanup: 22745 ns, At safepoint: 214623 ns, Total: 942470 ns
[2025-10-13T23:49:33.553-0700][1201 ][info ][gc,start    ] GC(246) Pause Young (Mixed) (G1 Evacuation Pause)
[2025-10-13T23:49:33.553-0700][1201 ][info ][gc,task     ] GC(246) Using 113 workers of 113 for evacuation
[2025-10-13T23:49:33.567-0700][1201 ][debug][gc,remset   ] GC(246) Visited cards 12127232 Total dirty 75235328 (16.12%) Total old 379125760 (3.20%)
[2025-10-13T23:49:33.683-0700][1201 ][info ][gc,phases   ] GC(246)   Pre Evacuate Collection Set: 0.7ms
[2025-10-13T23:49:33.683-0700][1201 ][info ][gc,phases   ] GC(246)   Merge Heap Roots: 13.0ms
[2025-10-13T23:49:33.683-0700][1201 ][info ][gc,phases   ] GC(246)   Evacuate Collection Set: 102.9ms
[2025-10-13T23:49:33.683-0700][1201 ][info ][gc,phases   ] GC(246)   Post Evacuate Collection Set: 13.0ms
[2025-10-13T23:49:33.683-0700][1201 ][info ][gc,phases   ] GC(246)   Other: 0.2ms
[2025-10-13T23:49:33.683-0700][1201 ][debug][gc,remset   ] GC(246) Coarsening (recent): Inline->AoC 21449 (0) AoC->Howl 239 (0) Howl->Full 0 (0) Inline->AoC 1018 (0) AoC->BitMap 134 (0) BitMap->Full 0 (0) 
[2025-10-13T23:49:33.683-0700][1201 ][debug][gc,remset   ] GC(246) Coarsening (all): Inline->AoC 6491917 (266) AoC->Howl 102692 (1136) Howl->Full 0 (0) Inline->AoC 425028 (462) AoC->BitMap 108021 (1044) BitMap->Full 5 (0) 
[2025-10-13T23:49:33.683-0700][1201 ][info ][gc,heap     ] GC(246) Eden regions: 2044->0(2326)
[2025-10-13T23:49:33.683-0700][1201 ][info ][gc,heap     ] GC(246) Survivor regions: 149->145(275)
[2025-10-13T23:49:33.683-0700][1201 ][info ][gc,heap     ] GC(246) Old regions: 1290->1196
[2025-10-13T23:49:33.683-0700][1201 ][info ][gc,heap     ] GC(246) Humongous regions: 13->1
[2025-10-13T23:49:33.683-0700][1201 ][info ][gc,metaspace] GC(246) Metaspace: 320249K(326336K)->320249K(326336K) NonClass: 283708K(286976K)->283708K(286976K) Class: 36540K(39360K)->36540K(39360K)
[2025-10-13T23:49:33.683-0700][1201 ][info ][gc          ] GC(246) Pause Young (Mixed) (G1 Evacuation Pause) 111827M->42928M(184320M) 129.951ms
[2025-10-13T23:49:33.685-0700][1201 ][info ][gc,cpu      ] GC(246) User=11.19s Sys=0.16s Real=0.13s
[2025-10-13T23:49:33.686-0700][1201 ][info ][safepoint   ] Safepoint "G1CollectForAllocation", Time since last: 581417867 ns, Reaching safepoint: 910642 ns, Cleanup: 15083 ns, At safepoint: 133513008 ns, Total: 134438733 ns
[2025-10-13T23:49:38.687-0700][1201 ][info ][safepoint   ] Safepoint "Cleanup", Time since last: 5000290996 ns, Reaching safepoint: 862059 ns, Cleanup: 24747 ns, At safepoint: 280693 ns, Total: 1167499 ns
[2025-10-13T23:49:41.124-0700][1201 ][info ][gc,start    ] GC(247) Pause Young (Mixed) (G1 Evacuation Pause)
[2025-10-13T23:49:41.124-0700][1201 ][info ][gc,task     ] GC(247) Using 113 workers of 113 for evacuation
[2025-10-13T23:49:41.137-0700][1201 ][debug][gc,remset   ] GC(247) Visited cards 12014080 Total dirty 69402624 (17.31%) Total old 434700288 (2.76%)
[2025-10-13T23:49:41.282-0700][1201 ][info ][gc,phases   ] GC(247)   Pre Evacuate Collection Set: 0.7ms
[2025-10-13T23:49:41.282-0700][1201 ][info ][gc,phases   ] GC(247)   Merge Heap Roots: 12.5ms
[2025-10-13T23:49:41.282-0700][1201 ][info ][gc,phases   ] GC(247)   Evacuate Collection Set: 130.7ms
[2025-10-13T23:49:41.282-0700][1201 ][info ][gc,phases   ] GC(247)   Post Evacuate Collection Set: 14.3ms
[2025-10-13T23:49:41.282-0700][1201 ][info ][gc,phases   ] GC(247)   Other: 0.2ms
[2025-10-13T23:49:41.282-0700][1201 ][debug][gc,remset   ] GC(247) Coarsening (recent): Inline->AoC 14592 (0) AoC->Howl 196 (0) Howl->Full 0 (0) Inline->AoC 852 (0) AoC->BitMap 105 (0) BitMap->Full 0 (0) 
[2025-10-13T23:49:41.282-0700][1201 ][debug][gc,remset   ] GC(247) Coarsening (all): Inline->AoC 6506509 (266) AoC->Howl 102888 (1136) Howl->Full 0 (0) Inline->AoC 425880 (462) AoC->BitMap 108126 (1044) BitMap->Full 5 (0) 
[2025-10-13T23:49:41.282-0700][1201 ][info ][gc,heap     ] GC(247) Eden regions: 2518->0(1706)
[2025-10-13T23:49:41.282-0700][1201 ][info ][gc,heap     ] GC(247) Survivor regions: 145->199(333)
[2025-10-13T23:49:41.282-0700][1201 ][info ][gc,heap     ] GC(247) Old regions: 1196->1103
[2025-10-13T23:49:41.282-0700][1201 ][info ][gc,heap     ] GC(247) Humongous regions: 15->0
[2025-10-13T23:49:41.282-0700][1201 ][info ][gc,metaspace] GC(247) Metaspace: 320259K(326336K)->320259K(326336K) NonClass: 283717K(286976K)->283717K(286976K) Class: 36541K(39360K)->36541K(39360K)
[2025-10-13T23:49:41.282-0700][1201 ][info ][gc          ] GC(247) Pause Young (Mixed) (G1 Evacuation Pause) 123952M->41651M(184320M) 158.577ms
[2025-10-13T23:49:41.284-0700][1201 ][info ][gc,cpu      ] GC(247) User=14.78s Sys=0.00s Real=0.16s
[2025-10-13T23:49:41.285-0700][1201 ][info ][safepoint   ] Safepoint "G1CollectForAllocation", Time since last: 2434713460 ns, Reaching safepoint: 747897 ns, Cleanup: 6279 ns, At safepoint: 162161638 ns, Total: 162915814 ns
[2025-10-13T23:49:42.286-0700][1201 ][info ][safepoint   ] Safepoint "Cleanup", Time since last: 1000082564 ns, Reaching safepoint: 730281 ns, Cleanup: 18968 ns, At safepoint: 119130 ns, Total: 868379 ns
[2025-10-13T23:49:44.287-0700][1201 ][info ][safepoint   ] Safepoint "Cleanup", Time since last: 2000162173 ns, Reaching safepoint: 721227 ns, Cleanup: 14672 ns, At safepoint: 83756 ns, Total: 819655 ns
[2025-10-13T23:49:48.288-0700][1201 ][info ][safepoint   ] Safepoint "Cleanup", Time since last: 4000285799 ns, Reaching safepoint: 709760 ns, Cleanup: 18517 ns, At safepoint: 226111 ns, Total: 954388 ns
[2025-10-13T23:49:48.834-0700][1201 ][info ][gc,start    ] GC(248) Pause Young (Mixed) (G1 Evacuation Pause)
[2025-10-13T23:49:48.834-0700][1201 ][info ][gc,task     ] GC(248) Using 113 workers of 113 for evacuation
[2025-10-13T23:49:48.848-0700][1201 ][debug][gc,remset   ] GC(248) Visited cards 12476672 Total dirty 63897600 (19.53%) Total old 364838912 (3.42%)
[2025-10-13T23:49:48.999-0700][1201 ][info ][gc,phases   ] GC(248)   Pre Evacuate Collection Set: 0.7ms
[2025-10-13T23:49:48.999-0700][1201 ][info ][gc,phases   ] GC(248)   Merge Heap Roots: 13.7ms
[2025-10-13T23:49:48.999-0700][1201 ][info ][gc,phases   ] GC(248)   Evacuate Collection Set: 135.7ms
[2025-10-13T23:49:48.999-0700][1201 ][info ][gc,phases   ] GC(248)   Post Evacuate Collection Set: 15.2ms
[2025-10-13T23:49:48.999-0700][1201 ][info ][gc,phases   ] GC(248)   Other: 0.2ms
[2025-10-13T23:49:48.999-0700][1201 ][debug][gc,remset   ] GC(248) Coarsening (recent): Inline->AoC 19047 (0) AoC->Howl 247 (0) Howl->Full 0 (0) Inline->AoC 1084 (0) AoC->BitMap 120 (0) BitMap->Full 0 (0) 
[2025-10-13T23:49:49.000-0700][1201 ][debug][gc,remset   ] GC(248) Coarsening (all): Inline->AoC 6525556 (266) AoC->Howl 103135 (1136) Howl->Full 0 (0) Inline->AoC 426964 (462) AoC->BitMap 108246 (1044) BitMap->Full 5 (0) 
[2025-10-13T23:49:49.000-0700][1201 ][info ][gc,heap     ] GC(248) Eden regions: 1981->0(2423)
[2025-10-13T23:49:49.000-0700][1201 ][info ][gc,heap     ] GC(248) Survivor regions: 199->162(273)
[2025-10-13T23:49:49.000-0700][1201 ][info ][gc,heap     ] GC(248) Old regions: 1103->1059
[2025-10-13T23:49:49.000-0700][1201 ][info ][gc,heap     ] GC(248) Humongous regions: 8->0
[2025-10-13T23:49:49.000-0700][1201 ][info ][gc,metaspace] GC(248) Metaspace: 320263K(326336K)->320263K(326336K) NonClass: 283721K(286976K)->283721K(286976K) Class: 36542K(39360K)->36542K(39360K)
[2025-10-13T23:49:49.000-0700][1201 ][info ][gc          ] GC(248) Pause Young (Mixed) (G1 Evacuation Pause) 105299M->39032M(184320M) 165.791ms
[2025-10-13T23:49:49.001-0700][1201 ][info ][gc,cpu      ] GC(248) User=15.29s Sys=0.04s Real=0.17s
[2025-10-13T23:49:49.002-0700][1201 ][info ][safepoint   ] Safepoint "G1CollectForAllocation", Time since last: 543590125 ns, Reaching safepoint: 1000698 ns, Cleanup: 3866 ns, At safepoint: 169320986 ns, Total: 170325550 ns
[2025-10-13T23:49:50.003-0700][1201 ][info ][safepoint   ] Safepoint "Cleanup", Time since last: 1000084106 ns, Reaching safepoint: 782389 ns, Cleanup: 42604 ns, At safepoint: 283247 ns, Total: 1108240 ns
[2025-10-13T23:49:51.005-0700][1201 ][info ][safepoint   ] Safepoint "Cleanup", Time since last: 1000075183 ns, Reaching safepoint: 835068 ns, Cleanup: 13761 ns, At safepoint: 951474 ns, Total: 1800303 ns
[2025-10-13T23:49:54.006-0700][1201 ][info ][safepoint   ] Safepoint "Cleanup", Time since last: 3000200651 ns, Reaching safepoint: 757902 ns, Cleanup: 18778 ns, At safepoint: 182495 ns, Total: 959175 ns
[2025-10-13T23:49:55.019-0700][1201 ][info ][safepoint   ] Safepoint "Cleanup", Time since last: 1000112740 ns, Reaching safepoint: 10354432 ns, Cleanup: 17807 ns, At safepoint: 2076860 ns, Total: 12449099 ns
[2025-10-13T23:49:58.514-0700][1201 ][info ][gc,start    ] GC(249) Pause Young (Mixed) (G1 Evacuation Pause)
[2025-10-13T23:49:58.514-0700][1201 ][info ][gc,task     ] GC(249) Using 113 workers of 113 for evacuation
[2025-10-13T23:49:58.529-0700][1201 ][debug][gc,remset   ] GC(249) Visited cards 14141696 Total dirty 62062592 (22.79%) Total old 422182912 (3.35%)
[2025-10-13T23:49:58.692-0700][1201 ][info ][gc,phases   ] GC(249)   Pre Evacuate Collection Set: 0.7ms
[2025-10-13T23:49:58.692-0700][1201 ][info ][gc,phases   ] GC(249)   Merge Heap Roots: 14.5ms
[2025-10-13T23:49:58.692-0700][1201 ][info ][gc,phases   ] GC(249)   Evacuate Collection Set: 145.6ms
[2025-10-13T23:49:58.692-0700][1201 ][info ][gc,phases   ] GC(249)   Post Evacuate Collection Set: 17.1ms
[2025-10-13T23:49:58.692-0700][1201 ][info ][gc,phases   ] GC(249)   Other: 0.2ms
[2025-10-13T23:49:58.692-0700][1201 ][debug][gc,remset   ] GC(249) Coarsening (recent): Inline->AoC 51917 (0) AoC->Howl 343 (0) Howl->Full 0 (0) Inline->AoC 1260 (0) AoC->BitMap 224 (0) BitMap->Full 0 (0) 
[2025-10-13T23:49:58.692-0700][1201 ][debug][gc,remset   ] GC(249) Coarsening (all): Inline->AoC 6577473 (266) AoC->Howl 103478 (1136) Howl->Full 0 (0) Inline->AoC 428224 (462) AoC->BitMap 108470 (1044) BitMap->Full 5 (0) 
[2025-10-13T23:49:58.692-0700][1201 ][info ][gc,heap     ] GC(249) Eden regions: 2470->0(1024)
[2025-10-13T23:49:58.692-0700][1201 ][info ][gc,heap     ] GC(249) Survivor regions: 162->222(329)
[2025-10-13T23:49:58.692-0700][1201 ][info ][gc,heap     ] GC(249) Old regions: 1059->975
[2025-10-13T23:49:58.692-0700][1201 ][info ][gc,heap     ] GC(249) Humongous regions: 23->0
[2025-10-13T23:49:58.692-0700][1201 ][info ][gc,metaspace] GC(249) Metaspace: 320324K(326336K)->320324K(326336K) NonClass: 283776K(286976K)->283776K(286976K) Class: 36548K(39360K)->36548K(39360K)
[2025-10-13T23:49:58.692-0700][1201 ][info ][gc          ] GC(249) Pause Young (Mixed) (G1 Evacuation Pause) 118808M->38278M(184320M) 178.377ms
[2025-10-13T23:49:58.693-0700][1201 ][info ][gc,cpu      ] GC(249) User=16.93s Sys=0.38s Real=0.18s
[2025-10-13T23:49:58.694-0700][1201 ][info ][safepoint   ] Safepoint "G1CollectForAllocation", Time since last: 3492726237 ns, Reaching safepoint: 927428 ns, Cleanup: 10335 ns, At safepoint: 181906842 ns, Total: 182844605 ns
[2025-10-13T23:50:00.702-0700][1201 ][info ][safepoint   ] Safepoint "Cleanup", Time since last: 2000155343 ns, Reaching safepoint: 5278034 ns, Cleanup: 14461 ns, At safepoint: 1972633 ns, Total: 7265128 ns
[2025-10-13T23:50:01.704-0700][1201 ][info ][safepoint   ] Safepoint "Cleanup", Time since last: 1000184177 ns, Reaching safepoint: 922390 ns, Cleanup: 10916 ns, At safepoint: 1064995 ns, Total: 1998301 ns
[2025-10-13T23:50:03.432-0700][1201 ][info ][gc,start    ] GC(250) Pause Young (Mixed) (G1 Evacuation Pause)
[2025-10-13T23:50:03.432-0700][1201 ][info ][gc,task     ] GC(250) Using 113 workers of 113 for evacuation
[2025-10-13T23:50:03.445-0700][1201 ][debug][gc,remset   ] GC(250) Visited cards 13881600 Total dirty 56229888 (24.69%) Total old 286326784 (4.85%)
[2025-10-13T23:50:03.602-0700][1201 ][info ][gc,phases   ] GC(250)   Pre Evacuate Collection Set: 0.7ms
[2025-10-13T23:50:03.602-0700][1201 ][info ][gc,phases   ] GC(250)   Merge Heap Roots: 12.5ms
[2025-10-13T23:50:03.602-0700][1201 ][info ][gc,phases   ] GC(250)   Evacuate Collection Set: 143.1ms
[2025-10-13T23:50:03.602-0700][1201 ][info ][gc,phases   ] GC(250)   Post Evacuate Collection Set: 13.9ms
[2025-10-13T23:50:03.602-0700][1201 ][info ][gc,phases   ] GC(250)   Other: 0.1ms
[2025-10-13T23:50:03.602-0700][1201 ][debug][gc,remset   ] GC(250) Coarsening (recent): Inline->AoC 28500 (0) AoC->Howl 217 (0) Howl->Full 0 (0) Inline->AoC 938 (0) AoC->BitMap 140 (0) BitMap->Full 0 (0) 
[2025-10-13T23:50:03.602-0700][1201 ][debug][gc,remset   ] GC(250) Coarsening (all): Inline->AoC 6605973 (266) AoC->Howl 103695 (1136) Howl->Full 0 (0) Inline->AoC 429162 (462) AoC->BitMap 108610 (1044) BitMap->Full 5 (0) 
[2025-10-13T23:50:03.602-0700][1201 ][info ][gc,heap     ] GC(250) Eden regions: 1420->0(2591)
[2025-10-13T23:50:03.602-0700][1201 ][info ][gc,heap     ] GC(250) Survivor regions: 222->121(206)
[2025-10-13T23:50:03.602-0700][1201 ][info ][gc,heap     ] GC(250) Old regions: 975->1005
[2025-10-13T23:50:03.602-0700][1201 ][info ][gc,heap     ] GC(250) Humongous regions: 14->0
[2025-10-13T23:50:03.602-0700][1201 ][info ][gc,metaspace] GC(250) Metaspace: 320324K(326336K)->320324K(326336K) NonClass: 283776K(286976K)->283776K(286976K) Class: 36548K(39360K)->36548K(39360K)
[2025-10-13T23:50:03.603-0700][1201 ][info ][gc          ] GC(250) Pause Young (Mixed) (G1 Evacuation Pause) 84166M->36010M(184320M) 170.543ms
[2025-10-13T23:50:03.604-0700][1201 ][info ][gc,cpu      ] GC(250) User=17.12s Sys=0.12s Real=0.17s
[2025-10-13T23:50:03.605-0700][1201 ][info ][safepoint   ] Safepoint "G1CollectForAllocation", Time since last: 1726010961 ns, Reaching safepoint: 831593 ns, Cleanup: 6700 ns, At safepoint: 173975430 ns, Total: 174813723 ns
[2025-10-13T23:50:04.606-0700][1201 ][info ][safepoint   ] Safepoint "Cleanup", Time since last: 1000083756 ns, Reaching safepoint: 835839 ns, Cleanup: 14923 ns, At safepoint: 203046 ns, Total: 1053808 ns
[2025-10-13T23:50:08.607-0700][1201 ][info ][safepoint   ] Safepoint "Cleanup", Time since last: 4000275913 ns, Reaching safepoint: 867057 ns, Cleanup: 15153 ns, At safepoint: 257297 ns, Total: 1139507 ns
[2025-10-13T23:50:12.258-0700][1201 ][info ][gc,start    ] GC(251) Pause Young (Mixed) (G1 Evacuation Pause)
[2025-10-13T23:50:12.258-0700][1201 ][info ][gc,task     ] GC(251) Using 113 workers of 113 for evacuation
[2025-10-13T23:50:12.272-0700][1201 ][debug][gc,remset   ] GC(251) Visited cards 17309952 Total dirty 60555264 (28.59%) Total old 441909248 (3.92%)
[2025-10-13T23:50:12.421-0700][1201 ][info ][gc,phases   ] GC(251)   Pre Evacuate Collection Set: 0.7ms
[2025-10-13T23:50:12.421-0700][1201 ][info ][gc,phases   ] GC(251)   Merge Heap Roots: 13.9ms
[2025-10-13T23:50:12.421-0700][1201 ][info ][gc,phases   ] GC(251)   Evacuate Collection Set: 133.5ms
[2025-10-13T23:50:12.421-0700][1201 ][info ][gc,phases   ] GC(251)   Post Evacuate Collection Set: 14.9ms
[2025-10-13T23:50:12.421-0700][1201 ][info ][gc,phases   ] GC(251)   Other: 0.2ms
[2025-10-13T23:50:12.421-0700][1201 ][debug][gc,remset   ] GC(251) Coarsening (recent): Inline->AoC 58872 (0) AoC->Howl 318 (0) Howl->Full 0 (0) Inline->AoC 821 (0) AoC->BitMap 272 (0) BitMap->Full 0 (0) 
[2025-10-13T23:50:12.421-0700][1201 ][debug][gc,remset   ] GC(251) Coarsening (all): Inline->AoC 6664845 (266) AoC->Howl 104013 (1136) Howl->Full 0 (0) Inline->AoC 429983 (462) AoC->BitMap 108882 (1044) BitMap->Full 5 (0) 
[2025-10-13T23:50:12.421-0700][1201 ][info ][gc,heap     ] GC(251) Eden regions: 2692->0(2964)
[2025-10-13T23:50:12.421-0700][1201 ][info ][gc,heap     ] GC(251) Survivor regions: 121->170(352)
[2025-10-13T23:50:12.421-0700][1201 ][info ][gc,heap     ] GC(251) Old regions: 1005->940
[2025-10-13T23:50:12.421-0700][1201 ][info ][gc,heap     ] GC(251) Humongous regions: 21->0
[2025-10-13T23:50:12.421-0700][1201 ][info ][gc,metaspace] GC(251) Metaspace: 320373K(326336K)->320373K(326336K) NonClass: 283819K(286976K)->283819K(286976K) Class: 36554K(39360K)->36554K(39360K)
[2025-10-13T23:50:12.421-0700][1201 ][info ][gc          ] GC(251) Pause Young (Mixed) (G1 Evacuation Pause) 122826M->35481M(184320M) 163.447ms
[2025-10-13T23:50:12.422-0700][1201 ][info ][gc,cpu      ] GC(251) User=14.34s Sys=0.32s Real=0.17s
[2025-10-13T23:50:12.424-0700][1201 ][info ][safepoint   ] Safepoint "G1CollectForAllocation", Time since last: 3639863947 ns, Reaching safepoint: 9332383 ns, Cleanup: 7651 ns, At safepoint: 166982102 ns, Total: 176322136 ns
[2025-10-13T23:50:16.425-0700][1201 ][info ][safepoint   ] Safepoint "Cleanup", Time since last: 4000272278 ns, Reaching safepoint: 987048 ns, Cleanup: 14512 ns, At safepoint: 463778 ns, Total: 1465338 ns
[2025-10-13T23:50:17.426-0700][1201 ][info ][safepoint   ] Safepoint "Cleanup", Time since last: 1000103075 ns, Reaching safepoint: 746986 ns, Cleanup: 12469 ns, At safepoint: 241273 ns, Total: 1000728 ns
[2025-10-13T23:50:19.428-0700][1201 ][info ][safepoint   ] Safepoint "Cleanup", Time since last: 2000158278 ns, Reaching safepoint: 870362 ns, Cleanup: 20741 ns, At safepoint: 179100 ns, Total: 1070203 ns
[2025-10-13T23:50:22.421-0700][1201 ][info ][gc,start    ] GC(252) Pause Young (Normal) (G1 Evacuation Pause)
[2025-10-13T23:50:22.421-0700][1201 ][info ][gc,task     ] GC(252) Using 113 workers of 113 for evacuation
[2025-10-13T23:50:22.436-0700][1201 ][debug][gc,remset   ] GC(252) Visited cards 9677312 Total dirty 55771136 (17.35%) Total old 485031936 (2.00%)
[2025-10-13T23:50:22.590-0700][1201 ][info ][gc,phases   ] GC(252)   Pre Evacuate Collection Set: 0.7ms
[2025-10-13T23:50:22.590-0700][1201 ][info ][gc,phases   ] GC(252)   Merge Heap Roots: 14.0ms
[2025-10-13T23:50:22.590-0700][1201 ][info ][gc,phases   ] GC(252)   Evacuate Collection Set: 139.2ms
[2025-10-13T23:50:22.590-0700][1201 ][info ][gc,phases   ] GC(252)   Post Evacuate Collection Set: 14.9ms
[2025-10-13T23:50:22.590-0700][1201 ][info ][gc,phases   ] GC(252)   Other: 0.2ms
[2025-10-13T23:50:22.590-0700][1201 ][debug][gc,remset   ] GC(252) Coarsening (recent): Inline->AoC 29437 (1) AoC->Howl 54 (0) Howl->Full 0 (0) Inline->AoC 256 (0) AoC->BitMap 31 (0) BitMap->Full 0 (0) 
[2025-10-13T23:50:22.590-0700][1201 ][debug][gc,remset   ] GC(252) Coarsening (all): Inline->AoC 6694282 (267) AoC->Howl 104067 (1136) Howl->Full 0 (0) Inline->AoC 430239 (462) AoC->BitMap 108913 (1044) BitMap->Full 5 (0) 
[2025-10-13T23:50:22.590-0700][1201 ][info ][gc,heap     ] GC(252) Eden regions: 3051->0(2559)
[2025-10-13T23:50:22.590-0700][1201 ][info ][gc,heap     ] GC(252) Survivor regions: 170->222(403)
[2025-10-13T23:50:22.590-0700][1201 ][info ][gc,heap     ] GC(252) Old regions: 940->940
[2025-10-13T23:50:22.590-0700][1201 ][info ][gc,heap     ] GC(252) Humongous regions: 19->0
[2025-10-13T23:50:22.590-0700][1201 ][info ][gc,metaspace] GC(252) Metaspace: 320480K(326464K)->320480K(326464K) NonClass: 283919K(287104K)->283919K(287104K) Class: 36561K(39360K)->36561K(39360K)
[2025-10-13T23:50:22.590-0700][1201 ][info ][gc          ] GC(252) Pause Young (Normal) (G1 Evacuation Pause) 133721M->37156M(184320M) 169.187ms
[2025-10-13T23:50:22.591-0700][1201 ][info ][gc,cpu      ] GC(252) User=15.54s Sys=0.40s Real=0.17s
[2025-10-13T23:50:22.592-0700][1201 ][info ][safepoint   ] Safepoint "G1CollectForAllocation", Time since last: 2991202395 ns, Reaching safepoint: 929651 ns, Cleanup: 4767 ns, At safepoint: 172710665 ns, Total: 173645083 ns
[2025-10-13T23:50:24.593-0700][1201 ][info ][safepoint   ] Safepoint "Cleanup", Time since last: 2000142236 ns, Reaching safepoint: 739854 ns, Cleanup: 13200 ns, At safepoint: 98569 ns, Total: 851623 ns
[2025-10-13T23:50:25.993-0700][1201 ][info ][safepoint   ] Safepoint "Cleanup", Time since last: 1398487884 ns, Reaching safepoint: 753085 ns, Cleanup: 12319 ns, At safepoint: 213121 ns, Total: 978525 ns
[2025-10-13T23:50:26.995-0700][1201 ][info ][safepoint   ] Safepoint "Cleanup", Time since last: 1000108194 ns, Reaching safepoint: 1729346 ns, Cleanup: 10706 ns, At safepoint: 636910 ns, Total: 2376962 ns
[2025-10-13T23:50:28.998-0700][1201 ][info ][safepoint   ] Safepoint "Cleanup", Time since last: 2000184129 ns, Reaching safepoint: 965825 ns, Cleanup: 15433 ns, At safepoint: 1190504 ns, Total: 2171762 ns
[2025-10-13T23:50:31.889-0700][1201 ][info ][gc,start    ] GC(253) Pause Young (Normal) (G1 Evacuation Pause)
[2025-10-13T23:50:31.889-0700][1201 ][info ][gc,task     ] GC(253) Using 113 workers of 113 for evacuation
[2025-10-13T23:50:31.903-0700][1201 ][debug][gc,remset   ] GC(253) Visited cards 9744896 Total dirty 55836672 (17.45%) Total old 437714944 (2.23%)
[2025-10-13T23:50:32.079-0700][1201 ][info ][gc,phases   ] GC(253)   Pre Evacuate Collection Set: 0.7ms
[2025-10-13T23:50:32.079-0700][1201 ][info ][gc,phases   ] GC(253)   Merge Heap Roots: 13.5ms
[2025-10-13T23:50:32.079-0700][1201 ][info ][gc,phases   ] GC(253)   Evacuate Collection Set: 160.2ms
[2025-10-13T23:50:32.079-0700][1201 ][info ][gc,phases   ] GC(253)   Post Evacuate Collection Set: 15.4ms
[2025-10-13T23:50:32.079-0700][1201 ][info ][gc,phases   ] GC(253)   Other: 0.2ms
[2025-10-13T23:50:32.079-0700][1201 ][debug][gc,remset   ] GC(253) Coarsening (recent): Inline->AoC 33585 (0) AoC->Howl 156 (0) Howl->Full 0 (0) Inline->AoC 718 (0) AoC->BitMap 122 (0) BitMap->Full 0 (0) 
[2025-10-13T23:50:32.079-0700][1201 ][debug][gc,remset   ] GC(253) Coarsening (all): Inline->AoC 6727867 (267) AoC->Howl 104223 (1136) Howl->Full 0 (0) Inline->AoC 430957 (462) AoC->BitMap 109035 (1044) BitMap->Full 5 (0) 
[2025-10-13T23:50:32.079-0700][1201 ][info ][gc,heap     ] GC(253) Eden regions: 2636->0(2686)
[2025-10-13T23:50:32.079-0700][1201 ][info ][gc,heap     ] GC(253) Survivor regions: 222->215(358)
[2025-10-13T23:50:32.079-0700][1201 ][info ][gc,heap     ] GC(253) Old regions: 940->989
[2025-10-13T23:50:32.079-0700][1201 ][info ][gc,heap     ] GC(253) Humongous regions: 23->0
[2025-10-13T23:50:32.079-0700][1201 ][info ][gc,metaspace] GC(253) Metaspace: 320559K(326592K)->320559K(326592K) NonClass: 283985K(287168K)->283985K(287168K) Class: 36574K(39424K)->36574K(39424K)
[2025-10-13T23:50:32.079-0700][1201 ][info ][gc          ] GC(253) Pause Young (Normal) (G1 Evacuation Pause) 122242M->38499M(184320M) 190.123ms
[2025-10-13T23:50:32.080-0700][1201 ][info ][gc,cpu      ] GC(253) User=17.80s Sys=0.34s Real=0.19s
[2025-10-13T23:50:32.081-0700][1201 ][info ][safepoint   ] Safepoint "G1CollectForAllocation", Time since last: 2889023584 ns, Reaching safepoint: 760927 ns, Cleanup: 11958 ns, At safepoint: 193485169 ns, Total: 194258054 ns
[2025-10-13T23:50:33.082-0700][1201 ][info ][safepoint   ] Safepoint "Cleanup", Time since last: 1000093712 ns, Reaching safepoint: 824763 ns, Cleanup: 15714 ns, At safepoint: 491240 ns, Total: 1331717 ns
[2025-10-13T23:50:34.085-0700][1201 ][info ][safepoint   ] Safepoint "Cleanup", Time since last: 1000111068 ns, Reaching safepoint: 1443926 ns, Cleanup: 9554 ns, At safepoint: 667606 ns, Total: 2121086 ns
[2025-10-13T23:50:37.086-0700][1201 ][info ][safepoint   ] Safepoint "Cleanup", Time since last: 3000229108 ns, Reaching safepoint: 723470 ns, Cleanup: 13871 ns, At safepoint: 126010 ns, Total: 863351 ns
[2025-10-13T23:50:40.087-0700][1201 ][info ][safepoint   ] Safepoint "Cleanup", Time since last: 3000216989 ns, Reaching safepoint: 835890 ns, Cleanup: 12158 ns, At safepoint: 127863 ns, Total: 975911 ns
[2025-10-13T23:50:41.093-0700][1201 ][info ][safepoint   ] Safepoint "Cleanup", Time since last: 1000095805 ns, Reaching safepoint: 4980585 ns, Cleanup: 11347 ns, At safepoint: 1165867 ns, Total: 6157799 ns
[2025-10-13T23:50:42.096-0700][1201 ][info ][safepoint   ] Safepoint "Cleanup", Time since last: 1000099040 ns, Reaching safepoint: 823140 ns, Cleanup: 30016 ns, At safepoint: 1517176 ns, Total: 2370332 ns
[2025-10-13T23:50:42.514-0700][1201 ][info ][gc,start    ] GC(254) Pause Young (Normal) (G1 Evacuation Pause)
[2025-10-13T23:50:42.514-0700][1201 ][info ][gc,task     ] GC(254) Using 113 workers of 113 for evacuation
[2025-10-13T23:50:42.528-0700][1201 ][debug][gc,remset   ] GC(254) Visited cards 9748224 Total dirty 59703296 (16.33%) Total old 456392704 (2.14%)
[2025-10-13T23:50:42.688-0700][1201 ][info ][gc,phases   ] GC(254)   Pre Evacuate Collection Set: 0.8ms
[2025-10-13T23:50:42.688-0700][1201 ][info ][gc,phases   ] GC(254)   Merge Heap Roots: 13.3ms
[2025-10-13T23:50:42.688-0700][1201 ][info ][gc,phases   ] GC(254)   Evacuate Collection Set: 144.6ms
[2025-10-13T23:50:42.688-0700][1201 ][info ][gc,phases   ] GC(254)   Post Evacuate Collection Set: 15.7ms
[2025-10-13T23:50:42.688-0700][1201 ][info ][gc,phases   ] GC(254)   Other: 0.2ms
[2025-10-13T23:50:42.688-0700][1201 ][debug][gc,remset   ] GC(254) Coarsening (recent): Inline->AoC 33239 (0) AoC->Howl 134 (0) Howl->Full 0 (0) Inline->AoC 532 (0) AoC->BitMap 92 (0) BitMap->Full 0 (0) 
[2025-10-13T23:50:42.688-0700][1201 ][debug][gc,remset   ] GC(254) Coarsening (all): Inline->AoC 6761106 (267) AoC->Howl 104357 (1136) Howl->Full 0 (0) Inline->AoC 431489 (462) AoC->BitMap 109127 (1044) BitMap->Full 5 (0) 
[2025-10-13T23:50:42.688-0700][1201 ][info ][gc,heap     ] GC(254) Eden regions: 2759->0(2681)
[2025-10-13T23:50:42.688-0700][1201 ][info ][gc,heap     ] GC(254) Survivor regions: 215->223(372)
[2025-10-13T23:50:42.688-0700][1201 ][info ][gc,heap     ] GC(254) Old regions: 989->1018
[2025-10-13T23:50:42.688-0700][1201 ][info ][gc,heap     ] GC(254) Humongous regions: 27->1
[2025-10-13T23:50:42.688-0700][1201 ][info ][gc,metaspace] GC(254) Metaspace: 320601K(326656K)->320601K(326656K) NonClass: 284021K(287232K)->284021K(287232K) Class: 36579K(39424K)->36579K(39424K)
[2025-10-13T23:50:42.688-0700][1201 ][info ][gc          ] GC(254) Pause Young (Normal) (G1 Evacuation Pause) 127651M->39732M(184320M) 174.838ms
[2025-10-13T23:50:42.690-0700][1201 ][info ][gc,cpu      ] GC(254) User=17.03s Sys=0.39s Real=0.18s
[2025-10-13T23:50:42.691-0700][1201 ][info ][safepoint   ] Safepoint "G1CollectForAllocation", Time since last: 416095256 ns, Reaching safepoint: 729038 ns, Cleanup: 12469 ns, At safepoint: 178332596 ns, Total: 179074103 ns
[2025-10-13T23:50:43.692-0700][1201 ][info ][safepoint   ] Safepoint "Cleanup", Time since last: 1000083186 ns, Reaching safepoint: 744292 ns, Cleanup: 12809 ns, At safepoint: 158128 ns, Total: 915229 ns
[2025-10-13T23:50:46.693-0700][1201 ][info ][safepoint   ] Safepoint "Cleanup", Time since last: 3000223870 ns, Reaching safepoint: 735879 ns, Cleanup: 12489 ns, At safepoint: 124387 ns, Total: 872755 ns
[2025-10-13T23:50:47.694-0700][1201 ][info ][safepoint   ] Safepoint "Cleanup", Time since last: 1000097047 ns, Reaching safepoint: 800797 ns, Cleanup: 14932 ns, At safepoint: 184969 ns, Total: 1000698 ns
[2025-10-13T23:50:50.696-0700][1201 ][info ][safepoint   ] Safepoint "Cleanup", Time since last: 3000211962 ns, Reaching safepoint: 824893 ns, Cleanup: 28032 ns, At safepoint: 437710 ns, Total: 1290635 ns
[2025-10-13T23:50:53.884-0700][1201 ][info ][gc,start    ] GC(255) Pause Young (Normal) (G1 Evacuation Pause)
[2025-10-13T23:50:53.884-0700][1201 ][info ][gc,task     ] GC(255) Using 113 workers of 113 for evacuation
[2025-10-13T23:50:53.898-0700][1201 ][debug][gc,remset   ] GC(255) Visited cards 9836544 Total dirty 61734912 (15.93%) Total old 450166784 (2.19%)
[2025-10-13T23:50:54.076-0700][1201 ][info ][gc,phases   ] GC(255)   Pre Evacuate Collection Set: 0.7ms
[2025-10-13T23:50:54.076-0700][1201 ][info ][gc,phases   ] GC(255)   Merge Heap Roots: 13.6ms
[2025-10-13T23:50:54.076-0700][1201 ][info ][gc,phases   ] GC(255)   Evacuate Collection Set: 160.9ms
[2025-10-13T23:50:54.076-0700][1201 ][info ][gc,phases   ] GC(255)   Post Evacuate Collection Set: 16.8ms
[2025-10-13T23:50:54.076-0700][1201 ][info ][gc,phases   ] GC(255)   Other: 0.2ms
[2025-10-13T23:50:54.076-0700][1201 ][debug][gc,remset   ] GC(255) Coarsening (recent): Inline->AoC 47637 (0) AoC->Howl 155 (0) Howl->Full 0 (0) Inline->AoC 675 (0) AoC->BitMap 83 (0) BitMap->Full 0 (0) 
[2025-10-13T23:50:54.076-0700][1201 ][debug][gc,remset   ] GC(255) Coarsening (all): Inline->AoC 6808743 (267) AoC->Howl 104512 (1136) Howl->Full 0 (0) Inline->AoC 432164 (462) AoC->BitMap 109210 (1044) BitMap->Full 5 (0) 
[2025-10-13T23:50:54.076-0700][1201 ][info ][gc,heap     ] GC(255) Eden regions: 2691->0(2507)
[2025-10-13T23:50:54.076-0700][1201 ][info ][gc,heap     ] GC(255) Survivor regions: 223->231(365)
[2025-10-13T23:50:54.076-0700][1201 ][info ][gc,heap     ] GC(255) Old regions: 1018->1066
[2025-10-13T23:50:54.076-0700][1201 ][info ][gc,heap     ] GC(255) Humongous regions: 23->0
[2025-10-13T23:50:54.076-0700][1201 ][info ][gc,metaspace] GC(255) Metaspace: 320684K(326720K)->320684K(326720K) NonClass: 284092K(287296K)->284092K(287296K) Class: 36592K(39424K)->36592K(39424K)
[2025-10-13T23:50:54.076-0700][1201 ][info ][gc          ] GC(255) Pause Young (Normal) (G1 Evacuation Pause) 126548M->41454M(184320M) 192.371ms
[2025-10-13T23:50:54.077-0700][1201 ][info ][gc,cpu      ] GC(255) User=18.67s Sys=0.31s Real=0.19s
[2025-10-13T23:50:54.078-0700][1201 ][info ][safepoint   ] Safepoint "G1CollectForAllocation", Time since last: 3185947733 ns, Reaching safepoint: 895650 ns, Cleanup: 6390 ns, At safepoint: 195952046 ns, Total: 196854086 ns
[2025-10-13T23:50:55.079-0700][1201 ][info ][safepoint   ] Safepoint "Cleanup", Time since last: 1000083587 ns, Reaching safepoint: 691472 ns, Cleanup: 11597 ns, At safepoint: 156716 ns, Total: 859785 ns
[2025-10-13T23:50:56.080-0700][1201 ][info ][safepoint   ] Safepoint "Cleanup", Time since last: 1000098279 ns, Reaching safepoint: 735198 ns, Cleanup: 13881 ns, At safepoint: 229205 ns, Total: 978284 ns
[2025-10-13T23:50:57.082-0700][1201 ][info ][safepoint   ] Safepoint "Cleanup", Time since last: 1000104969 ns, Reaching safepoint: 801348 ns, Cleanup: 12358 ns, At safepoint: 601096 ns, Total: 1414802 ns
[2025-10-13T23:50:58.083-0700][1201 ][info ][safepoint   ] Safepoint "Cleanup", Time since last: 1000104078 ns, Reaching safepoint: 802800 ns, Cleanup: 12028 ns, At safepoint: 632823 ns, Total: 1447651 ns
[2025-10-13T23:50:59.085-0700][1201 ][info ][safepoint   ] Safepoint "Cleanup", Time since last: 1000228205 ns, Reaching safepoint: 820737 ns, Cleanup: 14131 ns, At safepoint: 678462 ns, Total: 1513330 ns
[2025-10-13T23:51:01.086-0700][1201 ][info ][safepoint   ] Safepoint "Cleanup", Time since last: 2000126593 ns, Reaching safepoint: 806004 ns, Cleanup: 25689 ns, At safepoint: 232190 ns, Total: 1063883 ns
[2025-10-13T23:51:01.231-0700][1201 ][info ][gc,start    ] GC(256) Pause Young (Normal) (G1 Evacuation Pause)
[2025-10-13T23:51:01.231-0700][1201 ][info ][gc,task     ] GC(256) Using 113 workers of 113 for evacuation
[2025-10-13T23:51:01.245-0700][1201 ][debug][gc,remset   ] GC(256) Visited cards 10045952 Total dirty 64552960 (15.56%) Total old 437387264 (2.30%)
[2025-10-13T23:51:01.419-0700][1201 ][info ][gc,phases   ] GC(256)   Pre Evacuate Collection Set: 0.7ms
[2025-10-13T23:51:01.419-0700][1201 ][info ][gc,phases   ] GC(256)   Merge Heap Roots: 13.1ms
[2025-10-13T23:51:01.419-0700][1201 ][info ][gc,phases   ] GC(256)   Evacuate Collection Set: 157.5ms
[2025-10-13T23:51:01.419-0700][1201 ][info ][gc,phases   ] GC(256)   Post Evacuate Collection Set: 16.3ms
[2025-10-13T23:51:01.419-0700][1201 ][info ][gc,phases   ] GC(256)   Other: 0.2ms
[2025-10-13T23:51:01.419-0700][1201 ][debug][gc,remset   ] GC(256) Coarsening (recent): Inline->AoC 42430 (0) AoC->Howl 161 (0) Howl->Full 0 (0) Inline->AoC 587 (0) AoC->BitMap 105 (0) BitMap->Full 0 (0) 
[2025-10-13T23:51:01.419-0700][1201 ][debug][gc,remset   ] GC(256) Coarsening (all): Inline->AoC 6851173 (267) AoC->Howl 104673 (1136) Howl->Full 0 (0) Inline->AoC 432751 (462) AoC->BitMap 109315 (1044) BitMap->Full 5 (0) 
[2025-10-13T23:51:01.419-0700][1201 ][info ][gc,heap     ] GC(256) Eden regions: 2563->0(2553)
[2025-10-13T23:51:01.419-0700][1201 ][info ][gc,heap     ] GC(256) Survivor regions: 231->227(350)
[2025-10-13T23:51:01.419-0700][1201 ][info ][gc,heap     ] GC(256) Old regions: 1066->1115
[2025-10-13T23:51:01.419-0700][1201 ][info ][gc,heap     ] GC(256) Humongous regions: 20->0
[2025-10-13T23:51:01.419-0700][1201 ][info ][gc,metaspace] GC(256) Metaspace: 320703K(326720K)->320703K(326720K) NonClass: 284111K(287296K)->284111K(287296K) Class: 36592K(39424K)->36592K(39424K)
[2025-10-13T23:51:01.419-0700][1201 ][info ][gc          ] GC(256) Pause Young (Normal) (G1 Evacuation Pause) 124110M->42907M(184320M) 188.000ms
[2025-10-13T23:51:01.420-0700][1201 ][info ][gc,cpu      ] GC(256) User=18.81s Sys=0.28s Real=0.19s
[2025-10-13T23:51:01.422-0700][1201 ][info ][safepoint   ] Safepoint "G1CollectForAllocation", Time since last: 143111231 ns, Reaching safepoint: 660526 ns, Cleanup: 4236 ns, At safepoint: 191447649 ns, Total: 192112411 ns
[2025-10-13T23:51:04.423-0700][1201 ][info ][safepoint   ] Safepoint "Cleanup", Time since last: 3000207315 ns, Reaching safepoint: 881668 ns, Cleanup: 15073 ns, At safepoint: 377689 ns, Total: 1274430 ns
[2025-10-13T23:51:05.424-0700][1201 ][info ][safepoint   ] Safepoint "Cleanup", Time since last: 1000103767 ns, Reaching safepoint: 830402 ns, Cleanup: 11337 ns, At safepoint: 193111 ns, Total: 1034850 ns
[2025-10-13T23:51:07.425-0700][1201 ][info ][safepoint   ] Safepoint "Cleanup", Time since last: 2000172411 ns, Reaching safepoint: 714817 ns, Cleanup: 15894 ns, At safepoint: 183527 ns, Total: 914238 ns
[2025-10-13T23:51:08.427-0700][1201 ][info ][safepoint   ] Safepoint "Cleanup", Time since last: 1000094843 ns, Reaching safepoint: 826696 ns, Cleanup: 24167 ns, At safepoint: 809049 ns, Total: 1659912 ns
[2025-10-13T23:51:08.513-0700][1201 ][info ][gc,start    ] GC(257) Pause Young (Normal) (G1 Evacuation Pause)
[2025-10-13T23:51:08.513-0700][1201 ][info ][gc,task     ] GC(257) Using 113 workers of 113 for evacuation
[2025-10-13T23:51:08.527-0700][1201 ][debug][gc,remset   ] GC(257) Visited cards 10131200 Total dirty 68419584 (14.81%) Total old 447938560 (2.26%)
[2025-10-13T23:51:08.704-0700][1201 ][info ][gc,phases   ] GC(257)   Pre Evacuate Collection Set: 0.7ms
[2025-10-13T23:51:08.704-0700][1201 ][info ][gc,phases   ] GC(257)   Merge Heap Roots: 13.0ms
[2025-10-13T23:51:08.704-0700][1201 ][info ][gc,phases   ] GC(257)   Evacuate Collection Set: 161.4ms
[2025-10-13T23:51:08.704-0700][1201 ][info ][gc,phases   ] GC(257)   Post Evacuate Collection Set: 15.6ms
[2025-10-13T23:51:08.704-0700][1201 ][info ][gc,phases   ] GC(257)   Other: 0.2ms
[2025-10-13T23:51:08.704-0700][1201 ][debug][gc,remset   ] GC(257) Coarsening (recent): Inline->AoC 39812 (3) AoC->Howl 169 (11) Howl->Full 0 (0) Inline->AoC 532 (3) AoC->BitMap 121 (7) BitMap->Full 0 (0) 
[2025-10-13T23:51:08.704-0700][1201 ][debug][gc,remset   ] GC(257) Coarsening (all): Inline->AoC 6890985 (270) AoC->Howl 104842 (1147) Howl->Full 0 (0) Inline->AoC 433283 (465) AoC->BitMap 109436 (1051) BitMap->Full 5 (0) 
[2025-10-13T23:51:08.704-0700][1201 ][info ][gc,heap     ] GC(257) Eden regions: 2626->0(1827)
[2025-10-13T23:51:08.704-0700][1201 ][info ][gc,heap     ] GC(257) Survivor regions: 227->249(357)
[2025-10-13T23:51:08.704-0700][1201 ][info ][gc,heap     ] GC(257) Old regions: 1115->1157
[2025-10-13T23:51:08.704-0700][1201 ][info ][gc,heap     ] GC(257) Humongous regions: 14->0
[2025-10-13T23:51:08.704-0700][1201 ][info ][gc,metaspace] GC(257) Metaspace: 320713K(326784K)->320713K(326784K) NonClass: 284119K(287360K)->284119K(287360K) Class: 36593K(39424K)->36593K(39424K)
[2025-10-13T23:51:08.704-0700][1201 ][info ][gc          ] GC(257) Pause Young (Normal) (G1 Evacuation Pause) 127387M->44967M(184320M) 191.000ms
[2025-10-13T23:51:08.705-0700][1201 ][info ][gc,cpu      ] GC(257) User=19.19s Sys=0.28s Real=0.19s
[2025-10-13T23:51:08.706-0700][1201 ][info ][safepoint   ] Safepoint "G1CollectForAllocation", Time since last: 83947358 ns, Reaching safepoint: 752124 ns, Cleanup: 4907 ns, At safepoint: 194403403 ns, Total: 195160434 ns
[2025-10-13T23:51:09.707-0700][1201 ][info ][safepoint   ] Safepoint "Cleanup", Time since last: 1000088404 ns, Reaching safepoint: 771422 ns, Cleanup: 14442 ns, At safepoint: 79209 ns, Total: 865073 ns
[2025-10-13T23:51:10.708-0700][1201 ][info ][safepoint   ] Safepoint "Cleanup", Time since last: 1000100282 ns, Reaching safepoint: 732154 ns, Cleanup: 10415 ns, At safepoint: 173973 ns, Total: 916542 ns
[2025-10-13T23:51:11.709-0700][1201 ][info ][safepoint   ] Safepoint "Cleanup", Time since last: 1000106300 ns, Reaching safepoint: 708398 ns, Cleanup: 10235 ns, At safepoint: 167142 ns, Total: 885775 ns
[2025-10-13T23:51:14.716-0700][1201 ][info ][safepoint   ] Safepoint "Cleanup", Time since last: 3000182117 ns, Reaching safepoint: 4913744 ns, Cleanup: 25549 ns, At safepoint: 2154116 ns, Total: 7093409 ns
[2025-10-13T23:51:16.053-0700][1201 ][info ][gc,start    ] GC(258) Pause Young (Normal) (G1 Evacuation Pause)
[2025-10-13T23:51:16.053-0700][1201 ][info ][gc,task     ] GC(258) Using 113 workers of 113 for evacuation
[2025-10-13T23:51:16.067-0700][1201 ][debug][gc,remset   ] GC(258) Visited cards 10138880 Total dirty 70582272 (14.36%) Total old 362348544 (2.80%)
[2025-10-13T23:51:16.239-0700][1201 ][info ][gc,phases   ] GC(258)   Pre Evacuate Collection Set: 0.7ms
[2025-10-13T23:51:16.239-0700][1201 ][info ][gc,phases   ] GC(258)   Merge Heap Roots: 13.0ms
[2025-10-13T23:51:16.239-0700][1201 ][info ][gc,phases   ] GC(258)   Evacuate Collection Set: 160.5ms
[2025-10-13T23:51:16.239-0700][1201 ][info ][gc,phases   ] GC(258)   Post Evacuate Collection Set: 11.8ms
[2025-10-13T23:51:16.239-0700][1201 ][info ][gc,phases   ] GC(258)   Other: 0.1ms
[2025-10-13T23:51:16.239-0700][1201 ][debug][gc,remset   ] GC(258) Coarsening (recent): Inline->AoC 42213 (0) AoC->Howl 149 (0) Howl->Full 0 (0) Inline->AoC 475 (0) AoC->BitMap 85 (0) BitMap->Full 0 (0) 
[2025-10-13T23:51:16.239-0700][1201 ][debug][gc,remset   ] GC(258) Coarsening (all): Inline->AoC 6933198 (270) AoC->Howl 104991 (1147) Howl->Full 0 (0) Inline->AoC 433758 (465) AoC->BitMap 109521 (1051) BitMap->Full 5 (0) 
[2025-10-13T23:51:16.239-0700][1201 ][info ][gc,heap     ] GC(258) Eden regions: 1931->0(3306)
[2025-10-13T23:51:16.239-0700][1201 ][info ][gc,heap     ] GC(258) Survivor regions: 249->150(273)
[2025-10-13T23:51:16.239-0700][1201 ][info ][gc,heap     ] GC(258) Old regions: 1157->1290
[2025-10-13T23:51:16.239-0700][1201 ][info ][gc,heap     ] GC(258) Humongous regions: 12->0
[2025-10-13T23:51:16.239-0700][1201 ][info ][gc,metaspace] GC(258) Metaspace: 320714K(326784K)->320714K(326784K) NonClass: 284121K(287360K)->284121K(287360K) Class: 36593K(39424K)->36593K(39424K)
[2025-10-13T23:51:16.239-0700][1201 ][info ][gc          ] GC(258) Pause Young (Normal) (G1 Evacuation Pause) 107143M->46039M(184320M) 186.358ms
[2025-10-13T23:51:16.240-0700][1201 ][info ][gc,cpu      ] GC(258) User=18.43s Sys=0.25s Real=0.19s
[2025-10-13T23:51:16.241-0700][1201 ][info ][safepoint   ] Safepoint "G1CollectForAllocation", Time since last: 1334346251 ns, Reaching safepoint: 815328 ns, Cleanup: 4788 ns, At safepoint: 189858764 ns, Total: 190678880 ns
[2025-10-13T23:51:16.477-0700][1201 ][info ][gc,start    ] GC(259) Pause Young (Concurrent Start) (G1 Humongous Allocation)
[2025-10-13T23:51:16.477-0700][1201 ][info ][gc,task     ] GC(259) Using 113 workers of 113 for evacuation
[2025-10-13T23:51:16.486-0700][1201 ][debug][gc,remset   ] GC(259) Visited cards 9342976 Total dirty 77660160 (12.03%) Total old 114032640 (8.19%)
[2025-10-13T23:51:16.571-0700][1201 ][info ][gc,phases   ] GC(259)   Pre Evacuate Collection Set: 0.9ms
[2025-10-13T23:51:16.571-0700][1201 ][info ][gc,phases   ] GC(259)   Merge Heap Roots: 8.0ms
[2025-10-13T23:51:16.571-0700][1201 ][info ][gc,phases   ] GC(259)   Evacuate Collection Set: 77.2ms
[2025-10-13T23:51:16.571-0700][1201 ][info ][gc,phases   ] GC(259)   Post Evacuate Collection Set: 8.0ms
[2025-10-13T23:51:16.571-0700][1201 ][info ][gc,phases   ] GC(259)   Other: 0.1ms
[2025-10-13T23:51:16.571-0700][1201 ][debug][gc,remset   ] GC(259) Coarsening (recent): Inline->AoC 0 (0) AoC->Howl 0 (0) Howl->Full 0 (0) Inline->AoC 0 (0) AoC->BitMap 0 (0) BitMap->Full 0 (0) 
[2025-10-13T23:51:16.571-0700][1201 ][debug][gc,remset   ] GC(259) Coarsening (all): Inline->AoC 6933198 (270) AoC->Howl 104991 (1147) Howl->Full 0 (0) Inline->AoC 433758 (465) AoC->BitMap 109521 (1051) BitMap->Full 5 (0) 
[2025-10-13T23:51:16.571-0700][1201 ][info ][gc,heap     ] GC(259) Eden regions: 75->0(1403)
[2025-10-13T23:51:16.571-0700][1201 ][info ][gc,heap     ] GC(259) Survivor regions: 150->138(432)
[2025-10-13T23:51:16.571-0700][1201 ][info ][gc,heap     ] GC(259) Old regions: 1290->1290
[2025-10-13T23:51:16.571-0700][1201 ][info ][gc,heap     ] GC(259) Humongous regions: 0->0
[2025-10-13T23:51:16.571-0700][1201 ][info ][gc,metaspace] GC(259) Metaspace: 320714K(326784K)->320714K(326784K) NonClass: 284121K(287360K)->284121K(287360K) Class: 36593K(39424K)->36593K(39424K)
[2025-10-13T23:51:16.571-0700][1201 ][info ][gc          ] GC(259) Pause Young (Concurrent Start) (G1 Humongous Allocation) 48419M->45659M(184320M) 94.367ms
[2025-10-13T23:51:16.572-0700][1084 ][info ][gc          ] GC(260) Concurrent Mark Cycle
[2025-10-13T23:51:16.572-0700][1084 ][info ][gc,marking  ] GC(260) Concurrent Scan Root Regions
[2025-10-13T23:51:16.573-0700][1201 ][info ][gc,cpu      ] GC(259) User=7.99s Sys=0.10s Real=0.10s
[2025-10-13T23:51:16.574-0700][1201 ][info ][safepoint   ] Safepoint "G1TryInitiateConcMark", Time since last: 233531544 ns, Reaching safepoint: 719044 ns, Cleanup: 6059 ns, At safepoint: 98793590 ns, Total: 99518693 ns
[2025-10-13T23:51:16.618-0700][1084 ][info ][gc,marking  ] GC(260) Concurrent Scan Root Regions 46.054ms
[2025-10-13T23:51:16.618-0700][1084 ][info ][gc,marking  ] GC(260) Concurrent Mark
[2025-10-13T23:51:16.618-0700][1084 ][info ][gc,marking  ] GC(260) Concurrent Mark From Roots
[2025-10-13T23:51:16.618-0700][1084 ][info ][gc,task     ] GC(260) Using 36 workers of 36 for marking
[2025-10-13T23:51:16.845-0700][1084 ][info ][gc,marking  ] GC(260) Concurrent Mark From Roots 227.342ms
[2025-10-13T23:51:16.845-0700][1084 ][info ][gc,marking  ] GC(260) Concurrent Preclean
[2025-10-13T23:51:16.876-0700][1084 ][info ][gc,marking  ] GC(260) Concurrent Preclean 30.982ms
[2025-10-13T23:51:16.878-0700][1201 ][info ][gc,start    ] GC(260) Pause Remark
[2025-10-13T23:51:17.081-0700][1201 ][info ][gc,mmu      ] GC(260) MMU target violated: 201.0ms (200.0ms/201.0ms)
[2025-10-13T23:51:17.081-0700][1201 ][info ][gc          ] GC(260) Pause Remark 48683M->47883M(184320M) 202.730ms
[2025-10-13T23:51:17.082-0700][1201 ][info ][gc,cpu      ] GC(260) User=13.07s Sys=0.03s Real=0.21s
[2025-10-13T23:51:17.084-0700][1201 ][info ][safepoint   ] Safepoint "G1PauseRemark", Time since last: 301594848 ns, Reaching safepoint: 724301 ns, Cleanup: 4377 ns, At safepoint: 206938882 ns, Total: 207667560 ns
[2025-10-13T23:51:17.085-0700][1084 ][info ][gc,marking  ] GC(260) Concurrent Mark 467.539ms
[2025-10-13T23:51:17.085-0700][1084 ][info ][gc,marking  ] GC(260) Concurrent Rebuild Remembered Sets and Scrub Regions
[2025-10-13T23:51:17.574-0700][1084 ][info ][gc,marking  ] GC(260) Concurrent Rebuild Remembered Sets and Scrub Regions 488.887ms
[2025-10-13T23:51:17.591-0700][1201 ][info ][gc,start    ] GC(260) Pause Cleanup
[2025-10-13T23:51:17.593-0700][1201 ][info ][gc          ] GC(260) Pause Cleanup 54556M->54556M(184320M) 2.167ms
[2025-10-13T23:51:17.594-0700][1201 ][info ][gc,cpu      ] GC(260) User=0.02s Sys=0.00s Real=0.00s
[2025-10-13T23:51:17.597-0700][1201 ][info ][safepoint   ] Safepoint "G1PauseCleanup", Time since last: 490453054 ns, Reaching safepoint: 15434428 ns, Cleanup: 51758 ns, At safepoint: 6858595 ns, Total: 22344781 ns
[2025-10-13T23:51:17.597-0700][1084 ][info ][gc,marking  ] GC(260) Concurrent Clear Claimed Marks
[2025-10-13T23:51:17.598-0700][1084 ][info ][gc,marking  ] GC(260) Concurrent Clear Claimed Marks 1.220ms
[2025-10-13T23:51:17.598-0700][1084 ][info ][gc,marking  ] GC(260) Concurrent Cleanup for Next Mark
[2025-10-13T23:51:17.634-0700][1084 ][info ][gc,marking  ] GC(260) Concurrent Cleanup for Next Mark 36.091ms
[2025-10-13T23:51:17.634-0700][1084 ][info ][gc          ] GC(260) Concurrent Mark Cycle 1062.626ms
[2025-10-13T23:51:21.151-0700][1201 ][info ][gc,start    ] GC(261) Pause Young (Prepare Mixed) (G1 Evacuation Pause)
[2025-10-13T23:51:21.151-0700][1201 ][info ][gc,task     ] GC(261) Using 113 workers of 113 for evacuation
[2025-10-13T23:51:21.165-0700][1201 ][debug][gc,remset   ] GC(261) Visited cards 10288128 Total dirty 78184448 (13.16%) Total old 273154048 (3.77%)
[2025-10-13T23:51:21.284-0700][1201 ][info ][gc,phases   ] GC(261)   Pre Evacuate Collection Set: 0.7ms
[2025-10-13T23:51:21.285-0700][1201 ][info ][gc,phases   ] GC(261)   Merge Heap Roots: 12.7ms
[2025-10-13T23:51:21.285-0700][1201 ][info ][gc,phases   ] GC(261)   Evacuate Collection Set: 108.0ms
[2025-10-13T23:51:21.285-0700][1201 ][info ][gc,phases   ] GC(261)   Post Evacuate Collection Set: 11.5ms
[2025-10-13T23:51:21.285-0700][1201 ][info ][gc,phases   ] GC(261)   Other: 0.1ms
[2025-10-13T23:51:21.285-0700][1201 ][debug][gc,remset   ] GC(261) Coarsening (recent): Inline->AoC 168320 (0) AoC->Howl 7691 (0) Howl->Full 0 (0) Inline->AoC 29045 (1) AoC->BitMap 9249 (0) BitMap->Full 0 (0) 
[2025-10-13T23:51:21.285-0700][1201 ][debug][gc,remset   ] GC(261) Coarsening (all): Inline->AoC 7101518 (270) AoC->Howl 112682 (1147) Howl->Full 0 (0) Inline->AoC 462803 (466) AoC->BitMap 118770 (1051) BitMap->Full 5 (0) 
[2025-10-13T23:51:21.285-0700][1201 ][info ][gc,heap     ] GC(261) Eden regions: 1309->0(1456)
[2025-10-13T23:51:21.285-0700][1201 ][info ][gc,heap     ] GC(261) Survivor regions: 138->128(181)
[2025-10-13T23:51:21.285-0700][1201 ][info ][gc,heap     ] GC(261) Old regions: 1265->1309
[2025-10-13T23:51:21.285-0700][1201 ][info ][gc,heap     ] GC(261) Humongous regions: 9->0
[2025-10-13T23:51:21.285-0700][1201 ][info ][gc,metaspace] GC(261) Metaspace: 320480K(326784K)->320480K(326784K) NonClass: 283926K(287360K)->283926K(287360K) Class: 36554K(39424K)->36554K(39424K)
[2025-10-13T23:51:21.285-0700][1201 ][info ][gc          ] GC(261) Pause Young (Prepare Mixed) (G1 Evacuation Pause) 87035M->45966M(184320M) 133.270ms
[2025-10-13T23:51:21.286-0700][1201 ][info ][gc,cpu      ] GC(261) User=12.61s Sys=0.04s Real=0.13s
[2025-10-13T23:51:21.287-0700][1201 ][info ][safepoint   ] Safepoint "G1CollectForAllocation", Time since last: 3552833467 ns, Reaching safepoint: 869990 ns, Cleanup: 4658 ns, At safepoint: 136783326 ns, Total: 137657974 ns
[2025-10-13T23:51:29.929-0700][1201 ][info ][gc,start    ] GC(262) Pause Young (Mixed) (G1 Evacuation Pause)
[2025-10-13T23:51:29.929-0700][1201 ][info ][gc,task     ] GC(262) Using 113 workers of 113 for evacuation
[2025-10-13T23:51:29.943-0700][1201 ][debug][gc,remset   ] GC(262) Visited cards 10712064 Total dirty 75366400 (14.21%) Total old 337248256 (3.18%)
[2025-10-13T23:51:30.047-0700][1201 ][info ][gc,phases   ] GC(262)   Pre Evacuate Collection Set: 0.7ms
[2025-10-13T23:51:30.047-0700][1201 ][info ][gc,phases   ] GC(262)   Merge Heap Roots: 12.6ms
[2025-10-13T23:51:30.047-0700][1201 ][info ][gc,phases   ] GC(262)   Evacuate Collection Set: 94.0ms
[2025-10-13T23:51:30.047-0700][1201 ][info ][gc,phases   ] GC(262)   Post Evacuate Collection Set: 10.5ms
[2025-10-13T23:51:30.047-0700][1201 ][info ][gc,phases   ] GC(262)   Other: 0.2ms
[2025-10-13T23:51:30.047-0700][1201 ][debug][gc,remset   ] GC(262) Coarsening (recent): Inline->AoC 16722 (0) AoC->Howl 194 (0) Howl->Full 0 (0) Inline->AoC 488 (0) AoC->BitMap 157 (0) BitMap->Full 0 (0) 
[2025-10-13T23:51:30.047-0700][1201 ][debug][gc,remset   ] GC(262) Coarsening (all): Inline->AoC 7118240 (270) AoC->Howl 112876 (1147) Howl->Full 0 (0) Inline->AoC 463291 (466) AoC->BitMap 118927 (1051) BitMap->Full 5 (0) 
[2025-10-13T23:51:30.047-0700][1201 ][info ][gc,heap     ] GC(262) Eden regions: 1743->0(1533)
[2025-10-13T23:51:30.047-0700][1201 ][info ][gc,heap     ] GC(262) Survivor regions: 128->151(234)
[2025-10-13T23:51:30.047-0700][1201 ][info ][gc,heap     ] GC(262) Old regions: 1309->1229
[2025-10-13T23:51:30.047-0700][1201 ][info ][gc,heap     ] GC(262) Humongous regions: 8->0
[2025-10-13T23:51:30.047-0700][1201 ][info ][gc,metaspace] GC(262) Metaspace: 320485K(326784K)->320485K(326784K) NonClass: 283931K(287360K)->283931K(287360K) Class: 36554K(39424K)->36554K(39424K)
[2025-10-13T23:51:30.047-0700][1201 ][info ][gc          ] GC(262) Pause Young (Mixed) (G1 Evacuation Pause) 101998M->44152M(184320M) 118.145ms
[2025-10-13T23:51:30.049-0700][1201 ][info ][gc,cpu      ] GC(262) User=11.58s Sys=0.11s Real=0.12s
[2025-10-13T23:51:30.050-0700][1201 ][info ][safepoint   ] Safepoint "G1CollectForAllocation", Time since last: 8640318573 ns, Reaching safepoint: 776750 ns, Cleanup: 6420 ns, At safepoint: 121584093 ns, Total: 122367263 ns
[2025-10-13T23:51:32.051-0700][1201 ][info ][safepoint   ] Safepoint "Cleanup", Time since last: 2000158962 ns, Reaching safepoint: 734927 ns, Cleanup: 16956 ns, At safepoint: 247603 ns, Total: 999486 ns
[2025-10-13T23:51:35.052-0700][1201 ][info ][safepoint   ] Safepoint "Cleanup", Time since last: 3000229600 ns, Reaching safepoint: 838123 ns, Cleanup: 13971 ns, At safepoint: 342015 ns, Total: 1194109 ns
[2025-10-13T23:51:40.088-0700][1201 ][info ][gc,start    ] GC(263) Pause Young (Mixed) (G1 Evacuation Pause)
[2025-10-13T23:51:40.088-0700][1201 ][info ][gc,task     ] GC(263) Using 113 workers of 113 for evacuation
[2025-10-13T23:51:40.101-0700][1201 ][debug][gc,remset   ] GC(263) Visited cards 11091968 Total dirty 70909952 (15.64%) Total old 345702400 (3.21%)
[2025-10-13T23:51:40.233-0700][1201 ][info ][gc,phases   ] GC(263)   Pre Evacuate Collection Set: 0.7ms
[2025-10-13T23:51:40.233-0700][1201 ][info ][gc,phases   ] GC(263)   Merge Heap Roots: 12.3ms
[2025-10-13T23:51:40.233-0700][1201 ][info ][gc,phases   ] GC(263)   Evacuate Collection Set: 118.5ms
[2025-10-13T23:51:40.233-0700][1201 ][info ][gc,phases   ] GC(263)   Post Evacuate Collection Set: 12.9ms
[2025-10-13T23:51:40.233-0700][1201 ][info ][gc,phases   ] GC(263)   Other: 0.2ms
[2025-10-13T23:51:40.233-0700][1201 ][debug][gc,remset   ] GC(263) Coarsening (recent): Inline->AoC 11487 (0) AoC->Howl 110 (0) Howl->Full 0 (0) Inline->AoC 407 (0) AoC->BitMap 62 (0) BitMap->Full 0 (0) 
[2025-10-13T23:51:40.233-0700][1201 ][debug][gc,remset   ] GC(263) Coarsening (all): Inline->AoC 7129727 (270) AoC->Howl 112986 (1147) Howl->Full 0 (0) Inline->AoC 463698 (466) AoC->BitMap 118989 (1051) BitMap->Full 5 (0) 
[2025-10-13T23:51:40.233-0700][1201 ][info ][gc,heap     ] GC(263) Eden regions: 1826->0(1866)
[2025-10-13T23:51:40.233-0700][1201 ][info ][gc,heap     ] GC(263) Survivor regions: 151->139(248)
[2025-10-13T23:51:40.233-0700][1201 ][info ][gc,heap     ] GC(263) Old regions: 1229->1192
[2025-10-13T23:51:40.233-0700][1201 ][info ][gc,heap     ] GC(263) Humongous regions: 5->0
[2025-10-13T23:51:40.233-0700][1201 ][info ][gc,metaspace] GC(263) Metaspace: 320489K(326784K)->320489K(326784K) NonClass: 283934K(287360K)->283934K(287360K) Class: 36554K(39424K)->36554K(39424K)
[2025-10-13T23:51:40.233-0700][1201 ][info ][gc          ] GC(263) Pause Young (Mixed) (G1 Evacuation Pause) 102744M->42578M(184320M) 144.665ms
[2025-10-13T23:51:40.234-0700][1201 ][info ][gc,cpu      ] GC(263) User=13.62s Sys=0.10s Real=0.15s
[2025-10-13T23:51:40.235-0700][1201 ][info ][safepoint   ] Safepoint "G1CollectForAllocation", Time since last: 5033630984 ns, Reaching safepoint: 916231 ns, Cleanup: 5158 ns, At safepoint: 148267591 ns, Total: 149188980 ns
[2025-10-13T23:51:44.236-0700][1201 ][info ][safepoint   ] Safepoint "Cleanup", Time since last: 4000256883 ns, Reaching safepoint: 847226 ns, Cleanup: 26110 ns, At safepoint: 249966 ns, Total: 1123302 ns
[2025-10-13T23:51:45.256-0700][1201 ][info ][safepoint   ] Safepoint "Cleanup", Time since last: 1000101575 ns, Reaching safepoint: 16599233 ns, Cleanup: 10506 ns, At safepoint: 2558365 ns, Total: 19168104 ns
[2025-10-13T23:51:46.258-0700][1201 ][info ][safepoint   ] Safepoint "Cleanup", Time since last: 1000145160 ns, Reaching safepoint: 895970 ns, Cleanup: 12689 ns, At safepoint: 1262002 ns, Total: 2170661 ns
[2025-10-13T23:51:48.791-0700][1201 ][info ][gc,start    ] GC(264) Pause Young (Mixed) (G1 Evacuation Pause)
[2025-10-13T23:51:48.791-0700][1201 ][info ][gc,task     ] GC(264) Using 113 workers of 113 for evacuation
[2025-10-13T23:51:48.805-0700][1201 ][debug][gc,remset   ] GC(264) Visited cards 11977472 Total dirty 69664768 (17.19%) Total old 365887488 (3.27%)
[2025-10-13T23:51:48.928-0700][1201 ][info ][gc,phases   ] GC(264)   Pre Evacuate Collection Set: 0.8ms
[2025-10-13T23:51:48.928-0700][1201 ][info ][gc,phases   ] GC(264)   Merge Heap Roots: 13.3ms
[2025-10-13T23:51:48.928-0700][1201 ][info ][gc,phases   ] GC(264)   Evacuate Collection Set: 109.5ms
[2025-10-13T23:51:48.928-0700][1201 ][info ][gc,phases   ] GC(264)   Post Evacuate Collection Set: 13.2ms
[2025-10-13T23:51:48.928-0700][1201 ][info ][gc,phases   ] GC(264)   Other: 0.2ms
[2025-10-13T23:51:48.928-0700][1201 ][debug][gc,remset   ] GC(264) Coarsening (recent): Inline->AoC 35100 (0) AoC->Howl 333 (0) Howl->Full 0 (0) Inline->AoC 1101 (0) AoC->BitMap 272 (0) BitMap->Full 0 (0) 
[2025-10-13T23:51:48.928-0700][1201 ][debug][gc,remset   ] GC(264) Coarsening (all): Inline->AoC 7164827 (270) AoC->Howl 113319 (1147) Howl->Full 0 (0) Inline->AoC 464799 (466) AoC->BitMap 119261 (1051) BitMap->Full 5 (0) 
[2025-10-13T23:51:48.928-0700][1201 ][info ][gc,heap     ] GC(264) Eden regions: 2007->0(1953)
[2025-10-13T23:51:48.928-0700][1201 ][info ][gc,heap     ] GC(264) Survivor regions: 139->160(269)
[2025-10-13T23:51:48.928-0700][1201 ][info ][gc,heap     ] GC(264) Old regions: 1192->1113
[2025-10-13T23:51:48.928-0700][1201 ][info ][gc,heap     ] GC(264) Humongous regions: 12->0
[2025-10-13T23:51:48.928-0700][1201 ][info ][gc,metaspace] GC(264) Metaspace: 320497K(326784K)->320497K(326784K) NonClass: 283941K(287360K)->283941K(287360K) Class: 36555K(39424K)->36555K(39424K)
[2025-10-13T23:51:48.928-0700][1201 ][info ][gc          ] GC(264) Pause Young (Mixed) (G1 Evacuation Pause) 107186M->40710M(184320M) 137.257ms
[2025-10-13T23:51:48.929-0700][1201 ][info ][gc,cpu      ] GC(264) User=12.38s Sys=0.28s Real=0.14s
[2025-10-13T23:51:48.931-0700][1201 ][info ][safepoint   ] Safepoint "G1CollectForAllocation", Time since last: 2530718963 ns, Reaching safepoint: 852765 ns, Cleanup: 7882 ns, At safepoint: 140998267 ns, Total: 141858914 ns
[2025-10-13T23:51:54.932-0700][1201 ][info ][safepoint   ] Safepoint "Cleanup", Time since last: 6000421423 ns, Reaching safepoint: 834588 ns, Cleanup: 14622 ns, At safepoint: 194723 ns, Total: 1043933 ns
[2025-10-13T23:51:57.933-0700][1201 ][info ][safepoint   ] Safepoint "Cleanup", Time since last: 3000182379 ns, Reaching safepoint: 720445 ns, Cleanup: 12750 ns, At safepoint: 109414 ns, Total: 842609 ns
[2025-10-13T23:51:58.705-0700][1201 ][info ][gc,start    ] GC(265) Pause Young (Mixed) (G1 Evacuation Pause)
[2025-10-13T23:51:58.705-0700][1201 ][info ][gc,task     ] GC(265) Using 113 workers of 113 for evacuation
[2025-10-13T23:51:58.720-0700][1201 ][debug][gc,remset   ] GC(265) Visited cards 11791616 Total dirty 65339392 (18.05%) Total old 373096448 (3.16%)
[2025-10-13T23:51:58.857-0700][1201 ][info ][gc,phases   ] GC(265)   Pre Evacuate Collection Set: 0.8ms
[2025-10-13T23:51:58.857-0700][1201 ][info ][gc,phases   ] GC(265)   Merge Heap Roots: 14.3ms
[2025-10-13T23:51:58.857-0700][1201 ][info ][gc,phases   ] GC(265)   Evacuate Collection Set: 121.8ms
[2025-10-13T23:51:58.857-0700][1201 ][info ][gc,phases   ] GC(265)   Post Evacuate Collection Set: 14.8ms
[2025-10-13T23:51:58.857-0700][1201 ][info ][gc,phases   ] GC(265)   Other: 0.2ms
[2025-10-13T23:51:58.857-0700][1201 ][debug][gc,remset   ] GC(265) Coarsening (recent): Inline->AoC 40071 (0) AoC->Howl 188 (0) Howl->Full 0 (0) Inline->AoC 672 (0) AoC->BitMap 114 (0) BitMap->Full 0 (0) 
[2025-10-13T23:51:58.857-0700][1201 ][debug][gc,remset   ] GC(265) Coarsening (all): Inline->AoC 7204898 (270) AoC->Howl 113507 (1147) Howl->Full 0 (0) Inline->AoC 465471 (466) AoC->BitMap 119375 (1051) BitMap->Full 5 (0) 
[2025-10-13T23:51:58.857-0700][1201 ][info ][gc,heap     ] GC(265) Eden regions: 2079->0(2173)
[2025-10-13T23:51:58.857-0700][1201 ][info ][gc,heap     ] GC(265) Survivor regions: 160->157(280)
[2025-10-13T23:51:58.857-0700][1201 ][info ][gc,heap     ] GC(265) Old regions: 1113->1060
[2025-10-13T23:51:58.857-0700][1201 ][info ][gc,heap     ] GC(265) Humongous regions: 15->0
[2025-10-13T23:51:58.857-0700][1201 ][info ][gc,metaspace] GC(265) Metaspace: 320518K(326784K)->320518K(326784K) NonClass: 283960K(287360K)->283960K(287360K) Class: 36557K(39424K)->36557K(39424K)
[2025-10-13T23:51:58.857-0700][1201 ][info ][gc          ] GC(265) Pause Young (Mixed) (G1 Evacuation Pause) 107718M->38924M(184320M) 152.046ms
[2025-10-13T23:51:58.858-0700][1201 ][info ][gc,cpu      ] GC(265) User=13.72s Sys=0.24s Real=0.15s
[2025-10-13T23:51:58.859-0700][1201 ][info ][safepoint   ] Safepoint "G1CollectForAllocation", Time since last: 769303319 ns, Reaching safepoint: 1236073 ns, Cleanup: 5148 ns, At safepoint: 155482904 ns, Total: 156724125 ns
[2025-10-13T23:52:07.435-0700][1201 ][info ][gc,start    ] GC(266) Pause Young (Mixed) (G1 Evacuation Pause)
[2025-10-13T23:52:07.435-0700][1201 ][info ][gc,task     ] GC(266) Using 113 workers of 113 for evacuation
[2025-10-13T23:52:07.450-0700][1201 ][debug][gc,remset   ] GC(266) Visited cards 12697600 Total dirty 61669376 (20.59%) Total old 394854400 (3.22%)
[2025-10-13T23:52:07.596-0700][1201 ][info ][gc,phases   ] GC(266)   Pre Evacuate Collection Set: 0.8ms
[2025-10-13T23:52:07.596-0700][1201 ][info ][gc,phases   ] GC(266)   Merge Heap Roots: 14.4ms
[2025-10-13T23:52:07.596-0700][1201 ][info ][gc,phases   ] GC(266)   Evacuate Collection Set: 131.3ms
[2025-10-13T23:52:07.596-0700][1201 ][info ][gc,phases   ] GC(266)   Post Evacuate Collection Set: 14.8ms
[2025-10-13T23:52:07.596-0700][1201 ][info ][gc,phases   ] GC(266)   Other: 0.2ms
[2025-10-13T23:52:07.596-0700][1201 ][debug][gc,remset   ] GC(266) Coarsening (recent): Inline->AoC 37148 (0) AoC->Howl 275 (0) Howl->Full 0 (0) Inline->AoC 948 (0) AoC->BitMap 197 (0) BitMap->Full 0 (0) 
[2025-10-13T23:52:07.597-0700][1201 ][debug][gc,remset   ] GC(266) Coarsening (all): Inline->AoC 7242046 (270) AoC->Howl 113782 (1147) Howl->Full 0 (0) Inline->AoC 466419 (466) AoC->BitMap 119572 (1051) BitMap->Full 5 (0) 
[2025-10-13T23:52:07.597-0700][1201 ][info ][gc,heap     ] GC(266) Eden regions: 2276->0(1824)
[2025-10-13T23:52:07.597-0700][1201 ][info ][gc,heap     ] GC(266) Survivor regions: 157->204(305)
[2025-10-13T23:52:07.597-0700][1201 ][info ][gc,heap     ] GC(266) Old regions: 1060->982
[2025-10-13T23:52:07.597-0700][1201 ][info ][gc,heap     ] GC(266) Humongous regions: 12->0
[2025-10-13T23:52:07.597-0700][1201 ][info ][gc,metaspace] GC(266) Metaspace: 320527K(326784K)->320527K(326784K) NonClass: 283970K(287360K)->283970K(287360K) Class: 36557K(39424K)->36557K(39424K)
[2025-10-13T23:52:07.597-0700][1201 ][info ][gc          ] GC(266) Pause Young (Mixed) (G1 Evacuation Pause) 112140M->37950M(184320M) 161.655ms
[2025-10-13T23:52:07.598-0700][1201 ][info ][gc,cpu      ] GC(266) User=14.61s Sys=0.26s Real=0.16s
[2025-10-13T23:52:07.599-0700][1201 ][info ][safepoint   ] Safepoint "G1CollectForAllocation", Time since last: 8573340526 ns, Reaching safepoint: 1206238 ns, Cleanup: 4897 ns, At safepoint: 165108780 ns, Total: 166319915 ns
[2025-10-13T23:52:17.110-0700][1201 ][info ][gc,start    ] GC(267) Pause Young (Mixed) (G1 Evacuation Pause)
[2025-10-13T23:52:17.110-0700][1201 ][info ][gc,task     ] GC(267) Using 113 workers of 113 for evacuation
[2025-10-13T23:52:17.124-0700][1201 ][debug][gc,remset   ] GC(267) Visited cards 12727552 Total dirty 56492032 (22.53%) Total old 353239040 (3.60%)
[2025-10-13T23:52:17.268-0700][1201 ][info ][gc,phases   ] GC(267)   Pre Evacuate Collection Set: 0.7ms
[2025-10-13T23:52:17.268-0700][1201 ][info ][gc,phases   ] GC(267)   Merge Heap Roots: 12.6ms
[2025-10-13T23:52:17.268-0700][1201 ][info ][gc,phases   ] GC(267)   Evacuate Collection Set: 129.8ms
[2025-10-13T23:52:17.268-0700][1201 ][info ][gc,phases   ] GC(267)   Post Evacuate Collection Set: 14.5ms
[2025-10-13T23:52:17.268-0700][1201 ][info ][gc,phases   ] GC(267)   Other: 0.2ms
[2025-10-13T23:52:17.268-0700][1201 ][debug][gc,remset   ] GC(267) Coarsening (recent): Inline->AoC 46296 (0) AoC->Howl 303 (0) Howl->Full 0 (0) Inline->AoC 1394 (0) AoC->BitMap 169 (0) BitMap->Full 0 (0) 
[2025-10-13T23:52:17.268-0700][1201 ][debug][gc,remset   ] GC(267) Coarsening (all): Inline->AoC 7288342 (270) AoC->Howl 114085 (1147) Howl->Full 0 (0) Inline->AoC 467813 (466) AoC->BitMap 119741 (1051) BitMap->Full 5 (0) 
[2025-10-13T23:52:17.268-0700][1201 ][info ][gc,heap     ] GC(267) Eden regions: 1954->0(2285)
[2025-10-13T23:52:17.268-0700][1201 ][info ][gc,heap     ] GC(267) Survivor regions: 204->167(270)
[2025-10-13T23:52:17.268-0700][1201 ][info ][gc,heap     ] GC(267) Old regions: 982->957
[2025-10-13T23:52:17.268-0700][1201 ][info ][gc,heap     ] GC(267) Humongous regions: 5->0
[2025-10-13T23:52:17.268-0700][1201 ][info ][gc,metaspace] GC(267) Metaspace: 320557K(326784K)->320557K(326784K) NonClass: 283995K(287360K)->283995K(287360K) Class: 36561K(39424K)->36561K(39424K)
[2025-10-13T23:52:17.268-0700][1201 ][info ][gc          ] GC(267) Pause Young (Mixed) (G1 Evacuation Pause) 100638M->35929M(184320M) 157.914ms
[2025-10-13T23:52:17.269-0700][1201 ][info ][gc,cpu      ] GC(267) User=15.50s Sys=0.33s Real=0.16s
[2025-10-13T23:52:17.271-0700][1201 ][info ][safepoint   ] Safepoint "G1CollectForAllocation", Time since last: 9509639057 ns, Reaching safepoint: 739724 ns, Cleanup: 4377 ns, At safepoint: 161309024 ns, Total: 162053125 ns
[2025-10-13T23:52:25.054-0700][1201 ][info ][safepoint   ] Safepoint "Cleanup", Time since last: 7781889413 ns, Reaching safepoint: 886125 ns, Cleanup: 14462 ns, At safepoint: 424089 ns, Total: 1324676 ns
[2025-10-13T23:52:26.354-0700][1201 ][info ][gc,start    ] GC(268) Pause Young (Mixed) (G1 Evacuation Pause)
[2025-10-13T23:52:26.354-0700][1201 ][info ][gc,task     ] GC(268) Using 113 workers of 113 for evacuation
[2025-10-13T23:52:26.367-0700][1201 ][debug][gc,remset   ] GC(268) Visited cards 13786112 Total dirty 56098816 (24.57%) Total old 405340160 (3.40%)
[2025-10-13T23:52:26.517-0700][1201 ][info ][gc,phases   ] GC(268)   Pre Evacuate Collection Set: 0.7ms
[2025-10-13T23:52:26.517-0700][1201 ][info ][gc,phases   ] GC(268)   Merge Heap Roots: 12.5ms
[2025-10-13T23:52:26.517-0700][1201 ][info ][gc,phases   ] GC(268)   Evacuate Collection Set: 135.6ms
[2025-10-13T23:52:26.517-0700][1201 ][info ][gc,phases   ] GC(268)   Post Evacuate Collection Set: 14.1ms
[2025-10-13T23:52:26.517-0700][1201 ][info ][gc,phases   ] GC(268)   Other: 0.2ms
[2025-10-13T23:52:26.517-0700][1201 ][debug][gc,remset   ] GC(268) Coarsening (recent): Inline->AoC 37760 (0) AoC->Howl 301 (0) Howl->Full 0 (0) Inline->AoC 1024 (0) AoC->BitMap 206 (0) BitMap->Full 0 (0) 
[2025-10-13T23:52:26.517-0700][1201 ][debug][gc,remset   ] GC(268) Coarsening (all): Inline->AoC 7326102 (270) AoC->Howl 114386 (1147) Howl->Full 0 (0) Inline->AoC 468837 (466) AoC->BitMap 119947 (1051) BitMap->Full 5 (0) 
[2025-10-13T23:52:26.517-0700][1201 ][info ][gc,heap     ] GC(268) Eden regions: 2394->0(1923)
[2025-10-13T23:52:26.517-0700][1201 ][info ][gc,heap     ] GC(268) Survivor regions: 167->200(321)
[2025-10-13T23:52:26.517-0700][1201 ][info ][gc,heap     ] GC(268) Old regions: 957->886
[2025-10-13T23:52:26.517-0700][1201 ][info ][gc,heap     ] GC(268) Humongous regions: 19->1
[2025-10-13T23:52:26.517-0700][1201 ][info ][gc,metaspace] GC(268) Metaspace: 320562K(326784K)->320562K(326784K) NonClass: 283999K(287360K)->283999K(287360K) Class: 36562K(39424K)->36562K(39424K)
[2025-10-13T23:52:26.517-0700][1201 ][info ][gc          ] GC(268) Pause Young (Mixed) (G1 Evacuation Pause) 113145M->34748M(184320M) 163.312ms
[2025-10-13T23:52:26.519-0700][1201 ][info ][gc,cpu      ] GC(268) User=15.13s Sys=0.23s Real=0.17s
[2025-10-13T23:52:26.520-0700][1201 ][info ][safepoint   ] Safepoint "G1CollectForAllocation", Time since last: 1298471412 ns, Reaching safepoint: 730942 ns, Cleanup: 14261 ns, At safepoint: 166883244 ns, Total: 167628447 ns
[2025-10-13T23:52:27.521-0700][1201 ][info ][safepoint   ] Safepoint "Cleanup", Time since last: 1000099371 ns, Reaching safepoint: 742889 ns, Cleanup: 20631 ns, At safepoint: 105079 ns, Total: 868599 ns
[2025-10-13T23:52:28.522-0700][1201 ][info ][safepoint   ] Safepoint "Cleanup", Time since last: 1000097197 ns, Reaching safepoint: 813706 ns, Cleanup: 11057 ns, At safepoint: 236667 ns, Total: 1061430 ns
[2025-10-13T23:52:29.523-0700][1201 ][info ][safepoint   ] Safepoint "Cleanup", Time since last: 1000101392 ns, Reaching safepoint: 813115 ns, Cleanup: 17737 ns, At safepoint: 210497 ns, Total: 1041349 ns
[2025-10-13T23:52:30.524-0700][1201 ][info ][safepoint   ] Safepoint "Cleanup", Time since last: 1000096585 ns, Reaching safepoint: 890311 ns, Cleanup: 14061 ns, At safepoint: 287524 ns, Total: 1191896 ns
[2025-10-13T23:52:31.526-0700][1201 ][info ][safepoint   ] Safepoint "Cleanup", Time since last: 1000098117 ns, Reaching safepoint: 838313 ns, Cleanup: 10586 ns, At safepoint: 402747 ns, Total: 1251646 ns
[2025-10-13T23:52:34.527-0700][1201 ][info ][safepoint   ] Safepoint "Cleanup", Time since last: 3000221281 ns, Reaching safepoint: 733806 ns, Cleanup: 16204 ns, At safepoint: 155865 ns, Total: 905875 ns
[2025-10-13T23:52:34.791-0700][1201 ][info ][gc,start    ] GC(269) Pause Young (Mixed) (G1 Evacuation Pause)
[2025-10-13T23:52:34.791-0700][1201 ][info ][gc,task     ] GC(269) Using 113 workers of 113 for evacuation
[2025-10-13T23:52:34.804-0700][1201 ][debug][gc,remset   ] GC(269) Visited cards 14621952 Total dirty 53018624 (27.58%) Total old 372047872 (3.93%)
[2025-10-13T23:52:34.980-0700][1201 ][info ][gc,phases   ] GC(269)   Pre Evacuate Collection Set: 0.7ms
[2025-10-13T23:52:34.980-0700][1201 ][info ][gc,phases   ] GC(269)   Merge Heap Roots: 12.2ms
[2025-10-13T23:52:34.980-0700][1201 ][info ][gc,phases   ] GC(269)   Evacuate Collection Set: 163.5ms
[2025-10-13T23:52:34.980-0700][1201 ][info ][gc,phases   ] GC(269)   Post Evacuate Collection Set: 12.3ms
[2025-10-13T23:52:34.980-0700][1201 ][info ][gc,phases   ] GC(269)   Other: 0.1ms
[2025-10-13T23:52:34.980-0700][1201 ][debug][gc,remset   ] GC(269) Coarsening (recent): Inline->AoC 43020 (1) AoC->Howl 154 (3) Howl->Full 0 (0) Inline->AoC 791 (0) AoC->BitMap 70 (2) BitMap->Full 0 (0) 
[2025-10-13T23:52:34.980-0700][1201 ][debug][gc,remset   ] GC(269) Coarsening (all): Inline->AoC 7369122 (271) AoC->Howl 114540 (1150) Howl->Full 0 (0) Inline->AoC 469628 (466) AoC->BitMap 120017 (1053) BitMap->Full 5 (0) 
[2025-10-13T23:52:34.980-0700][1201 ][info ][gc,heap     ] GC(269) Eden regions: 2144->0(2678)
[2025-10-13T23:52:34.980-0700][1201 ][info ][gc,heap     ] GC(269) Survivor regions: 200->180(293)
[2025-10-13T23:52:34.980-0700][1201 ][info ][gc,heap     ] GC(269) Old regions: 886->874
[2025-10-13T23:52:34.980-0700][1201 ][info ][gc,heap     ] GC(269) Humongous regions: 18->0
[2025-10-13T23:52:34.980-0700][1201 ][info ][gc,metaspace] GC(269) Metaspace: 320577K(326784K)->320577K(326784K) NonClass: 284012K(287360K)->284012K(287360K) Class: 36565K(39424K)->36565K(39424K)
[2025-10-13T23:52:34.980-0700][1201 ][info ][gc          ] GC(269) Pause Young (Mixed) (G1 Evacuation Pause) 103900M->33675M(184320M) 189.123ms
[2025-10-13T23:52:34.981-0700][1201 ][info ][gc,cpu      ] GC(269) User=16.51s Sys=0.16s Real=0.19s
[2025-10-13T23:52:34.982-0700][1201 ][info ][safepoint   ] Safepoint "G1CollectForAllocation", Time since last: 261759800 ns, Reaching safepoint: 807237 ns, Cleanup: 4246 ns, At safepoint: 192571432 ns, Total: 193382915 ns
[2025-10-13T23:52:36.983-0700][1201 ][info ][safepoint   ] Safepoint "Cleanup", Time since last: 2000144987 ns, Reaching safepoint: 744922 ns, Cleanup: 16175 ns, At safepoint: 91408 ns, Total: 852505 ns
[2025-10-13T23:52:37.984-0700][1201 ][info ][safepoint   ] Safepoint "Cleanup", Time since last: 1000102774 ns, Reaching safepoint: 714967 ns, Cleanup: 21582 ns, At safepoint: 239702 ns, Total: 976251 ns
[2025-10-13T23:52:39.002-0700][1201 ][info ][safepoint   ] Safepoint "Cleanup", Time since last: 1000114712 ns, Reaching safepoint: 15693658 ns, Cleanup: 13070 ns, At safepoint: 2275389 ns, Total: 17982117 ns
[2025-10-13T23:52:40.004-0700][1201 ][info ][safepoint   ] Safepoint "Cleanup", Time since last: 1000176555 ns, Reaching safepoint: 786966 ns, Cleanup: 14712 ns, At safepoint: 733125 ns, Total: 1534803 ns
[2025-10-13T23:52:41.007-0700][1201 ][info ][safepoint   ] Safepoint "Cleanup", Time since last: 1000122824 ns, Reaching safepoint: 871243 ns, Cleanup: 16054 ns, At safepoint: 1639721 ns, Total: 2527018 ns
[2025-10-13T23:52:42.012-0700][1201 ][info ][safepoint   ] Safepoint "Cleanup", Time since last: 1000123265 ns, Reaching safepoint: 3917483 ns, Cleanup: 10726 ns, At safepoint: 1361492 ns, Total: 5289701 ns
[2025-10-13T23:52:44.014-0700][1201 ][info ][safepoint   ] Safepoint "Cleanup", Time since last: 2000136824 ns, Reaching safepoint: 899746 ns, Cleanup: 36966 ns, At safepoint: 788017 ns, Total: 1724729 ns
[2025-10-13T23:52:45.016-0700][1201 ][info ][safepoint   ] Safepoint "Cleanup", Time since last: 1000111497 ns, Reaching safepoint: 963022 ns, Cleanup: 26179 ns, At safepoint: 816430 ns, Total: 1805631 ns
[2025-10-13T23:52:45.156-0700][1201 ][info ][gc,start    ] GC(270) Pause Young (Normal) (G1 Evacuation Pause)
[2025-10-13T23:52:45.156-0700][1201 ][info ][gc,task     ] GC(270) Using 113 workers of 113 for evacuation
[2025-10-13T23:52:45.170-0700][1201 ][debug][gc,remset   ] GC(270) Visited cards 9955584 Total dirty 53608448 (18.57%) Total old 440664064 (2.26%)
[2025-10-13T23:52:45.330-0700][1201 ][info ][gc,phases   ] GC(270)   Pre Evacuate Collection Set: 0.7ms
[2025-10-13T23:52:45.330-0700][1201 ][info ][gc,phases   ] GC(270)   Merge Heap Roots: 12.8ms
[2025-10-13T23:52:45.330-0700][1201 ][info ][gc,phases   ] GC(270)   Evacuate Collection Set: 146.9ms
[2025-10-13T23:52:45.330-0700][1201 ][info ][gc,phases   ] GC(270)   Post Evacuate Collection Set: 13.2ms
[2025-10-13T23:52:45.330-0700][1201 ][info ][gc,phases   ] GC(270)   Other: 0.2ms
[2025-10-13T23:52:45.330-0700][1201 ][debug][gc,remset   ] GC(270) Coarsening (recent): Inline->AoC 24678 (4) AoC->Howl 89 (2) Howl->Full 0 (0) Inline->AoC 358 (1) AoC->BitMap 62 (3) BitMap->Full 0 (0) 
[2025-10-13T23:52:45.330-0700][1201 ][debug][gc,remset   ] GC(270) Coarsening (all): Inline->AoC 7393800 (275) AoC->Howl 114629 (1152) Howl->Full 0 (0) Inline->AoC 469986 (467) AoC->BitMap 120079 (1056) BitMap->Full 5 (0) 
[2025-10-13T23:52:45.330-0700][1201 ][info ][gc,heap     ] GC(270) Eden regions: 2734->0(2316)
[2025-10-13T23:52:45.330-0700][1201 ][info ][gc,heap     ] GC(270) Survivor regions: 180->236(365)
[2025-10-13T23:52:45.330-0700][1201 ][info ][gc,heap     ] GC(270) Old regions: 874->874
[2025-10-13T23:52:45.330-0700][1201 ][info ][gc,heap     ] GC(270) Humongous regions: 22->0
[2025-10-13T23:52:45.330-0700][1201 ][info ][gc,metaspace] GC(270) Metaspace: 320624K(326784K)->320624K(326784K) NonClass: 284055K(287360K)->284055K(287360K) Class: 36568K(39424K)->36568K(39424K)
[2025-10-13T23:52:45.330-0700][1201 ][info ][gc          ] GC(270) Pause Young (Normal) (G1 Evacuation Pause) 121867M->35490M(184320M) 174.053ms
[2025-10-13T23:52:45.331-0700][1201 ][info ][gc,cpu      ] GC(270) User=16.11s Sys=0.16s Real=0.18s
[2025-10-13T23:52:45.332-0700][1201 ][info ][safepoint   ] Safepoint "G1CollectForAllocation", Time since last: 137966599 ns, Reaching safepoint: 927828 ns, Cleanup: 11698 ns, At safepoint: 177616537 ns, Total: 178556063 ns
[2025-10-13T23:52:46.333-0700][1201 ][info ][safepoint   ] Safepoint "Cleanup", Time since last: 1000082163 ns, Reaching safepoint: 700555 ns, Cleanup: 14092 ns, At safepoint: 132830 ns, Total: 847477 ns
[2025-10-13T23:52:48.334-0700][1201 ][info ][safepoint   ] Safepoint "Cleanup", Time since last: 2000179098 ns, Reaching safepoint: 820076 ns, Cleanup: 18688 ns, At safepoint: 181834 ns, Total: 1020598 ns
[2025-10-13T23:52:49.336-0700][1201 ][info ][safepoint   ] Safepoint "Cleanup", Time since last: 1000101412 ns, Reaching safepoint: 717511 ns, Cleanup: 9635 ns, At safepoint: 561666 ns, Total: 1288812 ns
[2025-10-13T23:52:50.337-0700][1201 ][info ][safepoint   ] Safepoint "Cleanup", Time since last: 1000126430 ns, Reaching safepoint: 838343 ns, Cleanup: 28142 ns, At safepoint: 367735 ns, Total: 1234220 ns
[2025-10-13T23:52:51.339-0700][1201 ][info ][safepoint   ] Safepoint "Cleanup", Time since last: 1000106149 ns, Reaching safepoint: 886035 ns, Cleanup: 23325 ns, At safepoint: 805794 ns, Total: 1715154 ns
[2025-10-13T23:52:52.341-0700][1201 ][info ][safepoint   ] Safepoint "Cleanup", Time since last: 1000110386 ns, Reaching safepoint: 1050423 ns, Cleanup: 12308 ns, At safepoint: 1312798 ns, Total: 2375529 ns
[2025-10-13T23:52:52.533-0700][1201 ][info ][gc,start    ] GC(271) Pause Young (Normal) (G1 Evacuation Pause)
[2025-10-13T23:52:52.534-0700][1201 ][info ][gc,task     ] GC(271) Using 113 workers of 113 for evacuation
[2025-10-13T23:52:52.547-0700][1201 ][debug][gc,remset   ] GC(271) Visited cards 10094848 Total dirty 53805056 (18.76%) Total old 406585344 (2.48%)
[2025-10-13T23:52:52.728-0700][1201 ][info ][gc,phases   ] GC(271)   Pre Evacuate Collection Set: 0.8ms
[2025-10-13T23:52:52.728-0700][1201 ][info ][gc,phases   ] GC(271)   Merge Heap Roots: 12.3ms
[2025-10-13T23:52:52.728-0700][1201 ][info ][gc,phases   ] GC(271)   Evacuate Collection Set: 170.0ms
[2025-10-13T23:52:52.728-0700][1201 ][info ][gc,phases   ] GC(271)   Post Evacuate Collection Set: 11.5ms
[2025-10-13T23:52:52.728-0700][1201 ][info ][gc,phases   ] GC(271)   Other: 0.2ms
[2025-10-13T23:52:52.728-0700][1201 ][debug][gc,remset   ] GC(271) Coarsening (recent): Inline->AoC 12265 (1) AoC->Howl 41 (1) Howl->Full 0 (0) Inline->AoC 221 (1) AoC->BitMap 29 (0) BitMap->Full 0 (0) 
[2025-10-13T23:52:52.728-0700][1201 ][debug][gc,remset   ] GC(271) Coarsening (all): Inline->AoC 7406065 (276) AoC->Howl 114670 (1153) Howl->Full 0 (0) Inline->AoC 470207 (468) AoC->BitMap 120108 (1056) BitMap->Full 5 (0) 
[2025-10-13T23:52:52.728-0700][1201 ][info ][gc,heap     ] GC(271) Eden regions: 2421->0(2394)
[2025-10-13T23:52:52.728-0700][1201 ][info ][gc,heap     ] GC(271) Survivor regions: 236->227(333)
[2025-10-13T23:52:52.728-0700][1201 ][info ][gc,heap     ] GC(271) Old regions: 874->925
[2025-10-13T23:52:52.728-0700][1201 ][info ][gc,heap     ] GC(271) Humongous regions: 16->0
[2025-10-13T23:52:52.728-0700][1201 ][info ][gc,metaspace] GC(271) Metaspace: 320627K(326784K)->320627K(326784K) NonClass: 284058K(287360K)->284058K(287360K) Class: 36569K(39424K)->36569K(39424K)
[2025-10-13T23:52:52.728-0700][1201 ][info ][gc          ] GC(271) Pause Young (Normal) (G1 Evacuation Pause) 113474M->36835M(184320M) 194.907ms
[2025-10-13T23:52:52.730-0700][1201 ][info ][gc,cpu      ] GC(271) User=18.51s Sys=0.04s Real=0.20s
[2025-10-13T23:52:52.731-0700][1201 ][info ][safepoint   ] Safepoint "G1CollectForAllocation", Time since last: 189874068 ns, Reaching safepoint: 957182 ns, Cleanup: 16986 ns, At safepoint: 198534838 ns, Total: 199509006 ns
[2025-10-13T23:52:53.732-0700][1201 ][info ][safepoint   ] Safepoint "Cleanup", Time since last: 1000084576 ns, Reaching safepoint: 743601 ns, Cleanup: 11657 ns, At safepoint: 153181 ns, Total: 908439 ns
[2025-10-13T23:52:54.733-0700][1201 ][info ][safepoint   ] Safepoint "Cleanup", Time since last: 1000105448 ns, Reaching safepoint: 731072 ns, Cleanup: 39740 ns, At safepoint: 367183 ns, Total: 1137995 ns
[2025-10-13T23:52:55.735-0700][1201 ][info ][safepoint   ] Safepoint "Cleanup", Time since last: 1000105018 ns, Reaching safepoint: 825734 ns, Cleanup: 26510 ns, At safepoint: 653775 ns, Total: 1506019 ns
[2025-10-13T23:52:57.736-0700][1201 ][info ][safepoint   ] Safepoint "Cleanup", Time since last: 2000164096 ns, Reaching safepoint: 725643 ns, Cleanup: 13641 ns, At safepoint: 239400 ns, Total: 978684 ns
[2025-10-13T23:53:01.409-0700][1201 ][info ][gc,start    ] GC(272) Pause Young (Normal) (G1 Evacuation Pause)
[2025-10-13T23:53:01.409-0700][1201 ][info ][gc,task     ] GC(272) Using 113 workers of 113 for evacuation
[2025-10-13T23:53:01.423-0700][1201 ][debug][gc,remset   ] GC(272) Visited cards 10283264 Total dirty 56295424 (18.27%) Total old 415498240 (2.47%)
[2025-10-13T23:53:01.581-0700][1201 ][info ][gc,phases   ] GC(272)   Pre Evacuate Collection Set: 0.8ms
[2025-10-13T23:53:01.581-0700][1201 ][info ][gc,phases   ] GC(272)   Merge Heap Roots: 12.9ms
[2025-10-13T23:53:01.581-0700][1201 ][info ][gc,phases   ] GC(272)   Evacuate Collection Set: 146.1ms
[2025-10-13T23:53:01.581-0700][1201 ][info ][gc,phases   ] GC(272)   Post Evacuate Collection Set: 11.6ms
[2025-10-13T23:53:01.581-0700][1201 ][info ][gc,phases   ] GC(272)   Other: 0.1ms
[2025-10-13T23:53:01.581-0700][1201 ][debug][gc,remset   ] GC(272) Coarsening (recent): Inline->AoC 16996 (0) AoC->Howl 119 (0) Howl->Full 0 (0) Inline->AoC 509 (0) AoC->BitMap 57 (0) BitMap->Full 0 (0) 
[2025-10-13T23:53:01.581-0700][1201 ][debug][gc,remset   ] GC(272) Coarsening (all): Inline->AoC 7423061 (276) AoC->Howl 114789 (1153) Howl->Full 0 (0) Inline->AoC 470716 (468) AoC->BitMap 120165 (1056) BitMap->Full 5 (0) 
[2025-10-13T23:53:01.581-0700][1201 ][info ][gc,heap     ] GC(272) Eden regions: 2475->0(3175)
[2025-10-13T23:53:01.581-0700][1201 ][info ][gc,heap     ] GC(272) Survivor regions: 227->175(338)
[2025-10-13T23:53:01.581-0700][1201 ][info ][gc,heap     ] GC(272) Old regions: 925->1003
[2025-10-13T23:53:01.581-0700][1201 ][info ][gc,heap     ] GC(272) Humongous regions: 11->0
[2025-10-13T23:53:01.581-0700][1201 ][info ][gc,metaspace] GC(272) Metaspace: 320635K(326784K)->320635K(326784K) NonClass: 284065K(287360K)->284065K(287360K) Class: 36569K(39424K)->36569K(39424K)
[2025-10-13T23:53:01.581-0700][1201 ][info ][gc          ] GC(272) Pause Young (Normal) (G1 Evacuation Pause) 116387M->37679M(184320M) 171.678ms
[2025-10-13T23:53:01.582-0700][1201 ][info ][gc,cpu      ] GC(272) User=16.68s Sys=0.24s Real=0.17s
[2025-10-13T23:53:01.583-0700][1201 ][info ][safepoint   ] Safepoint "G1CollectForAllocation", Time since last: 3669672854 ns, Reaching safepoint: 2478415 ns, Cleanup: 4006 ns, At safepoint: 175461599 ns, Total: 177944020 ns
[2025-10-13T23:53:02.584-0700][1201 ][info ][safepoint   ] Safepoint "Cleanup", Time since last: 1000088202 ns, Reaching safepoint: 718523 ns, Cleanup: 10025 ns, At safepoint: 159060 ns, Total: 887608 ns
[2025-10-13T23:53:04.585-0700][1201 ][info ][safepoint   ] Safepoint "Cleanup", Time since last: 2000164516 ns, Reaching safepoint: 702359 ns, Cleanup: 10145 ns, At safepoint: 174583 ns, Total: 887087 ns
[2025-10-13T23:53:06.586-0700][1201 ][info ][safepoint   ] Safepoint "Cleanup", Time since last: 2000165688 ns, Reaching safepoint: 700275 ns, Cleanup: 17637 ns, At safepoint: 127492 ns, Total: 845404 ns
[2025-10-13T23:53:07.588-0700][1201 ][info ][safepoint   ] Safepoint "Cleanup", Time since last: 1000097786 ns, Reaching safepoint: 776561 ns, Cleanup: 11878 ns, At safepoint: 363367 ns, Total: 1151806 ns
[2025-10-13T23:53:08.589-0700][1201 ][info ][safepoint   ] Safepoint "Cleanup", Time since last: 1000105418 ns, Reaching safepoint: 847287 ns, Cleanup: 14121 ns, At safepoint: 286672 ns, Total: 1148080 ns
[2025-10-13T23:53:09.590-0700][1201 ][info ][safepoint   ] Safepoint "Cleanup", Time since last: 1000099559 ns, Reaching safepoint: 801548 ns, Cleanup: 27371 ns, At safepoint: 341275 ns, Total: 1170194 ns
[2025-10-13T23:53:11.591-0700][1201 ][info ][safepoint   ] Safepoint "Cleanup", Time since last: 2000160881 ns, Reaching safepoint: 806054 ns, Cleanup: 30216 ns, At safepoint: 162795 ns, Total: 999065 ns
[2025-10-13T23:53:12.609-0700][1201 ][info ][safepoint   ] Safepoint "Cleanup", Time since last: 1000099058 ns, Reaching safepoint: 14574853 ns, Cleanup: 13460 ns, At safepoint: 2646338 ns, Total: 17234651 ns
[2025-10-13T23:53:14.912-0700][1201 ][info ][gc,start    ] GC(273) Pause Young (Normal) (G1 Evacuation Pause)
[2025-10-13T23:53:14.912-0700][1201 ][info ][gc,task     ] GC(273) Using 113 workers of 113 for evacuation
[2025-10-13T23:53:14.925-0700][1201 ][debug][gc,remset   ] GC(273) Visited cards 10199296 Total dirty 61210624 (16.66%) Total old 511049728 (2.00%)
[2025-10-13T23:53:15.081-0700][1201 ][info ][gc,phases   ] GC(273)   Pre Evacuate Collection Set: 0.8ms
[2025-10-13T23:53:15.081-0700][1201 ][info ][gc,phases   ] GC(273)   Merge Heap Roots: 12.3ms
[2025-10-13T23:53:15.082-0700][1201 ][info ][gc,phases   ] GC(273)   Evacuate Collection Set: 141.2ms
[2025-10-13T23:53:15.082-0700][1201 ][info ][gc,phases   ] GC(273)   Post Evacuate Collection Set: 15.0ms
[2025-10-13T23:53:15.082-0700][1201 ][info ][gc,phases   ] GC(273)   Other: 0.2ms
[2025-10-13T23:53:15.082-0700][1201 ][debug][gc,remset   ] GC(273) Coarsening (recent): Inline->AoC 30242 (0) AoC->Howl 91 (0) Howl->Full 0 (0) Inline->AoC 391 (0) AoC->BitMap 38 (0) BitMap->Full 0 (0) 
[2025-10-13T23:53:15.082-0700][1201 ][debug][gc,remset   ] GC(273) Coarsening (all): Inline->AoC 7453303 (276) AoC->Howl 114880 (1153) Howl->Full 0 (0) Inline->AoC 471107 (468) AoC->BitMap 120203 (1056) BitMap->Full 5 (0) 
[2025-10-13T23:53:15.082-0700][1201 ][info ][gc,heap     ] GC(273) Eden regions: 3213->0(2696)
[2025-10-13T23:53:15.082-0700][1201 ][info ][gc,heap     ] GC(273) Survivor regions: 175->220(424)
[2025-10-13T23:53:15.082-0700][1201 ][info ][gc,heap     ] GC(273) Old regions: 1003->1003
[2025-10-13T23:53:15.082-0700][1201 ][info ][gc,heap     ] GC(273) Humongous regions: 19->0
[2025-10-13T23:53:15.082-0700][1201 ][info ][gc,metaspace] GC(273) Metaspace: 320711K(326784K)->320711K(326784K) NonClass: 284131K(287360K)->284131K(287360K) Class: 36580K(39424K)->36580K(39424K)
[2025-10-13T23:53:15.082-0700][1201 ][info ][gc          ] GC(273) Pause Young (Normal) (G1 Evacuation Pause) 141103M->39128M(184320M) 169.654ms
[2025-10-13T23:53:15.083-0700][1201 ][info ][gc,cpu      ] GC(273) User=15.76s Sys=0.34s Real=0.17s
[2025-10-13T23:53:15.084-0700][1201 ][info ][safepoint   ] Safepoint "G1CollectForAllocation", Time since last: 2301186320 ns, Reaching safepoint: 833125 ns, Cleanup: 4427 ns, At safepoint: 173128614 ns, Total: 173966166 ns
[2025-10-13T23:53:16.086-0700][1201 ][info ][safepoint   ] Safepoint "Cleanup", Time since last: 1000080931 ns, Reaching safepoint: 1461442 ns, Cleanup: 24657 ns, At safepoint: 352952 ns, Total: 1839051 ns
[2025-10-13T23:53:17.087-0700][1201 ][info ][safepoint   ] Safepoint "Cleanup", Time since last: 1000105989 ns, Reaching safepoint: 734647 ns, Cleanup: 10165 ns, At safepoint: 470549 ns, Total: 1215361 ns
[2025-10-13T23:53:18.088-0700][1201 ][info ][safepoint   ] Safepoint "Cleanup", Time since last: 1000101693 ns, Reaching safepoint: 725423 ns, Cleanup: 10205 ns, At safepoint: 198990 ns, Total: 934618 ns
[2025-10-13T23:53:21.090-0700][1201 ][info ][safepoint   ] Safepoint "Cleanup", Time since last: 3000194570 ns, Reaching safepoint: 747006 ns, Cleanup: 15854 ns, At safepoint: 616329 ns, Total: 1379189 ns
[2025-10-13T23:53:22.091-0700][1201 ][info ][safepoint   ] Safepoint "Cleanup", Time since last: 1000111596 ns, Reaching safepoint: 743861 ns, Cleanup: 17997 ns, At safepoint: 235716 ns, Total: 997574 ns
[2025-10-13T23:53:23.092-0700][1201 ][info ][safepoint   ] Safepoint "Cleanup", Time since last: 1000103504 ns, Reaching safepoint: 747407 ns, Cleanup: 11858 ns, At safepoint: 334874 ns, Total: 1094139 ns
[2025-10-13T23:53:23.649-0700][1201 ][info ][gc,start    ] GC(274) Pause Young (Normal) (G1 Evacuation Pause)
[2025-10-13T23:53:23.649-0700][1201 ][info ][gc,task     ] GC(274) Using 113 workers of 113 for evacuation
[2025-10-13T23:53:23.662-0700][1201 ][debug][gc,remset   ] GC(274) Visited cards 10264320 Total dirty 61210624 (16.77%) Total old 459997184 (2.23%)
[2025-10-13T23:53:23.835-0700][1201 ][info ][gc,phases   ] GC(274)   Pre Evacuate Collection Set: 0.7ms
[2025-10-13T23:53:23.835-0700][1201 ][info ][gc,phases   ] GC(274)   Merge Heap Roots: 12.2ms
[2025-10-13T23:53:23.835-0700][1201 ][info ][gc,phases   ] GC(274)   Evacuate Collection Set: 160.0ms
[2025-10-13T23:53:23.835-0700][1201 ][info ][gc,phases   ] GC(274)   Post Evacuate Collection Set: 13.1ms
[2025-10-13T23:53:23.835-0700][1201 ][info ][gc,phases   ] GC(274)   Other: 0.2ms
[2025-10-13T23:53:23.835-0700][1201 ][debug][gc,remset   ] GC(274) Coarsening (recent): Inline->AoC 20604 (1) AoC->Howl 112 (4) Howl->Full 0 (0) Inline->AoC 572 (4) AoC->BitMap 49 (2) BitMap->Full 0 (0) 
[2025-10-13T23:53:23.835-0700][1201 ][debug][gc,remset   ] GC(274) Coarsening (all): Inline->AoC 7473907 (277) AoC->Howl 114992 (1157) Howl->Full 0 (0) Inline->AoC 471679 (472) AoC->BitMap 120252 (1058) BitMap->Full 5 (0) 
[2025-10-13T23:53:23.835-0700][1201 ][info ][gc,heap     ] GC(274) Eden regions: 2778->0(2793)
[2025-10-13T23:53:23.835-0700][1201 ][info ][gc,heap     ] GC(274) Survivor regions: 220->220(375)
[2025-10-13T23:53:23.835-0700][1201 ][info ][gc,heap     ] GC(274) Old regions: 1003->1045
[2025-10-13T23:53:23.835-0700][1201 ][info ][gc,heap     ] GC(274) Humongous regions: 20->0
[2025-10-13T23:53:23.835-0700][1201 ][info ][gc,metaspace] GC(274) Metaspace: 320779K(326784K)->320779K(326784K) NonClass: 284194K(287360K)->284194K(287360K) Class: 36584K(39424K)->36584K(39424K)
[2025-10-13T23:53:23.835-0700][1201 ][info ][gc          ] GC(274) Pause Young (Normal) (G1 Evacuation Pause) 128664M->40474M(184320M) 186.431ms
[2025-10-13T23:53:23.836-0700][1201 ][info ][gc,cpu      ] GC(274) User=17.55s Sys=0.29s Real=0.18s
[2025-10-13T23:53:23.837-0700][1201 ][info ][safepoint   ] Safepoint "G1CollectForAllocation", Time since last: 554681508 ns, Reaching safepoint: 704071 ns, Cleanup: 6500 ns, At safepoint: 189971874 ns, Total: 190682445 ns
[2025-10-13T23:53:26.081-0700][1201 ][info ][safepoint   ] Safepoint "Cleanup", Time since last: 2242813009 ns, Reaching safepoint: 730741 ns, Cleanup: 11677 ns, At safepoint: 136105 ns, Total: 878523 ns
[2025-10-13T23:53:36.221-0700][1201 ][info ][gc,start    ] GC(275) Pause Young (Normal) (G1 Evacuation Pause)
[2025-10-13T23:53:36.221-0700][1201 ][info ][gc,task     ] GC(275) Using 113 workers of 113 for evacuation
[2025-10-13T23:53:36.234-0700][1201 ][debug][gc,remset   ] GC(275) Visited cards 10442752 Total dirty 63766528 (16.38%) Total old 463994880 (2.25%)
[2025-10-13T23:53:36.393-0700][1201 ][info ][gc,phases   ] GC(275)   Pre Evacuate Collection Set: 0.7ms
[2025-10-13T23:53:36.393-0700][1201 ][info ][gc,phases   ] GC(275)   Merge Heap Roots: 12.3ms
[2025-10-13T23:53:36.393-0700][1201 ][info ][gc,phases   ] GC(275)   Evacuate Collection Set: 144.7ms
[2025-10-13T23:53:36.393-0700][1201 ][info ][gc,phases   ] GC(275)   Post Evacuate Collection Set: 14.3ms
[2025-10-13T23:53:36.393-0700][1201 ][info ][gc,phases   ] GC(275)   Other: 0.2ms
[2025-10-13T23:53:36.393-0700][1201 ][debug][gc,remset   ] GC(275) Coarsening (recent): Inline->AoC 32233 (0) AoC->Howl 122 (0) Howl->Full 0 (0) Inline->AoC 509 (0) AoC->BitMap 83 (0) BitMap->Full 0 (0) 
[2025-10-13T23:53:36.393-0700][1201 ][debug][gc,remset   ] GC(275) Coarsening (all): Inline->AoC 7506140 (277) AoC->Howl 115114 (1157) Howl->Full 0 (0) Inline->AoC 472188 (472) AoC->BitMap 120335 (1058) BitMap->Full 5 (0) 
[2025-10-13T23:53:36.393-0700][1201 ][info ][gc,heap     ] GC(275) Eden regions: 2787->0(3044)
[2025-10-13T23:53:36.393-0700][1201 ][info ][gc,heap     ] GC(275) Survivor regions: 220->211(376)
[2025-10-13T23:53:36.393-0700][1201 ][info ][gc,heap     ] GC(275) Old regions: 1045->1092
[2025-10-13T23:53:36.393-0700][1201 ][info ][gc,heap     ] GC(275) Humongous regions: 21->0
[2025-10-13T23:53:36.393-0700][1201 ][info ][gc,metaspace] GC(275) Metaspace: 320808K(326848K)->320808K(326848K) NonClass: 284219K(287424K)->284219K(287424K) Class: 36588K(39424K)->36588K(39424K)
[2025-10-13T23:53:36.393-0700][1201 ][info ][gc          ] GC(275) Pause Young (Normal) (G1 Evacuation Pause) 130330M->41650M(184320M) 172.393ms
[2025-10-13T23:53:36.394-0700][1201 ][info ][gc,cpu      ] GC(275) User=17.33s Sys=0.35s Real=0.17s
[2025-10-13T23:53:36.395-0700][1201 ][info ][safepoint   ] Safepoint "G1CollectForAllocation", Time since last: 10137761834 ns, Reaching safepoint: 705123 ns, Cleanup: 6209 ns, At safepoint: 175756263 ns, Total: 176467595 ns
[2025-10-13T23:53:37.396-0700][1201 ][info ][safepoint   ] Safepoint "Cleanup", Time since last: 1000083361 ns, Reaching safepoint: 834297 ns, Cleanup: 17026 ns, At safepoint: 211088 ns, Total: 1062411 ns
[2025-10-13T23:53:39.398-0700][1201 ][info ][safepoint   ] Safepoint "Cleanup", Time since last: 2000165661 ns, Reaching safepoint: 736860 ns, Cleanup: 17407 ns, At safepoint: 238739 ns, Total: 993006 ns
[2025-10-13T23:53:40.408-0700][1201 ][info ][safepoint   ] Safepoint "Cleanup", Time since last: 1000112215 ns, Reaching safepoint: 8057041 ns, Cleanup: 12158 ns, At safepoint: 2483102 ns, Total: 10552301 ns
[2025-10-13T23:53:41.411-0700][1201 ][info ][safepoint   ] Safepoint "Cleanup", Time since last: 1000135720 ns, Reaching safepoint: 948840 ns, Cleanup: 21122 ns, At safepoint: 1235081 ns, Total: 2205043 ns
[2025-10-13T23:53:43.415-0700][1201 ][info ][safepoint   ] Safepoint "Cleanup", Time since last: 2000165891 ns, Reaching safepoint: 2792068 ns, Cleanup: 11847 ns, At safepoint: 1269744 ns, Total: 4073659 ns
[2025-10-13T23:53:46.417-0700][1201 ][info ][safepoint   ] Safepoint "Cleanup", Time since last: 3000245967 ns, Reaching safepoint: 877352 ns, Cleanup: 13591 ns, At safepoint: 755709 ns, Total: 1646652 ns
[2025-10-13T23:53:48.418-0700][1201 ][info ][safepoint   ] Safepoint "Cleanup", Time since last: 2000171980 ns, Reaching safepoint: 924313 ns, Cleanup: 15764 ns, At safepoint: 341795 ns, Total: 1281872 ns
[2025-10-13T23:53:49.399-0700][1201 ][info ][gc,start    ] GC(276) Pause Young (Normal) (G1 Evacuation Pause)
[2025-10-13T23:53:49.399-0700][1201 ][info ][gc,task     ] GC(276) Using 113 workers of 113 for evacuation
[2025-10-13T23:53:49.413-0700][1201 ][debug][gc,remset   ] GC(276) Visited cards 10831616 Total dirty 66584576 (16.27%) Total old 503971840 (2.15%)
[2025-10-13T23:53:49.581-0700][1201 ][info ][gc,phases   ] GC(276)   Pre Evacuate Collection Set: 0.7ms
[2025-10-13T23:53:49.581-0700][1201 ][info ][gc,phases   ] GC(276)   Merge Heap Roots: 12.7ms
[2025-10-13T23:53:49.581-0700][1201 ][info ][gc,phases   ] GC(276)   Evacuate Collection Set: 151.7ms
[2025-10-13T23:53:49.581-0700][1201 ][info ][gc,phases   ] GC(276)   Post Evacuate Collection Set: 16.4ms
[2025-10-13T23:53:49.581-0700][1201 ][info ][gc,phases   ] GC(276)   Other: 0.2ms
[2025-10-13T23:53:49.581-0700][1201 ][debug][gc,remset   ] GC(276) Coarsening (recent): Inline->AoC 25597 (0) AoC->Howl 155 (0) Howl->Full 0 (0) Inline->AoC 643 (0) AoC->BitMap 83 (0) BitMap->Full 0 (0) 
[2025-10-13T23:53:49.581-0700][1201 ][debug][gc,remset   ] GC(276) Coarsening (all): Inline->AoC 7531737 (277) AoC->Howl 115269 (1157) Howl->Full 0 (0) Inline->AoC 472831 (472) AoC->BitMap 120418 (1058) BitMap->Full 5 (0) 
[2025-10-13T23:53:49.581-0700][1201 ][info ][gc,heap     ] GC(276) Eden regions: 3075->0(2336)
[2025-10-13T23:53:49.581-0700][1201 ][info ][gc,heap     ] GC(276) Survivor regions: 211->253(411)
[2025-10-13T23:53:49.581-0700][1201 ][info ][gc,heap     ] GC(276) Old regions: 1092->1092
[2025-10-13T23:53:49.581-0700][1201 ][info ][gc,heap     ] GC(276) Humongous regions: 26->0
[2025-10-13T23:53:49.581-0700][1201 ][info ][gc,metaspace] GC(276) Metaspace: 320829K(326848K)->320829K(326848K) NonClass: 284238K(287424K)->284238K(287424K) Class: 36591K(39424K)->36591K(39424K)
[2025-10-13T23:53:49.581-0700][1201 ][info ][gc          ] GC(276) Pause Young (Normal) (G1 Evacuation Pause) 140882M->43005M(184320M) 181.725ms
[2025-10-13T23:53:49.582-0700][1201 ][info ][gc,cpu      ] GC(276) User=17.54s Sys=0.30s Real=0.18s
[2025-10-13T23:53:49.583-0700][1201 ][info ][safepoint   ] Safepoint "G1CollectForAllocation", Time since last: 978809634 ns, Reaching safepoint: 910572 ns, Cleanup: 12099 ns, At safepoint: 185077448 ns, Total: 186000119 ns
[2025-10-13T23:53:51.584-0700][1201 ][info ][safepoint   ] Safepoint "Cleanup", Time since last: 2000145321 ns, Reaching safepoint: 1104844 ns, Cleanup: 10045 ns, At safepoint: 180763 ns, Total: 1295652 ns
[2025-10-13T23:53:52.586-0700][1201 ][info ][safepoint   ] Safepoint "Cleanup", Time since last: 1000106776 ns, Reaching safepoint: 960398 ns, Cleanup: 12539 ns, At safepoint: 549468 ns, Total: 1522405 ns
[2025-10-13T23:53:58.588-0700][1201 ][info ][safepoint   ] Safepoint "Cleanup", Time since last: 6000429571 ns, Reaching safepoint: 800857 ns, Cleanup: 9414 ns, At safepoint: 241904 ns, Total: 1052175 ns
[2025-10-13T23:53:58.917-0700][1201 ][info ][gc,start    ] GC(277) Pause Young (Normal) (G1 Evacuation Pause)
[2025-10-13T23:53:58.917-0700][1201 ][info ][gc,task     ] GC(277) Using 113 workers of 113 for evacuation
[2025-10-13T23:53:58.930-0700][1201 ][debug][gc,remset   ] GC(277) Visited cards 10835968 Total dirty 66584576 (16.27%) Total old 428343296 (2.53%)
[2025-10-13T23:53:59.102-0700][1201 ][info ][gc,phases   ] GC(277)   Pre Evacuate Collection Set: 0.7ms
[2025-10-13T23:53:59.102-0700][1201 ][info ][gc,phases   ] GC(277)   Merge Heap Roots: 12.7ms
[2025-10-13T23:53:59.102-0700][1201 ][info ][gc,phases   ] GC(277)   Evacuate Collection Set: 157.7ms
[2025-10-13T23:53:59.102-0700][1201 ][info ][gc,phases   ] GC(277)   Post Evacuate Collection Set: 13.8ms
[2025-10-13T23:53:59.102-0700][1201 ][info ][gc,phases   ] GC(277)   Other: 0.1ms
[2025-10-13T23:53:59.102-0700][1201 ][debug][gc,remset   ] GC(277) Coarsening (recent): Inline->AoC 19047 (3) AoC->Howl 87 (3) Howl->Full 0 (0) Inline->AoC 433 (3) AoC->BitMap 56 (3) BitMap->Full 0 (0) 
[2025-10-13T23:53:59.102-0700][1201 ][debug][gc,remset   ] GC(277) Coarsening (all): Inline->AoC 7550784 (280) AoC->Howl 115356 (1160) Howl->Full 0 (0) Inline->AoC 473264 (475) AoC->BitMap 120474 (1061) BitMap->Full 5 (0) 
[2025-10-13T23:53:59.102-0700][1201 ][info ][gc,heap     ] GC(277) Eden regions: 2457->0(3012)
[2025-10-13T23:53:59.102-0700][1201 ][info ][gc,heap     ] GC(277) Survivor regions: 253->208(339)
[2025-10-13T23:53:59.102-0700][1201 ][info ][gc,heap     ] GC(277) Old regions: 1092->1168
[2025-10-13T23:53:59.102-0700][1201 ][info ][gc,heap     ] GC(277) Humongous regions: 24->0
[2025-10-13T23:53:59.102-0700][1201 ][info ][gc,metaspace] GC(277) Metaspace: 320867K(326912K)->320867K(326912K) NonClass: 284273K(287488K)->284273K(287488K) Class: 36594K(39424K)->36594K(39424K)
[2025-10-13T23:53:59.102-0700][1201 ][info ][gc          ] GC(277) Pause Young (Normal) (G1 Evacuation Pause) 122397M->43995M(184320M) 185.186ms
[2025-10-13T23:53:59.103-0700][1201 ][info ][gc,cpu      ] GC(277) User=18.81s Sys=0.11s Real=0.19s
[2025-10-13T23:53:59.104-0700][1201 ][info ][safepoint   ] Safepoint "G1CollectForAllocation", Time since last: 327381614 ns, Reaching safepoint: 789059 ns, Cleanup: 4016 ns, At safepoint: 188693578 ns, Total: 189486653 ns
[2025-10-13T23:54:00.108-0700][1201 ][info ][safepoint   ] Safepoint "Cleanup", Time since last: 1000079705 ns, Reaching safepoint: 2798487 ns, Cleanup: 11518 ns, At safepoint: 632593 ns, Total: 3442598 ns
[2025-10-13T23:54:03.109-0700][1201 ][info ][safepoint   ] Safepoint "Cleanup", Time since last: 3000221731 ns, Reaching safepoint: 883401 ns, Cleanup: 12008 ns, At safepoint: 301695 ns, Total: 1197104 ns
[2025-10-13T23:54:10.848-0700][1201 ][info ][gc,start    ] GC(278) Pause Young (Normal) (G1 Evacuation Pause)
[2025-10-13T23:54:10.848-0700][1201 ][info ][gc,task     ] GC(278) Using 113 workers of 113 for evacuation
[2025-10-13T23:54:10.862-0700][1201 ][debug][gc,remset   ] GC(278) Visited cards 10490112 Total dirty 70778880 (14.82%) Total old 500563968 (2.10%)
[2025-10-13T23:54:11.024-0700][1201 ][info ][gc,phases   ] GC(278)   Pre Evacuate Collection Set: 0.8ms
[2025-10-13T23:54:11.024-0700][1201 ][info ][gc,phases   ] GC(278)   Merge Heap Roots: 13.3ms
[2025-10-13T23:54:11.024-0700][1201 ][info ][gc,phases   ] GC(278)   Evacuate Collection Set: 145.9ms
[2025-10-13T23:54:11.024-0700][1201 ][info ][gc,phases   ] GC(278)   Post Evacuate Collection Set: 16.0ms
[2025-10-13T23:54:11.024-0700][1201 ][info ][gc,phases   ] GC(278)   Other: 0.2ms
[2025-10-13T23:54:11.024-0700][1201 ][debug][gc,remset   ] GC(278) Coarsening (recent): Inline->AoC 31194 (0) AoC->Howl 99 (0) Howl->Full 0 (0) Inline->AoC 364 (0) AoC->BitMap 51 (1) BitMap->Full 0 (0) 
[2025-10-13T23:54:11.024-0700][1201 ][debug][gc,remset   ] GC(278) Coarsening (all): Inline->AoC 7581978 (280) AoC->Howl 115455 (1160) Howl->Full 0 (0) Inline->AoC 473628 (475) AoC->BitMap 120525 (1062) BitMap->Full 5 (0) 
[2025-10-13T23:54:11.024-0700][1201 ][info ][gc,heap     ] GC(278) Eden regions: 3020->0(2850)
[2025-10-13T23:54:11.024-0700][1201 ][info ][gc,heap     ] GC(278) Survivor regions: 208->233(404)
[2025-10-13T23:54:11.024-0700][1201 ][info ][gc,heap     ] GC(278) Old regions: 1168->1168
[2025-10-13T23:54:11.024-0700][1201 ][info ][gc,heap     ] GC(278) Humongous regions: 14->0
[2025-10-13T23:54:11.024-0700][1201 ][info ][gc,metaspace] GC(278) Metaspace: 320872K(326912K)->320872K(326912K) NonClass: 284277K(287488K)->284277K(287488K) Class: 36594K(39424K)->36594K(39424K)
[2025-10-13T23:54:11.024-0700][1201 ][info ][gc          ] GC(278) Pause Young (Normal) (G1 Evacuation Pause) 141083M->44814M(184320M) 176.338ms
[2025-10-13T23:54:11.025-0700][1201 ][info ][gc,cpu      ] GC(278) User=16.08s Sys=0.36s Real=0.18s
[2025-10-13T23:54:11.026-0700][1201 ][info ][safepoint   ] Safepoint "G1CollectForAllocation", Time since last: 7736351279 ns, Reaching safepoint: 839816 ns, Cleanup: 7010 ns, At safepoint: 179795971 ns, Total: 180642797 ns
[2025-10-13T23:54:13.028-0700][1201 ][info ][safepoint   ] Safepoint "Cleanup", Time since last: 2000172811 ns, Reaching safepoint: 864783 ns, Cleanup: 12389 ns, At safepoint: 135154 ns, Total: 1012326 ns
[2025-10-13T23:54:14.033-0700][1201 ][info ][safepoint   ] Safepoint "Cleanup", Time since last: 1000111233 ns, Reaching safepoint: 3896852 ns, Cleanup: 10576 ns, At safepoint: 913667 ns, Total: 4821095 ns
[2025-10-13T23:54:16.034-0700][1201 ][info ][safepoint   ] Safepoint "Cleanup", Time since last: 2000160803 ns, Reaching safepoint: 901128 ns, Cleanup: 14903 ns, At safepoint: 646444 ns, Total: 1562475 ns
[2025-10-13T23:54:22.036-0700][1201 ][info ][safepoint   ] Safepoint "Cleanup", Time since last: 6000370482 ns, Reaching safepoint: 831984 ns, Cleanup: 21853 ns, At safepoint: 166020 ns, Total: 1019857 ns
[2025-10-13T23:54:23.037-0700][1201 ][info ][safepoint   ] Safepoint "Cleanup", Time since last: 1000099375 ns, Reaching safepoint: 957453 ns, Cleanup: 10336 ns, At safepoint: 216826 ns, Total: 1184615 ns
[2025-10-13T23:54:23.620-0700][1201 ][info ][gc,start    ] GC(279) Pause Young (Normal) (G1 Evacuation Pause)
[2025-10-13T23:54:23.620-0700][1201 ][info ][gc,task     ] GC(279) Using 113 workers of 113 for evacuation
[2025-10-13T23:54:23.634-0700][1201 ][debug][gc,remset   ] GC(279) Visited cards 10541056 Total dirty 70778880 (14.89%) Total old 489750528 (2.15%)
[2025-10-13T23:54:23.811-0700][1201 ][info ][gc,phases   ] GC(279)   Pre Evacuate Collection Set: 0.8ms
[2025-10-13T23:54:23.811-0700][1201 ][info ][gc,phases   ] GC(279)   Merge Heap Roots: 13.7ms
[2025-10-13T23:54:23.811-0700][1201 ][info ][gc,phases   ] GC(279)   Evacuate Collection Set: 162.2ms
[2025-10-13T23:54:23.811-0700][1201 ][info ][gc,phases   ] GC(279)   Post Evacuate Collection Set: 14.6ms
[2025-10-13T23:54:23.811-0700][1201 ][info ][gc,phases   ] GC(279)   Other: 0.2ms
[2025-10-13T23:54:23.811-0700][1201 ][debug][gc,remset   ] GC(279) Coarsening (recent): Inline->AoC 29581 (2) AoC->Howl 106 (1) Howl->Full 0 (0) Inline->AoC 564 (0) AoC->BitMap 41 (0) BitMap->Full 0 (0) 
[2025-10-13T23:54:23.811-0700][1201 ][debug][gc,remset   ] GC(279) Coarsening (all): Inline->AoC 7611559 (282) AoC->Howl 115561 (1161) Howl->Full 0 (0) Inline->AoC 474192 (475) AoC->BitMap 120566 (1062) BitMap->Full 5 (0) 
[2025-10-13T23:54:23.811-0700][1201 ][info ][gc,heap     ] GC(279) Eden regions: 2905->0(2838)
[2025-10-13T23:54:23.811-0700][1201 ][info ][gc,heap     ] GC(279) Survivor regions: 233->235(393)
[2025-10-13T23:54:23.811-0700][1201 ][info ][gc,heap     ] GC(279) Old regions: 1168->1202
[2025-10-13T23:54:23.811-0700][1201 ][info ][gc,heap     ] GC(279) Humongous regions: 29->0
[2025-10-13T23:54:23.811-0700][1201 ][info ][gc,metaspace] GC(279) Metaspace: 320893K(326912K)->320893K(326912K) NonClass: 284295K(287488K)->284295K(287488K) Class: 36597K(39424K)->36597K(39424K)
[2025-10-13T23:54:23.811-0700][1201 ][info ][gc          ] GC(279) Pause Young (Normal) (G1 Evacuation Pause) 138702M->45975M(184320M) 191.685ms
[2025-10-13T23:54:23.812-0700][1201 ][info ][gc,cpu      ] GC(279) User=18.44s Sys=0.24s Real=0.19s
[2025-10-13T23:54:23.813-0700][1201 ][info ][safepoint   ] Safepoint "G1CollectForAllocation", Time since last: 580518129 ns, Reaching safepoint: 1000818 ns, Cleanup: 7622 ns, At safepoint: 195052249 ns, Total: 196060689 ns
[2025-10-13T23:54:24.814-0700][1201 ][info ][safepoint   ] Safepoint "Cleanup", Time since last: 1000093106 ns, Reaching safepoint: 713165 ns, Cleanup: 11797 ns, At safepoint: 140132 ns, Total: 865094 ns
[2025-10-13T23:54:29.116-0700][1201 ][info ][safepoint   ] Safepoint "Cleanup", Time since last: 4301066482 ns, Reaching safepoint: 719765 ns, Cleanup: 12669 ns, At safepoint: 100601 ns, Total: 833035 ns
[2025-10-13T23:54:35.118-0700][1201 ][info ][safepoint   ] Safepoint "Cleanup", Time since last: 6000411454 ns, Reaching safepoint: 689229 ns, Cleanup: 10396 ns, At safepoint: 118929 ns, Total: 818554 ns
[2025-10-13T23:54:44.119-0700][1201 ][info ][safepoint   ] Safepoint "Cleanup", Time since last: 9000763318 ns, Reaching safepoint: 769710 ns, Cleanup: 13680 ns, At safepoint: 72189 ns, Total: 855579 ns
[2025-10-13T23:54:45.120-0700][1201 ][info ][safepoint   ] Safepoint "Cleanup", Time since last: 1000106601 ns, Reaching safepoint: 679754 ns, Cleanup: 12008 ns, At safepoint: 77437 ns, Total: 769199 ns
[2025-10-13T23:54:48.121-0700][1201 ][info ][safepoint   ] Safepoint "Cleanup", Time since last: 3000237308 ns, Reaching safepoint: 776510 ns, Cleanup: 25018 ns, At safepoint: 95494 ns, Total: 897022 ns
[2025-10-13T23:55:05.123-0700][1201 ][info ][safepoint   ] Safepoint "Cleanup", Time since last: 17001225681 ns, Reaching safepoint: 668988 ns, Cleanup: 10316 ns, At safepoint: 72389 ns, Total: 751693 ns
[2025-10-13T23:55:07.086-0700][1201 ][info ][gc,start    ] GC(280) Pause Young (Normal) (G1 Evacuation Pause)
[2025-10-13T23:55:07.086-0700][1201 ][info ][gc,task     ] GC(280) Using 113 workers of 113 for evacuation
[2025-10-13T23:55:07.101-0700][1201 ][debug][gc,remset   ] GC(280) Visited cards 10651648 Total dirty 72613888 (14.67%) Total old 479199232 (2.22%)
[2025-10-13T23:55:07.253-0700][1201 ][info ][gc,phases   ] GC(280)   Pre Evacuate Collection Set: 0.8ms
[2025-10-13T23:55:07.253-0700][1201 ][info ][gc,phases   ] GC(280)   Merge Heap Roots: 14.1ms
[2025-10-13T23:55:07.253-0700][1201 ][info ][gc,phases   ] GC(280)   Evacuate Collection Set: 138.3ms
[2025-10-13T23:55:07.253-0700][1201 ][info ][gc,phases   ] GC(280)   Post Evacuate Collection Set: 14.3ms
[2025-10-13T23:55:07.253-0700][1201 ][info ][gc,phases   ] GC(280)   Other: 0.2ms
[2025-10-13T23:55:07.253-0700][1201 ][debug][gc,remset   ] GC(280) Coarsening (recent): Inline->AoC 36914 (0) AoC->Howl 162 (0) Howl->Full 0 (0) Inline->AoC 618 (0) AoC->BitMap 98 (0) BitMap->Full 0 (0) 
[2025-10-13T23:55:07.253-0700][1201 ][debug][gc,remset   ] GC(280) Coarsening (all): Inline->AoC 7648473 (282) AoC->Howl 115723 (1161) Howl->Full 0 (0) Inline->AoC 474810 (475) AoC->BitMap 120664 (1062) BitMap->Full 5 (0) 
[2025-10-13T23:55:07.253-0700][1201 ][info ][gc,heap     ] GC(280) Eden regions: 2808->0(3250)
[2025-10-13T23:55:07.253-0700][1201 ][info ][gc,heap     ] GC(280) Survivor regions: 235->206(381)
[2025-10-13T23:55:07.253-0700][1201 ][info ][gc,heap     ] GC(280) Old regions: 1202->1230
[2025-10-13T23:55:07.253-0700][1201 ][info ][gc,heap     ] GC(280) Humongous regions: 24->0
[2025-10-13T23:55:07.253-0700][1201 ][info ][gc,metaspace] GC(280) Metaspace: 320903K(326912K)->320903K(326912K) NonClass: 284304K(287488K)->284304K(287488K) Class: 36598K(39424K)->36598K(39424K)
[2025-10-13T23:55:07.253-0700][1201 ][info ][gc          ] GC(280) Pause Young (Normal) (G1 Evacuation Pause) 136599M->45943M(184320M) 167.811ms
[2025-10-13T23:55:07.255-0700][1201 ][info ][gc,cpu      ] GC(280) User=15.90s Sys=0.22s Real=0.17s
[2025-10-13T23:55:07.256-0700][1201 ][info ][safepoint   ] Safepoint "G1CollectForAllocation", Time since last: 1960448381 ns, Reaching safepoint: 848038 ns, Cleanup: 4507 ns, At safepoint: 171244974 ns, Total: 172097519 ns
[2025-10-13T23:55:14.258-0700][1201 ][info ][safepoint   ] Safepoint "Cleanup", Time since last: 7000512323 ns, Reaching safepoint: 1688815 ns, Cleanup: 38478 ns, At safepoint: 305340 ns, Total: 2032633 ns
[2025-10-13T23:55:15.259-0700][1201 ][info ][safepoint   ] Safepoint "Cleanup", Time since last: 1000136156 ns, Reaching safepoint: 714186 ns, Cleanup: 38338 ns, At safepoint: 137457 ns, Total: 889981 ns
[2025-10-13T23:55:16.260-0700][1201 ][info ][safepoint   ] Safepoint "Cleanup", Time since last: 1000103776 ns, Reaching safepoint: 674577 ns, Cleanup: 26299 ns, At safepoint: 76456 ns, Total: 777332 ns
[2025-10-13T23:55:17.261-0700][1201 ][info ][safepoint   ] Safepoint "Cleanup", Time since last: 1000108864 ns, Reaching safepoint: 724872 ns, Cleanup: 13470 ns, At safepoint: 110938 ns, Total: 849280 ns
[2025-10-13T23:55:18.267-0700][1201 ][info ][safepoint   ] Safepoint "Cleanup", Time since last: 1000126731 ns, Reaching safepoint: 4937190 ns, Cleanup: 22804 ns, At safepoint: 485281 ns, Total: 5445275 ns
[2025-10-13T23:55:19.268-0700][1201 ][info ][safepoint   ] Safepoint "Cleanup", Time since last: 1000100382 ns, Reaching safepoint: 826125 ns, Cleanup: 13129 ns, At safepoint: 787918 ns, Total: 1627172 ns
[2025-10-13T23:55:20.270-0700][1201 ][info ][safepoint   ] Safepoint "Cleanup", Time since last: 1000106390 ns, Reaching safepoint: 714867 ns, Cleanup: 13100 ns, At safepoint: 653345 ns, Total: 1381312 ns
[2025-10-13T23:55:21.271-0700][1201 ][info ][safepoint   ] Safepoint "Cleanup", Time since last: 1000100762 ns, Reaching safepoint: 722709 ns, Cleanup: 10536 ns, At safepoint: 710330 ns, Total: 1443575 ns
[2025-10-13T23:55:22.273-0700][1201 ][info ][safepoint   ] Safepoint "Cleanup", Time since last: 1000115324 ns, Reaching safepoint: 790982 ns, Cleanup: 12689 ns, At safepoint: 819465 ns, Total: 1623136 ns
[2025-10-13T23:55:27.140-0700][1201 ][info ][safepoint   ] Safepoint "Cleanup", Time since last: 4866153672 ns, Reaching safepoint: 736780 ns, Cleanup: 14422 ns, At safepoint: 117217 ns, Total: 868419 ns
[2025-10-13T23:55:29.141-0700][1201 ][info ][safepoint   ] Safepoint "Cleanup", Time since last: 2000189566 ns, Reaching safepoint: 633945 ns, Cleanup: 10796 ns, At safepoint: 67322 ns, Total: 712063 ns
[2025-10-13T23:55:30.142-0700][1201 ][info ][safepoint   ] Safepoint "Cleanup", Time since last: 1000103486 ns, Reaching safepoint: 726545 ns, Cleanup: 10826 ns, At safepoint: 67672 ns, Total: 805043 ns
[2025-10-13T23:55:31.143-0700][1201 ][info ][safepoint   ] Safepoint "Cleanup", Time since last: 1000097287 ns, Reaching safepoint: 725253 ns, Cleanup: 14171 ns, At safepoint: 111788 ns, Total: 851212 ns
[2025-10-13T23:55:33.144-0700][1201 ][info ][safepoint   ] Safepoint "Cleanup", Time since last: 2000181935 ns, Reaching safepoint: 707296 ns, Cleanup: 17006 ns, At safepoint: 108824 ns, Total: 833126 ns
[2025-10-13T23:55:34.145-0700][1201 ][info ][safepoint   ] Safepoint "Cleanup", Time since last: 1000127232 ns, Reaching safepoint: 724261 ns, Cleanup: 12849 ns, At safepoint: 108133 ns, Total: 845243 ns
[2025-10-13T23:55:35.146-0700][1201 ][info ][safepoint   ] Safepoint "Cleanup", Time since last: 1000098238 ns, Reaching safepoint: 671602 ns, Cleanup: 22044 ns, At safepoint: 108293 ns, Total: 801939 ns
[2025-10-13T23:55:36.147-0700][1201 ][info ][safepoint   ] Safepoint "Cleanup", Time since last: 1000129095 ns, Reaching safepoint: 727225 ns, Cleanup: 17547 ns, At safepoint: 108513 ns, Total: 853285 ns
[2025-10-13T23:55:37.148-0700][1201 ][info ][safepoint   ] Safepoint "Cleanup", Time since last: 1000129556 ns, Reaching safepoint: 706074 ns, Cleanup: 11737 ns, At safepoint: 71188 ns, Total: 788999 ns
[2025-10-13T23:55:43.149-0700][1201 ][info ][safepoint   ] Safepoint "Cleanup", Time since last: 6000468708 ns, Reaching safepoint: 724832 ns, Cleanup: 47351 ns, At safepoint: 106280 ns, Total: 878463 ns
[2025-10-13T23:55:44.150-0700][1201 ][info ][safepoint   ] Safepoint "Cleanup", Time since last: 1000128217 ns, Reaching safepoint: 720215 ns, Cleanup: 27461 ns, At safepoint: 107953 ns, Total: 855629 ns
[2025-10-13T23:55:45.151-0700][1201 ][info ][safepoint   ] Safepoint "Cleanup", Time since last: 1000135578 ns, Reaching safepoint: 726434 ns, Cleanup: 38298 ns, At safepoint: 105709 ns, Total: 870441 ns
[2025-10-13T23:55:46.152-0700][1201 ][info ][safepoint   ] Safepoint "Cleanup", Time since last: 1000149930 ns, Reaching safepoint: 716890 ns, Cleanup: 13050 ns, At safepoint: 104988 ns, Total: 834928 ns
[2025-10-13T23:55:47.153-0700][1201 ][info ][safepoint   ] Safepoint "Cleanup", Time since last: 1000124431 ns, Reaching safepoint: 681888 ns, Cleanup: 14091 ns, At safepoint: 68453 ns, Total: 764432 ns
[2025-10-13T23:55:55.154-0700][1201 ][info ][safepoint   ] Safepoint "Cleanup", Time since last: 8000607824 ns, Reaching safepoint: 726755 ns, Cleanup: 18178 ns, At safepoint: 106841 ns, Total: 851774 ns
[2025-10-13T23:55:56.155-0700][1201 ][info ][safepoint   ] Safepoint "Cleanup", Time since last: 1000108957 ns, Reaching safepoint: 732063 ns, Cleanup: 12579 ns, At safepoint: 85880 ns, Total: 830522 ns
[2025-10-13T23:56:10.167-0700][1201 ][info ][safepoint   ] Safepoint "Cleanup", Time since last: 14001105775 ns, Reaching safepoint: 10224237 ns, Cleanup: 13931 ns, At safepoint: 106951 ns, Total: 10345119 ns
[2025-10-13T23:56:11.168-0700][1201 ][info ][safepoint   ] Safepoint "Cleanup", Time since last: 1000104732 ns, Reaching safepoint: 654526 ns, Cleanup: 12268 ns, At safepoint: 67672 ns, Total: 734466 ns
[2025-10-13T23:56:19.169-0700][1201 ][info ][safepoint   ] Safepoint "Cleanup", Time since last: 8000611430 ns, Reaching safepoint: 724682 ns, Cleanup: 23245 ns, At safepoint: 104918 ns, Total: 852845 ns
[2025-10-13T23:56:20.170-0700][1201 ][info ][safepoint   ] Safepoint "Cleanup", Time since last: 1000129739 ns, Reaching safepoint: 695077 ns, Cleanup: 11868 ns, At safepoint: 72970 ns, Total: 779915 ns
[2025-10-13T23:56:23.171-0700][1201 ][info ][safepoint   ] Safepoint "Cleanup", Time since last: 3000186953 ns, Reaching safepoint: 638762 ns, Cleanup: 16906 ns, At safepoint: 66970 ns, Total: 722638 ns
[2025-10-13T23:56:27.163-0700][1201 ][info ][safepoint   ] Safepoint "Cleanup", Time since last: 3991067685 ns, Reaching safepoint: 732303 ns, Cleanup: 13851 ns, At safepoint: 104788 ns, Total: 850942 ns
[2025-10-13T23:56:28.164-0700][1201 ][info ][safepoint   ] Safepoint "Cleanup", Time since last: 1000129699 ns, Reaching safepoint: 722909 ns, Cleanup: 16275 ns, At safepoint: 102014 ns, Total: 841198 ns
[2025-10-13T23:56:30.165-0700][1201 ][info ][safepoint   ] Safepoint "Cleanup", Time since last: 2000219567 ns, Reaching safepoint: 722870 ns, Cleanup: 14311 ns, At safepoint: 109145 ns, Total: 846326 ns
[2025-10-13T23:56:45.535-0700][1201 ][info ][gc,start    ] GC(281) Pause Young (Normal) (G1 Evacuation Pause)
[2025-10-13T23:56:45.535-0700][1201 ][info ][gc,task     ] GC(281) Using 113 workers of 113 for evacuation
[2025-10-13T23:56:45.550-0700][1201 ][debug][gc,remset   ] GC(281) Visited cards 10394880 Total dirty 73531392 (14.14%) Total old 533725184 (1.95%)
[2025-10-13T23:56:45.674-0700][1201 ][info ][gc,phases   ] GC(281)   Pre Evacuate Collection Set: 0.8ms
[2025-10-13T23:56:45.674-0700][1201 ][info ][gc,phases   ] GC(281)   Merge Heap Roots: 13.5ms
[2025-10-13T23:56:45.674-0700][1201 ][info ][gc,phases   ] GC(281)   Evacuate Collection Set: 109.4ms
[2025-10-13T23:56:45.674-0700][1201 ][info ][gc,phases   ] GC(281)   Post Evacuate Collection Set: 14.4ms
[2025-10-13T23:56:45.674-0700][1201 ][info ][gc,phases   ] GC(281)   Other: 0.2ms
[2025-10-13T23:56:45.674-0700][1201 ][debug][gc,remset   ] GC(281) Coarsening (recent): Inline->AoC 45697 (0) AoC->Howl 120 (0) Howl->Full 0 (0) Inline->AoC 559 (0) AoC->BitMap 56 (0) BitMap->Full 0 (0) 
[2025-10-13T23:56:45.674-0700][1201 ][debug][gc,remset   ] GC(281) Coarsening (all): Inline->AoC 7694170 (282) AoC->Howl 115843 (1161) Howl->Full 0 (0) Inline->AoC 475369 (475) AoC->BitMap 120720 (1062) BitMap->Full 5 (0) 
[2025-10-13T23:56:45.674-0700][1201 ][info ][gc,heap     ] GC(281) Eden regions: 3250->0(3257)
[2025-10-13T23:56:45.674-0700][1201 ][info ][gc,heap     ] GC(281) Survivor regions: 206->199(432)
[2025-10-13T23:56:45.674-0700][1201 ][info ][gc,heap     ] GC(281) Old regions: 1230->1230
[2025-10-13T23:56:45.674-0700][1201 ][info ][gc,heap     ] GC(281) Humongous regions: 2->0
[2025-10-13T23:56:45.674-0700][1201 ][info ][gc,metaspace] GC(281) Metaspace: 321015K(327040K)->321015K(327040K) NonClass: 284416K(287616K)->284416K(287616K) Class: 36599K(39424K)->36599K(39424K)
[2025-10-13T23:56:45.674-0700][1201 ][info ][gc          ] GC(281) Pause Young (Normal) (G1 Evacuation Pause) 150007M->45717M(184320M) 138.561ms
[2025-10-13T23:56:45.675-0700][1201 ][info ][gc,cpu      ] GC(281) User=13.78s Sys=0.31s Real=0.14s
[2025-10-13T23:56:45.676-0700][1201 ][info ][safepoint   ] Safepoint "G1CollectForAllocation", Time since last: 15368806117 ns, Reaching safepoint: 630189 ns, Cleanup: 3946 ns, At safepoint: 141537620 ns, Total: 142171755 ns
[2025-10-13T23:56:54.677-0700][1201 ][info ][safepoint   ] Safepoint "Cleanup", Time since last: 9000758582 ns, Reaching safepoint: 689058 ns, Cleanup: 12409 ns, At safepoint: 67371 ns, Total: 768838 ns
[2025-10-13T23:56:59.679-0700][1201 ][info ][safepoint   ] Safepoint "Cleanup", Time since last: 5000390632 ns, Reaching safepoint: 627766 ns, Cleanup: 9905 ns, At safepoint: 80151 ns, Total: 717822 ns
[2025-10-13T23:57:04.680-0700][1201 ][info ][safepoint   ] Safepoint "Cleanup", Time since last: 5000414948 ns, Reaching safepoint: 672513 ns, Cleanup: 13000 ns, At safepoint: 103967 ns, Total: 789480 ns
[2025-10-13T23:57:27.185-0700][1201 ][info ][safepoint   ] Safepoint "Cleanup", Time since last: 22504666631 ns, Reaching safepoint: 614686 ns, Cleanup: 12840 ns, At safepoint: 66019 ns, Total: 693545 ns
[2025-10-13T23:58:02.189-0700][1201 ][info ][safepoint   ] Safepoint "Cleanup", Time since last: 35002915853 ns, Reaching safepoint: 702819 ns, Cleanup: 12468 ns, At safepoint: 64658 ns, Total: 779945 ns
[2025-10-13T23:58:19.191-0700][1201 ][info ][safepoint   ] Safepoint "Cleanup", Time since last: 17001466823 ns, Reaching safepoint: 701497 ns, Cleanup: 17256 ns, At safepoint: 103496 ns, Total: 822249 ns
[2025-10-13T23:58:23.192-0700][1201 ][info ][safepoint   ] Safepoint "Cleanup", Time since last: 4000356235 ns, Reaching safepoint: 711913 ns, Cleanup: 17566 ns, At safepoint: 109505 ns, Total: 838984 ns
[2025-10-13T23:58:25.193-0700][1201 ][info ][safepoint   ] Safepoint "Cleanup", Time since last: 2000217993 ns, Reaching safepoint: 679313 ns, Cleanup: 21252 ns, At safepoint: 113241 ns, Total: 813806 ns
[2025-10-13T23:58:27.206-0700][1201 ][info ][safepoint   ] Safepoint "Cleanup", Time since last: 2012282362 ns, Reaching safepoint: 694216 ns, Cleanup: 11938 ns, At safepoint: 115824 ns, Total: 821978 ns
[2025-10-13T23:58:45.209-0700][1201 ][info ][safepoint   ] Safepoint "Cleanup", Time since last: 18001304511 ns, Reaching safepoint: 698062 ns, Cleanup: 11677 ns, At safepoint: 102224 ns, Total: 811963 ns
[2025-10-13T23:58:55.210-0700][1201 ][info ][safepoint   ] Safepoint "Cleanup", Time since last: 10000833997 ns, Reaching safepoint: 671191 ns, Cleanup: 12419 ns, At safepoint: 62324 ns, Total: 745934 ns
[2025-10-13T23:59:23.213-0700][1201 ][info ][safepoint   ] Safepoint "Cleanup", Time since last: 28002292868 ns, Reaching safepoint: 705903 ns, Cleanup: 22624 ns, At safepoint: 111568 ns, Total: 840095 ns
[2025-10-13T23:59:35.229-0700][1201 ][info ][safepoint   ] Safepoint "Cleanup", Time since last: 12014668138 ns, Reaching safepoint: 702999 ns, Cleanup: 14171 ns, At safepoint: 72229 ns, Total: 789399 ns
[2025-10-13T23:59:38.230-0700][1201 ][info ][safepoint   ] Safepoint "Cleanup", Time since last: 3000266167 ns, Reaching safepoint: 686445 ns, Cleanup: 12789 ns, At safepoint: 97978 ns, Total: 797212 ns
[2025-10-13T23:59:39.231-0700][1201 ][info ][safepoint   ] Safepoint "Cleanup", Time since last: 1000130485 ns, Reaching safepoint: 683119 ns, Cleanup: 13080 ns, At safepoint: 100762 ns, Total: 796961 ns
[2025-10-13T23:59:42.232-0700][1201 ][info ][safepoint   ] Safepoint "Cleanup", Time since last: 3000297324 ns, Reaching safepoint: 678923 ns, Cleanup: 18628 ns, At safepoint: 95033 ns, Total: 792584 ns
[2025-10-13T23:59:45.233-0700][1201 ][info ][safepoint   ] Safepoint "Cleanup", Time since last: 3000280549 ns, Reaching safepoint: 689779 ns, Cleanup: 16475 ns, At safepoint: 90456 ns, Total: 796710 ns
[2025-10-13T23:59:48.234-0700][1201 ][info ][safepoint   ] Safepoint "Cleanup", Time since last: 3000287009 ns, Reaching safepoint: 692463 ns, Cleanup: 26931 ns, At safepoint: 97757 ns, Total: 817151 ns
[2025-10-13T23:59:50.235-0700][1201 ][info ][safepoint   ] Safepoint "Cleanup", Time since last: 2000199127 ns, Reaching safepoint: 718323 ns, Cleanup: 13130 ns, At safepoint: 100391 ns, Total: 831844 ns
[2025-10-13T23:59:54.236-0700][1201 ][info ][safepoint   ] Safepoint "Cleanup", Time since last: 4000367919 ns, Reaching safepoint: 597691 ns, Cleanup: 12098 ns, At safepoint: 61813 ns, Total: 671602 ns
[2025-10-13T23:59:55.237-0700][1201 ][info ][safepoint   ] Safepoint "Cleanup", Time since last: 1000102844 ns, Reaching safepoint: 599703 ns, Cleanup: 13020 ns, At safepoint: 60792 ns, Total: 673515 ns
[2025-10-14T00:00:16.239-0700][1201 ][info ][safepoint   ] Safepoint "Cleanup", Time since last: 21001738403 ns, Reaching safepoint: 709168 ns, Cleanup: 17006 ns, At safepoint: 99580 ns, Total: 825754 ns
[2025-10-14T00:00:34.251-0700][1201 ][info ][safepoint   ] Safepoint "Cleanup", Time since last: 18010952954 ns, Reaching safepoint: 679063 ns, Cleanup: 14141 ns, At safepoint: 96015 ns, Total: 789219 ns
[2025-10-14T00:00:45.253-0700][1201 ][info ][safepoint   ] Safepoint "Cleanup", Time since last: 11000774066 ns, Reaching safepoint: 593474 ns, Cleanup: 16114 ns, At safepoint: 59680 ns, Total: 669268 ns
[2025-10-14T00:00:46.253-0700][1201 ][info ][safepoint   ] Safepoint "Cleanup", Time since last: 1000105361 ns, Reaching safepoint: 690810 ns, Cleanup: 16255 ns, At safepoint: 67822 ns, Total: 774887 ns
[2025-10-14T00:00:53.255-0700][1201 ][info ][safepoint   ] Safepoint "Cleanup", Time since last: 7000503031 ns, Reaching safepoint: 717561 ns, Cleanup: 14662 ns, At safepoint: 429577 ns, Total: 1161800 ns
[2025-10-14T00:00:55.256-0700][1201 ][info ][safepoint   ] Safepoint "Cleanup", Time since last: 2000134256 ns, Reaching safepoint: 584841 ns, Cleanup: 21863 ns, At safepoint: 68042 ns, Total: 674746 ns
[2025-10-14T00:01:04.257-0700][1201 ][info ][safepoint   ] Safepoint "Cleanup", Time since last: 9000762966 ns, Reaching safepoint: 687926 ns, Cleanup: 13691 ns, At safepoint: 101062 ns, Total: 802679 ns
[2025-10-14T00:01:15.259-0700][1201 ][info ][safepoint   ] Safepoint "Cleanup", Time since last: 11000918787 ns, Reaching safepoint: 665964 ns, Cleanup: 14581 ns, At safepoint: 99560 ns, Total: 780105 ns
[2025-10-14T00:01:19.260-0700][1201 ][info ][safepoint   ] Safepoint "Cleanup", Time since last: 4000393032 ns, Reaching safepoint: 689950 ns, Cleanup: 17676 ns, At safepoint: 99540 ns, Total: 807166 ns
[2025-10-14T00:01:33.273-0700][1201 ][info ][safepoint   ] Safepoint "Cleanup", Time since last: 14011601847 ns, Reaching safepoint: 684601 ns, Cleanup: 14632 ns, At safepoint: 75164 ns, Total: 774397 ns
[2025-10-14T00:01:35.274-0700][1201 ][info ][safepoint   ] Safepoint "Cleanup", Time since last: 2000201623 ns, Reaching safepoint: 695828 ns, Cleanup: 18088 ns, At safepoint: 82474 ns, Total: 796390 ns
[2025-10-14T00:01:43.275-0700][1201 ][info ][safepoint   ] Safepoint "Cleanup", Time since last: 8000641486 ns, Reaching safepoint: 653855 ns, Cleanup: 10826 ns, At safepoint: 63726 ns, Total: 728407 ns
[2025-10-14T00:01:45.276-0700][1201 ][info ][safepoint   ] Safepoint "Cleanup", Time since last: 2000206060 ns, Reaching safepoint: 669559 ns, Cleanup: 14221 ns, At safepoint: 63596 ns, Total: 747376 ns
[2025-10-14T00:01:48.277-0700][1201 ][info ][safepoint   ] Safepoint "Cleanup", Time since last: 3000261374 ns, Reaching safepoint: 684270 ns, Cleanup: 14452 ns, At safepoint: 100181 ns, Total: 798903 ns
[2025-10-14T00:01:54.278-0700][1201 ][info ][safepoint   ] Safepoint "Cleanup", Time since last: 6000502086 ns, Reaching safepoint: 681236 ns, Cleanup: 15594 ns, At safepoint: 97797 ns, Total: 794627 ns
[2025-10-14T00:02:13.281-0700][1201 ][info ][safepoint   ] Safepoint "Cleanup", Time since last: 19001513012 ns, Reaching safepoint: 628647 ns, Cleanup: 18267 ns, At safepoint: 103105 ns, Total: 750019 ns
[2025-10-14T00:02:14.282-0700][1201 ][info ][safepoint   ] Safepoint "Cleanup", Time since last: 1000149592 ns, Reaching safepoint: 690710 ns, Cleanup: 30767 ns, At safepoint: 100050 ns, Total: 821527 ns
[2025-10-14T00:02:15.283-0700][1201 ][info ][safepoint   ] Safepoint "Cleanup", Time since last: 1000136492 ns, Reaching safepoint: 669368 ns, Cleanup: 19620 ns, At safepoint: 263867 ns, Total: 952855 ns
[2025-10-14T00:02:16.284-0700][1201 ][info ][safepoint   ] Safepoint "Cleanup", Time since last: 1000126056 ns, Reaching safepoint: 681126 ns, Cleanup: 23436 ns, At safepoint: 367523 ns, Total: 1072085 ns
[2025-10-14T00:02:17.285-0700][1201 ][info ][safepoint   ] Safepoint "Cleanup", Time since last: 1000132005 ns, Reaching safepoint: 684571 ns, Cleanup: 29635 ns, At safepoint: 106210 ns, Total: 820416 ns
[2025-10-14T00:02:18.286-0700][1201 ][info ][safepoint   ] Safepoint "Cleanup", Time since last: 1000139106 ns, Reaching safepoint: 688647 ns, Cleanup: 68974 ns, At safepoint: 96095 ns, Total: 853716 ns
[2025-10-14T00:02:19.287-0700][1201 ][info ][safepoint   ] Safepoint "Cleanup", Time since last: 1000135810 ns, Reaching safepoint: 653405 ns, Cleanup: 27521 ns, At safepoint: 64177 ns, Total: 745103 ns
[2025-10-14T00:02:20.288-0700][1201 ][info ][safepoint   ] Safepoint "Cleanup", Time since last: 1000099386 ns, Reaching safepoint: 677320 ns, Cleanup: 17937 ns, At safepoint: 103646 ns, Total: 798903 ns
[2025-10-14T00:02:21.289-0700][1201 ][info ][safepoint   ] Safepoint "Cleanup", Time since last: 1000132506 ns, Reaching safepoint: 682317 ns, Cleanup: 16335 ns, At safepoint: 62023 ns, Total: 760675 ns
[2025-10-14T00:02:22.290-0700][1201 ][info ][safepoint   ] Safepoint "Cleanup", Time since last: 1000125175 ns, Reaching safepoint: 696970 ns, Cleanup: 24637 ns, At safepoint: 102304 ns, Total: 823911 ns
[2025-10-14T00:02:23.290-0700][1201 ][info ][safepoint   ] Safepoint "Cleanup", Time since last: 1000109712 ns, Reaching safepoint: 697070 ns, Cleanup: 28783 ns, At safepoint: 99169 ns, Total: 825022 ns
[2025-10-14T00:02:24.291-0700][1201 ][info ][safepoint   ] Safepoint "Cleanup", Time since last: 1000129732 ns, Reaching safepoint: 655447 ns, Cleanup: 16515 ns, At safepoint: 62715 ns, Total: 734677 ns
[2025-10-14T00:02:24.637-0700][1201 ][info ][gc,start    ] GC(282) Pause Young (Normal) (G1 Evacuation Pause)
[2025-10-14T00:02:24.637-0700][1201 ][info ][gc,task     ] GC(282) Using 113 workers of 113 for evacuation
[2025-10-14T00:02:24.652-0700][1201 ][debug][gc,remset   ] GC(282) Visited cards 10775040 Total dirty 73728000 (14.61%) Total old 533659648 (2.02%)
[2025-10-14T00:02:24.771-0700][1201 ][info ][gc,phases   ] GC(282)   Pre Evacuate Collection Set: 0.9ms
[2025-10-14T00:02:24.771-0700][1201 ][info ][gc,phases   ] GC(282)   Merge Heap Roots: 13.7ms
[2025-10-14T00:02:24.771-0700][1201 ][info ][gc,phases   ] GC(282)   Evacuate Collection Set: 104.7ms
[2025-10-14T00:02:24.771-0700][1201 ][info ][gc,phases   ] GC(282)   Post Evacuate Collection Set: 14.4ms
[2025-10-14T00:02:24.771-0700][1201 ][info ][gc,phases   ] GC(282)   Other: 0.2ms
[2025-10-14T00:02:24.771-0700][1201 ][debug][gc,remset   ] GC(282) Coarsening (recent): Inline->AoC 55877 (0) AoC->Howl 239 (1) Howl->Full 0 (0) Inline->AoC 1209 (0) AoC->BitMap 157 (0) BitMap->Full 0 (0) 
[2025-10-14T00:02:24.771-0700][1201 ][debug][gc,remset   ] GC(282) Coarsening (all): Inline->AoC 7750047 (282) AoC->Howl 116082 (1162) Howl->Full 0 (0) Inline->AoC 476578 (475) AoC->BitMap 120877 (1062) BitMap->Full 5 (0) 
[2025-10-14T00:02:24.771-0700][1201 ][info ][gc,heap     ] GC(282) Eden regions: 3257->0(3271)
[2025-10-14T00:02:24.771-0700][1201 ][info ][gc,heap     ] GC(282) Survivor regions: 199->185(432)
[2025-10-14T00:02:24.771-0700][1201 ][info ][gc,heap     ] GC(282) Old regions: 1230->1230
[2025-10-14T00:02:24.771-0700][1201 ][info ][gc,heap     ] GC(282) Humongous regions: 1->0
[2025-10-14T00:02:24.771-0700][1201 ][info ][gc,metaspace] GC(282) Metaspace: 321355K(327424K)->321355K(327424K) NonClass: 284747K(288000K)->284747K(288000K) Class: 36608K(39424K)->36608K(39424K)
[2025-10-14T00:02:24.771-0700][1201 ][info ][gc          ] GC(282) Pause Young (Normal) (G1 Evacuation Pause) 149973M->45263M(184320M) 134.021ms
[2025-10-14T00:02:24.772-0700][1201 ][info ][gc,cpu      ] GC(282) User=13.33s Sys=0.31s Real=0.14s
[2025-10-14T00:02:24.773-0700][1201 ][info ][safepoint   ] Safepoint "G1CollectForAllocation", Time since last: 343975106 ns, Reaching safepoint: 692292 ns, Cleanup: 28583 ns, At safepoint: 136819568 ns, Total: 137540443 ns
[2025-10-14T00:02:26.296-0700][1201 ][info ][safepoint   ] Safepoint "Cleanup", Time since last: 1521895220 ns, Reaching safepoint: 1244715 ns, Cleanup: 29985 ns, At safepoint: 97046 ns, Total: 1371746 ns
[2025-10-14T00:02:27.297-0700][1201 ][info ][safepoint   ] Safepoint "Cleanup", Time since last: 1000125335 ns, Reaching safepoint: 692553 ns, Cleanup: 36145 ns, At safepoint: 104727 ns, Total: 833425 ns
[2025-10-14T00:02:28.298-0700][1201 ][info ][safepoint   ] Safepoint "Cleanup", Time since last: 1000134740 ns, Reaching safepoint: 721236 ns, Cleanup: 26400 ns, At safepoint: 101673 ns, Total: 849309 ns
[2025-10-14T00:02:29.299-0700][1201 ][info ][safepoint   ] Safepoint "Cleanup", Time since last: 1000130202 ns, Reaching safepoint: 808428 ns, Cleanup: 15653 ns, At safepoint: 62985 ns, Total: 887066 ns
[2025-10-14T00:02:30.300-0700][1201 ][info ][safepoint   ] Safepoint "Cleanup", Time since last: 1000122081 ns, Reaching safepoint: 703389 ns, Cleanup: 14352 ns, At safepoint: 102053 ns, Total: 819794 ns
[2025-10-14T00:02:32.301-0700][1201 ][info ][safepoint   ] Safepoint "Cleanup", Time since last: 2000220796 ns, Reaching safepoint: 689608 ns, Cleanup: 17817 ns, At safepoint: 104738 ns, Total: 812163 ns
[2025-10-14T00:02:34.302-0700][1201 ][info ][safepoint   ] Safepoint "Cleanup", Time since last: 2000215848 ns, Reaching safepoint: 671401 ns, Cleanup: 13931 ns, At safepoint: 97306 ns, Total: 782638 ns
[2025-10-14T00:02:35.303-0700][1201 ][info ][safepoint   ] Safepoint "Cleanup", Time since last: 1000131064 ns, Reaching safepoint: 667736 ns, Cleanup: 17506 ns, At safepoint: 60842 ns, Total: 746084 ns
[2025-10-14T00:02:38.304-0700][1201 ][info ][safepoint   ] Safepoint "Cleanup", Time since last: 3000291558 ns, Reaching safepoint: 682398 ns, Cleanup: 13821 ns, At safepoint: 96114 ns, Total: 792333 ns
[2025-10-14T00:02:39.305-0700][1201 ][info ][safepoint   ] Safepoint "Cleanup", Time since last: 1000130924 ns, Reaching safepoint: 681516 ns, Cleanup: 13190 ns, At safepoint: 62294 ns, Total: 757000 ns
[2025-10-14T00:02:46.306-0700][1201 ][info ][safepoint   ] Safepoint "Cleanup", Time since last: 7000581120 ns, Reaching safepoint: 693394 ns, Cleanup: 22534 ns, At safepoint: 109916 ns, Total: 825844 ns
[2025-10-14T00:02:49.307-0700][1201 ][info ][safepoint   ] Safepoint "Cleanup", Time since last: 3000298148 ns, Reaching safepoint: 686984 ns, Cleanup: 16225 ns, At safepoint: 115914 ns, Total: 819123 ns
[2025-10-14T00:02:55.309-0700][1201 ][info ][safepoint   ] Safepoint "Cleanup", Time since last: 6000518359 ns, Reaching safepoint: 682188 ns, Cleanup: 17276 ns, At safepoint: 108894 ns, Total: 808358 ns
[2025-10-14T00:03:09.311-0700][1201 ][info ][safepoint   ] Safepoint "Cleanup", Time since last: 14001201302 ns, Reaching safepoint: 681317 ns, Cleanup: 15433 ns, At safepoint: 96886 ns, Total: 793636 ns
[2025-10-14T00:03:16.312-0700][1201 ][info ][safepoint   ] Safepoint "Cleanup", Time since last: 7000502817 ns, Reaching safepoint: 584190 ns, Cleanup: 11898 ns, At safepoint: 63746 ns, Total: 659834 ns
[2025-10-14T00:03:33.318-0700][1201 ][info ][safepoint   ] Safepoint "Cleanup", Time since last: 17005764838 ns, Reaching safepoint: 597510 ns, Cleanup: 10235 ns, At safepoint: 61092 ns, Total: 668837 ns
[2025-10-14T00:03:36.319-0700][1201 ][info ][safepoint   ] Safepoint "Cleanup", Time since last: 3000287983 ns, Reaching safepoint: 668576 ns, Cleanup: 11768 ns, At safepoint: 64918 ns, Total: 745262 ns
[2025-10-14T00:03:42.321-0700][1201 ][info ][safepoint   ] Safepoint "Cleanup", Time since last: 6000541925 ns, Reaching safepoint: 642698 ns, Cleanup: 12849 ns, At safepoint: 64036 ns, Total: 719583 ns
[2025-10-14T00:03:46.322-0700][1201 ][info ][safepoint   ] Safepoint "Cleanup", Time since last: 4000374891 ns, Reaching safepoint: 695637 ns, Cleanup: 15663 ns, At safepoint: 100922 ns, Total: 812222 ns
[2025-10-14T00:03:50.323-0700][1201 ][info ][safepoint   ] Safepoint "Cleanup", Time since last: 4000387519 ns, Reaching safepoint: 677160 ns, Cleanup: 13871 ns, At safepoint: 97897 ns, Total: 788928 ns
[2025-10-14T00:04:05.325-0700][1201 ][info ][safepoint   ] Safepoint "Cleanup", Time since last: 15001290264 ns, Reaching safepoint: 677670 ns, Cleanup: 13881 ns, At safepoint: 100281 ns, Total: 791832 ns
[2025-10-14T00:04:06.326-0700][1201 ][info ][safepoint   ] Safepoint "Cleanup", Time since last: 1000132749 ns, Reaching safepoint: 657100 ns, Cleanup: 12629 ns, At safepoint: 61603 ns, Total: 731332 ns
[2025-10-14T00:04:07.327-0700][1201 ][info ][safepoint   ] Safepoint "Cleanup", Time since last: 1000125357 ns, Reaching safepoint: 711282 ns, Cleanup: 16615 ns, At safepoint: 100962 ns, Total: 828859 ns
[2025-10-14T00:04:14.328-0700][1201 ][info ][safepoint   ] Safepoint "Cleanup", Time since last: 7000621547 ns, Reaching safepoint: 674967 ns, Cleanup: 16715 ns, At safepoint: 106861 ns, Total: 798543 ns
[2025-10-14T00:04:23.330-0700][1201 ][info ][safepoint   ] Safepoint "Cleanup", Time since last: 9000798757 ns, Reaching safepoint: 683249 ns, Cleanup: 13590 ns, At safepoint: 96195 ns, Total: 793034 ns
[2025-10-14T00:04:27.340-0700][1201 ][info ][safepoint   ] Safepoint "Cleanup", Time since last: 4009012620 ns, Reaching safepoint: 688817 ns, Cleanup: 11877 ns, At safepoint: 61824 ns, Total: 762518 ns
[2025-10-14T00:04:35.341-0700][1201 ][info ][safepoint   ] Safepoint "Cleanup", Time since last: 8000747248 ns, Reaching safepoint: 668467 ns, Cleanup: 16454 ns, At safepoint: 97668 ns, Total: 782589 ns
[2025-10-14T00:04:36.342-0700][1201 ][info ][safepoint   ] Safepoint "Cleanup", Time since last: 1000149700 ns, Reaching safepoint: 672513 ns, Cleanup: 14612 ns, At safepoint: 98318 ns, Total: 785443 ns
[2025-10-14T00:04:46.344-0700][1201 ][info ][safepoint   ] Safepoint "Cleanup", Time since last: 10000896074 ns, Reaching safepoint: 685321 ns, Cleanup: 17877 ns, At safepoint: 98779 ns, Total: 801977 ns
[2025-10-14T00:04:47.345-0700][1201 ][info ][safepoint   ] Safepoint "Cleanup", Time since last: 1000125264 ns, Reaching safepoint: 591521 ns, Cleanup: 14541 ns, At safepoint: 64558 ns, Total: 670620 ns
[2025-10-14T00:04:48.346-0700][1201 ][info ][safepoint   ] Safepoint "Cleanup", Time since last: 1000119114 ns, Reaching safepoint: 676198 ns, Cleanup: 36555 ns, At safepoint: 61433 ns, Total: 774186 ns
[2025-10-14T00:04:52.347-0700][1201 ][info ][safepoint   ] Safepoint "Cleanup", Time since last: 4000387145 ns, Reaching safepoint: 672522 ns, Cleanup: 12889 ns, At safepoint: 63075 ns, Total: 748486 ns
[2025-10-14T00:04:55.348-0700][1201 ][info ][safepoint   ] Safepoint "Cleanup", Time since last: 3000292688 ns, Reaching safepoint: 685101 ns, Cleanup: 16725 ns, At safepoint: 99149 ns, Total: 800975 ns
[2025-10-14T00:05:30.362-0700][1201 ][info ][safepoint   ] Safepoint "Cleanup", Time since last: 35013911586 ns, Reaching safepoint: 650309 ns, Cleanup: 22354 ns, At safepoint: 65579 ns, Total: 738242 ns
[2025-10-14T00:05:35.364-0700][1201 ][info ][safepoint   ] Safepoint "Cleanup", Time since last: 5000432112 ns, Reaching safepoint: 686323 ns, Cleanup: 22233 ns, At safepoint: 101884 ns, Total: 810440 ns
[2025-10-14T00:05:37.365-0700][1201 ][info ][safepoint   ] Safepoint "Cleanup", Time since last: 2000222481 ns, Reaching safepoint: 709068 ns, Cleanup: 24206 ns, At safepoint: 105038 ns, Total: 838312 ns
[2025-10-14T00:05:56.367-0700][1201 ][info ][safepoint   ] Safepoint "Cleanup", Time since last: 19001564243 ns, Reaching safepoint: 674576 ns, Cleanup: 14842 ns, At safepoint: 97106 ns, Total: 786524 ns
[2025-10-14T00:06:04.369-0700][1201 ][info ][safepoint   ] Safepoint "Cleanup", Time since last: 8000705138 ns, Reaching safepoint: 687305 ns, Cleanup: 16094 ns, At safepoint: 100672 ns, Total: 804071 ns
[2025-10-14T00:06:07.370-0700][1201 ][info ][safepoint   ] Safepoint "Cleanup", Time since last: 3000299786 ns, Reaching safepoint: 683609 ns, Cleanup: 13430 ns, At safepoint: 97727 ns, Total: 794766 ns
[2025-10-14T00:06:15.371-0700][1201 ][info ][safepoint   ] Safepoint "Cleanup", Time since last: 8000722680 ns, Reaching safepoint: 611971 ns, Cleanup: 13811 ns, At safepoint: 62094 ns, Total: 687876 ns
[2025-10-14T00:06:16.372-0700][1201 ][info ][safepoint   ] Safepoint "Cleanup", Time since last: 1000127332 ns, Reaching safepoint: 673975 ns, Cleanup: 12378 ns, At safepoint: 64017 ns, Total: 750370 ns
[2025-10-14T00:06:22.373-0700][1201 ][info ][safepoint   ] Safepoint "Cleanup", Time since last: 6000539312 ns, Reaching safepoint: 643830 ns, Cleanup: 28103 ns, At safepoint: 68503 ns, Total: 740436 ns
[2025-10-14T00:06:25.374-0700][1201 ][info ][safepoint   ] Safepoint "Cleanup", Time since last: 3000300843 ns, Reaching safepoint: 672894 ns, Cleanup: 34141 ns, At safepoint: 96996 ns, Total: 804031 ns
[2025-10-14T00:06:27.384-0700][1201 ][info ][safepoint   ] Safepoint "Cleanup", Time since last: 2008787496 ns, Reaching safepoint: 654736 ns, Cleanup: 15844 ns, At safepoint: 60021 ns, Total: 730601 ns
[2025-10-14T00:06:36.385-0700][1201 ][info ][safepoint   ] Safepoint "Cleanup", Time since last: 9000786261 ns, Reaching safepoint: 661155 ns, Cleanup: 17767 ns, At safepoint: 60200 ns, Total: 739122 ns
[2025-10-14T00:06:37.386-0700][1201 ][info ][safepoint   ] Safepoint "Cleanup", Time since last: 1000123210 ns, Reaching safepoint: 678131 ns, Cleanup: 16705 ns, At safepoint: 109274 ns, Total: 804110 ns
[2025-10-14T00:06:46.388-0700][1201 ][info ][safepoint   ] Safepoint "Cleanup", Time since last: 9000733707 ns, Reaching safepoint: 693804 ns, Cleanup: 17717 ns, At safepoint: 97667 ns, Total: 809188 ns
[2025-10-14T00:06:47.389-0700][1201 ][info ][safepoint   ] Safepoint "Cleanup", Time since last: 1000115678 ns, Reaching safepoint: 685822 ns, Cleanup: 13961 ns, At safepoint: 95935 ns, Total: 795718 ns
[2025-10-14T00:06:54.390-0700][1201 ][info ][safepoint   ] Safepoint "Cleanup", Time since last: 7000644933 ns, Reaching safepoint: 675196 ns, Cleanup: 20471 ns, At safepoint: 96095 ns, Total: 791762 ns
[2025-10-14T00:07:01.391-0700][1201 ][info ][safepoint   ] Safepoint "Cleanup", Time since last: 7000600733 ns, Reaching safepoint: 609649 ns, Cleanup: 12749 ns, At safepoint: 62213 ns, Total: 684611 ns
[2025-10-14T00:07:05.393-0700][1201 ][info ][safepoint   ] Safepoint "Cleanup", Time since last: 4000339545 ns, Reaching safepoint: 686895 ns, Cleanup: 14221 ns, At safepoint: 97888 ns, Total: 799004 ns
[2025-10-14T00:07:07.394-0700][1201 ][info ][safepoint   ] Safepoint "Cleanup", Time since last: 2000214034 ns, Reaching safepoint: 657510 ns, Cleanup: 16054 ns, At safepoint: 62134 ns, Total: 735698 ns
[2025-10-14T00:07:15.395-0700][1201 ][info ][safepoint   ] Safepoint "Cleanup", Time since last: 8000666330 ns, Reaching safepoint: 691481 ns, Cleanup: 13300 ns, At safepoint: 100532 ns, Total: 805313 ns
[2025-10-14T00:07:16.396-0700][1201 ][info ][safepoint   ] Safepoint "Cleanup", Time since last: 1000121393 ns, Reaching safepoint: 591351 ns, Cleanup: 10706 ns, At safepoint: 62434 ns, Total: 664491 ns
[2025-10-14T00:07:18.397-0700][1201 ][info ][safepoint   ] Safepoint "Cleanup", Time since last: 2000205161 ns, Reaching safepoint: 681426 ns, Cleanup: 17697 ns, At safepoint: 95614 ns, Total: 794737 ns
[2025-10-14T00:07:21.398-0700][1201 ][info ][safepoint   ] Safepoint "Cleanup", Time since last: 3000249888 ns, Reaching safepoint: 632443 ns, Cleanup: 11027 ns, At safepoint: 63736 ns, Total: 707206 ns
[2025-10-14T00:07:23.399-0700][1201 ][info ][safepoint   ] Safepoint "Cleanup", Time since last: 2000185180 ns, Reaching safepoint: 649719 ns, Cleanup: 12368 ns, At safepoint: 61994 ns, Total: 724081 ns
[2025-10-14T00:08:18.410-0700][1201 ][info ][safepoint   ] Safepoint "Cleanup", Time since last: 55010986907 ns, Reaching safepoint: 682448 ns, Cleanup: 13380 ns, At safepoint: 96395 ns, Total: 792223 ns
[2025-10-14T00:08:51.431-0700][1201 ][info ][safepoint   ] Safepoint "Cleanup", Time since last: 33019614384 ns, Reaching safepoint: 605742 ns, Cleanup: 10275 ns, At safepoint: 61403 ns, Total: 677420 ns
[2025-10-14T00:09:01.432-0700][1201 ][info ][safepoint   ] Safepoint "Cleanup", Time since last: 10000770916 ns, Reaching safepoint: 639012 ns, Cleanup: 11137 ns, At safepoint: 71217 ns, Total: 721366 ns
[2025-10-14T00:09:07.434-0700][1201 ][info ][safepoint   ] Safepoint "Cleanup", Time since last: 6000536607 ns, Reaching safepoint: 677850 ns, Cleanup: 12439 ns, At safepoint: 100411 ns, Total: 790700 ns
[2025-10-14T00:09:14.435-0700][1201 ][info ][safepoint   ] Safepoint "Cleanup", Time since last: 7000608392 ns, Reaching safepoint: 647054 ns, Cleanup: 10295 ns, At safepoint: 64808 ns, Total: 722157 ns
[2025-10-14T00:09:22.436-0700][1201 ][info ][safepoint   ] Safepoint "Cleanup", Time since last: 8000643281 ns, Reaching safepoint: 635576 ns, Cleanup: 11788 ns, At safepoint: 108594 ns, Total: 755958 ns
[2025-10-14T00:09:43.451-0700][1201 ][info ][safepoint   ] Safepoint "Cleanup", Time since last: 21014213314 ns, Reaching safepoint: 664841 ns, Cleanup: 13921 ns, At safepoint: 113961 ns, Total: 792723 ns
[2025-10-14T00:09:48.453-0700][1201 ][info ][safepoint   ] Safepoint "Cleanup", Time since last: 5000443519 ns, Reaching safepoint: 653845 ns, Cleanup: 10495 ns, At safepoint: 64558 ns, Total: 728898 ns
[2025-10-14T00:10:12.455-0700][1201 ][info ][safepoint   ] Safepoint "Cleanup", Time since last: 24001936902 ns, Reaching safepoint: 672192 ns, Cleanup: 12369 ns, At safepoint: 101042 ns, Total: 785603 ns
[2025-10-14T00:10:46.474-0700][1201 ][info ][safepoint   ] Safepoint "Cleanup", Time since last: 34018076431 ns, Reaching safepoint: 675788 ns, Cleanup: 13390 ns, At safepoint: 98529 ns, Total: 787707 ns
[2025-10-14T00:10:55.475-0700][1201 ][info ][safepoint   ] Safepoint "Cleanup", Time since last: 9000617107 ns, Reaching safepoint: 660484 ns, Cleanup: 12369 ns, At safepoint: 96495 ns, Total: 769348 ns
[2025-10-14T00:11:03.477-0700][1201 ][info ][safepoint   ] Safepoint "Cleanup", Time since last: 8000615124 ns, Reaching safepoint: 605732 ns, Cleanup: 20360 ns, At safepoint: 65679 ns, Total: 691771 ns
[2025-10-14T00:11:04.478-0700][1201 ][info ][safepoint   ] Safepoint "Cleanup", Time since last: 1000108976 ns, Reaching safepoint: 668857 ns, Cleanup: 17477 ns, At safepoint: 63225 ns, Total: 749559 ns
[2025-10-14T00:11:05.479-0700][1201 ][info ][safepoint   ] Safepoint "Cleanup", Time since last: 1000123778 ns, Reaching safepoint: 681256 ns, Cleanup: 16615 ns, At safepoint: 99139 ns, Total: 797010 ns
[2025-10-14T00:12:16.499-0700][1201 ][info ][safepoint   ] Safepoint "Cleanup", Time since last: 71019308797 ns, Reaching safepoint: 681316 ns, Cleanup: 14492 ns, At safepoint: 99129 ns, Total: 794937 ns
[2025-10-14T00:12:43.519-0700][1201 ][info ][safepoint   ] Safepoint "Cleanup", Time since last: 27019423328 ns, Reaching safepoint: 660284 ns, Cleanup: 13821 ns, At safepoint: 63876 ns, Total: 737981 ns
[2025-10-14T00:14:48.565-0700][1201 ][info ][safepoint   ] Safepoint "Cleanup", Time since last: 125045247838 ns, Reaching safepoint: 693254 ns, Cleanup: 16575 ns, At safepoint: 104477 ns, Total: 814306 ns
[2025-10-14T00:16:31.609-0700][1201 ][info ][safepoint   ] Safepoint "Cleanup", Time since last: 103043155398 ns, Reaching safepoint: 618491 ns, Cleanup: 10737 ns, At safepoint: 60761 ns, Total: 689989 ns
[2025-10-14T00:16:43.611-0700][1201 ][info ][safepoint   ] Safepoint "Cleanup", Time since last: 12001009582 ns, Reaching safepoint: 702998 ns, Cleanup: 16625 ns, At safepoint: 72419 ns, Total: 792042 ns
[2025-10-14T00:16:52.612-0700][1201 ][info ][safepoint   ] Safepoint "Cleanup", Time since last: 9000761098 ns, Reaching safepoint: 585241 ns, Cleanup: 18979 ns, At safepoint: 63435 ns, Total: 667655 ns
[2025-10-14T00:17:01.614-0700][1201 ][info ][safepoint   ] Safepoint "Cleanup", Time since last: 9000774778 ns, Reaching safepoint: 700054 ns, Cleanup: 14522 ns, At safepoint: 100030 ns, Total: 814606 ns
[2025-10-14T00:17:19.616-0700][1201 ][info ][safepoint   ] Safepoint "Cleanup", Time since last: 18001478141 ns, Reaching safepoint: 683530 ns, Cleanup: 18107 ns, At safepoint: 97166 ns, Total: 798803 ns
[2025-10-14T00:17:21.617-0700][1201 ][info ][safepoint   ] Safepoint "Cleanup", Time since last: 2000206935 ns, Reaching safepoint: 690790 ns, Cleanup: 18669 ns, At safepoint: 99419 ns, Total: 808878 ns
[2025-10-14T00:17:33.632-0700][1201 ][info ][safepoint   ] Safepoint "Cleanup", Time since last: 12014815198 ns, Reaching safepoint: 678151 ns, Cleanup: 13480 ns, At safepoint: 61363 ns, Total: 752994 ns
[2025-10-14T00:17:45.634-0700][1201 ][info ][safepoint   ] Safepoint "Cleanup", Time since last: 12000931034 ns, Reaching safepoint: 655116 ns, Cleanup: 17787 ns, At safepoint: 98378 ns, Total: 771281 ns
[2025-10-14T00:17:46.635-0700][1201 ][info ][safepoint   ] Safepoint "Cleanup", Time since last: 1000113848 ns, Reaching safepoint: 593794 ns, Cleanup: 15694 ns, At safepoint: 61362 ns, Total: 670850 ns
[2025-10-14T00:17:54.636-0700][1201 ][info ][safepoint   ] Safepoint "Cleanup", Time since last: 8000668301 ns, Reaching safepoint: 664270 ns, Cleanup: 15574 ns, At safepoint: 62694 ns, Total: 742538 ns
[2025-10-14T00:18:13.638-0700][1201 ][info ][safepoint   ] Safepoint "Cleanup", Time since last: 19001388233 ns, Reaching safepoint: 683469 ns, Cleanup: 15944 ns, At safepoint: 96455 ns, Total: 795868 ns
[2025-10-14T00:18:26.655-0700][1201 ][info ][safepoint   ] Safepoint "Cleanup", Time since last: 13016055217 ns, Reaching safepoint: 691801 ns, Cleanup: 17016 ns, At safepoint: 100882 ns, Total: 809699 ns
[2025-10-14T00:18:47.658-0700][1201 ][info ][safepoint   ] Safepoint "Cleanup", Time since last: 21001486463 ns, Reaching safepoint: 700495 ns, Cleanup: 12188 ns, At safepoint: 64477 ns, Total: 777160 ns
[2025-10-14T00:19:22.661-0700][1201 ][info ][safepoint   ] Safepoint "Cleanup", Time since last: 35002311232 ns, Reaching safepoint: 674045 ns, Cleanup: 14923 ns, At safepoint: 64076 ns, Total: 753044 ns
[2025-10-14T00:19:23.662-0700][1201 ][info ][safepoint   ] Safepoint "Cleanup", Time since last: 1000127667 ns, Reaching safepoint: 679763 ns, Cleanup: 14252 ns, At safepoint: 99510 ns, Total: 793525 ns
[2025-10-14T00:19:45.680-0700][1201 ][info ][safepoint   ] Safepoint "Cleanup", Time since last: 22017342027 ns, Reaching safepoint: 591731 ns, Cleanup: 15553 ns, At safepoint: 61793 ns, Total: 669077 ns
[2025-10-14T00:19:48.681-0700][1201 ][info ][safepoint   ] Safepoint "Cleanup", Time since last: 3000239142 ns, Reaching safepoint: 680354 ns, Cleanup: 26250 ns, At safepoint: 98799 ns, Total: 805403 ns
[2025-10-14T00:19:49.682-0700][1201 ][info ][safepoint   ] Safepoint "Cleanup", Time since last: 1000134062 ns, Reaching safepoint: 684220 ns, Cleanup: 15734 ns, At safepoint: 61322 ns, Total: 761276 ns
[2025-10-14T00:19:50.682-0700][1201 ][info ][safepoint   ] Safepoint "Cleanup", Time since last: 1000128584 ns, Reaching safepoint: 680925 ns, Cleanup: 14853 ns, At safepoint: 94892 ns, Total: 790670 ns
[2025-10-14T00:19:55.684-0700][1201 ][info ][safepoint   ] Safepoint "Cleanup", Time since last: 5000393946 ns, Reaching safepoint: 610990 ns, Cleanup: 12118 ns, At safepoint: 63005 ns, Total: 686113 ns
[2025-10-14T00:20:45.703-0700][1201 ][info ][safepoint   ] Safepoint "Cleanup", Time since last: 50018278741 ns, Reaching safepoint: 660614 ns, Cleanup: 14752 ns, At safepoint: 62344 ns, Total: 737710 ns
[2025-10-14T00:20:47.704-0700][1201 ][info ][safepoint   ] Safepoint "Cleanup", Time since last: 2000199589 ns, Reaching safepoint: 684501 ns, Cleanup: 12689 ns, At safepoint: 62334 ns, Total: 759524 ns
[2025-10-14T00:20:59.705-0700][1201 ][info ][safepoint   ] Safepoint "Cleanup", Time since last: 12000970531 ns, Reaching safepoint: 666243 ns, Cleanup: 14031 ns, At safepoint: 113471 ns, Total: 793745 ns
[2025-10-14T00:21:26.722-0700][1201 ][info ][safepoint   ] Safepoint "Cleanup", Time since last: 27015573832 ns, Reaching safepoint: 698342 ns, Cleanup: 12358 ns, At safepoint: 64427 ns, Total: 775127 ns
[2025-10-14T00:21:27.723-0700][1201 ][info ][safepoint   ] Safepoint "Cleanup", Time since last: 1000138661 ns, Reaching safepoint: 698962 ns, Cleanup: 17587 ns, At safepoint: 98187 ns, Total: 814736 ns
[2025-10-14T00:21:37.724-0700][1201 ][info ][safepoint   ] Safepoint "Cleanup", Time since last: 10000804693 ns, Reaching safepoint: 675497 ns, Cleanup: 24187 ns, At safepoint: 101793 ns, Total: 801477 ns
[2025-10-14T00:21:43.725-0700][1201 ][info ][safepoint   ] Safepoint "Cleanup", Time since last: 6000493939 ns, Reaching safepoint: 689398 ns, Cleanup: 13700 ns, At safepoint: 62014 ns, Total: 765112 ns
[2025-10-14T00:21:45.726-0700][1201 ][info ][safepoint   ] Safepoint "Cleanup", Time since last: 2000199809 ns, Reaching safepoint: 690670 ns, Cleanup: 26540 ns, At safepoint: 65428 ns, Total: 782638 ns
[2025-10-14T00:22:43.745-0700][1201 ][info ][safepoint   ] Safepoint "Cleanup", Time since last: 58017803426 ns, Reaching safepoint: 663869 ns, Cleanup: 13791 ns, At safepoint: 100932 ns, Total: 778592 ns
[2025-10-14T00:23:45.767-0700][1201 ][info ][safepoint   ] Safepoint "Cleanup", Time since last: 62021024134 ns, Reaching safepoint: 678962 ns, Cleanup: 14713 ns, At safepoint: 95213 ns, Total: 788888 ns
[2025-10-14T00:23:47.768-0700][1201 ][info ][safepoint   ] Safepoint "Cleanup", Time since last: 2000216349 ns, Reaching safepoint: 679403 ns, Cleanup: 19840 ns, At safepoint: 96515 ns, Total: 795758 ns
[2025-10-14T00:24:22.771-0700][1201 ][info ][safepoint   ] Safepoint "Cleanup", Time since last: 35002736723 ns, Reaching safepoint: 674796 ns, Cleanup: 14271 ns, At safepoint: 90436 ns, Total: 779503 ns
[2025-10-14T00:24:45.789-0700][1201 ][info ][safepoint   ] Safepoint "Cleanup", Time since last: 23016617370 ns, Reaching safepoint: 687535 ns, Cleanup: 17336 ns, At safepoint: 100040 ns, Total: 804911 ns
[2025-10-14T00:24:48.790-0700][1201 ][info ][safepoint   ] Safepoint "Cleanup", Time since last: 3000299681 ns, Reaching safepoint: 680184 ns, Cleanup: 19149 ns, At safepoint: 61583 ns, Total: 760916 ns
[2025-10-14T00:25:15.793-0700][1201 ][info ][safepoint   ] Safepoint "Cleanup", Time since last: 27002262637 ns, Reaching safepoint: 662627 ns, Cleanup: 13901 ns, At safepoint: 62935 ns, Total: 739463 ns
[2025-10-14T00:26:00.812-0700][1201 ][info ][safepoint   ] Safepoint "Cleanup", Time since last: 45017991267 ns, Reaching safepoint: 685112 ns, Cleanup: 14271 ns, At safepoint: 97908 ns, Total: 797291 ns
[2025-10-14T00:26:08.813-0700][1201 ][info ][safepoint   ] Safepoint "Cleanup", Time since last: 8000723541 ns, Reaching safepoint: 671871 ns, Cleanup: 14072 ns, At safepoint: 67862 ns, Total: 753805 ns
[2025-10-14T00:27:20.834-0700][1201 ][info ][safepoint   ] Safepoint "Cleanup", Time since last: 72020402531 ns, Reaching safepoint: 591881 ns, Cleanup: 13360 ns, At safepoint: 64247 ns, Total: 669488 ns
[2025-10-14T00:28:02.855-0700][1201 ][info ][safepoint   ] Safepoint "Cleanup", Time since last: 42020435495 ns, Reaching safepoint: 689799 ns, Cleanup: 15343 ns, At safepoint: 97176 ns, Total: 802318 ns
[2025-10-14T00:29:47.898-0700][1201 ][info ][safepoint   ] Safepoint "Cleanup", Time since last: 105041931802 ns, Reaching safepoint: 591550 ns, Cleanup: 16976 ns, At safepoint: 65268 ns, Total: 673794 ns
[2025-10-14T00:29:50.899-0700][1201 ][info ][safepoint   ] Safepoint "Cleanup", Time since last: 3000271963 ns, Reaching safepoint: 628356 ns, Cleanup: 14823 ns, At safepoint: 97456 ns, Total: 740635 ns
[2025-10-14T00:30:57.921-0700][1201 ][info ][safepoint   ] Safepoint "Cleanup", Time since last: 67021033847 ns, Reaching safepoint: 681956 ns, Cleanup: 15794 ns, At safepoint: 98639 ns, Total: 796389 ns
[2025-10-14T00:32:02.941-0700][1201 ][info ][safepoint   ] Safepoint "Cleanup", Time since last: 65019374480 ns, Reaching safepoint: 646424 ns, Cleanup: 12528 ns, At safepoint: 60562 ns, Total: 719514 ns
[2025-10-14T00:32:04.692-0700][1201 ][info ][gc,start    ] GC(283) Pause Young (Normal) (G1 Evacuation Pause)
[2025-10-14T00:32:04.692-0700][1201 ][info ][gc,task     ] GC(283) Using 113 workers of 113 for evacuation
[2025-10-14T00:32:04.707-0700][1201 ][debug][gc,remset   ] GC(283) Visited cards 10606336 Total dirty 73596928 (14.41%) Total old 533659648 (1.99%)
[2025-10-14T00:32:04.830-0700][1201 ][info ][gc,phases   ] GC(283)   Pre Evacuate Collection Set: 0.9ms
[2025-10-14T00:32:04.830-0700][1201 ][info ][gc,phases   ] GC(283)   Merge Heap Roots: 13.5ms
[2025-10-14T00:32:04.830-0700][1201 ][info ][gc,phases   ] GC(283)   Evacuate Collection Set: 107.7ms
[2025-10-14T00:32:04.830-0700][1201 ][info ][gc,phases   ] GC(283)   Post Evacuate Collection Set: 15.6ms
[2025-10-14T00:32:04.830-0700][1201 ][info ][gc,phases   ] GC(283)   Other: 0.2ms
[2025-10-14T00:32:04.830-0700][1201 ][debug][gc,remset   ] GC(283) Coarsening (recent): Inline->AoC 16704 (0) AoC->Howl 81 (0) Howl->Full 0 (0) Inline->AoC 389 (0) AoC->BitMap 43 (0) BitMap->Full 0 (0) 
[2025-10-14T00:32:04.830-0700][1201 ][debug][gc,remset   ] GC(283) Coarsening (all): Inline->AoC 7766751 (282) AoC->Howl 116163 (1162) Howl->Full 0 (0) Inline->AoC 476967 (475) AoC->BitMap 120920 (1062) BitMap->Full 5 (0) 
[2025-10-14T00:32:04.830-0700][1201 ][info ][gc,heap     ] GC(283) Eden regions: 3271->0(3262)
[2025-10-14T00:32:04.830-0700][1201 ][info ][gc,heap     ] GC(283) Survivor regions: 185->194(432)
[2025-10-14T00:32:04.830-0700][1201 ][info ][gc,heap     ] GC(283) Old regions: 1230->1230
[2025-10-14T00:32:04.830-0700][1201 ][info ][gc,heap     ] GC(283) Humongous regions: 1->0
[2025-10-14T00:32:04.830-0700][1201 ][info ][gc,metaspace] GC(283) Metaspace: 321745K(327808K)->321745K(327808K) NonClass: 285131K(288384K)->285131K(288384K) Class: 36614K(39424K)->36614K(39424K)
[2025-10-14T00:32:04.830-0700][1201 ][info ][gc          ] GC(283) Pause Young (Normal) (G1 Evacuation Pause) 149967M->45560M(184320M) 138.095ms
[2025-10-14T00:32:04.831-0700][1201 ][info ][gc,cpu      ] GC(283) User=13.55s Sys=0.24s Real=0.14s
[2025-10-14T00:32:04.831-0700][1201 ][info ][safepoint   ] Safepoint "G1CollectForAllocation", Time since last: 1749316137 ns, Reaching safepoint: 666874 ns, Cleanup: 6439 ns, At safepoint: 140362355 ns, Total: 141035668 ns
[2025-10-14T00:32:05.832-0700][1201 ][info ][safepoint   ] Safepoint "Cleanup", Time since last: 1000089781 ns, Reaching safepoint: 816439 ns, Cleanup: 13660 ns, At safepoint: 67021 ns, Total: 897120 ns
[2025-10-14T00:34:48.006-0700][1201 ][info ][safepoint   ] Safepoint "Cleanup", Time since last: 162173213231 ns, Reaching safepoint: 588275 ns, Cleanup: 14923 ns, At safepoint: 63435 ns, Total: 666633 ns
[2025-10-14T00:35:03.008-0700][1201 ][info ][safepoint   ] Safepoint "Cleanup", Time since last: 15001055008 ns, Reaching safepoint: 587645 ns, Cleanup: 11778 ns, At safepoint: 62093 ns, Total: 661516 ns
[2025-10-14T00:35:07.009-0700][1201 ][info ][safepoint   ] Safepoint "Cleanup", Time since last: 4000303241 ns, Reaching safepoint: 587084 ns, Cleanup: 12168 ns, At safepoint: 58809 ns, Total: 658061 ns
[2025-10-14T00:35:59.029-0700][1201 ][info ][safepoint   ] Safepoint "Cleanup", Time since last: 52019621953 ns, Reaching safepoint: 657610 ns, Cleanup: 14812 ns, At safepoint: 128343 ns, Total: 800765 ns
[2025-10-14T00:36:46.051-0700][1201 ][info ][safepoint   ] Safepoint "Cleanup", Time since last: 47020696172 ns, Reaching safepoint: 690119 ns, Cleanup: 17787 ns, At safepoint: 96325 ns, Total: 804231 ns
[2025-10-14T00:39:48.119-0700][1201 ][info ][safepoint   ] Safepoint "Cleanup", Time since last: 182067059254 ns, Reaching safepoint: 674735 ns, Cleanup: 24537 ns, At safepoint: 96856 ns, Total: 796128 ns
[2025-10-14T00:39:51.120-0700][1201 ][info ][safepoint   ] Safepoint "Cleanup", Time since last: 3000248116 ns, Reaching safepoint: 583789 ns, Cleanup: 16835 ns, At safepoint: 59950 ns, Total: 660574 ns
[2025-10-14T00:39:55.121-0700][1201 ][info ][safepoint   ] Safepoint "Cleanup", Time since last: 4000367730 ns, Reaching safepoint: 674165 ns, Cleanup: 17717 ns, At safepoint: 99129 ns, Total: 791011 ns
[2025-10-14T00:42:09.165-0700][1201 ][info ][safepoint   ] Safepoint "Cleanup", Time since last: 134043956693 ns, Reaching safepoint: 678792 ns, Cleanup: 35023 ns, At safepoint: 89294 ns, Total: 803109 ns
[2025-10-14T00:42:59.187-0700][1201 ][info ][safepoint   ] Safepoint "Cleanup", Time since last: 50020518230 ns, Reaching safepoint: 669658 ns, Cleanup: 17978 ns, At safepoint: 96385 ns, Total: 784021 ns
[2025-10-14T00:43:37.207-0700][1201 ][info ][safepoint   ] Safepoint "Cleanup", Time since last: 38019909971 ns, Reaching safepoint: 685242 ns, Cleanup: 14882 ns, At safepoint: 97607 ns, Total: 797731 ns
[2025-10-14T00:44:29.230-0700][1201 ][info ][safepoint   ] Safepoint "Cleanup", Time since last: 52021367846 ns, Reaching safepoint: 683540 ns, Cleanup: 17957 ns, At safepoint: 102243 ns, Total: 803740 ns
[2025-10-14T00:44:48.232-0700][1201 ][info ][safepoint   ] Safepoint "Cleanup", Time since last: 19001603291 ns, Reaching safepoint: 670950 ns, Cleanup: 15043 ns, At safepoint: 97887 ns, Total: 783880 ns
[2025-10-14T00:46:09.256-0700][1201 ][info ][safepoint   ] Safepoint "Cleanup", Time since last: 81022881936 ns, Reaching safepoint: 689408 ns, Cleanup: 14882 ns, At safepoint: 99811 ns, Total: 804101 ns
[2025-10-14T00:46:19.257-0700][1201 ][info ][safepoint   ] Safepoint "Cleanup", Time since last: 10000885613 ns, Reaching safepoint: 691151 ns, Cleanup: 26600 ns, At safepoint: 96756 ns, Total: 814507 ns
[2025-10-14T00:46:29.274-0700][1201 ][info ][safepoint   ] Safepoint "Cleanup", Time since last: 10015288664 ns, Reaching safepoint: 673834 ns, Cleanup: 26350 ns, At safepoint: 105990 ns, Total: 806174 ns
[2025-10-14T00:47:11.278-0700][1201 ][info ][safepoint   ] Safepoint "Cleanup", Time since last: 42003532860 ns, Reaching safepoint: 671050 ns, Cleanup: 17266 ns, At safepoint: 98509 ns, Total: 786825 ns
[2025-10-14T00:47:23.280-0700][1201 ][info ][safepoint   ] Safepoint "Cleanup", Time since last: 12001039059 ns, Reaching safepoint: 663168 ns, Cleanup: 19640 ns, At safepoint: 60230 ns, Total: 743038 ns
[2025-10-14T00:47:31.296-0700][1201 ][info ][safepoint   ] Safepoint "Cleanup", Time since last: 8015449004 ns, Reaching safepoint: 658892 ns, Cleanup: 11027 ns, At safepoint: 61342 ns, Total: 731261 ns
[2025-10-14T00:47:59.299-0700][1201 ][info ][safepoint   ] Safepoint "Cleanup", Time since last: 28002458301 ns, Reaching safepoint: 664410 ns, Cleanup: 15954 ns, At safepoint: 99399 ns, Total: 779763 ns
[2025-10-14T00:48:19.302-0700][1201 ][info ][safepoint   ] Safepoint "Cleanup", Time since last: 20001799302 ns, Reaching safepoint: 661726 ns, Cleanup: 15223 ns, At safepoint: 60661 ns, Total: 737610 ns
[2025-10-14T00:48:29.319-0700][1201 ][info ][safepoint   ] Safepoint "Cleanup", Time since last: 10016934025 ns, Reaching safepoint: 670660 ns, Cleanup: 19810 ns, At safepoint: 130576 ns, Total: 821046 ns
[2025-10-14T00:49:48.343-0700][1201 ][info ][safepoint   ] Safepoint "Cleanup", Time since last: 79023278565 ns, Reaching safepoint: 672272 ns, Cleanup: 14082 ns, At safepoint: 71187 ns, Total: 757541 ns
[2025-10-14T00:49:51.344-0700][1201 ][info ][safepoint   ] Safepoint "Cleanup", Time since last: 3000262224 ns, Reaching safepoint: 615106 ns, Cleanup: 23525 ns, At safepoint: 63947 ns, Total: 702578 ns
[2025-10-14T00:49:59.346-0700][1201 ][info ][safepoint   ] Safepoint "Cleanup", Time since last: 8000715125 ns, Reaching safepoint: 681445 ns, Cleanup: 14763 ns, At safepoint: 102424 ns, Total: 798632 ns
[2025-10-14T00:50:02.347-0700][1201 ][info ][safepoint   ] Safepoint "Cleanup", Time since last: 3000307102 ns, Reaching safepoint: 681305 ns, Cleanup: 15313 ns, At safepoint: 99180 ns, Total: 795798 ns
[2025-10-14T00:50:16.349-0700][1201 ][info ][safepoint   ] Safepoint "Cleanup", Time since last: 14001166042 ns, Reaching safepoint: 672483 ns, Cleanup: 11066 ns, At safepoint: 66300 ns, Total: 749849 ns
[2025-10-14T00:51:55.389-0700][1201 ][info ][safepoint   ] Safepoint "Cleanup", Time since last: 99039130638 ns, Reaching safepoint: 675788 ns, Cleanup: 15343 ns, At safepoint: 99219 ns, Total: 790350 ns
[2025-10-14T00:55:11.457-0700][1201 ][info ][safepoint   ] Safepoint "Cleanup", Time since last: 196067504031 ns, Reaching safepoint: 579943 ns, Cleanup: 11347 ns, At safepoint: 61873 ns, Total: 653163 ns
[2025-10-14T00:55:38.477-0700][1201 ][info ][safepoint   ] Safepoint "Cleanup", Time since last: 27019421426 ns, Reaching safepoint: 657310 ns, Cleanup: 11637 ns, At safepoint: 65910 ns, Total: 734857 ns
[2025-10-14T00:55:50.479-0700][1201 ][info ][safepoint   ] Safepoint "Cleanup", Time since last: 12001041913 ns, Reaching safepoint: 678110 ns, Cleanup: 14422 ns, At safepoint: 95754 ns, Total: 788286 ns
[2025-10-14T00:55:55.480-0700][1201 ][info ][safepoint   ] Safepoint "Cleanup", Time since last: 5000421399 ns, Reaching safepoint: 665762 ns, Cleanup: 14252 ns, At safepoint: 99369 ns, Total: 779383 ns
[2025-10-14T00:56:00.481-0700][1201 ][info ][safepoint   ] Safepoint "Cleanup", Time since last: 5000431985 ns, Reaching safepoint: 677620 ns, Cleanup: 13931 ns, At safepoint: 68333 ns, Total: 759884 ns
[2025-10-14T00:59:48.568-0700][1201 ][info ][safepoint   ] Safepoint "Cleanup", Time since last: 228086066665 ns, Reaching safepoint: 653484 ns, Cleanup: 20410 ns, At safepoint: 64548 ns, Total: 738442 ns
[2025-10-14T00:59:51.569-0700][1201 ][info ][safepoint   ] Safepoint "Cleanup", Time since last: 3000268778 ns, Reaching safepoint: 657750 ns, Cleanup: 24067 ns, At safepoint: 97046 ns, Total: 778863 ns
[2025-10-14T01:03:18.640-0700][1201 ][info ][safepoint   ] Safepoint "Cleanup", Time since last: 207070489789 ns, Reaching safepoint: 673964 ns, Cleanup: 12049 ns, At safepoint: 65398 ns, Total: 751411 ns
[2025-10-14T01:03:20.641-0700][1201 ][info ][safepoint   ] Safepoint "Cleanup", Time since last: 2000206348 ns, Reaching safepoint: 694736 ns, Cleanup: 13400 ns, At safepoint: 65830 ns, Total: 773966 ns
[2025-10-14T01:06:21.707-0700][1201 ][info ][safepoint   ] Safepoint "Cleanup", Time since last: 181065287037 ns, Reaching safepoint: 591751 ns, Cleanup: 12889 ns, At safepoint: 71878 ns, Total: 676518 ns
[2025-10-14T01:07:41.751-0700][1201 ][info ][safepoint   ] Safepoint "Cleanup", Time since last: 80042350575 ns, Reaching safepoint: 695907 ns, Cleanup: 15584 ns, At safepoint: 108403 ns, Total: 819894 ns
[2025-10-14T01:09:40.559-0700][1201 ][info ][gc,start    ] GC(284) Pause Young (Normal) (G1 Evacuation Pause)
[2025-10-14T01:09:40.559-0700][1201 ][info ][gc,task     ] GC(284) Using 113 workers of 113 for evacuation
[2025-10-14T01:09:40.571-0700][1201 ][debug][gc,remset   ] GC(284) Visited cards 10073856 Total dirty 73596928 (13.69%) Total old 533594112 (1.89%)
[2025-10-14T01:09:40.687-0700][1201 ][info ][gc,phases   ] GC(284)   Pre Evacuate Collection Set: 0.7ms
[2025-10-14T01:09:40.687-0700][1201 ][info ][gc,phases   ] GC(284)   Merge Heap Roots: 11.1ms
[2025-10-14T01:09:40.687-0700][1201 ][info ][gc,phases   ] GC(284)   Evacuate Collection Set: 103.7ms
[2025-10-14T01:09:40.687-0700][1201 ][info ][gc,phases   ] GC(284)   Post Evacuate Collection Set: 12.2ms
[2025-10-14T01:09:40.687-0700][1201 ][info ][gc,phases   ] GC(284)   Other: 0.2ms
[2025-10-14T01:09:40.687-0700][1201 ][debug][gc,remset   ] GC(284) Coarsening (recent): Inline->AoC 0 (0) AoC->Howl 0 (0) Howl->Full 0 (0) Inline->AoC 0 (0) AoC->BitMap 0 (0) BitMap->Full 0 (0) 
[2025-10-14T01:09:40.687-0700][1201 ][debug][gc,remset   ] GC(284) Coarsening (all): Inline->AoC 7766751 (282) AoC->Howl 116163 (1162) Howl->Full 0 (0) Inline->AoC 476967 (475) AoC->BitMap 120920 (1062) BitMap->Full 5 (0) 
[2025-10-14T01:09:40.687-0700][1201 ][info ][gc,heap     ] GC(284) Eden regions: 3262->0(3262)
[2025-10-14T01:09:40.687-0700][1201 ][info ][gc,heap     ] GC(284) Survivor regions: 194->194(432)
[2025-10-14T01:09:40.687-0700][1201 ][info ][gc,heap     ] GC(284) Old regions: 1230->1230
[2025-10-14T01:09:40.687-0700][1201 ][info ][gc,heap     ] GC(284) Humongous regions: 0->0
[2025-10-14T01:09:40.687-0700][1201 ][info ][gc,metaspace] GC(284) Metaspace: 321916K(327936K)->321916K(327936K) NonClass: 285299K(288512K)->285299K(288512K) Class: 36617K(39424K)->36617K(39424K)
[2025-10-14T01:09:40.687-0700][1201 ][info ][gc          ] GC(284) Pause Young (Normal) (G1 Evacuation Pause) 149944M->45551M(184320M) 128.112ms
[2025-10-14T01:09:40.688-0700][1201 ][info ][gc,cpu      ] GC(284) User=12.40s Sys=0.05s Real=0.12s
[2025-10-14T01:09:40.688-0700][1201 ][info ][safepoint   ] Safepoint "G1CollectForAllocation", Time since last: 118806841573 ns, Reaching safepoint: 580574 ns, Cleanup: 4957 ns, At safepoint: 130419201 ns, Total: 131004732 ns
[2025-10-14T01:09:41.689-0700][1201 ][info ][safepoint   ] Safepoint "Cleanup", Time since last: 1000100676 ns, Reaching safepoint: 652051 ns, Cleanup: 14883 ns, At safepoint: 130606 ns, Total: 797540 ns
[2025-10-14T01:09:51.691-0700][1201 ][info ][safepoint   ] Safepoint "Cleanup", Time since last: 10000832494 ns, Reaching safepoint: 682637 ns, Cleanup: 20241 ns, At safepoint: 97486 ns, Total: 800364 ns
[2025-10-14T01:09:52.692-0700][1201 ][info ][safepoint   ] Safepoint "Cleanup", Time since last: 1000131362 ns, Reaching safepoint: 674315 ns, Cleanup: 14182 ns, At safepoint: 100952 ns, Total: 789449 ns
[2025-10-14T01:12:28.859-0700][1201 ][info ][safepoint   ] Safepoint "Cleanup", Time since last: 156166831966 ns, Reaching safepoint: 683249 ns, Cleanup: 15203 ns, At safepoint: 97857 ns, Total: 796309 ns
[2025-10-14T01:13:59.885-0700][1201 ][info ][safepoint   ] Safepoint "Cleanup", Time since last: 91024955365 ns, Reaching safepoint: 649448 ns, Cleanup: 13010 ns, At safepoint: 62494 ns, Total: 724952 ns
[2025-10-14T01:14:47.906-0700][1201 ][info ][safepoint   ] Safepoint "Cleanup", Time since last: 48020191737 ns, Reaching safepoint: 652052 ns, Cleanup: 13690 ns, At safepoint: 95404 ns, Total: 761146 ns
[2025-10-14T01:15:45.926-0700][1201 ][info ][safepoint   ] Safepoint "Cleanup", Time since last: 58018724053 ns, Reaching safepoint: 606824 ns, Cleanup: 13000 ns, At safepoint: 60771 ns, Total: 680595 ns
[2025-10-14T01:16:19.929-0700][1201 ][info ][safepoint   ] Safepoint "Cleanup", Time since last: 34002365376 ns, Reaching safepoint: 625552 ns, Cleanup: 13931 ns, At safepoint: 96826 ns, Total: 736309 ns
[2025-10-14T01:16:41.944-0700][1201 ][info ][safepoint   ] Safepoint "Cleanup", Time since last: 22015226443 ns, Reaching safepoint: 581405 ns, Cleanup: 9915 ns, At safepoint: 61823 ns, Total: 653143 ns
[2025-10-14T01:16:43.945-0700][1201 ][info ][safepoint   ] Safepoint "Cleanup", Time since last: 2000150597 ns, Reaching safepoint: 575917 ns, Cleanup: 19469 ns, At safepoint: 61002 ns, Total: 656388 ns
[2025-10-14T01:17:25.949-0700][1201 ][info ][safepoint   ] Safepoint "Cleanup", Time since last: 42003266187 ns, Reaching safepoint: 662948 ns, Cleanup: 21833 ns, At safepoint: 67892 ns, Total: 752673 ns
[2025-10-14T01:19:48.004-0700][1201 ][info ][safepoint   ] Safepoint "Cleanup", Time since last: 142054450599 ns, Reaching safepoint: 593954 ns, Cleanup: 12078 ns, At safepoint: 59770 ns, Total: 665802 ns
[2025-10-14T01:19:52.005-0700][1201 ][info ][safepoint   ] Safepoint "Cleanup", Time since last: 4000280659 ns, Reaching safepoint: 601055 ns, Cleanup: 22394 ns, At safepoint: 61021 ns, Total: 684470 ns
[2025-10-14T01:20:03.007-0700][1201 ][info ][safepoint   ] Safepoint "Cleanup", Time since last: 11000723495 ns, Reaching safepoint: 604871 ns, Cleanup: 13440 ns, At safepoint: 59229 ns, Total: 677540 ns
[2025-10-14T01:20:56.025-0700][1201 ][info ][safepoint   ] Safepoint "Cleanup", Time since last: 53017453048 ns, Reaching safepoint: 671220 ns, Cleanup: 17146 ns, At safepoint: 101663 ns, Total: 790029 ns
[2025-10-14T01:21:21.027-0700][1201 ][info ][safepoint   ] Safepoint "Cleanup", Time since last: 25001651276 ns, Reaching safepoint: 597770 ns, Cleanup: 12028 ns, At safepoint: 62464 ns, Total: 672262 ns
[2025-10-14T01:21:22.028-0700][1201 ][info ][safepoint   ] Safepoint "Cleanup", Time since last: 1000106897 ns, Reaching safepoint: 592652 ns, Cleanup: 14111 ns, At safepoint: 61412 ns, Total: 668175 ns
[2025-10-14T01:21:23.029-0700][1201 ][info ][safepoint   ] Safepoint "Cleanup", Time since last: 1000101890 ns, Reaching safepoint: 593954 ns, Cleanup: 12439 ns, At safepoint: 62363 ns, Total: 668756 ns
[2025-10-14T01:23:33.083-0700][1201 ][info ][safepoint   ] Safepoint "Cleanup", Time since last: 130053157009 ns, Reaching safepoint: 599062 ns, Cleanup: 13140 ns, At safepoint: 62524 ns, Total: 674726 ns
[2025-10-14T01:23:45.085-0700][1201 ][info ][safepoint   ] Safepoint "Cleanup", Time since last: 12001003080 ns, Reaching safepoint: 688466 ns, Cleanup: 15824 ns, At safepoint: 95644 ns, Total: 799934 ns
[2025-10-14T01:24:46.106-0700][1201 ][info ][safepoint   ] Safepoint "Cleanup", Time since last: 61020959049 ns, Reaching safepoint: 663699 ns, Cleanup: 21062 ns, At safepoint: 97286 ns, Total: 782047 ns
[2025-10-14T01:24:48.107-0700][1201 ][info ][safepoint   ] Safepoint "Cleanup", Time since last: 2000219714 ns, Reaching safepoint: 666623 ns, Cleanup: 27942 ns, At safepoint: 107492 ns, Total: 802057 ns
[2025-10-14T01:25:33.125-0700][1201 ][info ][safepoint   ] Safepoint "Cleanup", Time since last: 45016800792 ns, Reaching safepoint: 692943 ns, Cleanup: 14632 ns, At safepoint: 94883 ns, Total: 802458 ns
[2025-10-14T01:25:45.127-0700][1201 ][info ][safepoint   ] Safepoint "Cleanup", Time since last: 12000982594 ns, Reaching safepoint: 599692 ns, Cleanup: 13821 ns, At safepoint: 61072 ns, Total: 674585 ns
[2025-10-14T01:25:49.128-0700][1201 ][info ][safepoint   ] Safepoint "Cleanup", Time since last: 4000368450 ns, Reaching safepoint: 677680 ns, Cleanup: 14872 ns, At safepoint: 101032 ns, Total: 793584 ns
[2025-10-14T01:26:23.131-0700][1201 ][info ][safepoint   ] Safepoint "Cleanup", Time since last: 34002595786 ns, Reaching safepoint: 665662 ns, Cleanup: 14322 ns, At safepoint: 99670 ns, Total: 779654 ns
[2025-10-14T01:27:17.147-0700][1201 ][info ][safepoint   ] Safepoint "Cleanup", Time since last: 54014679966 ns, Reaching safepoint: 680434 ns, Cleanup: 18238 ns, At safepoint: 99930 ns, Total: 798602 ns
[2025-10-14T01:29:27.184-0700][1201 ][info ][safepoint   ] Safepoint "Cleanup", Time since last: 130036581492 ns, Reaching safepoint: 678792 ns, Cleanup: 18178 ns, At safepoint: 104016 ns, Total: 800986 ns
[2025-10-14T01:29:29.198-0700][1201 ][info ][safepoint   ] Safepoint "Cleanup", Time since last: 2013821076 ns, Reaching safepoint: 594716 ns, Cleanup: 14952 ns, At safepoint: 60872 ns, Total: 670540 ns
[2025-10-14T01:29:48.201-0700][1201 ][info ][safepoint   ] Safepoint "Cleanup", Time since last: 19001590812 ns, Reaching safepoint: 584469 ns, Cleanup: 9895 ns, At safepoint: 61623 ns, Total: 655987 ns
[2025-10-14T01:29:52.202-0700][1201 ][info ][safepoint   ] Safepoint "Cleanup", Time since last: 4000385921 ns, Reaching safepoint: 692713 ns, Cleanup: 20681 ns, At safepoint: 99140 ns, Total: 812534 ns
[2025-10-14T01:30:16.205-0700][1201 ][info ][safepoint   ] Safepoint "Cleanup", Time since last: 24002093604 ns, Reaching safepoint: 653934 ns, Cleanup: 14191 ns, At safepoint: 62815 ns, Total: 730940 ns
[2025-10-14T01:31:16.224-0700][1201 ][info ][safepoint   ] Safepoint "Cleanup", Time since last: 60018134113 ns, Reaching safepoint: 659072 ns, Cleanup: 12990 ns, At safepoint: 61072 ns, Total: 733134 ns
[2025-10-14T01:33:21.268-0700][1201 ][info ][safepoint   ] Safepoint "Cleanup", Time since last: 125044073951 ns, Reaching safepoint: 680765 ns, Cleanup: 14602 ns, At safepoint: 97958 ns, Total: 793325 ns
[2025-10-14T01:34:48.306-0700][1201 ][info ][safepoint   ] Safepoint "Cleanup", Time since last: 87037165862 ns, Reaching safepoint: 690289 ns, Cleanup: 13760 ns, At safepoint: 98789 ns, Total: 802838 ns
[2025-10-14T01:39:48.412-0700][1201 ][info ][safepoint   ] Safepoint "Cleanup", Time since last: 300104654925 ns, Reaching safepoint: 649918 ns, Cleanup: 16105 ns, At safepoint: 60290 ns, Total: 726313 ns
[2025-10-14T01:42:04.453-0700][1201 ][info ][safepoint   ] Safepoint "Cleanup", Time since last: 136040037118 ns, Reaching safepoint: 693084 ns, Cleanup: 13981 ns, At safepoint: 98889 ns, Total: 805954 ns
[2025-10-14T01:44:48.518-0700][1201 ][info ][safepoint   ] Safepoint "Cleanup", Time since last: 164064460060 ns, Reaching safepoint: 676449 ns, Cleanup: 15122 ns, At safepoint: 97407 ns, Total: 788978 ns
[2025-10-14T01:45:35.539-0700][1201 ][info ][safepoint   ] Safepoint "Cleanup", Time since last: 47020740269 ns, Reaching safepoint: 673284 ns, Cleanup: 14581 ns, At safepoint: 95464 ns, Total: 783329 ns
[2025-10-14T01:46:47.788-0700][1201 ][info ][gc,start    ] GC(285) Pause Young (Normal) (G1 Evacuation Pause)
[2025-10-14T01:46:47.788-0700][1201 ][info ][gc,task     ] GC(285) Using 113 workers of 113 for evacuation
[2025-10-14T01:46:47.800-0700][1201 ][debug][gc,remset   ] GC(285) Visited cards 10094592 Total dirty 73596928 (13.72%) Total old 533594112 (1.89%)
[2025-10-14T01:46:47.917-0700][1201 ][info ][gc,phases   ] GC(285)   Pre Evacuate Collection Set: 0.8ms
[2025-10-14T01:46:47.917-0700][1201 ][info ][gc,phases   ] GC(285)   Merge Heap Roots: 11.2ms
[2025-10-14T01:46:47.917-0700][1201 ][info ][gc,phases   ] GC(285)   Evacuate Collection Set: 103.8ms
[2025-10-14T01:46:47.917-0700][1201 ][info ][gc,phases   ] GC(285)   Post Evacuate Collection Set: 12.5ms
[2025-10-14T01:46:47.917-0700][1201 ][info ][gc,phases   ] GC(285)   Other: 0.2ms
[2025-10-14T01:46:47.917-0700][1201 ][debug][gc,remset   ] GC(285) Coarsening (recent): Inline->AoC 0 (0) AoC->Howl 0 (0) Howl->Full 0 (0) Inline->AoC 0 (0) AoC->BitMap 0 (0) BitMap->Full 0 (0) 
[2025-10-14T01:46:47.917-0700][1201 ][debug][gc,remset   ] GC(285) Coarsening (all): Inline->AoC 7766751 (282) AoC->Howl 116163 (1162) Howl->Full 0 (0) Inline->AoC 476967 (475) AoC->BitMap 120920 (1062) BitMap->Full 5 (0) 
[2025-10-14T01:46:47.917-0700][1201 ][info ][gc,heap     ] GC(285) Eden regions: 3262->0(3264)
[2025-10-14T01:46:47.917-0700][1201 ][info ][gc,heap     ] GC(285) Survivor regions: 194->192(432)
[2025-10-14T01:46:47.917-0700][1201 ][info ][gc,heap     ] GC(285) Old regions: 1230->1230
[2025-10-14T01:46:47.917-0700][1201 ][info ][gc,heap     ] GC(285) Humongous regions: 0->0
[2025-10-14T01:46:47.917-0700][1201 ][info ][gc,metaspace] GC(285) Metaspace: 322499K(328576K)->322499K(328576K) NonClass: 285882K(289152K)->285882K(289152K) Class: 36617K(39424K)->36617K(39424K)
[2025-10-14T01:46:47.917-0700][1201 ][info ][gc          ] GC(285) Pause Young (Normal) (G1 Evacuation Pause) 149935M->45480M(184320M) 128.609ms
[2025-10-14T01:46:47.918-0700][1201 ][info ][gc,cpu      ] GC(285) User=12.51s Sys=0.00s Real=0.13s
[2025-10-14T01:46:47.918-0700][1201 ][info ][safepoint   ] Safepoint "G1CollectForAllocation", Time since last: 72246996399 ns, Reaching safepoint: 597630 ns, Cleanup: 4397 ns, At safepoint: 130885734 ns, Total: 131487761 ns
[2025-10-14T01:49:48.628-0700][1201 ][info ][safepoint   ] Safepoint "Cleanup", Time since last: 180708873128 ns, Reaching safepoint: 677409 ns, Cleanup: 14682 ns, At safepoint: 97317 ns, Total: 789408 ns
[2025-10-14T01:52:55.692-0700][1201 ][info ][safepoint   ] Safepoint "Cleanup", Time since last: 187063149106 ns, Reaching safepoint: 675287 ns, Cleanup: 19889 ns, At safepoint: 99751 ns, Total: 794927 ns
[2025-10-14T01:55:29.756-0700][1201 ][info ][safepoint   ] Safepoint "Cleanup", Time since last: 154063471165 ns, Reaching safepoint: 694004 ns, Cleanup: 19610 ns, At safepoint: 96155 ns, Total: 809769 ns
[2025-10-14T01:59:52.844-0700][1201 ][info ][safepoint   ] Safepoint "Cleanup", Time since last: 263087068809 ns, Reaching safepoint: 670619 ns, Cleanup: 14572 ns, At safepoint: 95284 ns, Total: 780475 ns
[2025-10-14T02:03:29.932-0700][1201 ][info ][safepoint   ] Safepoint "Cleanup", Time since last: 217087496712 ns, Reaching safepoint: 669548 ns, Cleanup: 12008 ns, At safepoint: 60692 ns, Total: 742248 ns
[2025-10-14T02:04:47.956-0700][1201 ][info ][safepoint   ] Safepoint "Cleanup", Time since last: 78022867413 ns, Reaching safepoint: 678392 ns, Cleanup: 14091 ns, At safepoint: 96125 ns, Total: 788608 ns
[2025-10-14T02:06:47.000-0700][1201 ][info ][safepoint   ] Safepoint "Cleanup", Time since last: 119044015034 ns, Reaching safepoint: 662518 ns, Cleanup: 24567 ns, At safepoint: 96856 ns, Total: 783941 ns
[2025-10-14T02:09:07.046-0700][1201 ][info ][safepoint   ] Safepoint "Cleanup", Time since last: 140044913424 ns, Reaching safepoint: 577760 ns, Cleanup: 19529 ns, At safepoint: 61453 ns, Total: 658742 ns
[2025-10-14T02:13:18.137-0700][1201 ][info ][safepoint   ] Safepoint "Cleanup", Time since last: 251089938203 ns, Reaching safepoint: 610409 ns, Cleanup: 13410 ns, At safepoint: 62204 ns, Total: 686023 ns
[2025-10-14T02:14:48.179-0700][1201 ][info ][safepoint   ] Safepoint "Cleanup", Time since last: 90041591238 ns, Reaching safepoint: 674475 ns, Cleanup: 15303 ns, At safepoint: 96826 ns, Total: 786604 ns
[2025-10-14T02:17:32.245-0700][1201 ][info ][safepoint   ] Safepoint "Cleanup", Time since last: 164065065173 ns, Reaching safepoint: 632362 ns, Cleanup: 12188 ns, At safepoint: 61673 ns, Total: 706223 ns
[2025-10-14T02:19:53.288-0700][1201 ][info ][safepoint   ] Safepoint "Cleanup", Time since last: 141042975633 ns, Reaching safepoint: 597059 ns, Cleanup: 12569 ns, At safepoint: 60000 ns, Total: 669628 ns
[2025-10-14T02:21:51.332-0700][1201 ][info ][safepoint   ] Safepoint "Cleanup", Time since last: 118043249376 ns, Reaching safepoint: 573564 ns, Cleanup: 13760 ns, At safepoint: 76856 ns, Total: 664180 ns
[2025-10-14T02:24:48.399-0700][1201 ][info ][safepoint   ] Safepoint "Cleanup", Time since last: 177066010140 ns, Reaching safepoint: 673614 ns, Cleanup: 15673 ns, At safepoint: 98288 ns, Total: 787575 ns
[2025-10-14T02:24:51.499-0700][1201 ][info ][gc,start    ] GC(286) Pause Young (Normal) (G1 Evacuation Pause)
[2025-10-14T02:24:51.499-0700][1201 ][info ][gc,task     ] GC(286) Using 113 workers of 113 for evacuation
[2025-10-14T02:24:51.511-0700][1201 ][debug][gc,remset   ] GC(286) Visited cards 10108160 Total dirty 73596928 (13.73%) Total old 533594112 (1.89%)
[2025-10-14T02:24:51.627-0700][1201 ][info ][gc,phases   ] GC(286)   Pre Evacuate Collection Set: 0.8ms
[2025-10-14T02:24:51.627-0700][1201 ][info ][gc,phases   ] GC(286)   Merge Heap Roots: 10.9ms
[2025-10-14T02:24:51.627-0700][1201 ][info ][gc,phases   ] GC(286)   Evacuate Collection Set: 103.7ms
[2025-10-14T02:24:51.627-0700][1201 ][info ][gc,phases   ] GC(286)   Post Evacuate Collection Set: 12.7ms
[2025-10-14T02:24:51.627-0700][1201 ][info ][gc,phases   ] GC(286)   Other: 0.2ms
[2025-10-14T02:24:51.628-0700][1201 ][debug][gc,remset   ] GC(286) Coarsening (recent): Inline->AoC 0 (0) AoC->Howl 0 (0) Howl->Full 0 (0) Inline->AoC 0 (0) AoC->BitMap 0 (0) BitMap->Full 0 (0) 
[2025-10-14T02:24:51.628-0700][1201 ][debug][gc,remset   ] GC(286) Coarsening (all): Inline->AoC 7766751 (282) AoC->Howl 116163 (1162) Howl->Full 0 (0) Inline->AoC 476967 (475) AoC->BitMap 120920 (1062) BitMap->Full 5 (0) 
[2025-10-14T02:24:51.628-0700][1201 ][info ][gc,heap     ] GC(286) Eden regions: 3264->0(3263)
[2025-10-14T02:24:51.628-0700][1201 ][info ][gc,heap     ] GC(286) Survivor regions: 192->193(432)
[2025-10-14T02:24:51.628-0700][1201 ][info ][gc,heap     ] GC(286) Old regions: 1230->1230
[2025-10-14T02:24:51.628-0700][1201 ][info ][gc,heap     ] GC(286) Humongous regions: 0->0
[2025-10-14T02:24:51.628-0700][1201 ][info ][gc,metaspace] GC(286) Metaspace: 322569K(328640K)->322569K(328640K) NonClass: 285952K(289216K)->285952K(289216K) Class: 36617K(39424K)->36617K(39424K)
[2025-10-14T02:24:51.628-0700][1201 ][info ][gc          ] GC(286) Pause Young (Normal) (G1 Evacuation Pause) 149928M->45535M(184320M) 128.481ms
[2025-10-14T02:24:51.629-0700][1201 ][info ][gc,cpu      ] GC(286) User=12.31s Sys=0.06s Real=0.13s
[2025-10-14T02:24:51.629-0700][1201 ][info ][safepoint   ] Safepoint "G1CollectForAllocation", Time since last: 3098321688 ns, Reaching safepoint: 665962 ns, Cleanup: 5909 ns, At safepoint: 130776278 ns, Total: 131448149 ns
[2025-10-14T02:27:56.469-0700][1201 ][info ][safepoint   ] Safepoint "Cleanup", Time since last: 184839347973 ns, Reaching safepoint: 685662 ns, Cleanup: 13701 ns, At safepoint: 97416 ns, Total: 796779 ns
[2025-10-14T02:28:46.491-0700][1201 ][info ][safepoint   ] Safepoint "Cleanup", Time since last: 50021255558 ns, Reaching safepoint: 587154 ns, Cleanup: 12098 ns, At safepoint: 62594 ns, Total: 661846 ns
[2025-10-14T02:31:19.538-0700][1201 ][info ][safepoint   ] Safepoint "Cleanup", Time since last: 153046723848 ns, Reaching safepoint: 691811 ns, Cleanup: 14903 ns, At safepoint: 99189 ns, Total: 805903 ns
[2025-10-14T02:34:48.626-0700][1201 ][info ][safepoint   ] Safepoint "Cleanup", Time since last: 209086483936 ns, Reaching safepoint: 593494 ns, Cleanup: 14391 ns, At safepoint: 61653 ns, Total: 669538 ns
[2025-10-14T02:35:18.628-0700][1201 ][info ][safepoint   ] Safepoint "Cleanup", Time since last: 30002031780 ns, Reaching safepoint: 649728 ns, Cleanup: 12138 ns, At safepoint: 60361 ns, Total: 722227 ns
[2025-10-14T02:45:19.855-0700][1201 ][info ][safepoint   ] Safepoint "Cleanup", Time since last: 601226167814 ns, Reaching safepoint: 658041 ns, Cleanup: 12368 ns, At safepoint: 61443 ns, Total: 731852 ns
[2025-10-14T02:45:20.856-0700][1201 ][info ][safepoint   ] Safepoint "Cleanup", Time since last: 1000144437 ns, Reaching safepoint: 670159 ns, Cleanup: 15763 ns, At safepoint: 96726 ns, Total: 782648 ns
[2025-10-14T02:46:20.878-0700][1201 ][info ][safepoint   ] Safepoint "Cleanup", Time since last: 60021023181 ns, Reaching safepoint: 684170 ns, Cleanup: 14802 ns, At safepoint: 99710 ns, Total: 798682 ns
[2025-10-14T02:49:21.946-0700][1201 ][info ][safepoint   ] Safepoint "Cleanup", Time since last: 181067392506 ns, Reaching safepoint: 653914 ns, Cleanup: 10356 ns, At safepoint: 64297 ns, Total: 728567 ns
[2025-10-14T02:49:43.966-0700][1201 ][info ][safepoint   ] Safepoint "Cleanup", Time since last: 22019451045 ns, Reaching safepoint: 661686 ns, Cleanup: 14582 ns, At safepoint: 104557 ns, Total: 780825 ns
[2025-10-14T02:49:47.967-0700][1201 ][info ][safepoint   ] Safepoint "Cleanup", Time since last: 4000396739 ns, Reaching safepoint: 671010 ns, Cleanup: 19089 ns, At safepoint: 60080 ns, Total: 750179 ns
[2025-10-14T02:52:16.014-0700][1201 ][info ][safepoint   ] Safepoint "Cleanup", Time since last: 148045556936 ns, Reaching safepoint: 590438 ns, Cleanup: 12469 ns, At safepoint: 62735 ns, Total: 665642 ns
[2025-10-14T02:52:42.034-0700][1201 ][info ][safepoint   ] Safepoint "Cleanup", Time since last: 26019634507 ns, Reaching safepoint: 573483 ns, Cleanup: 13661 ns, At safepoint: 62895 ns, Total: 650039 ns
[2025-10-14T02:54:51.081-0700][1201 ][info ][safepoint   ] Safepoint "Cleanup", Time since last: 129046250430 ns, Reaching safepoint: 645922 ns, Cleanup: 14732 ns, At safepoint: 63115 ns, Total: 723769 ns
[2025-10-14T02:55:34.103-0700][1201 ][info ][safepoint   ] Safepoint "Cleanup", Time since last: 43021251636 ns, Reaching safepoint: 682408 ns, Cleanup: 12789 ns, At safepoint: 63586 ns, Total: 758783 ns
[2025-10-14T02:55:35.104-0700][1201 ][info ][safepoint   ] Safepoint "Cleanup", Time since last: 1000128537 ns, Reaching safepoint: 693995 ns, Cleanup: 15944 ns, At safepoint: 97516 ns, Total: 807455 ns
[2025-10-14T02:56:32.125-0700][1201 ][info ][safepoint   ] Safepoint "Cleanup", Time since last: 57020202902 ns, Reaching safepoint: 681606 ns, Cleanup: 12889 ns, At safepoint: 60962 ns, Total: 755457 ns
[2025-10-14T02:59:48.192-0700][1201 ][info ][safepoint   ] Safepoint "Cleanup", Time since last: 196066854620 ns, Reaching safepoint: 677470 ns, Cleanup: 17336 ns, At safepoint: 99540 ns, Total: 794346 ns
[2025-10-14T02:59:54.194-0700][1201 ][info ][safepoint   ] Safepoint "Cleanup", Time since last: 6000540615 ns, Reaching safepoint: 675908 ns, Cleanup: 15523 ns, At safepoint: 98739 ns, Total: 790170 ns
[2025-10-14T03:00:51.215-0700][1201 ][info ][safepoint   ] Safepoint "Cleanup", Time since last: 57020369032 ns, Reaching safepoint: 691020 ns, Cleanup: 14482 ns, At safepoint: 99911 ns, Total: 805413 ns
[2025-10-14T03:00:56.216-0700][1201 ][info ][safepoint   ] Safepoint "Cleanup", Time since last: 5000462231 ns, Reaching safepoint: 584690 ns, Cleanup: 12829 ns, At safepoint: 59189 ns, Total: 656708 ns
[2025-10-14T03:02:46.261-0700][1201 ][info ][safepoint   ] Safepoint "Cleanup", Time since last: 110043958531 ns, Reaching safepoint: 681105 ns, Cleanup: 12098 ns, At safepoint: 62214 ns, Total: 755417 ns
[2025-10-14T03:02:48.262-0700][1201 ][info ][safepoint   ] Safepoint "Cleanup", Time since last: 2000220215 ns, Reaching safepoint: 679032 ns, Cleanup: 15283 ns, At safepoint: 61443 ns, Total: 755758 ns
[2025-10-14T03:02:58.033-0700][1201 ][info ][gc,start    ] GC(287) Pause Young (Normal) (G1 Evacuation Pause)
[2025-10-14T03:02:58.033-0700][1201 ][info ][gc,task     ] GC(287) Using 113 workers of 113 for evacuation
[2025-10-14T03:02:58.045-0700][1201 ][debug][gc,remset   ] GC(287) Visited cards 10102784 Total dirty 73596928 (13.73%) Total old 533594112 (1.89%)
[2025-10-14T03:02:58.162-0700][1201 ][info ][gc,phases   ] GC(287)   Pre Evacuate Collection Set: 0.7ms
[2025-10-14T03:02:58.162-0700][1201 ][info ][gc,phases   ] GC(287)   Merge Heap Roots: 11.0ms
[2025-10-14T03:02:58.162-0700][1201 ][info ][gc,phases   ] GC(287)   Evacuate Collection Set: 104.7ms
[2025-10-14T03:02:58.162-0700][1201 ][info ][gc,phases   ] GC(287)   Post Evacuate Collection Set: 12.7ms
[2025-10-14T03:02:58.162-0700][1201 ][info ][gc,phases   ] GC(287)   Other: 0.2ms
[2025-10-14T03:02:58.162-0700][1201 ][debug][gc,remset   ] GC(287) Coarsening (recent): Inline->AoC 0 (0) AoC->Howl 0 (0) Howl->Full 0 (0) Inline->AoC 0 (0) AoC->BitMap 0 (0) BitMap->Full 0 (0) 
[2025-10-14T03:02:58.162-0700][1201 ][debug][gc,remset   ] GC(287) Coarsening (all): Inline->AoC 7766751 (282) AoC->Howl 116163 (1162) Howl->Full 0 (0) Inline->AoC 476967 (475) AoC->BitMap 120920 (1062) BitMap->Full 5 (0) 
[2025-10-14T03:02:58.162-0700][1201 ][info ][gc,heap     ] GC(287) Eden regions: 3263->0(3262)
[2025-10-14T03:02:58.162-0700][1201 ][info ][gc,heap     ] GC(287) Survivor regions: 193->194(432)
[2025-10-14T03:02:58.162-0700][1201 ][info ][gc,heap     ] GC(287) Old regions: 1230->1230
[2025-10-14T03:02:58.162-0700][1201 ][info ][gc,heap     ] GC(287) Humongous regions: 0->0
[2025-10-14T03:02:58.162-0700][1201 ][info ][gc,metaspace] GC(287) Metaspace: 322768K(328832K)->322768K(328832K) NonClass: 286150K(289408K)->286150K(289408K) Class: 36617K(39424K)->36617K(39424K)
[2025-10-14T03:02:58.163-0700][1201 ][info ][gc          ] GC(287) Pause Young (Normal) (G1 Evacuation Pause) 149951M->45554M(184320M) 129.475ms
[2025-10-14T03:02:58.164-0700][1201 ][info ][gc,cpu      ] GC(287) User=12.27s Sys=0.04s Real=0.13s
[2025-10-14T03:02:58.164-0700][1201 ][info ][safepoint   ] Safepoint "G1CollectForAllocation", Time since last: 9769643740 ns, Reaching safepoint: 592161 ns, Cleanup: 4757 ns, At safepoint: 131747001 ns, Total: 132343919 ns
[2025-10-14T03:04:12.285-0700][1201 ][info ][safepoint   ] Safepoint "Cleanup", Time since last: 74120420193 ns, Reaching safepoint: 676729 ns, Cleanup: 15443 ns, At safepoint: 100892 ns, Total: 793064 ns
[2025-10-14T03:04:17.286-0700][1201 ][info ][safepoint   ] Safepoint "Cleanup", Time since last: 5000410434 ns, Reaching safepoint: 575466 ns, Cleanup: 15854 ns, At safepoint: 62173 ns, Total: 653493 ns
[2025-10-14T03:04:22.287-0700][1201 ][info ][safepoint   ] Safepoint "Cleanup", Time since last: 5000384345 ns, Reaching safepoint: 573172 ns, Cleanup: 15994 ns, At safepoint: 63376 ns, Total: 652542 ns
[2025-10-14T03:04:27.288-0700][1201 ][info ][safepoint   ] Safepoint "Cleanup", Time since last: 5000366387 ns, Reaching safepoint: 621406 ns, Cleanup: 19849 ns, At safepoint: 62444 ns, Total: 703699 ns
[2025-10-14T03:04:28.289-0700][1201 ][info ][safepoint   ] Safepoint "Cleanup", Time since last: 1000077422 ns, Reaching safepoint: 578862 ns, Cleanup: 12909 ns, At safepoint: 61092 ns, Total: 652863 ns
[2025-10-14T03:04:30.304-0700][1201 ][info ][safepoint   ] Safepoint "Cleanup", Time since last: 2014033625 ns, Reaching safepoint: 598511 ns, Cleanup: 13170 ns, At safepoint: 61963 ns, Total: 673644 ns
[2025-10-14T03:04:31.304-0700][1201 ][info ][safepoint   ] Safepoint "Cleanup", Time since last: 1000116601 ns, Reaching safepoint: 600093 ns, Cleanup: 13060 ns, At safepoint: 60701 ns, Total: 673854 ns
[2025-10-14T03:04:32.305-0700][1201 ][info ][safepoint   ] Safepoint "Cleanup", Time since last: 1000101829 ns, Reaching safepoint: 575646 ns, Cleanup: 16245 ns, At safepoint: 62764 ns, Total: 654655 ns
[2025-10-14T03:04:36.306-0700][1201 ][info ][safepoint   ] Safepoint "Cleanup", Time since last: 4000297409 ns, Reaching safepoint: 575286 ns, Cleanup: 12699 ns, At safepoint: 60421 ns, Total: 648406 ns
[2025-10-14T03:04:37.307-0700][1201 ][info ][safepoint   ] Safepoint "Cleanup", Time since last: 1000135509 ns, Reaching safepoint: 577399 ns, Cleanup: 29394 ns, At safepoint: 61873 ns, Total: 668666 ns
[2025-10-14T03:04:45.308-0700][1201 ][info ][safepoint   ] Safepoint "Cleanup", Time since last: 8000586024 ns, Reaching safepoint: 574885 ns, Cleanup: 12960 ns, At safepoint: 69264 ns, Total: 657109 ns
[2025-10-14T03:04:48.309-0700][1201 ][info ][safepoint   ] Safepoint "Cleanup", Time since last: 3000221469 ns, Reaching safepoint: 578931 ns, Cleanup: 15854 ns, At safepoint: 62294 ns, Total: 657079 ns
[2025-10-14T03:05:10.311-0700][1201 ][info ][safepoint   ] Safepoint "Cleanup", Time since last: 22001571709 ns, Reaching safepoint: 584019 ns, Cleanup: 13601 ns, At safepoint: 80381 ns, Total: 678001 ns
[2025-10-14T03:09:48.420-0700][1201 ][info ][safepoint   ] Safepoint "Cleanup", Time since last: 278107517673 ns, Reaching safepoint: 667405 ns, Cleanup: 17256 ns, At safepoint: 61322 ns, Total: 745983 ns
[2025-10-14T03:09:54.421-0700][1201 ][info ][safepoint   ] Safepoint "Cleanup", Time since last: 6000547956 ns, Reaching safepoint: 679163 ns, Cleanup: 15283 ns, At safepoint: 98838 ns, Total: 793284 ns
[2025-10-14T03:14:43.526-0700][1201 ][info ][safepoint   ] Safepoint "Cleanup", Time since last: 289104164612 ns, Reaching safepoint: 606163 ns, Cleanup: 13430 ns, At safepoint: 61122 ns, Total: 680715 ns
[2025-10-14T03:14:48.527-0700][1201 ][info ][safepoint   ] Safepoint "Cleanup", Time since last: 5000348954 ns, Reaching safepoint: 604600 ns, Cleanup: 14532 ns, At safepoint: 61052 ns, Total: 680184 ns
[2025-10-14T03:21:05.651-0700][1201 ][info ][safepoint   ] Safepoint "Cleanup", Time since last: 377123494268 ns, Reaching safepoint: 671150 ns, Cleanup: 15844 ns, At safepoint: 98308 ns, Total: 785302 ns
[2025-10-14T03:21:43.671-0700][1201 ][info ][safepoint   ] Safepoint "Cleanup", Time since last: 38018867669 ns, Reaching safepoint: 653613 ns, Cleanup: 14202 ns, At safepoint: 99049 ns, Total: 766864 ns
[2025-10-14T03:21:53.672-0700][1201 ][info ][safepoint   ] Safepoint "Cleanup", Time since last: 10000804763 ns, Reaching safepoint: 672732 ns, Cleanup: 15253 ns, At safepoint: 122274 ns, Total: 810259 ns
[2025-10-14T03:25:41.746-0700][1201 ][info ][safepoint   ] Safepoint "Cleanup", Time since last: 228072956613 ns, Reaching safepoint: 574665 ns, Cleanup: 11818 ns, At safepoint: 61843 ns, Total: 648326 ns
[2025-10-14T03:27:34.782-0700][1201 ][info ][safepoint   ] Safepoint "Cleanup", Time since last: 113035552718 ns, Reaching safepoint: 577560 ns, Cleanup: 15323 ns, At safepoint: 62384 ns, Total: 655267 ns
[2025-10-14T03:29:54.829-0700][1201 ][info ][safepoint   ] Safepoint "Cleanup", Time since last: 140046622638 ns, Reaching safepoint: 669578 ns, Cleanup: 11337 ns, At safepoint: 62074 ns, Total: 742989 ns
[2025-10-14T03:32:45.102-0700][1201 ][info ][safepoint   ] Safepoint "Cleanup", Time since last: 170271700963 ns, Reaching safepoint: 370627 ns, Cleanup: 9374 ns, At safepoint: 63546 ns, Total: 443547 ns
[2025-10-14T03:32:46.103-0700][1201 ][info ][safepoint   ] Safepoint "Cleanup", Time since last: 1000102766 ns, Reaching safepoint: 680514 ns, Cleanup: 31117 ns, At safepoint: 96525 ns, Total: 808156 ns
[2025-10-14T03:32:48.104-0700][1201 ][info ][safepoint   ] Safepoint "Cleanup", Time since last: 2000198251 ns, Reaching safepoint: 672382 ns, Cleanup: 22614 ns, At safepoint: 94081 ns, Total: 789077 ns
[2025-10-14T03:33:03.106-0700][1201 ][info ][safepoint   ] Safepoint "Cleanup", Time since last: 15001200543 ns, Reaching safepoint: 678692 ns, Cleanup: 21682 ns, At safepoint: 96876 ns, Total: 797250 ns
[2025-10-14T03:33:08.107-0700][1201 ][info ][safepoint   ] Safepoint "Cleanup", Time since last: 5000425616 ns, Reaching safepoint: 693434 ns, Cleanup: 15032 ns, At safepoint: 98428 ns, Total: 806894 ns
[2025-10-14T03:33:14.108-0700][1201 ][info ][safepoint   ] Safepoint "Cleanup", Time since last: 6000504716 ns, Reaching safepoint: 672312 ns, Cleanup: 13070 ns, At safepoint: 97397 ns, Total: 782779 ns
[2025-10-14T03:33:45.916-0700][1201 ][info ][safepoint   ] Safepoint "Cleanup", Time since last: 31807608072 ns, Reaching safepoint: 591100 ns, Cleanup: 17006 ns, At safepoint: 61552 ns, Total: 669658 ns
[2025-10-14T03:33:57.918-0700][1201 ][info ][safepoint   ] Safepoint "Cleanup", Time since last: 12001062590 ns, Reaching safepoint: 671831 ns, Cleanup: 14923 ns, At safepoint: 96595 ns, Total: 783349 ns
[2025-10-14T03:34:45.939-0700][1201 ][info ][safepoint   ] Safepoint "Cleanup", Time since last: 48020244208 ns, Reaching safepoint: 666704 ns, Cleanup: 14181 ns, At safepoint: 94262 ns, Total: 775147 ns
[2025-10-14T03:34:47.940-0700][1201 ][info ][safepoint   ] Safepoint "Cleanup", Time since last: 2000221285 ns, Reaching safepoint: 671080 ns, Cleanup: 19619 ns, At safepoint: 95524 ns, Total: 786223 ns
[2025-10-14T03:35:45.962-0700][1201 ][info ][safepoint   ] Safepoint "Cleanup", Time since last: 58020911107 ns, Reaching safepoint: 690810 ns, Cleanup: 13831 ns, At safepoint: 99079 ns, Total: 803720 ns
[2025-10-14T03:37:46.007-0700][1201 ][info ][safepoint   ] Safepoint "Cleanup", Time since last: 120044259988 ns, Reaching safepoint: 598350 ns, Cleanup: 13381 ns, At safepoint: 62694 ns, Total: 674425 ns
[2025-10-14T03:37:58.008-0700][1201 ][info ][safepoint   ] Safepoint "Cleanup", Time since last: 12000831397 ns, Reaching safepoint: 614114 ns, Cleanup: 11678 ns, At safepoint: 81052 ns, Total: 706844 ns
[2025-10-14T03:39:45.053-0700][1201 ][info ][safepoint   ] Safepoint "Cleanup", Time since last: 107043579120 ns, Reaching safepoint: 676448 ns, Cleanup: 11597 ns, At safepoint: 62614 ns, Total: 750659 ns
[2025-10-14T03:39:55.054-0700][1201 ][info ][safepoint   ] Safepoint "Cleanup", Time since last: 10000852249 ns, Reaching safepoint: 682777 ns, Cleanup: 13811 ns, At safepoint: 98258 ns, Total: 794846 ns
[2025-10-14T03:41:38.416-0700][1201 ][info ][gc,start    ] GC(288) Pause Young (Normal) (G1 Evacuation Pause)
[2025-10-14T03:41:38.416-0700][1201 ][info ][gc,task     ] GC(288) Using 113 workers of 113 for evacuation
[2025-10-14T03:41:38.428-0700][1201 ][debug][gc,remset   ] GC(288) Visited cards 10111488 Total dirty 73596928 (13.74%) Total old 533594112 (1.89%)
[2025-10-14T03:41:38.549-0700][1201 ][info ][gc,phases   ] GC(288)   Pre Evacuate Collection Set: 0.7ms
[2025-10-14T03:41:38.549-0700][1201 ][info ][gc,phases   ] GC(288)   Merge Heap Roots: 11.1ms
[2025-10-14T03:41:38.549-0700][1201 ][info ][gc,phases   ] GC(288)   Evacuate Collection Set: 107.7ms
[2025-10-14T03:41:38.549-0700][1201 ][info ][gc,phases   ] GC(288)   Post Evacuate Collection Set: 12.6ms
[2025-10-14T03:41:38.549-0700][1201 ][info ][gc,phases   ] GC(288)   Other: 0.2ms
[2025-10-14T03:41:38.549-0700][1201 ][debug][gc,remset   ] GC(288) Coarsening (recent): Inline->AoC 0 (0) AoC->Howl 0 (0) Howl->Full 0 (0) Inline->AoC 0 (0) AoC->BitMap 0 (0) BitMap->Full 0 (0) 
[2025-10-14T03:41:38.549-0700][1201 ][debug][gc,remset   ] GC(288) Coarsening (all): Inline->AoC 7766751 (282) AoC->Howl 116163 (1162) Howl->Full 0 (0) Inline->AoC 476967 (475) AoC->BitMap 120920 (1062) BitMap->Full 5 (0) 
[2025-10-14T03:41:38.549-0700][1201 ][info ][gc,heap     ] GC(288) Eden regions: 3262->0(3261)
[2025-10-14T03:41:38.549-0700][1201 ][info ][gc,heap     ] GC(288) Survivor regions: 194->195(432)
[2025-10-14T03:41:38.549-0700][1201 ][info ][gc,heap     ] GC(288) Old regions: 1230->1230
[2025-10-14T03:41:38.549-0700][1201 ][info ][gc,heap     ] GC(288) Humongous regions: 0->0
[2025-10-14T03:41:38.549-0700][1201 ][info ][gc,metaspace] GC(288) Metaspace: 322967K(328960K)->322967K(328960K) NonClass: 286346K(289536K)->286346K(289536K) Class: 36621K(39424K)->36621K(39424K)
[2025-10-14T03:41:38.549-0700][1201 ][info ][gc          ] GC(288) Pause Young (Normal) (G1 Evacuation Pause) 149938M->45599M(184320M) 132.464ms
[2025-10-14T03:41:38.550-0700][1201 ][info ][gc,cpu      ] GC(288) User=12.30s Sys=0.01s Real=0.14s
[2025-10-14T03:41:38.550-0700][1201 ][info ][safepoint   ] Safepoint "G1CollectForAllocation", Time since last: 103360478060 ns, Reaching safepoint: 594985 ns, Cleanup: 4177 ns, At safepoint: 134771721 ns, Total: 135370883 ns
[2025-10-14T03:41:47.729-0700][1201 ][info ][safepoint   ] Safepoint "Cleanup", Time since last: 9000633824 ns, Reaching safepoint: 178225947 ns, Cleanup: 30976 ns, At safepoint: 54072 ns, Total: 178310995 ns
[2025-10-14T03:41:48.730-0700][1201 ][info ][safepoint   ] Safepoint "Cleanup", Time since last: 1000103055 ns, Reaching safepoint: 361604 ns, Cleanup: 99430 ns, At safepoint: 57106 ns, Total: 518140 ns
[2025-10-14T03:41:49.730-0700][1201 ][info ][safepoint   ] Safepoint "Cleanup", Time since last: 1000094933 ns, Reaching safepoint: 312069 ns, Cleanup: 50416 ns, At safepoint: 49895 ns, Total: 412380 ns
[2025-10-14T03:41:50.730-0700][1201 ][info ][safepoint   ] Safepoint "Cleanup", Time since last: 1000100852 ns, Reaching safepoint: 96155 ns, Cleanup: 14231 ns, At safepoint: 7451 ns, Total: 117837 ns
[2025-10-14T03:41:51.075-0700][64327][info ][gc,heap,exit] Heap
[2025-10-14T03:41:51.075-0700][64327][info ][gc,heap,exit]  garbage-first heap   total 188743680K, used 57867561K [0x00007f578e000000, 0x00007f848e000000)
[2025-10-14T03:41:51.075-0700][64327][info ][gc,heap,exit]   region size 32768K, 537 young (17596416K), 195 survivors (6389760K)
[2025-10-14T03:41:51.075-0700][64327][info ][gc,heap,exit]  Metaspace       used 323426K, committed 329472K, reserved 1376256K
[2025-10-14T03:41:51.075-0700][64327][info ][gc,heap,exit]   class space    used 36672K, committed 39488K, reserved 1048576K
