[2025-10-15T14:19:02.799-0700][1131][info][gc,init] CardTable entry size: 512
[2025-10-15T14:19:02.799-0700][1131][debug][gc,remset] Card Set container configuration: InlinePtr #cards 3 size 8 Array Of Cards #cards 256 size 528 Howl #buckets 8 coarsen threshold 58982 Howl Bitmap #cards 8192 size 1040 coarsen threshold 7372 Card regions per heap region 1 cards per card region 65536
[2025-10-15T14:19:02.799-0700][1131][info ][gc       ] Using G1
[2025-10-15T14:19:06.974-0700][1131][info ][gc,init  ] Version: 21.0.2-internal-adhoc.leochashnikov.labs-openjdk-21 (release)
[2025-10-15T14:19:06.974-0700][1131][info ][gc,init  ] CPUs: 176 total, 176 available
[2025-10-15T14:19:06.974-0700][1131][info ][gc,init  ] Memory: 251G
[2025-10-15T14:19:06.974-0700][1131][info ][gc,init  ] Large Page Support: Disabled
[2025-10-15T14:19:06.974-0700][1131][info ][gc,init  ] NUMA Support: Disabled
[2025-10-15T14:19:06.974-0700][1131][info ][gc,init  ] Compressed Oops: Disabled
[2025-10-15T14:19:06.974-0700][1131][info ][gc,init  ] Heap Region Size: 32M
[2025-10-15T14:19:06.974-0700][1131][info ][gc,init  ] Heap Min Capacity: 180G
[2025-10-15T14:19:06.974-0700][1131][info ][gc,init  ] Heap Initial Capacity: 180G
[2025-10-15T14:19:06.974-0700][1131][info ][gc,init  ] Heap Max Capacity: 180G
[2025-10-15T14:19:06.974-0700][1131][info ][gc,init  ] Pre-touch: Enabled
[2025-10-15T14:19:06.974-0700][1131][info ][gc,init  ] Parallel Workers: 113
[2025-10-15T14:19:06.974-0700][1131][info ][gc,init  ] Concurrent Workers: 36
[2025-10-15T14:19:06.974-0700][1131][info ][gc,init  ] Concurrent Refinement Workers: 113
[2025-10-15T14:19:06.974-0700][1131][info ][gc,init  ] Periodic GC: Disabled
[2025-10-15T14:19:06.974-0700][1131][info ][gc,metaspace] CDS archive(s) not mapped
[2025-10-15T14:19:06.974-0700][1131][info ][gc,metaspace] Compressed class space mapped at: 0x0000000080000000-0x00000000c0000000, reserved size: 1073741824
[2025-10-15T14:19:06.974-0700][1131][info ][gc,metaspace] Narrow klass base: 0x0000000000000000, Narrow klass shift: 0, Narrow klass range: 0xc0000000
[2025-10-15T14:19:07.288-0700][1251][info ][safepoint   ] Safepoint "ICBufferFull", Time since last: 295172293 ns, Reaching safepoint: 67762 ns, Cleanup: 118850 ns, At safepoint: 2684 ns, Total: 189296 ns
[2025-10-15T14:19:07.348-0700][1251][info ][gc,start    ] GC(0) Pause Young (Concurrent Start) (Metadata GC Threshold)
[2025-10-15T14:19:07.348-0700][1251][info ][gc,task     ] GC(0) Using 113 workers of 113 for evacuation
[2025-10-15T14:19:07.350-0700][1251][debug][gc,remset   ] GC(0) Visited cards 0 Total dirty 0 (0.00%) Total old 786432 (0.00%)
[2025-10-15T14:19:07.357-0700][1251][info ][gc,phases   ] GC(0)   Pre Evacuate Collection Set: 0.6ms
[2025-10-15T14:19:07.357-0700][1251][info ][gc,phases   ] GC(0)   Merge Heap Roots: 1.1ms
[2025-10-15T14:19:07.357-0700][1251][info ][gc,phases   ] GC(0)   Evacuate Collection Set: 5.4ms
[2025-10-15T14:19:07.357-0700][1251][info ][gc,phases   ] GC(0)   Post Evacuate Collection Set: 1.7ms
[2025-10-15T14:19:07.357-0700][1251][info ][gc,phases   ] GC(0)   Other: 0.1ms
[2025-10-15T14:19:07.357-0700][1251][debug][gc,remset   ] GC(0) Coarsening (recent): Inline->AoC 0 (0) AoC->Howl 0 (0) Howl->Full 0 (0) Inline->AoC 0 (0) AoC->BitMap 0 (0) BitMap->Full 0 (0)
[2025-10-15T14:19:07.357-0700][1251][debug][gc,remset   ] GC(0) Coarsening (all): Inline->AoC 0 (0) AoC->Howl 0 (0) Howl->Full 0 (0) Inline->AoC 0 (0) AoC->BitMap 0 (0) BitMap->Full 0 (0)
[2025-10-15T14:19:07.357-0700][1251][info ][gc,heap     ] GC(0) Eden regions: 6->0(287)
[2025-10-15T14:19:07.357-0700][1251][info ][gc,heap     ] GC(0) Survivor regions: 0->1(36)
[2025-10-15T14:19:07.357-0700][1251][info ][gc,heap     ] GC(0) Old regions: 0->0
[2025-10-15T14:19:07.357-0700][1251][info ][gc,heap     ] GC(0) Humongous regions: 0->0
[2025-10-15T14:19:07.357-0700][1251][info ][gc,metaspace] GC(0) Metaspace: 21331K(21504K)->21331K(21504K) NonClass: 19061K(19136K)->19061K(19136K) Class: 2269K(2368K)->2269K(2368K)
[2025-10-15T14:19:07.357-0700][1251][info ][gc          ] GC(0) Pause Young (Concurrent Start) (Metadata GC Threshold) 176M->15M(184320M) 9.036ms
[2025-10-15T14:19:07.357-0700][1134][info ][gc          ] GC(1) Concurrent Mark Cycle
[2025-10-15T14:19:07.357-0700][1251][info ][gc,cpu      ] GC(0) User=0.17s Sys=0.28s Real=0.01s
[2025-10-15T14:19:07.357-0700][1134][info ][gc,marking  ] GC(1) Concurrent Scan Root Regions
[2025-10-15T14:19:07.357-0700][1251][info ][safepoint   ] Safepoint "CollectForMetadataAllocation", Time since last: 59497565 ns, Reaching safepoint: 67051 ns, Cleanup: 39279 ns, At safepoint: 9187537 ns, Total: 9293867 ns
[2025-10-15T14:19:07.360-0700][1134][info ][gc,marking  ] GC(1) Concurrent Scan Root Regions 2.300ms
[2025-10-15T14:19:07.360-0700][1134][info ][gc,marking  ] GC(1) Concurrent Mark
[2025-10-15T14:19:07.360-0700][1134][info ][gc,marking  ] GC(1) Concurrent Mark From Roots
[2025-10-15T14:19:07.361-0700][1134][info ][gc,task     ] GC(1) Using 36 workers of 36 for marking
[2025-10-15T14:19:07.363-0700][1251][info ][safepoint   ] Safepoint "CollectForMetadataAllocation", Time since last: 5896363 ns, Reaching safepoint: 190848 ns, Cleanup: 11357 ns, At safepoint: 58728 ns, Total: 260933 ns
[2025-10-15T14:19:07.365-0700][1134][info ][gc,marking  ] GC(1) Concurrent Mark From Roots 5.347ms
[2025-10-15T14:19:07.365-0700][1134][info ][gc,marking  ] GC(1) Concurrent Preclean
[2025-10-15T14:19:07.365-0700][1134][info ][gc,marking  ] GC(1) Concurrent Preclean 0.009ms
[2025-10-15T14:19:07.365-0700][1251][info ][gc,start    ] GC(1) Pause Remark
[2025-10-15T14:19:07.367-0700][1251][info ][gc          ] GC(1) Pause Remark 78M->78M(184320M) 1.777ms
[2025-10-15T14:19:07.367-0700][1251][info ][gc,cpu      ] GC(1) User=0.00s Sys=0.07s Real=0.00s
[2025-10-15T14:19:07.367-0700][1251][info ][safepoint   ] Safepoint "G1PauseRemark", Time since last: 1501805 ns, Reaching safepoint: 65599 ns, Cleanup: 1152 ns, At safepoint: 1836790 ns, Total: 1903541 ns
[2025-10-15T14:19:07.367-0700][1134][info ][gc,marking  ] GC(1) Concurrent Mark 7.299ms
[2025-10-15T14:19:07.367-0700][1134][info ][gc,marking  ] GC(1) Concurrent Rebuild Remembered Sets and Scrub Regions
[2025-10-15T14:19:07.367-0700][1134][info ][gc,marking  ] GC(1) Concurrent Rebuild Remembered Sets and Scrub Regions 0.105ms
[2025-10-15T14:19:07.367-0700][1251][info ][gc,start    ] GC(1) Pause Cleanup
[2025-10-15T14:19:07.367-0700][1251][info ][gc          ] GC(1) Pause Cleanup 78M->78M(184320M) 0.009ms
[2025-10-15T14:19:07.367-0700][1251][info ][gc,cpu      ] GC(1) User=0.00s Sys=0.00s Real=0.00s
[2025-10-15T14:19:07.367-0700][1251][info ][safepoint   ] Safepoint "G1PauseCleanup", Time since last: 149496 ns, Reaching safepoint: 127091 ns, Cleanup: 661 ns, At safepoint: 21263 ns, Total: 149015 ns
[2025-10-15T14:19:07.367-0700][1134][info ][gc,marking  ] GC(1) Concurrent Clear Claimed Marks
[2025-10-15T14:19:07.367-0700][1134][info ][gc,marking  ] GC(1) Concurrent Clear Claimed Marks 0.018ms
[2025-10-15T14:19:07.367-0700][1134][info ][gc,marking  ] GC(1) Concurrent Cleanup for Next Mark
[2025-10-15T14:19:07.391-0700][1134][info ][gc,marking  ] GC(1) Concurrent Cleanup for Next Mark 24.289ms
[2025-10-15T14:19:07.392-0700][1134][info ][gc          ] GC(1) Concurrent Mark Cycle 34.313ms
[2025-10-15T14:19:07.551-0700][1251][info ][safepoint   ] Safepoint "ICBufferFull", Time since last: 183819899 ns, Reaching safepoint: 66531 ns, Cleanup: 133781 ns, At safepoint: 2945 ns, Total: 203257 ns
[2025-10-15T14:19:07.668-0700][1251][info ][gc,start    ] GC(2) Pause Young (Concurrent Start) (Metadata GC Threshold)
[2025-10-15T14:19:07.668-0700][1251][info ][gc,task     ] GC(2) Using 113 workers of 113 for evacuation
[2025-10-15T14:19:07.670-0700][1251][debug][gc,remset   ] GC(2) Visited cards 0 Total dirty 0 (0.00%) Total old 655360 (0.00%)
[2025-10-15T14:19:07.679-0700][1251][info ][gc,phases   ] GC(2)   Pre Evacuate Collection Set: 0.5ms
[2025-10-15T14:19:07.679-0700][1251][info ][gc,phases   ] GC(2)   Merge Heap Roots: 0.8ms
[2025-10-15T14:19:07.679-0700][1251][info ][gc,phases   ] GC(2)   Evacuate Collection Set: 7.3ms
[2025-10-15T14:19:07.679-0700][1251][info ][gc,phases   ] GC(2)   Post Evacuate Collection Set: 1.7ms
[2025-10-15T14:19:07.679-0700][1251][info ][gc,phases   ] GC(2)   Other: 0.2ms
[2025-10-15T14:19:07.679-0700][1251][debug][gc,remset   ] GC(2) Coarsening (recent): Inline->AoC 0 (0) AoC->Howl 0 (0) Howl->Full 0 (0) Inline->AoC 0 (0) AoC->BitMap 0 (0) BitMap->Full 0 (0)
[2025-10-15T14:19:07.679-0700][1251][debug][gc,remset   ] GC(2) Coarsening (all): Inline->AoC 0 (0) AoC->Howl 0 (0) Howl->Full 0 (0) Inline->AoC 0 (0) AoC->BitMap 0 (0) BitMap->Full 0 (0)
[2025-10-15T14:19:07.679-0700][1251][info ][gc,heap     ] GC(2) Eden regions: 4->0(287)
[2025-10-15T14:19:07.679-0700][1251][info ][gc,heap     ] GC(2) Survivor regions: 1->1(36)
[2025-10-15T14:19:07.679-0700][1251][info ][gc,heap     ] GC(2) Old regions: 0->0
[2025-10-15T14:19:07.679-0700][1251][info ][gc,heap     ] GC(2) Humongous regions: 0->0
[2025-10-15T14:19:07.679-0700][1251][info ][gc,metaspace] GC(2) Metaspace: 36438K(36608K)->36438K(36608K) NonClass: 32362K(32448K)->32362K(32448K) Class: 4076K(4160K)->4076K(4160K)
[2025-10-15T14:19:07.679-0700][1251][info ][gc          ] GC(2) Pause Young (Concurrent Start) (Metadata GC Threshold) 142M->24M(184320M) 10.612ms
[2025-10-15T14:19:07.679-0700][1134][info ][gc          ] GC(3) Concurrent Mark Cycle
[2025-10-15T14:19:07.679-0700][1251][info ][gc,cpu      ] GC(2) User=0.47s Sys=0.20s Real=0.01s
[2025-10-15T14:19:07.679-0700][1134][info ][gc,marking  ] GC(3) Concurrent Scan Root Regions
[2025-10-15T14:19:07.679-0700][1251][info ][safepoint   ] Safepoint "CollectForMetadataAllocation", Time since last: 117042215 ns, Reaching safepoint: 159330 ns, Cleanup: 54392 ns, At safepoint: 10749553 ns, Total: 10963275 ns
[2025-10-15T14:19:07.684-0700][1134][info ][gc,marking  ] GC(3) Concurrent Scan Root Regions 4.990ms
[2025-10-15T14:19:07.684-0700][1134][info ][gc,marking  ] GC(3) Concurrent Mark
[2025-10-15T14:19:07.684-0700][1134][info ][gc,marking  ] GC(3) Concurrent Mark From Roots
[2025-10-15T14:19:07.684-0700][1134][info ][gc,task     ] GC(3) Using 36 workers of 36 for marking
[2025-10-15T14:19:07.687-0700][1251][info ][safepoint   ] Safepoint "CollectForMetadataAllocation", Time since last: 7998894 ns, Reaching safepoint: 72399 ns, Cleanup: 11467 ns, At safepoint: 49825 ns, Total: 133691 ns
[2025-10-15T14:19:07.687-0700][1134][info ][gc,marking  ] GC(3) Concurrent Mark From Roots 3.341ms
[2025-10-15T14:19:07.687-0700][1134][info ][gc,marking  ] GC(3) Concurrent Preclean
[2025-10-15T14:19:07.687-0700][1134][info ][gc,marking  ] GC(3) Concurrent Preclean 0.009ms
[2025-10-15T14:19:07.688-0700][1251][info ][gc,start    ] GC(3) Pause Remark
[2025-10-15T14:19:07.689-0700][1251][info ][gc          ] GC(3) Pause Remark 88M->88M(184320M) 1.893ms
[2025-10-15T14:19:07.690-0700][1251][info ][gc,cpu      ] GC(3) User=0.09s Sys=0.00s Real=0.01s
[2025-10-15T14:19:07.690-0700][1251][info ][safepoint   ] Safepoint "G1PauseRemark", Time since last: 208865 ns, Reaching safepoint: 65098 ns, Cleanup: 481 ns, At safepoint: 1950832 ns, Total: 2016411 ns
[2025-10-15T14:19:07.690-0700][1134][info ][gc,marking  ] GC(3) Concurrent Mark 5.404ms
[2025-10-15T14:19:07.690-0700][1134][info ][gc,marking  ] GC(3) Concurrent Rebuild Remembered Sets and Scrub Regions
[2025-10-15T14:19:07.690-0700][1134][info ][gc,marking  ] GC(3) Concurrent Rebuild Remembered Sets and Scrub Regions 0.109ms
[2025-10-15T14:19:07.690-0700][1251][info ][gc,start    ] GC(3) Pause Cleanup
[2025-10-15T14:19:07.690-0700][1251][info ][gc          ] GC(3) Pause Cleanup 88M->88M(184320M) 0.008ms
[2025-10-15T14:19:07.690-0700][1251][info ][gc,cpu      ] GC(3) User=0.00s Sys=0.00s Real=0.00s
[2025-10-15T14:19:07.690-0700][1251][info ][safepoint   ] Safepoint "G1PauseCleanup", Time since last: 140552 ns, Reaching safepoint: 65479 ns, Cleanup: 841 ns, At safepoint: 20892 ns, Total: 87212 ns
[2025-10-15T14:19:07.690-0700][1134][info ][gc,marking  ] GC(3) Concurrent Clear Claimed Marks
[2025-10-15T14:19:07.690-0700][1134][info ][gc,marking  ] GC(3) Concurrent Clear Claimed Marks 0.026ms
[2025-10-15T14:19:07.690-0700][1134][info ][gc,marking  ] GC(3) Concurrent Cleanup for Next Mark
[2025-10-15T14:19:07.714-0700][1134][info ][gc,marking  ] GC(3) Concurrent Cleanup for Next Mark 24.325ms
[2025-10-15T14:19:07.714-0700][1134][info ][gc          ] GC(3) Concurrent Mark Cycle 35.059ms
[2025-10-15T14:19:07.804-0700][1251][info ][safepoint   ] Safepoint "ICBufferFull", Time since last: 113535676 ns, Reaching safepoint: 71117 ns, Cleanup: 174303 ns, At safepoint: 10927 ns, Total: 256347 ns
[2025-10-15T14:19:07.804-0700][1251][info ][safepoint   ] Safepoint "ICBufferFull", Time since last: 45879 ns, Reaching safepoint: 68083 ns, Cleanup: 2884 ns, At safepoint: 9444 ns, Total: 80411 ns
[2025-10-15T14:19:07.832-0700][1251][info ][safepoint   ] Safepoint "ICBufferFull", Time since last: 28400304 ns, Reaching safepoint: 71328 ns, Cleanup: 179721 ns, At safepoint: 9434 ns, Total: 260483 ns
[2025-10-15T14:19:07.873-0700][1251][info ][safepoint   ] Safepoint "ICBufferFull", Time since last: 40830601 ns, Reaching safepoint: 76586 ns, Cleanup: 167953 ns, At safepoint: 9664 ns, Total: 254203 ns
[2025-10-15T14:19:07.911-0700][1251][info ][safepoint   ] Safepoint "ICBufferFull", Time since last: 36797799 ns, Reaching safepoint: 196867 ns, Cleanup: 166321 ns, At safepoint: 10666 ns, Total: 373854 ns
[2025-10-15T14:19:07.963-0700][1251][info ][safepoint   ] Safepoint "ICBufferFull", Time since last: 51696630 ns, Reaching safepoint: 258269 ns, Cleanup: 161664 ns, At safepoint: 11558 ns, Total: 431491 ns
[2025-10-15T14:19:08.048-0700][1251][info ][safepoint   ] Safepoint "ICBufferFull", Time since last: 84644852 ns, Reaching safepoint: 258620 ns, Cleanup: 168134 ns, At safepoint: 10816 ns, Total: 437570 ns
[2025-10-15T14:19:08.066-0700][1251][info ][safepoint   ] Safepoint "ICBufferFull", Time since last: 18009192 ns, Reaching safepoint: 384289 ns, Cleanup: 146301 ns, At safepoint: 11167 ns, Total: 541757 ns
[2025-10-15T14:19:08.100-0700][1251][info ][safepoint   ] Safepoint "ICBufferFull", Time since last: 33126842 ns, Reaching safepoint: 322096 ns, Cleanup: 128874 ns, At safepoint: 11898 ns, Total: 462868 ns
[2025-10-15T14:19:08.184-0700][1251][info ][safepoint   ] Safepoint "ICBufferFull", Time since last: 83442319 ns, Reaching safepoint: 322977 ns, Cleanup: 161234 ns, At safepoint: 10836 ns, Total: 495047 ns
[2025-10-15T14:19:08.285-0700][1251][info ][safepoint   ] Safepoint "ICBufferFull", Time since last: 100560136 ns, Reaching safepoint: 508086 ns, Cleanup: 159731 ns, At safepoint: 8944 ns, Total: 676761 ns
[2025-10-15T14:19:08.321-0700][1251][info ][safepoint   ] Safepoint "ICBufferFull", Time since last: 35081941 ns, Reaching safepoint: 416989 ns, Cleanup: 120712 ns, At safepoint: 10255 ns, Total: 547956 ns
[2025-10-15T14:19:08.384-0700][1251][info ][safepoint   ] Safepoint "ICBufferFull", Time since last: 63111065 ns, Reaching safepoint: 384440 ns, Cleanup: 141534 ns, At safepoint: 12539 ns, Total: 538513 ns
[2025-10-15T14:19:08.475-0700][1251][info ][safepoint   ] Safepoint "ICBufferFull", Time since last: 90410758 ns, Reaching safepoint: 322156 ns, Cleanup: 152180 ns, At safepoint: 10335 ns, Total: 484671 ns
[2025-10-15T14:19:08.552-0700][1251][info ][safepoint   ] Safepoint "ICBufferFull", Time since last: 76381320 ns, Reaching safepoint: 71237 ns, Cleanup: 153061 ns, At safepoint: 13130 ns, Total: 237428 ns
[2025-10-15T14:19:08.552-0700][1251][info ][safepoint   ] Safepoint "ICBufferFull", Time since last: 40982 ns, Reaching safepoint: 476548 ns, Cleanup: 591 ns, At safepoint: 7211 ns, Total: 484350 ns
[2025-10-15T14:19:08.580-0700][1251][info ][safepoint   ] Safepoint "ICBufferFull", Time since last: 27318613 ns, Reaching safepoint: 67722 ns, Cleanup: 131087 ns, At safepoint: 9785 ns, Total: 208594 ns
[2025-10-15T14:19:08.584-0700][1251][info ][safepoint   ] Safepoint "ICBufferFull", Time since last: 4007354 ns, Reaching safepoint: 67412 ns, Cleanup: 107572 ns, At safepoint: 8513 ns, Total: 183497 ns
[2025-10-15T14:19:08.588-0700][1251][info ][safepoint   ] Safepoint "ICBufferFull", Time since last: 3664467 ns, Reaching safepoint: 482477 ns, Cleanup: 124718 ns, At safepoint: 10306 ns, Total: 617501 ns
[2025-10-15T14:19:08.599-0700][1251][info ][safepoint   ] Safepoint "ICBufferFull", Time since last: 10656092 ns, Reaching safepoint: 69575 ns, Cleanup: 141473 ns, At safepoint: 11177 ns, Total: 222225 ns
[2025-10-15T14:19:08.600-0700][1251][info ][safepoint   ] Safepoint "ICBufferFull", Time since last: 40441 ns, Reaching safepoint: 315476 ns, Cleanup: 530 ns, At safepoint: 7301 ns, Total: 323307 ns
[2025-10-15T14:19:08.614-0700][1251][info ][safepoint   ] Safepoint "ICBufferFull", Time since last: 13751000 ns, Reaching safepoint: 443919 ns, Cleanup: 153131 ns, At safepoint: 10446 ns, Total: 607496 ns
[2025-10-15T14:19:08.626-0700][1251][info ][safepoint   ] Safepoint "ICBufferFull", Time since last: 11372642 ns, Reaching safepoint: 133892 ns, Cleanup: 141324 ns, At safepoint: 9133 ns, Total: 284349 ns
[2025-10-15T14:19:08.626-0700][1251][info ][safepoint   ] Safepoint "ICBufferFull", Time since last: 40371 ns, Reaching safepoint: 442908 ns, Cleanup: 721 ns, At safepoint: 6450 ns, Total: 450079 ns
[2025-10-15T14:19:08.663-0700][1251][info ][safepoint   ] Safepoint "ICBufferFull", Time since last: 36007928 ns, Reaching safepoint: 485362 ns, Cleanup: 183016 ns, At safepoint: 8483 ns, Total: 676861 ns
[2025-10-15T14:19:08.697-0700][1251][info ][safepoint   ] Safepoint "ICBufferFull", Time since last: 33990605 ns, Reaching safepoint: 444830 ns, Cleanup: 148845 ns, At safepoint: 8232 ns, Total: 601907 ns
[2025-10-15T14:19:08.761-0700][1251][info ][safepoint   ] Safepoint "ICBufferFull", Time since last: 62539143 ns, Reaching safepoint: 429618 ns, Cleanup: 145379 ns, At safepoint: 9304 ns, Total: 584301 ns
[2025-10-15T14:19:08.843-0700][1251][info ][safepoint   ] Safepoint "ICBufferFull", Time since last: 81950920 ns, Reaching safepoint: 319281 ns, Cleanup: 151939 ns, At safepoint: 9334 ns, Total: 480554 ns
[2025-10-15T14:19:08.911-0700][1251][info ][safepoint   ] Safepoint "ICBufferFull", Time since last: 67069986 ns, Reaching safepoint: 277990 ns, Cleanup: 143706 ns, At safepoint: 8723 ns, Total: 430419 ns
[2025-10-15T14:19:08.911-0700][1251][info ][safepoint   ] Safepoint "ICBufferFull", Time since last: 27893 ns, Reaching safepoint: 65619 ns, Cleanup: 400 ns, At safepoint: 7702 ns, Total: 73721 ns
[2025-10-15T14:19:08.997-0700][1251][info ][safepoint   ] Safepoint "ICBufferFull", Time since last: 86035740 ns, Reaching safepoint: 70296 ns, Cleanup: 141824 ns, At safepoint: 9614 ns, Total: 221734 ns
[2025-10-15T14:19:09.121-0700][1251][info ][safepoint   ] Safepoint "ICBufferFull", Time since last: 123779316 ns, Reaching safepoint: 196507 ns, Cleanup: 170887 ns, At safepoint: 9585 ns, Total: 376979 ns
[2025-10-15T14:19:09.248-0700][1251][info ][safepoint   ] Safepoint "ICBufferFull", Time since last: 126948215 ns, Reaching safepoint: 70416 ns, Cleanup: 191809 ns, At safepoint: 9625 ns, Total: 271850 ns
[2025-10-15T14:19:09.385-0700][1251][info ][safepoint   ] Safepoint "ICBufferFull", Time since last: 135725263 ns, Reaching safepoint: 448947 ns, Cleanup: 183256 ns, At safepoint: 9444 ns, Total: 641647 ns
[2025-10-15T14:19:09.517-0700][1251][info ][safepoint   ] Safepoint "ICBufferFull", Time since last: 131550346 ns, Reaching safepoint: 134944 ns, Cleanup: 199801 ns, At safepoint: 11678 ns, Total: 346423 ns
[2025-10-15T14:19:09.631-0700][1251][info ][safepoint   ] Safepoint "ICBufferFull", Time since last: 114509094 ns, Reaching safepoint: 70456 ns, Cleanup: 200823 ns, At safepoint: 9555 ns, Total: 280834 ns
[2025-10-15T14:19:09.741-0700][1251][info ][safepoint   ] Safepoint "ICBufferFull", Time since last: 109474320 ns, Reaching safepoint: 322287 ns, Cleanup: 199711 ns, At safepoint: 10035 ns, Total: 532033 ns
[2025-10-15T14:19:09.863-0700][1251][info ][safepoint   ] Safepoint "ICBufferFull", Time since last: 121002217 ns, Reaching safepoint: 72389 ns, Cleanup: 176436 ns, At safepoint: 9825 ns, Total: 258650 ns
[2025-10-15T14:19:10.020-0700][1251][info ][safepoint   ] Safepoint "ICBufferFull", Time since last: 157016735 ns, Reaching safepoint: 131939 ns, Cleanup: 184739 ns, At safepoint: 5959 ns, Total: 322637 ns
[2025-10-15T14:19:10.111-0700][1251][info ][safepoint   ] Safepoint "ICBufferFull", Time since last: 90385821 ns, Reaching safepoint: 70186 ns, Cleanup: 134012 ns, At safepoint: 7611 ns, Total: 211809 ns
[2025-10-15T14:19:10.161-0700][1251][info ][safepoint   ] Safepoint "ICBufferFull", Time since last: 50260344 ns, Reaching safepoint: 73080 ns, Cleanup: 175384 ns, At safepoint: 10396 ns, Total: 258860 ns
[2025-10-15T14:19:10.213-0700][1251][info ][safepoint   ] Safepoint "ICBufferFull", Time since last: 52189713 ns, Reaching safepoint: 73151 ns, Cleanup: 184889 ns, At safepoint: 9344 ns, Total: 267384 ns
[2025-10-15T14:19:10.271-0700][1251][info ][safepoint   ] Safepoint "ICBufferFull", Time since last: 57133059 ns, Reaching safepoint: 74402 ns, Cleanup: 183737 ns, At safepoint: 13280 ns, Total: 271419 ns
[2025-10-15T14:19:10.360-0700][1251][info ][safepoint   ] Safepoint "ICBufferFull", Time since last: 89076506 ns, Reaching safepoint: 8443 ns, Cleanup: 162115 ns, At safepoint: 11457 ns, Total: 182015 ns
[2025-10-15T14:19:10.427-0700][1251][info ][safepoint   ] Safepoint "ICBufferFull", Time since last: 67037116 ns, Reaching safepoint: 56285 ns, Cleanup: 152190 ns, At safepoint: 9854 ns, Total: 218329 ns
[2025-10-15T14:19:10.482-0700][1251][info ][safepoint   ] Safepoint "ICBufferFull", Time since last: 54600360 ns, Reaching safepoint: 72489 ns, Cleanup: 146711 ns, At safepoint: 20771 ns, Total: 239971 ns
[2025-10-15T14:19:10.646-0700][1251][info ][gc,start    ] GC(4) Pause Young (Concurrent Start) (Metadata GC Threshold)
[2025-10-15T14:19:10.646-0700][1251][info ][gc,task     ] GC(4) Using 113 workers of 113 for evacuation
[2025-10-15T14:19:10.647-0700][1251][debug][gc,remset   ] GC(4) Visited cards 0 Total dirty 0 (0.00%) Total old 22020096 (0.00%)
[2025-10-15T14:19:10.676-0700][1251][info ][gc,phases   ] GC(4)   Pre Evacuate Collection Set: 0.6ms
[2025-10-15T14:19:10.676-0700][1251][info ][gc,phases   ] GC(4)   Merge Heap Roots: 0.7ms
[2025-10-15T14:19:10.676-0700][1251][info ][gc,phases   ] GC(4)   Evacuate Collection Set: 23.9ms
[2025-10-15T14:19:10.676-0700][1251][info ][gc,phases   ] GC(4)   Post Evacuate Collection Set: 4.7ms
[2025-10-15T14:19:10.676-0700][1251][info ][gc,phases   ] GC(4)   Other: 0.3ms
[2025-10-15T14:19:10.676-0700][1251][debug][gc,remset   ] GC(4) Coarsening (recent): Inline->AoC 0 (0) AoC->Howl 0 (0) Howl->Full 0 (0) Inline->AoC 0 (0) AoC->BitMap 0 (0) BitMap->Full 0 (0)
[2025-10-15T14:19:10.676-0700][1251][debug][gc,remset   ] GC(4) Coarsening (all): Inline->AoC 0 (0) AoC->Howl 0 (0) Howl->Full 0 (0) Inline->AoC 0 (0) AoC->BitMap 0 (0) BitMap->Full 0 (0)
[2025-10-15T14:19:10.676-0700][1251][info ][gc,heap     ] GC(4) Eden regions: 167->0(286)
[2025-10-15T14:19:10.676-0700][1251][info ][gc,heap     ] GC(4) Survivor regions: 1->2(36)
[2025-10-15T14:19:10.676-0700][1251][info ][gc,heap     ] GC(4) Old regions: 0->0
[2025-10-15T14:19:10.676-0700][1251][info ][gc,heap     ] GC(4) Humongous regions: 0->0
[2025-10-15T14:19:10.676-0700][1251][info ][gc,metaspace] GC(4) Metaspace: 61356K(61760K)->61356K(61760K) NonClass: 54262K(54464K)->54262K(54464K) Class: 7093K(7296K)->7093K(7296K)
[2025-10-15T14:19:10.676-0700][1251][info ][gc          ] GC(4) Pause Young (Concurrent Start) (Metadata GC Threshold) 5368M->53M(184320M) 30.303ms
[2025-10-15T14:19:10.676-0700][1134][info ][gc          ] GC(5) Concurrent Mark Cycle
[2025-10-15T14:19:10.676-0700][1251][info ][gc,cpu      ] GC(4) User=1.22s Sys=0.00s Real=0.03s
[2025-10-15T14:19:10.676-0700][1134][info ][gc,marking  ] GC(5) Concurrent Scan Root Regions
[2025-10-15T14:19:10.676-0700][1251][info ][safepoint   ] Safepoint "CollectForMetadataAllocation", Time since last: 163089825 ns, Reaching safepoint: 71207 ns, Cleanup: 155485 ns, At safepoint: 30456665 ns, Total: 30683357 ns
[2025-10-15T14:19:10.684-0700][1134][info ][gc,marking  ] GC(5) Concurrent Scan Root Regions 8.219ms
[2025-10-15T14:19:10.684-0700][1134][info ][gc,marking  ] GC(5) Concurrent Mark
[2025-10-15T14:19:10.684-0700][1134][info ][gc,marking  ] GC(5) Concurrent Mark From Roots
[2025-10-15T14:19:10.684-0700][1134][info ][gc,task     ] GC(5) Using 36 workers of 36 for marking
[2025-10-15T14:19:10.688-0700][1134][info ][gc,marking  ] GC(5) Concurrent Mark From Roots 3.495ms
[2025-10-15T14:19:10.688-0700][1134][info ][gc,marking  ] GC(5) Concurrent Preclean
[2025-10-15T14:19:10.688-0700][1134][info ][gc,marking  ] GC(5) Concurrent Preclean 0.008ms
[2025-10-15T14:19:10.688-0700][1251][info ][gc,start    ] GC(5) Pause Remark
[2025-10-15T14:19:10.692-0700][1251][info ][gc          ] GC(5) Pause Remark 241M->241M(184320M) 4.031ms
[2025-10-15T14:19:10.692-0700][1251][info ][gc,cpu      ] GC(5) User=0.28s Sys=0.00s Real=0.01s
[2025-10-15T14:19:10.692-0700][1251][info ][safepoint   ] Safepoint "G1PauseRemark", Time since last: 11715630 ns, Reaching safepoint: 71277 ns, Cleanup: 19620 ns, At safepoint: 4097510 ns, Total: 4188407 ns
[2025-10-15T14:19:10.692-0700][1134][info ][gc,marking  ] GC(5) Concurrent Mark 7.732ms
[2025-10-15T14:19:10.692-0700][1134][info ][gc,marking  ] GC(5) Concurrent Rebuild Remembered Sets and Scrub Regions
[2025-10-15T14:19:10.692-0700][1134][info ][gc,marking  ] GC(5) Concurrent Rebuild Remembered Sets and Scrub Regions 0.090ms
[2025-10-15T14:19:10.692-0700][1251][info ][gc,start    ] GC(5) Pause Cleanup
[2025-10-15T14:19:10.692-0700][1251][info ][gc          ] GC(5) Pause Cleanup 241M->241M(184320M) 0.009ms
[2025-10-15T14:19:10.692-0700][1251][info ][gc,cpu      ] GC(5) User=0.00s Sys=0.00s Real=0.00s
[2025-10-15T14:19:10.692-0700][1251][info ][safepoint   ] Safepoint "G1PauseCleanup", Time since last: 128053 ns, Reaching safepoint: 68773 ns, Cleanup: 2404 ns, At safepoint: 23916 ns, Total: 95093 ns
[2025-10-15T14:19:10.692-0700][1134][info ][gc,marking  ] GC(5) Concurrent Clear Claimed Marks
[2025-10-15T14:19:10.692-0700][1134][info ][gc,marking  ] GC(5) Concurrent Clear Claimed Marks 0.058ms
[2025-10-15T14:19:10.692-0700][1134][info ][gc,marking  ] GC(5) Concurrent Cleanup for Next Mark
[2025-10-15T14:19:10.717-0700][1134][info ][gc,marking  ] GC(5) Concurrent Cleanup for Next Mark 24.842ms
[2025-10-15T14:19:10.717-0700][1134][info ][gc          ] GC(5) Concurrent Mark Cycle 41.172ms
[2025-10-15T14:19:10.870-0700][1251][info ][safepoint   ] Safepoint "ICBufferFull", Time since last: 177422641 ns, Reaching safepoint: 72670 ns, Cleanup: 163477 ns, At safepoint: 6159 ns, Total: 242306 ns
[2025-10-15T14:19:10.982-0700][1251][info ][safepoint   ] Safepoint "ICBufferFull", Time since last: 111884245 ns, Reaching safepoint: 70747 ns, Cleanup: 161974 ns, At safepoint: 6059 ns, Total: 238780 ns
[2025-10-15T14:19:11.094-0700][1251][info ][safepoint   ] Safepoint "ICBufferFull", Time since last: 111550893 ns, Reaching safepoint: 72690 ns, Cleanup: 178940 ns, At safepoint: 6870 ns, Total: 258500 ns
[2025-10-15T14:19:11.285-0700][1251][info ][safepoint   ] Safepoint "ICBufferFull", Time since last: 190718805 ns, Reaching safepoint: 70436 ns, Cleanup: 173882 ns, At safepoint: 5929 ns, Total: 250247 ns
[2025-10-15T14:19:11.488-0700][1251][info ][safepoint   ] Safepoint "ICBufferFull", Time since last: 203018776 ns, Reaching safepoint: 68854 ns, Cleanup: 175254 ns, At safepoint: 3626 ns, Total: 247734 ns
[2025-10-15T14:19:11.604-0700][1251][info ][safepoint   ] Safepoint "ICBufferFull", Time since last: 115986963 ns, Reaching safepoint: 70596 ns, Cleanup: 151329 ns, At safepoint: 4837 ns, Total: 226762 ns
[2025-10-15T14:19:11.666-0700][1251][info ][safepoint   ] Safepoint "ICBufferFull", Time since last: 61320685 ns, Reaching safepoint: 71908 ns, Cleanup: 175995 ns, At safepoint: 11047 ns, Total: 258950 ns
[2025-10-15T14:19:12.669-0700][1251][info ][safepoint   ] Safepoint "Cleanup", Time since last: 1003233281 ns, Reaching safepoint: 8482 ns, Cleanup: 114804 ns, At safepoint: 2493 ns, Total: 125779 ns
[2025-10-15T14:19:16.669-0700][1251][info ][safepoint   ] Safepoint "Cleanup", Time since last: 4000275409 ns, Reaching safepoint: 8343 ns, Cleanup: 14502 ns, At safepoint: 3465 ns, Total: 26310 ns
[2025-10-15T14:19:21.652-0700][1251][info ][safepoint   ] Safepoint "Cleanup", Time since last: 4982431323 ns, Reaching safepoint: 5137 ns, Cleanup: 31548 ns, At safepoint: 3646 ns, Total: 40331 ns
[2025-10-15T14:19:21.845-0700][1251][info ][safepoint   ] Safepoint "ICBufferFull", Time since last: 192613743 ns, Reaching safepoint: 8633 ns, Cleanup: 148834 ns, At safepoint: 4637 ns, Total: 162104 ns
[2025-10-15T14:19:21.989-0700][1251][info ][safepoint   ] Safepoint "ICBufferFull", Time since last: 144061729 ns, Reaching safepoint: 9204 ns, Cleanup: 208134 ns, At safepoint: 5849 ns, Total: 223187 ns
[2025-10-15T14:19:22.149-0700][1251][info ][safepoint   ] Safepoint "ICBufferFull", Time since last: 159803640 ns, Reaching safepoint: 76686 ns, Cleanup: 179671 ns, At safepoint: 7832 ns, Total: 264189 ns
[2025-10-15T14:19:22.237-0700][1251][info ][safepoint   ] Safepoint "ICBufferFull", Time since last: 87382557 ns, Reaching safepoint: 81433 ns, Cleanup: 153492 ns, At safepoint: 8863 ns, Total: 243788 ns
[2025-10-15T14:19:22.316-0700][1251][info ][safepoint   ] Safepoint "ICBufferFull", Time since last: 78725261 ns, Reaching safepoint: 82023 ns, Cleanup: 163737 ns, At safepoint: 10426 ns, Total: 256186 ns
[2025-10-15T14:19:22.361-0700][1251][info ][safepoint   ] Safepoint "ICBufferFull", Time since last: 44631281 ns, Reaching safepoint: 83977 ns, Cleanup: 155374 ns, At safepoint: 12059 ns, Total: 251410 ns
[2025-10-15T14:19:22.653-0700][1251][info ][safepoint   ] Safepoint "ICBufferFull", Time since last: 292695393 ns, Reaching safepoint: 23585 ns, Cleanup: 188695 ns, At safepoint: 5308 ns, Total: 217588 ns
[2025-10-15T14:19:22.828-0700][1251][info ][safepoint   ] Safepoint "ICBufferFull", Time since last: 174496129 ns, Reaching safepoint: 18498 ns, Cleanup: 203907 ns, At safepoint: 6400 ns, Total: 228805 ns
[2025-10-15T14:19:22.949-0700][1251][info ][safepoint   ] Safepoint "ICBufferFull", Time since last: 120373824 ns, Reaching safepoint: 19469 ns, Cleanup: 228024 ns, At safepoint: 7231 ns, Total: 254724 ns
[2025-10-15T14:19:22.992-0700][1251][info ][gc,start    ] GC(6) Pause Young (Normal) (G1 Evacuation Pause)
[2025-10-15T14:19:22.993-0700][1251][info ][gc,task     ] GC(6) Using 113 workers of 113 for evacuation
[2025-10-15T14:19:22.994-0700][1251][debug][gc,remset   ] GC(6) Visited cards 0 Total dirty 0 (0.00%) Total old 37748736 (0.00%)
[2025-10-15T14:19:23.041-0700][1251][info ][gc,phases   ] GC(6)   Pre Evacuate Collection Set: 0.6ms
[2025-10-15T14:19:23.041-0700][1251][info ][gc,phases   ] GC(6)   Merge Heap Roots: 0.8ms
[2025-10-15T14:19:23.041-0700][1251][info ][gc,phases   ] GC(6)   Evacuate Collection Set: 40.8ms
[2025-10-15T14:19:23.041-0700][1251][info ][gc,phases   ] GC(6)   Post Evacuate Collection Set: 5.5ms
[2025-10-15T14:19:23.041-0700][1251][info ][gc,phases   ] GC(6)   Other: 0.5ms
[2025-10-15T14:19:23.041-0700][1251][debug][gc,remset   ] GC(6) Coarsening (recent): Inline->AoC 0 (0) AoC->Howl 0 (0) Howl->Full 0 (0) Inline->AoC 0 (0) AoC->BitMap 0 (0) BitMap->Full 0 (0)
[2025-10-15T14:19:23.041-0700][1251][debug][gc,remset   ] GC(6) Coarsening (all): Inline->AoC 0 (0) AoC->Howl 0 (0) Howl->Full 0 (0) Inline->AoC 0 (0) AoC->BitMap 0 (0) BitMap->Full 0 (0)
[2025-10-15T14:19:23.041-0700][1251][info ][gc,heap     ] GC(6) Eden regions: 286->0(284)
[2025-10-15T14:19:23.041-0700][1251][info ][gc,heap     ] GC(6) Survivor regions: 2->4(36)
[2025-10-15T14:19:23.041-0700][1251][info ][gc,heap     ] GC(6) Old regions: 0->0
[2025-10-15T14:19:23.041-0700][1251][info ][gc,heap     ] GC(6) Humongous regions: 0->0
[2025-10-15T14:19:23.041-0700][1251][info ][gc,metaspace] GC(6) Metaspace: 97775K(98816K)->97775K(98816K) NonClass: 86259K(86848K)->86259K(86848K) Class: 11515K(11968K)->11515K(11968K)
[2025-10-15T14:19:23.041-0700][1251][info ][gc          ] GC(6) Pause Young (Normal) (G1 Evacuation Pause) 9205M->109M(184320M) 48.369ms
[2025-10-15T14:19:23.041-0700][1251][info ][gc,cpu      ] GC(6) User=1.35s Sys=0.95s Real=0.05s
[2025-10-15T14:19:23.041-0700][1251][info ][safepoint   ] Safepoint "G1CollectForAllocation", Time since last: 43401386 ns, Reaching safepoint: 128194 ns, Cleanup: 47121 ns, At safepoint: 48609661 ns, Total: 48784976 ns
[2025-10-15T14:19:23.276-0700][1251][info ][safepoint   ] Safepoint "ICBufferFull", Time since last: 234940760 ns, Reaching safepoint: 51217 ns, Cleanup: 206181 ns, At safepoint: 13300 ns, Total: 270698 ns
[2025-10-15T14:19:23.406-0700][1251][info ][gc,start    ] GC(7) Pause Young (Concurrent Start) (Metadata GC Threshold)
[2025-10-15T14:19:23.406-0700][1251][info ][gc,task     ] GC(7) Using 113 workers of 113 for evacuation
[2025-10-15T14:19:23.408-0700][1251][debug][gc,remset   ] GC(7) Visited cards 0 Total dirty 0 (0.00%) Total old 9175040 (0.00%)
[2025-10-15T14:19:23.451-0700][1251][info ][gc,phases   ] GC(7)   Pre Evacuate Collection Set: 0.7ms
[2025-10-15T14:19:23.451-0700][1251][info ][gc,phases   ] GC(7)   Merge Heap Roots: 0.8ms
[2025-10-15T14:19:23.451-0700][1251][info ][gc,phases   ] GC(7)   Evacuate Collection Set: 38.6ms
[2025-10-15T14:19:23.451-0700][1251][info ][gc,phases   ] GC(7)   Post Evacuate Collection Set: 4.9ms
[2025-10-15T14:19:23.451-0700][1251][info ][gc,phases   ] GC(7)   Other: 0.1ms
[2025-10-15T14:19:23.451-0700][1251][debug][gc,remset   ] GC(7) Coarsening (recent): Inline->AoC 0 (0) AoC->Howl 0 (0) Howl->Full 0 (0) Inline->AoC 0 (0) AoC->BitMap 0 (0) BitMap->Full 0 (0)
[2025-10-15T14:19:23.451-0700][1251][debug][gc,remset   ] GC(7) Coarsening (all): Inline->AoC 0 (0) AoC->Howl 0 (0) Howl->Full 0 (0) Inline->AoC 0 (0) AoC->BitMap 0 (0) BitMap->Full 0 (0)
[2025-10-15T14:19:23.451-0700][1251][info ][gc,heap     ] GC(7) Eden regions: 66->0(284)
[2025-10-15T14:19:23.451-0700][1251][info ][gc,heap     ] GC(7) Survivor regions: 4->4(36)
[2025-10-15T14:19:23.451-0700][1251][info ][gc,heap     ] GC(7) Old regions: 0->0
[2025-10-15T14:19:23.451-0700][1251][info ][gc,heap     ] GC(7) Humongous regions: 0->0
[2025-10-15T14:19:23.451-0700][1251][info ][gc,metaspace] GC(7) Metaspace: 102231K(103360K)->102231K(103360K) NonClass: 90129K(90752K)->90129K(90752K) Class: 12101K(12608K)->12101K(12608K)
[2025-10-15T14:19:23.451-0700][1251][info ][gc          ] GC(7) Pause Young (Concurrent Start) (Metadata GC Threshold) 2221M->117M(184320M) 45.338ms
[2025-10-15T14:19:23.451-0700][1134][info ][gc          ] GC(8) Concurrent Mark Cycle
[2025-10-15T14:19:23.451-0700][1134][info ][gc,marking  ] GC(8) Concurrent Scan Root Regions
[2025-10-15T14:19:23.452-0700][1251][info ][gc,cpu      ] GC(7) User=0.83s Sys=1.44s Real=0.05s
[2025-10-15T14:19:23.452-0700][1251][info ][safepoint   ] Safepoint "CollectForMetadataAllocation", Time since last: 129455020 ns, Reaching safepoint: 82494 ns, Cleanup: 85539 ns, At safepoint: 45841417 ns, Total: 46009450 ns
[2025-10-15T14:19:23.461-0700][1134][info ][gc,marking  ] GC(8) Concurrent Scan Root Regions 9.483ms
[2025-10-15T14:19:23.461-0700][1134][info ][gc,marking  ] GC(8) Concurrent Mark
[2025-10-15T14:19:23.461-0700][1134][info ][gc,marking  ] GC(8) Concurrent Mark From Roots
[2025-10-15T14:19:23.461-0700][1134][info ][gc,task     ] GC(8) Using 36 workers of 36 for marking
[2025-10-15T14:19:23.461-0700][1251][info ][safepoint   ] Safepoint "CollectForMetadataAllocation", Time since last: 9446126 ns, Reaching safepoint: 102074 ns, Cleanup: 27952 ns, At safepoint: 71268 ns, Total: 201294 ns
[2025-10-15T14:19:23.465-0700][1134][info ][gc,marking  ] GC(8) Concurrent Mark From Roots 3.863ms
[2025-10-15T14:19:23.465-0700][1134][info ][gc,marking  ] GC(8) Concurrent Preclean
[2025-10-15T14:19:23.465-0700][1134][info ][gc,marking  ] GC(8) Concurrent Preclean 0.008ms
[2025-10-15T14:19:23.465-0700][1251][info ][gc,start    ] GC(8) Pause Remark
[2025-10-15T14:19:23.476-0700][1251][info ][gc          ] GC(8) Pause Remark 260M->260M(184320M) 11.176ms
[2025-10-15T14:19:23.476-0700][1251][info ][gc,cpu      ] GC(8) User=0.43s Sys=0.07s Real=0.01s
[2025-10-15T14:19:23.476-0700][1251][info ][safepoint   ] Safepoint "G1PauseRemark", Time since last: 3556373 ns, Reaching safepoint: 125179 ns, Cleanup: 901 ns, At safepoint: 11468877 ns, Total: 11594957 ns
[2025-10-15T14:19:23.476-0700][1134][info ][gc,marking  ] GC(8) Concurrent Mark 15.514ms
[2025-10-15T14:19:23.476-0700][1134][info ][gc,marking  ] GC(8) Concurrent Rebuild Remembered Sets and Scrub Regions
[2025-10-15T14:19:23.477-0700][1134][info ][gc,marking  ] GC(8) Concurrent Rebuild Remembered Sets and Scrub Regions 0.206ms
[2025-10-15T14:19:23.477-0700][1251][info ][gc,start    ] GC(8) Pause Cleanup
[2025-10-15T14:19:23.477-0700][1251][info ][gc          ] GC(8) Pause Cleanup 261M->261M(184320M) 0.012ms
[2025-10-15T14:19:23.477-0700][1251][info ][gc,cpu      ] GC(8) User=0.00s Sys=0.00s Real=0.00s
[2025-10-15T14:19:23.477-0700][1251][info ][safepoint   ] Safepoint "G1PauseCleanup", Time since last: 262807 ns, Reaching safepoint: 43405 ns, Cleanup: 20431 ns, At safepoint: 54622 ns, Total: 118458 ns
[2025-10-15T14:19:23.477-0700][1134][info ][gc,marking  ] GC(8) Concurrent Clear Claimed Marks
[2025-10-15T14:19:23.477-0700][1134][info ][gc,marking  ] GC(8) Concurrent Clear Claimed Marks 0.146ms
[2025-10-15T14:19:23.477-0700][1134][info ][gc,marking  ] GC(8) Concurrent Cleanup for Next Mark
[2025-10-15T14:19:23.502-0700][1134][info ][gc,marking  ] GC(8) Concurrent Cleanup for Next Mark 24.924ms
[2025-10-15T14:19:23.502-0700][1134][info ][gc          ] GC(8) Concurrent Mark Cycle 50.532ms
[2025-10-15T14:19:23.685-0700][1251][info ][safepoint   ] Safepoint "ICBufferFull", Time since last: 208123775 ns, Reaching safepoint: 85600 ns, Cleanup: 230037 ns, At safepoint: 15353 ns, Total: 330990 ns
[2025-10-15T14:19:23.792-0700][1251][info ][safepoint   ] Safepoint "ICBufferFull", Time since last: 106237093 ns, Reaching safepoint: 74913 ns, Cleanup: 192180 ns, At safepoint: 13790 ns, Total: 280883 ns
[2025-10-15T14:19:23.921-0700][1251][info ][safepoint   ] Safepoint "ICBufferFull", Time since last: 128446339 ns, Reaching safepoint: 85499 ns, Cleanup: 216727 ns, At safepoint: 23335 ns, Total: 325561 ns
[2025-10-15T14:19:23.961-0700][1251][info ][safepoint   ] Safepoint "ICBufferFull", Time since last: 40086918 ns, Reaching safepoint: 80972 ns, Cleanup: 152199 ns, At safepoint: 17747 ns, Total: 250918 ns
[2025-10-15T14:19:24.006-0700][1251][info ][safepoint   ] Safepoint "ICBufferFull", Time since last: 45020949 ns, Reaching safepoint: 77557 ns, Cleanup: 133011 ns, At safepoint: 21853 ns, Total: 232421 ns
[2025-10-15T14:19:24.445-0700][1251][info ][safepoint   ] Safepoint "ICBufferFull", Time since last: 438907194 ns, Reaching safepoint: 83857 ns, Cleanup: 180742 ns, At safepoint: 13321 ns, Total: 277920 ns
[2025-10-15T14:19:24.984-0700][1251][info ][safepoint   ] Safepoint "ICBufferFull", Time since last: 538665236 ns, Reaching safepoint: 75203 ns, Cleanup: 171830 ns, At safepoint: 8112 ns, Total: 255145 ns
[2025-10-15T14:19:25.217-0700][1251][info ][safepoint   ] Safepoint "ICBufferFull", Time since last: 232062128 ns, Reaching safepoint: 86330 ns, Cleanup: 175825 ns, At safepoint: 8603 ns, Total: 270758 ns
[2025-10-15T14:19:25.572-0700][1251][info ][safepoint   ] Safepoint "ICBufferFull", Time since last: 354955021 ns, Reaching safepoint: 87983 ns, Cleanup: 162976 ns, At safepoint: 7071 ns, Total: 258030 ns
[2025-10-15T14:19:25.747-0700][1251][info ][safepoint   ] Safepoint "ICBufferFull", Time since last: 174931075 ns, Reaching safepoint: 157838 ns, Cleanup: 180141 ns, At safepoint: 10156 ns, Total: 348135 ns
[2025-10-15T14:19:25.893-0700][1251][info ][safepoint   ] Safepoint "ICBufferFull", Time since last: 145462020 ns, Reaching safepoint: 90507 ns, Cleanup: 136065 ns, At safepoint: 18939 ns, Total: 245511 ns
[2025-10-15T14:19:26.254-0700][1251][info ][safepoint   ] Safepoint "ICBufferFull", Time since last: 360957253 ns, Reaching safepoint: 80101 ns, Cleanup: 167032 ns, At safepoint: 8723 ns, Total: 255856 ns
[2025-10-15T14:19:26.460-0700][1251][info ][safepoint   ] Safepoint "ICBufferFull", Time since last: 205459697 ns, Reaching safepoint: 84127 ns, Cleanup: 170207 ns, At safepoint: 12088 ns, Total: 266422 ns
[2025-10-15T14:19:26.658-0700][1251][info ][safepoint   ] Safepoint "ICBufferFull", Time since last: 198039527 ns, Reaching safepoint: 85378 ns, Cleanup: 164659 ns, At safepoint: 13610 ns, Total: 263647 ns
[2025-10-15T14:19:26.915-0700][1251][info ][safepoint   ] Safepoint "ICBufferFull", Time since last: 256663932 ns, Reaching safepoint: 86500 ns, Cleanup: 174444 ns, At safepoint: 12589 ns, Total: 273533 ns
[2025-10-15T14:19:27.149-0700][1251][debug][gc,jni      ] Setting _needs_gc. Thread "VM Thread" 1 locked.
[2025-10-15T14:19:27.149-0700][1251][info ][safepoint   ] Safepoint "G1CollectForAllocation", Time since last: 233866108 ns, Reaching safepoint: 86861 ns, Cleanup: 81113 ns, At safepoint: 42163 ns, Total: 210137 ns
[2025-10-15T14:19:27.149-0700][1131][debug][gc,jni      ] Performing GC after exiting critical section. Thread "main" 0 locked.
[2025-10-15T14:19:27.149-0700][2457][debug][gc,jni      ] Allocation failed. Thread stalled by JNI critical section. Thread "JVMCI CompilerThread7" 0 locked.
[2025-10-15T14:19:27.149-0700][1251][info ][gc,start    ] GC(9) Pause Young (Normal) (GCLocker Initiated GC)
[2025-10-15T14:19:27.149-0700][1251][info ][gc,task     ] GC(9) Using 113 workers of 113 for evacuation
[2025-10-15T14:19:27.151-0700][1251][debug][gc,remset   ] GC(9) Visited cards 0 Total dirty 0 (0.00%) Total old 37748736 (0.00%)
[2025-10-15T14:19:27.228-0700][1251][info ][gc,phases   ] GC(9)   Pre Evacuate Collection Set: 0.5ms
[2025-10-15T14:19:27.228-0700][1251][info ][gc,phases   ] GC(9)   Merge Heap Roots: 0.7ms
[2025-10-15T14:19:27.228-0700][1251][info ][gc,phases   ] GC(9)   Evacuate Collection Set: 71.6ms
[2025-10-15T14:19:27.228-0700][1251][info ][gc,phases   ] GC(9)   Post Evacuate Collection Set: 5.8ms
[2025-10-15T14:19:27.228-0700][1251][info ][gc,phases   ] GC(9)   Other: 0.1ms
[2025-10-15T14:19:27.228-0700][1251][debug][gc,remset   ] GC(9) Coarsening (recent): Inline->AoC 0 (0) AoC->Howl 0 (0) Howl->Full 0 (0) Inline->AoC 0 (0) AoC->BitMap 0 (0) BitMap->Full 0 (0)
[2025-10-15T14:19:27.228-0700][1251][debug][gc,remset   ] GC(9) Coarsening (all): Inline->AoC 0 (0) AoC->Howl 0 (0) Howl->Full 0 (0) Inline->AoC 0 (0) AoC->BitMap 0 (0) BitMap->Full 0 (0)
[2025-10-15T14:19:27.228-0700][1251][info ][gc,heap     ] GC(9) Eden regions: 284->0(278)
[2025-10-15T14:19:27.228-0700][1251][info ][gc,heap     ] GC(9) Survivor regions: 4->10(36)
[2025-10-15T14:19:27.228-0700][1251][info ][gc,heap     ] GC(9) Old regions: 0->0
[2025-10-15T14:19:27.228-0700][1251][info ][gc,heap     ] GC(9) Humongous regions: 0->0
[2025-10-15T14:19:27.228-0700][1251][info ][gc,metaspace] GC(9) Metaspace: 145968K(147712K)->145968K(147712K) NonClass: 128215K(129216K)->128215K(129216K) Class: 17753K(18496K)->17753K(18496K)
[2025-10-15T14:19:27.228-0700][1251][info ][gc          ] GC(9) Pause Young (Normal) (GCLocker Initiated GC) 9205M->318M(184320M) 78.853ms
[2025-10-15T14:19:27.228-0700][1251][info ][gc,cpu      ] GC(9) User=2.06s Sys=1.31s Real=0.08s
[2025-10-15T14:19:27.228-0700][1251][info ][safepoint   ] Safepoint "G1CollectForAllocation", Time since last: 35975 ns, Reaching safepoint: 81282 ns, Cleanup: 591 ns, At safepoint: 79313798 ns, Total: 79395671 ns
[2025-10-15T14:19:28.229-0700][1251][info ][safepoint   ] Safepoint "Cleanup", Time since last: 1000084393 ns, Reaching safepoint: 83917 ns, Cleanup: 54793 ns, At safepoint: 9394 ns, Total: 148104 ns
[2025-10-15T14:19:30.102-0700][1251][info ][safepoint   ] Safepoint "Cleanup", Time since last: 1873432647 ns, Reaching safepoint: 97577 ns, Cleanup: 93401 ns, At safepoint: 9134 ns, Total: 200112 ns
[2025-10-15T14:19:31.103-0700][1251][info ][safepoint   ] Safepoint "Cleanup", Time since last: 1000079215 ns, Reaching safepoint: 81653 ns, Cleanup: 43315 ns, At safepoint: 7492 ns, Total: 132460 ns
[2025-10-15T14:19:31.715-0700][1251][info ][safepoint   ] Safepoint "ICBufferFull", Time since last: 612425659 ns, Reaching safepoint: 103176 ns, Cleanup: 187603 ns, At safepoint: 13039 ns, Total: 303818 ns
[2025-10-15T14:19:32.095-0700][1251][info ][safepoint   ] Safepoint "ICBufferFull", Time since last: 379299126 ns, Reaching safepoint: 101003 ns, Cleanup: 163917 ns, At safepoint: 8813 ns, Total: 273733 ns
[2025-10-15T14:19:32.428-0700][1251][info ][safepoint   ] Safepoint "ICBufferFull", Time since last: 333088753 ns, Reaching safepoint: 95214 ns, Cleanup: 171108 ns, At safepoint: 21182 ns, Total: 287504 ns
[2025-10-15T14:19:32.727-0700][1251][info ][safepoint   ] Safepoint "ICBufferFull", Time since last: 297963958 ns, Reaching safepoint: 117147 ns, Cleanup: 181113 ns, At safepoint: 8974 ns, Total: 307234 ns
[2025-10-15T14:19:32.897-0700][1251][info ][safepoint   ] Safepoint "ICBufferFull", Time since last: 170107170 ns, Reaching safepoint: 106901 ns, Cleanup: 168524 ns, At safepoint: 12118 ns, Total: 287543 ns
[2025-10-15T14:19:33.042-0700][1251][info ][gc,start    ] GC(10) Pause Young (Concurrent Start) (Metadata GC Threshold)
[2025-10-15T14:19:33.042-0700][1251][info ][gc,task     ] GC(10) Using 113 workers of 113 for evacuation
[2025-10-15T14:19:33.044-0700][1251][debug][gc,remset   ] GC(10) Visited cards 0 Total dirty 0 (0.00%) Total old 17170432 (0.00%)
[2025-10-15T14:19:33.130-0700][1251][info ][gc,phases   ] GC(10)   Pre Evacuate Collection Set: 0.8ms
[2025-10-15T14:19:33.130-0700][1251][info ][gc,phases   ] GC(10)   Merge Heap Roots: 0.8ms
[2025-10-15T14:19:33.130-0700][1251][info ][gc,phases   ] GC(10)   Evacuate Collection Set: 78.5ms
[2025-10-15T14:19:33.130-0700][1251][info ][gc,phases   ] GC(10)   Post Evacuate Collection Set: 7.9ms
[2025-10-15T14:19:33.130-0700][1251][info ][gc,phases   ] GC(10)   Other: 0.1ms
[2025-10-15T14:19:33.130-0700][1251][debug][gc,remset   ] GC(10) Coarsening (recent): Inline->AoC 0 (0) AoC->Howl 0 (0) Howl->Full 0 (0) Inline->AoC 0 (0) AoC->BitMap 0 (0) BitMap->Full 0 (0)
[2025-10-15T14:19:33.130-0700][1251][debug][gc,remset   ] GC(10) Coarsening (all): Inline->AoC 0 (0) AoC->Howl 0 (0) Howl->Full 0 (0) Inline->AoC 0 (0) AoC->BitMap 0 (0) BitMap->Full 0 (0)
[2025-10-15T14:19:33.130-0700][1251][info ][gc,heap     ] GC(10) Eden regions: 121->0(276)
[2025-10-15T14:19:33.130-0700][1251][info ][gc,heap     ] GC(10) Survivor regions: 10->12(36)
[2025-10-15T14:19:33.130-0700][1251][info ][gc,heap     ] GC(10) Old regions: 0->0
[2025-10-15T14:19:33.130-0700][1251][info ][gc,heap     ] GC(10) Humongous regions: 0->0
[2025-10-15T14:19:33.130-0700][1251][info ][gc,metaspace] GC(10) Metaspace: 171146K(173056K)->171146K(173056K) NonClass: 150353K(151424K)->150353K(151424K) Class: 20793K(21632K)->20793K(21632K)
[2025-10-15T14:19:33.130-0700][1251][info ][gc          ] GC(10) Pause Young (Concurrent Start) (Metadata GC Threshold) 4173M->360M(184320M) 88.200ms
[2025-10-15T14:19:33.130-0700][1134][info ][gc          ] GC(11) Concurrent Mark Cycle
[2025-10-15T14:19:33.130-0700][1134][info ][gc,marking  ] GC(11) Concurrent Scan Root Regions
[2025-10-15T14:19:33.131-0700][1251][info ][gc,cpu      ] GC(10) User=1.62s Sys=2.12s Real=0.09s
[2025-10-15T14:19:33.131-0700][1251][info ][safepoint   ] Safepoint "CollectForMetadataAllocation", Time since last: 144768385 ns, Reaching safepoint: 106991 ns, Cleanup: 68514 ns, At safepoint: 88829018 ns, Total: 89004523 ns
[2025-10-15T14:19:33.139-0700][1134][info ][gc,marking  ] GC(11) Concurrent Scan Root Regions 8.472ms
[2025-10-15T14:19:33.139-0700][1134][info ][gc,marking  ] GC(11) Concurrent Mark
[2025-10-15T14:19:33.139-0700][1134][info ][gc,marking  ] GC(11) Concurrent Mark From Roots
[2025-10-15T14:19:33.139-0700][1134][info ][gc,task     ] GC(11) Using 36 workers of 36 for marking
[2025-10-15T14:19:33.143-0700][1134][info ][gc,marking  ] GC(11) Concurrent Mark From Roots 3.668ms
[2025-10-15T14:19:33.143-0700][1134][info ][gc,marking  ] GC(11) Concurrent Preclean
[2025-10-15T14:19:33.143-0700][1134][info ][gc,marking  ] GC(11) Concurrent Preclean 0.009ms
[2025-10-15T14:19:33.144-0700][1251][info ][gc,start    ] GC(11) Pause Remark
[2025-10-15T14:19:33.168-0700][1251][info ][gc          ] GC(11) Pause Remark 433M->433M(184320M) 23.974ms
[2025-10-15T14:19:33.168-0700][1251][info ][gc,cpu      ] GC(11) User=0.61s Sys=0.00s Real=0.02s
[2025-10-15T14:19:33.168-0700][1251][info ][safepoint   ] Safepoint "G1PauseRemark", Time since last: 11963033 ns, Reaching safepoint: 836611 ns, Cleanup: 11768 ns, At safepoint: 24380941 ns, Total: 25229320 ns
[2025-10-15T14:19:33.168-0700][1134][info ][gc,marking  ] GC(11) Concurrent Mark 28.996ms
[2025-10-15T14:19:33.168-0700][1134][info ][gc,marking  ] GC(11) Concurrent Rebuild Remembered Sets and Scrub Regions
[2025-10-15T14:19:33.168-0700][1134][info ][gc,marking  ] GC(11) Concurrent Rebuild Remembered Sets and Scrub Regions 0.281ms
[2025-10-15T14:19:33.170-0700][1251][info ][gc,start    ] GC(11) Pause Cleanup
[2025-10-15T14:19:33.170-0700][1251][info ][gc          ] GC(11) Pause Cleanup 442M->442M(184320M) 0.022ms
[2025-10-15T14:19:33.170-0700][1251][info ][gc,cpu      ] GC(11) User=0.00s Sys=0.00s Real=0.00s
[2025-10-15T14:19:33.170-0700][1251][info ][safepoint   ] Safepoint "G1PauseCleanup", Time since last: 1786664 ns, Reaching safepoint: 69826 ns, Cleanup: 58778 ns, At safepoint: 229937 ns, Total: 358541 ns
[2025-10-15T14:19:33.170-0700][1134][info ][gc,marking  ] GC(11) Concurrent Clear Claimed Marks
[2025-10-15T14:19:33.170-0700][1134][info ][gc,marking  ] GC(11) Concurrent Clear Claimed Marks 0.226ms
[2025-10-15T14:19:33.170-0700][1134][info ][gc,marking  ] GC(11) Concurrent Cleanup for Next Mark
[2025-10-15T14:19:33.195-0700][1134][info ][gc,marking  ] GC(11) Concurrent Cleanup for Next Mark 24.488ms
[2025-10-15T14:19:33.195-0700][1134][info ][gc          ] GC(11) Concurrent Mark Cycle 64.407ms
[2025-10-15T14:19:33.553-0700][1251][info ][safepoint   ] Safepoint "ICBufferFull", Time since last: 382384529 ns, Reaching safepoint: 118870 ns, Cleanup: 243246 ns, At safepoint: 16405 ns, Total: 378521 ns
[2025-10-15T14:19:33.950-0700][1251][info ][safepoint   ] Safepoint "ICBufferFull", Time since last: 397275598 ns, Reaching safepoint: 92239 ns, Cleanup: 198699 ns, At safepoint: 14983 ns, Total: 305921 ns
[2025-10-15T14:19:34.290-0700][1251][info ][safepoint   ] Safepoint "ICBufferFull", Time since last: 339565501 ns, Reaching safepoint: 119971 ns, Cleanup: 238730 ns, At safepoint: 15974 ns, Total: 374675 ns
[2025-10-15T14:19:34.836-0700][1251][info ][safepoint   ] Safepoint "ICBufferFull", Time since last: 545658954 ns, Reaching safepoint: 131048 ns, Cleanup: 321265 ns, At safepoint: 24767 ns, Total: 477080 ns
[2025-10-15T14:19:35.107-0700][1251][info ][safepoint   ] Safepoint "ICBufferFull", Time since last: 269891781 ns, Reaching safepoint: 103296 ns, Cleanup: 221695 ns, At safepoint: 17566 ns, Total: 342557 ns
[2025-10-15T14:19:35.370-0700][1251][info ][safepoint   ] Safepoint "ICBufferFull", Time since last: 263146969 ns, Reaching safepoint: 107302 ns, Cleanup: 176186 ns, At safepoint: 13350 ns, Total: 296838 ns
[2025-10-15T14:19:35.632-0700][1251][info ][safepoint   ] Safepoint "ICBufferFull", Time since last: 261866188 ns, Reaching safepoint: 126541 ns, Cleanup: 202114 ns, At safepoint: 20301 ns, Total: 348956 ns
[2025-10-15T14:19:36.117-0700][1251][info ][safepoint   ] Safepoint "ICBufferFull", Time since last: 484273515 ns, Reaching safepoint: 138619 ns, Cleanup: 208755 ns, At safepoint: 16555 ns, Total: 363929 ns
[2025-10-15T14:19:36.267-0700][1251][info ][safepoint   ] Safepoint "ICBufferFull", Time since last: 149306068 ns, Reaching safepoint: 125289 ns, Cleanup: 141333 ns, At safepoint: 17787 ns, Total: 284409 ns
[2025-10-15T14:19:36.597-0700][1251][info ][safepoint   ] Safepoint "ICBufferFull", Time since last: 330287088 ns, Reaching safepoint: 140141 ns, Cleanup: 204498 ns, At safepoint: 19129 ns, Total: 363768 ns
[2025-10-15T14:19:36.597-0700][1251][info ][safepoint   ] Safepoint "ICBufferFull", Time since last: 67191 ns, Reaching safepoint: 49375 ns, Cleanup: 6360 ns, At safepoint: 15122 ns, Total: 70857 ns
[2025-10-15T14:19:37.140-0700][1251][info ][safepoint   ] Safepoint "ICBufferFull", Time since last: 542721645 ns, Reaching safepoint: 149675 ns, Cleanup: 237879 ns, At safepoint: 17847 ns, Total: 405401 ns
[2025-10-15T14:19:37.400-0700][1251][info ][safepoint   ] Safepoint "ICBufferFull", Time since last: 258787434 ns, Reaching safepoint: 157067 ns, Cleanup: 197508 ns, At safepoint: 29204 ns, Total: 383779 ns
[2025-10-15T14:19:37.609-0700][1251][info ][safepoint   ] Safepoint "ICBufferFull", Time since last: 208523678 ns, Reaching safepoint: 336628 ns, Cleanup: 166071 ns, At safepoint: 18417 ns, Total: 521116 ns
[2025-10-15T14:19:37.646-0700][1251][debug][gc,jni      ] Setting _needs_gc. Thread "VM Thread" 1 locked.
[2025-10-15T14:19:37.646-0700][1251][info ][safepoint   ] Safepoint "G1CollectForAllocation", Time since last: 37333946 ns, Reaching safepoint: 82815 ns, Cleanup: 60571 ns, At safepoint: 40982 ns, Total: 184368 ns
[2025-10-15T14:19:37.646-0700][2943][debug][gc,jni      ] Performing GC after exiting critical section. Thread "ScribePeriodicTasks" 0 locked.
[2025-10-15T14:19:37.646-0700][3317][debug][gc,jni      ] Allocation failed. Thread stalled by JNI critical section. Thread "JVMCI CompilerThread3" 0 locked.
[2025-10-15T14:19:37.647-0700][1251][info ][gc,start    ] GC(12) Pause Young (Normal) (GCLocker Initiated GC)
[2025-10-15T14:19:37.647-0700][1251][info ][gc,task     ] GC(12) Using 113 workers of 113 for evacuation
[2025-10-15T14:19:37.648-0700][1251][debug][gc,remset   ] GC(12) Visited cards 0 Total dirty 0 (0.00%) Total old 37748736 (0.00%)
[2025-10-15T14:19:37.752-0700][1251][info ][gc,phases   ] GC(12)   Pre Evacuate Collection Set: 0.6ms
[2025-10-15T14:19:37.752-0700][1251][info ][gc,phases   ] GC(12)   Merge Heap Roots: 0.7ms
[2025-10-15T14:19:37.752-0700][1251][info ][gc,phases   ] GC(12)   Evacuate Collection Set: 94.2ms
[2025-10-15T14:19:37.752-0700][1251][info ][gc,phases   ] GC(12)   Post Evacuate Collection Set: 9.5ms
[2025-10-15T14:19:37.752-0700][1251][info ][gc,phases   ] GC(12)   Other: 0.1ms
[2025-10-15T14:19:37.752-0700][1251][debug][gc,remset   ] GC(12) Coarsening (recent): Inline->AoC 0 (0) AoC->Howl 0 (0) Howl->Full 0 (0) Inline->AoC 0 (0) AoC->BitMap 0 (0) BitMap->Full 0 (0)
[2025-10-15T14:19:37.752-0700][1251][debug][gc,remset   ] GC(12) Coarsening (all): Inline->AoC 0 (0) AoC->Howl 0 (0) Howl->Full 0 (0) Inline->AoC 0 (0) AoC->BitMap 0 (0) BitMap->Full 0 (0)
[2025-10-15T14:19:37.752-0700][1251][info ][gc,heap     ] GC(12) Eden regions: 276->0(269)
[2025-10-15T14:19:37.752-0700][1251][info ][gc,heap     ] GC(12) Survivor regions: 12->19(36)
[2025-10-15T14:19:37.752-0700][1251][info ][gc,heap     ] GC(12) Old regions: 0->0
[2025-10-15T14:19:37.752-0700][1251][info ][gc,heap     ] GC(12) Humongous regions: 0->0
[2025-10-15T14:19:37.752-0700][1251][info ][gc,metaspace] GC(12) Metaspace: 194578K(196800K)->194578K(196800K) NonClass: 171201K(172480K)->171201K(172480K) Class: 23377K(24320K)->23377K(24320K)
[2025-10-15T14:19:37.752-0700][1251][info ][gc          ] GC(12) Pause Young (Normal) (GCLocker Initiated GC) 9192M->583M(184320M) 105.271ms
[2025-10-15T14:19:37.752-0700][1251][info ][gc,cpu      ] GC(12) User=2.49s Sys=2.44s Real=0.11s
[2025-10-15T14:19:37.752-0700][1251][info ][safepoint   ] Safepoint "G1CollectForAllocation", Time since last: 50787 ns, Reaching safepoint: 31768 ns, Cleanup: 731 ns, At safepoint: 105934296 ns, Total: 105966795 ns
[2025-10-15T14:19:38.278-0700][1251][info ][safepoint   ] Safepoint "ICBufferFull", Time since last: 525825653 ns, Reaching safepoint: 150717 ns, Cleanup: 166281 ns, At safepoint: 24537 ns, Total: 341535 ns
[2025-10-15T14:19:39.279-0700][1251][info ][safepoint   ] Safepoint "Cleanup", Time since last: 1000103211 ns, Reaching safepoint: 169085 ns, Cleanup: 80031 ns, At safepoint: 23155 ns, Total: 272271 ns
[2025-10-15T14:19:40.289-0700][1251][info ][safepoint   ] Safepoint "Cleanup", Time since last: 1010347632 ns, Reaching safepoint: 178409 ns, Cleanup: 109986 ns, At safepoint: 19779 ns, Total: 308174 ns
[2025-10-15T14:19:41.290-0700][1251][info ][safepoint   ] Safepoint "Cleanup", Time since last: 1000126427 ns, Reaching safepoint: 169696 ns, Cleanup: 61523 ns, At safepoint: 17005 ns, Total: 248224 ns
[2025-10-15T14:19:42.290-0700][1251][info ][safepoint   ] Safepoint "Cleanup", Time since last: 1000108289 ns, Reaching safepoint: 172230 ns, Cleanup: 109405 ns, At safepoint: 21703 ns, Total: 303338 ns
[2025-10-15T14:19:43.502-0700][1251][info ][safepoint   ] Safepoint "Cleanup", Time since last: 1211301914 ns, Reaching safepoint: 159160 ns, Cleanup: 169446 ns, At safepoint: 19469 ns, Total: 348075 ns
[2025-10-15T14:19:44.502-0700][1251][info ][safepoint   ] Safepoint "Cleanup", Time since last: 1000118615 ns, Reaching safepoint: 161333 ns, Cleanup: 41853 ns, At safepoint: 18338 ns, Total: 221524 ns
[2025-10-15T14:19:45.503-0700][1251][info ][safepoint   ] Safepoint "Cleanup", Time since last: 1000127057 ns, Reaching safepoint: 142906 ns, Cleanup: 34722 ns, At safepoint: 11778 ns, Total: 189406 ns
[2025-10-15T14:19:46.503-0700][1251][info ][safepoint   ] Safepoint "Cleanup", Time since last: 1000097192 ns, Reaching safepoint: 143557 ns, Cleanup: 40411 ns, At safepoint: 11767 ns, Total: 195735 ns
[2025-10-15T14:19:47.503-0700][1251][info ][safepoint   ] Safepoint "Cleanup", Time since last: 1000098605 ns, Reaching safepoint: 171378 ns, Cleanup: 115785 ns, At safepoint: 33441 ns, Total: 320604 ns
[2025-10-15T14:19:48.504-0700][1251][info ][safepoint   ] Safepoint "Cleanup", Time since last: 1000126216 ns, Reaching safepoint: 173291 ns, Cleanup: 165440 ns, At safepoint: 24707 ns, Total: 363438 ns
[2025-10-15T14:19:50.117-0700][1251][info ][safepoint   ] Safepoint "ICBufferFull", Time since last: 1612759088 ns, Reaching safepoint: 194263 ns, Cleanup: 192590 ns, At safepoint: 24788 ns, Total: 411641 ns
[2025-10-15T14:19:50.348-0700][1251][info ][safepoint   ] Safepoint "ICBufferFull", Time since last: 230437968 ns, Reaching safepoint: 156456 ns, Cleanup: 115655 ns, At safepoint: 15193 ns, Total: 287304 ns
[2025-10-15T14:19:51.348-0700][1251][info ][safepoint   ] Safepoint "Cleanup", Time since last: 1000123852 ns, Reaching safepoint: 177148 ns, Cleanup: 138198 ns, At safepoint: 25368 ns, Total: 340714 ns
[2025-10-15T14:19:52.349-0700][1251][info ][safepoint   ] Safepoint "Cleanup", Time since last: 1000118214 ns, Reaching safepoint: 188685 ns, Cleanup: 139390 ns, At safepoint: 23375 ns, Total: 351450 ns
[2025-10-15T14:19:53.349-0700][1251][info ][safepoint   ] Safepoint "Cleanup", Time since last: 1000108450 ns, Reaching safepoint: 170847 ns, Cleanup: 44688 ns, At safepoint: 14922 ns, Total: 230457 ns
[2025-10-15T14:19:54.939-0700][1251][info ][safepoint   ] Safepoint "Cleanup", Time since last: 1590291724 ns, Reaching safepoint: 110346 ns, Cleanup: 170768 ns, At safepoint: 19990 ns, Total: 301104 ns
[2025-10-15T14:19:55.621-0700][1251][info ][gc,start    ] GC(13) Pause Young (Normal) (G1 Evacuation Pause)
[2025-10-15T14:19:55.621-0700][1251][info ][gc,task     ] GC(13) Using 113 workers of 113 for evacuation
[2025-10-15T14:19:55.622-0700][1251][debug][gc,remset   ] GC(13) Visited cards 0 Total dirty 0 (0.00%) Total old 37748736 (0.00%)
[2025-10-15T14:19:55.759-0700][1251][info ][gc,phases   ] GC(13)   Pre Evacuate Collection Set: 0.6ms
[2025-10-15T14:19:55.759-0700][1251][info ][gc,phases   ] GC(13)   Merge Heap Roots: 0.7ms
[2025-10-15T14:19:55.759-0700][1251][info ][gc,phases   ] GC(13)   Evacuate Collection Set: 126.7ms
[2025-10-15T14:19:55.759-0700][1251][info ][gc,phases   ] GC(13)   Post Evacuate Collection Set: 9.9ms
[2025-10-15T14:19:55.759-0700][1251][info ][gc,phases   ] GC(13)   Other: 0.3ms
[2025-10-15T14:19:55.759-0700][1251][debug][gc,remset   ] GC(13) Coarsening (recent): Inline->AoC 0 (0) AoC->Howl 0 (0) Howl->Full 0 (0) Inline->AoC 0 (0) AoC->BitMap 0 (0) BitMap->Full 0 (0)
[2025-10-15T14:19:55.759-0700][1251][debug][gc,remset   ] GC(13) Coarsening (all): Inline->AoC 0 (0) AoC->Howl 0 (0) Howl->Full 0 (0) Inline->AoC 0 (0) AoC->BitMap 0 (0) BitMap->Full 0 (0)
[2025-10-15T14:19:55.759-0700][1251][info ][gc,heap     ] GC(13) Eden regions: 269->0(267)
[2025-10-15T14:19:55.759-0700][1251][info ][gc,heap     ] GC(13) Survivor regions: 19->21(36)
[2025-10-15T14:19:55.759-0700][1251][info ][gc,heap     ] GC(13) Old regions: 0->0
[2025-10-15T14:19:55.759-0700][1251][info ][gc,heap     ] GC(13) Humongous regions: 0->0
[2025-10-15T14:19:55.759-0700][1251][info ][gc,metaspace] GC(13) Metaspace: 206119K(208576K)->206119K(208576K) NonClass: 181558K(182912K)->181558K(182912K) Class: 24561K(25664K)->24561K(25664K)
[2025-10-15T14:19:55.759-0700][1251][info ][gc          ] GC(13) Pause Young (Normal) (G1 Evacuation Pause) 9191M->658M(184320M) 138.348ms
[2025-10-15T14:19:55.759-0700][1251][info ][gc,cpu      ] GC(13) User=2.50s Sys=1.89s Real=0.14s
[2025-10-15T14:19:55.759-0700][1251][info ][safepoint   ] Safepoint "G1CollectForAllocation", Time since last: 680340747 ns, Reaching safepoint: 178148 ns, Cleanup: 157838 ns, At safepoint: 139261800 ns, Total: 139597786 ns
[2025-10-15T14:19:56.760-0700][1251][info ][safepoint   ] Safepoint "Cleanup", Time since last: 1000100498 ns, Reaching safepoint: 212280 ns, Cleanup: 80301 ns, At safepoint: 28703 ns, Total: 321284 ns
[2025-10-15T14:19:57.760-0700][1251][info ][safepoint   ] Safepoint "Cleanup", Time since last: 1000127238 ns, Reaching safepoint: 204268 ns, Cleanup: 125399 ns, At safepoint: 27021 ns, Total: 356688 ns
[2025-10-15T14:19:58.761-0700][1251][info ][safepoint   ] Safepoint "Cleanup", Time since last: 1000107358 ns, Reaching safepoint: 179781 ns, Cleanup: 78288 ns, At safepoint: 15864 ns, Total: 273933 ns
[2025-10-15T14:19:59.761-0700][1251][info ][safepoint   ] Safepoint "Cleanup", Time since last: 1000089050 ns, Reaching safepoint: 203737 ns, Cleanup: 34042 ns, At safepoint: 23465 ns, Total: 261244 ns
[2025-10-15T14:20:00.762-0700][1251][info ][safepoint   ] Safepoint "Cleanup", Time since last: 1000128471 ns, Reaching safepoint: 217818 ns, Cleanup: 73110 ns, At safepoint: 27612 ns, Total: 318540 ns
[2025-10-15T14:20:01.762-0700][1251][info ][safepoint   ] Safepoint "Cleanup", Time since last: 1000102391 ns, Reaching safepoint: 209807 ns, Cleanup: 64577 ns, At safepoint: 25659 ns, Total: 300043 ns
[2025-10-15T14:20:02.762-0700][1251][info ][safepoint   ] Safepoint "Cleanup", Time since last: 1000124214 ns, Reaching safepoint: 224359 ns, Cleanup: 132009 ns, At safepoint: 30596 ns, Total: 386964 ns
[2025-10-15T14:20:04.022-0700][1251][info ][safepoint   ] Safepoint "Cleanup", Time since last: 1259235618 ns, Reaching safepoint: 227393 ns, Cleanup: 44898 ns, At safepoint: 26120 ns, Total: 298411 ns
[2025-10-15T14:20:05.022-0700][1251][info ][safepoint   ] Safepoint "Cleanup", Time since last: 1000109682 ns, Reaching safepoint: 240112 ns, Cleanup: 101563 ns, At safepoint: 29775 ns, Total: 371450 ns
[2025-10-15T14:20:06.023-0700][1251][info ][safepoint   ] Safepoint "Cleanup", Time since last: 1000107570 ns, Reaching safepoint: 216747 ns, Cleanup: 75213 ns, At safepoint: 30236 ns, Total: 322196 ns
[2025-10-15T14:20:07.023-0700][1251][info ][safepoint   ] Safepoint "Cleanup", Time since last: 1000104685 ns, Reaching safepoint: 200682 ns, Cleanup: 27522 ns, At safepoint: 18247 ns, Total: 246451 ns
[2025-10-15T14:20:08.024-0700][1251][info ][safepoint   ] Safepoint "Cleanup", Time since last: 1000126448 ns, Reaching safepoint: 227643 ns, Cleanup: 145490 ns, At safepoint: 31017 ns, Total: 404150 ns
[2025-10-15T14:20:09.024-0700][1251][info ][safepoint   ] Safepoint "Cleanup", Time since last: 1000109021 ns, Reaching safepoint: 204819 ns, Cleanup: 31007 ns, At safepoint: 16815 ns, Total: 252641 ns
[2025-10-15T14:20:10.025-0700][1251][info ][safepoint   ] Safepoint "Cleanup", Time since last: 1000136243 ns, Reaching safepoint: 231409 ns, Cleanup: 20270 ns, At safepoint: 26781 ns, Total: 278460 ns
[2025-10-15T14:20:11.025-0700][1251][info ][safepoint   ] Safepoint "Cleanup", Time since last: 1000130033 ns, Reaching safepoint: 232721 ns, Cleanup: 49034 ns, At safepoint: 30235 ns, Total: 311990 ns
[2025-10-15T14:20:12.025-0700][1251][info ][safepoint   ] Safepoint "Cleanup", Time since last: 1000119297 ns, Reaching safepoint: 240613 ns, Cleanup: 46260 ns, At safepoint: 28804 ns, Total: 315677 ns
[2025-10-15T14:20:13.026-0700][1251][info ][safepoint   ] Safepoint "Cleanup", Time since last: 1000122882 ns, Reaching safepoint: 232290 ns, Cleanup: 66701 ns, At safepoint: 31868 ns, Total: 330859 ns
[2025-10-15T14:20:14.026-0700][1251][info ][safepoint   ] Safepoint "Cleanup", Time since last: 1000112577 ns, Reaching safepoint: 240923 ns, Cleanup: 78849 ns, At safepoint: 36986 ns, Total: 356758 ns
[2025-10-15T14:20:15.027-0700][1251][info ][safepoint   ] Safepoint "Cleanup", Time since last: 1000112477 ns, Reaching safepoint: 243427 ns, Cleanup: 30987 ns, At safepoint: 30886 ns, Total: 305300 ns
[2025-10-15T14:20:16.027-0700][1251][info ][safepoint   ] Safepoint "Cleanup", Time since last: 1000124996 ns, Reaching safepoint: 242576 ns, Cleanup: 22103 ns, At safepoint: 30386 ns, Total: 295065 ns
[2025-10-15T14:20:16.345-0700][1251][info ][gc,start    ] GC(14) Pause Young (Normal) (G1 Evacuation Pause)
[2025-10-15T14:20:16.345-0700][1251][info ][gc,task     ] GC(14) Using 113 workers of 113 for evacuation
[2025-10-15T14:20:16.346-0700][1251][debug][gc,remset   ] GC(14) Visited cards 0 Total dirty 0 (0.00%) Total old 37748736 (0.00%)
[2025-10-15T14:20:16.493-0700][1251][info ][gc,phases   ] GC(14)   Pre Evacuate Collection Set: 0.6ms
[2025-10-15T14:20:16.493-0700][1251][info ][gc,phases   ] GC(14)   Merge Heap Roots: 0.7ms
[2025-10-15T14:20:16.493-0700][1251][info ][gc,phases   ] GC(14)   Evacuate Collection Set: 135.4ms
[2025-10-15T14:20:16.493-0700][1251][info ][gc,phases   ] GC(14)   Post Evacuate Collection Set: 11.0ms
[2025-10-15T14:20:16.493-0700][1251][info ][gc,phases   ] GC(14)   Other: 0.8ms
[2025-10-15T14:20:16.493-0700][1251][debug][gc,remset   ] GC(14) Coarsening (recent): Inline->AoC 0 (0) AoC->Howl 0 (0) Howl->Full 0 (0) Inline->AoC 0 (0) AoC->BitMap 0 (0) BitMap->Full 0 (0)
[2025-10-15T14:20:16.493-0700][1251][debug][gc,remset   ] GC(14) Coarsening (all): Inline->AoC 0 (0) AoC->Howl 0 (0) Howl->Full 0 (0) Inline->AoC 0 (0) AoC->BitMap 0 (0) BitMap->Full 0 (0)
[2025-10-15T14:20:16.493-0700][1251][info ][gc,heap     ] GC(14) Eden regions: 267->0(265)
[2025-10-15T14:20:16.493-0700][1251][info ][gc,heap     ] GC(14) Survivor regions: 21->23(36)
[2025-10-15T14:20:16.493-0700][1251][info ][gc,heap     ] GC(14) Old regions: 0->1
[2025-10-15T14:20:16.493-0700][1251][info ][gc,heap     ] GC(14) Humongous regions: 0->0
[2025-10-15T14:20:16.493-0700][1251][info ][gc,metaspace] GC(14) Metaspace: 208394K(210816K)->208394K(210816K) NonClass: 183830K(185152K)->183830K(185152K) Class: 24564K(25664K)->24564K(25664K)
[2025-10-15T14:20:16.493-0700][1251][info ][gc          ] GC(14) Pause Young (Normal) (G1 Evacuation Pause) 9202M->720M(184320M) 148.674ms
[2025-10-15T14:20:16.494-0700][1251][info ][gc,cpu      ] GC(14) User=2.31s Sys=2.32s Real=0.15s
[2025-10-15T14:20:16.494-0700][1251][info ][safepoint   ] Safepoint "G1CollectForAllocation", Time since last: 316757338 ns, Reaching safepoint: 221594 ns, Cleanup: 28614 ns, At safepoint: 149657260 ns, Total: 149907468 ns
[2025-10-15T14:20:17.494-0700][1251][info ][safepoint   ] Safepoint "Cleanup", Time since last: 1000093017 ns, Reaching safepoint: 253312 ns, Cleanup: 84648 ns, At safepoint: 36545 ns, Total: 374505 ns
[2025-10-15T14:20:18.495-0700][1251][info ][safepoint   ] Safepoint "Cleanup", Time since last: 1000117434 ns, Reaching safepoint: 244889 ns, Cleanup: 74322 ns, At safepoint: 37978 ns, Total: 357189 ns
[2025-10-15T14:20:19.495-0700][1251][info ][safepoint   ] Safepoint "Cleanup", Time since last: 1000122113 ns, Reaching safepoint: 254124 ns, Cleanup: 72058 ns, At safepoint: 59400 ns, Total: 385582 ns
[2025-10-15T14:20:20.496-0700][1251][info ][safepoint   ] Safepoint "Cleanup", Time since last: 1000130061 ns, Reaching safepoint: 253493 ns, Cleanup: 34261 ns, At safepoint: 32630 ns, Total: 320384 ns
[2025-10-15T14:20:21.496-0700][1251][info ][safepoint   ] Safepoint "Cleanup", Time since last: 1000127818 ns, Reaching safepoint: 257288 ns, Cleanup: 39319 ns, At safepoint: 32660 ns, Total: 329267 ns
[2025-10-15T14:20:22.497-0700][1251][info ][safepoint   ] Safepoint "Cleanup", Time since last: 1000135730 ns, Reaching safepoint: 259521 ns, Cleanup: 85018 ns, At safepoint: 36976 ns, Total: 381515 ns
[2025-10-15T14:20:23.497-0700][1251][info ][safepoint   ] Safepoint "Cleanup", Time since last: 1000123141 ns, Reaching safepoint: 259271 ns, Cleanup: 19750 ns, At safepoint: 33841 ns, Total: 312862 ns
[2025-10-15T14:20:24.887-0700][1251][info ][safepoint   ] Safepoint "Cleanup", Time since last: 1389349368 ns, Reaching safepoint: 244409 ns, Cleanup: 159350 ns, At safepoint: 31638 ns, Total: 435397 ns
[2025-10-15T14:20:25.887-0700][1251][info ][safepoint   ] Safepoint "Cleanup", Time since last: 1000144564 ns, Reaching safepoint: 251048 ns, Cleanup: 38498 ns, At safepoint: 32439 ns, Total: 321985 ns
[2025-10-15T14:20:26.888-0700][1251][info ][safepoint   ] Safepoint "Cleanup", Time since last: 1000134148 ns, Reaching safepoint: 245030 ns, Cleanup: 25809 ns, At safepoint: 33080 ns, Total: 303919 ns
[2025-10-15T14:20:27.888-0700][1251][info ][safepoint   ] Safepoint "Cleanup", Time since last: 1000134708 ns, Reaching safepoint: 243998 ns, Cleanup: 40862 ns, At safepoint: 35784 ns, Total: 320644 ns
[2025-10-15T14:20:28.889-0700][1251][info ][safepoint   ] Safepoint "Cleanup", Time since last: 1000127618 ns, Reaching safepoint: 244719 ns, Cleanup: 21883 ns, At safepoint: 31928 ns, Total: 298530 ns
[2025-10-15T14:20:29.889-0700][1251][info ][safepoint   ] Safepoint "Cleanup", Time since last: 1000126096 ns, Reaching safepoint: 249997 ns, Cleanup: 36635 ns, At safepoint: 39860 ns, Total: 326492 ns
[2025-10-15T14:20:30.890-0700][1251][info ][safepoint   ] Safepoint "Cleanup", Time since last: 1000128249 ns, Reaching safepoint: 247904 ns, Cleanup: 13330 ns, At safepoint: 34021 ns, Total: 295255 ns
[2025-10-15T14:20:31.890-0700][1251][info ][safepoint   ] Safepoint "Cleanup", Time since last: 1000134378 ns, Reaching safepoint: 261895 ns, Cleanup: 67783 ns, At safepoint: 36855 ns, Total: 366533 ns
[2025-10-15T14:20:32.890-0700][1251][info ][safepoint   ] Safepoint "Cleanup", Time since last: 1000102951 ns, Reaching safepoint: 244208 ns, Cleanup: 40762 ns, At safepoint: 23876 ns, Total: 308846 ns
[2025-10-15T14:20:33.891-0700][1251][info ][safepoint   ] Safepoint "Cleanup", Time since last: 1000124513 ns, Reaching safepoint: 267604 ns, Cleanup: 40791 ns, At safepoint: 37517 ns, Total: 345912 ns
[2025-10-15T14:20:34.891-0700][1251][info ][safepoint   ] Safepoint "Cleanup", Time since last: 1000133266 ns, Reaching safepoint: 277158 ns, Cleanup: 25319 ns, At safepoint: 35042 ns, Total: 337519 ns
[2025-10-15T14:20:35.892-0700][1251][info ][safepoint   ] Safepoint "Cleanup", Time since last: 1000136071 ns, Reaching safepoint: 269867 ns, Cleanup: 28764 ns, At safepoint: 41142 ns, Total: 339773 ns
[2025-10-15T14:20:36.892-0700][1251][info ][safepoint   ] Safepoint "Cleanup", Time since last: 1000117172 ns, Reaching safepoint: 294985 ns, Cleanup: 27982 ns, At safepoint: 36455 ns, Total: 359422 ns
[2025-10-15T14:20:37.893-0700][1251][info ][safepoint   ] Safepoint "Cleanup", Time since last: 1000125324 ns, Reaching safepoint: 270819 ns, Cleanup: 55463 ns, At safepoint: 37427 ns, Total: 363709 ns
[2025-10-15T14:20:38.893-0700][1251][info ][safepoint   ] Safepoint "Cleanup", Time since last: 1000133106 ns, Reaching safepoint: 281465 ns, Cleanup: 22474 ns, At safepoint: 33951 ns, Total: 337890 ns
[2025-10-15T14:20:39.894-0700][1251][info ][safepoint   ] Safepoint "Cleanup", Time since last: 1000134258 ns, Reaching safepoint: 272511 ns, Cleanup: 22103 ns, At safepoint: 34142 ns, Total: 328756 ns
[2025-10-15T14:20:40.894-0700][1251][info ][safepoint   ] Safepoint "Cleanup", Time since last: 1000133146 ns, Reaching safepoint: 275075 ns, Cleanup: 31087 ns, At safepoint: 35974 ns, Total: 342136 ns
[2025-10-15T14:20:41.895-0700][1251][info ][safepoint   ] Safepoint "Cleanup", Time since last: 1000132485 ns, Reaching safepoint: 274745 ns, Cleanup: 14091 ns, At safepoint: 34442 ns, Total: 323278 ns
[2025-10-15T14:20:42.895-0700][1251][info ][safepoint   ] Safepoint "Cleanup", Time since last: 1000123421 ns, Reaching safepoint: 278941 ns, Cleanup: 32018 ns, At safepoint: 37086 ns, Total: 348045 ns
[2025-10-15T14:20:43.896-0700][1251][info ][safepoint   ] Safepoint "Cleanup", Time since last: 1000116341 ns, Reaching safepoint: 281164 ns, Cleanup: 38679 ns, At safepoint: 36545 ns, Total: 356388 ns
[2025-10-15T14:20:44.896-0700][1251][info ][safepoint   ] Safepoint "Cleanup", Time since last: 1000104523 ns, Reaching safepoint: 259091 ns, Cleanup: 25048 ns, At safepoint: 36154 ns, Total: 320293 ns
[2025-10-15T14:20:45.897-0700][1251][info ][safepoint   ] Safepoint "Cleanup", Time since last: 1000144534 ns, Reaching safepoint: 254854 ns, Cleanup: 27632 ns, At safepoint: 36184 ns, Total: 318670 ns
[2025-10-15T14:20:46.897-0700][1251][info ][safepoint   ] Safepoint "Cleanup", Time since last: 1000117242 ns, Reaching safepoint: 285301 ns, Cleanup: 13770 ns, At safepoint: 27392 ns, Total: 326463 ns
[2025-10-15T14:20:47.898-0700][1251][info ][safepoint   ] Safepoint "Cleanup", Time since last: 1000118404 ns, Reaching safepoint: 352562 ns, Cleanup: 25788 ns, At safepoint: 36936 ns, Total: 415286 ns
[2025-10-15T14:20:48.898-0700][1251][info ][safepoint   ] Safepoint "Cleanup", Time since last: 1000112906 ns, Reaching safepoint: 295075 ns, Cleanup: 35744 ns, At safepoint: 38037 ns, Total: 368856 ns
[2025-10-15T14:20:49.898-0700][1251][info ][safepoint   ] Safepoint "Cleanup", Time since last: 1000098905 ns, Reaching safepoint: 263067 ns, Cleanup: 36905 ns, At safepoint: 24718 ns, Total: 324690 ns
[2025-10-15T14:20:50.899-0700][1251][info ][safepoint   ] Safepoint "Cleanup", Time since last: 1000109200 ns, Reaching safepoint: 260513 ns, Cleanup: 29975 ns, At safepoint: 22053 ns, Total: 312541 ns
[2025-10-15T14:20:51.899-0700][1251][info ][safepoint   ] Safepoint "Cleanup", Time since last: 1000106096 ns, Reaching safepoint: 312651 ns, Cleanup: 26110 ns, At safepoint: 38938 ns, Total: 377699 ns
[2025-10-15T14:20:52.900-0700][1251][info ][safepoint   ] Safepoint "Cleanup", Time since last: 1000131154 ns, Reaching safepoint: 291770 ns, Cleanup: 15683 ns, At safepoint: 37968 ns, Total: 345421 ns
[2025-10-15T14:20:53.900-0700][1251][info ][safepoint   ] Safepoint "Cleanup", Time since last: 1000114648 ns, Reaching safepoint: 311209 ns, Cleanup: 13741 ns, At safepoint: 38739 ns, Total: 363689 ns
[2025-10-15T14:20:54.901-0700][1251][info ][safepoint   ] Safepoint "Cleanup", Time since last: 1000127407 ns, Reaching safepoint: 290178 ns, Cleanup: 36675 ns, At safepoint: 38779 ns, Total: 365632 ns
[2025-10-15T14:20:55.901-0700][1251][info ][safepoint   ] Safepoint "Cleanup", Time since last: 1000125314 ns, Reaching safepoint: 315917 ns, Cleanup: 29344 ns, At safepoint: 40872 ns, Total: 386133 ns
[2025-10-15T14:20:57.902-0700][1251][info ][safepoint   ] Safepoint "Cleanup", Time since last: 2000206292 ns, Reaching safepoint: 268785 ns, Cleanup: 23435 ns, At safepoint: 24978 ns, Total: 317198 ns
[2025-10-15T14:20:58.134-0700][1251][info ][gc,start    ] GC(15) Pause Young (Normal) (G1 Evacuation Pause)
[2025-10-15T14:20:58.134-0700][1251][info ][gc,task     ] GC(15) Using 113 workers of 113 for evacuation
[2025-10-15T14:20:58.136-0700][1251][debug][gc,remset   ] GC(15) Visited cards 22016 Total dirty 65536 (33.59%) Total old 37814272 (0.06%)
[2025-10-15T14:20:58.223-0700][1251][info ][gc,phases   ] GC(15)   Pre Evacuate Collection Set: 0.6ms
[2025-10-15T14:20:58.223-0700][1251][info ][gc,phases   ] GC(15)   Merge Heap Roots: 1.0ms
[2025-10-15T14:20:58.223-0700][1251][info ][gc,phases   ] GC(15)   Evacuate Collection Set: 80.3ms
[2025-10-15T14:20:58.223-0700][1251][info ][gc,phases   ] GC(15)   Post Evacuate Collection Set: 6.8ms
[2025-10-15T14:20:58.223-0700][1251][info ][gc,phases   ] GC(15)   Other: 0.4ms
[2025-10-15T14:20:58.223-0700][1251][debug][gc,remset   ] GC(15) Coarsening (recent): Inline->AoC 0 (0) AoC->Howl 0 (0) Howl->Full 0 (0) Inline->AoC 0 (0) AoC->BitMap 0 (0) BitMap->Full 0 (0)
[2025-10-15T14:20:58.223-0700][1251][debug][gc,remset   ] GC(15) Coarsening (all): Inline->AoC 0 (0) AoC->Howl 0 (0) Howl->Full 0 (0) Inline->AoC 0 (0) AoC->BitMap 0 (0) BitMap->Full 0 (0)
[2025-10-15T14:20:58.223-0700][1251][info ][gc,heap     ] GC(15) Eden regions: 265->0(266)
[2025-10-15T14:20:58.223-0700][1251][info ][gc,heap     ] GC(15) Survivor regions: 23->22(36)
[2025-10-15T14:20:58.223-0700][1251][info ][gc,heap     ] GC(15) Old regions: 1->4
[2025-10-15T14:20:58.223-0700][1251][info ][gc,heap     ] GC(15) Humongous regions: 0->0
[2025-10-15T14:20:58.223-0700][1251][info ][gc,metaspace] GC(15) Metaspace: 209498K(211904K)->209498K(211904K) NonClass: 184867K(186176K)->184867K(186176K) Class: 24630K(25728K)->24630K(25728K)
[2025-10-15T14:20:58.223-0700][1251][info ][gc          ] GC(15) Pause Young (Normal) (G1 Evacuation Pause) 9200M->802M(184320M) 89.232ms
[2025-10-15T14:20:58.224-0700][1251][info ][gc,cpu      ] GC(15) User=1.90s Sys=1.34s Real=0.09s
[2025-10-15T14:20:58.224-0700][1251][info ][safepoint   ] Safepoint "G1CollectForAllocation", Time since last: 231333962 ns, Reaching safepoint: 272801 ns, Cleanup: 4547 ns, At safepoint: 90384549 ns, Total: 90661897 ns
[2025-10-15T14:20:59.224-0700][1251][info ][safepoint   ] Safepoint "Cleanup", Time since last: 1000110022 ns, Reaching safepoint: 332561 ns, Cleanup: 19800 ns, At safepoint: 42374 ns, Total: 394735 ns
[2025-10-15T14:21:01.225-0700][1251][info ][safepoint   ] Safepoint "Cleanup", Time since last: 2000173102 ns, Reaching safepoint: 296738 ns, Cleanup: 26059 ns, At safepoint: 26790 ns, Total: 349587 ns
[2025-10-15T14:21:02.225-0700][1251][info ][safepoint   ] Safepoint "Cleanup", Time since last: 1000117092 ns, Reaching safepoint: 318881 ns, Cleanup: 21443 ns, At safepoint: 26980 ns, Total: 367304 ns
[2025-10-15T14:21:04.043-0700][1251][info ][safepoint   ] Safepoint "Cleanup", Time since last: 1816736501 ns, Reaching safepoint: 331550 ns, Cleanup: 33570 ns, At safepoint: 43165 ns, Total: 408285 ns
[2025-10-15T14:21:05.043-0700][1251][info ][safepoint   ] Safepoint "Cleanup", Time since last: 1000124954 ns, Reaching safepoint: 305661 ns, Cleanup: 16615 ns, At safepoint: 40081 ns, Total: 362357 ns
[2025-10-15T14:21:06.044-0700][1251][info ][safepoint   ] Safepoint "Cleanup", Time since last: 1000119966 ns, Reaching safepoint: 337940 ns, Cleanup: 24877 ns, At safepoint: 41283 ns, Total: 404100 ns
[2025-10-15T14:21:07.044-0700][1251][info ][safepoint   ] Safepoint "Cleanup", Time since last: 1000119956 ns, Reaching safepoint: 317018 ns, Cleanup: 23866 ns, At safepoint: 43466 ns, Total: 384350 ns
[2025-10-15T14:21:08.045-0700][1251][info ][safepoint   ] Safepoint "Cleanup", Time since last: 1000120096 ns, Reaching safepoint: 325571 ns, Cleanup: 46741 ns, At safepoint: 45479 ns, Total: 417791 ns
[2025-10-15T14:21:09.045-0700][1251][info ][safepoint   ] Safepoint "Cleanup", Time since last: 1000118994 ns, Reaching safepoint: 323619 ns, Cleanup: 17846 ns, At safepoint: 40832 ns, Total: 382297 ns
[2025-10-15T14:21:10.046-0700][1251][info ][safepoint   ] Safepoint "Cleanup", Time since last: 1000123822 ns, Reaching safepoint: 334655 ns, Cleanup: 17046 ns, At safepoint: 45548 ns, Total: 397249 ns
[2025-10-15T14:21:11.046-0700][1251][info ][safepoint   ] Safepoint "Cleanup", Time since last: 1000136592 ns, Reaching safepoint: 321154 ns, Cleanup: 15123 ns, At safepoint: 44818 ns, Total: 381095 ns
[2025-10-15T14:21:12.047-0700][1251][info ][safepoint   ] Safepoint "Cleanup", Time since last: 1000142300 ns, Reaching safepoint: 323518 ns, Cleanup: 45659 ns, At safepoint: 43045 ns, Total: 412222 ns
[2025-10-15T14:21:13.047-0700][1251][info ][safepoint   ] Safepoint "Cleanup", Time since last: 1000125424 ns, Reaching safepoint: 322196 ns, Cleanup: 41132 ns, At safepoint: 45529 ns, Total: 408857 ns
[2025-10-15T14:21:14.048-0700][1251][info ][safepoint   ] Safepoint "Cleanup", Time since last: 1000120307 ns, Reaching safepoint: 324649 ns, Cleanup: 17016 ns, At safepoint: 41783 ns, Total: 383448 ns
[2025-10-15T14:21:15.048-0700][1251][info ][safepoint   ] Safepoint "Cleanup", Time since last: 1000116652 ns, Reaching safepoint: 328685 ns, Cleanup: 17517 ns, At safepoint: 43826 ns, Total: 390028 ns
[2025-10-15T14:21:16.049-0700][1251][info ][safepoint   ] Safepoint "Cleanup", Time since last: 1000126987 ns, Reaching safepoint: 326542 ns, Cleanup: 25198 ns, At safepoint: 47852 ns, Total: 399592 ns
[2025-10-15T14:21:17.049-0700][1251][info ][safepoint   ] Safepoint "Cleanup", Time since last: 1000120428 ns, Reaching safepoint: 332241 ns, Cleanup: 21853 ns, At safepoint: 69785 ns, Total: 423879 ns
[2025-10-15T14:21:18.050-0700][1251][info ][safepoint   ] Safepoint "Cleanup", Time since last: 1000129671 ns, Reaching safepoint: 324249 ns, Cleanup: 19199 ns, At safepoint: 46470 ns, Total: 389918 ns
[2025-10-15T14:21:19.050-0700][1251][info ][safepoint   ] Safepoint "Cleanup", Time since last: 1000128089 ns, Reaching safepoint: 300283 ns, Cleanup: 51958 ns, At safepoint: 28062 ns, Total: 380303 ns
[2025-10-15T14:21:20.051-0700][1251][info ][safepoint   ] Safepoint "Cleanup", Time since last: 1000119446 ns, Reaching safepoint: 341175 ns, Cleanup: 13630 ns, At safepoint: 46711 ns, Total: 401516 ns
[2025-10-15T14:21:21.051-0700][1251][info ][safepoint   ] Safepoint "Cleanup", Time since last: 1000110682 ns, Reaching safepoint: 274865 ns, Cleanup: 13390 ns, At safepoint: 36725 ns, Total: 324980 ns
[2025-10-15T14:21:23.052-0700][1251][info ][safepoint   ] Safepoint "Cleanup", Time since last: 2000170138 ns, Reaching safepoint: 340673 ns, Cleanup: 26761 ns, At safepoint: 46290 ns, Total: 413724 ns
[2025-10-15T14:21:24.052-0700][1251][info ][safepoint   ] Safepoint "Cleanup", Time since last: 1000113952 ns, Reaching safepoint: 360524 ns, Cleanup: 34622 ns, At safepoint: 50807 ns, Total: 445953 ns
[2025-10-15T14:21:25.053-0700][1251][info ][safepoint   ] Safepoint "Cleanup", Time since last: 1000118581 ns, Reaching safepoint: 341365 ns, Cleanup: 94362 ns, At safepoint: 47342 ns, Total: 483069 ns
[2025-10-15T14:21:26.054-0700][1251][info ][safepoint   ] Safepoint "Cleanup", Time since last: 1000134255 ns, Reaching safepoint: 364400 ns, Cleanup: 28893 ns, At safepoint: 46030 ns, Total: 439323 ns
[2025-10-15T14:21:27.054-0700][1251][info ][safepoint   ] Safepoint "Cleanup", Time since last: 1000129838 ns, Reaching safepoint: 347364 ns, Cleanup: 28002 ns, At safepoint: 48073 ns, Total: 423439 ns
[2025-10-15T14:21:28.055-0700][1251][info ][safepoint   ] Safepoint "Cleanup", Time since last: 1000138602 ns, Reaching safepoint: 347654 ns, Cleanup: 24537 ns, At safepoint: 47481 ns, Total: 419672 ns
[2025-10-15T14:21:29.055-0700][1251][info ][safepoint   ] Safepoint "Cleanup", Time since last: 1000123199 ns, Reaching safepoint: 348836 ns, Cleanup: 45589 ns, At safepoint: 70757 ns, Total: 465182 ns
[2025-10-15T14:21:30.056-0700][1251][info ][safepoint   ] Safepoint "Cleanup", Time since last: 1000116809 ns, Reaching safepoint: 351880 ns, Cleanup: 16986 ns, At safepoint: 45909 ns, Total: 414775 ns
[2025-10-15T14:21:31.056-0700][1251][info ][safepoint   ] Safepoint "Cleanup", Time since last: 1000118041 ns, Reaching safepoint: 373964 ns, Cleanup: 24717 ns, At safepoint: 47772 ns, Total: 446453 ns
[2025-10-15T14:21:32.057-0700][1251][info ][safepoint   ] Safepoint "Cleanup", Time since last: 1000132633 ns, Reaching safepoint: 351610 ns, Cleanup: 30646 ns, At safepoint: 48564 ns, Total: 430820 ns
[2025-10-15T14:21:33.058-0700][1251][info ][safepoint   ] Safepoint "Cleanup", Time since last: 1000135056 ns, Reaching safepoint: 367985 ns, Cleanup: 46360 ns, At safepoint: 48874 ns, Total: 463219 ns
[2025-10-15T14:21:35.519-0700][1251][info ][safepoint   ] Safepoint "Cleanup", Time since last: 2461573828 ns, Reaching safepoint: 188584 ns, Cleanup: 13641 ns, At safepoint: 30616 ns, Total: 232841 ns
[2025-10-15T14:21:36.520-0700][1251][info ][safepoint   ] Safepoint "Cleanup", Time since last: 1000129127 ns, Reaching safepoint: 367224 ns, Cleanup: 25839 ns, At safepoint: 51147 ns, Total: 444210 ns
[2025-10-15T14:21:37.520-0700][1251][info ][safepoint   ] Safepoint "Cleanup", Time since last: 1000115497 ns, Reaching safepoint: 328796 ns, Cleanup: 18648 ns, At safepoint: 33851 ns, Total: 381295 ns
[2025-10-15T14:21:38.521-0700][1251][info ][safepoint   ] Safepoint "Cleanup", Time since last: 1000129388 ns, Reaching safepoint: 371921 ns, Cleanup: 15413 ns, At safepoint: 49715 ns, Total: 437049 ns
[2025-10-15T14:21:39.522-0700][1251][info ][safepoint   ] Safepoint "Cleanup", Time since last: 1000137040 ns, Reaching safepoint: 379552 ns, Cleanup: 25769 ns, At safepoint: 50947 ns, Total: 456268 ns
[2025-10-15T14:21:40.623-0700][1251][info ][gc,start    ] GC(16) Pause Young (Concurrent Start) (CodeCache GC Threshold)
[2025-10-15T14:21:40.623-0700][1251][info ][gc,task     ] GC(16) Using 113 workers of 113 for evacuation
[2025-10-15T14:21:40.626-0700][1251][debug][gc,remset   ] GC(16) Visited cards 157440 Total dirty 262144 (60.06%) Total old 28835840 (0.55%)
[2025-10-15T14:21:40.683-0700][1251][info ][gc,phases   ] GC(16)   Pre Evacuate Collection Set: 0.8ms
[2025-10-15T14:21:40.683-0700][1251][info ][gc,phases   ] GC(16)   Merge Heap Roots: 1.3ms
[2025-10-15T14:21:40.683-0700][1251][info ][gc,phases   ] GC(16)   Evacuate Collection Set: 50.7ms
[2025-10-15T14:21:40.683-0700][1251][info ][gc,phases   ] GC(16)   Post Evacuate Collection Set: 6.1ms
[2025-10-15T14:21:40.683-0700][1251][info ][gc,phases   ] GC(16)   Other: 0.3ms
[2025-10-15T14:21:40.683-0700][1251][debug][gc,remset   ] GC(16) Coarsening (recent): Inline->AoC 0 (0) AoC->Howl 0 (0) Howl->Full 0 (0) Inline->AoC 0 (0) AoC->BitMap 0 (0) BitMap->Full 0 (0)
[2025-10-15T14:21:40.683-0700][1251][debug][gc,remset   ] GC(16) Coarsening (all): Inline->AoC 0 (0) AoC->Howl 0 (0) Howl->Full 0 (0) Inline->AoC 0 (0) AoC->BitMap 0 (0) BitMap->Full 0 (0)
[2025-10-15T14:21:40.683-0700][1251][info ][gc,heap     ] GC(16) Eden regions: 196->0(270)
[2025-10-15T14:21:40.683-0700][1251][info ][gc,heap     ] GC(16) Survivor regions: 22->18(36)
[2025-10-15T14:21:40.683-0700][1251][info ][gc,heap     ] GC(16) Old regions: 4->10
[2025-10-15T14:21:40.683-0700][1251][info ][gc,heap     ] GC(16) Humongous regions: 0->0
[2025-10-15T14:21:40.683-0700][1251][info ][gc,metaspace] GC(16) Metaspace: 210096K(212544K)->210096K(212544K) NonClass: 185454K(186816K)->185454K(186816K) Class: 24642K(25728K)->24642K(25728K)
[2025-10-15T14:21:40.683-0700][1251][info ][gc          ] GC(16) Pause Young (Concurrent Start) (CodeCache GC Threshold) 7053M->868M(184320M) 59.333ms
[2025-10-15T14:21:40.683-0700][1134][info ][gc          ] GC(17) Concurrent Mark Cycle
[2025-10-15T14:21:40.683-0700][1134][info ][gc,marking  ] GC(17) Concurrent Scan Root Regions
[2025-10-15T14:21:40.683-0700][1251][info ][gc,cpu      ] GC(16) User=1.46s Sys=0.61s Real=0.06s
[2025-10-15T14:21:40.684-0700][1251][info ][safepoint   ] Safepoint "G1TryInitiateConcMark", Time since last: 1100805817 ns, Reaching safepoint: 338170 ns, Cleanup: 12018 ns, At safepoint: 60836123 ns, Total: 61186311 ns
[2025-10-15T14:21:40.692-0700][1134][info ][gc,marking  ] GC(17) Concurrent Scan Root Regions 8.757ms
[2025-10-15T14:21:40.692-0700][1134][info ][gc,marking  ] GC(17) Concurrent Mark
[2025-10-15T14:21:40.692-0700][1134][info ][gc,marking  ] GC(17) Concurrent Mark From Roots
[2025-10-15T14:21:40.692-0700][1134][info ][gc,task     ] GC(17) Using 36 workers of 36 for marking
[2025-10-15T14:21:40.717-0700][1134][info ][gc,marking  ] GC(17) Concurrent Mark From Roots 25.321ms
[2025-10-15T14:21:40.717-0700][1134][info ][gc,marking  ] GC(17) Concurrent Preclean
[2025-10-15T14:21:40.717-0700][1134][info ][gc,marking  ] GC(17) Concurrent Preclean 0.222ms
[2025-10-15T14:21:40.718-0700][1251][info ][gc,start    ] GC(17) Pause Remark
[2025-10-15T14:21:40.780-0700][1251][info ][gc          ] GC(17) Pause Remark 871M->871M(184320M) 61.907ms
[2025-10-15T14:21:40.781-0700][1251][info ][gc,cpu      ] GC(17) User=1.01s Sys=0.02s Real=0.07s
[2025-10-15T14:21:40.781-0700][1251][info ][safepoint   ] Safepoint "G1PauseRemark", Time since last: 33695259 ns, Reaching safepoint: 267273 ns, Cleanup: 10446 ns, At safepoint: 63095660 ns, Total: 63373379 ns
[2025-10-15T14:21:40.781-0700][1134][info ][gc,marking  ] GC(17) Concurrent Mark 89.024ms
[2025-10-15T14:21:40.781-0700][1134][info ][gc,marking  ] GC(17) Concurrent Rebuild Remembered Sets and Scrub Regions
[2025-10-15T14:21:40.791-0700][1134][info ][gc,marking  ] GC(17) Concurrent Rebuild Remembered Sets and Scrub Regions 10.106ms
[2025-10-15T14:21:40.792-0700][1251][info ][gc,start    ] GC(17) Pause Cleanup
[2025-10-15T14:21:40.792-0700][1251][info ][gc          ] GC(17) Pause Cleanup 926M->926M(184320M) 0.341ms
[2025-10-15T14:21:40.792-0700][1251][info ][gc,cpu      ] GC(17) User=0.01s Sys=0.01s Real=0.00s
[2025-10-15T14:21:40.792-0700][1251][info ][safepoint   ] Safepoint "G1PauseCleanup", Time since last: 10245242 ns, Reaching safepoint: 245420 ns, Cleanup: 81072 ns, At safepoint: 854008 ns, Total: 1180500 ns
[2025-10-15T14:21:40.792-0700][1134][info ][gc,marking  ] GC(17) Concurrent Clear Claimed Marks
[2025-10-15T14:21:40.792-0700][1134][info ][gc,marking  ] GC(17) Concurrent Clear Claimed Marks 0.301ms
[2025-10-15T14:21:40.792-0700][1134][info ][gc,marking  ] GC(17) Concurrent Cleanup for Next Mark
[2025-10-15T14:21:40.817-0700][1134][info ][gc,marking  ] GC(17) Concurrent Cleanup for Next Mark 24.427ms
[2025-10-15T14:21:40.817-0700][1134][info ][gc          ] GC(17) Concurrent Mark Cycle 134.035ms
[2025-10-15T14:21:41.793-0700][1251][info ][safepoint   ] Safepoint "Cleanup", Time since last: 1000094405 ns, Reaching safepoint: 340835 ns, Cleanup: 15443 ns, At safepoint: 31297 ns, Total: 387575 ns
[2025-10-15T14:21:42.793-0700][1251][info ][safepoint   ] Safepoint "Cleanup", Time since last: 1000099533 ns, Reaching safepoint: 351490 ns, Cleanup: 18658 ns, At safepoint: 51137 ns, Total: 421285 ns
[2025-10-15T14:21:43.794-0700][1251][info ][safepoint   ] Safepoint "Cleanup", Time since last: 1000107064 ns, Reaching safepoint: 365351 ns, Cleanup: 21573 ns, At safepoint: 65429 ns, Total: 452353 ns
[2025-10-15T14:21:44.794-0700][1251][info ][safepoint   ] Safepoint "Cleanup", Time since last: 1000102787 ns, Reaching safepoint: 339503 ns, Cleanup: 15122 ns, At safepoint: 31498 ns, Total: 386123 ns
[2025-10-15T14:21:45.795-0700][1251][info ][safepoint   ] Safepoint "Cleanup", Time since last: 1000105822 ns, Reaching safepoint: 386984 ns, Cleanup: 18297 ns, At safepoint: 52059 ns, Total: 457340 ns
[2025-10-15T14:21:46.795-0700][1251][info ][safepoint   ] Safepoint "Cleanup", Time since last: 1000115497 ns, Reaching safepoint: 366753 ns, Cleanup: 19760 ns, At safepoint: 50957 ns, Total: 437470 ns
[2025-10-15T14:21:47.796-0700][1251][info ][safepoint   ] Safepoint "Cleanup", Time since last: 1000137960 ns, Reaching safepoint: 347705 ns, Cleanup: 14121 ns, At safepoint: 33160 ns, Total: 394986 ns
[2025-10-15T14:21:48.796-0700][1251][info ][safepoint   ] Safepoint "Cleanup", Time since last: 1000115497 ns, Reaching safepoint: 391871 ns, Cleanup: 14893 ns, At safepoint: 34722 ns, Total: 441486 ns
[2025-10-15T14:21:50.797-0700][1251][info ][safepoint   ] Safepoint "Cleanup", Time since last: 2000201249 ns, Reaching safepoint: 384720 ns, Cleanup: 16175 ns, At safepoint: 53180 ns, Total: 454075 ns
[2025-10-15T14:21:51.798-0700][1251][info ][safepoint   ] Safepoint "Cleanup", Time since last: 1000127615 ns, Reaching safepoint: 397600 ns, Cleanup: 17907 ns, At safepoint: 45719 ns, Total: 461226 ns
[2025-10-15T14:21:52.798-0700][1251][info ][safepoint   ] Safepoint "Cleanup", Time since last: 1000105291 ns, Reaching safepoint: 338991 ns, Cleanup: 15554 ns, At safepoint: 32259 ns, Total: 386804 ns
[2025-10-15T14:21:53.799-0700][1251][info ][safepoint   ] Safepoint "Cleanup", Time since last: 1000103749 ns, Reaching safepoint: 390949 ns, Cleanup: 17657 ns, At safepoint: 51017 ns, Total: 459623 ns
[2025-10-15T14:21:54.799-0700][1251][info ][safepoint   ] Safepoint "Cleanup", Time since last: 1000129478 ns, Reaching safepoint: 387214 ns, Cleanup: 14071 ns, At safepoint: 52159 ns, Total: 453444 ns
[2025-10-15T14:21:55.800-0700][1251][info ][safepoint   ] Safepoint "Cleanup", Time since last: 1000138081 ns, Reaching safepoint: 394815 ns, Cleanup: 22835 ns, At safepoint: 50296 ns, Total: 467946 ns
[2025-10-15T14:21:57.801-0700][1251][info ][safepoint   ] Safepoint "Cleanup", Time since last: 2000213778 ns, Reaching safepoint: 412391 ns, Cleanup: 25459 ns, At safepoint: 55574 ns, Total: 493424 ns
[2025-10-15T14:21:59.801-0700][1251][info ][safepoint   ] Safepoint "Cleanup", Time since last: 2000189611 ns, Reaching safepoint: 398341 ns, Cleanup: 18207 ns, At safepoint: 55204 ns, Total: 471752 ns
[2025-10-15T14:22:01.802-0700][1251][info ][safepoint   ] Safepoint "Cleanup", Time since last: 2000195270 ns, Reaching safepoint: 396458 ns, Cleanup: 33560 ns, At safepoint: 53972 ns, Total: 483990 ns
[2025-10-15T14:22:02.802-0700][1251][info ][safepoint   ] Safepoint "Cleanup", Time since last: 1000145702 ns, Reaching safepoint: 408376 ns, Cleanup: 36175 ns, At safepoint: 54281 ns, Total: 498832 ns
[2025-10-15T14:22:04.065-0700][1251][info ][safepoint   ] Safepoint "Cleanup", Time since last: 1261989925 ns, Reaching safepoint: 387724 ns, Cleanup: 14763 ns, At safepoint: 62003 ns, Total: 464490 ns
[2025-10-15T14:22:05.066-0700][1251][info ][safepoint   ] Safepoint "Cleanup", Time since last: 1000133744 ns, Reaching safepoint: 400274 ns, Cleanup: 25889 ns, At safepoint: 52800 ns, Total: 478963 ns
[2025-10-15T14:22:08.066-0700][1251][info ][safepoint   ] Safepoint "Cleanup", Time since last: 3000281743 ns, Reaching safepoint: 403158 ns, Cleanup: 30326 ns, At safepoint: 53901 ns, Total: 487385 ns
[2025-10-15T14:22:09.067-0700][1251][info ][safepoint   ] Safepoint "Cleanup", Time since last: 1000132533 ns, Reaching safepoint: 394755 ns, Cleanup: 13811 ns, At safepoint: 54612 ns, Total: 463178 ns
[2025-10-15T14:22:10.068-0700][1251][info ][safepoint   ] Safepoint "Cleanup", Time since last: 1000134215 ns, Reaching safepoint: 405472 ns, Cleanup: 18918 ns, At safepoint: 53201 ns, Total: 477591 ns
[2025-10-15T14:22:11.068-0700][1251][info ][safepoint   ] Safepoint "Cleanup", Time since last: 1000131290 ns, Reaching safepoint: 417130 ns, Cleanup: 20851 ns, At safepoint: 56255 ns, Total: 494236 ns
[2025-10-15T14:22:12.069-0700][1251][info ][safepoint   ] Safepoint "Cleanup", Time since last: 1000109468 ns, Reaching safepoint: 401185 ns, Cleanup: 17386 ns, At safepoint: 56936 ns, Total: 475507 ns
[2025-10-15T14:22:13.069-0700][1251][info ][safepoint   ] Safepoint "Cleanup", Time since last: 1000129778 ns, Reaching safepoint: 423749 ns, Cleanup: 28824 ns, At safepoint: 59049 ns, Total: 511622 ns
[2025-10-15T14:22:15.070-0700][1251][info ][safepoint   ] Safepoint "Cleanup", Time since last: 2000211024 ns, Reaching safepoint: 405531 ns, Cleanup: 17256 ns, At safepoint: 61733 ns, Total: 484520 ns
[2025-10-15T14:22:16.071-0700][1251][info ][safepoint   ] Safepoint "Cleanup", Time since last: 1000133665 ns, Reaching safepoint: 413604 ns, Cleanup: 13911 ns, At safepoint: 56495 ns, Total: 484010 ns
[2025-10-15T14:22:17.071-0700][1251][info ][safepoint   ] Safepoint "Cleanup", Time since last: 1000127675 ns, Reaching safepoint: 413804 ns, Cleanup: 16105 ns, At safepoint: 54301 ns, Total: 484210 ns
[2025-10-15T14:22:18.072-0700][1251][info ][safepoint   ] Safepoint "Cleanup", Time since last: 1000130590 ns, Reaching safepoint: 406393 ns, Cleanup: 27431 ns, At safepoint: 56005 ns, Total: 489829 ns
[2025-10-15T14:22:19.073-0700][1251][info ][safepoint   ] Safepoint "Cleanup", Time since last: 1000114595 ns, Reaching safepoint: 419603 ns, Cleanup: 50406 ns, At safepoint: 54763 ns, Total: 524772 ns
[2025-10-15T14:22:20.073-0700][1251][info ][safepoint   ] Safepoint "Cleanup", Time since last: 1000113484 ns, Reaching safepoint: 405982 ns, Cleanup: 35824 ns, At safepoint: 57827 ns, Total: 499633 ns
[2025-10-15T14:22:22.074-0700][1251][info ][safepoint   ] Safepoint "Cleanup", Time since last: 2000168640 ns, Reaching safepoint: 362807 ns, Cleanup: 22464 ns, At safepoint: 34642 ns, Total: 419913 ns
[2025-10-15T14:22:23.074-0700][1251][info ][safepoint   ] Safepoint "Cleanup", Time since last: 1000119213 ns, Reaching safepoint: 410900 ns, Cleanup: 21642 ns, At safepoint: 57888 ns, Total: 490430 ns
[2025-10-15T14:22:24.075-0700][1251][info ][safepoint   ] Safepoint "Cleanup", Time since last: 1000129197 ns, Reaching safepoint: 423219 ns, Cleanup: 43075 ns, At safepoint: 57496 ns, Total: 523790 ns
[2025-10-15T14:22:25.076-0700][1251][info ][safepoint   ] Safepoint "Cleanup", Time since last: 1000133935 ns, Reaching safepoint: 440294 ns, Cleanup: 20281 ns, At safepoint: 56275 ns, Total: 516850 ns
[2025-10-15T14:22:26.076-0700][1251][info ][safepoint   ] Safepoint "Cleanup", Time since last: 1000133283 ns, Reaching safepoint: 416008 ns, Cleanup: 28372 ns, At safepoint: 63646 ns, Total: 508026 ns
[2025-10-15T14:22:27.077-0700][1251][info ][safepoint   ] Safepoint "Cleanup", Time since last: 1000134446 ns, Reaching safepoint: 407424 ns, Cleanup: 20261 ns, At safepoint: 57086 ns, Total: 484771 ns
[2025-10-15T14:22:28.078-0700][1251][info ][safepoint   ] Safepoint "Cleanup", Time since last: 1000145910 ns, Reaching safepoint: 413123 ns, Cleanup: 23706 ns, At safepoint: 55924 ns, Total: 492753 ns
[2025-10-15T14:22:29.078-0700][1251][info ][safepoint   ] Safepoint "Cleanup", Time since last: 1000132045 ns, Reaching safepoint: 407745 ns, Cleanup: 21663 ns, At safepoint: 57507 ns, Total: 486915 ns
[2025-10-15T14:22:30.079-0700][1251][info ][safepoint   ] Safepoint "Cleanup", Time since last: 1000157813 ns, Reaching safepoint: 407285 ns, Cleanup: 23205 ns, At safepoint: 57046 ns, Total: 487536 ns
[2025-10-15T14:22:32.080-0700][1251][info ][safepoint   ] Safepoint "Cleanup", Time since last: 2000219102 ns, Reaching safepoint: 416568 ns, Cleanup: 29955 ns, At safepoint: 55434 ns, Total: 501957 ns
[2025-10-15T14:22:33.080-0700][1251][info ][safepoint   ] Safepoint "Cleanup", Time since last: 1000131103 ns, Reaching safepoint: 409678 ns, Cleanup: 23976 ns, At safepoint: 57657 ns, Total: 491311 ns
[2025-10-15T14:22:34.081-0700][1251][info ][safepoint   ] Safepoint "Cleanup", Time since last: 1000125755 ns, Reaching safepoint: 411431 ns, Cleanup: 26840 ns, At safepoint: 57067 ns, Total: 495338 ns
[2025-10-15T14:22:35.081-0700][1251][info ][safepoint   ] Safepoint "Cleanup", Time since last: 1000133276 ns, Reaching safepoint: 432583 ns, Cleanup: 20000 ns, At safepoint: 57967 ns, Total: 510550 ns
[2025-10-15T14:22:36.082-0700][1251][info ][safepoint   ] Safepoint "Cleanup", Time since last: 1000112826 ns, Reaching safepoint: 356217 ns, Cleanup: 14422 ns, At safepoint: 35674 ns, Total: 406313 ns
[2025-10-15T14:22:37.083-0700][1251][info ][safepoint   ] Safepoint "Cleanup", Time since last: 1000128019 ns, Reaching safepoint: 427875 ns, Cleanup: 21703 ns, At safepoint: 54422 ns, Total: 504000 ns
[2025-10-15T14:22:38.083-0700][1251][info ][safepoint   ] Safepoint "Cleanup", Time since last: 1000132986 ns, Reaching safepoint: 408016 ns, Cleanup: 39850 ns, At safepoint: 70947 ns, Total: 518813 ns
[2025-10-15T14:22:39.084-0700][1251][info ][safepoint   ] Safepoint "Cleanup", Time since last: 1000134819 ns, Reaching safepoint: 408946 ns, Cleanup: 18689 ns, At safepoint: 56264 ns, Total: 483899 ns
[2025-10-15T14:22:42.085-0700][1251][info ][safepoint   ] Safepoint "Cleanup", Time since last: 3000299730 ns, Reaching safepoint: 416428 ns, Cleanup: 17556 ns, At safepoint: 53862 ns, Total: 487846 ns
[2025-10-15T14:22:43.085-0700][1251][info ][safepoint   ] Safepoint "Cleanup", Time since last: 1000134498 ns, Reaching safepoint: 407775 ns, Cleanup: 30927 ns, At safepoint: 56305 ns, Total: 495007 ns
[2025-10-15T14:22:44.086-0700][1251][info ][safepoint   ] Safepoint "Cleanup", Time since last: 1000134819 ns, Reaching safepoint: 406643 ns, Cleanup: 13931 ns, At safepoint: 56886 ns, Total: 477460 ns
[2025-10-15T14:22:45.087-0700][1251][info ][safepoint   ] Safepoint "Cleanup", Time since last: 1000126967 ns, Reaching safepoint: 414275 ns, Cleanup: 16234 ns, At safepoint: 54503 ns, Total: 485012 ns
[2025-10-15T14:22:48.087-0700][1251][info ][safepoint   ] Safepoint "Cleanup", Time since last: 3000303675 ns, Reaching safepoint: 434095 ns, Cleanup: 13840 ns, At safepoint: 59210 ns, Total: 507145 ns
[2025-10-15T14:22:49.088-0700][1251][info ][safepoint   ] Safepoint "Cleanup", Time since last: 1000128109 ns, Reaching safepoint: 423338 ns, Cleanup: 14171 ns, At safepoint: 57858 ns, Total: 495367 ns
[2025-10-15T14:22:50.089-0700][1251][info ][safepoint   ] Safepoint "Cleanup", Time since last: 1000130162 ns, Reaching safepoint: 427645 ns, Cleanup: 25328 ns, At safepoint: 56866 ns, Total: 509839 ns
[2025-10-15T14:22:52.089-0700][1251][info ][safepoint   ] Safepoint "Cleanup", Time since last: 2000181685 ns, Reaching safepoint: 367555 ns, Cleanup: 14281 ns, At safepoint: 53982 ns, Total: 435818 ns
[2025-10-15T14:22:53.090-0700][1251][info ][safepoint   ] Safepoint "Cleanup", Time since last: 1000139806 ns, Reaching safepoint: 412492 ns, Cleanup: 29174 ns, At safepoint: 57837 ns, Total: 499503 ns
[2025-10-15T14:22:54.090-0700][1251][info ][safepoint   ] Safepoint "Cleanup", Time since last: 1000130243 ns, Reaching safepoint: 408095 ns, Cleanup: 22674 ns, At safepoint: 54623 ns, Total: 485392 ns
[2025-10-15T14:22:55.091-0700][1251][info ][safepoint   ] Safepoint "Cleanup", Time since last: 1000126707 ns, Reaching safepoint: 407404 ns, Cleanup: 17506 ns, At safepoint: 56876 ns, Total: 481786 ns
[2025-10-15T14:22:56.092-0700][1251][info ][safepoint   ] Safepoint "Cleanup", Time since last: 1000128009 ns, Reaching safepoint: 427715 ns, Cleanup: 18207 ns, At safepoint: 55775 ns, Total: 501697 ns
[2025-10-15T14:22:57.693-0700][1251][info ][gc,start    ] GC(18) Pause Young (Normal) (G1 Evacuation Pause)
[2025-10-15T14:22:57.693-0700][1251][info ][gc,task     ] GC(18) Using 113 workers of 113 for evacuation
[2025-10-15T14:22:57.696-0700][1251][debug][gc,remset   ] GC(18) Visited cards 316416 Total dirty 655360 (48.28%) Total old 38404096 (0.82%)
[2025-10-15T14:22:57.729-0700][1251][info ][gc,phases   ] GC(18)   Pre Evacuate Collection Set: 0.6ms
[2025-10-15T14:22:57.729-0700][1251][info ][gc,phases   ] GC(18)   Merge Heap Roots: 2.0ms
[2025-10-15T14:22:57.729-0700][1251][info ][gc,phases   ] GC(18)   Evacuate Collection Set: 29.4ms
[2025-10-15T14:22:57.729-0700][1251][info ][gc,phases   ] GC(18)   Post Evacuate Collection Set: 3.8ms
[2025-10-15T14:22:57.729-0700][1251][info ][gc,phases   ] GC(18)   Other: 0.1ms
[2025-10-15T14:22:57.729-0700][1251][debug][gc,remset   ] GC(18) Coarsening (recent): Inline->AoC 156 (0) AoC->Howl 34 (0) Howl->Full 0 (0) Inline->AoC 190 (0) AoC->BitMap 15 (0) BitMap->Full 0 (0)
[2025-10-15T14:22:57.729-0700][1251][debug][gc,remset   ] GC(18) Coarsening (all): Inline->AoC 156 (0) AoC->Howl 34 (0) Howl->Full 0 (0) Inline->AoC 190 (0) AoC->BitMap 15 (0) BitMap->Full 0 (0)
[2025-10-15T14:22:57.729-0700][1251][info ][gc,heap     ] GC(18) Eden regions: 270->0(266)
[2025-10-15T14:22:57.729-0700][1251][info ][gc,heap     ] GC(18) Survivor regions: 18->22(36)
[2025-10-15T14:22:57.729-0700][1251][info ][gc,heap     ] GC(18) Old regions: 10->10
[2025-10-15T14:22:57.729-0700][1251][info ][gc,heap     ] GC(18) Humongous regions: 0->0
[2025-10-15T14:22:57.729-0700][1251][info ][gc,metaspace] GC(18) Metaspace: 210624K(213184K)->210624K(213184K) NonClass: 185969K(187392K)->185969K(187392K) Class: 24654K(25792K)->24654K(25792K)
[2025-10-15T14:22:57.729-0700][1251][info ][gc          ] GC(18) Pause Young (Normal) (G1 Evacuation Pause) 9508M->989M(184320M) 36.009ms
[2025-10-15T14:22:57.730-0700][1251][info ][gc,cpu      ] GC(18) User=1.24s Sys=0.25s Real=0.04s
[2025-10-15T14:22:57.730-0700][1251][info ][safepoint   ] Safepoint "G1CollectForAllocation", Time since last: 1600411241 ns, Reaching safepoint: 423749 ns, Cleanup: 5689 ns, At safepoint: 37555468 ns, Total: 37984906 ns
[2025-10-15T14:23:01.731-0700][1251][info ][safepoint   ] Safepoint "Cleanup", Time since last: 4000355910 ns, Reaching safepoint: 410429 ns, Cleanup: 18948 ns, At safepoint: 59089 ns, Total: 488466 ns
[2025-10-15T14:23:02.732-0700][1251][info ][safepoint   ] Safepoint "Cleanup", Time since last: 1000137413 ns, Reaching safepoint: 421596 ns, Cleanup: 30296 ns, At safepoint: 57697 ns, Total: 509589 ns
[2025-10-15T14:23:04.087-0700][1251][info ][safepoint   ] Safepoint "Cleanup", Time since last: 1354844676 ns, Reaching safepoint: 412743 ns, Cleanup: 23004 ns, At safepoint: 59109 ns, Total: 494856 ns
[2025-10-15T14:23:05.088-0700][1251][info ][safepoint   ] Safepoint "Cleanup", Time since last: 1000123783 ns, Reaching safepoint: 434706 ns, Cleanup: 19559 ns, At safepoint: 64628 ns, Total: 518893 ns
[2025-10-15T14:23:09.088-0700][1251][info ][safepoint   ] Safepoint "Cleanup", Time since last: 4000317131 ns, Reaching safepoint: 453494 ns, Cleanup: 13390 ns, At safepoint: 58398 ns, Total: 525282 ns
[2025-10-15T14:23:10.089-0700][1251][info ][safepoint   ] Safepoint "Cleanup", Time since last: 1000130372 ns, Reaching safepoint: 409428 ns, Cleanup: 19900 ns, At safepoint: 55984 ns, Total: 485312 ns
[2025-10-15T14:23:11.090-0700][1251][info ][safepoint   ] Safepoint "Cleanup", Time since last: 1000141890 ns, Reaching safepoint: 421546 ns, Cleanup: 12839 ns, At safepoint: 59059 ns, Total: 493444 ns
[2025-10-15T14:23:12.090-0700][1251][info ][safepoint   ] Safepoint "Cleanup", Time since last: 1000134008 ns, Reaching safepoint: 411471 ns, Cleanup: 25809 ns, At safepoint: 58888 ns, Total: 496168 ns
[2025-10-15T14:23:13.091-0700][1251][info ][safepoint   ] Safepoint "Cleanup", Time since last: 1000118285 ns, Reaching safepoint: 361435 ns, Cleanup: 24346 ns, At safepoint: 37026 ns, Total: 422807 ns
[2025-10-15T14:23:16.092-0700][1251][info ][safepoint   ] Safepoint "Cleanup", Time since last: 3000285558 ns, Reaching safepoint: 430109 ns, Cleanup: 17636 ns, At safepoint: 57998 ns, Total: 505743 ns
[2025-10-15T14:23:17.092-0700][1251][info ][safepoint   ] Safepoint "Cleanup", Time since last: 1000130062 ns, Reaching safepoint: 417009 ns, Cleanup: 14251 ns, At safepoint: 87763 ns, Total: 519023 ns
[2025-10-15T14:23:18.093-0700][1251][info ][safepoint   ] Safepoint "Cleanup", Time since last: 1000128709 ns, Reaching safepoint: 410510 ns, Cleanup: 19960 ns, At safepoint: 59429 ns, Total: 489899 ns
[2025-10-15T14:23:19.094-0700][1251][info ][safepoint   ] Safepoint "Cleanup", Time since last: 1000127518 ns, Reaching safepoint: 413003 ns, Cleanup: 29174 ns, At safepoint: 57757 ns, Total: 499934 ns
[2025-10-15T14:23:22.094-0700][1251][info ][safepoint   ] Safepoint "Cleanup", Time since last: 3000278908 ns, Reaching safepoint: 411381 ns, Cleanup: 30355 ns, At safepoint: 58198 ns, Total: 499934 ns
[2025-10-15T14:23:23.095-0700][1251][info ][safepoint   ] Safepoint "Cleanup", Time since last: 1000102891 ns, Reaching safepoint: 415617 ns, Cleanup: 32829 ns, At safepoint: 60532 ns, Total: 508978 ns
[2025-10-15T14:23:24.096-0700][1251][info ][safepoint   ] Safepoint "Cleanup", Time since last: 1000133006 ns, Reaching safepoint: 441957 ns, Cleanup: 23876 ns, At safepoint: 58989 ns, Total: 524822 ns
[2025-10-15T14:23:27.096-0700][1251][info ][safepoint   ] Safepoint "Cleanup", Time since last: 3000298437 ns, Reaching safepoint: 442137 ns, Cleanup: 14702 ns, At safepoint: 57146 ns, Total: 513985 ns
[2025-10-15T14:23:28.097-0700][1251][info ][safepoint   ] Safepoint "Cleanup", Time since last: 1000111023 ns, Reaching safepoint: 416879 ns, Cleanup: 15784 ns, At safepoint: 56745 ns, Total: 489408 ns
[2025-10-15T14:23:29.097-0700][1251][info ][safepoint   ] Safepoint "Cleanup", Time since last: 1000104714 ns, Reaching safepoint: 353513 ns, Cleanup: 10246 ns, At safepoint: 35353 ns, Total: 399112 ns
[2025-10-15T14:23:31.098-0700][1251][info ][safepoint   ] Safepoint "Cleanup", Time since last: 2000171260 ns, Reaching safepoint: 366302 ns, Cleanup: 26160 ns, At safepoint: 35664 ns, Total: 428126 ns
[2025-10-15T14:23:32.099-0700][1251][info ][safepoint   ] Safepoint "Cleanup", Time since last: 1000125114 ns, Reaching safepoint: 439202 ns, Cleanup: 20662 ns, At safepoint: 55533 ns, Total: 515397 ns
[2025-10-15T14:23:33.099-0700][1251][info ][safepoint   ] Safepoint "Cleanup", Time since last: 1000128544 ns, Reaching safepoint: 460224 ns, Cleanup: 15734 ns, At safepoint: 37286 ns, Total: 513244 ns
[2025-10-15T14:23:34.100-0700][1251][info ][safepoint   ] Safepoint "Cleanup", Time since last: 1000120119 ns, Reaching safepoint: 430730 ns, Cleanup: 17196 ns, At safepoint: 58548 ns, Total: 506474 ns
[2025-10-15T14:23:35.101-0700][1251][info ][safepoint   ] Safepoint "Cleanup", Time since last: 1000121411 ns, Reaching safepoint: 458311 ns, Cleanup: 18218 ns, At safepoint: 55053 ns, Total: 531582 ns
[2025-10-15T14:23:36.101-0700][1251][info ][safepoint   ] Safepoint "Cleanup", Time since last: 1000134751 ns, Reaching safepoint: 431581 ns, Cleanup: 23926 ns, At safepoint: 57567 ns, Total: 513074 ns
[2025-10-15T14:23:38.102-0700][1251][info ][safepoint   ] Safepoint "Cleanup", Time since last: 2000215532 ns, Reaching safepoint: 409036 ns, Cleanup: 23386 ns, At safepoint: 57817 ns, Total: 490239 ns
[2025-10-15T14:23:39.103-0700][1251][info ][safepoint   ] Safepoint "Cleanup", Time since last: 1000134071 ns, Reaching safepoint: 433914 ns, Cleanup: 17666 ns, At safepoint: 57777 ns, Total: 509357 ns
[2025-10-15T14:23:42.103-0700][1251][info ][safepoint   ] Safepoint "Cleanup", Time since last: 3000302612 ns, Reaching safepoint: 421466 ns, Cleanup: 14011 ns, At safepoint: 56044 ns, Total: 491521 ns
[2025-10-15T14:23:43.104-0700][1251][info ][safepoint   ] Safepoint "Cleanup", Time since last: 1000142464 ns, Reaching safepoint: 410919 ns, Cleanup: 25959 ns, At safepoint: 56325 ns, Total: 493203 ns
[2025-10-15T14:23:44.105-0700][1251][info ][safepoint   ] Safepoint "Cleanup", Time since last: 1000133971 ns, Reaching safepoint: 420454 ns, Cleanup: 19429 ns, At safepoint: 57857 ns, Total: 497740 ns
[2025-10-15T14:23:50.106-0700][1251][info ][safepoint   ] Safepoint "Cleanup", Time since last: 6000470692 ns, Reaching safepoint: 382226 ns, Cleanup: 17897 ns, At safepoint: 36635 ns, Total: 436758 ns
[2025-10-15T14:23:51.106-0700][1251][info ][safepoint   ] Safepoint "Cleanup", Time since last: 1000103475 ns, Reaching safepoint: 365321 ns, Cleanup: 13199 ns, At safepoint: 35434 ns, Total: 413954 ns
[2025-10-15T14:23:54.107-0700][1251][info ][safepoint   ] Safepoint "Cleanup", Time since last: 3000243943 ns, Reaching safepoint: 375486 ns, Cleanup: 20511 ns, At safepoint: 35203 ns, Total: 431200 ns
[2025-10-15T14:23:55.107-0700][1251][info ][safepoint   ] Safepoint "Cleanup", Time since last: 1000125588 ns, Reaching safepoint: 418551 ns, Cleanup: 18939 ns, At safepoint: 58838 ns, Total: 496328 ns
[2025-10-15T14:23:56.108-0700][1251][info ][safepoint   ] Safepoint "Cleanup", Time since last: 1000133841 ns, Reaching safepoint: 419121 ns, Cleanup: 29074 ns, At safepoint: 58448 ns, Total: 506643 ns
[2025-10-15T14:23:59.109-0700][1251][info ][safepoint   ] Safepoint "Cleanup", Time since last: 3000272817 ns, Reaching safepoint: 367534 ns, Cleanup: 12039 ns, At safepoint: 36104 ns, Total: 415677 ns
[2025-10-15T14:24:02.110-0700][1251][info ][safepoint   ] Safepoint "Cleanup", Time since last: 3000282191 ns, Reaching safepoint: 415767 ns, Cleanup: 18688 ns, At safepoint: 56776 ns, Total: 491231 ns
[2025-10-15T14:24:04.109-0700][1251][info ][safepoint   ] Safepoint "Cleanup", Time since last: 1999336617 ns, Reaching safepoint: 425041 ns, Cleanup: 19609 ns, At safepoint: 55824 ns, Total: 500474 ns
[2025-10-15T14:24:05.110-0700][1251][info ][safepoint   ] Safepoint "Cleanup", Time since last: 1000129554 ns, Reaching safepoint: 412241 ns, Cleanup: 21273 ns, At safepoint: 56124 ns, Total: 489638 ns
[2025-10-15T14:24:06.111-0700][1251][info ][safepoint   ] Safepoint "Cleanup", Time since last: 1000131737 ns, Reaching safepoint: 419753 ns, Cleanup: 13701 ns, At safepoint: 54672 ns, Total: 488126 ns
[2025-10-15T14:24:08.111-0700][1251][info ][safepoint   ] Safepoint "Cleanup", Time since last: 2000215662 ns, Reaching safepoint: 424560 ns, Cleanup: 30106 ns, At safepoint: 57146 ns, Total: 511812 ns
[2025-10-15T14:24:10.112-0700][1251][info ][safepoint   ] Safepoint "Cleanup", Time since last: 2000203614 ns, Reaching safepoint: 408385 ns, Cleanup: 21443 ns, At safepoint: 53480 ns, Total: 483308 ns
[2025-10-15T14:24:11.113-0700][1251][info ][safepoint   ] Safepoint "Cleanup", Time since last: 1000125208 ns, Reaching safepoint: 431180 ns, Cleanup: 11377 ns, At safepoint: 56525 ns, Total: 499082 ns
[2025-10-15T14:24:13.113-0700][1251][info ][safepoint   ] Safepoint "Cleanup", Time since last: 2000202222 ns, Reaching safepoint: 429688 ns, Cleanup: 14612 ns, At safepoint: 57717 ns, Total: 502017 ns
[2025-10-15T14:24:14.114-0700][1251][info ][safepoint   ] Safepoint "Cleanup", Time since last: 1000104396 ns, Reaching safepoint: 400694 ns, Cleanup: 17005 ns, At safepoint: 56335 ns, Total: 474034 ns
[2025-10-15T14:24:18.115-0700][1251][info ][safepoint   ] Safepoint "Cleanup", Time since last: 4000383556 ns, Reaching safepoint: 411610 ns, Cleanup: 14252 ns, At safepoint: 54242 ns, Total: 480104 ns
[2025-10-15T14:24:19.115-0700][1251][info ][safepoint   ] Safepoint "Cleanup", Time since last: 1000134414 ns, Reaching safepoint: 420444 ns, Cleanup: 14011 ns, At safepoint: 57176 ns, Total: 491631 ns
[2025-10-15T14:24:20.116-0700][1251][info ][safepoint   ] Safepoint "Cleanup", Time since last: 1000131510 ns, Reaching safepoint: 392342 ns, Cleanup: 25909 ns, At safepoint: 57667 ns, Total: 475918 ns
[2025-10-15T14:24:23.117-0700][1251][info ][safepoint   ] Safepoint "Cleanup", Time since last: 3000289481 ns, Reaching safepoint: 361125 ns, Cleanup: 20280 ns, At safepoint: 34913 ns, Total: 416318 ns
[2025-10-15T14:24:24.117-0700][1251][info ][safepoint   ] Safepoint "Cleanup", Time since last: 1000126572 ns, Reaching safepoint: 423339 ns, Cleanup: 37997 ns, At safepoint: 58678 ns, Total: 520014 ns
[2025-10-15T14:24:26.118-0700][1251][info ][safepoint   ] Safepoint "Cleanup", Time since last: 2000207787 ns, Reaching safepoint: 384089 ns, Cleanup: 12749 ns, At safepoint: 36956 ns, Total: 433794 ns
[2025-10-15T14:24:27.119-0700][1251][info ][safepoint   ] Safepoint "Cleanup", Time since last: 1000123458 ns, Reaching safepoint: 423538 ns, Cleanup: 16285 ns, At safepoint: 57577 ns, Total: 497400 ns
[2025-10-15T14:24:28.119-0700][1251][info ][safepoint   ] Safepoint "Cleanup", Time since last: 1000133172 ns, Reaching safepoint: 412042 ns, Cleanup: 17105 ns, At safepoint: 70857 ns, Total: 500004 ns
[2025-10-15T14:24:29.120-0700][1251][info ][safepoint   ] Safepoint "Cleanup", Time since last: 1000126182 ns, Reaching safepoint: 410810 ns, Cleanup: 17566 ns, At safepoint: 57316 ns, Total: 485692 ns
[2025-10-15T14:24:29.285-0700][1251][info ][gc,start    ] GC(19) Pause Young (Normal) (G1 Evacuation Pause)
[2025-10-15T14:24:29.285-0700][1251][info ][gc,task     ] GC(19) Using 113 workers of 113 for evacuation
[2025-10-15T14:24:29.287-0700][1251][debug][gc,remset   ] GC(19) Visited cards 320768 Total dirty 655360 (48.95%) Total old 38404096 (0.84%)
[2025-10-15T14:24:29.326-0700][1251][info ][gc,phases   ] GC(19)   Pre Evacuate Collection Set: 0.6ms
[2025-10-15T14:24:29.327-0700][1251][info ][gc,phases   ] GC(19)   Merge Heap Roots: 1.6ms
[2025-10-15T14:24:29.327-0700][1251][info ][gc,phases   ] GC(19)   Evacuate Collection Set: 36.1ms
[2025-10-15T14:24:29.327-0700][1251][info ][gc,phases   ] GC(19)   Post Evacuate Collection Set: 3.3ms
[2025-10-15T14:24:29.327-0700][1251][info ][gc,phases   ] GC(19)   Other: 0.1ms
[2025-10-15T14:24:29.327-0700][1251][debug][gc,remset   ] GC(19) Coarsening (recent): Inline->AoC 0 (0) AoC->Howl 0 (0) Howl->Full 0 (0) Inline->AoC 0 (0) AoC->BitMap 0 (0) BitMap->Full 0 (0)
[2025-10-15T14:24:29.327-0700][1251][debug][gc,remset   ] GC(19) Coarsening (all): Inline->AoC 156 (0) AoC->Howl 34 (0) Howl->Full 0 (0) Inline->AoC 190 (0) AoC->BitMap 15 (0) BitMap->Full 0 (0)
[2025-10-15T14:24:29.327-0700][1251][info ][gc,heap     ] GC(19) Eden regions: 266->0(261)
[2025-10-15T14:24:29.327-0700][1251][info ][gc,heap     ] GC(19) Survivor regions: 22->27(36)
[2025-10-15T14:24:29.327-0700][1251][info ][gc,heap     ] GC(19) Old regions: 10->11
[2025-10-15T14:24:29.327-0700][1251][info ][gc,heap     ] GC(19) Humongous regions: 0->0
[2025-10-15T14:24:29.327-0700][1251][info ][gc,metaspace] GC(19) Metaspace: 211172K(213632K)->211172K(213632K) NonClass: 186497K(187840K)->186497K(187840K) Class: 24674K(25792K)->24674K(25792K)
[2025-10-15T14:24:29.327-0700][1251][info ][gc          ] GC(19) Pause Young (Normal) (G1 Evacuation Pause) 9501M->1179M(184320M) 41.908ms
[2025-10-15T14:24:29.327-0700][1251][info ][gc,cpu      ] GC(19) User=1.52s Sys=0.19s Real=0.04s
[2025-10-15T14:24:29.327-0700][1251][info ][safepoint   ] Safepoint "G1CollectForAllocation", Time since last: 163645923 ns, Reaching safepoint: 410539 ns, Cleanup: 6180 ns, At safepoint: 43525065 ns, Total: 43941784 ns
[2025-10-15T14:24:31.328-0700][1251][info ][safepoint   ] Safepoint "Cleanup", Time since last: 2000192863 ns, Reaching safepoint: 412933 ns, Cleanup: 13190 ns, At safepoint: 57597 ns, Total: 483720 ns
[2025-10-15T14:24:32.329-0700][1251][info ][safepoint   ] Safepoint "Cleanup", Time since last: 1000121605 ns, Reaching safepoint: 413964 ns, Cleanup: 25629 ns, At safepoint: 57316 ns, Total: 496909 ns
[2025-10-15T14:24:33.329-0700][1251][info ][safepoint   ] Safepoint "Cleanup", Time since last: 1000144620 ns, Reaching safepoint: 440154 ns, Cleanup: 29063 ns, At safepoint: 59660 ns, Total: 528877 ns
[2025-10-15T14:24:37.330-0700][1251][info ][safepoint   ] Safepoint "Cleanup", Time since last: 4000377799 ns, Reaching safepoint: 424580 ns, Cleanup: 19900 ns, At safepoint: 64177 ns, Total: 508657 ns
[2025-10-15T14:24:38.331-0700][1251][info ][safepoint   ] Safepoint "Cleanup", Time since last: 1000131879 ns, Reaching safepoint: 415496 ns, Cleanup: 16285 ns, At safepoint: 58598 ns, Total: 490379 ns
[2025-10-15T14:24:43.332-0700][1251][info ][safepoint   ] Safepoint "Cleanup", Time since last: 5000464423 ns, Reaching safepoint: 414324 ns, Cleanup: 14252 ns, At safepoint: 56445 ns, Total: 485021 ns
[2025-10-15T14:24:47.333-0700][1251][info ][safepoint   ] Safepoint "Cleanup", Time since last: 4000341637 ns, Reaching safepoint: 412662 ns, Cleanup: 15643 ns, At safepoint: 64447 ns, Total: 492752 ns
[2025-10-15T14:24:50.334-0700][1251][info ][safepoint   ] Safepoint "Cleanup", Time since last: 3000275808 ns, Reaching safepoint: 437920 ns, Cleanup: 15213 ns, At safepoint: 57276 ns, Total: 510409 ns
[2025-10-15T14:24:51.334-0700][1251][info ][safepoint   ] Safepoint "Cleanup", Time since last: 1000105640 ns, Reaching safepoint: 418781 ns, Cleanup: 13290 ns, At safepoint: 59620 ns, Total: 491691 ns
[2025-10-15T14:24:52.335-0700][1251][info ][safepoint   ] Safepoint "Cleanup", Time since last: 1000135504 ns, Reaching safepoint: 416338 ns, Cleanup: 15944 ns, At safepoint: 56996 ns, Total: 489278 ns
[2025-10-15T14:24:54.335-0700][1251][info ][safepoint   ] Safepoint "Cleanup", Time since last: 2000195365 ns, Reaching safepoint: 426893 ns, Cleanup: 18238 ns, At safepoint: 57557 ns, Total: 502688 ns
[2025-10-15T14:24:55.336-0700][1251][info ][safepoint   ] Safepoint "Cleanup", Time since last: 1000132530 ns, Reaching safepoint: 418781 ns, Cleanup: 28122 ns, At safepoint: 60281 ns, Total: 507184 ns
[2025-10-15T14:24:58.337-0700][1251][info ][safepoint   ] Safepoint "Cleanup", Time since last: 3000284371 ns, Reaching safepoint: 420082 ns, Cleanup: 13861 ns, At safepoint: 60491 ns, Total: 494434 ns
[2025-10-15T14:25:00.338-0700][1251][info ][safepoint   ] Safepoint "Cleanup", Time since last: 2000211581 ns, Reaching safepoint: 424689 ns, Cleanup: 16575 ns, At safepoint: 65830 ns, Total: 507094 ns
[2025-10-15T14:25:01.338-0700][1251][info ][safepoint   ] Safepoint "Cleanup", Time since last: 1000130006 ns, Reaching safepoint: 429217 ns, Cleanup: 27311 ns, At safepoint: 52249 ns, Total: 508777 ns
[2025-10-15T14:25:02.339-0700][1251][info ][safepoint   ] Safepoint "Cleanup", Time since last: 1000127613 ns, Reaching safepoint: 418480 ns, Cleanup: 12809 ns, At safepoint: 57827 ns, Total: 489116 ns
[2025-10-15T14:25:04.131-0700][1251][info ][safepoint   ] Safepoint "Cleanup", Time since last: 1791477245 ns, Reaching safepoint: 413864 ns, Cleanup: 17536 ns, At safepoint: 56515 ns, Total: 487915 ns
[2025-10-15T14:25:05.131-0700][1251][info ][safepoint   ] Safepoint "Cleanup", Time since last: 1000115776 ns, Reaching safepoint: 375976 ns, Cleanup: 12078 ns, At safepoint: 36245 ns, Total: 424299 ns
[2025-10-15T14:25:08.132-0700][1251][info ][safepoint   ] Safepoint "Cleanup", Time since last: 3000288426 ns, Reaching safepoint: 415316 ns, Cleanup: 25939 ns, At safepoint: 55914 ns, Total: 497169 ns
[2025-10-15T14:25:09.133-0700][1251][info ][safepoint   ] Safepoint "Cleanup", Time since last: 1000123587 ns, Reaching safepoint: 361355 ns, Cleanup: 12569 ns, At safepoint: 35123 ns, Total: 409047 ns
[2025-10-15T14:25:11.133-0700][1251][info ][safepoint   ] Safepoint "Cleanup", Time since last: 2000198129 ns, Reaching safepoint: 442968 ns, Cleanup: 14742 ns, At safepoint: 58568 ns, Total: 516278 ns
[2025-10-15T14:25:12.134-0700][1251][info ][safepoint   ] Safepoint "Cleanup", Time since last: 1000104248 ns, Reaching safepoint: 373683 ns, Cleanup: 11367 ns, At safepoint: 34152 ns, Total: 419202 ns
[2025-10-15T14:25:13.135-0700][1251][info ][safepoint   ] Safepoint "Cleanup", Time since last: 1000108113 ns, Reaching safepoint: 436658 ns, Cleanup: 20230 ns, At safepoint: 60421 ns, Total: 517309 ns
[2025-10-15T14:25:14.135-0700][1251][info ][safepoint   ] Safepoint "Cleanup", Time since last: 1000138650 ns, Reaching safepoint: 414615 ns, Cleanup: 14371 ns, At safepoint: 61984 ns, Total: 490970 ns
[2025-10-15T14:25:18.136-0700][1251][info ][safepoint   ] Safepoint "Cleanup", Time since last: 4000336499 ns, Reaching safepoint: 411601 ns, Cleanup: 16905 ns, At safepoint: 61272 ns, Total: 489778 ns
[2025-10-15T14:25:19.137-0700][1251][info ][safepoint   ] Safepoint "Cleanup", Time since last: 1000118830 ns, Reaching safepoint: 409868 ns, Cleanup: 26810 ns, At safepoint: 57787 ns, Total: 494465 ns
[2025-10-15T14:25:20.137-0700][1251][info ][safepoint   ] Safepoint "Cleanup", Time since last: 1000114362 ns, Reaching safepoint: 413364 ns, Cleanup: 16394 ns, At safepoint: 56355 ns, Total: 486113 ns
[2025-10-15T14:25:23.138-0700][1251][info ][safepoint   ] Safepoint "Cleanup", Time since last: 3000258118 ns, Reaching safepoint: 409858 ns, Cleanup: 25288 ns, At safepoint: 58448 ns, Total: 493594 ns
[2025-10-15T14:25:24.139-0700][1251][info ][safepoint   ] Safepoint "Cleanup", Time since last: 1000131044 ns, Reaching safepoint: 424520 ns, Cleanup: 17456 ns, At safepoint: 58669 ns, Total: 500645 ns
[2025-10-15T14:25:26.139-0700][1251][info ][safepoint   ] Safepoint "Cleanup", Time since last: 2000191691 ns, Reaching safepoint: 407755 ns, Cleanup: 24627 ns, At safepoint: 77096 ns, Total: 509478 ns
[2025-10-15T14:25:27.140-0700][1251][info ][safepoint   ] Safepoint "Cleanup", Time since last: 1000114429 ns, Reaching safepoint: 368195 ns, Cleanup: 21532 ns, At safepoint: 36175 ns, Total: 425902 ns
[2025-10-15T14:25:28.140-0700][1251][info ][safepoint   ] Safepoint "Cleanup", Time since last: 1000119326 ns, Reaching safepoint: 427484 ns, Cleanup: 30687 ns, At safepoint: 54762 ns, Total: 512933 ns
[2025-10-15T14:25:29.141-0700][1251][info ][safepoint   ] Safepoint "Cleanup", Time since last: 1000119787 ns, Reaching safepoint: 421946 ns, Cleanup: 21923 ns, At safepoint: 57637 ns, Total: 501506 ns
[2025-10-15T14:25:30.142-0700][1251][info ][safepoint   ] Safepoint "Cleanup", Time since last: 1000119406 ns, Reaching safepoint: 423910 ns, Cleanup: 13210 ns, At safepoint: 57166 ns, Total: 494286 ns
[2025-10-15T14:25:31.142-0700][1251][info ][safepoint   ] Safepoint "Cleanup", Time since last: 1000114759 ns, Reaching safepoint: 363027 ns, Cleanup: 12269 ns, At safepoint: 33691 ns, Total: 408987 ns
[2025-10-15T14:25:32.143-0700][1251][info ][safepoint   ] Safepoint "Cleanup", Time since last: 1000128880 ns, Reaching safepoint: 411551 ns, Cleanup: 19980 ns, At safepoint: 55183 ns, Total: 486714 ns
[2025-10-15T14:25:33.143-0700][1251][info ][safepoint   ] Safepoint "Cleanup", Time since last: 1000123492 ns, Reaching safepoint: 422778 ns, Cleanup: 30115 ns, At safepoint: 55204 ns, Total: 508097 ns
[2025-10-15T14:25:34.144-0700][1251][info ][safepoint   ] Safepoint "Cleanup", Time since last: 1000117282 ns, Reaching safepoint: 411651 ns, Cleanup: 16796 ns, At safepoint: 54442 ns, Total: 482889 ns
[2025-10-15T14:25:36.145-0700][1251][info ][safepoint   ] Safepoint "Cleanup", Time since last: 2000208206 ns, Reaching safepoint: 412502 ns, Cleanup: 19780 ns, At safepoint: 58388 ns, Total: 490670 ns
[2025-10-15T14:25:37.145-0700][1251][info ][safepoint   ] Safepoint "Cleanup", Time since last: 1000123432 ns, Reaching safepoint: 425071 ns, Cleanup: 14372 ns, At safepoint: 59680 ns, Total: 499123 ns
[2025-10-15T14:25:38.146-0700][1251][info ][safepoint   ] Safepoint "Cleanup", Time since last: 1000125845 ns, Reaching safepoint: 412542 ns, Cleanup: 27302 ns, At safepoint: 56345 ns, Total: 496189 ns
[2025-10-15T14:25:38.445-0700][1251][info ][gc,start    ] GC(20) Pause Young (Normal) (G1 Evacuation Pause)
[2025-10-15T14:25:38.446-0700][1251][info ][gc,task     ] GC(20) Using 113 workers of 113 for evacuation
[2025-10-15T14:25:38.448-0700][1251][debug][gc,remset   ] GC(20) Visited cards 368128 Total dirty 720896 (51.07%) Total old 38469632 (0.96%)
[2025-10-15T14:25:38.487-0700][1251][info ][gc,phases   ] GC(20)   Pre Evacuate Collection Set: 0.6ms
[2025-10-15T14:25:38.487-0700][1251][info ][gc,phases   ] GC(20)   Merge Heap Roots: 1.8ms
[2025-10-15T14:25:38.487-0700][1251][info ][gc,phases   ] GC(20)   Evacuate Collection Set: 36.1ms
[2025-10-15T14:25:38.487-0700][1251][info ][gc,phases   ] GC(20)   Post Evacuate Collection Set: 2.8ms
[2025-10-15T14:25:38.487-0700][1251][info ][gc,phases   ] GC(20)   Other: 0.1ms
[2025-10-15T14:25:38.487-0700][1251][debug][gc,remset   ] GC(20) Coarsening (recent): Inline->AoC 0 (0) AoC->Howl 0 (0) Howl->Full 0 (0) Inline->AoC 0 (0) AoC->BitMap 0 (0) BitMap->Full 0 (0)
[2025-10-15T14:25:38.487-0700][1251][debug][gc,remset   ] GC(20) Coarsening (all): Inline->AoC 156 (0) AoC->Howl 34 (0) Howl->Full 0 (0) Inline->AoC 190 (0) AoC->BitMap 15 (0) BitMap->Full 0 (0)
[2025-10-15T14:25:38.487-0700][1251][info ][gc,heap     ] GC(20) Eden regions: 261->0(260)
[2025-10-15T14:25:38.487-0700][1251][info ][gc,heap     ] GC(20) Survivor regions: 27->28(36)
[2025-10-15T14:25:38.487-0700][1251][info ][gc,heap     ] GC(20) Old regions: 11->17
[2025-10-15T14:25:38.487-0700][1251][info ][gc,heap     ] GC(20) Humongous regions: 0->0
[2025-10-15T14:25:38.487-0700][1251][info ][gc,metaspace] GC(20) Metaspace: 211333K(213824K)->211333K(213824K) NonClass: 186657K(188032K)->186657K(188032K) Class: 24675K(25792K)->24675K(25792K)
[2025-10-15T14:25:38.487-0700][1251][info ][gc          ] GC(20) Pause Young (Normal) (G1 Evacuation Pause) 9531M->1410M(184320M) 41.499ms
[2025-10-15T14:25:38.488-0700][1251][info ][gc,cpu      ] GC(20) User=1.71s Sys=0.15s Real=0.04s
[2025-10-15T14:25:38.488-0700][1251][info ][safepoint   ] Safepoint "G1CollectForAllocation", Time since last: 298332033 ns, Reaching safepoint: 393063 ns, Cleanup: 15133 ns, At safepoint: 43089913 ns, Total: 43498109 ns
[2025-10-15T14:25:40.489-0700][1251][info ][safepoint   ] Safepoint "Cleanup", Time since last: 2000159733 ns, Reaching safepoint: 502057 ns, Cleanup: 16195 ns, At safepoint: 70346 ns, Total: 588598 ns
[2025-10-15T14:25:41.489-0700][1251][info ][safepoint   ] Safepoint "Cleanup", Time since last: 1000111234 ns, Reaching safepoint: 418000 ns, Cleanup: 14402 ns, At safepoint: 41933 ns, Total: 474335 ns
[2025-10-15T14:25:42.490-0700][1251][info ][safepoint   ] Safepoint "Cleanup", Time since last: 1000123946 ns, Reaching safepoint: 413133 ns, Cleanup: 17636 ns, At safepoint: 57046 ns, Total: 487815 ns
[2025-10-15T14:25:43.490-0700][1251][info ][safepoint   ] Safepoint "Cleanup", Time since last: 1000104354 ns, Reaching safepoint: 399742 ns, Cleanup: 26740 ns, At safepoint: 36565 ns, Total: 463047 ns
[2025-10-15T14:25:45.491-0700][1251][info ][safepoint   ] Safepoint "Cleanup", Time since last: 2000187486 ns, Reaching safepoint: 416918 ns, Cleanup: 12980 ns, At safepoint: 57015 ns, Total: 486913 ns
[2025-10-15T14:25:46.492-0700][1251][info ][safepoint   ] Safepoint "Cleanup", Time since last: 1000130043 ns, Reaching safepoint: 416738 ns, Cleanup: 12709 ns, At safepoint: 58979 ns, Total: 488426 ns
[2025-10-15T14:25:48.492-0700][1251][info ][safepoint   ] Safepoint "Cleanup", Time since last: 2000162057 ns, Reaching safepoint: 358190 ns, Cleanup: 10255 ns, At safepoint: 35483 ns, Total: 403928 ns
[2025-10-15T14:25:49.493-0700][1251][info ][safepoint   ] Safepoint "Cleanup", Time since last: 1000121831 ns, Reaching safepoint: 409376 ns, Cleanup: 12339 ns, At safepoint: 60882 ns, Total: 482597 ns
[2025-10-15T14:25:52.494-0700][1251][info ][safepoint   ] Safepoint "Cleanup", Time since last: 3000291018 ns, Reaching safepoint: 445591 ns, Cleanup: 17086 ns, At safepoint: 58758 ns, Total: 521435 ns
[2025-10-15T14:25:53.494-0700][1251][info ][safepoint   ] Safepoint "Cleanup", Time since last: 1000106848 ns, Reaching safepoint: 415255 ns, Cleanup: 14202 ns, At safepoint: 57516 ns, Total: 486973 ns
[2025-10-15T14:25:54.495-0700][1251][info ][safepoint   ] Safepoint "Cleanup", Time since last: 1000137163 ns, Reaching safepoint: 417049 ns, Cleanup: 12989 ns, At safepoint: 58629 ns, Total: 488667 ns
[2025-10-15T14:25:55.495-0700][1251][info ][safepoint   ] Safepoint "Cleanup", Time since last: 1000132255 ns, Reaching safepoint: 439843 ns, Cleanup: 14622 ns, At safepoint: 56465 ns, Total: 510930 ns
[2025-10-15T14:25:56.496-0700][1251][info ][safepoint   ] Safepoint "Cleanup", Time since last: 1000136663 ns, Reaching safepoint: 426512 ns, Cleanup: 23505 ns, At safepoint: 60121 ns, Total: 510138 ns
[2025-10-15T14:25:57.497-0700][1251][info ][safepoint   ] Safepoint "Cleanup", Time since last: 1000126036 ns, Reaching safepoint: 425712 ns, Cleanup: 14311 ns, At safepoint: 59921 ns, Total: 499944 ns
[2025-10-15T14:25:58.497-0700][1251][info ][safepoint   ] Safepoint "Cleanup", Time since last: 1000134809 ns, Reaching safepoint: 422617 ns, Cleanup: 13060 ns, At safepoint: 60551 ns, Total: 496228 ns
[2025-10-15T14:26:01.498-0700][1251][info ][safepoint   ] Safepoint "Cleanup", Time since last: 3000295024 ns, Reaching safepoint: 418370 ns, Cleanup: 23776 ns, At safepoint: 55844 ns, Total: 497990 ns
[2025-10-15T14:26:02.499-0700][1251][info ][safepoint   ] Safepoint "Cleanup", Time since last: 1000066467 ns, Reaching safepoint: 411920 ns, Cleanup: 18218 ns, At safepoint: 55383 ns, Total: 485521 ns
[2025-10-15T14:26:08.152-0700][1251][info ][safepoint   ] Safepoint "Cleanup", Time since last: 5653071985 ns, Reaching safepoint: 410017 ns, Cleanup: 25048 ns, At safepoint: 55453 ns, Total: 490518 ns
[2025-10-15T14:26:11.153-0700][1251][info ][safepoint   ] Safepoint "Cleanup", Time since last: 3000242716 ns, Reaching safepoint: 411860 ns, Cleanup: 16004 ns, At safepoint: 54442 ns, Total: 482306 ns
[2025-10-15T14:26:14.154-0700][1251][info ][safepoint   ] Safepoint "Cleanup", Time since last: 3000283056 ns, Reaching safepoint: 403018 ns, Cleanup: 23215 ns, At safepoint: 36995 ns, Total: 463228 ns
[2025-10-15T14:26:18.155-0700][1251][info ][safepoint   ] Safepoint "Cleanup", Time since last: 4000353930 ns, Reaching safepoint: 420994 ns, Cleanup: 14131 ns, At safepoint: 54833 ns, Total: 489958 ns
[2025-10-15T14:26:19.155-0700][1251][info ][safepoint   ] Safepoint "Cleanup", Time since last: 1000120218 ns, Reaching safepoint: 362476 ns, Cleanup: 22203 ns, At safepoint: 36084 ns, Total: 420763 ns
[2025-10-15T14:26:22.156-0700][1251][info ][safepoint   ] Safepoint "Cleanup", Time since last: 3000156446 ns, Reaching safepoint: 414074 ns, Cleanup: 16995 ns, At safepoint: 60461 ns, Total: 491530 ns
[2025-10-15T14:26:23.156-0700][1251][info ][safepoint   ] Safepoint "Cleanup", Time since last: 1000116813 ns, Reaching safepoint: 439682 ns, Cleanup: 26510 ns, At safepoint: 55574 ns, Total: 521766 ns
[2025-10-15T14:26:24.157-0700][1251][info ][safepoint   ] Safepoint "Cleanup", Time since last: 1000127278 ns, Reaching safepoint: 418240 ns, Cleanup: 15393 ns, At safepoint: 59470 ns, Total: 493103 ns
[2025-10-15T14:26:29.158-0700][1251][info ][safepoint   ] Safepoint "Cleanup", Time since last: 5000407507 ns, Reaching safepoint: 413302 ns, Cleanup: 13471 ns, At safepoint: 56334 ns, Total: 483107 ns
[2025-10-15T14:26:32.159-0700][1251][info ][safepoint   ] Safepoint "Cleanup", Time since last: 3000260172 ns, Reaching safepoint: 373222 ns, Cleanup: 15363 ns, At safepoint: 34232 ns, Total: 422817 ns
[2025-10-15T14:26:37.159-0700][1251][info ][safepoint   ] Safepoint "Cleanup", Time since last: 5000368711 ns, Reaching safepoint: 421575 ns, Cleanup: 12399 ns, At safepoint: 62033 ns, Total: 496007 ns
[2025-10-15T14:26:38.160-0700][1251][info ][safepoint   ] Safepoint "Cleanup", Time since last: 1000128857 ns, Reaching safepoint: 411901 ns, Cleanup: 16785 ns, At safepoint: 45218 ns, Total: 473904 ns
[2025-10-15T14:26:41.161-0700][1251][info ][safepoint   ] Safepoint "Cleanup", Time since last: 3000235512 ns, Reaching safepoint: 372051 ns, Cleanup: 14782 ns, At safepoint: 55804 ns, Total: 442637 ns
[2025-10-15T14:26:42.161-0700][1251][info ][safepoint   ] Safepoint "Cleanup", Time since last: 1000107895 ns, Reaching safepoint: 370308 ns, Cleanup: 12829 ns, At safepoint: 36295 ns, Total: 419432 ns
[2025-10-15T14:26:45.162-0700][1251][info ][safepoint   ] Safepoint "Cleanup", Time since last: 3000303133 ns, Reaching safepoint: 408767 ns, Cleanup: 17786 ns, At safepoint: 56746 ns, Total: 483299 ns
[2025-10-15T14:26:46.163-0700][1251][info ][safepoint   ] Safepoint "Cleanup", Time since last: 1000130883 ns, Reaching safepoint: 444148 ns, Cleanup: 16756 ns, At safepoint: 56765 ns, Total: 517669 ns
[2025-10-15T14:26:50.164-0700][1251][info ][safepoint   ] Safepoint "Cleanup", Time since last: 4000382439 ns, Reaching safepoint: 423337 ns, Cleanup: 19870 ns, At safepoint: 57016 ns, Total: 500223 ns
[2025-10-15T14:26:51.164-0700][1251][info ][safepoint   ] Safepoint "Cleanup", Time since last: 1000132325 ns, Reaching safepoint: 413592 ns, Cleanup: 12309 ns, At safepoint: 66550 ns, Total: 492451 ns
[2025-10-15T14:26:53.165-0700][1251][info ][safepoint   ] Safepoint "Cleanup", Time since last: 2000204309 ns, Reaching safepoint: 419722 ns, Cleanup: 17396 ns, At safepoint: 57957 ns, Total: 495075 ns
[2025-10-15T14:26:54.166-0700][1251][info ][safepoint   ] Safepoint "Cleanup", Time since last: 1000137182 ns, Reaching safepoint: 430729 ns, Cleanup: 14021 ns, At safepoint: 57336 ns, Total: 502086 ns
[2025-10-15T14:26:55.166-0700][1251][info ][safepoint   ] Safepoint "Cleanup", Time since last: 1000135420 ns, Reaching safepoint: 417318 ns, Cleanup: 22063 ns, At safepoint: 58388 ns, Total: 497769 ns
[2025-10-15T14:26:56.167-0700][1251][info ][safepoint   ] Safepoint "Cleanup", Time since last: 1000144854 ns, Reaching safepoint: 413903 ns, Cleanup: 18949 ns, At safepoint: 57686 ns, Total: 490538 ns
[2025-10-15T14:27:01.168-0700][1251][info ][safepoint   ] Safepoint "Cleanup", Time since last: 5000458469 ns, Reaching safepoint: 419802 ns, Cleanup: 17627 ns, At safepoint: 59489 ns, Total: 496918 ns
[2025-10-15T14:27:02.168-0700][1251][info ][safepoint   ] Safepoint "Cleanup", Time since last: 1000133367 ns, Reaching safepoint: 424038 ns, Cleanup: 19519 ns, At safepoint: 55123 ns, Total: 498680 ns
[2025-10-15T14:27:03.169-0700][1251][info ][safepoint   ] Safepoint "Cleanup", Time since last: 1000128700 ns, Reaching safepoint: 416237 ns, Cleanup: 15343 ns, At safepoint: 34472 ns, Total: 466052 ns
[2025-10-15T14:27:08.174-0700][1251][info ][safepoint   ] Safepoint "Cleanup", Time since last: 5004336957 ns, Reaching safepoint: 413272 ns, Cleanup: 14442 ns, At safepoint: 60591 ns, Total: 488305 ns
[2025-10-15T14:27:11.175-0700][1251][info ][safepoint   ] Safepoint "Cleanup", Time since last: 3000293369 ns, Reaching safepoint: 442145 ns, Cleanup: 20181 ns, At safepoint: 57196 ns, Total: 519522 ns
[2025-10-15T14:27:14.175-0700][1251][info ][safepoint   ] Safepoint "Cleanup", Time since last: 3000306038 ns, Reaching safepoint: 424959 ns, Cleanup: 17186 ns, At safepoint: 57557 ns, Total: 499702 ns
[2025-10-15T14:27:19.176-0700][1251][info ][safepoint   ] Safepoint "Cleanup", Time since last: 5000436606 ns, Reaching safepoint: 431269 ns, Cleanup: 22033 ns, At safepoint: 56736 ns, Total: 510038 ns
[2025-10-15T14:27:21.179-0700][1251][info ][gc,start    ] GC(21) Pause Young (Normal) (G1 Evacuation Pause)
[2025-10-15T14:27:21.179-0700][1251][info ][gc,task     ] GC(21) Using 113 workers of 113 for evacuation
[2025-10-15T14:27:21.182-0700][1251][debug][gc,remset   ] GC(21) Visited cards 581632 Total dirty 1114112 (52.21%) Total old 38862848 (1.50%)
[2025-10-15T14:27:21.213-0700][1251][info ][gc,phases   ] GC(21)   Pre Evacuate Collection Set: 0.6ms
[2025-10-15T14:27:21.213-0700][1251][info ][gc,phases   ] GC(21)   Merge Heap Roots: 2.3ms
[2025-10-15T14:27:21.213-0700][1251][info ][gc,phases   ] GC(21)   Evacuate Collection Set: 28.2ms
[2025-10-15T14:27:21.213-0700][1251][info ][gc,phases   ] GC(21)   Post Evacuate Collection Set: 2.8ms
[2025-10-15T14:27:21.213-0700][1251][info ][gc,phases   ] GC(21)   Other: 0.1ms
[2025-10-15T14:27:21.213-0700][1251][debug][gc,remset   ] GC(21) Coarsening (recent): Inline->AoC 0 (0) AoC->Howl 0 (0) Howl->Full 0 (0) Inline->AoC 0 (0) AoC->BitMap 0 (0) BitMap->Full 0 (0)
[2025-10-15T14:27:21.213-0700][1251][debug][gc,remset   ] GC(21) Coarsening (all): Inline->AoC 156 (0) AoC->Howl 34 (0) Howl->Full 0 (0) Inline->AoC 190 (0) AoC->BitMap 15 (0) BitMap->Full 0 (0)
[2025-10-15T14:27:21.213-0700][1251][info ][gc,heap     ] GC(21) Eden regions: 260->0(256)
[2025-10-15T14:27:21.213-0700][1251][info ][gc,heap     ] GC(21) Survivor regions: 28->32(36)
[2025-10-15T14:27:21.213-0700][1251][info ][gc,heap     ] GC(21) Old regions: 17->20
[2025-10-15T14:27:21.213-0700][1251][info ][gc,heap     ] GC(21) Humongous regions: 0->0
[2025-10-15T14:27:21.213-0700][1251][info ][gc,metaspace] GC(21) Metaspace: 211847K(214464K)->211847K(214464K) NonClass: 187129K(188544K)->187129K(188544K) Class: 24718K(25920K)->24718K(25920K)
[2025-10-15T14:27:21.213-0700][1251][info ][gc          ] GC(21) Pause Young (Normal) (G1 Evacuation Pause) 9730M->1622M(184320M) 34.194ms
[2025-10-15T14:27:21.214-0700][1251][info ][gc,cpu      ] GC(21) User=1.74s Sys=0.10s Real=0.03s
[2025-10-15T14:27:21.214-0700][1251][info ][safepoint   ] Safepoint "G1CollectForAllocation", Time since last: 2001564778 ns, Reaching safepoint: 385551 ns, Cleanup: 6100 ns, At safepoint: 35786878 ns, Total: 36178529 ns
[2025-10-15T14:27:22.215-0700][1251][info ][safepoint   ] Safepoint "Cleanup", Time since last: 1000097174 ns, Reaching safepoint: 412451 ns, Cleanup: 22134 ns, At safepoint: 55453 ns, Total: 490038 ns
[2025-10-15T14:27:23.215-0700][1251][info ][safepoint   ] Safepoint "Cleanup", Time since last: 1000131786 ns, Reaching safepoint: 419262 ns, Cleanup: 18949 ns, At safepoint: 53801 ns, Total: 492012 ns
[2025-10-15T14:27:30.216-0700][1251][info ][safepoint   ] Safepoint "Cleanup", Time since last: 7000571472 ns, Reaching safepoint: 427645 ns, Cleanup: 16494 ns, At safepoint: 62775 ns, Total: 506914 ns
[2025-10-15T14:27:32.217-0700][1251][info ][safepoint   ] Safepoint "Cleanup", Time since last: 2000212525 ns, Reaching safepoint: 419612 ns, Cleanup: 17327 ns, At safepoint: 54862 ns, Total: 491801 ns
[2025-10-15T14:27:42.219-0700][1251][info ][safepoint   ] Safepoint "Cleanup", Time since last: 10000861391 ns, Reaching safepoint: 420534 ns, Cleanup: 24487 ns, At safepoint: 56765 ns, Total: 501786 ns
[2025-10-15T14:27:44.219-0700][1251][info ][safepoint   ] Safepoint "Cleanup", Time since last: 2000199616 ns, Reaching safepoint: 415366 ns, Cleanup: 19099 ns, At safepoint: 58718 ns, Total: 493183 ns
[2025-10-15T14:27:48.220-0700][1251][info ][safepoint   ] Safepoint "Cleanup", Time since last: 4000380362 ns, Reaching safepoint: 411911 ns, Cleanup: 12629 ns, At safepoint: 57437 ns, Total: 481977 ns
[2025-10-15T14:27:52.221-0700][1251][info ][safepoint   ] Safepoint "Cleanup", Time since last: 4000385195 ns, Reaching safepoint: 412662 ns, Cleanup: 12518 ns, At safepoint: 55654 ns, Total: 480834 ns
[2025-10-15T14:27:53.222-0700][1251][info ][safepoint   ] Safepoint "Cleanup", Time since last: 1000130486 ns, Reaching safepoint: 423627 ns, Cleanup: 12579 ns, At safepoint: 56115 ns, Total: 492321 ns
[2025-10-15T14:27:54.222-0700][1251][info ][safepoint   ] Safepoint "Cleanup", Time since last: 1000130335 ns, Reaching safepoint: 415245 ns, Cleanup: 12649 ns, At safepoint: 55804 ns, Total: 483698 ns
[2025-10-15T14:27:57.223-0700][1251][info ][safepoint   ] Safepoint "Cleanup", Time since last: 3000255141 ns, Reaching safepoint: 404980 ns, Cleanup: 16344 ns, At safepoint: 56225 ns, Total: 477549 ns
[2025-10-15T14:28:02.224-0700][1251][info ][safepoint   ] Safepoint "Cleanup", Time since last: 5000435870 ns, Reaching safepoint: 416357 ns, Cleanup: 23706 ns, At safepoint: 58278 ns, Total: 498341 ns
[2025-10-15T14:28:04.196-0700][1251][info ][safepoint   ] Safepoint "Cleanup", Time since last: 1971695977 ns, Reaching safepoint: 362476 ns, Cleanup: 13500 ns, At safepoint: 37486 ns, Total: 413462 ns
[2025-10-15T14:28:12.197-0700][1251][info ][safepoint   ] Safepoint "Cleanup", Time since last: 8000609989 ns, Reaching safepoint: 413002 ns, Cleanup: 13480 ns, At safepoint: 57537 ns, Total: 484019 ns
[2025-10-15T14:28:15.198-0700][1251][info ][safepoint   ] Safepoint "Cleanup", Time since last: 3000270574 ns, Reaching safepoint: 364739 ns, Cleanup: 16745 ns, At safepoint: 36305 ns, Total: 417789 ns
[2025-10-15T14:28:19.199-0700][1251][info ][safepoint   ] Safepoint "Cleanup", Time since last: 4000333748 ns, Reaching safepoint: 437529 ns, Cleanup: 17476 ns, At safepoint: 58548 ns, Total: 513553 ns
[2025-10-15T14:28:23.199-0700][1251][info ][safepoint   ] Safepoint "Cleanup", Time since last: 4000397263 ns, Reaching safepoint: 421936 ns, Cleanup: 14912 ns, At safepoint: 64968 ns, Total: 501816 ns
[2025-10-15T14:28:24.200-0700][1251][info ][safepoint   ] Safepoint "Cleanup", Time since last: 1000130145 ns, Reaching safepoint: 389086 ns, Cleanup: 14952 ns, At safepoint: 38078 ns, Total: 442116 ns
[2025-10-15T14:28:26.201-0700][1251][info ][safepoint   ] Safepoint "Cleanup", Time since last: 2000181911 ns, Reaching safepoint: 367093 ns, Cleanup: 14612 ns, At safepoint: 36815 ns, Total: 418520 ns
[2025-10-15T14:28:30.201-0700][1251][info ][safepoint   ] Safepoint "Cleanup", Time since last: 4000311827 ns, Reaching safepoint: 374865 ns, Cleanup: 11888 ns, At safepoint: 34342 ns, Total: 421095 ns
[2025-10-15T14:28:32.202-0700][1251][info ][safepoint   ] Safepoint "Cleanup", Time since last: 2000169910 ns, Reaching safepoint: 416377 ns, Cleanup: 12619 ns, At safepoint: 60762 ns, Total: 489758 ns
[2025-10-15T14:28:33.203-0700][1251][info ][safepoint   ] Safepoint "Cleanup", Time since last: 1000134124 ns, Reaching safepoint: 422326 ns, Cleanup: 17767 ns, At safepoint: 58408 ns, Total: 498501 ns
[2025-10-15T14:28:38.204-0700][1251][info ][safepoint   ] Safepoint "Cleanup", Time since last: 5000468386 ns, Reaching safepoint: 424550 ns, Cleanup: 20090 ns, At safepoint: 57096 ns, Total: 501736 ns
[2025-10-15T14:28:39.204-0700][1251][info ][safepoint   ] Safepoint "Cleanup", Time since last: 1000110649 ns, Reaching safepoint: 417929 ns, Cleanup: 15694 ns, At safepoint: 83516 ns, Total: 517139 ns
[2025-10-15T14:28:46.205-0700][1251][info ][safepoint   ] Safepoint "Cleanup", Time since last: 7000512355 ns, Reaching safepoint: 422818 ns, Cleanup: 28583 ns, At safepoint: 37747 ns, Total: 489148 ns
[2025-10-15T14:28:50.206-0700][1251][info ][safepoint   ] Safepoint "Cleanup", Time since last: 4000325478 ns, Reaching safepoint: 366001 ns, Cleanup: 12239 ns, At safepoint: 35664 ns, Total: 413904 ns
[2025-10-15T14:28:51.207-0700][1251][info ][safepoint   ] Safepoint "Cleanup", Time since last: 1000106652 ns, Reaching safepoint: 448015 ns, Cleanup: 13341 ns, At safepoint: 58858 ns, Total: 520214 ns
[2025-10-15T14:28:52.207-0700][1251][info ][safepoint   ] Safepoint "Cleanup", Time since last: 1000124410 ns, Reaching safepoint: 418010 ns, Cleanup: 13290 ns, At safepoint: 74292 ns, Total: 505592 ns
[2025-10-15T14:28:53.208-0700][1251][info ][safepoint   ] Safepoint "Cleanup", Time since last: 1000122086 ns, Reaching safepoint: 363938 ns, Cleanup: 11658 ns, At safepoint: 37617 ns, Total: 413213 ns
[2025-10-15T14:28:54.208-0700][1251][info ][safepoint   ] Safepoint "Cleanup", Time since last: 1000127223 ns, Reaching safepoint: 431791 ns, Cleanup: 18268 ns, At safepoint: 37486 ns, Total: 487545 ns
[2025-10-15T14:28:55.209-0700][1251][info ][safepoint   ] Safepoint "Cleanup", Time since last: 1000128821 ns, Reaching safepoint: 418570 ns, Cleanup: 13530 ns, At safepoint: 57787 ns, Total: 489887 ns
[2025-10-15T14:28:56.210-0700][1251][info ][safepoint   ] Safepoint "Cleanup", Time since last: 1000115179 ns, Reaching safepoint: 410288 ns, Cleanup: 26239 ns, At safepoint: 57387 ns, Total: 493914 ns
[2025-10-15T14:28:59.210-0700][1251][info ][safepoint   ] Safepoint "Cleanup", Time since last: 3000289271 ns, Reaching safepoint: 429807 ns, Cleanup: 13230 ns, At safepoint: 59600 ns, Total: 502637 ns
[2025-10-15T14:29:02.211-0700][1251][info ][safepoint   ] Safepoint "Cleanup", Time since last: 3000270312 ns, Reaching safepoint: 419552 ns, Cleanup: 65278 ns, At safepoint: 73451 ns, Total: 558281 ns
[2025-10-15T14:29:03.212-0700][1251][info ][safepoint   ] Safepoint "Cleanup", Time since last: 1000131733 ns, Reaching safepoint: 411941 ns, Cleanup: 12729 ns, At safepoint: 60361 ns, Total: 485031 ns
[2025-10-15T14:29:05.218-0700][1251][info ][safepoint   ] Safepoint "Cleanup", Time since last: 2005780966 ns, Reaching safepoint: 416046 ns, Cleanup: 14943 ns, At safepoint: 59550 ns, Total: 490539 ns
[2025-10-15T14:29:07.219-0700][1251][info ][safepoint   ] Safepoint "Cleanup", Time since last: 2000217828 ns, Reaching safepoint: 415526 ns, Cleanup: 16565 ns, At safepoint: 61142 ns, Total: 493233 ns
[2025-10-15T14:29:09.220-0700][1251][info ][safepoint   ] Safepoint "Cleanup", Time since last: 2000181984 ns, Reaching safepoint: 430128 ns, Cleanup: 17456 ns, At safepoint: 58829 ns, Total: 506413 ns
[2025-10-15T14:29:10.208-0700][1251][info ][gc,start    ] GC(22) Pause Young (Normal) (G1 Evacuation Pause)
[2025-10-15T14:29:10.208-0700][1251][info ][gc,task     ] GC(22) Using 113 workers of 113 for evacuation
[2025-10-15T14:29:10.211-0700][1251][debug][gc,remset   ] GC(22) Visited cards 579584 Total dirty 1310720 (44.22%) Total old 39059456 (1.48%)
[2025-10-15T14:29:10.236-0700][1251][info ][gc,phases   ] GC(22)   Pre Evacuate Collection Set: 0.5ms
[2025-10-15T14:29:10.236-0700][1251][info ][gc,phases   ] GC(22)   Merge Heap Roots: 2.6ms
[2025-10-15T14:29:10.236-0700][1251][info ][gc,phases   ] GC(22)   Evacuate Collection Set: 23.1ms
[2025-10-15T14:29:10.236-0700][1251][info ][gc,phases   ] GC(22)   Post Evacuate Collection Set: 2.3ms
[2025-10-15T14:29:10.236-0700][1251][info ][gc,phases   ] GC(22)   Other: 0.1ms
[2025-10-15T14:29:10.236-0700][1251][debug][gc,remset   ] GC(22) Coarsening (recent): Inline->AoC 0 (0) AoC->Howl 0 (0) Howl->Full 0 (0) Inline->AoC 0 (0) AoC->BitMap 0 (0) BitMap->Full 0 (0)
[2025-10-15T14:29:10.236-0700][1251][debug][gc,remset   ] GC(22) Coarsening (all): Inline->AoC 156 (0) AoC->Howl 34 (0) Howl->Full 0 (0) Inline->AoC 190 (0) AoC->BitMap 15 (0) BitMap->Full 0 (0)
[2025-10-15T14:29:10.236-0700][1251][info ][gc,heap     ] GC(22) Eden regions: 256->0(258)
[2025-10-15T14:29:10.236-0700][1251][info ][gc,heap     ] GC(22) Survivor regions: 32->30(36)
[2025-10-15T14:29:10.236-0700][1251][info ][gc,heap     ] GC(22) Old regions: 20->29
[2025-10-15T14:29:10.236-0700][1251][info ][gc,heap     ] GC(22) Humongous regions: 0->0
[2025-10-15T14:29:10.236-0700][1251][info ][gc,metaspace] GC(22) Metaspace: 212459K(215104K)->212459K(215104K) NonClass: 187671K(189120K)->187671K(189120K) Class: 24787K(25984K)->24787K(25984K)
[2025-10-15T14:29:10.236-0700][1251][info ][gc          ] GC(22) Pause Young (Normal) (G1 Evacuation Pause) 9814M->1850M(184320M) 28.803ms
[2025-10-15T14:29:10.237-0700][1251][info ][gc,cpu      ] GC(22) User=2.01s Sys=0.02s Real=0.03s
[2025-10-15T14:29:10.237-0700][1251][info ][safepoint   ] Safepoint "G1CollectForAllocation", Time since last: 986783312 ns, Reaching safepoint: 439411 ns, Cleanup: 19440 ns, At safepoint: 30424306 ns, Total: 30883157 ns
[2025-10-15T14:29:11.238-0700][1251][info ][safepoint   ] Safepoint "Cleanup", Time since last: 1000079695 ns, Reaching safepoint: 365190 ns, Cleanup: 13801 ns, At safepoint: 33530 ns, Total: 412521 ns
[2025-10-15T14:29:14.238-0700][1251][info ][safepoint   ] Safepoint "Cleanup", Time since last: 3000243623 ns, Reaching safepoint: 372591 ns, Cleanup: 16394 ns, At safepoint: 35304 ns, Total: 424289 ns
[2025-10-15T14:29:19.239-0700][1251][info ][safepoint   ] Safepoint "Cleanup", Time since last: 5000390193 ns, Reaching safepoint: 421795 ns, Cleanup: 47822 ns, At safepoint: 60061 ns, Total: 529678 ns
[2025-10-15T14:29:22.240-0700][1251][info ][safepoint   ] Safepoint "Cleanup", Time since last: 3000273898 ns, Reaching safepoint: 414644 ns, Cleanup: 14472 ns, At safepoint: 55644 ns, Total: 484760 ns
[2025-10-15T14:29:23.241-0700][1251][info ][safepoint   ] Safepoint "Cleanup", Time since last: 1000130982 ns, Reaching safepoint: 445000 ns, Cleanup: 15744 ns, At safepoint: 56144 ns, Total: 516888 ns
[2025-10-15T14:29:24.241-0700][1251][info ][safepoint   ] Safepoint "Cleanup", Time since last: 1000113126 ns, Reaching safepoint: 381384 ns, Cleanup: 35464 ns, At safepoint: 37807 ns, Total: 454655 ns
[2025-10-15T14:29:25.242-0700][1251][info ][safepoint   ] Safepoint "Cleanup", Time since last: 1000156400 ns, Reaching safepoint: 422557 ns, Cleanup: 14672 ns, At safepoint: 56435 ns, Total: 493664 ns
[2025-10-15T14:29:29.243-0700][1251][info ][safepoint   ] Safepoint "Cleanup", Time since last: 4000375626 ns, Reaching safepoint: 414935 ns, Cleanup: 14452 ns, At safepoint: 58918 ns, Total: 488305 ns
[2025-10-15T14:29:32.244-0700][1251][info ][safepoint   ] Safepoint "Cleanup", Time since last: 3000286687 ns, Reaching safepoint: 423078 ns, Cleanup: 16004 ns, At safepoint: 59099 ns, Total: 498181 ns
[2025-10-15T14:29:33.244-0700][1251][info ][safepoint   ] Safepoint "Cleanup", Time since last: 1000113846 ns, Reaching safepoint: 416037 ns, Cleanup: 29574 ns, At safepoint: 59370 ns, Total: 504981 ns
[2025-10-15T14:29:36.245-0700][1251][info ][safepoint   ] Safepoint "Cleanup", Time since last: 3000270923 ns, Reaching safepoint: 415386 ns, Cleanup: 16665 ns, At safepoint: 58528 ns, Total: 490579 ns
[2025-10-15T14:29:39.246-0700][1251][info ][safepoint   ] Safepoint "Cleanup", Time since last: 3000279986 ns, Reaching safepoint: 366563 ns, Cleanup: 10385 ns, At safepoint: 35834 ns, Total: 412782 ns
[2025-10-15T14:29:40.246-0700][1251][info ][safepoint   ] Safepoint "Cleanup", Time since last: 1000128458 ns, Reaching safepoint: 410840 ns, Cleanup: 15914 ns, At safepoint: 77837 ns, Total: 504591 ns
[2025-10-15T14:29:44.247-0700][1251][info ][safepoint   ] Safepoint "Cleanup", Time since last: 4000389305 ns, Reaching safepoint: 414214 ns, Cleanup: 63526 ns, At safepoint: 60842 ns, Total: 538582 ns
[2025-10-15T14:29:49.248-0700][1251][info ][safepoint   ] Safepoint "Cleanup", Time since last: 5000433746 ns, Reaching safepoint: 416628 ns, Cleanup: 15033 ns, At safepoint: 58067 ns, Total: 489728 ns
[2025-10-15T14:29:50.249-0700][1251][info ][safepoint   ] Safepoint "Cleanup", Time since last: 1000136100 ns, Reaching safepoint: 416017 ns, Cleanup: 18328 ns, At safepoint: 56295 ns, Total: 490640 ns
[2025-10-15T14:29:53.250-0700][1251][info ][safepoint   ] Safepoint "Cleanup", Time since last: 3000280426 ns, Reaching safepoint: 426002 ns, Cleanup: 13721 ns, At safepoint: 56575 ns, Total: 496298 ns
[2025-10-15T14:29:54.250-0700][1251][info ][safepoint   ] Safepoint "Cleanup", Time since last: 1000114477 ns, Reaching safepoint: 416808 ns, Cleanup: 18168 ns, At safepoint: 57516 ns, Total: 492492 ns
[2025-10-15T14:29:55.251-0700][1251][info ][safepoint   ] Safepoint "Cleanup", Time since last: 1000091613 ns, Reaching safepoint: 419172 ns, Cleanup: 15263 ns, At safepoint: 57566 ns, Total: 492001 ns
[2025-10-15T14:29:59.252-0700][1251][info ][safepoint   ] Safepoint "Cleanup", Time since last: 4000386301 ns, Reaching safepoint: 438351 ns, Cleanup: 14582 ns, At safepoint: 57276 ns, Total: 510209 ns
[2025-10-15T14:30:02.252-0700][1251][info ][safepoint   ] Safepoint "Cleanup", Time since last: 3000275855 ns, Reaching safepoint: 382627 ns, Cleanup: 12388 ns, At safepoint: 38348 ns, Total: 433363 ns
[2025-10-15T14:30:05.241-0700][1251][info ][safepoint   ] Safepoint "Cleanup", Time since last: 2988059428 ns, Reaching safepoint: 416958 ns, Cleanup: 21723 ns, At safepoint: 59560 ns, Total: 498241 ns
[2025-10-15T14:30:06.242-0700][1251][info ][safepoint   ] Safepoint "Cleanup", Time since last: 1000132962 ns, Reaching safepoint: 432882 ns, Cleanup: 14572 ns, At safepoint: 61152 ns, Total: 508606 ns
[2025-10-15T14:30:09.242-0700][1251][info ][safepoint   ] Safepoint "Cleanup", Time since last: 3000300109 ns, Reaching safepoint: 428415 ns, Cleanup: 17847 ns, At safepoint: 56856 ns, Total: 503118 ns
[2025-10-15T14:30:11.243-0700][1251][info ][safepoint   ] Safepoint "Cleanup", Time since last: 2000195829 ns, Reaching safepoint: 418470 ns, Cleanup: 17517 ns, At safepoint: 62294 ns, Total: 498281 ns
[2025-10-15T14:30:14.244-0700][1251][info ][safepoint   ] Safepoint "Cleanup", Time since last: 3000299016 ns, Reaching safepoint: 418671 ns, Cleanup: 24707 ns, At safepoint: 55043 ns, Total: 498421 ns
[2025-10-15T14:30:23.245-0700][1251][info ][safepoint   ] Safepoint "Cleanup", Time since last: 9000740883 ns, Reaching safepoint: 417760 ns, Cleanup: 24326 ns, At safepoint: 54713 ns, Total: 496799 ns
[2025-10-15T14:30:24.246-0700][1251][info ][safepoint   ] Safepoint "Cleanup", Time since last: 1000128556 ns, Reaching safepoint: 429376 ns, Cleanup: 18979 ns, At safepoint: 56125 ns, Total: 504480 ns
[2025-10-15T14:30:26.246-0700][1251][info ][safepoint   ] Safepoint "Cleanup", Time since last: 2000215649 ns, Reaching safepoint: 431229 ns, Cleanup: 21703 ns, At safepoint: 57206 ns, Total: 510138 ns
[2025-10-15T14:30:27.247-0700][1251][info ][safepoint   ] Safepoint "Cleanup", Time since last: 1000132221 ns, Reaching safepoint: 416538 ns, Cleanup: 25488 ns, At safepoint: 57367 ns, Total: 499393 ns
[2025-10-15T14:30:28.248-0700][1251][info ][safepoint   ] Safepoint "Cleanup", Time since last: 1000111730 ns, Reaching safepoint: 426432 ns, Cleanup: 14913 ns, At safepoint: 58168 ns, Total: 499513 ns
[2025-10-15T14:30:32.248-0700][1251][info ][safepoint   ] Safepoint "Cleanup", Time since last: 4000342894 ns, Reaching safepoint: 380023 ns, Cleanup: 11637 ns, At safepoint: 36075 ns, Total: 427735 ns
[2025-10-15T14:30:33.249-0700][1251][info ][safepoint   ] Safepoint "Cleanup", Time since last: 1000127554 ns, Reaching safepoint: 421765 ns, Cleanup: 14863 ns, At safepoint: 57657 ns, Total: 494285 ns
[2025-10-15T14:30:34.250-0700][1251][info ][safepoint   ] Safepoint "Cleanup", Time since last: 1000132832 ns, Reaching safepoint: 439572 ns, Cleanup: 10386 ns, At safepoint: 57677 ns, Total: 507635 ns
[2025-10-15T14:30:38.251-0700][1251][info ][safepoint   ] Safepoint "Cleanup", Time since last: 4000372018 ns, Reaching safepoint: 428916 ns, Cleanup: 19900 ns, At safepoint: 58859 ns, Total: 507675 ns
[2025-10-15T14:30:40.251-0700][1251][info ][safepoint   ] Safepoint "Cleanup", Time since last: 2000219916 ns, Reaching safepoint: 442636 ns, Cleanup: 14933 ns, At safepoint: 67522 ns, Total: 525091 ns
[2025-10-15T14:30:44.252-0700][1251][info ][safepoint   ] Safepoint "Cleanup", Time since last: 4000365238 ns, Reaching safepoint: 367323 ns, Cleanup: 16776 ns, At safepoint: 34602 ns, Total: 418701 ns
[2025-10-15T14:30:45.253-0700][1251][info ][safepoint   ] Safepoint "Cleanup", Time since last: 1000138551 ns, Reaching safepoint: 419742 ns, Cleanup: 18438 ns, At safepoint: 55323 ns, Total: 493503 ns
[2025-10-15T14:30:46.253-0700][1251][info ][safepoint   ] Safepoint "Cleanup", Time since last: 1000120504 ns, Reaching safepoint: 426472 ns, Cleanup: 9595 ns, At safepoint: 56174 ns, Total: 492241 ns
[2025-10-15T14:30:50.254-0700][1251][info ][safepoint   ] Safepoint "Cleanup", Time since last: 4000328574 ns, Reaching safepoint: 417759 ns, Cleanup: 15493 ns, At safepoint: 55023 ns, Total: 488275 ns
[2025-10-15T14:30:51.255-0700][1251][info ][safepoint   ] Safepoint "Cleanup", Time since last: 1000131811 ns, Reaching safepoint: 417358 ns, Cleanup: 15854 ns, At safepoint: 56996 ns, Total: 490208 ns
[2025-10-15T14:30:55.256-0700][1251][info ][safepoint   ] Safepoint "Cleanup", Time since last: 4000358853 ns, Reaching safepoint: 423658 ns, Cleanup: 12329 ns, At safepoint: 58478 ns, Total: 494465 ns
[2025-10-15T14:30:59.257-0700][1251][info ][safepoint   ] Safepoint "Cleanup", Time since last: 4000328312 ns, Reaching safepoint: 450689 ns, Cleanup: 14241 ns, At safepoint: 57387 ns, Total: 522317 ns
[2025-10-15T14:31:01.257-0700][1251][info ][safepoint   ] Safepoint "Cleanup", Time since last: 2000197120 ns, Reaching safepoint: 417970 ns, Cleanup: 15143 ns, At safepoint: 57567 ns, Total: 490680 ns
[2025-10-15T14:31:02.258-0700][1251][info ][safepoint   ] Safepoint "Cleanup", Time since last: 1000124224 ns, Reaching safepoint: 364139 ns, Cleanup: 19799 ns, At safepoint: 34522 ns, Total: 418460 ns
[2025-10-15T14:31:03.258-0700][1251][info ][safepoint   ] Safepoint "Cleanup", Time since last: 1000141230 ns, Reaching safepoint: 443549 ns, Cleanup: 14802 ns, At safepoint: 56956 ns, Total: 515307 ns
[2025-10-15T14:31:04.262-0700][1251][info ][safepoint   ] Safepoint "Cleanup", Time since last: 1003409284 ns, Reaching safepoint: 439533 ns, Cleanup: 14652 ns, At safepoint: 57436 ns, Total: 511621 ns
[2025-10-15T14:31:07.263-0700][1251][info ][safepoint   ] Safepoint "Cleanup", Time since last: 3000318187 ns, Reaching safepoint: 417248 ns, Cleanup: 15213 ns, At safepoint: 56145 ns, Total: 488606 ns
[2025-10-15T14:31:12.264-0700][1251][info ][safepoint   ] Safepoint "Cleanup", Time since last: 5000437464 ns, Reaching safepoint: 416477 ns, Cleanup: 14843 ns, At safepoint: 56194 ns, Total: 487514 ns
[2025-10-15T14:31:16.265-0700][1251][info ][safepoint   ] Safepoint "Cleanup", Time since last: 4000382733 ns, Reaching safepoint: 423368 ns, Cleanup: 15102 ns, At safepoint: 57878 ns, Total: 496348 ns
[2025-10-15T14:31:20.266-0700][1251][info ][safepoint   ] Safepoint "Cleanup", Time since last: 4000346288 ns, Reaching safepoint: 417518 ns, Cleanup: 20882 ns, At safepoint: 58908 ns, Total: 497308 ns
[2025-10-15T14:31:21.266-0700][1251][info ][safepoint   ] Safepoint "Cleanup", Time since last: 1000133801 ns, Reaching safepoint: 422807 ns, Cleanup: 15543 ns, At safepoint: 49144 ns, Total: 487494 ns
[2025-10-15T14:31:22.267-0700][1251][info ][safepoint   ] Safepoint "Cleanup", Time since last: 1000122524 ns, Reaching safepoint: 423207 ns, Cleanup: 15253 ns, At safepoint: 70306 ns, Total: 508766 ns
[2025-10-15T14:31:22.986-0700][1251][info ][gc,start    ] GC(23) Pause Young (Normal) (G1 Evacuation Pause)
[2025-10-15T14:31:22.986-0700][1251][info ][gc,task     ] GC(23) Using 113 workers of 113 for evacuation
[2025-10-15T14:31:22.991-0700][1251][debug][gc,remset   ] GC(23) Visited cards 652288 Total dirty 1900544 (34.32%) Total old 39649280 (1.65%)
[2025-10-15T14:31:23.014-0700][1251][info ][gc,phases   ] GC(23)   Pre Evacuate Collection Set: 0.7ms
[2025-10-15T14:31:23.014-0700][1251][info ][gc,phases   ] GC(23)   Merge Heap Roots: 3.9ms
[2025-10-15T14:31:23.014-0700][1251][info ][gc,phases   ] GC(23)   Evacuate Collection Set: 20.6ms
[2025-10-15T14:31:23.014-0700][1251][info ][gc,phases   ] GC(23)   Post Evacuate Collection Set: 2.4ms
[2025-10-15T14:31:23.014-0700][1251][info ][gc,phases   ] GC(23)   Other: 0.1ms
[2025-10-15T14:31:23.014-0700][1251][debug][gc,remset   ] GC(23) Coarsening (recent): Inline->AoC 0 (0) AoC->Howl 0 (0) Howl->Full 0 (0) Inline->AoC 0 (0) AoC->BitMap 0 (0) BitMap->Full 0 (0)
[2025-10-15T14:31:23.014-0700][1251][debug][gc,remset   ] GC(23) Coarsening (all): Inline->AoC 156 (0) AoC->Howl 34 (0) Howl->Full 0 (0) Inline->AoC 190 (0) AoC->BitMap 15 (0) BitMap->Full 0 (0)
[2025-10-15T14:31:23.014-0700][1251][info ][gc,heap     ] GC(23) Eden regions: 258->0(252)
[2025-10-15T14:31:23.014-0700][1251][info ][gc,heap     ] GC(23) Survivor regions: 30->36(36)
[2025-10-15T14:31:23.014-0700][1251][info ][gc,heap     ] GC(23) Old regions: 29->35
[2025-10-15T14:31:23.014-0700][1251][info ][gc,heap     ] GC(23) Humongous regions: 0->0
[2025-10-15T14:31:23.014-0700][1251][info ][gc,metaspace] GC(23) Metaspace: 212593K(215168K)->212593K(215168K) NonClass: 187803K(189184K)->187803K(189184K) Class: 24790K(25984K)->24790K(25984K)
[2025-10-15T14:31:23.014-0700][1251][info ][gc          ] GC(23) Pause Young (Normal) (G1 Evacuation Pause) 10106M->2256M(184320M) 27.835ms
[2025-10-15T14:31:23.015-0700][1251][info ][gc,cpu      ] GC(23) User=2.36s Sys=0.00s Real=0.03s
[2025-10-15T14:31:23.015-0700][1251][info ][safepoint   ] Safepoint "G1CollectForAllocation", Time since last: 717706882 ns, Reaching safepoint: 419842 ns, Cleanup: 15203 ns, At safepoint: 29481834 ns, Total: 29916879 ns
[2025-10-15T14:31:24.015-0700][1251][info ][safepoint   ] Safepoint "Cleanup", Time since last: 1000048542 ns, Reaching safepoint: 419001 ns, Cleanup: 14222 ns, At safepoint: 62684 ns, Total: 495907 ns
[2025-10-15T14:31:25.016-0700][1251][info ][safepoint   ] Safepoint "Cleanup", Time since last: 1000128703 ns, Reaching safepoint: 416087 ns, Cleanup: 15222 ns, At safepoint: 58228 ns, Total: 489537 ns
[2025-10-15T14:31:27.016-0700][1251][info ][safepoint   ] Safepoint "Cleanup", Time since last: 2000165267 ns, Reaching safepoint: 430288 ns, Cleanup: 18979 ns, At safepoint: 60511 ns, Total: 509778 ns
[2025-10-15T14:31:28.017-0700][1251][info ][safepoint   ] Safepoint "Cleanup", Time since last: 1000107391 ns, Reaching safepoint: 367413 ns, Cleanup: 12869 ns, At safepoint: 36896 ns, Total: 417178 ns
[2025-10-15T14:31:32.018-0700][1251][info ][safepoint   ] Safepoint "Cleanup", Time since last: 4000251811 ns, Reaching safepoint: 427344 ns, Cleanup: 17727 ns, At safepoint: 57687 ns, Total: 502758 ns
[2025-10-15T14:31:33.018-0700][1251][info ][safepoint   ] Safepoint "Cleanup", Time since last: 1000119565 ns, Reaching safepoint: 384790 ns, Cleanup: 26680 ns, At safepoint: 55193 ns, Total: 466663 ns
[2025-10-15T14:31:35.019-0700][1251][info ][safepoint   ] Safepoint "Cleanup", Time since last: 2000170837 ns, Reaching safepoint: 417749 ns, Cleanup: 22083 ns, At safepoint: 58428 ns, Total: 498260 ns
[2025-10-15T14:31:38.020-0700][1251][info ][safepoint   ] Safepoint "Cleanup", Time since last: 3000241708 ns, Reaching safepoint: 416868 ns, Cleanup: 22584 ns, At safepoint: 57577 ns, Total: 497029 ns
[2025-10-15T14:31:41.021-0700][1251][info ][safepoint   ] Safepoint "Cleanup", Time since last: 3000281268 ns, Reaching safepoint: 429006 ns, Cleanup: 14302 ns, At safepoint: 54352 ns, Total: 497660 ns
[2025-10-15T14:31:43.021-0700][1251][info ][safepoint   ] Safepoint "Cleanup", Time since last: 2000186971 ns, Reaching safepoint: 429236 ns, Cleanup: 16085 ns, At safepoint: 74422 ns, Total: 519743 ns
[2025-10-15T14:31:44.022-0700][1251][info ][safepoint   ] Safepoint "Cleanup", Time since last: 1000109609 ns, Reaching safepoint: 365742 ns, Cleanup: 17025 ns, At safepoint: 36425 ns, Total: 419192 ns
[2025-10-15T14:31:46.022-0700][1251][info ][safepoint   ] Safepoint "Cleanup", Time since last: 2000179239 ns, Reaching safepoint: 419472 ns, Cleanup: 13541 ns, At safepoint: 56235 ns, Total: 489248 ns
[2025-10-15T14:31:48.023-0700][1251][info ][safepoint   ] Safepoint "Cleanup", Time since last: 2000200982 ns, Reaching safepoint: 417619 ns, Cleanup: 19109 ns, At safepoint: 58958 ns, Total: 495686 ns
[2025-10-15T14:31:52.024-0700][1251][info ][safepoint   ] Safepoint "Cleanup", Time since last: 4000326030 ns, Reaching safepoint: 416958 ns, Cleanup: 18478 ns, At safepoint: 58228 ns, Total: 493664 ns
[2025-10-15T14:31:53.025-0700][1251][info ][safepoint   ] Safepoint "Cleanup", Time since last: 1000130471 ns, Reaching safepoint: 425661 ns, Cleanup: 13971 ns, At safepoint: 40411 ns, Total: 480043 ns
[2025-10-15T14:31:55.025-0700][1251][info ][safepoint   ] Safepoint "Cleanup", Time since last: 2000194242 ns, Reaching safepoint: 413443 ns, Cleanup: 20742 ns, At safepoint: 68222 ns, Total: 502407 ns
[2025-10-15T14:31:56.026-0700][1251][info ][safepoint   ] Safepoint "Cleanup", Time since last: 1000111473 ns, Reaching safepoint: 365811 ns, Cleanup: 12299 ns, At safepoint: 35463 ns, Total: 413573 ns
[2025-10-15T14:31:58.026-0700][1251][info ][safepoint   ] Safepoint "Cleanup", Time since last: 2000194292 ns, Reaching safepoint: 424019 ns, Cleanup: 12829 ns, At safepoint: 58518 ns, Total: 495366 ns
[2025-10-15T14:32:00.027-0700][1251][info ][safepoint   ] Safepoint "Cleanup", Time since last: 2000217527 ns, Reaching safepoint: 363558 ns, Cleanup: 14702 ns, At safepoint: 34873 ns, Total: 413133 ns
[2025-10-15T14:32:04.285-0700][1251][info ][safepoint   ] Safepoint "Cleanup", Time since last: 4256950405 ns, Reaching safepoint: 423659 ns, Cleanup: 17526 ns, At safepoint: 62234 ns, Total: 503419 ns
[2025-10-15T14:32:07.285-0700][1251][info ][safepoint   ] Safepoint "Cleanup", Time since last: 3000281357 ns, Reaching safepoint: 422647 ns, Cleanup: 12329 ns, At safepoint: 56725 ns, Total: 491701 ns
[2025-10-15T14:32:08.286-0700][1251][info ][safepoint   ] Safepoint "Cleanup", Time since last: 1000130732 ns, Reaching safepoint: 413503 ns, Cleanup: 17827 ns, At safepoint: 57677 ns, Total: 489007 ns
[2025-10-15T14:32:11.287-0700][1251][info ][safepoint   ] Safepoint "Cleanup", Time since last: 3000280944 ns, Reaching safepoint: 432922 ns, Cleanup: 12459 ns, At safepoint: 56144 ns, Total: 501525 ns
[2025-10-15T14:32:14.288-0700][1251][info ][safepoint   ] Safepoint "Cleanup", Time since last: 3000274964 ns, Reaching safepoint: 430729 ns, Cleanup: 18017 ns, At safepoint: 55924 ns, Total: 504670 ns
[2025-10-15T14:32:19.288-0700][1251][info ][safepoint   ] Safepoint "Cleanup", Time since last: 5000350179 ns, Reaching safepoint: 424450 ns, Cleanup: 14822 ns, At safepoint: 56365 ns, Total: 495637 ns
[2025-10-15T14:32:22.289-0700][1251][info ][safepoint   ] Safepoint "Cleanup", Time since last: 3000216155 ns, Reaching safepoint: 393533 ns, Cleanup: 14171 ns, At safepoint: 56846 ns, Total: 464550 ns
[2025-10-15T14:32:23.290-0700][1251][info ][safepoint   ] Safepoint "Cleanup", Time since last: 1000101219 ns, Reaching safepoint: 367884 ns, Cleanup: 10666 ns, At safepoint: 36325 ns, Total: 414875 ns
[2025-10-15T14:32:24.290-0700][1251][info ][safepoint   ] Safepoint "Cleanup", Time since last: 1000112876 ns, Reaching safepoint: 432201 ns, Cleanup: 15383 ns, At safepoint: 58018 ns, Total: 505602 ns
[2025-10-15T14:32:25.291-0700][1251][info ][safepoint   ] Safepoint "Cleanup", Time since last: 1000143392 ns, Reaching safepoint: 415807 ns, Cleanup: 11216 ns, At safepoint: 57878 ns, Total: 484901 ns
[2025-10-15T14:32:26.291-0700][1251][info ][safepoint   ] Safepoint "Cleanup", Time since last: 1000111995 ns, Reaching safepoint: 381454 ns, Cleanup: 11127 ns, At safepoint: 37266 ns, Total: 429847 ns
[2025-10-15T14:32:27.292-0700][1251][info ][safepoint   ] Safepoint "Cleanup", Time since last: 1000123232 ns, Reaching safepoint: 414595 ns, Cleanup: 12469 ns, At safepoint: 60160 ns, Total: 487224 ns
[2025-10-15T14:32:32.293-0700][1251][info ][safepoint   ] Safepoint "Cleanup", Time since last: 5000355328 ns, Reaching safepoint: 425120 ns, Cleanup: 12559 ns, At safepoint: 55914 ns, Total: 493593 ns
[2025-10-15T14:32:33.293-0700][1251][info ][safepoint   ] Safepoint "Cleanup", Time since last: 1000111254 ns, Reaching safepoint: 426893 ns, Cleanup: 19259 ns, At safepoint: 56646 ns, Total: 502798 ns
[2025-10-15T14:32:38.294-0700][1251][info ][safepoint   ] Safepoint "Cleanup", Time since last: 5000454486 ns, Reaching safepoint: 427074 ns, Cleanup: 13410 ns, At safepoint: 56625 ns, Total: 497109 ns
[2025-10-15T14:32:39.295-0700][1251][info ][safepoint   ] Safepoint "Cleanup", Time since last: 1000131024 ns, Reaching safepoint: 430899 ns, Cleanup: 14382 ns, At safepoint: 57907 ns, Total: 503188 ns
[2025-10-15T14:32:42.296-0700][1251][info ][safepoint   ] Safepoint "Cleanup", Time since last: 3000291819 ns, Reaching safepoint: 414624 ns, Cleanup: 12599 ns, At safepoint: 58278 ns, Total: 485501 ns
[2025-10-15T14:33:03.298-0700][1251][info ][safepoint   ] Safepoint "Cleanup", Time since last: 21001772083 ns, Reaching safepoint: 415727 ns, Cleanup: 15854 ns, At safepoint: 55934 ns, Total: 487515 ns
[2025-10-15T14:33:19.308-0700][1251][info ][safepoint   ] Safepoint "Cleanup", Time since last: 16008985569 ns, Reaching safepoint: 442547 ns, Cleanup: 15443 ns, At safepoint: 56806 ns, Total: 514796 ns
[2025-10-15T14:33:22.308-0700][1251][info ][safepoint   ] Safepoint "Cleanup", Time since last: 3000292057 ns, Reaching safepoint: 433854 ns, Cleanup: 12228 ns, At safepoint: 58158 ns, Total: 504240 ns
[2025-10-15T14:33:24.309-0700][1251][info ][safepoint   ] Safepoint "Cleanup", Time since last: 2000210699 ns, Reaching safepoint: 415386 ns, Cleanup: 16545 ns, At safepoint: 59049 ns, Total: 490980 ns
[2025-10-15T14:33:33.310-0700][1251][info ][safepoint   ] Safepoint "Cleanup", Time since last: 9000790112 ns, Reaching safepoint: 428486 ns, Cleanup: 14802 ns, At safepoint: 56045 ns, Total: 499333 ns
[2025-10-15T14:33:34.013-0700][1251][info ][gc,start    ] GC(24) Pause Young (Normal) (G1 Evacuation Pause)
[2025-10-15T14:33:34.013-0700][1251][info ][gc,task     ] GC(24) Using 113 workers of 113 for evacuation
[2025-10-15T14:33:34.018-0700][1251][debug][gc,remset   ] GC(24) Visited cards 680192 Total dirty 2162688 (31.45%) Total old 40042496 (1.70%)
[2025-10-15T14:33:34.041-0700][1251][info ][gc,phases   ] GC(24)   Pre Evacuate Collection Set: 0.6ms
[2025-10-15T14:33:34.041-0700][1251][info ][gc,phases   ] GC(24)   Merge Heap Roots: 4.4ms
[2025-10-15T14:33:34.041-0700][1251][info ][gc,phases   ] GC(24)   Evacuate Collection Set: 20.6ms
[2025-10-15T14:33:34.041-0700][1251][info ][gc,phases   ] GC(24)   Post Evacuate Collection Set: 2.2ms
[2025-10-15T14:33:34.041-0700][1251][info ][gc,phases   ] GC(24)   Other: 0.1ms
[2025-10-15T14:33:34.041-0700][1251][debug][gc,remset   ] GC(24) Coarsening (recent): Inline->AoC 0 (0) AoC->Howl 0 (0) Howl->Full 0 (0) Inline->AoC 0 (0) AoC->BitMap 0 (0) BitMap->Full 0 (0)
[2025-10-15T14:33:34.041-0700][1251][debug][gc,remset   ] GC(24) Coarsening (all): Inline->AoC 156 (0) AoC->Howl 34 (0) Howl->Full 0 (0) Inline->AoC 190 (0) AoC->BitMap 15 (0) BitMap->Full 0 (0)
[2025-10-15T14:33:34.041-0700][1251][info ][gc,heap     ] GC(24) Eden regions: 252->0(257)
[2025-10-15T14:33:34.041-0700][1251][info ][gc,heap     ] GC(24) Survivor regions: 36->31(36)
[2025-10-15T14:33:34.041-0700][1251][info ][gc,heap     ] GC(24) Old regions: 35->47
[2025-10-15T14:33:34.041-0700][1251][info ][gc,heap     ] GC(24) Humongous regions: 0->0
[2025-10-15T14:33:34.041-0700][1251][info ][gc,metaspace] GC(24) Metaspace: 212858K(215488K)->212858K(215488K) NonClass: 188066K(189504K)->188066K(189504K) Class: 24792K(25984K)->24792K(25984K)
[2025-10-15T14:33:34.041-0700][1251][info ][gc          ] GC(24) Pause Young (Normal) (G1 Evacuation Pause) 10320M->2473M(184320M) 28.127ms
[2025-10-15T14:33:34.042-0700][1251][info ][gc,cpu      ] GC(24) User=2.45s Sys=0.04s Real=0.03s
[2025-10-15T14:33:34.042-0700][1251][info ][safepoint   ] Safepoint "G1CollectForAllocation", Time since last: 701859711 ns, Reaching safepoint: 425291 ns, Cleanup: 5799 ns, At safepoint: 29687614 ns, Total: 30118704 ns
[2025-10-15T14:33:39.043-0700][1251][info ][safepoint   ] Safepoint "Cleanup", Time since last: 5000365760 ns, Reaching safepoint: 426152 ns, Cleanup: 13140 ns, At safepoint: 59469 ns, Total: 498761 ns
[2025-10-15T14:33:44.044-0700][1251][info ][safepoint   ] Safepoint "Cleanup", Time since last: 5000399562 ns, Reaching safepoint: 413342 ns, Cleanup: 15303 ns, At safepoint: 43015 ns, Total: 471660 ns
[2025-10-15T14:33:55.045-0700][1251][info ][safepoint   ] Safepoint "Cleanup", Time since last: 11000819480 ns, Reaching safepoint: 382756 ns, Cleanup: 13020 ns, At safepoint: 38929 ns, Total: 434705 ns
[2025-10-15T14:34:09.327-0700][1251][info ][safepoint   ] Safepoint "Cleanup", Time since last: 14280898411 ns, Reaching safepoint: 424089 ns, Cleanup: 12549 ns, At safepoint: 57907 ns, Total: 494545 ns
[2025-10-15T14:34:11.327-0700][1251][info ][safepoint   ] Safepoint "Cleanup", Time since last: 2000183123 ns, Reaching safepoint: 432642 ns, Cleanup: 12488 ns, At safepoint: 37447 ns, Total: 482577 ns
[2025-10-15T14:34:17.328-0700][1251][info ][safepoint   ] Safepoint "Cleanup", Time since last: 6000490718 ns, Reaching safepoint: 432833 ns, Cleanup: 13139 ns, At safepoint: 57096 ns, Total: 503068 ns
[2025-10-15T14:34:19.329-0700][1251][info ][safepoint   ] Safepoint "Cleanup", Time since last: 2000191627 ns, Reaching safepoint: 380964 ns, Cleanup: 18067 ns, At safepoint: 36415 ns, Total: 435446 ns
[2025-10-15T14:34:20.330-0700][1251][info ][safepoint   ] Safepoint "Cleanup", Time since last: 1000119089 ns, Reaching safepoint: 400423 ns, Cleanup: 15303 ns, At safepoint: 60421 ns, Total: 476147 ns
[2025-10-15T14:34:21.330-0700][1251][info ][safepoint   ] Safepoint "Cleanup", Time since last: 1000099951 ns, Reaching safepoint: 367123 ns, Cleanup: 12699 ns, At safepoint: 37847 ns, Total: 417669 ns
[2025-10-15T14:34:22.331-0700][1251][info ][safepoint   ] Safepoint "Cleanup", Time since last: 1000100712 ns, Reaching safepoint: 384419 ns, Cleanup: 16184 ns, At safepoint: 38799 ns, Total: 439402 ns
[2025-10-15T14:34:24.331-0700][1251][info ][safepoint   ] Safepoint "Cleanup", Time since last: 2000178328 ns, Reaching safepoint: 396127 ns, Cleanup: 13861 ns, At safepoint: 74532 ns, Total: 484520 ns
[2025-10-15T14:34:26.332-0700][1251][info ][safepoint   ] Safepoint "Cleanup", Time since last: 2000165118 ns, Reaching safepoint: 425862 ns, Cleanup: 15023 ns, At safepoint: 60581 ns, Total: 501466 ns
[2025-10-15T14:34:29.333-0700][1251][info ][safepoint   ] Safepoint "Cleanup", Time since last: 3000315355 ns, Reaching safepoint: 420363 ns, Cleanup: 14101 ns, At safepoint: 56535 ns, Total: 490999 ns
[2025-10-15T14:34:30.333-0700][1251][info ][safepoint   ] Safepoint "Cleanup", Time since last: 1000126962 ns, Reaching safepoint: 444850 ns, Cleanup: 15002 ns, At safepoint: 57707 ns, Total: 517559 ns
[2025-10-15T14:34:31.334-0700][1251][info ][safepoint   ] Safepoint "Cleanup", Time since last: 1000112420 ns, Reaching safepoint: 422246 ns, Cleanup: 12939 ns, At safepoint: 57657 ns, Total: 492842 ns
[2025-10-15T14:34:33.335-0700][1251][info ][safepoint   ] Safepoint "Cleanup", Time since last: 2000221173 ns, Reaching safepoint: 422787 ns, Cleanup: 14001 ns, At safepoint: 34732 ns, Total: 471520 ns
[2025-10-15T14:34:35.335-0700][1251][info ][safepoint   ] Safepoint "Cleanup", Time since last: 2000191358 ns, Reaching safepoint: 437980 ns, Cleanup: 13951 ns, At safepoint: 58518 ns, Total: 510449 ns
[2025-10-15T14:34:42.336-0700][1251][info ][safepoint   ] Safepoint "Cleanup", Time since last: 7000539272 ns, Reaching safepoint: 429567 ns, Cleanup: 14201 ns, At safepoint: 58489 ns, Total: 502257 ns
[2025-10-15T14:34:44.337-0700][1251][info ][safepoint   ] Safepoint "Cleanup", Time since last: 2000181923 ns, Reaching safepoint: 422176 ns, Cleanup: 16035 ns, At safepoint: 57656 ns, Total: 495867 ns
[2025-10-15T14:34:52.338-0700][1251][info ][safepoint   ] Safepoint "Cleanup", Time since last: 8000659192 ns, Reaching safepoint: 422156 ns, Cleanup: 26971 ns, At safepoint: 59460 ns, Total: 508587 ns
[2025-10-15T14:34:56.339-0700][1251][info ][safepoint   ] Safepoint "Cleanup", Time since last: 4000335284 ns, Reaching safepoint: 424149 ns, Cleanup: 14172 ns, At safepoint: 58378 ns, Total: 496699 ns
[2025-10-15T14:35:02.340-0700][1251][info ][safepoint   ] Safepoint "Cleanup", Time since last: 6000481324 ns, Reaching safepoint: 422196 ns, Cleanup: 16505 ns, At safepoint: 56725 ns, Total: 495426 ns
[2025-10-15T14:35:03.341-0700][1251][info ][safepoint   ] Safepoint "Cleanup", Time since last: 1000113842 ns, Reaching safepoint: 427313 ns, Cleanup: 14582 ns, At safepoint: 56646 ns, Total: 498541 ns
[2025-10-15T14:35:05.348-0700][1251][info ][safepoint   ] Safepoint "Cleanup", Time since last: 2006528045 ns, Reaching safepoint: 422807 ns, Cleanup: 14842 ns, At safepoint: 57216 ns, Total: 494865 ns
[2025-10-15T14:35:06.892-0700][1251][info ][safepoint   ] Safepoint "Cleanup", Time since last: 1543681888 ns, Reaching safepoint: 233301 ns, Cleanup: 70015 ns, At safepoint: 37327 ns, Total: 340643 ns
[2025-10-15T14:35:07.893-0700][1251][info ][safepoint   ] Safepoint "Cleanup", Time since last: 1000118148 ns, Reaching safepoint: 431019 ns, Cleanup: 152690 ns, At safepoint: 62594 ns, Total: 646303 ns
[2025-10-15T14:35:08.893-0700][1251][info ][safepoint   ] Safepoint "Cleanup", Time since last: 1000121854 ns, Reaching safepoint: 415275 ns, Cleanup: 42444 ns, At safepoint: 59580 ns, Total: 517299 ns
[2025-10-15T14:35:09.894-0700][1251][info ][safepoint   ] Safepoint "Cleanup", Time since last: 1000126491 ns, Reaching safepoint: 423057 ns, Cleanup: 19339 ns, At safepoint: 58468 ns, Total: 500864 ns
[2025-10-15T14:35:10.894-0700][1251][info ][safepoint   ] Safepoint "Cleanup", Time since last: 1000108844 ns, Reaching safepoint: 378450 ns, Cleanup: 34062 ns, At safepoint: 36124 ns, Total: 448636 ns
[2025-10-15T14:35:11.895-0700][1251][info ][safepoint   ] Safepoint "Cleanup", Time since last: 1000104107 ns, Reaching safepoint: 378880 ns, Cleanup: 13401 ns, At safepoint: 36094 ns, Total: 428375 ns
[2025-10-15T14:35:12.896-0700][1251][info ][safepoint   ] Safepoint "Cleanup", Time since last: 1000119059 ns, Reaching safepoint: 436879 ns, Cleanup: 26620 ns, At safepoint: 57837 ns, Total: 521336 ns
[2025-10-15T14:35:13.896-0700][1251][info ][safepoint   ] Safepoint "Cleanup", Time since last: 1000130266 ns, Reaching safepoint: 542267 ns, Cleanup: 69865 ns, At safepoint: 39550 ns, Total: 651682 ns
[2025-10-15T14:35:14.897-0700][1251][info ][safepoint   ] Safepoint "Cleanup", Time since last: 1000149014 ns, Reaching safepoint: 420744 ns, Cleanup: 61793 ns, At safepoint: 57256 ns, Total: 539793 ns
[2025-10-15T14:35:15.898-0700][1251][info ][safepoint   ] Safepoint "Cleanup", Time since last: 1000145149 ns, Reaching safepoint: 443989 ns, Cleanup: 15523 ns, At safepoint: 59670 ns, Total: 519182 ns
[2025-10-15T14:35:16.898-0700][1251][info ][safepoint   ] Safepoint "Cleanup", Time since last: 1000131127 ns, Reaching safepoint: 417049 ns, Cleanup: 31197 ns, At safepoint: 58969 ns, Total: 507215 ns
[2025-10-15T14:35:17.899-0700][1251][info ][safepoint   ] Safepoint "Cleanup", Time since last: 1000136175 ns, Reaching safepoint: 425230 ns, Cleanup: 14803 ns, At safepoint: 60621 ns, Total: 500654 ns
[2025-10-15T14:35:18.899-0700][1251][info ][safepoint   ] Safepoint "Cleanup", Time since last: 1000114262 ns, Reaching safepoint: 387644 ns, Cleanup: 13440 ns, At safepoint: 36736 ns, Total: 437820 ns
[2025-10-15T14:35:19.900-0700][1251][info ][safepoint   ] Safepoint "Cleanup", Time since last: 1000121232 ns, Reaching safepoint: 423929 ns, Cleanup: 25198 ns, At safepoint: 59830 ns, Total: 508957 ns
[2025-10-15T14:35:20.901-0700][1251][info ][safepoint   ] Safepoint "Cleanup", Time since last: 1000139989 ns, Reaching safepoint: 421465 ns, Cleanup: 24678 ns, At safepoint: 57757 ns, Total: 503900 ns
[2025-10-15T14:35:22.902-0700][1251][info ][safepoint   ] Safepoint "Cleanup", Time since last: 2000216542 ns, Reaching safepoint: 441045 ns, Cleanup: 26480 ns, At safepoint: 57847 ns, Total: 525372 ns
[2025-10-15T14:35:23.902-0700][1251][info ][safepoint   ] Safepoint "Cleanup", Time since last: 1000113646 ns, Reaching safepoint: 367915 ns, Cleanup: 14822 ns, At safepoint: 42835 ns, Total: 425572 ns
[2025-10-15T14:35:24.903-0700][1251][info ][safepoint   ] Safepoint "Cleanup", Time since last: 1000127978 ns, Reaching safepoint: 433873 ns, Cleanup: 13891 ns, At safepoint: 59460 ns, Total: 507224 ns
[2025-10-15T14:35:31.904-0700][1251][info ][safepoint   ] Safepoint "Cleanup", Time since last: 7000608374 ns, Reaching safepoint: 420303 ns, Cleanup: 20461 ns, At safepoint: 57997 ns, Total: 498761 ns
[2025-10-15T14:35:33.905-0700][1251][info ][safepoint   ] Safepoint "Cleanup", Time since last: 2000209196 ns, Reaching safepoint: 433783 ns, Cleanup: 23456 ns, At safepoint: 56986 ns, Total: 514225 ns
[2025-10-15T14:35:34.905-0700][1251][info ][safepoint   ] Safepoint "Cleanup", Time since last: 1000134387 ns, Reaching safepoint: 424109 ns, Cleanup: 13791 ns, At safepoint: 56045 ns, Total: 493945 ns
[2025-10-15T14:35:38.906-0700][1251][info ][safepoint   ] Safepoint "Cleanup", Time since last: 4000372212 ns, Reaching safepoint: 423337 ns, Cleanup: 12619 ns, At safepoint: 56526 ns, Total: 492482 ns
[2025-10-15T14:35:45.907-0700][1251][info ][safepoint   ] Safepoint "Cleanup", Time since last: 7000589905 ns, Reaching safepoint: 421716 ns, Cleanup: 14091 ns, At safepoint: 57076 ns, Total: 492883 ns
[2025-10-15T14:35:46.509-0700][1251][info ][safepoint   ] Safepoint "ICBufferFull", Time since last: 601315689 ns, Reaching safepoint: 418721 ns, Cleanup: 209185 ns, At safepoint: 104488 ns, Total: 732394 ns
[2025-10-15T14:35:46.510-0700][1251][info ][safepoint   ] Safepoint "ICBufferFull", Time since last: 63816 ns, Reaching safepoint: 205179 ns, Cleanup: 4907 ns, At safepoint: 96706 ns, Total: 306792 ns
[2025-10-15T14:35:46.590-0700][1251][info ][gc,start    ] GC(25) Pause Young (Normal) (G1 Evacuation Pause)
[2025-10-15T14:35:46.590-0700][1251][info ][gc,task     ] GC(25) Using 113 workers of 113 for evacuation
[2025-10-15T14:35:46.596-0700][1251][debug][gc,remset   ] GC(25) Visited cards 704000 Total dirty 2949120 (23.87%) Total old 40828928 (1.72%)
[2025-10-15T14:35:46.621-0700][1251][info ][gc,phases   ] GC(25)   Pre Evacuate Collection Set: 0.6ms
[2025-10-15T14:35:46.621-0700][1251][info ][gc,phases   ] GC(25)   Merge Heap Roots: 4.8ms
[2025-10-15T14:35:46.621-0700][1251][info ][gc,phases   ] GC(25)   Evacuate Collection Set: 23.2ms
[2025-10-15T14:35:46.621-0700][1251][info ][gc,phases   ] GC(25)   Post Evacuate Collection Set: 2.5ms
[2025-10-15T14:35:46.621-0700][1251][info ][gc,phases   ] GC(25)   Other: 0.1ms
[2025-10-15T14:35:46.621-0700][1251][debug][gc,remset   ] GC(25) Coarsening (recent): Inline->AoC 0 (0) AoC->Howl 0 (0) Howl->Full 0 (0) Inline->AoC 0 (0) AoC->BitMap 0 (0) BitMap->Full 0 (0)
[2025-10-15T14:35:46.621-0700][1251][debug][gc,remset   ] GC(25) Coarsening (all): Inline->AoC 156 (0) AoC->Howl 34 (0) Howl->Full 0 (0) Inline->AoC 190 (0) AoC->BitMap 15 (0) BitMap->Full 0 (0)
[2025-10-15T14:35:46.621-0700][1251][info ][gc,heap     ] GC(25) Eden regions: 257->0(256)
[2025-10-15T14:35:46.621-0700][1251][info ][gc,heap     ] GC(25) Survivor regions: 31->32(36)
[2025-10-15T14:35:46.621-0700][1251][info ][gc,heap     ] GC(25) Old regions: 47->53
[2025-10-15T14:35:46.621-0700][1251][info ][gc,heap     ] GC(25) Humongous regions: 0->0
[2025-10-15T14:35:46.621-0700][1251][info ][gc,metaspace] GC(25) Metaspace: 213988K(216640K)->213988K(216640K) NonClass: 189101K(190528K)->189101K(190528K) Class: 24886K(26112K)->24886K(26112K)
[2025-10-15T14:35:46.622-0700][1251][info ][gc          ] GC(25) Pause Young (Normal) (G1 Evacuation Pause) 10697M->2703M(184320M) 31.299ms
[2025-10-15T14:35:46.622-0700][1251][info ][gc,cpu      ] GC(25) User=1.83s Sys=0.00s Real=0.03s
[2025-10-15T14:35:46.622-0700][1251][info ][safepoint   ] Safepoint "G1CollectForAllocation", Time since last: 79533545 ns, Reaching safepoint: 388205 ns, Cleanup: 86340 ns, At safepoint: 32586895 ns, Total: 33061440 ns
[2025-10-15T14:35:46.738-0700][1251][info ][safepoint   ] Safepoint "ICBufferFull", Time since last: 114975101 ns, Reaching safepoint: 435276 ns, Cleanup: 248895 ns, At safepoint: 81813 ns, Total: 765984 ns
[2025-10-15T14:35:47.046-0700][1251][info ][safepoint   ] Safepoint "ICBufferFull", Time since last: 307240187 ns, Reaching safepoint: 455476 ns, Cleanup: 159931 ns, At safepoint: 113391 ns, Total: 728798 ns
[2025-10-15T14:35:47.361-0700][1251][info ][safepoint   ] Safepoint "ICBufferFull", Time since last: 314294324 ns, Reaching safepoint: 463308 ns, Cleanup: 172170 ns, At safepoint: 131007 ns, Total: 766485 ns
[2025-10-15T14:35:47.586-0700][1251][info ][safepoint   ] Safepoint "ICBufferFull", Time since last: 224627423 ns, Reaching safepoint: 435145 ns, Cleanup: 159791 ns, At safepoint: 155654 ns, Total: 750590 ns
[2025-10-15T14:35:47.716-0700][1251][info ][safepoint   ] Safepoint "ICBufferFull", Time since last: 129405182 ns, Reaching safepoint: 404098 ns, Cleanup: 147172 ns, At safepoint: 119370 ns, Total: 670640 ns
[2025-10-15T14:35:47.717-0700][1251][info ][safepoint   ] Safepoint "ICBufferFull", Time since last: 52790 ns, Reaching safepoint: 222024 ns, Cleanup: 881 ns, At safepoint: 91588 ns, Total: 314493 ns
[2025-10-15T14:35:47.717-0700][1251][info ][safepoint   ] Safepoint "ICBufferFull", Time since last: 27782 ns, Reaching safepoint: 136636 ns, Cleanup: 3275 ns, At safepoint: 83426 ns, Total: 223337 ns
[2025-10-15T14:35:47.717-0700][1251][info ][safepoint   ] Safepoint "ICBufferFull", Time since last: 30115 ns, Reaching safepoint: 127692 ns, Cleanup: 982 ns, At safepoint: 83155 ns, Total: 211829 ns
[2025-10-15T14:35:47.717-0700][1251][info ][safepoint   ] Safepoint "ICBufferFull", Time since last: 23536 ns, Reaching safepoint: 134813 ns, Cleanup: 1011 ns, At safepoint: 88303 ns, Total: 224127 ns
[2025-10-15T14:35:47.769-0700][1251][info ][safepoint   ] Safepoint "ICBufferFull", Time since last: 50568517 ns, Reaching safepoint: 399221 ns, Cleanup: 176496 ns, At safepoint: 118589 ns, Total: 694306 ns
[2025-10-15T14:35:47.818-0700][1251][info ][safepoint   ] Safepoint "ICBufferFull", Time since last: 48760752 ns, Reaching safepoint: 456668 ns, Cleanup: 190127 ns, At safepoint: 109244 ns, Total: 756039 ns
[2025-10-15T14:35:47.819-0700][1251][info ][safepoint   ] Safepoint "ICBufferFull", Time since last: 70366 ns, Reaching safepoint: 174283 ns, Cleanup: 3595 ns, At safepoint: 89816 ns, Total: 267694 ns
[2025-10-15T14:35:47.896-0700][1251][info ][safepoint   ] Safepoint "ICBufferFull", Time since last: 72124032 ns, Reaching safepoint: 4667542 ns, Cleanup: 210827 ns, At safepoint: 113091 ns, Total: 4991460 ns
[2025-10-15T14:35:47.905-0700][1251][info ][safepoint   ] Safepoint "ICBufferFull", Time since last: 8648209 ns, Reaching safepoint: 469267 ns, Cleanup: 38768 ns, At safepoint: 66360 ns, Total: 574395 ns
[2025-10-15T14:35:47.905-0700][1251][info ][safepoint   ] Safepoint "ICBufferFull", Time since last: 54492 ns, Reaching safepoint: 163226 ns, Cleanup: 1182 ns, At safepoint: 76075 ns, Total: 240483 ns
[2025-10-15T14:35:47.977-0700][1251][info ][safepoint   ] Safepoint "ICBufferFull", Time since last: 71117054 ns, Reaching safepoint: 306322 ns, Cleanup: 171749 ns, At safepoint: 48012 ns, Total: 526083 ns
[2025-10-15T14:35:47.983-0700][1251][info ][safepoint   ] Safepoint "ICBufferFull", Time since last: 45458 ns, Reaching safepoint: 6410999 ns, Cleanup: 3896 ns, At safepoint: 71378 ns, Total: 6486273 ns
[2025-10-15T14:35:48.011-0700][1251][info ][safepoint   ] Safepoint "ICBufferFull", Time since last: 26884674 ns, Reaching safepoint: 554395 ns, Cleanup: 159631 ns, At safepoint: 55433 ns, Total: 769459 ns
[2025-10-15T14:35:48.146-0700][1251][info ][safepoint   ] Safepoint "ICBufferFull", Time since last: 134745808 ns, Reaching safepoint: 495636 ns, Cleanup: 109806 ns, At safepoint: 58598 ns, Total: 664040 ns
[2025-10-15T14:35:48.147-0700][1251][info ][safepoint   ] Safepoint "ICBufferFull", Time since last: 66070 ns, Reaching safepoint: 158138 ns, Cleanup: 1172 ns, At safepoint: 57917 ns, Total: 217227 ns
[2025-10-15T14:35:48.147-0700][1251][info ][safepoint   ] Safepoint "ICBufferFull", Time since last: 32088 ns, Reaching safepoint: 137227 ns, Cleanup: 4617 ns, At safepoint: 51568 ns, Total: 193412 ns
[2025-10-15T14:35:48.147-0700][1251][info ][safepoint   ] Safepoint "ICBufferFull", Time since last: 26910 ns, Reaching safepoint: 130717 ns, Cleanup: 1172 ns, At safepoint: 52629 ns, Total: 184518 ns
[2025-10-15T14:35:48.147-0700][1251][info ][safepoint   ] Safepoint "ICBufferFull", Time since last: 28503 ns, Reaching safepoint: 138469 ns, Cleanup: 1121 ns, At safepoint: 48393 ns, Total: 187983 ns
[2025-10-15T14:35:48.148-0700][1251][info ][safepoint   ] Safepoint "ICBufferFull", Time since last: 29134 ns, Reaching safepoint: 134242 ns, Cleanup: 1192 ns, At safepoint: 50857 ns, Total: 186291 ns
[2025-10-15T14:35:48.148-0700][1251][info ][safepoint   ] Safepoint "ICBufferFull", Time since last: 23525 ns, Reaching safepoint: 132420 ns, Cleanup: 1162 ns, At safepoint: 49845 ns, Total: 183427 ns
[2025-10-15T14:35:48.148-0700][1251][info ][safepoint   ] Safepoint "ICBufferFull", Time since last: 23565 ns, Reaching safepoint: 128964 ns, Cleanup: 1032 ns, At safepoint: 45288 ns, Total: 175284 ns
[2025-10-15T14:35:48.148-0700][1251][info ][safepoint   ] Safepoint "ICBufferFull", Time since last: 45960 ns, Reaching safepoint: 126009 ns, Cleanup: 1062 ns, At safepoint: 44417 ns, Total: 171488 ns
[2025-10-15T14:35:48.149-0700][1251][info ][safepoint   ] Safepoint "ICBufferFull", Time since last: 29795 ns, Reaching safepoint: 324989 ns, Cleanup: 631 ns, At safepoint: 50186 ns, Total: 375806 ns
[2025-10-15T14:35:48.149-0700][1251][info ][safepoint   ] Safepoint "ICBufferFull", Time since last: 24717 ns, Reaching safepoint: 138369 ns, Cleanup: 801 ns, At safepoint: 46890 ns, Total: 186060 ns
[2025-10-15T14:35:48.149-0700][1251][info ][safepoint   ] Safepoint "ICBufferFull", Time since last: 18588 ns, Reaching safepoint: 388446 ns, Cleanup: 671 ns, At safepoint: 56224 ns, Total: 445341 ns
[2025-10-15T14:35:48.149-0700][1251][info ][safepoint   ] Safepoint "ICBufferFull", Time since last: 17777 ns, Reaching safepoint: 132790 ns, Cleanup: 1112 ns, At safepoint: 50696 ns, Total: 184598 ns
[2025-10-15T14:35:48.150-0700][1251][info ][safepoint   ] Safepoint "ICBufferFull", Time since last: 19329 ns, Reaching safepoint: 421776 ns, Cleanup: 1292 ns, At safepoint: 57557 ns, Total: 480625 ns
[2025-10-15T14:35:48.223-0700][1251][info ][gc,start    ] GC(26) Pause Young (Normal) (G1 Evacuation Pause)
[2025-10-15T14:35:48.223-0700][1251][info ][gc,task     ] GC(26) Using 113 workers of 113 for evacuation
[2025-10-15T14:35:48.227-0700][1251][debug][gc,remset   ] GC(26) Visited cards 643840 Total dirty 3342336 (19.26%) Total old 41222144 (1.56%)
[2025-10-15T14:35:48.268-0700][1251][info ][gc,phases   ] GC(26)   Pre Evacuate Collection Set: 0.7ms
[2025-10-15T14:35:48.268-0700][1251][info ][gc,phases   ] GC(26)   Merge Heap Roots: 3.1ms
[2025-10-15T14:35:48.268-0700][1251][info ][gc,phases   ] GC(26)   Evacuate Collection Set: 38.7ms
[2025-10-15T14:35:48.268-0700][1251][info ][gc,phases   ] GC(26)   Post Evacuate Collection Set: 2.3ms
[2025-10-15T14:35:48.268-0700][1251][info ][gc,phases   ] GC(26)   Other: 0.1ms
[2025-10-15T14:35:48.268-0700][1251][debug][gc,remset   ] GC(26) Coarsening (recent): Inline->AoC 0 (0) AoC->Howl 0 (0) Howl->Full 0 (0) Inline->AoC 0 (0) AoC->BitMap 0 (0) BitMap->Full 0 (0)
[2025-10-15T14:35:48.268-0700][1251][debug][gc,remset   ] GC(26) Coarsening (all): Inline->AoC 156 (0) AoC->Howl 34 (0) Howl->Full 0 (0) Inline->AoC 190 (0) AoC->BitMap 15 (0) BitMap->Full 0 (0)
[2025-10-15T14:35:48.268-0700][1251][info ][gc,heap     ] GC(26) Eden regions: 256->0(485)
[2025-10-15T14:35:48.268-0700][1251][info ][gc,heap     ] GC(26) Survivor regions: 32->19(36)
[2025-10-15T14:35:48.268-0700][1251][info ][gc,heap     ] GC(26) Old regions: 53->66
[2025-10-15T14:35:48.268-0700][1251][info ][gc,heap     ] GC(26) Humongous regions: 0->0
[2025-10-15T14:35:48.268-0700][1251][info ][gc,metaspace] GC(26) Metaspace: 226751K(229504K)->226751K(229504K) NonClass: 199981K(201472K)->199981K(201472K) Class: 26770K(28032K)->26770K(28032K)
[2025-10-15T14:35:48.268-0700][1251][info ][gc          ] GC(26) Pause Young (Normal) (G1 Evacuation Pause) 10895M->2701M(184320M) 45.108ms
[2025-10-15T14:35:48.269-0700][1251][info ][gc,cpu      ] GC(26) User=1.32s Sys=0.15s Real=0.05s
[2025-10-15T14:35:48.269-0700][1251][info ][safepoint   ] Safepoint "G1CollectForAllocation", Time since last: 71539461 ns, Reaching safepoint: 356226 ns, Cleanup: 124277 ns, At safepoint: 46839328 ns, Total: 47319831 ns
[2025-10-15T14:35:48.354-0700][1251][info ][safepoint   ] Safepoint "ICBufferFull", Time since last: 81634601 ns, Reaching safepoint: 3632923 ns, Cleanup: 164889 ns, At safepoint: 87632 ns, Total: 3885444 ns
[2025-10-15T14:35:48.355-0700][1251][info ][safepoint   ] Safepoint "ICBufferFull", Time since last: 58317 ns, Reaching safepoint: 511872 ns, Cleanup: 4556 ns, At safepoint: 61934 ns, Total: 578362 ns
[2025-10-15T14:35:48.355-0700][1251][info ][safepoint   ] Safepoint "ICBufferFull", Time since last: 28523 ns, Reaching safepoint: 218920 ns, Cleanup: 831 ns, At safepoint: 51457 ns, Total: 271208 ns
[2025-10-15T14:35:48.356-0700][1251][info ][safepoint   ] Safepoint "ICBufferFull", Time since last: 27702 ns, Reaching safepoint: 190787 ns, Cleanup: 4918 ns, At safepoint: 54182 ns, Total: 249887 ns
[2025-10-15T14:35:48.356-0700][1251][info ][safepoint   ] Safepoint "ICBufferFull", Time since last: 21432 ns, Reaching safepoint: 173161 ns, Cleanup: 6159 ns, At safepoint: 51257 ns, Total: 230577 ns
[2025-10-15T14:35:48.356-0700][1251][info ][safepoint   ] Safepoint "ICBufferFull", Time since last: 22254 ns, Reaching safepoint: 162525 ns, Cleanup: 1332 ns, At safepoint: 49674 ns, Total: 213531 ns
[2025-10-15T14:35:48.356-0700][1251][info ][safepoint   ] Safepoint "ICBufferFull", Time since last: 15884 ns, Reaching safepoint: 157307 ns, Cleanup: 822 ns, At safepoint: 48903 ns, Total: 207032 ns
[2025-10-15T14:35:48.524-0700][1251][info ][safepoint   ] Safepoint "ICBufferFull", Time since last: 159578911 ns, Reaching safepoint: 7882926 ns, Cleanup: 170908 ns, At safepoint: 81232 ns, Total: 8135066 ns
[2025-10-15T14:35:49.401-0700][1251][info ][safepoint   ] Safepoint "ICBufferFull", Time since last: 876147550 ns, Reaching safepoint: 494595 ns, Cleanup: 205229 ns, At safepoint: 71478 ns, Total: 771302 ns
[2025-10-15T14:35:49.935-0700][1251][info ][safepoint   ] Safepoint "ICBufferFull", Time since last: 533933612 ns, Reaching safepoint: 344779 ns, Cleanup: 178850 ns, At safepoint: 67882 ns, Total: 591511 ns
[2025-10-15T14:35:49.936-0700][1251][info ][safepoint   ] Safepoint "ICBufferFull", Time since last: 47852 ns, Reaching safepoint: 151178 ns, Cleanup: 3305 ns, At safepoint: 55664 ns, Total: 210147 ns
[2025-10-15T14:35:49.976-0700][1251][info ][safepoint   ] Safepoint "ICBufferFull", Time since last: 36230144 ns, Reaching safepoint: 3597841 ns, Cleanup: 180742 ns, At safepoint: 71137 ns, Total: 3849720 ns
[2025-10-15T14:35:50.045-0700][1251][info ][safepoint   ] Safepoint "ICBufferFull", Time since last: 68949890 ns, Reaching safepoint: 428365 ns, Cleanup: 192961 ns, At safepoint: 64176 ns, Total: 685502 ns
[2025-10-15T14:35:50.098-0700][1251][info ][safepoint   ] Safepoint "ICBufferFull", Time since last: 51762916 ns, Reaching safepoint: 498641 ns, Cleanup: 212300 ns, At safepoint: 117487 ns, Total: 828428 ns
[2025-10-15T14:35:50.158-0700][1251][info ][safepoint   ] Safepoint "ICBufferFull", Time since last: 59091798 ns, Reaching safepoint: 505802 ns, Cleanup: 231278 ns, At safepoint: 124648 ns, Total: 861728 ns
[2025-10-15T14:35:50.212-0700][1251][info ][safepoint   ] Safepoint "ICBufferFull", Time since last: 53076204 ns, Reaching safepoint: 684181 ns, Cleanup: 184919 ns, At safepoint: 121333 ns, Total: 990433 ns
[2025-10-15T14:35:50.213-0700][1251][info ][safepoint   ] Safepoint "ICBufferFull", Time since last: 70325 ns, Reaching safepoint: 332742 ns, Cleanup: 3044 ns, At safepoint: 108744 ns, Total: 444530 ns
[2025-10-15T14:35:50.213-0700][1251][info ][safepoint   ] Safepoint "ICBufferFull", Time since last: 45228 ns, Reaching safepoint: 264098 ns, Cleanup: 4076 ns, At safepoint: 86381 ns, Total: 354555 ns
[2025-10-15T14:35:50.213-0700][1251][info ][safepoint   ] Safepoint "ICBufferFull", Time since last: 48392 ns, Reaching safepoint: 246001 ns, Cleanup: 741 ns, At safepoint: 90226 ns, Total: 336968 ns
[2025-10-15T14:35:50.214-0700][1251][info ][safepoint   ] Safepoint "ICBufferFull", Time since last: 36856 ns, Reaching safepoint: 208253 ns, Cleanup: 1433 ns, At safepoint: 81492 ns, Total: 291178 ns
[2025-10-15T14:35:50.214-0700][1251][info ][safepoint   ] Safepoint "ICBufferFull", Time since last: 35634 ns, Reaching safepoint: 604791 ns, Cleanup: 3746 ns, At safepoint: 86961 ns, Total: 695498 ns
[2025-10-15T14:35:50.215-0700][1251][info ][safepoint   ] Safepoint "ICBufferFull", Time since last: 36144 ns, Reaching safepoint: 196326 ns, Cleanup: 1272 ns, At safepoint: 82454 ns, Total: 280052 ns
[2025-10-15T14:35:50.215-0700][1251][info ][safepoint   ] Safepoint "ICBufferFull", Time since last: 45759 ns, Reaching safepoint: 187963 ns, Cleanup: 1182 ns, At safepoint: 81964 ns, Total: 271109 ns
[2025-10-15T14:35:50.215-0700][1251][info ][safepoint   ] Safepoint "ICBufferFull", Time since last: 30736 ns, Reaching safepoint: 180602 ns, Cleanup: 431 ns, At safepoint: 84377 ns, Total: 265410 ns
[2025-10-15T14:35:50.216-0700][1251][info ][safepoint   ] Safepoint "ICBufferFull", Time since last: 32779 ns, Reaching safepoint: 175294 ns, Cleanup: 882 ns, At safepoint: 78037 ns, Total: 254213 ns
[2025-10-15T14:35:50.216-0700][1251][info ][safepoint   ] Safepoint "ICBufferFull", Time since last: 34903 ns, Reaching safepoint: 164277 ns, Cleanup: 1152 ns, At safepoint: 79219 ns, Total: 244648 ns
[2025-10-15T14:35:50.216-0700][1251][info ][safepoint   ] Safepoint "ICBufferFull", Time since last: 26300 ns, Reaching safepoint: 161133 ns, Cleanup: 1021 ns, At safepoint: 83336 ns, Total: 245490 ns
[2025-10-15T14:35:50.216-0700][1251][info ][safepoint   ] Safepoint "ICBufferFull", Time since last: 34812 ns, Reaching safepoint: 173872 ns, Cleanup: 1122 ns, At safepoint: 79690 ns, Total: 254684 ns
[2025-10-15T14:35:50.217-0700][1251][info ][safepoint   ] Safepoint "ICBufferFull", Time since last: 27862 ns, Reaching safepoint: 164758 ns, Cleanup: 5969 ns, At safepoint: 76305 ns, Total: 247032 ns
[2025-10-15T14:35:50.232-0700][1251][info ][safepoint   ] Safepoint "ICBufferFull", Time since last: 9124527 ns, Reaching safepoint: 5733498 ns, Cleanup: 138559 ns, At safepoint: 159550 ns, Total: 6031607 ns
[2025-10-15T14:35:50.259-0700][1251][info ][safepoint   ] Safepoint "ICBufferFull", Time since last: 26082486 ns, Reaching safepoint: 468185 ns, Cleanup: 179351 ns, At safepoint: 93761 ns, Total: 741297 ns
[2025-10-15T14:35:50.259-0700][1251][info ][safepoint   ] Safepoint "ICBufferFull", Time since last: 64818 ns, Reaching safepoint: 193962 ns, Cleanup: 5358 ns, At safepoint: 70696 ns, Total: 270016 ns
[2025-10-15T14:35:50.316-0700][1251][info ][safepoint   ] Safepoint "ICBufferFull", Time since last: 55727359 ns, Reaching safepoint: 518701 ns, Cleanup: 197278 ns, At safepoint: 88853 ns, Total: 804832 ns
[2025-10-15T14:35:50.316-0700][1251][info ][safepoint   ] Safepoint "ICBufferFull", Time since last: 96576 ns, Reaching safepoint: 195494 ns, Cleanup: 4287 ns, At safepoint: 69575 ns, Total: 269356 ns
[2025-10-15T14:35:50.316-0700][1251][info ][safepoint   ] Safepoint "ICBufferFull", Time since last: 28623 ns, Reaching safepoint: 161012 ns, Cleanup: 3566 ns, At safepoint: 71558 ns, Total: 236136 ns
[2025-10-15T14:35:50.316-0700][1251][info ][safepoint   ] Safepoint "ICBufferFull", Time since last: 41252 ns, Reaching safepoint: 159650 ns, Cleanup: 1122 ns, At safepoint: 74032 ns, Total: 234804 ns
[2025-10-15T14:35:50.317-0700][1251][info ][safepoint   ] Safepoint "ICBufferFull", Time since last: 32288 ns, Reaching safepoint: 158429 ns, Cleanup: 4487 ns, At safepoint: 70836 ns, Total: 233752 ns
[2025-10-15T14:35:50.389-0700][1251][info ][safepoint   ] Safepoint "ICBufferFull", Time since last: 71095513 ns, Reaching safepoint: 518310 ns, Cleanup: 194233 ns, At safepoint: 94482 ns, Total: 807025 ns
[2025-10-15T14:35:50.435-0700][1251][info ][gc,start    ] GC(27) Pause Young (Concurrent Start) (CodeCache GC Threshold)
[2025-10-15T14:35:50.435-0700][1251][info ][gc,task     ] GC(27) Using 113 workers of 113 for evacuation
[2025-10-15T14:35:50.439-0700][1251][debug][gc,remset   ] GC(27) Visited cards 673280 Total dirty 4128768 (16.31%) Total old 33292288 (2.02%)
[2025-10-15T14:35:50.506-0700][1251][info ][gc,phases   ] GC(27)   Pre Evacuate Collection Set: 0.8ms
[2025-10-15T14:35:50.506-0700][1251][info ][gc,phases   ] GC(27)   Merge Heap Roots: 2.9ms
[2025-10-15T14:35:50.506-0700][1251][info ][gc,phases   ] GC(27)   Evacuate Collection Set: 64.4ms
[2025-10-15T14:35:50.506-0700][1251][info ][gc,phases   ] GC(27)   Post Evacuate Collection Set: 2.5ms
[2025-10-15T14:35:50.506-0700][1251][info ][gc,phases   ] GC(27)   Other: 0.2ms
[2025-10-15T14:35:50.506-0700][1251][debug][gc,remset   ] GC(27) Coarsening (recent): Inline->AoC 0 (0) AoC->Howl 0 (0) Howl->Full 0 (0) Inline->AoC 0 (0) AoC->BitMap 0 (0) BitMap->Full 0 (0)
[2025-10-15T14:35:50.506-0700][1251][debug][gc,remset   ] GC(27) Coarsening (all): Inline->AoC 156 (0) AoC->Howl 34 (0) Howl->Full 0 (0) Inline->AoC 190 (0) AoC->BitMap 15 (0) BitMap->Full 0 (0)
[2025-10-15T14:35:50.506-0700][1251][info ][gc,heap     ] GC(27) Eden regions: 202->0(618)
[2025-10-15T14:35:50.506-0700][1251][info ][gc,heap     ] GC(27) Survivor regions: 19->23(63)
[2025-10-15T14:35:50.506-0700][1251][info ][gc,heap     ] GC(27) Old regions: 66->66
[2025-10-15T14:35:50.506-0700][1251][info ][gc,heap     ] GC(27) Humongous regions: 0->0
[2025-10-15T14:35:50.506-0700][1251][info ][gc,metaspace] GC(27) Metaspace: 236011K(238848K)->236011K(238848K) NonClass: 207900K(209472K)->207900K(209472K) Class: 28111K(29376K)->28111K(29376K)
[2025-10-15T14:35:50.506-0700][1251][info ][gc          ] GC(27) Pause Young (Concurrent Start) (CodeCache GC Threshold) 9163M->2819M(184320M) 70.868ms
[2025-10-15T14:35:50.506-0700][1134][info ][gc          ] GC(28) Concurrent Mark Cycle
[2025-10-15T14:35:50.506-0700][1134][info ][gc,marking  ] GC(28) Concurrent Scan Root Regions
[2025-10-15T14:35:50.507-0700][1251][info ][gc,cpu      ] GC(27) User=1.30s Sys=0.00s Real=0.07s
[2025-10-15T14:35:50.507-0700][1251][info ][safepoint   ] Safepoint "G1TryInitiateConcMark", Time since last: 44772124 ns, Reaching safepoint: 498020 ns, Cleanup: 129776 ns, At safepoint: 72962495 ns, Total: 73590291 ns
[2025-10-15T14:35:50.518-0700][1134][info ][gc,marking  ] GC(28) Concurrent Scan Root Regions 12.400ms
[2025-10-15T14:35:50.518-0700][1134][info ][gc,marking  ] GC(28) Concurrent Mark
[2025-10-15T14:35:50.518-0700][1134][info ][gc,marking  ] GC(28) Concurrent Mark From Roots
[2025-10-15T14:35:50.518-0700][1134][info ][gc,task     ] GC(28) Using 36 workers of 36 for marking
[2025-10-15T14:35:50.555-0700][1134][info ][gc,marking  ] GC(28) Concurrent Mark From Roots 36.916ms
[2025-10-15T14:35:50.555-0700][1134][info ][gc,marking  ] GC(28) Concurrent Preclean
[2025-10-15T14:35:50.557-0700][1134][info ][gc,marking  ] GC(28) Concurrent Preclean 1.511ms
[2025-10-15T14:35:50.558-0700][1251][info ][gc,start    ] GC(28) Pause Remark
[2025-10-15T14:35:50.779-0700][1251][info ][gc,mmu      ] GC(28) MMU target violated: 201.0ms (200.0ms/201.0ms)
[2025-10-15T14:35:50.779-0700][1251][info ][gc          ] GC(28) Pause Remark 3301M->3301M(184320M) 221.040ms
[2025-10-15T14:35:50.780-0700][1251][info ][gc,cpu      ] GC(28) User=8.83s Sys=0.00s Real=0.22s
[2025-10-15T14:35:50.781-0700][1251][info ][safepoint   ] Safepoint "G1PauseRemark", Time since last: 49954451 ns, Reaching safepoint: 514154 ns, Cleanup: 131799 ns, At safepoint: 222950456 ns, Total: 223596409 ns
[2025-10-15T14:35:50.781-0700][1134][info ][gc,marking  ] GC(28) Concurrent Mark 262.173ms
[2025-10-15T14:35:50.781-0700][1134][info ][gc,marking  ] GC(28) Concurrent Rebuild Remembered Sets and Scrub Regions
[2025-10-15T14:35:50.794-0700][1134][info ][gc,marking  ] GC(28) Concurrent Rebuild Remembered Sets and Scrub Regions 13.288ms
[2025-10-15T14:35:50.796-0700][1251][info ][gc,start    ] GC(28) Pause Cleanup
[2025-10-15T14:35:50.796-0700][1251][info ][gc          ] GC(28) Pause Cleanup 3428M->3428M(184320M) 0.495ms
[2025-10-15T14:35:50.796-0700][1251][info ][gc,cpu      ] GC(28) User=0.01s Sys=0.00s Real=0.00s
[2025-10-15T14:35:50.796-0700][1251][info ][safepoint   ] Safepoint "G1PauseCleanup", Time since last: 13488732 ns, Reaching safepoint: 502087 ns, Cleanup: 191428 ns, At safepoint: 1736396 ns, Total: 2429911 ns
[2025-10-15T14:35:50.797-0700][1134][info ][gc,marking  ] GC(28) Concurrent Clear Claimed Marks
[2025-10-15T14:35:50.797-0700][1134][info ][gc,marking  ] GC(28) Concurrent Clear Claimed Marks 0.376ms
[2025-10-15T14:35:50.797-0700][1134][info ][gc,marking  ] GC(28) Concurrent Cleanup for Next Mark
[2025-10-15T14:35:50.826-0700][1134][info ][gc,marking  ] GC(28) Concurrent Cleanup for Next Mark 29.012ms
[2025-10-15T14:35:50.826-0700][1134][info ][gc          ] GC(28) Concurrent Mark Cycle 320.020ms
[2025-10-15T14:35:50.907-0700][1251][info ][safepoint   ] Safepoint "ICBufferFull", Time since last: 109623128 ns, Reaching safepoint: 533804 ns, Cleanup: 220142 ns, At safepoint: 105509 ns, Total: 859455 ns
[2025-10-15T14:35:50.907-0700][1251][info ][safepoint   ] Safepoint "ICBufferFull", Time since last: 71017 ns, Reaching safepoint: 188444 ns, Cleanup: 4426 ns, At safepoint: 95905 ns, Total: 288775 ns
[2025-10-15T14:35:50.908-0700][1251][info ][safepoint   ] Safepoint "ICBufferFull", Time since last: 25959 ns, Reaching safepoint: 173000 ns, Cleanup: 1162 ns, At safepoint: 89936 ns, Total: 264098 ns
[2025-10-15T14:35:50.908-0700][1251][info ][safepoint   ] Safepoint "ICBufferFull", Time since last: 30255 ns, Reaching safepoint: 167312 ns, Cleanup: 992 ns, At safepoint: 87522 ns, Total: 255826 ns
[2025-10-15T14:35:51.007-0700][1251][info ][safepoint   ] Safepoint "ICBufferFull", Time since last: 97930251 ns, Reaching safepoint: 470469 ns, Cleanup: 194493 ns, At safepoint: 105739 ns, Total: 770701 ns
[2025-10-15T14:35:51.153-0700][1251][info ][safepoint   ] Safepoint "ICBufferFull", Time since last: 145561602 ns, Reaching safepoint: 519253 ns, Cleanup: 219851 ns, At safepoint: 99209 ns, Total: 838313 ns
[2025-10-15T14:35:51.153-0700][1251][info ][safepoint   ] Safepoint "ICBufferFull", Time since last: 63426 ns, Reaching safepoint: 203967 ns, Cleanup: 2694 ns, At safepoint: 90777 ns, Total: 297438 ns
[2025-10-15T14:35:51.154-0700][1251][info ][safepoint   ] Safepoint "ICBufferFull", Time since last: 62044 ns, Reaching safepoint: 226681 ns, Cleanup: 651 ns, At safepoint: 86380 ns, Total: 313712 ns
[2025-10-15T14:35:51.154-0700][1251][info ][safepoint   ] Safepoint "ICBufferFull", Time since last: 39660 ns, Reaching safepoint: 154443 ns, Cleanup: 1262 ns, At safepoint: 93280 ns, Total: 248985 ns
[2025-10-15T14:35:51.154-0700][1251][info ][safepoint   ] Safepoint "ICBufferFull", Time since last: 41813 ns, Reaching safepoint: 149165 ns, Cleanup: 781 ns, At safepoint: 102434 ns, Total: 252380 ns
[2025-10-15T14:35:51.155-0700][1251][info ][safepoint   ] Safepoint "ICBufferFull", Time since last: 35083 ns, Reaching safepoint: 161754 ns, Cleanup: 761 ns, At safepoint: 93591 ns, Total: 256106 ns
[2025-10-15T14:35:51.155-0700][1251][info ][safepoint   ] Safepoint "ICBufferFull", Time since last: 32038 ns, Reaching safepoint: 353883 ns, Cleanup: 742 ns, At safepoint: 82113 ns, Total: 436738 ns
[2025-10-15T14:35:51.155-0700][1251][info ][safepoint   ] Safepoint "ICBufferFull", Time since last: 32519 ns, Reaching safepoint: 167843 ns, Cleanup: 531 ns, At safepoint: 93150 ns, Total: 261524 ns
[2025-10-15T14:35:51.156-0700][1251][info ][safepoint   ] Safepoint "ICBufferFull", Time since last: 29505 ns, Reaching safepoint: 152690 ns, Cleanup: 981 ns, At safepoint: 92560 ns, Total: 246231 ns
[2025-10-15T14:35:51.251-0700][1251][info ][safepoint   ] Safepoint "ICBufferFull", Time since last: 94575497 ns, Reaching safepoint: 482707 ns, Cleanup: 216666 ns, At safepoint: 121774 ns, Total: 821147 ns
[2025-10-15T14:35:51.312-0700][1251][info ][safepoint   ] Safepoint "ICBufferFull", Time since last: 59798913 ns, Reaching safepoint: 517920 ns, Cleanup: 208063 ns, At safepoint: 124448 ns, Total: 850431 ns
[2025-10-15T14:35:51.368-0700][1251][info ][safepoint   ] Safepoint "ICBufferFull", Time since last: 55009136 ns, Reaching safepoint: 507335 ns, Cleanup: 196295 ns, At safepoint: 104858 ns, Total: 808488 ns
[2025-10-15T14:35:51.368-0700][1251][info ][safepoint   ] Safepoint "ICBufferFull", Time since last: 87092 ns, Reaching safepoint: 203526 ns, Cleanup: 5258 ns, At safepoint: 89796 ns, Total: 298580 ns
[2025-10-15T14:35:51.368-0700][1251][info ][safepoint   ] Safepoint "ICBufferFull", Time since last: 121222 ns, Reaching safepoint: 171659 ns, Cleanup: 1111 ns, At safepoint: 89375 ns, Total: 262145 ns
[2025-10-15T14:35:51.369-0700][1251][info ][safepoint   ] Safepoint "ICBufferFull", Time since last: 192420 ns, Reaching safepoint: 172219 ns, Cleanup: 4317 ns, At safepoint: 77867 ns, Total: 254403 ns
[2025-10-15T14:35:51.369-0700][1251][info ][safepoint   ] Safepoint "ICBufferFull", Time since last: 52019 ns, Reaching safepoint: 168804 ns, Cleanup: 1092 ns, At safepoint: 102093 ns, Total: 271989 ns
[2025-10-15T14:35:51.369-0700][1251][info ][safepoint   ] Safepoint "ICBufferFull", Time since last: 38518 ns, Reaching safepoint: 174363 ns, Cleanup: 431 ns, At safepoint: 84247 ns, Total: 259041 ns
[2025-10-15T14:35:51.370-0700][1251][info ][safepoint   ] Safepoint "ICBufferFull", Time since last: 47822 ns, Reaching safepoint: 164898 ns, Cleanup: 1002 ns, At safepoint: 97056 ns, Total: 262956 ns
[2025-10-15T14:35:51.370-0700][1251][info ][safepoint   ] Safepoint "ICBufferFull", Time since last: 41162 ns, Reaching safepoint: 166371 ns, Cleanup: 3625 ns, At safepoint: 72920 ns, Total: 242916 ns
[2025-10-15T14:35:51.370-0700][1251][info ][safepoint   ] Safepoint "ICBufferFull", Time since last: 40170 ns, Reaching safepoint: 162485 ns, Cleanup: 1062 ns, At safepoint: 81783 ns, Total: 245330 ns
[2025-10-15T14:35:51.371-0700][1251][info ][safepoint   ] Safepoint "ICBufferFull", Time since last: 51748 ns, Reaching safepoint: 162665 ns, Cleanup: 982 ns, At safepoint: 90065 ns, Total: 253712 ns
[2025-10-15T14:35:51.371-0700][1251][info ][safepoint   ] Safepoint "ICBufferFull", Time since last: 37357 ns, Reaching safepoint: 162094 ns, Cleanup: 851 ns, At safepoint: 74993 ns, Total: 237938 ns
[2025-10-15T14:35:51.371-0700][1251][info ][safepoint   ] Safepoint "ICBufferFull", Time since last: 40040 ns, Reaching safepoint: 346733 ns, Cleanup: 511 ns, At safepoint: 98328 ns, Total: 445572 ns
[2025-10-15T14:35:51.372-0700][1251][info ][safepoint   ] Safepoint "ICBufferFull", Time since last: 59159 ns, Reaching safepoint: 234423 ns, Cleanup: 561 ns, At safepoint: 94582 ns, Total: 329566 ns
[2025-10-15T14:35:51.372-0700][1251][info ][safepoint   ] Safepoint "ICBufferFull", Time since last: 35914 ns, Reaching safepoint: 168154 ns, Cleanup: 1272 ns, At safepoint: 79509 ns, Total: 248935 ns
[2025-10-15T14:35:51.372-0700][1251][info ][safepoint   ] Safepoint "ICBufferFull", Time since last: 35113 ns, Reaching safepoint: 159781 ns, Cleanup: 1182 ns, At safepoint: 102624 ns, Total: 263587 ns
[2025-10-15T14:35:51.373-0700][1251][info ][safepoint   ] Safepoint "ICBufferFull", Time since last: 32309 ns, Reaching safepoint: 722409 ns, Cleanup: 1221 ns, At safepoint: 95985 ns, Total: 819615 ns
[2025-10-15T14:35:51.373-0700][1251][info ][safepoint   ] Safepoint "ICBufferFull", Time since last: 41703 ns, Reaching safepoint: 176936 ns, Cleanup: 1262 ns, At safepoint: 96416 ns, Total: 274614 ns
[2025-10-15T14:35:51.374-0700][1251][info ][safepoint   ] Safepoint "ICBufferFull", Time since last: 32929 ns, Reaching safepoint: 225590 ns, Cleanup: 711 ns, At safepoint: 88684 ns, Total: 314985 ns
[2025-10-15T14:35:51.374-0700][1251][info ][safepoint   ] Safepoint "ICBufferFull", Time since last: 36244 ns, Reaching safepoint: 358070 ns, Cleanup: 661 ns, At safepoint: 99740 ns, Total: 458471 ns
[2025-10-15T14:35:51.375-0700][1251][info ][safepoint   ] Safepoint "ICBufferFull", Time since last: 36665 ns, Reaching safepoint: 160402 ns, Cleanup: 1132 ns, At safepoint: 91928 ns, Total: 253462 ns
[2025-10-15T14:35:51.375-0700][1251][info ][safepoint   ] Safepoint "ICBufferFull", Time since last: 33380 ns, Reaching safepoint: 284139 ns, Cleanup: 550 ns, At safepoint: 95664 ns, Total: 380353 ns
[2025-10-15T14:35:51.375-0700][1251][info ][safepoint   ] Safepoint "ICBufferFull", Time since last: 31208 ns, Reaching safepoint: 161072 ns, Cleanup: 1022 ns, At safepoint: 100671 ns, Total: 262765 ns
[2025-10-15T14:35:51.376-0700][1251][info ][safepoint   ] Safepoint "ICBufferFull", Time since last: 26721 ns, Reaching safepoint: 286802 ns, Cleanup: 661 ns, At safepoint: 96936 ns, Total: 384399 ns
[2025-10-15T14:35:51.376-0700][1251][info ][safepoint   ] Safepoint "ICBufferFull", Time since last: 24537 ns, Reaching safepoint: 160832 ns, Cleanup: 951 ns, At safepoint: 90487 ns, Total: 252270 ns
[2025-10-15T14:35:51.376-0700][1251][info ][safepoint   ] Safepoint "ICBufferFull", Time since last: 31317 ns, Reaching safepoint: 163176 ns, Cleanup: 941 ns, At safepoint: 105119 ns, Total: 269236 ns
[2025-10-15T14:35:51.377-0700][1251][info ][safepoint   ] Safepoint "ICBufferFull", Time since last: 23104 ns, Reaching safepoint: 224028 ns, Cleanup: 691 ns, At safepoint: 91167 ns, Total: 315886 ns
[2025-10-15T14:35:51.517-0700][1251][info ][safepoint   ] Safepoint "ICBufferFull", Time since last: 138785985 ns, Reaching safepoint: 1158415 ns, Cleanup: 207623 ns, At safepoint: 119229 ns, Total: 1485267 ns
[2025-10-15T14:35:51.517-0700][1251][info ][safepoint   ] Safepoint "ICBufferFull", Time since last: 56546 ns, Reaching safepoint: 201894 ns, Cleanup: 4426 ns, At safepoint: 105960 ns, Total: 312280 ns
[2025-10-15T14:35:51.623-0700][1251][info ][safepoint   ] Safepoint "ICBufferFull", Time since last: 88238410 ns, Reaching safepoint: 17362969 ns, Cleanup: 186060 ns, At safepoint: 172640 ns, Total: 17721669 ns
[2025-10-15T14:35:51.626-0700][1251][info ][safepoint   ] Safepoint "ICBufferFull", Time since last: 89445 ns, Reaching safepoint: 2372264 ns, Cleanup: 931 ns, At safepoint: 117477 ns, Total: 2490672 ns
[2025-10-15T14:35:51.626-0700][1251][info ][safepoint   ] Safepoint "ICBufferFull", Time since last: 37897 ns, Reaching safepoint: 187883 ns, Cleanup: 9224 ns, At safepoint: 116616 ns, Total: 313723 ns
[2025-10-15T14:35:51.627-0700][1251][info ][safepoint   ] Safepoint "ICBufferFull", Time since last: 58839 ns, Reaching safepoint: 628557 ns, Cleanup: 5047 ns, At safepoint: 110977 ns, Total: 744581 ns
[2025-10-15T14:35:51.748-0700][1251][info ][safepoint   ] Safepoint "ICBufferFull", Time since last: 120530631 ns, Reaching safepoint: 515807 ns, Cleanup: 227243 ns, At safepoint: 134432 ns, Total: 877482 ns
[2025-10-15T14:35:51.749-0700][1251][info ][safepoint   ] Safepoint "ICBufferFull", Time since last: 71698 ns, Reaching safepoint: 202395 ns, Cleanup: 6951 ns, At safepoint: 85729 ns, Total: 295075 ns
[2025-10-15T14:35:51.840-0700][1251][info ][safepoint   ] Safepoint "ICBufferFull", Time since last: 90252684 ns, Reaching safepoint: 421205 ns, Cleanup: 211829 ns, At safepoint: 117176 ns, Total: 750210 ns
[2025-10-15T14:35:51.840-0700][1251][info ][safepoint   ] Safepoint "ICBufferFull", Time since last: 60992 ns, Reaching safepoint: 184218 ns, Cleanup: 1242 ns, At safepoint: 96175 ns, Total: 281635 ns
[2025-10-15T14:35:51.840-0700][1251][info ][safepoint   ] Safepoint "ICBufferFull", Time since last: 36184 ns, Reaching safepoint: 173582 ns, Cleanup: 7892 ns, At safepoint: 99790 ns, Total: 281264 ns
[2025-10-15T14:35:51.841-0700][1251][info ][safepoint   ] Safepoint "ICBufferFull", Time since last: 49845 ns, Reaching safepoint: 168213 ns, Cleanup: 3626 ns, At safepoint: 91798 ns, Total: 263637 ns
[2025-10-15T14:35:51.841-0700][1251][info ][safepoint   ] Safepoint "ICBufferFull", Time since last: 35464 ns, Reaching safepoint: 162004 ns, Cleanup: 1081 ns, At safepoint: 91368 ns, Total: 254453 ns
[2025-10-15T14:35:51.841-0700][1251][info ][safepoint   ] Safepoint "ICBufferFull", Time since last: 27642 ns, Reaching safepoint: 167552 ns, Cleanup: 1102 ns, At safepoint: 101062 ns, Total: 269716 ns
[2025-10-15T14:35:51.918-0700][1251][info ][safepoint   ] Safepoint "ICBufferFull", Time since last: 71514363 ns, Reaching safepoint: 4669195 ns, Cleanup: 222094 ns, At safepoint: 156696 ns, Total: 5047985 ns
[2025-10-15T14:35:51.926-0700][1251][info ][safepoint   ] Safepoint "ICBufferFull", Time since last: 7597186 ns, Reaching safepoint: 366212 ns, Cleanup: 21112 ns, At safepoint: 122705 ns, Total: 510029 ns
[2025-10-15T14:35:51.926-0700][1251][info ][safepoint   ] Safepoint "ICBufferFull", Time since last: 69324 ns, Reaching safepoint: 174373 ns, Cleanup: 1592 ns, At safepoint: 132330 ns, Total: 308295 ns
[2025-10-15T14:35:52.049-0700][1251][info ][safepoint   ] Safepoint "ICBufferFull", Time since last: 121888656 ns, Reaching safepoint: 557370 ns, Cleanup: 206501 ns, At safepoint: 126080 ns, Total: 889951 ns
[2025-10-15T14:35:52.049-0700][1251][info ][safepoint   ] Safepoint "ICBufferFull", Time since last: 59280 ns, Reaching safepoint: 210957 ns, Cleanup: 932 ns, At safepoint: 93761 ns, Total: 305650 ns
[2025-10-15T14:35:52.050-0700][1251][info ][safepoint   ] Safepoint "ICBufferFull", Time since last: 32399 ns, Reaching safepoint: 155404 ns, Cleanup: 3916 ns, At safepoint: 98488 ns, Total: 257808 ns
[2025-10-15T14:35:52.092-0700][1251][info ][safepoint   ] Safepoint "ICBufferFull", Time since last: 41179621 ns, Reaching safepoint: 431771 ns, Cleanup: 152359 ns, At safepoint: 118759 ns, Total: 702889 ns
[2025-10-15T14:35:52.116-0700][1251][info ][gc,start    ] GC(29) Pause Young (Prepare Mixed) (G1 Evacuation Pause)
[2025-10-15T14:35:52.116-0700][1251][info ][gc,task     ] GC(29) Using 113 workers of 113 for evacuation
[2025-10-15T14:35:52.119-0700][1251][debug][gc,remset   ] GC(29) Visited cards 733440 Total dirty 4063232 (18.05%) Total old 84803584 (0.86%)
[2025-10-15T14:35:52.224-0700][1251][info ][gc,phases   ] GC(29)   Pre Evacuate Collection Set: 0.6ms
[2025-10-15T14:35:52.224-0700][1251][info ][gc,phases   ] GC(29)   Merge Heap Roots: 2.5ms
[2025-10-15T14:35:52.224-0700][1251][info ][gc,phases   ] GC(29)   Evacuate Collection Set: 101.5ms
[2025-10-15T14:35:52.224-0700][1251][info ][gc,phases   ] GC(29)   Post Evacuate Collection Set: 3.1ms
[2025-10-15T14:35:52.224-0700][1251][info ][gc,phases   ] GC(29)   Other: 0.2ms
[2025-10-15T14:35:52.224-0700][1251][debug][gc,remset   ] GC(29) Coarsening (recent): Inline->AoC 979 (0) AoC->Howl 75 (0) Howl->Full 0 (0) Inline->AoC 481 (0) AoC->BitMap 56 (0) BitMap->Full 0 (0)
[2025-10-15T14:35:52.224-0700][1251][debug][gc,remset   ] GC(29) Coarsening (all): Inline->AoC 1135 (0) AoC->Howl 109 (0) Howl->Full 0 (0) Inline->AoC 671 (0) AoC->BitMap 71 (0) BitMap->Full 0 (0)
[2025-10-15T14:35:52.224-0700][1251][info ][gc,heap     ] GC(29) Eden regions: 591->0(896)
[2025-10-15T14:35:52.224-0700][1251][info ][gc,heap     ] GC(29) Survivor regions: 23->37(77)
[2025-10-15T14:35:52.224-0700][1251][info ][gc,heap     ] GC(29) Old regions: 66->66
[2025-10-15T14:35:52.224-0700][1251][info ][gc,heap     ] GC(29) Humongous regions: 0->0
[2025-10-15T14:35:52.224-0700][1251][info ][gc,metaspace] GC(29) Metaspace: 241513K(244480K)->241513K(244480K) NonClass: 212698K(214336K)->212698K(214336K) Class: 28815K(30144K)->28815K(30144K)
[2025-10-15T14:35:52.224-0700][1251][info ][gc          ] GC(29) Pause Young (Prepare Mixed) (G1 Evacuation Pause) 21731M->3271M(184320M) 107.924ms
[2025-10-15T14:35:52.224-0700][1251][info ][gc,cpu      ] GC(29) User=2.23s Sys=0.00s Real=0.11s
[2025-10-15T14:35:52.225-0700][1251][info ][safepoint   ] Safepoint "G1CollectForAllocation", Time since last: 18387763 ns, Reaching safepoint: 4679751 ns, Cleanup: 125148 ns, At safepoint: 109874056 ns, Total: 114678955 ns
[2025-10-15T14:35:52.295-0700][1251][info ][safepoint   ] Safepoint "ICBufferFull", Time since last: 69209841 ns, Reaching safepoint: 498702 ns, Cleanup: 219911 ns, At safepoint: 133000 ns, Total: 851613 ns
[2025-10-15T14:35:52.301-0700][1251][info ][safepoint   ] Safepoint "ICBufferFull", Time since last: 107783 ns, Reaching safepoint: 5523371 ns, Cleanup: 3796 ns, At safepoint: 118528 ns, Total: 5645695 ns
[2025-10-15T14:35:52.301-0700][1251][info ][safepoint   ] Safepoint "ICBufferFull", Time since last: 82985 ns, Reaching safepoint: 254033 ns, Cleanup: 3756 ns, At safepoint: 105128 ns, Total: 362917 ns
[2025-10-15T14:35:52.301-0700][1251][info ][safepoint   ] Safepoint "ICBufferFull", Time since last: 58909 ns, Reaching safepoint: 239310 ns, Cleanup: 772 ns, At safepoint: 90706 ns, Total: 330788 ns
[2025-10-15T14:35:52.302-0700][1251][info ][safepoint   ] Safepoint "ICBufferFull", Time since last: 96716 ns, Reaching safepoint: 207903 ns, Cleanup: 3536 ns, At safepoint: 92068 ns, Total: 303507 ns
[2025-10-15T14:35:52.302-0700][1251][info ][safepoint   ] Safepoint "ICBufferFull", Time since last: 57517 ns, Reaching safepoint: 190076 ns, Cleanup: 1032 ns, At safepoint: 83956 ns, Total: 275064 ns
[2025-10-15T14:35:52.302-0700][1251][info ][safepoint   ] Safepoint "ICBufferFull", Time since last: 54382 ns, Reaching safepoint: 186702 ns, Cleanup: 5468 ns, At safepoint: 100832 ns, Total: 293002 ns
[2025-10-15T14:35:52.304-0700][1251][info ][safepoint   ] Safepoint "ICBufferFull", Time since last: 53941 ns, Reaching safepoint: 1160068 ns, Cleanup: 7731 ns, At safepoint: 76446 ns, Total: 1244245 ns
[2025-10-15T14:35:52.304-0700][1251][info ][safepoint   ] Safepoint "ICBufferFull", Time since last: 63185 ns, Reaching safepoint: 175855 ns, Cleanup: 1161 ns, At safepoint: 99901 ns, Total: 276917 ns
[2025-10-15T14:35:52.304-0700][1251][info ][safepoint   ] Safepoint "ICBufferFull", Time since last: 51628 ns, Reaching safepoint: 173852 ns, Cleanup: 991 ns, At safepoint: 83466 ns, Total: 258309 ns
[2025-10-15T14:35:52.305-0700][1251][info ][safepoint   ] Safepoint "ICBufferFull", Time since last: 58408 ns, Reaching safepoint: 165519 ns, Cleanup: 1082 ns, At safepoint: 100531 ns, Total: 267132 ns
[2025-10-15T14:35:52.305-0700][1251][info ][safepoint   ] Safepoint "ICBufferFull", Time since last: 43556 ns, Reaching safepoint: 163927 ns, Cleanup: 3906 ns, At safepoint: 90096 ns, Total: 257929 ns
[2025-10-15T14:35:52.305-0700][1251][info ][safepoint   ] Safepoint "ICBufferFull", Time since last: 52439 ns, Reaching safepoint: 160071 ns, Cleanup: 991 ns, At safepoint: 115064 ns, Total: 276126 ns
[2025-10-15T14:35:52.306-0700][1251][info ][safepoint   ] Safepoint "ICBufferFull", Time since last: 125589 ns, Reaching safepoint: 154452 ns, Cleanup: 1132 ns, At safepoint: 81914 ns, Total: 237498 ns
[2025-10-15T14:35:52.306-0700][1251][info ][safepoint   ] Safepoint "ICBufferFull", Time since last: 66320 ns, Reaching safepoint: 165639 ns, Cleanup: 1102 ns, At safepoint: 92920 ns, Total: 259661 ns
[2025-10-15T14:35:52.306-0700][1251][info ][safepoint   ] Safepoint "ICBufferFull", Time since last: 71978 ns, Reaching safepoint: 166811 ns, Cleanup: 491 ns, At safepoint: 85369 ns, Total: 252671 ns
[2025-10-15T14:35:52.307-0700][1251][info ][safepoint   ] Safepoint "ICBufferFull", Time since last: 52228 ns, Reaching safepoint: 168845 ns, Cleanup: 881 ns, At safepoint: 93411 ns, Total: 263137 ns
[2025-10-15T14:35:52.307-0700][1251][info ][safepoint   ] Safepoint "ICBufferFull", Time since last: 47471 ns, Reaching safepoint: 170838 ns, Cleanup: 4056 ns, At safepoint: 94022 ns, Total: 268916 ns
[2025-10-15T14:35:52.307-0700][1251][info ][safepoint   ] Safepoint "ICBufferFull", Time since last: 47071 ns, Reaching safepoint: 169465 ns, Cleanup: 1122 ns, At safepoint: 93791 ns, Total: 264378 ns
[2025-10-15T14:35:52.308-0700][1251][info ][safepoint   ] Safepoint "ICBufferFull", Time since last: 45769 ns, Reaching safepoint: 160592 ns, Cleanup: 1141 ns, At safepoint: 83206 ns, Total: 244939 ns
[2025-10-15T14:35:52.308-0700][1251][info ][safepoint   ] Safepoint "ICBufferFull", Time since last: 107412 ns, Reaching safepoint: 159971 ns, Cleanup: 961 ns, At safepoint: 79270 ns, Total: 240202 ns
[2025-10-15T14:35:52.308-0700][1251][info ][safepoint   ] Safepoint "ICBufferFull", Time since last: 47571 ns, Reaching safepoint: 229316 ns, Cleanup: 3365 ns, At safepoint: 98708 ns, Total: 331389 ns
[2025-10-15T14:35:52.309-0700][1251][info ][safepoint   ] Safepoint "ICBufferFull", Time since last: 44758 ns, Reaching safepoint: 357539 ns, Cleanup: 520 ns, At safepoint: 93141 ns, Total: 451200 ns
[2025-10-15T14:35:52.309-0700][1251][info ][safepoint   ] Safepoint "ICBufferFull", Time since last: 80621 ns, Reaching safepoint: 160192 ns, Cleanup: 5788 ns, At safepoint: 82204 ns, Total: 248184 ns
[2025-10-15T14:35:52.309-0700][1251][info ][safepoint   ] Safepoint "ICBufferFull", Time since last: 45348 ns, Reaching safepoint: 180733 ns, Cleanup: 891 ns, At safepoint: 92259 ns, Total: 273883 ns
[2025-10-15T14:35:52.318-0700][1251][info ][safepoint   ] Safepoint "ICBufferFull", Time since last: 8215548 ns, Reaching safepoint: 422376 ns, Cleanup: 17897 ns, At safepoint: 99710 ns, Total: 539983 ns
[2025-10-15T14:35:52.319-0700][1251][info ][safepoint   ] Safepoint "ICBufferFull", Time since last: 90036 ns, Reaching safepoint: 186601 ns, Cleanup: 3946 ns, At safepoint: 89525 ns, Total: 280072 ns
[2025-10-15T14:35:52.319-0700][1251][info ][safepoint   ] Safepoint "ICBufferFull", Time since last: 42684 ns, Reaching safepoint: 165489 ns, Cleanup: 1412 ns, At safepoint: 80251 ns, Total: 247152 ns
[2025-10-15T14:35:52.319-0700][1251][info ][safepoint   ] Safepoint "ICBufferFull", Time since last: 36976 ns, Reaching safepoint: 166441 ns, Cleanup: 3936 ns, At safepoint: 85949 ns, Total: 256326 ns
[2025-10-15T14:35:52.319-0700][1251][info ][safepoint   ] Safepoint "ICBufferFull", Time since last: 34843 ns, Reaching safepoint: 169515 ns, Cleanup: 982 ns, At safepoint: 97927 ns, Total: 268424 ns
[2025-10-15T14:35:52.320-0700][1251][info ][safepoint   ] Safepoint "ICBufferFull", Time since last: 40030 ns, Reaching safepoint: 168965 ns, Cleanup: 1032 ns, At safepoint: 89665 ns, Total: 259662 ns
[2025-10-15T14:35:52.320-0700][1251][info ][safepoint   ] Safepoint "ICBufferFull", Time since last: 44577 ns, Reaching safepoint: 169856 ns, Cleanup: 1181 ns, At safepoint: 80331 ns, Total: 251368 ns
[2025-10-15T14:35:52.320-0700][1251][info ][safepoint   ] Safepoint "ICBufferFull", Time since last: 36045 ns, Reaching safepoint: 176846 ns, Cleanup: 391 ns, At safepoint: 96035 ns, Total: 273272 ns
[2025-10-15T14:35:52.321-0700][1251][info ][safepoint   ] Safepoint "ICBufferFull", Time since last: 37446 ns, Reaching safepoint: 163206 ns, Cleanup: 1252 ns, At safepoint: 79630 ns, Total: 244088 ns
[2025-10-15T14:35:52.321-0700][1251][info ][safepoint   ] Safepoint "ICBufferFull", Time since last: 37686 ns, Reaching safepoint: 162055 ns, Cleanup: 3425 ns, At safepoint: 85058 ns, Total: 250538 ns
[2025-10-15T14:35:52.321-0700][1251][info ][safepoint   ] Safepoint "ICBufferFull", Time since last: 50436 ns, Reaching safepoint: 160712 ns, Cleanup: 1212 ns, At safepoint: 98498 ns, Total: 260422 ns
[2025-10-15T14:35:52.322-0700][1251][info ][safepoint   ] Safepoint "ICBufferFull", Time since last: 35163 ns, Reaching safepoint: 159861 ns, Cleanup: 3215 ns, At safepoint: 100441 ns, Total: 263517 ns
[2025-10-15T14:35:52.322-0700][1251][info ][safepoint   ] Safepoint "ICBufferFull", Time since last: 30126 ns, Reaching safepoint: 166130 ns, Cleanup: 911 ns, At safepoint: 85189 ns, Total: 252230 ns
[2025-10-15T14:35:52.322-0700][1251][info ][safepoint   ] Safepoint "ICBufferFull", Time since last: 32889 ns, Reaching safepoint: 164879 ns, Cleanup: 1021 ns, At safepoint: 94122 ns, Total: 260022 ns
[2025-10-15T14:35:52.322-0700][1251][info ][safepoint   ] Safepoint "ICBufferFull", Time since last: 34632 ns, Reaching safepoint: 171719 ns, Cleanup: 901 ns, At safepoint: 90637 ns, Total: 263257 ns
[2025-10-15T14:35:52.323-0700][1251][info ][safepoint   ] Safepoint "ICBufferFull", Time since last: 31577 ns, Reaching safepoint: 288715 ns, Cleanup: 701 ns, At safepoint: 101123 ns, Total: 390539 ns
[2025-10-15T14:35:52.323-0700][1251][info ][safepoint   ] Safepoint "ICBufferFull", Time since last: 32419 ns, Reaching safepoint: 168674 ns, Cleanup: 1212 ns, At safepoint: 98808 ns, Total: 268694 ns
[2025-10-15T14:35:52.323-0700][1251][info ][safepoint   ] Safepoint "ICBufferFull", Time since last: 23706 ns, Reaching safepoint: 175845 ns, Cleanup: 1282 ns, At safepoint: 99270 ns, Total: 276397 ns
[2025-10-15T14:35:52.324-0700][1251][info ][safepoint   ] Safepoint "ICBufferFull", Time since last: 31347 ns, Reaching safepoint: 161693 ns, Cleanup: 1002 ns, At safepoint: 102274 ns, Total: 264969 ns
[2025-10-15T14:35:52.448-0700][1251][info ][safepoint   ] Safepoint "ICBufferFull", Time since last: 123450219 ns, Reaching safepoint: 517550 ns, Cleanup: 208304 ns, At safepoint: 119610 ns, Total: 845464 ns
[2025-10-15T14:35:52.605-0700][1251][info ][safepoint   ] Safepoint "ICBufferFull", Time since last: 155683412 ns, Reaching safepoint: 529187 ns, Cleanup: 211489 ns, At safepoint: 125429 ns, Total: 866105 ns
[2025-10-15T14:35:52.709-0700][1251][info ][safepoint   ] Safepoint "ICBufferFull", Time since last: 103711762 ns, Reaching safepoint: 534885 ns, Cleanup: 202526 ns, At safepoint: 116225 ns, Total: 853636 ns
[2025-10-15T14:35:52.830-0700][1251][info ][safepoint   ] Safepoint "ICBufferFull", Time since last: 120325572 ns, Reaching safepoint: 503428 ns, Cleanup: 216056 ns, At safepoint: 141994 ns, Total: 861478 ns
[2025-10-15T14:35:52.929-0700][1251][info ][safepoint   ] Safepoint "ICBufferFull", Time since last: 93676462 ns, Reaching safepoint: 4701453 ns, Cleanup: 211859 ns, At safepoint: 127012 ns, Total: 5040324 ns
[2025-10-15T14:35:53.015-0700][1251][info ][safepoint   ] Safepoint "ICBufferFull", Time since last: 84623804 ns, Reaching safepoint: 527504 ns, Cleanup: 219481 ns, At safepoint: 116185 ns, Total: 863170 ns
[2025-10-15T14:35:53.096-0700][1251][info ][safepoint   ] Safepoint "ICBufferFull", Time since last: 80737289 ns, Reaching safepoint: 433663 ns, Cleanup: 195214 ns, At safepoint: 119190 ns, Total: 748067 ns
[2025-10-15T14:35:53.096-0700][1251][info ][safepoint   ] Safepoint "ICBufferFull", Time since last: 62544 ns, Reaching safepoint: 196205 ns, Cleanup: 6180 ns, At safepoint: 103265 ns, Total: 305650 ns
[2025-10-15T14:35:53.197-0700][1251][info ][safepoint   ] Safepoint "ICBufferFull", Time since last: 100082925 ns, Reaching safepoint: 502437 ns, Cleanup: 193812 ns, At safepoint: 133351 ns, Total: 829600 ns
[2025-10-15T14:35:53.282-0700][1251][info ][safepoint   ] Safepoint "ICBufferFull", Time since last: 84208217 ns, Reaching safepoint: 524470 ns, Cleanup: 202856 ns, At safepoint: 127542 ns, Total: 854868 ns
[2025-10-15T14:35:53.522-0700][1251][info ][safepoint   ] Safepoint "ICBufferFull", Time since last: 238395065 ns, Reaching safepoint: 565322 ns, Cleanup: 206761 ns, At safepoint: 118038 ns, Total: 890121 ns
[2025-10-15T14:35:53.687-0700][1251][info ][safepoint   ] Safepoint "ICBufferFull", Time since last: 164346704 ns, Reaching safepoint: 549198 ns, Cleanup: 202855 ns, At safepoint: 132350 ns, Total: 884403 ns
[2025-10-15T14:35:53.793-0700][1251][info ][safepoint   ] Safepoint "ICBufferFull", Time since last: 102409479 ns, Reaching safepoint: 3669649 ns, Cleanup: 190166 ns, At safepoint: 157137 ns, Total: 4016952 ns
[2025-10-15T14:35:53.794-0700][1251][info ][safepoint   ] Safepoint "ICBufferFull", Time since last: 84728 ns, Reaching safepoint: 249205 ns, Cleanup: 11638 ns, At safepoint: 86160 ns, Total: 347003 ns
[2025-10-15T14:35:53.809-0700][1251][info ][safepoint   ] Safepoint "ICBufferFull", Time since last: 7987804 ns, Reaching safepoint: 6605452 ns, Cleanup: 48383 ns, At safepoint: 143997 ns, Total: 6797832 ns
[2025-10-15T14:35:53.816-0700][1251][info ][safepoint   ] Safepoint "ICBufferFull", Time since last: 7165024 ns, Reaching safepoint: 392472 ns, Cleanup: 98628 ns, At safepoint: 126080 ns, Total: 617180 ns
[2025-10-15T14:35:53.857-0700][1251][info ][safepoint   ] Safepoint "ICBufferFull", Time since last: 39408833 ns, Reaching safepoint: 515918 ns, Cleanup: 173311 ns, At safepoint: 111508 ns, Total: 800737 ns
[2025-10-15T14:35:53.865-0700][1251][info ][safepoint   ] Safepoint "ICBufferFull", Time since last: 8092252 ns, Reaching safepoint: 335415 ns, Cleanup: 32759 ns, At safepoint: 106350 ns, Total: 474524 ns
[2025-10-15T14:35:53.919-0700][1251][info ][safepoint   ] Safepoint "ICBufferFull", Time since last: 52977626 ns, Reaching safepoint: 436878 ns, Cleanup: 188174 ns, At safepoint: 105098 ns, Total: 730150 ns
[2025-10-15T14:35:53.919-0700][1251][info ][safepoint   ] Safepoint "ICBufferFull", Time since last: 80291 ns, Reaching safepoint: 180843 ns, Cleanup: 3455 ns, At safepoint: 83976 ns, Total: 268274 ns
[2025-10-15T14:35:53.920-0700][1251][info ][safepoint   ] Safepoint "ICBufferFull", Time since last: 36055 ns, Reaching safepoint: 684301 ns, Cleanup: 681 ns, At safepoint: 99850 ns, Total: 784832 ns
[2025-10-15T14:35:53.920-0700][1251][info ][safepoint   ] Safepoint "ICBufferFull", Time since last: 32439 ns, Reaching safepoint: 291900 ns, Cleanup: 4607 ns, At safepoint: 100551 ns, Total: 397058 ns
[2025-10-15T14:35:53.921-0700][1251][info ][safepoint   ] Safepoint "ICBufferFull", Time since last: 32980 ns, Reaching safepoint: 163887 ns, Cleanup: 6039 ns, At safepoint: 96165 ns, Total: 266091 ns
[2025-10-15T14:35:53.968-0700][1251][info ][safepoint   ] Safepoint "ICBufferFull", Time since last: 45993794 ns, Reaching safepoint: 729509 ns, Cleanup: 194844 ns, At safepoint: 82594 ns, Total: 1006947 ns
[2025-10-15T14:35:53.968-0700][1251][info ][safepoint   ] Safepoint "ICBufferFull", Time since last: 74733 ns, Reaching safepoint: 197928 ns, Cleanup: 4767 ns, At safepoint: 77817 ns, Total: 280512 ns
[2025-10-15T14:35:53.968-0700][1251][info ][safepoint   ] Safepoint "ICBufferFull", Time since last: 48133 ns, Reaching safepoint: 226841 ns, Cleanup: 3666 ns, At safepoint: 66530 ns, Total: 297037 ns
[2025-10-15T14:35:53.969-0700][1251][info ][safepoint   ] Safepoint "ICBufferFull", Time since last: 54152 ns, Reaching safepoint: 153501 ns, Cleanup: 1172 ns, At safepoint: 84677 ns, Total: 239350 ns
[2025-10-15T14:35:53.969-0700][1251][info ][safepoint   ] Safepoint "ICBufferFull", Time since last: 48574 ns, Reaching safepoint: 280172 ns, Cleanup: 861 ns, At safepoint: 80611 ns, Total: 361644 ns
[2025-10-15T14:35:53.969-0700][1251][info ][safepoint   ] Safepoint "ICBufferFull", Time since last: 45359 ns, Reaching safepoint: 155063 ns, Cleanup: 2985 ns, At safepoint: 72128 ns, Total: 230176 ns
[2025-10-15T14:35:53.970-0700][1251][info ][safepoint   ] Safepoint "ICBufferFull", Time since last: 42414 ns, Reaching safepoint: 153542 ns, Cleanup: 1071 ns, At safepoint: 82475 ns, Total: 237088 ns
[2025-10-15T14:35:53.970-0700][1251][info ][safepoint   ] Safepoint "ICBufferFull", Time since last: 65028 ns, Reaching safepoint: 143085 ns, Cleanup: 972 ns, At safepoint: 65228 ns, Total: 209285 ns
[2025-10-15T14:35:53.970-0700][1251][info ][safepoint   ] Safepoint "ICBufferFull", Time since last: 139220 ns, Reaching safepoint: 150056 ns, Cleanup: 951 ns, At safepoint: 75514 ns, Total: 226521 ns
[2025-10-15T14:35:53.971-0700][1251][info ][safepoint   ] Safepoint "ICBufferFull", Time since last: 47041 ns, Reaching safepoint: 156425 ns, Cleanup: 1032 ns, At safepoint: 82244 ns, Total: 239701 ns
[2025-10-15T14:35:53.971-0700][1251][info ][safepoint   ] Safepoint "ICBufferFull", Time since last: 41873 ns, Reaching safepoint: 282436 ns, Cleanup: 821 ns, At safepoint: 80030 ns, Total: 363287 ns
[2025-10-15T14:35:53.971-0700][1251][info ][safepoint   ] Safepoint "ICBufferFull", Time since last: 41523 ns, Reaching safepoint: 144708 ns, Cleanup: 3756 ns, At safepoint: 85458 ns, Total: 233922 ns
[2025-10-15T14:35:53.972-0700][1251][info ][safepoint   ] Safepoint "ICBufferFull", Time since last: 42144 ns, Reaching safepoint: 149795 ns, Cleanup: 5218 ns, At safepoint: 83336 ns, Total: 238349 ns
[2025-10-15T14:35:53.972-0700][1251][info ][safepoint   ] Safepoint "ICBufferFull", Time since last: 34622 ns, Reaching safepoint: 156686 ns, Cleanup: 1112 ns, At safepoint: 78538 ns, Total: 236336 ns
[2025-10-15T14:35:53.972-0700][1251][info ][safepoint   ] Safepoint "ICBufferFull", Time since last: 37597 ns, Reaching safepoint: 146751 ns, Cleanup: 861 ns, At safepoint: 72369 ns, Total: 219981 ns
[2025-10-15T14:35:53.972-0700][1251][info ][safepoint   ] Safepoint "ICBufferFull", Time since last: 57427 ns, Reaching safepoint: 278439 ns, Cleanup: 2424 ns, At safepoint: 74342 ns, Total: 355205 ns
[2025-10-15T14:35:53.973-0700][1251][info ][safepoint   ] Safepoint "ICBufferFull", Time since last: 43576 ns, Reaching safepoint: 151668 ns, Cleanup: 911 ns, At safepoint: 80031 ns, Total: 232610 ns
[2025-10-15T14:35:53.973-0700][1251][info ][safepoint   ] Safepoint "ICBufferFull", Time since last: 33210 ns, Reaching safepoint: 153611 ns, Cleanup: 742 ns, At safepoint: 77546 ns, Total: 231899 ns
[2025-10-15T14:35:53.973-0700][1251][info ][safepoint   ] Safepoint "ICBufferFull", Time since last: 41343 ns, Reaching safepoint: 163796 ns, Cleanup: 581 ns, At safepoint: 87342 ns, Total: 251719 ns
[2025-10-15T14:35:53.974-0700][1251][info ][safepoint   ] Safepoint "ICBufferFull", Time since last: 38458 ns, Reaching safepoint: 149505 ns, Cleanup: 1062 ns, At safepoint: 72038 ns, Total: 222605 ns
[2025-10-15T14:35:53.974-0700][1251][info ][safepoint   ] Safepoint "ICBufferFull", Time since last: 30987 ns, Reaching safepoint: 149635 ns, Cleanup: 1052 ns, At safepoint: 82244 ns, Total: 232931 ns
[2025-10-15T14:35:53.974-0700][1251][info ][safepoint   ] Safepoint "ICBufferFull", Time since last: 37156 ns, Reaching safepoint: 211899 ns, Cleanup: 731 ns, At safepoint: 77817 ns, Total: 290447 ns
[2025-10-15T14:35:53.974-0700][1251][info ][safepoint   ] Safepoint "ICBufferFull", Time since last: 32289 ns, Reaching safepoint: 155675 ns, Cleanup: 3695 ns, At safepoint: 81603 ns, Total: 240973 ns
[2025-10-15T14:35:53.975-0700][1251][info ][safepoint   ] Safepoint "ICBufferFull", Time since last: 38869 ns, Reaching safepoint: 145839 ns, Cleanup: 1172 ns, At safepoint: 80932 ns, Total: 227943 ns
[2025-10-15T14:35:53.983-0700][1251][info ][safepoint   ] Safepoint "ICBufferFull", Time since last: 7319407 ns, Reaching safepoint: 375286 ns, Cleanup: 31888 ns, At safepoint: 113791 ns, Total: 520965 ns
[2025-10-15T14:35:53.989-0700][1251][info ][safepoint   ] Safepoint "ICBufferFull", Time since last: 46671 ns, Reaching safepoint: 6468275 ns, Cleanup: 1462 ns, At safepoint: 142134 ns, Total: 6611871 ns
[2025-10-15T14:35:53.997-0700][1251][info ][safepoint   ] Safepoint "ICBufferFull", Time since last: 7009410 ns, Reaching safepoint: 349136 ns, Cleanup: 25679 ns, At safepoint: 68383 ns, Total: 443198 ns
[2025-10-15T14:35:53.997-0700][1251][info ][safepoint   ] Safepoint "ICBufferFull", Time since last: 58458 ns, Reaching safepoint: 164298 ns, Cleanup: 1071 ns, At safepoint: 63556 ns, Total: 228925 ns
[2025-10-15T14:35:53.997-0700][1251][info ][safepoint   ] Safepoint "ICBufferFull", Time since last: 53511 ns, Reaching safepoint: 156926 ns, Cleanup: 1192 ns, At safepoint: 72038 ns, Total: 230156 ns
[2025-10-15T14:35:53.998-0700][1251][info ][gc,start    ] GC(30) Pause Young (Mixed) (G1 Evacuation Pause)
[2025-10-15T14:35:53.998-0700][1251][info ][gc,task     ] GC(30) Using 113 workers of 113 for evacuation
[2025-10-15T14:35:54.002-0700][1251][debug][gc,remset   ] GC(30) Visited cards 745984 Total dirty 3866624 (19.29%) Total old 126943232 (0.59%)
[2025-10-15T14:35:54.151-0700][1251][info ][gc,phases   ] GC(30)   Pre Evacuate Collection Set: 0.6ms
[2025-10-15T14:35:54.151-0700][1251][info ][gc,phases   ] GC(30)   Merge Heap Roots: 2.6ms
[2025-10-15T14:35:54.151-0700][1251][info ][gc,phases   ] GC(30)   Evacuate Collection Set: 146.1ms
[2025-10-15T14:35:54.151-0700][1251][info ][gc,phases   ] GC(30)   Post Evacuate Collection Set: 3.6ms
[2025-10-15T14:35:54.151-0700][1251][info ][gc,phases   ] GC(30)   Other: 0.2ms
[2025-10-15T14:35:54.151-0700][1251][debug][gc,remset   ] GC(30) Coarsening (recent): Inline->AoC 0 (0) AoC->Howl 0 (0) Howl->Full 0 (0) Inline->AoC 0 (0) AoC->BitMap 0 (0) BitMap->Full 0 (0)
[2025-10-15T14:35:54.151-0700][1251][debug][gc,remset   ] GC(30) Coarsening (all): Inline->AoC 1135 (0) AoC->Howl 109 (0) Howl->Full 0 (0) Inline->AoC 671 (0) AoC->BitMap 71 (0) BitMap->Full 0 (0)
[2025-10-15T14:35:54.151-0700][1251][info ][gc,heap     ] GC(30) Eden regions: 896->0(3415)
[2025-10-15T14:35:54.151-0700][1251][info ][gc,heap     ] GC(30) Survivor regions: 37->41(117)
[2025-10-15T14:35:54.151-0700][1251][info ][gc,heap     ] GC(30) Old regions: 66->62
[2025-10-15T14:35:54.151-0700][1251][info ][gc,heap     ] GC(30) Humongous regions: 0->0
[2025-10-15T14:35:54.151-0700][1251][info ][gc,metaspace] GC(30) Metaspace: 250980K(254080K)->250980K(254080K) NonClass: 221062K(222784K)->221062K(222784K) Class: 29917K(31296K)->29917K(31296K)
[2025-10-15T14:35:54.151-0700][1251][info ][gc          ] GC(30) Pause Young (Mixed) (G1 Evacuation Pause) 31943M->3284M(184320M) 153.196ms
[2025-10-15T14:35:54.152-0700][1251][info ][gc,cpu      ] GC(30) User=1.94s Sys=0.00s Real=0.15s
[2025-10-15T14:35:54.153-0700][1251][info ][safepoint   ] Safepoint "G1CollectForAllocation", Time since last: 32680 ns, Reaching safepoint: 150717 ns, Cleanup: 1502 ns, At safepoint: 155103508 ns, Total: 155255727 ns
[2025-10-15T14:35:54.154-0700][1251][info ][safepoint   ] Safepoint "ICBufferFull", Time since last: 43135 ns, Reaching safepoint: 1047949 ns, Cleanup: 18358 ns, At safepoint: 173902 ns, Total: 1240209 ns
[2025-10-15T14:35:54.154-0700][1251][info ][safepoint   ] Safepoint "ICBufferFull", Time since last: 68954 ns, Reaching safepoint: 257277 ns, Cleanup: 11317 ns, At safepoint: 122325 ns, Total: 390919 ns
[2025-10-15T14:35:54.155-0700][1251][info ][safepoint   ] Safepoint "ICBufferFull", Time since last: 35183 ns, Reaching safepoint: 168594 ns, Cleanup: 3465 ns, At safepoint: 113281 ns, Total: 285340 ns
[2025-10-15T14:35:54.205-0700][1251][info ][safepoint   ] Safepoint "ICBufferFull", Time since last: 49496721 ns, Reaching safepoint: 585152 ns, Cleanup: 328765 ns, At safepoint: 177317 ns, Total: 1091234 ns
[2025-10-15T14:35:54.206-0700][1251][info ][safepoint   ] Safepoint "ICBufferFull", Time since last: 73240 ns, Reaching safepoint: 308816 ns, Cleanup: 3735 ns, At safepoint: 104087 ns, Total: 416638 ns
[2025-10-15T14:35:54.254-0700][1251][info ][safepoint   ] Safepoint "ICBufferFull", Time since last: 45699831 ns, Reaching safepoint: 2605806 ns, Cleanup: 212971 ns, At safepoint: 129936 ns, Total: 2948713 ns
[2025-10-15T14:35:54.255-0700][1251][info ][safepoint   ] Safepoint "ICBufferFull", Time since last: 52579 ns, Reaching safepoint: 190096 ns, Cleanup: 5509 ns, At safepoint: 87121 ns, Total: 282726 ns
[2025-10-15T14:35:54.337-0700][1251][info ][safepoint   ] Safepoint "ICBufferFull", Time since last: 81131012 ns, Reaching safepoint: 551440 ns, Cleanup: 190748 ns, At safepoint: 136265 ns, Total: 878453 ns
[2025-10-15T14:35:54.389-0700][1251][info ][safepoint   ] Safepoint "ICBufferFull", Time since last: 51337655 ns, Reaching safepoint: 554826 ns, Cleanup: 152299 ns, At safepoint: 116846 ns, Total: 823971 ns
[2025-10-15T14:35:54.452-0700][1251][info ][safepoint   ] Safepoint "ICBufferFull", Time since last: 61902833 ns, Reaching safepoint: 513544 ns, Cleanup: 183887 ns, At safepoint: 118669 ns, Total: 816100 ns
[2025-10-15T14:35:54.545-0700][1251][info ][safepoint   ] Safepoint "ICBufferFull", Time since last: 92930929 ns, Reaching safepoint: 552813 ns, Cleanup: 192099 ns, At safepoint: 148734 ns, Total: 893646 ns
[2025-10-15T14:35:54.614-0700][1251][info ][safepoint   ] Safepoint "ICBufferFull", Time since last: 64302208 ns, Reaching safepoint: 3674045 ns, Cleanup: 166000 ns, At safepoint: 147482 ns, Total: 3987527 ns
[2025-10-15T14:35:54.614-0700][1251][info ][safepoint   ] Safepoint "ICBufferFull", Time since last: 81162 ns, Reaching safepoint: 235415 ns, Cleanup: 1012 ns, At safepoint: 105479 ns, Total: 341906 ns
[2025-10-15T14:35:54.615-0700][1251][info ][safepoint   ] Safepoint "ICBufferFull", Time since last: 42574 ns, Reaching safepoint: 270808 ns, Cleanup: 6419 ns, At safepoint: 109736 ns, Total: 386963 ns
[2025-10-15T14:35:54.615-0700][1251][info ][safepoint   ] Safepoint "ICBufferFull", Time since last: 48643 ns, Reaching safepoint: 175685 ns, Cleanup: 921 ns, At safepoint: 110487 ns, Total: 287093 ns
[2025-10-15T14:35:54.702-0700][1251][info ][safepoint   ] Safepoint "ICBufferFull", Time since last: 80202713 ns, Reaching safepoint: 6899685 ns, Cleanup: 191969 ns, At safepoint: 198679 ns, Total: 7290333 ns
[2025-10-15T14:35:54.717-0700][1251][info ][safepoint   ] Safepoint "ICBufferFull", Time since last: 8337411 ns, Reaching safepoint: 5669422 ns, Cleanup: 42334 ns, At safepoint: 157907 ns, Total: 5869663 ns
[2025-10-15T14:35:54.717-0700][1251][info ][safepoint   ] Safepoint "ICBufferFull", Time since last: 54082 ns, Reaching safepoint: 294724 ns, Cleanup: 1382 ns, At safepoint: 95614 ns, Total: 391720 ns
[2025-10-15T14:35:54.783-0700][1251][info ][safepoint   ] Safepoint "ICBufferFull", Time since last: 63432057 ns, Reaching safepoint: 2682321 ns, Cleanup: 180211 ns, At safepoint: 181003 ns, Total: 3043535 ns
[2025-10-15T14:35:54.855-0700][1251][info ][safepoint   ] Safepoint "ICBufferFull", Time since last: 69585727 ns, Reaching safepoint: 1488964 ns, Cleanup: 177046 ns, At safepoint: 116286 ns, Total: 1782296 ns
[2025-10-15T14:35:54.855-0700][1251][info ][safepoint   ] Safepoint "ICBufferFull", Time since last: 67301 ns, Reaching safepoint: 276507 ns, Cleanup: 6720 ns, At safepoint: 99920 ns, Total: 383147 ns
[2025-10-15T14:35:54.856-0700][1251][info ][safepoint   ] Safepoint "ICBufferFull", Time since last: 40111 ns, Reaching safepoint: 172710 ns, Cleanup: 5088 ns, At safepoint: 87311 ns, Total: 265109 ns
[2025-10-15T14:35:54.862-0700][1251][info ][safepoint   ] Safepoint "ICBufferFull", Time since last: 38518 ns, Reaching safepoint: 6509748 ns, Cleanup: 1832 ns, At safepoint: 148434 ns, Total: 6660014 ns
[2025-10-15T14:35:54.863-0700][1251][info ][safepoint   ] Safepoint "ICBufferFull", Time since last: 70176 ns, Reaching safepoint: 210217 ns, Cleanup: 4516 ns, At safepoint: 86761 ns, Total: 301494 ns
[2025-10-15T14:35:54.884-0700][1251][info ][safepoint   ] Safepoint "ICBufferFull", Time since last: 7909787 ns, Reaching safepoint: 13048208 ns, Cleanup: 33320 ns, At safepoint: 153522 ns, Total: 13235050 ns
[2025-10-15T14:35:54.886-0700][1251][info ][safepoint   ] Safepoint "ICBufferFull", Time since last: 84928 ns, Reaching safepoint: 2339955 ns, Cleanup: 1142 ns, At safepoint: 111848 ns, Total: 2452945 ns
[2025-10-15T14:35:54.887-0700][1251][info ][safepoint   ] Safepoint "ICBufferFull", Time since last: 48513 ns, Reaching safepoint: 452923 ns, Cleanup: 821 ns, At safepoint: 99580 ns, Total: 553324 ns
[2025-10-15T14:35:54.887-0700][1251][info ][safepoint   ] Safepoint "ICBufferFull", Time since last: 31658 ns, Reaching safepoint: 177497 ns, Cleanup: 1202 ns, At safepoint: 112349 ns, Total: 291048 ns
[2025-10-15T14:35:54.888-0700][1251][info ][safepoint   ] Safepoint "ICBufferFull", Time since last: 48113 ns, Reaching safepoint: 239791 ns, Cleanup: 4397 ns, At safepoint: 106891 ns, Total: 351079 ns
[2025-10-15T14:35:54.991-0700][1251][info ][safepoint   ] Safepoint "ICBufferFull", Time since last: 87414538 ns, Reaching safepoint: 15203826 ns, Cleanup: 171699 ns, At safepoint: 168854 ns, Total: 15544379 ns
[2025-10-15T14:35:54.994-0700][1251][info ][safepoint   ] Safepoint "ICBufferFull", Time since last: 70717 ns, Reaching safepoint: 3394173 ns, Cleanup: 6410 ns, At safepoint: 160552 ns, Total: 3561135 ns
[2025-10-15T14:35:55.073-0700][1251][info ][safepoint   ] Safepoint "ICBufferFull", Time since last: 78177161 ns, Reaching safepoint: 585042 ns, Cleanup: 195214 ns, At safepoint: 153160 ns, Total: 933416 ns
[2025-10-15T14:35:55.189-0700][1251][info ][safepoint   ] Safepoint "ICBufferFull", Time since last: 109405971 ns, Reaching safepoint: 5797745 ns, Cleanup: 193862 ns, At safepoint: 127252 ns, Total: 6118859 ns
[2025-10-15T14:35:55.267-0700][1251][info ][safepoint   ] Safepoint "ICBufferFull", Time since last: 77004895 ns, Reaching safepoint: 531751 ns, Cleanup: 176145 ns, At safepoint: 121063 ns, Total: 828959 ns
[2025-10-15T14:35:55.273-0700][1251][info ][safepoint   ] Safepoint "ICBufferFull", Time since last: 59810 ns, Reaching safepoint: 6498781 ns, Cleanup: 6770 ns, At safepoint: 123556 ns, Total: 6629107 ns
[2025-10-15T14:35:55.346-0700][1251][info ][safepoint   ] Safepoint "ICBufferFull", Time since last: 71807796 ns, Reaching safepoint: 734226 ns, Cleanup: 194733 ns, At safepoint: 71187 ns, Total: 1000146 ns
[2025-10-15T14:35:55.347-0700][1251][info ][safepoint   ] Safepoint "ICBufferFull", Time since last: 80822 ns, Reaching safepoint: 168204 ns, Cleanup: 1101 ns, At safepoint: 66420 ns, Total: 235725 ns
[2025-10-15T14:35:55.347-0700][1251][info ][safepoint   ] Safepoint "ICBufferFull", Time since last: 38819 ns, Reaching safepoint: 216336 ns, Cleanup: 2984 ns, At safepoint: 63235 ns, Total: 282555 ns
[2025-10-15T14:35:55.347-0700][1251][info ][safepoint   ] Safepoint "ICBufferFull", Time since last: 34232 ns, Reaching safepoint: 276226 ns, Cleanup: 3485 ns, At safepoint: 69235 ns, Total: 348946 ns
[2025-10-15T14:35:55.347-0700][1251][info ][safepoint   ] Safepoint "ICBufferFull", Time since last: 27251 ns, Reaching safepoint: 156496 ns, Cleanup: 3475 ns, At safepoint: 65549 ns, Total: 225520 ns
[2025-10-15T14:35:55.348-0700][1251][info ][safepoint   ] Safepoint "ICBufferFull", Time since last: 25288 ns, Reaching safepoint: 587525 ns, Cleanup: 661 ns, At safepoint: 68203 ns, Total: 656389 ns
[2025-10-15T14:35:55.355-0700][1251][info ][safepoint   ] Safepoint "ICBufferFull", Time since last: 24557 ns, Reaching safepoint: 6485711 ns, Cleanup: 2864 ns, At safepoint: 106511 ns, Total: 6595086 ns
[2025-10-15T14:35:55.355-0700][1251][info ][safepoint   ] Safepoint "ICBufferFull", Time since last: 47832 ns, Reaching safepoint: 189535 ns, Cleanup: 1072 ns, At safepoint: 69044 ns, Total: 259651 ns
[2025-10-15T14:35:55.362-0700][1251][info ][safepoint   ] Safepoint "ICBufferFull", Time since last: 6035002 ns, Reaching safepoint: 258139 ns, Cleanup: 46901 ns, At safepoint: 76245 ns, Total: 381285 ns
[2025-10-15T14:35:55.362-0700][1251][info ][safepoint   ] Safepoint "ICBufferFull", Time since last: 43495 ns, Reaching safepoint: 148664 ns, Cleanup: 1022 ns, At safepoint: 70286 ns, Total: 219972 ns
[2025-10-15T14:35:55.362-0700][1251][info ][safepoint   ] Safepoint "ICBufferFull", Time since last: 28112 ns, Reaching safepoint: 147332 ns, Cleanup: 1222 ns, At safepoint: 67652 ns, Total: 216206 ns
[2025-10-15T14:35:55.362-0700][1251][info ][safepoint   ] Safepoint "ICBufferFull", Time since last: 23976 ns, Reaching safepoint: 144878 ns, Cleanup: 1002 ns, At safepoint: 74722 ns, Total: 220602 ns
[2025-10-15T14:35:55.363-0700][1251][info ][safepoint   ] Safepoint "ICBufferFull", Time since last: 25559 ns, Reaching safepoint: 150546 ns, Cleanup: 932 ns, At safepoint: 66971 ns, Total: 218449 ns
[2025-10-15T14:35:55.424-0700][1251][info ][safepoint   ] Safepoint "ICBufferFull", Time since last: 57428171 ns, Reaching safepoint: 3597620 ns, Cleanup: 215455 ns, At safepoint: 102013 ns, Total: 3915088 ns
[2025-10-15T14:35:55.424-0700][1251][info ][safepoint   ] Safepoint "ICBufferFull", Time since last: 60642 ns, Reaching safepoint: 238189 ns, Cleanup: 1121 ns, At safepoint: 75604 ns, Total: 314914 ns
[2025-10-15T14:35:55.529-0700][1251][info ][safepoint   ] Safepoint "ICBufferFull", Time since last: 104189371 ns, Reaching safepoint: 473674 ns, Cleanup: 172610 ns, At safepoint: 88053 ns, Total: 734337 ns
[2025-10-15T14:35:55.530-0700][1251][info ][safepoint   ] Safepoint "ICBufferFull", Time since last: 72769 ns, Reaching safepoint: 247794 ns, Cleanup: 1372 ns, At safepoint: 69454 ns, Total: 318620 ns
[2025-10-15T14:35:55.530-0700][1251][info ][safepoint   ] Safepoint "ICBufferFull", Time since last: 33310 ns, Reaching safepoint: 215085 ns, Cleanup: 1201 ns, At safepoint: 67652 ns, Total: 283938 ns
[2025-10-15T14:35:55.530-0700][1251][info ][safepoint   ] Safepoint "ICBufferFull", Time since last: 27261 ns, Reaching safepoint: 194694 ns, Cleanup: 4316 ns, At safepoint: 70747 ns, Total: 269757 ns
[2025-10-15T14:35:55.587-0700][1251][info ][safepoint   ] Safepoint "ICBufferFull", Time since last: 55598614 ns, Reaching safepoint: 504380 ns, Cleanup: 170587 ns, At safepoint: 115945 ns, Total: 790912 ns
[2025-10-15T14:35:55.587-0700][1251][info ][safepoint   ] Safepoint "ICBufferFull", Time since last: 53531 ns, Reaching safepoint: 291789 ns, Cleanup: 1182 ns, At safepoint: 83586 ns, Total: 376557 ns
[2025-10-15T14:35:55.587-0700][1251][info ][safepoint   ] Safepoint "ICBufferFull", Time since last: 33330 ns, Reaching safepoint: 246852 ns, Cleanup: 791 ns, At safepoint: 74613 ns, Total: 322256 ns
[2025-10-15T14:35:55.663-0700][1251][info ][safepoint   ] Safepoint "ICBufferFull", Time since last: 75008517 ns, Reaching safepoint: 509898 ns, Cleanup: 182736 ns, At safepoint: 105038 ns, Total: 797672 ns
[2025-10-15T14:35:55.671-0700][1251][info ][safepoint   ] Safepoint "ICBufferFull", Time since last: 50316 ns, Reaching safepoint: 7673440 ns, Cleanup: 6170 ns, At safepoint: 110186 ns, Total: 7789796 ns
[2025-10-15T14:35:55.687-0700][1251][info ][safepoint   ] Safepoint "ICBufferFull", Time since last: 8743483 ns, Reaching safepoint: 6721136 ns, Cleanup: 85959 ns, At safepoint: 121964 ns, Total: 6929059 ns
[2025-10-15T14:35:55.717-0700][1251][info ][gc,start    ] GC(31) Pause Young (Concurrent Start) (CodeCache GC Threshold)
[2025-10-15T14:35:55.717-0700][1251][info ][gc,task     ] GC(31) Using 113 workers of 113 for evacuation
[2025-10-15T14:35:55.720-0700][1251][debug][gc,remset   ] GC(31) Visited cards 733952 Total dirty 3932160 (18.67%) Total old 86376448 (0.85%)
[2025-10-15T14:35:55.921-0700][1251][info ][gc,mmu      ] GC(31) MMU target violated: 201.0ms (200.0ms/201.0ms)
[2025-10-15T14:35:55.921-0700][1251][info ][gc,phases   ] GC(31)   Pre Evacuate Collection Set: 0.7ms
[2025-10-15T14:35:55.921-0700][1251][info ][gc,phases   ] GC(31)   Merge Heap Roots: 2.3ms
[2025-10-15T14:35:55.921-0700][1251][info ][gc,phases   ] GC(31)   Evacuate Collection Set: 197.2ms
[2025-10-15T14:35:55.921-0700][1251][info ][gc,phases   ] GC(31)   Post Evacuate Collection Set: 3.8ms
[2025-10-15T14:35:55.921-0700][1251][info ][gc,phases   ] GC(31)   Other: 0.2ms
[2025-10-15T14:35:55.921-0700][1251][debug][gc,remset   ] GC(31) Coarsening (recent): Inline->AoC 0 (0) AoC->Howl 0 (0) Howl->Full 0 (0) Inline->AoC 0 (0) AoC->BitMap 0 (0) BitMap->Full 0 (0)
[2025-10-15T14:35:55.921-0700][1251][debug][gc,remset   ] GC(31) Coarsening (all): Inline->AoC 1135 (0) AoC->Howl 109 (0) Howl->Full 0 (0) Inline->AoC 671 (0) AoC->BitMap 71 (0) BitMap->Full 0 (0)
[2025-10-15T14:35:55.921-0700][1251][info ][gc,heap     ] GC(31) Eden regions: 587->0(2387)
[2025-10-15T14:35:55.921-0700][1251][info ][gc,heap     ] GC(31) Survivor regions: 41->71(432)
[2025-10-15T14:35:55.921-0700][1251][info ][gc,heap     ] GC(31) Old regions: 62->62
[2025-10-15T14:35:55.921-0700][1251][info ][gc,heap     ] GC(31) Humongous regions: 0->0
[2025-10-15T14:35:55.921-0700][1251][info ][gc,metaspace] GC(31) Metaspace: 264270K(267648K)->264270K(267648K) NonClass: 232411K(234240K)->232411K(234240K) Class: 31858K(33408K)->31858K(33408K)
[2025-10-15T14:35:55.921-0700][1251][info ][gc          ] GC(31) Pause Young (Concurrent Start) (CodeCache GC Threshold) 22068M->4241M(184320M) 204.381ms
[2025-10-15T14:35:55.921-0700][1134][info ][gc          ] GC(32) Concurrent Mark Cycle
[2025-10-15T14:35:55.921-0700][1134][info ][gc,marking  ] GC(32) Concurrent Scan Root Regions
[2025-10-15T14:35:55.922-0700][1251][info ][gc,cpu      ] GC(31) User=3.55s Sys=0.00s Real=0.21s
[2025-10-15T14:35:55.923-0700][1251][info ][safepoint   ] Safepoint "G1TryInitiateConcMark", Time since last: 20320765 ns, Reaching safepoint: 8697644 ns, Cleanup: 105809 ns, At safepoint: 206790620 ns, Total: 215594073 ns
[2025-10-15T14:35:55.946-0700][1134][info ][gc,marking  ] GC(32) Concurrent Scan Root Regions 24.972ms
[2025-10-15T14:35:55.946-0700][1134][info ][gc,marking  ] GC(32) Concurrent Mark
[2025-10-15T14:35:55.946-0700][1134][info ][gc,marking  ] GC(32) Concurrent Mark From Roots
[2025-10-15T14:35:55.946-0700][1134][info ][gc,task     ] GC(32) Using 36 workers of 36 for marking
[2025-10-15T14:35:55.985-0700][1134][info ][gc,marking  ] GC(32) Concurrent Mark From Roots 38.350ms
[2025-10-15T14:35:55.985-0700][1134][info ][gc,marking  ] GC(32) Concurrent Preclean
[2025-10-15T14:35:55.986-0700][1134][info ][gc,marking  ] GC(32) Concurrent Preclean 1.649ms
[2025-10-15T14:35:55.992-0700][1251][info ][gc,start    ] GC(32) Pause Remark
[2025-10-15T14:35:56.272-0700][1251][info ][gc,mmu      ] GC(32) MMU target violated: 201.0ms (200.0ms/201.0ms)
[2025-10-15T14:35:56.272-0700][1251][info ][gc          ] GC(32) Pause Remark 5868M->5868M(184320M) 280.222ms
[2025-10-15T14:35:56.273-0700][1251][info ][gc,cpu      ] GC(32) User=1.77s Sys=0.00s Real=0.28s
[2025-10-15T14:35:56.274-0700][1251][info ][safepoint   ] Safepoint "G1PauseRemark", Time since last: 63776355 ns, Reaching safepoint: 4877629 ns, Cleanup: 151929 ns, At safepoint: 282323106 ns, Total: 287352664 ns
[2025-10-15T14:35:56.274-0700][1134][info ][gc,marking  ] GC(32) Concurrent Mark 327.510ms
[2025-10-15T14:35:56.274-0700][1134][info ][gc,marking  ] GC(32) Concurrent Rebuild Remembered Sets and Scrub Regions
[2025-10-15T14:35:56.290-0700][1134][info ][gc,marking  ] GC(32) Concurrent Rebuild Remembered Sets and Scrub Regions 15.811ms
[2025-10-15T14:35:56.292-0700][1251][info ][gc,start    ] GC(32) Pause Cleanup
[2025-10-15T14:35:56.292-0700][1251][info ][gc          ] GC(32) Pause Cleanup 6242M->6242M(184320M) 0.399ms
[2025-10-15T14:35:56.292-0700][1251][info ][gc,cpu      ] GC(32) User=0.02s Sys=0.00s Real=0.00s
[2025-10-15T14:35:56.293-0700][1251][info ][safepoint   ] Safepoint "G1PauseCleanup", Time since last: 15991393 ns, Reaching safepoint: 1090082 ns, Cleanup: 184468 ns, At safepoint: 1653752 ns, Total: 2928302 ns
[2025-10-15T14:35:56.293-0700][1134][info ][gc,marking  ] GC(32) Concurrent Clear Claimed Marks
[2025-10-15T14:35:56.293-0700][1134][info ][gc,marking  ] GC(32) Concurrent Clear Claimed Marks 0.511ms
[2025-10-15T14:35:56.293-0700][1134][info ][gc,marking  ] GC(32) Concurrent Cleanup for Next Mark
[2025-10-15T14:35:56.323-0700][1134][info ][gc,marking  ] GC(32) Concurrent Cleanup for Next Mark 30.132ms
[2025-10-15T14:35:56.323-0700][1134][info ][gc          ] GC(32) Concurrent Mark Cycle 402.158ms
[2025-10-15T14:35:56.370-0700][1251][info ][safepoint   ] Safepoint "ICBufferFull", Time since last: 74668896 ns, Reaching safepoint: 2560748 ns, Cleanup: 173221 ns, At safepoint: 118959 ns, Total: 2852928 ns
[2025-10-15T14:35:56.419-0700][1251][info ][safepoint   ] Safepoint "ICBufferFull", Time since last: 42502394 ns, Reaching safepoint: 6052488 ns, Cleanup: 179691 ns, At safepoint: 146461 ns, Total: 6378640 ns
[2025-10-15T14:35:56.534-0700][1251][info ][safepoint   ] Safepoint "ICBufferFull", Time since last: 113641712 ns, Reaching safepoint: 640925 ns, Cleanup: 174974 ns, At safepoint: 360603 ns, Total: 1176502 ns
[2025-10-15T14:35:56.535-0700][1251][info ][safepoint   ] Safepoint "ICBufferFull", Time since last: 127042 ns, Reaching safepoint: 361835 ns, Cleanup: 7060 ns, At safepoint: 305140 ns, Total: 674035 ns
[2025-10-15T14:35:56.645-0700][1251][info ][safepoint   ] Safepoint "ICBufferFull", Time since last: 108970605 ns, Reaching safepoint: 1151795 ns, Cleanup: 174032 ns, At safepoint: 485622 ns, Total: 1811449 ns
[2025-10-15T14:35:56.646-0700][1251][info ][safepoint   ] Safepoint "ICBufferFull", Time since last: 136305 ns, Reaching safepoint: 379192 ns, Cleanup: 21422 ns, At safepoint: 301554 ns, Total: 702168 ns
[2025-10-15T14:35:56.647-0700][1251][info ][safepoint   ] Safepoint "ICBufferFull", Time since last: 377950 ns, Reaching safepoint: 588116 ns, Cleanup: 23375 ns, At safepoint: 235905 ns, Total: 847396 ns
[2025-10-15T14:35:56.649-0700][1251][info ][safepoint   ] Safepoint "ICBufferFull", Time since last: 440754 ns, Reaching safepoint: 345751 ns, Cleanup: 8793 ns, At safepoint: 287173 ns, Total: 641717 ns
[2025-10-15T14:35:56.651-0700][1251][info ][safepoint   ] Safepoint "ICBufferFull", Time since last: 1897909 ns, Reaching safepoint: 604942 ns, Cleanup: 10606 ns, At safepoint: 247783 ns, Total: 863331 ns
[2025-10-15T14:35:56.653-0700][1251][info ][safepoint   ] Safepoint "ICBufferFull", Time since last: 226912 ns, Reaching safepoint: 728778 ns, Cleanup: 1572 ns, At safepoint: 366563 ns, Total: 1096913 ns
[2025-10-15T14:35:56.655-0700][1251][info ][safepoint   ] Safepoint "ICBufferFull", Time since last: 1324325 ns, Reaching safepoint: 913987 ns, Cleanup: 10966 ns, At safepoint: 374585 ns, Total: 1299538 ns
[2025-10-15T14:35:56.657-0700][1251][info ][safepoint   ] Safepoint "ICBufferFull", Time since last: 220131 ns, Reaching safepoint: 791843 ns, Cleanup: 9995 ns, At safepoint: 342557 ns, Total: 1144395 ns
[2025-10-15T14:35:56.659-0700][1251][info ][safepoint   ] Safepoint "ICBufferFull", Time since last: 1550756 ns, Reaching safepoint: 642778 ns, Cleanup: 16645 ns, At safepoint: 363458 ns, Total: 1022881 ns
[2025-10-15T14:35:56.661-0700][1251][info ][safepoint   ] Safepoint "ICBufferFull", Time since last: 881077 ns, Reaching safepoint: 630781 ns, Cleanup: 3285 ns, At safepoint: 317208 ns, Total: 951274 ns
[2025-10-15T14:35:56.663-0700][1251][info ][safepoint   ] Safepoint "ICBufferFull", Time since last: 923882 ns, Reaching safepoint: 535556 ns, Cleanup: 16425 ns, At safepoint: 301705 ns, Total: 853686 ns
[2025-10-15T14:35:56.665-0700][1251][info ][safepoint   ] Safepoint "ICBufferFull", Time since last: 352921 ns, Reaching safepoint: 1606030 ns, Cleanup: 18388 ns, At safepoint: 298379 ns, Total: 1922797 ns
[2025-10-15T14:35:56.669-0700][1251][info ][safepoint   ] Safepoint "ICBufferFull", Time since last: 2577854 ns, Reaching safepoint: 655147 ns, Cleanup: 15163 ns, At safepoint: 305270 ns, Total: 975580 ns
[2025-10-15T14:35:56.670-0700][1251][info ][safepoint   ] Safepoint "ICBufferFull", Time since last: 799504 ns, Reaching safepoint: 527525 ns, Cleanup: 3315 ns, At safepoint: 269296 ns, Total: 800136 ns
[2025-10-15T14:35:56.672-0700][1251][info ][safepoint   ] Safepoint "ICBufferFull", Time since last: 776380 ns, Reaching safepoint: 664110 ns, Cleanup: 11457 ns, At safepoint: 339071 ns, Total: 1014638 ns
[2025-10-15T14:35:56.798-0700][1251][info ][safepoint   ] Safepoint "ICBufferFull", Time since last: 124145187 ns, Reaching safepoint: 928358 ns, Cleanup: 193672 ns, At safepoint: 330678 ns, Total: 1452708 ns
[2025-10-15T14:35:56.800-0700][1251][info ][safepoint   ] Safepoint "ICBufferFull", Time since last: 735819 ns, Reaching safepoint: 860376 ns, Cleanup: 12930 ns, At safepoint: 258429 ns, Total: 1131735 ns
[2025-10-15T14:35:56.801-0700][1251][info ][safepoint   ] Safepoint "ICBufferFull", Time since last: 501826 ns, Reaching safepoint: 772955 ns, Cleanup: 11257 ns, At safepoint: 694766 ns, Total: 1478978 ns
[2025-10-15T14:35:56.806-0700][1251][info ][safepoint   ] Safepoint "ICBufferFull", Time since last: 2837015 ns, Reaching safepoint: 1141239 ns, Cleanup: 36084 ns, At safepoint: 422757 ns, Total: 1600080 ns
[2025-10-15T14:35:56.810-0700][1251][info ][safepoint   ] Safepoint "ICBufferFull", Time since last: 2610894 ns, Reaching safepoint: 634376 ns, Cleanup: 22754 ns, At safepoint: 1119226 ns, Total: 1776356 ns
[2025-10-15T14:35:56.812-0700][1251][info ][safepoint   ] Safepoint "ICBufferFull", Time since last: 253041 ns, Reaching safepoint: 637160 ns, Cleanup: 29124 ns, At safepoint: 351089 ns, Total: 1017373 ns
[2025-10-15T14:35:56.818-0700][1251][info ][safepoint   ] Safepoint "ICBufferFull", Time since last: 2944767 ns, Reaching safepoint: 2751365 ns, Cleanup: 17376 ns, At safepoint: 439953 ns, Total: 3208694 ns
[2025-10-15T14:35:56.821-0700][1251][info ][safepoint   ] Safepoint "ICBufferFull", Time since last: 1216402 ns, Reaching safepoint: 797933 ns, Cleanup: 18768 ns, At safepoint: 1193047 ns, Total: 2009748 ns
[2025-10-15T14:35:56.822-0700][1251][info ][safepoint   ] Safepoint "ICBufferFull", Time since last: 119390 ns, Reaching safepoint: 705573 ns, Cleanup: 6240 ns, At safepoint: 364509 ns, Total: 1076322 ns
[2025-10-15T14:35:56.824-0700][1251][info ][safepoint   ] Safepoint "ICBufferFull", Time since last: 1037823 ns, Reaching safepoint: 557310 ns, Cleanup: 7682 ns, At safepoint: 320022 ns, Total: 885014 ns
[2025-10-15T14:35:56.825-0700][1251][info ][safepoint   ] Safepoint "ICBufferFull", Time since last: 263767 ns, Reaching safepoint: 380734 ns, Cleanup: 4857 ns, At safepoint: 297789 ns, Total: 683380 ns
[2025-10-15T14:35:56.826-0700][1251][info ][safepoint   ] Safepoint "ICBufferFull", Time since last: 520253 ns, Reaching safepoint: 426683 ns, Cleanup: 5959 ns, At safepoint: 261154 ns, Total: 693796 ns
[2025-10-15T14:35:56.828-0700][1251][info ][safepoint   ] Safepoint "ICBufferFull", Time since last: 661356 ns, Reaching safepoint: 449247 ns, Cleanup: 13520 ns, At safepoint: 265560 ns, Total: 728327 ns
[2025-10-15T14:35:56.901-0700][1251][info ][safepoint   ] Safepoint "ICBufferFull", Time since last: 72485236 ns, Reaching safepoint: 660215 ns, Cleanup: 151188 ns, At safepoint: 213311 ns, Total: 1024714 ns
[2025-10-15T14:35:56.992-0700][1251][info ][safepoint   ] Safepoint "ICBufferFull", Time since last: 79465302 ns, Reaching safepoint: 11403871 ns, Cleanup: 166741 ns, At safepoint: 130297 ns, Total: 11700909 ns
[2025-10-15T14:35:56.993-0700][1251][info ][safepoint   ] Safepoint "ICBufferFull", Time since last: 248915 ns, Reaching safepoint: 318580 ns, Cleanup: 8573 ns, At safepoint: 181493 ns, Total: 508646 ns
[2025-10-15T14:35:56.994-0700][1251][info ][safepoint   ] Safepoint "ICBufferFull", Time since last: 129906 ns, Reaching safepoint: 272080 ns, Cleanup: 4476 ns, At safepoint: 187253 ns, Total: 463809 ns
[2025-10-15T14:35:56.994-0700][1251][info ][safepoint   ] Safepoint "ICBufferFull", Time since last: 192780 ns, Reaching safepoint: 305110 ns, Cleanup: 11818 ns, At safepoint: 155544 ns, Total: 472472 ns
[2025-10-15T14:35:56.996-0700][1251][info ][safepoint   ] Safepoint "ICBufferFull", Time since last: 360603 ns, Reaching safepoint: 1300379 ns, Cleanup: 3185 ns, At safepoint: 263557 ns, Total: 1567121 ns
[2025-10-15T14:35:56.997-0700][1251][info ][safepoint   ] Safepoint "ICBufferFull", Time since last: 194714 ns, Reaching safepoint: 322375 ns, Cleanup: 10065 ns, At safepoint: 253002 ns, Total: 585442 ns
[2025-10-15T14:35:56.998-0700][1251][info ][safepoint   ] Safepoint "ICBufferFull", Time since last: 452752 ns, Reaching safepoint: 361314 ns, Cleanup: 11678 ns, At safepoint: 219270 ns, Total: 592262 ns
[2025-10-15T14:35:56.999-0700][1251][info ][safepoint   ] Safepoint "ICBufferFull", Time since last: 466843 ns, Reaching safepoint: 360373 ns, Cleanup: 12058 ns, At safepoint: 208545 ns, Total: 580976 ns
[2025-10-15T14:35:57.000-0700][1251][info ][safepoint   ] Safepoint "ICBufferFull", Time since last: 192810 ns, Reaching safepoint: 287463 ns, Cleanup: 2985 ns, At safepoint: 184387 ns, Total: 474835 ns
[2025-10-15T14:35:57.001-0700][1251][info ][safepoint   ] Safepoint "ICBufferFull", Time since last: 971244 ns, Reaching safepoint: 472972 ns, Cleanup: 12209 ns, At safepoint: 157577 ns, Total: 642758 ns
[2025-10-15T14:35:57.002-0700][1251][info ][safepoint   ] Safepoint "ICBufferFull", Time since last: 156225 ns, Reaching safepoint: 327574 ns, Cleanup: 992 ns, At safepoint: 251008 ns, Total: 579574 ns
[2025-10-15T14:35:57.003-0700][1251][info ][safepoint   ] Safepoint "ICBufferFull", Time since last: 410879 ns, Reaching safepoint: 332421 ns, Cleanup: 1392 ns, At safepoint: 158799 ns, Total: 492612 ns
[2025-10-15T14:35:57.005-0700][1251][info ][safepoint   ] Safepoint "ICBufferFull", Time since last: 1313148 ns, Reaching safepoint: 474525 ns, Cleanup: 10145 ns, At safepoint: 120752 ns, Total: 605422 ns
[2025-10-15T14:35:57.006-0700][1251][info ][safepoint   ] Safepoint "ICBufferFull", Time since last: 201965 ns, Reaching safepoint: 401745 ns, Cleanup: 1222 ns, At safepoint: 207102 ns, Total: 610069 ns
[2025-10-15T14:35:57.008-0700][1251][info ][safepoint   ] Safepoint "ICBufferFull", Time since last: 1071724 ns, Reaching safepoint: 484420 ns, Cleanup: 2384 ns, At safepoint: 230567 ns, Total: 717371 ns
[2025-10-15T14:35:57.008-0700][1251][info ][safepoint   ] Safepoint "ICBufferFull", Time since last: 170808 ns, Reaching safepoint: 337809 ns, Cleanup: 1332 ns, At safepoint: 241323 ns, Total: 580464 ns
[2025-10-15T14:35:57.009-0700][1251][info ][safepoint   ] Safepoint "ICBufferFull", Time since last: 190928 ns, Reaching safepoint: 475015 ns, Cleanup: 1142 ns, At safepoint: 197548 ns, Total: 673705 ns
[2025-10-15T14:35:57.010-0700][1251][info ][safepoint   ] Safepoint "ICBufferFull", Time since last: 155474 ns, Reaching safepoint: 294093 ns, Cleanup: 1562 ns, At safepoint: 173862 ns, Total: 469517 ns
[2025-10-15T14:35:57.010-0700][1251][info ][safepoint   ] Safepoint "ICBufferFull", Time since last: 106992 ns, Reaching safepoint: 287843 ns, Cleanup: 1232 ns, At safepoint: 223046 ns, Total: 512121 ns
[2025-10-15T14:35:57.011-0700][1251][info ][safepoint   ] Safepoint "ICBufferFull", Time since last: 227893 ns, Reaching safepoint: 535317 ns, Cleanup: 1292 ns, At safepoint: 167753 ns, Total: 704362 ns
[2025-10-15T14:35:57.012-0700][1251][info ][safepoint   ] Safepoint "ICBufferFull", Time since last: 251018 ns, Reaching safepoint: 316667 ns, Cleanup: 991 ns, At safepoint: 206842 ns, Total: 524500 ns
[2025-10-15T14:35:57.013-0700][1251][info ][safepoint   ] Safepoint "ICBufferFull", Time since last: 575126 ns, Reaching safepoint: 374144 ns, Cleanup: 1462 ns, At safepoint: 158059 ns, Total: 533665 ns
[2025-10-15T14:35:57.014-0700][1251][info ][safepoint   ] Safepoint "ICBufferFull", Time since last: 311299 ns, Reaching safepoint: 383457 ns, Cleanup: 1633 ns, At safepoint: 198148 ns, Total: 583238 ns
[2025-10-15T14:35:57.016-0700][1251][info ][safepoint   ] Safepoint "ICBufferFull", Time since last: 161073 ns, Reaching safepoint: 1351766 ns, Cleanup: 1523 ns, At safepoint: 248094 ns, Total: 1601383 ns
[2025-10-15T14:35:57.017-0700][1251][info ][safepoint   ] Safepoint "ICBufferFull", Time since last: 184838 ns, Reaching safepoint: 470309 ns, Cleanup: 1352 ns, At safepoint: 203316 ns, Total: 674977 ns
[2025-10-15T14:35:57.017-0700][1251][info ][safepoint   ] Safepoint "ICBufferFull", Time since last: 131348 ns, Reaching safepoint: 330598 ns, Cleanup: 1081 ns, At safepoint: 241164 ns, Total: 572843 ns
[2025-10-15T14:35:57.018-0700][1251][info ][safepoint   ] Safepoint "ICBufferFull", Time since last: 135484 ns, Reaching safepoint: 490279 ns, Cleanup: 20280 ns, At safepoint: 228024 ns, Total: 738583 ns
[2025-10-15T14:35:57.019-0700][1251][info ][safepoint   ] Safepoint "ICBufferFull", Time since last: 175985 ns, Reaching safepoint: 278109 ns, Cleanup: 5188 ns, At safepoint: 131978 ns, Total: 415275 ns
[2025-10-15T14:35:57.020-0700][1251][info ][safepoint   ] Safepoint "ICBufferFull", Time since last: 495267 ns, Reaching safepoint: 297067 ns, Cleanup: 9244 ns, At safepoint: 199050 ns, Total: 505361 ns
[2025-10-15T14:35:57.021-0700][1251][info ][safepoint   ] Safepoint "ICBufferFull", Time since last: 204098 ns, Reaching safepoint: 277848 ns, Cleanup: 1322 ns, At safepoint: 145229 ns, Total: 424399 ns
[2025-10-15T14:35:57.024-0700][1251][info ][safepoint   ] Safepoint "ICBufferFull", Time since last: 340042 ns, Reaching safepoint: 2505545 ns, Cleanup: 921 ns, At safepoint: 137638 ns, Total: 2644104 ns
[2025-10-15T14:35:57.024-0700][1251][info ][safepoint   ] Safepoint "ICBufferFull", Time since last: 194933 ns, Reaching safepoint: 453283 ns, Cleanup: 772 ns, At safepoint: 199340 ns, Total: 653395 ns
[2025-10-15T14:35:57.025-0700][1251][info ][safepoint   ] Safepoint "ICBufferFull", Time since last: 254153 ns, Reaching safepoint: 354925 ns, Cleanup: 851 ns, At safepoint: 204698 ns, Total: 560474 ns
[2025-10-15T14:35:57.027-0700][1251][info ][safepoint   ] Safepoint "ICBufferFull", Time since last: 507495 ns, Reaching safepoint: 819725 ns, Cleanup: 751 ns, At safepoint: 226361 ns, Total: 1046837 ns
[2025-10-15T14:35:57.028-0700][1251][info ][safepoint   ] Safepoint "ICBufferFull", Time since last: 1086357 ns, Reaching safepoint: 473563 ns, Cleanup: 6370 ns, At safepoint: 128243 ns, Total: 608176 ns
[2025-10-15T14:35:57.029-0700][1251][info ][safepoint   ] Safepoint "ICBufferFull", Time since last: 180582 ns, Reaching safepoint: 313452 ns, Cleanup: 5599 ns, At safepoint: 237538 ns, Total: 556589 ns
[2025-10-15T14:35:57.036-0700][1251][info ][safepoint   ] Safepoint "ICBufferFull", Time since last: 336537 ns, Reaching safepoint: 6592171 ns, Cleanup: 5008 ns, At safepoint: 322025 ns, Total: 6919204 ns
[2025-10-15T14:35:57.038-0700][1251][info ][safepoint   ] Safepoint "ICBufferFull", Time since last: 227252 ns, Reaching safepoint: 727707 ns, Cleanup: 1442 ns, At safepoint: 216847 ns, Total: 945996 ns
[2025-10-15T14:35:57.039-0700][1251][info ][safepoint   ] Safepoint "ICBufferFull", Time since last: 181884 ns, Reaching safepoint: 869550 ns, Cleanup: 921 ns, At safepoint: 174263 ns, Total: 1044734 ns
[2025-10-15T14:35:57.040-0700][1251][info ][safepoint   ] Safepoint "ICBufferFull", Time since last: 145529 ns, Reaching safepoint: 384219 ns, Cleanup: 1172 ns, At safepoint: 146610 ns, Total: 532001 ns
[2025-10-15T14:35:57.040-0700][1251][info ][safepoint   ] Safepoint "ICBufferFull", Time since last: 133331 ns, Reaching safepoint: 258330 ns, Cleanup: 1131 ns, At safepoint: 156947 ns, Total: 416408 ns
[2025-10-15T14:35:57.041-0700][1251][info ][safepoint   ] Safepoint "ICBufferFull", Time since last: 135914 ns, Reaching safepoint: 347434 ns, Cleanup: 1192 ns, At safepoint: 212209 ns, Total: 560835 ns
[2025-10-15T14:35:57.041-0700][1251][info ][safepoint   ] Safepoint "ICBufferFull", Time since last: 139781 ns, Reaching safepoint: 255475 ns, Cleanup: 1332 ns, At safepoint: 169015 ns, Total: 425822 ns
[2025-10-15T14:35:57.042-0700][1251][info ][safepoint   ] Safepoint "ICBufferFull", Time since last: 87972 ns, Reaching safepoint: 248715 ns, Cleanup: 5979 ns, At safepoint: 199450 ns, Total: 454144 ns
[2025-10-15T14:35:57.044-0700][1251][info ][safepoint   ] Safepoint "ICBufferFull", Time since last: 1118455 ns, Reaching safepoint: 737982 ns, Cleanup: 9024 ns, At safepoint: 110336 ns, Total: 857342 ns
[2025-10-15T14:35:57.044-0700][1251][info ][safepoint   ] Safepoint "ICBufferFull", Time since last: 186030 ns, Reaching safepoint: 281795 ns, Cleanup: 1142 ns, At safepoint: 150116 ns, Total: 433053 ns
[2025-10-15T14:35:57.045-0700][1251][info ][safepoint   ] Safepoint "ICBufferFull", Time since last: 127922 ns, Reaching safepoint: 234404 ns, Cleanup: 1271 ns, At safepoint: 134493 ns, Total: 370168 ns
[2025-10-15T14:35:57.045-0700][1251][info ][safepoint   ] Safepoint "ICBufferFull", Time since last: 109585 ns, Reaching safepoint: 243457 ns, Cleanup: 1042 ns, At safepoint: 155474 ns, Total: 399973 ns
[2025-10-15T14:35:57.046-0700][1251][info ][safepoint   ] Safepoint "ICBufferFull", Time since last: 220402 ns, Reaching safepoint: 248895 ns, Cleanup: 991 ns, At safepoint: 154433 ns, Total: 404319 ns
[2025-10-15T14:35:57.047-0700][1251][info ][safepoint   ] Safepoint "ICBufferFull", Time since last: 190617 ns, Reaching safepoint: 343267 ns, Cleanup: 5058 ns, At safepoint: 143496 ns, Total: 491821 ns
[2025-10-15T14:35:57.048-0700][1251][info ][safepoint   ] Safepoint "ICBufferFull", Time since last: 604581 ns, Reaching safepoint: 364399 ns, Cleanup: 1192 ns, At safepoint: 177587 ns, Total: 543178 ns
[2025-10-15T14:35:57.049-0700][1251][info ][safepoint   ] Safepoint "ICBufferFull", Time since last: 143346 ns, Reaching safepoint: 476518 ns, Cleanup: 731 ns, At safepoint: 183747 ns, Total: 660996 ns
[2025-10-15T14:35:57.050-0700][1251][info ][safepoint   ] Safepoint "ICBufferFull", Time since last: 424950 ns, Reaching safepoint: 313733 ns, Cleanup: 851 ns, At safepoint: 165710 ns, Total: 480294 ns
[2025-10-15T14:35:57.051-0700][1251][info ][safepoint   ] Safepoint "ICBufferFull", Time since last: 532592 ns, Reaching safepoint: 434205 ns, Cleanup: 1482 ns, At safepoint: 150567 ns, Total: 586254 ns
[2025-10-15T14:35:57.052-0700][1251][info ][safepoint   ] Safepoint "ICBufferFull", Time since last: 699824 ns, Reaching safepoint: 480774 ns, Cleanup: 16075 ns, At safepoint: 161713 ns, Total: 658562 ns
[2025-10-15T14:35:57.053-0700][1251][info ][safepoint   ] Safepoint "ICBufferFull", Time since last: 304799 ns, Reaching safepoint: 301034 ns, Cleanup: 8723 ns, At safepoint: 120171 ns, Total: 429928 ns
[2025-10-15T14:35:57.054-0700][1251][info ][safepoint   ] Safepoint "ICBufferFull", Time since last: 164959 ns, Reaching safepoint: 287473 ns, Cleanup: 4006 ns, At safepoint: 202745 ns, Total: 494224 ns
[2025-10-15T14:35:57.054-0700][1251][info ][safepoint   ] Safepoint "ICBufferFull", Time since last: 154323 ns, Reaching safepoint: 299401 ns, Cleanup: 3435 ns, At safepoint: 188644 ns, Total: 491480 ns
[2025-10-15T14:35:57.055-0700][1251][info ][safepoint   ] Safepoint "ICBufferFull", Time since last: 183817 ns, Reaching safepoint: 298220 ns, Cleanup: 1602 ns, At safepoint: 146230 ns, Total: 446052 ns
[2025-10-15T14:35:57.056-0700][1251][info ][safepoint   ] Safepoint "ICBufferFull", Time since last: 625803 ns, Reaching safepoint: 426102 ns, Cleanup: 1943 ns, At safepoint: 169325 ns, Total: 597370 ns
[2025-10-15T14:35:57.057-0700][1251][info ][safepoint   ] Safepoint "ICBufferFull", Time since last: 153221 ns, Reaching safepoint: 806865 ns, Cleanup: 1092 ns, At safepoint: 150457 ns, Total: 958414 ns
[2025-10-15T14:35:57.058-0700][1251][info ][safepoint   ] Safepoint "ICBufferFull", Time since last: 151067 ns, Reaching safepoint: 334024 ns, Cleanup: 10065 ns, At safepoint: 160792 ns, Total: 504881 ns
[2025-10-15T14:35:57.058-0700][1251][info ][safepoint   ] Safepoint "ICBufferFull", Time since last: 120782 ns, Reaching safepoint: 320994 ns, Cleanup: 9334 ns, At safepoint: 160021 ns, Total: 490349 ns
[2025-10-15T14:35:57.059-0700][1251][info ][safepoint   ] Safepoint "ICBufferFull", Time since last: 103776 ns, Reaching safepoint: 294704 ns, Cleanup: 1182 ns, At safepoint: 165189 ns, Total: 461075 ns
[2025-10-15T14:35:57.061-0700][1251][info ][safepoint   ] Safepoint "ICBufferFull", Time since last: 922920 ns, Reaching safepoint: 503248 ns, Cleanup: 11167 ns, At safepoint: 186832 ns, Total: 701247 ns
[2025-10-15T14:35:57.062-0700][1251][info ][safepoint   ] Safepoint "ICBufferFull", Time since last: 593314 ns, Reaching safepoint: 333021 ns, Cleanup: 1733 ns, At safepoint: 106861 ns, Total: 441615 ns
[2025-10-15T14:35:57.062-0700][1251][info ][safepoint   ] Safepoint "ICBufferFull", Time since last: 144458 ns, Reaching safepoint: 410248 ns, Cleanup: 811 ns, At safepoint: 232450 ns, Total: 643509 ns
[2025-10-15T14:35:57.064-0700][1251][info ][safepoint   ] Safepoint "ICBufferFull", Time since last: 200773 ns, Reaching safepoint: 804321 ns, Cleanup: 892 ns, At safepoint: 221253 ns, Total: 1026466 ns
[2025-10-15T14:35:57.065-0700][1251][info ][safepoint   ] Safepoint "ICBufferFull", Time since last: 153632 ns, Reaching safepoint: 602758 ns, Cleanup: 2293 ns, At safepoint: 233732 ns, Total: 838783 ns
[2025-10-15T14:35:57.068-0700][1251][info ][safepoint   ] Safepoint "ICBufferFull", Time since last: 2352454 ns, Reaching safepoint: 652463 ns, Cleanup: 17397 ns, At safepoint: 239841 ns, Total: 909701 ns
[2025-10-15T14:35:57.069-0700][1251][info ][safepoint   ] Safepoint "ICBufferFull", Time since last: 174012 ns, Reaching safepoint: 472843 ns, Cleanup: 6259 ns, At safepoint: 239791 ns, Total: 718893 ns
[2025-10-15T14:35:57.070-0700][1251][info ][safepoint   ] Safepoint "ICBufferFull", Time since last: 233632 ns, Reaching safepoint: 625713 ns, Cleanup: 11537 ns, At safepoint: 216416 ns, Total: 853666 ns
[2025-10-15T14:35:57.071-0700][1251][info ][safepoint   ] Safepoint "ICBufferFull", Time since last: 583229 ns, Reaching safepoint: 369006 ns, Cleanup: 1743 ns, At safepoint: 205750 ns, Total: 576499 ns
[2025-10-15T14:35:57.074-0700][1251][info ][safepoint   ] Safepoint "ICBufferFull", Time since last: 1135240 ns, Reaching safepoint: 1581953 ns, Cleanup: 10506 ns, At safepoint: 198940 ns, Total: 1791399 ns
[2025-10-15T14:35:57.075-0700][1251][info ][safepoint   ] Safepoint "ICBufferFull", Time since last: 788838 ns, Reaching safepoint: 481175 ns, Cleanup: 5248 ns, At safepoint: 243827 ns, Total: 730250 ns
[2025-10-15T14:35:57.077-0700][1251][info ][safepoint   ] Safepoint "ICBufferFull", Time since last: 1198136 ns, Reaching safepoint: 478110 ns, Cleanup: 6410 ns, At safepoint: 172189 ns, Total: 656709 ns
[2025-10-15T14:35:57.078-0700][1251][info ][safepoint   ] Safepoint "ICBufferFull", Time since last: 192470 ns, Reaching safepoint: 327273 ns, Cleanup: 3726 ns, At safepoint: 211128 ns, Total: 542127 ns
[2025-10-15T14:35:57.079-0700][1251][info ][safepoint   ] Safepoint "ICBufferFull", Time since last: 131378 ns, Reaching safepoint: 340723 ns, Cleanup: 1242 ns, At safepoint: 242145 ns, Total: 584110 ns
[2025-10-15T14:35:57.080-0700][1251][info ][safepoint   ] Safepoint "ICBufferFull", Time since last: 157377 ns, Reaching safepoint: 1053858 ns, Cleanup: 2924 ns, At safepoint: 168273 ns, Total: 1225055 ns
[2025-10-15T14:35:57.082-0700][1251][info ][safepoint   ] Safepoint "ICBufferFull", Time since last: 728097 ns, Reaching safepoint: 638633 ns, Cleanup: 2303 ns, At safepoint: 272420 ns, Total: 913356 ns
[2025-10-15T14:35:57.083-0700][1251][info ][safepoint   ] Safepoint "ICBufferFull", Time since last: 537530 ns, Reaching safepoint: 495016 ns, Cleanup: 12749 ns, At safepoint: 243597 ns, Total: 751362 ns
[2025-10-15T14:35:57.085-0700][1251][info ][safepoint   ] Safepoint "ICBufferFull", Time since last: 488566 ns, Reaching safepoint: 957513 ns, Cleanup: 4817 ns, At safepoint: 242015 ns, Total: 1204345 ns
[2025-10-15T14:35:57.087-0700][1251][info ][safepoint   ] Safepoint "ICBufferFull", Time since last: 574275 ns, Reaching safepoint: 1811439 ns, Cleanup: 5388 ns, At safepoint: 203918 ns, Total: 2020745 ns
[2025-10-15T14:35:57.088-0700][1251][info ][safepoint   ] Safepoint "ICBufferFull", Time since last: 150016 ns, Reaching safepoint: 444089 ns, Cleanup: 1382 ns, At safepoint: 208474 ns, Total: 653945 ns
[2025-10-15T14:35:57.090-0700][1251][info ][safepoint   ] Safepoint "ICBufferFull", Time since last: 425481 ns, Reaching safepoint: 890531 ns, Cleanup: 8243 ns, At safepoint: 200021 ns, Total: 1098795 ns
[2025-10-15T14:35:57.091-0700][1251][info ][safepoint   ] Safepoint "ICBufferFull", Time since last: 127232 ns, Reaching safepoint: 543769 ns, Cleanup: 6019 ns, At safepoint: 175354 ns, Total: 725142 ns
[2025-10-15T14:35:57.091-0700][1251][info ][safepoint   ] Safepoint "ICBufferFull", Time since last: 105860 ns, Reaching safepoint: 553464 ns, Cleanup: 681 ns, At safepoint: 185900 ns, Total: 740045 ns
[2025-10-15T14:35:57.092-0700][1251][info ][safepoint   ] Safepoint "ICBufferFull", Time since last: 139871 ns, Reaching safepoint: 307242 ns, Cleanup: 4688 ns, At safepoint: 207452 ns, Total: 519382 ns
[2025-10-15T14:35:57.093-0700][1251][info ][safepoint   ] Safepoint "ICBufferFull", Time since last: 101914 ns, Reaching safepoint: 503198 ns, Cleanup: 1001 ns, At safepoint: 182746 ns, Total: 686945 ns
[2025-10-15T14:35:57.093-0700][1251][info ][safepoint   ] Safepoint "ICBufferFull", Time since last: 111928 ns, Reaching safepoint: 262606 ns, Cleanup: 611 ns, At safepoint: 189375 ns, Total: 452592 ns
[2025-10-15T14:35:57.095-0700][1251][info ][safepoint   ] Safepoint "ICBufferFull", Time since last: 859395 ns, Reaching safepoint: 438641 ns, Cleanup: 1943 ns, At safepoint: 234543 ns, Total: 675127 ns
[2025-10-15T14:35:57.098-0700][1251][info ][safepoint   ] Safepoint "ICBufferFull", Time since last: 2183550 ns, Reaching safepoint: 643589 ns, Cleanup: 3686 ns, At safepoint: 260602 ns, Total: 907877 ns
[2025-10-15T14:35:57.099-0700][1251][info ][safepoint   ] Safepoint "ICBufferFull", Time since last: 192541 ns, Reaching safepoint: 360623 ns, Cleanup: 1853 ns, At safepoint: 233031 ns, Total: 595507 ns
[2025-10-15T14:35:57.100-0700][1251][info ][safepoint   ] Safepoint "ICBufferFull", Time since last: 142294 ns, Reaching safepoint: 327323 ns, Cleanup: 1533 ns, At safepoint: 253341 ns, Total: 582197 ns
[2025-10-15T14:35:57.100-0700][1251][info ][safepoint   ] Safepoint "ICBufferFull", Time since last: 142685 ns, Reaching safepoint: 447865 ns, Cleanup: 1632 ns, At safepoint: 234193 ns, Total: 683690 ns
[2025-10-15T14:35:57.103-0700][1251][info ][safepoint   ] Safepoint "ICBufferFull", Time since last: 1644087 ns, Reaching safepoint: 466984 ns, Cleanup: 2453 ns, At safepoint: 188324 ns, Total: 657761 ns
[2025-10-15T14:35:57.104-0700][1251][info ][safepoint   ] Safepoint "ICBufferFull", Time since last: 337509 ns, Reaching safepoint: 453463 ns, Cleanup: 6289 ns, At safepoint: 235235 ns, Total: 694987 ns
[2025-10-15T14:35:57.105-0700][1251][info ][safepoint   ] Safepoint "ICBufferFull", Time since last: 636208 ns, Reaching safepoint: 667796 ns, Cleanup: 3365 ns, At safepoint: 214013 ns, Total: 885174 ns
[2025-10-15T14:35:57.106-0700][1251][info ][safepoint   ] Safepoint "ICBufferFull", Time since last: 166230 ns, Reaching safepoint: 307584 ns, Cleanup: 1011 ns, At safepoint: 220382 ns, Total: 528977 ns
[2025-10-15T14:35:57.107-0700][1251][info ][safepoint   ] Safepoint "ICBufferFull", Time since last: 663860 ns, Reaching safepoint: 576239 ns, Cleanup: 3976 ns, At safepoint: 210847 ns, Total: 791062 ns
[2025-10-15T14:35:57.109-0700][1251][info ][safepoint   ] Safepoint "ICBufferFull", Time since last: 358681 ns, Reaching safepoint: 906135 ns, Cleanup: 2834 ns, At safepoint: 193111 ns, Total: 1102080 ns
[2025-10-15T14:35:57.110-0700][1251][info ][safepoint   ] Safepoint "ICBufferFull", Time since last: 162425 ns, Reaching safepoint: 986246 ns, Cleanup: 7531 ns, At safepoint: 152009 ns, Total: 1145786 ns
[2025-10-15T14:35:57.111-0700][1251][info ][safepoint   ] Safepoint "ICBufferFull", Time since last: 173051 ns, Reaching safepoint: 330357 ns, Cleanup: 1933 ns, At safepoint: 194824 ns, Total: 527114 ns
[2025-10-15T14:35:57.112-0700][1251][info ][safepoint   ] Safepoint "ICBufferFull", Time since last: 122504 ns, Reaching safepoint: 307864 ns, Cleanup: 6380 ns, At safepoint: 213852 ns, Total: 528096 ns
[2025-10-15T14:35:57.112-0700][1251][info ][safepoint   ] Safepoint "ICBufferFull", Time since last: 119270 ns, Reaching safepoint: 346442 ns, Cleanup: 691 ns, At safepoint: 191248 ns, Total: 538381 ns
[2025-10-15T14:35:57.137-0700][1251][info ][safepoint   ] Safepoint "ICBufferFull", Time since last: 17483310 ns, Reaching safepoint: 7148170 ns, Cleanup: 56585 ns, At safepoint: 348325 ns, Total: 7553080 ns
[2025-10-15T14:35:57.139-0700][1251][info ][safepoint   ] Safepoint "ICBufferFull", Time since last: 489086 ns, Reaching safepoint: 786455 ns, Cleanup: 6610 ns, At safepoint: 249716 ns, Total: 1042781 ns
[2025-10-15T14:35:57.142-0700][1251][info ][safepoint   ] Safepoint "ICBufferFull", Time since last: 1934084 ns, Reaching safepoint: 1308131 ns, Cleanup: 8152 ns, At safepoint: 189416 ns, Total: 1505699 ns
[2025-10-15T14:35:57.146-0700][1251][info ][safepoint   ] Safepoint "ICBufferFull", Time since last: 358720 ns, Reaching safepoint: 2811596 ns, Cleanup: 13951 ns, At safepoint: 178099 ns, Total: 3003646 ns
[2025-10-15T14:35:57.149-0700][1251][info ][safepoint   ] Safepoint "ICBufferFull", Time since last: 856550 ns, Reaching safepoint: 2465895 ns, Cleanup: 16565 ns, At safepoint: 239601 ns, Total: 2722061 ns
[2025-10-15T14:35:57.154-0700][1251][info ][safepoint   ] Safepoint "ICBufferFull", Time since last: 2570633 ns, Reaching safepoint: 2277241 ns, Cleanup: 9504 ns, At safepoint: 338901 ns, Total: 2625646 ns
[2025-10-15T14:35:57.157-0700][1251][info ][safepoint   ] Safepoint "ICBufferFull", Time since last: 859565 ns, Reaching safepoint: 1091644 ns, Cleanup: 6300 ns, At safepoint: 329266 ns, Total: 1427210 ns
[2025-10-15T14:35:57.159-0700][1251][info ][safepoint   ] Safepoint "ICBufferFull", Time since last: 1798630 ns, Reaching safepoint: 616338 ns, Cleanup: 3696 ns, At safepoint: 354043 ns, Total: 974077 ns
[2025-10-15T14:35:57.163-0700][1251][info ][safepoint   ] Safepoint "ICBufferFull", Time since last: 2048997 ns, Reaching safepoint: 1063723 ns, Cleanup: 3786 ns, At safepoint: 356276 ns, Total: 1423785 ns
[2025-10-15T14:35:57.166-0700][1251][info ][safepoint   ] Safepoint "ICBufferFull", Time since last: 1807674 ns, Reaching safepoint: 654486 ns, Cleanup: 8933 ns, At safepoint: 329847 ns, Total: 993266 ns
[2025-10-15T14:35:57.170-0700][1251][info ][safepoint   ] Safepoint "ICBufferFull", Time since last: 3647636 ns, Reaching safepoint: 730320 ns, Cleanup: 16355 ns, At safepoint: 342886 ns, Total: 1089561 ns
[2025-10-15T14:35:57.173-0700][1251][info ][safepoint   ] Safepoint "ICBufferFull", Time since last: 1775415 ns, Reaching safepoint: 670410 ns, Cleanup: 9695 ns, At safepoint: 368615 ns, Total: 1048720 ns
[2025-10-15T14:35:57.177-0700][1251][info ][safepoint   ] Safepoint "ICBufferFull", Time since last: 1803738 ns, Reaching safepoint: 1485237 ns, Cleanup: 12579 ns, At safepoint: 294053 ns, Total: 1791869 ns
[2025-10-15T14:35:57.179-0700][1251][info ][safepoint   ] Safepoint "ICBufferFull", Time since last: 1040478 ns, Reaching safepoint: 617560 ns, Cleanup: 8092 ns, At safepoint: 324950 ns, Total: 950602 ns
[2025-10-15T14:35:57.180-0700][1251][info ][safepoint   ] Safepoint "ICBufferFull", Time since last: 708558 ns, Reaching safepoint: 431560 ns, Cleanup: 2233 ns, At safepoint: 246161 ns, Total: 679954 ns
[2025-10-15T14:35:57.183-0700][1251][info ][safepoint   ] Safepoint "ICBufferFull", Time since last: 1871249 ns, Reaching safepoint: 582838 ns, Cleanup: 7712 ns, At safepoint: 280192 ns, Total: 870742 ns
[2025-10-15T14:35:57.185-0700][1251][info ][safepoint   ] Safepoint "ICBufferFull", Time since last: 1608473 ns, Reaching safepoint: 595277 ns, Cleanup: 3185 ns, At safepoint: 334414 ns, Total: 932876 ns
[2025-10-15T14:35:57.188-0700][1251][info ][safepoint   ] Safepoint "ICBufferFull", Time since last: 526874 ns, Reaching safepoint: 1353459 ns, Cleanup: 7241 ns, At safepoint: 235925 ns, Total: 1596625 ns
[2025-10-15T14:35:57.189-0700][1251][info ][safepoint   ] Safepoint "ICBufferFull", Time since last: 166992 ns, Reaching safepoint: 1084013 ns, Cleanup: 2053 ns, At safepoint: 203707 ns, Total: 1289773 ns
[2025-10-15T14:35:57.190-0700][1251][info ][safepoint   ] Safepoint "ICBufferFull", Time since last: 130637 ns, Reaching safepoint: 365490 ns, Cleanup: 5809 ns, At safepoint: 231419 ns, Total: 602718 ns
[2025-10-15T14:35:57.192-0700][1251][info ][safepoint   ] Safepoint "ICBufferFull", Time since last: 1031494 ns, Reaching safepoint: 495516 ns, Cleanup: 8143 ns, At safepoint: 190276 ns, Total: 693935 ns
[2025-10-15T14:35:57.194-0700][1251][info ][safepoint   ] Safepoint "ICBufferFull", Time since last: 1419058 ns, Reaching safepoint: 782890 ns, Cleanup: 2984 ns, At safepoint: 291589 ns, Total: 1077463 ns
[2025-10-15T14:35:57.199-0700][1251][info ][safepoint   ] Safepoint "ICBufferFull", Time since last: 3288485 ns, Reaching safepoint: 1161880 ns, Cleanup: 9585 ns, At safepoint: 338560 ns, Total: 1510025 ns
[2025-10-15T14:35:57.202-0700][1251][info ][safepoint   ] Safepoint "ICBufferFull", Time since last: 1789516 ns, Reaching safepoint: 769770 ns, Cleanup: 7982 ns, At safepoint: 268504 ns, Total: 1046256 ns
[2025-10-15T14:35:57.204-0700][1251][info ][safepoint   ] Safepoint "ICBufferFull", Time since last: 1187860 ns, Reaching safepoint: 1238616 ns, Cleanup: 11698 ns, At safepoint: 278439 ns, Total: 1528753 ns
[2025-10-15T14:35:57.205-0700][1251][info ][safepoint   ] Safepoint "ICBufferFull", Time since last: 168514 ns, Reaching safepoint: 488656 ns, Cleanup: 2504 ns, At safepoint: 278940 ns, Total: 770100 ns
[2025-10-15T14:35:57.209-0700][1251][info ][safepoint   ] Safepoint "ICBufferFull", Time since last: 540184 ns, Reaching safepoint: 2509801 ns, Cleanup: 1823 ns, At safepoint: 282896 ns, Total: 2794520 ns
[2025-10-15T14:35:57.212-0700][1251][info ][safepoint   ] Safepoint "ICBufferFull", Time since last: 457279 ns, Reaching safepoint: 3131728 ns, Cleanup: 8684 ns, At safepoint: 238168 ns, Total: 3378580 ns
[2025-10-15T14:35:57.214-0700][1251][info ][safepoint   ] Safepoint "ICBufferFull", Time since last: 360023 ns, Reaching safepoint: 462286 ns, Cleanup: 1042 ns, At safepoint: 246451 ns, Total: 709779 ns
[2025-10-15T14:35:57.221-0700][1251][info ][safepoint   ] Safepoint "ICBufferFull", Time since last: 4033206 ns, Reaching safepoint: 2839529 ns, Cleanup: 12188 ns, At safepoint: 360864 ns, Total: 3212581 ns
[2025-10-15T14:35:57.224-0700][1251][info ][safepoint   ] Safepoint "ICBufferFull", Time since last: 2583422 ns, Reaching safepoint: 677020 ns, Cleanup: 4326 ns, At safepoint: 356658 ns, Total: 1038004 ns
[2025-10-15T14:35:57.226-0700][1251][info ][safepoint   ] Safepoint "ICBufferFull", Time since last: 735768 ns, Reaching safepoint: 1027919 ns, Cleanup: 2774 ns, At safepoint: 265830 ns, Total: 1296523 ns
[2025-10-15T14:35:57.228-0700][1251][info ][safepoint   ] Safepoint "ICBufferFull", Time since last: 456989 ns, Reaching safepoint: 425411 ns, Cleanup: 2273 ns, At safepoint: 309637 ns, Total: 737321 ns
[2025-10-15T14:35:57.233-0700][1251][info ][safepoint   ] Safepoint "ICBufferFull", Time since last: 3792964 ns, Reaching safepoint: 726515 ns, Cleanup: 11547 ns, At safepoint: 385331 ns, Total: 1123393 ns
[2025-10-15T14:35:57.235-0700][1251][info ][safepoint   ] Safepoint "ICBufferFull", Time since last: 1396404 ns, Reaching safepoint: 852885 ns, Cleanup: 9914 ns, At safepoint: 270438 ns, Total: 1133237 ns
[2025-10-15T14:35:57.237-0700][1251][info ][safepoint   ] Safepoint "ICBufferFull", Time since last: 799374 ns, Reaching safepoint: 541616 ns, Cleanup: 15874 ns, At safepoint: 321955 ns, Total: 879445 ns
[2025-10-15T14:35:57.242-0700][1251][info ][safepoint   ] Safepoint "ICBufferFull", Time since last: 3679664 ns, Reaching safepoint: 1639099 ns, Cleanup: 24377 ns, At safepoint: 293993 ns, Total: 1957469 ns
[2025-10-15T14:35:57.243-0700][1251][info ][safepoint   ] Safepoint "ICBufferFull", Time since last: 200102 ns, Reaching safepoint: 389266 ns, Cleanup: 4567 ns, At safepoint: 264488 ns, Total: 658321 ns
[2025-10-15T14:35:57.244-0700][1251][info ][safepoint   ] Safepoint "ICBufferFull", Time since last: 518742 ns, Reaching safepoint: 412551 ns, Cleanup: 6430 ns, At safepoint: 264779 ns, Total: 683760 ns
[2025-10-15T14:35:57.246-0700][1251][info ][safepoint   ] Safepoint "ICBufferFull", Time since last: 426893 ns, Reaching safepoint: 383508 ns, Cleanup: 7321 ns, At safepoint: 228675 ns, Total: 619504 ns
[2025-10-15T14:35:57.249-0700][1251][info ][safepoint   ] Safepoint "ICBufferFull", Time since last: 2735551 ns, Reaching safepoint: 627085 ns, Cleanup: 9404 ns, At safepoint: 321364 ns, Total: 957853 ns
[2025-10-15T14:35:57.251-0700][1251][info ][safepoint   ] Safepoint "ICBufferFull", Time since last: 1007818 ns, Reaching safepoint: 594055 ns, Cleanup: 7361 ns, At safepoint: 278851 ns, Total: 880267 ns
[2025-10-15T14:35:57.255-0700][1251][info ][safepoint   ] Safepoint "ICBufferFull", Time since last: 2951256 ns, Reaching safepoint: 632643 ns, Cleanup: 10446 ns, At safepoint: 279311 ns, Total: 922400 ns
[2025-10-15T14:35:57.259-0700][1251][info ][safepoint   ] Safepoint "ICBufferFull", Time since last: 3152139 ns, Reaching safepoint: 701817 ns, Cleanup: 13050 ns, At safepoint: 267122 ns, Total: 981989 ns
[2025-10-15T14:35:57.262-0700][1251][info ][safepoint   ] Safepoint "ICBufferFull", Time since last: 1344035 ns, Reaching safepoint: 811232 ns, Cleanup: 10686 ns, At safepoint: 345671 ns, Total: 1167589 ns
[2025-10-15T14:35:57.267-0700][1251][info ][safepoint   ] Safepoint "ICBufferFull", Time since last: 4596535 ns, Reaching safepoint: 798984 ns, Cleanup: 20962 ns, At safepoint: 358049 ns, Total: 1177995 ns
[2025-10-15T14:35:57.272-0700][1251][info ][safepoint   ] Safepoint "ICBufferFull", Time since last: 3216666 ns, Reaching safepoint: 929130 ns, Cleanup: 17637 ns, At safepoint: 399041 ns, Total: 1345808 ns
[2025-10-15T14:35:57.275-0700][1251][info ][safepoint   ] Safepoint "ICBufferFull", Time since last: 2378864 ns, Reaching safepoint: 659834 ns, Cleanup: 11577 ns, At safepoint: 408596 ns, Total: 1080007 ns
[2025-10-15T14:35:57.279-0700][1251][info ][safepoint   ] Safepoint "ICBufferFull", Time since last: 2035076 ns, Reaching safepoint: 688738 ns, Cleanup: 23946 ns, At safepoint: 392361 ns, Total: 1105045 ns
[2025-10-15T14:35:57.280-0700][1251][info ][safepoint   ] Safepoint "ICBufferFull", Time since last: 943641 ns, Reaching safepoint: 617651 ns, Cleanup: 3135 ns, At safepoint: 364369 ns, Total: 985155 ns
[2025-10-15T14:35:57.283-0700][1251][info ][safepoint   ] Safepoint "ICBufferFull", Time since last: 1140308 ns, Reaching safepoint: 593554 ns, Cleanup: 7782 ns, At safepoint: 317548 ns, Total: 918884 ns
[2025-10-15T14:35:57.309-0700][1251][info ][safepoint   ] Safepoint "ICBufferFull", Time since last: 24756889 ns, Reaching safepoint: 810110 ns, Cleanup: 34382 ns, At safepoint: 378200 ns, Total: 1222692 ns
[2025-10-15T14:35:57.319-0700][1251][info ][safepoint   ] Safepoint "ICBufferFull", Time since last: 3960897 ns, Reaching safepoint: 6048803 ns, Cleanup: 4747 ns, At safepoint: 442748 ns, Total: 6496298 ns
[2025-10-15T14:35:57.321-0700][1251][info ][safepoint   ] Safepoint "ICBufferFull", Time since last: 627755 ns, Reaching safepoint: 1202742 ns, Cleanup: 2434 ns, At safepoint: 370328 ns, Total: 1575504 ns
[2025-10-15T14:35:57.326-0700][1251][info ][safepoint   ] Safepoint "ICBufferFull", Time since last: 3406893 ns, Reaching safepoint: 870581 ns, Cleanup: 12139 ns, At safepoint: 394264 ns, Total: 1276984 ns
[2025-10-15T14:35:57.327-0700][1251][info ][safepoint   ] Safepoint "ICBufferFull", Time since last: 686374 ns, Reaching safepoint: 500584 ns, Cleanup: 8012 ns, At safepoint: 360263 ns, Total: 868859 ns
[2025-10-15T14:35:57.329-0700][1251][info ][safepoint   ] Safepoint "ICBufferFull", Time since last: 633084 ns, Reaching safepoint: 817481 ns, Cleanup: 4347 ns, At safepoint: 419131 ns, Total: 1240959 ns
[2025-10-15T14:35:57.359-0700][1251][info ][safepoint   ] Safepoint "ICBufferFull", Time since last: 28703555 ns, Reaching safepoint: 910762 ns, Cleanup: 17967 ns, At safepoint: 488626 ns, Total: 1417355 ns
[2025-10-15T14:35:57.362-0700][1251][info ][safepoint   ] Safepoint "ICBufferFull", Time since last: 1562284 ns, Reaching safepoint: 767697 ns, Cleanup: 10205 ns, At safepoint: 349537 ns, Total: 1127439 ns
[2025-10-15T14:35:57.370-0700][1251][info ][safepoint   ] Safepoint "ICBufferFull", Time since last: 519372 ns, Reaching safepoint: 6903461 ns, Cleanup: 2524 ns, At safepoint: 367854 ns, Total: 7273839 ns
[2025-10-15T14:35:57.373-0700][1251][info ][safepoint   ] Safepoint "ICBufferFull", Time since last: 1375652 ns, Reaching safepoint: 1291796 ns, Cleanup: 7932 ns, At safepoint: 257709 ns, Total: 1557437 ns
[2025-10-15T14:35:57.404-0700][1251][info ][safepoint   ] Safepoint "ICBufferFull", Time since last: 23562829 ns, Reaching safepoint: 7190714 ns, Cleanup: 19429 ns, At safepoint: 584811 ns, Total: 7794954 ns
[2025-10-15T14:35:57.409-0700][1251][info ][safepoint   ] Safepoint "ICBufferFull", Time since last: 3740516 ns, Reaching safepoint: 724551 ns, Cleanup: 11157 ns, At safepoint: 416317 ns, Total: 1152025 ns
[2025-10-15T14:35:57.413-0700][1251][info ][safepoint   ] Safepoint "ICBufferFull", Time since last: 692604 ns, Reaching safepoint: 2650092 ns, Cleanup: 2674 ns, At safepoint: 484060 ns, Total: 3136826 ns
[2025-10-15T14:35:57.447-0700][1251][info ][safepoint   ] Safepoint "ICBufferFull", Time since last: 26215215 ns, Reaching safepoint: 7117393 ns, Cleanup: 38609 ns, At safepoint: 577339 ns, Total: 7733341 ns
[2025-10-15T14:35:57.453-0700][1251][info ][safepoint   ] Safepoint "ICBufferFull", Time since last: 4595544 ns, Reaching safepoint: 862570 ns, Cleanup: 3435 ns, At safepoint: 464790 ns, Total: 1330795 ns
[2025-10-15T14:35:57.460-0700][1251][info ][safepoint   ] Safepoint "ICBufferFull", Time since last: 3531210 ns, Reaching safepoint: 3210818 ns, Cleanup: 4697 ns, At safepoint: 499412 ns, Total: 3714927 ns
[2025-10-15T14:35:57.489-0700][1251][info ][safepoint   ] Safepoint "ICBufferFull", Time since last: 27808977 ns, Reaching safepoint: 823000 ns, Cleanup: 24236 ns, At safepoint: 344840 ns, Total: 1192076 ns
[2025-10-15T14:35:57.776-0700][1251][info ][safepoint   ] Safepoint "ICBufferFull", Time since last: 283089301 ns, Reaching safepoint: 2885417 ns, Cleanup: 202776 ns, At safepoint: 387814 ns, Total: 3476007 ns
[2025-10-15T14:35:58.144-0700][1251][info ][safepoint   ] Safepoint "ICBufferFull", Time since last: 358041784 ns, Reaching safepoint: 7907453 ns, Cleanup: 192170 ns, At safepoint: 2617123 ns, Total: 10716746 ns
[2025-10-15T14:35:58.470-0700][1251][info ][safepoint   ] Safepoint "ICBufferFull", Time since last: 323919335 ns, Reaching safepoint: 865374 ns, Cleanup: 194883 ns, At safepoint: 455186 ns, Total: 1515443 ns
[2025-10-15T14:35:58.785-0700][1251][info ][safepoint   ] Safepoint "ICBufferFull", Time since last: 299802351 ns, Reaching safepoint: 14167785 ns, Cleanup: 171458 ns, At safepoint: 890132 ns, Total: 15229375 ns
[2025-10-15T14:35:58.800-0700][1251][info ][safepoint   ] Safepoint "ICBufferFull", Time since last: 848698 ns, Reaching safepoint: 13284715 ns, Cleanup: 22994 ns, At safepoint: 933026 ns, Total: 14240735 ns
[2025-10-15T14:35:58.820-0700][1251][info ][safepoint   ] Safepoint "ICBufferFull", Time since last: 3717561 ns, Reaching safepoint: 15892333 ns, Cleanup: 14733 ns, At safepoint: 828828 ns, Total: 16735894 ns
[2025-10-15T14:35:58.841-0700][1251][info ][safepoint   ] Safepoint "ICBufferFull", Time since last: 2914341 ns, Reaching safepoint: 16718468 ns, Cleanup: 12459 ns, At safepoint: 964333 ns, Total: 17695260 ns
[2025-10-15T14:35:58.866-0700][1251][info ][safepoint   ] Safepoint "ICBufferFull", Time since last: 4635654 ns, Reaching safepoint: 19308330 ns, Cleanup: 17566 ns, At safepoint: 1100728 ns, Total: 20426624 ns
[2025-10-15T14:35:58.892-0700][1251][info ][safepoint   ] Safepoint "ICBufferFull", Time since last: 6241143 ns, Reaching safepoint: 18938653 ns, Cleanup: 24747 ns, At safepoint: 917643 ns, Total: 19881043 ns
[2025-10-15T14:35:58.899-0700][1251][info ][safepoint   ] Safepoint "ICBufferFull", Time since last: 5907089 ns, Reaching safepoint: 839275 ns, Cleanup: 15333 ns, At safepoint: 578992 ns, Total: 1433600 ns
[2025-10-15T14:35:58.926-0700][1251][info ][safepoint   ] Safepoint "ICBufferFull", Time since last: 3440263 ns, Reaching safepoint: 21879454 ns, Cleanup: 11627 ns, At safepoint: 963141 ns, Total: 22854222 ns
[2025-10-15T14:35:58.976-0700][1251][info ][safepoint   ] Safepoint "ICBufferFull", Time since last: 6561236 ns, Reaching safepoint: 42596515 ns, Cleanup: 21773 ns, At safepoint: 728027 ns, Total: 43346315 ns
[2025-10-15T14:35:59.011-0700][1251][info ][safepoint   ] Safepoint "ICBufferFull", Time since last: 8306034 ns, Reaching safepoint: 26023747 ns, Cleanup: 25829 ns, At safepoint: 842940 ns, Total: 26892516 ns
[2025-10-15T14:35:59.039-0700][1251][info ][safepoint   ] Safepoint "ICBufferFull", Time since last: 5663072 ns, Reaching safepoint: 20560346 ns, Cleanup: 14241 ns, At safepoint: 1692831 ns, Total: 22267418 ns
[2025-10-15T14:35:59.073-0700][1251][info ][safepoint   ] Safepoint "ICBufferFull", Time since last: 2697754 ns, Reaching safepoint: 30660253 ns, Cleanup: 17907 ns, At safepoint: 1084203 ns, Total: 31762363 ns
[2025-10-15T14:35:59.116-0700][1251][info ][safepoint   ] Safepoint "ICBufferFull", Time since last: 4522454 ns, Reaching safepoint: 37066294 ns, Cleanup: 31327 ns, At safepoint: 1202662 ns, Total: 38300283 ns
[2025-10-15T14:35:59.150-0700][1251][info ][safepoint   ] Safepoint "ICBufferFull", Time since last: 5075026 ns, Reaching safepoint: 27495114 ns, Cleanup: 31858 ns, At safepoint: 1181019 ns, Total: 28707991 ns
[2025-10-15T14:35:59.195-0700][1251][info ][safepoint   ] Safepoint "ICBufferFull", Time since last: 7957709 ns, Reaching safepoint: 36952923 ns, Cleanup: 29054 ns, At safepoint: 654767 ns, Total: 37636744 ns
[2025-10-15T14:35:59.211-0700][1251][info ][safepoint   ] Safepoint "ICBufferFull", Time since last: 893776 ns, Reaching safepoint: 14108476 ns, Cleanup: 11437 ns, At safepoint: 518081 ns, Total: 14637994 ns
[2025-10-15T14:35:59.218-0700][1251][info ][safepoint   ] Safepoint "ICBufferFull", Time since last: 1685469 ns, Reaching safepoint: 4270674 ns, Cleanup: 4427 ns, At safepoint: 1190694 ns, Total: 5465795 ns
[2025-10-15T14:35:59.232-0700][1251][info ][safepoint   ] Safepoint "ICBufferFull", Time since last: 584621 ns, Reaching safepoint: 12697079 ns, Cleanup: 26910 ns, At safepoint: 431270 ns, Total: 13155259 ns
[2025-10-15T14:35:59.236-0700][1251][info ][safepoint   ] Safepoint "ICBufferFull", Time since last: 568747 ns, Reaching safepoint: 3616008 ns, Cleanup: 4156 ns, At safepoint: 360183 ns, Total: 3980347 ns
[2025-10-15T14:35:59.243-0700][1251][info ][safepoint   ] Safepoint "ICBufferFull", Time since last: 467003 ns, Reaching safepoint: 6056175 ns, Cleanup: 4987 ns, At safepoint: 360373 ns, Total: 6421535 ns
[2025-10-15T14:35:59.250-0700][1251][info ][safepoint   ] Safepoint "ICBufferFull", Time since last: 3018938 ns, Reaching safepoint: 3449928 ns, Cleanup: 14231 ns, At safepoint: 607416 ns, Total: 4071575 ns
[2025-10-15T14:35:59.272-0700][1251][info ][safepoint   ] Safepoint "ICBufferFull", Time since last: 13369602 ns, Reaching safepoint: 7506539 ns, Cleanup: 18238 ns, At safepoint: 604531 ns, Total: 8129308 ns
[2025-10-15T14:35:59.281-0700][1251][info ][safepoint   ] Safepoint "ICBufferFull", Time since last: 6659904 ns, Reaching safepoint: 1703967 ns, Cleanup: 12088 ns, At safepoint: 821097 ns, Total: 2537152 ns
[2025-10-15T14:35:59.296-0700][1251][info ][safepoint   ] Safepoint "ICBufferFull", Time since last: 9585972 ns, Reaching safepoint: 5037470 ns, Cleanup: 15783 ns, At safepoint: 543840 ns, Total: 5597093 ns
[2025-10-15T14:35:59.308-0700][1251][info ][safepoint   ] Safepoint "ICBufferFull", Time since last: 3080731 ns, Reaching safepoint: 7895315 ns, Cleanup: 5358 ns, At safepoint: 807697 ns, Total: 8708370 ns
[2025-10-15T14:35:59.310-0700][1251][info ][safepoint   ] Safepoint "ICBufferFull", Time since last: 648978 ns, Reaching safepoint: 691382 ns, Cleanup: 3014 ns, At safepoint: 505882 ns, Total: 1200278 ns
[2025-10-15T14:35:59.329-0700][1251][info ][safepoint   ] Safepoint "ICBufferFull", Time since last: 4926192 ns, Reaching safepoint: 13903938 ns, Cleanup: 14331 ns, At safepoint: 420674 ns, Total: 14338943 ns
[2025-10-15T14:35:59.334-0700][1251][info ][safepoint   ] Safepoint "ICBufferFull", Time since last: 752063 ns, Reaching safepoint: 3699684 ns, Cleanup: 4537 ns, At safepoint: 314063 ns, Total: 4018284 ns
[2025-10-15T14:35:59.364-0700][1251][info ][safepoint   ] Safepoint "ICBufferFull", Time since last: 25346717 ns, Reaching safepoint: 956992 ns, Cleanup: 18528 ns, At safepoint: 3245860 ns, Total: 4221380 ns
[2025-10-15T14:35:59.369-0700][1251][info ][safepoint   ] Safepoint "ICBufferFull", Time since last: 3717531 ns, Reaching safepoint: 877592 ns, Cleanup: 22644 ns, At safepoint: 561025 ns, Total: 1461261 ns
[2025-10-15T14:35:59.373-0700][1251][info ][safepoint   ] Safepoint "ICBufferFull", Time since last: 2735341 ns, Reaching safepoint: 965215 ns, Cleanup: 4186 ns, At safepoint: 540675 ns, Total: 1510076 ns
[2025-10-15T14:35:59.380-0700][1251][info ][safepoint   ] Safepoint "ICBufferFull", Time since last: 5231642 ns, Reaching safepoint: 933596 ns, Cleanup: 23736 ns, At safepoint: 827336 ns, Total: 1784668 ns
[2025-10-15T14:35:59.385-0700][1251][info ][safepoint   ] Safepoint "ICBufferFull", Time since last: 3263096 ns, Reaching safepoint: 864383 ns, Cleanup: 9734 ns, At safepoint: 687436 ns, Total: 1561553 ns
[2025-10-15T14:35:59.392-0700][1251][info ][safepoint   ] Safepoint "ICBufferFull", Time since last: 5230631 ns, Reaching safepoint: 878974 ns, Cleanup: 22404 ns, At safepoint: 658051 ns, Total: 1559429 ns
[2025-10-15T14:35:59.398-0700][1251][info ][safepoint   ] Safepoint "ICBufferFull", Time since last: 4831058 ns, Reaching safepoint: 882820 ns, Cleanup: 38619 ns, At safepoint: 712984 ns, Total: 1634423 ns
[2025-10-15T14:35:59.404-0700][1251][info ][safepoint   ] Safepoint "ICBufferFull", Time since last: 4236462 ns, Reaching safepoint: 867067 ns, Cleanup: 4096 ns, At safepoint: 585462 ns, Total: 1456625 ns
[2025-10-15T14:35:59.410-0700][1251][info ][safepoint   ] Safepoint "ICBufferFull", Time since last: 4312858 ns, Reaching safepoint: 1001769 ns, Cleanup: 12439 ns, At safepoint: 1065795 ns, Total: 2080003 ns
[2025-10-15T14:35:59.420-0700][1251][info ][safepoint   ] Safepoint "ICBufferFull", Time since last: 8114596 ns, Reaching safepoint: 903952 ns, Cleanup: 17927 ns, At safepoint: 683319 ns, Total: 1605198 ns
[2025-10-15T14:35:59.423-0700][1251][info ][safepoint   ] Safepoint "ICBufferFull", Time since last: 1371006 ns, Reaching safepoint: 772403 ns, Cleanup: 13781 ns, At safepoint: 634015 ns, Total: 1420199 ns
[2025-10-15T14:35:59.434-0700][1251][info ][safepoint   ] Safepoint "ICBufferFull", Time since last: 9597590 ns, Reaching safepoint: 1226558 ns, Cleanup: 15974 ns, At safepoint: 479032 ns, Total: 1721564 ns
[2025-10-15T14:35:59.438-0700][1251][info ][safepoint   ] Safepoint "ICBufferFull", Time since last: 2431673 ns, Reaching safepoint: 791403 ns, Cleanup: 3685 ns, At safepoint: 539223 ns, Total: 1334311 ns
[2025-10-15T14:35:59.441-0700][1251][info ][safepoint   ] Safepoint "ICBufferFull", Time since last: 1622975 ns, Reaching safepoint: 1112846 ns, Cleanup: 8093 ns, At safepoint: 519612 ns, Total: 1640551 ns
[2025-10-15T14:35:59.451-0700][1251][info ][safepoint   ] Safepoint "ICBufferFull", Time since last: 8230470 ns, Reaching safepoint: 831433 ns, Cleanup: 16455 ns, At safepoint: 522147 ns, Total: 1370035 ns
[2025-10-15T14:35:59.456-0700][1251][info ][safepoint   ] Safepoint "ICBufferFull", Time since last: 3644580 ns, Reaching safepoint: 833616 ns, Cleanup: 14883 ns, At safepoint: 479472 ns, Total: 1327971 ns
[2025-10-15T14:35:59.458-0700][1251][info ][safepoint   ] Safepoint "ICBufferFull", Time since last: 967097 ns, Reaching safepoint: 679304 ns, Cleanup: 3715 ns, At safepoint: 480084 ns, Total: 1163103 ns
[2025-10-15T14:35:59.463-0700][1251][info ][safepoint   ] Safepoint "ICBufferFull", Time since last: 3534254 ns, Reaching safepoint: 850562 ns, Cleanup: 10556 ns, At safepoint: 571821 ns, Total: 1432939 ns
[2025-10-15T14:35:59.470-0700][1251][info ][safepoint   ] Safepoint "ICBufferFull", Time since last: 6170216 ns, Reaching safepoint: 841518 ns, Cleanup: 14732 ns, At safepoint: 538672 ns, Total: 1394922 ns
[2025-10-15T14:35:59.479-0700][1251][info ][safepoint   ] Safepoint "ICBufferFull", Time since last: 6754796 ns, Reaching safepoint: 921419 ns, Cleanup: 14151 ns, At safepoint: 574455 ns, Total: 1510025 ns
[2025-10-15T14:35:59.488-0700][1251][info ][safepoint   ] Safepoint "ICBufferFull", Time since last: 405832 ns, Reaching safepoint: 8634048 ns, Cleanup: 4997 ns, At safepoint: 514536 ns, Total: 9153581 ns
[2025-10-15T14:35:59.490-0700][1251][info ][safepoint   ] Safepoint "ICBufferFull", Time since last: 921768 ns, Reaching safepoint: 663340 ns, Cleanup: 13089 ns, At safepoint: 486403 ns, Total: 1162832 ns
[2025-10-15T14:35:59.496-0700][1251][info ][safepoint   ] Safepoint "ICBufferFull", Time since last: 4088240 ns, Reaching safepoint: 840065 ns, Cleanup: 14432 ns, At safepoint: 596018 ns, Total: 1450515 ns
[2025-10-15T14:35:59.497-0700][1251][info ][safepoint   ] Safepoint "ICBufferFull", Time since last: 403157 ns, Reaching safepoint: 535327 ns, Cleanup: 1823 ns, At safepoint: 497068 ns, Total: 1034218 ns
[2025-10-15T14:35:59.503-0700][1251][info ][safepoint   ] Safepoint "ICBufferFull", Time since last: 1726972 ns, Reaching safepoint: 3888609 ns, Cleanup: 11167 ns, At safepoint: 625803 ns, Total: 4525579 ns
[2025-10-15T14:35:59.506-0700][1251][info ][safepoint   ] Safepoint "ICBufferFull", Time since last: 1178385 ns, Reaching safepoint: 705693 ns, Cleanup: 3135 ns, At safepoint: 553844 ns, Total: 1262672 ns
[2025-10-15T14:35:59.511-0700][1251][info ][safepoint   ] Safepoint "ICBufferFull", Time since last: 3318390 ns, Reaching safepoint: 830691 ns, Cleanup: 9565 ns, At safepoint: 776990 ns, Total: 1617246 ns
[2025-10-15T14:35:59.512-0700][1251][info ][safepoint   ] Safepoint "ICBufferFull", Time since last: 409717 ns, Reaching safepoint: 629659 ns, Cleanup: 2153 ns, At safepoint: 552373 ns, Total: 1184185 ns
[2025-10-15T14:35:59.520-0700][1251][info ][safepoint   ] Safepoint "ICBufferFull", Time since last: 3112389 ns, Reaching safepoint: 4210974 ns, Cleanup: 14301 ns, At safepoint: 576850 ns, Total: 4802125 ns
[2025-10-15T14:35:59.531-0700][1251][info ][safepoint   ] Safepoint "ICBufferFull", Time since last: 3979846 ns, Reaching safepoint: 5670503 ns, Cleanup: 15403 ns, At safepoint: 558702 ns, Total: 6244608 ns
[2025-10-15T14:35:59.540-0700][1251][info ][safepoint   ] Safepoint "ICBufferFull", Time since last: 2058651 ns, Reaching safepoint: 6983562 ns, Cleanup: 15463 ns, At safepoint: 529838 ns, Total: 7528863 ns
[2025-10-15T14:35:59.549-0700][1251][info ][safepoint   ] Safepoint "ICBufferFull", Time since last: 426753 ns, Reaching safepoint: 8029407 ns, Cleanup: 13881 ns, At safepoint: 509528 ns, Total: 8552816 ns
[2025-10-15T14:35:59.552-0700][1251][info ][safepoint   ] Safepoint "ICBufferFull", Time since last: 1585759 ns, Reaching safepoint: 784392 ns, Cleanup: 3425 ns, At safepoint: 481645 ns, Total: 1269462 ns
[2025-10-15T14:35:59.557-0700][1251][info ][safepoint   ] Safepoint "ICBufferFull", Time since last: 3191939 ns, Reaching safepoint: 854728 ns, Cleanup: 4307 ns, At safepoint: 532362 ns, Total: 1391397 ns
[2025-10-15T14:35:59.566-0700][1251][info ][safepoint   ] Safepoint "ICBufferFull", Time since last: 3760706 ns, Reaching safepoint: 5221566 ns, Cleanup: 4167 ns, At safepoint: 526192 ns, Total: 5751925 ns
[2025-10-15T14:35:59.572-0700][1251][info ][safepoint   ] Safepoint "ICBufferFull", Time since last: 431290 ns, Reaching safepoint: 4787253 ns, Cleanup: 4947 ns, At safepoint: 529808 ns, Total: 5322008 ns
[2025-10-15T14:35:59.577-0700][1251][info ][safepoint   ] Safepoint "ICBufferFull", Time since last: 3474815 ns, Reaching safepoint: 1193559 ns, Cleanup: 4136 ns, At safepoint: 996161 ns, Total: 2193856 ns
[2025-10-15T14:35:59.579-0700][1251][info ][safepoint   ] Safepoint "ICBufferFull", Time since last: 171748 ns, Reaching safepoint: 572373 ns, Cleanup: 3335 ns, At safepoint: 1164384 ns, Total: 1740092 ns
[2025-10-15T14:35:59.591-0700][1251][info ][safepoint   ] Safepoint "ICBufferFull", Time since last: 8917635 ns, Reaching safepoint: 2257021 ns, Cleanup: 19048 ns, At safepoint: 521917 ns, Total: 2797986 ns
[2025-10-15T14:35:59.593-0700][1251][info ][safepoint   ] Safepoint "ICBufferFull", Time since last: 861057 ns, Reaching safepoint: 978464 ns, Cleanup: 3095 ns, At safepoint: 465331 ns, Total: 1446890 ns
[2025-10-15T14:35:59.595-0700][1251][info ][safepoint   ] Safepoint "ICBufferFull", Time since last: 744732 ns, Reaching safepoint: 662969 ns, Cleanup: 9374 ns, At safepoint: 497860 ns, Total: 1170203 ns
[2025-10-15T14:35:59.597-0700][1251][info ][safepoint   ] Safepoint "ICBufferFull", Time since last: 125599 ns, Reaching safepoint: 764031 ns, Cleanup: 1853 ns, At safepoint: 401485 ns, Total: 1167369 ns
[2025-10-15T14:35:59.598-0700][1251][info ][safepoint   ] Safepoint "ICBufferFull", Time since last: 265440 ns, Reaching safepoint: 464409 ns, Cleanup: 1423 ns, At safepoint: 466132 ns, Total: 931964 ns
[2025-10-15T14:35:59.599-0700][1251][info ][safepoint   ] Safepoint "ICBufferFull", Time since last: 228294 ns, Reaching safepoint: 482637 ns, Cleanup: 12208 ns, At safepoint: 412031 ns, Total: 906876 ns
[2025-10-15T14:35:59.601-0700][1251][info ][safepoint   ] Safepoint "ICBufferFull", Time since last: 1013177 ns, Reaching safepoint: 624651 ns, Cleanup: 3305 ns, At safepoint: 499262 ns, Total: 1127218 ns
[2025-10-15T14:35:59.612-0700][1251][info ][safepoint   ] Safepoint "ICBufferFull", Time since last: 381104 ns, Reaching safepoint: 10277644 ns, Cleanup: 4908 ns, At safepoint: 572452 ns, Total: 10855004 ns
[2025-10-15T14:35:59.626-0700][1251][info ][safepoint   ] Safepoint "ICBufferFull", Time since last: 3955900 ns, Reaching safepoint: 9360212 ns, Cleanup: 18528 ns, At safepoint: 593945 ns, Total: 9972685 ns
[2025-10-15T14:35:59.638-0700][1251][info ][safepoint   ] Safepoint "ICBufferFull", Time since last: 522607 ns, Reaching safepoint: 10769586 ns, Cleanup: 9925 ns, At safepoint: 497189 ns, Total: 11276700 ns
[2025-10-15T14:36:00.580-0700][1251][info ][gc,start    ] GC(33) Pause Young (Prepare Mixed) (G1 Evacuation Pause)
[2025-10-15T14:36:00.580-0700][1251][info ][gc,task     ] GC(33) Using 113 workers of 113 for evacuation
[2025-10-15T14:36:00.586-0700][1251][debug][gc,remset   ] GC(33) Visited cards 869632 Total dirty 4063232 (21.40%) Total old 259129344 (0.34%)
[2025-10-15T14:36:00.890-0700][1251][info ][gc,mmu      ] GC(33) MMU target violated: 201.0ms (200.0ms/201.0ms)
[2025-10-15T14:36:00.890-0700][1251][info ][gc,phases   ] GC(33)   Pre Evacuate Collection Set: 0.7ms
[2025-10-15T14:36:00.890-0700][1251][info ][gc,phases   ] GC(33)   Merge Heap Roots: 5.4ms
[2025-10-15T14:36:00.890-0700][1251][info ][gc,phases   ] GC(33)   Evacuate Collection Set: 297.3ms
[2025-10-15T14:36:00.890-0700][1251][info ][gc,phases   ] GC(33)   Post Evacuate Collection Set: 6.2ms
[2025-10-15T14:36:00.890-0700][1251][info ][gc,phases   ] GC(33)   Other: 0.3ms
[2025-10-15T14:36:00.890-0700][1251][debug][gc,remset   ] GC(33) Coarsening (recent): Inline->AoC 1095 (0) AoC->Howl 81 (0) Howl->Full 0 (0) Inline->AoC 495 (0) AoC->BitMap 58 (0) BitMap->Full 0 (0)
[2025-10-15T14:36:00.890-0700][1251][debug][gc,remset   ] GC(33) Coarsening (all): Inline->AoC 2230 (0) AoC->Howl 190 (0) Howl->Full 0 (0) Inline->AoC 1166 (0) AoC->BitMap 129 (0) BitMap->Full 0 (0)
[2025-10-15T14:36:00.890-0700][1251][info ][gc,heap     ] GC(33) Eden regions: 1875->0(160)
[2025-10-15T14:36:00.890-0700][1251][info ][gc,heap     ] GC(33) Survivor regions: 71->229(244)
[2025-10-15T14:36:00.890-0700][1251][info ][gc,heap     ] GC(33) Old regions: 62->62
[2025-10-15T14:36:00.890-0700][1251][info ][gc,heap     ] GC(33) Humongous regions: 0->0
[2025-10-15T14:36:00.890-0700][1251][info ][gc,metaspace] GC(33) Metaspace: 277483K(282432K)->277483K(282432K) NonClass: 243655K(246464K)->243655K(246464K) Class: 33828K(35968K)->33828K(35968K)
[2025-10-15T14:36:00.890-0700][1251][info ][gc          ] GC(33) Pause Young (Prepare Mixed) (G1 Evacuation Pause) 64241M->9294M(184320M) 309.945ms
[2025-10-15T14:36:00.891-0700][1251][info ][gc,cpu      ] GC(33) User=10.92s Sys=0.05s Real=0.31s
[2025-10-15T14:36:00.892-0700][1251][info ][safepoint   ] Safepoint "G1CollectForAllocation", Time since last: 939791225 ns, Reaching safepoint: 855238 ns, Cleanup: 169275 ns, At safepoint: 313084993 ns, Total: 314109506 ns
[2025-10-15T14:36:01.320-0700][1251][info ][gc,start    ] GC(34) Pause Young (Mixed) (G1 Evacuation Pause)
[2025-10-15T14:36:01.320-0700][1251][info ][gc,task     ] GC(34) Using 113 workers of 113 for evacuation
[2025-10-15T14:36:01.323-0700][1251][debug][gc,remset   ] GC(34) Visited cards 803072 Total dirty 3866624 (20.77%) Total old 53018624 (1.51%)
[2025-10-15T14:36:01.629-0700][1251][info ][gc,mmu      ] GC(34) MMU target violated: 201.0ms (200.0ms/201.0ms)
[2025-10-15T14:36:01.629-0700][1251][info ][gc,phases   ] GC(34)   Pre Evacuate Collection Set: 0.5ms
[2025-10-15T14:36:01.629-0700][1251][info ][gc,phases   ] GC(34)   Merge Heap Roots: 2.4ms
[2025-10-15T14:36:01.629-0700][1251][info ][gc,phases   ] GC(34)   Evacuate Collection Set: 299.4ms
[2025-10-15T14:36:01.629-0700][1251][info ][gc,phases   ] GC(34)   Post Evacuate Collection Set: 6.0ms
[2025-10-15T14:36:01.629-0700][1251][info ][gc,phases   ] GC(34)   Other: 0.2ms
[2025-10-15T14:36:01.629-0700][1251][debug][gc,remset   ] GC(34) Coarsening (recent): Inline->AoC 0 (0) AoC->Howl 0 (0) Howl->Full 0 (0) Inline->AoC 0 (0) AoC->BitMap 0 (0) BitMap->Full 0 (0)
[2025-10-15T14:36:01.629-0700][1251][debug][gc,remset   ] GC(34) Coarsening (all): Inline->AoC 2230 (0) AoC->Howl 190 (0) Howl->Full 0 (0) Inline->AoC 1166 (0) AoC->BitMap 129 (0) BitMap->Full 0 (0)
[2025-10-15T14:36:01.629-0700][1251][info ][gc,heap     ] GC(34) Eden regions: 143->0(468)
[2025-10-15T14:36:01.629-0700][1251][info ][gc,heap     ] GC(34) Survivor regions: 229->42(47)
[2025-10-15T14:36:01.629-0700][1251][info ][gc,heap     ] GC(34) Old regions: 62->271
[2025-10-15T14:36:01.629-0700][1251][info ][gc,heap     ] GC(34) Humongous regions: 0->0
[2025-10-15T14:36:01.629-0700][1251][info ][gc,metaspace] GC(34) Metaspace: 277540K(282432K)->277540K(282432K) NonClass: 243709K(246464K)->243709K(246464K) Class: 33830K(35968K)->33830K(35968K)
[2025-10-15T14:36:01.629-0700][1251][info ][gc          ] GC(34) Pause Young (Mixed) (G1 Evacuation Pause) 13870M->9980M(184320M) 308.561ms
[2025-10-15T14:36:01.630-0700][1251][info ][gc,cpu      ] GC(34) User=7.41s Sys=0.25s Real=0.31s
[2025-10-15T14:36:01.631-0700][1251][info ][safepoint   ] Safepoint "G1CollectForAllocation", Time since last: 425340826 ns, Reaching safepoint: 1572669 ns, Cleanup: 50386 ns, At safepoint: 311933267 ns, Total: 313556322 ns
[2025-10-15T14:36:02.473-0700][1251][info ][gc,start    ] GC(35) Pause Young (Mixed) (G1 Evacuation Pause)
[2025-10-15T14:36:02.473-0700][1251][info ][gc,task     ] GC(35) Using 113 workers of 113 for evacuation
[2025-10-15T14:36:02.480-0700][1251][debug][gc,remset   ] GC(35) Visited cards 7034880 Total dirty 17170432 (40.97%) Total old 55574528 (12.66%)
[2025-10-15T14:36:02.593-0700][1251][info ][gc,phases   ] GC(35)   Pre Evacuate Collection Set: 0.6ms
[2025-10-15T14:36:02.593-0700][1251][info ][gc,phases   ] GC(35)   Merge Heap Roots: 6.2ms
[2025-10-15T14:36:02.593-0700][1251][info ][gc,phases   ] GC(35)   Evacuate Collection Set: 107.3ms
[2025-10-15T14:36:02.593-0700][1251][info ][gc,phases   ] GC(35)   Post Evacuate Collection Set: 5.7ms
[2025-10-15T14:36:02.593-0700][1251][info ][gc,phases   ] GC(35)   Other: 0.1ms
[2025-10-15T14:36:02.593-0700][1251][debug][gc,remset   ] GC(35) Coarsening (recent): Inline->AoC 14235 (10) AoC->Howl 289 (25) Howl->Full 0 (0) Inline->AoC 752 (9) AoC->BitMap 191 (19) BitMap->Full 0 (0)
[2025-10-15T14:36:02.593-0700][1251][debug][gc,remset   ] GC(35) Coarsening (all): Inline->AoC 16465 (10) AoC->Howl 479 (25) Howl->Full 0 (0) Inline->AoC 1918 (9) AoC->BitMap 320 (19) BitMap->Full 0 (0)
[2025-10-15T14:36:02.593-0700][1251][info ][gc,heap     ] GC(35) Eden regions: 246->0(397)
[2025-10-15T14:36:02.593-0700][1251][info ][gc,heap     ] GC(35) Survivor regions: 42->36(36)
[2025-10-15T14:36:02.593-0700][1251][info ][gc,heap     ] GC(35) Old regions: 271->323
[2025-10-15T14:36:02.593-0700][1251][info ][gc,heap     ] GC(35) Humongous regions: 0->0
[2025-10-15T14:36:02.593-0700][1251][info ][gc,metaspace] GC(35) Metaspace: 277703K(282624K)->277703K(282624K) NonClass: 243868K(246656K)->243868K(246656K) Class: 33834K(35968K)->33834K(35968K)
[2025-10-15T14:36:02.593-0700][1251][info ][gc          ] GC(35) Pause Young (Mixed) (G1 Evacuation Pause) 17852M->11475M(184320M) 120.073ms
[2025-10-15T14:36:02.594-0700][1251][info ][gc,cpu      ] GC(35) User=5.71s Sys=0.01s Real=0.12s
[2025-10-15T14:36:02.595-0700][1251][info ][safepoint   ] Safepoint "G1CollectForAllocation", Time since last: 839462160 ns, Reaching safepoint: 1009281 ns, Cleanup: 110717 ns, At safepoint: 123707637 ns, Total: 124827635 ns
[2025-10-15T14:36:03.478-0700][1251][info ][gc,start    ] GC(36) Pause Young (Normal) (G1 Evacuation Pause)
[2025-10-15T14:36:03.478-0700][1251][info ][gc,task     ] GC(36) Using 113 workers of 113 for evacuation
[2025-10-15T14:36:03.487-0700][1251][debug][gc,remset   ] GC(36) Visited cards 8754688 Total dirty 20578304 (42.54%) Total old 58916864 (14.86%)
[2025-10-15T14:36:03.611-0700][1251][info ][gc,phases   ] GC(36)   Pre Evacuate Collection Set: 0.7ms
[2025-10-15T14:36:03.611-0700][1251][info ][gc,phases   ] GC(36)   Merge Heap Roots: 8.1ms
[2025-10-15T14:36:03.611-0700][1251][info ][gc,phases   ] GC(36)   Evacuate Collection Set: 118.8ms
[2025-10-15T14:36:03.611-0700][1251][info ][gc,phases   ] GC(36)   Post Evacuate Collection Set: 5.2ms
[2025-10-15T14:36:03.611-0700][1251][info ][gc,phases   ] GC(36)   Other: 0.1ms
[2025-10-15T14:36:03.611-0700][1251][debug][gc,remset   ] GC(36) Coarsening (recent): Inline->AoC 5591 (3) AoC->Howl 126 (8) Howl->Full 0 (0) Inline->AoC 437 (4) AoC->BitMap 76 (9) BitMap->Full 0 (0)
[2025-10-15T14:36:03.611-0700][1251][debug][gc,remset   ] GC(36) Coarsening (all): Inline->AoC 22056 (13) AoC->Howl 605 (33) Howl->Full 0 (0) Inline->AoC 2355 (13) AoC->BitMap 396 (28) BitMap->Full 0 (0)
[2025-10-15T14:36:03.611-0700][1251][info ][gc,heap     ] GC(36) Eden regions: 252->0(252)
[2025-10-15T14:36:03.611-0700][1251][info ][gc,heap     ] GC(36) Survivor regions: 36->36(36)
[2025-10-15T14:36:03.611-0700][1251][info ][gc,heap     ] GC(36) Old regions: 323->388
[2025-10-15T14:36:03.611-0700][1251][info ][gc,heap     ] GC(36) Humongous regions: 0->0
[2025-10-15T14:36:03.611-0700][1251][info ][gc,metaspace] GC(36) Metaspace: 277856K(282752K)->277856K(282752K) NonClass: 244020K(246784K)->244020K(246784K) Class: 33835K(35968K)->33835K(35968K)
[2025-10-15T14:36:03.611-0700][1251][info ][gc          ] GC(36) Pause Young (Normal) (G1 Evacuation Pause) 19539M->13546M(184320M) 133.084ms
[2025-10-15T14:36:03.612-0700][1251][info ][gc,cpu      ] GC(36) User=6.60s Sys=0.11s Real=0.14s
[2025-10-15T14:36:03.613-0700][1251][info ][safepoint   ] Safepoint "G1CollectForAllocation", Time since last: 880612667 ns, Reaching safepoint: 1126167 ns, Cleanup: 97997 ns, At safepoint: 136398738 ns, Total: 137622902 ns
[2025-10-15T14:36:04.482-0700][1251][info ][gc,start    ] GC(37) Pause Young (Normal) (G1 Evacuation Pause)
[2025-10-15T14:36:04.482-0700][1251][info ][gc,task     ] GC(37) Using 113 workers of 113 for evacuation
[2025-10-15T14:36:04.493-0700][1251][debug][gc,remset   ] GC(37) Visited cards 11656704 Total dirty 24903680 (46.81%) Total old 63176704 (18.45%)
[2025-10-15T14:36:04.615-0700][1251][info ][gc,phases   ] GC(37)   Pre Evacuate Collection Set: 0.6ms
[2025-10-15T14:36:04.616-0700][1251][info ][gc,phases   ] GC(37)   Merge Heap Roots: 9.6ms
[2025-10-15T14:36:04.616-0700][1251][info ][gc,phases   ] GC(37)   Evacuate Collection Set: 116.8ms
[2025-10-15T14:36:04.616-0700][1251][info ][gc,phases   ] GC(37)   Post Evacuate Collection Set: 6.0ms
[2025-10-15T14:36:04.616-0700][1251][info ][gc,phases   ] GC(37)   Other: 0.1ms
[2025-10-15T14:36:04.616-0700][1251][debug][gc,remset   ] GC(37) Coarsening (recent): Inline->AoC 5818 (9) AoC->Howl 81 (16) Howl->Full 0 (0) Inline->AoC 192 (2) AoC->BitMap 46 (5) BitMap->Full 0 (0)
[2025-10-15T14:36:04.616-0700][1251][debug][gc,remset   ] GC(37) Coarsening (all): Inline->AoC 27874 (22) AoC->Howl 686 (49) Howl->Full 0 (0) Inline->AoC 2547 (15) AoC->BitMap 442 (33) BitMap->Full 0 (0)
[2025-10-15T14:36:04.616-0700][1251][info ][gc,heap     ] GC(37) Eden regions: 252->0(252)
[2025-10-15T14:36:04.616-0700][1251][info ][gc,heap     ] GC(37) Survivor regions: 36->36(36)
[2025-10-15T14:36:04.616-0700][1251][info ][gc,heap     ] GC(37) Old regions: 388->452
[2025-10-15T14:36:04.616-0700][1251][info ][gc,heap     ] GC(37) Humongous regions: 0->0
[2025-10-15T14:36:04.616-0700][1251][info ][gc,metaspace] GC(37) Metaspace: 278021K(282944K)->278021K(282944K) NonClass: 244184K(246976K)->244184K(246976K) Class: 33836K(35968K)->33836K(35968K)
[2025-10-15T14:36:04.616-0700][1251][info ][gc          ] GC(37) Pause Young (Normal) (G1 Evacuation Pause) 21610M->15590M(184320M) 133.259ms
[2025-10-15T14:36:04.617-0700][1251][info ][gc,cpu      ] GC(37) User=7.38s Sys=0.07s Real=0.13s
[2025-10-15T14:36:04.618-0700][1251][info ][safepoint   ] Safepoint "G1CollectForAllocation", Time since last: 866518793 ns, Reaching safepoint: 1173478 ns, Cleanup: 88864 ns, At safepoint: 136980083 ns, Total: 138242425 ns
[2025-10-15T14:36:05.444-0700][1251][info ][gc,start    ] GC(38) Pause Young (Normal) (G1 Evacuation Pause)
[2025-10-15T14:36:05.444-0700][1251][info ][gc,task     ] GC(38) Using 113 workers of 113 for evacuation
[2025-10-15T14:36:05.454-0700][1251][debug][gc,remset   ] GC(38) Visited cards 14301696 Total dirty 28966912 (49.37%) Total old 67371008 (21.23%)
[2025-10-15T14:36:05.575-0700][1251][info ][gc,phases   ] GC(38)   Pre Evacuate Collection Set: 0.6ms
[2025-10-15T14:36:05.575-0700][1251][info ][gc,phases   ] GC(38)   Merge Heap Roots: 9.9ms
[2025-10-15T14:36:05.575-0700][1251][info ][gc,phases   ] GC(38)   Evacuate Collection Set: 115.1ms
[2025-10-15T14:36:05.575-0700][1251][info ][gc,phases   ] GC(38)   Post Evacuate Collection Set: 5.2ms
[2025-10-15T14:36:05.575-0700][1251][info ][gc,phases   ] GC(38)   Other: 0.1ms
[2025-10-15T14:36:05.575-0700][1251][debug][gc,remset   ] GC(38) Coarsening (recent): Inline->AoC 5529 (8) AoC->Howl 149 (20) Howl->Full 0 (0) Inline->AoC 467 (3) AoC->BitMap 124 (12) BitMap->Full 0 (0)
[2025-10-15T14:36:05.575-0700][1251][debug][gc,remset   ] GC(38) Coarsening (all): Inline->AoC 33403 (30) AoC->Howl 835 (69) Howl->Full 0 (0) Inline->AoC 3014 (18) AoC->BitMap 566 (45) BitMap->Full 0 (0)
[2025-10-15T14:36:05.575-0700][1251][info ][gc,heap     ] GC(38) Eden regions: 252->0(252)
[2025-10-15T14:36:05.575-0700][1251][info ][gc,heap     ] GC(38) Survivor regions: 36->36(36)
[2025-10-15T14:36:05.575-0700][1251][info ][gc,heap     ] GC(38) Old regions: 452->523
[2025-10-15T14:36:05.575-0700][1251][info ][gc,heap     ] GC(38) Humongous regions: 0->0
[2025-10-15T14:36:05.575-0700][1251][info ][gc,metaspace] GC(38) Metaspace: 278122K(283072K)->278122K(283072K) NonClass: 244283K(247104K)->244283K(247104K) Class: 33839K(35968K)->33839K(35968K)
[2025-10-15T14:36:05.575-0700][1251][info ][gc          ] GC(38) Pause Young (Normal) (G1 Evacuation Pause) 23654M->17868M(184320M) 131.045ms
[2025-10-15T14:36:05.576-0700][1251][info ][gc,cpu      ] GC(38) User=7.43s Sys=0.14s Real=0.13s
[2025-10-15T14:36:05.577-0700][1251][info ][safepoint   ] Safepoint "G1CollectForAllocation", Time since last: 820686202 ns, Reaching safepoint: 3507465 ns, Cleanup: 86460 ns, At safepoint: 134896234 ns, Total: 138490159 ns
[2025-10-15T14:36:06.142-0700][1251][info ][safepoint   ] Safepoint "ICBufferFull", Time since last: 562143423 ns, Reaching safepoint: 1739090 ns, Cleanup: 143356 ns, At safepoint: 391580 ns, Total: 2274026 ns
[2025-10-15T14:36:06.147-0700][1251][info ][safepoint   ] Safepoint "ICBufferFull", Time since last: 3605502 ns, Reaching safepoint: 893035 ns, Cleanup: 3906 ns, At safepoint: 648607 ns, Total: 1545548 ns
[2025-10-15T14:36:06.153-0700][1251][info ][safepoint   ] Safepoint "ICBufferFull", Time since last: 3556619 ns, Reaching safepoint: 2046994 ns, Cleanup: 4697 ns, At safepoint: 830922 ns, Total: 2882613 ns
[2025-10-15T14:36:06.158-0700][1251][info ][safepoint   ] Safepoint "ICBufferFull", Time since last: 2712426 ns, Reaching safepoint: 868298 ns, Cleanup: 4948 ns, At safepoint: 806755 ns, Total: 1680001 ns
[2025-10-15T14:36:06.170-0700][1251][info ][safepoint   ] Safepoint "ICBufferFull", Time since last: 10318816 ns, Reaching safepoint: 911243 ns, Cleanup: 18478 ns, At safepoint: 755348 ns, Total: 1685069 ns
[2025-10-15T14:36:06.180-0700][1251][info ][safepoint   ] Safepoint "ICBufferFull", Time since last: 8802352 ns, Reaching safepoint: 867587 ns, Cleanup: 4216 ns, At safepoint: 643640 ns, Total: 1515443 ns
[2025-10-15T14:36:06.193-0700][1251][info ][safepoint   ] Safepoint "ICBufferFull", Time since last: 11787619 ns, Reaching safepoint: 897913 ns, Cleanup: 10796 ns, At safepoint: 633004 ns, Total: 1541713 ns
[2025-10-15T14:36:06.207-0700][1251][info ][safepoint   ] Safepoint "ICBufferFull", Time since last: 11928882 ns, Reaching safepoint: 880406 ns, Cleanup: 17437 ns, At safepoint: 640705 ns, Total: 1538548 ns
[2025-10-15T14:36:06.225-0700][1251][info ][safepoint   ] Safepoint "ICBufferFull", Time since last: 16583865 ns, Reaching safepoint: 884212 ns, Cleanup: 17627 ns, At safepoint: 695167 ns, Total: 1597006 ns
[2025-10-15T14:36:06.238-0700][1251][info ][safepoint   ] Safepoint "ICBufferFull", Time since last: 9514845 ns, Reaching safepoint: 896100 ns, Cleanup: 25689 ns, At safepoint: 2773228 ns, Total: 3695017 ns
[2025-10-15T14:36:06.254-0700][1251][info ][safepoint   ] Safepoint "ICBufferFull", Time since last: 6482807 ns, Reaching safepoint: 8690523 ns, Cleanup: 14432 ns, At safepoint: 471871 ns, Total: 9176826 ns
[2025-10-15T14:36:06.257-0700][1251][info ][safepoint   ] Safepoint "ICBufferFull", Time since last: 1718188 ns, Reaching safepoint: 763901 ns, Cleanup: 3956 ns, At safepoint: 646064 ns, Total: 1413921 ns
[2025-10-15T14:36:06.268-0700][1251][info ][safepoint   ] Safepoint "ICBufferFull", Time since last: 9623298 ns, Reaching safepoint: 1031644 ns, Cleanup: 20141 ns, At safepoint: 498160 ns, Total: 1549945 ns
[2025-10-15T14:36:06.273-0700][1251][info ][safepoint   ] Safepoint "ICBufferFull", Time since last: 2962533 ns, Reaching safepoint: 910031 ns, Cleanup: 8874 ns, At safepoint: 704611 ns, Total: 1623516 ns
[2025-10-15T14:36:06.278-0700][1251][info ][safepoint   ] Safepoint "ICBufferFull", Time since last: 3799425 ns, Reaching safepoint: 940857 ns, Cleanup: 4437 ns, At safepoint: 571020 ns, Total: 1516314 ns
[2025-10-15T14:36:06.281-0700][1251][info ][safepoint   ] Safepoint "ICBufferFull", Time since last: 1698239 ns, Reaching safepoint: 901037 ns, Cleanup: 4156 ns, At safepoint: 557721 ns, Total: 1462914 ns
[2025-10-15T14:36:06.283-0700][1251][info ][safepoint   ] Safepoint "ICBufferFull", Time since last: 849940 ns, Reaching safepoint: 609949 ns, Cleanup: 2684 ns, At safepoint: 479813 ns, Total: 1092446 ns
[2025-10-15T14:36:06.287-0700][1251][info ][safepoint   ] Safepoint "ICBufferFull", Time since last: 2292113 ns, Reaching safepoint: 817672 ns, Cleanup: 3976 ns, At safepoint: 575788 ns, Total: 1397436 ns
[2025-10-15T14:36:06.291-0700][1251][info ][safepoint   ] Safepoint "ICBufferFull", Time since last: 2994712 ns, Reaching safepoint: 1024874 ns, Cleanup: 10596 ns, At safepoint: 569868 ns, Total: 1605338 ns
[2025-10-15T14:36:06.293-0700][1251][info ][safepoint   ] Safepoint "ICBufferFull", Time since last: 807146 ns, Reaching safepoint: 801067 ns, Cleanup: 1542 ns, At safepoint: 435496 ns, Total: 1238105 ns
[2025-10-15T14:36:06.296-0700][1251][info ][safepoint   ] Safepoint "ICBufferFull", Time since last: 1060048 ns, Reaching safepoint: 906275 ns, Cleanup: 4326 ns, At safepoint: 573024 ns, Total: 1483625 ns
[2025-10-15T14:36:06.300-0700][1251][info ][safepoint   ] Safepoint "ICBufferFull", Time since last: 2546246 ns, Reaching safepoint: 717381 ns, Cleanup: 23295 ns, At safepoint: 354354 ns, Total: 1095030 ns
[2025-10-15T14:36:06.302-0700][1251][info ][safepoint   ] Safepoint "ICBufferFull", Time since last: 760475 ns, Reaching safepoint: 790882 ns, Cleanup: 2974 ns, At safepoint: 539944 ns, Total: 1333800 ns
[2025-10-15T14:36:06.304-0700][1251][info ][safepoint   ] Safepoint "ICBufferFull", Time since last: 1063302 ns, Reaching safepoint: 874708 ns, Cleanup: 10295 ns, At safepoint: 590279 ns, Total: 1475282 ns
[2025-10-15T14:36:06.306-0700][1251][info ][safepoint   ] Safepoint "ICBufferFull", Time since last: 886666 ns, Reaching safepoint: 697081 ns, Cleanup: 3004 ns, At safepoint: 536108 ns, Total: 1236193 ns
[2025-10-15T14:36:06.311-0700][1251][info ][safepoint   ] Safepoint "ICBufferFull", Time since last: 2904536 ns, Reaching safepoint: 805694 ns, Cleanup: 12058 ns, At safepoint: 620505 ns, Total: 1438257 ns
[2025-10-15T14:36:06.316-0700][1251][info ][safepoint   ] Safepoint "ICBufferFull", Time since last: 3506212 ns, Reaching safepoint: 851112 ns, Cleanup: 9625 ns, At safepoint: 606223 ns, Total: 1466960 ns
[2025-10-15T14:36:06.320-0700][1251][info ][safepoint   ] Safepoint "ICBufferFull", Time since last: 2605786 ns, Reaching safepoint: 758903 ns, Cleanup: 9545 ns, At safepoint: 545962 ns, Total: 1314410 ns
[2025-10-15T14:36:06.322-0700][1251][info ][safepoint   ] Safepoint "ICBufferFull", Time since last: 1226809 ns, Reaching safepoint: 583278 ns, Cleanup: 2654 ns, At safepoint: 477991 ns, Total: 1063923 ns
[2025-10-15T14:36:06.325-0700][1251][info ][safepoint   ] Safepoint "ICBufferFull", Time since last: 2179804 ns, Reaching safepoint: 819344 ns, Cleanup: 12499 ns, At safepoint: 490379 ns, Total: 1322222 ns
[2025-10-15T14:36:06.328-0700][1251][info ][safepoint   ] Safepoint "ICBufferFull", Time since last: 1471857 ns, Reaching safepoint: 650030 ns, Cleanup: 3134 ns, At safepoint: 597050 ns, Total: 1250214 ns
[2025-10-15T14:36:06.332-0700][1251][info ][safepoint   ] Safepoint "ICBufferFull", Time since last: 2190600 ns, Reaching safepoint: 1053788 ns, Cleanup: 9254 ns, At safepoint: 646854 ns, Total: 1709896 ns
[2025-10-15T14:36:06.335-0700][1251][info ][safepoint   ] Safepoint "ICBufferFull", Time since last: 1497957 ns, Reaching safepoint: 926185 ns, Cleanup: 3986 ns, At safepoint: 599804 ns, Total: 1529975 ns
[2025-10-15T14:36:06.338-0700][1251][info ][safepoint   ] Safepoint "ICBufferFull", Time since last: 888348 ns, Reaching safepoint: 1023663 ns, Cleanup: 11237 ns, At safepoint: 528566 ns, Total: 1563466 ns
[2025-10-15T14:36:06.343-0700][1251][info ][safepoint   ] Safepoint "ICBufferFull", Time since last: 2728030 ns, Reaching safepoint: 1919923 ns, Cleanup: 3905 ns, At safepoint: 598202 ns, Total: 2522030 ns
[2025-10-15T14:36:06.345-0700][1251][info ][safepoint   ] Safepoint "ICBufferFull", Time since last: 885213 ns, Reaching safepoint: 640325 ns, Cleanup: 13891 ns, At safepoint: 513604 ns, Total: 1167820 ns
[2025-10-15T14:36:06.347-0700][1251][info ][safepoint   ] Safepoint "ICBufferFull", Time since last: 1291265 ns, Reaching safepoint: 582007 ns, Cleanup: 8663 ns, At safepoint: 452702 ns, Total: 1043372 ns
[2025-10-15T14:36:06.350-0700][1251][info ][safepoint   ] Safepoint "ICBufferFull", Time since last: 1348993 ns, Reaching safepoint: 942119 ns, Cleanup: 8843 ns, At safepoint: 586614 ns, Total: 1537576 ns
[2025-10-15T14:36:06.352-0700][1251][info ][safepoint   ] Safepoint "ICBufferFull", Time since last: 541586 ns, Reaching safepoint: 560695 ns, Cleanup: 6079 ns, At safepoint: 493243 ns, Total: 1060017 ns
[2025-10-15T14:36:06.353-0700][1251][info ][safepoint   ] Safepoint "ICBufferFull", Time since last: 710410 ns, Reaching safepoint: 632363 ns, Cleanup: 3305 ns, At safepoint: 395336 ns, Total: 1031004 ns
[2025-10-15T14:36:06.355-0700][1251][info ][safepoint   ] Safepoint "ICBufferFull", Time since last: 634756 ns, Reaching safepoint: 581376 ns, Cleanup: 2644 ns, At safepoint: 436728 ns, Total: 1020748 ns
[2025-10-15T14:36:06.357-0700][1251][info ][safepoint   ] Safepoint "ICBufferFull", Time since last: 698232 ns, Reaching safepoint: 560735 ns, Cleanup: 2954 ns, At safepoint: 306972 ns, Total: 870661 ns
[2025-10-15T14:36:06.359-0700][1251][info ][safepoint   ] Safepoint "ICBufferFull", Time since last: 842750 ns, Reaching safepoint: 903782 ns, Cleanup: 4176 ns, At safepoint: 615618 ns, Total: 1523576 ns
[2025-10-15T14:36:06.362-0700][1251][info ][safepoint   ] Safepoint "ICBufferFull", Time since last: 1952151 ns, Reaching safepoint: 721647 ns, Cleanup: 8322 ns, At safepoint: 621337 ns, Total: 1351306 ns
[2025-10-15T14:36:06.364-0700][1251][info ][safepoint   ] Safepoint "ICBufferFull", Time since last: 549988 ns, Reaching safepoint: 593975 ns, Cleanup: 5969 ns, At safepoint: 530379 ns, Total: 1130323 ns
[2025-10-15T14:36:06.366-0700][1251][info ][safepoint   ] Safepoint "ICBufferFull", Time since last: 516719 ns, Reaching safepoint: 527264 ns, Cleanup: 2514 ns, At safepoint: 520754 ns, Total: 1050532 ns
[2025-10-15T14:36:06.367-0700][1251][info ][safepoint   ] Safepoint "ICBufferFull", Time since last: 754116 ns, Reaching safepoint: 621597 ns, Cleanup: 3215 ns, At safepoint: 472772 ns, Total: 1097584 ns
[2025-10-15T14:36:06.369-0700][1251][info ][safepoint   ] Safepoint "ICBufferFull", Time since last: 538832 ns, Reaching safepoint: 849089 ns, Cleanup: 3125 ns, At safepoint: 561456 ns, Total: 1413670 ns
[2025-10-15T14:36:06.371-0700][1251][info ][safepoint   ] Safepoint "ICBufferFull", Time since last: 614566 ns, Reaching safepoint: 575907 ns, Cleanup: 2614 ns, At safepoint: 412071 ns, Total: 990592 ns
[2025-10-15T14:36:06.374-0700][1251][info ][safepoint   ] Safepoint "ICBufferFull", Time since last: 2029167 ns, Reaching safepoint: 778834 ns, Cleanup: 2844 ns, At safepoint: 634516 ns, Total: 1416194 ns
[2025-10-15T14:36:06.380-0700][1251][info ][safepoint   ] Safepoint "ICBufferFull", Time since last: 3956140 ns, Reaching safepoint: 859144 ns, Cleanup: 4117 ns, At safepoint: 389256 ns, Total: 1252517 ns
[2025-10-15T14:36:06.383-0700][1251][info ][safepoint   ] Safepoint "ICBufferFull", Time since last: 2192413 ns, Reaching safepoint: 822730 ns, Cleanup: 3835 ns, At safepoint: 482578 ns, Total: 1309143 ns
[2025-10-15T14:36:06.386-0700][1251][info ][safepoint   ] Safepoint "ICBufferFull", Time since last: 1214299 ns, Reaching safepoint: 743260 ns, Cleanup: 4106 ns, At safepoint: 522207 ns, Total: 1269573 ns
[2025-10-15T14:36:06.387-0700][1251][info ][safepoint   ] Safepoint "ICBufferFull", Time since last: 592883 ns, Reaching safepoint: 602027 ns, Cleanup: 10055 ns, At safepoint: 528156 ns, Total: 1140238 ns
[2025-10-15T14:36:06.390-0700][1251][info ][safepoint   ] Safepoint "ICBufferFull", Time since last: 968990 ns, Reaching safepoint: 930562 ns, Cleanup: 8553 ns, At safepoint: 537940 ns, Total: 1477055 ns
[2025-10-15T14:36:06.392-0700][1251][info ][safepoint   ] Safepoint "ICBufferFull", Time since last: 745063 ns, Reaching safepoint: 1108169 ns, Cleanup: 3115 ns, At safepoint: 609208 ns, Total: 1720492 ns
[2025-10-15T14:36:06.395-0700][1251][info ][safepoint   ] Safepoint "ICBufferFull", Time since last: 1069130 ns, Reaching safepoint: 764873 ns, Cleanup: 16044 ns, At safepoint: 588617 ns, Total: 1369534 ns
[2025-10-15T14:36:06.398-0700][1251][info ][safepoint   ] Safepoint "ICBufferFull", Time since last: 950141 ns, Reaching safepoint: 1284926 ns, Cleanup: 3425 ns, At safepoint: 714246 ns, Total: 2002597 ns
[2025-10-15T14:36:06.400-0700][1251][info ][safepoint   ] Safepoint "ICBufferFull", Time since last: 863501 ns, Reaching safepoint: 1182101 ns, Cleanup: 3696 ns, At safepoint: 568687 ns, Total: 1754484 ns
[2025-10-15T14:36:06.402-0700][1251][info ][safepoint   ] Safepoint "ICBufferFull", Time since last: 705703 ns, Reaching safepoint: 807697 ns, Cleanup: 2624 ns, At safepoint: 556869 ns, Total: 1367190 ns
[2025-10-15T14:36:06.405-0700][1251][info ][safepoint   ] Safepoint "ICBufferFull", Time since last: 927948 ns, Reaching safepoint: 1017182 ns, Cleanup: 4016 ns, At safepoint: 522367 ns, Total: 1543565 ns
[2025-10-15T14:36:06.409-0700][1251][info ][safepoint   ] Safepoint "ICBufferFull", Time since last: 2790965 ns, Reaching safepoint: 1047909 ns, Cleanup: 4246 ns, At safepoint: 626404 ns, Total: 1678559 ns
[2025-10-15T14:36:06.411-0700][1251][info ][safepoint   ] Safepoint "ICBufferFull", Time since last: 709509 ns, Reaching safepoint: 774867 ns, Cleanup: 7582 ns, At safepoint: 661797 ns, Total: 1444246 ns
[2025-10-15T14:36:06.424-0700][1251][info ][safepoint   ] Safepoint "ICBufferFull", Time since last: 10185325 ns, Reaching safepoint: 1647622 ns, Cleanup: 3946 ns, At safepoint: 477680 ns, Total: 2129248 ns
[2025-10-15T14:36:06.429-0700][1251][info ][safepoint   ] Safepoint "ICBufferFull", Time since last: 3574074 ns, Reaching safepoint: 1394882 ns, Cleanup: 4507 ns, At safepoint: 599894 ns, Total: 1999283 ns
[2025-10-15T14:36:06.433-0700][1251][info ][safepoint   ] Safepoint "ICBufferFull", Time since last: 1813141 ns, Reaching safepoint: 911954 ns, Cleanup: 3626 ns, At safepoint: 617109 ns, Total: 1532689 ns
[2025-10-15T14:36:06.438-0700][1251][info ][safepoint   ] Safepoint "ICBufferFull", Time since last: 3868098 ns, Reaching safepoint: 1123973 ns, Cleanup: 4437 ns, At safepoint: 707736 ns, Total: 1836146 ns
[2025-10-15T14:36:06.442-0700][1251][info ][safepoint   ] Safepoint "ICBufferFull", Time since last: 1914565 ns, Reaching safepoint: 1471297 ns, Cleanup: 4386 ns, At safepoint: 548066 ns, Total: 2023749 ns
[2025-10-15T14:36:06.446-0700][1251][info ][safepoint   ] Safepoint "ICBufferFull", Time since last: 1821925 ns, Reaching safepoint: 887777 ns, Cleanup: 3546 ns, At safepoint: 756830 ns, Total: 1648153 ns
[2025-10-15T14:36:06.450-0700][1251][info ][safepoint   ] Safepoint "ICBufferFull", Time since last: 2298182 ns, Reaching safepoint: 1051785 ns, Cleanup: 4427 ns, At safepoint: 671561 ns, Total: 1727773 ns
[2025-10-15T14:36:06.452-0700][1251][info ][safepoint   ] Safepoint "ICBufferFull", Time since last: 680986 ns, Reaching safepoint: 703390 ns, Cleanup: 3095 ns, At safepoint: 383307 ns, Total: 1089792 ns
[2025-10-15T14:36:06.453-0700][1251][info ][safepoint   ] Safepoint "ICBufferFull", Time since last: 600956 ns, Reaching safepoint: 773435 ns, Cleanup: 7311 ns, At safepoint: 171819 ns, Total: 952565 ns
[2025-10-15T14:36:06.454-0700][1251][info ][safepoint   ] Safepoint "ICBufferFull", Time since last: 194393 ns, Reaching safepoint: 570870 ns, Cleanup: 1041 ns, At safepoint: 201283 ns, Total: 773194 ns
[2025-10-15T14:36:06.456-0700][1251][info ][safepoint   ] Safepoint "ICBufferFull", Time since last: 109586 ns, Reaching safepoint: 1269592 ns, Cleanup: 1222 ns, At safepoint: 137668 ns, Total: 1408482 ns
[2025-10-15T14:36:06.456-0700][1251][info ][safepoint   ] Safepoint "ICBufferFull", Time since last: 118759 ns, Reaching safepoint: 423898 ns, Cleanup: 891 ns, At safepoint: 98028 ns, Total: 522817 ns
[2025-10-15T14:36:06.457-0700][1251][info ][safepoint   ] Safepoint "ICBufferFull", Time since last: 99470 ns, Reaching safepoint: 653014 ns, Cleanup: 1993 ns, At safepoint: 127542 ns, Total: 782549 ns
[2025-10-15T14:36:06.459-0700][1251][info ][gc,start    ] GC(39) Pause Young (Normal) (G1 Evacuation Pause)
[2025-10-15T14:36:06.459-0700][1251][info ][gc,task     ] GC(39) Using 113 workers of 113 for evacuation
[2025-10-15T14:36:06.470-0700][1251][debug][gc,remset   ] GC(39) Visited cards 17234176 Total dirty 33554432 (51.36%) Total old 72024064 (23.93%)
[2025-10-15T14:36:06.584-0700][1251][info ][gc,phases   ] GC(39)   Pre Evacuate Collection Set: 0.6ms
[2025-10-15T14:36:06.584-0700][1251][info ][gc,phases   ] GC(39)   Merge Heap Roots: 10.9ms
[2025-10-15T14:36:06.584-0700][1251][info ][gc,phases   ] GC(39)   Evacuate Collection Set: 108.1ms
[2025-10-15T14:36:06.584-0700][1251][info ][gc,phases   ] GC(39)   Post Evacuate Collection Set: 5.4ms
[2025-10-15T14:36:06.584-0700][1251][info ][gc,phases   ] GC(39)   Other: 0.1ms
[2025-10-15T14:36:06.584-0700][1251][debug][gc,remset   ] GC(39) Coarsening (recent): Inline->AoC 1824 (6) AoC->Howl 22 (4) Howl->Full 0 (0) Inline->AoC 54 (1) AoC->BitMap 16 (4) BitMap->Full 0 (0)
[2025-10-15T14:36:06.584-0700][1251][debug][gc,remset   ] GC(39) Coarsening (all): Inline->AoC 35227 (36) AoC->Howl 857 (73) Howl->Full 0 (0) Inline->AoC 3068 (19) AoC->BitMap 582 (49) BitMap->Full 0 (0)
[2025-10-15T14:36:06.584-0700][1251][info ][gc,heap     ] GC(39) Eden regions: 252->0(252)
[2025-10-15T14:36:06.584-0700][1251][info ][gc,heap     ] GC(39) Survivor regions: 36->36(36)
[2025-10-15T14:36:06.584-0700][1251][info ][gc,heap     ] GC(39) Old regions: 523->592
[2025-10-15T14:36:06.584-0700][1251][info ][gc,heap     ] GC(39) Humongous regions: 0->0
[2025-10-15T14:36:06.584-0700][1251][info ][gc,metaspace] GC(39) Metaspace: 278972K(283904K)->278972K(283904K) NonClass: 245031K(247808K)->245031K(247808K) Class: 33941K(36096K)->33941K(36096K)
[2025-10-15T14:36:06.584-0700][1251][info ][gc          ] GC(39) Pause Young (Normal) (G1 Evacuation Pause) 25932M->20081M(184320M) 125.286ms
[2025-10-15T14:36:06.585-0700][1251][info ][gc,cpu      ] GC(39) User=7.97s Sys=0.09s Real=0.12s
[2025-10-15T14:36:06.586-0700][1251][info ][safepoint   ] Safepoint "G1CollectForAllocation", Time since last: 124367 ns, Reaching safepoint: 380013 ns, Cleanup: 1442 ns, At safepoint: 128542311 ns, Total: 128923766 ns
[2025-10-15T14:36:06.592-0700][1251][info ][safepoint   ] Safepoint "ICBufferFull", Time since last: 4898601 ns, Reaching safepoint: 962029 ns, Cleanup: 8783 ns, At safepoint: 280593 ns, Total: 1251405 ns
[2025-10-15T14:36:06.593-0700][1251][info ][safepoint   ] Safepoint "ICBufferFull", Time since last: 139540 ns, Reaching safepoint: 625523 ns, Cleanup: 1021 ns, At safepoint: 342136 ns, Total: 968680 ns
[2025-10-15T14:36:06.596-0700][1251][info ][safepoint   ] Safepoint "ICBufferFull", Time since last: 1232136 ns, Reaching safepoint: 850111 ns, Cleanup: 10425 ns, At safepoint: 513875 ns, Total: 1374411 ns
[2025-10-15T14:36:06.602-0700][1251][info ][safepoint   ] Safepoint "ICBufferFull", Time since last: 4862355 ns, Reaching safepoint: 851703 ns, Cleanup: 15183 ns, At safepoint: 554736 ns, Total: 1421622 ns
[2025-10-15T14:36:06.610-0700][1251][info ][safepoint   ] Safepoint "ICBufferFull", Time since last: 6064507 ns, Reaching safepoint: 1011884 ns, Cleanup: 10566 ns, At safepoint: 576669 ns, Total: 1599119 ns
[2025-10-15T14:36:06.614-0700][1251][info ][safepoint   ] Safepoint "ICBufferFull", Time since last: 2771515 ns, Reaching safepoint: 884433 ns, Cleanup: 13540 ns, At safepoint: 440945 ns, Total: 1338918 ns
[2025-10-15T14:36:06.620-0700][1251][info ][safepoint   ] Safepoint "ICBufferFull", Time since last: 4136151 ns, Reaching safepoint: 899105 ns, Cleanup: 4206 ns, At safepoint: 477880 ns, Total: 1381191 ns
[2025-10-15T14:36:06.625-0700][1251][info ][safepoint   ] Safepoint "ICBufferFull", Time since last: 3622868 ns, Reaching safepoint: 877833 ns, Cleanup: 10706 ns, At safepoint: 531991 ns, Total: 1420530 ns
[2025-10-15T14:36:06.634-0700][1251][info ][safepoint   ] Safepoint "ICBufferFull", Time since last: 7564597 ns, Reaching safepoint: 1010783 ns, Cleanup: 4647 ns, At safepoint: 475396 ns, Total: 1490826 ns
[2025-10-15T14:36:06.639-0700][1251][info ][safepoint   ] Safepoint "ICBufferFull", Time since last: 3505682 ns, Reaching safepoint: 992365 ns, Cleanup: 4777 ns, At safepoint: 402857 ns, Total: 1399999 ns
[2025-10-15T14:36:06.643-0700][1251][info ][safepoint   ] Safepoint "ICBufferFull", Time since last: 1307140 ns, Reaching safepoint: 2346505 ns, Cleanup: 3846 ns, At safepoint: 447844 ns, Total: 2798195 ns
[2025-10-15T14:36:06.648-0700][1251][info ][safepoint   ] Safepoint "ICBufferFull", Time since last: 3496829 ns, Reaching safepoint: 966085 ns, Cleanup: 4096 ns, At safepoint: 474024 ns, Total: 1444205 ns
[2025-10-15T14:36:06.654-0700][1251][info ][safepoint   ] Safepoint "ICBufferFull", Time since last: 4570647 ns, Reaching safepoint: 1304375 ns, Cleanup: 4156 ns, At safepoint: 414575 ns, Total: 1723106 ns
[2025-10-15T14:36:06.656-0700][1251][info ][safepoint   ] Safepoint "ICBufferFull", Time since last: 1062040 ns, Reaching safepoint: 593674 ns, Cleanup: 3005 ns, At safepoint: 393963 ns, Total: 990642 ns
[2025-10-15T14:36:06.661-0700][1251][info ][safepoint   ] Safepoint "ICBufferFull", Time since last: 3226992 ns, Reaching safepoint: 775989 ns, Cleanup: 4286 ns, At safepoint: 470690 ns, Total: 1250965 ns
[2025-10-15T14:36:06.666-0700][1251][info ][safepoint   ] Safepoint "ICBufferFull", Time since last: 3738662 ns, Reaching safepoint: 1018655 ns, Cleanup: 19359 ns, At safepoint: 410168 ns, Total: 1448182 ns
[2025-10-15T14:36:06.675-0700][1251][info ][safepoint   ] Safepoint "ICBufferFull", Time since last: 7593310 ns, Reaching safepoint: 1041259 ns, Cleanup: 11407 ns, At safepoint: 450238 ns, Total: 1502904 ns
[2025-10-15T14:36:06.680-0700][1251][info ][safepoint   ] Safepoint "ICBufferFull", Time since last: 3456027 ns, Reaching safepoint: 918153 ns, Cleanup: 4187 ns, At safepoint: 554936 ns, Total: 1477276 ns
[2025-10-15T14:36:06.689-0700][1251][info ][safepoint   ] Safepoint "ICBufferFull", Time since last: 7539940 ns, Reaching safepoint: 1025845 ns, Cleanup: 11658 ns, At safepoint: 599793 ns, Total: 1637296 ns
[2025-10-15T14:36:06.701-0700][1251][info ][safepoint   ] Safepoint "ICBufferFull", Time since last: 10481982 ns, Reaching safepoint: 913767 ns, Cleanup: 5108 ns, At safepoint: 547274 ns, Total: 1466149 ns
[2025-10-15T14:36:06.705-0700][1251][info ][safepoint   ] Safepoint "ICBufferFull", Time since last: 3399352 ns, Reaching safepoint: 839755 ns, Cleanup: 10806 ns, At safepoint: 387634 ns, Total: 1238195 ns
[2025-10-15T14:36:06.710-0700][1251][info ][safepoint   ] Safepoint "ICBufferFull", Time since last: 3763991 ns, Reaching safepoint: 837271 ns, Cleanup: 4517 ns, At safepoint: 388465 ns, Total: 1230253 ns
[2025-10-15T14:36:06.714-0700][1251][info ][safepoint   ] Safepoint "ICBufferFull", Time since last: 2185743 ns, Reaching safepoint: 857683 ns, Cleanup: 3725 ns, At safepoint: 378140 ns, Total: 1239548 ns
[2025-10-15T14:36:06.718-0700][1251][info ][safepoint   ] Safepoint "ICBufferFull", Time since last: 3214393 ns, Reaching safepoint: 869500 ns, Cleanup: 8703 ns, At safepoint: 445681 ns, Total: 1323884 ns
[2025-10-15T14:36:06.724-0700][1251][info ][safepoint   ] Safepoint "ICBufferFull", Time since last: 3808368 ns, Reaching safepoint: 891243 ns, Cleanup: 4256 ns, At safepoint: 524490 ns, Total: 1419989 ns
[2025-10-15T14:36:06.727-0700][1251][info ][safepoint   ] Safepoint "ICBufferFull", Time since last: 1860694 ns, Reaching safepoint: 1064934 ns, Cleanup: 4877 ns, At safepoint: 563990 ns, Total: 1633801 ns
[2025-10-15T14:36:06.732-0700][1251][info ][safepoint   ] Safepoint "ICBufferFull", Time since last: 3867437 ns, Reaching safepoint: 905734 ns, Cleanup: 3896 ns, At safepoint: 502758 ns, Total: 1412388 ns
[2025-10-15T14:36:06.737-0700][1251][info ][safepoint   ] Safepoint "ICBufferFull", Time since last: 2802953 ns, Reaching safepoint: 1068279 ns, Cleanup: 4927 ns, At safepoint: 530039 ns, Total: 1603245 ns
[2025-10-15T14:36:06.760-0700][1251][info ][safepoint   ] Safepoint "ICBufferFull", Time since last: 21407943 ns, Reaching safepoint: 1079487 ns, Cleanup: 13370 ns, At safepoint: 412521 ns, Total: 1505378 ns
[2025-10-15T14:36:06.768-0700][1251][info ][safepoint   ] Safepoint "ICBufferFull", Time since last: 6152209 ns, Reaching safepoint: 1257224 ns, Cleanup: 23325 ns, At safepoint: 856180 ns, Total: 2136729 ns
[2025-10-15T14:36:06.775-0700][1251][info ][safepoint   ] Safepoint "ICBufferFull", Time since last: 5530332 ns, Reaching safepoint: 1063603 ns, Cleanup: 10566 ns, At safepoint: 405450 ns, Total: 1479619 ns
[2025-10-15T14:36:06.783-0700][1251][info ][safepoint   ] Safepoint "ICBufferFull", Time since last: 6466463 ns, Reaching safepoint: 1227569 ns, Cleanup: 13681 ns, At safepoint: 422737 ns, Total: 1663987 ns
[2025-10-15T14:36:06.788-0700][1251][info ][safepoint   ] Safepoint "ICBufferFull", Time since last: 3096755 ns, Reaching safepoint: 813696 ns, Cleanup: 3646 ns, At safepoint: 435856 ns, Total: 1253198 ns
[2025-10-15T14:36:06.790-0700][1251][info ][safepoint   ] Safepoint "ICBufferFull", Time since last: 1518919 ns, Reaching safepoint: 686254 ns, Cleanup: 3255 ns, At safepoint: 381735 ns, Total: 1071244 ns
[2025-10-15T14:36:06.797-0700][1251][info ][safepoint   ] Safepoint "ICBufferFull", Time since last: 5401357 ns, Reaching safepoint: 951233 ns, Cleanup: 4407 ns, At safepoint: 419482 ns, Total: 1375122 ns
[2025-10-15T14:36:06.801-0700][1251][info ][safepoint   ] Safepoint "ICBufferFull", Time since last: 2680118 ns, Reaching safepoint: 851443 ns, Cleanup: 3976 ns, At safepoint: 411480 ns, Total: 1266899 ns
[2025-10-15T14:36:06.806-0700][1251][info ][safepoint   ] Safepoint "ICBufferFull", Time since last: 3396296 ns, Reaching safepoint: 854878 ns, Cleanup: 3746 ns, At safepoint: 466132 ns, Total: 1324756 ns
[2025-10-15T14:36:06.815-0700][1251][info ][safepoint   ] Safepoint "ICBufferFull", Time since last: 7662725 ns, Reaching safepoint: 1042050 ns, Cleanup: 4016 ns, At safepoint: 461716 ns, Total: 1507782 ns
[2025-10-15T14:36:06.824-0700][1251][info ][safepoint   ] Safepoint "ICBufferFull", Time since last: 7500249 ns, Reaching safepoint: 979436 ns, Cleanup: 4597 ns, At safepoint: 474174 ns, Total: 1458207 ns
[2025-10-15T14:36:06.836-0700][1251][info ][safepoint   ] Safepoint "ICBufferFull", Time since last: 10680902 ns, Reaching safepoint: 1027608 ns, Cleanup: 9925 ns, At safepoint: 415066 ns, Total: 1452599 ns
[2025-10-15T14:36:06.841-0700][1251][info ][safepoint   ] Safepoint "ICBufferFull", Time since last: 3424048 ns, Reaching safepoint: 944133 ns, Cleanup: 27601 ns, At safepoint: 445031 ns, Total: 1416765 ns
[2025-10-15T14:36:06.843-0700][1251][info ][safepoint   ] Safepoint "ICBufferFull", Time since last: 423408 ns, Reaching safepoint: 1054408 ns, Cleanup: 3455 ns, At safepoint: 438521 ns, Total: 1496384 ns
[2025-10-15T14:36:06.857-0700][1251][info ][safepoint   ] Safepoint "ICBufferFull", Time since last: 3658913 ns, Reaching safepoint: 919154 ns, Cleanup: 10416 ns, At safepoint: 9633173 ns, Total: 10562743 ns
[2025-10-15T14:36:06.865-0700][1251][info ][safepoint   ] Safepoint "ICBufferFull", Time since last: 7074178 ns, Reaching safepoint: 1014669 ns, Cleanup: 17166 ns, At safepoint: 475316 ns, Total: 1507151 ns
[2025-10-15T14:36:06.877-0700][1251][info ][safepoint   ] Safepoint "ICBufferFull", Time since last: 10829836 ns, Reaching safepoint: 902770 ns, Cleanup: 4237 ns, At safepoint: 327673 ns, Total: 1234680 ns
[2025-10-15T14:36:06.884-0700][1251][info ][safepoint   ] Safepoint "ICBufferFull", Time since last: 3772073 ns, Reaching safepoint: 2323661 ns, Cleanup: 3676 ns, At safepoint: 335996 ns, Total: 2663333 ns
[2025-10-15T14:36:06.888-0700][1251][info ][safepoint   ] Safepoint "ICBufferFull", Time since last: 3077036 ns, Reaching safepoint: 986796 ns, Cleanup: 4587 ns, At safepoint: 423018 ns, Total: 1414401 ns
[2025-10-15T14:36:06.894-0700][1251][info ][safepoint   ] Safepoint "ICBufferFull", Time since last: 3863671 ns, Reaching safepoint: 865584 ns, Cleanup: 11717 ns, At safepoint: 392692 ns, Total: 1269993 ns
[2025-10-15T14:36:06.898-0700][1251][info ][safepoint   ] Safepoint "ICBufferFull", Time since last: 3055674 ns, Reaching safepoint: 844262 ns, Cleanup: 3986 ns, At safepoint: 390608 ns, Total: 1238856 ns
[2025-10-15T14:36:06.900-0700][1251][info ][safepoint   ] Safepoint "ICBufferFull", Time since last: 1121390 ns, Reaching safepoint: 699343 ns, Cleanup: 3215 ns, At safepoint: 358490 ns, Total: 1061048 ns
[2025-10-15T14:36:06.903-0700][1251][info ][safepoint   ] Safepoint "ICBufferFull", Time since last: 1896928 ns, Reaching safepoint: 785824 ns, Cleanup: 3575 ns, At safepoint: 399642 ns, Total: 1189041 ns
[2025-10-15T14:36:06.904-0700][1251][info ][safepoint   ] Safepoint "ICBufferFull", Time since last: 488567 ns, Reaching safepoint: 557750 ns, Cleanup: 2844 ns, At safepoint: 343468 ns, Total: 904062 ns
[2025-10-15T14:36:06.910-0700][1251][info ][safepoint   ] Safepoint "ICBufferFull", Time since last: 3749919 ns, Reaching safepoint: 849680 ns, Cleanup: 15544 ns, At safepoint: 393022 ns, Total: 1258246 ns
[2025-10-15T14:36:06.911-0700][1251][info ][safepoint   ] Safepoint "ICBufferFull", Time since last: 766485 ns, Reaching safepoint: 630840 ns, Cleanup: 3015 ns, At safepoint: 304629 ns, Total: 938484 ns
[2025-10-15T14:36:06.913-0700][1251][info ][safepoint   ] Safepoint "ICBufferFull", Time since last: 1024603 ns, Reaching safepoint: 898153 ns, Cleanup: 10797 ns, At safepoint: 320042 ns, Total: 1228992 ns
[2025-10-15T14:36:06.918-0700][1251][info ][safepoint   ] Safepoint "ICBufferFull", Time since last: 3807316 ns, Reaching safepoint: 822339 ns, Cleanup: 12338 ns, At safepoint: 347895 ns, Total: 1182572 ns
[2025-10-15T14:36:06.922-0700][1251][info ][safepoint   ] Safepoint "ICBufferFull", Time since last: 2730744 ns, Reaching safepoint: 776159 ns, Cleanup: 3886 ns, At safepoint: 315756 ns, Total: 1095801 ns
[2025-10-15T14:36:06.924-0700][1251][info ][safepoint   ] Safepoint "ICBufferFull", Time since last: 644441 ns, Reaching safepoint: 1061849 ns, Cleanup: 9865 ns, At safepoint: 387784 ns, Total: 1459498 ns
[2025-10-15T14:36:06.927-0700][1251][info ][safepoint   ] Safepoint "ICBufferFull", Time since last: 1330194 ns, Reaching safepoint: 891574 ns, Cleanup: 3705 ns, At safepoint: 326863 ns, Total: 1222142 ns
[2025-10-15T14:36:06.930-0700][1251][info ][safepoint   ] Safepoint "ICBufferFull", Time since last: 1883848 ns, Reaching safepoint: 790491 ns, Cleanup: 3555 ns, At safepoint: 397279 ns, Total: 1191325 ns
[2025-10-15T14:36:06.935-0700][1251][info ][safepoint   ] Safepoint "ICBufferFull", Time since last: 3236556 ns, Reaching safepoint: 888949 ns, Cleanup: 4517 ns, At safepoint: 441726 ns, Total: 1335192 ns
[2025-10-15T14:36:06.940-0700][1251][info ][safepoint   ] Safepoint "ICBufferFull", Time since last: 3666754 ns, Reaching safepoint: 1053086 ns, Cleanup: 4157 ns, At safepoint: 415566 ns, Total: 1472809 ns
[2025-10-15T14:36:06.942-0700][1251][info ][safepoint   ] Safepoint "ICBufferFull", Time since last: 570269 ns, Reaching safepoint: 863992 ns, Cleanup: 3545 ns, At safepoint: 400784 ns, Total: 1268321 ns
[2025-10-15T14:36:06.943-0700][1251][info ][safepoint   ] Safepoint "ICBufferFull", Time since last: 160281 ns, Reaching safepoint: 687807 ns, Cleanup: 2333 ns, At safepoint: 362757 ns, Total: 1052897 ns
[2025-10-15T14:36:06.952-0700][1251][info ][safepoint   ] Safepoint "ICBufferFull", Time since last: 7727482 ns, Reaching safepoint: 924392 ns, Cleanup: 9224 ns, At safepoint: 364590 ns, Total: 1298206 ns
[2025-10-15T14:36:06.958-0700][1251][info ][safepoint   ] Safepoint "ICBufferFull", Time since last: 4481511 ns, Reaching safepoint: 902500 ns, Cleanup: 4817 ns, At safepoint: 495497 ns, Total: 1402814 ns
[2025-10-15T14:36:06.967-0700][1251][info ][safepoint   ] Safepoint "ICBufferFull", Time since last: 7612910 ns, Reaching safepoint: 1031564 ns, Cleanup: 11377 ns, At safepoint: 410428 ns, Total: 1453369 ns
[2025-10-15T14:36:06.972-0700][1251][info ][safepoint   ] Safepoint "ICBufferFull", Time since last: 3498331 ns, Reaching safepoint: 862730 ns, Cleanup: 9304 ns, At safepoint: 393332 ns, Total: 1265366 ns
[2025-10-15T14:36:06.974-0700][1251][info ][safepoint   ] Safepoint "ICBufferFull", Time since last: 1533320 ns, Reaching safepoint: 743090 ns, Cleanup: 4086 ns, At safepoint: 354424 ns, Total: 1101600 ns
[2025-10-15T14:36:06.975-0700][1251][info ][safepoint   ] Safepoint "ICBufferFull", Time since last: 157056 ns, Reaching safepoint: 464791 ns, Cleanup: 2293 ns, At safepoint: 321234 ns, Total: 788318 ns
[2025-10-15T14:36:06.989-0700][1251][info ][safepoint   ] Safepoint "ICBufferFull", Time since last: 12163686 ns, Reaching safepoint: 941709 ns, Cleanup: 4466 ns, At safepoint: 452843 ns, Total: 1399018 ns
[2025-10-15T14:36:06.990-0700][1251][info ][safepoint   ] Safepoint "ICBufferFull", Time since last: 372621 ns, Reaching safepoint: 632723 ns, Cleanup: 3185 ns, At safepoint: 350729 ns, Total: 986637 ns
[2025-10-15T14:36:07.002-0700][1251][info ][safepoint   ] Safepoint "ICBufferFull", Time since last: 9497789 ns, Reaching safepoint: 1576325 ns, Cleanup: 5318 ns, At safepoint: 446142 ns, Total: 2027785 ns
[2025-10-15T14:36:07.012-0700][1251][info ][safepoint   ] Safepoint "ICBufferFull", Time since last: 3720535 ns, Reaching safepoint: 4980103 ns, Cleanup: 11788 ns, At safepoint: 1570676 ns, Total: 6562567 ns
[2025-10-15T14:36:07.023-0700][1251][info ][safepoint   ] Safepoint "ICBufferFull", Time since last: 3439743 ns, Reaching safepoint: 4020377 ns, Cleanup: 11687 ns, At safepoint: 3951534 ns, Total: 7983598 ns
[2025-10-15T14:36:07.028-0700][1251][info ][safepoint   ] Safepoint "ICBufferFull", Time since last: 140622 ns, Reaching safepoint: 4067047 ns, Cleanup: 14392 ns, At safepoint: 418580 ns, Total: 4500019 ns
[2025-10-15T14:36:07.037-0700][1251][info ][safepoint   ] Safepoint "ICBufferFull", Time since last: 5388769 ns, Reaching safepoint: 3523909 ns, Cleanup: 4898 ns, At safepoint: 385030 ns, Total: 3913837 ns
[2025-10-15T14:36:07.046-0700][1251][info ][safepoint   ] Safepoint "ICBufferFull", Time since last: 7252646 ns, Reaching safepoint: 1127709 ns, Cleanup: 12980 ns, At safepoint: 372521 ns, Total: 1513210 ns
[2025-10-15T14:36:07.051-0700][1251][info ][safepoint   ] Safepoint "ICBufferFull", Time since last: 3292621 ns, Reaching safepoint: 907707 ns, Cleanup: 4137 ns, At safepoint: 415796 ns, Total: 1327640 ns
[2025-10-15T14:36:07.056-0700][1251][info ][safepoint   ] Safepoint "ICBufferFull", Time since last: 3401575 ns, Reaching safepoint: 1551928 ns, Cleanup: 16415 ns, At safepoint: 388906 ns, Total: 1957249 ns
[2025-10-15T14:36:07.061-0700][1251][info ][safepoint   ] Safepoint "ICBufferFull", Time since last: 3190647 ns, Reaching safepoint: 1134859 ns, Cleanup: 11948 ns, At safepoint: 403889 ns, Total: 1550696 ns
[2025-10-15T14:36:07.393-0700][1251][info ][gc,start    ] GC(40) Pause Young (Normal) (G1 Evacuation Pause)
[2025-10-15T14:36:07.393-0700][1251][info ][gc,task     ] GC(40) Using 113 workers of 113 for evacuation
[2025-10-15T14:36:07.404-0700][1251][debug][gc,remset   ] GC(40) Visited cards 19884800 Total dirty 37552128 (52.95%) Total old 76546048 (25.98%)
[2025-10-15T14:36:07.526-0700][1251][info ][gc,phases   ] GC(40)   Pre Evacuate Collection Set: 0.7ms
[2025-10-15T14:36:07.526-0700][1251][info ][gc,phases   ] GC(40)   Merge Heap Roots: 10.4ms
[2025-10-15T14:36:07.526-0700][1251][info ][gc,phases   ] GC(40)   Evacuate Collection Set: 115.2ms
[2025-10-15T14:36:07.526-0700][1251][info ][gc,phases   ] GC(40)   Post Evacuate Collection Set: 7.2ms
[2025-10-15T14:36:07.526-0700][1251][info ][gc,phases   ] GC(40)   Other: 0.1ms
[2025-10-15T14:36:07.526-0700][1251][debug][gc,remset   ] GC(40) Coarsening (recent): Inline->AoC 42114 (62) AoC->Howl 480 (135) Howl->Full 0 (0) Inline->AoC 1976 (43) AoC->BitMap 291 (111) BitMap->Full 0 (0)
[2025-10-15T14:36:07.526-0700][1251][debug][gc,remset   ] GC(40) Coarsening (all): Inline->AoC 77341 (98) AoC->Howl 1337 (208) Howl->Full 0 (0) Inline->AoC 5044 (62) AoC->BitMap 873 (160) BitMap->Full 0 (0)
[2025-10-15T14:36:07.526-0700][1251][info ][gc,heap     ] GC(40) Eden regions: 252->0(252)
[2025-10-15T14:36:07.526-0700][1251][info ][gc,heap     ] GC(40) Survivor regions: 36->36(36)
[2025-10-15T14:36:07.526-0700][1251][info ][gc,heap     ] GC(40) Old regions: 592->653
[2025-10-15T14:36:07.526-0700][1251][info ][gc,heap     ] GC(40) Humongous regions: 0->0
[2025-10-15T14:36:07.526-0700][1251][info ][gc,metaspace] GC(40) Metaspace: 279776K(284800K)->279776K(284800K) NonClass: 245757K(248640K)->245757K(248640K) Class: 34019K(36160K)->34019K(36160K)
[2025-10-15T14:36:07.527-0700][1251][info ][gc          ] GC(40) Pause Young (Normal) (G1 Evacuation Pause) 28145M->22029M(184320M) 133.878ms
[2025-10-15T14:36:07.528-0700][1251][info ][gc,cpu      ] GC(40) User=8.30s Sys=0.05s Real=0.13s
[2025-10-15T14:36:07.529-0700][1251][info ][safepoint   ] Safepoint "G1CollectForAllocation", Time since last: 329632623 ns, Reaching safepoint: 950282 ns, Cleanup: 110426 ns, At safepoint: 137225353 ns, Total: 138286061 ns
[2025-10-15T14:36:08.157-0700][1251][info ][gc,start    ] GC(41) Pause Young (Normal) (G1 Evacuation Pause)
[2025-10-15T14:36:08.157-0700][1251][info ][gc,task     ] GC(41) Using 113 workers of 113 for evacuation
[2025-10-15T14:36:08.169-0700][1251][debug][gc,remset   ] GC(41) Visited cards 22316800 Total dirty 41091072 (54.31%) Total old 80543744 (27.71%)
[2025-10-15T14:36:08.289-0700][1251][info ][gc,phases   ] GC(41)   Pre Evacuate Collection Set: 0.7ms
[2025-10-15T14:36:08.289-0700][1251][info ][gc,phases   ] GC(41)   Merge Heap Roots: 10.6ms
[2025-10-15T14:36:08.289-0700][1251][info ][gc,phases   ] GC(41)   Evacuate Collection Set: 112.5ms
[2025-10-15T14:36:08.289-0700][1251][info ][gc,phases   ] GC(41)   Post Evacuate Collection Set: 8.0ms
[2025-10-15T14:36:08.289-0700][1251][info ][gc,phases   ] GC(41)   Other: 0.1ms
[2025-10-15T14:36:08.289-0700][1251][debug][gc,remset   ] GC(41) Coarsening (recent): Inline->AoC 23925 (60) AoC->Howl 437 (154) Howl->Full 0 (0) Inline->AoC 1399 (39) AoC->BitMap 257 (72) BitMap->Full 0 (0)
[2025-10-15T14:36:08.289-0700][1251][debug][gc,remset   ] GC(41) Coarsening (all): Inline->AoC 101266 (158) AoC->Howl 1774 (362) Howl->Full 0 (0) Inline->AoC 6443 (101) AoC->BitMap 1130 (232) BitMap->Full 0 (0)
[2025-10-15T14:36:08.289-0700][1251][info ][gc,heap     ] GC(41) Eden regions: 252->0(252)
[2025-10-15T14:36:08.289-0700][1251][info ][gc,heap     ] GC(41) Survivor regions: 36->36(36)
[2025-10-15T14:36:08.289-0700][1251][info ][gc,heap     ] GC(41) Old regions: 653->689
[2025-10-15T14:36:08.289-0700][1251][info ][gc,heap     ] GC(41) Humongous regions: 0->0
[2025-10-15T14:36:08.289-0700][1251][info ][gc,metaspace] GC(41) Metaspace: 280130K(285312K)->280130K(285312K) NonClass: 246056K(249024K)->246056K(249024K) Class: 34074K(36288K)->34074K(36288K)
[2025-10-15T14:36:08.289-0700][1251][info ][gc          ] GC(41) Pause Young (Normal) (G1 Evacuation Pause) 30093M->23184M(184320M) 132.093ms
[2025-10-15T14:36:08.291-0700][1251][info ][gc,cpu      ] GC(41) User=7.24s Sys=0.15s Real=0.14s
[2025-10-15T14:36:08.292-0700][1251][info ][safepoint   ] Safepoint "G1CollectForAllocation", Time since last: 626423777 ns, Reaching safepoint: 935690 ns, Cleanup: 152319 ns, At safepoint: 135695709 ns, Total: 136783718 ns
[2025-10-15T14:36:08.983-0700][1251][info ][gc,start    ] GC(42) Pause Young (Normal) (G1 Evacuation Pause)
[2025-10-15T14:36:08.983-0700][1251][info ][gc,task     ] GC(42) Using 113 workers of 113 for evacuation
[2025-10-15T14:36:08.995-0700][1251][debug][gc,remset   ] GC(42) Visited cards 23334912 Total dirty 43384832 (53.79%) Total old 82903040 (28.15%)
[2025-10-15T14:36:09.094-0700][1251][info ][gc,phases   ] GC(42)   Pre Evacuate Collection Set: 0.7ms
[2025-10-15T14:36:09.094-0700][1251][info ][gc,phases   ] GC(42)   Merge Heap Roots: 10.7ms
[2025-10-15T14:36:09.094-0700][1251][info ][gc,phases   ] GC(42)   Evacuate Collection Set: 90.8ms
[2025-10-15T14:36:09.094-0700][1251][info ][gc,phases   ] GC(42)   Post Evacuate Collection Set: 8.1ms
[2025-10-15T14:36:09.094-0700][1251][info ][gc,phases   ] GC(42)   Other: 0.1ms
[2025-10-15T14:36:09.094-0700][1251][debug][gc,remset   ] GC(42) Coarsening (recent): Inline->AoC 37534 (99) AoC->Howl 782 (247) Howl->Full 0 (0) Inline->AoC 2718 (51) AoC->BitMap 312 (96) BitMap->Full 0 (0)
[2025-10-15T14:36:09.094-0700][1251][debug][gc,remset   ] GC(42) Coarsening (all): Inline->AoC 138800 (257) AoC->Howl 2556 (609) Howl->Full 0 (0) Inline->AoC 9161 (152) AoC->BitMap 1442 (328) BitMap->Full 0 (0)
[2025-10-15T14:36:09.094-0700][1251][info ][gc,heap     ] GC(42) Eden regions: 252->0(252)
[2025-10-15T14:36:09.094-0700][1251][info ][gc,heap     ] GC(42) Survivor regions: 36->36(36)
[2025-10-15T14:36:09.094-0700][1251][info ][gc,heap     ] GC(42) Old regions: 689->712
[2025-10-15T14:36:09.094-0700][1251][info ][gc,heap     ] GC(42) Humongous regions: 0->0
[2025-10-15T14:36:09.094-0700][1251][info ][gc,metaspace] GC(42) Metaspace: 280324K(285568K)->280324K(285568K) NonClass: 246242K(249280K)->246242K(249280K) Class: 34081K(36288K)->34081K(36288K)
[2025-10-15T14:36:09.094-0700][1251][info ][gc          ] GC(42) Pause Young (Normal) (G1 Evacuation Pause) 31248M->23933M(184320M) 110.688ms
[2025-10-15T14:36:09.095-0700][1251][info ][gc,cpu      ] GC(42) User=6.79s Sys=0.07s Real=0.11s
[2025-10-15T14:36:09.096-0700][1251][info ][safepoint   ] Safepoint "G1CollectForAllocation", Time since last: 689037220 ns, Reaching safepoint: 856130 ns, Cleanup: 146711 ns, At safepoint: 114229257 ns, Total: 115232098 ns
[2025-10-15T14:36:09.882-0700][1251][info ][safepoint   ] Safepoint "ICBufferFull", Time since last: 784159603 ns, Reaching safepoint: 866766 ns, Cleanup: 186561 ns, At safepoint: 234353 ns, Total: 1287680 ns
[2025-10-15T14:36:09.883-0700][1251][info ][safepoint   ] Safepoint "ICBufferFull", Time since last: 386392 ns, Reaching safepoint: 949901 ns, Cleanup: 12900 ns, At safepoint: 347203 ns, Total: 1310004 ns
[2025-10-15T14:36:09.886-0700][1251][info ][safepoint   ] Safepoint "ICBufferFull", Time since last: 1129863 ns, Reaching safepoint: 1778089 ns, Cleanup: 33941 ns, At safepoint: 295004 ns, Total: 2107034 ns
[2025-10-15T14:36:09.889-0700][1251][info ][safepoint   ] Safepoint "ICBufferFull", Time since last: 365571 ns, Reaching safepoint: 1700422 ns, Cleanup: 10085 ns, At safepoint: 414715 ns, Total: 2125222 ns
[2025-10-15T14:36:09.891-0700][1251][info ][safepoint   ] Safepoint "ICBufferFull", Time since last: 581136 ns, Reaching safepoint: 1409333 ns, Cleanup: 4317 ns, At safepoint: 366783 ns, Total: 1780433 ns
[2025-10-15T14:36:09.893-0700][1251][info ][safepoint   ] Safepoint "ICBufferFull", Time since last: 412421 ns, Reaching safepoint: 1198576 ns, Cleanup: 3335 ns, At safepoint: 317068 ns, Total: 1518979 ns
[2025-10-15T14:36:09.896-0700][1251][info ][safepoint   ] Safepoint "ICBufferFull", Time since last: 504710 ns, Reaching safepoint: 1554462 ns, Cleanup: 4938 ns, At safepoint: 348395 ns, Total: 1907795 ns
[2025-10-15T14:36:09.898-0700][1251][info ][safepoint   ] Safepoint "ICBufferFull", Time since last: 569938 ns, Reaching safepoint: 1850609 ns, Cleanup: 4467 ns, At safepoint: 395065 ns, Total: 2250141 ns
[2025-10-15T14:36:09.903-0700][1251][info ][safepoint   ] Safepoint "ICBufferFull", Time since last: 2253035 ns, Reaching safepoint: 1573551 ns, Cleanup: 15222 ns, At safepoint: 620996 ns, Total: 2209769 ns
[2025-10-15T14:36:09.908-0700][1251][info ][safepoint   ] Safepoint "ICBufferFull", Time since last: 1970619 ns, Reaching safepoint: 2051001 ns, Cleanup: 5147 ns, At safepoint: 626404 ns, Total: 2682552 ns
[2025-10-15T14:36:09.911-0700][1251][info ][safepoint   ] Safepoint "ICBufferFull", Time since last: 1722295 ns, Reaching safepoint: 1272998 ns, Cleanup: 4517 ns, At safepoint: 763190 ns, Total: 2040705 ns
[2025-10-15T14:36:09.925-0700][1251][info ][safepoint   ] Safepoint "ICBufferFull", Time since last: 4149552 ns, Reaching safepoint: 9199241 ns, Cleanup: 28664 ns, At safepoint: 702538 ns, Total: 9930443 ns
[2025-10-15T14:36:09.931-0700][1251][info ][safepoint   ] Safepoint "ICBufferFull", Time since last: 3946156 ns, Reaching safepoint: 1505729 ns, Cleanup: 9895 ns, At safepoint: 408966 ns, Total: 1924590 ns
[2025-10-15T14:36:09.934-0700][1251][info ][safepoint   ] Safepoint "ICBufferFull", Time since last: 530649 ns, Reaching safepoint: 1567302 ns, Cleanup: 4787 ns, At safepoint: 328866 ns, Total: 1900955 ns
[2025-10-15T14:36:09.936-0700][1251][info ][safepoint   ] Safepoint "ICBufferFull", Time since last: 602127 ns, Reaching safepoint: 1127629 ns, Cleanup: 3615 ns, At safepoint: 352461 ns, Total: 1483705 ns
[2025-10-15T14:36:09.938-0700][1251][info ][safepoint   ] Safepoint "ICBufferFull", Time since last: 854508 ns, Reaching safepoint: 1297305 ns, Cleanup: 4677 ns, At safepoint: 296807 ns, Total: 1598789 ns
[2025-10-15T14:36:09.941-0700][1251][info ][safepoint   ] Safepoint "ICBufferFull", Time since last: 1309172 ns, Reaching safepoint: 1162933 ns, Cleanup: 3996 ns, At safepoint: 274513 ns, Total: 1441442 ns
[2025-10-15T14:36:09.944-0700][1251][info ][safepoint   ] Safepoint "ICBufferFull", Time since last: 1665169 ns, Reaching safepoint: 959446 ns, Cleanup: 10726 ns, At safepoint: 273122 ns, Total: 1243294 ns
[2025-10-15T14:36:09.946-0700][1251][info ][safepoint   ] Safepoint "ICBufferFull", Time since last: 220953 ns, Reaching safepoint: 1032595 ns, Cleanup: 3115 ns, At safepoint: 361275 ns, Total: 1396985 ns
[2025-10-15T14:36:09.967-0700][1251][info ][safepoint   ] Safepoint "ICBufferFull", Time since last: 19396635 ns, Reaching safepoint: 1484727 ns, Cleanup: 39029 ns, At safepoint: 352301 ns, Total: 1876057 ns
[2025-10-15T14:36:09.968-0700][1251][info ][safepoint   ] Safepoint "ICBufferFull", Time since last: 613735 ns, Reaching safepoint: 607295 ns, Cleanup: 3505 ns, At safepoint: 419642 ns, Total: 1030442 ns
[2025-10-15T14:36:09.971-0700][1251][info ][safepoint   ] Safepoint "ICBufferFull", Time since last: 1245377 ns, Reaching safepoint: 1127529 ns, Cleanup: 4637 ns, At safepoint: 502086 ns, Total: 1634252 ns
[2025-10-15T14:36:09.975-0700][1251][info ][safepoint   ] Safepoint "ICBufferFull", Time since last: 1049451 ns, Reaching safepoint: 2297342 ns, Cleanup: 11577 ns, At safepoint: 354735 ns, Total: 2663654 ns
[2025-10-15T14:36:09.976-0700][1251][info ][safepoint   ] Safepoint "ICBufferFull", Time since last: 460834 ns, Reaching safepoint: 497300 ns, Cleanup: 6870 ns, At safepoint: 373373 ns, Total: 877543 ns
[2025-10-15T14:36:09.979-0700][1251][info ][safepoint   ] Safepoint "ICBufferFull", Time since last: 753725 ns, Reaching safepoint: 1048250 ns, Cleanup: 9133 ns, At safepoint: 494636 ns, Total: 1552019 ns
[2025-10-15T14:36:09.981-0700][1251][info ][safepoint   ] Safepoint "ICBufferFull", Time since last: 1249442 ns, Reaching safepoint: 861238 ns, Cleanup: 3886 ns, At safepoint: 391620 ns, Total: 1256744 ns
[2025-10-15T14:36:09.984-0700][1251][info ][safepoint   ] Safepoint "ICBufferFull", Time since last: 1454712 ns, Reaching safepoint: 863060 ns, Cleanup: 4126 ns, At safepoint: 222626 ns, Total: 1089812 ns
[2025-10-15T14:36:09.986-0700][1251][info ][safepoint   ] Safepoint "ICBufferFull", Time since last: 104257 ns, Reaching safepoint: 1527962 ns, Cleanup: 3586 ns, At safepoint: 131418 ns, Total: 1662966 ns
[2025-10-15T14:36:09.986-0700][1251][info ][safepoint   ] Safepoint "ICBufferFull", Time since last: 88873 ns, Reaching safepoint: 354505 ns, Cleanup: 1412 ns, At safepoint: 129535 ns, Total: 485452 ns
[2025-10-15T14:36:09.987-0700][1251][info ][safepoint   ] Safepoint "ICBufferFull", Time since last: 71978 ns, Reaching safepoint: 296818 ns, Cleanup: 1282 ns, At safepoint: 112149 ns, Total: 410249 ns
[2025-10-15T14:36:09.987-0700][1251][info ][safepoint   ] Safepoint "ICBufferFull", Time since last: 45959 ns, Reaching safepoint: 566053 ns, Cleanup: 921 ns, At safepoint: 119851 ns, Total: 686825 ns
[2025-10-15T14:36:09.988-0700][1251][info ][safepoint   ] Safepoint "ICBufferFull", Time since last: 38998 ns, Reaching safepoint: 857553 ns, Cleanup: 1131 ns, At safepoint: 124027 ns, Total: 982711 ns
[2025-10-15T14:36:09.989-0700][1251][info ][safepoint   ] Safepoint "ICBufferFull", Time since last: 38718 ns, Reaching safepoint: 359632 ns, Cleanup: 822 ns, At safepoint: 102344 ns, Total: 462798 ns
[2025-10-15T14:36:09.990-0700][1251][info ][safepoint   ] Safepoint "ICBufferFull", Time since last: 41803 ns, Reaching safepoint: 867176 ns, Cleanup: 802 ns, At safepoint: 115043 ns, Total: 983021 ns
[2025-10-15T14:36:09.991-0700][1251][info ][safepoint   ] Safepoint "ICBufferFull", Time since last: 38778 ns, Reaching safepoint: 939316 ns, Cleanup: 721 ns, At safepoint: 106670 ns, Total: 1046707 ns
[2025-10-15T14:36:09.992-0700][1251][info ][safepoint   ] Safepoint "ICBufferFull", Time since last: 32720 ns, Reaching safepoint: 512131 ns, Cleanup: 601 ns, At safepoint: 95454 ns, Total: 608186 ns
[2025-10-15T14:36:09.992-0700][1251][info ][safepoint   ] Safepoint "ICBufferFull", Time since last: 27261 ns, Reaching safepoint: 416307 ns, Cleanup: 732 ns, At safepoint: 97547 ns, Total: 514586 ns
[2025-10-15T14:36:09.993-0700][1251][info ][safepoint   ] Safepoint "ICBufferFull", Time since last: 26520 ns, Reaching safepoint: 605382 ns, Cleanup: 581 ns, At safepoint: 94752 ns, Total: 700715 ns
[2025-10-15T14:36:09.993-0700][1251][info ][safepoint   ] Safepoint "ICBufferFull", Time since last: 33791 ns, Reaching safepoint: 288174 ns, Cleanup: 782 ns, At safepoint: 97617 ns, Total: 386573 ns
[2025-10-15T14:36:09.994-0700][1251][info ][safepoint   ] Safepoint "ICBufferFull", Time since last: 24346 ns, Reaching safepoint: 538061 ns, Cleanup: 651 ns, At safepoint: 101663 ns, Total: 640375 ns
[2025-10-15T14:36:09.994-0700][1251][info ][safepoint   ] Safepoint "ICBufferFull", Time since last: 31398 ns, Reaching safepoint: 264027 ns, Cleanup: 491 ns, At safepoint: 90356 ns, Total: 354874 ns
[2025-10-15T14:36:09.995-0700][1251][info ][safepoint   ] Safepoint "ICBufferFull", Time since last: 21142 ns, Reaching safepoint: 290017 ns, Cleanup: 861 ns, At safepoint: 88975 ns, Total: 379853 ns
[2025-10-15T14:36:09.995-0700][1251][info ][safepoint   ] Safepoint "ICBufferFull", Time since last: 27351 ns, Reaching safepoint: 224859 ns, Cleanup: 1281 ns, At safepoint: 87362 ns, Total: 313502 ns
[2025-10-15T14:36:09.996-0700][1251][info ][safepoint   ] Safepoint "ICBufferFull", Time since last: 23926 ns, Reaching safepoint: 1328041 ns, Cleanup: 1542 ns, At safepoint: 79160 ns, Total: 1408743 ns
[2025-10-15T14:36:09.997-0700][1251][info ][safepoint   ] Safepoint "ICBufferFull", Time since last: 32038 ns, Reaching safepoint: 224368 ns, Cleanup: 1052 ns, At safepoint: 83305 ns, Total: 308725 ns
[2025-10-15T14:36:09.997-0700][1251][info ][safepoint   ] Safepoint "ICBufferFull", Time since last: 18899 ns, Reaching safepoint: 285540 ns, Cleanup: 541 ns, At safepoint: 92088 ns, Total: 378169 ns
[2025-10-15T14:36:09.998-0700][1251][info ][safepoint   ] Safepoint "ICBufferFull", Time since last: 25499 ns, Reaching safepoint: 229926 ns, Cleanup: 1052 ns, At safepoint: 89545 ns, Total: 320523 ns
[2025-10-15T14:36:09.999-0700][1251][info ][gc,start    ] GC(43) Pause Young (Normal) (G1 Evacuation Pause)
[2025-10-15T14:36:09.999-0700][1251][info ][gc,task     ] GC(43) Using 113 workers of 113 for evacuation
[2025-10-15T14:36:10.011-0700][1251][debug][gc,remset   ] GC(43) Visited cards 22365440 Total dirty 44957696 (49.75%) Total old 88866816 (25.17%)
[2025-10-15T14:36:10.101-0700][1251][info ][gc,phases   ] GC(43)   Pre Evacuate Collection Set: 0.6ms
[2025-10-15T14:36:10.101-0700][1251][info ][gc,phases   ] GC(43)   Merge Heap Roots: 10.8ms
[2025-10-15T14:36:10.101-0700][1251][info ][gc,phases   ] GC(43)   Evacuate Collection Set: 82.8ms
[2025-10-15T14:36:10.101-0700][1251][info ][gc,phases   ] GC(43)   Post Evacuate Collection Set: 7.5ms
[2025-10-15T14:36:10.101-0700][1251][info ][gc,phases   ] GC(43)   Other: 0.1ms
[2025-10-15T14:36:10.101-0700][1251][debug][gc,remset   ] GC(43) Coarsening (recent): Inline->AoC 10925 (23) AoC->Howl 179 (38) Howl->Full 0 (0) Inline->AoC 766 (12) AoC->BitMap 34 (7) BitMap->Full 0 (0)
[2025-10-15T14:36:10.101-0700][1251][debug][gc,remset   ] GC(43) Coarsening (all): Inline->AoC 149725 (280) AoC->Howl 2735 (647) Howl->Full 0 (0) Inline->AoC 9927 (164) AoC->BitMap 1476 (335) BitMap->Full 0 (0)
[2025-10-15T14:36:10.101-0700][1251][info ][gc,heap     ] GC(43) Eden regions: 286->0(322)
[2025-10-15T14:36:10.101-0700][1251][info ][gc,heap     ] GC(43) Survivor regions: 36->41(41)
[2025-10-15T14:36:10.101-0700][1251][info ][gc,heap     ] GC(43) Old regions: 712->730
[2025-10-15T14:36:10.101-0700][1251][info ][gc,heap     ] GC(43) Humongous regions: 0->0
[2025-10-15T14:36:10.101-0700][1251][info ][gc,metaspace] GC(43) Metaspace: 281433K(286720K)->281433K(286720K) NonClass: 247226K(250304K)->247226K(250304K) Class: 34206K(36416K)->34206K(36416K)
[2025-10-15T14:36:10.101-0700][1251][info ][gc          ] GC(43) Pause Young (Normal) (G1 Evacuation Pause) 33085M->24655M(184320M) 101.947ms
[2025-10-15T14:36:10.102-0700][1251][info ][gc,cpu      ] GC(43) User=6.64s Sys=0.06s Real=0.10s
[2025-10-15T14:36:10.103-0700][1251][info ][safepoint   ] Safepoint "G1CollectForAllocation", Time since last: 22093 ns, Reaching safepoint: 284749 ns, Cleanup: 942 ns, At safepoint: 105303565 ns, Total: 105589256 ns
[2025-10-15T14:36:10.109-0700][1251][info ][safepoint   ] Safepoint "ICBufferFull", Time since last: 3471891 ns, Reaching safepoint: 1658469 ns, Cleanup: 9354 ns, At safepoint: 437219 ns, Total: 2105042 ns
[2025-10-15T14:36:10.111-0700][1251][info ][safepoint   ] Safepoint "ICBufferFull", Time since last: 1208040 ns, Reaching safepoint: 594887 ns, Cleanup: 3335 ns, At safepoint: 621136 ns, Total: 1219358 ns
[2025-10-15T14:36:11.113-0700][1251][info ][safepoint   ] Safepoint "Cleanup", Time since last: 1000052393 ns, Reaching safepoint: 742699 ns, Cleanup: 164347 ns, At safepoint: 368976 ns, Total: 1276022 ns
[2025-10-15T14:36:11.988-0700][1251][info ][safepoint   ] Safepoint "ICBufferFull", Time since last: 874552467 ns, Reaching safepoint: 742529 ns, Cleanup: 189565 ns, At safepoint: 127773 ns, Total: 1059867 ns
[2025-10-15T14:36:12.153-0700][1251][info ][gc,start    ] GC(44) Pause Young (Normal) (G1 Evacuation Pause)
[2025-10-15T14:36:12.153-0700][1251][info ][gc,task     ] GC(44) Using 113 workers of 113 for evacuation
[2025-10-15T14:36:12.164-0700][1251][debug][gc,remset   ] GC(44) Visited cards 20311296 Total dirty 46465024 (43.71%) Total old 125042688 (16.24%)
[2025-10-15T14:36:12.253-0700][1251][info ][gc,phases   ] GC(44)   Pre Evacuate Collection Set: 0.7ms
[2025-10-15T14:36:12.253-0700][1251][info ][gc,phases   ] GC(44)   Merge Heap Roots: 10.4ms
[2025-10-15T14:36:12.253-0700][1251][info ][gc,phases   ] GC(44)   Evacuate Collection Set: 81.3ms
[2025-10-15T14:36:12.253-0700][1251][info ][gc,phases   ] GC(44)   Post Evacuate Collection Set: 7.2ms
[2025-10-15T14:36:12.253-0700][1251][info ][gc,phases   ] GC(44)   Other: 0.1ms
[2025-10-15T14:36:12.253-0700][1251][debug][gc,remset   ] GC(44) Coarsening (recent): Inline->AoC 1064 (1) AoC->Howl 4 (1) Howl->Full 0 (0) Inline->AoC 10 (0) AoC->BitMap 1 (0) BitMap->Full 0 (0)
[2025-10-15T14:36:12.253-0700][1251][debug][gc,remset   ] GC(44) Coarsening (all): Inline->AoC 150789 (281) AoC->Howl 2739 (648) Howl->Full 0 (0) Inline->AoC 9937 (164) AoC->BitMap 1477 (335) BitMap->Full 0 (0)
[2025-10-15T14:36:12.253-0700][1251][info ][gc,heap     ] GC(44) Eden regions: 548->0(614)
[2025-10-15T14:36:12.253-0700][1251][info ][gc,heap     ] GC(44) Survivor regions: 41->38(74)
[2025-10-15T14:36:12.253-0700][1251][info ][gc,heap     ] GC(44) Old regions: 730->745
[2025-10-15T14:36:12.253-0700][1251][info ][gc,heap     ] GC(44) Humongous regions: 0->0
[2025-10-15T14:36:12.253-0700][1251][info ][gc,metaspace] GC(44) Metaspace: 283982K(289152K)->283982K(289152K) NonClass: 249595K(252608K)->249595K(252608K) Class: 34386K(36544K)->34386K(36544K)
[2025-10-15T14:36:12.253-0700][1251][info ][gc          ] GC(44) Pause Young (Normal) (G1 Evacuation Pause) 42191M->25028M(184320M) 99.810ms
[2025-10-15T14:36:12.254-0700][1251][info ][gc,cpu      ] GC(44) User=5.86s Sys=0.07s Real=0.10s
[2025-10-15T14:36:12.255-0700][1251][info ][safepoint   ] Safepoint "G1CollectForAllocation", Time since last: 162931306 ns, Reaching safepoint: 817121 ns, Cleanup: 97978 ns, At safepoint: 103356361 ns, Total: 104271460 ns
[2025-10-15T14:36:12.584-0700][1251][info ][safepoint   ] Safepoint "ICBufferFull", Time since last: 326511199 ns, Reaching safepoint: 1675114 ns, Cleanup: 207102 ns, At safepoint: 349296 ns, Total: 2231512 ns
[2025-10-15T14:36:13.349-0700][1251][info ][safepoint   ] Safepoint "ICBufferFull", Time since last: 762627325 ns, Reaching safepoint: 1005174 ns, Cleanup: 169345 ns, At safepoint: 660185 ns, Total: 1834704 ns
[2025-10-15T14:36:13.439-0700][1251][info ][safepoint   ] Safepoint "ICBufferFull", Time since last: 85706898 ns, Reaching safepoint: 1035591 ns, Cleanup: 166430 ns, At safepoint: 3792224 ns, Total: 4994245 ns
[2025-10-15T14:36:13.446-0700][1251][info ][safepoint   ] Safepoint "ICBufferFull", Time since last: 4032526 ns, Reaching safepoint: 827708 ns, Cleanup: 34582 ns, At safepoint: 1464366 ns, Total: 2326656 ns
[2025-10-15T14:36:13.450-0700][1251][info ][safepoint   ] Safepoint "ICBufferFull", Time since last: 866466 ns, Reaching safepoint: 2880760 ns, Cleanup: 3776 ns, At safepoint: 561336 ns, Total: 3445872 ns
[2025-10-15T14:36:13.454-0700][1251][info ][safepoint   ] Safepoint "ICBufferFull", Time since last: 1800663 ns, Reaching safepoint: 1289353 ns, Cleanup: 21051 ns, At safepoint: 479873 ns, Total: 1790277 ns
[2025-10-15T14:36:13.456-0700][1251][info ][safepoint   ] Safepoint "ICBufferFull", Time since last: 1528153 ns, Reaching safepoint: 824082 ns, Cleanup: 7100 ns, At safepoint: 436228 ns, Total: 1267410 ns
[2025-10-15T14:36:13.462-0700][1251][info ][safepoint   ] Safepoint "ICBufferFull", Time since last: 3857772 ns, Reaching safepoint: 910943 ns, Cleanup: 18818 ns, At safepoint: 473564 ns, Total: 1403325 ns
[2025-10-15T14:36:13.471-0700][1251][info ][safepoint   ] Safepoint "ICBufferFull", Time since last: 1605819 ns, Reaching safepoint: 7032036 ns, Cleanup: 3876 ns, At safepoint: 698212 ns, Total: 7734124 ns
[2025-10-15T14:36:13.473-0700][1251][info ][safepoint   ] Safepoint "ICBufferFull", Time since last: 1119246 ns, Reaching safepoint: 814107 ns, Cleanup: 7150 ns, At safepoint: 489808 ns, Total: 1311065 ns
[2025-10-15T14:36:13.475-0700][1251][info ][safepoint   ] Safepoint "ICBufferFull", Time since last: 388015 ns, Reaching safepoint: 967788 ns, Cleanup: 3866 ns, At safepoint: 473894 ns, Total: 1445548 ns
[2025-10-15T14:36:13.479-0700][1251][info ][safepoint   ] Safepoint "ICBufferFull", Time since last: 2357542 ns, Reaching safepoint: 615748 ns, Cleanup: 6580 ns, At safepoint: 412471 ns, Total: 1034799 ns
[2025-10-15T14:36:13.480-0700][1251][info ][safepoint   ] Safepoint "ICBufferFull", Time since last: 724903 ns, Reaching safepoint: 608747 ns, Cleanup: 2544 ns, At safepoint: 278059 ns, Total: 889350 ns
[2025-10-15T14:36:13.485-0700][1251][info ][safepoint   ] Safepoint "ICBufferFull", Time since last: 3316827 ns, Reaching safepoint: 627486 ns, Cleanup: 20451 ns, At safepoint: 378360 ns, Total: 1026297 ns
[2025-10-15T14:36:13.486-0700][1251][info ][safepoint   ] Safepoint "ICBufferFull", Time since last: 447684 ns, Reaching safepoint: 530890 ns, Cleanup: 8613 ns, At safepoint: 488596 ns, Total: 1028099 ns
[2025-10-15T14:36:13.488-0700][1251][info ][safepoint   ] Safepoint "ICBufferFull", Time since last: 364550 ns, Reaching safepoint: 699684 ns, Cleanup: 5999 ns, At safepoint: 481335 ns, Total: 1187018 ns
[2025-10-15T14:36:13.489-0700][1251][info ][safepoint   ] Safepoint "ICBufferFull", Time since last: 536679 ns, Reaching safepoint: 425821 ns, Cleanup: 1463 ns, At safepoint: 328254 ns, Total: 755538 ns
[2025-10-15T14:36:13.490-0700][1251][info ][safepoint   ] Safepoint "ICBufferFull", Time since last: 315526 ns, Reaching safepoint: 374003 ns, Cleanup: 1603 ns, At safepoint: 361614 ns, Total: 737220 ns
[2025-10-15T14:36:13.491-0700][1251][info ][safepoint   ] Safepoint "ICBufferFull", Time since last: 444941 ns, Reaching safepoint: 399532 ns, Cleanup: 831 ns, At safepoint: 231409 ns, Total: 631772 ns
[2025-10-15T14:36:13.492-0700][1251][info ][safepoint   ] Safepoint "ICBufferFull", Time since last: 292340 ns, Reaching safepoint: 304789 ns, Cleanup: 1062 ns, At safepoint: 330959 ns, Total: 636810 ns
[2025-10-15T14:36:13.493-0700][1251][info ][safepoint   ] Safepoint "ICBufferFull", Time since last: 624401 ns, Reaching safepoint: 313211 ns, Cleanup: 1272 ns, At safepoint: 284058 ns, Total: 598541 ns
[2025-10-15T14:36:13.494-0700][1251][info ][safepoint   ] Safepoint "ICBufferFull", Time since last: 535938 ns, Reaching safepoint: 310328 ns, Cleanup: 911 ns, At safepoint: 285530 ns, Total: 596769 ns
[2025-10-15T14:36:13.496-0700][1251][info ][safepoint   ] Safepoint "ICBufferFull", Time since last: 655317 ns, Reaching safepoint: 568968 ns, Cleanup: 1712 ns, At safepoint: 390649 ns, Total: 961329 ns
[2025-10-15T14:36:13.498-0700][1251][info ][safepoint   ] Safepoint "ICBufferFull", Time since last: 839996 ns, Reaching safepoint: 1216583 ns, Cleanup: 4366 ns, At safepoint: 490620 ns, Total: 1711569 ns
[2025-10-15T14:36:13.500-0700][1251][info ][safepoint   ] Safepoint "ICBufferFull", Time since last: 282375 ns, Reaching safepoint: 701747 ns, Cleanup: 3065 ns, At safepoint: 457189 ns, Total: 1162001 ns
[2025-10-15T14:36:13.502-0700][1251][info ][safepoint   ] Safepoint "ICBufferFull", Time since last: 749910 ns, Reaching safepoint: 567315 ns, Cleanup: 8863 ns, At safepoint: 353483 ns, Total: 929661 ns
[2025-10-15T14:36:13.503-0700][1251][info ][safepoint   ] Safepoint "ICBufferFull", Time since last: 408104 ns, Reaching safepoint: 761358 ns, Cleanup: 3164 ns, At safepoint: 367404 ns, Total: 1131926 ns
[2025-10-15T14:36:13.520-0700][1251][info ][safepoint   ] Safepoint "ICBufferFull", Time since last: 15472373 ns, Reaching safepoint: 1307460 ns, Cleanup: 24897 ns, At safepoint: 542077 ns, Total: 1874434 ns
[2025-10-15T14:36:13.522-0700][1251][info ][safepoint   ] Safepoint "ICBufferFull", Time since last: 609408 ns, Reaching safepoint: 680285 ns, Cleanup: 3125 ns, At safepoint: 402557 ns, Total: 1085967 ns
[2025-10-15T14:36:13.524-0700][1251][info ][safepoint   ] Safepoint "ICBufferFull", Time since last: 625071 ns, Reaching safepoint: 891894 ns, Cleanup: 6961 ns, At safepoint: 390048 ns, Total: 1288903 ns
[2025-10-15T14:36:13.526-0700][1251][info ][safepoint   ] Safepoint "ICBufferFull", Time since last: 840856 ns, Reaching safepoint: 545532 ns, Cleanup: 2654 ns, At safepoint: 415967 ns, Total: 964153 ns
[2025-10-15T14:36:13.527-0700][1251][info ][safepoint   ] Safepoint "ICBufferFull", Time since last: 352361 ns, Reaching safepoint: 522387 ns, Cleanup: 15764 ns, At safepoint: 404099 ns, Total: 942250 ns
[2025-10-15T14:36:13.529-0700][1251][info ][safepoint   ] Safepoint "ICBufferFull", Time since last: 607655 ns, Reaching safepoint: 738934 ns, Cleanup: 2474 ns, At safepoint: 417268 ns, Total: 1158676 ns
[2025-10-15T14:36:13.532-0700][1251][info ][safepoint   ] Safepoint "ICBufferFull", Time since last: 1548333 ns, Reaching safepoint: 609078 ns, Cleanup: 8793 ns, At safepoint: 467084 ns, Total: 1084955 ns
[2025-10-15T14:36:13.534-0700][1251][info ][safepoint   ] Safepoint "ICBufferFull", Time since last: 1673211 ns, Reaching safepoint: 649429 ns, Cleanup: 8592 ns, At safepoint: 463259 ns, Total: 1121280 ns
[2025-10-15T14:36:13.536-0700][1251][info ][safepoint   ] Safepoint "ICBufferFull", Time since last: 566964 ns, Reaching safepoint: 479092 ns, Cleanup: 2253 ns, At safepoint: 419953 ns, Total: 901298 ns
[2025-10-15T14:36:13.538-0700][1251][info ][safepoint   ] Safepoint "ICBufferFull", Time since last: 1010502 ns, Reaching safepoint: 490019 ns, Cleanup: 2483 ns, At safepoint: 348265 ns, Total: 840767 ns
[2025-10-15T14:36:13.539-0700][1251][info ][safepoint   ] Safepoint "ICBufferFull", Time since last: 273773 ns, Reaching safepoint: 397208 ns, Cleanup: 2494 ns, At safepoint: 349697 ns, Total: 749399 ns
[2025-10-15T14:36:13.724-0700][1251][info ][safepoint   ] Safepoint "ICBufferFull", Time since last: 178863772 ns, Reaching safepoint: 5102248 ns, Cleanup: 147722 ns, At safepoint: 720496 ns, Total: 5970466 ns
[2025-10-15T14:36:14.037-0700][1251][info ][safepoint   ] Safepoint "ICBufferFull", Time since last: 218622198 ns, Reaching safepoint: 89725693 ns, Cleanup: 168434 ns, At safepoint: 4550857 ns, Total: 94444984 ns
[2025-10-15T14:36:14.083-0700][1251][info ][safepoint   ] Safepoint "ICBufferFull", Time since last: 38070182 ns, Reaching safepoint: 868398 ns, Cleanup: 34683 ns, At safepoint: 7584317 ns, Total: 8487398 ns
[2025-10-15T14:36:14.204-0700][1251][info ][safepoint   ] Safepoint "ICBufferFull", Time since last: 22176134 ns, Reaching safepoint: 97173526 ns, Cleanup: 207442 ns, At safepoint: 815719 ns, Total: 98196687 ns
[2025-10-15T14:36:14.235-0700][1251][info ][safepoint   ] Safepoint "ICBufferFull", Time since last: 28006649 ns, Reaching safepoint: 943702 ns, Cleanup: 65258 ns, At safepoint: 2350722 ns, Total: 3359682 ns
[2025-10-15T14:36:14.265-0700][1251][info ][safepoint   ] Safepoint "ICBufferFull", Time since last: 27693377 ns, Reaching safepoint: 912245 ns, Cleanup: 64627 ns, At safepoint: 1148501 ns, Total: 2125373 ns
[2025-10-15T14:36:14.421-0700][1251][info ][safepoint   ] Safepoint "ICBufferFull", Time since last: 19626832 ns, Reaching safepoint: 134722793 ns, Cleanup: 147913 ns, At safepoint: 2078391 ns, Total: 136949097 ns
[2025-10-15T14:36:14.434-0700][1251][info ][safepoint   ] Safepoint "ICBufferFull", Time since last: 8333226 ns, Reaching safepoint: 935310 ns, Cleanup: 4036 ns, At safepoint: 3844202 ns, Total: 4783548 ns
[2025-10-15T14:36:14.969-0700][1251][info ][safepoint   ] Safepoint "ICBufferFull", Time since last: 29875365 ns, Reaching safepoint: 503553456 ns, Cleanup: 175705 ns, At safepoint: 1249592 ns, Total: 504978753 ns
[2025-10-15T14:36:14.972-0700][1251][info ][safepoint   ] Safepoint "ICBufferFull", Time since last: 1205387 ns, Reaching safepoint: 867757 ns, Cleanup: 4176 ns, At safepoint: 915670 ns, Total: 1787603 ns
[2025-10-15T14:36:14.988-0700][1251][info ][safepoint   ] Safepoint "ICBufferFull", Time since last: 14680029 ns, Reaching safepoint: 810331 ns, Cleanup: 17446 ns, At safepoint: 727416 ns, Total: 1555193 ns
[2025-10-15T14:36:14.991-0700][1251][info ][safepoint   ] Safepoint "ICBufferFull", Time since last: 943372 ns, Reaching safepoint: 759324 ns, Cleanup: 9624 ns, At safepoint: 907307 ns, Total: 1676255 ns
[2025-10-15T14:36:15.005-0700][1251][info ][safepoint   ] Safepoint "ICBufferFull", Time since last: 12111960 ns, Reaching safepoint: 900227 ns, Cleanup: 12799 ns, At safepoint: 1001198 ns, Total: 1914224 ns
[2025-10-15T14:36:15.024-0700][1251][info ][safepoint   ] Safepoint "ICBufferFull", Time since last: 16398849 ns, Reaching safepoint: 1205507 ns, Cleanup: 14221 ns, At safepoint: 1244565 ns, Total: 2464293 ns
[2025-10-15T14:36:15.033-0700][1251][info ][safepoint   ] Safepoint "ICBufferFull", Time since last: 7369905 ns, Reaching safepoint: 896811 ns, Cleanup: 10656 ns, At safepoint: 891564 ns, Total: 1799031 ns
[2025-10-15T14:36:16.390-0700][1251][info ][safepoint   ] Safepoint "ICBufferFull", Time since last: 22135352 ns, Reaching safepoint: 1318040029 ns, Cleanup: 125198 ns, At safepoint: 16338769 ns, Total: 1334503996 ns
[2025-10-15T14:36:17.002-0700][1251][info ][safepoint   ] Safepoint "ICBufferFull", Time since last: 22748596 ns, Reaching safepoint: 579216571 ns, Cleanup: 126791 ns, At safepoint: 10375774 ns, Total: 589719136 ns
[2025-10-15T14:36:17.748-0700][1251][info ][safepoint   ] Safepoint "ICBufferFull", Time since last: 8744426 ns, Reaching safepoint: 735108911 ns, Cleanup: 4076 ns, At safepoint: 1542244 ns, Total: 736655231 ns
[2025-10-15T14:36:17.763-0700][1251][info ][safepoint   ] Safepoint "ICBufferFull", Time since last: 12643470 ns, Reaching safepoint: 1379809 ns, Cleanup: 4637 ns, At safepoint: 1279428 ns, Total: 2663874 ns
[2025-10-15T14:36:17.776-0700][1251][info ][safepoint   ] Safepoint "ICBufferFull", Time since last: 11679989 ns, Reaching safepoint: 648086 ns, Cleanup: 1823 ns, At safepoint: 843721 ns, Total: 1493630 ns
[2025-10-15T14:36:17.789-0700][1251][info ][safepoint   ] Safepoint "ICBufferFull", Time since last: 11072283 ns, Reaching safepoint: 605593 ns, Cleanup: 1993 ns, At safepoint: 711251 ns, Total: 1318837 ns
[2025-10-15T14:36:17.802-0700][1251][info ][safepoint   ] Safepoint "ICBufferFull", Time since last: 9237238 ns, Reaching safepoint: 664792 ns, Cleanup: 2093 ns, At safepoint: 3925505 ns, Total: 4592390 ns
[2025-10-15T14:36:17.811-0700][1251][info ][safepoint   ] Safepoint "ICBufferFull", Time since last: 7190434 ns, Reaching safepoint: 571171 ns, Cleanup: 2363 ns, At safepoint: 670511 ns, Total: 1244045 ns
[2025-10-15T14:36:17.834-0700][1251][info ][safepoint   ] Safepoint "ICBufferFull", Time since last: 21636450 ns, Reaching safepoint: 875069 ns, Cleanup: 9794 ns, At safepoint: 388316 ns, Total: 1273179 ns
[2025-10-15T14:36:17.836-0700][1251][info ][safepoint   ] Safepoint "ICBufferFull", Time since last: 1168771 ns, Reaching safepoint: 466643 ns, Cleanup: 1802 ns, At safepoint: 582658 ns, Total: 1051103 ns
[2025-10-15T14:36:17.844-0700][1251][info ][safepoint   ] Safepoint "ICBufferFull", Time since last: 7382664 ns, Reaching safepoint: 522427 ns, Cleanup: 2484 ns, At safepoint: 547465 ns, Total: 1072376 ns
[2025-10-15T14:36:17.851-0700][1251][info ][safepoint   ] Safepoint "ICBufferFull", Time since last: 5671055 ns, Reaching safepoint: 461165 ns, Cleanup: 1542 ns, At safepoint: 331399 ns, Total: 794106 ns
[2025-10-15T14:36:17.859-0700][1251][info ][safepoint   ] Safepoint "ICBufferFull", Time since last: 7478158 ns, Reaching safepoint: 634496 ns, Cleanup: 2424 ns, At safepoint: 511120 ns, Total: 1148040 ns
[2025-10-15T14:36:17.863-0700][1251][info ][safepoint   ] Safepoint "ICBufferFull", Time since last: 2774600 ns, Reaching safepoint: 439302 ns, Cleanup: 1743 ns, At safepoint: 282566 ns, Total: 723611 ns
[2025-10-15T14:36:17.867-0700][1251][info ][safepoint   ] Safepoint "ICBufferFull", Time since last: 3231889 ns, Reaching safepoint: 465902 ns, Cleanup: 1523 ns, At safepoint: 441865 ns, Total: 909290 ns
[2025-10-15T14:36:17.875-0700][1251][info ][safepoint   ] Safepoint "ICBufferFull", Time since last: 7193569 ns, Reaching safepoint: 451721 ns, Cleanup: 1753 ns, At safepoint: 335835 ns, Total: 789309 ns
[2025-10-15T14:36:17.877-0700][1251][info ][safepoint   ] Safepoint "ICBufferFull", Time since last: 1328332 ns, Reaching safepoint: 392862 ns, Cleanup: 991 ns, At safepoint: 260433 ns, Total: 654286 ns
[2025-10-15T14:36:17.881-0700][1251][info ][safepoint   ] Safepoint "ICBufferFull", Time since last: 3199831 ns, Reaching safepoint: 368505 ns, Cleanup: 912 ns, At safepoint: 276106 ns, Total: 645523 ns
[2025-10-15T14:36:17.882-0700][1251][info ][safepoint   ] Safepoint "ICBufferFull", Time since last: 384770 ns, Reaching safepoint: 339832 ns, Cleanup: 991 ns, At safepoint: 279061 ns, Total: 619884 ns
[2025-10-15T14:36:17.884-0700][1251][info ][safepoint   ] Safepoint "ICBufferFull", Time since last: 950752 ns, Reaching safepoint: 327373 ns, Cleanup: 1002 ns, At safepoint: 311289 ns, Total: 639664 ns
[2025-10-15T14:36:17.886-0700][1251][info ][safepoint   ] Safepoint "ICBufferFull", Time since last: 1963238 ns, Reaching safepoint: 528356 ns, Cleanup: 1532 ns, At safepoint: 431541 ns, Total: 961429 ns
[2025-10-15T14:36:17.891-0700][1251][info ][safepoint   ] Safepoint "ICBufferFull", Time since last: 3833536 ns, Reaching safepoint: 590439 ns, Cleanup: 3255 ns, At safepoint: 460174 ns, Total: 1053868 ns
[2025-10-15T14:36:17.893-0700][1251][info ][safepoint   ] Safepoint "ICBufferFull", Time since last: 966716 ns, Reaching safepoint: 372902 ns, Cleanup: 1202 ns, At safepoint: 248114 ns, Total: 622218 ns
[2025-10-15T14:36:17.894-0700][1251][info ][safepoint   ] Safepoint "ICBufferFull", Time since last: 689318 ns, Reaching safepoint: 338591 ns, Cleanup: 861 ns, At safepoint: 279191 ns, Total: 618643 ns
[2025-10-15T14:36:17.895-0700][1251][info ][safepoint   ] Safepoint "ICBufferFull", Time since last: 428495 ns, Reaching safepoint: 332892 ns, Cleanup: 1141 ns, At safepoint: 215225 ns, Total: 549258 ns
[2025-10-15T14:36:17.900-0700][1251][info ][safepoint   ] Safepoint "ICBufferFull", Time since last: 4116262 ns, Reaching safepoint: 376908 ns, Cleanup: 1242 ns, At safepoint: 201704 ns, Total: 579854 ns
[2025-10-15T14:36:17.901-0700][1251][info ][safepoint   ] Safepoint "ICBufferFull", Time since last: 652373 ns, Reaching safepoint: 324398 ns, Cleanup: 1052 ns, At safepoint: 193882 ns, Total: 519332 ns
[2025-10-15T14:36:17.903-0700][1251][info ][safepoint   ] Safepoint "ICBufferFull", Time since last: 1603747 ns, Reaching safepoint: 378370 ns, Cleanup: 2083 ns, At safepoint: 320352 ns, Total: 700805 ns
[2025-10-15T14:36:17.905-0700][1251][info ][safepoint   ] Safepoint "ICBufferFull", Time since last: 550079 ns, Reaching safepoint: 348776 ns, Cleanup: 931 ns, At safepoint: 229887 ns, Total: 579594 ns
[2025-10-15T14:36:17.909-0700][1251][info ][safepoint   ] Safepoint "ICBufferFull", Time since last: 3764141 ns, Reaching safepoint: 379502 ns, Cleanup: 1352 ns, At safepoint: 197598 ns, Total: 578452 ns
[2025-10-15T14:36:17.911-0700][1251][info ][safepoint   ] Safepoint "ICBufferFull", Time since last: 1952101 ns, Reaching safepoint: 370258 ns, Cleanup: 1152 ns, At safepoint: 211128 ns, Total: 582538 ns
[2025-10-15T14:36:17.914-0700][1251][info ][safepoint   ] Safepoint "ICBufferFull", Time since last: 1610456 ns, Reaching safepoint: 377259 ns, Cleanup: 1522 ns, At safepoint: 247723 ns, Total: 626504 ns
[2025-10-15T14:36:17.915-0700][1251][info ][safepoint   ] Safepoint "ICBufferFull", Time since last: 1343465 ns, Reaching safepoint: 350087 ns, Cleanup: 1212 ns, At safepoint: 188674 ns, Total: 539973 ns
[2025-10-15T14:36:17.917-0700][1251][info ][safepoint   ] Safepoint "ICBufferFull", Time since last: 1136122 ns, Reaching safepoint: 395997 ns, Cleanup: 861 ns, At safepoint: 232390 ns, Total: 629248 ns
[2025-10-15T14:36:17.918-0700][1251][info ][safepoint   ] Safepoint "ICBufferFull", Time since last: 155765 ns, Reaching safepoint: 312431 ns, Cleanup: 1141 ns, At safepoint: 233412 ns, Total: 546984 ns
[2025-10-15T14:36:17.919-0700][1251][info ][safepoint   ] Safepoint "ICBufferFull", Time since last: 909330 ns, Reaching safepoint: 390018 ns, Cleanup: 701 ns, At safepoint: 196726 ns, Total: 587445 ns
[2025-10-15T14:36:17.921-0700][1251][info ][safepoint   ] Safepoint "ICBufferFull", Time since last: 888559 ns, Reaching safepoint: 342857 ns, Cleanup: 1402 ns, At safepoint: 212430 ns, Total: 556689 ns
[2025-10-15T14:36:17.922-0700][1251][info ][safepoint   ] Safepoint "ICBufferFull", Time since last: 713024 ns, Reaching safepoint: 331520 ns, Cleanup: 1232 ns, At safepoint: 195975 ns, Total: 528727 ns
[2025-10-15T14:36:17.923-0700][1251][info ][safepoint   ] Safepoint "ICBufferFull", Time since last: 778052 ns, Reaching safepoint: 340714 ns, Cleanup: 560 ns, At safepoint: 227463 ns, Total: 568737 ns
[2025-10-15T14:36:17.924-0700][1251][info ][safepoint   ] Safepoint "ICBufferFull", Time since last: 181664 ns, Reaching safepoint: 313773 ns, Cleanup: 1252 ns, At safepoint: 224157 ns, Total: 539182 ns
[2025-10-15T14:36:17.925-0700][1251][info ][safepoint   ] Safepoint "ICBufferFull", Time since last: 504120 ns, Reaching safepoint: 321294 ns, Cleanup: 1512 ns, At safepoint: 151639 ns, Total: 474445 ns
[2025-10-15T14:36:17.926-0700][1251][info ][safepoint   ] Safepoint "ICBufferFull", Time since last: 116375 ns, Reaching safepoint: 305450 ns, Cleanup: 792 ns, At safepoint: 165008 ns, Total: 471250 ns
[2025-10-15T14:36:17.926-0700][1251][info ][safepoint   ] Safepoint "ICBufferFull", Time since last: 125710 ns, Reaching safepoint: 290067 ns, Cleanup: 841 ns, At safepoint: 173091 ns, Total: 463999 ns
[2025-10-15T14:36:17.927-0700][1251][info ][safepoint   ] Safepoint "ICBufferFull", Time since last: 135484 ns, Reaching safepoint: 334924 ns, Cleanup: 1062 ns, At safepoint: 252881 ns, Total: 588867 ns
[2025-10-15T14:36:17.929-0700][1251][info ][safepoint   ] Safepoint "ICBufferFull", Time since last: 1245797 ns, Reaching safepoint: 320804 ns, Cleanup: 1342 ns, At safepoint: 100721 ns, Total: 422867 ns
[2025-10-15T14:36:17.931-0700][1251][info ][safepoint   ] Safepoint "ICBufferFull", Time since last: 1626531 ns, Reaching safepoint: 301124 ns, Cleanup: 1202 ns, At safepoint: 100902 ns, Total: 403228 ns
[2025-10-15T14:36:17.932-0700][1251][info ][safepoint   ] Safepoint "ICBufferFull", Time since last: 242876 ns, Reaching safepoint: 297147 ns, Cleanup: 1012 ns, At safepoint: 222165 ns, Total: 520324 ns
[2025-10-15T14:36:17.932-0700][1251][info ][safepoint   ] Safepoint "ICBufferFull", Time since last: 353612 ns, Reaching safepoint: 306642 ns, Cleanup: 1162 ns, At safepoint: 212500 ns, Total: 520304 ns
[2025-10-15T14:36:17.933-0700][1251][info ][safepoint   ] Safepoint "ICBufferFull", Time since last: 357820 ns, Reaching safepoint: 295775 ns, Cleanup: 1002 ns, At safepoint: 170026 ns, Total: 466803 ns
[2025-10-15T14:36:17.934-0700][1251][info ][safepoint   ] Safepoint "ICBufferFull", Time since last: 184428 ns, Reaching safepoint: 261474 ns, Cleanup: 1051 ns, At safepoint: 103867 ns, Total: 366392 ns
[2025-10-15T14:36:17.936-0700][1251][info ][safepoint   ] Safepoint "ICBufferFull", Time since last: 1387621 ns, Reaching safepoint: 285840 ns, Cleanup: 1613 ns, At safepoint: 81012 ns, Total: 368465 ns
[2025-10-15T14:36:17.936-0700][1251][info ][safepoint   ] Safepoint "ICBufferFull", Time since last: 266972 ns, Reaching safepoint: 257037 ns, Cleanup: 1493 ns, At safepoint: 101743 ns, Total: 360273 ns
[2025-10-15T14:36:17.937-0700][1251][info ][safepoint   ] Safepoint "ICBufferFull", Time since last: 142104 ns, Reaching safepoint: 267984 ns, Cleanup: 1001 ns, At safepoint: 121493 ns, Total: 390478 ns
[2025-10-15T14:36:17.938-0700][1251][info ][safepoint   ] Safepoint "ICBufferFull", Time since last: 722569 ns, Reaching safepoint: 294564 ns, Cleanup: 5558 ns, At safepoint: 177197 ns, Total: 477319 ns
[2025-10-15T14:36:17.938-0700][1251][info ][safepoint   ] Safepoint "ICBufferFull", Time since last: 160552 ns, Reaching safepoint: 278600 ns, Cleanup: 1032 ns, At safepoint: 119670 ns, Total: 399302 ns
[2025-10-15T14:36:17.940-0700][1251][info ][safepoint   ] Safepoint "ICBufferFull", Time since last: 976701 ns, Reaching safepoint: 302526 ns, Cleanup: 862 ns, At safepoint: 202244 ns, Total: 505632 ns
[2025-10-15T14:36:17.941-0700][1251][info ][safepoint   ] Safepoint "ICBufferFull", Time since last: 285210 ns, Reaching safepoint: 275024 ns, Cleanup: 1032 ns, At safepoint: 111959 ns, Total: 388015 ns
[2025-10-15T14:36:17.942-0700][1251][info ][safepoint   ] Safepoint "ICBufferFull", Time since last: 1229552 ns, Reaching safepoint: 274314 ns, Cleanup: 1131 ns, At safepoint: 87382 ns, Total: 362827 ns
[2025-10-15T14:36:17.943-0700][1251][info ][safepoint   ] Safepoint "ICBufferFull", Time since last: 279411 ns, Reaching safepoint: 289476 ns, Cleanup: 851 ns, At safepoint: 178279 ns, Total: 468606 ns
[2025-10-15T14:36:17.944-0700][1251][info ][safepoint   ] Safepoint "ICBufferFull", Time since last: 179110 ns, Reaching safepoint: 274724 ns, Cleanup: 1021 ns, At safepoint: 122896 ns, Total: 398641 ns
[2025-10-15T14:36:17.945-0700][1251][info ][safepoint   ] Safepoint "ICBufferFull", Time since last: 938063 ns, Reaching safepoint: 274974 ns, Cleanup: 1102 ns, At safepoint: 89164 ns, Total: 365240 ns
[2025-10-15T14:36:17.946-0700][1251][info ][safepoint   ] Safepoint "ICBufferFull", Time since last: 290849 ns, Reaching safepoint: 289806 ns, Cleanup: 1002 ns, At safepoint: 147993 ns, Total: 438801 ns
[2025-10-15T14:36:17.946-0700][1251][info ][safepoint   ] Safepoint "ICBufferFull", Time since last: 152409 ns, Reaching safepoint: 290789 ns, Cleanup: 921 ns, At safepoint: 164097 ns, Total: 455807 ns
[2025-10-15T14:36:17.948-0700][1251][info ][safepoint   ] Safepoint "ICBufferFull", Time since last: 1411677 ns, Reaching safepoint: 270217 ns, Cleanup: 1092 ns, At safepoint: 76405 ns, Total: 347714 ns
[2025-10-15T14:36:17.949-0700][1251][info ][safepoint   ] Safepoint "ICBufferFull", Time since last: 956181 ns, Reaching safepoint: 266491 ns, Cleanup: 1102 ns, At safepoint: 90767 ns, Total: 358360 ns
[2025-10-15T14:36:17.950-0700][1251][info ][safepoint   ] Safepoint "ICBufferFull", Time since last: 240562 ns, Reaching safepoint: 289046 ns, Cleanup: 1382 ns, At safepoint: 159400 ns, Total: 449828 ns
[2025-10-15T14:36:17.951-0700][1251][info ][safepoint   ] Safepoint "ICBufferFull", Time since last: 161503 ns, Reaching safepoint: 268335 ns, Cleanup: 891 ns, At safepoint: 115614 ns, Total: 384840 ns
[2025-10-15T14:36:17.952-0700][1251][info ][safepoint   ] Safepoint "ICBufferFull", Time since last: 684882 ns, Reaching safepoint: 265941 ns, Cleanup: 1061 ns, At safepoint: 92660 ns, Total: 359662 ns
[2025-10-15T14:36:17.953-0700][1251][info ][safepoint   ] Safepoint "ICBufferFull", Time since last: 1387130 ns, Reaching safepoint: 306071 ns, Cleanup: 611 ns, At safepoint: 76776 ns, Total: 383458 ns
[2025-10-15T14:36:17.954-0700][1251][info ][safepoint   ] Safepoint "ICBufferFull", Time since last: 243937 ns, Reaching safepoint: 325571 ns, Cleanup: 731 ns, At safepoint: 223427 ns, Total: 549729 ns
[2025-10-15T14:36:17.955-0700][1251][info ][safepoint   ] Safepoint "ICBufferFull", Time since last: 381655 ns, Reaching safepoint: 326692 ns, Cleanup: 1002 ns, At safepoint: 245019 ns, Total: 572713 ns
[2025-10-15T14:36:17.956-0700][1251][info ][safepoint   ] Safepoint "ICBufferFull", Time since last: 325991 ns, Reaching safepoint: 319922 ns, Cleanup: 1142 ns, At safepoint: 174563 ns, Total: 495627 ns
[2025-10-15T14:36:17.958-0700][1251][info ][safepoint   ] Safepoint "ICBufferFull", Time since last: 1379128 ns, Reaching safepoint: 278209 ns, Cleanup: 891 ns, At safepoint: 75224 ns, Total: 354324 ns
[2025-10-15T14:36:17.960-0700][1251][info ][safepoint   ] Safepoint "ICBufferFull", Time since last: 1821644 ns, Reaching safepoint: 267694 ns, Cleanup: 901 ns, At safepoint: 73741 ns, Total: 342336 ns
[2025-10-15T14:36:17.961-0700][1251][info ][safepoint   ] Safepoint "ICBufferFull", Time since last: 904133 ns, Reaching safepoint: 269566 ns, Cleanup: 1041 ns, At safepoint: 88373 ns, Total: 358980 ns
[2025-10-15T14:36:17.962-0700][1251][info ][safepoint   ] Safepoint "ICBufferFull", Time since last: 228915 ns, Reaching safepoint: 301765 ns, Cleanup: 831 ns, At safepoint: 183427 ns, Total: 486023 ns
[2025-10-15T14:36:17.962-0700][1251][info ][safepoint   ] Safepoint "ICBufferFull", Time since last: 199100 ns, Reaching safepoint: 279611 ns, Cleanup: 370 ns, At safepoint: 109936 ns, Total: 389917 ns
[2025-10-15T14:36:17.964-0700][1251][info ][safepoint   ] Safepoint "ICBufferFull", Time since last: 1452879 ns, Reaching safepoint: 261194 ns, Cleanup: 931 ns, At safepoint: 75925 ns, Total: 338050 ns
[2025-10-15T14:36:17.965-0700][1251][info ][safepoint   ] Safepoint "ICBufferFull", Time since last: 230988 ns, Reaching safepoint: 275475 ns, Cleanup: 981 ns, At safepoint: 141023 ns, Total: 417479 ns
[2025-10-15T14:36:17.965-0700][1251][info ][safepoint   ] Safepoint "ICBufferFull", Time since last: 212470 ns, Reaching safepoint: 279361 ns, Cleanup: 540 ns, At safepoint: 110517 ns, Total: 390418 ns
[2025-10-15T14:36:17.966-0700][1251][info ][safepoint   ] Safepoint "ICBufferFull", Time since last: 649098 ns, Reaching safepoint: 271830 ns, Cleanup: 951 ns, At safepoint: 87532 ns, Total: 360313 ns
[2025-10-15T14:36:17.967-0700][1251][info ][safepoint   ] Safepoint "ICBufferFull", Time since last: 232921 ns, Reaching safepoint: 321755 ns, Cleanup: 1021 ns, At safepoint: 282876 ns, Total: 605652 ns
[2025-10-15T14:36:17.968-0700][1251][info ][safepoint   ] Safepoint "ICBufferFull", Time since last: 216917 ns, Reaching safepoint: 281885 ns, Cleanup: 841 ns, At safepoint: 103616 ns, Total: 386342 ns
[2025-10-15T14:36:17.969-0700][1251][info ][safepoint   ] Safepoint "ICBufferFull", Time since last: 184418 ns, Reaching safepoint: 317088 ns, Cleanup: 711 ns, At safepoint: 213261 ns, Total: 531060 ns
[2025-10-15T14:36:17.969-0700][1251][info ][safepoint   ] Safepoint "ICBufferFull", Time since last: 287363 ns, Reaching safepoint: 313913 ns, Cleanup: 952 ns, At safepoint: 203476 ns, Total: 518341 ns
[2025-10-15T14:36:17.970-0700][1251][info ][safepoint   ] Safepoint "ICBufferFull", Time since last: 212651 ns, Reaching safepoint: 285630 ns, Cleanup: 1422 ns, At safepoint: 126942 ns, Total: 413994 ns
[2025-10-15T14:36:17.971-0700][1251][info ][safepoint   ] Safepoint "ICBufferFull", Time since last: 528656 ns, Reaching safepoint: 321404 ns, Cleanup: 1373 ns, At safepoint: 212360 ns, Total: 535137 ns
[2025-10-15T14:36:17.972-0700][1251][info ][safepoint   ] Safepoint "ICBufferFull", Time since last: 638071 ns, Reaching safepoint: 268675 ns, Cleanup: 1051 ns, At safepoint: 84047 ns, Total: 353773 ns
[2025-10-15T14:36:17.973-0700][1251][info ][safepoint   ] Safepoint "ICBufferFull", Time since last: 268184 ns, Reaching safepoint: 309787 ns, Cleanup: 1051 ns, At safepoint: 239211 ns, Total: 550049 ns
[2025-10-15T14:36:17.974-0700][1251][info ][safepoint   ] Safepoint "ICBufferFull", Time since last: 282726 ns, Reaching safepoint: 275134 ns, Cleanup: 852 ns, At safepoint: 95263 ns, Total: 371249 ns
[2025-10-15T14:36:17.975-0700][1251][info ][safepoint   ] Safepoint "ICBufferFull", Time since last: 1073548 ns, Reaching safepoint: 261524 ns, Cleanup: 1031 ns, At safepoint: 81924 ns, Total: 344479 ns
[2025-10-15T14:36:17.976-0700][1251][info ][safepoint   ] Safepoint "ICBufferFull", Time since last: 1114860 ns, Reaching safepoint: 270187 ns, Cleanup: 1162 ns, At safepoint: 77977 ns, Total: 349326 ns
[2025-10-15T14:36:17.977-0700][1251][info ][safepoint   ] Safepoint "ICBufferFull", Time since last: 245590 ns, Reaching safepoint: 312831 ns, Cleanup: 1102 ns, At safepoint: 209756 ns, Total: 523689 ns
[2025-10-15T14:36:17.978-0700][1251][info ][safepoint   ] Safepoint "ICBufferFull", Time since last: 249456 ns, Reaching safepoint: 261254 ns, Cleanup: 921 ns, At safepoint: 89375 ns, Total: 351550 ns
[2025-10-15T14:36:17.978-0700][1251][info ][safepoint   ] Safepoint "ICBufferFull", Time since last: 62334 ns, Reaching safepoint: 306942 ns, Cleanup: 861 ns, At safepoint: 198459 ns, Total: 506262 ns
[2025-10-15T14:36:17.980-0700][1251][info ][safepoint   ] Safepoint "ICBufferFull", Time since last: 817763 ns, Reaching safepoint: 279591 ns, Cleanup: 1111 ns, At safepoint: 81433 ns, Total: 362135 ns
[2025-10-15T14:36:17.980-0700][1251][info ][safepoint   ] Safepoint "ICBufferFull", Time since last: 262205 ns, Reaching safepoint: 317408 ns, Cleanup: 1092 ns, At safepoint: 202485 ns, Total: 520985 ns
[2025-10-15T14:36:17.981-0700][1251][info ][safepoint   ] Safepoint "ICBufferFull", Time since last: 234954 ns, Reaching safepoint: 273122 ns, Cleanup: 1192 ns, At safepoint: 94652 ns, Total: 368966 ns
[2025-10-15T14:36:17.982-0700][1251][info ][safepoint   ] Safepoint "ICBufferFull", Time since last: 799655 ns, Reaching safepoint: 274213 ns, Cleanup: 831 ns, At safepoint: 88023 ns, Total: 363067 ns
[2025-10-15T14:36:17.983-0700][1251][info ][safepoint   ] Safepoint "ICBufferFull", Time since last: 243347 ns, Reaching safepoint: 264949 ns, Cleanup: 941 ns, At safepoint: 99991 ns, Total: 365881 ns
[2025-10-15T14:36:17.983-0700][1251][info ][safepoint   ] Safepoint "ICBufferFull", Time since last: 413774 ns, Reaching safepoint: 264037 ns, Cleanup: 741 ns, At safepoint: 91528 ns, Total: 356306 ns
[2025-10-15T14:36:17.984-0700][1251][info ][safepoint   ] Safepoint "ICBufferFull", Time since last: 189226 ns, Reaching safepoint: 294243 ns, Cleanup: 901 ns, At safepoint: 148524 ns, Total: 443668 ns
[2025-10-15T14:36:17.985-0700][1251][info ][safepoint   ] Safepoint "ICBufferFull", Time since last: 914939 ns, Reaching safepoint: 278970 ns, Cleanup: 441 ns, At safepoint: 76996 ns, Total: 356407 ns
[2025-10-15T14:36:17.987-0700][1251][info ][safepoint   ] Safepoint "ICBufferFull", Time since last: 845373 ns, Reaching safepoint: 263027 ns, Cleanup: 1201 ns, At safepoint: 79310 ns, Total: 343538 ns
[2025-10-15T14:36:17.987-0700][1251][info ][safepoint   ] Safepoint "ICBufferFull", Time since last: 248434 ns, Reaching safepoint: 312842 ns, Cleanup: 841 ns, At safepoint: 205560 ns, Total: 519243 ns
[2025-10-15T14:36:17.988-0700][1251][info ][safepoint   ] Safepoint "ICBufferFull", Time since last: 275004 ns, Reaching safepoint: 321454 ns, Cleanup: 1082 ns, At safepoint: 167112 ns, Total: 489648 ns
[2025-10-15T14:36:17.989-0700][1251][info ][safepoint   ] Safepoint "ICBufferFull", Time since last: 217938 ns, Reaching safepoint: 264909 ns, Cleanup: 962 ns, At safepoint: 98508 ns, Total: 364379 ns
[2025-10-15T14:36:17.990-0700][1251][info ][safepoint   ] Safepoint "ICBufferFull", Time since last: 585142 ns, Reaching safepoint: 258790 ns, Cleanup: 1152 ns, At safepoint: 89524 ns, Total: 349466 ns
[2025-10-15T14:36:17.990-0700][1251][info ][safepoint   ] Safepoint "ICBufferFull", Time since last: 195685 ns, Reaching safepoint: 300984 ns, Cleanup: 551 ns, At safepoint: 187893 ns, Total: 489428 ns
[2025-10-15T14:36:17.991-0700][1251][info ][safepoint   ] Safepoint "ICBufferFull", Time since last: 316286 ns, Reaching safepoint: 310979 ns, Cleanup: 981 ns, At safepoint: 179110 ns, Total: 491070 ns
[2025-10-15T14:36:17.992-0700][1251][info ][safepoint   ] Safepoint "ICBufferFull", Time since last: 292331 ns, Reaching safepoint: 289105 ns, Cleanup: 1002 ns, At safepoint: 115544 ns, Total: 405651 ns
[2025-10-15T14:36:17.993-0700][1251][info ][safepoint   ] Safepoint "ICBufferFull", Time since last: 768328 ns, Reaching safepoint: 259130 ns, Cleanup: 921 ns, At safepoint: 78969 ns, Total: 339020 ns
[2025-10-15T14:36:17.994-0700][1251][info ][safepoint   ] Safepoint "ICBufferFull", Time since last: 222275 ns, Reaching safepoint: 303848 ns, Cleanup: 901 ns, At safepoint: 180963 ns, Total: 485712 ns
[2025-10-15T14:36:17.995-0700][1251][info ][safepoint   ] Safepoint "ICBufferFull", Time since last: 831022 ns, Reaching safepoint: 266161 ns, Cleanup: 1032 ns, At safepoint: 76695 ns, Total: 343888 ns
[2025-10-15T14:36:17.995-0700][1251][info ][safepoint   ] Safepoint "ICBufferFull", Time since last: 225380 ns, Reaching safepoint: 299051 ns, Cleanup: 1121 ns, At safepoint: 176246 ns, Total: 476418 ns
[2025-10-15T14:36:17.996-0700][1251][info ][safepoint   ] Safepoint "ICBufferFull", Time since last: 347463 ns, Reaching safepoint: 285681 ns, Cleanup: 1162 ns, At safepoint: 142004 ns, Total: 428847 ns
[2025-10-15T14:36:17.997-0700][1251][info ][safepoint   ] Safepoint "ICBufferFull", Time since last: 276146 ns, Reaching safepoint: 300362 ns, Cleanup: 962 ns, At safepoint: 161773 ns, Total: 463097 ns
[2025-10-15T14:36:17.998-0700][1251][info ][safepoint   ] Safepoint "ICBufferFull", Time since last: 263377 ns, Reaching safepoint: 271069 ns, Cleanup: 1011 ns, At safepoint: 110517 ns, Total: 382597 ns
[2025-10-15T14:36:17.998-0700][1251][info ][safepoint   ] Safepoint "ICBufferFull", Time since last: 216586 ns, Reaching safepoint: 292140 ns, Cleanup: 972 ns, At safepoint: 154563 ns, Total: 447675 ns
[2025-10-15T14:36:17.999-0700][1251][info ][safepoint   ] Safepoint "ICBufferFull", Time since last: 182545 ns, Reaching safepoint: 268504 ns, Cleanup: 1162 ns, At safepoint: 118208 ns, Total: 387874 ns
[2025-10-15T14:36:17.999-0700][1251][info ][safepoint   ] Safepoint "ICBufferFull", Time since last: 106260 ns, Reaching safepoint: 289837 ns, Cleanup: 431 ns, At safepoint: 179770 ns, Total: 470038 ns
[2025-10-15T14:36:18.000-0700][1251][info ][safepoint   ] Safepoint "ICBufferFull", Time since last: 213041 ns, Reaching safepoint: 296137 ns, Cleanup: 911 ns, At safepoint: 143056 ns, Total: 440104 ns
[2025-10-15T14:36:18.001-0700][1251][info ][safepoint   ] Safepoint "ICBufferFull", Time since last: 145178 ns, Reaching safepoint: 292361 ns, Cleanup: 901 ns, At safepoint: 169475 ns, Total: 462737 ns
[2025-10-15T14:36:18.002-0700][1251][info ][safepoint   ] Safepoint "ICBufferFull", Time since last: 372752 ns, Reaching safepoint: 310137 ns, Cleanup: 1032 ns, At safepoint: 153631 ns, Total: 464800 ns
[2025-10-15T14:36:18.002-0700][1251][info ][safepoint   ] Safepoint "ICBufferFull", Time since last: 297549 ns, Reaching safepoint: 310327 ns, Cleanup: 852 ns, At safepoint: 179781 ns, Total: 490960 ns
[2025-10-15T14:36:18.003-0700][1251][info ][safepoint   ] Safepoint "ICBufferFull", Time since last: 171348 ns, Reaching safepoint: 297989 ns, Cleanup: 861 ns, At safepoint: 155464 ns, Total: 454314 ns
[2025-10-15T14:36:18.004-0700][1251][info ][safepoint   ] Safepoint "ICBufferFull", Time since last: 179671 ns, Reaching safepoint: 298089 ns, Cleanup: 781 ns, At safepoint: 145700 ns, Total: 444570 ns
[2025-10-15T14:36:18.004-0700][1251][info ][safepoint   ] Safepoint "ICBufferFull", Time since last: 172340 ns, Reaching safepoint: 286822 ns, Cleanup: 981 ns, At safepoint: 133812 ns, Total: 421615 ns
[2025-10-15T14:36:18.005-0700][1251][info ][safepoint   ] Safepoint "ICBufferFull", Time since last: 175334 ns, Reaching safepoint: 286802 ns, Cleanup: 982 ns, At safepoint: 124617 ns, Total: 412401 ns
[2025-10-15T14:36:18.006-0700][1251][info ][safepoint   ] Safepoint "ICBufferFull", Time since last: 238380 ns, Reaching safepoint: 312000 ns, Cleanup: 1041 ns, At safepoint: 182786 ns, Total: 495827 ns
[2025-10-15T14:36:18.006-0700][1251][info ][safepoint   ] Safepoint "ICBufferFull", Time since last: 281954 ns, Reaching safepoint: 309236 ns, Cleanup: 671 ns, At safepoint: 163347 ns, Total: 473254 ns
[2025-10-15T14:36:18.007-0700][1251][info ][safepoint   ] Safepoint "ICBufferFull", Time since last: 165689 ns, Reaching safepoint: 305300 ns, Cleanup: 821 ns, At safepoint: 152560 ns, Total: 458681 ns
[2025-10-15T14:36:18.008-0700][1251][info ][safepoint   ] Safepoint "ICBufferFull", Time since last: 193892 ns, Reaching safepoint: 312071 ns, Cleanup: 1071 ns, At safepoint: 162615 ns, Total: 475757 ns
[2025-10-15T14:36:18.008-0700][1251][info ][safepoint   ] Safepoint "ICBufferFull", Time since last: 210628 ns, Reaching safepoint: 301664 ns, Cleanup: 1292 ns, At safepoint: 148744 ns, Total: 451700 ns
[2025-10-15T14:36:18.009-0700][1251][info ][safepoint   ] Safepoint "ICBufferFull", Time since last: 244519 ns, Reaching safepoint: 295645 ns, Cleanup: 841 ns, At safepoint: 138799 ns, Total: 435285 ns
[2025-10-15T14:36:18.009-0700][1251][info ][safepoint   ] Safepoint "ICBufferFull", Time since last: 149656 ns, Reaching safepoint: 298360 ns, Cleanup: 360 ns, At safepoint: 130947 ns, Total: 429667 ns
[2025-10-15T14:36:18.010-0700][1251][info ][safepoint   ] Safepoint "ICBufferFull", Time since last: 550450 ns, Reaching safepoint: 297358 ns, Cleanup: 2043 ns, At safepoint: 85338 ns, Total: 384739 ns
[2025-10-15T14:36:18.012-0700][1251][info ][safepoint   ] Safepoint "ICBufferFull", Time since last: 756170 ns, Reaching safepoint: 268444 ns, Cleanup: 1633 ns, At safepoint: 79179 ns, Total: 349256 ns
[2025-10-15T14:36:18.012-0700][1251][info ][safepoint   ] Safepoint "ICBufferFull", Time since last: 200993 ns, Reaching safepoint: 297378 ns, Cleanup: 1042 ns, At safepoint: 160241 ns, Total: 458661 ns
[2025-10-15T14:36:18.013-0700][1251][info ][safepoint   ] Safepoint "ICBufferFull", Time since last: 451871 ns, Reaching safepoint: 253852 ns, Cleanup: 1062 ns, At safepoint: 77166 ns, Total: 332080 ns
[2025-10-15T14:36:18.014-0700][1251][info ][safepoint   ] Safepoint "ICBufferFull", Time since last: 614536 ns, Reaching safepoint: 256376 ns, Cleanup: 1052 ns, At safepoint: 82474 ns, Total: 339902 ns
[2025-10-15T14:36:18.015-0700][1251][info ][safepoint   ] Safepoint "ICBufferFull", Time since last: 445962 ns, Reaching safepoint: 248975 ns, Cleanup: 982 ns, At safepoint: 79480 ns, Total: 329437 ns
[2025-10-15T14:36:18.015-0700][1251][info ][safepoint   ] Safepoint "ICBufferFull", Time since last: 180732 ns, Reaching safepoint: 292180 ns, Cleanup: 992 ns, At safepoint: 178188 ns, Total: 471360 ns
[2025-10-15T14:36:18.016-0700][1251][info ][safepoint   ] Safepoint "ICBufferFull", Time since last: 229466 ns, Reaching safepoint: 284789 ns, Cleanup: 1472 ns, At safepoint: 122465 ns, Total: 408726 ns
[2025-10-15T14:36:18.017-0700][1251][info ][safepoint   ] Safepoint "ICBufferFull", Time since last: 435756 ns, Reaching safepoint: 251840 ns, Cleanup: 961 ns, At safepoint: 84988 ns, Total: 337789 ns
[2025-10-15T14:36:18.017-0700][1251][info ][safepoint   ] Safepoint "ICBufferFull", Time since last: 212991 ns, Reaching safepoint: 305681 ns, Cleanup: 611 ns, At safepoint: 167753 ns, Total: 474045 ns
[2025-10-15T14:36:18.018-0700][1251][info ][safepoint   ] Safepoint "ICBufferFull", Time since last: 417418 ns, Reaching safepoint: 261404 ns, Cleanup: 1042 ns, At safepoint: 79219 ns, Total: 341665 ns
[2025-10-15T14:36:18.019-0700][1251][info ][safepoint   ] Safepoint "ICBufferFull", Time since last: 806395 ns, Reaching safepoint: 258690 ns, Cleanup: 501 ns, At safepoint: 79980 ns, Total: 339171 ns
[2025-10-15T14:36:18.020-0700][1251][info ][safepoint   ] Safepoint "ICBufferFull", Time since last: 416688 ns, Reaching safepoint: 247533 ns, Cleanup: 1082 ns, At safepoint: 82494 ns, Total: 331109 ns
[2025-10-15T14:36:18.021-0700][1251][info ][safepoint   ] Safepoint "ICBufferFull", Time since last: 182004 ns, Reaching safepoint: 290919 ns, Cleanup: 971 ns, At safepoint: 160442 ns, Total: 452332 ns
[2025-10-15T14:36:18.021-0700][1251][info ][safepoint   ] Safepoint "ICBufferFull", Time since last: 284879 ns, Reaching safepoint: 349286 ns, Cleanup: 952 ns, At safepoint: 92319 ns, Total: 442557 ns
[2025-10-15T14:36:18.022-0700][1251][info ][safepoint   ] Safepoint "ICBufferFull", Time since last: 149385 ns, Reaching safepoint: 295816 ns, Cleanup: 901 ns, At safepoint: 145169 ns, Total: 441886 ns
[2025-10-15T14:36:18.023-0700][1251][info ][safepoint   ] Safepoint "ICBufferFull", Time since last: 261714 ns, Reaching safepoint: 290117 ns, Cleanup: 922 ns, At safepoint: 142034 ns, Total: 433073 ns
[2025-10-15T14:36:18.023-0700][1251][info ][safepoint   ] Safepoint "ICBufferFull", Time since last: 162975 ns, Reaching safepoint: 294744 ns, Cleanup: 1102 ns, At safepoint: 151228 ns, Total: 447074 ns
[2025-10-15T14:36:18.024-0700][1251][info ][safepoint   ] Safepoint "ICBufferFull", Time since last: 280122 ns, Reaching safepoint: 296166 ns, Cleanup: 771 ns, At safepoint: 130066 ns, Total: 427003 ns
[2025-10-15T14:36:18.025-0700][1251][info ][safepoint   ] Safepoint "ICBufferFull", Time since last: 158719 ns, Reaching safepoint: 309647 ns, Cleanup: 991 ns, At safepoint: 129405 ns, Total: 440043 ns
[2025-10-15T14:36:18.025-0700][1251][info ][safepoint   ] Safepoint "ICBufferFull", Time since last: 142595 ns, Reaching safepoint: 292401 ns, Cleanup: 1031 ns, At safepoint: 145049 ns, Total: 438481 ns
[2025-10-15T14:36:18.026-0700][1251][info ][safepoint   ] Safepoint "ICBufferFull", Time since last: 146160 ns, Reaching safepoint: 269606 ns, Cleanup: 1222 ns, At safepoint: 109946 ns, Total: 380774 ns
[2025-10-15T14:36:18.026-0700][1251][info ][safepoint   ] Safepoint "ICBufferFull", Time since last: 168414 ns, Reaching safepoint: 284018 ns, Cleanup: 16695 ns, At safepoint: 129275 ns, Total: 429988 ns
[2025-10-15T14:36:18.027-0700][1251][info ][safepoint   ] Safepoint "ICBufferFull", Time since last: 159650 ns, Reaching safepoint: 286572 ns, Cleanup: 4907 ns, At safepoint: 122255 ns, Total: 413734 ns
[2025-10-15T14:36:18.028-0700][1251][info ][safepoint   ] Safepoint "ICBufferFull", Time since last: 840636 ns, Reaching safepoint: 262886 ns, Cleanup: 10426 ns, At safepoint: 80541 ns, Total: 353853 ns
[2025-10-15T14:36:18.029-0700][1251][info ][safepoint   ] Safepoint "ICBufferFull", Time since last: 169366 ns, Reaching safepoint: 272270 ns, Cleanup: 1192 ns, At safepoint: 123766 ns, Total: 397228 ns
[2025-10-15T14:36:18.029-0700][1251][info ][safepoint   ] Safepoint "ICBufferFull", Time since last: 272481 ns, Reaching safepoint: 317027 ns, Cleanup: 2184 ns, At safepoint: 128764 ns, Total: 447975 ns
[2025-10-15T14:36:18.030-0700][1251][info ][safepoint   ] Safepoint "ICBufferFull", Time since last: 171999 ns, Reaching safepoint: 291749 ns, Cleanup: 6480 ns, At safepoint: 141774 ns, Total: 440003 ns
[2025-10-15T14:36:18.031-0700][1251][info ][safepoint   ] Safepoint "ICBufferFull", Time since last: 226271 ns, Reaching safepoint: 293993 ns, Cleanup: 3194 ns, At safepoint: 162545 ns, Total: 459732 ns
[2025-10-15T14:36:18.031-0700][1251][info ][safepoint   ] Safepoint "ICBufferFull", Time since last: 236246 ns, Reaching safepoint: 307814 ns, Cleanup: 3946 ns, At safepoint: 138008 ns, Total: 449768 ns
[2025-10-15T14:36:18.032-0700][1251][info ][safepoint   ] Safepoint "ICBufferFull", Time since last: 237167 ns, Reaching safepoint: 285761 ns, Cleanup: 1001 ns, At safepoint: 115725 ns, Total: 402487 ns
[2025-10-15T14:36:18.033-0700][1251][info ][safepoint   ] Safepoint "ICBufferFull", Time since last: 135544 ns, Reaching safepoint: 261264 ns, Cleanup: 1232 ns, At safepoint: 93160 ns, Total: 355656 ns
[2025-10-15T14:36:18.033-0700][1251][info ][safepoint   ] Safepoint "ICBufferFull", Time since last: 117447 ns, Reaching safepoint: 283437 ns, Cleanup: 931 ns, At safepoint: 136706 ns, Total: 421074 ns
[2025-10-15T14:36:18.034-0700][1251][info ][safepoint   ] Safepoint "ICBufferFull", Time since last: 226592 ns, Reaching safepoint: 293502 ns, Cleanup: 1202 ns, At safepoint: 140051 ns, Total: 434755 ns
[2025-10-15T14:36:18.034-0700][1251][info ][safepoint   ] Safepoint "ICBufferFull", Time since last: 197748 ns, Reaching safepoint: 257157 ns, Cleanup: 942 ns, At safepoint: 105999 ns, Total: 364098 ns
[2025-10-15T14:36:18.035-0700][1251][info ][safepoint   ] Safepoint "ICBufferFull", Time since last: 76616 ns, Reaching safepoint: 288815 ns, Cleanup: 1202 ns, At safepoint: 145579 ns, Total: 435596 ns
[2025-10-15T14:36:18.036-0700][1251][info ][safepoint   ] Safepoint "ICBufferFull", Time since last: 447194 ns, Reaching safepoint: 251279 ns, Cleanup: 1011 ns, At safepoint: 77417 ns, Total: 329707 ns
[2025-10-15T14:36:18.036-0700][1251][info ][safepoint   ] Safepoint "ICBufferFull", Time since last: 171939 ns, Reaching safepoint: 282205 ns, Cleanup: 991 ns, At safepoint: 137648 ns, Total: 420844 ns
[2025-10-15T14:36:18.037-0700][1251][info ][safepoint   ] Safepoint "ICBufferFull", Time since last: 224929 ns, Reaching safepoint: 280933 ns, Cleanup: 601 ns, At safepoint: 119440 ns, Total: 400974 ns
[2025-10-15T14:36:18.037-0700][1251][info ][safepoint   ] Safepoint "ICBufferFull", Time since last: 252320 ns, Reaching safepoint: 253051 ns, Cleanup: 982 ns, At safepoint: 74232 ns, Total: 328265 ns
[2025-10-15T14:36:18.038-0700][1251][info ][safepoint   ] Safepoint "ICBufferFull", Time since last: 156546 ns, Reaching safepoint: 283607 ns, Cleanup: 981 ns, At safepoint: 135765 ns, Total: 420353 ns
[2025-10-15T14:36:18.039-0700][1251][info ][safepoint   ] Safepoint "ICBufferFull", Time since last: 226521 ns, Reaching safepoint: 270678 ns, Cleanup: 901 ns, At safepoint: 101624 ns, Total: 373203 ns
[2025-10-15T14:36:18.039-0700][1251][info ][safepoint   ] Safepoint "ICBufferFull", Time since last: 229756 ns, Reaching safepoint: 248013 ns, Cleanup: 782 ns, At safepoint: 85939 ns, Total: 334734 ns
[2025-10-15T14:36:18.040-0700][1251][info ][safepoint   ] Safepoint "ICBufferFull", Time since last: 441716 ns, Reaching safepoint: 256867 ns, Cleanup: 1041 ns, At safepoint: 79781 ns, Total: 337689 ns
[2025-10-15T14:36:18.040-0700][1251][info ][safepoint   ] Safepoint "ICBufferFull", Time since last: 172469 ns, Reaching safepoint: 276497 ns, Cleanup: 891 ns, At safepoint: 121483 ns, Total: 398871 ns
[2025-10-15T14:36:18.041-0700][1251][info ][safepoint   ] Safepoint "ICBufferFull", Time since last: 256917 ns, Reaching safepoint: 263808 ns, Cleanup: 1062 ns, At safepoint: 101943 ns, Total: 366813 ns
[2025-10-15T14:36:18.042-0700][1251][info ][safepoint   ] Safepoint "ICBufferFull", Time since last: 206491 ns, Reaching safepoint: 274504 ns, Cleanup: 821 ns, At safepoint: 111809 ns, Total: 387134 ns
[2025-10-15T14:36:18.042-0700][1251][info ][safepoint   ] Safepoint "ICBufferFull", Time since last: 326081 ns, Reaching safepoint: 248494 ns, Cleanup: 471 ns, At safepoint: 73941 ns, Total: 322906 ns
[2025-10-15T14:36:18.043-0700][1251][info ][safepoint   ] Safepoint "ICBufferFull", Time since last: 170868 ns, Reaching safepoint: 267313 ns, Cleanup: 911 ns, At safepoint: 111658 ns, Total: 379882 ns
[2025-10-15T14:36:18.043-0700][1251][info ][safepoint   ] Safepoint "ICBufferFull", Time since last: 143977 ns, Reaching safepoint: 283287 ns, Cleanup: 901 ns, At safepoint: 104057 ns, Total: 388245 ns
[2025-10-15T14:36:18.044-0700][1251][info ][safepoint   ] Safepoint "ICBufferFull", Time since last: 125349 ns, Reaching safepoint: 251599 ns, Cleanup: 1082 ns, At safepoint: 97246 ns, Total: 349927 ns
[2025-10-15T14:36:18.045-0700][1251][info ][safepoint   ] Safepoint "ICBufferFull", Time since last: 382016 ns, Reaching safepoint: 246712 ns, Cleanup: 861 ns, At safepoint: 81593 ns, Total: 329166 ns
[2025-10-15T14:36:18.045-0700][1251][info ][safepoint   ] Safepoint "ICBufferFull", Time since last: 132590 ns, Reaching safepoint: 275315 ns, Cleanup: 941 ns, At safepoint: 114292 ns, Total: 390548 ns
[2025-10-15T14:36:18.046-0700][1251][info ][safepoint   ] Safepoint "ICBufferFull", Time since last: 169586 ns, Reaching safepoint: 253291 ns, Cleanup: 952 ns, At safepoint: 92059 ns, Total: 346302 ns
[2025-10-15T14:36:18.046-0700][1251][info ][safepoint   ] Safepoint "ICBufferFull", Time since last: 151938 ns, Reaching safepoint: 279331 ns, Cleanup: 932 ns, At safepoint: 114632 ns, Total: 394895 ns
[2025-10-15T14:36:18.047-0700][1251][info ][safepoint   ] Safepoint "ICBufferFull", Time since last: 237418 ns, Reaching safepoint: 243167 ns, Cleanup: 2924 ns, At safepoint: 75093 ns, Total: 321184 ns
[2025-10-15T14:36:18.047-0700][1251][info ][safepoint   ] Safepoint "ICBufferFull", Time since last: 148634 ns, Reaching safepoint: 269466 ns, Cleanup: 8142 ns, At safepoint: 120091 ns, Total: 397699 ns
[2025-10-15T14:36:18.048-0700][1251][info ][safepoint   ] Safepoint "ICBufferFull", Time since last: 117858 ns, Reaching safepoint: 272571 ns, Cleanup: 3545 ns, At safepoint: 102434 ns, Total: 378550 ns
[2025-10-15T14:36:18.048-0700][1251][info ][safepoint   ] Safepoint "ICBufferFull", Time since last: 254143 ns, Reaching safepoint: 252461 ns, Cleanup: 1031 ns, At safepoint: 71688 ns, Total: 325180 ns
[2025-10-15T14:36:18.049-0700][1251][info ][safepoint   ] Safepoint "ICBufferFull", Time since last: 149305 ns, Reaching safepoint: 270488 ns, Cleanup: 1111 ns, At safepoint: 111438 ns, Total: 383037 ns
[2025-10-15T14:36:18.049-0700][1251][info ][safepoint   ] Safepoint "ICBufferFull", Time since last: 228915 ns, Reaching safepoint: 247102 ns, Cleanup: 1112 ns, At safepoint: 70857 ns, Total: 319071 ns
[2025-10-15T14:36:18.050-0700][1251][info ][safepoint   ] Safepoint "ICBufferFull", Time since last: 361725 ns, Reaching safepoint: 236997 ns, Cleanup: 2634 ns, At safepoint: 71438 ns, Total: 311069 ns
[2025-10-15T14:36:18.051-0700][1251][info ][safepoint   ] Safepoint "ICBufferFull", Time since last: 170527 ns, Reaching safepoint: 271539 ns, Cleanup: 871 ns, At safepoint: 114192 ns, Total: 386602 ns
[2025-10-15T14:36:18.051-0700][1251][info ][safepoint   ] Safepoint "ICBufferFull", Time since last: 199571 ns, Reaching safepoint: 241313 ns, Cleanup: 842 ns, At safepoint: 73871 ns, Total: 316026 ns
[2025-10-15T14:36:18.052-0700][1251][info ][safepoint   ] Safepoint "ICBufferFull", Time since last: 286211 ns, Reaching safepoint: 249767 ns, Cleanup: 991 ns, At safepoint: 85889 ns, Total: 336647 ns
[2025-10-15T14:36:18.052-0700][1251][info ][safepoint   ] Safepoint "ICBufferFull", Time since last: 140342 ns, Reaching safepoint: 266772 ns, Cleanup: 571 ns, At safepoint: 107532 ns, Total: 374875 ns
[2025-10-15T14:36:18.053-0700][1251][info ][safepoint   ] Safepoint "ICBufferFull", Time since last: 113200 ns, Reaching safepoint: 267103 ns, Cleanup: 951 ns, At safepoint: 103186 ns, Total: 371240 ns
[2025-10-15T14:36:18.053-0700][1251][info ][safepoint   ] Safepoint "ICBufferFull", Time since last: 141733 ns, Reaching safepoint: 263127 ns, Cleanup: 390 ns, At safepoint: 97527 ns, Total: 361044 ns
[2025-10-15T14:36:18.054-0700][1251][info ][safepoint   ] Safepoint "ICBufferFull", Time since last: 222335 ns, Reaching safepoint: 244489 ns, Cleanup: 981 ns, At safepoint: 79730 ns, Total: 325200 ns
[2025-10-15T14:36:18.054-0700][1251][info ][safepoint   ] Safepoint "ICBufferFull", Time since last: 174683 ns, Reaching safepoint: 260012 ns, Cleanup: 1082 ns, At safepoint: 102524 ns, Total: 363618 ns
[2025-10-15T14:36:18.055-0700][1251][info ][safepoint   ] Safepoint "ICBufferFull", Time since last: 189045 ns, Reaching safepoint: 236707 ns, Cleanup: 1001 ns, At safepoint: 77387 ns, Total: 315095 ns
[2025-10-15T14:36:18.055-0700][1251][info ][safepoint   ] Safepoint "ICBufferFull", Time since last: 209686 ns, Reaching safepoint: 248034 ns, Cleanup: 941 ns, At safepoint: 84888 ns, Total: 333863 ns
[2025-10-15T14:36:18.056-0700][1251][info ][safepoint   ] Safepoint "ICBufferFull", Time since last: 206331 ns, Reaching safepoint: 238048 ns, Cleanup: 1002 ns, At safepoint: 82895 ns, Total: 321945 ns
[2025-10-15T14:36:18.057-0700][1251][info ][safepoint   ] Safepoint "ICBufferFull", Time since last: 135394 ns, Reaching safepoint: 267032 ns, Cleanup: 3435 ns, At safepoint: 104388 ns, Total: 374855 ns
[2025-10-15T14:36:18.057-0700][1251][info ][safepoint   ] Safepoint "ICBufferFull", Time since last: 184187 ns, Reaching safepoint: 261204 ns, Cleanup: 1121 ns, At safepoint: 102204 ns, Total: 364529 ns
[2025-10-15T14:36:18.058-0700][1251][info ][safepoint   ] Safepoint "ICBufferFull", Time since last: 186992 ns, Reaching safepoint: 267173 ns, Cleanup: 991 ns, At safepoint: 111939 ns, Total: 380103 ns
[2025-10-15T14:36:18.058-0700][1251][info ][safepoint   ] Safepoint "ICBufferFull", Time since last: 194813 ns, Reaching safepoint: 267003 ns, Cleanup: 1031 ns, At safepoint: 109075 ns, Total: 377109 ns
[2025-10-15T14:36:18.059-0700][1251][info ][safepoint   ] Safepoint "ICBufferFull", Time since last: 233301 ns, Reaching safepoint: 241414 ns, Cleanup: 971 ns, At safepoint: 76986 ns, Total: 319371 ns
[2025-10-15T14:36:18.059-0700][1251][info ][safepoint   ] Safepoint "ICBufferFull", Time since last: 200793 ns, Reaching safepoint: 237187 ns, Cleanup: 1002 ns, At safepoint: 92569 ns, Total: 330758 ns
[2025-10-15T14:36:18.060-0700][1251][info ][safepoint   ] Safepoint "ICBufferFull", Time since last: 187934 ns, Reaching safepoint: 234323 ns, Cleanup: 1282 ns, At safepoint: 82884 ns, Total: 318489 ns
[2025-10-15T14:36:18.060-0700][1251][info ][safepoint   ] Safepoint "ICBufferFull", Time since last: 188524 ns, Reaching safepoint: 239071 ns, Cleanup: 1031 ns, At safepoint: 89615 ns, Total: 329717 ns
[2025-10-15T14:36:18.061-0700][1251][info ][safepoint   ] Safepoint "ICBufferFull", Time since last: 120412 ns, Reaching safepoint: 264668 ns, Cleanup: 1042 ns, At safepoint: 112009 ns, Total: 377719 ns
[2025-10-15T14:36:18.061-0700][1251][info ][safepoint   ] Safepoint "ICBufferFull", Time since last: 159410 ns, Reaching safepoint: 238970 ns, Cleanup: 1042 ns, At safepoint: 83085 ns, Total: 323097 ns
[2025-10-15T14:36:18.062-0700][1251][info ][safepoint   ] Safepoint "ICBufferFull", Time since last: 121463 ns, Reaching safepoint: 258810 ns, Cleanup: 971 ns, At safepoint: 100962 ns, Total: 360743 ns
[2025-10-15T14:36:18.062-0700][1251][info ][safepoint   ] Safepoint "ICBufferFull", Time since last: 102044 ns, Reaching safepoint: 259111 ns, Cleanup: 931 ns, At safepoint: 94062 ns, Total: 354104 ns
[2025-10-15T14:36:18.063-0700][1251][info ][safepoint   ] Safepoint "ICBufferFull", Time since last: 131207 ns, Reaching safepoint: 264509 ns, Cleanup: 891 ns, At safepoint: 102244 ns, Total: 367644 ns
[2025-10-15T14:36:18.063-0700][1251][info ][safepoint   ] Safepoint "ICBufferFull", Time since last: 147763 ns, Reaching safepoint: 256186 ns, Cleanup: 921 ns, At safepoint: 93611 ns, Total: 350718 ns
[2025-10-15T14:36:18.064-0700][1251][info ][safepoint   ] Safepoint "ICBufferFull", Time since last: 187904 ns, Reaching safepoint: 250126 ns, Cleanup: 1162 ns, At safepoint: 95514 ns, Total: 346802 ns
[2025-10-15T14:36:18.064-0700][1251][info ][safepoint   ] Safepoint "ICBufferFull", Time since last: 126601 ns, Reaching safepoint: 248775 ns, Cleanup: 1292 ns, At safepoint: 85759 ns, Total: 335826 ns
[2025-10-15T14:36:18.065-0700][1251][info ][safepoint   ] Safepoint "ICBufferFull", Time since last: 162234 ns, Reaching safepoint: 248855 ns, Cleanup: 1332 ns, At safepoint: 91448 ns, Total: 341635 ns
[2025-10-15T14:36:18.065-0700][1251][info ][safepoint   ] Safepoint "ICBufferFull", Time since last: 139921 ns, Reaching safepoint: 247302 ns, Cleanup: 982 ns, At safepoint: 84477 ns, Total: 332761 ns
[2025-10-15T14:36:18.066-0700][1251][info ][safepoint   ] Safepoint "ICBufferFull", Time since last: 134733 ns, Reaching safepoint: 251399 ns, Cleanup: 951 ns, At safepoint: 102094 ns, Total: 354444 ns
[2025-10-15T14:36:18.066-0700][1251][info ][safepoint   ] Safepoint "ICBufferFull", Time since last: 243928 ns, Reaching safepoint: 239310 ns, Cleanup: 1102 ns, At safepoint: 81974 ns, Total: 322386 ns
[2025-10-15T14:36:18.067-0700][1251][info ][safepoint   ] Safepoint "ICBufferFull", Time since last: 126600 ns, Reaching safepoint: 247694 ns, Cleanup: 1001 ns, At safepoint: 93651 ns, Total: 342346 ns
[2025-10-15T14:36:18.067-0700][1251][info ][safepoint   ] Safepoint "ICBufferFull", Time since last: 86250 ns, Reaching safepoint: 260312 ns, Cleanup: 1112 ns, At safepoint: 98889 ns, Total: 360313 ns
[2025-10-15T14:36:18.068-0700][1251][info ][safepoint   ] Safepoint "ICBufferFull", Time since last: 192971 ns, Reaching safepoint: 241213 ns, Cleanup: 1192 ns, At safepoint: 80972 ns, Total: 323377 ns
[2025-10-15T14:36:18.068-0700][1251][info ][safepoint   ] Safepoint "ICBufferFull", Time since last: 178669 ns, Reaching safepoint: 240402 ns, Cleanup: 3155 ns, At safepoint: 81904 ns, Total: 325461 ns
[2025-10-15T14:36:18.069-0700][1251][info ][safepoint   ] Safepoint "ICBufferFull", Time since last: 199170 ns, Reaching safepoint: 247553 ns, Cleanup: 981 ns, At safepoint: 80582 ns, Total: 329116 ns
[2025-10-15T14:36:18.069-0700][1251][info ][safepoint   ] Safepoint "ICBufferFull", Time since last: 98047 ns, Reaching safepoint: 260913 ns, Cleanup: 822 ns, At safepoint: 99259 ns, Total: 360994 ns
[2025-10-15T14:36:18.070-0700][1251][info ][safepoint   ] Safepoint "ICBufferFull", Time since last: 207032 ns, Reaching safepoint: 239351 ns, Cleanup: 921 ns, At safepoint: 76475 ns, Total: 316747 ns
[2025-10-15T14:36:18.071-0700][1251][info ][gc,start    ] GC(45) Pause Young (Normal) (G1 Evacuation Pause)
[2025-10-15T14:36:18.071-0700][1251][info ][gc,task     ] GC(45) Using 113 workers of 113 for evacuation
[2025-10-15T14:36:18.086-0700][1251][debug][gc,remset   ] GC(45) Visited cards 21499648 Total dirty 47251456 (45.50%) Total old 155910144 (13.79%)
[2025-10-15T14:36:18.253-0700][1251][info ][gc,phases   ] GC(45)   Pre Evacuate Collection Set: 0.7ms
[2025-10-15T14:36:18.253-0700][1251][info ][gc,phases   ] GC(45)   Merge Heap Roots: 13.7ms
[2025-10-15T14:36:18.253-0700][1251][info ][gc,phases   ] GC(45)   Evacuate Collection Set: 158.7ms
[2025-10-15T14:36:18.253-0700][1251][info ][gc,phases   ] GC(45)   Post Evacuate Collection Set: 8.4ms
[2025-10-15T14:36:18.253-0700][1251][info ][gc,phases   ] GC(45)   Other: 0.1ms
[2025-10-15T14:36:18.253-0700][1251][debug][gc,remset   ] GC(45) Coarsening (recent): Inline->AoC 1239 (1) AoC->Howl 3 (0) Howl->Full 0 (0) Inline->AoC 18 (0) AoC->BitMap 0 (0) BitMap->Full 0 (0)
[2025-10-15T14:36:18.253-0700][1251][debug][gc,remset   ] GC(45) Coarsening (all): Inline->AoC 152028 (282) AoC->Howl 2742 (648) Howl->Full 0 (0) Inline->AoC 9955 (164) AoC->BitMap 1477 (335) BitMap->Full 0 (0)
[2025-10-15T14:36:18.253-0700][1251][info ][gc,heap     ] GC(45) Eden regions: 779->0(757)
[2025-10-15T14:36:18.253-0700][1251][info ][gc,heap     ] GC(45) Survivor regions: 38->73(103)
[2025-10-15T14:36:18.253-0700][1251][info ][gc,heap     ] GC(45) Old regions: 745->745
[2025-10-15T14:36:18.253-0700][1251][info ][gc,heap     ] GC(45) Humongous regions: 0->0
[2025-10-15T14:36:18.253-0700][1251][info ][gc,metaspace] GC(45) Metaspace: 289869K(295104K)->289869K(295104K) NonClass: 254727K(257728K)->254727K(257728K) Class: 35142K(37376K)->35142K(37376K)
[2025-10-15T14:36:18.253-0700][1251][info ][gc          ] GC(45) Pause Young (Normal) (G1 Evacuation Pause) 49956M->26156M(184320M) 181.746ms
[2025-10-15T14:36:18.254-0700][1251][info ][gc,cpu      ] GC(45) User=7.21s Sys=0.00s Real=0.18s
[2025-10-15T14:36:18.255-0700][1251][info ][safepoint   ] Safepoint "G1CollectForAllocation", Time since last: 204609 ns, Reaching safepoint: 231088 ns, Cleanup: 1162 ns, At safepoint: 184516178 ns, Total: 184748428 ns
[2025-10-15T14:36:18.258-0700][1251][info ][safepoint   ] Safepoint "ICBufferFull", Time since last: 141003 ns, Reaching safepoint: 2516612 ns, Cleanup: 14572 ns, At safepoint: 511230 ns, Total: 3042414 ns
[2025-10-15T14:36:18.269-0700][1251][info ][safepoint   ] Safepoint "ICBufferFull", Time since last: 3864132 ns, Reaching safepoint: 6858444 ns, Cleanup: 10396 ns, At safepoint: 539172 ns, Total: 7408012 ns
[2025-10-15T14:36:18.400-0700][1251][info ][safepoint   ] Safepoint "ICBufferFull", Time since last: 8368790 ns, Reaching safepoint: 121319477 ns, Cleanup: 46240 ns, At safepoint: 927267 ns, Total: 122292984 ns
[2025-10-15T14:36:18.676-0700][1251][info ][safepoint   ] Safepoint "ICBufferFull", Time since last: 828118 ns, Reaching safepoint: 275027516 ns, Cleanup: 138308 ns, At safepoint: 429317 ns, Total: 275595141 ns
[2025-10-15T14:36:18.682-0700][1251][info ][safepoint   ] Safepoint "ICBufferFull", Time since last: 4346900 ns, Reaching safepoint: 1024023 ns, Cleanup: 13180 ns, At safepoint: 339211 ns, Total: 1376414 ns
[2025-10-15T14:36:18.716-0700][1251][info ][safepoint   ] Safepoint "ICBufferFull", Time since last: 802168 ns, Reaching safepoint: 28800405 ns, Cleanup: 45649 ns, At safepoint: 4502043 ns, Total: 33348097 ns
[2025-10-15T14:36:18.721-0700][1251][info ][safepoint   ] Safepoint "ICBufferFull", Time since last: 3243678 ns, Reaching safepoint: 1354010 ns, Cleanup: 8593 ns, At safepoint: 779775 ns, Total: 2142378 ns
[2025-10-15T14:36:18.732-0700][1251][info ][safepoint   ] Safepoint "ICBufferFull", Time since last: 7806232 ns, Reaching safepoint: 2498685 ns, Cleanup: 4416 ns, At safepoint: 523099 ns, Total: 3026200 ns
[2025-10-15T14:36:18.740-0700][1251][info ][safepoint   ] Safepoint "ICBufferFull", Time since last: 2517272 ns, Reaching safepoint: 943983 ns, Cleanup: 8002 ns, At safepoint: 4595945 ns, Total: 5547930 ns
[2025-10-15T14:36:18.745-0700][1251][info ][safepoint   ] Safepoint "ICBufferFull", Time since last: 862439 ns, Reaching safepoint: 1372188 ns, Cleanup: 15864 ns, At safepoint: 2501599 ns, Total: 3889651 ns
[2025-10-15T14:36:18.755-0700][1251][info ][safepoint   ] Safepoint "ICBufferFull", Time since last: 4773312 ns, Reaching safepoint: 4369884 ns, Cleanup: 5709 ns, At safepoint: 570409 ns, Total: 4946002 ns
[2025-10-15T14:36:18.767-0700][1251][info ][safepoint   ] Safepoint "ICBufferFull", Time since last: 3436599 ns, Reaching safepoint: 2050529 ns, Cleanup: 16395 ns, At safepoint: 6533825 ns, Total: 8600749 ns
[2025-10-15T14:36:18.782-0700][1251][info ][safepoint   ] Safepoint "ICBufferFull", Time since last: 6601296 ns, Reaching safepoint: 7970800 ns, Cleanup: 11227 ns, At safepoint: 637030 ns, Total: 8619057 ns
[2025-10-15T14:36:18.815-0700][1251][info ][safepoint   ] Safepoint "ICBufferFull", Time since last: 15723671 ns, Reaching safepoint: 5510383 ns, Cleanup: 14272 ns, At safepoint: 11466797 ns, Total: 16991452 ns
[2025-10-15T14:36:18.819-0700][1251][info ][safepoint   ] Safepoint "ICBufferFull", Time since last: 775048 ns, Reaching safepoint: 2023088 ns, Cleanup: 6690 ns, At safepoint: 1077774 ns, Total: 3107552 ns
[2025-10-15T14:36:18.823-0700][1251][info ][safepoint   ] Safepoint "ICBufferFull", Time since last: 1956188 ns, Reaching safepoint: 1673371 ns, Cleanup: 3025 ns, At safepoint: 754777 ns, Total: 2431173 ns
[2025-10-15T14:36:18.834-0700][1251][info ][safepoint   ] Safepoint "ICBufferFull", Time since last: 4208481 ns, Reaching safepoint: 5182919 ns, Cleanup: 16415 ns, At safepoint: 1293709 ns, Total: 6493043 ns
[2025-10-15T14:36:18.844-0700][1251][info ][safepoint   ] Safepoint "ICBufferFull", Time since last: 1880624 ns, Reaching safepoint: 6195154 ns, Cleanup: 4207 ns, At safepoint: 1812871 ns, Total: 8012232 ns
[2025-10-15T14:36:18.873-0700][1251][info ][safepoint   ] Safepoint "ICBufferFull", Time since last: 2204452 ns, Reaching safepoint: 26033836 ns, Cleanup: 22875 ns, At safepoint: 910421 ns, Total: 26967132 ns
[2025-10-15T14:36:18.876-0700][1251][info ][safepoint   ] Safepoint "ICBufferFull", Time since last: 1576596 ns, Reaching safepoint: 1434061 ns, Cleanup: 11537 ns, At safepoint: 488807 ns, Total: 1934405 ns
[2025-10-15T14:36:18.889-0700][1251][info ][safepoint   ] Safepoint "ICBufferFull", Time since last: 4117744 ns, Reaching safepoint: 6310548 ns, Cleanup: 5849 ns, At safepoint: 1804309 ns, Total: 8120706 ns
[2025-10-15T14:36:18.901-0700][1251][info ][safepoint   ] Safepoint "ICBufferFull", Time since last: 3703610 ns, Reaching safepoint: 1435483 ns, Cleanup: 13330 ns, At safepoint: 7176674 ns, Total: 8625487 ns
[2025-10-15T14:36:18.910-0700][1251][info ][safepoint   ] Safepoint "ICBufferFull", Time since last: 5659597 ns, Reaching safepoint: 2749813 ns, Cleanup: 17186 ns, At safepoint: 635488 ns, Total: 3402487 ns
[2025-10-15T14:36:18.924-0700][1251][info ][safepoint   ] Safepoint "ICBufferFull", Time since last: 1199437 ns, Reaching safepoint: 3134553 ns, Cleanup: 4166 ns, At safepoint: 9333654 ns, Total: 12472373 ns
[2025-10-15T14:36:18.933-0700][1251][info ][safepoint   ] Safepoint "ICBufferFull", Time since last: 3339021 ns, Reaching safepoint: 5265323 ns, Cleanup: 6290 ns, At safepoint: 308294 ns, Total: 5579907 ns
[2025-10-15T14:36:18.940-0700][1251][info ][safepoint   ] Safepoint "ICBufferFull", Time since last: 834878 ns, Reaching safepoint: 6146612 ns, Cleanup: 3094 ns, At safepoint: 442828 ns, Total: 6592534 ns
[2025-10-15T14:36:18.947-0700][1251][info ][safepoint   ] Safepoint "ICBufferFull", Time since last: 2480898 ns, Reaching safepoint: 3772654 ns, Cleanup: 3636 ns, At safepoint: 398089 ns, Total: 4174379 ns
[2025-10-15T14:36:18.954-0700][1251][info ][safepoint   ] Safepoint "ICBufferFull", Time since last: 995781 ns, Reaching safepoint: 6093501 ns, Cleanup: 2664 ns, At safepoint: 388796 ns, Total: 6484961 ns
[2025-10-15T14:36:18.960-0700][1251][info ][safepoint   ] Safepoint "ICBufferFull", Time since last: 850752 ns, Reaching safepoint: 4287490 ns, Cleanup: 3535 ns, At safepoint: 365120 ns, Total: 4656145 ns
[2025-10-15T14:36:18.973-0700][1251][info ][safepoint   ] Safepoint "ICBufferFull", Time since last: 3782430 ns, Reaching safepoint: 6904012 ns, Cleanup: 5478 ns, At safepoint: 2440668 ns, Total: 9350158 ns
[2025-10-15T14:36:18.982-0700][1251][info ][safepoint   ] Safepoint "ICBufferFull", Time since last: 2281798 ns, Reaching safepoint: 3996361 ns, Cleanup: 10807 ns, At safepoint: 2628040 ns, Total: 6635208 ns
[2025-10-15T14:36:18.998-0700][1251][info ][safepoint   ] Safepoint "ICBufferFull", Time since last: 1427921 ns, Reaching safepoint: 6255966 ns, Cleanup: 10316 ns, At safepoint: 8713429 ns, Total: 14979711 ns
[2025-10-15T14:36:19.009-0700][1251][info ][safepoint   ] Safepoint "ICBufferFull", Time since last: 2910225 ns, Reaching safepoint: 5388368 ns, Cleanup: 10216 ns, At safepoint: 2562531 ns, Total: 7961115 ns
[2025-10-15T14:36:19.020-0700][1251][info ][safepoint   ] Safepoint "ICBufferFull", Time since last: 3990272 ns, Reaching safepoint: 6724032 ns, Cleanup: 4827 ns, At safepoint: 293342 ns, Total: 7022201 ns
[2025-10-15T14:36:19.022-0700][1251][info ][safepoint   ] Safepoint "ICBufferFull", Time since last: 822129 ns, Reaching safepoint: 770240 ns, Cleanup: 3586 ns, At safepoint: 464119 ns, Total: 1237945 ns
[2025-10-15T14:36:19.024-0700][1251][info ][safepoint   ] Safepoint "ICBufferFull", Time since last: 842439 ns, Reaching safepoint: 1000638 ns, Cleanup: 3936 ns, At safepoint: 325851 ns, Total: 1330425 ns
[2025-10-15T14:36:19.027-0700][1251][info ][safepoint   ] Safepoint "ICBufferFull", Time since last: 1235101 ns, Reaching safepoint: 737812 ns, Cleanup: 3755 ns, At safepoint: 343207 ns, Total: 1084774 ns
[2025-10-15T14:36:19.029-0700][1251][info ][safepoint   ] Safepoint "ICBufferFull", Time since last: 913226 ns, Reaching safepoint: 925966 ns, Cleanup: 2914 ns, At safepoint: 358310 ns, Total: 1287190 ns
[2025-10-15T14:36:19.033-0700][1251][info ][safepoint   ] Safepoint "ICBufferFull", Time since last: 2864025 ns, Reaching safepoint: 1336774 ns, Cleanup: 3876 ns, At safepoint: 421385 ns, Total: 1762035 ns
[2025-10-15T14:36:19.038-0700][1251][info ][safepoint   ] Safepoint "ICBufferFull", Time since last: 1750908 ns, Reaching safepoint: 1924350 ns, Cleanup: 4607 ns, At safepoint: 873806 ns, Total: 2802763 ns
[2025-10-15T14:36:19.043-0700][1251][info ][safepoint   ] Safepoint "ICBufferFull", Time since last: 3439292 ns, Reaching safepoint: 1360651 ns, Cleanup: 4246 ns, At safepoint: 431510 ns, Total: 1796407 ns
[2025-10-15T14:36:19.049-0700][1251][info ][safepoint   ] Safepoint "ICBufferFull", Time since last: 3875870 ns, Reaching safepoint: 1743237 ns, Cleanup: 4086 ns, At safepoint: 513874 ns, Total: 2261197 ns
[2025-10-15T14:36:19.059-0700][1251][info ][safepoint   ] Safepoint "ICBufferFull", Time since last: 8328339 ns, Reaching safepoint: 1209001 ns, Cleanup: 11267 ns, At safepoint: 343428 ns, Total: 1563696 ns
[2025-10-15T14:36:19.066-0700][1251][info ][safepoint   ] Safepoint "ICBufferFull", Time since last: 5283992 ns, Reaching safepoint: 1355021 ns, Cleanup: 15253 ns, At safepoint: 398941 ns, Total: 1769215 ns
[2025-10-15T14:36:19.076-0700][1251][info ][safepoint   ] Safepoint "ICBufferFull", Time since last: 6830883 ns, Reaching safepoint: 1371156 ns, Cleanup: 12378 ns, At safepoint: 1615384 ns, Total: 2998918 ns
[2025-10-15T14:36:19.081-0700][1251][info ][safepoint   ] Safepoint "ICBufferFull", Time since last: 1693081 ns, Reaching safepoint: 3195936 ns, Cleanup: 11337 ns, At safepoint: 425821 ns, Total: 3633094 ns
[2025-10-15T14:36:19.095-0700][1251][info ][safepoint   ] Safepoint "ICBufferFull", Time since last: 9259863 ns, Reaching safepoint: 3582077 ns, Cleanup: 4567 ns, At safepoint: 383948 ns, Total: 3970592 ns
[2025-10-15T14:36:19.101-0700][1251][info ][safepoint   ] Safepoint "ICBufferFull", Time since last: 2721191 ns, Reaching safepoint: 1983889 ns, Cleanup: 4086 ns, At safepoint: 1205837 ns, Total: 3193812 ns
[2025-10-15T14:36:19.111-0700][1251][info ][safepoint   ] Safepoint "ICBufferFull", Time since last: 483218 ns, Reaching safepoint: 5477753 ns, Cleanup: 12049 ns, At safepoint: 4755064 ns, Total: 10244866 ns
[2025-10-15T14:36:19.128-0700][1251][info ][safepoint   ] Safepoint "ICBufferFull", Time since last: 6099531 ns, Reaching safepoint: 5129649 ns, Cleanup: 5738 ns, At safepoint: 5875724 ns, Total: 11011111 ns
[2025-10-15T14:36:19.139-0700][1251][info ][safepoint   ] Safepoint "ICBufferFull", Time since last: 8973160 ns, Reaching safepoint: 1013968 ns, Cleanup: 4316 ns, At safepoint: 410278 ns, Total: 1428562 ns
[2025-10-15T14:36:19.149-0700][1251][info ][safepoint   ] Safepoint "ICBufferFull", Time since last: 591311 ns, Reaching safepoint: 9409037 ns, Cleanup: 6750 ns, At safepoint: 207173 ns, Total: 9622960 ns
[2025-10-15T14:36:19.158-0700][1251][info ][safepoint   ] Safepoint "ICBufferFull", Time since last: 771202 ns, Reaching safepoint: 7980705 ns, Cleanup: 5227 ns, At safepoint: 354084 ns, Total: 8340016 ns
[2025-10-15T14:36:19.160-0700][1251][info ][safepoint   ] Safepoint "ICBufferFull", Time since last: 484089 ns, Reaching safepoint: 833136 ns, Cleanup: 3475 ns, At safepoint: 413202 ns, Total: 1249813 ns
[2025-10-15T14:36:19.162-0700][1251][info ][safepoint   ] Safepoint "ICBufferFull", Time since last: 1098556 ns, Reaching safepoint: 920777 ns, Cleanup: 3105 ns, At safepoint: 339631 ns, Total: 1263513 ns
[2025-10-15T14:36:19.164-0700][1251][info ][safepoint   ] Safepoint "ICBufferFull", Time since last: 1013407 ns, Reaching safepoint: 671522 ns, Cleanup: 2404 ns, At safepoint: 378881 ns, Total: 1052807 ns
[2025-10-15T14:36:19.168-0700][1251][info ][safepoint   ] Safepoint "ICBufferFull", Time since last: 2694830 ns, Reaching safepoint: 921018 ns, Cleanup: 8463 ns, At safepoint: 453213 ns, Total: 1382694 ns
[2025-10-15T14:36:19.170-0700][1251][info ][safepoint   ] Safepoint "ICBufferFull", Time since last: 561165 ns, Reaching safepoint: 1087789 ns, Cleanup: 2424 ns, At safepoint: 514595 ns, Total: 1604808 ns
[2025-10-15T14:36:19.174-0700][1251][info ][safepoint   ] Safepoint "ICBufferFull", Time since last: 971594 ns, Reaching safepoint: 1952131 ns, Cleanup: 3095 ns, At safepoint: 505802 ns, Total: 2461028 ns
[2025-10-15T14:36:19.176-0700][1251][info ][safepoint   ] Safepoint "ICBufferFull", Time since last: 912485 ns, Reaching safepoint: 588737 ns, Cleanup: 2654 ns, At safepoint: 354464 ns, Total: 945855 ns
[2025-10-15T14:36:19.180-0700][1251][info ][safepoint   ] Safepoint "ICBufferFull", Time since last: 2626398 ns, Reaching safepoint: 710190 ns, Cleanup: 9193 ns, At safepoint: 392702 ns, Total: 1112085 ns
[2025-10-15T14:36:19.181-0700][1251][info ][safepoint   ] Safepoint "ICBufferFull", Time since last: 370709 ns, Reaching safepoint: 685072 ns, Cleanup: 5799 ns, At safepoint: 301614 ns, Total: 992485 ns
[2025-10-15T14:36:19.183-0700][1251][info ][safepoint   ] Safepoint "ICBufferFull", Time since last: 1333890 ns, Reaching safepoint: 580785 ns, Cleanup: 6680 ns, At safepoint: 320793 ns, Total: 908258 ns
[2025-10-15T14:36:19.186-0700][1251][info ][safepoint   ] Safepoint "ICBufferFull", Time since last: 1278787 ns, Reaching safepoint: 1007659 ns, Cleanup: 3705 ns, At safepoint: 428366 ns, Total: 1439730 ns
[2025-10-15T14:36:19.191-0700][1251][info ][safepoint   ] Safepoint "ICBufferFull", Time since last: 2903585 ns, Reaching safepoint: 1427541 ns, Cleanup: 4637 ns, At safepoint: 520364 ns, Total: 1952542 ns
[2025-10-15T14:36:19.196-0700][1251][info ][safepoint   ] Safepoint "ICBufferFull", Time since last: 3285230 ns, Reaching safepoint: 1388992 ns, Cleanup: 10436 ns, At safepoint: 490099 ns, Total: 1889527 ns
[2025-10-15T14:36:19.201-0700][1251][info ][safepoint   ] Safepoint "ICBufferFull", Time since last: 1232046 ns, Reaching safepoint: 912555 ns, Cleanup: 6720 ns, At safepoint: 2571835 ns, Total: 3491110 ns
[2025-10-15T14:36:19.207-0700][1251][info ][safepoint   ] Safepoint "ICBufferFull", Time since last: 4743117 ns, Reaching safepoint: 1319318 ns, Cleanup: 4717 ns, At safepoint: 591511 ns, Total: 1915546 ns
[2025-10-15T14:36:19.217-0700][1251][info ][safepoint   ] Safepoint "ICBufferFull", Time since last: 5913520 ns, Reaching safepoint: 1694994 ns, Cleanup: 4878 ns, At safepoint: 1763036 ns, Total: 3462908 ns
[2025-10-15T14:36:19.221-0700][1251][info ][safepoint   ] Safepoint "ICBufferFull", Time since last: 2436812 ns, Reaching safepoint: 1365807 ns, Cleanup: 4417 ns, At safepoint: 420754 ns, Total: 1790978 ns
[2025-10-15T14:36:19.223-0700][1251][info ][safepoint   ] Safepoint "ICBufferFull", Time since last: 524040 ns, Reaching safepoint: 550309 ns, Cleanup: 1542 ns, At safepoint: 680395 ns, Total: 1232246 ns
[2025-10-15T14:36:19.237-0700][1251][info ][safepoint   ] Safepoint "ICBufferFull", Time since last: 820326 ns, Reaching safepoint: 13215493 ns, Cleanup: 4306 ns, At safepoint: 189997 ns, Total: 13409796 ns
[2025-10-15T14:36:19.239-0700][1251][info ][safepoint   ] Safepoint "ICBufferFull", Time since last: 475476 ns, Reaching safepoint: 1214109 ns, Cleanup: 2815 ns, At safepoint: 246731 ns, Total: 1463655 ns
[2025-10-15T14:36:19.240-0700][1251][info ][safepoint   ] Safepoint "ICBufferFull", Time since last: 705874 ns, Reaching safepoint: 444570 ns, Cleanup: 1602 ns, At safepoint: 239962 ns, Total: 686134 ns
[2025-10-15T14:36:19.242-0700][1251][info ][safepoint   ] Safepoint "ICBufferFull", Time since last: 785003 ns, Reaching safepoint: 454705 ns, Cleanup: 1742 ns, At safepoint: 249186 ns, Total: 705633 ns
[2025-10-15T14:36:19.245-0700][1251][info ][safepoint   ] Safepoint "ICBufferFull", Time since last: 2502090 ns, Reaching safepoint: 747156 ns, Cleanup: 3214 ns, At safepoint: 175825 ns, Total: 926195 ns
[2025-10-15T14:36:19.246-0700][1251][info ][safepoint   ] Safepoint "ICBufferFull", Time since last: 407514 ns, Reaching safepoint: 495437 ns, Cleanup: 1843 ns, At safepoint: 287933 ns, Total: 785213 ns
[2025-10-15T14:36:19.247-0700][1251][info ][safepoint   ] Safepoint "ICBufferFull", Time since last: 412442 ns, Reaching safepoint: 470619 ns, Cleanup: 1733 ns, At safepoint: 310457 ns, Total: 782809 ns
[2025-10-15T14:36:19.250-0700][1251][info ][safepoint   ] Safepoint "ICBufferFull", Time since last: 974268 ns, Reaching safepoint: 1694013 ns, Cleanup: 4136 ns, At safepoint: 326933 ns, Total: 2025082 ns
[2025-10-15T14:36:19.252-0700][1251][info ][safepoint   ] Safepoint "ICBufferFull", Time since last: 690600 ns, Reaching safepoint: 645893 ns, Cleanup: 1843 ns, At safepoint: 340012 ns, Total: 987748 ns
[2025-10-15T14:36:19.254-0700][1251][info ][safepoint   ] Safepoint "ICBufferFull", Time since last: 431250 ns, Reaching safepoint: 727176 ns, Cleanup: 1993 ns, At safepoint: 386232 ns, Total: 1115401 ns
[2025-10-15T14:36:19.256-0700][1251][info ][safepoint   ] Safepoint "ICBufferFull", Time since last: 683149 ns, Reaching safepoint: 745844 ns, Cleanup: 3836 ns, At safepoint: 410158 ns, Total: 1159838 ns
[2025-10-15T14:36:19.258-0700][1251][info ][safepoint   ] Safepoint "ICBufferFull", Time since last: 984453 ns, Reaching safepoint: 901178 ns, Cleanup: 4066 ns, At safepoint: 510740 ns, Total: 1415984 ns
[2025-10-15T14:36:19.260-0700][1251][info ][safepoint   ] Safepoint "ICBufferFull", Time since last: 616559 ns, Reaching safepoint: 767105 ns, Cleanup: 3806 ns, At safepoint: 455056 ns, Total: 1225967 ns
[2025-10-15T14:36:19.262-0700][1251][info ][safepoint   ] Safepoint "ICBufferFull", Time since last: 618181 ns, Reaching safepoint: 1344226 ns, Cleanup: 8623 ns, At safepoint: 507595 ns, Total: 1860444 ns
[2025-10-15T14:36:19.265-0700][1251][info ][safepoint   ] Safepoint "ICBufferFull", Time since last: 1180749 ns, Reaching safepoint: 919565 ns, Cleanup: 4066 ns, At safepoint: 538091 ns, Total: 1461722 ns
[2025-10-15T14:36:19.268-0700][1251][info ][safepoint   ] Safepoint "ICBufferFull", Time since last: 1167639 ns, Reaching safepoint: 990643 ns, Cleanup: 5058 ns, At safepoint: 592442 ns, Total: 1588143 ns
[2025-10-15T14:36:19.271-0700][1251][info ][safepoint   ] Safepoint "ICBufferFull", Time since last: 1514222 ns, Reaching safepoint: 1257585 ns, Cleanup: 24707 ns, At safepoint: 412451 ns, Total: 1694743 ns
[2025-10-15T14:36:19.273-0700][1251][info ][safepoint   ] Safepoint "ICBufferFull", Time since last: 826806 ns, Reaching safepoint: 1090974 ns, Cleanup: 12499 ns, At safepoint: 564460 ns, Total: 1667933 ns
[2025-10-15T14:36:19.277-0700][1251][info ][safepoint   ] Safepoint "ICBufferFull", Time since last: 1573551 ns, Reaching safepoint: 1548203 ns, Cleanup: 11958 ns, At safepoint: 652533 ns, Total: 2212694 ns
[2025-10-15T14:36:19.281-0700][1251][info ][safepoint   ] Safepoint "ICBufferFull", Time since last: 2035858 ns, Reaching safepoint: 1292557 ns, Cleanup: 11447 ns, At safepoint: 555528 ns, Total: 1859532 ns
[2025-10-15T14:36:19.285-0700][1251][info ][safepoint   ] Safepoint "ICBufferFull", Time since last: 1475012 ns, Reaching safepoint: 1492088 ns, Cleanup: 14522 ns, At safepoint: 484580 ns, Total: 1991190 ns
[2025-10-15T14:36:19.288-0700][1251][info ][safepoint   ] Safepoint "ICBufferFull", Time since last: 1274951 ns, Reaching safepoint: 1190023 ns, Cleanup: 4427 ns, At safepoint: 553794 ns, Total: 1748244 ns
[2025-10-15T14:36:19.291-0700][1251][info ][safepoint   ] Safepoint "ICBufferFull", Time since last: 1055972 ns, Reaching safepoint: 1486599 ns, Cleanup: 4537 ns, At safepoint: 507936 ns, Total: 1999072 ns
[2025-10-15T14:36:19.293-0700][1251][info ][safepoint   ] Safepoint "ICBufferFull", Time since last: 648707 ns, Reaching safepoint: 1389183 ns, Cleanup: 5068 ns, At safepoint: 416227 ns, Total: 1810478 ns
[2025-10-15T14:36:19.298-0700][1251][info ][safepoint   ] Safepoint "ICBufferFull", Time since last: 3211038 ns, Reaching safepoint: 998004 ns, Cleanup: 4917 ns, At safepoint: 488536 ns, Total: 1491457 ns
[2025-10-15T14:36:19.304-0700][1251][info ][safepoint   ] Safepoint "ICBufferFull", Time since last: 4657859 ns, Reaching safepoint: 1538928 ns, Cleanup: 4237 ns, At safepoint: 478671 ns, Total: 2021836 ns
[2025-10-15T14:36:19.310-0700][1251][info ][safepoint   ] Safepoint "ICBufferFull", Time since last: 3971684 ns, Reaching safepoint: 1499039 ns, Cleanup: 22284 ns, At safepoint: 502006 ns, Total: 2023329 ns
[2025-10-15T14:36:19.316-0700][1251][info ][safepoint   ] Safepoint "ICBufferFull", Time since last: 2578255 ns, Reaching safepoint: 1424556 ns, Cleanup: 4978 ns, At safepoint: 1553961 ns, Total: 2983495 ns
[2025-10-15T14:36:19.323-0700][1251][info ][safepoint   ] Safepoint "ICBufferFull", Time since last: 5488260 ns, Reaching safepoint: 1362432 ns, Cleanup: 11458 ns, At safepoint: 392902 ns, Total: 1766792 ns
[2025-10-15T14:36:19.333-0700][1251][info ][safepoint   ] Safepoint "ICBufferFull", Time since last: 6767046 ns, Reaching safepoint: 1416144 ns, Cleanup: 4396 ns, At safepoint: 1138606 ns, Total: 2559146 ns
[2025-10-15T14:36:19.345-0700][1251][info ][safepoint   ] Safepoint "ICBufferFull", Time since last: 7345968 ns, Reaching safepoint: 1883158 ns, Cleanup: 14361 ns, At safepoint: 3108694 ns, Total: 5006213 ns
[2025-10-15T14:36:19.354-0700][1251][info ][safepoint   ] Safepoint "ICBufferFull", Time since last: 3343588 ns, Reaching safepoint: 2260967 ns, Cleanup: 5418 ns, At safepoint: 3694377 ns, Total: 5960762 ns
[2025-10-15T14:36:19.378-0700][1251][info ][safepoint   ] Safepoint "ICBufferFull", Time since last: 4168450 ns, Reaching safepoint: 18994811 ns, Cleanup: 5408 ns, At safepoint: 232721 ns, Total: 19232940 ns
[2025-10-15T14:36:19.380-0700][1251][info ][safepoint   ] Safepoint "ICBufferFull", Time since last: 669508 ns, Reaching safepoint: 1342754 ns, Cleanup: 3675 ns, At safepoint: 352681 ns, Total: 1699110 ns
[2025-10-15T14:36:19.384-0700][1251][info ][safepoint   ] Safepoint "ICBufferFull", Time since last: 3044808 ns, Reaching safepoint: 895690 ns, Cleanup: 5168 ns, At safepoint: 231699 ns, Total: 1132557 ns
[2025-10-15T14:36:19.386-0700][1251][info ][safepoint   ] Safepoint "ICBufferFull", Time since last: 500594 ns, Reaching safepoint: 560174 ns, Cleanup: 1893 ns, At safepoint: 341054 ns, Total: 903121 ns
[2025-10-15T14:36:19.388-0700][1251][info ][safepoint   ] Safepoint "ICBufferFull", Time since last: 1164274 ns, Reaching safepoint: 671552 ns, Cleanup: 3345 ns, At safepoint: 416778 ns, Total: 1091675 ns
[2025-10-15T14:36:19.391-0700][1251][info ][safepoint   ] Safepoint "ICBufferFull", Time since last: 1249482 ns, Reaching safepoint: 1893433 ns, Cleanup: 4788 ns, At safepoint: 460694 ns, Total: 2358915 ns
[2025-10-15T14:36:19.394-0700][1251][info ][safepoint   ] Safepoint "ICBufferFull", Time since last: 1022370 ns, Reaching safepoint: 796180 ns, Cleanup: 3565 ns, At safepoint: 429397 ns, Total: 1229142 ns
[2025-10-15T14:36:19.396-0700][1251][info ][safepoint   ] Safepoint "ICBufferFull", Time since last: 1267420 ns, Reaching safepoint: 938905 ns, Cleanup: 4506 ns, At safepoint: 477209 ns, Total: 1420620 ns
[2025-10-15T14:36:19.399-0700][1251][info ][safepoint   ] Safepoint "ICBufferFull", Time since last: 1231556 ns, Reaching safepoint: 978534 ns, Cleanup: 4808 ns, At safepoint: 517980 ns, Total: 1501322 ns
[2025-10-15T14:36:19.403-0700][1251][info ][safepoint   ] Safepoint "ICBufferFull", Time since last: 1914134 ns, Reaching safepoint: 1066387 ns, Cleanup: 5148 ns, At safepoint: 513684 ns, Total: 1585219 ns
[2025-10-15T14:36:19.405-0700][1251][info ][safepoint   ] Safepoint "ICBufferFull", Time since last: 1256553 ns, Reaching safepoint: 876130 ns, Cleanup: 4377 ns, At safepoint: 537049 ns, Total: 1417556 ns
[2025-10-15T14:36:19.407-0700][1251][info ][safepoint   ] Safepoint "ICBufferFull", Time since last: 732914 ns, Reaching safepoint: 723260 ns, Cleanup: 3746 ns, At safepoint: 531711 ns, Total: 1258717 ns
[2025-10-15T14:36:19.410-0700][1251][info ][safepoint   ] Safepoint "ICBufferFull", Time since last: 903531 ns, Reaching safepoint: 838984 ns, Cleanup: 4547 ns, At safepoint: 559894 ns, Total: 1403425 ns
[2025-10-15T14:36:19.412-0700][1251][info ][safepoint   ] Safepoint "ICBufferFull", Time since last: 955850 ns, Reaching safepoint: 1000097 ns, Cleanup: 4517 ns, At safepoint: 603229 ns, Total: 1607843 ns
[2025-10-15T14:36:19.417-0700][1251][info ][safepoint   ] Safepoint "ICBufferFull", Time since last: 3146080 ns, Reaching safepoint: 998194 ns, Cleanup: 4737 ns, At safepoint: 441285 ns, Total: 1444216 ns
[2025-10-15T14:36:19.419-0700][1251][info ][safepoint   ] Safepoint "ICBufferFull", Time since last: 935289 ns, Reaching safepoint: 792775 ns, Cleanup: 3776 ns, At safepoint: 382686 ns, Total: 1179237 ns
[2025-10-15T14:36:19.421-0700][1251][info ][safepoint   ] Safepoint "ICBufferFull", Time since last: 865594 ns, Reaching safepoint: 834398 ns, Cleanup: 3976 ns, At safepoint: 527755 ns, Total: 1366129 ns
[2025-10-15T14:36:19.424-0700][1251][info ][safepoint   ] Safepoint "ICBufferFull", Time since last: 1059837 ns, Reaching safepoint: 918193 ns, Cleanup: 4677 ns, At safepoint: 507996 ns, Total: 1430866 ns
[2025-10-15T14:36:19.427-0700][1251][info ][safepoint   ] Safepoint "ICBufferFull", Time since last: 2029157 ns, Reaching safepoint: 1101950 ns, Cleanup: 14292 ns, At safepoint: 560985 ns, Total: 1677227 ns
[2025-10-15T14:36:19.430-0700][1251][info ][safepoint   ] Safepoint "ICBufferFull", Time since last: 1322683 ns, Reaching safepoint: 1021039 ns, Cleanup: 14972 ns, At safepoint: 545432 ns, Total: 1581443 ns
[2025-10-15T14:36:19.432-0700][1251][info ][safepoint   ] Safepoint "ICBufferFull", Time since last: 785944 ns, Reaching safepoint: 862730 ns, Cleanup: 4907 ns, At safepoint: 517130 ns, Total: 1384767 ns
[2025-10-15T14:36:19.435-0700][1251][info ][safepoint   ] Safepoint "ICBufferFull", Time since last: 1226878 ns, Reaching safepoint: 981830 ns, Cleanup: 4627 ns, At safepoint: 760315 ns, Total: 1746772 ns
[2025-10-15T14:36:19.439-0700][1251][info ][safepoint   ] Safepoint "ICBufferFull", Time since last: 1262162 ns, Reaching safepoint: 1135801 ns, Cleanup: 4818 ns, At safepoint: 757781 ns, Total: 1898400 ns
[2025-10-15T14:36:19.441-0700][1251][info ][safepoint   ] Safepoint "ICBufferFull", Time since last: 897553 ns, Reaching safepoint: 979586 ns, Cleanup: 4887 ns, At safepoint: 736981 ns, Total: 1721454 ns
[2025-10-15T14:36:19.444-0700][1251][info ][safepoint   ] Safepoint "ICBufferFull", Time since last: 1210914 ns, Reaching safepoint: 1040358 ns, Cleanup: 15142 ns, At safepoint: 710831 ns, Total: 1766331 ns
[2025-10-15T14:36:19.448-0700][1251][info ][safepoint   ] Safepoint "ICBufferFull", Time since last: 1846723 ns, Reaching safepoint: 1005385 ns, Cleanup: 4827 ns, At safepoint: 776480 ns, Total: 1786692 ns
[2025-10-15T14:36:19.452-0700][1251][info ][safepoint   ] Safepoint "ICBufferFull", Time since last: 2136830 ns, Reaching safepoint: 958514 ns, Cleanup: 4877 ns, At safepoint: 662158 ns, Total: 1625549 ns
[2025-10-15T14:36:19.455-0700][1251][info ][safepoint   ] Safepoint "ICBufferFull", Time since last: 2136599 ns, Reaching safepoint: 1044464 ns, Cleanup: 13771 ns, At safepoint: 740926 ns, Total: 1799161 ns
[2025-10-15T14:36:19.460-0700][1251][info ][safepoint   ] Safepoint "ICBufferFull", Time since last: 2624094 ns, Reaching safepoint: 990513 ns, Cleanup: 4777 ns, At safepoint: 604420 ns, Total: 1599710 ns
[2025-10-15T14:36:19.465-0700][1251][info ][safepoint   ] Safepoint "ICBufferFull", Time since last: 3276177 ns, Reaching safepoint: 1061800 ns, Cleanup: 5087 ns, At safepoint: 687717 ns, Total: 1754604 ns
[2025-10-15T14:36:19.469-0700][1251][info ][safepoint   ] Safepoint "ICBufferFull", Time since last: 2278673 ns, Reaching safepoint: 975700 ns, Cleanup: 4677 ns, At safepoint: 650170 ns, Total: 1630547 ns
[2025-10-15T14:36:19.475-0700][1251][info ][safepoint   ] Safepoint "ICBufferFull", Time since last: 4287740 ns, Reaching safepoint: 1022341 ns, Cleanup: 10786 ns, At safepoint: 688117 ns, Total: 1721244 ns
[2025-10-15T14:36:19.479-0700][1251][info ][safepoint   ] Safepoint "ICBufferFull", Time since last: 2707019 ns, Reaching safepoint: 1063602 ns, Cleanup: 5528 ns, At safepoint: 704702 ns, Total: 1773832 ns
[2025-10-15T14:36:19.483-0700][1251][info ][safepoint   ] Safepoint "ICBufferFull", Time since last: 2163270 ns, Reaching safepoint: 1194570 ns, Cleanup: 5788 ns, At safepoint: 552803 ns, Total: 1753161 ns
[2025-10-15T14:36:19.488-0700][1251][info ][safepoint   ] Safepoint "ICBufferFull", Time since last: 3395016 ns, Reaching safepoint: 1318056 ns, Cleanup: 5278 ns, At safepoint: 582577 ns, Total: 1905911 ns
[2025-10-15T14:36:19.498-0700][1251][info ][safepoint   ] Safepoint "ICBufferFull", Time since last: 8401670 ns, Reaching safepoint: 1067047 ns, Cleanup: 11388 ns, At safepoint: 560584 ns, Total: 1639019 ns
[2025-10-15T14:36:19.508-0700][1251][info ][safepoint   ] Safepoint "ICBufferFull", Time since last: 7703688 ns, Reaching safepoint: 1140548 ns, Cleanup: 4677 ns, At safepoint: 675328 ns, Total: 1820553 ns
[2025-10-15T14:36:19.512-0700][1251][info ][safepoint   ] Safepoint "ICBufferFull", Time since last: 2261287 ns, Reaching safepoint: 971414 ns, Cleanup: 4536 ns, At safepoint: 525462 ns, Total: 1501412 ns
[2025-10-15T14:36:19.514-0700][1251][info ][safepoint   ] Safepoint "ICBufferFull", Time since last: 840677 ns, Reaching safepoint: 1036952 ns, Cleanup: 11187 ns, At safepoint: 607706 ns, Total: 1655845 ns
[2025-10-15T14:36:19.517-0700][1251][info ][safepoint   ] Safepoint "ICBufferFull", Time since last: 1447010 ns, Reaching safepoint: 1150303 ns, Cleanup: 4627 ns, At safepoint: 650000 ns, Total: 1804930 ns
[2025-10-15T14:36:19.522-0700][1251][info ][safepoint   ] Safepoint "ICBufferFull", Time since last: 3065078 ns, Reaching safepoint: 1122071 ns, Cleanup: 5258 ns, At safepoint: 679193 ns, Total: 1806522 ns
[2025-10-15T14:36:19.537-0700][1251][info ][safepoint   ] Safepoint "ICBufferFull", Time since last: 13655125 ns, Reaching safepoint: 1152226 ns, Cleanup: 12719 ns, At safepoint: 357829 ns, Total: 1522774 ns
[2025-10-15T14:36:19.540-0700][1251][info ][safepoint   ] Safepoint "ICBufferFull", Time since last: 1076332 ns, Reaching safepoint: 891393 ns, Cleanup: 4607 ns, At safepoint: 523308 ns, Total: 1419308 ns
[2025-10-15T14:36:19.545-0700][1251][info ][safepoint   ] Safepoint "ICBufferFull", Time since last: 2519286 ns, Reaching safepoint: 1584508 ns, Cleanup: 4897 ns, At safepoint: 523118 ns, Total: 2112523 ns
[2025-10-15T14:36:19.547-0700][1251][info ][safepoint   ] Safepoint "ICBufferFull", Time since last: 939115 ns, Reaching safepoint: 909951 ns, Cleanup: 4768 ns, At safepoint: 453012 ns, Total: 1367731 ns
[2025-10-15T14:36:19.550-0700][1251][info ][safepoint   ] Safepoint "ICBufferFull", Time since last: 1454862 ns, Reaching safepoint: 896802 ns, Cleanup: 4126 ns, At safepoint: 512272 ns, Total: 1413200 ns
[2025-10-15T14:36:19.553-0700][1251][info ][safepoint   ] Safepoint "ICBufferFull", Time since last: 1770197 ns, Reaching safepoint: 849620 ns, Cleanup: 4547 ns, At safepoint: 496047 ns, Total: 1350214 ns
[2025-10-15T14:36:19.557-0700][1251][info ][safepoint   ] Safepoint "ICBufferFull", Time since last: 2268959 ns, Reaching safepoint: 1077674 ns, Cleanup: 5127 ns, At safepoint: 619514 ns, Total: 1702315 ns
[2025-10-15T14:36:19.563-0700][1251][info ][safepoint   ] Safepoint "ICBufferFull", Time since last: 4282092 ns, Reaching safepoint: 1025465 ns, Cleanup: 13781 ns, At safepoint: 739925 ns, Total: 1779171 ns
[2025-10-15T14:36:19.570-0700][1251][info ][safepoint   ] Safepoint "ICBufferFull", Time since last: 5600358 ns, Reaching safepoint: 1068380 ns, Cleanup: 11127 ns, At safepoint: 610289 ns, Total: 1689796 ns
[2025-10-15T14:36:19.576-0700][1251][info ][safepoint   ] Safepoint "ICBufferFull", Time since last: 3687236 ns, Reaching safepoint: 974037 ns, Cleanup: 11267 ns, At safepoint: 1449905 ns, Total: 2435209 ns
[2025-10-15T14:36:19.581-0700][1251][info ][safepoint   ] Safepoint "ICBufferFull", Time since last: 3023646 ns, Reaching safepoint: 993908 ns, Cleanup: 4647 ns, At safepoint: 651251 ns, Total: 1649806 ns
[2025-10-15T14:36:19.584-0700][1251][info ][safepoint   ] Safepoint "ICBufferFull", Time since last: 1386198 ns, Reaching safepoint: 895139 ns, Cleanup: 4106 ns, At safepoint: 556198 ns, Total: 1455443 ns
[2025-10-15T14:36:19.592-0700][1251][info ][safepoint   ] Safepoint "ICBufferFull", Time since last: 7104215 ns, Reaching safepoint: 985945 ns, Cleanup: 4567 ns, At safepoint: 370799 ns, Total: 1361311 ns
[2025-10-15T14:36:19.599-0700][1251][info ][safepoint   ] Safepoint "ICBufferFull", Time since last: 5068947 ns, Reaching safepoint: 1049181 ns, Cleanup: 5489 ns, At safepoint: 563068 ns, Total: 1617738 ns
[2025-10-15T14:36:19.604-0700][1251][info ][safepoint   ] Safepoint "ICBufferFull", Time since last: 3379642 ns, Reaching safepoint: 961629 ns, Cleanup: 4877 ns, At safepoint: 658272 ns, Total: 1624778 ns
[2025-10-15T14:36:19.608-0700][1251][info ][safepoint   ] Safepoint "ICBufferFull", Time since last: 2707039 ns, Reaching safepoint: 1138486 ns, Cleanup: 12048 ns, At safepoint: 603078 ns, Total: 1753612 ns
[2025-10-15T14:36:19.611-0700][1251][info ][safepoint   ] Safepoint "ICBufferFull", Time since last: 1090453 ns, Reaching safepoint: 738203 ns, Cleanup: 4136 ns, At safepoint: 601556 ns, Total: 1343895 ns
[2025-10-15T14:36:19.618-0700][1251][info ][safepoint   ] Safepoint "ICBufferFull", Time since last: 5489532 ns, Reaching safepoint: 962460 ns, Cleanup: 17887 ns, At safepoint: 524440 ns, Total: 1504787 ns
[2025-10-15T14:36:19.622-0700][1251][info ][safepoint   ] Safepoint "ICBufferFull", Time since last: 2370622 ns, Reaching safepoint: 1044844 ns, Cleanup: 21943 ns, At safepoint: 646324 ns, Total: 1713111 ns
[2025-10-15T14:36:19.626-0700][1251][info ][safepoint   ] Safepoint "ICBufferFull", Time since last: 2238954 ns, Reaching safepoint: 1023922 ns, Cleanup: 4868 ns, At safepoint: 700986 ns, Total: 1729776 ns
[2025-10-15T14:36:19.633-0700][1251][info ][safepoint   ] Safepoint "ICBufferFull", Time since last: 5423281 ns, Reaching safepoint: 1456876 ns, Cleanup: 12819 ns, At safepoint: 532332 ns, Total: 2002027 ns
[2025-10-15T14:36:19.639-0700][1251][info ][safepoint   ] Safepoint "ICBufferFull", Time since last: 2977937 ns, Reaching safepoint: 1588834 ns, Cleanup: 13911 ns, At safepoint: 694727 ns, Total: 2297472 ns
[2025-10-15T14:36:19.646-0700][1251][info ][safepoint   ] Safepoint "ICBufferFull", Time since last: 3956962 ns, Reaching safepoint: 1637367 ns, Cleanup: 5428 ns, At safepoint: 1856988 ns, Total: 3499783 ns
[2025-10-15T14:36:19.654-0700][1251][info ][safepoint   ] Safepoint "ICBufferFull", Time since last: 5940952 ns, Reaching safepoint: 1770437 ns, Cleanup: 11227 ns, At safepoint: 681046 ns, Total: 2462710 ns
[2025-10-15T14:36:19.663-0700][1251][info ][safepoint   ] Safepoint "ICBufferFull", Time since last: 5883024 ns, Reaching safepoint: 1602004 ns, Cleanup: 4878 ns, At safepoint: 637781 ns, Total: 2244663 ns
[2025-10-15T14:36:19.680-0700][1251][info ][safepoint   ] Safepoint "ICBufferFull", Time since last: 14828392 ns, Reaching safepoint: 1909978 ns, Cleanup: 4767 ns, At safepoint: 563109 ns, Total: 2477854 ns
[2025-10-15T14:36:19.695-0700][1251][info ][safepoint   ] Safepoint "ICBufferFull", Time since last: 4358046 ns, Reaching safepoint: 9975701 ns, Cleanup: 5959 ns, At safepoint: 527996 ns, Total: 10509656 ns
[2025-10-15T14:36:19.699-0700][1251][info ][safepoint   ] Safepoint "ICBufferFull", Time since last: 1783216 ns, Reaching safepoint: 1938882 ns, Cleanup: 5528 ns, At safepoint: 630360 ns, Total: 2574770 ns
[2025-10-15T14:36:19.703-0700][1251][info ][safepoint   ] Safepoint "ICBufferFull", Time since last: 1327590 ns, Reaching safepoint: 1684729 ns, Cleanup: 5278 ns, At safepoint: 658902 ns, Total: 2348909 ns
[2025-10-15T14:36:19.707-0700][1251][info ][safepoint   ] Safepoint "ICBufferFull", Time since last: 1807223 ns, Reaching safepoint: 2220837 ns, Cleanup: 5848 ns, At safepoint: 623430 ns, Total: 2850115 ns
[2025-10-15T14:36:19.713-0700][1251][info ][safepoint   ] Safepoint "ICBufferFull", Time since last: 3755559 ns, Reaching safepoint: 1574402 ns, Cleanup: 5548 ns, At safepoint: 545682 ns, Total: 2125632 ns
[2025-10-15T14:36:19.722-0700][1251][info ][safepoint   ] Safepoint "ICBufferFull", Time since last: 3587766 ns, Reaching safepoint: 2136519 ns, Cleanup: 11818 ns, At safepoint: 2498204 ns, Total: 4646541 ns
[2025-10-15T14:36:19.725-0700][1251][info ][safepoint   ] Safepoint "ICBufferFull", Time since last: 1141691 ns, Reaching safepoint: 1878079 ns, Cleanup: 5979 ns, At safepoint: 728568 ns, Total: 2612626 ns
[2025-10-15T14:36:19.728-0700][1251][info ][safepoint   ] Safepoint "ICBufferFull", Time since last: 1049562 ns, Reaching safepoint: 1331466 ns, Cleanup: 5107 ns, At safepoint: 632503 ns, Total: 1969076 ns
[2025-10-15T14:36:19.732-0700][1251][info ][safepoint   ] Safepoint "ICBufferFull", Time since last: 1148271 ns, Reaching safepoint: 1900884 ns, Cleanup: 5378 ns, At safepoint: 1002210 ns, Total: 2908472 ns
[2025-10-15T14:36:19.738-0700][1251][info ][safepoint   ] Safepoint "ICBufferFull", Time since last: 3049845 ns, Reaching safepoint: 1711719 ns, Cleanup: 5138 ns, At safepoint: 586984 ns, Total: 2303841 ns
[2025-10-15T14:36:19.753-0700][1251][info ][safepoint   ] Safepoint "ICBufferFull", Time since last: 7594443 ns, Reaching safepoint: 6234194 ns, Cleanup: 4727 ns, At safepoint: 1011774 ns, Total: 7250695 ns
[2025-10-15T14:36:19.759-0700][1251][info ][safepoint   ] Safepoint "ICBufferFull", Time since last: 2674160 ns, Reaching safepoint: 2890064 ns, Cleanup: 5108 ns, At safepoint: 380824 ns, Total: 3275996 ns
[2025-10-15T14:36:19.777-0700][1251][info ][safepoint   ] Safepoint "ICBufferFull", Time since last: 16099958 ns, Reaching safepoint: 2019463 ns, Cleanup: 10676 ns, At safepoint: 681227 ns, Total: 2711366 ns
[2025-10-15T14:36:19.783-0700][1251][info ][safepoint   ] Safepoint "ICBufferFull", Time since last: 2751465 ns, Reaching safepoint: 1912943 ns, Cleanup: 4286 ns, At safepoint: 928259 ns, Total: 2845488 ns
[2025-10-15T14:36:19.795-0700][1251][info ][safepoint   ] Safepoint "ICBufferFull", Time since last: 5613898 ns, Reaching safepoint: 5788963 ns, Cleanup: 4316 ns, At safepoint: 757161 ns, Total: 6550440 ns
[2025-10-15T14:36:19.798-0700][1251][info ][safepoint   ] Safepoint "ICBufferFull", Time since last: 1404166 ns, Reaching safepoint: 1068680 ns, Cleanup: 3255 ns, At safepoint: 250988 ns, Total: 1322923 ns
[2025-10-15T14:36:19.808-0700][1251][info ][safepoint   ] Safepoint "ICBufferFull", Time since last: 3296848 ns, Reaching safepoint: 3445421 ns, Cleanup: 4847 ns, At safepoint: 2959169 ns, Total: 6409437 ns
[2025-10-15T14:36:19.817-0700][1251][info ][safepoint   ] Safepoint "ICBufferFull", Time since last: 4854124 ns, Reaching safepoint: 3748839 ns, Cleanup: 5909 ns, At safepoint: 587084 ns, Total: 4341832 ns
[2025-10-15T14:36:19.826-0700][1251][info ][safepoint   ] Safepoint "ICBufferFull", Time since last: 1122582 ns, Reaching safepoint: 7933313 ns, Cleanup: 17957 ns, At safepoint: 335005 ns, Total: 8286275 ns
[2025-10-15T14:36:19.842-0700][1251][info ][safepoint   ] Safepoint "ICBufferFull", Time since last: 3969140 ns, Reaching safepoint: 10581113 ns, Cleanup: 19640 ns, At safepoint: 1438908 ns, Total: 12039661 ns
[2025-10-15T14:36:19.863-0700][1251][info ][safepoint   ] Safepoint "ICBufferFull", Time since last: 11912549 ns, Reaching safepoint: 7213609 ns, Cleanup: 4777 ns, At safepoint: 1936328 ns, Total: 9154714 ns
[2025-10-15T14:36:19.886-0700][1251][info ][safepoint   ] Safepoint "ICBufferFull", Time since last: 2629923 ns, Reaching safepoint: 9522588 ns, Cleanup: 5478 ns, At safepoint: 10138486 ns, Total: 19666552 ns
[2025-10-15T14:36:19.904-0700][1251][info ][safepoint   ] Safepoint "ICBufferFull", Time since last: 4973003 ns, Reaching safepoint: 9164999 ns, Cleanup: 11117 ns, At safepoint: 4757689 ns, Total: 13933805 ns
[2025-10-15T14:36:19.926-0700][1251][info ][safepoint   ] Safepoint "ICBufferFull", Time since last: 5502811 ns, Reaching safepoint: 10119788 ns, Cleanup: 10947 ns, At safepoint: 5986379 ns, Total: 16117114 ns
[2025-10-15T14:36:19.950-0700][1251][info ][safepoint   ] Safepoint "ICBufferFull", Time since last: 17192085 ns, Reaching safepoint: 4822766 ns, Cleanup: 4517 ns, At safepoint: 2097881 ns, Total: 6925164 ns
[2025-10-15T14:36:19.960-0700][1251][info ][safepoint   ] Safepoint "ICBufferFull", Time since last: 509378 ns, Reaching safepoint: 9512713 ns, Cleanup: 9103 ns, At safepoint: 267183 ns, Total: 9788999 ns
[2025-10-15T14:36:19.962-0700][1251][info ][safepoint   ] Safepoint "ICBufferFull", Time since last: 255195 ns, Reaching safepoint: 1387911 ns, Cleanup: 3876 ns, At safepoint: 333773 ns, Total: 1725560 ns
[2025-10-15T14:36:19.965-0700][1251][info ][safepoint   ] Safepoint "ICBufferFull", Time since last: 575967 ns, Reaching safepoint: 1487752 ns, Cleanup: 10716 ns, At safepoint: 269036 ns, Total: 1767504 ns
[2025-10-15T14:36:19.967-0700][1251][info ][safepoint   ] Safepoint "ICBufferFull", Time since last: 516468 ns, Reaching safepoint: 1271395 ns, Cleanup: 3105 ns, At safepoint: 290818 ns, Total: 1565318 ns
[2025-10-15T14:36:19.969-0700][1251][info ][safepoint   ] Safepoint "ICBufferFull", Time since last: 525021 ns, Reaching safepoint: 1298727 ns, Cleanup: 3586 ns, At safepoint: 309476 ns, Total: 1611789 ns
[2025-10-15T14:36:19.971-0700][1251][info ][safepoint   ] Safepoint "ICBufferFull", Time since last: 607355 ns, Reaching safepoint: 851393 ns, Cleanup: 3575 ns, At safepoint: 295866 ns, Total: 1150834 ns
[2025-10-15T14:36:19.973-0700][1251][info ][safepoint   ] Safepoint "ICBufferFull", Time since last: 549778 ns, Reaching safepoint: 1279679 ns, Cleanup: 4026 ns, At safepoint: 344719 ns, Total: 1628424 ns
[2025-10-15T14:36:19.976-0700][1251][info ][safepoint   ] Safepoint "ICBufferFull", Time since last: 668077 ns, Reaching safepoint: 2014465 ns, Cleanup: 4987 ns, At safepoint: 294604 ns, Total: 2314056 ns
[2025-10-15T14:36:19.980-0700][1251][info ][safepoint   ] Safepoint "ICBufferFull", Time since last: 1251436 ns, Reaching safepoint: 1963799 ns, Cleanup: 5118 ns, At safepoint: 558431 ns, Total: 2527348 ns
[2025-10-15T14:36:19.986-0700][1251][info ][safepoint   ] Safepoint "ICBufferFull", Time since last: 4176563 ns, Reaching safepoint: 1228371 ns, Cleanup: 11918 ns, At safepoint: 1059426 ns, Total: 2299715 ns
[2025-10-15T14:36:19.997-0700][1251][info ][safepoint   ] Safepoint "ICBufferFull", Time since last: 8376692 ns, Reaching safepoint: 1597617 ns, Cleanup: 15153 ns, At safepoint: 447254 ns, Total: 2060024 ns
[2025-10-15T14:36:20.000-0700][1251][info ][safepoint   ] Safepoint "ICBufferFull", Time since last: 1968796 ns, Reaching safepoint: 843972 ns, Cleanup: 3775 ns, At safepoint: 349537 ns, Total: 1197284 ns
[2025-10-15T14:36:20.008-0700][1251][info ][safepoint   ] Safepoint "ICBufferFull", Time since last: 1023011 ns, Reaching safepoint: 6295146 ns, Cleanup: 4817 ns, At safepoint: 751632 ns, Total: 7051595 ns
[2025-10-15T14:36:20.017-0700][1251][info ][safepoint   ] Safepoint "ICBufferFull", Time since last: 3274845 ns, Reaching safepoint: 5088827 ns, Cleanup: 12669 ns, At safepoint: 483789 ns, Total: 5585285 ns
[2025-10-15T14:36:20.020-0700][1251][info ][safepoint   ] Safepoint "ICBufferFull", Time since last: 320373 ns, Reaching safepoint: 2476542 ns, Cleanup: 3835 ns, At safepoint: 362567 ns, Total: 2842944 ns
[2025-10-15T14:36:20.027-0700][1251][info ][safepoint   ] Safepoint "ICBufferFull", Time since last: 700816 ns, Reaching safepoint: 4760743 ns, Cleanup: 3335 ns, At safepoint: 1824509 ns, Total: 6588587 ns
[2025-10-15T14:36:20.041-0700][1251][info ][safepoint   ] Safepoint "ICBufferFull", Time since last: 1056382 ns, Reaching safepoint: 3490960 ns, Cleanup: 5278 ns, At safepoint: 9496428 ns, Total: 12992666 ns
[2025-10-15T14:36:20.059-0700][1251][info ][safepoint   ] Safepoint "ICBufferFull", Time since last: 13011004 ns, Reaching safepoint: 4606992 ns, Cleanup: 12138 ns, At safepoint: 370509 ns, Total: 4989639 ns
[2025-10-15T14:36:20.098-0700][1251][info ][safepoint   ] Safepoint "ICBufferFull", Time since last: 12027452 ns, Reaching safepoint: 4595304 ns, Cleanup: 4827 ns, At safepoint: 22382435 ns, Total: 26982566 ns
[2025-10-15T14:36:20.123-0700][1251][info ][safepoint   ] Safepoint "ICBufferFull", Time since last: 11393587 ns, Reaching safepoint: 4536405 ns, Cleanup: 15183 ns, At safepoint: 8995474 ns, Total: 13547062 ns
[2025-10-15T14:36:20.148-0700][1251][info ][safepoint   ] Safepoint "ICBufferFull", Time since last: 5303391 ns, Reaching safepoint: 3813055 ns, Cleanup: 5568 ns, At safepoint: 15929973 ns, Total: 19748596 ns
[2025-10-15T14:36:20.164-0700][1251][info ][safepoint   ] Safepoint "ICBufferFull", Time since last: 4002130 ns, Reaching safepoint: 10568604 ns, Cleanup: 5488 ns, At safepoint: 825965 ns, Total: 11400057 ns
[2025-10-15T14:36:20.170-0700][1251][info ][safepoint   ] Safepoint "ICBufferFull", Time since last: 479422 ns, Reaching safepoint: 3604501 ns, Cleanup: 10897 ns, At safepoint: 2259554 ns, Total: 5874952 ns
[2025-10-15T14:36:20.173-0700][1251][info ][safepoint   ] Safepoint "ICBufferFull", Time since last: 646525 ns, Reaching safepoint: 2009287 ns, Cleanup: 12449 ns, At safepoint: 664361 ns, Total: 2686097 ns
[2025-10-15T14:36:20.179-0700][1251][info ][safepoint   ] Safepoint "ICBufferFull", Time since last: 975159 ns, Reaching safepoint: 3893006 ns, Cleanup: 13100 ns, At safepoint: 572502 ns, Total: 4478608 ns
[2025-10-15T14:36:20.181-0700][1251][info ][safepoint   ] Safepoint "ICBufferFull", Time since last: 586935 ns, Reaching safepoint: 1503785 ns, Cleanup: 5248 ns, At safepoint: 569799 ns, Total: 2078832 ns
[2025-10-15T14:36:20.183-0700][1251][info ][safepoint   ] Safepoint "ICBufferFull", Time since last: 323217 ns, Reaching safepoint: 1103022 ns, Cleanup: 3816 ns, At safepoint: 479041 ns, Total: 1585879 ns
[2025-10-15T14:36:20.189-0700][1251][info ][safepoint   ] Safepoint "ICBufferFull", Time since last: 3411140 ns, Reaching safepoint: 1345718 ns, Cleanup: 5168 ns, At safepoint: 699974 ns, Total: 2050860 ns
[2025-10-15T14:36:20.196-0700][1251][info ][safepoint   ] Safepoint "ICBufferFull", Time since last: 2497533 ns, Reaching safepoint: 1738590 ns, Cleanup: 5719 ns, At safepoint: 2534589 ns, Total: 4278898 ns
[2025-10-15T14:36:20.201-0700][1251][info ][safepoint   ] Safepoint "ICBufferFull", Time since last: 3142054 ns, Reaching safepoint: 1920223 ns, Cleanup: 12359 ns, At safepoint: 688096 ns, Total: 2620678 ns
[2025-10-15T14:36:20.209-0700][1251][info ][safepoint   ] Safepoint "ICBufferFull", Time since last: 4807454 ns, Reaching safepoint: 1767964 ns, Cleanup: 5208 ns, At safepoint: 642688 ns, Total: 2415860 ns
[2025-10-15T14:36:20.212-0700][1251][info ][safepoint   ] Safepoint "ICBufferFull", Time since last: 671011 ns, Reaching safepoint: 1679030 ns, Cleanup: 9925 ns, At safepoint: 639654 ns, Total: 2328609 ns
[2025-10-15T14:36:20.218-0700][1251][info ][safepoint   ] Safepoint "ICBufferFull", Time since last: 589698 ns, Reaching safepoint: 1992152 ns, Cleanup: 4957 ns, At safepoint: 3735980 ns, Total: 5733089 ns
[2025-10-15T14:36:20.231-0700][1251][info ][safepoint   ] Safepoint "ICBufferFull", Time since last: 4100097 ns, Reaching safepoint: 8099554 ns, Cleanup: 5439 ns, At safepoint: 925033 ns, Total: 9030026 ns
[2025-10-15T14:36:20.247-0700][1251][info ][safepoint   ] Safepoint "ICBufferFull", Time since last: 6317780 ns, Reaching safepoint: 8059153 ns, Cleanup: 4647 ns, At safepoint: 1088951 ns, Total: 9152751 ns
[2025-10-15T14:36:20.257-0700][1251][info ][safepoint   ] Safepoint "ICBufferFull", Time since last: 3392061 ns, Reaching safepoint: 1707082 ns, Cleanup: 17286 ns, At safepoint: 5812908 ns, Total: 7537276 ns
[2025-10-15T14:36:20.269-0700][1251][info ][safepoint   ] Safepoint "ICBufferFull", Time since last: 2096129 ns, Reaching safepoint: 1263764 ns, Cleanup: 9865 ns, At safepoint: 7769156 ns, Total: 9042785 ns
[2025-10-15T14:36:20.276-0700][1251][info ][safepoint   ] Safepoint "ICBufferFull", Time since last: 436117 ns, Reaching safepoint: 5130781 ns, Cleanup: 14752 ns, At safepoint: 2207306 ns, Total: 7352839 ns
[2025-10-15T14:36:20.281-0700][1251][info ][safepoint   ] Safepoint "ICBufferFull", Time since last: 1607221 ns, Reaching safepoint: 2421339 ns, Cleanup: 5047 ns, At safepoint: 869981 ns, Total: 3296367 ns
[2025-10-15T14:36:20.285-0700][1251][info ][safepoint   ] Safepoint "ICBufferFull", Time since last: 833376 ns, Reaching safepoint: 2165713 ns, Cleanup: 11357 ns, At safepoint: 991734 ns, Total: 3168804 ns
[2025-10-15T14:36:20.288-0700][1251][info ][safepoint   ] Safepoint "ICBufferFull", Time since last: 413323 ns, Reaching safepoint: 1923028 ns, Cleanup: 12759 ns, At safepoint: 680465 ns, Total: 2616252 ns
[2025-10-15T14:36:20.292-0700][1251][info ][safepoint   ] Safepoint "ICBufferFull", Time since last: 833526 ns, Reaching safepoint: 2005382 ns, Cleanup: 12529 ns, At safepoint: 764762 ns, Total: 2782673 ns
[2025-10-15T14:36:20.297-0700][1251][info ][safepoint   ] Safepoint "ICBufferFull", Time since last: 1237505 ns, Reaching safepoint: 2675992 ns, Cleanup: 5788 ns, At safepoint: 1238136 ns, Total: 3919916 ns
[2025-10-15T14:36:20.301-0700][1251][info ][safepoint   ] Safepoint "ICBufferFull", Time since last: 663630 ns, Reaching safepoint: 2028947 ns, Cleanup: 5839 ns, At safepoint: 756279 ns, Total: 2791065 ns
[2025-10-15T14:36:20.304-0700][1251][info ][safepoint   ] Safepoint "ICBufferFull", Time since last: 533073 ns, Reaching safepoint: 1911080 ns, Cleanup: 5068 ns, At safepoint: 737270 ns, Total: 2653418 ns
[2025-10-15T14:36:20.308-0700][1251][info ][safepoint   ] Safepoint "ICBufferFull", Time since last: 1317536 ns, Reaching safepoint: 1944349 ns, Cleanup: 5048 ns, At safepoint: 1401301 ns, Total: 3350698 ns
[2025-10-15T14:36:20.312-0700][1251][info ][safepoint   ] Safepoint "ICBufferFull", Time since last: 1033938 ns, Reaching safepoint: 1519179 ns, Cleanup: 4898 ns, At safepoint: 1315992 ns, Total: 2840069 ns
[2025-10-15T14:36:20.317-0700][1251][info ][safepoint   ] Safepoint "ICBufferFull", Time since last: 491661 ns, Reaching safepoint: 1877850 ns, Cleanup: 3886 ns, At safepoint: 2731485 ns, Total: 4613221 ns
[2025-10-15T14:36:20.323-0700][1251][info ][safepoint   ] Safepoint "ICBufferFull", Time since last: 1314851 ns, Reaching safepoint: 1601053 ns, Cleanup: 20040 ns, At safepoint: 3060962 ns, Total: 4682055 ns
[2025-10-15T14:36:20.331-0700][1251][info ][safepoint   ] Safepoint "ICBufferFull", Time since last: 3404980 ns, Reaching safepoint: 2178843 ns, Cleanup: 5358 ns, At safepoint: 1548093 ns, Total: 3732294 ns
[2025-10-15T14:36:20.339-0700][1251][info ][safepoint   ] Safepoint "ICBufferFull", Time since last: 1663256 ns, Reaching safepoint: 5650624 ns, Cleanup: 5458 ns, At safepoint: 1058295 ns, Total: 6714377 ns
[2025-10-15T14:36:20.344-0700][1251][info ][safepoint   ] Safepoint "ICBufferFull", Time since last: 792754 ns, Reaching safepoint: 1821365 ns, Cleanup: 4006 ns, At safepoint: 2371453 ns, Total: 4196824 ns
[2025-10-15T14:36:20.359-0700][1251][info ][safepoint   ] Safepoint "ICBufferFull", Time since last: 3389387 ns, Reaching safepoint: 9664031 ns, Cleanup: 11968 ns, At safepoint: 1599350 ns, Total: 11275349 ns
[2025-10-15T14:36:20.363-0700][1251][info ][safepoint   ] Safepoint "ICBufferFull", Time since last: 1852511 ns, Reaching safepoint: 1407811 ns, Cleanup: 12990 ns, At safepoint: 1285377 ns, Total: 2706178 ns
[2025-10-15T14:36:20.372-0700][1251][info ][safepoint   ] Safepoint "ICBufferFull", Time since last: 2678135 ns, Reaching safepoint: 5625817 ns, Cleanup: 16404 ns, At safepoint: 662589 ns, Total: 6304810 ns
[2025-10-15T14:36:20.375-0700][1251][info ][safepoint   ] Safepoint "ICBufferFull", Time since last: 434044 ns, Reaching safepoint: 1800863 ns, Cleanup: 11237 ns, At safepoint: 648838 ns, Total: 2460938 ns
[2025-10-15T14:36:20.378-0700][1251][info ][safepoint   ] Safepoint "ICBufferFull", Time since last: 1445978 ns, Reaching safepoint: 1289944 ns, Cleanup: 5018 ns, At safepoint: 600424 ns, Total: 1895386 ns
[2025-10-15T14:36:20.381-0700][1251][info ][safepoint   ] Safepoint "ICBufferFull", Time since last: 286432 ns, Reaching safepoint: 1743657 ns, Cleanup: 4617 ns, At safepoint: 567125 ns, Total: 2315399 ns
[2025-10-15T14:36:20.383-0700][1251][info ][safepoint   ] Safepoint "ICBufferFull", Time since last: 285169 ns, Reaching safepoint: 1512039 ns, Cleanup: 4606 ns, At safepoint: 505332 ns, Total: 2021977 ns
[2025-10-15T14:36:20.385-0700][1251][info ][safepoint   ] Safepoint "ICBufferFull", Time since last: 226221 ns, Reaching safepoint: 644711 ns, Cleanup: 2464 ns, At safepoint: 525021 ns, Total: 1172196 ns
[2025-10-15T14:36:20.388-0700][1251][info ][safepoint   ] Safepoint "ICBufferFull", Time since last: 574746 ns, Reaching safepoint: 2300366 ns, Cleanup: 5168 ns, At safepoint: 614095 ns, Total: 2919629 ns
[2025-10-15T14:36:20.393-0700][1251][info ][safepoint   ] Safepoint "ICBufferFull", Time since last: 2693498 ns, Reaching safepoint: 1659761 ns, Cleanup: 17156 ns, At safepoint: 644872 ns, Total: 2321789 ns
[2025-10-15T14:36:20.400-0700][1251][info ][safepoint   ] Safepoint "ICBufferFull", Time since last: 4575744 ns, Reaching safepoint: 1394562 ns, Cleanup: 5167 ns, At safepoint: 725574 ns, Total: 2125303 ns
[2025-10-15T14:36:20.406-0700][1251][info ][safepoint   ] Safepoint "ICBufferFull", Time since last: 2393606 ns, Reaching safepoint: 1434882 ns, Cleanup: 5428 ns, At safepoint: 1870148 ns, Total: 3310458 ns
[2025-10-15T14:36:20.418-0700][1251][info ][safepoint   ] Safepoint "ICBufferFull", Time since last: 8075778 ns, Reaching safepoint: 2715442 ns, Cleanup: 5618 ns, At safepoint: 1889357 ns, Total: 4610417 ns
[2025-10-15T14:36:20.434-0700][1251][info ][safepoint   ] Safepoint "ICBufferFull", Time since last: 4340079 ns, Reaching safepoint: 9261866 ns, Cleanup: 5738 ns, At safepoint: 1700763 ns, Total: 10968367 ns
[2025-10-15T14:36:20.437-0700][1251][info ][safepoint   ] Safepoint "ICBufferFull", Time since last: 302075 ns, Reaching safepoint: 1890489 ns, Cleanup: 11727 ns, At safepoint: 1616886 ns, Total: 3519102 ns
[2025-10-15T14:36:20.441-0700][1251][info ][safepoint   ] Safepoint "ICBufferFull", Time since last: 497430 ns, Reaching safepoint: 1733342 ns, Cleanup: 5268 ns, At safepoint: 1033537 ns, Total: 2772147 ns
[2025-10-15T14:36:20.445-0700][1251][info ][safepoint   ] Safepoint "ICBufferFull", Time since last: 619573 ns, Reaching safepoint: 2559847 ns, Cleanup: 5228 ns, At safepoint: 947859 ns, Total: 3512934 ns
[2025-10-15T14:36:20.448-0700][1251][info ][safepoint   ] Safepoint "ICBufferFull", Time since last: 258769 ns, Reaching safepoint: 1831800 ns, Cleanup: 4487 ns, At safepoint: 767246 ns, Total: 2603533 ns
[2025-10-15T14:36:20.451-0700][1251][info ][safepoint   ] Safepoint "ICBufferFull", Time since last: 197067 ns, Reaching safepoint: 2168177 ns, Cleanup: 11187 ns, At safepoint: 1299598 ns, Total: 3478962 ns
[2025-10-15T14:36:20.453-0700][1251][info ][safepoint   ] Safepoint "ICBufferFull", Time since last: 192680 ns, Reaching safepoint: 867337 ns, Cleanup: 3375 ns, At safepoint: 695989 ns, Total: 1566701 ns
[2025-10-15T14:36:20.458-0700][1251][info ][safepoint   ] Safepoint "ICBufferFull", Time since last: 954749 ns, Reaching safepoint: 3181674 ns, Cleanup: 4566 ns, At safepoint: 736400 ns, Total: 3922640 ns
[2025-10-15T14:36:20.462-0700][1251][info ][safepoint   ] Safepoint "ICBufferFull", Time since last: 1175061 ns, Reaching safepoint: 1975306 ns, Cleanup: 19559 ns, At safepoint: 726295 ns, Total: 2721160 ns
[2025-10-15T14:36:20.470-0700][1251][info ][safepoint   ] Safepoint "ICBufferFull", Time since last: 137627 ns, Reaching safepoint: 1796767 ns, Cleanup: 6019 ns, At safepoint: 6555398 ns, Total: 8358184 ns
[2025-10-15T14:36:20.479-0700][1251][info ][safepoint   ] Safepoint "ICBufferFull", Time since last: 1209362 ns, Reaching safepoint: 6058629 ns, Cleanup: 6479 ns, At safepoint: 932996 ns, Total: 6998104 ns
[2025-10-15T14:36:20.484-0700][1251][info ][safepoint   ] Safepoint "ICBufferFull", Time since last: 1206808 ns, Reaching safepoint: 3062325 ns, Cleanup: 5879 ns, At safepoint: 987337 ns, Total: 4055541 ns
[2025-10-15T14:36:20.490-0700][1251][info ][safepoint   ] Safepoint "ICBufferFull", Time since last: 2833600 ns, Reaching safepoint: 2225303 ns, Cleanup: 5438 ns, At safepoint: 1622124 ns, Total: 3852865 ns
[2025-10-15T14:36:20.494-0700][1251][info ][safepoint   ] Safepoint "ICBufferFull", Time since last: 248635 ns, Reaching safepoint: 2086523 ns, Cleanup: 5449 ns, At safepoint: 1499219 ns, Total: 3591191 ns
[2025-10-15T14:36:20.498-0700][1251][info ][safepoint   ] Safepoint "ICBufferFull", Time since last: 1025665 ns, Reaching safepoint: 1940694 ns, Cleanup: 6169 ns, At safepoint: 886446 ns, Total: 2833309 ns
[2025-10-15T14:36:20.504-0700][1251][info ][safepoint   ] Safepoint "ICBufferFull", Time since last: 900898 ns, Reaching safepoint: 1949307 ns, Cleanup: 5518 ns, At safepoint: 2739568 ns, Total: 4694393 ns
[2025-10-15T14:36:20.507-0700][1251][info ][safepoint   ] Safepoint "ICBufferFull", Time since last: 116485 ns, Reaching safepoint: 2083319 ns, Cleanup: 5418 ns, At safepoint: 899476 ns, Total: 2988213 ns
[2025-10-15T14:36:21.131-0700][1251][info ][gc,start    ] GC(46) Pause Young (Normal) (G1 Evacuation Pause)
[2025-10-15T14:36:21.131-0700][1251][info ][gc,task     ] GC(46) Using 113 workers of 113 for evacuation
[2025-10-15T14:36:21.147-0700][1251][debug][gc,remset   ] GC(46) Visited cards 22210304 Total dirty 47906816 (46.36%) Total old 159580160 (13.92%)
[2025-10-15T14:36:21.474-0700][1251][info ][gc,mmu      ] GC(46) MMU target violated: 201.0ms (200.0ms/201.0ms)
[2025-10-15T14:36:21.474-0700][1251][info ][gc,phases   ] GC(46)   Pre Evacuate Collection Set: 2.0ms
[2025-10-15T14:36:21.474-0700][1251][info ][gc,phases   ] GC(46)   Merge Heap Roots: 13.2ms
[2025-10-15T14:36:21.474-0700][1251][info ][gc,phases   ] GC(46)   Evacuate Collection Set: 320.4ms
[2025-10-15T14:36:21.475-0700][1251][info ][gc,phases   ] GC(46)   Post Evacuate Collection Set: 7.4ms
[2025-10-15T14:36:21.475-0700][1251][info ][gc,phases   ] GC(46)   Other: 0.2ms
[2025-10-15T14:36:21.475-0700][1251][debug][gc,remset   ] GC(46) Coarsening (recent): Inline->AoC 38598 (42) AoC->Howl 152 (18) Howl->Full 0 (0) Inline->AoC 767 (3) AoC->BitMap 40 (6) BitMap->Full 0 (0)
[2025-10-15T14:36:21.475-0700][1251][debug][gc,remset   ] GC(46) Coarsening (all): Inline->AoC 190626 (324) AoC->Howl 2894 (666) Howl->Full 0 (0) Inline->AoC 10722 (167) AoC->BitMap 1517 (341) BitMap->Full 0 (0)
[2025-10-15T14:36:21.475-0700][1251][info ][gc,heap     ] GC(46) Eden regions: 772->0(666)
[2025-10-15T14:36:21.475-0700][1251][info ][gc,heap     ] GC(46) Survivor regions: 73->106(106)
[2025-10-15T14:36:21.475-0700][1251][info ][gc,heap     ] GC(46) Old regions: 745->795
[2025-10-15T14:36:21.475-0700][1251][info ][gc,heap     ] GC(46) Humongous regions: 0->0
[2025-10-15T14:36:21.475-0700][1251][info ][gc,metaspace] GC(46) Metaspace: 290130K(295424K)->290130K(295424K) NonClass: 254970K(258048K)->254970K(258048K) Class: 35159K(37376K)->35159K(37376K)
[2025-10-15T14:36:21.475-0700][1251][info ][gc          ] GC(46) Pause Young (Normal) (G1 Evacuation Pause) 50860M->28817M(184320M) 343.311ms
[2025-10-15T14:36:21.476-0700][1251][info ][gc,cpu      ] GC(46) User=7.88s Sys=0.13s Real=0.34s
[2025-10-15T14:36:21.477-0700][1251][info ][safepoint   ] Safepoint "G1CollectForAllocation", Time since last: 621001400 ns, Reaching safepoint: 1731559 ns, Cleanup: 130487 ns, At safepoint: 347754817 ns, Total: 349616863 ns
[2025-10-15T14:36:22.055-0700][1251][info ][safepoint   ] Safepoint "ICBufferFull", Time since last: 575720113 ns, Reaching safepoint: 964123 ns, Cleanup: 221854 ns, At safepoint: 1069792 ns, Total: 2255769 ns
[2025-10-15T14:36:22.848-0700][1251][info ][safepoint   ] Safepoint "ICBufferFull", Time since last: 750807955 ns, Reaching safepoint: 31369576 ns, Cleanup: 229997 ns, At safepoint: 10396124 ns, Total: 41995697 ns
[2025-10-15T14:36:22.950-0700][1251][info ][safepoint   ] Safepoint "ICBufferFull", Time since last: 15708459 ns, Reaching safepoint: 25021951 ns, Cleanup: 21803 ns, At safepoint: 61264801 ns, Total: 86308555 ns
[2025-10-15T14:36:23.016-0700][1251][info ][safepoint   ] Safepoint "ICBufferFull", Time since last: 3977833 ns, Reaching safepoint: 50975647 ns, Cleanup: 40722 ns, At safepoint: 10989318 ns, Total: 62005687 ns
[2025-10-15T14:36:24.041-0700][1251][info ][safepoint   ] Safepoint "Cleanup", Time since last: 1001888319 ns, Reaching safepoint: 6139040 ns, Cleanup: 64057 ns, At safepoint: 16789187 ns, Total: 22992284 ns
[2025-10-15T14:36:24.055-0700][1251][info ][gc,start    ] GC(47) Pause Young (Normal) (G1 Evacuation Pause)
[2025-10-15T14:36:24.055-0700][1251][info ][gc,task     ] GC(47) Using 113 workers of 113 for evacuation
[2025-10-15T14:36:24.071-0700][1251][debug][gc,remset   ] GC(47) Visited cards 22553600 Total dirty 50987008 (44.23%) Total old 170983424 (13.19%)
[2025-10-15T14:36:24.394-0700][1251][info ][gc,mmu      ] GC(47) MMU target violated: 201.0ms (200.0ms/201.0ms)
[2025-10-15T14:36:24.394-0700][1251][info ][gc,phases   ] GC(47)   Pre Evacuate Collection Set: 4.3ms
[2025-10-15T14:36:24.394-0700][1251][info ][gc,phases   ] GC(47)   Merge Heap Roots: 11.8ms
[2025-10-15T14:36:24.394-0700][1251][info ][gc,phases   ] GC(47)   Evacuate Collection Set: 293.9ms
[2025-10-15T14:36:24.394-0700][1251][info ][gc,phases   ] GC(47)   Post Evacuate Collection Set: 29.1ms
[2025-10-15T14:36:24.394-0700][1251][info ][gc,phases   ] GC(47)   Other: 0.1ms
[2025-10-15T14:36:24.394-0700][1251][debug][gc,remset   ] GC(47) Coarsening (recent): Inline->AoC 12034 (9) AoC->Howl 142 (9) Howl->Full 0 (0) Inline->AoC 738 (2) AoC->BitMap 52 (4) BitMap->Full 0 (0)
[2025-10-15T14:36:24.394-0700][1251][debug][gc,remset   ] GC(47) Coarsening (all): Inline->AoC 202660 (333) AoC->Howl 3036 (675) Howl->Full 0 (0) Inline->AoC 11460 (169) AoC->BitMap 1569 (345) BitMap->Full 0 (0)
[2025-10-15T14:36:24.394-0700][1251][info ][gc,heap     ] GC(47) Eden regions: 801->0(405)
[2025-10-15T14:36:24.394-0700][1251][info ][gc,heap     ] GC(47) Survivor regions: 106->114(114)
[2025-10-15T14:36:24.394-0700][1251][info ][gc,heap     ] GC(47) Old regions: 795->960
[2025-10-15T14:36:24.394-0700][1251][info ][gc,heap     ] GC(47) Humongous regions: 0->0
[2025-10-15T14:36:24.394-0700][1251][info ][gc,metaspace] GC(47) Metaspace: 290827K(296064K)->290827K(296064K) NonClass: 255628K(258624K)->255628K(258624K) Class: 35199K(37440K)->35199K(37440K)
[2025-10-15T14:36:24.394-0700][1251][info ][gc          ] GC(47) Pause Young (Normal) (G1 Evacuation Pause) 54449M->34348M(184320M) 339.407ms
[2025-10-15T14:36:24.396-0700][1251][info ][gc,cpu      ] GC(47) User=22.00s Sys=0.13s Real=0.34s
[2025-10-15T14:36:24.402-0700][1251][info ][safepoint   ] Safepoint "G1CollectForAllocation", Time since last: 4129261 ns, Reaching safepoint: 8369251 ns, Cleanup: 6029 ns, At safepoint: 348461152 ns, Total: 356836432 ns
[2025-10-15T14:36:25.419-0700][1251][info ][safepoint   ] Safepoint "Cleanup", Time since last: 1003133655 ns, Reaching safepoint: 12757893 ns, Cleanup: 65379 ns, At safepoint: 739784 ns, Total: 13563056 ns
[2025-10-15T14:36:25.423-0700][1251][info ][gc,start    ] GC(48) Pause Young (Normal) (G1 Evacuation Pause)
[2025-10-15T14:36:25.423-0700][1251][info ][gc,task     ] GC(48) Using 113 workers of 113 for evacuation
[2025-10-15T14:36:25.439-0700][1251][debug][gc,remset   ] GC(48) Visited cards 25931776 Total dirty 61210624 (42.36%) Total old 100663296 (25.76%)
[2025-10-15T14:36:25.650-0700][1251][info ][gc,mmu      ] GC(48) MMU target violated: 201.0ms (200.0ms/201.0ms)
[2025-10-15T14:36:25.650-0700][1251][info ][gc,phases   ] GC(48)   Pre Evacuate Collection Set: 2.2ms
[2025-10-15T14:36:25.650-0700][1251][info ][gc,phases   ] GC(48)   Merge Heap Roots: 14.4ms
[2025-10-15T14:36:25.650-0700][1251][info ][gc,phases   ] GC(48)   Evacuate Collection Set: 204.1ms
[2025-10-15T14:36:25.650-0700][1251][info ][gc,phases   ] GC(48)   Post Evacuate Collection Set: 6.8ms
[2025-10-15T14:36:25.650-0700][1251][info ][gc,phases   ] GC(48)   Other: 0.1ms
[2025-10-15T14:36:25.650-0700][1251][debug][gc,remset   ] GC(48) Coarsening (recent): Inline->AoC 23806 (243) AoC->Howl 4159 (757) Howl->Full 0 (0) Inline->AoC 21330 (356) AoC->BitMap 4586 (1226) BitMap->Full 0 (0)
[2025-10-15T14:36:25.650-0700][1251][debug][gc,remset   ] GC(48) Coarsening (all): Inline->AoC 226466 (576) AoC->Howl 7195 (1432) Howl->Full 0 (0) Inline->AoC 32790 (525) AoC->BitMap 6155 (1571) BitMap->Full 0 (0)
[2025-10-15T14:36:25.650-0700][1251][info ][gc,heap     ] GC(48) Eden regions: 174->0(422)
[2025-10-15T14:36:25.650-0700][1251][info ][gc,heap     ] GC(48) Survivor regions: 114->36(36)
[2025-10-15T14:36:25.650-0700][1251][info ][gc,heap     ] GC(48) Old regions: 960->1098
[2025-10-15T14:36:25.650-0700][1251][info ][gc,heap     ] GC(48) Humongous regions: 0->0
[2025-10-15T14:36:25.650-0700][1251][info ][gc,metaspace] GC(48) Metaspace: 290926K(296192K)->290926K(296192K) NonClass: 255719K(258752K)->255719K(258752K) Class: 35206K(37440K)->35206K(37440K)
[2025-10-15T14:36:25.650-0700][1251][info ][gc          ] GC(48) Pause Young (Normal) (G1 Evacuation Pause) 39916M->36277M(184320M) 227.801ms
[2025-10-15T14:36:25.652-0700][1251][info ][gc,cpu      ] GC(48) User=12.88s Sys=0.08s Real=0.23s
[2025-10-15T14:36:25.653-0700][1251][info ][safepoint   ] Safepoint "G1CollectForAllocation", Time since last: 373363 ns, Reaching safepoint: 1957289 ns, Cleanup: 5238 ns, At safepoint: 232175409 ns, Total: 234137936 ns
[2025-10-15T14:36:26.685-0700][1251][info ][safepoint   ] Safepoint "Cleanup", Time since last: 1001908870 ns, Reaching safepoint: 21732365 ns, Cleanup: 202636 ns, At safepoint: 8278704 ns, Total: 30213705 ns
[2025-10-15T14:36:27.335-0700][1251][info ][gc,start    ] GC(49) Pause Young (Normal) (G1 Evacuation Pause)
[2025-10-15T14:36:27.335-0700][1251][info ][gc,task     ] GC(49) Using 113 workers of 113 for evacuation
[2025-10-15T14:36:27.351-0700][1251][debug][gc,remset   ] GC(49) Visited cards 29046784 Total dirty 69533696 (41.77%) Total old 181403648 (16.01%)
[2025-10-15T14:36:27.569-0700][1251][info ][gc,mmu      ] GC(49) MMU target violated: 201.0ms (200.0ms/201.0ms)
[2025-10-15T14:36:27.569-0700][1251][info ][gc,phases   ] GC(49)   Pre Evacuate Collection Set: 1.7ms
[2025-10-15T14:36:27.569-0700][1251][info ][gc,phases   ] GC(49)   Merge Heap Roots: 14.1ms
[2025-10-15T14:36:27.569-0700][1251][info ][gc,phases   ] GC(49)   Evacuate Collection Set: 200.1ms
[2025-10-15T14:36:27.569-0700][1251][info ][gc,phases   ] GC(49)   Post Evacuate Collection Set: 18.5ms
[2025-10-15T14:36:27.569-0700][1251][info ][gc,phases   ] GC(49)   Other: 0.2ms
[2025-10-15T14:36:27.569-0700][1251][debug][gc,remset   ] GC(49) Coarsening (recent): Inline->AoC 16149 (10) AoC->Howl 203 (26) Howl->Full 0 (0) Inline->AoC 601 (9) AoC->BitMap 174 (17) BitMap->Full 0 (0)
[2025-10-15T14:36:27.569-0700][1251][debug][gc,remset   ] GC(49) Coarsening (all): Inline->AoC 242615 (586) AoC->Howl 7398 (1458) Howl->Full 0 (0) Inline->AoC 33391 (534) AoC->BitMap 6329 (1588) BitMap->Full 0 (0)
[2025-10-15T14:36:27.569-0700][1251][info ][gc,heap     ] GC(49) Eden regions: 799->0(301)
[2025-10-15T14:36:27.569-0700][1251][info ][gc,heap     ] GC(49) Survivor regions: 36->105(105)
[2025-10-15T14:36:27.569-0700][1251][info ][gc,heap     ] GC(49) Old regions: 1098->1161
[2025-10-15T14:36:27.569-0700][1251][info ][gc,heap     ] GC(49) Humongous regions: 0->0
[2025-10-15T14:36:27.569-0700][1251][info ][gc,metaspace] GC(49) Metaspace: 291312K(296576K)->291312K(296576K) NonClass: 256064K(259072K)->256064K(259072K) Class: 35248K(37504K)->35248K(37504K)
[2025-10-15T14:36:27.569-0700][1251][info ][gc          ] GC(49) Pause Young (Normal) (G1 Evacuation Pause) 61845M->40508M(184320M) 234.664ms
[2025-10-15T14:36:27.571-0700][1251][info ][gc,cpu      ] GC(49) User=13.58s Sys=0.06s Real=0.24s
[2025-10-15T14:36:27.572-0700][1251][info ][safepoint   ] Safepoint "G1CollectForAllocation", Time since last: 642769531 ns, Reaching safepoint: 4990449 ns, Cleanup: 85238 ns, At safepoint: 238499099 ns, Total: 243574786 ns
[2025-10-15T14:36:28.071-0700][1251][info ][gc,start    ] GC(50) Pause Young (Normal) (G1 Evacuation Pause)
[2025-10-15T14:36:28.071-0700][1251][info ][gc,task     ] GC(50) Using 113 workers of 113 for evacuation
[2025-10-15T14:36:28.088-0700][1251][debug][gc,remset   ] GC(50) Visited cards 31356160 Total dirty 73007104 (42.95%) Total old 124977152 (25.09%)
[2025-10-15T14:36:28.268-0700][1251][info ][gc,phases   ] GC(50)   Pre Evacuate Collection Set: 0.8ms
[2025-10-15T14:36:28.268-0700][1251][info ][gc,phases   ] GC(50)   Merge Heap Roots: 15.7ms
[2025-10-15T14:36:28.268-0700][1251][info ][gc,phases   ] GC(50)   Evacuate Collection Set: 175.6ms
[2025-10-15T14:36:28.268-0700][1251][info ][gc,phases   ] GC(50)   Post Evacuate Collection Set: 5.1ms
[2025-10-15T14:36:28.268-0700][1251][info ][gc,phases   ] GC(50)   Other: 0.1ms
[2025-10-15T14:36:28.268-0700][1251][debug][gc,remset   ] GC(50) Coarsening (recent): Inline->AoC 19634 (113) AoC->Howl 1396 (429) Howl->Full 0 (0) Inline->AoC 4892 (119) AoC->BitMap 1039 (270) BitMap->Full 0 (0)
[2025-10-15T14:36:28.268-0700][1251][debug][gc,remset   ] GC(50) Coarsening (all): Inline->AoC 262249 (699) AoC->Howl 8794 (1887) Howl->Full 0 (0) Inline->AoC 38283 (653) AoC->BitMap 7368 (1858) BitMap->Full 0 (0)
[2025-10-15T14:36:28.268-0700][1251][info ][gc,heap     ] GC(50) Eden regions: 268->0(703)
[2025-10-15T14:36:28.268-0700][1251][info ][gc,heap     ] GC(50) Survivor regions: 105->47(47)
[2025-10-15T14:36:28.268-0700][1251][info ][gc,heap     ] GC(50) Old regions: 1161->1272
[2025-10-15T14:36:28.268-0700][1251][info ][gc,heap     ] GC(50) Humongous regions: 0->0
[2025-10-15T14:36:28.268-0700][1251][info ][gc,metaspace] GC(50) Metaspace: 291480K(296704K)->291480K(296704K) NonClass: 256225K(259200K)->256225K(259200K) Class: 35255K(37504K)->35255K(37504K)
[2025-10-15T14:36:28.269-0700][1251][info ][gc          ] GC(50) Pause Young (Normal) (G1 Evacuation Pause) 49084M->42207M(184320M) 197.498ms
[2025-10-15T14:36:28.270-0700][1251][info ][gc,cpu      ] GC(50) User=10.90s Sys=0.05s Real=0.20s
[2025-10-15T14:36:28.271-0700][1251][info ][safepoint   ] Safepoint "G1CollectForAllocation", Time since last: 489459531 ns, Reaching safepoint: 8346504 ns, Cleanup: 46611 ns, At safepoint: 201479265 ns, Total: 209872380 ns
[2025-10-15T14:36:30.301-0700][1251][info ][safepoint   ] Safepoint "Cleanup", Time since last: 1839236471 ns, Reaching safepoint: 182877690 ns, Cleanup: 124447 ns, At safepoint: 7509544 ns, Total: 190511681 ns
[2025-10-15T14:36:30.311-0700][1251][info ][gc,start    ] GC(51) Pause Young (Normal) (G1 Evacuation Pause)
[2025-10-15T14:36:30.311-0700][1251][info ][gc,task     ] GC(51) Using 113 workers of 113 for evacuation
[2025-10-15T14:36:30.330-0700][1251][debug][gc,remset   ] GC(51) Visited cards 35748608 Total dirty 80609280 (44.35%) Total old 239730688 (14.91%)
[2025-10-15T14:36:30.599-0700][1251][info ][gc,mmu      ] GC(51) MMU target violated: 201.0ms (200.0ms/201.0ms)
[2025-10-15T14:36:30.599-0700][1251][info ][gc,phases   ] GC(51)   Pre Evacuate Collection Set: 0.7ms
[2025-10-15T14:36:30.599-0700][1251][info ][gc,phases   ] GC(51)   Merge Heap Roots: 18.5ms
[2025-10-15T14:36:30.599-0700][1251][info ][gc,phases   ] GC(51)   Evacuate Collection Set: 257.8ms
[2025-10-15T14:36:30.599-0700][1251][info ][gc,phases   ] GC(51)   Post Evacuate Collection Set: 11.6ms
[2025-10-15T14:36:30.599-0700][1251][info ][gc,phases   ] GC(51)   Other: 0.2ms
[2025-10-15T14:36:30.599-0700][1251][debug][gc,remset   ] GC(51) Coarsening (recent): Inline->AoC 5245 (14) AoC->Howl 30 (7) Howl->Full 0 (0) Inline->AoC 115 (0) AoC->BitMap 1 (0) BitMap->Full 0 (0)
[2025-10-15T14:36:30.599-0700][1251][debug][gc,remset   ] GC(51) Coarsening (all): Inline->AoC 267494 (713) AoC->Howl 8824 (1894) Howl->Full 0 (0) Inline->AoC 38398 (653) AoC->BitMap 7369 (1858) BitMap->Full 0 (0)
[2025-10-15T14:36:30.599-0700][1251][info ][gc,heap     ] GC(51) Eden regions: 1146->0(338)
[2025-10-15T14:36:30.599-0700][1251][info ][gc,heap     ] GC(51) Survivor regions: 47->150(150)
[2025-10-15T14:36:30.599-0700][1251][info ][gc,heap     ] GC(51) Old regions: 1272->1420
[2025-10-15T14:36:30.599-0700][1251][info ][gc,heap     ] GC(51) Humongous regions: 0->0
[2025-10-15T14:36:30.599-0700][1251][info ][gc,metaspace] GC(51) Metaspace: 291859K(297152K)->291859K(297152K) NonClass: 256585K(259648K)->256585K(259648K) Class: 35274K(37504K)->35274K(37504K)
[2025-10-15T14:36:30.599-0700][1251][info ][gc          ] GC(51) Pause Young (Normal) (G1 Evacuation Pause) 78879M->50223M(184320M) 288.915ms
[2025-10-15T14:36:30.601-0700][1251][info ][gc,cpu      ] GC(51) User=18.99s Sys=0.10s Real=0.29s
[2025-10-15T14:36:30.602-0700][1251][info ][safepoint   ] Safepoint "G1CollectForAllocation", Time since last: 2819208 ns, Reaching safepoint: 5490361 ns, Cleanup: 16155 ns, At safepoint: 292818745 ns, Total: 298325261 ns
[2025-10-15T14:36:31.241-0700][1251][info ][gc,start    ] GC(52) Pause Young (Normal) (G1 Evacuation Pause)
[2025-10-15T14:36:31.241-0700][1251][info ][gc,task     ] GC(52) Using 113 workers of 113 for evacuation
[2025-10-15T14:36:31.260-0700][1251][debug][gc,remset   ] GC(52) Visited cards 40222208 Total dirty 89980928 (44.70%) Total old 164626432 (24.43%)
[2025-10-15T14:36:31.495-0700][1251][info ][gc,mmu      ] GC(52) MMU target violated: 201.0ms (200.0ms/201.0ms)
[2025-10-15T14:36:31.495-0700][1251][info ][gc,phases   ] GC(52)   Pre Evacuate Collection Set: 1.6ms
[2025-10-15T14:36:31.495-0700][1251][info ][gc,phases   ] GC(52)   Merge Heap Roots: 17.1ms
[2025-10-15T14:36:31.495-0700][1251][info ][gc,phases   ] GC(52)   Evacuate Collection Set: 224.6ms
[2025-10-15T14:36:31.495-0700][1251][info ][gc,phases   ] GC(52)   Post Evacuate Collection Set: 10.4ms
[2025-10-15T14:36:31.495-0700][1251][info ][gc,phases   ] GC(52)   Other: 0.1ms
[2025-10-15T14:36:31.495-0700][1251][debug][gc,remset   ] GC(52) Coarsening (recent): Inline->AoC 55176 (123) AoC->Howl 894 (286) Howl->Full 0 (0) Inline->AoC 2349 (89) AoC->BitMap 514 (126) BitMap->Full 0 (0)
[2025-10-15T14:36:31.495-0700][1251][debug][gc,remset   ] GC(52) Coarsening (all): Inline->AoC 322670 (836) AoC->Howl 9718 (2180) Howl->Full 0 (0) Inline->AoC 40747 (742) AoC->BitMap 7883 (1984) BitMap->Full 0 (0)
[2025-10-15T14:36:31.495-0700][1251][info ][gc,heap     ] GC(52) Eden regions: 396->0(654)
[2025-10-15T14:36:31.495-0700][1251][info ][gc,heap     ] GC(52) Survivor regions: 150->69(69)
[2025-10-15T14:36:31.495-0700][1251][info ][gc,heap     ] GC(52) Old regions: 1420->1593
[2025-10-15T14:36:31.495-0700][1251][info ][gc,heap     ] GC(52) Humongous regions: 0->0
[2025-10-15T14:36:31.495-0700][1251][info ][gc,metaspace] GC(52) Metaspace: 291880K(297152K)->291880K(297152K) NonClass: 256606K(259648K)->256606K(259648K) Class: 35274K(37504K)->35274K(37504K)
[2025-10-15T14:36:31.495-0700][1251][info ][gc          ] GC(52) Pause Young (Normal) (G1 Evacuation Pause) 62895M->53172M(184320M) 254.008ms
[2025-10-15T14:36:31.496-0700][1251][info ][gc,cpu      ] GC(52) User=15.39s Sys=0.13s Real=0.25s
[2025-10-15T14:36:31.498-0700][1251][info ][safepoint   ] Safepoint "G1CollectForAllocation", Time since last: 634987812 ns, Reaching safepoint: 2417912 ns, Cleanup: 46010 ns, At safepoint: 258801165 ns, Total: 261265087 ns
[2025-10-15T14:36:32.476-0700][1251][info ][safepoint   ] Safepoint "ICBufferFull", Time since last: 937918842 ns, Reaching safepoint: 34242980 ns, Cleanup: 137236 ns, At safepoint: 5239534 ns, Total: 39619750 ns
[2025-10-15T14:36:32.497-0700][1251][info ][safepoint   ] Safepoint "ICBufferFull", Time since last: 16346107 ns, Reaching safepoint: 3811723 ns, Cleanup: 13029 ns, At safepoint: 548927 ns, Total: 4373679 ns
[2025-10-15T14:36:32.503-0700][1251][info ][safepoint   ] Safepoint "ICBufferFull", Time since last: 3924643 ns, Reaching safepoint: 2433566 ns, Cleanup: 4898 ns, At safepoint: 259871 ns, Total: 2698335 ns
[2025-10-15T14:36:32.506-0700][1251][info ][safepoint   ] Safepoint "ICBufferFull", Time since last: 1729967 ns, Reaching safepoint: 992325 ns, Cleanup: 1662 ns, At safepoint: 225520 ns, Total: 1219507 ns
[2025-10-15T14:36:32.508-0700][1251][info ][safepoint   ] Safepoint "ICBufferFull", Time since last: 497540 ns, Reaching safepoint: 809389 ns, Cleanup: 2073 ns, At safepoint: 281234 ns, Total: 1092696 ns
[2025-10-15T14:36:32.509-0700][1251][info ][safepoint   ] Safepoint "ICBufferFull", Time since last: 173040 ns, Reaching safepoint: 578702 ns, Cleanup: 2023 ns, At safepoint: 270698 ns, Total: 851423 ns
[2025-10-15T14:36:32.510-0700][1251][info ][safepoint   ] Safepoint "ICBufferFull", Time since last: 547775 ns, Reaching safepoint: 894799 ns, Cleanup: 1071 ns, At safepoint: 230708 ns, Total: 1126578 ns
[2025-10-15T14:36:32.512-0700][1251][info ][safepoint   ] Safepoint "ICBufferFull", Time since last: 752684 ns, Reaching safepoint: 727916 ns, Cleanup: 2013 ns, At safepoint: 250528 ns, Total: 980457 ns
[2025-10-15T14:36:32.514-0700][1251][info ][safepoint   ] Safepoint "ICBufferFull", Time since last: 1147889 ns, Reaching safepoint: 708197 ns, Cleanup: 1282 ns, At safepoint: 294604 ns, Total: 1004083 ns
[2025-10-15T14:36:32.516-0700][1251][info ][safepoint   ] Safepoint "ICBufferFull", Time since last: 761517 ns, Reaching safepoint: 1147469 ns, Cleanup: 4136 ns, At safepoint: 292731 ns, Total: 1444336 ns
[2025-10-15T14:36:32.520-0700][1251][info ][safepoint   ] Safepoint "ICBufferFull", Time since last: 2388879 ns, Reaching safepoint: 882410 ns, Cleanup: 2013 ns, At safepoint: 243537 ns, Total: 1127960 ns
[2025-10-15T14:36:32.522-0700][1251][info ][safepoint   ] Safepoint "ICBufferFull", Time since last: 1327009 ns, Reaching safepoint: 771803 ns, Cleanup: 1111 ns, At safepoint: 281545 ns, Total: 1054459 ns
[2025-10-15T14:36:32.525-0700][1251][info ][safepoint   ] Safepoint "ICBufferFull", Time since last: 1727282 ns, Reaching safepoint: 714777 ns, Cleanup: 1863 ns, At safepoint: 194853 ns, Total: 911493 ns
[2025-10-15T14:36:32.526-0700][1251][info ][safepoint   ] Safepoint "ICBufferFull", Time since last: 148464 ns, Reaching safepoint: 564610 ns, Cleanup: 982 ns, At safepoint: 235054 ns, Total: 800646 ns
[2025-10-15T14:36:32.528-0700][1251][info ][safepoint   ] Safepoint "ICBufferFull", Time since last: 1350194 ns, Reaching safepoint: 742359 ns, Cleanup: 1432 ns, At safepoint: 245890 ns, Total: 989681 ns
[2025-10-15T14:36:32.529-0700][1251][info ][safepoint   ] Safepoint "ICBufferFull", Time since last: 137838 ns, Reaching safepoint: 472422 ns, Cleanup: 1041 ns, At safepoint: 213402 ns, Total: 686865 ns
[2025-10-15T14:36:32.530-0700][1251][info ][safepoint   ] Safepoint "ICBufferFull", Time since last: 137857 ns, Reaching safepoint: 491130 ns, Cleanup: 1182 ns, At safepoint: 194874 ns, Total: 687186 ns
[2025-10-15T14:36:32.531-0700][1251][info ][safepoint   ] Safepoint "ICBufferFull", Time since last: 475807 ns, Reaching safepoint: 624971 ns, Cleanup: 741 ns, At safepoint: 204769 ns, Total: 830481 ns
[2025-10-15T14:36:32.532-0700][1251][info ][safepoint   ] Safepoint "ICBufferFull", Time since last: 482957 ns, Reaching safepoint: 555447 ns, Cleanup: 471 ns, At safepoint: 200622 ns, Total: 756540 ns
[2025-10-15T14:36:32.534-0700][1251][info ][safepoint   ] Safepoint "ICBufferFull", Time since last: 860827 ns, Reaching safepoint: 633304 ns, Cleanup: 1062 ns, At safepoint: 198909 ns, Total: 833275 ns
[2025-10-15T14:36:32.535-0700][1251][info ][safepoint   ] Safepoint "ICBufferFull", Time since last: 516278 ns, Reaching safepoint: 562838 ns, Cleanup: 541 ns, At safepoint: 220963 ns, Total: 784342 ns
[2025-10-15T14:36:32.537-0700][1251][info ][safepoint   ] Safepoint "ICBufferFull", Time since last: 1040257 ns, Reaching safepoint: 639343 ns, Cleanup: 982 ns, At safepoint: 216326 ns, Total: 856651 ns
[2025-10-15T14:36:32.539-0700][1251][info ][safepoint   ] Safepoint "ICBufferFull", Time since last: 883391 ns, Reaching safepoint: 594916 ns, Cleanup: 501 ns, At safepoint: 208103 ns, Total: 803520 ns
[2025-10-15T14:36:32.540-0700][1251][info ][safepoint   ] Safepoint "ICBufferFull", Time since last: 109806 ns, Reaching safepoint: 461906 ns, Cleanup: 540 ns, At safepoint: 216246 ns, Total: 678692 ns
[2025-10-15T14:36:32.541-0700][1251][info ][safepoint   ] Safepoint "ICBufferFull", Time since last: 101543 ns, Reaching safepoint: 499653 ns, Cleanup: 2053 ns, At safepoint: 172620 ns, Total: 674326 ns
[2025-10-15T14:36:32.541-0700][1251][info ][safepoint   ] Safepoint "ICBufferFull", Time since last: 105499 ns, Reaching safepoint: 504801 ns, Cleanup: 861 ns, At safepoint: 185089 ns, Total: 690751 ns
[2025-10-15T14:36:32.542-0700][1251][info ][safepoint   ] Safepoint "ICBufferFull", Time since last: 111958 ns, Reaching safepoint: 518892 ns, Cleanup: 1172 ns, At safepoint: 198229 ns, Total: 718293 ns
[2025-10-15T14:36:32.544-0700][1251][info ][safepoint   ] Safepoint "ICBufferFull", Time since last: 564580 ns, Reaching safepoint: 504500 ns, Cleanup: 1072 ns, At safepoint: 181353 ns, Total: 686925 ns
[2025-10-15T14:36:32.544-0700][1251][info ][safepoint   ] Safepoint "ICBufferFull", Time since last: 95824 ns, Reaching safepoint: 443519 ns, Cleanup: 771 ns, At safepoint: 222946 ns, Total: 667236 ns
[2025-10-15T14:36:32.545-0700][1251][info ][safepoint   ] Safepoint "ICBufferFull", Time since last: 102194 ns, Reaching safepoint: 436497 ns, Cleanup: 1182 ns, At safepoint: 199280 ns, Total: 636959 ns
[2025-10-15T14:36:32.546-0700][1251][info ][safepoint   ] Safepoint "ICBufferFull", Time since last: 121473 ns, Reaching safepoint: 481285 ns, Cleanup: 892 ns, At safepoint: 202825 ns, Total: 685002 ns
[2025-10-15T14:36:32.547-0700][1251][info ][safepoint   ] Safepoint "ICBufferFull", Time since last: 92620 ns, Reaching safepoint: 513103 ns, Cleanup: 1222 ns, At safepoint: 173531 ns, Total: 687856 ns
[2025-10-15T14:36:32.547-0700][1251][info ][safepoint   ] Safepoint "ICBufferFull", Time since last: 96475 ns, Reaching safepoint: 445001 ns, Cleanup: 801 ns, At safepoint: 207833 ns, Total: 653635 ns
[2025-10-15T14:36:32.548-0700][1251][info ][safepoint   ] Safepoint "ICBufferFull", Time since last: 115184 ns, Reaching safepoint: 501696 ns, Cleanup: 1171 ns, At safepoint: 194704 ns, Total: 697571 ns
[2025-10-15T14:36:32.550-0700][1251][info ][gc,start    ] GC(53) Pause Young (Normal) (G1 Evacuation Pause)
[2025-10-15T14:36:32.550-0700][1251][info ][gc,task     ] GC(53) Using 113 workers of 113 for evacuation
[2025-10-15T14:36:32.573-0700][1251][debug][gc,remset   ] GC(53) Visited cards 44862208 Total dirty 100401152 (44.68%) Total old 193396736 (23.20%)
[2025-10-15T14:36:32.793-0700][1251][info ][gc,mmu      ] GC(53) MMU target violated: 201.0ms (200.0ms/201.0ms)
[2025-10-15T14:36:32.793-0700][1251][info ][gc,phases   ] GC(53)   Pre Evacuate Collection Set: 0.7ms
[2025-10-15T14:36:32.793-0700][1251][info ][gc,phases   ] GC(53)   Merge Heap Roots: 22.3ms
[2025-10-15T14:36:32.793-0700][1251][info ][gc,phases   ] GC(53)   Evacuate Collection Set: 204.7ms
[2025-10-15T14:36:32.793-0700][1251][info ][gc,phases   ] GC(53)   Post Evacuate Collection Set: 15.2ms
[2025-10-15T14:36:32.793-0700][1251][info ][gc,phases   ] GC(53)   Other: 0.1ms
[2025-10-15T14:36:32.793-0700][1251][debug][gc,remset   ] GC(53) Coarsening (recent): Inline->AoC 76216 (399) AoC->Howl 955 (450) Howl->Full 0 (0) Inline->AoC 2591 (125) AoC->BitMap 409 (135) BitMap->Full 0 (0)
[2025-10-15T14:36:32.793-0700][1251][debug][gc,remset   ] GC(53) Coarsening (all): Inline->AoC 398886 (1235) AoC->Howl 10673 (2630) Howl->Full 0 (0) Inline->AoC 43338 (867) AoC->BitMap 8292 (2119) BitMap->Full 0 (0)
[2025-10-15T14:36:32.793-0700][1251][info ][gc,heap     ] GC(53) Eden regions: 610->0(602)
[2025-10-15T14:36:32.793-0700][1251][info ][gc,heap     ] GC(53) Survivor regions: 69->85(85)
[2025-10-15T14:36:32.793-0700][1251][info ][gc,heap     ] GC(53) Old regions: 1593->1681
[2025-10-15T14:36:32.793-0700][1251][info ][gc,heap     ] GC(53) Humongous regions: 0->0
[2025-10-15T14:36:32.793-0700][1251][info ][gc,metaspace] GC(53) Metaspace: 291927K(297216K)->291927K(297216K) NonClass: 256652K(259712K)->256652K(259712K) Class: 35274K(37504K)->35274K(37504K)
[2025-10-15T14:36:32.793-0700][1251][info ][gc          ] GC(53) Pause Young (Normal) (G1 Evacuation Pause) 72692M->56496M(184320M) 243.089ms
[2025-10-15T14:36:32.795-0700][1251][info ][gc,cpu      ] GC(53) User=15.82s Sys=0.29s Real=0.24s
[2025-10-15T14:36:32.795-0700][1251][info ][safepoint   ] Safepoint "G1CollectForAllocation", Time since last: 122594 ns, Reaching safepoint: 470239 ns, Cleanup: 1422 ns, At safepoint: 246375435 ns, Total: 246847096 ns
[2025-10-15T14:36:32.800-0700][1251][info ][safepoint   ] Safepoint "ICBufferFull", Time since last: 2688220 ns, Reaching safepoint: 1310364 ns, Cleanup: 3716 ns, At safepoint: 554355 ns, Total: 1868435 ns
[2025-10-15T14:36:32.813-0700][1251][info ][safepoint   ] Safepoint "ICBufferFull", Time since last: 7117984 ns, Reaching safepoint: 5208397 ns, Cleanup: 4967 ns, At safepoint: 945645 ns, Total: 6159009 ns
[2025-10-15T14:36:32.847-0700][1251][info ][safepoint   ] Safepoint "ICBufferFull", Time since last: 16089240 ns, Reaching safepoint: 11583651 ns, Cleanup: 22204 ns, At safepoint: 6638701 ns, Total: 18244556 ns
[2025-10-15T14:36:32.877-0700][1251][info ][safepoint   ] Safepoint "ICBufferFull", Time since last: 16942386 ns, Reaching safepoint: 9216104 ns, Cleanup: 13611 ns, At safepoint: 3120561 ns, Total: 12350276 ns
[2025-10-15T14:36:32.882-0700][1251][info ][safepoint   ] Safepoint "ICBufferFull", Time since last: 1503275 ns, Reaching safepoint: 2997055 ns, Cleanup: 4597 ns, At safepoint: 752174 ns, Total: 3753826 ns
[2025-10-15T14:36:32.894-0700][1251][info ][safepoint   ] Safepoint "ICBufferFull", Time since last: 4803166 ns, Reaching safepoint: 6450628 ns, Cleanup: 4968 ns, At safepoint: 673715 ns, Total: 7129311 ns
[2025-10-15T14:36:32.901-0700][1251][info ][safepoint   ] Safepoint "ICBufferFull", Time since last: 1184074 ns, Reaching safepoint: 1838009 ns, Cleanup: 4607 ns, At safepoint: 4460720 ns, Total: 6303336 ns
[2025-10-15T14:36:32.911-0700][1251][info ][safepoint   ] Safepoint "ICBufferFull", Time since last: 2310411 ns, Reaching safepoint: 6231378 ns, Cleanup: 15924 ns, At safepoint: 725783 ns, Total: 6973085 ns
[2025-10-15T14:36:32.915-0700][1251][info ][safepoint   ] Safepoint "ICBufferFull", Time since last: 1616246 ns, Reaching safepoint: 2221136 ns, Cleanup: 4847 ns, At safepoint: 480815 ns, Total: 2706798 ns
[2025-10-15T14:36:32.919-0700][1251][info ][safepoint   ] Safepoint "ICBufferFull", Time since last: 1404856 ns, Reaching safepoint: 2003508 ns, Cleanup: 12980 ns, At safepoint: 555978 ns, Total: 2572466 ns
[2025-10-15T14:36:32.923-0700][1251][info ][safepoint   ] Safepoint "ICBufferFull", Time since last: 669158 ns, Reaching safepoint: 2669902 ns, Cleanup: 4667 ns, At safepoint: 520685 ns, Total: 3195254 ns
[2025-10-15T14:36:32.926-0700][1251][info ][safepoint   ] Safepoint "ICBufferFull", Time since last: 924723 ns, Reaching safepoint: 1950208 ns, Cleanup: 3766 ns, At safepoint: 482477 ns, Total: 2436451 ns
[2025-10-15T14:36:32.936-0700][1251][info ][safepoint   ] Safepoint "ICBufferFull", Time since last: 5450541 ns, Reaching safepoint: 3746645 ns, Cleanup: 9875 ns, At safepoint: 739965 ns, Total: 4496485 ns
[2025-10-15T14:36:32.942-0700][1251][info ][safepoint   ] Safepoint "ICBufferFull", Time since last: 847486 ns, Reaching safepoint: 3140792 ns, Cleanup: 12469 ns, At safepoint: 2407878 ns, Total: 5561139 ns
[2025-10-15T14:36:32.947-0700][1251][info ][safepoint   ] Safepoint "ICBufferFull", Time since last: 1199527 ns, Reaching safepoint: 2565605 ns, Cleanup: 5058 ns, At safepoint: 655878 ns, Total: 3226541 ns
[2025-10-15T14:36:32.952-0700][1251][info ][safepoint   ] Safepoint "ICBufferFull", Time since last: 1097233 ns, Reaching safepoint: 3169305 ns, Cleanup: 4767 ns, At safepoint: 681847 ns, Total: 3855919 ns
[2025-10-15T14:36:32.958-0700][1251][info ][safepoint   ] Safepoint "ICBufferFull", Time since last: 883051 ns, Reaching safepoint: 2773298 ns, Cleanup: 5328 ns, At safepoint: 2953920 ns, Total: 5732546 ns
[2025-10-15T14:36:32.964-0700][1251][info ][safepoint   ] Safepoint "ICBufferFull", Time since last: 2232914 ns, Reaching safepoint: 2991758 ns, Cleanup: 15503 ns, At safepoint: 588316 ns, Total: 3595577 ns
[2025-10-15T14:36:32.969-0700][1251][info ][safepoint   ] Safepoint "ICBufferFull", Time since last: 1318537 ns, Reaching safepoint: 2869523 ns, Cleanup: 5288 ns, At safepoint: 549478 ns, Total: 3424289 ns
[2025-10-15T14:36:32.979-0700][1251][info ][safepoint   ] Safepoint "ICBufferFull", Time since last: 1224895 ns, Reaching safepoint: 7644287 ns, Cleanup: 15063 ns, At safepoint: 655357 ns, Total: 8314707 ns
[2025-10-15T14:36:32.983-0700][1251][info ][safepoint   ] Safepoint "ICBufferFull", Time since last: 1467100 ns, Reaching safepoint: 2090850 ns, Cleanup: 4677 ns, At safepoint: 614656 ns, Total: 2710183 ns
[2025-10-15T14:36:32.986-0700][1251][info ][safepoint   ] Safepoint "ICBufferFull", Time since last: 1351997 ns, Reaching safepoint: 1859912 ns, Cleanup: 4728 ns, At safepoint: 542938 ns, Total: 2407578 ns
[2025-10-15T14:36:32.991-0700][1251][info ][safepoint   ] Safepoint "ICBufferFull", Time since last: 1220178 ns, Reaching safepoint: 2416010 ns, Cleanup: 11357 ns, At safepoint: 423638 ns, Total: 2851005 ns
[2025-10-15T14:36:32.994-0700][1251][info ][safepoint   ] Safepoint "ICBufferFull", Time since last: 658312 ns, Reaching safepoint: 2000394 ns, Cleanup: 4667 ns, At safepoint: 545552 ns, Total: 2550613 ns
[2025-10-15T14:36:32.998-0700][1251][info ][safepoint   ] Safepoint "ICBufferFull", Time since last: 691351 ns, Reaching safepoint: 2695772 ns, Cleanup: 4837 ns, At safepoint: 513954 ns, Total: 3214563 ns
[2025-10-15T14:36:33.003-0700][1251][info ][safepoint   ] Safepoint "ICBufferFull", Time since last: 1802396 ns, Reaching safepoint: 2733418 ns, Cleanup: 5428 ns, At safepoint: 551070 ns, Total: 3289916 ns
[2025-10-15T14:36:33.009-0700][1251][info ][safepoint   ] Safepoint "ICBufferFull", Time since last: 2973290 ns, Reaching safepoint: 2953229 ns, Cleanup: 11768 ns, At safepoint: 618441 ns, Total: 3583438 ns
[2025-10-15T14:36:33.014-0700][1251][info ][safepoint   ] Safepoint "ICBufferFull", Time since last: 1815265 ns, Reaching safepoint: 2683934 ns, Cleanup: 5148 ns, At safepoint: 611341 ns, Total: 3300423 ns
[2025-10-15T14:36:33.025-0700][1251][info ][safepoint   ] Safepoint "ICBufferFull", Time since last: 6101352 ns, Reaching safepoint: 3395395 ns, Cleanup: 13751 ns, At safepoint: 646794 ns, Total: 4055940 ns
[2025-10-15T14:36:33.028-0700][1251][info ][safepoint   ] Safepoint "ICBufferFull", Time since last: 578592 ns, Reaching safepoint: 2646147 ns, Cleanup: 11467 ns, At safepoint: 555547 ns, Total: 3213161 ns
[2025-10-15T14:36:33.033-0700][1251][info ][safepoint   ] Safepoint "ICBufferFull", Time since last: 725253 ns, Reaching safepoint: 2841461 ns, Cleanup: 5237 ns, At safepoint: 576509 ns, Total: 3423207 ns
[2025-10-15T14:36:33.041-0700][1251][info ][safepoint   ] Safepoint "ICBufferFull", Time since last: 5627659 ns, Reaching safepoint: 1894013 ns, Cleanup: 5198 ns, At safepoint: 605652 ns, Total: 2504863 ns
[2025-10-15T14:36:33.047-0700][1251][info ][safepoint   ] Safepoint "ICBufferFull", Time since last: 3744342 ns, Reaching safepoint: 2162337 ns, Cleanup: 5579 ns, At safepoint: 577670 ns, Total: 2745586 ns
[2025-10-15T14:36:33.049-0700][1251][info ][safepoint   ] Safepoint "ICBufferFull", Time since last: 359371 ns, Reaching safepoint: 1349153 ns, Cleanup: 4557 ns, At safepoint: 588426 ns, Total: 1942136 ns
[2025-10-15T14:36:33.059-0700][1251][info ][safepoint   ] Safepoint "ICBufferFull", Time since last: 6737902 ns, Reaching safepoint: 1843016 ns, Cleanup: 4988 ns, At safepoint: 532893 ns, Total: 2380897 ns
[2025-10-15T14:36:33.063-0700][1251][info ][safepoint   ] Safepoint "ICBufferFull", Time since last: 1245656 ns, Reaching safepoint: 2505525 ns, Cleanup: 4277 ns, At safepoint: 446222 ns, Total: 2956024 ns
[2025-10-15T14:36:33.067-0700][1251][info ][safepoint   ] Safepoint "ICBufferFull", Time since last: 839124 ns, Reaching safepoint: 2039202 ns, Cleanup: 4687 ns, At safepoint: 1183924 ns, Total: 3227813 ns
[2025-10-15T14:36:33.072-0700][1251][info ][safepoint   ] Safepoint "ICBufferFull", Time since last: 1436945 ns, Reaching safepoint: 3008022 ns, Cleanup: 5979 ns, At safepoint: 704120 ns, Total: 3718121 ns
[2025-10-15T14:36:33.078-0700][1251][info ][safepoint   ] Safepoint "ICBufferFull", Time since last: 3345651 ns, Reaching safepoint: 1613240 ns, Cleanup: 4778 ns, At safepoint: 692253 ns, Total: 2310271 ns
[2025-10-15T14:36:33.082-0700][1251][info ][safepoint   ] Safepoint "ICBufferFull", Time since last: 734206 ns, Reaching safepoint: 2800759 ns, Cleanup: 11528 ns, At safepoint: 669018 ns, Total: 3481305 ns
[2025-10-15T14:36:33.088-0700][1251][info ][safepoint   ] Safepoint "ICBufferFull", Time since last: 1902796 ns, Reaching safepoint: 3146641 ns, Cleanup: 5208 ns, At safepoint: 1015209 ns, Total: 4167058 ns
[2025-10-15T14:36:33.093-0700][1251][info ][safepoint   ] Safepoint "ICBufferFull", Time since last: 1382113 ns, Reaching safepoint: 2635190 ns, Cleanup: 5208 ns, At safepoint: 580174 ns, Total: 3220572 ns
[2025-10-15T14:36:33.097-0700][1251][info ][safepoint   ] Safepoint "ICBufferFull", Time since last: 1504386 ns, Reaching safepoint: 2486687 ns, Cleanup: 4647 ns, At safepoint: 708807 ns, Total: 3200141 ns
[2025-10-15T14:36:33.102-0700][1251][info ][safepoint   ] Safepoint "ICBufferFull", Time since last: 1225467 ns, Reaching safepoint: 2452925 ns, Cleanup: 4397 ns, At safepoint: 600034 ns, Total: 3057356 ns
[2025-10-15T14:36:33.105-0700][1251][info ][safepoint   ] Safepoint "ICBufferFull", Time since last: 1153868 ns, Reaching safepoint: 2106854 ns, Cleanup: 4637 ns, At safepoint: 503068 ns, Total: 2614559 ns
[2025-10-15T14:36:33.109-0700][1251][info ][safepoint   ] Safepoint "ICBufferFull", Time since last: 315415 ns, Reaching safepoint: 2465024 ns, Cleanup: 14222 ns, At safepoint: 1286999 ns, Total: 3766245 ns
[2025-10-15T14:36:33.115-0700][1251][info ][safepoint   ] Safepoint "ICBufferFull", Time since last: 3348995 ns, Reaching safepoint: 1978301 ns, Cleanup: 5157 ns, At safepoint: 558882 ns, Total: 2542340 ns
[2025-10-15T14:36:33.123-0700][1251][info ][safepoint   ] Safepoint "ICBufferFull", Time since last: 3254674 ns, Reaching safepoint: 3483879 ns, Cleanup: 5207 ns, At safepoint: 500094 ns, Total: 3989180 ns
[2025-10-15T14:36:33.126-0700][1251][info ][safepoint   ] Safepoint "ICBufferFull", Time since last: 1392698 ns, Reaching safepoint: 1595424 ns, Cleanup: 4056 ns, At safepoint: 425751 ns, Total: 2025231 ns
[2025-10-15T14:36:33.131-0700][1251][info ][safepoint   ] Safepoint "ICBufferFull", Time since last: 1041569 ns, Reaching safepoint: 3180372 ns, Cleanup: 4777 ns, At safepoint: 590580 ns, Total: 3775729 ns
[2025-10-15T14:36:33.136-0700][1251][info ][safepoint   ] Safepoint "ICBufferFull", Time since last: 833926 ns, Reaching safepoint: 3656679 ns, Cleanup: 14903 ns, At safepoint: 644942 ns, Total: 4316524 ns
[2025-10-15T14:36:33.139-0700][1251][info ][safepoint   ] Safepoint "ICBufferFull", Time since last: 572492 ns, Reaching safepoint: 1832421 ns, Cleanup: 3765 ns, At safepoint: 433293 ns, Total: 2269479 ns
[2025-10-15T14:36:33.142-0700][1251][info ][safepoint   ] Safepoint "ICBufferFull", Time since last: 276166 ns, Reaching safepoint: 2027124 ns, Cleanup: 3826 ns, At safepoint: 518812 ns, Total: 2549762 ns
[2025-10-15T14:36:33.145-0700][1251][info ][safepoint   ] Safepoint "ICBufferFull", Time since last: 420703 ns, Reaching safepoint: 2074426 ns, Cleanup: 3976 ns, At safepoint: 617049 ns, Total: 2695451 ns
[2025-10-15T14:36:33.148-0700][1251][info ][safepoint   ] Safepoint "ICBufferFull", Time since last: 425592 ns, Reaching safepoint: 2468639 ns, Cleanup: 4957 ns, At safepoint: 595107 ns, Total: 3068703 ns
[2025-10-15T14:36:33.151-0700][1251][info ][safepoint   ] Safepoint "ICBufferFull", Time since last: 409727 ns, Reaching safepoint: 1599139 ns, Cleanup: 10416 ns, At safepoint: 485091 ns, Total: 2094646 ns
[2025-10-15T14:36:33.153-0700][1251][info ][safepoint   ] Safepoint "ICBufferFull", Time since last: 376177 ns, Reaching safepoint: 1721673 ns, Cleanup: 3866 ns, At safepoint: 432702 ns, Total: 2158241 ns
[2025-10-15T14:36:33.156-0700][1251][info ][safepoint   ] Safepoint "ICBufferFull", Time since last: 208084 ns, Reaching safepoint: 2042487 ns, Cleanup: 3585 ns, At safepoint: 485011 ns, Total: 2531083 ns
[2025-10-15T14:36:33.159-0700][1251][info ][safepoint   ] Safepoint "ICBufferFull", Time since last: 651502 ns, Reaching safepoint: 1733711 ns, Cleanup: 3726 ns, At safepoint: 490960 ns, Total: 2228397 ns
[2025-10-15T14:36:33.168-0700][1251][info ][safepoint   ] Safepoint "ICBufferFull", Time since last: 3644581 ns, Reaching safepoint: 4734152 ns, Cleanup: 32850 ns, At safepoint: 514114 ns, Total: 5281116 ns
[2025-10-15T14:36:33.176-0700][1251][info ][safepoint   ] Safepoint "ICBufferFull", Time since last: 4953433 ns, Reaching safepoint: 2643192 ns, Cleanup: 5148 ns, At safepoint: 586453 ns, Total: 3234793 ns
[2025-10-15T14:36:33.181-0700][1251][info ][safepoint   ] Safepoint "ICBufferFull", Time since last: 1871179 ns, Reaching safepoint: 2234867 ns, Cleanup: 5198 ns, At safepoint: 820967 ns, Total: 3061032 ns
[2025-10-15T14:36:33.185-0700][1251][info ][safepoint   ] Safepoint "ICBufferFull", Time since last: 882389 ns, Reaching safepoint: 2318604 ns, Cleanup: 15934 ns, At safepoint: 581736 ns, Total: 2916274 ns
[2025-10-15T14:36:33.193-0700][1251][info ][safepoint   ] Safepoint "ICBufferFull", Time since last: 4534251 ns, Reaching safepoint: 3132410 ns, Cleanup: 11817 ns, At safepoint: 680846 ns, Total: 3825073 ns
[2025-10-15T14:36:33.198-0700][1251][info ][safepoint   ] Safepoint "ICBufferFull", Time since last: 555587 ns, Reaching safepoint: 3865324 ns, Cleanup: 6089 ns, At safepoint: 699033 ns, Total: 4570446 ns
[2025-10-15T14:36:33.203-0700][1251][info ][safepoint   ] Safepoint "ICBufferFull", Time since last: 538792 ns, Reaching safepoint: 3859544 ns, Cleanup: 5459 ns, At safepoint: 595367 ns, Total: 4460370 ns
[2025-10-15T14:36:33.207-0700][1251][info ][safepoint   ] Safepoint "ICBufferFull", Time since last: 515997 ns, Reaching safepoint: 2844856 ns, Cleanup: 5228 ns, At safepoint: 591311 ns, Total: 3441395 ns
[2025-10-15T14:36:33.210-0700][1251][info ][safepoint   ] Safepoint "ICBufferFull", Time since last: 649048 ns, Reaching safepoint: 1795555 ns, Cleanup: 3886 ns, At safepoint: 553584 ns, Total: 2353025 ns
[2025-10-15T14:36:33.214-0700][1251][info ][safepoint   ] Safepoint "ICBufferFull", Time since last: 495827 ns, Reaching safepoint: 2631364 ns, Cleanup: 6109 ns, At safepoint: 638162 ns, Total: 3275635 ns
[2025-10-15T14:36:33.220-0700][1251][info ][safepoint   ] Safepoint "ICBufferFull", Time since last: 856921 ns, Reaching safepoint: 4239306 ns, Cleanup: 5609 ns, At safepoint: 765433 ns, Total: 5010348 ns
[2025-10-15T14:36:33.222-0700][1251][info ][safepoint   ] Safepoint "ICBufferFull", Time since last: 254564 ns, Reaching safepoint: 1538698 ns, Cleanup: 4296 ns, At safepoint: 769550 ns, Total: 2312544 ns
[2025-10-15T14:36:33.226-0700][1251][info ][safepoint   ] Safepoint "ICBufferFull", Time since last: 436728 ns, Reaching safepoint: 2106974 ns, Cleanup: 4927 ns, At safepoint: 739685 ns, Total: 2851586 ns
[2025-10-15T14:36:33.230-0700][1251][info ][safepoint   ] Safepoint "ICBufferFull", Time since last: 791162 ns, Reaching safepoint: 2752296 ns, Cleanup: 4707 ns, At safepoint: 739785 ns, Total: 3496788 ns
[2025-10-15T14:36:33.237-0700][1251][info ][safepoint   ] Safepoint "ICBufferFull", Time since last: 1581032 ns, Reaching safepoint: 4085195 ns, Cleanup: 6059 ns, At safepoint: 955970 ns, Total: 5047224 ns
[2025-10-15T14:36:33.244-0700][1251][info ][safepoint   ] Safepoint "ICBufferFull", Time since last: 838774 ns, Reaching safepoint: 4151134 ns, Cleanup: 5258 ns, At safepoint: 2616722 ns, Total: 6773114 ns
[2025-10-15T14:36:33.254-0700][1251][info ][safepoint   ] Safepoint "ICBufferFull", Time since last: 3152069 ns, Reaching safepoint: 5963775 ns, Cleanup: 5468 ns, At safepoint: 776350 ns, Total: 6745593 ns
[2025-10-15T14:36:33.261-0700][1251][info ][safepoint   ] Safepoint "ICBufferFull", Time since last: 929750 ns, Reaching safepoint: 5120324 ns, Cleanup: 6821 ns, At safepoint: 869550 ns, Total: 5996695 ns
[2025-10-15T14:36:33.266-0700][1251][info ][safepoint   ] Safepoint "ICBufferFull", Time since last: 139390 ns, Reaching safepoint: 2810093 ns, Cleanup: 11718 ns, At safepoint: 1803517 ns, Total: 4625328 ns
[2025-10-15T14:36:33.272-0700][1251][info ][safepoint   ] Safepoint "ICBufferFull", Time since last: 1622384 ns, Reaching safepoint: 2652847 ns, Cleanup: 5068 ns, At safepoint: 1646090 ns, Total: 4304005 ns
[2025-10-15T14:36:34.130-0700][1251][info ][gc,start    ] GC(54) Pause Young (Normal) (G1 Evacuation Pause)
[2025-10-15T14:36:34.130-0700][1251][info ][gc,task     ] GC(54) Using 113 workers of 113 for evacuation
[2025-10-15T14:36:34.146-0700][1251][debug][gc,remset   ] GC(54) Visited cards 45475072 Total dirty 103677952 (43.86%) Total old 209256448 (21.73%)
[2025-10-15T14:36:34.358-0700][1251][info ][gc,mmu      ] GC(54) MMU target violated: 201.0ms (200.0ms/201.0ms)
[2025-10-15T14:36:34.358-0700][1251][info ][gc,phases   ] GC(54)   Pre Evacuate Collection Set: 1.0ms
[2025-10-15T14:36:34.358-0700][1251][info ][gc,phases   ] GC(54)   Merge Heap Roots: 14.8ms
[2025-10-15T14:36:34.358-0700][1251][info ][gc,phases   ] GC(54)   Evacuate Collection Set: 200.8ms
[2025-10-15T14:36:34.358-0700][1251][info ][gc,phases   ] GC(54)   Post Evacuate Collection Set: 11.1ms
[2025-10-15T14:36:34.358-0700][1251][info ][gc,phases   ] GC(54)   Other: 0.3ms
[2025-10-15T14:36:34.358-0700][1251][debug][gc,remset   ] GC(54) Coarsening (recent): Inline->AoC 89389 (281) AoC->Howl 2454 (1306) Howl->Full 0 (0) Inline->AoC 5729 (449) AoC->BitMap 1797 (666) BitMap->Full 0 (0)
[2025-10-15T14:36:34.358-0700][1251][debug][gc,remset   ] GC(54) Coarsening (all): Inline->AoC 488275 (1516) AoC->Howl 13127 (3936) Howl->Full 0 (0) Inline->AoC 49067 (1316) AoC->BitMap 10089 (2785) BitMap->Full 0 (0)
[2025-10-15T14:36:34.358-0700][1251][info ][gc,heap     ] GC(54) Eden regions: 671->0(692)
[2025-10-15T14:36:34.358-0700][1251][info ][gc,heap     ] GC(54) Survivor regions: 85->92(95)
[2025-10-15T14:36:34.358-0700][1251][info ][gc,heap     ] GC(54) Old regions: 1681->1738
[2025-10-15T14:36:34.358-0700][1251][info ][gc,heap     ] GC(54) Humongous regions: 0->0
[2025-10-15T14:36:34.358-0700][1251][info ][gc,metaspace] GC(54) Metaspace: 291966K(297280K)->291966K(297280K) NonClass: 256690K(259776K)->256690K(259776K) Class: 35276K(37504K)->35276K(37504K)
[2025-10-15T14:36:34.358-0700][1251][info ][gc          ] GC(54) Pause Young (Normal) (G1 Evacuation Pause) 77968M->58531M(184320M) 228.213ms
[2025-10-15T14:36:34.359-0700][1251][info ][gc,cpu      ] GC(54) User=13.02s Sys=0.22s Real=0.23s
[2025-10-15T14:36:34.360-0700][1251][info ][safepoint   ] Safepoint "G1CollectForAllocation", Time since last: 851514967 ns, Reaching safepoint: 4908826 ns, Cleanup: 102424 ns, At safepoint: 232265267 ns, Total: 237276517 ns
[2025-10-15T14:36:35.442-0700][1251][info ][safepoint   ] Safepoint "Cleanup", Time since last: 1024804582 ns, Reaching safepoint: 30155993 ns, Cleanup: 88152 ns, At safepoint: 26780518 ns, Total: 57024663 ns
[2025-10-15T14:36:35.892-0700][1251][info ][gc,start    ] GC(55) Pause Young (Normal) (G1 Evacuation Pause)
[2025-10-15T14:36:35.892-0700][1251][info ][gc,task     ] GC(55) Using 113 workers of 113 for evacuation
[2025-10-15T14:36:35.907-0700][1251][debug][gc,remset   ] GC(55) Visited cards 43805696 Total dirty 106561536 (41.11%) Total old 230424576 (19.01%)
[2025-10-15T14:36:36.090-0700][1251][info ][gc,phases   ] GC(55)   Pre Evacuate Collection Set: 0.9ms
[2025-10-15T14:36:36.090-0700][1251][info ][gc,phases   ] GC(55)   Merge Heap Roots: 13.6ms
[2025-10-15T14:36:36.090-0700][1251][info ][gc,phases   ] GC(55)   Evacuate Collection Set: 172.4ms
[2025-10-15T14:36:36.090-0700][1251][info ][gc,phases   ] GC(55)   Post Evacuate Collection Set: 10.6ms
[2025-10-15T14:36:36.090-0700][1251][info ][gc,phases   ] GC(55)   Other: 0.1ms
[2025-10-15T14:36:36.090-0700][1251][debug][gc,remset   ] GC(55) Coarsening (recent): Inline->AoC 114563 (137) AoC->Howl 1656 (600) Howl->Full 0 (0) Inline->AoC 5529 (148) AoC->BitMap 773 (275) BitMap->Full 0 (0)
[2025-10-15T14:36:36.090-0700][1251][debug][gc,remset   ] GC(55) Coarsening (all): Inline->AoC 602838 (1653) AoC->Howl 14783 (4536) Howl->Full 0 (0) Inline->AoC 54596 (1464) AoC->BitMap 10862 (3060) BitMap->Full 0 (0)
[2025-10-15T14:36:36.090-0700][1251][info ][gc,heap     ] GC(55) Eden regions: 797->0(1008)
[2025-10-15T14:36:36.090-0700][1251][info ][gc,heap     ] GC(55) Survivor regions: 92->78(112)
[2025-10-15T14:36:36.090-0700][1251][info ][gc,heap     ] GC(55) Old regions: 1738->1770
[2025-10-15T14:36:36.090-0700][1251][info ][gc,heap     ] GC(55) Humongous regions: 0->0
[2025-10-15T14:36:36.090-0700][1251][info ][gc,metaspace] GC(55) Metaspace: 292092K(297344K)->292092K(297344K) NonClass: 256807K(259840K)->256807K(259840K) Class: 35284K(37504K)->35284K(37504K)
[2025-10-15T14:36:36.090-0700][1251][info ][gc          ] GC(55) Pause Young (Normal) (G1 Evacuation Pause) 84035M->59089M(184320M) 197.746ms
[2025-10-15T14:36:36.091-0700][1251][info ][gc,cpu      ] GC(55) User=10.33s Sys=0.36s Real=0.20s
[2025-10-15T14:36:36.093-0700][1251][info ][safepoint   ] Safepoint "G1CollectForAllocation", Time since last: 439613804 ns, Reaching safepoint: 9075783 ns, Cleanup: 45359 ns, At safepoint: 201782181 ns, Total: 210903323 ns
[2025-10-15T14:36:37.099-0700][1251][info ][safepoint   ] Safepoint "Cleanup", Time since last: 1000798255 ns, Reaching safepoint: 1292938 ns, Cleanup: 129165 ns, At safepoint: 3487123 ns, Total: 4909226 ns
[2025-10-15T14:36:37.954-0700][1251][info ][gc,start    ] GC(56) Pause Young (Concurrent Start) (CodeCache GC Threshold)
[2025-10-15T14:36:37.954-0700][1251][info ][gc,task     ] GC(56) Using 113 workers of 113 for evacuation
[2025-10-15T14:36:37.969-0700][1251][debug][gc,remset   ] GC(56) Visited cards 39582464 Total dirty 107937792 (36.67%) Total old 258473984 (15.31%)
[2025-10-15T14:36:38.147-0700][1251][info ][gc,phases   ] GC(56)   Pre Evacuate Collection Set: 1.0ms
[2025-10-15T14:36:38.147-0700][1251][info ][gc,phases   ] GC(56)   Merge Heap Roots: 13.9ms
[2025-10-15T14:36:38.147-0700][1251][info ][gc,phases   ] GC(56)   Evacuate Collection Set: 166.1ms
[2025-10-15T14:36:38.147-0700][1251][info ][gc,phases   ] GC(56)   Post Evacuate Collection Set: 11.8ms
[2025-10-15T14:36:38.147-0700][1251][info ][gc,phases   ] GC(56)   Other: 0.2ms
[2025-10-15T14:36:38.147-0700][1251][debug][gc,remset   ] GC(56) Coarsening (recent): Inline->AoC 137415 (185) AoC->Howl 728 (215) Howl->Full 0 (0) Inline->AoC 2693 (74) AoC->BitMap 168 (35) BitMap->Full 0 (0)
[2025-10-15T14:36:38.147-0700][1251][debug][gc,remset   ] GC(56) Coarsening (all): Inline->AoC 740253 (1838) AoC->Howl 15511 (4751) Howl->Full 0 (0) Inline->AoC 57289 (1538) AoC->BitMap 11030 (3095) BitMap->Full 0 (0)
[2025-10-15T14:36:38.147-0700][1251][info ][gc,heap     ] GC(56) Eden regions: 1009->0(1232)
[2025-10-15T14:36:38.147-0700][1251][info ][gc,heap     ] GC(56) Survivor regions: 78->98(160)
[2025-10-15T14:36:38.147-0700][1251][info ][gc,heap     ] GC(56) Old regions: 1770->1770
[2025-10-15T14:36:38.147-0700][1251][info ][gc,heap     ] GC(56) Humongous regions: 0->0
[2025-10-15T14:36:38.147-0700][1251][info ][gc,metaspace] GC(56) Metaspace: 292136K(297408K)->292136K(297408K) NonClass: 256851K(259904K)->256851K(259904K) Class: 35284K(37504K)->35284K(37504K)
[2025-10-15T14:36:38.147-0700][1251][info ][gc          ] GC(56) Pause Young (Concurrent Start) (CodeCache GC Threshold) 91377M->59727M(184320M) 193.198ms
[2025-10-15T14:36:38.147-0700][1134][info ][gc          ] GC(57) Concurrent Mark Cycle
[2025-10-15T14:36:38.147-0700][1134][info ][gc,marking  ] GC(57) Concurrent Scan Root Regions
[2025-10-15T14:36:38.149-0700][1251][info ][gc,cpu      ] GC(56) User=10.30s Sys=0.05s Real=0.20s
[2025-10-15T14:36:38.150-0700][1251][info ][safepoint   ] Safepoint "G1TryInitiateConcMark", Time since last: 838534141 ns, Reaching safepoint: 15245048 ns, Cleanup: 43305 ns, At safepoint: 197515964 ns, Total: 212804317 ns
[2025-10-15T14:36:38.200-0700][1134][info ][gc,marking  ] GC(57) Concurrent Scan Root Regions 53.140ms
[2025-10-15T14:36:38.201-0700][1134][info ][gc,marking  ] GC(57) Concurrent Mark
[2025-10-15T14:36:38.201-0700][1134][info ][gc,marking  ] GC(57) Concurrent Mark From Roots
[2025-10-15T14:36:38.201-0700][1134][info ][gc,task     ] GC(57) Using 36 workers of 36 for marking
[2025-10-15T14:36:38.757-0700][1134][info ][gc,marking  ] GC(57) Concurrent Mark From Roots 556.796ms
[2025-10-15T14:36:38.757-0700][1134][info ][gc,marking  ] GC(57) Concurrent Preclean
[2025-10-15T14:36:38.769-0700][1134][info ][gc,marking  ] GC(57) Concurrent Preclean 11.355ms
[2025-10-15T14:36:38.777-0700][1251][info ][gc,start    ] GC(57) Pause Remark
[2025-10-15T14:36:39.288-0700][1251][info ][gc,mmu      ] GC(57) MMU target violated: 201.0ms (200.0ms/201.0ms)
[2025-10-15T14:36:39.288-0700][1251][info ][gc          ] GC(57) Pause Remark 70959M->68943M(184320M) 510.570ms
[2025-10-15T14:36:39.289-0700][1251][info ][gc,cpu      ] GC(57) User=12.13s Sys=0.24s Real=0.52s
[2025-10-15T14:36:39.290-0700][1251][info ][safepoint   ] Safepoint "G1PauseRemark", Time since last: 620429168 ns, Reaching safepoint: 5317771 ns, Cleanup: 95644 ns, At safepoint: 514513557 ns, Total: 519926972 ns
[2025-10-15T14:36:39.290-0700][1134][info ][gc,marking  ] GC(57) Concurrent Mark 1089.886ms
[2025-10-15T14:36:39.290-0700][1134][info ][gc,marking  ] GC(57) Concurrent Rebuild Remembered Sets and Scrub Regions
[2025-10-15T14:36:40.453-0700][1251][info ][safepoint   ] Safepoint "Cleanup", Time since last: 1002028649 ns, Reaching safepoint: 147997470 ns, Cleanup: 366022 ns, At safepoint: 12317798 ns, Total: 160681290 ns
[2025-10-15T14:36:41.010-0700][1251][info ][gc,start    ] GC(58) Pause Young (Normal) (G1 Evacuation Pause)
[2025-10-15T14:36:41.010-0700][1251][info ][gc,task     ] GC(58) Using 113 workers of 113 for evacuation
[2025-10-15T14:36:41.026-0700][1251][debug][gc,remset   ] GC(58) Visited cards 41279488 Total dirty 108265472 (38.13%) Total old 287637504 (14.35%)
[2025-10-15T14:36:41.200-0700][1251][info ][gc,phases   ] GC(58)   Pre Evacuate Collection Set: 0.7ms
[2025-10-15T14:36:41.200-0700][1251][info ][gc,phases   ] GC(58)   Merge Heap Roots: 15.0ms
[2025-10-15T14:36:41.200-0700][1251][info ][gc,phases   ] GC(58)   Evacuate Collection Set: 156.1ms
[2025-10-15T14:36:41.200-0700][1251][info ][gc,phases   ] GC(58)   Post Evacuate Collection Set: 18.4ms
[2025-10-15T14:36:41.200-0700][1251][info ][gc,phases   ] GC(58)   Other: 0.2ms
[2025-10-15T14:36:41.200-0700][1251][debug][gc,remset   ] GC(58) Coarsening (recent): Inline->AoC 247473 (163) AoC->Howl 3824 (298) Howl->Full 0 (0) Inline->AoC 19580 (66) AoC->BitMap 2724 (107) BitMap->Full 0 (0)
[2025-10-15T14:36:41.200-0700][1251][debug][gc,remset   ] GC(58) Coarsening (all): Inline->AoC 987726 (2001) AoC->Howl 19335 (5049) Howl->Full 0 (0) Inline->AoC 76869 (1604) AoC->BitMap 13754 (3202) BitMap->Full 0 (0)
[2025-10-15T14:36:41.200-0700][1251][info ][gc,heap     ] GC(58) Eden regions: 1243->0(1475)
[2025-10-15T14:36:41.201-0700][1251][info ][gc,heap     ] GC(58) Survivor regions: 98->107(168)
[2025-10-15T14:36:41.201-0700][1251][info ][gc,heap     ] GC(58) Old regions: 1707->1712
[2025-10-15T14:36:41.201-0700][1251][info ][gc,heap     ] GC(58) Humongous regions: 0->0
[2025-10-15T14:36:41.201-0700][1251][info ][gc,metaspace] GC(58) Metaspace: 291682K(297408K)->291682K(297408K) NonClass: 256539K(259904K)->256539K(259904K) Class: 35143K(37504K)->35143K(37504K)
[2025-10-15T14:36:41.201-0700][1251][info ][gc          ] GC(58) Pause Young (Normal) (G1 Evacuation Pause) 97487M->58201M(184320M) 190.489ms
[2025-10-15T14:36:41.202-0700][1251][info ][gc,cpu      ] GC(58) User=12.08s Sys=0.04s Real=0.19s
[2025-10-15T14:36:41.203-0700][1251][info ][safepoint   ] Safepoint "G1CollectForAllocation", Time since last: 538961990 ns, Reaching safepoint: 16770627 ns, Cleanup: 49174 ns, At safepoint: 194229713 ns, Total: 211049514 ns
[2025-10-15T14:36:42.198-0700][1134][info ][gc,marking  ] GC(57) Concurrent Rebuild Remembered Sets and Scrub Regions 2907.432ms
[2025-10-15T14:36:42.213-0700][1251][info ][gc,start    ] GC(57) Pause Cleanup
[2025-10-15T14:36:42.215-0700][1251][info ][gc          ] GC(57) Pause Cleanup 78233M->78233M(184320M) 2.354ms
[2025-10-15T14:36:42.216-0700][1251][info ][gc,cpu      ] GC(57) User=0.02s Sys=0.00s Real=0.00s
[2025-10-15T14:36:42.218-0700][1251][info ][safepoint   ] Safepoint "G1PauseCleanup", Time since last: 998356205 ns, Reaching safepoint: 9878944 ns, Cleanup: 109905 ns, At safepoint: 7175581 ns, Total: 17164430 ns
[2025-10-15T14:36:42.219-0700][1134][info ][gc,marking  ] GC(57) Concurrent Clear Claimed Marks
[2025-10-15T14:36:42.219-0700][1134][info ][gc,marking  ] GC(57) Concurrent Clear Claimed Marks 0.744ms
[2025-10-15T14:36:42.219-0700][1134][info ][gc,marking  ] GC(57) Concurrent Cleanup for Next Mark
[2025-10-15T14:36:42.266-0700][1134][info ][gc,marking  ] GC(57) Concurrent Cleanup for Next Mark 47.021ms
[2025-10-15T14:36:42.266-0700][1134][info ][gc          ] GC(57) Concurrent Mark Cycle 4119.131ms
[2025-10-15T14:36:42.805-0700][1251][info ][gc,start    ] GC(59) Pause Young (Prepare Mixed) (G1 Evacuation Pause)
[2025-10-15T14:36:42.805-0700][1251][info ][gc,task     ] GC(59) Using 113 workers of 113 for evacuation
[2025-10-15T14:36:42.821-0700][1251][debug][gc,remset   ] GC(59) Visited cards 38638848 Total dirty 107675648 (35.88%) Total old 255066112 (15.15%)
[2025-10-15T14:36:43.013-0700][1251][info ][gc,mmu      ] GC(59) MMU target violated: 201.0ms (200.0ms/201.0ms)
[2025-10-15T14:36:43.013-0700][1251][info ][gc,phases   ] GC(59)   Pre Evacuate Collection Set: 1.5ms
[2025-10-15T14:36:43.013-0700][1251][info ][gc,phases   ] GC(59)   Merge Heap Roots: 14.2ms
[2025-10-15T14:36:43.013-0700][1251][info ][gc,phases   ] GC(59)   Evacuate Collection Set: 179.0ms
[2025-10-15T14:36:43.013-0700][1251][info ][gc,phases   ] GC(59)   Post Evacuate Collection Set: 12.9ms
[2025-10-15T14:36:43.013-0700][1251][info ][gc,phases   ] GC(59)   Other: 0.2ms
[2025-10-15T14:36:43.013-0700][1251][debug][gc,remset   ] GC(59) Coarsening (recent): Inline->AoC 291285 (364) AoC->Howl 4504 (442) Howl->Full 0 (0) Inline->AoC 19647 (156) AoC->BitMap 3459 (114) BitMap->Full 5 (0)
[2025-10-15T14:36:43.013-0700][1251][debug][gc,remset   ] GC(59) Coarsening (all): Inline->AoC 1279011 (2365) AoC->Howl 23839 (5491) Howl->Full 0 (0) Inline->AoC 96516 (1760) AoC->BitMap 17213 (3316) BitMap->Full 5 (0)
[2025-10-15T14:36:43.013-0700][1251][info ][gc,heap     ] GC(59) Eden regions: 983->0(2611)
[2025-10-15T14:36:43.013-0700][1251][info ][gc,heap     ] GC(59) Survivor regions: 107->115(137)
[2025-10-15T14:36:43.013-0700][1251][info ][gc,heap     ] GC(59) Old regions: 1712->1747
[2025-10-15T14:36:43.013-0700][1251][info ][gc,heap     ] GC(59) Humongous regions: 0->0
[2025-10-15T14:36:43.013-0700][1251][info ][gc,metaspace] GC(59) Metaspace: 291751K(297472K)->291751K(297472K) NonClass: 256606K(259968K)->256606K(259968K) Class: 35144K(37504K)->35144K(37504K)
[2025-10-15T14:36:43.013-0700][1251][info ][gc          ] GC(59) Pause Young (Prepare Mixed) (G1 Evacuation Pause) 89657M->59543M(184320M) 208.067ms
[2025-10-15T14:36:43.014-0700][1251][info ][gc,cpu      ] GC(59) User=12.56s Sys=0.28s Real=0.21s
[2025-10-15T14:36:43.016-0700][1251][info ][safepoint   ] Safepoint "G1CollectForAllocation", Time since last: 580554864 ns, Reaching safepoint: 4481692 ns, Cleanup: 56465 ns, At safepoint: 212400288 ns, Total: 216938445 ns
[2025-10-15T14:36:43.417-0700][1251][info ][gc,start    ] GC(60) Pause Young (Mixed) (G1 Evacuation Pause)
[2025-10-15T14:36:43.417-0700][1251][info ][gc,task     ] GC(60) Using 113 workers of 113 for evacuation
[2025-10-15T14:36:43.431-0700][1251][debug][gc,remset   ] GC(60) Visited cards 39364608 Total dirty 99155968 (39.70%) Total old 183042048 (21.51%)
[2025-10-15T14:36:43.594-0700][1251][debug][gc,remset   ] GC(60) Visited cards 4695040 Total dirty 87556096 (5.36%) Total old 194641920 (2.41%)
[2025-10-15T14:36:43.611-0700][1251][info ][gc,phases   ] GC(60)   Pre Evacuate Collection Set: 1.5ms
[2025-10-15T14:36:43.611-0700][1251][info ][gc,phases   ] GC(60)   Merge Heap Roots: 12.1ms
[2025-10-15T14:36:43.611-0700][1251][info ][gc,phases   ] GC(60)   Evacuate Collection Set: 161.8ms
[2025-10-15T14:36:43.611-0700][1251][info ][gc,phases   ] GC(60)   Merge Optional Heap Roots: 1.2ms
[2025-10-15T14:36:43.611-0700][1251][info ][gc,phases   ] GC(60)   Evacuate Optional Collection Set: 3.7ms
[2025-10-15T14:36:43.611-0700][1251][info ][gc,phases   ] GC(60)   Post Evacuate Collection Set: 13.6ms
[2025-10-15T14:36:43.611-0700][1251][info ][gc,phases   ] GC(60)   Other: 0.2ms
[2025-10-15T14:36:43.611-0700][1251][debug][gc,remset   ] GC(60) Coarsening (recent): Inline->AoC 57589 (134) AoC->Howl 696 (316) Howl->Full 0 (0) Inline->AoC 2240 (68) AoC->BitMap 172 (42) BitMap->Full 0 (0)
[2025-10-15T14:36:43.611-0700][1251][debug][gc,remset   ] GC(60) Coarsening (all): Inline->AoC 1336600 (2499) AoC->Howl 24535 (5807) Howl->Full 0 (0) Inline->AoC 98756 (1828) AoC->BitMap 17385 (3358) BitMap->Full 5 (0)
[2025-10-15T14:36:43.611-0700][1251][info ][gc,heap     ] GC(60) Eden regions: 296->0(1892)
[2025-10-15T14:36:43.611-0700][1251][info ][gc,heap     ] GC(60) Survivor regions: 115->52(52)
[2025-10-15T14:36:43.611-0700][1251][info ][gc,heap     ] GC(60) Old regions: 1747->1554
[2025-10-15T14:36:43.611-0700][1251][info ][gc,heap     ] GC(60) Humongous regions: 0->0
[2025-10-15T14:36:43.611-0700][1251][info ][gc,metaspace] GC(60) Metaspace: 291761K(297472K)->291761K(297472K) NonClass: 256615K(259968K)->256615K(259968K) Class: 35146K(37504K)->35146K(37504K)
[2025-10-15T14:36:43.611-0700][1251][info ][gc          ] GC(60) Pause Young (Mixed) (G1 Evacuation Pause) 69015M->51386M(184320M) 194.242ms
[2025-10-15T14:36:43.613-0700][1251][info ][gc,cpu      ] GC(60) User=10.99s Sys=0.24s Real=0.20s
[2025-10-15T14:36:43.614-0700][1251][info ][safepoint   ] Safepoint "G1CollectForAllocation", Time since last: 392865294 ns, Reaching safepoint: 6749829 ns, Cleanup: 30977 ns, At safepoint: 198335268 ns, Total: 205116074 ns
[2025-10-15T14:36:44.238-0700][1251][info ][gc,start    ] GC(61) Pause Young (Mixed) (G1 Evacuation Pause)
[2025-10-15T14:36:44.238-0700][1251][info ][gc,task     ] GC(61) Using 113 workers of 113 for evacuation
[2025-10-15T14:36:44.255-0700][1251][debug][gc,remset   ] GC(61) Visited cards 39711488 Total dirty 90636288 (43.81%) Total old 169148416 (23.48%)
[2025-10-15T14:36:44.436-0700][1251][debug][gc,remset   ] GC(61) Visited cards 1723136 Total dirty 72744960 (2.37%) Total old 177930240 (0.97%)
[2025-10-15T14:36:44.438-0700][1251][debug][gc,remset   ] GC(61) Visited cards 475136 Total dirty 40108032 (1.18%) Total old 178061312 (0.27%)
[2025-10-15T14:36:44.455-0700][1251][info ][gc,mmu      ] GC(61) MMU target violated: 201.0ms (200.0ms/201.0ms)
[2025-10-15T14:36:44.455-0700][1251][info ][gc,phases   ] GC(61)   Pre Evacuate Collection Set: 1.0ms
[2025-10-15T14:36:44.455-0700][1251][info ][gc,phases   ] GC(61)   Merge Heap Roots: 16.3ms
[2025-10-15T14:36:44.455-0700][1251][info ][gc,phases   ] GC(61)   Evacuate Collection Set: 179.1ms
[2025-10-15T14:36:44.455-0700][1251][info ][gc,phases   ] GC(61)   Merge Optional Heap Roots: 1.9ms
[2025-10-15T14:36:44.455-0700][1251][info ][gc,phases   ] GC(61)   Evacuate Optional Collection Set: 2.1ms
[2025-10-15T14:36:44.455-0700][1251][info ][gc,phases   ] GC(61)   Post Evacuate Collection Set: 16.1ms
[2025-10-15T14:36:44.455-0700][1251][info ][gc,phases   ] GC(61)   Other: 0.2ms
[2025-10-15T14:36:44.455-0700][1251][debug][gc,remset   ] GC(61) Coarsening (recent): Inline->AoC 79613 (200) AoC->Howl 867 (337) Howl->Full 0 (0) Inline->AoC 2866 (104) AoC->BitMap 323 (133) BitMap->Full 0 (0)
[2025-10-15T14:36:44.455-0700][1251][debug][gc,remset   ] GC(61) Coarsening (all): Inline->AoC 1416213 (2699) AoC->Howl 25402 (6144) Howl->Full 0 (0) Inline->AoC 101622 (1932) AoC->BitMap 17708 (3491) BitMap->Full 5 (0)
[2025-10-15T14:36:44.455-0700][1251][info ][gc,heap     ] GC(61) Eden regions: 381->0(1106)
[2025-10-15T14:36:44.455-0700][1251][info ][gc,heap     ] GC(61) Survivor regions: 52->55(55)
[2025-10-15T14:36:44.455-0700][1251][info ][gc,heap     ] GC(61) Old regions: 1554->1450
[2025-10-15T14:36:44.455-0700][1251][info ][gc,heap     ] GC(61) Humongous regions: 0->0
[2025-10-15T14:36:44.455-0700][1251][info ][gc,metaspace] GC(61) Metaspace: 291865K(297472K)->291865K(297472K) NonClass: 256715K(259968K)->256715K(259968K) Class: 35150K(37504K)->35150K(37504K)
[2025-10-15T14:36:44.455-0700][1251][info ][gc          ] GC(61) Pause Young (Mixed) (G1 Evacuation Pause) 63578M->48160M(184320M) 216.881ms
[2025-10-15T14:36:44.456-0700][1251][info ][gc,cpu      ] GC(61) User=12.46s Sys=0.16s Real=0.22s
[2025-10-15T14:36:44.458-0700][1251][info ][safepoint   ] Safepoint "G1CollectForAllocation", Time since last: 618058286 ns, Reaching safepoint: 4045846 ns, Cleanup: 158699 ns, At safepoint: 221802674 ns, Total: 226007219 ns
[2025-10-15T14:36:45.504-0700][1251][info ][safepoint   ] Safepoint "Cleanup", Time since last: 1009250599 ns, Reaching safepoint: 35160652 ns, Cleanup: 128504 ns, At safepoint: 1021268 ns, Total: 36310424 ns
[2025-10-15T14:36:45.507-0700][1251][info ][gc,start    ] GC(62) Pause Young (Mixed) (G1 Evacuation Pause)
[2025-10-15T14:36:45.507-0700][1251][info ][gc,task     ] GC(62) Using 113 workers of 113 for evacuation
[2025-10-15T14:36:45.526-0700][1251][debug][gc,remset   ] GC(62) Visited cards 39613952 Total dirty 84934656 (46.64%) Total old 178978816 (22.13%)
[2025-10-15T14:36:45.732-0700][1251][info ][gc,mmu      ] GC(62) MMU target violated: 201.0ms (200.0ms/201.0ms)
[2025-10-15T14:36:45.732-0700][1251][info ][gc,phases   ] GC(62)   Pre Evacuate Collection Set: 0.9ms
[2025-10-15T14:36:45.732-0700][1251][info ][gc,phases   ] GC(62)   Merge Heap Roots: 18.3ms
[2025-10-15T14:36:45.732-0700][1251][info ][gc,phases   ] GC(62)   Evacuate Collection Set: 188.9ms
[2025-10-15T14:36:45.732-0700][1251][info ][gc,phases   ] GC(62)   Post Evacuate Collection Set: 16.3ms
[2025-10-15T14:36:45.732-0700][1251][info ][gc,phases   ] GC(62)   Other: 0.2ms
[2025-10-15T14:36:45.732-0700][1251][debug][gc,remset   ] GC(62) Coarsening (recent): Inline->AoC 94856 (178) AoC->Howl 1212 (550) Howl->Full 0 (0) Inline->AoC 3543 (150) AoC->BitMap 719 (326) BitMap->Full 0 (0)
[2025-10-15T14:36:45.732-0700][1251][debug][gc,remset   ] GC(62) Coarsening (all): Inline->AoC 1511069 (2877) AoC->Howl 26614 (6694) Howl->Full 0 (0) Inline->AoC 105165 (2082) AoC->BitMap 18427 (3817) BitMap->Full 5 (0)
[2025-10-15T14:36:45.732-0700][1251][info ][gc,heap     ] GC(62) Eden regions: 515->0(560)
[2025-10-15T14:36:45.732-0700][1251][info ][gc,heap     ] GC(62) Survivor regions: 55->72(72)
[2025-10-15T14:36:45.732-0700][1251][info ][gc,heap     ] GC(62) Old regions: 1450->1373
[2025-10-15T14:36:45.732-0700][1251][info ][gc,heap     ] GC(62) Humongous regions: 0->0
[2025-10-15T14:36:45.732-0700][1251][info ][gc,metaspace] GC(62) Metaspace: 291944K(297472K)->291944K(297472K) NonClass: 256794K(259968K)->256794K(259968K) Class: 35150K(37504K)->35150K(37504K)
[2025-10-15T14:36:45.732-0700][1251][info ][gc          ] GC(62) Pause Young (Mixed) (G1 Evacuation Pause) 64640M->46225M(184320M) 224.878ms
[2025-10-15T14:36:45.733-0700][1251][info ][gc,cpu      ] GC(62) User=13.98s Sys=0.19s Real=0.23s
[2025-10-15T14:36:45.735-0700][1251][info ][safepoint   ] Safepoint "G1CollectForAllocation", Time since last: 293202 ns, Reaching safepoint: 1943198 ns, Cleanup: 6409 ns, At safepoint: 228919817 ns, Total: 230869424 ns
[2025-10-15T14:36:46.618-0700][1251][info ][gc,start    ] GC(63) Pause Young (Mixed) (G1 Evacuation Pause)
[2025-10-15T14:36:46.618-0700][1251][info ][gc,task     ] GC(63) Using 113 workers of 113 for evacuation
[2025-10-15T14:36:46.636-0700][1251][debug][gc,remset   ] GC(63) Visited cards 40583680 Total dirty 80216064 (50.59%) Total old 183631872 (22.10%)
[2025-10-15T14:36:46.839-0700][1251][info ][gc,mmu      ] GC(63) MMU target violated: 201.0ms (200.0ms/201.0ms)
[2025-10-15T14:36:46.839-0700][1251][info ][gc,phases   ] GC(63)   Pre Evacuate Collection Set: 0.8ms
[2025-10-15T14:36:46.839-0700][1251][info ][gc,phases   ] GC(63)   Merge Heap Roots: 17.7ms
[2025-10-15T14:36:46.839-0700][1251][info ][gc,phases   ] GC(63)   Evacuate Collection Set: 186.8ms
[2025-10-15T14:36:46.839-0700][1251][info ][gc,phases   ] GC(63)   Post Evacuate Collection Set: 15.5ms
[2025-10-15T14:36:46.839-0700][1251][info ][gc,phases   ] GC(63)   Other: 0.2ms
[2025-10-15T14:36:46.839-0700][1251][debug][gc,remset   ] GC(63) Coarsening (recent): Inline->AoC 80608 (185) AoC->Howl 1141 (465) Howl->Full 0 (0) Inline->AoC 3491 (107) AoC->BitMap 469 (174) BitMap->Full 0 (0)
[2025-10-15T14:36:46.839-0700][1251][debug][gc,remset   ] GC(63) Coarsening (all): Inline->AoC 1591677 (3062) AoC->Howl 27755 (7159) Howl->Full 0 (0) Inline->AoC 108656 (2189) AoC->BitMap 18896 (3991) BitMap->Full 5 (0)
[2025-10-15T14:36:46.839-0700][1251][info ][gc,heap     ] GC(63) Eden regions: 572->0(472)
[2025-10-15T14:36:46.839-0700][1251][info ][gc,heap     ] GC(63) Survivor regions: 72->81(81)
[2025-10-15T14:36:46.839-0700][1251][info ][gc,heap     ] GC(63) Old regions: 1373->1291
[2025-10-15T14:36:46.839-0700][1251][info ][gc,heap     ] GC(63) Humongous regions: 0->0
[2025-10-15T14:36:46.839-0700][1251][info ][gc,metaspace] GC(63) Metaspace: 291985K(297472K)->291985K(297472K) NonClass: 256831K(259968K)->256831K(259968K) Class: 35154K(37504K)->35154K(37504K)
[2025-10-15T14:36:46.839-0700][1251][info ][gc          ] GC(63) Pause Young (Mixed) (G1 Evacuation Pause) 64529M->43875M(184320M) 221.180ms
[2025-10-15T14:36:46.840-0700][1251][info ][gc,cpu      ] GC(63) User=14.26s Sys=0.34s Real=0.23s
[2025-10-15T14:36:46.842-0700][1251][info ][safepoint   ] Safepoint "G1CollectForAllocation", Time since last: 867795195 ns, Reaching safepoint: 13946792 ns, Cleanup: 75153 ns, At safepoint: 225584461 ns, Total: 239606406 ns
[2025-10-15T14:36:47.750-0700][1251][info ][gc,start    ] GC(64) Pause Young (Mixed) (G1 Evacuation Pause)
[2025-10-15T14:36:47.750-0700][1251][info ][gc,task     ] GC(64) Using 113 workers of 113 for evacuation
[2025-10-15T14:36:47.766-0700][1251][debug][gc,remset   ] GC(64) Visited cards 40070144 Total dirty 75038720 (53.40%) Total old 182452224 (21.96%)
[2025-10-15T14:36:47.966-0700][1251][info ][gc,mmu      ] GC(64) MMU target violated: 201.0ms (200.0ms/201.0ms)
[2025-10-15T14:36:47.966-0700][1251][info ][gc,phases   ] GC(64)   Pre Evacuate Collection Set: 0.7ms
[2025-10-15T14:36:47.966-0700][1251][info ][gc,phases   ] GC(64)   Merge Heap Roots: 15.5ms
[2025-10-15T14:36:47.966-0700][1251][info ][gc,phases   ] GC(64)   Evacuate Collection Set: 185.5ms
[2025-10-15T14:36:47.966-0700][1251][info ][gc,phases   ] GC(64)   Post Evacuate Collection Set: 14.1ms
[2025-10-15T14:36:47.966-0700][1251][info ][gc,phases   ] GC(64)   Other: 0.2ms
[2025-10-15T14:36:47.966-0700][1251][debug][gc,remset   ] GC(64) Coarsening (recent): Inline->AoC 90895 (214) AoC->Howl 1649 (676) Howl->Full 0 (0) Inline->AoC 4792 (156) AoC->BitMap 788 (287) BitMap->Full 0 (0)
[2025-10-15T14:36:47.966-0700][1251][debug][gc,remset   ] GC(64) Coarsening (all): Inline->AoC 1682572 (3276) AoC->Howl 29404 (7835) Howl->Full 0 (0) Inline->AoC 113448 (2345) AoC->BitMap 19684 (4278) BitMap->Full 5 (0)
[2025-10-15T14:36:47.966-0700][1251][info ][gc,heap     ] GC(64) Eden regions: 595->0(468)
[2025-10-15T14:36:47.966-0700][1251][info ][gc,heap     ] GC(64) Survivor regions: 81->85(85)
[2025-10-15T14:36:47.966-0700][1251][info ][gc,heap     ] GC(64) Old regions: 1291->1198
[2025-10-15T14:36:47.966-0700][1251][info ][gc,heap     ] GC(64) Humongous regions: 0->0
[2025-10-15T14:36:47.966-0700][1251][info ][gc,metaspace] GC(64) Metaspace: 292017K(297472K)->292017K(297472K) NonClass: 256860K(259968K)->256860K(259968K) Class: 35157K(37504K)->35157K(37504K)
[2025-10-15T14:36:47.966-0700][1251][info ][gc          ] GC(64) Pause Young (Mixed) (G1 Evacuation Pause) 62915M->41045M(184320M) 216.096ms
[2025-10-15T14:36:47.968-0700][1251][info ][gc,cpu      ] GC(64) User=13.19s Sys=0.12s Real=0.21s
[2025-10-15T14:36:47.969-0700][1251][info ][safepoint   ] Safepoint "G1CollectForAllocation", Time since last: 883817645 ns, Reaching safepoint: 22798798 ns, Cleanup: 104687 ns, At safepoint: 219959768 ns, Total: 242863253 ns
[2025-10-15T14:36:48.974-0700][1251][info ][safepoint   ] Safepoint "ICBufferFull", Time since last: 865746839 ns, Reaching safepoint: 116655932 ns, Cleanup: 215795 ns, At safepoint: 22183501 ns, Total: 139055228 ns
[2025-10-15T14:36:49.012-0700][1251][info ][safepoint   ] Safepoint "ICBufferFull", Time since last: 16948124 ns, Reaching safepoint: 11755761 ns, Cleanup: 22053 ns, At safepoint: 9273421 ns, Total: 21051235 ns
[2025-10-15T14:36:49.051-0700][1251][info ][safepoint   ] Safepoint "ICBufferFull", Time since last: 7845790 ns, Reaching safepoint: 28959050 ns, Cleanup: 29935 ns, At safepoint: 2619266 ns, Total: 31608251 ns
[2025-10-15T14:36:49.062-0700][1251][info ][safepoint   ] Safepoint "ICBufferFull", Time since last: 6660625 ns, Reaching safepoint: 3434714 ns, Cleanup: 11167 ns, At safepoint: 759364 ns, Total: 4205245 ns
[2025-10-15T14:36:49.068-0700][1251][info ][safepoint   ] Safepoint "ICBufferFull", Time since last: 4345377 ns, Reaching safepoint: 1616956 ns, Cleanup: 10997 ns, At safepoint: 384709 ns, Total: 2012662 ns
[2025-10-15T14:36:49.072-0700][1251][info ][safepoint   ] Safepoint "ICBufferFull", Time since last: 1515163 ns, Reaching safepoint: 1586230 ns, Cleanup: 9564 ns, At safepoint: 345981 ns, Total: 1941775 ns
[2025-10-15T14:36:49.073-0700][1251][info ][safepoint   ] Safepoint "ICBufferFull", Time since last: 508556 ns, Reaching safepoint: 853416 ns, Cleanup: 1813 ns, At safepoint: 293913 ns, Total: 1149142 ns
[2025-10-15T14:36:49.075-0700][1251][info ][safepoint   ] Safepoint "ICBufferFull", Time since last: 279931 ns, Reaching safepoint: 853647 ns, Cleanup: 4136 ns, At safepoint: 203166 ns, Total: 1060949 ns
[2025-10-15T14:36:49.076-0700][1251][info ][safepoint   ] Safepoint "ICBufferFull", Time since last: 613544 ns, Reaching safepoint: 859215 ns, Cleanup: 2133 ns, At safepoint: 250547 ns, Total: 1111895 ns
[2025-10-15T14:36:49.078-0700][1251][info ][safepoint   ] Safepoint "ICBufferFull", Time since last: 252821 ns, Reaching safepoint: 664051 ns, Cleanup: 1041 ns, At safepoint: 191960 ns, Total: 857052 ns
[2025-10-15T14:36:49.079-0700][1251][info ][safepoint   ] Safepoint "ICBufferFull", Time since last: 738763 ns, Reaching safepoint: 862158 ns, Cleanup: 4427 ns, At safepoint: 203547 ns, Total: 1070132 ns
[2025-10-15T14:36:49.080-0700][1251][info ][safepoint   ] Safepoint "ICBufferFull", Time since last: 199050 ns, Reaching safepoint: 513313 ns, Cleanup: 941 ns, At safepoint: 196466 ns, Total: 710720 ns
[2025-10-15T14:36:49.082-0700][1251][info ][safepoint   ] Safepoint "ICBufferFull", Time since last: 982661 ns, Reaching safepoint: 613825 ns, Cleanup: 1592 ns, At safepoint: 174453 ns, Total: 789870 ns
[2025-10-15T14:36:49.083-0700][1251][info ][safepoint   ] Safepoint "ICBufferFull", Time since last: 339381 ns, Reaching safepoint: 610300 ns, Cleanup: 2033 ns, At safepoint: 169165 ns, Total: 781498 ns
[2025-10-15T14:36:49.084-0700][1251][info ][safepoint   ] Safepoint "ICBufferFull", Time since last: 159961 ns, Reaching safepoint: 555176 ns, Cleanup: 1923 ns, At safepoint: 188784 ns, Total: 745883 ns
[2025-10-15T14:36:49.085-0700][1251][info ][safepoint   ] Safepoint "ICBufferFull", Time since last: 170728 ns, Reaching safepoint: 415225 ns, Cleanup: 2063 ns, At safepoint: 203046 ns, Total: 620334 ns
[2025-10-15T14:36:49.086-0700][1251][info ][safepoint   ] Safepoint "ICBufferFull", Time since last: 171288 ns, Reaching safepoint: 720365 ns, Cleanup: 1523 ns, At safepoint: 171087 ns, Total: 892975 ns
[2025-10-15T14:36:49.087-0700][1251][info ][safepoint   ] Safepoint "ICBufferFull", Time since last: 169656 ns, Reaching safepoint: 503749 ns, Cleanup: 911 ns, At safepoint: 171509 ns, Total: 676169 ns
[2025-10-15T14:36:49.088-0700][1251][info ][safepoint   ] Safepoint "ICBufferFull", Time since last: 211198 ns, Reaching safepoint: 499713 ns, Cleanup: 791 ns, At safepoint: 170347 ns, Total: 670851 ns
[2025-10-15T14:36:49.089-0700][1251][info ][safepoint   ] Safepoint "ICBufferFull", Time since last: 163847 ns, Reaching safepoint: 1024173 ns, Cleanup: 1251 ns, At safepoint: 123236 ns, Total: 1148660 ns
[2025-10-15T14:36:49.090-0700][1251][info ][safepoint   ] Safepoint "ICBufferFull", Time since last: 166922 ns, Reaching safepoint: 547895 ns, Cleanup: 6069 ns, At safepoint: 155585 ns, Total: 709549 ns
[2025-10-15T14:36:49.091-0700][1251][info ][safepoint   ] Safepoint "ICBufferFull", Time since last: 116735 ns, Reaching safepoint: 484761 ns, Cleanup: 1081 ns, At safepoint: 166191 ns, Total: 652033 ns
[2025-10-15T14:36:49.092-0700][1251][info ][safepoint   ] Safepoint "ICBufferFull", Time since last: 225139 ns, Reaching safepoint: 509598 ns, Cleanup: 1182 ns, At safepoint: 155033 ns, Total: 665813 ns
[2025-10-15T14:36:49.093-0700][1251][info ][safepoint   ] Safepoint "ICBufferFull", Time since last: 240703 ns, Reaching safepoint: 1128860 ns, Cleanup: 1052 ns, At safepoint: 127302 ns, Total: 1257214 ns
[2025-10-15T14:36:49.094-0700][1251][info ][safepoint   ] Safepoint "ICBufferFull", Time since last: 166781 ns, Reaching safepoint: 720866 ns, Cleanup: 1112 ns, At safepoint: 143185 ns, Total: 865163 ns
[2025-10-15T14:36:49.095-0700][1251][info ][safepoint   ] Safepoint "ICBufferFull", Time since last: 251219 ns, Reaching safepoint: 746194 ns, Cleanup: 1122 ns, At safepoint: 145699 ns, Total: 893015 ns
[2025-10-15T14:36:49.098-0700][1251][info ][gc,start    ] GC(65) Pause Young (Mixed) (G1 Evacuation Pause)
[2025-10-15T14:36:49.098-0700][1251][info ][gc,task     ] GC(65) Using 113 workers of 113 for evacuation
[2025-10-15T14:36:49.114-0700][1251][debug][gc,remset   ] GC(65) Visited cards 37246464 Total dirty 68812800 (54.13%) Total old 185008128 (20.13%)
[2025-10-15T14:36:49.325-0700][1251][info ][gc,mmu      ] GC(65) MMU target violated: 201.0ms (200.0ms/201.0ms)
[2025-10-15T14:36:49.325-0700][1251][info ][gc,phases   ] GC(65)   Pre Evacuate Collection Set: 0.7ms
[2025-10-15T14:36:49.325-0700][1251][info ][gc,phases   ] GC(65)   Merge Heap Roots: 15.2ms
[2025-10-15T14:36:49.325-0700][1251][info ][gc,phases   ] GC(65)   Evacuate Collection Set: 197.4ms
[2025-10-15T14:36:49.325-0700][1251][info ][gc,phases   ] GC(65)   Post Evacuate Collection Set: 13.6ms
[2025-10-15T14:36:49.325-0700][1251][info ][gc,phases   ] GC(65)   Other: 0.2ms
[2025-10-15T14:36:49.325-0700][1251][debug][gc,remset   ] GC(65) Coarsening (recent): Inline->AoC 118744 (331) AoC->Howl 1452 (590) Howl->Full 0 (0) Inline->AoC 4245 (182) AoC->BitMap 623 (216) BitMap->Full 0 (0)
[2025-10-15T14:36:49.325-0700][1251][debug][gc,remset   ] GC(65) Coarsening (all): Inline->AoC 1801316 (3607) AoC->Howl 30856 (8425) Howl->Full 0 (0) Inline->AoC 117693 (2527) AoC->BitMap 20307 (4494) BitMap->Full 5 (0)
[2025-10-15T14:36:49.325-0700][1251][info ][gc,heap     ] GC(65) Eden regions: 657->0(515)
[2025-10-15T14:36:49.325-0700][1251][info ][gc,heap     ] GC(65) Survivor regions: 85->93(93)
[2025-10-15T14:36:49.325-0700][1251][info ][gc,heap     ] GC(65) Old regions: 1198->1108
[2025-10-15T14:36:49.325-0700][1251][info ][gc,heap     ] GC(65) Humongous regions: 0->0
[2025-10-15T14:36:49.325-0700][1251][info ][gc,metaspace] GC(65) Metaspace: 292252K(297536K)->292252K(297536K) NonClass: 257090K(260032K)->257090K(260032K) Class: 35161K(37504K)->35161K(37504K)
[2025-10-15T14:36:49.325-0700][1251][info ][gc          ] GC(65) Pause Young (Mixed) (G1 Evacuation Pause) 62069M->38410M(184320M) 227.066ms
[2025-10-15T14:36:49.326-0700][1251][info ][gc,cpu      ] GC(65) User=13.96s Sys=0.19s Real=0.23s
[2025-10-15T14:36:49.327-0700][1251][info ][safepoint   ] Safepoint "G1CollectForAllocation", Time since last: 768218 ns, Reaching safepoint: 493153 ns, Cleanup: 1582 ns, At safepoint: 230410783 ns, Total: 230905518 ns
[2025-10-15T14:36:49.332-0700][1251][info ][safepoint   ] Safepoint "ICBufferFull", Time since last: 3412762 ns, Reaching safepoint: 781657 ns, Cleanup: 8132 ns, At safepoint: 547515 ns, Total: 1337304 ns
[2025-10-15T14:36:49.338-0700][1251][info ][safepoint   ] Safepoint "ICBufferFull", Time since last: 3421114 ns, Reaching safepoint: 2008957 ns, Cleanup: 4988 ns, At safepoint: 873145 ns, Total: 2887090 ns
[2025-10-15T14:36:49.357-0700][1251][info ][safepoint   ] Safepoint "ICBufferFull", Time since last: 10853021 ns, Reaching safepoint: 4869897 ns, Cleanup: 33340 ns, At safepoint: 3533864 ns, Total: 8437101 ns
[2025-10-15T14:36:49.392-0700][1251][info ][safepoint   ] Safepoint "ICBufferFull", Time since last: 19044593 ns, Reaching safepoint: 14552474 ns, Cleanup: 28863 ns, At safepoint: 1062241 ns, Total: 15643578 ns
[2025-10-15T14:36:49.456-0700][1251][info ][safepoint   ] Safepoint "ICBufferFull", Time since last: 19352726 ns, Reaching safepoint: 26237870 ns, Cleanup: 20571 ns, At safepoint: 18406741 ns, Total: 44665182 ns
[2025-10-15T14:36:49.512-0700][1251][info ][safepoint   ] Safepoint "ICBufferFull", Time since last: 6618972 ns, Reaching safepoint: 39737288 ns, Cleanup: 15553 ns, At safepoint: 9634025 ns, Total: 49386866 ns
[2025-10-15T14:36:49.550-0700][1251][info ][safepoint   ] Safepoint "ICBufferFull", Time since last: 8494687 ns, Reaching safepoint: 28968684 ns, Cleanup: 17777 ns, At safepoint: 1014008 ns, Total: 30000469 ns
[2025-10-15T14:36:49.591-0700][1251][info ][safepoint   ] Safepoint "ICBufferFull", Time since last: 10457515 ns, Reaching safepoint: 21116383 ns, Cleanup: 12689 ns, At safepoint: 9029855 ns, Total: 30158927 ns
[2025-10-15T14:36:49.601-0700][1251][info ][safepoint   ] Safepoint "ICBufferFull", Time since last: 1181359 ns, Reaching safepoint: 7304265 ns, Cleanup: 12859 ns, At safepoint: 1527712 ns, Total: 8844836 ns
[2025-10-15T14:36:49.612-0700][1251][info ][safepoint   ] Safepoint "ICBufferFull", Time since last: 2215668 ns, Reaching safepoint: 7723626 ns, Cleanup: 12689 ns, At safepoint: 686435 ns, Total: 8422750 ns
[2025-10-15T14:36:49.619-0700][1251][info ][safepoint   ] Safepoint "ICBufferFull", Time since last: 3353943 ns, Reaching safepoint: 2909413 ns, Cleanup: 10866 ns, At safepoint: 686344 ns, Total: 3606623 ns
[2025-10-15T14:36:49.630-0700][1251][info ][safepoint   ] Safepoint "ICBufferFull", Time since last: 1904520 ns, Reaching safepoint: 8340786 ns, Cleanup: 11026 ns, At safepoint: 683139 ns, Total: 9034951 ns
[2025-10-15T14:36:49.649-0700][1251][info ][safepoint   ] Safepoint "ICBufferFull", Time since last: 7442453 ns, Reaching safepoint: 11337842 ns, Cleanup: 5358 ns, At safepoint: 725182 ns, Total: 12068382 ns
[2025-10-15T14:36:49.661-0700][1251][info ][safepoint   ] Safepoint "ICBufferFull", Time since last: 4161510 ns, Reaching safepoint: 7275531 ns, Cleanup: 5849 ns, At safepoint: 739193 ns, Total: 8020573 ns
[2025-10-15T14:36:49.671-0700][1251][info ][safepoint   ] Safepoint "ICBufferFull", Time since last: 2562922 ns, Reaching safepoint: 6525831 ns, Cleanup: 12069 ns, At safepoint: 720705 ns, Total: 7258605 ns
[2025-10-15T14:36:49.685-0700][1251][info ][safepoint   ] Safepoint "ICBufferFull", Time since last: 5822132 ns, Reaching safepoint: 3671942 ns, Cleanup: 13831 ns, At safepoint: 4078645 ns, Total: 7764418 ns
[2025-10-15T14:36:49.690-0700][1251][info ][safepoint   ] Safepoint "ICBufferFull", Time since last: 1255101 ns, Reaching safepoint: 2863293 ns, Cleanup: 15233 ns, At safepoint: 802319 ns, Total: 3680845 ns
[2025-10-15T14:36:49.697-0700][1251][info ][safepoint   ] Safepoint "ICBufferFull", Time since last: 2532015 ns, Reaching safepoint: 3722097 ns, Cleanup: 15143 ns, At safepoint: 634636 ns, Total: 4371876 ns
[2025-10-15T14:36:49.705-0700][1251][info ][safepoint   ] Safepoint "ICBufferFull", Time since last: 1797418 ns, Reaching safepoint: 3466753 ns, Cleanup: 6099 ns, At safepoint: 2897856 ns, Total: 6370708 ns
[2025-10-15T14:36:49.713-0700][1251][info ][safepoint   ] Safepoint "ICBufferFull", Time since last: 4137233 ns, Reaching safepoint: 3685533 ns, Cleanup: 17246 ns, At safepoint: 784171 ns, Total: 4486950 ns
[2025-10-15T14:36:49.719-0700][1251][info ][safepoint   ] Safepoint "ICBufferFull", Time since last: 2165703 ns, Reaching safepoint: 2105332 ns, Cleanup: 15563 ns, At safepoint: 1479469 ns, Total: 3600364 ns
[2025-10-15T14:36:49.731-0700][1251][info ][safepoint   ] Safepoint "ICBufferFull", Time since last: 2657384 ns, Reaching safepoint: 2422830 ns, Cleanup: 10796 ns, At safepoint: 7115270 ns, Total: 9548896 ns
[2025-10-15T14:36:49.741-0700][1251][info ][safepoint   ] Safepoint "ICBufferFull", Time since last: 4658258 ns, Reaching safepoint: 4536775 ns, Cleanup: 13330 ns, At safepoint: 803261 ns, Total: 5353366 ns
[2025-10-15T14:36:49.756-0700][1251][info ][safepoint   ] Safepoint "ICBufferFull", Time since last: 4262992 ns, Reaching safepoint: 9624781 ns, Cleanup: 12358 ns, At safepoint: 844913 ns, Total: 10482052 ns
[2025-10-15T14:36:49.769-0700][1251][info ][safepoint   ] Safepoint "ICBufferFull", Time since last: 4054849 ns, Reaching safepoint: 7923467 ns, Cleanup: 25499 ns, At safepoint: 1201470 ns, Total: 9150436 ns
[2025-10-15T14:36:49.783-0700][1251][info ][safepoint   ] Safepoint "ICBufferFull", Time since last: 10012254 ns, Reaching safepoint: 2276740 ns, Cleanup: 12469 ns, At safepoint: 1278566 ns, Total: 3567775 ns
[2025-10-15T14:36:49.792-0700][1251][info ][safepoint   ] Safepoint "ICBufferFull", Time since last: 4132877 ns, Reaching safepoint: 3938894 ns, Cleanup: 12950 ns, At safepoint: 720045 ns, Total: 4671889 ns
[2025-10-15T14:36:49.804-0700][1251][info ][safepoint   ] Safepoint "ICBufferFull", Time since last: 9425420 ns, Reaching safepoint: 2486946 ns, Cleanup: 5068 ns, At safepoint: 647606 ns, Total: 3139620 ns
[2025-10-15T14:36:49.809-0700][1251][info ][safepoint   ] Safepoint "ICBufferFull", Time since last: 1154319 ns, Reaching safepoint: 3121282 ns, Cleanup: 10837 ns, At safepoint: 602547 ns, Total: 3734666 ns
[2025-10-15T14:36:49.813-0700][1251][info ][safepoint   ] Safepoint "ICBufferFull", Time since last: 731653 ns, Reaching safepoint: 2262358 ns, Cleanup: 11077 ns, At safepoint: 858023 ns, Total: 3131458 ns
[2025-10-15T14:36:49.819-0700][1251][info ][safepoint   ] Safepoint "ICBufferFull", Time since last: 3512702 ns, Reaching safepoint: 1691738 ns, Cleanup: 4858 ns, At safepoint: 796440 ns, Total: 2493036 ns
[2025-10-15T14:36:49.829-0700][1251][info ][safepoint   ] Safepoint "ICBufferFull", Time since last: 5869553 ns, Reaching safepoint: 2471764 ns, Cleanup: 15914 ns, At safepoint: 1805630 ns, Total: 4293308 ns
[2025-10-15T14:36:49.855-0700][1251][info ][safepoint   ] Safepoint "ICBufferFull", Time since last: 5653898 ns, Reaching safepoint: 16977748 ns, Cleanup: 13100 ns, At safepoint: 3189585 ns, Total: 20180433 ns
[2025-10-15T14:36:49.864-0700][1251][info ][safepoint   ] Safepoint "ICBufferFull", Time since last: 2563893 ns, Reaching safepoint: 3771051 ns, Cleanup: 5308 ns, At safepoint: 2504994 ns, Total: 6281353 ns
[2025-10-15T14:36:49.883-0700][1251][info ][safepoint   ] Safepoint "ICBufferFull", Time since last: 4739691 ns, Reaching safepoint: 12893936 ns, Cleanup: 14261 ns, At safepoint: 1230625 ns, Total: 14138822 ns
[2025-10-15T14:36:49.894-0700][1251][info ][safepoint   ] Safepoint "ICBufferFull", Time since last: 3112739 ns, Reaching safepoint: 6944052 ns, Cleanup: 13050 ns, At safepoint: 901468 ns, Total: 7858570 ns
[2025-10-15T14:36:49.907-0700][1251][info ][safepoint   ] Safepoint "ICBufferFull", Time since last: 3180151 ns, Reaching safepoint: 6163185 ns, Cleanup: 11818 ns, At safepoint: 3579563 ns, Total: 9754566 ns
[2025-10-15T14:36:49.922-0700][1251][info ][safepoint   ] Safepoint "ICBufferFull", Time since last: 9141522 ns, Reaching safepoint: 5427708 ns, Cleanup: 12809 ns, At safepoint: 1273479 ns, Total: 6713996 ns
[2025-10-15T14:36:49.933-0700][1251][info ][safepoint   ] Safepoint "ICBufferFull", Time since last: 4587531 ns, Reaching safepoint: 1351126 ns, Cleanup: 11958 ns, At safepoint: 4340369 ns, Total: 5703453 ns
[2025-10-15T14:36:50.203-0700][1251][info ][safepoint   ] Safepoint "ICBufferFull", Time since last: 1191024 ns, Reaching safepoint: 262642483 ns, Cleanup: 61492 ns, At safepoint: 6567445 ns, Total: 269271420 ns
[2025-10-15T14:36:50.465-0700][1251][info ][safepoint   ] Safepoint "ICBufferFull", Time since last: 5480366 ns, Reaching safepoint: 251875612 ns, Cleanup: 66310 ns, At safepoint: 4762905 ns, Total: 256704827 ns
[2025-10-15T14:36:50.482-0700][1251][info ][safepoint   ] Safepoint "ICBufferFull", Time since last: 4423475 ns, Reaching safepoint: 7522212 ns, Cleanup: 29755 ns, At safepoint: 4586260 ns, Total: 12138227 ns
[2025-10-15T14:36:50.497-0700][1251][info ][safepoint   ] Safepoint "ICBufferFull", Time since last: 3789599 ns, Reaching safepoint: 10361110 ns, Cleanup: 14262 ns, At safepoint: 1271655 ns, Total: 11647027 ns
[2025-10-15T14:36:50.531-0700][1251][info ][safepoint   ] Safepoint "ICBufferFull", Time since last: 12350958 ns, Reaching safepoint: 20439394 ns, Cleanup: 28192 ns, At safepoint: 981078 ns, Total: 21448664 ns
[2025-10-15T14:36:50.535-0700][1251][info ][safepoint   ] Safepoint "ICBufferFull", Time since last: 755599 ns, Reaching safepoint: 2257090 ns, Cleanup: 10977 ns, At safepoint: 891413 ns, Total: 3159480 ns
[2025-10-15T14:36:50.591-0700][1251][info ][safepoint   ] Safepoint "ICBufferFull", Time since last: 15154752 ns, Reaching safepoint: 22324373 ns, Cleanup: 6770 ns, At safepoint: 18602466 ns, Total: 40933609 ns
[2025-10-15T14:36:50.609-0700][1251][info ][safepoint   ] Safepoint "ICBufferFull", Time since last: 2260266 ns, Reaching safepoint: 10585417 ns, Cleanup: 14633 ns, At safepoint: 5271662 ns, Total: 15871712 ns
[2025-10-15T14:36:50.630-0700][1251][info ][safepoint   ] Safepoint "ICBufferFull", Time since last: 2989253 ns, Reaching safepoint: 14285132 ns, Cleanup: 17336 ns, At safepoint: 3303117 ns, Total: 17605585 ns
[2025-10-15T14:36:50.643-0700][1251][info ][safepoint   ] Safepoint "ICBufferFull", Time since last: 939765 ns, Reaching safepoint: 4270314 ns, Cleanup: 11607 ns, At safepoint: 8189959 ns, Total: 12471880 ns
[2025-10-15T14:36:50.653-0700][1251][info ][safepoint   ] Safepoint "ICBufferFull", Time since last: 2009538 ns, Reaching safepoint: 2748370 ns, Cleanup: 5709 ns, At safepoint: 4879421 ns, Total: 7633500 ns
[2025-10-15T14:36:50.673-0700][1251][info ][safepoint   ] Safepoint "ICBufferFull", Time since last: 3319221 ns, Reaching safepoint: 9570288 ns, Cleanup: 13891 ns, At safepoint: 7331977 ns, Total: 16916156 ns
[2025-10-15T14:36:50.692-0700][1251][info ][safepoint   ] Safepoint "ICBufferFull", Time since last: 4051504 ns, Reaching safepoint: 13708092 ns, Cleanup: 5728 ns, At safepoint: 961629 ns, Total: 14675449 ns
[2025-10-15T14:36:50.706-0700][1251][info ][safepoint   ] Safepoint "ICBufferFull", Time since last: 2791756 ns, Reaching safepoint: 9774486 ns, Cleanup: 11458 ns, At safepoint: 1375542 ns, Total: 11161486 ns
[2025-10-15T14:36:50.710-0700][1251][info ][safepoint   ] Safepoint "ICBufferFull", Time since last: 784121 ns, Reaching safepoint: 2055157 ns, Cleanup: 14952 ns, At safepoint: 1013858 ns, Total: 3083967 ns
[2025-10-15T14:36:50.736-0700][1251][info ][safepoint   ] Safepoint "ICBufferFull", Time since last: 2647098 ns, Reaching safepoint: 15779443 ns, Cleanup: 16675 ns, At safepoint: 7467390 ns, Total: 23263508 ns
[2025-10-15T14:36:50.770-0700][1251][info ][safepoint   ] Safepoint "ICBufferFull", Time since last: 4519048 ns, Reaching safepoint: 15773585 ns, Cleanup: 36364 ns, At safepoint: 14453055 ns, Total: 30263004 ns
[2025-10-15T14:36:50.816-0700][1251][info ][safepoint   ] Safepoint "ICBufferFull", Time since last: 6111277 ns, Reaching safepoint: 35512473 ns, Cleanup: 16434 ns, At safepoint: 4114569 ns, Total: 39643476 ns
[2025-10-15T14:36:50.830-0700][1251][info ][safepoint   ] Safepoint "ICBufferFull", Time since last: 1328081 ns, Reaching safepoint: 7833933 ns, Cleanup: 6209 ns, At safepoint: 4277474 ns, Total: 12117616 ns
[2025-10-15T14:36:50.837-0700][1251][info ][safepoint   ] Safepoint "ICBufferFull", Time since last: 2705897 ns, Reaching safepoint: 3297828 ns, Cleanup: 13992 ns, At safepoint: 954187 ns, Total: 4266007 ns
[2025-10-15T14:36:50.842-0700][1251][info ][safepoint   ] Safepoint "ICBufferFull", Time since last: 1949417 ns, Reaching safepoint: 2620929 ns, Cleanup: 11086 ns, At safepoint: 579323 ns, Total: 3211338 ns
[2025-10-15T14:36:50.844-0700][1251][info ][safepoint   ] Safepoint "ICBufferFull", Time since last: 786996 ns, Reaching safepoint: 1554111 ns, Cleanup: 4096 ns, At safepoint: 347855 ns, Total: 1906062 ns
[2025-10-15T14:36:50.848-0700][1251][info ][safepoint   ] Safepoint "ICBufferFull", Time since last: 1599389 ns, Reaching safepoint: 1197685 ns, Cleanup: 1782 ns, At safepoint: 330809 ns, Total: 1530276 ns
[2025-10-15T14:36:50.850-0700][1251][info ][safepoint   ] Safepoint "ICBufferFull", Time since last: 710630 ns, Reaching safepoint: 1100238 ns, Cleanup: 2093 ns, At safepoint: 245350 ns, Total: 1347681 ns
[2025-10-15T14:36:50.852-0700][1251][info ][safepoint   ] Safepoint "ICBufferFull", Time since last: 770771 ns, Reaching safepoint: 1293529 ns, Cleanup: 2574 ns, At safepoint: 200682 ns, Total: 1496785 ns
[2025-10-15T14:36:50.855-0700][1251][info ][safepoint   ] Safepoint "ICBufferFull", Time since last: 1813092 ns, Reaching safepoint: 886605 ns, Cleanup: 1903 ns, At safepoint: 206601 ns, Total: 1095109 ns
[2025-10-15T14:36:50.858-0700][1251][info ][safepoint   ] Safepoint "ICBufferFull", Time since last: 2453767 ns, Reaching safepoint: 906226 ns, Cleanup: 2774 ns, At safepoint: 240131 ns, Total: 1149131 ns
[2025-10-15T14:36:50.861-0700][1251][info ][safepoint   ] Safepoint "ICBufferFull", Time since last: 1050533 ns, Reaching safepoint: 1215962 ns, Cleanup: 2073 ns, At safepoint: 192811 ns, Total: 1410846 ns
[2025-10-15T14:36:50.862-0700][1251][info ][safepoint   ] Safepoint "ICBufferFull", Time since last: 146360 ns, Reaching safepoint: 598191 ns, Cleanup: 1212 ns, At safepoint: 202666 ns, Total: 802069 ns
[2025-10-15T14:36:50.863-0700][1251][info ][safepoint   ] Safepoint "ICBufferFull", Time since last: 670159 ns, Reaching safepoint: 588487 ns, Cleanup: 1562 ns, At safepoint: 221424 ns, Total: 811473 ns
[2025-10-15T14:36:50.867-0700][1251][info ][safepoint   ] Safepoint "ICBufferFull", Time since last: 2933840 ns, Reaching safepoint: 855899 ns, Cleanup: 2775 ns, At safepoint: 203827 ns, Total: 1062501 ns
[2025-10-15T14:36:50.869-0700][1251][info ][safepoint   ] Safepoint "ICBufferFull", Time since last: 562717 ns, Reaching safepoint: 578242 ns, Cleanup: 1231 ns, At safepoint: 206852 ns, Total: 786325 ns
[2025-10-15T14:36:50.870-0700][1251][info ][safepoint   ] Safepoint "ICBufferFull", Time since last: 117938 ns, Reaching safepoint: 685012 ns, Cleanup: 1172 ns, At safepoint: 166631 ns, Total: 852815 ns
[2025-10-15T14:36:50.871-0700][1251][info ][safepoint   ] Safepoint "ICBufferFull", Time since last: 645752 ns, Reaching safepoint: 687707 ns, Cleanup: 1882 ns, At safepoint: 181324 ns, Total: 870913 ns
[2025-10-15T14:36:50.875-0700][1251][info ][safepoint   ] Safepoint "ICBufferFull", Time since last: 3099740 ns, Reaching safepoint: 835468 ns, Cleanup: 2674 ns, At safepoint: 216086 ns, Total: 1054228 ns
[2025-10-15T14:36:50.877-0700][1251][info ][safepoint   ] Safepoint "ICBufferFull", Time since last: 532342 ns, Reaching safepoint: 877912 ns, Cleanup: 1322 ns, At safepoint: 187874 ns, Total: 1067108 ns
[2025-10-15T14:36:50.878-0700][1251][info ][safepoint   ] Safepoint "ICBufferFull", Time since last: 125589 ns, Reaching safepoint: 526012 ns, Cleanup: 982 ns, At safepoint: 191538 ns, Total: 718532 ns
[2025-10-15T14:36:50.879-0700][1251][info ][safepoint   ] Safepoint "ICBufferFull", Time since last: 98178 ns, Reaching safepoint: 445101 ns, Cleanup: 1121 ns, At safepoint: 188685 ns, Total: 634907 ns
[2025-10-15T14:36:50.881-0700][1251][info ][safepoint   ] Safepoint "ICBufferFull", Time since last: 1211295 ns, Reaching safepoint: 718212 ns, Cleanup: 1722 ns, At safepoint: 170107 ns, Total: 890041 ns
[2025-10-15T14:36:50.881-0700][1251][info ][safepoint   ] Safepoint "ICBufferFull", Time since last: 107672 ns, Reaching safepoint: 353452 ns, Cleanup: 1513 ns, At safepoint: 140742 ns, Total: 495707 ns
[2025-10-15T14:36:50.882-0700][1251][info ][safepoint   ] Safepoint "ICBufferFull", Time since last: 105158 ns, Reaching safepoint: 357078 ns, Cleanup: 901 ns, At safepoint: 103226 ns, Total: 461205 ns
[2025-10-15T14:36:50.882-0700][1251][info ][safepoint   ] Safepoint "ICBufferFull", Time since last: 80141 ns, Reaching safepoint: 256526 ns, Cleanup: 1002 ns, At safepoint: 90877 ns, Total: 348405 ns
[2025-10-15T14:36:50.883-0700][1251][info ][safepoint   ] Safepoint "ICBufferFull", Time since last: 105589 ns, Reaching safepoint: 270006 ns, Cleanup: 942 ns, At safepoint: 106971 ns, Total: 377919 ns
[2025-10-15T14:36:50.883-0700][1251][info ][safepoint   ] Safepoint "ICBufferFull", Time since last: 79740 ns, Reaching safepoint: 257338 ns, Cleanup: 1041 ns, At safepoint: 84658 ns, Total: 343037 ns
[2025-10-15T14:36:50.884-0700][1251][info ][safepoint   ] Safepoint "ICBufferFull", Time since last: 181473 ns, Reaching safepoint: 254283 ns, Cleanup: 1423 ns, At safepoint: 81132 ns, Total: 336838 ns
[2025-10-15T14:36:50.884-0700][1251][info ][safepoint   ] Safepoint "ICBufferFull", Time since last: 207222 ns, Reaching safepoint: 242235 ns, Cleanup: 1192 ns, At safepoint: 75654 ns, Total: 319081 ns
[2025-10-15T14:36:50.885-0700][1251][info ][safepoint   ] Safepoint "ICBufferFull", Time since last: 157287 ns, Reaching safepoint: 242084 ns, Cleanup: 842 ns, At safepoint: 78678 ns, Total: 321604 ns
[2025-10-15T14:36:50.885-0700][1251][info ][safepoint   ] Safepoint "ICBufferFull", Time since last: 142425 ns, Reaching safepoint: 242505 ns, Cleanup: 1102 ns, At safepoint: 80040 ns, Total: 323647 ns
[2025-10-15T14:36:50.886-0700][1251][info ][safepoint   ] Safepoint "ICBufferFull", Time since last: 88484 ns, Reaching safepoint: 260923 ns, Cleanup: 1131 ns, At safepoint: 97998 ns, Total: 360052 ns
[2025-10-15T14:36:50.886-0700][1251][info ][safepoint   ] Safepoint "ICBufferFull", Time since last: 83676 ns, Reaching safepoint: 255285 ns, Cleanup: 871 ns, At safepoint: 87161 ns, Total: 343317 ns
[2025-10-15T14:36:50.886-0700][1251][info ][safepoint   ] Safepoint "ICBufferFull", Time since last: 103166 ns, Reaching safepoint: 269907 ns, Cleanup: 480 ns, At safepoint: 96005 ns, Total: 366392 ns
[2025-10-15T14:36:50.888-0700][1251][info ][safepoint   ] Safepoint "ICBufferFull", Time since last: 116996 ns, Reaching safepoint: 1188431 ns, Cleanup: 871 ns, At safepoint: 77847 ns, Total: 1267149 ns
[2025-10-15T14:36:50.888-0700][1251][info ][safepoint   ] Safepoint "ICBufferFull", Time since last: 90266 ns, Reaching safepoint: 250528 ns, Cleanup: 450 ns, At safepoint: 105700 ns, Total: 356678 ns
[2025-10-15T14:36:50.889-0700][1251][info ][safepoint   ] Safepoint "ICBufferFull", Time since last: 121292 ns, Reaching safepoint: 248685 ns, Cleanup: 861 ns, At safepoint: 87772 ns, Total: 337318 ns
[2025-10-15T14:36:50.889-0700][1251][info ][safepoint   ] Safepoint "ICBufferFull", Time since last: 131909 ns, Reaching safepoint: 247643 ns, Cleanup: 531 ns, At safepoint: 75364 ns, Total: 323538 ns
[2025-10-15T14:36:50.890-0700][1251][info ][safepoint   ] Safepoint "ICBufferFull", Time since last: 86009 ns, Reaching safepoint: 261995 ns, Cleanup: 781 ns, At safepoint: 104618 ns, Total: 367394 ns
[2025-10-15T14:36:50.890-0700][1251][info ][safepoint   ] Safepoint "ICBufferFull", Time since last: 121112 ns, Reaching safepoint: 251910 ns, Cleanup: 931 ns, At safepoint: 76015 ns, Total: 328856 ns
[2025-10-15T14:36:50.891-0700][1251][info ][safepoint   ] Safepoint "ICBufferFull", Time since last: 75253 ns, Reaching safepoint: 262756 ns, Cleanup: 1021 ns, At safepoint: 98379 ns, Total: 362156 ns
[2025-10-15T14:36:50.891-0700][1251][info ][safepoint   ] Safepoint "ICBufferFull", Time since last: 63345 ns, Reaching safepoint: 250708 ns, Cleanup: 761 ns, At safepoint: 85359 ns, Total: 336828 ns
[2025-10-15T14:36:50.891-0700][1251][info ][safepoint   ] Safepoint "ICBufferFull", Time since last: 60491 ns, Reaching safepoint: 261083 ns, Cleanup: 381 ns, At safepoint: 91628 ns, Total: 353092 ns
[2025-10-15T14:36:50.892-0700][1251][info ][safepoint   ] Safepoint "ICBufferFull", Time since last: 67311 ns, Reaching safepoint: 246131 ns, Cleanup: 871 ns, At safepoint: 84027 ns, Total: 331029 ns
[2025-10-15T14:36:50.892-0700][1251][info ][safepoint   ] Safepoint "ICBufferFull", Time since last: 55614 ns, Reaching safepoint: 252340 ns, Cleanup: 961 ns, At safepoint: 88784 ns, Total: 342085 ns
[2025-10-15T14:36:50.893-0700][1251][info ][safepoint   ] Safepoint "ICBufferFull", Time since last: 106671 ns, Reaching safepoint: 239170 ns, Cleanup: 981 ns, At safepoint: 77117 ns, Total: 317268 ns
[2025-10-15T14:36:50.893-0700][1251][info ][safepoint   ] Safepoint "ICBufferFull", Time since last: 78037 ns, Reaching safepoint: 239531 ns, Cleanup: 1032 ns, At safepoint: 88723 ns, Total: 329286 ns
[2025-10-15T14:36:50.893-0700][1251][info ][safepoint   ] Safepoint "ICBufferFull", Time since last: 58889 ns, Reaching safepoint: 249616 ns, Cleanup: 401 ns, At safepoint: 80181 ns, Total: 330198 ns
[2025-10-15T14:36:50.894-0700][1251][info ][safepoint   ] Safepoint "ICBufferFull", Time since last: 89044 ns, Reaching safepoint: 241033 ns, Cleanup: 881 ns, At safepoint: 81793 ns, Total: 323707 ns
[2025-10-15T14:36:50.894-0700][1251][info ][safepoint   ] Safepoint "ICBufferFull", Time since last: 67863 ns, Reaching safepoint: 238539 ns, Cleanup: 791 ns, At safepoint: 83125 ns, Total: 322455 ns
[2025-10-15T14:36:50.895-0700][1251][info ][safepoint   ] Safepoint "ICBufferFull", Time since last: 124638 ns, Reaching safepoint: 248214 ns, Cleanup: 1162 ns, At safepoint: 75233 ns, Total: 324609 ns
[2025-10-15T14:36:50.895-0700][1251][info ][safepoint   ] Safepoint "ICBufferFull", Time since last: 65759 ns, Reaching safepoint: 251089 ns, Cleanup: 1111 ns, At safepoint: 88934 ns, Total: 341134 ns
[2025-10-15T14:36:50.895-0700][1251][info ][safepoint   ] Safepoint "ICBufferFull", Time since last: 62164 ns, Reaching safepoint: 258109 ns, Cleanup: 1051 ns, At safepoint: 83116 ns, Total: 342276 ns
[2025-10-15T14:36:50.896-0700][1251][info ][safepoint   ] Safepoint "ICBufferFull", Time since last: 51357 ns, Reaching safepoint: 241494 ns, Cleanup: 1001 ns, At safepoint: 85489 ns, Total: 327984 ns
[2025-10-15T14:36:50.896-0700][1251][info ][safepoint   ] Safepoint "ICBufferFull", Time since last: 65308 ns, Reaching safepoint: 241134 ns, Cleanup: 791 ns, At safepoint: 80581 ns, Total: 322506 ns
[2025-10-15T14:36:50.897-0700][1251][info ][safepoint   ] Safepoint "ICBufferFull", Time since last: 89395 ns, Reaching safepoint: 244538 ns, Cleanup: 1072 ns, At safepoint: 84297 ns, Total: 329907 ns
[2025-10-15T14:36:50.897-0700][1251][info ][safepoint   ] Safepoint "ICBufferFull", Time since last: 65308 ns, Reaching safepoint: 244929 ns, Cleanup: 982 ns, At safepoint: 81743 ns, Total: 327654 ns
[2025-10-15T14:36:50.897-0700][1251][info ][safepoint   ] Safepoint "ICBufferFull", Time since last: 57767 ns, Reaching safepoint: 255926 ns, Cleanup: 1342 ns, At safepoint: 87011 ns, Total: 344279 ns
[2025-10-15T14:36:50.898-0700][1251][info ][safepoint   ] Safepoint "ICBufferFull", Time since last: 63756 ns, Reaching safepoint: 247823 ns, Cleanup: 1062 ns, At safepoint: 88533 ns, Total: 337418 ns
[2025-10-15T14:36:50.899-0700][1251][info ][safepoint   ] Safepoint "ICBufferFull", Time since last: 49224 ns, Reaching safepoint: 1274320 ns, Cleanup: 581 ns, At safepoint: 88934 ns, Total: 1363835 ns
[2025-10-15T14:36:50.900-0700][1251][info ][safepoint   ] Safepoint "ICBufferFull", Time since last: 65679 ns, Reaching safepoint: 244198 ns, Cleanup: 921 ns, At safepoint: 87993 ns, Total: 333112 ns
[2025-10-15T14:36:50.900-0700][1251][info ][safepoint   ] Safepoint "ICBufferFull", Time since last: 46871 ns, Reaching safepoint: 238479 ns, Cleanup: 971 ns, At safepoint: 76245 ns, Total: 315695 ns
[2025-10-15T14:36:50.900-0700][1251][info ][safepoint   ] Safepoint "ICBufferFull", Time since last: 54082 ns, Reaching safepoint: 264799 ns, Cleanup: 400 ns, At safepoint: 88944 ns, Total: 354143 ns
[2025-10-15T14:36:50.901-0700][1251][info ][safepoint   ] Safepoint "ICBufferFull", Time since last: 63476 ns, Reaching safepoint: 256436 ns, Cleanup: 671 ns, At safepoint: 85759 ns, Total: 342866 ns
[2025-10-15T14:36:50.901-0700][1251][info ][safepoint   ] Safepoint "ICBufferFull", Time since last: 55133 ns, Reaching safepoint: 251599 ns, Cleanup: 431 ns, At safepoint: 82184 ns, Total: 334214 ns
[2025-10-15T14:36:50.902-0700][1251][info ][safepoint   ] Safepoint "ICBufferFull", Time since last: 51728 ns, Reaching safepoint: 241233 ns, Cleanup: 962 ns, At safepoint: 77937 ns, Total: 320132 ns
[2025-10-15T14:36:50.902-0700][1251][info ][safepoint   ] Safepoint "ICBufferFull", Time since last: 40932 ns, Reaching safepoint: 253382 ns, Cleanup: 621 ns, At safepoint: 88413 ns, Total: 342416 ns
[2025-10-15T14:36:50.902-0700][1251][info ][safepoint   ] Safepoint "ICBufferFull", Time since last: 34462 ns, Reaching safepoint: 245890 ns, Cleanup: 891 ns, At safepoint: 112220 ns, Total: 359001 ns
[2025-10-15T14:36:50.903-0700][1251][info ][safepoint   ] Safepoint "ICBufferFull", Time since last: 52659 ns, Reaching safepoint: 241464 ns, Cleanup: 921 ns, At safepoint: 84257 ns, Total: 326642 ns
[2025-10-15T14:36:50.903-0700][1251][info ][safepoint   ] Safepoint "ICBufferFull", Time since last: 39219 ns, Reaching safepoint: 243837 ns, Cleanup: 1032 ns, At safepoint: 77206 ns, Total: 322075 ns
[2025-10-15T14:36:50.903-0700][1251][info ][safepoint   ] Safepoint "ICBufferFull", Time since last: 63576 ns, Reaching safepoint: 253692 ns, Cleanup: 1112 ns, At safepoint: 76986 ns, Total: 331790 ns
[2025-10-15T14:36:50.904-0700][1251][info ][safepoint   ] Safepoint "ICBufferFull", Time since last: 43455 ns, Reaching safepoint: 247643 ns, Cleanup: 862 ns, At safepoint: 87982 ns, Total: 336487 ns
[2025-10-15T14:36:50.904-0700][1251][info ][safepoint   ] Safepoint "ICBufferFull", Time since last: 50707 ns, Reaching safepoint: 237788 ns, Cleanup: 1042 ns, At safepoint: 75363 ns, Total: 314193 ns
[2025-10-15T14:36:50.905-0700][1251][info ][safepoint   ] Safepoint "ICBufferFull", Time since last: 57276 ns, Reaching safepoint: 242055 ns, Cleanup: 821 ns, At safepoint: 86410 ns, Total: 329286 ns
[2025-10-15T14:36:50.905-0700][1251][info ][safepoint   ] Safepoint "ICBufferFull", Time since last: 69004 ns, Reaching safepoint: 236707 ns, Cleanup: 871 ns, At safepoint: 74783 ns, Total: 312361 ns
[2025-10-15T14:36:50.905-0700][1251][info ][safepoint   ] Safepoint "ICBufferFull", Time since last: 40771 ns, Reaching safepoint: 244759 ns, Cleanup: 371 ns, At safepoint: 84557 ns, Total: 329687 ns
[2025-10-15T14:36:50.906-0700][1251][info ][safepoint   ] Safepoint "ICBufferFull", Time since last: 36315 ns, Reaching safepoint: 234133 ns, Cleanup: 841 ns, At safepoint: 74672 ns, Total: 309646 ns
[2025-10-15T14:36:50.906-0700][1251][info ][safepoint   ] Safepoint "ICBufferFull", Time since last: 37427 ns, Reaching safepoint: 238689 ns, Cleanup: 381 ns, At safepoint: 82735 ns, Total: 321805 ns
[2025-10-15T14:36:50.906-0700][1251][info ][safepoint   ] Safepoint "ICBufferFull", Time since last: 28673 ns, Reaching safepoint: 252260 ns, Cleanup: 1011 ns, At safepoint: 75825 ns, Total: 329096 ns
[2025-10-15T14:36:50.907-0700][1251][info ][safepoint   ] Safepoint "ICBufferFull", Time since last: 96705 ns, Reaching safepoint: 235125 ns, Cleanup: 931 ns, At safepoint: 73360 ns, Total: 309416 ns
[2025-10-15T14:36:50.907-0700][1251][info ][safepoint   ] Safepoint "ICBufferFull", Time since last: 39270 ns, Reaching safepoint: 234243 ns, Cleanup: 851 ns, At safepoint: 78939 ns, Total: 314033 ns
[2025-10-15T14:36:50.908-0700][1251][info ][safepoint   ] Safepoint "ICBufferFull", Time since last: 28493 ns, Reaching safepoint: 239761 ns, Cleanup: 811 ns, At safepoint: 76796 ns, Total: 317368 ns
[2025-10-15T14:36:50.908-0700][1251][info ][safepoint   ] Safepoint "ICBufferFull", Time since last: 40501 ns, Reaching safepoint: 243917 ns, Cleanup: 932 ns, At safepoint: 82804 ns, Total: 327653 ns
[2025-10-15T14:36:50.908-0700][1251][info ][safepoint   ] Safepoint "ICBufferFull", Time since last: 37817 ns, Reaching safepoint: 240963 ns, Cleanup: 942 ns, At safepoint: 82644 ns, Total: 324549 ns
[2025-10-15T14:36:50.909-0700][1251][info ][safepoint   ] Safepoint "ICBufferFull", Time since last: 33411 ns, Reaching safepoint: 241824 ns, Cleanup: 1052 ns, At safepoint: 81643 ns, Total: 324519 ns
[2025-10-15T14:36:50.909-0700][1251][info ][safepoint   ] Safepoint "ICBufferFull", Time since last: 30676 ns, Reaching safepoint: 237648 ns, Cleanup: 761 ns, At safepoint: 80411 ns, Total: 318820 ns
[2025-10-15T14:36:50.910-0700][1251][info ][safepoint   ] Safepoint "ICBufferFull", Time since last: 29935 ns, Reaching safepoint: 1282432 ns, Cleanup: 481 ns, At safepoint: 75985 ns, Total: 1358898 ns
[2025-10-15T14:36:50.911-0700][1251][info ][safepoint   ] Safepoint "ICBufferFull", Time since last: 35914 ns, Reaching safepoint: 239300 ns, Cleanup: 411 ns, At safepoint: 78628 ns, Total: 318339 ns
[2025-10-15T14:36:50.911-0700][1251][info ][safepoint   ] Safepoint "ICBufferFull", Time since last: 57186 ns, Reaching safepoint: 242596 ns, Cleanup: 350 ns, At safepoint: 86541 ns, Total: 329487 ns
[2025-10-15T14:36:50.912-0700][1251][info ][safepoint   ] Safepoint "ICBufferFull", Time since last: 32148 ns, Reaching safepoint: 305350 ns, Cleanup: 1543 ns, At safepoint: 78688 ns, Total: 385581 ns
[2025-10-15T14:36:50.912-0700][1251][info ][safepoint   ] Safepoint "ICBufferFull", Time since last: 31207 ns, Reaching safepoint: 235876 ns, Cleanup: 1131 ns, At safepoint: 75865 ns, Total: 312872 ns
[2025-10-15T14:36:50.912-0700][1251][info ][safepoint   ] Safepoint "ICBufferFull", Time since last: 32709 ns, Reaching safepoint: 235184 ns, Cleanup: 962 ns, At safepoint: 74332 ns, Total: 310478 ns
[2025-10-15T14:36:50.913-0700][1251][info ][safepoint   ] Safepoint "ICBufferFull", Time since last: 26379 ns, Reaching safepoint: 247123 ns, Cleanup: 1041 ns, At safepoint: 77387 ns, Total: 325551 ns
[2025-10-15T14:36:50.914-0700][1251][info ][gc,start    ] GC(66) Pause Young (Mixed) (G1 Evacuation Pause)
[2025-10-15T14:36:50.914-0700][1251][info ][gc,task     ] GC(66) Using 113 workers of 113 for evacuation
[2025-10-15T14:36:50.930-0700][1251][debug][gc,remset   ] GC(66) Visited cards 35723264 Total dirty 64421888 (55.45%) Total old 218497024 (16.35%)
[2025-10-15T14:36:51.138-0700][1251][info ][gc,mmu      ] GC(66) MMU target violated: 201.0ms (200.0ms/201.0ms)
[2025-10-15T14:36:51.138-0700][1251][info ][gc,phases   ] GC(66)   Pre Evacuate Collection Set: 0.8ms
[2025-10-15T14:36:51.138-0700][1251][info ][gc,phases   ] GC(66)   Merge Heap Roots: 15.3ms
[2025-10-15T14:36:51.138-0700][1251][info ][gc,phases   ] GC(66)   Evacuate Collection Set: 197.3ms
[2025-10-15T14:36:51.138-0700][1251][info ][gc,phases   ] GC(66)   Post Evacuate Collection Set: 10.2ms
[2025-10-15T14:36:51.138-0700][1251][info ][gc,phases   ] GC(66)   Other: 0.1ms
[2025-10-15T14:36:51.138-0700][1251][debug][gc,remset   ] GC(66) Coarsening (recent): Inline->AoC 89065 (280) AoC->Howl 1127 (545) Howl->Full 0 (0) Inline->AoC 2761 (176) AoC->BitMap 476 (196) BitMap->Full 0 (0)
[2025-10-15T14:36:51.138-0700][1251][debug][gc,remset   ] GC(66) Coarsening (all): Inline->AoC 1890381 (3887) AoC->Howl 31983 (8970) Howl->Full 0 (0) Inline->AoC 120454 (2703) AoC->BitMap 20783 (4690) BitMap->Full 5 (0)
[2025-10-15T14:36:51.138-0700][1251][info ][gc,heap     ] GC(66) Eden regions: 960->0(2024)
[2025-10-15T14:36:51.138-0700][1251][info ][gc,heap     ] GC(66) Survivor regions: 93->86(132)
[2025-10-15T14:36:51.138-0700][1251][info ][gc,heap     ] GC(66) Old regions: 1108->1049
[2025-10-15T14:36:51.138-0700][1251][info ][gc,heap     ] GC(66) Humongous regions: 0->0
[2025-10-15T14:36:51.138-0700][1251][info ][gc,metaspace] GC(66) Metaspace: 292517K(297600K)->292517K(297600K) NonClass: 257333K(260096K)->257333K(260096K) Class: 35183K(37504K)->35183K(37504K)
[2025-10-15T14:36:51.138-0700][1251][info ][gc          ] GC(66) Pause Young (Mixed) (G1 Evacuation Pause) 69130M->36306M(184320M) 223.841ms
[2025-10-15T14:36:51.139-0700][1251][info ][gc,cpu      ] GC(66) User=13.14s Sys=0.30s Real=0.23s
[2025-10-15T14:36:51.140-0700][1251][info ][safepoint   ] Safepoint "G1CollectForAllocation", Time since last: 27231 ns, Reaching safepoint: 232981 ns, Cleanup: 1362 ns, At safepoint: 226811440 ns, Total: 227045783 ns
[2025-10-15T14:36:51.142-0700][1251][info ][safepoint   ] Safepoint "ICBufferFull", Time since last: 70216 ns, Reaching safepoint: 1691448 ns, Cleanup: 2864 ns, At safepoint: 346532 ns, Total: 2040844 ns
[2025-10-15T14:36:51.149-0700][1251][info ][safepoint   ] Safepoint "ICBufferFull", Time since last: 3604411 ns, Reaching safepoint: 3171758 ns, Cleanup: 4798 ns, At safepoint: 647054 ns, Total: 3823610 ns
[2025-10-15T14:36:51.156-0700][1251][info ][safepoint   ] Safepoint "ICBufferFull", Time since last: 3020972 ns, Reaching safepoint: 2560497 ns, Cleanup: 4577 ns, At safepoint: 990012 ns, Total: 3555086 ns
[2025-10-15T14:36:51.190-0700][1251][info ][safepoint   ] Safepoint "ICBufferFull", Time since last: 9789388 ns, Reaching safepoint: 15971653 ns, Cleanup: 12499 ns, At safepoint: 8635710 ns, Total: 24619862 ns
[2025-10-15T14:36:51.201-0700][1251][info ][safepoint   ] Safepoint "ICBufferFull", Time since last: 702749 ns, Reaching safepoint: 3956571 ns, Cleanup: 5488 ns, At safepoint: 6669779 ns, Total: 10631838 ns
[2025-10-15T14:36:52.244-0700][1251][info ][safepoint   ] Safepoint "Cleanup", Time since last: 1000406464 ns, Reaching safepoint: 27016533 ns, Cleanup: 179430 ns, At safepoint: 15350537 ns, Total: 42546500 ns
[2025-10-15T14:36:53.273-0700][1251][info ][safepoint   ] Safepoint "Cleanup", Time since last: 1000839157 ns, Reaching safepoint: 22096430 ns, Cleanup: 189716 ns, At safepoint: 5185512 ns, Total: 27471658 ns
[2025-10-15T14:36:53.739-0700][1251][info ][gc,start    ] GC(67) Pause Young (Normal) (G1 Evacuation Pause)
[2025-10-15T14:36:53.739-0700][1251][info ][gc,task     ] GC(67) Using 113 workers of 113 for evacuation
[2025-10-15T14:36:53.757-0700][1251][debug][gc,remset   ] GC(67) Visited cards 29264640 Total dirty 67895296 (43.10%) Total old 293208064 (9.98%)
[2025-10-15T14:36:53.956-0700][1251][info ][gc,mmu      ] GC(67) MMU target violated: 201.0ms (200.0ms/201.0ms)
[2025-10-15T14:36:53.957-0700][1251][info ][gc,phases   ] GC(67)   Pre Evacuate Collection Set: 2.5ms
[2025-10-15T14:36:53.957-0700][1251][info ][gc,phases   ] GC(67)   Merge Heap Roots: 14.9ms
[2025-10-15T14:36:53.957-0700][1251][info ][gc,phases   ] GC(67)   Evacuate Collection Set: 184.3ms
[2025-10-15T14:36:53.957-0700][1251][info ][gc,phases   ] GC(67)   Post Evacuate Collection Set: 15.3ms
[2025-10-15T14:36:53.957-0700][1251][info ][gc,phases   ] GC(67)   Other: 0.3ms
[2025-10-15T14:36:53.957-0700][1251][debug][gc,remset   ] GC(67) Coarsening (recent): Inline->AoC 407367 (174) AoC->Howl 1123 (432) Howl->Full 0 (0) Inline->AoC 3799 (87) AoC->BitMap 395 (114) BitMap->Full 0 (0)
[2025-10-15T14:36:53.957-0700][1251][debug][gc,remset   ] GC(67) Coarsening (all): Inline->AoC 2297748 (4061) AoC->Howl 33106 (9402) Howl->Full 0 (0) Inline->AoC 124253 (2790) AoC->BitMap 21178 (4804) BitMap->Full 5 (0)
[2025-10-15T14:36:53.957-0700][1251][info ][gc,heap     ] GC(67) Eden regions: 1626->0(1736)
[2025-10-15T14:36:53.957-0700][1251][info ][gc,heap     ] GC(67) Survivor regions: 86->143(214)
[2025-10-15T14:36:53.957-0700][1251][info ][gc,heap     ] GC(67) Old regions: 1049->1049
[2025-10-15T14:36:53.957-0700][1251][info ][gc,heap     ] GC(67) Humongous regions: 1->0
[2025-10-15T14:36:53.957-0700][1251][info ][gc,metaspace] GC(67) Metaspace: 293748K(298432K)->293748K(298432K) NonClass: 258391K(260928K)->258391K(260928K) Class: 35357K(37504K)->35357K(37504K)
[2025-10-15T14:36:53.957-0700][1251][info ][gc          ] GC(67) Pause Young (Normal) (G1 Evacuation Pause) 88370M->38142M(184320M) 217.385ms
[2025-10-15T14:36:53.958-0700][1251][info ][gc,cpu      ] GC(67) User=13.69s Sys=0.25s Real=0.21s
[2025-10-15T14:36:53.959-0700][1251][info ][safepoint   ] Safepoint "G1CollectForAllocation", Time since last: 460068030 ns, Reaching safepoint: 4930569 ns, Cleanup: 123466 ns, At safepoint: 221385225 ns, Total: 226439260 ns
[2025-10-15T14:36:54.987-0700][1251][info ][safepoint   ] Safepoint "Cleanup", Time since last: 1002999581 ns, Reaching safepoint: 10800071 ns, Cleanup: 123186 ns, At safepoint: 13454220 ns, Total: 24377477 ns
[2025-10-15T14:36:56.498-0700][1251][info ][safepoint   ] Safepoint "Cleanup", Time since last: 1000121615 ns, Reaching safepoint: 486488976 ns, Cleanup: 71057 ns, At safepoint: 24469355 ns, Total: 511029388 ns
[2025-10-15T14:36:56.632-0700][1251][info ][gc,start    ] GC(68) Pause Young (Normal) (G1 Evacuation Pause)
[2025-10-15T14:36:56.632-0700][1251][info ][gc,task     ] GC(68) Using 113 workers of 113 for evacuation
[2025-10-15T14:36:56.649-0700][1251][debug][gc,remset   ] GC(68) Visited cards 30004224 Total dirty 68157440 (44.02%) Total old 300744704 (9.98%)
[2025-10-15T14:36:56.880-0700][1251][info ][gc,mmu      ] GC(68) MMU target violated: 201.0ms (200.0ms/201.0ms)
[2025-10-15T14:36:56.880-0700][1251][info ][gc,phases   ] GC(68)   Pre Evacuate Collection Set: 0.9ms
[2025-10-15T14:36:56.880-0700][1251][info ][gc,phases   ] GC(68)   Merge Heap Roots: 15.6ms
[2025-10-15T14:36:56.880-0700][1251][info ][gc,phases   ] GC(68)   Evacuate Collection Set: 215.9ms
[2025-10-15T14:36:56.880-0700][1251][info ][gc,phases   ] GC(68)   Post Evacuate Collection Set: 15.4ms
[2025-10-15T14:36:56.880-0700][1251][info ][gc,phases   ] GC(68)   Other: 0.2ms
[2025-10-15T14:36:56.880-0700][1251][debug][gc,remset   ] GC(68) Coarsening (recent): Inline->AoC 295222 (266) AoC->Howl 2252 (986) Howl->Full 0 (0) Inline->AoC 7182 (245) AoC->BitMap 1590 (533) BitMap->Full 0 (0)
[2025-10-15T14:36:56.880-0700][1251][debug][gc,remset   ] GC(68) Coarsening (all): Inline->AoC 2592970 (4327) AoC->Howl 35358 (10388) Howl->Full 0 (0) Inline->AoC 131435 (3035) AoC->BitMap 22768 (5337) BitMap->Full 5 (0)
[2025-10-15T14:36:56.880-0700][1251][info ][gc,heap     ] GC(68) Eden regions: 1626->0(2091)
[2025-10-15T14:36:56.880-0700][1251][info ][gc,heap     ] GC(68) Survivor regions: 143->143(222)
[2025-10-15T14:36:56.880-0700][1251][info ][gc,heap     ] GC(68) Old regions: 1049->1070
[2025-10-15T14:36:56.880-0700][1251][info ][gc,heap     ] GC(68) Humongous regions: 2->0
[2025-10-15T14:36:56.880-0700][1251][info ][gc,metaspace] GC(68) Metaspace: 294115K(298752K)->294115K(298752K) NonClass: 258749K(261248K)->258749K(261248K) Class: 35366K(37504K)->35366K(37504K)
[2025-10-15T14:36:56.880-0700][1251][info ][gc          ] GC(68) Pause Young (Normal) (G1 Evacuation Pause) 90238M->38776M(184320M) 248.110ms
[2025-10-15T14:36:56.881-0700][1251][info ][gc,cpu      ] GC(68) User=14.62s Sys=0.22s Real=0.25s
[2025-10-15T14:36:56.883-0700][1251][info ][safepoint   ] Safepoint "G1CollectForAllocation", Time since last: 123481044 ns, Reaching safepoint: 9271679 ns, Cleanup: 39620 ns, At safepoint: 252025727 ns, Total: 261337026 ns
[2025-10-15T14:36:57.903-0700][1251][info ][safepoint   ] Safepoint "Cleanup", Time since last: 1010661725 ns, Reaching safepoint: 1192827 ns, Cleanup: 68994 ns, At safepoint: 8515710 ns, Total: 9777531 ns
[2025-10-15T14:36:58.945-0700][1251][info ][safepoint   ] Safepoint "Cleanup", Time since last: 1000119182 ns, Reaching safepoint: 30678059 ns, Cleanup: 87251 ns, At safepoint: 11473175 ns, Total: 42238485 ns
[2025-10-15T14:36:59.978-0700][1251][info ][safepoint   ] Safepoint "Cleanup", Time since last: 1000120234 ns, Reaching safepoint: 27035761 ns, Cleanup: 69776 ns, At safepoint: 5863864 ns, Total: 32969401 ns
[2025-10-15T14:37:00.463-0700][1251][info ][gc,start    ] GC(69) Pause Young (Normal) (G1 Evacuation Pause)
[2025-10-15T14:37:00.463-0700][1251][info ][gc,task     ] GC(69) Using 113 workers of 113 for evacuation
[2025-10-15T14:37:00.480-0700][1251][debug][gc,remset   ] GC(69) Visited cards 30761984 Total dirty 69206016 (44.45%) Total old 367788032 (8.36%)
[2025-10-15T14:37:00.702-0700][1251][info ][gc,mmu      ] GC(69) MMU target violated: 201.0ms (200.0ms/201.0ms)
[2025-10-15T14:37:00.702-0700][1251][info ][gc,phases   ] GC(69)   Pre Evacuate Collection Set: 1.0ms
[2025-10-15T14:37:00.702-0700][1251][info ][gc,phases   ] GC(69)   Merge Heap Roots: 16.2ms
[2025-10-15T14:37:00.702-0700][1251][info ][gc,phases   ] GC(69)   Evacuate Collection Set: 206.1ms
[2025-10-15T14:37:00.702-0700][1251][info ][gc,phases   ] GC(69)   Post Evacuate Collection Set: 15.7ms
[2025-10-15T14:37:00.702-0700][1251][info ][gc,phases   ] GC(69)   Other: 0.2ms
[2025-10-15T14:37:00.702-0700][1251][debug][gc,remset   ] GC(69) Coarsening (recent): Inline->AoC 279082 (290) AoC->Howl 1771 (795) Howl->Full 0 (0) Inline->AoC 5896 (237) AoC->BitMap 1022 (393) BitMap->Full 0 (0)
[2025-10-15T14:37:00.702-0700][1251][debug][gc,remset   ] GC(69) Coarsening (all): Inline->AoC 2872052 (4617) AoC->Howl 37129 (11183) Howl->Full 0 (0) Inline->AoC 137331 (3272) AoC->BitMap 23790 (5730) BitMap->Full 5 (0)
[2025-10-15T14:37:00.702-0700][1251][info ][gc,heap     ] GC(69) Eden regions: 2128->0(3292)
[2025-10-15T14:37:00.702-0700][1251][info ][gc,heap     ] GC(69) Survivor regions: 143->164(284)
[2025-10-15T14:37:00.702-0700][1251][info ][gc,heap     ] GC(69) Old regions: 1070->1070
[2025-10-15T14:37:00.702-0700][1251][info ][gc,heap     ] GC(69) Humongous regions: 0->0
[2025-10-15T14:37:00.702-0700][1251][info ][gc,metaspace] GC(69) Metaspace: 294189K(298816K)->294189K(298816K) NonClass: 258822K(261312K)->258822K(261312K) Class: 35367K(37504K)->35367K(37504K)
[2025-10-15T14:37:00.702-0700][1251][info ][gc          ] GC(69) Pause Young (Normal) (G1 Evacuation Pause) 106872M->39463M(184320M) 239.310ms
[2025-10-15T14:37:00.703-0700][1251][info ][gc,cpu      ] GC(69) User=14.29s Sys=0.24s Real=0.24s
[2025-10-15T14:37:00.704-0700][1251][info ][safepoint   ] Safepoint "G1CollectForAllocation", Time since last: 465493554 ns, Reaching safepoint: 17113183 ns, Cleanup: 46610 ns, At safepoint: 242980791 ns, Total: 260140584 ns
[2025-10-15T14:37:01.986-0700][1251][info ][safepoint   ] Safepoint "Cleanup", Time since last: 1000825495 ns, Reaching safepoint: 271359015 ns, Cleanup: 147813 ns, At safepoint: 9270447 ns, Total: 280777275 ns
[2025-10-15T14:37:03.036-0700][1251][info ][safepoint   ] Safepoint "Cleanup", Time since last: 1000151310 ns, Reaching safepoint: 49091971 ns, Cleanup: 71478 ns, At safepoint: 972645 ns, Total: 50136094 ns
[2025-10-15T14:37:03.934-0700][1251][info ][gc,start    ] GC(70) Pause Young (Normal) (G1 Evacuation Pause)
[2025-10-15T14:37:03.934-0700][1251][info ][gc,task     ] GC(70) Using 113 workers of 113 for evacuation
[2025-10-15T14:37:03.952-0700][1251][debug][gc,remset   ] GC(70) Visited cards 30811648 Total dirty 69271552 (44.48%) Total old 396623872 (7.77%)
[2025-10-15T14:37:04.167-0700][1251][info ][gc,mmu      ] GC(70) MMU target violated: 201.0ms (200.0ms/201.0ms)
[2025-10-15T14:37:04.167-0700][1251][info ][gc,phases   ] GC(70)   Pre Evacuate Collection Set: 0.9ms
[2025-10-15T14:37:04.167-0700][1251][info ][gc,phases   ] GC(70)   Merge Heap Roots: 16.7ms
[2025-10-15T14:37:04.167-0700][1251][info ][gc,phases   ] GC(70)   Evacuate Collection Set: 195.9ms
[2025-10-15T14:37:04.167-0700][1251][info ][gc,phases   ] GC(70)   Post Evacuate Collection Set: 19.2ms
[2025-10-15T14:37:04.167-0700][1251][info ][gc,phases   ] GC(70)   Other: 0.3ms
[2025-10-15T14:37:04.167-0700][1251][debug][gc,remset   ] GC(70) Coarsening (recent): Inline->AoC 453348 (239) AoC->Howl 2131 (1019) Howl->Full 0 (0) Inline->AoC 6596 (254) AoC->BitMap 1651 (596) BitMap->Full 0 (0)
[2025-10-15T14:37:04.167-0700][1251][debug][gc,remset   ] GC(70) Coarsening (all): Inline->AoC 3325400 (4856) AoC->Howl 39260 (12202) Howl->Full 0 (0) Inline->AoC 143927 (3526) AoC->BitMap 25441 (6326) BitMap->Full 5 (0)
[2025-10-15T14:37:04.167-0700][1251][info ][gc,heap     ] GC(70) Eden regions: 2327->0(2512)
[2025-10-15T14:37:04.167-0700][1251][info ][gc,heap     ] GC(70) Survivor regions: 164->182(312)
[2025-10-15T14:37:04.167-0700][1251][info ][gc,heap     ] GC(70) Old regions: 1070->1070
[2025-10-15T14:37:04.167-0700][1251][info ][gc,heap     ] GC(70) Humongous regions: 0->0
[2025-10-15T14:37:04.167-0700][1251][info ][gc,metaspace] GC(70) Metaspace: 294226K(298880K)->294226K(298880K) NonClass: 258858K(261376K)->258858K(261376K) Class: 35367K(37504K)->35367K(37504K)
[2025-10-15T14:37:04.167-0700][1251][info ][gc          ] GC(70) Pause Young (Normal) (G1 Evacuation Pause) 113927M->40027M(184320M) 233.165ms
[2025-10-15T14:37:04.168-0700][1251][info ][gc,cpu      ] GC(70) User=16.34s Sys=0.41s Real=0.24s
[2025-10-15T14:37:04.170-0700][1251][info ][safepoint   ] Safepoint "G1CollectForAllocation", Time since last: 894625587 ns, Reaching safepoint: 1787533 ns, Cleanup: 83386 ns, At safepoint: 237296897 ns, Total: 239167816 ns
[2025-10-15T14:37:05.173-0700][1251][info ][safepoint   ] Safepoint "Cleanup", Time since last: 1000302137 ns, Reaching safepoint: 1013557 ns, Cleanup: 67712 ns, At safepoint: 1531798 ns, Total: 2613067 ns
[2025-10-15T14:37:06.175-0700][1251][info ][safepoint   ] Safepoint "Cleanup", Time since last: 1000138621 ns, Reaching safepoint: 1202282 ns, Cleanup: 48162 ns, At safepoint: 1333299 ns, Total: 2583743 ns
[2025-10-15T14:37:07.181-0700][1251][info ][safepoint   ] Safepoint "Cleanup", Time since last: 1001827506 ns, Reaching safepoint: 1167739 ns, Cleanup: 49324 ns, At safepoint: 2479786 ns, Total: 3696849 ns
[2025-10-15T14:37:07.213-0700][1251][info ][gc,start    ] GC(71) Pause Young (Normal) (G1 Evacuation Pause)
[2025-10-15T14:37:07.213-0700][1251][info ][gc,task     ] GC(71) Using 113 workers of 113 for evacuation
[2025-10-15T14:37:07.229-0700][1251][debug][gc,remset   ] GC(71) Visited cards 30900480 Total dirty 69206016 (44.65%) Total old 395182080 (7.82%)
[2025-10-15T14:37:07.452-0700][1251][info ][gc,mmu      ] GC(71) MMU target violated: 201.0ms (200.0ms/201.0ms)
[2025-10-15T14:37:07.452-0700][1251][info ][gc,phases   ] GC(71)   Pre Evacuate Collection Set: 0.9ms
[2025-10-15T14:37:07.452-0700][1251][info ][gc,phases   ] GC(71)   Merge Heap Roots: 15.0ms
[2025-10-15T14:37:07.452-0700][1251][info ][gc,phases   ] GC(71)   Evacuate Collection Set: 203.0ms
[2025-10-15T14:37:07.453-0700][1251][info ][gc,phases   ] GC(71)   Post Evacuate Collection Set: 20.4ms
[2025-10-15T14:37:07.453-0700][1251][info ][gc,phases   ] GC(71)   Other: 0.2ms
[2025-10-15T14:37:07.453-0700][1251][debug][gc,remset   ] GC(71) Coarsening (recent): Inline->AoC 468979 (324) AoC->Howl 1791 (747) Howl->Full 0 (0) Inline->AoC 6391 (260) AoC->BitMap 1177 (472) BitMap->Full 0 (0)
[2025-10-15T14:37:07.453-0700][1251][debug][gc,remset   ] GC(71) Coarsening (all): Inline->AoC 3794379 (5180) AoC->Howl 41051 (12949) Howl->Full 0 (0) Inline->AoC 150318 (3786) AoC->BitMap 26618 (6798) BitMap->Full 5 (0)
[2025-10-15T14:37:07.453-0700][1251][info ][gc,heap     ] GC(71) Eden regions: 2298->0(3058)
[2025-10-15T14:37:07.453-0700][1251][info ][gc,heap     ] GC(71) Survivor regions: 182->178(310)
[2025-10-15T14:37:07.453-0700][1251][info ][gc,heap     ] GC(71) Old regions: 1070->1087
[2025-10-15T14:37:07.453-0700][1251][info ][gc,heap     ] GC(71) Humongous regions: 0->0
[2025-10-15T14:37:07.453-0700][1251][info ][gc,metaspace] GC(71) Metaspace: 294248K(298944K)->294248K(298944K) NonClass: 258880K(261440K)->258880K(261440K) Class: 35368K(37504K)->35368K(37504K)
[2025-10-15T14:37:07.453-0700][1251][info ][gc          ] GC(71) Pause Young (Normal) (G1 Evacuation Pause) 113563M->40444M(184320M) 239.585ms
[2025-10-15T14:37:07.454-0700][1251][info ][gc,cpu      ] GC(71) User=16.06s Sys=0.29s Real=0.24s
[2025-10-15T14:37:07.455-0700][1251][info ][safepoint   ] Safepoint "G1CollectForAllocation", Time since last: 27190024 ns, Reaching safepoint: 3400363 ns, Cleanup: 13190 ns, At safepoint: 243633723 ns, Total: 247047276 ns
[2025-10-15T14:37:08.457-0700][1251][info ][safepoint   ] Safepoint "Cleanup", Time since last: 1000058763 ns, Reaching safepoint: 908759 ns, Cleanup: 55413 ns, At safepoint: 489488 ns, Total: 1453660 ns
[2025-10-15T14:37:09.458-0700][1251][info ][safepoint   ] Safepoint "Cleanup", Time since last: 1000116900 ns, Reaching safepoint: 892765 ns, Cleanup: 63295 ns, At safepoint: 563129 ns, Total: 1519189 ns
[2025-10-15T14:37:10.460-0700][1251][info ][safepoint   ] Safepoint "Cleanup", Time since last: 1000114236 ns, Reaching safepoint: 980918 ns, Cleanup: 40010 ns, At safepoint: 643610 ns, Total: 1664538 ns
[2025-10-15T14:37:11.047-0700][1251][info ][gc,start    ] GC(72) Pause Young (Normal) (G1 Evacuation Pause)
[2025-10-15T14:37:11.047-0700][1251][info ][gc,task     ] GC(72) Using 113 workers of 113 for evacuation
[2025-10-15T14:37:11.062-0700][1251][debug][gc,remset   ] GC(72) Visited cards 30637824 Total dirty 70254592 (43.61%) Total old 441909248 (6.93%)
[2025-10-15T14:37:11.275-0700][1251][info ][gc,mmu      ] GC(72) MMU target violated: 201.0ms (200.0ms/201.0ms)
[2025-10-15T14:37:11.275-0700][1251][info ][gc,phases   ] GC(72)   Pre Evacuate Collection Set: 0.9ms
[2025-10-15T14:37:11.275-0700][1251][info ][gc,phases   ] GC(72)   Merge Heap Roots: 14.2ms
[2025-10-15T14:37:11.275-0700][1251][info ][gc,phases   ] GC(72)   Evacuate Collection Set: 194.9ms
[2025-10-15T14:37:11.275-0700][1251][info ][gc,phases   ] GC(72)   Post Evacuate Collection Set: 18.3ms
[2025-10-15T14:37:11.275-0700][1251][info ][gc,phases   ] GC(72)   Other: 0.3ms
[2025-10-15T14:37:11.275-0700][1251][debug][gc,remset   ] GC(72) Coarsening (recent): Inline->AoC 540816 (331) AoC->Howl 1699 (775) Howl->Full 0 (0) Inline->AoC 5589 (219) AoC->BitMap 1092 (355) BitMap->Full 0 (0)
[2025-10-15T14:37:11.275-0700][1251][debug][gc,remset   ] GC(72) Coarsening (all): Inline->AoC 4335195 (5511) AoC->Howl 42750 (13724) Howl->Full 0 (0) Inline->AoC 155907 (4005) AoC->BitMap 27710 (7153) BitMap->Full 5 (0)
[2025-10-15T14:37:11.275-0700][1251][info ][gc,heap     ] GC(72) Eden regions: 2650->0(3275)
[2025-10-15T14:37:11.275-0700][1251][info ][gc,heap     ] GC(72) Survivor regions: 178->181(354)
[2025-10-15T14:37:11.276-0700][1251][info ][gc,heap     ] GC(72) Old regions: 1087->1087
[2025-10-15T14:37:11.276-0700][1251][info ][gc,heap     ] GC(72) Humongous regions: 0->0
[2025-10-15T14:37:11.276-0700][1251][info ][gc,metaspace] GC(72) Metaspace: 294261K(298944K)->294261K(298944K) NonClass: 258893K(261440K)->258893K(261440K) Class: 35368K(37504K)->35368K(37504K)
[2025-10-15T14:37:11.276-0700][1251][info ][gc          ] GC(72) Pause Young (Normal) (G1 Evacuation Pause) 125244M->40549M(184320M) 228.715ms
[2025-10-15T14:37:11.277-0700][1251][info ][gc,cpu      ] GC(72) User=15.31s Sys=0.20s Real=0.23s
[2025-10-15T14:37:11.278-0700][1251][info ][safepoint   ] Safepoint "G1CollectForAllocation", Time since last: 582513857 ns, Reaching safepoint: 2746488 ns, Cleanup: 21713 ns, At safepoint: 232708027 ns, Total: 235476228 ns
[2025-10-15T14:37:12.280-0700][1251][info ][safepoint   ] Safepoint "Cleanup", Time since last: 1000089578 ns, Reaching safepoint: 871102 ns, Cleanup: 35434 ns, At safepoint: 396978 ns, Total: 1303514 ns
[2025-10-15T14:37:13.281-0700][1251][info ][safepoint   ] Safepoint "Cleanup", Time since last: 1000117951 ns, Reaching safepoint: 997473 ns, Cleanup: 20781 ns, At safepoint: 751993 ns, Total: 1770247 ns
[2025-10-15T14:37:14.287-0700][1251][info ][safepoint   ] Safepoint "Cleanup", Time since last: 1000137882 ns, Reaching safepoint: 4771078 ns, Cleanup: 19149 ns, At safepoint: 976121 ns, Total: 5766348 ns
[2025-10-15T14:37:15.289-0700][1251][info ][safepoint   ] Safepoint "Cleanup", Time since last: 1000149559 ns, Reaching safepoint: 1079897 ns, Cleanup: 10706 ns, At safepoint: 849731 ns, Total: 1940334 ns
[2025-10-15T14:37:15.759-0700][1251][info ][gc,start    ] GC(73) Pause Young (Normal) (G1 Evacuation Pause)
[2025-10-15T14:37:15.759-0700][1251][info ][gc,task     ] GC(73) Using 113 workers of 113 for evacuation
[2025-10-15T14:37:15.776-0700][1251][debug][gc,remset   ] GC(73) Visited cards 30869248 Total dirty 70451200 (43.82%) Total old 496304128 (6.22%)
[2025-10-15T14:37:15.982-0700][1251][info ][gc,mmu      ] GC(73) MMU target violated: 201.0ms (200.0ms/201.0ms)
[2025-10-15T14:37:15.982-0700][1251][info ][gc,phases   ] GC(73)   Pre Evacuate Collection Set: 0.8ms
[2025-10-15T14:37:15.982-0700][1251][info ][gc,phases   ] GC(73)   Merge Heap Roots: 15.7ms
[2025-10-15T14:37:15.982-0700][1251][info ][gc,phases   ] GC(73)   Evacuate Collection Set: 187.1ms
[2025-10-15T14:37:15.982-0700][1251][info ][gc,phases   ] GC(73)   Post Evacuate Collection Set: 19.5ms
[2025-10-15T14:37:15.982-0700][1251][info ][gc,phases   ] GC(73)   Other: 0.5ms
[2025-10-15T14:37:15.982-0700][1251][debug][gc,remset   ] GC(73) Coarsening (recent): Inline->AoC 702640 (345) AoC->Howl 1571 (608) Howl->Full 0 (0) Inline->AoC 5866 (183) AoC->BitMap 973 (280) BitMap->Full 0 (0)
[2025-10-15T14:37:15.982-0700][1251][debug][gc,remset   ] GC(73) Coarsening (all): Inline->AoC 5037835 (5856) AoC->Howl 44321 (14332) Howl->Full 0 (0) Inline->AoC 161773 (4188) AoC->BitMap 28683 (7433) BitMap->Full 5 (0)
[2025-10-15T14:37:15.982-0700][1251][info ][gc,heap     ] GC(73) Eden regions: 3062->0(3277)
[2025-10-15T14:37:15.982-0700][1251][info ][gc,heap     ] GC(73) Survivor regions: 181->179(406)
[2025-10-15T14:37:15.982-0700][1251][info ][gc,heap     ] GC(73) Old regions: 1087->1087
[2025-10-15T14:37:15.982-0700][1251][info ][gc,heap     ] GC(73) Humongous regions: 0->0
[2025-10-15T14:37:15.982-0700][1251][info ][gc,metaspace] GC(73) Metaspace: 294263K(298944K)->294263K(298944K) NonClass: 258894K(261440K)->258894K(261440K) Class: 35368K(37504K)->35368K(37504K)
[2025-10-15T14:37:15.982-0700][1251][info ][gc          ] GC(73) Pause Young (Normal) (G1 Evacuation Pause) 138533M->40476M(184320M) 223.779ms
[2025-10-15T14:37:15.984-0700][1251][info ][gc,cpu      ] GC(73) User=15.33s Sys=0.22s Real=0.22s
[2025-10-15T14:37:15.985-0700][1251][info ][safepoint   ] Safepoint "G1CollectForAllocation", Time since last: 466283971 ns, Reaching safepoint: 1451767 ns, Cleanup: 4958 ns, At safepoint: 227696646 ns, Total: 229153371 ns
[2025-10-15T14:37:16.987-0700][1251][info ][safepoint   ] Safepoint "Cleanup", Time since last: 1000102407 ns, Reaching safepoint: 1147189 ns, Cleanup: 47802 ns, At safepoint: 806966 ns, Total: 2001957 ns
[2025-10-15T14:37:17.989-0700][1251][info ][safepoint   ] Safepoint "Cleanup", Time since last: 1000117961 ns, Reaching safepoint: 904313 ns, Cleanup: 23906 ns, At safepoint: 543899 ns, Total: 1472118 ns
[2025-10-15T14:37:18.991-0700][1251][info ][safepoint   ] Safepoint "Cleanup", Time since last: 1000117381 ns, Reaching safepoint: 1007167 ns, Cleanup: 87172 ns, At safepoint: 811452 ns, Total: 1905791 ns
[2025-10-15T14:37:19.992-0700][1251][info ][safepoint   ] Safepoint "Cleanup", Time since last: 1000094457 ns, Reaching safepoint: 859084 ns, Cleanup: 11137 ns, At safepoint: 390728 ns, Total: 1260949 ns
[2025-10-15T14:37:20.531-0700][1251][info ][gc,start    ] GC(74) Pause Young (Normal) (G1 Evacuation Pause)
[2025-10-15T14:37:20.531-0700][1251][info ][gc,task     ] GC(74) Using 113 workers of 113 for evacuation
[2025-10-15T14:37:20.548-0700][1251][debug][gc,remset   ] GC(74) Visited cards 31043328 Total dirty 70385664 (44.10%) Total old 524222464 (5.92%)
[2025-10-15T14:37:20.751-0700][1251][info ][gc,mmu      ] GC(74) MMU target violated: 201.0ms (200.0ms/201.0ms)
[2025-10-15T14:37:20.751-0700][1251][info ][gc,phases   ] GC(74)   Pre Evacuate Collection Set: 0.9ms
[2025-10-15T14:37:20.751-0700][1251][info ][gc,phases   ] GC(74)   Merge Heap Roots: 15.8ms
[2025-10-15T14:37:20.751-0700][1251][info ][gc,phases   ] GC(74)   Evacuate Collection Set: 184.6ms
[2025-10-15T14:37:20.751-0700][1251][info ][gc,phases   ] GC(74)   Post Evacuate Collection Set: 18.2ms
[2025-10-15T14:37:20.751-0700][1251][info ][gc,phases   ] GC(74)   Other: 0.3ms
[2025-10-15T14:37:20.751-0700][1251][debug][gc,remset   ] GC(74) Coarsening (recent): Inline->AoC 608711 (237) AoC->Howl 1664 (623) Howl->Full 0 (0) Inline->AoC 6478 (180) AoC->BitMap 996 (292) BitMap->Full 0 (0)
[2025-10-15T14:37:20.751-0700][1251][debug][gc,remset   ] GC(74) Coarsening (all): Inline->AoC 5646546 (6093) AoC->Howl 45985 (14955) Howl->Full 0 (0) Inline->AoC 168251 (4368) AoC->BitMap 29679 (7725) BitMap->Full 5 (0)
[2025-10-15T14:37:20.751-0700][1251][info ][gc,heap     ] GC(74) Eden regions: 3277->0(3266)
[2025-10-15T14:37:20.751-0700][1251][info ][gc,heap     ] GC(74) Survivor regions: 179->190(432)
[2025-10-15T14:37:20.751-0700][1251][info ][gc,heap     ] GC(74) Old regions: 1087->1087
[2025-10-15T14:37:20.751-0700][1251][info ][gc,heap     ] GC(74) Humongous regions: 0->0
[2025-10-15T14:37:20.751-0700][1251][info ][gc,metaspace] GC(74) Metaspace: 294341K(299072K)->294341K(299072K) NonClass: 258972K(261568K)->258972K(261568K) Class: 35368K(37504K)->35368K(37504K)
[2025-10-15T14:37:20.751-0700][1251][info ][gc          ] GC(74) Pause Young (Normal) (G1 Evacuation Pause) 145340M->40837M(184320M) 219.964ms
[2025-10-15T14:37:20.752-0700][1251][info ][gc,cpu      ] GC(74) User=15.94s Sys=0.38s Real=0.22s
[2025-10-15T14:37:20.753-0700][1251][info ][safepoint   ] Safepoint "G1CollectForAllocation", Time since last: 535970790 ns, Reaching safepoint: 1477396 ns, Cleanup: 5498 ns, At safepoint: 223826415 ns, Total: 225309309 ns
[2025-10-15T14:37:21.822-0700][1251][info ][safepoint   ] Safepoint "Cleanup", Time since last: 1000065833 ns, Reaching safepoint: 67501967 ns, Cleanup: 22013 ns, At safepoint: 864012 ns, Total: 68387992 ns
[2025-10-15T14:37:22.956-0700][1251][info ][safepoint   ] Safepoint "Cleanup", Time since last: 1000114806 ns, Reaching safepoint: 133002258 ns, Cleanup: 25038 ns, At safepoint: 821057 ns, Total: 133848353 ns
[2025-10-15T14:37:23.960-0700][1251][info ][safepoint   ] Safepoint "Cleanup", Time since last: 1000081516 ns, Reaching safepoint: 1422063 ns, Cleanup: 19039 ns, At safepoint: 3237257 ns, Total: 4678359 ns
[2025-10-15T14:37:24.966-0700][1251][info ][safepoint   ] Safepoint "Cleanup", Time since last: 1001605042 ns, Reaching safepoint: 2366196 ns, Cleanup: 54442 ns, At safepoint: 1205736 ns, Total: 3626374 ns
[2025-10-15T14:37:25.481-0700][1251][info ][gc,start    ] GC(75) Pause Young (Normal) (G1 Evacuation Pause)
[2025-10-15T14:37:25.481-0700][1251][info ][gc,task     ] GC(75) Using 113 workers of 113 for evacuation
[2025-10-15T14:37:25.496-0700][1251][debug][gc,remset   ] GC(75) Visited cards 31451648 Total dirty 70516736 (44.60%) Total old 524222464 (6.00%)
[2025-10-15T14:37:25.722-0700][1251][info ][gc,mmu      ] GC(75) MMU target violated: 201.0ms (200.0ms/201.0ms)
[2025-10-15T14:37:25.722-0700][1251][info ][gc,phases   ] GC(75)   Pre Evacuate Collection Set: 0.7ms
[2025-10-15T14:37:25.722-0700][1251][info ][gc,phases   ] GC(75)   Merge Heap Roots: 14.7ms
[2025-10-15T14:37:25.722-0700][1251][info ][gc,phases   ] GC(75)   Evacuate Collection Set: 207.1ms
[2025-10-15T14:37:25.722-0700][1251][info ][gc,phases   ] GC(75)   Post Evacuate Collection Set: 18.1ms
[2025-10-15T14:37:25.722-0700][1251][info ][gc,phases   ] GC(75)   Other: 0.2ms
[2025-10-15T14:37:25.722-0700][1251][debug][gc,remset   ] GC(75) Coarsening (recent): Inline->AoC 447027 (154) AoC->Howl 1138 (314) Howl->Full 0 (0) Inline->AoC 5093 (82) AoC->BitMap 559 (134) BitMap->Full 0 (0)
[2025-10-15T14:37:25.722-0700][1251][debug][gc,remset   ] GC(75) Coarsening (all): Inline->AoC 6093573 (6247) AoC->Howl 47123 (15269) Howl->Full 0 (0) Inline->AoC 173344 (4450) AoC->BitMap 30238 (7859) BitMap->Full 5 (0)
[2025-10-15T14:37:25.722-0700][1251][info ][gc,heap     ] GC(75) Eden regions: 3266->0(3255)
[2025-10-15T14:37:25.722-0700][1251][info ][gc,heap     ] GC(75) Survivor regions: 190->201(432)
[2025-10-15T14:37:25.722-0700][1251][info ][gc,heap     ] GC(75) Old regions: 1087->1087
[2025-10-15T14:37:25.722-0700][1251][info ][gc,heap     ] GC(75) Humongous regions: 0->0
[2025-10-15T14:37:25.722-0700][1251][info ][gc,metaspace] GC(75) Metaspace: 294350K(299072K)->294350K(299072K) NonClass: 258982K(261568K)->258982K(261568K) Class: 35368K(37504K)->35368K(37504K)
[2025-10-15T14:37:25.722-0700][1251][info ][gc          ] GC(75) Pause Young (Normal) (G1 Evacuation Pause) 145349M->41181M(184320M) 240.976ms
[2025-10-15T14:37:25.723-0700][1251][info ][gc,cpu      ] GC(75) User=16.58s Sys=0.37s Real=0.24s
[2025-10-15T14:37:25.724-0700][1251][info ][safepoint   ] Safepoint "G1CollectForAllocation", Time since last: 491787668 ns, Reaching safepoint: 22089653 ns, Cleanup: 24487 ns, At safepoint: 244458622 ns, Total: 266572762 ns
[2025-10-15T14:37:26.739-0700][1251][info ][safepoint   ] Safepoint "Cleanup", Time since last: 1000084010 ns, Reaching safepoint: 13929678 ns, Cleanup: 19850 ns, At safepoint: 652824 ns, Total: 14602352 ns
[2025-10-15T14:37:27.740-0700][1251][info ][safepoint   ] Safepoint "Cleanup", Time since last: 1000133645 ns, Reaching safepoint: 836611 ns, Cleanup: 10455 ns, At safepoint: 453203 ns, Total: 1300269 ns
[2025-10-15T14:37:28.741-0700][1251][info ][safepoint   ] Safepoint "Cleanup", Time since last: 1000084031 ns, Reaching safepoint: 839995 ns, Cleanup: 23916 ns, At safepoint: 382997 ns, Total: 1246908 ns
[2025-10-15T14:37:29.743-0700][1251][info ][safepoint   ] Safepoint "Cleanup", Time since last: 1000109679 ns, Reaching safepoint: 830712 ns, Cleanup: 59790 ns, At safepoint: 235996 ns, Total: 1126498 ns
[2025-10-15T14:37:30.533-0700][1251][info ][gc,start    ] GC(76) Pause Young (Normal) (G1 Evacuation Pause)
[2025-10-15T14:37:30.533-0700][1251][info ][gc,task     ] GC(76) Using 113 workers of 113 for evacuation
[2025-10-15T14:37:30.549-0700][1251][debug][gc,remset   ] GC(76) Visited cards 31609856 Total dirty 70582272 (44.78%) Total old 524222464 (6.03%)
[2025-10-15T14:37:30.758-0700][1251][info ][gc,mmu      ] GC(76) MMU target violated: 201.0ms (200.0ms/201.0ms)
[2025-10-15T14:37:30.758-0700][1251][info ][gc,phases   ] GC(76)   Pre Evacuate Collection Set: 0.8ms
[2025-10-15T14:37:30.758-0700][1251][info ][gc,phases   ] GC(76)   Merge Heap Roots: 15.3ms
[2025-10-15T14:37:30.758-0700][1251][info ][gc,phases   ] GC(76)   Evacuate Collection Set: 187.9ms
[2025-10-15T14:37:30.758-0700][1251][info ][gc,phases   ] GC(76)   Post Evacuate Collection Set: 21.1ms
[2025-10-15T14:37:30.758-0700][1251][info ][gc,phases   ] GC(76)   Other: 0.2ms
[2025-10-15T14:37:30.758-0700][1251][debug][gc,remset   ] GC(76) Coarsening (recent): Inline->AoC 522306 (200) AoC->Howl 1412 (459) Howl->Full 0 (0) Inline->AoC 5729 (141) AoC->BitMap 1011 (273) BitMap->Full 0 (0)
[2025-10-15T14:37:30.758-0700][1251][debug][gc,remset   ] GC(76) Coarsening (all): Inline->AoC 6615879 (6447) AoC->Howl 48535 (15728) Howl->Full 0 (0) Inline->AoC 179073 (4591) AoC->BitMap 31249 (8132) BitMap->Full 5 (0)
[2025-10-15T14:37:30.758-0700][1251][info ][gc,heap     ] GC(76) Eden regions: 3255->0(3244)
[2025-10-15T14:37:30.758-0700][1251][info ][gc,heap     ] GC(76) Survivor regions: 201->212(432)
[2025-10-15T14:37:30.758-0700][1251][info ][gc,heap     ] GC(76) Old regions: 1087->1087
[2025-10-15T14:37:30.758-0700][1251][info ][gc,heap     ] GC(76) Humongous regions: 0->0
[2025-10-15T14:37:30.758-0700][1251][info ][gc,metaspace] GC(76) Metaspace: 294499K(299200K)->294499K(299200K) NonClass: 259130K(261696K)->259130K(261696K) Class: 35368K(37504K)->35368K(37504K)
[2025-10-15T14:37:30.758-0700][1251][info ][gc          ] GC(76) Pause Young (Normal) (G1 Evacuation Pause) 145341M->41524M(184320M) 225.456ms
[2025-10-15T14:37:30.759-0700][1251][info ][gc,cpu      ] GC(76) User=17.33s Sys=0.26s Real=0.23s
[2025-10-15T14:37:30.760-0700][1251][info ][safepoint   ] Safepoint "G1CollectForAllocation", Time since last: 786897437 ns, Reaching safepoint: 1613231 ns, Cleanup: 33730 ns, At safepoint: 229177327 ns, Total: 230824288 ns
[2025-10-15T14:37:31.762-0700][1251][info ][safepoint   ] Safepoint "Cleanup", Time since last: 1000081990 ns, Reaching safepoint: 854978 ns, Cleanup: 12159 ns, At safepoint: 416157 ns, Total: 1283294 ns
[2025-10-15T14:37:32.763-0700][1251][info ][safepoint   ] Safepoint "Cleanup", Time since last: 1000109281 ns, Reaching safepoint: 788087 ns, Cleanup: 17988 ns, At safepoint: 471079 ns, Total: 1277154 ns
[2025-10-15T14:37:33.765-0700][1251][info ][safepoint   ] Safepoint "Cleanup", Time since last: 1000109492 ns, Reaching safepoint: 755158 ns, Cleanup: 14301 ns, At safepoint: 613014 ns, Total: 1382473 ns
[2025-10-15T14:37:34.766-0700][1251][info ][safepoint   ] Safepoint "Cleanup", Time since last: 1000109642 ns, Reaching safepoint: 874798 ns, Cleanup: 17606 ns, At safepoint: 710801 ns, Total: 1603205 ns
[2025-10-15T14:37:35.768-0700][1251][info ][safepoint   ] Safepoint "Cleanup", Time since last: 1000107849 ns, Reaching safepoint: 843631 ns, Cleanup: 14062 ns, At safepoint: 512922 ns, Total: 1370615 ns
[2025-10-15T14:37:36.030-0700][1251][info ][gc,start    ] GC(77) Pause Young (Normal) (G1 Evacuation Pause)
[2025-10-15T14:37:36.030-0700][1251][info ][gc,task     ] GC(77) Using 113 workers of 113 for evacuation
[2025-10-15T14:37:36.046-0700][1251][debug][gc,remset   ] GC(77) Visited cards 31072512 Total dirty 70516736 (44.06%) Total old 524222464 (5.93%)
[2025-10-15T14:37:36.255-0700][1251][info ][gc,mmu      ] GC(77) MMU target violated: 201.0ms (200.0ms/201.0ms)
[2025-10-15T14:37:36.255-0700][1251][info ][gc,phases   ] GC(77)   Pre Evacuate Collection Set: 0.7ms
[2025-10-15T14:37:36.255-0700][1251][info ][gc,phases   ] GC(77)   Merge Heap Roots: 15.0ms
[2025-10-15T14:37:36.255-0700][1251][info ][gc,phases   ] GC(77)   Evacuate Collection Set: 188.9ms
[2025-10-15T14:37:36.255-0700][1251][info ][gc,phases   ] GC(77)   Post Evacuate Collection Set: 19.8ms
[2025-10-15T14:37:36.255-0700][1251][info ][gc,phases   ] GC(77)   Other: 0.2ms
[2025-10-15T14:37:36.255-0700][1251][debug][gc,remset   ] GC(77) Coarsening (recent): Inline->AoC 724436 (224) AoC->Howl 1568 (596) Howl->Full 0 (0) Inline->AoC 5966 (173) AoC->BitMap 1178 (383) BitMap->Full 0 (0)
[2025-10-15T14:37:36.255-0700][1251][debug][gc,remset   ] GC(77) Coarsening (all): Inline->AoC 7340315 (6671) AoC->Howl 50103 (16324) Howl->Full 0 (0) Inline->AoC 185039 (4764) AoC->BitMap 32427 (8515) BitMap->Full 5 (0)
[2025-10-15T14:37:36.255-0700][1251][info ][gc,heap     ] GC(77) Eden regions: 3244->0(3243)
[2025-10-15T14:37:36.255-0700][1251][info ][gc,heap     ] GC(77) Survivor regions: 212->213(432)
[2025-10-15T14:37:36.255-0700][1251][info ][gc,heap     ] GC(77) Old regions: 1087->1087
[2025-10-15T14:37:36.255-0700][1251][info ][gc,heap     ] GC(77) Humongous regions: 0->0
[2025-10-15T14:37:36.255-0700][1251][info ][gc,metaspace] GC(77) Metaspace: 294515K(299200K)->294515K(299200K) NonClass: 259146K(261696K)->259146K(261696K) Class: 35369K(37504K)->35369K(37504K)
[2025-10-15T14:37:36.255-0700][1251][info ][gc          ] GC(77) Pause Young (Normal) (G1 Evacuation Pause) 145332M->41567M(184320M) 224.826ms
[2025-10-15T14:37:36.256-0700][1251][info ][gc,cpu      ] GC(77) User=17.70s Sys=0.26s Real=0.22s
[2025-10-15T14:37:36.257-0700][1251][info ][safepoint   ] Safepoint "G1CollectForAllocation", Time since last: 259907176 ns, Reaching safepoint: 1033928 ns, Cleanup: 5418 ns, At safepoint: 228455189 ns, Total: 229494535 ns
[2025-10-15T14:37:37.258-0700][1251][info ][safepoint   ] Safepoint "Cleanup", Time since last: 1000045946 ns, Reaching safepoint: 837532 ns, Cleanup: 10826 ns, At safepoint: 196656 ns, Total: 1045014 ns
[2025-10-15T14:37:38.260-0700][1251][info ][safepoint   ] Safepoint "Cleanup", Time since last: 1000099547 ns, Reaching safepoint: 880817 ns, Cleanup: 10386 ns, At safepoint: 321674 ns, Total: 1212877 ns
[2025-10-15T14:37:39.261-0700][1251][info ][safepoint   ] Safepoint "Cleanup", Time since last: 1000115982 ns, Reaching safepoint: 867327 ns, Cleanup: 18077 ns, At safepoint: 317648 ns, Total: 1203052 ns
[2025-10-15T14:37:41.262-0700][1251][info ][safepoint   ] Safepoint "Cleanup", Time since last: 2000167015 ns, Reaching safepoint: 850512 ns, Cleanup: 9604 ns, At safepoint: 188705 ns, Total: 1048821 ns
[2025-10-15T14:37:41.981-0700][1251][info ][gc,start    ] GC(78) Pause Young (Normal) (G1 Evacuation Pause)
[2025-10-15T14:37:41.981-0700][1251][info ][gc,task     ] GC(78) Using 113 workers of 113 for evacuation
[2025-10-15T14:37:41.996-0700][1251][debug][gc,remset   ] GC(78) Visited cards 31391744 Total dirty 70451200 (44.56%) Total old 524222464 (5.99%)
[2025-10-15T14:37:42.198-0700][1251][info ][gc,mmu      ] GC(78) MMU target violated: 201.0ms (200.0ms/201.0ms)
[2025-10-15T14:37:42.198-0700][1251][info ][gc,phases   ] GC(78)   Pre Evacuate Collection Set: 0.7ms
[2025-10-15T14:37:42.198-0700][1251][info ][gc,phases   ] GC(78)   Merge Heap Roots: 14.5ms
[2025-10-15T14:37:42.198-0700][1251][info ][gc,phases   ] GC(78)   Evacuate Collection Set: 180.2ms
[2025-10-15T14:37:42.198-0700][1251][info ][gc,phases   ] GC(78)   Post Evacuate Collection Set: 21.3ms
[2025-10-15T14:37:42.198-0700][1251][info ][gc,phases   ] GC(78)   Other: 0.2ms
[2025-10-15T14:37:42.198-0700][1251][debug][gc,remset   ] GC(78) Coarsening (recent): Inline->AoC 676327 (261) AoC->Howl 1433 (512) Howl->Full 0 (0) Inline->AoC 5761 (143) AoC->BitMap 1049 (316) BitMap->Full 0 (0)
[2025-10-15T14:37:42.198-0700][1251][debug][gc,remset   ] GC(78) Coarsening (all): Inline->AoC 8016642 (6932) AoC->Howl 51536 (16836) Howl->Full 0 (0) Inline->AoC 190800 (4907) AoC->BitMap 33476 (8831) BitMap->Full 5 (0)
[2025-10-15T14:37:42.198-0700][1251][info ][gc,heap     ] GC(78) Eden regions: 3243->0(3240)
[2025-10-15T14:37:42.198-0700][1251][info ][gc,heap     ] GC(78) Survivor regions: 213->216(432)
[2025-10-15T14:37:42.198-0700][1251][info ][gc,heap     ] GC(78) Old regions: 1087->1087
[2025-10-15T14:37:42.198-0700][1251][info ][gc,heap     ] GC(78) Humongous regions: 0->0
[2025-10-15T14:37:42.198-0700][1251][info ][gc,metaspace] GC(78) Metaspace: 294521K(299200K)->294521K(299200K) NonClass: 259152K(261696K)->259152K(261696K) Class: 35369K(37504K)->35369K(37504K)
[2025-10-15T14:37:42.198-0700][1251][info ][gc          ] GC(78) Pause Young (Normal) (G1 Evacuation Pause) 145343M->41653M(184320M) 217.051ms
[2025-10-15T14:37:42.199-0700][1251][info ][gc,cpu      ] GC(78) User=17.69s Sys=0.16s Real=0.22s
[2025-10-15T14:37:42.200-0700][1251][info ][safepoint   ] Safepoint "G1CollectForAllocation", Time since last: 716354566 ns, Reaching safepoint: 960226 ns, Cleanup: 12820 ns, At safepoint: 220655317 ns, Total: 221628363 ns
[2025-10-15T14:37:44.201-0700][1251][info ][safepoint   ] Safepoint "Cleanup", Time since last: 2000123780 ns, Reaching safepoint: 840456 ns, Cleanup: 12649 ns, At safepoint: 319592 ns, Total: 1172697 ns
[2025-10-15T14:37:45.203-0700][1251][info ][safepoint   ] Safepoint "Cleanup", Time since last: 1000111264 ns, Reaching safepoint: 1178886 ns, Cleanup: 14372 ns, At safepoint: 466653 ns, Total: 1659911 ns
[2025-10-15T14:37:46.204-0700][1251][info ][safepoint   ] Safepoint "Cleanup", Time since last: 1000118355 ns, Reaching safepoint: 713405 ns, Cleanup: 11327 ns, At safepoint: 160301 ns, Total: 885033 ns
[2025-10-15T14:37:47.402-0700][1251][info ][gc,start    ] GC(79) Pause Young (Normal) (G1 Evacuation Pause)
[2025-10-15T14:37:47.402-0700][1251][info ][gc,task     ] GC(79) Using 113 workers of 113 for evacuation
[2025-10-15T14:37:47.419-0700][1251][debug][gc,remset   ] GC(79) Visited cards 31606016 Total dirty 70516736 (44.82%) Total old 524222464 (6.03%)
[2025-10-15T14:37:47.640-0700][1251][info ][gc,mmu      ] GC(79) MMU target violated: 201.0ms (200.0ms/201.0ms)
[2025-10-15T14:37:47.640-0700][1251][info ][gc,phases   ] GC(79)   Pre Evacuate Collection Set: 0.9ms
[2025-10-15T14:37:47.640-0700][1251][info ][gc,phases   ] GC(79)   Merge Heap Roots: 15.9ms
[2025-10-15T14:37:47.640-0700][1251][info ][gc,phases   ] GC(79)   Evacuate Collection Set: 200.1ms
[2025-10-15T14:37:47.640-0700][1251][info ][gc,phases   ] GC(79)   Post Evacuate Collection Set: 20.9ms
[2025-10-15T14:37:47.640-0700][1251][info ][gc,phases   ] GC(79)   Other: 0.2ms
[2025-10-15T14:37:47.640-0700][1251][debug][gc,remset   ] GC(79) Coarsening (recent): Inline->AoC 613108 (188) AoC->Howl 1200 (348) Howl->Full 0 (0) Inline->AoC 5309 (106) AoC->BitMap 836 (232) BitMap->Full 0 (0)
[2025-10-15T14:37:47.640-0700][1251][debug][gc,remset   ] GC(79) Coarsening (all): Inline->AoC 8629750 (7120) AoC->Howl 52736 (17184) Howl->Full 0 (0) Inline->AoC 196109 (5013) AoC->BitMap 34312 (9063) BitMap->Full 5 (0)
[2025-10-15T14:37:47.640-0700][1251][info ][gc,heap     ] GC(79) Eden regions: 3240->0(3235)
[2025-10-15T14:37:47.640-0700][1251][info ][gc,heap     ] GC(79) Survivor regions: 216->221(432)
[2025-10-15T14:37:47.640-0700][1251][info ][gc,heap     ] GC(79) Old regions: 1087->1087
[2025-10-15T14:37:47.640-0700][1251][info ][gc,heap     ] GC(79) Humongous regions: 0->0
[2025-10-15T14:37:47.640-0700][1251][info ][gc,metaspace] GC(79) Metaspace: 294530K(299200K)->294530K(299200K) NonClass: 259161K(261696K)->259161K(261696K) Class: 35369K(37504K)->35369K(37504K)
[2025-10-15T14:37:47.640-0700][1251][info ][gc          ] GC(79) Pause Young (Normal) (G1 Evacuation Pause) 145333M->41824M(184320M) 238.100ms
[2025-10-15T14:37:47.641-0700][1251][info ][gc,cpu      ] GC(79) User=18.50s Sys=0.19s Real=0.24s
[2025-10-15T14:37:47.643-0700][1251][info ][safepoint   ] Safepoint "G1CollectForAllocation", Time since last: 1195525243 ns, Reaching safepoint: 1043211 ns, Cleanup: 15273 ns, At safepoint: 241781427 ns, Total: 242839911 ns
[2025-10-15T14:37:48.644-0700][1251][info ][safepoint   ] Safepoint "Cleanup", Time since last: 1000085846 ns, Reaching safepoint: 975350 ns, Cleanup: 17907 ns, At safepoint: 144107 ns, Total: 1137364 ns
[2025-10-15T14:37:49.645-0700][1251][info ][safepoint   ] Safepoint "Cleanup", Time since last: 1000098465 ns, Reaching safepoint: 1244705 ns, Cleanup: 35353 ns, At safepoint: 303077 ns, Total: 1583135 ns
[2025-10-15T14:37:50.647-0700][1251][info ][safepoint   ] Safepoint "Cleanup", Time since last: 1000115881 ns, Reaching safepoint: 893807 ns, Cleanup: 10746 ns, At safepoint: 383668 ns, Total: 1288221 ns
[2025-10-15T14:37:51.648-0700][1251][info ][safepoint   ] Safepoint "Cleanup", Time since last: 1000112396 ns, Reaching safepoint: 801778 ns, Cleanup: 19069 ns, At safepoint: 470920 ns, Total: 1291767 ns
[2025-10-15T14:37:52.652-0700][1251][info ][gc,start    ] GC(80) Pause Young (Normal) (G1 Evacuation Pause)
[2025-10-15T14:37:52.652-0700][1251][info ][gc,task     ] GC(80) Using 113 workers of 113 for evacuation
[2025-10-15T14:37:52.668-0700][1251][debug][gc,remset   ] GC(80) Visited cards 31282944 Total dirty 70385664 (44.45%) Total old 524222464 (5.97%)
[2025-10-15T14:37:52.850-0700][1251][info ][gc,phases   ] GC(80)   Pre Evacuate Collection Set: 0.7ms
[2025-10-15T14:37:52.850-0700][1251][info ][gc,phases   ] GC(80)   Merge Heap Roots: 14.6ms
[2025-10-15T14:37:52.850-0700][1251][info ][gc,phases   ] GC(80)   Evacuate Collection Set: 160.5ms
[2025-10-15T14:37:52.850-0700][1251][info ][gc,phases   ] GC(80)   Post Evacuate Collection Set: 21.9ms
[2025-10-15T14:37:52.850-0700][1251][info ][gc,phases   ] GC(80)   Other: 0.2ms
[2025-10-15T14:37:52.850-0700][1251][debug][gc,remset   ] GC(80) Coarsening (recent): Inline->AoC 528865 (181) AoC->Howl 1325 (396) Howl->Full 0 (0) Inline->AoC 5677 (130) AoC->BitMap 859 (226) BitMap->Full 0 (0)
[2025-10-15T14:37:52.850-0700][1251][debug][gc,remset   ] GC(80) Coarsening (all): Inline->AoC 9158615 (7301) AoC->Howl 54061 (17580) Howl->Full 0 (0) Inline->AoC 201786 (5143) AoC->BitMap 35171 (9289) BitMap->Full 5 (0)
[2025-10-15T14:37:52.850-0700][1251][info ][gc,heap     ] GC(80) Eden regions: 3235->0(3231)
[2025-10-15T14:37:52.850-0700][1251][info ][gc,heap     ] GC(80) Survivor regions: 221->225(432)
[2025-10-15T14:37:52.850-0700][1251][info ][gc,heap     ] GC(80) Old regions: 1087->1087
[2025-10-15T14:37:52.850-0700][1251][info ][gc,heap     ] GC(80) Humongous regions: 0->0
[2025-10-15T14:37:52.850-0700][1251][info ][gc,metaspace] GC(80) Metaspace: 294534K(299200K)->294534K(299200K) NonClass: 259165K(261696K)->259165K(261696K) Class: 35369K(37504K)->35369K(37504K)
[2025-10-15T14:37:52.850-0700][1251][info ][gc          ] GC(80) Pause Young (Normal) (G1 Evacuation Pause) 145344M->41962M(184320M) 198.004ms
[2025-10-15T14:37:52.851-0700][1251][info ][gc,cpu      ] GC(80) User=18.22s Sys=0.38s Real=0.20s
[2025-10-15T14:37:52.853-0700][1251][info ][safepoint   ] Safepoint "G1CollectForAllocation", Time since last: 1002219781 ns, Reaching safepoint: 672743 ns, Cleanup: 4397 ns, At safepoint: 201483412 ns, Total: 202160552 ns
[2025-10-15T14:37:53.854-0700][1251][info ][safepoint   ] Safepoint "Cleanup", Time since last: 1000085075 ns, Reaching safepoint: 980507 ns, Cleanup: 13961 ns, At safepoint: 177508 ns, Total: 1171976 ns
[2025-10-15T14:37:54.855-0700][1251][info ][safepoint   ] Safepoint "Cleanup", Time since last: 1000096482 ns, Reaching safepoint: 733906 ns, Cleanup: 9874 ns, At safepoint: 237018 ns, Total: 980798 ns
[2025-10-15T14:37:55.856-0700][1251][info ][safepoint   ] Safepoint "Cleanup", Time since last: 1000101980 ns, Reaching safepoint: 684651 ns, Cleanup: 21252 ns, At safepoint: 82405 ns, Total: 788308 ns
[2025-10-15T14:37:56.858-0700][1251][info ][safepoint   ] Safepoint "Cleanup", Time since last: 1000101750 ns, Reaching safepoint: 1711989 ns, Cleanup: 15323 ns, At safepoint: 120802 ns, Total: 1848114 ns
[2025-10-15T14:37:57.859-0700][1251][info ][safepoint   ] Safepoint "Cleanup", Time since last: 1000097043 ns, Reaching safepoint: 793926 ns, Cleanup: 10536 ns, At safepoint: 195494 ns, Total: 999956 ns
[2025-10-15T14:37:58.479-0700][1251][info ][gc,start    ] GC(81) Pause Young (Normal) (G1 Evacuation Pause)
[2025-10-15T14:37:58.479-0700][1251][info ][gc,task     ] GC(81) Using 113 workers of 113 for evacuation
[2025-10-15T14:37:58.496-0700][1251][debug][gc,remset   ] GC(81) Visited cards 31451136 Total dirty 70516736 (44.60%) Total old 524222464 (6.00%)
[2025-10-15T14:37:58.713-0700][1251][info ][gc,mmu      ] GC(81) MMU target violated: 201.0ms (200.0ms/201.0ms)
[2025-10-15T14:37:58.713-0700][1251][info ][gc,phases   ] GC(81)   Pre Evacuate Collection Set: 0.8ms
[2025-10-15T14:37:58.713-0700][1251][info ][gc,phases   ] GC(81)   Merge Heap Roots: 16.0ms
[2025-10-15T14:37:58.713-0700][1251][info ][gc,phases   ] GC(81)   Evacuate Collection Set: 198.0ms
[2025-10-15T14:37:58.713-0700][1251][info ][gc,phases   ] GC(81)   Post Evacuate Collection Set: 19.2ms
[2025-10-15T14:37:58.713-0700][1251][info ][gc,phases   ] GC(81)   Other: 0.2ms
[2025-10-15T14:37:58.713-0700][1251][debug][gc,remset   ] GC(81) Coarsening (recent): Inline->AoC 625556 (175) AoC->Howl 1170 (315) Howl->Full 0 (0) Inline->AoC 5220 (103) AoC->BitMap 618 (142) BitMap->Full 0 (0)
[2025-10-15T14:37:58.713-0700][1251][debug][gc,remset   ] GC(81) Coarsening (all): Inline->AoC 9784171 (7476) AoC->Howl 55231 (17895) Howl->Full 0 (0) Inline->AoC 207006 (5246) AoC->BitMap 35789 (9431) BitMap->Full 5 (0)
[2025-10-15T14:37:58.713-0700][1251][info ][gc,heap     ] GC(81) Eden regions: 3231->0(3229)
[2025-10-15T14:37:58.713-0700][1251][info ][gc,heap     ] GC(81) Survivor regions: 225->227(432)
[2025-10-15T14:37:58.713-0700][1251][info ][gc,heap     ] GC(81) Old regions: 1087->1087
[2025-10-15T14:37:58.713-0700][1251][info ][gc,heap     ] GC(81) Humongous regions: 0->0
[2025-10-15T14:37:58.713-0700][1251][info ][gc,metaspace] GC(81) Metaspace: 294549K(299264K)->294549K(299264K) NonClass: 259178K(261760K)->259178K(261760K) Class: 35370K(37504K)->35370K(37504K)
[2025-10-15T14:37:58.713-0700][1251][info ][gc          ] GC(81) Pause Young (Normal) (G1 Evacuation Pause) 145354M->42006M(184320M) 234.329ms
[2025-10-15T14:37:58.714-0700][1251][info ][gc,cpu      ] GC(81) User=18.60s Sys=0.05s Real=0.23s
[2025-10-15T14:37:58.715-0700][1251][info ][safepoint   ] Safepoint "G1CollectForAllocation", Time since last: 617575272 ns, Reaching safepoint: 1055931 ns, Cleanup: 11627 ns, At safepoint: 237635120 ns, Total: 238702678 ns
[2025-10-15T14:38:00.716-0700][1251][info ][safepoint   ] Safepoint "Cleanup", Time since last: 2000113264 ns, Reaching safepoint: 794497 ns, Cleanup: 15624 ns, At safepoint: 206221 ns, Total: 1016342 ns
[2025-10-15T14:38:01.718-0700][1251][info ][safepoint   ] Safepoint "Cleanup", Time since last: 1000103001 ns, Reaching safepoint: 779465 ns, Cleanup: 41272 ns, At safepoint: 268965 ns, Total: 1089702 ns
[2025-10-15T14:38:02.719-0700][1251][info ][safepoint   ] Safepoint "Cleanup", Time since last: 1000104935 ns, Reaching safepoint: 804963 ns, Cleanup: 9895 ns, At safepoint: 327583 ns, Total: 1142441 ns
[2025-10-15T14:38:04.474-0700][1251][info ][gc,start    ] GC(82) Pause Young (Normal) (G1 Evacuation Pause)
[2025-10-15T14:38:04.475-0700][1251][info ][gc,task     ] GC(82) Using 113 workers of 113 for evacuation
[2025-10-15T14:38:04.490-0700][1251][debug][gc,remset   ] GC(82) Visited cards 31311616 Total dirty 70451200 (44.44%) Total old 524222464 (5.97%)
[2025-10-15T14:38:04.712-0700][1251][info ][gc,mmu      ] GC(82) MMU target violated: 201.0ms (200.0ms/201.0ms)
[2025-10-15T14:38:04.712-0700][1251][info ][gc,phases   ] GC(82)   Pre Evacuate Collection Set: 0.8ms
[2025-10-15T14:38:04.713-0700][1251][info ][gc,phases   ] GC(82)   Merge Heap Roots: 14.3ms
[2025-10-15T14:38:04.713-0700][1251][info ][gc,phases   ] GC(82)   Evacuate Collection Set: 200.6ms
[2025-10-15T14:38:04.713-0700][1251][info ][gc,phases   ] GC(82)   Post Evacuate Collection Set: 22.0ms
[2025-10-15T14:38:04.713-0700][1251][info ][gc,phases   ] GC(82)   Other: 0.2ms
[2025-10-15T14:38:04.713-0700][1251][debug][gc,remset   ] GC(82) Coarsening (recent): Inline->AoC 712426 (157) AoC->Howl 1396 (383) Howl->Full 0 (0) Inline->AoC 6286 (102) AoC->BitMap 1058 (270) BitMap->Full 0 (0)
[2025-10-15T14:38:04.713-0700][1251][debug][gc,remset   ] GC(82) Coarsening (all): Inline->AoC 10496597 (7633) AoC->Howl 56627 (18278) Howl->Full 0 (0) Inline->AoC 213292 (5348) AoC->BitMap 36847 (9701) BitMap->Full 5 (0)
[2025-10-15T14:38:04.713-0700][1251][info ][gc,heap     ] GC(82) Eden regions: 3229->0(3226)
[2025-10-15T14:38:04.713-0700][1251][info ][gc,heap     ] GC(82) Survivor regions: 227->230(432)
[2025-10-15T14:38:04.713-0700][1251][info ][gc,heap     ] GC(82) Old regions: 1087->1087
[2025-10-15T14:38:04.713-0700][1251][info ][gc,heap     ] GC(82) Humongous regions: 0->0
[2025-10-15T14:38:04.713-0700][1251][info ][gc,metaspace] GC(82) Metaspace: 294631K(299328K)->294631K(299328K) NonClass: 259260K(261824K)->259260K(261824K) Class: 35370K(37504K)->35370K(37504K)
[2025-10-15T14:38:04.713-0700][1251][info ][gc          ] GC(82) Pause Young (Normal) (G1 Evacuation Pause) 145334M->42113M(184320M) 238.093ms
[2025-10-15T14:38:04.714-0700][1251][info ][gc,cpu      ] GC(82) User=18.62s Sys=0.11s Real=0.24s
[2025-10-15T14:38:04.715-0700][1251][info ][safepoint   ] Safepoint "G1CollectForAllocation", Time since last: 1747320477 ns, Reaching safepoint: 7211966 ns, Cleanup: 15604 ns, At safepoint: 241431309 ns, Total: 248658879 ns
[2025-10-15T14:38:05.716-0700][1251][info ][safepoint   ] Safepoint "Cleanup", Time since last: 1000091414 ns, Reaching safepoint: 675528 ns, Cleanup: 22334 ns, At safepoint: 130266 ns, Total: 828128 ns
[2025-10-15T14:38:06.717-0700][1251][info ][safepoint   ] Safepoint "Cleanup", Time since last: 1000094549 ns, Reaching safepoint: 738803 ns, Cleanup: 10957 ns, At safepoint: 359682 ns, Total: 1109442 ns
[2025-10-15T14:38:07.718-0700][1251][info ][safepoint   ] Safepoint "Cleanup", Time since last: 1000120067 ns, Reaching safepoint: 738363 ns, Cleanup: 15764 ns, At safepoint: 475356 ns, Total: 1229483 ns
[2025-10-15T14:38:08.720-0700][1251][info ][safepoint   ] Safepoint "Cleanup", Time since last: 1000141480 ns, Reaching safepoint: 683830 ns, Cleanup: 17937 ns, At safepoint: 440594 ns, Total: 1142361 ns
[2025-10-15T14:38:09.721-0700][1251][info ][safepoint   ] Safepoint "Cleanup", Time since last: 1000110072 ns, Reaching safepoint: 745894 ns, Cleanup: 28323 ns, At safepoint: 560414 ns, Total: 1334631 ns
[2025-10-15T14:38:10.861-0700][1251][info ][gc,start    ] GC(83) Pause Young (Normal) (G1 Evacuation Pause)
[2025-10-15T14:38:10.861-0700][1251][info ][gc,task     ] GC(83) Using 113 workers of 113 for evacuation
[2025-10-15T14:38:10.876-0700][1251][debug][gc,remset   ] GC(83) Visited cards 31229184 Total dirty 70451200 (44.33%) Total old 524222464 (5.96%)
[2025-10-15T14:38:11.091-0700][1251][info ][gc,mmu      ] GC(83) MMU target violated: 201.0ms (200.0ms/201.0ms)
[2025-10-15T14:38:11.091-0700][1251][info ][gc,phases   ] GC(83)   Pre Evacuate Collection Set: 0.8ms
[2025-10-15T14:38:11.091-0700][1251][info ][gc,phases   ] GC(83)   Merge Heap Roots: 14.1ms
[2025-10-15T14:38:11.091-0700][1251][info ][gc,phases   ] GC(83)   Evacuate Collection Set: 193.5ms
[2025-10-15T14:38:11.091-0700][1251][info ][gc,phases   ] GC(83)   Post Evacuate Collection Set: 21.2ms
[2025-10-15T14:38:11.091-0700][1251][info ][gc,phases   ] GC(83)   Other: 0.2ms
[2025-10-15T14:38:11.091-0700][1251][debug][gc,remset   ] GC(83) Coarsening (recent): Inline->AoC 565217 (180) AoC->Howl 1157 (286) Howl->Full 0 (0) Inline->AoC 5238 (94) AoC->BitMap 771 (217) BitMap->Full 0 (0)
[2025-10-15T14:38:11.091-0700][1251][debug][gc,remset   ] GC(83) Coarsening (all): Inline->AoC 11061814 (7813) AoC->Howl 57784 (18564) Howl->Full 0 (0) Inline->AoC 218530 (5442) AoC->BitMap 37618 (9918) BitMap->Full 5 (0)
[2025-10-15T14:38:11.091-0700][1251][info ][gc,heap     ] GC(83) Eden regions: 3226->0(3227)
[2025-10-15T14:38:11.091-0700][1251][info ][gc,heap     ] GC(83) Survivor regions: 230->229(432)
[2025-10-15T14:38:11.091-0700][1251][info ][gc,heap     ] GC(83) Old regions: 1087->1091
[2025-10-15T14:38:11.091-0700][1251][info ][gc,heap     ] GC(83) Humongous regions: 0->0
[2025-10-15T14:38:11.091-0700][1251][info ][gc,metaspace] GC(83) Metaspace: 294693K(299392K)->294693K(299392K) NonClass: 259322K(261888K)->259322K(261888K) Class: 35370K(37504K)->35370K(37504K)
[2025-10-15T14:38:11.091-0700][1251][info ][gc          ] GC(83) Pause Young (Normal) (G1 Evacuation Pause) 145345M->42234M(184320M) 229.978ms
[2025-10-15T14:38:11.092-0700][1251][info ][gc,cpu      ] GC(83) User=18.94s Sys=0.41s Real=0.23s
[2025-10-15T14:38:11.093-0700][1251][info ][safepoint   ] Safepoint "G1CollectForAllocation", Time since last: 1137553490 ns, Reaching safepoint: 1455823 ns, Cleanup: 5509 ns, At safepoint: 233356253 ns, Total: 234817585 ns
[2025-10-15T14:38:12.094-0700][1251][info ][safepoint   ] Safepoint "Cleanup", Time since last: 1000081179 ns, Reaching safepoint: 667365 ns, Cleanup: 18738 ns, At safepoint: 212170 ns, Total: 898273 ns
[2025-10-15T14:38:13.095-0700][1251][info ][safepoint   ] Safepoint "Cleanup", Time since last: 1000105385 ns, Reaching safepoint: 718373 ns, Cleanup: 22063 ns, At safepoint: 208244 ns, Total: 948680 ns
[2025-10-15T14:38:14.097-0700][1251][info ][safepoint   ] Safepoint "Cleanup", Time since last: 1000102170 ns, Reaching safepoint: 1219568 ns, Cleanup: 20841 ns, At safepoint: 295866 ns, Total: 1536275 ns
[2025-10-15T14:38:15.099-0700][1251][info ][safepoint   ] Safepoint "Cleanup", Time since last: 1000112156 ns, Reaching safepoint: 858784 ns, Cleanup: 11166 ns, At safepoint: 602919 ns, Total: 1472869 ns
[2025-10-15T14:38:16.100-0700][1251][info ][safepoint   ] Safepoint "Cleanup", Time since last: 1000105435 ns, Reaching safepoint: 820376 ns, Cleanup: 10116 ns, At safepoint: 251759 ns, Total: 1082251 ns
[2025-10-15T14:38:16.553-0700][1251][info ][gc,start    ] GC(84) Pause Young (Normal) (G1 Evacuation Pause)
[2025-10-15T14:38:16.553-0700][1251][info ][gc,task     ] GC(84) Using 113 workers of 113 for evacuation
[2025-10-15T14:38:16.569-0700][1251][debug][gc,remset   ] GC(84) Visited cards 31371520 Total dirty 70713344 (44.36%) Total old 524484608 (5.98%)
[2025-10-15T14:38:16.797-0700][1251][info ][gc,mmu      ] GC(84) MMU target violated: 201.0ms (200.0ms/201.0ms)
[2025-10-15T14:38:16.798-0700][1251][info ][gc,phases   ] GC(84)   Pre Evacuate Collection Set: 0.9ms
[2025-10-15T14:38:16.798-0700][1251][info ][gc,phases   ] GC(84)   Merge Heap Roots: 15.1ms
[2025-10-15T14:38:16.798-0700][1251][info ][gc,phases   ] GC(84)   Evacuate Collection Set: 205.2ms
[2025-10-15T14:38:16.798-0700][1251][info ][gc,phases   ] GC(84)   Post Evacuate Collection Set: 22.9ms
[2025-10-15T14:38:16.798-0700][1251][info ][gc,phases   ] GC(84)   Other: 0.2ms
[2025-10-15T14:38:16.798-0700][1251][debug][gc,remset   ] GC(84) Coarsening (recent): Inline->AoC 617014 (170) AoC->Howl 1247 (330) Howl->Full 0 (0) Inline->AoC 5526 (82) AoC->BitMap 680 (159) BitMap->Full 0 (0)
[2025-10-15T14:38:16.798-0700][1251][debug][gc,remset   ] GC(84) Coarsening (all): Inline->AoC 11678828 (7983) AoC->Howl 59031 (18894) Howl->Full 0 (0) Inline->AoC 224056 (5524) AoC->BitMap 38298 (10077) BitMap->Full 5 (0)
[2025-10-15T14:38:16.798-0700][1251][info ][gc,heap     ] GC(84) Eden regions: 3227->0(3227)
[2025-10-15T14:38:16.798-0700][1251][info ][gc,heap     ] GC(84) Survivor regions: 229->229(432)
[2025-10-15T14:38:16.798-0700][1251][info ][gc,heap     ] GC(84) Old regions: 1091->1097
[2025-10-15T14:38:16.798-0700][1251][info ][gc,heap     ] GC(84) Humongous regions: 0->0
[2025-10-15T14:38:16.798-0700][1251][info ][gc,metaspace] GC(84) Metaspace: 295049K(299712K)->295049K(299712K) NonClass: 259670K(262208K)->259670K(262208K) Class: 35379K(37504K)->35379K(37504K)
[2025-10-15T14:38:16.798-0700][1251][info ][gc          ] GC(84) Pause Young (Normal) (G1 Evacuation Pause) 145498M->42390M(184320M) 244.400ms
[2025-10-15T14:38:16.799-0700][1251][info ][gc,cpu      ] GC(84) User=19.40s Sys=0.28s Real=0.25s
[2025-10-15T14:38:16.800-0700][1251][info ][safepoint   ] Safepoint "G1CollectForAllocation", Time since last: 450795795 ns, Reaching safepoint: 1543636 ns, Cleanup: 5869 ns, At safepoint: 247807125 ns, Total: 249356630 ns
[2025-10-15T14:38:18.801-0700][1251][info ][safepoint   ] Safepoint "Cleanup", Time since last: 2000155939 ns, Reaching safepoint: 880656 ns, Cleanup: 10857 ns, At safepoint: 94602 ns, Total: 986115 ns
[2025-10-15T14:38:21.802-0700][1251][info ][safepoint   ] Safepoint "Cleanup", Time since last: 3000189145 ns, Reaching safepoint: 719584 ns, Cleanup: 12299 ns, At safepoint: 301915 ns, Total: 1033798 ns
[2025-10-15T14:38:22.489-0700][1251][info ][gc,start    ] GC(85) Pause Young (Normal) (G1 Evacuation Pause)
[2025-10-15T14:38:22.489-0700][1251][info ][gc,task     ] GC(85) Using 113 workers of 113 for evacuation
[2025-10-15T14:38:22.506-0700][1251][debug][gc,remset   ] GC(85) Visited cards 31024384 Total dirty 71172096 (43.59%) Total old 524877824 (5.91%)
[2025-10-15T14:38:22.733-0700][1251][info ][gc,mmu      ] GC(85) MMU target violated: 201.0ms (200.0ms/201.0ms)
[2025-10-15T14:38:22.733-0700][1251][info ][gc,phases   ] GC(85)   Pre Evacuate Collection Set: 0.7ms
[2025-10-15T14:38:22.733-0700][1251][info ][gc,phases   ] GC(85)   Merge Heap Roots: 16.2ms
[2025-10-15T14:38:22.733-0700][1251][info ][gc,phases   ] GC(85)   Evacuate Collection Set: 202.0ms
[2025-10-15T14:38:22.733-0700][1251][info ][gc,phases   ] GC(85)   Post Evacuate Collection Set: 24.2ms
[2025-10-15T14:38:22.733-0700][1251][info ][gc,phases   ] GC(85)   Other: 0.2ms
[2025-10-15T14:38:22.733-0700][1251][debug][gc,remset   ] GC(85) Coarsening (recent): Inline->AoC 553215 (138) AoC->Howl 1199 (289) Howl->Full 0 (0) Inline->AoC 5426 (96) AoC->BitMap 903 (217) BitMap->Full 0 (0)
[2025-10-15T14:38:22.733-0700][1251][debug][gc,remset   ] GC(85) Coarsening (all): Inline->AoC 12232043 (8121) AoC->Howl 60230 (19183) Howl->Full 0 (0) Inline->AoC 229482 (5620) AoC->BitMap 39201 (10294) BitMap->Full 5 (0)
[2025-10-15T14:38:22.733-0700][1251][info ][gc,heap     ] GC(85) Eden regions: 3227->0(3233)
[2025-10-15T14:38:22.733-0700][1251][info ][gc,heap     ] GC(85) Survivor regions: 229->223(432)
[2025-10-15T14:38:22.733-0700][1251][info ][gc,heap     ] GC(85) Old regions: 1097->1105
[2025-10-15T14:38:22.733-0700][1251][info ][gc,heap     ] GC(85) Humongous regions: 0->0
[2025-10-15T14:38:22.733-0700][1251][info ][gc,metaspace] GC(85) Metaspace: 295105K(299776K)->295105K(299776K) NonClass: 259726K(262272K)->259726K(262272K) Class: 35379K(37504K)->35379K(37504K)
[2025-10-15T14:38:22.733-0700][1251][info ][gc          ] GC(85) Pause Young (Normal) (G1 Evacuation Pause) 145654M->42463M(184320M) 243.491ms
[2025-10-15T14:38:22.734-0700][1251][info ][gc,cpu      ] GC(85) User=18.99s Sys=0.29s Real=0.24s
[2025-10-15T14:38:22.735-0700][1251][info ][safepoint   ] Safepoint "G1CollectForAllocation", Time since last: 684932004 ns, Reaching safepoint: 1058474 ns, Cleanup: 13821 ns, At safepoint: 246782992 ns, Total: 247855287 ns
[2025-10-15T14:38:24.736-0700][1251][info ][safepoint   ] Safepoint "Cleanup", Time since last: 2000137881 ns, Reaching safepoint: 638623 ns, Cleanup: 16074 ns, At safepoint: 73661 ns, Total: 728358 ns
[2025-10-15T14:38:25.737-0700][1251][info ][safepoint   ] Safepoint "Cleanup", Time since last: 1000102521 ns, Reaching safepoint: 774106 ns, Cleanup: 18338 ns, At safepoint: 145920 ns, Total: 938364 ns
[2025-10-15T14:38:26.738-0700][1251][info ][safepoint   ] Safepoint "Cleanup", Time since last: 1000101009 ns, Reaching safepoint: 578832 ns, Cleanup: 12579 ns, At safepoint: 65368 ns, Total: 656779 ns
[2025-10-15T14:38:28.318-0700][1251][info ][gc,start    ] GC(86) Pause Young (Normal) (G1 Evacuation Pause)
[2025-10-15T14:38:28.318-0700][1251][info ][gc,task     ] GC(86) Using 113 workers of 113 for evacuation
[2025-10-15T14:38:28.335-0700][1251][debug][gc,remset   ] GC(86) Visited cards 30833920 Total dirty 71696384 (43.01%) Total old 525402112 (5.87%)
[2025-10-15T14:38:28.556-0700][1251][info ][gc,mmu      ] GC(86) MMU target violated: 201.0ms (200.0ms/201.0ms)
[2025-10-15T14:38:28.556-0700][1251][info ][gc,phases   ] GC(86)   Pre Evacuate Collection Set: 0.8ms
[2025-10-15T14:38:28.556-0700][1251][info ][gc,phases   ] GC(86)   Merge Heap Roots: 15.6ms
[2025-10-15T14:38:28.556-0700][1251][info ][gc,phases   ] GC(86)   Evacuate Collection Set: 198.0ms
[2025-10-15T14:38:28.556-0700][1251][info ][gc,phases   ] GC(86)   Post Evacuate Collection Set: 23.6ms
[2025-10-15T14:38:28.556-0700][1251][info ][gc,phases   ] GC(86)   Other: 0.2ms
[2025-10-15T14:38:28.556-0700][1251][debug][gc,remset   ] GC(86) Coarsening (recent): Inline->AoC 609157 (142) AoC->Howl 1071 (219) Howl->Full 0 (0) Inline->AoC 4989 (39) AoC->BitMap 509 (84) BitMap->Full 0 (0)
[2025-10-15T14:38:28.556-0700][1251][debug][gc,remset   ] GC(86) Coarsening (all): Inline->AoC 12841200 (8263) AoC->Howl 61301 (19402) Howl->Full 0 (0) Inline->AoC 234471 (5659) AoC->BitMap 39710 (10378) BitMap->Full 5 (0)
[2025-10-15T14:38:28.556-0700][1251][info ][gc,heap     ] GC(86) Eden regions: 3233->0(3189)
[2025-10-15T14:38:28.556-0700][1251][info ][gc,heap     ] GC(86) Survivor regions: 223->222(432)
[2025-10-15T14:38:28.557-0700][1251][info ][gc,heap     ] GC(86) Old regions: 1105->1110
[2025-10-15T14:38:28.557-0700][1251][info ][gc,heap     ] GC(86) Humongous regions: 0->0
[2025-10-15T14:38:28.557-0700][1251][info ][gc,metaspace] GC(86) Metaspace: 295147K(299840K)->295147K(299840K) NonClass: 259768K(262336K)->259768K(262336K) Class: 35379K(37504K)->35379K(37504K)
[2025-10-15T14:38:28.557-0700][1251][info ][gc          ] GC(86) Pause Young (Normal) (G1 Evacuation Pause) 145919M->42606M(184320M) 238.360ms
[2025-10-15T14:38:28.558-0700][1251][info ][gc,cpu      ] GC(86) User=19.36s Sys=0.37s Real=0.24s
[2025-10-15T14:38:28.559-0700][1251][info ][safepoint   ] Safepoint "G1CollectForAllocation", Time since last: 1576935395 ns, Reaching safepoint: 2370141 ns, Cleanup: 6390 ns, At safepoint: 241623696 ns, Total: 244000227 ns
[2025-10-15T14:38:29.560-0700][1251][info ][safepoint   ] Safepoint "Cleanup", Time since last: 1000094941 ns, Reaching safepoint: 985505 ns, Cleanup: 24737 ns, At safepoint: 649289 ns, Total: 1659531 ns
[2025-10-15T14:38:30.563-0700][1251][info ][safepoint   ] Safepoint "Cleanup", Time since last: 1000107740 ns, Reaching safepoint: 1370806 ns, Cleanup: 46540 ns, At safepoint: 588126 ns, Total: 2005472 ns
[2025-10-15T14:38:31.564-0700][1251][info ][safepoint   ] Safepoint "Cleanup", Time since last: 1000114561 ns, Reaching safepoint: 932976 ns, Cleanup: 35743 ns, At safepoint: 679033 ns, Total: 1647752 ns
[2025-10-15T14:38:32.566-0700][1251][info ][safepoint   ] Safepoint "Cleanup", Time since last: 1000112298 ns, Reaching safepoint: 713405 ns, Cleanup: 11828 ns, At safepoint: 497950 ns, Total: 1223183 ns
[2025-10-15T14:38:33.567-0700][1251][info ][safepoint   ] Safepoint "Cleanup", Time since last: 1000111987 ns, Reaching safepoint: 780005 ns, Cleanup: 16815 ns, At safepoint: 735138 ns, Total: 1531958 ns
[2025-10-15T14:38:33.996-0700][1251][info ][gc,start    ] GC(87) Pause Young (Normal) (G1 Evacuation Pause)
[2025-10-15T14:38:33.996-0700][1251][info ][gc,task     ] GC(87) Using 113 workers of 113 for evacuation
[2025-10-15T14:38:34.013-0700][1251][debug][gc,remset   ] GC(87) Visited cards 30375424 Total dirty 71892992 (42.25%) Total old 525729792 (5.78%)
[2025-10-15T14:38:34.235-0700][1251][info ][gc,mmu      ] GC(87) MMU target violated: 201.0ms (200.0ms/201.0ms)
[2025-10-15T14:38:34.235-0700][1251][info ][gc,phases   ] GC(87)   Pre Evacuate Collection Set: 0.8ms
[2025-10-15T14:38:34.235-0700][1251][info ][gc,phases   ] GC(87)   Merge Heap Roots: 15.2ms
[2025-10-15T14:38:34.235-0700][1251][info ][gc,phases   ] GC(87)   Evacuate Collection Set: 198.6ms
[2025-10-15T14:38:34.235-0700][1251][info ][gc,phases   ] GC(87)   Post Evacuate Collection Set: 23.5ms
[2025-10-15T14:38:34.235-0700][1251][info ][gc,phases   ] GC(87)   Other: 0.2ms
[2025-10-15T14:38:34.235-0700][1251][debug][gc,remset   ] GC(87) Coarsening (recent): Inline->AoC 587013 (141) AoC->Howl 1095 (204) Howl->Full 0 (0) Inline->AoC 5084 (47) AoC->BitMap 776 (143) BitMap->Full 0 (0)
[2025-10-15T14:38:34.235-0700][1251][debug][gc,remset   ] GC(87) Coarsening (all): Inline->AoC 13428213 (8404) AoC->Howl 62396 (19606) Howl->Full 0 (0) Inline->AoC 239555 (5706) AoC->BitMap 40486 (10521) BitMap->Full 5 (0)
[2025-10-15T14:38:34.235-0700][1251][info ][gc,heap     ] GC(87) Eden regions: 3234->0(3097)
[2025-10-15T14:38:34.235-0700][1251][info ][gc,heap     ] GC(87) Survivor regions: 222->226(432)
[2025-10-15T14:38:34.235-0700][1251][info ][gc,heap     ] GC(87) Old regions: 1110->1113
[2025-10-15T14:38:34.235-0700][1251][info ][gc,heap     ] GC(87) Humongous regions: 0->0
[2025-10-15T14:38:34.235-0700][1251][info ][gc,metaspace] GC(87) Metaspace: 295229K(299904K)->295229K(299904K) NonClass: 259849K(262400K)->259849K(262400K) Class: 35380K(37504K)->35380K(37504K)
[2025-10-15T14:38:34.235-0700][1251][info ][gc          ] GC(87) Pause Young (Normal) (G1 Evacuation Pause) 146094M->42826M(184320M) 238.510ms
[2025-10-15T14:38:34.235-0700][1251][info ][gc,cpu      ] GC(87) User=19.28s Sys=0.45s Real=0.24s
[2025-10-15T14:38:34.236-0700][1251][info ][safepoint   ] Safepoint "G1CollectForAllocation", Time since last: 426902598 ns, Reaching safepoint: 979906 ns, Cleanup: 5739 ns, At safepoint: 241156853 ns, Total: 242142498 ns
[2025-10-15T14:38:35.237-0700][1251][info ][safepoint   ] Safepoint "Cleanup", Time since last: 1000087719 ns, Reaching safepoint: 689449 ns, Cleanup: 42965 ns, At safepoint: 118308 ns, Total: 850722 ns
[2025-10-15T14:38:36.238-0700][1251][info ][safepoint   ] Safepoint "Cleanup", Time since last: 1000100677 ns, Reaching safepoint: 790220 ns, Cleanup: 17677 ns, At safepoint: 225179 ns, Total: 1033076 ns
[2025-10-15T14:38:37.240-0700][1251][info ][safepoint   ] Safepoint "Cleanup", Time since last: 1000098073 ns, Reaching safepoint: 798614 ns, Cleanup: 10506 ns, At safepoint: 333562 ns, Total: 1142682 ns
[2025-10-15T14:38:38.241-0700][1251][info ][safepoint   ] Safepoint "Cleanup", Time since last: 1000121629 ns, Reaching safepoint: 727906 ns, Cleanup: 12710 ns, At safepoint: 238198 ns, Total: 978814 ns
[2025-10-15T14:38:39.242-0700][1251][info ][safepoint   ] Safepoint "Cleanup", Time since last: 1000108519 ns, Reaching safepoint: 727957 ns, Cleanup: 9875 ns, At safepoint: 275956 ns, Total: 1013788 ns
[2025-10-15T14:38:39.827-0700][1251][info ][gc,start    ] GC(88) Pause Young (Normal) (G1 Evacuation Pause)
[2025-10-15T14:38:39.827-0700][1251][info ][gc,task     ] GC(88) Using 113 workers of 113 for evacuation
[2025-10-15T14:38:39.843-0700][1251][debug][gc,remset   ] GC(88) Visited cards 29913856 Total dirty 72155136 (41.46%) Total old 512950272 (5.83%)
[2025-10-15T14:38:40.070-0700][1251][info ][gc,mmu      ] GC(88) MMU target violated: 201.0ms (200.0ms/201.0ms)
[2025-10-15T14:38:40.070-0700][1251][info ][gc,phases   ] GC(88)   Pre Evacuate Collection Set: 0.8ms
[2025-10-15T14:38:40.070-0700][1251][info ][gc,phases   ] GC(88)   Merge Heap Roots: 15.3ms
[2025-10-15T14:38:40.070-0700][1251][info ][gc,phases   ] GC(88)   Evacuate Collection Set: 201.5ms
[2025-10-15T14:38:40.070-0700][1251][info ][gc,phases   ] GC(88)   Post Evacuate Collection Set: 25.2ms
[2025-10-15T14:38:40.070-0700][1251][info ][gc,phases   ] GC(88)   Other: 0.2ms
[2025-10-15T14:38:40.070-0700][1251][debug][gc,remset   ] GC(88) Coarsening (recent): Inline->AoC 564513 (125) AoC->Howl 1246 (286) Howl->Full 0 (0) Inline->AoC 5606 (71) AoC->BitMap 789 (170) BitMap->Full 0 (0)
[2025-10-15T14:38:40.070-0700][1251][debug][gc,remset   ] GC(88) Coarsening (all): Inline->AoC 13992726 (8529) AoC->Howl 63642 (19892) Howl->Full 0 (0) Inline->AoC 245161 (5777) AoC->BitMap 41275 (10691) BitMap->Full 5 (0)
[2025-10-15T14:38:40.070-0700][1251][info ][gc,heap     ] GC(88) Eden regions: 3131->0(3080)
[2025-10-15T14:38:40.070-0700][1251][info ][gc,heap     ] GC(88) Survivor regions: 226->227(420)
[2025-10-15T14:38:40.070-0700][1251][info ][gc,heap     ] GC(88) Old regions: 1113->1116
[2025-10-15T14:38:40.070-0700][1251][info ][gc,heap     ] GC(88) Humongous regions: 0->0
[2025-10-15T14:38:40.070-0700][1251][info ][gc,metaspace] GC(88) Metaspace: 295260K(299904K)->295260K(299904K) NonClass: 259880K(262400K)->259880K(262400K) Class: 35380K(37504K)->35380K(37504K)
[2025-10-15T14:38:40.070-0700][1251][info ][gc          ] GC(88) Pause Young (Normal) (G1 Evacuation Pause) 143018M->42940M(184320M) 243.140ms
[2025-10-15T14:38:40.071-0700][1251][info ][gc,cpu      ] GC(88) User=18.84s Sys=0.29s Real=0.25s
[2025-10-15T14:38:40.072-0700][1251][info ][safepoint   ] Safepoint "G1CollectForAllocation", Time since last: 582567006 ns, Reaching safepoint: 1011274 ns, Cleanup: 5088 ns, At safepoint: 246495035 ns, Total: 247511397 ns
[2025-10-15T14:38:43.073-0700][1251][info ][safepoint   ] Safepoint "Cleanup", Time since last: 3000209632 ns, Reaching safepoint: 696680 ns, Cleanup: 9734 ns, At safepoint: 114543 ns, Total: 820957 ns
[2025-10-15T14:38:44.074-0700][1251][info ][safepoint   ] Safepoint "Cleanup", Time since last: 1000095860 ns, Reaching safepoint: 861598 ns, Cleanup: 23024 ns, At safepoint: 164438 ns, Total: 1049060 ns
[2025-10-15T14:38:45.503-0700][1251][info ][gc,start    ] GC(89) Pause Young (Normal) (G1 Evacuation Pause)
[2025-10-15T14:38:45.503-0700][1251][info ][gc,task     ] GC(89) Using 113 workers of 113 for evacuation
[2025-10-15T14:38:45.519-0700][1251][debug][gc,remset   ] GC(89) Visited cards 29596672 Total dirty 72155136 (41.02%) Total old 506462208 (5.84%)
[2025-10-15T14:38:45.739-0700][1251][info ][gc,mmu      ] GC(89) MMU target violated: 201.0ms (200.0ms/201.0ms)
[2025-10-15T14:38:45.739-0700][1251][info ][gc,phases   ] GC(89)   Pre Evacuate Collection Set: 0.9ms
[2025-10-15T14:38:45.739-0700][1251][info ][gc,phases   ] GC(89)   Merge Heap Roots: 15.8ms
[2025-10-15T14:38:45.739-0700][1251][info ][gc,phases   ] GC(89)   Evacuate Collection Set: 195.8ms
[2025-10-15T14:38:45.739-0700][1251][info ][gc,phases   ] GC(89)   Post Evacuate Collection Set: 23.8ms
[2025-10-15T14:38:45.739-0700][1251][info ][gc,phases   ] GC(89)   Other: 0.3ms
[2025-10-15T14:38:45.739-0700][1251][debug][gc,remset   ] GC(89) Coarsening (recent): Inline->AoC 596698 (103) AoC->Howl 1095 (173) Howl->Full 0 (0) Inline->AoC 5317 (41) AoC->BitMap 738 (119) BitMap->Full 0 (0)
[2025-10-15T14:38:45.739-0700][1251][debug][gc,remset   ] GC(89) Coarsening (all): Inline->AoC 14589424 (8632) AoC->Howl 64737 (20065) Howl->Full 0 (0) Inline->AoC 250478 (5818) AoC->BitMap 42013 (10810) BitMap->Full 5 (0)
[2025-10-15T14:38:45.739-0700][1251][info ][gc,heap     ] GC(89) Eden regions: 3079->0(3239)
[2025-10-15T14:38:45.739-0700][1251][info ][gc,heap     ] GC(89) Survivor regions: 227->217(414)
[2025-10-15T14:38:45.739-0700][1251][info ][gc,heap     ] GC(89) Old regions: 1116->1128
[2025-10-15T14:38:45.739-0700][1251][info ][gc,heap     ] GC(89) Humongous regions: 0->0
[2025-10-15T14:38:45.739-0700][1251][info ][gc,metaspace] GC(89) Metaspace: 295271K(299904K)->295271K(299904K) NonClass: 259891K(262400K)->259891K(262400K) Class: 35380K(37504K)->35380K(37504K)
[2025-10-15T14:38:45.739-0700][1251][info ][gc          ] GC(89) Pause Young (Normal) (G1 Evacuation Pause) 141468M->43012M(184320M) 236.609ms
[2025-10-15T14:38:45.740-0700][1251][info ][gc,cpu      ] GC(89) User=19.13s Sys=0.28s Real=0.24s
[2025-10-15T14:38:45.741-0700][1251][info ][safepoint   ] Safepoint "G1CollectForAllocation", Time since last: 1426020162 ns, Reaching safepoint: 1269914 ns, Cleanup: 4226 ns, At safepoint: 239946398 ns, Total: 241220538 ns
[2025-10-15T14:38:49.743-0700][1251][info ][safepoint   ] Safepoint "Cleanup", Time since last: 4000261065 ns, Reaching safepoint: 708227 ns, Cleanup: 15654 ns, At safepoint: 210897 ns, Total: 934778 ns
[2025-10-15T14:38:51.163-0700][1251][info ][gc,start    ] GC(90) Pause Young (Normal) (G1 Evacuation Pause)
[2025-10-15T14:38:51.163-0700][1251][info ][gc,task     ] GC(90) Using 113 workers of 113 for evacuation
[2025-10-15T14:38:51.180-0700][1251][debug][gc,remset   ] GC(90) Visited cards 29530112 Total dirty 72941568 (40.48%) Total old 526909440 (5.60%)
[2025-10-15T14:38:51.400-0700][1251][info ][gc,mmu      ] GC(90) MMU target violated: 201.0ms (200.0ms/201.0ms)
[2025-10-15T14:38:51.400-0700][1251][info ][gc,phases   ] GC(90)   Pre Evacuate Collection Set: 0.8ms
[2025-10-15T14:38:51.400-0700][1251][info ][gc,phases   ] GC(90)   Merge Heap Roots: 15.9ms
[2025-10-15T14:38:51.400-0700][1251][info ][gc,phases   ] GC(90)   Evacuate Collection Set: 196.3ms
[2025-10-15T14:38:51.400-0700][1251][info ][gc,phases   ] GC(90)   Post Evacuate Collection Set: 23.4ms
[2025-10-15T14:38:51.400-0700][1251][info ][gc,phases   ] GC(90)   Other: 0.3ms
[2025-10-15T14:38:51.400-0700][1251][debug][gc,remset   ] GC(90) Coarsening (recent): Inline->AoC 502386 (73) AoC->Howl 983 (132) Howl->Full 0 (0) Inline->AoC 4806 (34) AoC->BitMap 742 (117) BitMap->Full 0 (0)
[2025-10-15T14:38:51.400-0700][1251][debug][gc,remset   ] GC(90) Coarsening (all): Inline->AoC 15091810 (8705) AoC->Howl 65720 (20197) Howl->Full 0 (0) Inline->AoC 255284 (5852) AoC->BitMap 42755 (10927) BitMap->Full 5 (0)
[2025-10-15T14:38:51.400-0700][1251][info ][gc,heap     ] GC(90) Eden regions: 3239->0(3240)
[2025-10-15T14:38:51.400-0700][1251][info ][gc,heap     ] GC(90) Survivor regions: 217->216(432)
[2025-10-15T14:38:51.400-0700][1251][info ][gc,heap     ] GC(90) Old regions: 1128->1134
[2025-10-15T14:38:51.400-0700][1251][info ][gc,heap     ] GC(90) Humongous regions: 0->0
[2025-10-15T14:38:51.400-0700][1251][info ][gc,metaspace] GC(90) Metaspace: 295284K(299968K)->295284K(299968K) NonClass: 259903K(262464K)->259903K(262464K) Class: 35380K(37504K)->35380K(37504K)
[2025-10-15T14:38:51.400-0700][1251][info ][gc          ] GC(90) Pause Young (Normal) (G1 Evacuation Pause) 146660M->43192M(184320M) 236.842ms
[2025-10-15T14:38:51.401-0700][1251][info ][gc,cpu      ] GC(90) User=18.28s Sys=0.61s Real=0.24s
[2025-10-15T14:38:51.402-0700][1251][info ][safepoint   ] Safepoint "G1CollectForAllocation", Time since last: 1418070645 ns, Reaching safepoint: 1399208 ns, Cleanup: 5598 ns, At safepoint: 240309035 ns, Total: 241713841 ns
[2025-10-15T14:38:52.403-0700][1251][info ][safepoint   ] Safepoint "Cleanup", Time since last: 1000072765 ns, Reaching safepoint: 784382 ns, Cleanup: 12759 ns, At safepoint: 152831 ns, Total: 949972 ns
[2025-10-15T14:38:53.405-0700][1251][info ][safepoint   ] Safepoint "Cleanup", Time since last: 1000103871 ns, Reaching safepoint: 816481 ns, Cleanup: 13450 ns, At safepoint: 218739 ns, Total: 1048670 ns
[2025-10-15T14:38:55.406-0700][1251][info ][safepoint   ] Safepoint "Cleanup", Time since last: 2000170408 ns, Reaching safepoint: 735207 ns, Cleanup: 12149 ns, At safepoint: 221774 ns, Total: 969130 ns
[2025-10-15T14:38:56.952-0700][1251][info ][gc,start    ] GC(91) Pause Young (Normal) (G1 Evacuation Pause)
[2025-10-15T14:38:56.952-0700][1251][info ][gc,task     ] GC(91) Using 113 workers of 113 for evacuation
[2025-10-15T14:38:56.968-0700][1251][debug][gc,remset   ] GC(91) Visited cards 29229056 Total dirty 73203712 (39.93%) Total old 527302656 (5.54%)
[2025-10-15T14:38:57.179-0700][1251][info ][gc,mmu      ] GC(91) MMU target violated: 201.0ms (200.0ms/201.0ms)
[2025-10-15T14:38:57.179-0700][1251][info ][gc,phases   ] GC(91)   Pre Evacuate Collection Set: 0.9ms
[2025-10-15T14:38:57.179-0700][1251][info ][gc,phases   ] GC(91)   Merge Heap Roots: 15.0ms
[2025-10-15T14:38:57.179-0700][1251][info ][gc,phases   ] GC(91)   Evacuate Collection Set: 188.4ms
[2025-10-15T14:38:57.179-0700][1251][info ][gc,phases   ] GC(91)   Post Evacuate Collection Set: 22.5ms
[2025-10-15T14:38:57.179-0700][1251][info ][gc,phases   ] GC(91)   Other: 0.3ms
[2025-10-15T14:38:57.179-0700][1251][debug][gc,remset   ] GC(91) Coarsening (recent): Inline->AoC 556538 (106) AoC->Howl 1070 (159) Howl->Full 0 (0) Inline->AoC 5006 (50) AoC->BitMap 631 (122) BitMap->Full 0 (0)
[2025-10-15T14:38:57.179-0700][1251][debug][gc,remset   ] GC(91) Coarsening (all): Inline->AoC 15648348 (8811) AoC->Howl 66790 (20356) Howl->Full 0 (0) Inline->AoC 260290 (5902) AoC->BitMap 43386 (11049) BitMap->Full 5 (0)
[2025-10-15T14:38:57.179-0700][1251][info ][gc,heap     ] GC(91) Eden regions: 3240->0(3246)
[2025-10-15T14:38:57.179-0700][1251][info ][gc,heap     ] GC(91) Survivor regions: 216->210(432)
[2025-10-15T14:38:57.179-0700][1251][info ][gc,heap     ] GC(91) Old regions: 1134->1142
[2025-10-15T14:38:57.179-0700][1251][info ][gc,heap     ] GC(91) Humongous regions: 0->0
[2025-10-15T14:38:57.179-0700][1251][info ][gc,metaspace] GC(91) Metaspace: 295320K(299968K)->295320K(299968K) NonClass: 259940K(262464K)->259940K(262464K) Class: 35380K(37504K)->35380K(37504K)
[2025-10-15T14:38:57.179-0700][1251][info ][gc          ] GC(91) Pause Young (Normal) (G1 Evacuation Pause) 146872M->43260M(184320M) 227.267ms
[2025-10-15T14:38:57.180-0700][1251][info ][gc,cpu      ] GC(91) User=18.86s Sys=0.40s Real=0.23s
[2025-10-15T14:38:57.181-0700][1251][info ][safepoint   ] Safepoint "G1CollectForAllocation", Time since last: 1543873873 ns, Reaching safepoint: 886235 ns, Cleanup: 5298 ns, At safepoint: 230592675 ns, Total: 231484208 ns
[2025-10-15T14:38:58.182-0700][1251][info ][safepoint   ] Safepoint "Cleanup", Time since last: 1000082350 ns, Reaching safepoint: 873556 ns, Cleanup: 14722 ns, At safepoint: 224007 ns, Total: 1112285 ns
[2025-10-15T14:38:59.183-0700][1251][info ][safepoint   ] Safepoint "Cleanup", Time since last: 1000116702 ns, Reaching safepoint: 776479 ns, Cleanup: 15283 ns, At safepoint: 189095 ns, Total: 980857 ns
[2025-10-15T14:39:02.184-0700][1251][info ][safepoint   ] Safepoint "Cleanup", Time since last: 3000223192 ns, Reaching safepoint: 731783 ns, Cleanup: 10165 ns, At safepoint: 227673 ns, Total: 969621 ns
[2025-10-15T14:39:02.881-0700][1251][info ][gc,start    ] GC(92) Pause Young (Normal) (G1 Evacuation Pause)
[2025-10-15T14:39:02.882-0700][1251][info ][gc,task     ] GC(92) Using 113 workers of 113 for evacuation
[2025-10-15T14:39:02.898-0700][1251][debug][gc,remset   ] GC(92) Visited cards 29128192 Total dirty 73859072 (39.44%) Total old 527826944 (5.52%)
[2025-10-15T14:39:03.117-0700][1251][info ][gc,mmu      ] GC(92) MMU target violated: 201.0ms (200.0ms/201.0ms)
[2025-10-15T14:39:03.117-0700][1251][info ][gc,phases   ] GC(92)   Pre Evacuate Collection Set: 0.8ms
[2025-10-15T14:39:03.117-0700][1251][info ][gc,phases   ] GC(92)   Merge Heap Roots: 15.6ms
[2025-10-15T14:39:03.117-0700][1251][info ][gc,phases   ] GC(92)   Evacuate Collection Set: 195.1ms
[2025-10-15T14:39:03.117-0700][1251][info ][gc,phases   ] GC(92)   Post Evacuate Collection Set: 23.7ms
[2025-10-15T14:39:03.117-0700][1251][info ][gc,phases   ] GC(92)   Other: 0.2ms
[2025-10-15T14:39:03.117-0700][1251][debug][gc,remset   ] GC(92) Coarsening (recent): Inline->AoC 624185 (123) AoC->Howl 1125 (183) Howl->Full 0 (0) Inline->AoC 5184 (48) AoC->BitMap 885 (156) BitMap->Full 0 (0)
[2025-10-15T14:39:03.117-0700][1251][debug][gc,remset   ] GC(92) Coarsening (all): Inline->AoC 16272533 (8934) AoC->Howl 67915 (20539) Howl->Full 0 (0) Inline->AoC 265474 (5950) AoC->BitMap 44271 (11205) BitMap->Full 5 (0)
[2025-10-15T14:39:03.117-0700][1251][info ][gc,heap     ] GC(92) Eden regions: 3246->0(3247)
[2025-10-15T14:39:03.117-0700][1251][info ][gc,heap     ] GC(92) Survivor regions: 210->209(432)
[2025-10-15T14:39:03.117-0700][1251][info ][gc,heap     ] GC(92) Old regions: 1142->1145
[2025-10-15T14:39:03.117-0700][1251][info ][gc,heap     ] GC(92) Humongous regions: 0->0
[2025-10-15T14:39:03.117-0700][1251][info ][gc,metaspace] GC(92) Metaspace: 295352K(300032K)->295352K(300032K) NonClass: 259972K(262528K)->259972K(262528K) Class: 35380K(37504K)->35380K(37504K)
[2025-10-15T14:39:03.117-0700][1251][info ][gc          ] GC(92) Pause Young (Normal) (G1 Evacuation Pause) 147132M->43317M(184320M) 235.685ms
[2025-10-15T14:39:03.118-0700][1251][info ][gc,cpu      ] GC(92) User=17.99s Sys=0.48s Real=0.24s
[2025-10-15T14:39:03.119-0700][1251][info ][safepoint   ] Safepoint "G1CollectForAllocation", Time since last: 692914659 ns, Reaching safepoint: 2993941 ns, Cleanup: 5107 ns, At safepoint: 238946953 ns, Total: 241946001 ns
[2025-10-15T14:39:04.646-0700][1251][info ][safepoint   ] Safepoint "Cleanup", Time since last: 1525564015 ns, Reaching safepoint: 734847 ns, Cleanup: 17046 ns, At safepoint: 684972 ns, Total: 1436865 ns
[2025-10-15T14:39:05.648-0700][1251][info ][safepoint   ] Safepoint "Cleanup", Time since last: 1000126055 ns, Reaching safepoint: 942400 ns, Cleanup: 22164 ns, At safepoint: 709469 ns, Total: 1674033 ns
[2025-10-15T14:39:06.650-0700][1251][info ][safepoint   ] Safepoint "Cleanup", Time since last: 1000094157 ns, Reaching safepoint: 761627 ns, Cleanup: 63867 ns, At safepoint: 430618 ns, Total: 1256112 ns
[2025-10-15T14:39:07.654-0700][1251][info ][safepoint   ] Safepoint "Cleanup", Time since last: 1000107417 ns, Reaching safepoint: 2866459 ns, Cleanup: 86661 ns, At safepoint: 1117554 ns, Total: 4070674 ns
[2025-10-15T14:39:08.655-0700][1251][info ][safepoint   ] Safepoint "Cleanup", Time since last: 1000105854 ns, Reaching safepoint: 838093 ns, Cleanup: 15003 ns, At safepoint: 432411 ns, Total: 1285507 ns
[2025-10-15T14:39:09.279-0700][1251][info ][gc,start    ] GC(93) Pause Young (Normal) (G1 Evacuation Pause)
[2025-10-15T14:39:09.279-0700][1251][info ][gc,task     ] GC(93) Using 113 workers of 113 for evacuation
[2025-10-15T14:39:09.295-0700][1251][debug][gc,remset   ] GC(93) Visited cards 28883200 Total dirty 74121216 (38.97%) Total old 528023552 (5.47%)
[2025-10-15T14:39:09.503-0700][1251][info ][gc,mmu      ] GC(93) MMU target violated: 201.0ms (200.0ms/201.0ms)
[2025-10-15T14:39:09.503-0700][1251][info ][gc,phases   ] GC(93)   Pre Evacuate Collection Set: 0.7ms
[2025-10-15T14:39:09.503-0700][1251][info ][gc,phases   ] GC(93)   Merge Heap Roots: 14.8ms
[2025-10-15T14:39:09.503-0700][1251][info ][gc,phases   ] GC(93)   Evacuate Collection Set: 182.4ms
[2025-10-15T14:39:09.503-0700][1251][info ][gc,phases   ] GC(93)   Post Evacuate Collection Set: 25.2ms
[2025-10-15T14:39:09.503-0700][1251][info ][gc,phases   ] GC(93)   Other: 0.3ms
[2025-10-15T14:39:09.503-0700][1251][debug][gc,remset   ] GC(93) Coarsening (recent): Inline->AoC 623349 (113) AoC->Howl 1079 (155) Howl->Full 0 (0) Inline->AoC 5132 (49) AoC->BitMap 760 (123) BitMap->Full 0 (0)
[2025-10-15T14:39:09.503-0700][1251][debug][gc,remset   ] GC(93) Coarsening (all): Inline->AoC 16895882 (9047) AoC->Howl 68994 (20694) Howl->Full 0 (0) Inline->AoC 270606 (5999) AoC->BitMap 45031 (11328) BitMap->Full 5 (0)
[2025-10-15T14:39:09.503-0700][1251][info ][gc,heap     ] GC(93) Eden regions: 3247->0(3244)
[2025-10-15T14:39:09.503-0700][1251][info ][gc,heap     ] GC(93) Survivor regions: 209->212(432)
[2025-10-15T14:39:09.503-0700][1251][info ][gc,heap     ] GC(93) Old regions: 1145->1148
[2025-10-15T14:39:09.503-0700][1251][info ][gc,heap     ] GC(93) Humongous regions: 0->0
[2025-10-15T14:39:09.503-0700][1251][info ][gc,metaspace] GC(93) Metaspace: 295374K(300032K)->295374K(300032K) NonClass: 259993K(262528K)->259993K(262528K) Class: 35380K(37504K)->35380K(37504K)
[2025-10-15T14:39:09.503-0700][1251][info ][gc          ] GC(93) Pause Young (Normal) (G1 Evacuation Pause) 147221M->43487M(184320M) 223.590ms
[2025-10-15T14:39:09.504-0700][1251][info ][gc,cpu      ] GC(93) User=18.52s Sys=0.56s Real=0.22s
[2025-10-15T14:39:09.505-0700][1251][info ][safepoint   ] Safepoint "G1CollectForAllocation", Time since last: 622249777 ns, Reaching safepoint: 819275 ns, Cleanup: 19459 ns, At safepoint: 226869786 ns, Total: 227708520 ns
[2025-10-15T14:39:13.507-0700][1251][info ][safepoint   ] Safepoint "Cleanup", Time since last: 4000222386 ns, Reaching safepoint: 816330 ns, Cleanup: 17036 ns, At safepoint: 670089 ns, Total: 1503455 ns
[2025-10-15T14:39:14.508-0700][1251][info ][safepoint   ] Safepoint "Cleanup", Time since last: 1000112836 ns, Reaching safepoint: 804031 ns, Cleanup: 13170 ns, At safepoint: 354694 ns, Total: 1171895 ns
[2025-10-15T14:39:15.510-0700][1251][info ][safepoint   ] Safepoint "Cleanup", Time since last: 1000110472 ns, Reaching safepoint: 1054248 ns, Cleanup: 38739 ns, At safepoint: 576689 ns, Total: 1669676 ns
[2025-10-15T14:39:15.767-0700][1251][info ][gc,start    ] GC(94) Pause Young (Normal) (G1 Evacuation Pause)
[2025-10-15T14:39:15.767-0700][1251][info ][gc,task     ] GC(94) Using 113 workers of 113 for evacuation
[2025-10-15T14:39:15.782-0700][1251][debug][gc,remset   ] GC(94) Visited cards 28896512 Total dirty 74383360 (38.85%) Total old 528220160 (5.47%)
[2025-10-15T14:39:15.987-0700][1251][info ][gc,mmu      ] GC(94) MMU target violated: 201.0ms (200.0ms/201.0ms)
[2025-10-15T14:39:15.987-0700][1251][info ][gc,phases   ] GC(94)   Pre Evacuate Collection Set: 0.7ms
[2025-10-15T14:39:15.987-0700][1251][info ][gc,phases   ] GC(94)   Merge Heap Roots: 14.3ms
[2025-10-15T14:39:15.987-0700][1251][info ][gc,phases   ] GC(94)   Evacuate Collection Set: 179.1ms
[2025-10-15T14:39:15.987-0700][1251][info ][gc,phases   ] GC(94)   Post Evacuate Collection Set: 25.7ms
[2025-10-15T14:39:15.987-0700][1251][info ][gc,phases   ] GC(94)   Other: 0.2ms
[2025-10-15T14:39:15.987-0700][1251][debug][gc,remset   ] GC(94) Coarsening (recent): Inline->AoC 711057 (85) AoC->Howl 1249 (173) Howl->Full 0 (0) Inline->AoC 5764 (43) AoC->BitMap 1023 (204) BitMap->Full 0 (0)
[2025-10-15T14:39:15.987-0700][1251][debug][gc,remset   ] GC(94) Coarsening (all): Inline->AoC 17606939 (9132) AoC->Howl 70243 (20867) Howl->Full 0 (0) Inline->AoC 276370 (6042) AoC->BitMap 46054 (11532) BitMap->Full 5 (0)
[2025-10-15T14:39:15.987-0700][1251][info ][gc,heap     ] GC(94) Eden regions: 3244->0(3248)
[2025-10-15T14:39:15.987-0700][1251][info ][gc,heap     ] GC(94) Survivor regions: 212->208(432)
[2025-10-15T14:39:15.987-0700][1251][info ][gc,heap     ] GC(94) Old regions: 1148->1153
[2025-10-15T14:39:15.987-0700][1251][info ][gc,heap     ] GC(94) Humongous regions: 0->0
[2025-10-15T14:39:15.987-0700][1251][info ][gc,metaspace] GC(94) Metaspace: 295434K(300096K)->295434K(300096K) NonClass: 260051K(262592K)->260051K(262592K) Class: 35383K(37504K)->35383K(37504K)
[2025-10-15T14:39:15.987-0700][1251][info ][gc          ] GC(94) Pause Young (Normal) (G1 Evacuation Pause) 147295M->43536M(184320M) 220.158ms
[2025-10-15T14:39:15.988-0700][1251][info ][gc,cpu      ] GC(94) User=18.26s Sys=0.44s Real=0.23s
[2025-10-15T14:39:15.990-0700][1251][info ][safepoint   ] Safepoint "G1CollectForAllocation", Time since last: 255583218 ns, Reaching safepoint: 723290 ns, Cleanup: 11247 ns, At safepoint: 223460379 ns, Total: 224194916 ns
[2025-10-15T14:39:16.991-0700][1251][info ][safepoint   ] Safepoint "Cleanup", Time since last: 1000093476 ns, Reaching safepoint: 757331 ns, Cleanup: 133221 ns, At safepoint: 131158 ns, Total: 1021710 ns
[2025-10-15T14:39:17.992-0700][1251][info ][safepoint   ] Safepoint "Cleanup", Time since last: 1000107437 ns, Reaching safepoint: 645092 ns, Cleanup: 127342 ns, At safepoint: 108102 ns, Total: 880536 ns
[2025-10-15T14:39:19.002-0700][1251][info ][safepoint   ] Safepoint "Cleanup", Time since last: 1000102380 ns, Reaching safepoint: 10179688 ns, Cleanup: 145329 ns, At safepoint: 301484 ns, Total: 10626501 ns
[2025-10-15T14:39:20.003-0700][1251][info ][safepoint   ] Safepoint "Cleanup", Time since last: 1000102890 ns, Reaching safepoint: 641557 ns, Cleanup: 25468 ns, At safepoint: 98989 ns, Total: 766014 ns
[2025-10-15T14:39:21.005-0700][1251][info ][safepoint   ] Safepoint "Cleanup", Time since last: 1000104293 ns, Reaching safepoint: 731682 ns, Cleanup: 149906 ns, At safepoint: 233842 ns, Total: 1115430 ns
[2025-10-15T14:39:21.462-0700][1251][info ][gc,start    ] GC(95) Pause Young (Normal) (G1 Evacuation Pause)
[2025-10-15T14:39:21.463-0700][1251][info ][gc,task     ] GC(95) Using 113 workers of 113 for evacuation
[2025-10-15T14:39:21.479-0700][1251][debug][gc,remset   ] GC(95) Visited cards 29305344 Total dirty 74776576 (39.19%) Total old 528613376 (5.54%)
[2025-10-15T14:39:21.696-0700][1251][info ][gc,mmu      ] GC(95) MMU target violated: 201.0ms (200.0ms/201.0ms)
[2025-10-15T14:39:21.696-0700][1251][info ][gc,phases   ] GC(95)   Pre Evacuate Collection Set: 0.8ms
[2025-10-15T14:39:21.696-0700][1251][info ][gc,phases   ] GC(95)   Merge Heap Roots: 15.5ms
[2025-10-15T14:39:21.696-0700][1251][info ][gc,phases   ] GC(95)   Evacuate Collection Set: 190.1ms
[2025-10-15T14:39:21.696-0700][1251][info ][gc,phases   ] GC(95)   Post Evacuate Collection Set: 27.0ms
[2025-10-15T14:39:21.696-0700][1251][info ][gc,phases   ] GC(95)   Other: 0.2ms
[2025-10-15T14:39:21.696-0700][1251][debug][gc,remset   ] GC(95) Coarsening (recent): Inline->AoC 481635 (88) AoC->Howl 1195 (146) Howl->Full 0 (0) Inline->AoC 5653 (34) AoC->BitMap 1003 (170) BitMap->Full 0 (0)
[2025-10-15T14:39:21.696-0700][1251][debug][gc,remset   ] GC(95) Coarsening (all): Inline->AoC 18088574 (9220) AoC->Howl 71438 (21013) Howl->Full 0 (0) Inline->AoC 282023 (6076) AoC->BitMap 47057 (11702) BitMap->Full 5 (0)
[2025-10-15T14:39:21.696-0700][1251][info ][gc,heap     ] GC(95) Eden regions: 3248->0(3250)
[2025-10-15T14:39:21.696-0700][1251][info ][gc,heap     ] GC(95) Survivor regions: 208->206(432)
[2025-10-15T14:39:21.696-0700][1251][info ][gc,heap     ] GC(95) Old regions: 1153->1157
[2025-10-15T14:39:21.696-0700][1251][info ][gc,heap     ] GC(95) Humongous regions: 1->0
[2025-10-15T14:39:21.696-0700][1251][info ][gc,metaspace] GC(95) Metaspace: 295601K(300224K)->295601K(300224K) NonClass: 260215K(262720K)->260215K(262720K) Class: 35386K(37504K)->35386K(37504K)
[2025-10-15T14:39:21.696-0700][1251][info ][gc          ] GC(95) Pause Young (Normal) (G1 Evacuation Pause) 147504M->43612M(184320M) 233.780ms
[2025-10-15T14:39:21.697-0700][1251][info ][gc,cpu      ] GC(95) User=18.25s Sys=0.30s Real=0.23s
[2025-10-15T14:39:21.698-0700][1251][info ][safepoint   ] Safepoint "G1CollectForAllocation", Time since last: 455782691 ns, Reaching safepoint: 997993 ns, Cleanup: 13300 ns, At safepoint: 237117106 ns, Total: 238128399 ns
[2025-10-15T14:39:22.700-0700][1251][info ][safepoint   ] Safepoint "Cleanup", Time since last: 1000080977 ns, Reaching safepoint: 674236 ns, Cleanup: 20741 ns, At safepoint: 381475 ns, Total: 1076452 ns
[2025-10-15T14:39:23.701-0700][1251][info ][safepoint   ] Safepoint "Cleanup", Time since last: 1000101148 ns, Reaching safepoint: 690730 ns, Cleanup: 17968 ns, At safepoint: 369987 ns, Total: 1078685 ns
[2025-10-15T14:39:24.702-0700][1251][info ][safepoint   ] Safepoint "Cleanup", Time since last: 1000128138 ns, Reaching safepoint: 789139 ns, Cleanup: 14202 ns, At safepoint: 567875 ns, Total: 1371216 ns
[2025-10-15T14:39:25.703-0700][1251][info ][safepoint   ] Safepoint "Cleanup", Time since last: 1000110612 ns, Reaching safepoint: 622027 ns, Cleanup: 11728 ns, At safepoint: 470169 ns, Total: 1103924 ns
[2025-10-15T14:39:27.399-0700][1251][info ][gc,start    ] GC(96) Pause Young (Normal) (G1 Evacuation Pause)
[2025-10-15T14:39:27.400-0700][1251][info ][gc,task     ] GC(96) Using 113 workers of 113 for evacuation
[2025-10-15T14:39:27.416-0700][1251][debug][gc,remset   ] GC(96) Visited cards 29166592 Total dirty 75038720 (38.87%) Total old 528809984 (5.52%)
[2025-10-15T14:39:27.634-0700][1251][info ][gc,mmu      ] GC(96) MMU target violated: 201.0ms (200.0ms/201.0ms)
[2025-10-15T14:39:27.634-0700][1251][info ][gc,phases   ] GC(96)   Pre Evacuate Collection Set: 0.8ms
[2025-10-15T14:39:27.634-0700][1251][info ][gc,phases   ] GC(96)   Merge Heap Roots: 16.0ms
[2025-10-15T14:39:27.634-0700][1251][info ][gc,phases   ] GC(96)   Evacuate Collection Set: 189.5ms
[2025-10-15T14:39:27.634-0700][1251][info ][gc,phases   ] GC(96)   Post Evacuate Collection Set: 27.9ms
[2025-10-15T14:39:27.634-0700][1251][info ][gc,phases   ] GC(96)   Other: 0.2ms
[2025-10-15T14:39:27.634-0700][1251][debug][gc,remset   ] GC(96) Coarsening (recent): Inline->AoC 578072 (97) AoC->Howl 1226 (157) Howl->Full 0 (0) Inline->AoC 5727 (43) AoC->BitMap 925 (169) BitMap->Full 0 (0)
[2025-10-15T14:39:27.634-0700][1251][debug][gc,remset   ] GC(96) Coarsening (all): Inline->AoC 18666646 (9317) AoC->Howl 72664 (21170) Howl->Full 0 (0) Inline->AoC 287750 (6119) AoC->BitMap 47982 (11871) BitMap->Full 5 (0)
[2025-10-15T14:39:27.634-0700][1251][info ][gc,heap     ] GC(96) Eden regions: 3250->0(3248)
[2025-10-15T14:39:27.634-0700][1251][info ][gc,heap     ] GC(96) Survivor regions: 206->208(432)
[2025-10-15T14:39:27.634-0700][1251][info ][gc,heap     ] GC(96) Old regions: 1157->1161
[2025-10-15T14:39:27.634-0700][1251][info ][gc,heap     ] GC(96) Humongous regions: 0->0
[2025-10-15T14:39:27.634-0700][1251][info ][gc,metaspace] GC(96) Metaspace: 295686K(300288K)->295686K(300288K) NonClass: 260298K(262784K)->260298K(262784K) Class: 35388K(37504K)->35388K(37504K)
[2025-10-15T14:39:27.634-0700][1251][info ][gc          ] GC(96) Pause Young (Normal) (G1 Evacuation Pause) 147612M->43789M(184320M) 234.618ms
[2025-10-15T14:39:27.635-0700][1251][info ][gc,cpu      ] GC(96) User=18.63s Sys=0.28s Real=0.23s
[2025-10-15T14:39:27.636-0700][1251][info ][safepoint   ] Safepoint "G1CollectForAllocation", Time since last: 1693698794 ns, Reaching safepoint: 1127239 ns, Cleanup: 11948 ns, At safepoint: 237752733 ns, Total: 238891920 ns
[2025-10-15T14:39:29.637-0700][1251][info ][safepoint   ] Safepoint "Cleanup", Time since last: 2000145480 ns, Reaching safepoint: 861238 ns, Cleanup: 22123 ns, At safepoint: 174803 ns, Total: 1058164 ns
[2025-10-15T14:39:30.576-0700][1251][info ][gc,start    ] GC(97) Pause Young (Concurrent Start) (CodeCache GC Threshold)
[2025-10-15T14:39:30.576-0700][1251][info ][gc,task     ] GC(97) Using 113 workers of 113 for evacuation
[2025-10-15T14:39:30.591-0700][1251][debug][gc,remset   ] GC(97) Visited cards 29057280 Total dirty 75235328 (38.62%) Total old 312279040 (9.30%)
[2025-10-15T14:39:30.763-0700][1251][info ][gc,phases   ] GC(97)   Pre Evacuate Collection Set: 0.9ms
[2025-10-15T14:39:30.763-0700][1251][info ][gc,phases   ] GC(97)   Merge Heap Roots: 13.3ms
[2025-10-15T14:39:30.763-0700][1251][info ][gc,phases   ] GC(97)   Evacuate Collection Set: 149.4ms
[2025-10-15T14:39:30.763-0700][1251][info ][gc,phases   ] GC(97)   Post Evacuate Collection Set: 22.8ms
[2025-10-15T14:39:30.763-0700][1251][info ][gc,phases   ] GC(97)   Other: 0.2ms
[2025-10-15T14:39:30.763-0700][1251][debug][gc,remset   ] GC(97) Coarsening (recent): Inline->AoC 294472 (120) AoC->Howl 1271 (177) Howl->Full 0 (0) Inline->AoC 5763 (47) AoC->BitMap 1106 (203) BitMap->Full 0 (0)
[2025-10-15T14:39:30.763-0700][1251][debug][gc,remset   ] GC(97) Coarsening (all): Inline->AoC 18961118 (9437) AoC->Howl 73935 (21347) Howl->Full 0 (0) Inline->AoC 293513 (6166) AoC->BitMap 49088 (12074) BitMap->Full 5 (0)
[2025-10-15T14:39:30.763-0700][1251][info ][gc,heap     ] GC(97) Eden regions: 1594->0(3248)
[2025-10-15T14:39:30.763-0700][1251][info ][gc,heap     ] GC(97) Survivor regions: 208->208(432)
[2025-10-15T14:39:30.763-0700][1251][info ][gc,heap     ] GC(97) Old regions: 1161->1164
[2025-10-15T14:39:30.763-0700][1251][info ][gc,heap     ] GC(97) Humongous regions: 0->0
[2025-10-15T14:39:30.763-0700][1251][info ][gc,metaspace] GC(97) Metaspace: 295811K(300416K)->295811K(300416K) NonClass: 260423K(262912K)->260423K(262912K) Class: 35388K(37504K)->35388K(37504K)
[2025-10-15T14:39:30.763-0700][1251][info ][gc          ] GC(97) Pause Young (Concurrent Start) (CodeCache GC Threshold) 94787M->43859M(184320M) 186.872ms
[2025-10-15T14:39:30.764-0700][1134][info ][gc          ] GC(98) Concurrent Mark Cycle
[2025-10-15T14:39:30.764-0700][1134][info ][gc,marking  ] GC(98) Concurrent Scan Root Regions
[2025-10-15T14:39:30.765-0700][1251][info ][gc,cpu      ] GC(97) User=17.55s Sys=0.41s Real=0.19s
[2025-10-15T14:39:30.766-0700][1251][info ][safepoint   ] Safepoint "G1TryInitiateConcMark", Time since last: 937151261 ns, Reaching safepoint: 772414 ns, Cleanup: 16785 ns, At safepoint: 190656673 ns, Total: 191445872 ns
[2025-10-15T14:39:30.879-0700][1134][info ][gc,marking  ] GC(98) Concurrent Scan Root Regions 115.806ms
[2025-10-15T14:39:30.879-0700][1134][info ][gc,marking  ] GC(98) Concurrent Mark
[2025-10-15T14:39:30.879-0700][1134][info ][gc,marking  ] GC(98) Concurrent Mark From Roots
[2025-10-15T14:39:30.880-0700][1134][info ][gc,task     ] GC(98) Using 36 workers of 36 for marking
[2025-10-15T14:39:31.401-0700][1134][info ][gc,marking  ] GC(98) Concurrent Mark From Roots 521.976ms
[2025-10-15T14:39:31.402-0700][1134][info ][gc,marking  ] GC(98) Concurrent Preclean
[2025-10-15T14:39:31.416-0700][1134][info ][gc,marking  ] GC(98) Concurrent Preclean 14.793ms
[2025-10-15T14:39:31.418-0700][1251][info ][gc,start    ] GC(98) Pause Remark
[2025-10-15T14:39:32.085-0700][1251][info ][gc,mmu      ] GC(98) MMU target violated: 201.0ms (200.0ms/201.0ms)
[2025-10-15T14:39:32.085-0700][1251][info ][gc          ] GC(98) Pause Remark 60611M->60611M(184320M) 666.888ms
[2025-10-15T14:39:32.086-0700][1251][info ][gc,cpu      ] GC(98) User=14.21s Sys=0.05s Real=0.66s
[2025-10-15T14:39:32.088-0700][1251][info ][safepoint   ] Safepoint "G1PauseRemark", Time since last: 650553994 ns, Reaching safepoint: 932645 ns, Cleanup: 13410 ns, At safepoint: 670685435 ns, Total: 671631490 ns
[2025-10-15T14:39:32.090-0700][1134][info ][gc,marking  ] GC(98) Concurrent Mark 1210.771ms
[2025-10-15T14:39:32.090-0700][1134][info ][gc,marking  ] GC(98) Concurrent Rebuild Remembered Sets and Scrub Regions
[2025-10-15T14:39:32.821-0700][1134][info ][gc,marking  ] GC(98) Concurrent Rebuild Remembered Sets and Scrub Regions 730.519ms
[2025-10-15T14:39:32.823-0700][1251][info ][gc,start    ] GC(98) Pause Cleanup
[2025-10-15T14:39:32.825-0700][1251][info ][gc          ] GC(98) Pause Cleanup 77792M->77792M(184320M) 2.250ms
[2025-10-15T14:39:32.826-0700][1251][info ][gc,cpu      ] GC(98) User=0.02s Sys=0.01s Real=0.00s
[2025-10-15T14:39:32.826-0700][1251][info ][safepoint   ] Safepoint "G1PauseCleanup", Time since last: 732817410 ns, Reaching safepoint: 712544 ns, Cleanup: 283457 ns, At safepoint: 4423054 ns, Total: 5419055 ns
[2025-10-15T14:39:32.826-0700][1134][info ][gc,marking  ] GC(98) Concurrent Clear Claimed Marks
[2025-10-15T14:39:32.827-0700][1134][info ][gc,marking  ] GC(98) Concurrent Clear Claimed Marks 0.577ms
[2025-10-15T14:39:32.827-0700][1134][info ][gc,marking  ] GC(98) Concurrent Cleanup for Next Mark
[2025-10-15T14:39:32.853-0700][1134][info ][gc,marking  ] GC(98) Concurrent Cleanup for Next Mark 25.604ms
[2025-10-15T14:39:32.853-0700][1134][info ][gc          ] GC(98) Concurrent Mark Cycle 2088.987ms
[2025-10-15T14:39:36.361-0700][1251][info ][gc,start    ] GC(99) Pause Young (Prepare Mixed) (G1 Evacuation Pause)
[2025-10-15T14:39:36.362-0700][1251][info ][gc,task     ] GC(99) Using 113 workers of 113 for evacuation
[2025-10-15T14:39:36.378-0700][1251][debug][gc,remset   ] GC(99) Visited cards 29384448 Total dirty 75300864 (39.02%) Total old 480772096 (6.11%)
[2025-10-15T14:39:36.586-0700][1251][info ][gc,mmu      ] GC(99) MMU target violated: 201.0ms (200.0ms/201.0ms)
[2025-10-15T14:39:36.586-0700][1251][info ][gc,phases   ] GC(99)   Pre Evacuate Collection Set: 0.8ms
[2025-10-15T14:39:36.586-0700][1251][info ][gc,phases   ] GC(99)   Merge Heap Roots: 15.4ms
[2025-10-15T14:39:36.586-0700][1251][info ][gc,phases   ] GC(99)   Evacuate Collection Set: 181.4ms
[2025-10-15T14:39:36.586-0700][1251][info ][gc,phases   ] GC(99)   Post Evacuate Collection Set: 26.7ms
[2025-10-15T14:39:36.586-0700][1251][info ][gc,phases   ] GC(99)   Other: 0.3ms
[2025-10-15T14:39:36.586-0700][1251][debug][gc,remset   ] GC(99) Coarsening (recent): Inline->AoC 727450 (69) AoC->Howl 10768 (41) Howl->Full 0 (0) Inline->AoC 60699 (6) AoC->BitMap 9597 (69) BitMap->Full 0 (0)
[2025-10-15T14:39:36.586-0700][1251][debug][gc,remset   ] GC(99) Coarsening (all): Inline->AoC 19688568 (9506) AoC->Howl 84703 (21388) Howl->Full 0 (0) Inline->AoC 354212 (6172) AoC->BitMap 58685 (12143) BitMap->Full 5 (0)
[2025-10-15T14:39:36.586-0700][1251][info ][gc,heap     ] GC(99) Eden regions: 2878->0(590)
[2025-10-15T14:39:36.586-0700][1251][info ][gc,heap     ] GC(99) Survivor regions: 208->205(386)
[2025-10-15T14:39:36.586-0700][1251][info ][gc,heap     ] GC(99) Old regions: 1164->1166
[2025-10-15T14:39:36.586-0700][1251][info ][gc,heap     ] GC(99) Humongous regions: 0->0
[2025-10-15T14:39:36.586-0700][1251][info ][gc,metaspace] GC(99) Metaspace: 295888K(300480K)->295888K(300480K) NonClass: 260504K(262976K)->260504K(262976K) Class: 35384K(37504K)->35384K(37504K)
[2025-10-15T14:39:36.586-0700][1251][info ][gc          ] GC(99) Pause Young (Prepare Mixed) (G1 Evacuation Pause) 135955M->43850M(184320M) 224.716ms
[2025-10-15T14:39:36.587-0700][1251][info ][gc,cpu      ] GC(99) User=19.02s Sys=0.47s Real=0.22s
[2025-10-15T14:39:36.588-0700][1251][info ][safepoint   ] Safepoint "G1CollectForAllocation", Time since last: 3532402770 ns, Reaching safepoint: 1574753 ns, Cleanup: 4977 ns, At safepoint: 228005707 ns, Total: 229585437 ns
[2025-10-15T14:39:37.862-0700][1251][info ][gc,start    ] GC(100) Pause Young (Mixed) (G1 Evacuation Pause)
[2025-10-15T14:39:37.862-0700][1251][info ][gc,task     ] GC(100) Using 113 workers of 113 for evacuation
[2025-10-15T14:39:37.877-0700][1251][debug][gc,remset   ] GC(100) Visited cards 29313280 Total dirty 71303168 (41.11%) Total old 201392128 (14.56%)
[2025-10-15T14:39:38.077-0700][1251][info ][gc,mmu      ] GC(100) MMU target violated: 201.0ms (200.0ms/201.0ms)
[2025-10-15T14:39:38.077-0700][1251][info ][gc,phases   ] GC(100)   Pre Evacuate Collection Set: 0.8ms
[2025-10-15T14:39:38.077-0700][1251][info ][gc,phases   ] GC(100)   Merge Heap Roots: 14.0ms
[2025-10-15T14:39:38.077-0700][1251][info ][gc,phases   ] GC(100)   Evacuate Collection Set: 182.5ms
[2025-10-15T14:39:38.077-0700][1251][info ][gc,phases   ] GC(100)   Post Evacuate Collection Set: 16.9ms
[2025-10-15T14:39:38.077-0700][1251][info ][gc,phases   ] GC(100)   Other: 0.2ms
[2025-10-15T14:39:38.077-0700][1251][debug][gc,remset   ] GC(100) Coarsening (recent): Inline->AoC 119522 (130) AoC->Howl 1186 (316) Howl->Full 0 (0) Inline->AoC 4930 (78) AoC->BitMap 1284 (418) BitMap->Full 0 (0)
[2025-10-15T14:39:38.077-0700][1251][debug][gc,remset   ] GC(100) Coarsening (all): Inline->AoC 19808090 (9636) AoC->Howl 85889 (21704) Howl->Full 0 (0) Inline->AoC 359142 (6250) AoC->BitMap 59969 (12561) BitMap->Full 5 (0)
[2025-10-15T14:39:38.077-0700][1251][info ][gc,heap     ] GC(100) Eden regions: 714->0(2461)
[2025-10-15T14:39:38.077-0700][1251][info ][gc,heap     ] GC(100) Survivor regions: 205->104(115)
[2025-10-15T14:39:38.077-0700][1251][info ][gc,heap     ] GC(100) Old regions: 1166->1205
[2025-10-15T14:39:38.077-0700][1251][info ][gc,heap     ] GC(100) Humongous regions: 0->0
[2025-10-15T14:39:38.077-0700][1251][info ][gc,metaspace] GC(100) Metaspace: 295888K(300480K)->295888K(300480K) NonClass: 260504K(262976K)->260504K(262976K) Class: 35384K(37504K)->35384K(37504K)
[2025-10-15T14:39:38.077-0700][1251][info ][gc          ] GC(100) Pause Young (Mixed) (G1 Evacuation Pause) 66698M->41857M(184320M) 214.526ms
[2025-10-15T14:39:38.078-0700][1251][info ][gc,cpu      ] GC(100) User=17.15s Sys=0.17s Real=0.21s
[2025-10-15T14:39:38.079-0700][1251][info ][safepoint   ] Safepoint "G1CollectForAllocation", Time since last: 1271278613 ns, Reaching safepoint: 1622054 ns, Cleanup: 5658 ns, At safepoint: 217653400 ns, Total: 219281112 ns
[2025-10-15T14:39:39.080-0700][1251][info ][safepoint   ] Safepoint "Cleanup", Time since last: 1000076340 ns, Reaching safepoint: 631892 ns, Cleanup: 10426 ns, At safepoint: 96635 ns, Total: 738953 ns
[2025-10-15T14:39:41.283-0700][1251][info ][gc,start    ] GC(101) Pause Young (Mixed) (G1 Evacuation Pause)
[2025-10-15T14:39:41.283-0700][1251][info ][gc,task     ] GC(101) Using 113 workers of 113 for evacuation
[2025-10-15T14:39:41.300-0700][1251][debug][gc,remset   ] GC(101) Visited cards 29559808 Total dirty 69992448 (42.23%) Total old 319422464 (9.25%)
[2025-10-15T14:39:41.441-0700][1251][debug][gc,remset   ] GC(101) Visited cards 3950592 Total dirty 58851328 (6.71%) Total old 329515008 (1.20%)
[2025-10-15T14:39:41.465-0700][1251][info ][gc,phases   ] GC(101)   Pre Evacuate Collection Set: 0.9ms
[2025-10-15T14:39:41.465-0700][1251][info ][gc,phases   ] GC(101)   Merge Heap Roots: 15.9ms
[2025-10-15T14:39:41.465-0700][1251][info ][gc,phases   ] GC(101)   Evacuate Collection Set: 139.2ms
[2025-10-15T14:39:41.465-0700][1251][info ][gc,phases   ] GC(101)   Merge Optional Heap Roots: 1.0ms
[2025-10-15T14:39:41.465-0700][1251][info ][gc,phases   ] GC(101)   Evacuate Optional Collection Set: 5.1ms
[2025-10-15T14:39:41.465-0700][1251][info ][gc,phases   ] GC(101)   Post Evacuate Collection Set: 19.6ms
[2025-10-15T14:39:41.465-0700][1251][info ][gc,phases   ] GC(101)   Other: 0.2ms
[2025-10-15T14:39:41.465-0700][1251][debug][gc,remset   ] GC(101) Coarsening (recent): Inline->AoC 292380 (101) AoC->Howl 528 (59) Howl->Full 0 (0) Inline->AoC 2117 (26) AoC->BitMap 356 (65) BitMap->Full 0 (0)
[2025-10-15T14:39:41.465-0700][1251][debug][gc,remset   ] GC(101) Coarsening (all): Inline->AoC 20100470 (9737) AoC->Howl 86417 (21763) Howl->Full 0 (0) Inline->AoC 361259 (6276) AoC->BitMap 60325 (12626) BitMap->Full 5 (0)
[2025-10-15T14:39:41.465-0700][1251][info ][gc,heap     ] GC(101) Eden regions: 1671->0(1883)
[2025-10-15T14:39:41.465-0700][1251][info ][gc,heap     ] GC(101) Survivor regions: 104->114(222)
[2025-10-15T14:39:41.465-0700][1251][info ][gc,heap     ] GC(101) Old regions: 1205->1076
[2025-10-15T14:39:41.465-0700][1251][info ][gc,heap     ] GC(101) Humongous regions: 0->0
[2025-10-15T14:39:41.465-0700][1251][info ][gc,metaspace] GC(101) Metaspace: 295888K(300480K)->295888K(300480K) NonClass: 260504K(262976K)->260504K(262976K) Class: 35384K(37504K)->35384K(37504K)
[2025-10-15T14:39:41.465-0700][1251][info ][gc          ] GC(101) Pause Young (Mixed) (G1 Evacuation Pause) 95329M->38078M(184320M) 182.069ms
[2025-10-15T14:39:41.466-0700][1251][info ][gc,cpu      ] GC(101) User=13.51s Sys=0.37s Real=0.18s
[2025-10-15T14:39:41.468-0700][1251][info ][safepoint   ] Safepoint "G1CollectForAllocation", Time since last: 2201328871 ns, Reaching safepoint: 1032055 ns, Cleanup: 5228 ns, At safepoint: 185589143 ns, Total: 186626426 ns
[2025-10-15T14:39:42.469-0700][1251][info ][safepoint   ] Safepoint "Cleanup", Time since last: 1000088971 ns, Reaching safepoint: 661807 ns, Cleanup: 10876 ns, At safepoint: 131468 ns, Total: 804151 ns
[2025-10-15T14:39:44.364-0700][1251][info ][gc,start    ] GC(102) Pause Young (Mixed) (G1 Evacuation Pause)
[2025-10-15T14:39:44.364-0700][1251][info ][gc,task     ] GC(102) Using 113 workers of 113 for evacuation
[2025-10-15T14:39:44.379-0700][1251][debug][gc,remset   ] GC(102) Visited cards 28500224 Total dirty 64749568 (44.02%) Total old 308150272 (9.25%)
[2025-10-15T14:39:44.493-0700][1251][debug][gc,remset   ] GC(102) Visited cards 3175168 Total dirty 51904512 (6.12%) Total old 318898176 (1.00%)
[2025-10-15T14:39:44.517-0700][1251][info ][gc,phases   ] GC(102)   Pre Evacuate Collection Set: 0.7ms
[2025-10-15T14:39:44.517-0700][1251][info ][gc,phases   ] GC(102)   Merge Heap Roots: 14.5ms
[2025-10-15T14:39:44.517-0700][1251][info ][gc,phases   ] GC(102)   Evacuate Collection Set: 113.4ms
[2025-10-15T14:39:44.517-0700][1251][info ][gc,phases   ] GC(102)   Merge Optional Heap Roots: 0.9ms
[2025-10-15T14:39:44.517-0700][1251][info ][gc,phases   ] GC(102)   Evacuate Optional Collection Set: 3.3ms
[2025-10-15T14:39:44.517-0700][1251][info ][gc,phases   ] GC(102)   Post Evacuate Collection Set: 20.6ms
[2025-10-15T14:39:44.517-0700][1251][info ][gc,phases   ] GC(102)   Other: 0.2ms
[2025-10-15T14:39:44.517-0700][1251][debug][gc,remset   ] GC(102) Coarsening (recent): Inline->AoC 286558 (96) AoC->Howl 699 (89) Howl->Full 0 (0) Inline->AoC 3607 (24) AoC->BitMap 282 (53) BitMap->Full 0 (0)
[2025-10-15T14:39:44.517-0700][1251][debug][gc,remset   ] GC(102) Coarsening (all): Inline->AoC 20387028 (9833) AoC->Howl 87116 (21852) Howl->Full 0 (0) Inline->AoC 364866 (6300) AoC->BitMap 60607 (12679) BitMap->Full 5 (0)
[2025-10-15T14:39:44.517-0700][1251][info ][gc,heap     ] GC(102) Eden regions: 1663->0(1436)
[2025-10-15T14:39:44.517-0700][1251][info ][gc,heap     ] GC(102) Survivor regions: 114->140(223)
[2025-10-15T14:39:44.517-0700][1251][info ][gc,heap     ] GC(102) Old regions: 1076->999
[2025-10-15T14:39:44.517-0700][1251][info ][gc,heap     ] GC(102) Humongous regions: 0->0
[2025-10-15T14:39:44.517-0700][1251][info ][gc,metaspace] GC(102) Metaspace: 295889K(300480K)->295889K(300480K) NonClass: 260505K(262976K)->260505K(262976K) Class: 35384K(37504K)->35384K(37504K)
[2025-10-15T14:39:44.517-0700][1251][info ][gc          ] GC(102) Pause Young (Mixed) (G1 Evacuation Pause) 91294M->36425M(184320M) 153.705ms
[2025-10-15T14:39:44.518-0700][1251][info ][gc,cpu      ] GC(102) User=14.87s Sys=0.35s Real=0.16s
[2025-10-15T14:39:44.520-0700][1251][info ][safepoint   ] Safepoint "G1CollectForAllocation", Time since last: 1893390395 ns, Reaching safepoint: 641437 ns, Cleanup: 10546 ns, At safepoint: 157088539 ns, Total: 157740522 ns
[2025-10-15T14:39:45.520-0700][1251][info ][safepoint   ] Safepoint "Cleanup", Time since last: 1000081569 ns, Reaching safepoint: 582558 ns, Cleanup: 9404 ns, At safepoint: 81072 ns, Total: 673034 ns
[2025-10-15T14:39:47.366-0700][1251][info ][gc,start    ] GC(103) Pause Young (Mixed) (G1 Evacuation Pause)
[2025-10-15T14:39:47.366-0700][1251][info ][gc,task     ] GC(103) Using 113 workers of 113 for evacuation
[2025-10-15T14:39:47.381-0700][1251][debug][gc,remset   ] GC(103) Visited cards 27113728 Total dirty 60162048 (45.07%) Total old 294912000 (9.19%)
[2025-10-15T14:39:47.515-0700][1251][info ][gc,phases   ] GC(103)   Pre Evacuate Collection Set: 0.7ms
[2025-10-15T14:39:47.515-0700][1251][info ][gc,phases   ] GC(103)   Merge Heap Roots: 14.3ms
[2025-10-15T14:39:47.515-0700][1251][info ][gc,phases   ] GC(103)   Evacuate Collection Set: 114.7ms
[2025-10-15T14:39:47.515-0700][1251][info ][gc,phases   ] GC(103)   Post Evacuate Collection Set: 19.4ms
[2025-10-15T14:39:47.515-0700][1251][info ][gc,phases   ] GC(103)   Other: 0.1ms
[2025-10-15T14:39:47.515-0700][1251][debug][gc,remset   ] GC(103) Coarsening (recent): Inline->AoC 238046 (108) AoC->Howl 1076 (168) Howl->Full 0 (0) Inline->AoC 4964 (36) AoC->BitMap 614 (112) BitMap->Full 0 (0)
[2025-10-15T14:39:47.515-0700][1251][debug][gc,remset   ] GC(103) Coarsening (all): Inline->AoC 20625074 (9941) AoC->Howl 88192 (22020) Howl->Full 0 (0) Inline->AoC 369830 (6336) AoC->BitMap 61221 (12791) BitMap->Full 5 (0)
[2025-10-15T14:39:47.515-0700][1251][info ][gc,heap     ] GC(103) Eden regions: 1576->0(2132)
[2025-10-15T14:39:47.515-0700][1251][info ][gc,heap     ] GC(103) Survivor regions: 140->130(215)
[2025-10-15T14:39:47.515-0700][1251][info ][gc,heap     ] GC(103) Old regions: 999->960
[2025-10-15T14:39:47.515-0700][1251][info ][gc,heap     ] GC(103) Humongous regions: 0->0
[2025-10-15T14:39:47.515-0700][1251][info ][gc,metaspace] GC(103) Metaspace: 295892K(300480K)->295892K(300480K) NonClass: 260508K(262976K)->260508K(262976K) Class: 35384K(37504K)->35384K(37504K)
[2025-10-15T14:39:47.516-0700][1251][info ][gc          ] GC(103) Pause Young (Mixed) (G1 Evacuation Pause) 86857M->34845M(184320M) 149.460ms
[2025-10-15T14:39:47.517-0700][1251][info ][gc,cpu      ] GC(103) User=15.18s Sys=0.20s Real=0.15s
[2025-10-15T14:39:47.518-0700][1251][info ][safepoint   ] Safepoint "G1CollectForAllocation", Time since last: 1842957234 ns, Reaching safepoint: 1619890 ns, Cleanup: 11778 ns, At safepoint: 152556220 ns, Total: 154187888 ns
[2025-10-15T14:39:48.519-0700][1251][info ][safepoint   ] Safepoint "Cleanup", Time since last: 1000083542 ns, Reaching safepoint: 727677 ns, Cleanup: 24927 ns, At safepoint: 128624 ns, Total: 881228 ns
[2025-10-15T14:39:49.520-0700][1251][info ][safepoint   ] Safepoint "Cleanup", Time since last: 1000112747 ns, Reaching safepoint: 715358 ns, Cleanup: 11387 ns, At safepoint: 174733 ns, Total: 901478 ns
[2025-10-15T14:39:51.024-0700][1251][info ][gc,start    ] GC(104) Pause Young (Mixed) (G1 Evacuation Pause)
[2025-10-15T14:39:51.024-0700][1251][info ][gc,task     ] GC(104) Using 113 workers of 113 for evacuation
[2025-10-15T14:39:51.040-0700][1251][debug][gc,remset   ] GC(104) Visited cards 26649088 Total dirty 57540608 (46.31%) Total old 334168064 (7.97%)
[2025-10-15T14:39:51.194-0700][1251][debug][gc,remset   ] GC(104) Visited cards 3987968 Total dirty 49020928 (8.14%) Total old 345636864 (1.15%)
[2025-10-15T14:39:51.234-0700][1251][info ][gc,mmu      ] GC(104) MMU target violated: 201.0ms (200.0ms/201.0ms)
[2025-10-15T14:39:51.234-0700][1251][info ][gc,phases   ] GC(104)   Pre Evacuate Collection Set: 0.7ms
[2025-10-15T14:39:51.234-0700][1251][info ][gc,phases   ] GC(104)   Merge Heap Roots: 15.2ms
[2025-10-15T14:39:51.234-0700][1251][info ][gc,phases   ] GC(104)   Evacuate Collection Set: 152.3ms
[2025-10-15T14:39:51.234-0700][1251][info ][gc,phases   ] GC(104)   Merge Optional Heap Roots: 1.0ms
[2025-10-15T14:39:51.234-0700][1251][info ][gc,phases   ] GC(104)   Evacuate Optional Collection Set: 19.9ms
[2025-10-15T14:39:51.234-0700][1251][info ][gc,phases   ] GC(104)   Post Evacuate Collection Set: 20.4ms
[2025-10-15T14:39:51.234-0700][1251][info ][gc,phases   ] GC(104)   Other: 0.2ms
[2025-10-15T14:39:51.234-0700][1251][debug][gc,remset   ] GC(104) Coarsening (recent): Inline->AoC 307403 (100) AoC->Howl 900 (116) Howl->Full 0 (0) Inline->AoC 4567 (37) AoC->BitMap 517 (83) BitMap->Full 0 (0)
[2025-10-15T14:39:51.234-0700][1251][debug][gc,remset   ] GC(104) Coarsening (all): Inline->AoC 20932477 (10041) AoC->Howl 89092 (22136) Howl->Full 0 (0) Inline->AoC 374397 (6373) AoC->BitMap 61738 (12874) BitMap->Full 5 (0)
[2025-10-15T14:39:51.234-0700][1251][info ][gc,heap     ] GC(104) Eden regions: 1904->0(1824)
[2025-10-15T14:39:51.234-0700][1251][info ][gc,heap     ] GC(104) Survivor regions: 130->146(255)
[2025-10-15T14:39:51.234-0700][1251][info ][gc,heap     ] GC(104) Old regions: 960->889
[2025-10-15T14:39:51.234-0700][1251][info ][gc,heap     ] GC(104) Humongous regions: 0->0
[2025-10-15T14:39:51.234-0700][1251][info ][gc,metaspace] GC(104) Metaspace: 295902K(300480K)->295902K(300480K) NonClass: 260517K(262976K)->260517K(262976K) Class: 35384K(37504K)->35384K(37504K)
[2025-10-15T14:39:51.234-0700][1251][info ][gc          ] GC(104) Pause Young (Mixed) (G1 Evacuation Pause) 95773M->33086M(184320M) 209.915ms
[2025-10-15T14:39:51.235-0700][1251][info ][gc,cpu      ] GC(104) User=15.98s Sys=1.44s Real=0.21s
[2025-10-15T14:39:51.236-0700][1251][info ][safepoint   ] Safepoint "G1CollectForAllocation", Time since last: 1502766518 ns, Reaching safepoint: 912876 ns, Cleanup: 12288 ns, At safepoint: 213248140 ns, Total: 214173304 ns
[2025-10-15T14:39:52.237-0700][1251][info ][safepoint   ] Safepoint "Cleanup", Time since last: 1000086106 ns, Reaching safepoint: 646034 ns, Cleanup: 14822 ns, At safepoint: 115093 ns, Total: 775949 ns
[2025-10-15T14:39:54.581-0700][1251][info ][gc,start    ] GC(105) Pause Young (Mixed) (G1 Evacuation Pause)
[2025-10-15T14:39:54.581-0700][1251][info ][gc,task     ] GC(105) Using 113 workers of 113 for evacuation
[2025-10-15T14:39:54.595-0700][1251][debug][gc,remset   ] GC(105) Visited cards 25200896 Total dirty 53084160 (47.47%) Total old 326762496 (7.71%)
[2025-10-15T14:39:54.745-0700][1251][debug][gc,remset   ] GC(105) Visited cards 2253824 Total dirty 42074112 (5.36%) Total old 338100224 (0.67%)
[2025-10-15T14:39:54.766-0700][1251][info ][gc,phases   ] GC(105)   Pre Evacuate Collection Set: 0.7ms
[2025-10-15T14:39:54.766-0700][1251][info ][gc,phases   ] GC(105)   Merge Heap Roots: 13.5ms
[2025-10-15T14:39:54.766-0700][1251][info ][gc,phases   ] GC(105)   Evacuate Collection Set: 148.9ms
[2025-10-15T14:39:54.766-0700][1251][info ][gc,phases   ] GC(105)   Merge Optional Heap Roots: 1.0ms
[2025-10-15T14:39:54.766-0700][1251][info ][gc,phases   ] GC(105)   Evacuate Optional Collection Set: 2.1ms
[2025-10-15T14:39:54.766-0700][1251][info ][gc,phases   ] GC(105)   Post Evacuate Collection Set: 18.7ms
[2025-10-15T14:39:54.766-0700][1251][info ][gc,phases   ] GC(105)   Other: 0.2ms
[2025-10-15T14:39:54.766-0700][1251][debug][gc,remset   ] GC(105) Coarsening (recent): Inline->AoC 333134 (99) AoC->Howl 1111 (172) Howl->Full 0 (0) Inline->AoC 5132 (42) AoC->BitMap 849 (152) BitMap->Full 0 (0)
[2025-10-15T14:39:54.766-0700][1251][debug][gc,remset   ] GC(105) Coarsening (all): Inline->AoC 21265611 (10140) AoC->Howl 90203 (22308) Howl->Full 0 (0) Inline->AoC 379529 (6415) AoC->BitMap 62587 (13026) BitMap->Full 5 (0)
[2025-10-15T14:39:54.766-0700][1251][info ][gc,heap     ] GC(105) Eden regions: 1868->0(3306)
[2025-10-15T14:39:54.766-0700][1251][info ][gc,heap     ] GC(105) Survivor regions: 146->150(252)
[2025-10-15T14:39:54.766-0700][1251][info ][gc,heap     ] GC(105) Old regions: 889->831
[2025-10-15T14:39:54.766-0700][1251][info ][gc,heap     ] GC(105) Humongous regions: 0->0
[2025-10-15T14:39:54.766-0700][1251][info ][gc,metaspace] GC(105) Metaspace: 295902K(300480K)->295902K(300480K) NonClass: 260518K(262976K)->260518K(262976K) Class: 35384K(37504K)->35384K(37504K)
[2025-10-15T14:39:54.766-0700][1251][info ][gc          ] GC(105) Pause Young (Mixed) (G1 Evacuation Pause) 92862M->31360M(184320M) 185.165ms
[2025-10-15T14:39:54.767-0700][1251][info ][gc,cpu      ] GC(105) User=15.96s Sys=0.31s Real=0.18s
[2025-10-15T14:39:54.768-0700][1251][info ][safepoint   ] Safepoint "G1CollectForAllocation", Time since last: 2341144996 ns, Reaching safepoint: 903852 ns, Cleanup: 4958 ns, At safepoint: 188532468 ns, Total: 189441278 ns
[2025-10-15T14:39:59.375-0700][1251][info ][gc,start    ] GC(106) Pause Young (Mixed) (G1 Evacuation Pause)
[2025-10-15T14:39:59.375-0700][1251][info ][gc,task     ] GC(106) Using 113 workers of 113 for evacuation
[2025-10-15T14:39:59.391-0700][1251][debug][gc,remset   ] GC(106) Visited cards 23994880 Total dirty 52232192 (45.94%) Total old 400818176 (5.99%)
[2025-10-15T14:39:59.556-0700][1251][info ][gc,phases   ] GC(106)   Pre Evacuate Collection Set: 0.8ms
[2025-10-15T14:39:59.556-0700][1251][info ][gc,phases   ] GC(106)   Merge Heap Roots: 14.9ms
[2025-10-15T14:39:59.556-0700][1251][info ][gc,phases   ] GC(106)   Evacuate Collection Set: 145.6ms
[2025-10-15T14:39:59.556-0700][1251][info ][gc,phases   ] GC(106)   Post Evacuate Collection Set: 19.3ms
[2025-10-15T14:39:59.556-0700][1251][info ][gc,phases   ] GC(106)   Other: 0.2ms
[2025-10-15T14:39:59.556-0700][1251][debug][gc,remset   ] GC(106) Coarsening (recent): Inline->AoC 445200 (104) AoC->Howl 1072 (144) Howl->Full 0 (0) Inline->AoC 4985 (41) AoC->BitMap 848 (139) BitMap->Full 0 (0)
[2025-10-15T14:39:59.556-0700][1251][debug][gc,remset   ] GC(106) Coarsening (all): Inline->AoC 21710811 (10244) AoC->Howl 91275 (22452) Howl->Full 0 (0) Inline->AoC 384514 (6456) AoC->BitMap 63435 (13165) BitMap->Full 5 (0)
[2025-10-15T14:39:59.556-0700][1251][info ][gc,heap     ] GC(106) Eden regions: 2483->0(3302)
[2025-10-15T14:39:59.556-0700][1251][info ][gc,heap     ] GC(106) Survivor regions: 150->154(330)
[2025-10-15T14:39:59.556-0700][1251][info ][gc,heap     ] GC(106) Old regions: 831->818
[2025-10-15T14:39:59.556-0700][1251][info ][gc,heap     ] GC(106) Humongous regions: 0->0
[2025-10-15T14:39:59.556-0700][1251][info ][gc,metaspace] GC(106) Metaspace: 295907K(300480K)->295907K(300480K) NonClass: 260523K(262976K)->260523K(262976K) Class: 35384K(37504K)->35384K(37504K)
[2025-10-15T14:39:59.556-0700][1251][info ][gc          ] GC(106) Pause Young (Mixed) (G1 Evacuation Pause) 110816M->31080M(184320M) 180.957ms
[2025-10-15T14:39:59.557-0700][1251][info ][gc,cpu      ] GC(106) User=15.42s Sys=0.43s Real=0.18s
[2025-10-15T14:39:59.558-0700][1251][info ][safepoint   ] Safepoint "G1CollectForAllocation", Time since last: 4603920546 ns, Reaching safepoint: 1794874 ns, Cleanup: 4837 ns, At safepoint: 184269716 ns, Total: 186069427 ns
[2025-10-15T14:40:03.559-0700][1251][info ][safepoint   ] Safepoint "Cleanup", Time since last: 4000264314 ns, Reaching safepoint: 764072 ns, Cleanup: 15243 ns, At safepoint: 381294 ns, Total: 1160609 ns
[2025-10-15T14:40:05.705-0700][1251][info ][gc,start    ] GC(107) Pause Young (Normal) (G1 Evacuation Pause)
[2025-10-15T14:40:05.705-0700][1251][info ][gc,task     ] GC(107) Using 113 workers of 113 for evacuation
[2025-10-15T14:40:05.722-0700][1251][debug][gc,remset   ] GC(107) Visited cards 23263232 Total dirty 52494336 (44.32%) Total old 506593280 (4.59%)
[2025-10-15T14:40:05.894-0700][1251][info ][gc,phases   ] GC(107)   Pre Evacuate Collection Set: 0.7ms
[2025-10-15T14:40:05.894-0700][1251][info ][gc,phases   ] GC(107)   Merge Heap Roots: 15.5ms
[2025-10-15T14:40:05.894-0700][1251][info ][gc,phases   ] GC(107)   Evacuate Collection Set: 149.9ms
[2025-10-15T14:40:05.894-0700][1251][info ][gc,phases   ] GC(107)   Post Evacuate Collection Set: 22.5ms
[2025-10-15T14:40:05.894-0700][1251][info ][gc,phases   ] GC(107)   Other: 0.2ms
[2025-10-15T14:40:05.894-0700][1251][debug][gc,remset   ] GC(107) Coarsening (recent): Inline->AoC 664213 (103) AoC->Howl 1130 (171) Howl->Full 0 (0) Inline->AoC 5313 (53) AoC->BitMap 1109 (210) BitMap->Full 0 (0)
[2025-10-15T14:40:05.894-0700][1251][debug][gc,remset   ] GC(107) Coarsening (all): Inline->AoC 22375024 (10347) AoC->Howl 92405 (22623) Howl->Full 0 (0) Inline->AoC 389827 (6509) AoC->BitMap 64544 (13375) BitMap->Full 5 (0)
[2025-10-15T14:40:05.894-0700][1251][info ][gc,heap     ] GC(107) Eden regions: 3302->0(3295)
[2025-10-15T14:40:05.894-0700][1251][info ][gc,heap     ] GC(107) Survivor regions: 154->161(432)
[2025-10-15T14:40:05.894-0700][1251][info ][gc,heap     ] GC(107) Old regions: 818->818
[2025-10-15T14:40:05.894-0700][1251][info ][gc,heap     ] GC(107) Humongous regions: 0->0
[2025-10-15T14:40:05.894-0700][1251][info ][gc,metaspace] GC(107) Metaspace: 295907K(300480K)->295907K(300480K) NonClass: 260523K(262976K)->260523K(262976K) Class: 35384K(37504K)->35384K(37504K)
[2025-10-15T14:40:05.894-0700][1251][info ][gc          ] GC(107) Pause Young (Normal) (G1 Evacuation Pause) 136744M->31313M(184320M) 188.983ms
[2025-10-15T14:40:05.895-0700][1251][info ][gc,cpu      ] GC(107) User=15.73s Sys=0.56s Real=0.19s
[2025-10-15T14:40:05.896-0700][1251][info ][safepoint   ] Safepoint "G1CollectForAllocation", Time since last: 2141744882 ns, Reaching safepoint: 3058719 ns, Cleanup: 5759 ns, At safepoint: 192231011 ns, Total: 195295489 ns
[2025-10-15T14:40:06.897-0700][1251][info ][safepoint   ] Safepoint "Cleanup", Time since last: 1000086066 ns, Reaching safepoint: 664672 ns, Cleanup: 15313 ns, At safepoint: 105289 ns, Total: 785274 ns
[2025-10-15T14:40:09.898-0700][1251][info ][safepoint   ] Safepoint "Cleanup", Time since last: 3000226911 ns, Reaching safepoint: 702188 ns, Cleanup: 13521 ns, At safepoint: 125138 ns, Total: 840847 ns
[2025-10-15T14:40:11.900-0700][1251][info ][safepoint   ] Safepoint "Cleanup", Time since last: 2000160145 ns, Reaching safepoint: 1031794 ns, Cleanup: 25399 ns, At safepoint: 195354 ns, Total: 1252547 ns
[2025-10-15T14:40:12.190-0700][1251][info ][gc,start    ] GC(108) Pause Young (Normal) (G1 Evacuation Pause)
[2025-10-15T14:40:12.190-0700][1251][info ][gc,task     ] GC(108) Using 113 workers of 113 for evacuation
[2025-10-15T14:40:12.206-0700][1251][debug][gc,remset   ] GC(108) Visited cards 23323392 Total dirty 52494336 (44.43%) Total old 506593280 (4.60%)
[2025-10-15T14:40:12.381-0700][1251][info ][gc,phases   ] GC(108)   Pre Evacuate Collection Set: 0.8ms
[2025-10-15T14:40:12.381-0700][1251][info ][gc,phases   ] GC(108)   Merge Heap Roots: 15.6ms
[2025-10-15T14:40:12.381-0700][1251][info ][gc,phases   ] GC(108)   Evacuate Collection Set: 151.9ms
[2025-10-15T14:40:12.381-0700][1251][info ][gc,phases   ] GC(108)   Post Evacuate Collection Set: 22.8ms
[2025-10-15T14:40:12.381-0700][1251][info ][gc,phases   ] GC(108)   Other: 0.2ms
[2025-10-15T14:40:12.381-0700][1251][debug][gc,remset   ] GC(108) Coarsening (recent): Inline->AoC 638020 (107) AoC->Howl 1095 (172) Howl->Full 0 (0) Inline->AoC 5104 (42) AoC->BitMap 1328 (276) BitMap->Full 0 (0)
[2025-10-15T14:40:12.381-0700][1251][debug][gc,remset   ] GC(108) Coarsening (all): Inline->AoC 23013044 (10454) AoC->Howl 93500 (22795) Howl->Full 0 (0) Inline->AoC 394931 (6551) AoC->BitMap 65872 (13651) BitMap->Full 5 (0)
[2025-10-15T14:40:12.381-0700][1251][info ][gc,heap     ] GC(108) Eden regions: 3295->0(3296)
[2025-10-15T14:40:12.381-0700][1251][info ][gc,heap     ] GC(108) Survivor regions: 161->160(432)
[2025-10-15T14:40:12.381-0700][1251][info ][gc,heap     ] GC(108) Old regions: 818->818
[2025-10-15T14:40:12.381-0700][1251][info ][gc,heap     ] GC(108) Humongous regions: 0->0
[2025-10-15T14:40:12.381-0700][1251][info ][gc,metaspace] GC(108) Metaspace: 295936K(300544K)->295936K(300544K) NonClass: 260552K(263040K)->260552K(263040K) Class: 35384K(37504K)->35384K(37504K)
[2025-10-15T14:40:12.381-0700][1251][info ][gc          ] GC(108) Pause Young (Normal) (G1 Evacuation Pause) 136753M->31265M(184320M) 191.369ms
[2025-10-15T14:40:12.382-0700][1251][info ][gc,cpu      ] GC(108) User=15.75s Sys=0.54s Real=0.19s
[2025-10-15T14:40:12.383-0700][1251][info ][safepoint   ] Safepoint "G1CollectForAllocation", Time since last: 287333510 ns, Reaching safepoint: 1531758 ns, Cleanup: 6240 ns, At safepoint: 194656325 ns, Total: 196194323 ns
[2025-10-15T14:40:17.385-0700][1251][info ][safepoint   ] Safepoint "Cleanup", Time since last: 5000344913 ns, Reaching safepoint: 743280 ns, Cleanup: 10726 ns, At safepoint: 208224 ns, Total: 962230 ns
[2025-10-15T14:40:18.500-0700][1251][info ][gc,start    ] GC(109) Pause Young (Normal) (G1 Evacuation Pause)
[2025-10-15T14:40:18.500-0700][1251][info ][gc,task     ] GC(109) Using 113 workers of 113 for evacuation
[2025-10-15T14:40:18.516-0700][1251][debug][gc,remset   ] GC(109) Visited cards 23401472 Total dirty 52559872 (44.52%) Total old 506593280 (4.62%)
[2025-10-15T14:40:18.697-0700][1251][info ][gc,phases   ] GC(109)   Pre Evacuate Collection Set: 0.7ms
[2025-10-15T14:40:18.697-0700][1251][info ][gc,phases   ] GC(109)   Merge Heap Roots: 15.5ms
[2025-10-15T14:40:18.697-0700][1251][info ][gc,phases   ] GC(109)   Evacuate Collection Set: 157.4ms
[2025-10-15T14:40:18.697-0700][1251][info ][gc,phases   ] GC(109)   Post Evacuate Collection Set: 23.4ms
[2025-10-15T14:40:18.697-0700][1251][info ][gc,phases   ] GC(109)   Other: 0.2ms
[2025-10-15T14:40:18.697-0700][1251][debug][gc,remset   ] GC(109) Coarsening (recent): Inline->AoC 623965 (97) AoC->Howl 1039 (157) Howl->Full 0 (0) Inline->AoC 4940 (43) AoC->BitMap 1221 (264) BitMap->Full 0 (0)
[2025-10-15T14:40:18.697-0700][1251][debug][gc,remset   ] GC(109) Coarsening (all): Inline->AoC 23637009 (10551) AoC->Howl 94539 (22952) Howl->Full 0 (0) Inline->AoC 399871 (6594) AoC->BitMap 67093 (13915) BitMap->Full 5 (0)
[2025-10-15T14:40:18.697-0700][1251][info ][gc,heap     ] GC(109) Eden regions: 3296->0(3288)
[2025-10-15T14:40:18.697-0700][1251][info ][gc,heap     ] GC(109) Survivor regions: 160->168(432)
[2025-10-15T14:40:18.697-0700][1251][info ][gc,heap     ] GC(109) Old regions: 818->818
[2025-10-15T14:40:18.697-0700][1251][info ][gc,heap     ] GC(109) Humongous regions: 0->0
[2025-10-15T14:40:18.697-0700][1251][info ][gc,metaspace] GC(109) Metaspace: 295940K(300544K)->295940K(300544K) NonClass: 260556K(263040K)->260556K(263040K) Class: 35384K(37504K)->35384K(37504K)
[2025-10-15T14:40:18.698-0700][1251][info ][gc          ] GC(109) Pause Young (Normal) (G1 Evacuation Pause) 136737M->31513M(184320M) 197.453ms
[2025-10-15T14:40:18.699-0700][1251][info ][gc,cpu      ] GC(109) User=16.58s Sys=0.52s Real=0.20s
[2025-10-15T14:40:18.700-0700][1251][info ][safepoint   ] Safepoint "G1CollectForAllocation", Time since last: 1113245233 ns, Reaching safepoint: 1126107 ns, Cleanup: 12799 ns, At safepoint: 200805671 ns, Total: 201944577 ns
[2025-10-15T14:40:21.701-0700][1251][info ][safepoint   ] Safepoint "Cleanup", Time since last: 3000209145 ns, Reaching safepoint: 740436 ns, Cleanup: 17987 ns, At safepoint: 165579 ns, Total: 924002 ns
[2025-10-15T14:40:22.702-0700][1251][info ][safepoint   ] Safepoint "Cleanup", Time since last: 1000059056 ns, Reaching safepoint: 656549 ns, Cleanup: 9535 ns, At safepoint: 230998 ns, Total: 897082 ns
[2025-10-15T14:40:24.703-0700][1251][info ][safepoint   ] Safepoint "Cleanup", Time since last: 2000177010 ns, Reaching safepoint: 992605 ns, Cleanup: 9945 ns, At safepoint: 74833 ns, Total: 1077383 ns
[2025-10-15T14:40:24.838-0700][1251][info ][gc,start    ] GC(110) Pause Young (Normal) (G1 Evacuation Pause)
[2025-10-15T14:40:24.838-0700][1251][info ][gc,task     ] GC(110) Using 113 workers of 113 for evacuation
[2025-10-15T14:40:24.854-0700][1251][debug][gc,remset   ] GC(110) Visited cards 23489536 Total dirty 52690944 (44.58%) Total old 506593280 (4.64%)
[2025-10-15T14:40:25.025-0700][1251][info ][gc,phases   ] GC(110)   Pre Evacuate Collection Set: 0.7ms
[2025-10-15T14:40:25.025-0700][1251][info ][gc,phases   ] GC(110)   Merge Heap Roots: 15.3ms
[2025-10-15T14:40:25.025-0700][1251][info ][gc,phases   ] GC(110)   Evacuate Collection Set: 147.1ms
[2025-10-15T14:40:25.025-0700][1251][info ][gc,phases   ] GC(110)   Post Evacuate Collection Set: 23.5ms
[2025-10-15T14:40:25.025-0700][1251][info ][gc,phases   ] GC(110)   Other: 0.1ms
[2025-10-15T14:40:25.025-0700][1251][debug][gc,remset   ] GC(110) Coarsening (recent): Inline->AoC 678347 (120) AoC->Howl 1184 (176) Howl->Full 0 (0) Inline->AoC 5616 (51) AoC->BitMap 1423 (333) BitMap->Full 0 (0)
[2025-10-15T14:40:25.025-0700][1251][debug][gc,remset   ] GC(110) Coarsening (all): Inline->AoC 24315356 (10671) AoC->Howl 95723 (23128) Howl->Full 0 (0) Inline->AoC 405487 (6645) AoC->BitMap 68516 (14248) BitMap->Full 5 (0)
[2025-10-15T14:40:25.025-0700][1251][info ][gc,heap     ] GC(110) Eden regions: 3288->0(3287)
[2025-10-15T14:40:25.025-0700][1251][info ][gc,heap     ] GC(110) Survivor regions: 168->169(432)
[2025-10-15T14:40:25.025-0700][1251][info ][gc,heap     ] GC(110) Old regions: 818->818
[2025-10-15T14:40:25.025-0700][1251][info ][gc,heap     ] GC(110) Humongous regions: 0->0
[2025-10-15T14:40:25.025-0700][1251][info ][gc,metaspace] GC(110) Metaspace: 295943K(300608K)->295943K(300608K) NonClass: 260558K(263104K)->260558K(263104K) Class: 35384K(37504K)->35384K(37504K)
[2025-10-15T14:40:25.025-0700][1251][info ][gc          ] GC(110) Pause Young (Normal) (G1 Evacuation Pause) 136729M->31563M(184320M) 186.942ms
[2025-10-15T14:40:25.026-0700][1251][info ][gc,cpu      ] GC(110) User=16.42s Sys=0.55s Real=0.19s
[2025-10-15T14:40:25.027-0700][1251][info ][safepoint   ] Safepoint "G1CollectForAllocation", Time since last: 132862566 ns, Reaching safepoint: 873235 ns, Cleanup: 4177 ns, At safepoint: 190124717 ns, Total: 191002129 ns
[2025-10-15T14:40:26.028-0700][1251][info ][safepoint   ] Safepoint "Cleanup", Time since last: 1000090533 ns, Reaching safepoint: 683550 ns, Cleanup: 11237 ns, At safepoint: 92259 ns, Total: 787046 ns
[2025-10-15T14:40:29.029-0700][1251][info ][safepoint   ] Safepoint "Cleanup", Time since last: 3000237247 ns, Reaching safepoint: 665092 ns, Cleanup: 10176 ns, At safepoint: 218359 ns, Total: 893627 ns
[2025-10-15T14:40:31.030-0700][1251][info ][safepoint   ] Safepoint "Cleanup", Time since last: 2000188176 ns, Reaching safepoint: 787006 ns, Cleanup: 13871 ns, At safepoint: 184348 ns, Total: 985225 ns
[2025-10-15T14:40:31.261-0700][1251][info ][gc,start    ] GC(111) Pause Young (Normal) (G1 Evacuation Pause)
[2025-10-15T14:40:31.261-0700][1251][info ][gc,task     ] GC(111) Using 113 workers of 113 for evacuation
[2025-10-15T14:40:31.277-0700][1251][debug][gc,remset   ] GC(111) Visited cards 23582464 Total dirty 52822016 (44.65%) Total old 506593280 (4.66%)
[2025-10-15T14:40:31.461-0700][1251][info ][gc,phases   ] GC(111)   Pre Evacuate Collection Set: 0.8ms
[2025-10-15T14:40:31.461-0700][1251][info ][gc,phases   ] GC(111)   Merge Heap Roots: 15.5ms
[2025-10-15T14:40:31.461-0700][1251][info ][gc,phases   ] GC(111)   Evacuate Collection Set: 160.9ms
[2025-10-15T14:40:31.461-0700][1251][info ][gc,phases   ] GC(111)   Post Evacuate Collection Set: 22.5ms
[2025-10-15T14:40:31.461-0700][1251][info ][gc,phases   ] GC(111)   Other: 0.2ms
[2025-10-15T14:40:31.461-0700][1251][debug][gc,remset   ] GC(111) Coarsening (recent): Inline->AoC 631957 (120) AoC->Howl 1241 (188) Howl->Full 0 (0) Inline->AoC 5876 (67) AoC->BitMap 1401 (295) BitMap->Full 0 (0)
[2025-10-15T14:40:31.461-0700][1251][debug][gc,remset   ] GC(111) Coarsening (all): Inline->AoC 24947313 (10791) AoC->Howl 96964 (23316) Howl->Full 0 (0) Inline->AoC 411363 (6712) AoC->BitMap 69917 (14543) BitMap->Full 5 (0)
[2025-10-15T14:40:31.461-0700][1251][info ][gc,heap     ] GC(111) Eden regions: 3287->0(3284)
[2025-10-15T14:40:31.461-0700][1251][info ][gc,heap     ] GC(111) Survivor regions: 169->172(432)
[2025-10-15T14:40:31.461-0700][1251][info ][gc,heap     ] GC(111) Old regions: 818->818
[2025-10-15T14:40:31.461-0700][1251][info ][gc,heap     ] GC(111) Humongous regions: 0->0
[2025-10-15T14:40:31.461-0700][1251][info ][gc,metaspace] GC(111) Metaspace: 296053K(300672K)->296053K(300672K) NonClass: 260664K(263168K)->260664K(263168K) Class: 35388K(37504K)->35388K(37504K)
[2025-10-15T14:40:31.461-0700][1251][info ][gc          ] GC(111) Pause Young (Normal) (G1 Evacuation Pause) 136747M->31659M(184320M) 200.107ms
[2025-10-15T14:40:31.462-0700][1251][info ][gc,cpu      ] GC(111) User=16.71s Sys=0.62s Real=0.20s
[2025-10-15T14:40:31.463-0700][1251][info ][safepoint   ] Safepoint "G1CollectForAllocation", Time since last: 228758460 ns, Reaching safepoint: 839115 ns, Cleanup: 4897 ns, At safepoint: 203546691 ns, Total: 204390703 ns
[2025-10-15T14:40:32.464-0700][1251][info ][safepoint   ] Safepoint "Cleanup", Time since last: 1000090233 ns, Reaching safepoint: 620755 ns, Cleanup: 10146 ns, At safepoint: 138098 ns, Total: 768999 ns
[2025-10-15T14:40:33.465-0700][1251][info ][safepoint   ] Safepoint "Cleanup", Time since last: 1000104023 ns, Reaching safepoint: 932725 ns, Cleanup: 12589 ns, At safepoint: 165900 ns, Total: 1111214 ns
[2025-10-15T14:40:37.387-0700][1251][info ][gc,start    ] GC(112) Pause Young (Normal) (G1 Evacuation Pause)
[2025-10-15T14:40:37.387-0700][1251][info ][gc,task     ] GC(112) Using 113 workers of 113 for evacuation
[2025-10-15T14:40:37.401-0700][1251][debug][gc,remset   ] GC(112) Visited cards 23549440 Total dirty 52756480 (44.64%) Total old 506593280 (4.65%)
[2025-10-15T14:40:37.556-0700][1251][info ][gc,phases   ] GC(112)   Pre Evacuate Collection Set: 0.7ms
[2025-10-15T14:40:37.556-0700][1251][info ][gc,phases   ] GC(112)   Merge Heap Roots: 13.5ms
[2025-10-15T14:40:37.556-0700][1251][info ][gc,phases   ] GC(112)   Evacuate Collection Set: 132.5ms
[2025-10-15T14:40:37.556-0700][1251][info ][gc,phases   ] GC(112)   Post Evacuate Collection Set: 22.5ms
[2025-10-15T14:40:37.556-0700][1251][info ][gc,phases   ] GC(112)   Other: 0.1ms
[2025-10-15T14:40:37.556-0700][1251][debug][gc,remset   ] GC(112) Coarsening (recent): Inline->AoC 619718 (98) AoC->Howl 1195 (207) Howl->Full 0 (0) Inline->AoC 5497 (59) AoC->BitMap 1693 (383) BitMap->Full 0 (0)
[2025-10-15T14:40:37.556-0700][1251][debug][gc,remset   ] GC(112) Coarsening (all): Inline->AoC 25567031 (10889) AoC->Howl 98159 (23523) Howl->Full 0 (0) Inline->AoC 416860 (6771) AoC->BitMap 71610 (14926) BitMap->Full 5 (0)
[2025-10-15T14:40:37.556-0700][1251][info ][gc,heap     ] GC(112) Eden regions: 3284->0(3280)
[2025-10-15T14:40:37.556-0700][1251][info ][gc,heap     ] GC(112) Survivor regions: 172->176(432)
[2025-10-15T14:40:37.556-0700][1251][info ][gc,heap     ] GC(112) Old regions: 818->818
[2025-10-15T14:40:37.556-0700][1251][info ][gc,heap     ] GC(112) Humongous regions: 0->0
[2025-10-15T14:40:37.556-0700][1251][info ][gc,metaspace] GC(112) Metaspace: 296053K(300672K)->296053K(300672K) NonClass: 260665K(263168K)->260665K(263168K) Class: 35388K(37504K)->35388K(37504K)
[2025-10-15T14:40:37.556-0700][1251][info ][gc          ] GC(112) Pause Young (Normal) (G1 Evacuation Pause) 136747M->31793M(184320M) 169.505ms
[2025-10-15T14:40:37.558-0700][1251][info ][gc,cpu      ] GC(112) User=16.99s Sys=0.41s Real=0.17s
[2025-10-15T14:40:37.559-0700][1251][info ][safepoint   ] Safepoint "G1CollectForAllocation", Time since last: 3919898180 ns, Reaching safepoint: 659714 ns, Cleanup: 4918 ns, At safepoint: 172902026 ns, Total: 173566658 ns
[2025-10-15T14:40:41.561-0700][1251][info ][safepoint   ] Safepoint "Cleanup", Time since last: 4000267920 ns, Reaching safepoint: 1669266 ns, Cleanup: 13500 ns, At safepoint: 169145 ns, Total: 1851911 ns
[2025-10-15T14:40:42.562-0700][1251][info ][safepoint   ] Safepoint "Cleanup", Time since last: 1000094108 ns, Reaching safepoint: 631031 ns, Cleanup: 11137 ns, At safepoint: 145819 ns, Total: 787987 ns
[2025-10-15T14:40:43.772-0700][1251][info ][gc,start    ] GC(113) Pause Young (Normal) (G1 Evacuation Pause)
[2025-10-15T14:40:43.772-0700][1251][info ][gc,task     ] GC(113) Using 113 workers of 113 for evacuation
[2025-10-15T14:40:43.788-0700][1251][debug][gc,remset   ] GC(113) Visited cards 23601408 Total dirty 52822016 (44.68%) Total old 506593280 (4.66%)
[2025-10-15T14:40:43.974-0700][1251][info ][gc,mmu      ] GC(113) MMU target violated: 201.0ms (200.0ms/201.0ms)
[2025-10-15T14:40:43.974-0700][1251][info ][gc,phases   ] GC(113)   Pre Evacuate Collection Set: 0.7ms
[2025-10-15T14:40:43.974-0700][1251][info ][gc,phases   ] GC(113)   Merge Heap Roots: 14.6ms
[2025-10-15T14:40:43.974-0700][1251][info ][gc,phases   ] GC(113)   Evacuate Collection Set: 162.2ms
[2025-10-15T14:40:43.974-0700][1251][info ][gc,phases   ] GC(113)   Post Evacuate Collection Set: 23.8ms
[2025-10-15T14:40:43.974-0700][1251][info ][gc,phases   ] GC(113)   Other: 0.2ms
[2025-10-15T14:40:43.974-0700][1251][debug][gc,remset   ] GC(113) Coarsening (recent): Inline->AoC 549577 (85) AoC->Howl 1192 (162) Howl->Full 0 (0) Inline->AoC 5607 (44) AoC->BitMap 1522 (319) BitMap->Full 0 (0)
[2025-10-15T14:40:43.974-0700][1251][debug][gc,remset   ] GC(113) Coarsening (all): Inline->AoC 26116608 (10974) AoC->Howl 99351 (23685) Howl->Full 0 (0) Inline->AoC 422467 (6815) AoC->BitMap 73132 (15245) BitMap->Full 5 (0)
[2025-10-15T14:40:43.974-0700][1251][info ][gc,heap     ] GC(113) Eden regions: 3280->0(3278)
[2025-10-15T14:40:43.974-0700][1251][info ][gc,heap     ] GC(113) Survivor regions: 176->178(432)
[2025-10-15T14:40:43.974-0700][1251][info ][gc,heap     ] GC(113) Old regions: 818->818
[2025-10-15T14:40:43.974-0700][1251][info ][gc,heap     ] GC(113) Humongous regions: 0->0
[2025-10-15T14:40:43.974-0700][1251][info ][gc,metaspace] GC(113) Metaspace: 296082K(300736K)->296082K(300736K) NonClass: 260693K(263232K)->260693K(263232K) Class: 35388K(37504K)->35388K(37504K)
[2025-10-15T14:40:43.974-0700][1251][info ][gc          ] GC(113) Pause Young (Normal) (G1 Evacuation Pause) 136753M->31852M(184320M) 201.696ms
[2025-10-15T14:40:43.975-0700][1251][info ][gc,cpu      ] GC(113) User=17.01s Sys=0.41s Real=0.20s
[2025-10-15T14:40:43.976-0700][1251][info ][safepoint   ] Safepoint "G1CollectForAllocation", Time since last: 1208075102 ns, Reaching safepoint: 1001499 ns, Cleanup: 4296 ns, At safepoint: 205034884 ns, Total: 206040679 ns
[2025-10-15T14:40:46.977-0700][1251][info ][safepoint   ] Safepoint "Cleanup", Time since last: 3000149487 ns, Reaching safepoint: 844455 ns, Cleanup: 9715 ns, At safepoint: 123125 ns, Total: 977295 ns
[2025-10-15T14:40:47.978-0700][1251][info ][safepoint   ] Safepoint "Cleanup", Time since last: 1000112875 ns, Reaching safepoint: 626265 ns, Cleanup: 11908 ns, At safepoint: 101423 ns, Total: 739596 ns
[2025-10-15T14:40:48.979-0700][1251][info ][safepoint   ] Safepoint "Cleanup", Time since last: 1000097711 ns, Reaching safepoint: 719296 ns, Cleanup: 10155 ns, At safepoint: 208455 ns, Total: 937906 ns
[2025-10-15T14:40:50.147-0700][1251][info ][gc,start    ] GC(114) Pause Young (Normal) (G1 Evacuation Pause)
[2025-10-15T14:40:50.147-0700][1251][info ][gc,task     ] GC(114) Using 113 workers of 113 for evacuation
[2025-10-15T14:40:50.163-0700][1251][debug][gc,remset   ] GC(114) Visited cards 23582720 Total dirty 52756480 (44.70%) Total old 506593280 (4.66%)
[2025-10-15T14:40:50.347-0700][1251][info ][gc,mmu      ] GC(114) MMU target violated: 200.2ms (200.0ms/201.0ms)
[2025-10-15T14:40:50.347-0700][1251][info ][gc,phases   ] GC(114)   Pre Evacuate Collection Set: 0.7ms
[2025-10-15T14:40:50.347-0700][1251][info ][gc,phases   ] GC(114)   Merge Heap Roots: 15.1ms
[2025-10-15T14:40:50.347-0700][1251][info ][gc,phases   ] GC(114)   Evacuate Collection Set: 160.1ms
[2025-10-15T14:40:50.347-0700][1251][info ][gc,phases   ] GC(114)   Post Evacuate Collection Set: 24.2ms
[2025-10-15T14:40:50.347-0700][1251][info ][gc,phases   ] GC(114)   Other: 0.2ms
[2025-10-15T14:40:50.347-0700][1251][debug][gc,remset   ] GC(114) Coarsening (recent): Inline->AoC 565527 (108) AoC->Howl 1207 (174) Howl->Full 0 (0) Inline->AoC 5650 (47) AoC->BitMap 1341 (299) BitMap->Full 0 (0)
[2025-10-15T14:40:50.347-0700][1251][debug][gc,remset   ] GC(114) Coarsening (all): Inline->AoC 26682135 (11082) AoC->Howl 100558 (23859) Howl->Full 0 (0) Inline->AoC 428117 (6862) AoC->BitMap 74473 (15544) BitMap->Full 5 (0)
[2025-10-15T14:40:50.347-0700][1251][info ][gc,heap     ] GC(114) Eden regions: 3278->0(3276)
[2025-10-15T14:40:50.347-0700][1251][info ][gc,heap     ] GC(114) Survivor regions: 178->180(432)
[2025-10-15T14:40:50.347-0700][1251][info ][gc,heap     ] GC(114) Old regions: 818->818
[2025-10-15T14:40:50.347-0700][1251][info ][gc,heap     ] GC(114) Humongous regions: 0->0
[2025-10-15T14:40:50.347-0700][1251][info ][gc,metaspace] GC(114) Metaspace: 296096K(300736K)->296096K(300736K) NonClass: 260707K(263232K)->260707K(263232K) Class: 35388K(37504K)->35388K(37504K)
[2025-10-15T14:40:50.347-0700][1251][info ][gc          ] GC(114) Pause Young (Normal) (G1 Evacuation Pause) 136748M->31921M(184320M) 200.472ms
[2025-10-15T14:40:50.348-0700][1251][info ][gc,cpu      ] GC(114) User=17.38s Sys=0.48s Real=0.20s
[2025-10-15T14:40:50.349-0700][1251][info ][safepoint   ] Safepoint "G1CollectForAllocation", Time since last: 1165613527 ns, Reaching safepoint: 880809 ns, Cleanup: 5198 ns, At safepoint: 203932290 ns, Total: 204818297 ns
[2025-10-15T14:40:56.351-0700][1251][info ][safepoint   ] Safepoint "Cleanup", Time since last: 6000385706 ns, Reaching safepoint: 655740 ns, Cleanup: 9334 ns, At safepoint: 175475 ns, Total: 840549 ns
[2025-10-15T14:40:56.495-0700][1251][info ][gc,start    ] GC(115) Pause Young (Normal) (G1 Evacuation Pause)
[2025-10-15T14:40:56.495-0700][1251][info ][gc,task     ] GC(115) Using 113 workers of 113 for evacuation
[2025-10-15T14:40:56.510-0700][1251][debug][gc,remset   ] GC(115) Visited cards 23598080 Total dirty 52559872 (44.90%) Total old 506593280 (4.66%)
[2025-10-15T14:40:56.701-0700][1251][info ][gc,mmu      ] GC(115) MMU target violated: 201.0ms (200.0ms/201.0ms)
[2025-10-15T14:40:56.701-0700][1251][info ][gc,phases   ] GC(115)   Pre Evacuate Collection Set: 0.7ms
[2025-10-15T14:40:56.701-0700][1251][info ][gc,phases   ] GC(115)   Merge Heap Roots: 14.3ms
[2025-10-15T14:40:56.701-0700][1251][info ][gc,phases   ] GC(115)   Evacuate Collection Set: 166.3ms
[2025-10-15T14:40:56.701-0700][1251][info ][gc,phases   ] GC(115)   Post Evacuate Collection Set: 24.2ms
[2025-10-15T14:40:56.701-0700][1251][info ][gc,phases   ] GC(115)   Other: 0.2ms
[2025-10-15T14:40:56.701-0700][1251][debug][gc,remset   ] GC(115) Coarsening (recent): Inline->AoC 642046 (84) AoC->Howl 1273 (195) Howl->Full 0 (0) Inline->AoC 5850 (45) AoC->BitMap 1578 (379) BitMap->Full 0 (0)
[2025-10-15T14:40:56.701-0700][1251][debug][gc,remset   ] GC(115) Coarsening (all): Inline->AoC 27324181 (11166) AoC->Howl 101831 (24054) Howl->Full 0 (0) Inline->AoC 433967 (6907) AoC->BitMap 76051 (15923) BitMap->Full 5 (0)
[2025-10-15T14:40:56.701-0700][1251][info ][gc,heap     ] GC(115) Eden regions: 3276->0(3272)
[2025-10-15T14:40:56.701-0700][1251][info ][gc,heap     ] GC(115) Survivor regions: 180->184(432)
[2025-10-15T14:40:56.701-0700][1251][info ][gc,heap     ] GC(115) Old regions: 818->818
[2025-10-15T14:40:56.701-0700][1251][info ][gc,heap     ] GC(115) Humongous regions: 0->0
[2025-10-15T14:40:56.701-0700][1251][info ][gc,metaspace] GC(115) Metaspace: 296106K(300736K)->296106K(300736K) NonClass: 260718K(263232K)->260718K(263232K) Class: 35388K(37504K)->35388K(37504K)
[2025-10-15T14:40:56.701-0700][1251][info ][gc          ] GC(115) Pause Young (Normal) (G1 Evacuation Pause) 136753M->32036M(184320M) 205.830ms
[2025-10-15T14:40:56.702-0700][1251][info ][gc,cpu      ] GC(115) User=17.63s Sys=0.48s Real=0.21s
[2025-10-15T14:40:56.703-0700][1251][info ][safepoint   ] Safepoint "G1CollectForAllocation", Time since last: 142384972 ns, Reaching safepoint: 842782 ns, Cleanup: 4717 ns, At safepoint: 209161773 ns, Total: 210009272 ns
[2025-10-15T14:40:58.704-0700][1251][info ][safepoint   ] Safepoint "Cleanup", Time since last: 2000149694 ns, Reaching safepoint: 628879 ns, Cleanup: 9505 ns, At safepoint: 137497 ns, Total: 775881 ns
[2025-10-15T14:40:59.705-0700][1251][info ][safepoint   ] Safepoint "Cleanup", Time since last: 1000078102 ns, Reaching safepoint: 817294 ns, Cleanup: 81873 ns, At safepoint: 183117 ns, Total: 1082284 ns
[2025-10-15T14:41:00.706-0700][1251][info ][safepoint   ] Safepoint "Cleanup", Time since last: 1000102989 ns, Reaching safepoint: 584492 ns, Cleanup: 9965 ns, At safepoint: 147303 ns, Total: 741760 ns
[2025-10-15T14:41:02.986-0700][1251][info ][gc,start    ] GC(116) Pause Young (Normal) (G1 Evacuation Pause)
[2025-10-15T14:41:02.986-0700][1251][info ][gc,task     ] GC(116) Using 113 workers of 113 for evacuation
[2025-10-15T14:41:03.002-0700][1251][debug][gc,remset   ] GC(116) Visited cards 23645440 Total dirty 52559872 (44.99%) Total old 506593280 (4.67%)
[2025-10-15T14:41:03.195-0700][1251][info ][gc,mmu      ] GC(116) MMU target violated: 201.0ms (200.0ms/201.0ms)
[2025-10-15T14:41:03.195-0700][1251][info ][gc,phases   ] GC(116)   Pre Evacuate Collection Set: 0.8ms
[2025-10-15T14:41:03.195-0700][1251][info ][gc,phases   ] GC(116)   Merge Heap Roots: 15.8ms
[2025-10-15T14:41:03.195-0700][1251][info ][gc,phases   ] GC(116)   Evacuate Collection Set: 168.5ms
[2025-10-15T14:41:03.195-0700][1251][info ][gc,phases   ] GC(116)   Post Evacuate Collection Set: 24.0ms
[2025-10-15T14:41:03.195-0700][1251][info ][gc,phases   ] GC(116)   Other: 0.2ms
[2025-10-15T14:41:03.195-0700][1251][debug][gc,remset   ] GC(116) Coarsening (recent): Inline->AoC 567051 (91) AoC->Howl 1268 (202) Howl->Full 0 (0) Inline->AoC 5745 (48) AoC->BitMap 1618 (380) BitMap->Full 0 (0)
[2025-10-15T14:41:03.195-0700][1251][debug][gc,remset   ] GC(116) Coarsening (all): Inline->AoC 27891232 (11257) AoC->Howl 103099 (24256) Howl->Full 0 (0) Inline->AoC 439712 (6955) AoC->BitMap 77669 (16303) BitMap->Full 5 (0)
[2025-10-15T14:41:03.195-0700][1251][info ][gc,heap     ] GC(116) Eden regions: 3272->0(3273)
[2025-10-15T14:41:03.195-0700][1251][info ][gc,heap     ] GC(116) Survivor regions: 184->183(432)
[2025-10-15T14:41:03.195-0700][1251][info ][gc,heap     ] GC(116) Old regions: 818->818
[2025-10-15T14:41:03.195-0700][1251][info ][gc,heap     ] GC(116) Humongous regions: 0->0
[2025-10-15T14:41:03.195-0700][1251][info ][gc,metaspace] GC(116) Metaspace: 296226K(300864K)->296226K(300864K) NonClass: 260838K(263360K)->260838K(263360K) Class: 35388K(37504K)->35388K(37504K)
[2025-10-15T14:41:03.195-0700][1251][info ][gc          ] GC(116) Pause Young (Normal) (G1 Evacuation Pause) 136740M->32017M(184320M) 209.486ms
[2025-10-15T14:41:03.196-0700][1251][info ][gc,cpu      ] GC(116) User=17.48s Sys=0.46s Real=0.21s
[2025-10-15T14:41:03.197-0700][1251][info ][safepoint   ] Safepoint "G1CollectForAllocation", Time since last: 2277067246 ns, Reaching safepoint: 1428265 ns, Cleanup: 5639 ns, At safepoint: 212717981 ns, Total: 214151885 ns
[2025-10-15T14:41:04.785-0700][1251][info ][safepoint   ] Safepoint "Cleanup", Time since last: 1587179657 ns, Reaching safepoint: 601859 ns, Cleanup: 12218 ns, At safepoint: 220443 ns, Total: 834520 ns
[2025-10-15T14:41:06.787-0700][1251][info ][safepoint   ] Safepoint "Cleanup", Time since last: 2000137215 ns, Reaching safepoint: 1231299 ns, Cleanup: 13580 ns, At safepoint: 241665 ns, Total: 1486544 ns
[2025-10-15T14:41:09.256-0700][1251][info ][gc,start    ] GC(117) Pause Young (Normal) (G1 Evacuation Pause)
[2025-10-15T14:41:09.256-0700][1251][info ][gc,task     ] GC(117) Using 113 workers of 113 for evacuation
[2025-10-15T14:41:09.270-0700][1251][debug][gc,remset   ] GC(117) Visited cards 23558912 Total dirty 52559872 (44.82%) Total old 506593280 (4.65%)
[2025-10-15T14:41:09.454-0700][1251][info ][gc,phases   ] GC(117)   Pre Evacuate Collection Set: 0.7ms
[2025-10-15T14:41:09.454-0700][1251][info ][gc,phases   ] GC(117)   Merge Heap Roots: 13.8ms
[2025-10-15T14:41:09.454-0700][1251][info ][gc,phases   ] GC(117)   Evacuate Collection Set: 159.6ms
[2025-10-15T14:41:09.454-0700][1251][info ][gc,phases   ] GC(117)   Post Evacuate Collection Set: 24.5ms
[2025-10-15T14:41:09.454-0700][1251][info ][gc,phases   ] GC(117)   Other: 0.2ms
[2025-10-15T14:41:09.454-0700][1251][debug][gc,remset   ] GC(117) Coarsening (recent): Inline->AoC 582752 (92) AoC->Howl 1163 (133) Howl->Full 0 (0) Inline->AoC 5658 (46) AoC->BitMap 1369 (320) BitMap->Full 0 (0)
[2025-10-15T14:41:09.454-0700][1251][debug][gc,remset   ] GC(117) Coarsening (all): Inline->AoC 28473984 (11349) AoC->Howl 104262 (24389) Howl->Full 0 (0) Inline->AoC 445370 (7001) AoC->BitMap 79038 (16623) BitMap->Full 5 (0)
[2025-10-15T14:41:09.454-0700][1251][info ][gc,heap     ] GC(117) Eden regions: 3273->0(3268)
[2025-10-15T14:41:09.454-0700][1251][info ][gc,heap     ] GC(117) Survivor regions: 183->188(432)
[2025-10-15T14:41:09.454-0700][1251][info ][gc,heap     ] GC(117) Old regions: 818->818
[2025-10-15T14:41:09.454-0700][1251][info ][gc,heap     ] GC(117) Humongous regions: 0->0
[2025-10-15T14:41:09.454-0700][1251][info ][gc,metaspace] GC(117) Metaspace: 296257K(300864K)->296257K(300864K) NonClass: 260868K(263360K)->260868K(263360K) Class: 35388K(37504K)->35388K(37504K)
[2025-10-15T14:41:09.455-0700][1251][info ][gc          ] GC(117) Pause Young (Normal) (G1 Evacuation Pause) 136753M->32171M(184320M) 198.905ms
[2025-10-15T14:41:09.456-0700][1251][info ][gc,cpu      ] GC(117) User=17.46s Sys=0.44s Real=0.20s
[2025-10-15T14:41:09.457-0700][1251][info ][safepoint   ] Safepoint "G1CollectForAllocation", Time since last: 2466848106 ns, Reaching safepoint: 876813 ns, Cleanup: 4798 ns, At safepoint: 202289080 ns, Total: 203170691 ns
[2025-10-15T14:41:10.458-0700][1251][info ][safepoint   ] Safepoint "Cleanup", Time since last: 1000089429 ns, Reaching safepoint: 723101 ns, Cleanup: 25208 ns, At safepoint: 121203 ns, Total: 869512 ns
[2025-10-15T14:41:15.632-0700][1251][info ][gc,start    ] GC(118) Pause Young (Normal) (G1 Evacuation Pause)
[2025-10-15T14:41:15.632-0700][1251][info ][gc,task     ] GC(118) Using 113 workers of 113 for evacuation
[2025-10-15T14:41:15.647-0700][1251][debug][gc,remset   ] GC(118) Visited cards 23581184 Total dirty 52494336 (44.92%) Total old 506593280 (4.65%)
[2025-10-15T14:41:15.840-0700][1251][info ][gc,mmu      ] GC(118) MMU target violated: 201.0ms (200.0ms/201.0ms)
[2025-10-15T14:41:15.840-0700][1251][info ][gc,phases   ] GC(118)   Pre Evacuate Collection Set: 0.8ms
[2025-10-15T14:41:15.840-0700][1251][info ][gc,phases   ] GC(118)   Merge Heap Roots: 14.3ms
[2025-10-15T14:41:15.840-0700][1251][info ][gc,phases   ] GC(118)   Evacuate Collection Set: 167.9ms
[2025-10-15T14:41:15.840-0700][1251][info ][gc,phases   ] GC(118)   Post Evacuate Collection Set: 24.9ms
[2025-10-15T14:41:15.840-0700][1251][info ][gc,phases   ] GC(118)   Other: 0.2ms
[2025-10-15T14:41:15.840-0700][1251][debug][gc,remset   ] GC(118) Coarsening (recent): Inline->AoC 604880 (116) AoC->Howl 1323 (245) Howl->Full 0 (0) Inline->AoC 5822 (63) AoC->BitMap 1777 (435) BitMap->Full 0 (0)
[2025-10-15T14:41:15.840-0700][1251][debug][gc,remset   ] GC(118) Coarsening (all): Inline->AoC 29078864 (11465) AoC->Howl 105585 (24634) Howl->Full 0 (0) Inline->AoC 451192 (7064) AoC->BitMap 80815 (17058) BitMap->Full 5 (0)
[2025-10-15T14:41:15.840-0700][1251][info ][gc,heap     ] GC(118) Eden regions: 3268->0(3269)
[2025-10-15T14:41:15.840-0700][1251][info ][gc,heap     ] GC(118) Survivor regions: 188->187(432)
[2025-10-15T14:41:15.840-0700][1251][info ][gc,heap     ] GC(118) Old regions: 818->819
[2025-10-15T14:41:15.840-0700][1251][info ][gc,heap     ] GC(118) Humongous regions: 0->0
[2025-10-15T14:41:15.840-0700][1251][info ][gc,metaspace] GC(118) Metaspace: 296268K(300864K)->296268K(300864K) NonClass: 260879K(263360K)->260879K(263360K) Class: 35388K(37504K)->35388K(37504K)
[2025-10-15T14:41:15.840-0700][1251][info ][gc          ] GC(118) Pause Young (Normal) (G1 Evacuation Pause) 136747M->32155M(184320M) 208.244ms
[2025-10-15T14:41:15.841-0700][1251][info ][gc,cpu      ] GC(118) User=17.60s Sys=0.46s Real=0.21s
[2025-10-15T14:41:15.842-0700][1251][info ][safepoint   ] Safepoint "G1CollectForAllocation", Time since last: 5171727220 ns, Reaching safepoint: 1324459 ns, Cleanup: 4988 ns, At safepoint: 211553563 ns, Total: 212883010 ns
[2025-10-15T14:41:19.844-0700][1251][info ][safepoint   ] Safepoint "Cleanup", Time since last: 4000267298 ns, Reaching safepoint: 627415 ns, Cleanup: 15814 ns, At safepoint: 227713 ns, Total: 870942 ns
[2025-10-15T14:41:20.845-0700][1251][info ][safepoint   ] Safepoint "Cleanup", Time since last: 1000108378 ns, Reaching safepoint: 748789 ns, Cleanup: 10465 ns, At safepoint: 268094 ns, Total: 1027348 ns
[2025-10-15T14:41:22.102-0700][1251][info ][gc,start    ] GC(119) Pause Young (Normal) (G1 Evacuation Pause)
[2025-10-15T14:41:22.102-0700][1251][info ][gc,task     ] GC(119) Using 113 workers of 113 for evacuation
[2025-10-15T14:41:22.119-0700][1251][debug][gc,remset   ] GC(119) Visited cards 23716096 Total dirty 52690944 (45.01%) Total old 506658816 (4.68%)
[2025-10-15T14:41:22.312-0700][1251][info ][gc,mmu      ] GC(119) MMU target violated: 201.0ms (200.0ms/201.0ms)
[2025-10-15T14:41:22.312-0700][1251][info ][gc,phases   ] GC(119)   Pre Evacuate Collection Set: 0.9ms
[2025-10-15T14:41:22.312-0700][1251][info ][gc,phases   ] GC(119)   Merge Heap Roots: 15.4ms
[2025-10-15T14:41:22.312-0700][1251][info ][gc,phases   ] GC(119)   Evacuate Collection Set: 169.2ms
[2025-10-15T14:41:22.312-0700][1251][info ][gc,phases   ] GC(119)   Post Evacuate Collection Set: 24.1ms
[2025-10-15T14:41:22.312-0700][1251][info ][gc,phases   ] GC(119)   Other: 0.2ms
[2025-10-15T14:41:22.312-0700][1251][debug][gc,remset   ] GC(119) Coarsening (recent): Inline->AoC 597663 (110) AoC->Howl 1282 (204) Howl->Full 0 (0) Inline->AoC 5792 (55) AoC->BitMap 1511 (327) BitMap->Full 0 (0)
[2025-10-15T14:41:22.312-0700][1251][debug][gc,remset   ] GC(119) Coarsening (all): Inline->AoC 29676527 (11575) AoC->Howl 106867 (24838) Howl->Full 0 (0) Inline->AoC 456984 (7119) AoC->BitMap 82326 (17385) BitMap->Full 5 (0)
[2025-10-15T14:41:22.312-0700][1251][info ][gc,heap     ] GC(119) Eden regions: 3269->0(3271)
[2025-10-15T14:41:22.312-0700][1251][info ][gc,heap     ] GC(119) Survivor regions: 187->185(432)
[2025-10-15T14:41:22.312-0700][1251][info ][gc,heap     ] GC(119) Old regions: 819->820
[2025-10-15T14:41:22.312-0700][1251][info ][gc,heap     ] GC(119) Humongous regions: 0->0
[2025-10-15T14:41:22.312-0700][1251][info ][gc,metaspace] GC(119) Metaspace: 296271K(300864K)->296271K(300864K) NonClass: 260882K(263360K)->260882K(263360K) Class: 35388K(37504K)->35388K(37504K)
[2025-10-15T14:41:22.312-0700][1251][info ][gc          ] GC(119) Pause Young (Normal) (G1 Evacuation Pause) 136763M->32151M(184320M) 209.839ms
[2025-10-15T14:41:22.313-0700][1251][info ][gc,cpu      ] GC(119) User=17.62s Sys=0.57s Real=0.21s
[2025-10-15T14:41:22.314-0700][1251][info ][safepoint   ] Safepoint "G1CollectForAllocation", Time since last: 1254335266 ns, Reaching safepoint: 2237161 ns, Cleanup: 22844 ns, At safepoint: 213032189 ns, Total: 215292194 ns
[2025-10-15T14:41:24.315-0700][1251][info ][safepoint   ] Safepoint "Cleanup", Time since last: 2000150356 ns, Reaching safepoint: 689469 ns, Cleanup: 9905 ns, At safepoint: 194893 ns, Total: 894267 ns
[2025-10-15T14:41:28.423-0700][1251][info ][gc,start    ] GC(120) Pause Young (Normal) (G1 Evacuation Pause)
[2025-10-15T14:41:28.424-0700][1251][info ][gc,task     ] GC(120) Using 113 workers of 113 for evacuation
[2025-10-15T14:41:28.439-0700][1251][debug][gc,remset   ] GC(120) Visited cards 23661056 Total dirty 52690944 (44.91%) Total old 506724352 (4.67%)
[2025-10-15T14:41:28.611-0700][1251][info ][gc,phases   ] GC(120)   Pre Evacuate Collection Set: 0.7ms
[2025-10-15T14:41:28.611-0700][1251][info ][gc,phases   ] GC(120)   Merge Heap Roots: 14.5ms
[2025-10-15T14:41:28.611-0700][1251][info ][gc,phases   ] GC(120)   Evacuate Collection Set: 147.9ms
[2025-10-15T14:41:28.611-0700][1251][info ][gc,phases   ] GC(120)   Post Evacuate Collection Set: 24.3ms
[2025-10-15T14:41:28.611-0700][1251][info ][gc,phases   ] GC(120)   Other: 0.2ms
[2025-10-15T14:41:28.611-0700][1251][debug][gc,remset   ] GC(120) Coarsening (recent): Inline->AoC 641613 (108) AoC->Howl 1317 (221) Howl->Full 0 (0) Inline->AoC 5884 (52) AoC->BitMap 1547 (380) BitMap->Full 0 (0)
[2025-10-15T14:41:28.611-0700][1251][debug][gc,remset   ] GC(120) Coarsening (all): Inline->AoC 30318140 (11683) AoC->Howl 108184 (25059) Howl->Full 0 (0) Inline->AoC 462868 (7171) AoC->BitMap 83873 (17765) BitMap->Full 5 (0)
[2025-10-15T14:41:28.611-0700][1251][info ][gc,heap     ] GC(120) Eden regions: 3271->0(3271)
[2025-10-15T14:41:28.611-0700][1251][info ][gc,heap     ] GC(120) Survivor regions: 185->185(432)
[2025-10-15T14:41:28.611-0700][1251][info ][gc,heap     ] GC(120) Old regions: 820->821
[2025-10-15T14:41:28.611-0700][1251][info ][gc,heap     ] GC(120) Humongous regions: 0->0
[2025-10-15T14:41:28.611-0700][1251][info ][gc,metaspace] GC(120) Metaspace: 296271K(300864K)->296271K(300864K) NonClass: 260882K(263360K)->260882K(263360K) Class: 35388K(37504K)->35388K(37504K)
[2025-10-15T14:41:28.611-0700][1251][info ][gc          ] GC(120) Pause Young (Normal) (G1 Evacuation Pause) 136823M->32187M(184320M) 187.783ms
[2025-10-15T14:41:28.612-0700][1251][info ][gc,cpu      ] GC(120) User=17.24s Sys=0.65s Real=0.19s
[2025-10-15T14:41:28.613-0700][1251][info ][safepoint   ] Safepoint "G1CollectForAllocation", Time since last: 4106376178 ns, Reaching safepoint: 693715 ns, Cleanup: 4397 ns, At safepoint: 191027043 ns, Total: 191725155 ns
[2025-10-15T14:41:29.614-0700][1251][info ][safepoint   ] Safepoint "Cleanup", Time since last: 1000086305 ns, Reaching safepoint: 649819 ns, Cleanup: 12569 ns, At safepoint: 98088 ns, Total: 760476 ns
[2025-10-15T14:41:31.615-0700][1251][info ][safepoint   ] Safepoint "Cleanup", Time since last: 2000131567 ns, Reaching safepoint: 629789 ns, Cleanup: 18048 ns, At safepoint: 150627 ns, Total: 798464 ns
[2025-10-15T14:41:34.794-0700][1251][info ][gc,start    ] GC(121) Pause Young (Normal) (G1 Evacuation Pause)
[2025-10-15T14:41:34.794-0700][1251][info ][gc,task     ] GC(121) Using 113 workers of 113 for evacuation
[2025-10-15T14:41:34.810-0700][1251][debug][gc,remset   ] GC(121) Visited cards 23823616 Total dirty 52953088 (44.99%) Total old 506789888 (4.70%)
[2025-10-15T14:41:35.001-0700][1251][info ][gc,mmu      ] GC(121) MMU target violated: 201.0ms (200.0ms/201.0ms)
[2025-10-15T14:41:35.001-0700][1251][info ][gc,phases   ] GC(121)   Pre Evacuate Collection Set: 0.8ms
[2025-10-15T14:41:35.001-0700][1251][info ][gc,phases   ] GC(121)   Merge Heap Roots: 15.2ms
[2025-10-15T14:41:35.001-0700][1251][info ][gc,phases   ] GC(121)   Evacuate Collection Set: 167.1ms
[2025-10-15T14:41:35.001-0700][1251][info ][gc,phases   ] GC(121)   Post Evacuate Collection Set: 24.0ms
[2025-10-15T14:41:35.001-0700][1251][info ][gc,phases   ] GC(121)   Other: 0.2ms
[2025-10-15T14:41:35.001-0700][1251][debug][gc,remset   ] GC(121) Coarsening (recent): Inline->AoC 571961 (89) AoC->Howl 1126 (158) Howl->Full 0 (0) Inline->AoC 5196 (62) AoC->BitMap 1456 (345) BitMap->Full 0 (0)
[2025-10-15T14:41:35.001-0700][1251][debug][gc,remset   ] GC(121) Coarsening (all): Inline->AoC 30890101 (11772) AoC->Howl 109310 (25217) Howl->Full 0 (0) Inline->AoC 468064 (7233) AoC->BitMap 85329 (18110) BitMap->Full 5 (0)
[2025-10-15T14:41:35.001-0700][1251][info ][gc,heap     ] GC(121) Eden regions: 3271->0(3271)
[2025-10-15T14:41:35.001-0700][1251][info ][gc,heap     ] GC(121) Survivor regions: 185->185(432)
[2025-10-15T14:41:35.001-0700][1251][info ][gc,heap     ] GC(121) Old regions: 821->823
[2025-10-15T14:41:35.001-0700][1251][info ][gc,heap     ] GC(121) Humongous regions: 0->0
[2025-10-15T14:41:35.001-0700][1251][info ][gc,metaspace] GC(121) Metaspace: 296331K(300928K)->296331K(300928K) NonClass: 260941K(263424K)->260941K(263424K) Class: 35389K(37504K)->35389K(37504K)
[2025-10-15T14:41:35.002-0700][1251][info ][gc          ] GC(121) Pause Young (Normal) (G1 Evacuation Pause) 136859M->32222M(184320M) 207.473ms
[2025-10-15T14:41:35.003-0700][1251][info ][gc,cpu      ] GC(121) User=17.62s Sys=0.43s Real=0.21s
[2025-10-15T14:41:35.004-0700][1251][info ][safepoint   ] Safepoint "G1CollectForAllocation", Time since last: 3176364475 ns, Reaching safepoint: 1320449 ns, Cleanup: 5899 ns, At safepoint: 210787086 ns, Total: 212113434 ns
[2025-10-15T14:41:37.005-0700][1251][info ][safepoint   ] Safepoint "Cleanup", Time since last: 2000142435 ns, Reaching safepoint: 673795 ns, Cleanup: 173291 ns, At safepoint: 237608 ns, Total: 1084694 ns
[2025-10-15T14:41:38.006-0700][1251][info ][safepoint   ] Safepoint "Cleanup", Time since last: 1000100436 ns, Reaching safepoint: 723420 ns, Cleanup: 126771 ns, At safepoint: 289266 ns, Total: 1139457 ns
[2025-10-15T14:41:39.008-0700][1251][info ][safepoint   ] Safepoint "Cleanup", Time since last: 1000099535 ns, Reaching safepoint: 837151 ns, Cleanup: 229185 ns, At safepoint: 440814 ns, Total: 1507150 ns
[2025-10-15T14:41:40.009-0700][1251][info ][safepoint   ] Safepoint "Cleanup", Time since last: 1000112124 ns, Reaching safepoint: 838263 ns, Cleanup: 75314 ns, At safepoint: 479963 ns, Total: 1393540 ns
[2025-10-15T14:41:40.964-0700][1251][info ][gc,start    ] GC(122) Pause Young (Normal) (G1 Evacuation Pause)
[2025-10-15T14:41:40.964-0700][1251][info ][gc,task     ] GC(122) Using 113 workers of 113 for evacuation
[2025-10-15T14:41:40.980-0700][1251][debug][gc,remset   ] GC(122) Visited cards 23984128 Total dirty 53018624 (45.24%) Total old 506920960 (4.73%)
[2025-10-15T14:41:41.178-0700][1251][info ][gc,mmu      ] GC(122) MMU target violated: 201.0ms (200.0ms/201.0ms)
[2025-10-15T14:41:41.178-0700][1251][info ][gc,phases   ] GC(122)   Pre Evacuate Collection Set: 0.8ms
[2025-10-15T14:41:41.178-0700][1251][info ][gc,phases   ] GC(122)   Merge Heap Roots: 15.0ms
[2025-10-15T14:41:41.178-0700][1251][info ][gc,phases   ] GC(122)   Evacuate Collection Set: 172.9ms
[2025-10-15T14:41:41.178-0700][1251][info ][gc,phases   ] GC(122)   Post Evacuate Collection Set: 24.6ms
[2025-10-15T14:41:41.178-0700][1251][info ][gc,phases   ] GC(122)   Other: 0.2ms
[2025-10-15T14:41:41.178-0700][1251][debug][gc,remset   ] GC(122) Coarsening (recent): Inline->AoC 531322 (99) AoC->Howl 1282 (212) Howl->Full 0 (0) Inline->AoC 5901 (62) AoC->BitMap 1517 (366) BitMap->Full 0 (0)
[2025-10-15T14:41:41.178-0700][1251][debug][gc,remset   ] GC(122) Coarsening (all): Inline->AoC 31421423 (11871) AoC->Howl 110592 (25429) Howl->Full 0 (0) Inline->AoC 473965 (7295) AoC->BitMap 86846 (18476) BitMap->Full 5 (0)
[2025-10-15T14:41:41.178-0700][1251][info ][gc,heap     ] GC(122) Eden regions: 3271->0(3269)
[2025-10-15T14:41:41.178-0700][1251][info ][gc,heap     ] GC(122) Survivor regions: 185->187(432)
[2025-10-15T14:41:41.178-0700][1251][info ][gc,heap     ] GC(122) Old regions: 823->825
[2025-10-15T14:41:41.178-0700][1251][info ][gc,heap     ] GC(122) Humongous regions: 0->0
[2025-10-15T14:41:41.178-0700][1251][info ][gc,metaspace] GC(122) Metaspace: 296586K(301184K)->296586K(301184K) NonClass: 261158K(263680K)->261158K(263680K) Class: 35427K(37504K)->35427K(37504K)
[2025-10-15T14:41:41.178-0700][1251][info ][gc          ] GC(122) Pause Young (Normal) (G1 Evacuation Pause) 136894M->32376M(184320M) 213.662ms
[2025-10-15T14:41:41.179-0700][1251][info ][gc,cpu      ] GC(122) User=17.56s Sys=0.65s Real=0.22s
[2025-10-15T14:41:41.180-0700][1251][info ][safepoint   ] Safepoint "G1CollectForAllocation", Time since last: 952779567 ns, Reaching safepoint: 978144 ns, Cleanup: 174523 ns, At safepoint: 217076792 ns, Total: 218229459 ns
[2025-10-15T14:41:42.182-0700][1251][info ][safepoint   ] Safepoint "Cleanup", Time since last: 1000089380 ns, Reaching safepoint: 1482133 ns, Cleanup: 118358 ns, At safepoint: 134333 ns, Total: 1734824 ns
[2025-10-15T14:41:43.184-0700][1251][info ][safepoint   ] Safepoint "Cleanup", Time since last: 1000109029 ns, Reaching safepoint: 896991 ns, Cleanup: 49094 ns, At safepoint: 357379 ns, Total: 1303464 ns
[2025-10-15T14:41:44.185-0700][1251][info ][safepoint   ] Safepoint "Cleanup", Time since last: 1000112614 ns, Reaching safepoint: 701918 ns, Cleanup: 191408 ns, At safepoint: 242275 ns, Total: 1135601 ns
[2025-10-15T14:41:45.195-0700][1251][info ][safepoint   ] Safepoint "ICBufferFull", Time since last: 1009379237 ns, Reaching safepoint: 770170 ns, Cleanup: 213682 ns, At safepoint: 342236 ns, Total: 1326088 ns
[2025-10-15T14:41:46.207-0700][1251][info ][safepoint   ] Safepoint "Cleanup", Time since last: 1000083691 ns, Reaching safepoint: 10122582 ns, Cleanup: 138989 ns, At safepoint: 1623045 ns, Total: 11884616 ns
[2025-10-15T14:41:46.422-0700][1251][info ][gc,start    ] GC(123) Pause Young (Normal) (G1 Evacuation Pause)
[2025-10-15T14:41:46.422-0700][1251][info ][gc,task     ] GC(123) Using 113 workers of 113 for evacuation
[2025-10-15T14:41:46.439-0700][1251][debug][gc,remset   ] GC(123) Visited cards 24334080 Total dirty 53149696 (45.78%) Total old 507314176 (4.80%)
[2025-10-15T14:41:46.648-0700][1251][info ][gc,mmu      ] GC(123) MMU target violated: 201.0ms (200.0ms/201.0ms)
[2025-10-15T14:41:46.648-0700][1251][info ][gc,phases   ] GC(123)   Pre Evacuate Collection Set: 0.7ms
[2025-10-15T14:41:46.648-0700][1251][info ][gc,phases   ] GC(123)   Merge Heap Roots: 16.0ms
[2025-10-15T14:41:46.648-0700][1251][info ][gc,phases   ] GC(123)   Evacuate Collection Set: 182.9ms
[2025-10-15T14:41:46.648-0700][1251][info ][gc,phases   ] GC(123)   Post Evacuate Collection Set: 26.7ms
[2025-10-15T14:41:46.648-0700][1251][info ][gc,phases   ] GC(123)   Other: 0.2ms
[2025-10-15T14:41:46.648-0700][1251][debug][gc,remset   ] GC(123) Coarsening (recent): Inline->AoC 485060 (107) AoC->Howl 1411 (246) Howl->Full 0 (0) Inline->AoC 6324 (68) AoC->BitMap 1517 (331) BitMap->Full 0 (0)
[2025-10-15T14:41:46.648-0700][1251][debug][gc,remset   ] GC(123) Coarsening (all): Inline->AoC 31906483 (11978) AoC->Howl 112003 (25675) Howl->Full 0 (0) Inline->AoC 480289 (7363) AoC->BitMap 88363 (18807) BitMap->Full 5 (0)
[2025-10-15T14:41:46.648-0700][1251][info ][gc,heap     ] GC(123) Eden regions: 3269->0(3261)
[2025-10-15T14:41:46.648-0700][1251][info ][gc,heap     ] GC(123) Survivor regions: 187->195(432)
[2025-10-15T14:41:46.648-0700][1251][info ][gc,heap     ] GC(123) Old regions: 825->829
[2025-10-15T14:41:46.648-0700][1251][info ][gc,heap     ] GC(123) Humongous regions: 4->0
[2025-10-15T14:41:46.648-0700][1251][info ][gc,metaspace] GC(123) Metaspace: 297350K(302016K)->297350K(302016K) NonClass: 261835K(264384K)->261835K(264384K) Class: 35514K(37632K)->35514K(37632K)
[2025-10-15T14:41:46.648-0700][1251][info ][gc          ] GC(123) Pause Young (Normal) (G1 Evacuation Pause) 137112M->32742M(184320M) 226.688ms
[2025-10-15T14:41:46.649-0700][1251][info ][gc,cpu      ] GC(123) User=18.72s Sys=0.47s Real=0.23s
[2025-10-15T14:41:46.651-0700][1251][info ][safepoint   ] Safepoint "G1CollectForAllocation", Time since last: 211131175 ns, Reaching safepoint: 2009898 ns, Cleanup: 17477 ns, At safepoint: 229973604 ns, Total: 232000979 ns
[2025-10-15T14:41:47.651-0700][1251][info ][safepoint   ] Safepoint "Cleanup", Time since last: 1000084582 ns, Reaching safepoint: 650100 ns, Cleanup: 17667 ns, At safepoint: 136435 ns, Total: 804202 ns
[2025-10-15T14:41:48.654-0700][1251][info ][safepoint   ] Safepoint "Cleanup", Time since last: 1000097872 ns, Reaching safepoint: 1689867 ns, Cleanup: 75143 ns, At safepoint: 218008 ns, Total: 1983018 ns
[2025-10-15T14:41:49.655-0700][1251][info ][safepoint   ] Safepoint "Cleanup", Time since last: 1000105170 ns, Reaching safepoint: 779266 ns, Cleanup: 19579 ns, At safepoint: 351340 ns, Total: 1150185 ns
[2025-10-15T14:41:50.656-0700][1251][info ][safepoint   ] Safepoint "Cleanup", Time since last: 1000067401 ns, Reaching safepoint: 703741 ns, Cleanup: 21713 ns, At safepoint: 340133 ns, Total: 1065587 ns
[2025-10-15T14:41:51.657-0700][1251][info ][safepoint   ] Safepoint "Cleanup", Time since last: 1000107561 ns, Reaching safepoint: 707568 ns, Cleanup: 17076 ns, At safepoint: 459212 ns, Total: 1183856 ns
[2025-10-15T14:41:52.348-0700][1251][info ][gc,start    ] GC(124) Pause Young (Normal) (G1 Evacuation Pause)
[2025-10-15T14:41:52.348-0700][1251][info ][gc,task     ] GC(124) Using 113 workers of 113 for evacuation
[2025-10-15T14:41:52.364-0700][1251][debug][gc,remset   ] GC(124) Visited cards 24371200 Total dirty 53542912 (45.52%) Total old 507314176 (4.80%)
[2025-10-15T14:41:52.560-0700][1251][info ][gc,mmu      ] GC(124) MMU target violated: 201.0ms (200.0ms/201.0ms)
[2025-10-15T14:41:52.560-0700][1251][info ][gc,phases   ] GC(124)   Pre Evacuate Collection Set: 0.7ms
[2025-10-15T14:41:52.560-0700][1251][info ][gc,phases   ] GC(124)   Merge Heap Roots: 15.3ms
[2025-10-15T14:41:52.560-0700][1251][info ][gc,phases   ] GC(124)   Evacuate Collection Set: 170.0ms
[2025-10-15T14:41:52.560-0700][1251][info ][gc,phases   ] GC(124)   Post Evacuate Collection Set: 25.4ms
[2025-10-15T14:41:52.560-0700][1251][info ][gc,phases   ] GC(124)   Other: 0.2ms
[2025-10-15T14:41:52.560-0700][1251][debug][gc,remset   ] GC(124) Coarsening (recent): Inline->AoC 548112 (82) AoC->Howl 1397 (207) Howl->Full 0 (0) Inline->AoC 6192 (59) AoC->BitMap 1526 (318) BitMap->Full 0 (0)
[2025-10-15T14:41:52.560-0700][1251][debug][gc,remset   ] GC(124) Coarsening (all): Inline->AoC 32454595 (12060) AoC->Howl 113400 (25882) Howl->Full 0 (0) Inline->AoC 486481 (7422) AoC->BitMap 89889 (19125) BitMap->Full 5 (0)
[2025-10-15T14:41:52.560-0700][1251][info ][gc,heap     ] GC(124) Eden regions: 3261->0(3254)
[2025-10-15T14:41:52.560-0700][1251][info ][gc,heap     ] GC(124) Survivor regions: 195->202(432)
[2025-10-15T14:41:52.560-0700][1251][info ][gc,heap     ] GC(124) Old regions: 829->831
[2025-10-15T14:41:52.560-0700][1251][info ][gc,heap     ] GC(124) Humongous regions: 0->0
[2025-10-15T14:41:52.560-0700][1251][info ][gc,metaspace] GC(124) Metaspace: 297381K(302080K)->297381K(302080K) NonClass: 261866K(264448K)->261866K(264448K) Class: 35515K(37632K)->35515K(37632K)
[2025-10-15T14:41:52.560-0700][1251][info ][gc          ] GC(124) Pause Young (Normal) (G1 Evacuation Pause) 137094M->33037M(184320M) 211.809ms
[2025-10-15T14:41:52.561-0700][1251][info ][gc,cpu      ] GC(124) User=18.29s Sys=0.43s Real=0.22s
[2025-10-15T14:41:52.562-0700][1251][info ][safepoint   ] Safepoint "G1CollectForAllocation", Time since last: 689009159 ns, Reaching safepoint: 780878 ns, Cleanup: 13290 ns, At safepoint: 214943754 ns, Total: 215737922 ns
[2025-10-15T14:41:53.563-0700][1251][info ][safepoint   ] Safepoint "Cleanup", Time since last: 1000080660 ns, Reaching safepoint: 734799 ns, Cleanup: 18037 ns, At safepoint: 216016 ns, Total: 968852 ns
[2025-10-15T14:41:54.564-0700][1251][info ][safepoint   ] Safepoint "Cleanup", Time since last: 1000103555 ns, Reaching safepoint: 715720 ns, Cleanup: 17856 ns, At safepoint: 252531 ns, Total: 986107 ns
[2025-10-15T14:41:55.565-0700][1251][info ][safepoint   ] Safepoint "Cleanup", Time since last: 1000104877 ns, Reaching safepoint: 704433 ns, Cleanup: 13631 ns, At safepoint: 175304 ns, Total: 893368 ns
[2025-10-15T14:41:56.566-0700][1251][info ][safepoint   ] Safepoint "Cleanup", Time since last: 1000117436 ns, Reaching safepoint: 779696 ns, Cleanup: 12439 ns, At safepoint: 192030 ns, Total: 984165 ns
[2025-10-15T14:41:58.170-0700][1251][info ][gc,start    ] GC(125) Pause Young (Normal) (G1 Evacuation Pause)
[2025-10-15T14:41:58.170-0700][1251][info ][gc,task     ] GC(125) Using 113 workers of 113 for evacuation
[2025-10-15T14:41:58.186-0700][1251][debug][gc,remset   ] GC(125) Visited cards 24380416 Total dirty 53739520 (45.37%) Total old 507445248 (4.80%)
[2025-10-15T14:41:58.389-0700][1251][info ][gc,mmu      ] GC(125) MMU target violated: 201.0ms (200.0ms/201.0ms)
[2025-10-15T14:41:58.389-0700][1251][info ][gc,phases   ] GC(125)   Pre Evacuate Collection Set: 0.8ms
[2025-10-15T14:41:58.389-0700][1251][info ][gc,phases   ] GC(125)   Merge Heap Roots: 15.3ms
[2025-10-15T14:41:58.389-0700][1251][info ][gc,phases   ] GC(125)   Evacuate Collection Set: 176.3ms
[2025-10-15T14:41:58.389-0700][1251][info ][gc,phases   ] GC(125)   Post Evacuate Collection Set: 26.3ms
[2025-10-15T14:41:58.389-0700][1251][info ][gc,phases   ] GC(125)   Other: 0.2ms
[2025-10-15T14:41:58.389-0700][1251][debug][gc,remset   ] GC(125) Coarsening (recent): Inline->AoC 504435 (112) AoC->Howl 1280 (180) Howl->Full 0 (0) Inline->AoC 5959 (47) AoC->BitMap 1338 (235) BitMap->Full 0 (0)
[2025-10-15T14:41:58.389-0700][1251][debug][gc,remset   ] GC(125) Coarsening (all): Inline->AoC 32959030 (12172) AoC->Howl 114680 (26062) Howl->Full 0 (0) Inline->AoC 492440 (7469) AoC->BitMap 91227 (19360) BitMap->Full 5 (0)
[2025-10-15T14:41:58.389-0700][1251][info ][gc,heap     ] GC(125) Eden regions: 3254->0(3258)
[2025-10-15T14:41:58.389-0700][1251][info ][gc,heap     ] GC(125) Survivor regions: 202->198(432)
[2025-10-15T14:41:58.389-0700][1251][info ][gc,heap     ] GC(125) Old regions: 831->835
[2025-10-15T14:41:58.389-0700][1251][info ][gc,heap     ] GC(125) Humongous regions: 0->0
[2025-10-15T14:41:58.389-0700][1251][info ][gc,metaspace] GC(125) Metaspace: 297386K(302080K)->297386K(302080K) NonClass: 261871K(264448K)->261871K(264448K) Class: 35515K(37632K)->35515K(37632K)
[2025-10-15T14:41:58.389-0700][1251][info ][gc          ] GC(125) Pause Young (Normal) (G1 Evacuation Pause) 137165M->33012M(184320M) 219.077ms
[2025-10-15T14:41:58.390-0700][1251][info ][gc,cpu      ] GC(125) User=18.20s Sys=0.51s Real=0.22s
[2025-10-15T14:41:58.391-0700][1251][info ][safepoint   ] Safepoint "G1CollectForAllocation", Time since last: 1601678270 ns, Reaching safepoint: 1161833 ns, Cleanup: 5127 ns, At safepoint: 222299992 ns, Total: 223466952 ns
[2025-10-15T14:42:03.841-0700][1251][info ][safepoint   ] Safepoint "Cleanup", Time since last: 5448293889 ns, Reaching safepoint: 837935 ns, Cleanup: 12188 ns, At safepoint: 675148 ns, Total: 1525271 ns
[2025-10-15T14:42:04.629-0700][1251][info ][gc,start    ] GC(126) Pause Young (Normal) (G1 Evacuation Pause)
[2025-10-15T14:42:04.629-0700][1251][info ][gc,task     ] GC(126) Using 113 workers of 113 for evacuation
[2025-10-15T14:42:04.645-0700][1251][debug][gc,remset   ] GC(126) Visited cards 24343040 Total dirty 53936128 (45.13%) Total old 507707392 (4.79%)
[2025-10-15T14:42:04.843-0700][1251][info ][gc,mmu      ] GC(126) MMU target violated: 201.0ms (200.0ms/201.0ms)
[2025-10-15T14:42:04.843-0700][1251][info ][gc,phases   ] GC(126)   Pre Evacuate Collection Set: 0.7ms
[2025-10-15T14:42:04.843-0700][1251][info ][gc,phases   ] GC(126)   Merge Heap Roots: 14.6ms
[2025-10-15T14:42:04.843-0700][1251][info ][gc,phases   ] GC(126)   Evacuate Collection Set: 171.3ms
[2025-10-15T14:42:04.843-0700][1251][info ][gc,phases   ] GC(126)   Post Evacuate Collection Set: 26.9ms
[2025-10-15T14:42:04.843-0700][1251][info ][gc,phases   ] GC(126)   Other: 0.2ms
[2025-10-15T14:42:04.843-0700][1251][debug][gc,remset   ] GC(126) Coarsening (recent): Inline->AoC 569939 (96) AoC->Howl 1293 (202) Howl->Full 0 (0) Inline->AoC 6104 (66) AoC->BitMap 1324 (259) BitMap->Full 0 (0)
[2025-10-15T14:42:04.843-0700][1251][debug][gc,remset   ] GC(126) Coarsening (all): Inline->AoC 33528969 (12268) AoC->Howl 115973 (26264) Howl->Full 0 (0) Inline->AoC 498544 (7535) AoC->BitMap 92551 (19619) BitMap->Full 5 (0)
[2025-10-15T14:42:04.843-0700][1251][info ][gc,heap     ] GC(126) Eden regions: 3258->0(3258)
[2025-10-15T14:42:04.843-0700][1251][info ][gc,heap     ] GC(126) Survivor regions: 198->198(432)
[2025-10-15T14:42:04.843-0700][1251][info ][gc,heap     ] GC(126) Old regions: 835->838
[2025-10-15T14:42:04.843-0700][1251][info ][gc,heap     ] GC(126) Humongous regions: 0->0
[2025-10-15T14:42:04.843-0700][1251][info ][gc,metaspace] GC(126) Metaspace: 297388K(302080K)->297388K(302080K) NonClass: 261873K(264448K)->261873K(264448K) Class: 35515K(37632K)->35515K(37632K)
[2025-10-15T14:42:04.843-0700][1251][info ][gc          ] GC(126) Pause Young (Normal) (G1 Evacuation Pause) 137268M->33133M(184320M) 213.792ms
[2025-10-15T14:42:04.844-0700][1251][info ][gc,cpu      ] GC(126) User=17.87s Sys=0.29s Real=0.21s
[2025-10-15T14:42:04.845-0700][1251][info ][safepoint   ] Safepoint "G1CollectForAllocation", Time since last: 786221123 ns, Reaching safepoint: 804754 ns, Cleanup: 11407 ns, At safepoint: 216931563 ns, Total: 217747724 ns
[2025-10-15T14:42:05.846-0700][1251][info ][safepoint   ] Safepoint "Cleanup", Time since last: 1000091737 ns, Reaching safepoint: 768149 ns, Cleanup: 15042 ns, At safepoint: 269477 ns, Total: 1052668 ns
[2025-10-15T14:42:07.847-0700][1251][info ][safepoint   ] Safepoint "Cleanup", Time since last: 2000121691 ns, Reaching safepoint: 781449 ns, Cleanup: 10446 ns, At safepoint: 215244 ns, Total: 1007139 ns
[2025-10-15T14:42:09.849-0700][1251][info ][safepoint   ] Safepoint "Cleanup", Time since last: 2000164296 ns, Reaching safepoint: 740597 ns, Cleanup: 12579 ns, At safepoint: 205300 ns, Total: 958476 ns
[2025-10-15T14:42:10.903-0700][1251][info ][gc,start    ] GC(127) Pause Young (Normal) (G1 Evacuation Pause)
[2025-10-15T14:42:10.903-0700][1251][info ][gc,task     ] GC(127) Using 113 workers of 113 for evacuation
[2025-10-15T14:42:10.918-0700][1251][debug][gc,remset   ] GC(127) Visited cards 24214016 Total dirty 54001664 (44.84%) Total old 507904000 (4.77%)
[2025-10-15T14:42:11.108-0700][1251][info ][gc,mmu      ] GC(127) MMU target violated: 201.0ms (200.0ms/201.0ms)
[2025-10-15T14:42:11.108-0700][1251][info ][gc,phases   ] GC(127)   Pre Evacuate Collection Set: 0.7ms
[2025-10-15T14:42:11.108-0700][1251][info ][gc,phases   ] GC(127)   Merge Heap Roots: 13.6ms
[2025-10-15T14:42:11.108-0700][1251][info ][gc,phases   ] GC(127)   Evacuate Collection Set: 161.9ms
[2025-10-15T14:42:11.108-0700][1251][info ][gc,phases   ] GC(127)   Post Evacuate Collection Set: 27.9ms
[2025-10-15T14:42:11.108-0700][1251][info ][gc,phases   ] GC(127)   Other: 0.2ms
[2025-10-15T14:42:11.108-0700][1251][debug][gc,remset   ] GC(127) Coarsening (recent): Inline->AoC 546341 (123) AoC->Howl 1262 (177) Howl->Full 0 (0) Inline->AoC 6201 (41) AoC->BitMap 1076 (197) BitMap->Full 0 (0)
[2025-10-15T14:42:11.108-0700][1251][debug][gc,remset   ] GC(127) Coarsening (all): Inline->AoC 34075310 (12391) AoC->Howl 117235 (26441) Howl->Full 0 (0) Inline->AoC 504745 (7576) AoC->BitMap 93627 (19816) BitMap->Full 5 (0)
[2025-10-15T14:42:11.108-0700][1251][info ][gc,heap     ] GC(127) Eden regions: 3258->0(3257)
[2025-10-15T14:42:11.108-0700][1251][info ][gc,heap     ] GC(127) Survivor regions: 198->199(432)
[2025-10-15T14:42:11.108-0700][1251][info ][gc,heap     ] GC(127) Old regions: 838->840
[2025-10-15T14:42:11.108-0700][1251][info ][gc,heap     ] GC(127) Humongous regions: 0->0
[2025-10-15T14:42:11.108-0700][1251][info ][gc,metaspace] GC(127) Metaspace: 297397K(302144K)->297397K(302144K) NonClass: 261882K(264512K)->261882K(264512K) Class: 35515K(37632K)->35515K(37632K)
[2025-10-15T14:42:11.108-0700][1251][info ][gc          ] GC(127) Pause Young (Normal) (G1 Evacuation Pause) 137389M->33242M(184320M) 204.348ms
[2025-10-15T14:42:11.109-0700][1251][info ][gc,cpu      ] GC(127) User=17.34s Sys=0.50s Real=0.21s
[2025-10-15T14:42:11.110-0700][1251][info ][safepoint   ] Safepoint "G1CollectForAllocation", Time since last: 1052972723 ns, Reaching safepoint: 784404 ns, Cleanup: 3685 ns, At safepoint: 207579434 ns, Total: 208367523 ns
[2025-10-15T14:42:12.111-0700][1251][info ][safepoint   ] Safepoint "Cleanup", Time since last: 1000095583 ns, Reaching safepoint: 710342 ns, Cleanup: 10736 ns, At safepoint: 86541 ns, Total: 807619 ns
[2025-10-15T14:42:14.112-0700][1251][info ][safepoint   ] Safepoint "Cleanup", Time since last: 2000159328 ns, Reaching safepoint: 796161 ns, Cleanup: 9835 ns, At safepoint: 337729 ns, Total: 1143725 ns
[2025-10-15T14:42:17.243-0700][1251][info ][gc,start    ] GC(128) Pause Young (Normal) (G1 Evacuation Pause)
[2025-10-15T14:42:17.243-0700][1251][info ][gc,task     ] GC(128) Using 113 workers of 113 for evacuation
[2025-10-15T14:42:17.258-0700][1251][debug][gc,remset   ] GC(128) Visited cards 24054016 Total dirty 54132736 (44.44%) Total old 508035072 (4.73%)
[2025-10-15T14:42:17.455-0700][1251][info ][gc,mmu      ] GC(128) MMU target violated: 201.0ms (200.0ms/201.0ms)
[2025-10-15T14:42:17.456-0700][1251][info ][gc,phases   ] GC(128)   Pre Evacuate Collection Set: 0.8ms
[2025-10-15T14:42:17.456-0700][1251][info ][gc,phases   ] GC(128)   Merge Heap Roots: 14.1ms
[2025-10-15T14:42:17.456-0700][1251][info ][gc,phases   ] GC(128)   Evacuate Collection Set: 171.8ms
[2025-10-15T14:42:17.456-0700][1251][info ][gc,phases   ] GC(128)   Post Evacuate Collection Set: 25.9ms
[2025-10-15T14:42:17.456-0700][1251][info ][gc,phases   ] GC(128)   Other: 0.2ms
[2025-10-15T14:42:17.456-0700][1251][debug][gc,remset   ] GC(128) Coarsening (recent): Inline->AoC 615445 (103) AoC->Howl 1258 (217) Howl->Full 0 (0) Inline->AoC 5918 (60) AoC->BitMap 1234 (258) BitMap->Full 0 (0)
[2025-10-15T14:42:17.456-0700][1251][debug][gc,remset   ] GC(128) Coarsening (all): Inline->AoC 34690755 (12494) AoC->Howl 118493 (26658) Howl->Full 0 (0) Inline->AoC 510663 (7636) AoC->BitMap 94861 (20074) BitMap->Full 5 (0)
[2025-10-15T14:42:17.456-0700][1251][info ][gc,heap     ] GC(128) Eden regions: 3257->0(3259)
[2025-10-15T14:42:17.456-0700][1251][info ][gc,heap     ] GC(128) Survivor regions: 199->197(432)
[2025-10-15T14:42:17.456-0700][1251][info ][gc,heap     ] GC(128) Old regions: 840->842
[2025-10-15T14:42:17.456-0700][1251][info ][gc,heap     ] GC(128) Humongous regions: 0->0
[2025-10-15T14:42:17.456-0700][1251][info ][gc,metaspace] GC(128) Metaspace: 297397K(302144K)->297397K(302144K) NonClass: 261882K(264512K)->261882K(264512K) Class: 35515K(37632K)->35515K(37632K)
[2025-10-15T14:42:17.456-0700][1251][info ][gc          ] GC(128) Pause Young (Normal) (G1 Evacuation Pause) 137466M->33237M(184320M) 212.973ms
[2025-10-15T14:42:17.457-0700][1251][info ][gc,cpu      ] GC(128) User=17.68s Sys=0.54s Real=0.21s
[2025-10-15T14:42:17.458-0700][1251][info ][safepoint   ] Safepoint "G1CollectForAllocation", Time since last: 3128630809 ns, Reaching safepoint: 796031 ns, Cleanup: 5197 ns, At safepoint: 216313541 ns, Total: 217114769 ns
[2025-10-15T14:42:20.459-0700][1251][info ][safepoint   ] Safepoint "Cleanup", Time since last: 3000211716 ns, Reaching safepoint: 809190 ns, Cleanup: 12519 ns, At safepoint: 130988 ns, Total: 952697 ns
[2025-10-15T14:42:22.460-0700][1251][info ][safepoint   ] Safepoint "Cleanup", Time since last: 2000149844 ns, Reaching safepoint: 732865 ns, Cleanup: 10426 ns, At safepoint: 190758 ns, Total: 934049 ns
[2025-10-15T14:42:23.741-0700][1251][info ][gc,start    ] GC(129) Pause Young (Normal) (G1 Evacuation Pause)
[2025-10-15T14:42:23.741-0700][1251][info ][gc,task     ] GC(129) Using 113 workers of 113 for evacuation
[2025-10-15T14:42:23.757-0700][1251][debug][gc,remset   ] GC(129) Visited cards 24078080 Total dirty 54525952 (44.16%) Total old 508166144 (4.74%)
[2025-10-15T14:42:23.948-0700][1251][info ][gc,mmu      ] GC(129) MMU target violated: 201.0ms (200.0ms/201.0ms)
[2025-10-15T14:42:23.948-0700][1251][info ][gc,phases   ] GC(129)   Pre Evacuate Collection Set: 0.8ms
[2025-10-15T14:42:23.948-0700][1251][info ][gc,phases   ] GC(129)   Merge Heap Roots: 14.6ms
[2025-10-15T14:42:23.948-0700][1251][info ][gc,phases   ] GC(129)   Evacuate Collection Set: 167.7ms
[2025-10-15T14:42:23.948-0700][1251][info ][gc,phases   ] GC(129)   Post Evacuate Collection Set: 23.3ms
[2025-10-15T14:42:23.948-0700][1251][info ][gc,phases   ] GC(129)   Other: 0.2ms
[2025-10-15T14:42:23.948-0700][1251][debug][gc,remset   ] GC(129) Coarsening (recent): Inline->AoC 544172 (107) AoC->Howl 1204 (191) Howl->Full 0 (0) Inline->AoC 5713 (52) AoC->BitMap 1185 (260) BitMap->Full 0 (0)
[2025-10-15T14:42:23.948-0700][1251][debug][gc,remset   ] GC(129) Coarsening (all): Inline->AoC 35234927 (12601) AoC->Howl 119697 (26849) Howl->Full 0 (0) Inline->AoC 516376 (7688) AoC->BitMap 96046 (20334) BitMap->Full 5 (0)
[2025-10-15T14:42:23.948-0700][1251][info ][gc,heap     ] GC(129) Eden regions: 3259->0(3261)
[2025-10-15T14:42:23.948-0700][1251][info ][gc,heap     ] GC(129) Survivor regions: 197->195(432)
[2025-10-15T14:42:23.948-0700][1251][info ][gc,heap     ] GC(129) Old regions: 842->844
[2025-10-15T14:42:23.948-0700][1251][info ][gc,heap     ] GC(129) Humongous regions: 0->0
[2025-10-15T14:42:23.948-0700][1251][info ][gc,metaspace] GC(129) Metaspace: 297406K(302144K)->297406K(302144K) NonClass: 261891K(264512K)->261891K(264512K) Class: 35515K(37632K)->35515K(37632K)
[2025-10-15T14:42:23.948-0700][1251][info ][gc          ] GC(129) Pause Young (Normal) (G1 Evacuation Pause) 137525M->33221M(184320M) 206.725ms
[2025-10-15T14:42:23.949-0700][1251][info ][gc,cpu      ] GC(129) User=17.45s Sys=0.54s Real=0.21s
[2025-10-15T14:42:23.950-0700][1251][info ][safepoint   ] Safepoint "G1CollectForAllocation", Time since last: 1278900357 ns, Reaching safepoint: 1054902 ns, Cleanup: 5308 ns, At safepoint: 209934016 ns, Total: 210994226 ns
[2025-10-15T14:42:25.951-0700][1251][info ][safepoint   ] Safepoint "Cleanup", Time since last: 2000142072 ns, Reaching safepoint: 627877 ns, Cleanup: 13500 ns, At safepoint: 154964 ns, Total: 796341 ns
[2025-10-15T14:42:28.952-0700][1251][info ][safepoint   ] Safepoint "Cleanup", Time since last: 3000223354 ns, Reaching safepoint: 659865 ns, Cleanup: 9965 ns, At safepoint: 250137 ns, Total: 919967 ns
[2025-10-15T14:42:29.812-0700][1251][info ][gc,start    ] GC(130) Pause Young (Normal) (G1 Evacuation Pause)
[2025-10-15T14:42:29.812-0700][1251][info ][gc,task     ] GC(130) Using 113 workers of 113 for evacuation
[2025-10-15T14:42:29.827-0700][1251][debug][gc,remset   ] GC(130) Visited cards 24014848 Total dirty 54525952 (44.04%) Total old 508297216 (4.72%)
[2025-10-15T14:42:29.991-0700][1251][info ][gc,phases   ] GC(130)   Pre Evacuate Collection Set: 0.7ms
[2025-10-15T14:42:29.991-0700][1251][info ][gc,phases   ] GC(130)   Merge Heap Roots: 14.2ms
[2025-10-15T14:42:29.991-0700][1251][info ][gc,phases   ] GC(130)   Evacuate Collection Set: 140.2ms
[2025-10-15T14:42:29.991-0700][1251][info ][gc,phases   ] GC(130)   Post Evacuate Collection Set: 23.8ms
[2025-10-15T14:42:29.991-0700][1251][info ][gc,phases   ] GC(130)   Other: 0.2ms
[2025-10-15T14:42:29.991-0700][1251][debug][gc,remset   ] GC(130) Coarsening (recent): Inline->AoC 555811 (102) AoC->Howl 1260 (159) Howl->Full 0 (0) Inline->AoC 6153 (49) AoC->BitMap 976 (194) BitMap->Full 0 (0)
[2025-10-15T14:42:29.991-0700][1251][debug][gc,remset   ] GC(130) Coarsening (all): Inline->AoC 35790738 (12703) AoC->Howl 120957 (27008) Howl->Full 0 (0) Inline->AoC 522529 (7737) AoC->BitMap 97022 (20528) BitMap->Full 5 (0)
[2025-10-15T14:42:29.991-0700][1251][info ][gc,heap     ] GC(130) Eden regions: 3261->0(3261)
[2025-10-15T14:42:29.991-0700][1251][info ][gc,heap     ] GC(130) Survivor regions: 195->195(432)
[2025-10-15T14:42:29.991-0700][1251][info ][gc,heap     ] GC(130) Old regions: 844->845
[2025-10-15T14:42:29.991-0700][1251][info ][gc,heap     ] GC(130) Humongous regions: 0->0
[2025-10-15T14:42:29.991-0700][1251][info ][gc,metaspace] GC(130) Metaspace: 297421K(302144K)->297421K(302144K) NonClass: 261904K(264512K)->261904K(264512K) Class: 35516K(37632K)->35516K(37632K)
[2025-10-15T14:42:29.991-0700][1251][info ][gc          ] GC(130) Pause Young (Normal) (G1 Evacuation Pause) 137573M->33271M(184320M) 179.210ms
[2025-10-15T14:42:29.992-0700][1251][info ][gc,cpu      ] GC(130) User=17.80s Sys=0.41s Real=0.18s
[2025-10-15T14:42:29.993-0700][1251][info ][safepoint   ] Safepoint "G1CollectForAllocation", Time since last: 857960799 ns, Reaching safepoint: 642179 ns, Cleanup: 11868 ns, At safepoint: 182360889 ns, Total: 183014936 ns
[2025-10-15T14:42:30.994-0700][1251][info ][safepoint   ] Safepoint "Cleanup", Time since last: 1000090445 ns, Reaching safepoint: 701198 ns, Cleanup: 13981 ns, At safepoint: 144558 ns, Total: 859737 ns
[2025-10-15T14:42:32.995-0700][1251][info ][safepoint   ] Safepoint "Cleanup", Time since last: 2000184897 ns, Reaching safepoint: 753547 ns, Cleanup: 13260 ns, At safepoint: 196797 ns, Total: 963604 ns
[2025-10-15T14:42:36.083-0700][1251][info ][gc,start    ] GC(131) Pause Young (Normal) (G1 Evacuation Pause)
[2025-10-15T14:42:36.083-0700][1251][info ][gc,task     ] GC(131) Using 113 workers of 113 for evacuation
[2025-10-15T14:42:36.099-0700][1251][debug][gc,remset   ] GC(131) Visited cards 23865344 Total dirty 54591488 (43.72%) Total old 508362752 (4.69%)
[2025-10-15T14:42:36.291-0700][1251][info ][gc,mmu      ] GC(131) MMU target violated: 201.0ms (200.0ms/201.0ms)
[2025-10-15T14:42:36.291-0700][1251][info ][gc,phases   ] GC(131)   Pre Evacuate Collection Set: 0.7ms
[2025-10-15T14:42:36.291-0700][1251][info ][gc,phases   ] GC(131)   Merge Heap Roots: 14.8ms
[2025-10-15T14:42:36.291-0700][1251][info ][gc,phases   ] GC(131)   Evacuate Collection Set: 167.4ms
[2025-10-15T14:42:36.291-0700][1251][info ][gc,phases   ] GC(131)   Post Evacuate Collection Set: 24.7ms
[2025-10-15T14:42:36.291-0700][1251][info ][gc,phases   ] GC(131)   Other: 0.2ms
[2025-10-15T14:42:36.291-0700][1251][debug][gc,remset   ] GC(131) Coarsening (recent): Inline->AoC 579456 (94) AoC->Howl 1268 (214) Howl->Full 0 (0) Inline->AoC 5773 (56) AoC->BitMap 1328 (276) BitMap->Full 0 (0)
[2025-10-15T14:42:36.291-0700][1251][debug][gc,remset   ] GC(131) Coarsening (all): Inline->AoC 36370194 (12797) AoC->Howl 122225 (27222) Howl->Full 0 (0) Inline->AoC 528302 (7793) AoC->BitMap 98350 (20804) BitMap->Full 5 (0)
[2025-10-15T14:42:36.291-0700][1251][info ][gc,heap     ] GC(131) Eden regions: 3261->0(3261)
[2025-10-15T14:42:36.291-0700][1251][info ][gc,heap     ] GC(131) Survivor regions: 195->195(432)
[2025-10-15T14:42:36.291-0700][1251][info ][gc,heap     ] GC(131) Old regions: 845->846
[2025-10-15T14:42:36.291-0700][1251][info ][gc,heap     ] GC(131) Humongous regions: 0->0
[2025-10-15T14:42:36.291-0700][1251][info ][gc,metaspace] GC(131) Metaspace: 297580K(302272K)->297580K(302272K) NonClass: 262064K(264640K)->262064K(264640K) Class: 35516K(37632K)->35516K(37632K)
[2025-10-15T14:42:36.291-0700][1251][info ][gc          ] GC(131) Pause Young (Normal) (G1 Evacuation Pause) 137623M->33285M(184320M) 207.922ms
[2025-10-15T14:42:36.292-0700][1251][info ][gc,cpu      ] GC(131) User=17.85s Sys=0.43s Real=0.21s
[2025-10-15T14:42:36.293-0700][1251][info ][safepoint   ] Safepoint "G1CollectForAllocation", Time since last: 3085978743 ns, Reaching safepoint: 973438 ns, Cleanup: 5178 ns, At safepoint: 211195910 ns, Total: 212174526 ns
[2025-10-15T14:42:37.295-0700][1251][info ][safepoint   ] Safepoint "Cleanup", Time since last: 1000080360 ns, Reaching safepoint: 1034180 ns, Cleanup: 9234 ns, At safepoint: 117037 ns, Total: 1160451 ns
[2025-10-15T14:42:40.296-0700][1251][info ][safepoint   ] Safepoint "Cleanup", Time since last: 3000222111 ns, Reaching safepoint: 1336857 ns, Cleanup: 14642 ns, At safepoint: 280183 ns, Total: 1631682 ns
[2025-10-15T14:42:41.297-0700][1251][info ][safepoint   ] Safepoint "Cleanup", Time since last: 1000108399 ns, Reaching safepoint: 639143 ns, Cleanup: 12199 ns, At safepoint: 182725 ns, Total: 834067 ns
[2025-10-15T14:42:42.539-0700][1251][info ][gc,start    ] GC(132) Pause Young (Normal) (G1 Evacuation Pause)
[2025-10-15T14:42:42.539-0700][1251][info ][gc,task     ] GC(132) Using 113 workers of 113 for evacuation
[2025-10-15T14:42:42.554-0700][1251][debug][gc,remset   ] GC(132) Visited cards 23834624 Total dirty 54591488 (43.66%) Total old 508428288 (4.69%)
[2025-10-15T14:42:42.747-0700][1251][info ][gc,mmu      ] GC(132) MMU target violated: 201.0ms (200.0ms/201.0ms)
[2025-10-15T14:42:42.747-0700][1251][info ][gc,phases   ] GC(132)   Pre Evacuate Collection Set: 0.8ms
[2025-10-15T14:42:42.747-0700][1251][info ][gc,phases   ] GC(132)   Merge Heap Roots: 14.4ms
[2025-10-15T14:42:42.747-0700][1251][info ][gc,phases   ] GC(132)   Evacuate Collection Set: 167.1ms
[2025-10-15T14:42:42.747-0700][1251][info ][gc,phases   ] GC(132)   Post Evacuate Collection Set: 26.1ms
[2025-10-15T14:42:42.747-0700][1251][info ][gc,phases   ] GC(132)   Other: 0.2ms
[2025-10-15T14:42:42.747-0700][1251][debug][gc,remset   ] GC(132) Coarsening (recent): Inline->AoC 569496 (102) AoC->Howl 1268 (175) Howl->Full 0 (0) Inline->AoC 6013 (56) AoC->BitMap 1149 (229) BitMap->Full 0 (0)
[2025-10-15T14:42:42.747-0700][1251][debug][gc,remset   ] GC(132) Coarsening (all): Inline->AoC 36939690 (12899) AoC->Howl 123493 (27397) Howl->Full 0 (0) Inline->AoC 534315 (7849) AoC->BitMap 99499 (21033) BitMap->Full 5 (0)
[2025-10-15T14:42:42.747-0700][1251][info ][gc,heap     ] GC(132) Eden regions: 3261->0(3261)
[2025-10-15T14:42:42.747-0700][1251][info ][gc,heap     ] GC(132) Survivor regions: 195->195(432)
[2025-10-15T14:42:42.747-0700][1251][info ][gc,heap     ] GC(132) Old regions: 846->847
[2025-10-15T14:42:42.747-0700][1251][info ][gc,heap     ] GC(132) Humongous regions: 0->0
[2025-10-15T14:42:42.747-0700][1251][info ][gc,metaspace] GC(132) Metaspace: 297584K(302272K)->297584K(302272K) NonClass: 262066K(264640K)->262066K(264640K) Class: 35517K(37632K)->35517K(37632K)
[2025-10-15T14:42:42.747-0700][1251][info ][gc          ] GC(132) Pause Young (Normal) (G1 Evacuation Pause) 137637M->33327M(184320M) 208.804ms
[2025-10-15T14:42:42.749-0700][1251][info ][gc,cpu      ] GC(132) User=17.32s Sys=0.53s Real=0.21s
[2025-10-15T14:42:42.750-0700][1251][info ][safepoint   ] Safepoint "G1CollectForAllocation", Time since last: 1239112662 ns, Reaching safepoint: 1129562 ns, Cleanup: 5579 ns, At safepoint: 212187120 ns, Total: 213322261 ns
[2025-10-15T14:42:48.861-0700][1251][info ][gc,start    ] GC(133) Pause Young (Normal) (G1 Evacuation Pause)
[2025-10-15T14:42:48.861-0700][1251][info ][gc,task     ] GC(133) Using 113 workers of 113 for evacuation
[2025-10-15T14:42:48.876-0700][1251][debug][gc,remset   ] GC(133) Visited cards 23966976 Total dirty 54722560 (43.80%) Total old 508493824 (4.71%)
[2025-10-15T14:42:49.069-0700][1251][info ][gc,mmu      ] GC(133) MMU target violated: 201.0ms (200.0ms/201.0ms)
[2025-10-15T14:42:49.069-0700][1251][info ][gc,phases   ] GC(133)   Pre Evacuate Collection Set: 0.7ms
[2025-10-15T14:42:49.069-0700][1251][info ][gc,phases   ] GC(133)   Merge Heap Roots: 14.2ms
[2025-10-15T14:42:49.069-0700][1251][info ][gc,phases   ] GC(133)   Evacuate Collection Set: 165.5ms
[2025-10-15T14:42:49.069-0700][1251][info ][gc,phases   ] GC(133)   Post Evacuate Collection Set: 26.6ms
[2025-10-15T14:42:49.069-0700][1251][info ][gc,phases   ] GC(133)   Other: 0.2ms
[2025-10-15T14:42:49.069-0700][1251][debug][gc,remset   ] GC(133) Coarsening (recent): Inline->AoC 605187 (94) AoC->Howl 1259 (195) Howl->Full 0 (0) Inline->AoC 5879 (56) AoC->BitMap 1235 (249) BitMap->Full 0 (0)
[2025-10-15T14:42:49.069-0700][1251][debug][gc,remset   ] GC(133) Coarsening (all): Inline->AoC 37544877 (12993) AoC->Howl 124752 (27592) Howl->Full 0 (0) Inline->AoC 540194 (7905) AoC->BitMap 100734 (21282) BitMap->Full 5 (0)
[2025-10-15T14:42:49.069-0700][1251][info ][gc,heap     ] GC(133) Eden regions: 3261->0(3260)
[2025-10-15T14:42:49.069-0700][1251][info ][gc,heap     ] GC(133) Survivor regions: 195->196(432)
[2025-10-15T14:42:49.069-0700][1251][info ][gc,heap     ] GC(133) Old regions: 847->848
[2025-10-15T14:42:49.069-0700][1251][info ][gc,heap     ] GC(133) Humongous regions: 0->0
[2025-10-15T14:42:49.069-0700][1251][info ][gc,metaspace] GC(133) Metaspace: 297584K(302272K)->297584K(302272K) NonClass: 262066K(264640K)->262066K(264640K) Class: 35517K(37632K)->35517K(37632K)
[2025-10-15T14:42:49.069-0700][1251][info ][gc          ] GC(133) Pause Young (Normal) (G1 Evacuation Pause) 137679M->33383M(184320M) 207.355ms
[2025-10-15T14:42:49.070-0700][1251][info ][gc,cpu      ] GC(133) User=17.58s Sys=0.48s Real=0.21s
[2025-10-15T14:42:49.071-0700][1251][info ][safepoint   ] Safepoint "G1CollectForAllocation", Time since last: 6109901372 ns, Reaching safepoint: 670831 ns, Cleanup: 4837 ns, At safepoint: 210587219 ns, Total: 211262887 ns
[2025-10-15T14:42:50.072-0700][1251][info ][safepoint   ] Safepoint "Cleanup", Time since last: 1000090126 ns, Reaching safepoint: 697271 ns, Cleanup: 19850 ns, At safepoint: 128794 ns, Total: 845915 ns
[2025-10-15T14:42:51.073-0700][1251][info ][safepoint   ] Safepoint "Cleanup", Time since last: 1000109885 ns, Reaching safepoint: 700305 ns, Cleanup: 16125 ns, At safepoint: 102885 ns, Total: 819315 ns
[2025-10-15T14:42:55.074-0700][1251][info ][safepoint   ] Safepoint "Cleanup", Time since last: 4000283613 ns, Reaching safepoint: 748010 ns, Cleanup: 13210 ns, At safepoint: 156136 ns, Total: 917356 ns
[2025-10-15T14:42:55.315-0700][1251][info ][gc,start    ] GC(134) Pause Young (Normal) (G1 Evacuation Pause)
[2025-10-15T14:42:55.315-0700][1251][info ][gc,task     ] GC(134) Using 113 workers of 113 for evacuation
[2025-10-15T14:42:55.330-0700][1251][debug][gc,remset   ] GC(134) Visited cards 23966720 Total dirty 54853632 (43.69%) Total old 508559360 (4.71%)
[2025-10-15T14:42:55.522-0700][1251][info ][gc,mmu      ] GC(134) MMU target violated: 201.0ms (200.0ms/201.0ms)
[2025-10-15T14:42:55.522-0700][1251][info ][gc,phases   ] GC(134)   Pre Evacuate Collection Set: 0.8ms
[2025-10-15T14:42:55.522-0700][1251][info ][gc,phases   ] GC(134)   Merge Heap Roots: 14.0ms
[2025-10-15T14:42:55.522-0700][1251][info ][gc,phases   ] GC(134)   Evacuate Collection Set: 166.3ms
[2025-10-15T14:42:55.522-0700][1251][info ][gc,phases   ] GC(134)   Post Evacuate Collection Set: 25.7ms
[2025-10-15T14:42:55.522-0700][1251][info ][gc,phases   ] GC(134)   Other: 0.2ms
[2025-10-15T14:42:55.522-0700][1251][debug][gc,remset   ] GC(134) Coarsening (recent): Inline->AoC 547502 (108) AoC->Howl 1276 (200) Howl->Full 0 (0) Inline->AoC 5957 (48) AoC->BitMap 1159 (237) BitMap->Full 0 (0)
[2025-10-15T14:42:55.522-0700][1251][debug][gc,remset   ] GC(134) Coarsening (all): Inline->AoC 38092379 (13101) AoC->Howl 126028 (27792) Howl->Full 0 (0) Inline->AoC 546151 (7953) AoC->BitMap 101893 (21519) BitMap->Full 5 (0)
[2025-10-15T14:42:55.522-0700][1251][info ][gc,heap     ] GC(134) Eden regions: 3260->0(3257)
[2025-10-15T14:42:55.522-0700][1251][info ][gc,heap     ] GC(134) Survivor regions: 196->199(432)
[2025-10-15T14:42:55.522-0700][1251][info ][gc,heap     ] GC(134) Old regions: 848->849
[2025-10-15T14:42:55.522-0700][1251][info ][gc,heap     ] GC(134) Humongous regions: 0->0
[2025-10-15T14:42:55.522-0700][1251][info ][gc,metaspace] GC(134) Metaspace: 297593K(302336K)->297593K(302336K) NonClass: 262076K(264704K)->262076K(264704K) Class: 35517K(37632K)->35517K(37632K)
[2025-10-15T14:42:55.522-0700][1251][info ][gc          ] GC(134) Pause Young (Normal) (G1 Evacuation Pause) 137703M->33508M(184320M) 207.189ms
[2025-10-15T14:42:55.523-0700][1251][info ][gc,cpu      ] GC(134) User=17.47s Sys=0.50s Real=0.21s
[2025-10-15T14:42:55.524-0700][1251][info ][safepoint   ] Safepoint "G1CollectForAllocation", Time since last: 238925237 ns, Reaching safepoint: 713138 ns, Cleanup: 4166 ns, At safepoint: 210808340 ns, Total: 211525644 ns
[2025-10-15T14:42:59.526-0700][1251][info ][safepoint   ] Safepoint "Cleanup", Time since last: 4000225219 ns, Reaching safepoint: 695180 ns, Cleanup: 12169 ns, At safepoint: 288055 ns, Total: 995404 ns
[2025-10-15T14:43:00.527-0700][1251][info ][safepoint   ] Safepoint "Cleanup", Time since last: 1000101118 ns, Reaching safepoint: 715651 ns, Cleanup: 17476 ns, At safepoint: 265061 ns, Total: 998188 ns
[2025-10-15T14:43:01.676-0700][1251][info ][gc,start    ] GC(135) Pause Young (Normal) (G1 Evacuation Pause)
[2025-10-15T14:43:01.676-0700][1251][info ][gc,task     ] GC(135) Using 113 workers of 113 for evacuation
[2025-10-15T14:43:01.691-0700][1251][debug][gc,remset   ] GC(135) Visited cards 23897600 Total dirty 54853632 (43.57%) Total old 508624896 (4.70%)
[2025-10-15T14:43:01.885-0700][1251][info ][gc,mmu      ] GC(135) MMU target violated: 201.0ms (200.0ms/201.0ms)
[2025-10-15T14:43:01.885-0700][1251][info ][gc,phases   ] GC(135)   Pre Evacuate Collection Set: 0.9ms
[2025-10-15T14:43:01.885-0700][1251][info ][gc,phases   ] GC(135)   Merge Heap Roots: 14.6ms
[2025-10-15T14:43:01.885-0700][1251][info ][gc,phases   ] GC(135)   Evacuate Collection Set: 170.2ms
[2025-10-15T14:43:01.885-0700][1251][info ][gc,phases   ] GC(135)   Post Evacuate Collection Set: 23.5ms
[2025-10-15T14:43:01.885-0700][1251][info ][gc,phases   ] GC(135)   Other: 0.2ms
[2025-10-15T14:43:01.885-0700][1251][debug][gc,remset   ] GC(135) Coarsening (recent): Inline->AoC 544329 (106) AoC->Howl 1159 (164) Howl->Full 0 (0) Inline->AoC 5467 (42) AoC->BitMap 967 (198) BitMap->Full 0 (0)
[2025-10-15T14:43:01.885-0700][1251][debug][gc,remset   ] GC(135) Coarsening (all): Inline->AoC 38636708 (13207) AoC->Howl 127187 (27956) Howl->Full 0 (0) Inline->AoC 551618 (7995) AoC->BitMap 102860 (21717) BitMap->Full 5 (0)
[2025-10-15T14:43:01.885-0700][1251][info ][gc,heap     ] GC(135) Eden regions: 3257->0(3262)
[2025-10-15T14:43:01.885-0700][1251][info ][gc,heap     ] GC(135) Survivor regions: 199->194(432)
[2025-10-15T14:43:01.885-0700][1251][info ][gc,heap     ] GC(135) Old regions: 849->850
[2025-10-15T14:43:01.885-0700][1251][info ][gc,heap     ] GC(135) Humongous regions: 0->0
[2025-10-15T14:43:01.885-0700][1251][info ][gc,metaspace] GC(135) Metaspace: 297594K(302336K)->297594K(302336K) NonClass: 262077K(264704K)->262077K(264704K) Class: 35517K(37632K)->35517K(37632K)
[2025-10-15T14:43:01.885-0700][1251][info ][gc          ] GC(135) Pause Young (Normal) (G1 Evacuation Pause) 137732M->33401M(184320M) 209.550ms
[2025-10-15T14:43:01.886-0700][1251][info ][gc,cpu      ] GC(135) User=17.71s Sys=0.56s Real=0.21s
[2025-10-15T14:43:01.888-0700][1251][info ][safepoint   ] Safepoint "G1CollectForAllocation", Time since last: 1146917741 ns, Reaching safepoint: 1087653 ns, Cleanup: 6600 ns, At safepoint: 212858427 ns, Total: 213952680 ns
[2025-10-15T14:43:02.889-0700][1251][info ][safepoint   ] Safepoint "Cleanup", Time since last: 1000089260 ns, Reaching safepoint: 930065 ns, Cleanup: 14662 ns, At safepoint: 109646 ns, Total: 1054373 ns
[2025-10-15T14:43:04.904-0700][1251][info ][safepoint   ] Safepoint "Cleanup", Time since last: 2014563682 ns, Reaching safepoint: 675741 ns, Cleanup: 10285 ns, At safepoint: 273153 ns, Total: 959179 ns
[2025-10-15T14:43:05.906-0700][1251][info ][safepoint   ] Safepoint "Cleanup", Time since last: 1000107367 ns, Reaching safepoint: 735301 ns, Cleanup: 9424 ns, At safepoint: 373624 ns, Total: 1118349 ns
[2025-10-15T14:43:06.906-0700][1251][info ][safepoint   ] Safepoint "Cleanup", Time since last: 1000104964 ns, Reaching safepoint: 644674 ns, Cleanup: 11036 ns, At safepoint: 138099 ns, Total: 793809 ns
[2025-10-15T14:43:08.026-0700][1251][info ][gc,start    ] GC(136) Pause Young (Normal) (G1 Evacuation Pause)
[2025-10-15T14:43:08.026-0700][1251][info ][gc,task     ] GC(136) Using 113 workers of 113 for evacuation
[2025-10-15T14:43:08.040-0700][1251][debug][gc,remset   ] GC(136) Visited cards 24009728 Total dirty 54657024 (43.93%) Total old 508690432 (4.72%)
[2025-10-15T14:43:08.221-0700][1251][info ][gc,phases   ] GC(136)   Pre Evacuate Collection Set: 0.7ms
[2025-10-15T14:43:08.221-0700][1251][info ][gc,phases   ] GC(136)   Merge Heap Roots: 13.8ms
[2025-10-15T14:43:08.221-0700][1251][info ][gc,phases   ] GC(136)   Evacuate Collection Set: 157.8ms
[2025-10-15T14:43:08.221-0700][1251][info ][gc,phases   ] GC(136)   Post Evacuate Collection Set: 23.0ms
[2025-10-15T14:43:08.221-0700][1251][info ][gc,phases   ] GC(136)   Other: 0.2ms
[2025-10-15T14:43:08.221-0700][1251][debug][gc,remset   ] GC(136) Coarsening (recent): Inline->AoC 600020 (79) AoC->Howl 1171 (181) Howl->Full 0 (0) Inline->AoC 5470 (46) AoC->BitMap 1249 (272) BitMap->Full 0 (0)
[2025-10-15T14:43:08.221-0700][1251][debug][gc,remset   ] GC(136) Coarsening (all): Inline->AoC 39236728 (13286) AoC->Howl 128358 (28137) Howl->Full 0 (0) Inline->AoC 557088 (8041) AoC->BitMap 104109 (21989) BitMap->Full 5 (0)
[2025-10-15T14:43:08.221-0700][1251][info ][gc,heap     ] GC(136) Eden regions: 3262->0(3258)
[2025-10-15T14:43:08.221-0700][1251][info ][gc,heap     ] GC(136) Survivor regions: 194->198(432)
[2025-10-15T14:43:08.221-0700][1251][info ][gc,heap     ] GC(136) Old regions: 850->851
[2025-10-15T14:43:08.221-0700][1251][info ][gc,heap     ] GC(136) Humongous regions: 0->0
[2025-10-15T14:43:08.221-0700][1251][info ][gc,metaspace] GC(136) Metaspace: 297594K(302336K)->297594K(302336K) NonClass: 262077K(264704K)->262077K(264704K) Class: 35517K(37632K)->35517K(37632K)
[2025-10-15T14:43:08.221-0700][1251][info ][gc          ] GC(136) Pause Young (Normal) (G1 Evacuation Pause) 137785M->33538M(184320M) 195.622ms
[2025-10-15T14:43:08.222-0700][1251][info ][gc,cpu      ] GC(136) User=17.52s Sys=0.63s Real=0.20s
[2025-10-15T14:43:08.224-0700][1251][info ][safepoint   ] Safepoint "G1CollectForAllocation", Time since last: 1117560019 ns, Reaching safepoint: 772077 ns, Cleanup: 5167 ns, At safepoint: 198773709 ns, Total: 199550953 ns
[2025-10-15T14:43:09.224-0700][1251][info ][safepoint   ] Safepoint "Cleanup", Time since last: 1000090181 ns, Reaching safepoint: 583001 ns, Cleanup: 9795 ns, At safepoint: 141363 ns, Total: 734159 ns
[2025-10-15T14:43:12.225-0700][1251][info ][safepoint   ] Safepoint "Cleanup", Time since last: 3000227108 ns, Reaching safepoint: 652906 ns, Cleanup: 18568 ns, At safepoint: 156637 ns, Total: 828111 ns
[2025-10-15T14:43:14.496-0700][1251][info ][gc,start    ] GC(137) Pause Young (Normal) (G1 Evacuation Pause)
[2025-10-15T14:43:14.496-0700][1251][info ][gc,task     ] GC(137) Using 113 workers of 113 for evacuation
[2025-10-15T14:43:14.511-0700][1251][debug][gc,remset   ] GC(137) Visited cards 23954688 Total dirty 54722560 (43.77%) Total old 508755968 (4.71%)
[2025-10-15T14:43:14.706-0700][1251][info ][gc,mmu      ] GC(137) MMU target violated: 201.0ms (200.0ms/201.0ms)
[2025-10-15T14:43:14.706-0700][1251][info ][gc,phases   ] GC(137)   Pre Evacuate Collection Set: 0.7ms
[2025-10-15T14:43:14.706-0700][1251][info ][gc,phases   ] GC(137)   Merge Heap Roots: 14.2ms
[2025-10-15T14:43:14.706-0700][1251][info ][gc,phases   ] GC(137)   Evacuate Collection Set: 171.1ms
[2025-10-15T14:43:14.706-0700][1251][info ][gc,phases   ] GC(137)   Post Evacuate Collection Set: 24.2ms
[2025-10-15T14:43:14.706-0700][1251][info ][gc,phases   ] GC(137)   Other: 0.2ms
[2025-10-15T14:43:14.706-0700][1251][debug][gc,remset   ] GC(137) Coarsening (recent): Inline->AoC 529374 (99) AoC->Howl 1221 (203) Howl->Full 0 (0) Inline->AoC 5802 (48) AoC->BitMap 1192 (241) BitMap->Full 0 (0)
[2025-10-15T14:43:14.706-0700][1251][debug][gc,remset   ] GC(137) Coarsening (all): Inline->AoC 39766102 (13385) AoC->Howl 129579 (28340) Howl->Full 0 (0) Inline->AoC 562890 (8089) AoC->BitMap 105301 (22230) BitMap->Full 5 (0)
[2025-10-15T14:43:14.706-0700][1251][info ][gc,heap     ] GC(137) Eden regions: 3258->0(3269)
[2025-10-15T14:43:14.706-0700][1251][info ][gc,heap     ] GC(137) Survivor regions: 198->187(432)
[2025-10-15T14:43:14.706-0700][1251][info ][gc,heap     ] GC(137) Old regions: 851->861
[2025-10-15T14:43:14.706-0700][1251][info ][gc,heap     ] GC(137) Humongous regions: 0->0
[2025-10-15T14:43:14.706-0700][1251][info ][gc,metaspace] GC(137) Metaspace: 297594K(302336K)->297594K(302336K) NonClass: 262077K(264704K)->262077K(264704K) Class: 35517K(37632K)->35517K(37632K)
[2025-10-15T14:43:14.706-0700][1251][info ][gc          ] GC(137) Pause Young (Normal) (G1 Evacuation Pause) 137794M->33508M(184320M) 210.613ms
[2025-10-15T14:43:14.707-0700][1251][info ][gc,cpu      ] GC(137) User=17.61s Sys=0.43s Real=0.21s
[2025-10-15T14:43:14.708-0700][1251][info ][safepoint   ] Safepoint "G1CollectForAllocation", Time since last: 2267917347 ns, Reaching safepoint: 1244380 ns, Cleanup: 7311 ns, At safepoint: 213879660 ns, Total: 215131351 ns
[2025-10-15T14:43:18.710-0700][1251][info ][safepoint   ] Safepoint "Cleanup", Time since last: 4000283437 ns, Reaching safepoint: 775882 ns, Cleanup: 12840 ns, At safepoint: 258350 ns, Total: 1047072 ns
[2025-10-15T14:43:20.759-0700][1251][info ][gc,start    ] GC(138) Pause Young (Normal) (G1 Evacuation Pause)
[2025-10-15T14:43:20.759-0700][1251][info ][gc,task     ] GC(138) Using 113 workers of 113 for evacuation
[2025-10-15T14:43:20.774-0700][1251][debug][gc,remset   ] GC(138) Visited cards 23861760 Total dirty 55574528 (42.94%) Total old 509411328 (4.68%)
[2025-10-15T14:43:20.949-0700][1251][info ][gc,phases   ] GC(138)   Pre Evacuate Collection Set: 0.7ms
[2025-10-15T14:43:20.949-0700][1251][info ][gc,phases   ] GC(138)   Merge Heap Roots: 14.4ms
[2025-10-15T14:43:20.949-0700][1251][info ][gc,phases   ] GC(138)   Evacuate Collection Set: 149.1ms
[2025-10-15T14:43:20.949-0700][1251][info ][gc,phases   ] GC(138)   Post Evacuate Collection Set: 25.2ms
[2025-10-15T14:43:20.949-0700][1251][info ][gc,phases   ] GC(138)   Other: 0.1ms
[2025-10-15T14:43:20.949-0700][1251][debug][gc,remset   ] GC(138) Coarsening (recent): Inline->AoC 622889 (97) AoC->Howl 1119 (193) Howl->Full 0 (0) Inline->AoC 5122 (53) AoC->BitMap 1075 (245) BitMap->Full 0 (0)
[2025-10-15T14:43:20.949-0700][1251][debug][gc,remset   ] GC(138) Coarsening (all): Inline->AoC 40388991 (13482) AoC->Howl 130698 (28533) Howl->Full 0 (0) Inline->AoC 568012 (8142) AoC->BitMap 106376 (22475) BitMap->Full 5 (0)
[2025-10-15T14:43:20.949-0700][1251][info ][gc,heap     ] GC(138) Eden regions: 3269->0(3278)
[2025-10-15T14:43:20.949-0700][1251][info ][gc,heap     ] GC(138) Survivor regions: 187->178(432)
[2025-10-15T14:43:20.949-0700][1251][info ][gc,heap     ] GC(138) Old regions: 861->872
[2025-10-15T14:43:20.949-0700][1251][info ][gc,heap     ] GC(138) Humongous regions: 0->0
[2025-10-15T14:43:20.949-0700][1251][info ][gc,metaspace] GC(138) Metaspace: 297594K(302336K)->297594K(302336K) NonClass: 262077K(264704K)->262077K(264704K) Class: 35517K(37632K)->35517K(37632K)
[2025-10-15T14:43:20.949-0700][1251][info ][gc          ] GC(138) Pause Young (Normal) (G1 Evacuation Pause) 138116M->33595M(184320M) 189.641ms
[2025-10-15T14:43:20.950-0700][1251][info ][gc,cpu      ] GC(138) User=17.01s Sys=0.39s Real=0.19s
[2025-10-15T14:43:20.951-0700][1251][info ][safepoint   ] Safepoint "G1CollectForAllocation", Time since last: 2047821176 ns, Reaching safepoint: 623732 ns, Cleanup: 4467 ns, At safepoint: 192820675 ns, Total: 193448874 ns
[2025-10-15T14:43:24.952-0700][1251][info ][safepoint   ] Safepoint "Cleanup", Time since last: 4000263557 ns, Reaching safepoint: 591895 ns, Cleanup: 17636 ns, At safepoint: 267885 ns, Total: 877416 ns
[2025-10-15T14:43:26.612-0700][1251][info ][gc,start    ] GC(139) Pause Young (Normal) (G1 Evacuation Pause)
[2025-10-15T14:43:26.612-0700][1251][info ][gc,task     ] GC(139) Using 113 workers of 113 for evacuation
[2025-10-15T14:43:26.629-0700][1251][debug][gc,remset   ] GC(139) Visited cards 24072448 Total dirty 56295424 (42.76%) Total old 510132224 (4.72%)
[2025-10-15T14:43:26.821-0700][1251][info ][gc,mmu      ] GC(139) MMU target violated: 201.0ms (200.0ms/201.0ms)
[2025-10-15T14:43:26.821-0700][1251][info ][gc,phases   ] GC(139)   Pre Evacuate Collection Set: 0.9ms
[2025-10-15T14:43:26.821-0700][1251][info ][gc,phases   ] GC(139)   Merge Heap Roots: 16.0ms
[2025-10-15T14:43:26.821-0700][1251][info ][gc,phases   ] GC(139)   Evacuate Collection Set: 165.7ms
[2025-10-15T14:43:26.821-0700][1251][info ][gc,phases   ] GC(139)   Post Evacuate Collection Set: 25.9ms
[2025-10-15T14:43:26.821-0700][1251][info ][gc,phases   ] GC(139)   Other: 0.2ms
[2025-10-15T14:43:26.821-0700][1251][debug][gc,remset   ] GC(139) Coarsening (recent): Inline->AoC 485878 (110) AoC->Howl 1182 (172) Howl->Full 0 (0) Inline->AoC 5360 (54) AoC->BitMap 1041 (205) BitMap->Full 0 (0)
[2025-10-15T14:43:26.821-0700][1251][debug][gc,remset   ] GC(139) Coarsening (all): Inline->AoC 40874869 (13592) AoC->Howl 131880 (28705) Howl->Full 0 (0) Inline->AoC 573372 (8196) AoC->BitMap 107417 (22680) BitMap->Full 5 (0)
[2025-10-15T14:43:26.821-0700][1251][info ][gc,heap     ] GC(139) Eden regions: 3278->0(3284)
[2025-10-15T14:43:26.821-0700][1251][info ][gc,heap     ] GC(139) Survivor regions: 178->172(432)
[2025-10-15T14:43:26.821-0700][1251][info ][gc,heap     ] GC(139) Old regions: 872->877
[2025-10-15T14:43:26.821-0700][1251][info ][gc,heap     ] GC(139) Humongous regions: 0->0
[2025-10-15T14:43:26.821-0700][1251][info ][gc,metaspace] GC(139) Metaspace: 297594K(302336K)->297594K(302336K) NonClass: 262077K(264704K)->262077K(264704K) Class: 35517K(37632K)->35517K(37632K)
[2025-10-15T14:43:26.821-0700][1251][info ][gc          ] GC(139) Pause Young (Normal) (G1 Evacuation Pause) 138491M->33545M(184320M) 208.867ms
[2025-10-15T14:43:26.822-0700][1251][info ][gc,cpu      ] GC(139) User=16.63s Sys=0.36s Real=0.21s
[2025-10-15T14:43:26.823-0700][1251][info ][safepoint   ] Safepoint "G1CollectForAllocation", Time since last: 1657633211 ns, Reaching safepoint: 1279128 ns, Cleanup: 4928 ns, At safepoint: 212110315 ns, Total: 213394371 ns
[2025-10-15T14:43:31.824-0700][1251][info ][safepoint   ] Safepoint "Cleanup", Time since last: 5000339285 ns, Reaching safepoint: 665944 ns, Cleanup: 18778 ns, At safepoint: 219722 ns, Total: 904444 ns
[2025-10-15T14:43:32.825-0700][1251][info ][safepoint   ] Safepoint "Cleanup", Time since last: 1000102455 ns, Reaching safepoint: 635377 ns, Cleanup: 10436 ns, At safepoint: 146371 ns, Total: 792184 ns
[2025-10-15T14:43:33.161-0700][1251][info ][gc,start    ] GC(140) Pause Young (Normal) (G1 Evacuation Pause)
[2025-10-15T14:43:33.161-0700][1251][info ][gc,task     ] GC(140) Using 113 workers of 113 for evacuation
[2025-10-15T14:43:33.176-0700][1251][debug][gc,remset   ] GC(140) Visited cards 24079616 Total dirty 56492032 (42.62%) Total old 510459904 (4.72%)
[2025-10-15T14:43:33.354-0700][1251][info ][gc,phases   ] GC(140)   Pre Evacuate Collection Set: 0.7ms
[2025-10-15T14:43:33.354-0700][1251][info ][gc,phases   ] GC(140)   Merge Heap Roots: 14.3ms
[2025-10-15T14:43:33.354-0700][1251][info ][gc,phases   ] GC(140)   Evacuate Collection Set: 151.3ms
[2025-10-15T14:43:33.354-0700][1251][info ][gc,phases   ] GC(140)   Post Evacuate Collection Set: 26.3ms
[2025-10-15T14:43:33.354-0700][1251][info ][gc,phases   ] GC(140)   Other: 0.1ms
[2025-10-15T14:43:33.354-0700][1251][debug][gc,remset   ] GC(140) Coarsening (recent): Inline->AoC 610790 (115) AoC->Howl 1314 (195) Howl->Full 0 (0) Inline->AoC 5995 (48) AoC->BitMap 1242 (260) BitMap->Full 0 (0)
[2025-10-15T14:43:33.354-0700][1251][debug][gc,remset   ] GC(140) Coarsening (all): Inline->AoC 41485659 (13707) AoC->Howl 133194 (28900) Howl->Full 0 (0) Inline->AoC 579367 (8244) AoC->BitMap 108659 (22940) BitMap->Full 5 (0)
[2025-10-15T14:43:33.354-0700][1251][info ][gc,heap     ] GC(140) Eden regions: 3284->0(3283)
[2025-10-15T14:43:33.354-0700][1251][info ][gc,heap     ] GC(140) Survivor regions: 172->173(432)
[2025-10-15T14:43:33.354-0700][1251][info ][gc,heap     ] GC(140) Old regions: 877->879
[2025-10-15T14:43:33.354-0700][1251][info ][gc,heap     ] GC(140) Humongous regions: 0->0
[2025-10-15T14:43:33.354-0700][1251][info ][gc,metaspace] GC(140) Metaspace: 297597K(302336K)->297597K(302336K) NonClass: 262080K(264704K)->262080K(264704K) Class: 35517K(37632K)->35517K(37632K)
[2025-10-15T14:43:33.354-0700][1251][info ][gc          ] GC(140) Pause Young (Normal) (G1 Evacuation Pause) 138633M->33638M(184320M) 192.929ms
[2025-10-15T14:43:33.355-0700][1251][info ][gc,cpu      ] GC(140) User=16.26s Sys=0.43s Real=0.19s
[2025-10-15T14:43:33.356-0700][1251][info ][safepoint   ] Safepoint "G1CollectForAllocation", Time since last: 333681688 ns, Reaching safepoint: 831294 ns, Cleanup: 13490 ns, At safepoint: 196038508 ns, Total: 196883292 ns
[2025-10-15T14:43:34.357-0700][1251][info ][safepoint   ] Safepoint "Cleanup", Time since last: 1000087933 ns, Reaching safepoint: 657842 ns, Cleanup: 12489 ns, At safepoint: 135584 ns, Total: 805915 ns
[2025-10-15T14:43:39.476-0700][1251][info ][gc,start    ] GC(141) Pause Young (Normal) (G1 Evacuation Pause)
[2025-10-15T14:43:39.476-0700][1251][info ][gc,task     ] GC(141) Using 113 workers of 113 for evacuation
[2025-10-15T14:43:39.490-0700][1251][debug][gc,remset   ] GC(141) Visited cards 23866368 Total dirty 56360960 (42.35%) Total old 510590976 (4.67%)
[2025-10-15T14:43:39.666-0700][1251][info ][gc,phases   ] GC(141)   Pre Evacuate Collection Set: 0.7ms
[2025-10-15T14:43:39.666-0700][1251][info ][gc,phases   ] GC(141)   Merge Heap Roots: 13.7ms
[2025-10-15T14:43:39.666-0700][1251][info ][gc,phases   ] GC(141)   Evacuate Collection Set: 152.5ms
[2025-10-15T14:43:39.666-0700][1251][info ][gc,phases   ] GC(141)   Post Evacuate Collection Set: 23.1ms
[2025-10-15T14:43:39.666-0700][1251][info ][gc,phases   ] GC(141)   Other: 0.2ms
[2025-10-15T14:43:39.666-0700][1251][debug][gc,remset   ] GC(141) Coarsening (recent): Inline->AoC 633215 (109) AoC->Howl 1190 (189) Howl->Full 0 (0) Inline->AoC 5533 (50) AoC->BitMap 1086 (270) BitMap->Full 0 (0)
[2025-10-15T14:43:39.666-0700][1251][debug][gc,remset   ] GC(141) Coarsening (all): Inline->AoC 42118874 (13816) AoC->Howl 134384 (29089) Howl->Full 0 (0) Inline->AoC 584900 (8294) AoC->BitMap 109745 (23210) BitMap->Full 5 (0)
[2025-10-15T14:43:39.666-0700][1251][info ][gc,heap     ] GC(141) Eden regions: 3283->0(3284)
[2025-10-15T14:43:39.666-0700][1251][info ][gc,heap     ] GC(141) Survivor regions: 173->172(432)
[2025-10-15T14:43:39.666-0700][1251][info ][gc,heap     ] GC(141) Old regions: 879->881
[2025-10-15T14:43:39.666-0700][1251][info ][gc,heap     ] GC(141) Humongous regions: 0->0
[2025-10-15T14:43:39.666-0700][1251][info ][gc,metaspace] GC(141) Metaspace: 297597K(302336K)->297597K(302336K) NonClass: 262080K(264704K)->262080K(264704K) Class: 35517K(37632K)->35517K(37632K)
[2025-10-15T14:43:39.666-0700][1251][info ][gc          ] GC(141) Pause Young (Normal) (G1 Evacuation Pause) 138694M->33661M(184320M) 190.506ms
[2025-10-15T14:43:39.667-0700][1251][info ][gc,cpu      ] GC(141) User=16.63s Sys=0.55s Real=0.19s
[2025-10-15T14:43:39.669-0700][1251][info ][safepoint   ] Safepoint "G1CollectForAllocation", Time since last: 5117246287 ns, Reaching safepoint: 801147 ns, Cleanup: 5599 ns, At safepoint: 193674745 ns, Total: 194481491 ns
[2025-10-15T14:43:40.669-0700][1251][info ][safepoint   ] Safepoint "Cleanup", Time since last: 1000080782 ns, Reaching safepoint: 674647 ns, Cleanup: 19219 ns, At safepoint: 144478 ns, Total: 838344 ns
[2025-10-15T14:43:41.670-0700][1251][info ][safepoint   ] Safepoint "Cleanup", Time since last: 1000103156 ns, Reaching safepoint: 727777 ns, Cleanup: 18118 ns, At safepoint: 122695 ns, Total: 868590 ns
[2025-10-15T14:43:43.672-0700][1251][info ][safepoint   ] Safepoint "Cleanup", Time since last: 2000154954 ns, Reaching safepoint: 727427 ns, Cleanup: 13280 ns, At safepoint: 267934 ns, Total: 1008641 ns
[2025-10-15T14:43:45.847-0700][1251][info ][gc,start    ] GC(142) Pause Young (Normal) (G1 Evacuation Pause)
[2025-10-15T14:43:45.847-0700][1251][info ][gc,task     ] GC(142) Using 113 workers of 113 for evacuation
[2025-10-15T14:43:45.863-0700][1251][debug][gc,remset   ] GC(142) Visited cards 23997184 Total dirty 56885248 (42.19%) Total old 510722048 (4.70%)
[2025-10-15T14:43:46.048-0700][1251][info ][gc,mmu      ] GC(142) MMU target violated: 200.4ms (200.0ms/201.0ms)
[2025-10-15T14:43:46.048-0700][1251][info ][gc,phases   ] GC(142)   Pre Evacuate Collection Set: 0.8ms
[2025-10-15T14:43:46.048-0700][1251][info ][gc,phases   ] GC(142)   Merge Heap Roots: 14.4ms
[2025-10-15T14:43:46.048-0700][1251][info ][gc,phases   ] GC(142)   Evacuate Collection Set: 162.4ms
[2025-10-15T14:43:46.048-0700][1251][info ][gc,phases   ] GC(142)   Post Evacuate Collection Set: 22.7ms
[2025-10-15T14:43:46.048-0700][1251][info ][gc,phases   ] GC(142)   Other: 0.2ms
[2025-10-15T14:43:46.048-0700][1251][debug][gc,remset   ] GC(142) Coarsening (recent): Inline->AoC 530596 (121) AoC->Howl 1215 (208) Howl->Full 0 (0) Inline->AoC 5561 (49) AoC->BitMap 1031 (230) BitMap->Full 0 (0)
[2025-10-15T14:43:46.048-0700][1251][debug][gc,remset   ] GC(142) Coarsening (all): Inline->AoC 42649470 (13937) AoC->Howl 135599 (29297) Howl->Full 0 (0) Inline->AoC 590461 (8343) AoC->BitMap 110776 (23440) BitMap->Full 5 (0)
[2025-10-15T14:43:46.048-0700][1251][info ][gc,heap     ] GC(142) Eden regions: 3284->0(3282)
[2025-10-15T14:43:46.048-0700][1251][info ][gc,heap     ] GC(142) Survivor regions: 172->174(432)
[2025-10-15T14:43:46.048-0700][1251][info ][gc,heap     ] GC(142) Old regions: 881->882
[2025-10-15T14:43:46.048-0700][1251][info ][gc,heap     ] GC(142) Humongous regions: 0->0
[2025-10-15T14:43:46.048-0700][1251][info ][gc,metaspace] GC(142) Metaspace: 297601K(302336K)->297601K(302336K) NonClass: 262084K(264704K)->262084K(264704K) Class: 35517K(37632K)->35517K(37632K)
[2025-10-15T14:43:46.048-0700][1251][info ][gc          ] GC(142) Pause Young (Normal) (G1 Evacuation Pause) 138749M->33774M(184320M) 200.610ms
[2025-10-15T14:43:46.049-0700][1251][info ][gc,cpu      ] GC(142) User=16.64s Sys=0.65s Real=0.21s
[2025-10-15T14:43:46.050-0700][1251][info ][safepoint   ] Safepoint "G1CollectForAllocation", Time since last: 2173140462 ns, Reaching safepoint: 1573001 ns, Cleanup: 5108 ns, At safepoint: 203966419 ns, Total: 205544528 ns
[2025-10-15T14:43:48.051-0700][1251][info ][safepoint   ] Safepoint "Cleanup", Time since last: 2000164780 ns, Reaching safepoint: 711372 ns, Cleanup: 11898 ns, At safepoint: 155655 ns, Total: 878925 ns
[2025-10-15T14:43:50.053-0700][1251][info ][safepoint   ] Safepoint "Cleanup", Time since last: 2000163618 ns, Reaching safepoint: 740566 ns, Cleanup: 28633 ns, At safepoint: 285961 ns, Total: 1055160 ns
[2025-10-15T14:43:52.219-0700][1251][info ][gc,start    ] GC(143) Pause Young (Normal) (G1 Evacuation Pause)
[2025-10-15T14:43:52.219-0700][1251][info ][gc,task     ] GC(143) Using 113 workers of 113 for evacuation
[2025-10-15T14:43:52.234-0700][1251][debug][gc,remset   ] GC(143) Visited cards 23984640 Total dirty 56754176 (42.26%) Total old 510787584 (4.70%)
[2025-10-15T14:43:52.412-0700][1251][info ][gc,phases   ] GC(143)   Pre Evacuate Collection Set: 0.7ms
[2025-10-15T14:43:52.412-0700][1251][info ][gc,phases   ] GC(143)   Merge Heap Roots: 14.3ms
[2025-10-15T14:43:52.412-0700][1251][info ][gc,phases   ] GC(143)   Evacuate Collection Set: 153.9ms
[2025-10-15T14:43:52.412-0700][1251][info ][gc,phases   ] GC(143)   Post Evacuate Collection Set: 23.3ms
[2025-10-15T14:43:52.412-0700][1251][info ][gc,phases   ] GC(143)   Other: 0.2ms
[2025-10-15T14:43:52.412-0700][1251][debug][gc,remset   ] GC(143) Coarsening (recent): Inline->AoC 594485 (94) AoC->Howl 1122 (164) Howl->Full 0 (0) Inline->AoC 5312 (51) AoC->BitMap 998 (230) BitMap->Full 0 (0)
[2025-10-15T14:43:52.412-0700][1251][debug][gc,remset   ] GC(143) Coarsening (all): Inline->AoC 43243955 (14031) AoC->Howl 136721 (29461) Howl->Full 0 (0) Inline->AoC 595773 (8394) AoC->BitMap 111774 (23670) BitMap->Full 5 (0)
[2025-10-15T14:43:52.412-0700][1251][info ][gc,heap     ] GC(143) Eden regions: 3282->0(3281)
[2025-10-15T14:43:52.412-0700][1251][info ][gc,heap     ] GC(143) Survivor regions: 174->175(432)
[2025-10-15T14:43:52.412-0700][1251][info ][gc,heap     ] GC(143) Old regions: 882->883
[2025-10-15T14:43:52.412-0700][1251][info ][gc,heap     ] GC(143) Humongous regions: 0->0
[2025-10-15T14:43:52.412-0700][1251][info ][gc,metaspace] GC(143) Metaspace: 297601K(302336K)->297601K(302336K) NonClass: 262084K(264704K)->262084K(264704K) Class: 35517K(37632K)->35517K(37632K)
[2025-10-15T14:43:52.412-0700][1251][info ][gc          ] GC(143) Pause Young (Normal) (G1 Evacuation Pause) 138798M->33813M(184320M) 192.570ms
[2025-10-15T14:43:52.413-0700][1251][info ][gc,cpu      ] GC(143) User=16.49s Sys=0.61s Real=0.19s
[2025-10-15T14:43:52.414-0700][1251][info ][safepoint   ] Safepoint "G1CollectForAllocation", Time since last: 2164651005 ns, Reaching safepoint: 905605 ns, Cleanup: 5318 ns, At safepoint: 195834831 ns, Total: 196745754 ns
[2025-10-15T14:43:53.415-0700][1251][info ][safepoint   ] Safepoint "Cleanup", Time since last: 1000085069 ns, Reaching safepoint: 611482 ns, Cleanup: 11738 ns, At safepoint: 73270 ns, Total: 696490 ns
[2025-10-15T14:43:55.416-0700][1251][info ][safepoint   ] Safepoint "Cleanup", Time since last: 2000176447 ns, Reaching safepoint: 709720 ns, Cleanup: 12709 ns, At safepoint: 489338 ns, Total: 1211767 ns
[2025-10-15T14:43:58.143-0700][1251][info ][gc,start    ] GC(144) Pause Young (Normal) (G1 Evacuation Pause)
[2025-10-15T14:43:58.143-0700][1251][info ][gc,task     ] GC(144) Using 113 workers of 113 for evacuation
[2025-10-15T14:43:58.158-0700][1251][debug][gc,remset   ] GC(144) Visited cards 24054528 Total dirty 56885248 (42.29%) Total old 510853120 (4.71%)
[2025-10-15T14:43:58.334-0700][1251][info ][gc,phases   ] GC(144)   Pre Evacuate Collection Set: 0.7ms
[2025-10-15T14:43:58.334-0700][1251][info ][gc,phases   ] GC(144)   Merge Heap Roots: 14.7ms
[2025-10-15T14:43:58.334-0700][1251][info ][gc,phases   ] GC(144)   Evacuate Collection Set: 149.5ms
[2025-10-15T14:43:58.334-0700][1251][info ][gc,phases   ] GC(144)   Post Evacuate Collection Set: 25.7ms
[2025-10-15T14:43:58.334-0700][1251][info ][gc,phases   ] GC(144)   Other: 0.2ms
[2025-10-15T14:43:58.334-0700][1251][debug][gc,remset   ] GC(144) Coarsening (recent): Inline->AoC 575080 (99) AoC->Howl 1203 (167) Howl->Full 0 (0) Inline->AoC 5594 (67) AoC->BitMap 1105 (271) BitMap->Full 0 (0)
[2025-10-15T14:43:58.334-0700][1251][debug][gc,remset   ] GC(144) Coarsening (all): Inline->AoC 43819035 (14130) AoC->Howl 137924 (29628) Howl->Full 0 (0) Inline->AoC 601367 (8461) AoC->BitMap 112879 (23941) BitMap->Full 5 (0)
[2025-10-15T14:43:58.334-0700][1251][info ][gc,heap     ] GC(144) Eden regions: 3281->0(3280)
[2025-10-15T14:43:58.334-0700][1251][info ][gc,heap     ] GC(144) Survivor regions: 175->176(432)
[2025-10-15T14:43:58.334-0700][1251][info ][gc,heap     ] GC(144) Old regions: 883->884
[2025-10-15T14:43:58.334-0700][1251][info ][gc,heap     ] GC(144) Humongous regions: 0->0
[2025-10-15T14:43:58.334-0700][1251][info ][gc,metaspace] GC(144) Metaspace: 297689K(302400K)->297689K(302400K) NonClass: 262157K(264768K)->262157K(264768K) Class: 35531K(37632K)->35531K(37632K)
[2025-10-15T14:43:58.334-0700][1251][info ][gc          ] GC(144) Pause Young (Normal) (G1 Evacuation Pause) 138805M->33897M(184320M) 190.945ms
[2025-10-15T14:43:58.335-0700][1251][info ][gc,cpu      ] GC(144) User=16.72s Sys=0.25s Real=0.19s
[2025-10-15T14:43:58.336-0700][1251][info ][safepoint   ] Safepoint "G1CollectForAllocation", Time since last: 2724797087 ns, Reaching safepoint: 907598 ns, Cleanup: 4968 ns, At safepoint: 194015388 ns, Total: 194927954 ns
[2025-10-15T14:44:00.337-0700][1251][info ][safepoint   ] Safepoint "Cleanup", Time since last: 2000142428 ns, Reaching safepoint: 668649 ns, Cleanup: 14252 ns, At safepoint: 155615 ns, Total: 838516 ns
[2025-10-15T14:44:01.338-0700][1251][info ][safepoint   ] Safepoint "Cleanup", Time since last: 1000097324 ns, Reaching safepoint: 737603 ns, Cleanup: 8944 ns, At safepoint: 175795 ns, Total: 922342 ns
[2025-10-15T14:44:04.674-0700][1251][info ][gc,start    ] GC(145) Pause Young (Normal) (G1 Evacuation Pause)
[2025-10-15T14:44:04.675-0700][1251][info ][gc,task     ] GC(145) Using 113 workers of 113 for evacuation
[2025-10-15T14:44:04.689-0700][1251][debug][gc,remset   ] GC(145) Visited cards 23930112 Total dirty 56688640 (42.21%) Total old 510918656 (4.68%)
[2025-10-15T14:44:04.871-0700][1251][info ][gc,phases   ] GC(145)   Pre Evacuate Collection Set: 0.7ms
[2025-10-15T14:44:04.871-0700][1251][info ][gc,phases   ] GC(145)   Merge Heap Roots: 14.2ms
[2025-10-15T14:44:04.871-0700][1251][info ][gc,phases   ] GC(145)   Evacuate Collection Set: 154.2ms
[2025-10-15T14:44:04.871-0700][1251][info ][gc,phases   ] GC(145)   Post Evacuate Collection Set: 26.8ms
[2025-10-15T14:44:04.871-0700][1251][info ][gc,phases   ] GC(145)   Other: 0.2ms
[2025-10-15T14:44:04.871-0700][1251][debug][gc,remset   ] GC(145) Coarsening (recent): Inline->AoC 579387 (88) AoC->Howl 1295 (201) Howl->Full 0 (0) Inline->AoC 5992 (54) AoC->BitMap 1022 (192) BitMap->Full 0 (0)
[2025-10-15T14:44:04.871-0700][1251][debug][gc,remset   ] GC(145) Coarsening (all): Inline->AoC 44398422 (14218) AoC->Howl 139219 (29829) Howl->Full 0 (0) Inline->AoC 607359 (8515) AoC->BitMap 113901 (24133) BitMap->Full 5 (0)
[2025-10-15T14:44:04.871-0700][1251][info ][gc,heap     ] GC(145) Eden regions: 3280->0(3280)
[2025-10-15T14:44:04.871-0700][1251][info ][gc,heap     ] GC(145) Survivor regions: 176->176(432)
[2025-10-15T14:44:04.871-0700][1251][info ][gc,heap     ] GC(145) Old regions: 884->885
[2025-10-15T14:44:04.871-0700][1251][info ][gc,heap     ] GC(145) Humongous regions: 0->0
[2025-10-15T14:44:04.871-0700][1251][info ][gc,metaspace] GC(145) Metaspace: 297707K(302400K)->297707K(302400K) NonClass: 262176K(264768K)->262176K(264768K) Class: 35531K(37632K)->35531K(37632K)
[2025-10-15T14:44:04.871-0700][1251][info ][gc          ] GC(145) Pause Young (Normal) (G1 Evacuation Pause) 138857M->33935M(184320M) 196.278ms
[2025-10-15T14:44:04.872-0700][1251][info ][gc,cpu      ] GC(145) User=16.39s Sys=0.56s Real=0.20s
[2025-10-15T14:44:04.873-0700][1251][info ][safepoint   ] Safepoint "G1CollectForAllocation", Time since last: 3334458100 ns, Reaching safepoint: 1051768 ns, Cleanup: 6890 ns, At safepoint: 199486312 ns, Total: 200544970 ns
[2025-10-15T14:44:05.874-0700][1251][info ][safepoint   ] Safepoint "Cleanup", Time since last: 1000078796 ns, Reaching safepoint: 726547 ns, Cleanup: 15754 ns, At safepoint: 160522 ns, Total: 902823 ns
[2025-10-15T14:44:10.677-0700][1251][info ][gc,start    ] GC(146) Pause Young (Normal) (G1 Evacuation Pause)
[2025-10-15T14:44:10.677-0700][1251][info ][gc,task     ] GC(146) Using 113 workers of 113 for evacuation
[2025-10-15T14:44:10.692-0700][1251][debug][gc,remset   ] GC(146) Visited cards 23958016 Total dirty 56754176 (42.21%) Total old 510984192 (4.69%)
[2025-10-15T14:44:10.869-0700][1251][info ][gc,phases   ] GC(146)   Pre Evacuate Collection Set: 0.7ms
[2025-10-15T14:44:10.869-0700][1251][info ][gc,phases   ] GC(146)   Merge Heap Roots: 13.9ms
[2025-10-15T14:44:10.869-0700][1251][info ][gc,phases   ] GC(146)   Evacuate Collection Set: 151.1ms
[2025-10-15T14:44:10.869-0700][1251][info ][gc,phases   ] GC(146)   Post Evacuate Collection Set: 25.7ms
[2025-10-15T14:44:10.869-0700][1251][info ][gc,phases   ] GC(146)   Other: 0.2ms
[2025-10-15T14:44:10.869-0700][1251][debug][gc,remset   ] GC(146) Coarsening (recent): Inline->AoC 566484 (108) AoC->Howl 1075 (155) Howl->Full 0 (0) Inline->AoC 4982 (47) AoC->BitMap 844 (182) BitMap->Full 0 (0)
[2025-10-15T14:44:10.869-0700][1251][debug][gc,remset   ] GC(146) Coarsening (all): Inline->AoC 44964906 (14326) AoC->Howl 140294 (29984) Howl->Full 0 (0) Inline->AoC 612341 (8562) AoC->BitMap 114745 (24315) BitMap->Full 5 (0)
[2025-10-15T14:44:10.869-0700][1251][info ][gc,heap     ] GC(146) Eden regions: 3280->0(3282)
[2025-10-15T14:44:10.869-0700][1251][info ][gc,heap     ] GC(146) Survivor regions: 176->174(432)
[2025-10-15T14:44:10.869-0700][1251][info ][gc,heap     ] GC(146) Old regions: 885->886
[2025-10-15T14:44:10.869-0700][1251][info ][gc,heap     ] GC(146) Humongous regions: 0->0
[2025-10-15T14:44:10.869-0700][1251][info ][gc,metaspace] GC(146) Metaspace: 297707K(302400K)->297707K(302400K) NonClass: 262176K(264768K)->262176K(264768K) Class: 35531K(37632K)->35531K(37632K)
[2025-10-15T14:44:10.869-0700][1251][info ][gc          ] GC(146) Pause Young (Normal) (G1 Evacuation Pause) 138895M->33897M(184320M) 191.809ms
[2025-10-15T14:44:10.870-0700][1251][info ][gc,cpu      ] GC(146) User=16.51s Sys=0.27s Real=0.20s
[2025-10-15T14:44:10.871-0700][1251][info ][safepoint   ] Safepoint "G1CollectForAllocation", Time since last: 4801084146 ns, Reaching safepoint: 1071828 ns, Cleanup: 15764 ns, At safepoint: 195038717 ns, Total: 196126309 ns
[2025-10-15T14:44:13.872-0700][1251][info ][safepoint   ] Safepoint "Cleanup", Time since last: 3000218442 ns, Reaching safepoint: 748460 ns, Cleanup: 35283 ns, At safepoint: 468057 ns, Total: 1251800 ns
[2025-10-15T14:44:14.874-0700][1251][info ][safepoint   ] Safepoint "Cleanup", Time since last: 1000111666 ns, Reaching safepoint: 826567 ns, Cleanup: 153622 ns, At safepoint: 630002 ns, Total: 1610191 ns
[2025-10-15T14:44:15.877-0700][1251][info ][safepoint   ] Safepoint "Cleanup", Time since last: 1000226469 ns, Reaching safepoint: 901100 ns, Cleanup: 58018 ns, At safepoint: 1480936 ns, Total: 2440054 ns
[2025-10-15T14:44:16.411-0700][1251][info ][gc,start    ] GC(147) Pause Young (Normal) (G1 Evacuation Pause)
[2025-10-15T14:44:16.411-0700][1251][info ][gc,task     ] GC(147) Using 113 workers of 113 for evacuation
[2025-10-15T14:44:16.428-0700][1251][debug][gc,remset   ] GC(147) Visited cards 24514048 Total dirty 57081856 (42.95%) Total old 511180800 (4.80%)
[2025-10-15T14:44:16.649-0700][1251][info ][gc,mmu      ] GC(147) MMU target violated: 201.0ms (200.0ms/201.0ms)
[2025-10-15T14:44:16.649-0700][1251][info ][gc,phases   ] GC(147)   Pre Evacuate Collection Set: 0.8ms
[2025-10-15T14:44:16.649-0700][1251][info ][gc,phases   ] GC(147)   Merge Heap Roots: 16.5ms
[2025-10-15T14:44:16.649-0700][1251][info ][gc,phases   ] GC(147)   Evacuate Collection Set: 196.2ms
[2025-10-15T14:44:16.649-0700][1251][info ][gc,phases   ] GC(147)   Post Evacuate Collection Set: 24.6ms
[2025-10-15T14:44:16.649-0700][1251][info ][gc,phases   ] GC(147)   Other: 0.2ms
[2025-10-15T14:44:16.649-0700][1251][debug][gc,remset   ] GC(147) Coarsening (recent): Inline->AoC 469497 (98) AoC->Howl 1300 (180) Howl->Full 0 (0) Inline->AoC 6213 (62) AoC->BitMap 1191 (258) BitMap->Full 0 (0)
[2025-10-15T14:44:16.649-0700][1251][debug][gc,remset   ] GC(147) Coarsening (all): Inline->AoC 45434403 (14424) AoC->Howl 141594 (30164) Howl->Full 0 (0) Inline->AoC 618554 (8624) AoC->BitMap 115936 (24573) BitMap->Full 5 (0)
[2025-10-15T14:44:16.649-0700][1251][info ][gc,heap     ] GC(147) Eden regions: 3282->0(3244)
[2025-10-15T14:44:16.649-0700][1251][info ][gc,heap     ] GC(147) Survivor regions: 174->212(432)
[2025-10-15T14:44:16.649-0700][1251][info ][gc,heap     ] GC(147) Old regions: 886->887
[2025-10-15T14:44:16.649-0700][1251][info ][gc,heap     ] GC(147) Humongous regions: 2->0
[2025-10-15T14:44:16.649-0700][1251][info ][gc,metaspace] GC(147) Metaspace: 298006K(302720K)->298006K(302720K) NonClass: 262475K(265088K)->262475K(265088K) Class: 35531K(37632K)->35531K(37632K)
[2025-10-15T14:44:16.649-0700][1251][info ][gc          ] GC(147) Pause Young (Normal) (G1 Evacuation Pause) 138985M->35152M(184320M) 238.417ms
[2025-10-15T14:44:16.650-0700][1251][info ][gc,cpu      ] GC(147) User=18.81s Sys=0.56s Real=0.24s
[2025-10-15T14:44:16.651-0700][1251][info ][safepoint   ] Safepoint "G1CollectForAllocation", Time since last: 531554260 ns, Reaching safepoint: 1033881 ns, Cleanup: 113572 ns, At safepoint: 241783524 ns, Total: 242930977 ns
[2025-10-15T14:44:17.653-0700][1251][info ][safepoint   ] Safepoint "Cleanup", Time since last: 1000081310 ns, Reaching safepoint: 758685 ns, Cleanup: 24557 ns, At safepoint: 431622 ns, Total: 1214864 ns
[2025-10-15T14:44:19.654-0700][1251][info ][safepoint   ] Safepoint "Cleanup", Time since last: 2000171453 ns, Reaching safepoint: 906980 ns, Cleanup: 12529 ns, At safepoint: 559304 ns, Total: 1478813 ns
[2025-10-15T14:44:20.656-0700][1251][info ][safepoint   ] Safepoint "Cleanup", Time since last: 1000152668 ns, Reaching safepoint: 854029 ns, Cleanup: 10596 ns, At safepoint: 636431 ns, Total: 1501056 ns
[2025-10-15T14:44:22.565-0700][1251][info ][gc,start    ] GC(148) Pause Young (Normal) (G1 Evacuation Pause)
[2025-10-15T14:44:22.565-0700][1251][info ][gc,task     ] GC(148) Using 113 workers of 113 for evacuation
[2025-10-15T14:44:22.581-0700][1251][debug][gc,remset   ] GC(148) Visited cards 24346368 Total dirty 57278464 (42.51%) Total old 511115264 (4.76%)
[2025-10-15T14:44:22.770-0700][1251][info ][gc,mmu      ] GC(148) MMU target violated: 201.0ms (200.0ms/201.0ms)
[2025-10-15T14:44:22.770-0700][1251][info ][gc,phases   ] GC(148)   Pre Evacuate Collection Set: 0.7ms
[2025-10-15T14:44:22.770-0700][1251][info ][gc,phases   ] GC(148)   Merge Heap Roots: 14.9ms
[2025-10-15T14:44:22.770-0700][1251][info ][gc,phases   ] GC(148)   Evacuate Collection Set: 163.6ms
[2025-10-15T14:44:22.770-0700][1251][info ][gc,phases   ] GC(148)   Post Evacuate Collection Set: 25.7ms
[2025-10-15T14:44:22.770-0700][1251][info ][gc,phases   ] GC(148)   Other: 0.2ms
[2025-10-15T14:44:22.770-0700][1251][debug][gc,remset   ] GC(148) Coarsening (recent): Inline->AoC 487834 (92) AoC->Howl 1195 (170) Howl->Full 0 (0) Inline->AoC 5697 (38) AoC->BitMap 939 (185) BitMap->Full 0 (0)
[2025-10-15T14:44:22.770-0700][1251][debug][gc,remset   ] GC(148) Coarsening (all): Inline->AoC 45922237 (14516) AoC->Howl 142789 (30334) Howl->Full 0 (0) Inline->AoC 624251 (8662) AoC->BitMap 116875 (24758) BitMap->Full 5 (0)
[2025-10-15T14:44:22.770-0700][1251][info ][gc,heap     ] GC(148) Eden regions: 3244->0(3250)
[2025-10-15T14:44:22.770-0700][1251][info ][gc,heap     ] GC(148) Survivor regions: 212->206(432)
[2025-10-15T14:44:22.770-0700][1251][info ][gc,heap     ] GC(148) Old regions: 887->888
[2025-10-15T14:44:22.770-0700][1251][info ][gc,heap     ] GC(148) Humongous regions: 0->0
[2025-10-15T14:44:22.770-0700][1251][info ][gc,metaspace] GC(148) Metaspace: 298013K(302720K)->298013K(302720K) NonClass: 262481K(265088K)->262481K(265088K) Class: 35531K(37632K)->35531K(37632K)
[2025-10-15T14:44:22.770-0700][1251][info ][gc          ] GC(148) Pause Young (Normal) (G1 Evacuation Pause) 138960M->34986M(184320M) 205.315ms
[2025-10-15T14:44:22.771-0700][1251][info ][gc,cpu      ] GC(148) User=17.83s Sys=0.52s Real=0.21s
[2025-10-15T14:44:22.773-0700][1251][info ][safepoint   ] Safepoint "G1CollectForAllocation", Time since last: 1907140312 ns, Reaching safepoint: 827750 ns, Cleanup: 10826 ns, At safepoint: 208585109 ns, Total: 209423685 ns
[2025-10-15T14:44:23.773-0700][1251][info ][safepoint   ] Safepoint "Cleanup", Time since last: 1000078767 ns, Reaching safepoint: 593215 ns, Cleanup: 15514 ns, At safepoint: 126691 ns, Total: 735420 ns
[2025-10-15T14:44:24.775-0700][1251][info ][safepoint   ] Safepoint "Cleanup", Time since last: 1000095952 ns, Reaching safepoint: 829062 ns, Cleanup: 60581 ns, At safepoint: 288296 ns, Total: 1177939 ns
[2025-10-15T14:44:25.777-0700][1251][info ][safepoint   ] Safepoint "Cleanup", Time since last: 1000126768 ns, Reaching safepoint: 1598834 ns, Cleanup: 120893 ns, At safepoint: 657633 ns, Total: 2377360 ns
[2025-10-15T14:44:26.780-0700][1251][info ][safepoint   ] Safepoint "Cleanup", Time since last: 1000499596 ns, Reaching safepoint: 1652211 ns, Cleanup: 109966 ns, At safepoint: 633695 ns, Total: 2395872 ns
[2025-10-15T14:44:27.782-0700][1251][info ][safepoint   ] Safepoint "Cleanup", Time since last: 1000079847 ns, Reaching safepoint: 849831 ns, Cleanup: 12058 ns, At safepoint: 789200 ns, Total: 1651089 ns
[2025-10-15T14:44:28.616-0700][1251][info ][gc,start    ] GC(149) Pause Young (Normal) (G1 Evacuation Pause)
[2025-10-15T14:44:28.616-0700][1251][info ][gc,task     ] GC(149) Using 113 workers of 113 for evacuation
[2025-10-15T14:44:28.633-0700][1251][debug][gc,remset   ] GC(149) Visited cards 24498944 Total dirty 57409536 (42.67%) Total old 511377408 (4.79%)
[2025-10-15T14:44:28.836-0700][1251][info ][gc,mmu      ] GC(149) MMU target violated: 201.0ms (200.0ms/201.0ms)
[2025-10-15T14:44:28.836-0700][1251][info ][gc,phases   ] GC(149)   Pre Evacuate Collection Set: 0.7ms
[2025-10-15T14:44:28.836-0700][1251][info ][gc,phases   ] GC(149)   Merge Heap Roots: 15.5ms
[2025-10-15T14:44:28.836-0700][1251][info ][gc,phases   ] GC(149)   Evacuate Collection Set: 177.4ms
[2025-10-15T14:44:28.836-0700][1251][info ][gc,phases   ] GC(149)   Post Evacuate Collection Set: 25.4ms
[2025-10-15T14:44:28.836-0700][1251][info ][gc,phases   ] GC(149)   Other: 0.2ms
[2025-10-15T14:44:28.836-0700][1251][debug][gc,remset   ] GC(149) Coarsening (recent): Inline->AoC 533618 (114) AoC->Howl 1317 (202) Howl->Full 0 (0) Inline->AoC 6442 (55) AoC->BitMap 1225 (252) BitMap->Full 0 (0)
[2025-10-15T14:44:28.836-0700][1251][debug][gc,remset   ] GC(149) Coarsening (all): Inline->AoC 46455855 (14630) AoC->Howl 144106 (30536) Howl->Full 0 (0) Inline->AoC 630693 (8717) AoC->BitMap 118100 (25010) BitMap->Full 5 (0)
[2025-10-15T14:44:28.836-0700][1251][info ][gc,heap     ] GC(149) Eden regions: 3250->0(3244)
[2025-10-15T14:44:28.836-0700][1251][info ][gc,heap     ] GC(149) Survivor regions: 206->212(432)
[2025-10-15T14:44:28.836-0700][1251][info ][gc,heap     ] GC(149) Old regions: 888->890
[2025-10-15T14:44:28.836-0700][1251][info ][gc,heap     ] GC(149) Humongous regions: 3->0
[2025-10-15T14:44:28.836-0700][1251][info ][gc,metaspace] GC(149) Metaspace: 298211K(302976K)->298211K(302976K) NonClass: 262653K(265280K)->262653K(265280K) Class: 35558K(37696K)->35558K(37696K)
[2025-10-15T14:44:28.836-0700][1251][info ][gc          ] GC(149) Pause Young (Normal) (G1 Evacuation Pause) 139082M->35235M(184320M) 219.512ms
[2025-10-15T14:44:28.837-0700][1251][info ][gc,cpu      ] GC(149) User=18.55s Sys=0.66s Real=0.22s
[2025-10-15T14:44:28.838-0700][1251][info ][safepoint   ] Safepoint "G1CollectForAllocation", Time since last: 832614213 ns, Reaching safepoint: 953427 ns, Cleanup: 28083 ns, At safepoint: 222710829 ns, Total: 223692339 ns
[2025-10-15T14:44:29.839-0700][1251][info ][safepoint   ] Safepoint "Cleanup", Time since last: 1000092846 ns, Reaching safepoint: 627406 ns, Cleanup: 19109 ns, At safepoint: 122975 ns, Total: 769490 ns
[2025-10-15T14:44:31.840-0700][1251][info ][safepoint   ] Safepoint "Cleanup", Time since last: 2000170219 ns, Reaching safepoint: 694076 ns, Cleanup: 11528 ns, At safepoint: 194753 ns, Total: 900357 ns
[2025-10-15T14:44:33.841-0700][1251][info ][safepoint   ] Safepoint "Cleanup", Time since last: 2000158431 ns, Reaching safepoint: 702029 ns, Cleanup: 11838 ns, At safepoint: 149525 ns, Total: 863392 ns
[2025-10-15T14:44:34.618-0700][1251][info ][gc,start    ] GC(150) Pause Young (Normal) (G1 Evacuation Pause)
[2025-10-15T14:44:34.618-0700][1251][info ][gc,task     ] GC(150) Using 113 workers of 113 for evacuation
[2025-10-15T14:44:34.634-0700][1251][debug][gc,remset   ] GC(150) Visited cards 24668928 Total dirty 57540608 (42.87%) Total old 511311872 (4.82%)
[2025-10-15T14:44:34.830-0700][1251][info ][gc,mmu      ] GC(150) MMU target violated: 201.0ms (200.0ms/201.0ms)
[2025-10-15T14:44:34.830-0700][1251][info ][gc,phases   ] GC(150)   Pre Evacuate Collection Set: 0.7ms
[2025-10-15T14:44:34.830-0700][1251][info ][gc,phases   ] GC(150)   Merge Heap Roots: 14.6ms
[2025-10-15T14:44:34.830-0700][1251][info ][gc,phases   ] GC(150)   Evacuate Collection Set: 170.0ms
[2025-10-15T14:44:34.830-0700][1251][info ][gc,phases   ] GC(150)   Post Evacuate Collection Set: 26.5ms
[2025-10-15T14:44:34.830-0700][1251][info ][gc,phases   ] GC(150)   Other: 0.2ms
[2025-10-15T14:44:34.830-0700][1251][debug][gc,remset   ] GC(150) Coarsening (recent): Inline->AoC 492076 (104) AoC->Howl 1228 (184) Howl->Full 0 (0) Inline->AoC 5849 (52) AoC->BitMap 1183 (240) BitMap->Full 0 (0)
[2025-10-15T14:44:34.830-0700][1251][debug][gc,remset   ] GC(150) Coarsening (all): Inline->AoC 46947931 (14734) AoC->Howl 145334 (30720) Howl->Full 0 (0) Inline->AoC 636542 (8769) AoC->BitMap 119283 (25250) BitMap->Full 5 (0)
[2025-10-15T14:44:34.830-0700][1251][info ][gc,heap     ] GC(150) Eden regions: 3244->0(3242)
[2025-10-15T14:44:34.830-0700][1251][info ][gc,heap     ] GC(150) Survivor regions: 212->214(432)
[2025-10-15T14:44:34.830-0700][1251][info ][gc,heap     ] GC(150) Old regions: 890->891
[2025-10-15T14:44:34.830-0700][1251][info ][gc,heap     ] GC(150) Humongous regions: 0->0
[2025-10-15T14:44:34.830-0700][1251][info ][gc,metaspace] GC(150) Metaspace: 298216K(302976K)->298216K(302976K) NonClass: 262658K(265280K)->262658K(265280K) Class: 35558K(37696K)->35558K(37696K)
[2025-10-15T14:44:34.830-0700][1251][info ][gc          ] GC(150) Pause Young (Normal) (G1 Evacuation Pause) 139043M->35314M(184320M) 212.160ms
[2025-10-15T14:44:34.831-0700][1251][info ][gc,cpu      ] GC(150) User=18.39s Sys=0.57s Real=0.22s
[2025-10-15T14:44:34.832-0700][1251][info ][safepoint   ] Safepoint "G1CollectForAllocation", Time since last: 774974117 ns, Reaching safepoint: 987709 ns, Cleanup: 4767 ns, At safepoint: 215312144 ns, Total: 216304620 ns
[2025-10-15T14:44:35.833-0700][1251][info ][safepoint   ] Safepoint "Cleanup", Time since last: 1000078454 ns, Reaching safepoint: 600546 ns, Cleanup: 10055 ns, At safepoint: 180713 ns, Total: 791314 ns
[2025-10-15T14:44:40.431-0700][1251][info ][gc,start    ] GC(151) Pause Young (Normal) (G1 Evacuation Pause)
[2025-10-15T14:44:40.431-0700][1251][info ][gc,task     ] GC(151) Using 113 workers of 113 for evacuation
[2025-10-15T14:44:40.447-0700][1251][debug][gc,remset   ] GC(151) Visited cards 24678144 Total dirty 57540608 (42.89%) Total old 511377408 (4.83%)
[2025-10-15T14:44:40.655-0700][1251][info ][gc,mmu      ] GC(151) MMU target violated: 201.0ms (200.0ms/201.0ms)
[2025-10-15T14:44:40.655-0700][1251][info ][gc,phases   ] GC(151)   Pre Evacuate Collection Set: 0.8ms
[2025-10-15T14:44:40.655-0700][1251][info ][gc,phases   ] GC(151)   Merge Heap Roots: 14.8ms
[2025-10-15T14:44:40.655-0700][1251][info ][gc,phases   ] GC(151)   Evacuate Collection Set: 181.2ms
[2025-10-15T14:44:40.655-0700][1251][info ][gc,phases   ] GC(151)   Post Evacuate Collection Set: 26.8ms
[2025-10-15T14:44:40.655-0700][1251][info ][gc,phases   ] GC(151)   Other: 0.2ms
[2025-10-15T14:44:40.655-0700][1251][debug][gc,remset   ] GC(151) Coarsening (recent): Inline->AoC 495007 (115) AoC->Howl 1295 (178) Howl->Full 0 (0) Inline->AoC 6423 (51) AoC->BitMap 1094 (195) BitMap->Full 0 (0)
[2025-10-15T14:44:40.655-0700][1251][debug][gc,remset   ] GC(151) Coarsening (all): Inline->AoC 47442938 (14849) AoC->Howl 146629 (30898) Howl->Full 0 (0) Inline->AoC 642965 (8820) AoC->BitMap 120377 (25445) BitMap->Full 5 (0)
[2025-10-15T14:44:40.655-0700][1251][info ][gc,heap     ] GC(151) Eden regions: 3242->0(3244)
[2025-10-15T14:44:40.655-0700][1251][info ][gc,heap     ] GC(151) Survivor regions: 214->212(432)
[2025-10-15T14:44:40.655-0700][1251][info ][gc,heap     ] GC(151) Old regions: 891->892
[2025-10-15T14:44:40.655-0700][1251][info ][gc,heap     ] GC(151) Humongous regions: 0->0
[2025-10-15T14:44:40.655-0700][1251][info ][gc,metaspace] GC(151) Metaspace: 298221K(302976K)->298221K(302976K) NonClass: 262663K(265280K)->262663K(265280K) Class: 35558K(37696K)->35558K(37696K)
[2025-10-15T14:44:40.655-0700][1251][info ][gc          ] GC(151) Pause Young (Normal) (G1 Evacuation Pause) 139058M->35307M(184320M) 224.002ms
[2025-10-15T14:44:40.656-0700][1251][info ][gc,cpu      ] GC(151) User=18.57s Sys=0.32s Real=0.22s
[2025-10-15T14:44:40.657-0700][1251][info ][safepoint   ] Safepoint "G1CollectForAllocation", Time since last: 4595689717 ns, Reaching safepoint: 1196884 ns, Cleanup: 13641 ns, At safepoint: 227120338 ns, Total: 228330863 ns
[2025-10-15T14:44:41.658-0700][1251][info ][safepoint   ] Safepoint "Cleanup", Time since last: 1000063942 ns, Reaching safepoint: 690561 ns, Cleanup: 10356 ns, At safepoint: 162114 ns, Total: 863031 ns
[2025-10-15T14:44:42.659-0700][1251][info ][safepoint   ] Safepoint "Cleanup", Time since last: 1000099917 ns, Reaching safepoint: 730341 ns, Cleanup: 14061 ns, At safepoint: 298230 ns, Total: 1042632 ns
[2025-10-15T14:44:43.660-0700][1251][info ][safepoint   ] Safepoint "Cleanup", Time since last: 1000105255 ns, Reaching safepoint: 702609 ns, Cleanup: 13390 ns, At safepoint: 215716 ns, Total: 931715 ns
[2025-10-15T14:44:46.703-0700][1251][info ][gc,start    ] GC(152) Pause Young (Normal) (G1 Evacuation Pause)
[2025-10-15T14:44:46.703-0700][1251][info ][gc,task     ] GC(152) Using 113 workers of 113 for evacuation
[2025-10-15T14:44:46.717-0700][1251][debug][gc,remset   ] GC(152) Visited cards 24530688 Total dirty 57409536 (42.73%) Total old 511442944 (4.80%)
[2025-10-15T14:44:46.913-0700][1251][info ][gc,mmu      ] GC(152) MMU target violated: 201.0ms (200.0ms/201.0ms)
[2025-10-15T14:44:46.913-0700][1251][info ][gc,phases   ] GC(152)   Pre Evacuate Collection Set: 0.7ms
[2025-10-15T14:44:46.913-0700][1251][info ][gc,phases   ] GC(152)   Merge Heap Roots: 13.9ms
[2025-10-15T14:44:46.913-0700][1251][info ][gc,phases   ] GC(152)   Evacuate Collection Set: 169.2ms
[2025-10-15T14:44:46.913-0700][1251][info ][gc,phases   ] GC(152)   Post Evacuate Collection Set: 26.9ms
[2025-10-15T14:44:46.913-0700][1251][info ][gc,phases   ] GC(152)   Other: 0.2ms
[2025-10-15T14:44:46.913-0700][1251][debug][gc,remset   ] GC(152) Coarsening (recent): Inline->AoC 553462 (98) AoC->Howl 1175 (177) Howl->Full 0 (0) Inline->AoC 5870 (47) AoC->BitMap 1142 (217) BitMap->Full 0 (0)
[2025-10-15T14:44:46.913-0700][1251][debug][gc,remset   ] GC(152) Coarsening (all): Inline->AoC 47996400 (14947) AoC->Howl 147804 (31075) Howl->Full 0 (0) Inline->AoC 648835 (8867) AoC->BitMap 121519 (25662) BitMap->Full 5 (0)
[2025-10-15T14:44:46.913-0700][1251][info ][gc,heap     ] GC(152) Eden regions: 3244->0(3242)
[2025-10-15T14:44:46.913-0700][1251][info ][gc,heap     ] GC(152) Survivor regions: 212->214(432)
[2025-10-15T14:44:46.913-0700][1251][info ][gc,heap     ] GC(152) Old regions: 892->893
[2025-10-15T14:44:46.913-0700][1251][info ][gc,heap     ] GC(152) Humongous regions: 0->0
[2025-10-15T14:44:46.914-0700][1251][info ][gc,metaspace] GC(152) Metaspace: 298228K(302976K)->298228K(302976K) NonClass: 262669K(265280K)->262669K(265280K) Class: 35558K(37696K)->35558K(37696K)
[2025-10-15T14:44:46.914-0700][1251][info ][gc          ] GC(152) Pause Young (Normal) (G1 Evacuation Pause) 139115M->35386M(184320M) 211.024ms
[2025-10-15T14:44:46.915-0700][1251][info ][gc,cpu      ] GC(152) User=18.56s Sys=0.59s Real=0.21s
[2025-10-15T14:44:46.916-0700][1251][info ][safepoint   ] Safepoint "G1CollectForAllocation", Time since last: 3040491969 ns, Reaching safepoint: 669440 ns, Cleanup: 4226 ns, At safepoint: 214259587 ns, Total: 214933253 ns
[2025-10-15T14:44:50.917-0700][1251][info ][safepoint   ] Safepoint "Cleanup", Time since last: 4000250782 ns, Reaching safepoint: 673596 ns, Cleanup: 10746 ns, At safepoint: 176006 ns, Total: 860348 ns
[2025-10-15T14:44:52.551-0700][1251][info ][gc,start    ] GC(153) Pause Young (Normal) (G1 Evacuation Pause)
[2025-10-15T14:44:52.551-0700][1251][info ][gc,task     ] GC(153) Using 113 workers of 113 for evacuation
[2025-10-15T14:44:52.567-0700][1251][debug][gc,remset   ] GC(153) Visited cards 24473088 Total dirty 57606144 (42.48%) Total old 511508480 (4.78%)
[2025-10-15T14:44:52.769-0700][1251][info ][gc,mmu      ] GC(153) MMU target violated: 201.0ms (200.0ms/201.0ms)
[2025-10-15T14:44:52.769-0700][1251][info ][gc,phases   ] GC(153)   Pre Evacuate Collection Set: 0.9ms
[2025-10-15T14:44:52.769-0700][1251][info ][gc,phases   ] GC(153)   Merge Heap Roots: 15.3ms
[2025-10-15T14:44:52.769-0700][1251][info ][gc,phases   ] GC(153)   Evacuate Collection Set: 174.8ms
[2025-10-15T14:44:52.769-0700][1251][info ][gc,phases   ] GC(153)   Post Evacuate Collection Set: 27.3ms
[2025-10-15T14:44:52.769-0700][1251][info ][gc,phases   ] GC(153)   Other: 0.3ms
[2025-10-15T14:44:52.769-0700][1251][debug][gc,remset   ] GC(153) Coarsening (recent): Inline->AoC 501368 (105) AoC->Howl 1058 (142) Howl->Full 0 (0) Inline->AoC 5228 (41) AoC->BitMap 951 (174) BitMap->Full 0 (0)
[2025-10-15T14:44:52.769-0700][1251][debug][gc,remset   ] GC(153) Coarsening (all): Inline->AoC 48497768 (15052) AoC->Howl 148862 (31217) Howl->Full 0 (0) Inline->AoC 654063 (8908) AoC->BitMap 122470 (25836) BitMap->Full 5 (0)
[2025-10-15T14:44:52.769-0700][1251][info ][gc,heap     ] GC(153) Eden regions: 3242->0(3243)
[2025-10-15T14:44:52.769-0700][1251][info ][gc,heap     ] GC(153) Survivor regions: 214->213(432)
[2025-10-15T14:44:52.769-0700][1251][info ][gc,heap     ] GC(153) Old regions: 893->894
[2025-10-15T14:44:52.769-0700][1251][info ][gc,heap     ] GC(153) Humongous regions: 0->0
[2025-10-15T14:44:52.769-0700][1251][info ][gc,metaspace] GC(153) Metaspace: 298229K(302976K)->298229K(302976K) NonClass: 262670K(265280K)->262670K(265280K) Class: 35558K(37696K)->35558K(37696K)
[2025-10-15T14:44:52.769-0700][1251][info ][gc          ] GC(153) Pause Young (Normal) (G1 Evacuation Pause) 139130M->35396M(184320M) 218.715ms
[2025-10-15T14:44:52.770-0700][1251][info ][gc,cpu      ] GC(153) User=18.10s Sys=0.26s Real=0.22s
[2025-10-15T14:44:52.771-0700][1251][info ][safepoint   ] Safepoint "G1CollectForAllocation", Time since last: 1631337917 ns, Reaching safepoint: 1335493 ns, Cleanup: 5509 ns, At safepoint: 221936631 ns, Total: 223277633 ns
[2025-10-15T14:44:55.773-0700][1251][info ][safepoint   ] Safepoint "Cleanup", Time since last: 3000218418 ns, Reaching safepoint: 655238 ns, Cleanup: 11858 ns, At safepoint: 256226 ns, Total: 923322 ns
[2025-10-15T14:44:58.466-0700][1251][info ][gc,start    ] GC(154) Pause Young (Normal) (G1 Evacuation Pause)
[2025-10-15T14:44:58.466-0700][1251][info ][gc,task     ] GC(154) Using 113 workers of 113 for evacuation
[2025-10-15T14:44:58.482-0700][1251][debug][gc,remset   ] GC(154) Visited cards 24633600 Total dirty 57540608 (42.81%) Total old 506724352 (4.86%)
[2025-10-15T14:44:58.687-0700][1251][info ][gc,mmu      ] GC(154) MMU target violated: 201.0ms (200.0ms/201.0ms)
[2025-10-15T14:44:58.687-0700][1251][info ][gc,phases   ] GC(154)   Pre Evacuate Collection Set: 0.7ms
[2025-10-15T14:44:58.687-0700][1251][info ][gc,phases   ] GC(154)   Merge Heap Roots: 15.8ms
[2025-10-15T14:44:58.687-0700][1251][info ][gc,phases   ] GC(154)   Evacuate Collection Set: 179.7ms
[2025-10-15T14:44:58.687-0700][1251][info ][gc,phases   ] GC(154)   Post Evacuate Collection Set: 24.7ms
[2025-10-15T14:44:58.687-0700][1251][info ][gc,phases   ] GC(154)   Other: 0.2ms
[2025-10-15T14:44:58.687-0700][1251][debug][gc,remset   ] GC(154) Coarsening (recent): Inline->AoC 565101 (90) AoC->Howl 1406 (213) Howl->Full 0 (0) Inline->AoC 6891 (58) AoC->BitMap 1058 (174) BitMap->Full 0 (0)
[2025-10-15T14:44:58.687-0700][1251][debug][gc,remset   ] GC(154) Coarsening (all): Inline->AoC 49062869 (15142) AoC->Howl 150268 (31430) Howl->Full 0 (0) Inline->AoC 660954 (8966) AoC->BitMap 123528 (26010) BitMap->Full 5 (0)
[2025-10-15T14:44:58.687-0700][1251][info ][gc,heap     ] GC(154) Eden regions: 3206->0(3245)
[2025-10-15T14:44:58.687-0700][1251][info ][gc,heap     ] GC(154) Survivor regions: 213->211(428)
[2025-10-15T14:44:58.687-0700][1251][info ][gc,heap     ] GC(154) Old regions: 894->896
[2025-10-15T14:44:58.687-0700][1251][info ][gc,heap     ] GC(154) Humongous regions: 0->0
[2025-10-15T14:44:58.687-0700][1251][info ][gc,metaspace] GC(154) Metaspace: 298235K(302976K)->298235K(302976K) NonClass: 262677K(265280K)->262677K(265280K) Class: 35558K(37696K)->35558K(37696K)
[2025-10-15T14:44:58.687-0700][1251][info ][gc          ] GC(154) Pause Young (Normal) (G1 Evacuation Pause) 137988M->35401M(184320M) 221.209ms
[2025-10-15T14:44:58.688-0700][1251][info ][gc,cpu      ] GC(154) User=18.66s Sys=0.47s Real=0.22s
[2025-10-15T14:44:58.689-0700][1251][info ][safepoint   ] Safepoint "G1CollectForAllocation", Time since last: 2690932937 ns, Reaching safepoint: 1164566 ns, Cleanup: 6239 ns, At safepoint: 224442360 ns, Total: 225613165 ns
[2025-10-15T14:45:01.690-0700][1251][info ][safepoint   ] Safepoint "Cleanup", Time since last: 3000205769 ns, Reaching safepoint: 804322 ns, Cleanup: 11057 ns, At safepoint: 234524 ns, Total: 1049903 ns
[2025-10-15T14:45:04.853-0700][1251][info ][gc,start    ] GC(155) Pause Young (Normal) (G1 Evacuation Pause)
[2025-10-15T14:45:04.853-0700][1251][info ][gc,task     ] GC(155) Using 113 workers of 113 for evacuation
[2025-10-15T14:45:04.868-0700][1251][debug][gc,remset   ] GC(155) Visited cards 24282368 Total dirty 57802752 (42.01%) Total old 511705088 (4.75%)
[2025-10-15T14:45:05.063-0700][1251][info ][gc,mmu      ] GC(155) MMU target violated: 201.0ms (200.0ms/201.0ms)
[2025-10-15T14:45:05.063-0700][1251][info ][gc,phases   ] GC(155)   Pre Evacuate Collection Set: 0.7ms
[2025-10-15T14:45:05.063-0700][1251][info ][gc,phases   ] GC(155)   Merge Heap Roots: 14.0ms
[2025-10-15T14:45:05.063-0700][1251][info ][gc,phases   ] GC(155)   Evacuate Collection Set: 171.6ms
[2025-10-15T14:45:05.063-0700][1251][info ][gc,phases   ] GC(155)   Post Evacuate Collection Set: 23.1ms
[2025-10-15T14:45:05.063-0700][1251][info ][gc,phases   ] GC(155)   Other: 0.2ms
[2025-10-15T14:45:05.063-0700][1251][debug][gc,remset   ] GC(155) Coarsening (recent): Inline->AoC 537738 (112) AoC->Howl 1262 (186) Howl->Full 0 (0) Inline->AoC 6174 (41) AoC->BitMap 1015 (180) BitMap->Full 0 (0)
[2025-10-15T14:45:05.063-0700][1251][debug][gc,remset   ] GC(155) Coarsening (all): Inline->AoC 49600607 (15254) AoC->Howl 151530 (31616) Howl->Full 0 (0) Inline->AoC 667128 (9007) AoC->BitMap 124543 (26190) BitMap->Full 5 (0)
[2025-10-15T14:45:05.063-0700][1251][info ][gc,heap     ] GC(155) Eden regions: 3245->0(3244)
[2025-10-15T14:45:05.063-0700][1251][info ][gc,heap     ] GC(155) Survivor regions: 211->212(432)
[2025-10-15T14:45:05.063-0700][1251][info ][gc,heap     ] GC(155) Old regions: 896->897
[2025-10-15T14:45:05.063-0700][1251][info ][gc,heap     ] GC(155) Humongous regions: 0->0
[2025-10-15T14:45:05.063-0700][1251][info ][gc,metaspace] GC(155) Metaspace: 298252K(302976K)->298252K(302976K) NonClass: 262694K(265280K)->262694K(265280K) Class: 35558K(37696K)->35558K(37696K)
[2025-10-15T14:45:05.063-0700][1251][info ][gc          ] GC(155) Pause Young (Normal) (G1 Evacuation Pause) 139241M->35450M(184320M) 209.798ms
[2025-10-15T14:45:05.064-0700][1251][info ][gc,cpu      ] GC(155) User=17.92s Sys=0.48s Real=0.21s
[2025-10-15T14:45:05.065-0700][1251][info ][safepoint   ] Safepoint "G1CollectForAllocation", Time since last: 3160612858 ns, Reaching safepoint: 812145 ns, Cleanup: 6900 ns, At safepoint: 213059896 ns, Total: 213878941 ns
[2025-10-15T14:45:10.632-0700][1251][info ][gc,start    ] GC(156) Pause Young (Normal) (G1 Evacuation Pause)
[2025-10-15T14:45:10.632-0700][1251][info ][gc,task     ] GC(156) Using 113 workers of 113 for evacuation
[2025-10-15T14:45:10.648-0700][1251][debug][gc,remset   ] GC(156) Visited cards 24363776 Total dirty 57737216 (42.20%) Total old 511770624 (4.76%)
[2025-10-15T14:45:10.846-0700][1251][info ][gc,mmu      ] GC(156) MMU target violated: 201.0ms (200.0ms/201.0ms)
[2025-10-15T14:45:10.846-0700][1251][info ][gc,phases   ] GC(156)   Pre Evacuate Collection Set: 0.8ms
[2025-10-15T14:45:10.846-0700][1251][info ][gc,phases   ] GC(156)   Merge Heap Roots: 14.9ms
[2025-10-15T14:45:10.846-0700][1251][info ][gc,phases   ] GC(156)   Evacuate Collection Set: 173.9ms
[2025-10-15T14:45:10.846-0700][1251][info ][gc,phases   ] GC(156)   Post Evacuate Collection Set: 24.0ms
[2025-10-15T14:45:10.846-0700][1251][info ][gc,phases   ] GC(156)   Other: 0.2ms
[2025-10-15T14:45:10.846-0700][1251][debug][gc,remset   ] GC(156) Coarsening (recent): Inline->AoC 507073 (101) AoC->Howl 1231 (166) Howl->Full 0 (0) Inline->AoC 6027 (53) AoC->BitMap 900 (157) BitMap->Full 0 (0)
[2025-10-15T14:45:10.846-0700][1251][debug][gc,remset   ] GC(156) Coarsening (all): Inline->AoC 50107680 (15355) AoC->Howl 152761 (31782) Howl->Full 0 (0) Inline->AoC 673155 (9060) AoC->BitMap 125443 (26347) BitMap->Full 5 (0)
[2025-10-15T14:45:10.846-0700][1251][info ][gc,heap     ] GC(156) Eden regions: 3244->0(3246)
[2025-10-15T14:45:10.846-0700][1251][info ][gc,heap     ] GC(156) Survivor regions: 212->210(432)
[2025-10-15T14:45:10.846-0700][1251][info ][gc,heap     ] GC(156) Old regions: 897->898
[2025-10-15T14:45:10.846-0700][1251][info ][gc,heap     ] GC(156) Humongous regions: 0->0
[2025-10-15T14:45:10.846-0700][1251][info ][gc,metaspace] GC(156) Metaspace: 298252K(302976K)->298252K(302976K) NonClass: 262694K(265280K)->262694K(265280K) Class: 35558K(37696K)->35558K(37696K)
[2025-10-15T14:45:10.846-0700][1251][info ][gc          ] GC(156) Pause Young (Normal) (G1 Evacuation Pause) 139258M->35433M(184320M) 213.973ms
[2025-10-15T14:45:10.847-0700][1251][info ][gc,cpu      ] GC(156) User=18.37s Sys=0.54s Real=0.21s
[2025-10-15T14:45:10.848-0700][1251][info ][safepoint   ] Safepoint "G1CollectForAllocation", Time since last: 5564672913 ns, Reaching safepoint: 1129203 ns, Cleanup: 5408 ns, At safepoint: 217166993 ns, Total: 218301604 ns
[2025-10-15T14:45:11.849-0700][1251][info ][safepoint   ] Safepoint "Cleanup", Time since last: 1000081741 ns, Reaching safepoint: 700086 ns, Cleanup: 11337 ns, At safepoint: 226912 ns, Total: 938335 ns
[2025-10-15T14:45:16.666-0700][1251][info ][gc,start    ] GC(157) Pause Young (Normal) (G1 Evacuation Pause)
[2025-10-15T14:45:16.667-0700][1251][info ][gc,task     ] GC(157) Using 113 workers of 113 for evacuation
[2025-10-15T14:45:16.683-0700][1251][debug][gc,remset   ] GC(157) Visited cards 24456192 Total dirty 57933824 (42.21%) Total old 511836160 (4.78%)
[2025-10-15T14:45:16.878-0700][1251][info ][gc,mmu      ] GC(157) MMU target violated: 201.0ms (200.0ms/201.0ms)
[2025-10-15T14:45:16.878-0700][1251][info ][gc,phases   ] GC(157)   Pre Evacuate Collection Set: 0.8ms
[2025-10-15T14:45:16.878-0700][1251][info ][gc,phases   ] GC(157)   Merge Heap Roots: 15.3ms
[2025-10-15T14:45:16.878-0700][1251][info ][gc,phases   ] GC(157)   Evacuate Collection Set: 171.8ms
[2025-10-15T14:45:16.878-0700][1251][info ][gc,phases   ] GC(157)   Post Evacuate Collection Set: 23.4ms
[2025-10-15T14:45:16.878-0700][1251][info ][gc,phases   ] GC(157)   Other: 0.2ms
[2025-10-15T14:45:16.878-0700][1251][debug][gc,remset   ] GC(157) Coarsening (recent): Inline->AoC 531614 (91) AoC->Howl 1129 (167) Howl->Full 0 (0) Inline->AoC 5381 (42) AoC->BitMap 1020 (227) BitMap->Full 0 (0)
[2025-10-15T14:45:16.878-0700][1251][debug][gc,remset   ] GC(157) Coarsening (all): Inline->AoC 50639294 (15446) AoC->Howl 153890 (31949) Howl->Full 0 (0) Inline->AoC 678536 (9102) AoC->BitMap 126463 (26574) BitMap->Full 5 (0)
[2025-10-15T14:45:16.878-0700][1251][info ][gc,heap     ] GC(157) Eden regions: 3246->0(3246)
[2025-10-15T14:45:16.878-0700][1251][info ][gc,heap     ] GC(157) Survivor regions: 210->210(432)
[2025-10-15T14:45:16.878-0700][1251][info ][gc,heap     ] GC(157) Old regions: 898->900
[2025-10-15T14:45:16.878-0700][1251][info ][gc,heap     ] GC(157) Humongous regions: 0->0
[2025-10-15T14:45:16.878-0700][1251][info ][gc,metaspace] GC(157) Metaspace: 298254K(302976K)->298254K(302976K) NonClass: 262695K(265280K)->262695K(265280K) Class: 35558K(37696K)->35558K(37696K)
[2025-10-15T14:45:16.878-0700][1251][info ][gc          ] GC(157) Pause Young (Normal) (G1 Evacuation Pause) 139305M->35495M(184320M) 211.660ms
[2025-10-15T14:45:16.879-0700][1251][info ][gc,cpu      ] GC(157) User=18.12s Sys=0.47s Real=0.22s
[2025-10-15T14:45:16.880-0700][1251][info ][safepoint   ] Safepoint "G1CollectForAllocation", Time since last: 4814925175 ns, Reaching safepoint: 1624892 ns, Cleanup: 4707 ns, At safepoint: 214912511 ns, Total: 216542110 ns
[2025-10-15T14:45:18.881-0700][1251][info ][safepoint   ] Safepoint "Cleanup", Time since last: 2000143431 ns, Reaching safepoint: 784464 ns, Cleanup: 10175 ns, At safepoint: 192290 ns, Total: 986929 ns
[2025-10-15T14:45:22.627-0700][1251][info ][gc,start    ] GC(158) Pause Young (Normal) (G1 Evacuation Pause)
[2025-10-15T14:45:22.627-0700][1251][info ][gc,task     ] GC(158) Using 113 workers of 113 for evacuation
[2025-10-15T14:45:22.642-0700][1251][debug][gc,remset   ] GC(158) Visited cards 24415488 Total dirty 58064896 (42.05%) Total old 511967232 (4.77%)
[2025-10-15T14:45:22.841-0700][1251][info ][gc,mmu      ] GC(158) MMU target violated: 201.0ms (200.0ms/201.0ms)
[2025-10-15T14:45:22.841-0700][1251][info ][gc,phases   ] GC(158)   Pre Evacuate Collection Set: 0.8ms
[2025-10-15T14:45:22.841-0700][1251][info ][gc,phases   ] GC(158)   Merge Heap Roots: 14.1ms
[2025-10-15T14:45:22.841-0700][1251][info ][gc,phases   ] GC(158)   Evacuate Collection Set: 174.1ms
[2025-10-15T14:45:22.841-0700][1251][info ][gc,phases   ] GC(158)   Post Evacuate Collection Set: 24.4ms
[2025-10-15T14:45:22.841-0700][1251][info ][gc,phases   ] GC(158)   Other: 0.2ms
[2025-10-15T14:45:22.841-0700][1251][debug][gc,remset   ] GC(158) Coarsening (recent): Inline->AoC 508904 (110) AoC->Howl 1213 (160) Howl->Full 0 (0) Inline->AoC 6002 (39) AoC->BitMap 900 (164) BitMap->Full 0 (0)
[2025-10-15T14:45:22.841-0700][1251][debug][gc,remset   ] GC(158) Coarsening (all): Inline->AoC 51148198 (15556) AoC->Howl 155103 (32109) Howl->Full 0 (0) Inline->AoC 684538 (9141) AoC->BitMap 127363 (26738) BitMap->Full 5 (0)
[2025-10-15T14:45:22.841-0700][1251][info ][gc,heap     ] GC(158) Eden regions: 3246->0(3248)
[2025-10-15T14:45:22.841-0700][1251][info ][gc,heap     ] GC(158) Survivor regions: 210->208(432)
[2025-10-15T14:45:22.841-0700][1251][info ][gc,heap     ] GC(158) Old regions: 900->902
[2025-10-15T14:45:22.841-0700][1251][info ][gc,heap     ] GC(158) Humongous regions: 0->0
[2025-10-15T14:45:22.841-0700][1251][info ][gc,metaspace] GC(158) Metaspace: 298257K(302976K)->298257K(302976K) NonClass: 262699K(265280K)->262699K(265280K) Class: 35558K(37696K)->35558K(37696K)
[2025-10-15T14:45:22.841-0700][1251][info ][gc          ] GC(158) Pause Young (Normal) (G1 Evacuation Pause) 139367M->35470M(184320M) 213.718ms
[2025-10-15T14:45:22.842-0700][1251][info ][gc,cpu      ] GC(158) User=17.98s Sys=0.38s Real=0.22s
[2025-10-15T14:45:22.843-0700][1251][info ][safepoint   ] Safepoint "G1CollectForAllocation", Time since last: 3743373103 ns, Reaching safepoint: 1038456 ns, Cleanup: 4487 ns, At safepoint: 217039530 ns, Total: 218082473 ns
[2025-10-15T14:45:24.844-0700][1251][info ][safepoint   ] Safepoint "Cleanup", Time since last: 2000141509 ns, Reaching safepoint: 693416 ns, Cleanup: 12779 ns, At safepoint: 172641 ns, Total: 878836 ns
[2025-10-15T14:45:28.546-0700][1251][info ][gc,start    ] GC(159) Pause Young (Normal) (G1 Evacuation Pause)
[2025-10-15T14:45:28.546-0700][1251][info ][gc,task     ] GC(159) Using 113 workers of 113 for evacuation
[2025-10-15T14:45:28.562-0700][1251][debug][gc,remset   ] GC(159) Visited cards 24536320 Total dirty 58195968 (42.16%) Total old 512098304 (4.79%)
[2025-10-15T14:45:28.764-0700][1251][info ][gc,mmu      ] GC(159) MMU target violated: 201.0ms (200.0ms/201.0ms)
[2025-10-15T14:45:28.764-0700][1251][info ][gc,phases   ] GC(159)   Pre Evacuate Collection Set: 0.8ms
[2025-10-15T14:45:28.764-0700][1251][info ][gc,phases   ] GC(159)   Merge Heap Roots: 15.4ms
[2025-10-15T14:45:28.764-0700][1251][info ][gc,phases   ] GC(159)   Evacuate Collection Set: 178.2ms
[2025-10-15T14:45:28.764-0700][1251][info ][gc,phases   ] GC(159)   Post Evacuate Collection Set: 23.7ms
[2025-10-15T14:45:28.764-0700][1251][info ][gc,phases   ] GC(159)   Other: 0.2ms
[2025-10-15T14:45:28.764-0700][1251][debug][gc,remset   ] GC(159) Coarsening (recent): Inline->AoC 546673 (101) AoC->Howl 1217 (179) Howl->Full 0 (0) Inline->AoC 5835 (48) AoC->BitMap 1030 (177) BitMap->Full 0 (0)
[2025-10-15T14:45:28.764-0700][1251][debug][gc,remset   ] GC(159) Coarsening (all): Inline->AoC 51694871 (15657) AoC->Howl 156320 (32288) Howl->Full 0 (0) Inline->AoC 690373 (9189) AoC->BitMap 128393 (26915) BitMap->Full 5 (0)
[2025-10-15T14:45:28.764-0700][1251][info ][gc,heap     ] GC(159) Eden regions: 3248->0(3248)
[2025-10-15T14:45:28.764-0700][1251][info ][gc,heap     ] GC(159) Survivor regions: 208->208(432)
[2025-10-15T14:45:28.764-0700][1251][info ][gc,heap     ] GC(159) Old regions: 902->903
[2025-10-15T14:45:28.764-0700][1251][info ][gc,heap     ] GC(159) Humongous regions: 0->0
[2025-10-15T14:45:28.764-0700][1251][info ][gc,metaspace] GC(159) Metaspace: 298284K(302976K)->298284K(302976K) NonClass: 262726K(265280K)->262726K(265280K) Class: 35558K(37696K)->35558K(37696K)
[2025-10-15T14:45:28.764-0700][1251][info ][gc          ] GC(159) Pause Young (Normal) (G1 Evacuation Pause) 139406M->35521M(184320M) 218.456ms
[2025-10-15T14:45:28.765-0700][1251][info ][gc,cpu      ] GC(159) User=18.25s Sys=0.38s Real=0.22s
[2025-10-15T14:45:28.766-0700][1251][info ][safepoint   ] Safepoint "G1CollectForAllocation", Time since last: 3699370153 ns, Reaching safepoint: 1161081 ns, Cleanup: 12810 ns, At safepoint: 221681153 ns, Total: 222855044 ns
[2025-10-15T14:45:33.767-0700][1251][info ][safepoint   ] Safepoint "Cleanup", Time since last: 5000326920 ns, Reaching safepoint: 715799 ns, Cleanup: 11408 ns, At safepoint: 276256 ns, Total: 1003463 ns
[2025-10-15T14:45:34.902-0700][1251][info ][gc,start    ] GC(160) Pause Young (Normal) (G1 Evacuation Pause)
[2025-10-15T14:45:34.902-0700][1251][info ][gc,task     ] GC(160) Using 113 workers of 113 for evacuation
[2025-10-15T14:45:34.917-0700][1251][debug][gc,remset   ] GC(160) Visited cards 24448256 Total dirty 58261504 (41.96%) Total old 512163840 (4.77%)
[2025-10-15T14:45:35.113-0700][1251][info ][gc,mmu      ] GC(160) MMU target violated: 201.0ms (200.0ms/201.0ms)
[2025-10-15T14:45:35.114-0700][1251][info ][gc,phases   ] GC(160)   Pre Evacuate Collection Set: 0.8ms
[2025-10-15T14:45:35.114-0700][1251][info ][gc,phases   ] GC(160)   Merge Heap Roots: 14.6ms
[2025-10-15T14:45:35.114-0700][1251][info ][gc,phases   ] GC(160)   Evacuate Collection Set: 170.8ms
[2025-10-15T14:45:35.114-0700][1251][info ][gc,phases   ] GC(160)   Post Evacuate Collection Set: 25.3ms
[2025-10-15T14:45:35.114-0700][1251][info ][gc,phases   ] GC(160)   Other: 0.3ms
[2025-10-15T14:45:35.114-0700][1251][debug][gc,remset   ] GC(160) Coarsening (recent): Inline->AoC 522756 (86) AoC->Howl 1135 (149) Howl->Full 0 (0) Inline->AoC 5589 (35) AoC->BitMap 929 (172) BitMap->Full 0 (0)
[2025-10-15T14:45:35.114-0700][1251][debug][gc,remset   ] GC(160) Coarsening (all): Inline->AoC 52217627 (15743) AoC->Howl 157455 (32437) Howl->Full 0 (0) Inline->AoC 695962 (9224) AoC->BitMap 129322 (27087) BitMap->Full 5 (0)
[2025-10-15T14:45:35.114-0700][1251][info ][gc,heap     ] GC(160) Eden regions: 3248->0(3245)
[2025-10-15T14:45:35.114-0700][1251][info ][gc,heap     ] GC(160) Survivor regions: 208->211(432)
[2025-10-15T14:45:35.114-0700][1251][info ][gc,heap     ] GC(160) Old regions: 903->904
[2025-10-15T14:45:35.114-0700][1251][info ][gc,heap     ] GC(160) Humongous regions: 0->0
[2025-10-15T14:45:35.114-0700][1251][info ][gc,metaspace] GC(160) Metaspace: 298311K(303040K)->298311K(303040K) NonClass: 262752K(265344K)->262752K(265344K) Class: 35558K(37696K)->35558K(37696K)
[2025-10-15T14:45:35.114-0700][1251][info ][gc          ] GC(160) Pause Young (Normal) (G1 Evacuation Pause) 139457M->35645M(184320M) 211.844ms
[2025-10-15T14:45:35.115-0700][1251][info ][gc,cpu      ] GC(160) User=17.91s Sys=0.35s Real=0.21s
[2025-10-15T14:45:35.116-0700][1251][info ][safepoint   ] Safepoint "G1CollectForAllocation", Time since last: 1132058089 ns, Reaching safepoint: 1099398 ns, Cleanup: 7061 ns, At safepoint: 215159053 ns, Total: 216265512 ns
[2025-10-15T14:45:40.714-0700][1251][info ][gc,start    ] GC(161) Pause Young (Normal) (G1 Evacuation Pause)
[2025-10-15T14:45:40.714-0700][1251][info ][gc,task     ] GC(161) Using 113 workers of 113 for evacuation
[2025-10-15T14:45:40.730-0700][1251][debug][gc,remset   ] GC(161) Visited cards 24396288 Total dirty 58261504 (41.87%) Total old 512229376 (4.76%)
[2025-10-15T14:45:40.933-0700][1251][info ][gc,mmu      ] GC(161) MMU target violated: 201.0ms (200.0ms/201.0ms)
[2025-10-15T14:45:40.933-0700][1251][info ][gc,phases   ] GC(161)   Pre Evacuate Collection Set: 0.8ms
[2025-10-15T14:45:40.933-0700][1251][info ][gc,phases   ] GC(161)   Merge Heap Roots: 15.0ms
[2025-10-15T14:45:40.933-0700][1251][info ][gc,phases   ] GC(161)   Evacuate Collection Set: 179.3ms
[2025-10-15T14:45:40.933-0700][1251][info ][gc,phases   ] GC(161)   Post Evacuate Collection Set: 24.2ms
[2025-10-15T14:45:40.933-0700][1251][info ][gc,phases   ] GC(161)   Other: 0.2ms
[2025-10-15T14:45:40.933-0700][1251][debug][gc,remset   ] GC(161) Coarsening (recent): Inline->AoC 532584 (88) AoC->Howl 1210 (160) Howl->Full 0 (0) Inline->AoC 5969 (48) AoC->BitMap 784 (123) BitMap->Full 0 (0)
[2025-10-15T14:45:40.933-0700][1251][debug][gc,remset   ] GC(161) Coarsening (all): Inline->AoC 52750211 (15831) AoC->Howl 158665 (32597) Howl->Full 0 (0) Inline->AoC 701931 (9272) AoC->BitMap 130106 (27210) BitMap->Full 5 (0)
[2025-10-15T14:45:40.933-0700][1251][info ][gc,heap     ] GC(161) Eden regions: 3245->0(3246)
[2025-10-15T14:45:40.933-0700][1251][info ][gc,heap     ] GC(161) Survivor regions: 211->210(432)
[2025-10-15T14:45:40.933-0700][1251][info ][gc,heap     ] GC(161) Old regions: 904->905
[2025-10-15T14:45:40.933-0700][1251][info ][gc,heap     ] GC(161) Humongous regions: 0->0
[2025-10-15T14:45:40.933-0700][1251][info ][gc,metaspace] GC(161) Metaspace: 298312K(303040K)->298312K(303040K) NonClass: 262754K(265344K)->262754K(265344K) Class: 35558K(37696K)->35558K(37696K)
[2025-10-15T14:45:40.933-0700][1251][info ][gc          ] GC(161) Pause Young (Normal) (G1 Evacuation Pause) 139485M->35648M(184320M) 219.651ms
[2025-10-15T14:45:40.935-0700][1251][info ][gc,cpu      ] GC(161) User=18.29s Sys=0.49s Real=0.22s
[2025-10-15T14:45:40.936-0700][1251][info ][safepoint   ] Safepoint "G1CollectForAllocation", Time since last: 5588732448 ns, Reaching safepoint: 8142358 ns, Cleanup: 16224 ns, At safepoint: 222902459 ns, Total: 231061041 ns
[2025-10-15T14:45:43.937-0700][1251][info ][safepoint   ] Safepoint "Cleanup", Time since last: 3000201568 ns, Reaching safepoint: 1194091 ns, Cleanup: 11257 ns, At safepoint: 160342 ns, Total: 1365690 ns
[2025-10-15T14:45:44.938-0700][1251][info ][safepoint   ] Safepoint "Cleanup", Time since last: 1000061661 ns, Reaching safepoint: 688959 ns, Cleanup: 11267 ns, At safepoint: 217147 ns, Total: 917373 ns
[2025-10-15T14:45:46.910-0700][1251][info ][gc,start    ] GC(162) Pause Young (Normal) (G1 Evacuation Pause)
[2025-10-15T14:45:46.910-0700][1251][info ][gc,task     ] GC(162) Using 113 workers of 113 for evacuation
[2025-10-15T14:45:46.924-0700][1251][debug][gc,remset   ] GC(162) Visited cards 24433152 Total dirty 58392576 (41.84%) Total old 512294912 (4.77%)
[2025-10-15T14:45:47.094-0700][1251][info ][gc,phases   ] GC(162)   Pre Evacuate Collection Set: 0.8ms
[2025-10-15T14:45:47.094-0700][1251][info ][gc,phases   ] GC(162)   Merge Heap Roots: 13.4ms
[2025-10-15T14:45:47.094-0700][1251][info ][gc,phases   ] GC(162)   Evacuate Collection Set: 147.1ms
[2025-10-15T14:45:47.094-0700][1251][info ][gc,phases   ] GC(162)   Post Evacuate Collection Set: 22.1ms
[2025-10-15T14:45:47.094-0700][1251][info ][gc,phases   ] GC(162)   Other: 0.2ms
[2025-10-15T14:45:47.094-0700][1251][debug][gc,remset   ] GC(162) Coarsening (recent): Inline->AoC 566963 (107) AoC->Howl 1224 (154) Howl->Full 0 (0) Inline->AoC 6005 (41) AoC->BitMap 1021 (208) BitMap->Full 0 (0)
[2025-10-15T14:45:47.094-0700][1251][debug][gc,remset   ] GC(162) Coarsening (all): Inline->AoC 53317174 (15938) AoC->Howl 159889 (32751) Howl->Full 0 (0) Inline->AoC 707936 (9313) AoC->BitMap 131127 (27418) BitMap->Full 5 (0)
[2025-10-15T14:45:47.094-0700][1251][info ][gc,heap     ] GC(162) Eden regions: 3246->0(3263)
[2025-10-15T14:45:47.094-0700][1251][info ][gc,heap     ] GC(162) Survivor regions: 210->193(432)
[2025-10-15T14:45:47.094-0700][1251][info ][gc,heap     ] GC(162) Old regions: 905->926
[2025-10-15T14:45:47.094-0700][1251][info ][gc,heap     ] GC(162) Humongous regions: 0->0
[2025-10-15T14:45:47.094-0700][1251][info ][gc,metaspace] GC(162) Metaspace: 298313K(303040K)->298313K(303040K) NonClass: 262754K(265344K)->262754K(265344K) Class: 35558K(37696K)->35558K(37696K)
[2025-10-15T14:45:47.094-0700][1251][info ][gc          ] GC(162) Pause Young (Normal) (G1 Evacuation Pause) 139520M->35764M(184320M) 183.776ms
[2025-10-15T14:45:47.095-0700][1251][info ][gc,cpu      ] GC(162) User=18.23s Sys=0.47s Real=0.18s
[2025-10-15T14:45:47.096-0700][1251][info ][safepoint   ] Safepoint "G1CollectForAllocation", Time since last: 1969892940 ns, Reaching safepoint: 727778 ns, Cleanup: 15253 ns, At safepoint: 187150921 ns, Total: 187893952 ns
[2025-10-15T14:45:51.097-0700][1251][info ][safepoint   ] Safepoint "Cleanup", Time since last: 4000265013 ns, Reaching safepoint: 773206 ns, Cleanup: 12168 ns, At safepoint: 367264 ns, Total: 1152638 ns
[2025-10-15T14:45:52.763-0700][1251][info ][gc,start    ] GC(163) Pause Young (Normal) (G1 Evacuation Pause)
[2025-10-15T14:45:52.764-0700][1251][info ][gc,task     ] GC(163) Using 113 workers of 113 for evacuation
[2025-10-15T14:45:52.778-0700][1251][debug][gc,remset   ] GC(163) Visited cards 24601600 Total dirty 59441152 (41.39%) Total old 513671168 (4.79%)
[2025-10-15T14:45:52.952-0700][1251][info ][gc,phases   ] GC(163)   Pre Evacuate Collection Set: 0.7ms
[2025-10-15T14:45:52.952-0700][1251][info ][gc,phases   ] GC(163)   Merge Heap Roots: 14.1ms
[2025-10-15T14:45:52.952-0700][1251][info ][gc,phases   ] GC(163)   Evacuate Collection Set: 151.1ms
[2025-10-15T14:45:52.952-0700][1251][info ][gc,phases   ] GC(163)   Post Evacuate Collection Set: 22.6ms
[2025-10-15T14:45:52.952-0700][1251][info ][gc,phases   ] GC(163)   Other: 0.2ms
[2025-10-15T14:45:52.952-0700][1251][debug][gc,remset   ] GC(163) Coarsening (recent): Inline->AoC 509393 (101) AoC->Howl 1041 (141) Howl->Full 0 (0) Inline->AoC 5101 (36) AoC->BitMap 609 (104) BitMap->Full 0 (0)
[2025-10-15T14:45:52.952-0700][1251][debug][gc,remset   ] GC(163) Coarsening (all): Inline->AoC 53826567 (16039) AoC->Howl 160930 (32892) Howl->Full 0 (0) Inline->AoC 713037 (9349) AoC->BitMap 131736 (27522) BitMap->Full 5 (0)
[2025-10-15T14:45:52.952-0700][1251][info ][gc,heap     ] GC(163) Eden regions: 3263->0(3270)
[2025-10-15T14:45:52.952-0700][1251][info ][gc,heap     ] GC(163) Survivor regions: 193->186(432)
[2025-10-15T14:45:52.952-0700][1251][info ][gc,heap     ] GC(163) Old regions: 926->931
[2025-10-15T14:45:52.952-0700][1251][info ][gc,heap     ] GC(163) Humongous regions: 0->0
[2025-10-15T14:45:52.952-0700][1251][info ][gc,metaspace] GC(163) Metaspace: 298317K(303040K)->298317K(303040K) NonClass: 262758K(265344K)->262758K(265344K) Class: 35558K(37696K)->35558K(37696K)
[2025-10-15T14:45:52.952-0700][1251][info ][gc          ] GC(163) Pause Young (Normal) (G1 Evacuation Pause) 140180M->35738M(184320M) 188.890ms
[2025-10-15T14:45:52.953-0700][1251][info ][gc,cpu      ] GC(163) User=16.55s Sys=0.47s Real=0.19s
[2025-10-15T14:45:52.954-0700][1251][info ][safepoint   ] Safepoint "G1CollectForAllocation", Time since last: 1663901728 ns, Reaching safepoint: 1159408 ns, Cleanup: 5288 ns, At safepoint: 192064761 ns, Total: 193229457 ns
[2025-10-15T14:45:58.740-0700][1251][info ][gc,start    ] GC(164) Pause Young (Normal) (G1 Evacuation Pause)
[2025-10-15T14:45:58.740-0700][1251][info ][gc,task     ] GC(164) Using 113 workers of 113 for evacuation
[2025-10-15T14:45:58.758-0700][1251][debug][gc,remset   ] GC(164) Visited cards 24573952 Total dirty 59703296 (41.16%) Total old 513998848 (4.78%)
[2025-10-15T14:45:58.940-0700][1251][info ][gc,mmu      ] GC(164) MMU target violated: 200.2ms (200.0ms/201.0ms)
[2025-10-15T14:45:58.940-0700][1251][info ][gc,phases   ] GC(164)   Pre Evacuate Collection Set: 1.2ms
[2025-10-15T14:45:58.940-0700][1251][info ][gc,phases   ] GC(164)   Merge Heap Roots: 16.3ms
[2025-10-15T14:45:58.940-0700][1251][info ][gc,phases   ] GC(164)   Evacuate Collection Set: 159.3ms
[2025-10-15T14:45:58.940-0700][1251][info ][gc,phases   ] GC(164)   Post Evacuate Collection Set: 23.3ms
[2025-10-15T14:45:58.940-0700][1251][info ][gc,phases   ] GC(164)   Other: 0.2ms
[2025-10-15T14:45:58.940-0700][1251][debug][gc,remset   ] GC(164) Coarsening (recent): Inline->AoC 568907 (108) AoC->Howl 1205 (192) Howl->Full 0 (0) Inline->AoC 5451 (47) AoC->BitMap 1004 (195) BitMap->Full 0 (0)
[2025-10-15T14:45:58.940-0700][1251][debug][gc,remset   ] GC(164) Coarsening (all): Inline->AoC 54395474 (16147) AoC->Howl 162135 (33084) Howl->Full 0 (0) Inline->AoC 718488 (9396) AoC->BitMap 132740 (27717) BitMap->Full 5 (0)
[2025-10-15T14:45:58.940-0700][1251][info ][gc,heap     ] GC(164) Eden regions: 3270->0(3280)
[2025-10-15T14:45:58.940-0700][1251][info ][gc,heap     ] GC(164) Survivor regions: 186->176(432)
[2025-10-15T14:45:58.940-0700][1251][info ][gc,heap     ] GC(164) Old regions: 931->942
[2025-10-15T14:45:58.940-0700][1251][info ][gc,heap     ] GC(164) Humongous regions: 0->0
[2025-10-15T14:45:58.940-0700][1251][info ][gc,metaspace] GC(164) Metaspace: 298317K(303040K)->298317K(303040K) NonClass: 262758K(265344K)->262758K(265344K) Class: 35558K(37696K)->35558K(37696K)
[2025-10-15T14:45:58.940-0700][1251][info ][gc          ] GC(164) Pause Young (Normal) (G1 Evacuation Pause) 140378M->35735M(184320M) 200.463ms
[2025-10-15T14:45:58.941-0700][1251][info ][gc,cpu      ] GC(164) User=17.00s Sys=0.34s Real=0.20s
[2025-10-15T14:45:58.943-0700][1251][info ][safepoint   ] Safepoint "G1CollectForAllocation", Time since last: 5783006270 ns, Reaching safepoint: 1316445 ns, Cleanup: 5688 ns, At safepoint: 203689259 ns, Total: 205011392 ns
[2025-10-15T14:45:59.944-0700][1251][info ][safepoint   ] Safepoint "Cleanup", Time since last: 1000082282 ns, Reaching safepoint: 704793 ns, Cleanup: 23165 ns, At safepoint: 182375 ns, Total: 910333 ns
[2025-10-15T14:46:05.178-0700][1251][info ][gc,start    ] GC(165) Pause Young (Normal) (G1 Evacuation Pause)
[2025-10-15T14:46:05.178-0700][1251][info ][gc,task     ] GC(165) Using 113 workers of 113 for evacuation
[2025-10-15T14:46:05.193-0700][1251][debug][gc,remset   ] GC(165) Visited cards 24190464 Total dirty 60227584 (40.17%) Total old 514719744 (4.70%)
[2025-10-15T14:46:05.355-0700][1251][info ][gc,phases   ] GC(165)   Pre Evacuate Collection Set: 0.7ms
[2025-10-15T14:46:05.355-0700][1251][info ][gc,phases   ] GC(165)   Merge Heap Roots: 14.1ms
[2025-10-15T14:46:05.355-0700][1251][info ][gc,phases   ] GC(165)   Evacuate Collection Set: 137.4ms
[2025-10-15T14:46:05.355-0700][1251][info ][gc,phases   ] GC(165)   Post Evacuate Collection Set: 24.9ms
[2025-10-15T14:46:05.355-0700][1251][info ][gc,phases   ] GC(165)   Other: 0.1ms
[2025-10-15T14:46:05.355-0700][1251][debug][gc,remset   ] GC(165) Coarsening (recent): Inline->AoC 585920 (92) AoC->Howl 1249 (186) Howl->Full 0 (0) Inline->AoC 5693 (42) AoC->BitMap 834 (154) BitMap->Full 0 (0)
[2025-10-15T14:46:05.355-0700][1251][debug][gc,remset   ] GC(165) Coarsening (all): Inline->AoC 54981394 (16239) AoC->Howl 163384 (33270) Howl->Full 0 (0) Inline->AoC 724181 (9438) AoC->BitMap 133574 (27871) BitMap->Full 5 (0)
[2025-10-15T14:46:05.355-0700][1251][info ][gc,heap     ] GC(165) Eden regions: 3280->0(3283)
[2025-10-15T14:46:05.355-0700][1251][info ][gc,heap     ] GC(165) Survivor regions: 176->173(432)
[2025-10-15T14:46:05.355-0700][1251][info ][gc,heap     ] GC(165) Old regions: 942->946
[2025-10-15T14:46:05.355-0700][1251][info ][gc,heap     ] GC(165) Humongous regions: 0->0
[2025-10-15T14:46:05.355-0700][1251][info ][gc,metaspace] GC(165) Metaspace: 298331K(303040K)->298331K(303040K) NonClass: 262772K(265344K)->262772K(265344K) Class: 35558K(37696K)->35558K(37696K)
[2025-10-15T14:46:05.355-0700][1251][info ][gc          ] GC(165) Pause Young (Normal) (G1 Evacuation Pause) 140695M->35763M(184320M) 177.410ms
[2025-10-15T14:46:05.356-0700][1251][info ][gc,cpu      ] GC(165) User=15.74s Sys=0.49s Real=0.18s
[2025-10-15T14:46:05.358-0700][1251][info ][safepoint   ] Safepoint "G1CollectForAllocation", Time since last: 5232754365 ns, Reaching safepoint: 655128 ns, Cleanup: 6670 ns, At safepoint: 180670189 ns, Total: 181331987 ns
[2025-10-15T14:46:06.359-0700][1251][info ][safepoint   ] Safepoint "Cleanup", Time since last: 1000085047 ns, Reaching safepoint: 772004 ns, Cleanup: 19459 ns, At safepoint: 153652 ns, Total: 945115 ns
[2025-10-15T14:46:09.360-0700][1251][info ][safepoint   ] Safepoint "Cleanup", Time since last: 3000230893 ns, Reaching safepoint: 725725 ns, Cleanup: 10055 ns, At safepoint: 188905 ns, Total: 924685 ns
[2025-10-15T14:46:11.021-0700][1251][info ][gc,start    ] GC(166) Pause Young (Normal) (G1 Evacuation Pause)
[2025-10-15T14:46:11.021-0700][1251][info ][gc,task     ] GC(166) Using 113 workers of 113 for evacuation
[2025-10-15T14:46:11.037-0700][1251][debug][gc,remset   ] GC(166) Visited cards 24047360 Total dirty 60620800 (39.67%) Total old 514981888 (4.67%)
[2025-10-15T14:46:11.208-0700][1251][info ][gc,phases   ] GC(166)   Pre Evacuate Collection Set: 0.6ms
[2025-10-15T14:46:11.209-0700][1251][info ][gc,phases   ] GC(166)   Merge Heap Roots: 14.7ms
[2025-10-15T14:46:11.209-0700][1251][info ][gc,phases   ] GC(166)   Evacuate Collection Set: 146.2ms
[2025-10-15T14:46:11.209-0700][1251][info ][gc,phases   ] GC(166)   Post Evacuate Collection Set: 25.4ms
[2025-10-15T14:46:11.209-0700][1251][info ][gc,phases   ] GC(166)   Other: 0.2ms
[2025-10-15T14:46:11.209-0700][1251][debug][gc,remset   ] GC(166) Coarsening (recent): Inline->AoC 613385 (117) AoC->Howl 1100 (138) Howl->Full 0 (0) Inline->AoC 4984 (35) AoC->BitMap 742 (159) BitMap->Full 0 (0)
[2025-10-15T14:46:11.209-0700][1251][debug][gc,remset   ] GC(166) Coarsening (all): Inline->AoC 55594779 (16356) AoC->Howl 164484 (33408) Howl->Full 0 (0) Inline->AoC 729165 (9473) AoC->BitMap 134316 (28030) BitMap->Full 5 (0)
[2025-10-15T14:46:11.209-0700][1251][info ][gc,heap     ] GC(166) Eden regions: 3283->0(3284)
[2025-10-15T14:46:11.209-0700][1251][info ][gc,heap     ] GC(166) Survivor regions: 173->172(432)
[2025-10-15T14:46:11.209-0700][1251][info ][gc,heap     ] GC(166) Old regions: 946->948
[2025-10-15T14:46:11.209-0700][1251][info ][gc,heap     ] GC(166) Humongous regions: 0->0
[2025-10-15T14:46:11.209-0700][1251][info ][gc,metaspace] GC(166) Metaspace: 298368K(303040K)->298368K(303040K) NonClass: 262809K(265344K)->262809K(265344K) Class: 35558K(37696K)->35558K(37696K)
[2025-10-15T14:46:11.209-0700][1251][info ][gc          ] GC(166) Pause Young (Normal) (G1 Evacuation Pause) 140819M->35801M(184320M) 187.252ms
[2025-10-15T14:46:11.210-0700][1251][info ][gc,cpu      ] GC(166) User=16.07s Sys=0.49s Real=0.19s
[2025-10-15T14:46:11.211-0700][1251][info ][safepoint   ] Safepoint "G1CollectForAllocation", Time since last: 1659785758 ns, Reaching safepoint: 752035 ns, Cleanup: 10355 ns, At safepoint: 190419491 ns, Total: 191181881 ns
[2025-10-15T14:46:12.212-0700][1251][info ][safepoint   ] Safepoint "Cleanup", Time since last: 1000084455 ns, Reaching safepoint: 693466 ns, Cleanup: 11988 ns, At safepoint: 156817 ns, Total: 862271 ns
[2025-10-15T14:46:14.213-0700][1251][info ][safepoint   ] Safepoint "Cleanup", Time since last: 2000164823 ns, Reaching safepoint: 718353 ns, Cleanup: 13020 ns, At safepoint: 211108 ns, Total: 942481 ns
[2025-10-15T14:46:17.320-0700][1251][info ][gc,start    ] GC(167) Pause Young (Normal) (G1 Evacuation Pause)
[2025-10-15T14:46:17.320-0700][1251][info ][gc,task     ] GC(167) Using 113 workers of 113 for evacuation
[2025-10-15T14:46:17.334-0700][1251][debug][gc,remset   ] GC(167) Visited cards 24042240 Total dirty 60882944 (39.49%) Total old 515112960 (4.67%)
[2025-10-15T14:46:17.512-0700][1251][info ][gc,phases   ] GC(167)   Pre Evacuate Collection Set: 0.7ms
[2025-10-15T14:46:17.512-0700][1251][info ][gc,phases   ] GC(167)   Merge Heap Roots: 13.8ms
[2025-10-15T14:46:17.512-0700][1251][info ][gc,phases   ] GC(167)   Evacuate Collection Set: 151.1ms
[2025-10-15T14:46:17.512-0700][1251][info ][gc,phases   ] GC(167)   Post Evacuate Collection Set: 26.3ms
[2025-10-15T14:46:17.512-0700][1251][info ][gc,phases   ] GC(167)   Other: 0.2ms
[2025-10-15T14:46:17.512-0700][1251][debug][gc,remset   ] GC(167) Coarsening (recent): Inline->AoC 618084 (106) AoC->Howl 1154 (179) Howl->Full 0 (0) Inline->AoC 5200 (48) AoC->BitMap 925 (198) BitMap->Full 0 (0)
[2025-10-15T14:46:17.512-0700][1251][debug][gc,remset   ] GC(167) Coarsening (all): Inline->AoC 56212863 (16462) AoC->Howl 165638 (33587) Howl->Full 0 (0) Inline->AoC 734365 (9521) AoC->BitMap 135241 (28228) BitMap->Full 5 (0)
[2025-10-15T14:46:17.512-0700][1251][info ][gc,heap     ] GC(167) Eden regions: 3284->0(3283)
[2025-10-15T14:46:17.512-0700][1251][info ][gc,heap     ] GC(167) Survivor regions: 172->173(432)
[2025-10-15T14:46:17.512-0700][1251][info ][gc,heap     ] GC(167) Old regions: 948->948
[2025-10-15T14:46:17.512-0700][1251][info ][gc,heap     ] GC(167) Humongous regions: 0->0
[2025-10-15T14:46:17.512-0700][1251][info ][gc,metaspace] GC(167) Metaspace: 298374K(303104K)->298374K(303104K) NonClass: 262815K(265408K)->262815K(265408K) Class: 35559K(37696K)->35559K(37696K)
[2025-10-15T14:46:17.512-0700][1251][info ][gc          ] GC(167) Pause Young (Normal) (G1 Evacuation Pause) 140889M->35871M(184320M) 192.327ms
[2025-10-15T14:46:17.513-0700][1251][info ][gc,cpu      ] GC(167) User=16.01s Sys=0.45s Real=0.19s
[2025-10-15T14:46:17.514-0700][1251][info ][safepoint   ] Safepoint "G1CollectForAllocation", Time since last: 3104878379 ns, Reaching safepoint: 880188 ns, Cleanup: 4657 ns, At safepoint: 195646824 ns, Total: 196531669 ns
[2025-10-15T14:46:18.515-0700][1251][info ][safepoint   ] Safepoint "Cleanup", Time since last: 1000093068 ns, Reaching safepoint: 668658 ns, Cleanup: 12719 ns, At safepoint: 155735 ns, Total: 837112 ns
[2025-10-15T14:46:20.516-0700][1251][info ][safepoint   ] Safepoint "Cleanup", Time since last: 2000170662 ns, Reaching safepoint: 644192 ns, Cleanup: 11778 ns, At safepoint: 120141 ns, Total: 776111 ns
[2025-10-15T14:46:23.400-0700][1251][info ][gc,start    ] GC(168) Pause Young (Normal) (G1 Evacuation Pause)
[2025-10-15T14:46:23.400-0700][1251][info ][gc,task     ] GC(168) Using 113 workers of 113 for evacuation
[2025-10-15T14:46:23.416-0700][1251][debug][gc,remset   ] GC(168) Visited cards 24066304 Total dirty 60882944 (39.53%) Total old 515112960 (4.67%)
[2025-10-15T14:46:23.566-0700][1251][info ][gc,phases   ] GC(168)   Pre Evacuate Collection Set: 0.7ms
[2025-10-15T14:46:23.566-0700][1251][info ][gc,phases   ] GC(168)   Merge Heap Roots: 14.6ms
[2025-10-15T14:46:23.566-0700][1251][info ][gc,phases   ] GC(168)   Evacuate Collection Set: 126.3ms
[2025-10-15T14:46:23.566-0700][1251][info ][gc,phases   ] GC(168)   Post Evacuate Collection Set: 24.5ms
[2025-10-15T14:46:23.566-0700][1251][info ][gc,phases   ] GC(168)   Other: 0.2ms
[2025-10-15T14:46:23.566-0700][1251][debug][gc,remset   ] GC(168) Coarsening (recent): Inline->AoC 584161 (110) AoC->Howl 1166 (175) Howl->Full 0 (0) Inline->AoC 5291 (35) AoC->BitMap 734 (144) BitMap->Full 0 (0)
[2025-10-15T14:46:23.566-0700][1251][debug][gc,remset   ] GC(168) Coarsening (all): Inline->AoC 56797024 (16572) AoC->Howl 166804 (33762) Howl->Full 0 (0) Inline->AoC 739656 (9556) AoC->BitMap 135975 (28372) BitMap->Full 5 (0)
[2025-10-15T14:46:23.566-0700][1251][info ][gc,heap     ] GC(168) Eden regions: 3283->0(3285)
[2025-10-15T14:46:23.566-0700][1251][info ][gc,heap     ] GC(168) Survivor regions: 173->171(432)
[2025-10-15T14:46:23.566-0700][1251][info ][gc,heap     ] GC(168) Old regions: 948->949
[2025-10-15T14:46:23.567-0700][1251][info ][gc,heap     ] GC(168) Humongous regions: 0->0
[2025-10-15T14:46:23.567-0700][1251][info ][gc,metaspace] GC(168) Metaspace: 298375K(303104K)->298375K(303104K) NonClass: 262816K(265408K)->262816K(265408K) Class: 35559K(37696K)->35559K(37696K)
[2025-10-15T14:46:23.567-0700][1251][info ][gc          ] GC(168) Pause Young (Normal) (G1 Evacuation Pause) 140927M->35831M(184320M) 166.299ms
[2025-10-15T14:46:23.568-0700][1251][info ][gc,cpu      ] GC(168) User=16.68s Sys=0.29s Real=0.16s
[2025-10-15T14:46:23.569-0700][1251][info ][safepoint   ] Safepoint "G1CollectForAllocation", Time since last: 2882422424 ns, Reaching safepoint: 678743 ns, Cleanup: 4247 ns, At safepoint: 169402355 ns, Total: 170085345 ns
[2025-10-15T14:46:25.569-0700][1251][info ][safepoint   ] Safepoint "Cleanup", Time since last: 2000151673 ns, Reaching safepoint: 602589 ns, Cleanup: 11427 ns, At safepoint: 97547 ns, Total: 711563 ns
[2025-10-15T14:46:29.232-0700][1251][info ][gc,start    ] GC(169) Pause Young (Normal) (G1 Evacuation Pause)
[2025-10-15T14:46:29.232-0700][1251][info ][gc,task     ] GC(169) Using 113 workers of 113 for evacuation
[2025-10-15T14:46:29.248-0700][1251][debug][gc,remset   ] GC(169) Visited cards 24177408 Total dirty 60948480 (39.67%) Total old 515178496 (4.69%)
[2025-10-15T14:46:29.426-0700][1251][info ][gc,phases   ] GC(169)   Pre Evacuate Collection Set: 0.8ms
[2025-10-15T14:46:29.426-0700][1251][info ][gc,phases   ] GC(169)   Merge Heap Roots: 15.7ms
[2025-10-15T14:46:29.426-0700][1251][info ][gc,phases   ] GC(169)   Evacuate Collection Set: 155.4ms
[2025-10-15T14:46:29.426-0700][1251][info ][gc,phases   ] GC(169)   Post Evacuate Collection Set: 22.2ms
[2025-10-15T14:46:29.426-0700][1251][info ][gc,phases   ] GC(169)   Other: 0.2ms
[2025-10-15T14:46:29.426-0700][1251][debug][gc,remset   ] GC(169) Coarsening (recent): Inline->AoC 581570 (117) AoC->Howl 1228 (171) Howl->Full 0 (0) Inline->AoC 5717 (62) AoC->BitMap 956 (226) BitMap->Full 0 (0)
[2025-10-15T14:46:29.426-0700][1251][debug][gc,remset   ] GC(169) Coarsening (all): Inline->AoC 57378594 (16689) AoC->Howl 168032 (33933) Howl->Full 0 (0) Inline->AoC 745373 (9618) AoC->BitMap 136931 (28598) BitMap->Full 5 (0)
[2025-10-15T14:46:29.426-0700][1251][info ][gc,heap     ] GC(169) Eden regions: 3285->0(3286)
[2025-10-15T14:46:29.426-0700][1251][info ][gc,heap     ] GC(169) Survivor regions: 171->170(432)
[2025-10-15T14:46:29.426-0700][1251][info ][gc,heap     ] GC(169) Old regions: 949->951
[2025-10-15T14:46:29.426-0700][1251][info ][gc,heap     ] GC(169) Humongous regions: 0->0
[2025-10-15T14:46:29.426-0700][1251][info ][gc,metaspace] GC(169) Metaspace: 298376K(303104K)->298376K(303104K) NonClass: 262817K(265408K)->262817K(265408K) Class: 35559K(37696K)->35559K(37696K)
[2025-10-15T14:46:29.426-0700][1251][info ][gc          ] GC(169) Pause Young (Normal) (G1 Evacuation Pause) 140951M->35840M(184320M) 194.533ms
[2025-10-15T14:46:29.427-0700][1251][info ][gc,cpu      ] GC(169) User=16.46s Sys=0.44s Real=0.19s
[2025-10-15T14:46:29.428-0700][1251][info ][safepoint   ] Safepoint "G1CollectForAllocation", Time since last: 3658611402 ns, Reaching safepoint: 2558178 ns, Cleanup: 6089 ns, At safepoint: 197612269 ns, Total: 200176536 ns
[2025-10-15T14:46:30.429-0700][1251][info ][safepoint   ] Safepoint "Cleanup", Time since last: 1000087349 ns, Reaching safepoint: 710892 ns, Cleanup: 14001 ns, At safepoint: 113671 ns, Total: 838564 ns
[2025-10-15T14:46:33.430-0700][1251][info ][safepoint   ] Safepoint "Cleanup", Time since last: 3000202017 ns, Reaching safepoint: 677612 ns, Cleanup: 20631 ns, At safepoint: 225280 ns, Total: 923523 ns
[2025-10-15T14:46:35.668-0700][1251][info ][gc,start    ] GC(170) Pause Young (Normal) (G1 Evacuation Pause)
[2025-10-15T14:46:35.668-0700][1251][info ][gc,task     ] GC(170) Using 113 workers of 113 for evacuation
[2025-10-15T14:46:35.683-0700][1251][debug][gc,remset   ] GC(170) Visited cards 23619328 Total dirty 61276160 (38.55%) Total old 515309568 (4.58%)
[2025-10-15T14:46:35.846-0700][1251][info ][gc,phases   ] GC(170)   Pre Evacuate Collection Set: 0.7ms
[2025-10-15T14:46:35.846-0700][1251][info ][gc,phases   ] GC(170)   Merge Heap Roots: 14.7ms
[2025-10-15T14:46:35.846-0700][1251][info ][gc,phases   ] GC(170)   Evacuate Collection Set: 140.4ms
[2025-10-15T14:46:35.846-0700][1251][info ][gc,phases   ] GC(170)   Post Evacuate Collection Set: 22.4ms
[2025-10-15T14:46:35.846-0700][1251][info ][gc,phases   ] GC(170)   Other: 0.2ms
[2025-10-15T14:46:35.846-0700][1251][debug][gc,remset   ] GC(170) Coarsening (recent): Inline->AoC 566326 (140) AoC->Howl 1160 (175) Howl->Full 0 (0) Inline->AoC 5446 (48) AoC->BitMap 851 (155) BitMap->Full 0 (0)
[2025-10-15T14:46:35.846-0700][1251][debug][gc,remset   ] GC(170) Coarsening (all): Inline->AoC 57944920 (16829) AoC->Howl 169192 (34108) Howl->Full 0 (0) Inline->AoC 750819 (9666) AoC->BitMap 137782 (28753) BitMap->Full 5 (0)
[2025-10-15T14:46:35.846-0700][1251][info ][gc,heap     ] GC(170) Eden regions: 3286->0(3284)
[2025-10-15T14:46:35.846-0700][1251][info ][gc,heap     ] GC(170) Survivor regions: 170->172(432)
[2025-10-15T14:46:35.846-0700][1251][info ][gc,heap     ] GC(170) Old regions: 951->952
[2025-10-15T14:46:35.846-0700][1251][info ][gc,heap     ] GC(170) Humongous regions: 0->0
[2025-10-15T14:46:35.846-0700][1251][info ][gc,metaspace] GC(170) Metaspace: 298377K(303104K)->298377K(303104K) NonClass: 262818K(265408K)->262818K(265408K) Class: 35559K(37696K)->35559K(37696K)
[2025-10-15T14:46:35.846-0700][1251][info ][gc          ] GC(170) Pause Young (Normal) (G1 Evacuation Pause) 140992M->35950M(184320M) 178.568ms
[2025-10-15T14:46:35.847-0700][1251][info ][gc,cpu      ] GC(170) User=15.69s Sys=0.57s Real=0.18s
[2025-10-15T14:46:35.849-0700][1251][info ][safepoint   ] Safepoint "G1CollectForAllocation", Time since last: 2235749278 ns, Reaching safepoint: 675588 ns, Cleanup: 5058 ns, At safepoint: 181788054 ns, Total: 182468700 ns
[2025-10-15T14:46:37.850-0700][1251][info ][safepoint   ] Safepoint "Cleanup", Time since last: 2000146856 ns, Reaching safepoint: 734628 ns, Cleanup: 10486 ns, At safepoint: 227573 ns, Total: 972687 ns
[2025-10-15T14:46:40.851-0700][1251][info ][safepoint   ] Safepoint "Cleanup", Time since last: 3000217440 ns, Reaching safepoint: 757172 ns, Cleanup: 10065 ns, At safepoint: 257919 ns, Total: 1025156 ns
[2025-10-15T14:46:41.522-0700][1251][info ][gc,start    ] GC(171) Pause Young (Normal) (G1 Evacuation Pause)
[2025-10-15T14:46:41.522-0700][1251][info ][gc,task     ] GC(171) Using 113 workers of 113 for evacuation
[2025-10-15T14:46:41.539-0700][1251][debug][gc,remset   ] GC(171) Visited cards 23116800 Total dirty 60948480 (37.93%) Total old 515375104 (4.49%)
[2025-10-15T14:46:41.721-0700][1251][info ][gc,phases   ] GC(171)   Pre Evacuate Collection Set: 0.8ms
[2025-10-15T14:46:41.721-0700][1251][info ][gc,phases   ] GC(171)   Merge Heap Roots: 15.9ms
[2025-10-15T14:46:41.721-0700][1251][info ][gc,phases   ] GC(171)   Evacuate Collection Set: 157.4ms
[2025-10-15T14:46:41.721-0700][1251][info ][gc,phases   ] GC(171)   Post Evacuate Collection Set: 24.4ms
[2025-10-15T14:46:41.721-0700][1251][info ][gc,phases   ] GC(171)   Other: 0.2ms
[2025-10-15T14:46:41.721-0700][1251][debug][gc,remset   ] GC(171) Coarsening (recent): Inline->AoC 584689 (99) AoC->Howl 1036 (138) Howl->Full 0 (0) Inline->AoC 4750 (43) AoC->BitMap 738 (153) BitMap->Full 0 (0)
[2025-10-15T14:46:41.721-0700][1251][debug][gc,remset   ] GC(171) Coarsening (all): Inline->AoC 58529609 (16928) AoC->Howl 170228 (34246) Howl->Full 0 (0) Inline->AoC 755569 (9709) AoC->BitMap 138520 (28906) BitMap->Full 5 (0)
[2025-10-15T14:46:41.721-0700][1251][info ][gc,heap     ] GC(171) Eden regions: 3284->0(3284)
[2025-10-15T14:46:41.721-0700][1251][info ][gc,heap     ] GC(171) Survivor regions: 172->172(432)
[2025-10-15T14:46:41.721-0700][1251][info ][gc,heap     ] GC(171) Old regions: 952->953
[2025-10-15T14:46:41.721-0700][1251][info ][gc,heap     ] GC(171) Humongous regions: 0->0
[2025-10-15T14:46:41.721-0700][1251][info ][gc,metaspace] GC(171) Metaspace: 298380K(303104K)->298380K(303104K) NonClass: 262820K(265408K)->262820K(265408K) Class: 35559K(37696K)->35559K(37696K)
[2025-10-15T14:46:41.721-0700][1251][info ][gc          ] GC(171) Pause Young (Normal) (G1 Evacuation Pause) 141038M->35971M(184320M) 198.821ms
[2025-10-15T14:46:41.722-0700][1251][info ][gc,cpu      ] GC(171) User=16.46s Sys=0.51s Real=0.20s
[2025-10-15T14:46:41.723-0700][1251][info ][safepoint   ] Safepoint "G1CollectForAllocation", Time since last: 668654356 ns, Reaching safepoint: 1668687 ns, Cleanup: 6169 ns, At safepoint: 202001868 ns, Total: 203676724 ns
[2025-10-15T14:46:45.724-0700][1251][info ][safepoint   ] Safepoint "Cleanup", Time since last: 4000269106 ns, Reaching safepoint: 707857 ns, Cleanup: 19530 ns, At safepoint: 169736 ns, Total: 897123 ns
[2025-10-15T14:46:46.725-0700][1251][info ][safepoint   ] Safepoint "Cleanup", Time since last: 1000107800 ns, Reaching safepoint: 784283 ns, Cleanup: 33450 ns, At safepoint: 162335 ns, Total: 980068 ns
[2025-10-15T14:46:47.470-0700][1251][info ][gc,start    ] GC(172) Pause Young (Normal) (G1 Evacuation Pause)
[2025-10-15T14:46:47.471-0700][1251][info ][gc,task     ] GC(172) Using 113 workers of 113 for evacuation
[2025-10-15T14:46:47.488-0700][1251][debug][gc,remset   ] GC(172) Visited cards 23386624 Total dirty 61603840 (37.96%) Total old 515440640 (4.54%)
[2025-10-15T14:46:47.685-0700][1251][info ][gc,mmu      ] GC(172) MMU target violated: 201.0ms (200.0ms/201.0ms)
[2025-10-15T14:46:47.685-0700][1251][info ][gc,phases   ] GC(172)   Pre Evacuate Collection Set: 0.9ms
[2025-10-15T14:46:47.685-0700][1251][info ][gc,phases   ] GC(172)   Merge Heap Roots: 16.9ms
[2025-10-15T14:46:47.685-0700][1251][info ][gc,phases   ] GC(172)   Evacuate Collection Set: 172.8ms
[2025-10-15T14:46:47.685-0700][1251][info ][gc,phases   ] GC(172)   Post Evacuate Collection Set: 24.0ms
[2025-10-15T14:46:47.685-0700][1251][info ][gc,phases   ] GC(172)   Other: 0.2ms
[2025-10-15T14:46:47.685-0700][1251][debug][gc,remset   ] GC(172) Coarsening (recent): Inline->AoC 565524 (94) AoC->Howl 1142 (160) Howl->Full 0 (0) Inline->AoC 5312 (34) AoC->BitMap 1003 (200) BitMap->Full 0 (0)
[2025-10-15T14:46:47.685-0700][1251][debug][gc,remset   ] GC(172) Coarsening (all): Inline->AoC 59095133 (17022) AoC->Howl 171370 (34406) Howl->Full 0 (0) Inline->AoC 760881 (9743) AoC->BitMap 139523 (29106) BitMap->Full 5 (0)
[2025-10-15T14:46:47.685-0700][1251][info ][gc,heap     ] GC(172) Eden regions: 3284->0(3271)
[2025-10-15T14:46:47.685-0700][1251][info ][gc,heap     ] GC(172) Survivor regions: 172->185(432)
[2025-10-15T14:46:47.685-0700][1251][info ][gc,heap     ] GC(172) Old regions: 953->954
[2025-10-15T14:46:47.685-0700][1251][info ][gc,heap     ] GC(172) Humongous regions: 0->0
[2025-10-15T14:46:47.685-0700][1251][info ][gc,metaspace] GC(172) Metaspace: 298409K(303104K)->298409K(303104K) NonClass: 262850K(265408K)->262850K(265408K) Class: 35559K(37696K)->35559K(37696K)
[2025-10-15T14:46:47.686-0700][1251][info ][gc          ] GC(172) Pause Young (Normal) (G1 Evacuation Pause) 141059M->36426M(184320M) 215.044ms
[2025-10-15T14:46:47.687-0700][1251][info ][gc,cpu      ] GC(172) User=17.64s Sys=0.38s Real=0.21s
[2025-10-15T14:46:47.688-0700][1251][info ][safepoint   ] Safepoint "G1CollectForAllocation", Time since last: 742638511 ns, Reaching safepoint: 1209544 ns, Cleanup: 32088 ns, At safepoint: 218350685 ns, Total: 219592317 ns
[2025-10-15T14:46:48.689-0700][1251][info ][safepoint   ] Safepoint "Cleanup", Time since last: 1000087489 ns, Reaching safepoint: 625814 ns, Cleanup: 12519 ns, At safepoint: 349016 ns, Total: 987349 ns
[2025-10-15T14:46:50.690-0700][1251][info ][safepoint   ] Safepoint "Cleanup", Time since last: 2000166275 ns, Reaching safepoint: 706696 ns, Cleanup: 11407 ns, At safepoint: 228465 ns, Total: 946568 ns
[2025-10-15T14:46:53.118-0700][1251][info ][gc,start    ] GC(173) Pause Young (Normal) (G1 Evacuation Pause)
[2025-10-15T14:46:53.118-0700][1251][info ][gc,task     ] GC(173) Using 113 workers of 113 for evacuation
[2025-10-15T14:46:53.134-0700][1251][debug][gc,remset   ] GC(173) Visited cards 23106816 Total dirty 61603840 (37.51%) Total old 515571712 (4.48%)
[2025-10-15T14:46:53.322-0700][1251][info ][gc,mmu      ] GC(173) MMU target violated: 201.0ms (200.0ms/201.0ms)
[2025-10-15T14:46:53.322-0700][1251][info ][gc,phases   ] GC(173)   Pre Evacuate Collection Set: 0.7ms
[2025-10-15T14:46:53.322-0700][1251][info ][gc,phases   ] GC(173)   Merge Heap Roots: 15.0ms
[2025-10-15T14:46:53.322-0700][1251][info ][gc,phases   ] GC(173)   Evacuate Collection Set: 162.6ms
[2025-10-15T14:46:53.322-0700][1251][info ][gc,phases   ] GC(173)   Post Evacuate Collection Set: 25.3ms
[2025-10-15T14:46:53.322-0700][1251][info ][gc,phases   ] GC(173)   Other: 0.2ms
[2025-10-15T14:46:53.322-0700][1251][debug][gc,remset   ] GC(173) Coarsening (recent): Inline->AoC 470695 (96) AoC->Howl 913 (96) Howl->Full 0 (0) Inline->AoC 4361 (24) AoC->BitMap 630 (134) BitMap->Full 0 (0)
[2025-10-15T14:46:53.322-0700][1251][debug][gc,remset   ] GC(173) Coarsening (all): Inline->AoC 59565828 (17118) AoC->Howl 172283 (34502) Howl->Full 0 (0) Inline->AoC 765242 (9767) AoC->BitMap 140153 (29240) BitMap->Full 5 (0)
[2025-10-15T14:46:53.322-0700][1251][info ][gc,heap     ] GC(173) Eden regions: 3271->0(3278)
[2025-10-15T14:46:53.322-0700][1251][info ][gc,heap     ] GC(173) Survivor regions: 185->178(432)
[2025-10-15T14:46:53.322-0700][1251][info ][gc,heap     ] GC(173) Old regions: 954->955
[2025-10-15T14:46:53.322-0700][1251][info ][gc,heap     ] GC(173) Humongous regions: 1->0
[2025-10-15T14:46:53.322-0700][1251][info ][gc,metaspace] GC(173) Metaspace: 298448K(303104K)->298448K(303104K) NonClass: 262885K(265408K)->262885K(265408K) Class: 35563K(37696K)->35563K(37696K)
[2025-10-15T14:46:53.322-0700][1251][info ][gc          ] GC(173) Pause Young (Normal) (G1 Evacuation Pause) 141130M->36228M(184320M) 204.006ms
[2025-10-15T14:46:53.323-0700][1251][info ][gc,cpu      ] GC(173) User=16.81s Sys=0.54s Real=0.20s
[2025-10-15T14:46:53.325-0700][1251][info ][safepoint   ] Safepoint "G1CollectForAllocation", Time since last: 2425821635 ns, Reaching safepoint: 1584340 ns, Cleanup: 31467 ns, At safepoint: 207188881 ns, Total: 208804688 ns
[2025-10-15T14:46:54.325-0700][1251][info ][safepoint   ] Safepoint "Cleanup", Time since last: 1000087419 ns, Reaching safepoint: 580015 ns, Cleanup: 37056 ns, At safepoint: 144217 ns, Total: 761288 ns
[2025-10-15T14:46:55.327-0700][1251][info ][safepoint   ] Safepoint "Cleanup", Time since last: 1000097855 ns, Reaching safepoint: 697382 ns, Cleanup: 107452 ns, At safepoint: 246772 ns, Total: 1051606 ns
[2025-10-15T14:46:56.328-0700][1251][info ][safepoint   ] Safepoint "Cleanup", Time since last: 1000102603 ns, Reaching safepoint: 755559 ns, Cleanup: 28784 ns, At safepoint: 346442 ns, Total: 1130785 ns
[2025-10-15T14:46:57.329-0700][1251][info ][safepoint   ] Safepoint "Cleanup", Time since last: 1000099223 ns, Reaching safepoint: 673326 ns, Cleanup: 31177 ns, At safepoint: 128133 ns, Total: 832636 ns
[2025-10-15T14:46:58.330-0700][1251][info ][safepoint   ] Safepoint "Cleanup", Time since last: 1000111321 ns, Reaching safepoint: 851204 ns, Cleanup: 49955 ns, At safepoint: 365531 ns, Total: 1266690 ns
[2025-10-15T14:46:58.725-0700][1251][info ][gc,start    ] GC(174) Pause Young (Normal) (G1 Evacuation Pause)
[2025-10-15T14:46:58.725-0700][1251][info ][gc,task     ] GC(174) Using 113 workers of 113 for evacuation
[2025-10-15T14:46:58.743-0700][1251][debug][gc,remset   ] GC(174) Visited cards 23300096 Total dirty 61603840 (37.82%) Total old 515637248 (4.52%)
[2025-10-15T14:46:58.934-0700][1251][info ][gc,mmu      ] GC(174) MMU target violated: 201.0ms (200.0ms/201.0ms)
[2025-10-15T14:46:58.934-0700][1251][info ][gc,phases   ] GC(174)   Pre Evacuate Collection Set: 0.8ms
[2025-10-15T14:46:58.934-0700][1251][info ][gc,phases   ] GC(174)   Merge Heap Roots: 16.6ms
[2025-10-15T14:46:58.934-0700][1251][info ][gc,phases   ] GC(174)   Evacuate Collection Set: 166.0ms
[2025-10-15T14:46:58.934-0700][1251][info ][gc,phases   ] GC(174)   Post Evacuate Collection Set: 25.0ms
[2025-10-15T14:46:58.934-0700][1251][info ][gc,phases   ] GC(174)   Other: 0.2ms
[2025-10-15T14:46:58.934-0700][1251][debug][gc,remset   ] GC(174) Coarsening (recent): Inline->AoC 522848 (78) AoC->Howl 1209 (173) Howl->Full 0 (0) Inline->AoC 5452 (40) AoC->BitMap 1065 (206) BitMap->Full 0 (0)
[2025-10-15T14:46:58.934-0700][1251][debug][gc,remset   ] GC(174) Coarsening (all): Inline->AoC 60088676 (17196) AoC->Howl 173492 (34675) Howl->Full 0 (0) Inline->AoC 770694 (9807) AoC->BitMap 141218 (29446) BitMap->Full 5 (0)
[2025-10-15T14:46:58.934-0700][1251][info ][gc,heap     ] GC(174) Eden regions: 3278->0(3270)
[2025-10-15T14:46:58.934-0700][1251][info ][gc,heap     ] GC(174) Survivor regions: 178->186(432)
[2025-10-15T14:46:58.934-0700][1251][info ][gc,heap     ] GC(174) Old regions: 955->956
[2025-10-15T14:46:58.934-0700][1251][info ][gc,heap     ] GC(174) Humongous regions: 1->0
[2025-10-15T14:46:58.934-0700][1251][info ][gc,metaspace] GC(174) Metaspace: 298681K(303424K)->298681K(303424K) NonClass: 263110K(265728K)->263110K(265728K) Class: 35571K(37696K)->35571K(37696K)
[2025-10-15T14:46:58.934-0700][1251][info ][gc          ] GC(174) Pause Young (Normal) (G1 Evacuation Pause) 141156M->36506M(184320M) 208.766ms
[2025-10-15T14:46:58.935-0700][1251][info ][gc,cpu      ] GC(174) User=17.39s Sys=0.34s Real=0.21s
[2025-10-15T14:46:58.936-0700][1251][info ][safepoint   ] Safepoint "G1CollectForAllocation", Time since last: 392812408 ns, Reaching safepoint: 942941 ns, Cleanup: 5268 ns, At safepoint: 212029963 ns, Total: 212978172 ns
[2025-10-15T14:46:59.937-0700][1251][info ][safepoint   ] Safepoint "Cleanup", Time since last: 1000053293 ns, Reaching safepoint: 630581 ns, Cleanup: 9645 ns, At safepoint: 206301 ns, Total: 846527 ns
[2025-10-15T14:47:01.938-0700][1251][info ][safepoint   ] Safepoint "Cleanup", Time since last: 2000164214 ns, Reaching safepoint: 824103 ns, Cleanup: 14382 ns, At safepoint: 539864 ns, Total: 1378349 ns
[2025-10-15T14:47:03.940-0700][1251][info ][safepoint   ] Safepoint "Cleanup", Time since last: 2000169883 ns, Reaching safepoint: 867858 ns, Cleanup: 10486 ns, At safepoint: 337008 ns, Total: 1215352 ns
[2025-10-15T14:47:05.113-0700][1251][info ][gc,start    ] GC(175) Pause Young (Normal) (G1 Evacuation Pause)
[2025-10-15T14:47:05.113-0700][1251][info ][gc,task     ] GC(175) Using 113 workers of 113 for evacuation
[2025-10-15T14:47:05.128-0700][1251][debug][gc,remset   ] GC(175) Visited cards 23208448 Total dirty 61669376 (37.63%) Total old 515637248 (4.50%)
[2025-10-15T14:47:05.319-0700][1251][info ][gc,mmu      ] GC(175) MMU target violated: 201.0ms (200.0ms/201.0ms)
[2025-10-15T14:47:05.319-0700][1251][info ][gc,phases   ] GC(175)   Pre Evacuate Collection Set: 0.7ms
[2025-10-15T14:47:05.319-0700][1251][info ][gc,phases   ] GC(175)   Merge Heap Roots: 14.9ms
[2025-10-15T14:47:05.319-0700][1251][info ][gc,phases   ] GC(175)   Evacuate Collection Set: 165.7ms
[2025-10-15T14:47:05.319-0700][1251][info ][gc,phases   ] GC(175)   Post Evacuate Collection Set: 25.3ms
[2025-10-15T14:47:05.319-0700][1251][info ][gc,phases   ] GC(175)   Other: 0.2ms
[2025-10-15T14:47:05.319-0700][1251][debug][gc,remset   ] GC(175) Coarsening (recent): Inline->AoC 578677 (107) AoC->Howl 1131 (163) Howl->Full 0 (0) Inline->AoC 5021 (50) AoC->BitMap 978 (187) BitMap->Full 0 (0)
[2025-10-15T14:47:05.319-0700][1251][debug][gc,remset   ] GC(175) Coarsening (all): Inline->AoC 60667353 (17303) AoC->Howl 174623 (34838) Howl->Full 0 (0) Inline->AoC 775715 (9857) AoC->BitMap 142196 (29633) BitMap->Full 5 (0)
[2025-10-15T14:47:05.319-0700][1251][info ][gc,heap     ] GC(175) Eden regions: 3270->0(3269)
[2025-10-15T14:47:05.319-0700][1251][info ][gc,heap     ] GC(175) Survivor regions: 186->187(432)
[2025-10-15T14:47:05.319-0700][1251][info ][gc,heap     ] GC(175) Old regions: 956->956
[2025-10-15T14:47:05.319-0700][1251][info ][gc,heap     ] GC(175) Humongous regions: 0->0
[2025-10-15T14:47:05.319-0700][1251][info ][gc,metaspace] GC(175) Metaspace: 298681K(303424K)->298681K(303424K) NonClass: 263110K(265728K)->263110K(265728K) Class: 35571K(37696K)->35571K(37696K)
[2025-10-15T14:47:05.320-0700][1251][info ][gc          ] GC(175) Pause Young (Normal) (G1 Evacuation Pause) 141146M->36555M(184320M) 206.944ms
[2025-10-15T14:47:05.321-0700][1251][info ][gc,cpu      ] GC(175) User=16.92s Sys=0.34s Real=0.21s
[2025-10-15T14:47:05.322-0700][1251][info ][safepoint   ] Safepoint "G1CollectForAllocation", Time since last: 1171014931 ns, Reaching safepoint: 827317 ns, Cleanup: 16525 ns, At safepoint: 210133042 ns, Total: 210976884 ns
[2025-10-15T14:47:06.323-0700][1251][info ][safepoint   ] Safepoint "Cleanup", Time since last: 1000081937 ns, Reaching safepoint: 643571 ns, Cleanup: 13871 ns, At safepoint: 269025 ns, Total: 926467 ns
[2025-10-15T14:47:07.324-0700][1251][info ][safepoint   ] Safepoint "Cleanup", Time since last: 1000104932 ns, Reaching safepoint: 806196 ns, Cleanup: 10045 ns, At safepoint: 326692 ns, Total: 1142933 ns
[2025-10-15T14:47:08.325-0700][1251][info ][safepoint   ] Safepoint "Cleanup", Time since last: 1000108007 ns, Reaching safepoint: 714207 ns, Cleanup: 13660 ns, At safepoint: 531532 ns, Total: 1259399 ns
[2025-10-15T14:47:10.327-0700][1251][info ][safepoint   ] Safepoint "Cleanup", Time since last: 2000168460 ns, Reaching safepoint: 765084 ns, Cleanup: 42204 ns, At safepoint: 629829 ns, Total: 1437117 ns
[2025-10-15T14:47:11.060-0700][1251][info ][gc,start    ] GC(176) Pause Young (Normal) (G1 Evacuation Pause)
[2025-10-15T14:47:11.060-0700][1251][info ][gc,task     ] GC(176) Using 113 workers of 113 for evacuation
[2025-10-15T14:47:11.076-0700][1251][debug][gc,remset   ] GC(176) Visited cards 23160832 Total dirty 61603840 (37.60%) Total old 515637248 (4.49%)
[2025-10-15T14:47:11.260-0700][1251][info ][gc,phases   ] GC(176)   Pre Evacuate Collection Set: 0.7ms
[2025-10-15T14:47:11.260-0700][1251][info ][gc,phases   ] GC(176)   Merge Heap Roots: 14.7ms
[2025-10-15T14:47:11.260-0700][1251][info ][gc,phases   ] GC(176)   Evacuate Collection Set: 162.3ms
[2025-10-15T14:47:11.260-0700][1251][info ][gc,phases   ] GC(176)   Post Evacuate Collection Set: 22.0ms
[2025-10-15T14:47:11.260-0700][1251][info ][gc,phases   ] GC(176)   Other: 0.2ms
[2025-10-15T14:47:11.260-0700][1251][debug][gc,remset   ] GC(176) Coarsening (recent): Inline->AoC 652359 (76) AoC->Howl 1196 (213) Howl->Full 0 (0) Inline->AoC 5377 (45) AoC->BitMap 1086 (251) BitMap->Full 0 (0)
[2025-10-15T14:47:11.260-0700][1251][debug][gc,remset   ] GC(176) Coarsening (all): Inline->AoC 61319712 (17379) AoC->Howl 175819 (35051) Howl->Full 0 (0) Inline->AoC 781092 (9902) AoC->BitMap 143282 (29884) BitMap->Full 5 (0)
[2025-10-15T14:47:11.260-0700][1251][info ][gc,heap     ] GC(176) Eden regions: 3269->0(3268)
[2025-10-15T14:47:11.260-0700][1251][info ][gc,heap     ] GC(176) Survivor regions: 187->188(432)
[2025-10-15T14:47:11.260-0700][1251][info ][gc,heap     ] GC(176) Old regions: 956->957
[2025-10-15T14:47:11.260-0700][1251][info ][gc,heap     ] GC(176) Humongous regions: 0->0
[2025-10-15T14:47:11.260-0700][1251][info ][gc,metaspace] GC(176) Metaspace: 298683K(303424K)->298683K(303424K) NonClass: 263112K(265728K)->263112K(265728K) Class: 35571K(37696K)->35571K(37696K)
[2025-10-15T14:47:11.260-0700][1251][info ][gc          ] GC(176) Pause Young (Normal) (G1 Evacuation Pause) 141163M->36625M(184320M) 200.009ms
[2025-10-15T14:47:11.261-0700][1251][info ][gc,cpu      ] GC(176) User=17.00s Sys=0.49s Real=0.20s
[2025-10-15T14:47:11.263-0700][1251][info ][safepoint   ] Safepoint "G1CollectForAllocation", Time since last: 731633534 ns, Reaching safepoint: 758293 ns, Cleanup: 4988 ns, At safepoint: 203253749 ns, Total: 204017030 ns
[2025-10-15T14:47:17.350-0700][1251][info ][gc,start    ] GC(177) Pause Young (Normal) (G1 Evacuation Pause)
[2025-10-15T14:47:17.350-0700][1251][info ][gc,task     ] GC(177) Using 113 workers of 113 for evacuation
[2025-10-15T14:47:17.366-0700][1251][debug][gc,remset   ] GC(177) Visited cards 23201536 Total dirty 61734912 (37.58%) Total old 515702784 (4.50%)
[2025-10-15T14:47:17.560-0700][1251][info ][gc,mmu      ] GC(177) MMU target violated: 201.0ms (200.0ms/201.0ms)
[2025-10-15T14:47:17.560-0700][1251][info ][gc,phases   ] GC(177)   Pre Evacuate Collection Set: 0.7ms
[2025-10-15T14:47:17.560-0700][1251][info ][gc,phases   ] GC(177)   Merge Heap Roots: 15.0ms
[2025-10-15T14:47:17.560-0700][1251][info ][gc,phases   ] GC(177)   Evacuate Collection Set: 170.7ms
[2025-10-15T14:47:17.560-0700][1251][info ][gc,phases   ] GC(177)   Post Evacuate Collection Set: 23.5ms
[2025-10-15T14:47:17.560-0700][1251][info ][gc,phases   ] GC(177)   Other: 0.2ms
[2025-10-15T14:47:17.560-0700][1251][debug][gc,remset   ] GC(177) Coarsening (recent): Inline->AoC 593072 (97) AoC->Howl 1279 (172) Howl->Full 0 (0) Inline->AoC 5892 (56) AoC->BitMap 982 (168) BitMap->Full 0 (0)
[2025-10-15T14:47:17.560-0700][1251][debug][gc,remset   ] GC(177) Coarsening (all): Inline->AoC 61912784 (17476) AoC->Howl 177098 (35223) Howl->Full 0 (0) Inline->AoC 786984 (9958) AoC->BitMap 144264 (30052) BitMap->Full 5 (0)
[2025-10-15T14:47:17.560-0700][1251][info ][gc,heap     ] GC(177) Eden regions: 3268->0(3266)
[2025-10-15T14:47:17.560-0700][1251][info ][gc,heap     ] GC(177) Survivor regions: 188->190(432)
[2025-10-15T14:47:17.560-0700][1251][info ][gc,heap     ] GC(177) Old regions: 957->958
[2025-10-15T14:47:17.560-0700][1251][info ][gc,heap     ] GC(177) Humongous regions: 0->0
[2025-10-15T14:47:17.560-0700][1251][info ][gc,metaspace] GC(177) Metaspace: 298683K(303424K)->298683K(303424K) NonClass: 263112K(265728K)->263112K(265728K) Class: 35571K(37696K)->35571K(37696K)
[2025-10-15T14:47:17.560-0700][1251][info ][gc          ] GC(177) Pause Young (Normal) (G1 Evacuation Pause) 141201M->36696M(184320M) 210.362ms
[2025-10-15T14:47:17.561-0700][1251][info ][gc,cpu      ] GC(177) User=17.04s Sys=0.57s Real=0.21s
[2025-10-15T14:47:17.563-0700][1251][info ][safepoint   ] Safepoint "G1CollectForAllocation", Time since last: 6085656845 ns, Reaching safepoint: 811955 ns, Cleanup: 4586 ns, At safepoint: 213516120 ns, Total: 214332661 ns
[2025-10-15T14:47:20.563-0700][1251][info ][safepoint   ] Safepoint "Cleanup", Time since last: 3000204428 ns, Reaching safepoint: 601867 ns, Cleanup: 9064 ns, At safepoint: 143336 ns, Total: 754267 ns
[2025-10-15T14:47:23.322-0700][1251][info ][gc,start    ] GC(178) Pause Young (Normal) (G1 Evacuation Pause)
[2025-10-15T14:47:23.322-0700][1251][info ][gc,task     ] GC(178) Using 113 workers of 113 for evacuation
[2025-10-15T14:47:23.337-0700][1251][debug][gc,remset   ] GC(178) Visited cards 23073280 Total dirty 61800448 (37.34%) Total old 515768320 (4.47%)
[2025-10-15T14:47:23.506-0700][1251][info ][gc,phases   ] GC(178)   Pre Evacuate Collection Set: 0.7ms
[2025-10-15T14:47:23.506-0700][1251][info ][gc,phases   ] GC(178)   Merge Heap Roots: 14.4ms
[2025-10-15T14:47:23.506-0700][1251][info ][gc,phases   ] GC(178)   Evacuate Collection Set: 144.2ms
[2025-10-15T14:47:23.506-0700][1251][info ][gc,phases   ] GC(178)   Post Evacuate Collection Set: 23.8ms
[2025-10-15T14:47:23.506-0700][1251][info ][gc,phases   ] GC(178)   Other: 0.2ms
[2025-10-15T14:47:23.506-0700][1251][debug][gc,remset   ] GC(178) Coarsening (recent): Inline->AoC 611578 (110) AoC->Howl 1095 (145) Howl->Full 0 (0) Inline->AoC 5132 (54) AoC->BitMap 895 (184) BitMap->Full 0 (0)
[2025-10-15T14:47:23.506-0700][1251][debug][gc,remset   ] GC(178) Coarsening (all): Inline->AoC 62524362 (17586) AoC->Howl 178193 (35368) Howl->Full 0 (0) Inline->AoC 792116 (10012) AoC->BitMap 145159 (30236) BitMap->Full 5 (0)
[2025-10-15T14:47:23.506-0700][1251][info ][gc,heap     ] GC(178) Eden regions: 3266->0(3268)
[2025-10-15T14:47:23.506-0700][1251][info ][gc,heap     ] GC(178) Survivor regions: 190->188(432)
[2025-10-15T14:47:23.506-0700][1251][info ][gc,heap     ] GC(178) Old regions: 958->958
[2025-10-15T14:47:23.506-0700][1251][info ][gc,heap     ] GC(178) Humongous regions: 0->0
[2025-10-15T14:47:23.506-0700][1251][info ][gc,metaspace] GC(178) Metaspace: 298683K(303424K)->298683K(303424K) NonClass: 263112K(265728K)->263112K(265728K) Class: 35571K(37696K)->35571K(37696K)
[2025-10-15T14:47:23.506-0700][1251][info ][gc          ] GC(178) Pause Young (Normal) (G1 Evacuation Pause) 141208M->36649M(184320M) 183.442ms
[2025-10-15T14:47:23.507-0700][1251][info ][gc,cpu      ] GC(178) User=16.40s Sys=0.44s Real=0.18s
[2025-10-15T14:47:23.508-0700][1251][info ][safepoint   ] Safepoint "G1CollectForAllocation", Time since last: 2757013407 ns, Reaching safepoint: 717612 ns, Cleanup: 15944 ns, At safepoint: 186506106 ns, Total: 187239662 ns
[2025-10-15T14:47:24.509-0700][1251][info ][safepoint   ] Safepoint "Cleanup", Time since last: 1000082044 ns, Reaching safepoint: 706595 ns, Cleanup: 10937 ns, At safepoint: 128183 ns, Total: 845715 ns
[2025-10-15T14:47:28.510-0700][1251][info ][safepoint   ] Safepoint "Cleanup", Time since last: 4000281745 ns, Reaching safepoint: 798173 ns, Cleanup: 15263 ns, At safepoint: 356828 ns, Total: 1170264 ns
[2025-10-15T14:47:29.257-0700][1251][info ][gc,start    ] GC(179) Pause Young (Normal) (G1 Evacuation Pause)
[2025-10-15T14:47:29.257-0700][1251][info ][gc,task     ] GC(179) Using 113 workers of 113 for evacuation
[2025-10-15T14:47:29.274-0700][1251][debug][gc,remset   ] GC(179) Visited cards 23178240 Total dirty 61734912 (37.54%) Total old 515768320 (4.49%)
[2025-10-15T14:47:29.466-0700][1251][info ][gc,mmu      ] GC(179) MMU target violated: 201.0ms (200.0ms/201.0ms)
[2025-10-15T14:47:29.466-0700][1251][info ][gc,phases   ] GC(179)   Pre Evacuate Collection Set: 0.8ms
[2025-10-15T14:47:29.466-0700][1251][info ][gc,phases   ] GC(179)   Merge Heap Roots: 16.5ms
[2025-10-15T14:47:29.466-0700][1251][info ][gc,phases   ] GC(179)   Evacuate Collection Set: 168.0ms
[2025-10-15T14:47:29.466-0700][1251][info ][gc,phases   ] GC(179)   Post Evacuate Collection Set: 24.0ms
[2025-10-15T14:47:29.466-0700][1251][info ][gc,phases   ] GC(179)   Other: 0.2ms
[2025-10-15T14:47:29.466-0700][1251][debug][gc,remset   ] GC(179) Coarsening (recent): Inline->AoC 585454 (83) AoC->Howl 1296 (180) Howl->Full 0 (0) Inline->AoC 6007 (42) AoC->BitMap 1090 (235) BitMap->Full 0 (0)
[2025-10-15T14:47:29.466-0700][1251][debug][gc,remset   ] GC(179) Coarsening (all): Inline->AoC 63109816 (17669) AoC->Howl 179489 (35548) Howl->Full 0 (0) Inline->AoC 798123 (10054) AoC->BitMap 146249 (30471) BitMap->Full 5 (0)
[2025-10-15T14:47:29.466-0700][1251][info ][gc,heap     ] GC(179) Eden regions: 3268->0(3271)
[2025-10-15T14:47:29.466-0700][1251][info ][gc,heap     ] GC(179) Survivor regions: 188->185(432)
[2025-10-15T14:47:29.466-0700][1251][info ][gc,heap     ] GC(179) Old regions: 958->959
[2025-10-15T14:47:29.466-0700][1251][info ][gc,heap     ] GC(179) Humongous regions: 0->0
[2025-10-15T14:47:29.466-0700][1251][info ][gc,metaspace] GC(179) Metaspace: 298684K(303424K)->298684K(303424K) NonClass: 263112K(265728K)->263112K(265728K) Class: 35571K(37696K)->35571K(37696K)
[2025-10-15T14:47:29.466-0700][1251][info ][gc          ] GC(179) Pause Young (Normal) (G1 Evacuation Pause) 141225M->36592M(184320M) 209.750ms
[2025-10-15T14:47:29.467-0700][1251][info ][gc,cpu      ] GC(179) User=17.10s Sys=0.38s Real=0.21s
[2025-10-15T14:47:29.468-0700][1251][info ][safepoint   ] Safepoint "G1CollectForAllocation", Time since last: 738899991 ns, Reaching safepoint: 6499932 ns, Cleanup: 6189 ns, At safepoint: 212882284 ns, Total: 219388405 ns
[2025-10-15T14:47:31.469-0700][1251][info ][safepoint   ] Safepoint "Cleanup", Time since last: 2000146220 ns, Reaching safepoint: 715349 ns, Cleanup: 12399 ns, At safepoint: 181053 ns, Total: 908801 ns
[2025-10-15T14:47:35.598-0700][1251][info ][gc,start    ] GC(180) Pause Young (Normal) (G1 Evacuation Pause)
[2025-10-15T14:47:35.598-0700][1251][info ][gc,task     ] GC(180) Using 113 workers of 113 for evacuation
[2025-10-15T14:47:35.614-0700][1251][debug][gc,remset   ] GC(180) Visited cards 23165440 Total dirty 61931520 (37.40%) Total old 515833856 (4.49%)
[2025-10-15T14:47:35.803-0700][1251][info ][gc,mmu      ] GC(180) MMU target violated: 201.0ms (200.0ms/201.0ms)
[2025-10-15T14:47:35.803-0700][1251][info ][gc,phases   ] GC(180)   Pre Evacuate Collection Set: 0.8ms
[2025-10-15T14:47:35.803-0700][1251][info ][gc,phases   ] GC(180)   Merge Heap Roots: 15.3ms
[2025-10-15T14:47:35.803-0700][1251][info ][gc,phases   ] GC(180)   Evacuate Collection Set: 163.6ms
[2025-10-15T14:47:35.803-0700][1251][info ][gc,phases   ] GC(180)   Post Evacuate Collection Set: 25.8ms
[2025-10-15T14:47:35.803-0700][1251][info ][gc,phases   ] GC(180)   Other: 0.2ms
[2025-10-15T14:47:35.803-0700][1251][debug][gc,remset   ] GC(180) Coarsening (recent): Inline->AoC 624616 (108) AoC->Howl 1130 (176) Howl->Full 0 (0) Inline->AoC 5122 (40) AoC->BitMap 919 (200) BitMap->Full 0 (0)
[2025-10-15T14:47:35.803-0700][1251][debug][gc,remset   ] GC(180) Coarsening (all): Inline->AoC 63734432 (17777) AoC->Howl 180619 (35724) Howl->Full 0 (0) Inline->AoC 803245 (10094) AoC->BitMap 147168 (30671) BitMap->Full 5 (0)
[2025-10-15T14:47:35.803-0700][1251][info ][gc,heap     ] GC(180) Eden regions: 3271->0(3268)
[2025-10-15T14:47:35.803-0700][1251][info ][gc,heap     ] GC(180) Survivor regions: 185->188(432)
[2025-10-15T14:47:35.803-0700][1251][info ][gc,heap     ] GC(180) Old regions: 959->960
[2025-10-15T14:47:35.803-0700][1251][info ][gc,heap     ] GC(180) Humongous regions: 0->0
[2025-10-15T14:47:35.803-0700][1251][info ][gc,metaspace] GC(180) Metaspace: 298685K(303424K)->298685K(303424K) NonClass: 263113K(265728K)->263113K(265728K) Class: 35571K(37696K)->35571K(37696K)
[2025-10-15T14:47:35.803-0700][1251][info ][gc          ] GC(180) Pause Young (Normal) (G1 Evacuation Pause) 141264M->36705M(184320M) 205.753ms
[2025-10-15T14:47:35.804-0700][1251][info ][gc,cpu      ] GC(180) User=16.69s Sys=0.50s Real=0.21s
[2025-10-15T14:47:35.805-0700][1251][info ][safepoint   ] Safepoint "G1CollectForAllocation", Time since last: 4126112177 ns, Reaching safepoint: 900067 ns, Cleanup: 4857 ns, At safepoint: 208958336 ns, Total: 209863260 ns
[2025-10-15T14:47:38.807-0700][1251][info ][safepoint   ] Safepoint "Cleanup", Time since last: 3000209736 ns, Reaching safepoint: 692675 ns, Cleanup: 11036 ns, At safepoint: 236597 ns, Total: 940308 ns
[2025-10-15T14:47:41.407-0700][1251][info ][gc,start    ] GC(181) Pause Young (Normal) (G1 Evacuation Pause)
[2025-10-15T14:47:41.407-0700][1251][info ][gc,task     ] GC(181) Using 113 workers of 113 for evacuation
[2025-10-15T14:47:41.423-0700][1251][debug][gc,remset   ] GC(181) Visited cards 23170560 Total dirty 61931520 (37.41%) Total old 515899392 (4.49%)
[2025-10-15T14:47:41.620-0700][1251][info ][gc,mmu      ] GC(181) MMU target violated: 201.0ms (200.0ms/201.0ms)
[2025-10-15T14:47:41.620-0700][1251][info ][gc,phases   ] GC(181)   Pre Evacuate Collection Set: 0.8ms
[2025-10-15T14:47:41.620-0700][1251][info ][gc,phases   ] GC(181)   Merge Heap Roots: 15.1ms
[2025-10-15T14:47:41.620-0700][1251][info ][gc,phases   ] GC(181)   Evacuate Collection Set: 171.8ms
[2025-10-15T14:47:41.620-0700][1251][info ][gc,phases   ] GC(181)   Post Evacuate Collection Set: 25.6ms
[2025-10-15T14:47:41.620-0700][1251][info ][gc,phases   ] GC(181)   Other: 0.2ms
[2025-10-15T14:47:41.620-0700][1251][debug][gc,remset   ] GC(181) Coarsening (recent): Inline->AoC 584969 (125) AoC->Howl 1072 (132) Howl->Full 0 (0) Inline->AoC 4943 (47) AoC->BitMap 845 (157) BitMap->Full 0 (0)
[2025-10-15T14:47:41.620-0700][1251][debug][gc,remset   ] GC(181) Coarsening (all): Inline->AoC 64319401 (17902) AoC->Howl 181691 (35856) Howl->Full 0 (0) Inline->AoC 808188 (10141) AoC->BitMap 148013 (30828) BitMap->Full 5 (0)
[2025-10-15T14:47:41.620-0700][1251][info ][gc,heap     ] GC(181) Eden regions: 3268->0(3272)
[2025-10-15T14:47:41.620-0700][1251][info ][gc,heap     ] GC(181) Survivor regions: 188->184(432)
[2025-10-15T14:47:41.620-0700][1251][info ][gc,heap     ] GC(181) Old regions: 960->962
[2025-10-15T14:47:41.620-0700][1251][info ][gc,heap     ] GC(181) Humongous regions: 0->0
[2025-10-15T14:47:41.620-0700][1251][info ][gc,metaspace] GC(181) Metaspace: 298685K(303424K)->298685K(303424K) NonClass: 263113K(265728K)->263113K(265728K) Class: 35571K(37696K)->35571K(37696K)
[2025-10-15T14:47:41.620-0700][1251][info ][gc          ] GC(181) Pause Young (Normal) (G1 Evacuation Pause) 141281M->36638M(184320M) 213.674ms
[2025-10-15T14:47:41.621-0700][1251][info ][gc,cpu      ] GC(181) User=17.11s Sys=0.34s Real=0.22s
[2025-10-15T14:47:41.622-0700][1251][info ][safepoint   ] Safepoint "G1CollectForAllocation", Time since last: 2597961143 ns, Reaching safepoint: 990284 ns, Cleanup: 5939 ns, At safepoint: 216881654 ns, Total: 217877877 ns
[2025-10-15T14:47:43.623-0700][1251][info ][safepoint   ] Safepoint "Cleanup", Time since last: 2000144909 ns, Reaching safepoint: 640906 ns, Cleanup: 16836 ns, At safepoint: 147813 ns, Total: 805555 ns
[2025-10-15T14:47:44.624-0700][1251][info ][safepoint   ] Safepoint "Cleanup", Time since last: 1000102915 ns, Reaching safepoint: 654056 ns, Cleanup: 11207 ns, At safepoint: 212781 ns, Total: 878044 ns
[2025-10-15T14:47:47.736-0700][1251][info ][gc,start    ] GC(182) Pause Young (Normal) (G1 Evacuation Pause)
[2025-10-15T14:47:47.736-0700][1251][info ][gc,task     ] GC(182) Using 113 workers of 113 for evacuation
[2025-10-15T14:47:47.753-0700][1251][debug][gc,remset   ] GC(182) Visited cards 23160064 Total dirty 62062592 (37.32%) Total old 516030464 (4.49%)
[2025-10-15T14:47:47.939-0700][1251][info ][gc,mmu      ] GC(182) MMU target violated: 201.0ms (200.0ms/201.0ms)
[2025-10-15T14:47:47.940-0700][1251][info ][gc,phases   ] GC(182)   Pre Evacuate Collection Set: 0.8ms
[2025-10-15T14:47:47.940-0700][1251][info ][gc,phases   ] GC(182)   Merge Heap Roots: 15.3ms
[2025-10-15T14:47:47.940-0700][1251][info ][gc,phases   ] GC(182)   Evacuate Collection Set: 162.3ms
[2025-10-15T14:47:47.940-0700][1251][info ][gc,phases   ] GC(182)   Post Evacuate Collection Set: 24.5ms
[2025-10-15T14:47:47.940-0700][1251][info ][gc,phases   ] GC(182)   Other: 0.2ms
[2025-10-15T14:47:47.940-0700][1251][debug][gc,remset   ] GC(182) Coarsening (recent): Inline->AoC 631780 (88) AoC->Howl 1237 (177) Howl->Full 0 (0) Inline->AoC 5834 (41) AoC->BitMap 1013 (192) BitMap->Full 0 (0)
[2025-10-15T14:47:47.940-0700][1251][debug][gc,remset   ] GC(182) Coarsening (all): Inline->AoC 64951181 (17990) AoC->Howl 182928 (36033) Howl->Full 0 (0) Inline->AoC 814022 (10182) AoC->BitMap 149026 (31020) BitMap->Full 5 (0)
[2025-10-15T14:47:47.940-0700][1251][info ][gc,heap     ] GC(182) Eden regions: 3272->0(3268)
[2025-10-15T14:47:47.940-0700][1251][info ][gc,heap     ] GC(182) Survivor regions: 184->188(432)
[2025-10-15T14:47:47.940-0700][1251][info ][gc,heap     ] GC(182) Old regions: 962->963
[2025-10-15T14:47:47.940-0700][1251][info ][gc,heap     ] GC(182) Humongous regions: 0->0
[2025-10-15T14:47:47.940-0700][1251][info ][gc,metaspace] GC(182) Metaspace: 298685K(303424K)->298685K(303424K) NonClass: 263113K(265728K)->263113K(265728K) Class: 35571K(37696K)->35571K(37696K)
[2025-10-15T14:47:47.940-0700][1251][info ][gc          ] GC(182) Pause Young (Normal) (G1 Evacuation Pause) 141342M->36813M(184320M) 203.259ms
[2025-10-15T14:47:47.941-0700][1251][info ][gc,cpu      ] GC(182) User=16.83s Sys=0.41s Real=0.21s
[2025-10-15T14:47:47.942-0700][1251][info ][safepoint   ] Safepoint "G1CollectForAllocation", Time since last: 3110227291 ns, Reaching safepoint: 734638 ns, Cleanup: 4647 ns, At safepoint: 206547991 ns, Total: 207287276 ns
[2025-10-15T14:47:53.566-0700][1251][info ][gc,start    ] GC(183) Pause Young (Normal) (G1 Evacuation Pause)
[2025-10-15T14:47:53.566-0700][1251][info ][gc,task     ] GC(183) Using 113 workers of 113 for evacuation
[2025-10-15T14:47:53.582-0700][1251][debug][gc,remset   ] GC(183) Visited cards 23230976 Total dirty 62128128 (37.39%) Total old 516096000 (4.50%)
[2025-10-15T14:47:53.769-0700][1251][info ][gc,mmu      ] GC(183) MMU target violated: 201.0ms (200.0ms/201.0ms)
[2025-10-15T14:47:53.769-0700][1251][info ][gc,phases   ] GC(183)   Pre Evacuate Collection Set: 0.8ms
[2025-10-15T14:47:53.769-0700][1251][info ][gc,phases   ] GC(183)   Merge Heap Roots: 15.4ms
[2025-10-15T14:47:53.769-0700][1251][info ][gc,phases   ] GC(183)   Evacuate Collection Set: 164.4ms
[2025-10-15T14:47:53.769-0700][1251][info ][gc,phases   ] GC(183)   Post Evacuate Collection Set: 22.2ms
[2025-10-15T14:47:53.769-0700][1251][info ][gc,phases   ] GC(183)   Other: 0.2ms
[2025-10-15T14:47:53.769-0700][1251][debug][gc,remset   ] GC(183) Coarsening (recent): Inline->AoC 605350 (128) AoC->Howl 1105 (151) Howl->Full 0 (0) Inline->AoC 5128 (29) AoC->BitMap 731 (165) BitMap->Full 0 (0)
[2025-10-15T14:47:53.769-0700][1251][debug][gc,remset   ] GC(183) Coarsening (all): Inline->AoC 65556531 (18118) AoC->Howl 184033 (36184) Howl->Full 0 (0) Inline->AoC 819150 (10211) AoC->BitMap 149757 (31185) BitMap->Full 5 (0)
[2025-10-15T14:47:53.769-0700][1251][info ][gc,heap     ] GC(183) Eden regions: 3268->0(3271)
[2025-10-15T14:47:53.769-0700][1251][info ][gc,heap     ] GC(183) Survivor regions: 188->185(432)
[2025-10-15T14:47:53.769-0700][1251][info ][gc,heap     ] GC(183) Old regions: 963->964
[2025-10-15T14:47:53.769-0700][1251][info ][gc,heap     ] GC(183) Humongous regions: 0->0
[2025-10-15T14:47:53.769-0700][1251][info ][gc,metaspace] GC(183) Metaspace: 298685K(303424K)->298685K(303424K) NonClass: 263113K(265728K)->263113K(265728K) Class: 35571K(37696K)->35571K(37696K)
[2025-10-15T14:47:53.769-0700][1251][info ][gc          ] GC(183) Pause Young (Normal) (G1 Evacuation Pause) 141389M->36726M(184320M) 202.986ms
[2025-10-15T14:47:53.770-0700][1251][info ][gc,cpu      ] GC(183) User=16.97s Sys=0.42s Real=0.21s
[2025-10-15T14:47:53.771-0700][1251][info ][safepoint   ] Safepoint "G1CollectForAllocation", Time since last: 5621373090 ns, Reaching safepoint: 1507132 ns, Cleanup: 5689 ns, At safepoint: 206104843 ns, Total: 207617664 ns
[2025-10-15T14:47:55.772-0700][1251][info ][safepoint   ] Safepoint "Cleanup", Time since last: 2000143165 ns, Reaching safepoint: 739165 ns, Cleanup: 12559 ns, At safepoint: 203036 ns, Total: 954760 ns
[2025-10-15T14:47:59.570-0700][1251][info ][gc,start    ] GC(184) Pause Young (Normal) (G1 Evacuation Pause)
[2025-10-15T14:47:59.571-0700][1251][info ][gc,task     ] GC(184) Using 113 workers of 113 for evacuation
[2025-10-15T14:47:59.587-0700][1251][debug][gc,remset   ] GC(184) Visited cards 23265536 Total dirty 62193664 (37.41%) Total old 516161536 (4.51%)
[2025-10-15T14:47:59.774-0700][1251][info ][gc,mmu      ] GC(184) MMU target violated: 201.0ms (200.0ms/201.0ms)
[2025-10-15T14:47:59.774-0700][1251][info ][gc,phases   ] GC(184)   Pre Evacuate Collection Set: 0.8ms
[2025-10-15T14:47:59.774-0700][1251][info ][gc,phases   ] GC(184)   Merge Heap Roots: 15.6ms
[2025-10-15T14:47:59.774-0700][1251][info ][gc,phases   ] GC(184)   Evacuate Collection Set: 165.8ms
[2025-10-15T14:47:59.774-0700][1251][info ][gc,phases   ] GC(184)   Post Evacuate Collection Set: 21.4ms
[2025-10-15T14:47:59.774-0700][1251][info ][gc,phases   ] GC(184)   Other: 0.2ms
[2025-10-15T14:47:59.774-0700][1251][debug][gc,remset   ] GC(184) Coarsening (recent): Inline->AoC 588723 (92) AoC->Howl 1245 (163) Howl->Full 0 (0) Inline->AoC 5894 (52) AoC->BitMap 926 (187) BitMap->Full 0 (0)
[2025-10-15T14:47:59.774-0700][1251][debug][gc,remset   ] GC(184) Coarsening (all): Inline->AoC 66145254 (18210) AoC->Howl 185278 (36347) Howl->Full 0 (0) Inline->AoC 825044 (10263) AoC->BitMap 150683 (31372) BitMap->Full 5 (0)
[2025-10-15T14:47:59.774-0700][1251][info ][gc,heap     ] GC(184) Eden regions: 3271->0(3270)
[2025-10-15T14:47:59.774-0700][1251][info ][gc,heap     ] GC(184) Survivor regions: 185->186(432)
[2025-10-15T14:47:59.774-0700][1251][info ][gc,heap     ] GC(184) Old regions: 964->964
[2025-10-15T14:47:59.774-0700][1251][info ][gc,heap     ] GC(184) Humongous regions: 0->0
[2025-10-15T14:47:59.774-0700][1251][info ][gc,metaspace] GC(184) Metaspace: 298686K(303424K)->298686K(303424K) NonClass: 263115K(265728K)->263115K(265728K) Class: 35571K(37696K)->35571K(37696K)
[2025-10-15T14:47:59.774-0700][1251][info ][gc          ] GC(184) Pause Young (Normal) (G1 Evacuation Pause) 141398M->36786M(184320M) 203.903ms
[2025-10-15T14:47:59.775-0700][1251][info ][gc,cpu      ] GC(184) User=17.13s Sys=0.34s Real=0.20s
[2025-10-15T14:47:59.776-0700][1251][info ][safepoint   ] Safepoint "G1CollectForAllocation", Time since last: 3795495130 ns, Reaching safepoint: 1927807 ns, Cleanup: 5388 ns, At safepoint: 207053494 ns, Total: 208986689 ns
[2025-10-15T14:48:03.778-0700][1251][info ][safepoint   ] Safepoint "Cleanup", Time since last: 4000269165 ns, Reaching safepoint: 780207 ns, Cleanup: 15323 ns, At safepoint: 206762 ns, Total: 1002292 ns
[2025-10-15T14:48:05.928-0700][1251][info ][gc,start    ] GC(185) Pause Young (Normal) (G1 Evacuation Pause)
[2025-10-15T14:48:05.928-0700][1251][info ][gc,task     ] GC(185) Using 113 workers of 113 for evacuation
[2025-10-15T14:48:05.943-0700][1251][debug][gc,remset   ] GC(185) Visited cards 23181056 Total dirty 62193664 (37.27%) Total old 516161536 (4.49%)
[2025-10-15T14:48:06.129-0700][1251][info ][gc,mmu      ] GC(185) MMU target violated: 201.0ms (200.0ms/201.0ms)
[2025-10-15T14:48:06.129-0700][1251][info ][gc,phases   ] GC(185)   Pre Evacuate Collection Set: 0.8ms
[2025-10-15T14:48:06.129-0700][1251][info ][gc,phases   ] GC(185)   Merge Heap Roots: 14.0ms
[2025-10-15T14:48:06.129-0700][1251][info ][gc,phases   ] GC(185)   Evacuate Collection Set: 163.1ms
[2025-10-15T14:48:06.129-0700][1251][info ][gc,phases   ] GC(185)   Post Evacuate Collection Set: 23.3ms
[2025-10-15T14:48:06.129-0700][1251][info ][gc,phases   ] GC(185)   Other: 0.2ms
[2025-10-15T14:48:06.129-0700][1251][debug][gc,remset   ] GC(185) Coarsening (recent): Inline->AoC 556323 (99) AoC->Howl 1129 (140) Howl->Full 0 (0) Inline->AoC 5244 (38) AoC->BitMap 936 (197) BitMap->Full 0 (0)
[2025-10-15T14:48:06.129-0700][1251][debug][gc,remset   ] GC(185) Coarsening (all): Inline->AoC 66701577 (18309) AoC->Howl 186407 (36487) Howl->Full 0 (0) Inline->AoC 830288 (10301) AoC->BitMap 151619 (31569) BitMap->Full 5 (0)
[2025-10-15T14:48:06.129-0700][1251][info ][gc,heap     ] GC(185) Eden regions: 3270->0(3271)
[2025-10-15T14:48:06.129-0700][1251][info ][gc,heap     ] GC(185) Survivor regions: 186->185(432)
[2025-10-15T14:48:06.129-0700][1251][info ][gc,heap     ] GC(185) Old regions: 964->965
[2025-10-15T14:48:06.129-0700][1251][info ][gc,heap     ] GC(185) Humongous regions: 0->0
[2025-10-15T14:48:06.129-0700][1251][info ][gc,metaspace] GC(185) Metaspace: 298689K(303424K)->298689K(303424K) NonClass: 263117K(265728K)->263117K(265728K) Class: 35571K(37696K)->35571K(37696K)
[2025-10-15T14:48:06.129-0700][1251][info ][gc          ] GC(185) Pause Young (Normal) (G1 Evacuation Pause) 141426M->36791M(184320M) 201.478ms
[2025-10-15T14:48:06.130-0700][1251][info ][gc,cpu      ] GC(185) User=16.55s Sys=0.48s Real=0.21s
[2025-10-15T14:48:06.131-0700][1251][info ][safepoint   ] Safepoint "G1CollectForAllocation", Time since last: 2146850930 ns, Reaching safepoint: 2135440 ns, Cleanup: 9424 ns, At safepoint: 204722629 ns, Total: 206867493 ns
[2025-10-15T14:48:11.133-0700][1251][info ][safepoint   ] Safepoint "Cleanup", Time since last: 5000338445 ns, Reaching safepoint: 821278 ns, Cleanup: 16144 ns, At safepoint: 177358 ns, Total: 1014780 ns
[2025-10-15T14:48:11.674-0700][1251][info ][gc,start    ] GC(186) Pause Young (Normal) (G1 Evacuation Pause)
[2025-10-15T14:48:11.674-0700][1251][info ][gc,task     ] GC(186) Using 113 workers of 113 for evacuation
[2025-10-15T14:48:11.689-0700][1251][debug][gc,remset   ] GC(186) Visited cards 23209728 Total dirty 62259200 (37.28%) Total old 516227072 (4.50%)
[2025-10-15T14:48:11.878-0700][1251][info ][gc,mmu      ] GC(186) MMU target violated: 201.0ms (200.0ms/201.0ms)
[2025-10-15T14:48:11.879-0700][1251][info ][gc,phases   ] GC(186)   Pre Evacuate Collection Set: 0.7ms
[2025-10-15T14:48:11.879-0700][1251][info ][gc,phases   ] GC(186)   Merge Heap Roots: 14.1ms
[2025-10-15T14:48:11.879-0700][1251][info ][gc,phases   ] GC(186)   Evacuate Collection Set: 164.6ms
[2025-10-15T14:48:11.879-0700][1251][info ][gc,phases   ] GC(186)   Post Evacuate Collection Set: 24.4ms
[2025-10-15T14:48:11.879-0700][1251][info ][gc,phases   ] GC(186)   Other: 0.3ms
[2025-10-15T14:48:11.879-0700][1251][debug][gc,remset   ] GC(186) Coarsening (recent): Inline->AoC 553306 (95) AoC->Howl 1073 (139) Howl->Full 0 (0) Inline->AoC 5040 (33) AoC->BitMap 676 (143) BitMap->Full 0 (0)
[2025-10-15T14:48:11.879-0700][1251][debug][gc,remset   ] GC(186) Coarsening (all): Inline->AoC 67254883 (18404) AoC->Howl 187480 (36626) Howl->Full 0 (0) Inline->AoC 835328 (10334) AoC->BitMap 152295 (31712) BitMap->Full 5 (0)
[2025-10-15T14:48:11.879-0700][1251][info ][gc,heap     ] GC(186) Eden regions: 3271->0(3268)
[2025-10-15T14:48:11.879-0700][1251][info ][gc,heap     ] GC(186) Survivor regions: 185->188(432)
[2025-10-15T14:48:11.879-0700][1251][info ][gc,heap     ] GC(186) Old regions: 965->966
[2025-10-15T14:48:11.879-0700][1251][info ][gc,heap     ] GC(186) Humongous regions: 0->0
[2025-10-15T14:48:11.879-0700][1251][info ][gc,metaspace] GC(186) Metaspace: 298689K(303424K)->298689K(303424K) NonClass: 263118K(265728K)->263118K(265728K) Class: 35571K(37696K)->35571K(37696K)
[2025-10-15T14:48:11.879-0700][1251][info ][gc          ] GC(186) Pause Young (Normal) (G1 Evacuation Pause) 141463M->36897M(184320M) 204.262ms
[2025-10-15T14:48:11.880-0700][1251][info ][gc,cpu      ] GC(186) User=16.99s Sys=0.43s Real=0.21s
[2025-10-15T14:48:11.881-0700][1251][info ][safepoint   ] Safepoint "G1CollectForAllocation", Time since last: 538621713 ns, Reaching safepoint: 1779483 ns, Cleanup: 5588 ns, At safepoint: 207582692 ns, Total: 209367763 ns
[2025-10-15T14:48:12.883-0700][1251][info ][safepoint   ] Safepoint "Cleanup", Time since last: 1000084418 ns, Reaching safepoint: 1514775 ns, Cleanup: 16424 ns, At safepoint: 248806 ns, Total: 1780005 ns
[2025-10-15T14:48:15.884-0700][1251][info ][safepoint   ] Safepoint "Cleanup", Time since last: 3000200645 ns, Reaching safepoint: 686274 ns, Cleanup: 10847 ns, At safepoint: 176125 ns, Total: 873246 ns
[2025-10-15T14:48:17.792-0700][1251][info ][gc,start    ] GC(187) Pause Young (Normal) (G1 Evacuation Pause)
[2025-10-15T14:48:17.792-0700][1251][info ][gc,task     ] GC(187) Using 113 workers of 113 for evacuation
[2025-10-15T14:48:17.807-0700][1251][debug][gc,remset   ] GC(187) Visited cards 23235840 Total dirty 62324736 (37.28%) Total old 516292608 (4.50%)
[2025-10-15T14:48:17.970-0700][1251][info ][gc,phases   ] GC(187)   Pre Evacuate Collection Set: 0.7ms
[2025-10-15T14:48:17.970-0700][1251][info ][gc,phases   ] GC(187)   Merge Heap Roots: 15.0ms
[2025-10-15T14:48:17.970-0700][1251][info ][gc,phases   ] GC(187)   Evacuate Collection Set: 136.5ms
[2025-10-15T14:48:17.970-0700][1251][info ][gc,phases   ] GC(187)   Post Evacuate Collection Set: 26.2ms
[2025-10-15T14:48:17.970-0700][1251][info ][gc,phases   ] GC(187)   Other: 0.1ms
[2025-10-15T14:48:17.970-0700][1251][debug][gc,remset   ] GC(187) Coarsening (recent): Inline->AoC 573467 (136) AoC->Howl 1208 (203) Howl->Full 0 (0) Inline->AoC 5494 (41) AoC->BitMap 1061 (231) BitMap->Full 0 (0)
[2025-10-15T14:48:17.970-0700][1251][debug][gc,remset   ] GC(187) Coarsening (all): Inline->AoC 67828350 (18540) AoC->Howl 188688 (36829) Howl->Full 0 (0) Inline->AoC 840822 (10375) AoC->BitMap 153356 (31943) BitMap->Full 5 (0)
[2025-10-15T14:48:17.970-0700][1251][info ][gc,heap     ] GC(187) Eden regions: 3268->0(3275)
[2025-10-15T14:48:17.970-0700][1251][info ][gc,heap     ] GC(187) Survivor regions: 188->181(432)
[2025-10-15T14:48:17.970-0700][1251][info ][gc,heap     ] GC(187) Old regions: 966->974
[2025-10-15T14:48:17.970-0700][1251][info ][gc,heap     ] GC(187) Humongous regions: 0->0
[2025-10-15T14:48:17.970-0700][1251][info ][gc,metaspace] GC(187) Metaspace: 298689K(303424K)->298689K(303424K) NonClass: 263118K(265728K)->263118K(265728K) Class: 35571K(37696K)->35571K(37696K)
[2025-10-15T14:48:17.970-0700][1251][info ][gc          ] GC(187) Pause Young (Normal) (G1 Evacuation Pause) 141473M->36928M(184320M) 178.763ms
[2025-10-15T14:48:17.971-0700][1251][info ][gc,cpu      ] GC(187) User=17.46s Sys=0.22s Real=0.18s
[2025-10-15T14:48:17.973-0700][1251][info ][safepoint   ] Safepoint "G1CollectForAllocation", Time since last: 1906181689 ns, Reaching safepoint: 613245 ns, Cleanup: 12098 ns, At safepoint: 182069734 ns, Total: 182695077 ns
[2025-10-15T14:48:22.974-0700][1251][info ][safepoint   ] Safepoint "Cleanup", Time since last: 5000319477 ns, Reaching safepoint: 611081 ns, Cleanup: 11978 ns, At safepoint: 192471 ns, Total: 815530 ns
[2025-10-15T14:48:23.723-0700][1251][info ][gc,start    ] GC(188) Pause Young (Normal) (G1 Evacuation Pause)
[2025-10-15T14:48:23.723-0700][1251][info ][gc,task     ] GC(188) Using 113 workers of 113 for evacuation
[2025-10-15T14:48:23.739-0700][1251][debug][gc,remset   ] GC(188) Visited cards 23417088 Total dirty 62783488 (37.30%) Total old 516816896 (4.53%)
[2025-10-15T14:48:23.926-0700][1251][info ][gc,mmu      ] GC(188) MMU target violated: 201.0ms (200.0ms/201.0ms)
[2025-10-15T14:48:23.926-0700][1251][info ][gc,phases   ] GC(188)   Pre Evacuate Collection Set: 1.0ms
[2025-10-15T14:48:23.926-0700][1251][info ][gc,phases   ] GC(188)   Merge Heap Roots: 15.0ms
[2025-10-15T14:48:23.926-0700][1251][info ][gc,phases   ] GC(188)   Evacuate Collection Set: 162.8ms
[2025-10-15T14:48:23.926-0700][1251][info ][gc,phases   ] GC(188)   Post Evacuate Collection Set: 23.6ms
[2025-10-15T14:48:23.926-0700][1251][info ][gc,phases   ] GC(188)   Other: 0.2ms
[2025-10-15T14:48:23.926-0700][1251][debug][gc,remset   ] GC(188) Coarsening (recent): Inline->AoC 581995 (115) AoC->Howl 1229 (148) Howl->Full 0 (0) Inline->AoC 5655 (38) AoC->BitMap 775 (141) BitMap->Full 0 (0)
[2025-10-15T14:48:23.926-0700][1251][debug][gc,remset   ] GC(188) Coarsening (all): Inline->AoC 68410345 (18655) AoC->Howl 189917 (36977) Howl->Full 0 (0) Inline->AoC 846477 (10413) AoC->BitMap 154131 (32084) BitMap->Full 5 (0)
[2025-10-15T14:48:23.926-0700][1251][info ][gc,heap     ] GC(188) Eden regions: 3275->0(3277)
[2025-10-15T14:48:23.926-0700][1251][info ][gc,heap     ] GC(188) Survivor regions: 181->179(432)
[2025-10-15T14:48:23.926-0700][1251][info ][gc,heap     ] GC(188) Old regions: 974->976
[2025-10-15T14:48:23.926-0700][1251][info ][gc,heap     ] GC(188) Humongous regions: 0->0
[2025-10-15T14:48:23.926-0700][1251][info ][gc,metaspace] GC(188) Metaspace: 298695K(303424K)->298695K(303424K) NonClass: 263124K(265728K)->263124K(265728K) Class: 35571K(37696K)->35571K(37696K)
[2025-10-15T14:48:23.926-0700][1251][info ][gc          ] GC(188) Pause Young (Normal) (G1 Evacuation Pause) 141728M->36934M(184320M) 202.678ms
[2025-10-15T14:48:23.927-0700][1251][info ][gc,cpu      ] GC(188) User=16.58s Sys=0.41s Real=0.20s
[2025-10-15T14:48:23.928-0700][1251][info ][safepoint   ] Safepoint "G1CollectForAllocation", Time since last: 747060476 ns, Reaching safepoint: 1291558 ns, Cleanup: 5368 ns, At safepoint: 205952346 ns, Total: 207249272 ns
[2025-10-15T14:48:24.929-0700][1251][info ][safepoint   ] Safepoint "Cleanup", Time since last: 1000089178 ns, Reaching safepoint: 760206 ns, Cleanup: 35374 ns, At safepoint: 152089 ns, Total: 947669 ns
[2025-10-15T14:48:25.930-0700][1251][info ][safepoint   ] Safepoint "Cleanup", Time since last: 1000121176 ns, Reaching safepoint: 684612 ns, Cleanup: 10716 ns, At safepoint: 194794 ns, Total: 890122 ns
[2025-10-15T14:48:29.630-0700][1251][info ][gc,start    ] GC(189) Pause Young (Normal) (G1 Evacuation Pause)
[2025-10-15T14:48:29.630-0700][1251][info ][gc,task     ] GC(189) Using 113 workers of 113 for evacuation
[2025-10-15T14:48:29.647-0700][1251][debug][gc,remset   ] GC(189) Visited cards 23249920 Total dirty 62914560 (36.95%) Total old 516947968 (4.50%)
[2025-10-15T14:48:29.837-0700][1251][info ][gc,mmu      ] GC(189) MMU target violated: 201.0ms (200.0ms/201.0ms)
[2025-10-15T14:48:29.837-0700][1251][info ][gc,phases   ] GC(189)   Pre Evacuate Collection Set: 0.8ms
[2025-10-15T14:48:29.837-0700][1251][info ][gc,phases   ] GC(189)   Merge Heap Roots: 16.2ms
[2025-10-15T14:48:29.837-0700][1251][info ][gc,phases   ] GC(189)   Evacuate Collection Set: 164.3ms
[2025-10-15T14:48:29.837-0700][1251][info ][gc,phases   ] GC(189)   Post Evacuate Collection Set: 25.7ms
[2025-10-15T14:48:29.837-0700][1251][info ][gc,phases   ] GC(189)   Other: 0.2ms
[2025-10-15T14:48:29.837-0700][1251][debug][gc,remset   ] GC(189) Coarsening (recent): Inline->AoC 585441 (123) AoC->Howl 1214 (172) Howl->Full 0 (0) Inline->AoC 5546 (47) AoC->BitMap 1098 (248) BitMap->Full 0 (0)
[2025-10-15T14:48:29.837-0700][1251][debug][gc,remset   ] GC(189) Coarsening (all): Inline->AoC 68995786 (18778) AoC->Howl 191131 (37149) Howl->Full 0 (0) Inline->AoC 852023 (10460) AoC->BitMap 155229 (32332) BitMap->Full 5 (0)
[2025-10-15T14:48:29.837-0700][1251][info ][gc,heap     ] GC(189) Eden regions: 3277->0(3287)
[2025-10-15T14:48:29.837-0700][1251][info ][gc,heap     ] GC(189) Survivor regions: 179->169(432)
[2025-10-15T14:48:29.837-0700][1251][info ][gc,heap     ] GC(189) Old regions: 976->985
[2025-10-15T14:48:29.837-0700][1251][info ][gc,heap     ] GC(189) Humongous regions: 0->0
[2025-10-15T14:48:29.837-0700][1251][info ][gc,metaspace] GC(189) Metaspace: 298695K(303424K)->298695K(303424K) NonClass: 263124K(265728K)->263124K(265728K) Class: 35571K(37696K)->35571K(37696K)
[2025-10-15T14:48:29.837-0700][1251][info ][gc          ] GC(189) Pause Young (Normal) (G1 Evacuation Pause) 141798M->36908M(184320M) 207.435ms
[2025-10-15T14:48:29.838-0700][1251][info ][gc,cpu      ] GC(189) User=17.12s Sys=0.25s Real=0.20s
[2025-10-15T14:48:29.839-0700][1251][info ][safepoint   ] Safepoint "G1CollectForAllocation", Time since last: 3694341940 ns, Reaching safepoint: 4038100 ns, Cleanup: 6630 ns, At safepoint: 210521498 ns, Total: 214566228 ns
[2025-10-15T14:48:32.840-0700][1251][info ][safepoint   ] Safepoint "Cleanup", Time since last: 3000201753 ns, Reaching safepoint: 740557 ns, Cleanup: 11317 ns, At safepoint: 282777 ns, Total: 1034651 ns
[2025-10-15T14:48:34.841-0700][1251][info ][safepoint   ] Safepoint "Cleanup", Time since last: 2000144864 ns, Reaching safepoint: 786797 ns, Cleanup: 13700 ns, At safepoint: 215165 ns, Total: 1015662 ns
[2025-10-15T14:48:35.985-0700][1251][info ][gc,start    ] GC(190) Pause Young (Normal) (G1 Evacuation Pause)
[2025-10-15T14:48:35.985-0700][1251][info ][gc,task     ] GC(190) Using 113 workers of 113 for evacuation
[2025-10-15T14:48:36.001-0700][1251][debug][gc,remset   ] GC(190) Visited cards 23248128 Total dirty 63569920 (36.57%) Total old 517537792 (4.49%)
[2025-10-15T14:48:36.179-0700][1251][info ][gc,phases   ] GC(190)   Pre Evacuate Collection Set: 0.7ms
[2025-10-15T14:48:36.179-0700][1251][info ][gc,phases   ] GC(190)   Merge Heap Roots: 14.9ms
[2025-10-15T14:48:36.179-0700][1251][info ][gc,phases   ] GC(190)   Evacuate Collection Set: 153.0ms
[2025-10-15T14:48:36.179-0700][1251][info ][gc,phases   ] GC(190)   Post Evacuate Collection Set: 24.5ms
[2025-10-15T14:48:36.179-0700][1251][info ][gc,phases   ] GC(190)   Other: 0.2ms
[2025-10-15T14:48:36.179-0700][1251][debug][gc,remset   ] GC(190) Coarsening (recent): Inline->AoC 568118 (122) AoC->Howl 1108 (155) Howl->Full 0 (0) Inline->AoC 5159 (49) AoC->BitMap 869 (185) BitMap->Full 0 (0)
[2025-10-15T14:48:36.179-0700][1251][debug][gc,remset   ] GC(190) Coarsening (all): Inline->AoC 69563904 (18900) AoC->Howl 192239 (37304) Howl->Full 0 (0) Inline->AoC 857182 (10509) AoC->BitMap 156098 (32517) BitMap->Full 5 (0)
[2025-10-15T14:48:36.179-0700][1251][info ][gc,heap     ] GC(190) Eden regions: 3287->0(3289)
[2025-10-15T14:48:36.179-0700][1251][info ][gc,heap     ] GC(190) Survivor regions: 169->167(432)
[2025-10-15T14:48:36.179-0700][1251][info ][gc,heap     ] GC(190) Old regions: 985->986
[2025-10-15T14:48:36.179-0700][1251][info ][gc,heap     ] GC(190) Humongous regions: 0->0
[2025-10-15T14:48:36.179-0700][1251][info ][gc,metaspace] GC(190) Metaspace: 298708K(303424K)->298708K(303424K) NonClass: 263137K(265728K)->263137K(265728K) Class: 35571K(37696K)->35571K(37696K)
[2025-10-15T14:48:36.179-0700][1251][info ][gc          ] GC(190) Pause Young (Normal) (G1 Evacuation Pause) 142092M->36887M(184320M) 193.509ms
[2025-10-15T14:48:36.180-0700][1251][info ][gc,cpu      ] GC(190) User=16.33s Sys=0.59s Real=0.20s
[2025-10-15T14:48:36.181-0700][1251][info ][safepoint   ] Safepoint "G1CollectForAllocation", Time since last: 1142037477 ns, Reaching safepoint: 895701 ns, Cleanup: 4587 ns, At safepoint: 196683696 ns, Total: 197583984 ns
[2025-10-15T14:48:40.182-0700][1251][info ][safepoint   ] Safepoint "Cleanup", Time since last: 4000229829 ns, Reaching safepoint: 715809 ns, Cleanup: 11448 ns, At safepoint: 318951 ns, Total: 1046208 ns
[2025-10-15T14:48:41.648-0700][1251][info ][gc,start    ] GC(191) Pause Young (Normal) (G1 Evacuation Pause)
[2025-10-15T14:48:41.648-0700][1251][info ][gc,task     ] GC(191) Using 113 workers of 113 for evacuation
[2025-10-15T14:48:41.665-0700][1251][debug][gc,remset   ] GC(191) Visited cards 23349248 Total dirty 63504384 (36.77%) Total old 517603328 (4.51%)
[2025-10-15T14:48:41.858-0700][1251][info ][gc,mmu      ] GC(191) MMU target violated: 201.0ms (200.0ms/201.0ms)
[2025-10-15T14:48:41.858-0700][1251][info ][gc,phases   ] GC(191)   Pre Evacuate Collection Set: 0.8ms
[2025-10-15T14:48:41.858-0700][1251][info ][gc,phases   ] GC(191)   Merge Heap Roots: 15.9ms
[2025-10-15T14:48:41.858-0700][1251][info ][gc,phases   ] GC(191)   Evacuate Collection Set: 170.2ms
[2025-10-15T14:48:41.858-0700][1251][info ][gc,phases   ] GC(191)   Post Evacuate Collection Set: 23.1ms
[2025-10-15T14:48:41.858-0700][1251][info ][gc,phases   ] GC(191)   Other: 0.2ms
[2025-10-15T14:48:41.858-0700][1251][debug][gc,remset   ] GC(191) Coarsening (recent): Inline->AoC 568626 (107) AoC->Howl 1235 (168) Howl->Full 0 (0) Inline->AoC 5697 (39) AoC->BitMap 798 (154) BitMap->Full 0 (0)
[2025-10-15T14:48:41.858-0700][1251][debug][gc,remset   ] GC(191) Coarsening (all): Inline->AoC 70132530 (19007) AoC->Howl 193474 (37472) Howl->Full 0 (0) Inline->AoC 862879 (10548) AoC->BitMap 156896 (32671) BitMap->Full 5 (0)
[2025-10-15T14:48:41.858-0700][1251][info ][gc,heap     ] GC(191) Eden regions: 3289->0(3286)
[2025-10-15T14:48:41.858-0700][1251][info ][gc,heap     ] GC(191) Survivor regions: 167->170(432)
[2025-10-15T14:48:41.858-0700][1251][info ][gc,heap     ] GC(191) Old regions: 986->987
[2025-10-15T14:48:41.858-0700][1251][info ][gc,heap     ] GC(191) Humongous regions: 0->0
[2025-10-15T14:48:41.858-0700][1251][info ][gc,metaspace] GC(191) Metaspace: 298708K(303424K)->298708K(303424K) NonClass: 263137K(265728K)->263137K(265728K) Class: 35571K(37696K)->35571K(37696K)
[2025-10-15T14:48:41.858-0700][1251][info ][gc          ] GC(191) Pause Young (Normal) (G1 Evacuation Pause) 142135M->36998M(184320M) 210.381ms
[2025-10-15T14:48:41.859-0700][1251][info ][gc,cpu      ] GC(191) User=16.82s Sys=0.46s Real=0.22s
[2025-10-15T14:48:41.860-0700][1251][info ][safepoint   ] Safepoint "G1CollectForAllocation", Time since last: 1462300827 ns, Reaching safepoint: 2086047 ns, Cleanup: 5989 ns, At safepoint: 213394842 ns, Total: 215486878 ns
[2025-10-15T14:48:46.862-0700][1251][info ][safepoint   ] Safepoint "Cleanup", Time since last: 5000326066 ns, Reaching safepoint: 697131 ns, Cleanup: 11548 ns, At safepoint: 455797 ns, Total: 1164476 ns
[2025-10-15T14:48:47.836-0700][1251][info ][gc,start    ] GC(192) Pause Young (Normal) (G1 Evacuation Pause)
[2025-10-15T14:48:47.837-0700][1251][info ][gc,task     ] GC(192) Using 113 workers of 113 for evacuation
[2025-10-15T14:48:47.852-0700][1251][debug][gc,remset   ] GC(192) Visited cards 23148544 Total dirty 63504384 (36.45%) Total old 517668864 (4.47%)
[2025-10-15T14:48:48.012-0700][1251][info ][gc,phases   ] GC(192)   Pre Evacuate Collection Set: 0.7ms
[2025-10-15T14:48:48.012-0700][1251][info ][gc,phases   ] GC(192)   Merge Heap Roots: 14.6ms
[2025-10-15T14:48:48.012-0700][1251][info ][gc,phases   ] GC(192)   Evacuate Collection Set: 136.1ms
[2025-10-15T14:48:48.012-0700][1251][info ][gc,phases   ] GC(192)   Post Evacuate Collection Set: 23.7ms
[2025-10-15T14:48:48.012-0700][1251][info ][gc,phases   ] GC(192)   Other: 0.1ms
[2025-10-15T14:48:48.012-0700][1251][debug][gc,remset   ] GC(192) Coarsening (recent): Inline->AoC 616302 (96) AoC->Howl 1259 (184) Howl->Full 0 (0) Inline->AoC 6061 (37) AoC->BitMap 997 (192) BitMap->Full 0 (0)
[2025-10-15T14:48:48.012-0700][1251][debug][gc,remset   ] GC(192) Coarsening (all): Inline->AoC 70748832 (19103) AoC->Howl 194733 (37656) Howl->Full 0 (0) Inline->AoC 868940 (10585) AoC->BitMap 157893 (32863) BitMap->Full 5 (0)
[2025-10-15T14:48:48.012-0700][1251][info ][gc,heap     ] GC(192) Eden regions: 3286->0(3283)
[2025-10-15T14:48:48.012-0700][1251][info ][gc,heap     ] GC(192) Survivor regions: 170->173(432)
[2025-10-15T14:48:48.012-0700][1251][info ][gc,heap     ] GC(192) Old regions: 987->988
[2025-10-15T14:48:48.012-0700][1251][info ][gc,heap     ] GC(192) Humongous regions: 0->0
[2025-10-15T14:48:48.012-0700][1251][info ][gc,metaspace] GC(192) Metaspace: 298712K(303424K)->298712K(303424K) NonClass: 263141K(265728K)->263141K(265728K) Class: 35571K(37696K)->35571K(37696K)
[2025-10-15T14:48:48.012-0700][1251][info ][gc          ] GC(192) Pause Young (Normal) (G1 Evacuation Pause) 142150M->37128M(184320M) 175.335ms
[2025-10-15T14:48:48.013-0700][1251][info ][gc,cpu      ] GC(192) User=16.17s Sys=0.46s Real=0.18s
[2025-10-15T14:48:48.014-0700][1251][info ][safepoint   ] Safepoint "G1CollectForAllocation", Time since last: 973175093 ns, Reaching safepoint: 713026 ns, Cleanup: 4697 ns, At safepoint: 178348652 ns, Total: 179066375 ns
[2025-10-15T14:48:53.695-0700][1251][info ][gc,start    ] GC(193) Pause Young (Normal) (G1 Evacuation Pause)
[2025-10-15T14:48:53.695-0700][1251][info ][gc,task     ] GC(193) Using 113 workers of 113 for evacuation
[2025-10-15T14:48:53.711-0700][1251][debug][gc,remset   ] GC(193) Visited cards 23205632 Total dirty 63504384 (36.54%) Total old 517734400 (4.48%)
[2025-10-15T14:48:53.888-0700][1251][info ][gc,phases   ] GC(193)   Pre Evacuate Collection Set: 0.8ms
[2025-10-15T14:48:53.888-0700][1251][info ][gc,phases   ] GC(193)   Merge Heap Roots: 15.3ms
[2025-10-15T14:48:53.888-0700][1251][info ][gc,phases   ] GC(193)   Evacuate Collection Set: 152.0ms
[2025-10-15T14:48:53.888-0700][1251][info ][gc,phases   ] GC(193)   Post Evacuate Collection Set: 24.3ms
[2025-10-15T14:48:53.888-0700][1251][info ][gc,phases   ] GC(193)   Other: 0.2ms
[2025-10-15T14:48:53.888-0700][1251][debug][gc,remset   ] GC(193) Coarsening (recent): Inline->AoC 524454 (107) AoC->Howl 1172 (136) Howl->Full 0 (0) Inline->AoC 5716 (31) AoC->BitMap 790 (157) BitMap->Full 0 (0)
[2025-10-15T14:48:53.888-0700][1251][debug][gc,remset   ] GC(193) Coarsening (all): Inline->AoC 71273286 (19210) AoC->Howl 195905 (37792) Howl->Full 0 (0) Inline->AoC 874656 (10616) AoC->BitMap 158683 (33020) BitMap->Full 5 (0)
[2025-10-15T14:48:53.888-0700][1251][info ][gc,heap     ] GC(193) Eden regions: 3283->0(3287)
[2025-10-15T14:48:53.888-0700][1251][info ][gc,heap     ] GC(193) Survivor regions: 173->169(432)
[2025-10-15T14:48:53.888-0700][1251][info ][gc,heap     ] GC(193) Old regions: 988->989
[2025-10-15T14:48:53.888-0700][1251][info ][gc,heap     ] GC(193) Humongous regions: 0->0
[2025-10-15T14:48:53.888-0700][1251][info ][gc,metaspace] GC(193) Metaspace: 298712K(303424K)->298712K(303424K) NonClass: 263141K(265728K)->263141K(265728K) Class: 35571K(37696K)->35571K(37696K)
[2025-10-15T14:48:53.888-0700][1251][info ][gc          ] GC(193) Pause Young (Normal) (G1 Evacuation Pause) 142184M->37011M(184320M) 192.800ms
[2025-10-15T14:48:53.888-0700][1251][info ][gc,cpu      ] GC(193) User=16.35s Sys=0.33s Real=0.19s
[2025-10-15T14:48:53.889-0700][1251][info ][safepoint   ] Safepoint "G1CollectForAllocation", Time since last: 5678650548 ns, Reaching safepoint: 1349015 ns, Cleanup: 6319 ns, At safepoint: 195331507 ns, Total: 196686841 ns
[2025-10-15T14:48:59.705-0700][1251][info ][gc,start    ] GC(194) Pause Young (Normal) (G1 Evacuation Pause)
[2025-10-15T14:48:59.705-0700][1251][info ][gc,task     ] GC(194) Using 113 workers of 113 for evacuation
[2025-10-15T14:48:59.722-0700][1251][debug][gc,remset   ] GC(194) Visited cards 23272192 Total dirty 63504384 (36.65%) Total old 517799936 (4.49%)
[2025-10-15T14:48:59.901-0700][1251][info ][gc,phases   ] GC(194)   Pre Evacuate Collection Set: 0.7ms
[2025-10-15T14:48:59.901-0700][1251][info ][gc,phases   ] GC(194)   Merge Heap Roots: 16.2ms
[2025-10-15T14:48:59.901-0700][1251][info ][gc,phases   ] GC(194)   Evacuate Collection Set: 153.8ms
[2025-10-15T14:48:59.901-0700][1251][info ][gc,phases   ] GC(194)   Post Evacuate Collection Set: 25.2ms
[2025-10-15T14:48:59.902-0700][1251][info ][gc,phases   ] GC(194)   Other: 0.2ms
[2025-10-15T14:48:59.902-0700][1251][debug][gc,remset   ] GC(194) Coarsening (recent): Inline->AoC 554019 (95) AoC->Howl 1291 (186) Howl->Full 0 (0) Inline->AoC 6008 (43) AoC->BitMap 1109 (239) BitMap->Full 0 (0)
[2025-10-15T14:48:59.902-0700][1251][debug][gc,remset   ] GC(194) Coarsening (all): Inline->AoC 71827305 (19305) AoC->Howl 197196 (37978) Howl->Full 0 (0) Inline->AoC 880664 (10659) AoC->BitMap 159792 (33259) BitMap->Full 5 (0)
[2025-10-15T14:48:59.902-0700][1251][info ][gc,heap     ] GC(194) Eden regions: 3287->0(3287)
[2025-10-15T14:48:59.902-0700][1251][info ][gc,heap     ] GC(194) Survivor regions: 169->169(432)
[2025-10-15T14:48:59.902-0700][1251][info ][gc,heap     ] GC(194) Old regions: 989->989
[2025-10-15T14:48:59.902-0700][1251][info ][gc,heap     ] GC(194) Humongous regions: 0->0
[2025-10-15T14:48:59.902-0700][1251][info ][gc,metaspace] GC(194) Metaspace: 298712K(303424K)->298712K(303424K) NonClass: 263141K(265728K)->263141K(265728K) Class: 35571K(37696K)->35571K(37696K)
[2025-10-15T14:48:59.902-0700][1251][info ][gc          ] GC(194) Pause Young (Normal) (G1 Evacuation Pause) 142195M->37039M(184320M) 196.300ms
[2025-10-15T14:48:59.903-0700][1251][info ][gc,cpu      ] GC(194) User=16.41s Sys=0.37s Real=0.20s
[2025-10-15T14:48:59.904-0700][1251][info ][safepoint   ] Safepoint "G1CollectForAllocation", Time since last: 5812025862 ns, Reaching safepoint: 3013023 ns, Cleanup: 14472 ns, At safepoint: 199322035 ns, Total: 202349530 ns
[2025-10-15T14:49:06.215-0700][1251][info ][gc,start    ] GC(195) Pause Young (Normal) (G1 Evacuation Pause)
[2025-10-15T14:49:06.216-0700][1251][info ][gc,task     ] GC(195) Using 113 workers of 113 for evacuation
[2025-10-15T14:49:06.231-0700][1251][debug][gc,remset   ] GC(195) Visited cards 23084288 Total dirty 63438848 (36.39%) Total old 517799936 (4.46%)
[2025-10-15T14:49:06.409-0700][1251][info ][gc,phases   ] GC(195)   Pre Evacuate Collection Set: 0.7ms
[2025-10-15T14:49:06.409-0700][1251][info ][gc,phases   ] GC(195)   Merge Heap Roots: 14.2ms
[2025-10-15T14:49:06.409-0700][1251][info ][gc,phases   ] GC(195)   Evacuate Collection Set: 151.9ms
[2025-10-15T14:49:06.409-0700][1251][info ][gc,phases   ] GC(195)   Post Evacuate Collection Set: 26.2ms
[2025-10-15T14:49:06.409-0700][1251][info ][gc,phases   ] GC(195)   Other: 0.2ms
[2025-10-15T14:49:06.409-0700][1251][debug][gc,remset   ] GC(195) Coarsening (recent): Inline->AoC 589657 (116) AoC->Howl 1238 (146) Howl->Full 0 (0) Inline->AoC 5933 (38) AoC->BitMap 998 (197) BitMap->Full 0 (0)
[2025-10-15T14:49:06.409-0700][1251][debug][gc,remset   ] GC(195) Coarsening (all): Inline->AoC 72416962 (19421) AoC->Howl 198434 (38124) Howl->Full 0 (0) Inline->AoC 886597 (10697) AoC->BitMap 160790 (33456) BitMap->Full 5 (0)
[2025-10-15T14:49:06.409-0700][1251][info ][gc,heap     ] GC(195) Eden regions: 3287->0(3286)
[2025-10-15T14:49:06.409-0700][1251][info ][gc,heap     ] GC(195) Survivor regions: 169->170(432)
[2025-10-15T14:49:06.409-0700][1251][info ][gc,heap     ] GC(195) Old regions: 989->990
[2025-10-15T14:49:06.409-0700][1251][info ][gc,heap     ] GC(195) Humongous regions: 0->0
[2025-10-15T14:49:06.409-0700][1251][info ][gc,metaspace] GC(195) Metaspace: 298767K(303488K)->298767K(303488K) NonClass: 263196K(265792K)->263196K(265792K) Class: 35571K(37696K)->35571K(37696K)
[2025-10-15T14:49:06.409-0700][1251][info ][gc          ] GC(195) Pause Young (Normal) (G1 Evacuation Pause) 142223M->37117M(184320M) 193.335ms
[2025-10-15T14:49:06.410-0700][1251][info ][gc,cpu      ] GC(195) User=16.13s Sys=0.39s Real=0.20s
[2025-10-15T14:49:06.411-0700][1251][info ][safepoint   ] Safepoint "G1CollectForAllocation", Time since last: 6310079187 ns, Reaching safepoint: 795509 ns, Cleanup: 7451 ns, At safepoint: 196559850 ns, Total: 197362810 ns
[2025-10-15T14:49:11.412-0700][1251][info ][safepoint   ] Safepoint "Cleanup", Time since last: 5000333734 ns, Reaching safepoint: 593666 ns, Cleanup: 20721 ns, At safepoint: 108123 ns, Total: 722510 ns
[2025-10-15T14:49:12.099-0700][1251][info ][gc,start    ] GC(196) Pause Young (Normal) (G1 Evacuation Pause)
[2025-10-15T14:49:12.099-0700][1251][info ][gc,task     ] GC(196) Using 113 workers of 113 for evacuation
[2025-10-15T14:49:12.114-0700][1251][debug][gc,remset   ] GC(196) Visited cards 23240704 Total dirty 63307776 (36.71%) Total old 517865472 (4.49%)
[2025-10-15T14:49:12.274-0700][1251][info ][gc,phases   ] GC(196)   Pre Evacuate Collection Set: 0.7ms
[2025-10-15T14:49:12.274-0700][1251][info ][gc,phases   ] GC(196)   Merge Heap Roots: 14.0ms
[2025-10-15T14:49:12.274-0700][1251][info ][gc,phases   ] GC(196)   Evacuate Collection Set: 133.4ms
[2025-10-15T14:49:12.274-0700][1251][info ][gc,phases   ] GC(196)   Post Evacuate Collection Set: 26.4ms
[2025-10-15T14:49:12.274-0700][1251][info ][gc,phases   ] GC(196)   Other: 0.1ms
[2025-10-15T14:49:12.274-0700][1251][debug][gc,remset   ] GC(196) Coarsening (recent): Inline->AoC 575015 (99) AoC->Howl 1055 (126) Howl->Full 0 (0) Inline->AoC 5040 (38) AoC->BitMap 858 (201) BitMap->Full 0 (0)
[2025-10-15T14:49:12.274-0700][1251][debug][gc,remset   ] GC(196) Coarsening (all): Inline->AoC 72991977 (19520) AoC->Howl 199489 (38250) Howl->Full 0 (0) Inline->AoC 891637 (10735) AoC->BitMap 161648 (33657) BitMap->Full 5 (0)
[2025-10-15T14:49:12.274-0700][1251][info ][gc,heap     ] GC(196) Eden regions: 3286->0(3287)
[2025-10-15T14:49:12.274-0700][1251][info ][gc,heap     ] GC(196) Survivor regions: 170->169(432)
[2025-10-15T14:49:12.274-0700][1251][info ][gc,heap     ] GC(196) Old regions: 990->991
[2025-10-15T14:49:12.274-0700][1251][info ][gc,heap     ] GC(196) Humongous regions: 0->0
[2025-10-15T14:49:12.274-0700][1251][info ][gc,metaspace] GC(196) Metaspace: 298790K(303488K)->298790K(303488K) NonClass: 263219K(265792K)->263219K(265792K) Class: 35571K(37696K)->35571K(37696K)
[2025-10-15T14:49:12.274-0700][1251][info ][gc          ] GC(196) Pause Young (Normal) (G1 Evacuation Pause) 142269M->37080M(184320M) 174.711ms
[2025-10-15T14:49:12.275-0700][1251][info ][gc,cpu      ] GC(196) User=16.22s Sys=0.41s Real=0.17s
[2025-10-15T14:49:12.276-0700][1251][info ][safepoint   ] Safepoint "G1CollectForAllocation", Time since last: 685633281 ns, Reaching safepoint: 687917 ns, Cleanup: 4447 ns, At safepoint: 177871489 ns, Total: 178563853 ns
[2025-10-15T14:49:15.277-0700][1251][info ][safepoint   ] Safepoint "Cleanup", Time since last: 3000211688 ns, Reaching safepoint: 676590 ns, Cleanup: 34171 ns, At safepoint: 329467 ns, Total: 1040228 ns
[2025-10-15T14:49:16.279-0700][1251][info ][safepoint   ] Safepoint "Cleanup", Time since last: 1000101039 ns, Reaching safepoint: 632153 ns, Cleanup: 114693 ns, At safepoint: 238289 ns, Total: 985135 ns
[2025-10-15T14:49:17.280-0700][1251][info ][safepoint   ] Safepoint "Cleanup", Time since last: 1000116122 ns, Reaching safepoint: 631482 ns, Cleanup: 106691 ns, At safepoint: 348435 ns, Total: 1086608 ns
[2025-10-15T14:49:18.284-0700][1251][info ][safepoint   ] Safepoint "Cleanup", Time since last: 1000312317 ns, Reaching safepoint: 2360510 ns, Cleanup: 149375 ns, At safepoint: 998676 ns, Total: 3508561 ns
[2025-10-15T14:49:18.991-0700][1251][info ][gc,start    ] GC(197) Pause Young (Normal) (G1 Evacuation Pause)
[2025-10-15T14:49:18.991-0700][1251][info ][gc,task     ] GC(197) Using 113 workers of 113 for evacuation
[2025-10-15T14:49:19.009-0700][1251][debug][gc,remset   ] GC(197) Visited cards 24091648 Total dirty 63897600 (37.70%) Total old 517996544 (4.65%)
[2025-10-15T14:49:19.240-0700][1251][info ][gc,mmu      ] GC(197) MMU target violated: 201.0ms (200.0ms/201.0ms)
[2025-10-15T14:49:19.240-0700][1251][info ][gc,phases   ] GC(197)   Pre Evacuate Collection Set: 1.0ms
[2025-10-15T14:49:19.240-0700][1251][info ][gc,phases   ] GC(197)   Merge Heap Roots: 17.4ms
[2025-10-15T14:49:19.240-0700][1251][info ][gc,phases   ] GC(197)   Evacuate Collection Set: 206.4ms
[2025-10-15T14:49:19.240-0700][1251][info ][gc,phases   ] GC(197)   Post Evacuate Collection Set: 24.2ms
[2025-10-15T14:49:19.240-0700][1251][info ][gc,phases   ] GC(197)   Other: 0.2ms
[2025-10-15T14:49:19.240-0700][1251][debug][gc,remset   ] GC(197) Coarsening (recent): Inline->AoC 471510 (107) AoC->Howl 1087 (140) Howl->Full 0 (0) Inline->AoC 5209 (49) AoC->BitMap 986 (230) BitMap->Full 0 (0)
[2025-10-15T14:49:19.240-0700][1251][debug][gc,remset   ] GC(197) Coarsening (all): Inline->AoC 73463487 (19627) AoC->Howl 200576 (38390) Howl->Full 0 (0) Inline->AoC 896846 (10784) AoC->BitMap 162634 (33887) BitMap->Full 5 (0)
[2025-10-15T14:49:19.240-0700][1251][info ][gc,heap     ] GC(197) Eden regions: 3287->0(3229)
[2025-10-15T14:49:19.240-0700][1251][info ][gc,heap     ] GC(197) Survivor regions: 169->227(432)
[2025-10-15T14:49:19.240-0700][1251][info ][gc,heap     ] GC(197) Old regions: 991->992
[2025-10-15T14:49:19.240-0700][1251][info ][gc,heap     ] GC(197) Humongous regions: 1->0
[2025-10-15T14:49:19.240-0700][1251][info ][gc,metaspace] GC(197) Metaspace: 299359K(304320K)->299359K(304320K) NonClass: 263763K(266496K)->263763K(266496K) Class: 35596K(37824K)->35596K(37824K)
[2025-10-15T14:49:19.240-0700][1251][info ][gc          ] GC(197) Pause Young (Normal) (G1 Evacuation Pause) 142296M->38977M(184320M) 249.376ms
[2025-10-15T14:49:19.241-0700][1251][info ][gc,cpu      ] GC(197) User=19.82s Sys=0.48s Real=0.25s
[2025-10-15T14:49:19.242-0700][1251][info ][safepoint   ] Safepoint "G1CollectForAllocation", Time since last: 701938538 ns, Reaching safepoint: 3868324 ns, Cleanup: 69775 ns, At safepoint: 252650851 ns, Total: 256588950 ns
[2025-10-15T14:49:20.243-0700][1251][info ][safepoint   ] Safepoint "Cleanup", Time since last: 1000079977 ns, Reaching safepoint: 639905 ns, Cleanup: 25809 ns, At safepoint: 233923 ns, Total: 899637 ns
[2025-10-15T14:49:22.245-0700][1251][info ][safepoint   ] Safepoint "Cleanup", Time since last: 2000164679 ns, Reaching safepoint: 673115 ns, Cleanup: 15544 ns, At safepoint: 711834 ns, Total: 1400493 ns
[2025-10-15T14:49:24.246-0700][1251][info ][safepoint   ] Safepoint "Cleanup", Time since last: 2000171900 ns, Reaching safepoint: 781959 ns, Cleanup: 11077 ns, At safepoint: 488096 ns, Total: 1281132 ns
[2025-10-15T14:49:25.186-0700][1251][info ][gc,start    ] GC(198) Pause Young (Normal) (G1 Evacuation Pause)
[2025-10-15T14:49:25.186-0700][1251][info ][gc,task     ] GC(198) Using 113 workers of 113 for evacuation
[2025-10-15T14:49:25.202-0700][1251][debug][gc,remset   ] GC(198) Visited cards 23841024 Total dirty 63963136 (37.27%) Total old 518258688 (4.60%)
[2025-10-15T14:49:25.402-0700][1251][info ][gc,mmu      ] GC(198) MMU target violated: 201.0ms (200.0ms/201.0ms)
[2025-10-15T14:49:25.402-0700][1251][info ][gc,phases   ] GC(198)   Pre Evacuate Collection Set: 0.7ms
[2025-10-15T14:49:25.402-0700][1251][info ][gc,phases   ] GC(198)   Merge Heap Roots: 15.0ms
[2025-10-15T14:49:25.402-0700][1251][info ][gc,phases   ] GC(198)   Evacuate Collection Set: 176.4ms
[2025-10-15T14:49:25.402-0700][1251][info ][gc,phases   ] GC(198)   Post Evacuate Collection Set: 23.9ms
[2025-10-15T14:49:25.402-0700][1251][info ][gc,phases   ] GC(198)   Other: 0.2ms
[2025-10-15T14:49:25.402-0700][1251][debug][gc,remset   ] GC(198) Coarsening (recent): Inline->AoC 451592 (113) AoC->Howl 1028 (143) Howl->Full 0 (0) Inline->AoC 4703 (39) AoC->BitMap 953 (236) BitMap->Full 0 (0)
[2025-10-15T14:49:25.402-0700][1251][debug][gc,remset   ] GC(198) Coarsening (all): Inline->AoC 73915079 (19740) AoC->Howl 201604 (38533) Howl->Full 0 (0) Inline->AoC 901549 (10823) AoC->BitMap 163587 (34123) BitMap->Full 5 (0)
[2025-10-15T14:49:25.402-0700][1251][info ][gc,heap     ] GC(198) Eden regions: 3229->0(3244)
[2025-10-15T14:49:25.402-0700][1251][info ][gc,heap     ] GC(198) Survivor regions: 227->212(432)
[2025-10-15T14:49:25.402-0700][1251][info ][gc,heap     ] GC(198) Old regions: 992->993
[2025-10-15T14:49:25.402-0700][1251][info ][gc,heap     ] GC(198) Humongous regions: 4->0
[2025-10-15T14:49:25.402-0700][1251][info ][gc,metaspace] GC(198) Metaspace: 299403K(304320K)->299403K(304320K) NonClass: 263805K(266496K)->263805K(266496K) Class: 35597K(37824K)->35597K(37824K)
[2025-10-15T14:49:25.402-0700][1251][info ][gc          ] GC(198) Pause Young (Normal) (G1 Evacuation Pause) 142433M->38528M(184320M) 216.389ms
[2025-10-15T14:49:25.403-0700][1251][info ][gc,cpu      ] GC(198) User=18.46s Sys=0.60s Real=0.22s
[2025-10-15T14:49:25.404-0700][1251][info ][safepoint   ] Safepoint "G1CollectForAllocation", Time since last: 937941250 ns, Reaching safepoint: 714598 ns, Cleanup: 11668 ns, At safepoint: 219630392 ns, Total: 220356658 ns
[2025-10-15T14:49:27.417-0700][1251][info ][safepoint   ] Safepoint "Cleanup", Time since last: 2000145941 ns, Reaching safepoint: 11085522 ns, Cleanup: 20380 ns, At safepoint: 1197867 ns, Total: 12303769 ns
[2025-10-15T14:49:30.418-0700][1251][info ][safepoint   ] Safepoint "Cleanup", Time since last: 3000230669 ns, Reaching safepoint: 697232 ns, Cleanup: 10265 ns, At safepoint: 213653 ns, Total: 921150 ns
[2025-10-15T14:49:31.092-0700][1251][info ][gc,start    ] GC(199) Pause Young (Normal) (G1 Evacuation Pause)
[2025-10-15T14:49:31.092-0700][1251][info ][gc,task     ] GC(199) Using 113 workers of 113 for evacuation
[2025-10-15T14:49:31.108-0700][1251][debug][gc,remset   ] GC(199) Visited cards 23910400 Total dirty 64094208 (37.31%) Total old 518127616 (4.61%)
[2025-10-15T14:49:31.311-0700][1251][info ][gc,mmu      ] GC(199) MMU target violated: 201.0ms (200.0ms/201.0ms)
[2025-10-15T14:49:31.311-0700][1251][info ][gc,phases   ] GC(199)   Pre Evacuate Collection Set: 0.8ms
[2025-10-15T14:49:31.311-0700][1251][info ][gc,phases   ] GC(199)   Merge Heap Roots: 15.1ms
[2025-10-15T14:49:31.311-0700][1251][info ][gc,phases   ] GC(199)   Evacuate Collection Set: 178.6ms
[2025-10-15T14:49:31.311-0700][1251][info ][gc,phases   ] GC(199)   Post Evacuate Collection Set: 24.1ms
[2025-10-15T14:49:31.311-0700][1251][info ][gc,phases   ] GC(199)   Other: 0.2ms
[2025-10-15T14:49:31.311-0700][1251][debug][gc,remset   ] GC(199) Coarsening (recent): Inline->AoC 521589 (91) AoC->Howl 1336 (186) Howl->Full 0 (0) Inline->AoC 6481 (57) AoC->BitMap 1330 (273) BitMap->Full 0 (0)
[2025-10-15T14:49:31.311-0700][1251][debug][gc,remset   ] GC(199) Coarsening (all): Inline->AoC 74436668 (19831) AoC->Howl 202940 (38719) Howl->Full 0 (0) Inline->AoC 908030 (10880) AoC->BitMap 164917 (34396) BitMap->Full 5 (0)
[2025-10-15T14:49:31.311-0700][1251][info ][gc,heap     ] GC(199) Eden regions: 3244->0(3245)
[2025-10-15T14:49:31.311-0700][1251][info ][gc,heap     ] GC(199) Survivor regions: 212->211(432)
[2025-10-15T14:49:31.311-0700][1251][info ][gc,heap     ] GC(199) Old regions: 993->993
[2025-10-15T14:49:31.311-0700][1251][info ][gc,heap     ] GC(199) Humongous regions: 1->0
[2025-10-15T14:49:31.311-0700][1251][info ][gc,metaspace] GC(199) Metaspace: 299443K(304384K)->299443K(304384K) NonClass: 263845K(266560K)->263845K(266560K) Class: 35597K(37824K)->35597K(37824K)
[2025-10-15T14:49:31.311-0700][1251][info ][gc          ] GC(199) Pause Young (Normal) (G1 Evacuation Pause) 142368M->38516M(184320M) 219.038ms
[2025-10-15T14:49:31.312-0700][1251][info ][gc,cpu      ] GC(199) User=18.66s Sys=0.39s Real=0.22s
[2025-10-15T14:49:31.313-0700][1251][info ][safepoint   ] Safepoint "G1CollectForAllocation", Time since last: 671565956 ns, Reaching safepoint: 1091908 ns, Cleanup: 20651 ns, At safepoint: 222257105 ns, Total: 223369664 ns
[2025-10-15T14:49:32.314-0700][1251][info ][safepoint   ] Safepoint "Cleanup", Time since last: 1000082014 ns, Reaching safepoint: 698583 ns, Cleanup: 13260 ns, At safepoint: 162435 ns, Total: 874278 ns
[2025-10-15T14:49:33.315-0700][1251][info ][safepoint   ] Safepoint "Cleanup", Time since last: 1000103787 ns, Reaching safepoint: 752515 ns, Cleanup: 10045 ns, At safepoint: 203237 ns, Total: 965797 ns
[2025-10-15T14:49:34.316-0700][1251][info ][safepoint   ] Safepoint "Cleanup", Time since last: 1000103877 ns, Reaching safepoint: 700216 ns, Cleanup: 12279 ns, At safepoint: 177608 ns, Total: 890103 ns
[2025-10-15T14:49:35.317-0700][1251][info ][safepoint   ] Safepoint "Cleanup", Time since last: 1000112720 ns, Reaching safepoint: 836632 ns, Cleanup: 36755 ns, At safepoint: 246001 ns, Total: 1119388 ns
[2025-10-15T14:49:36.318-0700][1251][info ][safepoint   ] Safepoint "Cleanup", Time since last: 1000115435 ns, Reaching safepoint: 847027 ns, Cleanup: 63346 ns, At safepoint: 217989 ns, Total: 1128362 ns
[2025-10-15T14:49:36.911-0700][1251][info ][gc,start    ] GC(200) Pause Young (Normal) (G1 Evacuation Pause)
[2025-10-15T14:49:36.911-0700][1251][info ][gc,task     ] GC(200) Using 113 workers of 113 for evacuation
[2025-10-15T14:49:36.927-0700][1251][debug][gc,remset   ] GC(200) Visited cards 24836608 Total dirty 64094208 (38.75%) Total old 518193152 (4.79%)
[2025-10-15T14:49:37.150-0700][1251][info ][gc,mmu      ] GC(200) MMU target violated: 201.0ms (200.0ms/201.0ms)
[2025-10-15T14:49:37.150-0700][1251][info ][gc,phases   ] GC(200)   Pre Evacuate Collection Set: 0.9ms
[2025-10-15T14:49:37.150-0700][1251][info ][gc,phases   ] GC(200)   Merge Heap Roots: 14.8ms
[2025-10-15T14:49:37.150-0700][1251][info ][gc,phases   ] GC(200)   Evacuate Collection Set: 196.8ms
[2025-10-15T14:49:37.150-0700][1251][info ][gc,phases   ] GC(200)   Post Evacuate Collection Set: 25.6ms
[2025-10-15T14:49:37.150-0700][1251][info ][gc,phases   ] GC(200)   Other: 0.2ms
[2025-10-15T14:49:37.150-0700][1251][debug][gc,remset   ] GC(200) Coarsening (recent): Inline->AoC 416483 (95) AoC->Howl 1219 (141) Howl->Full 0 (0) Inline->AoC 5937 (47) AoC->BitMap 1103 (225) BitMap->Full 0 (0)
[2025-10-15T14:49:37.150-0700][1251][debug][gc,remset   ] GC(200) Coarsening (all): Inline->AoC 74853151 (19926) AoC->Howl 204159 (38860) Howl->Full 0 (0) Inline->AoC 913967 (10927) AoC->BitMap 166020 (34621) BitMap->Full 5 (0)
[2025-10-15T14:49:37.150-0700][1251][info ][gc,heap     ] GC(200) Eden regions: 3245->0(2527)
[2025-10-15T14:49:37.150-0700][1251][info ][gc,heap     ] GC(200) Survivor regions: 211->235(432)
[2025-10-15T14:49:37.150-0700][1251][info ][gc,heap     ] GC(200) Old regions: 993->994
[2025-10-15T14:49:37.150-0700][1251][info ][gc,heap     ] GC(200) Humongous regions: 2->0
[2025-10-15T14:49:37.150-0700][1251][info ][gc,metaspace] GC(200) Metaspace: 299532K(304448K)->299532K(304448K) NonClass: 263929K(266624K)->263929K(266624K) Class: 35603K(37824K)->35603K(37824K)
[2025-10-15T14:49:37.150-0700][1251][info ][gc          ] GC(200) Pause Young (Normal) (G1 Evacuation Pause) 142420M->39310M(184320M) 238.452ms
[2025-10-15T14:49:37.151-0700][1251][info ][gc,cpu      ] GC(200) User=19.56s Sys=0.58s Real=0.24s
[2025-10-15T14:49:37.152-0700][1251][info ][safepoint   ] Safepoint "G1CollectForAllocation", Time since last: 590610362 ns, Reaching safepoint: 902051 ns, Cleanup: 155855 ns, At safepoint: 241795387 ns, Total: 242853293 ns
[2025-10-15T14:49:38.153-0700][1251][info ][safepoint   ] Safepoint "Cleanup", Time since last: 1000082144 ns, Reaching safepoint: 621618 ns, Cleanup: 14221 ns, At safepoint: 182746 ns, Total: 818585 ns
[2025-10-15T14:49:39.154-0700][1251][info ][safepoint   ] Safepoint "Cleanup", Time since last: 1000120742 ns, Reaching safepoint: 734829 ns, Cleanup: 22193 ns, At safepoint: 155354 ns, Total: 912376 ns
[2025-10-15T14:49:40.155-0700][1251][info ][safepoint   ] Safepoint "Cleanup", Time since last: 1000108955 ns, Reaching safepoint: 948260 ns, Cleanup: 77087 ns, At safepoint: 275315 ns, Total: 1300662 ns
[2025-10-15T14:49:41.156-0700][1251][info ][safepoint   ] Safepoint "Cleanup", Time since last: 1000111949 ns, Reaching safepoint: 689440 ns, Cleanup: 11628 ns, At safepoint: 326532 ns, Total: 1027600 ns
[2025-10-15T14:49:41.892-0700][1251][info ][gc,start    ] GC(201) Pause Young (Normal) (G1 Evacuation Pause)
[2025-10-15T14:49:41.892-0700][1251][info ][gc,task     ] GC(201) Using 113 workers of 113 for evacuation
[2025-10-15T14:49:41.909-0700][1251][debug][gc,remset   ] GC(201) Visited cards 25247488 Total dirty 64094208 (39.39%) Total old 512753664 (4.92%)
[2025-10-15T14:49:42.132-0700][1251][info ][gc,mmu      ] GC(201) MMU target violated: 201.0ms (200.0ms/201.0ms)
[2025-10-15T14:49:42.132-0700][1251][info ][gc,phases   ] GC(201)   Pre Evacuate Collection Set: 1.0ms
[2025-10-15T14:49:42.132-0700][1251][info ][gc,phases   ] GC(201)   Merge Heap Roots: 16.6ms
[2025-10-15T14:49:42.132-0700][1251][info ][gc,phases   ] GC(201)   Evacuate Collection Set: 198.5ms
[2025-10-15T14:49:42.132-0700][1251][info ][gc,phases   ] GC(201)   Post Evacuate Collection Set: 24.2ms
[2025-10-15T14:49:42.132-0700][1251][info ][gc,phases   ] GC(201)   Other: 0.2ms
[2025-10-15T14:49:42.132-0700][1251][debug][gc,remset   ] GC(201) Coarsening (recent): Inline->AoC 345841 (92) AoC->Howl 1130 (139) Howl->Full 0 (0) Inline->AoC 5472 (37) AoC->BitMap 978 (198) BitMap->Full 0 (0)
[2025-10-15T14:49:42.132-0700][1251][debug][gc,remset   ] GC(201) Coarsening (all): Inline->AoC 75198992 (20018) AoC->Howl 205289 (38999) Howl->Full 0 (0) Inline->AoC 919439 (10964) AoC->BitMap 166998 (34819) BitMap->Full 5 (0)
[2025-10-15T14:49:42.132-0700][1251][info ][gc,heap     ] GC(201) Eden regions: 3180->0(2075)
[2025-10-15T14:49:42.132-0700][1251][info ][gc,heap     ] GC(201) Survivor regions: 235->234(427)
[2025-10-15T14:49:42.132-0700][1251][info ][gc,heap     ] GC(201) Old regions: 994->998
[2025-10-15T14:49:42.132-0700][1251][info ][gc,heap     ] GC(201) Humongous regions: 0->0
[2025-10-15T14:49:42.132-0700][1251][info ][gc,metaspace] GC(201) Metaspace: 299599K(304512K)->299599K(304512K) NonClass: 263995K(266688K)->263995K(266688K) Class: 35604K(37824K)->35604K(37824K)
[2025-10-15T14:49:42.132-0700][1251][info ][gc          ] GC(201) Pause Young (Normal) (G1 Evacuation Pause) 141070M->39399M(184320M) 240.495ms
[2025-10-15T14:49:42.133-0700][1251][info ][gc,cpu      ] GC(201) User=20.07s Sys=0.41s Real=0.24s
[2025-10-15T14:49:42.134-0700][1251][info ][safepoint   ] Safepoint "G1CollectForAllocation", Time since last: 732349584 ns, Reaching safepoint: 1682498 ns, Cleanup: 6479 ns, At safepoint: 243760511 ns, Total: 245449488 ns
[2025-10-15T14:49:43.135-0700][1251][info ][safepoint   ] Safepoint "Cleanup", Time since last: 1000067142 ns, Reaching safepoint: 686475 ns, Cleanup: 28864 ns, At safepoint: 363648 ns, Total: 1078987 ns
[2025-10-15T14:49:45.137-0700][1251][info ][safepoint   ] Safepoint "Cleanup", Time since last: 2000174274 ns, Reaching safepoint: 1105788 ns, Cleanup: 20651 ns, At safepoint: 227764 ns, Total: 1354203 ns
[2025-10-15T14:49:46.739-0700][1251][info ][gc,start    ] GC(202) Pause Young (Normal) (G1 Evacuation Pause)
[2025-10-15T14:49:46.739-0700][1251][info ][gc,task     ] GC(202) Using 113 workers of 113 for evacuation
[2025-10-15T14:49:46.753-0700][1251][debug][gc,remset   ] GC(202) Visited cards 24994560 Total dirty 64421888 (38.80%) Total old 472645632 (5.29%)
[2025-10-15T14:49:46.967-0700][1251][info ][gc,mmu      ] GC(202) MMU target violated: 201.0ms (200.0ms/201.0ms)
[2025-10-15T14:49:46.967-0700][1251][info ][gc,phases   ] GC(202)   Pre Evacuate Collection Set: 0.8ms
[2025-10-15T14:49:46.967-0700][1251][info ][gc,phases   ] GC(202)   Merge Heap Roots: 13.9ms
[2025-10-15T14:49:46.967-0700][1251][info ][gc,phases   ] GC(202)   Evacuate Collection Set: 190.9ms
[2025-10-15T14:49:46.967-0700][1251][info ][gc,phases   ] GC(202)   Post Evacuate Collection Set: 22.3ms
[2025-10-15T14:49:46.967-0700][1251][info ][gc,phases   ] GC(202)   Other: 0.2ms
[2025-10-15T14:49:46.967-0700][1251][debug][gc,remset   ] GC(202) Coarsening (recent): Inline->AoC 333194 (105) AoC->Howl 1142 (140) Howl->Full 0 (0) Inline->AoC 5377 (28) AoC->BitMap 914 (147) BitMap->Full 0 (0)
[2025-10-15T14:49:46.967-0700][1251][debug][gc,remset   ] GC(202) Coarsening (all): Inline->AoC 75532186 (20123) AoC->Howl 206431 (39139) Howl->Full 0 (0) Inline->AoC 924816 (10992) AoC->BitMap 167912 (34966) BitMap->Full 5 (0)
[2025-10-15T14:49:46.967-0700][1251][info ][gc,heap     ] GC(202) Eden regions: 2873->0(3239)
[2025-10-15T14:49:46.967-0700][1251][info ][gc,heap     ] GC(202) Survivor regions: 234->191(389)
[2025-10-15T14:49:46.967-0700][1251][info ][gc,heap     ] GC(202) Old regions: 998->1043
[2025-10-15T14:49:46.967-0700][1251][info ][gc,heap     ] GC(202) Humongous regions: 0->0
[2025-10-15T14:49:46.967-0700][1251][info ][gc,metaspace] GC(202) Metaspace: 299603K(304512K)->299603K(304512K) NonClass: 263998K(266688K)->263998K(266688K) Class: 35604K(37824K)->35604K(37824K)
[2025-10-15T14:49:46.967-0700][1251][info ][gc          ] GC(202) Pause Young (Normal) (G1 Evacuation Pause) 131335M->39461M(184320M) 228.250ms
[2025-10-15T14:49:46.968-0700][1251][info ][gc,cpu      ] GC(202) User=18.73s Sys=0.51s Real=0.22s
[2025-10-15T14:49:46.969-0700][1251][info ][safepoint   ] Safepoint "G1CollectForAllocation", Time since last: 1599166228 ns, Reaching safepoint: 1453923 ns, Cleanup: 11948 ns, At safepoint: 231518836 ns, Total: 232984707 ns
[2025-10-15T14:49:50.970-0700][1251][info ][safepoint   ] Safepoint "Cleanup", Time since last: 4000235755 ns, Reaching safepoint: 830883 ns, Cleanup: 21492 ns, At safepoint: 269046 ns, Total: 1121421 ns
[2025-10-15T14:49:51.971-0700][1251][info ][safepoint   ] Safepoint "Cleanup", Time since last: 1000103774 ns, Reaching safepoint: 778814 ns, Cleanup: 18789 ns, At safepoint: 220041 ns, Total: 1017644 ns
[2025-10-15T14:49:52.343-0700][1251][info ][gc,start    ] GC(203) Pause Young (Normal) (G1 Evacuation Pause)
[2025-10-15T14:49:52.343-0700][1251][info ][gc,task     ] GC(203) Using 113 workers of 113 for evacuation
[2025-10-15T14:49:52.359-0700][1251][debug][gc,remset   ] GC(203) Visited cards 24929536 Total dirty 67436544 (36.97%) Total old 506265600 (4.92%)
[2025-10-15T14:49:52.544-0700][1251][info ][gc,mmu      ] GC(203) MMU target violated: 200.2ms (200.0ms/201.0ms)
[2025-10-15T14:49:52.544-0700][1251][info ][gc,phases   ] GC(203)   Pre Evacuate Collection Set: 0.8ms
[2025-10-15T14:49:52.544-0700][1251][info ][gc,phases   ] GC(203)   Merge Heap Roots: 14.5ms
[2025-10-15T14:49:52.544-0700][1251][info ][gc,phases   ] GC(203)   Evacuate Collection Set: 162.2ms
[2025-10-15T14:49:52.544-0700][1251][info ][gc,phases   ] GC(203)   Post Evacuate Collection Set: 22.7ms
[2025-10-15T14:49:52.544-0700][1251][info ][gc,phases   ] GC(203)   Other: 0.2ms
[2025-10-15T14:49:52.544-0700][1251][debug][gc,remset   ] GC(203) Coarsening (recent): Inline->AoC 515165 (100) AoC->Howl 1044 (146) Howl->Full 0 (0) Inline->AoC 4570 (46) AoC->BitMap 664 (105) BitMap->Full 0 (0)
[2025-10-15T14:49:52.544-0700][1251][debug][gc,remset   ] GC(203) Coarsening (all): Inline->AoC 76047351 (20223) AoC->Howl 207475 (39285) Howl->Full 0 (0) Inline->AoC 929386 (11038) AoC->BitMap 168576 (35071) BitMap->Full 5 (0)
[2025-10-15T14:49:52.544-0700][1251][info ][gc,heap     ] GC(203) Eden regions: 3150->0(3265)
[2025-10-15T14:49:52.544-0700][1251][info ][gc,heap     ] GC(203) Survivor regions: 191->191(418)
[2025-10-15T14:49:52.544-0700][1251][info ][gc,heap     ] GC(203) Old regions: 1043->1043
[2025-10-15T14:49:52.544-0700][1251][info ][gc,heap     ] GC(203) Humongous regions: 0->0
[2025-10-15T14:49:52.544-0700][1251][info ][gc,metaspace] GC(203) Metaspace: 299604K(304512K)->299604K(304512K) NonClass: 263999K(266688K)->263999K(266688K) Class: 35604K(37824K)->35604K(37824K)
[2025-10-15T14:49:52.544-0700][1251][info ][gc          ] GC(203) Pause Young (Normal) (G1 Evacuation Pause) 140261M->39469M(184320M) 200.446ms
[2025-10-15T14:49:52.545-0700][1251][info ][gc,cpu      ] GC(203) User=16.97s Sys=0.43s Real=0.20s
[2025-10-15T14:49:52.546-0700][1251][info ][safepoint   ] Safepoint "G1CollectForAllocation", Time since last: 369897117 ns, Reaching safepoint: 838354 ns, Cleanup: 23385 ns, At safepoint: 203697532 ns, Total: 204559271 ns
[2025-10-15T14:49:54.547-0700][1251][info ][safepoint   ] Safepoint "Cleanup", Time since last: 2000155630 ns, Reaching safepoint: 786716 ns, Cleanup: 10947 ns, At safepoint: 147572 ns, Total: 945235 ns
[2025-10-15T14:49:58.419-0700][1251][info ][gc,start    ] GC(204) Pause Young (Normal) (G1 Evacuation Pause)
[2025-10-15T14:49:58.420-0700][1251][info ][gc,task     ] GC(204) Using 113 workers of 113 for evacuation
[2025-10-15T14:49:58.435-0700][1251][debug][gc,remset   ] GC(204) Visited cards 25513472 Total dirty 67305472 (37.91%) Total old 521338880 (4.89%)
[2025-10-15T14:49:58.598-0700][1251][info ][gc,phases   ] GC(204)   Pre Evacuate Collection Set: 0.7ms
[2025-10-15T14:49:58.598-0700][1251][info ][gc,phases   ] GC(204)   Merge Heap Roots: 14.4ms
[2025-10-15T14:49:58.598-0700][1251][info ][gc,phases   ] GC(204)   Evacuate Collection Set: 139.4ms
[2025-10-15T14:49:58.598-0700][1251][info ][gc,phases   ] GC(204)   Post Evacuate Collection Set: 23.9ms
[2025-10-15T14:49:58.598-0700][1251][info ][gc,phases   ] GC(204)   Other: 0.2ms
[2025-10-15T14:49:58.598-0700][1251][debug][gc,remset   ] GC(204) Coarsening (recent): Inline->AoC 558345 (111) AoC->Howl 983 (150) Howl->Full 0 (0) Inline->AoC 4754 (41) AoC->BitMap 888 (204) BitMap->Full 0 (0)
[2025-10-15T14:49:58.598-0700][1251][debug][gc,remset   ] GC(204) Coarsening (all): Inline->AoC 76605696 (20334) AoC->Howl 208458 (39435) Howl->Full 0 (0) Inline->AoC 934140 (11079) AoC->BitMap 169464 (35275) BitMap->Full 5 (0)
[2025-10-15T14:49:58.598-0700][1251][info ][gc,heap     ] GC(204) Eden regions: 3265->0(3260)
[2025-10-15T14:49:58.598-0700][1251][info ][gc,heap     ] GC(204) Survivor regions: 191->196(432)
[2025-10-15T14:49:58.598-0700][1251][info ][gc,heap     ] GC(204) Old regions: 1043->1043
[2025-10-15T14:49:58.598-0700][1251][info ][gc,heap     ] GC(204) Humongous regions: 0->0
[2025-10-15T14:49:58.598-0700][1251][info ][gc,metaspace] GC(204) Metaspace: 299605K(304512K)->299605K(304512K) NonClass: 264000K(266688K)->264000K(266688K) Class: 35604K(37824K)->35604K(37824K)
[2025-10-15T14:49:58.598-0700][1251][info ][gc          ] GC(204) Pause Young (Normal) (G1 Evacuation Pause) 143949M->39638M(184320M) 178.724ms
[2025-10-15T14:49:58.599-0700][1251][info ][gc,cpu      ] GC(204) User=16.49s Sys=0.45s Real=0.18s
[2025-10-15T14:49:58.600-0700][1251][info ][safepoint   ] Safepoint "G1CollectForAllocation", Time since last: 3870765508 ns, Reaching safepoint: 621768 ns, Cleanup: 3485 ns, At safepoint: 182000302 ns, Total: 182625555 ns
[2025-10-15T14:50:02.602-0700][1251][info ][safepoint   ] Safepoint "Cleanup", Time since last: 4000263118 ns, Reaching safepoint: 647787 ns, Cleanup: 19629 ns, At safepoint: 157358 ns, Total: 824774 ns
[2025-10-15T14:50:03.883-0700][1251][info ][gc,start    ] GC(205) Pause Young (Normal) (G1 Evacuation Pause)
[2025-10-15T14:50:03.883-0700][1251][info ][gc,task     ] GC(205) Using 113 workers of 113 for evacuation
[2025-10-15T14:50:03.898-0700][1251][debug][gc,remset   ] GC(205) Visited cards 26035968 Total dirty 67305472 (38.68%) Total old 521338880 (4.99%)
[2025-10-15T14:50:04.088-0700][1251][info ][gc,mmu      ] GC(205) MMU target violated: 201.0ms (200.0ms/201.0ms)
[2025-10-15T14:50:04.088-0700][1251][info ][gc,phases   ] GC(205)   Pre Evacuate Collection Set: 0.8ms
[2025-10-15T14:50:04.088-0700][1251][info ][gc,phases   ] GC(205)   Merge Heap Roots: 14.1ms
[2025-10-15T14:50:04.088-0700][1251][info ][gc,phases   ] GC(205)   Evacuate Collection Set: 165.1ms
[2025-10-15T14:50:04.088-0700][1251][info ][gc,phases   ] GC(205)   Post Evacuate Collection Set: 25.3ms
[2025-10-15T14:50:04.088-0700][1251][info ][gc,phases   ] GC(205)   Other: 0.2ms
[2025-10-15T14:50:04.088-0700][1251][debug][gc,remset   ] GC(205) Coarsening (recent): Inline->AoC 445134 (95) AoC->Howl 899 (120) Howl->Full 0 (0) Inline->AoC 4366 (23) AoC->BitMap 659 (134) BitMap->Full 0 (0)
[2025-10-15T14:50:04.088-0700][1251][debug][gc,remset   ] GC(205) Coarsening (all): Inline->AoC 77050830 (20429) AoC->Howl 209357 (39555) Howl->Full 0 (0) Inline->AoC 938506 (11102) AoC->BitMap 170123 (35409) BitMap->Full 5 (0)
[2025-10-15T14:50:04.088-0700][1251][info ][gc,heap     ] GC(205) Eden regions: 3260->0(3258)
[2025-10-15T14:50:04.088-0700][1251][info ][gc,heap     ] GC(205) Survivor regions: 196->198(432)
[2025-10-15T14:50:04.088-0700][1251][info ][gc,heap     ] GC(205) Old regions: 1043->1043
[2025-10-15T14:50:04.088-0700][1251][info ][gc,heap     ] GC(205) Humongous regions: 0->0
[2025-10-15T14:50:04.088-0700][1251][info ][gc,metaspace] GC(205) Metaspace: 299606K(304512K)->299606K(304512K) NonClass: 264001K(266688K)->264001K(266688K) Class: 35604K(37824K)->35604K(37824K)
[2025-10-15T14:50:04.088-0700][1251][info ][gc          ] GC(205) Pause Young (Normal) (G1 Evacuation Pause) 143958M->39683M(184320M) 205.564ms
[2025-10-15T14:50:04.090-0700][1251][info ][gc,cpu      ] GC(205) User=17.38s Sys=0.33s Real=0.21s
[2025-10-15T14:50:04.091-0700][1251][info ][safepoint   ] Safepoint "G1CollectForAllocation", Time since last: 1279336000 ns, Reaching safepoint: 841489 ns, Cleanup: 5298 ns, At safepoint: 208966747 ns, Total: 209813534 ns
[2025-10-15T14:50:08.385-0700][1251][info ][safepoint   ] Safepoint "Cleanup", Time since last: 4292408877 ns, Reaching safepoint: 1099638 ns, Cleanup: 18468 ns, At safepoint: 819075 ns, Total: 1937181 ns
[2025-10-15T14:50:09.819-0700][1251][info ][gc,start    ] GC(206) Pause Young (Normal) (G1 Evacuation Pause)
[2025-10-15T14:50:09.819-0700][1251][info ][gc,task     ] GC(206) Using 113 workers of 113 for evacuation
[2025-10-15T14:50:09.835-0700][1251][debug][gc,remset   ] GC(206) Visited cards 26248704 Total dirty 67305472 (39.00%) Total old 521338880 (5.03%)
[2025-10-15T14:50:10.029-0700][1251][info ][gc,mmu      ] GC(206) MMU target violated: 201.0ms (200.0ms/201.0ms)
[2025-10-15T14:50:10.029-0700][1251][info ][gc,phases   ] GC(206)   Pre Evacuate Collection Set: 0.9ms
[2025-10-15T14:50:10.029-0700][1251][info ][gc,phases   ] GC(206)   Merge Heap Roots: 15.0ms
[2025-10-15T14:50:10.029-0700][1251][info ][gc,phases   ] GC(206)   Evacuate Collection Set: 169.7ms
[2025-10-15T14:50:10.029-0700][1251][info ][gc,phases   ] GC(206)   Post Evacuate Collection Set: 24.5ms
[2025-10-15T14:50:10.029-0700][1251][info ][gc,phases   ] GC(206)   Other: 0.2ms
[2025-10-15T14:50:10.029-0700][1251][debug][gc,remset   ] GC(206) Coarsening (recent): Inline->AoC 544583 (92) AoC->Howl 1131 (165) Howl->Full 0 (0) Inline->AoC 5455 (50) AoC->BitMap 1106 (247) BitMap->Full 0 (0)
[2025-10-15T14:50:10.029-0700][1251][debug][gc,remset   ] GC(206) Coarsening (all): Inline->AoC 77595413 (20521) AoC->Howl 210488 (39720) Howl->Full 0 (0) Inline->AoC 943961 (11152) AoC->BitMap 171229 (35656) BitMap->Full 5 (0)
[2025-10-15T14:50:10.029-0700][1251][info ][gc,heap     ] GC(206) Eden regions: 3258->0(3257)
[2025-10-15T14:50:10.029-0700][1251][info ][gc,heap     ] GC(206) Survivor regions: 198->199(432)
[2025-10-15T14:50:10.029-0700][1251][info ][gc,heap     ] GC(206) Old regions: 1043->1043
[2025-10-15T14:50:10.029-0700][1251][info ][gc,heap     ] GC(206) Humongous regions: 0->0
[2025-10-15T14:50:10.029-0700][1251][info ][gc,metaspace] GC(206) Metaspace: 299606K(304512K)->299606K(304512K) NonClass: 264001K(266688K)->264001K(266688K) Class: 35604K(37824K)->35604K(37824K)
[2025-10-15T14:50:10.029-0700][1251][info ][gc          ] GC(206) Pause Young (Normal) (G1 Evacuation Pause) 143939M->39715M(184320M) 210.336ms
[2025-10-15T14:50:10.030-0700][1251][info ][gc,cpu      ] GC(206) User=17.34s Sys=0.47s Real=0.21s
[2025-10-15T14:50:10.031-0700][1251][info ][safepoint   ] Safepoint "G1CollectForAllocation", Time since last: 1429014812 ns, Reaching safepoint: 3511756 ns, Cleanup: 5639 ns, At safepoint: 213498230 ns, Total: 217015625 ns
[2025-10-15T14:50:11.032-0700][1251][info ][safepoint   ] Safepoint "Cleanup", Time since last: 1000089713 ns, Reaching safepoint: 720517 ns, Cleanup: 10936 ns, At safepoint: 185380 ns, Total: 916833 ns
[2025-10-15T14:50:15.794-0700][1251][info ][gc,start    ] GC(207) Pause Young (Normal) (G1 Evacuation Pause)
[2025-10-15T14:50:15.795-0700][1251][info ][gc,task     ] GC(207) Using 113 workers of 113 for evacuation
[2025-10-15T14:50:15.810-0700][1251][debug][gc,remset   ] GC(207) Visited cards 26287360 Total dirty 67239936 (39.09%) Total old 521338880 (5.04%)
[2025-10-15T14:50:15.997-0700][1251][info ][gc,mmu      ] GC(207) MMU target violated: 201.0ms (200.0ms/201.0ms)
[2025-10-15T14:50:15.997-0700][1251][info ][gc,phases   ] GC(207)   Pre Evacuate Collection Set: 0.7ms
[2025-10-15T14:50:15.997-0700][1251][info ][gc,phases   ] GC(207)   Merge Heap Roots: 14.6ms
[2025-10-15T14:50:15.997-0700][1251][info ][gc,phases   ] GC(207)   Evacuate Collection Set: 164.0ms
[2025-10-15T14:50:15.997-0700][1251][info ][gc,phases   ] GC(207)   Post Evacuate Collection Set: 22.6ms
[2025-10-15T14:50:15.997-0700][1251][info ][gc,phases   ] GC(207)   Other: 0.2ms
[2025-10-15T14:50:15.997-0700][1251][debug][gc,remset   ] GC(207) Coarsening (recent): Inline->AoC 511698 (96) AoC->Howl 1029 (140) Howl->Full 0 (0) Inline->AoC 4928 (29) AoC->BitMap 887 (204) BitMap->Full 0 (0)
[2025-10-15T14:50:15.997-0700][1251][debug][gc,remset   ] GC(207) Coarsening (all): Inline->AoC 78107111 (20617) AoC->Howl 211517 (39860) Howl->Full 0 (0) Inline->AoC 948889 (11181) AoC->BitMap 172116 (35860) BitMap->Full 5 (0)
[2025-10-15T14:50:15.997-0700][1251][info ][gc,heap     ] GC(207) Eden regions: 3257->0(3257)
[2025-10-15T14:50:15.997-0700][1251][info ][gc,heap     ] GC(207) Survivor regions: 199->199(432)
[2025-10-15T14:50:15.997-0700][1251][info ][gc,heap     ] GC(207) Old regions: 1043->1043
[2025-10-15T14:50:15.997-0700][1251][info ][gc,heap     ] GC(207) Humongous regions: 0->0
[2025-10-15T14:50:15.997-0700][1251][info ][gc,metaspace] GC(207) Metaspace: 299609K(304512K)->299609K(304512K) NonClass: 264004K(266688K)->264004K(266688K) Class: 35604K(37824K)->35604K(37824K)
[2025-10-15T14:50:15.997-0700][1251][info ][gc          ] GC(207) Pause Young (Normal) (G1 Evacuation Pause) 143939M->39737M(184320M) 202.222ms
[2025-10-15T14:50:15.998-0700][1251][info ][gc,cpu      ] GC(207) User=17.30s Sys=0.38s Real=0.20s
[2025-10-15T14:50:15.999-0700][1251][info ][safepoint   ] Safepoint "G1CollectForAllocation", Time since last: 4760308849 ns, Reaching safepoint: 985777 ns, Cleanup: 13620 ns, At safepoint: 205395702 ns, Total: 206395099 ns
[2025-10-15T14:50:18.000-0700][1251][info ][safepoint   ] Safepoint "Cleanup", Time since last: 2000145185 ns, Reaching safepoint: 704342 ns, Cleanup: 10175 ns, At safepoint: 166701 ns, Total: 881218 ns
[2025-10-15T14:50:19.001-0700][1251][info ][safepoint   ] Safepoint "Cleanup", Time since last: 1000101131 ns, Reaching safepoint: 801739 ns, Cleanup: 11076 ns, At safepoint: 315436 ns, Total: 1128251 ns
[2025-10-15T14:50:21.661-0700][1251][info ][gc,start    ] GC(208) Pause Young (Normal) (G1 Evacuation Pause)
[2025-10-15T14:50:21.661-0700][1251][info ][gc,task     ] GC(208) Using 113 workers of 113 for evacuation
[2025-10-15T14:50:21.678-0700][1251][debug][gc,remset   ] GC(208) Visited cards 26401024 Total dirty 67371008 (39.19%) Total old 521338880 (5.06%)
[2025-10-15T14:50:21.876-0700][1251][info ][gc,mmu      ] GC(208) MMU target violated: 201.0ms (200.0ms/201.0ms)
[2025-10-15T14:50:21.876-0700][1251][info ][gc,phases   ] GC(208)   Pre Evacuate Collection Set: 0.8ms
[2025-10-15T14:50:21.876-0700][1251][info ][gc,phases   ] GC(208)   Merge Heap Roots: 15.7ms
[2025-10-15T14:50:21.876-0700][1251][info ][gc,phases   ] GC(208)   Evacuate Collection Set: 176.0ms
[2025-10-15T14:50:21.876-0700][1251][info ][gc,phases   ] GC(208)   Post Evacuate Collection Set: 22.3ms
[2025-10-15T14:50:21.876-0700][1251][info ][gc,phases   ] GC(208)   Other: 0.2ms
[2025-10-15T14:50:21.876-0700][1251][debug][gc,remset   ] GC(208) Coarsening (recent): Inline->AoC 546629 (84) AoC->Howl 1216 (178) Howl->Full 0 (0) Inline->AoC 5791 (51) AoC->BitMap 1132 (253) BitMap->Full 0 (0)
[2025-10-15T14:50:21.876-0700][1251][debug][gc,remset   ] GC(208) Coarsening (all): Inline->AoC 78653740 (20701) AoC->Howl 212733 (40038) Howl->Full 0 (0) Inline->AoC 954680 (11232) AoC->BitMap 173248 (36113) BitMap->Full 5 (0)
[2025-10-15T14:50:21.876-0700][1251][info ][gc,heap     ] GC(208) Eden regions: 3257->0(3255)
[2025-10-15T14:50:21.876-0700][1251][info ][gc,heap     ] GC(208) Survivor regions: 199->201(432)
[2025-10-15T14:50:21.876-0700][1251][info ][gc,heap     ] GC(208) Old regions: 1043->1043
[2025-10-15T14:50:21.876-0700][1251][info ][gc,heap     ] GC(208) Humongous regions: 0->0
[2025-10-15T14:50:21.876-0700][1251][info ][gc,metaspace] GC(208) Metaspace: 299609K(304512K)->299609K(304512K) NonClass: 264004K(266688K)->264004K(266688K) Class: 35604K(37824K)->35604K(37824K)
[2025-10-15T14:50:21.876-0700][1251][info ][gc          ] GC(208) Pause Young (Normal) (G1 Evacuation Pause) 143961M->39801M(184320M) 215.168ms
[2025-10-15T14:50:21.877-0700][1251][info ][gc,cpu      ] GC(208) User=18.06s Sys=0.37s Real=0.21s
[2025-10-15T14:50:21.878-0700][1251][info ][safepoint   ] Safepoint "G1CollectForAllocation", Time since last: 2656404739 ns, Reaching safepoint: 2620241 ns, Cleanup: 5939 ns, At safepoint: 218448075 ns, Total: 221074255 ns
[2025-10-15T14:50:22.880-0700][1251][info ][safepoint   ] Safepoint "Cleanup", Time since last: 1000107760 ns, Reaching safepoint: 782811 ns, Cleanup: 15373 ns, At safepoint: 514726 ns, Total: 1312910 ns
[2025-10-15T14:50:27.617-0700][1251][info ][gc,start    ] GC(209) Pause Young (Normal) (G1 Evacuation Pause)
[2025-10-15T14:50:27.617-0700][1251][info ][gc,task     ] GC(209) Using 113 workers of 113 for evacuation
[2025-10-15T14:50:27.632-0700][1251][debug][gc,remset   ] GC(209) Visited cards 26419968 Total dirty 67371008 (39.22%) Total old 521338880 (5.07%)
[2025-10-15T14:50:27.830-0700][1251][info ][gc,mmu      ] GC(209) MMU target violated: 201.0ms (200.0ms/201.0ms)
[2025-10-15T14:50:27.830-0700][1251][info ][gc,phases   ] GC(209)   Pre Evacuate Collection Set: 0.8ms
[2025-10-15T14:50:27.830-0700][1251][info ][gc,phases   ] GC(209)   Merge Heap Roots: 14.5ms
[2025-10-15T14:50:27.830-0700][1251][info ][gc,phases   ] GC(209)   Evacuate Collection Set: 173.6ms
[2025-10-15T14:50:27.830-0700][1251][info ][gc,phases   ] GC(209)   Post Evacuate Collection Set: 24.3ms
[2025-10-15T14:50:27.830-0700][1251][info ][gc,phases   ] GC(209)   Other: 0.2ms
[2025-10-15T14:50:27.830-0700][1251][debug][gc,remset   ] GC(209) Coarsening (recent): Inline->AoC 458778 (101) AoC->Howl 987 (117) Howl->Full 0 (0) Inline->AoC 4914 (39) AoC->BitMap 993 (223) BitMap->Full 0 (0)
[2025-10-15T14:50:27.830-0700][1251][debug][gc,remset   ] GC(209) Coarsening (all): Inline->AoC 79112518 (20802) AoC->Howl 213720 (40155) Howl->Full 0 (0) Inline->AoC 959594 (11271) AoC->BitMap 174241 (36336) BitMap->Full 5 (0)
[2025-10-15T14:50:27.830-0700][1251][info ][gc,heap     ] GC(209) Eden regions: 3255->0(3253)
[2025-10-15T14:50:27.830-0700][1251][info ][gc,heap     ] GC(209) Survivor regions: 201->203(432)
[2025-10-15T14:50:27.830-0700][1251][info ][gc,heap     ] GC(209) Old regions: 1043->1043
[2025-10-15T14:50:27.830-0700][1251][info ][gc,heap     ] GC(209) Humongous regions: 0->0
[2025-10-15T14:50:27.830-0700][1251][info ][gc,metaspace] GC(209) Metaspace: 299609K(304512K)->299609K(304512K) NonClass: 264004K(266688K)->264004K(266688K) Class: 35604K(37824K)->35604K(37824K)
[2025-10-15T14:50:27.830-0700][1251][info ][gc          ] GC(209) Pause Young (Normal) (G1 Evacuation Pause) 143961M->39853M(184320M) 213.477ms
[2025-10-15T14:50:27.831-0700][1251][info ][gc,cpu      ] GC(209) User=17.37s Sys=0.35s Real=0.22s
[2025-10-15T14:50:27.832-0700][1251][info ][safepoint   ] Safepoint "G1CollectForAllocation", Time since last: 4734087701 ns, Reaching safepoint: 1636058 ns, Cleanup: 5027 ns, At safepoint: 216653233 ns, Total: 218294318 ns
[2025-10-15T14:50:28.834-0700][1251][info ][safepoint   ] Safepoint "Cleanup", Time since last: 1000101429 ns, Reaching safepoint: 760837 ns, Cleanup: 10436 ns, At safepoint: 512313 ns, Total: 1283586 ns
[2025-10-15T14:50:31.835-0700][1251][info ][safepoint   ] Safepoint "Cleanup", Time since last: 3000231355 ns, Reaching safepoint: 758444 ns, Cleanup: 12899 ns, At safepoint: 194103 ns, Total: 965446 ns
[2025-10-15T14:50:32.836-0700][1251][info ][safepoint   ] Safepoint "Cleanup", Time since last: 1000102540 ns, Reaching safepoint: 792695 ns, Cleanup: 14061 ns, At safepoint: 225581 ns, Total: 1032337 ns
[2025-10-15T14:50:33.355-0700][1251][info ][gc,start    ] GC(210) Pause Young (Normal) (G1 Evacuation Pause)
[2025-10-15T14:50:33.355-0700][1251][info ][gc,task     ] GC(210) Using 113 workers of 113 for evacuation
[2025-10-15T14:50:33.370-0700][1251][debug][gc,remset   ] GC(210) Visited cards 26547968 Total dirty 67371008 (39.41%) Total old 521338880 (5.09%)
[2025-10-15T14:50:33.569-0700][1251][info ][gc,mmu      ] GC(210) MMU target violated: 201.0ms (200.0ms/201.0ms)
[2025-10-15T14:50:33.569-0700][1251][info ][gc,phases   ] GC(210)   Pre Evacuate Collection Set: 0.8ms
[2025-10-15T14:50:33.569-0700][1251][info ][gc,phases   ] GC(210)   Merge Heap Roots: 14.1ms
[2025-10-15T14:50:33.569-0700][1251][info ][gc,phases   ] GC(210)   Evacuate Collection Set: 175.7ms
[2025-10-15T14:50:33.569-0700][1251][info ][gc,phases   ] GC(210)   Post Evacuate Collection Set: 23.6ms
[2025-10-15T14:50:33.569-0700][1251][info ][gc,phases   ] GC(210)   Other: 0.2ms
[2025-10-15T14:50:33.569-0700][1251][debug][gc,remset   ] GC(210) Coarsening (recent): Inline->AoC 499690 (99) AoC->Howl 996 (132) Howl->Full 0 (0) Inline->AoC 4901 (40) AoC->BitMap 905 (210) BitMap->Full 0 (0)
[2025-10-15T14:50:33.569-0700][1251][debug][gc,remset   ] GC(210) Coarsening (all): Inline->AoC 79612208 (20901) AoC->Howl 214716 (40287) Howl->Full 0 (0) Inline->AoC 964495 (11311) AoC->BitMap 175146 (36546) BitMap->Full 5 (0)
[2025-10-15T14:50:33.569-0700][1251][info ][gc,heap     ] GC(210) Eden regions: 3253->0(3248)
[2025-10-15T14:50:33.569-0700][1251][info ][gc,heap     ] GC(210) Survivor regions: 203->208(432)
[2025-10-15T14:50:33.569-0700][1251][info ][gc,heap     ] GC(210) Old regions: 1043->1043
[2025-10-15T14:50:33.569-0700][1251][info ][gc,heap     ] GC(210) Humongous regions: 0->0
[2025-10-15T14:50:33.569-0700][1251][info ][gc,metaspace] GC(210) Metaspace: 299616K(304576K)->299616K(304576K) NonClass: 264011K(266752K)->264011K(266752K) Class: 35604K(37824K)->35604K(37824K)
[2025-10-15T14:50:33.569-0700][1251][info ][gc          ] GC(210) Pause Young (Normal) (G1 Evacuation Pause) 143949M->40009M(184320M) 214.536ms
[2025-10-15T14:50:33.570-0700][1251][info ][gc,cpu      ] GC(210) User=18.53s Sys=0.49s Real=0.22s
[2025-10-15T14:50:33.571-0700][1251][info ][safepoint   ] Safepoint "G1CollectForAllocation", Time since last: 516800110 ns, Reaching safepoint: 881790 ns, Cleanup: 4767 ns, At safepoint: 217799122 ns, Total: 218685679 ns
[2025-10-15T14:50:35.573-0700][1251][info ][safepoint   ] Safepoint "Cleanup", Time since last: 2000142756 ns, Reaching safepoint: 1252729 ns, Cleanup: 11768 ns, At safepoint: 290448 ns, Total: 1554945 ns
[2025-10-15T14:50:38.575-0700][1251][info ][safepoint   ] Safepoint "Cleanup", Time since last: 3000233779 ns, Reaching safepoint: 771453 ns, Cleanup: 10496 ns, At safepoint: 377399 ns, Total: 1159348 ns
[2025-10-15T14:50:39.573-0700][1251][info ][gc,start    ] GC(211) Pause Young (Normal) (G1 Evacuation Pause)
[2025-10-15T14:50:39.573-0700][1251][info ][gc,task     ] GC(211) Using 113 workers of 113 for evacuation
[2025-10-15T14:50:39.588-0700][1251][debug][gc,remset   ] GC(211) Visited cards 26501888 Total dirty 67371008 (39.34%) Total old 521338880 (5.08%)
[2025-10-15T14:50:39.757-0700][1251][info ][gc,phases   ] GC(211)   Pre Evacuate Collection Set: 0.7ms
[2025-10-15T14:50:39.758-0700][1251][info ][gc,phases   ] GC(211)   Merge Heap Roots: 14.6ms
[2025-10-15T14:50:39.758-0700][1251][info ][gc,phases   ] GC(211)   Evacuate Collection Set: 144.7ms
[2025-10-15T14:50:39.758-0700][1251][info ][gc,phases   ] GC(211)   Post Evacuate Collection Set: 24.5ms
[2025-10-15T14:50:39.758-0700][1251][info ][gc,phases   ] GC(211)   Other: 0.2ms
[2025-10-15T14:50:39.758-0700][1251][debug][gc,remset   ] GC(211) Coarsening (recent): Inline->AoC 514543 (85) AoC->Howl 1107 (165) Howl->Full 0 (0) Inline->AoC 5403 (49) AoC->BitMap 1138 (280) BitMap->Full 0 (0)
[2025-10-15T14:50:39.758-0700][1251][debug][gc,remset   ] GC(211) Coarsening (all): Inline->AoC 80126751 (20986) AoC->Howl 215823 (40452) Howl->Full 0 (0) Inline->AoC 969898 (11360) AoC->BitMap 176284 (36826) BitMap->Full 5 (0)
[2025-10-15T14:50:39.758-0700][1251][info ][gc,heap     ] GC(211) Eden regions: 3248->0(3250)
[2025-10-15T14:50:39.758-0700][1251][info ][gc,heap     ] GC(211) Survivor regions: 208->206(432)
[2025-10-15T14:50:39.758-0700][1251][info ][gc,heap     ] GC(211) Old regions: 1043->1043
[2025-10-15T14:50:39.758-0700][1251][info ][gc,heap     ] GC(211) Humongous regions: 0->0
[2025-10-15T14:50:39.758-0700][1251][info ][gc,metaspace] GC(211) Metaspace: 299616K(304576K)->299616K(304576K) NonClass: 264011K(266752K)->264011K(266752K) Class: 35604K(37824K)->35604K(37824K)
[2025-10-15T14:50:39.758-0700][1251][info ][gc          ] GC(211) Pause Young (Normal) (G1 Evacuation Pause) 143945M->39961M(184320M) 184.844ms
[2025-10-15T14:50:39.759-0700][1251][info ][gc,cpu      ] GC(211) User=18.08s Sys=0.39s Real=0.19s
[2025-10-15T14:50:39.760-0700][1251][info ][safepoint   ] Safepoint "G1CollectForAllocation", Time since last: 996352104 ns, Reaching safepoint: 754999 ns, Cleanup: 13390 ns, At safepoint: 188266080 ns, Total: 189034469 ns
[2025-10-15T14:50:45.423-0700][1251][info ][gc,start    ] GC(212) Pause Young (Normal) (G1 Evacuation Pause)
[2025-10-15T14:50:45.423-0700][1251][info ][gc,task     ] GC(212) Using 113 workers of 113 for evacuation
[2025-10-15T14:50:45.439-0700][1251][debug][gc,remset   ] GC(212) Visited cards 26646784 Total dirty 67305472 (39.59%) Total old 521338880 (5.11%)
[2025-10-15T14:50:45.637-0700][1251][info ][gc,mmu      ] GC(212) MMU target violated: 201.0ms (200.0ms/201.0ms)
[2025-10-15T14:50:45.637-0700][1251][info ][gc,phases   ] GC(212)   Pre Evacuate Collection Set: 0.8ms
[2025-10-15T14:50:45.637-0700][1251][info ][gc,phases   ] GC(212)   Merge Heap Roots: 15.3ms
[2025-10-15T14:50:45.637-0700][1251][info ][gc,phases   ] GC(212)   Evacuate Collection Set: 172.8ms
[2025-10-15T14:50:45.637-0700][1251][info ][gc,phases   ] GC(212)   Post Evacuate Collection Set: 25.3ms
[2025-10-15T14:50:45.637-0700][1251][info ][gc,phases   ] GC(212)   Other: 0.2ms
[2025-10-15T14:50:45.637-0700][1251][debug][gc,remset   ] GC(212) Coarsening (recent): Inline->AoC 468144 (79) AoC->Howl 1003 (140) Howl->Full 0 (0) Inline->AoC 4930 (33) AoC->BitMap 827 (173) BitMap->Full 0 (0)
[2025-10-15T14:50:45.637-0700][1251][debug][gc,remset   ] GC(212) Coarsening (all): Inline->AoC 80594895 (21065) AoC->Howl 216826 (40592) Howl->Full 0 (0) Inline->AoC 974828 (11393) AoC->BitMap 177111 (36999) BitMap->Full 5 (0)
[2025-10-15T14:50:45.637-0700][1251][info ][gc,heap     ] GC(212) Eden regions: 3250->0(3248)
[2025-10-15T14:50:45.637-0700][1251][info ][gc,heap     ] GC(212) Survivor regions: 206->208(432)
[2025-10-15T14:50:45.637-0700][1251][info ][gc,heap     ] GC(212) Old regions: 1043->1043
[2025-10-15T14:50:45.637-0700][1251][info ][gc,heap     ] GC(212) Humongous regions: 0->0
[2025-10-15T14:50:45.637-0700][1251][info ][gc,metaspace] GC(212) Metaspace: 299619K(304576K)->299619K(304576K) NonClass: 264014K(266752K)->264014K(266752K) Class: 35604K(37824K)->35604K(37824K)
[2025-10-15T14:50:45.637-0700][1251][info ][gc          ] GC(212) Pause Young (Normal) (G1 Evacuation Pause) 143961M->40004M(184320M) 214.577ms
[2025-10-15T14:50:45.638-0700][1251][info ][gc,cpu      ] GC(212) User=17.86s Sys=0.29s Real=0.21s
[2025-10-15T14:50:45.639-0700][1251][info ][safepoint   ] Safepoint "G1CollectForAllocation", Time since last: 5660218009 ns, Reaching safepoint: 1156404 ns, Cleanup: 6520 ns, At safepoint: 217718780 ns, Total: 218881704 ns
[2025-10-15T14:50:51.317-0700][1251][info ][gc,start    ] GC(213) Pause Young (Normal) (G1 Evacuation Pause)
[2025-10-15T14:50:51.317-0700][1251][info ][gc,task     ] GC(213) Using 113 workers of 113 for evacuation
[2025-10-15T14:50:51.334-0700][1251][debug][gc,remset   ] GC(213) Visited cards 26657024 Total dirty 67371008 (39.57%) Total old 521338880 (5.11%)
[2025-10-15T14:50:51.538-0700][1251][info ][gc,mmu      ] GC(213) MMU target violated: 201.0ms (200.0ms/201.0ms)
[2025-10-15T14:50:51.538-0700][1251][info ][gc,phases   ] GC(213)   Pre Evacuate Collection Set: 0.8ms
[2025-10-15T14:50:51.538-0700][1251][info ][gc,phases   ] GC(213)   Merge Heap Roots: 16.0ms
[2025-10-15T14:50:51.538-0700][1251][info ][gc,phases   ] GC(213)   Evacuate Collection Set: 179.5ms
[2025-10-15T14:50:51.538-0700][1251][info ][gc,phases   ] GC(213)   Post Evacuate Collection Set: 24.9ms
[2025-10-15T14:50:51.538-0700][1251][info ][gc,phases   ] GC(213)   Other: 0.2ms
[2025-10-15T14:50:51.538-0700][1251][debug][gc,remset   ] GC(213) Coarsening (recent): Inline->AoC 589988 (125) AoC->Howl 1255 (208) Howl->Full 0 (0) Inline->AoC 5971 (45) AoC->BitMap 1222 (292) BitMap->Full 0 (0)
[2025-10-15T14:50:51.538-0700][1251][debug][gc,remset   ] GC(213) Coarsening (all): Inline->AoC 81184883 (21190) AoC->Howl 218081 (40800) Howl->Full 0 (0) Inline->AoC 980799 (11438) AoC->BitMap 178333 (37291) BitMap->Full 5 (0)
[2025-10-15T14:50:51.538-0700][1251][info ][gc,heap     ] GC(213) Eden regions: 3248->0(3249)
[2025-10-15T14:50:51.538-0700][1251][info ][gc,heap     ] GC(213) Survivor regions: 208->207(432)
[2025-10-15T14:50:51.538-0700][1251][info ][gc,heap     ] GC(213) Old regions: 1043->1047
[2025-10-15T14:50:51.538-0700][1251][info ][gc,heap     ] GC(213) Humongous regions: 0->0
[2025-10-15T14:50:51.538-0700][1251][info ][gc,metaspace] GC(213) Metaspace: 299619K(304576K)->299619K(304576K) NonClass: 264014K(266752K)->264014K(266752K) Class: 35604K(37824K)->35604K(37824K)
[2025-10-15T14:50:51.538-0700][1251][info ][gc          ] GC(213) Pause Young (Normal) (G1 Evacuation Pause) 143940M->40097M(184320M) 221.596ms
[2025-10-15T14:50:51.539-0700][1251][info ][gc,cpu      ] GC(213) User=18.72s Sys=0.27s Real=0.23s
[2025-10-15T14:50:51.540-0700][1251][info ][safepoint   ] Safepoint "G1CollectForAllocation", Time since last: 5675548069 ns, Reaching safepoint: 978355 ns, Cleanup: 4757 ns, At safepoint: 224691186 ns, Total: 225674298 ns
[2025-10-15T14:50:52.541-0700][1251][info ][safepoint   ] Safepoint "Cleanup", Time since last: 1000084002 ns, Reaching safepoint: 697202 ns, Cleanup: 11297 ns, At safepoint: 260523 ns, Total: 969022 ns
[2025-10-15T14:50:53.543-0700][1251][info ][safepoint   ] Safepoint "Cleanup", Time since last: 1000108599 ns, Reaching safepoint: 863042 ns, Cleanup: 13119 ns, At safepoint: 364510 ns, Total: 1240671 ns
[2025-10-15T14:50:55.544-0700][1251][info ][safepoint   ] Safepoint "Cleanup", Time since last: 2000163467 ns, Reaching safepoint: 664753 ns, Cleanup: 13009 ns, At safepoint: 178860 ns, Total: 856622 ns
[2025-10-15T14:50:57.661-0700][1251][info ][gc,start    ] GC(214) Pause Young (Normal) (G1 Evacuation Pause)
[2025-10-15T14:50:57.661-0700][1251][info ][gc,task     ] GC(214) Using 113 workers of 113 for evacuation
[2025-10-15T14:50:57.676-0700][1251][debug][gc,remset   ] GC(214) Visited cards 26280960 Total dirty 67567616 (38.90%) Total old 521601024 (5.04%)
[2025-10-15T14:50:57.871-0700][1251][info ][gc,mmu      ] GC(214) MMU target violated: 201.0ms (200.0ms/201.0ms)
[2025-10-15T14:50:57.871-0700][1251][info ][gc,phases   ] GC(214)   Pre Evacuate Collection Set: 0.7ms
[2025-10-15T14:50:57.871-0700][1251][info ][gc,phases   ] GC(214)   Merge Heap Roots: 14.9ms
[2025-10-15T14:50:57.871-0700][1251][info ][gc,phases   ] GC(214)   Evacuate Collection Set: 170.3ms
[2025-10-15T14:50:57.871-0700][1251][info ][gc,phases   ] GC(214)   Post Evacuate Collection Set: 24.7ms
[2025-10-15T14:50:57.871-0700][1251][info ][gc,phases   ] GC(214)   Other: 0.2ms
[2025-10-15T14:50:57.871-0700][1251][debug][gc,remset   ] GC(214) Coarsening (recent): Inline->AoC 502932 (85) AoC->Howl 1110 (154) Howl->Full 0 (0) Inline->AoC 5409 (50) AoC->BitMap 1074 (226) BitMap->Full 0 (0)
[2025-10-15T14:50:57.871-0700][1251][debug][gc,remset   ] GC(214) Coarsening (all): Inline->AoC 81687815 (21275) AoC->Howl 219191 (40954) Howl->Full 0 (0) Inline->AoC 986208 (11488) AoC->BitMap 179407 (37517) BitMap->Full 5 (0)
[2025-10-15T14:50:57.871-0700][1251][info ][gc,heap     ] GC(214) Eden regions: 3249->0(3251)
[2025-10-15T14:50:57.871-0700][1251][info ][gc,heap     ] GC(214) Survivor regions: 207->205(432)
[2025-10-15T14:50:57.871-0700][1251][info ][gc,heap     ] GC(214) Old regions: 1047->1048
[2025-10-15T14:50:57.871-0700][1251][info ][gc,heap     ] GC(214) Humongous regions: 0->0
[2025-10-15T14:50:57.871-0700][1251][info ][gc,metaspace] GC(214) Metaspace: 299619K(304576K)->299619K(304576K) NonClass: 264014K(266752K)->264014K(266752K) Class: 35604K(37824K)->35604K(37824K)
[2025-10-15T14:50:57.871-0700][1251][info ][gc          ] GC(214) Pause Young (Normal) (G1 Evacuation Pause) 144065M->40073M(184320M) 210.928ms
[2025-10-15T14:50:57.873-0700][1251][info ][gc,cpu      ] GC(214) User=17.94s Sys=0.37s Real=0.21s
[2025-10-15T14:50:57.874-0700][1251][info ][safepoint   ] Safepoint "G1CollectForAllocation", Time since last: 2114533439 ns, Reaching safepoint: 1072868 ns, Cleanup: 5788 ns, At safepoint: 214306514 ns, Total: 215385170 ns
[2025-10-15T14:50:59.874-0700][1251][info ][safepoint   ] Safepoint "Cleanup", Time since last: 2000099952 ns, Reaching safepoint: 610290 ns, Cleanup: 18208 ns, At safepoint: 102314 ns, Total: 730812 ns
[2025-10-15T14:51:03.389-0700][1251][info ][gc,start    ] GC(215) Pause Young (Normal) (G1 Evacuation Pause)
[2025-10-15T14:51:03.389-0700][1251][info ][gc,task     ] GC(215) Using 113 workers of 113 for evacuation
[2025-10-15T14:51:03.406-0700][1251][debug][gc,remset   ] GC(215) Visited cards 26376960 Total dirty 67633152 (39.00%) Total old 521666560 (5.06%)
[2025-10-15T14:51:03.610-0700][1251][info ][gc,mmu      ] GC(215) MMU target violated: 201.0ms (200.0ms/201.0ms)
[2025-10-15T14:51:03.610-0700][1251][info ][gc,phases   ] GC(215)   Pre Evacuate Collection Set: 0.8ms
[2025-10-15T14:51:03.610-0700][1251][info ][gc,phases   ] GC(215)   Merge Heap Roots: 15.7ms
[2025-10-15T14:51:03.610-0700][1251][info ][gc,phases   ] GC(215)   Evacuate Collection Set: 182.4ms
[2025-10-15T14:51:03.610-0700][1251][info ][gc,phases   ] GC(215)   Post Evacuate Collection Set: 22.4ms
[2025-10-15T14:51:03.610-0700][1251][info ][gc,phases   ] GC(215)   Other: 0.2ms
[2025-10-15T14:51:03.610-0700][1251][debug][gc,remset   ] GC(215) Coarsening (recent): Inline->AoC 502926 (117) AoC->Howl 1043 (155) Howl->Full 0 (0) Inline->AoC 5056 (42) AoC->BitMap 1052 (243) BitMap->Full 0 (0)
[2025-10-15T14:51:03.610-0700][1251][debug][gc,remset   ] GC(215) Coarsening (all): Inline->AoC 82190741 (21392) AoC->Howl 220234 (41109) Howl->Full 0 (0) Inline->AoC 991264 (11530) AoC->BitMap 180459 (37760) BitMap->Full 5 (0)
[2025-10-15T14:51:03.610-0700][1251][info ][gc,heap     ] GC(215) Eden regions: 3251->0(3266)
[2025-10-15T14:51:03.610-0700][1251][info ][gc,heap     ] GC(215) Survivor regions: 205->190(432)
[2025-10-15T14:51:03.610-0700][1251][info ][gc,heap     ] GC(215) Old regions: 1048->1068
[2025-10-15T14:51:03.610-0700][1251][info ][gc,heap     ] GC(215) Humongous regions: 0->0
[2025-10-15T14:51:03.610-0700][1251][info ][gc,metaspace] GC(215) Metaspace: 299642K(304576K)->299642K(304576K) NonClass: 264037K(266752K)->264037K(266752K) Class: 35604K(37824K)->35604K(37824K)
[2025-10-15T14:51:03.610-0700][1251][info ][gc          ] GC(215) Pause Young (Normal) (G1 Evacuation Pause) 144105M->40229M(184320M) 221.637ms
[2025-10-15T14:51:03.611-0700][1251][info ][gc,cpu      ] GC(215) User=18.54s Sys=0.45s Real=0.22s
[2025-10-15T14:51:03.612-0700][1251][info ][safepoint   ] Safepoint "G1CollectForAllocation", Time since last: 3512193869 ns, Reaching safepoint: 1008131 ns, Cleanup: 4847 ns, At safepoint: 224707130 ns, Total: 225720108 ns
[2025-10-15T14:51:09.460-0700][1251][info ][safepoint   ] Safepoint "Cleanup", Time since last: 5846879007 ns, Reaching safepoint: 626285 ns, Cleanup: 14311 ns, At safepoint: 346903 ns, Total: 987499 ns
[2025-10-15T14:51:09.712-0700][1251][info ][gc,start    ] GC(216) Pause Young (Normal) (G1 Evacuation Pause)
[2025-10-15T14:51:09.712-0700][1251][info ][gc,task     ] GC(216) Using 113 workers of 113 for evacuation
[2025-10-15T14:51:09.727-0700][1251][debug][gc,remset   ] GC(216) Visited cards 25970432 Total dirty 68878336 (37.70%) Total old 522977280 (4.97%)
[2025-10-15T14:51:09.915-0700][1251][info ][gc,mmu      ] GC(216) MMU target violated: 201.0ms (200.0ms/201.0ms)
[2025-10-15T14:51:09.915-0700][1251][info ][gc,phases   ] GC(216)   Pre Evacuate Collection Set: 0.7ms
[2025-10-15T14:51:09.915-0700][1251][info ][gc,phases   ] GC(216)   Merge Heap Roots: 14.5ms
[2025-10-15T14:51:09.915-0700][1251][info ][gc,phases   ] GC(216)   Evacuate Collection Set: 163.2ms
[2025-10-15T14:51:09.915-0700][1251][info ][gc,phases   ] GC(216)   Post Evacuate Collection Set: 24.3ms
[2025-10-15T14:51:09.915-0700][1251][info ][gc,phases   ] GC(216)   Other: 0.2ms
[2025-10-15T14:51:09.915-0700][1251][debug][gc,remset   ] GC(216) Coarsening (recent): Inline->AoC 584570 (102) AoC->Howl 1022 (146) Howl->Full 0 (0) Inline->AoC 5136 (40) AoC->BitMap 971 (213) BitMap->Full 0 (0)
[2025-10-15T14:51:09.915-0700][1251][debug][gc,remset   ] GC(216) Coarsening (all): Inline->AoC 82775311 (21494) AoC->Howl 221256 (41255) Howl->Full 0 (0) Inline->AoC 996400 (11570) AoC->BitMap 181430 (37973) BitMap->Full 5 (0)
[2025-10-15T14:51:09.915-0700][1251][info ][gc,heap     ] GC(216) Eden regions: 3266->0(3272)
[2025-10-15T14:51:09.915-0700][1251][info ][gc,heap     ] GC(216) Survivor regions: 190->184(432)
[2025-10-15T14:51:09.915-0700][1251][info ][gc,heap     ] GC(216) Old regions: 1068->1074
[2025-10-15T14:51:09.915-0700][1251][info ][gc,heap     ] GC(216) Humongous regions: 0->0
[2025-10-15T14:51:09.915-0700][1251][info ][gc,metaspace] GC(216) Metaspace: 299646K(304576K)->299646K(304576K) NonClass: 264041K(266752K)->264041K(266752K) Class: 35604K(37824K)->35604K(37824K)
[2025-10-15T14:51:09.915-0700][1251][info ][gc          ] GC(216) Pause Young (Normal) (G1 Evacuation Pause) 144741M->40230M(184320M) 203.083ms
[2025-10-15T14:51:09.916-0700][1251][info ][gc,cpu      ] GC(216) User=17.09s Sys=0.50s Real=0.20s
[2025-10-15T14:51:09.917-0700][1251][info ][safepoint   ] Safepoint "G1CollectForAllocation", Time since last: 249293952 ns, Reaching safepoint: 1117866 ns, Cleanup: 5268 ns, At safepoint: 206216152 ns, Total: 207339286 ns
[2025-10-15T14:51:15.818-0700][1251][info ][gc,start    ] GC(217) Pause Young (Normal) (G1 Evacuation Pause)
[2025-10-15T14:51:15.818-0700][1251][info ][gc,task     ] GC(217) Using 113 workers of 113 for evacuation
[2025-10-15T14:51:15.833-0700][1251][debug][gc,remset   ] GC(217) Visited cards 25847808 Total dirty 69009408 (37.46%) Total old 523370496 (4.94%)
[2025-10-15T14:51:15.988-0700][1251][info ][gc,phases   ] GC(217)   Pre Evacuate Collection Set: 0.7ms
[2025-10-15T14:51:15.988-0700][1251][info ][gc,phases   ] GC(217)   Merge Heap Roots: 13.9ms
[2025-10-15T14:51:15.988-0700][1251][info ][gc,phases   ] GC(217)   Evacuate Collection Set: 131.0ms
[2025-10-15T14:51:15.988-0700][1251][info ][gc,phases   ] GC(217)   Post Evacuate Collection Set: 24.8ms
[2025-10-15T14:51:15.988-0700][1251][info ][gc,phases   ] GC(217)   Other: 0.2ms
[2025-10-15T14:51:15.988-0700][1251][debug][gc,remset   ] GC(217) Coarsening (recent): Inline->AoC 571867 (121) AoC->Howl 1078 (150) Howl->Full 0 (0) Inline->AoC 5084 (40) AoC->BitMap 904 (199) BitMap->Full 0 (0)
[2025-10-15T14:51:15.988-0700][1251][debug][gc,remset   ] GC(217) Coarsening (all): Inline->AoC 83347178 (21615) AoC->Howl 222334 (41405) Howl->Full 0 (0) Inline->AoC 1001484 (11610) AoC->BitMap 182334 (38172) BitMap->Full 5 (0)
[2025-10-15T14:51:15.989-0700][1251][info ][gc,heap     ] GC(217) Eden regions: 3272->0(3276)
[2025-10-15T14:51:15.989-0700][1251][info ][gc,heap     ] GC(217) Survivor regions: 184->180(432)
[2025-10-15T14:51:15.989-0700][1251][info ][gc,heap     ] GC(217) Old regions: 1074->1077
[2025-10-15T14:51:15.989-0700][1251][info ][gc,heap     ] GC(217) Humongous regions: 0->0
[2025-10-15T14:51:15.989-0700][1251][info ][gc,metaspace] GC(217) Metaspace: 299646K(304576K)->299646K(304576K) NonClass: 264041K(266752K)->264041K(266752K) Class: 35604K(37824K)->35604K(37824K)
[2025-10-15T14:51:15.989-0700][1251][info ][gc          ] GC(217) Pause Young (Normal) (G1 Evacuation Pause) 144934M->40201M(184320M) 170.716ms
[2025-10-15T14:51:15.990-0700][1251][info ][gc,cpu      ] GC(217) User=16.88s Sys=0.42s Real=0.18s
[2025-10-15T14:51:15.991-0700][1251][info ][safepoint   ] Safepoint "G1CollectForAllocation", Time since last: 5898655316 ns, Reaching safepoint: 1288122 ns, Cleanup: 4547 ns, At safepoint: 173919773 ns, Total: 175212442 ns
[2025-10-15T14:51:16.992-0700][1251][info ][safepoint   ] Safepoint "Cleanup", Time since last: 1000081939 ns, Reaching safepoint: 1486743 ns, Cleanup: 13039 ns, At safepoint: 72950 ns, Total: 1572732 ns
[2025-10-15T14:51:21.662-0700][1251][info ][gc,start    ] GC(218) Pause Young (Normal) (G1 Evacuation Pause)
[2025-10-15T14:51:21.662-0700][1251][info ][gc,task     ] GC(218) Using 113 workers of 113 for evacuation
[2025-10-15T14:51:21.677-0700][1251][debug][gc,remset   ] GC(218) Visited cards 25744128 Total dirty 69206016 (37.20%) Total old 523567104 (4.92%)
[2025-10-15T14:51:21.854-0700][1251][info ][gc,phases   ] GC(218)   Pre Evacuate Collection Set: 0.8ms
[2025-10-15T14:51:21.854-0700][1251][info ][gc,phases   ] GC(218)   Merge Heap Roots: 14.7ms
[2025-10-15T14:51:21.854-0700][1251][info ][gc,phases   ] GC(218)   Evacuate Collection Set: 151.9ms
[2025-10-15T14:51:21.854-0700][1251][info ][gc,phases   ] GC(218)   Post Evacuate Collection Set: 24.4ms
[2025-10-15T14:51:21.854-0700][1251][info ][gc,phases   ] GC(218)   Other: 0.2ms
[2025-10-15T14:51:21.854-0700][1251][debug][gc,remset   ] GC(218) Coarsening (recent): Inline->AoC 637430 (110) AoC->Howl 1211 (199) Howl->Full 0 (0) Inline->AoC 5514 (56) AoC->BitMap 1112 (232) BitMap->Full 0 (0)
[2025-10-15T14:51:21.854-0700][1251][debug][gc,remset   ] GC(218) Coarsening (all): Inline->AoC 83984608 (21725) AoC->Howl 223545 (41604) Howl->Full 0 (0) Inline->AoC 1006998 (11666) AoC->BitMap 183446 (38404) BitMap->Full 5 (0)
[2025-10-15T14:51:21.854-0700][1251][info ][gc,heap     ] GC(218) Eden regions: 3276->0(3277)
[2025-10-15T14:51:21.854-0700][1251][info ][gc,heap     ] GC(218) Survivor regions: 180->179(432)
[2025-10-15T14:51:21.854-0700][1251][info ][gc,heap     ] GC(218) Old regions: 1077->1079
[2025-10-15T14:51:21.854-0700][1251][info ][gc,heap     ] GC(218) Humongous regions: 0->0
[2025-10-15T14:51:21.854-0700][1251][info ][gc,metaspace] GC(218) Metaspace: 299646K(304576K)->299646K(304576K) NonClass: 264041K(266752K)->264041K(266752K) Class: 35604K(37824K)->35604K(37824K)
[2025-10-15T14:51:21.854-0700][1251][info ][gc          ] GC(218) Pause Young (Normal) (G1 Evacuation Pause) 145033M->40226M(184320M) 192.129ms
[2025-10-15T14:51:21.855-0700][1251][info ][gc,cpu      ] GC(218) User=16.67s Sys=0.38s Real=0.19s
[2025-10-15T14:51:21.856-0700][1251][info ][safepoint   ] Safepoint "G1CollectForAllocation", Time since last: 4667265231 ns, Reaching safepoint: 1051206 ns, Cleanup: 5127 ns, At safepoint: 195293109 ns, Total: 196349442 ns
[2025-10-15T14:51:24.857-0700][1251][info ][safepoint   ] Safepoint "Cleanup", Time since last: 3000201742 ns, Reaching safepoint: 761649 ns, Cleanup: 12619 ns, At safepoint: 169315 ns, Total: 943583 ns
[2025-10-15T14:51:28.100-0700][1251][info ][gc,start    ] GC(219) Pause Young (Normal) (G1 Evacuation Pause)
[2025-10-15T14:51:28.100-0700][1251][info ][gc,task     ] GC(219) Using 113 workers of 113 for evacuation
[2025-10-15T14:51:28.116-0700][1251][debug][gc,remset   ] GC(219) Visited cards 25811456 Total dirty 69468160 (37.16%) Total old 523698176 (4.93%)
[2025-10-15T14:51:28.294-0700][1251][info ][gc,phases   ] GC(219)   Pre Evacuate Collection Set: 0.7ms
[2025-10-15T14:51:28.294-0700][1251][info ][gc,phases   ] GC(219)   Merge Heap Roots: 14.6ms
[2025-10-15T14:51:28.294-0700][1251][info ][gc,phases   ] GC(219)   Evacuate Collection Set: 151.6ms
[2025-10-15T14:51:28.294-0700][1251][info ][gc,phases   ] GC(219)   Post Evacuate Collection Set: 26.3ms
[2025-10-15T14:51:28.294-0700][1251][info ][gc,phases   ] GC(219)   Other: 0.2ms
[2025-10-15T14:51:28.294-0700][1251][debug][gc,remset   ] GC(219) Coarsening (recent): Inline->AoC 548529 (95) AoC->Howl 1247 (175) Howl->Full 0 (0) Inline->AoC 5974 (54) AoC->BitMap 1051 (218) BitMap->Full 0 (0)
[2025-10-15T14:51:28.294-0700][1251][debug][gc,remset   ] GC(219) Coarsening (all): Inline->AoC 84533137 (21820) AoC->Howl 224792 (41779) Howl->Full 0 (0) Inline->AoC 1012972 (11720) AoC->BitMap 184497 (38622) BitMap->Full 5 (0)
[2025-10-15T14:51:28.294-0700][1251][info ][gc,heap     ] GC(219) Eden regions: 3277->0(3275)
[2025-10-15T14:51:28.294-0700][1251][info ][gc,heap     ] GC(219) Survivor regions: 179->181(432)
[2025-10-15T14:51:28.294-0700][1251][info ][gc,heap     ] GC(219) Old regions: 1079->1081
[2025-10-15T14:51:28.294-0700][1251][info ][gc,heap     ] GC(219) Humongous regions: 0->0
[2025-10-15T14:51:28.294-0700][1251][info ][gc,metaspace] GC(219) Metaspace: 299659K(304576K)->299659K(304576K) NonClass: 264054K(266752K)->264054K(266752K) Class: 35604K(37824K)->35604K(37824K)
[2025-10-15T14:51:28.294-0700][1251][info ][gc          ] GC(219) Pause Young (Normal) (G1 Evacuation Pause) 145090M->40351M(184320M) 193.702ms
[2025-10-15T14:51:28.295-0700][1251][info ][gc,cpu      ] GC(219) User=16.55s Sys=0.38s Real=0.19s
[2025-10-15T14:51:28.296-0700][1251][info ][safepoint   ] Safepoint "G1CollectForAllocation", Time since last: 3241098822 ns, Reaching safepoint: 910794 ns, Cleanup: 5138 ns, At safepoint: 197199660 ns, Total: 198115592 ns
[2025-10-15T14:51:33.917-0700][1251][info ][gc,start    ] GC(220) Pause Young (Normal) (G1 Evacuation Pause)
[2025-10-15T14:51:33.917-0700][1251][info ][gc,task     ] GC(220) Using 113 workers of 113 for evacuation
[2025-10-15T14:51:33.933-0700][1251][debug][gc,remset   ] GC(220) Visited cards 25715968 Total dirty 69533696 (36.98%) Total old 523829248 (4.91%)
[2025-10-15T14:51:34.118-0700][1251][info ][gc,mmu      ] GC(220) MMU target violated: 200.6ms (200.0ms/201.0ms)
[2025-10-15T14:51:34.118-0700][1251][info ][gc,phases   ] GC(220)   Pre Evacuate Collection Set: 0.7ms
[2025-10-15T14:51:34.118-0700][1251][info ][gc,phases   ] GC(220)   Merge Heap Roots: 14.9ms
[2025-10-15T14:51:34.118-0700][1251][info ][gc,phases   ] GC(220)   Evacuate Collection Set: 159.5ms
[2025-10-15T14:51:34.118-0700][1251][info ][gc,phases   ] GC(220)   Post Evacuate Collection Set: 25.3ms
[2025-10-15T14:51:34.118-0700][1251][info ][gc,phases   ] GC(220)   Other: 0.2ms
[2025-10-15T14:51:34.118-0700][1251][debug][gc,remset   ] GC(220) Coarsening (recent): Inline->AoC 565970 (111) AoC->Howl 1008 (115) Howl->Full 0 (0) Inline->AoC 4781 (38) AoC->BitMap 824 (171) BitMap->Full 0 (0)
[2025-10-15T14:51:34.118-0700][1251][debug][gc,remset   ] GC(220) Coarsening (all): Inline->AoC 85099107 (21931) AoC->Howl 225800 (41894) Howl->Full 0 (0) Inline->AoC 1017753 (11758) AoC->BitMap 185321 (38793) BitMap->Full 5 (0)
[2025-10-15T14:51:34.118-0700][1251][info ][gc,heap     ] GC(220) Eden regions: 3275->0(3280)
[2025-10-15T14:51:34.118-0700][1251][info ][gc,heap     ] GC(220) Survivor regions: 181->176(432)
[2025-10-15T14:51:34.118-0700][1251][info ][gc,heap     ] GC(220) Old regions: 1081->1085
[2025-10-15T14:51:34.118-0700][1251][info ][gc,heap     ] GC(220) Humongous regions: 0->0
[2025-10-15T14:51:34.118-0700][1251][info ][gc,metaspace] GC(220) Metaspace: 299659K(304576K)->299659K(304576K) NonClass: 264055K(266752K)->264055K(266752K) Class: 35604K(37824K)->35604K(37824K)
[2025-10-15T14:51:34.118-0700][1251][info ][gc          ] GC(220) Pause Young (Normal) (G1 Evacuation Pause) 145151M->40317M(184320M) 200.894ms
[2025-10-15T14:51:34.119-0700][1251][info ][gc,cpu      ] GC(220) User=17.15s Sys=0.29s Real=0.21s
[2025-10-15T14:51:34.120-0700][1251][info ][safepoint   ] Safepoint "G1CollectForAllocation", Time since last: 5617807467 ns, Reaching safepoint: 1559973 ns, Cleanup: 5719 ns, At safepoint: 203999095 ns, Total: 205564787 ns
[2025-10-15T14:51:36.122-0700][1251][info ][safepoint   ] Safepoint "Cleanup", Time since last: 2000147753 ns, Reaching safepoint: 1567104 ns, Cleanup: 10195 ns, At safepoint: 281906 ns, Total: 1859205 ns
[2025-10-15T14:51:40.269-0700][1251][info ][gc,start    ] GC(221) Pause Young (Normal) (G1 Evacuation Pause)
[2025-10-15T14:51:40.269-0700][1251][info ][gc,task     ] GC(221) Using 113 workers of 113 for evacuation
[2025-10-15T14:51:40.285-0700][1251][debug][gc,remset   ] GC(221) Visited cards 24801280 Total dirty 69992448 (35.43%) Total old 524091392 (4.73%)
[2025-10-15T14:51:40.465-0700][1251][info ][gc,phases   ] GC(221)   Pre Evacuate Collection Set: 0.7ms
[2025-10-15T14:51:40.465-0700][1251][info ][gc,phases   ] GC(221)   Merge Heap Roots: 14.9ms
[2025-10-15T14:51:40.465-0700][1251][info ][gc,phases   ] GC(221)   Evacuate Collection Set: 154.6ms
[2025-10-15T14:51:40.465-0700][1251][info ][gc,phases   ] GC(221)   Post Evacuate Collection Set: 24.8ms
[2025-10-15T14:51:40.465-0700][1251][info ][gc,phases   ] GC(221)   Other: 0.2ms
[2025-10-15T14:51:40.465-0700][1251][debug][gc,remset   ] GC(221) Coarsening (recent): Inline->AoC 592763 (119) AoC->Howl 1131 (162) Howl->Full 0 (0) Inline->AoC 5246 (43) AoC->BitMap 1111 (228) BitMap->Full 0 (0)
[2025-10-15T14:51:40.465-0700][1251][debug][gc,remset   ] GC(221) Coarsening (all): Inline->AoC 85691870 (22050) AoC->Howl 226931 (42056) Howl->Full 0 (0) Inline->AoC 1022999 (11801) AoC->BitMap 186432 (39021) BitMap->Full 5 (0)
[2025-10-15T14:51:40.465-0700][1251][info ][gc,heap     ] GC(221) Eden regions: 3280->0(3282)
[2025-10-15T14:51:40.465-0700][1251][info ][gc,heap     ] GC(221) Survivor regions: 176->174(432)
[2025-10-15T14:51:40.465-0700][1251][info ][gc,heap     ] GC(221) Old regions: 1085->1086
[2025-10-15T14:51:40.465-0700][1251][info ][gc,heap     ] GC(221) Humongous regions: 0->0
[2025-10-15T14:51:40.465-0700][1251][info ][gc,metaspace] GC(221) Metaspace: 299659K(304576K)->299659K(304576K) NonClass: 264055K(266752K)->264055K(266752K) Class: 35604K(37824K)->35604K(37824K)
[2025-10-15T14:51:40.465-0700][1251][info ][gc          ] GC(221) Pause Young (Normal) (G1 Evacuation Pause) 145277M->40298M(184320M) 195.363ms
[2025-10-15T14:51:40.466-0700][1251][info ][gc,cpu      ] GC(221) User=16.59s Sys=0.41s Real=0.19s
[2025-10-15T14:51:40.467-0700][1251][info ][safepoint   ] Safepoint "G1CollectForAllocation", Time since last: 4145167549 ns, Reaching safepoint: 1280211 ns, Cleanup: 5408 ns, At safepoint: 198630829 ns, Total: 199916448 ns
[2025-10-15T14:51:41.468-0700][1251][info ][safepoint   ] Safepoint "Cleanup", Time since last: 1000083376 ns, Reaching safepoint: 628858 ns, Cleanup: 10316 ns, At safepoint: 166751 ns, Total: 805925 ns
[2025-10-15T14:51:44.469-0700][1251][info ][safepoint   ] Safepoint "Cleanup", Time since last: 3000224879 ns, Reaching safepoint: 971305 ns, Cleanup: 14482 ns, At safepoint: 155335 ns, Total: 1141122 ns
[2025-10-15T14:51:46.002-0700][1251][info ][gc,start    ] GC(222) Pause Young (Normal) (G1 Evacuation Pause)
[2025-10-15T14:51:46.002-0700][1251][info ][gc,task     ] GC(222) Using 113 workers of 113 for evacuation
[2025-10-15T14:51:46.018-0700][1251][debug][gc,remset   ] GC(222) Visited cards 24718848 Total dirty 70057984 (35.28%) Total old 524156928 (4.72%)
[2025-10-15T14:51:46.197-0700][1251][info ][gc,phases   ] GC(222)   Pre Evacuate Collection Set: 0.8ms
[2025-10-15T14:51:46.197-0700][1251][info ][gc,phases   ] GC(222)   Merge Heap Roots: 15.3ms
[2025-10-15T14:51:46.197-0700][1251][info ][gc,phases   ] GC(222)   Evacuate Collection Set: 155.5ms
[2025-10-15T14:51:46.197-0700][1251][info ][gc,phases   ] GC(222)   Post Evacuate Collection Set: 23.1ms
[2025-10-15T14:51:46.197-0700][1251][info ][gc,phases   ] GC(222)   Other: 0.2ms
[2025-10-15T14:51:46.197-0700][1251][debug][gc,remset   ] GC(222) Coarsening (recent): Inline->AoC 494421 (134) AoC->Howl 1048 (132) Howl->Full 0 (0) Inline->AoC 4803 (40) AoC->BitMap 786 (168) BitMap->Full 0 (0)
[2025-10-15T14:51:46.197-0700][1251][debug][gc,remset   ] GC(222) Coarsening (all): Inline->AoC 86186291 (22184) AoC->Howl 227979 (42188) Howl->Full 0 (0) Inline->AoC 1027802 (11841) AoC->BitMap 187218 (39189) BitMap->Full 5 (0)
[2025-10-15T14:51:46.197-0700][1251][info ][gc,heap     ] GC(222) Eden regions: 3282->0(3281)
[2025-10-15T14:51:46.197-0700][1251][info ][gc,heap     ] GC(222) Survivor regions: 174->175(432)
[2025-10-15T14:51:46.197-0700][1251][info ][gc,heap     ] GC(222) Old regions: 1086->1088
[2025-10-15T14:51:46.197-0700][1251][info ][gc,heap     ] GC(222) Humongous regions: 0->0
[2025-10-15T14:51:46.197-0700][1251][info ][gc,metaspace] GC(222) Metaspace: 299659K(304576K)->299659K(304576K) NonClass: 264055K(266752K)->264055K(266752K) Class: 35604K(37824K)->35604K(37824K)
[2025-10-15T14:51:46.197-0700][1251][info ][gc          ] GC(222) Pause Young (Normal) (G1 Evacuation Pause) 145322M->40370M(184320M) 195.115ms
[2025-10-15T14:51:46.198-0700][1251][info ][gc,cpu      ] GC(222) User=16.52s Sys=0.47s Real=0.19s
[2025-10-15T14:51:46.199-0700][1251][info ][safepoint   ] Safepoint "G1CollectForAllocation", Time since last: 1530426292 ns, Reaching safepoint: 1132599 ns, Cleanup: 6389 ns, At safepoint: 198377387 ns, Total: 199516375 ns
[2025-10-15T14:51:48.200-0700][1251][info ][safepoint   ] Safepoint "Cleanup", Time since last: 2000149135 ns, Reaching safepoint: 597641 ns, Cleanup: 9985 ns, At safepoint: 144258 ns, Total: 751884 ns
[2025-10-15T14:51:51.993-0700][1251][info ][gc,start    ] GC(223) Pause Young (Normal) (G1 Evacuation Pause)
[2025-10-15T14:51:51.993-0700][1251][info ][gc,task     ] GC(223) Using 113 workers of 113 for evacuation
[2025-10-15T14:51:52.008-0700][1251][debug][gc,remset   ] GC(223) Visited cards 25032192 Total dirty 69926912 (35.80%) Total old 524288000 (4.77%)
[2025-10-15T14:51:52.176-0700][1251][info ][gc,phases   ] GC(223)   Pre Evacuate Collection Set: 0.7ms
[2025-10-15T14:51:52.176-0700][1251][info ][gc,phases   ] GC(223)   Merge Heap Roots: 14.9ms
[2025-10-15T14:51:52.176-0700][1251][info ][gc,phases   ] GC(223)   Evacuate Collection Set: 144.6ms
[2025-10-15T14:51:52.176-0700][1251][info ][gc,phases   ] GC(223)   Post Evacuate Collection Set: 22.8ms
[2025-10-15T14:51:52.176-0700][1251][info ][gc,phases   ] GC(223)   Other: 0.1ms
[2025-10-15T14:51:52.176-0700][1251][debug][gc,remset   ] GC(223) Coarsening (recent): Inline->AoC 630635 (94) AoC->Howl 1163 (189) Howl->Full 0 (0) Inline->AoC 5317 (63) AoC->BitMap 1127 (238) BitMap->Full 0 (0)
[2025-10-15T14:51:52.176-0700][1251][debug][gc,remset   ] GC(223) Coarsening (all): Inline->AoC 86816926 (22278) AoC->Howl 229142 (42377) Howl->Full 0 (0) Inline->AoC 1033119 (11904) AoC->BitMap 188345 (39427) BitMap->Full 5 (0)
[2025-10-15T14:51:52.176-0700][1251][info ][gc,heap     ] GC(223) Eden regions: 3281->0(3276)
[2025-10-15T14:51:52.176-0700][1251][info ][gc,heap     ] GC(223) Survivor regions: 175->180(432)
[2025-10-15T14:51:52.176-0700][1251][info ][gc,heap     ] GC(223) Old regions: 1088->1089
[2025-10-15T14:51:52.176-0700][1251][info ][gc,heap     ] GC(223) Humongous regions: 0->0
[2025-10-15T14:51:52.176-0700][1251][info ][gc,metaspace] GC(223) Metaspace: 299666K(304576K)->299666K(304576K) NonClass: 264061K(266752K)->264061K(266752K) Class: 35604K(37824K)->35604K(37824K)
[2025-10-15T14:51:52.176-0700][1251][info ][gc          ] GC(223) Pause Young (Normal) (G1 Evacuation Pause) 145362M->40585M(184320M) 183.219ms
[2025-10-15T14:51:52.177-0700][1251][info ][gc,cpu      ] GC(223) User=16.41s Sys=0.45s Real=0.18s
[2025-10-15T14:51:52.178-0700][1251][info ][safepoint   ] Safepoint "G1CollectForAllocation", Time since last: 3790902864 ns, Reaching safepoint: 652695 ns, Cleanup: 33040 ns, At safepoint: 186481183 ns, Total: 187166918 ns
[2025-10-15T14:51:53.182-0700][1251][info ][safepoint   ] Safepoint "Cleanup", Time since last: 1000084998 ns, Reaching safepoint: 3878500 ns, Cleanup: 53190 ns, At safepoint: 288456 ns, Total: 4220146 ns
[2025-10-15T14:51:54.183-0700][1251][info ][safepoint   ] Safepoint "Cleanup", Time since last: 1000126340 ns, Reaching safepoint: 754618 ns, Cleanup: 18518 ns, At safepoint: 206081 ns, Total: 979217 ns
[2025-10-15T14:51:55.185-0700][1251][info ][safepoint   ] Safepoint "Cleanup", Time since last: 1000108003 ns, Reaching safepoint: 844794 ns, Cleanup: 16175 ns, At safepoint: 606524 ns, Total: 1467493 ns
[2025-10-15T14:51:56.187-0700][1251][info ][safepoint   ] Safepoint "Cleanup", Time since last: 1000116506 ns, Reaching safepoint: 970334 ns, Cleanup: 37026 ns, At safepoint: 641177 ns, Total: 1648537 ns
[2025-10-15T14:51:57.189-0700][1251][info ][safepoint   ] Safepoint "Cleanup", Time since last: 1000117086 ns, Reaching safepoint: 1085117 ns, Cleanup: 65058 ns, At safepoint: 704693 ns, Total: 1854868 ns
[2025-10-15T14:51:58.197-0700][1251][info ][gc,start    ] GC(224) Pause Young (Normal) (G1 Evacuation Pause)
[2025-10-15T14:51:58.197-0700][1251][info ][gc,task     ] GC(224) Using 113 workers of 113 for evacuation
[2025-10-15T14:51:58.213-0700][1251][debug][gc,remset   ] GC(224) Visited cards 25417472 Total dirty 70451200 (36.08%) Total old 524419072 (4.85%)
[2025-10-15T14:51:58.395-0700][1251][info ][gc,phases   ] GC(224)   Pre Evacuate Collection Set: 0.9ms
[2025-10-15T14:51:58.395-0700][1251][info ][gc,phases   ] GC(224)   Merge Heap Roots: 15.4ms
[2025-10-15T14:51:58.395-0700][1251][info ][gc,phases   ] GC(224)   Evacuate Collection Set: 157.6ms
[2025-10-15T14:51:58.395-0700][1251][info ][gc,phases   ] GC(224)   Post Evacuate Collection Set: 24.1ms
[2025-10-15T14:51:58.395-0700][1251][info ][gc,phases   ] GC(224)   Other: 0.2ms
[2025-10-15T14:51:58.395-0700][1251][debug][gc,remset   ] GC(224) Coarsening (recent): Inline->AoC 564487 (102) AoC->Howl 1162 (135) Howl->Full 0 (0) Inline->AoC 5537 (42) AoC->BitMap 880 (168) BitMap->Full 0 (0)
[2025-10-15T14:51:58.395-0700][1251][debug][gc,remset   ] GC(224) Coarsening (all): Inline->AoC 87381413 (22380) AoC->Howl 230304 (42512) Howl->Full 0 (0) Inline->AoC 1038656 (11946) AoC->BitMap 189225 (39595) BitMap->Full 5 (0)
[2025-10-15T14:51:58.395-0700][1251][info ][gc,heap     ] GC(224) Eden regions: 3276->0(3271)
[2025-10-15T14:51:58.395-0700][1251][info ][gc,heap     ] GC(224) Survivor regions: 180->185(432)
[2025-10-15T14:51:58.395-0700][1251][info ][gc,heap     ] GC(224) Old regions: 1089->1090
[2025-10-15T14:51:58.395-0700][1251][info ][gc,heap     ] GC(224) Humongous regions: 1->0
[2025-10-15T14:51:58.395-0700][1251][info ][gc,metaspace] GC(224) Metaspace: 299732K(304640K)->299732K(304640K) NonClass: 264124K(266816K)->264124K(266816K) Class: 35607K(37824K)->35607K(37824K)
[2025-10-15T14:51:58.395-0700][1251][info ][gc          ] GC(224) Pause Young (Normal) (G1 Evacuation Pause) 145449M->40775M(184320M) 198.254ms
[2025-10-15T14:51:58.396-0700][1251][info ][gc,cpu      ] GC(224) User=16.77s Sys=0.47s Real=0.20s
[2025-10-15T14:51:58.397-0700][1251][info ][safepoint   ] Safepoint "G1CollectForAllocation", Time since last: 1006142054 ns, Reaching safepoint: 949212 ns, Cleanup: 4697 ns, At safepoint: 201543272 ns, Total: 202497181 ns
[2025-10-15T14:52:00.399-0700][1251][info ][safepoint   ] Safepoint "Cleanup", Time since last: 2000141173 ns, Reaching safepoint: 761148 ns, Cleanup: 19730 ns, At safepoint: 217548 ns, Total: 998426 ns
[2025-10-15T14:52:01.400-0700][1251][info ][safepoint   ] Safepoint "Cleanup", Time since last: 1000102494 ns, Reaching safepoint: 736441 ns, Cleanup: 31207 ns, At safepoint: 341375 ns, Total: 1109023 ns
[2025-10-15T14:52:02.401-0700][1251][info ][safepoint   ] Safepoint "Cleanup", Time since last: 1000103116 ns, Reaching safepoint: 744713 ns, Cleanup: 16064 ns, At safepoint: 414656 ns, Total: 1175433 ns
[2025-10-15T14:52:03.956-0700][1251][info ][gc,start    ] GC(225) Pause Young (Normal) (G1 Evacuation Pause)
[2025-10-15T14:52:03.956-0700][1251][info ][gc,task     ] GC(225) Using 113 workers of 113 for evacuation
[2025-10-15T14:52:03.970-0700][1251][debug][gc,remset   ] GC(225) Visited cards 25353216 Total dirty 70123520 (36.16%) Total old 524419072 (4.83%)
[2025-10-15T14:52:04.159-0700][1251][info ][gc,mmu      ] GC(225) MMU target violated: 201.0ms (200.0ms/201.0ms)
[2025-10-15T14:52:04.160-0700][1251][info ][gc,phases   ] GC(225)   Pre Evacuate Collection Set: 0.8ms
[2025-10-15T14:52:04.160-0700][1251][info ][gc,phases   ] GC(225)   Merge Heap Roots: 14.0ms
[2025-10-15T14:52:04.160-0700][1251][info ][gc,phases   ] GC(225)   Evacuate Collection Set: 164.4ms
[2025-10-15T14:52:04.160-0700][1251][info ][gc,phases   ] GC(225)   Post Evacuate Collection Set: 24.7ms
[2025-10-15T14:52:04.160-0700][1251][info ][gc,phases   ] GC(225)   Other: 0.2ms
[2025-10-15T14:52:04.160-0700][1251][debug][gc,remset   ] GC(225) Coarsening (recent): Inline->AoC 537440 (91) AoC->Howl 1091 (138) Howl->Full 0 (0) Inline->AoC 5121 (30) AoC->BitMap 703 (153) BitMap->Full 0 (0)
[2025-10-15T14:52:04.160-0700][1251][debug][gc,remset   ] GC(225) Coarsening (all): Inline->AoC 87918853 (22471) AoC->Howl 231395 (42650) Howl->Full 0 (0) Inline->AoC 1043777 (11976) AoC->BitMap 189928 (39748) BitMap->Full 5 (0)
[2025-10-15T14:52:04.160-0700][1251][info ][gc,heap     ] GC(225) Eden regions: 3271->0(3271)
[2025-10-15T14:52:04.160-0700][1251][info ][gc,heap     ] GC(225) Survivor regions: 185->185(432)
[2025-10-15T14:52:04.160-0700][1251][info ][gc,heap     ] GC(225) Old regions: 1090->1092
[2025-10-15T14:52:04.160-0700][1251][info ][gc,heap     ] GC(225) Humongous regions: 0->0
[2025-10-15T14:52:04.160-0700][1251][info ][gc,metaspace] GC(225) Metaspace: 299733K(304640K)->299733K(304640K) NonClass: 264126K(266816K)->264126K(266816K) Class: 35607K(37824K)->35607K(37824K)
[2025-10-15T14:52:04.160-0700][1251][info ][gc          ] GC(225) Pause Young (Normal) (G1 Evacuation Pause) 145447M->40833M(184320M) 204.147ms
[2025-10-15T14:52:04.161-0700][1251][info ][gc,cpu      ] GC(225) User=17.29s Sys=0.39s Real=0.21s
[2025-10-15T14:52:04.162-0700][1251][info ][safepoint   ] Safepoint "G1CollectForAllocation", Time since last: 1552457492 ns, Reaching safepoint: 921480 ns, Cleanup: 4567 ns, At safepoint: 207520247 ns, Total: 208446294 ns
[2025-10-15T14:52:10.262-0700][1251][info ][gc,start    ] GC(226) Pause Young (Normal) (G1 Evacuation Pause)
[2025-10-15T14:52:10.262-0700][1251][info ][gc,task     ] GC(226) Using 113 workers of 113 for evacuation
[2025-10-15T14:52:10.277-0700][1251][debug][gc,remset   ] GC(226) Visited cards 24614400 Total dirty 70254592 (35.04%) Total old 524550144 (4.69%)
[2025-10-15T14:52:10.466-0700][1251][info ][gc,mmu      ] GC(226) MMU target violated: 201.0ms (200.0ms/201.0ms)
[2025-10-15T14:52:10.466-0700][1251][info ][gc,phases   ] GC(226)   Pre Evacuate Collection Set: 0.7ms
[2025-10-15T14:52:10.466-0700][1251][info ][gc,phases   ] GC(226)   Merge Heap Roots: 13.8ms
[2025-10-15T14:52:10.466-0700][1251][info ][gc,phases   ] GC(226)   Evacuate Collection Set: 164.1ms
[2025-10-15T14:52:10.466-0700][1251][info ][gc,phases   ] GC(226)   Post Evacuate Collection Set: 24.9ms
[2025-10-15T14:52:10.466-0700][1251][info ][gc,phases   ] GC(226)   Other: 0.2ms
[2025-10-15T14:52:10.466-0700][1251][debug][gc,remset   ] GC(226) Coarsening (recent): Inline->AoC 592646 (100) AoC->Howl 1177 (158) Howl->Full 0 (0) Inline->AoC 5367 (50) AoC->BitMap 878 (156) BitMap->Full 0 (0)
[2025-10-15T14:52:10.466-0700][1251][debug][gc,remset   ] GC(226) Coarsening (all): Inline->AoC 88511499 (22571) AoC->Howl 232572 (42808) Howl->Full 0 (0) Inline->AoC 1049144 (12026) AoC->BitMap 190806 (39904) BitMap->Full 5 (0)
[2025-10-15T14:52:10.466-0700][1251][info ][gc,heap     ] GC(226) Eden regions: 3271->0(3270)
[2025-10-15T14:52:10.466-0700][1251][info ][gc,heap     ] GC(226) Survivor regions: 185->186(432)
[2025-10-15T14:52:10.466-0700][1251][info ][gc,heap     ] GC(226) Old regions: 1092->1093
[2025-10-15T14:52:10.466-0700][1251][info ][gc,heap     ] GC(226) Humongous regions: 0->0
[2025-10-15T14:52:10.466-0700][1251][info ][gc,metaspace] GC(226) Metaspace: 299733K(304640K)->299733K(304640K) NonClass: 264126K(266816K)->264126K(266816K) Class: 35607K(37824K)->35607K(37824K)
[2025-10-15T14:52:10.466-0700][1251][info ][gc          ] GC(226) Pause Young (Normal) (G1 Evacuation Pause) 145505M->40898M(184320M) 203.887ms
[2025-10-15T14:52:10.467-0700][1251][info ][gc,cpu      ] GC(226) User=17.06s Sys=0.49s Real=0.20s
[2025-10-15T14:52:10.468-0700][1251][info ][safepoint   ] Safepoint "G1CollectForAllocation", Time since last: 6098349666 ns, Reaching safepoint: 767487 ns, Cleanup: 6991 ns, At safepoint: 207155832 ns, Total: 207930310 ns
[2025-10-15T14:52:11.469-0700][1251][info ][safepoint   ] Safepoint "Cleanup", Time since last: 1000058099 ns, Reaching safepoint: 686996 ns, Cleanup: 13040 ns, At safepoint: 205330 ns, Total: 905366 ns
[2025-10-15T14:52:12.470-0700][1251][info ][safepoint   ] Safepoint "Cleanup", Time since last: 1000115847 ns, Reaching safepoint: 851734 ns, Cleanup: 10005 ns, At safepoint: 191990 ns, Total: 1053729 ns
[2025-10-15T14:52:16.155-0700][1251][info ][gc,start    ] GC(227) Pause Young (Normal) (G1 Evacuation Pause)
[2025-10-15T14:52:16.155-0700][1251][info ][gc,task     ] GC(227) Using 113 workers of 113 for evacuation
[2025-10-15T14:52:16.170-0700][1251][debug][gc,remset   ] GC(227) Visited cards 25244672 Total dirty 70189056 (35.97%) Total old 524615680 (4.81%)
[2025-10-15T14:52:16.330-0700][1251][info ][gc,phases   ] GC(227)   Pre Evacuate Collection Set: 0.7ms
[2025-10-15T14:52:16.330-0700][1251][info ][gc,phases   ] GC(227)   Merge Heap Roots: 14.7ms
[2025-10-15T14:52:16.330-0700][1251][info ][gc,phases   ] GC(227)   Evacuate Collection Set: 134.0ms
[2025-10-15T14:52:16.330-0700][1251][info ][gc,phases   ] GC(227)   Post Evacuate Collection Set: 25.4ms
[2025-10-15T14:52:16.330-0700][1251][info ][gc,phases   ] GC(227)   Other: 0.2ms
[2025-10-15T14:52:16.330-0700][1251][debug][gc,remset   ] GC(227) Coarsening (recent): Inline->AoC 580064 (100) AoC->Howl 1096 (142) Howl->Full 0 (0) Inline->AoC 5097 (45) AoC->BitMap 747 (142) BitMap->Full 0 (0)
[2025-10-15T14:52:16.330-0700][1251][debug][gc,remset   ] GC(227) Coarsening (all): Inline->AoC 89091563 (22671) AoC->Howl 233668 (42950) Howl->Full 0 (0) Inline->AoC 1054241 (12071) AoC->BitMap 191553 (40046) BitMap->Full 5 (0)
[2025-10-15T14:52:16.330-0700][1251][info ][gc,heap     ] GC(227) Eden regions: 3270->0(3274)
[2025-10-15T14:52:16.330-0700][1251][info ][gc,heap     ] GC(227) Survivor regions: 186->182(432)
[2025-10-15T14:52:16.330-0700][1251][info ][gc,heap     ] GC(227) Old regions: 1093->1094
[2025-10-15T14:52:16.330-0700][1251][info ][gc,heap     ] GC(227) Humongous regions: 0->0
[2025-10-15T14:52:16.330-0700][1251][info ][gc,metaspace] GC(227) Metaspace: 299733K(304640K)->299733K(304640K) NonClass: 264126K(266816K)->264126K(266816K) Class: 35607K(37824K)->35607K(37824K)
[2025-10-15T14:52:16.330-0700][1251][info ][gc          ] GC(227) Pause Young (Normal) (G1 Evacuation Pause) 145538M->40830M(184320M) 175.134ms
[2025-10-15T14:52:16.331-0700][1251][info ][gc,cpu      ] GC(227) User=17.26s Sys=0.28s Real=0.18s
[2025-10-15T14:52:16.332-0700][1251][info ][safepoint   ] Safepoint "G1CollectForAllocation", Time since last: 3682521294 ns, Reaching safepoint: 760187 ns, Cleanup: 4507 ns, At safepoint: 178232734 ns, Total: 178997428 ns
[2025-10-15T14:52:19.333-0700][1251][info ][safepoint   ] Safepoint "Cleanup", Time since last: 3000219948 ns, Reaching safepoint: 800067 ns, Cleanup: 9714 ns, At safepoint: 129195 ns, Total: 938976 ns
[2025-10-15T14:52:20.334-0700][1251][info ][safepoint   ] Safepoint "Cleanup", Time since last: 1000103749 ns, Reaching safepoint: 807127 ns, Cleanup: 12489 ns, At safepoint: 173722 ns, Total: 993338 ns
[2025-10-15T14:52:21.335-0700][1251][info ][safepoint   ] Safepoint "Cleanup", Time since last: 1000092522 ns, Reaching safepoint: 726886 ns, Cleanup: 10866 ns, At safepoint: 411731 ns, Total: 1149483 ns
[2025-10-15T14:52:22.146-0700][1251][info ][gc,start    ] GC(228) Pause Young (Normal) (G1 Evacuation Pause)
[2025-10-15T14:52:22.146-0700][1251][info ][gc,task     ] GC(228) Using 113 workers of 113 for evacuation
[2025-10-15T14:52:22.162-0700][1251][debug][gc,remset   ] GC(228) Visited cards 24705536 Total dirty 70320128 (35.13%) Total old 524681216 (4.71%)
[2025-10-15T14:52:22.353-0700][1251][info ][gc,mmu      ] GC(228) MMU target violated: 201.0ms (200.0ms/201.0ms)
[2025-10-15T14:52:22.353-0700][1251][info ][gc,phases   ] GC(228)   Pre Evacuate Collection Set: 0.8ms
[2025-10-15T14:52:22.353-0700][1251][info ][gc,phases   ] GC(228)   Merge Heap Roots: 14.9ms
[2025-10-15T14:52:22.353-0700][1251][info ][gc,phases   ] GC(228)   Evacuate Collection Set: 165.8ms
[2025-10-15T14:52:22.353-0700][1251][info ][gc,phases   ] GC(228)   Post Evacuate Collection Set: 25.9ms
[2025-10-15T14:52:22.354-0700][1251][info ][gc,phases   ] GC(228)   Other: 0.2ms
[2025-10-15T14:52:22.354-0700][1251][debug][gc,remset   ] GC(228) Coarsening (recent): Inline->AoC 621061 (90) AoC->Howl 1324 (205) Howl->Full 0 (0) Inline->AoC 6077 (55) AoC->BitMap 1131 (229) BitMap->Full 0 (0)
[2025-10-15T14:52:22.354-0700][1251][debug][gc,remset   ] GC(228) Coarsening (all): Inline->AoC 89712624 (22761) AoC->Howl 234992 (43155) Howl->Full 0 (0) Inline->AoC 1060318 (12126) AoC->BitMap 192684 (40275) BitMap->Full 5 (0)
[2025-10-15T14:52:22.354-0700][1251][info ][gc,heap     ] GC(228) Eden regions: 3274->0(3274)
[2025-10-15T14:52:22.354-0700][1251][info ][gc,heap     ] GC(228) Survivor regions: 182->182(432)
[2025-10-15T14:52:22.354-0700][1251][info ][gc,heap     ] GC(228) Old regions: 1094->1096
[2025-10-15T14:52:22.354-0700][1251][info ][gc,heap     ] GC(228) Humongous regions: 0->0
[2025-10-15T14:52:22.354-0700][1251][info ][gc,metaspace] GC(228) Metaspace: 299733K(304640K)->299733K(304640K) NonClass: 264126K(266816K)->264126K(266816K) Class: 35607K(37824K)->35607K(37824K)
[2025-10-15T14:52:22.354-0700][1251][info ][gc          ] GC(228) Pause Young (Normal) (G1 Evacuation Pause) 145598M->40851M(184320M) 207.772ms
[2025-10-15T14:52:22.355-0700][1251][info ][gc,cpu      ] GC(228) User=17.17s Sys=0.23s Real=0.21s
[2025-10-15T14:52:22.356-0700][1251][info ][safepoint   ] Safepoint "G1CollectForAllocation", Time since last: 808516576 ns, Reaching safepoint: 867418 ns, Cleanup: 5258 ns, At safepoint: 210900118 ns, Total: 211772794 ns
[2025-10-15T14:52:25.357-0700][1251][info ][safepoint   ] Safepoint "Cleanup", Time since last: 3000215702 ns, Reaching safepoint: 694417 ns, Cleanup: 10035 ns, At safepoint: 195565 ns, Total: 900017 ns
[2025-10-15T14:52:28.570-0700][1251][info ][gc,start    ] GC(229) Pause Young (Normal) (G1 Evacuation Pause)
[2025-10-15T14:52:28.570-0700][1251][info ][gc,task     ] GC(229) Using 113 workers of 113 for evacuation
[2025-10-15T14:52:28.585-0700][1251][debug][gc,remset   ] GC(229) Visited cards 24914176 Total dirty 70582272 (35.30%) Total old 524812288 (4.75%)
[2025-10-15T14:52:28.772-0700][1251][info ][gc,mmu      ] GC(229) MMU target violated: 201.0ms (200.0ms/201.0ms)
[2025-10-15T14:52:28.772-0700][1251][info ][gc,phases   ] GC(229)   Pre Evacuate Collection Set: 0.7ms
[2025-10-15T14:52:28.772-0700][1251][info ][gc,phases   ] GC(229)   Merge Heap Roots: 14.6ms
[2025-10-15T14:52:28.772-0700][1251][info ][gc,phases   ] GC(229)   Evacuate Collection Set: 163.5ms
[2025-10-15T14:52:28.772-0700][1251][info ][gc,phases   ] GC(229)   Post Evacuate Collection Set: 22.8ms
[2025-10-15T14:52:28.772-0700][1251][info ][gc,phases   ] GC(229)   Other: 0.2ms
[2025-10-15T14:52:28.772-0700][1251][debug][gc,remset   ] GC(229) Coarsening (recent): Inline->AoC 549846 (95) AoC->Howl 1157 (162) Howl->Full 0 (0) Inline->AoC 5362 (34) AoC->BitMap 844 (178) BitMap->Full 0 (0)
[2025-10-15T14:52:28.772-0700][1251][debug][gc,remset   ] GC(229) Coarsening (all): Inline->AoC 90262470 (22856) AoC->Howl 236149 (43317) Howl->Full 0 (0) Inline->AoC 1065680 (12160) AoC->BitMap 193528 (40453) BitMap->Full 5 (0)
[2025-10-15T14:52:28.772-0700][1251][info ][gc,heap     ] GC(229) Eden regions: 3274->0(3274)
[2025-10-15T14:52:28.772-0700][1251][info ][gc,heap     ] GC(229) Survivor regions: 182->182(432)
[2025-10-15T14:52:28.772-0700][1251][info ][gc,heap     ] GC(229) Old regions: 1096->1097
[2025-10-15T14:52:28.772-0700][1251][info ][gc,heap     ] GC(229) Humongous regions: 0->0
[2025-10-15T14:52:28.772-0700][1251][info ][gc,metaspace] GC(229) Metaspace: 299733K(304640K)->299733K(304640K) NonClass: 264126K(266816K)->264126K(266816K) Class: 35607K(37824K)->35607K(37824K)
[2025-10-15T14:52:28.772-0700][1251][info ][gc          ] GC(229) Pause Young (Normal) (G1 Evacuation Pause) 145619M->40888M(184320M) 201.983ms
[2025-10-15T14:52:28.773-0700][1251][info ][gc,cpu      ] GC(229) User=16.78s Sys=0.46s Real=0.20s
[2025-10-15T14:52:28.774-0700][1251][info ][safepoint   ] Safepoint "G1CollectForAllocation", Time since last: 3211126497 ns, Reaching safepoint: 978385 ns, Cleanup: 5298 ns, At safepoint: 205105270 ns, Total: 206088953 ns
[2025-10-15T14:52:34.359-0700][1251][info ][gc,start    ] GC(230) Pause Young (Normal) (G1 Evacuation Pause)
[2025-10-15T14:52:34.359-0700][1251][info ][gc,task     ] GC(230) Using 113 workers of 113 for evacuation
[2025-10-15T14:52:34.375-0700][1251][debug][gc,remset   ] GC(230) Visited cards 24849920 Total dirty 70451200 (35.27%) Total old 524877824 (4.73%)
[2025-10-15T14:52:34.555-0700][1251][info ][gc,phases   ] GC(230)   Pre Evacuate Collection Set: 0.7ms
[2025-10-15T14:52:34.555-0700][1251][info ][gc,phases   ] GC(230)   Merge Heap Roots: 14.6ms
[2025-10-15T14:52:34.555-0700][1251][info ][gc,phases   ] GC(230)   Evacuate Collection Set: 156.0ms
[2025-10-15T14:52:34.555-0700][1251][info ][gc,phases   ] GC(230)   Post Evacuate Collection Set: 24.2ms
[2025-10-15T14:52:34.555-0700][1251][info ][gc,phases   ] GC(230)   Other: 0.1ms
[2025-10-15T14:52:34.555-0700][1251][debug][gc,remset   ] GC(230) Coarsening (recent): Inline->AoC 581926 (95) AoC->Howl 1138 (140) Howl->Full 0 (0) Inline->AoC 5383 (29) AoC->BitMap 612 (114) BitMap->Full 0 (0)
[2025-10-15T14:52:34.555-0700][1251][debug][gc,remset   ] GC(230) Coarsening (all): Inline->AoC 90844396 (22951) AoC->Howl 237287 (43457) Howl->Full 0 (0) Inline->AoC 1071063 (12189) AoC->BitMap 194140 (40567) BitMap->Full 5 (0)
[2025-10-15T14:52:34.555-0700][1251][info ][gc,heap     ] GC(230) Eden regions: 3274->0(3275)
[2025-10-15T14:52:34.555-0700][1251][info ][gc,heap     ] GC(230) Survivor regions: 182->181(432)
[2025-10-15T14:52:34.555-0700][1251][info ][gc,heap     ] GC(230) Old regions: 1097->1099
[2025-10-15T14:52:34.555-0700][1251][info ][gc,heap     ] GC(230) Humongous regions: 0->0
[2025-10-15T14:52:34.555-0700][1251][info ][gc,metaspace] GC(230) Metaspace: 299733K(304640K)->299733K(304640K) NonClass: 264126K(266816K)->264126K(266816K) Class: 35607K(37824K)->35607K(37824K)
[2025-10-15T14:52:34.555-0700][1251][info ][gc          ] GC(230) Pause Young (Normal) (G1 Evacuation Pause) 145656M->40935M(184320M) 195.821ms
[2025-10-15T14:52:34.556-0700][1251][info ][gc,cpu      ] GC(230) User=17.11s Sys=0.40s Real=0.19s
[2025-10-15T14:52:34.557-0700][1251][info ][safepoint   ] Safepoint "G1CollectForAllocation", Time since last: 5582442566 ns, Reaching safepoint: 1728467 ns, Cleanup: 5248 ns, At safepoint: 198993578 ns, Total: 200727293 ns
[2025-10-15T14:52:39.558-0700][1251][info ][safepoint   ] Safepoint "Cleanup", Time since last: 5000296981 ns, Reaching safepoint: 792375 ns, Cleanup: 23987 ns, At safepoint: 180472 ns, Total: 996834 ns
[2025-10-15T14:52:40.654-0700][1251][info ][gc,start    ] GC(231) Pause Young (Normal) (G1 Evacuation Pause)
[2025-10-15T14:52:40.654-0700][1251][info ][gc,task     ] GC(231) Using 113 workers of 113 for evacuation
[2025-10-15T14:52:40.670-0700][1251][debug][gc,remset   ] GC(231) Visited cards 24779264 Total dirty 70713344 (35.04%) Total old 525008896 (4.72%)
[2025-10-15T14:52:40.847-0700][1251][info ][gc,phases   ] GC(231)   Pre Evacuate Collection Set: 0.7ms
[2025-10-15T14:52:40.847-0700][1251][info ][gc,phases   ] GC(231)   Merge Heap Roots: 15.1ms
[2025-10-15T14:52:40.847-0700][1251][info ][gc,phases   ] GC(231)   Evacuate Collection Set: 152.4ms
[2025-10-15T14:52:40.847-0700][1251][info ][gc,phases   ] GC(231)   Post Evacuate Collection Set: 24.1ms
[2025-10-15T14:52:40.847-0700][1251][info ][gc,phases   ] GC(231)   Other: 0.2ms
[2025-10-15T14:52:40.847-0700][1251][debug][gc,remset   ] GC(231) Coarsening (recent): Inline->AoC 606919 (109) AoC->Howl 1113 (152) Howl->Full 0 (0) Inline->AoC 5375 (42) AoC->BitMap 868 (179) BitMap->Full 0 (0)
[2025-10-15T14:52:40.847-0700][1251][debug][gc,remset   ] GC(231) Coarsening (all): Inline->AoC 91451315 (23060) AoC->Howl 238400 (43609) Howl->Full 0 (0) Inline->AoC 1076438 (12231) AoC->BitMap 195008 (40746) BitMap->Full 5 (0)
[2025-10-15T14:52:40.847-0700][1251][info ][gc,heap     ] GC(231) Eden regions: 3275->0(3275)
[2025-10-15T14:52:40.847-0700][1251][info ][gc,heap     ] GC(231) Survivor regions: 181->181(432)
[2025-10-15T14:52:40.847-0700][1251][info ][gc,heap     ] GC(231) Old regions: 1099->1100
[2025-10-15T14:52:40.847-0700][1251][info ][gc,heap     ] GC(231) Humongous regions: 0->0
[2025-10-15T14:52:40.847-0700][1251][info ][gc,metaspace] GC(231) Metaspace: 299733K(304640K)->299733K(304640K) NonClass: 264126K(266816K)->264126K(266816K) Class: 35607K(37824K)->35607K(37824K)
[2025-10-15T14:52:40.847-0700][1251][info ][gc          ] GC(231) Pause Young (Normal) (G1 Evacuation Pause) 145735M->40949M(184320M) 192.602ms
[2025-10-15T14:52:40.848-0700][1251][info ][gc,cpu      ] GC(231) User=16.59s Sys=0.47s Real=0.19s
[2025-10-15T14:52:40.849-0700][1251][info ][safepoint   ] Safepoint "G1CollectForAllocation", Time since last: 1093604983 ns, Reaching safepoint: 1311659 ns, Cleanup: 4196 ns, At safepoint: 195871118 ns, Total: 197186973 ns
[2025-10-15T14:52:46.645-0700][1251][info ][gc,start    ] GC(232) Pause Young (Normal) (G1 Evacuation Pause)
[2025-10-15T14:52:46.645-0700][1251][info ][gc,task     ] GC(232) Using 113 workers of 113 for evacuation
[2025-10-15T14:52:46.660-0700][1251][debug][gc,remset   ] GC(232) Visited cards 24528384 Total dirty 70647808 (34.72%) Total old 525074432 (4.67%)
[2025-10-15T14:52:46.828-0700][1251][info ][gc,phases   ] GC(232)   Pre Evacuate Collection Set: 0.7ms
[2025-10-15T14:52:46.828-0700][1251][info ][gc,phases   ] GC(232)   Merge Heap Roots: 13.8ms
[2025-10-15T14:52:46.828-0700][1251][info ][gc,phases   ] GC(232)   Evacuate Collection Set: 144.0ms
[2025-10-15T14:52:46.828-0700][1251][info ][gc,phases   ] GC(232)   Post Evacuate Collection Set: 24.4ms
[2025-10-15T14:52:46.828-0700][1251][info ][gc,phases   ] GC(232)   Other: 0.2ms
[2025-10-15T14:52:46.828-0700][1251][debug][gc,remset   ] GC(232) Coarsening (recent): Inline->AoC 580437 (115) AoC->Howl 1116 (147) Howl->Full 0 (0) Inline->AoC 5333 (39) AoC->BitMap 651 (146) BitMap->Full 0 (0)
[2025-10-15T14:52:46.828-0700][1251][debug][gc,remset   ] GC(232) Coarsening (all): Inline->AoC 92031752 (23175) AoC->Howl 239516 (43756) Howl->Full 0 (0) Inline->AoC 1081771 (12270) AoC->BitMap 195659 (40892) BitMap->Full 5 (0)
[2025-10-15T14:52:46.828-0700][1251][info ][gc,heap     ] GC(232) Eden regions: 3275->0(3273)
[2025-10-15T14:52:46.828-0700][1251][info ][gc,heap     ] GC(232) Survivor regions: 181->183(432)
[2025-10-15T14:52:46.828-0700][1251][info ][gc,heap     ] GC(232) Old regions: 1100->1101
[2025-10-15T14:52:46.828-0700][1251][info ][gc,heap     ] GC(232) Humongous regions: 0->0
[2025-10-15T14:52:46.828-0700][1251][info ][gc,metaspace] GC(232) Metaspace: 299734K(304640K)->299734K(304640K) NonClass: 264126K(266816K)->264126K(266816K) Class: 35607K(37824K)->35607K(37824K)
[2025-10-15T14:52:46.828-0700][1251][info ][gc          ] GC(232) Pause Young (Normal) (G1 Evacuation Pause) 145749M->41062M(184320M) 183.192ms
[2025-10-15T14:52:46.829-0700][1251][info ][gc,cpu      ] GC(232) User=16.34s Sys=0.34s Real=0.19s
[2025-10-15T14:52:46.830-0700][1251][info ][safepoint   ] Safepoint "G1CollectForAllocation", Time since last: 5793980335 ns, Reaching safepoint: 657752 ns, Cleanup: 4347 ns, At safepoint: 186438630 ns, Total: 187100729 ns
[2025-10-15T14:52:47.832-0700][1251][info ][safepoint   ] Safepoint "Cleanup", Time since last: 1000082171 ns, Reaching safepoint: 977204 ns, Cleanup: 15123 ns, At safepoint: 158909 ns, Total: 1151236 ns
[2025-10-15T14:52:52.566-0700][1251][info ][gc,start    ] GC(233) Pause Young (Normal) (G1 Evacuation Pause)
[2025-10-15T14:52:52.566-0700][1251][info ][gc,task     ] GC(233) Using 113 workers of 113 for evacuation
[2025-10-15T14:52:52.582-0700][1251][debug][gc,remset   ] GC(233) Visited cards 24797440 Total dirty 70844416 (35.00%) Total old 525139968 (4.72%)
[2025-10-15T14:52:52.772-0700][1251][info ][gc,mmu      ] GC(233) MMU target violated: 201.0ms (200.0ms/201.0ms)
[2025-10-15T14:52:52.772-0700][1251][info ][gc,phases   ] GC(233)   Pre Evacuate Collection Set: 0.8ms
[2025-10-15T14:52:52.772-0700][1251][info ][gc,phases   ] GC(233)   Merge Heap Roots: 15.0ms
[2025-10-15T14:52:52.772-0700][1251][info ][gc,phases   ] GC(233)   Evacuate Collection Set: 166.2ms
[2025-10-15T14:52:52.772-0700][1251][info ][gc,phases   ] GC(233)   Post Evacuate Collection Set: 24.1ms
[2025-10-15T14:52:52.772-0700][1251][info ][gc,phases   ] GC(233)   Other: 0.3ms
[2025-10-15T14:52:52.772-0700][1251][debug][gc,remset   ] GC(233) Coarsening (recent): Inline->AoC 648386 (105) AoC->Howl 1236 (172) Howl->Full 0 (0) Inline->AoC 5665 (48) AoC->BitMap 786 (149) BitMap->Full 0 (0)
[2025-10-15T14:52:52.772-0700][1251][debug][gc,remset   ] GC(233) Coarsening (all): Inline->AoC 92680138 (23280) AoC->Howl 240752 (43928) Howl->Full 0 (0) Inline->AoC 1087436 (12318) AoC->BitMap 196445 (41041) BitMap->Full 5 (0)
[2025-10-15T14:52:52.772-0700][1251][info ][gc,heap     ] GC(233) Eden regions: 3273->0(3274)
[2025-10-15T14:52:52.772-0700][1251][info ][gc,heap     ] GC(233) Survivor regions: 183->182(432)
[2025-10-15T14:52:52.772-0700][1251][info ][gc,heap     ] GC(233) Old regions: 1101->1102
[2025-10-15T14:52:52.772-0700][1251][info ][gc,heap     ] GC(233) Humongous regions: 0->0
[2025-10-15T14:52:52.772-0700][1251][info ][gc,metaspace] GC(233) Metaspace: 299734K(304640K)->299734K(304640K) NonClass: 264126K(266816K)->264126K(266816K) Class: 35607K(37824K)->35607K(37824K)
[2025-10-15T14:52:52.772-0700][1251][info ][gc          ] GC(233) Pause Young (Normal) (G1 Evacuation Pause) 145798M->41065M(184320M) 206.469ms
[2025-10-15T14:52:52.773-0700][1251][info ][gc,cpu      ] GC(233) User=16.81s Sys=0.33s Real=0.21s
[2025-10-15T14:52:52.774-0700][1251][info ][safepoint   ] Safepoint "G1CollectForAllocation", Time since last: 4732187636 ns, Reaching safepoint: 1081992 ns, Cleanup: 5388 ns, At safepoint: 209694157 ns, Total: 210781537 ns
[2025-10-15T14:52:58.923-0700][1251][info ][gc,start    ] GC(234) Pause Young (Normal) (G1 Evacuation Pause)
[2025-10-15T14:52:58.923-0700][1251][info ][gc,task     ] GC(234) Using 113 workers of 113 for evacuation
[2025-10-15T14:52:58.939-0700][1251][debug][gc,remset   ] GC(234) Visited cards 24662528 Total dirty 70844416 (34.81%) Total old 525205504 (4.70%)
[2025-10-15T14:52:59.124-0700][1251][info ][gc,mmu      ] GC(234) MMU target violated: 200.9ms (200.0ms/201.0ms)
[2025-10-15T14:52:59.124-0700][1251][info ][gc,phases   ] GC(234)   Pre Evacuate Collection Set: 0.7ms
[2025-10-15T14:52:59.124-0700][1251][info ][gc,phases   ] GC(234)   Merge Heap Roots: 15.2ms
[2025-10-15T14:52:59.124-0700][1251][info ][gc,phases   ] GC(234)   Evacuate Collection Set: 159.5ms
[2025-10-15T14:52:59.124-0700][1251][info ][gc,phases   ] GC(234)   Post Evacuate Collection Set: 25.3ms
[2025-10-15T14:52:59.124-0700][1251][info ][gc,phases   ] GC(234)   Other: 0.2ms
[2025-10-15T14:52:59.124-0700][1251][debug][gc,remset   ] GC(234) Coarsening (recent): Inline->AoC 542893 (97) AoC->Howl 1054 (129) Howl->Full 0 (0) Inline->AoC 5162 (27) AoC->BitMap 633 (114) BitMap->Full 0 (0)
[2025-10-15T14:52:59.124-0700][1251][debug][gc,remset   ] GC(234) Coarsening (all): Inline->AoC 93223031 (23377) AoC->Howl 241806 (44057) Howl->Full 0 (0) Inline->AoC 1092598 (12345) AoC->BitMap 197078 (41155) BitMap->Full 5 (0)
[2025-10-15T14:52:59.124-0700][1251][info ][gc,heap     ] GC(234) Eden regions: 3274->0(3276)
[2025-10-15T14:52:59.124-0700][1251][info ][gc,heap     ] GC(234) Survivor regions: 182->180(432)
[2025-10-15T14:52:59.124-0700][1251][info ][gc,heap     ] GC(234) Old regions: 1102->1103
[2025-10-15T14:52:59.124-0700][1251][info ][gc,heap     ] GC(234) Humongous regions: 0->0
[2025-10-15T14:52:59.124-0700][1251][info ][gc,metaspace] GC(234) Metaspace: 299734K(304640K)->299734K(304640K) NonClass: 264126K(266816K)->264126K(266816K) Class: 35607K(37824K)->35607K(37824K)
[2025-10-15T14:52:59.124-0700][1251][info ][gc          ] GC(234) Pause Young (Normal) (G1 Evacuation Pause) 145833M->41053M(184320M) 201.118ms
[2025-10-15T14:52:59.125-0700][1251][info ][gc,cpu      ] GC(234) User=16.57s Sys=0.49s Real=0.20s
[2025-10-15T14:52:59.126-0700][1251][info ][safepoint   ] Safepoint "G1CollectForAllocation", Time since last: 6146373830 ns, Reaching safepoint: 791874 ns, Cleanup: 4798 ns, At safepoint: 204322184 ns, Total: 205118856 ns
[2025-10-15T14:53:00.127-0700][1251][info ][safepoint   ] Safepoint "Cleanup", Time since last: 1000079287 ns, Reaching safepoint: 694497 ns, Cleanup: 10726 ns, At safepoint: 183107 ns, Total: 888330 ns
[2025-10-15T14:53:04.737-0700][1251][info ][gc,start    ] GC(235) Pause Young (Normal) (G1 Evacuation Pause)
[2025-10-15T14:53:04.738-0700][1251][info ][gc,task     ] GC(235) Using 113 workers of 113 for evacuation
[2025-10-15T14:53:04.753-0700][1251][debug][gc,remset   ] GC(235) Visited cards 24472320 Total dirty 71041024 (34.45%) Total old 525271040 (4.66%)
[2025-10-15T14:53:04.941-0700][1251][info ][gc,mmu      ] GC(235) MMU target violated: 201.0ms (200.0ms/201.0ms)
[2025-10-15T14:53:04.941-0700][1251][info ][gc,phases   ] GC(235)   Pre Evacuate Collection Set: 0.8ms
[2025-10-15T14:53:04.941-0700][1251][info ][gc,phases   ] GC(235)   Merge Heap Roots: 14.3ms
[2025-10-15T14:53:04.941-0700][1251][info ][gc,phases   ] GC(235)   Evacuate Collection Set: 162.3ms
[2025-10-15T14:53:04.941-0700][1251][info ][gc,phases   ] GC(235)   Post Evacuate Collection Set: 25.6ms
[2025-10-15T14:53:04.941-0700][1251][info ][gc,phases   ] GC(235)   Other: 0.2ms
[2025-10-15T14:53:04.941-0700][1251][debug][gc,remset   ] GC(235) Coarsening (recent): Inline->AoC 632538 (91) AoC->Howl 989 (154) Howl->Full 0 (0) Inline->AoC 4564 (27) AoC->BitMap 638 (126) BitMap->Full 0 (0)
[2025-10-15T14:53:04.941-0700][1251][debug][gc,remset   ] GC(235) Coarsening (all): Inline->AoC 93855569 (23468) AoC->Howl 242795 (44211) Howl->Full 0 (0) Inline->AoC 1097162 (12372) AoC->BitMap 197716 (41281) BitMap->Full 5 (0)
[2025-10-15T14:53:04.941-0700][1251][info ][gc,heap     ] GC(235) Eden regions: 3276->0(3276)
[2025-10-15T14:53:04.941-0700][1251][info ][gc,heap     ] GC(235) Survivor regions: 180->180(432)
[2025-10-15T14:53:04.941-0700][1251][info ][gc,heap     ] GC(235) Old regions: 1103->1104
[2025-10-15T14:53:04.941-0700][1251][info ][gc,heap     ] GC(235) Humongous regions: 0->0
[2025-10-15T14:53:04.941-0700][1251][info ][gc,metaspace] GC(235) Metaspace: 299734K(304640K)->299734K(304640K) NonClass: 264126K(266816K)->264126K(266816K) Class: 35607K(37824K)->35607K(37824K)
[2025-10-15T14:53:04.941-0700][1251][info ][gc          ] GC(235) Pause Young (Normal) (G1 Evacuation Pause) 145885M->41074M(184320M) 203.291ms
[2025-10-15T14:53:04.942-0700][1251][info ][gc,cpu      ] GC(235) User=17.19s Sys=0.29s Real=0.21s
[2025-10-15T14:53:04.943-0700][1251][info ][safepoint   ] Safepoint "G1CollectForAllocation", Time since last: 4608334934 ns, Reaching safepoint: 1108272 ns, Cleanup: 6870 ns, At safepoint: 206382623 ns, Total: 207497765 ns
[2025-10-15T14:53:11.025-0700][1251][info ][gc,start    ] GC(236) Pause Young (Normal) (G1 Evacuation Pause)
[2025-10-15T14:53:11.025-0700][1251][info ][gc,task     ] GC(236) Using 113 workers of 113 for evacuation
[2025-10-15T14:53:11.040-0700][1251][debug][gc,remset   ] GC(236) Visited cards 24545536 Total dirty 71041024 (34.55%) Total old 525336576 (4.67%)
[2025-10-15T14:53:11.205-0700][1251][info ][gc,phases   ] GC(236)   Pre Evacuate Collection Set: 0.6ms
[2025-10-15T14:53:11.206-0700][1251][info ][gc,phases   ] GC(236)   Merge Heap Roots: 13.8ms
[2025-10-15T14:53:11.206-0700][1251][info ][gc,phases   ] GC(236)   Evacuate Collection Set: 143.4ms
[2025-10-15T14:53:11.206-0700][1251][info ][gc,phases   ] GC(236)   Post Evacuate Collection Set: 22.1ms
[2025-10-15T14:53:11.206-0700][1251][info ][gc,phases   ] GC(236)   Other: 0.2ms
[2025-10-15T14:53:11.206-0700][1251][debug][gc,remset   ] GC(236) Coarsening (recent): Inline->AoC 590850 (92) AoC->Howl 1128 (159) Howl->Full 0 (0) Inline->AoC 5343 (47) AoC->BitMap 878 (195) BitMap->Full 0 (0)
[2025-10-15T14:53:11.206-0700][1251][debug][gc,remset   ] GC(236) Coarsening (all): Inline->AoC 94446419 (23560) AoC->Howl 243923 (44370) Howl->Full 0 (0) Inline->AoC 1102505 (12419) AoC->BitMap 198594 (41476) BitMap->Full 5 (0)
[2025-10-15T14:53:11.206-0700][1251][info ][gc,heap     ] GC(236) Eden regions: 3276->0(3276)
[2025-10-15T14:53:11.206-0700][1251][info ][gc,heap     ] GC(236) Survivor regions: 180->180(432)
[2025-10-15T14:53:11.206-0700][1251][info ][gc,heap     ] GC(236) Old regions: 1104->1105
[2025-10-15T14:53:11.206-0700][1251][info ][gc,heap     ] GC(236) Humongous regions: 0->0
[2025-10-15T14:53:11.206-0700][1251][info ][gc,metaspace] GC(236) Metaspace: 299734K(304640K)->299734K(304640K) NonClass: 264126K(266816K)->264126K(266816K) Class: 35607K(37824K)->35607K(37824K)
[2025-10-15T14:53:11.206-0700][1251][info ][gc          ] GC(236) Pause Young (Normal) (G1 Evacuation Pause) 145906M->41102M(184320M) 180.236ms
[2025-10-15T14:53:11.207-0700][1251][info ][gc,cpu      ] GC(236) User=16.20s Sys=0.58s Real=0.18s
[2025-10-15T14:53:11.208-0700][1251][info ][safepoint   ] Safepoint "G1CollectForAllocation", Time since last: 6080880775 ns, Reaching safepoint: 699845 ns, Cleanup: 4758 ns, At safepoint: 183396522 ns, Total: 184101125 ns
[2025-10-15T14:53:16.853-0700][1251][info ][gc,start    ] GC(237) Pause Young (Normal) (G1 Evacuation Pause)
[2025-10-15T14:53:16.853-0700][1251][info ][gc,task     ] GC(237) Using 113 workers of 113 for evacuation
[2025-10-15T14:53:16.868-0700][1251][debug][gc,remset   ] GC(237) Visited cards 24413952 Total dirty 71106560 (34.33%) Total old 525402112 (4.65%)
[2025-10-15T14:53:17.051-0700][1251][info ][gc,phases   ] GC(237)   Pre Evacuate Collection Set: 0.8ms
[2025-10-15T14:53:17.051-0700][1251][info ][gc,phases   ] GC(237)   Merge Heap Roots: 14.8ms
[2025-10-15T14:53:17.051-0700][1251][info ][gc,phases   ] GC(237)   Evacuate Collection Set: 160.0ms
[2025-10-15T14:53:17.051-0700][1251][info ][gc,phases   ] GC(237)   Post Evacuate Collection Set: 22.2ms
[2025-10-15T14:53:17.051-0700][1251][info ][gc,phases   ] GC(237)   Other: 0.2ms
[2025-10-15T14:53:17.051-0700][1251][debug][gc,remset   ] GC(237) Coarsening (recent): Inline->AoC 544233 (132) AoC->Howl 978 (140) Howl->Full 0 (0) Inline->AoC 4509 (30) AoC->BitMap 665 (154) BitMap->Full 0 (0)
[2025-10-15T14:53:17.051-0700][1251][debug][gc,remset   ] GC(237) Coarsening (all): Inline->AoC 94990652 (23692) AoC->Howl 244901 (44510) Howl->Full 0 (0) Inline->AoC 1107014 (12449) AoC->BitMap 199259 (41630) BitMap->Full 5 (0)
[2025-10-15T14:53:17.051-0700][1251][info ][gc,heap     ] GC(237) Eden regions: 3276->0(3273)
[2025-10-15T14:53:17.051-0700][1251][info ][gc,heap     ] GC(237) Survivor regions: 180->183(432)
[2025-10-15T14:53:17.051-0700][1251][info ][gc,heap     ] GC(237) Old regions: 1105->1106
[2025-10-15T14:53:17.051-0700][1251][info ][gc,heap     ] GC(237) Humongous regions: 0->0
[2025-10-15T14:53:17.051-0700][1251][info ][gc,metaspace] GC(237) Metaspace: 299735K(304640K)->299735K(304640K) NonClass: 264127K(266816K)->264127K(266816K) Class: 35607K(37824K)->35607K(37824K)
[2025-10-15T14:53:17.051-0700][1251][info ][gc          ] GC(237) Pause Young (Normal) (G1 Evacuation Pause) 145934M->41211M(184320M) 198.154ms
[2025-10-15T14:53:17.052-0700][1251][info ][gc,cpu      ] GC(237) User=16.63s Sys=0.45s Real=0.20s
[2025-10-15T14:53:17.053-0700][1251][info ][safepoint   ] Safepoint "G1CollectForAllocation", Time since last: 5642218280 ns, Reaching safepoint: 1508585 ns, Cleanup: 4667 ns, At safepoint: 201388271 ns, Total: 202901523 ns
[2025-10-15T14:53:18.054-0700][1251][info ][safepoint   ] Safepoint "Cleanup", Time since last: 1000085496 ns, Reaching safepoint: 829671 ns, Cleanup: 11277 ns, At safepoint: 136536 ns, Total: 977484 ns
[2025-10-15T14:53:19.055-0700][1251][info ][safepoint   ] Safepoint "Cleanup", Time since last: 1000102983 ns, Reaching safepoint: 684602 ns, Cleanup: 17917 ns, At safepoint: 265300 ns, Total: 967819 ns
[2025-10-15T14:53:20.056-0700][1251][info ][safepoint   ] Safepoint "Cleanup", Time since last: 1000132998 ns, Reaching safepoint: 652023 ns, Cleanup: 15413 ns, At safepoint: 220463 ns, Total: 887899 ns
[2025-10-15T14:53:22.057-0700][1251][info ][safepoint   ] Safepoint "Cleanup", Time since last: 2000167937 ns, Reaching safepoint: 648929 ns, Cleanup: 11707 ns, At safepoint: 110838 ns, Total: 771474 ns
[2025-10-15T14:53:22.860-0700][1251][info ][gc,start    ] GC(238) Pause Young (Normal) (G1 Evacuation Pause)
[2025-10-15T14:53:22.860-0700][1251][info ][gc,task     ] GC(238) Using 113 workers of 113 for evacuation
[2025-10-15T14:53:22.876-0700][1251][debug][gc,remset   ] GC(238) Visited cards 24249344 Total dirty 71106560 (34.10%) Total old 525467648 (4.61%)
[2025-10-15T14:53:23.061-0700][1251][info ][gc,mmu      ] GC(238) MMU target violated: 200.2ms (200.0ms/201.0ms)
[2025-10-15T14:53:23.061-0700][1251][info ][gc,phases   ] GC(238)   Pre Evacuate Collection Set: 0.8ms
[2025-10-15T14:53:23.061-0700][1251][info ][gc,phases   ] GC(238)   Merge Heap Roots: 14.9ms
[2025-10-15T14:53:23.061-0700][1251][info ][gc,phases   ] GC(238)   Evacuate Collection Set: 161.5ms
[2025-10-15T14:53:23.061-0700][1251][info ][gc,phases   ] GC(238)   Post Evacuate Collection Set: 23.0ms
[2025-10-15T14:53:23.061-0700][1251][info ][gc,phases   ] GC(238)   Other: 0.2ms
[2025-10-15T14:53:23.061-0700][1251][debug][gc,remset   ] GC(238) Coarsening (recent): Inline->AoC 596094 (97) AoC->Howl 1167 (181) Howl->Full 0 (0) Inline->AoC 5344 (43) AoC->BitMap 1159 (277) BitMap->Full 0 (0)
[2025-10-15T14:53:23.061-0700][1251][debug][gc,remset   ] GC(238) Coarsening (all): Inline->AoC 95586746 (23789) AoC->Howl 246068 (44691) Howl->Full 0 (0) Inline->AoC 1112358 (12492) AoC->BitMap 200418 (41907) BitMap->Full 5 (0)
[2025-10-15T14:53:23.061-0700][1251][info ][gc,heap     ] GC(238) Eden regions: 3273->0(3280)
[2025-10-15T14:53:23.061-0700][1251][info ][gc,heap     ] GC(238) Survivor regions: 183->176(432)
[2025-10-15T14:53:23.061-0700][1251][info ][gc,heap     ] GC(238) Old regions: 1106->1111
[2025-10-15T14:53:23.061-0700][1251][info ][gc,heap     ] GC(238) Humongous regions: 0->0
[2025-10-15T14:53:23.061-0700][1251][info ][gc,metaspace] GC(238) Metaspace: 299737K(304704K)->299737K(304704K) NonClass: 264128K(266880K)->264128K(266880K) Class: 35608K(37824K)->35608K(37824K)
[2025-10-15T14:53:23.061-0700][1251][info ][gc          ] GC(238) Pause Young (Normal) (G1 Evacuation Pause) 145947M->41165M(184320M) 200.472ms
[2025-10-15T14:53:23.062-0700][1251][info ][gc,cpu      ] GC(238) User=16.72s Sys=0.52s Real=0.20s
[2025-10-15T14:53:23.063-0700][1251][info ][safepoint   ] Safepoint "G1CollectForAllocation", Time since last: 801406420 ns, Reaching safepoint: 947098 ns, Cleanup: 15304 ns, At safepoint: 203565134 ns, Total: 204527536 ns
[2025-10-15T14:53:24.064-0700][1251][info ][safepoint   ] Safepoint "Cleanup", Time since last: 1000080017 ns, Reaching safepoint: 735800 ns, Cleanup: 10245 ns, At safepoint: 283278 ns, Total: 1029323 ns
[2025-10-15T14:53:29.311-0700][1251][info ][gc,start    ] GC(239) Pause Young (Normal) (G1 Evacuation Pause)
[2025-10-15T14:53:29.311-0700][1251][info ][gc,task     ] GC(239) Using 113 workers of 113 for evacuation
[2025-10-15T14:53:29.327-0700][1251][debug][gc,remset   ] GC(239) Visited cards 24016128 Total dirty 71565312 (33.56%) Total old 525795328 (4.57%)
[2025-10-15T14:53:29.504-0700][1251][info ][gc,phases   ] GC(239)   Pre Evacuate Collection Set: 0.7ms
[2025-10-15T14:53:29.504-0700][1251][info ][gc,phases   ] GC(239)   Merge Heap Roots: 15.0ms
[2025-10-15T14:53:29.504-0700][1251][info ][gc,phases   ] GC(239)   Evacuate Collection Set: 152.3ms
[2025-10-15T14:53:29.504-0700][1251][info ][gc,phases   ] GC(239)   Post Evacuate Collection Set: 24.7ms
[2025-10-15T14:53:29.504-0700][1251][info ][gc,phases   ] GC(239)   Other: 0.2ms
[2025-10-15T14:53:29.504-0700][1251][debug][gc,remset   ] GC(239) Coarsening (recent): Inline->AoC 552246 (96) AoC->Howl 1020 (140) Howl->Full 0 (0) Inline->AoC 4571 (39) AoC->BitMap 773 (143) BitMap->Full 0 (0)
[2025-10-15T14:53:29.504-0700][1251][debug][gc,remset   ] GC(239) Coarsening (all): Inline->AoC 96138992 (23885) AoC->Howl 247088 (44831) Howl->Full 0 (0) Inline->AoC 1116929 (12531) AoC->BitMap 201191 (42050) BitMap->Full 5 (0)
[2025-10-15T14:53:29.504-0700][1251][info ][gc,heap     ] GC(239) Eden regions: 3280->0(3282)
[2025-10-15T14:53:29.504-0700][1251][info ][gc,heap     ] GC(239) Survivor regions: 176->174(432)
[2025-10-15T14:53:29.504-0700][1251][info ][gc,heap     ] GC(239) Old regions: 1111->1115
[2025-10-15T14:53:29.504-0700][1251][info ][gc,heap     ] GC(239) Humongous regions: 0->0
[2025-10-15T14:53:29.504-0700][1251][info ][gc,metaspace] GC(239) Metaspace: 299737K(304704K)->299737K(304704K) NonClass: 264129K(266880K)->264129K(266880K) Class: 35608K(37824K)->35608K(37824K)
[2025-10-15T14:53:29.504-0700][1251][info ][gc          ] GC(239) Pause Young (Normal) (G1 Evacuation Pause) 146125M->41200M(184320M) 193.066ms
[2025-10-15T14:53:29.505-0700][1251][info ][gc,cpu      ] GC(239) User=16.32s Sys=0.45s Real=0.19s
[2025-10-15T14:53:29.506-0700][1251][info ][safepoint   ] Safepoint "G1CollectForAllocation", Time since last: 5244652522 ns, Reaching safepoint: 978636 ns, Cleanup: 4747 ns, At safepoint: 196290102 ns, Total: 197273485 ns
[2025-10-15T14:53:35.110-0700][1251][info ][gc,start    ] GC(240) Pause Young (Normal) (G1 Evacuation Pause)
[2025-10-15T14:53:35.110-0700][1251][info ][gc,task     ] GC(240) Using 113 workers of 113 for evacuation
[2025-10-15T14:53:35.126-0700][1251][debug][gc,remset   ] GC(240) Visited cards 23753216 Total dirty 71630848 (33.16%) Total old 526057472 (4.52%)
[2025-10-15T14:53:35.308-0700][1251][info ][gc,phases   ] GC(240)   Pre Evacuate Collection Set: 0.8ms
[2025-10-15T14:53:35.308-0700][1251][info ][gc,phases   ] GC(240)   Merge Heap Roots: 15.1ms
[2025-10-15T14:53:35.308-0700][1251][info ][gc,phases   ] GC(240)   Evacuate Collection Set: 157.2ms
[2025-10-15T14:53:35.308-0700][1251][info ][gc,phases   ] GC(240)   Post Evacuate Collection Set: 25.2ms
[2025-10-15T14:53:35.308-0700][1251][info ][gc,phases   ] GC(240)   Other: 0.2ms
[2025-10-15T14:53:35.308-0700][1251][debug][gc,remset   ] GC(240) Coarsening (recent): Inline->AoC 604901 (83) AoC->Howl 988 (143) Howl->Full 0 (0) Inline->AoC 4595 (35) AoC->BitMap 674 (135) BitMap->Full 0 (0)
[2025-10-15T14:53:35.308-0700][1251][debug][gc,remset   ] GC(240) Coarsening (all): Inline->AoC 96743893 (23968) AoC->Howl 248076 (44974) Howl->Full 0 (0) Inline->AoC 1121524 (12566) AoC->BitMap 201865 (42185) BitMap->Full 5 (0)
[2025-10-15T14:53:35.308-0700][1251][info ][gc,heap     ] GC(240) Eden regions: 3282->0(3283)
[2025-10-15T14:53:35.308-0700][1251][info ][gc,heap     ] GC(240) Survivor regions: 174->173(432)
[2025-10-15T14:53:35.308-0700][1251][info ][gc,heap     ] GC(240) Old regions: 1115->1117
[2025-10-15T14:53:35.308-0700][1251][info ][gc,heap     ] GC(240) Humongous regions: 0->0
[2025-10-15T14:53:35.308-0700][1251][info ][gc,metaspace] GC(240) Metaspace: 299745K(304704K)->299745K(304704K) NonClass: 264136K(266880K)->264136K(266880K) Class: 35608K(37824K)->35608K(37824K)
[2025-10-15T14:53:35.308-0700][1251][info ][gc          ] GC(240) Pause Young (Normal) (G1 Evacuation Pause) 146224M->41237M(184320M) 198.570ms
[2025-10-15T14:53:35.309-0700][1251][info ][gc,cpu      ] GC(240) User=16.60s Sys=0.37s Real=0.20s
[2025-10-15T14:53:35.310-0700][1251][info ][safepoint   ] Safepoint "G1CollectForAllocation", Time since last: 5601339908 ns, Reaching safepoint: 1128913 ns, Cleanup: 11337 ns, At safepoint: 201910649 ns, Total: 203050899 ns
[2025-10-15T14:53:41.191-0700][1251][info ][gc,start    ] GC(241) Pause Young (Normal) (G1 Evacuation Pause)
[2025-10-15T14:53:41.191-0700][1251][info ][gc,task     ] GC(241) Using 113 workers of 113 for evacuation
[2025-10-15T14:53:41.206-0700][1251][debug][gc,remset   ] GC(241) Visited cards 23797760 Total dirty 71696384 (33.19%) Total old 526188544 (4.52%)
[2025-10-15T14:53:41.367-0700][1251][info ][gc,phases   ] GC(241)   Pre Evacuate Collection Set: 0.6ms
[2025-10-15T14:53:41.367-0700][1251][info ][gc,phases   ] GC(241)   Merge Heap Roots: 14.8ms
[2025-10-15T14:53:41.367-0700][1251][info ][gc,phases   ] GC(241)   Evacuate Collection Set: 134.4ms
[2025-10-15T14:53:41.367-0700][1251][info ][gc,phases   ] GC(241)   Post Evacuate Collection Set: 25.7ms
[2025-10-15T14:53:41.367-0700][1251][info ][gc,phases   ] GC(241)   Other: 0.2ms
[2025-10-15T14:53:41.367-0700][1251][debug][gc,remset   ] GC(241) Coarsening (recent): Inline->AoC 597471 (119) AoC->Howl 1101 (157) Howl->Full 0 (0) Inline->AoC 4975 (30) AoC->BitMap 823 (143) BitMap->Full 0 (0)
[2025-10-15T14:53:41.367-0700][1251][debug][gc,remset   ] GC(241) Coarsening (all): Inline->AoC 97341364 (24087) AoC->Howl 249177 (45131) Howl->Full 0 (0) Inline->AoC 1126499 (12596) AoC->BitMap 202688 (42328) BitMap->Full 5 (0)
[2025-10-15T14:53:41.367-0700][1251][info ][gc,heap     ] GC(241) Eden regions: 3283->0(3282)
[2025-10-15T14:53:41.367-0700][1251][info ][gc,heap     ] GC(241) Survivor regions: 173->174(432)
[2025-10-15T14:53:41.367-0700][1251][info ][gc,heap     ] GC(241) Old regions: 1117->1118
[2025-10-15T14:53:41.367-0700][1251][info ][gc,heap     ] GC(241) Humongous regions: 0->0
[2025-10-15T14:53:41.367-0700][1251][info ][gc,metaspace] GC(241) Metaspace: 299751K(304704K)->299751K(304704K) NonClass: 264142K(266880K)->264142K(266880K) Class: 35608K(37824K)->35608K(37824K)
[2025-10-15T14:53:41.367-0700][1251][info ][gc          ] GC(241) Pause Young (Normal) (G1 Evacuation Pause) 146293M->41324M(184320M) 175.779ms
[2025-10-15T14:53:41.368-0700][1251][info ][gc,cpu      ] GC(241) User=15.82s Sys=0.25s Real=0.17s
[2025-10-15T14:53:41.369-0700][1251][info ][safepoint   ] Safepoint "G1CollectForAllocation", Time since last: 5878854874 ns, Reaching safepoint: 666205 ns, Cleanup: 3685 ns, At safepoint: 178987079 ns, Total: 179656969 ns
[2025-10-15T14:53:47.158-0700][1251][info ][gc,start    ] GC(242) Pause Young (Normal) (G1 Evacuation Pause)
[2025-10-15T14:53:47.158-0700][1251][info ][gc,task     ] GC(242) Using 113 workers of 113 for evacuation
[2025-10-15T14:53:47.173-0700][1251][debug][gc,remset   ] GC(242) Visited cards 23835904 Total dirty 72024064 (33.09%) Total old 526254080 (4.53%)
[2025-10-15T14:53:47.347-0700][1251][info ][gc,phases   ] GC(242)   Pre Evacuate Collection Set: 0.7ms
[2025-10-15T14:53:47.347-0700][1251][info ][gc,phases   ] GC(242)   Merge Heap Roots: 14.0ms
[2025-10-15T14:53:47.347-0700][1251][info ][gc,phases   ] GC(242)   Evacuate Collection Set: 150.0ms
[2025-10-15T14:53:47.347-0700][1251][info ][gc,phases   ] GC(242)   Post Evacuate Collection Set: 24.4ms
[2025-10-15T14:53:47.347-0700][1251][info ][gc,phases   ] GC(242)   Other: 0.2ms
[2025-10-15T14:53:47.347-0700][1251][debug][gc,remset   ] GC(242) Coarsening (recent): Inline->AoC 554946 (95) AoC->Howl 986 (101) Howl->Full 0 (0) Inline->AoC 4668 (37) AoC->BitMap 567 (100) BitMap->Full 0 (0)
[2025-10-15T14:53:47.347-0700][1251][debug][gc,remset   ] GC(242) Coarsening (all): Inline->AoC 97896310 (24182) AoC->Howl 250163 (45232) Howl->Full 0 (0) Inline->AoC 1131167 (12633) AoC->BitMap 203255 (42428) BitMap->Full 5 (0)
[2025-10-15T14:53:47.347-0700][1251][info ][gc,heap     ] GC(242) Eden regions: 3282->0(3282)
[2025-10-15T14:53:47.347-0700][1251][info ][gc,heap     ] GC(242) Survivor regions: 174->174(432)
[2025-10-15T14:53:47.347-0700][1251][info ][gc,heap     ] GC(242) Old regions: 1118->1119
[2025-10-15T14:53:47.347-0700][1251][info ][gc,heap     ] GC(242) Humongous regions: 0->0
[2025-10-15T14:53:47.347-0700][1251][info ][gc,metaspace] GC(242) Metaspace: 299751K(304704K)->299751K(304704K) NonClass: 264142K(266880K)->264142K(266880K) Class: 35608K(37824K)->35608K(37824K)
[2025-10-15T14:53:47.347-0700][1251][info ][gc          ] GC(242) Pause Young (Normal) (G1 Evacuation Pause) 146348M->41345M(184320M) 189.445ms
[2025-10-15T14:53:47.348-0700][1251][info ][gc,cpu      ] GC(242) User=16.42s Sys=0.43s Real=0.20s
[2025-10-15T14:53:47.349-0700][1251][info ][safepoint   ] Safepoint "G1CollectForAllocation", Time since last: 5787096311 ns, Reaching safepoint: 834469 ns, Cleanup: 4957 ns, At safepoint: 192641995 ns, Total: 193481421 ns
[2025-10-15T14:53:53.007-0700][1251][info ][gc,start    ] GC(243) Pause Young (Normal) (G1 Evacuation Pause)
[2025-10-15T14:53:53.007-0700][1251][info ][gc,task     ] GC(243) Using 113 workers of 113 for evacuation
[2025-10-15T14:53:53.024-0700][1251][debug][gc,remset   ] GC(243) Visited cards 23828736 Total dirty 71958528 (33.11%) Total old 526319616 (4.53%)
[2025-10-15T14:53:53.201-0700][1251][info ][gc,phases   ] GC(243)   Pre Evacuate Collection Set: 0.8ms
[2025-10-15T14:53:53.201-0700][1251][info ][gc,phases   ] GC(243)   Merge Heap Roots: 15.8ms
[2025-10-15T14:53:53.201-0700][1251][info ][gc,phases   ] GC(243)   Evacuate Collection Set: 154.3ms
[2025-10-15T14:53:53.201-0700][1251][info ][gc,phases   ] GC(243)   Post Evacuate Collection Set: 22.7ms
[2025-10-15T14:53:53.201-0700][1251][info ][gc,phases   ] GC(243)   Other: 0.2ms
[2025-10-15T14:53:53.201-0700][1251][debug][gc,remset   ] GC(243) Coarsening (recent): Inline->AoC 629012 (96) AoC->Howl 1099 (151) Howl->Full 0 (0) Inline->AoC 5094 (51) AoC->BitMap 975 (203) BitMap->Full 0 (0)
[2025-10-15T14:53:53.201-0700][1251][debug][gc,remset   ] GC(243) Coarsening (all): Inline->AoC 98525322 (24278) AoC->Howl 251262 (45383) Howl->Full 0 (0) Inline->AoC 1136261 (12684) AoC->BitMap 204230 (42631) BitMap->Full 5 (0)
[2025-10-15T14:53:53.201-0700][1251][info ][gc,heap     ] GC(243) Eden regions: 3282->0(3281)
[2025-10-15T14:53:53.201-0700][1251][info ][gc,heap     ] GC(243) Survivor regions: 174->175(432)
[2025-10-15T14:53:53.201-0700][1251][info ][gc,heap     ] GC(243) Old regions: 1119->1120
[2025-10-15T14:53:53.201-0700][1251][info ][gc,heap     ] GC(243) Humongous regions: 0->0
[2025-10-15T14:53:53.201-0700][1251][info ][gc,metaspace] GC(243) Metaspace: 299752K(304704K)->299752K(304704K) NonClass: 264144K(266880K)->264144K(266880K) Class: 35608K(37824K)->35608K(37824K)
[2025-10-15T14:53:53.201-0700][1251][info ][gc          ] GC(243) Pause Young (Normal) (G1 Evacuation Pause) 146369M->41406M(184320M) 193.925ms
[2025-10-15T14:53:53.202-0700][1251][info ][gc,cpu      ] GC(243) User=16.68s Sys=0.48s Real=0.20s
[2025-10-15T14:53:53.203-0700][1251][info ][safepoint   ] Safepoint "G1CollectForAllocation", Time since last: 5655781798 ns, Reaching safepoint: 1100710 ns, Cleanup: 5078 ns, At safepoint: 197037063 ns, Total: 198142851 ns
[2025-10-15T14:53:56.204-0700][1251][info ][safepoint   ] Safepoint "Cleanup", Time since last: 3000199735 ns, Reaching safepoint: 579735 ns, Cleanup: 10836 ns, At safepoint: 171348 ns, Total: 761919 ns
[2025-10-15T14:53:59.379-0700][1251][info ][gc,start    ] GC(244) Pause Young (Normal) (G1 Evacuation Pause)
[2025-10-15T14:53:59.379-0700][1251][info ][gc,task     ] GC(244) Using 113 workers of 113 for evacuation
[2025-10-15T14:53:59.395-0700][1251][debug][gc,remset   ] GC(244) Visited cards 23753984 Total dirty 72024064 (32.98%) Total old 526385152 (4.51%)
[2025-10-15T14:53:59.569-0700][1251][info ][gc,phases   ] GC(244)   Pre Evacuate Collection Set: 0.7ms
[2025-10-15T14:53:59.570-0700][1251][info ][gc,phases   ] GC(244)   Merge Heap Roots: 14.9ms
[2025-10-15T14:53:59.570-0700][1251][info ][gc,phases   ] GC(244)   Evacuate Collection Set: 151.5ms
[2025-10-15T14:53:59.570-0700][1251][info ][gc,phases   ] GC(244)   Post Evacuate Collection Set: 22.8ms
[2025-10-15T14:53:59.570-0700][1251][info ][gc,phases   ] GC(244)   Other: 0.2ms
[2025-10-15T14:53:59.570-0700][1251][debug][gc,remset   ] GC(244) Coarsening (recent): Inline->AoC 557695 (107) AoC->Howl 1106 (137) Howl->Full 0 (0) Inline->AoC 5219 (22) AoC->BitMap 817 (162) BitMap->Full 0 (0)
[2025-10-15T14:53:59.570-0700][1251][debug][gc,remset   ] GC(244) Coarsening (all): Inline->AoC 99083017 (24385) AoC->Howl 252368 (45520) Howl->Full 0 (0) Inline->AoC 1141480 (12706) AoC->BitMap 205047 (42793) BitMap->Full 5 (0)
[2025-10-15T14:53:59.570-0700][1251][info ][gc,heap     ] GC(244) Eden regions: 3281->0(3281)
[2025-10-15T14:53:59.570-0700][1251][info ][gc,heap     ] GC(244) Survivor regions: 175->175(432)
[2025-10-15T14:53:59.570-0700][1251][info ][gc,heap     ] GC(244) Old regions: 1120->1121
[2025-10-15T14:53:59.570-0700][1251][info ][gc,heap     ] GC(244) Humongous regions: 0->0
[2025-10-15T14:53:59.570-0700][1251][info ][gc,metaspace] GC(244) Metaspace: 299752K(304704K)->299752K(304704K) NonClass: 264144K(266880K)->264144K(266880K) Class: 35608K(37824K)->35608K(37824K)
[2025-10-15T14:53:59.570-0700][1251][info ][gc          ] GC(244) Pause Young (Normal) (G1 Evacuation Pause) 146398M->41444M(184320M) 190.310ms
[2025-10-15T14:53:59.571-0700][1251][info ][gc,cpu      ] GC(244) User=16.21s Sys=0.61s Real=0.19s
[2025-10-15T14:53:59.572-0700][1251][info ][safepoint   ] Safepoint "G1CollectForAllocation", Time since last: 3172402701 ns, Reaching safepoint: 1510999 ns, Cleanup: 5619 ns, At safepoint: 193490304 ns, Total: 195006922 ns
[2025-10-15T14:54:01.573-0700][1251][info ][safepoint   ] Safepoint "Cleanup", Time since last: 2000149775 ns, Reaching safepoint: 750131 ns, Cleanup: 10626 ns, At safepoint: 216857 ns, Total: 977614 ns
[2025-10-15T14:54:02.574-0700][1251][info ][safepoint   ] Safepoint "Cleanup", Time since last: 1000106225 ns, Reaching safepoint: 767177 ns, Cleanup: 10166 ns, At safepoint: 149295 ns, Total: 926638 ns
[2025-10-15T14:54:05.125-0700][1251][info ][gc,start    ] GC(245) Pause Young (Normal) (G1 Evacuation Pause)
[2025-10-15T14:54:05.125-0700][1251][info ][gc,task     ] GC(245) Using 113 workers of 113 for evacuation
[2025-10-15T14:54:05.141-0700][1251][debug][gc,remset   ] GC(245) Visited cards 23471360 Total dirty 72155136 (32.53%) Total old 526450688 (4.46%)
[2025-10-15T14:54:05.318-0700][1251][info ][gc,phases   ] GC(245)   Pre Evacuate Collection Set: 0.8ms
[2025-10-15T14:54:05.318-0700][1251][info ][gc,phases   ] GC(245)   Merge Heap Roots: 14.7ms
[2025-10-15T14:54:05.318-0700][1251][info ][gc,phases   ] GC(245)   Evacuate Collection Set: 152.9ms
[2025-10-15T14:54:05.318-0700][1251][info ][gc,phases   ] GC(245)   Post Evacuate Collection Set: 24.0ms
[2025-10-15T14:54:05.318-0700][1251][info ][gc,phases   ] GC(245)   Other: 0.2ms
[2025-10-15T14:54:05.318-0700][1251][debug][gc,remset   ] GC(245) Coarsening (recent): Inline->AoC 585035 (129) AoC->Howl 935 (125) Howl->Full 0 (0) Inline->AoC 4438 (28) AoC->BitMap 650 (121) BitMap->Full 0 (0)
[2025-10-15T14:54:05.318-0700][1251][debug][gc,remset   ] GC(245) Coarsening (all): Inline->AoC 99668052 (24514) AoC->Howl 253303 (45645) Howl->Full 0 (0) Inline->AoC 1145918 (12734) AoC->BitMap 205697 (42914) BitMap->Full 5 (0)
[2025-10-15T14:54:05.318-0700][1251][info ][gc,heap     ] GC(245) Eden regions: 3281->0(3280)
[2025-10-15T14:54:05.318-0700][1251][info ][gc,heap     ] GC(245) Survivor regions: 175->176(432)
[2025-10-15T14:54:05.318-0700][1251][info ][gc,heap     ] GC(245) Old regions: 1121->1122
[2025-10-15T14:54:05.318-0700][1251][info ][gc,heap     ] GC(245) Humongous regions: 0->0
[2025-10-15T14:54:05.318-0700][1251][info ][gc,metaspace] GC(245) Metaspace: 299756K(304704K)->299756K(304704K) NonClass: 264148K(266880K)->264148K(266880K) Class: 35608K(37824K)->35608K(37824K)
[2025-10-15T14:54:05.318-0700][1251][info ][gc          ] GC(245) Pause Young (Normal) (G1 Evacuation Pause) 146436M->41507M(184320M) 192.714ms
[2025-10-15T14:54:05.319-0700][1251][info ][gc,cpu      ] GC(245) User=16.66s Sys=0.42s Real=0.20s
[2025-10-15T14:54:05.320-0700][1251][info ][safepoint   ] Safepoint "G1CollectForAllocation", Time since last: 2549011921 ns, Reaching safepoint: 1319621 ns, Cleanup: 22924 ns, At safepoint: 195893890 ns, Total: 197236435 ns
[2025-10-15T14:54:06.321-0700][1251][info ][safepoint   ] Safepoint "Cleanup", Time since last: 1000081848 ns, Reaching safepoint: 687938 ns, Cleanup: 12258 ns, At safepoint: 188174 ns, Total: 888370 ns
[2025-10-15T14:54:07.322-0700][1251][info ][safepoint   ] Safepoint "Cleanup", Time since last: 1000097642 ns, Reaching safepoint: 722369 ns, Cleanup: 15133 ns, At safepoint: 201324 ns, Total: 938826 ns
[2025-10-15T14:54:08.323-0700][1251][info ][safepoint   ] Safepoint "Cleanup", Time since last: 1000096009 ns, Reaching safepoint: 765475 ns, Cleanup: 17927 ns, At safepoint: 255635 ns, Total: 1039037 ns
[2025-10-15T14:54:09.324-0700][1251][info ][safepoint   ] Safepoint "Cleanup", Time since last: 1000112184 ns, Reaching safepoint: 735740 ns, Cleanup: 13420 ns, At safepoint: 339782 ns, Total: 1088942 ns
[2025-10-15T14:54:11.079-0700][1251][info ][gc,start    ] GC(246) Pause Young (Normal) (G1 Evacuation Pause)
[2025-10-15T14:54:11.079-0700][1251][info ][gc,task     ] GC(246) Using 113 workers of 113 for evacuation
[2025-10-15T14:54:11.096-0700][1251][debug][gc,remset   ] GC(246) Visited cards 23679488 Total dirty 72089600 (32.85%) Total old 526516224 (4.50%)
[2025-10-15T14:54:11.283-0700][1251][info ][gc,mmu      ] GC(246) MMU target violated: 201.0ms (200.0ms/201.0ms)
[2025-10-15T14:54:11.283-0700][1251][info ][gc,phases   ] GC(246)   Pre Evacuate Collection Set: 0.8ms
[2025-10-15T14:54:11.283-0700][1251][info ][gc,phases   ] GC(246)   Merge Heap Roots: 15.6ms
[2025-10-15T14:54:11.283-0700][1251][info ][gc,phases   ] GC(246)   Evacuate Collection Set: 163.0ms
[2025-10-15T14:54:11.283-0700][1251][info ][gc,phases   ] GC(246)   Post Evacuate Collection Set: 23.7ms
[2025-10-15T14:54:11.283-0700][1251][info ][gc,phases   ] GC(246)   Other: 0.2ms
[2025-10-15T14:54:11.283-0700][1251][debug][gc,remset   ] GC(246) Coarsening (recent): Inline->AoC 563043 (111) AoC->Howl 1074 (147) Howl->Full 0 (0) Inline->AoC 4964 (36) AoC->BitMap 836 (190) BitMap->Full 0 (0)
[2025-10-15T14:54:11.283-0700][1251][debug][gc,remset   ] GC(246) Coarsening (all): Inline->AoC 100231095 (24625) AoC->Howl 254377 (45792) Howl->Full 0 (0) Inline->AoC 1150882 (12770) AoC->BitMap 206533 (43104) BitMap->Full 5 (0)
[2025-10-15T14:54:11.283-0700][1251][info ][gc,heap     ] GC(246) Eden regions: 3280->0(3277)
[2025-10-15T14:54:11.283-0700][1251][info ][gc,heap     ] GC(246) Survivor regions: 176->179(432)
[2025-10-15T14:54:11.283-0700][1251][info ][gc,heap     ] GC(246) Old regions: 1122->1122
[2025-10-15T14:54:11.283-0700][1251][info ][gc,heap     ] GC(246) Humongous regions: 0->0
[2025-10-15T14:54:11.283-0700][1251][info ][gc,metaspace] GC(246) Metaspace: 299772K(304704K)->299772K(304704K) NonClass: 264163K(266880K)->264163K(266880K) Class: 35608K(37824K)->35608K(37824K)
[2025-10-15T14:54:11.283-0700][1251][info ][gc          ] GC(246) Pause Young (Normal) (G1 Evacuation Pause) 146467M->41606M(184320M) 203.416ms
[2025-10-15T14:54:11.284-0700][1251][info ][gc,cpu      ] GC(246) User=16.87s Sys=0.35s Real=0.20s
[2025-10-15T14:54:11.285-0700][1251][info ][safepoint   ] Safepoint "G1CollectForAllocation", Time since last: 1752958373 ns, Reaching safepoint: 886968 ns, Cleanup: 5328 ns, At safepoint: 206644965 ns, Total: 207537261 ns
[2025-10-15T14:54:12.286-0700][1251][info ][safepoint   ] Safepoint "Cleanup", Time since last: 1000082800 ns, Reaching safepoint: 757843 ns, Cleanup: 14612 ns, At safepoint: 486403 ns, Total: 1258858 ns
[2025-10-15T14:54:13.287-0700][1251][info ][safepoint   ] Safepoint "Cleanup", Time since last: 1000108649 ns, Reaching safepoint: 669890 ns, Cleanup: 12078 ns, At safepoint: 191910 ns, Total: 873878 ns
[2025-10-15T14:54:14.289-0700][1251][info ][safepoint   ] Safepoint "Cleanup", Time since last: 1000106605 ns, Reaching safepoint: 739315 ns, Cleanup: 10987 ns, At safepoint: 355997 ns, Total: 1106299 ns
[2025-10-15T14:54:16.918-0700][1251][info ][gc,start    ] GC(247) Pause Young (Normal) (G1 Evacuation Pause)
[2025-10-15T14:54:16.918-0700][1251][info ][gc,task     ] GC(247) Using 113 workers of 113 for evacuation
[2025-10-15T14:54:16.934-0700][1251][debug][gc,remset   ] GC(247) Visited cards 23606528 Total dirty 72220672 (32.69%) Total old 526516224 (4.48%)
[2025-10-15T14:54:17.120-0700][1251][info ][gc,mmu      ] GC(247) MMU target violated: 201.0ms (200.0ms/201.0ms)
[2025-10-15T14:54:17.120-0700][1251][info ][gc,phases   ] GC(247)   Pre Evacuate Collection Set: 0.8ms
[2025-10-15T14:54:17.120-0700][1251][info ][gc,phases   ] GC(247)   Merge Heap Roots: 15.2ms
[2025-10-15T14:54:17.120-0700][1251][info ][gc,phases   ] GC(247)   Evacuate Collection Set: 160.9ms
[2025-10-15T14:54:17.120-0700][1251][info ][gc,phases   ] GC(247)   Post Evacuate Collection Set: 24.8ms
[2025-10-15T14:54:17.120-0700][1251][info ][gc,phases   ] GC(247)   Other: 0.2ms
[2025-10-15T14:54:17.120-0700][1251][debug][gc,remset   ] GC(247) Coarsening (recent): Inline->AoC 506626 (109) AoC->Howl 967 (115) Howl->Full 0 (0) Inline->AoC 4696 (21) AoC->BitMap 757 (157) BitMap->Full 0 (0)
[2025-10-15T14:54:17.120-0700][1251][debug][gc,remset   ] GC(247) Coarsening (all): Inline->AoC 100737721 (24734) AoC->Howl 255344 (45907) Howl->Full 0 (0) Inline->AoC 1155578 (12791) AoC->BitMap 207290 (43261) BitMap->Full 5 (0)
[2025-10-15T14:54:17.120-0700][1251][info ][gc,heap     ] GC(247) Eden regions: 3277->0(3279)
[2025-10-15T14:54:17.120-0700][1251][info ][gc,heap     ] GC(247) Survivor regions: 179->177(432)
[2025-10-15T14:54:17.120-0700][1251][info ][gc,heap     ] GC(247) Old regions: 1122->1123
[2025-10-15T14:54:17.120-0700][1251][info ][gc,heap     ] GC(247) Humongous regions: 0->0
[2025-10-15T14:54:17.120-0700][1251][info ][gc,metaspace] GC(247) Metaspace: 299777K(304704K)->299777K(304704K) NonClass: 264168K(266880K)->264168K(266880K) Class: 35608K(37824K)->35608K(37824K)
[2025-10-15T14:54:17.120-0700][1251][info ][gc          ] GC(247) Pause Young (Normal) (G1 Evacuation Pause) 146470M->41569M(184320M) 202.087ms
[2025-10-15T14:54:17.121-0700][1251][info ][gc,cpu      ] GC(247) User=16.91s Sys=0.38s Real=0.21s
[2025-10-15T14:54:17.122-0700][1251][info ][safepoint   ] Safepoint "G1CollectForAllocation", Time since last: 2627250590 ns, Reaching safepoint: 1189374 ns, Cleanup: 5047 ns, At safepoint: 205344114 ns, Total: 206538535 ns
[2025-10-15T14:54:18.123-0700][1251][info ][safepoint   ] Safepoint "Cleanup", Time since last: 1000084472 ns, Reaching safepoint: 588427 ns, Cleanup: 9364 ns, At safepoint: 140222 ns, Total: 738013 ns
[2025-10-15T14:54:22.138-0700][1251][info ][safepoint   ] Safepoint "Cleanup", Time since last: 4000289214 ns, Reaching safepoint: 10324653 ns, Cleanup: 66400 ns, At safepoint: 4449832 ns, Total: 14840885 ns
[2025-10-15T14:54:23.140-0700][1251][info ][safepoint   ] Safepoint "Cleanup", Time since last: 1000109509 ns, Reaching safepoint: 1640865 ns, Cleanup: 65549 ns, At safepoint: 308355 ns, Total: 2014769 ns
[2025-10-15T14:54:23.460-0700][1251][info ][gc,start    ] GC(248) Pause Young (Normal) (G1 Evacuation Pause)
[2025-10-15T14:54:23.460-0700][1251][info ][gc,task     ] GC(248) Using 113 workers of 113 for evacuation
[2025-10-15T14:54:23.476-0700][1251][debug][gc,remset   ] GC(248) Visited cards 25419008 Total dirty 72286208 (35.16%) Total old 526581760 (4.83%)
[2025-10-15T14:54:23.667-0700][1251][info ][gc,mmu      ] GC(248) MMU target violated: 201.0ms (200.0ms/201.0ms)
[2025-10-15T14:54:23.667-0700][1251][info ][gc,phases   ] GC(248)   Pre Evacuate Collection Set: 0.7ms
[2025-10-15T14:54:23.667-0700][1251][info ][gc,phases   ] GC(248)   Merge Heap Roots: 15.2ms
[2025-10-15T14:54:23.667-0700][1251][info ][gc,phases   ] GC(248)   Evacuate Collection Set: 165.1ms
[2025-10-15T14:54:23.667-0700][1251][info ][gc,phases   ] GC(248)   Post Evacuate Collection Set: 26.6ms
[2025-10-15T14:54:23.667-0700][1251][info ][gc,phases   ] GC(248)   Other: 0.2ms
[2025-10-15T14:54:23.667-0700][1251][debug][gc,remset   ] GC(248) Coarsening (recent): Inline->AoC 576669 (94) AoC->Howl 1142 (191) Howl->Full 0 (0) Inline->AoC 5105 (50) AoC->BitMap 1016 (225) BitMap->Full 0 (0)
[2025-10-15T14:54:23.667-0700][1251][debug][gc,remset   ] GC(248) Coarsening (all): Inline->AoC 101314390 (24828) AoC->Howl 256486 (46098) Howl->Full 0 (0) Inline->AoC 1160683 (12841) AoC->BitMap 208306 (43486) BitMap->Full 5 (0)
[2025-10-15T14:54:23.667-0700][1251][info ][gc,heap     ] GC(248) Eden regions: 3279->0(3254)
[2025-10-15T14:54:23.667-0700][1251][info ][gc,heap     ] GC(248) Survivor regions: 177->202(432)
[2025-10-15T14:54:23.667-0700][1251][info ][gc,heap     ] GC(248) Old regions: 1123->1124
[2025-10-15T14:54:23.667-0700][1251][info ][gc,heap     ] GC(248) Humongous regions: 0->0
[2025-10-15T14:54:23.667-0700][1251][info ][gc,metaspace] GC(248) Metaspace: 299832K(304768K)->299832K(304768K) NonClass: 264223K(266944K)->264223K(266944K) Class: 35608K(37824K)->35608K(37824K)
[2025-10-15T14:54:23.668-0700][1251][info ][gc          ] GC(248) Pause Young (Normal) (G1 Evacuation Pause) 146497M->42424M(184320M) 207.864ms
[2025-10-15T14:54:23.669-0700][1251][info ][gc,cpu      ] GC(248) User=18.46s Sys=0.11s Real=0.21s
[2025-10-15T14:54:23.670-0700][1251][info ][safepoint   ] Safepoint "G1CollectForAllocation", Time since last: 317442874 ns, Reaching safepoint: 768549 ns, Cleanup: 14202 ns, At safepoint: 211057951 ns, Total: 211840702 ns
[2025-10-15T14:54:24.671-0700][1251][info ][safepoint   ] Safepoint "Cleanup", Time since last: 1000095399 ns, Reaching safepoint: 628107 ns, Cleanup: 29805 ns, At safepoint: 136356 ns, Total: 794268 ns
[2025-10-15T14:54:25.672-0700][1251][info ][safepoint   ] Safepoint "Cleanup", Time since last: 1000102235 ns, Reaching safepoint: 702740 ns, Cleanup: 18277 ns, At safepoint: 332612 ns, Total: 1053629 ns
[2025-10-15T14:54:26.673-0700][1251][info ][safepoint   ] Safepoint "Cleanup", Time since last: 1000109061 ns, Reaching safepoint: 813016 ns, Cleanup: 61103 ns, At safepoint: 426242 ns, Total: 1300361 ns
[2025-10-15T14:54:27.675-0700][1251][info ][safepoint   ] Safepoint "Cleanup", Time since last: 1000128641 ns, Reaching safepoint: 862972 ns, Cleanup: 19859 ns, At safepoint: 610111 ns, Total: 1492942 ns
[2025-10-15T14:54:29.776-0700][1251][info ][gc,start    ] GC(249) Pause Young (Normal) (G1 Evacuation Pause)
[2025-10-15T14:54:29.776-0700][1251][info ][gc,task     ] GC(249) Using 113 workers of 113 for evacuation
[2025-10-15T14:54:29.792-0700][1251][debug][gc,remset   ] GC(249) Visited cards 26253056 Total dirty 72548352 (36.19%) Total old 526647296 (4.98%)
[2025-10-15T14:54:29.980-0700][1251][info ][gc,mmu      ] GC(249) MMU target violated: 201.0ms (200.0ms/201.0ms)
[2025-10-15T14:54:29.980-0700][1251][info ][gc,phases   ] GC(249)   Pre Evacuate Collection Set: 0.7ms
[2025-10-15T14:54:29.980-0700][1251][info ][gc,phases   ] GC(249)   Merge Heap Roots: 15.3ms
[2025-10-15T14:54:29.980-0700][1251][info ][gc,phases   ] GC(249)   Evacuate Collection Set: 162.5ms
[2025-10-15T14:54:29.980-0700][1251][info ][gc,phases   ] GC(249)   Post Evacuate Collection Set: 25.6ms
[2025-10-15T14:54:29.980-0700][1251][info ][gc,phases   ] GC(249)   Other: 0.2ms
[2025-10-15T14:54:29.980-0700][1251][debug][gc,remset   ] GC(249) Coarsening (recent): Inline->AoC 546181 (92) AoC->Howl 1057 (138) Howl->Full 0 (0) Inline->AoC 4885 (37) AoC->BitMap 913 (181) BitMap->Full 0 (0)
[2025-10-15T14:54:29.980-0700][1251][debug][gc,remset   ] GC(249) Coarsening (all): Inline->AoC 101860571 (24920) AoC->Howl 257543 (46236) Howl->Full 0 (0) Inline->AoC 1165568 (12878) AoC->BitMap 209219 (43667) BitMap->Full 5 (0)
[2025-10-15T14:54:29.980-0700][1251][info ][gc,heap     ] GC(249) Eden regions: 3254->0(3256)
[2025-10-15T14:54:29.980-0700][1251][info ][gc,heap     ] GC(249) Survivor regions: 202->200(432)
[2025-10-15T14:54:29.980-0700][1251][info ][gc,heap     ] GC(249) Old regions: 1124->1126
[2025-10-15T14:54:29.980-0700][1251][info ][gc,heap     ] GC(249) Humongous regions: 0->0
[2025-10-15T14:54:29.980-0700][1251][info ][gc,metaspace] GC(249) Metaspace: 299928K(304960K)->299928K(304960K) NonClass: 264302K(267072K)->264302K(267072K) Class: 35626K(37888K)->35626K(37888K)
[2025-10-15T14:54:29.980-0700][1251][info ][gc          ] GC(249) Pause Young (Normal) (G1 Evacuation Pause) 146552M->42400M(184320M) 204.461ms
[2025-10-15T14:54:29.981-0700][1251][info ][gc,cpu      ] GC(249) User=17.58s Sys=0.50s Real=0.21s
[2025-10-15T14:54:29.982-0700][1251][info ][safepoint   ] Safepoint "G1CollectForAllocation", Time since last: 2099108460 ns, Reaching safepoint: 851134 ns, Cleanup: 12549 ns, At safepoint: 207649029 ns, Total: 208512712 ns
[2025-10-15T14:54:30.983-0700][1251][info ][safepoint   ] Safepoint "Cleanup", Time since last: 1000085045 ns, Reaching safepoint: 710301 ns, Cleanup: 15513 ns, At safepoint: 192050 ns, Total: 917864 ns
[2025-10-15T14:54:31.984-0700][1251][info ][safepoint   ] Safepoint "Cleanup", Time since last: 1000120639 ns, Reaching safepoint: 753776 ns, Cleanup: 14763 ns, At safepoint: 218800 ns, Total: 987339 ns
[2025-10-15T14:54:32.986-0700][1251][info ][safepoint   ] Safepoint "Cleanup", Time since last: 1000106607 ns, Reaching safepoint: 962732 ns, Cleanup: 12949 ns, At safepoint: 265952 ns, Total: 1241633 ns
[2025-10-15T14:54:35.504-0700][1251][info ][gc,start    ] GC(250) Pause Young (Normal) (G1 Evacuation Pause)
[2025-10-15T14:54:35.504-0700][1251][info ][gc,task     ] GC(250) Using 113 workers of 113 for evacuation
[2025-10-15T14:54:35.519-0700][1251][debug][gc,remset   ] GC(250) Visited cards 25916928 Total dirty 72613888 (35.69%) Total old 526778368 (4.92%)
[2025-10-15T14:54:35.714-0700][1251][info ][gc,mmu      ] GC(250) MMU target violated: 201.0ms (200.0ms/201.0ms)
[2025-10-15T14:54:35.714-0700][1251][info ][gc,phases   ] GC(250)   Pre Evacuate Collection Set: 0.8ms
[2025-10-15T14:54:35.714-0700][1251][info ][gc,phases   ] GC(250)   Merge Heap Roots: 14.4ms
[2025-10-15T14:54:35.714-0700][1251][info ][gc,phases   ] GC(250)   Evacuate Collection Set: 171.9ms
[2025-10-15T14:54:35.714-0700][1251][info ][gc,phases   ] GC(250)   Post Evacuate Collection Set: 22.7ms
[2025-10-15T14:54:35.714-0700][1251][info ][gc,phases   ] GC(250)   Other: 0.2ms
[2025-10-15T14:54:35.714-0700][1251][debug][gc,remset   ] GC(250) Coarsening (recent): Inline->AoC 555808 (125) AoC->Howl 919 (127) Howl->Full 0 (0) Inline->AoC 4218 (37) AoC->BitMap 736 (182) BitMap->Full 0 (0)
[2025-10-15T14:54:35.714-0700][1251][debug][gc,remset   ] GC(250) Coarsening (all): Inline->AoC 102416379 (25045) AoC->Howl 258462 (46363) Howl->Full 0 (0) Inline->AoC 1169786 (12915) AoC->BitMap 209955 (43849) BitMap->Full 5 (0)
[2025-10-15T14:54:35.714-0700][1251][info ][gc,heap     ] GC(250) Eden regions: 3256->0(3253)
[2025-10-15T14:54:35.714-0700][1251][info ][gc,heap     ] GC(250) Survivor regions: 200->203(432)
[2025-10-15T14:54:35.714-0700][1251][info ][gc,heap     ] GC(250) Old regions: 1126->1126
[2025-10-15T14:54:35.714-0700][1251][info ][gc,heap     ] GC(250) Humongous regions: 0->0
[2025-10-15T14:54:35.714-0700][1251][info ][gc,metaspace] GC(250) Metaspace: 299928K(304960K)->299928K(304960K) NonClass: 264302K(267072K)->264302K(267072K) Class: 35626K(37888K)->35626K(37888K)
[2025-10-15T14:54:35.714-0700][1251][info ][gc          ] GC(250) Pause Young (Normal) (G1 Evacuation Pause) 146592M->42523M(184320M) 210.101ms
[2025-10-15T14:54:35.715-0700][1251][info ][gc,cpu      ] GC(250) User=18.23s Sys=0.41s Real=0.21s
[2025-10-15T14:54:35.716-0700][1251][info ][safepoint   ] Safepoint "G1CollectForAllocation", Time since last: 2515692858 ns, Reaching safepoint: 927599 ns, Cleanup: 5218 ns, At safepoint: 213363056 ns, Total: 214295873 ns
[2025-10-15T14:54:39.717-0700][1251][info ][safepoint   ] Safepoint "Cleanup", Time since last: 4000265838 ns, Reaching safepoint: 699425 ns, Cleanup: 12859 ns, At safepoint: 209957 ns, Total: 922241 ns
[2025-10-15T14:54:41.646-0700][1251][info ][gc,start    ] GC(251) Pause Young (Normal) (G1 Evacuation Pause)
[2025-10-15T14:54:41.647-0700][1251][info ][gc,task     ] GC(251) Using 113 workers of 113 for evacuation
[2025-10-15T14:54:41.662-0700][1251][debug][gc,remset   ] GC(251) Visited cards 25747200 Total dirty 72679424 (35.43%) Total old 526778368 (4.89%)
[2025-10-15T14:54:41.836-0700][1251][info ][gc,phases   ] GC(251)   Pre Evacuate Collection Set: 0.7ms
[2025-10-15T14:54:41.836-0700][1251][info ][gc,phases   ] GC(251)   Merge Heap Roots: 14.6ms
[2025-10-15T14:54:41.836-0700][1251][info ][gc,phases   ] GC(251)   Evacuate Collection Set: 149.7ms
[2025-10-15T14:54:41.836-0700][1251][info ][gc,phases   ] GC(251)   Post Evacuate Collection Set: 24.4ms
[2025-10-15T14:54:41.836-0700][1251][info ][gc,phases   ] GC(251)   Other: 0.1ms
[2025-10-15T14:54:41.836-0700][1251][debug][gc,remset   ] GC(251) Coarsening (recent): Inline->AoC 626165 (94) AoC->Howl 1075 (156) Howl->Full 0 (0) Inline->AoC 4927 (32) AoC->BitMap 858 (171) BitMap->Full 0 (0)
[2025-10-15T14:54:41.836-0700][1251][debug][gc,remset   ] GC(251) Coarsening (all): Inline->AoC 103042544 (25139) AoC->Howl 259537 (46519) Howl->Full 0 (0) Inline->AoC 1174713 (12947) AoC->BitMap 210813 (44020) BitMap->Full 5 (0)
[2025-10-15T14:54:41.836-0700][1251][info ][gc,heap     ] GC(251) Eden regions: 3253->0(3250)
[2025-10-15T14:54:41.836-0700][1251][info ][gc,heap     ] GC(251) Survivor regions: 203->206(432)
[2025-10-15T14:54:41.836-0700][1251][info ][gc,heap     ] GC(251) Old regions: 1126->1127
[2025-10-15T14:54:41.836-0700][1251][info ][gc,heap     ] GC(251) Humongous regions: 0->0
[2025-10-15T14:54:41.836-0700][1251][info ][gc,metaspace] GC(251) Metaspace: 299940K(304960K)->299940K(304960K) NonClass: 264313K(267072K)->264313K(267072K) Class: 35626K(37888K)->35626K(37888K)
[2025-10-15T14:54:41.836-0700][1251][info ][gc          ] GC(251) Pause Young (Normal) (G1 Evacuation Pause) 146619M->42626M(184320M) 189.685ms
[2025-10-15T14:54:41.837-0700][1251][info ][gc,cpu      ] GC(251) User=17.25s Sys=0.58s Real=0.19s
[2025-10-15T14:54:41.838-0700][1251][info ][safepoint   ] Safepoint "G1CollectForAllocation", Time since last: 1927752416 ns, Reaching safepoint: 704682 ns, Cleanup: 10586 ns, At safepoint: 192342836 ns, Total: 193058104 ns
[2025-10-15T14:54:47.169-0700][1251][info ][gc,start    ] GC(252) Pause Young (Normal) (G1 Evacuation Pause)
[2025-10-15T14:54:47.169-0700][1251][info ][gc,task     ] GC(252) Using 113 workers of 113 for evacuation
[2025-10-15T14:54:47.186-0700][1251][debug][gc,remset   ] GC(252) Visited cards 25993216 Total dirty 72810496 (35.70%) Total old 526843904 (4.93%)
[2025-10-15T14:54:47.385-0700][1251][info ][gc,mmu      ] GC(252) MMU target violated: 201.0ms (200.0ms/201.0ms)
[2025-10-15T14:54:47.385-0700][1251][info ][gc,phases   ] GC(252)   Pre Evacuate Collection Set: 0.8ms
[2025-10-15T14:54:47.385-0700][1251][info ][gc,phases   ] GC(252)   Merge Heap Roots: 15.3ms
[2025-10-15T14:54:47.385-0700][1251][info ][gc,phases   ] GC(252)   Evacuate Collection Set: 175.7ms
[2025-10-15T14:54:47.385-0700][1251][info ][gc,phases   ] GC(252)   Post Evacuate Collection Set: 23.7ms
[2025-10-15T14:54:47.385-0700][1251][info ][gc,phases   ] GC(252)   Other: 0.2ms
[2025-10-15T14:54:47.385-0700][1251][debug][gc,remset   ] GC(252) Coarsening (recent): Inline->AoC 538494 (119) AoC->Howl 976 (145) Howl->Full 0 (0) Inline->AoC 4658 (51) AoC->BitMap 874 (210) BitMap->Full 0 (0)
[2025-10-15T14:54:47.385-0700][1251][debug][gc,remset   ] GC(252) Coarsening (all): Inline->AoC 103581038 (25258) AoC->Howl 260513 (46664) Howl->Full 0 (0) Inline->AoC 1179371 (12998) AoC->BitMap 211687 (44230) BitMap->Full 5 (0)
[2025-10-15T14:54:47.385-0700][1251][info ][gc,heap     ] GC(252) Eden regions: 3250->0(3252)
[2025-10-15T14:54:47.385-0700][1251][info ][gc,heap     ] GC(252) Survivor regions: 206->204(432)
[2025-10-15T14:54:47.385-0700][1251][info ][gc,heap     ] GC(252) Old regions: 1127->1128
[2025-10-15T14:54:47.385-0700][1251][info ][gc,heap     ] GC(252) Humongous regions: 0->0
[2025-10-15T14:54:47.385-0700][1251][info ][gc,metaspace] GC(252) Metaspace: 299940K(304960K)->299940K(304960K) NonClass: 264313K(267072K)->264313K(267072K) Class: 35626K(37888K)->35626K(37888K)
[2025-10-15T14:54:47.385-0700][1251][info ][gc          ] GC(252) Pause Young (Normal) (G1 Evacuation Pause) 146626M->42589M(184320M) 215.999ms
[2025-10-15T14:54:47.386-0700][1251][info ][gc,cpu      ] GC(252) User=18.00s Sys=0.49s Real=0.21s
[2025-10-15T14:54:47.388-0700][1251][info ][safepoint   ] Safepoint "G1CollectForAllocation", Time since last: 5329162409 ns, Reaching safepoint: 1173209 ns, Cleanup: 4697 ns, At safepoint: 219493838 ns, Total: 220671744 ns
[2025-10-15T14:54:48.389-0700][1251][info ][safepoint   ] Safepoint "Cleanup", Time since last: 1000080586 ns, Reaching safepoint: 722329 ns, Cleanup: 14782 ns, At safepoint: 205470 ns, Total: 942581 ns
[2025-10-15T14:54:49.390-0700][1251][info ][safepoint   ] Safepoint "Cleanup", Time since last: 1000098924 ns, Reaching safepoint: 687777 ns, Cleanup: 48183 ns, At safepoint: 156035 ns, Total: 891995 ns
[2025-10-15T14:54:50.391-0700][1251][info ][safepoint   ] Safepoint "Cleanup", Time since last: 1000124001 ns, Reaching safepoint: 883733 ns, Cleanup: 18027 ns, At safepoint: 632724 ns, Total: 1534484 ns
[2025-10-15T14:54:51.393-0700][1251][info ][safepoint   ] Safepoint "Cleanup", Time since last: 1000116530 ns, Reaching safepoint: 785955 ns, Cleanup: 42685 ns, At safepoint: 352381 ns, Total: 1181021 ns
[2025-10-15T14:54:52.394-0700][1251][info ][safepoint   ] Safepoint "Cleanup", Time since last: 1000106735 ns, Reaching safepoint: 796301 ns, Cleanup: 10266 ns, At safepoint: 648278 ns, Total: 1454845 ns
[2025-10-15T14:54:52.920-0700][1251][info ][gc,start    ] GC(253) Pause Young (Normal) (G1 Evacuation Pause)
[2025-10-15T14:54:52.920-0700][1251][info ][gc,task     ] GC(253) Using 113 workers of 113 for evacuation
[2025-10-15T14:54:52.938-0700][1251][debug][gc,remset   ] GC(253) Visited cards 25363968 Total dirty 72941568 (34.77%) Total old 526909440 (4.81%)
[2025-10-15T14:54:53.144-0700][1251][info ][gc,mmu      ] GC(253) MMU target violated: 201.0ms (200.0ms/201.0ms)
[2025-10-15T14:54:53.144-0700][1251][info ][gc,phases   ] GC(253)   Pre Evacuate Collection Set: 1.3ms
[2025-10-15T14:54:53.144-0700][1251][info ][gc,phases   ] GC(253)   Merge Heap Roots: 16.8ms
[2025-10-15T14:54:53.144-0700][1251][info ][gc,phases   ] GC(253)   Evacuate Collection Set: 181.1ms
[2025-10-15T14:54:53.144-0700][1251][info ][gc,phases   ] GC(253)   Post Evacuate Collection Set: 24.9ms
[2025-10-15T14:54:53.144-0700][1251][info ][gc,phases   ] GC(253)   Other: 0.2ms
[2025-10-15T14:54:53.144-0700][1251][debug][gc,remset   ] GC(253) Coarsening (recent): Inline->AoC 525093 (85) AoC->Howl 1092 (198) Howl->Full 0 (0) Inline->AoC 4887 (41) AoC->BitMap 1136 (255) BitMap->Full 0 (0)
[2025-10-15T14:54:53.144-0700][1251][debug][gc,remset   ] GC(253) Coarsening (all): Inline->AoC 104106131 (25343) AoC->Howl 261605 (46862) Howl->Full 0 (0) Inline->AoC 1184258 (13039) AoC->BitMap 212823 (44485) BitMap->Full 5 (0)
[2025-10-15T14:54:53.144-0700][1251][info ][gc,heap     ] GC(253) Eden regions: 3252->0(3252)
[2025-10-15T14:54:53.144-0700][1251][info ][gc,heap     ] GC(253) Survivor regions: 204->204(432)
[2025-10-15T14:54:53.144-0700][1251][info ][gc,heap     ] GC(253) Old regions: 1128->1129
[2025-10-15T14:54:53.144-0700][1251][info ][gc,heap     ] GC(253) Humongous regions: 0->0
[2025-10-15T14:54:53.144-0700][1251][info ][gc,metaspace] GC(253) Metaspace: 299992K(305024K)->299992K(305024K) NonClass: 264356K(267136K)->264356K(267136K) Class: 35635K(37888K)->35635K(37888K)
[2025-10-15T14:54:53.144-0700][1251][info ][gc          ] GC(253) Pause Young (Normal) (G1 Evacuation Pause) 146653M->42633M(184320M) 224.496ms
[2025-10-15T14:54:53.145-0700][1251][info ][gc,cpu      ] GC(253) User=18.50s Sys=0.37s Real=0.22s
[2025-10-15T14:54:53.146-0700][1251][info ][safepoint   ] Safepoint "G1CollectForAllocation", Time since last: 521199377 ns, Reaching safepoint: 3179195 ns, Cleanup: 6180 ns, At safepoint: 227584150 ns, Total: 230769525 ns
[2025-10-15T14:54:54.147-0700][1251][info ][safepoint   ] Safepoint "Cleanup", Time since last: 1000088758 ns, Reaching safepoint: 652684 ns, Cleanup: 11007 ns, At safepoint: 118118 ns, Total: 781809 ns
[2025-10-15T14:54:55.148-0700][1251][info ][safepoint   ] Safepoint "Cleanup", Time since last: 1000107016 ns, Reaching safepoint: 668308 ns, Cleanup: 22503 ns, At safepoint: 132821 ns, Total: 823632 ns
[2025-10-15T14:54:56.149-0700][1251][info ][safepoint   ] Safepoint "Cleanup", Time since last: 1000101767 ns, Reaching safepoint: 779226 ns, Cleanup: 12058 ns, At safepoint: 352471 ns, Total: 1143755 ns
[2025-10-15T14:54:57.150-0700][1251][info ][safepoint   ] Safepoint "Cleanup", Time since last: 1000129069 ns, Reaching safepoint: 761428 ns, Cleanup: 12289 ns, At safepoint: 298070 ns, Total: 1071787 ns
[2025-10-15T14:54:58.919-0700][1251][info ][gc,start    ] GC(254) Pause Young (Normal) (G1 Evacuation Pause)
[2025-10-15T14:54:58.919-0700][1251][info ][gc,task     ] GC(254) Using 113 workers of 113 for evacuation
[2025-10-15T14:54:58.936-0700][1251][debug][gc,remset   ] GC(254) Visited cards 25564160 Total dirty 73138176 (34.95%) Total old 526974976 (4.85%)
[2025-10-15T14:54:59.132-0700][1251][info ][gc,mmu      ] GC(254) MMU target violated: 201.0ms (200.0ms/201.0ms)
[2025-10-15T14:54:59.132-0700][1251][info ][gc,phases   ] GC(254)   Pre Evacuate Collection Set: 0.8ms
[2025-10-15T14:54:59.132-0700][1251][info ][gc,phases   ] GC(254)   Merge Heap Roots: 15.2ms
[2025-10-15T14:54:59.132-0700][1251][info ][gc,phases   ] GC(254)   Evacuate Collection Set: 171.3ms
[2025-10-15T14:54:59.132-0700][1251][info ][gc,phases   ] GC(254)   Post Evacuate Collection Set: 25.4ms
[2025-10-15T14:54:59.132-0700][1251][info ][gc,phases   ] GC(254)   Other: 0.2ms
[2025-10-15T14:54:59.132-0700][1251][debug][gc,remset   ] GC(254) Coarsening (recent): Inline->AoC 573262 (99) AoC->Howl 1018 (163) Howl->Full 0 (0) Inline->AoC 4563 (50) AoC->BitMap 962 (228) BitMap->Full 0 (0)
[2025-10-15T14:54:59.132-0700][1251][debug][gc,remset   ] GC(254) Coarsening (all): Inline->AoC 104679393 (25442) AoC->Howl 262623 (47025) Howl->Full 0 (0) Inline->AoC 1188821 (13089) AoC->BitMap 213785 (44713) BitMap->Full 5 (0)
[2025-10-15T14:54:59.132-0700][1251][info ][gc,heap     ] GC(254) Eden regions: 3252->0(3252)
[2025-10-15T14:54:59.132-0700][1251][info ][gc,heap     ] GC(254) Survivor regions: 204->204(432)
[2025-10-15T14:54:59.132-0700][1251][info ][gc,heap     ] GC(254) Old regions: 1129->1130
[2025-10-15T14:54:59.132-0700][1251][info ][gc,heap     ] GC(254) Humongous regions: 0->0
[2025-10-15T14:54:59.132-0700][1251][info ][gc,metaspace] GC(254) Metaspace: 299992K(305024K)->299992K(305024K) NonClass: 264356K(267136K)->264356K(267136K) Class: 35635K(37888K)->35635K(37888K)
[2025-10-15T14:54:59.132-0700][1251][info ][gc          ] GC(254) Pause Young (Normal) (G1 Evacuation Pause) 146697M->42679M(184320M) 213.095ms
[2025-10-15T14:54:59.133-0700][1251][info ][gc,cpu      ] GC(254) User=17.87s Sys=0.35s Real=0.21s
[2025-10-15T14:54:59.135-0700][1251][info ][safepoint   ] Safepoint "G1CollectForAllocation", Time since last: 1766880237 ns, Reaching safepoint: 971345 ns, Cleanup: 5469 ns, At safepoint: 216326901 ns, Total: 217303715 ns
[2025-10-15T14:55:01.136-0700][1251][info ][safepoint   ] Safepoint "Cleanup", Time since last: 2000143874 ns, Reaching safepoint: 798465 ns, Cleanup: 31227 ns, At safepoint: 189636 ns, Total: 1019328 ns
[2025-10-15T14:55:04.697-0700][1251][info ][gc,start    ] GC(255) Pause Young (Normal) (G1 Evacuation Pause)
[2025-10-15T14:55:04.697-0700][1251][info ][gc,task     ] GC(255) Using 113 workers of 113 for evacuation
[2025-10-15T14:55:04.713-0700][1251][debug][gc,remset   ] GC(255) Visited cards 25279232 Total dirty 73203712 (34.53%) Total old 527040512 (4.80%)
[2025-10-15T14:55:04.921-0700][1251][info ][gc,mmu      ] GC(255) MMU target violated: 201.0ms (200.0ms/201.0ms)
[2025-10-15T14:55:04.921-0700][1251][info ][gc,phases   ] GC(255)   Pre Evacuate Collection Set: 0.8ms
[2025-10-15T14:55:04.921-0700][1251][info ][gc,phases   ] GC(255)   Merge Heap Roots: 15.1ms
[2025-10-15T14:55:04.921-0700][1251][info ][gc,phases   ] GC(255)   Evacuate Collection Set: 181.1ms
[2025-10-15T14:55:04.921-0700][1251][info ][gc,phases   ] GC(255)   Post Evacuate Collection Set: 26.3ms
[2025-10-15T14:55:04.921-0700][1251][info ][gc,phases   ] GC(255)   Other: 0.2ms
[2025-10-15T14:55:04.921-0700][1251][debug][gc,remset   ] GC(255) Coarsening (recent): Inline->AoC 543295 (129) AoC->Howl 1151 (179) Howl->Full 0 (0) Inline->AoC 5382 (51) AoC->BitMap 1118 (276) BitMap->Full 0 (0)
[2025-10-15T14:55:04.921-0700][1251][debug][gc,remset   ] GC(255) Coarsening (all): Inline->AoC 105222688 (25571) AoC->Howl 263774 (47204) Howl->Full 0 (0) Inline->AoC 1194203 (13140) AoC->BitMap 214903 (44989) BitMap->Full 5 (0)
[2025-10-15T14:55:04.921-0700][1251][info ][gc,heap     ] GC(255) Eden regions: 3252->0(3249)
[2025-10-15T14:55:04.921-0700][1251][info ][gc,heap     ] GC(255) Survivor regions: 204->207(432)
[2025-10-15T14:55:04.921-0700][1251][info ][gc,heap     ] GC(255) Old regions: 1130->1131
[2025-10-15T14:55:04.921-0700][1251][info ][gc,heap     ] GC(255) Humongous regions: 0->0
[2025-10-15T14:55:04.921-0700][1251][info ][gc,metaspace] GC(255) Metaspace: 299995K(305024K)->299995K(305024K) NonClass: 264359K(267136K)->264359K(267136K) Class: 35635K(37888K)->35635K(37888K)
[2025-10-15T14:55:04.921-0700][1251][info ][gc          ] GC(255) Pause Young (Normal) (G1 Evacuation Pause) 146743M->42794M(184320M) 223.584ms
[2025-10-15T14:55:04.922-0700][1251][info ][gc,cpu      ] GC(255) User=18.11s Sys=0.52s Real=0.23s
[2025-10-15T14:55:04.923-0700][1251][info ][safepoint   ] Safepoint "G1CollectForAllocation", Time since last: 3559274889 ns, Reaching safepoint: 994751 ns, Cleanup: 18257 ns, At safepoint: 226815401 ns, Total: 227828409 ns
[2025-10-15T14:55:10.635-0700][1251][info ][gc,start    ] GC(256) Pause Young (Normal) (G1 Evacuation Pause)
[2025-10-15T14:55:10.635-0700][1251][info ][gc,task     ] GC(256) Using 113 workers of 113 for evacuation
[2025-10-15T14:55:10.652-0700][1251][debug][gc,remset   ] GC(256) Visited cards 26041856 Total dirty 73269248 (35.54%) Total old 527106048 (4.94%)
[2025-10-15T14:55:10.852-0700][1251][info ][gc,mmu      ] GC(256) MMU target violated: 201.0ms (200.0ms/201.0ms)
[2025-10-15T14:55:10.852-0700][1251][info ][gc,phases   ] GC(256)   Pre Evacuate Collection Set: 0.8ms
[2025-10-15T14:55:10.852-0700][1251][info ][gc,phases   ] GC(256)   Merge Heap Roots: 16.1ms
[2025-10-15T14:55:10.852-0700][1251][info ][gc,phases   ] GC(256)   Evacuate Collection Set: 173.8ms
[2025-10-15T14:55:10.852-0700][1251][info ][gc,phases   ] GC(256)   Post Evacuate Collection Set: 25.8ms
[2025-10-15T14:55:10.852-0700][1251][info ][gc,phases   ] GC(256)   Other: 0.2ms
[2025-10-15T14:55:10.852-0700][1251][debug][gc,remset   ] GC(256) Coarsening (recent): Inline->AoC 471572 (105) AoC->Howl 1115 (172) Howl->Full 0 (0) Inline->AoC 5155 (38) AoC->BitMap 1074 (217) BitMap->Full 0 (0)
[2025-10-15T14:55:10.852-0700][1251][debug][gc,remset   ] GC(256) Coarsening (all): Inline->AoC 105694260 (25676) AoC->Howl 264889 (47376) Howl->Full 0 (0) Inline->AoC 1199358 (13178) AoC->BitMap 215977 (45206) BitMap->Full 5 (0)
[2025-10-15T14:55:10.852-0700][1251][info ][gc,heap     ] GC(256) Eden regions: 3249->0(3247)
[2025-10-15T14:55:10.852-0700][1251][info ][gc,heap     ] GC(256) Survivor regions: 207->209(432)
[2025-10-15T14:55:10.852-0700][1251][info ][gc,heap     ] GC(256) Old regions: 1131->1132
[2025-10-15T14:55:10.852-0700][1251][info ][gc,heap     ] GC(256) Humongous regions: 0->0
[2025-10-15T14:55:10.852-0700][1251][info ][gc,metaspace] GC(256) Metaspace: 300007K(305088K)->300007K(305088K) NonClass: 264372K(267200K)->264372K(267200K) Class: 35635K(37888K)->35635K(37888K)
[2025-10-15T14:55:10.852-0700][1251][info ][gc          ] GC(256) Pause Young (Normal) (G1 Evacuation Pause) 146762M->42900M(184320M) 216.953ms
[2025-10-15T14:55:10.853-0700][1251][info ][gc,cpu      ] GC(256) User=17.71s Sys=0.33s Real=0.22s
[2025-10-15T14:55:10.854-0700][1251][info ][safepoint   ] Safepoint "G1CollectForAllocation", Time since last: 5710048343 ns, Reaching safepoint: 1373241 ns, Cleanup: 6199 ns, At safepoint: 219837587 ns, Total: 221217027 ns
[2025-10-15T14:55:11.310-0700][1251][info ][gc,start    ] GC(257) Pause Young (Concurrent Start) (CodeCache GC Threshold)
[2025-10-15T14:55:11.310-0700][1251][info ][gc,task     ] GC(257) Using 113 workers of 113 for evacuation
[2025-10-15T14:55:11.330-0700][1251][debug][gc,remset   ] GC(257) Visited cards 25266944 Total dirty 73269248 (34.49%) Total old 156237824 (16.17%)
[2025-10-15T14:55:11.517-0700][1251][info ][gc,mmu      ] GC(257) MMU target violated: 201.0ms (200.0ms/201.0ms)
[2025-10-15T14:55:11.518-0700][1251][info ][gc,phases   ] GC(257)   Pre Evacuate Collection Set: 1.0ms
[2025-10-15T14:55:11.518-0700][1251][info ][gc,phases   ] GC(257)   Merge Heap Roots: 18.2ms
[2025-10-15T14:55:11.518-0700][1251][info ][gc,phases   ] GC(257)   Evacuate Collection Set: 168.6ms
[2025-10-15T14:55:11.518-0700][1251][info ][gc,phases   ] GC(257)   Post Evacuate Collection Set: 19.3ms
[2025-10-15T14:55:11.518-0700][1251][info ][gc,phases   ] GC(257)   Other: 0.2ms
[2025-10-15T14:55:11.518-0700][1251][debug][gc,remset   ] GC(257) Coarsening (recent): Inline->AoC 15290 (2) AoC->Howl 233 (35) Howl->Full 0 (0) Inline->AoC 1100 (3) AoC->BitMap 71 (16) BitMap->Full 0 (0)
[2025-10-15T14:55:11.518-0700][1251][debug][gc,remset   ] GC(257) Coarsening (all): Inline->AoC 105709550 (25678) AoC->Howl 265122 (47411) Howl->Full 0 (0) Inline->AoC 1200458 (13181) AoC->BitMap 216048 (45222) BitMap->Full 5 (0)
[2025-10-15T14:55:11.518-0700][1251][info ][gc,heap     ] GC(257) Eden regions: 417->0(591)
[2025-10-15T14:55:11.518-0700][1251][info ][gc,heap     ] GC(257) Survivor regions: 209->205(432)
[2025-10-15T14:55:11.518-0700][1251][info ][gc,heap     ] GC(257) Old regions: 1132->1133
[2025-10-15T14:55:11.518-0700][1251][info ][gc,heap     ] GC(257) Humongous regions: 0->0
[2025-10-15T14:55:11.518-0700][1251][info ][gc,metaspace] GC(257) Metaspace: 300027K(305088K)->300027K(305088K) NonClass: 264389K(267200K)->264389K(267200K) Class: 35638K(37888K)->35638K(37888K)
[2025-10-15T14:55:11.518-0700][1251][info ][gc          ] GC(257) Pause Young (Concurrent Start) (CodeCache GC Threshold) 56244M->42805M(184320M) 207.470ms
[2025-10-15T14:55:11.518-0700][1134][info ][gc          ] GC(258) Concurrent Mark Cycle
[2025-10-15T14:55:11.518-0700][1134][info ][gc,marking  ] GC(258) Concurrent Scan Root Regions
[2025-10-15T14:55:11.519-0700][1251][info ][gc,cpu      ] GC(257) User=16.17s Sys=0.21s Real=0.21s
[2025-10-15T14:55:11.521-0700][1251][info ][safepoint   ] Safepoint "G1TryInitiateConcMark", Time since last: 452530652 ns, Reaching safepoint: 2345889 ns, Cleanup: 61322 ns, At safepoint: 211921406 ns, Total: 214328617 ns
[2025-10-15T14:55:11.639-0700][1134][info ][gc,marking  ] GC(258) Concurrent Scan Root Regions 120.528ms
[2025-10-15T14:55:11.639-0700][1134][info ][gc,marking  ] GC(258) Concurrent Mark
[2025-10-15T14:55:11.639-0700][1134][info ][gc,marking  ] GC(258) Concurrent Mark From Roots
[2025-10-15T14:55:11.639-0700][1134][info ][gc,task     ] GC(258) Using 36 workers of 36 for marking
[2025-10-15T14:55:12.400-0700][1134][info ][gc,marking  ] GC(258) Concurrent Mark From Roots 761.262ms
[2025-10-15T14:55:12.400-0700][1134][info ][gc,marking  ] GC(258) Concurrent Preclean
[2025-10-15T14:55:12.419-0700][1134][info ][gc,marking  ] GC(258) Concurrent Preclean 18.916ms
[2025-10-15T14:55:12.421-0700][1251][info ][gc,start    ] GC(258) Pause Remark
[2025-10-15T14:55:13.046-0700][1251][info ][gc,mmu      ] GC(258) MMU target violated: 201.0ms (200.0ms/201.0ms)
[2025-10-15T14:55:13.046-0700][1251][info ][gc          ] GC(258) Pause Remark 60716M->60716M(184320M) 625.292ms
[2025-10-15T14:55:13.047-0700][1251][info ][gc,cpu      ] GC(258) User=14.11s Sys=0.10s Real=0.62s
[2025-10-15T14:55:13.063-0700][1251][info ][safepoint   ] Safepoint "G1PauseRemark", Time since last: 897873154 ns, Reaching safepoint: 756401 ns, Cleanup: 118729 ns, At safepoint: 643548730 ns, Total: 644423860 ns
[2025-10-15T14:55:13.064-0700][1134][info ][gc,marking  ] GC(258) Concurrent Mark 1425.014ms
[2025-10-15T14:55:13.064-0700][1134][info ][gc,marking  ] GC(258) Concurrent Rebuild Remembered Sets and Scrub Regions
[2025-10-15T14:55:14.065-0700][1251][info ][safepoint   ] Safepoint "Cleanup", Time since last: 1000119203 ns, Reaching safepoint: 820618 ns, Cleanup: 307414 ns, At safepoint: 264920 ns, Total: 1392952 ns
[2025-10-15T14:55:14.075-0700][1134][info ][gc,marking  ] GC(258) Concurrent Rebuild Remembered Sets and Scrub Regions 1011.671ms
[2025-10-15T14:55:14.077-0700][1251][info ][gc,start    ] GC(258) Pause Cleanup
[2025-10-15T14:55:14.079-0700][1251][info ][gc          ] GC(258) Pause Cleanup 83600M->83600M(184320M) 2.327ms
[2025-10-15T14:55:14.080-0700][1251][info ][gc,cpu      ] GC(258) User=0.01s Sys=0.00s Real=0.01s
[2025-10-15T14:55:14.081-0700][1251][info ][safepoint   ] Safepoint "G1PauseCleanup", Time since last: 10558715 ns, Reaching safepoint: 628478 ns, Cleanup: 3926 ns, At safepoint: 4683615 ns, Total: 5316019 ns
[2025-10-15T14:55:14.081-0700][1134][info ][gc,marking  ] GC(258) Concurrent Clear Claimed Marks
[2025-10-15T14:55:14.081-0700][1134][info ][gc,marking  ] GC(258) Concurrent Clear Claimed Marks 0.752ms
[2025-10-15T14:55:14.081-0700][1134][info ][gc,marking  ] GC(258) Concurrent Cleanup for Next Mark
[2025-10-15T14:55:14.094-0700][1251][info ][gc,start    ] GC(259) Pause Young (Prepare Mixed) (G1 Evacuation Pause)
[2025-10-15T14:55:14.094-0700][1251][info ][gc,task     ] GC(259) Using 113 workers of 113 for evacuation
[2025-10-15T14:55:14.109-0700][1251][debug][gc,remset   ] GC(259) Visited cards 27160832 Total dirty 73400320 (37.00%) Total old 268632064 (10.11%)
[2025-10-15T14:55:14.290-0700][1251][info ][gc,phases   ] GC(259)   Pre Evacuate Collection Set: 0.7ms
[2025-10-15T14:55:14.290-0700][1251][info ][gc,phases   ] GC(259)   Merge Heap Roots: 14.1ms
[2025-10-15T14:55:14.290-0700][1251][info ][gc,phases   ] GC(259)   Evacuate Collection Set: 163.1ms
[2025-10-15T14:55:14.290-0700][1251][info ][gc,phases   ] GC(259)   Post Evacuate Collection Set: 18.3ms
[2025-10-15T14:55:14.290-0700][1251][info ][gc,phases   ] GC(259)   Other: 0.1ms
[2025-10-15T14:55:14.290-0700][1251][debug][gc,remset   ] GC(259) Coarsening (recent): Inline->AoC 487428 (150) AoC->Howl 17373 (363) Howl->Full 0 (0) Inline->AoC 101405 (120) AoC->BitMap 18587 (577) BitMap->Full 0 (0)
[2025-10-15T14:55:14.290-0700][1251][debug][gc,remset   ] GC(259) Coarsening (all): Inline->AoC 106196978 (25828) AoC->Howl 282495 (47774) Howl->Full 0 (0) Inline->AoC 1301863 (13301) AoC->BitMap 234635 (45799) BitMap->Full 5 (0)
[2025-10-15T14:55:14.290-0700][1251][info ][gc,heap     ] GC(259) Eden regions: 1278->0(1146)
[2025-10-15T14:55:14.290-0700][1251][info ][gc,heap     ] GC(259) Survivor regions: 205->137(186)
[2025-10-15T14:55:14.290-0700][1251][info ][gc,heap     ] GC(259) Old regions: 1133->1206
[2025-10-15T14:55:14.290-0700][1251][info ][gc,heap     ] GC(259) Humongous regions: 0->0
[2025-10-15T14:55:14.290-0700][1251][info ][gc,metaspace] GC(259) Metaspace: 300009K(305088K)->300009K(305088K) NonClass: 264399K(267264K)->264399K(267264K) Class: 35610K(37824K)->35610K(37824K)
[2025-10-15T14:55:14.290-0700][1251][info ][gc          ] GC(259) Pause Young (Prepare Mixed) (G1 Evacuation Pause) 83701M->42951M(184320M) 196.482ms
[2025-10-15T14:55:14.291-0700][1251][info ][gc,cpu      ] GC(259) User=17.43s Sys=0.20s Real=0.20s
[2025-10-15T14:55:14.292-0700][1251][info ][safepoint   ] Safepoint "G1CollectForAllocation", Time since last: 10786289 ns, Reaching safepoint: 1280381 ns, Cleanup: 4287 ns, At safepoint: 199718780 ns, Total: 201003448 ns
[2025-10-15T14:55:14.311-0700][1134][info ][gc,marking  ] GC(258) Concurrent Cleanup for Next Mark 229.897ms
[2025-10-15T14:55:14.311-0700][1134][info ][gc          ] GC(258) Concurrent Mark Cycle 2793.482ms
[2025-10-15T14:55:16.294-0700][1251][info ][safepoint   ] Safepoint "Cleanup", Time since last: 2000150515 ns, Reaching safepoint: 712805 ns, Cleanup: 39660 ns, At safepoint: 261925 ns, Total: 1014390 ns
[2025-10-15T14:55:16.885-0700][1251][info ][gc,start    ] GC(260) Pause Young (Mixed) (G1 Evacuation Pause)
[2025-10-15T14:55:16.885-0700][1251][info ][gc,task     ] GC(260) Using 113 workers of 113 for evacuation
[2025-10-15T14:55:16.900-0700][1251][debug][gc,remset   ] GC(260) Visited cards 27569920 Total dirty 75431936 (36.55%) Total old 309329920 (8.91%)
[2025-10-15T14:55:17.059-0700][1251][info ][gc,phases   ] GC(260)   Pre Evacuate Collection Set: 0.9ms
[2025-10-15T14:55:17.059-0700][1251][info ][gc,phases   ] GC(260)   Merge Heap Roots: 14.8ms
[2025-10-15T14:55:17.059-0700][1251][info ][gc,phases   ] GC(260)   Evacuate Collection Set: 140.2ms
[2025-10-15T14:55:17.059-0700][1251][info ][gc,phases   ] GC(260)   Post Evacuate Collection Set: 18.3ms
[2025-10-15T14:55:17.059-0700][1251][info ][gc,phases   ] GC(260)   Other: 0.2ms
[2025-10-15T14:55:17.059-0700][1251][debug][gc,remset   ] GC(260) Coarsening (recent): Inline->AoC 333763 (184) AoC->Howl 628 (119) Howl->Full 0 (0) Inline->AoC 2985 (52) AoC->BitMap 247 (66) BitMap->Full 0 (0)
[2025-10-15T14:55:17.059-0700][1251][debug][gc,remset   ] GC(260) Coarsening (all): Inline->AoC 106530741 (26012) AoC->Howl 283123 (47893) Howl->Full 0 (0) Inline->AoC 1304848 (13353) AoC->BitMap 234882 (45865) BitMap->Full 5 (0)
[2025-10-15T14:55:17.059-0700][1251][info ][gc,heap     ] GC(260) Eden regions: 1595->0(1804)
[2025-10-15T14:55:17.059-0700][1251][info ][gc,heap     ] GC(260) Survivor regions: 137->128(217)
[2025-10-15T14:55:17.059-0700][1251][info ][gc,heap     ] GC(260) Old regions: 1206->1176
[2025-10-15T14:55:17.059-0700][1251][info ][gc,heap     ] GC(260) Humongous regions: 0->0
[2025-10-15T14:55:17.059-0700][1251][info ][gc,metaspace] GC(260) Metaspace: 300050K(305088K)->300050K(305088K) NonClass: 264440K(267264K)->264440K(267264K) Class: 35610K(37824K)->35610K(37824K)
[2025-10-15T14:55:17.059-0700][1251][info ][gc          ] GC(260) Pause Young (Mixed) (G1 Evacuation Pause) 93991M->41722M(184320M) 174.675ms
[2025-10-15T14:55:17.060-0700][1251][info ][gc,cpu      ] GC(260) User=14.01s Sys=0.20s Real=0.18s
[2025-10-15T14:55:17.061-0700][1251][info ][safepoint   ] Safepoint "G1CollectForAllocation", Time since last: 588671578 ns, Reaching safepoint: 1156814 ns, Cleanup: 13511 ns, At safepoint: 177727621 ns, Total: 178897946 ns
[2025-10-15T14:55:18.062-0700][1251][info ][safepoint   ] Safepoint "Cleanup", Time since last: 1000068547 ns, Reaching safepoint: 662349 ns, Cleanup: 38017 ns, At safepoint: 124999 ns, Total: 825365 ns
[2025-10-15T14:55:19.063-0700][1251][info ][safepoint   ] Safepoint "Cleanup", Time since last: 1000102759 ns, Reaching safepoint: 741889 ns, Cleanup: 45999 ns, At safepoint: 207824 ns, Total: 995712 ns
[2025-10-15T14:55:20.065-0700][1251][info ][safepoint   ] Safepoint "Cleanup", Time since last: 1000123099 ns, Reaching safepoint: 694157 ns, Cleanup: 68083 ns, At safepoint: 545232 ns, Total: 1307472 ns
[2025-10-15T14:55:20.691-0700][1251][info ][gc,start    ] GC(261) Pause Young (Mixed) (G1 Evacuation Pause)
[2025-10-15T14:55:20.691-0700][1251][info ][gc,task     ] GC(261) Using 113 workers of 113 for evacuation
[2025-10-15T14:55:20.706-0700][1251][debug][gc,remset   ] GC(261) Visited cards 28301824 Total dirty 73269248 (38.63%) Total old 349306880 (8.10%)
[2025-10-15T14:55:20.874-0700][1251][info ][gc,phases   ] GC(261)   Pre Evacuate Collection Set: 0.8ms
[2025-10-15T14:55:20.874-0700][1251][info ][gc,phases   ] GC(261)   Merge Heap Roots: 14.8ms
[2025-10-15T14:55:20.874-0700][1251][info ][gc,phases   ] GC(261)   Evacuate Collection Set: 147.3ms
[2025-10-15T14:55:20.874-0700][1251][info ][gc,phases   ] GC(261)   Post Evacuate Collection Set: 20.6ms
[2025-10-15T14:55:20.874-0700][1251][info ][gc,phases   ] GC(261)   Other: 0.2ms
[2025-10-15T14:55:20.874-0700][1251][debug][gc,remset   ] GC(261) Coarsening (recent): Inline->AoC 393158 (190) AoC->Howl 1090 (257) Howl->Full 0 (0) Inline->AoC 4765 (75) AoC->BitMap 585 (163) BitMap->Full 0 (0)
[2025-10-15T14:55:20.874-0700][1251][debug][gc,remset   ] GC(261) Coarsening (all): Inline->AoC 106923899 (26202) AoC->Howl 284213 (48150) Howl->Full 0 (0) Inline->AoC 1309613 (13428) AoC->BitMap 235467 (46028) BitMap->Full 5 (0)
[2025-10-15T14:55:20.874-0700][1251][info ][gc,heap     ] GC(261) Eden regions: 1924->0(2105)
[2025-10-15T14:55:20.874-0700][1251][info ][gc,heap     ] GC(261) Survivor regions: 128->138(257)
[2025-10-15T14:55:20.874-0700][1251][info ][gc,heap     ] GC(261) Old regions: 1176->1136
[2025-10-15T14:55:20.874-0700][1251][info ][gc,heap     ] GC(261) Humongous regions: 0->0
[2025-10-15T14:55:20.874-0700][1251][info ][gc,metaspace] GC(261) Metaspace: 300084K(305088K)->300084K(305088K) NonClass: 264471K(267264K)->264471K(267264K) Class: 35612K(37824K)->35612K(37824K)
[2025-10-15T14:55:20.874-0700][1251][info ][gc          ] GC(261) Pause Young (Mixed) (G1 Evacuation Pause) 103290M->40760M(184320M) 183.802ms
[2025-10-15T14:55:20.875-0700][1251][info ][gc,cpu      ] GC(261) User=14.87s Sys=0.29s Real=0.18s
[2025-10-15T14:55:20.876-0700][1251][info ][safepoint   ] Safepoint "G1CollectForAllocation", Time since last: 623704969 ns, Reaching safepoint: 1125888 ns, Cleanup: 47622 ns, At safepoint: 186781978 ns, Total: 187955488 ns
[2025-10-15T14:55:21.877-0700][1251][info ][safepoint   ] Safepoint "Cleanup", Time since last: 1000099825 ns, Reaching safepoint: 698804 ns, Cleanup: 29564 ns, At safepoint: 193522 ns, Total: 921890 ns
[2025-10-15T14:55:22.879-0700][1251][info ][safepoint   ] Safepoint "Cleanup", Time since last: 1000109299 ns, Reaching safepoint: 1575446 ns, Cleanup: 17306 ns, At safepoint: 380764 ns, Total: 1973516 ns
[2025-10-15T14:55:23.881-0700][1251][info ][safepoint   ] Safepoint "Cleanup", Time since last: 1000101167 ns, Reaching safepoint: 810002 ns, Cleanup: 32739 ns, At safepoint: 441436 ns, Total: 1284177 ns
[2025-10-15T14:55:24.489-0700][1251][info ][gc,start    ] GC(262) Pause Young (Mixed) (G1 Evacuation Pause)
[2025-10-15T14:55:24.489-0700][1251][info ][gc,task     ] GC(262) Using 113 workers of 113 for evacuation
[2025-10-15T14:55:24.505-0700][1251][debug][gc,remset   ] GC(262) Visited cards 27255040 Total dirty 70451200 (38.69%) Total old 376569856 (7.24%)
[2025-10-15T14:55:24.682-0700][1251][info ][gc,phases   ] GC(262)   Pre Evacuate Collection Set: 0.7ms
[2025-10-15T14:55:24.682-0700][1251][info ][gc,phases   ] GC(262)   Merge Heap Roots: 14.9ms
[2025-10-15T14:55:24.682-0700][1251][info ][gc,phases   ] GC(262)   Evacuate Collection Set: 154.6ms
[2025-10-15T14:55:24.682-0700][1251][info ][gc,phases   ] GC(262)   Post Evacuate Collection Set: 22.3ms
[2025-10-15T14:55:24.682-0700][1251][info ][gc,phases   ] GC(262)   Other: 0.2ms
[2025-10-15T14:55:24.682-0700][1251][debug][gc,remset   ] GC(262) Coarsening (recent): Inline->AoC 442808 (187) AoC->Howl 1046 (247) Howl->Full 0 (0) Inline->AoC 4409 (73) AoC->BitMap 553 (159) BitMap->Full 0 (0)
[2025-10-15T14:55:24.682-0700][1251][debug][gc,remset   ] GC(262) Coarsening (all): Inline->AoC 107366707 (26389) AoC->Howl 285259 (48397) Howl->Full 0 (0) Inline->AoC 1314022 (13501) AoC->BitMap 236020 (46187) BitMap->Full 5 (0)
[2025-10-15T14:55:24.682-0700][1251][info ][gc,heap     ] GC(262) Eden regions: 2142->0(2129)
[2025-10-15T14:55:24.682-0700][1251][info ][gc,heap     ] GC(262) Survivor regions: 138->153(285)
[2025-10-15T14:55:24.682-0700][1251][info ][gc,heap     ] GC(262) Old regions: 1136->1096
[2025-10-15T14:55:24.682-0700][1251][info ][gc,heap     ] GC(262) Humongous regions: 0->0
[2025-10-15T14:55:24.682-0700][1251][info ][gc,metaspace] GC(262) Metaspace: 300086K(305088K)->300086K(305088K) NonClass: 264473K(267264K)->264473K(267264K) Class: 35612K(37824K)->35612K(37824K)
[2025-10-15T14:55:24.682-0700][1251][info ][gc          ] GC(262) Pause Young (Mixed) (G1 Evacuation Pause) 109304M->39958M(184320M) 192.870ms
[2025-10-15T14:55:24.683-0700][1251][info ][gc,cpu      ] GC(262) User=16.30s Sys=0.14s Real=0.19s
[2025-10-15T14:55:24.684-0700][1251][info ][safepoint   ] Safepoint "G1CollectForAllocation", Time since last: 605324165 ns, Reaching safepoint: 1600243 ns, Cleanup: 23115 ns, At safepoint: 196092311 ns, Total: 197715669 ns
[2025-10-15T14:55:25.685-0700][1251][info ][safepoint   ] Safepoint "Cleanup", Time since last: 1000099404 ns, Reaching safepoint: 700146 ns, Cleanup: 24958 ns, At safepoint: 107672 ns, Total: 832776 ns
[2025-10-15T14:55:27.686-0700][1251][info ][safepoint   ] Safepoint "Cleanup", Time since last: 2000162363 ns, Reaching safepoint: 666916 ns, Cleanup: 13570 ns, At safepoint: 161183 ns, Total: 841669 ns
[2025-10-15T14:55:28.687-0700][1251][info ][safepoint   ] Safepoint "Cleanup", Time since last: 1000069829 ns, Reaching safepoint: 716080 ns, Cleanup: 12860 ns, At safepoint: 191509 ns, Total: 920449 ns
[2025-10-15T14:55:28.902-0700][1251][info ][gc,start    ] GC(263) Pause Young (Mixed) (G1 Evacuation Pause)
[2025-10-15T14:55:28.902-0700][1251][info ][gc,task     ] GC(263) Using 113 workers of 113 for evacuation
[2025-10-15T14:55:28.918-0700][1251][debug][gc,remset   ] GC(263) Visited cards 26734336 Total dirty 67829760 (39.41%) Total old 391118848 (6.84%)
[2025-10-15T14:55:29.094-0700][1251][info ][gc,phases   ] GC(263)   Pre Evacuate Collection Set: 0.8ms
[2025-10-15T14:55:29.094-0700][1251][info ][gc,phases   ] GC(263)   Merge Heap Roots: 15.3ms
[2025-10-15T14:55:29.094-0700][1251][info ][gc,phases   ] GC(263)   Evacuate Collection Set: 154.9ms
[2025-10-15T14:55:29.094-0700][1251][info ][gc,phases   ] GC(263)   Post Evacuate Collection Set: 21.6ms
[2025-10-15T14:55:29.094-0700][1251][info ][gc,phases   ] GC(263)   Other: 0.2ms
[2025-10-15T14:55:29.094-0700][1251][debug][gc,remset   ] GC(263) Coarsening (recent): Inline->AoC 442248 (138) AoC->Howl 1099 (230) Howl->Full 0 (0) Inline->AoC 4767 (79) AoC->BitMap 683 (186) BitMap->Full 0 (0)
[2025-10-15T14:55:29.094-0700][1251][debug][gc,remset   ] GC(263) Coarsening (all): Inline->AoC 107808955 (26527) AoC->Howl 286358 (48627) Howl->Full 0 (0) Inline->AoC 1318789 (13580) AoC->BitMap 236703 (46373) BitMap->Full 5 (0)
[2025-10-15T14:55:29.094-0700][1251][info ][gc,heap     ] GC(263) Eden regions: 2258->0(2434)
[2025-10-15T14:55:29.094-0700][1251][info ][gc,heap     ] GC(263) Survivor regions: 153->156(302)
[2025-10-15T14:55:29.094-0700][1251][info ][gc,heap     ] GC(263) Old regions: 1096->1058
[2025-10-15T14:55:29.094-0700][1251][info ][gc,heap     ] GC(263) Humongous regions: 0->0
[2025-10-15T14:55:29.094-0700][1251][info ][gc,metaspace] GC(263) Metaspace: 300086K(305088K)->300086K(305088K) NonClass: 264473K(267264K)->264473K(267264K) Class: 35612K(37824K)->35612K(37824K)
[2025-10-15T14:55:29.094-0700][1251][info ][gc          ] GC(263) Pause Young (Mixed) (G1 Evacuation Pause) 112214M->38808M(184320M) 192.872ms
[2025-10-15T14:55:29.095-0700][1251][info ][gc,cpu      ] GC(263) User=15.96s Sys=0.24s Real=0.19s
[2025-10-15T14:55:29.097-0700][1251][info ][safepoint   ] Safepoint "G1CollectForAllocation", Time since last: 212699289 ns, Reaching safepoint: 1021220 ns, Cleanup: 5208 ns, At safepoint: 196166253 ns, Total: 197192681 ns
[2025-10-15T14:55:30.098-0700][1251][info ][safepoint   ] Safepoint "Cleanup", Time since last: 1000089949 ns, Reaching safepoint: 741258 ns, Cleanup: 10546 ns, At safepoint: 139791 ns, Total: 891595 ns
[2025-10-15T14:55:32.098-0700][1251][info ][safepoint   ] Safepoint "Cleanup", Time since last: 2000159759 ns, Reaching safepoint: 645814 ns, Cleanup: 10035 ns, At safepoint: 88914 ns, Total: 744763 ns
[2025-10-15T14:55:33.480-0700][1251][info ][gc,start    ] GC(264) Pause Young (Mixed) (G1 Evacuation Pause)
[2025-10-15T14:55:33.480-0700][1251][info ][gc,task     ] GC(264) Using 113 workers of 113 for evacuation
[2025-10-15T14:55:33.495-0700][1251][debug][gc,remset   ] GC(264) Visited cards 26292224 Total dirty 65536000 (40.12%) Total old 405929984 (6.48%)
[2025-10-15T14:55:33.651-0700][1251][debug][gc,remset   ] GC(264) Visited cards 2213632 Total dirty 48168960 (4.60%) Total old 417529856 (0.53%)
[2025-10-15T14:55:33.678-0700][1251][info ][gc,phases   ] GC(264)   Pre Evacuate Collection Set: 0.7ms
[2025-10-15T14:55:33.678-0700][1251][info ][gc,phases   ] GC(264)   Merge Heap Roots: 14.2ms
[2025-10-15T14:55:33.678-0700][1251][info ][gc,phases   ] GC(264)   Evacuate Collection Set: 154.6ms
[2025-10-15T14:55:33.678-0700][1251][info ][gc,phases   ] GC(264)   Merge Optional Heap Roots: 0.9ms
[2025-10-15T14:55:33.678-0700][1251][info ][gc,phases   ] GC(264)   Evacuate Optional Collection Set: 5.1ms
[2025-10-15T14:55:33.678-0700][1251][info ][gc,phases   ] GC(264)   Post Evacuate Collection Set: 22.6ms
[2025-10-15T14:55:33.678-0700][1251][info ][gc,phases   ] GC(264)   Other: 0.2ms
[2025-10-15T14:55:33.678-0700][1251][debug][gc,remset   ] GC(264) Coarsening (recent): Inline->AoC 517735 (131) AoC->Howl 1174 (270) Howl->Full 0 (0) Inline->AoC 4794 (77) AoC->BitMap 905 (251) BitMap->Full 0 (0)
[2025-10-15T14:55:33.678-0700][1251][debug][gc,remset   ] GC(264) Coarsening (all): Inline->AoC 108326690 (26658) AoC->Howl 287532 (48897) Howl->Full 0 (0) Inline->AoC 1323583 (13657) AoC->BitMap 237608 (46624) BitMap->Full 5 (0)
[2025-10-15T14:55:33.678-0700][1251][info ][gc,heap     ] GC(264) Eden regions: 2387->0(2565)
[2025-10-15T14:55:33.678-0700][1251][info ][gc,heap     ] GC(264) Survivor regions: 156->158(318)
[2025-10-15T14:55:33.678-0700][1251][info ][gc,heap     ] GC(264) Old regions: 1058->1014
[2025-10-15T14:55:33.678-0700][1251][info ][gc,heap     ] GC(264) Humongous regions: 0->0
[2025-10-15T14:55:33.678-0700][1251][info ][gc,metaspace] GC(264) Metaspace: 300090K(305088K)->300090K(305088K) NonClass: 264477K(267264K)->264477K(267264K) Class: 35612K(37824K)->35612K(37824K)
[2025-10-15T14:55:33.679-0700][1251][info ][gc          ] GC(264) Pause Young (Mixed) (G1 Evacuation Pause) 115192M->37460M(184320M) 198.411ms
[2025-10-15T14:55:33.680-0700][1251][info ][gc,cpu      ] GC(264) User=16.77s Sys=0.31s Real=0.20s
[2025-10-15T14:55:33.681-0700][1251][info ][safepoint   ] Safepoint "G1CollectForAllocation", Time since last: 1379321625 ns, Reaching safepoint: 1229895 ns, Cleanup: 4316 ns, At safepoint: 201500433 ns, Total: 202734644 ns
[2025-10-15T14:55:34.682-0700][1251][info ][safepoint   ] Safepoint "Cleanup", Time since last: 1000086989 ns, Reaching safepoint: 699645 ns, Cleanup: 28673 ns, At safepoint: 165039 ns, Total: 893357 ns
[2025-10-15T14:55:35.683-0700][1251][info ][safepoint   ] Safepoint "Cleanup", Time since last: 1000098286 ns, Reaching safepoint: 758233 ns, Cleanup: 71528 ns, At safepoint: 169766 ns, Total: 999527 ns
[2025-10-15T14:55:36.684-0700][1251][info ][safepoint   ] Safepoint "Cleanup", Time since last: 1000090384 ns, Reaching safepoint: 742570 ns, Cleanup: 18849 ns, At safepoint: 315756 ns, Total: 1077175 ns
[2025-10-15T14:55:37.685-0700][1251][info ][safepoint   ] Safepoint "Cleanup", Time since last: 1000107189 ns, Reaching safepoint: 836452 ns, Cleanup: 12409 ns, At safepoint: 639784 ns, Total: 1488645 ns
[2025-10-15T14:55:38.461-0700][1251][info ][gc,start    ] GC(265) Pause Young (Mixed) (G1 Evacuation Pause)
[2025-10-15T14:55:38.461-0700][1251][info ][gc,task     ] GC(265) Using 113 workers of 113 for evacuation
[2025-10-15T14:55:38.478-0700][1251][debug][gc,remset   ] GC(265) Visited cards 25220352 Total dirty 62783488 (40.17%) Total old 447217664 (5.64%)
[2025-10-15T14:55:38.660-0700][1251][info ][gc,phases   ] GC(265)   Pre Evacuate Collection Set: 0.8ms
[2025-10-15T14:55:38.660-0700][1251][info ][gc,phases   ] GC(265)   Merge Heap Roots: 16.1ms
[2025-10-15T14:55:38.660-0700][1251][info ][gc,phases   ] GC(265)   Evacuate Collection Set: 159.8ms
[2025-10-15T14:55:38.660-0700][1251][info ][gc,phases   ] GC(265)   Post Evacuate Collection Set: 22.2ms
[2025-10-15T14:55:38.660-0700][1251][info ][gc,phases   ] GC(265)   Other: 0.2ms
[2025-10-15T14:55:38.660-0700][1251][debug][gc,remset   ] GC(265) Coarsening (recent): Inline->AoC 495634 (115) AoC->Howl 881 (153) Howl->Full 0 (0) Inline->AoC 4071 (30) AoC->BitMap 535 (139) BitMap->Full 0 (0)
[2025-10-15T14:55:38.660-0700][1251][debug][gc,remset   ] GC(265) Coarsening (all): Inline->AoC 108822324 (26773) AoC->Howl 288413 (49050) Howl->Full 0 (0) Inline->AoC 1327654 (13687) AoC->BitMap 238143 (46763) BitMap->Full 5 (0)
[2025-10-15T14:55:38.660-0700][1251][info ][gc,heap     ] GC(265) Eden regions: 2722->0(2884)
[2025-10-15T14:55:38.660-0700][1251][info ][gc,heap     ] GC(265) Survivor regions: 158->157(360)
[2025-10-15T14:55:38.660-0700][1251][info ][gc,heap     ] GC(265) Old regions: 1014->978
[2025-10-15T14:55:38.660-0700][1251][info ][gc,heap     ] GC(265) Humongous regions: 0->0
[2025-10-15T14:55:38.660-0700][1251][info ][gc,metaspace] GC(265) Metaspace: 300093K(305088K)->300093K(305088K) NonClass: 264480K(267264K)->264480K(267264K) Class: 35613K(37824K)->35613K(37824K)
[2025-10-15T14:55:38.660-0700][1251][info ][gc          ] GC(265) Pause Young (Mixed) (G1 Evacuation Pause) 124564M->36314M(184320M) 199.350ms
[2025-10-15T14:55:38.661-0700][1251][info ][gc,cpu      ] GC(265) User=16.18s Sys=0.55s Real=0.20s
[2025-10-15T14:55:38.662-0700][1251][info ][safepoint   ] Safepoint "G1CollectForAllocation", Time since last: 773074030 ns, Reaching safepoint: 978626 ns, Cleanup: 28273 ns, At safepoint: 202474361 ns, Total: 203481260 ns
[2025-10-15T14:55:39.663-0700][1251][info ][safepoint   ] Safepoint "Cleanup", Time since last: 1000106238 ns, Reaching safepoint: 1014951 ns, Cleanup: 40260 ns, At safepoint: 226091 ns, Total: 1281302 ns
[2025-10-15T14:55:40.665-0700][1251][info ][safepoint   ] Safepoint "Cleanup", Time since last: 1000107951 ns, Reaching safepoint: 768178 ns, Cleanup: 12780 ns, At safepoint: 522067 ns, Total: 1303025 ns
[2025-10-15T14:55:41.666-0700][1251][info ][safepoint   ] Safepoint "Cleanup", Time since last: 1000098707 ns, Reaching safepoint: 682850 ns, Cleanup: 10776 ns, At safepoint: 426743 ns, Total: 1120369 ns
[2025-10-15T14:55:42.667-0700][1251][info ][safepoint   ] Safepoint "Cleanup", Time since last: 1000107370 ns, Reaching safepoint: 675258 ns, Cleanup: 14522 ns, At safepoint: 698754 ns, Total: 1388534 ns
[2025-10-15T14:55:44.040-0700][1251][info ][gc,start    ] GC(266) Pause Young (Mixed) (G1 Evacuation Pause)
[2025-10-15T14:55:44.040-0700][1251][info ][gc,task     ] GC(266) Using 113 workers of 113 for evacuation
[2025-10-15T14:55:44.056-0700][1251][debug][gc,remset   ] GC(266) Visited cards 25010432 Total dirty 60358656 (41.44%) Total old 474218496 (5.27%)
[2025-10-15T14:55:44.256-0700][1251][info ][gc,mmu      ] GC(266) MMU target violated: 201.0ms (200.0ms/201.0ms)
[2025-10-15T14:55:44.256-0700][1251][info ][gc,phases   ] GC(266)   Pre Evacuate Collection Set: 0.8ms
[2025-10-15T14:55:44.256-0700][1251][info ][gc,phases   ] GC(266)   Merge Heap Roots: 14.9ms
[2025-10-15T14:55:44.256-0700][1251][info ][gc,phases   ] GC(266)   Evacuate Collection Set: 178.5ms
[2025-10-15T14:55:44.256-0700][1251][info ][gc,phases   ] GC(266)   Post Evacuate Collection Set: 21.7ms
[2025-10-15T14:55:44.256-0700][1251][info ][gc,phases   ] GC(266)   Other: 0.2ms
[2025-10-15T14:55:44.256-0700][1251][debug][gc,remset   ] GC(266) Coarsening (recent): Inline->AoC 534523 (87) AoC->Howl 993 (152) Howl->Full 0 (0) Inline->AoC 4608 (37) AoC->BitMap 891 (158) BitMap->Full 0 (0)
[2025-10-15T14:55:44.256-0700][1251][debug][gc,remset   ] GC(266) Coarsening (all): Inline->AoC 109356847 (26860) AoC->Howl 289406 (49202) Howl->Full 0 (0) Inline->AoC 1332262 (13724) AoC->BitMap 239034 (46921) BitMap->Full 5 (0)
[2025-10-15T14:55:44.256-0700][1251][info ][gc,heap     ] GC(266) Eden regions: 2947->0(3287)
[2025-10-15T14:55:44.256-0700][1251][info ][gc,heap     ] GC(266) Survivor regions: 157->159(388)
[2025-10-15T14:55:44.256-0700][1251][info ][gc,heap     ] GC(266) Old regions: 978->944
[2025-10-15T14:55:44.256-0700][1251][info ][gc,heap     ] GC(266) Humongous regions: 0->0
[2025-10-15T14:55:44.256-0700][1251][info ][gc,metaspace] GC(266) Metaspace: 300097K(305088K)->300097K(305088K) NonClass: 264484K(267264K)->264484K(267264K) Class: 35613K(37824K)->35613K(37824K)
[2025-10-15T14:55:44.256-0700][1251][info ][gc          ] GC(266) Pause Young (Mixed) (G1 Evacuation Pause) 130618M->35280M(184320M) 216.311ms
[2025-10-15T14:55:44.257-0700][1251][info ][gc,cpu      ] GC(266) User=16.33s Sys=0.39s Real=0.21s
[2025-10-15T14:55:44.258-0700][1251][info ][safepoint   ] Safepoint "G1CollectForAllocation", Time since last: 1370279474 ns, Reaching safepoint: 1179739 ns, Cleanup: 15003 ns, At safepoint: 219354238 ns, Total: 220548980 ns
[2025-10-15T14:55:45.260-0700][1251][info ][safepoint   ] Safepoint "Cleanup", Time since last: 1000054691 ns, Reaching safepoint: 1414112 ns, Cleanup: 18238 ns, At safepoint: 260483 ns, Total: 1692833 ns
[2025-10-15T14:55:47.261-0700][1251][info ][safepoint   ] Safepoint "Cleanup", Time since last: 2000167167 ns, Reaching safepoint: 675689 ns, Cleanup: 24367 ns, At safepoint: 184398 ns, Total: 884454 ns
[2025-10-15T14:55:50.328-0700][1251][info ][gc,start    ] GC(267) Pause Young (Mixed) (G1 Evacuation Pause)
[2025-10-15T14:55:50.328-0700][1251][info ][gc,task     ] GC(267) Using 113 workers of 113 for evacuation
[2025-10-15T14:55:50.344-0700][1251][debug][gc,remset   ] GC(267) Visited cards 24568576 Total dirty 59179008 (41.52%) Total old 514850816 (4.77%)
[2025-10-15T14:55:50.533-0700][1251][info ][gc,mmu      ] GC(267) MMU target violated: 201.0ms (200.0ms/201.0ms)
[2025-10-15T14:55:50.533-0700][1251][info ][gc,phases   ] GC(267)   Pre Evacuate Collection Set: 0.7ms
[2025-10-15T14:55:50.533-0700][1251][info ][gc,phases   ] GC(267)   Merge Heap Roots: 14.6ms
[2025-10-15T14:55:50.533-0700][1251][info ][gc,phases   ] GC(267)   Evacuate Collection Set: 164.5ms
[2025-10-15T14:55:50.533-0700][1251][info ][gc,phases   ] GC(267)   Post Evacuate Collection Set: 24.6ms
[2025-10-15T14:55:50.533-0700][1251][info ][gc,phases   ] GC(267)   Other: 0.3ms
[2025-10-15T14:55:50.533-0700][1251][debug][gc,remset   ] GC(267) Coarsening (recent): Inline->AoC 648267 (102) AoC->Howl 791 (111) Howl->Full 0 (0) Inline->AoC 3803 (22) AoC->BitMap 475 (96) BitMap->Full 0 (0)
[2025-10-15T14:55:50.533-0700][1251][debug][gc,remset   ] GC(267) Coarsening (all): Inline->AoC 110005114 (26962) AoC->Howl 290197 (49313) Howl->Full 0 (0) Inline->AoC 1336065 (13746) AoC->BitMap 239509 (47017) BitMap->Full 5 (0)
[2025-10-15T14:55:50.533-0700][1251][info ][gc,heap     ] GC(267) Eden regions: 3279->0(3297)
[2025-10-15T14:55:50.533-0700][1251][info ][gc,heap     ] GC(267) Survivor regions: 159->159(430)
[2025-10-15T14:55:50.533-0700][1251][info ][gc,heap     ] GC(267) Old regions: 944->920
[2025-10-15T14:55:50.533-0700][1251][info ][gc,heap     ] GC(267) Humongous regions: 0->0
[2025-10-15T14:55:50.533-0700][1251][info ][gc,metaspace] GC(267) Metaspace: 300098K(305088K)->300098K(305088K) NonClass: 264484K(267264K)->264484K(267264K) Class: 35613K(37824K)->35613K(37824K)
[2025-10-15T14:55:50.533-0700][1251][info ][gc          ] GC(267) Pause Young (Mixed) (G1 Evacuation Pause) 140208M->34507M(184320M) 204.766ms
[2025-10-15T14:55:50.534-0700][1251][info ][gc,cpu      ] GC(267) User=15.80s Sys=0.50s Real=0.21s
[2025-10-15T14:55:50.535-0700][1251][info ][safepoint   ] Safepoint "G1CollectForAllocation", Time since last: 3064986567 ns, Reaching safepoint: 780226 ns, Cleanup: 15995 ns, At safepoint: 208368754 ns, Total: 209164975 ns
[2025-10-15T14:55:51.537-0700][1251][info ][safepoint   ] Safepoint "Cleanup", Time since last: 1000091782 ns, Reaching safepoint: 726556 ns, Cleanup: 115414 ns, At safepoint: 329337 ns, Total: 1171307 ns
[2025-10-15T14:55:52.538-0700][1251][info ][safepoint   ] Safepoint "Cleanup", Time since last: 1000105853 ns, Reaching safepoint: 819366 ns, Cleanup: 181434 ns, At safepoint: 339452 ns, Total: 1340252 ns
[2025-10-15T14:55:53.547-0700][1251][info ][safepoint   ] Safepoint "Cleanup", Time since last: 1000752318 ns, Reaching safepoint: 1879015 ns, Cleanup: 226181 ns, At safepoint: 6649470 ns, Total: 8754666 ns
[2025-10-15T14:55:54.568-0700][1251][info ][safepoint   ] Safepoint "Cleanup", Time since last: 1000150791 ns, Reaching safepoint: 15846063 ns, Cleanup: 88793 ns, At safepoint: 4515552 ns, Total: 20450408 ns
[2025-10-15T14:55:55.460-0700][1251][info ][gc,start    ] GC(268) Pause Young (Normal) (G1 Evacuation Pause)
[2025-10-15T14:55:55.460-0700][1251][info ][gc,task     ] GC(268) Using 113 workers of 113 for evacuation
[2025-10-15T14:55:55.477-0700][1251][debug][gc,remset   ] GC(268) Visited cards 22794496 Total dirty 59834368 (38.10%) Total old 513277952 (4.44%)
[2025-10-15T14:55:55.894-0700][1251][info ][gc,mmu      ] GC(268) MMU target violated: 201.0ms (200.0ms/201.0ms)
[2025-10-15T14:55:55.894-0700][1251][info ][gc,phases   ] GC(268)   Pre Evacuate Collection Set: 0.7ms
[2025-10-15T14:55:55.894-0700][1251][info ][gc,phases   ] GC(268)   Merge Heap Roots: 15.7ms
[2025-10-15T14:55:55.894-0700][1251][info ][gc,phases   ] GC(268)   Evacuate Collection Set: 395.6ms
[2025-10-15T14:55:55.894-0700][1251][info ][gc,phases   ] GC(268)   Post Evacuate Collection Set: 21.7ms
[2025-10-15T14:55:55.894-0700][1251][info ][gc,phases   ] GC(268)   Other: 0.2ms
[2025-10-15T14:55:55.894-0700][1251][debug][gc,remset   ] GC(268) Coarsening (recent): Inline->AoC 199661 (165) AoC->Howl 1302 (452) Howl->Full 0 (0) Inline->AoC 4578 (162) AoC->BitMap 1403 (515) BitMap->Full 0 (0)
[2025-10-15T14:55:55.894-0700][1251][debug][gc,remset   ] GC(268) Coarsening (all): Inline->AoC 110204775 (27127) AoC->Howl 291499 (49765) Howl->Full 0 (0) Inline->AoC 1340643 (13908) AoC->BitMap 240912 (47532) BitMap->Full 5 (0)
[2025-10-15T14:55:55.894-0700][1251][info ][gc,heap     ] GC(268) Eden regions: 3297->0(806)
[2025-10-15T14:55:55.894-0700][1251][info ][gc,heap     ] GC(268) Survivor regions: 159->432(432)
[2025-10-15T14:55:55.894-0700][1251][info ][gc,heap     ] GC(268) Old regions: 920->1056
[2025-10-15T14:55:55.894-0700][1251][info ][gc,heap     ] GC(268) Humongous regions: 0->0
[2025-10-15T14:55:55.894-0700][1251][info ][gc,metaspace] GC(268) Metaspace: 301135K(305984K)->301135K(305984K) NonClass: 265495K(268160K)->265495K(268160K) Class: 35640K(37824K)->35640K(37824K)
[2025-10-15T14:55:55.894-0700][1251][info ][gc          ] GC(268) Pause Young (Normal) (G1 Evacuation Pause) 140011M->47591M(184320M) 434.134ms
[2025-10-15T14:55:55.895-0700][1251][info ][gc,cpu      ] GC(268) User=41.13s Sys=0.46s Real=0.43s
[2025-10-15T14:55:55.897-0700][1251][info ][safepoint   ] Safepoint "G1CollectForAllocation", Time since last: 889966338 ns, Reaching safepoint: 901300 ns, Cleanup: 129155 ns, At safepoint: 437747379 ns, Total: 438777834 ns
[2025-10-15T14:55:56.900-0700][1251][info ][safepoint   ] Safepoint "Cleanup", Time since last: 1000502703 ns, Reaching safepoint: 1558180 ns, Cleanup: 53320 ns, At safepoint: 1355585 ns, Total: 2967085 ns
[2025-10-15T14:55:57.813-0700][1251][info ][gc,start    ] GC(269) Pause Young (Normal) (G1 Evacuation Pause)
[2025-10-15T14:55:57.813-0700][1251][info ][gc,task     ] GC(269) Using 113 workers of 113 for evacuation
[2025-10-15T14:55:57.826-0700][1251][debug][gc,remset   ] GC(269) Visited cards 26788864 Total dirty 68485120 (39.12%) Total old 263716864 (10.16%)
[2025-10-15T14:55:58.184-0700][1251][info ][gc,mmu      ] GC(269) MMU target violated: 201.0ms (200.0ms/201.0ms)
[2025-10-15T14:55:58.184-0700][1251][info ][gc,phases   ] GC(269)   Pre Evacuate Collection Set: 0.8ms
[2025-10-15T14:55:58.184-0700][1251][info ][gc,phases   ] GC(269)   Merge Heap Roots: 11.9ms
[2025-10-15T14:55:58.184-0700][1251][info ][gc,phases   ] GC(269)   Evacuate Collection Set: 347.1ms
[2025-10-15T14:55:58.184-0700][1251][info ][gc,phases   ] GC(269)   Post Evacuate Collection Set: 10.1ms
[2025-10-15T14:55:58.184-0700][1251][info ][gc,phases   ] GC(269)   Other: 0.2ms
[2025-10-15T14:55:58.184-0700][1251][debug][gc,remset   ] GC(269) Coarsening (recent): Inline->AoC 133500 (114) AoC->Howl 1790 (447) Howl->Full 0 (0) Inline->AoC 6230 (151) AoC->BitMap 2511 (727) BitMap->Full 0 (0)
[2025-10-15T14:55:58.184-0700][1251][debug][gc,remset   ] GC(269) Coarsening (all): Inline->AoC 110338275 (27241) AoC->Howl 293289 (50212) Howl->Full 0 (0) Inline->AoC 1346873 (14059) AoC->BitMap 243423 (48259) BitMap->Full 5 (0)
[2025-10-15T14:55:58.184-0700][1251][info ][gc,heap     ] GC(269) Eden regions: 1052->0(646)
[2025-10-15T14:55:58.184-0700][1251][info ][gc,heap     ] GC(269) Survivor regions: 432->186(186)
[2025-10-15T14:55:58.184-0700][1251][info ][gc,heap     ] GC(269) Old regions: 1056->1458
[2025-10-15T14:55:58.184-0700][1251][info ][gc,heap     ] GC(269) Humongous regions: 0->0
[2025-10-15T14:55:58.184-0700][1251][info ][gc,metaspace] GC(269) Metaspace: 301154K(305984K)->301154K(305984K) NonClass: 265514K(268160K)->265514K(268160K) Class: 35640K(37824K)->35640K(37824K)
[2025-10-15T14:55:58.184-0700][1251][info ][gc          ] GC(269) Pause Young (Normal) (G1 Evacuation Pause) 81255M->52608M(184320M) 370.319ms
[2025-10-15T14:55:58.185-0700][1251][info ][gc,cpu      ] GC(269) User=34.01s Sys=0.46s Real=0.37s
[2025-10-15T14:55:58.186-0700][1251][info ][safepoint   ] Safepoint "G1CollectForAllocation", Time since last: 910990431 ns, Reaching safepoint: 929753 ns, Cleanup: 72219 ns, At safepoint: 373858820 ns, Total: 374860792 ns
[2025-10-15T14:55:59.188-0700][1251][info ][safepoint   ] Safepoint "Cleanup", Time since last: 1000067876 ns, Reaching safepoint: 889562 ns, Cleanup: 89234 ns, At safepoint: 486314 ns, Total: 1465110 ns
[2025-10-15T14:56:00.189-0700][1251][info ][safepoint   ] Safepoint "Cleanup", Time since last: 1000107596 ns, Reaching safepoint: 821409 ns, Cleanup: 55313 ns, At safepoint: 242236 ns, Total: 1118958 ns
[2025-10-15T14:56:00.284-0700][1251][info ][gc,start    ] GC(270) Pause Young (Normal) (G1 Evacuation Pause)
[2025-10-15T14:56:00.284-0700][1251][info ][gc,task     ] GC(270) Using 113 workers of 113 for evacuation
[2025-10-15T14:56:00.297-0700][1251][debug][gc,remset   ] GC(270) Visited cards 37611008 Total dirty 94437376 (39.83%) Total old 242221056 (15.53%)
[2025-10-15T14:56:00.513-0700][1251][info ][gc,mmu      ] GC(270) MMU target violated: 201.0ms (200.0ms/201.0ms)
[2025-10-15T14:56:00.513-0700][1251][info ][gc,phases   ] GC(270)   Pre Evacuate Collection Set: 0.9ms
[2025-10-15T14:56:00.513-0700][1251][info ][gc,phases   ] GC(270)   Merge Heap Roots: 12.5ms
[2025-10-15T14:56:00.513-0700][1251][info ][gc,phases   ] GC(270)   Evacuate Collection Set: 201.1ms
[2025-10-15T14:56:00.513-0700][1251][info ][gc,phases   ] GC(270)   Post Evacuate Collection Set: 14.5ms
[2025-10-15T14:56:00.513-0700][1251][info ][gc,phases   ] GC(270)   Other: 0.2ms
[2025-10-15T14:56:00.513-0700][1251][debug][gc,remset   ] GC(270) Coarsening (recent): Inline->AoC 202959 (35) AoC->Howl 466 (57) Howl->Full 0 (0) Inline->AoC 2352 (7) AoC->BitMap 284 (41) BitMap->Full 0 (0)
[2025-10-15T14:56:00.513-0700][1251][debug][gc,remset   ] GC(270) Coarsening (all): Inline->AoC 110541234 (27276) AoC->Howl 293755 (50269) Howl->Full 0 (0) Inline->AoC 1349225 (14066) AoC->BitMap 243707 (48300) BitMap->Full 5 (0)
[2025-10-15T14:56:00.513-0700][1251][info ][gc,heap     ] GC(270) Eden regions: 933->0(845)
[2025-10-15T14:56:00.513-0700][1251][info ][gc,heap     ] GC(270) Survivor regions: 186->140(140)
[2025-10-15T14:56:00.513-0700][1251][info ][gc,heap     ] GC(270) Old regions: 1458->1632
[2025-10-15T14:56:00.513-0700][1251][info ][gc,heap     ] GC(270) Humongous regions: 0->0
[2025-10-15T14:56:00.513-0700][1251][info ][gc,metaspace] GC(270) Metaspace: 301222K(306112K)->301222K(306112K) NonClass: 265581K(268288K)->265581K(268288K) Class: 35641K(37824K)->35641K(37824K)
[2025-10-15T14:56:00.513-0700][1251][info ][gc          ] GC(270) Pause Young (Normal) (G1 Evacuation Pause) 82463M->56688M(184320M) 229.285ms
[2025-10-15T14:56:00.514-0700][1251][info ][gc,cpu      ] GC(270) User=18.59s Sys=0.30s Real=0.23s
[2025-10-15T14:56:00.515-0700][1251][info ][safepoint   ] Safepoint "G1CollectForAllocation", Time since last: 92962054 ns, Reaching safepoint: 797693 ns, Cleanup: 17817 ns, At safepoint: 232714297 ns, Total: 233529807 ns
[2025-10-15T14:56:01.517-0700][1251][info ][safepoint   ] Safepoint "Cleanup", Time since last: 1000096620 ns, Reaching safepoint: 875140 ns, Cleanup: 41212 ns, At safepoint: 179882 ns, Total: 1096234 ns
[2025-10-15T14:56:02.018-0700][1251][info ][gc,start    ] GC(271) Pause Young (Normal) (G1 Evacuation Pause)
[2025-10-15T14:56:02.019-0700][1251][info ][gc,task     ] GC(271) Using 113 workers of 113 for evacuation
[2025-10-15T14:56:02.033-0700][1251][debug][gc,remset   ] GC(271) Visited cards 47890176 Total dirty 105119744 (45.56%) Total old 249692160 (19.18%)
[2025-10-15T14:56:02.280-0700][1251][info ][gc,mmu      ] GC(271) MMU target violated: 201.0ms (200.0ms/201.0ms)
[2025-10-15T14:56:02.280-0700][1251][info ][gc,phases   ] GC(271)   Pre Evacuate Collection Set: 0.8ms
[2025-10-15T14:56:02.280-0700][1251][info ][gc,phases   ] GC(271)   Merge Heap Roots: 13.9ms
[2025-10-15T14:56:02.280-0700][1251][info ][gc,phases   ] GC(271)   Evacuate Collection Set: 234.0ms
[2025-10-15T14:56:02.280-0700][1251][info ][gc,phases   ] GC(271)   Post Evacuate Collection Set: 12.5ms
[2025-10-15T14:56:02.280-0700][1251][info ][gc,phases   ] GC(271)   Other: 0.2ms
[2025-10-15T14:56:02.280-0700][1251][debug][gc,remset   ] GC(271) Coarsening (recent): Inline->AoC 245509 (231) AoC->Howl 1518 (648) Howl->Full 0 (0) Inline->AoC 5422 (169) AoC->BitMap 1122 (394) BitMap->Full 0 (0)
[2025-10-15T14:56:02.280-0700][1251][debug][gc,remset   ] GC(271) Coarsening (all): Inline->AoC 110786743 (27507) AoC->Howl 295273 (50917) Howl->Full 0 (0) Inline->AoC 1354647 (14235) AoC->BitMap 244829 (48694) BitMap->Full 5 (0)
[2025-10-15T14:56:02.280-0700][1251][info ][gc,heap     ] GC(271) Eden regions: 949->0(705)
[2025-10-15T14:56:02.280-0700][1251][info ][gc,heap     ] GC(271) Survivor regions: 140->137(137)
[2025-10-15T14:56:02.280-0700][1251][info ][gc,heap     ] GC(271) Old regions: 1632->1834
[2025-10-15T14:56:02.280-0700][1251][info ][gc,heap     ] GC(271) Humongous regions: 0->0
[2025-10-15T14:56:02.280-0700][1251][info ][gc,metaspace] GC(271) Metaspace: 301254K(306176K)->301254K(306176K) NonClass: 265613K(268352K)->265613K(268352K) Class: 35641K(37824K)->35641K(37824K)
[2025-10-15T14:56:02.280-0700][1251][info ][gc          ] GC(271) Pause Young (Normal) (G1 Evacuation Pause) 87055M->63050M(184320M) 261.440ms
[2025-10-15T14:56:02.281-0700][1251][info ][gc,cpu      ] GC(271) User=22.41s Sys=0.24s Real=0.26s
[2025-10-15T14:56:02.282-0700][1251][info ][safepoint   ] Safepoint "G1CollectForAllocation", Time since last: 499686018 ns, Reaching safepoint: 935641 ns, Cleanup: 57978 ns, At safepoint: 264612963 ns, Total: 265606582 ns
[2025-10-15T14:56:03.284-0700][1251][info ][safepoint   ] Safepoint "Cleanup", Time since last: 1000084180 ns, Reaching safepoint: 1147451 ns, Cleanup: 59881 ns, At safepoint: 539273 ns, Total: 1746605 ns
[2025-10-15T14:56:03.451-0700][1251][info ][gc,start    ] GC(272) Pause Young (Normal) (G1 Evacuation Pause)
[2025-10-15T14:56:03.451-0700][1251][info ][gc,task     ] GC(272) Using 113 workers of 113 for evacuation
[2025-10-15T14:56:03.464-0700][1251][debug][gc,remset   ] GC(272) Visited cards 52002816 Total dirty 118358016 (43.94%) Total old 246153216 (21.13%)
[2025-10-15T14:56:03.678-0700][1251][info ][gc,mmu      ] GC(272) MMU target violated: 201.0ms (200.0ms/201.0ms)
[2025-10-15T14:56:03.678-0700][1251][info ][gc,phases   ] GC(272)   Pre Evacuate Collection Set: 0.9ms
[2025-10-15T14:56:03.678-0700][1251][info ][gc,phases   ] GC(272)   Merge Heap Roots: 11.7ms
[2025-10-15T14:56:03.678-0700][1251][info ][gc,phases   ] GC(272)   Evacuate Collection Set: 203.6ms
[2025-10-15T14:56:03.678-0700][1251][info ][gc,phases   ] GC(272)   Post Evacuate Collection Set: 10.6ms
[2025-10-15T14:56:03.678-0700][1251][info ][gc,phases   ] GC(272)   Other: 0.1ms
[2025-10-15T14:56:03.678-0700][1251][debug][gc,remset   ] GC(272) Coarsening (recent): Inline->AoC 240975 (191) AoC->Howl 1201 (414) Howl->Full 0 (0) Inline->AoC 3396 (110) AoC->BitMap 1108 (299) BitMap->Full 0 (0)
[2025-10-15T14:56:03.678-0700][1251][debug][gc,remset   ] GC(272) Coarsening (all): Inline->AoC 111027718 (27698) AoC->Howl 296474 (51331) Howl->Full 0 (0) Inline->AoC 1358043 (14345) AoC->BitMap 245937 (48993) BitMap->Full 5 (0)
[2025-10-15T14:56:03.678-0700][1251][info ][gc,heap     ] GC(272) Eden regions: 824->0(814)
[2025-10-15T14:56:03.678-0700][1251][info ][gc,heap     ] GC(272) Survivor regions: 137->121(121)
[2025-10-15T14:56:03.678-0700][1251][info ][gc,heap     ] GC(272) Old regions: 1834->1996
[2025-10-15T14:56:03.678-0700][1251][info ][gc,heap     ] GC(272) Humongous regions: 0->0
[2025-10-15T14:56:03.678-0700][1251][info ][gc,metaspace] GC(272) Metaspace: 301270K(306176K)->301270K(306176K) NonClass: 265629K(268352K)->265629K(268352K) Class: 35641K(37824K)->35641K(37824K)
[2025-10-15T14:56:03.678-0700][1251][info ][gc          ] GC(272) Pause Young (Normal) (G1 Evacuation Pause) 89418M->67728M(184320M) 226.959ms
[2025-10-15T14:56:03.679-0700][1251][info ][gc,cpu      ] GC(272) User=17.64s Sys=0.31s Real=0.23s
[2025-10-15T14:56:03.681-0700][1251][info ][safepoint   ] Safepoint "G1CollectForAllocation", Time since last: 165575345 ns, Reaching safepoint: 822370 ns, Cleanup: 40741 ns, At safepoint: 230450673 ns, Total: 231313784 ns
[2025-10-15T14:56:04.682-0700][1251][info ][safepoint   ] Safepoint "Cleanup", Time since last: 1000091852 ns, Reaching safepoint: 1105418 ns, Cleanup: 97777 ns, At safepoint: 389718 ns, Total: 1592913 ns
[2025-10-15T14:56:05.095-0700][1251][info ][gc,start    ] GC(273) Pause Young (Normal) (G1 Evacuation Pause)
[2025-10-15T14:56:05.095-0700][1251][info ][gc,task     ] GC(273) Using 113 workers of 113 for evacuation
[2025-10-15T14:56:05.109-0700][1251][debug][gc,remset   ] GC(273) Visited cards 51895040 Total dirty 128581632 (40.36%) Total old 261488640 (19.85%)
[2025-10-15T14:56:05.288-0700][1251][info ][gc,phases   ] GC(273)   Pre Evacuate Collection Set: 0.8ms
[2025-10-15T14:56:05.289-0700][1251][info ][gc,phases   ] GC(273)   Merge Heap Roots: 12.4ms
[2025-10-15T14:56:05.289-0700][1251][info ][gc,phases   ] GC(273)   Evacuate Collection Set: 161.5ms
[2025-10-15T14:56:05.289-0700][1251][info ][gc,phases   ] GC(273)   Post Evacuate Collection Set: 18.3ms
[2025-10-15T14:56:05.289-0700][1251][info ][gc,phases   ] GC(273)   Other: 0.1ms
[2025-10-15T14:56:05.289-0700][1251][debug][gc,remset   ] GC(273) Coarsening (recent): Inline->AoC 283305 (158) AoC->Howl 1130 (508) Howl->Full 0 (0) Inline->AoC 3325 (107) AoC->BitMap 777 (291) BitMap->Full 0 (0)
[2025-10-15T14:56:05.289-0700][1251][debug][gc,remset   ] GC(273) Coarsening (all): Inline->AoC 111311023 (27856) AoC->Howl 297604 (51839) Howl->Full 0 (0) Inline->AoC 1361368 (14452) AoC->BitMap 246714 (49284) BitMap->Full 5 (0)
[2025-10-15T14:56:05.289-0700][1251][info ][gc,heap     ] GC(273) Eden regions: 876->0(903)
[2025-10-15T14:56:05.289-0700][1251][info ][gc,heap     ] GC(273) Survivor regions: 121->124(125)
[2025-10-15T14:56:05.289-0700][1251][info ][gc,heap     ] GC(273) Old regions: 1996->2065
[2025-10-15T14:56:05.289-0700][1251][info ][gc,heap     ] GC(273) Humongous regions: 0->0
[2025-10-15T14:56:05.289-0700][1251][info ][gc,metaspace] GC(273) Metaspace: 301291K(306176K)->301291K(306176K) NonClass: 265649K(268352K)->265649K(268352K) Class: 35641K(37824K)->35641K(37824K)
[2025-10-15T14:56:05.289-0700][1251][info ][gc          ] GC(273) Pause Young (Normal) (G1 Evacuation Pause) 95760M->70020M(184320M) 193.399ms
[2025-10-15T14:56:05.290-0700][1251][info ][gc,cpu      ] GC(273) User=15.65s Sys=0.18s Real=0.20s
[2025-10-15T14:56:05.290-0700][1251][info ][safepoint   ] Safepoint "G1CollectForAllocation", Time since last: 410833994 ns, Reaching safepoint: 864404 ns, Cleanup: 38257 ns, At safepoint: 196405769 ns, Total: 197308430 ns
[2025-10-15T14:56:06.300-0700][1251][info ][safepoint   ] Safepoint "Cleanup", Time since last: 1000087847 ns, Reaching safepoint: 8056272 ns, Cleanup: 25588 ns, At safepoint: 1176685 ns, Total: 9258545 ns
[2025-10-15T14:56:06.593-0700][1251][info ][gc,start    ] GC(274) Pause Young (Normal) (G1 Evacuation Pause)
[2025-10-15T14:56:06.593-0700][1251][info ][gc,task     ] GC(274) Using 113 workers of 113 for evacuation
[2025-10-15T14:56:06.607-0700][1251][debug][gc,remset   ] GC(274) Visited cards 53572608 Total dirty 133234688 (40.21%) Total old 273612800 (19.58%)
[2025-10-15T14:56:06.793-0700][1251][info ][gc,phases   ] GC(274)   Pre Evacuate Collection Set: 0.8ms
[2025-10-15T14:56:06.793-0700][1251][info ][gc,phases   ] GC(274)   Merge Heap Roots: 13.0ms
[2025-10-15T14:56:06.793-0700][1251][info ][gc,phases   ] GC(274)   Evacuate Collection Set: 169.6ms
[2025-10-15T14:56:06.793-0700][1251][info ][gc,phases   ] GC(274)   Post Evacuate Collection Set: 16.0ms
[2025-10-15T14:56:06.793-0700][1251][info ][gc,phases   ] GC(274)   Other: 0.2ms
[2025-10-15T14:56:06.793-0700][1251][debug][gc,remset   ] GC(274) Coarsening (recent): Inline->AoC 240957 (316) AoC->Howl 2329 (1006) Howl->Full 0 (0) Inline->AoC 7591 (287) AoC->BitMap 2086 (787) BitMap->Full 0 (0)
[2025-10-15T14:56:06.793-0700][1251][debug][gc,remset   ] GC(274) Coarsening (all): Inline->AoC 111551980 (28172) AoC->Howl 299933 (52845) Howl->Full 0 (0) Inline->AoC 1368959 (14739) AoC->BitMap 248800 (50071) BitMap->Full 5 (0)
[2025-10-15T14:56:06.793-0700][1251][info ][gc,heap     ] GC(274) Eden regions: 931->0(1063)
[2025-10-15T14:56:06.793-0700][1251][info ][gc,heap     ] GC(274) Survivor regions: 124->108(132)
[2025-10-15T14:56:06.793-0700][1251][info ][gc,heap     ] GC(274) Old regions: 2065->2124
[2025-10-15T14:56:06.793-0700][1251][info ][gc,heap     ] GC(274) Humongous regions: 0->0
[2025-10-15T14:56:06.793-0700][1251][info ][gc,metaspace] GC(274) Metaspace: 301305K(306176K)->301305K(306176K) NonClass: 265663K(268352K)->265663K(268352K) Class: 35641K(37824K)->35641K(37824K)
[2025-10-15T14:56:06.793-0700][1251][info ][gc          ] GC(274) Pause Young (Normal) (G1 Evacuation Pause) 99812M->71396M(184320M) 199.744ms
[2025-10-15T14:56:06.794-0700][1251][info ][gc,cpu      ] GC(274) User=14.73s Sys=0.24s Real=0.20s
[2025-10-15T14:56:06.795-0700][1251][info ][safepoint   ] Safepoint "G1CollectForAllocation", Time since last: 290690179 ns, Reaching safepoint: 1571129 ns, Cleanup: 34803 ns, At safepoint: 202978363 ns, Total: 204584295 ns
[2025-10-15T14:56:07.491-0700][1251][info ][safepoint   ] Safepoint "ICBufferFull", Time since last: 693903507 ns, Reaching safepoint: 1379591 ns, Cleanup: 205800 ns, At safepoint: 802741 ns, Total: 2388132 ns
[2025-10-15T14:56:07.927-0700][1251][info ][safepoint   ] Safepoint "ICBufferFull", Time since last: 434184195 ns, Reaching safepoint: 796301 ns, Cleanup: 199461 ns, At safepoint: 259031 ns, Total: 1254793 ns
[2025-10-15T14:56:07.928-0700][1251][info ][safepoint   ] Safepoint "ICBufferFull", Time since last: 88403 ns, Reaching safepoint: 951305 ns, Cleanup: 18538 ns, At safepoint: 325772 ns, Total: 1295615 ns
[2025-10-15T14:56:08.084-0700][1251][info ][gc,start    ] GC(275) Pause Young (Normal) (G1 Evacuation Pause)
[2025-10-15T14:56:08.084-0700][1251][info ][gc,task     ] GC(275) Using 113 workers of 113 for evacuation
[2025-10-15T14:56:08.097-0700][1251][debug][gc,remset   ] GC(275) Visited cards 48970752 Total dirty 136380416 (35.91%) Total old 319160320 (15.34%)
[2025-10-15T14:56:08.292-0700][1251][info ][gc,mmu      ] GC(275) MMU target violated: 201.0ms (200.0ms/201.0ms)
[2025-10-15T14:56:08.292-0700][1251][info ][gc,phases   ] GC(275)   Pre Evacuate Collection Set: 0.8ms
[2025-10-15T14:56:08.292-0700][1251][info ][gc,phases   ] GC(275)   Merge Heap Roots: 12.3ms
[2025-10-15T14:56:08.292-0700][1251][info ][gc,phases   ] GC(275)   Evacuate Collection Set: 183.5ms
[2025-10-15T14:56:08.292-0700][1251][info ][gc,phases   ] GC(275)   Post Evacuate Collection Set: 11.5ms
[2025-10-15T14:56:08.292-0700][1251][info ][gc,phases   ] GC(275)   Other: 0.2ms
[2025-10-15T14:56:08.292-0700][1251][debug][gc,remset   ] GC(275) Coarsening (recent): Inline->AoC 113102 (191) AoC->Howl 1508 (500) Howl->Full 0 (0) Inline->AoC 5985 (110) AoC->BitMap 545 (193) BitMap->Full 0 (0)
[2025-10-15T14:56:08.292-0700][1251][debug][gc,remset   ] GC(275) Coarsening (all): Inline->AoC 111665082 (28363) AoC->Howl 301441 (53345) Howl->Full 0 (0) Inline->AoC 1374944 (14849) AoC->BitMap 249345 (50264) BitMap->Full 5 (0)
[2025-10-15T14:56:08.292-0700][1251][info ][gc,heap     ] GC(275) Eden regions: 1265->0(1354)
[2025-10-15T14:56:08.292-0700][1251][info ][gc,heap     ] GC(275) Survivor regions: 108->107(172)
[2025-10-15T14:56:08.292-0700][1251][info ][gc,heap     ] GC(275) Old regions: 2124->2179
[2025-10-15T14:56:08.292-0700][1251][info ][gc,heap     ] GC(275) Humongous regions: 0->0
[2025-10-15T14:56:08.292-0700][1251][info ][gc,metaspace] GC(275) Metaspace: 301700K(306560K)->301700K(306560K) NonClass: 266049K(268736K)->266049K(268736K) Class: 35651K(37824K)->35651K(37824K)
[2025-10-15T14:56:08.292-0700][1251][info ][gc          ] GC(275) Pause Young (Normal) (G1 Evacuation Pause) 111876M->73130M(184320M) 208.552ms
[2025-10-15T14:56:08.293-0700][1251][info ][gc,cpu      ] GC(275) User=12.06s Sys=0.33s Real=0.21s
[2025-10-15T14:56:08.295-0700][1251][info ][safepoint   ] Safepoint "G1CollectForAllocation", Time since last: 152981948 ns, Reaching safepoint: 1311018 ns, Cleanup: 137327 ns, At safepoint: 212096277 ns, Total: 213544622 ns
[2025-10-15T14:56:08.828-0700][1251][info ][safepoint   ] Safepoint "ICBufferFull", Time since last: 531963666 ns, Reaching safepoint: 910994 ns, Cleanup: 180242 ns, At safepoint: 531111 ns, Total: 1622347 ns
[2025-10-15T14:56:09.276-0700][1251][info ][safepoint   ] Safepoint "ICBufferFull", Time since last: 444305913 ns, Reaching safepoint: 2404366 ns, Cleanup: 253002 ns, At safepoint: 666786 ns, Total: 3324154 ns
[2025-10-15T14:56:10.019-0700][1251][info ][gc,start    ] GC(276) Pause Young (Normal) (G1 Evacuation Pause)
[2025-10-15T14:56:10.019-0700][1251][info ][gc,task     ] GC(276) Using 113 workers of 113 for evacuation
[2025-10-15T14:56:10.033-0700][1251][debug][gc,remset   ] GC(276) Visited cards 36371712 Total dirty 139788288 (26.02%) Total old 382795776 (9.50%)
[2025-10-15T14:56:10.229-0700][1251][info ][gc,mmu      ] GC(276) MMU target violated: 201.0ms (200.0ms/201.0ms)
[2025-10-15T14:56:10.229-0700][1251][info ][gc,phases   ] GC(276)   Pre Evacuate Collection Set: 0.8ms
[2025-10-15T14:56:10.229-0700][1251][info ][gc,phases   ] GC(276)   Merge Heap Roots: 12.7ms
[2025-10-15T14:56:10.229-0700][1251][info ][gc,phases   ] GC(276)   Evacuate Collection Set: 180.7ms
[2025-10-15T14:56:10.229-0700][1251][info ][gc,phases   ] GC(276)   Post Evacuate Collection Set: 15.1ms
[2025-10-15T14:56:10.229-0700][1251][info ][gc,phases   ] GC(276)   Other: 0.2ms
[2025-10-15T14:56:10.229-0700][1251][debug][gc,remset   ] GC(276) Coarsening (recent): Inline->AoC 22137 (32) AoC->Howl 427 (159) Howl->Full 0 (0) Inline->AoC 1546 (30) AoC->BitMap 437 (193) BitMap->Full 0 (0)
[2025-10-15T14:56:10.229-0700][1251][debug][gc,remset   ] GC(276) Coarsening (all): Inline->AoC 111687219 (28395) AoC->Howl 301868 (53504) Howl->Full 0 (0) Inline->AoC 1376490 (14879) AoC->BitMap 249782 (50457) BitMap->Full 5 (0)
[2025-10-15T14:56:10.229-0700][1251][info ][gc,heap     ] GC(276) Eden regions: 1724->0(1036)
[2025-10-15T14:56:10.229-0700][1251][info ][gc,heap     ] GC(276) Survivor regions: 107->211(229)
[2025-10-15T14:56:10.229-0700][1251][info ][gc,heap     ] GC(276) Old regions: 2179->2179
[2025-10-15T14:56:10.229-0700][1251][info ][gc,heap     ] GC(276) Humongous regions: 0->0
[2025-10-15T14:56:10.229-0700][1251][info ][gc,metaspace] GC(276) Metaspace: 302146K(307392K)->302146K(307392K) NonClass: 266419K(269376K)->266419K(269376K) Class: 35726K(38016K)->35726K(38016K)
[2025-10-15T14:56:10.229-0700][1251][info ][gc          ] GC(276) Pause Young (Normal) (G1 Evacuation Pause) 128298M->76446M(184320M) 209.603ms
[2025-10-15T14:56:10.230-0700][1251][info ][gc,cpu      ] GC(276) User=12.95s Sys=0.23s Real=0.21s
[2025-10-15T14:56:10.231-0700][1251][info ][safepoint   ] Safepoint "G1CollectForAllocation", Time since last: 740648957 ns, Reaching safepoint: 1205779 ns, Cleanup: 173191 ns, At safepoint: 213193592 ns, Total: 214572562 ns
[2025-10-15T14:56:11.034-0700][1251][info ][safepoint   ] Safepoint "ICBufferFull", Time since last: 799634492 ns, Reaching safepoint: 1399361 ns, Cleanup: 298480 ns, At safepoint: 1991094 ns, Total: 3688935 ns
[2025-10-15T14:56:12.120-0700][1251][info ][safepoint   ] Safepoint "Cleanup", Time since last: 1003827286 ns, Reaching safepoint: 78865041 ns, Cleanup: 198349 ns, At safepoint: 2522966 ns, Total: 81586356 ns
[2025-10-15T14:56:12.289-0700][1251][info ][gc,start    ] GC(277) Pause Young (Normal) (G1 Evacuation Pause)
[2025-10-15T14:56:12.289-0700][1251][info ][gc,task     ] GC(277) Using 113 workers of 113 for evacuation
[2025-10-15T14:56:12.309-0700][1251][debug][gc,remset   ] GC(277) Visited cards 39156480 Total dirty 139919360 (27.99%) Total old 360906752 (10.85%)
[2025-10-15T14:56:12.573-0700][1251][info ][gc,mmu      ] GC(277) MMU target violated: 201.0ms (200.0ms/201.0ms)
[2025-10-15T14:56:12.573-0700][1251][info ][gc,phases   ] GC(277)   Pre Evacuate Collection Set: 6.3ms
[2025-10-15T14:56:12.573-0700][1251][info ][gc,phases   ] GC(277)   Merge Heap Roots: 14.1ms
[2025-10-15T14:56:12.573-0700][1251][info ][gc,phases   ] GC(277)   Evacuate Collection Set: 254.0ms
[2025-10-15T14:56:12.573-0700][1251][info ][gc,phases   ] GC(277)   Post Evacuate Collection Set: 9.5ms
[2025-10-15T14:56:12.573-0700][1251][info ][gc,phases   ] GC(277)   Other: 0.2ms
[2025-10-15T14:56:12.573-0700][1251][debug][gc,remset   ] GC(277) Coarsening (recent): Inline->AoC 29719 (19) AoC->Howl 522 (136) Howl->Full 0 (0) Inline->AoC 2122 (26) AoC->BitMap 390 (118) BitMap->Full 0 (0)
[2025-10-15T14:56:12.573-0700][1251][debug][gc,remset   ] GC(277) Coarsening (all): Inline->AoC 111716938 (28414) AoC->Howl 302390 (53640) Howl->Full 0 (0) Inline->AoC 1378612 (14905) AoC->BitMap 250172 (50575) BitMap->Full 5 (0)
[2025-10-15T14:56:12.573-0700][1251][info ][gc,heap     ] GC(277) Eden regions: 1453->0(921)
[2025-10-15T14:56:12.573-0700][1251][info ][gc,heap     ] GC(277) Survivor regions: 211->208(208)
[2025-10-15T14:56:12.573-0700][1251][info ][gc,heap     ] GC(277) Old regions: 2179->2349
[2025-10-15T14:56:12.573-0700][1251][info ][gc,heap     ] GC(277) Humongous regions: 0->0
[2025-10-15T14:56:12.573-0700][1251][info ][gc,metaspace] GC(277) Metaspace: 302642K(308672K)->302642K(308672K) NonClass: 266817K(270208K)->266817K(270208K) Class: 35824K(38464K)->35824K(38464K)
[2025-10-15T14:56:12.573-0700][1251][info ][gc          ] GC(277) Pause Young (Normal) (G1 Evacuation Pause) 122942M->81814M(184320M) 284.338ms
[2025-10-15T14:56:12.574-0700][1251][info ][gc,cpu      ] GC(277) User=20.25s Sys=0.27s Real=0.28s
[2025-10-15T14:56:12.577-0700][1251][info ][safepoint   ] Safepoint "G1CollectForAllocation", Time since last: 164412610 ns, Reaching safepoint: 3254359 ns, Cleanup: 23686 ns, At safepoint: 289226250 ns, Total: 292504295 ns
[2025-10-15T14:56:13.582-0700][1251][info ][safepoint   ] Safepoint "Cleanup", Time since last: 1000095818 ns, Reaching safepoint: 2955568 ns, Cleanup: 105820 ns, At safepoint: 2194951 ns, Total: 5256339 ns
[2025-10-15T14:56:14.491-0700][1251][info ][gc,start    ] GC(278) Pause Young (Normal) (G1 Evacuation Pause)
[2025-10-15T14:56:14.491-0700][1251][info ][gc,task     ] GC(278) Using 113 workers of 113 for evacuation
[2025-10-15T14:56:14.507-0700][1251][debug][gc,remset   ] GC(278) Visited cards 47006976 Total dirty 150863872 (31.16%) Total old 334299136 (14.06%)
[2025-10-15T14:56:14.838-0700][1251][info ][gc,mmu      ] GC(278) MMU target violated: 201.0ms (200.0ms/201.0ms)
[2025-10-15T14:56:14.838-0700][1251][info ][gc,phases   ] GC(278)   Pre Evacuate Collection Set: 1.0ms
[2025-10-15T14:56:14.838-0700][1251][info ][gc,phases   ] GC(278)   Merge Heap Roots: 15.3ms
[2025-10-15T14:56:14.838-0700][1251][info ][gc,phases   ] GC(278)   Evacuate Collection Set: 319.2ms
[2025-10-15T14:56:14.838-0700][1251][info ][gc,phases   ] GC(278)   Post Evacuate Collection Set: 11.7ms
[2025-10-15T14:56:14.838-0700][1251][info ][gc,phases   ] GC(278)   Other: 0.2ms
[2025-10-15T14:56:14.838-0700][1251][debug][gc,remset   ] GC(278) Coarsening (recent): Inline->AoC 74343 (47) AoC->Howl 333 (79) Howl->Full 0 (0) Inline->AoC 1182 (17) AoC->BitMap 133 (37) BitMap->Full 0 (0)
[2025-10-15T14:56:14.838-0700][1251][debug][gc,remset   ] GC(278) Coarsening (all): Inline->AoC 111791281 (28461) AoC->Howl 302723 (53719) Howl->Full 0 (0) Inline->AoC 1379794 (14922) AoC->BitMap 250305 (50612) BitMap->Full 5 (0)
[2025-10-15T14:56:14.838-0700][1251][info ][gc,heap     ] GC(278) Eden regions: 1168->0(792)
[2025-10-15T14:56:14.838-0700][1251][info ][gc,heap     ] GC(278) Survivor regions: 208->172(172)
[2025-10-15T14:56:14.838-0700][1251][info ][gc,heap     ] GC(278) Old regions: 2349->2662
[2025-10-15T14:56:14.838-0700][1251][info ][gc,heap     ] GC(278) Humongous regions: 0->0
[2025-10-15T14:56:14.838-0700][1251][info ][gc,metaspace] GC(278) Metaspace: 302796K(308864K)->302796K(308864K) NonClass: 266972K(270400K)->266972K(270400K) Class: 35824K(38464K)->35824K(38464K)
[2025-10-15T14:56:14.838-0700][1251][info ][gc          ] GC(278) Pause Young (Normal) (G1 Evacuation Pause) 119190M->90683M(184320M) 347.475ms
[2025-10-15T14:56:14.840-0700][1251][info ][gc,cpu      ] GC(278) User=27.10s Sys=0.24s Real=0.35s
[2025-10-15T14:56:14.841-0700][1251][info ][safepoint   ] Safepoint "G1CollectForAllocation", Time since last: 903781167 ns, Reaching safepoint: 3513820 ns, Cleanup: 75384 ns, At safepoint: 351708498 ns, Total: 355297702 ns
[2025-10-15T14:56:15.845-0700][1251][info ][safepoint   ] Safepoint "Cleanup", Time since last: 1000107626 ns, Reaching safepoint: 1868118 ns, Cleanup: 106811 ns, At safepoint: 1236225 ns, Total: 3211154 ns
[2025-10-15T14:56:15.953-0700][1251][info ][gc,start    ] GC(279) Pause Young (Normal) (G1 Evacuation Pause)
[2025-10-15T14:56:15.953-0700][1251][info ][gc,task     ] GC(279) Using 113 workers of 113 for evacuation
[2025-10-15T14:56:15.967-0700][1251][debug][gc,remset   ] GC(279) Visited cards 49365504 Total dirty 170917888 (28.88%) Total old 303038464 (16.29%)
[2025-10-15T14:56:16.223-0700][1251][info ][gc,mmu      ] GC(279) MMU target violated: 201.0ms (200.0ms/201.0ms)
[2025-10-15T14:56:16.223-0700][1251][info ][gc,phases   ] GC(279)   Pre Evacuate Collection Set: 0.8ms
[2025-10-15T14:56:16.223-0700][1251][info ][gc,phases   ] GC(279)   Merge Heap Roots: 13.5ms
[2025-10-15T14:56:16.223-0700][1251][info ][gc,phases   ] GC(279)   Evacuate Collection Set: 239.4ms
[2025-10-15T14:56:16.223-0700][1251][info ][gc,phases   ] GC(279)   Post Evacuate Collection Set: 16.6ms
[2025-10-15T14:56:16.223-0700][1251][info ][gc,phases   ] GC(279)   Other: 0.1ms
[2025-10-15T14:56:16.223-0700][1251][debug][gc,remset   ] GC(279) Coarsening (recent): Inline->AoC 139462 (119) AoC->Howl 853 (253) Howl->Full 0 (0) Inline->AoC 2094 (75) AoC->BitMap 705 (278) BitMap->Full 0 (0)
[2025-10-15T14:56:16.223-0700][1251][debug][gc,remset   ] GC(279) Coarsening (all): Inline->AoC 111930743 (28580) AoC->Howl 303576 (53972) Howl->Full 0 (0) Inline->AoC 1381888 (14997) AoC->BitMap 251010 (50890) BitMap->Full 5 (0)
[2025-10-15T14:56:16.223-0700][1251][info ][gc,heap     ] GC(279) Eden regions: 809->0(928)
[2025-10-15T14:56:16.223-0700][1251][info ][gc,heap     ] GC(279) Survivor regions: 172->123(123)
[2025-10-15T14:56:16.223-0700][1251][info ][gc,heap     ] GC(279) Old regions: 2662->2872
[2025-10-15T14:56:16.224-0700][1251][info ][gc,heap     ] GC(279) Humongous regions: 0->0
[2025-10-15T14:56:16.224-0700][1251][info ][gc,metaspace] GC(279) Metaspace: 302821K(308864K)->302821K(308864K) NonClass: 266996K(270400K)->266996K(270400K) Class: 35825K(38464K)->35825K(38464K)
[2025-10-15T14:56:16.224-0700][1251][info ][gc          ] GC(279) Pause Young (Normal) (G1 Evacuation Pause) 116571M->95835M(184320M) 270.528ms
[2025-10-15T14:56:16.225-0700][1251][info ][gc,cpu      ] GC(279) User=20.91s Sys=0.17s Real=0.27s
[2025-10-15T14:56:16.226-0700][1251][info ][safepoint   ] Safepoint "G1CollectForAllocation", Time since last: 98628031 ns, Reaching safepoint: 8608495 ns, Cleanup: 12969 ns, At safepoint: 273995767 ns, Total: 282617231 ns
[2025-10-15T14:56:17.229-0700][1251][info ][safepoint   ] Safepoint "Cleanup", Time since last: 1000268809 ns, Reaching safepoint: 2081890 ns, Cleanup: 62585 ns, At safepoint: 794097 ns, Total: 2938572 ns
[2025-10-15T14:56:17.361-0700][1251][info ][gc,start    ] GC(280) Pause Young (Normal) (G1 Evacuation Pause)
[2025-10-15T14:56:17.361-0700][1251][info ][gc,task     ] GC(280) Using 113 workers of 113 for evacuation
[2025-10-15T14:56:17.377-0700][1251][debug][gc,remset   ] GC(280) Visited cards 60097024 Total dirty 184352768 (32.60%) Total old 324009984 (18.55%)
[2025-10-15T14:56:17.633-0700][1251][info ][gc,mmu      ] GC(280) MMU target violated: 201.0ms (200.0ms/201.0ms)
[2025-10-15T14:56:17.633-0700][1251][info ][gc,phases   ] GC(280)   Pre Evacuate Collection Set: 0.9ms
[2025-10-15T14:56:17.633-0700][1251][info ][gc,phases   ] GC(280)   Merge Heap Roots: 15.2ms
[2025-10-15T14:56:17.633-0700][1251][info ][gc,phases   ] GC(280)   Evacuate Collection Set: 246.7ms
[2025-10-15T14:56:17.633-0700][1251][info ][gc,phases   ] GC(280)   Post Evacuate Collection Set: 8.7ms
[2025-10-15T14:56:17.633-0700][1251][info ][gc,phases   ] GC(280)   Other: 0.2ms
[2025-10-15T14:56:17.633-0700][1251][debug][gc,remset   ] GC(280) Coarsening (recent): Inline->AoC 127045 (179) AoC->Howl 1756 (758) Howl->Full 0 (0) Inline->AoC 4865 (194) AoC->BitMap 1333 (458) BitMap->Full 0 (0)
[2025-10-15T14:56:17.633-0700][1251][debug][gc,remset   ] GC(280) Coarsening (all): Inline->AoC 112057788 (28759) AoC->Howl 305332 (54730) Howl->Full 0 (0) Inline->AoC 1386753 (15191) AoC->BitMap 252343 (51348) BitMap->Full 5 (0)
[2025-10-15T14:56:17.633-0700][1251][info ][gc,heap     ] GC(280) Eden regions: 913->0(850)
[2025-10-15T14:56:17.633-0700][1251][info ][gc,heap     ] GC(280) Survivor regions: 123->130(130)
[2025-10-15T14:56:17.633-0700][1251][info ][gc,heap     ] GC(280) Old regions: 2872->3066
[2025-10-15T14:56:17.633-0700][1251][info ][gc,heap     ] GC(280) Humongous regions: 0->0
[2025-10-15T14:56:17.633-0700][1251][info ][gc,metaspace] GC(280) Metaspace: 302903K(308928K)->302903K(308928K) NonClass: 267078K(270464K)->267078K(270464K) Class: 35825K(38464K)->35825K(38464K)
[2025-10-15T14:56:17.633-0700][1251][info ][gc          ] GC(280) Pause Young (Normal) (G1 Evacuation Pause) 125051M->102262M(184320M) 271.821ms
[2025-10-15T14:56:17.634-0700][1251][info ][gc,cpu      ] GC(280) User=20.21s Sys=0.14s Real=0.27s
[2025-10-15T14:56:17.635-0700][1251][info ][safepoint   ] Safepoint "G1CollectForAllocation", Time since last: 128890840 ns, Reaching safepoint: 1721517 ns, Cleanup: 16114 ns, At safepoint: 275883033 ns, Total: 277620664 ns
[2025-10-15T14:56:18.638-0700][1251][info ][safepoint   ] Safepoint "Cleanup", Time since last: 1000124652 ns, Reaching safepoint: 1286911 ns, Cleanup: 24968 ns, At safepoint: 658703 ns, Total: 1970582 ns
[2025-10-15T14:56:18.746-0700][1251][info ][gc,start    ] GC(281) Pause Young (Normal) (G1 Evacuation Pause)
[2025-10-15T14:56:18.747-0700][1251][info ][gc,task     ] GC(281) Using 113 workers of 113 for evacuation
[2025-10-15T14:56:18.762-0700][1251][debug][gc,remset   ] GC(281) Visited cards 62830848 Total dirty 196476928 (31.98%) Total old 330956800 (18.98%)
[2025-10-15T14:56:18.988-0700][1251][info ][gc,mmu      ] GC(281) MMU target violated: 201.0ms (200.0ms/201.0ms)
[2025-10-15T14:56:18.988-0700][1251][info ][gc,phases   ] GC(281)   Pre Evacuate Collection Set: 0.9ms
[2025-10-15T14:56:18.988-0700][1251][info ][gc,phases   ] GC(281)   Merge Heap Roots: 14.1ms
[2025-10-15T14:56:18.988-0700][1251][info ][gc,phases   ] GC(281)   Evacuate Collection Set: 214.1ms
[2025-10-15T14:56:18.988-0700][1251][info ][gc,phases   ] GC(281)   Post Evacuate Collection Set: 12.2ms
[2025-10-15T14:56:18.988-0700][1251][info ][gc,phases   ] GC(281)   Other: 0.2ms
[2025-10-15T14:56:18.988-0700][1251][debug][gc,remset   ] GC(281) Coarsening (recent): Inline->AoC 162798 (176) AoC->Howl 1434 (537) Howl->Full 0 (0) Inline->AoC 4091 (138) AoC->BitMap 887 (285) BitMap->Full 0 (0)
[2025-10-15T14:56:18.988-0700][1251][debug][gc,remset   ] GC(281) Coarsening (all): Inline->AoC 112220586 (28935) AoC->Howl 306766 (55267) Howl->Full 0 (0) Inline->AoC 1390844 (15329) AoC->BitMap 253230 (51633) BitMap->Full 5 (0)
[2025-10-15T14:56:18.988-0700][1251][info ][gc,heap     ] GC(281) Eden regions: 862->0(910)
[2025-10-15T14:56:18.988-0700][1251][info ][gc,heap     ] GC(281) Survivor regions: 130->124(124)
[2025-10-15T14:56:18.988-0700][1251][info ][gc,heap     ] GC(281) Old regions: 3066->3230
[2025-10-15T14:56:18.988-0700][1251][info ][gc,heap     ] GC(281) Humongous regions: 0->0
[2025-10-15T14:56:18.988-0700][1251][info ][gc,metaspace] GC(281) Metaspace: 302909K(308928K)->302909K(308928K) NonClass: 267084K(270464K)->267084K(270464K) Class: 35825K(38464K)->35825K(38464K)
[2025-10-15T14:56:18.988-0700][1251][info ][gc          ] GC(281) Pause Young (Normal) (G1 Evacuation Pause) 129846M->107328M(184320M) 241.620ms
[2025-10-15T14:56:18.989-0700][1251][info ][gc,cpu      ] GC(281) User=17.98s Sys=0.12s Real=0.25s
[2025-10-15T14:56:18.991-0700][1251][info ][safepoint   ] Safepoint "G1CollectForAllocation", Time since last: 106228686 ns, Reaching safepoint: 1227121 ns, Cleanup: 5498 ns, At safepoint: 245737221 ns, Total: 246969840 ns
[2025-10-15T14:56:20.158-0700][1251][info ][safepoint   ] Safepoint "Cleanup", Time since last: 1164699137 ns, Reaching safepoint: 2142451 ns, Cleanup: 31738 ns, At safepoint: 823262 ns, Total: 2997451 ns
[2025-10-15T14:56:20.348-0700][1251][info ][gc,start    ] GC(282) Pause Young (Normal) (G1 Evacuation Pause)
[2025-10-15T14:56:20.348-0700][1251][info ][gc,task     ] GC(282) Using 113 workers of 113 for evacuation
[2025-10-15T14:56:20.362-0700][1251][debug][gc,remset   ] GC(282) Visited cards 65729280 Total dirty 206897152 (31.77%) Total old 342228992 (19.21%)
[2025-10-15T14:56:20.539-0700][1251][info ][gc,phases   ] GC(282)   Pre Evacuate Collection Set: 0.8ms
[2025-10-15T14:56:20.539-0700][1251][info ][gc,phases   ] GC(282)   Merge Heap Roots: 13.0ms
[2025-10-15T14:56:20.539-0700][1251][info ][gc,phases   ] GC(282)   Evacuate Collection Set: 159.1ms
[2025-10-15T14:56:20.539-0700][1251][info ][gc,phases   ] GC(282)   Post Evacuate Collection Set: 17.9ms
[2025-10-15T14:56:20.539-0700][1251][info ][gc,phases   ] GC(282)   Other: 0.1ms
[2025-10-15T14:56:20.539-0700][1251][debug][gc,remset   ] GC(282) Coarsening (recent): Inline->AoC 236906 (130) AoC->Howl 1201 (505) Howl->Full 0 (0) Inline->AoC 3332 (147) AoC->BitMap 764 (291) BitMap->Full 0 (0)
[2025-10-15T14:56:20.539-0700][1251][debug][gc,remset   ] GC(282) Coarsening (all): Inline->AoC 112457492 (29065) AoC->Howl 307967 (55772) Howl->Full 0 (0) Inline->AoC 1394176 (15476) AoC->BitMap 253994 (51924) BitMap->Full 5 (0)
[2025-10-15T14:56:20.539-0700][1251][info ][gc,heap     ] GC(282) Eden regions: 872->0(930)
[2025-10-15T14:56:20.539-0700][1251][info ][gc,heap     ] GC(282) Survivor regions: 124->125(125)
[2025-10-15T14:56:20.539-0700][1251][info ][gc,heap     ] GC(282) Old regions: 3230->3281
[2025-10-15T14:56:20.539-0700][1251][info ][gc,heap     ] GC(282) Humongous regions: 0->0
[2025-10-15T14:56:20.539-0700][1251][info ][gc,metaspace] GC(282) Metaspace: 302910K(308928K)->302910K(308928K) NonClass: 267085K(270464K)->267085K(270464K) Class: 35825K(38464K)->35825K(38464K)
[2025-10-15T14:56:20.539-0700][1251][info ][gc          ] GC(282) Pause Young (Normal) (G1 Evacuation Pause) 135232M->108964M(184320M) 190.976ms
[2025-10-15T14:56:20.541-0700][1251][info ][gc,cpu      ] GC(282) User=14.41s Sys=0.25s Real=0.19s
[2025-10-15T14:56:20.541-0700][1251][info ][safepoint   ] Safepoint "G1CollectForAllocation", Time since last: 187489330 ns, Reaching safepoint: 965626 ns, Cleanup: 11678 ns, At safepoint: 194538192 ns, Total: 195515496 ns
[2025-10-15T14:56:21.543-0700][1251][info ][safepoint   ] Safepoint "Cleanup", Time since last: 1000095338 ns, Reaching safepoint: 1154170 ns, Cleanup: 12449 ns, At safepoint: 461116 ns, Total: 1627735 ns
[2025-10-15T14:56:22.022-0700][1251][info ][gc,start    ] GC(283) Pause Young (Normal) (G1 Evacuation Pause)
[2025-10-15T14:56:22.022-0700][1251][info ][gc,task     ] GC(283) Using 113 workers of 113 for evacuation
[2025-10-15T14:56:22.035-0700][1251][debug][gc,remset   ] GC(283) Visited cards 69706752 Total dirty 209584128 (33.26%) Total old 353304576 (19.73%)
[2025-10-15T14:56:22.216-0700][1251][info ][gc,phases   ] GC(283)   Pre Evacuate Collection Set: 0.8ms
[2025-10-15T14:56:22.216-0700][1251][info ][gc,phases   ] GC(283)   Merge Heap Roots: 12.5ms
[2025-10-15T14:56:22.216-0700][1251][info ][gc,phases   ] GC(283)   Evacuate Collection Set: 165.1ms
[2025-10-15T14:56:22.216-0700][1251][info ][gc,phases   ] GC(283)   Post Evacuate Collection Set: 15.6ms
[2025-10-15T14:56:22.216-0700][1251][info ][gc,phases   ] GC(283)   Other: 0.1ms
[2025-10-15T14:56:22.216-0700][1251][debug][gc,remset   ] GC(283) Coarsening (recent): Inline->AoC 180450 (167) AoC->Howl 2538 (1145) Howl->Full 0 (0) Inline->AoC 8154 (270) AoC->BitMap 1392 (522) BitMap->Full 0 (0)
[2025-10-15T14:56:22.216-0700][1251][debug][gc,remset   ] GC(283) Coarsening (all): Inline->AoC 112637942 (29232) AoC->Howl 310505 (56917) Howl->Full 0 (0) Inline->AoC 1402330 (15746) AoC->BitMap 255386 (52446) BitMap->Full 5 (0)
[2025-10-15T14:56:22.216-0700][1251][info ][gc,heap     ] GC(283) Eden regions: 930->0(1129)
[2025-10-15T14:56:22.216-0700][1251][info ][gc,heap     ] GC(283) Survivor regions: 125->97(132)
[2025-10-15T14:56:22.216-0700][1251][info ][gc,heap     ] GC(283) Old regions: 3281->3338
[2025-10-15T14:56:22.216-0700][1251][info ][gc,heap     ] GC(283) Humongous regions: 0->0
[2025-10-15T14:56:22.216-0700][1251][info ][gc,metaspace] GC(283) Metaspace: 302915K(308928K)->302915K(308928K) NonClass: 267090K(270464K)->267090K(270464K) Class: 35825K(38464K)->35825K(38464K)
[2025-10-15T14:56:22.216-0700][1251][info ][gc          ] GC(283) Pause Young (Normal) (G1 Evacuation Pause) 138724M->109897M(184320M) 194.266ms
[2025-10-15T14:56:22.218-0700][1251][info ][gc,cpu      ] GC(283) User=13.77s Sys=1.33s Real=0.19s
[2025-10-15T14:56:22.219-0700][1251][info ][safepoint   ] Safepoint "G1CollectForAllocation", Time since last: 476533453 ns, Reaching safepoint: 993999 ns, Cleanup: 5168 ns, At safepoint: 197862672 ns, Total: 198861839 ns
[2025-10-15T14:56:22.318-0700][1251][info ][gc,start    ] GC(284) Pause Young (Concurrent Start) (G1 Humongous Allocation)
[2025-10-15T14:56:22.318-0700][1251][info ][gc,task     ] GC(284) Using 113 workers of 113 for evacuation
[2025-10-15T14:56:22.333-0700][1251][debug][gc,remset   ] GC(284) Visited cards 60174848 Total dirty 212467712 (28.32%) Total old 244711424 (24.59%)
[2025-10-15T14:56:22.448-0700][1251][info ][gc,phases   ] GC(284)   Pre Evacuate Collection Set: 0.9ms
[2025-10-15T14:56:22.448-0700][1251][info ][gc,phases   ] GC(284)   Merge Heap Roots: 14.6ms
[2025-10-15T14:56:22.448-0700][1251][info ][gc,phases   ] GC(284)   Evacuate Collection Set: 102.7ms
[2025-10-15T14:56:22.448-0700][1251][info ][gc,phases   ] GC(284)   Post Evacuate Collection Set: 12.0ms
[2025-10-15T14:56:22.448-0700][1251][info ][gc,phases   ] GC(284)   Other: 0.2ms
[2025-10-15T14:56:22.448-0700][1251][debug][gc,remset   ] GC(284) Coarsening (recent): Inline->AoC 6149 (4) AoC->Howl 45 (7) Howl->Full 0 (0) Inline->AoC 172 (0) AoC->BitMap 10 (3) BitMap->Full 0 (0)
[2025-10-15T14:56:22.448-0700][1251][debug][gc,remset   ] GC(284) Coarsening (all): Inline->AoC 112644091 (29236) AoC->Howl 310550 (56924) Howl->Full 0 (0) Inline->AoC 1402502 (15746) AoC->BitMap 255396 (52449) BitMap->Full 5 (0)
[2025-10-15T14:56:22.448-0700][1251][info ][gc,heap     ] GC(284) Eden regions: 101->0(1296)
[2025-10-15T14:56:22.448-0700][1251][info ][gc,heap     ] GC(284) Survivor regions: 97->86(194)
[2025-10-15T14:56:22.448-0700][1251][info ][gc,heap     ] GC(284) Old regions: 3338->3338
[2025-10-15T14:56:22.448-0700][1251][info ][gc,heap     ] GC(284) Humongous regions: 0->0
[2025-10-15T14:56:22.448-0700][1251][info ][gc,metaspace] GC(284) Metaspace: 302915K(308928K)->302915K(308928K) NonClass: 267090K(270464K)->267090K(270464K) Class: 35825K(38464K)->35825K(38464K)
[2025-10-15T14:56:22.448-0700][1251][info ][gc          ] GC(284) Pause Young (Concurrent Start) (G1 Humongous Allocation) 113129M->109558M(184320M) 130.512ms
[2025-10-15T14:56:22.448-0700][1134][info ][gc          ] GC(285) Concurrent Mark Cycle
[2025-10-15T14:56:22.448-0700][1134][info ][gc,marking  ] GC(285) Concurrent Scan Root Regions
[2025-10-15T14:56:22.450-0700][1251][info ][gc,cpu      ] GC(284) User=7.97s Sys=0.15s Real=0.14s
[2025-10-15T14:56:22.451-0700][1251][info ][safepoint   ] Safepoint "G1TryInitiateConcMark", Time since last: 95390125 ns, Reaching safepoint: 2173709 ns, Cleanup: 5268 ns, At safepoint: 134462443 ns, Total: 136641420 ns
[2025-10-15T14:56:22.513-0700][1134][info ][gc,marking  ] GC(285) Concurrent Scan Root Regions 64.079ms
[2025-10-15T14:56:22.513-0700][1134][info ][gc,marking  ] GC(285) Concurrent Mark
[2025-10-15T14:56:22.513-0700][1134][info ][gc,marking  ] GC(285) Concurrent Mark From Roots
[2025-10-15T14:56:22.513-0700][1134][info ][gc,task     ] GC(285) Using 36 workers of 36 for marking
[2025-10-15T14:56:23.454-0700][1251][info ][safepoint   ] Safepoint "Cleanup", Time since last: 1000867065 ns, Reaching safepoint: 1560263 ns, Cleanup: 27762 ns, At safepoint: 576500 ns, Total: 2164525 ns
[2025-10-15T14:56:23.924-0700][1134][info ][gc,marking  ] GC(285) Concurrent Mark From Roots 1411.663ms
[2025-10-15T14:56:23.924-0700][1134][info ][gc,marking  ] GC(285) Concurrent Preclean
[2025-10-15T14:56:23.950-0700][1134][info ][gc,marking  ] GC(285) Concurrent Preclean 26.023ms
[2025-10-15T14:56:23.953-0700][1251][info ][gc,start    ] GC(285) Pause Remark
[2025-10-15T14:56:24.671-0700][1251][info ][gc,mmu      ] GC(285) MMU target violated: 201.0ms (200.0ms/201.0ms)
[2025-10-15T14:56:24.671-0700][1251][info ][gc          ] GC(285) Pause Remark 136840M->136392M(184320M) 717.494ms
[2025-10-15T14:56:24.672-0700][1251][info ][gc,cpu      ] GC(285) User=14.81s Sys=0.20s Real=0.72s
[2025-10-15T14:56:24.674-0700][1251][info ][safepoint   ] Safepoint "G1PauseRemark", Time since last: 496806842 ns, Reaching safepoint: 1408214 ns, Cleanup: 14843 ns, At safepoint: 721742225 ns, Total: 723165282 ns
[2025-10-15T14:56:24.675-0700][1134][info ][gc,marking  ] GC(285) Concurrent Mark 2162.083ms
[2025-10-15T14:56:24.675-0700][1134][info ][gc,marking  ] GC(285) Concurrent Rebuild Remembered Sets and Scrub Regions
[2025-10-15T14:56:25.255-0700][1251][info ][gc,start    ] GC(286) Pause Young (Normal) (G1 Evacuation Pause)
[2025-10-15T14:56:25.255-0700][1251][info ][gc,task     ] GC(286) Using 113 workers of 113 for evacuation
[2025-10-15T14:56:25.271-0700][1251][debug][gc,remset   ] GC(286) Visited cards 64116736 Total dirty 213647360 (30.01%) Total old 395116544 (16.23%)
[2025-10-15T14:56:25.420-0700][1251][info ][gc,phases   ] GC(286)   Pre Evacuate Collection Set: 0.8ms
[2025-10-15T14:56:25.420-0700][1251][info ][gc,phases   ] GC(286)   Merge Heap Roots: 15.7ms
[2025-10-15T14:56:25.420-0700][1251][info ][gc,phases   ] GC(286)   Evacuate Collection Set: 126.1ms
[2025-10-15T14:56:25.420-0700][1251][info ][gc,phases   ] GC(286)   Post Evacuate Collection Set: 22.9ms
[2025-10-15T14:56:25.420-0700][1251][info ][gc,phases   ] GC(286)   Other: 0.1ms
[2025-10-15T14:56:25.420-0700][1251][debug][gc,remset   ] GC(286) Coarsening (recent): Inline->AoC 394131 (131) AoC->Howl 8905 (374) Howl->Full 0 (0) Inline->AoC 48753 (78) AoC->BitMap 6977 (114) BitMap->Full 0 (0)
[2025-10-15T14:56:25.421-0700][1251][debug][gc,remset   ] GC(286) Coarsening (all): Inline->AoC 113038222 (29367) AoC->Howl 319455 (57298) Howl->Full 0 (0) Inline->AoC 1451255 (15824) AoC->BitMap 262373 (52563) BitMap->Full 5 (0)
[2025-10-15T14:56:25.421-0700][1251][info ][gc,heap     ] GC(286) Eden regions: 1265->0(1080)
[2025-10-15T14:56:25.421-0700][1251][info ][gc,heap     ] GC(286) Survivor regions: 86->121(169)
[2025-10-15T14:56:25.421-0700][1251][info ][gc,heap     ] GC(286) Old regions: 3324->3324
[2025-10-15T14:56:25.421-0700][1251][info ][gc,heap     ] GC(286) Humongous regions: 3->0
[2025-10-15T14:56:25.421-0700][1251][info ][gc,metaspace] GC(286) Metaspace: 302397K(308032K)->302397K(308032K) NonClass: 266725K(269888K)->266725K(269888K) Class: 35672K(38144K)->35672K(38144K)
[2025-10-15T14:56:25.421-0700][1251][info ][gc          ] GC(286) Pause Young (Normal) (G1 Evacuation Pause) 149686M->110207M(184320M) 165.873ms
[2025-10-15T14:56:25.422-0700][1251][info ][gc,cpu      ] GC(286) User=13.37s Sys=0.11s Real=0.17s
[2025-10-15T14:56:25.423-0700][1251][info ][safepoint   ] Safepoint "G1CollectForAllocation", Time since last: 575805196 ns, Reaching safepoint: 3612849 ns, Cleanup: 314274 ns, At safepoint: 169221146 ns, Total: 173148269 ns
[2025-10-15T14:56:26.429-0700][1251][info ][safepoint   ] Safepoint "Cleanup", Time since last: 1001708323 ns, Reaching safepoint: 2491588 ns, Cleanup: 12639 ns, At safepoint: 1878744 ns, Total: 4382971 ns
[2025-10-15T14:56:26.787-0700][1134][info ][gc,marking  ] GC(285) Concurrent Rebuild Remembered Sets and Scrub Regions 2112.728ms
[2025-10-15T14:56:26.790-0700][1251][info ][gc,start    ] GC(285) Pause Cleanup
[2025-10-15T14:56:26.794-0700][1251][info ][gc          ] GC(285) Pause Cleanup 138285M->138285M(184320M) 3.784ms
[2025-10-15T14:56:26.795-0700][1251][info ][gc,cpu      ] GC(285) User=0.03s Sys=0.00s Real=0.00s
[2025-10-15T14:56:26.796-0700][1251][info ][safepoint   ] Safepoint "G1PauseCleanup", Time since last: 358906244 ns, Reaching safepoint: 1216665 ns, Cleanup: 11547 ns, At safepoint: 7014189 ns, Total: 8242401 ns
[2025-10-15T14:56:26.796-0700][1134][info ][gc,marking  ] GC(285) Concurrent Clear Claimed Marks
[2025-10-15T14:56:26.797-0700][1134][info ][gc,marking  ] GC(285) Concurrent Clear Claimed Marks 1.110ms
[2025-10-15T14:56:26.797-0700][1134][info ][gc,marking  ] GC(285) Concurrent Cleanup for Next Mark
[2025-10-15T14:56:26.832-0700][1134][info ][gc,marking  ] GC(285) Concurrent Cleanup for Next Mark 35.325ms
[2025-10-15T14:56:26.833-0700][1134][info ][gc          ] GC(285) Concurrent Mark Cycle 4384.151ms
[2025-10-15T14:56:26.837-0700][1251][info ][gc,start    ] GC(287) Pause Young (Prepare Mixed) (G1 Evacuation Pause)
[2025-10-15T14:56:26.837-0700][1251][info ][gc,task     ] GC(287) Using 113 workers of 113 for evacuation
[2025-10-15T14:56:26.851-0700][1251][debug][gc,remset   ] GC(287) Visited cards 63441408 Total dirty 213385216 (29.73%) Total old 350748672 (18.09%)
[2025-10-15T14:56:27.011-0700][1251][info ][gc,phases   ] GC(287)   Pre Evacuate Collection Set: 0.7ms
[2025-10-15T14:56:27.011-0700][1251][info ][gc,phases   ] GC(287)   Merge Heap Roots: 13.3ms
[2025-10-15T14:56:27.011-0700][1251][info ][gc,phases   ] GC(287)   Evacuate Collection Set: 137.6ms
[2025-10-15T14:56:27.011-0700][1251][info ][gc,phases   ] GC(287)   Post Evacuate Collection Set: 22.1ms
[2025-10-15T14:56:27.011-0700][1251][info ][gc,phases   ] GC(287)   Other: 0.2ms
[2025-10-15T14:56:27.011-0700][1251][debug][gc,remset   ] GC(287) Coarsening (recent): Inline->AoC 567694 (318) AoC->Howl 25002 (694) Howl->Full 0 (0) Inline->AoC 127990 (250) AoC->BitMap 22932 (358) BitMap->Full 1 (0)
[2025-10-15T14:56:27.011-0700][1251][debug][gc,remset   ] GC(287) Coarsening (all): Inline->AoC 113605916 (29685) AoC->Howl 344457 (57992) Howl->Full 0 (0) Inline->AoC 1579245 (16074) AoC->BitMap 285305 (52921) BitMap->Full 6 (0)
[2025-10-15T14:56:27.011-0700][1251][info ][gc,heap     ] GC(287) Eden regions: 893->0(1117)
[2025-10-15T14:56:27.011-0700][1251][info ][gc,heap     ] GC(287) Survivor regions: 121->90(127)
[2025-10-15T14:56:27.011-0700][1251][info ][gc,heap     ] GC(287) Old regions: 3324->3370
[2025-10-15T14:56:27.011-0700][1251][info ][gc,heap     ] GC(287) Humongous regions: 0->0
[2025-10-15T14:56:27.011-0700][1251][info ][gc,metaspace] GC(287) Metaspace: 302397K(308032K)->302397K(308032K) NonClass: 266725K(269888K)->266725K(269888K) Class: 35672K(38144K)->35672K(38144K)
[2025-10-15T14:56:27.011-0700][1251][info ][gc          ] GC(287) Pause Young (Prepare Mixed) (G1 Evacuation Pause) 138783M->110677M(184320M) 174.010ms
[2025-10-15T14:56:27.012-0700][1251][info ][gc,cpu      ] GC(287) User=13.59s Sys=0.17s Real=0.18s
[2025-10-15T14:56:27.014-0700][1251][info ][safepoint   ] Safepoint "G1CollectForAllocation", Time since last: 38911876 ns, Reaching safepoint: 1198067 ns, Cleanup: 5048 ns, At safepoint: 177736037 ns, Total: 178939152 ns
[2025-10-15T14:56:28.834-0700][1251][info ][gc,start    ] GC(288) Pause Young (Mixed) (G1 Evacuation Pause)
[2025-10-15T14:56:28.834-0700][1251][info ][gc,task     ] GC(288) Using 113 workers of 113 for evacuation
[2025-10-15T14:56:28.848-0700][1251][debug][gc,remset   ] GC(288) Visited cards 62718464 Total dirty 198115328 (31.66%) Total old 432078848 (14.52%)
[2025-10-15T14:56:28.996-0700][1251][info ][gc,phases   ] GC(288)   Pre Evacuate Collection Set: 1.0ms
[2025-10-15T14:56:28.996-0700][1251][info ][gc,phases   ] GC(288)   Merge Heap Roots: 13.7ms
[2025-10-15T14:56:28.996-0700][1251][info ][gc,phases   ] GC(288)   Evacuate Collection Set: 124.4ms
[2025-10-15T14:56:28.996-0700][1251][info ][gc,phases   ] GC(288)   Post Evacuate Collection Set: 22.8ms
[2025-10-15T14:56:28.996-0700][1251][info ][gc,phases   ] GC(288)   Other: 0.2ms
[2025-10-15T14:56:28.996-0700][1251][debug][gc,remset   ] GC(288) Coarsening (recent): Inline->AoC 299557 (412) AoC->Howl 1906 (776) Howl->Full 0 (0) Inline->AoC 5596 (321) AoC->BitMap 1017 (478) BitMap->Full 0 (0)
[2025-10-15T14:56:28.996-0700][1251][debug][gc,remset   ] GC(288) Coarsening (all): Inline->AoC 113905473 (30097) AoC->Howl 346363 (58768) Howl->Full 0 (0) Inline->AoC 1584841 (16395) AoC->BitMap 286322 (53399) BitMap->Full 6 (0)
[2025-10-15T14:56:28.996-0700][1251][info ][gc,heap     ] GC(288) Eden regions: 1365->0(1018)
[2025-10-15T14:56:28.996-0700][1251][info ][gc,heap     ] GC(288) Survivor regions: 90->111(182)
[2025-10-15T14:56:28.996-0700][1251][info ][gc,heap     ] GC(288) Old regions: 3370->3067
[2025-10-15T14:56:28.996-0700][1251][info ][gc,heap     ] GC(288) Humongous regions: 0->0
[2025-10-15T14:56:28.996-0700][1251][info ][gc,metaspace] GC(288) Metaspace: 302414K(308032K)->302414K(308032K) NonClass: 266741K(269888K)->266741K(269888K) Class: 35672K(38144K)->35672K(38144K)
[2025-10-15T14:56:28.996-0700][1251][info ][gc          ] GC(288) Pause Young (Mixed) (G1 Evacuation Pause) 154357M->101657M(184320M) 162.287ms
[2025-10-15T14:56:28.997-0700][1251][info ][gc,cpu      ] GC(288) User=13.28s Sys=0.07s Real=0.16s
[2025-10-15T14:56:28.998-0700][1251][info ][safepoint   ] Safepoint "G1CollectForAllocation", Time since last: 1816531662 ns, Reaching safepoint: 2066146 ns, Cleanup: 13771 ns, At safepoint: 165742789 ns, Total: 167822706 ns
[2025-10-15T14:56:30.001-0700][1251][info ][safepoint   ] Safepoint "Cleanup", Time since last: 1000092017 ns, Reaching safepoint: 2064313 ns, Cleanup: 10856 ns, At safepoint: 737803 ns, Total: 2812972 ns
[2025-10-15T14:56:30.794-0700][1251][info ][gc,start    ] GC(289) Pause Young (Mixed) (G1 Evacuation Pause)
[2025-10-15T14:56:30.794-0700][1251][info ][gc,task     ] GC(289) Using 113 workers of 113 for evacuation
[2025-10-15T14:56:30.808-0700][1251][debug][gc,remset   ] GC(289) Visited cards 62369536 Total dirty 178585600 (34.92%) Total old 405798912 (15.37%)
[2025-10-15T14:56:30.993-0700][1251][info ][gc,phases   ] GC(289)   Pre Evacuate Collection Set: 1.0ms
[2025-10-15T14:56:30.993-0700][1251][info ][gc,phases   ] GC(289)   Merge Heap Roots: 13.5ms
[2025-10-15T14:56:30.993-0700][1251][info ][gc,phases   ] GC(289)   Evacuate Collection Set: 153.5ms
[2025-10-15T14:56:30.993-0700][1251][info ][gc,phases   ] GC(289)   Post Evacuate Collection Set: 31.0ms
[2025-10-15T14:56:30.993-0700][1251][info ][gc,phases   ] GC(289)   Other: 0.2ms
[2025-10-15T14:56:30.993-0700][1251][debug][gc,remset   ] GC(289) Coarsening (recent): Inline->AoC 281404 (315) AoC->Howl 2252 (961) Howl->Full 0 (0) Inline->AoC 8567 (226) AoC->BitMap 833 (404) BitMap->Full 0 (0)
[2025-10-15T14:56:30.993-0700][1251][debug][gc,remset   ] GC(289) Coarsening (all): Inline->AoC 114186877 (30412) AoC->Howl 348615 (59729) Howl->Full 0 (0) Inline->AoC 1593408 (16621) AoC->BitMap 287155 (53803) BitMap->Full 6 (0)
[2025-10-15T14:56:30.993-0700][1251][info ][gc,heap     ] GC(289) Eden regions: 1295->0(946)
[2025-10-15T14:56:30.993-0700][1251][info ][gc,heap     ] GC(289) Survivor regions: 111->110(176)
[2025-10-15T14:56:30.993-0700][1251][info ][gc,heap     ] GC(289) Old regions: 3067->2802
[2025-10-15T14:56:30.993-0700][1251][info ][gc,heap     ] GC(289) Humongous regions: 0->0
[2025-10-15T14:56:30.993-0700][1251][info ][gc,metaspace] GC(289) Metaspace: 302417K(308032K)->302417K(308032K) NonClass: 266744K(269888K)->266744K(269888K) Class: 35672K(38144K)->35672K(38144K)
[2025-10-15T14:56:30.993-0700][1251][info ][gc          ] GC(289) Pause Young (Mixed) (G1 Evacuation Pause) 143097M->93161M(184320M) 199.298ms
[2025-10-15T14:56:30.994-0700][1251][info ][gc,cpu      ] GC(289) User=16.31s Sys=0.20s Real=0.20s
[2025-10-15T14:56:30.995-0700][1251][info ][safepoint   ] Safepoint "G1CollectForAllocation", Time since last: 790026290 ns, Reaching safepoint: 1552341 ns, Cleanup: 13410 ns, At safepoint: 202742913 ns, Total: 204308664 ns
[2025-10-15T14:56:32.811-0700][1251][info ][gc,start    ] GC(290) Pause Young (Mixed) (G1 Evacuation Pause)
[2025-10-15T14:56:32.811-0700][1251][info ][gc,task     ] GC(290) Using 113 workers of 113 for evacuation
[2025-10-15T14:56:32.827-0700][1251][debug][gc,remset   ] GC(290) Visited cards 59197952 Total dirty 161415168 (36.67%) Total old 384892928 (15.38%)
[2025-10-15T14:56:33.014-0700][1251][info ][gc,mmu      ] GC(290) MMU target violated: 201.0ms (200.0ms/201.0ms)
[2025-10-15T14:56:33.014-0700][1251][info ][gc,phases   ] GC(290)   Pre Evacuate Collection Set: 0.9ms
[2025-10-15T14:56:33.014-0700][1251][info ][gc,phases   ] GC(290)   Merge Heap Roots: 14.5ms
[2025-10-15T14:56:33.014-0700][1251][info ][gc,phases   ] GC(290)   Evacuate Collection Set: 153.6ms
[2025-10-15T14:56:33.014-0700][1251][info ][gc,phases   ] GC(290)   Post Evacuate Collection Set: 33.4ms
[2025-10-15T14:56:33.014-0700][1251][info ][gc,phases   ] GC(290)   Other: 0.2ms
[2025-10-15T14:56:33.014-0700][1251][debug][gc,remset   ] GC(290) Coarsening (recent): Inline->AoC 278081 (382) AoC->Howl 3300 (1504) Howl->Full 0 (0) Inline->AoC 9596 (555) AoC->BitMap 1958 (936) BitMap->Full 0 (0)
[2025-10-15T14:56:33.014-0700][1251][debug][gc,remset   ] GC(290) Coarsening (all): Inline->AoC 114464958 (30794) AoC->Howl 351915 (61233) Howl->Full 0 (0) Inline->AoC 1603004 (17176) AoC->BitMap 289113 (54739) BitMap->Full 6 (0)
[2025-10-15T14:56:33.014-0700][1251][info ][gc,heap     ] GC(290) Eden regions: 1269->0(828)
[2025-10-15T14:56:33.014-0700][1251][info ][gc,heap     ] GC(290) Survivor regions: 110->104(173)
[2025-10-15T14:56:33.014-0700][1251][info ][gc,heap     ] GC(290) Old regions: 2802->2550
[2025-10-15T14:56:33.014-0700][1251][info ][gc,heap     ] GC(290) Humongous regions: 0->0
[2025-10-15T14:56:33.014-0700][1251][info ][gc,metaspace] GC(290) Metaspace: 302418K(308032K)->302418K(308032K) NonClass: 266745K(269888K)->266745K(269888K) Class: 35672K(38144K)->35672K(38144K)
[2025-10-15T14:56:33.014-0700][1251][info ][gc          ] GC(290) Pause Young (Mixed) (G1 Evacuation Pause) 133769M->84901M(184320M) 202.913ms
[2025-10-15T14:56:33.015-0700][1251][info ][gc,cpu      ] GC(290) User=17.05s Sys=0.24s Real=0.20s
[2025-10-15T14:56:33.017-0700][1251][info ][safepoint   ] Safepoint "G1CollectForAllocation", Time since last: 1813601022 ns, Reaching safepoint: 1042492 ns, Cleanup: 14722 ns, At safepoint: 206596474 ns, Total: 207653688 ns
[2025-10-15T14:56:34.694-0700][1251][info ][gc,start    ] GC(291) Pause Young (Mixed) (G1 Evacuation Pause)
[2025-10-15T14:56:34.694-0700][1251][info ][gc,task     ] GC(291) Using 113 workers of 113 for evacuation
[2025-10-15T14:56:34.709-0700][1251][debug][gc,remset   ] GC(291) Visited cards 55700480 Total dirty 145358848 (38.32%) Total old 363790336 (15.31%)
[2025-10-15T14:56:34.901-0700][1251][info ][gc,mmu      ] GC(291) MMU target violated: 201.0ms (200.0ms/201.0ms)
[2025-10-15T14:56:34.901-0700][1251][info ][gc,phases   ] GC(291)   Pre Evacuate Collection Set: 1.0ms
[2025-10-15T14:56:34.901-0700][1251][info ][gc,phases   ] GC(291)   Merge Heap Roots: 13.9ms
[2025-10-15T14:56:34.901-0700][1251][info ][gc,phases   ] GC(291)   Evacuate Collection Set: 159.3ms
[2025-10-15T14:56:34.901-0700][1251][info ][gc,phases   ] GC(291)   Post Evacuate Collection Set: 33.3ms
[2025-10-15T14:56:34.901-0700][1251][info ][gc,phases   ] GC(291)   Other: 0.2ms
[2025-10-15T14:56:34.901-0700][1251][debug][gc,remset   ] GC(291) Coarsening (recent): Inline->AoC 273953 (390) AoC->Howl 2902 (1247) Howl->Full 0 (0) Inline->AoC 8494 (491) AoC->BitMap 2123 (1013) BitMap->Full 0 (0)
[2025-10-15T14:56:34.901-0700][1251][debug][gc,remset   ] GC(291) Coarsening (all): Inline->AoC 114738911 (31184) AoC->Howl 354817 (62480) Howl->Full 0 (0) Inline->AoC 1611498 (17667) AoC->BitMap 291236 (55752) BitMap->Full 6 (0)
[2025-10-15T14:56:34.901-0700][1251][info ][gc,heap     ] GC(291) Eden regions: 1240->0(654)
[2025-10-15T14:56:34.901-0700][1251][info ][gc,heap     ] GC(291) Survivor regions: 104->99(168)
[2025-10-15T14:56:34.901-0700][1251][info ][gc,heap     ] GC(291) Old regions: 2550->2305
[2025-10-15T14:56:34.901-0700][1251][info ][gc,heap     ] GC(291) Humongous regions: 0->0
[2025-10-15T14:56:34.901-0700][1251][info ][gc,metaspace] GC(291) Metaspace: 302418K(308032K)->302418K(308032K) NonClass: 266745K(269888K)->266745K(269888K) Class: 35672K(38144K)->35672K(38144K)
[2025-10-15T14:56:34.901-0700][1251][info ][gc          ] GC(291) Pause Young (Mixed) (G1 Evacuation Pause) 124581M->76903M(184320M) 207.763ms
[2025-10-15T14:56:34.903-0700][1251][info ][gc,cpu      ] GC(291) User=17.00s Sys=0.12s Real=0.21s
[2025-10-15T14:56:34.904-0700][1251][info ][safepoint   ] Safepoint "G1CollectForAllocation", Time since last: 1674232860 ns, Reaching safepoint: 1436237 ns, Cleanup: 5127 ns, At safepoint: 211456915 ns, Total: 212898279 ns
[2025-10-15T14:56:35.906-0700][1251][info ][safepoint   ] Safepoint "Cleanup", Time since last: 1000088891 ns, Reaching safepoint: 1652783 ns, Cleanup: 10966 ns, At safepoint: 581287 ns, Total: 2245036 ns
[2025-10-15T14:56:36.299-0700][1251][info ][gc,start    ] GC(292) Pause Young (Mixed) (G1 Evacuation Pause)
[2025-10-15T14:56:36.299-0700][1251][info ][gc,task     ] GC(292) Using 113 workers of 113 for evacuation
[2025-10-15T14:56:36.315-0700][1251][debug][gc,remset   ] GC(292) Visited cards 53388800 Total dirty 129761280 (41.14%) Total old 321388544 (16.61%)
[2025-10-15T14:56:36.517-0700][1251][info ][gc,mmu      ] GC(292) MMU target violated: 201.0ms (200.0ms/201.0ms)
[2025-10-15T14:56:36.517-0700][1251][info ][gc,phases   ] GC(292)   Pre Evacuate Collection Set: 0.9ms
[2025-10-15T14:56:36.517-0700][1251][info ][gc,phases   ] GC(292)   Merge Heap Roots: 15.4ms
[2025-10-15T14:56:36.517-0700][1251][info ][gc,phases   ] GC(292)   Evacuate Collection Set: 167.7ms
[2025-10-15T14:56:36.517-0700][1251][info ][gc,phases   ] GC(292)   Post Evacuate Collection Set: 33.9ms
[2025-10-15T14:56:36.517-0700][1251][info ][gc,phases   ] GC(292)   Other: 0.2ms
[2025-10-15T14:56:36.517-0700][1251][debug][gc,remset   ] GC(292) Coarsening (recent): Inline->AoC 233514 (487) AoC->Howl 3310 (1560) Howl->Full 0 (0) Inline->AoC 8370 (680) AoC->BitMap 2838 (1444) BitMap->Full 0 (0)
[2025-10-15T14:56:36.517-0700][1251][debug][gc,remset   ] GC(292) Coarsening (all): Inline->AoC 114972425 (31671) AoC->Howl 358127 (64040) Howl->Full 0 (0) Inline->AoC 1619868 (18347) AoC->BitMap 294074 (57196) BitMap->Full 6 (0)
[2025-10-15T14:56:36.517-0700][1251][info ][gc,heap     ] GC(292) Eden regions: 1044->0(322)
[2025-10-15T14:56:36.517-0700][1251][info ][gc,heap     ] GC(292) Survivor regions: 99->99(143)
[2025-10-15T14:56:36.517-0700][1251][info ][gc,heap     ] GC(292) Old regions: 2305->2070
[2025-10-15T14:56:36.517-0700][1251][info ][gc,heap     ] GC(292) Humongous regions: 0->0
[2025-10-15T14:56:36.517-0700][1251][info ][gc,metaspace] GC(292) Metaspace: 302418K(308032K)->302418K(308032K) NonClass: 266745K(269888K)->266745K(269888K) Class: 35672K(38144K)->35672K(38144K)
[2025-10-15T14:56:36.517-0700][1251][info ][gc          ] GC(292) Pause Young (Mixed) (G1 Evacuation Pause) 110311M->69391M(184320M) 218.291ms
[2025-10-15T14:56:36.518-0700][1251][info ][gc,cpu      ] GC(292) User=18.12s Sys=0.34s Real=0.22s
[2025-10-15T14:56:36.519-0700][1251][info ][safepoint   ] Safepoint "G1CollectForAllocation", Time since last: 390059479 ns, Reaching safepoint: 1460042 ns, Cleanup: 4206 ns, At safepoint: 221795107 ns, Total: 223259355 ns
[2025-10-15T14:56:37.388-0700][1251][info ][gc,start    ] GC(293) Pause Young (Mixed) (G1 Evacuation Pause)
[2025-10-15T14:56:37.388-0700][1251][info ][gc,task     ] GC(293) Using 113 workers of 113 for evacuation
[2025-10-15T14:56:37.402-0700][1251][debug][gc,remset   ] GC(293) Visited cards 50707200 Total dirty 114032640 (44.47%) Total old 258801664 (19.59%)
[2025-10-15T14:56:37.601-0700][1251][info ][gc,mmu      ] GC(293) MMU target violated: 201.0ms (200.0ms/201.0ms)
[2025-10-15T14:56:37.601-0700][1251][info ][gc,phases   ] GC(293)   Pre Evacuate Collection Set: 0.9ms
[2025-10-15T14:56:37.601-0700][1251][info ][gc,phases   ] GC(293)   Merge Heap Roots: 13.6ms
[2025-10-15T14:56:37.601-0700][1251][info ][gc,phases   ] GC(293)   Evacuate Collection Set: 173.7ms
[2025-10-15T14:56:37.601-0700][1251][info ][gc,phases   ] GC(293)   Post Evacuate Collection Set: 25.2ms
[2025-10-15T14:56:37.601-0700][1251][info ][gc,phases   ] GC(293)   Other: 0.2ms
[2025-10-15T14:56:37.601-0700][1251][debug][gc,remset   ] GC(293) Coarsening (recent): Inline->AoC 153209 (481) AoC->Howl 3495 (1932) Howl->Full 0 (0) Inline->AoC 7232 (728) AoC->BitMap 2842 (1535) BitMap->Full 0 (0)
[2025-10-15T14:56:37.601-0700][1251][debug][gc,remset   ] GC(293) Coarsening (all): Inline->AoC 115125634 (32152) AoC->Howl 361622 (65972) Howl->Full 0 (0) Inline->AoC 1627100 (19075) AoC->BitMap 296916 (58731) BitMap->Full 6 (0)
[2025-10-15T14:56:37.601-0700][1251][info ][gc,heap     ] GC(293) Eden regions: 684->0(208)
[2025-10-15T14:56:37.601-0700][1251][info ][gc,heap     ] GC(293) Survivor regions: 99->80(98)
[2025-10-15T14:56:37.601-0700][1251][info ][gc,heap     ] GC(293) Old regions: 2070->1872
[2025-10-15T14:56:37.601-0700][1251][info ][gc,heap     ] GC(293) Humongous regions: 0->0
[2025-10-15T14:56:37.601-0700][1251][info ][gc,metaspace] GC(293) Metaspace: 302418K(308032K)->302418K(308032K) NonClass: 266745K(269888K)->266745K(269888K) Class: 35672K(38144K)->35672K(38144K)
[2025-10-15T14:56:37.601-0700][1251][info ][gc          ] GC(293) Pause Young (Mixed) (G1 Evacuation Pause) 91279M->62434M(184320M) 213.713ms
[2025-10-15T14:56:37.603-0700][1251][info ][gc,cpu      ] GC(293) User=18.27s Sys=0.08s Real=0.22s
[2025-10-15T14:56:37.604-0700][1251][info ][safepoint   ] Safepoint "G1CollectForAllocation", Time since last: 864992151 ns, Reaching safepoint: 2075441 ns, Cleanup: 20220 ns, At safepoint: 217389732 ns, Total: 219485393 ns
[2025-10-15T14:56:38.316-0700][1251][info ][gc,start    ] GC(294) Pause Young (Mixed) (G1 Evacuation Pause)
[2025-10-15T14:56:38.316-0700][1251][info ][gc,task     ] GC(294) Using 113 workers of 113 for evacuation
[2025-10-15T14:56:38.330-0700][1251][debug][gc,remset   ] GC(294) Visited cards 50106624 Total dirty 101580800 (49.33%) Total old 227213312 (22.05%)
[2025-10-15T14:56:38.534-0700][1251][info ][gc,mmu      ] GC(294) MMU target violated: 201.0ms (200.0ms/201.0ms)
[2025-10-15T14:56:38.534-0700][1251][info ][gc,phases   ] GC(294)   Pre Evacuate Collection Set: 0.8ms
[2025-10-15T14:56:38.534-0700][1251][info ][gc,phases   ] GC(294)   Merge Heap Roots: 13.1ms
[2025-10-15T14:56:38.534-0700][1251][info ][gc,phases   ] GC(294)   Evacuate Collection Set: 185.0ms
[2025-10-15T14:56:38.534-0700][1251][info ][gc,phases   ] GC(294)   Post Evacuate Collection Set: 18.8ms
[2025-10-15T14:56:38.534-0700][1251][info ][gc,phases   ] GC(294)   Other: 0.2ms
[2025-10-15T14:56:38.534-0700][1251][debug][gc,remset   ] GC(294) Coarsening (recent): Inline->AoC 130916 (401) AoC->Howl 2511 (1358) Howl->Full 0 (0) Inline->AoC 5537 (519) AoC->BitMap 1594 (784) BitMap->Full 0 (0)
[2025-10-15T14:56:38.534-0700][1251][debug][gc,remset   ] GC(294) Coarsening (all): Inline->AoC 115256550 (32553) AoC->Howl 364133 (67330) Howl->Full 0 (0) Inline->AoC 1632637 (19594) AoC->BitMap 298510 (59515) BitMap->Full 6 (0)
[2025-10-15T14:56:38.534-0700][1251][info ][gc,heap     ] GC(294) Eden regions: 561->0(219)
[2025-10-15T14:56:38.534-0700][1251][info ][gc,heap     ] GC(294) Survivor regions: 80->69(81)
[2025-10-15T14:56:38.534-0700][1251][info ][gc,heap     ] GC(294) Old regions: 1872->1680
[2025-10-15T14:56:38.534-0700][1251][info ][gc,heap     ] GC(294) Humongous regions: 0->0
[2025-10-15T14:56:38.534-0700][1251][info ][gc,metaspace] GC(294) Metaspace: 302418K(308032K)->302418K(308032K) NonClass: 266745K(269888K)->266745K(269888K) Class: 35672K(38144K)->35672K(38144K)
[2025-10-15T14:56:38.534-0700][1251][info ][gc          ] GC(294) Pause Young (Mixed) (G1 Evacuation Pause) 80386M->55926M(184320M) 217.999ms
[2025-10-15T14:56:38.536-0700][1251][info ][gc,cpu      ] GC(294) User=17.30s Sys=0.11s Real=0.22s
[2025-10-15T14:56:38.537-0700][1251][info ][safepoint   ] Safepoint "G1CollectForAllocation", Time since last: 700921975 ns, Reaching safepoint: 10475289 ns, Cleanup: 14792 ns, At safepoint: 221667263 ns, Total: 232157344 ns
[2025-10-15T14:56:38.838-0700][1251][info ][gc,start    ] GC(295) Pause Young (Mixed) (G1 Evacuation Pause)
[2025-10-15T14:56:38.838-0700][1251][info ][gc,task     ] GC(295) Using 113 workers of 113 for evacuation
[2025-10-15T14:56:38.851-0700][1251][debug][gc,remset   ] GC(295) Visited cards 48587264 Total dirty 89391104 (54.35%) Total old 169869312 (28.60%)
[2025-10-15T14:56:39.093-0700][1251][info ][gc,mmu      ] GC(295) MMU target violated: 201.0ms (200.0ms/201.0ms)
[2025-10-15T14:56:39.093-0700][1251][info ][gc,phases   ] GC(295)   Pre Evacuate Collection Set: 0.9ms
[2025-10-15T14:56:39.093-0700][1251][info ][gc,phases   ] GC(295)   Merge Heap Roots: 12.7ms
[2025-10-15T14:56:39.093-0700][1251][info ][gc,phases   ] GC(295)   Evacuate Collection Set: 232.2ms
[2025-10-15T14:56:39.093-0700][1251][info ][gc,phases   ] GC(295)   Post Evacuate Collection Set: 8.9ms
[2025-10-15T14:56:39.093-0700][1251][info ][gc,phases   ] GC(295)   Other: 0.1ms
[2025-10-15T14:56:39.093-0700][1251][debug][gc,remset   ] GC(295) Coarsening (recent): Inline->AoC 71645 (403) AoC->Howl 2865 (1796) Howl->Full 0 (0) Inline->AoC 5618 (466) AoC->BitMap 1314 (564) BitMap->Full 0 (0)
[2025-10-15T14:56:39.093-0700][1251][debug][gc,remset   ] GC(295) Coarsening (all): Inline->AoC 115328195 (32956) AoC->Howl 366998 (69126) Howl->Full 0 (0) Inline->AoC 1638255 (20060) AoC->BitMap 299824 (60079) BitMap->Full 6 (0)
[2025-10-15T14:56:39.093-0700][1251][info ][gc,heap     ] GC(295) Eden regions: 232->0(2056)
[2025-10-15T14:56:39.093-0700][1251][info ][gc,heap     ] GC(295) Survivor regions: 69->38(38)
[2025-10-15T14:56:39.093-0700][1251][info ][gc,heap     ] GC(295) Old regions: 1680->1545
[2025-10-15T14:56:39.093-0700][1251][info ][gc,heap     ] GC(295) Humongous regions: 0->0
[2025-10-15T14:56:39.093-0700][1251][info ][gc,metaspace] GC(295) Metaspace: 302418K(308032K)->302418K(308032K) NonClass: 266745K(269888K)->266745K(269888K) Class: 35672K(38144K)->35672K(38144K)
[2025-10-15T14:56:39.093-0700][1251][info ][gc          ] GC(295) Pause Young (Mixed) (G1 Evacuation Pause) 63350M->50647M(184320M) 255.030ms
[2025-10-15T14:56:39.094-0700][1251][info ][gc,cpu      ] GC(295) User=16.99s Sys=0.11s Real=0.26s
[2025-10-15T14:56:39.095-0700][1251][info ][safepoint   ] Safepoint "G1CollectForAllocation", Time since last: 297819105 ns, Reaching safepoint: 1690439 ns, Cleanup: 12439 ns, At safepoint: 258686184 ns, Total: 260389062 ns
[2025-10-15T14:56:41.424-0700][1251][info ][gc,start    ] GC(296) Pause Young (Normal) (G1 Evacuation Pause)
[2025-10-15T14:56:41.424-0700][1251][info ][gc,task     ] GC(296) Using 113 workers of 113 for evacuation
[2025-10-15T14:56:41.439-0700][1251][debug][gc,remset   ] GC(296) Visited cards 32863744 Total dirty 99418112 (33.06%) Total old 340721664 (9.65%)
[2025-10-15T14:56:41.605-0700][1251][info ][gc,phases   ] GC(296)   Pre Evacuate Collection Set: 0.7ms
[2025-10-15T14:56:41.605-0700][1251][info ][gc,phases   ] GC(296)   Merge Heap Roots: 15.0ms
[2025-10-15T14:56:41.605-0700][1251][info ][gc,phases   ] GC(296)   Evacuate Collection Set: 143.0ms
[2025-10-15T14:56:41.605-0700][1251][info ][gc,phases   ] GC(296)   Post Evacuate Collection Set: 22.8ms
[2025-10-15T14:56:41.605-0700][1251][info ][gc,phases   ] GC(296)   Other: 0.1ms
[2025-10-15T14:56:41.605-0700][1251][debug][gc,remset   ] GC(296) Coarsening (recent): Inline->AoC 459581 (148) AoC->Howl 914 (337) Howl->Full 0 (0) Inline->AoC 3125 (62) AoC->BitMap 314 (79) BitMap->Full 0 (0)
[2025-10-15T14:56:41.605-0700][1251][debug][gc,remset   ] GC(296) Coarsening (all): Inline->AoC 115787776 (33104) AoC->Howl 367912 (69463) Howl->Full 0 (0) Inline->AoC 1641380 (20122) AoC->BitMap 300138 (60158) BitMap->Full 6 (0)
[2025-10-15T14:56:41.605-0700][1251][info ][gc,heap     ] GC(296) Eden regions: 1789->0(1665)
[2025-10-15T14:56:41.605-0700][1251][info ][gc,heap     ] GC(296) Survivor regions: 38->130(229)
[2025-10-15T14:56:41.605-0700][1251][info ][gc,heap     ] GC(296) Old regions: 1545->1545
[2025-10-15T14:56:41.605-0700][1251][info ][gc,heap     ] GC(296) Humongous regions: 0->0
[2025-10-15T14:56:41.605-0700][1251][info ][gc,metaspace] GC(296) Metaspace: 302418K(308032K)->302418K(308032K) NonClass: 266745K(269888K)->266745K(269888K) Class: 35672K(38144K)->35672K(38144K)
[2025-10-15T14:56:41.605-0700][1251][info ][gc          ] GC(296) Pause Young (Normal) (G1 Evacuation Pause) 107895M->53574M(184320M) 181.888ms
[2025-10-15T14:56:41.607-0700][1251][info ][gc,cpu      ] GC(296) User=15.07s Sys=0.98s Real=0.18s
[2025-10-15T14:56:41.607-0700][1251][info ][safepoint   ] Safepoint "G1CollectForAllocation", Time since last: 2325500047 ns, Reaching safepoint: 1569567 ns, Cleanup: 5228 ns, At safepoint: 185258212 ns, Total: 186833007 ns
[2025-10-15T14:56:43.610-0700][1251][info ][safepoint   ] Safepoint "Cleanup", Time since last: 2000161409 ns, Reaching safepoint: 1587324 ns, Cleanup: 11637 ns, At safepoint: 776601 ns, Total: 2375562 ns
[2025-10-15T14:56:43.689-0700][1251][info ][gc,start    ] GC(297) Pause Young (Normal) (G1 Evacuation Pause)
[2025-10-15T14:56:43.689-0700][1251][info ][gc,task     ] GC(297) Using 113 workers of 113 for evacuation
[2025-10-15T14:56:43.705-0700][1251][debug][gc,remset   ] GC(297) Visited cards 35130880 Total dirty 99155968 (35.43%) Total old 318046208 (11.05%)
[2025-10-15T14:56:43.887-0700][1251][info ][gc,phases   ] GC(297)   Pre Evacuate Collection Set: 0.8ms
[2025-10-15T14:56:43.887-0700][1251][info ][gc,phases   ] GC(297)   Merge Heap Roots: 15.2ms
[2025-10-15T14:56:43.887-0700][1251][info ][gc,phases   ] GC(297)   Evacuate Collection Set: 161.8ms
[2025-10-15T14:56:43.887-0700][1251][info ][gc,phases   ] GC(297)   Post Evacuate Collection Set: 20.5ms
[2025-10-15T14:56:43.887-0700][1251][info ][gc,phases   ] GC(297)   Other: 0.2ms
[2025-10-15T14:56:43.887-0700][1251][debug][gc,remset   ] GC(297) Coarsening (recent): Inline->AoC 378628 (270) AoC->Howl 3116 (1412) Howl->Full 0 (0) Inline->AoC 8901 (452) AoC->BitMap 2456 (1014) BitMap->Full 0 (0)
[2025-10-15T14:56:43.887-0700][1251][debug][gc,remset   ] GC(297) Coarsening (all): Inline->AoC 116166404 (33374) AoC->Howl 371028 (70875) Howl->Full 0 (0) Inline->AoC 1650281 (20574) AoC->BitMap 302594 (61172) BitMap->Full 6 (0)
[2025-10-15T14:56:43.887-0700][1251][info ][gc,heap     ] GC(297) Eden regions: 1524->0(1840)
[2025-10-15T14:56:43.887-0700][1251][info ][gc,heap     ] GC(297) Survivor regions: 130->100(207)
[2025-10-15T14:56:43.887-0700][1251][info ][gc,heap     ] GC(297) Old regions: 1545->1610
[2025-10-15T14:56:43.887-0700][1251][info ][gc,heap     ] GC(297) Humongous regions: 0->0
[2025-10-15T14:56:43.887-0700][1251][info ][gc,metaspace] GC(297) Metaspace: 302435K(308032K)->302435K(308032K) NonClass: 266762K(269888K)->266762K(269888K) Class: 35672K(38144K)->35672K(38144K)
[2025-10-15T14:56:43.887-0700][1251][info ][gc          ] GC(297) Pause Young (Normal) (G1 Evacuation Pause) 102342M->54682M(184320M) 198.562ms
[2025-10-15T14:56:43.889-0700][1251][info ][gc,cpu      ] GC(297) User=16.30s Sys=0.20s Real=0.20s
[2025-10-15T14:56:43.890-0700][1251][info ][safepoint   ] Safepoint "G1CollectForAllocation", Time since last: 75419767 ns, Reaching safepoint: 2068780 ns, Cleanup: 5829 ns, At safepoint: 202182056 ns, Total: 204256665 ns
[2025-10-15T14:56:45.892-0700][1251][info ][safepoint   ] Safepoint "Cleanup", Time since last: 2000449142 ns, Reaching safepoint: 1416777 ns, Cleanup: 18939 ns, At safepoint: 783681 ns, Total: 2219397 ns
[2025-10-15T14:56:46.051-0700][1251][info ][gc,start    ] GC(298) Pause Young (Normal) (G1 Evacuation Pause)
[2025-10-15T14:56:46.051-0700][1251][info ][gc,task     ] GC(298) Using 113 workers of 113 for evacuation
[2025-10-15T14:56:46.067-0700][1251][debug][gc,remset   ] GC(298) Visited cards 36474880 Total dirty 103481344 (35.25%) Total old 351666176 (10.37%)
[2025-10-15T14:56:46.235-0700][1251][info ][gc,phases   ] GC(298)   Pre Evacuate Collection Set: 0.9ms
[2025-10-15T14:56:46.235-0700][1251][info ][gc,phases   ] GC(298)   Merge Heap Roots: 14.7ms
[2025-10-15T14:56:46.235-0700][1251][info ][gc,phases   ] GC(298)   Evacuate Collection Set: 146.4ms
[2025-10-15T14:56:46.235-0700][1251][info ][gc,phases   ] GC(298)   Post Evacuate Collection Set: 21.5ms
[2025-10-15T14:56:46.235-0700][1251][info ][gc,phases   ] GC(298)   Other: 0.2ms
[2025-10-15T14:56:46.235-0700][1251][debug][gc,remset   ] GC(298) Coarsening (recent): Inline->AoC 425443 (285) AoC->Howl 1901 (839) Howl->Full 0 (0) Inline->AoC 5844 (284) AoC->BitMap 1354 (586) BitMap->Full 0 (0)
[2025-10-15T14:56:46.235-0700][1251][debug][gc,remset   ] GC(298) Coarsening (all): Inline->AoC 116591847 (33659) AoC->Howl 372929 (71714) Howl->Full 0 (0) Inline->AoC 1656125 (20858) AoC->BitMap 303948 (61758) BitMap->Full 6 (0)
[2025-10-15T14:56:46.235-0700][1251][info ][gc,heap     ] GC(298) Eden regions: 1778->0(1826)
[2025-10-15T14:56:46.235-0700][1251][info ][gc,heap     ] GC(298) Survivor regions: 100->130(235)
[2025-10-15T14:56:46.235-0700][1251][info ][gc,heap     ] GC(298) Old regions: 1610->1610
[2025-10-15T14:56:46.235-0700][1251][info ][gc,heap     ] GC(298) Humongous regions: 0->0
[2025-10-15T14:56:46.235-0700][1251][info ][gc,metaspace] GC(298) Metaspace: 302435K(308032K)->302435K(308032K) NonClass: 266762K(269888K)->266762K(269888K) Class: 35672K(38144K)->35672K(38144K)
[2025-10-15T14:56:46.235-0700][1251][info ][gc          ] GC(298) Pause Young (Normal) (G1 Evacuation Pause) 111578M->55668M(184320M) 183.825ms
[2025-10-15T14:56:46.236-0700][1251][info ][gc,cpu      ] GC(298) User=14.67s Sys=0.22s Real=0.18s
[2025-10-15T14:56:46.237-0700][1251][info ][safepoint   ] Safepoint "G1CollectForAllocation", Time since last: 156153528 ns, Reaching safepoint: 1233039 ns, Cleanup: 5118 ns, At safepoint: 187468536 ns, Total: 188706693 ns
[2025-10-15T14:56:47.245-0700][1251][info ][safepoint   ] Safepoint "Cleanup", Time since last: 1000107019 ns, Reaching safepoint: 6393562 ns, Cleanup: 20611 ns, At safepoint: 988000 ns, Total: 7402173 ns
[2025-10-15T14:56:48.510-0700][1251][info ][gc,start    ] GC(299) Pause Young (Normal) (G1 Evacuation Pause)
[2025-10-15T14:56:48.510-0700][1251][info ][gc,task     ] GC(299) Using 113 workers of 113 for evacuation
[2025-10-15T14:56:48.527-0700][1251][debug][gc,remset   ] GC(299) Visited cards 36925440 Total dirty 103546880 (35.66%) Total old 353107968 (10.46%)
[2025-10-15T14:56:48.712-0700][1251][info ][gc,mmu      ] GC(299) MMU target violated: 201.0ms (200.0ms/201.0ms)
[2025-10-15T14:56:48.712-0700][1251][info ][gc,phases   ] GC(299)   Pre Evacuate Collection Set: 0.9ms
[2025-10-15T14:56:48.712-0700][1251][info ][gc,phases   ] GC(299)   Merge Heap Roots: 15.6ms
[2025-10-15T14:56:48.712-0700][1251][info ][gc,phases   ] GC(299)   Evacuate Collection Set: 160.7ms
[2025-10-15T14:56:48.712-0700][1251][info ][gc,phases   ] GC(299)   Post Evacuate Collection Set: 24.1ms
[2025-10-15T14:56:48.712-0700][1251][info ][gc,phases   ] GC(299)   Other: 0.2ms
[2025-10-15T14:56:48.712-0700][1251][debug][gc,remset   ] GC(299) Coarsening (recent): Inline->AoC 443046 (274) AoC->Howl 2269 (986) Howl->Full 0 (0) Inline->AoC 7414 (284) AoC->BitMap 1898 (732) BitMap->Full 0 (0)
[2025-10-15T14:56:48.712-0700][1251][debug][gc,remset   ] GC(299) Coarsening (all): Inline->AoC 117034893 (33933) AoC->Howl 375198 (72700) Howl->Full 0 (0) Inline->AoC 1663539 (21142) AoC->BitMap 305846 (62490) BitMap->Full 6 (0)
[2025-10-15T14:56:48.712-0700][1251][info ][gc,heap     ] GC(299) Eden regions: 1759->0(1694)
[2025-10-15T14:56:48.712-0700][1251][info ][gc,heap     ] GC(299) Survivor regions: 130->169(237)
[2025-10-15T14:56:48.712-0700][1251][info ][gc,heap     ] GC(299) Old regions: 1610->1610
[2025-10-15T14:56:48.712-0700][1251][info ][gc,heap     ] GC(299) Humongous regions: 0->0
[2025-10-15T14:56:48.712-0700][1251][info ][gc,metaspace] GC(299) Metaspace: 302435K(308032K)->302435K(308032K) NonClass: 266762K(269888K)->266762K(269888K) Class: 35672K(38144K)->35672K(38144K)
[2025-10-15T14:56:48.712-0700][1251][info ][gc          ] GC(299) Pause Young (Normal) (G1 Evacuation Pause) 111956M->56916M(184320M) 201.546ms
[2025-10-15T14:56:48.713-0700][1251][info ][gc,cpu      ] GC(299) User=16.80s Sys=0.23s Real=0.20s
[2025-10-15T14:56:48.714-0700][1251][info ][safepoint   ] Safepoint "G1CollectForAllocation", Time since last: 1262854800 ns, Reaching safepoint: 1510558 ns, Cleanup: 5188 ns, At safepoint: 205436654 ns, Total: 206952400 ns
[2025-10-15T14:56:50.761-0700][1251][info ][safepoint   ] Safepoint "Cleanup", Time since last: 2000150833 ns, Reaching safepoint: 45027870 ns, Cleanup: 23816 ns, At safepoint: 1463347 ns, Total: 46515033 ns
[2025-10-15T14:56:50.981-0700][1251][info ][gc,start    ] GC(300) Pause Young (Normal) (G1 Evacuation Pause)
[2025-10-15T14:56:50.981-0700][1251][info ][gc,task     ] GC(300) Using 113 workers of 113 for evacuation
[2025-10-15T14:56:50.996-0700][1251][debug][gc,remset   ] GC(300) Visited cards 37225984 Total dirty 103546880 (35.95%) Total old 351404032 (10.59%)
[2025-10-15T14:56:51.187-0700][1251][info ][gc,mmu      ] GC(300) MMU target violated: 201.0ms (200.0ms/201.0ms)
[2025-10-15T14:56:51.187-0700][1251][info ][gc,phases   ] GC(300)   Pre Evacuate Collection Set: 0.8ms
[2025-10-15T14:56:51.187-0700][1251][info ][gc,phases   ] GC(300)   Merge Heap Roots: 14.8ms
[2025-10-15T14:56:51.187-0700][1251][info ][gc,phases   ] GC(300)   Evacuate Collection Set: 167.5ms
[2025-10-15T14:56:51.187-0700][1251][info ][gc,phases   ] GC(300)   Post Evacuate Collection Set: 23.1ms
[2025-10-15T14:56:51.187-0700][1251][info ][gc,phases   ] GC(300)   Other: 0.2ms
[2025-10-15T14:56:51.187-0700][1251][debug][gc,remset   ] GC(300) Coarsening (recent): Inline->AoC 435268 (228) AoC->Howl 2228 (1082) Howl->Full 0 (0) Inline->AoC 6865 (288) AoC->BitMap 1932 (728) BitMap->Full 0 (0)
[2025-10-15T14:56:51.187-0700][1251][debug][gc,remset   ] GC(300) Coarsening (all): Inline->AoC 117470161 (34161) AoC->Howl 377426 (73782) Howl->Full 0 (0) Inline->AoC 1670404 (21430) AoC->BitMap 307778 (63218) BitMap->Full 6 (0)
[2025-10-15T14:56:51.187-0700][1251][info ][gc,heap     ] GC(300) Eden regions: 1707->0(2012)
[2025-10-15T14:56:51.187-0700][1251][info ][gc,heap     ] GC(300) Survivor regions: 169->135(235)
[2025-10-15T14:56:51.187-0700][1251][info ][gc,heap     ] GC(300) Old regions: 1610->1658
[2025-10-15T14:56:51.187-0700][1251][info ][gc,heap     ] GC(300) Humongous regions: 0->0
[2025-10-15T14:56:51.187-0700][1251][info ][gc,metaspace] GC(300) Metaspace: 302435K(308032K)->302435K(308032K) NonClass: 266762K(269888K)->266762K(269888K) Class: 35672K(38144K)->35672K(38144K)
[2025-10-15T14:56:51.187-0700][1251][info ][gc          ] GC(300) Pause Young (Normal) (G1 Evacuation Pause) 111540M->57372M(184320M) 206.595ms
[2025-10-15T14:56:51.189-0700][1251][info ][gc,cpu      ] GC(300) User=17.59s Sys=0.18s Real=0.21s
[2025-10-15T14:56:51.189-0700][1251][info ][safepoint   ] Safepoint "G1CollectForAllocation", Time since last: 216661293 ns, Reaching safepoint: 1524780 ns, Cleanup: 4767 ns, At safepoint: 210135752 ns, Total: 211665299 ns
[2025-10-15T14:56:52.191-0700][1251][info ][safepoint   ] Safepoint "Cleanup", Time since last: 1000088859 ns, Reaching safepoint: 1158137 ns, Cleanup: 13601 ns, At safepoint: 514095 ns, Total: 1685833 ns
[2025-10-15T14:56:53.815-0700][1251][info ][gc,start    ] GC(301) Pause Young (Normal) (G1 Evacuation Pause)
[2025-10-15T14:56:53.815-0700][1251][info ][gc,task     ] GC(301) Using 113 workers of 113 for evacuation
[2025-10-15T14:56:53.831-0700][1251][debug][gc,remset   ] GC(301) Visited cards 38311424 Total dirty 106430464 (36.00%) Total old 381812736 (10.03%)
[2025-10-15T14:56:54.035-0700][1251][info ][gc,mmu      ] GC(301) MMU target violated: 201.0ms (200.0ms/201.0ms)
[2025-10-15T14:56:54.035-0700][1251][info ][gc,phases   ] GC(301)   Pre Evacuate Collection Set: 0.9ms
[2025-10-15T14:56:54.035-0700][1251][info ][gc,phases   ] GC(301)   Merge Heap Roots: 15.1ms
[2025-10-15T14:56:54.035-0700][1251][info ][gc,phases   ] GC(301)   Evacuate Collection Set: 179.7ms
[2025-10-15T14:56:54.035-0700][1251][info ][gc,phases   ] GC(301)   Post Evacuate Collection Set: 24.7ms
[2025-10-15T14:56:54.035-0700][1251][info ][gc,phases   ] GC(301)   Other: 0.2ms
[2025-10-15T14:56:54.035-0700][1251][debug][gc,remset   ] GC(301) Coarsening (recent): Inline->AoC 503885 (308) AoC->Howl 2163 (889) Howl->Full 0 (0) Inline->AoC 6547 (255) AoC->BitMap 1592 (516) BitMap->Full 0 (0)
[2025-10-15T14:56:54.035-0700][1251][debug][gc,remset   ] GC(301) Coarsening (all): Inline->AoC 117974046 (34469) AoC->Howl 379589 (74671) Howl->Full 0 (0) Inline->AoC 1676951 (21685) AoC->BitMap 309370 (63734) BitMap->Full 6 (0)
[2025-10-15T14:56:54.035-0700][1251][info ][gc,heap     ] GC(301) Eden regions: 1949->0(2017)
[2025-10-15T14:56:54.035-0700][1251][info ][gc,heap     ] GC(301) Survivor regions: 135->155(261)
[2025-10-15T14:56:54.035-0700][1251][info ][gc,heap     ] GC(301) Old regions: 1658->1658
[2025-10-15T14:56:54.035-0700][1251][info ][gc,heap     ] GC(301) Humongous regions: 0->0
[2025-10-15T14:56:54.035-0700][1251][info ][gc,metaspace] GC(301) Metaspace: 302442K(308032K)->302442K(308032K) NonClass: 266770K(269888K)->266770K(269888K) Class: 35672K(38144K)->35672K(38144K)
[2025-10-15T14:56:54.035-0700][1251][info ][gc          ] GC(301) Pause Young (Normal) (G1 Evacuation Pause) 119740M->58009M(184320M) 220.776ms
[2025-10-15T14:56:54.037-0700][1251][info ][gc,cpu      ] GC(301) User=16.62s Sys=2.67s Real=0.22s
[2025-10-15T14:56:54.037-0700][1251][info ][safepoint   ] Safepoint "G1CollectForAllocation", Time since last: 1620301252 ns, Reaching safepoint: 1604631 ns, Cleanup: 5137 ns, At safepoint: 224253421 ns, Total: 225863189 ns
[2025-10-15T14:56:55.039-0700][1251][info ][safepoint   ] Safepoint "Cleanup", Time since last: 1000090969 ns, Reaching safepoint: 1211928 ns, Cleanup: 22784 ns, At safepoint: 525974 ns, Total: 1760686 ns
[2025-10-15T14:56:56.041-0700][1251][info ][safepoint   ] Safepoint "Cleanup", Time since last: 1000135456 ns, Reaching safepoint: 1105047 ns, Cleanup: 15363 ns, At safepoint: 608297 ns, Total: 1728707 ns
[2025-10-15T14:56:56.536-0700][1251][info ][gc,start    ] GC(302) Pause Young (Normal) (G1 Evacuation Pause)
[2025-10-15T14:56:56.536-0700][1251][info ][gc,task     ] GC(302) Using 113 workers of 113 for evacuation
[2025-10-15T14:56:56.552-0700][1251][debug][gc,remset   ] GC(302) Visited cards 38481152 Total dirty 106627072 (36.09%) Total old 378929152 (10.16%)
[2025-10-15T14:56:56.749-0700][1251][info ][gc,mmu      ] GC(302) MMU target violated: 201.0ms (200.0ms/201.0ms)
[2025-10-15T14:56:56.749-0700][1251][info ][gc,phases   ] GC(302)   Pre Evacuate Collection Set: 1.2ms
[2025-10-15T14:56:56.749-0700][1251][info ][gc,phases   ] GC(302)   Merge Heap Roots: 15.0ms
[2025-10-15T14:56:56.749-0700][1251][info ][gc,phases   ] GC(302)   Evacuate Collection Set: 166.0ms
[2025-10-15T14:56:56.749-0700][1251][info ][gc,phases   ] GC(302)   Post Evacuate Collection Set: 30.7ms
[2025-10-15T14:56:56.749-0700][1251][info ][gc,phases   ] GC(302)   Other: 0.2ms
[2025-10-15T14:56:56.749-0700][1251][debug][gc,remset   ] GC(302) Coarsening (recent): Inline->AoC 500983 (341) AoC->Howl 2575 (1138) Howl->Full 0 (0) Inline->AoC 8981 (354) AoC->BitMap 2530 (1007) BitMap->Full 0 (0)
[2025-10-15T14:56:56.749-0700][1251][debug][gc,remset   ] GC(302) Coarsening (all): Inline->AoC 118475029 (34810) AoC->Howl 382164 (75809) Howl->Full 0 (0) Inline->AoC 1685932 (22039) AoC->BitMap 311900 (64741) BitMap->Full 6 (0)
[2025-10-15T14:56:56.749-0700][1251][info ][gc,heap     ] GC(302) Eden regions: 1907->0(2053)
[2025-10-15T14:56:56.749-0700][1251][info ][gc,heap     ] GC(302) Survivor regions: 155->152(258)
[2025-10-15T14:56:56.749-0700][1251][info ][gc,heap     ] GC(302) Old regions: 1658->1687
[2025-10-15T14:56:56.749-0700][1251][info ][gc,heap     ] GC(302) Humongous regions: 0->0
[2025-10-15T14:56:56.749-0700][1251][info ][gc,metaspace] GC(302) Metaspace: 302442K(308032K)->302442K(308032K) NonClass: 266770K(269888K)->266770K(269888K) Class: 35672K(38144K)->35672K(38144K)
[2025-10-15T14:56:56.749-0700][1251][info ][gc          ] GC(302) Pause Young (Normal) (G1 Evacuation Pause) 119033M->58817M(184320M) 213.147ms
[2025-10-15T14:56:56.750-0700][1251][info ][gc,cpu      ] GC(302) User=18.50s Sys=0.26s Real=0.22s
[2025-10-15T14:56:56.751-0700][1251][info ][safepoint   ] Safepoint "G1CollectForAllocation", Time since last: 492052259 ns, Reaching safepoint: 1555636 ns, Cleanup: 4808 ns, At safepoint: 216658325 ns, Total: 218218769 ns
[2025-10-15T14:56:57.754-0700][1251][info ][safepoint   ] Safepoint "Cleanup", Time since last: 1000098941 ns, Reaching safepoint: 1829349 ns, Cleanup: 10306 ns, At safepoint: 648778 ns, Total: 2488433 ns
[2025-10-15T14:56:59.243-0700][1251][info ][gc,start    ] GC(303) Pause Young (Normal) (G1 Evacuation Pause)
[2025-10-15T14:56:59.243-0700][1251][info ][gc,task     ] GC(303) Using 113 workers of 113 for evacuation
[2025-10-15T14:56:59.260-0700][1251][debug][gc,remset   ] GC(303) Visited cards 39963136 Total dirty 108658688 (36.78%) Total old 384237568 (10.40%)
[2025-10-15T14:56:59.459-0700][1251][info ][gc,mmu      ] GC(303) MMU target violated: 201.0ms (200.0ms/201.0ms)
[2025-10-15T14:56:59.459-0700][1251][info ][gc,phases   ] GC(303)   Pre Evacuate Collection Set: 0.9ms
[2025-10-15T14:56:59.459-0700][1251][info ][gc,phases   ] GC(303)   Merge Heap Roots: 15.9ms
[2025-10-15T14:56:59.459-0700][1251][info ][gc,phases   ] GC(303)   Evacuate Collection Set: 168.4ms
[2025-10-15T14:56:59.459-0700][1251][info ][gc,phases   ] GC(303)   Post Evacuate Collection Set: 30.7ms
[2025-10-15T14:56:59.459-0700][1251][info ][gc,phases   ] GC(303)   Other: 0.2ms
[2025-10-15T14:56:59.459-0700][1251][debug][gc,remset   ] GC(303) Coarsening (recent): Inline->AoC 485519 (344) AoC->Howl 3200 (1462) Howl->Full 0 (0) Inline->AoC 9285 (495) AoC->BitMap 3328 (1487) BitMap->Full 0 (0)
[2025-10-15T14:56:59.459-0700][1251][debug][gc,remset   ] GC(303) Coarsening (all): Inline->AoC 118960548 (35154) AoC->Howl 385364 (77271) Howl->Full 0 (0) Inline->AoC 1695217 (22534) AoC->BitMap 315228 (66228) BitMap->Full 6 (0)
[2025-10-15T14:56:59.459-0700][1251][info ][gc,heap     ] GC(303) Eden regions: 1936->0(2058)
[2025-10-15T14:56:59.459-0700][1251][info ][gc,heap     ] GC(303) Survivor regions: 152->154(261)
[2025-10-15T14:56:59.459-0700][1251][info ][gc,heap     ] GC(303) Old regions: 1687->1709
[2025-10-15T14:56:59.459-0700][1251][info ][gc,heap     ] GC(303) Humongous regions: 0->0
[2025-10-15T14:56:59.459-0700][1251][info ][gc,metaspace] GC(303) Metaspace: 302442K(308032K)->302442K(308032K) NonClass: 266770K(269888K)->266770K(269888K) Class: 35672K(38144K)->35672K(38144K)
[2025-10-15T14:56:59.459-0700][1251][info ][gc          ] GC(303) Pause Young (Normal) (G1 Evacuation Pause) 120769M->59607M(184320M) 216.360ms
[2025-10-15T14:56:59.460-0700][1251][info ][gc,cpu      ] GC(303) User=18.90s Sys=0.23s Real=0.22s
[2025-10-15T14:56:59.461-0700][1251][info ][safepoint   ] Safepoint "G1CollectForAllocation", Time since last: 1486116298 ns, Reaching safepoint: 1272599 ns, Cleanup: 5298 ns, At safepoint: 219986405 ns, Total: 221264302 ns
[2025-10-15T14:57:02.005-0700][1251][info ][gc,start    ] GC(304) Pause Young (Normal) (G1 Evacuation Pause)
[2025-10-15T14:57:02.005-0700][1251][info ][gc,task     ] GC(304) Using 113 workers of 113 for evacuation
[2025-10-15T14:57:02.022-0700][1251][debug][gc,remset   ] GC(304) Visited cards 40944896 Total dirty 110166016 (37.17%) Total old 385548288 (10.62%)
[2025-10-15T14:57:02.217-0700][1251][info ][gc,mmu      ] GC(304) MMU target violated: 201.0ms (200.0ms/201.0ms)
[2025-10-15T14:57:02.217-0700][1251][info ][gc,phases   ] GC(304)   Pre Evacuate Collection Set: 0.9ms
[2025-10-15T14:57:02.217-0700][1251][info ][gc,phases   ] GC(304)   Merge Heap Roots: 15.8ms
[2025-10-15T14:57:02.217-0700][1251][info ][gc,phases   ] GC(304)   Evacuate Collection Set: 163.4ms
[2025-10-15T14:57:02.217-0700][1251][info ][gc,phases   ] GC(304)   Post Evacuate Collection Set: 31.0ms
[2025-10-15T14:57:02.217-0700][1251][info ][gc,phases   ] GC(304)   Other: 0.2ms
[2025-10-15T14:57:02.217-0700][1251][debug][gc,remset   ] GC(304) Coarsening (recent): Inline->AoC 470033 (336) AoC->Howl 3323 (1332) Howl->Full 0 (0) Inline->AoC 10195 (437) AoC->BitMap 3438 (1320) BitMap->Full 0 (0)
[2025-10-15T14:57:02.217-0700][1251][debug][gc,remset   ] GC(304) Coarsening (all): Inline->AoC 119430581 (35490) AoC->Howl 388687 (78603) Howl->Full 0 (0) Inline->AoC 1705412 (22971) AoC->BitMap 318666 (67548) BitMap->Full 6 (0)
[2025-10-15T14:57:02.217-0700][1251][info ][gc,heap     ] GC(304) Eden regions: 1933->0(2011)
[2025-10-15T14:57:02.217-0700][1251][info ][gc,heap     ] GC(304) Survivor regions: 154->162(261)
[2025-10-15T14:57:02.217-0700][1251][info ][gc,heap     ] GC(304) Old regions: 1709->1726
[2025-10-15T14:57:02.217-0700][1251][info ][gc,heap     ] GC(304) Humongous regions: 0->0
[2025-10-15T14:57:02.217-0700][1251][info ][gc,metaspace] GC(304) Metaspace: 302442K(308032K)->302442K(308032K) NonClass: 266770K(269888K)->266770K(269888K) Class: 35672K(38144K)->35672K(38144K)
[2025-10-15T14:57:02.217-0700][1251][info ][gc          ] GC(304) Pause Young (Normal) (G1 Evacuation Pause) 121463M->60415M(184320M) 211.363ms
[2025-10-15T14:57:02.218-0700][1251][info ][gc,cpu      ] GC(304) User=18.86s Sys=0.32s Real=0.21s
[2025-10-15T14:57:02.219-0700][1251][info ][safepoint   ] Safepoint "G1CollectForAllocation", Time since last: 2541275163 ns, Reaching safepoint: 1296295 ns, Cleanup: 4988 ns, At safepoint: 214895497 ns, Total: 216196780 ns
[2025-10-15T14:57:03.221-0700][1251][info ][safepoint   ] Safepoint "Cleanup", Time since last: 1000096707 ns, Reaching safepoint: 1258739 ns, Cleanup: 14321 ns, At safepoint: 518232 ns, Total: 1791292 ns
[2025-10-15T14:57:04.223-0700][1251][info ][safepoint   ] Safepoint "Cleanup", Time since last: 1000113343 ns, Reaching safepoint: 1316405 ns, Cleanup: 11928 ns, At safepoint: 703421 ns, Total: 2031754 ns
[2025-10-15T14:57:04.831-0700][1251][info ][gc,start    ] GC(305) Pause Young (Normal) (G1 Evacuation Pause)
[2025-10-15T14:57:04.831-0700][1251][info ][gc,task     ] GC(305) Using 113 workers of 113 for evacuation
[2025-10-15T14:57:04.847-0700][1251][debug][gc,remset   ] GC(305) Visited cards 41643520 Total dirty 111345664 (37.40%) Total old 392036352 (10.62%)
[2025-10-15T14:57:05.055-0700][1251][info ][gc,mmu      ] GC(305) MMU target violated: 201.0ms (200.0ms/201.0ms)
[2025-10-15T14:57:05.055-0700][1251][info ][gc,phases   ] GC(305)   Pre Evacuate Collection Set: 0.8ms
[2025-10-15T14:57:05.055-0700][1251][info ][gc,phases   ] GC(305)   Merge Heap Roots: 15.2ms
[2025-10-15T14:57:05.055-0700][1251][info ][gc,phases   ] GC(305)   Evacuate Collection Set: 174.7ms
[2025-10-15T14:57:05.055-0700][1251][info ][gc,phases   ] GC(305)   Post Evacuate Collection Set: 33.5ms
[2025-10-15T14:57:05.055-0700][1251][info ][gc,phases   ] GC(305)   Other: 0.2ms
[2025-10-15T14:57:05.055-0700][1251][debug][gc,remset   ] GC(305) Coarsening (recent): Inline->AoC 438968 (358) AoC->Howl 3432 (1407) Howl->Full 0 (0) Inline->AoC 10735 (450) AoC->BitMap 4010 (1557) BitMap->Full 0 (0)
[2025-10-15T14:57:05.055-0700][1251][debug][gc,remset   ] GC(305) Coarsening (all): Inline->AoC 119869549 (35848) AoC->Howl 392119 (80010) Howl->Full 0 (0) Inline->AoC 1716147 (23421) AoC->BitMap 322676 (69105) BitMap->Full 6 (0)
[2025-10-15T14:57:05.055-0700][1251][info ][gc,heap     ] GC(305) Eden regions: 1966->0(1924)
[2025-10-15T14:57:05.055-0700][1251][info ][gc,heap     ] GC(305) Survivor regions: 162->162(266)
[2025-10-15T14:57:05.055-0700][1251][info ][gc,heap     ] GC(305) Old regions: 1726->1748
[2025-10-15T14:57:05.055-0700][1251][info ][gc,heap     ] GC(305) Humongous regions: 0->0
[2025-10-15T14:57:05.055-0700][1251][info ][gc,metaspace] GC(305) Metaspace: 302443K(308032K)->302443K(308032K) NonClass: 266770K(269888K)->266770K(269888K) Class: 35672K(38144K)->35672K(38144K)
[2025-10-15T14:57:05.055-0700][1251][info ][gc          ] GC(305) Pause Young (Normal) (G1 Evacuation Pause) 123327M->61100M(184320M) 224.558ms
[2025-10-15T14:57:05.056-0700][1251][info ][gc,cpu      ] GC(305) User=19.83s Sys=0.27s Real=0.22s
[2025-10-15T14:57:05.057-0700][1251][info ][safepoint   ] Safepoint "G1CollectForAllocation", Time since last: 603610156 ns, Reaching safepoint: 2682256 ns, Cleanup: 5258 ns, At safepoint: 228149226 ns, Total: 230836740 ns
[2025-10-15T14:57:07.258-0700][1251][info ][safepoint   ] Safepoint "Cleanup", Time since last: 2027219518 ns, Reaching safepoint: 171474046 ns, Cleanup: 12920 ns, At safepoint: 1738311 ns, Total: 173225277 ns
[2025-10-15T14:57:07.807-0700][1251][info ][gc,start    ] GC(306) Pause Young (Normal) (G1 Evacuation Pause)
[2025-10-15T14:57:07.807-0700][1251][info ][gc,task     ] GC(306) Using 113 workers of 113 for evacuation
[2025-10-15T14:57:07.826-0700][1251][debug][gc,remset   ] GC(306) Visited cards 43052288 Total dirty 112721920 (38.19%) Total old 413007872 (10.42%)
[2025-10-15T14:57:08.055-0700][1251][info ][gc,mmu      ] GC(306) MMU target violated: 201.0ms (200.0ms/201.0ms)
[2025-10-15T14:57:08.055-0700][1251][info ][gc,phases   ] GC(306)   Pre Evacuate Collection Set: 0.7ms
[2025-10-15T14:57:08.055-0700][1251][info ][gc,phases   ] GC(306)   Merge Heap Roots: 18.4ms
[2025-10-15T14:57:08.055-0700][1251][info ][gc,phases   ] GC(306)   Evacuate Collection Set: 200.1ms
[2025-10-15T14:57:08.055-0700][1251][info ][gc,phases   ] GC(306)   Post Evacuate Collection Set: 28.8ms
[2025-10-15T14:57:08.055-0700][1251][info ][gc,phases   ] GC(306)   Other: 0.2ms
[2025-10-15T14:57:08.055-0700][1251][debug][gc,remset   ] GC(306) Coarsening (recent): Inline->AoC 358546 (437) AoC->Howl 3317 (1509) Howl->Full 0 (0) Inline->AoC 10458 (443) AoC->BitMap 3674 (1509) BitMap->Full 0 (0)
[2025-10-15T14:57:08.055-0700][1251][debug][gc,remset   ] GC(306) Coarsening (all): Inline->AoC 120228095 (36285) AoC->Howl 395436 (81519) Howl->Full 0 (0) Inline->AoC 1726605 (23864) AoC->BitMap 326350 (70614) BitMap->Full 6 (0)
[2025-10-15T14:57:08.055-0700][1251][info ][gc,heap     ] GC(306) Eden regions: 2115->0(1617)
[2025-10-15T14:57:08.055-0700][1251][info ][gc,heap     ] GC(306) Survivor regions: 162->174(285)
[2025-10-15T14:57:08.055-0700][1251][info ][gc,heap     ] GC(306) Old regions: 1748->1771
[2025-10-15T14:57:08.055-0700][1251][info ][gc,heap     ] GC(306) Humongous regions: 0->0
[2025-10-15T14:57:08.055-0700][1251][info ][gc,metaspace] GC(306) Metaspace: 302443K(308032K)->302443K(308032K) NonClass: 266770K(269888K)->266770K(269888K) Class: 35672K(38144K)->35672K(38144K)
[2025-10-15T14:57:08.055-0700][1251][info ][gc          ] GC(306) Pause Young (Normal) (G1 Evacuation Pause) 128780M->62201M(184320M) 248.374ms
[2025-10-15T14:57:08.057-0700][1251][info ][gc,cpu      ] GC(306) User=20.05s Sys=0.38s Real=0.25s
[2025-10-15T14:57:08.057-0700][1251][info ][safepoint   ] Safepoint "G1CollectForAllocation", Time since last: 525690985 ns, Reaching safepoint: 22178420 ns, Cleanup: 5288 ns, At safepoint: 251677694 ns, Total: 273861402 ns
[2025-10-15T14:57:10.060-0700][1251][info ][safepoint   ] Safepoint "Cleanup", Time since last: 2000153034 ns, Reaching safepoint: 1317127 ns, Cleanup: 20411 ns, At safepoint: 835861 ns, Total: 2173399 ns
[2025-10-15T14:57:10.736-0700][1251][info ][gc,start    ] GC(307) Pause Young (Normal) (G1 Evacuation Pause)
[2025-10-15T14:57:10.736-0700][1251][info ][gc,task     ] GC(307) Using 113 workers of 113 for evacuation
[2025-10-15T14:57:10.754-0700][1251][debug][gc,remset   ] GC(307) Visited cards 43985664 Total dirty 114294784 (38.48%) Total old 410976256 (10.70%)
[2025-10-15T14:57:10.973-0700][1251][info ][gc,mmu      ] GC(307) MMU target violated: 201.0ms (200.0ms/201.0ms)
[2025-10-15T14:57:10.973-0700][1251][info ][gc,phases   ] GC(307)   Pre Evacuate Collection Set: 0.7ms
[2025-10-15T14:57:10.973-0700][1251][info ][gc,phases   ] GC(307)   Merge Heap Roots: 17.4ms
[2025-10-15T14:57:10.973-0700][1251][info ][gc,phases   ] GC(307)   Evacuate Collection Set: 187.6ms
[2025-10-15T14:57:10.973-0700][1251][info ][gc,phases   ] GC(307)   Post Evacuate Collection Set: 31.0ms
[2025-10-15T14:57:10.973-0700][1251][info ][gc,phases   ] GC(307)   Other: 0.2ms
[2025-10-15T14:57:10.973-0700][1251][debug][gc,remset   ] GC(307) Coarsening (recent): Inline->AoC 341192 (263) AoC->Howl 2943 (1075) Howl->Full 0 (0) Inline->AoC 10990 (328) AoC->BitMap 3060 (1188) BitMap->Full 0 (0)
[2025-10-15T14:57:10.973-0700][1251][debug][gc,remset   ] GC(307) Coarsening (all): Inline->AoC 120569287 (36548) AoC->Howl 398379 (82594) Howl->Full 0 (0) Inline->AoC 1737595 (24192) AoC->BitMap 329410 (71802) BitMap->Full 6 (0)
[2025-10-15T14:57:10.973-0700][1251][info ][gc,heap     ] GC(307) Eden regions: 2076->0(1835)
[2025-10-15T14:57:10.973-0700][1251][info ][gc,heap     ] GC(307) Survivor regions: 174->166(282)
[2025-10-15T14:57:10.973-0700][1251][info ][gc,heap     ] GC(307) Old regions: 1771->1787
[2025-10-15T14:57:10.973-0700][1251][info ][gc,heap     ] GC(307) Humongous regions: 0->0
[2025-10-15T14:57:10.973-0700][1251][info ][gc,metaspace] GC(307) Metaspace: 302443K(308032K)->302443K(308032K) NonClass: 266770K(269888K)->266770K(269888K) Class: 35672K(38144K)->35672K(38144K)
[2025-10-15T14:57:10.973-0700][1251][info ][gc          ] GC(307) Pause Young (Normal) (G1 Evacuation Pause) 128633M->62472M(184320M) 236.941ms
[2025-10-15T14:57:10.974-0700][1251][info ][gc,cpu      ] GC(307) User=19.16s Sys=0.32s Real=0.24s
[2025-10-15T14:57:10.975-0700][1251][info ][safepoint   ] Safepoint "G1CollectForAllocation", Time since last: 664678592 ns, Reaching safepoint: 10061055 ns, Cleanup: 5318 ns, At safepoint: 240569179 ns, Total: 250635552 ns
[2025-10-15T14:57:14.176-0700][1251][info ][safepoint   ] Safepoint "Cleanup", Time since last: 3000218545 ns, Reaching safepoint: 198850327 ns, Cleanup: 13169 ns, At safepoint: 1568196 ns, Total: 200431692 ns
[2025-10-15T14:57:14.230-0700][1251][info ][gc,start    ] GC(308) Pause Young (Normal) (G1 Evacuation Pause)
[2025-10-15T14:57:14.230-0700][1251][info ][gc,task     ] GC(308) Using 113 workers of 113 for evacuation
[2025-10-15T14:57:14.251-0700][1251][debug][gc,remset   ] GC(308) Visited cards 44928768 Total dirty 115146752 (39.02%) Total old 435355648 (10.32%)
[2025-10-15T14:57:14.502-0700][1251][info ][gc,mmu      ] GC(308) MMU target violated: 201.0ms (200.0ms/201.0ms)
[2025-10-15T14:57:14.502-0700][1251][info ][gc,phases   ] GC(308)   Pre Evacuate Collection Set: 0.7ms
[2025-10-15T14:57:14.502-0700][1251][info ][gc,phases   ] GC(308)   Merge Heap Roots: 19.7ms
[2025-10-15T14:57:14.502-0700][1251][info ][gc,phases   ] GC(308)   Evacuate Collection Set: 214.7ms
[2025-10-15T14:57:14.502-0700][1251][info ][gc,phases   ] GC(308)   Post Evacuate Collection Set: 36.0ms
[2025-10-15T14:57:14.502-0700][1251][info ][gc,phases   ] GC(308)   Other: 0.2ms
[2025-10-15T14:57:14.502-0700][1251][debug][gc,remset   ] GC(308) Coarsening (recent): Inline->AoC 323529 (261) AoC->Howl 2963 (1172) Howl->Full 0 (0) Inline->AoC 10525 (361) AoC->BitMap 3469 (1329) BitMap->Full 0 (0)
[2025-10-15T14:57:14.502-0700][1251][debug][gc,remset   ] GC(308) Coarsening (all): Inline->AoC 120892816 (36809) AoC->Howl 401342 (83766) Howl->Full 0 (0) Inline->AoC 1748120 (24553) AoC->BitMap 332879 (73131) BitMap->Full 6 (0)
[2025-10-15T14:57:14.502-0700][1251][info ][gc,heap     ] GC(308) Eden regions: 2262->0(865)
[2025-10-15T14:57:14.502-0700][1251][info ][gc,heap     ] GC(308) Survivor regions: 166->208(304)
[2025-10-15T14:57:14.502-0700][1251][info ][gc,heap     ] GC(308) Old regions: 1787->1787
[2025-10-15T14:57:14.502-0700][1251][info ][gc,heap     ] GC(308) Humongous regions: 0->0
[2025-10-15T14:57:14.502-0700][1251][info ][gc,metaspace] GC(308) Metaspace: 302452K(308032K)->302452K(308032K) NonClass: 266779K(269888K)->266779K(269888K) Class: 35673K(38144K)->35673K(38144K)
[2025-10-15T14:57:14.502-0700][1251][info ][gc          ] GC(308) Pause Young (Normal) (G1 Evacuation Pause) 134856M->63807M(184320M) 271.436ms
[2025-10-15T14:57:14.503-0700][1251][info ][gc,cpu      ] GC(308) User=20.92s Sys=1.99s Real=0.27s
[2025-10-15T14:57:14.504-0700][1251][info ][safepoint   ] Safepoint "G1CollectForAllocation", Time since last: 233562 ns, Reaching safepoint: 53326129 ns, Cleanup: 4918 ns, At safepoint: 274372713 ns, Total: 327703760 ns
[2025-10-15T14:57:16.894-0700][1251][info ][gc,start    ] GC(309) Pause Young (Normal) (G1 Evacuation Pause)
[2025-10-15T14:57:16.894-0700][1251][info ][gc,task     ] GC(309) Using 113 workers of 113 for evacuation
[2025-10-15T14:57:16.911-0700][1251][debug][gc,remset   ] GC(309) Visited cards 44612864 Total dirty 115081216 (38.77%) Total old 357498880 (12.48%)
[2025-10-15T14:57:17.110-0700][1251][info ][gc,mmu      ] GC(309) MMU target violated: 201.0ms (200.0ms/201.0ms)
[2025-10-15T14:57:17.110-0700][1251][info ][gc,phases   ] GC(309)   Pre Evacuate Collection Set: 0.9ms
[2025-10-15T14:57:17.110-0700][1251][info ][gc,phases   ] GC(309)   Merge Heap Roots: 15.9ms
[2025-10-15T14:57:17.110-0700][1251][info ][gc,phases   ] GC(309)   Evacuate Collection Set: 171.2ms
[2025-10-15T14:57:17.110-0700][1251][info ][gc,phases   ] GC(309)   Post Evacuate Collection Set: 27.6ms
[2025-10-15T14:57:17.110-0700][1251][info ][gc,phases   ] GC(309)   Other: 0.2ms
[2025-10-15T14:57:17.110-0700][1251][debug][gc,remset   ] GC(309) Coarsening (recent): Inline->AoC 268678 (441) AoC->Howl 3182 (1447) Howl->Full 0 (0) Inline->AoC 10696 (516) AoC->BitMap 4076 (1729) BitMap->Full 0 (0)
[2025-10-15T14:57:17.110-0700][1251][debug][gc,remset   ] GC(309) Coarsening (all): Inline->AoC 121161494 (37250) AoC->Howl 404524 (85213) Howl->Full 0 (0) Inline->AoC 1758816 (25069) AoC->BitMap 336955 (74860) BitMap->Full 6 (0)
[2025-10-15T14:57:17.110-0700][1251][info ][gc,heap     ] GC(309) Eden regions: 1626->0(2778)
[2025-10-15T14:57:17.110-0700][1251][info ][gc,heap     ] GC(309) Survivor regions: 208->118(230)
[2025-10-15T14:57:17.110-0700][1251][info ][gc,heap     ] GC(309) Old regions: 1787->1857
[2025-10-15T14:57:17.110-0700][1251][info ][gc,heap     ] GC(309) Humongous regions: 0->0
[2025-10-15T14:57:17.110-0700][1251][info ][gc,metaspace] GC(309) Metaspace: 302452K(308032K)->302452K(308032K) NonClass: 266779K(269888K)->266779K(269888K) Class: 35673K(38144K)->35673K(38144K)
[2025-10-15T14:57:17.110-0700][1251][info ][gc          ] GC(309) Pause Young (Normal) (G1 Evacuation Pause) 115839M->63172M(184320M) 215.983ms
[2025-10-15T14:57:17.111-0700][1251][info ][gc,cpu      ] GC(309) User=19.47s Sys=0.03s Real=0.22s
[2025-10-15T14:57:17.112-0700][1251][info ][safepoint   ] Safepoint "G1CollectForAllocation", Time since last: 2387781606 ns, Reaching safepoint: 1499271 ns, Cleanup: 4647 ns, At safepoint: 219212328 ns, Total: 220716246 ns
[2025-10-15T14:57:20.257-0700][1251][info ][gc,start    ] GC(310) Pause Young (Normal) (G1 Evacuation Pause)
[2025-10-15T14:57:20.257-0700][1251][info ][gc,task     ] GC(310) Using 113 workers of 113 for evacuation
[2025-10-15T14:57:20.278-0700][1251][debug][gc,remset   ] GC(310) Visited cards 47552000 Total dirty 119537664 (39.78%) Total old 446496768 (10.65%)
[2025-10-15T14:57:20.501-0700][1251][info ][gc,mmu      ] GC(310) MMU target violated: 201.0ms (200.0ms/201.0ms)
[2025-10-15T14:57:20.501-0700][1251][info ][gc,phases   ] GC(310)   Pre Evacuate Collection Set: 0.8ms
[2025-10-15T14:57:20.501-0700][1251][info ][gc,phases   ] GC(310)   Merge Heap Roots: 20.4ms
[2025-10-15T14:57:20.501-0700][1251][info ][gc,phases   ] GC(310)   Evacuate Collection Set: 191.8ms
[2025-10-15T14:57:20.501-0700][1251][info ][gc,phases   ] GC(310)   Post Evacuate Collection Set: 30.7ms
[2025-10-15T14:57:20.501-0700][1251][info ][gc,phases   ] GC(310)   Other: 0.2ms
[2025-10-15T14:57:20.501-0700][1251][debug][gc,remset   ] GC(310) Coarsening (recent): Inline->AoC 435784 (360) AoC->Howl 2560 (991) Howl->Full 0 (0) Inline->AoC 8588 (374) AoC->BitMap 2196 (918) BitMap->Full 0 (0)
[2025-10-15T14:57:20.501-0700][1251][debug][gc,remset   ] GC(310) Coarsening (all): Inline->AoC 121597278 (37610) AoC->Howl 407084 (86204) Howl->Full 0 (0) Inline->AoC 1767404 (25443) AoC->BitMap 339151 (75778) BitMap->Full 6 (0)
[2025-10-15T14:57:20.501-0700][1251][info ][gc,heap     ] GC(310) Eden regions: 2360->0(1661)
[2025-10-15T14:57:20.501-0700][1251][info ][gc,heap     ] GC(310) Survivor regions: 118->156(310)
[2025-10-15T14:57:20.501-0700][1251][info ][gc,heap     ] GC(310) Old regions: 1857->1857
[2025-10-15T14:57:20.501-0700][1251][info ][gc,heap     ] GC(310) Humongous regions: 0->0
[2025-10-15T14:57:20.501-0700][1251][info ][gc,metaspace] GC(310) Metaspace: 302452K(308032K)->302452K(308032K) NonClass: 266779K(269888K)->266779K(269888K) Class: 35673K(38144K)->35673K(38144K)
[2025-10-15T14:57:20.501-0700][1251][info ][gc          ] GC(310) Pause Young (Normal) (G1 Evacuation Pause) 138692M->64405M(184320M) 244.071ms
[2025-10-15T14:57:20.502-0700][1251][info ][gc,cpu      ] GC(310) User=19.08s Sys=2.42s Real=0.25s
[2025-10-15T14:57:20.503-0700][1251][info ][safepoint   ] Safepoint "G1CollectForAllocation", Time since last: 3140921350 ns, Reaching safepoint: 2736267 ns, Cleanup: 5809 ns, At safepoint: 247354693 ns, Total: 250096769 ns
[2025-10-15T14:57:23.203-0700][1251][info ][gc,start    ] GC(311) Pause Young (Concurrent Start) (G1 Evacuation Pause)
[2025-10-15T14:57:23.203-0700][1251][info ][gc,task     ] GC(311) Using 113 workers of 113 for evacuation
[2025-10-15T14:57:23.220-0700][1251][debug][gc,remset   ] GC(311) Visited cards 47472384 Total dirty 119537664 (39.71%) Total old 390266880 (12.16%)
[2025-10-15T14:57:23.431-0700][1251][info ][gc,mmu      ] GC(311) MMU target violated: 201.0ms (200.0ms/201.0ms)
[2025-10-15T14:57:23.431-0700][1251][info ][gc,phases   ] GC(311)   Pre Evacuate Collection Set: 1.2ms
[2025-10-15T14:57:23.431-0700][1251][info ][gc,phases   ] GC(311)   Merge Heap Roots: 15.5ms
[2025-10-15T14:57:23.431-0700][1251][info ][gc,phases   ] GC(311)   Evacuate Collection Set: 182.1ms
[2025-10-15T14:57:23.431-0700][1251][info ][gc,phases   ] GC(311)   Post Evacuate Collection Set: 28.9ms
[2025-10-15T14:57:23.431-0700][1251][info ][gc,phases   ] GC(311)   Other: 0.2ms
[2025-10-15T14:57:23.431-0700][1251][debug][gc,remset   ] GC(311) Coarsening (recent): Inline->AoC 412974 (326) AoC->Howl 3455 (1385) Howl->Full 0 (0) Inline->AoC 11804 (404) AoC->BitMap 3315 (1162) BitMap->Full 0 (0)
[2025-10-15T14:57:23.431-0700][1251][debug][gc,remset   ] GC(311) Coarsening (all): Inline->AoC 122010252 (37936) AoC->Howl 410539 (87589) Howl->Full 0 (0) Inline->AoC 1779208 (25847) AoC->BitMap 342466 (76940) BitMap->Full 6 (0)
[2025-10-15T14:57:23.431-0700][1251][info ][gc,heap     ] GC(311) Eden regions: 1893->0(1932)
[2025-10-15T14:57:23.431-0700][1251][info ][gc,heap     ] GC(311) Survivor regions: 156->154(257)
[2025-10-15T14:57:23.431-0700][1251][info ][gc,heap     ] GC(311) Old regions: 1857->1874
[2025-10-15T14:57:23.431-0700][1251][info ][gc,heap     ] GC(311) Humongous regions: 0->0
[2025-10-15T14:57:23.431-0700][1251][info ][gc,metaspace] GC(311) Metaspace: 302454K(308032K)->302454K(308032K) NonClass: 266781K(269888K)->266781K(269888K) Class: 35673K(38144K)->35673K(38144K)
[2025-10-15T14:57:23.431-0700][1251][info ][gc          ] GC(311) Pause Young (Concurrent Start) (G1 Evacuation Pause) 124981M->64889M(184320M) 227.966ms
[2025-10-15T14:57:23.431-0700][1134][info ][gc          ] GC(312) Concurrent Mark Cycle
[2025-10-15T14:57:23.431-0700][1134][info ][gc,marking  ] GC(312) Concurrent Scan Root Regions
[2025-10-15T14:57:23.432-0700][1251][info ][gc,cpu      ] GC(311) User=18.50s Sys=0.25s Real=0.23s
[2025-10-15T14:57:23.433-0700][1251][info ][safepoint   ] Safepoint "G1CollectForAllocation", Time since last: 2697170573 ns, Reaching safepoint: 1516457 ns, Cleanup: 5318 ns, At safepoint: 231565319 ns, Total: 233087094 ns
[2025-10-15T14:57:23.574-0700][1134][info ][gc,marking  ] GC(312) Concurrent Scan Root Regions 143.065ms
[2025-10-15T14:57:23.574-0700][1134][info ][gc,marking  ] GC(312) Concurrent Mark
[2025-10-15T14:57:23.574-0700][1134][info ][gc,marking  ] GC(312) Concurrent Mark From Roots
[2025-10-15T14:57:23.574-0700][1134][info ][gc,task     ] GC(312) Using 36 workers of 36 for marking
[2025-10-15T14:57:24.435-0700][1251][info ][safepoint   ] Safepoint "Cleanup", Time since last: 1000089457 ns, Reaching safepoint: 1246630 ns, Cleanup: 11477 ns, At safepoint: 485883 ns, Total: 1743990 ns
[2025-10-15T14:57:25.190-0700][1134][info ][gc,marking  ] GC(312) Concurrent Mark From Roots 1615.830ms
[2025-10-15T14:57:25.190-0700][1134][info ][gc,marking  ] GC(312) Concurrent Preclean
[2025-10-15T14:57:25.201-0700][1134][info ][gc,marking  ] GC(312) Concurrent Preclean 10.843ms
[2025-10-15T14:57:25.204-0700][1251][info ][gc,start    ] GC(312) Pause Remark
[2025-10-15T14:57:25.491-0700][1251][info ][gc,mmu      ] GC(312) MMU target violated: 201.0ms (200.0ms/201.0ms)
[2025-10-15T14:57:25.491-0700][1251][info ][gc          ] GC(312) Pause Remark 99033M->98841M(184320M) 287.682ms
[2025-10-15T14:57:25.492-0700][1251][info ][gc,cpu      ] GC(312) User=2.18s Sys=0.09s Real=0.29s
[2025-10-15T14:57:25.493-0700][1251][info ][safepoint   ] Safepoint "G1PauseRemark", Time since last: 766306503 ns, Reaching safepoint: 997294 ns, Cleanup: 5789 ns, At safepoint: 290918919 ns, Total: 291922002 ns
[2025-10-15T14:57:25.493-0700][1134][info ][gc,marking  ] GC(312) Concurrent Mark 1919.034ms
[2025-10-15T14:57:25.494-0700][1134][info ][gc,marking  ] GC(312) Concurrent Rebuild Remembered Sets and Scrub Regions
[2025-10-15T14:57:26.799-0700][1251][info ][gc,start    ] GC(313) Pause Young (Normal) (G1 Evacuation Pause)
[2025-10-15T14:57:26.800-0700][1251][info ][gc,task     ] GC(313) Using 113 workers of 113 for evacuation
[2025-10-15T14:57:26.818-0700][1251][debug][gc,remset   ] GC(313) Visited cards 48285696 Total dirty 120782848 (39.98%) Total old 396754944 (12.17%)
[2025-10-15T14:57:27.065-0700][1251][info ][gc,mmu      ] GC(313) MMU target violated: 201.0ms (200.0ms/201.0ms)
[2025-10-15T14:57:27.065-0700][1251][info ][gc,phases   ] GC(313)   Pre Evacuate Collection Set: 0.8ms
[2025-10-15T14:57:27.065-0700][1251][info ][gc,phases   ] GC(313)   Merge Heap Roots: 17.8ms
[2025-10-15T14:57:27.065-0700][1251][info ][gc,phases   ] GC(313)   Evacuate Collection Set: 188.1ms
[2025-10-15T14:57:27.065-0700][1251][info ][gc,phases   ] GC(313)   Post Evacuate Collection Set: 58.3ms
[2025-10-15T14:57:27.065-0700][1251][info ][gc,phases   ] GC(313)   Other: 0.2ms
[2025-10-15T14:57:27.065-0700][1251][debug][gc,remset   ] GC(313) Coarsening (recent): Inline->AoC 813579 (314) AoC->Howl 30219 (1169) Howl->Full 0 (0) Inline->AoC 157840 (374) AoC->BitMap 28500 (1189) BitMap->Full 1 (0)
[2025-10-15T14:57:27.065-0700][1251][debug][gc,remset   ] GC(313) Coarsening (all): Inline->AoC 122823831 (38250) AoC->Howl 440758 (88758) Howl->Full 0 (0) Inline->AoC 1937048 (26221) AoC->BitMap 370966 (78129) BitMap->Full 7 (0)
[2025-10-15T14:57:27.065-0700][1251][info ][gc,heap     ] GC(313) Eden regions: 1939->0(723)
[2025-10-15T14:57:27.065-0700][1251][info ][gc,heap     ] GC(313) Survivor regions: 154->174(262)
[2025-10-15T14:57:27.065-0700][1251][info ][gc,heap     ] GC(313) Old regions: 1868->1877
[2025-10-15T14:57:27.065-0700][1251][info ][gc,heap     ] GC(313) Humongous regions: 0->0
[2025-10-15T14:57:27.065-0700][1251][info ][gc,metaspace] GC(313) Metaspace: 302455K(308032K)->302455K(308032K) NonClass: 266782K(269888K)->266782K(269888K) Class: 35673K(38144K)->35673K(38144K)
[2025-10-15T14:57:27.065-0700][1251][info ][gc          ] GC(313) Pause Young (Normal) (G1 Evacuation Pause) 126745M->65616M(184320M) 265.404ms
[2025-10-15T14:57:27.066-0700][1251][info ][gc,cpu      ] GC(313) User=22.85s Sys=0.20s Real=0.26s
[2025-10-15T14:57:27.067-0700][1251][info ][safepoint   ] Safepoint "G1CollectForAllocation", Time since last: 1290298425 ns, Reaching safepoint: 14419388 ns, Cleanup: 185971 ns, At safepoint: 268600417 ns, Total: 283205776 ns
[2025-10-15T14:57:27.934-0700][1134][info ][gc,marking  ] GC(312) Concurrent Rebuild Remembered Sets and Scrub Regions 2440.273ms
[2025-10-15T14:57:27.936-0700][1251][info ][gc,start    ] GC(312) Pause Cleanup
[2025-10-15T14:57:27.940-0700][1251][info ][gc          ] GC(312) Pause Cleanup 84265M->84265M(184320M) 3.942ms
[2025-10-15T14:57:27.941-0700][1251][info ][gc,cpu      ] GC(312) User=0.01s Sys=0.00s Real=0.01s
[2025-10-15T14:57:27.942-0700][1251][info ][safepoint   ] Safepoint "G1PauseCleanup", Time since last: 866995487 ns, Reaching safepoint: 957555 ns, Cleanup: 3966 ns, At safepoint: 6750341 ns, Total: 7711862 ns
[2025-10-15T14:57:27.942-0700][1134][info ][gc,marking  ] GC(312) Concurrent Clear Claimed Marks
[2025-10-15T14:57:27.942-0700][1134][info ][gc,marking  ] GC(312) Concurrent Clear Claimed Marks 0.761ms
[2025-10-15T14:57:27.942-0700][1134][info ][gc,marking  ] GC(312) Concurrent Cleanup for Next Mark
[2025-10-15T14:57:27.975-0700][1134][info ][gc,marking  ] GC(312) Concurrent Cleanup for Next Mark 32.224ms
[2025-10-15T14:57:27.975-0700][1134][info ][gc          ] GC(312) Concurrent Mark Cycle 4543.404ms
[2025-10-15T14:57:28.526-0700][1251][info ][gc,start    ] GC(314) Pause Young (Prepare Mixed) (G1 Evacuation Pause)
[2025-10-15T14:57:28.526-0700][1251][info ][gc,task     ] GC(314) Using 113 workers of 113 for evacuation
[2025-10-15T14:57:28.541-0700][1251][debug][gc,remset   ] GC(314) Visited cards 48163840 Total dirty 121176064 (39.75%) Total old 268763136 (17.92%)
[2025-10-15T14:57:28.726-0700][1251][info ][gc,mmu      ] GC(314) MMU target violated: 200.0ms (200.0ms/201.0ms)
[2025-10-15T14:57:28.726-0700][1251][info ][gc,phases   ] GC(314)   Pre Evacuate Collection Set: 0.8ms
[2025-10-15T14:57:28.726-0700][1251][info ][gc,phases   ] GC(314)   Merge Heap Roots: 14.2ms
[2025-10-15T14:57:28.726-0700][1251][info ][gc,phases   ] GC(314)   Evacuate Collection Set: 158.3ms
[2025-10-15T14:57:28.726-0700][1251][info ][gc,phases   ] GC(314)   Post Evacuate Collection Set: 26.7ms
[2025-10-15T14:57:28.726-0700][1251][info ][gc,phases   ] GC(314)   Other: 0.2ms
[2025-10-15T14:57:28.726-0700][1251][debug][gc,remset   ] GC(314) Coarsening (recent): Inline->AoC 441925 (768) AoC->Howl 26578 (4607) Howl->Full 0 (0) Inline->AoC 118356 (1274) AoC->BitMap 22309 (2225) BitMap->Full 0 (0)
[2025-10-15T14:57:28.726-0700][1251][debug][gc,remset   ] GC(314) Coarsening (all): Inline->AoC 123265756 (39018) AoC->Howl 467336 (93365) Howl->Full 0 (0) Inline->AoC 2055404 (27495) AoC->BitMap 393275 (80354) BitMap->Full 7 (0)
[2025-10-15T14:57:28.726-0700][1251][info ][gc,heap     ] GC(314) Eden regions: 938->0(1388)
[2025-10-15T14:57:28.726-0700][1251][info ][gc,heap     ] GC(314) Survivor regions: 174->87(139)
[2025-10-15T14:57:28.726-0700][1251][info ][gc,heap     ] GC(314) Old regions: 1877->1962
[2025-10-15T14:57:28.726-0700][1251][info ][gc,heap     ] GC(314) Humongous regions: 0->0
[2025-10-15T14:57:28.726-0700][1251][info ][gc,metaspace] GC(314) Metaspace: 302455K(308032K)->302455K(308032K) NonClass: 266782K(269888K)->266782K(269888K) Class: 35673K(38144K)->35673K(38144K)
[2025-10-15T14:57:28.726-0700][1251][info ][gc          ] GC(314) Pause Young (Prepare Mixed) (G1 Evacuation Pause) 95632M->65521M(184320M) 200.291ms
[2025-10-15T14:57:28.727-0700][1251][info ][gc,cpu      ] GC(314) User=17.82s Sys=0.17s Real=0.20s
[2025-10-15T14:57:28.728-0700][1251][info ][safepoint   ] Safepoint "G1CollectForAllocation", Time since last: 582005982 ns, Reaching safepoint: 1143685 ns, Cleanup: 5428 ns, At safepoint: 203375742 ns, Total: 204524855 ns
[2025-10-15T14:57:31.143-0700][1251][info ][gc,start    ] GC(315) Pause Young (Mixed) (G1 Evacuation Pause)
[2025-10-15T14:57:31.143-0700][1251][info ][gc,task     ] GC(315) Using 113 workers of 113 for evacuation
[2025-10-15T14:57:31.161-0700][1251][debug][gc,remset   ] GC(315) Visited cards 50640128 Total dirty 121569280 (41.66%) Total old 386203648 (13.11%)
[2025-10-15T14:57:31.342-0700][1251][info ][gc,phases   ] GC(315)   Pre Evacuate Collection Set: 0.9ms
[2025-10-15T14:57:31.342-0700][1251][info ][gc,phases   ] GC(315)   Merge Heap Roots: 16.9ms
[2025-10-15T14:57:31.342-0700][1251][info ][gc,phases   ] GC(315)   Evacuate Collection Set: 145.8ms
[2025-10-15T14:57:31.342-0700][1251][info ][gc,phases   ] GC(315)   Post Evacuate Collection Set: 35.3ms
[2025-10-15T14:57:31.342-0700][1251][info ][gc,phases   ] GC(315)   Other: 0.2ms
[2025-10-15T14:57:31.342-0700][1251][debug][gc,remset   ] GC(315) Coarsening (recent): Inline->AoC 418478 (559) AoC->Howl 5737 (1188) Howl->Full 0 (0) Inline->AoC 17410 (624) AoC->BitMap 4478 (1006) BitMap->Full 0 (0)
[2025-10-15T14:57:31.342-0700][1251][debug][gc,remset   ] GC(315) Coarsening (all): Inline->AoC 123684234 (39577) AoC->Howl 473073 (94553) Howl->Full 0 (0) Inline->AoC 2072814 (28119) AoC->BitMap 397753 (81360) BitMap->Full 7 (0)
[2025-10-15T14:57:31.342-0700][1251][info ][gc,heap     ] GC(315) Eden regions: 1836->0(519)
[2025-10-15T14:57:31.342-0700][1251][info ][gc,heap     ] GC(315) Survivor regions: 87->116(241)
[2025-10-15T14:57:31.342-0700][1251][info ][gc,heap     ] GC(315) Old regions: 1962->1893
[2025-10-15T14:57:31.342-0700][1251][info ][gc,heap     ] GC(315) Humongous regions: 0->0
[2025-10-15T14:57:31.342-0700][1251][info ][gc,metaspace] GC(315) Metaspace: 302456K(308032K)->302456K(308032K) NonClass: 266783K(269888K)->266783K(269888K) Class: 35673K(38144K)->35673K(38144K)
[2025-10-15T14:57:31.342-0700][1251][info ][gc          ] GC(315) Pause Young (Mixed) (G1 Evacuation Pause) 124273M->64283M(184320M) 199.180ms
[2025-10-15T14:57:31.344-0700][1251][info ][gc,cpu      ] GC(315) User=16.91s Sys=0.18s Real=0.20s
[2025-10-15T14:57:31.344-0700][1251][info ][safepoint   ] Safepoint "G1CollectForAllocation", Time since last: 2412893100 ns, Reaching safepoint: 1078036 ns, Cleanup: 4938 ns, At safepoint: 202210043 ns, Total: 203293017 ns
[2025-10-15T14:57:32.698-0700][1251][info ][gc,start    ] GC(316) Pause Young (Mixed) (G1 Evacuation Pause)
[2025-10-15T14:57:32.698-0700][1251][info ][gc,task     ] GC(316) Using 113 workers of 113 for evacuation
[2025-10-15T14:57:32.715-0700][1251][debug][gc,remset   ] GC(316) Visited cards 52047872 Total dirty 117309440 (44.37%) Total old 276037632 (18.86%)
[2025-10-15T14:57:32.898-0700][1251][info ][gc,mmu      ] GC(316) MMU target violated: 200.3ms (200.0ms/201.0ms)
[2025-10-15T14:57:32.898-0700][1251][info ][gc,phases   ] GC(316)   Pre Evacuate Collection Set: 0.8ms
[2025-10-15T14:57:32.898-0700][1251][info ][gc,phases   ] GC(316)   Merge Heap Roots: 16.3ms
[2025-10-15T14:57:32.898-0700][1251][info ][gc,phases   ] GC(316)   Evacuate Collection Set: 152.9ms
[2025-10-15T14:57:32.898-0700][1251][info ][gc,phases   ] GC(316)   Post Evacuate Collection Set: 30.3ms
[2025-10-15T14:57:32.898-0700][1251][info ][gc,phases   ] GC(316)   Other: 0.2ms
[2025-10-15T14:57:32.898-0700][1251][debug][gc,remset   ] GC(316) Coarsening (recent): Inline->AoC 207687 (446) AoC->Howl 3446 (1729) Howl->Full 0 (0) Inline->AoC 10604 (554) AoC->BitMap 2862 (1287) BitMap->Full 0 (0)
[2025-10-15T14:57:32.898-0700][1251][debug][gc,remset   ] GC(316) Coarsening (all): Inline->AoC 123891921 (40023) AoC->Howl 476519 (96282) Howl->Full 0 (0) Inline->AoC 2083418 (28673) AoC->BitMap 400615 (82647) BitMap->Full 7 (0)
[2025-10-15T14:57:32.898-0700][1251][info ][gc,heap     ] GC(316) Eden regions: 1001->0(732)
[2025-10-15T14:57:32.898-0700][1251][info ][gc,heap     ] GC(316) Survivor regions: 116->81(140)
[2025-10-15T14:57:32.898-0700][1251][info ][gc,heap     ] GC(316) Old regions: 1893->1881
[2025-10-15T14:57:32.898-0700][1251][info ][gc,heap     ] GC(316) Humongous regions: 0->0
[2025-10-15T14:57:32.898-0700][1251][info ][gc,metaspace] GC(316) Metaspace: 302456K(308032K)->302456K(308032K) NonClass: 266783K(269888K)->266783K(269888K) Class: 35673K(38144K)->35673K(38144K)
[2025-10-15T14:57:32.898-0700][1251][info ][gc          ] GC(316) Pause Young (Mixed) (G1 Evacuation Pause) 96315M->62770M(184320M) 200.588ms
[2025-10-15T14:57:32.899-0700][1251][info ][gc,cpu      ] GC(316) User=17.91s Sys=0.21s Real=0.21s
[2025-10-15T14:57:32.900-0700][1251][info ][safepoint   ] Safepoint "G1CollectForAllocation", Time since last: 1350935021 ns, Reaching safepoint: 1059117 ns, Cleanup: 4737 ns, At safepoint: 203636335 ns, Total: 204700189 ns
[2025-10-15T14:57:33.902-0700][1251][info ][safepoint   ] Safepoint "Cleanup", Time since last: 1000089347 ns, Reaching safepoint: 1069122 ns, Cleanup: 23896 ns, At safepoint: 508667 ns, Total: 1601685 ns
[2025-10-15T14:57:34.776-0700][1251][info ][gc,start    ] GC(317) Pause Young (Mixed) (G1 Evacuation Pause)
[2025-10-15T14:57:34.776-0700][1251][info ][gc,task     ] GC(317) Using 113 workers of 113 for evacuation
[2025-10-15T14:57:34.794-0700][1251][debug][gc,remset   ] GC(317) Visited cards 55329280 Total dirty 116654080 (47.43%) Total old 328073216 (16.86%)
[2025-10-15T14:57:34.993-0700][1251][info ][gc,mmu      ] GC(317) MMU target violated: 201.0ms (200.0ms/201.0ms)
[2025-10-15T14:57:34.993-0700][1251][info ][gc,phases   ] GC(317)   Pre Evacuate Collection Set: 0.7ms
[2025-10-15T14:57:34.993-0700][1251][info ][gc,phases   ] GC(317)   Merge Heap Roots: 17.3ms
[2025-10-15T14:57:34.993-0700][1251][info ][gc,phases   ] GC(317)   Evacuate Collection Set: 164.7ms
[2025-10-15T14:57:34.993-0700][1251][info ][gc,phases   ] GC(317)   Post Evacuate Collection Set: 34.8ms
[2025-10-15T14:57:34.993-0700][1251][info ][gc,phases   ] GC(317)   Other: 0.2ms
[2025-10-15T14:57:34.993-0700][1251][debug][gc,remset   ] GC(317) Coarsening (recent): Inline->AoC 341837 (400) AoC->Howl 1791 (662) Howl->Full 0 (0) Inline->AoC 6579 (239) AoC->BitMap 1198 (534) BitMap->Full 0 (0)
[2025-10-15T14:57:34.993-0700][1251][debug][gc,remset   ] GC(317) Coarsening (all): Inline->AoC 124233758 (40423) AoC->Howl 478310 (96944) Howl->Full 0 (0) Inline->AoC 2089997 (28912) AoC->BitMap 401813 (83181) BitMap->Full 7 (0)
[2025-10-15T14:57:34.994-0700][1251][info ][gc,heap     ] GC(317) Eden regions: 1439->0(658)
[2025-10-15T14:57:34.994-0700][1251][info ][gc,heap     ] GC(317) Survivor regions: 81->108(190)
[2025-10-15T14:57:34.994-0700][1251][info ][gc,heap     ] GC(317) Old regions: 1881->1839
[2025-10-15T14:57:34.994-0700][1251][info ][gc,heap     ] GC(317) Humongous regions: 0->0
[2025-10-15T14:57:34.994-0700][1251][info ][gc,metaspace] GC(317) Metaspace: 302458K(308032K)->302458K(308032K) NonClass: 266785K(269888K)->266785K(269888K) Class: 35673K(38144K)->35673K(38144K)
[2025-10-15T14:57:34.994-0700][1251][info ][gc          ] GC(317) Pause Young (Mixed) (G1 Evacuation Pause) 108818M->62293M(184320M) 217.890ms
[2025-10-15T14:57:34.995-0700][1251][info ][gc,cpu      ] GC(317) User=17.44s Sys=0.12s Real=0.22s
[2025-10-15T14:57:34.996-0700][1251][info ][safepoint   ] Safepoint "G1CollectForAllocation", Time since last: 871857070 ns, Reaching safepoint: 911846 ns, Cleanup: 16685 ns, At safepoint: 221378184 ns, Total: 222306715 ns
[2025-10-15T14:57:35.997-0700][1251][info ][safepoint   ] Safepoint "Cleanup", Time since last: 1000086432 ns, Reaching safepoint: 1030364 ns, Cleanup: 50507 ns, At safepoint: 394925 ns, Total: 1475796 ns
[2025-10-15T14:57:36.733-0700][1251][info ][gc,start    ] GC(318) Pause Young (Mixed) (G1 Evacuation Pause)
[2025-10-15T14:57:36.733-0700][1251][info ][gc,task     ] GC(318) Using 113 workers of 113 for evacuation
[2025-10-15T14:57:36.752-0700][1251][debug][gc,remset   ] GC(318) Visited cards 57172480 Total dirty 113967104 (50.17%) Total old 313655296 (18.23%)
[2025-10-15T14:57:36.976-0700][1251][info ][gc,mmu      ] GC(318) MMU target violated: 201.0ms (200.0ms/201.0ms)
[2025-10-15T14:57:36.976-0700][1251][info ][gc,phases   ] GC(318)   Pre Evacuate Collection Set: 0.8ms
[2025-10-15T14:57:36.976-0700][1251][info ][gc,phases   ] GC(318)   Merge Heap Roots: 17.8ms
[2025-10-15T14:57:36.976-0700][1251][info ][gc,phases   ] GC(318)   Evacuate Collection Set: 189.2ms
[2025-10-15T14:57:36.976-0700][1251][info ][gc,phases   ] GC(318)   Post Evacuate Collection Set: 34.4ms
[2025-10-15T14:57:36.976-0700][1251][info ][gc,phases   ] GC(318)   Other: 0.2ms
[2025-10-15T14:57:36.976-0700][1251][debug][gc,remset   ] GC(318) Coarsening (recent): Inline->AoC 235158 (511) AoC->Howl 2894 (1422) Howl->Full 0 (0) Inline->AoC 9395 (466) AoC->BitMap 2764 (1281) BitMap->Full 0 (0)
[2025-10-15T14:57:36.976-0700][1251][debug][gc,remset   ] GC(318) Coarsening (all): Inline->AoC 124468916 (40934) AoC->Howl 481204 (98366) Howl->Full 0 (0) Inline->AoC 2099392 (29378) AoC->BitMap 404577 (84462) BitMap->Full 7 (0)
[2025-10-15T14:57:36.976-0700][1251][info ][gc,heap     ] GC(318) Eden regions: 1323->0(601)
[2025-10-15T14:57:36.976-0700][1251][info ][gc,heap     ] GC(318) Survivor regions: 108->120(179)
[2025-10-15T14:57:36.976-0700][1251][info ][gc,heap     ] GC(318) Old regions: 1839->1807
[2025-10-15T14:57:36.976-0700][1251][info ][gc,heap     ] GC(318) Humongous regions: 0->0
[2025-10-15T14:57:36.976-0700][1251][info ][gc,metaspace] GC(318) Metaspace: 302502K(308032K)->302502K(308032K) NonClass: 266829K(269888K)->266829K(269888K) Class: 35673K(38144K)->35673K(38144K)
[2025-10-15T14:57:36.976-0700][1251][info ][gc          ] GC(318) Pause Young (Mixed) (G1 Evacuation Pause) 104629M->61616M(184320M) 242.592ms
[2025-10-15T14:57:36.977-0700][1251][info ][gc,cpu      ] GC(318) User=19.58s Sys=0.10s Real=0.24s
[2025-10-15T14:57:36.978-0700][1251][info ][safepoint   ] Safepoint "G1CollectForAllocation", Time since last: 730362811 ns, Reaching safepoint: 4244472 ns, Cleanup: 20982 ns, At safepoint: 245789502 ns, Total: 250054956 ns
[2025-10-15T14:57:37.979-0700][1251][info ][safepoint   ] Safepoint "Cleanup", Time since last: 1000085942 ns, Reaching safepoint: 1046969 ns, Cleanup: 13540 ns, At safepoint: 413203 ns, Total: 1473712 ns
[2025-10-15T14:57:38.495-0700][1251][info ][gc,start    ] GC(319) Pause Young (Mixed) (G1 Evacuation Pause)
[2025-10-15T14:57:38.495-0700][1251][info ][gc,task     ] GC(319) Using 113 workers of 113 for evacuation
[2025-10-15T14:57:38.514-0700][1251][debug][gc,remset   ] GC(319) Visited cards 57187584 Total dirty 112263168 (50.94%) Total old 288096256 (19.85%)
[2025-10-15T14:57:38.732-0700][1251][info ][gc,mmu      ] GC(319) MMU target violated: 201.0ms (200.0ms/201.0ms)
[2025-10-15T14:57:38.732-0700][1251][info ][gc,phases   ] GC(319)   Pre Evacuate Collection Set: 0.8ms
[2025-10-15T14:57:38.732-0700][1251][info ][gc,phases   ] GC(319)   Merge Heap Roots: 17.4ms
[2025-10-15T14:57:38.732-0700][1251][info ][gc,phases   ] GC(319)   Evacuate Collection Set: 191.3ms
[2025-10-15T14:57:38.732-0700][1251][info ][gc,phases   ] GC(319)   Post Evacuate Collection Set: 27.3ms
[2025-10-15T14:57:38.732-0700][1251][info ][gc,phases   ] GC(319)   Other: 0.2ms
[2025-10-15T14:57:38.732-0700][1251][debug][gc,remset   ] GC(319) Coarsening (recent): Inline->AoC 221325 (524) AoC->Howl 3254 (1664) Howl->Full 0 (0) Inline->AoC 9691 (528) AoC->BitMap 2824 (1340) BitMap->Full 0 (0)
[2025-10-15T14:57:38.732-0700][1251][debug][gc,remset   ] GC(319) Coarsening (all): Inline->AoC 124690241 (41458) AoC->Howl 484458 (100030) Howl->Full 0 (0) Inline->AoC 2109083 (29906) AoC->BitMap 407401 (85802) BitMap->Full 7 (0)
[2025-10-15T14:57:38.732-0700][1251][info ][gc,heap     ] GC(319) Eden regions: 1132->0(665)
[2025-10-15T14:57:38.732-0700][1251][info ][gc,heap     ] GC(319) Survivor regions: 120->99(157)
[2025-10-15T14:57:38.732-0700][1251][info ][gc,heap     ] GC(319) Old regions: 1807->1811
[2025-10-15T14:57:38.732-0700][1251][info ][gc,heap     ] GC(319) Humongous regions: 0->0
[2025-10-15T14:57:38.732-0700][1251][info ][gc,metaspace] GC(319) Metaspace: 302586K(308032K)->302586K(308032K) NonClass: 266890K(269888K)->266890K(269888K) Class: 35696K(38144K)->35696K(38144K)
[2025-10-15T14:57:38.732-0700][1251][info ][gc          ] GC(319) Pause Young (Mixed) (G1 Evacuation Pause) 97840M->61090M(184320M) 237.247ms
[2025-10-15T14:57:38.734-0700][1251][info ][gc,cpu      ] GC(319) User=19.53s Sys=0.12s Real=0.24s
[2025-10-15T14:57:38.735-0700][1251][info ][safepoint   ] Safepoint "G1CollectForAllocation", Time since last: 512498587 ns, Reaching safepoint: 2119537 ns, Cleanup: 15173 ns, At safepoint: 240575619 ns, Total: 242710329 ns
[2025-10-15T14:57:39.736-0700][1251][info ][safepoint   ] Safepoint "Cleanup", Time since last: 1000084348 ns, Reaching safepoint: 927889 ns, Cleanup: 10406 ns, At safepoint: 211088 ns, Total: 1149383 ns
[2025-10-15T14:57:40.664-0700][1251][info ][gc,start    ] GC(320) Pause Young (Mixed) (G1 Evacuation Pause)
[2025-10-15T14:57:40.664-0700][1251][info ][gc,task     ] GC(320) Using 113 workers of 113 for evacuation
[2025-10-15T14:57:40.683-0700][1251][debug][gc,remset   ] GC(320) Visited cards 58883072 Total dirty 112525312 (52.33%) Total old 316801024 (18.59%)
[2025-10-15T14:57:40.881-0700][1251][info ][gc,mmu      ] GC(320) MMU target violated: 201.0ms (200.0ms/201.0ms)
[2025-10-15T14:57:40.882-0700][1251][info ][gc,phases   ] GC(320)   Pre Evacuate Collection Set: 0.9ms
[2025-10-15T14:57:40.882-0700][1251][info ][gc,phases   ] GC(320)   Merge Heap Roots: 17.7ms
[2025-10-15T14:57:40.882-0700][1251][info ][gc,phases   ] GC(320)   Evacuate Collection Set: 171.5ms
[2025-10-15T14:57:40.882-0700][1251][info ][gc,phases   ] GC(320)   Post Evacuate Collection Set: 27.1ms
[2025-10-15T14:57:40.882-0700][1251][info ][gc,phases   ] GC(320)   Other: 0.2ms
[2025-10-15T14:57:40.882-0700][1251][debug][gc,remset   ] GC(320) Coarsening (recent): Inline->AoC 280414 (462) AoC->Howl 1519 (605) Howl->Full 0 (0) Inline->AoC 5790 (186) AoC->BitMap 1079 (543) BitMap->Full 0 (0)
[2025-10-15T14:57:40.882-0700][1251][debug][gc,remset   ] GC(320) Coarsening (all): Inline->AoC 124970655 (41920) AoC->Howl 485977 (100635) Howl->Full 0 (0) Inline->AoC 2114873 (30092) AoC->BitMap 408480 (86345) BitMap->Full 7 (0)
[2025-10-15T14:57:40.882-0700][1251][info ][gc,heap     ] GC(320) Eden regions: 1370->0(538)
[2025-10-15T14:57:40.882-0700][1251][info ][gc,heap     ] GC(320) Survivor regions: 99->126(184)
[2025-10-15T14:57:40.882-0700][1251][info ][gc,heap     ] GC(320) Old regions: 1811->1775
[2025-10-15T14:57:40.882-0700][1251][info ][gc,heap     ] GC(320) Humongous regions: 0->0
[2025-10-15T14:57:40.882-0700][1251][info ][gc,metaspace] GC(320) Metaspace: 302590K(308032K)->302590K(308032K) NonClass: 266894K(269888K)->266894K(269888K) Class: 35696K(38144K)->35696K(38144K)
[2025-10-15T14:57:40.882-0700][1251][info ][gc          ] GC(320) Pause Young (Mixed) (G1 Evacuation Pause) 104930M->60824M(184320M) 217.534ms
[2025-10-15T14:57:40.883-0700][1251][info ][gc,cpu      ] GC(320) User=18.74s Sys=0.32s Real=0.22s
[2025-10-15T14:57:40.884-0700][1251][info ][safepoint   ] Safepoint "G1CollectForAllocation", Time since last: 925389401 ns, Reaching safepoint: 1742498 ns, Cleanup: 11618 ns, At safepoint: 221478832 ns, Total: 223232948 ns
[2025-10-15T14:57:41.887-0700][1251][info ][safepoint   ] Safepoint "Cleanup", Time since last: 1000080629 ns, Reaching safepoint: 1679734 ns, Cleanup: 17857 ns, At safepoint: 711773 ns, Total: 2409364 ns
[2025-10-15T14:57:42.237-0700][1251][info ][gc,start    ] GC(321) Pause Young (Mixed) (G1 Evacuation Pause)
[2025-10-15T14:57:42.237-0700][1251][info ][gc,task     ] GC(321) Using 113 workers of 113 for evacuation
[2025-10-15T14:57:42.256-0700][1251][debug][gc,remset   ] GC(321) Visited cards 60621568 Total dirty 110166016 (55.03%) Total old 254148608 (23.85%)
[2025-10-15T14:57:42.484-0700][1251][info ][gc,mmu      ] GC(321) MMU target violated: 201.0ms (200.0ms/201.0ms)
[2025-10-15T14:57:42.484-0700][1251][info ][gc,phases   ] GC(321)   Pre Evacuate Collection Set: 0.8ms
[2025-10-15T14:57:42.484-0700][1251][info ][gc,phases   ] GC(321)   Merge Heap Roots: 18.1ms
[2025-10-15T14:57:42.484-0700][1251][info ][gc,phases   ] GC(321)   Evacuate Collection Set: 207.2ms
[2025-10-15T14:57:42.484-0700][1251][info ][gc,phases   ] GC(321)   Post Evacuate Collection Set: 20.4ms
[2025-10-15T14:57:42.484-0700][1251][info ][gc,phases   ] GC(321)   Other: 0.2ms
[2025-10-15T14:57:42.484-0700][1251][debug][gc,remset   ] GC(321) Coarsening (recent): Inline->AoC 210261 (478) AoC->Howl 2984 (1463) Howl->Full 0 (0) Inline->AoC 9342 (467) AoC->BitMap 2348 (1157) BitMap->Full 0 (0)
[2025-10-15T14:57:42.484-0700][1251][debug][gc,remset   ] GC(321) Coarsening (all): Inline->AoC 125180916 (42398) AoC->Howl 488961 (102098) Howl->Full 0 (0) Inline->AoC 2124215 (30559) AoC->BitMap 410828 (87502) BitMap->Full 7 (0)
[2025-10-15T14:57:42.484-0700][1251][info ][gc,heap     ] GC(321) Eden regions: 883->0(646)
[2025-10-15T14:57:42.484-0700][1251][info ][gc,heap     ] GC(321) Survivor regions: 126->89(127)
[2025-10-15T14:57:42.484-0700][1251][info ][gc,heap     ] GC(321) Old regions: 1775->1789
[2025-10-15T14:57:42.484-0700][1251][info ][gc,heap     ] GC(321) Humongous regions: 0->0
[2025-10-15T14:57:42.484-0700][1251][info ][gc,metaspace] GC(321) Metaspace: 302597K(308032K)->302597K(308032K) NonClass: 266901K(269888K)->266901K(269888K) Class: 35696K(38144K)->35696K(38144K)
[2025-10-15T14:57:42.484-0700][1251][info ][gc          ] GC(321) Pause Young (Mixed) (G1 Evacuation Pause) 89080M->60070M(184320M) 246.875ms
[2025-10-15T14:57:42.485-0700][1251][info ][gc,cpu      ] GC(321) User=18.70s Sys=0.39s Real=0.25s
[2025-10-15T14:57:42.486-0700][1251][info ][safepoint   ] Safepoint "G1CollectForAllocation", Time since last: 336663662 ns, Reaching safepoint: 12466883 ns, Cleanup: 18928 ns, At safepoint: 250410266 ns, Total: 262896077 ns
[2025-10-15T14:57:43.487-0700][1251][info ][safepoint   ] Safepoint "Cleanup", Time since last: 1000082843 ns, Reaching safepoint: 713126 ns, Cleanup: 35493 ns, At safepoint: 165349 ns, Total: 913968 ns
[2025-10-15T14:57:44.227-0700][1251][info ][gc,start    ] GC(322) Pause Young (Mixed) (G1 Evacuation Pause)
[2025-10-15T14:57:44.227-0700][1251][info ][gc,task     ] GC(322) Using 113 workers of 113 for evacuation
[2025-10-15T14:57:44.246-0700][1251][debug][gc,remset   ] GC(322) Visited cards 62134784 Total dirty 110952448 (56.00%) Total old 294060032 (21.13%)
[2025-10-15T14:57:44.472-0700][1251][info ][gc,mmu      ] GC(322) MMU target violated: 201.0ms (200.0ms/201.0ms)
[2025-10-15T14:57:44.472-0700][1251][info ][gc,phases   ] GC(322)   Pre Evacuate Collection Set: 0.8ms
[2025-10-15T14:57:44.472-0700][1251][info ][gc,phases   ] GC(322)   Merge Heap Roots: 18.5ms
[2025-10-15T14:57:44.472-0700][1251][info ][gc,phases   ] GC(322)   Evacuate Collection Set: 204.1ms
[2025-10-15T14:57:44.472-0700][1251][info ][gc,phases   ] GC(322)   Post Evacuate Collection Set: 21.4ms
[2025-10-15T14:57:44.472-0700][1251][info ][gc,phases   ] GC(322)   Other: 0.2ms
[2025-10-15T14:57:44.472-0700][1251][debug][gc,remset   ] GC(322) Coarsening (recent): Inline->AoC 311780 (456) AoC->Howl 1468 (591) Howl->Full 0 (0) Inline->AoC 5950 (167) AoC->BitMap 922 (478) BitMap->Full 0 (0)
[2025-10-15T14:57:44.472-0700][1251][debug][gc,remset   ] GC(322) Coarsening (all): Inline->AoC 125492696 (42854) AoC->Howl 490429 (102689) Howl->Full 0 (0) Inline->AoC 2130165 (30726) AoC->BitMap 411750 (87980) BitMap->Full 7 (0)
[2025-10-15T14:57:44.472-0700][1251][info ][gc,heap     ] GC(322) Eden regions: 1218->0(3343)
[2025-10-15T14:57:44.472-0700][1251][info ][gc,heap     ] GC(322) Survivor regions: 89->113(164)
[2025-10-15T14:57:44.472-0700][1251][info ][gc,heap     ] GC(322) Old regions: 1789->1757
[2025-10-15T14:57:44.472-0700][1251][info ][gc,heap     ] GC(322) Humongous regions: 1->0
[2025-10-15T14:57:44.472-0700][1251][info ][gc,metaspace] GC(322) Metaspace: 302604K(308032K)->302604K(308032K) NonClass: 266907K(269888K)->266907K(269888K) Class: 35696K(38144K)->35696K(38144K)
[2025-10-15T14:57:44.472-0700][1251][info ][gc          ] GC(322) Pause Young (Mixed) (G1 Evacuation Pause) 99078M->59818M(184320M) 245.127ms
[2025-10-15T14:57:44.473-0700][1251][info ][gc,cpu      ] GC(322) User=17.88s Sys=0.04s Real=0.25s
[2025-10-15T14:57:44.474-0700][1251][info ][safepoint   ] Safepoint "G1CollectForAllocation", Time since last: 734194594 ns, Reaching safepoint: 3880092 ns, Cleanup: 29044 ns, At safepoint: 248580967 ns, Total: 252490103 ns
[2025-10-15T14:57:45.476-0700][1251][info ][safepoint   ] Safepoint "Cleanup", Time since last: 1000081781 ns, Reaching safepoint: 971085 ns, Cleanup: 125980 ns, At safepoint: 213802 ns, Total: 1310867 ns
[2025-10-15T14:57:46.477-0700][1251][info ][safepoint   ] Safepoint "Cleanup", Time since last: 1000112848 ns, Reaching safepoint: 1032127 ns, Cleanup: 179511 ns, At safepoint: 614386 ns, Total: 1826024 ns
[2025-10-15T14:57:47.439-0700][1251][info ][safepoint   ] Safepoint "ICBufferFull", Time since last: 958092274 ns, Reaching safepoint: 1605221 ns, Cleanup: 239501 ns, At safepoint: 1127630 ns, Total: 2972352 ns
[2025-10-15T14:57:48.313-0700][1251][info ][safepoint   ] Safepoint "ICBufferFull", Time since last: 860059312 ns, Reaching safepoint: 12474373 ns, Cleanup: 358541 ns, At safepoint: 1686684 ns, Total: 14519598 ns
[2025-10-15T14:57:49.356-0700][1251][info ][safepoint   ] Safepoint "Cleanup", Time since last: 1000138217 ns, Reaching safepoint: 40969619 ns, Cleanup: 88224 ns, At safepoint: 1637399 ns, Total: 42695242 ns
[2025-10-15T14:57:49.388-0700][1251][info ][gc,start    ] GC(323) Pause Young (Normal) (G1 Evacuation Pause)
[2025-10-15T14:57:49.388-0700][1251][info ][gc,task     ] GC(323) Using 113 workers of 113 for evacuation
[2025-10-15T14:57:49.410-0700][1251][debug][gc,remset   ] GC(323) Visited cards 55541760 Total dirty 114556928 (48.48%) Total old 568131584 (9.78%)
[2025-10-15T14:57:49.697-0700][1251][info ][gc,mmu      ] GC(323) MMU target violated: 201.0ms (200.0ms/201.0ms)
[2025-10-15T14:57:49.697-0700][1251][info ][gc,phases   ] GC(323)   Pre Evacuate Collection Set: 1.0ms
[2025-10-15T14:57:49.697-0700][1251][info ][gc,phases   ] GC(323)   Merge Heap Roots: 21.2ms
[2025-10-15T14:57:49.697-0700][1251][info ][gc,phases   ] GC(323)   Evacuate Collection Set: 251.2ms
[2025-10-15T14:57:49.697-0700][1251][info ][gc,phases   ] GC(323)   Post Evacuate Collection Set: 36.1ms
[2025-10-15T14:57:49.697-0700][1251][info ][gc,phases   ] GC(323)   Other: 0.3ms
[2025-10-15T14:57:49.697-0700][1251][debug][gc,remset   ] GC(323) Coarsening (recent): Inline->AoC 390849 (275) AoC->Howl 3091 (1406) Howl->Full 0 (0) Inline->AoC 10698 (300) AoC->BitMap 2117 (891) BitMap->Full 0 (0)
[2025-10-15T14:57:49.697-0700][1251][debug][gc,remset   ] GC(323) Coarsening (all): Inline->AoC 125883545 (43129) AoC->Howl 493520 (104095) Howl->Full 0 (0) Inline->AoC 2140863 (31026) AoC->BitMap 413867 (88871) BitMap->Full 7 (0)
[2025-10-15T14:57:49.698-0700][1251][info ][gc,heap     ] GC(323) Eden regions: 3343->0(822)
[2025-10-15T14:57:49.698-0700][1251][info ][gc,heap     ] GC(323) Survivor regions: 113->273(432)
[2025-10-15T14:57:49.698-0700][1251][info ][gc,heap     ] GC(323) Old regions: 1757->1757
[2025-10-15T14:57:49.698-0700][1251][info ][gc,heap     ] GC(323) Humongous regions: 0->0
[2025-10-15T14:57:49.698-0700][1251][info ][gc,metaspace] GC(323) Metaspace: 303882K(309312K)->303882K(309312K) NonClass: 268077K(271104K)->268077K(271104K) Class: 35804K(38208K)->35804K(38208K)
[2025-10-15T14:57:49.698-0700][1251][info ][gc          ] GC(323) Pause Young (Normal) (G1 Evacuation Pause) 166794M->64931M(184320M) 309.973ms
[2025-10-15T14:57:49.699-0700][1251][info ][gc,cpu      ] GC(323) User=26.28s Sys=0.37s Real=0.32s
[2025-10-15T14:57:49.700-0700][1251][info ][safepoint   ] Safepoint "G1CollectForAllocation", Time since last: 26892880 ns, Reaching safepoint: 3370813 ns, Cleanup: 15814 ns, At safepoint: 313872849 ns, Total: 317259476 ns
[2025-10-15T14:57:50.705-0700][1251][info ][safepoint   ] Safepoint "Cleanup", Time since last: 1000252119 ns, Reaching safepoint: 3280788 ns, Cleanup: 121062 ns, At safepoint: 1673214 ns, Total: 5075064 ns
[2025-10-15T14:57:51.516-0700][1251][info ][gc,start    ] GC(324) Pause Young (Normal) (G1 Evacuation Pause)
[2025-10-15T14:57:51.516-0700][1251][info ][gc,task     ] GC(324) Using 113 workers of 113 for evacuation
[2025-10-15T14:57:51.536-0700][1251][debug][gc,remset   ] GC(324) Visited cards 55681280 Total dirty 114556928 (48.61%) Total old 340590592 (16.35%)
[2025-10-15T14:57:51.790-0700][1251][info ][gc,mmu      ] GC(324) MMU target violated: 201.0ms (200.0ms/201.0ms)
[2025-10-15T14:57:51.790-0700][1251][info ][gc,phases   ] GC(324)   Pre Evacuate Collection Set: 0.9ms
[2025-10-15T14:57:51.790-0700][1251][info ][gc,phases   ] GC(324)   Merge Heap Roots: 19.9ms
[2025-10-15T14:57:51.790-0700][1251][info ][gc,phases   ] GC(324)   Evacuate Collection Set: 237.4ms
[2025-10-15T14:57:51.790-0700][1251][info ][gc,phases   ] GC(324)   Post Evacuate Collection Set: 16.0ms
[2025-10-15T14:57:51.790-0700][1251][info ][gc,phases   ] GC(324)   Other: 0.2ms
[2025-10-15T14:57:51.790-0700][1251][debug][gc,remset   ] GC(324) Coarsening (recent): Inline->AoC 144565 (463) AoC->Howl 3938 (1944) Howl->Full 0 (0) Inline->AoC 12101 (493) AoC->BitMap 4881 (1754) BitMap->Full 0 (0)
[2025-10-15T14:57:51.790-0700][1251][debug][gc,remset   ] GC(324) Coarsening (all): Inline->AoC 126028110 (43592) AoC->Howl 497458 (106039) Howl->Full 0 (0) Inline->AoC 2152964 (31519) AoC->BitMap 418748 (90625) BitMap->Full 7 (0)
[2025-10-15T14:57:51.790-0700][1251][info ][gc,heap     ] GC(324) Eden regions: 1447->0(1099)
[2025-10-15T14:57:51.790-0700][1251][info ][gc,heap     ] GC(324) Survivor regions: 273->144(215)
[2025-10-15T14:57:51.790-0700][1251][info ][gc,heap     ] GC(324) Old regions: 1757->1903
[2025-10-15T14:57:51.790-0700][1251][info ][gc,heap     ] GC(324) Humongous regions: 0->0
[2025-10-15T14:57:51.790-0700][1251][info ][gc,metaspace] GC(324) Metaspace: 303956K(309376K)->303956K(309376K) NonClass: 268144K(271168K)->268144K(271168K) Class: 35812K(38208K)->35812K(38208K)
[2025-10-15T14:57:51.790-0700][1251][info ][gc          ] GC(324) Pause Young (Normal) (G1 Evacuation Pause) 111235M->65469M(184320M) 274.465ms
[2025-10-15T14:57:51.791-0700][1251][info ][gc,cpu      ] GC(324) User=23.44s Sys=0.17s Real=0.28s
[2025-10-15T14:57:51.792-0700][1251][info ][safepoint   ] Safepoint "G1CollectForAllocation", Time since last: 804027334 ns, Reaching safepoint: 4798678 ns, Cleanup: 49054 ns, At safepoint: 278166026 ns, Total: 283013758 ns
[2025-10-15T14:57:52.797-0700][1251][info ][safepoint   ] Safepoint "Cleanup", Time since last: 1000089243 ns, Reaching safepoint: 2196643 ns, Cleanup: 27732 ns, At safepoint: 2119156 ns, Total: 4343531 ns
[2025-10-15T14:57:53.800-0700][1251][info ][safepoint   ] Safepoint "Cleanup", Time since last: 1000147891 ns, Reaching safepoint: 1619152 ns, Cleanup: 22865 ns, At safepoint: 1352039 ns, Total: 2994056 ns
[2025-10-15T14:57:54.337-0700][1251][info ][gc,start    ] GC(325) Pause Young (Normal) (G1 Evacuation Pause)
[2025-10-15T14:57:54.337-0700][1251][info ][gc,task     ] GC(325) Using 113 workers of 113 for evacuation
[2025-10-15T14:57:54.357-0700][1251][debug][gc,remset   ] GC(325) Visited cards 53760768 Total dirty 123600896 (43.50%) Total old 403243008 (13.33%)
[2025-10-15T14:57:54.545-0700][1251][info ][gc,mmu      ] GC(325) MMU target violated: 201.0ms (200.0ms/201.0ms)
[2025-10-15T14:57:54.545-0700][1251][info ][gc,phases   ] GC(325)   Pre Evacuate Collection Set: 0.7ms
[2025-10-15T14:57:54.545-0700][1251][info ][gc,phases   ] GC(325)   Merge Heap Roots: 19.2ms
[2025-10-15T14:57:54.545-0700][1251][info ][gc,phases   ] GC(325)   Evacuate Collection Set: 164.9ms
[2025-10-15T14:57:54.545-0700][1251][info ][gc,phases   ] GC(325)   Post Evacuate Collection Set: 22.9ms
[2025-10-15T14:57:54.545-0700][1251][info ][gc,phases   ] GC(325)   Other: 0.2ms
[2025-10-15T14:57:54.545-0700][1251][debug][gc,remset   ] GC(325) Coarsening (recent): Inline->AoC 278947 (193) AoC->Howl 1018 (259) Howl->Full 0 (0) Inline->AoC 5025 (62) AoC->BitMap 616 (174) BitMap->Full 0 (0)
[2025-10-15T14:57:54.545-0700][1251][debug][gc,remset   ] GC(325) Coarsening (all): Inline->AoC 126307057 (43785) AoC->Howl 498476 (106298) Howl->Full 0 (0) Inline->AoC 2157989 (31581) AoC->BitMap 419364 (90799) BitMap->Full 7 (0)
[2025-10-15T14:57:54.545-0700][1251][info ][gc,heap     ] GC(325) Eden regions: 1981->0(1324)
[2025-10-15T14:57:54.545-0700][1251][info ][gc,heap     ] GC(325) Survivor regions: 144->162(266)
[2025-10-15T14:57:54.545-0700][1251][info ][gc,heap     ] GC(325) Old regions: 1903->1903
[2025-10-15T14:57:54.545-0700][1251][info ][gc,heap     ] GC(325) Humongous regions: 0->0
[2025-10-15T14:57:54.545-0700][1251][info ][gc,metaspace] GC(325) Metaspace: 303976K(309376K)->303976K(309376K) NonClass: 268160K(271168K)->268160K(271168K) Class: 35815K(38208K)->35815K(38208K)
[2025-10-15T14:57:54.545-0700][1251][info ][gc          ] GC(325) Pause Young (Normal) (G1 Evacuation Pause) 128861M->66049M(184320M) 208.060ms
[2025-10-15T14:57:54.546-0700][1251][info ][gc,cpu      ] GC(325) User=16.56s Sys=0.24s Real=0.21s
[2025-10-15T14:57:54.548-0700][1251][info ][safepoint   ] Safepoint "G1CollectForAllocation", Time since last: 532170823 ns, Reaching safepoint: 3829806 ns, Cleanup: 8353 ns, At safepoint: 211532471 ns, Total: 215370630 ns
[2025-10-15T14:57:55.569-0700][1251][info ][safepoint   ] Safepoint "Cleanup", Time since last: 1000107630 ns, Reaching safepoint: 18078846 ns, Cleanup: 19059 ns, At safepoint: 2923249 ns, Total: 21021154 ns
[2025-10-15T14:57:56.575-0700][1251][info ][safepoint   ] Safepoint "Cleanup", Time since last: 1000397008 ns, Reaching safepoint: 1446202 ns, Cleanup: 83656 ns, At safepoint: 4447668 ns, Total: 5977526 ns
[2025-10-15T14:57:56.883-0700][1251][info ][gc,start    ] GC(326) Pause Young (Normal) (G1 Evacuation Pause)
[2025-10-15T14:57:56.883-0700][1251][info ][gc,task     ] GC(326) Using 113 workers of 113 for evacuation
[2025-10-15T14:57:56.902-0700][1251][debug][gc,remset   ] GC(326) Visited cards 55621120 Total dirty 123731968 (44.95%) Total old 376766464 (14.76%)
[2025-10-15T14:57:57.106-0700][1251][info ][gc,mmu      ] GC(326) MMU target violated: 201.0ms (200.0ms/201.0ms)
[2025-10-15T14:57:57.106-0700][1251][info ][gc,phases   ] GC(326)   Pre Evacuate Collection Set: 0.9ms
[2025-10-15T14:57:57.106-0700][1251][info ][gc,phases   ] GC(326)   Merge Heap Roots: 17.7ms
[2025-10-15T14:57:57.106-0700][1251][info ][gc,phases   ] GC(326)   Evacuate Collection Set: 183.3ms
[2025-10-15T14:57:57.106-0700][1251][info ][gc,phases   ] GC(326)   Post Evacuate Collection Set: 21.1ms
[2025-10-15T14:57:57.106-0700][1251][info ][gc,phases   ] GC(326)   Other: 0.2ms
[2025-10-15T14:57:57.106-0700][1251][debug][gc,remset   ] GC(326) Coarsening (recent): Inline->AoC 325550 (226) AoC->Howl 2188 (826) Howl->Full 0 (0) Inline->AoC 9232 (241) AoC->BitMap 1840 (663) BitMap->Full 0 (0)
[2025-10-15T14:57:57.106-0700][1251][debug][gc,remset   ] GC(326) Coarsening (all): Inline->AoC 126632607 (44011) AoC->Howl 500664 (107124) Howl->Full 0 (0) Inline->AoC 2167221 (31822) AoC->BitMap 421204 (91462) BitMap->Full 7 (0)
[2025-10-15T14:57:57.106-0700][1251][info ][gc,heap     ] GC(326) Eden regions: 1761->0(1805)
[2025-10-15T14:57:57.106-0700][1251][info ][gc,heap     ] GC(326) Survivor regions: 162->139(241)
[2025-10-15T14:57:57.106-0700][1251][info ][gc,heap     ] GC(326) Old regions: 1903->1951
[2025-10-15T14:57:57.106-0700][1251][info ][gc,heap     ] GC(326) Humongous regions: 0->0
[2025-10-15T14:57:57.106-0700][1251][info ][gc,metaspace] GC(326) Metaspace: 303982K(309376K)->303982K(309376K) NonClass: 268166K(271168K)->268166K(271168K) Class: 35815K(38208K)->35815K(38208K)
[2025-10-15T14:57:57.106-0700][1251][info ][gc          ] GC(326) Pause Young (Normal) (G1 Evacuation Pause) 122401M->66876M(184320M) 223.371ms
[2025-10-15T14:57:57.107-0700][1251][info ][gc,cpu      ] GC(326) User=18.17s Sys=0.26s Real=0.22s
[2025-10-15T14:57:57.109-0700][1251][info ][safepoint   ] Safepoint "G1CollectForAllocation", Time since last: 300158544 ns, Reaching safepoint: 6303717 ns, Cleanup: 29275 ns, At safepoint: 227168960 ns, Total: 233501952 ns
[2025-10-15T14:57:58.116-0700][1251][info ][safepoint   ] Safepoint "Cleanup", Time since last: 1001470044 ns, Reaching safepoint: 2152767 ns, Cleanup: 20160 ns, At safepoint: 3812961 ns, Total: 5985888 ns
[2025-10-15T14:57:59.124-0700][1251][info ][safepoint   ] Safepoint "Cleanup", Time since last: 1005109283 ns, Reaching safepoint: 1376016 ns, Cleanup: 16014 ns, At safepoint: 1678942 ns, Total: 3070972 ns
[2025-10-15T14:57:59.650-0700][1251][info ][gc,start    ] GC(327) Pause Young (Normal) (G1 Evacuation Pause)
[2025-10-15T14:57:59.650-0700][1251][info ][gc,task     ] GC(327) Using 113 workers of 113 for evacuation
[2025-10-15T14:57:59.667-0700][1251][debug][gc,remset   ] GC(327) Visited cards 56222208 Total dirty 127008768 (44.27%) Total old 391315456 (14.37%)
[2025-10-15T14:57:59.855-0700][1251][info ][gc,mmu      ] GC(327) MMU target violated: 201.0ms (200.0ms/201.0ms)
[2025-10-15T14:57:59.855-0700][1251][info ][gc,phases   ] GC(327)   Pre Evacuate Collection Set: 0.8ms
[2025-10-15T14:57:59.855-0700][1251][info ][gc,phases   ] GC(327)   Merge Heap Roots: 16.4ms
[2025-10-15T14:57:59.855-0700][1251][info ][gc,phases   ] GC(327)   Evacuate Collection Set: 164.7ms
[2025-10-15T14:57:59.855-0700][1251][info ][gc,phases   ] GC(327)   Post Evacuate Collection Set: 22.7ms
[2025-10-15T14:57:59.855-0700][1251][info ][gc,phases   ] GC(327)   Other: 0.2ms
[2025-10-15T14:57:59.855-0700][1251][debug][gc,remset   ] GC(327) Coarsening (recent): Inline->AoC 413197 (268) AoC->Howl 2032 (726) Howl->Full 0 (0) Inline->AoC 8514 (186) AoC->BitMap 1592 (641) BitMap->Full 0 (0)
[2025-10-15T14:57:59.855-0700][1251][debug][gc,remset   ] GC(327) Coarsening (all): Inline->AoC 127045804 (44279) AoC->Howl 502696 (107850) Howl->Full 0 (0) Inline->AoC 2175735 (32008) AoC->BitMap 422796 (92103) BitMap->Full 7 (0)
[2025-10-15T14:57:59.855-0700][1251][info ][gc,heap     ] GC(327) Eden regions: 1871->0(1894)
[2025-10-15T14:57:59.855-0700][1251][info ][gc,heap     ] GC(327) Survivor regions: 139->158(252)
[2025-10-15T14:57:59.855-0700][1251][info ][gc,heap     ] GC(327) Old regions: 1951->1951
[2025-10-15T14:57:59.855-0700][1251][info ][gc,heap     ] GC(327) Humongous regions: 0->0
[2025-10-15T14:57:59.855-0700][1251][info ][gc,metaspace] GC(327) Metaspace: 304027K(309440K)->304027K(309440K) NonClass: 268202K(271232K)->268202K(271232K) Class: 35824K(38208K)->35824K(38208K)
[2025-10-15T14:57:59.855-0700][1251][info ][gc          ] GC(327) Pause Young (Normal) (G1 Evacuation Pause) 126748M->67467M(184320M) 204.878ms
[2025-10-15T14:57:59.856-0700][1251][info ][gc,cpu      ] GC(327) User=16.92s Sys=0.18s Real=0.20s
[2025-10-15T14:57:59.857-0700][1251][info ][safepoint   ] Safepoint "G1CollectForAllocation", Time since last: 505563710 ns, Reaching safepoint: 18801106 ns, Cleanup: 6820 ns, At safepoint: 208220392 ns, Total: 227028318 ns
[2025-10-15T14:58:00.858-0700][1251][info ][safepoint   ] Safepoint "Cleanup", Time since last: 1000082571 ns, Reaching safepoint: 978426 ns, Cleanup: 13581 ns, At safepoint: 387694 ns, Total: 1379701 ns
[2025-10-15T14:58:02.410-0700][1251][info ][gc,start    ] GC(328) Pause Young (Normal) (G1 Evacuation Pause)
[2025-10-15T14:58:02.410-0700][1251][info ][gc,task     ] GC(328) Using 113 workers of 113 for evacuation
[2025-10-15T14:58:02.426-0700][1251][debug][gc,remset   ] GC(328) Visited cards 56979456 Total dirty 127139840 (44.82%) Total old 366936064 (15.53%)
[2025-10-15T14:58:02.633-0700][1251][info ][gc,mmu      ] GC(328) MMU target violated: 201.0ms (200.0ms/201.0ms)
[2025-10-15T14:58:02.633-0700][1251][info ][gc,phases   ] GC(328)   Pre Evacuate Collection Set: 0.9ms
[2025-10-15T14:58:02.633-0700][1251][info ][gc,phases   ] GC(328)   Merge Heap Roots: 15.5ms
[2025-10-15T14:58:02.633-0700][1251][info ][gc,phases   ] GC(328)   Evacuate Collection Set: 184.3ms
[2025-10-15T14:58:02.633-0700][1251][info ][gc,phases   ] GC(328)   Post Evacuate Collection Set: 22.6ms
[2025-10-15T14:58:02.633-0700][1251][info ][gc,phases   ] GC(328)   Other: 0.2ms
[2025-10-15T14:58:02.633-0700][1251][debug][gc,remset   ] GC(328) Coarsening (recent): Inline->AoC 487752 (359) AoC->Howl 3023 (1343) Howl->Full 0 (0) Inline->AoC 10938 (377) AoC->BitMap 2538 (1053) BitMap->Full 0 (0)
[2025-10-15T14:58:02.633-0700][1251][debug][gc,remset   ] GC(328) Coarsening (all): Inline->AoC 127533556 (44638) AoC->Howl 505719 (109193) Howl->Full 0 (0) Inline->AoC 2186673 (32385) AoC->BitMap 425334 (93156) BitMap->Full 7 (0)
[2025-10-15T14:58:02.633-0700][1251][info ][gc,heap     ] GC(328) Eden regions: 1666->0(1666)
[2025-10-15T14:58:02.633-0700][1251][info ][gc,heap     ] GC(328) Survivor regions: 158->162(228)
[2025-10-15T14:58:02.633-0700][1251][info ][gc,heap     ] GC(328) Old regions: 1951->1980
[2025-10-15T14:58:02.633-0700][1251][info ][gc,heap     ] GC(328) Humongous regions: 0->0
[2025-10-15T14:58:02.633-0700][1251][info ][gc,metaspace] GC(328) Metaspace: 304028K(309440K)->304028K(309440K) NonClass: 268203K(271232K)->268203K(271232K) Class: 35824K(38208K)->35824K(38208K)
[2025-10-15T14:58:02.633-0700][1251][info ][gc          ] GC(328) Pause Young (Normal) (G1 Evacuation Pause) 120779M->68525M(184320M) 223.597ms
[2025-10-15T14:58:02.634-0700][1251][info ][gc,cpu      ] GC(328) User=19.03s Sys=0.28s Real=0.22s
[2025-10-15T14:58:02.636-0700][1251][info ][safepoint   ] Safepoint "G1CollectForAllocation", Time since last: 1546869496 ns, Reaching safepoint: 3036599 ns, Cleanup: 4577 ns, At safepoint: 227368011 ns, Total: 230409187 ns
[2025-10-15T14:58:05.317-0700][1251][info ][safepoint   ] Safepoint "Cleanup", Time since last: 2672158946 ns, Reaching safepoint: 4355809 ns, Cleanup: 44417 ns, At safepoint: 4967602 ns, Total: 9367828 ns
[2025-10-15T14:58:05.371-0700][1251][info ][gc,start    ] GC(329) Pause Young (Normal) (G1 Evacuation Pause)
[2025-10-15T14:58:05.372-0700][1251][info ][gc,task     ] GC(329) Using 113 workers of 113 for evacuation
[2025-10-15T14:58:05.389-0700][1251][debug][gc,remset   ] GC(329) Visited cards 58064896 Total dirty 128843776 (45.07%) Total old 381943808 (15.20%)
[2025-10-15T14:58:05.584-0700][1251][info ][gc,mmu      ] GC(329) MMU target violated: 201.0ms (200.0ms/201.0ms)
[2025-10-15T14:58:05.584-0700][1251][info ][gc,phases   ] GC(329)   Pre Evacuate Collection Set: 0.8ms
[2025-10-15T14:58:05.584-0700][1251][info ][gc,phases   ] GC(329)   Merge Heap Roots: 17.0ms
[2025-10-15T14:58:05.584-0700][1251][info ][gc,phases   ] GC(329)   Evacuate Collection Set: 172.2ms
[2025-10-15T14:58:05.584-0700][1251][info ][gc,phases   ] GC(329)   Post Evacuate Collection Set: 22.1ms
[2025-10-15T14:58:05.584-0700][1251][info ][gc,phases   ] GC(329)   Other: 0.2ms
[2025-10-15T14:58:05.584-0700][1251][debug][gc,remset   ] GC(329) Coarsening (recent): Inline->AoC 457723 (383) AoC->Howl 2954 (1321) Howl->Full 0 (0) Inline->AoC 10645 (360) AoC->BitMap 2247 (896) BitMap->Full 0 (0)
[2025-10-15T14:58:05.584-0700][1251][debug][gc,remset   ] GC(329) Coarsening (all): Inline->AoC 127991279 (45021) AoC->Howl 508673 (110514) Howl->Full 0 (0) Inline->AoC 2197318 (32745) AoC->BitMap 427581 (94052) BitMap->Full 7 (0)
[2025-10-15T14:58:05.584-0700][1251][info ][gc,heap     ] GC(329) Eden regions: 1762->0(2385)
[2025-10-15T14:58:05.584-0700][1251][info ][gc,heap     ] GC(329) Survivor regions: 162->136(241)
[2025-10-15T14:58:05.584-0700][1251][info ][gc,heap     ] GC(329) Old regions: 1980->2025
[2025-10-15T14:58:05.584-0700][1251][info ][gc,heap     ] GC(329) Humongous regions: 0->0
[2025-10-15T14:58:05.584-0700][1251][info ][gc,metaspace] GC(329) Metaspace: 304035K(309440K)->304035K(309440K) NonClass: 268210K(271232K)->268210K(271232K) Class: 35824K(38208K)->35824K(38208K)
[2025-10-15T14:58:05.584-0700][1251][info ][gc          ] GC(329) Pause Young (Normal) (G1 Evacuation Pause) 124909M->69114M(184320M) 212.430ms
[2025-10-15T14:58:05.585-0700][1251][info ][gc,cpu      ] GC(329) User=17.88s Sys=0.16s Real=0.21s
[2025-10-15T14:58:05.586-0700][1251][info ][safepoint   ] Safepoint "G1CollectForAllocation", Time since last: 48065263 ns, Reaching safepoint: 4811317 ns, Cleanup: 5678 ns, At safepoint: 216217483 ns, Total: 221034478 ns
[2025-10-15T14:58:06.591-0700][1251][info ][safepoint   ] Safepoint "Cleanup", Time since last: 1000318107 ns, Reaching safepoint: 2454132 ns, Cleanup: 18517 ns, At safepoint: 1921679 ns, Total: 4394328 ns
[2025-10-15T14:58:08.449-0700][1251][info ][safepoint   ] Safepoint "Cleanup", Time since last: 1855712537 ns, Reaching safepoint: 1312450 ns, Cleanup: 52900 ns, At safepoint: 633946 ns, Total: 1999296 ns
[2025-10-15T14:58:08.943-0700][1251][info ][gc,start    ] GC(330) Pause Young (Normal) (G1 Evacuation Pause)
[2025-10-15T14:58:08.943-0700][1251][info ][gc,task     ] GC(330) Using 113 workers of 113 for evacuation
[2025-10-15T14:58:08.961-0700][1251][debug][gc,remset   ] GC(330) Visited cards 59012352 Total dirty 131661824 (44.82%) Total old 449183744 (13.14%)
[2025-10-15T14:58:09.142-0700][1251][info ][gc,phases   ] GC(330)   Pre Evacuate Collection Set: 0.8ms
[2025-10-15T14:58:09.142-0700][1251][info ][gc,phases   ] GC(330)   Merge Heap Roots: 17.1ms
[2025-10-15T14:58:09.142-0700][1251][info ][gc,phases   ] GC(330)   Evacuate Collection Set: 155.1ms
[2025-10-15T14:58:09.142-0700][1251][info ][gc,phases   ] GC(330)   Post Evacuate Collection Set: 25.5ms
[2025-10-15T14:58:09.142-0700][1251][info ][gc,phases   ] GC(330)   Other: 0.2ms
[2025-10-15T14:58:09.142-0700][1251][debug][gc,remset   ] GC(330) Coarsening (recent): Inline->AoC 553995 (299) AoC->Howl 2482 (935) Howl->Full 0 (0) Inline->AoC 9651 (242) AoC->BitMap 1632 (606) BitMap->Full 0 (0)
[2025-10-15T14:58:09.142-0700][1251][debug][gc,remset   ] GC(330) Coarsening (all): Inline->AoC 128545274 (45320) AoC->Howl 511155 (111449) Howl->Full 0 (0) Inline->AoC 2206969 (32987) AoC->BitMap 429213 (94658) BitMap->Full 7 (0)
[2025-10-15T14:58:09.142-0700][1251][info ][gc,heap     ] GC(330) Eden regions: 2276->0(2046)
[2025-10-15T14:58:09.142-0700][1251][info ][gc,heap     ] GC(330) Survivor regions: 136->167(302)
[2025-10-15T14:58:09.142-0700][1251][info ][gc,heap     ] GC(330) Old regions: 2025->2025
[2025-10-15T14:58:09.142-0700][1251][info ][gc,heap     ] GC(330) Humongous regions: 5->0
[2025-10-15T14:58:09.142-0700][1251][info ][gc,metaspace] GC(330) Metaspace: 304083K(309440K)->304083K(309440K) NonClass: 268254K(271232K)->268254K(271232K) Class: 35828K(38208K)->35828K(38208K)
[2025-10-15T14:58:09.142-0700][1251][info ][gc          ] GC(330) Pause Young (Normal) (G1 Evacuation Pause) 142106M->70111M(184320M) 198.785ms
[2025-10-15T14:58:09.143-0700][1251][info ][gc,cpu      ] GC(330) User=17.88s Sys=0.14s Real=0.20s
[2025-10-15T14:58:09.145-0700][1251][info ][safepoint   ] Safepoint "G1CollectForAllocation", Time since last: 491807632 ns, Reaching safepoint: 1529648 ns, Cleanup: 71247 ns, At safepoint: 202662088 ns, Total: 204262983 ns
[2025-10-15T14:58:10.146-0700][1251][info ][safepoint   ] Safepoint "Cleanup", Time since last: 1000110044 ns, Reaching safepoint: 1195352 ns, Cleanup: 54683 ns, At safepoint: 292341 ns, Total: 1542376 ns
[2025-10-15T14:58:11.148-0700][1251][info ][safepoint   ] Safepoint "Cleanup", Time since last: 1000110414 ns, Reaching safepoint: 1200700 ns, Cleanup: 56556 ns, At safepoint: 492242 ns, Total: 1749498 ns
[2025-10-15T14:58:12.150-0700][1251][info ][safepoint   ] Safepoint "Cleanup", Time since last: 1000111345 ns, Reaching safepoint: 829091 ns, Cleanup: 15944 ns, At safepoint: 393193 ns, Total: 1238228 ns
[2025-10-15T14:58:12.494-0700][1251][info ][gc,start    ] GC(331) Pause Young (Normal) (G1 Evacuation Pause)
[2025-10-15T14:58:12.494-0700][1251][info ][gc,task     ] GC(331) Using 113 workers of 113 for evacuation
[2025-10-15T14:58:12.512-0700][1251][debug][gc,remset   ] GC(331) Visited cards 60508416 Total dirty 131858432 (45.89%) Total old 437059584 (13.84%)
[2025-10-15T14:58:12.696-0700][1251][info ][gc,mmu      ] GC(331) MMU target violated: 201.0ms (200.0ms/201.0ms)
[2025-10-15T14:58:12.696-0700][1251][info ][gc,phases   ] GC(331)   Pre Evacuate Collection Set: 0.8ms
[2025-10-15T14:58:12.696-0700][1251][info ][gc,phases   ] GC(331)   Merge Heap Roots: 16.4ms
[2025-10-15T14:58:12.696-0700][1251][info ][gc,phases   ] GC(331)   Evacuate Collection Set: 161.0ms
[2025-10-15T14:58:12.696-0700][1251][info ][gc,phases   ] GC(331)   Post Evacuate Collection Set: 23.3ms
[2025-10-15T14:58:12.696-0700][1251][info ][gc,phases   ] GC(331)   Other: 0.2ms
[2025-10-15T14:58:12.696-0700][1251][debug][gc,remset   ] GC(331) Coarsening (recent): Inline->AoC 541153 (280) AoC->Howl 2591 (1045) Howl->Full 0 (0) Inline->AoC 9941 (282) AoC->BitMap 1858 (727) BitMap->Full 0 (0)
[2025-10-15T14:58:12.696-0700][1251][debug][gc,remset   ] GC(331) Coarsening (all): Inline->AoC 129086427 (45600) AoC->Howl 513746 (112494) Howl->Full 0 (0) Inline->AoC 2216910 (33269) AoC->BitMap 431071 (95385) BitMap->Full 7 (0)
[2025-10-15T14:58:12.696-0700][1251][info ][gc,heap     ] GC(331) Eden regions: 2145->0(2291)
[2025-10-15T14:58:12.696-0700][1251][info ][gc,heap     ] GC(331) Survivor regions: 167->164(289)
[2025-10-15T14:58:12.696-0700][1251][info ][gc,heap     ] GC(331) Old regions: 2025->2040
[2025-10-15T14:58:12.696-0700][1251][info ][gc,heap     ] GC(331) Humongous regions: 20->0
[2025-10-15T14:58:12.696-0700][1251][info ][gc,metaspace] GC(331) Metaspace: 304099K(309504K)->304099K(309504K) NonClass: 268271K(271296K)->268271K(271296K) Class: 35828K(38208K)->35828K(38208K)
[2025-10-15T14:58:12.696-0700][1251][info ][gc          ] GC(331) Pause Young (Normal) (G1 Evacuation Pause) 139391M->70501M(184320M) 201.922ms
[2025-10-15T14:58:12.697-0700][1251][info ][gc,cpu      ] GC(331) User=18.20s Sys=0.16s Real=0.20s
[2025-10-15T14:58:12.699-0700][1251][info ][safepoint   ] Safepoint "G1CollectForAllocation", Time since last: 342143847 ns, Reaching safepoint: 1240451 ns, Cleanup: 12839 ns, At safepoint: 205719891 ns, Total: 206973181 ns
[2025-10-15T14:58:13.700-0700][1251][info ][safepoint   ] Safepoint "Cleanup", Time since last: 1000077454 ns, Reaching safepoint: 932786 ns, Cleanup: 15013 ns, At safepoint: 350859 ns, Total: 1298658 ns
[2025-10-15T14:58:14.704-0700][1251][info ][safepoint   ] Safepoint "Cleanup", Time since last: 1000082061 ns, Reaching safepoint: 3293137 ns, Cleanup: 38438 ns, At safepoint: 885025 ns, Total: 4216600 ns
[2025-10-15T14:58:15.707-0700][1251][info ][safepoint   ] Safepoint "Cleanup", Time since last: 1000622075 ns, Reaching safepoint: 1013058 ns, Cleanup: 68013 ns, At safepoint: 876592 ns, Total: 1957663 ns
[2025-10-15T14:58:16.215-0700][1251][info ][gc,start    ] GC(332) Pause Young (Normal) (G1 Evacuation Pause)
[2025-10-15T14:58:16.215-0700][1251][info ][gc,task     ] GC(332) Using 113 workers of 113 for evacuation
[2025-10-15T14:58:16.234-0700][1251][debug][gc,remset   ] GC(332) Visited cards 59598080 Total dirty 132710400 (44.91%) Total old 450691072 (13.22%)
[2025-10-15T14:58:16.420-0700][1251][info ][gc,mmu      ] GC(332) MMU target violated: 201.0ms (200.0ms/201.0ms)
[2025-10-15T14:58:16.420-0700][1251][info ][gc,phases   ] GC(332)   Pre Evacuate Collection Set: 0.8ms
[2025-10-15T14:58:16.420-0700][1251][info ][gc,phases   ] GC(332)   Merge Heap Roots: 18.4ms
[2025-10-15T14:58:16.420-0700][1251][info ][gc,phases   ] GC(332)   Evacuate Collection Set: 160.9ms
[2025-10-15T14:58:16.420-0700][1251][info ][gc,phases   ] GC(332)   Post Evacuate Collection Set: 25.1ms
[2025-10-15T14:58:16.420-0700][1251][info ][gc,phases   ] GC(332)   Other: 0.2ms
[2025-10-15T14:58:16.420-0700][1251][debug][gc,remset   ] GC(332) Coarsening (recent): Inline->AoC 561756 (317) AoC->Howl 2608 (1119) Howl->Full 0 (0) Inline->AoC 10060 (250) AoC->BitMap 1496 (512) BitMap->Full 0 (0)
[2025-10-15T14:58:16.420-0700][1251][debug][gc,remset   ] GC(332) Coarsening (all): Inline->AoC 129648183 (45917) AoC->Howl 516354 (113613) Howl->Full 0 (0) Inline->AoC 2226970 (33519) AoC->BitMap 432567 (95897) BitMap->Full 7 (0)
[2025-10-15T14:58:16.420-0700][1251][info ][gc,heap     ] GC(332) Eden regions: 2240->0(2822)
[2025-10-15T14:58:16.420-0700][1251][info ][gc,heap     ] GC(332) Survivor regions: 164->171(301)
[2025-10-15T14:58:16.420-0700][1251][info ][gc,heap     ] GC(332) Old regions: 2040->2040
[2025-10-15T14:58:16.420-0700][1251][info ][gc,heap     ] GC(332) Humongous regions: 29->0
[2025-10-15T14:58:16.420-0700][1251][info ][gc,metaspace] GC(332) Metaspace: 304140K(309504K)->304140K(309504K) NonClass: 268312K(271296K)->268312K(271296K) Class: 35828K(38208K)->35828K(38208K)
[2025-10-15T14:58:16.420-0700][1251][info ][gc          ] GC(332) Pause Young (Normal) (G1 Evacuation Pause) 143109M->70725M(184320M) 205.648ms
[2025-10-15T14:58:16.421-0700][1251][info ][gc,cpu      ] GC(332) User=17.12s Sys=0.21s Real=0.21s
[2025-10-15T14:58:16.423-0700][1251][info ][safepoint   ] Safepoint "G1CollectForAllocation", Time since last: 502801333 ns, Reaching safepoint: 3364715 ns, Cleanup: 44087 ns, At safepoint: 209313400 ns, Total: 212722202 ns
[2025-10-15T14:58:16.550-0700][1251][info ][gc,start    ] GC(333) Pause Young (Concurrent Start) (G1 Humongous Allocation)
[2025-10-15T14:58:16.550-0700][1251][info ][gc,task     ] GC(333) Using 113 workers of 113 for evacuation
[2025-10-15T14:58:16.573-0700][1251][debug][gc,remset   ] GC(333) Visited cards 59238912 Total dirty 132382720 (44.75%) Total old 172097536 (34.42%)
[2025-10-15T14:58:16.744-0700][1251][info ][gc,phases   ] GC(333)   Pre Evacuate Collection Set: 1.0ms
[2025-10-15T14:58:16.744-0700][1251][info ][gc,phases   ] GC(333)   Merge Heap Roots: 22.1ms
[2025-10-15T14:58:16.744-0700][1251][info ][gc,phases   ] GC(333)   Evacuate Collection Set: 148.4ms
[2025-10-15T14:58:16.744-0700][1251][info ][gc,phases   ] GC(333)   Post Evacuate Collection Set: 22.1ms
[2025-10-15T14:58:16.744-0700][1251][info ][gc,phases   ] GC(333)   Other: 0.1ms
[2025-10-15T14:58:16.744-0700][1251][debug][gc,remset   ] GC(333) Coarsening (recent): Inline->AoC 2725 (7) AoC->Howl 61 (12) Howl->Full 0 (0) Inline->AoC 331 (3) AoC->BitMap 5 (1) BitMap->Full 0 (0)
[2025-10-15T14:58:16.744-0700][1251][debug][gc,remset   ] GC(333) Coarsening (all): Inline->AoC 129650908 (45924) AoC->Howl 516415 (113625) Howl->Full 0 (0) Inline->AoC 2227301 (33522) AoC->BitMap 432572 (95898) BitMap->Full 7 (0)
[2025-10-15T14:58:16.744-0700][1251][info ][gc,heap     ] GC(333) Eden regions: 122->0(259)
[2025-10-15T14:58:16.744-0700][1251][info ][gc,heap     ] GC(333) Survivor regions: 171->172(408)
[2025-10-15T14:58:16.744-0700][1251][info ][gc,heap     ] GC(333) Old regions: 2040->2040
[2025-10-15T14:58:16.744-0700][1251][info ][gc,heap     ] GC(333) Humongous regions: 0->0
[2025-10-15T14:58:16.744-0700][1251][info ][gc,metaspace] GC(333) Metaspace: 304140K(309504K)->304140K(309504K) NonClass: 268312K(271296K)->268312K(271296K) Class: 35828K(38208K)->35828K(38208K)
[2025-10-15T14:58:16.744-0700][1251][info ][gc          ] GC(333) Pause Young (Concurrent Start) (G1 Humongous Allocation) 74629M->70741M(184320M) 193.933ms
[2025-10-15T14:58:16.744-0700][1134][info ][gc          ] GC(334) Concurrent Mark Cycle
[2025-10-15T14:58:16.744-0700][1134][info ][gc,marking  ] GC(334) Concurrent Scan Root Regions
[2025-10-15T14:58:16.746-0700][1251][info ][gc,cpu      ] GC(333) User=15.22s Sys=0.01s Real=0.19s
[2025-10-15T14:58:16.747-0700][1251][info ][safepoint   ] Safepoint "G1TryInitiateConcMark", Time since last: 114625380 ns, Reaching safepoint: 11702489 ns, Cleanup: 14472 ns, At safepoint: 197834678 ns, Total: 209551639 ns
[2025-10-15T14:58:16.843-0700][1134][info ][gc,marking  ] GC(334) Concurrent Scan Root Regions 98.964ms
[2025-10-15T14:58:16.843-0700][1134][info ][gc,marking  ] GC(334) Concurrent Mark
[2025-10-15T14:58:16.844-0700][1134][info ][gc,marking  ] GC(334) Concurrent Mark From Roots
[2025-10-15T14:58:16.844-0700][1134][info ][gc,task     ] GC(334) Using 36 workers of 36 for marking
[2025-10-15T14:58:17.752-0700][1251][info ][safepoint   ] Safepoint "Cleanup", Time since last: 1000159077 ns, Reaching safepoint: 3736726 ns, Cleanup: 37536 ns, At safepoint: 1352490 ns, Total: 5126752 ns
[2025-10-15T14:58:18.557-0700][1251][info ][gc,start    ] GC(335) Pause Young (Normal) (G1 Evacuation Pause)
[2025-10-15T14:58:18.557-0700][1251][info ][gc,task     ] GC(335) Using 113 workers of 113 for evacuation
[2025-10-15T14:58:18.575-0700][1251][debug][gc,remset   ] GC(335) Visited cards 61099520 Total dirty 132775936 (46.02%) Total old 309395456 (19.75%)
[2025-10-15T14:58:18.753-0700][1251][info ][gc,phases   ] GC(335)   Pre Evacuate Collection Set: 0.8ms
[2025-10-15T14:58:18.753-0700][1251][info ][gc,phases   ] GC(335)   Merge Heap Roots: 17.0ms
[2025-10-15T14:58:18.753-0700][1251][info ][gc,phases   ] GC(335)   Evacuate Collection Set: 162.4ms
[2025-10-15T14:58:18.753-0700][1251][info ][gc,phases   ] GC(335)   Post Evacuate Collection Set: 14.7ms
[2025-10-15T14:58:18.753-0700][1251][info ][gc,phases   ] GC(335)   Other: 0.2ms
[2025-10-15T14:58:18.753-0700][1251][debug][gc,remset   ] GC(335) Coarsening (recent): Inline->AoC 191238 (243) AoC->Howl 2649 (1200) Howl->Full 0 (0) Inline->AoC 9793 (292) AoC->BitMap 1756 (522) BitMap->Full 0 (0)
[2025-10-15T14:58:18.753-0700][1251][debug][gc,remset   ] GC(335) Coarsening (all): Inline->AoC 129842146 (46167) AoC->Howl 519064 (114825) Howl->Full 0 (0) Inline->AoC 2237094 (33814) AoC->BitMap 434328 (96420) BitMap->Full 7 (0)
[2025-10-15T14:58:18.753-0700][1251][info ][gc,heap     ] GC(335) Eden regions: 1157->0(1319)
[2025-10-15T14:58:18.753-0700][1251][info ][gc,heap     ] GC(335) Survivor regions: 172->98(167)
[2025-10-15T14:58:18.753-0700][1251][info ][gc,heap     ] GC(335) Old regions: 2040->2112
[2025-10-15T14:58:18.753-0700][1251][info ][gc,heap     ] GC(335) Humongous regions: 23->0
[2025-10-15T14:58:18.753-0700][1251][info ][gc,metaspace] GC(335) Metaspace: 304234K(309568K)->304234K(309568K) NonClass: 268405K(271360K)->268405K(271360K) Class: 35828K(38208K)->35828K(38208K)
[2025-10-15T14:58:18.753-0700][1251][info ][gc          ] GC(335) Pause Young (Normal) (G1 Evacuation Pause) 108501M->70706M(184320M) 195.364ms
[2025-10-15T14:58:18.754-0700][1251][info ][gc,cpu      ] GC(335) User=15.40s Sys=0.14s Real=0.20s
[2025-10-15T14:58:18.755-0700][1251][info ][safepoint   ] Safepoint "G1CollectForAllocation", Time since last: 798468384 ns, Reaching safepoint: 5489169 ns, Cleanup: 32279 ns, At safepoint: 198888617 ns, Total: 204410065 ns
[2025-10-15T14:58:19.726-0700][1134][info ][gc,marking  ] GC(334) Concurrent Mark From Roots 2882.872ms
[2025-10-15T14:58:19.726-0700][1134][info ][gc,marking  ] GC(334) Concurrent Preclean
[2025-10-15T14:58:19.737-0700][1134][info ][gc,marking  ] GC(334) Concurrent Preclean 10.910ms
[2025-10-15T14:58:19.739-0700][1251][info ][gc,start    ] GC(334) Pause Remark
[2025-10-15T14:58:19.892-0700][1251][info ][gc          ] GC(334) Pause Remark 90450M->90354M(184320M) 152.920ms
[2025-10-15T14:58:19.894-0700][1251][info ][gc,cpu      ] GC(334) User=13.17s Sys=0.16s Real=0.15s
[2025-10-15T14:58:19.906-0700][1251][info ][safepoint   ] Safepoint "G1PauseRemark", Time since last: 982533043 ns, Reaching safepoint: 856031 ns, Cleanup: 23265 ns, At safepoint: 168018489 ns, Total: 168897785 ns
[2025-10-15T14:58:19.910-0700][1134][info ][gc,marking  ] GC(334) Concurrent Mark 3066.768ms
[2025-10-15T14:58:19.910-0700][1134][info ][gc,marking  ] GC(334) Concurrent Rebuild Remembered Sets and Scrub Regions
[2025-10-15T14:58:20.912-0700][1251][info ][safepoint   ] Safepoint "Cleanup", Time since last: 1000119156 ns, Reaching safepoint: 4111511 ns, Cleanup: 27041 ns, At safepoint: 1569558 ns, Total: 5708110 ns
[2025-10-15T14:58:21.860-0700][1251][info ][gc,start    ] GC(336) Pause Young (Normal) (G1 Evacuation Pause)
[2025-10-15T14:58:21.860-0700][1251][info ][gc,task     ] GC(336) Using 113 workers of 113 for evacuation
[2025-10-15T14:58:21.877-0700][1251][debug][gc,remset   ] GC(336) Visited cards 45728512 Total dirty 136642560 (33.47%) Total old 388694016 (11.76%)
[2025-10-15T14:58:22.041-0700][1251][info ][gc,phases   ] GC(336)   Pre Evacuate Collection Set: 0.9ms
[2025-10-15T14:58:22.041-0700][1251][info ][gc,phases   ] GC(336)   Merge Heap Roots: 16.1ms
[2025-10-15T14:58:22.041-0700][1251][info ][gc,phases   ] GC(336)   Evacuate Collection Set: 135.5ms
[2025-10-15T14:58:22.041-0700][1251][info ][gc,phases   ] GC(336)   Post Evacuate Collection Set: 27.6ms
[2025-10-15T14:58:22.041-0700][1251][info ][gc,phases   ] GC(336)   Other: 0.3ms
[2025-10-15T14:58:22.041-0700][1251][debug][gc,remset   ] GC(336) Coarsening (recent): Inline->AoC 1007203 (247) AoC->Howl 30140 (283) Howl->Full 0 (0) Inline->AoC 160685 (68) AoC->BitMap 26467 (61) BitMap->Full 0 (0)
[2025-10-15T14:58:22.041-0700][1251][debug][gc,remset   ] GC(336) Coarsening (all): Inline->AoC 130849349 (46414) AoC->Howl 549204 (115108) Howl->Full 0 (0) Inline->AoC 2397779 (33882) AoC->BitMap 460795 (96481) BitMap->Full 7 (0)
[2025-10-15T14:58:22.041-0700][1251][info ][gc,heap     ] GC(336) Eden regions: 1804->0(955)
[2025-10-15T14:58:22.041-0700][1251][info ][gc,heap     ] GC(336) Survivor regions: 98->135(238)
[2025-10-15T14:58:22.041-0700][1251][info ][gc,heap     ] GC(336) Old regions: 2109->2109
[2025-10-15T14:58:22.041-0700][1251][info ][gc,heap     ] GC(336) Humongous regions: 18->0
[2025-10-15T14:58:22.041-0700][1251][info ][gc,metaspace] GC(336) Metaspace: 304086K(309568K)->304086K(309568K) NonClass: 268333K(271360K)->268333K(271360K) Class: 35752K(38208K)->35752K(38208K)
[2025-10-15T14:58:22.041-0700][1251][info ][gc          ] GC(336) Pause Young (Normal) (G1 Evacuation Pause) 128914M->71776M(184320M) 180.597ms
[2025-10-15T14:58:22.042-0700][1251][info ][gc,cpu      ] GC(336) User=15.02s Sys=0.24s Real=0.18s
[2025-10-15T14:58:22.043-0700][1251][info ][safepoint   ] Safepoint "G1CollectForAllocation", Time since last: 944806363 ns, Reaching safepoint: 1823971 ns, Cleanup: 6129 ns, At safepoint: 184555379 ns, Total: 186385479 ns
[2025-10-15T14:58:23.259-0700][1134][info ][gc,marking  ] GC(334) Concurrent Rebuild Remembered Sets and Scrub Regions 3348.371ms
[2025-10-15T14:58:23.262-0700][1251][info ][gc,start    ] GC(334) Pause Cleanup
[2025-10-15T14:58:23.266-0700][1251][info ][gc          ] GC(334) Pause Cleanup 94152M->94152M(184320M) 4.497ms
[2025-10-15T14:58:23.267-0700][1251][info ][gc,cpu      ] GC(334) User=0.02s Sys=0.00s Real=0.00s
[2025-10-15T14:58:23.269-0700][1251][info ][safepoint   ] Safepoint "G1PauseCleanup", Time since last: 1215437064 ns, Reaching safepoint: 1608896 ns, Cleanup: 5288 ns, At safepoint: 8140568 ns, Total: 9754752 ns
[2025-10-15T14:58:23.269-0700][1134][info ][gc,marking  ] GC(334) Concurrent Clear Claimed Marks
[2025-10-15T14:58:23.270-0700][1134][info ][gc,marking  ] GC(334) Concurrent Clear Claimed Marks 1.066ms
[2025-10-15T14:58:23.270-0700][1134][info ][gc,marking  ] GC(334) Concurrent Cleanup for Next Mark
[2025-10-15T14:58:23.309-0700][1134][info ][gc,marking  ] GC(334) Concurrent Cleanup for Next Mark 39.461ms
[2025-10-15T14:58:23.309-0700][1134][info ][gc          ] GC(334) Concurrent Mark Cycle 6564.814ms
[2025-10-15T14:58:23.790-0700][1251][info ][gc,start    ] GC(337) Pause Young (Prepare Mixed) (G1 Evacuation Pause)
[2025-10-15T14:58:23.790-0700][1251][info ][gc,task     ] GC(337) Using 113 workers of 113 for evacuation
[2025-10-15T14:58:23.807-0700][1251][debug][gc,remset   ] GC(337) Visited cards 47023872 Total dirty 136511488 (34.45%) Total old 298385408 (15.76%)
[2025-10-15T14:58:23.960-0700][1251][info ][gc,phases   ] GC(337)   Pre Evacuate Collection Set: 0.8ms
[2025-10-15T14:58:23.960-0700][1251][info ][gc,phases   ] GC(337)   Merge Heap Roots: 16.8ms
[2025-10-15T14:58:23.960-0700][1251][info ][gc,phases   ] GC(337)   Evacuate Collection Set: 135.5ms
[2025-10-15T14:58:23.960-0700][1251][info ][gc,phases   ] GC(337)   Post Evacuate Collection Set: 16.8ms
[2025-10-15T14:58:23.960-0700][1251][info ][gc,phases   ] GC(337)   Other: 0.1ms
[2025-10-15T14:58:23.960-0700][1251][debug][gc,remset   ] GC(337) Coarsening (recent): Inline->AoC 711675 (428) AoC->Howl 40388 (863) Howl->Full 0 (0) Inline->AoC 202268 (338) AoC->BitMap 36684 (321) BitMap->Full 1 (0)
[2025-10-15T14:58:23.960-0700][1251][debug][gc,remset   ] GC(337) Coarsening (all): Inline->AoC 131561024 (46842) AoC->Howl 589592 (115971) Howl->Full 0 (0) Inline->AoC 2600047 (34220) AoC->BitMap 497479 (96802) BitMap->Full 8 (0)
[2025-10-15T14:58:23.960-0700][1251][info ][gc,heap     ] GC(337) Eden regions: 1087->0(1755)
[2025-10-15T14:58:23.960-0700][1251][info ][gc,heap     ] GC(337) Survivor regions: 135->90(153)
[2025-10-15T14:58:23.960-0700][1251][info ][gc,heap     ] GC(337) Old regions: 2109->2155
[2025-10-15T14:58:23.960-0700][1251][info ][gc,heap     ] GC(337) Humongous regions: 0->0
[2025-10-15T14:58:23.960-0700][1251][info ][gc,metaspace] GC(337) Metaspace: 304086K(309568K)->304086K(309568K) NonClass: 268333K(271360K)->268333K(271360K) Class: 35752K(38208K)->35752K(38208K)
[2025-10-15T14:58:23.960-0700][1251][info ][gc          ] GC(337) Pause Young (Prepare Mixed) (G1 Evacuation Pause) 106560M->71791M(184320M) 170.198ms
[2025-10-15T14:58:23.961-0700][1251][info ][gc,cpu      ] GC(337) User=13.49s Sys=0.02s Real=0.17s
[2025-10-15T14:58:23.962-0700][1251][info ][safepoint   ] Safepoint "G1CollectForAllocation", Time since last: 513947104 ns, Reaching safepoint: 5860789 ns, Cleanup: 5518 ns, At safepoint: 173860660 ns, Total: 179726967 ns
[2025-10-15T14:58:24.973-0700][1251][info ][safepoint   ] Safepoint "Cleanup", Time since last: 1000095782 ns, Reaching safepoint: 9294518 ns, Cleanup: 15133 ns, At safepoint: 1048882 ns, Total: 10358533 ns
[2025-10-15T14:58:25.974-0700][1251][info ][safepoint   ] Safepoint "Cleanup", Time since last: 1000114640 ns, Reaching safepoint: 744232 ns, Cleanup: 12279 ns, At safepoint: 420904 ns, Total: 1177415 ns
[2025-10-15T14:58:27.232-0700][1251][info ][gc,start    ] GC(338) Pause Young (Mixed) (G1 Evacuation Pause)
[2025-10-15T14:58:27.232-0700][1251][info ][gc,task     ] GC(338) Using 113 workers of 113 for evacuation
[2025-10-15T14:58:27.250-0700][1251][debug][gc,remset   ] GC(338) Visited cards 56000256 Total dirty 134217728 (41.72%) Total old 415105024 (13.49%)
[2025-10-15T14:58:27.387-0700][1251][debug][gc,remset   ] GC(338) Visited cards 6367232 Total dirty 101318656 (6.28%) Total old 424345600 (1.50%)
[2025-10-15T14:58:27.418-0700][1251][info ][gc,phases   ] GC(338)   Pre Evacuate Collection Set: 0.9ms
[2025-10-15T14:58:27.418-0700][1251][info ][gc,phases   ] GC(338)   Merge Heap Roots: 16.3ms
[2025-10-15T14:58:27.418-0700][1251][info ][gc,phases   ] GC(338)   Evacuate Collection Set: 135.9ms
[2025-10-15T14:58:27.418-0700][1251][info ][gc,phases   ] GC(338)   Merge Optional Heap Roots: 1.4ms
[2025-10-15T14:58:27.418-0700][1251][info ][gc,phases   ] GC(338)   Evacuate Optional Collection Set: 6.9ms
[2025-10-15T14:58:27.418-0700][1251][info ][gc,phases   ] GC(338)   Post Evacuate Collection Set: 24.5ms
[2025-10-15T14:58:27.418-0700][1251][info ][gc,phases   ] GC(338)   Other: 0.2ms
[2025-10-15T14:58:27.418-0700][1251][debug][gc,remset   ] GC(338) Coarsening (recent): Inline->AoC 592955 (266) AoC->Howl 1064 (434) Howl->Full 0 (0) Inline->AoC 4149 (137) AoC->BitMap 375 (125) BitMap->Full 0 (0)
[2025-10-15T14:58:27.418-0700][1251][debug][gc,remset   ] GC(338) Coarsening (all): Inline->AoC 132153979 (47108) AoC->Howl 590656 (116405) Howl->Full 0 (0) Inline->AoC 2604196 (34357) AoC->BitMap 497854 (96927) BitMap->Full 8 (0)
[2025-10-15T14:58:27.418-0700][1251][info ][gc,heap     ] GC(338) Eden regions: 1952->0(575)
[2025-10-15T14:58:27.418-0700][1251][info ][gc,heap     ] GC(338) Survivor regions: 90->107(256)
[2025-10-15T14:58:27.418-0700][1251][info ][gc,heap     ] GC(338) Old regions: 2155->2082
[2025-10-15T14:58:27.418-0700][1251][info ][gc,heap     ] GC(338) Humongous regions: 2->0
[2025-10-15T14:58:27.418-0700][1251][info ][gc,metaspace] GC(338) Metaspace: 304088K(309568K)->304088K(309568K) NonClass: 268335K(271360K)->268335K(271360K) Class: 35752K(38208K)->35752K(38208K)
[2025-10-15T14:58:27.418-0700][1251][info ][gc          ] GC(338) Pause Young (Mixed) (G1 Evacuation Pause) 134319M->70028M(184320M) 186.285ms
[2025-10-15T14:58:27.420-0700][1251][info ][gc,cpu      ] GC(338) User=15.86s Sys=0.31s Real=0.19s
[2025-10-15T14:58:27.421-0700][1251][info ][safepoint   ] Safepoint "G1CollectForAllocation", Time since last: 1255327938 ns, Reaching safepoint: 1607494 ns, Cleanup: 5989 ns, At safepoint: 189945439 ns, Total: 191558922 ns
[2025-10-15T14:58:29.737-0700][1251][info ][gc,start    ] GC(339) Pause Young (Mixed) (G1 Evacuation Pause)
[2025-10-15T14:58:29.737-0700][1251][info ][gc,task     ] GC(339) Using 113 workers of 113 for evacuation
[2025-10-15T14:58:29.756-0700][1251][debug][gc,remset   ] GC(339) Visited cards 60467968 Total dirty 129433600 (46.72%) Total old 351600640 (17.20%)
[2025-10-15T14:58:29.957-0700][1251][info ][gc,mmu      ] GC(339) MMU target violated: 201.0ms (200.0ms/201.0ms)
[2025-10-15T14:58:29.957-0700][1251][info ][gc,phases   ] GC(339)   Pre Evacuate Collection Set: 1.0ms
[2025-10-15T14:58:29.957-0700][1251][info ][gc,phases   ] GC(339)   Merge Heap Roots: 17.1ms
[2025-10-15T14:58:29.957-0700][1251][info ][gc,phases   ] GC(339)   Evacuate Collection Set: 175.9ms
[2025-10-15T14:58:29.957-0700][1251][info ][gc,phases   ] GC(339)   Post Evacuate Collection Set: 25.4ms
[2025-10-15T14:58:29.957-0700][1251][info ][gc,phases   ] GC(339)   Other: 0.2ms
[2025-10-15T14:58:29.957-0700][1251][debug][gc,remset   ] GC(339) Coarsening (recent): Inline->AoC 440587 (409) AoC->Howl 1709 (570) Howl->Full 0 (0) Inline->AoC 5852 (215) AoC->BitMap 845 (241) BitMap->Full 0 (0)
[2025-10-15T14:58:29.957-0700][1251][debug][gc,remset   ] GC(339) Coarsening (all): Inline->AoC 132594566 (47517) AoC->Howl 592365 (116975) Howl->Full 0 (0) Inline->AoC 2610048 (34572) AoC->BitMap 498699 (97168) BitMap->Full 8 (0)
[2025-10-15T14:58:29.957-0700][1251][info ][gc,heap     ] GC(339) Eden regions: 1488->0(465)
[2025-10-15T14:58:29.957-0700][1251][info ][gc,heap     ] GC(339) Survivor regions: 107->131(200)
[2025-10-15T14:58:29.957-0700][1251][info ][gc,heap     ] GC(339) Old regions: 2082->2031
[2025-10-15T14:58:29.957-0700][1251][info ][gc,heap     ] GC(339) Humongous regions: 0->0
[2025-10-15T14:58:29.957-0700][1251][info ][gc,metaspace] GC(339) Metaspace: 304088K(309568K)->304088K(309568K) NonClass: 268335K(271360K)->268335K(271360K) Class: 35752K(38208K)->35752K(38208K)
[2025-10-15T14:58:29.957-0700][1251][info ][gc          ] GC(339) Pause Young (Mixed) (G1 Evacuation Pause) 117644M->69184M(184320M) 219.718ms
[2025-10-15T14:58:29.958-0700][1251][info ][gc,cpu      ] GC(339) User=18.41s Sys=0.15s Real=0.22s
[2025-10-15T14:58:29.959-0700][1251][info ][safepoint   ] Safepoint "G1CollectForAllocation", Time since last: 2311649209 ns, Reaching safepoint: 3448842 ns, Cleanup: 6399 ns, At safepoint: 223194636 ns, Total: 226649877 ns
[2025-10-15T14:58:31.652-0700][1251][info ][gc,start    ] GC(340) Pause Young (Mixed) (G1 Evacuation Pause)
[2025-10-15T14:58:31.652-0700][1251][info ][gc,task     ] GC(340) Using 113 workers of 113 for evacuation
[2025-10-15T14:58:31.668-0700][1251][debug][gc,remset   ] GC(340) Visited cards 60796672 Total dirty 126025728 (48.24%) Total old 297795584 (20.42%)
[2025-10-15T14:58:31.871-0700][1251][info ][gc,mmu      ] GC(340) MMU target violated: 201.0ms (200.0ms/201.0ms)
[2025-10-15T14:58:31.871-0700][1251][info ][gc,phases   ] GC(340)   Pre Evacuate Collection Set: 0.8ms
[2025-10-15T14:58:31.871-0700][1251][info ][gc,phases   ] GC(340)   Merge Heap Roots: 15.9ms
[2025-10-15T14:58:31.871-0700][1251][info ][gc,phases   ] GC(340)   Evacuate Collection Set: 178.5ms
[2025-10-15T14:58:31.871-0700][1251][info ][gc,phases   ] GC(340)   Post Evacuate Collection Set: 24.2ms
[2025-10-15T14:58:31.871-0700][1251][info ][gc,phases   ] GC(340)   Other: 0.2ms
[2025-10-15T14:58:31.871-0700][1251][debug][gc,remset   ] GC(340) Coarsening (recent): Inline->AoC 375024 (421) AoC->Howl 2291 (881) Howl->Full 0 (0) Inline->AoC 7538 (366) AoC->BitMap 1373 (467) BitMap->Full 0 (0)
[2025-10-15T14:58:31.871-0700][1251][debug][gc,remset   ] GC(340) Coarsening (all): Inline->AoC 132969590 (47938) AoC->Howl 594656 (117856) Howl->Full 0 (0) Inline->AoC 2617586 (34938) AoC->BitMap 500072 (97635) BitMap->Full 8 (0)
[2025-10-15T14:58:31.871-0700][1251][info ][gc,heap     ] GC(340) Eden regions: 1079->0(539)
[2025-10-15T14:58:31.871-0700][1251][info ][gc,heap     ] GC(340) Survivor regions: 131->99(152)
[2025-10-15T14:58:31.871-0700][1251][info ][gc,heap     ] GC(340) Old regions: 2031->2031
[2025-10-15T14:58:31.871-0700][1251][info ][gc,heap     ] GC(340) Humongous regions: 0->0
[2025-10-15T14:58:31.871-0700][1251][info ][gc,metaspace] GC(340) Metaspace: 304088K(309568K)->304088K(309568K) NonClass: 268335K(271360K)->268335K(271360K) Class: 35752K(38208K)->35752K(38208K)
[2025-10-15T14:58:31.871-0700][1251][info ][gc          ] GC(340) Pause Young (Mixed) (G1 Evacuation Pause) 103712M->68106M(184320M) 219.797ms
[2025-10-15T14:58:31.873-0700][1251][info ][gc,cpu      ] GC(340) User=19.06s Sys=0.06s Real=0.22s
[2025-10-15T14:58:31.874-0700][1251][info ][safepoint   ] Safepoint "G1CollectForAllocation", Time since last: 1684950642 ns, Reaching safepoint: 6067721 ns, Cleanup: 17366 ns, At safepoint: 223518435 ns, Total: 229603522 ns
[2025-10-15T14:58:34.199-0700][1251][info ][gc,start    ] GC(341) Pause Young (Mixed) (G1 Evacuation Pause)
[2025-10-15T14:58:34.199-0700][1251][info ][gc,task     ] GC(341) Using 113 workers of 113 for evacuation
[2025-10-15T14:58:34.216-0700][1251][debug][gc,remset   ] GC(341) Visited cards 61640704 Total dirty 126025728 (48.91%) Total old 320471040 (19.23%)
[2025-10-15T14:58:34.408-0700][1251][info ][gc,mmu      ] GC(341) MMU target violated: 201.0ms (200.0ms/201.0ms)
[2025-10-15T14:58:34.408-0700][1251][info ][gc,phases   ] GC(341)   Pre Evacuate Collection Set: 0.9ms
[2025-10-15T14:58:34.408-0700][1251][info ][gc,phases   ] GC(341)   Merge Heap Roots: 15.7ms
[2025-10-15T14:58:34.408-0700][1251][info ][gc,phases   ] GC(341)   Evacuate Collection Set: 168.2ms
[2025-10-15T14:58:34.408-0700][1251][info ][gc,phases   ] GC(341)   Post Evacuate Collection Set: 23.2ms
[2025-10-15T14:58:34.408-0700][1251][info ][gc,phases   ] GC(341)   Other: 0.2ms
[2025-10-15T14:58:34.408-0700][1251][debug][gc,remset   ] GC(341) Coarsening (recent): Inline->AoC 443311 (479) AoC->Howl 1693 (584) Howl->Full 0 (0) Inline->AoC 5476 (235) AoC->BitMap 999 (334) BitMap->Full 0 (0)
[2025-10-15T14:58:34.408-0700][1251][debug][gc,remset   ] GC(341) Coarsening (all): Inline->AoC 133412901 (48417) AoC->Howl 596349 (118440) Howl->Full 0 (0) Inline->AoC 2623062 (35173) AoC->BitMap 501071 (97969) BitMap->Full 8 (0)
[2025-10-15T14:58:34.408-0700][1251][info ][gc,heap     ] GC(341) Eden regions: 1284->0(514)
[2025-10-15T14:58:34.408-0700][1251][info ][gc,heap     ] GC(341) Survivor regions: 99->103(173)
[2025-10-15T14:58:34.408-0700][1251][info ][gc,heap     ] GC(341) Old regions: 2031->2008
[2025-10-15T14:58:34.408-0700][1251][info ][gc,heap     ] GC(341) Humongous regions: 0->0
[2025-10-15T14:58:34.408-0700][1251][info ][gc,metaspace] GC(341) Metaspace: 304102K(309568K)->304102K(309568K) NonClass: 268349K(271360K)->268349K(271360K) Class: 35752K(38208K)->35752K(38208K)
[2025-10-15T14:58:34.408-0700][1251][info ][gc          ] GC(341) Pause Young (Mixed) (G1 Evacuation Pause) 109194M->67501M(184320M) 208.316ms
[2025-10-15T14:58:34.409-0700][1251][info ][gc,cpu      ] GC(341) User=18.27s Sys=0.27s Real=0.21s
[2025-10-15T14:58:34.410-0700][1251][info ][safepoint   ] Safepoint "G1CollectForAllocation", Time since last: 2322134663 ns, Reaching safepoint: 2276804 ns, Cleanup: 5088 ns, At safepoint: 211826801 ns, Total: 214108693 ns
[2025-10-15T14:58:35.411-0700][1251][info ][safepoint   ] Safepoint "Cleanup", Time since last: 1000080879 ns, Reaching safepoint: 830492 ns, Cleanup: 9885 ns, At safepoint: 281575 ns, Total: 1121952 ns
[2025-10-15T14:58:36.834-0700][1251][info ][gc,start    ] GC(342) Pause Young (Mixed) (G1 Evacuation Pause)
[2025-10-15T14:58:36.834-0700][1251][info ][gc,task     ] GC(342) Using 113 workers of 113 for evacuation
[2025-10-15T14:58:36.851-0700][1251][debug][gc,remset   ] GC(342) Visited cards 60884736 Total dirty 124583936 (48.87%) Total old 320536576 (18.99%)
[2025-10-15T14:58:37.032-0700][1251][info ][gc,phases   ] GC(342)   Pre Evacuate Collection Set: 0.7ms
[2025-10-15T14:58:37.032-0700][1251][info ][gc,phases   ] GC(342)   Merge Heap Roots: 16.0ms
[2025-10-15T14:58:37.032-0700][1251][info ][gc,phases   ] GC(342)   Evacuate Collection Set: 159.9ms
[2025-10-15T14:58:37.032-0700][1251][info ][gc,phases   ] GC(342)   Post Evacuate Collection Set: 21.2ms
[2025-10-15T14:58:37.032-0700][1251][info ][gc,phases   ] GC(342)   Other: 0.1ms
[2025-10-15T14:58:37.032-0700][1251][debug][gc,remset   ] GC(342) Coarsening (recent): Inline->AoC 416449 (390) AoC->Howl 1312 (431) Howl->Full 0 (0) Inline->AoC 4626 (143) AoC->BitMap 629 (189) BitMap->Full 0 (0)
[2025-10-15T14:58:37.032-0700][1251][debug][gc,remset   ] GC(342) Coarsening (all): Inline->AoC 133829350 (48807) AoC->Howl 597661 (118871) Howl->Full 0 (0) Inline->AoC 2627688 (35316) AoC->BitMap 501700 (98158) BitMap->Full 8 (0)
[2025-10-15T14:58:37.032-0700][1251][info ][gc,heap     ] GC(342) Eden regions: 1292->0(757)
[2025-10-15T14:58:37.032-0700][1251][info ][gc,heap     ] GC(342) Survivor regions: 103->86(175)
[2025-10-15T14:58:37.032-0700][1251][info ][gc,heap     ] GC(342) Old regions: 2008->1985
[2025-10-15T14:58:37.032-0700][1251][info ][gc,heap     ] GC(342) Humongous regions: 0->0
[2025-10-15T14:58:37.032-0700][1251][info ][gc,metaspace] GC(342) Metaspace: 304103K(309568K)->304103K(309568K) NonClass: 268350K(271360K)->268350K(271360K) Class: 35752K(38208K)->35752K(38208K)
[2025-10-15T14:58:37.032-0700][1251][info ][gc          ] GC(342) Pause Young (Mixed) (G1 Evacuation Pause) 108845M->66254M(184320M) 198.180ms
[2025-10-15T14:58:37.034-0700][1251][info ][gc,cpu      ] GC(342) User=16.73s Sys=0.21s Real=0.20s
[2025-10-15T14:58:37.035-0700][1251][info ][safepoint   ] Safepoint "G1CollectForAllocation", Time since last: 1411610165 ns, Reaching safepoint: 10251671 ns, Cleanup: 4948 ns, At safepoint: 201570752 ns, Total: 211827371 ns
[2025-10-15T14:58:39.722-0700][1251][info ][gc,start    ] GC(343) Pause Young (Mixed) (G1 Evacuation Pause)
[2025-10-15T14:58:39.722-0700][1251][info ][gc,task     ] GC(343) Using 113 workers of 113 for evacuation
[2025-10-15T14:58:39.741-0700][1251][debug][gc,remset   ] GC(343) Visited cards 61481728 Total dirty 123666432 (49.72%) Total old 347340800 (17.70%)
[2025-10-15T14:58:39.937-0700][1251][info ][gc,mmu      ] GC(343) MMU target violated: 201.0ms (200.0ms/201.0ms)
[2025-10-15T14:58:39.937-0700][1251][info ][gc,phases   ] GC(343)   Pre Evacuate Collection Set: 0.8ms
[2025-10-15T14:58:39.937-0700][1251][info ][gc,phases   ] GC(343)   Merge Heap Roots: 17.8ms
[2025-10-15T14:58:39.937-0700][1251][info ][gc,phases   ] GC(343)   Evacuate Collection Set: 174.3ms
[2025-10-15T14:58:39.937-0700][1251][info ][gc,phases   ] GC(343)   Post Evacuate Collection Set: 21.4ms
[2025-10-15T14:58:39.937-0700][1251][info ][gc,phases   ] GC(343)   Other: 0.2ms
[2025-10-15T14:58:39.937-0700][1251][debug][gc,remset   ] GC(343) Coarsening (recent): Inline->AoC 517731 (325) AoC->Howl 1260 (420) Howl->Full 0 (0) Inline->AoC 4530 (167) AoC->BitMap 621 (192) BitMap->Full 0 (0)
[2025-10-15T14:58:39.937-0700][1251][debug][gc,remset   ] GC(343) Coarsening (all): Inline->AoC 134347081 (49132) AoC->Howl 598921 (119291) Howl->Full 0 (0) Inline->AoC 2632218 (35483) AoC->BitMap 502321 (98350) BitMap->Full 8 (0)
[2025-10-15T14:58:39.937-0700][1251][info ][gc,heap     ] GC(343) Eden regions: 1525->0(564)
[2025-10-15T14:58:39.937-0700][1251][info ][gc,heap     ] GC(343) Survivor regions: 86->110(202)
[2025-10-15T14:58:39.937-0700][1251][info ][gc,heap     ] GC(343) Old regions: 1985->1951
[2025-10-15T14:58:39.937-0700][1251][info ][gc,heap     ] GC(343) Humongous regions: 0->0
[2025-10-15T14:58:39.937-0700][1251][info ][gc,metaspace] GC(343) Metaspace: 304103K(309568K)->304103K(309568K) NonClass: 268350K(271360K)->268350K(271360K) Class: 35752K(38208K)->35752K(38208K)
[2025-10-15T14:58:39.937-0700][1251][info ][gc          ] GC(343) Pause Young (Mixed) (G1 Evacuation Pause) 115054M->65938M(184320M) 214.669ms
[2025-10-15T14:58:39.938-0700][1251][info ][gc,cpu      ] GC(343) User=17.99s Sys=0.23s Real=0.21s
[2025-10-15T14:58:39.939-0700][1251][info ][safepoint   ] Safepoint "G1CollectForAllocation", Time since last: 2684252596 ns, Reaching safepoint: 2109181 ns, Cleanup: 5709 ns, At safepoint: 218263348 ns, Total: 220378238 ns
[2025-10-15T14:58:42.549-0700][1251][info ][gc,start    ] GC(344) Pause Young (Mixed) (G1 Evacuation Pause)
[2025-10-15T14:58:42.549-0700][1251][info ][gc,task     ] GC(344) Using 113 workers of 113 for evacuation
[2025-10-15T14:58:42.565-0700][1251][debug][gc,remset   ] GC(344) Visited cards 62851328 Total dirty 121241600 (51.84%) Total old 348389376 (18.04%)
[2025-10-15T14:58:42.805-0700][1251][info ][gc,mmu      ] GC(344) MMU target violated: 201.0ms (200.0ms/201.0ms)
[2025-10-15T14:58:42.805-0700][1251][info ][gc,phases   ] GC(344)   Pre Evacuate Collection Set: 0.8ms
[2025-10-15T14:58:42.805-0700][1251][info ][gc,phases   ] GC(344)   Merge Heap Roots: 15.6ms
[2025-10-15T14:58:42.805-0700][1251][info ][gc,phases   ] GC(344)   Evacuate Collection Set: 218.4ms
[2025-10-15T14:58:42.805-0700][1251][info ][gc,phases   ] GC(344)   Post Evacuate Collection Set: 21.4ms
[2025-10-15T14:58:42.805-0700][1251][info ][gc,phases   ] GC(344)   Other: 0.2ms
[2025-10-15T14:58:42.805-0700][1251][debug][gc,remset   ] GC(344) Coarsening (recent): Inline->AoC 569185 (294) AoC->Howl 1269 (378) Howl->Full 0 (0) Inline->AoC 4863 (143) AoC->BitMap 509 (147) BitMap->Full 0 (0)
[2025-10-15T14:58:42.805-0700][1251][debug][gc,remset   ] GC(344) Coarsening (all): Inline->AoC 134916266 (49426) AoC->Howl 600190 (119669) Howl->Full 0 (0) Inline->AoC 2637081 (35626) AoC->BitMap 502830 (98497) BitMap->Full 8 (0)
[2025-10-15T14:58:42.805-0700][1251][info ][gc,heap     ] GC(344) Eden regions: 1526->0(481)
[2025-10-15T14:58:42.805-0700][1251][info ][gc,heap     ] GC(344) Survivor regions: 110->143(205)
[2025-10-15T14:58:42.805-0700][1251][info ][gc,heap     ] GC(344) Old regions: 1951->1917
[2025-10-15T14:58:42.805-0700][1251][info ][gc,heap     ] GC(344) Humongous regions: 0->0
[2025-10-15T14:58:42.805-0700][1251][info ][gc,metaspace] GC(344) Metaspace: 304103K(309568K)->304103K(309568K) NonClass: 268350K(271360K)->268350K(271360K) Class: 35752K(38208K)->35752K(38208K)
[2025-10-15T14:58:42.805-0700][1251][info ][gc          ] GC(344) Pause Young (Mixed) (G1 Evacuation Pause) 114770M->65893M(184320M) 256.502ms
[2025-10-15T14:58:42.807-0700][1251][info ][gc,cpu      ] GC(344) User=19.91s Sys=0.12s Real=0.25s
[2025-10-15T14:58:42.808-0700][1251][info ][safepoint   ] Safepoint "G1CollectForAllocation", Time since last: 2607354998 ns, Reaching safepoint: 1058717 ns, Cleanup: 5548 ns, At safepoint: 260146428 ns, Total: 261210693 ns
[2025-10-15T14:58:45.394-0700][1251][info ][gc,start    ] GC(345) Pause Young (Mixed) (G1 Evacuation Pause)
[2025-10-15T14:58:45.394-0700][1251][info ][gc,task     ] GC(345) Using 113 workers of 113 for evacuation
[2025-10-15T14:58:45.410-0700][1251][debug][gc,remset   ] GC(345) Visited cards 61065984 Total dirty 120127488 (50.83%) Total old 328859648 (18.57%)
[2025-10-15T14:58:45.597-0700][1251][info ][gc,mmu      ] GC(345) MMU target violated: 201.0ms (200.0ms/201.0ms)
[2025-10-15T14:58:45.597-0700][1251][info ][gc,phases   ] GC(345)   Pre Evacuate Collection Set: 0.7ms
[2025-10-15T14:58:45.597-0700][1251][info ][gc,phases   ] GC(345)   Merge Heap Roots: 15.2ms
[2025-10-15T14:58:45.597-0700][1251][info ][gc,phases   ] GC(345)   Evacuate Collection Set: 173.4ms
[2025-10-15T14:58:45.597-0700][1251][info ][gc,phases   ] GC(345)   Post Evacuate Collection Set: 14.3ms
[2025-10-15T14:58:45.597-0700][1251][info ][gc,phases   ] GC(345)   Other: 0.2ms
[2025-10-15T14:58:45.597-0700][1251][debug][gc,remset   ] GC(345) Coarsening (recent): Inline->AoC 461720 (346) AoC->Howl 1670 (646) Howl->Full 0 (0) Inline->AoC 5943 (230) AoC->BitMap 934 (347) BitMap->Full 0 (0)
[2025-10-15T14:58:45.597-0700][1251][debug][gc,remset   ] GC(345) Coarsening (all): Inline->AoC 135377986 (49772) AoC->Howl 601860 (120315) Howl->Full 0 (0) Inline->AoC 2643024 (35856) AoC->BitMap 503764 (98844) BitMap->Full 8 (0)
[2025-10-15T14:58:45.597-0700][1251][info ][gc,heap     ] GC(345) Eden regions: 1367->0(3349)
[2025-10-15T14:58:45.598-0700][1251][info ][gc,heap     ] GC(345) Survivor regions: 143->91(189)
[2025-10-15T14:58:45.598-0700][1251][info ][gc,heap     ] GC(345) Old regions: 1917->1941
[2025-10-15T14:58:45.598-0700][1251][info ][gc,heap     ] GC(345) Humongous regions: 0->0
[2025-10-15T14:58:45.598-0700][1251][info ][gc,metaspace] GC(345) Metaspace: 304103K(309568K)->304103K(309568K) NonClass: 268350K(271360K)->268350K(271360K) Class: 35752K(38208K)->35752K(38208K)
[2025-10-15T14:58:45.598-0700][1251][info ][gc          ] GC(345) Pause Young (Mixed) (G1 Evacuation Pause) 109637M->64990M(184320M) 203.904ms
[2025-10-15T14:58:45.599-0700][1251][info ][gc,cpu      ] GC(345) User=17.57s Sys=0.12s Real=0.21s
[2025-10-15T14:58:45.600-0700][1251][info ][safepoint   ] Safepoint "G1CollectForAllocation", Time since last: 2574716251 ns, Reaching safepoint: 9945269 ns, Cleanup: 11498 ns, At safepoint: 207263628 ns, Total: 217220395 ns
[2025-10-15T14:58:49.601-0700][1251][info ][safepoint   ] Safepoint "Cleanup", Time since last: 4000269415 ns, Reaching safepoint: 1125988 ns, Cleanup: 10746 ns, At safepoint: 346483 ns, Total: 1483217 ns
[2025-10-15T14:58:50.335-0700][1251][info ][gc,start    ] GC(346) Pause Young (Normal) (G1 Evacuation Pause)
[2025-10-15T14:58:50.335-0700][1251][info ][gc,task     ] GC(346) Using 113 workers of 113 for evacuation
[2025-10-15T14:58:50.356-0700][1251][debug][gc,remset   ] GC(346) Visited cards 38694656 Total dirty 125632512 (30.80%) Total old 490799104 (7.88%)
[2025-10-15T14:58:50.514-0700][1251][info ][gc,phases   ] GC(346)   Pre Evacuate Collection Set: 0.9ms
[2025-10-15T14:58:50.514-0700][1251][info ][gc,phases   ] GC(346)   Merge Heap Roots: 20.2ms
[2025-10-15T14:58:50.514-0700][1251][info ][gc,phases   ] GC(346)   Evacuate Collection Set: 139.5ms
[2025-10-15T14:58:50.514-0700][1251][info ][gc,phases   ] GC(346)   Post Evacuate Collection Set: 18.3ms
[2025-10-15T14:58:50.514-0700][1251][info ][gc,phases   ] GC(346)   Other: 0.2ms
[2025-10-15T14:58:50.514-0700][1251][debug][gc,remset   ] GC(346) Coarsening (recent): Inline->AoC 722461 (244) AoC->Howl 1079 (429) Howl->Full 0 (0) Inline->AoC 4262 (89) AoC->BitMap 466 (139) BitMap->Full 0 (0)
[2025-10-15T14:58:50.514-0700][1251][debug][gc,remset   ] GC(346) Coarsening (all): Inline->AoC 136100447 (50016) AoC->Howl 602939 (120744) Howl->Full 0 (0) Inline->AoC 2647286 (35945) AoC->BitMap 504230 (98983) BitMap->Full 8 (0)
[2025-10-15T14:58:50.514-0700][1251][info ][gc,heap     ] GC(346) Eden regions: 2683->0(3056)
[2025-10-15T14:58:50.514-0700][1251][info ][gc,heap     ] GC(346) Survivor regions: 91->130(347)
[2025-10-15T14:58:50.514-0700][1251][info ][gc,heap     ] GC(346) Old regions: 1941->1941
[2025-10-15T14:58:50.514-0700][1251][info ][gc,heap     ] GC(346) Humongous regions: 0->0
[2025-10-15T14:58:50.514-0700][1251][info ][gc,metaspace] GC(346) Metaspace: 304103K(309568K)->304103K(309568K) NonClass: 268350K(271360K)->268350K(271360K) Class: 35752K(38208K)->35752K(38208K)
[2025-10-15T14:58:50.514-0700][1251][info ][gc          ] GC(346) Pause Young (Normal) (G1 Evacuation Pause) 150846M->66236M(184320M) 179.261ms
[2025-10-15T14:58:50.515-0700][1251][info ][gc,cpu      ] GC(346) User=14.51s Sys=0.22s Real=0.18s
[2025-10-15T14:58:50.516-0700][1251][info ][safepoint   ] Safepoint "G1CollectForAllocation", Time since last: 729815350 ns, Reaching safepoint: 2420110 ns, Cleanup: 13230 ns, At safepoint: 182685479 ns, Total: 185118819 ns
[2025-10-15T14:58:51.518-0700][1251][info ][safepoint   ] Safepoint "Cleanup", Time since last: 1000089682 ns, Reaching safepoint: 1065747 ns, Cleanup: 12409 ns, At safepoint: 475808 ns, Total: 1553964 ns
[2025-10-15T14:58:53.180-0700][1251][info ][gc,start    ] GC(347) Pause Young (Concurrent Start) (G1 Humongous Allocation)
[2025-10-15T14:58:53.180-0700][1251][info ][gc,task     ] GC(347) Using 113 workers of 113 for evacuation
[2025-10-15T14:58:53.199-0700][1251][debug][gc,remset   ] GC(347) Visited cards 39489536 Total dirty 125763584 (31.40%) Total old 364052480 (10.85%)
[2025-10-15T14:58:53.353-0700][1251][info ][gc,phases   ] GC(347)   Pre Evacuate Collection Set: 1.0ms
[2025-10-15T14:58:53.353-0700][1251][info ][gc,phases   ] GC(347)   Merge Heap Roots: 17.7ms
[2025-10-15T14:58:53.353-0700][1251][info ][gc,phases   ] GC(347)   Evacuate Collection Set: 136.1ms
[2025-10-15T14:58:53.353-0700][1251][info ][gc,phases   ] GC(347)   Post Evacuate Collection Set: 17.8ms
[2025-10-15T14:58:53.353-0700][1251][info ][gc,phases   ] GC(347)   Other: 0.2ms
[2025-10-15T14:58:53.353-0700][1251][debug][gc,remset   ] GC(347) Coarsening (recent): Inline->AoC 331977 (206) AoC->Howl 1142 (337) Howl->Full 0 (0) Inline->AoC 4879 (104) AoC->BitMap 380 (99) BitMap->Full 0 (0)
[2025-10-15T14:58:53.353-0700][1251][debug][gc,remset   ] GC(347) Coarsening (all): Inline->AoC 136432424 (50222) AoC->Howl 604081 (121081) Howl->Full 0 (0) Inline->AoC 2652165 (36049) AoC->BitMap 504610 (99082) BitMap->Full 8 (0)
[2025-10-15T14:58:53.353-0700][1251][info ][gc,heap     ] GC(347) Eden regions: 1677->0(3245)
[2025-10-15T14:58:53.353-0700][1251][info ][gc,heap     ] GC(347) Survivor regions: 130->143(426)
[2025-10-15T14:58:53.353-0700][1251][info ][gc,heap     ] GC(347) Old regions: 1941->1941
[2025-10-15T14:58:53.353-0700][1251][info ][gc,heap     ] GC(347) Humongous regions: 0->0
[2025-10-15T14:58:53.353-0700][1251][info ][gc,metaspace] GC(347) Metaspace: 304107K(309568K)->304107K(309568K) NonClass: 268354K(271360K)->268354K(271360K) Class: 35752K(38208K)->35752K(38208K)
[2025-10-15T14:58:53.353-0700][1251][info ][gc          ] GC(347) Pause Young (Concurrent Start) (G1 Humongous Allocation) 119900M->66639M(184320M) 172.943ms
[2025-10-15T14:58:53.353-0700][1134][info ][gc          ] GC(348) Concurrent Mark Cycle
[2025-10-15T14:58:53.353-0700][1134][info ][gc,marking  ] GC(348) Concurrent Scan Root Regions
[2025-10-15T14:58:53.354-0700][1251][info ][gc,cpu      ] GC(347) User=14.45s Sys=0.28s Real=0.17s
[2025-10-15T14:58:53.356-0700][1251][info ][safepoint   ] Safepoint "G1TryInitiateConcMark", Time since last: 1659255327 ns, Reaching safepoint: 1277076 ns, Cleanup: 17035 ns, At safepoint: 177250052 ns, Total: 178544163 ns
[2025-10-15T14:58:53.405-0700][1134][info ][gc,marking  ] GC(348) Concurrent Scan Root Regions 51.661ms
[2025-10-15T14:58:53.405-0700][1134][info ][gc,marking  ] GC(348) Concurrent Mark
[2025-10-15T14:58:53.405-0700][1134][info ][gc,marking  ] GC(348) Concurrent Mark From Roots
[2025-10-15T14:58:53.405-0700][1134][info ][gc,task     ] GC(348) Using 36 workers of 36 for marking
[2025-10-15T14:58:54.358-0700][1251][info ][safepoint   ] Safepoint "Cleanup", Time since last: 1000086998 ns, Reaching safepoint: 961240 ns, Cleanup: 19870 ns, At safepoint: 704312 ns, Total: 1685422 ns
[2025-10-15T14:58:55.360-0700][1251][info ][safepoint   ] Safepoint "Cleanup", Time since last: 1000128971 ns, Reaching safepoint: 1323477 ns, Cleanup: 10676 ns, At safepoint: 455296 ns, Total: 1789449 ns
[2025-10-15T14:58:55.450-0700][1134][info ][gc,marking  ] GC(348) Concurrent Mark From Roots 2044.785ms
[2025-10-15T14:58:55.450-0700][1134][info ][gc,marking  ] GC(348) Concurrent Preclean
[2025-10-15T14:58:55.479-0700][1134][info ][gc,marking  ] GC(348) Concurrent Preclean 29.620ms
[2025-10-15T14:58:55.483-0700][1251][info ][gc,start    ] GC(348) Pause Remark
[2025-10-15T14:58:56.240-0700][1251][info ][gc,mmu      ] GC(348) MMU target violated: 201.0ms (200.0ms/201.0ms)
[2025-10-15T14:58:56.240-0700][1251][info ][gc          ] GC(348) Pause Remark 101903M->101900M(184320M) 756.408ms
[2025-10-15T14:58:56.241-0700][1251][info ][gc,cpu      ] GC(348) User=2.09s Sys=0.72s Real=0.76s
[2025-10-15T14:58:56.243-0700][1251][info ][safepoint   ] Safepoint "G1PauseRemark", Time since last: 120081159 ns, Reaching safepoint: 2276153 ns, Cleanup: 6199 ns, At safepoint: 760964370 ns, Total: 763246722 ns
[2025-10-15T14:58:56.249-0700][1134][info ][gc,marking  ] GC(348) Concurrent Mark 2844.144ms
[2025-10-15T14:58:56.249-0700][1134][info ][gc,marking  ] GC(348) Concurrent Rebuild Remembered Sets and Scrub Regions
[2025-10-15T14:58:58.397-0700][1134][info ][gc,marking  ] GC(348) Concurrent Rebuild Remembered Sets and Scrub Regions 2148.028ms
[2025-10-15T14:58:58.399-0700][1251][info ][gc,start    ] GC(348) Pause Cleanup
[2025-10-15T14:58:58.403-0700][1251][info ][gc          ] GC(348) Pause Cleanup 136164M->136164M(184320M) 4.042ms
[2025-10-15T14:58:58.404-0700][1251][info ][gc,cpu      ] GC(348) User=0.02s Sys=0.00s Real=0.00s
[2025-10-15T14:58:58.406-0700][1251][info ][safepoint   ] Safepoint "G1PauseCleanup", Time since last: 2154307373 ns, Reaching safepoint: 882912 ns, Cleanup: 206651 ns, At safepoint: 7286210 ns, Total: 8375773 ns
[2025-10-15T14:58:58.406-0700][1134][info ][gc,marking  ] GC(348) Concurrent Clear Claimed Marks
[2025-10-15T14:58:58.406-0700][1134][info ][gc,marking  ] GC(348) Concurrent Clear Claimed Marks 0.767ms
[2025-10-15T14:58:58.406-0700][1134][info ][gc,marking  ] GC(348) Concurrent Cleanup for Next Mark
[2025-10-15T14:58:58.439-0700][1134][info ][gc,marking  ] GC(348) Concurrent Cleanup for Next Mark 32.998ms
[2025-10-15T14:58:58.440-0700][1134][info ][gc          ] GC(348) Concurrent Mark Cycle 5086.357ms
[2025-10-15T14:58:59.615-0700][1251][info ][gc,start    ] GC(349) Pause Young (Prepare Mixed) (G1 Evacuation Pause)
[2025-10-15T14:58:59.615-0700][1251][info ][gc,task     ] GC(349) Using 113 workers of 113 for evacuation
[2025-10-15T14:58:59.635-0700][1251][debug][gc,remset   ] GC(349) Visited cards 42520064 Total dirty 125829120 (33.79%) Total old 509214720 (8.35%)
[2025-10-15T14:58:59.786-0700][1251][info ][gc,phases   ] GC(349)   Pre Evacuate Collection Set: 0.7ms
[2025-10-15T14:58:59.786-0700][1251][info ][gc,phases   ] GC(349)   Merge Heap Roots: 19.1ms
[2025-10-15T14:58:59.786-0700][1251][info ][gc,phases   ] GC(349)   Evacuate Collection Set: 129.1ms
[2025-10-15T14:58:59.786-0700][1251][info ][gc,phases   ] GC(349)   Post Evacuate Collection Set: 22.3ms
[2025-10-15T14:58:59.786-0700][1251][info ][gc,phases   ] GC(349)   Other: 0.2ms
[2025-10-15T14:58:59.786-0700][1251][debug][gc,remset   ] GC(349) Coarsening (recent): Inline->AoC 1657004 (225) AoC->Howl 63541 (426) Howl->Full 0 (0) Inline->AoC 313227 (149) AoC->BitMap 54267 (190) BitMap->Full 0 (0)
[2025-10-15T14:58:59.786-0700][1251][debug][gc,remset   ] GC(349) Coarsening (all): Inline->AoC 138089428 (50447) AoC->Howl 667622 (121507) Howl->Full 0 (0) Inline->AoC 2965392 (36198) AoC->BitMap 558877 (99272) BitMap->Full 8 (0)
[2025-10-15T14:58:59.786-0700][1251][info ][gc,heap     ] GC(349) Eden regions: 2771->0(3224)
[2025-10-15T14:58:59.786-0700][1251][info ][gc,heap     ] GC(349) Survivor regions: 143->154(365)
[2025-10-15T14:58:59.786-0700][1251][info ][gc,heap     ] GC(349) Old regions: 1940->1940
[2025-10-15T14:58:59.786-0700][1251][info ][gc,heap     ] GC(349) Humongous regions: 2->0
[2025-10-15T14:58:59.786-0700][1251][info ][gc,metaspace] GC(349) Metaspace: 304107K(309568K)->304107K(309568K) NonClass: 268354K(271360K)->268354K(271360K) Class: 35752K(38208K)->35752K(38208K)
[2025-10-15T14:58:59.786-0700][1251][info ][gc          ] GC(349) Pause Young (Prepare Mixed) (G1 Evacuation Pause) 155372M->66997M(184320M) 171.515ms
[2025-10-15T14:58:59.788-0700][1251][info ][gc,cpu      ] GC(349) User=16.32s Sys=0.25s Real=0.17s
[2025-10-15T14:58:59.789-0700][1251][info ][safepoint   ] Safepoint "G1CollectForAllocation", Time since last: 1184358890 ns, Reaching safepoint: 23887838 ns, Cleanup: 12839 ns, At safepoint: 174761349 ns, Total: 198662026 ns
[2025-10-15T14:59:01.790-0700][1251][info ][safepoint   ] Safepoint "Cleanup", Time since last: 2000142864 ns, Reaching safepoint: 768690 ns, Cleanup: 14632 ns, At safepoint: 172820 ns, Total: 956142 ns
[2025-10-15T14:59:03.791-0700][1251][info ][safepoint   ] Safepoint "Cleanup", Time since last: 2000160288 ns, Reaching safepoint: 891715 ns, Cleanup: 32839 ns, At safepoint: 257669 ns, Total: 1182223 ns
[2025-10-15T14:59:04.792-0700][1251][info ][safepoint   ] Safepoint "Cleanup", Time since last: 1000106754 ns, Reaching safepoint: 833918 ns, Cleanup: 46410 ns, At safepoint: 358180 ns, Total: 1238508 ns
[2025-10-15T14:59:04.883-0700][1251][info ][gc,start    ] GC(350) Pause Young (Mixed) (G1 Evacuation Pause)
[2025-10-15T14:59:04.883-0700][1251][info ][gc,task     ] GC(350) Using 113 workers of 113 for evacuation
[2025-10-15T14:59:04.901-0700][1251][debug][gc,remset   ] GC(350) Visited cards 54592512 Total dirty 116457472 (46.88%) Total old 492109824 (11.09%)
[2025-10-15T14:59:05.046-0700][1251][debug][gc,remset   ] GC(350) Visited cards 6948096 Total dirty 103743488 (6.70%) Total old 504102912 (1.38%)
[2025-10-15T14:59:05.080-0700][1251][info ][gc,phases   ] GC(350)   Pre Evacuate Collection Set: 0.8ms
[2025-10-15T14:59:05.080-0700][1251][info ][gc,phases   ] GC(350)   Merge Heap Roots: 17.5ms
[2025-10-15T14:59:05.080-0700][1251][info ][gc,phases   ] GC(350)   Evacuate Collection Set: 143.4ms
[2025-10-15T14:59:05.080-0700][1251][info ][gc,phases   ] GC(350)   Merge Optional Heap Roots: 1.3ms
[2025-10-15T14:59:05.080-0700][1251][info ][gc,phases   ] GC(350)   Evacuate Optional Collection Set: 6.6ms
[2025-10-15T14:59:05.080-0700][1251][info ][gc,phases   ] GC(350)   Post Evacuate Collection Set: 27.3ms
[2025-10-15T14:59:05.080-0700][1251][info ][gc,phases   ] GC(350)   Other: 0.2ms
[2025-10-15T14:59:05.080-0700][1251][debug][gc,remset   ] GC(350) Coarsening (recent): Inline->AoC 1041032 (277) AoC->Howl 1699 (699) Howl->Full 0 (0) Inline->AoC 6456 (223) AoC->BitMap 762 (254) BitMap->Full 0 (0)
[2025-10-15T14:59:05.080-0700][1251][debug][gc,remset   ] GC(350) Coarsening (all): Inline->AoC 139130460 (50724) AoC->Howl 669321 (122206) Howl->Full 0 (0) Inline->AoC 2971848 (36421) AoC->BitMap 559639 (99526) BitMap->Full 8 (0)
[2025-10-15T14:59:05.080-0700][1251][info ][gc,heap     ] GC(350) Eden regions: 2554->0(1305)
[2025-10-15T14:59:05.080-0700][1251][info ][gc,heap     ] GC(350) Survivor regions: 154->153(339)
[2025-10-15T14:59:05.080-0700][1251][info ][gc,heap     ] GC(350) Old regions: 1940->1787
[2025-10-15T14:59:05.080-0700][1251][info ][gc,heap     ] GC(350) Humongous regions: 0->0
[2025-10-15T14:59:05.080-0700][1251][info ][gc,metaspace] GC(350) Metaspace: 304135K(309568K)->304135K(309568K) NonClass: 268382K(271360K)->268382K(271360K) Class: 35752K(38208K)->35752K(38208K)
[2025-10-15T14:59:05.080-0700][1251][info ][gc          ] GC(350) Pause Young (Mixed) (G1 Evacuation Pause) 148725M->62073M(184320M) 197.373ms
[2025-10-15T14:59:05.082-0700][1251][info ][gc,cpu      ] GC(350) User=18.60s Sys=0.41s Real=0.20s
[2025-10-15T14:59:05.083-0700][1251][info ][safepoint   ] Safepoint "G1CollectForAllocation", Time since last: 88471696 ns, Reaching safepoint: 917684 ns, Cleanup: 22614 ns, At safepoint: 200908847 ns, Total: 201849145 ns
[2025-10-15T14:59:06.464-0700][1251][info ][safepoint   ] Safepoint "Cleanup", Time since last: 1369318161 ns, Reaching safepoint: 11444671 ns, Cleanup: 19029 ns, At safepoint: 743732 ns, Total: 12207432 ns
[2025-10-15T14:59:07.472-0700][1251][info ][safepoint   ] Safepoint "Cleanup", Time since last: 1004052264 ns, Reaching safepoint: 2942639 ns, Cleanup: 37226 ns, At safepoint: 697592 ns, Total: 3677457 ns
[2025-10-15T14:59:09.373-0700][1251][info ][gc,start    ] GC(351) Pause Young (Mixed) (G1 Evacuation Pause)
[2025-10-15T14:59:09.373-0700][1251][info ][gc,task     ] GC(351) Using 113 workers of 113 for evacuation
[2025-10-15T14:59:09.393-0700][1251][debug][gc,remset   ] GC(351) Visited cards 54536192 Total dirty 111345664 (48.98%) Total old 442433536 (12.33%)
[2025-10-15T14:59:09.581-0700][1251][info ][gc,mmu      ] GC(351) MMU target violated: 201.0ms (200.0ms/201.0ms)
[2025-10-15T14:59:09.581-0700][1251][info ][gc,phases   ] GC(351)   Pre Evacuate Collection Set: 0.8ms
[2025-10-15T14:59:09.581-0700][1251][info ][gc,phases   ] GC(351)   Merge Heap Roots: 18.8ms
[2025-10-15T14:59:09.581-0700][1251][info ][gc,phases   ] GC(351)   Evacuate Collection Set: 161.8ms
[2025-10-15T14:59:09.581-0700][1251][info ][gc,phases   ] GC(351)   Post Evacuate Collection Set: 26.3ms
[2025-10-15T14:59:09.581-0700][1251][info ][gc,phases   ] GC(351)   Other: 0.3ms
[2025-10-15T14:59:09.581-0700][1251][debug][gc,remset   ] GC(351) Coarsening (recent): Inline->AoC 690965 (294) AoC->Howl 2160 (906) Howl->Full 0 (0) Inline->AoC 7740 (306) AoC->BitMap 1126 (389) BitMap->Full 0 (0)
[2025-10-15T14:59:09.581-0700][1251][debug][gc,remset   ] GC(351) Coarsening (all): Inline->AoC 139821425 (51018) AoC->Howl 671481 (123112) Howl->Full 0 (0) Inline->AoC 2979588 (36727) AoC->BitMap 560765 (99915) BitMap->Full 8 (0)
[2025-10-15T14:59:09.581-0700][1251][info ][gc,heap     ] GC(351) Eden regions: 2290->0(563)
[2025-10-15T14:59:09.581-0700][1251][info ][gc,heap     ] GC(351) Survivor regions: 153->179(306)
[2025-10-15T14:59:09.581-0700][1251][info ][gc,heap     ] GC(351) Old regions: 1787->1736
[2025-10-15T14:59:09.581-0700][1251][info ][gc,heap     ] GC(351) Humongous regions: 0->0
[2025-10-15T14:59:09.581-0700][1251][info ][gc,metaspace] GC(351) Metaspace: 304144K(309568K)->304144K(309568K) NonClass: 268390K(271360K)->268390K(271360K) Class: 35754K(38208K)->35754K(38208K)
[2025-10-15T14:59:09.581-0700][1251][info ][gc          ] GC(351) Pause Young (Mixed) (G1 Evacuation Pause) 135353M->61251M(184320M) 208.141ms
[2025-10-15T14:59:09.582-0700][1251][info ][gc,cpu      ] GC(351) User=20.29s Sys=0.19s Real=0.21s
[2025-10-15T14:59:09.583-0700][1251][info ][safepoint   ] Safepoint "G1CollectForAllocation", Time since last: 1898048149 ns, Reaching safepoint: 1420592 ns, Cleanup: 6009 ns, At safepoint: 211690299 ns, Total: 213116900 ns
[2025-10-15T14:59:10.584-0700][1251][info ][safepoint   ] Safepoint "Cleanup", Time since last: 1000085381 ns, Reaching safepoint: 910604 ns, Cleanup: 12288 ns, At safepoint: 196607 ns, Total: 1119499 ns
[2025-10-15T14:59:11.586-0700][1251][info ][safepoint   ] Safepoint "Cleanup", Time since last: 1000106984 ns, Reaching safepoint: 1052538 ns, Cleanup: 28463 ns, At safepoint: 360834 ns, Total: 1441835 ns
[2025-10-15T14:59:12.375-0700][1251][info ][gc,start    ] GC(352) Pause Young (Mixed) (G1 Evacuation Pause)
[2025-10-15T14:59:12.375-0700][1251][info ][gc,task     ] GC(352) Using 113 workers of 113 for evacuation
[2025-10-15T14:59:12.394-0700][1251][debug][gc,remset   ] GC(352) Visited cards 56203776 Total dirty 107937792 (52.07%) Total old 351666176 (15.98%)
[2025-10-15T14:59:12.586-0700][1251][info ][gc,mmu      ] GC(352) MMU target violated: 201.0ms (200.0ms/201.0ms)
[2025-10-15T14:59:12.586-0700][1251][info ][gc,phases   ] GC(352)   Pre Evacuate Collection Set: 0.8ms
[2025-10-15T14:59:12.586-0700][1251][info ][gc,phases   ] GC(352)   Merge Heap Roots: 18.3ms
[2025-10-15T14:59:12.586-0700][1251][info ][gc,phases   ] GC(352)   Evacuate Collection Set: 168.9ms
[2025-10-15T14:59:12.586-0700][1251][info ][gc,phases   ] GC(352)   Post Evacuate Collection Set: 22.8ms
[2025-10-15T14:59:12.586-0700][1251][info ][gc,phases   ] GC(352)   Other: 0.2ms
[2025-10-15T14:59:12.586-0700][1251][debug][gc,remset   ] GC(352) Coarsening (recent): Inline->AoC 502561 (307) AoC->Howl 2161 (839) Howl->Full 0 (0) Inline->AoC 8034 (286) AoC->BitMap 1237 (446) BitMap->Full 0 (0)
[2025-10-15T14:59:12.586-0700][1251][debug][gc,remset   ] GC(352) Coarsening (all): Inline->AoC 140323986 (51325) AoC->Howl 673642 (123951) Howl->Full 0 (0) Inline->AoC 2987622 (37013) AoC->BitMap 562002 (100361) BitMap->Full 8 (0)
[2025-10-15T14:59:12.586-0700][1251][info ][gc,heap     ] GC(352) Eden regions: 1597->0(741)
[2025-10-15T14:59:12.586-0700][1251][info ][gc,heap     ] GC(352) Survivor regions: 179->110(222)
[2025-10-15T14:59:12.586-0700][1251][info ][gc,heap     ] GC(352) Old regions: 1736->1764
[2025-10-15T14:59:12.586-0700][1251][info ][gc,heap     ] GC(352) Humongous regions: 0->0
[2025-10-15T14:59:12.586-0700][1251][info ][gc,metaspace] GC(352) Metaspace: 304151K(309568K)->304151K(309568K) NonClass: 268397K(271360K)->268397K(271360K) Class: 35754K(38208K)->35754K(38208K)
[2025-10-15T14:59:12.586-0700][1251][info ][gc          ] GC(352) Pause Young (Mixed) (G1 Evacuation Pause) 112355M->59948M(184320M) 211.119ms
[2025-10-15T14:59:12.587-0700][1251][info ][gc,cpu      ] GC(352) User=20.36s Sys=0.17s Real=0.21s
[2025-10-15T14:59:12.589-0700][1251][info ][safepoint   ] Safepoint "G1CollectForAllocation", Time since last: 784535913 ns, Reaching safepoint: 3484876 ns, Cleanup: 15854 ns, At safepoint: 214625415 ns, Total: 218126145 ns
[2025-10-15T14:59:13.606-0700][1251][info ][safepoint   ] Safepoint "Cleanup", Time since last: 1000078992 ns, Reaching safepoint: 15686278 ns, Cleanup: 20231 ns, At safepoint: 1235503 ns, Total: 16942012 ns
[2025-10-15T14:59:14.607-0700][1251][info ][safepoint   ] Safepoint "Cleanup", Time since last: 1000110850 ns, Reaching safepoint: 1065748 ns, Cleanup: 17446 ns, At safepoint: 736992 ns, Total: 1820186 ns
[2025-10-15T14:59:15.610-0700][1251][info ][safepoint   ] Safepoint "Cleanup", Time since last: 1000127255 ns, Reaching safepoint: 1679653 ns, Cleanup: 9464 ns, At safepoint: 265741 ns, Total: 1954858 ns
[2025-10-15T14:59:16.167-0700][1251][info ][gc,start    ] GC(353) Pause Young (Mixed) (G1 Evacuation Pause)
[2025-10-15T14:59:16.167-0700][1251][info ][gc,task     ] GC(353) Using 113 workers of 113 for evacuation
[2025-10-15T14:59:16.186-0700][1251][debug][gc,remset   ] GC(353) Visited cards 52259840 Total dirty 109510656 (47.72%) Total old 387842048 (13.47%)
[2025-10-15T14:59:16.363-0700][1251][info ][gc,phases   ] GC(353)   Pre Evacuate Collection Set: 0.8ms
[2025-10-15T14:59:16.363-0700][1251][info ][gc,phases   ] GC(353)   Merge Heap Roots: 18.3ms
[2025-10-15T14:59:16.363-0700][1251][info ][gc,phases   ] GC(353)   Evacuate Collection Set: 154.9ms
[2025-10-15T14:59:16.363-0700][1251][info ][gc,phases   ] GC(353)   Post Evacuate Collection Set: 21.7ms
[2025-10-15T14:59:16.363-0700][1251][info ][gc,phases   ] GC(353)   Other: 0.2ms
[2025-10-15T14:59:16.363-0700][1251][debug][gc,remset   ] GC(353) Coarsening (recent): Inline->AoC 614543 (334) AoC->Howl 1147 (369) Howl->Full 0 (0) Inline->AoC 4010 (151) AoC->BitMap 609 (190) BitMap->Full 0 (0)
[2025-10-15T14:59:16.363-0700][1251][debug][gc,remset   ] GC(353) Coarsening (all): Inline->AoC 140938529 (51659) AoC->Howl 674789 (124320) Howl->Full 0 (0) Inline->AoC 2991632 (37164) AoC->BitMap 562611 (100551) BitMap->Full 8 (0)
[2025-10-15T14:59:16.363-0700][1251][info ][gc,heap     ] GC(353) Eden regions: 1928->0(584)
[2025-10-15T14:59:16.363-0700][1251][info ][gc,heap     ] GC(353) Survivor regions: 110->142(255)
[2025-10-15T14:59:16.363-0700][1251][info ][gc,heap     ] GC(353) Old regions: 1764->1733
[2025-10-15T14:59:16.363-0700][1251][info ][gc,heap     ] GC(353) Humongous regions: 0->0
[2025-10-15T14:59:16.363-0700][1251][info ][gc,metaspace] GC(353) Metaspace: 304151K(309568K)->304151K(309568K) NonClass: 268397K(271360K)->268397K(271360K) Class: 35754K(38208K)->35754K(38208K)
[2025-10-15T14:59:16.363-0700][1251][info ][gc          ] GC(353) Pause Young (Mixed) (G1 Evacuation Pause) 121644M->59985M(184320M) 195.908ms
[2025-10-15T14:59:16.364-0700][1251][info ][gc,cpu      ] GC(353) User=18.46s Sys=0.26s Real=0.20s
[2025-10-15T14:59:16.366-0700][1251][info ][safepoint   ] Safepoint "G1CollectForAllocation", Time since last: 554208175 ns, Reaching safepoint: 2208561 ns, Cleanup: 5498 ns, At safepoint: 199583949 ns, Total: 201798008 ns
[2025-10-15T14:59:17.370-0700][1251][info ][safepoint   ] Safepoint "Cleanup", Time since last: 1000098502 ns, Reaching safepoint: 4069888 ns, Cleanup: 10737 ns, At safepoint: 443108 ns, Total: 4523733 ns
[2025-10-15T14:59:19.045-0700][1251][info ][gc,start    ] GC(354) Pause Young (Mixed) (G1 Evacuation Pause)
[2025-10-15T14:59:19.045-0700][1251][info ][gc,task     ] GC(354) Using 113 workers of 113 for evacuation
[2025-10-15T14:59:19.064-0700][1251][debug][gc,remset   ] GC(354) Visited cards 55522560 Total dirty 107741184 (51.53%) Total old 324993024 (17.08%)
[2025-10-15T14:59:19.250-0700][1251][info ][gc,mmu      ] GC(354) MMU target violated: 201.0ms (200.0ms/201.0ms)
[2025-10-15T14:59:19.250-0700][1251][info ][gc,phases   ] GC(354)   Pre Evacuate Collection Set: 0.8ms
[2025-10-15T14:59:19.250-0700][1251][info ][gc,phases   ] GC(354)   Merge Heap Roots: 18.1ms
[2025-10-15T14:59:19.250-0700][1251][info ][gc,phases   ] GC(354)   Evacuate Collection Set: 166.6ms
[2025-10-15T14:59:19.250-0700][1251][info ][gc,phases   ] GC(354)   Post Evacuate Collection Set: 19.1ms
[2025-10-15T14:59:19.250-0700][1251][info ][gc,phases   ] GC(354)   Other: 0.2ms
[2025-10-15T14:59:19.250-0700][1251][debug][gc,remset   ] GC(354) Coarsening (recent): Inline->AoC 507142 (261) AoC->Howl 1532 (548) Howl->Full 0 (0) Inline->AoC 5680 (198) AoC->BitMap 881 (334) BitMap->Full 0 (0)
[2025-10-15T14:59:19.250-0700][1251][debug][gc,remset   ] GC(354) Coarsening (all): Inline->AoC 141445671 (51920) AoC->Howl 676321 (124868) Howl->Full 0 (0) Inline->AoC 2997312 (37362) AoC->BitMap 563492 (100885) BitMap->Full 8 (0)
[2025-10-15T14:59:19.250-0700][1251][info ][gc,heap     ] GC(354) Eden regions: 1432->0(560)
[2025-10-15T14:59:19.250-0700][1251][info ][gc,heap     ] GC(354) Survivor regions: 142->102(197)
[2025-10-15T14:59:19.250-0700][1251][info ][gc,heap     ] GC(354) Old regions: 1733->1762
[2025-10-15T14:59:19.250-0700][1251][info ][gc,heap     ] GC(354) Humongous regions: 0->0
[2025-10-15T14:59:19.250-0700][1251][info ][gc,metaspace] GC(354) Metaspace: 304151K(309568K)->304151K(309568K) NonClass: 268397K(271360K)->268397K(271360K) Class: 35754K(38208K)->35754K(38208K)
[2025-10-15T14:59:19.250-0700][1251][info ][gc          ] GC(354) Pause Young (Mixed) (G1 Evacuation Pause) 105809M->59639M(184320M) 204.884ms
[2025-10-15T14:59:19.251-0700][1251][info ][gc,cpu      ] GC(354) User=19.75s Sys=0.07s Real=0.21s
[2025-10-15T14:59:19.252-0700][1251][info ][safepoint   ] Safepoint "G1CollectForAllocation", Time since last: 1671940836 ns, Reaching safepoint: 1669598 ns, Cleanup: 4517 ns, At safepoint: 208535340 ns, Total: 210209455 ns
[2025-10-15T14:59:20.254-0700][1251][info ][safepoint   ] Safepoint "Cleanup", Time since last: 1000088947 ns, Reaching safepoint: 908651 ns, Cleanup: 9414 ns, At safepoint: 301595 ns, Total: 1219660 ns
[2025-10-15T14:59:22.042-0700][1251][info ][gc,start    ] GC(355) Pause Young (Mixed) (G1 Evacuation Pause)
[2025-10-15T14:59:22.042-0700][1251][info ][gc,task     ] GC(355) Using 113 workers of 113 for evacuation
[2025-10-15T14:59:22.061-0700][1251][debug][gc,remset   ] GC(355) Visited cards 58418176 Total dirty 108920832 (53.63%) Total old 342228992 (17.07%)
[2025-10-15T14:59:22.242-0700][1251][info ][gc,phases   ] GC(355)   Pre Evacuate Collection Set: 0.8ms
[2025-10-15T14:59:22.242-0700][1251][info ][gc,phases   ] GC(355)   Merge Heap Roots: 17.6ms
[2025-10-15T14:59:22.242-0700][1251][info ][gc,phases   ] GC(355)   Evacuate Collection Set: 161.8ms
[2025-10-15T14:59:22.242-0700][1251][info ][gc,phases   ] GC(355)   Post Evacuate Collection Set: 19.0ms
[2025-10-15T14:59:22.242-0700][1251][info ][gc,phases   ] GC(355)   Other: 0.2ms
[2025-10-15T14:59:22.242-0700][1251][debug][gc,remset   ] GC(355) Coarsening (recent): Inline->AoC 515715 (344) AoC->Howl 983 (288) Howl->Full 0 (0) Inline->AoC 4079 (106) AoC->BitMap 433 (122) BitMap->Full 0 (0)
[2025-10-15T14:59:22.242-0700][1251][debug][gc,remset   ] GC(355) Coarsening (all): Inline->AoC 141961386 (52264) AoC->Howl 677304 (125156) Howl->Full 0 (0) Inline->AoC 3001391 (37468) AoC->BitMap 563925 (101007) BitMap->Full 8 (0)
[2025-10-15T14:59:22.242-0700][1251][info ][gc,heap     ] GC(355) Eden regions: 1589->0(622)
[2025-10-15T14:59:22.242-0700][1251][info ][gc,heap     ] GC(355) Survivor regions: 102->133(212)
[2025-10-15T14:59:22.242-0700][1251][info ][gc,heap     ] GC(355) Old regions: 1762->1735
[2025-10-15T14:59:22.242-0700][1251][info ][gc,heap     ] GC(355) Humongous regions: 0->0
[2025-10-15T14:59:22.242-0700][1251][info ][gc,metaspace] GC(355) Metaspace: 304151K(309568K)->304151K(309568K) NonClass: 268397K(271360K)->268397K(271360K) Class: 35754K(38208K)->35754K(38208K)
[2025-10-15T14:59:22.242-0700][1251][info ][gc          ] GC(355) Pause Young (Mixed) (G1 Evacuation Pause) 110487M->59747M(184320M) 199.615ms
[2025-10-15T14:59:22.243-0700][1251][info ][gc,cpu      ] GC(355) User=19.24s Sys=0.09s Real=0.20s
[2025-10-15T14:59:22.244-0700][1251][info ][safepoint   ] Safepoint "G1CollectForAllocation", Time since last: 1785995427 ns, Reaching safepoint: 1384368 ns, Cleanup: 5208 ns, At safepoint: 203269728 ns, Total: 204659304 ns
[2025-10-15T14:59:25.314-0700][1251][info ][gc,start    ] GC(356) Pause Young (Mixed) (G1 Evacuation Pause)
[2025-10-15T14:59:25.314-0700][1251][info ][gc,task     ] GC(356) Using 113 workers of 113 for evacuation
[2025-10-15T14:59:25.330-0700][1251][debug][gc,remset   ] GC(356) Visited cards 56306432 Total dirty 108068864 (52.10%) Total old 347013120 (16.23%)
[2025-10-15T14:59:25.503-0700][1251][info ][gc,phases   ] GC(356)   Pre Evacuate Collection Set: 0.7ms
[2025-10-15T14:59:25.503-0700][1251][info ][gc,phases   ] GC(356)   Merge Heap Roots: 16.0ms
[2025-10-15T14:59:25.503-0700][1251][info ][gc,phases   ] GC(356)   Evacuate Collection Set: 157.0ms
[2025-10-15T14:59:25.503-0700][1251][info ][gc,phases   ] GC(356)   Post Evacuate Collection Set: 15.9ms
[2025-10-15T14:59:25.503-0700][1251][info ][gc,phases   ] GC(356)   Other: 0.1ms
[2025-10-15T14:59:25.503-0700][1251][debug][gc,remset   ] GC(356) Coarsening (recent): Inline->AoC 606696 (268) AoC->Howl 1526 (529) Howl->Full 0 (0) Inline->AoC 5791 (161) AoC->BitMap 765 (253) BitMap->Full 0 (0)
[2025-10-15T14:59:25.503-0700][1251][debug][gc,remset   ] GC(356) Coarsening (all): Inline->AoC 142568082 (52532) AoC->Howl 678830 (125685) Howl->Full 0 (0) Inline->AoC 3007182 (37629) AoC->BitMap 564690 (101260) BitMap->Full 8 (0)
[2025-10-15T14:59:25.503-0700][1251][info ][gc,heap     ] GC(356) Eden regions: 1615->0(3329)
[2025-10-15T14:59:25.503-0700][1251][info ][gc,heap     ] GC(356) Survivor regions: 133->127(219)
[2025-10-15T14:59:25.503-0700][1251][info ][gc,heap     ] GC(356) Old regions: 1735->1729
[2025-10-15T14:59:25.503-0700][1251][info ][gc,heap     ] GC(356) Humongous regions: 0->0
[2025-10-15T14:59:25.503-0700][1251][info ][gc,metaspace] GC(356) Metaspace: 304151K(309568K)->304151K(309568K) NonClass: 268397K(271360K)->268397K(271360K) Class: 35754K(38208K)->35754K(38208K)
[2025-10-15T14:59:25.503-0700][1251][info ][gc          ] GC(356) Pause Young (Mixed) (G1 Evacuation Pause) 111427M->59365M(184320M) 189.907ms
[2025-10-15T14:59:25.505-0700][1251][info ][gc,cpu      ] GC(356) User=18.09s Sys=0.30s Real=0.19s
[2025-10-15T14:59:25.506-0700][1251][info ][safepoint   ] Safepoint "G1CollectForAllocation", Time since last: 3067131679 ns, Reaching safepoint: 916452 ns, Cleanup: 4066 ns, At safepoint: 193443668 ns, Total: 194364186 ns
[2025-10-15T14:59:28.511-0700][1251][info ][safepoint   ] Safepoint "Cleanup", Time since last: 3000168123 ns, Reaching safepoint: 4324863 ns, Cleanup: 10025 ns, At safepoint: 358801 ns, Total: 4693689 ns
[2025-10-15T14:59:30.651-0700][1251][info ][gc,start    ] GC(357) Pause Young (Concurrent Start) (G1 Evacuation Pause)
[2025-10-15T14:59:30.651-0700][1251][info ][gc,task     ] GC(357) Using 113 workers of 113 for evacuation
[2025-10-15T14:59:30.670-0700][1251][debug][gc,remset   ] GC(357) Visited cards 35650816 Total dirty 110559232 (32.25%) Total old 459603968 (7.76%)
[2025-10-15T14:59:30.812-0700][1251][info ][gc,phases   ] GC(357)   Pre Evacuate Collection Set: 1.0ms
[2025-10-15T14:59:30.812-0700][1251][info ][gc,phases   ] GC(357)   Merge Heap Roots: 18.0ms
[2025-10-15T14:59:30.812-0700][1251][info ][gc,phases   ] GC(357)   Evacuate Collection Set: 123.5ms
[2025-10-15T14:59:30.812-0700][1251][info ][gc,phases   ] GC(357)   Post Evacuate Collection Set: 18.8ms
[2025-10-15T14:59:30.812-0700][1251][info ][gc,phases   ] GC(357)   Other: 0.2ms
[2025-10-15T14:59:30.812-0700][1251][debug][gc,remset   ] GC(357) Coarsening (recent): Inline->AoC 967693 (299) AoC->Howl 1194 (387) Howl->Full 0 (0) Inline->AoC 4933 (113) AoC->BitMap 546 (156) BitMap->Full 0 (0)
[2025-10-15T14:59:30.812-0700][1251][debug][gc,remset   ] GC(357) Coarsening (all): Inline->AoC 143535775 (52831) AoC->Howl 680024 (126072) Howl->Full 0 (0) Inline->AoC 3012115 (37742) AoC->BitMap 565236 (101416) BitMap->Full 8 (0)
[2025-10-15T14:59:30.812-0700][1251][info ][gc,heap     ] GC(357) Eden regions: 2515->0(3313)
[2025-10-15T14:59:30.812-0700][1251][info ][gc,heap     ] GC(357) Survivor regions: 127->143(331)
[2025-10-15T14:59:30.812-0700][1251][info ][gc,heap     ] GC(357) Old regions: 1729->1729
[2025-10-15T14:59:30.812-0700][1251][info ][gc,heap     ] GC(357) Humongous regions: 0->0
[2025-10-15T14:59:30.812-0700][1251][info ][gc,metaspace] GC(357) Metaspace: 304152K(309568K)->304152K(309568K) NonClass: 268397K(271360K)->268397K(271360K) Class: 35754K(38208K)->35754K(38208K)
[2025-10-15T14:59:30.812-0700][1251][info ][gc          ] GC(357) Pause Young (Concurrent Start) (G1 Evacuation Pause) 139845M->59852M(184320M) 161.656ms
[2025-10-15T14:59:30.813-0700][1134][info ][gc          ] GC(358) Concurrent Mark Cycle
[2025-10-15T14:59:30.813-0700][1134][info ][gc,marking  ] GC(358) Concurrent Scan Root Regions
[2025-10-15T14:59:30.814-0700][1251][info ][gc,cpu      ] GC(357) User=15.18s Sys=0.35s Real=0.16s
[2025-10-15T14:59:30.816-0700][1251][info ][safepoint   ] Safepoint "G1CollectForAllocation", Time since last: 2137539207 ns, Reaching safepoint: 1322885 ns, Cleanup: 5438 ns, At safepoint: 166241041 ns, Total: 167569364 ns
[2025-10-15T14:59:30.867-0700][1134][info ][gc,marking  ] GC(358) Concurrent Scan Root Regions 54.059ms
[2025-10-15T14:59:30.867-0700][1134][info ][gc,marking  ] GC(358) Concurrent Mark
[2025-10-15T14:59:30.867-0700][1134][info ][gc,marking  ] GC(358) Concurrent Mark From Roots
[2025-10-15T14:59:30.867-0700][1134][info ][gc,task     ] GC(358) Using 36 workers of 36 for marking
[2025-10-15T14:59:32.817-0700][1134][info ][gc,marking  ] GC(358) Concurrent Mark From Roots 1950.297ms
[2025-10-15T14:59:32.817-0700][1134][info ][gc,marking  ] GC(358) Concurrent Preclean
[2025-10-15T14:59:32.837-0700][1134][info ][gc,marking  ] GC(358) Concurrent Preclean 19.348ms
[2025-10-15T14:59:32.839-0700][1251][info ][gc,start    ] GC(358) Pause Remark
[2025-10-15T14:59:32.872-0700][1251][info ][gc          ] GC(358) Pause Remark 94876M->94876M(184320M) 33.661ms
[2025-10-15T14:59:32.874-0700][1251][info ][gc,cpu      ] GC(358) User=1.75s Sys=0.06s Real=0.03s
[2025-10-15T14:59:32.875-0700][1251][info ][safepoint   ] Safepoint "G1PauseRemark", Time since last: 2020826407 ns, Reaching safepoint: 864784 ns, Cleanup: 4517 ns, At safepoint: 37257963 ns, Total: 38127264 ns
[2025-10-15T14:59:32.875-0700][1134][info ][gc,marking  ] GC(358) Concurrent Mark 2008.142ms
[2025-10-15T14:59:32.875-0700][1134][info ][gc,marking  ] GC(358) Concurrent Rebuild Remembered Sets and Scrub Regions
[2025-10-15T14:59:34.848-0700][1134][info ][gc,marking  ] GC(358) Concurrent Rebuild Remembered Sets and Scrub Regions 1972.895ms
[2025-10-15T14:59:34.850-0700][1251][info ][gc,start    ] GC(358) Pause Cleanup
[2025-10-15T14:59:34.854-0700][1251][info ][gc          ] GC(358) Pause Cleanup 125547M->125547M(184320M) 4.084ms
[2025-10-15T14:59:34.855-0700][1251][info ][gc,cpu      ] GC(358) User=0.02s Sys=0.01s Real=0.00s
[2025-10-15T14:59:34.856-0700][1251][info ][safepoint   ] Safepoint "G1PauseCleanup", Time since last: 1973264493 ns, Reaching safepoint: 910002 ns, Cleanup: 10977 ns, At safepoint: 7115332 ns, Total: 8036311 ns
[2025-10-15T14:59:34.857-0700][1134][info ][gc,marking  ] GC(358) Concurrent Clear Claimed Marks
[2025-10-15T14:59:34.857-0700][1134][info ][gc,marking  ] GC(358) Concurrent Clear Claimed Marks 0.697ms
[2025-10-15T14:59:34.857-0700][1134][info ][gc,marking  ] GC(358) Concurrent Cleanup for Next Mark
[2025-10-15T14:59:34.886-0700][1134][info ][gc,marking  ] GC(358) Concurrent Cleanup for Next Mark 28.240ms
[2025-10-15T14:59:34.886-0700][1134][info ][gc          ] GC(358) Concurrent Mark Cycle 4072.867ms
[2025-10-15T14:59:35.858-0700][1251][info ][safepoint   ] Safepoint "Cleanup", Time since last: 1000094635 ns, Reaching safepoint: 1048291 ns, Cleanup: 13320 ns, At safepoint: 475418 ns, Total: 1537029 ns
[2025-10-15T14:59:36.058-0700][1251][info ][gc,start    ] GC(359) Pause Young (Prepare Mixed) (G1 Evacuation Pause)
[2025-10-15T14:59:36.059-0700][1251][info ][gc,task     ] GC(359) Using 113 workers of 113 for evacuation
[2025-10-15T14:59:36.077-0700][1251][debug][gc,remset   ] GC(359) Visited cards 36533248 Total dirty 110624768 (33.02%) Total old 469696512 (7.78%)
[2025-10-15T14:59:36.222-0700][1251][info ][gc,phases   ] GC(359)   Pre Evacuate Collection Set: 0.7ms
[2025-10-15T14:59:36.222-0700][1251][info ][gc,phases   ] GC(359)   Merge Heap Roots: 18.0ms
[2025-10-15T14:59:36.222-0700][1251][info ][gc,phases   ] GC(359)   Evacuate Collection Set: 123.4ms
[2025-10-15T14:59:36.222-0700][1251][info ][gc,phases   ] GC(359)   Post Evacuate Collection Set: 21.2ms
[2025-10-15T14:59:36.222-0700][1251][info ][gc,phases   ] GC(359)   Other: 0.2ms
[2025-10-15T14:59:36.222-0700][1251][debug][gc,remset   ] GC(359) Coarsening (recent): Inline->AoC 1704760 (264) AoC->Howl 56621 (363) Howl->Full 0 (0) Inline->AoC 281896 (128) AoC->BitMap 47698 (137) BitMap->Full 1 (0)
[2025-10-15T14:59:36.222-0700][1251][debug][gc,remset   ] GC(359) Coarsening (all): Inline->AoC 145240535 (53095) AoC->Howl 736645 (126435) Howl->Full 0 (0) Inline->AoC 3294011 (37870) AoC->BitMap 612934 (101553) BitMap->Full 9 (0)
[2025-10-15T14:59:36.222-0700][1251][info ][gc,heap     ] GC(359) Eden regions: 2576->0(3308)
[2025-10-15T14:59:36.222-0700][1251][info ][gc,heap     ] GC(359) Survivor regions: 143->148(340)
[2025-10-15T14:59:36.222-0700][1251][info ][gc,heap     ] GC(359) Old regions: 1729->1729
[2025-10-15T14:59:36.222-0700][1251][info ][gc,heap     ] GC(359) Humongous regions: 0->0
[2025-10-15T14:59:36.222-0700][1251][info ][gc,metaspace] GC(359) Metaspace: 304152K(309568K)->304152K(309568K) NonClass: 268397K(271360K)->268397K(271360K) Class: 35754K(38208K)->35754K(38208K)
[2025-10-15T14:59:36.222-0700][1251][info ][gc          ] GC(359) Pause Young (Prepare Mixed) (G1 Evacuation Pause) 142284M->60027M(184320M) 163.756ms
[2025-10-15T14:59:36.223-0700][1251][info ][gc,cpu      ] GC(359) User=15.44s Sys=0.37s Real=0.16s
[2025-10-15T14:59:36.225-0700][1251][info ][safepoint   ] Safepoint "G1CollectForAllocation", Time since last: 187022974 ns, Reaching safepoint: 12484049 ns, Cleanup: 6229 ns, At safepoint: 167387860 ns, Total: 179878138 ns
[2025-10-15T14:59:40.226-0700][1251][info ][safepoint   ] Safepoint "Cleanup", Time since last: 4000270069 ns, Reaching safepoint: 963644 ns, Cleanup: 13440 ns, At safepoint: 290268 ns, Total: 1267352 ns
[2025-10-15T14:59:41.227-0700][1251][info ][safepoint   ] Safepoint "Cleanup", Time since last: 1000110149 ns, Reaching safepoint: 864413 ns, Cleanup: 11628 ns, At safepoint: 411501 ns, Total: 1287542 ns
[2025-10-15T14:59:41.440-0700][1251][info ][gc,start    ] GC(360) Pause Young (Mixed) (G1 Evacuation Pause)
[2025-10-15T14:59:41.440-0700][1251][info ][gc,task     ] GC(360) Using 113 workers of 113 for evacuation
[2025-10-15T14:59:41.461-0700][1251][debug][gc,remset   ] GC(360) Visited cards 41731584 Total dirty 109510656 (38.11%) Total old 500301824 (8.34%)
[2025-10-15T14:59:41.612-0700][1251][debug][gc,remset   ] GC(360) Visited cards 4473856 Total dirty 88670208 (5.05%) Total old 511901696 (0.87%)
[2025-10-15T14:59:41.641-0700][1251][info ][gc,mmu      ] GC(360) MMU target violated: 201.0ms (200.0ms/201.0ms)
[2025-10-15T14:59:41.642-0700][1251][info ][gc,phases   ] GC(360)   Pre Evacuate Collection Set: 0.8ms
[2025-10-15T14:59:41.642-0700][1251][info ][gc,phases   ] GC(360)   Merge Heap Roots: 20.1ms
[2025-10-15T14:59:41.642-0700][1251][info ][gc,phases   ] GC(360)   Evacuate Collection Set: 149.6ms
[2025-10-15T14:59:41.642-0700][1251][info ][gc,phases   ] GC(360)   Merge Optional Heap Roots: 1.1ms
[2025-10-15T14:59:41.642-0700][1251][info ][gc,phases   ] GC(360)   Evacuate Optional Collection Set: 4.2ms
[2025-10-15T14:59:41.642-0700][1251][info ][gc,phases   ] GC(360)   Post Evacuate Collection Set: 25.6ms
[2025-10-15T14:59:41.642-0700][1251][info ][gc,phases   ] GC(360)   Other: 0.3ms
[2025-10-15T14:59:41.642-0700][1251][debug][gc,remset   ] GC(360) Coarsening (recent): Inline->AoC 945412 (303) AoC->Howl 1667 (598) Howl->Full 0 (0) Inline->AoC 6738 (212) AoC->BitMap 892 (284) BitMap->Full 0 (0)
[2025-10-15T14:59:41.642-0700][1251][debug][gc,remset   ] GC(360) Coarsening (all): Inline->AoC 146185947 (53398) AoC->Howl 738312 (127033) Howl->Full 0 (0) Inline->AoC 3300749 (38082) AoC->BitMap 613826 (101837) BitMap->Full 9 (0)
[2025-10-15T14:59:41.642-0700][1251][info ][gc,heap     ] GC(360) Eden regions: 2781->0(1937)
[2025-10-15T14:59:41.642-0700][1251][info ][gc,heap     ] GC(360) Survivor regions: 148->155(367)
[2025-10-15T14:59:41.642-0700][1251][info ][gc,heap     ] GC(360) Old regions: 1729->1692
[2025-10-15T14:59:41.642-0700][1251][info ][gc,heap     ] GC(360) Humongous regions: 0->0
[2025-10-15T14:59:41.642-0700][1251][info ][gc,metaspace] GC(360) Metaspace: 304155K(309568K)->304155K(309568K) NonClass: 268401K(271360K)->268401K(271360K) Class: 35754K(38208K)->35754K(38208K)
[2025-10-15T14:59:41.642-0700][1251][info ][gc          ] GC(360) Pause Young (Mixed) (G1 Evacuation Pause) 149019M->59075M(184320M) 201.854ms
[2025-10-15T14:59:41.643-0700][1251][info ][gc,cpu      ] GC(360) User=18.48s Sys=0.27s Real=0.20s
[2025-10-15T14:59:41.644-0700][1251][info ][safepoint   ] Safepoint "G1CollectForAllocation", Time since last: 202491925 ns, Reaching safepoint: 8488652 ns, Cleanup: 6170 ns, At safepoint: 205482325 ns, Total: 213977147 ns
[2025-10-15T14:59:46.362-0700][1251][info ][gc,start    ] GC(361) Pause Young (Mixed) (G1 Evacuation Pause)
[2025-10-15T14:59:46.362-0700][1251][info ][gc,task     ] GC(361) Using 113 workers of 113 for evacuation
[2025-10-15T14:59:46.379-0700][1251][debug][gc,remset   ] GC(361) Visited cards 43966976 Total dirty 107282432 (40.98%) Total old 459735040 (9.56%)
[2025-10-15T14:59:46.546-0700][1251][info ][gc,phases   ] GC(361)   Pre Evacuate Collection Set: 0.7ms
[2025-10-15T14:59:46.546-0700][1251][info ][gc,phases   ] GC(361)   Merge Heap Roots: 16.4ms
[2025-10-15T14:59:46.546-0700][1251][info ][gc,phases   ] GC(361)   Evacuate Collection Set: 142.8ms
[2025-10-15T14:59:46.546-0700][1251][info ][gc,phases   ] GC(361)   Post Evacuate Collection Set: 23.4ms
[2025-10-15T14:59:46.546-0700][1251][info ][gc,phases   ] GC(361)   Other: 0.2ms
[2025-10-15T14:59:46.546-0700][1251][debug][gc,remset   ] GC(361) Coarsening (recent): Inline->AoC 884190 (298) AoC->Howl 1635 (578) Howl->Full 0 (0) Inline->AoC 6270 (201) AoC->BitMap 831 (244) BitMap->Full 0 (0)
[2025-10-15T14:59:46.546-0700][1251][debug][gc,remset   ] GC(361) Coarsening (all): Inline->AoC 147070137 (53696) AoC->Howl 739947 (127611) Howl->Full 0 (0) Inline->AoC 3307019 (38283) AoC->BitMap 614657 (102081) BitMap->Full 9 (0)
[2025-10-15T14:59:46.546-0700][1251][info ][gc,heap     ] GC(361) Eden regions: 2485->0(2138)
[2025-10-15T14:59:46.546-0700][1251][info ][gc,heap     ] GC(361) Survivor regions: 155->155(330)
[2025-10-15T14:59:46.546-0700][1251][info ][gc,heap     ] GC(361) Old regions: 1692->1672
[2025-10-15T14:59:46.546-0700][1251][info ][gc,heap     ] GC(361) Humongous regions: 0->0
[2025-10-15T14:59:46.546-0700][1251][info ][gc,metaspace] GC(361) Metaspace: 304155K(309568K)->304155K(309568K) NonClass: 268401K(271360K)->268401K(271360K) Class: 35754K(38208K)->35754K(38208K)
[2025-10-15T14:59:46.546-0700][1251][info ][gc          ] GC(361) Pause Young (Mixed) (G1 Evacuation Pause) 138595M->58434M(184320M) 183.642ms
[2025-10-15T14:59:46.547-0700][1251][info ][gc,cpu      ] GC(361) User=17.69s Sys=0.31s Real=0.18s
[2025-10-15T14:59:46.548-0700][1251][info ][safepoint   ] Safepoint "G1CollectForAllocation", Time since last: 4716135751 ns, Reaching safepoint: 890013 ns, Cleanup: 4847 ns, At safepoint: 187171088 ns, Total: 188065948 ns
[2025-10-15T14:59:47.554-0700][1251][info ][safepoint   ] Safepoint "Cleanup", Time since last: 1000083919 ns, Reaching safepoint: 4859369 ns, Cleanup: 10236 ns, At safepoint: 442297 ns, Total: 5311902 ns
[2025-10-15T14:59:51.563-0700][1251][info ][safepoint   ] Safepoint "Cleanup", Time since last: 4000278542 ns, Reaching safepoint: 8169000 ns, Cleanup: 12790 ns, At safepoint: 1091806 ns, Total: 9273596 ns
[2025-10-15T14:59:51.623-0700][1251][info ][gc,start    ] GC(362) Pause Young (Mixed) (G1 Evacuation Pause)
[2025-10-15T14:59:51.624-0700][1251][info ][gc,task     ] GC(362) Using 113 workers of 113 for evacuation
[2025-10-15T14:59:51.641-0700][1251][debug][gc,remset   ] GC(362) Visited cards 47066112 Total dirty 105971712 (44.41%) Total old 471138304 (9.99%)
[2025-10-15T14:59:51.814-0700][1251][info ][gc,phases   ] GC(362)   Pre Evacuate Collection Set: 0.8ms
[2025-10-15T14:59:51.814-0700][1251][info ][gc,phases   ] GC(362)   Merge Heap Roots: 16.9ms
[2025-10-15T14:59:51.814-0700][1251][info ][gc,phases   ] GC(362)   Evacuate Collection Set: 149.7ms
[2025-10-15T14:59:51.814-0700][1251][info ][gc,phases   ] GC(362)   Post Evacuate Collection Set: 23.3ms
[2025-10-15T14:59:51.814-0700][1251][info ][gc,phases   ] GC(362)   Other: 0.2ms
[2025-10-15T14:59:51.814-0700][1251][debug][gc,remset   ] GC(362) Coarsening (recent): Inline->AoC 907717 (247) AoC->Howl 1836 (664) Howl->Full 0 (0) Inline->AoC 6965 (229) AoC->BitMap 1354 (454) BitMap->Full 0 (0)
[2025-10-15T14:59:51.814-0700][1251][debug][gc,remset   ] GC(362) Coarsening (all): Inline->AoC 147977854 (53943) AoC->Howl 741783 (128275) Howl->Full 0 (0) Inline->AoC 3313984 (38512) AoC->BitMap 616011 (102535) BitMap->Full 9 (0)
[2025-10-15T14:59:51.814-0700][1251][info ][gc,heap     ] GC(362) Eden regions: 2582->0(2117)
[2025-10-15T14:59:51.814-0700][1251][info ][gc,heap     ] GC(362) Survivor regions: 155->161(343)
[2025-10-15T14:59:51.814-0700][1251][info ][gc,heap     ] GC(362) Old regions: 1672->1653
[2025-10-15T14:59:51.814-0700][1251][info ][gc,heap     ] GC(362) Humongous regions: 0->0
[2025-10-15T14:59:51.814-0700][1251][info ][gc,metaspace] GC(362) Metaspace: 304165K(309568K)->304165K(309568K) NonClass: 268410K(271360K)->268410K(271360K) Class: 35754K(38208K)->35754K(38208K)
[2025-10-15T14:59:51.814-0700][1251][info ][gc          ] GC(362) Pause Young (Mixed) (G1 Evacuation Pause) 141058M->58036M(184320M) 190.952ms
[2025-10-15T14:59:51.816-0700][1251][info ][gc,cpu      ] GC(362) User=18.44s Sys=0.31s Real=0.19s
[2025-10-15T14:59:51.817-0700][1251][info ][safepoint   ] Safepoint "G1CollectForAllocation", Time since last: 58315003 ns, Reaching safepoint: 829221 ns, Cleanup: 4967 ns, At safepoint: 194471569 ns, Total: 195305757 ns
[2025-10-15T14:59:52.818-0700][1251][info ][safepoint   ] Safepoint "Cleanup", Time since last: 1000088967 ns, Reaching safepoint: 877834 ns, Cleanup: 19279 ns, At safepoint: 379853 ns, Total: 1276966 ns
[2025-10-15T14:59:57.078-0700][1251][info ][gc,start    ] GC(363) Pause Young (Mixed) (G1 Evacuation Pause)
[2025-10-15T14:59:57.078-0700][1251][info ][gc,task     ] GC(363) Using 113 workers of 113 for evacuation
[2025-10-15T14:59:57.097-0700][1251][debug][gc,remset   ] GC(363) Visited cards 47421184 Total dirty 105185280 (45.08%) Total old 491520000 (9.65%)
[2025-10-15T14:59:57.277-0700][1251][info ][gc,phases   ] GC(363)   Pre Evacuate Collection Set: 0.8ms
[2025-10-15T14:59:57.277-0700][1251][info ][gc,phases   ] GC(363)   Merge Heap Roots: 18.4ms
[2025-10-15T14:59:57.277-0700][1251][info ][gc,phases   ] GC(363)   Evacuate Collection Set: 154.7ms
[2025-10-15T14:59:57.277-0700][1251][info ][gc,phases   ] GC(363)   Post Evacuate Collection Set: 24.4ms
[2025-10-15T14:59:57.277-0700][1251][info ][gc,phases   ] GC(363)   Other: 0.2ms
[2025-10-15T14:59:57.277-0700][1251][debug][gc,remset   ] GC(363) Coarsening (recent): Inline->AoC 822631 (297) AoC->Howl 1574 (470) Howl->Full 0 (0) Inline->AoC 6582 (165) AoC->BitMap 944 (277) BitMap->Full 0 (0)
[2025-10-15T14:59:57.277-0700][1251][debug][gc,remset   ] GC(363) Coarsening (all): Inline->AoC 148800485 (54240) AoC->Howl 743357 (128745) Howl->Full 0 (0) Inline->AoC 3320566 (38677) AoC->BitMap 616955 (102812) BitMap->Full 9 (0)
[2025-10-15T14:59:57.277-0700][1251][info ][gc,heap     ] GC(363) Eden regions: 2741->0(2316)
[2025-10-15T14:59:57.277-0700][1251][info ][gc,heap     ] GC(363) Survivor regions: 161->161(363)
[2025-10-15T14:59:57.277-0700][1251][info ][gc,heap     ] GC(363) Old regions: 1653->1637
[2025-10-15T14:59:57.277-0700][1251][info ][gc,heap     ] GC(363) Humongous regions: 0->0
[2025-10-15T14:59:57.277-0700][1251][info ][gc,metaspace] GC(363) Metaspace: 304187K(309568K)->304187K(309568K) NonClass: 268432K(271360K)->268432K(271360K) Class: 35754K(38208K)->35754K(38208K)
[2025-10-15T14:59:57.277-0700][1251][info ][gc          ] GC(363) Pause Young (Mixed) (G1 Evacuation Pause) 145748M->57510M(184320M) 198.786ms
[2025-10-15T14:59:57.278-0700][1251][info ][gc,cpu      ] GC(363) User=19.02s Sys=0.19s Real=0.20s
[2025-10-15T14:59:57.279-0700][1251][info ][safepoint   ] Safepoint "G1CollectForAllocation", Time since last: 4256695268 ns, Reaching safepoint: 1962340 ns, Cleanup: 5688 ns, At safepoint: 202403962 ns, Total: 204371990 ns
[2025-10-15T14:59:59.280-0700][1251][info ][safepoint   ] Safepoint "Cleanup", Time since last: 2000136843 ns, Reaching safepoint: 815129 ns, Cleanup: 33851 ns, At safepoint: 310098 ns, Total: 1159078 ns
[2025-10-15T15:00:00.282-0700][1251][info ][safepoint   ] Safepoint "Cleanup", Time since last: 1000110610 ns, Reaching safepoint: 749230 ns, Cleanup: 38007 ns, At safepoint: 245961 ns, Total: 1033198 ns
[2025-10-15T15:00:01.283-0700][1251][info ][safepoint   ] Safepoint "Cleanup", Time since last: 1000100465 ns, Reaching safepoint: 848730 ns, Cleanup: 17406 ns, At safepoint: 388025 ns, Total: 1254161 ns
[2025-10-15T15:00:02.285-0700][1251][info ][safepoint   ] Safepoint "Cleanup", Time since last: 1000104801 ns, Reaching safepoint: 1302424 ns, Cleanup: 9945 ns, At safepoint: 554817 ns, Total: 1867186 ns
[2025-10-15T15:00:02.463-0700][1251][info ][gc,start    ] GC(364) Pause Young (Mixed) (G1 Evacuation Pause)
[2025-10-15T15:00:02.463-0700][1251][info ][gc,task     ] GC(364) Using 113 workers of 113 for evacuation
[2025-10-15T15:00:02.483-0700][1251][debug][gc,remset   ] GC(364) Visited cards 47759616 Total dirty 103940096 (45.95%) Total old 488833024 (9.77%)
[2025-10-15T15:00:02.674-0700][1251][info ][gc,mmu      ] GC(364) MMU target violated: 201.0ms (200.0ms/201.0ms)
[2025-10-15T15:00:02.674-0700][1251][info ][gc,phases   ] GC(364)   Pre Evacuate Collection Set: 0.8ms
[2025-10-15T15:00:02.674-0700][1251][info ][gc,phases   ] GC(364)   Merge Heap Roots: 18.8ms
[2025-10-15T15:00:02.674-0700][1251][info ][gc,phases   ] GC(364)   Evacuate Collection Set: 166.2ms
[2025-10-15T15:00:02.674-0700][1251][info ][gc,phases   ] GC(364)   Post Evacuate Collection Set: 24.8ms
[2025-10-15T15:00:02.674-0700][1251][info ][gc,phases   ] GC(364)   Other: 0.3ms
[2025-10-15T15:00:02.674-0700][1251][debug][gc,remset   ] GC(364) Coarsening (recent): Inline->AoC 889022 (239) AoC->Howl 1779 (579) Howl->Full 0 (0) Inline->AoC 7266 (188) AoC->BitMap 1187 (386) BitMap->Full 0 (0)
[2025-10-15T15:00:02.674-0700][1251][debug][gc,remset   ] GC(364) Coarsening (all): Inline->AoC 149689507 (54479) AoC->Howl 745136 (129324) Howl->Full 0 (0) Inline->AoC 3327832 (38865) AoC->BitMap 618142 (103198) BitMap->Full 9 (0)
[2025-10-15T15:00:02.674-0700][1251][info ][gc,heap     ] GC(364) Eden regions: 2728->0(1890)
[2025-10-15T15:00:02.674-0700][1251][info ][gc,heap     ] GC(364) Survivor regions: 161->173(362)
[2025-10-15T15:00:02.674-0700][1251][info ][gc,heap     ] GC(364) Old regions: 1637->1621
[2025-10-15T15:00:02.674-0700][1251][info ][gc,heap     ] GC(364) Humongous regions: 1->0
[2025-10-15T15:00:02.674-0700][1251][info ][gc,metaspace] GC(364) Metaspace: 304200K(309568K)->304200K(309568K) NonClass: 268445K(271360K)->268445K(271360K) Class: 35754K(38208K)->35754K(38208K)
[2025-10-15T15:00:02.674-0700][1251][info ][gc          ] GC(364) Pause Young (Mixed) (G1 Evacuation Pause) 144838M->57392M(184320M) 210.966ms
[2025-10-15T15:00:02.675-0700][1251][info ][gc,cpu      ] GC(364) User=20.39s Sys=0.14s Real=0.21s
[2025-10-15T15:00:02.676-0700][1251][info ][safepoint   ] Safepoint "G1CollectForAllocation", Time since last: 170570220 ns, Reaching safepoint: 6091848 ns, Cleanup: 6119 ns, At safepoint: 214588449 ns, Total: 220686416 ns
[2025-10-15T15:00:05.541-0700][1251][info ][safepoint   ] Safepoint "Cleanup", Time since last: 2861725377 ns, Reaching safepoint: 2636928 ns, Cleanup: 14412 ns, At safepoint: 225380 ns, Total: 2876720 ns
[2025-10-15T15:00:06.543-0700][1251][info ][safepoint   ] Safepoint "Cleanup", Time since last: 1001150540 ns, Reaching safepoint: 782089 ns, Cleanup: 25679 ns, At safepoint: 222225 ns, Total: 1029993 ns
[2025-10-15T15:00:07.425-0700][1251][info ][gc,start    ] GC(365) Pause Young (Mixed) (G1 Evacuation Pause)
[2025-10-15T15:00:07.425-0700][1251][info ][gc,task     ] GC(365) Using 113 workers of 113 for evacuation
[2025-10-15T15:00:07.444-0700][1251][debug][gc,remset   ] GC(365) Visited cards 48501760 Total dirty 103088128 (47.05%) Total old 475463680 (10.20%)
[2025-10-15T15:00:07.625-0700][1251][info ][gc,phases   ] GC(365)   Pre Evacuate Collection Set: 0.8ms
[2025-10-15T15:00:07.625-0700][1251][info ][gc,phases   ] GC(365)   Merge Heap Roots: 18.1ms
[2025-10-15T15:00:07.625-0700][1251][info ][gc,phases   ] GC(365)   Evacuate Collection Set: 157.5ms
[2025-10-15T15:00:07.625-0700][1251][info ][gc,phases   ] GC(365)   Post Evacuate Collection Set: 23.2ms
[2025-10-15T15:00:07.625-0700][1251][info ][gc,phases   ] GC(365)   Other: 0.2ms
[2025-10-15T15:00:07.625-0700][1251][debug][gc,remset   ] GC(365) Coarsening (recent): Inline->AoC 774886 (231) AoC->Howl 1599 (504) Howl->Full 0 (0) Inline->AoC 6622 (136) AoC->BitMap 1006 (319) BitMap->Full 0 (0)
[2025-10-15T15:00:07.625-0700][1251][debug][gc,remset   ] GC(365) Coarsening (all): Inline->AoC 150464393 (54710) AoC->Howl 746735 (129828) Howl->Full 0 (0) Inline->AoC 3334454 (39001) AoC->BitMap 619148 (103517) BitMap->Full 9 (0)
[2025-10-15T15:00:07.625-0700][1251][info ][gc,heap     ] GC(365) Eden regions: 2622->0(1791)
[2025-10-15T15:00:07.625-0700][1251][info ][gc,heap     ] GC(365) Survivor regions: 173->180(350)
[2025-10-15T15:00:07.625-0700][1251][info ][gc,heap     ] GC(365) Old regions: 1621->1606
[2025-10-15T15:00:07.625-0700][1251][info ][gc,heap     ] GC(365) Humongous regions: 1->0
[2025-10-15T15:00:07.625-0700][1251][info ][gc,metaspace] GC(365) Metaspace: 304207K(309568K)->304207K(309568K) NonClass: 268452K(271360K)->268452K(271360K) Class: 35754K(38208K)->35754K(38208K)
[2025-10-15T15:00:07.625-0700][1251][info ][gc          ] GC(365) Pause Young (Mixed) (G1 Evacuation Pause) 141328M->57117M(184320M) 200.002ms
[2025-10-15T15:00:07.626-0700][1251][info ][gc,cpu      ] GC(365) User=19.45s Sys=0.30s Real=0.20s
[2025-10-15T15:00:07.627-0700][1251][info ][safepoint   ] Safepoint "G1CollectForAllocation", Time since last: 878722485 ns, Reaching safepoint: 1960016 ns, Cleanup: 49154 ns, At safepoint: 203677547 ns, Total: 205686717 ns
[2025-10-15T15:00:08.637-0700][1251][info ][safepoint   ] Safepoint "Cleanup", Time since last: 1000088197 ns, Reaching safepoint: 8166889 ns, Cleanup: 18288 ns, At safepoint: 1118737 ns, Total: 9303914 ns
[2025-10-15T15:00:12.115-0700][1251][info ][gc,start    ] GC(366) Pause Young (Mixed) (G1 Evacuation Pause)
[2025-10-15T15:00:12.116-0700][1251][info ][gc,task     ] GC(366) Using 113 workers of 113 for evacuation
[2025-10-15T15:00:12.135-0700][1251][debug][gc,remset   ] GC(366) Visited cards 49631232 Total dirty 101711872 (48.80%) Total old 479395840 (10.35%)
[2025-10-15T15:00:12.336-0700][1251][info ][gc,mmu      ] GC(366) MMU target violated: 201.0ms (200.0ms/201.0ms)
[2025-10-15T15:00:12.336-0700][1251][info ][gc,phases   ] GC(366)   Pre Evacuate Collection Set: 0.8ms
[2025-10-15T15:00:12.336-0700][1251][info ][gc,phases   ] GC(366)   Merge Heap Roots: 18.1ms
[2025-10-15T15:00:12.336-0700][1251][info ][gc,phases   ] GC(366)   Evacuate Collection Set: 179.2ms
[2025-10-15T15:00:12.336-0700][1251][info ][gc,phases   ] GC(366)   Post Evacuate Collection Set: 22.1ms
[2025-10-15T15:00:12.336-0700][1251][info ][gc,phases   ] GC(366)   Other: 0.2ms
[2025-10-15T15:00:12.336-0700][1251][debug][gc,remset   ] GC(366) Coarsening (recent): Inline->AoC 612379 (216) AoC->Howl 1437 (380) Howl->Full 0 (0) Inline->AoC 6580 (143) AoC->BitMap 932 (242) BitMap->Full 0 (0)
[2025-10-15T15:00:12.336-0700][1251][debug][gc,remset   ] GC(366) Coarsening (all): Inline->AoC 151076772 (54926) AoC->Howl 748172 (130208) Howl->Full 0 (0) Inline->AoC 3341034 (39144) AoC->BitMap 620080 (103759) BitMap->Full 9 (0)
[2025-10-15T15:00:12.336-0700][1251][info ][gc,heap     ] GC(366) Eden regions: 2653->0(2003)
[2025-10-15T15:00:12.336-0700][1251][info ][gc,heap     ] GC(366) Survivor regions: 180->186(355)
[2025-10-15T15:00:12.336-0700][1251][info ][gc,heap     ] GC(366) Old regions: 1606->1591
[2025-10-15T15:00:12.336-0700][1251][info ][gc,heap     ] GC(366) Humongous regions: 0->0
[2025-10-15T15:00:12.336-0700][1251][info ][gc,metaspace] GC(366) Metaspace: 304214K(309568K)->304214K(309568K) NonClass: 268459K(271360K)->268459K(271360K) Class: 35754K(38208K)->35754K(38208K)
[2025-10-15T15:00:12.336-0700][1251][info ][gc          ] GC(366) Pause Young (Mixed) (G1 Evacuation Pause) 142013M->56841M(184320M) 220.620ms
[2025-10-15T15:00:12.337-0700][1251][info ][gc,cpu      ] GC(366) User=20.56s Sys=0.28s Real=0.22s
[2025-10-15T15:00:12.338-0700][1251][info ][safepoint   ] Safepoint "G1CollectForAllocation", Time since last: 3474703458 ns, Reaching safepoint: 2791751 ns, Cleanup: 5819 ns, At safepoint: 224127313 ns, Total: 226924883 ns
[2025-10-15T15:00:14.386-0700][1251][info ][safepoint   ] Safepoint "Cleanup", Time since last: 2000139660 ns, Reaching safepoint: 46660024 ns, Cleanup: 12128 ns, At safepoint: 309687 ns, Total: 46981839 ns
[2025-10-15T15:00:17.494-0700][1251][info ][gc,start    ] GC(367) Pause Young (Mixed) (G1 Evacuation Pause)
[2025-10-15T15:00:17.494-0700][1251][info ][gc,task     ] GC(367) Using 113 workers of 113 for evacuation
[2025-10-15T15:00:17.512-0700][1251][debug][gc,remset   ] GC(367) Visited cards 50150912 Total dirty 101842944 (49.24%) Total old 465895424 (10.76%)
[2025-10-15T15:00:17.691-0700][1251][info ][gc,phases   ] GC(367)   Pre Evacuate Collection Set: 0.7ms
[2025-10-15T15:00:17.691-0700][1251][info ][gc,phases   ] GC(367)   Merge Heap Roots: 16.7ms
[2025-10-15T15:00:17.691-0700][1251][info ][gc,phases   ] GC(367)   Evacuate Collection Set: 158.7ms
[2025-10-15T15:00:17.691-0700][1251][info ][gc,phases   ] GC(367)   Post Evacuate Collection Set: 21.1ms
[2025-10-15T15:00:17.692-0700][1251][info ][gc,phases   ] GC(367)   Other: 0.2ms
[2025-10-15T15:00:17.692-0700][1251][debug][gc,remset   ] GC(367) Coarsening (recent): Inline->AoC 774995 (196) AoC->Howl 1582 (477) Howl->Full 0 (0) Inline->AoC 6952 (139) AoC->BitMap 950 (268) BitMap->Full 0 (0)
[2025-10-15T15:00:17.692-0700][1251][debug][gc,remset   ] GC(367) Coarsening (all): Inline->AoC 151851767 (55122) AoC->Howl 749754 (130685) Howl->Full 0 (0) Inline->AoC 3347986 (39283) AoC->BitMap 621030 (104027) BitMap->Full 9 (0)
[2025-10-15T15:00:17.692-0700][1251][info ][gc,heap     ] GC(367) Eden regions: 2559->0(2330)
[2025-10-15T15:00:17.692-0700][1251][info ][gc,heap     ] GC(367) Survivor regions: 186->192(344)
[2025-10-15T15:00:17.692-0700][1251][info ][gc,heap     ] GC(367) Old regions: 1591->1582
[2025-10-15T15:00:17.692-0700][1251][info ][gc,heap     ] GC(367) Humongous regions: 0->0
[2025-10-15T15:00:17.692-0700][1251][info ][gc,metaspace] GC(367) Metaspace: 304214K(309568K)->304214K(309568K) NonClass: 268459K(271360K)->268459K(271360K) Class: 35754K(38208K)->35754K(38208K)
[2025-10-15T15:00:17.692-0700][1251][info ][gc          ] GC(367) Pause Young (Mixed) (G1 Evacuation Pause) 138729M->56722M(184320M) 197.604ms
[2025-10-15T15:00:17.693-0700][1251][info ][gc,cpu      ] GC(367) User=19.43s Sys=0.40s Real=0.20s
[2025-10-15T15:00:17.694-0700][1251][info ][safepoint   ] Safepoint "G1CollectForAllocation", Time since last: 3106352220 ns, Reaching safepoint: 990374 ns, Cleanup: 4787 ns, At safepoint: 201082022 ns, Total: 202077183 ns
[2025-10-15T15:00:20.695-0700][1251][info ][safepoint   ] Safepoint "Cleanup", Time since last: 3000203470 ns, Reaching safepoint: 820277 ns, Cleanup: 10035 ns, At safepoint: 222636 ns, Total: 1052948 ns
[2025-10-15T15:00:22.212-0700][1251][info ][gc,start    ] GC(368) Pause Young (Concurrent Start) (G1 Evacuation Pause)
[2025-10-15T15:00:22.212-0700][1251][info ][gc,task     ] GC(368) Using 113 workers of 113 for evacuation
[2025-10-15T15:00:22.231-0700][1251][debug][gc,remset   ] GC(368) Visited cards 35733248 Total dirty 102498304 (34.86%) Total old 445513728 (8.02%)
[2025-10-15T15:00:22.407-0700][1251][info ][gc,phases   ] GC(368)   Pre Evacuate Collection Set: 1.1ms
[2025-10-15T15:00:22.407-0700][1251][info ][gc,phases   ] GC(368)   Merge Heap Roots: 17.8ms
[2025-10-15T15:00:22.407-0700][1251][info ][gc,phases   ] GC(368)   Evacuate Collection Set: 154.3ms
[2025-10-15T15:00:22.407-0700][1251][info ][gc,phases   ] GC(368)   Post Evacuate Collection Set: 21.5ms
[2025-10-15T15:00:22.407-0700][1251][info ][gc,phases   ] GC(368)   Other: 0.2ms
[2025-10-15T15:00:22.407-0700][1251][debug][gc,remset   ] GC(368) Coarsening (recent): Inline->AoC 869678 (216) AoC->Howl 1549 (488) Howl->Full 0 (0) Inline->AoC 6532 (140) AoC->BitMap 941 (260) BitMap->Full 0 (0)
[2025-10-15T15:00:22.407-0700][1251][debug][gc,remset   ] GC(368) Coarsening (all): Inline->AoC 152721445 (55338) AoC->Howl 751303 (131173) Howl->Full 0 (0) Inline->AoC 3354518 (39423) AoC->BitMap 621971 (104287) BitMap->Full 9 (0)
[2025-10-15T15:00:22.407-0700][1251][info ][gc,heap     ] GC(368) Eden regions: 2416->0(2985)
[2025-10-15T15:00:22.407-0700][1251][info ][gc,heap     ] GC(368) Survivor regions: 192->175(326)
[2025-10-15T15:00:22.407-0700][1251][info ][gc,heap     ] GC(368) Old regions: 1582->1598
[2025-10-15T15:00:22.407-0700][1251][info ][gc,heap     ] GC(368) Humongous regions: 0->0
[2025-10-15T15:00:22.407-0700][1251][info ][gc,metaspace] GC(368) Metaspace: 304214K(309568K)->304214K(309568K) NonClass: 268459K(271360K)->268459K(271360K) Class: 35754K(38208K)->35754K(38208K)
[2025-10-15T15:00:22.407-0700][1251][info ][gc          ] GC(368) Pause Young (Concurrent Start) (G1 Evacuation Pause) 134034M->56708M(184320M) 194.961ms
[2025-10-15T15:00:22.407-0700][1134][info ][gc          ] GC(369) Concurrent Mark Cycle
[2025-10-15T15:00:22.407-0700][1134][info ][gc,marking  ] GC(369) Concurrent Scan Root Regions
[2025-10-15T15:00:22.409-0700][1251][info ][gc,cpu      ] GC(368) User=18.02s Sys=0.36s Real=0.20s
[2025-10-15T15:00:22.410-0700][1251][info ][safepoint   ] Safepoint "G1CollectForAllocation", Time since last: 1512843360 ns, Reaching safepoint: 2854446 ns, Cleanup: 5789 ns, At safepoint: 198940170 ns, Total: 201800405 ns
[2025-10-15T15:00:22.484-0700][1134][info ][gc,marking  ] GC(369) Concurrent Scan Root Regions 76.764ms
[2025-10-15T15:00:22.484-0700][1134][info ][gc,marking  ] GC(369) Concurrent Mark
[2025-10-15T15:00:22.484-0700][1134][info ][gc,marking  ] GC(369) Concurrent Mark From Roots
[2025-10-15T15:00:22.484-0700][1134][info ][gc,task     ] GC(369) Using 36 workers of 36 for marking
[2025-10-15T15:00:24.365-0700][1134][info ][gc,marking  ] GC(369) Concurrent Mark From Roots 1881.014ms
[2025-10-15T15:00:24.365-0700][1134][info ][gc,marking  ] GC(369) Concurrent Preclean
[2025-10-15T15:00:24.386-0700][1134][info ][gc,marking  ] GC(369) Concurrent Preclean 20.991ms
[2025-10-15T15:00:24.389-0700][1251][info ][gc,start    ] GC(369) Pause Remark
[2025-10-15T15:00:24.691-0700][1251][info ][gc,mmu      ] GC(369) MMU target violated: 201.0ms (200.0ms/201.0ms)
[2025-10-15T15:00:24.691-0700][1251][info ][gc          ] GC(369) Pause Remark 91450M->91450M(184320M) 302.444ms
[2025-10-15T15:00:24.692-0700][1251][info ][gc,cpu      ] GC(369) User=1.90s Sys=0.00s Real=0.30s
[2025-10-15T15:00:24.704-0700][1251][info ][safepoint   ] Safepoint "G1PauseRemark", Time since last: 1976590758 ns, Reaching safepoint: 991395 ns, Cleanup: 4617 ns, At safepoint: 316656459 ns, Total: 317652471 ns
[2025-10-15T15:00:24.706-0700][1134][info ][gc,marking  ] GC(369) Concurrent Mark 2221.411ms
[2025-10-15T15:00:24.706-0700][1134][info ][gc,marking  ] GC(369) Concurrent Rebuild Remembered Sets and Scrub Regions
[2025-10-15T15:00:25.706-0700][1251][info ][safepoint   ] Safepoint "Cleanup", Time since last: 1000112073 ns, Reaching safepoint: 1543999 ns, Cleanup: 87753 ns, At safepoint: 451361 ns, Total: 2083113 ns
[2025-10-15T15:00:26.563-0700][1134][info ][gc,marking  ] GC(369) Concurrent Rebuild Remembered Sets and Scrub Regions 1857.037ms
[2025-10-15T15:00:26.565-0700][1251][info ][gc,start    ] GC(369) Pause Cleanup
[2025-10-15T15:00:26.569-0700][1251][info ][gc          ] GC(369) Pause Cleanup 123836M->123836M(184320M) 3.536ms
[2025-10-15T15:00:26.570-0700][1251][info ][gc,cpu      ] GC(369) User=0.02s Sys=0.00s Real=0.01s
[2025-10-15T15:00:26.570-0700][1251][info ][safepoint   ] Safepoint "G1PauseCleanup", Time since last: 856595436 ns, Reaching safepoint: 816832 ns, Cleanup: 11408 ns, At safepoint: 6419243 ns, Total: 7247483 ns
[2025-10-15T15:00:26.570-0700][1134][info ][gc,marking  ] GC(369) Concurrent Clear Claimed Marks
[2025-10-15T15:00:26.571-0700][1134][info ][gc,marking  ] GC(369) Concurrent Clear Claimed Marks 0.820ms
[2025-10-15T15:00:26.571-0700][1134][info ][gc,marking  ] GC(369) Concurrent Cleanup for Next Mark
[2025-10-15T15:00:26.601-0700][1134][info ][gc,marking  ] GC(369) Concurrent Cleanup for Next Mark 29.805ms
[2025-10-15T15:00:26.601-0700][1134][info ][gc          ] GC(369) Concurrent Mark Cycle 4193.458ms
[2025-10-15T15:00:27.997-0700][1251][info ][gc,start    ] GC(370) Pause Young (Prepare Mixed) (G1 Evacuation Pause)
[2025-10-15T15:00:27.997-0700][1251][info ][gc,task     ] GC(370) Using 113 workers of 113 for evacuation
[2025-10-15T15:00:28.017-0700][1251][debug][gc,remset   ] GC(370) Visited cards 34783488 Total dirty 103612416 (33.57%) Total old 500432896 (6.95%)
[2025-10-15T15:00:28.186-0700][1251][info ][gc,phases   ] GC(370)   Pre Evacuate Collection Set: 0.8ms
[2025-10-15T15:00:28.186-0700][1251][info ][gc,phases   ] GC(370)   Merge Heap Roots: 19.1ms
[2025-10-15T15:00:28.186-0700][1251][info ][gc,phases   ] GC(370)   Evacuate Collection Set: 145.4ms
[2025-10-15T15:00:28.186-0700][1251][info ][gc,phases   ] GC(370)   Post Evacuate Collection Set: 22.8ms
[2025-10-15T15:00:28.186-0700][1251][info ][gc,phases   ] GC(370)   Other: 0.2ms
[2025-10-15T15:00:28.186-0700][1251][debug][gc,remset   ] GC(370) Coarsening (recent): Inline->AoC 1516269 (204) AoC->Howl 50006 (299) Howl->Full 0 (0) Inline->AoC 253627 (95) AoC->BitMap 40879 (124) BitMap->Full 0 (0)
[2025-10-15T15:00:28.186-0700][1251][debug][gc,remset   ] GC(370) Coarsening (all): Inline->AoC 154237714 (55542) AoC->Howl 801309 (131472) Howl->Full 0 (0) Inline->AoC 3608145 (39518) AoC->BitMap 662850 (104411) BitMap->Full 9 (0)
[2025-10-15T15:00:28.186-0700][1251][info ][gc,heap     ] GC(370) Eden regions: 2844->0(2686)
[2025-10-15T15:00:28.186-0700][1251][info ][gc,heap     ] GC(370) Survivor regions: 175->183(378)
[2025-10-15T15:00:28.186-0700][1251][info ][gc,heap     ] GC(370) Old regions: 1598->1598
[2025-10-15T15:00:28.186-0700][1251][info ][gc,heap     ] GC(370) Humongous regions: 0->0
[2025-10-15T15:00:28.186-0700][1251][info ][gc,metaspace] GC(370) Metaspace: 304214K(309568K)->304214K(309568K) NonClass: 268459K(271360K)->268459K(271360K) Class: 35754K(38208K)->35754K(38208K)
[2025-10-15T15:00:28.186-0700][1251][info ][gc          ] GC(370) Pause Young (Prepare Mixed) (G1 Evacuation Pause) 147716M->56972M(184320M) 188.540ms
[2025-10-15T15:00:28.187-0700][1251][info ][gc,cpu      ] GC(370) User=18.14s Sys=0.27s Real=0.19s
[2025-10-15T15:00:28.188-0700][1251][info ][safepoint   ] Safepoint "G1CollectForAllocation", Time since last: 1424297754 ns, Reaching safepoint: 1436457 ns, Cleanup: 5207 ns, At safepoint: 192166433 ns, Total: 193608097 ns
[2025-10-15T15:00:33.521-0700][1251][info ][gc,start    ] GC(371) Pause Young (Mixed) (G1 Evacuation Pause)
[2025-10-15T15:00:33.521-0700][1251][info ][gc,task     ] GC(371) Using 113 workers of 113 for evacuation
[2025-10-15T15:00:33.541-0700][1251][debug][gc,remset   ] GC(371) Visited cards 37949952 Total dirty 102825984 (36.91%) Total old 508035072 (7.47%)
[2025-10-15T15:00:33.710-0700][1251][info ][gc,phases   ] GC(371)   Pre Evacuate Collection Set: 0.8ms
[2025-10-15T15:00:33.710-0700][1251][info ][gc,phases   ] GC(371)   Merge Heap Roots: 18.7ms
[2025-10-15T15:00:33.710-0700][1251][info ][gc,phases   ] GC(371)   Evacuate Collection Set: 146.8ms
[2025-10-15T15:00:33.710-0700][1251][info ][gc,phases   ] GC(371)   Post Evacuate Collection Set: 23.0ms
[2025-10-15T15:00:33.710-0700][1251][info ][gc,phases   ] GC(371)   Other: 0.2ms
[2025-10-15T15:00:33.710-0700][1251][debug][gc,remset   ] GC(371) Coarsening (recent): Inline->AoC 900057 (231) AoC->Howl 1459 (447) Howl->Full 0 (0) Inline->AoC 6271 (125) AoC->BitMap 876 (311) BitMap->Full 0 (0)
[2025-10-15T15:00:33.710-0700][1251][debug][gc,remset   ] GC(371) Coarsening (all): Inline->AoC 155137771 (55773) AoC->Howl 802768 (131919) Howl->Full 0 (0) Inline->AoC 3614416 (39643) AoC->BitMap 663726 (104722) BitMap->Full 9 (0)
[2025-10-15T15:00:33.710-0700][1251][info ][gc,heap     ] GC(371) Eden regions: 2885->0(2565)
[2025-10-15T15:00:33.710-0700][1251][info ][gc,heap     ] GC(371) Survivor regions: 183->180(384)
[2025-10-15T15:00:33.710-0700][1251][info ][gc,heap     ] GC(371) Old regions: 1598->1587
[2025-10-15T15:00:33.710-0700][1251][info ][gc,heap     ] GC(371) Humongous regions: 0->0
[2025-10-15T15:00:33.710-0700][1251][info ][gc,metaspace] GC(371) Metaspace: 304214K(309568K)->304214K(309568K) NonClass: 268459K(271360K)->268459K(271360K) Class: 35754K(38208K)->35754K(38208K)
[2025-10-15T15:00:33.711-0700][1251][info ][gc          ] GC(371) Pause Young (Mixed) (G1 Evacuation Pause) 149292M->56537M(184320M) 189.686ms
[2025-10-15T15:00:33.712-0700][1251][info ][gc,cpu      ] GC(371) User=18.70s Sys=0.29s Real=0.19s
[2025-10-15T15:00:33.713-0700][1251][info ][safepoint   ] Safepoint "G1CollectForAllocation", Time since last: 5329766967 ns, Reaching safepoint: 1825624 ns, Cleanup: 5539 ns, At safepoint: 193104958 ns, Total: 194936121 ns
[2025-10-15T15:00:39.172-0700][1251][info ][gc,start    ] GC(372) Pause Young (Mixed) (G1 Evacuation Pause)
[2025-10-15T15:00:39.172-0700][1251][info ][gc,task     ] GC(372) Using 113 workers of 113 for evacuation
[2025-10-15T15:00:39.192-0700][1251][debug][gc,remset   ] GC(372) Visited cards 42988032 Total dirty 102105088 (42.10%) Total old 480837632 (8.94%)
[2025-10-15T15:00:39.375-0700][1251][info ][gc,mmu      ] GC(372) MMU target violated: 201.0ms (200.0ms/201.0ms)
[2025-10-15T15:00:39.375-0700][1251][info ][gc,phases   ] GC(372)   Pre Evacuate Collection Set: 0.8ms
[2025-10-15T15:00:39.375-0700][1251][info ][gc,phases   ] GC(372)   Merge Heap Roots: 19.6ms
[2025-10-15T15:00:39.375-0700][1251][info ][gc,phases   ] GC(372)   Evacuate Collection Set: 158.3ms
[2025-10-15T15:00:39.375-0700][1251][info ][gc,phases   ] GC(372)   Post Evacuate Collection Set: 24.2ms
[2025-10-15T15:00:39.375-0700][1251][info ][gc,phases   ] GC(372)   Other: 0.3ms
[2025-10-15T15:00:39.375-0700][1251][debug][gc,remset   ] GC(372) Coarsening (recent): Inline->AoC 848814 (246) AoC->Howl 1722 (598) Howl->Full 0 (0) Inline->AoC 6973 (183) AoC->BitMap 1253 (471) BitMap->Full 0 (0)
[2025-10-15T15:00:39.375-0700][1251][debug][gc,remset   ] GC(372) Coarsening (all): Inline->AoC 155986585 (56019) AoC->Howl 804490 (132517) Howl->Full 0 (0) Inline->AoC 3621389 (39826) AoC->BitMap 664979 (105193) BitMap->Full 9 (0)
[2025-10-15T15:00:39.375-0700][1251][info ][gc,heap     ] GC(372) Eden regions: 2686->0(2325)
[2025-10-15T15:00:39.375-0700][1251][info ][gc,heap     ] GC(372) Survivor regions: 180->191(359)
[2025-10-15T15:00:39.375-0700][1251][info ][gc,heap     ] GC(372) Old regions: 1587->1580
[2025-10-15T15:00:39.375-0700][1251][info ][gc,heap     ] GC(372) Humongous regions: 0->0
[2025-10-15T15:00:39.375-0700][1251][info ][gc,metaspace] GC(372) Metaspace: 304214K(309568K)->304214K(309568K) NonClass: 268459K(271360K)->268459K(271360K) Class: 35754K(38208K)->35754K(38208K)
[2025-10-15T15:00:39.375-0700][1251][info ][gc          ] GC(372) Pause Young (Mixed) (G1 Evacuation Pause) 142489M->56646M(184320M) 203.327ms
[2025-10-15T15:00:39.376-0700][1251][info ][gc,cpu      ] GC(372) User=19.63s Sys=0.20s Real=0.20s
[2025-10-15T15:00:39.377-0700][1251][info ][safepoint   ] Safepoint "G1CollectForAllocation", Time since last: 5450616823 ns, Reaching safepoint: 7214642 ns, Cleanup: 5739 ns, At safepoint: 206796161 ns, Total: 214016542 ns
[2025-10-15T15:00:44.576-0700][1251][info ][gc,start    ] GC(373) Pause Young (Mixed) (G1 Evacuation Pause)
[2025-10-15T15:00:44.576-0700][1251][info ][gc,task     ] GC(373) Using 113 workers of 113 for evacuation
[2025-10-15T15:00:44.595-0700][1251][debug][gc,remset   ] GC(373) Visited cards 43109376 Total dirty 101711872 (42.38%) Total old 480509952 (8.97%)
[2025-10-15T15:00:44.774-0700][1251][info ][gc,phases   ] GC(373)   Pre Evacuate Collection Set: 0.8ms
[2025-10-15T15:00:44.774-0700][1251][info ][gc,phases   ] GC(373)   Merge Heap Roots: 18.1ms
[2025-10-15T15:00:44.774-0700][1251][info ][gc,phases   ] GC(373)   Evacuate Collection Set: 155.5ms
[2025-10-15T15:00:44.774-0700][1251][info ][gc,phases   ] GC(373)   Post Evacuate Collection Set: 23.1ms
[2025-10-15T15:00:44.774-0700][1251][info ][gc,phases   ] GC(373)   Other: 0.2ms
[2025-10-15T15:00:44.774-0700][1251][debug][gc,remset   ] GC(373) Coarsening (recent): Inline->AoC 872916 (261) AoC->Howl 1721 (557) Howl->Full 0 (0) Inline->AoC 7085 (171) AoC->BitMap 1327 (505) BitMap->Full 0 (0)
[2025-10-15T15:00:44.774-0700][1251][debug][gc,remset   ] GC(373) Coarsening (all): Inline->AoC 156859501 (56280) AoC->Howl 806211 (133074) Howl->Full 0 (0) Inline->AoC 3628474 (39997) AoC->BitMap 666306 (105698) BitMap->Full 9 (0)
[2025-10-15T15:00:44.774-0700][1251][info ][gc,heap     ] GC(373) Eden regions: 2676->0(2430)
[2025-10-15T15:00:44.774-0700][1251][info ][gc,heap     ] GC(373) Survivor regions: 191->187(359)
[2025-10-15T15:00:44.774-0700][1251][info ][gc,heap     ] GC(373) Old regions: 1580->1573
[2025-10-15T15:00:44.774-0700][1251][info ][gc,heap     ] GC(373) Humongous regions: 0->0
[2025-10-15T15:00:44.774-0700][1251][info ][gc,metaspace] GC(373) Metaspace: 304214K(309568K)->304214K(309568K) NonClass: 268459K(271360K)->268459K(271360K) Class: 35754K(38208K)->35754K(38208K)
[2025-10-15T15:00:44.774-0700][1251][info ][gc          ] GC(373) Pause Young (Mixed) (G1 Evacuation Pause) 142278M->56299M(184320M) 197.914ms
[2025-10-15T15:00:44.775-0700][1251][info ][gc,cpu      ] GC(373) User=19.27s Sys=0.27s Real=0.20s
[2025-10-15T15:00:44.776-0700][1251][info ][safepoint   ] Safepoint "G1CollectForAllocation", Time since last: 5196128389 ns, Reaching safepoint: 1073159 ns, Cleanup: 5428 ns, At safepoint: 201355697 ns, Total: 202434284 ns
[2025-10-15T15:00:50.121-0700][1251][info ][gc,start    ] GC(374) Pause Young (Mixed) (G1 Evacuation Pause)
[2025-10-15T15:00:50.121-0700][1251][info ][gc,task     ] GC(374) Using 113 workers of 113 for evacuation
[2025-10-15T15:00:50.140-0700][1251][debug][gc,remset   ] GC(374) Visited cards 43131136 Total dirty 100990976 (42.71%) Total old 472186880 (9.13%)
[2025-10-15T15:00:50.314-0700][1251][info ][gc,phases   ] GC(374)   Pre Evacuate Collection Set: 0.9ms
[2025-10-15T15:00:50.314-0700][1251][info ][gc,phases   ] GC(374)   Merge Heap Roots: 18.6ms
[2025-10-15T15:00:50.314-0700][1251][info ][gc,phases   ] GC(374)   Evacuate Collection Set: 150.2ms
[2025-10-15T15:00:50.314-0700][1251][info ][gc,phases   ] GC(374)   Post Evacuate Collection Set: 22.9ms
[2025-10-15T15:00:50.314-0700][1251][info ][gc,phases   ] GC(374)   Other: 0.2ms
[2025-10-15T15:00:50.314-0700][1251][debug][gc,remset   ] GC(374) Coarsening (recent): Inline->AoC 872518 (234) AoC->Howl 1740 (615) Howl->Full 0 (0) Inline->AoC 6986 (175) AoC->BitMap 1162 (408) BitMap->Full 0 (0)
[2025-10-15T15:00:50.314-0700][1251][debug][gc,remset   ] GC(374) Coarsening (all): Inline->AoC 157732019 (56514) AoC->Howl 807951 (133689) Howl->Full 0 (0) Inline->AoC 3635460 (40172) AoC->BitMap 667468 (106106) BitMap->Full 9 (0)
[2025-10-15T15:00:50.314-0700][1251][info ][gc,heap     ] GC(374) Eden regions: 2620->0(2511)
[2025-10-15T15:00:50.314-0700][1251][info ][gc,heap     ] GC(374) Survivor regions: 187->187(351)
[2025-10-15T15:00:50.314-0700][1251][info ][gc,heap     ] GC(374) Old regions: 1573->1566
[2025-10-15T15:00:50.314-0700][1251][info ][gc,heap     ] GC(374) Humongous regions: 0->0
[2025-10-15T15:00:50.314-0700][1251][info ][gc,metaspace] GC(374) Metaspace: 304216K(309568K)->304216K(309568K) NonClass: 268461K(271360K)->268461K(271360K) Class: 35754K(38208K)->35754K(38208K)
[2025-10-15T15:00:50.314-0700][1251][info ][gc          ] GC(374) Pause Young (Mixed) (G1 Evacuation Pause) 140139M->56084M(184320M) 193.004ms
[2025-10-15T15:00:50.315-0700][1251][info ][gc,cpu      ] GC(374) User=18.97s Sys=0.37s Real=0.19s
[2025-10-15T15:00:50.316-0700][1251][info ][safepoint   ] Safepoint "G1CollectForAllocation", Time since last: 5342330939 ns, Reaching safepoint: 1205808 ns, Cleanup: 5529 ns, At safepoint: 196591181 ns, Total: 197802518 ns
[2025-10-15T15:00:52.328-0700][1251][info ][safepoint   ] Safepoint "Cleanup", Time since last: 2000147150 ns, Reaching safepoint: 10295698 ns, Cleanup: 12419 ns, At safepoint: 1521725 ns, Total: 11829842 ns
[2025-10-15T15:00:55.725-0700][1251][info ][gc,start    ] GC(375) Pause Young (Mixed) (G1 Evacuation Pause)
[2025-10-15T15:00:55.726-0700][1251][info ][gc,task     ] GC(375) Using 113 workers of 113 for evacuation
[2025-10-15T15:00:55.745-0700][1251][debug][gc,remset   ] GC(375) Visited cards 42446080 Total dirty 100925440 (42.06%) Total old 498597888 (8.51%)
[2025-10-15T15:00:55.926-0700][1251][info ][gc,mmu      ] GC(375) MMU target violated: 200.4ms (200.0ms/201.0ms)
[2025-10-15T15:00:55.926-0700][1251][info ][gc,phases   ] GC(375)   Pre Evacuate Collection Set: 0.8ms
[2025-10-15T15:00:55.926-0700][1251][info ][gc,phases   ] GC(375)   Merge Heap Roots: 18.5ms
[2025-10-15T15:00:55.926-0700][1251][info ][gc,phases   ] GC(375)   Evacuate Collection Set: 157.7ms
[2025-10-15T15:00:55.926-0700][1251][info ][gc,phases   ] GC(375)   Post Evacuate Collection Set: 23.3ms
[2025-10-15T15:00:55.926-0700][1251][info ][gc,phases   ] GC(375)   Other: 0.2ms
[2025-10-15T15:00:55.926-0700][1251][debug][gc,remset   ] GC(375) Coarsening (recent): Inline->AoC 842841 (243) AoC->Howl 1646 (529) Howl->Full 0 (0) Inline->AoC 6729 (154) AoC->BitMap 1164 (393) BitMap->Full 0 (0)
[2025-10-15T15:00:55.926-0700][1251][debug][gc,remset   ] GC(375) Coarsening (all): Inline->AoC 158574860 (56757) AoC->Howl 809597 (134218) Howl->Full 0 (0) Inline->AoC 3642189 (40326) AoC->BitMap 668632 (106499) BitMap->Full 9 (0)
[2025-10-15T15:00:55.926-0700][1251][info ][gc,heap     ] GC(375) Eden regions: 2825->0(2565)
[2025-10-15T15:00:55.926-0700][1251][info ][gc,heap     ] GC(375) Survivor regions: 187->188(377)
[2025-10-15T15:00:55.926-0700][1251][info ][gc,heap     ] GC(375) Old regions: 1566->1559
[2025-10-15T15:00:55.926-0700][1251][info ][gc,heap     ] GC(375) Humongous regions: 0->0
[2025-10-15T15:00:55.926-0700][1251][info ][gc,metaspace] GC(375) Metaspace: 304218K(309568K)->304218K(309568K) NonClass: 268464K(271360K)->268464K(271360K) Class: 35754K(38208K)->35754K(38208K)
[2025-10-15T15:00:55.926-0700][1251][info ][gc          ] GC(375) Pause Young (Mixed) (G1 Evacuation Pause) 146484M->55904M(184320M) 200.665ms
[2025-10-15T15:00:55.927-0700][1251][info ][gc,cpu      ] GC(375) User=19.27s Sys=0.32s Real=0.20s
[2025-10-15T15:00:55.928-0700][1251][info ][safepoint   ] Safepoint "G1CollectForAllocation", Time since last: 3383856630 ns, Reaching safepoint: 12295594 ns, Cleanup: 6200 ns, At safepoint: 204239987 ns, Total: 216541781 ns
[2025-10-15T15:00:59.930-0700][1251][info ][safepoint   ] Safepoint "Cleanup", Time since last: 4000275742 ns, Reaching safepoint: 848280 ns, Cleanup: 67932 ns, At safepoint: 291179 ns, Total: 1207391 ns
[2025-10-15T15:01:00.932-0700][1251][info ][safepoint   ] Safepoint "Cleanup", Time since last: 1000103721 ns, Reaching safepoint: 1348844 ns, Cleanup: 12268 ns, At safepoint: 350469 ns, Total: 1711581 ns
[2025-10-15T15:01:01.420-0700][1251][info ][gc,start    ] GC(376) Pause Young (Mixed) (G1 Evacuation Pause)
[2025-10-15T15:01:01.420-0700][1251][info ][gc,task     ] GC(376) Using 113 workers of 113 for evacuation
[2025-10-15T15:01:01.439-0700][1251][debug][gc,remset   ] GC(376) Visited cards 42437120 Total dirty 100401152 (42.27%) Total old 556335104 (7.63%)
[2025-10-15T15:01:01.622-0700][1251][info ][gc,mmu      ] GC(376) MMU target violated: 201.0ms (200.0ms/201.0ms)
[2025-10-15T15:01:01.622-0700][1251][info ][gc,phases   ] GC(376)   Pre Evacuate Collection Set: 0.7ms
[2025-10-15T15:01:01.622-0700][1251][info ][gc,phases   ] GC(376)   Merge Heap Roots: 18.2ms
[2025-10-15T15:01:01.622-0700][1251][info ][gc,phases   ] GC(376)   Evacuate Collection Set: 160.6ms
[2025-10-15T15:01:01.622-0700][1251][info ][gc,phases   ] GC(376)   Post Evacuate Collection Set: 22.6ms
[2025-10-15T15:01:01.622-0700][1251][info ][gc,phases   ] GC(376)   Other: 0.3ms
[2025-10-15T15:01:01.622-0700][1251][debug][gc,remset   ] GC(376) Coarsening (recent): Inline->AoC 798109 (231) AoC->Howl 1566 (430) Howl->Full 0 (0) Inline->AoC 7012 (116) AoC->BitMap 1071 (332) BitMap->Full 0 (0)
[2025-10-15T15:01:01.622-0700][1251][debug][gc,remset   ] GC(376) Coarsening (all): Inline->AoC 159372969 (56988) AoC->Howl 811163 (134648) Howl->Full 0 (0) Inline->AoC 3649201 (40442) AoC->BitMap 669703 (106831) BitMap->Full 9 (0)
[2025-10-15T15:01:01.622-0700][1251][info ][gc,heap     ] GC(376) Eden regions: 3268->0(2304)
[2025-10-15T15:01:01.622-0700][1251][info ][gc,heap     ] GC(376) Survivor regions: 188->200(432)
[2025-10-15T15:01:01.622-0700][1251][info ][gc,heap     ] GC(376) Old regions: 1559->1553
[2025-10-15T15:01:01.622-0700][1251][info ][gc,heap     ] GC(376) Humongous regions: 0->0
[2025-10-15T15:01:01.622-0700][1251][info ][gc,metaspace] GC(376) Metaspace: 304225K(309568K)->304225K(309568K) NonClass: 268470K(271360K)->268470K(271360K) Class: 35754K(38208K)->35754K(38208K)
[2025-10-15T15:01:01.622-0700][1251][info ][gc          ] GC(376) Pause Young (Mixed) (G1 Evacuation Pause) 160479M->56063M(184320M) 202.477ms
[2025-10-15T15:01:01.623-0700][1251][info ][gc,cpu      ] GC(376) User=19.77s Sys=0.43s Real=0.20s
[2025-10-15T15:01:01.624-0700][1251][info ][safepoint   ] Safepoint "G1CollectForAllocation", Time since last: 483420572 ns, Reaching safepoint: 3214207 ns, Cleanup: 4667 ns, At safepoint: 205943838 ns, Total: 209162712 ns
[2025-10-15T15:01:03.626-0700][1251][info ][safepoint   ] Safepoint "Cleanup", Time since last: 2000151016 ns, Reaching safepoint: 851734 ns, Cleanup: 12339 ns, At safepoint: 231860 ns, Total: 1095933 ns
[2025-10-15T15:01:07.064-0700][1251][info ][gc,start    ] GC(377) Pause Young (Mixed) (G1 Evacuation Pause)
[2025-10-15T15:01:07.064-0700][1251][info ][gc,task     ] GC(377) Using 113 workers of 113 for evacuation
[2025-10-15T15:01:07.081-0700][1251][debug][gc,remset   ] GC(377) Visited cards 42882048 Total dirty 99745792 (42.99%) Total old 477429760 (8.98%)
[2025-10-15T15:01:07.249-0700][1251][info ][gc,phases   ] GC(377)   Pre Evacuate Collection Set: 0.7ms
[2025-10-15T15:01:07.249-0700][1251][info ][gc,phases   ] GC(377)   Merge Heap Roots: 16.6ms
[2025-10-15T15:01:07.249-0700][1251][info ][gc,phases   ] GC(377)   Evacuate Collection Set: 146.4ms
[2025-10-15T15:01:07.249-0700][1251][info ][gc,phases   ] GC(377)   Post Evacuate Collection Set: 21.3ms
[2025-10-15T15:01:07.249-0700][1251][info ][gc,phases   ] GC(377)   Other: 0.2ms
[2025-10-15T15:01:07.249-0700][1251][debug][gc,remset   ] GC(377) Coarsening (recent): Inline->AoC 883078 (213) AoC->Howl 1615 (507) Howl->Full 0 (0) Inline->AoC 6892 (167) AoC->BitMap 1168 (393) BitMap->Full 0 (0)
[2025-10-15T15:01:07.249-0700][1251][debug][gc,remset   ] GC(377) Coarsening (all): Inline->AoC 160256047 (57201) AoC->Howl 812778 (135155) Howl->Full 0 (0) Inline->AoC 3656093 (40609) AoC->BitMap 670871 (107224) BitMap->Full 9 (0)
[2025-10-15T15:01:07.249-0700][1251][info ][gc,heap     ] GC(377) Eden regions: 2657->0(2705)
[2025-10-15T15:01:07.249-0700][1251][info ][gc,heap     ] GC(377) Survivor regions: 200->189(358)
[2025-10-15T15:01:07.249-0700][1251][info ][gc,heap     ] GC(377) Old regions: 1553->1550
[2025-10-15T15:01:07.249-0700][1251][info ][gc,heap     ] GC(377) Humongous regions: 0->0
[2025-10-15T15:01:07.249-0700][1251][info ][gc,metaspace] GC(377) Metaspace: 304232K(309568K)->304232K(309568K) NonClass: 268477K(271360K)->268477K(271360K) Class: 35754K(38208K)->35754K(38208K)
[2025-10-15T15:01:07.249-0700][1251][info ][gc          ] GC(377) Pause Young (Mixed) (G1 Evacuation Pause) 141087M->55636M(184320M) 185.396ms
[2025-10-15T15:01:07.251-0700][1251][info ][gc,cpu      ] GC(377) User=19.08s Sys=0.26s Real=0.19s
[2025-10-15T15:01:07.252-0700][1251][info ][safepoint   ] Safepoint "G1CollectForAllocation", Time since last: 3435524916 ns, Reaching safepoint: 1781197 ns, Cleanup: 4446 ns, At safepoint: 188991791 ns, Total: 190777434 ns
[2025-10-15T15:01:08.253-0700][1251][info ][safepoint   ] Safepoint "Cleanup", Time since last: 1000082608 ns, Reaching safepoint: 679986 ns, Cleanup: 10556 ns, At safepoint: 144918 ns, Total: 835460 ns
[2025-10-15T15:01:10.254-0700][1251][info ][safepoint   ] Safepoint "Cleanup", Time since last: 2000159146 ns, Reaching safepoint: 959717 ns, Cleanup: 13451 ns, At safepoint: 201594 ns, Total: 1174762 ns
[2025-10-15T15:01:12.758-0700][1251][info ][gc,start    ] GC(378) Pause Young (Mixed) (G1 Evacuation Pause)
[2025-10-15T15:01:12.758-0700][1251][info ][gc,task     ] GC(378) Using 113 workers of 113 for evacuation
[2025-10-15T15:01:12.778-0700][1251][debug][gc,remset   ] GC(378) Visited cards 40299776 Total dirty 99483648 (40.51%) Total old 511836160 (7.87%)
[2025-10-15T15:01:12.953-0700][1251][info ][gc,phases   ] GC(378)   Pre Evacuate Collection Set: 0.9ms
[2025-10-15T15:01:12.953-0700][1251][info ][gc,phases   ] GC(378)   Merge Heap Roots: 18.4ms
[2025-10-15T15:01:12.953-0700][1251][info ][gc,phases   ] GC(378)   Evacuate Collection Set: 154.6ms
[2025-10-15T15:01:12.953-0700][1251][info ][gc,phases   ] GC(378)   Post Evacuate Collection Set: 20.8ms
[2025-10-15T15:01:12.953-0700][1251][info ][gc,phases   ] GC(378)   Other: 0.2ms
[2025-10-15T15:01:12.953-0700][1251][debug][gc,remset   ] GC(378) Coarsening (recent): Inline->AoC 880017 (210) AoC->Howl 1624 (518) Howl->Full 0 (0) Inline->AoC 6891 (178) AoC->BitMap 1098 (363) BitMap->Full 0 (0)
[2025-10-15T15:01:12.953-0700][1251][debug][gc,remset   ] GC(378) Coarsening (all): Inline->AoC 161136064 (57411) AoC->Howl 814402 (135673) Howl->Full 0 (0) Inline->AoC 3662984 (40787) AoC->BitMap 671969 (107587) BitMap->Full 9 (0)
[2025-10-15T15:01:12.953-0700][1251][info ][gc,heap     ] GC(378) Eden regions: 2933->0(2698)
[2025-10-15T15:01:12.953-0700][1251][info ][gc,heap     ] GC(378) Survivor regions: 189->190(391)
[2025-10-15T15:01:12.953-0700][1251][info ][gc,heap     ] GC(378) Old regions: 1550->1545
[2025-10-15T15:01:12.953-0700][1251][info ][gc,heap     ] GC(378) Humongous regions: 0->0
[2025-10-15T15:01:12.953-0700][1251][info ][gc,metaspace] GC(378) Metaspace: 304232K(309568K)->304232K(309568K) NonClass: 268477K(271360K)->268477K(271360K) Class: 35754K(38208K)->35754K(38208K)
[2025-10-15T15:01:12.953-0700][1251][info ][gc          ] GC(378) Pause Young (Mixed) (G1 Evacuation Pause) 149492M->55508M(184320M) 195.063ms
[2025-10-15T15:01:12.954-0700][1251][info ][gc,cpu      ] GC(378) User=18.87s Sys=0.37s Real=0.19s
[2025-10-15T15:01:12.956-0700][1251][info ][safepoint   ] Safepoint "G1CollectForAllocation", Time since last: 2501380536 ns, Reaching safepoint: 1555797 ns, Cleanup: 5508 ns, At safepoint: 198898556 ns, Total: 200459861 ns
[2025-10-15T15:01:15.957-0700][1251][info ][safepoint   ] Safepoint "Cleanup", Time since last: 3000179329 ns, Reaching safepoint: 825725 ns, Cleanup: 18098 ns, At safepoint: 249756 ns, Total: 1093579 ns
[2025-10-15T15:01:16.959-0700][1251][info ][safepoint   ] Safepoint "Cleanup", Time since last: 1000111859 ns, Reaching safepoint: 808459 ns, Cleanup: 78508 ns, At safepoint: 273944 ns, Total: 1160911 ns
[2025-10-15T15:01:18.475-0700][1251][info ][gc,start    ] GC(379) Pause Young (Normal) (G1 Evacuation Pause)
[2025-10-15T15:01:18.475-0700][1251][info ][gc,task     ] GC(379) Using 113 workers of 113 for evacuation
[2025-10-15T15:01:18.493-0700][1251][debug][gc,remset   ] GC(379) Visited cards 34492416 Total dirty 100007936 (34.49%) Total old 480051200 (7.19%)
[2025-10-15T15:01:18.658-0700][1251][info ][gc,phases   ] GC(379)   Pre Evacuate Collection Set: 0.7ms
[2025-10-15T15:01:18.658-0700][1251][info ][gc,phases   ] GC(379)   Merge Heap Roots: 17.3ms
[2025-10-15T15:01:18.658-0700][1251][info ][gc,phases   ] GC(379)   Evacuate Collection Set: 143.7ms
[2025-10-15T15:01:18.658-0700][1251][info ][gc,phases   ] GC(379)   Post Evacuate Collection Set: 21.1ms
[2025-10-15T15:01:18.658-0700][1251][info ][gc,phases   ] GC(379)   Other: 0.2ms
[2025-10-15T15:01:18.658-0700][1251][debug][gc,remset   ] GC(379) Coarsening (recent): Inline->AoC 909471 (255) AoC->Howl 1597 (523) Howl->Full 0 (0) Inline->AoC 6657 (154) AoC->BitMap 1327 (470) BitMap->Full 0 (0)
[2025-10-15T15:01:18.658-0700][1251][debug][gc,remset   ] GC(379) Coarsening (all): Inline->AoC 162045535 (57666) AoC->Howl 815999 (136196) Howl->Full 0 (0) Inline->AoC 3669641 (40941) AoC->BitMap 673296 (108057) BitMap->Full 9 (0)
[2025-10-15T15:01:18.658-0700][1251][info ][gc,heap     ] GC(379) Eden regions: 2700->0(3264)
[2025-10-15T15:01:18.658-0700][1251][info ][gc,heap     ] GC(379) Survivor regions: 190->192(362)
[2025-10-15T15:01:18.658-0700][1251][info ][gc,heap     ] GC(379) Old regions: 1545->1545
[2025-10-15T15:01:18.658-0700][1251][info ][gc,heap     ] GC(379) Humongous regions: 0->0
[2025-10-15T15:01:18.658-0700][1251][info ][gc,metaspace] GC(379) Metaspace: 304232K(309568K)->304232K(309568K) NonClass: 268477K(271360K)->268477K(271360K) Class: 35755K(38208K)->35755K(38208K)
[2025-10-15T15:01:18.658-0700][1251][info ][gc          ] GC(379) Pause Young (Normal) (G1 Evacuation Pause) 141908M->55550M(184320M) 183.237ms
[2025-10-15T15:01:18.659-0700][1251][info ][gc,cpu      ] GC(379) User=17.64s Sys=0.32s Real=0.19s
[2025-10-15T15:01:18.661-0700][1251][info ][safepoint   ] Safepoint "G1CollectForAllocation", Time since last: 1513571646 ns, Reaching safepoint: 1791934 ns, Cleanup: 5488 ns, At safepoint: 186670300 ns, Total: 188467722 ns
[2025-10-15T15:01:24.340-0700][1251][info ][gc,start    ] GC(380) Pause Young (Normal) (G1 Evacuation Pause)
[2025-10-15T15:01:24.340-0700][1251][info ][gc,task     ] GC(380) Using 113 workers of 113 for evacuation
[2025-10-15T15:01:24.359-0700][1251][debug][gc,remset   ] GC(380) Visited cards 34673664 Total dirty 100073472 (34.65%) Total old 520159232 (6.67%)
[2025-10-15T15:01:24.531-0700][1251][info ][gc,phases   ] GC(380)   Pre Evacuate Collection Set: 0.8ms
[2025-10-15T15:01:24.531-0700][1251][info ][gc,phases   ] GC(380)   Merge Heap Roots: 18.1ms
[2025-10-15T15:01:24.531-0700][1251][info ][gc,phases   ] GC(380)   Evacuate Collection Set: 151.1ms
[2025-10-15T15:01:24.531-0700][1251][info ][gc,phases   ] GC(380)   Post Evacuate Collection Set: 20.6ms
[2025-10-15T15:01:24.531-0700][1251][info ][gc,phases   ] GC(380)   Other: 0.2ms
[2025-10-15T15:01:24.531-0700][1251][debug][gc,remset   ] GC(380) Coarsening (recent): Inline->AoC 919205 (223) AoC->Howl 1516 (458) Howl->Full 0 (0) Inline->AoC 6578 (139) AoC->BitMap 972 (282) BitMap->Full 0 (0)
[2025-10-15T15:01:24.531-0700][1251][debug][gc,remset   ] GC(380) Coarsening (all): Inline->AoC 162964740 (57889) AoC->Howl 817515 (136654) Howl->Full 0 (0) Inline->AoC 3676219 (41080) AoC->BitMap 674268 (108339) BitMap->Full 9 (0)
[2025-10-15T15:01:24.531-0700][1251][info ][gc,heap     ] GC(380) Eden regions: 3004->0(3266)
[2025-10-15T15:01:24.531-0700][1251][info ][gc,heap     ] GC(380) Survivor regions: 192->190(400)
[2025-10-15T15:01:24.531-0700][1251][info ][gc,heap     ] GC(380) Old regions: 1545->1548
[2025-10-15T15:01:24.531-0700][1251][info ][gc,heap     ] GC(380) Humongous regions: 0->0
[2025-10-15T15:01:24.531-0700][1251][info ][gc,metaspace] GC(380) Metaspace: 304232K(309568K)->304232K(309568K) NonClass: 268477K(271360K)->268477K(271360K) Class: 35755K(38208K)->35755K(38208K)
[2025-10-15T15:01:24.531-0700][1251][info ][gc          ] GC(380) Pause Young (Normal) (G1 Evacuation Pause) 151678M->55589M(184320M) 190.972ms
[2025-10-15T15:01:24.532-0700][1251][info ][gc,cpu      ] GC(380) User=18.44s Sys=0.36s Real=0.19s
[2025-10-15T15:01:24.534-0700][1251][info ][safepoint   ] Safepoint "G1CollectForAllocation", Time since last: 5677016479 ns, Reaching safepoint: 1602838 ns, Cleanup: 4677 ns, At safepoint: 194357666 ns, Total: 195965181 ns
[2025-10-15T15:01:29.535-0700][1251][info ][safepoint   ] Safepoint "Cleanup", Time since last: 5000322303 ns, Reaching safepoint: 744303 ns, Cleanup: 12809 ns, At safepoint: 138680 ns, Total: 895792 ns
[2025-10-15T15:01:30.762-0700][1251][info ][gc,start    ] GC(381) Pause Young (Concurrent Start) (G1 Evacuation Pause)
[2025-10-15T15:01:30.762-0700][1251][info ][gc,task     ] GC(381) Using 113 workers of 113 for evacuation
[2025-10-15T15:01:30.781-0700][1251][debug][gc,remset   ] GC(381) Visited cards 34603264 Total dirty 100204544 (34.53%) Total old 525729792 (6.58%)
[2025-10-15T15:01:30.953-0700][1251][info ][gc,phases   ] GC(381)   Pre Evacuate Collection Set: 1.1ms
[2025-10-15T15:01:30.953-0700][1251][info ][gc,phases   ] GC(381)   Merge Heap Roots: 18.0ms
[2025-10-15T15:01:30.953-0700][1251][info ][gc,phases   ] GC(381)   Evacuate Collection Set: 149.6ms
[2025-10-15T15:01:30.953-0700][1251][info ][gc,phases   ] GC(381)   Post Evacuate Collection Set: 22.5ms
[2025-10-15T15:01:30.953-0700][1251][info ][gc,phases   ] GC(381)   Other: 0.2ms
[2025-10-15T15:01:30.953-0700][1251][debug][gc,remset   ] GC(381) Coarsening (recent): Inline->AoC 985110 (217) AoC->Howl 1696 (553) Howl->Full 0 (0) Inline->AoC 7207 (157) AoC->BitMap 1297 (448) BitMap->Full 0 (0)
[2025-10-15T15:01:30.953-0700][1251][debug][gc,remset   ] GC(381) Coarsening (all): Inline->AoC 163949850 (58106) AoC->Howl 819211 (137207) Howl->Full 0 (0) Inline->AoC 3683426 (41237) AoC->BitMap 675565 (108787) BitMap->Full 9 (0)
[2025-10-15T15:01:30.953-0700][1251][info ][gc,heap     ] GC(381) Eden regions: 3047->0(3272)
[2025-10-15T15:01:30.953-0700][1251][info ][gc,heap     ] GC(381) Survivor regions: 190->184(405)
[2025-10-15T15:01:30.953-0700][1251][info ][gc,heap     ] GC(381) Old regions: 1548->1561
[2025-10-15T15:01:30.953-0700][1251][info ][gc,heap     ] GC(381) Humongous regions: 0->0
[2025-10-15T15:01:30.953-0700][1251][info ][gc,metaspace] GC(381) Metaspace: 304241K(309568K)->304241K(309568K) NonClass: 268486K(271360K)->268486K(271360K) Class: 35755K(38208K)->35755K(38208K)
[2025-10-15T15:01:30.953-0700][1251][info ][gc          ] GC(381) Pause Young (Concurrent Start) (G1 Evacuation Pause) 153093M->55810M(184320M) 191.525ms
[2025-10-15T15:01:30.953-0700][1134][info ][gc          ] GC(382) Concurrent Mark Cycle
[2025-10-15T15:01:30.953-0700][1134][info ][gc,marking  ] GC(382) Concurrent Scan Root Regions
[2025-10-15T15:01:30.955-0700][1251][info ][gc,cpu      ] GC(381) User=18.47s Sys=0.41s Real=0.19s
[2025-10-15T15:01:30.956-0700][1251][info ][safepoint   ] Safepoint "G1CollectForAllocation", Time since last: 1223155326 ns, Reaching safepoint: 2472891 ns, Cleanup: 5358 ns, At safepoint: 195764589 ns, Total: 198242838 ns
[2025-10-15T15:01:31.038-0700][1134][info ][gc,marking  ] GC(382) Concurrent Scan Root Regions 84.423ms
[2025-10-15T15:01:31.038-0700][1134][info ][gc,marking  ] GC(382) Concurrent Mark
[2025-10-15T15:01:31.038-0700][1134][info ][gc,marking  ] GC(382) Concurrent Mark From Roots
[2025-10-15T15:01:31.038-0700][1134][info ][gc,task     ] GC(382) Using 36 workers of 36 for marking
[2025-10-15T15:01:32.712-0700][1134][info ][gc,marking  ] GC(382) Concurrent Mark From Roots 1674.032ms
[2025-10-15T15:01:32.712-0700][1134][info ][gc,marking  ] GC(382) Concurrent Preclean
[2025-10-15T15:01:32.742-0700][1134][info ][gc,marking  ] GC(382) Concurrent Preclean 29.910ms
[2025-10-15T15:01:32.744-0700][1251][info ][gc,start    ] GC(382) Pause Remark
[2025-10-15T15:01:32.772-0700][1251][info ][gc          ] GC(382) Pause Remark 86849M->86657M(184320M) 27.452ms
[2025-10-15T15:01:32.773-0700][1251][info ][gc,cpu      ] GC(382) User=1.49s Sys=0.10s Real=0.03s
[2025-10-15T15:01:32.774-0700][1251][info ][safepoint   ] Safepoint "G1PauseRemark", Time since last: 1785944428 ns, Reaching safepoint: 1023804 ns, Cleanup: 5518 ns, At safepoint: 30652069 ns, Total: 31681391 ns
[2025-10-15T15:01:32.778-0700][1134][info ][gc,marking  ] GC(382) Concurrent Mark 1740.051ms
[2025-10-15T15:01:32.778-0700][1134][info ][gc,marking  ] GC(382) Concurrent Rebuild Remembered Sets and Scrub Regions
[2025-10-15T15:01:34.357-0700][1134][info ][gc,marking  ] GC(382) Concurrent Rebuild Remembered Sets and Scrub Regions 1578.923ms
[2025-10-15T15:01:34.359-0700][1251][info ][gc,start    ] GC(382) Pause Cleanup
[2025-10-15T15:01:34.363-0700][1251][info ][gc          ] GC(382) Pause Cleanup 110370M->110370M(184320M) 3.816ms
[2025-10-15T15:01:34.364-0700][1251][info ][gc,cpu      ] GC(382) User=0.01s Sys=0.00s Real=0.00s
[2025-10-15T15:01:34.365-0700][1251][info ][safepoint   ] Safepoint "G1PauseCleanup", Time since last: 1583226861 ns, Reaching safepoint: 926718 ns, Cleanup: 53280 ns, At safepoint: 6718615 ns, Total: 7698613 ns
[2025-10-15T15:01:34.365-0700][1134][info ][gc,marking  ] GC(382) Concurrent Clear Claimed Marks
[2025-10-15T15:01:34.366-0700][1134][info ][gc,marking  ] GC(382) Concurrent Clear Claimed Marks 0.945ms
[2025-10-15T15:01:34.366-0700][1134][info ][gc,marking  ] GC(382) Concurrent Cleanup for Next Mark
[2025-10-15T15:01:34.402-0700][1134][info ][gc,marking  ] GC(382) Concurrent Cleanup for Next Mark 36.711ms
[2025-10-15T15:01:34.402-0700][1134][info ][gc          ] GC(382) Concurrent Mark Cycle 3449.118ms
[2025-10-15T15:01:37.366-0700][1251][info ][safepoint   ] Safepoint "Cleanup", Time since last: 3000194151 ns, Reaching safepoint: 753537 ns, Cleanup: 10015 ns, At safepoint: 245921 ns, Total: 1009473 ns
[2025-10-15T15:01:37.456-0700][1251][info ][gc,start    ] GC(383) Pause Young (Prepare Mixed) (G1 Evacuation Pause)
[2025-10-15T15:01:37.456-0700][1251][info ][gc,task     ] GC(383) Using 113 workers of 113 for evacuation
[2025-10-15T15:01:37.476-0700][1251][debug][gc,remset   ] GC(383) Visited cards 34694912 Total dirty 100794368 (34.42%) Total old 542834688 (6.39%)
[2025-10-15T15:01:37.635-0700][1251][info ][gc,phases   ] GC(383)   Pre Evacuate Collection Set: 0.8ms
[2025-10-15T15:01:37.635-0700][1251][info ][gc,phases   ] GC(383)   Merge Heap Roots: 18.7ms
[2025-10-15T15:01:37.635-0700][1251][info ][gc,phases   ] GC(383)   Evacuate Collection Set: 135.8ms
[2025-10-15T15:01:37.635-0700][1251][info ][gc,phases   ] GC(383)   Post Evacuate Collection Set: 23.1ms
[2025-10-15T15:01:37.635-0700][1251][info ][gc,phases   ] GC(383)   Other: 0.2ms
[2025-10-15T15:01:37.635-0700][1251][debug][gc,remset   ] GC(383) Coarsening (recent): Inline->AoC 1762493 (197) AoC->Howl 49462 (413) Howl->Full 0 (0) Inline->AoC 255367 (124) AoC->BitMap 39277 (285) BitMap->Full 0 (0)
[2025-10-15T15:01:37.635-0700][1251][debug][gc,remset   ] GC(383) Coarsening (all): Inline->AoC 165712343 (58303) AoC->Howl 868673 (137620) Howl->Full 0 (0) Inline->AoC 3938793 (41361) AoC->BitMap 714842 (109072) BitMap->Full 9 (0)
[2025-10-15T15:01:37.635-0700][1251][info ][gc,heap     ] GC(383) Eden regions: 3180->0(3280)
[2025-10-15T15:01:37.635-0700][1251][info ][gc,heap     ] GC(383) Survivor regions: 184->176(421)
[2025-10-15T15:01:37.635-0700][1251][info ][gc,heap     ] GC(383) Old regions: 1555->1558
[2025-10-15T15:01:37.635-0700][1251][info ][gc,heap     ] GC(383) Humongous regions: 0->0
[2025-10-15T15:01:37.635-0700][1251][info ][gc,metaspace] GC(383) Metaspace: 304245K(309568K)->304245K(309568K) NonClass: 268490K(271360K)->268490K(271360K) Class: 35755K(38208K)->35755K(38208K)
[2025-10-15T15:01:37.635-0700][1251][info ][gc          ] GC(383) Pause Young (Prepare Mixed) (G1 Evacuation Pause) 157378M->55480M(184320M) 178.731ms
[2025-10-15T15:01:37.636-0700][1251][info ][gc,cpu      ] GC(383) User=17.89s Sys=0.17s Real=0.18s
[2025-10-15T15:01:37.637-0700][1251][info ][safepoint   ] Safepoint "G1CollectForAllocation", Time since last: 88177875 ns, Reaching safepoint: 953218 ns, Cleanup: 4737 ns, At safepoint: 182083221 ns, Total: 183041176 ns
[2025-10-15T15:01:38.638-0700][1251][info ][safepoint   ] Safepoint "Cleanup", Time since last: 1000086269 ns, Reaching safepoint: 796732 ns, Cleanup: 11638 ns, At safepoint: 171548 ns, Total: 979918 ns
[2025-10-15T15:01:44.017-0700][1251][info ][gc,start    ] GC(384) Pause Young (Mixed) (G1 Evacuation Pause)
[2025-10-15T15:01:44.017-0700][1251][info ][gc,task     ] GC(384) Using 113 workers of 113 for evacuation
[2025-10-15T15:01:44.037-0700][1251][debug][gc,remset   ] GC(384) Visited cards 37226752 Total dirty 98566144 (37.77%) Total old 557580288 (6.68%)
[2025-10-15T15:01:44.197-0700][1251][debug][gc,remset   ] GC(384) Visited cards 2819072 Total dirty 79167488 (3.56%) Total old 570097664 (0.49%)
[2025-10-15T15:01:44.228-0700][1251][info ][gc,mmu      ] GC(384) MMU target violated: 201.0ms (200.0ms/201.0ms)
[2025-10-15T15:01:44.229-0700][1251][info ][gc,phases   ] GC(384)   Pre Evacuate Collection Set: 0.8ms
[2025-10-15T15:01:44.229-0700][1251][info ][gc,phases   ] GC(384)   Merge Heap Roots: 19.3ms
[2025-10-15T15:01:44.229-0700][1251][info ][gc,phases   ] GC(384)   Evacuate Collection Set: 158.1ms
[2025-10-15T15:01:44.229-0700][1251][info ][gc,phases   ] GC(384)   Merge Optional Heap Roots: 1.2ms
[2025-10-15T15:01:44.229-0700][1251][info ][gc,phases   ] GC(384)   Evacuate Optional Collection Set: 6.5ms
[2025-10-15T15:01:44.229-0700][1251][info ][gc,phases   ] GC(384)   Post Evacuate Collection Set: 25.3ms
[2025-10-15T15:01:44.229-0700][1251][info ][gc,phases   ] GC(384)   Other: 0.3ms
[2025-10-15T15:01:44.229-0700][1251][debug][gc,remset   ] GC(384) Coarsening (recent): Inline->AoC 1054633 (220) AoC->Howl 1683 (524) Howl->Full 0 (0) Inline->AoC 7082 (161) AoC->BitMap 1320 (514) BitMap->Full 0 (0)
[2025-10-15T15:01:44.229-0700][1251][debug][gc,remset   ] GC(384) Coarsening (all): Inline->AoC 166766976 (58523) AoC->Howl 870356 (138144) Howl->Full 0 (0) Inline->AoC 3945875 (41522) AoC->BitMap 716162 (109586) BitMap->Full 9 (0)
[2025-10-15T15:01:44.229-0700][1251][info ][gc,heap     ] GC(384) Eden regions: 3280->0(2752)
[2025-10-15T15:01:44.229-0700][1251][info ][gc,heap     ] GC(384) Survivor regions: 176->175(432)
[2025-10-15T15:01:44.229-0700][1251][info ][gc,heap     ] GC(384) Old regions: 1558->1527
[2025-10-15T15:01:44.229-0700][1251][info ][gc,heap     ] GC(384) Humongous regions: 0->0
[2025-10-15T15:01:44.229-0700][1251][info ][gc,metaspace] GC(384) Metaspace: 304245K(309568K)->304245K(309568K) NonClass: 268490K(271360K)->268490K(271360K) Class: 35755K(38208K)->35755K(38208K)
[2025-10-15T15:01:44.229-0700][1251][info ][gc          ] GC(384) Pause Young (Mixed) (G1 Evacuation Pause) 160440M->54434M(184320M) 211.641ms
[2025-10-15T15:01:44.230-0700][1251][info ][gc,cpu      ] GC(384) User=19.76s Sys=0.45s Real=0.22s
[2025-10-15T15:01:44.231-0700][1251][info ][safepoint   ] Safepoint "G1CollectForAllocation", Time since last: 5369522348 ns, Reaching safepoint: 8100179 ns, Cleanup: 5939 ns, At safepoint: 214916739 ns, Total: 223022857 ns
[2025-10-15T15:01:50.022-0700][1251][info ][gc,start    ] GC(385) Pause Young (Mixed) (G1 Evacuation Pause)
[2025-10-15T15:01:50.022-0700][1251][info ][gc,task     ] GC(385) Using 113 workers of 113 for evacuation
[2025-10-15T15:01:50.041-0700][1251][debug][gc,remset   ] GC(385) Visited cards 37863680 Total dirty 97845248 (38.70%) Total old 525271040 (7.21%)
[2025-10-15T15:01:50.208-0700][1251][info ][gc,phases   ] GC(385)   Pre Evacuate Collection Set: 0.8ms
[2025-10-15T15:01:50.208-0700][1251][info ][gc,phases   ] GC(385)   Merge Heap Roots: 18.5ms
[2025-10-15T15:01:50.208-0700][1251][info ][gc,phases   ] GC(385)   Evacuate Collection Set: 144.0ms
[2025-10-15T15:01:50.208-0700][1251][info ][gc,phases   ] GC(385)   Post Evacuate Collection Set: 22.9ms
[2025-10-15T15:01:50.208-0700][1251][info ][gc,phases   ] GC(385)   Other: 0.2ms
[2025-10-15T15:01:50.208-0700][1251][debug][gc,remset   ] GC(385) Coarsening (recent): Inline->AoC 929320 (245) AoC->Howl 1635 (490) Howl->Full 0 (0) Inline->AoC 6812 (163) AoC->BitMap 1031 (336) BitMap->Full 0 (0)
[2025-10-15T15:01:50.208-0700][1251][debug][gc,remset   ] GC(385) Coarsening (all): Inline->AoC 167696296 (58768) AoC->Howl 871991 (138634) Howl->Full 0 (0) Inline->AoC 3952687 (41685) AoC->BitMap 717193 (109922) BitMap->Full 9 (0)
[2025-10-15T15:01:50.208-0700][1251][info ][gc,heap     ] GC(385) Eden regions: 3060->0(3139)
[2025-10-15T15:01:50.208-0700][1251][info ][gc,heap     ] GC(385) Survivor regions: 175->175(405)
[2025-10-15T15:01:50.208-0700][1251][info ][gc,heap     ] GC(385) Old regions: 1527->1520
[2025-10-15T15:01:50.208-0700][1251][info ][gc,heap     ] GC(385) Humongous regions: 0->0
[2025-10-15T15:01:50.208-0700][1251][info ][gc,metaspace] GC(385) Metaspace: 304245K(309568K)->304245K(309568K) NonClass: 268490K(271360K)->268490K(271360K) Class: 35755K(38208K)->35755K(38208K)
[2025-10-15T15:01:50.208-0700][1251][info ][gc          ] GC(385) Pause Young (Mixed) (G1 Evacuation Pause) 152354M->54192M(184320M) 186.647ms
[2025-10-15T15:01:50.209-0700][1251][info ][gc,cpu      ] GC(385) User=18.40s Sys=0.19s Real=0.19s
[2025-10-15T15:01:50.210-0700][1251][info ][safepoint   ] Safepoint "G1CollectForAllocation", Time since last: 5784756586 ns, Reaching safepoint: 5001624 ns, Cleanup: 5839 ns, At safepoint: 189967929 ns, Total: 194975392 ns
[2025-10-15T15:01:51.212-0700][1251][info ][safepoint   ] Safepoint "Cleanup", Time since last: 1000079098 ns, Reaching safepoint: 784153 ns, Cleanup: 10065 ns, At safepoint: 225440 ns, Total: 1019658 ns
[2025-10-15T15:01:54.213-0700][1251][info ][safepoint   ] Safepoint "Cleanup", Time since last: 3000208542 ns, Reaching safepoint: 718924 ns, Cleanup: 10596 ns, At safepoint: 192441 ns, Total: 921961 ns
[2025-10-15T15:01:55.214-0700][1251][info ][safepoint   ] Safepoint "Cleanup", Time since last: 1000067080 ns, Reaching safepoint: 878595 ns, Cleanup: 10736 ns, At safepoint: 229717 ns, Total: 1119048 ns
[2025-10-15T15:01:56.517-0700][1251][info ][gc,start    ] GC(386) Pause Young (Mixed) (G1 Evacuation Pause)
[2025-10-15T15:01:56.517-0700][1251][info ][gc,task     ] GC(386) Using 113 workers of 113 for evacuation
[2025-10-15T15:01:56.537-0700][1251][debug][gc,remset   ] GC(386) Visited cards 40432384 Total dirty 97583104 (41.43%) Total old 550895616 (7.34%)
[2025-10-15T15:01:56.698-0700][1251][debug][gc,remset   ] GC(386) Visited cards 1824512 Total dirty 86507520 (2.11%) Total old 563806208 (0.32%)
[2025-10-15T15:01:56.726-0700][1251][info ][gc,mmu      ] GC(386) MMU target violated: 201.0ms (200.0ms/201.0ms)
[2025-10-15T15:01:56.726-0700][1251][info ][gc,phases   ] GC(386)   Pre Evacuate Collection Set: 0.8ms
[2025-10-15T15:01:56.726-0700][1251][info ][gc,phases   ] GC(386)   Merge Heap Roots: 18.6ms
[2025-10-15T15:01:56.726-0700][1251][info ][gc,phases   ] GC(386)   Evacuate Collection Set: 159.7ms
[2025-10-15T15:01:56.726-0700][1251][info ][gc,phases   ] GC(386)   Merge Optional Heap Roots: 1.6ms
[2025-10-15T15:01:56.726-0700][1251][info ][gc,phases   ] GC(386)   Evacuate Optional Collection Set: 3.8ms
[2025-10-15T15:01:56.726-0700][1251][info ][gc,phases   ] GC(386)   Post Evacuate Collection Set: 24.0ms
[2025-10-15T15:01:56.726-0700][1251][info ][gc,phases   ] GC(386)   Other: 0.3ms
[2025-10-15T15:01:56.726-0700][1251][debug][gc,remset   ] GC(386) Coarsening (recent): Inline->AoC 1063205 (248) AoC->Howl 1659 (519) Howl->Full 0 (0) Inline->AoC 6703 (179) AoC->BitMap 1254 (466) BitMap->Full 0 (0)
[2025-10-15T15:01:56.726-0700][1251][debug][gc,remset   ] GC(386) Coarsening (all): Inline->AoC 168759501 (59016) AoC->Howl 873650 (139153) Howl->Full 0 (0) Inline->AoC 3959390 (41864) AoC->BitMap 718447 (110388) BitMap->Full 9 (0)
[2025-10-15T15:01:56.726-0700][1251][info ][gc,heap     ] GC(386) Eden regions: 3259->0(2555)
[2025-10-15T15:01:56.726-0700][1251][info ][gc,heap     ] GC(386) Survivor regions: 175->185(430)
[2025-10-15T15:01:56.726-0700][1251][info ][gc,heap     ] GC(386) Old regions: 1520->1514
[2025-10-15T15:01:56.726-0700][1251][info ][gc,heap     ] GC(386) Humongous regions: 0->0
[2025-10-15T15:01:56.726-0700][1251][info ][gc,metaspace] GC(386) Metaspace: 304283K(309568K)->304283K(309568K) NonClass: 268528K(271360K)->268528K(271360K) Class: 35755K(38208K)->35755K(38208K)
[2025-10-15T15:01:56.726-0700][1251][info ][gc          ] GC(386) Pause Young (Mixed) (G1 Evacuation Pause) 158480M->54328M(184320M) 208.865ms
[2025-10-15T15:01:56.727-0700][1251][info ][gc,cpu      ] GC(386) User=19.99s Sys=0.49s Real=0.21s
[2025-10-15T15:01:56.728-0700][1251][info ][safepoint   ] Safepoint "G1CollectForAllocation", Time since last: 1301301797 ns, Reaching safepoint: 1032868 ns, Cleanup: 4547 ns, At safepoint: 212239550 ns, Total: 213276965 ns
[2025-10-15T15:01:57.729-0700][1251][info ][safepoint   ] Safepoint "Cleanup", Time since last: 1000074041 ns, Reaching safepoint: 726195 ns, Cleanup: 9575 ns, At safepoint: 159080 ns, Total: 894850 ns
[2025-10-15T15:01:59.731-0700][1251][info ][safepoint   ] Safepoint "Cleanup", Time since last: 2000167220 ns, Reaching safepoint: 964866 ns, Cleanup: 12669 ns, At safepoint: 225840 ns, Total: 1203375 ns
[2025-10-15T15:02:00.732-0700][1251][info ][safepoint   ] Safepoint "Cleanup", Time since last: 1000103576 ns, Reaching safepoint: 725344 ns, Cleanup: 20781 ns, At safepoint: 278280 ns, Total: 1024405 ns
[2025-10-15T15:02:02.406-0700][1251][info ][gc,start    ] GC(387) Pause Young (Mixed) (G1 Evacuation Pause)
[2025-10-15T15:02:02.406-0700][1251][info ][gc,task     ] GC(387) Using 113 workers of 113 for evacuation
[2025-10-15T15:02:02.427-0700][1251][debug][gc,remset   ] GC(387) Visited cards 44233984 Total dirty 97386496 (45.42%) Total old 509476864 (8.68%)
[2025-10-15T15:02:02.606-0700][1251][info ][gc,phases   ] GC(387)   Pre Evacuate Collection Set: 1.0ms
[2025-10-15T15:02:02.606-0700][1251][info ][gc,phases   ] GC(387)   Merge Heap Roots: 19.4ms
[2025-10-15T15:02:02.606-0700][1251][info ][gc,phases   ] GC(387)   Evacuate Collection Set: 156.9ms
[2025-10-15T15:02:02.606-0700][1251][info ][gc,phases   ] GC(387)   Post Evacuate Collection Set: 22.0ms
[2025-10-15T15:02:02.606-0700][1251][info ][gc,phases   ] GC(387)   Other: 0.2ms
[2025-10-15T15:02:02.606-0700][1251][debug][gc,remset   ] GC(387) Coarsening (recent): Inline->AoC 940783 (225) AoC->Howl 1645 (556) Howl->Full 0 (0) Inline->AoC 6557 (176) AoC->BitMap 1305 (480) BitMap->Full 0 (0)
[2025-10-15T15:02:02.606-0700][1251][debug][gc,remset   ] GC(387) Coarsening (all): Inline->AoC 169700284 (59241) AoC->Howl 875295 (139709) Howl->Full 0 (0) Inline->AoC 3965947 (42040) AoC->BitMap 719752 (110868) BitMap->Full 9 (0)
[2025-10-15T15:02:02.606-0700][1251][info ][gc,heap     ] GC(387) Eden regions: 2936->0(2876)
[2025-10-15T15:02:02.606-0700][1251][info ][gc,heap     ] GC(387) Survivor regions: 185->175(391)
[2025-10-15T15:02:02.606-0700][1251][info ][gc,heap     ] GC(387) Old regions: 1514->1508
[2025-10-15T15:02:02.606-0700][1251][info ][gc,heap     ] GC(387) Humongous regions: 0->0
[2025-10-15T15:02:02.606-0700][1251][info ][gc,metaspace] GC(387) Metaspace: 304297K(309568K)->304297K(309568K) NonClass: 268542K(271360K)->268542K(271360K) Class: 35755K(38208K)->35755K(38208K)
[2025-10-15T15:02:02.606-0700][1251][info ][gc          ] GC(387) Pause Young (Mixed) (G1 Evacuation Pause) 148280M->53844M(184320M) 199.677ms
[2025-10-15T15:02:02.607-0700][1251][info ][gc,cpu      ] GC(387) User=18.94s Sys=0.38s Real=0.20s
[2025-10-15T15:02:02.608-0700][1251][info ][safepoint   ] Safepoint "G1CollectForAllocation", Time since last: 1664524618 ns, Reaching safepoint: 8367921 ns, Cleanup: 15453 ns, At safepoint: 203006915 ns, Total: 211390289 ns
[2025-10-15T15:02:03.609-0700][1251][info ][safepoint   ] Safepoint "Cleanup", Time since last: 1000083505 ns, Reaching safepoint: 859657 ns, Cleanup: 31607 ns, At safepoint: 323128 ns, Total: 1214392 ns
[2025-10-15T15:02:04.611-0700][1251][info ][safepoint   ] Safepoint "Cleanup", Time since last: 1000106530 ns, Reaching safepoint: 874418 ns, Cleanup: 12780 ns, At safepoint: 604201 ns, Total: 1491399 ns
[2025-10-15T15:02:06.719-0700][1251][info ][safepoint   ] Safepoint "Cleanup", Time since last: 2105959852 ns, Reaching safepoint: 1411659 ns, Cleanup: 18268 ns, At safepoint: 1041411 ns, Total: 2471338 ns
[2025-10-15T15:02:08.725-0700][1251][info ][safepoint   ] Safepoint "Cleanup", Time since last: 2000150285 ns, Reaching safepoint: 1108552 ns, Cleanup: 15263 ns, At safepoint: 4287897 ns, Total: 5411712 ns
[2025-10-15T15:02:08.840-0700][1251][info ][gc,start    ] GC(388) Pause Young (Mixed) (G1 Evacuation Pause)
[2025-10-15T15:02:08.840-0700][1251][info ][gc,task     ] GC(388) Using 113 workers of 113 for evacuation
[2025-10-15T15:02:08.859-0700][1251][debug][gc,remset   ] GC(388) Visited cards 54008576 Total dirty 97452032 (55.42%) Total old 531234816 (10.17%)
[2025-10-15T15:02:09.040-0700][1251][info ][gc,phases   ] GC(388)   Pre Evacuate Collection Set: 0.7ms
[2025-10-15T15:02:09.040-0700][1251][info ][gc,phases   ] GC(388)   Merge Heap Roots: 18.1ms
[2025-10-15T15:02:09.040-0700][1251][info ][gc,phases   ] GC(388)   Evacuate Collection Set: 158.4ms
[2025-10-15T15:02:09.040-0700][1251][info ][gc,phases   ] GC(388)   Post Evacuate Collection Set: 22.4ms
[2025-10-15T15:02:09.040-0700][1251][info ][gc,phases   ] GC(388)   Other: 0.2ms
[2025-10-15T15:02:09.040-0700][1251][debug][gc,remset   ] GC(388) Coarsening (recent): Inline->AoC 1053241 (253) AoC->Howl 1502 (428) Howl->Full 0 (0) Inline->AoC 6461 (155) AoC->BitMap 1185 (379) BitMap->Full 0 (0)
[2025-10-15T15:02:09.040-0700][1251][debug][gc,remset   ] GC(388) Coarsening (all): Inline->AoC 170753525 (59494) AoC->Howl 876797 (140137) Howl->Full 0 (0) Inline->AoC 3972408 (42195) AoC->BitMap 720937 (111247) BitMap->Full 9 (0)
[2025-10-15T15:02:09.040-0700][1251][info ][gc,heap     ] GC(388) Eden regions: 3115->0(3080)
[2025-10-15T15:02:09.040-0700][1251][info ][gc,heap     ] GC(388) Survivor regions: 175->175(412)
[2025-10-15T15:02:09.040-0700][1251][info ][gc,heap     ] GC(388) Old regions: 1508->1502
[2025-10-15T15:02:09.040-0700][1251][info ][gc,heap     ] GC(388) Humongous regions: 0->0
[2025-10-15T15:02:09.040-0700][1251][info ][gc,metaspace] GC(388) Metaspace: 304306K(309568K)->304306K(309568K) NonClass: 268551K(271360K)->268551K(271360K) Class: 35755K(38208K)->35755K(38208K)
[2025-10-15T15:02:09.040-0700][1251][info ][gc          ] GC(388) Pause Young (Mixed) (G1 Evacuation Pause) 153524M->53649M(184320M) 199.993ms
[2025-10-15T15:02:09.041-0700][1251][info ][gc,cpu      ] GC(388) User=18.95s Sys=0.33s Real=0.20s
[2025-10-15T15:02:09.042-0700][1251][info ][safepoint   ] Safepoint "G1CollectForAllocation", Time since last: 112611917 ns, Reaching safepoint: 1293721 ns, Cleanup: 4897 ns, At safepoint: 203280849 ns, Total: 204579467 ns
[2025-10-15T15:02:15.279-0700][1251][info ][gc,start    ] GC(389) Pause Young (Mixed) (G1 Evacuation Pause)
[2025-10-15T15:02:15.279-0700][1251][info ][gc,task     ] GC(389) Using 113 workers of 113 for evacuation
[2025-10-15T15:02:15.299-0700][1251][debug][gc,remset   ] GC(389) Visited cards 41066752 Total dirty 96403456 (42.60%) Total old 544473088 (7.54%)
[2025-10-15T15:02:15.472-0700][1251][info ][gc,phases   ] GC(389)   Pre Evacuate Collection Set: 0.7ms
[2025-10-15T15:02:15.472-0700][1251][info ][gc,phases   ] GC(389)   Merge Heap Roots: 18.9ms
[2025-10-15T15:02:15.472-0700][1251][info ][gc,phases   ] GC(389)   Evacuate Collection Set: 151.3ms
[2025-10-15T15:02:15.472-0700][1251][info ][gc,phases   ] GC(389)   Post Evacuate Collection Set: 21.6ms
[2025-10-15T15:02:15.472-0700][1251][info ][gc,phases   ] GC(389)   Other: 0.2ms
[2025-10-15T15:02:15.472-0700][1251][debug][gc,remset   ] GC(389) Coarsening (recent): Inline->AoC 1103789 (249) AoC->Howl 1462 (459) Howl->Full 0 (0) Inline->AoC 6102 (157) AoC->BitMap 1152 (403) BitMap->Full 0 (0)
[2025-10-15T15:02:15.472-0700][1251][debug][gc,remset   ] GC(389) Coarsening (all): Inline->AoC 171857314 (59743) AoC->Howl 878259 (140596) Howl->Full 0 (0) Inline->AoC 3978510 (42352) AoC->BitMap 722089 (111650) BitMap->Full 9 (0)
[2025-10-15T15:02:15.472-0700][1251][info ][gc,heap     ] GC(389) Eden regions: 3219->0(3281)
[2025-10-15T15:02:15.472-0700][1251][info ][gc,heap     ] GC(389) Survivor regions: 175->175(425)
[2025-10-15T15:02:15.472-0700][1251][info ][gc,heap     ] GC(389) Old regions: 1502->1498
[2025-10-15T15:02:15.472-0700][1251][info ][gc,heap     ] GC(389) Humongous regions: 0->0
[2025-10-15T15:02:15.472-0700][1251][info ][gc,metaspace] GC(389) Metaspace: 304308K(309568K)->304308K(309568K) NonClass: 268553K(271360K)->268553K(271360K) Class: 35755K(38208K)->35755K(38208K)
[2025-10-15T15:02:15.472-0700][1251][info ][gc          ] GC(389) Pause Young (Mixed) (G1 Evacuation Pause) 156657M->53519M(184320M) 192.986ms
[2025-10-15T15:02:15.473-0700][1251][info ][gc,cpu      ] GC(389) User=19.18s Sys=0.32s Real=0.19s
[2025-10-15T15:02:15.474-0700][1251][info ][safepoint   ] Safepoint "G1CollectForAllocation", Time since last: 6233507653 ns, Reaching safepoint: 2529416 ns, Cleanup: 4717 ns, At safepoint: 196387105 ns, Total: 198921238 ns
[2025-10-15T15:02:19.477-0700][1251][info ][safepoint   ] Safepoint "Cleanup", Time since last: 4000279008 ns, Reaching safepoint: 1475105 ns, Cleanup: 25659 ns, At safepoint: 538622 ns, Total: 2039386 ns
[2025-10-15T15:02:20.479-0700][1251][info ][safepoint   ] Safepoint "Cleanup", Time since last: 1000108861 ns, Reaching safepoint: 1640635 ns, Cleanup: 10396 ns, At safepoint: 548678 ns, Total: 2199709 ns
[2025-10-15T15:02:21.893-0700][1251][info ][gc,start    ] GC(390) Pause Young (Mixed) (G1 Evacuation Pause)
[2025-10-15T15:02:21.893-0700][1251][info ][gc,task     ] GC(390) Using 113 workers of 113 for evacuation
[2025-10-15T15:02:21.914-0700][1251][debug][gc,remset   ] GC(390) Visited cards 37655552 Total dirty 96862208 (38.88%) Total old 551616512 (6.83%)
[2025-10-15T15:02:22.088-0700][1251][info ][gc,phases   ] GC(390)   Pre Evacuate Collection Set: 0.9ms
[2025-10-15T15:02:22.088-0700][1251][info ][gc,phases   ] GC(390)   Merge Heap Roots: 19.5ms
[2025-10-15T15:02:22.088-0700][1251][info ][gc,phases   ] GC(390)   Evacuate Collection Set: 152.2ms
[2025-10-15T15:02:22.088-0700][1251][info ][gc,phases   ] GC(390)   Post Evacuate Collection Set: 21.8ms
[2025-10-15T15:02:22.088-0700][1251][info ][gc,phases   ] GC(390)   Other: 0.2ms
[2025-10-15T15:02:22.088-0700][1251][debug][gc,remset   ] GC(390) Coarsening (recent): Inline->AoC 1118327 (225) AoC->Howl 1670 (621) Howl->Full 0 (0) Inline->AoC 6367 (170) AoC->BitMap 1273 (464) BitMap->Full 0 (0)
[2025-10-15T15:02:22.088-0700][1251][debug][gc,remset   ] GC(390) Coarsening (all): Inline->AoC 172975641 (59968) AoC->Howl 879929 (141217) Howl->Full 0 (0) Inline->AoC 3984877 (42522) AoC->BitMap 723362 (112114) BitMap->Full 9 (0)
[2025-10-15T15:02:22.088-0700][1251][info ][gc,heap     ] GC(390) Eden regions: 3281->0(3279)
[2025-10-15T15:02:22.088-0700][1251][info ][gc,heap     ] GC(390) Survivor regions: 175->177(432)
[2025-10-15T15:02:22.088-0700][1251][info ][gc,heap     ] GC(390) Old regions: 1498->1497
[2025-10-15T15:02:22.088-0700][1251][info ][gc,heap     ] GC(390) Humongous regions: 0->0
[2025-10-15T15:02:22.088-0700][1251][info ][gc,metaspace] GC(390) Metaspace: 304315K(309568K)->304315K(309568K) NonClass: 268559K(271360K)->268559K(271360K) Class: 35755K(38208K)->35755K(38208K)
[2025-10-15T15:02:22.088-0700][1251][info ][gc          ] GC(390) Pause Young (Mixed) (G1 Evacuation Pause) 158511M->53545M(184320M) 194.794ms
[2025-10-15T15:02:22.089-0700][1251][info ][gc,cpu      ] GC(390) User=18.63s Sys=0.34s Real=0.20s
[2025-10-15T15:02:22.090-0700][1251][info ][safepoint   ] Safepoint "G1CollectForAllocation", Time since last: 1411767177 ns, Reaching safepoint: 1313912 ns, Cleanup: 6150 ns, At safepoint: 198032517 ns, Total: 199352579 ns
[2025-10-15T15:02:23.092-0700][1251][info ][safepoint   ] Safepoint "Cleanup", Time since last: 1000083513 ns, Reaching safepoint: 1241593 ns, Cleanup: 11257 ns, At safepoint: 183056 ns, Total: 1435906 ns
[2025-10-15T15:02:25.093-0700][1251][info ][safepoint   ] Safepoint "Cleanup", Time since last: 2000177431 ns, Reaching safepoint: 849191 ns, Cleanup: 12809 ns, At safepoint: 339562 ns, Total: 1201562 ns
[2025-10-15T15:02:28.325-0700][1251][info ][gc,start    ] GC(391) Pause Young (Concurrent Start) (G1 Evacuation Pause)
[2025-10-15T15:02:28.326-0700][1251][info ][gc,task     ] GC(391) Using 113 workers of 113 for evacuation
[2025-10-15T15:02:28.344-0700][1251][debug][gc,remset   ] GC(391) Visited cards 32519936 Total dirty 97058816 (33.51%) Total old 551092224 (5.90%)
[2025-10-15T15:02:28.507-0700][1251][info ][gc,phases   ] GC(391)   Pre Evacuate Collection Set: 1.1ms
[2025-10-15T15:02:28.507-0700][1251][info ][gc,phases   ] GC(391)   Merge Heap Roots: 17.7ms
[2025-10-15T15:02:28.507-0700][1251][info ][gc,phases   ] GC(391)   Evacuate Collection Set: 140.8ms
[2025-10-15T15:02:28.507-0700][1251][info ][gc,phases   ] GC(391)   Post Evacuate Collection Set: 21.9ms
[2025-10-15T15:02:28.507-0700][1251][info ][gc,phases   ] GC(391)   Other: 0.2ms
[2025-10-15T15:02:28.507-0700][1251][debug][gc,remset   ] GC(391) Coarsening (recent): Inline->AoC 1093490 (236) AoC->Howl 1606 (525) Howl->Full 0 (0) Inline->AoC 6550 (169) AoC->BitMap 1348 (422) BitMap->Full 0 (0)
[2025-10-15T15:02:28.507-0700][1251][debug][gc,remset   ] GC(391) Coarsening (all): Inline->AoC 174069131 (60204) AoC->Howl 881535 (141742) Howl->Full 0 (0) Inline->AoC 3991427 (42691) AoC->BitMap 724710 (112536) BitMap->Full 9 (0)
[2025-10-15T15:02:28.507-0700][1251][info ][gc,heap     ] GC(391) Eden regions: 3279->0(3279)
[2025-10-15T15:02:28.507-0700][1251][info ][gc,heap     ] GC(391) Survivor regions: 177->177(432)
[2025-10-15T15:02:28.507-0700][1251][info ][gc,heap     ] GC(391) Old regions: 1497->1499
[2025-10-15T15:02:28.507-0700][1251][info ][gc,heap     ] GC(391) Humongous regions: 0->0
[2025-10-15T15:02:28.507-0700][1251][info ][gc,metaspace] GC(391) Metaspace: 304320K(309568K)->304320K(309568K) NonClass: 268564K(271360K)->268564K(271360K) Class: 35755K(38208K)->35755K(38208K)
[2025-10-15T15:02:28.507-0700][1251][info ][gc          ] GC(391) Pause Young (Concurrent Start) (G1 Evacuation Pause) 158473M->53621M(184320M) 181.927ms
[2025-10-15T15:02:28.508-0700][1134][info ][gc          ] GC(392) Concurrent Mark Cycle
[2025-10-15T15:02:28.508-0700][1134][info ][gc,marking  ] GC(392) Concurrent Scan Root Regions
[2025-10-15T15:02:28.509-0700][1251][info ][gc,cpu      ] GC(391) User=17.59s Sys=0.43s Real=0.19s
[2025-10-15T15:02:28.510-0700][1251][info ][safepoint   ] Safepoint "G1CollectForAllocation", Time since last: 3224138779 ns, Reaching safepoint: 7259611 ns, Cleanup: 5007 ns, At safepoint: 185937473 ns, Total: 193202091 ns
[2025-10-15T15:02:28.583-0700][1134][info ][gc,marking  ] GC(392) Concurrent Scan Root Regions 75.296ms
[2025-10-15T15:02:28.583-0700][1134][info ][gc,marking  ] GC(392) Concurrent Mark
[2025-10-15T15:02:28.583-0700][1134][info ][gc,marking  ] GC(392) Concurrent Mark From Roots
[2025-10-15T15:02:28.583-0700][1134][info ][gc,task     ] GC(392) Using 36 workers of 36 for marking
[2025-10-15T15:02:30.359-0700][1134][info ][gc,marking  ] GC(392) Concurrent Mark From Roots 1776.073ms
[2025-10-15T15:02:30.359-0700][1134][info ][gc,marking  ] GC(392) Concurrent Preclean
[2025-10-15T15:02:30.383-0700][1134][info ][gc,marking  ] GC(392) Concurrent Preclean 23.489ms
[2025-10-15T15:02:30.385-0700][1251][info ][gc,start    ] GC(392) Pause Remark
[2025-10-15T15:02:30.480-0700][1251][info ][gc          ] GC(392) Pause Remark 87850M->87850M(184320M) 95.621ms
[2025-10-15T15:02:30.481-0700][1251][info ][gc,cpu      ] GC(392) User=1.66s Sys=0.01s Real=0.10s
[2025-10-15T15:02:30.483-0700][1251][info ][safepoint   ] Safepoint "G1PauseRemark", Time since last: 1872425460 ns, Reaching safepoint: 731273 ns, Cleanup: 4106 ns, At safepoint: 99052869 ns, Total: 99788248 ns
[2025-10-15T15:02:30.483-0700][1134][info ][gc,marking  ] GC(392) Concurrent Mark 1899.553ms
[2025-10-15T15:02:30.483-0700][1134][info ][gc,marking  ] GC(392) Concurrent Rebuild Remembered Sets and Scrub Regions
[2025-10-15T15:02:32.044-0700][1134][info ][gc,marking  ] GC(392) Concurrent Rebuild Remembered Sets and Scrub Regions 1561.218ms
[2025-10-15T15:02:32.046-0700][1251][info ][gc,start    ] GC(392) Pause Cleanup
[2025-10-15T15:02:32.050-0700][1251][info ][gc          ] GC(392) Pause Cleanup 110446M->110446M(184320M) 3.490ms
[2025-10-15T15:02:32.051-0700][1251][info ][gc,cpu      ] GC(392) User=0.02s Sys=0.00s Real=0.01s
[2025-10-15T15:02:32.052-0700][1251][info ][safepoint   ] Safepoint "G1PauseCleanup", Time since last: 1561491954 ns, Reaching safepoint: 1125939 ns, Cleanup: 29825 ns, At safepoint: 7053550 ns, Total: 8209314 ns
[2025-10-15T15:02:32.053-0700][1134][info ][gc,marking  ] GC(392) Concurrent Clear Claimed Marks
[2025-10-15T15:02:32.054-0700][1134][info ][gc,marking  ] GC(392) Concurrent Clear Claimed Marks 0.948ms
[2025-10-15T15:02:32.054-0700][1134][info ][gc,marking  ] GC(392) Concurrent Cleanup for Next Mark
[2025-10-15T15:02:32.090-0700][1134][info ][gc,marking  ] GC(392) Concurrent Cleanup for Next Mark 35.723ms
[2025-10-15T15:02:32.090-0700][1134][info ][gc          ] GC(392) Concurrent Mark Cycle 3582.043ms
[2025-10-15T15:02:33.056-0700][1251][info ][safepoint   ] Safepoint "Cleanup", Time since last: 1000104694 ns, Reaching safepoint: 1204517 ns, Cleanup: 11157 ns, At safepoint: 2622697 ns, Total: 3838371 ns
[2025-10-15T15:02:34.897-0700][1251][info ][gc,start    ] GC(393) Pause Young (Prepare Mixed) (G1 Evacuation Pause)
[2025-10-15T15:02:34.897-0700][1251][info ][gc,task     ] GC(393) Using 113 workers of 113 for evacuation
[2025-10-15T15:02:34.915-0700][1251][debug][gc,remset   ] GC(393) Visited cards 32595968 Total dirty 97255424 (33.52%) Total old 551288832 (5.91%)
[2025-10-15T15:02:35.081-0700][1251][info ][gc,phases   ] GC(393)   Pre Evacuate Collection Set: 0.7ms
[2025-10-15T15:02:35.081-0700][1251][info ][gc,phases   ] GC(393)   Merge Heap Roots: 17.7ms
[2025-10-15T15:02:35.081-0700][1251][info ][gc,phases   ] GC(393)   Evacuate Collection Set: 141.7ms
[2025-10-15T15:02:35.081-0700][1251][info ][gc,phases   ] GC(393)   Post Evacuate Collection Set: 23.7ms
[2025-10-15T15:02:35.081-0700][1251][info ][gc,phases   ] GC(393)   Other: 0.2ms
[2025-10-15T15:02:35.081-0700][1251][debug][gc,remset   ] GC(393) Coarsening (recent): Inline->AoC 1777409 (195) AoC->Howl 47726 (393) Howl->Full 0 (0) Inline->AoC 248477 (129) AoC->BitMap 38171 (345) BitMap->Full 0 (0)
[2025-10-15T15:02:35.081-0700][1251][debug][gc,remset   ] GC(393) Coarsening (all): Inline->AoC 175846540 (60399) AoC->Howl 929261 (142135) Howl->Full 0 (0) Inline->AoC 4239904 (42820) AoC->BitMap 762881 (112881) BitMap->Full 9 (0)
[2025-10-15T15:02:35.081-0700][1251][info ][gc,heap     ] GC(393) Eden regions: 3279->0(3016)
[2025-10-15T15:02:35.081-0700][1251][info ][gc,heap     ] GC(393) Survivor regions: 177->178(432)
[2025-10-15T15:02:35.081-0700][1251][info ][gc,heap     ] GC(393) Old regions: 1499->1501
[2025-10-15T15:02:35.081-0700][1251][info ][gc,heap     ] GC(393) Humongous regions: 1->0
[2025-10-15T15:02:35.081-0700][1251][info ][gc,metaspace] GC(393) Metaspace: 304320K(309568K)->304320K(309568K) NonClass: 268565K(271360K)->268565K(271360K) Class: 35755K(38208K)->35755K(38208K)
[2025-10-15T15:02:35.081-0700][1251][info ][gc          ] GC(393) Pause Young (Prepare Mixed) (G1 Evacuation Pause) 158581M->53704M(184320M) 184.158ms
[2025-10-15T15:02:35.082-0700][1251][info ][gc,cpu      ] GC(393) User=18.29s Sys=0.24s Real=0.19s
[2025-10-15T15:02:35.083-0700][1251][info ][safepoint   ] Safepoint "G1CollectForAllocation", Time since last: 1838186381 ns, Reaching safepoint: 1084366 ns, Cleanup: 5218 ns, At safepoint: 187529103 ns, Total: 188618687 ns
[2025-10-15T15:02:41.413-0700][1251][info ][gc,start    ] GC(394) Pause Young (Mixed) (G1 Evacuation Pause)
[2025-10-15T15:02:41.413-0700][1251][info ][gc,task     ] GC(394) Using 113 workers of 113 for evacuation
[2025-10-15T15:02:41.432-0700][1251][debug][gc,remset   ] GC(394) Visited cards 36238848 Total dirty 96272384 (37.64%) Total old 549978112 (6.59%)
[2025-10-15T15:02:41.601-0700][1251][info ][gc,phases   ] GC(394)   Pre Evacuate Collection Set: 0.8ms
[2025-10-15T15:02:41.601-0700][1251][info ][gc,phases   ] GC(394)   Merge Heap Roots: 18.3ms
[2025-10-15T15:02:41.601-0700][1251][info ][gc,phases   ] GC(394)   Evacuate Collection Set: 146.5ms
[2025-10-15T15:02:41.601-0700][1251][info ][gc,phases   ] GC(394)   Post Evacuate Collection Set: 22.4ms
[2025-10-15T15:02:41.601-0700][1251][info ][gc,phases   ] GC(394)   Other: 0.2ms
[2025-10-15T15:02:41.601-0700][1251][debug][gc,remset   ] GC(394) Coarsening (recent): Inline->AoC 1118507 (319) AoC->Howl 1765 (625) Howl->Full 0 (0) Inline->AoC 6979 (213) AoC->BitMap 1451 (569) BitMap->Full 0 (0)
[2025-10-15T15:02:41.601-0700][1251][debug][gc,remset   ] GC(394) Coarsening (all): Inline->AoC 176965047 (60718) AoC->Howl 931026 (142760) Howl->Full 0 (0) Inline->AoC 4246883 (43033) AoC->BitMap 764332 (113450) BitMap->Full 9 (0)
[2025-10-15T15:02:41.601-0700][1251][info ][gc,heap     ] GC(394) Eden regions: 3259->0(3180)
[2025-10-15T15:02:41.601-0700][1251][info ][gc,heap     ] GC(394) Survivor regions: 178->178(430)
[2025-10-15T15:02:41.601-0700][1251][info ][gc,heap     ] GC(394) Old regions: 1501->1493
[2025-10-15T15:02:41.601-0700][1251][info ][gc,heap     ] GC(394) Humongous regions: 0->0
[2025-10-15T15:02:41.601-0700][1251][info ][gc,metaspace] GC(394) Metaspace: 304325K(309568K)->304325K(309568K) NonClass: 268569K(271360K)->268569K(271360K) Class: 35755K(38208K)->35755K(38208K)
[2025-10-15T15:02:41.601-0700][1251][info ][gc          ] GC(394) Pause Young (Mixed) (G1 Evacuation Pause) 157992M->53454M(184320M) 188.364ms
[2025-10-15T15:02:41.603-0700][1251][info ][gc,cpu      ] GC(394) User=18.58s Sys=0.26s Real=0.19s
[2025-10-15T15:02:41.604-0700][1251][info ][safepoint   ] Safepoint "G1CollectForAllocation", Time since last: 6327331262 ns, Reaching safepoint: 1614916 ns, Cleanup: 16495 ns, At safepoint: 191650830 ns, Total: 193282241 ns
[2025-10-15T15:02:47.385-0700][1251][info ][gc,start    ] GC(395) Pause Young (Mixed) (G1 Evacuation Pause)
[2025-10-15T15:02:47.385-0700][1251][info ][gc,task     ] GC(395) Using 113 workers of 113 for evacuation
[2025-10-15T15:02:47.403-0700][1251][debug][gc,remset   ] GC(395) Visited cards 39974912 Total dirty 96010240 (41.64%) Total old 551944192 (7.24%)
[2025-10-15T15:02:47.584-0700][1251][info ][gc,phases   ] GC(395)   Pre Evacuate Collection Set: 0.8ms
[2025-10-15T15:02:47.584-0700][1251][info ][gc,phases   ] GC(395)   Merge Heap Roots: 17.5ms
[2025-10-15T15:02:47.584-0700][1251][info ][gc,phases   ] GC(395)   Evacuate Collection Set: 156.8ms
[2025-10-15T15:02:47.584-0700][1251][info ][gc,phases   ] GC(395)   Post Evacuate Collection Set: 23.7ms
[2025-10-15T15:02:47.584-0700][1251][info ][gc,phases   ] GC(395)   Other: 0.2ms
[2025-10-15T15:02:47.584-0700][1251][debug][gc,remset   ] GC(395) Coarsening (recent): Inline->AoC 995644 (233) AoC->Howl 1478 (469) Howl->Full 0 (0) Inline->AoC 5956 (170) AoC->BitMap 1201 (396) BitMap->Full 0 (0)
[2025-10-15T15:02:47.584-0700][1251][debug][gc,remset   ] GC(395) Coarsening (all): Inline->AoC 177960691 (60951) AoC->Howl 932504 (143229) Howl->Full 0 (0) Inline->AoC 4252839 (43203) AoC->BitMap 765533 (113846) BitMap->Full 9 (0)
[2025-10-15T15:02:47.584-0700][1251][info ][gc,heap     ] GC(395) Eden regions: 3278->0(2971)
[2025-10-15T15:02:47.584-0700][1251][info ][gc,heap     ] GC(395) Survivor regions: 178->188(432)
[2025-10-15T15:02:47.584-0700][1251][info ][gc,heap     ] GC(395) Old regions: 1493->1488
[2025-10-15T15:02:47.584-0700][1251][info ][gc,heap     ] GC(395) Humongous regions: 0->0
[2025-10-15T15:02:47.584-0700][1251][info ][gc,metaspace] GC(395) Metaspace: 304327K(309568K)->304327K(309568K) NonClass: 268572K(271360K)->268572K(271360K) Class: 35755K(38208K)->35755K(38208K)
[2025-10-15T15:02:47.584-0700][1251][info ][gc          ] GC(395) Pause Young (Mixed) (G1 Evacuation Pause) 158350M->53591M(184320M) 199.199ms
[2025-10-15T15:02:47.585-0700][1251][info ][gc,cpu      ] GC(395) User=19.56s Sys=0.28s Real=0.20s
[2025-10-15T15:02:47.586-0700][1251][info ][safepoint   ] Safepoint "G1CollectForAllocation", Time since last: 5778645472 ns, Reaching safepoint: 1548026 ns, Cleanup: 5498 ns, At safepoint: 202451253 ns, Total: 204004777 ns
[2025-10-15T15:02:50.588-0700][1251][info ][safepoint   ] Safepoint "Cleanup", Time since last: 3000204259 ns, Reaching safepoint: 828770 ns, Cleanup: 9815 ns, At safepoint: 283788 ns, Total: 1122373 ns
[2025-10-15T15:02:53.707-0700][1251][info ][gc,start    ] GC(396) Pause Young (Mixed) (G1 Evacuation Pause)
[2025-10-15T15:02:53.707-0700][1251][info ][gc,task     ] GC(396) Using 113 workers of 113 for evacuation
[2025-10-15T15:02:53.725-0700][1251][debug][gc,remset   ] GC(396) Visited cards 38162688 Total dirty 95879168 (39.80%) Total old 539295744 (7.08%)
[2025-10-15T15:02:53.901-0700][1251][info ][gc,phases   ] GC(396)   Pre Evacuate Collection Set: 0.7ms
[2025-10-15T15:02:53.901-0700][1251][info ][gc,phases   ] GC(396)   Merge Heap Roots: 17.3ms
[2025-10-15T15:02:53.901-0700][1251][info ][gc,phases   ] GC(396)   Evacuate Collection Set: 153.0ms
[2025-10-15T15:02:53.901-0700][1251][info ][gc,phases   ] GC(396)   Post Evacuate Collection Set: 23.0ms
[2025-10-15T15:02:53.901-0700][1251][info ][gc,phases   ] GC(396)   Other: 0.2ms
[2025-10-15T15:02:53.901-0700][1251][debug][gc,remset   ] GC(396) Coarsening (recent): Inline->AoC 1091792 (243) AoC->Howl 1658 (576) Howl->Full 0 (0) Inline->AoC 6406 (187) AoC->BitMap 1538 (552) BitMap->Full 0 (0)
[2025-10-15T15:02:53.901-0700][1251][debug][gc,remset   ] GC(396) Coarsening (all): Inline->AoC 179052483 (61194) AoC->Howl 934162 (143805) Howl->Full 0 (0) Inline->AoC 4259245 (43390) AoC->BitMap 767071 (114398) BitMap->Full 9 (0)
[2025-10-15T15:02:53.901-0700][1251][info ][gc,heap     ] GC(396) Eden regions: 3174->0(3275)
[2025-10-15T15:02:53.901-0700][1251][info ][gc,heap     ] GC(396) Survivor regions: 188->181(421)
[2025-10-15T15:02:53.901-0700][1251][info ][gc,heap     ] GC(396) Old regions: 1488->1483
[2025-10-15T15:02:53.901-0700][1251][info ][gc,heap     ] GC(396) Humongous regions: 0->0
[2025-10-15T15:02:53.901-0700][1251][info ][gc,metaspace] GC(396) Metaspace: 304329K(309568K)->304329K(309568K) NonClass: 268573K(271360K)->268573K(271360K) Class: 35755K(38208K)->35755K(38208K)
[2025-10-15T15:02:53.901-0700][1251][info ][gc          ] GC(396) Pause Young (Mixed) (G1 Evacuation Pause) 155159M->53222M(184320M) 194.394ms
[2025-10-15T15:02:53.902-0700][1251][info ][gc,cpu      ] GC(396) User=19.09s Sys=0.32s Real=0.20s
[2025-10-15T15:02:53.903-0700][1251][info ][safepoint   ] Safepoint "G1CollectForAllocation", Time since last: 3116694802 ns, Reaching safepoint: 1180430 ns, Cleanup: 4988 ns, At safepoint: 197870994 ns, Total: 199056412 ns
[2025-10-15T15:02:54.904-0700][1251][info ][safepoint   ] Safepoint "Cleanup", Time since last: 1000086427 ns, Reaching safepoint: 766206 ns, Cleanup: 15703 ns, At safepoint: 199361 ns, Total: 981270 ns
[2025-10-15T15:02:58.905-0700][1251][info ][safepoint   ] Safepoint "Cleanup", Time since last: 4000277975 ns, Reaching safepoint: 616370 ns, Cleanup: 11377 ns, At safepoint: 136395 ns, Total: 764142 ns
[2025-10-15T15:03:00.331-0700][1251][info ][gc,start    ] GC(397) Pause Young (Mixed) (G1 Evacuation Pause)
[2025-10-15T15:03:00.331-0700][1251][info ][gc,task     ] GC(397) Using 113 workers of 113 for evacuation
[2025-10-15T15:03:00.351-0700][1251][debug][gc,remset   ] GC(397) Visited cards 39287552 Total dirty 95420416 (41.17%) Total old 551288832 (7.13%)
[2025-10-15T15:03:00.528-0700][1251][info ][gc,phases   ] GC(397)   Pre Evacuate Collection Set: 0.9ms
[2025-10-15T15:03:00.528-0700][1251][info ][gc,phases   ] GC(397)   Merge Heap Roots: 18.5ms
[2025-10-15T15:03:00.528-0700][1251][info ][gc,phases   ] GC(397)   Evacuate Collection Set: 153.9ms
[2025-10-15T15:03:00.528-0700][1251][info ][gc,phases   ] GC(397)   Post Evacuate Collection Set: 23.1ms
[2025-10-15T15:03:00.528-0700][1251][info ][gc,phases   ] GC(397)   Other: 0.2ms
[2025-10-15T15:03:00.528-0700][1251][debug][gc,remset   ] GC(397) Coarsening (recent): Inline->AoC 1063596 (281) AoC->Howl 1448 (459) Howl->Full 0 (0) Inline->AoC 5890 (168) AoC->BitMap 1210 (434) BitMap->Full 0 (0)
[2025-10-15T15:03:00.528-0700][1251][debug][gc,remset   ] GC(397) Coarsening (all): Inline->AoC 180116079 (61475) AoC->Howl 935610 (144264) Howl->Full 0 (0) Inline->AoC 4265135 (43558) AoC->BitMap 768281 (114832) BitMap->Full 9 (0)
[2025-10-15T15:03:00.528-0700][1251][info ][gc,heap     ] GC(397) Eden regions: 3275->0(3169)
[2025-10-15T15:03:00.528-0700][1251][info ][gc,heap     ] GC(397) Survivor regions: 181->180(432)
[2025-10-15T15:03:00.528-0700][1251][info ][gc,heap     ] GC(397) Old regions: 1483->1479
[2025-10-15T15:03:00.528-0700][1251][info ][gc,heap     ] GC(397) Humongous regions: 0->0
[2025-10-15T15:03:00.528-0700][1251][info ][gc,metaspace] GC(397) Metaspace: 304329K(309568K)->304329K(309568K) NonClass: 268573K(271360K)->268573K(271360K) Class: 35755K(38208K)->35755K(38208K)
[2025-10-15T15:03:00.528-0700][1251][info ][gc          ] GC(397) Pause Young (Mixed) (G1 Evacuation Pause) 158022M->53035M(184320M) 196.705ms
[2025-10-15T15:03:00.529-0700][1251][info ][gc,cpu      ] GC(397) User=19.37s Sys=0.36s Real=0.20s
[2025-10-15T15:03:00.530-0700][1251][info ][safepoint   ] Safepoint "G1CollectForAllocation", Time since last: 1422262021 ns, Reaching safepoint: 2148921 ns, Cleanup: 5498 ns, At safepoint: 200183453 ns, Total: 202337872 ns
[2025-10-15T15:03:01.531-0700][1251][info ][safepoint   ] Safepoint "Cleanup", Time since last: 1000090007 ns, Reaching safepoint: 754147 ns, Cleanup: 17256 ns, At safepoint: 189836 ns, Total: 961239 ns
[2025-10-15T15:03:03.533-0700][1251][info ][safepoint   ] Safepoint "Cleanup", Time since last: 2000144630 ns, Reaching safepoint: 910984 ns, Cleanup: 24978 ns, At safepoint: 360433 ns, Total: 1296395 ns
[2025-10-15T15:03:06.802-0700][1251][info ][gc,start    ] GC(398) Pause Young (Mixed) (G1 Evacuation Pause)
[2025-10-15T15:03:06.802-0700][1251][info ][gc,task     ] GC(398) Using 113 workers of 113 for evacuation
[2025-10-15T15:03:06.821-0700][1251][debug][gc,remset   ] GC(398) Visited cards 40271360 Total dirty 95289344 (42.26%) Total old 551026688 (7.31%)
[2025-10-15T15:03:07.003-0700][1251][info ][gc,mmu      ] GC(398) MMU target violated: 200.3ms (200.0ms/201.0ms)
[2025-10-15T15:03:07.003-0700][1251][info ][gc,phases   ] GC(398)   Pre Evacuate Collection Set: 0.8ms
[2025-10-15T15:03:07.003-0700][1251][info ][gc,phases   ] GC(398)   Merge Heap Roots: 18.0ms
[2025-10-15T15:03:07.003-0700][1251][info ][gc,phases   ] GC(398)   Evacuate Collection Set: 157.7ms
[2025-10-15T15:03:07.003-0700][1251][info ][gc,phases   ] GC(398)   Post Evacuate Collection Set: 23.7ms
[2025-10-15T15:03:07.003-0700][1251][info ][gc,phases   ] GC(398)   Other: 0.2ms
[2025-10-15T15:03:07.003-0700][1251][debug][gc,remset   ] GC(398) Coarsening (recent): Inline->AoC 1070556 (240) AoC->Howl 1597 (494) Howl->Full 0 (0) Inline->AoC 6530 (183) AoC->BitMap 1516 (512) BitMap->Full 0 (0)
[2025-10-15T15:03:07.003-0700][1251][debug][gc,remset   ] GC(398) Coarsening (all): Inline->AoC 181186635 (61715) AoC->Howl 937207 (144758) Howl->Full 0 (0) Inline->AoC 4271665 (43741) AoC->BitMap 769797 (115344) BitMap->Full 9 (0)
[2025-10-15T15:03:07.003-0700][1251][info ][gc,heap     ] GC(398) Eden regions: 3276->0(3079)
[2025-10-15T15:03:07.003-0700][1251][info ][gc,heap     ] GC(398) Survivor regions: 180->181(432)
[2025-10-15T15:03:07.003-0700][1251][info ][gc,heap     ] GC(398) Old regions: 1479->1474
[2025-10-15T15:03:07.003-0700][1251][info ][gc,heap     ] GC(398) Humongous regions: 0->0
[2025-10-15T15:03:07.003-0700][1251][info ][gc,metaspace] GC(398) Metaspace: 304329K(309568K)->304329K(309568K) NonClass: 268573K(271360K)->268573K(271360K) Class: 35755K(38208K)->35755K(38208K)
[2025-10-15T15:03:07.003-0700][1251][info ][gc          ] GC(398) Pause Young (Mixed) (G1 Evacuation Pause) 157867M->52934M(184320M) 200.518ms
[2025-10-15T15:03:07.004-0700][1251][info ][gc,cpu      ] GC(398) User=19.90s Sys=0.20s Real=0.20s
[2025-10-15T15:03:07.005-0700][1251][info ][safepoint   ] Safepoint "G1CollectForAllocation", Time since last: 3259205587 ns, Reaching safepoint: 9242861 ns, Cleanup: 8483 ns, At safepoint: 203864454 ns, Total: 213115798 ns
[2025-10-15T15:03:10.006-0700][1251][info ][safepoint   ] Safepoint "Cleanup", Time since last: 3000202228 ns, Reaching safepoint: 714427 ns, Cleanup: 15513 ns, At safepoint: 331270 ns, Total: 1061210 ns
[2025-10-15T15:03:13.121-0700][1251][info ][gc,start    ] GC(399) Pause Young (Mixed) (G1 Evacuation Pause)
[2025-10-15T15:03:13.121-0700][1251][info ][gc,task     ] GC(399) Using 113 workers of 113 for evacuation
[2025-10-15T15:03:13.139-0700][1251][debug][gc,remset   ] GC(399) Visited cards 39135232 Total dirty 94699520 (41.33%) Total old 550699008 (7.11%)
[2025-10-15T15:03:13.327-0700][1251][info ][gc,mmu      ] GC(399) MMU target violated: 201.0ms (200.0ms/201.0ms)
[2025-10-15T15:03:13.327-0700][1251][info ][gc,phases   ] GC(399)   Pre Evacuate Collection Set: 0.8ms
[2025-10-15T15:03:13.327-0700][1251][info ][gc,phases   ] GC(399)   Merge Heap Roots: 16.8ms
[2025-10-15T15:03:13.327-0700][1251][info ][gc,phases   ] GC(399)   Evacuate Collection Set: 164.6ms
[2025-10-15T15:03:13.327-0700][1251][info ][gc,phases   ] GC(399)   Post Evacuate Collection Set: 23.3ms
[2025-10-15T15:03:13.327-0700][1251][info ][gc,phases   ] GC(399)   Other: 0.2ms
[2025-10-15T15:03:13.327-0700][1251][debug][gc,remset   ] GC(399) Coarsening (recent): Inline->AoC 1100661 (264) AoC->Howl 1720 (595) Howl->Full 0 (0) Inline->AoC 6662 (219) AoC->BitMap 1453 (465) BitMap->Full 0 (0)
[2025-10-15T15:03:13.327-0700][1251][debug][gc,remset   ] GC(399) Coarsening (all): Inline->AoC 182287296 (61979) AoC->Howl 938927 (145353) Howl->Full 0 (0) Inline->AoC 4278327 (43960) AoC->BitMap 771250 (115809) BitMap->Full 9 (0)
[2025-10-15T15:03:13.327-0700][1251][info ][gc,heap     ] GC(399) Eden regions: 3275->0(2455)
[2025-10-15T15:03:13.327-0700][1251][info ][gc,heap     ] GC(399) Survivor regions: 181->200(432)
[2025-10-15T15:03:13.327-0700][1251][info ][gc,heap     ] GC(399) Old regions: 1474->1470
[2025-10-15T15:03:13.327-0700][1251][info ][gc,heap     ] GC(399) Humongous regions: 0->0
[2025-10-15T15:03:13.327-0700][1251][info ][gc,metaspace] GC(399) Metaspace: 304334K(309568K)->304334K(309568K) NonClass: 268578K(271360K)->268578K(271360K) Class: 35755K(38208K)->35755K(38208K)
[2025-10-15T15:03:13.327-0700][1251][info ][gc          ] GC(399) Pause Young (Mixed) (G1 Evacuation Pause) 157734M->53416M(184320M) 205.866ms
[2025-10-15T15:03:13.328-0700][1251][info ][gc,cpu      ] GC(399) User=20.50s Sys=0.29s Real=0.20s
[2025-10-15T15:03:13.329-0700][1251][info ][safepoint   ] Safepoint "G1CollectForAllocation", Time since last: 3112772274 ns, Reaching safepoint: 772716 ns, Cleanup: 5418 ns, At safepoint: 209479925 ns, Total: 210258059 ns
[2025-10-15T15:03:18.968-0700][1251][info ][gc,start    ] GC(400) Pause Young (Mixed) (G1 Evacuation Pause)
[2025-10-15T15:03:18.968-0700][1251][info ][gc,task     ] GC(400) Using 113 workers of 113 for evacuation
[2025-10-15T15:03:18.988-0700][1251][debug][gc,remset   ] GC(400) Visited cards 38859008 Total dirty 94437376 (41.15%) Total old 509018112 (7.63%)
[2025-10-15T15:03:19.169-0700][1251][info ][gc,mmu      ] GC(400) MMU target violated: 200.2ms (200.0ms/201.0ms)
[2025-10-15T15:03:19.169-0700][1251][info ][gc,phases   ] GC(400)   Pre Evacuate Collection Set: 0.8ms
[2025-10-15T15:03:19.169-0700][1251][info ][gc,phases   ] GC(400)   Merge Heap Roots: 18.7ms
[2025-10-15T15:03:19.169-0700][1251][info ][gc,phases   ] GC(400)   Evacuate Collection Set: 158.4ms
[2025-10-15T15:03:19.169-0700][1251][info ][gc,phases   ] GC(400)   Post Evacuate Collection Set: 22.2ms
[2025-10-15T15:03:19.169-0700][1251][info ][gc,phases   ] GC(400)   Other: 0.2ms
[2025-10-15T15:03:19.169-0700][1251][debug][gc,remset   ] GC(400) Coarsening (recent): Inline->AoC 916353 (274) AoC->Howl 1575 (548) Howl->Full 0 (0) Inline->AoC 6110 (207) AoC->BitMap 1483 (541) BitMap->Full 0 (0)
[2025-10-15T15:03:19.169-0700][1251][debug][gc,remset   ] GC(400) Coarsening (all): Inline->AoC 183203649 (62253) AoC->Howl 940502 (145901) Howl->Full 0 (0) Inline->AoC 4284437 (44167) AoC->BitMap 772733 (116350) BitMap->Full 9 (0)
[2025-10-15T15:03:19.169-0700][1251][info ][gc,heap     ] GC(400) Eden regions: 2940->0(2445)
[2025-10-15T15:03:19.169-0700][1251][info ][gc,heap     ] GC(400) Survivor regions: 200->199(393)
[2025-10-15T15:03:19.169-0700][1251][info ][gc,heap     ] GC(400) Old regions: 1470->1466
[2025-10-15T15:03:19.169-0700][1251][info ][gc,heap     ] GC(400) Humongous regions: 0->0
[2025-10-15T15:03:19.169-0700][1251][info ][gc,metaspace] GC(400) Metaspace: 304334K(309568K)->304334K(309568K) NonClass: 268578K(271360K)->268578K(271360K) Class: 35755K(38208K)->35755K(38208K)
[2025-10-15T15:03:19.169-0700][1251][info ][gc          ] GC(400) Pause Young (Mixed) (G1 Evacuation Pause) 147496M->53257M(184320M) 200.485ms
[2025-10-15T15:03:19.170-0700][1251][info ][gc,cpu      ] GC(400) User=19.93s Sys=0.21s Real=0.20s
[2025-10-15T15:03:19.171-0700][1251][info ][safepoint   ] Safepoint "G1CollectForAllocation", Time since last: 5636607165 ns, Reaching safepoint: 1497500 ns, Cleanup: 5888 ns, At safepoint: 203789165 ns, Total: 205292553 ns
[2025-10-15T15:03:24.173-0700][1251][info ][safepoint   ] Safepoint "Cleanup", Time since last: 5000309298 ns, Reaching safepoint: 780898 ns, Cleanup: 12258 ns, At safepoint: 402377 ns, Total: 1195533 ns
[2025-10-15T15:03:24.714-0700][1251][info ][gc,start    ] GC(401) Pause Young (Mixed) (G1 Evacuation Pause)
[2025-10-15T15:03:24.714-0700][1251][info ][gc,task     ] GC(401) Using 113 workers of 113 for evacuation
[2025-10-15T15:03:24.733-0700][1251][debug][gc,remset   ] GC(401) Visited cards 41532160 Total dirty 94699520 (43.86%) Total old 504692736 (8.23%)
[2025-10-15T15:03:24.921-0700][1251][info ][gc,mmu      ] GC(401) MMU target violated: 201.0ms (200.0ms/201.0ms)
[2025-10-15T15:03:24.921-0700][1251][info ][gc,phases   ] GC(401)   Pre Evacuate Collection Set: 0.7ms
[2025-10-15T15:03:24.921-0700][1251][info ][gc,phases   ] GC(401)   Merge Heap Roots: 17.6ms
[2025-10-15T15:03:24.921-0700][1251][info ][gc,phases   ] GC(401)   Evacuate Collection Set: 166.4ms
[2025-10-15T15:03:24.921-0700][1251][info ][gc,phases   ] GC(401)   Post Evacuate Collection Set: 21.8ms
[2025-10-15T15:03:24.921-0700][1251][info ][gc,phases   ] GC(401)   Other: 0.2ms
[2025-10-15T15:03:24.921-0700][1251][debug][gc,remset   ] GC(401) Coarsening (recent): Inline->AoC 992767 (202) AoC->Howl 1462 (452) Howl->Full 0 (0) Inline->AoC 6004 (159) AoC->BitMap 1389 (447) BitMap->Full 0 (0)
[2025-10-15T15:03:24.921-0700][1251][debug][gc,remset   ] GC(401) Coarsening (all): Inline->AoC 184196416 (62455) AoC->Howl 941964 (146353) Howl->Full 0 (0) Inline->AoC 4290441 (44326) AoC->BitMap 774122 (116797) BitMap->Full 9 (0)
[2025-10-15T15:03:24.921-0700][1251][info ][gc,heap     ] GC(401) Eden regions: 2912->0(3235)
[2025-10-15T15:03:24.921-0700][1251][info ][gc,heap     ] GC(401) Survivor regions: 199->199(389)
[2025-10-15T15:03:24.921-0700][1251][info ][gc,heap     ] GC(401) Old regions: 1466->1463
[2025-10-15T15:03:24.921-0700][1251][info ][gc,heap     ] GC(401) Humongous regions: 0->0
[2025-10-15T15:03:24.921-0700][1251][info ][gc,metaspace] GC(401) Metaspace: 304334K(309568K)->304334K(309568K) NonClass: 268578K(271360K)->268578K(271360K) Class: 35755K(38208K)->35755K(38208K)
[2025-10-15T15:03:24.921-0700][1251][info ][gc          ] GC(401) Pause Young (Mixed) (G1 Evacuation Pause) 146441M->53169M(184320M) 206.812ms
[2025-10-15T15:03:24.922-0700][1251][info ][gc,cpu      ] GC(401) User=20.01s Sys=0.19s Real=0.21s
[2025-10-15T15:03:24.923-0700][1251][info ][safepoint   ] Safepoint "G1CollectForAllocation", Time since last: 531034204 ns, Reaching safepoint: 9332950 ns, Cleanup: 6560 ns, At safepoint: 210069799 ns, Total: 219409309 ns
[2025-10-15T15:03:26.925-0700][1251][info ][safepoint   ] Safepoint "Cleanup", Time since last: 2000138103 ns, Reaching safepoint: 1363156 ns, Cleanup: 13952 ns, At safepoint: 227693 ns, Total: 1604801 ns
[2025-10-15T15:03:31.179-0700][1251][info ][gc,start    ] GC(402) Pause Young (Normal) (G1 Evacuation Pause)
[2025-10-15T15:03:31.179-0700][1251][info ][gc,task     ] GC(402) Using 113 workers of 113 for evacuation
[2025-10-15T15:03:31.198-0700][1251][debug][gc,remset   ] GC(402) Visited cards 31333376 Total dirty 94699520 (33.09%) Total old 545062912 (5.75%)
[2025-10-15T15:03:31.387-0700][1251][info ][gc,mmu      ] GC(402) MMU target violated: 201.0ms (200.0ms/201.0ms)
[2025-10-15T15:03:31.388-0700][1251][info ][gc,phases   ] GC(402)   Pre Evacuate Collection Set: 0.8ms
[2025-10-15T15:03:31.388-0700][1251][info ][gc,phases   ] GC(402)   Merge Heap Roots: 17.8ms
[2025-10-15T15:03:31.388-0700][1251][info ][gc,phases   ] GC(402)   Evacuate Collection Set: 166.8ms
[2025-10-15T15:03:31.388-0700][1251][info ][gc,phases   ] GC(402)   Post Evacuate Collection Set: 22.6ms
[2025-10-15T15:03:31.388-0700][1251][info ][gc,phases   ] GC(402)   Other: 0.2ms
[2025-10-15T15:03:31.388-0700][1251][debug][gc,remset   ] GC(402) Coarsening (recent): Inline->AoC 1122119 (262) AoC->Howl 1588 (568) Howl->Full 0 (0) Inline->AoC 6076 (192) AoC->BitMap 1574 (579) BitMap->Full 0 (0)
[2025-10-15T15:03:31.388-0700][1251][debug][gc,remset   ] GC(402) Coarsening (all): Inline->AoC 185318535 (62717) AoC->Howl 943552 (146921) Howl->Full 0 (0) Inline->AoC 4296517 (44518) AoC->BitMap 775696 (117376) BitMap->Full 9 (0)
[2025-10-15T15:03:31.388-0700][1251][info ][gc,heap     ] GC(402) Eden regions: 3228->0(2416)
[2025-10-15T15:03:31.388-0700][1251][info ][gc,heap     ] GC(402) Survivor regions: 199->215(429)
[2025-10-15T15:03:31.388-0700][1251][info ][gc,heap     ] GC(402) Old regions: 1463->1466
[2025-10-15T15:03:31.388-0700][1251][info ][gc,heap     ] GC(402) Humongous regions: 0->0
[2025-10-15T15:03:31.388-0700][1251][info ][gc,metaspace] GC(402) Metaspace: 304340K(309568K)->304340K(309568K) NonClass: 268585K(271360K)->268585K(271360K) Class: 35755K(38208K)->35755K(38208K)
[2025-10-15T15:03:31.388-0700][1251][info ][gc          ] GC(402) Pause Young (Normal) (G1 Evacuation Pause) 156465M->53768M(184320M) 208.267ms
[2025-10-15T15:03:31.389-0700][1251][info ][gc,cpu      ] GC(402) User=20.83s Sys=0.25s Real=0.21s
[2025-10-15T15:03:31.390-0700][1251][info ][safepoint   ] Safepoint "G1CollectForAllocation", Time since last: 4251542944 ns, Reaching safepoint: 1899696 ns, Cleanup: 5068 ns, At safepoint: 211689183 ns, Total: 213593947 ns
[2025-10-15T15:03:36.755-0700][1251][info ][gc,start    ] GC(403) Pause Young (Normal) (G1 Evacuation Pause)
[2025-10-15T15:03:36.755-0700][1251][info ][gc,task     ] GC(403) Using 113 workers of 113 for evacuation
[2025-10-15T15:03:36.773-0700][1251][debug][gc,remset   ] GC(403) Visited cards 31297536 Total dirty 94896128 (32.98%) Total old 497680384 (6.29%)
[2025-10-15T15:03:36.955-0700][1251][info ][gc,mmu      ] GC(403) MMU target violated: 200.1ms (200.0ms/201.0ms)
[2025-10-15T15:03:36.955-0700][1251][info ][gc,phases   ] GC(403)   Pre Evacuate Collection Set: 0.8ms
[2025-10-15T15:03:36.955-0700][1251][info ][gc,phases   ] GC(403)   Merge Heap Roots: 17.0ms
[2025-10-15T15:03:36.955-0700][1251][info ][gc,phases   ] GC(403)   Evacuate Collection Set: 159.7ms
[2025-10-15T15:03:36.955-0700][1251][info ][gc,phases   ] GC(403)   Post Evacuate Collection Set: 22.5ms
[2025-10-15T15:03:36.955-0700][1251][info ][gc,phases   ] GC(403)   Other: 0.2ms
[2025-10-15T15:03:36.955-0700][1251][debug][gc,remset   ] GC(403) Coarsening (recent): Inline->AoC 977683 (250) AoC->Howl 1585 (495) Howl->Full 0 (0) Inline->AoC 6479 (178) AoC->BitMap 1479 (515) BitMap->Full 0 (0)
[2025-10-15T15:03:36.955-0700][1251][debug][gc,remset   ] GC(403) Coarsening (all): Inline->AoC 186296218 (62967) AoC->Howl 945137 (147416) Howl->Full 0 (0) Inline->AoC 4302996 (44696) AoC->BitMap 777175 (117891) BitMap->Full 9 (0)
[2025-10-15T15:03:36.955-0700][1251][info ][gc,heap     ] GC(403) Eden regions: 2849->0(2429)
[2025-10-15T15:03:36.955-0700][1251][info ][gc,heap     ] GC(403) Survivor regions: 215->212(383)
[2025-10-15T15:03:36.955-0700][1251][info ][gc,heap     ] GC(403) Old regions: 1466->1469
[2025-10-15T15:03:36.955-0700][1251][info ][gc,heap     ] GC(403) Humongous regions: 0->0
[2025-10-15T15:03:36.955-0700][1251][info ][gc,metaspace] GC(403) Metaspace: 304340K(309568K)->304340K(309568K) NonClass: 268585K(271360K)->268585K(271360K) Class: 35755K(38208K)->35755K(38208K)
[2025-10-15T15:03:36.955-0700][1251][info ][gc          ] GC(403) Pause Young (Normal) (G1 Evacuation Pause) 144936M->53771M(184320M) 200.318ms
[2025-10-15T15:03:36.956-0700][1251][info ][gc,cpu      ] GC(403) User=19.91s Sys=0.31s Real=0.20s
[2025-10-15T15:03:36.957-0700][1251][info ][safepoint   ] Safepoint "G1CollectForAllocation", Time since last: 5362861070 ns, Reaching safepoint: 880308 ns, Cleanup: 5728 ns, At safepoint: 203706230 ns, Total: 204592266 ns
[2025-10-15T15:03:41.959-0700][1251][info ][safepoint   ] Safepoint "Cleanup", Time since last: 5000336919 ns, Reaching safepoint: 713557 ns, Cleanup: 13129 ns, At safepoint: 238450 ns, Total: 965136 ns
[2025-10-15T15:03:42.453-0700][1251][info ][gc,start    ] GC(404) Pause Young (Normal) (G1 Evacuation Pause)
[2025-10-15T15:03:42.453-0700][1251][info ][gc,task     ] GC(404) Using 113 workers of 113 for evacuation
[2025-10-15T15:03:42.472-0700][1251][debug][gc,remset   ] GC(404) Visited cards 31145728 Total dirty 95027200 (32.78%) Total old 484769792 (6.42%)
[2025-10-15T15:03:42.651-0700][1251][info ][gc,phases   ] GC(404)   Pre Evacuate Collection Set: 0.8ms
[2025-10-15T15:03:42.651-0700][1251][info ][gc,phases   ] GC(404)   Merge Heap Roots: 18.8ms
[2025-10-15T15:03:42.651-0700][1251][info ][gc,phases   ] GC(404)   Evacuate Collection Set: 156.4ms
[2025-10-15T15:03:42.651-0700][1251][info ][gc,phases   ] GC(404)   Post Evacuate Collection Set: 22.1ms
[2025-10-15T15:03:42.651-0700][1251][info ][gc,phases   ] GC(404)   Other: 0.2ms
[2025-10-15T15:03:42.651-0700][1251][debug][gc,remset   ] GC(404) Coarsening (recent): Inline->AoC 879007 (248) AoC->Howl 1692 (617) Howl->Full 0 (0) Inline->AoC 6533 (192) AoC->BitMap 1675 (628) BitMap->Full 0 (0)
[2025-10-15T15:03:42.651-0700][1251][debug][gc,remset   ] GC(404) Coarsening (all): Inline->AoC 187175225 (63215) AoC->Howl 946829 (148033) Howl->Full 0 (0) Inline->AoC 4309529 (44888) AoC->BitMap 778850 (118519) BitMap->Full 9 (0)
[2025-10-15T15:03:42.651-0700][1251][info ][gc,heap     ] GC(404) Eden regions: 2752->0(2638)
[2025-10-15T15:03:42.651-0700][1251][info ][gc,heap     ] GC(404) Survivor regions: 212->203(371)
[2025-10-15T15:03:42.651-0700][1251][info ][gc,heap     ] GC(404) Old regions: 1469->1476
[2025-10-15T15:03:42.651-0700][1251][info ][gc,heap     ] GC(404) Humongous regions: 0->0
[2025-10-15T15:03:42.651-0700][1251][info ][gc,metaspace] GC(404) Metaspace: 304340K(309568K)->304340K(309568K) NonClass: 268585K(271360K)->268585K(271360K) Class: 35755K(38208K)->35755K(38208K)
[2025-10-15T15:03:42.651-0700][1251][info ][gc          ] GC(404) Pause Young (Normal) (G1 Evacuation Pause) 141835M->53715M(184320M) 198.563ms
[2025-10-15T15:03:42.652-0700][1251][info ][gc,cpu      ] GC(404) User=19.60s Sys=0.20s Real=0.20s
[2025-10-15T15:03:42.653-0700][1251][info ][safepoint   ] Safepoint "G1CollectForAllocation", Time since last: 487863267 ns, Reaching safepoint: 4866972 ns, Cleanup: 5979 ns, At safepoint: 201928438 ns, Total: 206801389 ns
[2025-10-15T15:03:46.655-0700][1251][info ][safepoint   ] Safepoint "Cleanup", Time since last: 4000275925 ns, Reaching safepoint: 979417 ns, Cleanup: 26711 ns, At safepoint: 164378 ns, Total: 1170506 ns
[2025-10-15T15:03:47.656-0700][1251][info ][safepoint   ] Safepoint "Cleanup", Time since last: 1000100764 ns, Reaching safepoint: 747668 ns, Cleanup: 18417 ns, At safepoint: 217098 ns, Total: 983183 ns
[2025-10-15T15:03:48.187-0700][1251][info ][gc,start    ] GC(405) Pause Young (Normal) (G1 Evacuation Pause)
[2025-10-15T15:03:48.187-0700][1251][info ][gc,task     ] GC(405) Using 113 workers of 113 for evacuation
[2025-10-15T15:03:48.206-0700][1251][debug][gc,remset   ] GC(405) Visited cards 30865408 Total dirty 95485952 (32.32%) Total old 497680384 (6.20%)
[2025-10-15T15:03:48.379-0700][1251][info ][gc,phases   ] GC(405)   Pre Evacuate Collection Set: 0.8ms
[2025-10-15T15:03:48.379-0700][1251][info ][gc,phases   ] GC(405)   Merge Heap Roots: 18.1ms
[2025-10-15T15:03:48.379-0700][1251][info ][gc,phases   ] GC(405)   Evacuate Collection Set: 151.4ms
[2025-10-15T15:03:48.379-0700][1251][info ][gc,phases   ] GC(405)   Post Evacuate Collection Set: 21.4ms
[2025-10-15T15:03:48.379-0700][1251][info ][gc,phases   ] GC(405)   Other: 0.2ms
[2025-10-15T15:03:48.379-0700][1251][debug][gc,remset   ] GC(405) Coarsening (recent): Inline->AoC 998933 (212) AoC->Howl 1729 (584) Howl->Full 0 (0) Inline->AoC 7018 (170) AoC->BitMap 1519 (533) BitMap->Full 0 (0)
[2025-10-15T15:03:48.379-0700][1251][debug][gc,remset   ] GC(405) Coarsening (all): Inline->AoC 188174158 (63427) AoC->Howl 948558 (148617) Howl->Full 0 (0) Inline->AoC 4316547 (45058) AoC->BitMap 780369 (119052) BitMap->Full 9 (0)
[2025-10-15T15:03:48.379-0700][1251][info ][gc,heap     ] GC(405) Eden regions: 2856->0(2829)
[2025-10-15T15:03:48.379-0700][1251][info ][gc,heap     ] GC(405) Survivor regions: 203->204(383)
[2025-10-15T15:03:48.379-0700][1251][info ][gc,heap     ] GC(405) Old regions: 1476->1476
[2025-10-15T15:03:48.379-0700][1251][info ][gc,heap     ] GC(405) Humongous regions: 0->0
[2025-10-15T15:03:48.379-0700][1251][info ][gc,metaspace] GC(405) Metaspace: 304348K(309568K)->304348K(309568K) NonClass: 268591K(271360K)->268591K(271360K) Class: 35756K(38208K)->35756K(38208K)
[2025-10-15T15:03:48.379-0700][1251][info ][gc          ] GC(405) Pause Young (Normal) (G1 Evacuation Pause) 145107M->53758M(184320M) 192.102ms
[2025-10-15T15:03:48.380-0700][1251][info ][gc,cpu      ] GC(405) User=19.00s Sys=0.32s Real=0.20s
[2025-10-15T15:03:48.381-0700][1251][info ][safepoint   ] Safepoint "G1CollectForAllocation", Time since last: 528998683 ns, Reaching safepoint: 1052107 ns, Cleanup: 5028 ns, At safepoint: 195494091 ns, Total: 196551226 ns
[2025-10-15T15:03:49.382-0700][1251][info ][safepoint   ] Safepoint "Cleanup", Time since last: 1000083738 ns, Reaching safepoint: 837444 ns, Cleanup: 11928 ns, At safepoint: 166291 ns, Total: 1015663 ns
[2025-10-15T15:03:54.041-0700][1251][info ][gc,start    ] GC(406) Pause Young (Normal) (G1 Evacuation Pause)
[2025-10-15T15:03:54.041-0700][1251][info ][gc,task     ] GC(406) Using 113 workers of 113 for evacuation
[2025-10-15T15:03:54.060-0700][1251][debug][gc,remset   ] GC(406) Visited cards 30675200 Total dirty 95551488 (32.10%) Total old 526385152 (5.83%)
[2025-10-15T15:03:54.236-0700][1251][info ][gc,phases   ] GC(406)   Pre Evacuate Collection Set: 0.7ms
[2025-10-15T15:03:54.236-0700][1251][info ][gc,phases   ] GC(406)   Merge Heap Roots: 18.1ms
[2025-10-15T15:03:54.236-0700][1251][info ][gc,phases   ] GC(406)   Evacuate Collection Set: 153.7ms
[2025-10-15T15:03:54.236-0700][1251][info ][gc,phases   ] GC(406)   Post Evacuate Collection Set: 21.9ms
[2025-10-15T15:03:54.236-0700][1251][info ][gc,phases   ] GC(406)   Other: 0.2ms
[2025-10-15T15:03:54.236-0700][1251][debug][gc,remset   ] GC(406) Coarsening (recent): Inline->AoC 972641 (237) AoC->Howl 1666 (590) Howl->Full 0 (0) Inline->AoC 6604 (181) AoC->BitMap 1622 (581) BitMap->Full 0 (0)
[2025-10-15T15:03:54.236-0700][1251][debug][gc,remset   ] GC(406) Coarsening (all): Inline->AoC 189146799 (63664) AoC->Howl 950224 (149207) Howl->Full 0 (0) Inline->AoC 4323151 (45239) AoC->BitMap 781991 (119633) BitMap->Full 9 (0)
[2025-10-15T15:03:54.236-0700][1251][info ][gc,heap     ] GC(406) Eden regions: 3074->0(3014)
[2025-10-15T15:03:54.236-0700][1251][info ][gc,heap     ] GC(406) Survivor regions: 204->207(410)
[2025-10-15T15:03:54.236-0700][1251][info ][gc,heap     ] GC(406) Old regions: 1476->1476
[2025-10-15T15:03:54.236-0700][1251][info ][gc,heap     ] GC(406) Humongous regions: 0->0
[2025-10-15T15:03:54.236-0700][1251][info ][gc,metaspace] GC(406) Metaspace: 304348K(309568K)->304348K(309568K) NonClass: 268591K(271360K)->268591K(271360K) Class: 35756K(38208K)->35756K(38208K)
[2025-10-15T15:03:54.236-0700][1251][info ][gc          ] GC(406) Pause Young (Normal) (G1 Evacuation Pause) 152126M->53854M(184320M) 194.784ms
[2025-10-15T15:03:54.237-0700][1251][info ][gc,cpu      ] GC(406) User=19.18s Sys=0.25s Real=0.19s
[2025-10-15T15:03:54.238-0700][1251][info ][safepoint   ] Safepoint "G1CollectForAllocation", Time since last: 4655763515 ns, Reaching safepoint: 1506021 ns, Cleanup: 5809 ns, At safepoint: 198168210 ns, Total: 199680040 ns
[2025-10-15T15:03:58.239-0700][1251][info ][safepoint   ] Safepoint "Cleanup", Time since last: 4000254165 ns, Reaching safepoint: 776020 ns, Cleanup: 13100 ns, At safepoint: 239371 ns, Total: 1028491 ns
[2025-10-15T15:04:00.430-0700][1251][info ][gc,start    ] GC(407) Pause Young (Normal) (G1 Evacuation Pause)
[2025-10-15T15:04:00.430-0700][1251][info ][gc,task     ] GC(407) Using 113 workers of 113 for evacuation
[2025-10-15T15:04:00.449-0700][1251][debug][gc,remset   ] GC(407) Visited cards 30948352 Total dirty 95551488 (32.39%) Total old 533069824 (5.81%)
[2025-10-15T15:04:00.627-0700][1251][info ][gc,phases   ] GC(407)   Pre Evacuate Collection Set: 0.8ms
[2025-10-15T15:04:00.627-0700][1251][info ][gc,phases   ] GC(407)   Merge Heap Roots: 18.4ms
[2025-10-15T15:04:00.627-0700][1251][info ][gc,phases   ] GC(407)   Evacuate Collection Set: 156.1ms
[2025-10-15T15:04:00.627-0700][1251][info ][gc,phases   ] GC(407)   Post Evacuate Collection Set: 22.1ms
[2025-10-15T15:04:00.627-0700][1251][info ][gc,phases   ] GC(407)   Other: 0.2ms
[2025-10-15T15:04:00.627-0700][1251][debug][gc,remset   ] GC(407) Coarsening (recent): Inline->AoC 1028910 (246) AoC->Howl 1509 (462) Howl->Full 0 (0) Inline->AoC 6446 (152) AoC->BitMap 1257 (407) BitMap->Full 0 (0)
[2025-10-15T15:04:00.628-0700][1251][debug][gc,remset   ] GC(407) Coarsening (all): Inline->AoC 190175709 (63910) AoC->Howl 951733 (149669) Howl->Full 0 (0) Inline->AoC 4329597 (45391) AoC->BitMap 783248 (120040) BitMap->Full 9 (0)
[2025-10-15T15:04:00.628-0700][1251][info ][gc,heap     ] GC(407) Eden regions: 3122->0(3004)
[2025-10-15T15:04:00.628-0700][1251][info ][gc,heap     ] GC(407) Survivor regions: 207->208(417)
[2025-10-15T15:04:00.628-0700][1251][info ][gc,heap     ] GC(407) Old regions: 1476->1476
[2025-10-15T15:04:00.628-0700][1251][info ][gc,heap     ] GC(407) Humongous regions: 0->0
[2025-10-15T15:04:00.628-0700][1251][info ][gc,metaspace] GC(407) Metaspace: 304348K(309568K)->304348K(309568K) NonClass: 268592K(271360K)->268592K(271360K) Class: 35756K(38208K)->35756K(38208K)
[2025-10-15T15:04:00.628-0700][1251][info ][gc          ] GC(407) Pause Young (Normal) (G1 Evacuation Pause) 153758M->53886M(184320M) 197.719ms
[2025-10-15T15:04:00.629-0700][1251][info ][gc,cpu      ] GC(407) User=19.48s Sys=0.36s Real=0.20s
[2025-10-15T15:04:00.630-0700][1251][info ][safepoint   ] Safepoint "G1CollectForAllocation", Time since last: 2187892396 ns, Reaching safepoint: 1570018 ns, Cleanup: 5068 ns, At safepoint: 201124518 ns, Total: 202699604 ns
[2025-10-15T15:04:01.631-0700][1251][info ][safepoint   ] Safepoint "Cleanup", Time since last: 1000081236 ns, Reaching safepoint: 772725 ns, Cleanup: 20021 ns, At safepoint: 186220 ns, Total: 978966 ns
[2025-10-15T15:04:06.393-0700][1251][info ][gc,start    ] GC(408) Pause Young (Normal) (G1 Evacuation Pause)
[2025-10-15T15:04:06.393-0700][1251][info ][gc,task     ] GC(408) Using 113 workers of 113 for evacuation
[2025-10-15T15:04:06.411-0700][1251][debug][gc,remset   ] GC(408) Visited cards 30805248 Total dirty 95551488 (32.24%) Total old 530972672 (5.80%)
[2025-10-15T15:04:06.579-0700][1251][info ][gc,phases   ] GC(408)   Pre Evacuate Collection Set: 0.7ms
[2025-10-15T15:04:06.579-0700][1251][info ][gc,phases   ] GC(408)   Merge Heap Roots: 17.3ms
[2025-10-15T15:04:06.579-0700][1251][info ][gc,phases   ] GC(408)   Evacuate Collection Set: 146.4ms
[2025-10-15T15:04:06.579-0700][1251][info ][gc,phases   ] GC(408)   Post Evacuate Collection Set: 21.6ms
[2025-10-15T15:04:06.579-0700][1251][info ][gc,phases   ] GC(408)   Other: 0.2ms
[2025-10-15T15:04:06.579-0700][1251][debug][gc,remset   ] GC(408) Coarsening (recent): Inline->AoC 1056197 (260) AoC->Howl 1651 (604) Howl->Full 0 (0) Inline->AoC 6440 (171) AoC->BitMap 1573 (570) BitMap->Full 0 (0)
[2025-10-15T15:04:06.579-0700][1251][debug][gc,remset   ] GC(408) Coarsening (all): Inline->AoC 191231906 (64170) AoC->Howl 953384 (150273) Howl->Full 0 (0) Inline->AoC 4336037 (45562) AoC->BitMap 784821 (120610) BitMap->Full 9 (0)
[2025-10-15T15:04:06.579-0700][1251][info ][gc,heap     ] GC(408) Eden regions: 3105->0(3251)
[2025-10-15T15:04:06.579-0700][1251][info ][gc,heap     ] GC(408) Survivor regions: 208->205(415)
[2025-10-15T15:04:06.579-0700][1251][info ][gc,heap     ] GC(408) Old regions: 1476->1476
[2025-10-15T15:04:06.579-0700][1251][info ][gc,heap     ] GC(408) Humongous regions: 0->0
[2025-10-15T15:04:06.579-0700][1251][info ][gc,metaspace] GC(408) Metaspace: 304348K(309568K)->304348K(309568K) NonClass: 268592K(271360K)->268592K(271360K) Class: 35756K(38208K)->35756K(38208K)
[2025-10-15T15:04:06.579-0700][1251][info ][gc          ] GC(408) Pause Young (Normal) (G1 Evacuation Pause) 153246M->53790M(184320M) 186.475ms
[2025-10-15T15:04:06.581-0700][1251][info ][gc,cpu      ] GC(408) User=18.77s Sys=0.27s Real=0.19s
[2025-10-15T15:04:06.582-0700][1251][info ][safepoint   ] Safepoint "G1CollectForAllocation", Time since last: 4759985618 ns, Reaching safepoint: 1035502 ns, Cleanup: 7311 ns, At safepoint: 189706376 ns, Total: 190749189 ns
[2025-10-15T15:04:12.987-0700][1251][info ][gc,start    ] GC(409) Pause Young (Normal) (G1 Evacuation Pause)
[2025-10-15T15:04:12.987-0700][1251][info ][gc,task     ] GC(409) Using 113 workers of 113 for evacuation
[2025-10-15T15:04:13.006-0700][1251][debug][gc,remset   ] GC(409) Visited cards 30882816 Total dirty 95354880 (32.39%) Total old 540147712 (5.72%)
[2025-10-15T15:04:13.182-0700][1251][info ][gc,phases   ] GC(409)   Pre Evacuate Collection Set: 0.8ms
[2025-10-15T15:04:13.182-0700][1251][info ][gc,phases   ] GC(409)   Merge Heap Roots: 18.1ms
[2025-10-15T15:04:13.182-0700][1251][info ][gc,phases   ] GC(409)   Evacuate Collection Set: 153.8ms
[2025-10-15T15:04:13.182-0700][1251][info ][gc,phases   ] GC(409)   Post Evacuate Collection Set: 22.5ms
[2025-10-15T15:04:13.182-0700][1251][info ][gc,phases   ] GC(409)   Other: 0.2ms
[2025-10-15T15:04:13.182-0700][1251][debug][gc,remset   ] GC(409) Coarsening (recent): Inline->AoC 1120090 (264) AoC->Howl 1725 (607) Howl->Full 0 (0) Inline->AoC 6902 (200) AoC->BitMap 1721 (566) BitMap->Full 0 (0)
[2025-10-15T15:04:13.182-0700][1251][debug][gc,remset   ] GC(409) Coarsening (all): Inline->AoC 192351996 (64434) AoC->Howl 955109 (150880) Howl->Full 0 (0) Inline->AoC 4342939 (45762) AoC->BitMap 786542 (121176) BitMap->Full 9 (0)
[2025-10-15T15:04:13.182-0700][1251][info ][gc,heap     ] GC(409) Eden regions: 3178->0(3250)
[2025-10-15T15:04:13.182-0700][1251][info ][gc,heap     ] GC(409) Survivor regions: 205->206(423)
[2025-10-15T15:04:13.182-0700][1251][info ][gc,heap     ] GC(409) Old regions: 1476->1478
[2025-10-15T15:04:13.182-0700][1251][info ][gc,heap     ] GC(409) Humongous regions: 0->0
[2025-10-15T15:04:13.182-0700][1251][info ][gc,metaspace] GC(409) Metaspace: 304348K(309568K)->304348K(309568K) NonClass: 268592K(271360K)->268592K(271360K) Class: 35756K(38208K)->35756K(38208K)
[2025-10-15T15:04:13.182-0700][1251][info ][gc          ] GC(409) Pause Young (Normal) (G1 Evacuation Pause) 155486M->53868M(184320M) 195.666ms
[2025-10-15T15:04:13.184-0700][1251][info ][gc,cpu      ] GC(409) User=19.44s Sys=0.20s Real=0.20s
[2025-10-15T15:04:13.185-0700][1251][info ][safepoint   ] Safepoint "G1CollectForAllocation", Time since last: 6402313662 ns, Reaching safepoint: 1677430 ns, Cleanup: 5088 ns, At safepoint: 198994426 ns, Total: 200676944 ns
[2025-10-15T15:04:16.186-0700][1251][info ][safepoint   ] Safepoint "Cleanup", Time since last: 3000201903 ns, Reaching safepoint: 800768 ns, Cleanup: 9784 ns, At safepoint: 303007 ns, Total: 1113559 ns
[2025-10-15T15:04:19.501-0700][1251][info ][gc,start    ] GC(410) Pause Young (Concurrent Start) (G1 Evacuation Pause)
[2025-10-15T15:04:19.501-0700][1251][info ][gc,task     ] GC(410) Using 113 workers of 113 for evacuation
[2025-10-15T15:04:19.520-0700][1251][debug][gc,remset   ] GC(410) Visited cards 30746368 Total dirty 95617024 (32.16%) Total old 549847040 (5.59%)
[2025-10-15T15:04:19.696-0700][1251][info ][gc,phases   ] GC(410)   Pre Evacuate Collection Set: 1.0ms
[2025-10-15T15:04:19.696-0700][1251][info ][gc,phases   ] GC(410)   Merge Heap Roots: 17.4ms
[2025-10-15T15:04:19.696-0700][1251][info ][gc,phases   ] GC(410)   Evacuate Collection Set: 153.6ms
[2025-10-15T15:04:19.696-0700][1251][info ][gc,phases   ] GC(410)   Post Evacuate Collection Set: 22.5ms
[2025-10-15T15:04:19.696-0700][1251][info ][gc,phases   ] GC(410)   Other: 0.2ms
[2025-10-15T15:04:19.696-0700][1251][debug][gc,remset   ] GC(410) Coarsening (recent): Inline->AoC 1139740 (248) AoC->Howl 1617 (503) Howl->Full 0 (0) Inline->AoC 6722 (156) AoC->BitMap 1490 (510) BitMap->Full 0 (0)
[2025-10-15T15:04:19.696-0700][1251][debug][gc,remset   ] GC(410) Coarsening (all): Inline->AoC 193491736 (64682) AoC->Howl 956726 (151383) Howl->Full 0 (0) Inline->AoC 4349661 (45918) AoC->BitMap 788032 (121686) BitMap->Full 9 (0)
[2025-10-15T15:04:19.696-0700][1251][info ][gc,heap     ] GC(410) Eden regions: 3250->0(3253)
[2025-10-15T15:04:19.696-0700][1251][info ][gc,heap     ] GC(410) Survivor regions: 206->203(432)
[2025-10-15T15:04:19.696-0700][1251][info ][gc,heap     ] GC(410) Old regions: 1478->1479
[2025-10-15T15:04:19.696-0700][1251][info ][gc,heap     ] GC(410) Humongous regions: 0->0
[2025-10-15T15:04:19.696-0700][1251][info ][gc,metaspace] GC(410) Metaspace: 304348K(309568K)->304348K(309568K) NonClass: 268592K(271360K)->268592K(271360K) Class: 35756K(38208K)->35756K(38208K)
[2025-10-15T15:04:19.696-0700][1251][info ][gc          ] GC(410) Pause Young (Concurrent Start) (G1 Evacuation Pause) 157868M->53821M(184320M) 194.831ms
[2025-10-15T15:04:19.696-0700][1134][info ][gc          ] GC(411) Concurrent Mark Cycle
[2025-10-15T15:04:19.696-0700][1134][info ][gc,marking  ] GC(411) Concurrent Scan Root Regions
[2025-10-15T15:04:19.698-0700][1251][info ][gc,cpu      ] GC(410) User=19.15s Sys=0.40s Real=0.19s
[2025-10-15T15:04:19.699-0700][1251][info ][safepoint   ] Safepoint "G1CollectForAllocation", Time since last: 3312087044 ns, Reaching safepoint: 2064844 ns, Cleanup: 5148 ns, At safepoint: 198933624 ns, Total: 201003616 ns
[2025-10-15T15:04:19.796-0700][1134][info ][gc,marking  ] GC(411) Concurrent Scan Root Regions 99.360ms
[2025-10-15T15:04:19.796-0700][1134][info ][gc,marking  ] GC(411) Concurrent Mark
[2025-10-15T15:04:19.796-0700][1134][info ][gc,marking  ] GC(411) Concurrent Mark From Roots
[2025-10-15T15:04:19.796-0700][1134][info ][gc,task     ] GC(411) Using 36 workers of 36 for marking
[2025-10-15T15:04:21.567-0700][1134][info ][gc,marking  ] GC(411) Concurrent Mark From Roots 1771.323ms
[2025-10-15T15:04:21.567-0700][1134][info ][gc,marking  ] GC(411) Concurrent Preclean
[2025-10-15T15:04:21.615-0700][1134][info ][gc,marking  ] GC(411) Concurrent Preclean 47.672ms
[2025-10-15T15:04:21.618-0700][1251][info ][gc,start    ] GC(411) Pause Remark
[2025-10-15T15:04:21.650-0700][1251][info ][gc          ] GC(411) Pause Remark 90333M->90269M(184320M) 32.183ms
[2025-10-15T15:04:21.651-0700][1251][info ][gc,cpu      ] GC(411) User=1.54s Sys=0.14s Real=0.04s
[2025-10-15T15:04:21.652-0700][1251][info ][safepoint   ] Safepoint "G1PauseRemark", Time since last: 1916109813 ns, Reaching safepoint: 1499281 ns, Cleanup: 5469 ns, At safepoint: 35464091 ns, Total: 36968841 ns
[2025-10-15T15:04:21.652-0700][1134][info ][gc,marking  ] GC(411) Concurrent Mark 1856.388ms
[2025-10-15T15:04:21.652-0700][1134][info ][gc,marking  ] GC(411) Concurrent Rebuild Remembered Sets and Scrub Regions
[2025-10-15T15:04:23.510-0700][1134][info ][gc,marking  ] GC(411) Concurrent Rebuild Remembered Sets and Scrub Regions 1858.016ms
[2025-10-15T15:04:23.513-0700][1251][info ][gc,start    ] GC(411) Pause Cleanup
[2025-10-15T15:04:23.517-0700][1251][info ][gc          ] GC(411) Pause Cleanup 122429M->122429M(184320M) 3.872ms
[2025-10-15T15:04:23.518-0700][1251][info ][gc,cpu      ] GC(411) User=0.02s Sys=0.01s Real=0.00s
[2025-10-15T15:04:23.522-0700][1251][info ][safepoint   ] Safepoint "G1PauseCleanup", Time since last: 1858316372 ns, Reaching safepoint: 1300161 ns, Cleanup: 14612 ns, At safepoint: 9828184 ns, Total: 11142957 ns
[2025-10-15T15:04:23.522-0700][1134][info ][gc,marking  ] GC(411) Concurrent Clear Claimed Marks
[2025-10-15T15:04:23.523-0700][1134][info ][gc,marking  ] GC(411) Concurrent Clear Claimed Marks 1.056ms
[2025-10-15T15:04:23.523-0700][1134][info ][gc,marking  ] GC(411) Concurrent Cleanup for Next Mark
[2025-10-15T15:04:23.572-0700][1134][info ][gc,marking  ] GC(411) Concurrent Cleanup for Next Mark 48.804ms
[2025-10-15T15:04:23.572-0700][1134][info ][gc          ] GC(411) Concurrent Mark Cycle 3875.685ms
[2025-10-15T15:04:25.528-0700][1251][info ][gc,start    ] GC(412) Pause Young (Prepare Mixed) (G1 Evacuation Pause)
[2025-10-15T15:04:25.528-0700][1251][info ][gc,task     ] GC(412) Using 113 workers of 113 for evacuation
[2025-10-15T15:04:25.546-0700][1251][debug][gc,remset   ] GC(412) Visited cards 30638080 Total dirty 95682560 (32.02%) Total old 549781504 (5.57%)
[2025-10-15T15:04:25.724-0700][1251][info ][gc,phases   ] GC(412)   Pre Evacuate Collection Set: 0.7ms
[2025-10-15T15:04:25.724-0700][1251][info ][gc,phases   ] GC(412)   Merge Heap Roots: 17.4ms
[2025-10-15T15:04:25.724-0700][1251][info ][gc,phases   ] GC(412)   Evacuate Collection Set: 154.0ms
[2025-10-15T15:04:25.724-0700][1251][info ][gc,phases   ] GC(412)   Post Evacuate Collection Set: 24.0ms
[2025-10-15T15:04:25.724-0700][1251][info ][gc,phases   ] GC(412)   Other: 0.1ms
[2025-10-15T15:04:25.724-0700][1251][debug][gc,remset   ] GC(412) Coarsening (recent): Inline->AoC 1679164 (189) AoC->Howl 49388 (348) Howl->Full 0 (0) Inline->AoC 259076 (99) AoC->BitMap 38511 (409) BitMap->Full 0 (0)
[2025-10-15T15:04:25.724-0700][1251][debug][gc,remset   ] GC(412) Coarsening (all): Inline->AoC 195170900 (64871) AoC->Howl 1006114 (151731) Howl->Full 0 (0) Inline->AoC 4608737 (46017) AoC->BitMap 826543 (122095) BitMap->Full 9 (0)
[2025-10-15T15:04:25.724-0700][1251][info ][gc,heap     ] GC(412) Eden regions: 3253->0(2202)
[2025-10-15T15:04:25.724-0700][1251][info ][gc,heap     ] GC(412) Survivor regions: 203->206(432)
[2025-10-15T15:04:25.724-0700][1251][info ][gc,heap     ] GC(412) Old regions: 1477->1478
[2025-10-15T15:04:25.724-0700][1251][info ][gc,heap     ] GC(412) Humongous regions: 0->0
[2025-10-15T15:04:25.724-0700][1251][info ][gc,metaspace] GC(412) Metaspace: 304359K(309568K)->304359K(309568K) NonClass: 268603K(271360K)->268603K(271360K) Class: 35756K(38208K)->35756K(38208K)
[2025-10-15T15:04:25.724-0700][1251][info ][gc          ] GC(412) Pause Young (Prepare Mixed) (G1 Evacuation Pause) 157853M->53860M(184320M) 196.442ms
[2025-10-15T15:04:25.725-0700][1251][info ][gc,cpu      ] GC(412) User=19.68s Sys=0.23s Real=0.20s
[2025-10-15T15:04:25.726-0700][1251][info ][safepoint   ] Safepoint "G1CollectForAllocation", Time since last: 2003129044 ns, Reaching safepoint: 2050193 ns, Cleanup: 4106 ns, At safepoint: 199775359 ns, Total: 201829658 ns
[2025-10-15T15:04:30.958-0700][1251][info ][gc,start    ] GC(413) Pause Young (Mixed) (G1 Evacuation Pause)
[2025-10-15T15:04:30.958-0700][1251][info ][gc,task     ] GC(413) Using 113 workers of 113 for evacuation
[2025-10-15T15:04:30.978-0700][1251][debug][gc,remset   ] GC(413) Visited cards 34185216 Total dirty 94961664 (36.00%) Total old 481361920 (7.10%)
[2025-10-15T15:04:31.163-0700][1251][info ][gc,mmu      ] GC(413) MMU target violated: 201.0ms (200.0ms/201.0ms)
[2025-10-15T15:04:31.163-0700][1251][info ][gc,phases   ] GC(413)   Pre Evacuate Collection Set: 0.8ms
[2025-10-15T15:04:31.163-0700][1251][info ][gc,phases   ] GC(413)   Merge Heap Roots: 18.8ms
[2025-10-15T15:04:31.163-0700][1251][info ][gc,phases   ] GC(413)   Evacuate Collection Set: 160.1ms
[2025-10-15T15:04:31.163-0700][1251][info ][gc,phases   ] GC(413)   Post Evacuate Collection Set: 25.0ms
[2025-10-15T15:04:31.163-0700][1251][info ][gc,phases   ] GC(413)   Other: 0.2ms
[2025-10-15T15:04:31.163-0700][1251][debug][gc,remset   ] GC(413) Coarsening (recent): Inline->AoC 870593 (259) AoC->Howl 1621 (496) Howl->Full 0 (0) Inline->AoC 6900 (165) AoC->BitMap 1523 (528) BitMap->Full 0 (0)
[2025-10-15T15:04:31.163-0700][1251][debug][gc,remset   ] GC(413) Coarsening (all): Inline->AoC 196041493 (65130) AoC->Howl 1007735 (152227) Howl->Full 0 (0) Inline->AoC 4615637 (46182) AoC->BitMap 828066 (122623) BitMap->Full 9 (0)
[2025-10-15T15:04:31.163-0700][1251][info ][gc,heap     ] GC(413) Eden regions: 2718->0(1809)
[2025-10-15T15:04:31.163-0700][1251][info ][gc,heap     ] GC(413) Survivor regions: 206->202(366)
[2025-10-15T15:04:31.163-0700][1251][info ][gc,heap     ] GC(413) Old regions: 1478->1470
[2025-10-15T15:04:31.163-0700][1251][info ][gc,heap     ] GC(413) Humongous regions: 0->0
[2025-10-15T15:04:31.163-0700][1251][info ][gc,metaspace] GC(413) Metaspace: 304359K(309568K)->304359K(309568K) NonClass: 268603K(271360K)->268603K(271360K) Class: 35756K(38208K)->35756K(38208K)
[2025-10-15T15:04:31.163-0700][1251][info ][gc          ] GC(413) Pause Young (Mixed) (G1 Evacuation Pause) 140836M->53480M(184320M) 205.068ms
[2025-10-15T15:04:31.164-0700][1251][info ][gc,cpu      ] GC(413) User=20.39s Sys=0.17s Real=0.21s
[2025-10-15T15:04:31.165-0700][1251][info ][safepoint   ] Safepoint "G1CollectForAllocation", Time since last: 5229011707 ns, Reaching safepoint: 1062042 ns, Cleanup: 10656 ns, At safepoint: 208225837 ns, Total: 209298535 ns
[2025-10-15T15:04:35.985-0700][1251][info ][gc,start    ] GC(414) Pause Young (Mixed) (G1 Evacuation Pause)
[2025-10-15T15:04:35.985-0700][1251][info ][gc,task     ] GC(414) Using 113 workers of 113 for evacuation
[2025-10-15T15:04:36.002-0700][1251][debug][gc,remset   ] GC(414) Visited cards 36537600 Total dirty 94633984 (38.61%) Total old 459866112 (7.95%)
[2025-10-15T15:04:36.187-0700][1251][info ][gc,mmu      ] GC(414) MMU target violated: 201.0ms (200.0ms/201.0ms)
[2025-10-15T15:04:36.187-0700][1251][info ][gc,phases   ] GC(414)   Pre Evacuate Collection Set: 0.7ms
[2025-10-15T15:04:36.187-0700][1251][info ][gc,phases   ] GC(414)   Merge Heap Roots: 16.8ms
[2025-10-15T15:04:36.187-0700][1251][info ][gc,phases   ] GC(414)   Evacuate Collection Set: 158.1ms
[2025-10-15T15:04:36.187-0700][1251][info ][gc,phases   ] GC(414)   Post Evacuate Collection Set: 26.5ms
[2025-10-15T15:04:36.187-0700][1251][info ][gc,phases   ] GC(414)   Other: 0.2ms
[2025-10-15T15:04:36.187-0700][1251][debug][gc,remset   ] GC(414) Coarsening (recent): Inline->AoC 849950 (284) AoC->Howl 1763 (522) Howl->Full 0 (0) Inline->AoC 7093 (214) AoC->BitMap 1499 (500) BitMap->Full 0 (0)
[2025-10-15T15:04:36.187-0700][1251][debug][gc,remset   ] GC(414) Coarsening (all): Inline->AoC 196891443 (65414) AoC->Howl 1009498 (152749) Howl->Full 0 (0) Inline->AoC 4622730 (46396) AoC->BitMap 829565 (123123) BitMap->Full 9 (0)
[2025-10-15T15:04:36.187-0700][1251][info ][gc,heap     ] GC(414) Eden regions: 2562->0(2043)
[2025-10-15T15:04:36.187-0700][1251][info ][gc,heap     ] GC(414) Survivor regions: 202->187(346)
[2025-10-15T15:04:36.187-0700][1251][info ][gc,heap     ] GC(414) Old regions: 1470->1473
[2025-10-15T15:04:36.187-0700][1251][info ][gc,heap     ] GC(414) Humongous regions: 0->0
[2025-10-15T15:04:36.187-0700][1251][info ][gc,metaspace] GC(414) Metaspace: 304367K(309568K)->304367K(309568K) NonClass: 268611K(271360K)->268611K(271360K) Class: 35756K(38208K)->35756K(38208K)
[2025-10-15T15:04:36.187-0700][1251][info ][gc          ] GC(414) Pause Young (Mixed) (G1 Evacuation Pause) 135464M->53108M(184320M) 202.501ms
[2025-10-15T15:04:36.188-0700][1251][info ][gc,cpu      ] GC(414) User=20.30s Sys=0.19s Real=0.21s
[2025-10-15T15:04:36.189-0700][1251][info ][safepoint   ] Safepoint "G1CollectForAllocation", Time since last: 4814774062 ns, Reaching safepoint: 3983109 ns, Cleanup: 4717 ns, At safepoint: 205752876 ns, Total: 209740702 ns
[2025-10-15T15:04:38.191-0700][1251][info ][safepoint   ] Safepoint "Cleanup", Time since last: 2000146553 ns, Reaching safepoint: 885296 ns, Cleanup: 10435 ns, At safepoint: 314485 ns, Total: 1210216 ns
[2025-10-15T15:04:41.495-0700][1251][info ][gc,start    ] GC(415) Pause Young (Mixed) (G1 Evacuation Pause)
[2025-10-15T15:04:41.495-0700][1251][info ][gc,task     ] GC(415) Using 113 workers of 113 for evacuation
[2025-10-15T15:04:41.514-0700][1251][debug][gc,remset   ] GC(415) Visited cards 37468928 Total dirty 94633984 (39.59%) Total old 459800576 (8.15%)
[2025-10-15T15:04:41.693-0700][1251][info ][gc,phases   ] GC(415)   Pre Evacuate Collection Set: 0.8ms
[2025-10-15T15:04:41.693-0700][1251][info ][gc,phases   ] GC(415)   Merge Heap Roots: 17.8ms
[2025-10-15T15:04:41.693-0700][1251][info ][gc,phases   ] GC(415)   Evacuate Collection Set: 154.6ms
[2025-10-15T15:04:41.693-0700][1251][info ][gc,phases   ] GC(415)   Post Evacuate Collection Set: 24.2ms
[2025-10-15T15:04:41.693-0700][1251][info ][gc,phases   ] GC(415)   Other: 0.2ms
[2025-10-15T15:04:41.693-0700][1251][debug][gc,remset   ] GC(415) Coarsening (recent): Inline->AoC 817002 (297) AoC->Howl 2083 (637) Howl->Full 0 (0) Inline->AoC 7530 (237) AoC->BitMap 2027 (727) BitMap->Full 0 (0)
[2025-10-15T15:04:41.693-0700][1251][debug][gc,remset   ] GC(415) Coarsening (all): Inline->AoC 197708445 (65711) AoC->Howl 1011581 (153386) Howl->Full 0 (0) Inline->AoC 4630260 (46633) AoC->BitMap 831592 (123850) BitMap->Full 9 (0)
[2025-10-15T15:04:41.693-0700][1251][info ][gc,heap     ] GC(415) Eden regions: 2575->0(2135)
[2025-10-15T15:04:41.693-0700][1251][info ][gc,heap     ] GC(415) Survivor regions: 187->189(346)
[2025-10-15T15:04:41.693-0700][1251][info ][gc,heap     ] GC(415) Old regions: 1473->1465
[2025-10-15T15:04:41.693-0700][1251][info ][gc,heap     ] GC(415) Humongous regions: 0->0
[2025-10-15T15:04:41.693-0700][1251][info ][gc,metaspace] GC(415) Metaspace: 304367K(309568K)->304367K(309568K) NonClass: 268611K(271360K)->268611K(271360K) Class: 35756K(38208K)->35756K(38208K)
[2025-10-15T15:04:41.693-0700][1251][info ][gc          ] GC(415) Pause Young (Mixed) (G1 Evacuation Pause) 135508M->52905M(184320M) 197.791ms
[2025-10-15T15:04:41.694-0700][1251][info ][gc,cpu      ] GC(415) User=19.53s Sys=0.34s Real=0.20s
[2025-10-15T15:04:41.695-0700][1251][info ][safepoint   ] Safepoint "G1CollectForAllocation", Time since last: 3302030823 ns, Reaching safepoint: 1434905 ns, Cleanup: 11557 ns, At safepoint: 201295462 ns, Total: 202741924 ns
[2025-10-15T15:04:42.696-0700][1251][info ][safepoint   ] Safepoint "Cleanup", Time since last: 1000084208 ns, Reaching safepoint: 716261 ns, Cleanup: 10265 ns, At safepoint: 155745 ns, Total: 882271 ns
[2025-10-15T15:04:46.913-0700][1251][info ][gc,start    ] GC(416) Pause Young (Mixed) (G1 Evacuation Pause)
[2025-10-15T15:04:46.914-0700][1251][info ][gc,task     ] GC(416) Using 113 workers of 113 for evacuation
[2025-10-15T15:04:46.932-0700][1251][debug][gc,remset   ] GC(416) Visited cards 38257664 Total dirty 94044160 (40.68%) Total old 469106688 (8.16%)
[2025-10-15T15:04:47.116-0700][1251][info ][gc,mmu      ] GC(416) MMU target violated: 201.0ms (200.0ms/201.0ms)
[2025-10-15T15:04:47.116-0700][1251][info ][gc,phases   ] GC(416)   Pre Evacuate Collection Set: 0.8ms
[2025-10-15T15:04:47.116-0700][1251][info ][gc,phases   ] GC(416)   Merge Heap Roots: 17.3ms
[2025-10-15T15:04:47.116-0700][1251][info ][gc,phases   ] GC(416)   Evacuate Collection Set: 158.5ms
[2025-10-15T15:04:47.116-0700][1251][info ][gc,phases   ] GC(416)   Post Evacuate Collection Set: 25.8ms
[2025-10-15T15:04:47.116-0700][1251][info ][gc,phases   ] GC(416)   Other: 0.2ms
[2025-10-15T15:04:47.116-0700][1251][debug][gc,remset   ] GC(416) Coarsening (recent): Inline->AoC 872365 (257) AoC->Howl 1737 (533) Howl->Full 0 (0) Inline->AoC 7122 (182) AoC->BitMap 1607 (606) BitMap->Full 0 (0)
[2025-10-15T15:04:47.116-0700][1251][debug][gc,remset   ] GC(416) Coarsening (all): Inline->AoC 198580810 (65968) AoC->Howl 1013318 (153919) Howl->Full 0 (0) Inline->AoC 4637382 (46815) AoC->BitMap 833199 (124456) BitMap->Full 9 (0)
[2025-10-15T15:04:47.116-0700][1251][info ][gc,heap     ] GC(416) Eden regions: 2648->0(2102)
[2025-10-15T15:04:47.116-0700][1251][info ][gc,heap     ] GC(416) Survivor regions: 189->189(355)
[2025-10-15T15:04:47.116-0700][1251][info ][gc,heap     ] GC(416) Old regions: 1465->1459
[2025-10-15T15:04:47.116-0700][1251][info ][gc,heap     ] GC(416) Humongous regions: 0->0
[2025-10-15T15:04:47.116-0700][1251][info ][gc,metaspace] GC(416) Metaspace: 304370K(309568K)->304370K(309568K) NonClass: 268614K(271360K)->268614K(271360K) Class: 35756K(38208K)->35756K(38208K)
[2025-10-15T15:04:47.116-0700][1251][info ][gc          ] GC(416) Pause Young (Mixed) (G1 Evacuation Pause) 137641M->52699M(184320M) 202.647ms
[2025-10-15T15:04:47.117-0700][1251][info ][gc,cpu      ] GC(416) User=20.13s Sys=0.23s Real=0.20s
[2025-10-15T15:04:47.118-0700][1251][info ][safepoint   ] Safepoint "G1CollectForAllocation", Time since last: 4210076803 ns, Reaching safepoint: 5859048 ns, Cleanup: 5418 ns, At safepoint: 205964916 ns, Total: 211829382 ns
[2025-10-15T15:04:49.119-0700][1251][info ][safepoint   ] Safepoint "Cleanup", Time since last: 2000148216 ns, Reaching safepoint: 687066 ns, Cleanup: 10426 ns, At safepoint: 117467 ns, Total: 814959 ns
[2025-10-15T15:04:52.121-0700][1251][info ][safepoint   ] Safepoint "Cleanup", Time since last: 3000215378 ns, Reaching safepoint: 1160630 ns, Cleanup: 10807 ns, At safepoint: 379182 ns, Total: 1550619 ns
[2025-10-15T15:04:52.472-0700][1251][info ][gc,start    ] GC(417) Pause Young (Mixed) (G1 Evacuation Pause)
[2025-10-15T15:04:52.472-0700][1251][info ][gc,task     ] GC(417) Using 113 workers of 113 for evacuation
[2025-10-15T15:04:52.491-0700][1251][debug][gc,remset   ] GC(417) Visited cards 39368192 Total dirty 93782016 (41.98%) Total old 464912384 (8.47%)
[2025-10-15T15:04:52.671-0700][1251][info ][gc,phases   ] GC(417)   Pre Evacuate Collection Set: 0.7ms
[2025-10-15T15:04:52.671-0700][1251][info ][gc,phases   ] GC(417)   Merge Heap Roots: 17.8ms
[2025-10-15T15:04:52.671-0700][1251][info ][gc,phases   ] GC(417)   Evacuate Collection Set: 155.5ms
[2025-10-15T15:04:52.671-0700][1251][info ][gc,phases   ] GC(417)   Post Evacuate Collection Set: 24.1ms
[2025-10-15T15:04:52.671-0700][1251][info ][gc,phases   ] GC(417)   Other: 0.2ms
[2025-10-15T15:04:52.671-0700][1251][debug][gc,remset   ] GC(417) Coarsening (recent): Inline->AoC 761168 (219) AoC->Howl 1907 (616) Howl->Full 0 (0) Inline->AoC 7437 (184) AoC->BitMap 1769 (639) BitMap->Full 0 (0)
[2025-10-15T15:04:52.671-0700][1251][debug][gc,remset   ] GC(417) Coarsening (all): Inline->AoC 199341978 (66187) AoC->Howl 1015225 (154535) Howl->Full 0 (0) Inline->AoC 4644819 (46999) AoC->BitMap 834968 (125095) BitMap->Full 9 (0)
[2025-10-15T15:04:52.671-0700][1251][info ][gc,heap     ] GC(417) Eden regions: 2619->0(2165)
[2025-10-15T15:04:52.671-0700][1251][info ][gc,heap     ] GC(417) Survivor regions: 189->187(351)
[2025-10-15T15:04:52.671-0700][1251][info ][gc,heap     ] GC(417) Old regions: 1459->1453
[2025-10-15T15:04:52.671-0700][1251][info ][gc,heap     ] GC(417) Humongous regions: 0->0
[2025-10-15T15:04:52.671-0700][1251][info ][gc,metaspace] GC(417) Metaspace: 304370K(309568K)->304370K(309568K) NonClass: 268614K(271360K)->268614K(271360K) Class: 35756K(38208K)->35756K(38208K)
[2025-10-15T15:04:52.671-0700][1251][info ][gc          ] GC(417) Pause Young (Mixed) (G1 Evacuation Pause) 136507M->52447M(184320M) 198.488ms
[2025-10-15T15:04:52.672-0700][1251][info ][gc,cpu      ] GC(417) User=19.61s Sys=0.32s Real=0.20s
[2025-10-15T15:04:52.673-0700][1251][info ][safepoint   ] Safepoint "G1CollectForAllocation", Time since last: 348069019 ns, Reaching safepoint: 1888739 ns, Cleanup: 6299 ns, At safepoint: 201764130 ns, Total: 203659168 ns
[2025-10-15T15:04:53.674-0700][1251][info ][safepoint   ] Safepoint "Cleanup", Time since last: 1000083246 ns, Reaching safepoint: 885626 ns, Cleanup: 14011 ns, At safepoint: 185320 ns, Total: 1084957 ns
[2025-10-15T15:04:54.675-0700][1251][info ][safepoint   ] Safepoint "Cleanup", Time since last: 1000101654 ns, Reaching safepoint: 889542 ns, Cleanup: 20371 ns, At safepoint: 394114 ns, Total: 1304027 ns
[2025-10-15T15:04:55.677-0700][1251][info ][safepoint   ] Safepoint "Cleanup", Time since last: 1000102546 ns, Reaching safepoint: 915280 ns, Cleanup: 15934 ns, At safepoint: 430420 ns, Total: 1361634 ns
[2025-10-15T15:04:57.948-0700][1251][info ][gc,start    ] GC(418) Pause Young (Mixed) (G1 Evacuation Pause)
[2025-10-15T15:04:57.948-0700][1251][info ][gc,task     ] GC(418) Using 113 workers of 113 for evacuation
[2025-10-15T15:04:57.967-0700][1251][debug][gc,remset   ] GC(418) Visited cards 38565120 Total dirty 93454336 (41.27%) Total old 503250944 (7.66%)
[2025-10-15T15:04:58.153-0700][1251][info ][gc,mmu      ] GC(418) MMU target violated: 201.0ms (200.0ms/201.0ms)
[2025-10-15T15:04:58.153-0700][1251][info ][gc,phases   ] GC(418)   Pre Evacuate Collection Set: 0.8ms
[2025-10-15T15:04:58.153-0700][1251][info ][gc,phases   ] GC(418)   Merge Heap Roots: 17.9ms
[2025-10-15T15:04:58.153-0700][1251][info ][gc,phases   ] GC(418)   Evacuate Collection Set: 161.8ms
[2025-10-15T15:04:58.153-0700][1251][info ][gc,phases   ] GC(418)   Post Evacuate Collection Set: 24.2ms
[2025-10-15T15:04:58.153-0700][1251][info ][gc,phases   ] GC(418)   Other: 0.2ms
[2025-10-15T15:04:58.153-0700][1251][debug][gc,remset   ] GC(418) Coarsening (recent): Inline->AoC 723507 (212) AoC->Howl 1722 (495) Howl->Full 0 (0) Inline->AoC 7173 (148) AoC->BitMap 1664 (551) BitMap->Full 0 (0)
[2025-10-15T15:04:58.153-0700][1251][debug][gc,remset   ] GC(418) Coarsening (all): Inline->AoC 200065485 (66399) AoC->Howl 1016947 (155030) Howl->Full 0 (0) Inline->AoC 4651992 (47147) AoC->BitMap 836632 (125646) BitMap->Full 9 (0)
[2025-10-15T15:04:58.153-0700][1251][info ][gc,heap     ] GC(418) Eden regions: 2916->0(2198)
[2025-10-15T15:04:58.153-0700][1251][info ][gc,heap     ] GC(418) Survivor regions: 187->178(388)
[2025-10-15T15:04:58.153-0700][1251][info ][gc,heap     ] GC(418) Old regions: 1453->1461
[2025-10-15T15:04:58.153-0700][1251][info ][gc,heap     ] GC(418) Humongous regions: 1->0
[2025-10-15T15:04:58.153-0700][1251][info ][gc,metaspace] GC(418) Metaspace: 304384K(309568K)->304384K(309568K) NonClass: 268628K(271360K)->268628K(271360K) Class: 35756K(38208K)->35756K(38208K)
[2025-10-15T15:04:58.153-0700][1251][info ][gc          ] GC(418) Pause Young (Mixed) (G1 Evacuation Pause) 145791M->52427M(184320M) 205.017ms
[2025-10-15T15:04:58.154-0700][1251][info ][gc,cpu      ] GC(418) User=20.04s Sys=0.49s Real=0.21s
[2025-10-15T15:04:58.155-0700][1251][info ][safepoint   ] Safepoint "G1CollectForAllocation", Time since last: 2269053406 ns, Reaching safepoint: 951786 ns, Cleanup: 6670 ns, At safepoint: 208545289 ns, Total: 209503745 ns
[2025-10-15T15:05:03.343-0700][1251][info ][gc,start    ] GC(419) Pause Young (Mixed) (G1 Evacuation Pause)
[2025-10-15T15:05:03.343-0700][1251][info ][gc,task     ] GC(419) Using 113 workers of 113 for evacuation
[2025-10-15T15:05:03.360-0700][1251][debug][gc,remset   ] GC(419) Visited cards 40353792 Total dirty 94175232 (42.85%) Total old 483917824 (8.34%)
[2025-10-15T15:05:03.535-0700][1251][info ][gc,phases   ] GC(419)   Pre Evacuate Collection Set: 0.7ms
[2025-10-15T15:05:03.535-0700][1251][info ][gc,phases   ] GC(419)   Merge Heap Roots: 15.9ms
[2025-10-15T15:05:03.535-0700][1251][info ][gc,phases   ] GC(419)   Evacuate Collection Set: 153.1ms
[2025-10-15T15:05:03.535-0700][1251][info ][gc,phases   ] GC(419)   Post Evacuate Collection Set: 22.0ms
[2025-10-15T15:05:03.535-0700][1251][info ][gc,phases   ] GC(419)   Other: 0.2ms
[2025-10-15T15:05:03.535-0700][1251][debug][gc,remset   ] GC(419) Coarsening (recent): Inline->AoC 765382 (211) AoC->Howl 1851 (527) Howl->Full 0 (0) Inline->AoC 7147 (156) AoC->BitMap 1734 (557) BitMap->Full 0 (0)
[2025-10-15T15:05:03.535-0700][1251][debug][gc,remset   ] GC(419) Coarsening (all): Inline->AoC 200830867 (66610) AoC->Howl 1018798 (155557) Howl->Full 0 (0) Inline->AoC 4659139 (47303) AoC->BitMap 838366 (126203) BitMap->Full 9 (0)
[2025-10-15T15:05:03.535-0700][1251][info ][gc,heap     ] GC(419) Eden regions: 2774->0(2692)
[2025-10-15T15:05:03.535-0700][1251][info ][gc,heap     ] GC(419) Survivor regions: 178->178(369)
[2025-10-15T15:05:03.535-0700][1251][info ][gc,heap     ] GC(419) Old regions: 1461->1457
[2025-10-15T15:05:03.535-0700][1251][info ][gc,heap     ] GC(419) Humongous regions: 0->0
[2025-10-15T15:05:03.535-0700][1251][info ][gc,metaspace] GC(419) Metaspace: 304384K(309568K)->304384K(309568K) NonClass: 268628K(271360K)->268628K(271360K) Class: 35756K(38208K)->35756K(38208K)
[2025-10-15T15:05:03.535-0700][1251][info ][gc          ] GC(419) Pause Young (Mixed) (G1 Evacuation Pause) 141195M->52289M(184320M) 192.210ms
[2025-10-15T15:05:03.536-0700][1251][info ][gc,cpu      ] GC(419) User=18.64s Sys=0.53s Real=0.19s
[2025-10-15T15:05:03.537-0700][1251][info ][safepoint   ] Safepoint "G1CollectForAllocation", Time since last: 5184514923 ns, Reaching safepoint: 1682608 ns, Cleanup: 5428 ns, At safepoint: 195682045 ns, Total: 197370081 ns
[2025-10-15T15:05:09.073-0700][1251][info ][gc,start    ] GC(420) Pause Young (Mixed) (G1 Evacuation Pause)
[2025-10-15T15:05:09.073-0700][1251][info ][gc,task     ] GC(420) Using 113 workers of 113 for evacuation
[2025-10-15T15:05:09.091-0700][1251][debug][gc,remset   ] GC(420) Visited cards 38536448 Total dirty 93782016 (41.09%) Total old 492568576 (7.82%)
[2025-10-15T15:05:09.262-0700][1251][info ][gc,phases   ] GC(420)   Pre Evacuate Collection Set: 0.8ms
[2025-10-15T15:05:09.262-0700][1251][info ][gc,phases   ] GC(420)   Merge Heap Roots: 17.5ms
[2025-10-15T15:05:09.262-0700][1251][info ][gc,phases   ] GC(420)   Evacuate Collection Set: 147.0ms
[2025-10-15T15:05:09.262-0700][1251][info ][gc,phases   ] GC(420)   Post Evacuate Collection Set: 23.2ms
[2025-10-15T15:05:09.262-0700][1251][info ][gc,phases   ] GC(420)   Other: 0.2ms
[2025-10-15T15:05:09.262-0700][1251][debug][gc,remset   ] GC(420) Coarsening (recent): Inline->AoC 834351 (205) AoC->Howl 1565 (422) Howl->Full 0 (0) Inline->AoC 6858 (136) AoC->BitMap 1414 (442) BitMap->Full 0 (0)
[2025-10-15T15:05:09.262-0700][1251][debug][gc,remset   ] GC(420) Coarsening (all): Inline->AoC 201665218 (66815) AoC->Howl 1020363 (155979) Howl->Full 0 (0) Inline->AoC 4665997 (47439) AoC->BitMap 839780 (126645) BitMap->Full 9 (0)
[2025-10-15T15:05:09.262-0700][1251][info ][gc,heap     ] GC(420) Eden regions: 2844->0(3280)
[2025-10-15T15:05:09.262-0700][1251][info ][gc,heap     ] GC(420) Survivor regions: 178->176(378)
[2025-10-15T15:05:09.262-0700][1251][info ][gc,heap     ] GC(420) Old regions: 1457->1453
[2025-10-15T15:05:09.262-0700][1251][info ][gc,heap     ] GC(420) Humongous regions: 0->0
[2025-10-15T15:05:09.262-0700][1251][info ][gc,metaspace] GC(420) Metaspace: 304384K(309568K)->304384K(309568K) NonClass: 268628K(271360K)->268628K(271360K) Class: 35756K(38208K)->35756K(38208K)
[2025-10-15T15:05:09.262-0700][1251][info ][gc          ] GC(420) Pause Young (Mixed) (G1 Evacuation Pause) 143297M->52095M(184320M) 188.949ms
[2025-10-15T15:05:09.263-0700][1251][info ][gc,cpu      ] GC(420) User=18.86s Sys=0.26s Real=0.19s
[2025-10-15T15:05:09.264-0700][1251][info ][safepoint   ] Safepoint "G1CollectForAllocation", Time since last: 5533004096 ns, Reaching safepoint: 1360633 ns, Cleanup: 6049 ns, At safepoint: 192198079 ns, Total: 193564761 ns
[2025-10-15T15:05:15.613-0700][1251][info ][gc,start    ] GC(421) Pause Young (Normal) (G1 Evacuation Pause)
[2025-10-15T15:05:15.613-0700][1251][info ][gc,task     ] GC(421) Using 113 workers of 113 for evacuation
[2025-10-15T15:05:15.631-0700][1251][debug][gc,remset   ] GC(421) Visited cards 32342784 Total dirty 94437376 (34.25%) Total old 548208640 (5.90%)
[2025-10-15T15:05:15.791-0700][1251][info ][gc,phases   ] GC(421)   Pre Evacuate Collection Set: 0.8ms
[2025-10-15T15:05:15.791-0700][1251][info ][gc,phases   ] GC(421)   Merge Heap Roots: 17.6ms
[2025-10-15T15:05:15.791-0700][1251][info ][gc,phases   ] GC(421)   Evacuate Collection Set: 136.6ms
[2025-10-15T15:05:15.791-0700][1251][info ][gc,phases   ] GC(421)   Post Evacuate Collection Set: 23.4ms
[2025-10-15T15:05:15.791-0700][1251][info ][gc,phases   ] GC(421)   Other: 0.2ms
[2025-10-15T15:05:15.791-0700][1251][debug][gc,remset   ] GC(421) Coarsening (recent): Inline->AoC 1007312 (194) AoC->Howl 1579 (443) Howl->Full 0 (0) Inline->AoC 6920 (139) AoC->BitMap 1652 (540) BitMap->Full 0 (0)
[2025-10-15T15:05:15.791-0700][1251][debug][gc,remset   ] GC(421) Coarsening (all): Inline->AoC 202672530 (67009) AoC->Howl 1021942 (156422) Howl->Full 0 (0) Inline->AoC 4672917 (47578) AoC->BitMap 841432 (127185) BitMap->Full 9 (0)
[2025-10-15T15:05:15.791-0700][1251][info ][gc,heap     ] GC(421) Eden regions: 3280->0(3280)
[2025-10-15T15:05:15.791-0700][1251][info ][gc,heap     ] GC(421) Survivor regions: 176->176(432)
[2025-10-15T15:05:15.791-0700][1251][info ][gc,heap     ] GC(421) Old regions: 1453->1456
[2025-10-15T15:05:15.791-0700][1251][info ][gc,heap     ] GC(421) Humongous regions: 0->0
[2025-10-15T15:05:15.791-0700][1251][info ][gc,metaspace] GC(421) Metaspace: 304384K(309568K)->304384K(309568K) NonClass: 268628K(271360K)->268628K(271360K) Class: 35756K(38208K)->35756K(38208K)
[2025-10-15T15:05:15.791-0700][1251][info ][gc          ] GC(421) Pause Young (Normal) (G1 Evacuation Pause) 157055M->52191M(184320M) 178.694ms
[2025-10-15T15:05:15.792-0700][1251][info ][gc,cpu      ] GC(421) User=18.00s Sys=0.47s Real=0.18s
[2025-10-15T15:05:15.793-0700][1251][info ][safepoint   ] Safepoint "G1CollectForAllocation", Time since last: 6346567525 ns, Reaching safepoint: 950824 ns, Cleanup: 4657 ns, At safepoint: 182134631 ns, Total: 183090112 ns
[2025-10-15T15:05:22.297-0700][1251][info ][gc,start    ] GC(422) Pause Young (Normal) (G1 Evacuation Pause)
[2025-10-15T15:05:22.297-0700][1251][info ][gc,task     ] GC(422) Using 113 workers of 113 for evacuation
[2025-10-15T15:05:22.317-0700][1251][debug][gc,remset   ] GC(422) Visited cards 32634624 Total dirty 94633984 (34.49%) Total old 548405248 (5.95%)
[2025-10-15T15:05:22.484-0700][1251][info ][gc,phases   ] GC(422)   Pre Evacuate Collection Set: 0.9ms
[2025-10-15T15:05:22.484-0700][1251][info ][gc,phases   ] GC(422)   Merge Heap Roots: 18.9ms
[2025-10-15T15:05:22.484-0700][1251][info ][gc,phases   ] GC(422)   Evacuate Collection Set: 143.8ms
[2025-10-15T15:05:22.484-0700][1251][info ][gc,phases   ] GC(422)   Post Evacuate Collection Set: 23.6ms
[2025-10-15T15:05:22.484-0700][1251][info ][gc,phases   ] GC(422)   Other: 0.2ms
[2025-10-15T15:05:22.484-0700][1251][debug][gc,remset   ] GC(422) Coarsening (recent): Inline->AoC 1024740 (203) AoC->Howl 1522 (425) Howl->Full 0 (0) Inline->AoC 6746 (114) AoC->BitMap 1455 (460) BitMap->Full 0 (0)
[2025-10-15T15:05:22.484-0700][1251][debug][gc,remset   ] GC(422) Coarsening (all): Inline->AoC 203697270 (67212) AoC->Howl 1023464 (156847) Howl->Full 0 (0) Inline->AoC 4679663 (47692) AoC->BitMap 842887 (127645) BitMap->Full 9 (0)
[2025-10-15T15:05:22.484-0700][1251][info ][gc,heap     ] GC(422) Eden regions: 3280->0(3282)
[2025-10-15T15:05:22.484-0700][1251][info ][gc,heap     ] GC(422) Survivor regions: 176->174(432)
[2025-10-15T15:05:22.484-0700][1251][info ][gc,heap     ] GC(422) Old regions: 1456->1457
[2025-10-15T15:05:22.484-0700][1251][info ][gc,heap     ] GC(422) Humongous regions: 0->0
[2025-10-15T15:05:22.484-0700][1251][info ][gc,metaspace] GC(422) Metaspace: 304384K(309568K)->304384K(309568K) NonClass: 268628K(271360K)->268628K(271360K) Class: 35756K(38208K)->35756K(38208K)
[2025-10-15T15:05:22.484-0700][1251][info ][gc          ] GC(422) Pause Young (Normal) (G1 Evacuation Pause) 157151M->52162M(184320M) 187.504ms
[2025-10-15T15:05:22.486-0700][1251][info ][gc,cpu      ] GC(422) User=17.89s Sys=0.35s Real=0.19s
[2025-10-15T15:05:22.486-0700][1251][info ][safepoint   ] Safepoint "G1CollectForAllocation", Time since last: 6500765823 ns, Reaching safepoint: 1450007 ns, Cleanup: 5788 ns, At safepoint: 190733411 ns, Total: 192189206 ns
[2025-10-15T15:05:25.488-0700][1251][info ][safepoint   ] Safepoint "Cleanup", Time since last: 3000192655 ns, Reaching safepoint: 796251 ns, Cleanup: 16334 ns, At safepoint: 211580 ns, Total: 1024165 ns
[2025-10-15T15:05:27.490-0700][1251][info ][safepoint   ] Safepoint "Cleanup", Time since last: 2000165956 ns, Reaching safepoint: 1722028 ns, Cleanup: 10886 ns, At safepoint: 391721 ns, Total: 2124635 ns
[2025-10-15T15:05:28.934-0700][1251][info ][gc,start    ] GC(423) Pause Young (Concurrent Start) (G1 Evacuation Pause)
[2025-10-15T15:05:28.934-0700][1251][info ][gc,task     ] GC(423) Using 113 workers of 113 for evacuation
[2025-10-15T15:05:28.954-0700][1251][debug][gc,remset   ] GC(423) Visited cards 32224000 Total dirty 94830592 (33.98%) Total old 548470784 (5.88%)
[2025-10-15T15:05:29.111-0700][1251][info ][gc,phases   ] GC(423)   Pre Evacuate Collection Set: 1.0ms
[2025-10-15T15:05:29.111-0700][1251][info ][gc,phases   ] GC(423)   Merge Heap Roots: 18.1ms
[2025-10-15T15:05:29.111-0700][1251][info ][gc,phases   ] GC(423)   Evacuate Collection Set: 134.4ms
[2025-10-15T15:05:29.111-0700][1251][info ][gc,phases   ] GC(423)   Post Evacuate Collection Set: 23.1ms
[2025-10-15T15:05:29.111-0700][1251][info ][gc,phases   ] GC(423)   Other: 0.2ms
[2025-10-15T15:05:29.111-0700][1251][debug][gc,remset   ] GC(423) Coarsening (recent): Inline->AoC 1045295 (192) AoC->Howl 1495 (400) Howl->Full 0 (0) Inline->AoC 6705 (123) AoC->BitMap 1447 (483) BitMap->Full 0 (0)
[2025-10-15T15:05:29.111-0700][1251][debug][gc,remset   ] GC(423) Coarsening (all): Inline->AoC 204742565 (67404) AoC->Howl 1024959 (157247) Howl->Full 0 (0) Inline->AoC 4686368 (47815) AoC->BitMap 844334 (128128) BitMap->Full 9 (0)
[2025-10-15T15:05:29.111-0700][1251][info ][gc,heap     ] GC(423) Eden regions: 3282->0(3283)
[2025-10-15T15:05:29.111-0700][1251][info ][gc,heap     ] GC(423) Survivor regions: 174->173(432)
[2025-10-15T15:05:29.111-0700][1251][info ][gc,heap     ] GC(423) Old regions: 1457->1458
[2025-10-15T15:05:29.111-0700][1251][info ][gc,heap     ] GC(423) Humongous regions: 0->0
[2025-10-15T15:05:29.111-0700][1251][info ][gc,metaspace] GC(423) Metaspace: 304388K(309568K)->304388K(309568K) NonClass: 268631K(271360K)->268631K(271360K) Class: 35756K(38208K)->35756K(38208K)
[2025-10-15T15:05:29.111-0700][1251][info ][gc          ] GC(423) Pause Young (Concurrent Start) (G1 Evacuation Pause) 157186M->52158M(184320M) 176.967ms
[2025-10-15T15:05:29.112-0700][1134][info ][gc          ] GC(424) Concurrent Mark Cycle
[2025-10-15T15:05:29.112-0700][1134][info ][gc,marking  ] GC(424) Concurrent Scan Root Regions
[2025-10-15T15:05:29.113-0700][1251][info ][gc,cpu      ] GC(423) User=17.71s Sys=0.38s Real=0.18s
[2025-10-15T15:05:29.114-0700][1251][info ][safepoint   ] Safepoint "G1CollectForAllocation", Time since last: 1442188778 ns, Reaching safepoint: 954069 ns, Cleanup: 5438 ns, At safepoint: 181086652 ns, Total: 182046159 ns
[2025-10-15T15:05:29.196-0700][1134][info ][gc,marking  ] GC(424) Concurrent Scan Root Regions 84.304ms
[2025-10-15T15:05:29.196-0700][1134][info ][gc,marking  ] GC(424) Concurrent Mark
[2025-10-15T15:05:29.196-0700][1134][info ][gc,marking  ] GC(424) Concurrent Mark From Roots
[2025-10-15T15:05:29.196-0700][1134][info ][gc,task     ] GC(424) Using 36 workers of 36 for marking
[2025-10-15T15:05:30.754-0700][1134][info ][gc,marking  ] GC(424) Concurrent Mark From Roots 1558.311ms
[2025-10-15T15:05:30.754-0700][1134][info ][gc,marking  ] GC(424) Concurrent Preclean
[2025-10-15T15:05:30.785-0700][1134][info ][gc,marking  ] GC(424) Concurrent Preclean 30.435ms
[2025-10-15T15:05:30.788-0700][1251][info ][gc,start    ] GC(424) Pause Remark
[2025-10-15T15:05:30.869-0700][1251][info ][gc          ] GC(424) Pause Remark 79774M->79774M(184320M) 81.150ms
[2025-10-15T15:05:30.870-0700][1251][info ][gc,cpu      ] GC(424) User=1.61s Sys=0.08s Real=0.09s
[2025-10-15T15:05:30.871-0700][1251][info ][safepoint   ] Safepoint "G1PauseRemark", Time since last: 1670952795 ns, Reaching safepoint: 1253742 ns, Cleanup: 5468 ns, At safepoint: 84397658 ns, Total: 85656868 ns
[2025-10-15T15:05:30.871-0700][1134][info ][gc,marking  ] GC(424) Concurrent Mark 1675.314ms
[2025-10-15T15:05:30.871-0700][1134][info ][gc,marking  ] GC(424) Concurrent Rebuild Remembered Sets and Scrub Regions
[2025-10-15T15:05:32.474-0700][1134][info ][gc,marking  ] GC(424) Concurrent Rebuild Remembered Sets and Scrub Regions 1602.675ms
[2025-10-15T15:05:32.476-0700][1251][info ][gc,start    ] GC(424) Pause Cleanup
[2025-10-15T15:05:32.480-0700][1251][info ][gc          ] GC(424) Pause Cleanup 105094M->105094M(184320M) 3.515ms
[2025-10-15T15:05:32.481-0700][1251][info ][gc,cpu      ] GC(424) User=0.02s Sys=0.00s Real=0.01s
[2025-10-15T15:05:32.482-0700][1251][info ][safepoint   ] Safepoint "G1PauseCleanup", Time since last: 1603292507 ns, Reaching safepoint: 809080 ns, Cleanup: 30696 ns, At safepoint: 6612846 ns, Total: 7452622 ns
[2025-10-15T15:05:32.482-0700][1134][info ][gc,marking  ] GC(424) Concurrent Clear Claimed Marks
[2025-10-15T15:05:32.483-0700][1134][info ][gc,marking  ] GC(424) Concurrent Clear Claimed Marks 0.851ms
[2025-10-15T15:05:32.483-0700][1134][info ][gc,marking  ] GC(424) Concurrent Cleanup for Next Mark
[2025-10-15T15:05:32.522-0700][1134][info ][gc,marking  ] GC(424) Concurrent Cleanup for Next Mark 39.328ms
[2025-10-15T15:05:32.523-0700][1134][info ][gc          ] GC(424) Concurrent Mark Cycle 3410.966ms
[2025-10-15T15:05:35.507-0700][1251][info ][gc,start    ] GC(425) Pause Young (Prepare Mixed) (G1 Evacuation Pause)
[2025-10-15T15:05:35.507-0700][1251][info ][gc,task     ] GC(425) Using 113 workers of 113 for evacuation
[2025-10-15T15:05:35.526-0700][1251][debug][gc,remset   ] GC(425) Visited cards 32442368 Total dirty 94830592 (34.21%) Total old 548536320 (5.91%)
[2025-10-15T15:05:35.691-0700][1251][info ][gc,phases   ] GC(425)   Pre Evacuate Collection Set: 0.8ms
[2025-10-15T15:05:35.691-0700][1251][info ][gc,phases   ] GC(425)   Merge Heap Roots: 18.1ms
[2025-10-15T15:05:35.691-0700][1251][info ][gc,phases   ] GC(425)   Evacuate Collection Set: 141.1ms
[2025-10-15T15:05:35.691-0700][1251][info ][gc,phases   ] GC(425)   Post Evacuate Collection Set: 24.3ms
[2025-10-15T15:05:35.691-0700][1251][info ][gc,phases   ] GC(425)   Other: 0.2ms
[2025-10-15T15:05:35.691-0700][1251][debug][gc,remset   ] GC(425) Coarsening (recent): Inline->AoC 1740220 (176) AoC->Howl 49472 (374) Howl->Full 0 (0) Inline->AoC 264334 (98) AoC->BitMap 38447 (419) BitMap->Full 0 (0)
[2025-10-15T15:05:35.691-0700][1251][debug][gc,remset   ] GC(425) Coarsening (all): Inline->AoC 206482785 (67580) AoC->Howl 1074431 (157621) Howl->Full 0 (0) Inline->AoC 4950702 (47913) AoC->BitMap 882781 (128547) BitMap->Full 9 (0)
[2025-10-15T15:05:35.691-0700][1251][info ][gc,heap     ] GC(425) Eden regions: 3283->0(3281)
[2025-10-15T15:05:35.691-0700][1251][info ][gc,heap     ] GC(425) Survivor regions: 173->175(432)
[2025-10-15T15:05:35.691-0700][1251][info ][gc,heap     ] GC(425) Old regions: 1458->1458
[2025-10-15T15:05:35.691-0700][1251][info ][gc,heap     ] GC(425) Humongous regions: 0->0
[2025-10-15T15:05:35.691-0700][1251][info ][gc,metaspace] GC(425) Metaspace: 304388K(309568K)->304388K(309568K) NonClass: 268632K(271360K)->268632K(271360K) Class: 35756K(38208K)->35756K(38208K)
[2025-10-15T15:05:35.691-0700][1251][info ][gc          ] GC(425) Pause Young (Prepare Mixed) (G1 Evacuation Pause) 157214M->52241M(184320M) 184.534ms
[2025-10-15T15:05:35.692-0700][1251][info ][gc,cpu      ] GC(425) User=18.33s Sys=0.29s Real=0.19s
[2025-10-15T15:05:35.693-0700][1251][info ][safepoint   ] Safepoint "G1CollectForAllocation", Time since last: 3022562318 ns, Reaching safepoint: 1267262 ns, Cleanup: 4947 ns, At safepoint: 187837451 ns, Total: 189109660 ns
[2025-10-15T15:05:42.021-0700][1251][info ][gc,start    ] GC(426) Pause Young (Mixed) (G1 Evacuation Pause)
[2025-10-15T15:05:42.021-0700][1251][info ][gc,task     ] GC(426) Using 113 workers of 113 for evacuation
[2025-10-15T15:05:42.039-0700][1251][debug][gc,remset   ] GC(426) Visited cards 35813376 Total dirty 93192192 (38.43%) Total old 550240256 (6.51%)
[2025-10-15T15:05:42.190-0700][1251][debug][gc,remset   ] GC(426) Visited cards 2777344 Total dirty 81133568 (3.42%) Total old 562823168 (0.49%)
[2025-10-15T15:05:42.217-0700][1251][info ][gc,phases   ] GC(426)   Pre Evacuate Collection Set: 0.8ms
[2025-10-15T15:05:42.217-0700][1251][info ][gc,phases   ] GC(426)   Merge Heap Roots: 17.7ms
[2025-10-15T15:05:42.217-0700][1251][info ][gc,phases   ] GC(426)   Evacuate Collection Set: 148.7ms
[2025-10-15T15:05:42.217-0700][1251][info ][gc,phases   ] GC(426)   Merge Optional Heap Roots: 1.2ms
[2025-10-15T15:05:42.217-0700][1251][info ][gc,phases   ] GC(426)   Evacuate Optional Collection Set: 3.5ms
[2025-10-15T15:05:42.217-0700][1251][info ][gc,phases   ] GC(426)   Post Evacuate Collection Set: 24.2ms
[2025-10-15T15:05:42.217-0700][1251][info ][gc,phases   ] GC(426)   Other: 0.2ms
[2025-10-15T15:05:42.217-0700][1251][debug][gc,remset   ] GC(426) Coarsening (recent): Inline->AoC 1020666 (244) AoC->Howl 1597 (445) Howl->Full 0 (0) Inline->AoC 7056 (134) AoC->BitMap 1421 (487) BitMap->Full 0 (0)
[2025-10-15T15:05:42.217-0700][1251][debug][gc,remset   ] GC(426) Coarsening (all): Inline->AoC 207503451 (67824) AoC->Howl 1076028 (158066) Howl->Full 0 (0) Inline->AoC 4957758 (48047) AoC->BitMap 884202 (129034) BitMap->Full 9 (0)
[2025-10-15T15:05:42.217-0700][1251][info ][gc,heap     ] GC(426) Eden regions: 3281->0(3282)
[2025-10-15T15:05:42.217-0700][1251][info ][gc,heap     ] GC(426) Survivor regions: 175->174(432)
[2025-10-15T15:05:42.217-0700][1251][info ][gc,heap     ] GC(426) Old regions: 1458->1443
[2025-10-15T15:05:42.217-0700][1251][info ][gc,heap     ] GC(426) Humongous regions: 0->0
[2025-10-15T15:05:42.217-0700][1251][info ][gc,metaspace] GC(426) Metaspace: 304388K(309568K)->304388K(309568K) NonClass: 268632K(271360K)->268632K(271360K) Class: 35756K(38208K)->35756K(38208K)
[2025-10-15T15:05:42.217-0700][1251][info ][gc          ] GC(426) Pause Young (Mixed) (G1 Evacuation Pause) 157233M->51728M(184320M) 196.536ms
[2025-10-15T15:05:42.218-0700][1251][info ][gc,cpu      ] GC(426) User=19.16s Sys=0.26s Real=0.20s
[2025-10-15T15:05:42.220-0700][1251][info ][safepoint   ] Safepoint "G1CollectForAllocation", Time since last: 6325295185 ns, Reaching safepoint: 1086609 ns, Cleanup: 4918 ns, At safepoint: 199923263 ns, Total: 201014790 ns
[2025-10-15T15:05:47.221-0700][1251][info ][safepoint   ] Safepoint "Cleanup", Time since last: 5000332781 ns, Reaching safepoint: 784914 ns, Cleanup: 32269 ns, At safepoint: 265350 ns, Total: 1082533 ns
[2025-10-15T15:05:48.545-0700][1251][info ][gc,start    ] GC(427) Pause Young (Mixed) (G1 Evacuation Pause)
[2025-10-15T15:05:48.545-0700][1251][info ][gc,task     ] GC(427) Using 113 workers of 113 for evacuation
[2025-10-15T15:05:48.564-0700][1251][debug][gc,remset   ] GC(427) Visited cards 37268480 Total dirty 92733440 (40.19%) Total old 548864000 (6.79%)
[2025-10-15T15:05:48.714-0700][1251][debug][gc,remset   ] GC(427) Visited cards 5851136 Total dirty 89325568 (6.55%) Total old 561643520 (1.04%)
[2025-10-15T15:05:48.743-0700][1251][info ][gc,phases   ] GC(427)   Pre Evacuate Collection Set: 0.8ms
[2025-10-15T15:05:48.743-0700][1251][info ][gc,phases   ] GC(427)   Merge Heap Roots: 18.1ms
[2025-10-15T15:05:48.743-0700][1251][info ][gc,phases   ] GC(427)   Evacuate Collection Set: 149.2ms
[2025-10-15T15:05:48.743-0700][1251][info ][gc,phases   ] GC(427)   Merge Optional Heap Roots: 1.4ms
[2025-10-15T15:05:48.743-0700][1251][info ][gc,phases   ] GC(427)   Evacuate Optional Collection Set: 4.1ms
[2025-10-15T15:05:48.743-0700][1251][info ][gc,phases   ] GC(427)   Post Evacuate Collection Set: 24.8ms
[2025-10-15T15:05:48.743-0700][1251][info ][gc,phases   ] GC(427)   Other: 0.2ms
[2025-10-15T15:05:48.743-0700][1251][debug][gc,remset   ] GC(427) Coarsening (recent): Inline->AoC 1071466 (217) AoC->Howl 1666 (516) Howl->Full 0 (0) Inline->AoC 7102 (158) AoC->BitMap 1461 (493) BitMap->Full 0 (0)
[2025-10-15T15:05:48.743-0700][1251][debug][gc,remset   ] GC(427) Coarsening (all): Inline->AoC 208574917 (68041) AoC->Howl 1077694 (158582) Howl->Full 0 (0) Inline->AoC 4964860 (48205) AoC->BitMap 885663 (129527) BitMap->Full 9 (0)
[2025-10-15T15:05:48.743-0700][1251][info ][gc,heap     ] GC(427) Eden regions: 3282->0(3280)
[2025-10-15T15:05:48.743-0700][1251][info ][gc,heap     ] GC(427) Survivor regions: 174->176(432)
[2025-10-15T15:05:48.743-0700][1251][info ][gc,heap     ] GC(427) Old regions: 1443->1434
[2025-10-15T15:05:48.743-0700][1251][info ][gc,heap     ] GC(427) Humongous regions: 0->0
[2025-10-15T15:05:48.743-0700][1251][info ][gc,metaspace] GC(427) Metaspace: 304388K(309568K)->304388K(309568K) NonClass: 268632K(271360K)->268632K(271360K) Class: 35756K(38208K)->35756K(38208K)
[2025-10-15T15:05:48.743-0700][1251][info ][gc          ] GC(427) Pause Young (Mixed) (G1 Evacuation Pause) 156752M->51506M(184320M) 198.868ms
[2025-10-15T15:05:48.745-0700][1251][info ][gc,cpu      ] GC(427) User=19.41s Sys=0.32s Real=0.20s
[2025-10-15T15:05:48.746-0700][1251][info ][safepoint   ] Safepoint "G1CollectForAllocation", Time since last: 1321374742 ns, Reaching safepoint: 1070975 ns, Cleanup: 4417 ns, At safepoint: 202323103 ns, Total: 203398495 ns
[2025-10-15T15:05:55.034-0700][1251][info ][gc,start    ] GC(428) Pause Young (Mixed) (G1 Evacuation Pause)
[2025-10-15T15:05:55.034-0700][1251][info ][gc,task     ] GC(428) Using 113 workers of 113 for evacuation
[2025-10-15T15:05:55.053-0700][1251][debug][gc,remset   ] GC(428) Visited cards 38211072 Total dirty 92274688 (41.41%) Total old 540672000 (7.07%)
[2025-10-15T15:05:55.232-0700][1251][info ][gc,phases   ] GC(428)   Pre Evacuate Collection Set: 0.7ms
[2025-10-15T15:05:55.232-0700][1251][info ][gc,phases   ] GC(428)   Merge Heap Roots: 18.9ms
[2025-10-15T15:05:55.232-0700][1251][info ][gc,phases   ] GC(428)   Evacuate Collection Set: 155.4ms
[2025-10-15T15:05:55.232-0700][1251][info ][gc,phases   ] GC(428)   Post Evacuate Collection Set: 23.2ms
[2025-10-15T15:05:55.232-0700][1251][info ][gc,phases   ] GC(428)   Other: 0.2ms
[2025-10-15T15:05:55.232-0700][1251][debug][gc,remset   ] GC(428) Coarsening (recent): Inline->AoC 1037153 (228) AoC->Howl 1732 (581) Howl->Full 0 (0) Inline->AoC 6948 (170) AoC->BitMap 1584 (515) BitMap->Full 0 (0)
[2025-10-15T15:05:55.232-0700][1251][debug][gc,remset   ] GC(428) Coarsening (all): Inline->AoC 209612070 (68269) AoC->Howl 1079426 (159163) Howl->Full 0 (0) Inline->AoC 4971808 (48375) AoC->BitMap 887247 (130042) BitMap->Full 9 (0)
[2025-10-15T15:05:55.232-0700][1251][info ][gc,heap     ] GC(428) Eden regions: 3223->0(3279)
[2025-10-15T15:05:55.232-0700][1251][info ][gc,heap     ] GC(428) Survivor regions: 176->177(425)
[2025-10-15T15:05:55.232-0700][1251][info ][gc,heap     ] GC(428) Old regions: 1434->1430
[2025-10-15T15:05:55.232-0700][1251][info ][gc,heap     ] GC(428) Humongous regions: 0->0
[2025-10-15T15:05:55.232-0700][1251][info ][gc,metaspace] GC(428) Metaspace: 304388K(309568K)->304388K(309568K) NonClass: 268632K(271360K)->268632K(271360K) Class: 35756K(38208K)->35756K(38208K)
[2025-10-15T15:05:55.232-0700][1251][info ][gc          ] GC(428) Pause Young (Mixed) (G1 Evacuation Pause) 154642M->51381M(184320M) 198.572ms
[2025-10-15T15:05:55.233-0700][1251][info ][gc,cpu      ] GC(428) User=19.25s Sys=0.26s Real=0.20s
[2025-10-15T15:05:55.234-0700][1251][info ][safepoint   ] Safepoint "G1CollectForAllocation", Time since last: 6277921881 ns, Reaching safepoint: 8927617 ns, Cleanup: 5429 ns, At safepoint: 201923280 ns, Total: 210856326 ns
[2025-10-15T15:06:00.236-0700][1251][info ][safepoint   ] Safepoint "Cleanup", Time since last: 5000321324 ns, Reaching safepoint: 835871 ns, Cleanup: 67121 ns, At safepoint: 279982 ns, Total: 1182974 ns
[2025-10-15T15:06:01.613-0700][1251][info ][gc,start    ] GC(429) Pause Young (Mixed) (G1 Evacuation Pause)
[2025-10-15T15:06:01.613-0700][1251][info ][gc,task     ] GC(429) Using 113 workers of 113 for evacuation
[2025-10-15T15:06:01.632-0700][1251][debug][gc,remset   ] GC(429) Visited cards 38641664 Total dirty 91947008 (42.03%) Total old 547880960 (7.05%)
[2025-10-15T15:06:01.784-0700][1251][debug][gc,remset   ] GC(429) Visited cards 695552 Total dirty 61997056 (1.12%) Total old 560267264 (0.12%)
[2025-10-15T15:06:01.809-0700][1251][info ][gc,phases   ] GC(429)   Pre Evacuate Collection Set: 0.8ms
[2025-10-15T15:06:01.809-0700][1251][info ][gc,phases   ] GC(429)   Merge Heap Roots: 18.1ms
[2025-10-15T15:06:01.809-0700][1251][info ][gc,phases   ] GC(429)   Evacuate Collection Set: 150.2ms
[2025-10-15T15:06:01.809-0700][1251][info ][gc,phases   ] GC(429)   Merge Optional Heap Roots: 1.3ms
[2025-10-15T15:06:01.809-0700][1251][info ][gc,phases   ] GC(429)   Evacuate Optional Collection Set: 1.7ms
[2025-10-15T15:06:01.809-0700][1251][info ][gc,phases   ] GC(429)   Post Evacuate Collection Set: 23.6ms
[2025-10-15T15:06:01.809-0700][1251][info ][gc,phases   ] GC(429)   Other: 0.2ms
[2025-10-15T15:06:01.809-0700][1251][debug][gc,remset   ] GC(429) Coarsening (recent): Inline->AoC 1067353 (240) AoC->Howl 1318 (373) Howl->Full 0 (0) Inline->AoC 5692 (126) AoC->BitMap 1069 (345) BitMap->Full 0 (0)
[2025-10-15T15:06:01.809-0700][1251][debug][gc,remset   ] GC(429) Coarsening (all): Inline->AoC 210679423 (68509) AoC->Howl 1080744 (159536) Howl->Full 0 (0) Inline->AoC 4977500 (48501) AoC->BitMap 888316 (130387) BitMap->Full 9 (0)
[2025-10-15T15:06:01.809-0700][1251][info ][gc,heap     ] GC(429) Eden regions: 3279->0(3280)
[2025-10-15T15:06:01.809-0700][1251][info ][gc,heap     ] GC(429) Survivor regions: 177->176(432)
[2025-10-15T15:06:01.809-0700][1251][info ][gc,heap     ] GC(429) Old regions: 1430->1424
[2025-10-15T15:06:01.809-0700][1251][info ][gc,heap     ] GC(429) Humongous regions: 0->0
[2025-10-15T15:06:01.809-0700][1251][info ][gc,metaspace] GC(429) Metaspace: 304415K(309568K)->304415K(309568K) NonClass: 268657K(271360K)->268657K(271360K) Class: 35757K(38208K)->35757K(38208K)
[2025-10-15T15:06:01.809-0700][1251][info ][gc          ] GC(429) Pause Young (Mixed) (G1 Evacuation Pause) 156309M->51164M(184320M) 196.070ms
[2025-10-15T15:06:01.810-0700][1251][info ][gc,cpu      ] GC(429) User=19.18s Sys=0.35s Real=0.20s
[2025-10-15T15:06:01.811-0700][1251][info ][safepoint   ] Safepoint "G1CollectForAllocation", Time since last: 1373335207 ns, Reaching safepoint: 2353460 ns, Cleanup: 5568 ns, At safepoint: 199323188 ns, Total: 201682216 ns
[2025-10-15T15:06:08.088-0700][1251][info ][safepoint   ] Safepoint "Cleanup", Time since last: 6271636178 ns, Reaching safepoint: 1843912 ns, Cleanup: 33731 ns, At safepoint: 3309412 ns, Total: 5187055 ns
[2025-10-15T15:06:08.120-0700][1251][info ][gc,start    ] GC(430) Pause Young (Mixed) (G1 Evacuation Pause)
[2025-10-15T15:06:08.120-0700][1251][info ][gc,task     ] GC(430) Using 113 workers of 113 for evacuation
[2025-10-15T15:06:08.139-0700][1251][debug][gc,remset   ] GC(430) Visited cards 37924864 Total dirty 91553792 (41.42%) Total old 547487744 (6.93%)
[2025-10-15T15:06:08.289-0700][1251][debug][gc,remset   ] GC(430) Visited cards 4962048 Total dirty 87883776 (5.65%) Total old 560267264 (0.89%)
[2025-10-15T15:06:08.316-0700][1251][info ][gc,phases   ] GC(430)   Pre Evacuate Collection Set: 0.8ms
[2025-10-15T15:06:08.316-0700][1251][info ][gc,phases   ] GC(430)   Merge Heap Roots: 18.1ms
[2025-10-15T15:06:08.316-0700][1251][info ][gc,phases   ] GC(430)   Evacuate Collection Set: 147.9ms
[2025-10-15T15:06:08.316-0700][1251][info ][gc,phases   ] GC(430)   Merge Optional Heap Roots: 1.5ms
[2025-10-15T15:06:08.316-0700][1251][info ][gc,phases   ] GC(430)   Evacuate Optional Collection Set: 4.0ms
[2025-10-15T15:06:08.316-0700][1251][info ][gc,phases   ] GC(430)   Post Evacuate Collection Set: 23.4ms
[2025-10-15T15:06:08.316-0700][1251][info ][gc,phases   ] GC(430)   Other: 0.2ms
[2025-10-15T15:06:08.316-0700][1251][debug][gc,remset   ] GC(430) Coarsening (recent): Inline->AoC 1096019 (230) AoC->Howl 1714 (561) Howl->Full 0 (0) Inline->AoC 7035 (195) AoC->BitMap 1523 (473) BitMap->Full 0 (0)
[2025-10-15T15:06:08.316-0700][1251][debug][gc,remset   ] GC(430) Coarsening (all): Inline->AoC 211775442 (68739) AoC->Howl 1082458 (160097) Howl->Full 0 (0) Inline->AoC 4984535 (48696) AoC->BitMap 889839 (130860) BitMap->Full 9 (0)
[2025-10-15T15:06:08.316-0700][1251][info ][gc,heap     ] GC(430) Eden regions: 3280->0(3279)
[2025-10-15T15:06:08.316-0700][1251][info ][gc,heap     ] GC(430) Survivor regions: 176->177(432)
[2025-10-15T15:06:08.316-0700][1251][info ][gc,heap     ] GC(430) Old regions: 1424->1417
[2025-10-15T15:06:08.316-0700][1251][info ][gc,heap     ] GC(430) Humongous regions: 0->0
[2025-10-15T15:06:08.316-0700][1251][info ][gc,metaspace] GC(430) Metaspace: 304418K(309568K)->304418K(309568K) NonClass: 268661K(271360K)->268661K(271360K) Class: 35757K(38208K)->35757K(38208K)
[2025-10-15T15:06:08.316-0700][1251][info ][gc          ] GC(430) Pause Young (Mixed) (G1 Evacuation Pause) 156124M->50988M(184320M) 196.087ms
[2025-10-15T15:06:08.317-0700][1251][info ][gc,cpu      ] GC(430) User=19.30s Sys=0.34s Real=0.19s
[2025-10-15T15:06:08.319-0700][1251][info ][safepoint   ] Safepoint "G1CollectForAllocation", Time since last: 30007698 ns, Reaching safepoint: 1261213 ns, Cleanup: 5207 ns, At safepoint: 199453365 ns, Total: 200719785 ns
[2025-10-15T15:06:09.320-0700][1251][info ][safepoint   ] Safepoint "Cleanup", Time since last: 1000086674 ns, Reaching safepoint: 1573324 ns, Cleanup: 21542 ns, At safepoint: 208685 ns, Total: 1803551 ns
[2025-10-15T15:06:10.322-0700][1251][info ][safepoint   ] Safepoint "Cleanup", Time since last: 1000107175 ns, Reaching safepoint: 912787 ns, Cleanup: 19530 ns, At safepoint: 260973 ns, Total: 1193290 ns
[2025-10-15T15:06:14.779-0700][1251][info ][gc,start    ] GC(431) Pause Young (Mixed) (G1 Evacuation Pause)
[2025-10-15T15:06:14.779-0700][1251][info ][gc,task     ] GC(431) Using 113 workers of 113 for evacuation
[2025-10-15T15:06:14.797-0700][1251][debug][gc,remset   ] GC(431) Visited cards 40251648 Total dirty 91160576 (44.15%) Total old 547028992 (7.36%)
[2025-10-15T15:06:14.953-0700][1251][debug][gc,remset   ] GC(431) Visited cards 5054976 Total dirty 85917696 (5.88%) Total old 559742976 (0.90%)
[2025-10-15T15:06:14.979-0700][1251][info ][gc,mmu      ] GC(431) MMU target violated: 200.0ms (200.0ms/201.0ms)
[2025-10-15T15:06:14.979-0700][1251][info ][gc,phases   ] GC(431)   Pre Evacuate Collection Set: 0.8ms
[2025-10-15T15:06:14.979-0700][1251][info ][gc,phases   ] GC(431)   Merge Heap Roots: 17.5ms
[2025-10-15T15:06:14.979-0700][1251][info ][gc,phases   ] GC(431)   Evacuate Collection Set: 154.2ms
[2025-10-15T15:06:14.979-0700][1251][info ][gc,phases   ] GC(431)   Merge Optional Heap Roots: 1.3ms
[2025-10-15T15:06:14.979-0700][1251][info ][gc,phases   ] GC(431)   Evacuate Optional Collection Set: 3.3ms
[2025-10-15T15:06:14.979-0700][1251][info ][gc,phases   ] GC(431)   Post Evacuate Collection Set: 22.8ms
[2025-10-15T15:06:14.979-0700][1251][info ][gc,phases   ] GC(431)   Other: 0.2ms
[2025-10-15T15:06:14.979-0700][1251][debug][gc,remset   ] GC(431) Coarsening (recent): Inline->AoC 1150909 (202) AoC->Howl 1604 (526) Howl->Full 0 (0) Inline->AoC 6568 (162) AoC->BitMap 1383 (438) BitMap->Full 0 (0)
[2025-10-15T15:06:14.979-0700][1251][debug][gc,remset   ] GC(431) Coarsening (all): Inline->AoC 212926351 (68941) AoC->Howl 1084062 (160623) Howl->Full 0 (0) Inline->AoC 4991103 (48858) AoC->BitMap 891222 (131298) BitMap->Full 9 (0)
[2025-10-15T15:06:14.979-0700][1251][info ][gc,heap     ] GC(431) Eden regions: 3279->0(3278)
[2025-10-15T15:06:14.979-0700][1251][info ][gc,heap     ] GC(431) Survivor regions: 177->178(432)
[2025-10-15T15:06:14.979-0700][1251][info ][gc,heap     ] GC(431) Old regions: 1417->1411
[2025-10-15T15:06:14.979-0700][1251][info ][gc,heap     ] GC(431) Humongous regions: 0->0
[2025-10-15T15:06:14.979-0700][1251][info ][gc,metaspace] GC(431) Metaspace: 304419K(309568K)->304419K(309568K) NonClass: 268661K(271360K)->268661K(271360K) Class: 35758K(38208K)->35758K(38208K)
[2025-10-15T15:06:14.979-0700][1251][info ][gc          ] GC(431) Pause Young (Mixed) (G1 Evacuation Pause) 155916M->50806M(184320M) 200.234ms
[2025-10-15T15:06:14.980-0700][1251][info ][gc,cpu      ] GC(431) User=19.41s Sys=0.37s Real=0.20s
[2025-10-15T15:06:14.981-0700][1251][info ][safepoint   ] Safepoint "G1CollectForAllocation", Time since last: 4454471674 ns, Reaching safepoint: 1344949 ns, Cleanup: 4967 ns, At safepoint: 203468986 ns, Total: 204818902 ns
[2025-10-15T15:06:15.982-0700][1251][info ][safepoint   ] Safepoint "Cleanup", Time since last: 1000081829 ns, Reaching safepoint: 747507 ns, Cleanup: 11698 ns, At safepoint: 263768 ns, Total: 1022973 ns
[2025-10-15T15:06:17.983-0700][1251][info ][safepoint   ] Safepoint "Cleanup", Time since last: 2000162045 ns, Reaching safepoint: 830453 ns, Cleanup: 15002 ns, At safepoint: 236157 ns, Total: 1081612 ns
[2025-10-15T15:06:21.320-0700][1251][info ][gc,start    ] GC(432) Pause Young (Mixed) (G1 Evacuation Pause)
[2025-10-15T15:06:21.320-0700][1251][info ][gc,task     ] GC(432) Using 113 workers of 113 for evacuation
[2025-10-15T15:06:21.339-0700][1251][debug][gc,remset   ] GC(432) Visited cards 32085504 Total dirty 91815936 (34.95%) Total old 545521664 (5.88%)
[2025-10-15T15:06:21.501-0700][1251][info ][gc,phases   ] GC(432)   Pre Evacuate Collection Set: 0.8ms
[2025-10-15T15:06:21.501-0700][1251][info ][gc,phases   ] GC(432)   Merge Heap Roots: 18.0ms
[2025-10-15T15:06:21.501-0700][1251][info ][gc,phases   ] GC(432)   Evacuate Collection Set: 140.5ms
[2025-10-15T15:06:21.501-0700][1251][info ][gc,phases   ] GC(432)   Post Evacuate Collection Set: 22.0ms
[2025-10-15T15:06:21.501-0700][1251][info ][gc,phases   ] GC(432)   Other: 0.2ms
[2025-10-15T15:06:21.501-0700][1251][debug][gc,remset   ] GC(432) Coarsening (recent): Inline->AoC 1113065 (220) AoC->Howl 1642 (539) Howl->Full 0 (0) Inline->AoC 6834 (164) AoC->BitMap 1269 (377) BitMap->Full 0 (0)
[2025-10-15T15:06:21.501-0700][1251][debug][gc,remset   ] GC(432) Coarsening (all): Inline->AoC 214039416 (69161) AoC->Howl 1085704 (161162) Howl->Full 0 (0) Inline->AoC 4997937 (49022) AoC->BitMap 892491 (131675) BitMap->Full 9 (0)
[2025-10-15T15:06:21.501-0700][1251][info ][gc,heap     ] GC(432) Eden regions: 3278->0(3275)
[2025-10-15T15:06:21.501-0700][1251][info ][gc,heap     ] GC(432) Survivor regions: 178->181(432)
[2025-10-15T15:06:21.501-0700][1251][info ][gc,heap     ] GC(432) Old regions: 1411->1413
[2025-10-15T15:06:21.501-0700][1251][info ][gc,heap     ] GC(432) Humongous regions: 0->0
[2025-10-15T15:06:21.501-0700][1251][info ][gc,metaspace] GC(432) Metaspace: 304419K(309568K)->304419K(309568K) NonClass: 268661K(271360K)->268661K(271360K) Class: 35758K(38208K)->35758K(38208K)
[2025-10-15T15:06:21.502-0700][1251][info ][gc          ] GC(432) Pause Young (Mixed) (G1 Evacuation Pause) 155702M->50956M(184320M) 181.555ms
[2025-10-15T15:06:21.503-0700][1251][info ][gc,cpu      ] GC(432) User=18.08s Sys=0.31s Real=0.18s
[2025-10-15T15:06:21.504-0700][1251][info ][safepoint   ] Safepoint "G1CollectForAllocation", Time since last: 3332504034 ns, Reaching safepoint: 2919383 ns, Cleanup: 5659 ns, At safepoint: 184914288 ns, Total: 187839330 ns
[2025-10-15T15:06:27.832-0700][1251][info ][gc,start    ] GC(433) Pause Young (Concurrent Start) (G1 Evacuation Pause)
[2025-10-15T15:06:27.832-0700][1251][info ][gc,task     ] GC(433) Using 113 workers of 113 for evacuation
[2025-10-15T15:06:27.850-0700][1251][debug][gc,remset   ] GC(433) Visited cards 31500544 Total dirty 91881472 (34.28%) Total old 545587200 (5.77%)
[2025-10-15T15:06:28.011-0700][1251][info ][gc,phases   ] GC(433)   Pre Evacuate Collection Set: 1.0ms
[2025-10-15T15:06:28.011-0700][1251][info ][gc,phases   ] GC(433)   Merge Heap Roots: 17.1ms
[2025-10-15T15:06:28.011-0700][1251][info ][gc,phases   ] GC(433)   Evacuate Collection Set: 138.4ms
[2025-10-15T15:06:28.011-0700][1251][info ][gc,phases   ] GC(433)   Post Evacuate Collection Set: 22.4ms
[2025-10-15T15:06:28.011-0700][1251][info ][gc,phases   ] GC(433)   Other: 0.2ms
[2025-10-15T15:06:28.011-0700][1251][debug][gc,remset   ] GC(433) Coarsening (recent): Inline->AoC 1186675 (207) AoC->Howl 1710 (576) Howl->Full 0 (0) Inline->AoC 6979 (163) AoC->BitMap 1451 (476) BitMap->Full 0 (0)
[2025-10-15T15:06:28.011-0700][1251][debug][gc,remset   ] GC(433) Coarsening (all): Inline->AoC 215226091 (69368) AoC->Howl 1087414 (161738) Howl->Full 0 (0) Inline->AoC 5004916 (49185) AoC->BitMap 893942 (132151) BitMap->Full 9 (0)
[2025-10-15T15:06:28.011-0700][1251][info ][gc,heap     ] GC(433) Eden regions: 3275->0(3277)
[2025-10-15T15:06:28.011-0700][1251][info ][gc,heap     ] GC(433) Survivor regions: 181->179(432)
[2025-10-15T15:06:28.011-0700][1251][info ][gc,heap     ] GC(433) Old regions: 1413->1414
[2025-10-15T15:06:28.011-0700][1251][info ][gc,heap     ] GC(433) Humongous regions: 0->0
[2025-10-15T15:06:28.011-0700][1251][info ][gc,metaspace] GC(433) Metaspace: 304419K(309568K)->304419K(309568K) NonClass: 268661K(271360K)->268661K(271360K) Class: 35758K(38208K)->35758K(38208K)
[2025-10-15T15:06:28.011-0700][1251][info ][gc          ] GC(433) Pause Young (Concurrent Start) (G1 Evacuation Pause) 155756M->50943M(184320M) 179.196ms
[2025-10-15T15:06:28.012-0700][1134][info ][gc          ] GC(434) Concurrent Mark Cycle
[2025-10-15T15:06:28.012-0700][1134][info ][gc,marking  ] GC(434) Concurrent Scan Root Regions
[2025-10-15T15:06:28.013-0700][1251][info ][gc,cpu      ] GC(433) User=17.85s Sys=0.26s Real=0.18s
[2025-10-15T15:06:28.015-0700][1251][info ][safepoint   ] Safepoint "G1CollectForAllocation", Time since last: 6326235796 ns, Reaching safepoint: 1061892 ns, Cleanup: 5228 ns, At safepoint: 183578793 ns, Total: 184645913 ns
[2025-10-15T15:06:28.093-0700][1134][info ][gc,marking  ] GC(434) Concurrent Scan Root Regions 80.849ms
[2025-10-15T15:06:28.093-0700][1134][info ][gc,marking  ] GC(434) Concurrent Mark
[2025-10-15T15:06:28.093-0700][1134][info ][gc,marking  ] GC(434) Concurrent Mark From Roots
[2025-10-15T15:06:28.093-0700][1134][info ][gc,task     ] GC(434) Using 36 workers of 36 for marking
[2025-10-15T15:06:29.016-0700][1251][info ][safepoint   ] Safepoint "Cleanup", Time since last: 1000092485 ns, Reaching safepoint: 904264 ns, Cleanup: 50206 ns, At safepoint: 235315 ns, Total: 1189785 ns
[2025-10-15T15:06:29.272-0700][1134][info ][gc,marking  ] GC(434) Concurrent Mark From Roots 1179.181ms
[2025-10-15T15:06:29.272-0700][1134][info ][gc,marking  ] GC(434) Concurrent Preclean
[2025-10-15T15:06:29.340-0700][1134][info ][gc,marking  ] GC(434) Concurrent Preclean 67.875ms
[2025-10-15T15:06:29.351-0700][1251][info ][gc,start    ] GC(434) Pause Remark
[2025-10-15T15:06:29.404-0700][1251][info ][gc          ] GC(434) Pause Remark 71935M->71903M(184320M) 52.960ms
[2025-10-15T15:06:29.405-0700][1251][info ][gc,cpu      ] GC(434) User=1.69s Sys=0.10s Real=0.05s
[2025-10-15T15:06:29.406-0700][1251][info ][safepoint   ] Safepoint "G1PauseRemark", Time since last: 323908472 ns, Reaching safepoint: 10107396 ns, Cleanup: 24177 ns, At safepoint: 56275383 ns, Total: 66406956 ns
[2025-10-15T15:06:29.413-0700][1134][info ][gc,marking  ] GC(434) Concurrent Mark 1320.664ms
[2025-10-15T15:06:29.413-0700][1134][info ][gc,marking  ] GC(434) Concurrent Rebuild Remembered Sets and Scrub Regions
[2025-10-15T15:06:30.413-0700][1251][info ][safepoint   ] Safepoint "Cleanup", Time since last: 1004106079 ns, Reaching safepoint: 2064795 ns, Cleanup: 12338 ns, At safepoint: 340744 ns, Total: 2417877 ns
[2025-10-15T15:06:31.061-0700][1134][info ][gc,marking  ] GC(434) Concurrent Rebuild Remembered Sets and Scrub Regions 1647.874ms
[2025-10-15T15:06:31.063-0700][1251][info ][gc,start    ] GC(434) Pause Cleanup
[2025-10-15T15:06:31.067-0700][1251][info ][gc          ] GC(434) Pause Cleanup 100094M->100094M(184320M) 3.406ms
[2025-10-15T15:06:31.068-0700][1251][info ][gc,cpu      ] GC(434) User=0.01s Sys=0.00s Real=0.00s
[2025-10-15T15:06:31.068-0700][1251][info ][safepoint   ] Safepoint "G1PauseCleanup", Time since last: 648530161 ns, Reaching safepoint: 854789 ns, Cleanup: 19700 ns, At safepoint: 6240202 ns, Total: 7114691 ns
[2025-10-15T15:06:31.068-0700][1134][info ][gc,marking  ] GC(434) Concurrent Clear Claimed Marks
[2025-10-15T15:06:31.069-0700][1134][info ][gc,marking  ] GC(434) Concurrent Clear Claimed Marks 0.715ms
[2025-10-15T15:06:31.069-0700][1134][info ][gc,marking  ] GC(434) Concurrent Cleanup for Next Mark
[2025-10-15T15:06:31.098-0700][1134][info ][gc,marking  ] GC(434) Concurrent Cleanup for Next Mark 28.799ms
[2025-10-15T15:06:31.098-0700][1134][info ][gc          ] GC(434) Concurrent Mark Cycle 3086.397ms
[2025-10-15T15:06:32.070-0700][1251][info ][safepoint   ] Safepoint "Cleanup", Time since last: 1000083011 ns, Reaching safepoint: 850002 ns, Cleanup: 18068 ns, At safepoint: 482447 ns, Total: 1350517 ns
[2025-10-15T15:06:33.072-0700][1251][info ][safepoint   ] Safepoint "Cleanup", Time since last: 1000170423 ns, Reaching safepoint: 1044916 ns, Cleanup: 22464 ns, At safepoint: 1160921 ns, Total: 2228301 ns
[2025-10-15T15:06:34.074-0700][1251][info ][safepoint   ] Safepoint "Cleanup", Time since last: 1000173076 ns, Reaching safepoint: 1014370 ns, Cleanup: 87342 ns, At safepoint: 773907 ns, Total: 1875619 ns
[2025-10-15T15:06:34.406-0700][1251][info ][gc,start    ] GC(435) Pause Young (Prepare Mixed) (G1 Evacuation Pause)
[2025-10-15T15:06:34.406-0700][1251][info ][gc,task     ] GC(435) Using 113 workers of 113 for evacuation
[2025-10-15T15:06:34.425-0700][1251][debug][gc,remset   ] GC(435) Visited cards 31822336 Total dirty 92078080 (34.56%) Total old 545652736 (5.83%)
[2025-10-15T15:06:34.595-0700][1251][info ][gc,phases   ] GC(435)   Pre Evacuate Collection Set: 0.7ms
[2025-10-15T15:06:34.595-0700][1251][info ][gc,phases   ] GC(435)   Merge Heap Roots: 18.1ms
[2025-10-15T15:06:34.595-0700][1251][info ][gc,phases   ] GC(435)   Evacuate Collection Set: 142.7ms
[2025-10-15T15:06:34.595-0700][1251][info ][gc,phases   ] GC(435)   Post Evacuate Collection Set: 27.2ms
[2025-10-15T15:06:34.595-0700][1251][info ][gc,phases   ] GC(435)   Other: 0.2ms
[2025-10-15T15:06:34.595-0700][1251][debug][gc,remset   ] GC(435) Coarsening (recent): Inline->AoC 1774880 (236) AoC->Howl 49562 (479) Howl->Full 0 (0) Inline->AoC 259293 (160) AoC->BitMap 38642 (455) BitMap->Full 0 (0)
[2025-10-15T15:06:34.595-0700][1251][debug][gc,remset   ] GC(435) Coarsening (all): Inline->AoC 217000971 (69604) AoC->Howl 1136976 (162217) Howl->Full 0 (0) Inline->AoC 5264209 (49345) AoC->BitMap 932584 (132606) BitMap->Full 9 (0)
[2025-10-15T15:06:34.595-0700][1251][info ][gc,heap     ] GC(435) Eden regions: 3277->0(2561)
[2025-10-15T15:06:34.595-0700][1251][info ][gc,heap     ] GC(435) Survivor regions: 179->190(432)
[2025-10-15T15:06:34.595-0700][1251][info ][gc,heap     ] GC(435) Old regions: 1413->1417
[2025-10-15T15:06:34.595-0700][1251][info ][gc,heap     ] GC(435) Humongous regions: 1->0
[2025-10-15T15:06:34.595-0700][1251][info ][gc,metaspace] GC(435) Metaspace: 304485K(309568K)->304485K(309568K) NonClass: 268722K(271360K)->268722K(271360K) Class: 35763K(38208K)->35763K(38208K)
[2025-10-15T15:06:34.595-0700][1251][info ][gc          ] GC(435) Pause Young (Prepare Mixed) (G1 Evacuation Pause) 155807M->51394M(184320M) 188.959ms
[2025-10-15T15:06:34.596-0700][1251][info ][gc,cpu      ] GC(435) User=19.57s Sys=0.44s Real=0.19s
[2025-10-15T15:06:34.597-0700][1251][info ][safepoint   ] Safepoint "G1CollectForAllocation", Time since last: 329659788 ns, Reaching safepoint: 797092 ns, Cleanup: 3816 ns, At safepoint: 192291096 ns, Total: 193092004 ns
[2025-10-15T15:06:40.767-0700][1251][info ][gc,start    ] GC(436) Pause Young (Mixed) (G1 Evacuation Pause)
[2025-10-15T15:06:40.767-0700][1251][info ][gc,task     ] GC(436) Using 113 workers of 113 for evacuation
[2025-10-15T15:06:40.786-0700][1251][debug][gc,remset   ] GC(436) Visited cards 39047168 Total dirty 88997888 (43.87%) Total old 518782976 (7.53%)
[2025-10-15T15:06:40.975-0700][1251][info ][gc,mmu      ] GC(436) MMU target violated: 201.0ms (200.0ms/201.0ms)
[2025-10-15T15:06:40.975-0700][1251][info ][gc,phases   ] GC(436)   Pre Evacuate Collection Set: 0.9ms
[2025-10-15T15:06:40.975-0700][1251][info ][gc,phases   ] GC(436)   Merge Heap Roots: 18.3ms
[2025-10-15T15:06:40.975-0700][1251][info ][gc,phases   ] GC(436)   Evacuate Collection Set: 160.3ms
[2025-10-15T15:06:40.975-0700][1251][info ][gc,phases   ] GC(436)   Post Evacuate Collection Set: 28.2ms
[2025-10-15T15:06:40.975-0700][1251][info ][gc,phases   ] GC(436)   Other: 0.3ms
[2025-10-15T15:06:40.975-0700][1251][debug][gc,remset   ] GC(436) Coarsening (recent): Inline->AoC 1056227 (250) AoC->Howl 1632 (553) Howl->Full 0 (0) Inline->AoC 6554 (174) AoC->BitMap 1396 (533) BitMap->Full 0 (0)
[2025-10-15T15:06:40.975-0700][1251][debug][gc,remset   ] GC(436) Coarsening (all): Inline->AoC 218057198 (69854) AoC->Howl 1138608 (162770) Howl->Full 0 (0) Inline->AoC 5270763 (49519) AoC->BitMap 933980 (133139) BitMap->Full 9 (0)
[2025-10-15T15:06:40.975-0700][1251][info ][gc,heap     ] GC(436) Eden regions: 3032->0(2008)
[2025-10-15T15:06:40.975-0700][1251][info ][gc,heap     ] GC(436) Survivor regions: 190->180(403)
[2025-10-15T15:06:40.975-0700][1251][info ][gc,heap     ] GC(436) Old regions: 1417->1376
[2025-10-15T15:06:40.975-0700][1251][info ][gc,heap     ] GC(436) Humongous regions: 0->0
[2025-10-15T15:06:40.975-0700][1251][info ][gc,metaspace] GC(436) Metaspace: 304502K(309568K)->304502K(309568K) NonClass: 268738K(271360K)->268738K(271360K) Class: 35763K(38208K)->35763K(38208K)
[2025-10-15T15:06:40.975-0700][1251][info ][gc          ] GC(436) Pause Young (Mixed) (G1 Evacuation Pause) 148418M->49746M(184320M) 208.007ms
[2025-10-15T15:06:40.976-0700][1251][info ][gc,cpu      ] GC(436) User=19.73s Sys=0.33s Real=0.21s
[2025-10-15T15:06:40.977-0700][1251][info ][safepoint   ] Safepoint "G1CollectForAllocation", Time since last: 6166264268 ns, Reaching safepoint: 2327771 ns, Cleanup: 5419 ns, At safepoint: 211363598 ns, Total: 213696788 ns
[2025-10-15T15:06:41.978-0700][1251][info ][safepoint   ] Safepoint "Cleanup", Time since last: 1000081681 ns, Reaching safepoint: 825244 ns, Cleanup: 10076 ns, At safepoint: 227363 ns, Total: 1062683 ns
[2025-10-15T15:06:42.979-0700][1251][info ][safepoint   ] Safepoint "Cleanup", Time since last: 1000077464 ns, Reaching safepoint: 785465 ns, Cleanup: 10716 ns, At safepoint: 206552 ns, Total: 1002733 ns
[2025-10-15T15:06:45.981-0700][1251][info ][safepoint   ] Safepoint "Cleanup", Time since last: 3000202187 ns, Reaching safepoint: 819346 ns, Cleanup: 24316 ns, At safepoint: 429538 ns, Total: 1273200 ns
[2025-10-15T15:06:46.224-0700][1251][info ][gc,start    ] GC(437) Pause Young (Mixed) (G1 Evacuation Pause)
[2025-10-15T15:06:46.224-0700][1251][info ][gc,task     ] GC(437) Using 113 workers of 113 for evacuation
[2025-10-15T15:06:46.244-0700][1251][debug][gc,remset   ] GC(437) Visited cards 40896768 Total dirty 86179840 (47.46%) Total old 471400448 (8.68%)
[2025-10-15T15:06:46.446-0700][1251][info ][gc,mmu      ] GC(437) MMU target violated: 201.0ms (200.0ms/201.0ms)
[2025-10-15T15:06:46.446-0700][1251][info ][gc,phases   ] GC(437)   Pre Evacuate Collection Set: 0.8ms
[2025-10-15T15:06:46.446-0700][1251][info ][gc,phases   ] GC(437)   Merge Heap Roots: 18.2ms
[2025-10-15T15:06:46.446-0700][1251][info ][gc,phases   ] GC(437)   Evacuate Collection Set: 173.5ms
[2025-10-15T15:06:46.446-0700][1251][info ][gc,phases   ] GC(437)   Post Evacuate Collection Set: 28.3ms
[2025-10-15T15:06:46.446-0700][1251][info ][gc,phases   ] GC(437)   Other: 0.2ms
[2025-10-15T15:06:46.446-0700][1251][debug][gc,remset   ] GC(437) Coarsening (recent): Inline->AoC 891161 (282) AoC->Howl 1699 (533) Howl->Full 0 (0) Inline->AoC 7112 (193) AoC->BitMap 1436 (494) BitMap->Full 0 (0)
[2025-10-15T15:06:46.446-0700][1251][debug][gc,remset   ] GC(437) Coarsening (all): Inline->AoC 218948359 (70136) AoC->Howl 1140307 (163303) Howl->Full 0 (0) Inline->AoC 5277875 (49712) AoC->BitMap 935416 (133633) BitMap->Full 9 (0)
[2025-10-15T15:06:46.446-0700][1251][info ][gc,heap     ] GC(437) Eden regions: 2701->0(1472)
[2025-10-15T15:06:46.446-0700][1251][info ][gc,heap     ] GC(437) Survivor regions: 180->183(361)
[2025-10-15T15:06:46.446-0700][1251][info ][gc,heap     ] GC(437) Old regions: 1376->1344
[2025-10-15T15:06:46.446-0700][1251][info ][gc,heap     ] GC(437) Humongous regions: 0->0
[2025-10-15T15:06:46.446-0700][1251][info ][gc,metaspace] GC(437) Metaspace: 304502K(309568K)->304502K(309568K) NonClass: 268738K(271360K)->268738K(271360K) Class: 35763K(38208K)->35763K(38208K)
[2025-10-15T15:06:46.446-0700][1251][info ][gc          ] GC(437) Pause Young (Mixed) (G1 Evacuation Pause) 136178M->48838M(184320M) 221.336ms
[2025-10-15T15:06:46.447-0700][1251][info ][gc,cpu      ] GC(437) User=21.09s Sys=0.24s Real=0.22s
[2025-10-15T15:06:46.448-0700][1251][info ][safepoint   ] Safepoint "G1CollectForAllocation", Time since last: 238214816 ns, Reaching safepoint: 4372036 ns, Cleanup: 5308 ns, At safepoint: 224643682 ns, Total: 229021026 ns
[2025-10-15T15:06:47.449-0700][1251][info ][safepoint   ] Safepoint "Cleanup", Time since last: 1000087630 ns, Reaching safepoint: 806817 ns, Cleanup: 11697 ns, At safepoint: 186452 ns, Total: 1004966 ns
[2025-10-15T15:06:48.451-0700][1251][info ][safepoint   ] Safepoint "Cleanup", Time since last: 1000113368 ns, Reaching safepoint: 1069884 ns, Cleanup: 51588 ns, At safepoint: 510129 ns, Total: 1631601 ns
[2025-10-15T15:06:49.452-0700][1251][info ][safepoint   ] Safepoint "Cleanup", Time since last: 1000108231 ns, Reaching safepoint: 798264 ns, Cleanup: 10576 ns, At safepoint: 334535 ns, Total: 1143375 ns
[2025-10-15T15:06:50.454-0700][1251][info ][safepoint   ] Safepoint "Cleanup", Time since last: 1000072417 ns, Reaching safepoint: 883723 ns, Cleanup: 9664 ns, At safepoint: 692135 ns, Total: 1585522 ns
[2025-10-15T15:06:51.194-0700][1251][info ][gc,start    ] GC(438) Pause Young (Mixed) (G1 Evacuation Pause)
[2025-10-15T15:06:51.194-0700][1251][info ][gc,task     ] GC(438) Using 113 workers of 113 for evacuation
[2025-10-15T15:06:51.210-0700][1251][debug][gc,remset   ] GC(438) Visited cards 41624832 Total dirty 84017152 (49.54%) Total old 441253888 (9.43%)
[2025-10-15T15:06:51.391-0700][1251][info ][gc,phases   ] GC(438)   Pre Evacuate Collection Set: 0.8ms
[2025-10-15T15:06:51.391-0700][1251][info ][gc,phases   ] GC(438)   Merge Heap Roots: 14.6ms
[2025-10-15T15:06:51.391-0700][1251][info ][gc,phases   ] GC(438)   Evacuate Collection Set: 158.2ms
[2025-10-15T15:06:51.392-0700][1251][info ][gc,phases   ] GC(438)   Post Evacuate Collection Set: 23.5ms
[2025-10-15T15:06:51.392-0700][1251][info ][gc,phases   ] GC(438)   Other: 0.2ms
[2025-10-15T15:06:51.392-0700][1251][debug][gc,remset   ] GC(438) Coarsening (recent): Inline->AoC 756283 (274) AoC->Howl 1894 (600) Howl->Full 0 (0) Inline->AoC 7576 (192) AoC->BitMap 1530 (526) BitMap->Full 0 (0)
[2025-10-15T15:06:51.392-0700][1251][debug][gc,remset   ] GC(438) Coarsening (all): Inline->AoC 219704642 (70410) AoC->Howl 1142201 (163903) Howl->Full 0 (0) Inline->AoC 5285451 (49904) AoC->BitMap 936946 (134159) BitMap->Full 9 (0)
[2025-10-15T15:06:51.392-0700][1251][info ][gc,heap     ] GC(438) Eden regions: 2484->0(1079)
[2025-10-15T15:06:51.392-0700][1251][info ][gc,heap     ] GC(438) Survivor regions: 183->182(334)
[2025-10-15T15:06:51.392-0700][1251][info ][gc,heap     ] GC(438) Old regions: 1344->1316
[2025-10-15T15:06:51.392-0700][1251][info ][gc,heap     ] GC(438) Humongous regions: 0->0
[2025-10-15T15:06:51.392-0700][1251][info ][gc,metaspace] GC(438) Metaspace: 304502K(309568K)->304502K(309568K) NonClass: 268738K(271360K)->268738K(271360K) Class: 35763K(38208K)->35763K(38208K)
[2025-10-15T15:06:51.392-0700][1251][info ][gc          ] GC(438) Pause Young (Mixed) (G1 Evacuation Pause) 128326M->47917M(184320M) 197.391ms
[2025-10-15T15:06:51.393-0700][1251][info ][gc,cpu      ] GC(438) User=19.64s Sys=0.20s Real=0.20s
[2025-10-15T15:06:51.394-0700][1251][info ][safepoint   ] Safepoint "G1CollectForAllocation", Time since last: 735163350 ns, Reaching safepoint: 4178584 ns, Cleanup: 5829 ns, At safepoint: 200793012 ns, Total: 204977425 ns
[2025-10-15T15:06:55.661-0700][1251][info ][gc,start    ] GC(439) Pause Young (Mixed) (G1 Evacuation Pause)
[2025-10-15T15:06:55.661-0700][1251][info ][gc,task     ] GC(439) Using 113 workers of 113 for evacuation
[2025-10-15T15:06:55.678-0700][1251][debug][gc,remset   ] GC(439) Visited cards 42268928 Total dirty 82378752 (51.31%) Total old 416612352 (10.15%)
[2025-10-15T15:06:55.865-0700][1251][info ][gc,mmu      ] GC(439) MMU target violated: 201.0ms (200.0ms/201.0ms)
[2025-10-15T15:06:55.865-0700][1251][info ][gc,phases   ] GC(439)   Pre Evacuate Collection Set: 0.7ms
[2025-10-15T15:06:55.865-0700][1251][info ][gc,phases   ] GC(439)   Merge Heap Roots: 15.5ms
[2025-10-15T15:06:55.865-0700][1251][info ][gc,phases   ] GC(439)   Evacuate Collection Set: 164.0ms
[2025-10-15T15:06:55.865-0700][1251][info ][gc,phases   ] GC(439)   Post Evacuate Collection Set: 23.1ms
[2025-10-15T15:06:55.865-0700][1251][info ][gc,phases   ] GC(439)   Other: 0.2ms
[2025-10-15T15:06:55.865-0700][1251][debug][gc,remset   ] GC(439) Coarsening (recent): Inline->AoC 631569 (275) AoC->Howl 1792 (511) Howl->Full 0 (0) Inline->AoC 7456 (183) AoC->BitMap 1437 (422) BitMap->Full 0 (0)
[2025-10-15T15:06:55.865-0700][1251][debug][gc,remset   ] GC(439) Coarsening (all): Inline->AoC 220336211 (70685) AoC->Howl 1143993 (164414) Howl->Full 0 (0) Inline->AoC 5292907 (50087) AoC->BitMap 938383 (134581) BitMap->Full 9 (0)
[2025-10-15T15:06:55.865-0700][1251][info ][gc,heap     ] GC(439) Eden regions: 2311->0(910)
[2025-10-15T15:06:55.865-0700][1251][info ][gc,heap     ] GC(439) Survivor regions: 182->173(312)
[2025-10-15T15:06:55.865-0700][1251][info ][gc,heap     ] GC(439) Old regions: 1316->1300
[2025-10-15T15:06:55.865-0700][1251][info ][gc,heap     ] GC(439) Humongous regions: 0->0
[2025-10-15T15:06:55.865-0700][1251][info ][gc,metaspace] GC(439) Metaspace: 304502K(309568K)->304502K(309568K) NonClass: 268738K(271360K)->268738K(271360K) Class: 35763K(38208K)->35763K(38208K)
[2025-10-15T15:06:55.865-0700][1251][info ][gc          ] GC(439) Pause Young (Mixed) (G1 Evacuation Pause) 121869M->47112M(184320M) 203.772ms
[2025-10-15T15:06:55.866-0700][1251][info ][gc,cpu      ] GC(439) User=20.08s Sys=0.39s Real=0.20s
[2025-10-15T15:06:55.867-0700][1251][info ][safepoint   ] Safepoint "G1CollectForAllocation", Time since last: 4264656474 ns, Reaching safepoint: 1658973 ns, Cleanup: 5178 ns, At safepoint: 207135400 ns, Total: 208799551 ns
[2025-10-15T15:07:00.162-0700][1251][info ][gc,start    ] GC(440) Pause Young (Mixed) (G1 Evacuation Pause)
[2025-10-15T15:07:00.162-0700][1251][info ][gc,task     ] GC(440) Using 113 workers of 113 for evacuation
[2025-10-15T15:07:00.178-0700][1251][debug][gc,remset   ] GC(440) Visited cards 42011904 Total dirty 81133568 (51.78%) Total old 393019392 (10.69%)
[2025-10-15T15:07:00.368-0700][1251][info ][gc,mmu      ] GC(440) MMU target violated: 201.0ms (200.0ms/201.0ms)
[2025-10-15T15:07:00.368-0700][1251][info ][gc,phases   ] GC(440)   Pre Evacuate Collection Set: 0.8ms
[2025-10-15T15:07:00.368-0700][1251][info ][gc,phases   ] GC(440)   Merge Heap Roots: 15.3ms
[2025-10-15T15:07:00.368-0700][1251][info ][gc,phases   ] GC(440)   Evacuate Collection Set: 164.9ms
[2025-10-15T15:07:00.368-0700][1251][info ][gc,phases   ] GC(440)   Post Evacuate Collection Set: 24.6ms
[2025-10-15T15:07:00.368-0700][1251][info ][gc,phases   ] GC(440)   Other: 0.5ms
[2025-10-15T15:07:00.368-0700][1251][debug][gc,remset   ] GC(440) Coarsening (recent): Inline->AoC 688239 (291) AoC->Howl 1805 (534) Howl->Full 0 (0) Inline->AoC 6904 (173) AoC->BitMap 1125 (325) BitMap->Full 0 (0)
[2025-10-15T15:07:00.368-0700][1251][debug][gc,remset   ] GC(440) Coarsening (all): Inline->AoC 221024450 (70976) AoC->Howl 1145798 (164948) Howl->Full 0 (0) Inline->AoC 5299811 (50260) AoC->BitMap 939508 (134906) BitMap->Full 9 (0)
[2025-10-15T15:07:00.368-0700][1251][info ][gc,heap     ] GC(440) Eden regions: 2148->0(1172)
[2025-10-15T15:07:00.368-0700][1251][info ][gc,heap     ] GC(440) Survivor regions: 173->155(291)
[2025-10-15T15:07:00.368-0700][1251][info ][gc,heap     ] GC(440) Old regions: 1300->1295
[2025-10-15T15:07:00.368-0700][1251][info ][gc,heap     ] GC(440) Humongous regions: 0->0
[2025-10-15T15:07:00.368-0700][1251][info ][gc,metaspace] GC(440) Metaspace: 304502K(309568K)->304502K(309568K) NonClass: 268738K(271360K)->268738K(271360K) Class: 35763K(38208K)->35763K(38208K)
[2025-10-15T15:07:00.368-0700][1251][info ][gc          ] GC(440) Pause Young (Mixed) (G1 Evacuation Pause) 115848M->46379M(184320M) 206.222ms
[2025-10-15T15:07:00.369-0700][1251][info ][gc,cpu      ] GC(440) User=19.96s Sys=0.21s Real=0.21s
[2025-10-15T15:07:00.370-0700][1251][info ][safepoint   ] Safepoint "G1CollectForAllocation", Time since last: 4291070442 ns, Reaching safepoint: 2218587 ns, Cleanup: 5508 ns, At safepoint: 209464424 ns, Total: 211688519 ns
[2025-10-15T15:07:04.740-0700][1251][info ][gc,start    ] GC(441) Pause Young (Mixed) (G1 Evacuation Pause)
[2025-10-15T15:07:04.740-0700][1251][info ][gc,task     ] GC(441) Using 113 workers of 113 for evacuation
[2025-10-15T15:07:04.757-0700][1251][debug][gc,remset   ] GC(441) Visited cards 43016192 Total dirty 80805888 (53.23%) Total old 395182080 (10.89%)
[2025-10-15T15:07:04.935-0700][1251][info ][gc,phases   ] GC(441)   Pre Evacuate Collection Set: 0.7ms
[2025-10-15T15:07:04.935-0700][1251][info ][gc,phases   ] GC(441)   Merge Heap Roots: 15.8ms
[2025-10-15T15:07:04.935-0700][1251][info ][gc,phases   ] GC(441)   Evacuate Collection Set: 154.6ms
[2025-10-15T15:07:04.935-0700][1251][info ][gc,phases   ] GC(441)   Post Evacuate Collection Set: 23.1ms
[2025-10-15T15:07:04.935-0700][1251][info ][gc,phases   ] GC(441)   Other: 0.2ms
[2025-10-15T15:07:04.935-0700][1251][debug][gc,remset   ] GC(441) Coarsening (recent): Inline->AoC 688957 (205) AoC->Howl 1551 (428) Howl->Full 0 (0) Inline->AoC 6277 (153) AoC->BitMap 1086 (297) BitMap->Full 0 (0)
[2025-10-15T15:07:04.935-0700][1251][debug][gc,remset   ] GC(441) Coarsening (all): Inline->AoC 221713407 (71181) AoC->Howl 1147349 (165376) Howl->Full 0 (0) Inline->AoC 5306088 (50413) AoC->BitMap 940594 (135203) BitMap->Full 9 (0)
[2025-10-15T15:07:04.935-0700][1251][info ][gc,heap     ] GC(441) Eden regions: 2185->0(1359)
[2025-10-15T15:07:04.935-0700][1251][info ][gc,heap     ] GC(441) Survivor regions: 155->157(293)
[2025-10-15T15:07:04.935-0700][1251][info ][gc,heap     ] GC(441) Old regions: 1295->1272
[2025-10-15T15:07:04.935-0700][1251][info ][gc,heap     ] GC(441) Humongous regions: 0->0
[2025-10-15T15:07:04.935-0700][1251][info ][gc,metaspace] GC(441) Metaspace: 304503K(309568K)->304503K(309568K) NonClass: 268740K(271360K)->268740K(271360K) Class: 35763K(38208K)->35763K(38208K)
[2025-10-15T15:07:04.935-0700][1251][info ][gc          ] GC(441) Pause Young (Mixed) (G1 Evacuation Pause) 116299M->45696M(184320M) 194.620ms
[2025-10-15T15:07:04.936-0700][1251][info ][gc,cpu      ] GC(441) User=19.30s Sys=0.11s Real=0.19s
[2025-10-15T15:07:04.937-0700][1251][info ][safepoint   ] Safepoint "G1CollectForAllocation", Time since last: 4367670279 ns, Reaching safepoint: 1245939 ns, Cleanup: 4908 ns, At safepoint: 198109513 ns, Total: 199360360 ns
[2025-10-15T15:07:05.938-0700][1251][info ][safepoint   ] Safepoint "Cleanup", Time since last: 1000056290 ns, Reaching safepoint: 773126 ns, Cleanup: 11457 ns, At safepoint: 125159 ns, Total: 909742 ns
[2025-10-15T15:07:09.404-0700][1251][info ][gc,start    ] GC(442) Pause Young (Mixed) (G1 Evacuation Pause)
[2025-10-15T15:07:09.404-0700][1251][info ][gc,task     ] GC(442) Using 113 workers of 113 for evacuation
[2025-10-15T15:07:09.421-0700][1251][debug][gc,remset   ] GC(442) Visited cards 41736448 Total dirty 79233024 (52.68%) Total old 406913024 (10.26%)
[2025-10-15T15:07:09.614-0700][1251][info ][gc,mmu      ] GC(442) MMU target violated: 201.0ms (200.0ms/201.0ms)
[2025-10-15T15:07:09.614-0700][1251][info ][gc,phases   ] GC(442)   Pre Evacuate Collection Set: 0.8ms
[2025-10-15T15:07:09.614-0700][1251][info ][gc,phases   ] GC(442)   Merge Heap Roots: 16.3ms
[2025-10-15T15:07:09.614-0700][1251][info ][gc,phases   ] GC(442)   Evacuate Collection Set: 171.4ms
[2025-10-15T15:07:09.614-0700][1251][info ][gc,phases   ] GC(442)   Post Evacuate Collection Set: 21.6ms
[2025-10-15T15:07:09.614-0700][1251][info ][gc,phases   ] GC(442)   Other: 0.2ms
[2025-10-15T15:07:09.614-0700][1251][debug][gc,remset   ] GC(442) Coarsening (recent): Inline->AoC 675191 (225) AoC->Howl 1417 (355) Howl->Full 0 (0) Inline->AoC 6280 (92) AoC->BitMap 933 (245) BitMap->Full 0 (0)
[2025-10-15T15:07:09.614-0700][1251][debug][gc,remset   ] GC(442) Coarsening (all): Inline->AoC 222388598 (71406) AoC->Howl 1148766 (165731) Howl->Full 0 (0) Inline->AoC 5312368 (50505) AoC->BitMap 941527 (135448) BitMap->Full 9 (0)
[2025-10-15T15:07:09.614-0700][1251][info ][gc,heap     ] GC(442) Eden regions: 2284->0(1680)
[2025-10-15T15:07:09.614-0700][1251][info ][gc,heap     ] GC(442) Survivor regions: 157->156(306)
[2025-10-15T15:07:09.614-0700][1251][info ][gc,heap     ] GC(442) Old regions: 1272->1250
[2025-10-15T15:07:09.614-0700][1251][info ][gc,heap     ] GC(442) Humongous regions: 0->0
[2025-10-15T15:07:09.615-0700][1251][info ][gc,metaspace] GC(442) Metaspace: 304504K(309568K)->304504K(309568K) NonClass: 268740K(271360K)->268740K(271360K) Class: 35763K(38208K)->35763K(38208K)
[2025-10-15T15:07:09.615-0700][1251][info ][gc          ] GC(442) Pause Young (Mixed) (G1 Evacuation Pause) 118784M->44977M(184320M) 210.511ms
[2025-10-15T15:07:09.616-0700][1251][info ][gc,cpu      ] GC(442) User=19.03s Sys=0.26s Real=0.21s
[2025-10-15T15:07:09.617-0700][1251][info ][safepoint   ] Safepoint "G1CollectForAllocation", Time since last: 3461398116 ns, Reaching safepoint: 3440279 ns, Cleanup: 7892 ns, At safepoint: 213854556 ns, Total: 217302727 ns
[2025-10-15T15:07:12.618-0700][1251][info ][safepoint   ] Safepoint "Cleanup", Time since last: 3000202694 ns, Reaching safepoint: 854258 ns, Cleanup: 39870 ns, At safepoint: 229516 ns, Total: 1123644 ns
[2025-10-15T15:07:13.619-0700][1251][info ][safepoint   ] Safepoint "Cleanup", Time since last: 1000099460 ns, Reaching safepoint: 893778 ns, Cleanup: 10255 ns, At safepoint: 384841 ns, Total: 1288874 ns
[2025-10-15T15:07:14.221-0700][1251][info ][gc,start    ] GC(443) Pause Young (Mixed) (G1 Evacuation Pause)
[2025-10-15T15:07:14.221-0700][1251][info ][gc,task     ] GC(443) Using 113 workers of 113 for evacuation
[2025-10-15T15:07:14.240-0700][1251][debug][gc,remset   ] GC(443) Visited cards 42151424 Total dirty 78577664 (53.64%) Total old 416874496 (10.11%)
[2025-10-15T15:07:14.425-0700][1251][info ][gc,mmu      ] GC(443) MMU target violated: 201.0ms (200.0ms/201.0ms)
[2025-10-15T15:07:14.425-0700][1251][info ][gc,phases   ] GC(443)   Pre Evacuate Collection Set: 0.8ms
[2025-10-15T15:07:14.425-0700][1251][info ][gc,phases   ] GC(443)   Merge Heap Roots: 17.5ms
[2025-10-15T15:07:14.425-0700][1251][info ][gc,phases   ] GC(443)   Evacuate Collection Set: 165.4ms
[2025-10-15T15:07:14.425-0700][1251][info ][gc,phases   ] GC(443)   Post Evacuate Collection Set: 19.7ms
[2025-10-15T15:07:14.425-0700][1251][info ][gc,phases   ] GC(443)   Other: 0.2ms
[2025-10-15T15:07:14.425-0700][1251][debug][gc,remset   ] GC(443) Coarsening (recent): Inline->AoC 674220 (228) AoC->Howl 1442 (392) Howl->Full 0 (0) Inline->AoC 6268 (115) AoC->BitMap 1079 (322) BitMap->Full 0 (0)
[2025-10-15T15:07:14.425-0700][1251][debug][gc,remset   ] GC(443) Coarsening (all): Inline->AoC 223062818 (71634) AoC->Howl 1150208 (166123) Howl->Full 0 (0) Inline->AoC 5318636 (50620) AoC->BitMap 942606 (135770) BitMap->Full 9 (0)
[2025-10-15T15:07:14.425-0700][1251][info ][gc,heap     ] GC(443) Eden regions: 2375->0(3298)
[2025-10-15T15:07:14.425-0700][1251][info ][gc,heap     ] GC(443) Survivor regions: 156->158(317)
[2025-10-15T15:07:14.425-0700][1251][info ][gc,heap     ] GC(443) Old regions: 1250->1230
[2025-10-15T15:07:14.425-0700][1251][info ][gc,heap     ] GC(443) Humongous regions: 0->0
[2025-10-15T15:07:14.425-0700][1251][info ][gc,metaspace] GC(443) Metaspace: 304505K(309568K)->304505K(309568K) NonClass: 268741K(271360K)->268741K(271360K) Class: 35764K(38208K)->35764K(38208K)
[2025-10-15T15:07:14.425-0700][1251][info ][gc          ] GC(443) Pause Young (Mixed) (G1 Evacuation Pause) 120977M->44416M(184320M) 203.671ms
[2025-10-15T15:07:14.426-0700][1251][info ][gc,cpu      ] GC(443) User=19.09s Sys=0.13s Real=0.20s
[2025-10-15T15:07:14.427-0700][1251][info ][safepoint   ] Safepoint "G1CollectForAllocation", Time since last: 598848456 ns, Reaching safepoint: 1630510 ns, Cleanup: 14041 ns, At safepoint: 206924563 ns, Total: 208569114 ns
[2025-10-15T15:07:15.428-0700][1251][info ][safepoint   ] Safepoint "Cleanup", Time since last: 1000086660 ns, Reaching safepoint: 943423 ns, Cleanup: 15914 ns, At safepoint: 387114 ns, Total: 1346451 ns
[2025-10-15T15:07:16.430-0700][1251][info ][safepoint   ] Safepoint "Cleanup", Time since last: 1000106189 ns, Reaching safepoint: 994611 ns, Cleanup: 21001 ns, At safepoint: 538783 ns, Total: 1554395 ns
[2025-10-15T15:07:17.431-0700][1251][info ][safepoint   ] Safepoint "Cleanup", Time since last: 1000104106 ns, Reaching safepoint: 781880 ns, Cleanup: 10125 ns, At safepoint: 361946 ns, Total: 1153951 ns
[2025-10-15T15:07:18.433-0700][1251][info ][safepoint   ] Safepoint "Cleanup", Time since last: 1000109655 ns, Reaching safepoint: 848690 ns, Cleanup: 23545 ns, At safepoint: 399473 ns, Total: 1271708 ns
[2025-10-15T15:07:19.434-0700][1251][info ][safepoint   ] Safepoint "Cleanup", Time since last: 1000108643 ns, Reaching safepoint: 915181 ns, Cleanup: 10956 ns, At safepoint: 441416 ns, Total: 1367553 ns
[2025-10-15T15:07:21.014-0700][1251][info ][gc,start    ] GC(444) Pause Young (Normal) (G1 Evacuation Pause)
[2025-10-15T15:07:21.014-0700][1251][info ][gc,task     ] GC(444) Using 113 workers of 113 for evacuation
[2025-10-15T15:07:21.032-0700][1251][debug][gc,remset   ] GC(444) Visited cards 27998464 Total dirty 79953920 (35.02%) Total old 533594112 (5.25%)
[2025-10-15T15:07:21.184-0700][1251][info ][gc,phases   ] GC(444)   Pre Evacuate Collection Set: 0.7ms
[2025-10-15T15:07:21.184-0700][1251][info ][gc,phases   ] GC(444)   Merge Heap Roots: 16.9ms
[2025-10-15T15:07:21.184-0700][1251][info ][gc,phases   ] GC(444)   Evacuate Collection Set: 130.8ms
[2025-10-15T15:07:21.184-0700][1251][info ][gc,phases   ] GC(444)   Post Evacuate Collection Set: 21.0ms
[2025-10-15T15:07:21.184-0700][1251][info ][gc,phases   ] GC(444)   Other: 0.2ms
[2025-10-15T15:07:21.184-0700][1251][debug][gc,remset   ] GC(444) Coarsening (recent): Inline->AoC 1056940 (208) AoC->Howl 1384 (348) Howl->Full 0 (0) Inline->AoC 6231 (94) AoC->BitMap 1192 (329) BitMap->Full 0 (0)
[2025-10-15T15:07:21.184-0700][1251][debug][gc,remset   ] GC(444) Coarsening (all): Inline->AoC 224119758 (71842) AoC->Howl 1151592 (166471) Howl->Full 0 (0) Inline->AoC 5324867 (50714) AoC->BitMap 943798 (136099) BitMap->Full 9 (0)
[2025-10-15T15:07:21.184-0700][1251][info ][gc,heap     ] GC(444) Eden regions: 3298->0(3296)
[2025-10-15T15:07:21.184-0700][1251][info ][gc,heap     ] GC(444) Survivor regions: 158->160(432)
[2025-10-15T15:07:21.184-0700][1251][info ][gc,heap     ] GC(444) Old regions: 1230->1230
[2025-10-15T15:07:21.184-0700][1251][info ][gc,heap     ] GC(444) Humongous regions: 0->0
[2025-10-15T15:07:21.184-0700][1251][info ][gc,metaspace] GC(444) Metaspace: 304505K(309568K)->304505K(309568K) NonClass: 268741K(271360K)->268741K(271360K) Class: 35764K(38208K)->35764K(38208K)
[2025-10-15T15:07:21.184-0700][1251][info ][gc          ] GC(444) Pause Young (Normal) (G1 Evacuation Pause) 149952M->44472M(184320M) 169.843ms
[2025-10-15T15:07:21.185-0700][1251][info ][gc,cpu      ] GC(444) User=16.39s Sys=0.45s Real=0.17s
[2025-10-15T15:07:21.186-0700][1251][info ][safepoint   ] Safepoint "G1CollectForAllocation", Time since last: 1577029364 ns, Reaching safepoint: 1753355 ns, Cleanup: 6359 ns, At safepoint: 173256168 ns, Total: 175015882 ns
[2025-10-15T15:07:23.187-0700][1251][info ][safepoint   ] Safepoint "Cleanup", Time since last: 2000145819 ns, Reaching safepoint: 788689 ns, Cleanup: 29124 ns, At safepoint: 298100 ns, Total: 1115913 ns
[2025-10-15T15:07:24.189-0700][1251][info ][safepoint   ] Safepoint "Cleanup", Time since last: 1000099880 ns, Reaching safepoint: 837263 ns, Cleanup: 41012 ns, At safepoint: 351810 ns, Total: 1230085 ns
[2025-10-15T15:07:25.190-0700][1251][info ][safepoint   ] Safepoint "Cleanup", Time since last: 1000101252 ns, Reaching safepoint: 829702 ns, Cleanup: 13751 ns, At safepoint: 340754 ns, Total: 1184207 ns
[2025-10-15T15:07:26.195-0700][1251][info ][safepoint   ] Safepoint "Cleanup", Time since last: 1002090502 ns, Reaching safepoint: 1729068 ns, Cleanup: 15103 ns, At safepoint: 886618 ns, Total: 2630789 ns
[2025-10-15T15:07:26.871-0700][1251][info ][gc,start    ] GC(445) Pause Young (Normal) (G1 Evacuation Pause)
[2025-10-15T15:07:26.871-0700][1251][info ][gc,task     ] GC(445) Using 113 workers of 113 for evacuation
[2025-10-15T15:07:26.890-0700][1251][debug][gc,remset   ] GC(445) Visited cards 28539136 Total dirty 80084992 (35.64%) Total old 533856256 (5.35%)
[2025-10-15T15:07:27.061-0700][1251][info ][gc,phases   ] GC(445)   Pre Evacuate Collection Set: 0.8ms
[2025-10-15T15:07:27.061-0700][1251][info ][gc,phases   ] GC(445)   Merge Heap Roots: 18.3ms
[2025-10-15T15:07:27.061-0700][1251][info ][gc,phases   ] GC(445)   Evacuate Collection Set: 151.9ms
[2025-10-15T15:07:27.061-0700][1251][info ][gc,phases   ] GC(445)   Post Evacuate Collection Set: 18.6ms
[2025-10-15T15:07:27.061-0700][1251][info ][gc,phases   ] GC(445)   Other: 0.2ms
[2025-10-15T15:07:27.061-0700][1251][debug][gc,remset   ] GC(445) Coarsening (recent): Inline->AoC 888626 (222) AoC->Howl 1356 (361) Howl->Full 0 (0) Inline->AoC 5987 (110) AoC->BitMap 1055 (286) BitMap->Full 0 (0)
[2025-10-15T15:07:27.061-0700][1251][debug][gc,remset   ] GC(445) Coarsening (all): Inline->AoC 225008384 (72064) AoC->Howl 1152948 (166832) Howl->Full 0 (0) Inline->AoC 5330854 (50824) AoC->BitMap 944853 (136385) BitMap->Full 9 (0)
[2025-10-15T15:07:27.061-0700][1251][info ][gc,heap     ] GC(445) Eden regions: 3296->0(3276)
[2025-10-15T15:07:27.061-0700][1251][info ][gc,heap     ] GC(445) Survivor regions: 160->180(432)
[2025-10-15T15:07:27.061-0700][1251][info ][gc,heap     ] GC(445) Old regions: 1230->1230
[2025-10-15T15:07:27.061-0700][1251][info ][gc,heap     ] GC(445) Humongous regions: 4->0
[2025-10-15T15:07:27.061-0700][1251][info ][gc,metaspace] GC(445) Metaspace: 304547K(309568K)->304547K(309568K) NonClass: 268783K(271360K)->268783K(271360K) Class: 35764K(38208K)->35764K(38208K)
[2025-10-15T15:07:27.061-0700][1251][info ][gc          ] GC(445) Pause Young (Normal) (G1 Evacuation Pause) 150072M->45104M(184320M) 190.009ms
[2025-10-15T15:07:27.062-0700][1251][info ][gc,cpu      ] GC(445) User=17.72s Sys=0.60s Real=0.19s
[2025-10-15T15:07:27.063-0700][1251][info ][safepoint   ] Safepoint "G1CollectForAllocation", Time since last: 673004172 ns, Reaching safepoint: 2248662 ns, Cleanup: 25508 ns, At safepoint: 193513243 ns, Total: 195787413 ns
[2025-10-15T15:07:31.721-0700][1251][info ][gc,start    ] GC(446) Pause Young (Normal) (G1 Evacuation Pause)
[2025-10-15T15:07:31.721-0700][1251][info ][gc,task     ] GC(446) Using 113 workers of 113 for evacuation
[2025-10-15T15:07:31.738-0700][1251][debug][gc,remset   ] GC(446) Visited cards 29044736 Total dirty 80084992 (36.27%) Total old 533594112 (5.44%)
[2025-10-15T15:07:31.905-0700][1251][info ][gc,phases   ] GC(446)   Pre Evacuate Collection Set: 0.7ms
[2025-10-15T15:07:31.905-0700][1251][info ][gc,phases   ] GC(446)   Merge Heap Roots: 16.2ms
[2025-10-15T15:07:31.905-0700][1251][info ][gc,phases   ] GC(446)   Evacuate Collection Set: 146.0ms
[2025-10-15T15:07:31.905-0700][1251][info ][gc,phases   ] GC(446)   Post Evacuate Collection Set: 20.7ms
[2025-10-15T15:07:31.905-0700][1251][info ][gc,phases   ] GC(446)   Other: 0.2ms
[2025-10-15T15:07:31.905-0700][1251][debug][gc,remset   ] GC(446) Coarsening (recent): Inline->AoC 556151 (175) AoC->Howl 1300 (289) Howl->Full 0 (0) Inline->AoC 5961 (108) AoC->BitMap 897 (217) BitMap->Full 0 (0)
[2025-10-15T15:07:31.905-0700][1251][debug][gc,remset   ] GC(446) Coarsening (all): Inline->AoC 225564535 (72239) AoC->Howl 1154248 (167121) Howl->Full 0 (0) Inline->AoC 5336815 (50932) AoC->BitMap 945750 (136602) BitMap->Full 9 (0)
[2025-10-15T15:07:31.905-0700][1251][info ][gc,heap     ] GC(446) Eden regions: 3276->0(3268)
[2025-10-15T15:07:31.905-0700][1251][info ][gc,heap     ] GC(446) Survivor regions: 180->188(432)
[2025-10-15T15:07:31.905-0700][1251][info ][gc,heap     ] GC(446) Old regions: 1230->1230
[2025-10-15T15:07:31.905-0700][1251][info ][gc,heap     ] GC(446) Humongous regions: 0->0
[2025-10-15T15:07:31.905-0700][1251][info ][gc,metaspace] GC(446) Metaspace: 304549K(309568K)->304549K(309568K) NonClass: 268785K(271360K)->268785K(271360K) Class: 35764K(38208K)->35764K(38208K)
[2025-10-15T15:07:31.905-0700][1251][info ][gc          ] GC(446) Pause Young (Normal) (G1 Evacuation Pause) 149936M->45376M(184320M) 183.973ms
[2025-10-15T15:07:31.906-0700][1251][info ][gc,cpu      ] GC(446) User=17.94s Sys=0.21s Real=0.18s
[2025-10-15T15:07:31.907-0700][1251][info ][safepoint   ] Safepoint "G1CollectForAllocation", Time since last: 4650533135 ns, Reaching safepoint: 5717784 ns, Cleanup: 7402 ns, At safepoint: 187291518 ns, Total: 193016704 ns
[2025-10-15T15:07:37.673-0700][1251][info ][gc,start    ] GC(447) Pause Young (Normal) (G1 Evacuation Pause)
[2025-10-15T15:07:37.673-0700][1251][info ][gc,task     ] GC(447) Using 113 workers of 113 for evacuation
[2025-10-15T15:07:37.693-0700][1251][debug][gc,remset   ] GC(447) Visited cards 28896000 Total dirty 80019456 (36.11%) Total old 533594112 (5.42%)
[2025-10-15T15:07:37.863-0700][1251][info ][gc,phases   ] GC(447)   Pre Evacuate Collection Set: 0.8ms
[2025-10-15T15:07:37.863-0700][1251][info ][gc,phases   ] GC(447)   Merge Heap Roots: 18.8ms
[2025-10-15T15:07:37.863-0700][1251][info ][gc,phases   ] GC(447)   Evacuate Collection Set: 148.8ms
[2025-10-15T15:07:37.863-0700][1251][info ][gc,phases   ] GC(447)   Post Evacuate Collection Set: 21.3ms
[2025-10-15T15:07:37.863-0700][1251][info ][gc,phases   ] GC(447)   Other: 0.2ms
[2025-10-15T15:07:37.863-0700][1251][debug][gc,remset   ] GC(447) Coarsening (recent): Inline->AoC 969828 (255) AoC->Howl 1624 (479) Howl->Full 0 (0) Inline->AoC 6697 (171) AoC->BitMap 1211 (386) BitMap->Full 0 (0)
[2025-10-15T15:07:37.863-0700][1251][debug][gc,remset   ] GC(447) Coarsening (all): Inline->AoC 226534363 (72494) AoC->Howl 1155872 (167600) Howl->Full 0 (0) Inline->AoC 5343512 (51103) AoC->BitMap 946961 (136988) BitMap->Full 9 (0)
[2025-10-15T15:07:37.863-0700][1251][info ][gc,heap     ] GC(447) Eden regions: 3268->0(3267)
[2025-10-15T15:07:37.863-0700][1251][info ][gc,heap     ] GC(447) Survivor regions: 188->189(432)
[2025-10-15T15:07:37.863-0700][1251][info ][gc,heap     ] GC(447) Old regions: 1230->1230
[2025-10-15T15:07:37.863-0700][1251][info ][gc,heap     ] GC(447) Humongous regions: 0->0
[2025-10-15T15:07:37.863-0700][1251][info ][gc,metaspace] GC(447) Metaspace: 304549K(309568K)->304549K(309568K) NonClass: 268785K(271360K)->268785K(271360K) Class: 35764K(38208K)->35764K(38208K)
[2025-10-15T15:07:37.863-0700][1251][info ][gc          ] GC(447) Pause Young (Normal) (G1 Evacuation Pause) 149952M->45385M(184320M) 190.105ms
[2025-10-15T15:07:37.864-0700][1251][info ][gc,cpu      ] GC(447) User=18.58s Sys=0.39s Real=0.19s
[2025-10-15T15:07:37.865-0700][1251][info ][safepoint   ] Safepoint "G1CollectForAllocation", Time since last: 5760747480 ns, Reaching safepoint: 3954685 ns, Cleanup: 5479 ns, At safepoint: 193515441 ns, Total: 197475605 ns
[2025-10-15T15:07:42.866-0700][1251][info ][safepoint   ] Safepoint "Cleanup", Time since last: 5000280555 ns, Reaching safepoint: 682609 ns, Cleanup: 21262 ns, At safepoint: 237118 ns, Total: 940989 ns
[2025-10-15T15:07:44.186-0700][1251][info ][gc,start    ] GC(448) Pause Young (Normal) (G1 Evacuation Pause)
[2025-10-15T15:07:44.186-0700][1251][info ][gc,task     ] GC(448) Using 113 workers of 113 for evacuation
[2025-10-15T15:07:44.205-0700][1251][debug][gc,remset   ] GC(448) Visited cards 28908544 Total dirty 80084992 (36.10%) Total old 533594112 (5.42%)
[2025-10-15T15:07:44.372-0700][1251][info ][gc,phases   ] GC(448)   Pre Evacuate Collection Set: 0.8ms
[2025-10-15T15:07:44.372-0700][1251][info ][gc,phases   ] GC(448)   Merge Heap Roots: 17.8ms
[2025-10-15T15:07:44.372-0700][1251][info ][gc,phases   ] GC(448)   Evacuate Collection Set: 145.8ms
[2025-10-15T15:07:44.372-0700][1251][info ][gc,phases   ] GC(448)   Post Evacuate Collection Set: 21.2ms
[2025-10-15T15:07:44.372-0700][1251][info ][gc,phases   ] GC(448)   Other: 0.2ms
[2025-10-15T15:07:44.372-0700][1251][debug][gc,remset   ] GC(448) Coarsening (recent): Inline->AoC 1155408 (278) AoC->Howl 1678 (551) Howl->Full 0 (0) Inline->AoC 6633 (182) AoC->BitMap 1487 (523) BitMap->Full 0 (0)
[2025-10-15T15:07:44.372-0700][1251][debug][gc,remset   ] GC(448) Coarsening (all): Inline->AoC 227689771 (72772) AoC->Howl 1157550 (168151) Howl->Full 0 (0) Inline->AoC 5350145 (51285) AoC->BitMap 948448 (137511) BitMap->Full 9 (0)
[2025-10-15T15:07:44.372-0700][1251][info ][gc,heap     ] GC(448) Eden regions: 3267->0(3268)
[2025-10-15T15:07:44.372-0700][1251][info ][gc,heap     ] GC(448) Survivor regions: 189->188(432)
[2025-10-15T15:07:44.372-0700][1251][info ][gc,heap     ] GC(448) Old regions: 1230->1230
[2025-10-15T15:07:44.372-0700][1251][info ][gc,heap     ] GC(448) Humongous regions: 0->0
[2025-10-15T15:07:44.372-0700][1251][info ][gc,metaspace] GC(448) Metaspace: 304551K(309568K)->304551K(309568K) NonClass: 268787K(271360K)->268787K(271360K) Class: 35764K(38208K)->35764K(38208K)
[2025-10-15T15:07:44.372-0700][1251][info ][gc          ] GC(448) Pause Young (Normal) (G1 Evacuation Pause) 149929M->45373M(184320M) 186.070ms
[2025-10-15T15:07:44.373-0700][1251][info ][gc,cpu      ] GC(448) User=18.10s Sys=0.43s Real=0.19s
[2025-10-15T15:07:44.374-0700][1251][info ][safepoint   ] Safepoint "G1CollectForAllocation", Time since last: 1316737302 ns, Reaching safepoint: 1544830 ns, Cleanup: 5619 ns, At safepoint: 189656959 ns, Total: 191207408 ns
[2025-10-15T15:07:50.794-0700][1251][info ][gc,start    ] GC(449) Pause Young (Normal) (G1 Evacuation Pause)
[2025-10-15T15:07:50.794-0700][1251][info ][gc,task     ] GC(449) Using 113 workers of 113 for evacuation
[2025-10-15T15:07:50.812-0700][1251][debug][gc,remset   ] GC(449) Visited cards 28659712 Total dirty 79953920 (35.85%) Total old 533594112 (5.37%)
[2025-10-15T15:07:50.977-0700][1251][info ][gc,phases   ] GC(449)   Pre Evacuate Collection Set: 0.7ms
[2025-10-15T15:07:50.977-0700][1251][info ][gc,phases   ] GC(449)   Merge Heap Roots: 17.3ms
[2025-10-15T15:07:50.977-0700][1251][info ][gc,phases   ] GC(449)   Evacuate Collection Set: 144.1ms
[2025-10-15T15:07:50.977-0700][1251][info ][gc,phases   ] GC(449)   Post Evacuate Collection Set: 21.1ms
[2025-10-15T15:07:50.977-0700][1251][info ][gc,phases   ] GC(449)   Other: 0.2ms
[2025-10-15T15:07:50.977-0700][1251][debug][gc,remset   ] GC(449) Coarsening (recent): Inline->AoC 1168030 (239) AoC->Howl 1696 (568) Howl->Full 0 (0) Inline->AoC 6745 (169) AoC->BitMap 1409 (498) BitMap->Full 0 (0)
[2025-10-15T15:07:50.977-0700][1251][debug][gc,remset   ] GC(449) Coarsening (all): Inline->AoC 228857801 (73011) AoC->Howl 1159246 (168719) Howl->Full 0 (0) Inline->AoC 5356890 (51454) AoC->BitMap 949857 (138009) BitMap->Full 9 (0)
[2025-10-15T15:07:50.977-0700][1251][info ][gc,heap     ] GC(449) Eden regions: 3268->0(3268)
[2025-10-15T15:07:50.977-0700][1251][info ][gc,heap     ] GC(449) Survivor regions: 188->188(432)
[2025-10-15T15:07:50.977-0700][1251][info ][gc,heap     ] GC(449) Old regions: 1230->1230
[2025-10-15T15:07:50.977-0700][1251][info ][gc,heap     ] GC(449) Humongous regions: 0->0
[2025-10-15T15:07:50.977-0700][1251][info ][gc,metaspace] GC(449) Metaspace: 304551K(309568K)->304551K(309568K) NonClass: 268787K(271360K)->268787K(271360K) Class: 35764K(38208K)->35764K(38208K)
[2025-10-15T15:07:50.977-0700][1251][info ][gc          ] GC(449) Pause Young (Normal) (G1 Evacuation Pause) 149949M->45376M(184320M) 183.593ms
[2025-10-15T15:07:50.978-0700][1251][info ][gc,cpu      ] GC(449) User=18.27s Sys=0.23s Real=0.19s
[2025-10-15T15:07:50.979-0700][1251][info ][safepoint   ] Safepoint "G1CollectForAllocation", Time since last: 6416449060 ns, Reaching safepoint: 1528005 ns, Cleanup: 6090 ns, At safepoint: 186963576 ns, Total: 188497671 ns
[2025-10-15T15:07:54.981-0700][1251][info ][safepoint   ] Safepoint "Cleanup", Time since last: 4000212422 ns, Reaching safepoint: 838365 ns, Cleanup: 10375 ns, At safepoint: 311470 ns, Total: 1160210 ns
[2025-10-15T15:07:55.982-0700][1251][info ][safepoint   ] Safepoint "Cleanup", Time since last: 1000102485 ns, Reaching safepoint: 847398 ns, Cleanup: 12429 ns, At safepoint: 238540 ns, Total: 1098367 ns
[2025-10-15T15:07:57.313-0700][1251][info ][gc,start    ] GC(450) Pause Young (Normal) (G1 Evacuation Pause)
[2025-10-15T15:07:57.313-0700][1251][info ][gc,task     ] GC(450) Using 113 workers of 113 for evacuation
[2025-10-15T15:07:57.330-0700][1251][debug][gc,remset   ] GC(450) Visited cards 28797440 Total dirty 79953920 (36.02%) Total old 533594112 (5.40%)
[2025-10-15T15:07:57.498-0700][1251][info ][gc,phases   ] GC(450)   Pre Evacuate Collection Set: 0.7ms
[2025-10-15T15:07:57.498-0700][1251][info ][gc,phases   ] GC(450)   Merge Heap Roots: 16.8ms
[2025-10-15T15:07:57.498-0700][1251][info ][gc,phases   ] GC(450)   Evacuate Collection Set: 147.3ms
[2025-10-15T15:07:57.498-0700][1251][info ][gc,phases   ] GC(450)   Post Evacuate Collection Set: 20.3ms
[2025-10-15T15:07:57.498-0700][1251][info ][gc,phases   ] GC(450)   Other: 0.2ms
[2025-10-15T15:07:57.498-0700][1251][debug][gc,remset   ] GC(450) Coarsening (recent): Inline->AoC 1214480 (239) AoC->Howl 1806 (635) Howl->Full 0 (0) Inline->AoC 7052 (200) AoC->BitMap 1571 (570) BitMap->Full 0 (0)
[2025-10-15T15:07:57.498-0700][1251][debug][gc,remset   ] GC(450) Coarsening (all): Inline->AoC 230072281 (73250) AoC->Howl 1161052 (169354) Howl->Full 0 (0) Inline->AoC 5363942 (51654) AoC->BitMap 951428 (138579) BitMap->Full 9 (0)
[2025-10-15T15:07:57.498-0700][1251][info ][gc,heap     ] GC(450) Eden regions: 3268->0(3267)
[2025-10-15T15:07:57.498-0700][1251][info ][gc,heap     ] GC(450) Survivor regions: 188->189(432)
[2025-10-15T15:07:57.498-0700][1251][info ][gc,heap     ] GC(450) Old regions: 1230->1230
[2025-10-15T15:07:57.498-0700][1251][info ][gc,heap     ] GC(450) Humongous regions: 0->0
[2025-10-15T15:07:57.498-0700][1251][info ][gc,metaspace] GC(450) Metaspace: 304551K(309568K)->304551K(309568K) NonClass: 268787K(271360K)->268787K(271360K) Class: 35764K(38208K)->35764K(38208K)
[2025-10-15T15:07:57.498-0700][1251][info ][gc          ] GC(450) Pause Young (Normal) (G1 Evacuation Pause) 149952M->45405M(184320M) 185.442ms
[2025-10-15T15:07:57.499-0700][1251][info ][gc,cpu      ] GC(450) User=18.07s Sys=0.38s Real=0.19s
[2025-10-15T15:07:57.500-0700][1251][info ][safepoint   ] Safepoint "G1CollectForAllocation", Time since last: 1327160666 ns, Reaching safepoint: 2426069 ns, Cleanup: 4968 ns, At safepoint: 188905456 ns, Total: 191336493 ns
[2025-10-15T15:08:03.891-0700][1251][info ][gc,start    ] GC(451) Pause Young (Normal) (G1 Evacuation Pause)
[2025-10-15T15:08:03.891-0700][1251][info ][gc,task     ] GC(451) Using 113 workers of 113 for evacuation
[2025-10-15T15:08:03.909-0700][1251][debug][gc,remset   ] GC(451) Visited cards 28769024 Total dirty 80084992 (35.92%) Total old 533594112 (5.39%)
[2025-10-15T15:08:04.077-0700][1251][info ][gc,phases   ] GC(451)   Pre Evacuate Collection Set: 0.7ms
[2025-10-15T15:08:04.077-0700][1251][info ][gc,phases   ] GC(451)   Merge Heap Roots: 16.9ms
[2025-10-15T15:08:04.077-0700][1251][info ][gc,phases   ] GC(451)   Evacuate Collection Set: 146.2ms
[2025-10-15T15:08:04.077-0700][1251][info ][gc,phases   ] GC(451)   Post Evacuate Collection Set: 22.1ms
[2025-10-15T15:08:04.077-0700][1251][info ][gc,phases   ] GC(451)   Other: 0.2ms
[2025-10-15T15:08:04.077-0700][1251][debug][gc,remset   ] GC(451) Coarsening (recent): Inline->AoC 1187128 (282) AoC->Howl 1763 (636) Howl->Full 0 (0) Inline->AoC 6781 (189) AoC->BitMap 1399 (495) BitMap->Full 0 (0)
[2025-10-15T15:08:04.077-0700][1251][debug][gc,remset   ] GC(451) Coarsening (all): Inline->AoC 231259409 (73532) AoC->Howl 1162815 (169990) Howl->Full 0 (0) Inline->AoC 5370723 (51843) AoC->BitMap 952827 (139074) BitMap->Full 9 (0)
[2025-10-15T15:08:04.077-0700][1251][info ][gc,heap     ] GC(451) Eden regions: 3267->0(3269)
[2025-10-15T15:08:04.077-0700][1251][info ][gc,heap     ] GC(451) Survivor regions: 189->187(432)
[2025-10-15T15:08:04.077-0700][1251][info ][gc,heap     ] GC(451) Old regions: 1230->1232
[2025-10-15T15:08:04.077-0700][1251][info ][gc,heap     ] GC(451) Humongous regions: 0->0
[2025-10-15T15:08:04.077-0700][1251][info ][gc,metaspace] GC(451) Metaspace: 304551K(309568K)->304551K(309568K) NonClass: 268787K(271360K)->268787K(271360K) Class: 35764K(38208K)->35764K(38208K)
[2025-10-15T15:08:04.077-0700][1251][info ][gc          ] GC(451) Pause Young (Normal) (G1 Evacuation Pause) 149949M->45397M(184320M) 186.151ms
[2025-10-15T15:08:04.078-0700][1251][info ][gc,cpu      ] GC(451) User=18.30s Sys=0.34s Real=0.18s
[2025-10-15T15:08:04.079-0700][1251][info ][safepoint   ] Safepoint "G1CollectForAllocation", Time since last: 6387793833 ns, Reaching safepoint: 1337017 ns, Cleanup: 5198 ns, At safepoint: 189512461 ns, Total: 190854676 ns
[2025-10-15T15:08:10.435-0700][1251][info ][gc,start    ] GC(452) Pause Young (Normal) (G1 Evacuation Pause)
[2025-10-15T15:08:10.435-0700][1251][info ][gc,task     ] GC(452) Using 113 workers of 113 for evacuation
[2025-10-15T15:08:10.453-0700][1251][debug][gc,remset   ] GC(452) Visited cards 28719616 Total dirty 80084992 (35.86%) Total old 533725184 (5.38%)
[2025-10-15T15:08:10.620-0700][1251][info ][gc,phases   ] GC(452)   Pre Evacuate Collection Set: 0.7ms
[2025-10-15T15:08:10.620-0700][1251][info ][gc,phases   ] GC(452)   Merge Heap Roots: 17.0ms
[2025-10-15T15:08:10.620-0700][1251][info ][gc,phases   ] GC(452)   Evacuate Collection Set: 145.3ms
[2025-10-15T15:08:10.620-0700][1251][info ][gc,phases   ] GC(452)   Post Evacuate Collection Set: 21.7ms
[2025-10-15T15:08:10.620-0700][1251][info ][gc,phases   ] GC(452)   Other: 0.2ms
[2025-10-15T15:08:10.620-0700][1251][debug][gc,remset   ] GC(452) Coarsening (recent): Inline->AoC 1160076 (227) AoC->Howl 1735 (616) Howl->Full 0 (0) Inline->AoC 6641 (181) AoC->BitMap 1480 (505) BitMap->Full 0 (0)
[2025-10-15T15:08:10.620-0700][1251][debug][gc,remset   ] GC(452) Coarsening (all): Inline->AoC 232419485 (73759) AoC->Howl 1164550 (170606) Howl->Full 0 (0) Inline->AoC 5377364 (52024) AoC->BitMap 954307 (139579) BitMap->Full 9 (0)
[2025-10-15T15:08:10.620-0700][1251][info ][gc,heap     ] GC(452) Eden regions: 3269->0(3271)
[2025-10-15T15:08:10.620-0700][1251][info ][gc,heap     ] GC(452) Survivor regions: 187->185(432)
[2025-10-15T15:08:10.620-0700][1251][info ][gc,heap     ] GC(452) Old regions: 1232->1234
[2025-10-15T15:08:10.620-0700][1251][info ][gc,heap     ] GC(452) Humongous regions: 0->0
[2025-10-15T15:08:10.620-0700][1251][info ][gc,metaspace] GC(452) Metaspace: 304551K(309568K)->304551K(309568K) NonClass: 268787K(271360K)->268787K(271360K) Class: 35764K(38208K)->35764K(38208K)
[2025-10-15T15:08:10.620-0700][1251][info ][gc          ] GC(452) Pause Young (Normal) (G1 Evacuation Pause) 150005M->45389M(184320M) 185.036ms
[2025-10-15T15:08:10.621-0700][1251][info ][gc,cpu      ] GC(452) User=18.34s Sys=0.24s Real=0.19s
[2025-10-15T15:08:10.622-0700][1251][info ][safepoint   ] Safepoint "G1CollectForAllocation", Time since last: 6352960888 ns, Reaching safepoint: 1470368 ns, Cleanup: 5288 ns, At safepoint: 188377980 ns, Total: 189853636 ns
[2025-10-15T15:08:16.762-0700][1251][info ][gc,start    ] GC(453) Pause Young (Normal) (G1 Evacuation Pause)
[2025-10-15T15:08:16.762-0700][1251][info ][gc,task     ] GC(453) Using 113 workers of 113 for evacuation
[2025-10-15T15:08:16.780-0700][1251][debug][gc,remset   ] GC(453) Visited cards 28556288 Total dirty 80216064 (35.60%) Total old 533856256 (5.35%)
[2025-10-15T15:08:16.949-0700][1251][info ][gc,phases   ] GC(453)   Pre Evacuate Collection Set: 0.7ms
[2025-10-15T15:08:16.949-0700][1251][info ][gc,phases   ] GC(453)   Merge Heap Roots: 17.4ms
[2025-10-15T15:08:16.949-0700][1251][info ][gc,phases   ] GC(453)   Evacuate Collection Set: 146.2ms
[2025-10-15T15:08:16.949-0700][1251][info ][gc,phases   ] GC(453)   Post Evacuate Collection Set: 22.3ms
[2025-10-15T15:08:16.949-0700][1251][info ][gc,phases   ] GC(453)   Other: 0.2ms
[2025-10-15T15:08:16.949-0700][1251][debug][gc,remset   ] GC(453) Coarsening (recent): Inline->AoC 1161993 (267) AoC->Howl 1826 (693) Howl->Full 0 (0) Inline->AoC 6747 (210) AoC->BitMap 1502 (538) BitMap->Full 0 (0)
[2025-10-15T15:08:16.949-0700][1251][debug][gc,remset   ] GC(453) Coarsening (all): Inline->AoC 233581478 (74026) AoC->Howl 1166376 (171299) Howl->Full 0 (0) Inline->AoC 5384111 (52234) AoC->BitMap 955809 (140117) BitMap->Full 9 (0)
[2025-10-15T15:08:16.949-0700][1251][info ][gc,heap     ] GC(453) Eden regions: 3271->0(3267)
[2025-10-15T15:08:16.949-0700][1251][info ][gc,heap     ] GC(453) Survivor regions: 185->189(432)
[2025-10-15T15:08:16.949-0700][1251][info ][gc,heap     ] GC(453) Old regions: 1234->1235
[2025-10-15T15:08:16.949-0700][1251][info ][gc,heap     ] GC(453) Humongous regions: 0->0
[2025-10-15T15:08:16.949-0700][1251][info ][gc,metaspace] GC(453) Metaspace: 304551K(309568K)->304551K(309568K) NonClass: 268787K(271360K)->268787K(271360K) Class: 35764K(38208K)->35764K(38208K)
[2025-10-15T15:08:16.949-0700][1251][info ][gc          ] GC(453) Pause Young (Normal) (G1 Evacuation Pause) 150061M->45556M(184320M) 186.933ms
[2025-10-15T15:08:16.950-0700][1251][info ][gc,cpu      ] GC(453) User=18.40s Sys=0.35s Real=0.19s
[2025-10-15T15:08:16.951-0700][1251][info ][safepoint   ] Safepoint "G1CollectForAllocation", Time since last: 6138116425 ns, Reaching safepoint: 1011165 ns, Cleanup: 6520 ns, At safepoint: 190337506 ns, Total: 191355191 ns
[2025-10-15T15:08:23.093-0700][1251][info ][gc,start    ] GC(454) Pause Young (Normal) (G1 Evacuation Pause)
[2025-10-15T15:08:23.093-0700][1251][info ][gc,task     ] GC(454) Using 113 workers of 113 for evacuation
[2025-10-15T15:08:23.111-0700][1251][debug][gc,remset   ] GC(454) Visited cards 28599296 Total dirty 80478208 (35.54%) Total old 533921792 (5.36%)
[2025-10-15T15:08:23.279-0700][1251][info ][gc,phases   ] GC(454)   Pre Evacuate Collection Set: 0.7ms
[2025-10-15T15:08:23.279-0700][1251][info ][gc,phases   ] GC(454)   Merge Heap Roots: 16.9ms
[2025-10-15T15:08:23.279-0700][1251][info ][gc,phases   ] GC(454)   Evacuate Collection Set: 145.8ms
[2025-10-15T15:08:23.279-0700][1251][info ][gc,phases   ] GC(454)   Post Evacuate Collection Set: 22.3ms
[2025-10-15T15:08:23.279-0700][1251][info ][gc,phases   ] GC(454)   Other: 0.2ms
[2025-10-15T15:08:23.279-0700][1251][debug][gc,remset   ] GC(454) Coarsening (recent): Inline->AoC 1057130 (243) AoC->Howl 1671 (575) Howl->Full 0 (0) Inline->AoC 6515 (174) AoC->BitMap 1262 (434) BitMap->Full 0 (0)
[2025-10-15T15:08:23.279-0700][1251][debug][gc,remset   ] GC(454) Coarsening (all): Inline->AoC 234638608 (74269) AoC->Howl 1168047 (171874) Howl->Full 0 (0) Inline->AoC 5390626 (52408) AoC->BitMap 957071 (140551) BitMap->Full 9 (0)
[2025-10-15T15:08:23.279-0700][1251][info ][gc,heap     ] GC(454) Eden regions: 3267->0(3265)
[2025-10-15T15:08:23.279-0700][1251][info ][gc,heap     ] GC(454) Survivor regions: 189->191(432)
[2025-10-15T15:08:23.279-0700][1251][info ][gc,heap     ] GC(454) Old regions: 1235->1236
[2025-10-15T15:08:23.279-0700][1251][info ][gc,heap     ] GC(454) Humongous regions: 0->0
[2025-10-15T15:08:23.279-0700][1251][info ][gc,metaspace] GC(454) Metaspace: 304551K(309568K)->304551K(309568K) NonClass: 268787K(271360K)->268787K(271360K) Class: 35764K(38208K)->35764K(38208K)
[2025-10-15T15:08:23.279-0700][1251][info ][gc          ] GC(454) Pause Young (Normal) (G1 Evacuation Pause) 150100M->45621M(184320M) 186.063ms
[2025-10-15T15:08:23.280-0700][1251][info ][gc,cpu      ] GC(454) User=18.27s Sys=0.42s Real=0.19s
[2025-10-15T15:08:23.281-0700][1251][info ][safepoint   ] Safepoint "G1CollectForAllocation", Time since last: 6139707472 ns, Reaching safepoint: 882270 ns, Cleanup: 4587 ns, At safepoint: 189472912 ns, Total: 190359769 ns
[2025-10-15T15:08:29.563-0700][1251][info ][gc,start    ] GC(455) Pause Young (Normal) (G1 Evacuation Pause)
[2025-10-15T15:08:29.563-0700][1251][info ][gc,task     ] GC(455) Using 113 workers of 113 for evacuation
[2025-10-15T15:08:29.582-0700][1251][debug][gc,remset   ] GC(455) Visited cards 28691712 Total dirty 80478208 (35.65%) Total old 533987328 (5.37%)
[2025-10-15T15:08:29.748-0700][1251][info ][gc,phases   ] GC(455)   Pre Evacuate Collection Set: 0.8ms
[2025-10-15T15:08:29.748-0700][1251][info ][gc,phases   ] GC(455)   Merge Heap Roots: 17.6ms
[2025-10-15T15:08:29.748-0700][1251][info ][gc,phases   ] GC(455)   Evacuate Collection Set: 144.1ms
[2025-10-15T15:08:29.748-0700][1251][info ][gc,phases   ] GC(455)   Post Evacuate Collection Set: 22.5ms
[2025-10-15T15:08:29.748-0700][1251][info ][gc,phases   ] GC(455)   Other: 0.2ms
[2025-10-15T15:08:29.748-0700][1251][debug][gc,remset   ] GC(455) Coarsening (recent): Inline->AoC 1114605 (262) AoC->Howl 1695 (571) Howl->Full 0 (0) Inline->AoC 6588 (192) AoC->BitMap 1409 (501) BitMap->Full 0 (0)
[2025-10-15T15:08:29.748-0700][1251][debug][gc,remset   ] GC(455) Coarsening (all): Inline->AoC 235753213 (74531) AoC->Howl 1169742 (172445) Howl->Full 0 (0) Inline->AoC 5397214 (52600) AoC->BitMap 958480 (141052) BitMap->Full 9 (0)
[2025-10-15T15:08:29.749-0700][1251][info ][gc,heap     ] GC(455) Eden regions: 3265->0(3269)
[2025-10-15T15:08:29.749-0700][1251][info ][gc,heap     ] GC(455) Survivor regions: 191->187(432)
[2025-10-15T15:08:29.749-0700][1251][info ][gc,heap     ] GC(455) Old regions: 1236->1236
[2025-10-15T15:08:29.749-0700][1251][info ][gc,heap     ] GC(455) Humongous regions: 0->0
[2025-10-15T15:08:29.749-0700][1251][info ][gc,metaspace] GC(455) Metaspace: 304551K(309568K)->304551K(309568K) NonClass: 268787K(271360K)->268787K(271360K) Class: 35764K(38208K)->35764K(38208K)
[2025-10-15T15:08:29.749-0700][1251][info ][gc          ] GC(455) Pause Young (Normal) (G1 Evacuation Pause) 150101M->45533M(184320M) 185.248ms
[2025-10-15T15:08:29.750-0700][1251][info ][gc,cpu      ] GC(455) User=18.34s Sys=0.28s Real=0.19s
[2025-10-15T15:08:29.751-0700][1251][info ][safepoint   ] Safepoint "G1CollectForAllocation", Time since last: 6278683764 ns, Reaching safepoint: 2008270 ns, Cleanup: 4827 ns, At safepoint: 188711433 ns, Total: 190724530 ns
[2025-10-15T15:08:35.752-0700][1251][info ][safepoint   ] Safepoint "Cleanup", Time since last: 6000389244 ns, Reaching safepoint: 693736 ns, Cleanup: 12529 ns, At safepoint: 174884 ns, Total: 881149 ns
[2025-10-15T15:08:36.117-0700][1251][info ][gc,start    ] GC(456) Pause Young (Normal) (G1 Evacuation Pause)
[2025-10-15T15:08:36.117-0700][1251][info ][gc,task     ] GC(456) Using 113 workers of 113 for evacuation
[2025-10-15T15:08:36.135-0700][1251][debug][gc,remset   ] GC(456) Visited cards 28654848 Total dirty 80478208 (35.61%) Total old 534052864 (5.37%)
[2025-10-15T15:08:36.312-0700][1251][info ][gc,phases   ] GC(456)   Pre Evacuate Collection Set: 0.7ms
[2025-10-15T15:08:36.312-0700][1251][info ][gc,phases   ] GC(456)   Merge Heap Roots: 17.7ms
[2025-10-15T15:08:36.312-0700][1251][info ][gc,phases   ] GC(456)   Evacuate Collection Set: 155.4ms
[2025-10-15T15:08:36.312-0700][1251][info ][gc,phases   ] GC(456)   Post Evacuate Collection Set: 21.5ms
[2025-10-15T15:08:36.312-0700][1251][info ][gc,phases   ] GC(456)   Other: 0.2ms
[2025-10-15T15:08:36.312-0700][1251][debug][gc,remset   ] GC(456) Coarsening (recent): Inline->AoC 1088382 (232) AoC->Howl 1771 (614) Howl->Full 0 (0) Inline->AoC 6825 (179) AoC->BitMap 1339 (456) BitMap->Full 0 (0)
[2025-10-15T15:08:36.312-0700][1251][debug][gc,remset   ] GC(456) Coarsening (all): Inline->AoC 236841595 (74763) AoC->Howl 1171513 (173059) Howl->Full 0 (0) Inline->AoC 5404039 (52779) AoC->BitMap 959819 (141508) BitMap->Full 9 (0)
[2025-10-15T15:08:36.312-0700][1251][info ][gc,heap     ] GC(456) Eden regions: 3269->0(3258)
[2025-10-15T15:08:36.312-0700][1251][info ][gc,heap     ] GC(456) Survivor regions: 187->198(432)
[2025-10-15T15:08:36.312-0700][1251][info ][gc,heap     ] GC(456) Old regions: 1236->1237
[2025-10-15T15:08:36.312-0700][1251][info ][gc,heap     ] GC(456) Humongous regions: 1->0
[2025-10-15T15:08:36.312-0700][1251][info ][gc,metaspace] GC(456) Metaspace: 304556K(309568K)->304556K(309568K) NonClass: 268792K(271360K)->268792K(271360K) Class: 35764K(38208K)->35764K(38208K)
[2025-10-15T15:08:36.312-0700][1251][info ][gc          ] GC(456) Pause Young (Normal) (G1 Evacuation Pause) 150173M->45892M(184320M) 195.695ms
[2025-10-15T15:08:36.313-0700][1251][info ][gc,cpu      ] GC(456) User=19.31s Sys=0.32s Real=0.20s
[2025-10-15T15:08:36.314-0700][1251][info ][safepoint   ] Safepoint "G1CollectForAllocation", Time since last: 361901403 ns, Reaching safepoint: 1315905 ns, Cleanup: 4898 ns, At safepoint: 199094194 ns, Total: 200414997 ns
[2025-10-15T15:08:41.913-0700][1251][info ][gc,start    ] GC(457) Pause Young (Normal) (G1 Evacuation Pause)
[2025-10-15T15:08:41.913-0700][1251][info ][gc,task     ] GC(457) Using 113 workers of 113 for evacuation
[2025-10-15T15:08:41.931-0700][1251][debug][gc,remset   ] GC(457) Visited cards 28700416 Total dirty 80543744 (35.63%) Total old 534052864 (5.37%)
[2025-10-15T15:08:42.099-0700][1251][info ][gc,phases   ] GC(457)   Pre Evacuate Collection Set: 0.7ms
[2025-10-15T15:08:42.099-0700][1251][info ][gc,phases   ] GC(457)   Merge Heap Roots: 17.3ms
[2025-10-15T15:08:42.099-0700][1251][info ][gc,phases   ] GC(457)   Evacuate Collection Set: 145.7ms
[2025-10-15T15:08:42.099-0700][1251][info ][gc,phases   ] GC(457)   Post Evacuate Collection Set: 21.9ms
[2025-10-15T15:08:42.099-0700][1251][info ][gc,phases   ] GC(457)   Other: 0.2ms
[2025-10-15T15:08:42.099-0700][1251][debug][gc,remset   ] GC(457) Coarsening (recent): Inline->AoC 896994 (234) AoC->Howl 1504 (443) Howl->Full 0 (0) Inline->AoC 6187 (151) AoC->BitMap 1225 (428) BitMap->Full 0 (0)
[2025-10-15T15:08:42.099-0700][1251][debug][gc,remset   ] GC(457) Coarsening (all): Inline->AoC 237738589 (74997) AoC->Howl 1173017 (173502) Howl->Full 0 (0) Inline->AoC 5410226 (52930) AoC->BitMap 961044 (141936) BitMap->Full 9 (0)
[2025-10-15T15:08:42.099-0700][1251][info ][gc,heap     ] GC(457) Eden regions: 3258->0(3267)
[2025-10-15T15:08:42.099-0700][1251][info ][gc,heap     ] GC(457) Survivor regions: 198->189(432)
[2025-10-15T15:08:42.099-0700][1251][info ][gc,heap     ] GC(457) Old regions: 1237->1237
[2025-10-15T15:08:42.099-0700][1251][info ][gc,heap     ] GC(457) Humongous regions: 0->0
[2025-10-15T15:08:42.099-0700][1251][info ][gc,metaspace] GC(457) Metaspace: 304556K(309568K)->304556K(309568K) NonClass: 268792K(271360K)->268792K(271360K) Class: 35764K(38208K)->35764K(38208K)
[2025-10-15T15:08:42.099-0700][1251][info ][gc          ] GC(457) Pause Young (Normal) (G1 Evacuation Pause) 150148M->45632M(184320M) 186.086ms
[2025-10-15T15:08:42.100-0700][1251][info ][gc,cpu      ] GC(457) User=18.36s Sys=0.36s Real=0.19s
[2025-10-15T15:08:42.101-0700][1251][info ][safepoint   ] Safepoint "G1CollectForAllocation", Time since last: 5593726292 ns, Reaching safepoint: 3423994 ns, Cleanup: 7682 ns, At safepoint: 189400973 ns, Total: 192832649 ns
[2025-10-15T15:08:43.102-0700][1251][info ][safepoint   ] Safepoint "Cleanup", Time since last: 1000073145 ns, Reaching safepoint: 664593 ns, Cleanup: 10696 ns, At safepoint: 164478 ns, Total: 839767 ns
[2025-10-15T15:08:48.326-0700][1251][info ][gc,start    ] GC(458) Pause Young (Normal) (G1 Evacuation Pause)
[2025-10-15T15:08:48.326-0700][1251][info ][gc,task     ] GC(458) Using 113 workers of 113 for evacuation
[2025-10-15T15:08:48.345-0700][1251][debug][gc,remset   ] GC(458) Visited cards 28560384 Total dirty 80543744 (35.46%) Total old 534052864 (5.35%)
[2025-10-15T15:08:48.516-0700][1251][info ][gc,phases   ] GC(458)   Pre Evacuate Collection Set: 0.8ms
[2025-10-15T15:08:48.516-0700][1251][info ][gc,phases   ] GC(458)   Merge Heap Roots: 18.0ms
[2025-10-15T15:08:48.516-0700][1251][info ][gc,phases   ] GC(458)   Evacuate Collection Set: 149.4ms
[2025-10-15T15:08:48.516-0700][1251][info ][gc,phases   ] GC(458)   Post Evacuate Collection Set: 21.7ms
[2025-10-15T15:08:48.516-0700][1251][info ][gc,phases   ] GC(458)   Other: 0.2ms
[2025-10-15T15:08:48.516-0700][1251][debug][gc,remset   ] GC(458) Coarsening (recent): Inline->AoC 1191291 (285) AoC->Howl 1728 (564) Howl->Full 0 (0) Inline->AoC 6967 (177) AoC->BitMap 1450 (513) BitMap->Full 0 (0)
[2025-10-15T15:08:48.516-0700][1251][debug][gc,remset   ] GC(458) Coarsening (all): Inline->AoC 238929880 (75282) AoC->Howl 1174745 (174066) Howl->Full 0 (0) Inline->AoC 5417193 (53107) AoC->BitMap 962494 (142449) BitMap->Full 9 (0)
[2025-10-15T15:08:48.516-0700][1251][info ][gc,heap     ] GC(458) Eden regions: 3267->0(3264)
[2025-10-15T15:08:48.516-0700][1251][info ][gc,heap     ] GC(458) Survivor regions: 189->192(432)
[2025-10-15T15:08:48.516-0700][1251][info ][gc,heap     ] GC(458) Old regions: 1237->1238
[2025-10-15T15:08:48.516-0700][1251][info ][gc,heap     ] GC(458) Humongous regions: 0->0
[2025-10-15T15:08:48.516-0700][1251][info ][gc,metaspace] GC(458) Metaspace: 304556K(309568K)->304556K(309568K) NonClass: 268792K(271360K)->268792K(271360K) Class: 35764K(38208K)->35764K(38208K)
[2025-10-15T15:08:48.516-0700][1251][info ][gc          ] GC(458) Pause Young (Normal) (G1 Evacuation Pause) 150176M->45750M(184320M) 190.310ms
[2025-10-15T15:08:48.517-0700][1251][info ][gc,cpu      ] GC(458) User=18.78s Sys=0.25s Real=0.19s
[2025-10-15T15:08:48.518-0700][1251][info ][safepoint   ] Safepoint "G1CollectForAllocation", Time since last: 5221550808 ns, Reaching safepoint: 1320922 ns, Cleanup: 5198 ns, At safepoint: 193496826 ns, Total: 194822946 ns
[2025-10-15T15:08:54.938-0700][1251][info ][gc,start    ] GC(459) Pause Young (Normal) (G1 Evacuation Pause)
[2025-10-15T15:08:54.938-0700][1251][info ][gc,task     ] GC(459) Using 113 workers of 113 for evacuation
[2025-10-15T15:08:54.956-0700][1251][debug][gc,remset   ] GC(459) Visited cards 28373760 Total dirty 80543744 (35.23%) Total old 534118400 (5.31%)
[2025-10-15T15:08:55.122-0700][1251][info ][gc,phases   ] GC(459)   Pre Evacuate Collection Set: 0.7ms
[2025-10-15T15:08:55.122-0700][1251][info ][gc,phases   ] GC(459)   Merge Heap Roots: 16.9ms
[2025-10-15T15:08:55.122-0700][1251][info ][gc,phases   ] GC(459)   Evacuate Collection Set: 143.6ms
[2025-10-15T15:08:55.122-0700][1251][info ][gc,phases   ] GC(459)   Post Evacuate Collection Set: 22.2ms
[2025-10-15T15:08:55.122-0700][1251][info ][gc,phases   ] GC(459)   Other: 0.2ms
[2025-10-15T15:08:55.122-0700][1251][debug][gc,remset   ] GC(459) Coarsening (recent): Inline->AoC 1127502 (248) AoC->Howl 1762 (577) Howl->Full 0 (0) Inline->AoC 7074 (219) AoC->BitMap 1496 (544) BitMap->Full 0 (0)
[2025-10-15T15:08:55.122-0700][1251][debug][gc,remset   ] GC(459) Coarsening (all): Inline->AoC 240057382 (75530) AoC->Howl 1176507 (174643) Howl->Full 0 (0) Inline->AoC 5424267 (53326) AoC->BitMap 963990 (142993) BitMap->Full 9 (0)
[2025-10-15T15:08:55.122-0700][1251][info ][gc,heap     ] GC(459) Eden regions: 3264->0(3266)
[2025-10-15T15:08:55.122-0700][1251][info ][gc,heap     ] GC(459) Survivor regions: 192->190(432)
[2025-10-15T15:08:55.122-0700][1251][info ][gc,heap     ] GC(459) Old regions: 1238->1239
[2025-10-15T15:08:55.122-0700][1251][info ][gc,heap     ] GC(459) Humongous regions: 0->0
[2025-10-15T15:08:55.122-0700][1251][info ][gc,metaspace] GC(459) Metaspace: 304556K(309568K)->304556K(309568K) NonClass: 268792K(271360K)->268792K(271360K) Class: 35764K(38208K)->35764K(38208K)
[2025-10-15T15:08:55.122-0700][1251][info ][gc          ] GC(459) Pause Young (Normal) (G1 Evacuation Pause) 150198M->45710M(184320M) 183.705ms
[2025-10-15T15:08:55.123-0700][1251][info ][gc,cpu      ] GC(459) User=18.31s Sys=0.23s Real=0.19s
[2025-10-15T15:08:55.124-0700][1251][info ][safepoint   ] Safepoint "G1CollectForAllocation", Time since last: 6417601751 ns, Reaching safepoint: 1044716 ns, Cleanup: 5929 ns, At safepoint: 187138184 ns, Total: 188188829 ns
[2025-10-15T15:09:01.526-0700][1251][info ][gc,start    ] GC(460) Pause Young (Normal) (G1 Evacuation Pause)
[2025-10-15T15:09:01.526-0700][1251][info ][gc,task     ] GC(460) Using 113 workers of 113 for evacuation
[2025-10-15T15:09:01.544-0700][1251][debug][gc,remset   ] GC(460) Visited cards 28254208 Total dirty 80674816 (35.02%) Total old 534183936 (5.29%)
[2025-10-15T15:09:01.711-0700][1251][info ][gc,phases   ] GC(460)   Pre Evacuate Collection Set: 0.7ms
[2025-10-15T15:09:01.711-0700][1251][info ][gc,phases   ] GC(460)   Merge Heap Roots: 17.0ms
[2025-10-15T15:09:01.711-0700][1251][info ][gc,phases   ] GC(460)   Evacuate Collection Set: 145.4ms
[2025-10-15T15:09:01.711-0700][1251][info ][gc,phases   ] GC(460)   Post Evacuate Collection Set: 21.8ms
[2025-10-15T15:09:01.711-0700][1251][info ][gc,phases   ] GC(460)   Other: 0.2ms
[2025-10-15T15:09:01.711-0700][1251][debug][gc,remset   ] GC(460) Coarsening (recent): Inline->AoC 1142364 (257) AoC->Howl 1811 (609) Howl->Full 0 (0) Inline->AoC 7162 (183) AoC->BitMap 1513 (529) BitMap->Full 0 (0)
[2025-10-15T15:09:01.711-0700][1251][debug][gc,remset   ] GC(460) Coarsening (all): Inline->AoC 241199746 (75787) AoC->Howl 1178318 (175252) Howl->Full 0 (0) Inline->AoC 5431429 (53509) AoC->BitMap 965503 (143522) BitMap->Full 9 (0)
[2025-10-15T15:09:01.711-0700][1251][info ][gc,heap     ] GC(460) Eden regions: 3266->0(3278)
[2025-10-15T15:09:01.711-0700][1251][info ][gc,heap     ] GC(460) Survivor regions: 190->178(432)
[2025-10-15T15:09:01.711-0700][1251][info ][gc,heap     ] GC(460) Old regions: 1239->1251
[2025-10-15T15:09:01.711-0700][1251][info ][gc,heap     ] GC(460) Humongous regions: 0->0
[2025-10-15T15:09:01.711-0700][1251][info ][gc,metaspace] GC(460) Metaspace: 304557K(309568K)->304557K(309568K) NonClass: 268793K(271360K)->268793K(271360K) Class: 35764K(38208K)->35764K(38208K)
[2025-10-15T15:09:01.711-0700][1251][info ][gc          ] GC(460) Pause Young (Normal) (G1 Evacuation Pause) 150222M->45708M(184320M) 185.202ms
[2025-10-15T15:09:01.712-0700][1251][info ][gc,cpu      ] GC(460) User=18.36s Sys=0.24s Real=0.19s
[2025-10-15T15:09:01.713-0700][1251][info ][safepoint   ] Safepoint "G1CollectForAllocation", Time since last: 6399387036 ns, Reaching safepoint: 1434403 ns, Cleanup: 5218 ns, At safepoint: 188509863 ns, Total: 189949484 ns
[2025-10-15T15:09:04.715-0700][1251][info ][safepoint   ] Safepoint "Cleanup", Time since last: 3000212516 ns, Reaching safepoint: 1559523 ns, Cleanup: 10365 ns, At safepoint: 232591 ns, Total: 1802479 ns
[2025-10-15T15:09:06.380-0700][1251][info ][safepoint   ] Safepoint "Cleanup", Time since last: 1661619278 ns, Reaching safepoint: 1230647 ns, Cleanup: 13490 ns, At safepoint: 1825594 ns, Total: 3069731 ns
[2025-10-15T15:09:07.727-0700][1251][info ][gc,start    ] GC(461) Pause Young (Normal) (G1 Evacuation Pause)
[2025-10-15T15:09:07.727-0700][1251][info ][gc,task     ] GC(461) Using 113 workers of 113 for evacuation
[2025-10-15T15:09:07.744-0700][1251][debug][gc,remset   ] GC(461) Visited cards 28240384 Total dirty 81395712 (34.70%) Total old 534970368 (5.28%)
[2025-10-15T15:09:07.901-0700][1251][info ][gc,phases   ] GC(461)   Pre Evacuate Collection Set: 0.7ms
[2025-10-15T15:09:07.901-0700][1251][info ][gc,phases   ] GC(461)   Merge Heap Roots: 15.9ms
[2025-10-15T15:09:07.901-0700][1251][info ][gc,phases   ] GC(461)   Evacuate Collection Set: 135.1ms
[2025-10-15T15:09:07.901-0700][1251][info ][gc,phases   ] GC(461)   Post Evacuate Collection Set: 22.1ms
[2025-10-15T15:09:07.901-0700][1251][info ][gc,phases   ] GC(461)   Other: 0.2ms
[2025-10-15T15:09:07.901-0700][1251][debug][gc,remset   ] GC(461) Coarsening (recent): Inline->AoC 1095790 (221) AoC->Howl 1749 (577) Howl->Full 0 (0) Inline->AoC 6928 (181) AoC->BitMap 1263 (415) BitMap->Full 0 (0)
[2025-10-15T15:09:07.901-0700][1251][debug][gc,remset   ] GC(461) Coarsening (all): Inline->AoC 242295536 (76008) AoC->Howl 1180067 (175829) Howl->Full 0 (0) Inline->AoC 5438357 (53690) AoC->BitMap 966766 (143937) BitMap->Full 9 (0)
[2025-10-15T15:09:07.901-0700][1251][info ][gc,heap     ] GC(461) Eden regions: 3278->0(3281)
[2025-10-15T15:09:07.901-0700][1251][info ][gc,heap     ] GC(461) Survivor regions: 178->175(432)
[2025-10-15T15:09:07.901-0700][1251][info ][gc,heap     ] GC(461) Old regions: 1251->1257
[2025-10-15T15:09:07.901-0700][1251][info ][gc,heap     ] GC(461) Humongous regions: 0->0
[2025-10-15T15:09:07.901-0700][1251][info ][gc,metaspace] GC(461) Metaspace: 304557K(309568K)->304557K(309568K) NonClass: 268793K(271360K)->268793K(271360K) Class: 35764K(38208K)->35764K(38208K)
[2025-10-15T15:09:07.901-0700][1251][info ][gc          ] GC(461) Pause Young (Normal) (G1 Evacuation Pause) 150604M->45816M(184320M) 174.215ms
[2025-10-15T15:09:07.902-0700][1251][info ][gc,cpu      ] GC(461) User=18.21s Sys=0.35s Real=0.18s
[2025-10-15T15:09:07.903-0700][1251][info ][safepoint   ] Safepoint "G1CollectForAllocation", Time since last: 1344734831 ns, Reaching safepoint: 762911 ns, Cleanup: 5318 ns, At safepoint: 177721229 ns, Total: 178489458 ns
[2025-10-15T15:09:14.095-0700][1251][info ][gc,start    ] GC(462) Pause Young (Normal) (G1 Evacuation Pause)
[2025-10-15T15:09:14.095-0700][1251][info ][gc,task     ] GC(462) Using 113 workers of 113 for evacuation
[2025-10-15T15:09:14.112-0700][1251][debug][gc,remset   ] GC(462) Visited cards 28346368 Total dirty 81723392 (34.69%) Total old 535363584 (5.29%)
[2025-10-15T15:09:14.273-0700][1251][info ][gc,phases   ] GC(462)   Pre Evacuate Collection Set: 0.8ms
[2025-10-15T15:09:14.273-0700][1251][info ][gc,phases   ] GC(462)   Merge Heap Roots: 17.0ms
[2025-10-15T15:09:14.273-0700][1251][info ][gc,phases   ] GC(462)   Evacuate Collection Set: 138.3ms
[2025-10-15T15:09:14.273-0700][1251][info ][gc,phases   ] GC(462)   Post Evacuate Collection Set: 21.9ms
[2025-10-15T15:09:14.273-0700][1251][info ][gc,phases   ] GC(462)   Other: 0.2ms
[2025-10-15T15:09:14.273-0700][1251][debug][gc,remset   ] GC(462) Coarsening (recent): Inline->AoC 1087096 (296) AoC->Howl 1560 (469) Howl->Full 0 (0) Inline->AoC 6373 (139) AoC->BitMap 1223 (417) BitMap->Full 0 (0)
[2025-10-15T15:09:14.273-0700][1251][debug][gc,remset   ] GC(462) Coarsening (all): Inline->AoC 243382632 (76304) AoC->Howl 1181627 (176298) Howl->Full 0 (0) Inline->AoC 5444730 (53829) AoC->BitMap 967989 (144354) BitMap->Full 9 (0)
[2025-10-15T15:09:14.273-0700][1251][info ][gc,heap     ] GC(462) Eden regions: 3281->0(3284)
[2025-10-15T15:09:14.273-0700][1251][info ][gc,heap     ] GC(462) Survivor regions: 175->172(432)
[2025-10-15T15:09:14.273-0700][1251][info ][gc,heap     ] GC(462) Old regions: 1257->1259
[2025-10-15T15:09:14.273-0700][1251][info ][gc,heap     ] GC(462) Humongous regions: 0->0
[2025-10-15T15:09:14.273-0700][1251][info ][gc,metaspace] GC(462) Metaspace: 304558K(309568K)->304558K(309568K) NonClass: 268793K(271360K)->268793K(271360K) Class: 35764K(38208K)->35764K(38208K)
[2025-10-15T15:09:14.273-0700][1251][info ][gc          ] GC(462) Pause Young (Normal) (G1 Evacuation Pause) 150808M->45778M(184320M) 178.411ms
[2025-10-15T15:09:14.274-0700][1251][info ][gc,cpu      ] GC(462) User=17.57s Sys=0.25s Real=0.18s
[2025-10-15T15:09:14.275-0700][1251][info ][safepoint   ] Safepoint "G1CollectForAllocation", Time since last: 6188928606 ns, Reaching safepoint: 1108051 ns, Cleanup: 5388 ns, At safepoint: 181693902 ns, Total: 182807341 ns
[2025-10-15T15:09:20.652-0700][1251][info ][gc,start    ] GC(463) Pause Young (Normal) (G1 Evacuation Pause)
[2025-10-15T15:09:20.652-0700][1251][info ][gc,task     ] GC(463) Using 113 workers of 113 for evacuation
[2025-10-15T15:09:20.670-0700][1251][debug][gc,remset   ] GC(463) Visited cards 28240384 Total dirty 81985536 (34.45%) Total old 535494656 (5.27%)
[2025-10-15T15:09:20.830-0700][1251][info ][gc,phases   ] GC(463)   Pre Evacuate Collection Set: 0.7ms
[2025-10-15T15:09:20.830-0700][1251][info ][gc,phases   ] GC(463)   Merge Heap Roots: 17.2ms
[2025-10-15T15:09:20.830-0700][1251][info ][gc,phases   ] GC(463)   Evacuate Collection Set: 137.8ms
[2025-10-15T15:09:20.830-0700][1251][info ][gc,phases   ] GC(463)   Post Evacuate Collection Set: 21.8ms
[2025-10-15T15:09:20.830-0700][1251][info ][gc,phases   ] GC(463)   Other: 0.2ms
[2025-10-15T15:09:20.830-0700][1251][debug][gc,remset   ] GC(463) Coarsening (recent): Inline->AoC 1228182 (229) AoC->Howl 1630 (612) Howl->Full 0 (0) Inline->AoC 6035 (184) AoC->BitMap 1395 (542) BitMap->Full 0 (0)
[2025-10-15T15:09:20.830-0700][1251][debug][gc,remset   ] GC(463) Coarsening (all): Inline->AoC 244610814 (76533) AoC->Howl 1183257 (176910) Howl->Full 0 (0) Inline->AoC 5450765 (54013) AoC->BitMap 969384 (144896) BitMap->Full 9 (0)
[2025-10-15T15:09:20.830-0700][1251][info ][gc,heap     ] GC(463) Eden regions: 3284->0(3284)
[2025-10-15T15:09:20.830-0700][1251][info ][gc,heap     ] GC(463) Survivor regions: 172->172(432)
[2025-10-15T15:09:20.830-0700][1251][info ][gc,heap     ] GC(463) Old regions: 1259->1260
[2025-10-15T15:09:20.830-0700][1251][info ][gc,heap     ] GC(463) Humongous regions: 0->0
[2025-10-15T15:09:20.830-0700][1251][info ][gc,metaspace] GC(463) Metaspace: 304558K(309568K)->304558K(309568K) NonClass: 268794K(271360K)->268794K(271360K) Class: 35764K(38208K)->35764K(38208K)
[2025-10-15T15:09:20.830-0700][1251][info ][gc          ] GC(463) Pause Young (Normal) (G1 Evacuation Pause) 150866M->45806M(184320M) 177.840ms
[2025-10-15T15:09:20.831-0700][1251][info ][gc,cpu      ] GC(463) User=17.64s Sys=0.29s Real=0.18s
[2025-10-15T15:09:20.832-0700][1251][info ][safepoint   ] Safepoint "G1CollectForAllocation", Time since last: 6374131970 ns, Reaching safepoint: 1966086 ns, Cleanup: 5358 ns, At safepoint: 181223963 ns, Total: 183195407 ns
[2025-10-15T15:09:27.245-0700][1251][info ][gc,start    ] GC(464) Pause Young (Normal) (G1 Evacuation Pause)
[2025-10-15T15:09:27.245-0700][1251][info ][gc,task     ] GC(464) Using 113 workers of 113 for evacuation
[2025-10-15T15:09:27.264-0700][1251][debug][gc,remset   ] GC(464) Visited cards 28204032 Total dirty 81985536 (34.40%) Total old 535560192 (5.27%)
[2025-10-15T15:09:27.424-0700][1251][info ][gc,phases   ] GC(464)   Pre Evacuate Collection Set: 0.7ms
[2025-10-15T15:09:27.424-0700][1251][info ][gc,phases   ] GC(464)   Merge Heap Roots: 17.6ms
[2025-10-15T15:09:27.424-0700][1251][info ][gc,phases   ] GC(464)   Evacuate Collection Set: 138.6ms
[2025-10-15T15:09:27.424-0700][1251][info ][gc,phases   ] GC(464)   Post Evacuate Collection Set: 22.0ms
[2025-10-15T15:09:27.424-0700][1251][info ][gc,phases   ] GC(464)   Other: 0.2ms
[2025-10-15T15:09:27.424-0700][1251][debug][gc,remset   ] GC(464) Coarsening (recent): Inline->AoC 1198257 (242) AoC->Howl 1756 (589) Howl->Full 0 (0) Inline->AoC 6953 (218) AoC->BitMap 1402 (506) BitMap->Full 0 (0)
[2025-10-15T15:09:27.424-0700][1251][debug][gc,remset   ] GC(464) Coarsening (all): Inline->AoC 245809071 (76775) AoC->Howl 1185013 (177499) Howl->Full 0 (0) Inline->AoC 5457718 (54231) AoC->BitMap 970786 (145402) BitMap->Full 9 (0)
[2025-10-15T15:09:27.424-0700][1251][info ][gc,heap     ] GC(464) Eden regions: 3284->0(3284)
[2025-10-15T15:09:27.424-0700][1251][info ][gc,heap     ] GC(464) Survivor regions: 172->172(432)
[2025-10-15T15:09:27.424-0700][1251][info ][gc,heap     ] GC(464) Old regions: 1260->1261
[2025-10-15T15:09:27.424-0700][1251][info ][gc,heap     ] GC(464) Humongous regions: 0->0
[2025-10-15T15:09:27.424-0700][1251][info ][gc,metaspace] GC(464) Metaspace: 304558K(309568K)->304558K(309568K) NonClass: 268794K(271360K)->268794K(271360K) Class: 35764K(38208K)->35764K(38208K)
[2025-10-15T15:09:27.424-0700][1251][info ][gc          ] GC(464) Pause Young (Normal) (G1 Evacuation Pause) 150894M->45817M(184320M) 179.337ms
[2025-10-15T15:09:27.425-0700][1251][info ][gc,cpu      ] GC(464) User=17.59s Sys=0.27s Real=0.18s
[2025-10-15T15:09:27.427-0700][1251][info ][safepoint   ] Safepoint "G1CollectForAllocation", Time since last: 6406668229 ns, Reaching safepoint: 4827642 ns, Cleanup: 6009 ns, At safepoint: 182657535 ns, Total: 187491186 ns
[2025-10-15T15:09:33.838-0700][1251][info ][gc,start    ] GC(465) Pause Young (Normal) (G1 Evacuation Pause)
[2025-10-15T15:09:33.838-0700][1251][info ][gc,task     ] GC(465) Using 113 workers of 113 for evacuation
[2025-10-15T15:09:33.857-0700][1251][debug][gc,remset   ] GC(465) Visited cards 28289024 Total dirty 82116608 (34.45%) Total old 535625728 (5.28%)
[2025-10-15T15:09:34.019-0700][1251][info ][gc,phases   ] GC(465)   Pre Evacuate Collection Set: 0.7ms
[2025-10-15T15:09:34.019-0700][1251][info ][gc,phases   ] GC(465)   Merge Heap Roots: 17.8ms
[2025-10-15T15:09:34.019-0700][1251][info ][gc,phases   ] GC(465)   Evacuate Collection Set: 139.6ms
[2025-10-15T15:09:34.019-0700][1251][info ][gc,phases   ] GC(465)   Post Evacuate Collection Set: 22.1ms
[2025-10-15T15:09:34.019-0700][1251][info ][gc,phases   ] GC(465)   Other: 0.2ms
[2025-10-15T15:09:34.019-0700][1251][debug][gc,remset   ] GC(465) Coarsening (recent): Inline->AoC 1241808 (237) AoC->Howl 1623 (550) Howl->Full 0 (0) Inline->AoC 6369 (177) AoC->BitMap 1308 (450) BitMap->Full 0 (0)
[2025-10-15T15:09:34.019-0700][1251][debug][gc,remset   ] GC(465) Coarsening (all): Inline->AoC 247050879 (77012) AoC->Howl 1186636 (178049) Howl->Full 0 (0) Inline->AoC 5464087 (54408) AoC->BitMap 972094 (145852) BitMap->Full 9 (0)
[2025-10-15T15:09:34.019-0700][1251][info ][gc,heap     ] GC(465) Eden regions: 3284->0(3283)
[2025-10-15T15:09:34.019-0700][1251][info ][gc,heap     ] GC(465) Survivor regions: 172->173(432)
[2025-10-15T15:09:34.019-0700][1251][info ][gc,heap     ] GC(465) Old regions: 1261->1262
[2025-10-15T15:09:34.019-0700][1251][info ][gc,heap     ] GC(465) Humongous regions: 0->0
[2025-10-15T15:09:34.019-0700][1251][info ][gc,metaspace] GC(465) Metaspace: 304558K(309568K)->304558K(309568K) NonClass: 268794K(271360K)->268794K(271360K) Class: 35764K(38208K)->35764K(38208K)
[2025-10-15T15:09:34.019-0700][1251][info ][gc          ] GC(465) Pause Young (Normal) (G1 Evacuation Pause) 150905M->45867M(184320M) 180.647ms
[2025-10-15T15:09:34.020-0700][1251][info ][gc,cpu      ] GC(465) User=17.47s Sys=0.29s Real=0.19s
[2025-10-15T15:09:34.021-0700][1251][info ][safepoint   ] Safepoint "G1CollectForAllocation", Time since last: 6408804722 ns, Reaching safepoint: 1618441 ns, Cleanup: 4827 ns, At safepoint: 184162115 ns, Total: 185785383 ns
[2025-10-15T15:09:37.022-0700][1251][info ][safepoint   ] Safepoint "Cleanup", Time since last: 3000214779 ns, Reaching safepoint: 681138 ns, Cleanup: 8983 ns, At safepoint: 235996 ns, Total: 926117 ns
[2025-10-15T15:09:40.342-0700][1251][info ][gc,start    ] GC(466) Pause Young (Normal) (G1 Evacuation Pause)
[2025-10-15T15:09:40.342-0700][1251][info ][gc,task     ] GC(466) Using 113 workers of 113 for evacuation
[2025-10-15T15:09:40.360-0700][1251][debug][gc,remset   ] GC(466) Visited cards 28253440 Total dirty 82116608 (34.41%) Total old 535691264 (5.27%)
[2025-10-15T15:09:40.521-0700][1251][info ][gc,phases   ] GC(466)   Pre Evacuate Collection Set: 0.8ms
[2025-10-15T15:09:40.521-0700][1251][info ][gc,phases   ] GC(466)   Merge Heap Roots: 17.6ms
[2025-10-15T15:09:40.521-0700][1251][info ][gc,phases   ] GC(466)   Evacuate Collection Set: 139.3ms
[2025-10-15T15:09:40.521-0700][1251][info ][gc,phases   ] GC(466)   Post Evacuate Collection Set: 21.8ms
[2025-10-15T15:09:40.521-0700][1251][info ][gc,phases   ] GC(466)   Other: 0.2ms
[2025-10-15T15:09:40.521-0700][1251][debug][gc,remset   ] GC(466) Coarsening (recent): Inline->AoC 1142394 (256) AoC->Howl 1688 (562) Howl->Full 0 (0) Inline->AoC 6680 (174) AoC->BitMap 1330 (521) BitMap->Full 0 (0)
[2025-10-15T15:09:40.521-0700][1251][debug][gc,remset   ] GC(466) Coarsening (all): Inline->AoC 248193273 (77268) AoC->Howl 1188324 (178611) Howl->Full 0 (0) Inline->AoC 5470767 (54582) AoC->BitMap 973424 (146373) BitMap->Full 9 (0)
[2025-10-15T15:09:40.521-0700][1251][info ][gc,heap     ] GC(466) Eden regions: 3283->0(3284)
[2025-10-15T15:09:40.521-0700][1251][info ][gc,heap     ] GC(466) Survivor regions: 173->172(432)
[2025-10-15T15:09:40.521-0700][1251][info ][gc,heap     ] GC(466) Old regions: 1262->1262
[2025-10-15T15:09:40.521-0700][1251][info ][gc,heap     ] GC(466) Humongous regions: 0->0
[2025-10-15T15:09:40.521-0700][1251][info ][gc,metaspace] GC(466) Metaspace: 304560K(309568K)->304560K(309568K) NonClass: 268796K(271360K)->268796K(271360K) Class: 35764K(38208K)->35764K(38208K)
[2025-10-15T15:09:40.521-0700][1251][info ][gc          ] GC(466) Pause Young (Normal) (G1 Evacuation Pause) 150923M->45877M(184320M) 179.749ms
[2025-10-15T15:09:40.522-0700][1251][info ][gc,cpu      ] GC(466) User=17.60s Sys=0.30s Real=0.18s
[2025-10-15T15:09:40.523-0700][1251][info ][safepoint   ] Safepoint "G1CollectForAllocation", Time since last: 3316326190 ns, Reaching safepoint: 1711862 ns, Cleanup: 5318 ns, At safepoint: 183143398 ns, Total: 184860578 ns
[2025-10-15T15:09:46.951-0700][1251][info ][gc,start    ] GC(467) Pause Young (Normal) (G1 Evacuation Pause)
[2025-10-15T15:09:46.951-0700][1251][info ][gc,task     ] GC(467) Using 113 workers of 113 for evacuation
[2025-10-15T15:09:46.970-0700][1251][debug][gc,remset   ] GC(467) Visited cards 28195584 Total dirty 82116608 (34.34%) Total old 535691264 (5.26%)
[2025-10-15T15:09:47.131-0700][1251][info ][gc,phases   ] GC(467)   Pre Evacuate Collection Set: 0.9ms
[2025-10-15T15:09:47.131-0700][1251][info ][gc,phases   ] GC(467)   Merge Heap Roots: 18.0ms
[2025-10-15T15:09:47.131-0700][1251][info ][gc,phases   ] GC(467)   Evacuate Collection Set: 139.0ms
[2025-10-15T15:09:47.131-0700][1251][info ][gc,phases   ] GC(467)   Post Evacuate Collection Set: 21.3ms
[2025-10-15T15:09:47.131-0700][1251][info ][gc,phases   ] GC(467)   Other: 0.2ms
[2025-10-15T15:09:47.131-0700][1251][debug][gc,remset   ] GC(467) Coarsening (recent): Inline->AoC 1212387 (241) AoC->Howl 1646 (602) Howl->Full 0 (0) Inline->AoC 6242 (197) AoC->BitMap 1393 (518) BitMap->Full 0 (0)
[2025-10-15T15:09:47.131-0700][1251][debug][gc,remset   ] GC(467) Coarsening (all): Inline->AoC 249405660 (77509) AoC->Howl 1189970 (179213) Howl->Full 0 (0) Inline->AoC 5477009 (54779) AoC->BitMap 974817 (146891) BitMap->Full 9 (0)
[2025-10-15T15:09:47.131-0700][1251][info ][gc,heap     ] GC(467) Eden regions: 3284->0(3284)
[2025-10-15T15:09:47.131-0700][1251][info ][gc,heap     ] GC(467) Survivor regions: 172->172(432)
[2025-10-15T15:09:47.131-0700][1251][info ][gc,heap     ] GC(467) Old regions: 1262->1263
[2025-10-15T15:09:47.131-0700][1251][info ][gc,heap     ] GC(467) Humongous regions: 0->0
[2025-10-15T15:09:47.131-0700][1251][info ][gc,metaspace] GC(467) Metaspace: 304560K(309568K)->304560K(309568K) NonClass: 268796K(271360K)->268796K(271360K) Class: 35764K(38208K)->35764K(38208K)
[2025-10-15T15:09:47.131-0700][1251][info ][gc          ] GC(467) Pause Young (Normal) (G1 Evacuation Pause) 150965M->45886M(184320M) 179.518ms
[2025-10-15T15:09:47.132-0700][1251][info ][gc,cpu      ] GC(467) User=17.60s Sys=0.28s Real=0.18s
[2025-10-15T15:09:47.133-0700][1251][info ][safepoint   ] Safepoint "G1CollectForAllocation", Time since last: 6425651103 ns, Reaching safepoint: 1038958 ns, Cleanup: 4797 ns, At safepoint: 182876646 ns, Total: 183920401 ns
[2025-10-15T15:09:53.198-0700][1251][info ][gc,start    ] GC(468) Pause Young (Normal) (G1 Evacuation Pause)
[2025-10-15T15:09:53.199-0700][1251][info ][gc,task     ] GC(468) Using 113 workers of 113 for evacuation
[2025-10-15T15:09:53.215-0700][1251][debug][gc,remset   ] GC(468) Visited cards 28272128 Total dirty 82247680 (34.37%) Total old 535756800 (5.28%)
[2025-10-15T15:09:53.372-0700][1251][info ][gc,phases   ] GC(468)   Pre Evacuate Collection Set: 0.7ms
[2025-10-15T15:09:53.372-0700][1251][info ][gc,phases   ] GC(468)   Merge Heap Roots: 16.0ms
[2025-10-15T15:09:53.372-0700][1251][info ][gc,phases   ] GC(468)   Evacuate Collection Set: 134.9ms
[2025-10-15T15:09:53.372-0700][1251][info ][gc,phases   ] GC(468)   Post Evacuate Collection Set: 21.4ms
[2025-10-15T15:09:53.372-0700][1251][info ][gc,phases   ] GC(468)   Other: 0.2ms
[2025-10-15T15:09:53.372-0700][1251][debug][gc,remset   ] GC(468) Coarsening (recent): Inline->AoC 1110775 (271) AoC->Howl 1714 (579) Howl->Full 0 (0) Inline->AoC 6597 (189) AoC->BitMap 1446 (547) BitMap->Full 0 (0)
[2025-10-15T15:09:53.372-0700][1251][debug][gc,remset   ] GC(468) Coarsening (all): Inline->AoC 250516435 (77780) AoC->Howl 1191684 (179792) Howl->Full 0 (0) Inline->AoC 5483606 (54968) AoC->BitMap 976263 (147438) BitMap->Full 9 (0)
[2025-10-15T15:09:53.372-0700][1251][info ][gc,heap     ] GC(468) Eden regions: 3284->0(3279)
[2025-10-15T15:09:53.372-0700][1251][info ][gc,heap     ] GC(468) Survivor regions: 172->177(432)
[2025-10-15T15:09:53.372-0700][1251][info ][gc,heap     ] GC(468) Old regions: 1263->1264
[2025-10-15T15:09:53.372-0700][1251][info ][gc,heap     ] GC(468) Humongous regions: 0->0
[2025-10-15T15:09:53.372-0700][1251][info ][gc,metaspace] GC(468) Metaspace: 304560K(309568K)->304560K(309568K) NonClass: 268796K(271360K)->268796K(271360K) Class: 35764K(38208K)->35764K(38208K)
[2025-10-15T15:09:53.372-0700][1251][info ][gc          ] GC(468) Pause Young (Normal) (G1 Evacuation Pause) 150974M->46084M(184320M) 173.303ms
[2025-10-15T15:09:53.373-0700][1251][info ][gc,cpu      ] GC(468) User=17.27s Sys=0.48s Real=0.17s
[2025-10-15T15:09:53.374-0700][1251][info ][safepoint   ] Safepoint "G1CollectForAllocation", Time since last: 6063644023 ns, Reaching safepoint: 706586 ns, Cleanup: 4477 ns, At safepoint: 176605741 ns, Total: 177316804 ns
[2025-10-15T15:09:55.375-0700][1251][info ][safepoint   ] Safepoint "Cleanup", Time since last: 2000103187 ns, Reaching safepoint: 802180 ns, Cleanup: 42705 ns, At safepoint: 202816 ns, Total: 1047701 ns
[2025-10-15T15:09:56.389-0700][1251][info ][safepoint   ] Safepoint "Cleanup", Time since last: 1000080181 ns, Reaching safepoint: 12265332 ns, Cleanup: 119200 ns, At safepoint: 997865 ns, Total: 13382397 ns
[2025-10-15T15:09:57.397-0700][1251][info ][safepoint   ] Safepoint "Cleanup", Time since last: 1000114864 ns, Reaching safepoint: 7821629 ns, Cleanup: 88463 ns, At safepoint: 336548 ns, Total: 8246640 ns
[2025-10-15T15:09:58.398-0700][1251][info ][safepoint   ] Safepoint "Cleanup", Time since last: 1000104999 ns, Reaching safepoint: 805105 ns, Cleanup: 19860 ns, At safepoint: 295285 ns, Total: 1120250 ns
[2025-10-15T15:09:59.094-0700][1251][info ][gc,start    ] GC(469) Pause Young (Normal) (G1 Evacuation Pause)
[2025-10-15T15:09:59.094-0700][1251][info ][gc,task     ] GC(469) Using 113 workers of 113 for evacuation
[2025-10-15T15:09:59.113-0700][1251][debug][gc,remset   ] GC(469) Visited cards 28612352 Total dirty 82313216 (34.76%) Total old 535887872 (5.34%)
[2025-10-15T15:09:59.273-0700][1251][info ][gc,phases   ] GC(469)   Pre Evacuate Collection Set: 0.8ms
[2025-10-15T15:09:59.273-0700][1251][info ][gc,phases   ] GC(469)   Merge Heap Roots: 18.5ms
[2025-10-15T15:09:59.273-0700][1251][info ][gc,phases   ] GC(469)   Evacuate Collection Set: 137.5ms
[2025-10-15T15:09:59.273-0700][1251][info ][gc,phases   ] GC(469)   Post Evacuate Collection Set: 21.8ms
[2025-10-15T15:09:59.273-0700][1251][info ][gc,phases   ] GC(469)   Other: 0.2ms
[2025-10-15T15:09:59.273-0700][1251][debug][gc,remset   ] GC(469) Coarsening (recent): Inline->AoC 996944 (260) AoC->Howl 1502 (464) Howl->Full 0 (0) Inline->AoC 6114 (157) AoC->BitMap 1127 (379) BitMap->Full 0 (0)
[2025-10-15T15:09:59.273-0700][1251][debug][gc,remset   ] GC(469) Coarsening (all): Inline->AoC 251513379 (78040) AoC->Howl 1193186 (180256) Howl->Full 0 (0) Inline->AoC 5489720 (55125) AoC->BitMap 977390 (147817) BitMap->Full 9 (0)
[2025-10-15T15:09:59.273-0700][1251][info ][gc,heap     ] GC(469) Eden regions: 3279->0(3284)
[2025-10-15T15:09:59.273-0700][1251][info ][gc,heap     ] GC(469) Survivor regions: 177->172(432)
[2025-10-15T15:09:59.273-0700][1251][info ][gc,heap     ] GC(469) Old regions: 1264->1265
[2025-10-15T15:09:59.273-0700][1251][info ][gc,heap     ] GC(469) Humongous regions: 1->0
[2025-10-15T15:09:59.273-0700][1251][info ][gc,metaspace] GC(469) Metaspace: 304604K(309632K)->304604K(309632K) NonClass: 268835K(271424K)->268835K(271424K) Class: 35769K(38208K)->35769K(38208K)
[2025-10-15T15:09:59.273-0700][1251][info ][gc          ] GC(469) Pause Young (Normal) (G1 Evacuation Pause) 151044M->45940M(184320M) 179.001ms
[2025-10-15T15:09:59.274-0700][1251][info ][gc,cpu      ] GC(469) User=17.65s Sys=0.19s Real=0.18s
[2025-10-15T15:09:59.275-0700][1251][info ][safepoint   ] Safepoint "G1CollectForAllocation", Time since last: 689546898 ns, Reaching safepoint: 4920021 ns, Cleanup: 14883 ns, At safepoint: 182246249 ns, Total: 187181153 ns
[2025-10-15T15:10:00.278-0700][1251][info ][safepoint   ] Safepoint "Cleanup", Time since last: 1000082215 ns, Reaching safepoint: 2768196 ns, Cleanup: 50386 ns, At safepoint: 586154 ns, Total: 3404736 ns
[2025-10-15T15:10:01.280-0700][1251][info ][safepoint   ] Safepoint "Cleanup", Time since last: 1000102796 ns, Reaching safepoint: 872215 ns, Cleanup: 34262 ns, At safepoint: 323668 ns, Total: 1230145 ns
[2025-10-15T15:10:02.281-0700][1251][info ][safepoint   ] Safepoint "Cleanup", Time since last: 1000101564 ns, Reaching safepoint: 848150 ns, Cleanup: 75944 ns, At safepoint: 298831 ns, Total: 1222925 ns
[2025-10-15T15:10:03.282-0700][1251][info ][safepoint   ] Safepoint "Cleanup", Time since last: 1000110678 ns, Reaching safepoint: 807398 ns, Cleanup: 39960 ns, At safepoint: 283818 ns, Total: 1131176 ns
[2025-10-15T15:10:05.116-0700][1251][info ][gc,start    ] GC(470) Pause Young (Normal) (G1 Evacuation Pause)
[2025-10-15T15:10:05.116-0700][1251][info ][gc,task     ] GC(470) Using 113 workers of 113 for evacuation
[2025-10-15T15:10:05.135-0700][1251][debug][gc,remset   ] GC(470) Visited cards 28548096 Total dirty 82509824 (34.60%) Total old 536018944 (5.33%)
[2025-10-15T15:10:05.308-0700][1251][info ][gc,phases   ] GC(470)   Pre Evacuate Collection Set: 0.8ms
[2025-10-15T15:10:05.308-0700][1251][info ][gc,phases   ] GC(470)   Merge Heap Roots: 18.5ms
[2025-10-15T15:10:05.308-0700][1251][info ][gc,phases   ] GC(470)   Evacuate Collection Set: 150.1ms
[2025-10-15T15:10:05.308-0700][1251][info ][gc,phases   ] GC(470)   Post Evacuate Collection Set: 22.8ms
[2025-10-15T15:10:05.308-0700][1251][info ][gc,phases   ] GC(470)   Other: 0.2ms
[2025-10-15T15:10:05.308-0700][1251][debug][gc,remset   ] GC(470) Coarsening (recent): Inline->AoC 1003859 (237) AoC->Howl 1758 (565) Howl->Full 0 (0) Inline->AoC 7206 (174) AoC->BitMap 1475 (547) BitMap->Full 0 (0)
[2025-10-15T15:10:05.308-0700][1251][debug][gc,remset   ] GC(470) Coarsening (all): Inline->AoC 252517238 (78277) AoC->Howl 1194944 (180821) Howl->Full 0 (0) Inline->AoC 5496926 (55299) AoC->BitMap 978865 (148364) BitMap->Full 9 (0)
[2025-10-15T15:10:05.308-0700][1251][info ][gc,heap     ] GC(470) Eden regions: 3284->0(3269)
[2025-10-15T15:10:05.308-0700][1251][info ][gc,heap     ] GC(470) Survivor regions: 172->187(432)
[2025-10-15T15:10:05.308-0700][1251][info ][gc,heap     ] GC(470) Old regions: 1265->1266
[2025-10-15T15:10:05.308-0700][1251][info ][gc,heap     ] GC(470) Humongous regions: 2->0
[2025-10-15T15:10:05.308-0700][1251][info ][gc,metaspace] GC(470) Metaspace: 304633K(309696K)->304633K(309696K) NonClass: 268862K(271488K)->268862K(271488K) Class: 35771K(38208K)->35771K(38208K)
[2025-10-15T15:10:05.308-0700][1251][info ][gc          ] GC(470) Pause Young (Normal) (G1 Evacuation Pause) 151092M->46452M(184320M) 192.605ms
[2025-10-15T15:10:05.309-0700][1251][info ][gc,cpu      ] GC(470) User=18.82s Sys=0.20s Real=0.20s
[2025-10-15T15:10:05.310-0700][1251][info ][safepoint   ] Safepoint "G1CollectForAllocation", Time since last: 1829657158 ns, Reaching safepoint: 2379730 ns, Cleanup: 5158 ns, At safepoint: 196047588 ns, Total: 198432476 ns
[2025-10-15T15:10:06.313-0700][1251][info ][safepoint   ] Safepoint "Cleanup", Time since last: 1000092701 ns, Reaching safepoint: 1181051 ns, Cleanup: 33020 ns, At safepoint: 823743 ns, Total: 2037814 ns
[2025-10-15T15:10:07.480-0700][1251][info ][safepoint   ] Safepoint "Cleanup", Time since last: 1160278823 ns, Reaching safepoint: 5876975 ns, Cleanup: 14512 ns, At safepoint: 1087951 ns, Total: 6979438 ns
[2025-10-15T15:10:08.484-0700][1251][info ][safepoint   ] Safepoint "Cleanup", Time since last: 1000910274 ns, Reaching safepoint: 1128172 ns, Cleanup: 18007 ns, At safepoint: 2198286 ns, Total: 3344465 ns
[2025-10-15T15:10:10.617-0700][1251][info ][gc,start    ] GC(471) Pause Young (Normal) (G1 Evacuation Pause)
[2025-10-15T15:10:10.617-0700][1251][info ][gc,task     ] GC(471) Using 113 workers of 113 for evacuation
[2025-10-15T15:10:10.635-0700][1251][debug][gc,remset   ] GC(471) Visited cards 29106688 Total dirty 82575360 (35.25%) Total old 536018944 (5.43%)
[2025-10-15T15:10:10.807-0700][1251][info ][gc,phases   ] GC(471)   Pre Evacuate Collection Set: 0.8ms
[2025-10-15T15:10:10.807-0700][1251][info ][gc,phases   ] GC(471)   Merge Heap Roots: 17.5ms
[2025-10-15T15:10:10.807-0700][1251][info ][gc,phases   ] GC(471)   Evacuate Collection Set: 148.8ms
[2025-10-15T15:10:10.807-0700][1251][info ][gc,phases   ] GC(471)   Post Evacuate Collection Set: 22.8ms
[2025-10-15T15:10:10.807-0700][1251][info ][gc,phases   ] GC(471)   Other: 0.2ms
[2025-10-15T15:10:10.807-0700][1251][debug][gc,remset   ] GC(471) Coarsening (recent): Inline->AoC 876368 (209) AoC->Howl 1513 (423) Howl->Full 0 (0) Inline->AoC 6494 (140) AoC->BitMap 1058 (336) BitMap->Full 0 (0)
[2025-10-15T15:10:10.807-0700][1251][debug][gc,remset   ] GC(471) Coarsening (all): Inline->AoC 253393606 (78486) AoC->Howl 1196457 (181244) Howl->Full 0 (0) Inline->AoC 5503420 (55439) AoC->BitMap 979923 (148700) BitMap->Full 9 (0)
[2025-10-15T15:10:10.807-0700][1251][info ][gc,heap     ] GC(471) Eden regions: 3269->0(3266)
[2025-10-15T15:10:10.807-0700][1251][info ][gc,heap     ] GC(471) Survivor regions: 187->190(432)
[2025-10-15T15:10:10.807-0700][1251][info ][gc,heap     ] GC(471) Old regions: 1266->1268
[2025-10-15T15:10:10.807-0700][1251][info ][gc,heap     ] GC(471) Humongous regions: 1->0
[2025-10-15T15:10:10.807-0700][1251][info ][gc,metaspace] GC(471) Metaspace: 304636K(309696K)->304636K(309696K) NonClass: 268864K(271488K)->268864K(271488K) Class: 35771K(38208K)->35771K(38208K)
[2025-10-15T15:10:10.807-0700][1251][info ][gc          ] GC(471) Pause Young (Normal) (G1 Evacuation Pause) 151092M->46613M(184320M) 190.315ms
[2025-10-15T15:10:10.808-0700][1251][info ][gc,cpu      ] GC(471) User=18.27s Sys=0.30s Real=0.20s
[2025-10-15T15:10:10.810-0700][1251][info ][safepoint   ] Safepoint "G1CollectForAllocation", Time since last: 2129846068 ns, Reaching safepoint: 1821268 ns, Cleanup: 6159 ns, At safepoint: 193866949 ns, Total: 195694376 ns
[2025-10-15T15:10:16.514-0700][1251][info ][gc,start    ] GC(472) Pause Young (Normal) (G1 Evacuation Pause)
[2025-10-15T15:10:16.514-0700][1251][info ][gc,task     ] GC(472) Using 113 workers of 113 for evacuation
[2025-10-15T15:10:16.532-0700][1251][debug][gc,remset   ] GC(472) Visited cards 28475392 Total dirty 82575360 (34.48%) Total old 536084480 (5.31%)
[2025-10-15T15:10:16.697-0700][1251][info ][gc,phases   ] GC(472)   Pre Evacuate Collection Set: 0.8ms
[2025-10-15T15:10:16.697-0700][1251][info ][gc,phases   ] GC(472)   Merge Heap Roots: 16.7ms
[2025-10-15T15:10:16.697-0700][1251][info ][gc,phases   ] GC(472)   Evacuate Collection Set: 142.5ms
[2025-10-15T15:10:16.697-0700][1251][info ][gc,phases   ] GC(472)   Post Evacuate Collection Set: 23.0ms
[2025-10-15T15:10:16.697-0700][1251][info ][gc,phases   ] GC(472)   Other: 0.2ms
[2025-10-15T15:10:16.697-0700][1251][debug][gc,remset   ] GC(472) Coarsening (recent): Inline->AoC 991933 (228) AoC->Howl 1555 (484) Howl->Full 0 (0) Inline->AoC 6266 (170) AoC->BitMap 1338 (504) BitMap->Full 0 (0)
[2025-10-15T15:10:16.697-0700][1251][debug][gc,remset   ] GC(472) Coarsening (all): Inline->AoC 254385539 (78714) AoC->Howl 1198012 (181728) Howl->Full 0 (0) Inline->AoC 5509686 (55609) AoC->BitMap 981261 (149204) BitMap->Full 9 (0)
[2025-10-15T15:10:16.697-0700][1251][info ][gc,heap     ] GC(472) Eden regions: 3266->0(3271)
[2025-10-15T15:10:16.697-0700][1251][info ][gc,heap     ] GC(472) Survivor regions: 190->185(432)
[2025-10-15T15:10:16.697-0700][1251][info ][gc,heap     ] GC(472) Old regions: 1268->1270
[2025-10-15T15:10:16.697-0700][1251][info ][gc,heap     ] GC(472) Humongous regions: 0->0
[2025-10-15T15:10:16.698-0700][1251][info ][gc,metaspace] GC(472) Metaspace: 304640K(309696K)->304640K(309696K) NonClass: 268867K(271488K)->268867K(271488K) Class: 35772K(38208K)->35772K(38208K)
[2025-10-15T15:10:16.698-0700][1251][info ][gc          ] GC(472) Pause Young (Normal) (G1 Evacuation Pause) 151125M->46514M(184320M) 183.264ms
[2025-10-15T15:10:16.699-0700][1251][info ][gc,cpu      ] GC(472) User=17.74s Sys=0.21s Real=0.19s
[2025-10-15T15:10:16.700-0700][1251][info ][safepoint   ] Safepoint "G1CollectForAllocation", Time since last: 5701325980 ns, Reaching safepoint: 2132366 ns, Cleanup: 5008 ns, At safepoint: 186723313 ns, Total: 188860687 ns
[2025-10-15T15:10:23.117-0700][1251][info ][gc,start    ] GC(473) Pause Young (Normal) (G1 Evacuation Pause)
[2025-10-15T15:10:23.117-0700][1251][info ][gc,task     ] GC(473) Using 113 workers of 113 for evacuation
[2025-10-15T15:10:23.137-0700][1251][debug][gc,remset   ] GC(473) Visited cards 28507648 Total dirty 82640896 (34.50%) Total old 536215552 (5.32%)
[2025-10-15T15:10:23.304-0700][1251][info ][gc,phases   ] GC(473)   Pre Evacuate Collection Set: 0.8ms
[2025-10-15T15:10:23.304-0700][1251][info ][gc,phases   ] GC(473)   Merge Heap Roots: 18.3ms
[2025-10-15T15:10:23.304-0700][1251][info ][gc,phases   ] GC(473)   Evacuate Collection Set: 142.7ms
[2025-10-15T15:10:23.304-0700][1251][info ][gc,phases   ] GC(473)   Post Evacuate Collection Set: 24.4ms
[2025-10-15T15:10:23.304-0700][1251][info ][gc,phases   ] GC(473)   Other: 0.2ms
[2025-10-15T15:10:23.304-0700][1251][debug][gc,remset   ] GC(473) Coarsening (recent): Inline->AoC 1183354 (243) AoC->Howl 1524 (463) Howl->Full 0 (0) Inline->AoC 6139 (140) AoC->BitMap 1329 (497) BitMap->Full 0 (0)
[2025-10-15T15:10:23.304-0700][1251][debug][gc,remset   ] GC(473) Coarsening (all): Inline->AoC 255568893 (78957) AoC->Howl 1199536 (182191) Howl->Full 0 (0) Inline->AoC 5515825 (55749) AoC->BitMap 982590 (149701) BitMap->Full 9 (0)
[2025-10-15T15:10:23.304-0700][1251][info ][gc,heap     ] GC(473) Eden regions: 3271->0(3270)
[2025-10-15T15:10:23.304-0700][1251][info ][gc,heap     ] GC(473) Survivor regions: 185->186(432)
[2025-10-15T15:10:23.304-0700][1251][info ][gc,heap     ] GC(473) Old regions: 1270->1271
[2025-10-15T15:10:23.304-0700][1251][info ][gc,heap     ] GC(473) Humongous regions: 0->0
[2025-10-15T15:10:23.304-0700][1251][info ][gc,metaspace] GC(473) Metaspace: 304646K(309696K)->304646K(309696K) NonClass: 268873K(271488K)->268873K(271488K) Class: 35772K(38208K)->35772K(38208K)
[2025-10-15T15:10:23.304-0700][1251][info ][gc          ] GC(473) Pause Young (Normal) (G1 Evacuation Pause) 151186M->46577M(184320M) 186.471ms
[2025-10-15T15:10:23.305-0700][1251][info ][gc,cpu      ] GC(473) User=18.14s Sys=0.24s Real=0.19s
[2025-10-15T15:10:23.306-0700][1251][info ][safepoint   ] Safepoint "G1CollectForAllocation", Time since last: 6409226704 ns, Reaching safepoint: 7077365 ns, Cleanup: 5999 ns, At safepoint: 189825283 ns, Total: 196908647 ns
[2025-10-15T15:10:29.072-0700][1251][info ][gc,start    ] GC(474) Pause Young (Normal) (G1 Evacuation Pause)
[2025-10-15T15:10:29.072-0700][1251][info ][gc,task     ] GC(474) Using 113 workers of 113 for evacuation
[2025-10-15T15:10:29.091-0700][1251][debug][gc,remset   ] GC(474) Visited cards 28646656 Total dirty 82706432 (34.64%) Total old 536281088 (5.34%)
[2025-10-15T15:10:29.258-0700][1251][info ][gc,phases   ] GC(474)   Pre Evacuate Collection Set: 0.8ms
[2025-10-15T15:10:29.258-0700][1251][info ][gc,phases   ] GC(474)   Merge Heap Roots: 18.5ms
[2025-10-15T15:10:29.258-0700][1251][info ][gc,phases   ] GC(474)   Evacuate Collection Set: 142.5ms
[2025-10-15T15:10:29.258-0700][1251][info ][gc,phases   ] GC(474)   Post Evacuate Collection Set: 24.6ms
[2025-10-15T15:10:29.258-0700][1251][info ][gc,phases   ] GC(474)   Other: 0.2ms
[2025-10-15T15:10:29.258-0700][1251][debug][gc,remset   ] GC(474) Coarsening (recent): Inline->AoC 1060886 (218) AoC->Howl 1552 (515) Howl->Full 0 (0) Inline->AoC 6094 (154) AoC->BitMap 1333 (529) BitMap->Full 0 (0)
[2025-10-15T15:10:29.258-0700][1251][debug][gc,remset   ] GC(474) Coarsening (all): Inline->AoC 256629779 (79175) AoC->Howl 1201088 (182706) Howl->Full 0 (0) Inline->AoC 5521919 (55903) AoC->BitMap 983923 (150230) BitMap->Full 9 (0)
[2025-10-15T15:10:29.258-0700][1251][info ][gc,heap     ] GC(474) Eden regions: 3270->0(3273)
[2025-10-15T15:10:29.258-0700][1251][info ][gc,heap     ] GC(474) Survivor regions: 186->183(432)
[2025-10-15T15:10:29.258-0700][1251][info ][gc,heap     ] GC(474) Old regions: 1271->1271
[2025-10-15T15:10:29.258-0700][1251][info ][gc,heap     ] GC(474) Humongous regions: 0->0
[2025-10-15T15:10:29.258-0700][1251][info ][gc,metaspace] GC(474) Metaspace: 304646K(309696K)->304646K(309696K) NonClass: 268873K(271488K)->268873K(271488K) Class: 35772K(38208K)->35772K(38208K)
[2025-10-15T15:10:29.258-0700][1251][info ][gc          ] GC(474) Pause Young (Normal) (G1 Evacuation Pause) 151217M->46508M(184320M) 186.701ms
[2025-10-15T15:10:29.259-0700][1251][info ][gc,cpu      ] GC(474) User=18.21s Sys=0.18s Real=0.19s
[2025-10-15T15:10:29.260-0700][1251][info ][safepoint   ] Safepoint "G1CollectForAllocation", Time since last: 5761822926 ns, Reaching safepoint: 2721886 ns, Cleanup: 5248 ns, At safepoint: 190004653 ns, Total: 192731787 ns
[2025-10-15T15:10:34.724-0700][1251][info ][gc,start    ] GC(475) Pause Young (Normal) (G1 Evacuation Pause)
[2025-10-15T15:10:34.724-0700][1251][info ][gc,task     ] GC(475) Using 113 workers of 113 for evacuation
[2025-10-15T15:10:34.742-0700][1251][debug][gc,remset   ] GC(475) Visited cards 28626432 Total dirty 82640896 (34.64%) Total old 536281088 (5.34%)
[2025-10-15T15:10:34.913-0700][1251][info ][gc,phases   ] GC(475)   Pre Evacuate Collection Set: 0.7ms
[2025-10-15T15:10:34.913-0700][1251][info ][gc,phases   ] GC(475)   Merge Heap Roots: 17.3ms
[2025-10-15T15:10:34.913-0700][1251][info ][gc,phases   ] GC(475)   Evacuate Collection Set: 148.3ms
[2025-10-15T15:10:34.913-0700][1251][info ][gc,phases   ] GC(475)   Post Evacuate Collection Set: 22.7ms
[2025-10-15T15:10:34.913-0700][1251][info ][gc,phases   ] GC(475)   Other: 0.2ms
[2025-10-15T15:10:34.913-0700][1251][debug][gc,remset   ] GC(475) Coarsening (recent): Inline->AoC 955063 (230) AoC->Howl 1618 (521) Howl->Full 0 (0) Inline->AoC 6335 (175) AoC->BitMap 1317 (467) BitMap->Full 0 (0)
[2025-10-15T15:10:34.913-0700][1251][debug][gc,remset   ] GC(475) Coarsening (all): Inline->AoC 257584842 (79405) AoC->Howl 1202706 (183227) Howl->Full 0 (0) Inline->AoC 5528254 (56078) AoC->BitMap 985240 (150697) BitMap->Full 9 (0)
[2025-10-15T15:10:34.913-0700][1251][info ][gc,heap     ] GC(475) Eden regions: 3273->0(3266)
[2025-10-15T15:10:34.913-0700][1251][info ][gc,heap     ] GC(475) Survivor regions: 183->190(432)
[2025-10-15T15:10:34.913-0700][1251][info ][gc,heap     ] GC(475) Old regions: 1271->1271
[2025-10-15T15:10:34.913-0700][1251][info ][gc,heap     ] GC(475) Humongous regions: 0->0
[2025-10-15T15:10:34.913-0700][1251][info ][gc,metaspace] GC(475) Metaspace: 304646K(309696K)->304646K(309696K) NonClass: 268873K(271488K)->268873K(271488K) Class: 35772K(38208K)->35772K(38208K)
[2025-10-15T15:10:34.914-0700][1251][info ][gc          ] GC(475) Pause Young (Normal) (G1 Evacuation Pause) 151244M->46735M(184320M) 189.361ms
[2025-10-15T15:10:34.915-0700][1251][info ][gc,cpu      ] GC(475) User=18.24s Sys=0.18s Real=0.19s
[2025-10-15T15:10:34.916-0700][1251][info ][safepoint   ] Safepoint "G1CollectForAllocation", Time since last: 5460863504 ns, Reaching safepoint: 1638512 ns, Cleanup: 4757 ns, At safepoint: 192980109 ns, Total: 194623378 ns
[2025-10-15T15:10:41.045-0700][1251][info ][gc,start    ] GC(476) Pause Young (Normal) (G1 Evacuation Pause)
[2025-10-15T15:10:41.045-0700][1251][info ][gc,task     ] GC(476) Using 113 workers of 113 for evacuation
[2025-10-15T15:10:41.062-0700][1251][debug][gc,remset   ] GC(476) Visited cards 28308992 Total dirty 82575360 (34.28%) Total old 536281088 (5.28%)
[2025-10-15T15:10:41.224-0700][1251][info ][gc,phases   ] GC(476)   Pre Evacuate Collection Set: 0.7ms
[2025-10-15T15:10:41.224-0700][1251][info ][gc,phases   ] GC(476)   Merge Heap Roots: 15.8ms
[2025-10-15T15:10:41.224-0700][1251][info ][gc,phases   ] GC(476)   Evacuate Collection Set: 139.3ms
[2025-10-15T15:10:41.224-0700][1251][info ][gc,phases   ] GC(476)   Post Evacuate Collection Set: 22.1ms
[2025-10-15T15:10:41.224-0700][1251][info ][gc,phases   ] GC(476)   Other: 0.2ms
[2025-10-15T15:10:41.224-0700][1251][debug][gc,remset   ] GC(476) Coarsening (recent): Inline->AoC 1074684 (287) AoC->Howl 1612 (511) Howl->Full 0 (0) Inline->AoC 6429 (169) AoC->BitMap 1342 (505) BitMap->Full 0 (0)
[2025-10-15T15:10:41.224-0700][1251][debug][gc,remset   ] GC(476) Coarsening (all): Inline->AoC 258659526 (79692) AoC->Howl 1204318 (183738) Howl->Full 0 (0) Inline->AoC 5534683 (56247) AoC->BitMap 986582 (151202) BitMap->Full 9 (0)
[2025-10-15T15:10:41.224-0700][1251][info ][gc,heap     ] GC(476) Eden regions: 3266->0(3270)
[2025-10-15T15:10:41.224-0700][1251][info ][gc,heap     ] GC(476) Survivor regions: 190->186(432)
[2025-10-15T15:10:41.224-0700][1251][info ][gc,heap     ] GC(476) Old regions: 1271->1272
[2025-10-15T15:10:41.224-0700][1251][info ][gc,heap     ] GC(476) Humongous regions: 0->0
[2025-10-15T15:10:41.224-0700][1251][info ][gc,metaspace] GC(476) Metaspace: 304646K(309696K)->304646K(309696K) NonClass: 268873K(271488K)->268873K(271488K) Class: 35772K(38208K)->35772K(38208K)
[2025-10-15T15:10:41.224-0700][1251][info ][gc          ] GC(476) Pause Young (Normal) (G1 Evacuation Pause) 151247M->46621M(184320M) 178.236ms
[2025-10-15T15:10:41.225-0700][1251][info ][gc,cpu      ] GC(476) User=17.62s Sys=0.45s Real=0.18s
[2025-10-15T15:10:41.226-0700][1251][info ][safepoint   ] Safepoint "G1CollectForAllocation", Time since last: 6127560823 ns, Reaching safepoint: 759896 ns, Cleanup: 4457 ns, At safepoint: 181618395 ns, Total: 182382748 ns
[2025-10-15T15:10:44.227-0700][1251][info ][safepoint   ] Safepoint "Cleanup", Time since last: 3000187891 ns, Reaching safepoint: 805124 ns, Cleanup: 12669 ns, At safepoint: 170387 ns, Total: 988180 ns
[2025-10-15T15:10:45.228-0700][1251][info ][safepoint   ] Safepoint "Cleanup", Time since last: 1000097219 ns, Reaching safepoint: 855511 ns, Cleanup: 11908 ns, At safepoint: 343688 ns, Total: 1211107 ns
[2025-10-15T15:10:47.606-0700][1251][info ][gc,start    ] GC(477) Pause Young (Normal) (G1 Evacuation Pause)
[2025-10-15T15:10:47.606-0700][1251][info ][gc,task     ] GC(477) Using 113 workers of 113 for evacuation
[2025-10-15T15:10:47.625-0700][1251][debug][gc,remset   ] GC(477) Visited cards 28573184 Total dirty 82771968 (34.52%) Total old 536346624 (5.33%)
[2025-10-15T15:10:47.796-0700][1251][info ][gc,phases   ] GC(477)   Pre Evacuate Collection Set: 0.8ms
[2025-10-15T15:10:47.796-0700][1251][info ][gc,phases   ] GC(477)   Merge Heap Roots: 17.9ms
[2025-10-15T15:10:47.796-0700][1251][info ][gc,phases   ] GC(477)   Evacuate Collection Set: 148.1ms
[2025-10-15T15:10:47.796-0700][1251][info ][gc,phases   ] GC(477)   Post Evacuate Collection Set: 22.7ms
[2025-10-15T15:10:47.796-0700][1251][info ][gc,phases   ] GC(477)   Other: 0.2ms
[2025-10-15T15:10:47.796-0700][1251][debug][gc,remset   ] GC(477) Coarsening (recent): Inline->AoC 1157185 (258) AoC->Howl 1594 (553) Howl->Full 0 (0) Inline->AoC 6155 (177) AoC->BitMap 1347 (508) BitMap->Full 0 (0)
[2025-10-15T15:10:47.796-0700][1251][debug][gc,remset   ] GC(477) Coarsening (all): Inline->AoC 259816711 (79950) AoC->Howl 1205912 (184291) Howl->Full 0 (0) Inline->AoC 5540838 (56424) AoC->BitMap 987929 (151710) BitMap->Full 9 (0)
[2025-10-15T15:10:47.796-0700][1251][info ][gc,heap     ] GC(477) Eden regions: 3270->0(3268)
[2025-10-15T15:10:47.796-0700][1251][info ][gc,heap     ] GC(477) Survivor regions: 186->188(432)
[2025-10-15T15:10:47.796-0700][1251][info ][gc,heap     ] GC(477) Old regions: 1272->1273
[2025-10-15T15:10:47.796-0700][1251][info ][gc,heap     ] GC(477) Humongous regions: 0->0
[2025-10-15T15:10:47.796-0700][1251][info ][gc,metaspace] GC(477) Metaspace: 304647K(309696K)->304647K(309696K) NonClass: 268874K(271488K)->268874K(271488K) Class: 35772K(38208K)->35772K(38208K)
[2025-10-15T15:10:47.796-0700][1251][info ][gc          ] GC(477) Pause Young (Normal) (G1 Evacuation Pause) 151261M->46721M(184320M) 189.830ms
[2025-10-15T15:10:47.797-0700][1251][info ][gc,cpu      ] GC(477) User=18.42s Sys=0.24s Real=0.19s
[2025-10-15T15:10:47.798-0700][1251][info ][safepoint   ] Safepoint "G1CollectForAllocation", Time since last: 2368452724 ns, Reaching safepoint: 7914568 ns, Cleanup: 6700 ns, At safepoint: 193229951 ns, Total: 201151219 ns
[2025-10-15T15:10:54.140-0700][1251][info ][gc,start    ] GC(478) Pause Young (Normal) (G1 Evacuation Pause)
[2025-10-15T15:10:54.140-0700][1251][info ][gc,task     ] GC(478) Using 113 workers of 113 for evacuation
[2025-10-15T15:10:54.159-0700][1251][debug][gc,remset   ] GC(478) Visited cards 28724480 Total dirty 82771968 (34.70%) Total old 536412160 (5.35%)
[2025-10-15T15:10:54.329-0700][1251][info ][gc,phases   ] GC(478)   Pre Evacuate Collection Set: 0.7ms
[2025-10-15T15:10:54.329-0700][1251][info ][gc,phases   ] GC(478)   Merge Heap Roots: 17.6ms
[2025-10-15T15:10:54.329-0700][1251][info ][gc,phases   ] GC(478)   Evacuate Collection Set: 147.5ms
[2025-10-15T15:10:54.329-0700][1251][info ][gc,phases   ] GC(478)   Post Evacuate Collection Set: 23.2ms
[2025-10-15T15:10:54.329-0700][1251][info ][gc,phases   ] GC(478)   Other: 0.2ms
[2025-10-15T15:10:54.329-0700][1251][debug][gc,remset   ] GC(478) Coarsening (recent): Inline->AoC 1176368 (261) AoC->Howl 1543 (485) Howl->Full 0 (0) Inline->AoC 6154 (146) AoC->BitMap 1101 (394) BitMap->Full 0 (0)
[2025-10-15T15:10:54.329-0700][1251][debug][gc,remset   ] GC(478) Coarsening (all): Inline->AoC 260993079 (80211) AoC->Howl 1207455 (184776) Howl->Full 0 (0) Inline->AoC 5546992 (56570) AoC->BitMap 989030 (152104) BitMap->Full 9 (0)
[2025-10-15T15:10:54.329-0700][1251][info ][gc,heap     ] GC(478) Eden regions: 3268->0(3267)
[2025-10-15T15:10:54.329-0700][1251][info ][gc,heap     ] GC(478) Survivor regions: 188->189(432)
[2025-10-15T15:10:54.329-0700][1251][info ][gc,heap     ] GC(478) Old regions: 1273->1273
[2025-10-15T15:10:54.329-0700][1251][info ][gc,heap     ] GC(478) Humongous regions: 0->0
[2025-10-15T15:10:54.330-0700][1251][info ][gc,metaspace] GC(478) Metaspace: 304647K(309696K)->304647K(309696K) NonClass: 268874K(271488K)->268874K(271488K) Class: 35772K(38208K)->35772K(38208K)
[2025-10-15T15:10:54.330-0700][1251][info ][gc          ] GC(478) Pause Young (Normal) (G1 Evacuation Pause) 151297M->46760M(184320M) 189.356ms
[2025-10-15T15:10:54.331-0700][1251][info ][gc,cpu      ] GC(478) User=18.46s Sys=0.25s Real=0.19s
[2025-10-15T15:10:54.332-0700][1251][info ][safepoint   ] Safepoint "G1CollectForAllocation", Time since last: 6339354907 ns, Reaching safepoint: 1646975 ns, Cleanup: 5718 ns, At safepoint: 192758300 ns, Total: 194410993 ns
[2025-10-15T15:10:56.333-0700][1251][info ][safepoint   ] Safepoint "Cleanup", Time since last: 2000142076 ns, Reaching safepoint: 870252 ns, Cleanup: 10396 ns, At safepoint: 269316 ns, Total: 1149964 ns
[2025-10-15T15:10:59.334-0700][1251][info ][safepoint   ] Safepoint "Cleanup", Time since last: 3000191046 ns, Reaching safepoint: 880167 ns, Cleanup: 27712 ns, At safepoint: 296437 ns, Total: 1204316 ns
[2025-10-15T15:11:00.336-0700][1251][info ][safepoint   ] Safepoint "Cleanup", Time since last: 1000093377 ns, Reaching safepoint: 1122273 ns, Cleanup: 10956 ns, At safepoint: 396037 ns, Total: 1529266 ns
[2025-10-15T15:11:00.567-0700][1251][info ][gc,start    ] GC(479) Pause Young (Normal) (G1 Evacuation Pause)
[2025-10-15T15:11:00.567-0700][1251][info ][gc,task     ] GC(479) Using 113 workers of 113 for evacuation
[2025-10-15T15:11:00.585-0700][1251][debug][gc,remset   ] GC(479) Visited cards 28546304 Total dirty 82706432 (34.52%) Total old 536412160 (5.32%)
[2025-10-15T15:11:00.754-0700][1251][info ][gc,phases   ] GC(479)   Pre Evacuate Collection Set: 0.7ms
[2025-10-15T15:11:00.754-0700][1251][info ][gc,phases   ] GC(479)   Merge Heap Roots: 17.4ms
[2025-10-15T15:11:00.754-0700][1251][info ][gc,phases   ] GC(479)   Evacuate Collection Set: 145.1ms
[2025-10-15T15:11:00.754-0700][1251][info ][gc,phases   ] GC(479)   Post Evacuate Collection Set: 23.5ms
[2025-10-15T15:11:00.754-0700][1251][info ][gc,phases   ] GC(479)   Other: 0.2ms
[2025-10-15T15:11:00.754-0700][1251][debug][gc,remset   ] GC(479) Coarsening (recent): Inline->AoC 1201698 (232) AoC->Howl 1602 (546) Howl->Full 0 (0) Inline->AoC 6330 (172) AoC->BitMap 1334 (532) BitMap->Full 0 (0)
[2025-10-15T15:11:00.754-0700][1251][debug][gc,remset   ] GC(479) Coarsening (all): Inline->AoC 262194777 (80443) AoC->Howl 1209057 (185322) Howl->Full 0 (0) Inline->AoC 5553322 (56742) AoC->BitMap 990364 (152636) BitMap->Full 9 (0)
[2025-10-15T15:11:00.754-0700][1251][info ][gc,heap     ] GC(479) Eden regions: 3267->0(3267)
[2025-10-15T15:11:00.754-0700][1251][info ][gc,heap     ] GC(479) Survivor regions: 189->189(432)
[2025-10-15T15:11:00.754-0700][1251][info ][gc,heap     ] GC(479) Old regions: 1273->1274
[2025-10-15T15:11:00.754-0700][1251][info ][gc,heap     ] GC(479) Humongous regions: 0->0
[2025-10-15T15:11:00.754-0700][1251][info ][gc,metaspace] GC(479) Metaspace: 304653K(309696K)->304653K(309696K) NonClass: 268880K(271488K)->268880K(271488K) Class: 35772K(38208K)->35772K(38208K)
[2025-10-15T15:11:00.754-0700][1251][info ][gc          ] GC(479) Pause Young (Normal) (G1 Evacuation Pause) 151304M->46777M(184320M) 187.003ms
[2025-10-15T15:11:00.755-0700][1251][info ][gc,cpu      ] GC(479) User=18.47s Sys=0.18s Real=0.19s
[2025-10-15T15:11:00.756-0700][1251][info ][safepoint   ] Safepoint "G1CollectForAllocation", Time since last: 227783102 ns, Reaching safepoint: 1775368 ns, Cleanup: 5148 ns, At safepoint: 190421124 ns, Total: 192201640 ns
[2025-10-15T15:11:07.154-0700][1251][info ][gc,start    ] GC(480) Pause Young (Normal) (G1 Evacuation Pause)
[2025-10-15T15:11:07.154-0700][1251][info ][gc,task     ] GC(480) Using 113 workers of 113 for evacuation
[2025-10-15T15:11:07.172-0700][1251][debug][gc,remset   ] GC(480) Visited cards 28723200 Total dirty 82771968 (34.70%) Total old 536477696 (5.35%)
[2025-10-15T15:11:07.341-0700][1251][info ][gc,phases   ] GC(480)   Pre Evacuate Collection Set: 0.8ms
[2025-10-15T15:11:07.341-0700][1251][info ][gc,phases   ] GC(480)   Merge Heap Roots: 17.6ms
[2025-10-15T15:11:07.341-0700][1251][info ][gc,phases   ] GC(480)   Evacuate Collection Set: 146.5ms
[2025-10-15T15:11:07.341-0700][1251][info ][gc,phases   ] GC(480)   Post Evacuate Collection Set: 22.4ms
[2025-10-15T15:11:07.341-0700][1251][info ][gc,phases   ] GC(480)   Other: 0.2ms
[2025-10-15T15:11:07.341-0700][1251][debug][gc,remset   ] GC(480) Coarsening (recent): Inline->AoC 1164287 (241) AoC->Howl 1573 (530) Howl->Full 0 (0) Inline->AoC 6109 (180) AoC->BitMap 1458 (582) BitMap->Full 0 (0)
[2025-10-15T15:11:07.341-0700][1251][debug][gc,remset   ] GC(480) Coarsening (all): Inline->AoC 263359064 (80684) AoC->Howl 1210630 (185852) Howl->Full 0 (0) Inline->AoC 5559431 (56922) AoC->BitMap 991822 (153218) BitMap->Full 9 (0)
[2025-10-15T15:11:07.341-0700][1251][info ][gc,heap     ] GC(480) Eden regions: 3267->0(3268)
[2025-10-15T15:11:07.341-0700][1251][info ][gc,heap     ] GC(480) Survivor regions: 189->188(432)
[2025-10-15T15:11:07.341-0700][1251][info ][gc,heap     ] GC(480) Old regions: 1274->1274
[2025-10-15T15:11:07.341-0700][1251][info ][gc,heap     ] GC(480) Humongous regions: 0->0
[2025-10-15T15:11:07.341-0700][1251][info ][gc,metaspace] GC(480) Metaspace: 304653K(309696K)->304653K(309696K) NonClass: 268880K(271488K)->268880K(271488K) Class: 35772K(38208K)->35772K(38208K)
[2025-10-15T15:11:07.341-0700][1251][info ][gc          ] GC(480) Pause Young (Normal) (G1 Evacuation Pause) 151321M->46763M(184320M) 187.711ms
[2025-10-15T15:11:07.342-0700][1251][info ][gc,cpu      ] GC(480) User=18.38s Sys=0.32s Real=0.19s
[2025-10-15T15:11:07.343-0700][1251][info ][safepoint   ] Safepoint "G1CollectForAllocation", Time since last: 6392644225 ns, Reaching safepoint: 3655254 ns, Cleanup: 5488 ns, At safepoint: 191070624 ns, Total: 194731366 ns
[2025-10-15T15:11:11.345-0700][1251][info ][safepoint   ] Safepoint "Cleanup", Time since last: 4000231642 ns, Reaching safepoint: 1205649 ns, Cleanup: 31568 ns, At safepoint: 137797 ns, Total: 1375014 ns
[2025-10-15T15:11:12.346-0700][1251][info ][safepoint   ] Safepoint "Cleanup", Time since last: 1000102270 ns, Reaching safepoint: 1039989 ns, Cleanup: 95104 ns, At safepoint: 193582 ns, Total: 1328675 ns
[2025-10-15T15:11:13.348-0700][1251][info ][safepoint   ] Safepoint "Cleanup", Time since last: 1000101498 ns, Reaching safepoint: 744894 ns, Cleanup: 10796 ns, At safepoint: 175585 ns, Total: 931275 ns
[2025-10-15T15:11:13.680-0700][1251][info ][gc,start    ] GC(481) Pause Young (Normal) (G1 Evacuation Pause)
[2025-10-15T15:11:13.680-0700][1251][info ][gc,task     ] GC(481) Using 113 workers of 113 for evacuation
[2025-10-15T15:11:13.699-0700][1251][debug][gc,remset   ] GC(481) Visited cards 28734208 Total dirty 82771968 (34.71%) Total old 536543232 (5.36%)
[2025-10-15T15:11:13.872-0700][1251][info ][gc,phases   ] GC(481)   Pre Evacuate Collection Set: 0.8ms
[2025-10-15T15:11:13.872-0700][1251][info ][gc,phases   ] GC(481)   Merge Heap Roots: 18.9ms
[2025-10-15T15:11:13.872-0700][1251][info ][gc,phases   ] GC(481)   Evacuate Collection Set: 148.2ms
[2025-10-15T15:11:13.872-0700][1251][info ][gc,phases   ] GC(481)   Post Evacuate Collection Set: 24.5ms
[2025-10-15T15:11:13.872-0700][1251][info ][gc,phases   ] GC(481)   Other: 0.2ms
[2025-10-15T15:11:13.872-0700][1251][debug][gc,remset   ] GC(481) Coarsening (recent): Inline->AoC 1030785 (216) AoC->Howl 1557 (489) Howl->Full 0 (0) Inline->AoC 6184 (175) AoC->BitMap 1333 (504) BitMap->Full 0 (0)
[2025-10-15T15:11:13.872-0700][1251][debug][gc,remset   ] GC(481) Coarsening (all): Inline->AoC 264389849 (80900) AoC->Howl 1212187 (186341) Howl->Full 0 (0) Inline->AoC 5565615 (57097) AoC->BitMap 993155 (153722) BitMap->Full 9 (0)
[2025-10-15T15:11:13.872-0700][1251][info ][gc,heap     ] GC(481) Eden regions: 3268->0(3267)
[2025-10-15T15:11:13.872-0700][1251][info ][gc,heap     ] GC(481) Survivor regions: 188->189(432)
[2025-10-15T15:11:13.872-0700][1251][info ][gc,heap     ] GC(481) Old regions: 1274->1274
[2025-10-15T15:11:13.872-0700][1251][info ][gc,heap     ] GC(481) Humongous regions: 1->0
[2025-10-15T15:11:13.872-0700][1251][info ][gc,metaspace] GC(481) Metaspace: 304664K(309696K)->304664K(309696K) NonClass: 268891K(271488K)->268891K(271488K) Class: 35772K(38208K)->35772K(38208K)
[2025-10-15T15:11:13.872-0700][1251][info ][gc          ] GC(481) Pause Young (Normal) (G1 Evacuation Pause) 151371M->46815M(184320M) 192.750ms
[2025-10-15T15:11:13.873-0700][1251][info ][gc,cpu      ] GC(481) User=18.44s Sys=0.12s Real=0.19s
[2025-10-15T15:11:13.874-0700][1251][info ][safepoint   ] Safepoint "G1CollectForAllocation", Time since last: 326147717 ns, Reaching safepoint: 4715673 ns, Cleanup: 31988 ns, At safepoint: 196090837 ns, Total: 200838498 ns
[2025-10-15T15:11:14.876-0700][1251][info ][safepoint   ] Safepoint "Cleanup", Time since last: 1000090692 ns, Reaching safepoint: 934069 ns, Cleanup: 55774 ns, At safepoint: 321335 ns, Total: 1311178 ns
[2025-10-15T15:11:15.878-0700][1251][info ][safepoint   ] Safepoint "Cleanup", Time since last: 1000121589 ns, Reaching safepoint: 1527584 ns, Cleanup: 11478 ns, At safepoint: 880317 ns, Total: 2419379 ns
[2025-10-15T15:11:18.880-0700][1251][info ][safepoint   ] Safepoint "Cleanup", Time since last: 3000243275 ns, Reaching safepoint: 773116 ns, Cleanup: 15944 ns, At safepoint: 298971 ns, Total: 1088031 ns
[2025-10-15T15:11:19.117-0700][1251][info ][gc,start    ] GC(482) Pause Young (Normal) (G1 Evacuation Pause)
[2025-10-15T15:11:19.117-0700][1251][info ][gc,task     ] GC(482) Using 113 workers of 113 for evacuation
[2025-10-15T15:11:19.135-0700][1251][debug][gc,remset   ] GC(482) Visited cards 28813824 Total dirty 82771968 (34.81%) Total old 536477696 (5.37%)
[2025-10-15T15:11:19.314-0700][1251][info ][gc,phases   ] GC(482)   Pre Evacuate Collection Set: 0.8ms
[2025-10-15T15:11:19.314-0700][1251][info ][gc,phases   ] GC(482)   Merge Heap Roots: 17.2ms
[2025-10-15T15:11:19.314-0700][1251][info ][gc,phases   ] GC(482)   Evacuate Collection Set: 154.9ms
[2025-10-15T15:11:19.314-0700][1251][info ][gc,phases   ] GC(482)   Post Evacuate Collection Set: 24.0ms
[2025-10-15T15:11:19.314-0700][1251][info ][gc,phases   ] GC(482)   Other: 0.2ms
[2025-10-15T15:11:19.314-0700][1251][debug][gc,remset   ] GC(482) Coarsening (recent): Inline->AoC 806541 (176) AoC->Howl 1430 (355) Howl->Full 0 (0) Inline->AoC 6260 (98) AoC->BitMap 969 (328) BitMap->Full 0 (0)
[2025-10-15T15:11:19.314-0700][1251][debug][gc,remset   ] GC(482) Coarsening (all): Inline->AoC 265196390 (81076) AoC->Howl 1213617 (186696) Howl->Full 0 (0) Inline->AoC 5571875 (57195) AoC->BitMap 994124 (154050) BitMap->Full 9 (0)
[2025-10-15T15:11:19.314-0700][1251][info ][gc,heap     ] GC(482) Eden regions: 3267->0(3249)
[2025-10-15T15:11:19.314-0700][1251][info ][gc,heap     ] GC(482) Survivor regions: 189->207(432)
[2025-10-15T15:11:19.314-0700][1251][info ][gc,heap     ] GC(482) Old regions: 1274->1275
[2025-10-15T15:11:19.314-0700][1251][info ][gc,heap     ] GC(482) Humongous regions: 0->0
[2025-10-15T15:11:19.314-0700][1251][info ][gc,metaspace] GC(482) Metaspace: 304668K(309696K)->304668K(309696K) NonClass: 268895K(271488K)->268895K(271488K) Class: 35772K(38208K)->35772K(38208K)
[2025-10-15T15:11:19.314-0700][1251][info ][gc          ] GC(482) Pause Young (Normal) (G1 Evacuation Pause) 151359M->47402M(184320M) 197.351ms
[2025-10-15T15:11:19.315-0700][1251][info ][gc,cpu      ] GC(482) User=19.37s Sys=0.16s Real=0.20s
[2025-10-15T15:11:19.317-0700][1251][info ][safepoint   ] Safepoint "G1CollectForAllocation", Time since last: 234660646 ns, Reaching safepoint: 1286811 ns, Cleanup: 5268 ns, At safepoint: 200911528 ns, Total: 202203607 ns
[2025-10-15T15:11:24.972-0700][1251][info ][gc,start    ] GC(483) Pause Young (Normal) (G1 Evacuation Pause)
[2025-10-15T15:11:24.972-0700][1251][info ][gc,task     ] GC(483) Using 113 workers of 113 for evacuation
[2025-10-15T15:11:24.991-0700][1251][debug][gc,remset   ] GC(483) Visited cards 28896768 Total dirty 82903040 (34.86%) Total old 536543232 (5.39%)
[2025-10-15T15:11:25.167-0700][1251][info ][gc,phases   ] GC(483)   Pre Evacuate Collection Set: 0.8ms
[2025-10-15T15:11:25.167-0700][1251][info ][gc,phases   ] GC(483)   Merge Heap Roots: 18.2ms
[2025-10-15T15:11:25.167-0700][1251][info ][gc,phases   ] GC(483)   Evacuate Collection Set: 152.1ms
[2025-10-15T15:11:25.167-0700][1251][info ][gc,phases   ] GC(483)   Post Evacuate Collection Set: 24.1ms
[2025-10-15T15:11:25.167-0700][1251][info ][gc,phases   ] GC(483)   Other: 0.2ms
[2025-10-15T15:11:25.167-0700][1251][debug][gc,remset   ] GC(483) Coarsening (recent): Inline->AoC 926966 (242) AoC->Howl 1567 (472) Howl->Full 0 (0) Inline->AoC 6456 (147) AoC->BitMap 1340 (503) BitMap->Full 0 (0)
[2025-10-15T15:11:25.167-0700][1251][debug][gc,remset   ] GC(483) Coarsening (all): Inline->AoC 266123356 (81318) AoC->Howl 1215184 (187168) Howl->Full 0 (0) Inline->AoC 5578331 (57342) AoC->BitMap 995464 (154553) BitMap->Full 9 (0)
[2025-10-15T15:11:25.167-0700][1251][info ][gc,heap     ] GC(483) Eden regions: 3249->0(3252)
[2025-10-15T15:11:25.167-0700][1251][info ][gc,heap     ] GC(483) Survivor regions: 207->204(432)
[2025-10-15T15:11:25.167-0700][1251][info ][gc,heap     ] GC(483) Old regions: 1275->1275
[2025-10-15T15:11:25.167-0700][1251][info ][gc,heap     ] GC(483) Humongous regions: 0->0
[2025-10-15T15:11:25.167-0700][1251][info ][gc,metaspace] GC(483) Metaspace: 304668K(309696K)->304668K(309696K) NonClass: 268895K(271488K)->268895K(271488K) Class: 35772K(38208K)->35772K(38208K)
[2025-10-15T15:11:25.167-0700][1251][info ][gc          ] GC(483) Pause Young (Normal) (G1 Evacuation Pause) 151370M->47316M(184320M) 195.637ms
[2025-10-15T15:11:25.168-0700][1251][info ][gc,cpu      ] GC(483) User=18.75s Sys=0.17s Real=0.20s
[2025-10-15T15:11:25.169-0700][1251][info ][safepoint   ] Safepoint "G1CollectForAllocation", Time since last: 5651761676 ns, Reaching safepoint: 2158806 ns, Cleanup: 5779 ns, At safepoint: 198813514 ns, Total: 200978099 ns
[2025-10-15T15:11:26.171-0700][1251][info ][safepoint   ] Safepoint "Cleanup", Time since last: 1000094478 ns, Reaching safepoint: 825845 ns, Cleanup: 17677 ns, At safepoint: 266122 ns, Total: 1109644 ns
[2025-10-15T15:11:28.172-0700][1251][info ][safepoint   ] Safepoint "Cleanup", Time since last: 2000164689 ns, Reaching safepoint: 770943 ns, Cleanup: 10146 ns, At safepoint: 282175 ns, Total: 1063264 ns
[2025-10-15T15:11:31.380-0700][1251][info ][gc,start    ] GC(484) Pause Young (Normal) (G1 Evacuation Pause)
[2025-10-15T15:11:31.380-0700][1251][info ][gc,task     ] GC(484) Using 113 workers of 113 for evacuation
[2025-10-15T15:11:31.398-0700][1251][debug][gc,remset   ] GC(484) Visited cards 28584192 Total dirty 82903040 (34.48%) Total old 536543232 (5.33%)
[2025-10-15T15:11:31.573-0700][1251][info ][gc,phases   ] GC(484)   Pre Evacuate Collection Set: 0.8ms
[2025-10-15T15:11:31.573-0700][1251][info ][gc,phases   ] GC(484)   Merge Heap Roots: 17.3ms
[2025-10-15T15:11:31.573-0700][1251][info ][gc,phases   ] GC(484)   Evacuate Collection Set: 150.8ms
[2025-10-15T15:11:31.573-0700][1251][info ][gc,phases   ] GC(484)   Post Evacuate Collection Set: 24.3ms
[2025-10-15T15:11:31.573-0700][1251][info ][gc,phases   ] GC(484)   Other: 0.2ms
[2025-10-15T15:11:31.573-0700][1251][debug][gc,remset   ] GC(484) Coarsening (recent): Inline->AoC 1112204 (287) AoC->Howl 1569 (468) Howl->Full 0 (0) Inline->AoC 6731 (151) AoC->BitMap 1192 (405) BitMap->Full 0 (0)
[2025-10-15T15:11:31.573-0700][1251][debug][gc,remset   ] GC(484) Coarsening (all): Inline->AoC 267235560 (81605) AoC->Howl 1216753 (187636) Howl->Full 0 (0) Inline->AoC 5585062 (57493) AoC->BitMap 996656 (154958) BitMap->Full 9 (0)
[2025-10-15T15:11:31.573-0700][1251][info ][gc,heap     ] GC(484) Eden regions: 3252->0(3254)
[2025-10-15T15:11:31.573-0700][1251][info ][gc,heap     ] GC(484) Survivor regions: 204->202(432)
[2025-10-15T15:11:31.573-0700][1251][info ][gc,heap     ] GC(484) Old regions: 1275->1278
[2025-10-15T15:11:31.573-0700][1251][info ][gc,heap     ] GC(484) Humongous regions: 0->0
[2025-10-15T15:11:31.573-0700][1251][info ][gc,metaspace] GC(484) Metaspace: 304670K(309696K)->304670K(309696K) NonClass: 268897K(271488K)->268897K(271488K) Class: 35772K(38208K)->35772K(38208K)
[2025-10-15T15:11:31.573-0700][1251][info ][gc          ] GC(484) Pause Young (Normal) (G1 Evacuation Pause) 151380M->47314M(184320M) 193.563ms
[2025-10-15T15:11:31.574-0700][1251][info ][gc,cpu      ] GC(484) User=18.97s Sys=0.14s Real=0.19s
[2025-10-15T15:11:31.576-0700][1251][info ][safepoint   ] Safepoint "G1CollectForAllocation", Time since last: 3205979590 ns, Reaching safepoint: 876022 ns, Cleanup: 5849 ns, At safepoint: 197027970 ns, Total: 197909841 ns
[2025-10-15T15:11:34.577-0700][1251][info ][safepoint   ] Safepoint "Cleanup", Time since last: 3000219077 ns, Reaching safepoint: 733427 ns, Cleanup: 10596 ns, At safepoint: 201864 ns, Total: 945887 ns
[2025-10-15T15:11:35.578-0700][1251][info ][safepoint   ] Safepoint "Cleanup", Time since last: 1000100748 ns, Reaching safepoint: 711353 ns, Cleanup: 11988 ns, At safepoint: 366002 ns, Total: 1089343 ns
[2025-10-15T15:11:37.902-0700][1251][info ][gc,start    ] GC(485) Pause Young (Normal) (G1 Evacuation Pause)
[2025-10-15T15:11:37.902-0700][1251][info ][gc,task     ] GC(485) Using 113 workers of 113 for evacuation
[2025-10-15T15:11:37.920-0700][1251][debug][gc,remset   ] GC(485) Visited cards 28591360 Total dirty 83099648 (34.41%) Total old 536739840 (5.33%)
[2025-10-15T15:11:38.097-0700][1251][info ][gc,phases   ] GC(485)   Pre Evacuate Collection Set: 0.8ms
[2025-10-15T15:11:38.097-0700][1251][info ][gc,phases   ] GC(485)   Merge Heap Roots: 17.6ms
[2025-10-15T15:11:38.097-0700][1251][info ][gc,phases   ] GC(485)   Evacuate Collection Set: 154.4ms
[2025-10-15T15:11:38.097-0700][1251][info ][gc,phases   ] GC(485)   Post Evacuate Collection Set: 22.7ms
[2025-10-15T15:11:38.097-0700][1251][info ][gc,phases   ] GC(485)   Other: 0.2ms
[2025-10-15T15:11:38.097-0700][1251][debug][gc,remset   ] GC(485) Coarsening (recent): Inline->AoC 1120941 (239) AoC->Howl 1558 (500) Howl->Full 0 (0) Inline->AoC 6404 (139) AoC->BitMap 1403 (546) BitMap->Full 0 (0)
[2025-10-15T15:11:38.097-0700][1251][debug][gc,remset   ] GC(485) Coarsening (all): Inline->AoC 268356501 (81844) AoC->Howl 1218311 (188136) Howl->Full 0 (0) Inline->AoC 5591466 (57632) AoC->BitMap 998059 (155504) BitMap->Full 9 (0)
[2025-10-15T15:11:38.097-0700][1251][info ][gc,heap     ] GC(485) Eden regions: 3254->0(3262)
[2025-10-15T15:11:38.097-0700][1251][info ][gc,heap     ] GC(485) Survivor regions: 202->194(432)
[2025-10-15T15:11:38.097-0700][1251][info ][gc,heap     ] GC(485) Old regions: 1278->1289
[2025-10-15T15:11:38.097-0700][1251][info ][gc,heap     ] GC(485) Humongous regions: 0->0
[2025-10-15T15:11:38.097-0700][1251][info ][gc,metaspace] GC(485) Metaspace: 304673K(309696K)->304673K(309696K) NonClass: 268900K(271488K)->268900K(271488K) Class: 35772K(38208K)->35772K(38208K)
[2025-10-15T15:11:38.097-0700][1251][info ][gc          ] GC(485) Pause Young (Normal) (G1 Evacuation Pause) 151442M->47438M(184320M) 195.834ms
[2025-10-15T15:11:38.098-0700][1251][info ][gc,cpu      ] GC(485) User=19.14s Sys=0.33s Real=0.20s
[2025-10-15T15:11:38.100-0700][1251][info ][safepoint   ] Safepoint "G1CollectForAllocation", Time since last: 2320800602 ns, Reaching safepoint: 1545481 ns, Cleanup: 5779 ns, At safepoint: 199239596 ns, Total: 200790856 ns
[2025-10-15T15:11:44.467-0700][1251][info ][gc,start    ] GC(486) Pause Young (Normal) (G1 Evacuation Pause)
[2025-10-15T15:11:44.467-0700][1251][info ][gc,task     ] GC(486) Using 113 workers of 113 for evacuation
[2025-10-15T15:11:44.486-0700][1251][debug][gc,remset   ] GC(486) Visited cards 28712960 Total dirty 83820544 (34.26%) Total old 537460736 (5.34%)
[2025-10-15T15:11:44.661-0700][1251][info ][gc,phases   ] GC(486)   Pre Evacuate Collection Set: 0.8ms
[2025-10-15T15:11:44.661-0700][1251][info ][gc,phases   ] GC(486)   Merge Heap Roots: 18.0ms
[2025-10-15T15:11:44.661-0700][1251][info ][gc,phases   ] GC(486)   Evacuate Collection Set: 151.9ms
[2025-10-15T15:11:44.661-0700][1251][info ][gc,phases   ] GC(486)   Post Evacuate Collection Set: 23.2ms
[2025-10-15T15:11:44.661-0700][1251][info ][gc,phases   ] GC(486)   Other: 0.2ms
[2025-10-15T15:11:44.661-0700][1251][debug][gc,remset   ] GC(486) Coarsening (recent): Inline->AoC 1137360 (255) AoC->Howl 1246 (391) Howl->Full 0 (0) Inline->AoC 5151 (113) AoC->BitMap 1041 (396) BitMap->Full 0 (0)
[2025-10-15T15:11:44.661-0700][1251][debug][gc,remset   ] GC(486) Coarsening (all): Inline->AoC 269493861 (82099) AoC->Howl 1219557 (188527) Howl->Full 0 (0) Inline->AoC 5596617 (57745) AoC->BitMap 999100 (155900) BitMap->Full 9 (0)
[2025-10-15T15:11:44.661-0700][1251][info ][gc,heap     ] GC(486) Eden regions: 3262->0(3263)
[2025-10-15T15:11:44.661-0700][1251][info ][gc,heap     ] GC(486) Survivor regions: 194->193(432)
[2025-10-15T15:11:44.661-0700][1251][info ][gc,heap     ] GC(486) Old regions: 1289->1295
[2025-10-15T15:11:44.661-0700][1251][info ][gc,heap     ] GC(486) Humongous regions: 0->0
[2025-10-15T15:11:44.661-0700][1251][info ][gc,metaspace] GC(486) Metaspace: 304673K(309696K)->304673K(309696K) NonClass: 268900K(271488K)->268900K(271488K) Class: 35772K(38208K)->35772K(38208K)
[2025-10-15T15:11:44.661-0700][1251][info ][gc          ] GC(486) Pause Young (Normal) (G1 Evacuation Pause) 151822M->47582M(184320M) 194.285ms
[2025-10-15T15:11:44.662-0700][1251][info ][gc,cpu      ] GC(486) User=18.59s Sys=0.29s Real=0.20s
[2025-10-15T15:11:44.663-0700][1251][info ][safepoint   ] Safepoint "G1CollectForAllocation", Time since last: 6358438419 ns, Reaching safepoint: 7418981 ns, Cleanup: 6329 ns, At safepoint: 197504930 ns, Total: 204930240 ns
[2025-10-15T15:11:46.664-0700][1251][info ][safepoint   ] Safepoint "Cleanup", Time since last: 2000145681 ns, Reaching safepoint: 763762 ns, Cleanup: 12809 ns, At safepoint: 215996 ns, Total: 992567 ns
[2025-10-15T15:11:50.790-0700][1251][info ][gc,start    ] GC(487) Pause Young (Normal) (G1 Evacuation Pause)
[2025-10-15T15:11:50.790-0700][1251][info ][gc,task     ] GC(487) Using 113 workers of 113 for evacuation
[2025-10-15T15:11:50.807-0700][1251][debug][gc,remset   ] GC(487) Visited cards 28672256 Total dirty 84213760 (34.05%) Total old 537853952 (5.33%)
[2025-10-15T15:11:50.972-0700][1251][info ][gc,phases   ] GC(487)   Pre Evacuate Collection Set: 0.7ms
[2025-10-15T15:11:50.972-0700][1251][info ][gc,phases   ] GC(487)   Merge Heap Roots: 16.7ms
[2025-10-15T15:11:50.972-0700][1251][info ][gc,phases   ] GC(487)   Evacuate Collection Set: 141.8ms
[2025-10-15T15:11:50.972-0700][1251][info ][gc,phases   ] GC(487)   Post Evacuate Collection Set: 23.1ms
[2025-10-15T15:11:50.972-0700][1251][info ][gc,phases   ] GC(487)   Other: 0.2ms
[2025-10-15T15:11:50.972-0700][1251][debug][gc,remset   ] GC(487) Coarsening (recent): Inline->AoC 1122078 (236) AoC->Howl 1407 (409) Howl->Full 0 (0) Inline->AoC 5752 (144) AoC->BitMap 1084 (424) BitMap->Full 0 (0)
[2025-10-15T15:11:50.972-0700][1251][debug][gc,remset   ] GC(487) Coarsening (all): Inline->AoC 270615939 (82335) AoC->Howl 1220964 (188936) Howl->Full 0 (0) Inline->AoC 5602369 (57889) AoC->BitMap 1000184 (156324) BitMap->Full 9 (0)
[2025-10-15T15:11:50.972-0700][1251][info ][gc,heap     ] GC(487) Eden regions: 3263->0(3266)
[2025-10-15T15:11:50.972-0700][1251][info ][gc,heap     ] GC(487) Survivor regions: 193->190(432)
[2025-10-15T15:11:50.972-0700][1251][info ][gc,heap     ] GC(487) Old regions: 1295->1297
[2025-10-15T15:11:50.972-0700][1251][info ][gc,heap     ] GC(487) Humongous regions: 0->0
[2025-10-15T15:11:50.972-0700][1251][info ][gc,metaspace] GC(487) Metaspace: 304673K(309696K)->304673K(309696K) NonClass: 268900K(271488K)->268900K(271488K) Class: 35772K(38208K)->35772K(38208K)
[2025-10-15T15:11:50.972-0700][1251][info ][gc          ] GC(487) Pause Young (Normal) (G1 Evacuation Pause) 151998M->47546M(184320M) 182.675ms
[2025-10-15T15:11:50.974-0700][1251][info ][gc,cpu      ] GC(487) User=18.30s Sys=0.17s Real=0.18s
[2025-10-15T15:11:50.975-0700][1251][info ][safepoint   ] Safepoint "G1CollectForAllocation", Time since last: 4123482997 ns, Reaching safepoint: 926047 ns, Cleanup: 4957 ns, At safepoint: 186181419 ns, Total: 187112423 ns
[2025-10-15T15:11:54.976-0700][1251][info ][safepoint   ] Safepoint "Cleanup", Time since last: 4000265774 ns, Reaching safepoint: 882591 ns, Cleanup: 12479 ns, At safepoint: 460074 ns, Total: 1355144 ns
[2025-10-15T15:11:56.776-0700][1251][info ][gc,start    ] GC(488) Pause Young (Normal) (G1 Evacuation Pause)
[2025-10-15T15:11:56.776-0700][1251][info ][gc,task     ] GC(488) Using 113 workers of 113 for evacuation
[2025-10-15T15:11:56.796-0700][1251][debug][gc,remset   ] GC(488) Visited cards 28853248 Total dirty 84213760 (34.26%) Total old 537985024 (5.36%)
[2025-10-15T15:11:56.966-0700][1251][info ][gc,phases   ] GC(488)   Pre Evacuate Collection Set: 0.9ms
[2025-10-15T15:11:56.966-0700][1251][info ][gc,phases   ] GC(488)   Merge Heap Roots: 18.6ms
[2025-10-15T15:11:56.966-0700][1251][info ][gc,phases   ] GC(488)   Evacuate Collection Set: 147.8ms
[2025-10-15T15:11:56.966-0700][1251][info ][gc,phases   ] GC(488)   Post Evacuate Collection Set: 22.8ms
[2025-10-15T15:11:56.966-0700][1251][info ][gc,phases   ] GC(488)   Other: 0.2ms
[2025-10-15T15:11:56.966-0700][1251][debug][gc,remset   ] GC(488) Coarsening (recent): Inline->AoC 1006834 (268) AoC->Howl 1574 (561) Howl->Full 0 (0) Inline->AoC 6089 (173) AoC->BitMap 1430 (566) BitMap->Full 0 (0)
[2025-10-15T15:11:56.966-0700][1251][debug][gc,remset   ] GC(488) Coarsening (all): Inline->AoC 271622773 (82603) AoC->Howl 1222538 (189497) Howl->Full 0 (0) Inline->AoC 5608458 (58062) AoC->BitMap 1001614 (156890) BitMap->Full 9 (0)
[2025-10-15T15:11:56.966-0700][1251][info ][gc,heap     ] GC(488) Eden regions: 3266->0(3264)
[2025-10-15T15:11:56.966-0700][1251][info ][gc,heap     ] GC(488) Survivor regions: 190->192(432)
[2025-10-15T15:11:56.966-0700][1251][info ][gc,heap     ] GC(488) Old regions: 1297->1298
[2025-10-15T15:11:56.966-0700][1251][info ][gc,heap     ] GC(488) Humongous regions: 0->0
[2025-10-15T15:11:56.966-0700][1251][info ][gc,metaspace] GC(488) Metaspace: 304673K(309696K)->304673K(309696K) NonClass: 268900K(271488K)->268900K(271488K) Class: 35772K(38208K)->35772K(38208K)
[2025-10-15T15:11:56.966-0700][1251][info ][gc          ] GC(488) Pause Young (Normal) (G1 Evacuation Pause) 152058M->47656M(184320M) 190.409ms
[2025-10-15T15:11:56.968-0700][1251][info ][gc,cpu      ] GC(488) User=18.40s Sys=0.22s Real=0.19s
[2025-10-15T15:11:56.969-0700][1251][info ][safepoint   ] Safepoint "G1CollectForAllocation", Time since last: 1794136564 ns, Reaching safepoint: 4419577 ns, Cleanup: 6129 ns, At safepoint: 193840993 ns, Total: 198266699 ns
[2025-10-15T15:12:03.128-0700][1251][info ][gc,start    ] GC(489) Pause Young (Normal) (G1 Evacuation Pause)
[2025-10-15T15:12:03.128-0700][1251][info ][gc,task     ] GC(489) Using 113 workers of 113 for evacuation
[2025-10-15T15:12:03.145-0700][1251][debug][gc,remset   ] GC(489) Visited cards 28609024 Total dirty 84344832 (33.92%) Total old 538050560 (5.32%)
[2025-10-15T15:12:03.313-0700][1251][info ][gc,phases   ] GC(489)   Pre Evacuate Collection Set: 0.7ms
[2025-10-15T15:12:03.313-0700][1251][info ][gc,phases   ] GC(489)   Merge Heap Roots: 16.3ms
[2025-10-15T15:12:03.313-0700][1251][info ][gc,phases   ] GC(489)   Evacuate Collection Set: 143.3ms
[2025-10-15T15:12:03.313-0700][1251][info ][gc,phases   ] GC(489)   Post Evacuate Collection Set: 23.9ms
[2025-10-15T15:12:03.313-0700][1251][info ][gc,phases   ] GC(489)   Other: 0.2ms
[2025-10-15T15:12:03.313-0700][1251][debug][gc,remset   ] GC(489) Coarsening (recent): Inline->AoC 1128119 (240) AoC->Howl 1567 (468) Howl->Full 0 (0) Inline->AoC 6378 (141) AoC->BitMap 1320 (469) BitMap->Full 0 (0)
[2025-10-15T15:12:03.313-0700][1251][debug][gc,remset   ] GC(489) Coarsening (all): Inline->AoC 272750892 (82843) AoC->Howl 1224105 (189965) Howl->Full 0 (0) Inline->AoC 5614836 (58203) AoC->BitMap 1002934 (157359) BitMap->Full 9 (0)
[2025-10-15T15:12:03.313-0700][1251][info ][gc,heap     ] GC(489) Eden regions: 3264->0(3261)
[2025-10-15T15:12:03.313-0700][1251][info ][gc,heap     ] GC(489) Survivor regions: 192->195(432)
[2025-10-15T15:12:03.313-0700][1251][info ][gc,heap     ] GC(489) Old regions: 1298->1299
[2025-10-15T15:12:03.313-0700][1251][info ][gc,heap     ] GC(489) Humongous regions: 0->0
[2025-10-15T15:12:03.313-0700][1251][info ][gc,metaspace] GC(489) Metaspace: 304673K(309696K)->304673K(309696K) NonClass: 268900K(271488K)->268900K(271488K) Class: 35772K(38208K)->35772K(38208K)
[2025-10-15T15:12:03.313-0700][1251][info ][gc          ] GC(489) Pause Young (Normal) (G1 Evacuation Pause) 152104M->47765M(184320M) 184.574ms
[2025-10-15T15:12:03.314-0700][1251][info ][gc,cpu      ] GC(489) User=18.10s Sys=0.43s Real=0.19s
[2025-10-15T15:12:03.315-0700][1251][info ][safepoint   ] Safepoint "G1CollectForAllocation", Time since last: 6157495880 ns, Reaching safepoint: 722870 ns, Cleanup: 5999 ns, At safepoint: 188044024 ns, Total: 188772893 ns
[2025-10-15T15:12:07.694-0700][1251][info ][safepoint   ] Safepoint "Cleanup", Time since last: 4376346969 ns, Reaching safepoint: 949512 ns, Cleanup: 12719 ns, At safepoint: 1842299 ns, Total: 2804530 ns
[2025-10-15T15:12:09.057-0700][1251][info ][gc,start    ] GC(490) Pause Young (Normal) (G1 Evacuation Pause)
[2025-10-15T15:12:09.057-0700][1251][info ][gc,task     ] GC(490) Using 113 workers of 113 for evacuation
[2025-10-15T15:12:09.076-0700][1251][debug][gc,remset   ] GC(490) Visited cards 28596736 Total dirty 84410368 (33.88%) Total old 538116096 (5.31%)
[2025-10-15T15:12:09.244-0700][1251][info ][gc,phases   ] GC(490)   Pre Evacuate Collection Set: 0.8ms
[2025-10-15T15:12:09.244-0700][1251][info ][gc,phases   ] GC(490)   Merge Heap Roots: 18.0ms
[2025-10-15T15:12:09.244-0700][1251][info ][gc,phases   ] GC(490)   Evacuate Collection Set: 145.9ms
[2025-10-15T15:12:09.244-0700][1251][info ][gc,phases   ] GC(490)   Post Evacuate Collection Set: 22.8ms
[2025-10-15T15:12:09.244-0700][1251][info ][gc,phases   ] GC(490)   Other: 0.2ms
[2025-10-15T15:12:09.244-0700][1251][debug][gc,remset   ] GC(490) Coarsening (recent): Inline->AoC 1012416 (229) AoC->Howl 1634 (492) Howl->Full 0 (0) Inline->AoC 6677 (144) AoC->BitMap 1174 (385) BitMap->Full 0 (0)
[2025-10-15T15:12:09.244-0700][1251][debug][gc,remset   ] GC(490) Coarsening (all): Inline->AoC 273763308 (83072) AoC->Howl 1225739 (190457) Howl->Full 0 (0) Inline->AoC 5621513 (58347) AoC->BitMap 1004108 (157744) BitMap->Full 9 (0)
[2025-10-15T15:12:09.244-0700][1251][info ][gc,heap     ] GC(490) Eden regions: 3261->0(3267)
[2025-10-15T15:12:09.244-0700][1251][info ][gc,heap     ] GC(490) Survivor regions: 195->189(432)
[2025-10-15T15:12:09.244-0700][1251][info ][gc,heap     ] GC(490) Old regions: 1299->1300
[2025-10-15T15:12:09.244-0700][1251][info ][gc,heap     ] GC(490) Humongous regions: 0->0
[2025-10-15T15:12:09.244-0700][1251][info ][gc,metaspace] GC(490) Metaspace: 304673K(309696K)->304673K(309696K) NonClass: 268900K(271488K)->268900K(271488K) Class: 35772K(38208K)->35772K(38208K)
[2025-10-15T15:12:09.244-0700][1251][info ][gc          ] GC(490) Pause Young (Normal) (G1 Evacuation Pause) 152117M->47620M(184320M) 187.874ms
[2025-10-15T15:12:09.246-0700][1251][info ][gc,cpu      ] GC(490) User=18.08s Sys=0.19s Real=0.19s
[2025-10-15T15:12:09.246-0700][1251][info ][safepoint   ] Safepoint "G1CollectForAllocation", Time since last: 1359817527 ns, Reaching safepoint: 1298639 ns, Cleanup: 5178 ns, At safepoint: 190933912 ns, Total: 192237729 ns
[2025-10-15T15:12:11.247-0700][1251][info ][safepoint   ] Safepoint "Cleanup", Time since last: 2000144233 ns, Reaching safepoint: 828540 ns, Cleanup: 12028 ns, At safepoint: 202746 ns, Total: 1043314 ns
[2025-10-15T15:12:12.249-0700][1251][info ][safepoint   ] Safepoint "Cleanup", Time since last: 1000100344 ns, Reaching safepoint: 755199 ns, Cleanup: 10236 ns, At safepoint: 233542 ns, Total: 998977 ns
[2025-10-15T15:12:15.393-0700][1251][info ][gc,start    ] GC(491) Pause Young (Normal) (G1 Evacuation Pause)
[2025-10-15T15:12:15.393-0700][1251][info ][gc,task     ] GC(491) Using 113 workers of 113 for evacuation
[2025-10-15T15:12:15.409-0700][1251][debug][gc,remset   ] GC(491) Visited cards 28895232 Total dirty 84475904 (34.21%) Total old 538181632 (5.37%)
[2025-10-15T15:12:15.586-0700][1251][info ][gc,phases   ] GC(491)   Pre Evacuate Collection Set: 0.7ms
[2025-10-15T15:12:15.586-0700][1251][info ][gc,phases   ] GC(491)   Merge Heap Roots: 15.8ms
[2025-10-15T15:12:15.586-0700][1251][info ][gc,phases   ] GC(491)   Evacuate Collection Set: 152.1ms
[2025-10-15T15:12:15.586-0700][1251][info ][gc,phases   ] GC(491)   Post Evacuate Collection Set: 24.4ms
[2025-10-15T15:12:15.586-0700][1251][info ][gc,phases   ] GC(491)   Other: 0.2ms
[2025-10-15T15:12:15.586-0700][1251][debug][gc,remset   ] GC(491) Coarsening (recent): Inline->AoC 1117205 (212) AoC->Howl 1517 (431) Howl->Full 0 (0) Inline->AoC 6322 (133) AoC->BitMap 1340 (489) BitMap->Full 0 (0)
[2025-10-15T15:12:15.586-0700][1251][debug][gc,remset   ] GC(491) Coarsening (all): Inline->AoC 274880513 (83284) AoC->Howl 1227256 (190888) Howl->Full 0 (0) Inline->AoC 5627835 (58480) AoC->BitMap 1005448 (158233) BitMap->Full 9 (0)
[2025-10-15T15:12:15.586-0700][1251][info ][gc,heap     ] GC(491) Eden regions: 3267->0(3263)
[2025-10-15T15:12:15.586-0700][1251][info ][gc,heap     ] GC(491) Survivor regions: 189->193(432)
[2025-10-15T15:12:15.586-0700][1251][info ][gc,heap     ] GC(491) Old regions: 1300->1300
[2025-10-15T15:12:15.586-0700][1251][info ][gc,heap     ] GC(491) Humongous regions: 0->0
[2025-10-15T15:12:15.586-0700][1251][info ][gc,metaspace] GC(491) Metaspace: 304673K(309696K)->304673K(309696K) NonClass: 268900K(271488K)->268900K(271488K) Class: 35772K(38208K)->35772K(38208K)
[2025-10-15T15:12:15.586-0700][1251][info ][gc          ] GC(491) Pause Young (Normal) (G1 Evacuation Pause) 152164M->47760M(184320M) 193.418ms
[2025-10-15T15:12:15.587-0700][1251][info ][gc,cpu      ] GC(491) User=18.36s Sys=0.31s Real=0.19s
[2025-10-15T15:12:15.588-0700][1251][info ][safepoint   ] Safepoint "G1CollectForAllocation", Time since last: 3140079420 ns, Reaching safepoint: 2798020 ns, Cleanup: 5018 ns, At safepoint: 196701964 ns, Total: 199505002 ns
[2025-10-15T15:12:21.589-0700][1251][info ][safepoint   ] Safepoint "Cleanup", Time since last: 6000397435 ns, Reaching safepoint: 674007 ns, Cleanup: 13230 ns, At safepoint: 177157 ns, Total: 864394 ns
[2025-10-15T15:12:21.863-0700][1251][info ][gc,start    ] GC(492) Pause Young (Normal) (G1 Evacuation Pause)
[2025-10-15T15:12:21.863-0700][1251][info ][gc,task     ] GC(492) Using 113 workers of 113 for evacuation
[2025-10-15T15:12:21.880-0700][1251][debug][gc,remset   ] GC(492) Visited cards 28688128 Total dirty 84475904 (33.96%) Total old 538181632 (5.33%)
[2025-10-15T15:12:22.051-0700][1251][info ][gc,phases   ] GC(492)   Pre Evacuate Collection Set: 0.7ms
[2025-10-15T15:12:22.051-0700][1251][info ][gc,phases   ] GC(492)   Merge Heap Roots: 16.2ms
[2025-10-15T15:12:22.051-0700][1251][info ][gc,phases   ] GC(492)   Evacuate Collection Set: 146.1ms
[2025-10-15T15:12:22.051-0700][1251][info ][gc,phases   ] GC(492)   Post Evacuate Collection Set: 25.3ms
[2025-10-15T15:12:22.051-0700][1251][info ][gc,phases   ] GC(492)   Other: 0.2ms
[2025-10-15T15:12:22.051-0700][1251][debug][gc,remset   ] GC(492) Coarsening (recent): Inline->AoC 1066150 (255) AoC->Howl 1487 (439) Howl->Full 0 (0) Inline->AoC 6020 (126) AoC->BitMap 1259 (490) BitMap->Full 0 (0)
[2025-10-15T15:12:22.051-0700][1251][debug][gc,remset   ] GC(492) Coarsening (all): Inline->AoC 275946663 (83539) AoC->Howl 1228743 (191327) Howl->Full 0 (0) Inline->AoC 5633855 (58606) AoC->BitMap 1006707 (158723) BitMap->Full 9 (0)
[2025-10-15T15:12:22.051-0700][1251][info ][gc,heap     ] GC(492) Eden regions: 3263->0(3264)
[2025-10-15T15:12:22.051-0700][1251][info ][gc,heap     ] GC(492) Survivor regions: 193->192(432)
[2025-10-15T15:12:22.051-0700][1251][info ][gc,heap     ] GC(492) Old regions: 1300->1301
[2025-10-15T15:12:22.051-0700][1251][info ][gc,heap     ] GC(492) Humongous regions: 0->0
[2025-10-15T15:12:22.051-0700][1251][info ][gc,metaspace] GC(492) Metaspace: 304673K(309696K)->304673K(309696K) NonClass: 268900K(271488K)->268900K(271488K) Class: 35772K(38208K)->35772K(38208K)
[2025-10-15T15:12:22.052-0700][1251][info ][gc          ] GC(492) Pause Young (Normal) (G1 Evacuation Pause) 152176M->47734M(184320M) 188.701ms
[2025-10-15T15:12:22.053-0700][1251][info ][gc,cpu      ] GC(492) User=18.56s Sys=0.20s Real=0.19s
[2025-10-15T15:12:22.054-0700][1251][info ][safepoint   ] Safepoint "G1CollectForAllocation", Time since last: 271431779 ns, Reaching safepoint: 856002 ns, Cleanup: 5568 ns, At safepoint: 191944167 ns, Total: 192805737 ns
[2025-10-15T15:12:26.055-0700][1251][info ][safepoint   ] Safepoint "Cleanup", Time since last: 4000259121 ns, Reaching safepoint: 1141282 ns, Cleanup: 30967 ns, At safepoint: 291760 ns, Total: 1464009 ns
[2025-10-15T15:12:27.057-0700][1251][info ][safepoint   ] Safepoint "Cleanup", Time since last: 1000116899 ns, Reaching safepoint: 936743 ns, Cleanup: 63546 ns, At safepoint: 219481 ns, Total: 1219770 ns
[2025-10-15T15:12:28.058-0700][1251][info ][safepoint   ] Safepoint "Cleanup", Time since last: 1000106603 ns, Reaching safepoint: 773517 ns, Cleanup: 40751 ns, At safepoint: 285151 ns, Total: 1099419 ns
[2025-10-15T15:12:28.193-0700][1251][info ][gc,start    ] GC(493) Pause Young (Normal) (G1 Evacuation Pause)
[2025-10-15T15:12:28.193-0700][1251][info ][gc,task     ] GC(493) Using 113 workers of 113 for evacuation
[2025-10-15T15:12:28.211-0700][1251][debug][gc,remset   ] GC(493) Visited cards 28986624 Total dirty 84541440 (34.29%) Total old 538247168 (5.39%)
[2025-10-15T15:12:28.386-0700][1251][info ][gc,phases   ] GC(493)   Pre Evacuate Collection Set: 0.8ms
[2025-10-15T15:12:28.386-0700][1251][info ][gc,phases   ] GC(493)   Merge Heap Roots: 17.2ms
[2025-10-15T15:12:28.386-0700][1251][info ][gc,phases   ] GC(493)   Evacuate Collection Set: 151.3ms
[2025-10-15T15:12:28.386-0700][1251][info ][gc,phases   ] GC(493)   Post Evacuate Collection Set: 24.1ms
[2025-10-15T15:12:28.386-0700][1251][info ][gc,phases   ] GC(493)   Other: 0.2ms
[2025-10-15T15:12:28.386-0700][1251][debug][gc,remset   ] GC(493) Coarsening (recent): Inline->AoC 1057603 (241) AoC->Howl 1633 (536) Howl->Full 0 (0) Inline->AoC 6423 (167) AoC->BitMap 1498 (566) BitMap->Full 0 (0)
[2025-10-15T15:12:28.386-0700][1251][debug][gc,remset   ] GC(493) Coarsening (all): Inline->AoC 277004266 (83780) AoC->Howl 1230376 (191863) Howl->Full 0 (0) Inline->AoC 5640278 (58773) AoC->BitMap 1008205 (159289) BitMap->Full 9 (0)
[2025-10-15T15:12:28.386-0700][1251][info ][gc,heap     ] GC(493) Eden regions: 3264->0(3242)
[2025-10-15T15:12:28.386-0700][1251][info ][gc,heap     ] GC(493) Survivor regions: 192->214(432)
[2025-10-15T15:12:28.386-0700][1251][info ][gc,heap     ] GC(493) Old regions: 1301->1302
[2025-10-15T15:12:28.386-0700][1251][info ][gc,heap     ] GC(493) Humongous regions: 0->0
[2025-10-15T15:12:28.386-0700][1251][info ][gc,metaspace] GC(493) Metaspace: 304684K(309696K)->304684K(309696K) NonClass: 268912K(271488K)->268912K(271488K) Class: 35772K(38208K)->35772K(38208K)
[2025-10-15T15:12:28.386-0700][1251][info ][gc          ] GC(493) Pause Young (Normal) (G1 Evacuation Pause) 152182M->48494M(184320M) 193.801ms
[2025-10-15T15:12:28.387-0700][1251][info ][gc,cpu      ] GC(493) User=19.40s Sys=0.14s Real=0.19s
[2025-10-15T15:12:28.389-0700][1251][info ][safepoint   ] Safepoint "G1CollectForAllocation", Time since last: 132590274 ns, Reaching safepoint: 927820 ns, Cleanup: 14812 ns, At safepoint: 197272404 ns, Total: 198215036 ns
[2025-10-15T15:12:32.390-0700][1251][info ][safepoint   ] Safepoint "Cleanup", Time since last: 4000280564 ns, Reaching safepoint: 858736 ns, Cleanup: 63185 ns, At safepoint: 230037 ns, Total: 1151958 ns
[2025-10-15T15:12:33.391-0700][1251][info ][safepoint   ] Safepoint "Cleanup", Time since last: 1000102487 ns, Reaching safepoint: 715139 ns, Cleanup: 28233 ns, At safepoint: 138398 ns, Total: 881770 ns
[2025-10-15T15:12:34.337-0700][1251][info ][gc,start    ] GC(494) Pause Young (Normal) (G1 Evacuation Pause)
[2025-10-15T15:12:34.337-0700][1251][info ][gc,task     ] GC(494) Using 113 workers of 113 for evacuation
[2025-10-15T15:12:34.354-0700][1251][debug][gc,remset   ] GC(494) Visited cards 28822784 Total dirty 84606976 (34.07%) Total old 538312704 (5.35%)
[2025-10-15T15:12:34.517-0700][1251][info ][gc,phases   ] GC(494)   Pre Evacuate Collection Set: 0.7ms
[2025-10-15T15:12:34.517-0700][1251][info ][gc,phases   ] GC(494)   Merge Heap Roots: 16.0ms
[2025-10-15T15:12:34.517-0700][1251][info ][gc,phases   ] GC(494)   Evacuate Collection Set: 139.1ms
[2025-10-15T15:12:34.517-0700][1251][info ][gc,phases   ] GC(494)   Post Evacuate Collection Set: 24.2ms
[2025-10-15T15:12:34.517-0700][1251][info ][gc,phases   ] GC(494)   Other: 0.2ms
[2025-10-15T15:12:34.517-0700][1251][debug][gc,remset   ] GC(494) Coarsening (recent): Inline->AoC 992572 (257) AoC->Howl 1543 (407) Howl->Full 0 (0) Inline->AoC 6569 (152) AoC->BitMap 1216 (465) BitMap->Full 0 (0)
[2025-10-15T15:12:34.517-0700][1251][debug][gc,remset   ] GC(494) Coarsening (all): Inline->AoC 277996838 (84037) AoC->Howl 1231919 (192270) Howl->Full 0 (0) Inline->AoC 5646847 (58925) AoC->BitMap 1009421 (159754) BitMap->Full 9 (0)
[2025-10-15T15:12:34.517-0700][1251][info ][gc,heap     ] GC(494) Eden regions: 3242->0(3248)
[2025-10-15T15:12:34.517-0700][1251][info ][gc,heap     ] GC(494) Survivor regions: 214->208(432)
[2025-10-15T15:12:34.517-0700][1251][info ][gc,heap     ] GC(494) Old regions: 1302->1303
[2025-10-15T15:12:34.517-0700][1251][info ][gc,heap     ] GC(494) Humongous regions: 0->0
[2025-10-15T15:12:34.517-0700][1251][info ][gc,metaspace] GC(494) Metaspace: 304690K(309696K)->304690K(309696K) NonClass: 268917K(271488K)->268917K(271488K) Class: 35772K(38208K)->35772K(38208K)
[2025-10-15T15:12:34.517-0700][1251][info ][gc          ] GC(494) Pause Young (Normal) (G1 Evacuation Pause) 152238M->48327M(184320M) 180.321ms
[2025-10-15T15:12:34.518-0700][1251][info ][gc,cpu      ] GC(494) User=18.90s Sys=0.20s Real=0.19s
[2025-10-15T15:12:34.520-0700][1251][info ][safepoint   ] Safepoint "G1CollectForAllocation", Time since last: 944076195 ns, Reaching safepoint: 683772 ns, Cleanup: 18588 ns, At safepoint: 183776977 ns, Total: 184479337 ns
[2025-10-15T15:12:35.521-0700][1251][info ][safepoint   ] Safepoint "Cleanup", Time since last: 1000086703 ns, Reaching safepoint: 1081972 ns, Cleanup: 30426 ns, At safepoint: 511932 ns, Total: 1624330 ns
[2025-10-15T15:12:36.523-0700][1251][info ][safepoint   ] Safepoint "Cleanup", Time since last: 1000109108 ns, Reaching safepoint: 910303 ns, Cleanup: 11227 ns, At safepoint: 210187 ns, Total: 1131717 ns
[2025-10-15T15:12:39.524-0700][1251][info ][safepoint   ] Safepoint "Cleanup", Time since last: 3000232358 ns, Reaching safepoint: 785044 ns, Cleanup: 15193 ns, At safepoint: 465793 ns, Total: 1266030 ns
[2025-10-15T15:12:40.048-0700][1251][info ][gc,start    ] GC(495) Pause Young (Normal) (G1 Evacuation Pause)
[2025-10-15T15:12:40.048-0700][1251][info ][gc,task     ] GC(495) Using 113 workers of 113 for evacuation
[2025-10-15T15:12:40.066-0700][1251][debug][gc,remset   ] GC(495) Visited cards 28849408 Total dirty 84738048 (34.05%) Total old 538378240 (5.36%)
[2025-10-15T15:12:40.255-0700][1251][info ][gc,mmu      ] GC(495) MMU target violated: 201.0ms (200.0ms/201.0ms)
[2025-10-15T15:12:40.255-0700][1251][info ][gc,phases   ] GC(495)   Pre Evacuate Collection Set: 0.8ms
[2025-10-15T15:12:40.255-0700][1251][info ][gc,phases   ] GC(495)   Merge Heap Roots: 17.4ms
[2025-10-15T15:12:40.255-0700][1251][info ][gc,phases   ] GC(495)   Evacuate Collection Set: 164.2ms
[2025-10-15T15:12:40.255-0700][1251][info ][gc,phases   ] GC(495)   Post Evacuate Collection Set: 24.5ms
[2025-10-15T15:12:40.255-0700][1251][info ][gc,phases   ] GC(495)   Other: 0.2ms
[2025-10-15T15:12:40.255-0700][1251][debug][gc,remset   ] GC(495) Coarsening (recent): Inline->AoC 903737 (208) AoC->Howl 1526 (470) Howl->Full 0 (0) Inline->AoC 6464 (141) AoC->BitMap 1581 (576) BitMap->Full 0 (0)
[2025-10-15T15:12:40.255-0700][1251][debug][gc,remset   ] GC(495) Coarsening (all): Inline->AoC 278900575 (84245) AoC->Howl 1233445 (192740) Howl->Full 0 (0) Inline->AoC 5653311 (59066) AoC->BitMap 1011002 (160330) BitMap->Full 9 (0)
[2025-10-15T15:12:40.255-0700][1251][info ][gc,heap     ] GC(495) Eden regions: 3248->0(2635)
[2025-10-15T15:12:40.255-0700][1251][info ][gc,heap     ] GC(495) Survivor regions: 208->230(432)
[2025-10-15T15:12:40.255-0700][1251][info ][gc,heap     ] GC(495) Old regions: 1303->1304
[2025-10-15T15:12:40.255-0700][1251][info ][gc,heap     ] GC(495) Humongous regions: 0->0
[2025-10-15T15:12:40.255-0700][1251][info ][gc,metaspace] GC(495) Metaspace: 304698K(309696K)->304698K(309696K) NonClass: 268925K(271488K)->268925K(271488K) Class: 35772K(38208K)->35772K(38208K)
[2025-10-15T15:12:40.255-0700][1251][info ][gc          ] GC(495) Pause Young (Normal) (G1 Evacuation Pause) 152263M->49057M(184320M) 207.233ms
[2025-10-15T15:12:40.256-0700][1251][info ][gc,cpu      ] GC(495) User=20.35s Sys=0.35s Real=0.21s
[2025-10-15T15:12:40.258-0700][1251][info ][safepoint   ] Safepoint "G1CollectForAllocation", Time since last: 521275534 ns, Reaching safepoint: 1520043 ns, Cleanup: 5448 ns, At safepoint: 210905409 ns, Total: 212430900 ns
[2025-10-15T15:12:43.259-0700][1251][info ][safepoint   ] Safepoint "Cleanup", Time since last: 3000221582 ns, Reaching safepoint: 801940 ns, Cleanup: 9194 ns, At safepoint: 242666 ns, Total: 1053800 ns
[2025-10-15T15:12:45.260-0700][1251][info ][safepoint   ] Safepoint "Cleanup", Time since last: 2000161038 ns, Reaching safepoint: 841309 ns, Cleanup: 10867 ns, At safepoint: 306702 ns, Total: 1158878 ns
[2025-10-15T15:12:45.594-0700][1251][info ][gc,start    ] GC(496) Pause Young (Normal) (G1 Evacuation Pause)
[2025-10-15T15:12:45.594-0700][1251][info ][gc,task     ] GC(496) Using 113 workers of 113 for evacuation
[2025-10-15T15:12:45.612-0700][1251][debug][gc,remset   ] GC(496) Visited cards 29152768 Total dirty 84869120 (34.35%) Total old 475398144 (6.13%)
[2025-10-15T15:12:45.798-0700][1251][info ][gc,mmu      ] GC(496) MMU target violated: 201.0ms (200.0ms/201.0ms)
[2025-10-15T15:12:45.798-0700][1251][info ][gc,phases   ] GC(496)   Pre Evacuate Collection Set: 0.8ms
[2025-10-15T15:12:45.798-0700][1251][info ][gc,phases   ] GC(496)   Merge Heap Roots: 17.8ms
[2025-10-15T15:12:45.798-0700][1251][info ][gc,phases   ] GC(496)   Evacuate Collection Set: 160.8ms
[2025-10-15T15:12:45.798-0700][1251][info ][gc,phases   ] GC(496)   Post Evacuate Collection Set: 24.4ms
[2025-10-15T15:12:45.798-0700][1251][info ][gc,phases   ] GC(496)   Other: 0.2ms
[2025-10-15T15:12:45.798-0700][1251][debug][gc,remset   ] GC(496) Coarsening (recent): Inline->AoC 891186 (256) AoC->Howl 1596 (513) Howl->Full 0 (0) Inline->AoC 6517 (162) AoC->BitMap 1453 (526) BitMap->Full 0 (0)
[2025-10-15T15:12:45.798-0700][1251][debug][gc,remset   ] GC(496) Coarsening (all): Inline->AoC 279791761 (84501) AoC->Howl 1235041 (193253) Howl->Full 0 (0) Inline->AoC 5659828 (59228) AoC->BitMap 1012455 (160856) BitMap->Full 9 (0)
[2025-10-15T15:12:45.798-0700][1251][info ][gc,heap     ] GC(496) Eden regions: 2745->0(2632)
[2025-10-15T15:12:45.798-0700][1251][info ][gc,heap     ] GC(496) Survivor regions: 230->207(372)
[2025-10-15T15:12:45.798-0700][1251][info ][gc,heap     ] GC(496) Old regions: 1304->1328
[2025-10-15T15:12:45.798-0700][1251][info ][gc,heap     ] GC(496) Humongous regions: 0->0
[2025-10-15T15:12:45.798-0700][1251][info ][gc,metaspace] GC(496) Metaspace: 304698K(309696K)->304698K(309696K) NonClass: 268925K(271488K)->268925K(271488K) Class: 35772K(38208K)->35772K(38208K)
[2025-10-15T15:12:45.798-0700][1251][info ][gc          ] GC(496) Pause Young (Normal) (G1 Evacuation Pause) 136897M->49088M(184320M) 204.272ms
[2025-10-15T15:12:45.799-0700][1251][info ][gc,cpu      ] GC(496) User=20.04s Sys=0.15s Real=0.21s
[2025-10-15T15:12:45.800-0700][1251][info ][safepoint   ] Safepoint "G1CollectForAllocation", Time since last: 329170715 ns, Reaching safepoint: 2736518 ns, Cleanup: 5178 ns, At safepoint: 207634725 ns, Total: 210376421 ns
[2025-10-15T15:12:46.801-0700][1251][info ][safepoint   ] Safepoint "Cleanup", Time since last: 1000080865 ns, Reaching safepoint: 669950 ns, Cleanup: 9795 ns, At safepoint: 200062 ns, Total: 879807 ns
[2025-10-15T15:12:47.802-0700][1251][info ][safepoint   ] Safepoint "Cleanup", Time since last: 1000116839 ns, Reaching safepoint: 716441 ns, Cleanup: 11687 ns, At safepoint: 284990 ns, Total: 1013118 ns
[2025-10-15T15:12:48.803-0700][1251][info ][safepoint   ] Safepoint "Cleanup", Time since last: 1000109578 ns, Reaching safepoint: 846046 ns, Cleanup: 12429 ns, At safepoint: 478051 ns, Total: 1336526 ns
[2025-10-15T15:12:50.805-0700][1251][info ][safepoint   ] Safepoint "Cleanup", Time since last: 2000168279 ns, Reaching safepoint: 850744 ns, Cleanup: 10105 ns, At safepoint: 692084 ns, Total: 1552933 ns
[2025-10-15T15:12:51.077-0700][1251][info ][gc,start    ] GC(497) Pause Young (Normal) (G1 Evacuation Pause)
[2025-10-15T15:12:51.077-0700][1251][info ][gc,task     ] GC(497) Using 113 workers of 113 for evacuation
[2025-10-15T15:12:51.095-0700][1251][debug][gc,remset   ] GC(497) Visited cards 29133056 Total dirty 86310912 (33.75%) Total old 483524608 (6.03%)
[2025-10-15T15:12:51.276-0700][1251][info ][gc,phases   ] GC(497)   Pre Evacuate Collection Set: 0.8ms
[2025-10-15T15:12:51.276-0700][1251][info ][gc,phases   ] GC(497)   Merge Heap Roots: 17.3ms
[2025-10-15T15:12:51.276-0700][1251][info ][gc,phases   ] GC(497)   Evacuate Collection Set: 155.5ms
[2025-10-15T15:12:51.276-0700][1251][info ][gc,phases   ] GC(497)   Post Evacuate Collection Set: 24.5ms
[2025-10-15T15:12:51.276-0700][1251][info ][gc,phases   ] GC(497)   Other: 0.2ms
[2025-10-15T15:12:51.276-0700][1251][debug][gc,remset   ] GC(497) Coarsening (recent): Inline->AoC 897109 (244) AoC->Howl 1675 (565) Howl->Full 0 (0) Inline->AoC 6356 (147) AoC->BitMap 1366 (482) BitMap->Full 0 (0)
[2025-10-15T15:12:51.276-0700][1251][debug][gc,remset   ] GC(497) Coarsening (all): Inline->AoC 280688870 (84745) AoC->Howl 1236716 (193818) Howl->Full 0 (0) Inline->AoC 5666184 (59375) AoC->BitMap 1013821 (161338) BitMap->Full 9 (0)
[2025-10-15T15:12:51.276-0700][1251][info ][gc,heap     ] GC(497) Eden regions: 2818->0(2677)
[2025-10-15T15:12:51.276-0700][1251][info ][gc,heap     ] GC(497) Survivor regions: 207->209(379)
[2025-10-15T15:12:51.276-0700][1251][info ][gc,heap     ] GC(497) Old regions: 1328->1328
[2025-10-15T15:12:51.276-0700][1251][info ][gc,heap     ] GC(497) Humongous regions: 0->0
[2025-10-15T15:12:51.276-0700][1251][info ][gc,metaspace] GC(497) Metaspace: 304698K(309696K)->304698K(309696K) NonClass: 268925K(271488K)->268925K(271488K) Class: 35772K(38208K)->35772K(38208K)
[2025-10-15T15:12:51.276-0700][1251][info ][gc          ] GC(497) Pause Young (Normal) (G1 Evacuation Pause) 139264M->49140M(184320M) 198.443ms
[2025-10-15T15:12:51.277-0700][1251][info ][gc,cpu      ] GC(497) User=19.11s Sys=0.15s Real=0.20s
[2025-10-15T15:12:51.278-0700][1251][info ][safepoint   ] Safepoint "G1CollectForAllocation", Time since last: 268669522 ns, Reaching safepoint: 2089532 ns, Cleanup: 5188 ns, At safepoint: 202003120 ns, Total: 204097840 ns
[2025-10-15T15:12:56.559-0700][1251][info ][gc,start    ] GC(498) Pause Young (Normal) (G1 Evacuation Pause)
[2025-10-15T15:12:56.559-0700][1251][info ][gc,task     ] GC(498) Using 113 workers of 113 for evacuation
[2025-10-15T15:12:56.577-0700][1251][debug][gc,remset   ] GC(498) Visited cards 29033728 Total dirty 86179840 (33.69%) Total old 468189184 (6.20%)
[2025-10-15T15:12:56.754-0700][1251][info ][gc,phases   ] GC(498)   Pre Evacuate Collection Set: 0.8ms
[2025-10-15T15:12:56.754-0700][1251][info ][gc,phases   ] GC(498)   Merge Heap Roots: 17.0ms
[2025-10-15T15:12:56.754-0700][1251][info ][gc,phases   ] GC(498)   Evacuate Collection Set: 152.2ms
[2025-10-15T15:12:56.754-0700][1251][info ][gc,phases   ] GC(498)   Post Evacuate Collection Set: 24.7ms
[2025-10-15T15:12:56.754-0700][1251][info ][gc,phases   ] GC(498)   Other: 0.2ms
[2025-10-15T15:12:56.754-0700][1251][debug][gc,remset   ] GC(498) Coarsening (recent): Inline->AoC 952738 (247) AoC->Howl 1623 (536) Howl->Full 0 (0) Inline->AoC 6601 (174) AoC->BitMap 1591 (663) BitMap->Full 0 (0)
[2025-10-15T15:12:56.754-0700][1251][debug][gc,remset   ] GC(498) Coarsening (all): Inline->AoC 281641608 (84992) AoC->Howl 1238339 (194354) Howl->Full 0 (0) Inline->AoC 5672785 (59549) AoC->BitMap 1015412 (162001) BitMap->Full 9 (0)
[2025-10-15T15:12:56.754-0700][1251][info ][gc,heap     ] GC(498) Eden regions: 2699->0(2964)
[2025-10-15T15:12:56.754-0700][1251][info ][gc,heap     ] GC(498) Survivor regions: 209->203(364)
[2025-10-15T15:12:56.754-0700][1251][info ][gc,heap     ] GC(498) Old regions: 1328->1336
[2025-10-15T15:12:56.754-0700][1251][info ][gc,heap     ] GC(498) Humongous regions: 0->0
[2025-10-15T15:12:56.754-0700][1251][info ][gc,metaspace] GC(498) Metaspace: 304698K(309696K)->304698K(309696K) NonClass: 268925K(271488K)->268925K(271488K) Class: 35772K(38208K)->35772K(38208K)
[2025-10-15T15:12:56.754-0700][1251][info ][gc          ] GC(498) Pause Young (Normal) (G1 Evacuation Pause) 135508M->49207M(184320M) 195.011ms
[2025-10-15T15:12:56.755-0700][1251][info ][gc,cpu      ] GC(498) User=19.00s Sys=0.25s Real=0.19s
[2025-10-15T15:12:56.757-0700][1251][info ][safepoint   ] Safepoint "G1CollectForAllocation", Time since last: 5278972888 ns, Reaching safepoint: 1243095 ns, Cleanup: 5499 ns, At safepoint: 198440526 ns, Total: 199689120 ns
[2025-10-15T15:13:02.574-0700][1251][info ][gc,start    ] GC(499) Pause Young (Normal) (G1 Evacuation Pause)
[2025-10-15T15:13:02.574-0700][1251][info ][gc,task     ] GC(499) Using 113 workers of 113 for evacuation
[2025-10-15T15:13:02.593-0700][1251][debug][gc,remset   ] GC(499) Visited cards 29093120 Total dirty 86900736 (33.48%) Total old 514850816 (5.65%)
[2025-10-15T15:13:02.762-0700][1251][info ][gc,phases   ] GC(499)   Pre Evacuate Collection Set: 0.8ms
[2025-10-15T15:13:02.762-0700][1251][info ][gc,phases   ] GC(499)   Merge Heap Roots: 17.6ms
[2025-10-15T15:13:02.762-0700][1251][info ][gc,phases   ] GC(499)   Evacuate Collection Set: 144.3ms
[2025-10-15T15:13:02.762-0700][1251][info ][gc,phases   ] GC(499)   Post Evacuate Collection Set: 25.5ms
[2025-10-15T15:13:02.762-0700][1251][info ][gc,phases   ] GC(499)   Other: 0.2ms
[2025-10-15T15:13:02.762-0700][1251][debug][gc,remset   ] GC(499) Coarsening (recent): Inline->AoC 959542 (225) AoC->Howl 1485 (477) Howl->Full 0 (0) Inline->AoC 6019 (168) AoC->BitMap 1414 (521) BitMap->Full 0 (0)
[2025-10-15T15:13:02.762-0700][1251][debug][gc,remset   ] GC(499) Coarsening (all): Inline->AoC 282601150 (85217) AoC->Howl 1239824 (194831) Howl->Full 0 (0) Inline->AoC 5678804 (59717) AoC->BitMap 1016826 (162522) BitMap->Full 9 (0)
[2025-10-15T15:13:02.762-0700][1251][info ][gc,heap     ] GC(499) Eden regions: 3057->0(3253)
[2025-10-15T15:13:02.762-0700][1251][info ][gc,heap     ] GC(499) Survivor regions: 203->203(408)
[2025-10-15T15:13:02.762-0700][1251][info ][gc,heap     ] GC(499) Old regions: 1336->1336
[2025-10-15T15:13:02.762-0700][1251][info ][gc,heap     ] GC(499) Humongous regions: 0->0
[2025-10-15T15:13:02.762-0700][1251][info ][gc,metaspace] GC(499) Metaspace: 304698K(309696K)->304698K(309696K) NonClass: 268925K(271488K)->268925K(271488K) Class: 35772K(38208K)->35772K(38208K)
[2025-10-15T15:13:02.763-0700][1251][info ][gc          ] GC(499) Pause Young (Normal) (G1 Evacuation Pause) 147031M->49229M(184320M) 188.558ms
[2025-10-15T15:13:02.764-0700][1251][info ][gc,cpu      ] GC(499) User=18.42s Sys=0.10s Real=0.19s
[2025-10-15T15:13:02.765-0700][1251][info ][safepoint   ] Safepoint "G1CollectForAllocation", Time since last: 5814986987 ns, Reaching safepoint: 1194642 ns, Cleanup: 4788 ns, At safepoint: 191924705 ns, Total: 193124135 ns
[2025-10-15T15:13:08.580-0700][1251][info ][gc,start    ] GC(500) Pause Young (Normal) (G1 Evacuation Pause)
[2025-10-15T15:13:08.580-0700][1251][info ][gc,task     ] GC(500) Using 113 workers of 113 for evacuation
[2025-10-15T15:13:08.599-0700][1251][debug][gc,remset   ] GC(500) Visited cards 29215744 Total dirty 86769664 (33.67%) Total old 517341184 (5.65%)
[2025-10-15T15:13:08.773-0700][1251][info ][gc,phases   ] GC(500)   Pre Evacuate Collection Set: 0.8ms
[2025-10-15T15:13:08.773-0700][1251][info ][gc,phases   ] GC(500)   Merge Heap Roots: 18.3ms
[2025-10-15T15:13:08.773-0700][1251][info ][gc,phases   ] GC(500)   Evacuate Collection Set: 148.4ms
[2025-10-15T15:13:08.773-0700][1251][info ][gc,phases   ] GC(500)   Post Evacuate Collection Set: 25.8ms
[2025-10-15T15:13:08.773-0700][1251][info ][gc,phases   ] GC(500)   Other: 0.2ms
[2025-10-15T15:13:08.773-0700][1251][debug][gc,remset   ] GC(500) Coarsening (recent): Inline->AoC 1002768 (237) AoC->Howl 1609 (508) Howl->Full 0 (0) Inline->AoC 6594 (166) AoC->BitMap 1564 (630) BitMap->Full 0 (0)
[2025-10-15T15:13:08.773-0700][1251][debug][gc,remset   ] GC(500) Coarsening (all): Inline->AoC 283603918 (85454) AoC->Howl 1241433 (195339) Howl->Full 0 (0) Inline->AoC 5685398 (59883) AoC->BitMap 1018390 (163152) BitMap->Full 9 (0)
[2025-10-15T15:13:08.773-0700][1251][info ][gc,heap     ] GC(500) Eden regions: 3076->0(3251)
[2025-10-15T15:13:08.773-0700][1251][info ][gc,heap     ] GC(500) Survivor regions: 203->205(410)
[2025-10-15T15:13:08.773-0700][1251][info ][gc,heap     ] GC(500) Old regions: 1336->1336
[2025-10-15T15:13:08.773-0700][1251][info ][gc,heap     ] GC(500) Humongous regions: 0->0
[2025-10-15T15:13:08.773-0700][1251][info ][gc,metaspace] GC(500) Metaspace: 304698K(309696K)->304698K(309696K) NonClass: 268925K(271488K)->268925K(271488K) Class: 35772K(38208K)->35772K(38208K)
[2025-10-15T15:13:08.773-0700][1251][info ][gc          ] GC(500) Pause Young (Normal) (G1 Evacuation Pause) 147661M->49293M(184320M) 193.665ms
[2025-10-15T15:13:08.775-0700][1251][info ][gc,cpu      ] GC(500) User=18.72s Sys=0.23s Real=0.19s
[2025-10-15T15:13:08.776-0700][1251][info ][safepoint   ] Safepoint "G1CollectForAllocation", Time since last: 5812362647 ns, Reaching safepoint: 1483478 ns, Cleanup: 7702 ns, At safepoint: 196958478 ns, Total: 198449658 ns
[2025-10-15T15:13:15.059-0700][1251][info ][gc,start    ] GC(501) Pause Young (Normal) (G1 Evacuation Pause)
[2025-10-15T15:13:15.059-0700][1251][info ][gc,task     ] GC(501) Using 113 workers of 113 for evacuation
[2025-10-15T15:13:15.077-0700][1251][debug][gc,remset   ] GC(501) Visited cards 29131008 Total dirty 86769664 (33.57%) Total old 534118400 (5.45%)
[2025-10-15T15:13:15.254-0700][1251][info ][gc,phases   ] GC(501)   Pre Evacuate Collection Set: 0.8ms
[2025-10-15T15:13:15.254-0700][1251][info ][gc,phases   ] GC(501)   Merge Heap Roots: 17.4ms
[2025-10-15T15:13:15.254-0700][1251][info ][gc,phases   ] GC(501)   Evacuate Collection Set: 150.0ms
[2025-10-15T15:13:15.254-0700][1251][info ][gc,phases   ] GC(501)   Post Evacuate Collection Set: 26.8ms
[2025-10-15T15:13:15.254-0700][1251][info ][gc,phases   ] GC(501)   Other: 0.2ms
[2025-10-15T15:13:15.254-0700][1251][debug][gc,remset   ] GC(501) Coarsening (recent): Inline->AoC 1059660 (262) AoC->Howl 1409 (404) Howl->Full 0 (0) Inline->AoC 5969 (142) AoC->BitMap 1508 (637) BitMap->Full 0 (0)
[2025-10-15T15:13:15.254-0700][1251][debug][gc,remset   ] GC(501) Coarsening (all): Inline->AoC 284663578 (85716) AoC->Howl 1242842 (195743) Howl->Full 0 (0) Inline->AoC 5691367 (60025) AoC->BitMap 1019898 (163789) BitMap->Full 9 (0)
[2025-10-15T15:13:15.254-0700][1251][info ][gc,heap     ] GC(501) Eden regions: 3202->0(3249)
[2025-10-15T15:13:15.254-0700][1251][info ][gc,heap     ] GC(501) Survivor regions: 205->207(426)
[2025-10-15T15:13:15.254-0700][1251][info ][gc,heap     ] GC(501) Old regions: 1336->1336
[2025-10-15T15:13:15.254-0700][1251][info ][gc,heap     ] GC(501) Humongous regions: 0->0
[2025-10-15T15:13:15.254-0700][1251][info ][gc,metaspace] GC(501) Metaspace: 304698K(309696K)->304698K(309696K) NonClass: 268925K(271488K)->268925K(271488K) Class: 35772K(38208K)->35772K(38208K)
[2025-10-15T15:13:15.254-0700][1251][info ][gc          ] GC(501) Pause Young (Normal) (G1 Evacuation Pause) 151757M->49335M(184320M) 195.360ms
[2025-10-15T15:13:15.255-0700][1251][info ][gc,cpu      ] GC(501) User=18.89s Sys=0.21s Real=0.19s
[2025-10-15T15:13:15.256-0700][1251][info ][safepoint   ] Safepoint "G1CollectForAllocation", Time since last: 6281205244 ns, Reaching safepoint: 1009342 ns, Cleanup: 4848 ns, At safepoint: 198687055 ns, Total: 199701245 ns
[2025-10-15T15:13:19.258-0700][1251][info ][safepoint   ] Safepoint "Cleanup", Time since last: 4000275470 ns, Reaching safepoint: 786516 ns, Cleanup: 38158 ns, At safepoint: 346633 ns, Total: 1171307 ns
[2025-10-15T15:13:21.456-0700][1251][info ][gc,start    ] GC(502) Pause Young (Normal) (G1 Evacuation Pause)
[2025-10-15T15:13:21.456-0700][1251][info ][gc,task     ] GC(502) Using 113 workers of 113 for evacuation
[2025-10-15T15:13:21.475-0700][1251][debug][gc,remset   ] GC(502) Visited cards 29485568 Total dirty 86835200 (33.96%) Total old 540278784 (5.46%)
[2025-10-15T15:13:21.656-0700][1251][info ][gc,phases   ] GC(502)   Pre Evacuate Collection Set: 0.7ms
[2025-10-15T15:13:21.656-0700][1251][info ][gc,phases   ] GC(502)   Merge Heap Roots: 17.7ms
[2025-10-15T15:13:21.656-0700][1251][info ][gc,phases   ] GC(502)   Evacuate Collection Set: 153.5ms
[2025-10-15T15:13:21.656-0700][1251][info ][gc,phases   ] GC(502)   Post Evacuate Collection Set: 27.6ms
[2025-10-15T15:13:21.656-0700][1251][info ][gc,phases   ] GC(502)   Other: 0.2ms
[2025-10-15T15:13:21.656-0700][1251][debug][gc,remset   ] GC(502) Coarsening (recent): Inline->AoC 1102791 (262) AoC->Howl 1535 (463) Howl->Full 0 (0) Inline->AoC 6460 (166) AoC->BitMap 1450 (583) BitMap->Full 0 (0)
[2025-10-15T15:13:21.656-0700][1251][debug][gc,remset   ] GC(502) Coarsening (all): Inline->AoC 285766369 (85978) AoC->Howl 1244377 (196206) Howl->Full 0 (0) Inline->AoC 5697827 (60191) AoC->BitMap 1021348 (164372) BitMap->Full 9 (0)
[2025-10-15T15:13:21.656-0700][1251][info ][gc,heap     ] GC(502) Eden regions: 3247->0(3096)
[2025-10-15T15:13:21.656-0700][1251][info ][gc,heap     ] GC(502) Survivor regions: 207->210(432)
[2025-10-15T15:13:21.656-0700][1251][info ][gc,heap     ] GC(502) Old regions: 1336->1336
[2025-10-15T15:13:21.656-0700][1251][info ][gc,heap     ] GC(502) Humongous regions: 0->0
[2025-10-15T15:13:21.656-0700][1251][info ][gc,metaspace] GC(502) Metaspace: 304698K(309696K)->304698K(309696K) NonClass: 268926K(271488K)->268926K(271488K) Class: 35772K(38208K)->35772K(38208K)
[2025-10-15T15:13:21.656-0700][1251][info ][gc          ] GC(502) Pause Young (Normal) (G1 Evacuation Pause) 153239M->49453M(184320M) 199.844ms
[2025-10-15T15:13:21.657-0700][1251][info ][gc,cpu      ] GC(502) User=19.34s Sys=0.16s Real=0.20s
[2025-10-15T15:13:21.658-0700][1251][info ][safepoint   ] Safepoint "G1CollectForAllocation", Time since last: 2195789787 ns, Reaching safepoint: 1057084 ns, Cleanup: 5509 ns, At safepoint: 203273614 ns, Total: 204336207 ns
[2025-10-15T15:13:22.659-0700][1251][info ][safepoint   ] Safepoint "Cleanup", Time since last: 1000084829 ns, Reaching safepoint: 955611 ns, Cleanup: 10216 ns, At safepoint: 190727 ns, Total: 1156554 ns
[2025-10-15T15:13:27.869-0700][1251][info ][gc,start    ] GC(503) Pause Young (Normal) (G1 Evacuation Pause)
[2025-10-15T15:13:27.869-0700][1251][info ][gc,task     ] GC(503) Using 113 workers of 113 for evacuation
[2025-10-15T15:13:27.887-0700][1251][debug][gc,remset   ] GC(503) Visited cards 29239552 Total dirty 86769664 (33.70%) Total old 525467648 (5.56%)
[2025-10-15T15:13:28.067-0700][1251][info ][gc,phases   ] GC(503)   Pre Evacuate Collection Set: 0.8ms
[2025-10-15T15:13:28.067-0700][1251][info ][gc,phases   ] GC(503)   Merge Heap Roots: 17.6ms
[2025-10-15T15:13:28.067-0700][1251][info ][gc,phases   ] GC(503)   Evacuate Collection Set: 154.6ms
[2025-10-15T15:13:28.067-0700][1251][info ][gc,phases   ] GC(503)   Post Evacuate Collection Set: 24.5ms
[2025-10-15T15:13:28.067-0700][1251][info ][gc,phases   ] GC(503)   Other: 0.2ms
[2025-10-15T15:13:28.067-0700][1251][debug][gc,remset   ] GC(503) Coarsening (recent): Inline->AoC 1042460 (261) AoC->Howl 1652 (585) Howl->Full 0 (0) Inline->AoC 6436 (192) AoC->BitMap 1594 (635) BitMap->Full 0 (0)
[2025-10-15T15:13:28.067-0700][1251][debug][gc,remset   ] GC(503) Coarsening (all): Inline->AoC 286808829 (86239) AoC->Howl 1246029 (196791) Howl->Full 0 (0) Inline->AoC 5704263 (60383) AoC->BitMap 1022942 (165007) BitMap->Full 9 (0)
[2025-10-15T15:13:28.067-0700][1251][info ][gc,heap     ] GC(503) Eden regions: 3131->0(3185)
[2025-10-15T15:13:28.067-0700][1251][info ][gc,heap     ] GC(503) Survivor regions: 210->211(418)
[2025-10-15T15:13:28.067-0700][1251][info ][gc,heap     ] GC(503) Old regions: 1336->1336
[2025-10-15T15:13:28.067-0700][1251][info ][gc,heap     ] GC(503) Humongous regions: 0->0
[2025-10-15T15:13:28.067-0700][1251][info ][gc,metaspace] GC(503) Metaspace: 304698K(309696K)->304698K(309696K) NonClass: 268926K(271488K)->268926K(271488K) Class: 35772K(38208K)->35772K(38208K)
[2025-10-15T15:13:28.067-0700][1251][info ][gc          ] GC(503) Pause Young (Normal) (G1 Evacuation Pause) 149645M->49485M(184320M) 197.878ms
[2025-10-15T15:13:28.068-0700][1251][info ][gc,cpu      ] GC(503) User=19.40s Sys=0.12s Real=0.19s
[2025-10-15T15:13:28.069-0700][1251][info ][safepoint   ] Safepoint "G1CollectForAllocation", Time since last: 5206667879 ns, Reaching safepoint: 1706524 ns, Cleanup: 5418 ns, At safepoint: 201322852 ns, Total: 203034794 ns
[2025-10-15T15:13:32.070-0700][1251][info ][safepoint   ] Safepoint "Cleanup", Time since last: 4000257732 ns, Reaching safepoint: 831835 ns, Cleanup: 10326 ns, At safepoint: 323037 ns, Total: 1165198 ns
[2025-10-15T15:13:34.456-0700][1251][info ][gc,start    ] GC(504) Pause Young (Normal) (G1 Evacuation Pause)
[2025-10-15T15:13:34.456-0700][1251][info ][gc,task     ] GC(504) Using 113 workers of 113 for evacuation
[2025-10-15T15:13:34.474-0700][1251][debug][gc,remset   ] GC(504) Visited cards 29421312 Total dirty 86835200 (33.88%) Total old 535822336 (5.49%)
[2025-10-15T15:13:34.654-0700][1251][info ][gc,phases   ] GC(504)   Pre Evacuate Collection Set: 0.7ms
[2025-10-15T15:13:34.654-0700][1251][info ][gc,phases   ] GC(504)   Merge Heap Roots: 17.1ms
[2025-10-15T15:13:34.654-0700][1251][info ][gc,phases   ] GC(504)   Evacuate Collection Set: 155.0ms
[2025-10-15T15:13:34.654-0700][1251][info ][gc,phases   ] GC(504)   Post Evacuate Collection Set: 25.2ms
[2025-10-15T15:13:34.654-0700][1251][info ][gc,phases   ] GC(504)   Other: 0.2ms
[2025-10-15T15:13:34.654-0700][1251][debug][gc,remset   ] GC(504) Coarsening (recent): Inline->AoC 1073782 (219) AoC->Howl 1551 (501) Howl->Full 0 (0) Inline->AoC 6319 (163) AoC->BitMap 1571 (633) BitMap->Full 0 (0)
[2025-10-15T15:13:34.654-0700][1251][debug][gc,remset   ] GC(504) Coarsening (all): Inline->AoC 287882611 (86458) AoC->Howl 1247580 (197292) Howl->Full 0 (0) Inline->AoC 5710582 (60546) AoC->BitMap 1024513 (165640) BitMap->Full 9 (0)
[2025-10-15T15:13:34.654-0700][1251][info ][gc,heap     ] GC(504) Eden regions: 3209->0(3244)
[2025-10-15T15:13:34.654-0700][1251][info ][gc,heap     ] GC(504) Survivor regions: 211->212(428)
[2025-10-15T15:13:34.654-0700][1251][info ][gc,heap     ] GC(504) Old regions: 1336->1336
[2025-10-15T15:13:34.654-0700][1251][info ][gc,heap     ] GC(504) Humongous regions: 0->0
[2025-10-15T15:13:34.654-0700][1251][info ][gc,metaspace] GC(504) Metaspace: 304698K(309696K)->304698K(309696K) NonClass: 268926K(271488K)->268926K(271488K) Class: 35772K(38208K)->35772K(38208K)
[2025-10-15T15:13:34.654-0700][1251][info ][gc          ] GC(504) Pause Young (Normal) (G1 Evacuation Pause) 152173M->49517M(184320M) 198.376ms
[2025-10-15T15:13:34.655-0700][1251][info ][gc,cpu      ] GC(504) User=19.27s Sys=0.23s Real=0.20s
[2025-10-15T15:13:34.656-0700][1251][info ][safepoint   ] Safepoint "G1CollectForAllocation", Time since last: 2380168810 ns, Reaching safepoint: 3928446 ns, Cleanup: 4967 ns, At safepoint: 201819561 ns, Total: 205752974 ns
[2025-10-15T15:13:40.887-0700][1251][info ][gc,start    ] GC(505) Pause Young (Normal) (G1 Evacuation Pause)
[2025-10-15T15:13:40.887-0700][1251][info ][gc,task     ] GC(505) Using 113 workers of 113 for evacuation
[2025-10-15T15:13:40.905-0700][1251][debug][gc,remset   ] GC(505) Visited cards 29489152 Total dirty 86638592 (34.04%) Total old 540540928 (5.46%)
[2025-10-15T15:13:41.093-0700][1251][info ][gc,mmu      ] GC(505) MMU target violated: 201.0ms (200.0ms/201.0ms)
[2025-10-15T15:13:41.093-0700][1251][info ][gc,phases   ] GC(505)   Pre Evacuate Collection Set: 1.2ms
[2025-10-15T15:13:41.093-0700][1251][info ][gc,phases   ] GC(505)   Merge Heap Roots: 17.0ms
[2025-10-15T15:13:41.093-0700][1251][info ][gc,phases   ] GC(505)   Evacuate Collection Set: 161.6ms
[2025-10-15T15:13:41.093-0700][1251][info ][gc,phases   ] GC(505)   Post Evacuate Collection Set: 26.3ms
[2025-10-15T15:13:41.093-0700][1251][info ][gc,phases   ] GC(505)   Other: 0.3ms
[2025-10-15T15:13:41.093-0700][1251][debug][gc,remset   ] GC(505) Coarsening (recent): Inline->AoC 1088678 (220) AoC->Howl 1568 (507) Howl->Full 0 (0) Inline->AoC 6622 (145) AoC->BitMap 1638 (646) BitMap->Full 0 (0)
[2025-10-15T15:13:41.093-0700][1251][debug][gc,remset   ] GC(505) Coarsening (all): Inline->AoC 288971289 (86678) AoC->Howl 1249148 (197799) Howl->Full 0 (0) Inline->AoC 5717204 (60691) AoC->BitMap 1026151 (166286) BitMap->Full 9 (0)
[2025-10-15T15:13:41.093-0700][1251][info ][gc,heap     ] GC(505) Eden regions: 3244->0(2931)
[2025-10-15T15:13:41.093-0700][1251][info ][gc,heap     ] GC(505) Survivor regions: 212->215(432)
[2025-10-15T15:13:41.093-0700][1251][info ][gc,heap     ] GC(505) Old regions: 1336->1336
[2025-10-15T15:13:41.093-0700][1251][info ][gc,heap     ] GC(505) Humongous regions: 0->0
[2025-10-15T15:13:41.093-0700][1251][info ][gc,metaspace] GC(505) Metaspace: 304698K(309696K)->304698K(309696K) NonClass: 268926K(271488K)->268926K(271488K) Class: 35772K(38208K)->35772K(38208K)
[2025-10-15T15:13:41.093-0700][1251][info ][gc          ] GC(505) Pause Young (Normal) (G1 Evacuation Pause) 153325M->49592M(184320M) 206.493ms
[2025-10-15T15:13:41.094-0700][1251][info ][gc,cpu      ] GC(505) User=19.77s Sys=0.38s Real=0.21s
[2025-10-15T15:13:41.095-0700][1251][info ][safepoint   ] Safepoint "G1CollectForAllocation", Time since last: 6226519194 ns, Reaching safepoint: 2563497 ns, Cleanup: 5018 ns, At safepoint: 209878637 ns, Total: 212447152 ns
[2025-10-15T15:13:42.096-0700][1251][info ][safepoint   ] Safepoint "Cleanup", Time since last: 1000086762 ns, Reaching safepoint: 751363 ns, Cleanup: 11367 ns, At safepoint: 156206 ns, Total: 918936 ns
[2025-10-15T15:13:46.098-0700][1251][info ][safepoint   ] Safepoint "Cleanup", Time since last: 4000275910 ns, Reaching safepoint: 763341 ns, Cleanup: 16355 ns, At safepoint: 273302 ns, Total: 1052998 ns
[2025-10-15T15:13:47.099-0700][1251][info ][safepoint   ] Safepoint "Cleanup", Time since last: 1000098700 ns, Reaching safepoint: 755910 ns, Cleanup: 9665 ns, At safepoint: 190778 ns, Total: 956353 ns
[2025-10-15T15:13:47.268-0700][1251][info ][gc,start    ] GC(506) Pause Young (Normal) (G1 Evacuation Pause)
[2025-10-15T15:13:47.268-0700][1251][info ][gc,task     ] GC(506) Using 113 workers of 113 for evacuation
[2025-10-15T15:13:47.286-0700][1251][debug][gc,remset   ] GC(506) Visited cards 29494528 Total dirty 86835200 (33.97%) Total old 522190848 (5.65%)
[2025-10-15T15:13:47.466-0700][1251][info ][gc,phases   ] GC(506)   Pre Evacuate Collection Set: 0.8ms
[2025-10-15T15:13:47.466-0700][1251][info ][gc,phases   ] GC(506)   Merge Heap Roots: 17.6ms
[2025-10-15T15:13:47.466-0700][1251][info ][gc,phases   ] GC(506)   Evacuate Collection Set: 154.2ms
[2025-10-15T15:13:47.466-0700][1251][info ][gc,phases   ] GC(506)   Post Evacuate Collection Set: 25.7ms
[2025-10-15T15:13:47.466-0700][1251][info ][gc,phases   ] GC(506)   Other: 0.2ms
[2025-10-15T15:13:47.466-0700][1251][debug][gc,remset   ] GC(506) Coarsening (recent): Inline->AoC 1051197 (261) AoC->Howl 1473 (508) Howl->Full 0 (0) Inline->AoC 5860 (171) AoC->BitMap 1573 (639) BitMap->Full 0 (0)
[2025-10-15T15:13:47.466-0700][1251][debug][gc,remset   ] GC(506) Coarsening (all): Inline->AoC 290022486 (86939) AoC->Howl 1250621 (198307) Howl->Full 0 (0) Inline->AoC 5723064 (60862) AoC->BitMap 1027724 (166925) BitMap->Full 9 (0)
[2025-10-15T15:13:47.466-0700][1251][info ][gc,heap     ] GC(506) Eden regions: 3101->0(3033)
[2025-10-15T15:13:47.466-0700][1251][info ][gc,heap     ] GC(506) Survivor regions: 215->214(415)
[2025-10-15T15:13:47.466-0700][1251][info ][gc,heap     ] GC(506) Old regions: 1336->1337
[2025-10-15T15:13:47.466-0700][1251][info ][gc,heap     ] GC(506) Humongous regions: 0->0
[2025-10-15T15:13:47.466-0700][1251][info ][gc,metaspace] GC(506) Metaspace: 304698K(309696K)->304698K(309696K) NonClass: 268926K(271488K)->268926K(271488K) Class: 35772K(38208K)->35772K(38208K)
[2025-10-15T15:13:47.466-0700][1251][info ][gc          ] GC(506) Pause Young (Normal) (G1 Evacuation Pause) 148824M->49618M(184320M) 198.694ms
[2025-10-15T15:13:47.468-0700][1251][info ][gc,cpu      ] GC(506) User=19.42s Sys=0.27s Real=0.20s
[2025-10-15T15:13:47.469-0700][1251][info ][safepoint   ] Safepoint "G1CollectForAllocation", Time since last: 166940117 ns, Reaching safepoint: 976423 ns, Cleanup: 5699 ns, At safepoint: 202077630 ns, Total: 203059752 ns
[2025-10-15T15:13:53.658-0700][1251][info ][gc,start    ] GC(507) Pause Young (Normal) (G1 Evacuation Pause)
[2025-10-15T15:13:53.658-0700][1251][info ][gc,task     ] GC(507) Using 113 workers of 113 for evacuation
[2025-10-15T15:13:53.676-0700][1251][debug][gc,remset   ] GC(507) Visited cards 29414656 Total dirty 86966272 (33.82%) Total old 524222464 (5.61%)
[2025-10-15T15:13:53.863-0700][1251][info ][gc,mmu      ] GC(507) MMU target violated: 201.0ms (200.0ms/201.0ms)
[2025-10-15T15:13:53.863-0700][1251][info ][gc,phases   ] GC(507)   Pre Evacuate Collection Set: 0.7ms
[2025-10-15T15:13:53.863-0700][1251][info ][gc,phases   ] GC(507)   Merge Heap Roots: 17.5ms
[2025-10-15T15:13:53.863-0700][1251][info ][gc,phases   ] GC(507)   Evacuate Collection Set: 160.3ms
[2025-10-15T15:13:53.863-0700][1251][info ][gc,phases   ] GC(507)   Post Evacuate Collection Set: 26.0ms
[2025-10-15T15:13:53.863-0700][1251][info ][gc,phases   ] GC(507)   Other: 0.2ms
[2025-10-15T15:13:53.863-0700][1251][debug][gc,remset   ] GC(507) Coarsening (recent): Inline->AoC 1060931 (267) AoC->Howl 1627 (536) Howl->Full 0 (0) Inline->AoC 6357 (168) AoC->BitMap 1504 (593) BitMap->Full 0 (0)
[2025-10-15T15:13:53.863-0700][1251][debug][gc,remset   ] GC(507) Coarsening (all): Inline->AoC 291083417 (87206) AoC->Howl 1252248 (198843) Howl->Full 0 (0) Inline->AoC 5729421 (61030) AoC->BitMap 1029228 (167518) BitMap->Full 9 (0)
[2025-10-15T15:13:53.863-0700][1251][info ][gc,heap     ] GC(507) Eden regions: 3117->0(3102)
[2025-10-15T15:13:53.863-0700][1251][info ][gc,heap     ] GC(507) Survivor regions: 214->212(417)
[2025-10-15T15:13:53.863-0700][1251][info ][gc,heap     ] GC(507) Old regions: 1337->1338
[2025-10-15T15:13:53.863-0700][1251][info ][gc,heap     ] GC(507) Humongous regions: 0->0
[2025-10-15T15:13:53.863-0700][1251][info ][gc,metaspace] GC(507) Metaspace: 304698K(309696K)->304698K(309696K) NonClass: 268926K(271488K)->268926K(271488K) Class: 35772K(38208K)->35772K(38208K)
[2025-10-15T15:13:53.863-0700][1251][info ][gc          ] GC(507) Pause Young (Normal) (G1 Evacuation Pause) 149362M->49599M(184320M) 204.866ms
[2025-10-15T15:13:53.864-0700][1251][info ][gc,cpu      ] GC(507) User=19.26s Sys=0.41s Real=0.21s
[2025-10-15T15:13:53.865-0700][1251][info ][safepoint   ] Safepoint "G1CollectForAllocation", Time since last: 6187006822 ns, Reaching safepoint: 1043765 ns, Cleanup: 5568 ns, At safepoint: 208405135 ns, Total: 209454468 ns
[2025-10-15T15:14:00.107-0700][1251][info ][gc,start    ] GC(508) Pause Young (Normal) (G1 Evacuation Pause)
[2025-10-15T15:14:00.107-0700][1251][info ][gc,task     ] GC(508) Using 113 workers of 113 for evacuation
[2025-10-15T15:14:00.125-0700][1251][debug][gc,remset   ] GC(508) Visited cards 29671936 Total dirty 86900736 (34.14%) Total old 538574848 (5.51%)
[2025-10-15T15:14:00.310-0700][1251][info ][gc,mmu      ] GC(508) MMU target violated: 201.0ms (200.0ms/201.0ms)
[2025-10-15T15:14:00.310-0700][1251][info ][gc,phases   ] GC(508)   Pre Evacuate Collection Set: 0.8ms
[2025-10-15T15:14:00.310-0700][1251][info ][gc,phases   ] GC(508)   Merge Heap Roots: 17.0ms
[2025-10-15T15:14:00.310-0700][1251][info ][gc,phases   ] GC(508)   Evacuate Collection Set: 158.2ms
[2025-10-15T15:14:00.310-0700][1251][info ][gc,phases   ] GC(508)   Post Evacuate Collection Set: 26.3ms
[2025-10-15T15:14:00.310-0700][1251][info ][gc,phases   ] GC(508)   Other: 0.3ms
[2025-10-15T15:14:00.310-0700][1251][debug][gc,remset   ] GC(508) Coarsening (recent): Inline->AoC 1040303 (240) AoC->Howl 1624 (504) Howl->Full 0 (0) Inline->AoC 6622 (156) AoC->BitMap 1530 (603) BitMap->Full 0 (0)
[2025-10-15T15:14:00.310-0700][1251][debug][gc,remset   ] GC(508) Coarsening (all): Inline->AoC 292123720 (87446) AoC->Howl 1253872 (199347) Howl->Full 0 (0) Inline->AoC 5736043 (61186) AoC->BitMap 1030758 (168121) BitMap->Full 9 (0)
[2025-10-15T15:14:00.310-0700][1251][info ][gc,heap     ] GC(508) Eden regions: 3228->0(3080)
[2025-10-15T15:14:00.310-0700][1251][info ][gc,heap     ] GC(508) Survivor regions: 212->209(430)
[2025-10-15T15:14:00.310-0700][1251][info ][gc,heap     ] GC(508) Old regions: 1338->1344
[2025-10-15T15:14:00.310-0700][1251][info ][gc,heap     ] GC(508) Humongous regions: 0->0
[2025-10-15T15:14:00.310-0700][1251][info ][gc,metaspace] GC(508) Metaspace: 304698K(309696K)->304698K(309696K) NonClass: 268926K(271488K)->268926K(271488K) Class: 35772K(38208K)->35772K(38208K)
[2025-10-15T15:14:00.310-0700][1251][info ][gc          ] GC(508) Pause Young (Normal) (G1 Evacuation Pause) 152895M->49674M(184320M) 202.650ms
[2025-10-15T15:14:00.311-0700][1251][info ][gc,cpu      ] GC(508) User=19.37s Sys=0.31s Real=0.21s
[2025-10-15T15:14:00.312-0700][1251][info ][safepoint   ] Safepoint "G1CollectForAllocation", Time since last: 6239817163 ns, Reaching safepoint: 1050945 ns, Cleanup: 5418 ns, At safepoint: 205979336 ns, Total: 207035699 ns
[2025-10-15T15:14:06.099-0700][1251][info ][gc,start    ] GC(509) Pause Young (Normal) (G1 Evacuation Pause)
[2025-10-15T15:14:06.099-0700][1251][info ][gc,task     ] GC(509) Using 113 workers of 113 for evacuation
[2025-10-15T15:14:06.120-0700][1251][debug][gc,remset   ] GC(509) Visited cards 31892224 Total dirty 87425024 (36.48%) Total old 500301824 (6.37%)
[2025-10-15T15:14:06.308-0700][1251][info ][gc,mmu      ] GC(509) MMU target violated: 201.0ms (200.0ms/201.0ms)
[2025-10-15T15:14:06.308-0700][1251][info ][gc,phases   ] GC(509)   Pre Evacuate Collection Set: 0.7ms
[2025-10-15T15:14:06.308-0700][1251][info ][gc,phases   ] GC(509)   Merge Heap Roots: 20.7ms
[2025-10-15T15:14:06.308-0700][1251][info ][gc,phases   ] GC(509)   Evacuate Collection Set: 160.9ms
[2025-10-15T15:14:06.308-0700][1251][info ][gc,phases   ] GC(509)   Post Evacuate Collection Set: 26.2ms
[2025-10-15T15:14:06.308-0700][1251][info ][gc,phases   ] GC(509)   Other: 0.2ms
[2025-10-15T15:14:06.308-0700][1251][debug][gc,remset   ] GC(509) Coarsening (recent): Inline->AoC 914448 (215) AoC->Howl 1559 (499) Howl->Full 0 (0) Inline->AoC 6266 (162) AoC->BitMap 1723 (731) BitMap->Full 0 (0)
[2025-10-15T15:14:06.308-0700][1251][debug][gc,remset   ] GC(509) Coarsening (all): Inline->AoC 293038168 (87661) AoC->Howl 1255431 (199846) Howl->Full 0 (0) Inline->AoC 5742309 (61348) AoC->BitMap 1032481 (168852) BitMap->Full 9 (0)
[2025-10-15T15:14:06.308-0700][1251][info ][gc,heap     ] GC(509) Eden regions: 2936->0(2426)
[2025-10-15T15:14:06.308-0700][1251][info ][gc,heap     ] GC(509) Survivor regions: 209->203(394)
[2025-10-15T15:14:06.308-0700][1251][info ][gc,heap     ] GC(509) Old regions: 1344->1358
[2025-10-15T15:14:06.308-0700][1251][info ][gc,heap     ] GC(509) Humongous regions: 0->0
[2025-10-15T15:14:06.308-0700][1251][info ][gc,metaspace] GC(509) Metaspace: 304713K(309760K)->304713K(309760K) NonClass: 268940K(271552K)->268940K(271552K) Class: 35772K(38208K)->35772K(38208K)
[2025-10-15T15:14:06.308-0700][1251][info ][gc          ] GC(509) Pause Young (Normal) (G1 Evacuation Pause) 143626M->49927M(184320M) 208.974ms
[2025-10-15T15:14:06.309-0700][1251][info ][gc,cpu      ] GC(509) User=20.04s Sys=0.17s Real=0.21s
[2025-10-15T15:14:06.310-0700][1251][info ][safepoint   ] Safepoint "G1CollectForAllocation", Time since last: 5777852862 ns, Reaching safepoint: 7742128 ns, Cleanup: 17366 ns, At safepoint: 212162723 ns, Total: 219922217 ns
[2025-10-15T15:14:07.028-0700][1251][info ][gc,start    ] GC(510) Pause Young (Normal) (G1 Evacuation Pause)
[2025-10-15T15:14:07.028-0700][1251][info ][gc,task     ] GC(510) Using 113 workers of 113 for evacuation
[2025-10-15T15:14:07.100-0700][1251][debug][gc,remset   ] GC(510) Visited cards 43093504 Total dirty 88342528 (48.78%) Total old 197263360 (21.85%)
[2025-10-15T15:14:07.368-0700][1251][info ][gc,mmu      ] GC(510) MMU target violated: 201.0ms (200.0ms/201.0ms)
[2025-10-15T15:14:07.368-0700][1251][info ][gc,phases   ] GC(510)   Pre Evacuate Collection Set: 0.7ms
[2025-10-15T15:14:07.368-0700][1251][info ][gc,phases   ] GC(510)   Merge Heap Roots: 71.6ms
[2025-10-15T15:14:07.368-0700][1251][info ][gc,phases   ] GC(510)   Evacuate Collection Set: 255.9ms
[2025-10-15T15:14:07.368-0700][1251][info ][gc,phases   ] GC(510)   Post Evacuate Collection Set: 12.4ms
[2025-10-15T15:14:07.368-0700][1251][info ][gc,phases   ] GC(510)   Other: 0.1ms
[2025-10-15T15:14:07.368-0700][1251][debug][gc,remset   ] GC(510) Coarsening (recent): Inline->AoC 37528 (35) AoC->Howl 566 (153) Howl->Full 0 (0) Inline->AoC 2570 (38) AoC->BitMap 431 (136) BitMap->Full 0 (0)
[2025-10-15T15:14:07.368-0700][1251][debug][gc,remset   ] GC(510) Coarsening (all): Inline->AoC 293075696 (87696) AoC->Howl 1255997 (199999) Howl->Full 0 (0) Inline->AoC 5744879 (61386) AoC->BitMap 1032912 (168988) BitMap->Full 9 (0)
[2025-10-15T15:14:07.368-0700][1251][info ][gc,heap     ] GC(510) Eden regions: 623->0(184)
[2025-10-15T15:14:07.368-0700][1251][info ][gc,heap     ] GC(510) Survivor regions: 203->104(104)
[2025-10-15T15:14:07.368-0700][1251][info ][gc,heap     ] GC(510) Old regions: 1358->1502
[2025-10-15T15:14:07.368-0700][1251][info ][gc,heap     ] GC(510) Humongous regions: 0->0
[2025-10-15T15:14:07.368-0700][1251][info ][gc,metaspace] GC(510) Metaspace: 305061K(310080K)->305061K(310080K) NonClass: 269289K(271872K)->269289K(271872K) Class: 35772K(38208K)->35772K(38208K)
[2025-10-15T15:14:07.368-0700][1251][info ][gc          ] GC(510) Pause Young (Normal) (G1 Evacuation Pause) 69863M->51364M(184320M) 340.884ms
[2025-10-15T15:14:07.370-0700][1251][info ][gc,cpu      ] GC(510) User=32.98s Sys=0.11s Real=0.35s
[2025-10-15T15:14:07.371-0700][1251][info ][safepoint   ] Safepoint "G1CollectForAllocation", Time since last: 664333099 ns, Reaching safepoint: 52201492 ns, Cleanup: 59821 ns, At safepoint: 344286791 ns, Total: 396548104 ns
[2025-10-15T15:14:07.617-0700][1251][info ][gc,start    ] GC(511) Pause Young (Normal) (G1 Evacuation Pause)
[2025-10-15T15:14:07.617-0700][1251][info ][gc,task     ] GC(511) Using 113 workers of 113 for evacuation
[2025-10-15T15:14:07.703-0700][1251][debug][gc,remset   ] GC(511) Visited cards 49552128 Total dirty 97714176 (50.71%) Total old 136183808 (36.39%)
[2025-10-15T15:14:07.883-0700][1251][info ][gc,mmu      ] GC(511) MMU target violated: 201.0ms (200.0ms/201.0ms)
[2025-10-15T15:14:07.883-0700][1251][info ][gc,phases   ] GC(511)   Pre Evacuate Collection Set: 0.7ms
[2025-10-15T15:14:07.883-0700][1251][info ][gc,phases   ] GC(511)   Merge Heap Roots: 85.5ms
[2025-10-15T15:14:07.884-0700][1251][info ][gc,phases   ] GC(511)   Evacuate Collection Set: 172.7ms
[2025-10-15T15:14:07.884-0700][1251][info ][gc,phases   ] GC(511)   Post Evacuate Collection Set: 7.4ms
[2025-10-15T15:14:07.884-0700][1251][info ][gc,phases   ] GC(511)   Other: 0.1ms
[2025-10-15T15:14:07.884-0700][1251][debug][gc,remset   ] GC(511) Coarsening (recent): Inline->AoC 1218 (36) AoC->Howl 32 (10) Howl->Full 0 (0) Inline->AoC 137 (2) AoC->BitMap 5 (1) BitMap->Full 0 (0)
[2025-10-15T15:14:07.884-0700][1251][debug][gc,remset   ] GC(511) Coarsening (all): Inline->AoC 293076914 (87732) AoC->Howl 1256029 (200009) Howl->Full 0 (0) Inline->AoC 5745016 (61388) AoC->BitMap 1032917 (168989) BitMap->Full 9 (0)
[2025-10-15T15:14:07.884-0700][1251][info ][gc,heap     ] GC(511) Eden regions: 184->0(252)
[2025-10-15T15:14:07.884-0700][1251][info ][gc,heap     ] GC(511) Survivor regions: 104->36(36)
[2025-10-15T15:14:07.884-0700][1251][info ][gc,heap     ] GC(511) Old regions: 1502->1601
[2025-10-15T15:14:07.884-0700][1251][info ][gc,heap     ] GC(511) Humongous regions: 0->0
[2025-10-15T15:14:07.884-0700][1251][info ][gc,metaspace] GC(511) Metaspace: 305163K(310144K)->305163K(310144K) NonClass: 269387K(271936K)->269387K(271936K) Class: 35775K(38208K)->35775K(38208K)
[2025-10-15T15:14:07.884-0700][1251][info ][gc          ] GC(511) Pause Young (Normal) (G1 Evacuation Pause) 57252M->52375M(184320M) 266.527ms
[2025-10-15T15:14:07.885-0700][1251][info ][gc,cpu      ] GC(511) User=22.34s Sys=0.08s Real=0.27s
[2025-10-15T15:14:07.886-0700][1251][info ][safepoint   ] Safepoint "G1CollectForAllocation", Time since last: 224395034 ns, Reaching safepoint: 20840627 ns, Cleanup: 23075 ns, At safepoint: 270502483 ns, Total: 291366185 ns
[2025-10-15T15:14:08.507-0700][1251][info ][safepoint   ] Safepoint "ICBufferFull", Time since last: 619570047 ns, Reaching safepoint: 828590 ns, Cleanup: 256938 ns, At safepoint: 304569 ns, Total: 1390097 ns
[2025-10-15T15:14:08.992-0700][1251][info ][safepoint   ] Safepoint "ICBufferFull", Time since last: 482799899 ns, Reaching safepoint: 838685 ns, Cleanup: 261835 ns, At safepoint: 373373 ns, Total: 1473893 ns
[2025-10-15T15:14:09.229-0700][1251][info ][gc,start    ] GC(512) Pause Young (Normal) (G1 Evacuation Pause)
[2025-10-15T15:14:09.229-0700][1251][info ][gc,task     ] GC(512) Using 113 workers of 113 for evacuation
[2025-10-15T15:14:09.247-0700][1251][debug][gc,remset   ] GC(512) Visited cards 36895232 Total dirty 104136704 (35.43%) Total old 275447808 (13.39%)
[2025-10-15T15:14:09.379-0700][1251][info ][gc,phases   ] GC(512)   Pre Evacuate Collection Set: 0.7ms
[2025-10-15T15:14:09.379-0700][1251][info ][gc,phases   ] GC(512)   Merge Heap Roots: 16.8ms
[2025-10-15T15:14:09.379-0700][1251][info ][gc,phases   ] GC(512)   Evacuate Collection Set: 116.1ms
[2025-10-15T15:14:09.379-0700][1251][info ][gc,phases   ] GC(512)   Post Evacuate Collection Set: 15.4ms
[2025-10-15T15:14:09.379-0700][1251][info ][gc,phases   ] GC(512)   Other: 0.1ms
[2025-10-15T15:14:09.379-0700][1251][debug][gc,remset   ] GC(512) Coarsening (recent): Inline->AoC 81826 (175) AoC->Howl 714 (315) Howl->Full 0 (0) Inline->AoC 2343 (75) AoC->BitMap 194 (76) BitMap->Full 0 (0)
[2025-10-15T15:14:09.379-0700][1251][debug][gc,remset   ] GC(512) Coarsening (all): Inline->AoC 293158740 (87907) AoC->Howl 1256743 (200324) Howl->Full 0 (0) Inline->AoC 5747359 (61463) AoC->BitMap 1033111 (169065) BitMap->Full 9 (0)
[2025-10-15T15:14:09.379-0700][1251][info ][gc,heap     ] GC(512) Eden regions: 1265->0(164)
[2025-10-15T15:14:09.379-0700][1251][info ][gc,heap     ] GC(512) Survivor regions: 36->124(163)
[2025-10-15T15:14:09.379-0700][1251][info ][gc,heap     ] GC(512) Old regions: 1601->1601
[2025-10-15T15:14:09.379-0700][1251][info ][gc,heap     ] GC(512) Humongous regions: 0->0
[2025-10-15T15:14:09.379-0700][1251][info ][gc,metaspace] GC(512) Metaspace: 305793K(310720K)->305793K(310720K) NonClass: 269927K(272512K)->269927K(272512K) Class: 35865K(38208K)->35865K(38208K)
[2025-10-15T15:14:09.379-0700][1251][info ][gc          ] GC(512) Pause Young (Normal) (G1 Evacuation Pause) 92855M->55191M(184320M) 149.335ms
[2025-10-15T15:14:09.380-0700][1251][info ][gc,cpu      ] GC(512) User=12.30s Sys=0.19s Real=0.15s
[2025-10-15T15:14:09.381-0700][1251][info ][safepoint   ] Safepoint "G1CollectForAllocation", Time since last: 234666077 ns, Reaching safepoint: 1647956 ns, Cleanup: 179461 ns, At safepoint: 152947470 ns, Total: 154774887 ns
[2025-10-15T15:14:09.590-0700][1251][info ][safepoint   ] Safepoint "ICBufferFull", Time since last: 208012802 ns, Reaching safepoint: 911806 ns, Cleanup: 171559 ns, At safepoint: 284889 ns, Total: 1368254 ns
[2025-10-15T15:14:09.764-0700][1251][info ][safepoint   ] Safepoint "ICBufferFull", Time since last: 172187733 ns, Reaching safepoint: 1216135 ns, Cleanup: 231218 ns, At safepoint: 170698 ns, Total: 1618051 ns
[2025-10-15T15:14:09.765-0700][1251][info ][safepoint   ] Safepoint "ICBufferFull", Time since last: 83125 ns, Reaching safepoint: 460024 ns, Cleanup: 4887 ns, At safepoint: 119401 ns, Total: 584312 ns
[2025-10-15T15:14:10.062-0700][1251][info ][safepoint   ] Safepoint "ICBufferFull", Time since last: 289512498 ns, Reaching safepoint: 6209116 ns, Cleanup: 305331 ns, At safepoint: 849632 ns, Total: 7364079 ns
[2025-10-15T15:14:10.395-0700][1251][info ][gc,start    ] GC(513) Pause Young (Normal) (G1 Evacuation Pause)
[2025-10-15T15:14:10.395-0700][1251][info ][gc,task     ] GC(513) Using 113 workers of 113 for evacuation
[2025-10-15T15:14:10.412-0700][1251][debug][gc,remset   ] GC(513) Visited cards 35550464 Total dirty 104071168 (34.16%) Total old 251723776 (14.12%)
[2025-10-15T15:14:10.594-0700][1251][info ][gc,phases   ] GC(513)   Pre Evacuate Collection Set: 0.8ms
[2025-10-15T15:14:10.594-0700][1251][info ][gc,phases   ] GC(513)   Merge Heap Roots: 15.9ms
[2025-10-15T15:14:10.594-0700][1251][info ][gc,phases   ] GC(513)   Evacuate Collection Set: 171.3ms
[2025-10-15T15:14:10.594-0700][1251][info ][gc,phases   ] GC(513)   Post Evacuate Collection Set: 10.1ms
[2025-10-15T15:14:10.594-0700][1251][info ][gc,phases   ] GC(513)   Other: 0.1ms
[2025-10-15T15:14:10.594-0700][1251][debug][gc,remset   ] GC(513) Coarsening (recent): Inline->AoC 33578 (192) AoC->Howl 1872 (966) Howl->Full 0 (0) Inline->AoC 4820 (212) AoC->BitMap 993 (321) BitMap->Full 0 (0)
[2025-10-15T15:14:10.594-0700][1251][debug][gc,remset   ] GC(513) Coarsening (all): Inline->AoC 293192318 (88099) AoC->Howl 1258615 (201290) Howl->Full 0 (0) Inline->AoC 5752179 (61675) AoC->BitMap 1034104 (169386) BitMap->Full 9 (0)
[2025-10-15T15:14:10.594-0700][1251][info ][gc,heap     ] GC(513) Eden regions: 996->0(175)
[2025-10-15T15:14:10.594-0700][1251][info ][gc,heap     ] GC(513) Survivor regions: 124->113(140)
[2025-10-15T15:14:10.594-0700][1251][info ][gc,heap     ] GC(513) Old regions: 1601->1717
[2025-10-15T15:14:10.594-0700][1251][info ][gc,heap     ] GC(513) Humongous regions: 0->0
[2025-10-15T15:14:10.594-0700][1251][info ][gc,metaspace] GC(513) Metaspace: 305977K(310912K)->305977K(310912K) NonClass: 270092K(272704K)->270092K(272704K) Class: 35885K(38208K)->35885K(38208K)
[2025-10-15T15:14:10.594-0700][1251][info ][gc          ] GC(513) Pause Young (Normal) (G1 Evacuation Pause) 87063M->58544M(184320M) 198.395ms
[2025-10-15T15:14:10.595-0700][1251][info ][gc,cpu      ] GC(513) User=15.00s Sys=0.19s Real=0.20s
[2025-10-15T15:14:10.597-0700][1251][info ][safepoint   ] Safepoint "G1CollectForAllocation", Time since last: 316054405 ns, Reaching safepoint: 16078433 ns, Cleanup: 130196 ns, At safepoint: 203095335 ns, Total: 219303964 ns
[2025-10-15T15:14:11.814-0700][1251][info ][safepoint   ] Safepoint "Cleanup", Time since last: 1000391048 ns, Reaching safepoint: 214639328 ns, Cleanup: 301245 ns, At safepoint: 1705252 ns, Total: 216645825 ns
[2025-10-15T15:14:11.817-0700][1251][info ][gc,start    ] GC(514) Pause Young (Normal) (G1 Evacuation Pause)
[2025-10-15T15:14:11.817-0700][1251][info ][gc,task     ] GC(514) Using 113 workers of 113 for evacuation
[2025-10-15T15:14:11.833-0700][1251][debug][gc,remset   ] GC(514) Visited cards 36380416 Total dirty 111280128 (32.69%) Total old 280559616 (12.97%)
[2025-10-15T15:14:12.079-0700][1251][info ][gc,mmu      ] GC(514) MMU target violated: 201.0ms (200.0ms/201.0ms)
[2025-10-15T15:14:12.079-0700][1251][info ][gc,phases   ] GC(514)   Pre Evacuate Collection Set: 0.9ms
[2025-10-15T15:14:12.079-0700][1251][info ][gc,phases   ] GC(514)   Merge Heap Roots: 15.0ms
[2025-10-15T15:14:12.079-0700][1251][info ][gc,phases   ] GC(514)   Evacuate Collection Set: 232.5ms
[2025-10-15T15:14:12.079-0700][1251][info ][gc,phases   ] GC(514)   Post Evacuate Collection Set: 13.2ms
[2025-10-15T15:14:12.079-0700][1251][info ][gc,phases   ] GC(514)   Other: 0.2ms
[2025-10-15T15:14:12.079-0700][1251][debug][gc,remset   ] GC(514) Coarsening (recent): Inline->AoC 56092 (144) AoC->Howl 603 (227) Howl->Full 0 (0) Inline->AoC 1968 (49) AoC->BitMap 210 (56) BitMap->Full 0 (0)
[2025-10-15T15:14:12.079-0700][1251][debug][gc,remset   ] GC(514) Coarsening (all): Inline->AoC 293248410 (88243) AoC->Howl 1259218 (201517) Howl->Full 0 (0) Inline->AoC 5754147 (61724) AoC->BitMap 1034314 (169442) BitMap->Full 9 (0)
[2025-10-15T15:14:12.079-0700][1251][info ][gc,heap     ] GC(514) Eden regions: 1169->0(127)
[2025-10-15T15:14:12.079-0700][1251][info ][gc,heap     ] GC(514) Survivor regions: 113->161(161)
[2025-10-15T15:14:12.079-0700][1251][info ][gc,heap     ] GC(514) Old regions: 1717->1902
[2025-10-15T15:14:12.079-0700][1251][info ][gc,heap     ] GC(514) Humongous regions: 0->0
[2025-10-15T15:14:12.079-0700][1251][info ][gc,metaspace] GC(514) Metaspace: 306138K(311040K)->306138K(311040K) NonClass: 270237K(272832K)->270237K(272832K) Class: 35901K(38208K)->35901K(38208K)
[2025-10-15T15:14:12.079-0700][1251][info ][gc          ] GC(514) Pause Young (Normal) (G1 Evacuation Pause) 95952M->66016M(184320M) 261.922ms
[2025-10-15T15:14:12.080-0700][1251][info ][gc,cpu      ] GC(514) User=22.31s Sys=0.13s Real=0.27s
[2025-10-15T15:14:12.081-0700][1251][info ][safepoint   ] Safepoint "G1CollectForAllocation", Time since last: 128374 ns, Reaching safepoint: 1265128 ns, Cleanup: 4477 ns, At safepoint: 265856735 ns, Total: 267126340 ns
[2025-10-15T15:14:12.809-0700][1251][info ][gc,start    ] GC(515) Pause Young (Normal) (G1 Evacuation Pause)
[2025-10-15T15:14:12.809-0700][1251][info ][gc,task     ] GC(515) Using 113 workers of 113 for evacuation
[2025-10-15T15:14:12.828-0700][1251][debug][gc,remset   ] GC(515) Visited cards 35052544 Total dirty 122290176 (28.66%) Total old 235667456 (14.87%)
[2025-10-15T15:14:13.080-0700][1251][info ][gc,mmu      ] GC(515) MMU target violated: 201.0ms (200.0ms/201.0ms)
[2025-10-15T15:14:13.080-0700][1251][info ][gc,phases   ] GC(515)   Pre Evacuate Collection Set: 4.8ms
[2025-10-15T15:14:13.080-0700][1251][info ][gc,phases   ] GC(515)   Merge Heap Roots: 13.5ms
[2025-10-15T15:14:13.080-0700][1251][info ][gc,phases   ] GC(515)   Evacuate Collection Set: 242.3ms
[2025-10-15T15:14:13.080-0700][1251][info ][gc,phases   ] GC(515)   Post Evacuate Collection Set: 9.9ms
[2025-10-15T15:14:13.080-0700][1251][info ][gc,phases   ] GC(515)   Other: 0.2ms
[2025-10-15T15:14:13.080-0700][1251][debug][gc,remset   ] GC(515) Coarsening (recent): Inline->AoC 54893 (164) AoC->Howl 1766 (803) Howl->Full 0 (0) Inline->AoC 3985 (279) AoC->BitMap 1774 (847) BitMap->Full 0 (0)
[2025-10-15T15:14:13.080-0700][1251][debug][gc,remset   ] GC(515) Coarsening (all): Inline->AoC 293303303 (88407) AoC->Howl 1260984 (202320) Howl->Full 0 (0) Inline->AoC 5758132 (62003) AoC->BitMap 1036088 (170289) BitMap->Full 9 (0)
[2025-10-15T15:14:13.080-0700][1251][info ][gc,heap     ] GC(515) Eden regions: 686->0(249)
[2025-10-15T15:14:13.080-0700][1251][info ][gc,heap     ] GC(515) Survivor regions: 161->106(106)
[2025-10-15T15:14:13.080-0700][1251][info ][gc,heap     ] GC(515) Old regions: 1902->2135
[2025-10-15T15:14:13.080-0700][1251][info ][gc,heap     ] GC(515) Humongous regions: 0->0
[2025-10-15T15:14:13.080-0700][1251][info ][gc,metaspace] GC(515) Metaspace: 306169K(311104K)->306169K(311104K) NonClass: 270260K(272896K)->270260K(272896K) Class: 35908K(38208K)->35908K(38208K)
[2025-10-15T15:14:13.080-0700][1251][info ][gc          ] GC(515) Pause Young (Normal) (G1 Evacuation Pause) 87968M->71712M(184320M) 270.817ms
[2025-10-15T15:14:13.081-0700][1251][info ][gc,cpu      ] GC(515) User=19.08s Sys=0.17s Real=0.27s
[2025-10-15T15:14:13.084-0700][1251][info ][safepoint   ] Safepoint "G1CollectForAllocation", Time since last: 714630720 ns, Reaching safepoint: 11847421 ns, Cleanup: 82093 ns, At safepoint: 275489126 ns, Total: 287418640 ns
[2025-10-15T15:14:14.135-0700][1251][info ][safepoint   ] Safepoint "Cleanup", Time since last: 1000761617 ns, Reaching safepoint: 48262400 ns, Cleanup: 108204 ns, At safepoint: 2213669 ns, Total: 50584273 ns
[2025-10-15T15:14:14.193-0700][1251][info ][gc,start    ] GC(516) Pause Young (Normal) (G1 Evacuation Pause)
[2025-10-15T15:14:14.193-0700][1251][info ][gc,task     ] GC(516) Using 113 workers of 113 for evacuation
[2025-10-15T15:14:14.211-0700][1251][debug][gc,remset   ] GC(516) Visited cards 42925312 Total dirty 137560064 (31.20%) Total old 269156352 (15.95%)
[2025-10-15T15:14:14.447-0700][1251][info ][gc,mmu      ] GC(516) MMU target violated: 201.0ms (200.0ms/201.0ms)
[2025-10-15T15:14:14.448-0700][1251][info ][gc,phases   ] GC(516)   Pre Evacuate Collection Set: 1.7ms
[2025-10-15T15:14:14.448-0700][1251][info ][gc,phases   ] GC(516)   Merge Heap Roots: 15.8ms
[2025-10-15T15:14:14.448-0700][1251][info ][gc,phases   ] GC(516)   Evacuate Collection Set: 223.2ms
[2025-10-15T15:14:14.448-0700][1251][info ][gc,phases   ] GC(516)   Post Evacuate Collection Set: 13.3ms
[2025-10-15T15:14:14.448-0700][1251][info ][gc,phases   ] GC(516)   Other: 0.2ms
[2025-10-15T15:14:14.448-0700][1251][debug][gc,remset   ] GC(516) Coarsening (recent): Inline->AoC 53806 (139) AoC->Howl 1616 (554) Howl->Full 0 (0) Inline->AoC 4817 (166) AoC->BitMap 1111 (437) BitMap->Full 0 (0)
[2025-10-15T15:14:14.448-0700][1251][debug][gc,remset   ] GC(516) Coarsening (all): Inline->AoC 293357109 (88546) AoC->Howl 1262600 (202874) Howl->Full 0 (0) Inline->AoC 5762949 (62169) AoC->BitMap 1037199 (170726) BitMap->Full 9 (0)
[2025-10-15T15:14:14.448-0700][1251][info ][gc,heap     ] GC(516) Eden regions: 880->0(257)
[2025-10-15T15:14:14.448-0700][1251][info ][gc,heap     ] GC(516) Survivor regions: 106->124(124)
[2025-10-15T15:14:14.448-0700][1251][info ][gc,heap     ] GC(516) Old regions: 2135->2334
[2025-10-15T15:14:14.448-0700][1251][info ][gc,heap     ] GC(516) Humongous regions: 0->0
[2025-10-15T15:14:14.448-0700][1251][info ][gc,metaspace] GC(516) Metaspace: 306247K(311168K)->306247K(311168K) NonClass: 270336K(272960K)->270336K(272960K) Class: 35911K(38208K)->35911K(38208K)
[2025-10-15T15:14:14.448-0700][1251][info ][gc          ] GC(516) Pause Young (Normal) (G1 Evacuation Pause) 99872M->78656M(184320M) 254.256ms
[2025-10-15T15:14:14.449-0700][1251][info ][gc,cpu      ] GC(516) User=21.90s Sys=0.26s Real=0.26s
[2025-10-15T15:14:14.451-0700][1251][info ][safepoint   ] Safepoint "G1CollectForAllocation", Time since last: 54917369 ns, Reaching safepoint: 1849059 ns, Cleanup: 6379 ns, At safepoint: 259491525 ns, Total: 261346963 ns
[2025-10-15T15:14:15.305-0700][1251][info ][gc,start    ] GC(517) Pause Young (Normal) (G1 Evacuation Pause)
[2025-10-15T15:14:15.305-0700][1251][info ][gc,task     ] GC(517) Using 113 workers of 113 for evacuation
[2025-10-15T15:14:15.320-0700][1251][debug][gc,remset   ] GC(517) Visited cards 44841984 Total dirty 150011904 (29.89%) Total old 260833280 (17.19%)
[2025-10-15T15:14:15.527-0700][1251][info ][gc,mmu      ] GC(517) MMU target violated: 201.0ms (200.0ms/201.0ms)
[2025-10-15T15:14:15.527-0700][1251][info ][gc,phases   ] GC(517)   Pre Evacuate Collection Set: 0.8ms
[2025-10-15T15:14:15.527-0700][1251][info ][gc,phases   ] GC(517)   Merge Heap Roots: 14.2ms
[2025-10-15T15:14:15.527-0700][1251][info ][gc,phases   ] GC(517)   Evacuate Collection Set: 196.5ms
[2025-10-15T15:14:15.527-0700][1251][info ][gc,phases   ] GC(517)   Post Evacuate Collection Set: 9.8ms
[2025-10-15T15:14:15.527-0700][1251][info ][gc,phases   ] GC(517)   Other: 0.1ms
[2025-10-15T15:14:15.527-0700][1251][debug][gc,remset   ] GC(517) Coarsening (recent): Inline->AoC 68522 (150) AoC->Howl 1771 (597) Howl->Full 0 (0) Inline->AoC 5517 (202) AoC->BitMap 1654 (508) BitMap->Full 0 (0)
[2025-10-15T15:14:15.527-0700][1251][debug][gc,remset   ] GC(517) Coarsening (all): Inline->AoC 293425631 (88696) AoC->Howl 1264371 (203471) Howl->Full 0 (0) Inline->AoC 5768466 (62371) AoC->BitMap 1038853 (171234) BitMap->Full 9 (0)
[2025-10-15T15:14:15.527-0700][1251][info ][gc,heap     ] GC(517) Eden regions: 699->0(440)
[2025-10-15T15:14:15.527-0700][1251][info ][gc,heap     ] GC(517) Survivor regions: 124->103(103)
[2025-10-15T15:14:15.527-0700][1251][info ][gc,heap     ] GC(517) Old regions: 2334->2523
[2025-10-15T15:14:15.527-0700][1251][info ][gc,heap     ] GC(517) Humongous regions: 0->0
[2025-10-15T15:14:15.527-0700][1251][info ][gc,metaspace] GC(517) Metaspace: 306356K(311296K)->306356K(311296K) NonClass: 270431K(273088K)->270431K(273088K) Class: 35924K(38208K)->35924K(38208K)
[2025-10-15T15:14:15.527-0700][1251][info ][gc          ] GC(517) Pause Young (Normal) (G1 Evacuation Pause) 101024M->84020M(184320M) 221.563ms
[2025-10-15T15:14:15.528-0700][1251][info ][gc,cpu      ] GC(517) User=18.92s Sys=0.15s Real=0.22s
[2025-10-15T15:14:15.530-0700][1251][info ][safepoint   ] Safepoint "G1CollectForAllocation", Time since last: 848100158 ns, Reaching safepoint: 4622883 ns, Cleanup: 83616 ns, At safepoint: 226049039 ns, Total: 230755538 ns
[2025-10-15T15:14:16.450-0700][1251][info ][gc,start    ] GC(518) Pause Young (Normal) (G1 Evacuation Pause)
[2025-10-15T15:14:16.450-0700][1251][info ][gc,task     ] GC(518) Using 113 workers of 113 for evacuation
[2025-10-15T15:14:16.466-0700][1251][debug][gc,remset   ] GC(518) Visited cards 49697024 Total dirty 162660352 (30.55%) Total old 284229632 (17.48%)
[2025-10-15T15:14:16.676-0700][1251][info ][gc,mmu      ] GC(518) MMU target violated: 201.0ms (200.0ms/201.0ms)
[2025-10-15T15:14:16.676-0700][1251][info ][gc,phases   ] GC(518)   Pre Evacuate Collection Set: 0.8ms
[2025-10-15T15:14:16.676-0700][1251][info ][gc,phases   ] GC(518)   Merge Heap Roots: 15.4ms
[2025-10-15T15:14:16.676-0700][1251][info ][gc,phases   ] GC(518)   Evacuate Collection Set: 196.4ms
[2025-10-15T15:14:16.676-0700][1251][info ][gc,phases   ] GC(518)   Post Evacuate Collection Set: 14.0ms
[2025-10-15T15:14:16.676-0700][1251][info ][gc,phases   ] GC(518)   Other: 0.1ms
[2025-10-15T15:14:16.676-0700][1251][debug][gc,remset   ] GC(518) Coarsening (recent): Inline->AoC 125204 (175) AoC->Howl 828 (228) Howl->Full 0 (0) Inline->AoC 2860 (41) AoC->BitMap 388 (119) BitMap->Full 0 (0)
[2025-10-15T15:14:16.676-0700][1251][debug][gc,remset   ] GC(518) Coarsening (all): Inline->AoC 293550835 (88871) AoC->Howl 1265199 (203699) Howl->Full 0 (0) Inline->AoC 5771326 (62412) AoC->BitMap 1039241 (171353) BitMap->Full 9 (0)
[2025-10-15T15:14:16.676-0700][1251][info ][gc,heap     ] GC(518) Eden regions: 804->0(469)
[2025-10-15T15:14:16.676-0700][1251][info ][gc,heap     ] GC(518) Survivor regions: 103->114(114)
[2025-10-15T15:14:16.676-0700][1251][info ][gc,heap     ] GC(518) Old regions: 2523->2701
[2025-10-15T15:14:16.676-0700][1251][info ][gc,heap     ] GC(518) Humongous regions: 0->0
[2025-10-15T15:14:16.676-0700][1251][info ][gc,metaspace] GC(518) Metaspace: 306457K(311360K)->306457K(311360K) NonClass: 270515K(273152K)->270515K(273152K) Class: 35942K(38208K)->35942K(38208K)
[2025-10-15T15:14:16.677-0700][1251][info ][gc          ] GC(518) Pause Young (Normal) (G1 Evacuation Pause) 109748M->90064M(184320M) 226.904ms
[2025-10-15T15:14:16.678-0700][1251][info ][gc,cpu      ] GC(518) User=20.29s Sys=0.30s Real=0.22s
[2025-10-15T15:14:16.679-0700][1251][info ][safepoint   ] Safepoint "G1CollectForAllocation", Time since last: 901220056 ns, Reaching safepoint: 17067595 ns, Cleanup: 53751 ns, At safepoint: 230322725 ns, Total: 247444071 ns
[2025-10-15T15:14:17.532-0700][1251][info ][gc,start    ] GC(519) Pause Young (Normal) (G1 Evacuation Pause)
[2025-10-15T15:14:17.532-0700][1251][info ][gc,task     ] GC(519) Using 113 workers of 113 for evacuation
[2025-10-15T15:14:17.548-0700][1251][debug][gc,remset   ] GC(519) Visited cards 56321536 Total dirty 174260224 (32.32%) Total old 284884992 (19.77%)
[2025-10-15T15:14:17.771-0700][1251][info ][gc,mmu      ] GC(519) MMU target violated: 201.0ms (200.0ms/201.0ms)
[2025-10-15T15:14:17.771-0700][1251][info ][gc,phases   ] GC(519)   Pre Evacuate Collection Set: 0.9ms
[2025-10-15T15:14:17.771-0700][1251][info ][gc,phases   ] GC(519)   Merge Heap Roots: 15.4ms
[2025-10-15T15:14:17.771-0700][1251][info ][gc,phases   ] GC(519)   Evacuate Collection Set: 206.3ms
[2025-10-15T15:14:17.771-0700][1251][info ][gc,phases   ] GC(519)   Post Evacuate Collection Set: 16.6ms
[2025-10-15T15:14:17.771-0700][1251][info ][gc,phases   ] GC(519)   Other: 0.1ms
[2025-10-15T15:14:17.771-0700][1251][debug][gc,remset   ] GC(519) Coarsening (recent): Inline->AoC 119107 (262) AoC->Howl 1899 (732) Howl->Full 0 (0) Inline->AoC 6223 (185) AoC->BitMap 1073 (468) BitMap->Full 0 (0)
[2025-10-15T15:14:17.771-0700][1251][debug][gc,remset   ] GC(519) Coarsening (all): Inline->AoC 293669942 (89133) AoC->Howl 1267098 (204431) Howl->Full 0 (0) Inline->AoC 5777549 (62597) AoC->BitMap 1040314 (171821) BitMap->Full 9 (0)
[2025-10-15T15:14:17.771-0700][1251][info ][gc,heap     ] GC(519) Eden regions: 709->0(516)
[2025-10-15T15:14:17.771-0700][1251][info ][gc,heap     ] GC(519) Survivor regions: 114->103(103)
[2025-10-15T15:14:17.771-0700][1251][info ][gc,heap     ] GC(519) Old regions: 2701->2901
[2025-10-15T15:14:17.771-0700][1251][info ][gc,heap     ] GC(519) Humongous regions: 0->0
[2025-10-15T15:14:17.771-0700][1251][info ][gc,metaspace] GC(519) Metaspace: 306520K(311424K)->306520K(311424K) NonClass: 270567K(273216K)->270567K(273216K) Class: 35953K(38208K)->35953K(38208K)
[2025-10-15T15:14:17.772-0700][1251][info ][gc          ] GC(519) Pause Young (Normal) (G1 Evacuation Pause) 112752M->96128M(184320M) 239.445ms
[2025-10-15T15:14:17.773-0700][1251][info ][gc,cpu      ] GC(519) User=21.33s Sys=0.20s Real=0.24s
[2025-10-15T15:14:17.774-0700][1251][info ][safepoint   ] Safepoint "G1CollectForAllocation", Time since last: 847068252 ns, Reaching safepoint: 4824107 ns, Cleanup: 78839 ns, At safepoint: 243356556 ns, Total: 248259502 ns
[2025-10-15T15:14:18.603-0700][1251][info ][gc,start    ] GC(520) Pause Young (Normal) (G1 Evacuation Pause)
[2025-10-15T15:14:18.603-0700][1251][info ][gc,task     ] GC(520) Using 113 workers of 113 for evacuation
[2025-10-15T15:14:18.624-0700][1251][debug][gc,remset   ] GC(520) Visited cards 63803648 Total dirty 186122240 (34.28%) Total old 287571968 (22.19%)
[2025-10-15T15:14:18.821-0700][1251][info ][gc,mmu      ] GC(520) MMU target violated: 201.0ms (200.0ms/201.0ms)
[2025-10-15T15:14:18.821-0700][1251][info ][gc,phases   ] GC(520)   Pre Evacuate Collection Set: 0.7ms
[2025-10-15T15:14:18.821-0700][1251][info ][gc,phases   ] GC(520)   Merge Heap Roots: 20.2ms
[2025-10-15T15:14:18.821-0700][1251][info ][gc,phases   ] GC(520)   Evacuate Collection Set: 187.4ms
[2025-10-15T15:14:18.821-0700][1251][info ][gc,phases   ] GC(520)   Post Evacuate Collection Set: 10.1ms
[2025-10-15T15:14:18.821-0700][1251][info ][gc,phases   ] GC(520)   Other: 0.1ms
[2025-10-15T15:14:18.821-0700][1251][debug][gc,remset   ] GC(520) Coarsening (recent): Inline->AoC 42711 (345) AoC->Howl 2724 (904) Howl->Full 0 (0) Inline->AoC 10403 (260) AoC->BitMap 1357 (497) BitMap->Full 0 (0)
[2025-10-15T15:14:18.821-0700][1251][debug][gc,remset   ] GC(520) Coarsening (all): Inline->AoC 293712653 (89478) AoC->Howl 1269822 (205335) Howl->Full 0 (0) Inline->AoC 5787952 (62857) AoC->BitMap 1041671 (172318) BitMap->Full 9 (0)
[2025-10-15T15:14:18.821-0700][1251][info ][gc,heap     ] GC(520) Eden regions: 640->0(572)
[2025-10-15T15:14:18.821-0700][1251][info ][gc,heap     ] GC(520) Survivor regions: 103->93(93)
[2025-10-15T15:14:18.821-0700][1251][info ][gc,heap     ] GC(520) Old regions: 2901->3086
[2025-10-15T15:14:18.821-0700][1251][info ][gc,heap     ] GC(520) Humongous regions: 1->0
[2025-10-15T15:14:18.821-0700][1251][info ][gc,metaspace] GC(520) Metaspace: 306527K(311424K)->306527K(311424K) NonClass: 270573K(273216K)->270573K(273216K) Class: 35953K(38208K)->35953K(38208K)
[2025-10-15T15:14:18.821-0700][1251][info ][gc          ] GC(520) Pause Young (Normal) (G1 Evacuation Pause) 116640M->101716M(184320M) 218.720ms
[2025-10-15T15:14:18.823-0700][1251][info ][gc,cpu      ] GC(520) User=19.30s Sys=0.22s Real=0.22s
[2025-10-15T15:14:18.825-0700][1251][info ][safepoint   ] Safepoint "G1CollectForAllocation", Time since last: 805019143 ns, Reaching safepoint: 22395102 ns, Cleanup: 37266 ns, At safepoint: 223210387 ns, Total: 245642755 ns
[2025-10-15T15:14:19.447-0700][1251][info ][gc,start    ] GC(521) Pause Young (Concurrent Start) (G1 Humongous Allocation)
[2025-10-15T15:14:19.447-0700][1251][info ][gc,task     ] GC(521) Using 113 workers of 113 for evacuation
[2025-10-15T15:14:19.467-0700][1251][debug][gc,remset   ] GC(521) Visited cards 66506752 Total dirty 198246400 (33.55%) Total old 279838720 (23.77%)
[2025-10-15T15:14:19.647-0700][1251][info ][gc,phases   ] GC(521)   Pre Evacuate Collection Set: 1.5ms
[2025-10-15T15:14:19.647-0700][1251][info ][gc,phases   ] GC(521)   Merge Heap Roots: 18.5ms
[2025-10-15T15:14:19.647-0700][1251][info ][gc,phases   ] GC(521)   Evacuate Collection Set: 167.9ms
[2025-10-15T15:14:19.647-0700][1251][info ][gc,phases   ] GC(521)   Post Evacuate Collection Set: 11.9ms
[2025-10-15T15:14:19.647-0700][1251][info ][gc,phases   ] GC(521)   Other: 0.1ms
[2025-10-15T15:14:19.647-0700][1251][debug][gc,remset   ] GC(521) Coarsening (recent): Inline->AoC 43334 (158) AoC->Howl 932 (374) Howl->Full 0 (0) Inline->AoC 2995 (65) AoC->BitMap 292 (94) BitMap->Full 0 (0)
[2025-10-15T15:14:19.647-0700][1251][debug][gc,remset   ] GC(521) Coarsening (all): Inline->AoC 293755987 (89636) AoC->Howl 1270754 (205709) Howl->Full 0 (0) Inline->AoC 5790947 (62922) AoC->BitMap 1041963 (172412) BitMap->Full 9 (0)
[2025-10-15T15:14:19.647-0700][1251][info ][gc,heap     ] GC(521) Eden regions: 499->0(533)
[2025-10-15T15:14:19.647-0700][1251][info ][gc,heap     ] GC(521) Survivor regions: 93->113(113)
[2025-10-15T15:14:19.647-0700][1251][info ][gc,heap     ] GC(521) Old regions: 3086->3208
[2025-10-15T15:14:19.647-0700][1251][info ][gc,heap     ] GC(521) Humongous regions: 0->0
[2025-10-15T15:14:19.647-0700][1251][info ][gc,metaspace] GC(521) Metaspace: 306534K(311424K)->306534K(311424K) NonClass: 270579K(273216K)->270579K(273216K) Class: 35954K(38208K)->35954K(38208K)
[2025-10-15T15:14:19.647-0700][1251][info ][gc          ] GC(521) Pause Young (Concurrent Start) (G1 Humongous Allocation) 117684M->106258M(184320M) 200.116ms
[2025-10-15T15:14:19.648-0700][1134][info ][gc          ] GC(522) Concurrent Mark Cycle
[2025-10-15T15:14:19.648-0700][1134][info ][gc,marking  ] GC(522) Concurrent Scan Root Regions
[2025-10-15T15:14:19.649-0700][1251][info ][gc,cpu      ] GC(521) User=16.76s Sys=0.23s Real=0.21s
[2025-10-15T15:14:19.650-0700][1251][info ][safepoint   ] Safepoint "G1TryInitiateConcMark", Time since last: 609210941 ns, Reaching safepoint: 12172130 ns, Cleanup: 66741 ns, At safepoint: 204366252 ns, Total: 216605123 ns
[2025-10-15T15:14:19.754-0700][1134][info ][gc,marking  ] GC(522) Concurrent Scan Root Regions 106.516ms
[2025-10-15T15:14:19.754-0700][1134][info ][gc,marking  ] GC(522) Concurrent Mark
[2025-10-15T15:14:19.754-0700][1134][info ][gc,marking  ] GC(522) Concurrent Mark From Roots
[2025-10-15T15:14:19.754-0700][1134][info ][gc,task     ] GC(522) Using 36 workers of 36 for marking
[2025-10-15T15:14:20.691-0700][1251][info ][safepoint   ] Safepoint "Cleanup", Time since last: 1001277585 ns, Reaching safepoint: 31113082 ns, Cleanup: 136225 ns, At safepoint: 7720486 ns, Total: 38969793 ns
[2025-10-15T15:14:20.921-0700][1251][info ][gc,start    ] GC(523) Pause Young (Normal) (G1 Evacuation Pause)
[2025-10-15T15:14:20.921-0700][1251][info ][gc,task     ] GC(523) Using 113 workers of 113 for evacuation
[2025-10-15T15:14:20.942-0700][1251][debug][gc,remset   ] GC(523) Visited cards 76656896 Total dirty 205848576 (37.24%) Total old 311230464 (24.63%)
[2025-10-15T15:14:21.157-0700][1251][info ][gc,mmu      ] GC(523) MMU target violated: 201.0ms (200.0ms/201.0ms)
[2025-10-15T15:14:21.157-0700][1251][info ][gc,phases   ] GC(523)   Pre Evacuate Collection Set: 5.1ms
[2025-10-15T15:14:21.157-0700][1251][info ][gc,phases   ] GC(523)   Merge Heap Roots: 15.3ms
[2025-10-15T15:14:21.157-0700][1251][info ][gc,phases   ] GC(523)   Evacuate Collection Set: 196.8ms
[2025-10-15T15:14:21.157-0700][1251][info ][gc,phases   ] GC(523)   Post Evacuate Collection Set: 19.0ms
[2025-10-15T15:14:21.157-0700][1251][info ][gc,phases   ] GC(523)   Other: 0.2ms
[2025-10-15T15:14:21.157-0700][1251][debug][gc,remset   ] GC(523) Coarsening (recent): Inline->AoC 171696 (258) AoC->Howl 1778 (845) Howl->Full 0 (0) Inline->AoC 5967 (149) AoC->BitMap 318 (107) BitMap->Full 0 (0)
[2025-10-15T15:14:21.157-0700][1251][debug][gc,remset   ] GC(523) Coarsening (all): Inline->AoC 293927683 (89894) AoC->Howl 1272532 (206554) Howl->Full 0 (0) Inline->AoC 5796914 (63071) AoC->BitMap 1042281 (172519) BitMap->Full 9 (0)
[2025-10-15T15:14:21.157-0700][1251][info ][gc,heap     ] GC(523) Eden regions: 657->0(554)
[2025-10-15T15:14:21.157-0700][1251][info ][gc,heap     ] GC(523) Survivor regions: 113->97(97)
[2025-10-15T15:14:21.157-0700][1251][info ][gc,heap     ] GC(523) Old regions: 3208->3372
[2025-10-15T15:14:21.157-0700][1251][info ][gc,heap     ] GC(523) Humongous regions: 1->0
[2025-10-15T15:14:21.157-0700][1251][info ][gc,metaspace] GC(523) Metaspace: 306679K(311552K)->306679K(311552K) NonClass: 270711K(273344K)->270711K(273344K) Class: 35967K(38208K)->35967K(38208K)
[2025-10-15T15:14:21.158-0700][1251][info ][gc          ] GC(523) Pause Young (Normal) (G1 Evacuation Pause) 127314M->111003M(184320M) 236.447ms
[2025-10-15T15:14:21.159-0700][1251][info ][gc,cpu      ] GC(523) User=20.41s Sys=0.21s Real=0.24s
[2025-10-15T15:14:21.160-0700][1251][info ][safepoint   ] Safepoint "G1CollectForAllocation", Time since last: 226728824 ns, Reaching safepoint: 2116333 ns, Cleanup: 81062 ns, At safepoint: 240750024 ns, Total: 242947419 ns
[2025-10-15T15:14:22.283-0700][1251][info ][safepoint   ] Safepoint "Cleanup", Time since last: 1000097966 ns, Reaching safepoint: 121467185 ns, Cleanup: 86650 ns, At safepoint: 1028301 ns, Total: 122582136 ns
[2025-10-15T15:14:22.287-0700][1251][info ][gc,start    ] GC(524) Pause Young (Normal) (G1 Evacuation Pause)
[2025-10-15T15:14:22.287-0700][1251][info ][gc,task     ] GC(524) Using 113 workers of 113 for evacuation
[2025-10-15T15:14:22.311-0700][1251][debug][gc,remset   ] GC(524) Visited cards 83354880 Total dirty 216399872 (38.52%) Total old 311689216 (26.74%)
[2025-10-15T15:14:22.519-0700][1251][info ][gc,mmu      ] GC(524) MMU target violated: 201.0ms (200.0ms/201.0ms)
[2025-10-15T15:14:22.519-0700][1251][info ][gc,phases   ] GC(524)   Pre Evacuate Collection Set: 0.8ms
[2025-10-15T15:14:22.519-0700][1251][info ][gc,phases   ] GC(524)   Merge Heap Roots: 23.1ms
[2025-10-15T15:14:22.519-0700][1251][info ][gc,phases   ] GC(524)   Evacuate Collection Set: 192.0ms
[2025-10-15T15:14:22.519-0700][1251][info ][gc,phases   ] GC(524)   Post Evacuate Collection Set: 15.4ms
[2025-10-15T15:14:22.519-0700][1251][info ][gc,phases   ] GC(524)   Other: 0.2ms
[2025-10-15T15:14:22.519-0700][1251][debug][gc,remset   ] GC(524) Coarsening (recent): Inline->AoC 34057 (395) AoC->Howl 3459 (1571) Howl->Full 0 (0) Inline->AoC 12328 (383) AoC->BitMap 1507 (537) BitMap->Full 0 (0)
[2025-10-15T15:14:22.519-0700][1251][debug][gc,remset   ] GC(524) Coarsening (all): Inline->AoC 293961740 (90289) AoC->Howl 1275991 (208125) Howl->Full 0 (0) Inline->AoC 5809242 (63454) AoC->BitMap 1043788 (173056) BitMap->Full 9 (0)
[2025-10-15T15:14:22.519-0700][1251][info ][gc,heap     ] GC(524) Eden regions: 595->0(576)
[2025-10-15T15:14:22.519-0700][1251][info ][gc,heap     ] GC(524) Survivor regions: 97->87(87)
[2025-10-15T15:14:22.519-0700][1251][info ][gc,heap     ] GC(524) Old regions: 3372->3509
[2025-10-15T15:14:22.519-0700][1251][info ][gc,heap     ] GC(524) Humongous regions: 0->0
[2025-10-15T15:14:22.519-0700][1251][info ][gc,metaspace] GC(524) Metaspace: 306781K(311680K)->306781K(311680K) NonClass: 270802K(273472K)->270802K(273472K) Class: 35978K(38208K)->35978K(38208K)
[2025-10-15T15:14:22.519-0700][1251][info ][gc          ] GC(524) Pause Young (Normal) (G1 Evacuation Pause) 130043M->115056M(184320M) 231.612ms
[2025-10-15T15:14:22.520-0700][1251][info ][gc,cpu      ] GC(524) User=20.11s Sys=0.22s Real=0.24s
[2025-10-15T15:14:22.522-0700][1251][info ][safepoint   ] Safepoint "G1CollectForAllocation", Time since last: 129626 ns, Reaching safepoint: 2359219 ns, Cleanup: 3465 ns, At safepoint: 235957375 ns, Total: 238320059 ns
[2025-10-15T15:14:22.530-0700][1134][info ][gc,marking  ] GC(522) Concurrent Mark From Roots 2775.313ms
[2025-10-15T15:14:22.530-0700][1134][info ][gc,marking  ] GC(522) Concurrent Preclean
[2025-10-15T15:14:22.589-0700][1134][info ][gc,marking  ] GC(522) Concurrent Preclean 59.300ms
[2025-10-15T15:14:22.604-0700][1251][info ][gc,start    ] GC(522) Pause Remark
[2025-10-15T15:14:22.666-0700][1251][info ][gc          ] GC(522) Pause Remark 116784M->116272M(184320M) 61.706ms
[2025-10-15T15:14:22.667-0700][1251][info ][gc,cpu      ] GC(522) User=2.23s Sys=0.48s Real=0.06s
[2025-10-15T15:14:22.669-0700][1251][info ][safepoint   ] Safepoint "G1PauseRemark", Time since last: 67757487 ns, Reaching safepoint: 13398220 ns, Cleanup: 4868 ns, At safepoint: 66057032 ns, Total: 79460120 ns
[2025-10-15T15:14:22.669-0700][1134][info ][gc,marking  ] GC(522) Concurrent Mark 2914.316ms
[2025-10-15T15:14:22.669-0700][1134][info ][gc,marking  ] GC(522) Concurrent Rebuild Remembered Sets and Scrub Regions
[2025-10-15T15:14:23.744-0700][1251][info ][safepoint   ] Safepoint "Cleanup", Time since last: 1000102603 ns, Reaching safepoint: 74105082 ns, Cleanup: 50556 ns, At safepoint: 1126970 ns, Total: 75282608 ns
[2025-10-15T15:14:23.806-0700][1251][info ][gc,start    ] GC(525) Pause Young (Normal) (G1 Evacuation Pause)
[2025-10-15T15:14:23.806-0700][1251][info ][gc,task     ] GC(525) Using 113 workers of 113 for evacuation
[2025-10-15T15:14:23.822-0700][1251][debug][gc,remset   ] GC(525) Visited cards 79099904 Total dirty 224198656 (35.28%) Total old 335609856 (23.57%)
[2025-10-15T15:14:24.082-0700][1251][info ][gc,mmu      ] GC(525) MMU target violated: 201.0ms (200.0ms/201.0ms)
[2025-10-15T15:14:24.082-0700][1251][info ][gc,phases   ] GC(525)   Pre Evacuate Collection Set: 0.8ms
[2025-10-15T15:14:24.082-0700][1251][info ][gc,phases   ] GC(525)   Merge Heap Roots: 15.7ms
[2025-10-15T15:14:24.082-0700][1251][info ][gc,phases   ] GC(525)   Evacuate Collection Set: 193.5ms
[2025-10-15T15:14:24.082-0700][1251][info ][gc,phases   ] GC(525)   Post Evacuate Collection Set: 65.8ms
[2025-10-15T15:14:24.082-0700][1251][info ][gc,phases   ] GC(525)   Other: 0.2ms
[2025-10-15T15:14:24.082-0700][1251][debug][gc,remset   ] GC(525) Coarsening (recent): Inline->AoC 424990 (623) AoC->Howl 13376 (906) Howl->Full 0 (0) Inline->AoC 74962 (330) AoC->BitMap 11285 (434) BitMap->Full 0 (0)
[2025-10-15T15:14:24.082-0700][1251][debug][gc,remset   ] GC(525) Coarsening (all): Inline->AoC 294386730 (90912) AoC->Howl 1289367 (209031) Howl->Full 0 (0) Inline->AoC 5884204 (63784) AoC->BitMap 1055073 (173490) BitMap->Full 9 (0)
[2025-10-15T15:14:24.082-0700][1251][info ][gc,heap     ] GC(525) Eden regions: 727->0(340)
[2025-10-15T15:14:24.082-0700][1251][info ][gc,heap     ] GC(525) Survivor regions: 87->102(102)
[2025-10-15T15:14:24.082-0700][1251][info ][gc,heap     ] GC(525) Old regions: 3493->3619
[2025-10-15T15:14:24.082-0700][1251][info ][gc,heap     ] GC(525) Humongous regions: 0->0
[2025-10-15T15:14:24.082-0700][1251][info ][gc,metaspace] GC(525) Metaspace: 306784K(311680K)->306784K(311680K) NonClass: 270805K(273472K)->270805K(273472K) Class: 35978K(38208K)->35978K(38208K)
[2025-10-15T15:14:24.082-0700][1251][info ][gc          ] GC(525) Pause Young (Normal) (G1 Evacuation Pause) 137808M->119047M(184320M) 276.037ms
[2025-10-15T15:14:24.083-0700][1251][info ][gc,cpu      ] GC(525) User=25.21s Sys=0.20s Real=0.28s
[2025-10-15T15:14:24.085-0700][1251][info ][safepoint   ] Safepoint "G1CollectForAllocation", Time since last: 55072824 ns, Reaching safepoint: 5216138 ns, Cleanup: 6029 ns, At safepoint: 280322236 ns, Total: 285544403 ns
[2025-10-15T15:14:24.450-0700][1251][info ][gc,start    ] GC(526) Pause Young (Normal) (G1 Evacuation Pause)
[2025-10-15T15:14:24.450-0700][1251][info ][gc,task     ] GC(526) Using 113 workers of 113 for evacuation
[2025-10-15T15:14:24.502-0700][1251][debug][gc,remset   ] GC(526) Visited cards 79339008 Total dirty 231669760 (34.25%) Total old 274923520 (28.86%)
[2025-10-15T15:14:24.719-0700][1251][info ][gc,mmu      ] GC(526) MMU target violated: 201.0ms (200.0ms/201.0ms)
[2025-10-15T15:14:24.720-0700][1251][info ][gc,phases   ] GC(526)   Pre Evacuate Collection Set: 0.7ms
[2025-10-15T15:14:24.720-0700][1251][info ][gc,phases   ] GC(526)   Merge Heap Roots: 51.5ms
[2025-10-15T15:14:24.720-0700][1251][info ][gc,phases   ] GC(526)   Evacuate Collection Set: 136.2ms
[2025-10-15T15:14:24.720-0700][1251][info ][gc,phases   ] GC(526)   Post Evacuate Collection Set: 81.4ms
[2025-10-15T15:14:24.720-0700][1251][info ][gc,phases   ] GC(526)   Other: 0.1ms
[2025-10-15T15:14:24.720-0700][1251][debug][gc,remset   ] GC(526) Coarsening (recent): Inline->AoC 122610 (338) AoC->Howl 5851 (1003) Howl->Full 0 (0) Inline->AoC 25828 (438) AoC->BitMap 6063 (1700) BitMap->Full 1 (0)
[2025-10-15T15:14:24.720-0700][1251][debug][gc,remset   ] GC(526) Coarsening (all): Inline->AoC 294509340 (91250) AoC->Howl 1295218 (210034) Howl->Full 0 (0) Inline->AoC 5910032 (64222) AoC->BitMap 1061136 (175190) BitMap->Full 10 (0)
[2025-10-15T15:14:24.720-0700][1251][info ][gc,heap     ] GC(526) Eden regions: 186->0(252)
[2025-10-15T15:14:24.720-0700][1251][info ][gc,heap     ] GC(526) Survivor regions: 102->36(36)
[2025-10-15T15:14:24.720-0700][1251][info ][gc,heap     ] GC(526) Old regions: 3619->3728
[2025-10-15T15:14:24.720-0700][1251][info ][gc,heap     ] GC(526) Humongous regions: 0->0
[2025-10-15T15:14:24.720-0700][1251][info ][gc,metaspace] GC(526) Metaspace: 306784K(311680K)->306784K(311680K) NonClass: 270805K(273472K)->270805K(273472K) Class: 35978K(38208K)->35978K(38208K)
[2025-10-15T15:14:24.720-0700][1251][info ][gc          ] GC(526) Pause Young (Normal) (G1 Evacuation Pause) 124999M->120442M(184320M) 270.099ms
[2025-10-15T15:14:24.721-0700][1251][info ][gc,cpu      ] GC(526) User=26.26s Sys=0.22s Real=0.27s
[2025-10-15T15:14:24.723-0700][1251][info ][safepoint   ] Safepoint "G1CollectForAllocation", Time since last: 344136255 ns, Reaching safepoint: 19290518 ns, Cleanup: 6960 ns, At safepoint: 274681848 ns, Total: 293979326 ns
[2025-10-15T15:14:25.442-0700][1251][info ][gc,start    ] GC(527) Pause Young (Normal) (G1 Evacuation Pause)
[2025-10-15T15:14:25.442-0700][1251][info ][gc,task     ] GC(527) Using 113 workers of 113 for evacuation
[2025-10-15T15:14:25.512-0700][1251][debug][gc,remset   ] GC(527) Visited cards 80394496 Total dirty 238682112 (33.68%) Total old 282066944 (28.50%)
[2025-10-15T15:14:25.725-0700][1251][info ][gc,mmu      ] GC(527) MMU target violated: 201.0ms (200.0ms/201.0ms)
[2025-10-15T15:14:25.725-0700][1251][info ][gc,phases   ] GC(527)   Pre Evacuate Collection Set: 0.7ms
[2025-10-15T15:14:25.725-0700][1251][info ][gc,phases   ] GC(527)   Merge Heap Roots: 68.6ms
[2025-10-15T15:14:25.725-0700][1251][info ][gc,phases   ] GC(527)   Evacuate Collection Set: 130.6ms
[2025-10-15T15:14:25.725-0700][1251][info ][gc,phases   ] GC(527)   Post Evacuate Collection Set: 82.3ms
[2025-10-15T15:14:25.725-0700][1251][info ][gc,phases   ] GC(527)   Other: 0.1ms
[2025-10-15T15:14:25.725-0700][1251][debug][gc,remset   ] GC(527) Coarsening (recent): Inline->AoC 136377 (210) AoC->Howl 6324 (1250) Howl->Full 0 (0) Inline->AoC 28391 (408) AoC->BitMap 7445 (2106) BitMap->Full 1 (0)
[2025-10-15T15:14:25.725-0700][1251][debug][gc,remset   ] GC(527) Coarsening (all): Inline->AoC 294645717 (91460) AoC->Howl 1301542 (211284) Howl->Full 0 (0) Inline->AoC 5938423 (64630) AoC->BitMap 1068581 (177296) BitMap->Full 11 (0)
[2025-10-15T15:14:25.725-0700][1251][info ][gc,heap     ] GC(527) Eden regions: 252->0(252)
[2025-10-15T15:14:25.725-0700][1251][info ][gc,heap     ] GC(527) Survivor regions: 36->36(36)
[2025-10-15T15:14:25.725-0700][1251][info ][gc,heap     ] GC(527) Old regions: 3728->3791
[2025-10-15T15:14:25.725-0700][1251][info ][gc,heap     ] GC(527) Humongous regions: 0->0
[2025-10-15T15:14:25.725-0700][1251][info ][gc,metaspace] GC(527) Metaspace: 306784K(311680K)->306784K(311680K) NonClass: 270805K(273472K)->270805K(273472K) Class: 35978K(38208K)->35978K(38208K)
[2025-10-15T15:14:25.725-0700][1251][info ][gc          ] GC(527) Pause Young (Normal) (G1 Evacuation Pause) 128506M->122443M(184320M) 282.473ms
[2025-10-15T15:14:25.726-0700][1251][info ][gc,cpu      ] GC(527) User=26.38s Sys=0.15s Real=0.28s
[2025-10-15T15:14:25.728-0700][1251][info ][safepoint   ] Safepoint "G1CollectForAllocation", Time since last: 705043458 ns, Reaching safepoint: 13028893 ns, Cleanup: 18388 ns, At safepoint: 286745595 ns, Total: 299792876 ns
[2025-10-15T15:14:26.336-0700][1251][info ][gc,start    ] GC(528) Pause Young (Normal) (G1 Evacuation Pause)
[2025-10-15T15:14:26.336-0700][1251][info ][gc,task     ] GC(528) Using 113 workers of 113 for evacuation
[2025-10-15T15:14:26.398-0700][1251][debug][gc,remset   ] GC(528) Visited cards 76269824 Total dirty 242024448 (31.51%) Total old 286195712 (26.65%)
[2025-10-15T15:14:26.586-0700][1251][info ][gc,mmu      ] GC(528) MMU target violated: 201.0ms (200.0ms/201.0ms)
[2025-10-15T15:14:26.586-0700][1251][info ][gc,phases   ] GC(528)   Pre Evacuate Collection Set: 0.7ms
[2025-10-15T15:14:26.586-0700][1251][info ][gc,phases   ] GC(528)   Merge Heap Roots: 61.5ms
[2025-10-15T15:14:26.586-0700][1251][info ][gc,phases   ] GC(528)   Evacuate Collection Set: 118.0ms
[2025-10-15T15:14:26.586-0700][1251][info ][gc,phases   ] GC(528)   Post Evacuate Collection Set: 69.8ms
[2025-10-15T15:14:26.586-0700][1251][info ][gc,phases   ] GC(528)   Other: 0.1ms
[2025-10-15T15:14:26.586-0700][1251][debug][gc,remset   ] GC(528) Coarsening (recent): Inline->AoC 146276 (187) AoC->Howl 6503 (447) Howl->Full 0 (0) Inline->AoC 36547 (311) AoC->BitMap 7950 (1534) BitMap->Full 1 (0)
[2025-10-15T15:14:26.586-0700][1251][debug][gc,remset   ] GC(528) Coarsening (all): Inline->AoC 294791993 (91647) AoC->Howl 1308045 (211731) Howl->Full 0 (0) Inline->AoC 5974970 (64941) AoC->BitMap 1076531 (178830) BitMap->Full 12 (0)
[2025-10-15T15:14:26.586-0700][1251][info ][gc,heap     ] GC(528) Eden regions: 252->0(252)
[2025-10-15T15:14:26.586-0700][1251][info ][gc,heap     ] GC(528) Survivor regions: 36->36(36)
[2025-10-15T15:14:26.586-0700][1251][info ][gc,heap     ] GC(528) Old regions: 3791->3841
[2025-10-15T15:14:26.586-0700][1251][info ][gc,heap     ] GC(528) Humongous regions: 0->0
[2025-10-15T15:14:26.586-0700][1251][info ][gc,metaspace] GC(528) Metaspace: 306806K(311680K)->306806K(311680K) NonClass: 270825K(273472K)->270825K(273472K) Class: 35981K(38208K)->35981K(38208K)
[2025-10-15T15:14:26.586-0700][1251][info ][gc          ] GC(528) Pause Young (Normal) (G1 Evacuation Pause) 130507M->124058M(184320M) 250.161ms
[2025-10-15T15:14:26.587-0700][1251][info ][gc,cpu      ] GC(528) User=23.22s Sys=0.12s Real=0.25s
[2025-10-15T15:14:26.589-0700][1251][info ][safepoint   ] Safepoint "G1CollectForAllocation", Time since last: 586597490 ns, Reaching safepoint: 20180100 ns, Cleanup: 44047 ns, At safepoint: 254126141 ns, Total: 274350288 ns
[2025-10-15T15:14:27.368-0700][1251][info ][gc,start    ] GC(529) Pause Young (Normal) (G1 Evacuation Pause)
[2025-10-15T15:14:27.368-0700][1251][info ][gc,task     ] GC(529) Using 113 workers of 113 for evacuation
[2025-10-15T15:14:27.439-0700][1251][debug][gc,remset   ] GC(529) Visited cards 83006208 Total dirty 245891072 (33.76%) Total old 289472512 (28.67%)
[2025-10-15T15:14:27.636-0700][1251][info ][gc,mmu      ] GC(529) MMU target violated: 201.0ms (200.0ms/201.0ms)
[2025-10-15T15:14:27.636-0700][1251][info ][gc,phases   ] GC(529)   Pre Evacuate Collection Set: 0.8ms
[2025-10-15T15:14:27.636-0700][1251][info ][gc,phases   ] GC(529)   Merge Heap Roots: 70.1ms
[2025-10-15T15:14:27.636-0700][1251][info ][gc,phases   ] GC(529)   Evacuate Collection Set: 119.1ms
[2025-10-15T15:14:27.636-0700][1251][info ][gc,phases   ] GC(529)   Post Evacuate Collection Set: 77.6ms
[2025-10-15T15:14:27.636-0700][1251][info ][gc,phases   ] GC(529)   Other: 0.1ms
[2025-10-15T15:14:27.636-0700][1251][debug][gc,remset   ] GC(529) Coarsening (recent): Inline->AoC 59980 (122) AoC->Howl 2686 (149) Howl->Full 0 (0) Inline->AoC 14155 (78) AoC->BitMap 3358 (342) BitMap->Full 1 (0)
[2025-10-15T15:14:27.636-0700][1251][debug][gc,remset   ] GC(529) Coarsening (all): Inline->AoC 294851973 (91769) AoC->Howl 1310731 (211880) Howl->Full 0 (0) Inline->AoC 5989125 (65019) AoC->BitMap 1079889 (179172) BitMap->Full 13 (0)
[2025-10-15T15:14:27.636-0700][1251][info ][gc,heap     ] GC(529) Eden regions: 252->0(252)
[2025-10-15T15:14:27.636-0700][1251][info ][gc,heap     ] GC(529) Survivor regions: 36->36(36)
[2025-10-15T15:14:27.636-0700][1251][info ][gc,heap     ] GC(529) Old regions: 3841->3887
[2025-10-15T15:14:27.636-0700][1251][info ][gc,heap     ] GC(529) Humongous regions: 0->0
[2025-10-15T15:14:27.636-0700][1251][info ][gc,metaspace] GC(529) Metaspace: 306806K(311680K)->306806K(311680K) NonClass: 270825K(273472K)->270825K(273472K) Class: 35981K(38208K)->35981K(38208K)
[2025-10-15T15:14:27.636-0700][1251][info ][gc          ] GC(529) Pause Young (Normal) (G1 Evacuation Pause) 132122M->125526M(184320M) 267.903ms
[2025-10-15T15:14:27.637-0700][1251][info ][gc,cpu      ] GC(529) User=25.19s Sys=0.06s Real=0.27s
[2025-10-15T15:14:27.638-0700][1251][info ][safepoint   ] Safepoint "G1CollectForAllocation", Time since last: 760007967 ns, Reaching safepoint: 17912920 ns, Cleanup: 22064 ns, At safepoint: 271829605 ns, Total: 289764589 ns
[2025-10-15T15:14:28.124-0700][1251][info ][gc,start    ] GC(530) Pause Young (Normal) (G1 Evacuation Pause)
[2025-10-15T15:14:28.124-0700][1251][info ][gc,task     ] GC(530) Using 113 workers of 113 for evacuation
[2025-10-15T15:14:28.189-0700][1251][debug][gc,remset   ] GC(530) Visited cards 84289792 Total dirty 248905728 (33.86%) Total old 292487168 (28.82%)
[2025-10-15T15:14:28.380-0700][1251][info ][gc,mmu      ] GC(530) MMU target violated: 201.0ms (200.0ms/201.0ms)
[2025-10-15T15:14:28.380-0700][1251][info ][gc,phases   ] GC(530)   Pre Evacuate Collection Set: 0.8ms
[2025-10-15T15:14:28.380-0700][1251][info ][gc,phases   ] GC(530)   Merge Heap Roots: 64.5ms
[2025-10-15T15:14:28.380-0700][1251][info ][gc,phases   ] GC(530)   Evacuate Collection Set: 117.8ms
[2025-10-15T15:14:28.380-0700][1251][info ][gc,phases   ] GC(530)   Post Evacuate Collection Set: 73.1ms
[2025-10-15T15:14:28.380-0700][1251][info ][gc,phases   ] GC(530)   Other: 0.1ms
[2025-10-15T15:14:28.380-0700][1251][debug][gc,remset   ] GC(530) Coarsening (recent): Inline->AoC 103121 (140) AoC->Howl 4109 (329) Howl->Full 0 (0) Inline->AoC 21927 (227) AoC->BitMap 5402 (833) BitMap->Full 0 (0)
[2025-10-15T15:14:28.380-0700][1251][debug][gc,remset   ] GC(530) Coarsening (all): Inline->AoC 294955094 (91909) AoC->Howl 1314840 (212209) Howl->Full 0 (0) Inline->AoC 6011052 (65246) AoC->BitMap 1085291 (180005) BitMap->Full 13 (0)
[2025-10-15T15:14:28.380-0700][1251][info ][gc,heap     ] GC(530) Eden regions: 252->0(252)
[2025-10-15T15:14:28.380-0700][1251][info ][gc,heap     ] GC(530) Survivor regions: 36->36(36)
[2025-10-15T15:14:28.380-0700][1251][info ][gc,heap     ] GC(530) Old regions: 3887->3931
[2025-10-15T15:14:28.380-0700][1251][info ][gc,heap     ] GC(530) Humongous regions: 0->0
[2025-10-15T15:14:28.380-0700][1251][info ][gc,metaspace] GC(530) Metaspace: 306806K(311680K)->306806K(311680K) NonClass: 270825K(273472K)->270825K(273472K) Class: 35981K(38208K)->35981K(38208K)
[2025-10-15T15:14:28.380-0700][1251][info ][gc          ] GC(530) Pause Young (Normal) (G1 Evacuation Pause) 133590M->126943M(184320M) 256.572ms
[2025-10-15T15:14:28.381-0700][1251][info ][gc,cpu      ] GC(530) User=23.88s Sys=0.12s Real=0.26s
[2025-10-15T15:14:28.383-0700][1251][info ][safepoint   ] Safepoint "G1CollectForAllocation", Time since last: 480404516 ns, Reaching safepoint: 3357445 ns, Cleanup: 11847 ns, At safepoint: 261043516 ns, Total: 264412808 ns
[2025-10-15T15:14:29.072-0700][1251][info ][gc,start    ] GC(531) Pause Young (Normal) (G1 Evacuation Pause)
[2025-10-15T15:14:29.072-0700][1251][info ][gc,task     ] GC(531) Using 113 workers of 113 for evacuation
[2025-10-15T15:14:29.132-0700][1251][debug][gc,remset   ] GC(531) Visited cards 83318784 Total dirty 251789312 (33.09%) Total old 295370752 (28.21%)
[2025-10-15T15:14:29.320-0700][1251][info ][gc,mmu      ] GC(531) MMU target violated: 201.0ms (200.0ms/201.0ms)
[2025-10-15T15:14:29.320-0700][1251][info ][gc,phases   ] GC(531)   Pre Evacuate Collection Set: 0.7ms
[2025-10-15T15:14:29.320-0700][1251][info ][gc,phases   ] GC(531)   Merge Heap Roots: 58.9ms
[2025-10-15T15:14:29.320-0700][1251][info ][gc,phases   ] GC(531)   Evacuate Collection Set: 119.0ms
[2025-10-15T15:14:29.320-0700][1251][info ][gc,phases   ] GC(531)   Post Evacuate Collection Set: 68.9ms
[2025-10-15T15:14:29.320-0700][1251][info ][gc,phases   ] GC(531)   Other: 0.1ms
[2025-10-15T15:14:29.320-0700][1251][debug][gc,remset   ] GC(531) Coarsening (recent): Inline->AoC 126443 (198) AoC->Howl 5246 (659) Howl->Full 0 (0) Inline->AoC 27955 (312) AoC->BitMap 6851 (1388) BitMap->Full 0 (0)
[2025-10-15T15:14:29.320-0700][1251][debug][gc,remset   ] GC(531) Coarsening (all): Inline->AoC 295081537 (92107) AoC->Howl 1320086 (212868) Howl->Full 0 (0) Inline->AoC 6039007 (65558) AoC->BitMap 1092142 (181393) BitMap->Full 13 (0)
[2025-10-15T15:14:29.320-0700][1251][info ][gc,heap     ] GC(531) Eden regions: 252->0(252)
[2025-10-15T15:14:29.320-0700][1251][info ][gc,heap     ] GC(531) Survivor regions: 36->36(36)
[2025-10-15T15:14:29.320-0700][1251][info ][gc,heap     ] GC(531) Old regions: 3931->3985
[2025-10-15T15:14:29.320-0700][1251][info ][gc,heap     ] GC(531) Humongous regions: 0->0
[2025-10-15T15:14:29.320-0700][1251][info ][gc,metaspace] GC(531) Metaspace: 306806K(311680K)->306806K(311680K) NonClass: 270825K(273472K)->270825K(273472K) Class: 35981K(38208K)->35981K(38208K)
[2025-10-15T15:14:29.320-0700][1251][info ][gc          ] GC(531) Pause Young (Normal) (G1 Evacuation Pause) 135007M->128660M(184320M) 247.742ms
[2025-10-15T15:14:29.321-0700][1251][info ][gc,cpu      ] GC(531) User=22.94s Sys=0.00s Real=0.25s
[2025-10-15T15:14:29.322-0700][1251][info ][safepoint   ] Safepoint "G1CollectForAllocation", Time since last: 650560644 ns, Reaching safepoint: 36789114 ns, Cleanup: 43796 ns, At safepoint: 251785520 ns, Total: 288618430 ns
[2025-10-15T15:14:29.830-0700][1251][info ][gc,start    ] GC(532) Pause Young (Normal) (G1 Evacuation Pause)
[2025-10-15T15:14:29.830-0700][1251][info ][gc,task     ] GC(532) Using 113 workers of 113 for evacuation
[2025-10-15T15:14:29.897-0700][1251][debug][gc,remset   ] GC(532) Visited cards 91932672 Total dirty 255066112 (36.04%) Total old 298909696 (30.76%)
[2025-10-15T15:14:30.101-0700][1251][info ][gc,mmu      ] GC(532) MMU target violated: 201.0ms (200.0ms/201.0ms)
[2025-10-15T15:14:30.102-0700][1251][info ][gc,phases   ] GC(532)   Pre Evacuate Collection Set: 1.1ms
[2025-10-15T15:14:30.102-0700][1251][info ][gc,phases   ] GC(532)   Merge Heap Roots: 65.6ms
[2025-10-15T15:14:30.102-0700][1251][info ][gc,phases   ] GC(532)   Evacuate Collection Set: 126.9ms
[2025-10-15T15:14:30.102-0700][1251][info ][gc,phases   ] GC(532)   Post Evacuate Collection Set: 77.5ms
[2025-10-15T15:14:30.102-0700][1251][info ][gc,phases   ] GC(532)   Other: 0.1ms
[2025-10-15T15:14:30.102-0700][1251][debug][gc,remset   ] GC(532) Coarsening (recent): Inline->AoC 51431 (119) AoC->Howl 1818 (102) Howl->Full 0 (0) Inline->AoC 9463 (62) AoC->BitMap 2382 (288) BitMap->Full 0 (0)
[2025-10-15T15:14:30.102-0700][1251][debug][gc,remset   ] GC(532) Coarsening (all): Inline->AoC 295132968 (92226) AoC->Howl 1321904 (212970) Howl->Full 0 (0) Inline->AoC 6048470 (65620) AoC->BitMap 1094524 (181681) BitMap->Full 13 (0)
[2025-10-15T15:14:30.102-0700][1251][info ][gc,heap     ] GC(532) Eden regions: 252->0(252)
[2025-10-15T15:14:30.102-0700][1251][info ][gc,heap     ] GC(532) Survivor regions: 36->36(36)
[2025-10-15T15:14:30.102-0700][1251][info ][gc,heap     ] GC(532) Old regions: 3985->4064
[2025-10-15T15:14:30.102-0700][1251][info ][gc,heap     ] GC(532) Humongous regions: 0->0
[2025-10-15T15:14:30.102-0700][1251][info ][gc,metaspace] GC(532) Metaspace: 306806K(311680K)->306806K(311680K) NonClass: 270825K(273472K)->270825K(273472K) Class: 35981K(38208K)->35981K(38208K)
[2025-10-15T15:14:30.102-0700][1251][info ][gc          ] GC(532) Pause Young (Normal) (G1 Evacuation Pause) 136724M->131175M(184320M) 271.412ms
[2025-10-15T15:14:30.103-0700][1251][info ][gc,cpu      ] GC(532) User=25.88s Sys=0.08s Real=0.27s
[2025-10-15T15:14:30.105-0700][1251][info ][safepoint   ] Safepoint "G1CollectForAllocation", Time since last: 498785252 ns, Reaching safepoint: 7511981 ns, Cleanup: 19630 ns, At safepoint: 275833395 ns, Total: 283365006 ns
[2025-10-15T15:14:30.634-0700][1251][info ][gc,start    ] GC(533) Pause Young (Normal) (G1 Evacuation Pause)
[2025-10-15T15:14:30.634-0700][1251][info ][gc,task     ] GC(533) Using 113 workers of 113 for evacuation
[2025-10-15T15:14:30.700-0700][1251][debug][gc,remset   ] GC(533) Visited cards 89315584 Total dirty 260440064 (34.29%) Total old 304087040 (29.37%)
[2025-10-15T15:14:30.895-0700][1251][info ][gc,mmu      ] GC(533) MMU target violated: 201.0ms (200.0ms/201.0ms)
[2025-10-15T15:14:30.895-0700][1251][info ][gc,phases   ] GC(533)   Pre Evacuate Collection Set: 0.7ms
[2025-10-15T15:14:30.895-0700][1251][info ][gc,phases   ] GC(533)   Merge Heap Roots: 64.8ms
[2025-10-15T15:14:30.895-0700][1251][info ][gc,phases   ] GC(533)   Evacuate Collection Set: 120.8ms
[2025-10-15T15:14:30.895-0700][1251][info ][gc,phases   ] GC(533)   Post Evacuate Collection Set: 74.3ms
[2025-10-15T15:14:30.895-0700][1251][info ][gc,phases   ] GC(533)   Other: 0.1ms
[2025-10-15T15:14:30.895-0700][1251][debug][gc,remset   ] GC(533) Coarsening (recent): Inline->AoC 128529 (249) AoC->Howl 5002 (464) Howl->Full 0 (0) Inline->AoC 27043 (278) AoC->BitMap 6904 (1116) BitMap->Full 1 (0)
[2025-10-15T15:14:30.895-0700][1251][debug][gc,remset   ] GC(533) Coarsening (all): Inline->AoC 295261497 (92475) AoC->Howl 1326906 (213434) Howl->Full 0 (0) Inline->AoC 6075513 (65898) AoC->BitMap 1101428 (182797) BitMap->Full 14 (0)
[2025-10-15T15:14:30.895-0700][1251][info ][gc,heap     ] GC(533) Eden regions: 252->0(252)
[2025-10-15T15:14:30.895-0700][1251][info ][gc,heap     ] GC(533) Survivor regions: 36->36(36)
[2025-10-15T15:14:30.895-0700][1251][info ][gc,heap     ] GC(533) Old regions: 4064->4123
[2025-10-15T15:14:30.895-0700][1251][info ][gc,heap     ] GC(533) Humongous regions: 0->0
[2025-10-15T15:14:30.895-0700][1251][info ][gc,metaspace] GC(533) Metaspace: 306806K(311680K)->306806K(311680K) NonClass: 270825K(273472K)->270825K(273472K) Class: 35981K(38208K)->35981K(38208K)
[2025-10-15T15:14:30.895-0700][1251][info ][gc          ] GC(533) Pause Young (Normal) (G1 Evacuation Pause) 139239M->133085M(184320M) 260.925ms
[2025-10-15T15:14:30.896-0700][1251][info ][gc,cpu      ] GC(533) User=24.79s Sys=0.04s Real=0.26s
[2025-10-15T15:14:30.898-0700][1251][info ][safepoint   ] Safepoint "G1CollectForAllocation", Time since last: 522831373 ns, Reaching safepoint: 5125041 ns, Cleanup: 13310 ns, At safepoint: 265405575 ns, Total: 270543926 ns
[2025-10-15T15:14:31.450-0700][1251][info ][gc,start    ] GC(534) Pause Young (Normal) (G1 Evacuation Pause)
[2025-10-15T15:14:31.450-0700][1251][info ][gc,task     ] GC(534) Using 113 workers of 113 for evacuation
[2025-10-15T15:14:31.504-0700][1251][debug][gc,remset   ] GC(534) Visited cards 80115968 Total dirty 264372224 (30.30%) Total old 307953664 (26.02%)
[2025-10-15T15:14:31.673-0700][1251][info ][gc,mmu      ] GC(534) MMU target violated: 201.0ms (200.0ms/201.0ms)
[2025-10-15T15:14:31.673-0700][1251][info ][gc,phases   ] GC(534)   Pre Evacuate Collection Set: 0.8ms
[2025-10-15T15:14:31.673-0700][1251][info ][gc,phases   ] GC(534)   Merge Heap Roots: 53.6ms
[2025-10-15T15:14:31.673-0700][1251][info ][gc,phases   ] GC(534)   Evacuate Collection Set: 113.8ms
[2025-10-15T15:14:31.673-0700][1251][info ][gc,phases   ] GC(534)   Post Evacuate Collection Set: 54.9ms
[2025-10-15T15:14:31.673-0700][1251][info ][gc,phases   ] GC(534)   Other: 0.1ms
[2025-10-15T15:14:31.673-0700][1251][debug][gc,remset   ] GC(534) Coarsening (recent): Inline->AoC 142397 (273) AoC->Howl 5454 (485) Howl->Full 0 (0) Inline->AoC 29905 (306) AoC->BitMap 8025 (1455) BitMap->Full 2 (0)
[2025-10-15T15:14:31.673-0700][1251][debug][gc,remset   ] GC(534) Coarsening (all): Inline->AoC 295403894 (92748) AoC->Howl 1332360 (213919) Howl->Full 0 (0) Inline->AoC 6105418 (66204) AoC->BitMap 1109453 (184252) BitMap->Full 16 (0)
[2025-10-15T15:14:31.673-0700][1251][info ][gc,heap     ] GC(534) Eden regions: 252->0(252)
[2025-10-15T15:14:31.673-0700][1251][info ][gc,heap     ] GC(534) Survivor regions: 36->36(36)
[2025-10-15T15:14:31.673-0700][1251][info ][gc,heap     ] GC(534) Old regions: 4123->4176
[2025-10-15T15:14:31.673-0700][1251][info ][gc,heap     ] GC(534) Humongous regions: 0->0
[2025-10-15T15:14:31.673-0700][1251][info ][gc,metaspace] GC(534) Metaspace: 306810K(311680K)->306810K(311680K) NonClass: 270828K(273472K)->270828K(273472K) Class: 35981K(38208K)->35981K(38208K)
[2025-10-15T15:14:31.673-0700][1251][info ][gc          ] GC(534) Pause Young (Normal) (G1 Evacuation Pause) 141149M->134758M(184320M) 223.372ms
[2025-10-15T15:14:31.674-0700][1251][info ][gc,cpu      ] GC(534) User=21.07s Sys=0.04s Real=0.22s
[2025-10-15T15:14:31.676-0700][1251][info ][safepoint   ] Safepoint "G1CollectForAllocation", Time since last: 546214956 ns, Reaching safepoint: 4099353 ns, Cleanup: 19750 ns, At safepoint: 227388740 ns, Total: 231507843 ns
[2025-10-15T15:14:32.243-0700][1251][info ][gc,start    ] GC(535) Pause Young (Normal) (G1 Evacuation Pause)
[2025-10-15T15:14:32.244-0700][1251][info ][gc,task     ] GC(535) Using 113 workers of 113 for evacuation
[2025-10-15T15:14:32.287-0700][1251][debug][gc,remset   ] GC(535) Visited cards 82872064 Total dirty 267517952 (30.98%) Total old 311427072 (26.61%)
[2025-10-15T15:14:32.461-0700][1251][info ][gc,mmu      ] GC(535) MMU target violated: 201.0ms (200.0ms/201.0ms)
[2025-10-15T15:14:32.461-0700][1251][info ][gc,phases   ] GC(535)   Pre Evacuate Collection Set: 2.7ms
[2025-10-15T15:14:32.461-0700][1251][info ][gc,phases   ] GC(535)   Merge Heap Roots: 41.2ms
[2025-10-15T15:14:32.461-0700][1251][info ][gc,phases   ] GC(535)   Evacuate Collection Set: 110.8ms
[2025-10-15T15:14:32.461-0700][1251][info ][gc,phases   ] GC(535)   Post Evacuate Collection Set: 63.0ms
[2025-10-15T15:14:32.461-0700][1251][info ][gc,phases   ] GC(535)   Other: 0.1ms
[2025-10-15T15:14:32.461-0700][1251][debug][gc,remset   ] GC(535) Coarsening (recent): Inline->AoC 113441 (211) AoC->Howl 5393 (733) Howl->Full 0 (0) Inline->AoC 28933 (395) AoC->BitMap 8649 (1613) BitMap->Full 0 (0)
[2025-10-15T15:14:32.461-0700][1251][debug][gc,remset   ] GC(535) Coarsening (all): Inline->AoC 295517335 (92959) AoC->Howl 1337753 (214652) Howl->Full 0 (0) Inline->AoC 6134351 (66599) AoC->BitMap 1118102 (185865) BitMap->Full 16 (0)
[2025-10-15T15:14:32.461-0700][1251][info ][gc,heap     ] GC(535) Eden regions: 252->0(252)
[2025-10-15T15:14:32.461-0700][1251][info ][gc,heap     ] GC(535) Survivor regions: 36->36(36)
[2025-10-15T15:14:32.461-0700][1251][info ][gc,heap     ] GC(535) Old regions: 4176->4234
[2025-10-15T15:14:32.461-0700][1251][info ][gc,heap     ] GC(535) Humongous regions: 0->0
[2025-10-15T15:14:32.461-0700][1251][info ][gc,metaspace] GC(535) Metaspace: 306810K(311680K)->306810K(311680K) NonClass: 270828K(273472K)->270828K(273472K) Class: 35981K(38208K)->35981K(38208K)
[2025-10-15T15:14:32.461-0700][1251][info ][gc          ] GC(535) Pause Young (Normal) (G1 Evacuation Pause) 142822M->136632M(184320M) 217.999ms
[2025-10-15T15:14:32.463-0700][1251][info ][gc,cpu      ] GC(535) User=19.44s Sys=0.14s Real=0.22s
[2025-10-15T15:14:32.464-0700][1251][info ][safepoint   ] Safepoint "G1CollectForAllocation", Time since last: 561512461 ns, Reaching safepoint: 4859080 ns, Cleanup: 5478 ns, At safepoint: 222358782 ns, Total: 227223340 ns
[2025-10-15T15:14:33.069-0700][1251][info ][gc,start    ] GC(536) Pause Young (Normal) (G1 Evacuation Pause)
[2025-10-15T15:14:33.069-0700][1251][info ][gc,task     ] GC(536) Using 113 workers of 113 for evacuation
[2025-10-15T15:14:33.117-0700][1251][debug][gc,remset   ] GC(536) Visited cards 79592960 Total dirty 270794752 (29.39%) Total old 316801024 (25.12%)
[2025-10-15T15:14:33.273-0700][1251][info ][gc,mmu      ] GC(536) MMU target violated: 201.0ms (200.0ms/201.0ms)
[2025-10-15T15:14:33.273-0700][1251][info ][gc,phases   ] GC(536)   Pre Evacuate Collection Set: 0.8ms
[2025-10-15T15:14:33.273-0700][1251][info ][gc,phases   ] GC(536)   Merge Heap Roots: 46.5ms
[2025-10-15T15:14:33.273-0700][1251][info ][gc,phases   ] GC(536)   Evacuate Collection Set: 101.2ms
[2025-10-15T15:14:33.273-0700][1251][info ][gc,phases   ] GC(536)   Post Evacuate Collection Set: 55.1ms
[2025-10-15T15:14:33.273-0700][1251][info ][gc,phases   ] GC(536)   Other: 0.1ms
[2025-10-15T15:14:33.273-0700][1251][debug][gc,remset   ] GC(536) Coarsening (recent): Inline->AoC 130031 (230) AoC->Howl 5037 (373) Howl->Full 0 (0) Inline->AoC 27203 (266) AoC->BitMap 8177 (1093) BitMap->Full 1 (0)
[2025-10-15T15:14:33.273-0700][1251][debug][gc,remset   ] GC(536) Coarsening (all): Inline->AoC 295647366 (93189) AoC->Howl 1342790 (215025) Howl->Full 0 (0) Inline->AoC 6161554 (66865) AoC->BitMap 1126279 (186958) BitMap->Full 17 (0)
[2025-10-15T15:14:33.273-0700][1251][info ][gc,heap     ] GC(536) Eden regions: 264->0(250)
[2025-10-15T15:14:33.273-0700][1251][info ][gc,heap     ] GC(536) Survivor regions: 36->38(38)
[2025-10-15T15:14:33.273-0700][1251][info ][gc,heap     ] GC(536) Old regions: 4234->4275
[2025-10-15T15:14:33.273-0700][1251][info ][gc,heap     ] GC(536) Humongous regions: 0->0
[2025-10-15T15:14:33.273-0700][1251][info ][gc,metaspace] GC(536) Metaspace: 306818K(311680K)->306818K(311680K) NonClass: 270837K(273472K)->270837K(273472K) Class: 35981K(38208K)->35981K(38208K)
[2025-10-15T15:14:33.273-0700][1251][info ][gc          ] GC(536) Pause Young (Normal) (G1 Evacuation Pause) 145080M->138016M(184320M) 203.810ms
[2025-10-15T15:14:33.274-0700][1251][info ][gc,cpu      ] GC(536) User=19.08s Sys=0.04s Real=0.20s
[2025-10-15T15:14:33.276-0700][1251][info ][safepoint   ] Safepoint "G1CollectForAllocation", Time since last: 599909180 ns, Reaching safepoint: 3434921 ns, Cleanup: 5028 ns, At safepoint: 207955686 ns, Total: 211395635 ns
[2025-10-15T15:14:33.836-0700][1251][info ][gc,start    ] GC(537) Pause Young (Normal) (G1 Evacuation Pause)
[2025-10-15T15:14:33.836-0700][1251][info ][gc,task     ] GC(537) Using 113 workers of 113 for evacuation
[2025-10-15T15:14:33.876-0700][1251][debug][gc,remset   ] GC(537) Visited cards 81275136 Total dirty 273743872 (29.69%) Total old 325517312 (24.97%)
[2025-10-15T15:14:34.034-0700][1251][info ][gc,phases   ] GC(537)   Pre Evacuate Collection Set: 1.6ms
[2025-10-15T15:14:34.034-0700][1251][info ][gc,phases   ] GC(537)   Merge Heap Roots: 38.0ms
[2025-10-15T15:14:34.034-0700][1251][info ][gc,phases   ] GC(537)   Evacuate Collection Set: 111.3ms
[2025-10-15T15:14:34.034-0700][1251][info ][gc,phases   ] GC(537)   Post Evacuate Collection Set: 46.9ms
[2025-10-15T15:14:34.034-0700][1251][info ][gc,phases   ] GC(537)   Other: 0.1ms
[2025-10-15T15:14:34.034-0700][1251][debug][gc,remset   ] GC(537) Coarsening (recent): Inline->AoC 86896 (181) AoC->Howl 3874 (171) Howl->Full 0 (0) Inline->AoC 20775 (147) AoC->BitMap 5836 (626) BitMap->Full 0 (0)
[2025-10-15T15:14:34.034-0700][1251][debug][gc,remset   ] GC(537) Coarsening (all): Inline->AoC 295734262 (93370) AoC->Howl 1346664 (215196) Howl->Full 0 (0) Inline->AoC 6182329 (67012) AoC->BitMap 1132115 (187584) BitMap->Full 17 (0)
[2025-10-15T15:14:34.034-0700][1251][info ][gc,heap     ] GC(537) Eden regions: 308->0(244)
[2025-10-15T15:14:34.034-0700][1251][info ][gc,heap     ] GC(537) Survivor regions: 38->44(44)
[2025-10-15T15:14:34.034-0700][1251][info ][gc,heap     ] GC(537) Old regions: 4275->4319
[2025-10-15T15:14:34.034-0700][1251][info ][gc,heap     ] GC(537) Humongous regions: 0->0
[2025-10-15T15:14:34.034-0700][1251][info ][gc,metaspace] GC(537) Metaspace: 306818K(311680K)->306818K(311680K) NonClass: 270837K(273472K)->270837K(273472K) Class: 35981K(38208K)->35981K(38208K)
[2025-10-15T15:14:34.034-0700][1251][info ][gc          ] GC(537) Pause Young (Normal) (G1 Evacuation Pause) 147871M->139586M(184320M) 198.145ms
[2025-10-15T15:14:34.036-0700][1251][info ][gc,cpu      ] GC(537) User=17.91s Sys=0.13s Real=0.20s
[2025-10-15T15:14:34.037-0700][1251][info ][safepoint   ] Safepoint "G1CollectForAllocation", Time since last: 550926944 ns, Reaching safepoint: 7969201 ns, Cleanup: 14532 ns, At safepoint: 202274857 ns, Total: 210258590 ns
[2025-10-15T15:14:34.576-0700][1251][info ][gc,start    ] GC(538) Pause Young (Normal) (G1 Evacuation Pause)
[2025-10-15T15:14:34.576-0700][1251][info ][gc,task     ] GC(538) Using 113 workers of 113 for evacuation
[2025-10-15T15:14:34.623-0700][1251][debug][gc,remset   ] GC(538) Visited cards 86012160 Total dirty 276758528 (31.08%) Total old 323682304 (26.57%)
[2025-10-15T15:14:34.792-0700][1251][info ][gc,mmu      ] GC(538) MMU target violated: 201.0ms (200.0ms/201.0ms)
[2025-10-15T15:14:34.792-0700][1251][info ][gc,phases   ] GC(538)   Pre Evacuate Collection Set: 2.0ms
[2025-10-15T15:14:34.792-0700][1251][info ][gc,phases   ] GC(538)   Merge Heap Roots: 44.3ms
[2025-10-15T15:14:34.792-0700][1251][info ][gc,phases   ] GC(538)   Evacuate Collection Set: 113.4ms
[2025-10-15T15:14:34.792-0700][1251][info ][gc,phases   ] GC(538)   Post Evacuate Collection Set: 55.8ms
[2025-10-15T15:14:34.792-0700][1251][info ][gc,phases   ] GC(538)   Other: 0.1ms
[2025-10-15T15:14:34.792-0700][1251][debug][gc,remset   ] GC(538) Coarsening (recent): Inline->AoC 66885 (141) AoC->Howl 3427 (157) Howl->Full 0 (0) Inline->AoC 17996 (114) AoC->BitMap 4592 (463) BitMap->Full 0 (0)
[2025-10-15T15:14:34.792-0700][1251][debug][gc,remset   ] GC(538) Coarsening (all): Inline->AoC 295801147 (93511) AoC->Howl 1350091 (215353) Howl->Full 0 (0) Inline->AoC 6200325 (67126) AoC->BitMap 1136707 (188047) BitMap->Full 17 (0)
[2025-10-15T15:14:34.792-0700][1251][info ][gc,heap     ] GC(538) Eden regions: 266->0(249)
[2025-10-15T15:14:34.792-0700][1251][info ][gc,heap     ] GC(538) Survivor regions: 44->39(39)
[2025-10-15T15:14:34.792-0700][1251][info ][gc,heap     ] GC(538) Old regions: 4319->4370
[2025-10-15T15:14:34.792-0700][1251][info ][gc,heap     ] GC(538) Humongous regions: 0->0
[2025-10-15T15:14:34.792-0700][1251][info ][gc,metaspace] GC(538) Metaspace: 306818K(311680K)->306818K(311680K) NonClass: 270837K(273472K)->270837K(273472K) Class: 35981K(38208K)->35981K(38208K)
[2025-10-15T15:14:34.792-0700][1251][info ][gc          ] GC(538) Pause Young (Normal) (G1 Evacuation Pause) 148098M->141060M(184320M) 215.720ms
[2025-10-15T15:14:34.793-0700][1251][info ][gc,cpu      ] GC(538) User=19.86s Sys=0.11s Real=0.22s
[2025-10-15T15:14:34.795-0700][1251][info ][safepoint   ] Safepoint "G1CollectForAllocation", Time since last: 534094333 ns, Reaching safepoint: 3890579 ns, Cleanup: 26520 ns, At safepoint: 219931120 ns, Total: 223848219 ns
[2025-10-15T15:14:35.250-0700][1251][info ][gc,start    ] GC(539) Pause Young (Normal) (G1 Evacuation Pause)
[2025-10-15T15:14:35.250-0700][1251][info ][gc,task     ] GC(539) Using 113 workers of 113 for evacuation
[2025-10-15T15:14:35.300-0700][1251][debug][gc,remset   ] GC(539) Visited cards 89803520 Total dirty 280035328 (32.07%) Total old 324141056 (27.71%)
[2025-10-15T15:14:35.484-0700][1251][info ][gc,mmu      ] GC(539) MMU target violated: 201.0ms (200.0ms/201.0ms)
[2025-10-15T15:14:35.484-0700][1251][info ][gc,phases   ] GC(539)   Pre Evacuate Collection Set: 0.8ms
[2025-10-15T15:14:35.484-0700][1251][info ][gc,phases   ] GC(539)   Merge Heap Roots: 49.8ms
[2025-10-15T15:14:35.484-0700][1251][info ][gc,phases   ] GC(539)   Evacuate Collection Set: 118.4ms
[2025-10-15T15:14:35.484-0700][1251][info ][gc,phases   ] GC(539)   Post Evacuate Collection Set: 65.0ms
[2025-10-15T15:14:35.484-0700][1251][info ][gc,phases   ] GC(539)   Other: 0.1ms
[2025-10-15T15:14:35.484-0700][1251][debug][gc,remset   ] GC(539) Coarsening (recent): Inline->AoC 54553 (121) AoC->Howl 2440 (211) Howl->Full 0 (0) Inline->AoC 11933 (128) AoC->BitMap 4017 (409) BitMap->Full 0 (0)
[2025-10-15T15:14:35.484-0700][1251][debug][gc,remset   ] GC(539) Coarsening (all): Inline->AoC 295855700 (93632) AoC->Howl 1352531 (215564) Howl->Full 0 (0) Inline->AoC 6212258 (67254) AoC->BitMap 1140724 (188456) BitMap->Full 17 (0)
[2025-10-15T15:14:35.484-0700][1251][info ][gc,heap     ] GC(539) Eden regions: 249->0(252)
[2025-10-15T15:14:35.484-0700][1251][info ][gc,heap     ] GC(539) Survivor regions: 39->36(36)
[2025-10-15T15:14:35.484-0700][1251][info ][gc,heap     ] GC(539) Old regions: 4370->4433
[2025-10-15T15:14:35.484-0700][1251][info ][gc,heap     ] GC(539) Humongous regions: 0->0
[2025-10-15T15:14:35.484-0700][1251][info ][gc,metaspace] GC(539) Metaspace: 306818K(311680K)->306818K(311680K) NonClass: 270837K(273472K)->270837K(273472K) Class: 35981K(38208K)->35981K(38208K)
[2025-10-15T15:14:35.484-0700][1251][info ][gc          ] GC(539) Pause Young (Normal) (G1 Evacuation Pause) 149028M->142985M(184320M) 234.201ms
[2025-10-15T15:14:35.485-0700][1251][info ][gc,cpu      ] GC(539) User=21.94s Sys=0.14s Real=0.23s
[2025-10-15T15:14:35.486-0700][1251][info ][safepoint   ] Safepoint "G1CollectForAllocation", Time since last: 447612972 ns, Reaching safepoint: 5681350 ns, Cleanup: 5358 ns, At safepoint: 238080707 ns, Total: 243767415 ns
[2025-10-15T15:14:35.989-0700][1251][info ][gc,start    ] GC(540) Pause Young (Normal) (G1 Evacuation Pause)
[2025-10-15T15:14:35.990-0700][1251][info ][gc,task     ] GC(540) Using 113 workers of 113 for evacuation
[2025-10-15T15:14:36.050-0700][1251][debug][gc,remset   ] GC(540) Visited cards 92266240 Total dirty 284229632 (32.46%) Total old 328269824 (28.11%)
[2025-10-15T15:14:36.250-0700][1251][info ][gc,mmu      ] GC(540) MMU target violated: 201.0ms (200.0ms/201.0ms)
[2025-10-15T15:14:36.250-0700][1251][info ][gc,phases   ] GC(540)   Pre Evacuate Collection Set: 0.8ms
[2025-10-15T15:14:36.250-0700][1251][info ][gc,phases   ] GC(540)   Merge Heap Roots: 59.7ms
[2025-10-15T15:14:36.250-0700][1251][info ][gc,phases   ] GC(540)   Evacuate Collection Set: 125.6ms
[2025-10-15T15:14:36.250-0700][1251][info ][gc,phases   ] GC(540)   Post Evacuate Collection Set: 74.5ms
[2025-10-15T15:14:36.250-0700][1251][info ][gc,phases   ] GC(540)   Other: 0.1ms
[2025-10-15T15:14:36.250-0700][1251][debug][gc,remset   ] GC(540) Coarsening (recent): Inline->AoC 66754 (142) AoC->Howl 3102 (416) Howl->Full 0 (0) Inline->AoC 15063 (218) AoC->BitMap 4810 (752) BitMap->Full 0 (0)
[2025-10-15T15:14:36.250-0700][1251][debug][gc,remset   ] GC(540) Coarsening (all): Inline->AoC 295922454 (93774) AoC->Howl 1355633 (215980) Howl->Full 0 (0) Inline->AoC 6227321 (67472) AoC->BitMap 1145534 (189208) BitMap->Full 17 (0)
[2025-10-15T15:14:36.250-0700][1251][info ][gc,heap     ] GC(540) Eden regions: 252->0(252)
[2025-10-15T15:14:36.250-0700][1251][info ][gc,heap     ] GC(540) Survivor regions: 36->36(36)
[2025-10-15T15:14:36.250-0700][1251][info ][gc,heap     ] GC(540) Old regions: 4433->4504
[2025-10-15T15:14:36.250-0700][1251][info ][gc,heap     ] GC(540) Humongous regions: 0->0
[2025-10-15T15:14:36.250-0700][1251][info ][gc,metaspace] GC(540) Metaspace: 306818K(311680K)->306818K(311680K) NonClass: 270837K(273472K)->270837K(273472K) Class: 35981K(38208K)->35981K(38208K)
[2025-10-15T15:14:36.250-0700][1251][info ][gc          ] GC(540) Pause Young (Normal) (G1 Evacuation Pause) 151049M->145257M(184320M) 260.815ms
[2025-10-15T15:14:36.252-0700][1251][info ][gc,cpu      ] GC(540) User=24.55s Sys=0.15s Real=0.26s
[2025-10-15T15:14:36.253-0700][1251][info ][safepoint   ] Safepoint "G1CollectForAllocation", Time since last: 497617691 ns, Reaching safepoint: 4192354 ns, Cleanup: 12439 ns, At safepoint: 265102488 ns, Total: 269307281 ns
[2025-10-15T15:14:36.748-0700][1251][info ][gc,start    ] GC(541) Pause Young (Normal) (G1 Evacuation Pause)
[2025-10-15T15:14:36.748-0700][1251][info ][gc,task     ] GC(541) Using 113 workers of 113 for evacuation
[2025-10-15T15:14:36.811-0700][1251][debug][gc,remset   ] GC(541) Visited cards 92704512 Total dirty 288751616 (32.11%) Total old 332922880 (27.85%)
[2025-10-15T15:14:37.012-0700][1251][info ][gc,mmu      ] GC(541) MMU target violated: 201.0ms (200.0ms/201.0ms)
[2025-10-15T15:14:37.012-0700][1251][info ][gc,phases   ] GC(541)   Pre Evacuate Collection Set: 1.1ms
[2025-10-15T15:14:37.012-0700][1251][info ][gc,phases   ] GC(541)   Merge Heap Roots: 61.8ms
[2025-10-15T15:14:37.012-0700][1251][info ][gc,phases   ] GC(541)   Evacuate Collection Set: 126.6ms
[2025-10-15T15:14:37.012-0700][1251][info ][gc,phases   ] GC(541)   Post Evacuate Collection Set: 74.7ms
[2025-10-15T15:14:37.012-0700][1251][info ][gc,phases   ] GC(541)   Other: 0.1ms
[2025-10-15T15:14:37.012-0700][1251][debug][gc,remset   ] GC(541) Coarsening (recent): Inline->AoC 80489 (184) AoC->Howl 3642 (477) Howl->Full 0 (0) Inline->AoC 17801 (264) AoC->BitMap 6084 (955) BitMap->Full 0 (0)
[2025-10-15T15:14:37.012-0700][1251][debug][gc,remset   ] GC(541) Coarsening (all): Inline->AoC 296002943 (93958) AoC->Howl 1359275 (216457) Howl->Full 0 (0) Inline->AoC 6245122 (67736) AoC->BitMap 1151618 (190163) BitMap->Full 17 (0)
[2025-10-15T15:14:37.012-0700][1251][info ][gc,heap     ] GC(541) Eden regions: 252->0(252)
[2025-10-15T15:14:37.012-0700][1251][info ][gc,heap     ] GC(541) Survivor regions: 36->36(36)
[2025-10-15T15:14:37.012-0700][1251][info ][gc,heap     ] GC(541) Old regions: 4504->4575
[2025-10-15T15:14:37.012-0700][1251][info ][gc,heap     ] GC(541) Humongous regions: 0->0
[2025-10-15T15:14:37.012-0700][1251][info ][gc,metaspace] GC(541) Metaspace: 306820K(311680K)->306820K(311680K) NonClass: 270839K(273472K)->270839K(273472K) Class: 35981K(38208K)->35981K(38208K)
[2025-10-15T15:14:37.012-0700][1251][info ][gc          ] GC(541) Pause Young (Normal) (G1 Evacuation Pause) 153321M->147552M(184320M) 264.518ms
[2025-10-15T15:14:37.014-0700][1251][info ][gc,cpu      ] GC(541) User=25.20s Sys=0.05s Real=0.27s
[2025-10-15T15:14:37.015-0700][1251][info ][safepoint   ] Safepoint "G1CollectForAllocation", Time since last: 488270691 ns, Reaching safepoint: 5042717 ns, Cleanup: 5868 ns, At safepoint: 268948229 ns, Total: 273996814 ns
[2025-10-15T15:14:37.559-0700][1251][info ][gc,start    ] GC(542) Pause Young (Normal) (G1 Evacuation Pause)
[2025-10-15T15:14:37.560-0700][1251][info ][gc,task     ] GC(542) Using 113 workers of 113 for evacuation
[2025-10-15T15:14:37.625-0700][1251][debug][gc,remset   ] GC(542) Visited cards 94313216 Total dirty 293076992 (32.18%) Total old 337575936 (27.94%)
[2025-10-15T15:14:37.831-0700][1251][info ][gc,mmu      ] GC(542) MMU target violated: 201.0ms (200.0ms/201.0ms)
[2025-10-15T15:14:37.831-0700][1251][info ][gc,phases   ] GC(542)   Pre Evacuate Collection Set: 1.0ms
[2025-10-15T15:14:37.831-0700][1251][info ][gc,phases   ] GC(542)   Merge Heap Roots: 64.6ms
[2025-10-15T15:14:37.831-0700][1251][info ][gc,phases   ] GC(542)   Evacuate Collection Set: 128.8ms
[2025-10-15T15:14:37.831-0700][1251][info ][gc,phases   ] GC(542)   Post Evacuate Collection Set: 76.8ms
[2025-10-15T15:14:37.831-0700][1251][info ][gc,phases   ] GC(542)   Other: 0.2ms
[2025-10-15T15:14:37.831-0700][1251][debug][gc,remset   ] GC(542) Coarsening (recent): Inline->AoC 80566 (143) AoC->Howl 3370 (463) Howl->Full 0 (0) Inline->AoC 16454 (267) AoC->BitMap 5697 (821) BitMap->Full 0 (0)
[2025-10-15T15:14:37.831-0700][1251][debug][gc,remset   ] GC(542) Coarsening (all): Inline->AoC 296083509 (94101) AoC->Howl 1362645 (216920) Howl->Full 0 (0) Inline->AoC 6261576 (68003) AoC->BitMap 1157315 (190984) BitMap->Full 17 (0)
[2025-10-15T15:14:37.831-0700][1251][info ][gc,heap     ] GC(542) Eden regions: 252->0(252)
[2025-10-15T15:14:37.831-0700][1251][info ][gc,heap     ] GC(542) Survivor regions: 36->36(36)
[2025-10-15T15:14:37.831-0700][1251][info ][gc,heap     ] GC(542) Old regions: 4575->4651
[2025-10-15T15:14:37.831-0700][1251][info ][gc,heap     ] GC(542) Humongous regions: 0->0
[2025-10-15T15:14:37.831-0700][1251][info ][gc,metaspace] GC(542) Metaspace: 306820K(311680K)->306820K(311680K) NonClass: 270839K(273472K)->270839K(273472K) Class: 35981K(38208K)->35981K(38208K)
[2025-10-15T15:14:37.831-0700][1251][info ][gc          ] GC(542) Pause Young (Normal) (G1 Evacuation Pause) 155616M->149980M(184320M) 271.442ms
[2025-10-15T15:14:37.832-0700][1251][info ][gc,cpu      ] GC(542) User=25.78s Sys=0.05s Real=0.27s
[2025-10-15T15:14:37.834-0700][1251][info ][safepoint   ] Safepoint "G1CollectForAllocation", Time since last: 537798641 ns, Reaching safepoint: 4677576 ns, Cleanup: 5658 ns, At safepoint: 275712543 ns, Total: 280395777 ns
[2025-10-15T15:14:38.415-0700][1251][info ][gc,start    ] GC(543) Pause Young (Normal) (G1 Evacuation Pause)
[2025-10-15T15:14:38.415-0700][1251][info ][gc,task     ] GC(543) Using 113 workers of 113 for evacuation
[2025-10-15T15:14:38.488-0700][1251][debug][gc,remset   ] GC(543) Visited cards 100567296 Total dirty 298188800 (33.73%) Total old 342556672 (29.36%)
[2025-10-15T15:14:38.706-0700][1251][info ][gc,mmu      ] GC(543) MMU target violated: 201.0ms (200.0ms/201.0ms)
[2025-10-15T15:14:38.706-0700][1251][info ][gc,phases   ] GC(543)   Pre Evacuate Collection Set: 0.6ms
[2025-10-15T15:14:38.706-0700][1251][info ][gc,phases   ] GC(543)   Merge Heap Roots: 72.3ms
[2025-10-15T15:14:38.706-0700][1251][info ][gc,phases   ] GC(543)   Evacuate Collection Set: 133.8ms
[2025-10-15T15:14:38.706-0700][1251][info ][gc,phases   ] GC(543)   Post Evacuate Collection Set: 84.8ms
[2025-10-15T15:14:38.706-0700][1251][info ][gc,phases   ] GC(543)   Other: 0.1ms
[2025-10-15T15:14:38.706-0700][1251][debug][gc,remset   ] GC(543) Coarsening (recent): Inline->AoC 54383 (122) AoC->Howl 2570 (395) Howl->Full 0 (0) Inline->AoC 11740 (204) AoC->BitMap 4436 (761) BitMap->Full 6 (0)
[2025-10-15T15:14:38.706-0700][1251][debug][gc,remset   ] GC(543) Coarsening (all): Inline->AoC 296137892 (94223) AoC->Howl 1365215 (217315) Howl->Full 0 (0) Inline->AoC 6273316 (68207) AoC->BitMap 1161751 (191745) BitMap->Full 23 (0)
[2025-10-15T15:14:38.706-0700][1251][info ][gc,heap     ] GC(543) Eden regions: 252->0(252)
[2025-10-15T15:14:38.706-0700][1251][info ][gc,heap     ] GC(543) Survivor regions: 36->36(36)
[2025-10-15T15:14:38.706-0700][1251][info ][gc,heap     ] GC(543) Old regions: 4651->4733
[2025-10-15T15:14:38.706-0700][1251][info ][gc,heap     ] GC(543) Humongous regions: 0->0
[2025-10-15T15:14:38.706-0700][1251][info ][gc,metaspace] GC(543) Metaspace: 306830K(311744K)->306830K(311744K) NonClass: 270847K(273536K)->270847K(273536K) Class: 35982K(38208K)->35982K(38208K)
[2025-10-15T15:14:38.706-0700][1251][info ][gc          ] GC(543) Pause Young (Normal) (G1 Evacuation Pause) 158044M->152579M(184320M) 291.784ms
[2025-10-15T15:14:38.708-0700][1251][info ][gc,cpu      ] GC(543) User=28.02s Sys=0.13s Real=0.29s
[2025-10-15T15:14:38.709-0700][1251][info ][safepoint   ] Safepoint "G1CollectForAllocation", Time since last: 564686970 ns, Reaching safepoint: 14609667 ns, Cleanup: 20932 ns, At safepoint: 296474270 ns, Total: 311104869 ns
[2025-10-15T15:14:39.218-0700][1251][info ][gc,start    ] GC(544) Pause Young (Normal) (G1 Evacuation Pause)
[2025-10-15T15:14:39.218-0700][1251][info ][gc,task     ] GC(544) Using 113 workers of 113 for evacuation
[2025-10-15T15:14:39.291-0700][1251][debug][gc,remset   ] GC(544) Visited cards 100413952 Total dirty 302972928 (33.14%) Total old 347996160 (28.85%)
[2025-10-15T15:14:39.509-0700][1251][info ][gc,mmu      ] GC(544) MMU target violated: 201.0ms (200.0ms/201.0ms)
[2025-10-15T15:14:39.509-0700][1251][info ][gc,phases   ] GC(544)   Pre Evacuate Collection Set: 0.8ms
[2025-10-15T15:14:39.509-0700][1251][info ][gc,phases   ] GC(544)   Merge Heap Roots: 72.2ms
[2025-10-15T15:14:39.509-0700][1251][info ][gc,phases   ] GC(544)   Evacuate Collection Set: 133.9ms
[2025-10-15T15:14:39.509-0700][1251][info ][gc,phases   ] GC(544)   Post Evacuate Collection Set: 83.9ms
[2025-10-15T15:14:39.509-0700][1251][info ][gc,phases   ] GC(544)   Other: 0.1ms
[2025-10-15T15:14:39.509-0700][1251][debug][gc,remset   ] GC(544) Coarsening (recent): Inline->AoC 86760 (161) AoC->Howl 3737 (551) Howl->Full 0 (0) Inline->AoC 19684 (324) AoC->BitMap 6635 (1031) BitMap->Full 1 (0)
[2025-10-15T15:14:39.509-0700][1251][debug][gc,remset   ] GC(544) Coarsening (all): Inline->AoC 296224652 (94384) AoC->Howl 1368952 (217866) Howl->Full 0 (0) Inline->AoC 6293000 (68531) AoC->BitMap 1168386 (192776) BitMap->Full 24 (0)
[2025-10-15T15:14:39.509-0700][1251][info ][gc,heap     ] GC(544) Eden regions: 252->0(252)
[2025-10-15T15:14:39.509-0700][1251][info ][gc,heap     ] GC(544) Survivor regions: 36->36(36)
[2025-10-15T15:14:39.509-0700][1251][info ][gc,heap     ] GC(544) Old regions: 4733->4810
[2025-10-15T15:14:39.509-0700][1251][info ][gc,heap     ] GC(544) Humongous regions: 1->0
[2025-10-15T15:14:39.509-0700][1251][info ][gc,metaspace] GC(544) Metaspace: 306834K(311744K)->306834K(311744K) NonClass: 270851K(273536K)->270851K(273536K) Class: 35982K(38208K)->35982K(38208K)
[2025-10-15T15:14:39.509-0700][1251][info ][gc          ] GC(544) Pause Young (Normal) (G1 Evacuation Pause) 160675M->155048M(184320M) 291.106ms
[2025-10-15T15:14:39.510-0700][1251][info ][gc,cpu      ] GC(544) User=27.81s Sys=0.12s Real=0.30s
[2025-10-15T15:14:39.511-0700][1251][info ][safepoint   ] Safepoint "G1CollectForAllocation", Time since last: 500958009 ns, Reaching safepoint: 5839469 ns, Cleanup: 23795 ns, At safepoint: 295063292 ns, Total: 300926556 ns
[2025-10-15T15:14:40.157-0700][1251][info ][gc,start    ] GC(545) Pause Young (Normal) (G1 Evacuation Pause)
[2025-10-15T15:14:40.157-0700][1251][info ][gc,task     ] GC(545) Using 113 workers of 113 for evacuation
[2025-10-15T15:14:40.241-0700][1251][debug][gc,remset   ] GC(545) Visited cards 109326592 Total dirty 308543488 (35.43%) Total old 352976896 (30.97%)
[2025-10-15T15:14:40.479-0700][1251][info ][gc,mmu      ] GC(545) MMU target violated: 201.0ms (200.0ms/201.0ms)
[2025-10-15T15:14:40.479-0700][1251][info ][gc,phases   ] GC(545)   Pre Evacuate Collection Set: 0.7ms
[2025-10-15T15:14:40.479-0700][1251][info ][gc,phases   ] GC(545)   Merge Heap Roots: 83.1ms
[2025-10-15T15:14:40.479-0700][1251][info ][gc,phases   ] GC(545)   Evacuate Collection Set: 143.5ms
[2025-10-15T15:14:40.479-0700][1251][info ][gc,phases   ] GC(545)   Post Evacuate Collection Set: 95.0ms
[2025-10-15T15:14:40.479-0700][1251][info ][gc,phases   ] GC(545)   Other: 0.1ms
[2025-10-15T15:14:40.479-0700][1251][debug][gc,remset   ] GC(545) Coarsening (recent): Inline->AoC 42568 (83) AoC->Howl 1663 (119) Howl->Full 0 (0) Inline->AoC 8263 (86) AoC->BitMap 2618 (384) BitMap->Full 0 (0)
[2025-10-15T15:14:40.479-0700][1251][debug][gc,remset   ] GC(545) Coarsening (all): Inline->AoC 296267220 (94467) AoC->Howl 1370615 (217985) Howl->Full 0 (0) Inline->AoC 6301263 (68617) AoC->BitMap 1171004 (193160) BitMap->Full 24 (0)
[2025-10-15T15:14:40.479-0700][1251][info ][gc,heap     ] GC(545) Eden regions: 252->0(252)
[2025-10-15T15:14:40.479-0700][1251][info ][gc,heap     ] GC(545) Survivor regions: 36->36(36)
[2025-10-15T15:14:40.479-0700][1251][info ][gc,heap     ] GC(545) Old regions: 4810->4893
[2025-10-15T15:14:40.479-0700][1251][info ][gc,heap     ] GC(545) Humongous regions: 0->0
[2025-10-15T15:14:40.479-0700][1251][info ][gc,metaspace] GC(545) Metaspace: 306834K(311744K)->306834K(311744K) NonClass: 270851K(273536K)->270851K(273536K) Class: 35982K(38208K)->35982K(38208K)
[2025-10-15T15:14:40.479-0700][1251][info ][gc          ] GC(545) Pause Young (Normal) (G1 Evacuation Pause) 163112M->157711M(184320M) 322.621ms
[2025-10-15T15:14:40.481-0700][1251][info ][gc,cpu      ] GC(545) User=31.09s Sys=0.07s Real=0.33s
[2025-10-15T15:14:40.482-0700][1251][info ][safepoint   ] Safepoint "G1CollectForAllocation", Time since last: 631353872 ns, Reaching safepoint: 12554748 ns, Cleanup: 16946 ns, At safepoint: 327211715 ns, Total: 339783409 ns
[2025-10-15T15:14:40.759-0700][1251][info ][gc,start    ] GC(546) Pause Young (Normal) (G1 Evacuation Pause)
[2025-10-15T15:14:40.759-0700][1251][info ][gc,task     ] GC(546) Using 113 workers of 113 for evacuation
[2025-10-15T15:14:40.856-0700][1251][debug][gc,remset   ] GC(546) Visited cards 117602560 Total dirty 314245120 (37.42%) Total old 358416384 (32.81%)
[2025-10-15T15:14:41.105-0700][1251][info ][gc,mmu      ] GC(546) MMU target violated: 201.0ms (200.0ms/201.0ms)
[2025-10-15T15:14:41.105-0700][1251][info ][gc,phases   ] GC(546)   Pre Evacuate Collection Set: 1.4ms
[2025-10-15T15:14:41.105-0700][1251][info ][gc,phases   ] GC(546)   Merge Heap Roots: 95.7ms
[2025-10-15T15:14:41.105-0700][1251][info ][gc,phases   ] GC(546)   Evacuate Collection Set: 142.5ms
[2025-10-15T15:14:41.105-0700][1251][info ][gc,phases   ] GC(546)   Post Evacuate Collection Set: 106.0ms
[2025-10-15T15:14:41.105-0700][1251][info ][gc,phases   ] GC(546)   Other: 0.1ms
[2025-10-15T15:14:41.105-0700][1251][debug][gc,remset   ] GC(546) Coarsening (recent): Inline->AoC 31923 (66) AoC->Howl 1352 (116) Howl->Full 0 (0) Inline->AoC 6793 (122) AoC->BitMap 2319 (341) BitMap->Full 0 (0)
[2025-10-15T15:14:41.105-0700][1251][debug][gc,remset   ] GC(546) Coarsening (all): Inline->AoC 296299143 (94533) AoC->Howl 1371967 (218101) Howl->Full 0 (0) Inline->AoC 6308056 (68739) AoC->BitMap 1173323 (193501) BitMap->Full 24 (0)
[2025-10-15T15:14:41.105-0700][1251][info ][gc,heap     ] GC(546) Eden regions: 252->0(252)
[2025-10-15T15:14:41.105-0700][1251][info ][gc,heap     ] GC(546) Survivor regions: 36->36(36)
[2025-10-15T15:14:41.105-0700][1251][info ][gc,heap     ] GC(546) Old regions: 4893->4979
[2025-10-15T15:14:41.105-0700][1251][info ][gc,heap     ] GC(546) Humongous regions: 0->0
[2025-10-15T15:14:41.105-0700][1251][info ][gc,metaspace] GC(546) Metaspace: 306834K(311744K)->306834K(311744K) NonClass: 270851K(273536K)->270851K(273536K) Class: 35982K(38208K)->35982K(38208K)
[2025-10-15T15:14:41.105-0700][1251][info ][gc          ] GC(546) Pause Young (Normal) (G1 Evacuation Pause) 165775M->160476M(184320M) 345.857ms
[2025-10-15T15:14:41.106-0700][1251][info ][gc,cpu      ] GC(546) User=34.04s Sys=0.11s Real=0.34s
[2025-10-15T15:14:41.108-0700][1251][info ][safepoint   ] Safepoint "G1CollectForAllocation", Time since last: 268592633 ns, Reaching safepoint: 6419493 ns, Cleanup: 5088 ns, At safepoint: 350099309 ns, Total: 356523890 ns
[2025-10-15T15:14:41.520-0700][1251][info ][gc,start    ] GC(547) Pause Young (Normal) (G1 Evacuation Pause)
[2025-10-15T15:14:41.520-0700][1251][info ][gc,task     ] GC(547) Using 113 workers of 113 for evacuation
[2025-10-15T15:14:41.623-0700][1251][debug][gc,remset   ] GC(547) Visited cards 122575872 Total dirty 319881216 (38.32%) Total old 364052480 (33.67%)
[2025-10-15T15:14:41.881-0700][1251][info ][gc,mmu      ] GC(547) MMU target violated: 201.0ms (200.0ms/201.0ms)
[2025-10-15T15:14:41.881-0700][1251][info ][gc,phases   ] GC(547)   Pre Evacuate Collection Set: 0.9ms
[2025-10-15T15:14:41.881-0700][1251][info ][gc,phases   ] GC(547)   Merge Heap Roots: 102.2ms
[2025-10-15T15:14:41.881-0700][1251][info ][gc,phases   ] GC(547)   Evacuate Collection Set: 145.9ms
[2025-10-15T15:14:41.881-0700][1251][info ][gc,phases   ] GC(547)   Post Evacuate Collection Set: 111.7ms
[2025-10-15T15:14:41.881-0700][1251][info ][gc,phases   ] GC(547)   Other: 0.2ms
[2025-10-15T15:14:41.881-0700][1251][debug][gc,remset   ] GC(547) Coarsening (recent): Inline->AoC 47259 (113) AoC->Howl 1932 (134) Howl->Full 0 (0) Inline->AoC 10797 (110) AoC->BitMap 3879 (583) BitMap->Full 0 (0)
[2025-10-15T15:14:41.881-0700][1251][debug][gc,remset   ] GC(547) Coarsening (all): Inline->AoC 296346402 (94646) AoC->Howl 1373899 (218235) Howl->Full 0 (0) Inline->AoC 6318853 (68849) AoC->BitMap 1177202 (194084) BitMap->Full 24 (0)
[2025-10-15T15:14:41.881-0700][1251][info ][gc,heap     ] GC(547) Eden regions: 252->0(252)
[2025-10-15T15:14:41.881-0700][1251][info ][gc,heap     ] GC(547) Survivor regions: 36->36(36)
[2025-10-15T15:14:41.881-0700][1251][info ][gc,heap     ] GC(547) Old regions: 4979->5060
[2025-10-15T15:14:41.881-0700][1251][info ][gc,heap     ] GC(547) Humongous regions: 0->0
[2025-10-15T15:14:41.881-0700][1251][info ][gc,metaspace] GC(547) Metaspace: 306834K(311744K)->306834K(311744K) NonClass: 270851K(273536K)->270851K(273536K) Class: 35982K(38208K)->35982K(38208K)
[2025-10-15T15:14:41.881-0700][1251][info ][gc          ] GC(547) Pause Young (Normal) (G1 Evacuation Pause) 168540M->163069M(184320M) 361.066ms
[2025-10-15T15:14:41.882-0700][1251][info ][gc,cpu      ] GC(547) User=36.03s Sys=0.04s Real=0.36s
[2025-10-15T15:14:41.884-0700][1251][info ][safepoint   ] Safepoint "G1CollectForAllocation", Time since last: 406053303 ns, Reaching safepoint: 4585396 ns, Cleanup: 4908 ns, At safepoint: 365655505 ns, Total: 370245809 ns
[2025-10-15T15:14:42.361-0700][1251][info ][gc,start    ] GC(548) Pause Young (Normal) (G1 Evacuation Pause)
[2025-10-15T15:14:42.361-0700][1251][info ][gc,task     ] GC(548) Using 113 workers of 113 for evacuation
[2025-10-15T15:14:42.462-0700][1251][debug][gc,remset   ] GC(548) Visited cards 122459904 Total dirty 325189632 (37.66%) Total old 369360896 (33.15%)
[2025-10-15T15:14:42.717-0700][1251][info ][gc,mmu      ] GC(548) MMU target violated: 201.0ms (200.0ms/201.0ms)
[2025-10-15T15:14:42.717-0700][1251][info ][gc,phases   ] GC(548)   Pre Evacuate Collection Set: 0.7ms
[2025-10-15T15:14:42.717-0700][1251][info ][gc,phases   ] GC(548)   Merge Heap Roots: 100.3ms
[2025-10-15T15:14:42.717-0700][1251][info ][gc,phases   ] GC(548)   Evacuate Collection Set: 143.7ms
[2025-10-15T15:14:42.717-0700][1251][info ][gc,phases   ] GC(548)   Post Evacuate Collection Set: 111.9ms
[2025-10-15T15:14:42.717-0700][1251][info ][gc,phases   ] GC(548)   Other: 0.1ms
[2025-10-15T15:14:42.717-0700][1251][debug][gc,remset   ] GC(548) Coarsening (recent): Inline->AoC 85004 (120) AoC->Howl 2799 (232) Howl->Full 0 (0) Inline->AoC 15679 (220) AoC->BitMap 5939 (931) BitMap->Full 0 (0)
[2025-10-15T15:14:42.717-0700][1251][debug][gc,remset   ] GC(548) Coarsening (all): Inline->AoC 296431406 (94766) AoC->Howl 1376698 (218467) Howl->Full 0 (0) Inline->AoC 6334532 (69069) AoC->BitMap 1183141 (195015) BitMap->Full 24 (0)
[2025-10-15T15:14:42.717-0700][1251][info ][gc,heap     ] GC(548) Eden regions: 252->0(252)
[2025-10-15T15:14:42.718-0700][1251][info ][gc,heap     ] GC(548) Survivor regions: 36->36(36)
[2025-10-15T15:14:42.718-0700][1251][info ][gc,heap     ] GC(548) Old regions: 5060->5140
[2025-10-15T15:14:42.718-0700][1251][info ][gc,heap     ] GC(548) Humongous regions: 0->0
[2025-10-15T15:14:42.718-0700][1251][info ][gc,metaspace] GC(548) Metaspace: 306834K(311744K)->306834K(311744K) NonClass: 270851K(273536K)->270851K(273536K) Class: 35982K(38208K)->35982K(38208K)
[2025-10-15T15:14:42.718-0700][1251][info ][gc          ] GC(548) Pause Young (Normal) (G1 Evacuation Pause) 171133M->165622M(184320M) 356.978ms
[2025-10-15T15:14:42.719-0700][1251][info ][gc,cpu      ] GC(548) User=35.43s Sys=0.13s Real=0.36s
[2025-10-15T15:14:42.721-0700][1251][info ][safepoint   ] Safepoint "G1CollectForAllocation", Time since last: 468315540 ns, Reaching safepoint: 6989714 ns, Cleanup: 6179 ns, At safepoint: 361717655 ns, Total: 368713548 ns
[2025-10-15T15:14:43.338-0700][1251][info ][gc,start    ] GC(549) Pause Young (Normal) (G1 Evacuation Pause)
[2025-10-15T15:14:43.338-0700][1251][info ][gc,task     ] GC(549) Using 113 workers of 113 for evacuation
[2025-10-15T15:14:43.426-0700][1251][debug][gc,remset   ] GC(549) Visited cards 118340864 Total dirty 329515008 (35.91%) Total old 374669312 (31.59%)
[2025-10-15T15:14:43.673-0700][1251][info ][gc,mmu      ] GC(549) MMU target violated: 201.0ms (200.0ms/201.0ms)
[2025-10-15T15:14:43.673-0700][1251][info ][gc,phases   ] GC(549)   Pre Evacuate Collection Set: 1.9ms
[2025-10-15T15:14:43.673-0700][1251][info ][gc,phases   ] GC(549)   Merge Heap Roots: 85.3ms
[2025-10-15T15:14:43.673-0700][1251][info ][gc,phases   ] GC(549)   Evacuate Collection Set: 141.9ms
[2025-10-15T15:14:43.673-0700][1251][info ][gc,phases   ] GC(549)   Post Evacuate Collection Set: 105.4ms
[2025-10-15T15:14:43.673-0700][1251][info ][gc,phases   ] GC(549)   Other: 0.1ms
[2025-10-15T15:14:43.673-0700][1251][debug][gc,remset   ] GC(549) Coarsening (recent): Inline->AoC 128608 (206) AoC->Howl 4136 (806) Howl->Full 0 (0) Inline->AoC 21089 (401) AoC->BitMap 9020 (1436) BitMap->Full 0 (0)
[2025-10-15T15:14:43.673-0700][1251][debug][gc,remset   ] GC(549) Coarsening (all): Inline->AoC 296560014 (94972) AoC->Howl 1380834 (219273) Howl->Full 0 (0) Inline->AoC 6355621 (69470) AoC->BitMap 1192161 (196451) BitMap->Full 24 (0)
[2025-10-15T15:14:43.673-0700][1251][info ][gc,heap     ] GC(549) Eden regions: 252->0(252)
[2025-10-15T15:14:43.673-0700][1251][info ][gc,heap     ] GC(549) Survivor regions: 36->36(36)
[2025-10-15T15:14:43.673-0700][1251][info ][gc,heap     ] GC(549) Old regions: 5140->5216
[2025-10-15T15:14:43.673-0700][1251][info ][gc,heap     ] GC(549) Humongous regions: 1->1
[2025-10-15T15:14:43.673-0700][1251][info ][gc,metaspace] GC(549) Metaspace: 306834K(311744K)->306834K(311744K) NonClass: 270851K(273536K)->270851K(273536K) Class: 35982K(38208K)->35982K(38208K)
[2025-10-15T15:14:43.673-0700][1251][info ][gc          ] GC(549) Pause Young (Normal) (G1 Evacuation Pause) 173718M->168075M(184320M) 334.813ms
[2025-10-15T15:14:43.675-0700][1251][info ][gc,cpu      ] GC(549) User=32.46s Sys=0.45s Real=0.33s
[2025-10-15T15:14:43.677-0700][1251][info ][safepoint   ] Safepoint "G1CollectForAllocation", Time since last: 609132713 ns, Reaching safepoint: 6947780 ns, Cleanup: 5819 ns, At safepoint: 339871632 ns, Total: 346825231 ns
[2025-10-15T15:14:44.317-0700][1251][info ][gc,start    ] GC(550) Pause Young (Normal) (G1 Evacuation Pause)
[2025-10-15T15:14:44.318-0700][1251][info ][gc,task     ] GC(550) Using 113 workers of 113 for evacuation
[2025-10-15T15:14:44.401-0700][1251][debug][gc,remset   ] GC(550) Visited cards 115162880 Total dirty 335020032 (34.37%) Total old 379715584 (30.33%)
[2025-10-15T15:14:44.629-0700][1251][info ][gc,mmu      ] GC(550) MMU target violated: 201.0ms (200.0ms/201.0ms)
[2025-10-15T15:14:44.630-0700][1251][info ][gc,phases   ] GC(550)   Pre Evacuate Collection Set: 0.8ms
[2025-10-15T15:14:44.630-0700][1251][info ][gc,phases   ] GC(550)   Merge Heap Roots: 82.2ms
[2025-10-15T15:14:44.630-0700][1251][info ][gc,phases   ] GC(550)   Evacuate Collection Set: 133.8ms
[2025-10-15T15:14:44.630-0700][1251][info ][gc,phases   ] GC(550)   Post Evacuate Collection Set: 95.0ms
[2025-10-15T15:14:44.630-0700][1251][info ][gc,phases   ] GC(550)   Other: 0.1ms
[2025-10-15T15:14:44.630-0700][1251][debug][gc,remset   ] GC(550) Coarsening (recent): Inline->AoC 134215 (185) AoC->Howl 3307 (486) Howl->Full 0 (0) Inline->AoC 17973 (374) AoC->BitMap 9252 (1711) BitMap->Full 0 (0)
[2025-10-15T15:14:44.630-0700][1251][debug][gc,remset   ] GC(550) Coarsening (all): Inline->AoC 296694229 (95157) AoC->Howl 1384141 (219759) Howl->Full 0 (0) Inline->AoC 6373594 (69844) AoC->BitMap 1201413 (198162) BitMap->Full 24 (0)
[2025-10-15T15:14:44.630-0700][1251][info ][gc,heap     ] GC(550) Eden regions: 252->0(252)
[2025-10-15T15:14:44.630-0700][1251][info ][gc,heap     ] GC(550) Survivor regions: 36->36(36)
[2025-10-15T15:14:44.630-0700][1251][info ][gc,heap     ] GC(550) Old regions: 5216->5293
[2025-10-15T15:14:44.630-0700][1251][info ][gc,heap     ] GC(550) Humongous regions: 2->2
[2025-10-15T15:14:44.630-0700][1251][info ][gc,metaspace] GC(550) Metaspace: 306834K(311744K)->306834K(311744K) NonClass: 270851K(273536K)->270851K(273536K) Class: 35982K(38208K)->35982K(38208K)
[2025-10-15T15:14:44.630-0700][1251][info ][gc          ] GC(550) Pause Young (Normal) (G1 Evacuation Pause) 176171M->170592M(184320M) 312.152ms
[2025-10-15T15:14:44.631-0700][1251][info ][gc,cpu      ] GC(550) User=30.61s Sys=0.00s Real=0.32s
[2025-10-15T15:14:44.633-0700][1251][info ][safepoint   ] Safepoint "G1CollectForAllocation", Time since last: 630706876 ns, Reaching safepoint: 8444067 ns, Cleanup: 24988 ns, At safepoint: 316770646 ns, Total: 325239701 ns
[2025-10-15T15:14:45.266-0700][1251][info ][gc,start    ] GC(551) Pause Young (Normal) (G1 Evacuation Pause)
[2025-10-15T15:14:45.266-0700][1251][info ][gc,task     ] GC(551) Using 113 workers of 113 for evacuation
[2025-10-15T15:14:45.344-0700][1251][debug][gc,remset   ] GC(551) Visited cards 112178176 Total dirty 340393984 (32.96%) Total old 384761856 (29.16%)
[2025-10-15T15:14:45.563-0700][1251][info ][gc,mmu      ] GC(551) MMU target violated: 201.0ms (200.0ms/201.0ms)
[2025-10-15T15:14:45.563-0700][1251][info ][gc,phases   ] GC(551)   Pre Evacuate Collection Set: 0.7ms
[2025-10-15T15:14:45.563-0700][1251][info ][gc,phases   ] GC(551)   Merge Heap Roots: 76.7ms
[2025-10-15T15:14:45.563-0700][1251][info ][gc,phases   ] GC(551)   Evacuate Collection Set: 131.0ms
[2025-10-15T15:14:45.563-0700][1251][info ][gc,phases   ] GC(551)   Post Evacuate Collection Set: 88.1ms
[2025-10-15T15:14:45.563-0700][1251][info ][gc,phases   ] GC(551)   Other: 0.1ms
[2025-10-15T15:14:45.563-0700][1251][debug][gc,remset   ] GC(551) Coarsening (recent): Inline->AoC 128989 (137) AoC->Howl 3118 (409) Howl->Full 0 (0) Inline->AoC 15888 (281) AoC->BitMap 8063 (1413) BitMap->Full 0 (0)
[2025-10-15T15:14:45.563-0700][1251][debug][gc,remset   ] GC(551) Coarsening (all): Inline->AoC 296823218 (95294) AoC->Howl 1387259 (220168) Howl->Full 0 (0) Inline->AoC 6389482 (70125) AoC->BitMap 1209476 (199575) BitMap->Full 24 (0)
[2025-10-15T15:14:45.563-0700][1251][info ][gc,heap     ] GC(551) Eden regions: 252->0(252)
[2025-10-15T15:14:45.563-0700][1251][info ][gc,heap     ] GC(551) Survivor regions: 36->36(36)
[2025-10-15T15:14:45.563-0700][1251][info ][gc,heap     ] GC(551) Old regions: 5293->5364
[2025-10-15T15:14:45.563-0700][1251][info ][gc,heap     ] GC(551) Humongous regions: 2->1
[2025-10-15T15:14:45.563-0700][1251][info ][gc,metaspace] GC(551) Metaspace: 306837K(311744K)->306837K(311744K) NonClass: 270854K(273536K)->270854K(273536K) Class: 35982K(38208K)->35982K(38208K)
[2025-10-15T15:14:45.563-0700][1251][info ][gc          ] GC(551) Pause Young (Normal) (G1 Evacuation Pause) 178656M->172811M(184320M) 296.708ms
[2025-10-15T15:14:45.564-0700][1251][info ][gc,cpu      ] GC(551) User=28.48s Sys=0.09s Real=0.30s
[2025-10-15T15:14:45.570-0700][1251][info ][safepoint   ] Safepoint "G1CollectForAllocation", Time since last: 625031845 ns, Reaching safepoint: 7048583 ns, Cleanup: 5007 ns, At safepoint: 304780209 ns, Total: 311833799 ns
[2025-10-15T15:14:46.158-0700][1251][info ][gc,start    ] GC(552) Pause Young (Normal) (G1 Evacuation Pause)
[2025-10-15T15:14:46.158-0700][1251][info ][gc,task     ] GC(552) Using 113 workers of 113 for evacuation
[2025-10-15T15:14:46.233-0700][1251][debug][gc,remset   ] GC(552) Visited cards 109716736 Total dirty 344850432 (31.82%) Total old 389545984 (28.17%)
[2025-10-15T15:14:46.440-0700][1251][info ][gc,mmu      ] GC(552) MMU target violated: 201.0ms (200.0ms/201.0ms)
[2025-10-15T15:14:46.441-0700][1251][info ][gc,phases   ] GC(552)   Pre Evacuate Collection Set: 0.7ms
[2025-10-15T15:14:46.441-0700][1251][info ][gc,phases   ] GC(552)   Merge Heap Roots: 74.6ms
[2025-10-15T15:14:46.441-0700][1251][info ][gc,phases   ] GC(552)   Evacuate Collection Set: 127.6ms
[2025-10-15T15:14:46.441-0700][1251][info ][gc,phases   ] GC(552)   Post Evacuate Collection Set: 79.5ms
[2025-10-15T15:14:46.441-0700][1251][info ][gc,phases   ] GC(552)   Other: 0.1ms
[2025-10-15T15:14:46.441-0700][1251][debug][gc,remset   ] GC(552) Coarsening (recent): Inline->AoC 126105 (117) AoC->Howl 3040 (234) Howl->Full 0 (0) Inline->AoC 16666 (255) AoC->BitMap 6816 (935) BitMap->Full 0 (0)
[2025-10-15T15:14:46.441-0700][1251][debug][gc,remset   ] GC(552) Coarsening (all): Inline->AoC 296949323 (95411) AoC->Howl 1390299 (220402) Howl->Full 0 (0) Inline->AoC 6406148 (70380) AoC->BitMap 1216292 (200510) BitMap->Full 24 (0)
[2025-10-15T15:14:46.441-0700][1251][info ][gc,heap     ] GC(552) Eden regions: 252->0(220)
[2025-10-15T15:14:46.441-0700][1251][info ][gc,heap     ] GC(552) Survivor regions: 36->36(36)
[2025-10-15T15:14:46.441-0700][1251][info ][gc,heap     ] GC(552) Old regions: 5364->5466
[2025-10-15T15:14:46.441-0700][1251][info ][gc,heap     ] GC(552) Humongous regions: 4->2
[2025-10-15T15:14:46.441-0700][1251][info ][gc,metaspace] GC(552) Metaspace: 306865K(311744K)->306865K(311744K) NonClass: 270882K(273536K)->270882K(273536K) Class: 35982K(38208K)->35982K(38208K)
[2025-10-15T15:14:46.441-0700][1251][info ][gc          ] GC(552) Pause Young (Normal) (G1 Evacuation Pause) (Evacuation Failure) 180971M->176128M(184320M) 282.731ms
[2025-10-15T15:14:46.442-0700][1251][info ][gc,cpu      ] GC(552) User=26.71s Sys=0.01s Real=0.29s
[2025-10-15T15:14:46.445-0700][1251][info ][safepoint   ] Safepoint "G1CollectForAllocation", Time since last: 572949814 ns, Reaching safepoint: 13954259 ns, Cleanup: 13430 ns, At safepoint: 288322905 ns, Total: 302290594 ns
[2025-10-15T15:14:47.054-0700][1251][info ][gc,start    ] GC(553) Pause Young (Normal) (G1 Evacuation Pause)
[2025-10-15T15:14:47.054-0700][1251][info ][gc,task     ] GC(553) Using 113 workers of 113 for evacuation
[2025-10-15T15:14:47.104-0700][1251][debug][gc,remset   ] GC(553) Visited cards 95305984 Total dirty 348192768 (27.37%) Total old 392429568 (24.29%)
[2025-10-15T15:14:47.294-0700][1251][info ][gc,mmu      ] GC(553) MMU target violated: 201.0ms (200.0ms/201.0ms)
[2025-10-15T15:14:47.294-0700][1251][info ][gc,phases   ] GC(553)   Pre Evacuate Collection Set: 0.7ms
[2025-10-15T15:14:47.294-0700][1251][info ][gc,phases   ] GC(553)   Merge Heap Roots: 48.8ms
[2025-10-15T15:14:47.294-0700][1251][info ][gc,phases   ] GC(553)   Evacuate Collection Set: 101.3ms
[2025-10-15T15:14:47.294-0700][1251][info ][gc,phases   ] GC(553)   Post Evacuate Collection Set: 89.0ms
[2025-10-15T15:14:47.294-0700][1251][info ][gc,phases   ] GC(553)   Other: 0.1ms
[2025-10-15T15:14:47.294-0700][1251][debug][gc,remset   ] GC(553) Coarsening (recent): Inline->AoC 157898 (264) AoC->Howl 4632 (715) Howl->Full 0 (0) Inline->AoC 25351 (510) AoC->BitMap 9663 (1892) BitMap->Full 1 (0)
[2025-10-15T15:14:47.294-0700][1251][debug][gc,remset   ] GC(553) Coarsening (all): Inline->AoC 297107221 (95675) AoC->Howl 1394931 (221117) Howl->Full 0 (0) Inline->AoC 6431499 (70890) AoC->BitMap 1225955 (202402) BitMap->Full 25 (0)
[2025-10-15T15:14:47.294-0700][1251][info ][gc,heap     ] GC(553) Eden regions: 220->0(0)
[2025-10-15T15:14:47.294-0700][1251][info ][gc,heap     ] GC(553) Survivor regions: 36->13(28)
[2025-10-15T15:14:47.294-0700][1251][info ][gc,heap     ] GC(553) Old regions: 5466->5737
[2025-10-15T15:14:47.294-0700][1251][info ][gc,heap     ] GC(553) Humongous regions: 10->4
[2025-10-15T15:14:47.294-0700][1251][info ][gc,metaspace] GC(553) Metaspace: 307055K(311936K)->307055K(311936K) NonClass: 271072K(273728K)->271072K(273728K) Class: 35982K(38208K)->35982K(38208K)
[2025-10-15T15:14:47.294-0700][1251][info ][gc          ] GC(553) Pause Young (Normal) (G1 Evacuation Pause) (Evacuation Failure) 183424M->184128M(184320M) 240.105ms
[2025-10-15T15:14:47.296-0700][1251][info ][gc,cpu      ] GC(553) User=21.99s Sys=0.11s Real=0.24s
[2025-10-15T15:14:47.296-0700][1251][info ][gc,ergo     ] Attempting full compaction
[2025-10-15T15:14:47.296-0700][1251][info ][gc,start    ] GC(554) Pause Full (G1 Compaction Pause)
[2025-10-15T15:14:47.296-0700][1251][info ][gc,task     ] GC(554) Using 113 workers of 113 for full compaction
[2025-10-15T15:14:47.323-0700][1251][info ][gc,phases,start] GC(554) Phase 1: Mark live objects
[2025-10-15T15:14:48.169-0700][1251][info ][gc,phases      ] GC(554) Phase 1: Mark live objects 845.639ms
[2025-10-15T15:14:48.169-0700][1251][info ][gc,phases,start] GC(554) Phase 2: Prepare compaction
[2025-10-15T15:14:48.493-0700][1251][info ][gc,phases      ] GC(554) Phase 2: Prepare compaction 324.475ms
[2025-10-15T15:14:48.493-0700][1251][info ][gc,phases,start] GC(554) Phase 3: Adjust pointers
[2025-10-15T15:14:48.832-0700][1251][info ][gc,phases      ] GC(554) Phase 3: Adjust pointers 338.875ms
[2025-10-15T15:14:48.832-0700][1251][info ][gc,phases,start] GC(554) Phase 4: Compact heap
[2025-10-15T15:14:49.542-0700][1251][info ][gc,phases      ] GC(554) Phase 4: Compact heap 709.767ms
[2025-10-15T15:14:49.542-0700][1251][info ][gc,phases,start] GC(554) Phase 5: Reset Metadata
[2025-10-15T15:14:49.557-0700][1251][info ][gc,phases      ] GC(554) Phase 5: Reset Metadata 14.755ms
[2025-10-15T15:14:50.239-0700][1251][debug][gc,remset      ] GC(554) Coarsening (recent): Inline->AoC 0 (0) AoC->Howl 0 (0) Howl->Full 0 (0) Inline->AoC 0 (0) AoC->BitMap 0 (0) BitMap->Full 0 (0)
[2025-10-15T15:14:50.239-0700][1251][debug][gc,remset      ] GC(554) Coarsening (all): Inline->AoC 297107221 (95675) AoC->Howl 1394931 (221117) Howl->Full 0 (0) Inline->AoC 6431499 (70890) AoC->BitMap 1225955 (202402) BitMap->Full 25 (0)
[2025-10-15T15:14:50.239-0700][1251][info ][gc,heap        ] GC(554) Eden regions: 0->0(288)
[2025-10-15T15:14:50.239-0700][1251][info ][gc,heap        ] GC(554) Survivor regions: 13->0(28)
[2025-10-15T15:14:50.239-0700][1251][info ][gc,heap        ] GC(554) Old regions: 5737->1622
[2025-10-15T15:14:50.239-0700][1251][info ][gc,heap        ] GC(554) Humongous regions: 4->0
[2025-10-15T15:14:50.239-0700][1251][info ][gc,metaspace   ] GC(554) Metaspace: 307055K(311936K)->305956K(311936K) NonClass: 271072K(273728K)->270244K(273728K) Class: 35982K(38208K)->35711K(38208K)
[2025-10-15T15:14:50.239-0700][1251][info ][gc             ] GC(554) Pause Full (G1 Compaction Pause) 184128M->50016M(184320M) 2942.942ms
[2025-10-15T15:14:50.240-0700][1251][info ][gc,cpu         ] GC(554) User=192.74s Sys=20.79s Real=2.95s
[2025-10-15T15:14:50.242-0700][1251][info ][safepoint      ] Safepoint "G1CollectForAllocation", Time since last: 602408039 ns, Reaching safepoint: 5588239 ns, Cleanup: 28643 ns, At safepoint: 3189534394 ns, Total: 3195151276 ns
[2025-10-15T15:14:50.244-0700][1134][info ][gc,marking     ] GC(522) Concurrent Rebuild Remembered Sets and Scrub Regions 27575.118ms
[2025-10-15T15:14:50.244-0700][1134][info ][gc,marking     ] GC(522) Concurrent Mark Abort
[2025-10-15T15:14:50.244-0700][1134][info ][gc             ] GC(522) Concurrent Mark Cycle 30596.177ms
[2025-10-15T15:14:51.057-0700][1251][info ][gc,start       ] GC(555) Pause Young (Normal) (G1 Evacuation Pause)
[2025-10-15T15:14:51.057-0700][1251][info ][gc,task        ] GC(555) Using 113 workers of 113 for evacuation
[2025-10-15T15:14:51.082-0700][1251][debug][gc,remset      ] GC(555) Visited cards 49254656 Total dirty 106037248 (46.45%) Total old 185073664 (26.61%)
[2025-10-15T15:14:51.241-0700][1251][info ][gc,phases      ] GC(555)   Pre Evacuate Collection Set: 1.0ms
[2025-10-15T15:14:51.241-0700][1251][info ][gc,phases      ] GC(555)   Merge Heap Roots: 24.1ms
[2025-10-15T15:14:51.241-0700][1251][info ][gc,phases      ] GC(555)   Evacuate Collection Set: 140.2ms
[2025-10-15T15:14:51.241-0700][1251][info ][gc,phases      ] GC(555)   Post Evacuate Collection Set: 18.6ms
[2025-10-15T15:14:51.241-0700][1251][info ][gc,phases      ] GC(555)   Other: 0.1ms
[2025-10-15T15:14:51.241-0700][1251][debug][gc,remset      ] GC(555) Coarsening (recent): Inline->AoC 153854 (945) AoC->Howl 0 (0) Howl->Full 0 (0) Inline->AoC 0 (0) AoC->BitMap 0 (0) BitMap->Full 0 (0)
[2025-10-15T15:14:51.241-0700][1251][debug][gc,remset      ] GC(555) Coarsening (all): Inline->AoC 297261075 (96620) AoC->Howl 1394931 (221117) Howl->Full 0 (0) Inline->AoC 6431499 (70890) AoC->BitMap 1225955 (202402) BitMap->Full 25 (0)
[2025-10-15T15:14:51.241-0700][1251][info ][gc,heap        ] GC(555) Eden regions: 599->0(213)
[2025-10-15T15:14:51.241-0700][1251][info ][gc,heap        ] GC(555) Survivor regions: 0->75(75)
[2025-10-15T15:14:51.241-0700][1251][info ][gc,heap        ] GC(555) Old regions: 1622->1669
[2025-10-15T15:14:51.241-0700][1251][info ][gc,heap        ] GC(555) Humongous regions: 4->0
[2025-10-15T15:14:51.241-0700][1251][info ][gc,metaspace   ] GC(555) Metaspace: 306003K(311936K)->306003K(311936K) NonClass: 270275K(273728K)->270275K(273728K) Class: 35728K(38208K)->35728K(38208K)
[2025-10-15T15:14:51.241-0700][1251][info ][gc             ] GC(555) Pause Young (Normal) (G1 Evacuation Pause) 69312M->53919M(184320M) 184.201ms
[2025-10-15T15:14:51.242-0700][1251][info ][gc,cpu         ] GC(555) User=15.76s Sys=0.07s Real=0.19s
[2025-10-15T15:14:51.244-0700][1251][info ][safepoint      ] Safepoint "G1CollectForAllocation", Time since last: 811826522 ns, Reaching safepoint: 1090475 ns, Cleanup: 202195 ns, At safepoint: 188299696 ns, Total: 189592366 ns
[2025-10-15T15:14:51.921-0700][1251][info ][gc,start       ] GC(556) Pause Young (Normal) (G1 Evacuation Pause)
[2025-10-15T15:14:51.921-0700][1251][info ][gc,task        ] GC(556) Using 113 workers of 113 for evacuation
[2025-10-15T15:14:51.938-0700][1251][debug][gc,remset      ] GC(556) Visited cards 52993280 Total dirty 109117440 (48.57%) Total old 182321152 (29.07%)
[2025-10-15T15:14:52.096-0700][1251][info ][gc,phases      ] GC(556)   Pre Evacuate Collection Set: 1.0ms
[2025-10-15T15:14:52.096-0700][1251][info ][gc,phases      ] GC(556)   Merge Heap Roots: 15.3ms
[2025-10-15T15:14:52.096-0700][1251][info ][gc,phases      ] GC(556)   Evacuate Collection Set: 145.0ms
[2025-10-15T15:14:52.096-0700][1251][info ][gc,phases      ] GC(556)   Post Evacuate Collection Set: 12.8ms
[2025-10-15T15:14:52.096-0700][1251][info ][gc,phases      ] GC(556)   Other: 0.1ms
[2025-10-15T15:14:52.096-0700][1251][debug][gc,remset      ] GC(556) Coarsening (recent): Inline->AoC 104644 (485) AoC->Howl 4115 (2139) Howl->Full 0 (0) Inline->AoC 9897 (649) AoC->BitMap 2410 (815) BitMap->Full 0 (0)
[2025-10-15T15:14:52.096-0700][1251][debug][gc,remset      ] GC(556) Coarsening (all): Inline->AoC 297365719 (97105) AoC->Howl 1399046 (223256) Howl->Full 0 (0) Inline->AoC 6441396 (71539) AoC->BitMap 1228365 (203217) BitMap->Full 25 (0)
[2025-10-15T15:14:52.096-0700][1251][info ][gc,heap        ] GC(556) Eden regions: 478->0(218)
[2025-10-15T15:14:52.096-0700][1251][info ][gc,heap        ] GC(556) Survivor regions: 75->70(70)
[2025-10-15T15:14:52.096-0700][1251][info ][gc,heap        ] GC(556) Old regions: 1669->1740
[2025-10-15T15:14:52.096-0700][1251][info ][gc,heap        ] GC(556) Humongous regions: 7->0
[2025-10-15T15:14:52.096-0700][1251][info ][gc,metaspace   ] GC(556) Metaspace: 306075K(311936K)->306075K(311936K) NonClass: 270347K(273728K)->270347K(273728K) Class: 35728K(38208K)->35728K(38208K)
[2025-10-15T15:14:52.096-0700][1251][info ][gc             ] GC(556) Pause Young (Normal) (G1 Evacuation Pause) 69439M->56017M(184320M) 174.377ms
[2025-10-15T15:14:52.097-0700][1251][info ][gc,cpu         ] GC(556) User=14.72s Sys=0.05s Real=0.17s
[2025-10-15T15:14:52.098-0700][1251][info ][safepoint      ] Safepoint "G1CollectForAllocation", Time since last: 674934681 ns, Reaching safepoint: 1202634 ns, Cleanup: 42084 ns, At safepoint: 178471211 ns, Total: 179715929 ns
[2025-10-15T15:14:52.584-0700][1251][info ][gc,start       ] GC(557) Pause Young (Normal) (G1 Evacuation Pause)
[2025-10-15T15:14:52.584-0700][1251][info ][gc,task        ] GC(557) Using 113 workers of 113 for evacuation
[2025-10-15T15:14:52.599-0700][1251][debug][gc,remset      ] GC(557) Visited cards 48562688 Total dirty 113770496 (42.68%) Total old 174915584 (27.76%)
[2025-10-15T15:14:52.737-0700][1251][info ][gc,phases      ] GC(557)   Pre Evacuate Collection Set: 0.8ms
[2025-10-15T15:14:52.737-0700][1251][info ][gc,phases      ] GC(557)   Merge Heap Roots: 14.0ms
[2025-10-15T15:14:52.737-0700][1251][info ][gc,phases      ] GC(557)   Evacuate Collection Set: 126.8ms
[2025-10-15T15:14:52.737-0700][1251][info ][gc,phases      ] GC(557)   Post Evacuate Collection Set: 11.1ms
[2025-10-15T15:14:52.737-0700][1251][info ][gc,phases      ] GC(557)   Other: 0.1ms
[2025-10-15T15:14:52.737-0700][1251][debug][gc,remset      ] GC(557) Coarsening (recent): Inline->AoC 74098 (431) AoC->Howl 3206 (1774) Howl->Full 0 (0) Inline->AoC 8371 (486) AoC->BitMap 923 (267) BitMap->Full 0 (0)
[2025-10-15T15:14:52.737-0700][1251][debug][gc,remset      ] GC(557) Coarsening (all): Inline->AoC 297439817 (97536) AoC->Howl 1402252 (225030) Howl->Full 0 (0) Inline->AoC 6449767 (72025) AoC->BitMap 1229288 (203484) BitMap->Full 25 (0)
[2025-10-15T15:14:52.737-0700][1251][info ][gc,heap        ] GC(557) Eden regions: 387->0(230)
[2025-10-15T15:14:52.737-0700][1251][info ][gc,heap        ] GC(557) Survivor regions: 70->58(58)
[2025-10-15T15:14:52.737-0700][1251][info ][gc,heap        ] GC(557) Old regions: 1740->1804
[2025-10-15T15:14:52.737-0700][1251][info ][gc,heap        ] GC(557) Humongous regions: 15->3
[2025-10-15T15:14:52.737-0700][1251][info ][gc,metaspace   ] GC(557) Metaspace: 306085K(311936K)->306085K(311936K) NonClass: 270357K(273728K)->270357K(273728K) Class: 35728K(38208K)->35728K(38208K)
[2025-10-15T15:14:52.737-0700][1251][info ][gc             ] GC(557) Pause Young (Normal) (G1 Evacuation Pause) 68881M->57792M(184320M) 152.995ms
[2025-10-15T15:14:52.739-0700][1251][info ][gc,cpu         ] GC(557) User=11.50s Sys=0.12s Real=0.16s
[2025-10-15T15:14:52.740-0700][1251][info ][safepoint      ] Safepoint "G1CollectForAllocation", Time since last: 482649331 ns, Reaching safepoint: 1523038 ns, Cleanup: 46610 ns, At safepoint: 157008867 ns, Total: 158578515 ns
[2025-10-15T15:14:53.448-0700][1251][info ][gc,start       ] GC(558) Pause Young (Normal) (G1 Evacuation Pause)
[2025-10-15T15:14:53.448-0700][1251][info ][gc,task        ] GC(558) Using 113 workers of 113 for evacuation
[2025-10-15T15:14:53.466-0700][1251][debug][gc,remset      ] GC(558) Visited cards 43226624 Total dirty 117833728 (36.68%) Total old 198508544 (21.78%)
[2025-10-15T15:14:53.612-0700][1251][info ][gc,phases      ] GC(558)   Pre Evacuate Collection Set: 0.8ms
[2025-10-15T15:14:53.612-0700][1251][info ][gc,phases      ] GC(558)   Merge Heap Roots: 16.4ms
[2025-10-15T15:14:53.612-0700][1251][info ][gc,phases      ] GC(558)   Evacuate Collection Set: 131.4ms
[2025-10-15T15:14:53.612-0700][1251][info ][gc,phases      ] GC(558)   Post Evacuate Collection Set: 14.8ms
[2025-10-15T15:14:53.612-0700][1251][info ][gc,phases      ] GC(558)   Other: 0.1ms
[2025-10-15T15:14:53.612-0700][1251][debug][gc,remset      ] GC(558) Coarsening (recent): Inline->AoC 119171 (323) AoC->Howl 1644 (854) Howl->Full 0 (0) Inline->AoC 4734 (202) AoC->BitMap 565 (177) BitMap->Full 0 (0)
[2025-10-15T15:14:53.612-0700][1251][debug][gc,remset      ] GC(558) Coarsening (all): Inline->AoC 297558988 (97859) AoC->Howl 1403896 (225884) Howl->Full 0 (0) Inline->AoC 6454501 (72227) AoC->BitMap 1229853 (203661) BitMap->Full 25 (0)
[2025-10-15T15:14:53.612-0700][1251][info ][gc,heap        ] GC(558) Eden regions: 543->0(212)
[2025-10-15T15:14:53.612-0700][1251][info ][gc,heap        ] GC(558) Survivor regions: 58->76(76)
[2025-10-15T15:14:53.612-0700][1251][info ][gc,heap        ] GC(558) Old regions: 1804->1843
[2025-10-15T15:14:53.612-0700][1251][info ][gc,heap        ] GC(558) Humongous regions: 23->2
[2025-10-15T15:14:53.612-0700][1251][info ][gc,metaspace   ] GC(558) Metaspace: 306099K(311936K)->306099K(311936K) NonClass: 270369K(273728K)->270369K(273728K) Class: 35729K(38208K)->35729K(38208K)
[2025-10-15T15:14:53.612-0700][1251][info ][gc             ] GC(558) Pause Young (Normal) (G1 Evacuation Pause) 75808M->59558M(184320M) 163.843ms
[2025-10-15T15:14:53.613-0700][1251][info ][gc,cpu         ] GC(558) User=13.10s Sys=0.16s Real=0.16s
[2025-10-15T15:14:53.614-0700][1251][info ][safepoint      ] Safepoint "G1CollectForAllocation", Time since last: 701498209 ns, Reaching safepoint: 5537463 ns, Cleanup: 20150 ns, At safepoint: 167659913 ns, Total: 173217526 ns
[2025-10-15T15:14:54.272-0700][1251][info ][gc,start       ] GC(559) Pause Young (Normal) (G1 Evacuation Pause)
[2025-10-15T15:14:54.272-0700][1251][info ][gc,task        ] GC(559) Using 113 workers of 113 for evacuation
[2025-10-15T15:14:54.289-0700][1251][debug][gc,remset      ] GC(559) Visited cards 41468928 Total dirty 120127488 (34.52%) Total old 196149248 (21.14%)
[2025-10-15T15:14:54.440-0700][1251][info ][gc,phases      ] GC(559)   Pre Evacuate Collection Set: 0.7ms
[2025-10-15T15:14:54.440-0700][1251][info ][gc,phases      ] GC(559)   Merge Heap Roots: 16.6ms
[2025-10-15T15:14:54.440-0700][1251][info ][gc,phases      ] GC(559)   Evacuate Collection Set: 137.3ms
[2025-10-15T15:14:54.440-0700][1251][info ][gc,phases      ] GC(559)   Post Evacuate Collection Set: 13.6ms
[2025-10-15T15:14:54.440-0700][1251][info ][gc,phases      ] GC(559)   Other: 0.1ms
[2025-10-15T15:14:54.440-0700][1251][debug][gc,remset      ] GC(559) Coarsening (recent): Inline->AoC 142793 (326) AoC->Howl 2193 (1087) Howl->Full 0 (0) Inline->AoC 6224 (293) AoC->BitMap 1088 (380) BitMap->Full 0 (0)
[2025-10-15T15:14:54.440-0700][1251][debug][gc,remset      ] GC(559) Coarsening (all): Inline->AoC 297701781 (98185) AoC->Howl 1406089 (226971) Howl->Full 0 (0) Inline->AoC 6460725 (72520) AoC->BitMap 1230941 (204041) BitMap->Full 25 (0)
[2025-10-15T15:14:54.440-0700][1251][info ][gc,heap        ] GC(559) Eden regions: 495->0(221)
[2025-10-15T15:14:54.440-0700][1251][info ][gc,heap        ] GC(559) Survivor regions: 76->72(72)
[2025-10-15T15:14:54.440-0700][1251][info ][gc,heap        ] GC(559) Old regions: 1843->1891
[2025-10-15T15:14:54.440-0700][1251][info ][gc,heap        ] GC(559) Humongous regions: 8->3
[2025-10-15T15:14:54.440-0700][1251][info ][gc,metaspace   ] GC(559) Metaspace: 306138K(311936K)->306138K(311936K) NonClass: 270409K(273728K)->270409K(273728K) Class: 35729K(38208K)->35729K(38208K)
[2025-10-15T15:14:54.440-0700][1251][info ][gc             ] GC(559) Pause Young (Normal) (G1 Evacuation Pause) 75590M->61016M(184320M) 168.468ms
[2025-10-15T15:14:54.441-0700][1251][info ][gc,cpu         ] GC(559) User=13.52s Sys=0.23s Real=0.17s
[2025-10-15T15:14:54.443-0700][1251][info ][safepoint      ] Safepoint "G1CollectForAllocation", Time since last: 649698043 ns, Reaching safepoint: 6147393 ns, Cleanup: 5478 ns, At safepoint: 172662269 ns, Total: 178815140 ns
[2025-10-15T15:14:55.468-0700][1251][info ][safepoint      ] Safepoint "Cleanup", Time since last: 1000101832 ns, Reaching safepoint: 24551624 ns, Cleanup: 34432 ns, At safepoint: 393654 ns, Total: 24979710 ns
[2025-10-15T15:14:55.471-0700][1251][info ][gc,start       ] GC(560) Pause Young (Normal) (G1 Evacuation Pause)
[2025-10-15T15:14:55.471-0700][1251][info ][gc,task        ] GC(560) Using 113 workers of 113 for evacuation
[2025-10-15T15:14:55.487-0700][1251][debug][gc,remset      ] GC(560) Visited cards 40157952 Total dirty 123207680 (32.59%) Total old 212271104 (18.92%)
[2025-10-15T15:14:55.643-0700][1251][info ][gc,phases      ] GC(560)   Pre Evacuate Collection Set: 0.7ms
[2025-10-15T15:14:55.643-0700][1251][info ][gc,phases      ] GC(560)   Merge Heap Roots: 15.2ms
[2025-10-15T15:14:55.643-0700][1251][info ][gc,phases      ] GC(560)   Evacuate Collection Set: 142.7ms
[2025-10-15T15:14:55.643-0700][1251][info ][gc,phases      ] GC(560)   Post Evacuate Collection Set: 13.4ms
[2025-10-15T15:14:55.643-0700][1251][info ][gc,phases      ] GC(560)   Other: 0.1ms
[2025-10-15T15:14:55.643-0700][1251][debug][gc,remset      ] GC(560) Coarsening (recent): Inline->AoC 246632 (395) AoC->Howl 1973 (975) Howl->Full 0 (0) Inline->AoC 5581 (253) AoC->BitMap 1058 (387) BitMap->Full 0 (0)
[2025-10-15T15:14:55.643-0700][1251][debug][gc,remset      ] GC(560) Coarsening (all): Inline->AoC 297948413 (98580) AoC->Howl 1408062 (227946) Howl->Full 0 (0) Inline->AoC 6466306 (72773) AoC->BitMap 1231999 (204428) BitMap->Full 25 (0)
[2025-10-15T15:14:55.643-0700][1251][info ][gc,heap        ] GC(560) Eden regions: 599->0(393)
[2025-10-15T15:14:55.643-0700][1251][info ][gc,heap        ] GC(560) Survivor regions: 72->84(84)
[2025-10-15T15:14:55.643-0700][1251][info ][gc,heap        ] GC(560) Old regions: 1891->1931
[2025-10-15T15:14:55.643-0700][1251][info ][gc,heap        ] GC(560) Humongous regions: 6->3
[2025-10-15T15:14:55.643-0700][1251][info ][gc,metaspace   ] GC(560) Metaspace: 306175K(311936K)->306175K(311936K) NonClass: 270446K(273728K)->270446K(273728K) Class: 35729K(38208K)->35729K(38208K)
[2025-10-15T15:14:55.643-0700][1251][info ][gc             ] GC(560) Pause Young (Normal) (G1 Evacuation Pause) 80280M->62663M(184320M) 172.206ms
[2025-10-15T15:14:55.645-0700][1251][info ][gc,cpu         ] GC(560) User=13.95s Sys=0.22s Real=0.17s
[2025-10-15T15:14:55.646-0700][1251][info ][safepoint      ] Safepoint "G1CollectForAllocation", Time since last: 71117 ns, Reaching safepoint: 1645733 ns, Cleanup: 1983 ns, At safepoint: 176382911 ns, Total: 178030627 ns
[2025-10-15T15:14:56.779-0700][1251][info ][gc,start       ] GC(561) Pause Young (Normal) (G1 Evacuation Pause)
[2025-10-15T15:14:56.779-0700][1251][info ][gc,task        ] GC(561) Using 113 workers of 113 for evacuation
[2025-10-15T15:14:56.795-0700][1251][debug][gc,remset      ] GC(561) Visited cards 37048832 Total dirty 125566976 (29.51%) Total old 225181696 (16.45%)
[2025-10-15T15:14:56.955-0700][1251][info ][gc,phases      ] GC(561)   Pre Evacuate Collection Set: 0.8ms
[2025-10-15T15:14:56.955-0700][1251][info ][gc,phases      ] GC(561)   Merge Heap Roots: 14.9ms
[2025-10-15T15:14:56.955-0700][1251][info ][gc,phases      ] GC(561)   Evacuate Collection Set: 147.1ms
[2025-10-15T15:14:56.955-0700][1251][info ][gc,phases      ] GC(561)   Post Evacuate Collection Set: 13.4ms
[2025-10-15T15:14:56.955-0700][1251][info ][gc,phases      ] GC(561)   Other: 0.1ms
[2025-10-15T15:14:56.955-0700][1251][debug][gc,remset      ] GC(561) Coarsening (recent): Inline->AoC 295923 (415) AoC->Howl 1803 (921) Howl->Full 0 (0) Inline->AoC 4634 (234) AoC->BitMap 1077 (447) BitMap->Full 0 (0)
[2025-10-15T15:14:56.955-0700][1251][debug][gc,remset      ] GC(561) Coarsening (all): Inline->AoC 298244336 (98995) AoC->Howl 1409865 (228867) Howl->Full 0 (0) Inline->AoC 6470940 (73007) AoC->BitMap 1233076 (204875) BitMap->Full 25 (0)
[2025-10-15T15:14:56.955-0700][1251][info ][gc,heap        ] GC(561) Eden regions: 667->0(501)
[2025-10-15T15:14:56.955-0700][1251][info ][gc,heap        ] GC(561) Survivor regions: 84->94(94)
[2025-10-15T15:14:56.955-0700][1251][info ][gc,heap        ] GC(561) Old regions: 1931->1966
[2025-10-15T15:14:56.955-0700][1251][info ][gc,heap        ] GC(561) Humongous regions: 3->3
[2025-10-15T15:14:56.955-0700][1251][info ][gc,metaspace   ] GC(561) Metaspace: 306175K(311936K)->306175K(311936K) NonClass: 270446K(273728K)->270446K(273728K) Class: 35729K(38208K)->35729K(38208K)
[2025-10-15T15:14:56.955-0700][1251][info ][gc             ] GC(561) Pause Young (Normal) (G1 Evacuation Pause) 84007M->64104M(184320M) 176.483ms
[2025-10-15T15:14:56.957-0700][1251][info ][gc,cpu         ] GC(561) User=14.28s Sys=0.25s Real=0.17s
[2025-10-15T15:14:56.958-0700][1251][info ][safepoint      ] Safepoint "G1CollectForAllocation", Time since last: 1121601244 ns, Reaching safepoint: 9840104 ns, Cleanup: 5648 ns, At safepoint: 180373661 ns, Total: 190219413 ns
[2025-10-15T15:14:57.960-0700][1251][info ][safepoint      ] Safepoint "Cleanup", Time since last: 1000095542 ns, Reaching safepoint: 1099088 ns, Cleanup: 13060 ns, At safepoint: 425351 ns, Total: 1537499 ns
[2025-10-15T15:14:58.191-0700][1251][info ][gc,start       ] GC(562) Pause Young (Normal) (G1 Evacuation Pause)
[2025-10-15T15:14:58.191-0700][1251][info ][gc,task        ] GC(562) Using 113 workers of 113 for evacuation
[2025-10-15T15:14:58.206-0700][1251][debug][gc,remset      ] GC(562) Visited cards 33339648 Total dirty 127598592 (26.13%) Total old 235077632 (14.18%)
[2025-10-15T15:14:58.352-0700][1251][info ][gc,phases      ] GC(562)   Pre Evacuate Collection Set: 0.7ms
[2025-10-15T15:14:58.352-0700][1251][info ][gc,phases      ] GC(562)   Merge Heap Roots: 14.2ms
[2025-10-15T15:14:58.352-0700][1251][info ][gc,phases      ] GC(562)   Evacuate Collection Set: 131.5ms
[2025-10-15T15:14:58.352-0700][1251][info ][gc,phases      ] GC(562)   Post Evacuate Collection Set: 14.1ms
[2025-10-15T15:14:58.352-0700][1251][info ][gc,phases      ] GC(562)   Other: 0.1ms
[2025-10-15T15:14:58.352-0700][1251][debug][gc,remset      ] GC(562) Coarsening (recent): Inline->AoC 338165 (349) AoC->Howl 1717 (822) Howl->Full 0 (0) Inline->AoC 4778 (210) AoC->BitMap 983 (386) BitMap->Full 0 (0)
[2025-10-15T15:14:58.352-0700][1251][debug][gc,remset      ] GC(562) Coarsening (all): Inline->AoC 298582501 (99344) AoC->Howl 1411582 (229689) Howl->Full 0 (0) Inline->AoC 6475718 (73217) AoC->BitMap 1234059 (205261) BitMap->Full 25 (0)
[2025-10-15T15:14:58.352-0700][1251][info ][gc,heap        ] GC(562) Eden regions: 715->0(618)
[2025-10-15T15:14:58.352-0700][1251][info ][gc,heap        ] GC(562) Survivor regions: 94->102(102)
[2025-10-15T15:14:58.352-0700][1251][info ][gc,heap        ] GC(562) Old regions: 1966->1982
[2025-10-15T15:14:58.352-0700][1251][info ][gc,heap        ] GC(562) Humongous regions: 3->3
[2025-10-15T15:14:58.352-0700][1251][info ][gc,metaspace   ] GC(562) Metaspace: 306175K(311936K)->306175K(311936K) NonClass: 270446K(273728K)->270446K(273728K) Class: 35729K(38208K)->35729K(38208K)
[2025-10-15T15:14:58.352-0700][1251][info ][gc             ] GC(562) Pause Young (Normal) (G1 Evacuation Pause) 86984M->64867M(184320M) 160.803ms
[2025-10-15T15:14:58.353-0700][1251][info ][gc,cpu         ] GC(562) User=13.26s Sys=0.08s Real=0.16s
[2025-10-15T15:14:58.355-0700][1251][info ][safepoint      ] Safepoint "G1CollectForAllocation", Time since last: 223295025 ns, Reaching safepoint: 7051216 ns, Cleanup: 6420 ns, At safepoint: 164838587 ns, Total: 171896223 ns
[2025-10-15T15:14:59.356-0700][1251][info ][safepoint      ] Safepoint "Cleanup", Time since last: 1000083814 ns, Reaching safepoint: 1015272 ns, Cleanup: 10396 ns, At safepoint: 368686 ns, Total: 1394354 ns
[2025-10-15T15:14:59.743-0700][1251][info ][gc,start       ] GC(563) Pause Young (Normal) (G1 Evacuation Pause)
[2025-10-15T15:14:59.743-0700][1251][info ][gc,task        ] GC(563) Using 113 workers of 113 for evacuation
[2025-10-15T15:14:59.759-0700][1251][debug][gc,remset      ] GC(563) Visited cards 33467648 Total dirty 128778240 (25.99%) Total old 246087680 (13.60%)
[2025-10-15T15:14:59.899-0700][1251][info ][gc,phases      ] GC(563)   Pre Evacuate Collection Set: 0.7ms
[2025-10-15T15:14:59.899-0700][1251][info ][gc,phases      ] GC(563)   Merge Heap Roots: 14.7ms
[2025-10-15T15:14:59.899-0700][1251][info ][gc,phases      ] GC(563)   Evacuate Collection Set: 126.0ms
[2025-10-15T15:14:59.899-0700][1251][info ][gc,phases      ] GC(563)   Post Evacuate Collection Set: 13.6ms
[2025-10-15T15:14:59.899-0700][1251][info ][gc,phases      ] GC(563)   Other: 0.1ms
[2025-10-15T15:14:59.899-0700][1251][debug][gc,remset      ] GC(563) Coarsening (recent): Inline->AoC 352536 (352) AoC->Howl 1966 (1032) Howl->Full 0 (0) Inline->AoC 4952 (286) AoC->BitMap 1191 (415) BitMap->Full 0 (0)
[2025-10-15T15:14:59.899-0700][1251][debug][gc,remset      ] GC(563) Coarsening (all): Inline->AoC 298935037 (99696) AoC->Howl 1413548 (230721) Howl->Full 0 (0) Inline->AoC 6480670 (73503) AoC->BitMap 1235250 (205676) BitMap->Full 25 (0)
[2025-10-15T15:14:59.899-0700][1251][info ][gc,heap        ] GC(563) Eden regions: 783->0(752)
[2025-10-15T15:14:59.899-0700][1251][info ][gc,heap        ] GC(563) Survivor regions: 102->102(111)
[2025-10-15T15:14:59.899-0700][1251][info ][gc,heap        ] GC(563) Old regions: 1982->1993
[2025-10-15T15:14:59.899-0700][1251][info ][gc,heap        ] GC(563) Humongous regions: 3->3
[2025-10-15T15:14:59.899-0700][1251][info ][gc,metaspace   ] GC(563) Metaspace: 306175K(311936K)->306175K(311936K) NonClass: 270446K(273728K)->270446K(273728K) Class: 35729K(38208K)->35729K(38208K)
[2025-10-15T15:14:59.899-0700][1251][info ][gc             ] GC(563) Pause Young (Normal) (G1 Evacuation Pause) 89923M->65214M(184320M) 155.351ms
[2025-10-15T15:14:59.900-0700][1251][info ][gc,cpu         ] GC(563) User=12.63s Sys=0.04s Real=0.16s
[2025-10-15T15:14:59.901-0700][1251][info ][safepoint      ] Safepoint "G1CollectForAllocation", Time since last: 359868846 ns, Reaching safepoint: 25900169 ns, Cleanup: 6820 ns, At safepoint: 158938357 ns, Total: 184845346 ns
[2025-10-15T15:15:00.903-0700][1251][info ][safepoint      ] Safepoint "Cleanup", Time since last: 1000081351 ns, Reaching safepoint: 1030775 ns, Cleanup: 9564 ns, At safepoint: 527776 ns, Total: 1568115 ns
[2025-10-15T15:15:01.357-0700][1251][info ][gc,start       ] GC(564) Pause Young (Normal) (G1 Evacuation Pause)
[2025-10-15T15:15:01.357-0700][1251][info ][gc,task        ] GC(564) Using 113 workers of 113 for evacuation
[2025-10-15T15:15:01.374-0700][1251][debug][gc,remset      ] GC(564) Visited cards 33489408 Total dirty 129236992 (25.91%) Total old 260833280 (12.84%)
[2025-10-15T15:15:01.513-0700][1251][info ][gc,phases      ] GC(564)   Pre Evacuate Collection Set: 0.8ms
[2025-10-15T15:15:01.513-0700][1251][info ][gc,phases      ] GC(564)   Merge Heap Roots: 16.7ms
[2025-10-15T15:15:01.513-0700][1251][info ][gc,phases      ] GC(564)   Evacuate Collection Set: 124.2ms
[2025-10-15T15:15:01.513-0700][1251][info ][gc,phases      ] GC(564)   Post Evacuate Collection Set: 13.9ms
[2025-10-15T15:15:01.513-0700][1251][info ][gc,phases      ] GC(564)   Other: 0.1ms
[2025-10-15T15:15:01.513-0700][1251][debug][gc,remset      ] GC(564) Coarsening (recent): Inline->AoC 357433 (361) AoC->Howl 1750 (871) Howl->Full 0 (0) Inline->AoC 4868 (257) AoC->BitMap 1057 (321) BitMap->Full 0 (0)
[2025-10-15T15:15:01.513-0700][1251][debug][gc,remset      ] GC(564) Coarsening (all): Inline->AoC 299292470 (100057) AoC->Howl 1415298 (231592) Howl->Full 0 (0) Inline->AoC 6485538 (73760) AoC->BitMap 1236307 (205997) BitMap->Full 25 (0)
[2025-10-15T15:15:01.513-0700][1251][info ][gc,heap        ] GC(564) Eden regions: 890->0(927)
[2025-10-15T15:15:01.513-0700][1251][info ][gc,heap        ] GC(564) Survivor regions: 102->112(124)
[2025-10-15T15:15:01.513-0700][1251][info ][gc,heap        ] GC(564) Old regions: 1993->2000
[2025-10-15T15:15:01.513-0700][1251][info ][gc,heap        ] GC(564) Humongous regions: 3->3
[2025-10-15T15:15:01.513-0700][1251][info ][gc,metaspace   ] GC(564) Metaspace: 306176K(311936K)->306176K(311936K) NonClass: 270447K(273728K)->270447K(273728K) Class: 35729K(38208K)->35729K(38208K)
[2025-10-15T15:15:01.513-0700][1251][info ][gc             ] GC(564) Pause Young (Normal) (G1 Evacuation Pause) 93694M->65755M(184320M) 155.955ms
[2025-10-15T15:15:01.514-0700][1251][info ][gc,cpu         ] GC(564) User=13.19s Sys=0.10s Real=0.16s
[2025-10-15T15:15:01.515-0700][1251][info ][safepoint      ] Safepoint "G1CollectForAllocation", Time since last: 446060310 ns, Reaching safepoint: 6595008 ns, Cleanup: 5769 ns, At safepoint: 159454976 ns, Total: 166055753 ns
[2025-10-15T15:15:02.516-0700][1251][info ][safepoint      ] Safepoint "Cleanup", Time since last: 1000093530 ns, Reaching safepoint: 987930 ns, Cleanup: 15273 ns, At safepoint: 598623 ns, Total: 1601826 ns
[2025-10-15T15:15:03.003-0700][1251][info ][gc,start       ] GC(565) Pause Young (Normal) (G1 Evacuation Pause)
[2025-10-15T15:15:03.003-0700][1251][info ][gc,task        ] GC(565) Using 113 workers of 113 for evacuation
[2025-10-15T15:15:03.019-0700][1251][debug][gc,remset      ] GC(565) Visited cards 33289984 Total dirty 129761280 (25.65%) Total old 280887296 (11.85%)
[2025-10-15T15:15:03.169-0700][1251][info ][gc,phases      ] GC(565)   Pre Evacuate Collection Set: 0.8ms
[2025-10-15T15:15:03.169-0700][1251][info ][gc,phases      ] GC(565)   Merge Heap Roots: 15.4ms
[2025-10-15T15:15:03.169-0700][1251][info ][gc,phases      ] GC(565)   Evacuate Collection Set: 134.0ms
[2025-10-15T15:15:03.169-0700][1251][info ][gc,phases      ] GC(565)   Post Evacuate Collection Set: 15.5ms
[2025-10-15T15:15:03.169-0700][1251][info ][gc,phases      ] GC(565)   Other: 0.2ms
[2025-10-15T15:15:03.169-0700][1251][debug][gc,remset      ] GC(565) Coarsening (recent): Inline->AoC 483719 (456) AoC->Howl 1685 (788) Howl->Full 0 (0) Inline->AoC 5103 (202) AoC->BitMap 916 (290) BitMap->Full 0 (0)
[2025-10-15T15:15:03.169-0700][1251][debug][gc,remset      ] GC(565) Coarsening (all): Inline->AoC 299776189 (100513) AoC->Howl 1416983 (232380) Howl->Full 0 (0) Inline->AoC 6490641 (73962) AoC->BitMap 1237223 (206287) BitMap->Full 25 (0)
[2025-10-15T15:15:03.169-0700][1251][info ][gc,heap        ] GC(565) Eden regions: 1028->0(1101)
[2025-10-15T15:15:03.169-0700][1251][info ][gc,heap        ] GC(565) Survivor regions: 112->110(143)
[2025-10-15T15:15:03.169-0700][1251][info ][gc,heap        ] GC(565) Old regions: 2000->2016
[2025-10-15T15:15:03.169-0700][1251][info ][gc,heap        ] GC(565) Humongous regions: 6->3
[2025-10-15T15:15:03.169-0700][1251][info ][gc,metaspace   ] GC(565) Metaspace: 306183K(311936K)->306183K(311936K) NonClass: 270454K(273728K)->270454K(273728K) Class: 35729K(38208K)->35729K(38208K)
[2025-10-15T15:15:03.169-0700][1251][info ][gc             ] GC(565) Pause Young (Normal) (G1 Evacuation Pause) 98747M->66212M(184320M) 165.980ms
[2025-10-15T15:15:03.170-0700][1251][info ][gc,cpu         ] GC(565) User=13.74s Sys=0.09s Real=0.17s
[2025-10-15T15:15:03.171-0700][1251][info ][safepoint      ] Safepoint "G1CollectForAllocation", Time since last: 479481503 ns, Reaching safepoint: 5548269 ns, Cleanup: 5489 ns, At safepoint: 169822605 ns, Total: 175376363 ns
[2025-10-15T15:15:04.173-0700][1251][info ][safepoint      ] Safepoint "Cleanup", Time since last: 1000079848 ns, Reaching safepoint: 1009844 ns, Cleanup: 11557 ns, At safepoint: 310278 ns, Total: 1331679 ns
[2025-10-15T15:15:04.843-0700][1251][info ][gc,start       ] GC(566) Pause Young (Normal) (G1 Evacuation Pause)
[2025-10-15T15:15:04.843-0700][1251][info ][gc,task        ] GC(566) Using 113 workers of 113 for evacuation
[2025-10-15T15:15:04.861-0700][1251][debug][gc,remset      ] GC(566) Visited cards 34096896 Total dirty 131072000 (26.01%) Total old 299171840 (11.40%)
[2025-10-15T15:15:05.023-0700][1251][info ][gc,phases      ] GC(566)   Pre Evacuate Collection Set: 1.4ms
[2025-10-15T15:15:05.023-0700][1251][info ][gc,phases      ] GC(566)   Merge Heap Roots: 16.5ms
[2025-10-15T15:15:05.023-0700][1251][info ][gc,phases      ] GC(566)   Evacuate Collection Set: 146.1ms
[2025-10-15T15:15:05.023-0700][1251][info ][gc,phases      ] GC(566)   Post Evacuate Collection Set: 16.0ms
[2025-10-15T15:15:05.023-0700][1251][info ][gc,phases      ] GC(566)   Other: 0.1ms
[2025-10-15T15:15:05.023-0700][1251][debug][gc,remset      ] GC(566) Coarsening (recent): Inline->AoC 555402 (457) AoC->Howl 1843 (868) Howl->Full 0 (0) Inline->AoC 5535 (220) AoC->BitMap 1222 (385) BitMap->Full 0 (0)
[2025-10-15T15:15:05.023-0700][1251][debug][gc,remset      ] GC(566) Coarsening (all): Inline->AoC 300331591 (100970) AoC->Howl 1418826 (233248) Howl->Full 0 (0) Inline->AoC 6496176 (74182) AoC->BitMap 1238445 (206672) BitMap->Full 25 (0)
[2025-10-15T15:15:05.023-0700][1251][info ][gc,heap        ] GC(566) Eden regions: 1163->0(1250)
[2025-10-15T15:15:05.023-0700][1251][info ][gc,heap        ] GC(566) Survivor regions: 110->129(160)
[2025-10-15T15:15:05.023-0700][1251][info ][gc,heap        ] GC(566) Old regions: 2016->2036
[2025-10-15T15:15:05.023-0700][1251][info ][gc,heap        ] GC(566) Humongous regions: 3->3
[2025-10-15T15:15:05.023-0700][1251][info ][gc,metaspace   ] GC(566) Metaspace: 306183K(311936K)->306183K(311936K) NonClass: 270454K(273728K)->270454K(273728K) Class: 35729K(38208K)->35729K(38208K)
[2025-10-15T15:15:05.023-0700][1251][info ][gc             ] GC(566) Pause Young (Normal) (G1 Evacuation Pause) 103428M->67481M(184320M) 180.209ms
[2025-10-15T15:15:05.024-0700][1251][info ][gc,cpu         ] GC(566) User=15.67s Sys=0.09s Real=0.18s
[2025-10-15T15:15:05.025-0700][1251][info ][safepoint      ] Safepoint "G1CollectForAllocation", Time since last: 657434934 ns, Reaching safepoint: 11201957 ns, Cleanup: 4837 ns, At safepoint: 184069225 ns, Total: 195276019 ns
[2025-10-15T15:15:07.329-0700][1251][info ][gc,start       ] GC(567) Pause Young (Normal) (G1 Evacuation Pause)
[2025-10-15T15:15:07.329-0700][1251][info ][gc,task        ] GC(567) Using 113 workers of 113 for evacuation
[2025-10-15T15:15:07.346-0700][1251][debug][gc,remset      ] GC(567) Visited cards 33852416 Total dirty 131858432 (25.67%) Total old 314114048 (10.78%)
[2025-10-15T15:15:07.499-0700][1251][info ][gc,phases      ] GC(567)   Pre Evacuate Collection Set: 0.9ms
[2025-10-15T15:15:07.499-0700][1251][info ][gc,phases      ] GC(567)   Merge Heap Roots: 16.0ms
[2025-10-15T15:15:07.499-0700][1251][info ][gc,phases      ] GC(567)   Evacuate Collection Set: 138.4ms
[2025-10-15T15:15:07.499-0700][1251][info ][gc,phases      ] GC(567)   Post Evacuate Collection Set: 14.7ms
[2025-10-15T15:15:07.499-0700][1251][info ][gc,phases      ] GC(567)   Other: 0.1ms
[2025-10-15T15:15:07.500-0700][1251][debug][gc,remset      ] GC(567) Coarsening (recent): Inline->AoC 680941 (396) AoC->Howl 2151 (1136) Howl->Full 0 (0) Inline->AoC 5503 (369) AoC->BitMap 1564 (583) BitMap->Full 0 (0)
[2025-10-15T15:15:07.500-0700][1251][debug][gc,remset      ] GC(567) Coarsening (all): Inline->AoC 301012532 (101366) AoC->Howl 1420977 (234384) Howl->Full 0 (0) Inline->AoC 6501679 (74551) AoC->BitMap 1240009 (207255) BitMap->Full 25 (0)
[2025-10-15T15:15:07.500-0700][1251][info ][gc,heap        ] GC(567) Eden regions: 1248->0(1491)
[2025-10-15T15:15:07.500-0700][1251][info ][gc,heap        ] GC(567) Survivor regions: 129->108(173)
[2025-10-15T15:15:07.500-0700][1251][info ][gc,heap        ] GC(567) Old regions: 2036->2070
[2025-10-15T15:15:07.500-0700][1251][info ][gc,heap        ] GC(567) Humongous regions: 3->3
[2025-10-15T15:15:07.500-0700][1251][info ][gc,metaspace   ] GC(567) Metaspace: 306183K(311936K)->306183K(311936K) NonClass: 270454K(273728K)->270454K(273728K) Class: 35729K(38208K)->35729K(38208K)
[2025-10-15T15:15:07.500-0700][1251][info ][gc             ] GC(567) Pause Young (Normal) (G1 Evacuation Pause) 107417M->67898M(184320M) 170.243ms
[2025-10-15T15:15:07.501-0700][1251][info ][gc,cpu         ] GC(567) User=14.31s Sys=0.13s Real=0.17s
[2025-10-15T15:15:07.502-0700][1251][info ][safepoint      ] Safepoint "G1CollectForAllocation", Time since last: 2276757866 ns, Reaching safepoint: 25738986 ns, Cleanup: 6339 ns, At safepoint: 173891813 ns, Total: 199637138 ns
[2025-10-15T15:15:09.515-0700][1251][info ][safepoint      ] Safepoint "Cleanup", Time since last: 2000159648 ns, Reaching safepoint: 12500526 ns, Cleanup: 11788 ns, At safepoint: 1007730 ns, Total: 13520044 ns
[2025-10-15T15:15:10.205-0700][1251][info ][gc,start       ] GC(568) Pause Young (Normal) (G1 Evacuation Pause)
[2025-10-15T15:15:10.205-0700][1251][info ][gc,task        ] GC(568) Using 113 workers of 113 for evacuation
[2025-10-15T15:15:10.224-0700][1251][debug][gc,remset      ] GC(568) Visited cards 34457856 Total dirty 134086656 (25.70%) Total old 346750976 (9.94%)
[2025-10-15T15:15:10.362-0700][1251][info ][gc,phases      ] GC(568)   Pre Evacuate Collection Set: 0.9ms
[2025-10-15T15:15:10.362-0700][1251][info ][gc,phases      ] GC(568)   Merge Heap Roots: 17.7ms
[2025-10-15T15:15:10.362-0700][1251][info ][gc,phases      ] GC(568)   Evacuate Collection Set: 122.8ms
[2025-10-15T15:15:10.362-0700][1251][info ][gc,phases      ] GC(568)   Post Evacuate Collection Set: 15.3ms
[2025-10-15T15:15:10.362-0700][1251][info ][gc,phases      ] GC(568)   Other: 0.2ms
[2025-10-15T15:15:10.362-0700][1251][debug][gc,remset      ] GC(568) Coarsening (recent): Inline->AoC 767312 (558) AoC->Howl 660 (228) Howl->Full 0 (0) Inline->AoC 2452 (89) AoC->BitMap 160 (47) BitMap->Full 0 (0)
[2025-10-15T15:15:10.362-0700][1251][debug][gc,remset      ] GC(568) Coarsening (all): Inline->AoC 301779844 (101924) AoC->Howl 1421637 (234612) Howl->Full 0 (0) Inline->AoC 6504131 (74640) AoC->BitMap 1240169 (207302) BitMap->Full 25 (0)
[2025-10-15T15:15:10.362-0700][1251][info ][gc,heap        ] GC(568) Eden regions: 1501->0(1877)
[2025-10-15T15:15:10.362-0700][1251][info ][gc,heap        ] GC(568) Survivor regions: 108->114(202)
[2025-10-15T15:15:10.362-0700][1251][info ][gc,heap        ] GC(568) Old regions: 2070->2070
[2025-10-15T15:15:10.362-0700][1251][info ][gc,heap        ] GC(568) Humongous regions: 3->3
[2025-10-15T15:15:10.362-0700][1251][info ][gc,metaspace   ] GC(568) Metaspace: 306183K(311936K)->306183K(311936K) NonClass: 270454K(273728K)->270454K(273728K) Class: 35729K(38208K)->35729K(38208K)
[2025-10-15T15:15:10.362-0700][1251][info ][gc             ] GC(568) Pause Young (Normal) (G1 Evacuation Pause) 115930M->68092M(184320M) 157.024ms
[2025-10-15T15:15:10.364-0700][1251][info ][gc,cpu         ] GC(568) User=13.20s Sys=0.20s Real=0.16s
[2025-10-15T15:15:10.365-0700][1251][info ][safepoint      ] Safepoint "G1CollectForAllocation", Time since last: 684006464 ns, Reaching safepoint: 4434149 ns, Cleanup: 15403 ns, At safepoint: 160649548 ns, Total: 165099100 ns
[2025-10-15T15:15:13.250-0700][1251][info ][gc,start       ] GC(569) Pause Young (Normal) (G1 Evacuation Pause)
[2025-10-15T15:15:13.250-0700][1251][info ][gc,task        ] GC(569) Using 113 workers of 113 for evacuation
[2025-10-15T15:15:13.268-0700][1251][debug][gc,remset      ] GC(569) Visited cards 34973440 Total dirty 133955584 (26.11%) Total old 374013952 (9.35%)
[2025-10-15T15:15:13.419-0700][1251][info ][gc,phases      ] GC(569)   Pre Evacuate Collection Set: 0.7ms
[2025-10-15T15:15:13.419-0700][1251][info ][gc,phases      ] GC(569)   Merge Heap Roots: 16.9ms
[2025-10-15T15:15:13.419-0700][1251][info ][gc,phases      ] GC(569)   Evacuate Collection Set: 134.4ms
[2025-10-15T15:15:13.419-0700][1251][info ][gc,phases      ] GC(569)   Post Evacuate Collection Set: 17.0ms
[2025-10-15T15:15:13.419-0700][1251][info ][gc,phases      ] GC(569)   Other: 0.2ms
[2025-10-15T15:15:13.419-0700][1251][debug][gc,remset      ] GC(569) Coarsening (recent): Inline->AoC 955315 (399) AoC->Howl 2150 (1193) Howl->Full 0 (0) Inline->AoC 5610 (283) AoC->BitMap 1191 (402) BitMap->Full 0 (0)
[2025-10-15T15:15:13.419-0700][1251][debug][gc,remset      ] GC(569) Coarsening (all): Inline->AoC 302735159 (102323) AoC->Howl 1423787 (235805) Howl->Full 0 (0) Inline->AoC 6509741 (74923) AoC->BitMap 1241360 (207704) BitMap->Full 25 (0)
[2025-10-15T15:15:13.419-0700][1251][info ][gc,heap        ] GC(569) Eden regions: 1703->0(2147)
[2025-10-15T15:15:13.419-0700][1251][info ][gc,heap        ] GC(569) Survivor regions: 114->137(228)
[2025-10-15T15:15:13.419-0700][1251][info ][gc,heap        ] GC(569) Old regions: 2070->2070
[2025-10-15T15:15:13.419-0700][1251][info ][gc,heap        ] GC(569) Humongous regions: 3->3
[2025-10-15T15:15:13.419-0700][1251][info ][gc,metaspace   ] GC(569) Metaspace: 306184K(311936K)->306184K(311936K) NonClass: 270455K(273728K)->270455K(273728K) Class: 35729K(38208K)->35729K(38208K)
[2025-10-15T15:15:13.419-0700][1251][info ][gc             ] GC(569) Pause Young (Normal) (G1 Evacuation Pause) 122588M->68817M(184320M) 169.412ms
[2025-10-15T15:15:13.421-0700][1251][info ][gc,cpu         ] GC(569) User=14.71s Sys=0.10s Real=0.17s
[2025-10-15T15:15:13.422-0700][1251][info ][safepoint      ] Safepoint "G1CollectForAllocation", Time since last: 2874470445 ns, Reaching safepoint: 9537827 ns, Cleanup: 13751 ns, At safepoint: 172969712 ns, Total: 182521290 ns
[2025-10-15T15:15:16.502-0700][1251][info ][safepoint      ] Safepoint "Cleanup", Time since last: 3000200036 ns, Reaching safepoint: 78833765 ns, Cleanup: 10386 ns, At safepoint: 1124126 ns, Total: 79968277 ns
[2025-10-15T15:15:16.565-0700][1251][info ][gc,start       ] GC(570) Pause Young (Concurrent Start) (G1 Evacuation Pause)
[2025-10-15T15:15:16.565-0700][1251][info ][gc,task        ] GC(570) Using 113 workers of 113 for evacuation
[2025-10-15T15:15:16.588-0700][1251][debug][gc,remset      ] GC(570) Visited cards 36887552 Total dirty 134086656 (27.51%) Total old 406257664 (9.08%)
[2025-10-15T15:15:16.766-0700][1251][info ][gc,mmu         ] GC(570) MMU target violated: 201.0ms (200.0ms/201.0ms)
[2025-10-15T15:15:16.766-0700][1251][info ][gc,phases      ] GC(570)   Pre Evacuate Collection Set: 1.0ms
[2025-10-15T15:15:16.766-0700][1251][info ][gc,phases      ] GC(570)   Merge Heap Roots: 21.8ms
[2025-10-15T15:15:16.766-0700][1251][info ][gc,phases      ] GC(570)   Evacuate Collection Set: 158.8ms
[2025-10-15T15:15:16.766-0700][1251][info ][gc,phases      ] GC(570)   Post Evacuate Collection Set: 19.8ms
[2025-10-15T15:15:16.766-0700][1251][info ][gc,phases      ] GC(570)   Other: 0.2ms
[2025-10-15T15:15:16.766-0700][1251][debug][gc,remset      ] GC(570) Coarsening (recent): Inline->AoC 880466 (320) AoC->Howl 2014 (949) Howl->Full 0 (0) Inline->AoC 5945 (281) AoC->BitMap 1463 (485) BitMap->Full 0 (0)
[2025-10-15T15:15:16.766-0700][1251][debug][gc,remset      ] GC(570) Coarsening (all): Inline->AoC 303615625 (102643) AoC->Howl 1425801 (236754) Howl->Full 0 (0) Inline->AoC 6515686 (75204) AoC->BitMap 1242823 (208189) BitMap->Full 25 (0)
[2025-10-15T15:15:16.766-0700][1251][info ][gc,heap        ] GC(570) Eden regions: 1926->0(2125)
[2025-10-15T15:15:16.766-0700][1251][info ][gc,heap        ] GC(570) Survivor regions: 137->170(258)
[2025-10-15T15:15:16.766-0700][1251][info ][gc,heap        ] GC(570) Old regions: 2070->2070
[2025-10-15T15:15:16.766-0700][1251][info ][gc,heap        ] GC(570) Humongous regions: 3->3
[2025-10-15T15:15:16.766-0700][1251][info ][gc,metaspace   ] GC(570) Metaspace: 306191K(311936K)->306191K(311936K) NonClass: 270462K(273728K)->270462K(273728K) Class: 35729K(38208K)->35729K(38208K)
[2025-10-15T15:15:16.766-0700][1251][info ][gc             ] GC(570) Pause Young (Concurrent Start) (G1 Evacuation Pause) 130449M->69883M(184320M) 201.703ms
[2025-10-15T15:15:16.767-0700][1134][info ][gc             ] GC(571) Concurrent Mark Cycle
[2025-10-15T15:15:16.767-0700][1134][info ][gc,marking     ] GC(571) Concurrent Scan Root Regions
[2025-10-15T15:15:16.768-0700][1251][info ][gc,cpu         ] GC(570) User=17.71s Sys=0.26s Real=0.20s
[2025-10-15T15:15:16.769-0700][1251][info ][safepoint      ] Safepoint "G1CollectForAllocation", Time since last: 40628865 ns, Reaching safepoint: 21075191 ns, Cleanup: 5227 ns, At safepoint: 205980597 ns, Total: 227061015 ns
[2025-10-15T15:15:16.834-0700][1134][info ][gc,marking     ] GC(571) Concurrent Scan Root Regions 66.780ms
[2025-10-15T15:15:16.834-0700][1134][info ][gc,marking     ] GC(571) Concurrent Mark
[2025-10-15T15:15:16.834-0700][1134][info ][gc,marking     ] GC(571) Concurrent Mark From Roots
[2025-10-15T15:15:16.834-0700][1134][info ][gc,task        ] GC(571) Using 36 workers of 36 for marking
[2025-10-15T15:15:17.417-0700][1134][info ][gc,marking     ] GC(571) Concurrent Mark From Roots 583.073ms
[2025-10-15T15:15:17.417-0700][1134][info ][gc,marking     ] GC(571) Concurrent Preclean
[2025-10-15T15:15:17.497-0700][1134][info ][gc,marking     ] GC(571) Concurrent Preclean 80.567ms
[2025-10-15T15:15:17.516-0700][1251][info ][gc,start       ] GC(571) Pause Remark
[2025-10-15T15:15:17.580-0700][1251][info ][gc             ] GC(571) Pause Remark 79419M->78843M(184320M) 64.667ms
[2025-10-15T15:15:17.582-0700][1251][info ][gc,cpu         ] GC(571) User=1.83s Sys=0.09s Real=0.07s
[2025-10-15T15:15:17.582-0700][1251][info ][safepoint      ] Safepoint "G1PauseRemark", Time since last: 731829490 ns, Reaching safepoint: 13084697 ns, Cleanup: 12729 ns, At safepoint: 68007354 ns, Total: 81104780 ns
[2025-10-15T15:15:17.588-0700][1134][info ][gc,marking     ] GC(571) Concurrent Mark 754.269ms
[2025-10-15T15:15:17.588-0700][1134][info ][gc,marking     ] GC(571) Concurrent Rebuild Remembered Sets and Scrub Regions
[2025-10-15T15:15:18.589-0700][1251][info ][safepoint      ] Safepoint "Cleanup", Time since last: 1000164914 ns, Reaching safepoint: 3196462 ns, Cleanup: 28402 ns, At safepoint: 3174058 ns, Total: 6398922 ns
[2025-10-15T15:15:19.106-0700][1134][info ][gc,marking     ] GC(571) Concurrent Rebuild Remembered Sets and Scrub Regions 1518.118ms
[2025-10-15T15:15:19.109-0700][1251][info ][gc,start       ] GC(571) Pause Cleanup
[2025-10-15T15:15:19.112-0700][1251][info ][gc             ] GC(571) Pause Cleanup 104374M->104374M(184320M) 2.948ms
[2025-10-15T15:15:19.113-0700][1251][info ][gc,cpu         ] GC(571) User=0.01s Sys=0.00s Real=0.00s
[2025-10-15T15:15:19.117-0700][1251][info ][safepoint      ] Safepoint "G1PauseCleanup", Time since last: 517203944 ns, Reaching safepoint: 1388314 ns, Cleanup: 5388 ns, At safepoint: 9296453 ns, Total: 10690155 ns
[2025-10-15T15:15:19.117-0700][1134][info ][gc,marking     ] GC(571) Concurrent Clear Claimed Marks
[2025-10-15T15:15:19.126-0700][1134][info ][gc,marking     ] GC(571) Concurrent Clear Claimed Marks 8.919ms
[2025-10-15T15:15:19.126-0700][1134][info ][gc,marking     ] GC(571) Concurrent Cleanup for Next Mark
[2025-10-15T15:15:19.157-0700][1134][info ][gc,marking     ] GC(571) Concurrent Cleanup for Next Mark 31.474ms
[2025-10-15T15:15:19.157-0700][1134][info ][gc             ] GC(571) Concurrent Mark Cycle 2390.618ms
[2025-10-15T15:15:20.847-0700][1251][info ][gc,start       ] GC(572) Pause Young (Prepare Mixed) (G1 Evacuation Pause)
[2025-10-15T15:15:20.847-0700][1251][info ][gc,task        ] GC(572) Using 113 workers of 113 for evacuation
[2025-10-15T15:15:20.866-0700][1251][debug][gc,remset      ] GC(572) Visited cards 35640320 Total dirty 134021120 (26.59%) Total old 412680192 (8.64%)
[2025-10-15T15:15:21.037-0700][1251][info ][gc,phases      ] GC(572)   Pre Evacuate Collection Set: 0.8ms
[2025-10-15T15:15:21.037-0700][1251][info ][gc,phases      ] GC(572)   Merge Heap Roots: 18.0ms
[2025-10-15T15:15:21.037-0700][1251][info ][gc,phases      ] GC(572)   Evacuate Collection Set: 147.8ms
[2025-10-15T15:15:21.037-0700][1251][info ][gc,phases      ] GC(572)   Post Evacuate Collection Set: 22.7ms
[2025-10-15T15:15:21.037-0700][1251][info ][gc,phases      ] GC(572)   Other: 0.2ms
[2025-10-15T15:15:21.037-0700][1251][debug][gc,remset      ] GC(572) Coarsening (recent): Inline->AoC 1516976 (464) AoC->Howl 17395 (757) Howl->Full 0 (0) Inline->AoC 90580 (412) AoC->BitMap 18917 (476) BitMap->Full 25 (0)
[2025-10-15T15:15:21.037-0700][1251][debug][gc,remset      ] GC(572) Coarsening (all): Inline->AoC 305132601 (103107) AoC->Howl 1443196 (237511) Howl->Full 0 (0) Inline->AoC 6606266 (75616) AoC->BitMap 1261740 (208665) BitMap->Full 50 (0)
[2025-10-15T15:15:21.037-0700][1251][info ][gc,heap        ] GC(572) Eden regions: 1951->0(2113)
[2025-10-15T15:15:21.037-0700][1251][info ][gc,heap        ] GC(572) Survivor regions: 170->147(266)
[2025-10-15T15:15:21.037-0700][1251][info ][gc,heap        ] GC(572) Old regions: 2055->2079
[2025-10-15T15:15:21.037-0700][1251][info ][gc,heap        ] GC(572) Humongous regions: 0->0
[2025-10-15T15:15:21.037-0700][1251][info ][gc,metaspace   ] GC(572) Metaspace: 306196K(311936K)->306196K(311936K) NonClass: 270467K(273728K)->270467K(273728K) Class: 35729K(38208K)->35729K(38208K)
[2025-10-15T15:15:21.037-0700][1251][info ][gc             ] GC(572) Pause Young (Prepare Mixed) (G1 Evacuation Pause) 131739M->69312M(184320M) 189.754ms
[2025-10-15T15:15:21.038-0700][1251][info ][gc,cpu         ] GC(572) User=17.19s Sys=0.17s Real=0.19s
[2025-10-15T15:15:21.039-0700][1251][info ][safepoint      ] Safepoint "G1CollectForAllocation", Time since last: 1727089926 ns, Reaching safepoint: 1790941 ns, Cleanup: 5428 ns, At safepoint: 193727764 ns, Total: 195524133 ns
[2025-10-15T15:15:24.290-0700][1251][info ][gc,start       ] GC(573) Pause Young (Mixed) (G1 Evacuation Pause)
[2025-10-15T15:15:24.290-0700][1251][info ][gc,task        ] GC(573) Using 113 workers of 113 for evacuation
[2025-10-15T15:15:24.310-0700][1251][debug][gc,remset      ] GC(573) Visited cards 36716288 Total dirty 125042688 (29.36%) Total old 426115072 (8.62%)
[2025-10-15T15:15:24.467-0700][1251][debug][gc,remset      ] GC(573) Visited cards 2424576 Total dirty 110297088 (2.20%) Total old 440008704 (0.55%)
[2025-10-15T15:15:24.494-0700][1251][info ][gc,mmu         ] GC(573) MMU target violated: 201.0ms (200.0ms/201.0ms)
[2025-10-15T15:15:24.494-0700][1251][info ][gc,phases      ] GC(573)   Pre Evacuate Collection Set: 0.8ms
[2025-10-15T15:15:24.494-0700][1251][info ][gc,phases      ] GC(573)   Merge Heap Roots: 19.1ms
[2025-10-15T15:15:24.494-0700][1251][info ][gc,phases      ] GC(573)   Evacuate Collection Set: 155.4ms
[2025-10-15T15:15:24.494-0700][1251][info ][gc,phases      ] GC(573)   Merge Optional Heap Roots: 1.3ms
[2025-10-15T15:15:24.494-0700][1251][info ][gc,phases      ] GC(573)   Evacuate Optional Collection Set: 1.3ms
[2025-10-15T15:15:24.494-0700][1251][info ][gc,phases      ] GC(573)   Post Evacuate Collection Set: 25.7ms
[2025-10-15T15:15:24.494-0700][1251][info ][gc,phases      ] GC(573)   Other: 0.2ms
[2025-10-15T15:15:24.494-0700][1251][debug][gc,remset      ] GC(573) Coarsening (recent): Inline->AoC 998426 (515) AoC->Howl 2191 (1239) Howl->Full 0 (0) Inline->AoC 5524 (401) AoC->BitMap 1631 (684) BitMap->Full 0 (0)
[2025-10-15T15:15:24.494-0700][1251][debug][gc,remset      ] GC(573) Coarsening (all): Inline->AoC 306131027 (103622) AoC->Howl 1445387 (238750) Howl->Full 0 (0) Inline->AoC 6611790 (76017) AoC->BitMap 1263371 (209349) BitMap->Full 50 (0)
[2025-10-15T15:15:24.494-0700][1251][info ][gc,heap        ] GC(573) Eden regions: 1982->0(1517)
[2025-10-15T15:15:24.494-0700][1251][info ][gc,heap        ] GC(573) Survivor regions: 147->173(267)
[2025-10-15T15:15:24.494-0700][1251][info ][gc,heap        ] GC(573) Old regions: 2079->1881
[2025-10-15T15:15:24.494-0700][1251][info ][gc,heap        ] GC(573) Humongous regions: 0->0
[2025-10-15T15:15:24.494-0700][1251][info ][gc,metaspace   ] GC(573) Metaspace: 306202K(311936K)->306202K(311936K) NonClass: 270473K(273728K)->270473K(273728K) Class: 35729K(38208K)->35729K(38208K)
[2025-10-15T15:15:24.494-0700][1251][info ][gc             ] GC(573) Pause Young (Mixed) (G1 Evacuation Pause) 132736M->64456M(184320M) 203.856ms
[2025-10-15T15:15:24.495-0700][1251][info ][gc,cpu         ] GC(573) User=18.32s Sys=0.21s Real=0.20s
[2025-10-15T15:15:24.496-0700][1251][info ][safepoint      ] Safepoint "G1CollectForAllocation", Time since last: 3243275188 ns, Reaching safepoint: 5811756 ns, Cleanup: 4938 ns, At safepoint: 207492757 ns, Total: 213309451 ns
[2025-10-15T15:15:27.443-0700][1251][info ][gc,start       ] GC(574) Pause Young (Mixed) (G1 Evacuation Pause)
[2025-10-15T15:15:27.443-0700][1251][info ][gc,task        ] GC(574) Using 113 workers of 113 for evacuation
[2025-10-15T15:15:27.461-0700][1251][debug][gc,remset      ] GC(574) Visited cards 35852800 Total dirty 112328704 (31.92%) Total old 388825088 (9.22%)
[2025-10-15T15:15:27.629-0700][1251][info ][gc,phases      ] GC(574)   Pre Evacuate Collection Set: 0.8ms
[2025-10-15T15:15:27.629-0700][1251][info ][gc,phases      ] GC(574)   Merge Heap Roots: 17.8ms
[2025-10-15T15:15:27.629-0700][1251][info ][gc,phases      ] GC(574)   Evacuate Collection Set: 145.0ms
[2025-10-15T15:15:27.629-0700][1251][info ][gc,phases      ] GC(574)   Post Evacuate Collection Set: 22.8ms
[2025-10-15T15:15:27.629-0700][1251][info ][gc,phases      ] GC(574)   Other: 0.2ms
[2025-10-15T15:15:27.629-0700][1251][debug][gc,remset      ] GC(574) Coarsening (recent): Inline->AoC 886081 (551) AoC->Howl 2580 (1348) Howl->Full 0 (0) Inline->AoC 6931 (444) AoC->BitMap 1900 (760) BitMap->Full 0 (0)
[2025-10-15T15:15:27.629-0700][1251][debug][gc,remset      ] GC(574) Coarsening (all): Inline->AoC 307017108 (104173) AoC->Howl 1447967 (240098) Howl->Full 0 (0) Inline->AoC 6618721 (76461) AoC->BitMap 1265271 (210109) BitMap->Full 50 (0)
[2025-10-15T15:15:27.629-0700][1251][info ][gc,heap        ] GC(574) Eden regions: 1772->0(2340)
[2025-10-15T15:15:27.629-0700][1251][info ][gc,heap        ] GC(574) Survivor regions: 173->123(244)
[2025-10-15T15:15:27.629-0700][1251][info ][gc,heap        ] GC(574) Old regions: 1881->1767
[2025-10-15T15:15:27.629-0700][1251][info ][gc,heap        ] GC(574) Humongous regions: 0->0
[2025-10-15T15:15:27.629-0700][1251][info ][gc,metaspace   ] GC(574) Metaspace: 306202K(311936K)->306202K(311936K) NonClass: 270473K(273728K)->270473K(273728K) Class: 35729K(38208K)->35729K(38208K)
[2025-10-15T15:15:27.629-0700][1251][info ][gc             ] GC(574) Pause Young (Mixed) (G1 Evacuation Pause) 121160M->59586M(184320M) 186.752ms
[2025-10-15T15:15:27.631-0700][1251][info ][gc,cpu         ] GC(574) User=17.17s Sys=0.34s Real=0.19s
[2025-10-15T15:15:27.632-0700][1251][info ][safepoint      ] Safepoint "G1CollectForAllocation", Time since last: 2942529265 ns, Reaching safepoint: 2969709 ns, Cleanup: 4777 ns, At safepoint: 190267985 ns, Total: 193242471 ns
[2025-10-15T15:15:28.633-0700][1251][info ][safepoint      ] Safepoint "Cleanup", Time since last: 1000084864 ns, Reaching safepoint: 978005 ns, Cleanup: 12809 ns, At safepoint: 244639 ns, Total: 1235453 ns
[2025-10-15T15:15:31.275-0700][1251][info ][gc,start       ] GC(575) Pause Young (Mixed) (G1 Evacuation Pause)
[2025-10-15T15:15:31.275-0700][1251][info ][gc,task        ] GC(575) Using 113 workers of 113 for evacuation
[2025-10-15T15:15:31.294-0700][1251][debug][gc,remset      ] GC(575) Visited cards 37379840 Total dirty 100859904 (37.06%) Total old 410189824 (9.11%)
[2025-10-15T15:15:31.436-0700][1251][debug][gc,remset      ] GC(575) Visited cards 6968320 Total dirty 97320960 (7.16%) Total old 422379520 (1.65%)
[2025-10-15T15:15:31.466-0700][1251][info ][gc,phases      ] GC(575)   Pre Evacuate Collection Set: 0.8ms
[2025-10-15T15:15:31.466-0700][1251][info ][gc,phases      ] GC(575)   Merge Heap Roots: 18.9ms
[2025-10-15T15:15:31.466-0700][1251][info ][gc,phases      ] GC(575)   Evacuate Collection Set: 140.2ms
[2025-10-15T15:15:31.466-0700][1251][info ][gc,phases      ] GC(575)   Merge Optional Heap Roots: 1.4ms
[2025-10-15T15:15:31.466-0700][1251][info ][gc,phases      ] GC(575)   Evacuate Optional Collection Set: 4.8ms
[2025-10-15T15:15:31.466-0700][1251][info ][gc,phases      ] GC(575)   Post Evacuate Collection Set: 24.8ms
[2025-10-15T15:15:31.466-0700][1251][info ][gc,phases      ] GC(575)   Other: 0.3ms
[2025-10-15T15:15:31.466-0700][1251][debug][gc,remset      ] GC(575) Coarsening (recent): Inline->AoC 1128283 (573) AoC->Howl 1982 (1021) Howl->Full 0 (0) Inline->AoC 5654 (291) AoC->BitMap 1190 (450) BitMap->Full 0 (0)
[2025-10-15T15:15:31.466-0700][1251][debug][gc,remset      ] GC(575) Coarsening (all): Inline->AoC 308145391 (104746) AoC->Howl 1449949 (241119) Howl->Full 0 (0) Inline->AoC 6624375 (76752) AoC->BitMap 1266461 (210559) BitMap->Full 50 (0)
[2025-10-15T15:15:31.466-0700][1251][info ][gc,heap        ] GC(575) Eden regions: 2010->0(2185)
[2025-10-15T15:15:31.466-0700][1251][info ][gc,heap        ] GC(575) Survivor regions: 123->132(267)
[2025-10-15T15:15:31.466-0700][1251][info ][gc,heap        ] GC(575) Old regions: 1767->1507
[2025-10-15T15:15:31.466-0700][1251][info ][gc,heap        ] GC(575) Humongous regions: 0->0
[2025-10-15T15:15:31.466-0700][1251][info ][gc,metaspace   ] GC(575) Metaspace: 306202K(311936K)->306202K(311936K) NonClass: 270473K(273728K)->270473K(273728K) Class: 35729K(38208K)->35729K(38208K)
[2025-10-15T15:15:31.466-0700][1251][info ][gc             ] GC(575) Pause Young (Mixed) (G1 Evacuation Pause) 123906M->52081M(184320M) 191.362ms
[2025-10-15T15:15:31.467-0700][1251][info ][gc,cpu         ] GC(575) User=16.33s Sys=0.22s Real=0.19s
[2025-10-15T15:15:31.468-0700][1251][info ][safepoint      ] Safepoint "G1CollectForAllocation", Time since last: 2630965374 ns, Reaching safepoint: 9218606 ns, Cleanup: 5758 ns, At safepoint: 194962967 ns, Total: 204187331 ns
[2025-10-15T15:15:35.062-0700][1251][info ][gc,start       ] GC(576) Pause Young (Mixed) (G1 Evacuation Pause)
[2025-10-15T15:15:35.062-0700][1251][info ][gc,task        ] GC(576) Using 113 workers of 113 for evacuation
[2025-10-15T15:15:35.083-0700][1251][debug][gc,remset      ] GC(576) Visited cards 36259328 Total dirty 88080384 (41.17%) Total old 425918464 (8.51%)
[2025-10-15T15:15:35.273-0700][1251][info ][gc,mmu         ] GC(576) MMU target violated: 201.0ms (200.0ms/201.0ms)
[2025-10-15T15:15:35.274-0700][1251][info ][gc,phases      ] GC(576)   Pre Evacuate Collection Set: 0.9ms
[2025-10-15T15:15:35.274-0700][1251][info ][gc,phases      ] GC(576)   Merge Heap Roots: 19.9ms
[2025-10-15T15:15:35.274-0700][1251][info ][gc,phases      ] GC(576)   Evacuate Collection Set: 165.9ms
[2025-10-15T15:15:35.274-0700][1251][info ][gc,phases      ] GC(576)   Post Evacuate Collection Set: 24.6ms
[2025-10-15T15:15:35.274-0700][1251][info ][gc,phases      ] GC(576)   Other: 0.2ms
[2025-10-15T15:15:35.274-0700][1251][debug][gc,remset      ] GC(576) Coarsening (recent): Inline->AoC 1016277 (559) AoC->Howl 2336 (1232) Howl->Full 0 (0) Inline->AoC 6492 (361) AoC->BitMap 1485 (587) BitMap->Full 0 (0)
[2025-10-15T15:15:35.274-0700][1251][debug][gc,remset      ] GC(576) Coarsening (all): Inline->AoC 309161668 (105305) AoC->Howl 1452285 (242351) Howl->Full 0 (0) Inline->AoC 6630867 (77113) AoC->BitMap 1267946 (211146) BitMap->Full 50 (0)
[2025-10-15T15:15:35.274-0700][1251][info ][gc,heap        ] GC(576) Eden regions: 2283->0(1431)
[2025-10-15T15:15:35.274-0700][1251][info ][gc,heap        ] GC(576) Survivor regions: 132->170(302)
[2025-10-15T15:15:35.274-0700][1251][info ][gc,heap        ] GC(576) Old regions: 1507->1354
[2025-10-15T15:15:35.274-0700][1251][info ][gc,heap        ] GC(576) Humongous regions: 0->0
[2025-10-15T15:15:35.274-0700][1251][info ][gc,metaspace   ] GC(576) Metaspace: 306202K(311936K)->306202K(311936K) NonClass: 270473K(273728K)->270473K(273728K) Class: 35729K(38208K)->35729K(38208K)
[2025-10-15T15:15:35.274-0700][1251][info ][gc             ] GC(576) Pause Young (Mixed) (G1 Evacuation Pause) 125137M->48561M(184320M) 211.668ms
[2025-10-15T15:15:35.275-0700][1251][info ][gc,cpu         ] GC(576) User=19.14s Sys=0.12s Real=0.21s
[2025-10-15T15:15:35.276-0700][1251][info ][safepoint      ] Safepoint "G1CollectForAllocation", Time since last: 3587974491 ns, Reaching safepoint: 4372766 ns, Cleanup: 5909 ns, At safepoint: 215214825 ns, Total: 219593500 ns
[2025-10-15T15:15:36.277-0700][1251][info ][safepoint      ] Safepoint "Cleanup", Time since last: 1000087998 ns, Reaching safepoint: 917955 ns, Cleanup: 11357 ns, At safepoint: 254143 ns, Total: 1183455 ns
[2025-10-15T15:15:38.508-0700][1251][info ][gc,start       ] GC(577) Pause Young (Mixed) (G1 Evacuation Pause)
[2025-10-15T15:15:38.508-0700][1251][info ][gc,task        ] GC(577) Using 113 workers of 113 for evacuation
[2025-10-15T15:15:38.527-0700][1251][debug][gc,remset      ] GC(577) Visited cards 34848768 Total dirty 78053376 (44.65%) Total old 363462656 (9.59%)
[2025-10-15T15:15:38.706-0700][1251][info ][gc,phases      ] GC(577)   Pre Evacuate Collection Set: 0.9ms
[2025-10-15T15:15:38.706-0700][1251][info ][gc,phases      ] GC(577)   Merge Heap Roots: 17.2ms
[2025-10-15T15:15:38.706-0700][1251][info ][gc,phases      ] GC(577)   Evacuate Collection Set: 158.5ms
[2025-10-15T15:15:38.706-0700][1251][info ][gc,phases      ] GC(577)   Post Evacuate Collection Set: 20.5ms
[2025-10-15T15:15:38.706-0700][1251][info ][gc,phases      ] GC(577)   Other: 0.2ms
[2025-10-15T15:15:38.706-0700][1251][debug][gc,remset      ] GC(577) Coarsening (recent): Inline->AoC 972886 (601) AoC->Howl 2879 (1517) Howl->Full 0 (0) Inline->AoC 7635 (552) AoC->BitMap 2057 (828) BitMap->Full 0 (0)
[2025-10-15T15:15:38.706-0700][1251][debug][gc,remset      ] GC(577) Coarsening (all): Inline->AoC 310134554 (105906) AoC->Howl 1455164 (243868) Howl->Full 0 (0) Inline->AoC 6638502 (77665) AoC->BitMap 1270003 (211974) BitMap->Full 50 (0)
[2025-10-15T15:15:38.706-0700][1251][info ][gc,heap        ] GC(577) Eden regions: 1845->0(1680)
[2025-10-15T15:15:38.706-0700][1251][info ][gc,heap        ] GC(577) Survivor regions: 170->120(252)
[2025-10-15T15:15:38.706-0700][1251][info ][gc,heap        ] GC(577) Old regions: 1354->1258
[2025-10-15T15:15:38.706-0700][1251][info ][gc,heap        ] GC(577) Humongous regions: 0->0
[2025-10-15T15:15:38.706-0700][1251][info ][gc,metaspace   ] GC(577) Metaspace: 306222K(311936K)->306222K(311936K) NonClass: 270493K(273728K)->270493K(273728K) Class: 35729K(38208K)->35729K(38208K)
[2025-10-15T15:15:38.706-0700][1251][info ][gc             ] GC(577) Pause Young (Mixed) (G1 Evacuation Pause) 107601M->43927M(184320M) 197.487ms
[2025-10-15T15:15:38.707-0700][1251][info ][gc,cpu         ] GC(577) User=18.04s Sys=0.20s Real=0.19s
[2025-10-15T15:15:38.708-0700][1251][info ][safepoint      ] Safepoint "G1CollectForAllocation", Time since last: 2228194625 ns, Reaching safepoint: 1677380 ns, Cleanup: 5578 ns, At safepoint: 201136690 ns, Total: 202819648 ns
[2025-10-15T15:15:42.290-0700][1251][info ][gc,start       ] GC(578) Pause Young (Mixed) (G1 Evacuation Pause)
[2025-10-15T15:15:42.290-0700][1251][info ][gc,task        ] GC(578) Using 113 workers of 113 for evacuation
[2025-10-15T15:15:42.310-0700][1251][debug][gc,remset      ] GC(578) Visited cards 35525888 Total dirty 71827456 (49.46%) Total old 374996992 (9.47%)
[2025-10-15T15:15:42.495-0700][1251][info ][gc,mmu         ] GC(578) MMU target violated: 201.0ms (200.0ms/201.0ms)
[2025-10-15T15:15:42.495-0700][1251][info ][gc,phases      ] GC(578)   Pre Evacuate Collection Set: 0.8ms
[2025-10-15T15:15:42.495-0700][1251][info ][gc,phases      ] GC(578)   Merge Heap Roots: 19.4ms
[2025-10-15T15:15:42.495-0700][1251][info ][gc,phases      ] GC(578)   Evacuate Collection Set: 164.3ms
[2025-10-15T15:15:42.495-0700][1251][info ][gc,phases      ] GC(578)   Post Evacuate Collection Set: 20.8ms
[2025-10-15T15:15:42.495-0700][1251][info ][gc,phases      ] GC(578)   Other: 0.2ms
[2025-10-15T15:15:42.495-0700][1251][debug][gc,remset      ] GC(578) Coarsening (recent): Inline->AoC 929746 (673) AoC->Howl 1835 (927) Howl->Full 0 (0) Inline->AoC 5361 (282) AoC->BitMap 1071 (407) BitMap->Full 0 (0)
[2025-10-15T15:15:42.495-0700][1251][debug][gc,remset      ] GC(578) Coarsening (all): Inline->AoC 311064300 (106579) AoC->Howl 1456999 (244795) Howl->Full 0 (0) Inline->AoC 6643863 (77947) AoC->BitMap 1271074 (212381) BitMap->Full 50 (0)
[2025-10-15T15:15:42.495-0700][1251][info ][gc,heap        ] GC(578) Eden regions: 2031->0(1096)
[2025-10-15T15:15:42.495-0700][1251][info ][gc,heap        ] GC(578) Survivor regions: 120->134(269)
[2025-10-15T15:15:42.495-0700][1251][info ][gc,heap        ] GC(578) Old regions: 1258->1121
[2025-10-15T15:15:42.495-0700][1251][info ][gc,heap        ] GC(578) Humongous regions: 0->0
[2025-10-15T15:15:42.495-0700][1251][info ][gc,metaspace   ] GC(578) Metaspace: 306222K(311936K)->306222K(311936K) NonClass: 270493K(273728K)->270493K(273728K) Class: 35729K(38208K)->35729K(38208K)
[2025-10-15T15:15:42.495-0700][1251][info ][gc             ] GC(578) Pause Young (Mixed) (G1 Evacuation Pause) 108919M->40010M(184320M) 205.716ms
[2025-10-15T15:15:42.496-0700][1251][info ][gc,cpu         ] GC(578) User=17.18s Sys=0.17s Real=0.20s
[2025-10-15T15:15:42.497-0700][1251][info ][safepoint      ] Safepoint "G1CollectForAllocation", Time since last: 3578154257 ns, Reaching safepoint: 2221992 ns, Cleanup: 5218 ns, At safepoint: 208607148 ns, Total: 210834358 ns
[2025-10-15T15:15:45.313-0700][1251][info ][gc,start       ] GC(579) Pause Young (Mixed) (G1 Evacuation Pause)
[2025-10-15T15:15:45.313-0700][1251][info ][gc,task        ] GC(579) Using 113 workers of 113 for evacuation
[2025-10-15T15:15:45.336-0700][1251][debug][gc,remset      ] GC(579) Visited cards 33148416 Total dirty 62849024 (52.74%) Total old 348323840 (9.52%)
[2025-10-15T15:15:45.570-0700][1251][info ][gc,mmu         ] GC(579) MMU target violated: 201.0ms (200.0ms/201.0ms)
[2025-10-15T15:15:45.570-0700][1251][info ][gc,phases      ] GC(579)   Pre Evacuate Collection Set: 0.8ms
[2025-10-15T15:15:45.570-0700][1251][info ][gc,phases      ] GC(579)   Merge Heap Roots: 22.1ms
[2025-10-15T15:15:45.570-0700][1251][info ][gc,phases      ] GC(579)   Evacuate Collection Set: 214.6ms
[2025-10-15T15:15:45.570-0700][1251][info ][gc,phases      ] GC(579)   Post Evacuate Collection Set: 19.5ms
[2025-10-15T15:15:45.570-0700][1251][info ][gc,phases      ] GC(579)   Other: 0.2ms
[2025-10-15T15:15:45.570-0700][1251][debug][gc,remset      ] GC(579) Coarsening (recent): Inline->AoC 599994 (638) AoC->Howl 1745 (768) Howl->Full 0 (0) Inline->AoC 5531 (233) AoC->BitMap 931 (312) BitMap->Full 0 (0)
[2025-10-15T15:15:45.570-0700][1251][debug][gc,remset      ] GC(579) Coarsening (all): Inline->AoC 311664294 (107217) AoC->Howl 1458744 (245563) Howl->Full 0 (0) Inline->AoC 6649394 (78180) AoC->BitMap 1272005 (212693) BitMap->Full 50 (0)
[2025-10-15T15:15:45.570-0700][1251][info ][gc,heap        ] GC(579) Eden regions: 1882->0(1909)
[2025-10-15T15:15:45.570-0700][1251][info ][gc,heap        ] GC(579) Survivor regions: 134->181(252)
[2025-10-15T15:15:45.570-0700][1251][info ][gc,heap        ] GC(579) Old regions: 1121->995
[2025-10-15T15:15:45.570-0700][1251][info ][gc,heap        ] GC(579) Humongous regions: 0->0
[2025-10-15T15:15:45.570-0700][1251][info ][gc,metaspace   ] GC(579) Metaspace: 306222K(311936K)->306222K(311936K) NonClass: 270493K(273728K)->270493K(273728K) Class: 35729K(38208K)->35729K(38208K)
[2025-10-15T15:15:45.570-0700][1251][info ][gc             ] GC(579) Pause Young (Mixed) (G1 Evacuation Pause) 100234M->37483M(184320M) 257.314ms
[2025-10-15T15:15:45.571-0700][1251][info ][gc,cpu         ] GC(579) User=21.02s Sys=0.15s Real=0.26s
[2025-10-15T15:15:45.572-0700][1251][info ][safepoint      ] Safepoint "G1CollectForAllocation", Time since last: 2804668893 ns, Reaching safepoint: 9922457 ns, Cleanup: 5759 ns, At safepoint: 260631914 ns, Total: 270560130 ns
[2025-10-15T15:15:47.573-0700][1251][info ][safepoint      ] Safepoint "Cleanup", Time since last: 2000146551 ns, Reaching safepoint: 731243 ns, Cleanup: 22974 ns, At safepoint: 213222 ns, Total: 967439 ns
[2025-10-15T15:15:49.413-0700][1251][info ][gc,start       ] GC(580) Pause Young (Mixed) (G1 Evacuation Pause)
[2025-10-15T15:15:49.413-0700][1251][info ][gc,task        ] GC(580) Using 113 workers of 113 for evacuation
[2025-10-15T15:15:49.432-0700][1251][debug][gc,remset      ] GC(580) Visited cards 26703616 Total dirty 64487424 (41.41%) Total old 376438784 (7.09%)
[2025-10-15T15:15:49.607-0700][1251][info ][gc,phases      ] GC(580)   Pre Evacuate Collection Set: 0.8ms
[2025-10-15T15:15:49.607-0700][1251][info ][gc,phases      ] GC(580)   Merge Heap Roots: 17.5ms
[2025-10-15T15:15:49.607-0700][1251][info ][gc,phases      ] GC(580)   Evacuate Collection Set: 155.3ms
[2025-10-15T15:15:49.607-0700][1251][info ][gc,phases      ] GC(580)   Post Evacuate Collection Set: 19.5ms
[2025-10-15T15:15:49.607-0700][1251][info ][gc,phases      ] GC(580)   Other: 0.2ms
[2025-10-15T15:15:49.607-0700][1251][debug][gc,remset      ] GC(580) Coarsening (recent): Inline->AoC 995163 (682) AoC->Howl 2382 (1221) Howl->Full 0 (0) Inline->AoC 5958 (439) AoC->BitMap 1638 (639) BitMap->Full 0 (0)
[2025-10-15T15:15:49.607-0700][1251][debug][gc,remset      ] GC(580) Coarsening (all): Inline->AoC 312659457 (107899) AoC->Howl 1461126 (246784) Howl->Full 0 (0) Inline->AoC 6655352 (78619) AoC->BitMap 1273643 (213332) BitMap->Full 50 (0)
[2025-10-15T15:15:49.607-0700][1251][info ][gc,heap        ] GC(580) Eden regions: 2189->0(2478)
[2025-10-15T15:15:49.607-0700][1251][info ][gc,heap        ] GC(580) Survivor regions: 181->164(297)
[2025-10-15T15:15:49.607-0700][1251][info ][gc,heap        ] GC(580) Old regions: 995->1002
[2025-10-15T15:15:49.607-0700][1251][info ][gc,heap        ] GC(580) Humongous regions: 0->0
[2025-10-15T15:15:49.607-0700][1251][info ][gc,metaspace   ] GC(580) Metaspace: 306224K(311936K)->306224K(311936K) NonClass: 270495K(273728K)->270495K(273728K) Class: 35729K(38208K)->35729K(38208K)
[2025-10-15T15:15:49.607-0700][1251][info ][gc             ] GC(580) Pause Young (Mixed) (G1 Evacuation Pause) 107531M->37193M(184320M) 193.444ms
[2025-10-15T15:15:49.608-0700][1251][info ][gc,cpu         ] GC(580) User=17.80s Sys=0.10s Real=0.19s
[2025-10-15T15:15:49.609-0700][1251][info ][safepoint      ] Safepoint "G1CollectForAllocation", Time since last: 1836514184 ns, Reaching safepoint: 2013057 ns, Cleanup: 7892 ns, At safepoint: 196824044 ns, Total: 198844993 ns
[2025-10-15T15:15:50.610-0700][1251][info ][safepoint      ] Safepoint "Cleanup", Time since last: 1000083170 ns, Reaching safepoint: 932377 ns, Cleanup: 12298 ns, At safepoint: 322357 ns, Total: 1267032 ns
[2025-10-15T15:15:51.612-0700][1251][info ][safepoint      ] Safepoint "Cleanup", Time since last: 1000092424 ns, Reaching safepoint: 893187 ns, Cleanup: 14212 ns, At safepoint: 354184 ns, Total: 1261583 ns
[2025-10-15T15:15:53.617-0700][1251][info ][safepoint      ] Safepoint "Cleanup", Time since last: 2001200781 ns, Reaching safepoint: 1450789 ns, Cleanup: 10976 ns, At safepoint: 2422985 ns, Total: 3884750 ns
[2025-10-15T15:15:54.024-0700][1251][info ][gc,start       ] GC(581) Pause Young (Normal) (G1 Evacuation Pause)
[2025-10-15T15:15:54.025-0700][1251][info ][gc,task        ] GC(581) Using 113 workers of 113 for evacuation
[2025-10-15T15:15:54.043-0700][1251][debug][gc,remset      ] GC(581) Visited cards 25796096 Total dirty 65536000 (39.36%) Total old 418512896 (6.16%)
[2025-10-15T15:15:54.214-0700][1251][info ][gc,phases      ] GC(581)   Pre Evacuate Collection Set: 0.7ms
[2025-10-15T15:15:54.214-0700][1251][info ][gc,phases      ] GC(581)   Merge Heap Roots: 17.7ms
[2025-10-15T15:15:54.214-0700][1251][info ][gc,phases      ] GC(581)   Evacuate Collection Set: 150.1ms
[2025-10-15T15:15:54.214-0700][1251][info ][gc,phases      ] GC(581)   Post Evacuate Collection Set: 20.6ms
[2025-10-15T15:15:54.214-0700][1251][info ][gc,phases      ] GC(581)   Other: 0.2ms
[2025-10-15T15:15:54.214-0700][1251][debug][gc,remset      ] GC(581) Coarsening (recent): Inline->AoC 976023 (489) AoC->Howl 2343 (1166) Howl->Full 0 (0) Inline->AoC 6560 (383) AoC->BitMap 2293 (996) BitMap->Full 0 (0)
[2025-10-15T15:15:54.214-0700][1251][debug][gc,remset      ] GC(581) Coarsening (all): Inline->AoC 313635480 (108388) AoC->Howl 1463469 (247950) Howl->Full 0 (0) Inline->AoC 6661912 (79002) AoC->BitMap 1275936 (214328) BitMap->Full 50 (0)
[2025-10-15T15:15:54.214-0700][1251][info ][gc,heap        ] GC(581) Eden regions: 2528->0(2781)
[2025-10-15T15:15:54.214-0700][1251][info ][gc,heap        ] GC(581) Survivor regions: 164->170(337)
[2025-10-15T15:15:54.214-0700][1251][info ][gc,heap        ] GC(581) Old regions: 1002->1002
[2025-10-15T15:15:54.214-0700][1251][info ][gc,heap        ] GC(581) Humongous regions: 0->0
[2025-10-15T15:15:54.214-0700][1251][info ][gc,metaspace   ] GC(581) Metaspace: 306224K(311936K)->306224K(311936K) NonClass: 270495K(273728K)->270495K(273728K) Class: 35729K(38208K)->35729K(38208K)
[2025-10-15T15:15:54.214-0700][1251][info ][gc             ] GC(581) Pause Young (Normal) (G1 Evacuation Pause) 118089M->37385M(184320M) 189.430ms
[2025-10-15T15:15:54.215-0700][1251][info ][gc,cpu         ] GC(581) User=17.36s Sys=0.17s Real=0.19s
[2025-10-15T15:15:54.216-0700][1251][info ][safepoint      ] Safepoint "G1CollectForAllocation", Time since last: 405237631 ns, Reaching safepoint: 1449486 ns, Cleanup: 4577 ns, At safepoint: 193000427 ns, Total: 194454490 ns
[2025-10-15T15:15:55.218-0700][1251][info ][safepoint      ] Safepoint "Cleanup", Time since last: 1000088839 ns, Reaching safepoint: 971315 ns, Cleanup: 9805 ns, At safepoint: 279211 ns, Total: 1260331 ns
[2025-10-15T15:15:58.421-0700][1251][info ][gc,start       ] GC(582) Pause Young (Normal) (G1 Evacuation Pause)
[2025-10-15T15:15:58.422-0700][1251][info ][gc,task        ] GC(582) Using 113 workers of 113 for evacuation
[2025-10-15T15:15:58.440-0700][1251][debug][gc,remset      ] GC(582) Visited cards 25808128 Total dirty 65536000 (39.38%) Total old 425721856 (6.06%)
[2025-10-15T15:15:58.612-0700][1251][info ][gc,phases      ] GC(582)   Pre Evacuate Collection Set: 0.7ms
[2025-10-15T15:15:58.612-0700][1251][info ][gc,phases      ] GC(582)   Merge Heap Roots: 18.1ms
[2025-10-15T15:15:58.612-0700][1251][info ][gc,phases      ] GC(582)   Evacuate Collection Set: 152.2ms
[2025-10-15T15:15:58.612-0700][1251][info ][gc,phases      ] GC(582)   Post Evacuate Collection Set: 19.7ms
[2025-10-15T15:15:58.613-0700][1251][info ][gc,phases      ] GC(582)   Other: 0.2ms
[2025-10-15T15:15:58.613-0700][1251][debug][gc,remset      ] GC(582) Coarsening (recent): Inline->AoC 1116059 (589) AoC->Howl 2171 (1002) Howl->Full 0 (0) Inline->AoC 6466 (346) AoC->BitMap 1767 (673) BitMap->Full 0 (0)
[2025-10-15T15:15:58.613-0700][1251][debug][gc,remset      ] GC(582) Coarsening (all): Inline->AoC 314751539 (108977) AoC->Howl 1465640 (248952) Howl->Full 0 (0) Inline->AoC 6668378 (79348) AoC->BitMap 1277703 (215001) BitMap->Full 50 (0)
[2025-10-15T15:15:58.613-0700][1251][info ][gc,heap        ] GC(582) Eden regions: 2577->0(2866)
[2025-10-15T15:15:58.613-0700][1251][info ][gc,heap        ] GC(582) Survivor regions: 170->173(344)
[2025-10-15T15:15:58.613-0700][1251][info ][gc,heap        ] GC(582) Old regions: 1002->1002
